[2024-09-25T13:11:26.196-0700][104ms] Heap region size: 2M
[2024-09-25T13:11:26.204-0700][112ms] Using G1
[2024-09-25T13:11:26.204-0700][112ms] Heap address: 0x000000060ae00000, size: 8018 MB, Compressed Oops mode: Zero based, Oop shift amount: 3
[2024-09-25T13:11:31.228-0700][5136ms] GC(0) Pause Young (Normal) (G1 Evacuation Pause)
[2024-09-25T13:11:31.228-0700][5136ms] GC(0) Using 10 workers of 10 for evacuation
[2024-09-25T13:11:31.231-0700][5139ms] GC(0)   Pre Evacuate Collection Set: 0.0ms
[2024-09-25T13:11:31.231-0700][5139ms] GC(0)   Evacuate Collection Set: 2.1ms
[2024-09-25T13:11:31.231-0700][5139ms] GC(0)   Post Evacuate Collection Set: 0.4ms
[2024-09-25T13:11:31.231-0700][5139ms] GC(0)   Other: 0.4ms
[2024-09-25T13:11:31.231-0700][5139ms] GC(0) Eden regions: 12->0(148)
[2024-09-25T13:11:31.231-0700][5139ms] GC(0) Survivor regions: 0->2(2)
[2024-09-25T13:11:31.231-0700][5139ms] GC(0) Old regions: 0->0
[2024-09-25T13:11:31.231-0700][5139ms] GC(0) Humongous regions: 0->0
[2024-09-25T13:11:31.231-0700][5139ms] GC(0) Metaspace: 11912K->11912K(1060864K)
[2024-09-25T13:11:31.231-0700][5139ms] GC(0) Pause Young (Normal) (G1 Evacuation Pause) 23M->3M(502M) 3.127ms
[2024-09-25T13:11:31.231-0700][5139ms] GC(0) User=0.00s Sys=0.00s Real=0.00s
[2024-09-25T13:11:33.054-0700][6962ms] GC(1) Pause Young (Concurrent Start) (Metadata GC Threshold)
[2024-09-25T13:11:33.054-0700][6962ms] GC(1) Using 10 workers of 10 for evacuation
[2024-09-25T13:11:33.062-0700][6970ms] GC(1)   Pre Evacuate Collection Set: 0.0ms
[2024-09-25T13:11:33.062-0700][6970ms] GC(1)   Evacuate Collection Set: 7.6ms
[2024-09-25T13:11:33.062-0700][6970ms] GC(1)   Post Evacuate Collection Set: 0.7ms
[2024-09-25T13:11:33.062-0700][6970ms] GC(1)   Other: 0.2ms
[2024-09-25T13:11:33.062-0700][6970ms] GC(1) Eden regions: 17->0(23)
[2024-09-25T13:11:33.062-0700][6970ms] GC(1) Survivor regions: 2->5(19)
[2024-09-25T13:11:33.062-0700][6970ms] GC(1) Old regions: 0->0
[2024-09-25T13:11:33.062-0700][6970ms] GC(1) Humongous regions: 0->0
[2024-09-25T13:11:33.062-0700][6970ms] GC(1) Metaspace: 20008K->20008K(1069056K)
[2024-09-25T13:11:33.062-0700][6970ms] GC(1) Pause Young (Concurrent Start) (Metadata GC Threshold) 37M->8M(502M) 8.620ms
[2024-09-25T13:11:33.062-0700][6970ms] GC(1) User=0.00s Sys=0.00s Real=0.01s
[2024-09-25T13:11:33.062-0700][6970ms] GC(2) Concurrent Cycle
[2024-09-25T13:11:33.062-0700][6970ms] GC(2) Concurrent Clear Claimed Marks
[2024-09-25T13:11:33.062-0700][6970ms] GC(2) Concurrent Clear Claimed Marks 0.015ms
[2024-09-25T13:11:33.062-0700][6970ms] GC(2) Concurrent Scan Root Regions
[2024-09-25T13:11:33.064-0700][6972ms] GC(2) Concurrent Scan Root Regions 2.462ms
[2024-09-25T13:11:33.064-0700][6972ms] GC(2) Concurrent Mark (6.973s)
[2024-09-25T13:11:33.064-0700][6972ms] GC(2) Concurrent Mark From Roots
[2024-09-25T13:11:33.064-0700][6972ms] GC(2) Using 3 workers of 3 for marking
[2024-09-25T13:11:33.066-0700][6974ms] GC(2) Concurrent Mark From Roots 0.318ms
[2024-09-25T13:11:33.066-0700][6974ms] GC(2) Concurrent Preclean
[2024-09-25T13:11:33.066-0700][6974ms] GC(2) Concurrent Preclean 0.068ms
[2024-09-25T13:11:33.066-0700][6974ms] GC(2) Concurrent Mark (6.973s, 6.973s) 0.431ms
[2024-09-25T13:11:33.066-0700][6974ms] GC(2) Pause Remark
[2024-09-25T13:11:33.067-0700][6975ms] GC(2) Cleaned string and symbol table, strings: 10536 processed, 0 removed, symbols: 65845 processed, 33 removed
[2024-09-25T13:11:33.067-0700][6975ms] GC(2) Pause Remark 8M->8M(502M) 1.274ms
[2024-09-25T13:11:33.067-0700][6975ms] GC(2) User=0.00s Sys=0.00s Real=0.00s
[2024-09-25T13:11:33.067-0700][6975ms] GC(2) Concurrent Rebuild Remembered Sets
[2024-09-25T13:11:33.067-0700][6975ms] GC(2) Concurrent Rebuild Remembered Sets 0.054ms
[2024-09-25T13:11:33.067-0700][6975ms] GC(2) Pause Cleanup
[2024-09-25T13:11:33.067-0700][6975ms] GC(2) Pause Cleanup 8M->8M(502M) 0.058ms
[2024-09-25T13:11:33.067-0700][6975ms] GC(2) User=0.00s Sys=0.00s Real=0.00s
[2024-09-25T13:11:33.067-0700][6975ms] GC(2) Concurrent Cleanup for Next Mark
[2024-09-25T13:11:33.068-0700][6976ms] GC(2) Concurrent Cleanup for Next Mark 0.454ms
[2024-09-25T13:11:33.068-0700][6976ms] GC(2) Concurrent Cycle 5.146ms
[2024-09-25T13:11:33.955-0700][7863ms] GC(3) Pause Young (Normal) (G1 Evacuation Pause)
[2024-09-25T13:11:33.955-0700][7863ms] GC(3) Using 10 workers of 10 for evacuation
[2024-09-25T13:11:33.963-0700][7871ms] GC(3)   Pre Evacuate Collection Set: 0.0ms
[2024-09-25T13:11:33.963-0700][7871ms] GC(3)   Evacuate Collection Set: 6.6ms
[2024-09-25T13:11:33.963-0700][7871ms] GC(3)   Post Evacuate Collection Set: 1.5ms
[2024-09-25T13:11:33.963-0700][7871ms] GC(3)   Other: 0.2ms
[2024-09-25T13:11:33.963-0700][7871ms] GC(3) Eden regions: 23->0(108)
[2024-09-25T13:11:33.963-0700][7871ms] GC(3) Survivor regions: 5->3(4)
[2024-09-25T13:11:33.963-0700][7871ms] GC(3) Old regions: 0->4
[2024-09-25T13:11:33.963-0700][7871ms] GC(3) Humongous regions: 0->0
[2024-09-25T13:11:33.963-0700][7871ms] GC(3) Metaspace: 27512K->27512K(1075200K)
[2024-09-25T13:11:33.963-0700][7871ms] GC(3) Pause Young (Normal) (G1 Evacuation Pause) 54M->13M(502M) 8.463ms
[2024-09-25T13:11:33.963-0700][7871ms] GC(3) User=0.16s Sys=0.02s Real=0.01s
[2024-09-25T13:11:35.663-0700][9571ms] GC(4) Pause Young (Concurrent Start) (Metadata GC Threshold)
[2024-09-25T13:11:35.663-0700][9571ms] GC(4) Using 10 workers of 10 for evacuation
[2024-09-25T13:11:35.669-0700][9577ms] GC(4)   Pre Evacuate Collection Set: 0.1ms
[2024-09-25T13:11:35.669-0700][9577ms] GC(4)   Evacuate Collection Set: 4.0ms
[2024-09-25T13:11:35.669-0700][9577ms] GC(4)   Post Evacuate Collection Set: 1.2ms
[2024-09-25T13:11:35.669-0700][9577ms] GC(4)   Other: 0.2ms
[2024-09-25T13:11:35.669-0700][9577ms] GC(4) Eden regions: 66->0(76)
[2024-09-25T13:11:35.669-0700][9577ms] GC(4) Survivor regions: 3->7(14)
[2024-09-25T13:11:35.669-0700][9577ms] GC(4) Old regions: 4->4
[2024-09-25T13:11:35.669-0700][9577ms] GC(4) Humongous regions: 0->0
[2024-09-25T13:11:35.669-0700][9577ms] GC(4) Metaspace: 32096K->32096K(1081344K)
[2024-09-25T13:11:35.669-0700][9577ms] GC(4) Pause Young (Concurrent Start) (Metadata GC Threshold) 145M->20M(502M) 5.616ms
[2024-09-25T13:11:35.669-0700][9577ms] GC(4) User=0.02s Sys=0.00s Real=0.01s
[2024-09-25T13:11:35.669-0700][9577ms] GC(5) Concurrent Cycle
[2024-09-25T13:11:35.669-0700][9577ms] GC(5) Concurrent Clear Claimed Marks
[2024-09-25T13:11:35.669-0700][9577ms] GC(5) Concurrent Clear Claimed Marks 0.020ms
[2024-09-25T13:11:35.669-0700][9577ms] GC(5) Concurrent Scan Root Regions
[2024-09-25T13:11:35.672-0700][9580ms] GC(5) Concurrent Scan Root Regions 2.284ms
[2024-09-25T13:11:35.672-0700][9580ms] GC(5) Concurrent Mark (9.580s)
[2024-09-25T13:11:35.672-0700][9580ms] GC(5) Concurrent Mark From Roots
[2024-09-25T13:11:35.672-0700][9580ms] GC(5) Using 3 workers of 3 for marking
[2024-09-25T13:11:35.676-0700][9584ms] GC(5) Concurrent Mark From Roots 4.141ms
[2024-09-25T13:11:35.676-0700][9584ms] GC(5) Concurrent Preclean
[2024-09-25T13:11:35.676-0700][9584ms] GC(5) Concurrent Preclean 0.108ms
[2024-09-25T13:11:35.676-0700][9584ms] GC(5) Concurrent Mark (9.580s, 9.584s) 4.309ms
[2024-09-25T13:11:35.676-0700][9584ms] GC(5) Pause Remark
[2024-09-25T13:11:35.678-0700][9586ms] GC(5) Cleaned string and symbol table, strings: 15705 processed, 17 removed, symbols: 97842 processed, 31 removed
[2024-09-25T13:11:35.678-0700][9586ms] GC(5) Pause Remark 20M->20M(502M) 2.396ms
[2024-09-25T13:11:35.678-0700][9586ms] GC(5) User=0.00s Sys=0.00s Real=0.00s
[2024-09-25T13:11:35.678-0700][9586ms] GC(5) Concurrent Rebuild Remembered Sets
[2024-09-25T13:11:35.681-0700][9589ms] GC(5) Concurrent Rebuild Remembered Sets 2.144ms
[2024-09-25T13:11:35.681-0700][9589ms] GC(5) Pause Cleanup
[2024-09-25T13:11:35.681-0700][9589ms] GC(5) Pause Cleanup 20M->20M(502M) 0.073ms
[2024-09-25T13:11:35.681-0700][9589ms] GC(5) User=0.00s Sys=0.00s Real=0.00s
[2024-09-25T13:11:35.681-0700][9589ms] GC(5) Concurrent Cleanup for Next Mark
[2024-09-25T13:11:35.681-0700][9589ms] GC(5) Concurrent Cleanup for Next Mark 0.370ms
[2024-09-25T13:11:35.681-0700][9589ms] GC(5) Concurrent Cycle 12.086ms
[2024-09-25T13:11:37.918-0700][11826ms] GC(6) Pause Young (Normal) (G1 Evacuation Pause)
[2024-09-25T13:11:37.918-0700][11827ms] GC(6) Using 10 workers of 10 for evacuation
[2024-09-25T13:11:37.929-0700][11837ms] GC(6)   Pre Evacuate Collection Set: 0.0ms
[2024-09-25T13:11:37.929-0700][11837ms] GC(6)   Evacuate Collection Set: 8.3ms
[2024-09-25T13:11:37.929-0700][11837ms] GC(6)   Post Evacuate Collection Set: 1.5ms
[2024-09-25T13:11:37.929-0700][11837ms] GC(6)   Other: 0.4ms
[2024-09-25T13:11:37.929-0700][11837ms] GC(6) Eden regions: 74->0(139)
[2024-09-25T13:11:37.929-0700][11837ms] GC(6) Survivor regions: 7->11(11)
[2024-09-25T13:11:37.929-0700][11837ms] GC(6) Old regions: 4->6
[2024-09-25T13:11:37.929-0700][11837ms] GC(6) Humongous regions: 0->0
[2024-09-25T13:11:37.929-0700][11837ms] GC(6) Metaspace: 50108K->50108K(1097728K)
[2024-09-25T13:11:37.929-0700][11837ms] GC(6) Pause Young (Normal) (G1 Evacuation Pause) 168M->31M(502M) 10.251ms
[2024-09-25T13:11:37.929-0700][11837ms] GC(6) User=0.05s Sys=0.00s Real=0.01s
[2024-09-25T13:11:38.079-0700][11987ms] GC(7) Pause Young (Concurrent Start) (Metadata GC Threshold)
[2024-09-25T13:11:38.079-0700][11987ms] GC(7) Using 10 workers of 10 for evacuation
[2024-09-25T13:11:38.092-0700][12000ms] GC(7)   Pre Evacuate Collection Set: 0.1ms
[2024-09-25T13:11:38.092-0700][12000ms] GC(7)   Evacuate Collection Set: 11.6ms
[2024-09-25T13:11:38.092-0700][12000ms] GC(7)   Post Evacuate Collection Set: 1.7ms
[2024-09-25T13:11:38.092-0700][12000ms] GC(7)   Other: 0.4ms
[2024-09-25T13:11:38.092-0700][12000ms] GC(7) Eden regions: 19->0(143)
[2024-09-25T13:11:38.093-0700][12001ms] GC(7) Survivor regions: 11->7(19)
[2024-09-25T13:11:38.093-0700][12001ms] GC(7) Old regions: 6->10
[2024-09-25T13:11:38.093-0700][12001ms] GC(7) Humongous regions: 0->0
[2024-09-25T13:11:38.093-0700][12001ms] GC(7) Metaspace: 53227K->53227K(1101824K)
[2024-09-25T13:11:38.093-0700][12001ms] GC(7) Pause Young (Concurrent Start) (Metadata GC Threshold) 69M->33M(502M) 13.996ms
[2024-09-25T13:11:38.093-0700][12001ms] GC(7) User=0.05s Sys=0.00s Real=0.01s
[2024-09-25T13:11:38.093-0700][12001ms] GC(8) Concurrent Cycle
[2024-09-25T13:11:38.093-0700][12001ms] GC(8) Concurrent Clear Claimed Marks
[2024-09-25T13:11:38.093-0700][12001ms] GC(8) Concurrent Clear Claimed Marks 0.099ms
[2024-09-25T13:11:38.093-0700][12001ms] GC(8) Concurrent Scan Root Regions
[2024-09-25T13:11:38.097-0700][12005ms] GC(8) Concurrent Scan Root Regions 4.448ms
[2024-09-25T13:11:38.097-0700][12005ms] GC(8) Concurrent Mark (12.005s)
[2024-09-25T13:11:38.097-0700][12005ms] GC(8) Concurrent Mark From Roots
[2024-09-25T13:11:38.097-0700][12005ms] GC(8) Using 3 workers of 3 for marking
[2024-09-25T13:11:38.110-0700][12018ms] GC(8) Concurrent Mark From Roots 12.828ms
[2024-09-25T13:11:38.110-0700][12018ms] GC(8) Concurrent Preclean
[2024-09-25T13:11:38.110-0700][12018ms] GC(8) Concurrent Preclean 0.353ms
[2024-09-25T13:11:38.110-0700][12018ms] GC(8) Concurrent Mark (12.005s, 12.018s) 13.302ms
[2024-09-25T13:11:38.113-0700][12021ms] GC(8) Pause Remark
[2024-09-25T13:11:38.117-0700][12025ms] GC(8) Cleaned string and symbol table, strings: 26016 processed, 4 removed, symbols: 154402 processed, 135 removed
[2024-09-25T13:11:38.118-0700][12026ms] GC(8) Pause Remark 36M->36M(502M) 4.678ms
[2024-09-25T13:11:38.118-0700][12026ms] GC(8) User=0.00s Sys=0.00s Real=0.01s
[2024-09-25T13:11:38.118-0700][12026ms] GC(8) Concurrent Rebuild Remembered Sets
[2024-09-25T13:11:38.125-0700][12033ms] GC(8) Concurrent Rebuild Remembered Sets 6.751ms
[2024-09-25T13:11:38.125-0700][12033ms] GC(8) Pause Cleanup
[2024-09-25T13:11:38.126-0700][12034ms] GC(8) Pause Cleanup 36M->36M(502M) 0.639ms
[2024-09-25T13:11:38.126-0700][12034ms] GC(8) User=0.00s Sys=0.00s Real=0.00s
[2024-09-25T13:11:38.126-0700][12034ms] GC(8) Concurrent Cleanup for Next Mark
[2024-09-25T13:11:38.126-0700][12034ms] GC(8) Concurrent Cleanup for Next Mark 0.547ms
[2024-09-25T13:11:38.126-0700][12034ms] GC(8) Concurrent Cycle 33.667ms
[2024-09-25T13:11:42.692-0700][16600ms] GC(9) Pause Young (Normal) (G1 Evacuation Pause)
[2024-09-25T13:11:42.692-0700][16600ms] GC(9) Using 10 workers of 10 for evacuation
[2024-09-25T13:11:42.718-0700][16626ms] GC(9)   Pre Evacuate Collection Set: 0.0ms
[2024-09-25T13:11:42.718-0700][16626ms] GC(9)   Evacuate Collection Set: 24.1ms
[2024-09-25T13:11:42.718-0700][16626ms] GC(9)   Post Evacuate Collection Set: 2.7ms
[2024-09-25T13:11:42.718-0700][16626ms] GC(9)   Other: 0.3ms
[2024-09-25T13:11:42.718-0700][16626ms] GC(9) Eden regions: 143->0(119)
[2024-09-25T13:11:42.718-0700][16626ms] GC(9) Survivor regions: 7->19(19)
[2024-09-25T13:11:42.719-0700][16627ms] GC(9) Old regions: 10->18
[2024-09-25T13:11:42.719-0700][16627ms] GC(9) Humongous regions: 3->3
[2024-09-25T13:11:42.719-0700][16627ms] GC(9) Metaspace: 67507K->67507K(1114112K)
[2024-09-25T13:11:42.719-0700][16627ms] GC(9) Pause Young (Normal) (G1 Evacuation Pause) 325M->79M(502M) 27.142ms
[2024-09-25T13:11:42.719-0700][16627ms] GC(9) User=0.16s Sys=0.00s Real=0.03s
[2024-09-25T13:11:42.950-0700][16858ms] GC(10) Pause Young (Normal) (G1 Evacuation Pause)
[2024-09-25T13:11:42.950-0700][16858ms] GC(10) Using 10 workers of 10 for evacuation
[2024-09-25T13:11:42.969-0700][16877ms] GC(10)   Pre Evacuate Collection Set: 0.0ms
[2024-09-25T13:11:42.969-0700][16877ms] GC(10)   Evacuate Collection Set: 15.8ms
[2024-09-25T13:11:42.969-0700][16877ms] GC(10)   Post Evacuate Collection Set: 2.8ms
[2024-09-25T13:11:42.970-0700][16878ms] GC(10)   Other: 0.2ms
[2024-09-25T13:11:42.970-0700][16878ms] GC(10) Eden regions: 40->0(92)
[2024-09-25T13:11:42.970-0700][16878ms] GC(10) Survivor regions: 19->3(8)
[2024-09-25T13:11:42.970-0700][16878ms] GC(10) Old regions: 18->38
[2024-09-25T13:11:42.970-0700][16878ms] GC(10) Humongous regions: 3->3
[2024-09-25T13:11:42.970-0700][16878ms] GC(10) Metaspace: 69147K->69147K(1116160K)
[2024-09-25T13:11:42.970-0700][16878ms] GC(10) Pause Young (Normal) (G1 Evacuation Pause) 159M->86M(502M) 18.963ms
[2024-09-25T13:11:42.970-0700][16878ms] GC(10) User=0.09s Sys=0.00s Real=0.02s
[2024-09-25T13:11:43.441-0700][17349ms] GC(11) Pause Young (Normal) (G1 Evacuation Pause)
[2024-09-25T13:11:43.441-0700][17349ms] GC(11) Using 10 workers of 10 for evacuation
[2024-09-25T13:11:43.450-0700][17358ms] GC(11)   Pre Evacuate Collection Set: 0.0ms
[2024-09-25T13:11:43.451-0700][17359ms] GC(11)   Evacuate Collection Set: 8.4ms
[2024-09-25T13:11:43.451-0700][17359ms] GC(11)   Post Evacuate Collection Set: 1.3ms
[2024-09-25T13:11:43.451-0700][17359ms] GC(11)   Other: 0.2ms
[2024-09-25T13:11:43.451-0700][17359ms] GC(11) Eden regions: 92->0(98)
[2024-09-25T13:11:43.451-0700][17359ms] GC(11) Survivor regions: 3->8(12)
[2024-09-25T13:11:43.451-0700][17359ms] GC(11) Old regions: 38->38
[2024-09-25T13:11:43.451-0700][17359ms] GC(11) Humongous regions: 3->3
[2024-09-25T13:11:43.451-0700][17359ms] GC(11) Metaspace: 72474K->72474K(1118208K)
[2024-09-25T13:11:43.451-0700][17359ms] GC(11) Pause Young (Normal) (G1 Evacuation Pause) 270M->94M(502M) 10.058ms
[2024-09-25T13:11:43.451-0700][17359ms] GC(11) User=0.02s Sys=0.00s Real=0.01s
[2024-09-25T13:11:44.042-0700][17950ms] GC(12) Pause Young (Normal) (G1 Evacuation Pause)
[2024-09-25T13:11:44.042-0700][17950ms] GC(12) Using 10 workers of 10 for evacuation
[2024-09-25T13:11:44.059-0700][17967ms] GC(12)   Pre Evacuate Collection Set: 0.0ms
[2024-09-25T13:11:44.059-0700][17967ms] GC(12)   Evacuate Collection Set: 14.5ms
[2024-09-25T13:11:44.059-0700][17967ms] GC(12)   Post Evacuate Collection Set: 1.6ms
[2024-09-25T13:11:44.059-0700][17967ms] GC(12)   Other: 0.2ms
[2024-09-25T13:11:44.059-0700][17967ms] GC(12) Eden regions: 98->0(104)
[2024-09-25T13:11:44.059-0700][17967ms] GC(12) Survivor regions: 8->13(14)
[2024-09-25T13:11:44.059-0700][17967ms] GC(12) Old regions: 38->38
[2024-09-25T13:11:44.059-0700][17967ms] GC(12) Humongous regions: 5->5
[2024-09-25T13:11:44.059-0700][17967ms] GC(12) Metaspace: 72486K->72486K(1118208K)
[2024-09-25T13:11:44.059-0700][17967ms] GC(12) Pause Young (Normal) (G1 Evacuation Pause) 294M->109M(502M) 16.345ms
[2024-09-25T13:11:44.059-0700][17967ms] GC(12) User=0.03s Sys=0.00s Real=0.02s
[2024-09-25T13:11:44.812-0700][18720ms] GC(13) Pause Young (Normal) (G1 Evacuation Pause)
[2024-09-25T13:11:44.812-0700][18720ms] GC(13) Using 10 workers of 10 for evacuation
[2024-09-25T13:11:44.839-0700][18747ms] GC(13)   Pre Evacuate Collection Set: 0.0ms
[2024-09-25T13:11:44.839-0700][18747ms] GC(13)   Evacuate Collection Set: 25.3ms
[2024-09-25T13:11:44.839-0700][18747ms] GC(13)   Post Evacuate Collection Set: 1.0ms
[2024-09-25T13:11:44.839-0700][18747ms] GC(13)   Other: 0.2ms
[2024-09-25T13:11:44.839-0700][18747ms] GC(13) Eden regions: 92->0(102)
[2024-09-25T13:11:44.839-0700][18747ms] GC(13) Survivor regions: 13->14(14)
[2024-09-25T13:11:44.839-0700][18747ms] GC(13) Old regions: 38->46
[2024-09-25T13:11:44.839-0700][18747ms] GC(13) Humongous regions: 6->6
[2024-09-25T13:11:44.839-0700][18747ms] GC(13) Metaspace: 72495K->72495K(1118208K)
[2024-09-25T13:11:44.839-0700][18747ms] GC(13) Pause Young (Normal) (G1 Evacuation Pause) 295M->130M(502M) 26.712ms
[2024-09-25T13:11:44.839-0700][18747ms] GC(13) User=0.16s Sys=0.00s Real=0.03s
[2024-09-25T13:11:45.125-0700][19033ms] GC(14) Pause Young (Normal) (G1 Evacuation Pause)
[2024-09-25T13:11:45.125-0700][19033ms] GC(14) Using 10 workers of 10 for evacuation
[2024-09-25T13:11:45.144-0700][19052ms] GC(14)   Pre Evacuate Collection Set: 0.0ms
[2024-09-25T13:11:45.144-0700][19052ms] GC(14)   Evacuate Collection Set: 18.2ms
[2024-09-25T13:11:45.144-0700][19052ms] GC(14)   Post Evacuate Collection Set: 0.9ms
[2024-09-25T13:11:45.144-0700][19052ms] GC(14)   Other: 0.2ms
[2024-09-25T13:11:45.144-0700][19052ms] GC(14) Eden regions: 15->0(74)
[2024-09-25T13:11:45.144-0700][19052ms] GC(14) Survivor regions: 14->4(4)
[2024-09-25T13:11:45.144-0700][19052ms] GC(14) Old regions: 46->60
[2024-09-25T13:11:45.144-0700][19052ms] GC(14) Humongous regions: 6->6
[2024-09-25T13:11:45.144-0700][19052ms] GC(14) Metaspace: 72497K->72497K(1118208K)
[2024-09-25T13:11:45.144-0700][19052ms] GC(14) Pause Young (Normal) (G1 Evacuation Pause) 160M->138M(502M) 19.437ms
[2024-09-25T13:11:45.144-0700][19052ms] GC(14) User=0.08s Sys=0.00s Real=0.02s
[2024-09-25T13:11:45.783-0700][19691ms] GC(15) Pause Young (Normal) (G1 Evacuation Pause)
[2024-09-25T13:11:45.783-0700][19691ms] GC(15) Using 10 workers of 10 for evacuation
[2024-09-25T13:11:45.797-0700][19705ms] GC(15)   Pre Evacuate Collection Set: 0.0ms
[2024-09-25T13:11:45.797-0700][19705ms] GC(15)   Evacuate Collection Set: 10.6ms
[2024-09-25T13:11:45.797-0700][19705ms] GC(15)   Post Evacuate Collection Set: 2.8ms
[2024-09-25T13:11:45.797-0700][19705ms] GC(15)   Other: 0.2ms
[2024-09-25T13:11:45.797-0700][19705ms] GC(15) Eden regions: 74->0(99)
[2024-09-25T13:11:45.797-0700][19705ms] GC(15) Survivor regions: 4->9(10)
[2024-09-25T13:11:45.797-0700][19705ms] GC(15) Old regions: 60->60
[2024-09-25T13:11:45.797-0700][19705ms] GC(15) Humongous regions: 8->8
[2024-09-25T13:11:45.797-0700][19705ms] GC(15) Metaspace: 73221K->73221K(1120256K)
[2024-09-25T13:11:45.797-0700][19705ms] GC(15) Pause Young (Normal) (G1 Evacuation Pause) 290M->151M(604M) 13.709ms
[2024-09-25T13:11:45.797-0700][19705ms] GC(15) User=0.02s Sys=0.00s Real=0.01s
[2024-09-25T13:11:46.332-0700][20240ms] GC(16) Pause Young (Normal) (G1 Evacuation Pause)
[2024-09-25T13:11:46.332-0700][20240ms] GC(16) Using 10 workers of 10 for evacuation
[2024-09-25T13:11:46.348-0700][20256ms] GC(16)   Pre Evacuate Collection Set: 0.0ms
[2024-09-25T13:11:46.348-0700][20256ms] GC(16)   Evacuate Collection Set: 15.4ms
[2024-09-25T13:11:46.348-0700][20256ms] GC(16)   Post Evacuate Collection Set: 1.1ms
[2024-09-25T13:11:46.349-0700][20257ms] GC(16)   Other: 0.2ms
[2024-09-25T13:11:46.349-0700][20257ms] GC(16) Eden regions: 99->0(106)
[2024-09-25T13:11:46.349-0700][20257ms] GC(16) Survivor regions: 9->11(14)
[2024-09-25T13:11:46.349-0700][20257ms] GC(16) Old regions: 60->63
[2024-09-25T13:11:46.349-0700][20257ms] GC(16) Humongous regions: 8->8
[2024-09-25T13:11:46.349-0700][20257ms] GC(16) Metaspace: 73222K->73222K(1120256K)
[2024-09-25T13:11:46.349-0700][20257ms] GC(16) Pause Young (Normal) (G1 Evacuation Pause) 349M->162M(604M) 16.970ms
[2024-09-25T13:11:46.349-0700][20257ms] GC(16) User=0.00s Sys=0.00s Real=0.02s
[2024-09-25T13:11:46.909-0700][20817ms] GC(17) Pause Young (Normal) (G1 Evacuation Pause)
[2024-09-25T13:11:46.909-0700][20817ms] GC(17) Using 10 workers of 10 for evacuation
[2024-09-25T13:11:46.929-0700][20837ms] GC(17)   Pre Evacuate Collection Set: 0.0ms
[2024-09-25T13:11:46.929-0700][20837ms] GC(17)   Evacuate Collection Set: 18.8ms
[2024-09-25T13:11:46.929-0700][20837ms] GC(17)   Post Evacuate Collection Set: 1.0ms
[2024-09-25T13:11:46.929-0700][20837ms] GC(17)   Other: 0.2ms
[2024-09-25T13:11:46.929-0700][20837ms] GC(17) Eden regions: 106->0(110)
[2024-09-25T13:11:46.929-0700][20837ms] GC(17) Survivor regions: 11->11(15)
[2024-09-25T13:11:46.929-0700][20837ms] GC(17) Old regions: 63->69
[2024-09-25T13:11:46.929-0700][20837ms] GC(17) Humongous regions: 10->10
[2024-09-25T13:11:46.929-0700][20837ms] GC(17) Metaspace: 73222K->73222K(1120256K)
[2024-09-25T13:11:46.929-0700][20837ms] GC(17) Pause Young (Normal) (G1 Evacuation Pause) 378M->178M(604M) 20.104ms
[2024-09-25T13:11:46.929-0700][20837ms] GC(17) User=0.13s Sys=0.00s Real=0.02s
[2024-09-25T13:11:47.589-0700][21497ms] GC(18) Pause Young (Normal) (G1 Evacuation Pause)
[2024-09-25T13:11:47.589-0700][21497ms] GC(18) Using 10 workers of 10 for evacuation
[2024-09-25T13:11:47.609-0700][21517ms] GC(18)   Pre Evacuate Collection Set: 0.0ms
[2024-09-25T13:11:47.609-0700][21517ms] GC(18)   Evacuate Collection Set: 19.2ms
[2024-09-25T13:11:47.609-0700][21517ms] GC(18)   Post Evacuate Collection Set: 1.0ms
[2024-09-25T13:11:47.609-0700][21517ms] GC(18)   Other: 0.2ms
[2024-09-25T13:11:47.609-0700][21517ms] GC(18) Eden regions: 110->0(113)
[2024-09-25T13:11:47.609-0700][21517ms] GC(18) Survivor regions: 11->13(16)
[2024-09-25T13:11:47.609-0700][21517ms] GC(18) Old regions: 69->74
[2024-09-25T13:11:47.609-0700][21517ms] GC(18) Humongous regions: 10->10
[2024-09-25T13:11:47.609-0700][21517ms] GC(18) Metaspace: 73227K->73227K(1120256K)
[2024-09-25T13:11:47.609-0700][21517ms] GC(18) Pause Young (Normal) (G1 Evacuation Pause) 398M->191M(604M) 20.536ms
[2024-09-25T13:11:47.609-0700][21517ms] GC(18) User=0.11s Sys=0.00s Real=0.02s
[2024-09-25T13:11:48.878-0700][22786ms] GC(19) Pause Young (Normal) (G1 Evacuation Pause)
[2024-09-25T13:11:48.878-0700][22786ms] GC(19) Using 10 workers of 10 for evacuation
[2024-09-25T13:11:48.902-0700][22810ms] GC(19)   Pre Evacuate Collection Set: 0.0ms
[2024-09-25T13:11:48.902-0700][22810ms] GC(19)   Evacuate Collection Set: 21.9ms
[2024-09-25T13:11:48.902-0700][22810ms] GC(19)   Post Evacuate Collection Set: 1.6ms
[2024-09-25T13:11:48.902-0700][22810ms] GC(19)   Other: 0.2ms
[2024-09-25T13:11:48.902-0700][22810ms] GC(19) Eden regions: 113->0(110)
[2024-09-25T13:11:48.902-0700][22810ms] GC(19) Survivor regions: 13->16(16)
[2024-09-25T13:11:48.902-0700][22810ms] GC(19) Old regions: 74->80
[2024-09-25T13:11:48.902-0700][22810ms] GC(19) Humongous regions: 12->12
[2024-09-25T13:11:48.902-0700][22810ms] GC(19) Metaspace: 78730K->78730K(1124352K)
[2024-09-25T13:11:48.902-0700][22810ms] GC(19) Pause Young (Normal) (G1 Evacuation Pause) 421M->214M(604M) 23.836ms
[2024-09-25T13:11:48.902-0700][22810ms] GC(19) User=0.11s Sys=0.00s Real=0.02s
[2024-09-25T13:11:50.055-0700][23963ms] GC(20) Pause Young (Concurrent Start) (Metadata GC Threshold)
[2024-09-25T13:11:50.055-0700][23963ms] GC(20) Using 10 workers of 10 for evacuation
[2024-09-25T13:11:50.099-0700][24007ms] GC(20)   Pre Evacuate Collection Set: 0.1ms
[2024-09-25T13:11:50.099-0700][24007ms] GC(20)   Evacuate Collection Set: 38.7ms
[2024-09-25T13:11:50.099-0700][24007ms] GC(20)   Post Evacuate Collection Set: 4.0ms
[2024-09-25T13:11:50.099-0700][24007ms] GC(20)   Other: 0.3ms
[2024-09-25T13:11:50.099-0700][24007ms] GC(20) Eden regions: 62->0(102)
[2024-09-25T13:11:50.099-0700][24007ms] GC(20) Survivor regions: 16->16(16)
[2024-09-25T13:11:50.099-0700][24007ms] GC(20) Old regions: 80->105
[2024-09-25T13:11:50.099-0700][24007ms] GC(20) Humongous regions: 14->14
[2024-09-25T13:11:50.099-0700][24007ms] GC(20) Metaspace: 90855K->90855K(1136640K)
[2024-09-25T13:11:50.099-0700][24007ms] GC(20) Pause Young (Concurrent Start) (Metadata GC Threshold) 342M->269M(726M) 43.236ms
[2024-09-25T13:11:50.099-0700][24007ms] GC(20) User=0.09s Sys=0.00s Real=0.04s
[2024-09-25T13:11:50.099-0700][24007ms] GC(21) Concurrent Cycle
[2024-09-25T13:11:50.099-0700][24007ms] GC(21) Concurrent Clear Claimed Marks
[2024-09-25T13:11:50.099-0700][24007ms] GC(21) Concurrent Clear Claimed Marks 0.192ms
[2024-09-25T13:11:50.099-0700][24007ms] GC(21) Concurrent Scan Root Regions
[2024-09-25T13:11:50.104-0700][24012ms] GC(21) Concurrent Scan Root Regions 6.062ms
[2024-09-25T13:11:50.104-0700][24012ms] GC(21) Concurrent Mark (24.013s)
[2024-09-25T13:11:50.104-0700][24012ms] GC(21) Concurrent Mark From Roots
[2024-09-25T13:11:50.104-0700][24012ms] GC(21) Using 3 workers of 3 for marking
[2024-09-25T13:11:50.240-0700][24148ms] GC(21) Concurrent Mark From Roots 134.676ms
[2024-09-25T13:11:50.240-0700][24148ms] GC(21) Concurrent Preclean
[2024-09-25T13:11:50.240-0700][24148ms] GC(21) Concurrent Preclean 0.407ms
[2024-09-25T13:11:50.240-0700][24148ms] GC(21) Concurrent Mark (24.013s, 24.148s) 135.173ms
[2024-09-25T13:11:50.240-0700][24148ms] GC(21) Pause Remark
[2024-09-25T13:11:50.246-0700][24154ms] GC(21) Cleaned string and symbol table, strings: 41243 processed, 152 removed, symbols: 257673 processed, 136 removed
[2024-09-25T13:11:50.246-0700][24154ms] GC(21) Pause Remark 282M->264M(726M) 5.491ms
[2024-09-25T13:11:50.246-0700][24154ms] GC(21) User=0.02s Sys=0.00s Real=0.01s
[2024-09-25T13:11:50.247-0700][24155ms] GC(21) Concurrent Rebuild Remembered Sets
[2024-09-25T13:11:50.320-0700][24228ms] GC(21) Concurrent Rebuild Remembered Sets 73.777ms
[2024-09-25T13:11:50.320-0700][24228ms] GC(21) Pause Cleanup
[2024-09-25T13:11:50.320-0700][24228ms] GC(21) Pause Cleanup 270M->270M(726M) 0.152ms
[2024-09-25T13:11:50.320-0700][24228ms] GC(21) User=0.00s Sys=0.00s Real=0.00s
[2024-09-25T13:11:50.320-0700][24228ms] GC(21) Concurrent Cleanup for Next Mark
[2024-09-25T13:11:50.321-0700][24229ms] GC(21) Concurrent Cleanup for Next Mark 0.697ms
[2024-09-25T13:11:50.321-0700][24229ms] GC(21) Concurrent Cycle 222.219ms
[2024-09-25T13:11:52.563-0700][26471ms] GC(22) Pause Young (Concurrent Start) (G1 Evacuation Pause)
[2024-09-25T13:11:52.563-0700][26471ms] GC(22) Using 10 workers of 10 for evacuation
[2024-09-25T13:11:52.587-0700][26495ms] GC(22)   Pre Evacuate Collection Set: 0.2ms
[2024-09-25T13:11:52.587-0700][26495ms] GC(22)   Evacuate Collection Set: 21.9ms
[2024-09-25T13:11:52.587-0700][26495ms] GC(22)   Post Evacuate Collection Set: 2.5ms
[2024-09-25T13:11:52.587-0700][26495ms] GC(22)   Other: 0.3ms
[2024-09-25T13:11:52.587-0700][26495ms] GC(22) Eden regions: 102->0(104)
[2024-09-25T13:11:52.587-0700][26495ms] GC(22) Survivor regions: 16->15(15)
[2024-09-25T13:11:52.588-0700][26496ms] GC(22) Old regions: 105->122
[2024-09-25T13:11:52.588-0700][26496ms] GC(22) Humongous regions: 5->5
[2024-09-25T13:11:52.588-0700][26496ms] GC(22) Metaspace: 110279K->110279K(1153024K)
[2024-09-25T13:11:52.588-0700][26496ms] GC(22) Pause Young (Concurrent Start) (G1 Evacuation Pause) 455M->282M(726M) 24.910ms
[2024-09-25T13:11:52.588-0700][26496ms] GC(22) User=0.02s Sys=0.00s Real=0.03s
[2024-09-25T13:11:52.588-0700][26496ms] GC(23) Concurrent Cycle
[2024-09-25T13:11:52.588-0700][26496ms] GC(23) Concurrent Clear Claimed Marks
[2024-09-25T13:11:52.588-0700][26496ms] GC(23) Concurrent Clear Claimed Marks 0.250ms
[2024-09-25T13:11:52.588-0700][26496ms] GC(23) Concurrent Scan Root Regions
[2024-09-25T13:11:52.594-0700][26502ms] GC(23) Concurrent Scan Root Regions 6.300ms
[2024-09-25T13:11:52.594-0700][26502ms] GC(23) Concurrent Mark (26.502s)
[2024-09-25T13:11:52.594-0700][26502ms] GC(23) Concurrent Mark From Roots
[2024-09-25T13:11:52.594-0700][26502ms] GC(23) Using 3 workers of 3 for marking
[2024-09-25T13:11:52.813-0700][26721ms] GC(23) Concurrent Mark From Roots 218.488ms
[2024-09-25T13:11:52.813-0700][26721ms] GC(23) Concurrent Preclean
[2024-09-25T13:11:52.814-0700][26722ms] GC(23) Concurrent Preclean 1.043ms
[2024-09-25T13:11:52.814-0700][26722ms] GC(23) Concurrent Mark (26.502s, 26.721s) 219.623ms
[2024-09-25T13:11:52.814-0700][26722ms] GC(23) Pause Remark
[2024-09-25T13:11:52.822-0700][26730ms] GC(23) Cleaned string and symbol table, strings: 48430 processed, 0 removed, symbols: 314401 processed, 74 removed
[2024-09-25T13:11:52.822-0700][26730ms] GC(23) Pause Remark 307M->307M(726M) 7.818ms
[2024-09-25T13:11:52.822-0700][26730ms] GC(23) User=0.02s Sys=0.00s Real=0.01s
[2024-09-25T13:11:52.822-0700][26730ms] GC(23) Concurrent Rebuild Remembered Sets
[2024-09-25T13:11:52.935-0700][26843ms] GC(23) Concurrent Rebuild Remembered Sets 112.178ms
[2024-09-25T13:11:52.935-0700][26843ms] GC(23) Pause Cleanup
[2024-09-25T13:11:52.935-0700][26843ms] GC(23) Pause Cleanup 323M->323M(726M) 0.173ms
[2024-09-25T13:11:52.935-0700][26843ms] GC(23) User=0.00s Sys=0.00s Real=0.00s
[2024-09-25T13:11:52.935-0700][26843ms] GC(23) Concurrent Cleanup for Next Mark
[2024-09-25T13:11:52.936-0700][26844ms] GC(23) Concurrent Cleanup for Next Mark 0.654ms
[2024-09-25T13:11:52.936-0700][26844ms] GC(23) Concurrent Cycle 348.354ms
[2024-09-25T13:11:54.270-0700][28178ms] GC(24) Pause Young (Normal) (G1 Evacuation Pause)
[2024-09-25T13:11:54.270-0700][28178ms] GC(24) Using 10 workers of 10 for evacuation
[2024-09-25T13:11:54.279-0700][28187ms] GC(24)   Pre Evacuate Collection Set: 0.0ms
[2024-09-25T13:11:54.279-0700][28187ms] GC(24)   Evacuate Collection Set: 7.8ms
[2024-09-25T13:11:54.279-0700][28187ms] GC(24)   Post Evacuate Collection Set: 1.7ms
[2024-09-25T13:11:54.279-0700][28187ms] GC(24)   Other: 0.3ms
[2024-09-25T13:11:54.279-0700][28187ms] GC(24) Eden regions: 104->0(109)
[2024-09-25T13:11:54.279-0700][28187ms] GC(24) Survivor regions: 15->6(15)
[2024-09-25T13:11:54.279-0700][28187ms] GC(24) Old regions: 122->134
[2024-09-25T13:11:54.279-0700][28187ms] GC(24) Humongous regions: 5->5
[2024-09-25T13:11:54.279-0700][28187ms] GC(24) Metaspace: 165299K->165299K(1206272K)
[2024-09-25T13:11:54.279-0700][28187ms] GC(24) Pause Young (Normal) (G1 Evacuation Pause) 490M->288M(726M) 9.822ms
[2024-09-25T13:11:54.279-0700][28187ms] GC(24) User=0.02s Sys=0.00s Real=0.01s
[2024-09-25T13:11:55.232-0700][29140ms] GC(25) Pause Young (Concurrent Start) (Metadata GC Threshold)
[2024-09-25T13:11:55.232-0700][29140ms] GC(25) Using 10 workers of 10 for evacuation
[2024-09-25T13:11:55.237-0700][29145ms] GC(25)   Pre Evacuate Collection Set: 0.0ms
[2024-09-25T13:11:55.237-0700][29145ms] GC(25)   Evacuate Collection Set: 3.2ms
[2024-09-25T13:11:55.237-0700][29145ms] GC(25)   Post Evacuate Collection Set: 1.3ms
[2024-09-25T13:11:55.237-0700][29145ms] GC(25)   Other: 0.3ms
[2024-09-25T13:11:55.237-0700][29145ms] GC(25) Eden regions: 51->0(113)
[2024-09-25T13:11:55.237-0700][29145ms] GC(25) Survivor regions: 6->6(15)
[2024-09-25T13:11:55.237-0700][29145ms] GC(25) Old regions: 134->134
[2024-09-25T13:11:55.237-0700][29145ms] GC(25) Humongous regions: 5->5
[2024-09-25T13:11:55.237-0700][29145ms] GC(25) Metaspace: 196460K->196460K(1232896K)
[2024-09-25T13:11:55.237-0700][29145ms] GC(25) Pause Young (Concurrent Start) (Metadata GC Threshold) 390M->289M(726M) 4.841ms
[2024-09-25T13:11:55.237-0700][29145ms] GC(25) User=0.00s Sys=0.00s Real=0.00s
[2024-09-25T13:11:55.237-0700][29145ms] GC(26) Concurrent Cycle
[2024-09-25T13:11:55.237-0700][29145ms] GC(26) Concurrent Clear Claimed Marks
[2024-09-25T13:11:55.237-0700][29145ms] GC(26) Concurrent Clear Claimed Marks 0.070ms
[2024-09-25T13:11:55.237-0700][29145ms] GC(26) Concurrent Scan Root Regions
[2024-09-25T13:11:55.239-0700][29147ms] GC(26) Concurrent Scan Root Regions 1.792ms
[2024-09-25T13:11:55.239-0700][29147ms] GC(26) Concurrent Mark (29.147s)
[2024-09-25T13:11:55.239-0700][29147ms] GC(26) Concurrent Mark From Roots
[2024-09-25T13:11:55.239-0700][29147ms] GC(26) Using 3 workers of 3 for marking
[2024-09-25T13:11:55.360-0700][29268ms] GC(26) Concurrent Mark From Roots 120.371ms
[2024-09-25T13:11:55.360-0700][29268ms] GC(26) Concurrent Preclean
[2024-09-25T13:11:55.360-0700][29268ms] GC(26) Concurrent Preclean 0.326ms
[2024-09-25T13:11:55.360-0700][29268ms] GC(26) Concurrent Mark (29.147s, 29.268s) 120.760ms
[2024-09-25T13:11:55.360-0700][29268ms] GC(26) Pause Remark
[2024-09-25T13:11:55.380-0700][29288ms] GC(26) Cleaned string and symbol table, strings: 58791 processed, 172 removed, symbols: 527480 processed, 37 removed
[2024-09-25T13:11:55.380-0700][29288ms] GC(26) Pause Remark 299M->299M(726M) 20.477ms
[2024-09-25T13:11:55.380-0700][29288ms] GC(26) User=0.00s Sys=0.00s Real=0.02s
[2024-09-25T13:11:55.380-0700][29288ms] GC(26) Concurrent Rebuild Remembered Sets
[2024-09-25T13:11:55.445-0700][29353ms] GC(26) Concurrent Rebuild Remembered Sets 63.771ms
[2024-09-25T13:11:55.445-0700][29353ms] GC(26) Pause Cleanup
[2024-09-25T13:11:55.445-0700][29353ms] GC(26) Pause Cleanup 305M->305M(726M) 0.157ms
[2024-09-25T13:11:55.445-0700][29353ms] GC(26) User=0.00s Sys=0.00s Real=0.00s
[2024-09-25T13:11:55.445-0700][29353ms] GC(26) Concurrent Cleanup for Next Mark
[2024-09-25T13:11:55.446-0700][29354ms] GC(26) Concurrent Cleanup for Next Mark 0.563ms
[2024-09-25T13:11:55.446-0700][29354ms] GC(26) Concurrent Cycle 208.398ms
[2024-09-25T13:12:12.041-0700][45949ms] GC(27) Pause Young (Concurrent Start) (G1 Evacuation Pause)
[2024-09-25T13:12:12.041-0700][45949ms] GC(27) Using 10 workers of 10 for evacuation
[2024-09-25T13:12:12.056-0700][45964ms] GC(27)   Pre Evacuate Collection Set: 0.2ms
[2024-09-25T13:12:12.056-0700][45964ms] GC(27)   Evacuate Collection Set: 11.8ms
[2024-09-25T13:12:12.056-0700][45964ms] GC(27)   Post Evacuate Collection Set: 2.2ms
[2024-09-25T13:12:12.056-0700][45964ms] GC(27)   Other: 0.4ms
[2024-09-25T13:12:12.056-0700][45964ms] GC(27) Eden regions: 113->0(113)
[2024-09-25T13:12:12.056-0700][45964ms] GC(27) Survivor regions: 6->15(15)
[2024-09-25T13:12:12.056-0700][45964ms] GC(27) Old regions: 134->134
[2024-09-25T13:12:12.056-0700][45964ms] GC(27) Humongous regions: 5->5
[2024-09-25T13:12:12.056-0700][45964ms] GC(27) Metaspace: 221990K->221990K(1257472K)
[2024-09-25T13:12:12.056-0700][45964ms] GC(27) Pause Young (Concurrent Start) (G1 Evacuation Pause) 515M->307M(726M) 14.730ms
[2024-09-25T13:12:12.056-0700][45964ms] GC(27) User=0.02s Sys=0.00s Real=0.02s
[2024-09-25T13:12:12.056-0700][45964ms] GC(28) Concurrent Cycle
[2024-09-25T13:12:12.056-0700][45964ms] GC(28) Concurrent Clear Claimed Marks
[2024-09-25T13:12:12.056-0700][45964ms] GC(28) Concurrent Clear Claimed Marks 0.195ms
[2024-09-25T13:12:12.056-0700][45964ms] GC(28) Concurrent Scan Root Regions
[2024-09-25T13:12:12.062-0700][45970ms] GC(28) Concurrent Scan Root Regions 5.828ms
[2024-09-25T13:12:12.062-0700][45970ms] GC(28) Concurrent Mark (45.970s)
[2024-09-25T13:12:12.062-0700][45970ms] GC(28) Concurrent Mark From Roots
[2024-09-25T13:12:12.062-0700][45970ms] GC(28) Using 3 workers of 3 for marking
[2024-09-25T13:12:12.110-0700][46018ms] GC(28) Concurrent Mark From Roots 47.401ms
[2024-09-25T13:12:12.110-0700][46018ms] GC(28) Concurrent Preclean
[2024-09-25T13:12:12.110-0700][46018ms] GC(28) Concurrent Preclean 0.370ms
[2024-09-25T13:12:12.110-0700][46018ms] GC(28) Concurrent Mark (45.970s, 46.018s) 47.877ms
[2024-09-25T13:12:12.111-0700][46019ms] GC(28) Pause Remark
[2024-09-25T13:12:12.119-0700][46027ms] GC(28) Cleaned string and symbol table, strings: 72737 processed, 0 removed, symbols: 552004 processed, 91 removed
[2024-09-25T13:12:12.120-0700][46028ms] GC(28) Pause Remark 309M->281M(726M) 9.317ms
[2024-09-25T13:12:12.120-0700][46028ms] GC(28) User=0.02s Sys=0.00s Real=0.01s
[2024-09-25T13:12:12.120-0700][46028ms] GC(28) Concurrent Rebuild Remembered Sets
[2024-09-25T13:12:12.146-0700][46054ms] GC(28) Concurrent Rebuild Remembered Sets 25.577ms
[2024-09-25T13:12:12.146-0700][46054ms] GC(28) Pause Cleanup
[2024-09-25T13:12:12.146-0700][46054ms] GC(28) Pause Cleanup 281M->281M(726M) 0.133ms
[2024-09-25T13:12:12.146-0700][46054ms] GC(28) User=0.00s Sys=0.00s Real=0.00s
[2024-09-25T13:12:12.146-0700][46054ms] GC(28) Concurrent Cleanup for Next Mark
[2024-09-25T13:12:12.146-0700][46054ms] GC(28) Concurrent Cleanup for Next Mark 0.547ms
[2024-09-25T13:12:12.147-0700][46055ms] GC(28) Concurrent Cycle 90.838ms
[2024-09-25T13:12:23.868-0700][57776ms] GC(29) Pause Young (Prepare Mixed) (G1 Evacuation Pause)
[2024-09-25T13:12:23.868-0700][57776ms] GC(29) Using 10 workers of 10 for evacuation
[2024-09-25T13:12:23.885-0700][57793ms] GC(29)   Pre Evacuate Collection Set: 0.0ms
[2024-09-25T13:12:23.885-0700][57793ms] GC(29)   Evacuate Collection Set: 14.0ms
[2024-09-25T13:12:23.885-0700][57793ms] GC(29)   Post Evacuate Collection Set: 2.6ms
[2024-09-25T13:12:23.885-0700][57793ms] GC(29)   Other: 0.3ms
[2024-09-25T13:12:23.885-0700][57793ms] GC(29) Eden regions: 113->0(7)
[2024-09-25T13:12:23.885-0700][57793ms] GC(29) Survivor regions: 15->11(16)
[2024-09-25T13:12:23.885-0700][57793ms] GC(29) Old regions: 120->134
[2024-09-25T13:12:23.885-0700][57793ms] GC(29) Humongous regions: 5->5
[2024-09-25T13:12:23.885-0700][57793ms] GC(29) Metaspace: 228262K->228262K(1263616K)
[2024-09-25T13:12:23.885-0700][57793ms] GC(29) Pause Young (Prepare Mixed) (G1 Evacuation Pause) 505M->298M(726M) 16.996ms
[2024-09-25T13:12:23.885-0700][57793ms] GC(29) User=0.03s Sys=0.00s Real=0.02s
[2024-09-25T13:12:24.052-0700][57960ms] GC(30) Pause Young (Mixed) (G1 Evacuation Pause)
[2024-09-25T13:12:24.052-0700][57960ms] GC(30) Using 10 workers of 10 for evacuation
[2024-09-25T13:12:24.062-0700][57970ms] GC(30)   Pre Evacuate Collection Set: 0.1ms
[2024-09-25T13:12:24.062-0700][57970ms] GC(30)   Evacuate Collection Set: 8.2ms
[2024-09-25T13:12:24.062-0700][57970ms] GC(30)   Post Evacuate Collection Set: 1.9ms
[2024-09-25T13:12:24.062-0700][57970ms] GC(30)   Other: 0.3ms
[2024-09-25T13:12:24.062-0700][57970ms] GC(30) Eden regions: 7->0(134)
[2024-09-25T13:12:24.062-0700][57970ms] GC(30) Survivor regions: 11->3(3)
[2024-09-25T13:12:24.062-0700][57970ms] GC(30) Old regions: 134->111
[2024-09-25T13:12:24.062-0700][57970ms] GC(30) Humongous regions: 5->5
[2024-09-25T13:12:24.062-0700][57970ms] GC(30) Metaspace: 228327K->228327K(1263616K)
[2024-09-25T13:12:24.062-0700][57970ms] GC(30) Pause Young (Mixed) (G1 Evacuation Pause) 312M->236M(726M) 10.552ms
[2024-09-25T13:12:24.062-0700][57970ms] GC(30) User=0.02s Sys=0.00s Real=0.01s
[2024-09-25T13:12:58.081-0700][91989ms] GC(31) Pause Young (Normal) (G1 Evacuation Pause)
[2024-09-25T13:12:58.082-0700][91990ms] GC(31) Using 10 workers of 10 for evacuation
[2024-09-25T13:12:58.094-0700][92002ms] GC(31)   Pre Evacuate Collection Set: 0.0ms
[2024-09-25T13:12:58.094-0700][92002ms] GC(31)   Evacuate Collection Set: 10.2ms
[2024-09-25T13:12:58.095-0700][92003ms] GC(31)   Post Evacuate Collection Set: 2.9ms
[2024-09-25T13:12:58.095-0700][92003ms] GC(31)   Other: 0.3ms
[2024-09-25T13:12:58.095-0700][92003ms] GC(31) Eden regions: 134->0(135)
[2024-09-25T13:12:58.095-0700][92003ms] GC(31) Survivor regions: 3->11(18)
[2024-09-25T13:12:58.095-0700][92003ms] GC(31) Old regions: 111->111
[2024-09-25T13:12:58.095-0700][92003ms] GC(31) Humongous regions: 5->5
[2024-09-25T13:12:58.095-0700][92003ms] GC(31) Metaspace: 234203K->234203K(1269760K)
[2024-09-25T13:12:58.095-0700][92003ms] GC(31) Pause Young (Normal) (G1 Evacuation Pause) 504M->253M(726M) 13.515ms
[2024-09-25T13:12:58.095-0700][92003ms] GC(31) User=0.02s Sys=0.00s Real=0.01s
[2024-09-25T13:13:32.825-0700][126733ms] GC(32) Pause Young (Normal) (G1 Evacuation Pause)
[2024-09-25T13:13:32.825-0700][126733ms] GC(32) Using 10 workers of 10 for evacuation
[2024-09-25T13:13:32.834-0700][126742ms] GC(32)   Pre Evacuate Collection Set: 0.0ms
[2024-09-25T13:13:32.834-0700][126742ms] GC(32)   Evacuate Collection Set: 6.4ms
[2024-09-25T13:13:32.834-0700][126742ms] GC(32)   Post Evacuate Collection Set: 2.3ms
[2024-09-25T13:13:32.834-0700][126742ms] GC(32)   Other: 0.2ms
[2024-09-25T13:13:32.834-0700][126742ms] GC(32) Eden regions: 135->0(142)
[2024-09-25T13:13:32.834-0700][126742ms] GC(32) Survivor regions: 11->11(19)
[2024-09-25T13:13:32.834-0700][126742ms] GC(32) Old regions: 111->112
[2024-09-25T13:13:32.834-0700][126742ms] GC(32) Humongous regions: 5->5
[2024-09-25T13:13:32.834-0700][126742ms] GC(32) Metaspace: 234978K->234978K(1271808K)
[2024-09-25T13:13:32.834-0700][126742ms] GC(32) Pause Young (Normal) (G1 Evacuation Pause) 523M->255M(726M) 9.049ms
[2024-09-25T13:13:32.834-0700][126742ms] GC(32) User=0.00s Sys=0.00s Real=0.01s
[2024-09-25T13:36:47.650-0700][1521558ms] GC(33) Pause Young (Normal) (G1 Evacuation Pause)
[2024-09-25T13:36:47.650-0700][1521558ms] GC(33) Using 10 workers of 10 for evacuation
[2024-09-25T13:36:47.662-0700][1521570ms] GC(33)   Pre Evacuate Collection Set: 0.0ms
[2024-09-25T13:36:47.662-0700][1521570ms] GC(33)   Evacuate Collection Set: 7.2ms
[2024-09-25T13:36:47.662-0700][1521570ms] GC(33)   Post Evacuate Collection Set: 2.8ms
[2024-09-25T13:36:47.662-0700][1521570ms] GC(33)   Other: 0.4ms
[2024-09-25T13:36:47.662-0700][1521570ms] GC(33) Eden regions: 142->0(146)
[2024-09-25T13:36:47.662-0700][1521570ms] GC(33) Survivor regions: 11->5(20)
[2024-09-25T13:36:47.662-0700][1521570ms] GC(33) Old regions: 112->122
[2024-09-25T13:36:47.662-0700][1521570ms] GC(33) Humongous regions: 5->5
[2024-09-25T13:36:47.662-0700][1521570ms] GC(33) Metaspace: 236663K->236663K(1273856K)
[2024-09-25T13:36:47.662-0700][1521570ms] GC(33) Pause Young (Normal) (G1 Evacuation Pause) 539M->260M(726M) 10.490ms
[2024-09-25T13:36:47.662-0700][1521570ms] GC(33) User=0.00s Sys=0.00s Real=0.01s
[2024-09-25T13:59:52.899-0700][2906807ms] GC(34) Pause Young (Normal) (G1 Evacuation Pause)
[2024-09-25T13:59:52.899-0700][2906807ms] GC(34) Using 10 workers of 10 for evacuation
[2024-09-25T13:59:52.905-0700][2906813ms] GC(34)   Pre Evacuate Collection Set: 0.0ms
[2024-09-25T13:59:52.905-0700][2906813ms] GC(34)   Evacuate Collection Set: 4.1ms
[2024-09-25T13:59:52.905-0700][2906813ms] GC(34)   Post Evacuate Collection Set: 2.1ms
[2024-09-25T13:59:52.905-0700][2906813ms] GC(34)   Other: 0.3ms
[2024-09-25T13:59:52.905-0700][2906813ms] GC(34) Eden regions: 146->0(154)
[2024-09-25T13:59:52.905-0700][2906813ms] GC(34) Survivor regions: 5->5(19)
[2024-09-25T13:59:52.905-0700][2906813ms] GC(34) Old regions: 122->122
[2024-09-25T13:59:52.905-0700][2906813ms] GC(34) Humongous regions: 5->5
[2024-09-25T13:59:52.905-0700][2906813ms] GC(34) Metaspace: 237192K->237192K(1273856K)
[2024-09-25T13:59:52.905-0700][2906813ms] GC(34) Pause Young (Normal) (G1 Evacuation Pause) 552M->261M(726M) 6.634ms
[2024-09-25T13:59:52.905-0700][2906813ms] GC(34) User=0.00s Sys=0.00s Real=0.01s
[2024-09-25T14:30:51.463-0700][4765371ms] GC(35) Pause Young (Normal) (G1 Evacuation Pause)
[2024-09-25T14:30:51.463-0700][4765371ms] GC(35) Using 10 workers of 10 for evacuation
[2024-09-25T14:30:51.471-0700][4765379ms] GC(35)   Pre Evacuate Collection Set: 0.0ms
[2024-09-25T14:30:51.471-0700][4765379ms] GC(35)   Evacuate Collection Set: 5.4ms
[2024-09-25T14:30:51.471-0700][4765379ms] GC(35)   Post Evacuate Collection Set: 2.2ms
[2024-09-25T14:30:51.471-0700][4765379ms] GC(35)   Other: 0.3ms
[2024-09-25T14:30:51.471-0700][4765379ms] GC(35) Eden regions: 154->0(163)
[2024-09-25T14:30:51.471-0700][4765379ms] GC(35) Survivor regions: 5->5(20)
[2024-09-25T14:30:51.471-0700][4765379ms] GC(35) Old regions: 122->122
[2024-09-25T14:30:51.471-0700][4765379ms] GC(35) Humongous regions: 5->5
[2024-09-25T14:30:51.471-0700][4765379ms] GC(35) Metaspace: 238351K->238351K(1275904K)
[2024-09-25T14:30:51.471-0700][4765379ms] GC(35) Pause Young (Normal) (G1 Evacuation Pause) 569M->261M(726M) 8.084ms
[2024-09-25T14:30:51.471-0700][4765379ms] GC(35) User=0.00s Sys=0.00s Real=0.01s
[2024-09-25T14:31:04.555-0700][4778463ms] GC(36) Pause Young (Normal) (G1 Evacuation Pause)
[2024-09-25T14:31:04.555-0700][4778463ms] GC(36) Using 10 workers of 10 for evacuation
[2024-09-25T14:31:04.563-0700][4778471ms] GC(36)   Pre Evacuate Collection Set: 0.0ms
[2024-09-25T14:31:04.563-0700][4778471ms] GC(36)   Evacuate Collection Set: 5.2ms
[2024-09-25T14:31:04.563-0700][4778471ms] GC(36)   Post Evacuate Collection Set: 2.2ms
[2024-09-25T14:31:04.563-0700][4778471ms] GC(36)   Other: 0.3ms
[2024-09-25T14:31:04.563-0700][4778471ms] GC(36) Eden regions: 163->0(169)
[2024-09-25T14:31:04.563-0700][4778471ms] GC(36) Survivor regions: 5->5(21)
[2024-09-25T14:31:04.563-0700][4778471ms] GC(36) Old regions: 122->122
[2024-09-25T14:31:04.563-0700][4778471ms] GC(36) Humongous regions: 5->5
[2024-09-25T14:31:04.563-0700][4778471ms] GC(36) Metaspace: 239408K->239408K(1275904K)
[2024-09-25T14:31:04.563-0700][4778471ms] GC(36) Pause Young (Normal) (G1 Evacuation Pause) 587M->262M(726M) 7.815ms
[2024-09-25T14:31:04.563-0700][4778471ms] GC(36) User=0.00s Sys=0.00s Real=0.01s
[2024-09-25T14:31:47.151-0700][4821059ms] GC(37) Pause Young (Normal) (G1 Evacuation Pause)
[2024-09-25T14:31:47.151-0700][4821059ms] GC(37) Using 10 workers of 10 for evacuation
[2024-09-25T14:31:47.176-0700][4821084ms] GC(37)   Pre Evacuate Collection Set: 0.0ms
[2024-09-25T14:31:47.176-0700][4821084ms] GC(37)   Evacuate Collection Set: 22.2ms
[2024-09-25T14:31:47.176-0700][4821084ms] GC(37)   Post Evacuate Collection Set: 2.4ms
[2024-09-25T14:31:47.176-0700][4821084ms] GC(37)   Other: 0.3ms
[2024-09-25T14:31:47.176-0700][4821084ms] GC(37) Eden regions: 169->0(141)
[2024-09-25T14:31:47.176-0700][4821084ms] GC(37) Survivor regions: 5->22(22)
[2024-09-25T14:31:47.176-0700][4821084ms] GC(37) Old regions: 122->123
[2024-09-25T14:31:47.176-0700][4821084ms] GC(37) Humongous regions: 8->5
[2024-09-25T14:31:47.176-0700][4821084ms] GC(37) Metaspace: 239862K->239862K(1275904K)
[2024-09-25T14:31:47.176-0700][4821084ms] GC(37) Pause Young (Normal) (G1 Evacuation Pause) 606M->299M(726M) 24.999ms
[2024-09-25T14:31:47.176-0700][4821084ms] GC(37) User=0.09s Sys=0.05s Real=0.03s
[2024-09-25T14:31:47.707-0700][4821615ms] GC(38) Pause Young (Normal) (G1 Evacuation Pause)
[2024-09-25T14:31:47.707-0700][4821615ms] GC(38) Using 10 workers of 10 for evacuation
[2024-09-25T14:31:47.742-0700][4821650ms] GC(38)   Pre Evacuate Collection Set: 0.0ms
[2024-09-25T14:31:47.742-0700][4821650ms] GC(38)   Evacuate Collection Set: 32.4ms
[2024-09-25T14:31:47.742-0700][4821650ms] GC(38)   Post Evacuate Collection Set: 1.9ms
[2024-09-25T14:31:47.742-0700][4821650ms] GC(38)   Other: 0.3ms
[2024-09-25T14:31:47.742-0700][4821650ms] GC(38) Eden regions: 141->0(135)
[2024-09-25T14:31:47.742-0700][4821650ms] GC(38) Survivor regions: 22->10(21)
[2024-09-25T14:31:47.742-0700][4821650ms] GC(38) Old regions: 123->145
[2024-09-25T14:31:47.742-0700][4821650ms] GC(38) Humongous regions: 5->5
[2024-09-25T14:31:47.742-0700][4821650ms] GC(38) Metaspace: 239863K->239863K(1275904K)
[2024-09-25T14:31:47.742-0700][4821650ms] GC(38) Pause Young (Normal) (G1 Evacuation Pause) 581M->317M(726M) 34.750ms
[2024-09-25T14:31:47.742-0700][4821650ms] GC(38) User=0.11s Sys=0.00s Real=0.04s
[2024-09-25T14:31:48.416-0700][4822324ms] GC(39) Pause Young (Normal) (G1 Evacuation Pause)
[2024-09-25T14:31:48.416-0700][4822324ms] GC(39) Using 10 workers of 10 for evacuation
[2024-09-25T14:31:48.436-0700][4822344ms] GC(39)   Pre Evacuate Collection Set: 0.0ms
[2024-09-25T14:31:48.436-0700][4822344ms] GC(39)   Evacuate Collection Set: 17.4ms
[2024-09-25T14:31:48.436-0700][4822344ms] GC(39)   Post Evacuate Collection Set: 1.8ms
[2024-09-25T14:31:48.436-0700][4822344ms] GC(39)   Other: 0.2ms
[2024-09-25T14:31:48.436-0700][4822344ms] GC(39) Eden regions: 135->0(125)
[2024-09-25T14:31:48.436-0700][4822344ms] GC(39) Survivor regions: 10->19(19)
[2024-09-25T14:31:48.436-0700][4822344ms] GC(39) Old regions: 145->145
[2024-09-25T14:31:48.436-0700][4822344ms] GC(39) Humongous regions: 7->7
[2024-09-25T14:31:48.436-0700][4822344ms] GC(39) Metaspace: 239863K->239863K(1275904K)
[2024-09-25T14:31:48.436-0700][4822344ms] GC(39) Pause Young (Normal) (G1 Evacuation Pause) 591M->339M(726M) 19.469ms
[2024-09-25T14:31:48.436-0700][4822344ms] GC(39) User=0.06s Sys=0.00s Real=0.02s
[2024-09-25T14:31:49.617-0700][4823525ms] GC(40) Pause Young (Normal) (G1 Evacuation Pause)
[2024-09-25T14:31:49.617-0700][4823525ms] GC(40) Using 10 workers of 10 for evacuation
[2024-09-25T14:31:49.650-0700][4823558ms] GC(40)   Pre Evacuate Collection Set: 0.0ms
[2024-09-25T14:31:49.650-0700][4823558ms] GC(40)   Evacuate Collection Set: 31.0ms
[2024-09-25T14:31:49.650-0700][4823558ms] GC(40)   Post Evacuate Collection Set: 1.6ms
[2024-09-25T14:31:49.650-0700][4823558ms] GC(40)   Other: 0.2ms
[2024-09-25T14:31:49.650-0700][4823558ms] GC(40) Eden regions: 125->0(113)
[2024-09-25T14:31:49.650-0700][4823558ms] GC(40) Survivor regions: 19->13(18)
[2024-09-25T14:31:49.650-0700][4823558ms] GC(40) Old regions: 145->162
[2024-09-25T14:31:49.650-0700][4823558ms] GC(40) Humongous regions: 10->10
[2024-09-25T14:31:49.650-0700][4823558ms] GC(40) Metaspace: 239863K->239863K(1275904K)
[2024-09-25T14:31:49.650-0700][4823558ms] GC(40) Pause Young (Normal) (G1 Evacuation Pause) 595M->369M(726M) 32.943ms
[2024-09-25T14:31:49.650-0700][4823558ms] GC(40) User=0.19s Sys=0.00s Real=0.03s
[2024-09-25T14:31:50.097-0700][4824005ms] GC(41) Pause Young (Concurrent Start) (G1 Humongous Allocation)
[2024-09-25T14:31:50.097-0700][4824005ms] GC(41) Using 10 workers of 10 for evacuation
[2024-09-25T14:31:50.116-0700][4824024ms] GC(41)   Pre Evacuate Collection Set: 0.4ms
[2024-09-25T14:31:50.116-0700][4824024ms] GC(41)   Evacuate Collection Set: 17.8ms
[2024-09-25T14:31:50.116-0700][4824024ms] GC(41)   Post Evacuate Collection Set: 1.7ms
[2024-09-25T14:31:50.116-0700][4824024ms] GC(41)   Other: 0.3ms
[2024-09-25T14:31:50.116-0700][4824024ms] GC(41) Eden regions: 101->0(107)
[2024-09-25T14:31:50.116-0700][4824024ms] GC(41) Survivor regions: 13->7(16)
[2024-09-25T14:31:50.116-0700][4824024ms] GC(41) Old regions: 162->175
[2024-09-25T14:31:50.116-0700][4824024ms] GC(41) Humongous regions: 10->10
[2024-09-25T14:31:50.116-0700][4824024ms] GC(41) Metaspace: 239863K->239863K(1275904K)
[2024-09-25T14:31:50.116-0700][4824024ms] GC(41) Pause Young (Concurrent Start) (G1 Humongous Allocation) 571M->380M(726M) 20.223ms
[2024-09-25T14:31:50.116-0700][4824024ms] GC(41) User=0.09s Sys=0.00s Real=0.02s
[2024-09-25T14:31:50.117-0700][4824025ms] GC(42) Concurrent Cycle
[2024-09-25T14:31:50.117-0700][4824025ms] GC(42) Concurrent Clear Claimed Marks
[2024-09-25T14:31:50.117-0700][4824025ms] GC(42) Concurrent Clear Claimed Marks 0.382ms
[2024-09-25T14:31:50.117-0700][4824025ms] GC(42) Concurrent Scan Root Regions
[2024-09-25T14:31:50.123-0700][4824031ms] GC(42) Concurrent Scan Root Regions 5.014ms
[2024-09-25T14:31:50.123-0700][4824031ms] GC(42) Concurrent Mark (4824.030s)
[2024-09-25T14:31:50.123-0700][4824031ms] GC(42) Concurrent Mark From Roots
[2024-09-25T14:31:50.123-0700][4824031ms] GC(42) Using 3 workers of 3 for marking
[2024-09-25T14:31:50.283-0700][4824191ms] GC(42) Concurrent Mark From Roots 160.021ms
[2024-09-25T14:31:50.283-0700][4824191ms] GC(42) Concurrent Preclean
[2024-09-25T14:31:50.283-0700][4824191ms] GC(42) Concurrent Preclean 0.770ms
[2024-09-25T14:31:50.283-0700][4824191ms] GC(42) Concurrent Mark (4824.030s, 4824.191s) 160.867ms
[2024-09-25T14:31:50.284-0700][4824192ms] GC(42) Pause Remark
[2024-09-25T14:31:50.340-0700][4824248ms] GC(42) Cleaned string and symbol table, strings: 91576 processed, 1523 removed, symbols: 559131 processed, 6 removed
[2024-09-25T14:31:50.340-0700][4824248ms] GC(42) Pause Remark 442M->440M(726M) 56.632ms
[2024-09-25T14:31:50.340-0700][4824248ms] GC(42) User=0.02s Sys=0.02s Real=0.06s
[2024-09-25T14:31:50.340-0700][4824248ms] GC(42) Concurrent Rebuild Remembered Sets
[2024-09-25T14:31:50.416-0700][4824324ms] GC(42) Concurrent Rebuild Remembered Sets 75.895ms
[2024-09-25T14:31:50.417-0700][4824325ms] GC(42) Pause Cleanup
[2024-09-25T14:31:50.417-0700][4824325ms] GC(42) Pause Cleanup 470M->470M(726M) 0.194ms
[2024-09-25T14:31:50.417-0700][4824325ms] GC(42) User=0.00s Sys=0.00s Real=0.00s
[2024-09-25T14:31:50.417-0700][4824325ms] GC(42) Concurrent Cleanup for Next Mark
[2024-09-25T14:31:50.420-0700][4824328ms] GC(42) Concurrent Cleanup for Next Mark 3.358ms
[2024-09-25T14:31:50.420-0700][4824328ms] GC(42) Concurrent Cycle 303.157ms
[2024-09-25T14:31:50.753-0700][4824661ms] GC(43) Pause Young (Prepare Mixed) (G1 Evacuation Pause)
[2024-09-25T14:31:50.753-0700][4824661ms] GC(43) Using 10 workers of 10 for evacuation
[2024-09-25T14:31:50.772-0700][4824680ms] GC(43)   Pre Evacuate Collection Set: 0.0ms
[2024-09-25T14:31:50.772-0700][4824680ms] GC(43)   Evacuate Collection Set: 16.1ms
[2024-09-25T14:31:50.772-0700][4824680ms] GC(43)   Post Evacuate Collection Set: 2.0ms
[2024-09-25T14:31:50.772-0700][4824680ms] GC(43)   Other: 0.3ms
[2024-09-25T14:31:50.772-0700][4824680ms] GC(43) Eden regions: 107->0(6)
[2024-09-25T14:31:50.772-0700][4824680ms] GC(43) Survivor regions: 7->12(15)
[2024-09-25T14:31:50.772-0700][4824680ms] GC(43) Old regions: 175->175
[2024-09-25T14:31:50.772-0700][4824680ms] GC(43) Humongous regions: 11->11
[2024-09-25T14:31:50.772-0700][4824680ms] GC(43) Metaspace: 239809K->239809K(1275904K)
[2024-09-25T14:31:50.772-0700][4824680ms] GC(43) Pause Young (Prepare Mixed) (G1 Evacuation Pause) 596M->392M(726M) 18.572ms
[2024-09-25T14:31:50.772-0700][4824680ms] GC(43) User=0.03s Sys=0.00s Real=0.02s
[2024-09-25T14:31:50.809-0700][4824717ms] GC(44) Pause Young (Mixed) (G1 Evacuation Pause)
[2024-09-25T14:31:50.809-0700][4824717ms] GC(44) Using 10 workers of 10 for evacuation
[2024-09-25T14:31:50.824-0700][4824732ms] GC(44)   Pre Evacuate Collection Set: 0.0ms
[2024-09-25T14:31:50.824-0700][4824732ms] GC(44)   Evacuate Collection Set: 12.2ms
[2024-09-25T14:31:50.824-0700][4824732ms] GC(44)   Post Evacuate Collection Set: 2.1ms
[2024-09-25T14:31:50.824-0700][4824732ms] GC(44)   Other: 0.3ms
[2024-09-25T14:31:50.824-0700][4824732ms] GC(44) Eden regions: 6->0(110)
[2024-09-25T14:31:50.824-0700][4824732ms] GC(44) Survivor regions: 12->2(3)
[2024-09-25T14:31:50.824-0700][4824732ms] GC(44) Old regions: 175->176
[2024-09-25T14:31:50.824-0700][4824732ms] GC(44) Humongous regions: 11->11
[2024-09-25T14:31:50.824-0700][4824732ms] GC(44) Metaspace: 239809K->239809K(1275904K)
[2024-09-25T14:31:50.824-0700][4824732ms] GC(44) Pause Young (Mixed) (G1 Evacuation Pause) 404M->376M(726M) 14.688ms
[2024-09-25T14:31:50.824-0700][4824732ms] GC(44) User=0.02s Sys=0.00s Real=0.01s
[2024-09-25T14:31:51.442-0700][4825350ms] GC(45) Pause Young (Concurrent Start) (G1 Evacuation Pause)
[2024-09-25T14:31:51.442-0700][4825350ms] GC(45) Using 10 workers of 10 for evacuation
[2024-09-25T14:31:51.456-0700][4825364ms] GC(45)   Pre Evacuate Collection Set: 0.4ms
[2024-09-25T14:31:51.456-0700][4825364ms] GC(45)   Evacuate Collection Set: 10.9ms
[2024-09-25T14:31:51.456-0700][4825364ms] GC(45)   Post Evacuate Collection Set: 1.8ms
[2024-09-25T14:31:51.456-0700][4825364ms] GC(45)   Other: 0.3ms
[2024-09-25T14:31:51.456-0700][4825364ms] GC(45) Eden regions: 110->0(108)
[2024-09-25T14:31:51.456-0700][4825364ms] GC(45) Survivor regions: 2->7(14)
[2024-09-25T14:31:51.456-0700][4825364ms] GC(45) Old regions: 176->176
[2024-09-25T14:31:51.456-0700][4825364ms] GC(45) Humongous regions: 11->11
[2024-09-25T14:31:51.456-0700][4825364ms] GC(45) Metaspace: 239809K->239809K(1275904K)
[2024-09-25T14:31:51.456-0700][4825364ms] GC(45) Pause Young (Concurrent Start) (G1 Evacuation Pause) 596M->385M(726M) 13.442ms
[2024-09-25T14:31:51.456-0700][4825364ms] GC(45) User=0.02s Sys=0.00s Real=0.01s
[2024-09-25T14:31:51.456-0700][4825364ms] GC(46) Concurrent Cycle
[2024-09-25T14:31:51.456-0700][4825364ms] GC(46) Concurrent Clear Claimed Marks
[2024-09-25T14:31:51.456-0700][4825364ms] GC(46) Concurrent Clear Claimed Marks 0.366ms
[2024-09-25T14:31:51.456-0700][4825364ms] GC(46) Concurrent Scan Root Regions
[2024-09-25T14:31:51.461-0700][4825369ms] GC(46) Concurrent Scan Root Regions 5.120ms
[2024-09-25T14:31:51.461-0700][4825369ms] GC(46) Concurrent Mark (4825.369s)
[2024-09-25T14:31:51.461-0700][4825369ms] GC(46) Concurrent Mark From Roots
[2024-09-25T14:31:51.461-0700][4825369ms] GC(46) Using 3 workers of 3 for marking
[2024-09-25T14:31:51.594-0700][4825502ms] GC(46) Concurrent Mark From Roots 132.020ms
[2024-09-25T14:31:51.594-0700][4825502ms] GC(46) Concurrent Preclean
[2024-09-25T14:31:51.594-0700][4825502ms] GC(46) Concurrent Preclean 0.896ms
[2024-09-25T14:31:51.594-0700][4825502ms] GC(46) Concurrent Mark (4825.369s, 4825.502s) 132.998ms
[2024-09-25T14:31:51.595-0700][4825503ms] GC(46) Pause Remark
[2024-09-25T14:31:51.608-0700][4825516ms] GC(46) Cleaned string and symbol table, strings: 90053 processed, 0 removed, symbols: 559125 processed, 23 removed
[2024-09-25T14:31:51.608-0700][4825516ms] GC(46) Pause Remark 424M->422M(726M) 13.982ms
[2024-09-25T14:31:51.608-0700][4825516ms] GC(46) User=0.02s Sys=0.00s Real=0.01s
[2024-09-25T14:31:51.608-0700][4825516ms] GC(46) Concurrent Rebuild Remembered Sets
[2024-09-25T14:31:51.689-0700][4825597ms] GC(46) Concurrent Rebuild Remembered Sets 80.328ms
[2024-09-25T14:31:51.689-0700][4825597ms] GC(46) Pause Cleanup
[2024-09-25T14:31:51.689-0700][4825597ms] GC(46) Pause Cleanup 445M->445M(726M) 0.156ms
[2024-09-25T14:31:51.689-0700][4825597ms] GC(46) User=0.00s Sys=0.00s Real=0.00s
[2024-09-25T14:31:51.689-0700][4825597ms] GC(46) Concurrent Cleanup for Next Mark
[2024-09-25T14:31:51.690-0700][4825598ms] GC(46) Concurrent Cleanup for Next Mark 1.109ms
[2024-09-25T14:31:51.690-0700][4825598ms] GC(46) Concurrent Cycle 234.787ms
[2024-09-25T14:31:52.597-0700][4826505ms] GC(47) Pause Young (Prepare Mixed) (G1 Evacuation Pause)
[2024-09-25T14:31:52.597-0700][4826505ms] GC(47) Using 10 workers of 10 for evacuation
[2024-09-25T14:31:52.624-0700][4826532ms] GC(47)   Pre Evacuate Collection Set: 0.0ms
[2024-09-25T14:31:52.624-0700][4826532ms] GC(47)   Evacuate Collection Set: 24.4ms
[2024-09-25T14:31:52.624-0700][4826532ms] GC(47)   Post Evacuate Collection Set: 2.3ms
[2024-09-25T14:31:52.624-0700][4826532ms] GC(47)   Other: 0.3ms
[2024-09-25T14:31:52.624-0700][4826532ms] GC(47) Eden regions: 108->0(3)
[2024-09-25T14:31:52.624-0700][4826532ms] GC(47) Survivor regions: 7->15(15)
[2024-09-25T14:31:52.624-0700][4826532ms] GC(47) Old regions: 176->189
[2024-09-25T14:31:52.624-0700][4826532ms] GC(47) Humongous regions: 14->14
[2024-09-25T14:31:52.624-0700][4826532ms] GC(47) Metaspace: 247252K->247252K(1284096K)
[2024-09-25T14:31:52.624-0700][4826532ms] GC(47) Pause Young (Prepare Mixed) (G1 Evacuation Pause) 607M->435M(726M) 27.152ms
[2024-09-25T14:31:52.624-0700][4826532ms] GC(47) User=0.11s Sys=0.00s Real=0.03s
[2024-09-25T14:31:52.626-0700][4826534ms] GC(48) Pause Young (Mixed) (G1 Evacuation Pause)
[2024-09-25T14:31:52.626-0700][4826534ms] GC(48) Using 10 workers of 10 for evacuation
[2024-09-25T14:31:52.650-0700][4826558ms] GC(48)   Pre Evacuate Collection Set: 0.0ms
[2024-09-25T14:31:52.650-0700][4826558ms] GC(48)   Evacuate Collection Set: 21.9ms
[2024-09-25T14:31:52.650-0700][4826558ms] GC(48)   Post Evacuate Collection Set: 2.3ms
[2024-09-25T14:31:52.651-0700][4826559ms] GC(48)   Other: 0.2ms
[2024-09-25T14:31:52.651-0700][4826559ms] GC(48) Eden regions: 3->0(79)
[2024-09-25T14:31:52.651-0700][4826559ms] GC(48) Survivor regions: 15->3(3)
[2024-09-25T14:31:52.651-0700][4826559ms] GC(48) Old regions: 189->200
[2024-09-25T14:31:52.651-0700][4826559ms] GC(48) Humongous regions: 14->14
[2024-09-25T14:31:52.651-0700][4826559ms] GC(48) Metaspace: 247252K->247252K(1284096K)
[2024-09-25T14:31:52.651-0700][4826559ms] GC(48) Pause Young (Mixed) (G1 Evacuation Pause) 441M->432M(726M) 24.605ms
[2024-09-25T14:31:52.651-0700][4826559ms] GC(48) User=0.17s Sys=0.02s Real=0.03s
[2024-09-25T14:31:54.808-0700][4828716ms] GC(49) Pause Young (Concurrent Start) (G1 Evacuation Pause)
[2024-09-25T14:31:54.808-0700][4828716ms] GC(49) Using 10 workers of 10 for evacuation
[2024-09-25T14:31:54.849-0700][4828757ms] GC(49)   Pre Evacuate Collection Set: 0.4ms
[2024-09-25T14:31:54.849-0700][4828757ms] GC(49)   Evacuate Collection Set: 37.6ms
[2024-09-25T14:31:54.849-0700][4828757ms] GC(49)   Post Evacuate Collection Set: 2.3ms
[2024-09-25T14:31:54.849-0700][4828757ms] GC(49)   Other: 0.3ms
[2024-09-25T14:31:54.849-0700][4828757ms] GC(49) Eden regions: 79->0(60)
[2024-09-25T14:31:54.849-0700][4828757ms] GC(49) Survivor regions: 3->11(11)
[2024-09-25T14:31:54.849-0700][4828757ms] GC(49) Old regions: 200->211
[2024-09-25T14:31:54.850-0700][4828758ms] GC(49) Humongous regions: 14->14
[2024-09-25T14:31:54.850-0700][4828758ms] GC(49) Metaspace: 259705K->259705K(1294336K)
[2024-09-25T14:31:54.850-0700][4828758ms] GC(49) Pause Young (Concurrent Start) (G1 Evacuation Pause) 590M->470M(726M) 40.635ms
[2024-09-25T14:31:54.850-0700][4828758ms] GC(49) User=0.03s Sys=0.00s Real=0.04s
[2024-09-25T14:31:54.850-0700][4828758ms] GC(50) Concurrent Cycle
[2024-09-25T14:31:54.850-0700][4828758ms] GC(50) Concurrent Clear Claimed Marks
[2024-09-25T14:31:54.850-0700][4828758ms] GC(50) Concurrent Clear Claimed Marks 0.622ms
[2024-09-25T14:31:54.850-0700][4828758ms] GC(50) Concurrent Scan Root Regions
[2024-09-25T14:31:54.857-0700][4828765ms] GC(50) Concurrent Scan Root Regions 6.290ms
[2024-09-25T14:31:54.857-0700][4828765ms] GC(50) Concurrent Mark (4828.764s)
[2024-09-25T14:31:54.857-0700][4828765ms] GC(50) Concurrent Mark From Roots
[2024-09-25T14:31:54.857-0700][4828765ms] GC(50) Using 3 workers of 3 for marking
[2024-09-25T14:31:55.082-0700][4828990ms] GC(50) Concurrent Mark From Roots 225.332ms
[2024-09-25T14:31:55.082-0700][4828990ms] GC(50) Concurrent Preclean
[2024-09-25T14:31:55.082-0700][4828990ms] GC(50) Concurrent Preclean 0.747ms
[2024-09-25T14:31:55.082-0700][4828990ms] GC(50) Concurrent Mark (4828.764s, 4828.991s) 226.159ms
[2024-09-25T14:31:55.083-0700][4828991ms] GC(50) Pause Remark
[2024-09-25T14:31:55.095-0700][4829003ms] GC(50) Cleaned string and symbol table, strings: 90531 processed, 70 removed, symbols: 560516 processed, 32 removed
[2024-09-25T14:31:55.095-0700][4829003ms] GC(50) Pause Remark 510M->482M(726M) 11.683ms
[2024-09-25T14:31:55.095-0700][4829003ms] GC(50) User=0.00s Sys=0.00s Real=0.01s
[2024-09-25T14:31:55.095-0700][4829003ms] GC(50) Concurrent Rebuild Remembered Sets
[2024-09-25T14:31:55.187-0700][4829095ms] GC(50) Concurrent Rebuild Remembered Sets 92.771ms
[2024-09-25T14:31:55.188-0700][4829096ms] GC(50) Pause Cleanup
[2024-09-25T14:31:55.188-0700][4829096ms] GC(50) Pause Cleanup 482M->482M(726M) 0.211ms
[2024-09-25T14:31:55.188-0700][4829096ms] GC(50) User=0.00s Sys=0.00s Real=0.00s
[2024-09-25T14:31:55.188-0700][4829096ms] GC(50) Concurrent Cleanup for Next Mark
[2024-09-25T14:31:55.189-0700][4829097ms] GC(50) Concurrent Cleanup for Next Mark 0.836ms
[2024-09-25T14:31:55.189-0700][4829097ms] GC(50) Concurrent Cycle 339.502ms
[2024-09-25T14:31:56.860-0700][4830768ms] GC(51) Pause Young (Prepare Mixed) (G1 Evacuation Pause)
[2024-09-25T14:31:56.860-0700][4830768ms] GC(51) Using 10 workers of 10 for evacuation
[2024-09-25T14:31:56.871-0700][4830779ms] GC(51)   Pre Evacuate Collection Set: 0.0ms
[2024-09-25T14:31:56.871-0700][4830779ms] GC(51)   Evacuate Collection Set: 9.8ms
[2024-09-25T14:31:56.871-0700][4830779ms] GC(51)   Post Evacuate Collection Set: 2.2ms
[2024-09-25T14:31:56.871-0700][4830779ms] GC(51)   Other: 0.5ms
[2024-09-25T14:31:56.871-0700][4830779ms] GC(51) Eden regions: 60->0(12)
[2024-09-25T14:31:56.871-0700][4830779ms] GC(51) Survivor regions: 11->6(9)
[2024-09-25T14:31:56.871-0700][4830779ms] GC(51) Old regions: 204->216
[2024-09-25T14:31:56.871-0700][4830779ms] GC(51) Humongous regions: 7->7
[2024-09-25T14:31:56.871-0700][4830779ms] GC(51) Metaspace: 278544K->278544K(1312768K)
[2024-09-25T14:31:56.871-0700][4830779ms] GC(51) Pause Young (Prepare Mixed) (G1 Evacuation Pause) 562M->455M(726M) 12.612ms
[2024-09-25T14:31:56.871-0700][4830779ms] GC(51) User=0.00s Sys=0.00s Real=0.01s
[2024-09-25T14:31:57.059-0700][4830967ms] GC(52) Pause Young (Mixed) (G1 Evacuation Pause)
[2024-09-25T14:31:57.059-0700][4830967ms] GC(52) Using 10 workers of 10 for evacuation
[2024-09-25T14:31:57.078-0700][4830986ms] GC(52)   Pre Evacuate Collection Set: 0.1ms
[2024-09-25T14:31:57.078-0700][4830986ms] GC(52)   Evacuate Collection Set: 15.8ms
[2024-09-25T14:31:57.078-0700][4830986ms] GC(52)   Post Evacuate Collection Set: 3.0ms
[2024-09-25T14:31:57.078-0700][4830986ms] GC(52)   Other: 0.3ms
[2024-09-25T14:31:57.078-0700][4830986ms] GC(52) Eden regions: 12->0(73)
[2024-09-25T14:31:57.078-0700][4830986ms] GC(52) Survivor regions: 6->2(3)
[2024-09-25T14:31:57.078-0700][4830986ms] GC(52) Old regions: 216->205
[2024-09-25T14:31:57.078-0700][4830986ms] GC(52) Humongous regions: 7->7
[2024-09-25T14:31:57.078-0700][4830986ms] GC(52) Metaspace: 285958K->285958K(1318912K)
[2024-09-25T14:31:57.078-0700][4830986ms] GC(52) Pause Young (Mixed) (G1 Evacuation Pause) 479M->425M(726M) 19.400ms
[2024-09-25T14:31:57.078-0700][4830986ms] GC(52) User=0.00s Sys=0.00s Real=0.02s
[2024-09-25T14:31:58.410-0700][4832318ms] GC(53) Pause Young (Concurrent Start) (G1 Evacuation Pause)
[2024-09-25T14:31:58.410-0700][4832318ms] GC(53) Using 10 workers of 10 for evacuation
[2024-09-25T14:31:58.416-0700][4832324ms] GC(53)   Pre Evacuate Collection Set: 0.4ms
[2024-09-25T14:31:58.416-0700][4832324ms] GC(53)   Evacuate Collection Set: 4.2ms
[2024-09-25T14:31:58.416-0700][4832324ms] GC(53)   Post Evacuate Collection Set: 1.7ms
[2024-09-25T14:31:58.416-0700][4832324ms] GC(53)   Other: 0.2ms
[2024-09-25T14:31:58.416-0700][4832324ms] GC(53) Eden regions: 73->0(77)
[2024-09-25T14:31:58.416-0700][4832324ms] GC(53) Survivor regions: 2->1(10)
[2024-09-25T14:31:58.416-0700][4832324ms] GC(53) Old regions: 205->205
[2024-09-25T14:31:58.416-0700][4832324ms] GC(53) Humongous regions: 7->7
[2024-09-25T14:31:58.416-0700][4832324ms] GC(53) Metaspace: 326890K->326890K(1357824K)
[2024-09-25T14:31:58.416-0700][4832324ms] GC(53) Pause Young (Concurrent Start) (G1 Evacuation Pause) 571M->425M(726M) 6.656ms
[2024-09-25T14:31:58.416-0700][4832324ms] GC(53) User=0.02s Sys=0.00s Real=0.01s
[2024-09-25T14:31:58.416-0700][4832324ms] GC(54) Concurrent Cycle
[2024-09-25T14:31:58.416-0700][4832324ms] GC(54) Concurrent Clear Claimed Marks
[2024-09-25T14:31:58.416-0700][4832324ms] GC(54) Concurrent Clear Claimed Marks 0.336ms
[2024-09-25T14:31:58.416-0700][4832324ms] GC(54) Concurrent Scan Root Regions
[2024-09-25T14:31:58.418-0700][4832326ms] GC(54) Concurrent Scan Root Regions 1.818ms
[2024-09-25T14:31:58.418-0700][4832326ms] GC(54) Concurrent Mark (4832.326s)
[2024-09-25T14:31:58.418-0700][4832326ms] GC(54) Concurrent Mark From Roots
[2024-09-25T14:31:58.418-0700][4832326ms] GC(54) Using 3 workers of 3 for marking
[2024-09-25T14:31:58.602-0700][4832510ms] GC(54) Concurrent Mark From Roots 183.509ms
[2024-09-25T14:31:58.602-0700][4832510ms] GC(54) Concurrent Preclean
[2024-09-25T14:31:58.603-0700][4832511ms] GC(54) Concurrent Preclean 0.830ms
[2024-09-25T14:31:58.603-0700][4832511ms] GC(54) Concurrent Mark (4832.326s, 4832.511s) 184.436ms
[2024-09-25T14:31:58.604-0700][4832512ms] GC(54) Pause Remark
[2024-09-25T14:31:58.621-0700][4832529ms] GC(54) Cleaned string and symbol table, strings: 90472 processed, 120 removed, symbols: 560555 processed, 32 removed
[2024-09-25T14:31:58.621-0700][4832529ms] GC(54) Pause Remark 437M->437M(726M) 16.920ms
[2024-09-25T14:31:58.621-0700][4832529ms] GC(54) User=0.02s Sys=0.00s Real=0.02s
[2024-09-25T14:31:58.621-0700][4832529ms] GC(54) Concurrent Rebuild Remembered Sets
[2024-09-25T14:31:58.719-0700][4832627ms] GC(54) Concurrent Rebuild Remembered Sets 98.328ms
[2024-09-25T14:31:58.719-0700][4832627ms] GC(54) Pause Cleanup
[2024-09-25T14:31:58.720-0700][4832628ms] GC(54) Pause Cleanup 437M->437M(726M) 0.188ms
[2024-09-25T14:31:58.720-0700][4832628ms] GC(54) User=0.00s Sys=0.00s Real=0.00s
[2024-09-25T14:31:58.720-0700][4832628ms] GC(54) Concurrent Cleanup for Next Mark
[2024-09-25T14:31:58.720-0700][4832628ms] GC(54) Concurrent Cleanup for Next Mark 0.621ms
[2024-09-25T14:31:58.720-0700][4832628ms] GC(54) Concurrent Cycle 304.496ms
[2024-09-25T14:33:12.605-0700][4906513ms] GC(55) Pause Young (Prepare Mixed) (G1 Evacuation Pause)
[2024-09-25T14:33:12.605-0700][4906513ms] GC(55) Using 10 workers of 10 for evacuation
[2024-09-25T14:33:12.614-0700][4906522ms] GC(55)   Pre Evacuate Collection Set: 0.0ms
[2024-09-25T14:33:12.614-0700][4906522ms] GC(55)   Evacuate Collection Set: 7.3ms
[2024-09-25T14:33:12.614-0700][4906522ms] GC(55)   Post Evacuate Collection Set: 1.6ms
[2024-09-25T14:33:12.614-0700][4906522ms] GC(55)   Other: 0.3ms
[2024-09-25T14:33:12.614-0700][4906522ms] GC(55) Eden regions: 77->0(11)
[2024-09-25T14:33:12.614-0700][4906522ms] GC(55) Survivor regions: 1->7(10)
[2024-09-25T14:33:12.614-0700][4906522ms] GC(55) Old regions: 205->205
[2024-09-25T14:33:12.614-0700][4906522ms] GC(55) Humongous regions: 7->7
[2024-09-25T14:33:12.614-0700][4906522ms] GC(55) Metaspace: 355205K->355205K(1382400K)
[2024-09-25T14:33:12.614-0700][4906522ms] GC(55) Pause Young (Prepare Mixed) (G1 Evacuation Pause) 579M->435M(726M) 9.317ms
[2024-09-25T14:33:12.614-0700][4906522ms] GC(55) User=0.00s Sys=0.00s Real=0.01s
[2024-09-25T14:33:12.769-0700][4906677ms] Heap
[2024-09-25T14:33:12.769-0700][4906677ms]  garbage-first heap   total 743424K, used 446198K [0x000000060ae00000, 0x0000000800000000)
[2024-09-25T14:33:12.769-0700][4906677ms]   region size 2048K, 8 young (16384K), 7 survivors (14336K)
[2024-09-25T14:33:12.769-0700][4906677ms]  Metaspace       used 355247K, capacity 372228K, committed 372544K, reserved 1382400K
[2024-09-25T14:33:12.769-0700][4906677ms]   class space    used 34044K, capacity 39345K, committed 39372K, reserved 1048576K
