[2023-11-10T11:19:32.852-0800][74776484ms] GC(19556)   Other: 0.3ms
[2023-11-10T11:19:32.852-0800][74776484ms] GC(19556) Eden regions: 233->0(233)
[2023-11-10T11:19:32.852-0800][74776484ms] GC(19556) Survivor regions: 1->1(30)
[2023-11-10T11:19:32.852-0800][74776484ms] GC(19556) Old regions: 1380->1380
[2023-11-10T11:19:32.852-0800][74776484ms] GC(19556) Humongous regions: 5->5
[2023-11-10T11:19:32.852-0800][74776484ms] GC(19556) Metaspace: 304541K->304541K(1347584K)
[2023-11-10T11:19:32.852-0800][74776484ms] GC(19556) Pause Young (Normal) (G1 Evacuation Pause) 3236M->2770M(3602M) 7.324ms
[2023-11-10T11:19:32.852-0800][74776484ms] GC(19556) User=0.02s Sys=0.00s Real=0.01s
[2023-11-10T11:19:33.461-0800][74777093ms] GC(19557) Pause Young (Normal) (G1 Evacuation Pause)
[2023-11-10T11:19:33.461-0800][74777093ms] GC(19557) Using 10 workers of 10 for evacuation
[2023-11-10T11:19:33.467-0800][74777099ms] GC(19557)   Pre Evacuate Collection Set: 0.1ms
[2023-11-10T11:19:33.467-0800][74777099ms] GC(19557)   Evacuate Collection Set: 2.3ms
[2023-11-10T11:19:33.467-0800][74777099ms] GC(19557)   Post Evacuate Collection Set: 3.3ms
[2023-11-10T11:19:33.467-0800][74777099ms] GC(19557)   Other: 0.5ms
[2023-11-10T11:19:33.467-0800][74777099ms] GC(19557) Eden regions: 233->0(233)
[2023-11-10T11:19:33.467-0800][74777099ms] GC(19557) Survivor regions: 1->1(30)
[2023-11-10T11:19:33.467-0800][74777099ms] GC(19557) Old regions: 1380->1380
[2023-11-10T11:19:33.468-0800][74777100ms] GC(19557) Humongous regions: 5->5
[2023-11-10T11:19:33.468-0800][74777100ms] GC(19557) Metaspace: 304541K->304541K(1347584K)
[2023-11-10T11:19:33.468-0800][74777100ms] GC(19557) Pause Young (Normal) (G1 Evacuation Pause) 3236M->2770M(3602M) 6.351ms
[2023-11-10T11:19:33.468-0800][74777100ms] GC(19557) User=0.00s Sys=0.00s Real=0.01s
[2023-11-10T11:19:34.026-0800][74777658ms] GC(19558) Pause Young (Normal) (G1 Evacuation Pause)
[2023-11-10T11:19:34.026-0800][74777658ms] GC(19558) Using 10 workers of 10 for evacuation
[2023-11-10T11:19:34.032-0800][74777664ms] GC(19558)   Pre Evacuate Collection Set: 0.1ms
[2023-11-10T11:19:34.032-0800][74777664ms] GC(19558)   Evacuate Collection Set: 2.0ms
[2023-11-10T11:19:34.032-0800][74777664ms] GC(19558)   Post Evacuate Collection Set: 4.6ms
[2023-11-10T11:19:34.032-0800][74777664ms] GC(19558)   Other: 0.4ms
[2023-11-10T11:19:34.032-0800][74777664ms] GC(19558) Eden regions: 233->0(232)
[2023-11-10T11:19:34.032-0800][74777664ms] GC(19558) Survivor regions: 1->1(30)
[2023-11-10T11:19:34.032-0800][74777664ms] GC(19558) Old regions: 1380->1381
[2023-11-10T11:19:34.032-0800][74777664ms] GC(19558) Humongous regions: 5->5
[2023-11-10T11:19:34.032-0800][74777664ms] GC(19558) Metaspace: 304541K->304541K(1347584K)
[2023-11-10T11:19:34.032-0800][74777664ms] GC(19558) Pause Young (Normal) (G1 Evacuation Pause) 3236M->2770M(3602M) 7.176ms
[2023-11-10T11:19:34.032-0800][74777664ms] GC(19558) User=0.00s Sys=0.00s Real=0.01s
[2023-11-10T11:19:34.678-0800][74778310ms] GC(19559) Pause Young (Normal) (G1 Evacuation Pause)
[2023-11-10T11:19:34.678-0800][74778310ms] GC(19559) Using 10 workers of 10 for evacuation
[2023-11-10T11:19:34.685-0800][74778317ms] GC(19559)   Pre Evacuate Collection Set: 0.0ms
[2023-11-10T11:19:34.685-0800][74778317ms] GC(19559)   Evacuate Collection Set: 1.9ms
[2023-11-10T11:19:34.685-0800][74778317ms] GC(19559)   Post Evacuate Collection Set: 4.3ms
[2023-11-10T11:19:34.685-0800][74778317ms] GC(19559)   Other: 0.4ms
[2023-11-10T11:19:34.685-0800][74778317ms] GC(19559) Eden regions: 232->0(232)
[2023-11-10T11:19:34.685-0800][74778317ms] GC(19559) Survivor regions: 1->1(30)
[2023-11-10T11:19:34.685-0800][74778317ms] GC(19559) Old regions: 1381->1381
[2023-11-10T11:19:34.685-0800][74778317ms] GC(19559) Humongous regions: 5->5
[2023-11-10T11:19:34.685-0800][74778317ms] GC(19559) Metaspace: 304541K->304541K(1347584K)
[2023-11-10T11:19:34.685-0800][74778317ms] GC(19559) Pause Young (Normal) (G1 Evacuation Pause) 3234M->2770M(3602M) 6.674ms
[2023-11-10T11:19:34.685-0800][74778317ms] GC(19559) User=0.02s Sys=0.00s Real=0.01s
[2023-11-10T11:19:35.262-0800][74778894ms] GC(19560) Pause Young (Normal) (G1 Evacuation Pause)
[2023-11-10T11:19:35.262-0800][74778894ms] GC(19560) Using 10 workers of 10 for evacuation
[2023-11-10T11:19:35.269-0800][74778901ms] GC(19560)   Pre Evacuate Collection Set: 0.1ms
[2023-11-10T11:19:35.269-0800][74778901ms] GC(19560)   Evacuate Collection Set: 2.1ms
[2023-11-10T11:19:35.269-0800][74778901ms] GC(19560)   Post Evacuate Collection Set: 3.4ms
[2023-11-10T11:19:35.269-0800][74778901ms] GC(19560)   Other: 0.3ms
[2023-11-10T11:19:35.269-0800][74778901ms] GC(19560) Eden regions: 232->0(232)
[2023-11-10T11:19:35.269-0800][74778901ms] GC(19560) Survivor regions: 1->1(30)
[2023-11-10T11:19:35.269-0800][74778901ms] GC(19560) Old regions: 1381->1381
[2023-11-10T11:19:35.269-0800][74778901ms] GC(19560) Humongous regions: 5->5
[2023-11-10T11:19:35.269-0800][74778901ms] GC(19560) Metaspace: 304541K->304541K(1347584K)
[2023-11-10T11:19:35.269-0800][74778901ms] GC(19560) Pause Young (Normal) (G1 Evacuation Pause) 3234M->2770M(3602M) 5.912ms
[2023-11-10T11:19:35.269-0800][74778901ms] GC(19560) User=0.00s Sys=0.00s Real=0.01s
[2023-11-10T11:19:35.800-0800][74779432ms] GC(19561) Pause Young (Normal) (G1 Evacuation Pause)
[2023-11-10T11:19:35.800-0800][74779432ms] GC(19561) Using 10 workers of 10 for evacuation
[2023-11-10T11:19:35.807-0800][74779439ms] GC(19561)   Pre Evacuate Collection Set: 0.0ms
[2023-11-10T11:19:35.807-0800][74779439ms] GC(19561)   Evacuate Collection Set: 2.5ms
[2023-11-10T11:19:35.807-0800][74779439ms] GC(19561)   Post Evacuate Collection Set: 4.5ms
[2023-11-10T11:19:35.807-0800][74779439ms] GC(19561)   Other: 0.3ms
[2023-11-10T11:19:35.807-0800][74779439ms] GC(19561) Eden regions: 232->0(232)
[2023-11-10T11:19:35.807-0800][74779439ms] GC(19561) Survivor regions: 1->1(30)
[2023-11-10T11:19:35.807-0800][74779439ms] GC(19561) Old regions: 1381->1381
[2023-11-10T11:19:35.807-0800][74779439ms] GC(19561) Humongous regions: 5->5
[2023-11-10T11:19:35.807-0800][74779439ms] GC(19561) Metaspace: 304541K->304541K(1347584K)
[2023-11-10T11:19:35.807-0800][74779439ms] GC(19561) Pause Young (Normal) (G1 Evacuation Pause) 3234M->2770M(3602M) 7.383ms
[2023-11-10T11:19:35.808-0800][74779440ms] GC(19561) User=0.00s Sys=0.00s Real=0.01s
[2023-11-10T11:19:36.409-0800][74780041ms] GC(19562) Pause Young (Normal) (G1 Evacuation Pause)
[2023-11-10T11:19:36.409-0800][74780041ms] GC(19562) Using 10 workers of 10 for evacuation
[2023-11-10T11:19:36.415-0800][74780047ms] GC(19562)   Pre Evacuate Collection Set: 0.0ms
[2023-11-10T11:19:36.415-0800][74780047ms] GC(19562)   Evacuate Collection Set: 1.8ms
[2023-11-10T11:19:36.415-0800][74780047ms] GC(19562)   Post Evacuate Collection Set: 3.4ms
[2023-11-10T11:19:36.415-0800][74780047ms] GC(19562)   Other: 0.3ms
[2023-11-10T11:19:36.415-0800][74780047ms] GC(19562) Eden regions: 232->0(232)
[2023-11-10T11:19:36.415-0800][74780047ms] GC(19562) Survivor regions: 1->1(30)
[2023-11-10T11:19:36.415-0800][74780047ms] GC(19562) Old regions: 1381->1381
[2023-11-10T11:19:36.415-0800][74780047ms] GC(19562) Humongous regions: 5->5
[2023-11-10T11:19:36.415-0800][74780047ms] GC(19562) Metaspace: 304541K->304541K(1347584K)
[2023-11-10T11:19:36.415-0800][74780047ms] GC(19562) Pause Young (Normal) (G1 Evacuation Pause) 3234M->2770M(3602M) 5.549ms
[2023-11-10T11:19:36.415-0800][74780047ms] GC(19562) User=0.02s Sys=0.00s Real=0.01s
[2023-11-10T11:19:36.969-0800][74780601ms] GC(19563) Pause Young (Normal) (G1 Evacuation Pause)
[2023-11-10T11:19:36.969-0800][74780601ms] GC(19563) Using 10 workers of 10 for evacuation
[2023-11-10T11:19:36.973-0800][74780605ms] GC(19563)   Pre Evacuate Collection Set: 0.0ms
[2023-11-10T11:19:36.973-0800][74780605ms] GC(19563)   Evacuate Collection Set: 1.7ms
[2023-11-10T11:19:36.973-0800][74780605ms] GC(19563)   Post Evacuate Collection Set: 3.1ms
[2023-11-10T11:19:36.973-0800][74780605ms] GC(19563)   Other: 0.2ms
[2023-11-10T11:19:36.973-0800][74780605ms] GC(19563) Eden regions: 232->0(232)
[2023-11-10T11:19:36.973-0800][74780605ms] GC(19563) Survivor regions: 1->1(30)
[2023-11-10T11:19:36.973-0800][74780605ms] GC(19563) Old regions: 1381->1381
[2023-11-10T11:19:36.973-0800][74780605ms] GC(19563) Humongous regions: 5->5
[2023-11-10T11:19:36.973-0800][74780605ms] GC(19563) Metaspace: 304541K->304541K(1347584K)
[2023-11-10T11:19:36.973-0800][74780605ms] GC(19563) Pause Young (Normal) (G1 Evacuation Pause) 3234M->2770M(3602M) 5.215ms
[2023-11-10T11:19:36.973-0800][74780605ms] GC(19563) User=0.00s Sys=0.00s Real=0.00s
[2023-11-10T11:19:37.523-0800][74781155ms] GC(19564) Pause Young (Normal) (G1 Evacuation Pause)
[2023-11-10T11:19:37.523-0800][74781155ms] GC(19564) Using 10 workers of 10 for evacuation
[2023-11-10T11:19:37.530-0800][74781162ms] GC(19564)   Pre Evacuate Collection Set: 0.1ms
[2023-11-10T11:19:37.530-0800][74781162ms] GC(19564)   Evacuate Collection Set: 2.2ms
[2023-11-10T11:19:37.530-0800][74781162ms] GC(19564)   Post Evacuate Collection Set: 4.4ms
[2023-11-10T11:19:37.530-0800][74781162ms] GC(19564)   Other: 0.4ms
[2023-11-10T11:19:37.530-0800][74781162ms] GC(19564) Eden regions: 232->0(232)
[2023-11-10T11:19:37.530-0800][74781162ms] GC(19564) Survivor regions: 1->1(30)
[2023-11-10T11:19:37.530-0800][74781162ms] GC(19564) Old regions: 1381->1381
[2023-11-10T11:19:37.530-0800][74781162ms] GC(19564) Humongous regions: 5->5
[2023-11-10T11:19:37.530-0800][74781162ms] GC(19564) Metaspace: 304541K->304541K(1347584K)
[2023-11-10T11:19:37.530-0800][74781162ms] GC(19564) Pause Young (Normal) (G1 Evacuation Pause) 3234M->2770M(3602M) 7.303ms
[2023-11-10T11:19:37.530-0800][74781162ms] GC(19564) User=0.00s Sys=0.00s Real=0.01s
[2023-11-10T11:19:38.311-0800][74781943ms] GC(19565) Pause Young (Normal) (G1 Evacuation Pause)
[2023-11-10T11:19:38.311-0800][74781943ms] GC(19565) Using 10 workers of 10 for evacuation
[2023-11-10T11:19:38.323-0800][74781955ms] GC(19565)   Pre Evacuate Collection Set: 0.1ms
[2023-11-10T11:19:38.323-0800][74781955ms] GC(19565)   Evacuate Collection Set: 2.5ms
[2023-11-10T11:19:38.323-0800][74781955ms] GC(19565)   Post Evacuate Collection Set: 8.6ms
[2023-11-10T11:19:38.323-0800][74781955ms] GC(19565)   Other: 0.6ms
[2023-11-10T11:19:38.323-0800][74781955ms] GC(19565) Eden regions: 232->0(232)
[2023-11-10T11:19:38.323-0800][74781955ms] GC(19565) Survivor regions: 1->1(30)
[2023-11-10T11:19:38.323-0800][74781955ms] GC(19565) Old regions: 1381->1381
[2023-11-10T11:19:38.323-0800][74781955ms] GC(19565) Humongous regions: 5->5
[2023-11-10T11:19:38.323-0800][74781955ms] GC(19565) Metaspace: 304541K->304541K(1347584K)
[2023-11-10T11:19:38.323-0800][74781955ms] GC(19565) Pause Young (Normal) (G1 Evacuation Pause) 3234M->2770M(3602M) 11.858ms
[2023-11-10T11:19:38.323-0800][74781955ms] GC(19565) User=0.02s Sys=0.00s Real=0.01s
[2023-11-10T11:19:38.981-0800][74782613ms] GC(19566) Pause Young (Normal) (G1 Evacuation Pause)
[2023-11-10T11:19:38.981-0800][74782613ms] GC(19566) Using 10 workers of 10 for evacuation
[2023-11-10T11:19:38.989-0800][74782621ms] GC(19566)   Pre Evacuate Collection Set: 0.1ms
[2023-11-10T11:19:38.989-0800][74782621ms] GC(19566)   Evacuate Collection Set: 2.5ms
[2023-11-10T11:19:38.989-0800][74782621ms] GC(19566)   Post Evacuate Collection Set: 5.1ms
[2023-11-10T11:19:38.989-0800][74782621ms] GC(19566)   Other: 0.4ms
[2023-11-10T11:19:38.989-0800][74782621ms] GC(19566) Eden regions: 232->0(232)
[2023-11-10T11:19:38.989-0800][74782621ms] GC(19566) Survivor regions: 1->1(30)
[2023-11-10T11:19:38.989-0800][74782621ms] GC(19566) Old regions: 1381->1381
[2023-11-10T11:19:38.989-0800][74782621ms] GC(19566) Humongous regions: 5->5
[2023-11-10T11:19:38.989-0800][74782621ms] GC(19566) Metaspace: 304541K->304541K(1347584K)
[2023-11-10T11:19:38.989-0800][74782621ms] GC(19566) Pause Young (Normal) (G1 Evacuation Pause) 3234M->2770M(3602M) 8.203ms
[2023-11-10T11:19:38.989-0800][74782621ms] GC(19566) User=0.00s Sys=0.00s Real=0.01s
[2023-11-10T11:19:39.559-0800][74783191ms] GC(19567) Pause Young (Normal) (G1 Evacuation Pause)
[2023-11-10T11:19:39.559-0800][74783191ms] GC(19567) Using 10 workers of 10 for evacuation
[2023-11-10T11:19:39.564-0800][74783196ms] GC(19567)   Pre Evacuate Collection Set: 0.0ms
[2023-11-10T11:19:39.564-0800][74783196ms] GC(19567)   Evacuate Collection Set: 1.9ms
[2023-11-10T11:19:39.564-0800][74783196ms] GC(19567)   Post Evacuate Collection Set: 3.8ms
[2023-11-10T11:19:39.564-0800][74783196ms] GC(19567)   Other: 0.3ms
[2023-11-10T11:19:39.564-0800][74783196ms] GC(19567) Eden regions: 232->0(232)
[2023-11-10T11:19:39.564-0800][74783196ms] GC(19567) Survivor regions: 1->1(30)
[2023-11-10T11:19:39.564-0800][74783196ms] GC(19567) Old regions: 1381->1381
[2023-11-10T11:19:39.564-0800][74783196ms] GC(19567) Humongous regions: 5->5
[2023-11-10T11:19:39.564-0800][74783196ms] GC(19567) Metaspace: 304541K->304541K(1347584K)
[2023-11-10T11:19:39.564-0800][74783196ms] GC(19567) Pause Young (Normal) (G1 Evacuation Pause) 3234M->2770M(3602M) 6.175ms
[2023-11-10T11:19:39.564-0800][74783196ms] GC(19567) User=0.00s Sys=0.00s Real=0.00s
[2023-11-10T11:19:40.133-0800][74783765ms] GC(19568) Pause Young (Normal) (G1 Evacuation Pause)
[2023-11-10T11:19:40.133-0800][74783765ms] GC(19568) Using 10 workers of 10 for evacuation
[2023-11-10T11:19:40.139-0800][74783771ms] GC(19568)   Pre Evacuate Collection Set: 0.1ms
[2023-11-10T11:19:40.139-0800][74783771ms] GC(19568)   Evacuate Collection Set: 1.7ms
[2023-11-10T11:19:40.139-0800][74783771ms] GC(19568)   Post Evacuate Collection Set: 3.8ms
[2023-11-10T11:19:40.139-0800][74783771ms] GC(19568)   Other: 0.5ms
[2023-11-10T11:19:40.139-0800][74783771ms] GC(19568) Eden regions: 232->0(232)
[2023-11-10T11:19:40.139-0800][74783771ms] GC(19568) Survivor regions: 1->1(30)
[2023-11-10T11:19:40.139-0800][74783771ms] GC(19568) Old regions: 1381->1381
[2023-11-10T11:19:40.139-0800][74783771ms] GC(19568) Humongous regions: 5->5
[2023-11-10T11:19:40.139-0800][74783771ms] GC(19568) Metaspace: 304541K->304541K(1347584K)
[2023-11-10T11:19:40.139-0800][74783771ms] GC(19568) Pause Young (Normal) (G1 Evacuation Pause) 3234M->2770M(3602M) 6.219ms
[2023-11-10T11:19:40.139-0800][74783771ms] GC(19568) User=0.00s Sys=0.00s Real=0.01s
[2023-11-10T11:19:40.742-0800][74784374ms] GC(19569) Pause Young (Normal) (G1 Evacuation Pause)
[2023-11-10T11:19:40.742-0800][74784374ms] GC(19569) Using 10 workers of 10 for evacuation
[2023-11-10T11:19:40.751-0800][74784383ms] GC(19569)   Pre Evacuate Collection Set: 0.1ms
[2023-11-10T11:19:40.751-0800][74784383ms] GC(19569)   Evacuate Collection Set: 2.3ms
[2023-11-10T11:19:40.751-0800][74784383ms] GC(19569)   Post Evacuate Collection Set: 5.8ms
[2023-11-10T11:19:40.751-0800][74784383ms] GC(19569)   Other: 0.4ms
[2023-11-10T11:19:40.751-0800][74784383ms] GC(19569) Eden regions: 232->0(232)
[2023-11-10T11:19:40.751-0800][74784383ms] GC(19569) Survivor regions: 1->1(30)
[2023-11-10T11:19:40.751-0800][74784383ms] GC(19569) Old regions: 1381->1381
[2023-11-10T11:19:40.751-0800][74784383ms] GC(19569) Humongous regions: 5->5
[2023-11-10T11:19:40.752-0800][74784384ms] GC(19569) Metaspace: 304541K->304541K(1347584K)
[2023-11-10T11:19:40.752-0800][74784384ms] GC(19569) Pause Young (Normal) (G1 Evacuation Pause) 3234M->2770M(3602M) 8.592ms
[2023-11-10T11:19:40.752-0800][74784384ms] GC(19569) User=0.00s Sys=0.00s Real=0.01s
[2023-11-10T11:19:41.347-0800][74784979ms] GC(19570) Pause Young (Normal) (G1 Evacuation Pause)
[2023-11-10T11:19:41.347-0800][74784979ms] GC(19570) Using 10 workers of 10 for evacuation
[2023-11-10T11:19:41.354-0800][74784986ms] GC(19570)   Pre Evacuate Collection Set: 0.0ms
[2023-11-10T11:19:41.354-0800][74784986ms] GC(19570)   Evacuate Collection Set: 2.0ms
[2023-11-10T11:19:41.354-0800][74784986ms] GC(19570)   Post Evacuate Collection Set: 4.5ms
[2023-11-10T11:19:41.354-0800][74784986ms] GC(19570)   Other: 0.3ms
[2023-11-10T11:19:41.354-0800][74784986ms] GC(19570) Eden regions: 232->0(232)
[2023-11-10T11:19:41.354-0800][74784986ms] GC(19570) Survivor regions: 1->1(30)
[2023-11-10T11:19:41.354-0800][74784986ms] GC(19570) Old regions: 1381->1381
[2023-11-10T11:19:41.354-0800][74784986ms] GC(19570) Humongous regions: 5->5
[2023-11-10T11:19:41.354-0800][74784986ms] GC(19570) Metaspace: 304541K->304541K(1347584K)
[2023-11-10T11:19:41.354-0800][74784986ms] GC(19570) Pause Young (Normal) (G1 Evacuation Pause) 3234M->2771M(3602M) 6.967ms
[2023-11-10T11:19:41.354-0800][74784986ms] GC(19570) User=0.02s Sys=0.00s Real=0.01s
[2023-11-10T11:19:41.946-0800][74785578ms] GC(19571) Pause Young (Normal) (G1 Evacuation Pause)
[2023-11-10T11:19:41.946-0800][74785578ms] GC(19571) Using 10 workers of 10 for evacuation
[2023-11-10T11:19:41.953-0800][74785585ms] GC(19571)   Pre Evacuate Collection Set: 0.1ms
[2023-11-10T11:19:41.953-0800][74785585ms] GC(19571)   Evacuate Collection Set: 2.0ms
[2023-11-10T11:19:41.953-0800][74785585ms] GC(19571)   Post Evacuate Collection Set: 4.8ms
[2023-11-10T11:19:41.953-0800][74785585ms] GC(19571)   Other: 0.4ms
[2023-11-10T11:19:41.953-0800][74785585ms] GC(19571) Eden regions: 232->0(232)
[2023-11-10T11:19:41.953-0800][74785585ms] GC(19571) Survivor regions: 1->1(30)
[2023-11-10T11:19:41.953-0800][74785585ms] GC(19571) Old regions: 1381->1381
[2023-11-10T11:19:41.953-0800][74785585ms] GC(19571) Humongous regions: 5->5
[2023-11-10T11:19:41.953-0800][74785585ms] GC(19571) Metaspace: 304541K->304541K(1347584K)
[2023-11-10T11:19:41.953-0800][74785585ms] GC(19571) Pause Young (Normal) (G1 Evacuation Pause) 3235M->2771M(3602M) 7.384ms
[2023-11-10T11:19:41.953-0800][74785585ms] GC(19571) User=0.00s Sys=0.00s Real=0.01s
[2023-11-10T11:19:42.530-0800][74786162ms] GC(19572) Pause Young (Normal) (G1 Evacuation Pause)
[2023-11-10T11:19:42.530-0800][74786162ms] GC(19572) Using 10 workers of 10 for evacuation
[2023-11-10T11:19:42.538-0800][74786170ms] GC(19572)   Pre Evacuate Collection Set: 0.0ms
[2023-11-10T11:19:42.538-0800][74786170ms] GC(19572)   Evacuate Collection Set: 2.1ms
[2023-11-10T11:19:42.538-0800][74786170ms] GC(19572)   Post Evacuate Collection Set: 4.6ms
[2023-11-10T11:19:42.538-0800][74786170ms] GC(19572)   Other: 0.3ms
[2023-11-10T11:19:42.538-0800][74786170ms] GC(19572) Eden regions: 232->0(232)
[2023-11-10T11:19:42.538-0800][74786170ms] GC(19572) Survivor regions: 1->1(30)
[2023-11-10T11:19:42.538-0800][74786170ms] GC(19572) Old regions: 1381->1381
[2023-11-10T11:19:42.538-0800][74786170ms] GC(19572) Humongous regions: 5->5
[2023-11-10T11:19:42.538-0800][74786170ms] GC(19572) Metaspace: 304541K->304541K(1347584K)
[2023-11-10T11:19:42.538-0800][74786170ms] GC(19572) Pause Young (Normal) (G1 Evacuation Pause) 3235M->2770M(3602M) 7.199ms
[2023-11-10T11:19:42.538-0800][74786170ms] GC(19572) User=0.00s Sys=0.00s Real=0.01s
[2023-11-10T11:19:43.064-0800][74786696ms] GC(19573) Pause Young (Normal) (G1 Evacuation Pause)
[2023-11-10T11:19:43.064-0800][74786696ms] GC(19573) Using 10 workers of 10 for evacuation
[2023-11-10T11:19:43.070-0800][74786702ms] GC(19573)   Pre Evacuate Collection Set: 0.1ms
[2023-11-10T11:19:43.070-0800][74786702ms] GC(19573)   Evacuate Collection Set: 1.7ms
[2023-11-10T11:19:43.070-0800][74786702ms] GC(19573)   Post Evacuate Collection Set: 3.7ms
[2023-11-10T11:19:43.070-0800][74786702ms] GC(19573)   Other: 0.4ms
[2023-11-10T11:19:43.070-0800][74786702ms] GC(19573) Eden regions: 232->0(232)
[2023-11-10T11:19:43.070-0800][74786702ms] GC(19573) Survivor regions: 1->1(30)
[2023-11-10T11:19:43.070-0800][74786702ms] GC(19573) Old regions: 1381->1381
[2023-11-10T11:19:43.070-0800][74786702ms] GC(19573) Humongous regions: 5->5
[2023-11-10T11:19:43.070-0800][74786702ms] GC(19573) Metaspace: 304541K->304541K(1347584K)
[2023-11-10T11:19:43.070-0800][74786702ms] GC(19573) Pause Young (Normal) (G1 Evacuation Pause) 3234M->2771M(3602M) 5.920ms
[2023-11-10T11:19:43.070-0800][74786702ms] GC(19573) User=0.02s Sys=0.00s Real=0.01s
[2023-11-10T11:19:43.616-0800][74787248ms] GC(19574) Pause Young (Normal) (G1 Evacuation Pause)
[2023-11-10T11:19:43.616-0800][74787248ms] GC(19574) Using 10 workers of 10 for evacuation
[2023-11-10T11:19:43.622-0800][74787254ms] GC(19574)   Pre Evacuate Collection Set: 0.0ms
[2023-11-10T11:19:43.622-0800][74787254ms] GC(19574)   Evacuate Collection Set: 1.7ms
[2023-11-10T11:19:43.622-0800][74787254ms] GC(19574)   Post Evacuate Collection Set: 3.4ms
[2023-11-10T11:19:43.622-0800][74787254ms] GC(19574)   Other: 0.2ms
[2023-11-10T11:19:43.622-0800][74787254ms] GC(19574) Eden regions: 232->0(232)
[2023-11-10T11:19:43.622-0800][74787254ms] GC(19574) Survivor regions: 1->1(30)
[2023-11-10T11:19:43.622-0800][74787254ms] GC(19574) Old regions: 1381->1381
[2023-11-10T11:19:43.622-0800][74787254ms] GC(19574) Humongous regions: 5->5
[2023-11-10T11:19:43.622-0800][74787254ms] GC(19574) Metaspace: 304541K->304541K(1347584K)
[2023-11-10T11:19:43.622-0800][74787254ms] GC(19574) Pause Young (Normal) (G1 Evacuation Pause) 3235M->2771M(3602M) 5.574ms
[2023-11-10T11:19:43.622-0800][74787254ms] GC(19574) User=0.05s Sys=0.00s Real=0.01s
[2023-11-10T11:19:44.173-0800][74787805ms] GC(19575) Pause Young (Normal) (G1 Evacuation Pause)
[2023-11-10T11:19:44.173-0800][74787805ms] GC(19575) Using 10 workers of 10 for evacuation
[2023-11-10T11:19:44.178-0800][74787810ms] GC(19575)   Pre Evacuate Collection Set: 0.0ms
[2023-11-10T11:19:44.178-0800][74787810ms] GC(19575)   Evacuate Collection Set: 1.7ms
[2023-11-10T11:19:44.178-0800][74787810ms] GC(19575)   Post Evacuate Collection Set: 3.1ms
[2023-11-10T11:19:44.178-0800][74787810ms] GC(19575)   Other: 0.3ms
[2023-11-10T11:19:44.178-0800][74787810ms] GC(19575) Eden regions: 232->0(232)
[2023-11-10T11:19:44.178-0800][74787810ms] GC(19575) Survivor regions: 1->1(30)
[2023-11-10T11:19:44.178-0800][74787810ms] GC(19575) Old regions: 1381->1381
[2023-11-10T11:19:44.178-0800][74787810ms] GC(19575) Humongous regions: 5->5
[2023-11-10T11:19:44.178-0800][74787810ms] GC(19575) Metaspace: 304541K->304541K(1347584K)
[2023-11-10T11:19:44.178-0800][74787810ms] GC(19575) Pause Young (Normal) (G1 Evacuation Pause) 3235M->2771M(3602M) 5.233ms
[2023-11-10T11:19:44.178-0800][74787810ms] GC(19575) User=0.00s Sys=0.00s Real=0.00s
[2023-11-10T11:19:44.699-0800][74788331ms] GC(19576) Pause Young (Normal) (G1 Evacuation Pause)
[2023-11-10T11:19:44.699-0800][74788331ms] GC(19576) Using 10 workers of 10 for evacuation
[2023-11-10T11:19:44.709-0800][74788341ms] GC(19576)   Pre Evacuate Collection Set: 0.1ms
[2023-11-10T11:19:44.709-0800][74788341ms] GC(19576)   Evacuate Collection Set: 1.6ms
[2023-11-10T11:19:44.709-0800][74788341ms] GC(19576)   Post Evacuate Collection Set: 7.1ms
[2023-11-10T11:19:44.709-0800][74788341ms] GC(19576)   Other: 0.3ms
[2023-11-10T11:19:44.709-0800][74788341ms] GC(19576) Eden regions: 232->0(232)
[2023-11-10T11:19:44.709-0800][74788341ms] GC(19576) Survivor regions: 1->1(30)
[2023-11-10T11:19:44.709-0800][74788341ms] GC(19576) Old regions: 1381->1381
[2023-11-10T11:19:44.709-0800][74788341ms] GC(19576) Humongous regions: 5->5
[2023-11-10T11:19:44.709-0800][74788341ms] GC(19576) Metaspace: 304541K->304541K(1347584K)
[2023-11-10T11:19:44.709-0800][74788341ms] GC(19576) Pause Young (Normal) (G1 Evacuation Pause) 3235M->2771M(3602M) 9.241ms
[2023-11-10T11:19:44.709-0800][74788341ms] GC(19576) User=0.00s Sys=0.00s Real=0.01s
[2023-11-10T11:19:45.251-0800][74788883ms] GC(19577) Pause Young (Normal) (G1 Evacuation Pause)
[2023-11-10T11:19:45.251-0800][74788883ms] GC(19577) Using 10 workers of 10 for evacuation
[2023-11-10T11:19:45.256-0800][74788888ms] GC(19577)   Pre Evacuate Collection Set: 0.0ms
[2023-11-10T11:19:45.256-0800][74788888ms] GC(19577)   Evacuate Collection Set: 1.7ms
[2023-11-10T11:19:45.256-0800][74788888ms] GC(19577)   Post Evacuate Collection Set: 3.2ms
[2023-11-10T11:19:45.256-0800][74788888ms] GC(19577)   Other: 0.3ms
[2023-11-10T11:19:45.256-0800][74788888ms] GC(19577) Eden regions: 232->0(232)
[2023-11-10T11:19:45.256-0800][74788888ms] GC(19577) Survivor regions: 1->1(30)
[2023-11-10T11:19:45.256-0800][74788888ms] GC(19577) Old regions: 1381->1381
[2023-11-10T11:19:45.256-0800][74788888ms] GC(19577) Humongous regions: 5->5
[2023-11-10T11:19:45.256-0800][74788888ms] GC(19577) Metaspace: 304541K->304541K(1347584K)
[2023-11-10T11:19:45.256-0800][74788888ms] GC(19577) Pause Young (Normal) (G1 Evacuation Pause) 3235M->2771M(3602M) 5.315ms
[2023-11-10T11:19:45.256-0800][74788888ms] GC(19577) User=0.00s Sys=0.00s Real=0.01s
[2023-11-10T11:19:45.795-0800][74789427ms] GC(19578) Pause Young (Normal) (G1 Evacuation Pause)
[2023-11-10T11:19:45.795-0800][74789427ms] GC(19578) Using 10 workers of 10 for evacuation
[2023-11-10T11:19:45.800-0800][74789432ms] GC(19578)   Pre Evacuate Collection Set: 0.0ms
[2023-11-10T11:19:45.800-0800][74789432ms] GC(19578)   Evacuate Collection Set: 1.6ms
[2023-11-10T11:19:45.800-0800][74789432ms] GC(19578)   Post Evacuate Collection Set: 3.1ms
[2023-11-10T11:19:45.800-0800][74789432ms] GC(19578)   Other: 0.3ms
[2023-11-10T11:19:45.800-0800][74789432ms] GC(19578) Eden regions: 232->0(232)
[2023-11-10T11:19:45.800-0800][74789432ms] GC(19578) Survivor regions: 1->1(30)
[2023-11-10T11:19:45.800-0800][74789432ms] GC(19578) Old regions: 1381->1381
[2023-11-10T11:19:45.800-0800][74789432ms] GC(19578) Humongous regions: 5->5
[2023-11-10T11:19:45.800-0800][74789432ms] GC(19578) Metaspace: 304541K->304541K(1347584K)
[2023-11-10T11:19:45.800-0800][74789432ms] GC(19578) Pause Young (Normal) (G1 Evacuation Pause) 3235M->2771M(3602M) 5.114ms
[2023-11-10T11:19:45.800-0800][74789432ms] GC(19578) User=0.00s Sys=0.00s Real=0.00s
[2023-11-10T11:19:46.369-0800][74790001ms] GC(19579) Pause Young (Normal) (G1 Evacuation Pause)
[2023-11-10T11:19:46.369-0800][74790001ms] GC(19579) Using 10 workers of 10 for evacuation
[2023-11-10T11:19:46.375-0800][74790007ms] GC(19579)   Pre Evacuate Collection Set: 0.0ms
[2023-11-10T11:19:46.375-0800][74790007ms] GC(19579)   Evacuate Collection Set: 1.7ms
[2023-11-10T11:19:46.375-0800][74790007ms] GC(19579)   Post Evacuate Collection Set: 3.4ms
[2023-11-10T11:19:46.375-0800][74790007ms] GC(19579)   Other: 0.3ms
[2023-11-10T11:19:46.375-0800][74790007ms] GC(19579) Eden regions: 232->0(232)
[2023-11-10T11:19:46.375-0800][74790007ms] GC(19579) Survivor regions: 1->1(30)
[2023-11-10T11:19:46.375-0800][74790007ms] GC(19579) Old regions: 1381->1381
[2023-11-10T11:19:46.375-0800][74790007ms] GC(19579) Humongous regions: 5->5
[2023-11-10T11:19:46.375-0800][74790007ms] GC(19579) Metaspace: 304541K->304541K(1347584K)
[2023-11-10T11:19:46.375-0800][74790007ms] GC(19579) Pause Young (Normal) (G1 Evacuation Pause) 3235M->2771M(3602M) 5.493ms
[2023-11-10T11:19:46.375-0800][74790007ms] GC(19579) User=0.00s Sys=0.00s Real=0.01s
[2023-11-10T11:19:46.970-0800][74790602ms] GC(19580) Pause Young (Normal) (G1 Evacuation Pause)
[2023-11-10T11:19:46.970-0800][74790602ms] GC(19580) Using 10 workers of 10 for evacuation
[2023-11-10T11:19:46.977-0800][74790609ms] GC(19580)   Pre Evacuate Collection Set: 0.1ms
[2023-11-10T11:19:46.977-0800][74790609ms] GC(19580)   Evacuate Collection Set: 2.2ms
[2023-11-10T11:19:46.977-0800][74790609ms] GC(19580)   Post Evacuate Collection Set: 4.6ms
[2023-11-10T11:19:46.977-0800][74790609ms] GC(19580)   Other: 0.4ms
[2023-11-10T11:19:46.977-0800][74790609ms] GC(19580) Eden regions: 232->0(232)
[2023-11-10T11:19:46.977-0800][74790609ms] GC(19580) Survivor regions: 1->1(30)
[2023-11-10T11:19:46.977-0800][74790609ms] GC(19580) Old regions: 1381->1381
[2023-11-10T11:19:46.977-0800][74790609ms] GC(19580) Humongous regions: 5->5
[2023-11-10T11:19:46.977-0800][74790609ms] GC(19580) Metaspace: 304541K->304541K(1347584K)
[2023-11-10T11:19:46.977-0800][74790609ms] GC(19580) Pause Young (Normal) (G1 Evacuation Pause) 3235M->2771M(3602M) 7.391ms
[2023-11-10T11:19:46.977-0800][74790609ms] GC(19580) User=0.02s Sys=0.00s Real=0.01s
[2023-11-10T11:19:47.472-0800][74791104ms] GC(19581) Pause Young (Normal) (G1 Evacuation Pause)
[2023-11-10T11:19:47.472-0800][74791104ms] GC(19581) Using 10 workers of 10 for evacuation
[2023-11-10T11:19:47.478-0800][74791110ms] GC(19581)   Pre Evacuate Collection Set: 0.0ms
[2023-11-10T11:19:47.478-0800][74791110ms] GC(19581)   Evacuate Collection Set: 2.3ms
[2023-11-10T11:19:47.478-0800][74791110ms] GC(19581)   Post Evacuate Collection Set: 3.7ms
[2023-11-10T11:19:47.478-0800][74791110ms] GC(19581)   Other: 0.3ms
[2023-11-10T11:19:47.478-0800][74791110ms] GC(19581) Eden regions: 232->0(232)
[2023-11-10T11:19:47.478-0800][74791110ms] GC(19581) Survivor regions: 1->1(30)
[2023-11-10T11:19:47.478-0800][74791110ms] GC(19581) Old regions: 1381->1381
[2023-11-10T11:19:47.478-0800][74791110ms] GC(19581) Humongous regions: 5->5
[2023-11-10T11:19:47.478-0800][74791110ms] GC(19581) Metaspace: 304541K->304541K(1347584K)
[2023-11-10T11:19:47.478-0800][74791110ms] GC(19581) Pause Young (Normal) (G1 Evacuation Pause) 3235M->2771M(3602M) 6.492ms
[2023-11-10T11:19:47.478-0800][74791110ms] GC(19581) User=0.00s Sys=0.00s Real=0.01s
[2023-11-10T11:19:48.064-0800][74791696ms] GC(19582) Pause Young (Normal) (G1 Evacuation Pause)
[2023-11-10T11:19:48.064-0800][74791696ms] GC(19582) Using 10 workers of 10 for evacuation
[2023-11-10T11:19:48.070-0800][74791702ms] GC(19582)   Pre Evacuate Collection Set: 0.0ms
[2023-11-10T11:19:48.070-0800][74791702ms] GC(19582)   Evacuate Collection Set: 1.9ms
[2023-11-10T11:19:48.070-0800][74791702ms] GC(19582)   Post Evacuate Collection Set: 4.0ms
[2023-11-10T11:19:48.070-0800][74791702ms] GC(19582)   Other: 0.3ms
[2023-11-10T11:19:48.070-0800][74791702ms] GC(19582) Eden regions: 232->0(232)
[2023-11-10T11:19:48.070-0800][74791702ms] GC(19582) Survivor regions: 1->1(30)
[2023-11-10T11:19:48.070-0800][74791702ms] GC(19582) Old regions: 1381->1381
[2023-11-10T11:19:48.070-0800][74791702ms] GC(19582) Humongous regions: 5->5
[2023-11-10T11:19:48.070-0800][74791702ms] GC(19582) Metaspace: 304541K->304541K(1347584K)
[2023-11-10T11:19:48.070-0800][74791702ms] GC(19582) Pause Young (Normal) (G1 Evacuation Pause) 3235M->2771M(3602M) 6.327ms
[2023-11-10T11:19:48.071-0800][74791703ms] GC(19582) User=0.02s Sys=0.00s Real=0.01s
[2023-11-10T11:19:48.662-0800][74792294ms] GC(19583) Pause Young (Normal) (G1 Evacuation Pause)
[2023-11-10T11:19:48.662-0800][74792294ms] GC(19583) Using 10 workers of 10 for evacuation
[2023-11-10T11:19:48.669-0800][74792301ms] GC(19583)   Pre Evacuate Collection Set: 0.1ms
[2023-11-10T11:19:48.669-0800][74792301ms] GC(19583)   Evacuate Collection Set: 1.7ms
[2023-11-10T11:19:48.669-0800][74792301ms] GC(19583)   Post Evacuate Collection Set: 4.6ms
[2023-11-10T11:19:48.669-0800][74792301ms] GC(19583)   Other: 0.5ms
[2023-11-10T11:19:48.669-0800][74792301ms] GC(19583) Eden regions: 232->0(232)
[2023-11-10T11:19:48.669-0800][74792301ms] GC(19583) Survivor regions: 1->1(30)
[2023-11-10T11:19:48.669-0800][74792301ms] GC(19583) Old regions: 1381->1381
[2023-11-10T11:19:48.669-0800][74792301ms] GC(19583) Humongous regions: 5->5
[2023-11-10T11:19:48.669-0800][74792301ms] GC(19583) Metaspace: 304541K->304541K(1347584K)
[2023-11-10T11:19:48.669-0800][74792301ms] GC(19583) Pause Young (Normal) (G1 Evacuation Pause) 3235M->2771M(3602M) 6.882ms
[2023-11-10T11:19:48.669-0800][74792301ms] GC(19583) User=0.03s Sys=0.00s Real=0.01s
[2023-11-10T11:19:49.244-0800][74792876ms] GC(19584) Pause Young (Normal) (G1 Evacuation Pause)
[2023-11-10T11:19:49.244-0800][74792876ms] GC(19584) Using 10 workers of 10 for evacuation
[2023-11-10T11:19:49.249-0800][74792881ms] GC(19584)   Pre Evacuate Collection Set: 0.0ms
[2023-11-10T11:19:49.249-0800][74792881ms] GC(19584)   Evacuate Collection Set: 2.1ms
[2023-11-10T11:19:49.250-0800][74792882ms] GC(19584)   Post Evacuate Collection Set: 3.4ms
[2023-11-10T11:19:49.250-0800][74792882ms] GC(19584)   Other: 0.3ms
[2023-11-10T11:19:49.250-0800][74792882ms] GC(19584) Eden regions: 232->0(232)
[2023-11-10T11:19:49.250-0800][74792882ms] GC(19584) Survivor regions: 1->1(30)
[2023-11-10T11:19:49.250-0800][74792882ms] GC(19584) Old regions: 1381->1381
[2023-11-10T11:19:49.250-0800][74792882ms] GC(19584) Humongous regions: 5->5
[2023-11-10T11:19:49.250-0800][74792882ms] GC(19584) Metaspace: 304541K->304541K(1347584K)
[2023-11-10T11:19:49.250-0800][74792882ms] GC(19584) Pause Young (Normal) (G1 Evacuation Pause) 3235M->2771M(3602M) 5.937ms
[2023-11-10T11:19:49.250-0800][74792882ms] GC(19584) User=0.00s Sys=0.00s Real=0.01s
[2023-11-10T11:19:49.838-0800][74793470ms] GC(19585) Pause Young (Normal) (G1 Evacuation Pause)
[2023-11-10T11:19:49.838-0800][74793470ms] GC(19585) Using 10 workers of 10 for evacuation
[2023-11-10T11:19:49.843-0800][74793475ms] GC(19585)   Pre Evacuate Collection Set: 0.1ms
[2023-11-10T11:19:49.844-0800][74793476ms] GC(19585)   Evacuate Collection Set: 1.8ms
[2023-11-10T11:19:49.844-0800][74793476ms] GC(19585)   Post Evacuate Collection Set: 3.5ms
[2023-11-10T11:19:49.844-0800][74793476ms] GC(19585)   Other: 0.3ms
[2023-11-10T11:19:49.844-0800][74793476ms] GC(19585) Eden regions: 232->0(232)
[2023-11-10T11:19:49.844-0800][74793476ms] GC(19585) Survivor regions: 1->1(30)
[2023-11-10T11:19:49.844-0800][74793476ms] GC(19585) Old regions: 1381->1381
[2023-11-10T11:19:49.844-0800][74793476ms] GC(19585) Humongous regions: 5->5
[2023-11-10T11:19:49.844-0800][74793476ms] GC(19585) Metaspace: 304541K->304541K(1347584K)
[2023-11-10T11:19:49.844-0800][74793476ms] GC(19585) Pause Young (Normal) (G1 Evacuation Pause) 3235M->2771M(3602M) 5.831ms
[2023-11-10T11:19:49.844-0800][74793476ms] GC(19585) User=0.00s Sys=0.00s Real=0.01s
[2023-11-10T11:19:50.450-0800][74794082ms] GC(19586) Pause Young (Normal) (G1 Evacuation Pause)
[2023-11-10T11:19:50.450-0800][74794082ms] GC(19586) Using 10 workers of 10 for evacuation
[2023-11-10T11:19:50.455-0800][74794087ms] GC(19586)   Pre Evacuate Collection Set: 0.1ms
[2023-11-10T11:19:50.455-0800][74794087ms] GC(19586)   Evacuate Collection Set: 1.9ms
[2023-11-10T11:19:50.455-0800][74794087ms] GC(19586)   Post Evacuate Collection Set: 3.4ms
[2023-11-10T11:19:50.456-0800][74794088ms] GC(19586)   Other: 0.5ms
[2023-11-10T11:19:50.456-0800][74794088ms] GC(19586) Eden regions: 232->0(232)
[2023-11-10T11:19:50.456-0800][74794088ms] GC(19586) Survivor regions: 1->1(30)
[2023-11-10T11:19:50.456-0800][74794088ms] GC(19586) Old regions: 1381->1381
[2023-11-10T11:19:50.456-0800][74794088ms] GC(19586) Humongous regions: 5->5
[2023-11-10T11:19:50.456-0800][74794088ms] GC(19586) Metaspace: 304541K->304541K(1347584K)
[2023-11-10T11:19:50.456-0800][74794088ms] GC(19586) Pause Young (Normal) (G1 Evacuation Pause) 3235M->2771M(3602M) 6.020ms
[2023-11-10T11:19:50.456-0800][74794088ms] GC(19586) User=0.00s Sys=0.00s Real=0.01s
[2023-11-10T11:19:51.058-0800][74794690ms] GC(19587) Pause Young (Normal) (G1 Evacuation Pause)
[2023-11-10T11:19:51.058-0800][74794690ms] GC(19587) Using 10 workers of 10 for evacuation
[2023-11-10T11:19:51.065-0800][74794697ms] GC(19587)   Pre Evacuate Collection Set: 0.1ms
[2023-11-10T11:19:51.065-0800][74794697ms] GC(19587)   Evacuate Collection Set: 2.1ms
[2023-11-10T11:19:51.065-0800][74794697ms] GC(19587)   Post Evacuate Collection Set: 4.3ms
[2023-11-10T11:19:51.065-0800][74794697ms] GC(19587)   Other: 0.3ms
[2023-11-10T11:19:51.065-0800][74794697ms] GC(19587) Eden regions: 232->0(232)
[2023-11-10T11:19:51.065-0800][74794697ms] GC(19587) Survivor regions: 1->1(30)
[2023-11-10T11:19:51.065-0800][74794697ms] GC(19587) Old regions: 1381->1381
[2023-11-10T11:19:51.065-0800][74794697ms] GC(19587) Humongous regions: 5->5
[2023-11-10T11:19:51.065-0800][74794697ms] GC(19587) Metaspace: 304541K->304541K(1347584K)
[2023-11-10T11:19:51.065-0800][74794697ms] GC(19587) Pause Young (Normal) (G1 Evacuation Pause) 3235M->2771M(3602M) 6.965ms
[2023-11-10T11:19:51.065-0800][74794697ms] GC(19587) User=0.00s Sys=0.00s Real=0.01s
[2023-11-10T11:19:51.656-0800][74795288ms] GC(19588) Pause Young (Normal) (G1 Evacuation Pause)
[2023-11-10T11:19:51.656-0800][74795288ms] GC(19588) Using 10 workers of 10 for evacuation
[2023-11-10T11:19:51.661-0800][74795293ms] GC(19588)   Pre Evacuate Collection Set: 0.0ms
[2023-11-10T11:19:51.661-0800][74795293ms] GC(19588)   Evacuate Collection Set: 1.7ms
[2023-11-10T11:19:51.661-0800][74795293ms] GC(19588)   Post Evacuate Collection Set: 3.4ms
[2023-11-10T11:19:51.661-0800][74795293ms] GC(19588)   Other: 0.3ms
[2023-11-10T11:19:51.661-0800][74795293ms] GC(19588) Eden regions: 232->0(232)
[2023-11-10T11:19:51.661-0800][74795293ms] GC(19588) Survivor regions: 1->1(30)
[2023-11-10T11:19:51.661-0800][74795293ms] GC(19588) Old regions: 1381->1381
[2023-11-10T11:19:51.661-0800][74795293ms] GC(19588) Humongous regions: 5->5
[2023-11-10T11:19:51.661-0800][74795293ms] GC(19588) Metaspace: 304541K->304541K(1347584K)
[2023-11-10T11:19:51.661-0800][74795293ms] GC(19588) Pause Young (Normal) (G1 Evacuation Pause) 3235M->2771M(3602M) 5.516ms
[2023-11-10T11:19:51.661-0800][74795293ms] GC(19588) User=0.00s Sys=0.00s Real=0.01s
[2023-11-10T11:19:52.301-0800][74795933ms] GC(19589) Pause Young (Normal) (G1 Evacuation Pause)
[2023-11-10T11:19:52.301-0800][74795933ms] GC(19589) Using 10 workers of 10 for evacuation
[2023-11-10T11:19:52.308-0800][74795940ms] GC(19589)   Pre Evacuate Collection Set: 0.1ms
[2023-11-10T11:19:52.308-0800][74795940ms] GC(19589)   Evacuate Collection Set: 2.7ms
[2023-11-10T11:19:52.308-0800][74795940ms] GC(19589)   Post Evacuate Collection Set: 4.4ms
[2023-11-10T11:19:52.308-0800][74795940ms] GC(19589)   Other: 0.4ms
[2023-11-10T11:19:52.308-0800][74795940ms] GC(19589) Eden regions: 232->0(232)
[2023-11-10T11:19:52.308-0800][74795940ms] GC(19589) Survivor regions: 1->1(30)
[2023-11-10T11:19:52.308-0800][74795940ms] GC(19589) Old regions: 1381->1381
[2023-11-10T11:19:52.308-0800][74795940ms] GC(19589) Humongous regions: 5->5
[2023-11-10T11:19:52.308-0800][74795940ms] GC(19589) Metaspace: 304541K->304541K(1347584K)
[2023-11-10T11:19:52.308-0800][74795940ms] GC(19589) Pause Young (Normal) (G1 Evacuation Pause) 3235M->2771M(3602M) 7.645ms
[2023-11-10T11:19:52.309-0800][74795941ms] GC(19589) User=0.00s Sys=0.00s Real=0.01s
[2023-11-10T11:19:52.898-0800][74796530ms] GC(19590) Pause Young (Normal) (G1 Evacuation Pause)
[2023-11-10T11:19:52.898-0800][74796530ms] GC(19590) Using 10 workers of 10 for evacuation
[2023-11-10T11:19:52.903-0800][74796535ms] GC(19590)   Pre Evacuate Collection Set: 0.0ms
[2023-11-10T11:19:52.903-0800][74796535ms] GC(19590)   Evacuate Collection Set: 1.6ms
[2023-11-10T11:19:52.903-0800][74796535ms] GC(19590)   Post Evacuate Collection Set: 3.1ms
[2023-11-10T11:19:52.903-0800][74796535ms] GC(19590)   Other: 0.2ms
[2023-11-10T11:19:52.903-0800][74796535ms] GC(19590) Eden regions: 232->0(232)
[2023-11-10T11:19:52.903-0800][74796535ms] GC(19590) Survivor regions: 1->1(30)
[2023-11-10T11:19:52.903-0800][74796535ms] GC(19590) Old regions: 1381->1381
[2023-11-10T11:19:52.903-0800][74796535ms] GC(19590) Humongous regions: 5->5
[2023-11-10T11:19:52.903-0800][74796535ms] GC(19590) Metaspace: 304541K->304541K(1347584K)
[2023-11-10T11:19:52.903-0800][74796535ms] GC(19590) Pause Young (Normal) (G1 Evacuation Pause) 3235M->2771M(3602M) 5.094ms
[2023-11-10T11:19:52.903-0800][74796535ms] GC(19590) User=0.00s Sys=0.00s Real=0.01s
[2023-11-10T11:19:53.510-0800][74797142ms] GC(19591) Pause Young (Normal) (G1 Evacuation Pause)
[2023-11-10T11:19:53.510-0800][74797142ms] GC(19591) Using 10 workers of 10 for evacuation
[2023-11-10T11:19:53.514-0800][74797146ms] GC(19591)   Pre Evacuate Collection Set: 0.0ms
[2023-11-10T11:19:53.514-0800][74797146ms] GC(19591)   Evacuate Collection Set: 1.7ms
[2023-11-10T11:19:53.514-0800][74797146ms] GC(19591)   Post Evacuate Collection Set: 2.9ms
[2023-11-10T11:19:53.514-0800][74797146ms] GC(19591)   Other: 0.2ms
[2023-11-10T11:19:53.514-0800][74797146ms] GC(19591) Eden regions: 232->0(232)
[2023-11-10T11:19:53.514-0800][74797146ms] GC(19591) Survivor regions: 1->1(30)
[2023-11-10T11:19:53.514-0800][74797146ms] GC(19591) Old regions: 1381->1381
[2023-11-10T11:19:53.514-0800][74797146ms] GC(19591) Humongous regions: 5->5
[2023-11-10T11:19:53.514-0800][74797146ms] GC(19591) Metaspace: 304541K->304541K(1347584K)
[2023-11-10T11:19:53.514-0800][74797146ms] GC(19591) Pause Young (Normal) (G1 Evacuation Pause) 3235M->2771M(3602M) 4.941ms
[2023-11-10T11:19:53.514-0800][74797146ms] GC(19591) User=0.00s Sys=0.00s Real=0.00s
[2023-11-10T11:19:54.128-0800][74797760ms] GC(19592) Pause Young (Normal) (G1 Evacuation Pause)
[2023-11-10T11:19:54.128-0800][74797760ms] GC(19592) Using 10 workers of 10 for evacuation
[2023-11-10T11:19:54.134-0800][74797766ms] GC(19592)   Pre Evacuate Collection Set: 0.0ms
[2023-11-10T11:19:54.134-0800][74797766ms] GC(19592)   Evacuate Collection Set: 1.8ms
[2023-11-10T11:19:54.134-0800][74797766ms] GC(19592)   Post Evacuate Collection Set: 3.6ms
[2023-11-10T11:19:54.134-0800][74797766ms] GC(19592)   Other: 0.3ms
[2023-11-10T11:19:54.134-0800][74797766ms] GC(19592) Eden regions: 232->0(232)
[2023-11-10T11:19:54.134-0800][74797766ms] GC(19592) Survivor regions: 1->1(30)
[2023-11-10T11:19:54.134-0800][74797766ms] GC(19592) Old regions: 1381->1381
[2023-11-10T11:19:54.134-0800][74797766ms] GC(19592) Humongous regions: 5->5
[2023-11-10T11:19:54.134-0800][74797766ms] GC(19592) Metaspace: 304541K->304541K(1347584K)
[2023-11-10T11:19:54.134-0800][74797766ms] GC(19592) Pause Young (Normal) (G1 Evacuation Pause) 3235M->2771M(3602M) 5.807ms
[2023-11-10T11:19:54.134-0800][74797766ms] GC(19592) User=0.00s Sys=0.00s Real=0.01s
[2023-11-10T11:19:54.622-0800][74798254ms] GC(19593) Pause Young (Normal) (G1 Evacuation Pause)
[2023-11-10T11:19:54.622-0800][74798254ms] GC(19593) Using 10 workers of 10 for evacuation
[2023-11-10T11:19:54.627-0800][74798259ms] GC(19593)   Pre Evacuate Collection Set: 0.0ms
[2023-11-10T11:19:54.628-0800][74798260ms] GC(19593)   Evacuate Collection Set: 1.7ms
[2023-11-10T11:19:54.628-0800][74798260ms] GC(19593)   Post Evacuate Collection Set: 3.0ms
[2023-11-10T11:19:54.628-0800][74798260ms] GC(19593)   Other: 0.3ms
[2023-11-10T11:19:54.628-0800][74798260ms] GC(19593) Eden regions: 232->0(232)
[2023-11-10T11:19:54.628-0800][74798260ms] GC(19593) Survivor regions: 1->1(30)
[2023-11-10T11:19:54.628-0800][74798260ms] GC(19593) Old regions: 1381->1381
[2023-11-10T11:19:54.628-0800][74798260ms] GC(19593) Humongous regions: 5->5
[2023-11-10T11:19:54.628-0800][74798260ms] GC(19593) Metaspace: 304541K->304541K(1347584K)
[2023-11-10T11:19:54.628-0800][74798260ms] GC(19593) Pause Young (Normal) (G1 Evacuation Pause) 3235M->2771M(3602M) 5.096ms
[2023-11-10T11:19:54.628-0800][74798260ms] GC(19593) User=0.00s Sys=0.00s Real=0.01s
[2023-11-10T11:19:55.146-0800][74798778ms] GC(19594) Pause Young (Normal) (G1 Evacuation Pause)
[2023-11-10T11:19:55.146-0800][74798778ms] GC(19594) Using 10 workers of 10 for evacuation
[2023-11-10T11:19:55.152-0800][74798784ms] GC(19594)   Pre Evacuate Collection Set: 0.1ms
[2023-11-10T11:19:55.152-0800][74798784ms] GC(19594)   Evacuate Collection Set: 1.8ms
[2023-11-10T11:19:55.152-0800][74798784ms] GC(19594)   Post Evacuate Collection Set: 3.2ms
[2023-11-10T11:19:55.152-0800][74798784ms] GC(19594)   Other: 0.3ms
[2023-11-10T11:19:55.152-0800][74798784ms] GC(19594) Eden regions: 232->0(232)
[2023-11-10T11:19:55.152-0800][74798784ms] GC(19594) Survivor regions: 1->1(30)
[2023-11-10T11:19:55.152-0800][74798784ms] GC(19594) Old regions: 1381->1381
[2023-11-10T11:19:55.152-0800][74798784ms] GC(19594) Humongous regions: 5->5
[2023-11-10T11:19:55.152-0800][74798784ms] GC(19594) Metaspace: 304541K->304541K(1347584K)
[2023-11-10T11:19:55.152-0800][74798784ms] GC(19594) Pause Young (Normal) (G1 Evacuation Pause) 3235M->2771M(3602M) 5.426ms
[2023-11-10T11:19:55.152-0800][74798784ms] GC(19594) User=0.00s Sys=0.00s Real=0.01s
[2023-11-10T11:19:55.764-0800][74799396ms] GC(19595) Pause Young (Normal) (G1 Evacuation Pause)
[2023-11-10T11:19:55.764-0800][74799396ms] GC(19595) Using 10 workers of 10 for evacuation
[2023-11-10T11:19:55.768-0800][74799400ms] GC(19595)   Pre Evacuate Collection Set: 0.1ms
[2023-11-10T11:19:55.769-0800][74799401ms] GC(19595)   Evacuate Collection Set: 1.8ms
[2023-11-10T11:19:55.769-0800][74799401ms] GC(19595)   Post Evacuate Collection Set: 3.1ms
[2023-11-10T11:19:55.769-0800][74799401ms] GC(19595)   Other: 0.4ms
[2023-11-10T11:19:55.769-0800][74799401ms] GC(19595) Eden regions: 232->0(232)
[2023-11-10T11:19:55.769-0800][74799401ms] GC(19595) Survivor regions: 1->1(30)
[2023-11-10T11:19:55.769-0800][74799401ms] GC(19595) Old regions: 1381->1381
[2023-11-10T11:19:55.769-0800][74799401ms] GC(19595) Humongous regions: 5->5
[2023-11-10T11:19:55.769-0800][74799401ms] GC(19595) Metaspace: 304541K->304541K(1347584K)
[2023-11-10T11:19:55.769-0800][74799401ms] GC(19595) Pause Young (Normal) (G1 Evacuation Pause) 3235M->2771M(3602M) 5.520ms
[2023-11-10T11:19:55.769-0800][74799401ms] GC(19595) User=0.00s Sys=0.00s Real=0.01s
[2023-11-10T11:19:56.252-0800][74799884ms] GC(19596) Pause Young (Normal) (G1 Evacuation Pause)
[2023-11-10T11:19:56.252-0800][74799884ms] GC(19596) Using 10 workers of 10 for evacuation
[2023-11-10T11:19:56.258-0800][74799890ms] GC(19596)   Pre Evacuate Collection Set: 0.0ms
[2023-11-10T11:19:56.258-0800][74799890ms] GC(19596)   Evacuate Collection Set: 1.7ms
[2023-11-10T11:19:56.258-0800][74799890ms] GC(19596)   Post Evacuate Collection Set: 3.8ms
[2023-11-10T11:19:56.258-0800][74799890ms] GC(19596)   Other: 0.3ms
[2023-11-10T11:19:56.258-0800][74799890ms] GC(19596) Eden regions: 232->0(232)
[2023-11-10T11:19:56.258-0800][74799890ms] GC(19596) Survivor regions: 1->1(30)
[2023-11-10T11:19:56.258-0800][74799890ms] GC(19596) Old regions: 1381->1381
[2023-11-10T11:19:56.258-0800][74799890ms] GC(19596) Humongous regions: 5->5
[2023-11-10T11:19:56.258-0800][74799890ms] GC(19596) Metaspace: 304541K->304541K(1347584K)
[2023-11-10T11:19:56.258-0800][74799890ms] GC(19596) Pause Young (Normal) (G1 Evacuation Pause) 3235M->2771M(3602M) 5.973ms
[2023-11-10T11:19:56.258-0800][74799890ms] GC(19596) User=0.00s Sys=0.00s Real=0.01s
[2023-11-10T11:19:56.769-0800][74800401ms] GC(19597) Pause Young (Normal) (G1 Evacuation Pause)
[2023-11-10T11:19:56.769-0800][74800401ms] GC(19597) Using 10 workers of 10 for evacuation
[2023-11-10T11:19:56.774-0800][74800406ms] GC(19597)   Pre Evacuate Collection Set: 0.0ms
[2023-11-10T11:19:56.774-0800][74800406ms] GC(19597)   Evacuate Collection Set: 1.9ms
[2023-11-10T11:19:56.774-0800][74800406ms] GC(19597)   Post Evacuate Collection Set: 3.0ms
[2023-11-10T11:19:56.774-0800][74800406ms] GC(19597)   Other: 0.3ms
[2023-11-10T11:19:56.774-0800][74800406ms] GC(19597) Eden regions: 232->0(232)
[2023-11-10T11:19:56.774-0800][74800406ms] GC(19597) Survivor regions: 1->1(30)
[2023-11-10T11:19:56.774-0800][74800406ms] GC(19597) Old regions: 1381->1381
[2023-11-10T11:19:56.774-0800][74800406ms] GC(19597) Humongous regions: 5->5
[2023-11-10T11:19:56.774-0800][74800406ms] GC(19597) Metaspace: 304541K->304541K(1347584K)
[2023-11-10T11:19:56.774-0800][74800406ms] GC(19597) Pause Young (Normal) (G1 Evacuation Pause) 3235M->2771M(3602M) 5.370ms
[2023-11-10T11:19:56.774-0800][74800406ms] GC(19597) User=0.02s Sys=0.00s Real=0.00s
[2023-11-10T11:19:57.337-0800][74800969ms] GC(19598) Pause Young (Normal) (G1 Evacuation Pause)
[2023-11-10T11:19:57.337-0800][74800969ms] GC(19598) Using 10 workers of 10 for evacuation
[2023-11-10T11:19:57.343-0800][74800975ms] GC(19598)   Pre Evacuate Collection Set: 0.0ms
[2023-11-10T11:19:57.343-0800][74800975ms] GC(19598)   Evacuate Collection Set: 1.7ms
[2023-11-10T11:19:57.343-0800][74800975ms] GC(19598)   Post Evacuate Collection Set: 4.0ms
[2023-11-10T11:19:57.343-0800][74800975ms] GC(19598)   Other: 0.3ms
[2023-11-10T11:19:57.343-0800][74800975ms] GC(19598) Eden regions: 232->0(232)
[2023-11-10T11:19:57.343-0800][74800975ms] GC(19598) Survivor regions: 1->1(30)
[2023-11-10T11:19:57.343-0800][74800975ms] GC(19598) Old regions: 1381->1381
[2023-11-10T11:19:57.343-0800][74800975ms] GC(19598) Humongous regions: 5->5
[2023-11-10T11:19:57.343-0800][74800975ms] GC(19598) Metaspace: 304541K->304541K(1347584K)
[2023-11-10T11:19:57.343-0800][74800975ms] GC(19598) Pause Young (Normal) (G1 Evacuation Pause) 3235M->2771M(3602M) 6.215ms
[2023-11-10T11:19:57.343-0800][74800975ms] GC(19598) User=0.00s Sys=0.00s Real=0.01s
[2023-11-10T11:19:57.929-0800][74801561ms] GC(19599) Pause Young (Normal) (G1 Evacuation Pause)
[2023-11-10T11:19:57.929-0800][74801561ms] GC(19599) Using 10 workers of 10 for evacuation
[2023-11-10T11:19:57.935-0800][74801567ms] GC(19599)   Pre Evacuate Collection Set: 0.1ms
[2023-11-10T11:19:57.935-0800][74801567ms] GC(19599)   Evacuate Collection Set: 1.9ms
[2023-11-10T11:19:57.935-0800][74801567ms] GC(19599)   Post Evacuate Collection Set: 3.7ms
[2023-11-10T11:19:57.935-0800][74801567ms] GC(19599)   Other: 0.3ms
[2023-11-10T11:19:57.935-0800][74801567ms] GC(19599) Eden regions: 232->0(232)
[2023-11-10T11:19:57.935-0800][74801567ms] GC(19599) Survivor regions: 1->1(30)
[2023-11-10T11:19:57.935-0800][74801567ms] GC(19599) Old regions: 1381->1381
[2023-11-10T11:19:57.935-0800][74801567ms] GC(19599) Humongous regions: 5->5
[2023-11-10T11:19:57.935-0800][74801567ms] GC(19599) Metaspace: 304541K->304541K(1347584K)
[2023-11-10T11:19:57.935-0800][74801567ms] GC(19599) Pause Young (Normal) (G1 Evacuation Pause) 3235M->2771M(3602M) 6.067ms
[2023-11-10T11:19:57.935-0800][74801567ms] GC(19599) User=0.00s Sys=0.00s Real=0.01s
[2023-11-10T11:19:58.514-0800][74802146ms] GC(19600) Pause Young (Normal) (G1 Evacuation Pause)
[2023-11-10T11:19:58.514-0800][74802146ms] GC(19600) Using 10 workers of 10 for evacuation
[2023-11-10T11:19:58.522-0800][74802154ms] GC(19600)   Pre Evacuate Collection Set: 0.1ms
[2023-11-10T11:19:58.522-0800][74802154ms] GC(19600)   Evacuate Collection Set: 2.6ms
[2023-11-10T11:19:58.522-0800][74802154ms] GC(19600)   Post Evacuate Collection Set: 3.9ms
[2023-11-10T11:19:58.522-0800][74802154ms] GC(19600)   Other: 0.3ms
[2023-11-10T11:19:58.522-0800][74802154ms] GC(19600) Eden regions: 232->0(232)
[2023-11-10T11:19:58.522-0800][74802154ms] GC(19600) Survivor regions: 1->1(30)
[2023-11-10T11:19:58.522-0800][74802154ms] GC(19600) Old regions: 1381->1381
[2023-11-10T11:19:58.522-0800][74802154ms] GC(19600) Humongous regions: 5->5
[2023-11-10T11:19:58.522-0800][74802154ms] GC(19600) Metaspace: 304541K->304541K(1347584K)
[2023-11-10T11:19:58.522-0800][74802154ms] GC(19600) Pause Young (Normal) (G1 Evacuation Pause) 3235M->2771M(3602M) 7.008ms
[2023-11-10T11:19:58.522-0800][74802154ms] GC(19600) User=0.00s Sys=0.00s Real=0.01s
[2023-11-10T11:19:59.139-0800][74802771ms] GC(19601) Pause Young (Normal) (G1 Evacuation Pause)
[2023-11-10T11:19:59.139-0800][74802771ms] GC(19601) Using 10 workers of 10 for evacuation
[2023-11-10T11:19:59.146-0800][74802778ms] GC(19601)   Pre Evacuate Collection Set: 0.0ms
[2023-11-10T11:19:59.146-0800][74802778ms] GC(19601)   Evacuate Collection Set: 2.3ms
[2023-11-10T11:19:59.146-0800][74802778ms] GC(19601)   Post Evacuate Collection Set: 4.4ms
[2023-11-10T11:19:59.146-0800][74802778ms] GC(19601)   Other: 0.3ms
[2023-11-10T11:19:59.146-0800][74802778ms] GC(19601) Eden regions: 232->0(232)
[2023-11-10T11:19:59.146-0800][74802778ms] GC(19601) Survivor regions: 1->1(30)
[2023-11-10T11:19:59.146-0800][74802778ms] GC(19601) Old regions: 1381->1381
[2023-11-10T11:19:59.146-0800][74802778ms] GC(19601) Humongous regions: 5->5
[2023-11-10T11:19:59.146-0800][74802778ms] GC(19601) Metaspace: 304541K->304541K(1347584K)
[2023-11-10T11:19:59.146-0800][74802778ms] GC(19601) Pause Young (Normal) (G1 Evacuation Pause) 3235M->2771M(3602M) 7.181ms
[2023-11-10T11:19:59.146-0800][74802778ms] GC(19601) User=0.00s Sys=0.00s Real=0.01s
[2023-11-10T11:19:59.690-0800][74803322ms] GC(19602) Pause Young (Normal) (G1 Evacuation Pause)
[2023-11-10T11:19:59.690-0800][74803322ms] GC(19602) Using 10 workers of 10 for evacuation
[2023-11-10T11:19:59.696-0800][74803328ms] GC(19602)   Pre Evacuate Collection Set: 0.1ms
[2023-11-10T11:19:59.696-0800][74803328ms] GC(19602)   Evacuate Collection Set: 1.8ms
[2023-11-10T11:19:59.696-0800][74803328ms] GC(19602)   Post Evacuate Collection Set: 3.4ms
[2023-11-10T11:19:59.696-0800][74803328ms] GC(19602)   Other: 0.4ms
[2023-11-10T11:19:59.696-0800][74803328ms] GC(19602) Eden regions: 232->0(232)
[2023-11-10T11:19:59.696-0800][74803328ms] GC(19602) Survivor regions: 1->1(30)
[2023-11-10T11:19:59.696-0800][74803328ms] GC(19602) Old regions: 1381->1381
[2023-11-10T11:19:59.696-0800][74803328ms] GC(19602) Humongous regions: 5->5
[2023-11-10T11:19:59.696-0800][74803328ms] GC(19602) Metaspace: 304541K->304541K(1347584K)
[2023-11-10T11:19:59.696-0800][74803328ms] GC(19602) Pause Young (Normal) (G1 Evacuation Pause) 3235M->2771M(3602M) 5.806ms
[2023-11-10T11:19:59.696-0800][74803328ms] GC(19602) User=0.00s Sys=0.00s Real=0.01s
[2023-11-10T11:20:00.299-0800][74803931ms] GC(19603) Pause Young (Normal) (G1 Evacuation Pause)
[2023-11-10T11:20:00.299-0800][74803931ms] GC(19603) Using 10 workers of 10 for evacuation
[2023-11-10T11:20:00.306-0800][74803938ms] GC(19603)   Pre Evacuate Collection Set: 0.0ms
[2023-11-10T11:20:00.306-0800][74803938ms] GC(19603)   Evacuate Collection Set: 2.4ms
[2023-11-10T11:20:00.306-0800][74803938ms] GC(19603)   Post Evacuate Collection Set: 4.4ms
[2023-11-10T11:20:00.306-0800][74803938ms] GC(19603)   Other: 0.3ms
[2023-11-10T11:20:00.306-0800][74803938ms] GC(19603) Eden regions: 232->0(232)
[2023-11-10T11:20:00.306-0800][74803938ms] GC(19603) Survivor regions: 1->1(30)
[2023-11-10T11:20:00.306-0800][74803938ms] GC(19603) Old regions: 1381->1381
[2023-11-10T11:20:00.306-0800][74803938ms] GC(19603) Humongous regions: 5->5
[2023-11-10T11:20:00.306-0800][74803938ms] GC(19603) Metaspace: 304541K->304541K(1347584K)
[2023-11-10T11:20:00.306-0800][74803938ms] GC(19603) Pause Young (Normal) (G1 Evacuation Pause) 3235M->2771M(3602M) 7.186ms
[2023-11-10T11:20:00.306-0800][74803938ms] GC(19603) User=0.00s Sys=0.00s Real=0.01s
[2023-11-10T11:20:00.891-0800][74804523ms] GC(19604) Pause Young (Normal) (G1 Evacuation Pause)
[2023-11-10T11:20:00.891-0800][74804523ms] GC(19604) Using 10 workers of 10 for evacuation
[2023-11-10T11:20:00.898-0800][74804530ms] GC(19604)   Pre Evacuate Collection Set: 0.1ms
[2023-11-10T11:20:00.898-0800][74804530ms] GC(19604)   Evacuate Collection Set: 2.0ms
[2023-11-10T11:20:00.898-0800][74804530ms] GC(19604)   Post Evacuate Collection Set: 4.7ms
[2023-11-10T11:20:00.898-0800][74804530ms] GC(19604)   Other: 0.3ms
[2023-11-10T11:20:00.898-0800][74804530ms] GC(19604) Eden regions: 232->0(232)
[2023-11-10T11:20:00.898-0800][74804530ms] GC(19604) Survivor regions: 1->1(30)
[2023-11-10T11:20:00.898-0800][74804530ms] GC(19604) Old regions: 1381->1381
[2023-11-10T11:20:00.898-0800][74804530ms] GC(19604) Humongous regions: 5->5
[2023-11-10T11:20:00.898-0800][74804530ms] GC(19604) Metaspace: 304541K->304541K(1347584K)
[2023-11-10T11:20:00.898-0800][74804530ms] GC(19604) Pause Young (Normal) (G1 Evacuation Pause) 3235M->2771M(3602M) 7.279ms
[2023-11-10T11:20:00.898-0800][74804530ms] GC(19604) User=0.00s Sys=0.00s Real=0.01s
[2023-11-10T11:20:01.497-0800][74805129ms] GC(19605) Pause Young (Normal) (G1 Evacuation Pause)
[2023-11-10T11:20:01.497-0800][74805129ms] GC(19605) Using 10 workers of 10 for evacuation
[2023-11-10T11:20:01.503-0800][74805135ms] GC(19605)   Pre Evacuate Collection Set: 0.1ms
[2023-11-10T11:20:01.503-0800][74805135ms] GC(19605)   Evacuate Collection Set: 1.8ms
[2023-11-10T11:20:01.503-0800][74805135ms] GC(19605)   Post Evacuate Collection Set: 4.2ms
[2023-11-10T11:20:01.503-0800][74805135ms] GC(19605)   Other: 0.3ms
[2023-11-10T11:20:01.503-0800][74805135ms] GC(19605) Eden regions: 232->0(232)
[2023-11-10T11:20:01.503-0800][74805135ms] GC(19605) Survivor regions: 1->1(30)
[2023-11-10T11:20:01.503-0800][74805135ms] GC(19605) Old regions: 1381->1381
[2023-11-10T11:20:01.503-0800][74805135ms] GC(19605) Humongous regions: 5->5
[2023-11-10T11:20:01.503-0800][74805135ms] GC(19605) Metaspace: 304541K->304541K(1347584K)
[2023-11-10T11:20:01.503-0800][74805135ms] GC(19605) Pause Young (Normal) (G1 Evacuation Pause) 3235M->2771M(3602M) 6.527ms
[2023-11-10T11:20:01.503-0800][74805135ms] GC(19605) User=0.00s Sys=0.00s Real=0.01s
[2023-11-10T11:20:02.029-0800][74805661ms] GC(19606) Pause Young (Normal) (G1 Evacuation Pause)
[2023-11-10T11:20:02.029-0800][74805661ms] GC(19606) Using 10 workers of 10 for evacuation
[2023-11-10T11:20:02.035-0800][74805667ms] GC(19606)   Pre Evacuate Collection Set: 0.1ms
[2023-11-10T11:20:02.036-0800][74805668ms] GC(19606)   Evacuate Collection Set: 2.5ms
[2023-11-10T11:20:02.036-0800][74805668ms] GC(19606)   Post Evacuate Collection Set: 4.1ms
[2023-11-10T11:20:02.036-0800][74805668ms] GC(19606)   Other: 0.4ms
[2023-11-10T11:20:02.036-0800][74805668ms] GC(19606) Eden regions: 232->0(232)
[2023-11-10T11:20:02.036-0800][74805668ms] GC(19606) Survivor regions: 1->1(30)
[2023-11-10T11:20:02.036-0800][74805668ms] GC(19606) Old regions: 1381->1381
[2023-11-10T11:20:02.036-0800][74805668ms] GC(19606) Humongous regions: 5->5
[2023-11-10T11:20:02.036-0800][74805668ms] GC(19606) Metaspace: 304541K->304541K(1347584K)
[2023-11-10T11:20:02.036-0800][74805668ms] GC(19606) Pause Young (Normal) (G1 Evacuation Pause) 3235M->2771M(3602M) 7.182ms
[2023-11-10T11:20:02.036-0800][74805668ms] GC(19606) User=0.00s Sys=0.00s Real=0.01s
[2023-11-10T11:20:02.643-0800][74806275ms] GC(19607) Pause Young (Normal) (G1 Evacuation Pause)
[2023-11-10T11:20:02.643-0800][74806275ms] GC(19607) Using 10 workers of 10 for evacuation
[2023-11-10T11:20:02.649-0800][74806281ms] GC(19607)   Pre Evacuate Collection Set: 0.1ms
[2023-11-10T11:20:02.649-0800][74806281ms] GC(19607)   Evacuate Collection Set: 1.8ms
[2023-11-10T11:20:02.649-0800][74806281ms] GC(19607)   Post Evacuate Collection Set: 3.5ms
[2023-11-10T11:20:02.649-0800][74806281ms] GC(19607)   Other: 0.3ms
[2023-11-10T11:20:02.649-0800][74806281ms] GC(19607) Eden regions: 232->0(232)
[2023-11-10T11:20:02.649-0800][74806281ms] GC(19607) Survivor regions: 1->1(30)
[2023-11-10T11:20:02.649-0800][74806281ms] GC(19607) Old regions: 1381->1381
[2023-11-10T11:20:02.649-0800][74806281ms] GC(19607) Humongous regions: 5->5
[2023-11-10T11:20:02.649-0800][74806281ms] GC(19607) Metaspace: 304541K->304541K(1347584K)
[2023-11-10T11:20:02.649-0800][74806281ms] GC(19607) Pause Young (Normal) (G1 Evacuation Pause) 3235M->2771M(3602M) 5.762ms
[2023-11-10T11:20:02.649-0800][74806281ms] GC(19607) User=0.02s Sys=0.00s Real=0.01s
[2023-11-10T11:20:03.183-0800][74806815ms] GC(19608) Pause Young (Normal) (G1 Evacuation Pause)
[2023-11-10T11:20:03.183-0800][74806815ms] GC(19608) Using 10 workers of 10 for evacuation
[2023-11-10T11:20:03.188-0800][74806820ms] GC(19608)   Pre Evacuate Collection Set: 0.0ms
[2023-11-10T11:20:03.188-0800][74806820ms] GC(19608)   Evacuate Collection Set: 1.8ms
[2023-11-10T11:20:03.188-0800][74806820ms] GC(19608)   Post Evacuate Collection Set: 3.6ms
[2023-11-10T11:20:03.188-0800][74806820ms] GC(19608)   Other: 0.3ms
[2023-11-10T11:20:03.188-0800][74806820ms] GC(19608) Eden regions: 232->0(232)
[2023-11-10T11:20:03.188-0800][74806820ms] GC(19608) Survivor regions: 1->1(30)
[2023-11-10T11:20:03.188-0800][74806820ms] GC(19608) Old regions: 1381->1381
[2023-11-10T11:20:03.188-0800][74806820ms] GC(19608) Humongous regions: 5->5
[2023-11-10T11:20:03.188-0800][74806820ms] GC(19608) Metaspace: 304541K->304541K(1347584K)
[2023-11-10T11:20:03.188-0800][74806820ms] GC(19608) Pause Young (Normal) (G1 Evacuation Pause) 3235M->2771M(3602M) 5.882ms
[2023-11-10T11:20:03.188-0800][74806820ms] GC(19608) User=0.00s Sys=0.00s Real=0.00s
[2023-11-10T11:20:03.725-0800][74807357ms] GC(19609) Pause Young (Normal) (G1 Evacuation Pause)
[2023-11-10T11:20:03.725-0800][74807357ms] GC(19609) Using 10 workers of 10 for evacuation
[2023-11-10T11:20:03.730-0800][74807362ms] GC(19609)   Pre Evacuate Collection Set: 0.0ms
[2023-11-10T11:20:03.731-0800][74807363ms] GC(19609)   Evacuate Collection Set: 1.7ms
[2023-11-10T11:20:03.731-0800][74807363ms] GC(19609)   Post Evacuate Collection Set: 3.2ms
[2023-11-10T11:20:03.731-0800][74807363ms] GC(19609)   Other: 0.3ms
[2023-11-10T11:20:03.731-0800][74807363ms] GC(19609) Eden regions: 232->0(232)
[2023-11-10T11:20:03.731-0800][74807363ms] GC(19609) Survivor regions: 1->1(30)
[2023-11-10T11:20:03.731-0800][74807363ms] GC(19609) Old regions: 1381->1381
[2023-11-10T11:20:03.731-0800][74807363ms] GC(19609) Humongous regions: 5->5
[2023-11-10T11:20:03.731-0800][74807363ms] GC(19609) Metaspace: 304541K->304541K(1347584K)
[2023-11-10T11:20:03.731-0800][74807363ms] GC(19609) Pause Young (Normal) (G1 Evacuation Pause) 3235M->2771M(3602M) 5.314ms
[2023-11-10T11:20:03.731-0800][74807363ms] GC(19609) User=0.00s Sys=0.00s Real=0.01s
[2023-11-10T11:20:04.326-0800][74807958ms] GC(19610) Pause Young (Normal) (G1 Evacuation Pause)
[2023-11-10T11:20:04.326-0800][74807958ms] GC(19610) Using 10 workers of 10 for evacuation
[2023-11-10T11:20:04.332-0800][74807964ms] GC(19610)   Pre Evacuate Collection Set: 0.0ms
[2023-11-10T11:20:04.332-0800][74807964ms] GC(19610)   Evacuate Collection Set: 2.0ms
[2023-11-10T11:20:04.332-0800][74807964ms] GC(19610)   Post Evacuate Collection Set: 3.2ms
[2023-11-10T11:20:04.332-0800][74807964ms] GC(19610)   Other: 0.3ms
[2023-11-10T11:20:04.332-0800][74807964ms] GC(19610) Eden regions: 232->0(232)
[2023-11-10T11:20:04.332-0800][74807964ms] GC(19610) Survivor regions: 1->1(30)
[2023-11-10T11:20:04.332-0800][74807964ms] GC(19610) Old regions: 1381->1381
[2023-11-10T11:20:04.332-0800][74807964ms] GC(19610) Humongous regions: 5->5
[2023-11-10T11:20:04.332-0800][74807964ms] GC(19610) Metaspace: 304541K->304541K(1347584K)
[2023-11-10T11:20:04.332-0800][74807964ms] GC(19610) Pause Young (Normal) (G1 Evacuation Pause) 3235M->2771M(3602M) 5.607ms
[2023-11-10T11:20:04.332-0800][74807964ms] GC(19610) User=0.00s Sys=0.00s Real=0.01s
[2023-11-10T11:20:04.894-0800][74808526ms] GC(19611) Pause Young (Normal) (G1 Evacuation Pause)
[2023-11-10T11:20:04.894-0800][74808526ms] GC(19611) Using 10 workers of 10 for evacuation
[2023-11-10T11:20:04.899-0800][74808531ms] GC(19611)   Pre Evacuate Collection Set: 0.0ms
[2023-11-10T11:20:04.899-0800][74808531ms] GC(19611)   Evacuate Collection Set: 1.8ms
[2023-11-10T11:20:04.899-0800][74808531ms] GC(19611)   Post Evacuate Collection Set: 2.9ms
[2023-11-10T11:20:04.899-0800][74808531ms] GC(19611)   Other: 0.4ms
[2023-11-10T11:20:04.899-0800][74808531ms] GC(19611) Eden regions: 232->0(232)
[2023-11-10T11:20:04.899-0800][74808531ms] GC(19611) Survivor regions: 1->1(30)
[2023-11-10T11:20:04.899-0800][74808531ms] GC(19611) Old regions: 1381->1381
[2023-11-10T11:20:04.899-0800][74808531ms] GC(19611) Humongous regions: 5->5
[2023-11-10T11:20:04.899-0800][74808531ms] GC(19611) Metaspace: 304541K->304541K(1347584K)
[2023-11-10T11:20:04.899-0800][74808531ms] GC(19611) Pause Young (Normal) (G1 Evacuation Pause) 3235M->2771M(3602M) 5.226ms
[2023-11-10T11:20:04.900-0800][74808532ms] GC(19611) User=0.00s Sys=0.00s Real=0.01s
[2023-11-10T11:20:05.527-0800][74809159ms] GC(19612) Pause Young (Normal) (G1 Evacuation Pause)
[2023-11-10T11:20:05.527-0800][74809159ms] GC(19612) Using 10 workers of 10 for evacuation
[2023-11-10T11:20:05.533-0800][74809165ms] GC(19612)   Pre Evacuate Collection Set: 0.0ms
[2023-11-10T11:20:05.533-0800][74809165ms] GC(19612)   Evacuate Collection Set: 1.8ms
[2023-11-10T11:20:05.533-0800][74809165ms] GC(19612)   Post Evacuate Collection Set: 3.2ms
[2023-11-10T11:20:05.533-0800][74809165ms] GC(19612)   Other: 0.3ms
[2023-11-10T11:20:05.533-0800][74809165ms] GC(19612) Eden regions: 232->0(232)
[2023-11-10T11:20:05.533-0800][74809165ms] GC(19612) Survivor regions: 1->1(30)
[2023-11-10T11:20:05.533-0800][74809165ms] GC(19612) Old regions: 1381->1381
[2023-11-10T11:20:05.533-0800][74809165ms] GC(19612) Humongous regions: 5->5
[2023-11-10T11:20:05.533-0800][74809165ms] GC(19612) Metaspace: 304541K->304541K(1347584K)
[2023-11-10T11:20:05.533-0800][74809165ms] GC(19612) Pause Young (Normal) (G1 Evacuation Pause) 3235M->2771M(3602M) 5.404ms
[2023-11-10T11:20:05.533-0800][74809165ms] GC(19612) User=0.00s Sys=0.00s Real=0.01s
[2023-11-10T11:20:06.095-0800][74809727ms] GC(19613) Pause Young (Normal) (G1 Evacuation Pause)
[2023-11-10T11:20:06.095-0800][74809727ms] GC(19613) Using 10 workers of 10 for evacuation
[2023-11-10T11:20:06.100-0800][74809732ms] GC(19613)   Pre Evacuate Collection Set: 0.0ms
[2023-11-10T11:20:06.100-0800][74809732ms] GC(19613)   Evacuate Collection Set: 1.7ms
[2023-11-10T11:20:06.100-0800][74809732ms] GC(19613)   Post Evacuate Collection Set: 3.1ms
[2023-11-10T11:20:06.100-0800][74809732ms] GC(19613)   Other: 0.3ms
[2023-11-10T11:20:06.100-0800][74809732ms] GC(19613) Eden regions: 232->0(232)
[2023-11-10T11:20:06.100-0800][74809732ms] GC(19613) Survivor regions: 1->1(30)
[2023-11-10T11:20:06.100-0800][74809732ms] GC(19613) Old regions: 1381->1381
[2023-11-10T11:20:06.100-0800][74809732ms] GC(19613) Humongous regions: 5->5
[2023-11-10T11:20:06.100-0800][74809732ms] GC(19613) Metaspace: 304541K->304541K(1347584K)
[2023-11-10T11:20:06.100-0800][74809732ms] GC(19613) Pause Young (Normal) (G1 Evacuation Pause) 3235M->2771M(3602M) 5.288ms
[2023-11-10T11:20:06.100-0800][74809732ms] GC(19613) User=0.00s Sys=0.00s Real=0.00s
[2023-11-10T11:20:06.706-0800][74810338ms] GC(19614) Pause Young (Normal) (G1 Evacuation Pause)
[2023-11-10T11:20:06.706-0800][74810338ms] GC(19614) Using 10 workers of 10 for evacuation
[2023-11-10T11:20:06.711-0800][74810343ms] GC(19614)   Pre Evacuate Collection Set: 0.0ms
[2023-11-10T11:20:06.711-0800][74810343ms] GC(19614)   Evacuate Collection Set: 1.7ms
[2023-11-10T11:20:06.711-0800][74810343ms] GC(19614)   Post Evacuate Collection Set: 3.7ms
[2023-11-10T11:20:06.711-0800][74810343ms] GC(19614)   Other: 0.3ms
[2023-11-10T11:20:06.711-0800][74810343ms] GC(19614) Eden regions: 232->0(232)
[2023-11-10T11:20:06.711-0800][74810343ms] GC(19614) Survivor regions: 1->1(30)
[2023-11-10T11:20:06.711-0800][74810343ms] GC(19614) Old regions: 1381->1381
[2023-11-10T11:20:06.711-0800][74810343ms] GC(19614) Humongous regions: 5->5
[2023-11-10T11:20:06.711-0800][74810343ms] GC(19614) Metaspace: 304541K->304541K(1347584K)
[2023-11-10T11:20:06.711-0800][74810343ms] GC(19614) Pause Young (Normal) (G1 Evacuation Pause) 3235M->2771M(3602M) 5.788ms
[2023-11-10T11:20:06.711-0800][74810343ms] GC(19614) User=0.00s Sys=0.00s Real=0.00s
[2023-11-10T11:20:07.222-0800][74810854ms] GC(19615) Pause Young (Normal) (G1 Evacuation Pause)
[2023-11-10T11:20:07.222-0800][74810854ms] GC(19615) Using 10 workers of 10 for evacuation
[2023-11-10T11:20:07.229-0800][74810861ms] GC(19615)   Pre Evacuate Collection Set: 0.1ms
[2023-11-10T11:20:07.229-0800][74810861ms] GC(19615)   Evacuate Collection Set: 1.8ms
[2023-11-10T11:20:07.229-0800][74810861ms] GC(19615)   Post Evacuate Collection Set: 4.5ms
[2023-11-10T11:20:07.229-0800][74810861ms] GC(19615)   Other: 0.3ms
[2023-11-10T11:20:07.229-0800][74810861ms] GC(19615) Eden regions: 232->0(232)
[2023-11-10T11:20:07.229-0800][74810861ms] GC(19615) Survivor regions: 1->1(30)
[2023-11-10T11:20:07.229-0800][74810861ms] GC(19615) Old regions: 1381->1381
[2023-11-10T11:20:07.229-0800][74810861ms] GC(19615) Humongous regions: 5->5
[2023-11-10T11:20:07.229-0800][74810861ms] GC(19615) Metaspace: 304541K->304541K(1347584K)
[2023-11-10T11:20:07.229-0800][74810861ms] GC(19615) Pause Young (Normal) (G1 Evacuation Pause) 3235M->2771M(3602M) 6.803ms
[2023-11-10T11:20:07.229-0800][74810861ms] GC(19615) User=0.00s Sys=0.00s Real=0.01s
[2023-11-10T11:20:07.861-0800][74811493ms] GC(19616) Pause Young (Normal) (G1 Evacuation Pause)
[2023-11-10T11:20:07.861-0800][74811493ms] GC(19616) Using 10 workers of 10 for evacuation
[2023-11-10T11:20:07.869-0800][74811501ms] GC(19616)   Pre Evacuate Collection Set: 0.1ms
[2023-11-10T11:20:07.869-0800][74811501ms] GC(19616)   Evacuate Collection Set: 2.1ms
[2023-11-10T11:20:07.869-0800][74811501ms] GC(19616)   Post Evacuate Collection Set: 4.5ms
[2023-11-10T11:20:07.869-0800][74811501ms] GC(19616)   Other: 0.4ms
[2023-11-10T11:20:07.869-0800][74811501ms] GC(19616) Eden regions: 232->0(232)
[2023-11-10T11:20:07.869-0800][74811501ms] GC(19616) Survivor regions: 1->1(30)
[2023-11-10T11:20:07.869-0800][74811501ms] GC(19616) Old regions: 1381->1381
[2023-11-10T11:20:07.869-0800][74811501ms] GC(19616) Humongous regions: 5->5
[2023-11-10T11:20:07.869-0800][74811501ms] GC(19616) Metaspace: 304541K->304541K(1347584K)
[2023-11-10T11:20:07.869-0800][74811501ms] GC(19616) Pause Young (Normal) (G1 Evacuation Pause) 3235M->2771M(3602M) 7.164ms
[2023-11-10T11:20:07.869-0800][74811501ms] GC(19616) User=0.02s Sys=0.00s Real=0.01s
[2023-11-10T11:20:08.490-0800][74812122ms] GC(19617) Pause Young (Normal) (G1 Evacuation Pause)
[2023-11-10T11:20:08.490-0800][74812122ms] GC(19617) Using 10 workers of 10 for evacuation
[2023-11-10T11:20:08.495-0800][74812127ms] GC(19617)   Pre Evacuate Collection Set: 0.0ms
[2023-11-10T11:20:08.495-0800][74812127ms] GC(19617)   Evacuate Collection Set: 1.7ms
[2023-11-10T11:20:08.495-0800][74812127ms] GC(19617)   Post Evacuate Collection Set: 3.1ms
[2023-11-10T11:20:08.495-0800][74812127ms] GC(19617)   Other: 0.3ms
[2023-11-10T11:20:08.495-0800][74812127ms] GC(19617) Eden regions: 232->0(232)
[2023-11-10T11:20:08.495-0800][74812127ms] GC(19617) Survivor regions: 1->1(30)
[2023-11-10T11:20:08.495-0800][74812127ms] GC(19617) Old regions: 1381->1381
[2023-11-10T11:20:08.495-0800][74812127ms] GC(19617) Humongous regions: 5->5
[2023-11-10T11:20:08.495-0800][74812127ms] GC(19617) Metaspace: 304541K->304541K(1347584K)
[2023-11-10T11:20:08.495-0800][74812127ms] GC(19617) Pause Young (Normal) (G1 Evacuation Pause) 3235M->2772M(3602M) 5.241ms
[2023-11-10T11:20:08.495-0800][74812127ms] GC(19617) User=0.08s Sys=0.00s Real=0.00s
[2023-11-10T11:20:09.039-0800][74812671ms] GC(19618) Pause Young (Normal) (G1 Evacuation Pause)
[2023-11-10T11:20:09.039-0800][74812671ms] GC(19618) Using 10 workers of 10 for evacuation
[2023-11-10T11:20:09.047-0800][74812679ms] GC(19618)   Pre Evacuate Collection Set: 0.1ms
[2023-11-10T11:20:09.047-0800][74812679ms] GC(19618)   Evacuate Collection Set: 2.7ms
[2023-11-10T11:20:09.047-0800][74812679ms] GC(19618)   Post Evacuate Collection Set: 4.6ms
[2023-11-10T11:20:09.047-0800][74812679ms] GC(19618)   Other: 0.4ms
[2023-11-10T11:20:09.047-0800][74812679ms] GC(19618) Eden regions: 232->0(232)
[2023-11-10T11:20:09.047-0800][74812679ms] GC(19618) Survivor regions: 1->1(30)
[2023-11-10T11:20:09.047-0800][74812679ms] GC(19618) Old regions: 1381->1381
[2023-11-10T11:20:09.047-0800][74812679ms] GC(19618) Humongous regions: 5->5
[2023-11-10T11:20:09.047-0800][74812679ms] GC(19618) Metaspace: 304541K->304541K(1347584K)
[2023-11-10T11:20:09.047-0800][74812679ms] GC(19618) Pause Young (Normal) (G1 Evacuation Pause) 3236M->2772M(3602M) 7.900ms
[2023-11-10T11:20:09.047-0800][74812679ms] GC(19618) User=0.00s Sys=0.00s Real=0.01s
[2023-11-10T11:20:09.658-0800][74813290ms] GC(19619) Pause Young (Normal) (G1 Evacuation Pause)
[2023-11-10T11:20:09.658-0800][74813290ms] GC(19619) Using 10 workers of 10 for evacuation
[2023-11-10T11:20:09.663-0800][74813295ms] GC(19619)   Pre Evacuate Collection Set: 0.0ms
[2023-11-10T11:20:09.663-0800][74813295ms] GC(19619)   Evacuate Collection Set: 1.7ms
[2023-11-10T11:20:09.663-0800][74813295ms] GC(19619)   Post Evacuate Collection Set: 3.3ms
[2023-11-10T11:20:09.663-0800][74813295ms] GC(19619)   Other: 0.3ms
[2023-11-10T11:20:09.663-0800][74813295ms] GC(19619) Eden regions: 232->0(232)
[2023-11-10T11:20:09.663-0800][74813295ms] GC(19619) Survivor regions: 1->1(30)
[2023-11-10T11:20:09.663-0800][74813295ms] GC(19619) Old regions: 1381->1381
[2023-11-10T11:20:09.663-0800][74813295ms] GC(19619) Humongous regions: 5->5
[2023-11-10T11:20:09.663-0800][74813295ms] GC(19619) Metaspace: 304541K->304541K(1347584K)
[2023-11-10T11:20:09.663-0800][74813295ms] GC(19619) Pause Young (Normal) (G1 Evacuation Pause) 3236M->2772M(3602M) 5.409ms
[2023-11-10T11:20:09.663-0800][74813295ms] GC(19619) User=0.02s Sys=0.00s Real=0.01s
[2023-11-10T11:20:10.229-0800][74813861ms] GC(19620) Pause Young (Normal) (G1 Evacuation Pause)
[2023-11-10T11:20:10.229-0800][74813861ms] GC(19620) Using 10 workers of 10 for evacuation
[2023-11-10T11:20:10.237-0800][74813869ms] GC(19620)   Pre Evacuate Collection Set: 0.0ms
[2023-11-10T11:20:10.237-0800][74813869ms] GC(19620)   Evacuate Collection Set: 2.7ms
[2023-11-10T11:20:10.237-0800][74813869ms] GC(19620)   Post Evacuate Collection Set: 4.1ms
[2023-11-10T11:20:10.237-0800][74813869ms] GC(19620)   Other: 0.4ms
[2023-11-10T11:20:10.237-0800][74813869ms] GC(19620) Eden regions: 232->0(232)
[2023-11-10T11:20:10.237-0800][74813869ms] GC(19620) Survivor regions: 1->1(30)
[2023-11-10T11:20:10.237-0800][74813869ms] GC(19620) Old regions: 1381->1381
[2023-11-10T11:20:10.237-0800][74813869ms] GC(19620) Humongous regions: 5->5
[2023-11-10T11:20:10.237-0800][74813869ms] GC(19620) Metaspace: 304541K->304541K(1347584K)
[2023-11-10T11:20:10.237-0800][74813869ms] GC(19620) Pause Young (Normal) (G1 Evacuation Pause) 3236M->2772M(3602M) 7.413ms
[2023-11-10T11:20:10.237-0800][74813869ms] GC(19620) User=0.00s Sys=0.00s Real=0.01s
[2023-11-10T11:20:10.845-0800][74814477ms] GC(19621) Pause Young (Normal) (G1 Evacuation Pause)
[2023-11-10T11:20:10.845-0800][74814477ms] GC(19621) Using 10 workers of 10 for evacuation
[2023-11-10T11:20:10.851-0800][74814483ms] GC(19621)   Pre Evacuate Collection Set: 0.0ms
[2023-11-10T11:20:10.851-0800][74814483ms] GC(19621)   Evacuate Collection Set: 2.2ms
[2023-11-10T11:20:10.851-0800][74814483ms] GC(19621)   Post Evacuate Collection Set: 3.5ms
[2023-11-10T11:20:10.851-0800][74814483ms] GC(19621)   Other: 0.3ms
[2023-11-10T11:20:10.851-0800][74814483ms] GC(19621) Eden regions: 232->0(232)
[2023-11-10T11:20:10.851-0800][74814483ms] GC(19621) Survivor regions: 1->1(30)
[2023-11-10T11:20:10.851-0800][74814483ms] GC(19621) Old regions: 1381->1381
[2023-11-10T11:20:10.851-0800][74814483ms] GC(19621) Humongous regions: 5->5
[2023-11-10T11:20:10.851-0800][74814483ms] GC(19621) Metaspace: 304541K->304541K(1347584K)
[2023-11-10T11:20:10.851-0800][74814483ms] GC(19621) Pause Young (Normal) (G1 Evacuation Pause) 3236M->2772M(3602M) 6.143ms
[2023-11-10T11:20:10.851-0800][74814483ms] GC(19621) User=0.00s Sys=0.00s Real=0.01s
[2023-11-10T11:20:11.467-0800][74815099ms] GC(19622) Pause Young (Normal) (G1 Evacuation Pause)
[2023-11-10T11:20:11.467-0800][74815099ms] GC(19622) Using 10 workers of 10 for evacuation
[2023-11-10T11:20:11.473-0800][74815105ms] GC(19622)   Pre Evacuate Collection Set: 0.0ms
[2023-11-10T11:20:11.473-0800][74815105ms] GC(19622)   Evacuate Collection Set: 1.8ms
[2023-11-10T11:20:11.473-0800][74815105ms] GC(19622)   Post Evacuate Collection Set: 4.2ms
[2023-11-10T11:20:11.473-0800][74815105ms] GC(19622)   Other: 0.3ms
[2023-11-10T11:20:11.473-0800][74815105ms] GC(19622) Eden regions: 232->0(232)
[2023-11-10T11:20:11.473-0800][74815105ms] GC(19622) Survivor regions: 1->1(30)
[2023-11-10T11:20:11.473-0800][74815105ms] GC(19622) Old regions: 1381->1381
[2023-11-10T11:20:11.473-0800][74815105ms] GC(19622) Humongous regions: 5->5
[2023-11-10T11:20:11.473-0800][74815105ms] GC(19622) Metaspace: 304541K->304541K(1347584K)
[2023-11-10T11:20:11.473-0800][74815105ms] GC(19622) Pause Young (Normal) (G1 Evacuation Pause) 3236M->2772M(3602M) 6.387ms
[2023-11-10T11:20:11.473-0800][74815105ms] GC(19622) User=0.00s Sys=0.00s Real=0.01s
[2023-11-10T11:20:12.126-0800][74815758ms] GC(19623) Pause Young (Normal) (G1 Evacuation Pause)
[2023-11-10T11:20:12.126-0800][74815758ms] GC(19623) Using 10 workers of 10 for evacuation
[2023-11-10T11:20:12.134-0800][74815766ms] GC(19623)   Pre Evacuate Collection Set: 0.1ms
[2023-11-10T11:20:12.134-0800][74815766ms] GC(19623)   Evacuate Collection Set: 2.8ms
[2023-11-10T11:20:12.134-0800][74815766ms] GC(19623)   Post Evacuate Collection Set: 4.0ms
[2023-11-10T11:20:12.134-0800][74815766ms] GC(19623)   Other: 0.4ms
[2023-11-10T11:20:12.134-0800][74815766ms] GC(19623) Eden regions: 232->0(231)
[2023-11-10T11:20:12.134-0800][74815766ms] GC(19623) Survivor regions: 1->1(30)
[2023-11-10T11:20:12.134-0800][74815766ms] GC(19623) Old regions: 1381->1381
[2023-11-10T11:20:12.134-0800][74815766ms] GC(19623) Humongous regions: 5->5
[2023-11-10T11:20:12.134-0800][74815766ms] GC(19623) Metaspace: 304541K->304541K(1347584K)
[2023-11-10T11:20:12.134-0800][74815766ms] GC(19623) Pause Young (Normal) (G1 Evacuation Pause) 3236M->2772M(3602M) 7.349ms
[2023-11-10T11:20:12.134-0800][74815766ms] GC(19623) User=0.00s Sys=0.00s Real=0.01s
[2023-11-10T11:20:12.763-0800][74816395ms] GC(19624) Pause Young (Normal) (G1 Evacuation Pause)
[2023-11-10T11:20:12.763-0800][74816396ms] GC(19624) Using 10 workers of 10 for evacuation
[2023-11-10T11:20:12.769-0800][74816401ms] GC(19624)   Pre Evacuate Collection Set: 0.0ms
[2023-11-10T11:20:12.769-0800][74816401ms] GC(19624)   Evacuate Collection Set: 2.1ms
[2023-11-10T11:20:12.769-0800][74816401ms] GC(19624)   Post Evacuate Collection Set: 3.2ms
[2023-11-10T11:20:12.769-0800][74816401ms] GC(19624)   Other: 0.3ms
[2023-11-10T11:20:12.769-0800][74816401ms] GC(19624) Eden regions: 231->0(231)
[2023-11-10T11:20:12.769-0800][74816401ms] GC(19624) Survivor regions: 1->1(29)
[2023-11-10T11:20:12.769-0800][74816401ms] GC(19624) Old regions: 1381->1381
[2023-11-10T11:20:12.769-0800][74816401ms] GC(19624) Humongous regions: 5->5
[2023-11-10T11:20:12.769-0800][74816401ms] GC(19624) Metaspace: 304541K->304541K(1347584K)
[2023-11-10T11:20:12.769-0800][74816401ms] GC(19624) Pause Young (Normal) (G1 Evacuation Pause) 3234M->2772M(3602M) 5.813ms
[2023-11-10T11:20:12.769-0800][74816401ms] GC(19624) User=0.00s Sys=0.00s Real=0.01s
[2023-11-10T11:20:13.261-0800][74816893ms] GC(19625) Pause Young (Normal) (G1 Evacuation Pause)
[2023-11-10T11:20:13.261-0800][74816893ms] GC(19625) Using 10 workers of 10 for evacuation
[2023-11-10T11:20:13.266-0800][74816898ms] GC(19625)   Pre Evacuate Collection Set: 0.0ms
[2023-11-10T11:20:13.266-0800][74816898ms] GC(19625)   Evacuate Collection Set: 1.8ms
[2023-11-10T11:20:13.266-0800][74816898ms] GC(19625)   Post Evacuate Collection Set: 3.3ms
[2023-11-10T11:20:13.266-0800][74816898ms] GC(19625)   Other: 0.3ms
[2023-11-10T11:20:13.266-0800][74816898ms] GC(19625) Eden regions: 231->0(231)
[2023-11-10T11:20:13.266-0800][74816898ms] GC(19625) Survivor regions: 1->1(29)
[2023-11-10T11:20:13.266-0800][74816898ms] GC(19625) Old regions: 1381->1381
[2023-11-10T11:20:13.266-0800][74816898ms] GC(19625) Humongous regions: 5->5
[2023-11-10T11:20:13.266-0800][74816898ms] GC(19625) Metaspace: 304541K->304541K(1347584K)
[2023-11-10T11:20:13.266-0800][74816898ms] GC(19625) Pause Young (Normal) (G1 Evacuation Pause) 3234M->2772M(3602M) 5.473ms
[2023-11-10T11:20:13.266-0800][74816898ms] GC(19625) User=0.00s Sys=0.00s Real=0.01s
[2023-11-10T11:20:13.864-0800][74817496ms] GC(19626) Pause Young (Normal) (G1 Evacuation Pause)
[2023-11-10T11:20:13.864-0800][74817496ms] GC(19626) Using 10 workers of 10 for evacuation
[2023-11-10T11:20:13.870-0800][74817502ms] GC(19626)   Pre Evacuate Collection Set: 0.0ms
[2023-11-10T11:20:13.870-0800][74817502ms] GC(19626)   Evacuate Collection Set: 1.7ms
[2023-11-10T11:20:13.870-0800][74817502ms] GC(19626)   Post Evacuate Collection Set: 3.1ms
[2023-11-10T11:20:13.870-0800][74817502ms] GC(19626)   Other: 0.2ms
[2023-11-10T11:20:13.870-0800][74817502ms] GC(19626) Eden regions: 231->0(231)
[2023-11-10T11:20:13.870-0800][74817502ms] GC(19626) Survivor regions: 1->1(29)
[2023-11-10T11:20:13.870-0800][74817502ms] GC(19626) Old regions: 1381->1381
[2023-11-10T11:20:13.870-0800][74817502ms] GC(19626) Humongous regions: 5->5
[2023-11-10T11:20:13.870-0800][74817502ms] GC(19626) Metaspace: 304541K->304541K(1347584K)
[2023-11-10T11:20:13.870-0800][74817502ms] GC(19626) Pause Young (Normal) (G1 Evacuation Pause) 3234M->2772M(3602M) 5.194ms
[2023-11-10T11:20:13.870-0800][74817502ms] GC(19626) User=0.02s Sys=0.00s Real=0.01s
[2023-11-10T11:20:14.398-0800][74818030ms] GC(19627) Pause Young (Normal) (G1 Evacuation Pause)
[2023-11-10T11:20:14.398-0800][74818030ms] GC(19627) Using 10 workers of 10 for evacuation
[2023-11-10T11:20:14.403-0800][74818035ms] GC(19627)   Pre Evacuate Collection Set: 0.0ms
[2023-11-10T11:20:14.403-0800][74818035ms] GC(19627)   Evacuate Collection Set: 1.9ms
[2023-11-10T11:20:14.403-0800][74818035ms] GC(19627)   Post Evacuate Collection Set: 3.1ms
[2023-11-10T11:20:14.403-0800][74818035ms] GC(19627)   Other: 0.3ms
[2023-11-10T11:20:14.403-0800][74818035ms] GC(19627) Eden regions: 231->0(231)
[2023-11-10T11:20:14.403-0800][74818035ms] GC(19627) Survivor regions: 1->1(29)
[2023-11-10T11:20:14.403-0800][74818035ms] GC(19627) Old regions: 1381->1381
[2023-11-10T11:20:14.403-0800][74818035ms] GC(19627) Humongous regions: 5->5
[2023-11-10T11:20:14.403-0800][74818035ms] GC(19627) Metaspace: 304541K->304541K(1347584K)
[2023-11-10T11:20:14.403-0800][74818035ms] GC(19627) Pause Young (Normal) (G1 Evacuation Pause) 3234M->2772M(3602M) 5.446ms
[2023-11-10T11:20:14.403-0800][74818035ms] GC(19627) User=0.00s Sys=0.00s Real=0.01s
[2023-11-10T11:20:15.002-0800][74818634ms] GC(19628) Pause Young (Normal) (G1 Evacuation Pause)
[2023-11-10T11:20:15.002-0800][74818634ms] GC(19628) Using 10 workers of 10 for evacuation
[2023-11-10T11:20:15.007-0800][74818639ms] GC(19628)   Pre Evacuate Collection Set: 0.0ms
[2023-11-10T11:20:15.007-0800][74818639ms] GC(19628)   Evacuate Collection Set: 1.8ms
[2023-11-10T11:20:15.007-0800][74818639ms] GC(19628)   Post Evacuate Collection Set: 3.1ms
[2023-11-10T11:20:15.007-0800][74818639ms] GC(19628)   Other: 0.3ms
[2023-11-10T11:20:15.007-0800][74818639ms] GC(19628) Eden regions: 231->0(231)
[2023-11-10T11:20:15.007-0800][74818639ms] GC(19628) Survivor regions: 1->1(29)
[2023-11-10T11:20:15.007-0800][74818639ms] GC(19628) Old regions: 1381->1381
[2023-11-10T11:20:15.007-0800][74818639ms] GC(19628) Humongous regions: 5->5
[2023-11-10T11:20:15.007-0800][74818639ms] GC(19628) Metaspace: 304541K->304541K(1347584K)
[2023-11-10T11:20:15.007-0800][74818639ms] GC(19628) Pause Young (Normal) (G1 Evacuation Pause) 3234M->2773M(3602M) 5.359ms
[2023-11-10T11:20:15.007-0800][74818639ms] GC(19628) User=0.02s Sys=0.00s Real=0.00s
[2023-11-10T11:20:15.520-0800][74819152ms] GC(19629) Pause Young (Normal) (G1 Evacuation Pause)
[2023-11-10T11:20:15.520-0800][74819152ms] GC(19629) Using 10 workers of 10 for evacuation
[2023-11-10T11:20:15.525-0800][74819157ms] GC(19629)   Pre Evacuate Collection Set: 0.1ms
[2023-11-10T11:20:15.526-0800][74819158ms] GC(19629)   Evacuate Collection Set: 2.1ms
[2023-11-10T11:20:15.526-0800][74819158ms] GC(19629)   Post Evacuate Collection Set: 3.8ms
[2023-11-10T11:20:15.526-0800][74819158ms] GC(19629)   Other: 0.3ms
[2023-11-10T11:20:15.526-0800][74819158ms] GC(19629) Eden regions: 231->0(231)
[2023-11-10T11:20:15.526-0800][74819158ms] GC(19629) Survivor regions: 1->1(29)
[2023-11-10T11:20:15.526-0800][74819158ms] GC(19629) Old regions: 1381->1381
[2023-11-10T11:20:15.526-0800][74819158ms] GC(19629) Humongous regions: 5->5
[2023-11-10T11:20:15.526-0800][74819158ms] GC(19629) Metaspace: 304541K->304541K(1347584K)
[2023-11-10T11:20:15.526-0800][74819158ms] GC(19629) Pause Young (Normal) (G1 Evacuation Pause) 3235M->2772M(3602M) 6.458ms
[2023-11-10T11:20:15.526-0800][74819158ms] GC(19629) User=0.02s Sys=0.00s Real=0.01s
[2023-11-10T11:20:16.106-0800][74819738ms] GC(19630) Pause Young (Normal) (G1 Evacuation Pause)
[2023-11-10T11:20:16.106-0800][74819738ms] GC(19630) Using 10 workers of 10 for evacuation
[2023-11-10T11:20:16.110-0800][74819742ms] GC(19630)   Pre Evacuate Collection Set: 0.0ms
[2023-11-10T11:20:16.110-0800][74819742ms] GC(19630)   Evacuate Collection Set: 1.8ms
[2023-11-10T11:20:16.110-0800][74819742ms] GC(19630)   Post Evacuate Collection Set: 3.2ms
[2023-11-10T11:20:16.110-0800][74819742ms] GC(19630)   Other: 0.2ms
[2023-11-10T11:20:16.110-0800][74819742ms] GC(19630) Eden regions: 231->0(231)
[2023-11-10T11:20:16.110-0800][74819742ms] GC(19630) Survivor regions: 1->1(29)
[2023-11-10T11:20:16.110-0800][74819742ms] GC(19630) Old regions: 1381->1381
[2023-11-10T11:20:16.110-0800][74819742ms] GC(19630) Humongous regions: 5->5
[2023-11-10T11:20:16.110-0800][74819742ms] GC(19630) Metaspace: 304541K->304541K(1347584K)
[2023-11-10T11:20:16.110-0800][74819742ms] GC(19630) Pause Young (Normal) (G1 Evacuation Pause) 3234M->2772M(3602M) 5.375ms
[2023-11-10T11:20:16.110-0800][74819742ms] GC(19630) User=0.00s Sys=0.00s Real=0.00s
[2023-11-10T11:20:16.683-0800][74820315ms] GC(19631) Pause Young (Normal) (GCLocker Initiated GC)
[2023-11-10T11:20:16.683-0800][74820315ms] GC(19631) Using 10 workers of 10 for evacuation
[2023-11-10T11:20:16.689-0800][74820321ms] GC(19631)   Pre Evacuate Collection Set: 0.0ms
[2023-11-10T11:20:16.689-0800][74820321ms] GC(19631)   Evacuate Collection Set: 1.9ms
[2023-11-10T11:20:16.689-0800][74820321ms] GC(19631)   Post Evacuate Collection Set: 4.8ms
[2023-11-10T11:20:16.689-0800][74820321ms] GC(19631)   Other: 0.3ms
[2023-11-10T11:20:16.689-0800][74820321ms] GC(19631) Eden regions: 231->0(231)
[2023-11-10T11:20:16.689-0800][74820321ms] GC(19631) Survivor regions: 1->1(29)
[2023-11-10T11:20:16.689-0800][74820321ms] GC(19631) Old regions: 1381->1381
[2023-11-10T11:20:16.689-0800][74820321ms] GC(19631) Humongous regions: 5->5
[2023-11-10T11:20:16.689-0800][74820321ms] GC(19631) Metaspace: 304541K->304541K(1347584K)
[2023-11-10T11:20:16.689-0800][74820321ms] GC(19631) Pause Young (Normal) (GCLocker Initiated GC) 3234M->2772M(3602M) 7.216ms
[2023-11-10T11:20:16.689-0800][74820321ms] GC(19631) User=0.00s Sys=0.00s Real=0.01s
[2023-11-10T11:20:17.203-0800][74820835ms] GC(19632) Pause Young (Normal) (GCLocker Initiated GC)
[2023-11-10T11:20:17.203-0800][74820835ms] GC(19632) Using 10 workers of 10 for evacuation
[2023-11-10T11:20:17.209-0800][74820841ms] GC(19632)   Pre Evacuate Collection Set: 0.0ms
[2023-11-10T11:20:17.209-0800][74820841ms] GC(19632)   Evacuate Collection Set: 1.7ms
[2023-11-10T11:20:17.209-0800][74820841ms] GC(19632)   Post Evacuate Collection Set: 3.1ms
[2023-11-10T11:20:17.209-0800][74820841ms] GC(19632)   Other: 0.3ms
[2023-11-10T11:20:17.209-0800][74820841ms] GC(19632) Eden regions: 231->0(231)
[2023-11-10T11:20:17.209-0800][74820841ms] GC(19632) Survivor regions: 1->1(29)
[2023-11-10T11:20:17.209-0800][74820841ms] GC(19632) Old regions: 1381->1381
[2023-11-10T11:20:17.209-0800][74820841ms] GC(19632) Humongous regions: 5->5
[2023-11-10T11:20:17.209-0800][74820841ms] GC(19632) Metaspace: 304541K->304541K(1347584K)
[2023-11-10T11:20:17.209-0800][74820841ms] GC(19632) Pause Young (Normal) (GCLocker Initiated GC) 3234M->2772M(3602M) 5.209ms
[2023-11-10T11:20:17.209-0800][74820841ms] GC(19632) User=0.00s Sys=0.00s Real=0.01s
[2023-11-10T11:20:17.739-0800][74821371ms] GC(19633) Pause Young (Normal) (GCLocker Initiated GC)
[2023-11-10T11:20:17.739-0800][74821371ms] GC(19633) Using 10 workers of 10 for evacuation
[2023-11-10T11:20:17.748-0800][74821380ms] GC(19633)   Pre Evacuate Collection Set: 0.0ms
[2023-11-10T11:20:17.748-0800][74821380ms] GC(19633)   Evacuate Collection Set: 1.6ms
[2023-11-10T11:20:17.748-0800][74821380ms] GC(19633)   Post Evacuate Collection Set: 6.6ms
[2023-11-10T11:20:17.748-0800][74821380ms] GC(19633)   Other: 0.3ms
[2023-11-10T11:20:17.748-0800][74821380ms] GC(19633) Eden regions: 231->0(231)
[2023-11-10T11:20:17.748-0800][74821380ms] GC(19633) Survivor regions: 1->1(29)
[2023-11-10T11:20:17.748-0800][74821380ms] GC(19633) Old regions: 1381->1381
[2023-11-10T11:20:17.748-0800][74821380ms] GC(19633) Humongous regions: 5->5
[2023-11-10T11:20:17.748-0800][74821380ms] GC(19633) Metaspace: 304541K->304541K(1347584K)
[2023-11-10T11:20:17.748-0800][74821380ms] GC(19633) Pause Young (Normal) (GCLocker Initiated GC) 3234M->2772M(3602M) 8.718ms
[2023-11-10T11:20:17.748-0800][74821380ms] GC(19633) User=0.00s Sys=0.00s Real=0.01s
[2023-11-10T11:20:18.291-0800][74821923ms] GC(19634) Pause Young (Normal) (G1 Evacuation Pause)
[2023-11-10T11:20:18.291-0800][74821923ms] GC(19634) Using 10 workers of 10 for evacuation
[2023-11-10T11:20:18.298-0800][74821930ms] GC(19634)   Pre Evacuate Collection Set: 0.1ms
[2023-11-10T11:20:18.298-0800][74821930ms] GC(19634)   Evacuate Collection Set: 2.9ms
[2023-11-10T11:20:18.298-0800][74821930ms] GC(19634)   Post Evacuate Collection Set: 4.5ms
[2023-11-10T11:20:18.298-0800][74821930ms] GC(19634)   Other: 0.4ms
[2023-11-10T11:20:18.298-0800][74821930ms] GC(19634) Eden regions: 231->0(231)
[2023-11-10T11:20:18.298-0800][74821930ms] GC(19634) Survivor regions: 1->1(29)
[2023-11-10T11:20:18.298-0800][74821930ms] GC(19634) Old regions: 1381->1382
[2023-11-10T11:20:18.298-0800][74821930ms] GC(19634) Humongous regions: 5->5
[2023-11-10T11:20:18.298-0800][74821930ms] GC(19634) Metaspace: 304541K->304541K(1347584K)
[2023-11-10T11:20:18.298-0800][74821930ms] GC(19634) Pause Young (Normal) (G1 Evacuation Pause) 3234M->2772M(3602M) 7.992ms
[2023-11-10T11:20:18.299-0800][74821931ms] GC(19634) User=0.00s Sys=0.00s Real=0.01s
[2023-11-10T11:20:18.936-0800][74822568ms] GC(19635) Pause Young (Normal) (G1 Evacuation Pause)
[2023-11-10T11:20:18.936-0800][74822568ms] GC(19635) Using 10 workers of 10 for evacuation
[2023-11-10T11:20:18.941-0800][74822573ms] GC(19635)   Pre Evacuate Collection Set: 0.1ms
[2023-11-10T11:20:18.941-0800][74822573ms] GC(19635)   Evacuate Collection Set: 1.9ms
[2023-11-10T11:20:18.941-0800][74822573ms] GC(19635)   Post Evacuate Collection Set: 3.3ms
[2023-11-10T11:20:18.941-0800][74822573ms] GC(19635)   Other: 0.3ms
[2023-11-10T11:20:18.941-0800][74822573ms] GC(19635) Eden regions: 231->0(231)
[2023-11-10T11:20:18.941-0800][74822573ms] GC(19635) Survivor regions: 1->1(29)
[2023-11-10T11:20:18.941-0800][74822573ms] GC(19635) Old regions: 1382->1382
[2023-11-10T11:20:18.941-0800][74822573ms] GC(19635) Humongous regions: 5->5
[2023-11-10T11:20:18.941-0800][74822573ms] GC(19635) Metaspace: 304541K->304541K(1347584K)
[2023-11-10T11:20:18.941-0800][74822573ms] GC(19635) Pause Young (Normal) (G1 Evacuation Pause) 3234M->2772M(3602M) 5.684ms
[2023-11-10T11:20:18.941-0800][74822573ms] GC(19635) User=0.00s Sys=0.00s Real=0.00s
[2023-11-10T11:20:19.494-0800][74823126ms] GC(19636) Pause Young (Normal) (G1 Evacuation Pause)
[2023-11-10T11:20:19.494-0800][74823126ms] GC(19636) Using 10 workers of 10 for evacuation
[2023-11-10T11:20:19.499-0800][74823131ms] GC(19636)   Pre Evacuate Collection Set: 0.0ms
[2023-11-10T11:20:19.499-0800][74823131ms] GC(19636)   Evacuate Collection Set: 1.7ms
[2023-11-10T11:20:19.499-0800][74823131ms] GC(19636)   Post Evacuate Collection Set: 3.0ms
[2023-11-10T11:20:19.499-0800][74823131ms] GC(19636)   Other: 0.2ms
[2023-11-10T11:20:19.499-0800][74823131ms] GC(19636) Eden regions: 231->0(231)
[2023-11-10T11:20:19.499-0800][74823131ms] GC(19636) Survivor regions: 1->1(29)
[2023-11-10T11:20:19.499-0800][74823131ms] GC(19636) Old regions: 1382->1382
[2023-11-10T11:20:19.499-0800][74823131ms] GC(19636) Humongous regions: 5->5
[2023-11-10T11:20:19.499-0800][74823131ms] GC(19636) Metaspace: 304541K->304541K(1347584K)
[2023-11-10T11:20:19.499-0800][74823131ms] GC(19636) Pause Young (Normal) (G1 Evacuation Pause) 3234M->2772M(3602M) 5.099ms
[2023-11-10T11:20:19.499-0800][74823131ms] GC(19636) User=0.00s Sys=0.00s Real=0.01s
[2023-11-10T11:20:20.103-0800][74823735ms] GC(19637) Pause Young (Normal) (G1 Evacuation Pause)
[2023-11-10T11:20:20.103-0800][74823735ms] GC(19637) Using 10 workers of 10 for evacuation
[2023-11-10T11:20:20.112-0800][74823744ms] GC(19637)   Pre Evacuate Collection Set: 0.1ms
[2023-11-10T11:20:20.112-0800][74823744ms] GC(19637)   Evacuate Collection Set: 2.5ms
[2023-11-10T11:20:20.112-0800][74823744ms] GC(19637)   Post Evacuate Collection Set: 5.1ms
[2023-11-10T11:20:20.112-0800][74823744ms] GC(19637)   Other: 0.4ms
[2023-11-10T11:20:20.112-0800][74823744ms] GC(19637) Eden regions: 231->0(231)
[2023-11-10T11:20:20.112-0800][74823744ms] GC(19637) Survivor regions: 1->1(29)
[2023-11-10T11:20:20.112-0800][74823744ms] GC(19637) Old regions: 1382->1382
[2023-11-10T11:20:20.112-0800][74823744ms] GC(19637) Humongous regions: 5->5
[2023-11-10T11:20:20.112-0800][74823744ms] GC(19637) Metaspace: 304541K->304541K(1347584K)
[2023-11-10T11:20:20.112-0800][74823744ms] GC(19637) Pause Young (Normal) (G1 Evacuation Pause) 3234M->2772M(3602M) 8.182ms
[2023-11-10T11:20:20.112-0800][74823744ms] GC(19637) User=0.00s Sys=0.00s Real=0.01s
[2023-11-10T11:20:20.661-0800][74824293ms] GC(19638) Pause Young (Normal) (G1 Evacuation Pause)
[2023-11-10T11:20:20.661-0800][74824293ms] GC(19638) Using 10 workers of 10 for evacuation
[2023-11-10T11:20:20.667-0800][74824299ms] GC(19638)   Pre Evacuate Collection Set: 0.1ms
[2023-11-10T11:20:20.667-0800][74824299ms] GC(19638)   Evacuate Collection Set: 1.8ms
[2023-11-10T11:20:20.667-0800][74824299ms] GC(19638)   Post Evacuate Collection Set: 4.4ms
[2023-11-10T11:20:20.667-0800][74824299ms] GC(19638)   Other: 0.3ms
[2023-11-10T11:20:20.667-0800][74824299ms] GC(19638) Eden regions: 231->0(231)
[2023-11-10T11:20:20.667-0800][74824299ms] GC(19638) Survivor regions: 1->1(29)
[2023-11-10T11:20:20.667-0800][74824299ms] GC(19638) Old regions: 1382->1382
[2023-11-10T11:20:20.667-0800][74824299ms] GC(19638) Humongous regions: 5->5
[2023-11-10T11:20:20.667-0800][74824299ms] GC(19638) Metaspace: 304541K->304541K(1347584K)
[2023-11-10T11:20:20.667-0800][74824299ms] GC(19638) Pause Young (Normal) (G1 Evacuation Pause) 3234M->2772M(3602M) 6.691ms
[2023-11-10T11:20:20.667-0800][74824299ms] GC(19638) User=0.02s Sys=0.00s Real=0.01s
[2023-11-10T11:20:21.235-0800][74824867ms] GC(19639) Pause Young (Normal) (G1 Evacuation Pause)
[2023-11-10T11:20:21.235-0800][74824867ms] GC(19639) Using 10 workers of 10 for evacuation
[2023-11-10T11:20:21.242-0800][74824874ms] GC(19639)   Pre Evacuate Collection Set: 0.1ms
[2023-11-10T11:20:21.242-0800][74824874ms] GC(19639)   Evacuate Collection Set: 2.8ms
[2023-11-10T11:20:21.242-0800][74824874ms] GC(19639)   Post Evacuate Collection Set: 4.1ms
[2023-11-10T11:20:21.242-0800][74824874ms] GC(19639)   Other: 0.5ms
[2023-11-10T11:20:21.242-0800][74824874ms] GC(19639) Eden regions: 231->0(231)
[2023-11-10T11:20:21.242-0800][74824874ms] GC(19639) Survivor regions: 1->1(29)
[2023-11-10T11:20:21.242-0800][74824874ms] GC(19639) Old regions: 1382->1382
[2023-11-10T11:20:21.242-0800][74824874ms] GC(19639) Humongous regions: 5->5
[2023-11-10T11:20:21.242-0800][74824874ms] GC(19639) Metaspace: 304541K->304541K(1347584K)
[2023-11-10T11:20:21.242-0800][74824874ms] GC(19639) Pause Young (Normal) (G1 Evacuation Pause) 3234M->2772M(3602M) 7.537ms
[2023-11-10T11:20:21.242-0800][74824874ms] GC(19639) User=0.00s Sys=0.00s Real=0.01s
[2023-11-10T11:20:21.816-0800][74825448ms] GC(19640) Pause Young (Normal) (G1 Evacuation Pause)
[2023-11-10T11:20:21.816-0800][74825448ms] GC(19640) Using 10 workers of 10 for evacuation
[2023-11-10T11:20:21.821-0800][74825453ms] GC(19640)   Pre Evacuate Collection Set: 0.1ms
[2023-11-10T11:20:21.821-0800][74825453ms] GC(19640)   Evacuate Collection Set: 2.0ms
[2023-11-10T11:20:21.821-0800][74825453ms] GC(19640)   Post Evacuate Collection Set: 3.3ms
[2023-11-10T11:20:21.821-0800][74825453ms] GC(19640)   Other: 0.3ms
[2023-11-10T11:20:21.821-0800][74825453ms] GC(19640) Eden regions: 231->0(231)
[2023-11-10T11:20:21.821-0800][74825453ms] GC(19640) Survivor regions: 1->1(29)
[2023-11-10T11:20:21.821-0800][74825453ms] GC(19640) Old regions: 1382->1382
[2023-11-10T11:20:21.821-0800][74825453ms] GC(19640) Humongous regions: 5->5
[2023-11-10T11:20:21.821-0800][74825453ms] GC(19640) Metaspace: 304541K->304541K(1347584K)
[2023-11-10T11:20:21.821-0800][74825453ms] GC(19640) Pause Young (Normal) (G1 Evacuation Pause) 3234M->2772M(3602M) 5.688ms
[2023-11-10T11:20:21.821-0800][74825453ms] GC(19640) User=0.00s Sys=0.00s Real=0.01s
[2023-11-10T11:20:22.378-0800][74826010ms] GC(19641) Pause Young (Normal) (G1 Evacuation Pause)
[2023-11-10T11:20:22.378-0800][74826010ms] GC(19641) Using 10 workers of 10 for evacuation
[2023-11-10T11:20:22.385-0800][74826017ms] GC(19641)   Pre Evacuate Collection Set: 0.1ms
[2023-11-10T11:20:22.385-0800][74826017ms] GC(19641)   Evacuate Collection Set: 2.3ms
[2023-11-10T11:20:22.385-0800][74826017ms] GC(19641)   Post Evacuate Collection Set: 4.2ms
[2023-11-10T11:20:22.385-0800][74826017ms] GC(19641)   Other: 0.4ms
[2023-11-10T11:20:22.385-0800][74826017ms] GC(19641) Eden regions: 231->0(231)
[2023-11-10T11:20:22.385-0800][74826017ms] GC(19641) Survivor regions: 1->1(29)
[2023-11-10T11:20:22.385-0800][74826017ms] GC(19641) Old regions: 1382->1382
[2023-11-10T11:20:22.385-0800][74826017ms] GC(19641) Humongous regions: 5->5
[2023-11-10T11:20:22.386-0800][74826018ms] GC(19641) Metaspace: 304541K->304541K(1347584K)
[2023-11-10T11:20:22.386-0800][74826018ms] GC(19641) Pause Young (Normal) (G1 Evacuation Pause) 3234M->2772M(3602M) 7.139ms
[2023-11-10T11:20:22.386-0800][74826018ms] GC(19641) User=0.02s Sys=0.00s Real=0.01s
[2023-11-10T11:20:23.002-0800][74826634ms] GC(19642) Pause Young (Normal) (G1 Evacuation Pause)
[2023-11-10T11:20:23.002-0800][74826634ms] GC(19642) Using 10 workers of 10 for evacuation
[2023-11-10T11:20:23.008-0800][74826640ms] GC(19642)   Pre Evacuate Collection Set: 0.1ms
[2023-11-10T11:20:23.008-0800][74826640ms] GC(19642)   Evacuate Collection Set: 2.0ms
[2023-11-10T11:20:23.008-0800][74826640ms] GC(19642)   Post Evacuate Collection Set: 3.3ms
[2023-11-10T11:20:23.008-0800][74826640ms] GC(19642)   Other: 0.4ms
[2023-11-10T11:20:23.008-0800][74826640ms] GC(19642) Eden regions: 231->0(231)
[2023-11-10T11:20:23.008-0800][74826640ms] GC(19642) Survivor regions: 1->1(29)
[2023-11-10T11:20:23.008-0800][74826640ms] GC(19642) Old regions: 1382->1382
[2023-11-10T11:20:23.008-0800][74826640ms] GC(19642) Humongous regions: 5->5
[2023-11-10T11:20:23.008-0800][74826640ms] GC(19642) Metaspace: 304541K->304541K(1347584K)
[2023-11-10T11:20:23.008-0800][74826640ms] GC(19642) Pause Young (Normal) (G1 Evacuation Pause) 3234M->2772M(3602M) 5.913ms
[2023-11-10T11:20:23.008-0800][74826640ms] GC(19642) User=0.00s Sys=0.00s Real=0.01s
[2023-11-10T11:20:23.658-0800][74827290ms] GC(19643) Pause Young (Normal) (G1 Evacuation Pause)
[2023-11-10T11:20:23.658-0800][74827291ms] GC(19643) Using 10 workers of 10 for evacuation
[2023-11-10T11:20:23.665-0800][74827297ms] GC(19643)   Pre Evacuate Collection Set: 0.1ms
[2023-11-10T11:20:23.665-0800][74827297ms] GC(19643)   Evacuate Collection Set: 2.3ms
[2023-11-10T11:20:23.665-0800][74827297ms] GC(19643)   Post Evacuate Collection Set: 3.7ms
[2023-11-10T11:20:23.665-0800][74827297ms] GC(19643)   Other: 0.4ms
[2023-11-10T11:20:23.665-0800][74827297ms] GC(19643) Eden regions: 231->0(231)
[2023-11-10T11:20:23.665-0800][74827297ms] GC(19643) Survivor regions: 1->1(29)
[2023-11-10T11:20:23.665-0800][74827297ms] GC(19643) Old regions: 1382->1382
[2023-11-10T11:20:23.665-0800][74827297ms] GC(19643) Humongous regions: 5->5
[2023-11-10T11:20:23.665-0800][74827297ms] GC(19643) Metaspace: 304541K->304541K(1347584K)
[2023-11-10T11:20:23.665-0800][74827297ms] GC(19643) Pause Young (Normal) (G1 Evacuation Pause) 3234M->2772M(3602M) 6.613ms
[2023-11-10T11:20:23.665-0800][74827297ms] GC(19643) User=0.00s Sys=0.00s Real=0.01s
[2023-11-10T11:20:24.292-0800][74827924ms] GC(19644) Pause Young (Normal) (G1 Evacuation Pause)
[2023-11-10T11:20:24.292-0800][74827924ms] GC(19644) Using 10 workers of 10 for evacuation
[2023-11-10T11:20:24.297-0800][74827929ms] GC(19644)   Pre Evacuate Collection Set: 0.0ms
[2023-11-10T11:20:24.297-0800][74827929ms] GC(19644)   Evacuate Collection Set: 1.8ms
[2023-11-10T11:20:24.297-0800][74827929ms] GC(19644)   Post Evacuate Collection Set: 3.3ms
[2023-11-10T11:20:24.297-0800][74827929ms] GC(19644)   Other: 0.3ms
[2023-11-10T11:20:24.297-0800][74827929ms] GC(19644) Eden regions: 231->0(231)
[2023-11-10T11:20:24.297-0800][74827929ms] GC(19644) Survivor regions: 1->1(29)
[2023-11-10T11:20:24.298-0800][74827930ms] GC(19644) Old regions: 1382->1382
[2023-11-10T11:20:24.298-0800][74827930ms] GC(19644) Humongous regions: 5->5
[2023-11-10T11:20:24.298-0800][74827930ms] GC(19644) Metaspace: 304541K->304541K(1347584K)
[2023-11-10T11:20:24.298-0800][74827930ms] GC(19644) Pause Young (Normal) (G1 Evacuation Pause) 3234M->2772M(3602M) 5.559ms
[2023-11-10T11:20:24.298-0800][74827930ms] GC(19644) User=0.00s Sys=0.00s Real=0.01s
[2023-11-10T11:20:24.832-0800][74828464ms] GC(19645) Pause Young (Normal) (G1 Evacuation Pause)
[2023-11-10T11:20:24.832-0800][74828464ms] GC(19645) Using 10 workers of 10 for evacuation
[2023-11-10T11:20:24.836-0800][74828468ms] GC(19645)   Pre Evacuate Collection Set: 0.1ms
[2023-11-10T11:20:24.837-0800][74828469ms] GC(19645)   Evacuate Collection Set: 1.7ms
[2023-11-10T11:20:24.837-0800][74828469ms] GC(19645)   Post Evacuate Collection Set: 3.1ms
[2023-11-10T11:20:24.837-0800][74828469ms] GC(19645)   Other: 0.3ms
[2023-11-10T11:20:24.837-0800][74828469ms] GC(19645) Eden regions: 231->0(231)
[2023-11-10T11:20:24.837-0800][74828469ms] GC(19645) Survivor regions: 1->1(29)
[2023-11-10T11:20:24.837-0800][74828469ms] GC(19645) Old regions: 1382->1382
[2023-11-10T11:20:24.837-0800][74828469ms] GC(19645) Humongous regions: 5->5
[2023-11-10T11:20:24.837-0800][74828469ms] GC(19645) Metaspace: 304541K->304541K(1347584K)
[2023-11-10T11:20:24.837-0800][74828469ms] GC(19645) Pause Young (Normal) (G1 Evacuation Pause) 3234M->2772M(3602M) 5.139ms
[2023-11-10T11:20:24.837-0800][74828469ms] GC(19645) User=0.00s Sys=0.00s Real=0.00s
[2023-11-10T11:20:25.464-0800][74829096ms] GC(19646) Pause Young (Normal) (G1 Evacuation Pause)
[2023-11-10T11:20:25.464-0800][74829096ms] GC(19646) Using 10 workers of 10 for evacuation
[2023-11-10T11:20:25.472-0800][74829104ms] GC(19646)   Pre Evacuate Collection Set: 0.1ms
[2023-11-10T11:20:25.472-0800][74829104ms] GC(19646)   Evacuate Collection Set: 1.7ms
[2023-11-10T11:20:25.472-0800][74829104ms] GC(19646)   Post Evacuate Collection Set: 6.7ms
[2023-11-10T11:20:25.472-0800][74829104ms] GC(19646)   Other: 0.3ms
[2023-11-10T11:20:25.472-0800][74829104ms] GC(19646) Eden regions: 231->0(231)
[2023-11-10T11:20:25.472-0800][74829104ms] GC(19646) Survivor regions: 1->1(29)
[2023-11-10T11:20:25.472-0800][74829104ms] GC(19646) Old regions: 1382->1382
[2023-11-10T11:20:25.472-0800][74829104ms] GC(19646) Humongous regions: 5->5
[2023-11-10T11:20:25.472-0800][74829104ms] GC(19646) Metaspace: 304541K->304541K(1347584K)
[2023-11-10T11:20:25.472-0800][74829104ms] GC(19646) Pause Young (Normal) (G1 Evacuation Pause) 3234M->2772M(3602M) 8.833ms
[2023-11-10T11:20:25.472-0800][74829104ms] GC(19646) User=0.00s Sys=0.00s Real=0.01s
[2023-11-10T11:20:26.083-0800][74829715ms] GC(19647) Pause Young (Normal) (G1 Evacuation Pause)
[2023-11-10T11:20:26.083-0800][74829715ms] GC(19647) Using 10 workers of 10 for evacuation
[2023-11-10T11:20:26.088-0800][74829720ms] GC(19647)   Pre Evacuate Collection Set: 0.0ms
[2023-11-10T11:20:26.088-0800][74829720ms] GC(19647)   Evacuate Collection Set: 1.7ms
[2023-11-10T11:20:26.088-0800][74829720ms] GC(19647)   Post Evacuate Collection Set: 3.1ms
[2023-11-10T11:20:26.088-0800][74829720ms] GC(19647)   Other: 0.3ms
[2023-11-10T11:20:26.088-0800][74829720ms] GC(19647) Eden regions: 231->0(231)
[2023-11-10T11:20:26.088-0800][74829720ms] GC(19647) Survivor regions: 1->1(29)
[2023-11-10T11:20:26.088-0800][74829720ms] GC(19647) Old regions: 1382->1382
[2023-11-10T11:20:26.088-0800][74829720ms] GC(19647) Humongous regions: 5->5
[2023-11-10T11:20:26.088-0800][74829720ms] GC(19647) Metaspace: 304541K->304541K(1347584K)
[2023-11-10T11:20:26.088-0800][74829720ms] GC(19647) Pause Young (Normal) (G1 Evacuation Pause) 3234M->2772M(3602M) 5.201ms
[2023-11-10T11:20:26.088-0800][74829720ms] GC(19647) User=0.02s Sys=0.00s Real=0.01s
[2023-11-10T11:20:26.645-0800][74830277ms] GC(19648) Pause Young (Normal) (G1 Evacuation Pause)
[2023-11-10T11:20:26.645-0800][74830277ms] GC(19648) Using 10 workers of 10 for evacuation
[2023-11-10T11:20:26.650-0800][74830282ms] GC(19648)   Pre Evacuate Collection Set: 0.0ms
[2023-11-10T11:20:26.650-0800][74830282ms] GC(19648)   Evacuate Collection Set: 1.6ms
[2023-11-10T11:20:26.650-0800][74830282ms] GC(19648)   Post Evacuate Collection Set: 3.0ms
[2023-11-10T11:20:26.650-0800][74830282ms] GC(19648)   Other: 0.3ms
[2023-11-10T11:20:26.650-0800][74830282ms] GC(19648) Eden regions: 231->0(231)
[2023-11-10T11:20:26.650-0800][74830282ms] GC(19648) Survivor regions: 1->1(29)
[2023-11-10T11:20:26.650-0800][74830282ms] GC(19648) Old regions: 1382->1382
[2023-11-10T11:20:26.650-0800][74830282ms] GC(19648) Humongous regions: 5->5
[2023-11-10T11:20:26.650-0800][74830282ms] GC(19648) Metaspace: 304541K->304541K(1347584K)
[2023-11-10T11:20:26.650-0800][74830282ms] GC(19648) Pause Young (Normal) (G1 Evacuation Pause) 3234M->2772M(3602M) 5.032ms
[2023-11-10T11:20:26.650-0800][74830282ms] GC(19648) User=0.00s Sys=0.00s Real=0.01s
[2023-11-10T11:20:27.275-0800][74830907ms] GC(19649) Pause Young (Normal) (G1 Evacuation Pause)
[2023-11-10T11:20:27.276-0800][74830908ms] GC(19649) Using 10 workers of 10 for evacuation
[2023-11-10T11:20:27.280-0800][74830912ms] GC(19649)   Pre Evacuate Collection Set: 0.0ms
[2023-11-10T11:20:27.280-0800][74830912ms] GC(19649)   Evacuate Collection Set: 1.6ms
[2023-11-10T11:20:27.280-0800][74830912ms] GC(19649)   Post Evacuate Collection Set: 3.0ms
[2023-11-10T11:20:27.280-0800][74830912ms] GC(19649)   Other: 0.2ms
[2023-11-10T11:20:27.280-0800][74830912ms] GC(19649) Eden regions: 231->0(231)
[2023-11-10T11:20:27.280-0800][74830912ms] GC(19649) Survivor regions: 1->1(29)
[2023-11-10T11:20:27.280-0800][74830912ms] GC(19649) Old regions: 1382->1382
[2023-11-10T11:20:27.280-0800][74830912ms] GC(19649) Humongous regions: 5->5
[2023-11-10T11:20:27.280-0800][74830912ms] GC(19649) Metaspace: 304541K->304541K(1347584K)
[2023-11-10T11:20:27.280-0800][74830912ms] GC(19649) Pause Young (Normal) (G1 Evacuation Pause) 3234M->2772M(3602M) 4.953ms
[2023-11-10T11:20:27.280-0800][74830912ms] GC(19649) User=0.00s Sys=0.00s Real=0.00s
[2023-11-10T11:20:27.832-0800][74831464ms] GC(19650) Pause Young (Normal) (G1 Evacuation Pause)
[2023-11-10T11:20:27.832-0800][74831464ms] GC(19650) Using 10 workers of 10 for evacuation
[2023-11-10T11:20:27.837-0800][74831469ms] GC(19650)   Pre Evacuate Collection Set: 0.0ms
[2023-11-10T11:20:27.838-0800][74831470ms] GC(19650)   Evacuate Collection Set: 1.6ms
[2023-11-10T11:20:27.838-0800][74831470ms] GC(19650)   Post Evacuate Collection Set: 3.0ms
[2023-11-10T11:20:27.838-0800][74831470ms] GC(19650)   Other: 0.2ms
[2023-11-10T11:20:27.838-0800][74831470ms] GC(19650) Eden regions: 231->0(231)
[2023-11-10T11:20:27.838-0800][74831470ms] GC(19650) Survivor regions: 1->1(29)
[2023-11-10T11:20:27.838-0800][74831470ms] GC(19650) Old regions: 1382->1382
[2023-11-10T11:20:27.838-0800][74831470ms] GC(19650) Humongous regions: 5->5
[2023-11-10T11:20:27.838-0800][74831470ms] GC(19650) Metaspace: 304541K->304541K(1347584K)
[2023-11-10T11:20:27.838-0800][74831470ms] GC(19650) Pause Young (Normal) (G1 Evacuation Pause) 3234M->2772M(3602M) 5.010ms
[2023-11-10T11:20:27.838-0800][74831470ms] GC(19650) User=0.02s Sys=0.00s Real=0.01s
[2023-11-10T11:20:28.425-0800][74832057ms] GC(19651) Pause Young (Normal) (G1 Evacuation Pause)
[2023-11-10T11:20:28.425-0800][74832057ms] GC(19651) Using 10 workers of 10 for evacuation
[2023-11-10T11:20:28.430-0800][74832062ms] GC(19651)   Pre Evacuate Collection Set: 0.0ms
[2023-11-10T11:20:28.430-0800][74832062ms] GC(19651)   Evacuate Collection Set: 2.2ms
[2023-11-10T11:20:28.430-0800][74832062ms] GC(19651)   Post Evacuate Collection Set: 3.7ms
[2023-11-10T11:20:28.430-0800][74832062ms] GC(19651)   Other: 0.3ms
[2023-11-10T11:20:28.430-0800][74832062ms] GC(19651) Eden regions: 231->0(231)
[2023-11-10T11:20:28.430-0800][74832062ms] GC(19651) Survivor regions: 1->1(29)
[2023-11-10T11:20:28.430-0800][74832062ms] GC(19651) Old regions: 1382->1382
[2023-11-10T11:20:28.430-0800][74832062ms] GC(19651) Humongous regions: 5->5
[2023-11-10T11:20:28.430-0800][74832062ms] GC(19651) Metaspace: 304541K->304541K(1347584K)
[2023-11-10T11:20:28.432-0800][74832064ms] GC(19651) Pause Young (Normal) (G1 Evacuation Pause) 3234M->2772M(3602M) 6.395ms
[2023-11-10T11:20:28.432-0800][74832064ms] GC(19651) User=0.02s Sys=0.00s Real=0.01s
[2023-11-10T11:20:29.020-0800][74832652ms] GC(19652) Pause Young (Normal) (G1 Evacuation Pause)
[2023-11-10T11:20:29.020-0800][74832652ms] GC(19652) Using 10 workers of 10 for evacuation
[2023-11-10T11:20:29.026-0800][74832658ms] GC(19652)   Pre Evacuate Collection Set: 0.0ms
[2023-11-10T11:20:29.026-0800][74832658ms] GC(19652)   Evacuate Collection Set: 1.7ms
[2023-11-10T11:20:29.026-0800][74832658ms] GC(19652)   Post Evacuate Collection Set: 3.2ms
[2023-11-10T11:20:29.026-0800][74832658ms] GC(19652)   Other: 0.3ms
[2023-11-10T11:20:29.026-0800][74832658ms] GC(19652) Eden regions: 231->0(231)
[2023-11-10T11:20:29.026-0800][74832658ms] GC(19652) Survivor regions: 1->1(29)
[2023-11-10T11:20:29.026-0800][74832658ms] GC(19652) Old regions: 1382->1382
[2023-11-10T11:20:29.026-0800][74832658ms] GC(19652) Humongous regions: 5->5
[2023-11-10T11:20:29.026-0800][74832658ms] GC(19652) Metaspace: 304541K->304541K(1347584K)
[2023-11-10T11:20:29.026-0800][74832658ms] GC(19652) Pause Young (Normal) (G1 Evacuation Pause) 3234M->2772M(3602M) 5.390ms
[2023-11-10T11:20:29.026-0800][74832658ms] GC(19652) User=0.03s Sys=0.00s Real=0.01s
[2023-11-10T11:20:29.584-0800][74833216ms] GC(19653) Pause Young (Normal) (G1 Evacuation Pause)
[2023-11-10T11:20:29.584-0800][74833216ms] GC(19653) Using 10 workers of 10 for evacuation
[2023-11-10T11:20:29.591-0800][74833223ms] GC(19653)   Pre Evacuate Collection Set: 0.1ms
[2023-11-10T11:20:29.591-0800][74833223ms] GC(19653)   Evacuate Collection Set: 2.6ms
[2023-11-10T11:20:29.591-0800][74833223ms] GC(19653)   Post Evacuate Collection Set: 4.1ms
[2023-11-10T11:20:29.591-0800][74833223ms] GC(19653)   Other: 0.4ms
[2023-11-10T11:20:29.591-0800][74833223ms] GC(19653) Eden regions: 231->0(231)
[2023-11-10T11:20:29.591-0800][74833223ms] GC(19653) Survivor regions: 1->1(29)
[2023-11-10T11:20:29.591-0800][74833223ms] GC(19653) Old regions: 1382->1382
[2023-11-10T11:20:29.591-0800][74833223ms] GC(19653) Humongous regions: 5->5
[2023-11-10T11:20:29.591-0800][74833223ms] GC(19653) Metaspace: 304541K->304541K(1347584K)
[2023-11-10T11:20:29.591-0800][74833223ms] GC(19653) Pause Young (Normal) (G1 Evacuation Pause) 3234M->2772M(3602M) 7.270ms
[2023-11-10T11:20:29.591-0800][74833223ms] GC(19653) User=0.05s Sys=0.00s Real=0.01s
[2023-11-10T11:20:30.215-0800][74833847ms] GC(19654) Pause Young (Normal) (G1 Evacuation Pause)
[2023-11-10T11:20:30.215-0800][74833847ms] GC(19654) Using 10 workers of 10 for evacuation
[2023-11-10T11:20:30.222-0800][74833854ms] GC(19654)   Pre Evacuate Collection Set: 0.1ms
[2023-11-10T11:20:30.222-0800][74833854ms] GC(19654)   Evacuate Collection Set: 1.8ms
[2023-11-10T11:20:30.222-0800][74833854ms] GC(19654)   Post Evacuate Collection Set: 4.4ms
[2023-11-10T11:20:30.222-0800][74833854ms] GC(19654)   Other: 0.4ms
[2023-11-10T11:20:30.222-0800][74833854ms] GC(19654) Eden regions: 231->0(231)
[2023-11-10T11:20:30.222-0800][74833854ms] GC(19654) Survivor regions: 1->1(29)
[2023-11-10T11:20:30.222-0800][74833854ms] GC(19654) Old regions: 1382->1382
[2023-11-10T11:20:30.222-0800][74833854ms] GC(19654) Humongous regions: 5->5
[2023-11-10T11:20:30.222-0800][74833854ms] GC(19654) Metaspace: 304541K->304541K(1347584K)
[2023-11-10T11:20:30.222-0800][74833854ms] GC(19654) Pause Young (Normal) (G1 Evacuation Pause) 3234M->2773M(3602M) 6.717ms
[2023-11-10T11:20:30.222-0800][74833854ms] GC(19654) User=0.00s Sys=0.00s Real=0.01s
[2023-11-10T11:20:30.837-0800][74834469ms] GC(19655) Pause Young (Normal) (G1 Evacuation Pause)
[2023-11-10T11:20:30.837-0800][74834469ms] GC(19655) Using 10 workers of 10 for evacuation
[2023-11-10T11:20:30.846-0800][74834478ms] GC(19655)   Pre Evacuate Collection Set: 0.0ms
[2023-11-10T11:20:30.846-0800][74834478ms] GC(19655)   Evacuate Collection Set: 2.7ms
[2023-11-10T11:20:30.846-0800][74834478ms] GC(19655)   Post Evacuate Collection Set: 5.1ms
[2023-11-10T11:20:30.846-0800][74834478ms] GC(19655)   Other: 0.4ms
[2023-11-10T11:20:30.846-0800][74834478ms] GC(19655) Eden regions: 231->0(231)
[2023-11-10T11:20:30.846-0800][74834478ms] GC(19655) Survivor regions: 1->1(29)
[2023-11-10T11:20:30.846-0800][74834478ms] GC(19655) Old regions: 1382->1382
[2023-11-10T11:20:30.846-0800][74834478ms] GC(19655) Humongous regions: 5->5
[2023-11-10T11:20:30.846-0800][74834478ms] GC(19655) Metaspace: 304541K->304541K(1347584K)
[2023-11-10T11:20:30.846-0800][74834478ms] GC(19655) Pause Young (Normal) (G1 Evacuation Pause) 3235M->2773M(3602M) 8.380ms
[2023-11-10T11:20:30.846-0800][74834478ms] GC(19655) User=0.00s Sys=0.00s Real=0.01s
[2023-11-10T11:20:31.457-0800][74835089ms] GC(19656) Pause Young (Normal) (G1 Evacuation Pause)
[2023-11-10T11:20:31.457-0800][74835089ms] GC(19656) Using 10 workers of 10 for evacuation
[2023-11-10T11:20:31.463-0800][74835095ms] GC(19656)   Pre Evacuate Collection Set: 0.1ms
[2023-11-10T11:20:31.463-0800][74835095ms] GC(19656)   Evacuate Collection Set: 2.0ms
[2023-11-10T11:20:31.463-0800][74835095ms] GC(19656)   Post Evacuate Collection Set: 3.3ms
[2023-11-10T11:20:31.463-0800][74835095ms] GC(19656)   Other: 0.3ms
[2023-11-10T11:20:31.463-0800][74835095ms] GC(19656) Eden regions: 231->0(231)
[2023-11-10T11:20:31.463-0800][74835095ms] GC(19656) Survivor regions: 1->1(29)
[2023-11-10T11:20:31.463-0800][74835095ms] GC(19656) Old regions: 1382->1382
[2023-11-10T11:20:31.463-0800][74835095ms] GC(19656) Humongous regions: 5->5
[2023-11-10T11:20:31.463-0800][74835095ms] GC(19656) Metaspace: 304541K->304541K(1347584K)
[2023-11-10T11:20:31.463-0800][74835095ms] GC(19656) Pause Young (Normal) (G1 Evacuation Pause) 3235M->2773M(3602M) 5.774ms
[2023-11-10T11:20:31.463-0800][74835095ms] GC(19656) User=0.02s Sys=0.00s Real=0.01s
[2023-11-10T11:20:32.052-0800][74835684ms] GC(19657) Pause Young (Normal) (G1 Evacuation Pause)
[2023-11-10T11:20:32.052-0800][74835684ms] GC(19657) Using 10 workers of 10 for evacuation
[2023-11-10T11:20:32.056-0800][74835688ms] GC(19657)   Pre Evacuate Collection Set: 0.0ms
[2023-11-10T11:20:32.056-0800][74835688ms] GC(19657)   Evacuate Collection Set: 1.8ms
[2023-11-10T11:20:32.056-0800][74835688ms] GC(19657)   Post Evacuate Collection Set: 3.1ms
[2023-11-10T11:20:32.056-0800][74835688ms] GC(19657)   Other: 0.2ms
[2023-11-10T11:20:32.056-0800][74835688ms] GC(19657) Eden regions: 231->0(231)
[2023-11-10T11:20:32.056-0800][74835688ms] GC(19657) Survivor regions: 1->1(29)
[2023-11-10T11:20:32.056-0800][74835688ms] GC(19657) Old regions: 1382->1382
[2023-11-10T11:20:32.056-0800][74835688ms] GC(19657) Humongous regions: 5->5
[2023-11-10T11:20:32.056-0800][74835688ms] GC(19657) Metaspace: 304541K->304541K(1347584K)
[2023-11-10T11:20:32.056-0800][74835688ms] GC(19657) Pause Young (Normal) (G1 Evacuation Pause) 3235M->2773M(3602M) 5.277ms
[2023-11-10T11:20:32.056-0800][74835688ms] GC(19657) User=0.02s Sys=0.00s Real=0.00s
[2023-11-10T11:20:32.724-0800][74836356ms] GC(19658) Pause Young (Normal) (G1 Evacuation Pause)
[2023-11-10T11:20:32.724-0800][74836356ms] GC(19658) Using 10 workers of 10 for evacuation
[2023-11-10T11:20:32.730-0800][74836362ms] GC(19658)   Pre Evacuate Collection Set: 0.1ms
[2023-11-10T11:20:32.730-0800][74836362ms] GC(19658)   Evacuate Collection Set: 1.7ms
[2023-11-10T11:20:32.730-0800][74836362ms] GC(19658)   Post Evacuate Collection Set: 4.6ms
[2023-11-10T11:20:32.730-0800][74836362ms] GC(19658)   Other: 0.3ms
[2023-11-10T11:20:32.730-0800][74836362ms] GC(19658) Eden regions: 231->0(231)
[2023-11-10T11:20:32.730-0800][74836362ms] GC(19658) Survivor regions: 1->1(29)
[2023-11-10T11:20:32.730-0800][74836362ms] GC(19658) Old regions: 1382->1382
[2023-11-10T11:20:32.730-0800][74836362ms] GC(19658) Humongous regions: 5->5
[2023-11-10T11:20:32.730-0800][74836362ms] GC(19658) Metaspace: 304541K->304541K(1347584K)
[2023-11-10T11:20:32.730-0800][74836362ms] GC(19658) Pause Young (Normal) (G1 Evacuation Pause) 3235M->2773M(3602M) 6.848ms
[2023-11-10T11:20:32.730-0800][74836362ms] GC(19658) User=0.02s Sys=0.00s Real=0.01s
[2023-11-10T11:20:33.273-0800][74836905ms] GC(19659) Pause Young (Normal) (G1 Evacuation Pause)
[2023-11-10T11:20:33.273-0800][74836905ms] GC(19659) Using 10 workers of 10 for evacuation
[2023-11-10T11:20:33.279-0800][74836911ms] GC(19659)   Pre Evacuate Collection Set: 0.0ms
[2023-11-10T11:20:33.279-0800][74836911ms] GC(19659)   Evacuate Collection Set: 1.7ms
[2023-11-10T11:20:33.279-0800][74836911ms] GC(19659)   Post Evacuate Collection Set: 3.2ms
[2023-11-10T11:20:33.279-0800][74836911ms] GC(19659)   Other: 0.3ms
[2023-11-10T11:20:33.279-0800][74836911ms] GC(19659) Eden regions: 231->0(231)
[2023-11-10T11:20:33.279-0800][74836911ms] GC(19659) Survivor regions: 1->1(29)
[2023-11-10T11:20:33.279-0800][74836911ms] GC(19659) Old regions: 1382->1382
[2023-11-10T11:20:33.279-0800][74836911ms] GC(19659) Humongous regions: 5->5
[2023-11-10T11:20:33.279-0800][74836911ms] GC(19659) Metaspace: 304541K->304541K(1347584K)
[2023-11-10T11:20:33.279-0800][74836911ms] GC(19659) Pause Young (Normal) (G1 Evacuation Pause) 3235M->2773M(3602M) 5.255ms
[2023-11-10T11:20:33.279-0800][74836911ms] GC(19659) User=0.00s Sys=0.00s Real=0.01s
[2023-11-10T11:20:33.838-0800][74837470ms] GC(19660) Pause Young (Normal) (G1 Evacuation Pause)
[2023-11-10T11:20:33.838-0800][74837470ms] GC(19660) Using 10 workers of 10 for evacuation
[2023-11-10T11:20:33.842-0800][74837474ms] GC(19660)   Pre Evacuate Collection Set: 0.0ms
[2023-11-10T11:20:33.842-0800][74837474ms] GC(19660)   Evacuate Collection Set: 1.6ms
[2023-11-10T11:20:33.842-0800][74837474ms] GC(19660)   Post Evacuate Collection Set: 3.1ms
[2023-11-10T11:20:33.842-0800][74837474ms] GC(19660)   Other: 0.3ms
[2023-11-10T11:20:33.842-0800][74837474ms] GC(19660) Eden regions: 231->0(231)
[2023-11-10T11:20:33.842-0800][74837474ms] GC(19660) Survivor regions: 1->1(29)
[2023-11-10T11:20:33.842-0800][74837474ms] GC(19660) Old regions: 1382->1382
[2023-11-10T11:20:33.842-0800][74837474ms] GC(19660) Humongous regions: 5->5
[2023-11-10T11:20:33.842-0800][74837474ms] GC(19660) Metaspace: 304541K->304541K(1347584K)
[2023-11-10T11:20:33.843-0800][74837475ms] GC(19660) Pause Young (Normal) (G1 Evacuation Pause) 3235M->2773M(3602M) 5.136ms
[2023-11-10T11:20:33.843-0800][74837475ms] GC(19660) User=0.00s Sys=0.00s Real=0.00s
[2023-11-10T11:20:34.340-0800][74837972ms] GC(19661) Pause Young (Normal) (G1 Evacuation Pause)
[2023-11-10T11:20:34.340-0800][74837972ms] GC(19661) Using 10 workers of 10 for evacuation
[2023-11-10T11:20:34.345-0800][74837977ms] GC(19661)   Pre Evacuate Collection Set: 0.0ms
[2023-11-10T11:20:34.345-0800][74837977ms] GC(19661)   Evacuate Collection Set: 1.7ms
[2023-11-10T11:20:34.345-0800][74837977ms] GC(19661)   Post Evacuate Collection Set: 3.3ms
[2023-11-10T11:20:34.345-0800][74837977ms] GC(19661)   Other: 0.3ms
[2023-11-10T11:20:34.345-0800][74837977ms] GC(19661) Eden regions: 231->0(231)
[2023-11-10T11:20:34.345-0800][74837977ms] GC(19661) Survivor regions: 1->1(29)
[2023-11-10T11:20:34.345-0800][74837977ms] GC(19661) Old regions: 1382->1382
[2023-11-10T11:20:34.345-0800][74837977ms] GC(19661) Humongous regions: 5->5
[2023-11-10T11:20:34.345-0800][74837977ms] GC(19661) Metaspace: 304541K->304541K(1347584K)
[2023-11-10T11:20:34.345-0800][74837977ms] GC(19661) Pause Young (Normal) (G1 Evacuation Pause) 3235M->2773M(3602M) 5.465ms
[2023-11-10T11:20:34.345-0800][74837977ms] GC(19661) User=0.00s Sys=0.00s Real=0.01s
[2023-11-10T11:20:34.974-0800][74838606ms] GC(19662) Pause Young (Normal) (G1 Evacuation Pause)
[2023-11-10T11:20:34.974-0800][74838606ms] GC(19662) Using 10 workers of 10 for evacuation
[2023-11-10T11:20:34.979-0800][74838611ms] GC(19662)   Pre Evacuate Collection Set: 0.0ms
[2023-11-10T11:20:34.979-0800][74838611ms] GC(19662)   Evacuate Collection Set: 1.9ms
[2023-11-10T11:20:34.979-0800][74838611ms] GC(19662)   Post Evacuate Collection Set: 3.1ms
[2023-11-10T11:20:34.979-0800][74838611ms] GC(19662)   Other: 0.3ms
[2023-11-10T11:20:34.979-0800][74838611ms] GC(19662) Eden regions: 231->0(231)
[2023-11-10T11:20:34.979-0800][74838611ms] GC(19662) Survivor regions: 1->1(29)
[2023-11-10T11:20:34.979-0800][74838611ms] GC(19662) Old regions: 1382->1382
[2023-11-10T11:20:34.979-0800][74838611ms] GC(19662) Humongous regions: 5->5
[2023-11-10T11:20:34.979-0800][74838611ms] GC(19662) Metaspace: 304541K->304541K(1347584K)
[2023-11-10T11:20:34.979-0800][74838611ms] GC(19662) Pause Young (Normal) (G1 Evacuation Pause) 3235M->2773M(3602M) 5.403ms
[2023-11-10T11:20:34.979-0800][74838611ms] GC(19662) User=0.02s Sys=0.00s Real=0.01s
[2023-11-10T11:20:35.552-0800][74839184ms] GC(19663) Pause Young (Normal) (G1 Evacuation Pause)
[2023-11-10T11:20:35.552-0800][74839184ms] GC(19663) Using 10 workers of 10 for evacuation
[2023-11-10T11:20:35.558-0800][74839190ms] GC(19663)   Pre Evacuate Collection Set: 0.0ms
[2023-11-10T11:20:35.558-0800][74839190ms] GC(19663)   Evacuate Collection Set: 1.8ms
[2023-11-10T11:20:35.558-0800][74839190ms] GC(19663)   Post Evacuate Collection Set: 3.7ms
[2023-11-10T11:20:35.558-0800][74839190ms] GC(19663)   Other: 0.3ms
[2023-11-10T11:20:35.558-0800][74839190ms] GC(19663) Eden regions: 231->0(230)
[2023-11-10T11:20:35.558-0800][74839190ms] GC(19663) Survivor regions: 1->1(29)
[2023-11-10T11:20:35.558-0800][74839190ms] GC(19663) Old regions: 1382->1382
[2023-11-10T11:20:35.558-0800][74839190ms] GC(19663) Humongous regions: 5->5
[2023-11-10T11:20:35.558-0800][74839190ms] GC(19663) Metaspace: 304541K->304541K(1347584K)
[2023-11-10T11:20:35.558-0800][74839190ms] GC(19663) Pause Young (Normal) (G1 Evacuation Pause) 3235M->2773M(3602M) 5.850ms
[2023-11-10T11:20:35.558-0800][74839190ms] GC(19663) User=0.00s Sys=0.00s Real=0.01s
[2023-11-10T11:20:36.133-0800][74839765ms] GC(19664) Pause Young (Normal) (G1 Evacuation Pause)
[2023-11-10T11:20:36.133-0800][74839765ms] GC(19664) Using 10 workers of 10 for evacuation
[2023-11-10T11:20:36.138-0800][74839770ms] GC(19664)   Pre Evacuate Collection Set: 0.0ms
[2023-11-10T11:20:36.138-0800][74839770ms] GC(19664)   Evacuate Collection Set: 1.7ms
[2023-11-10T11:20:36.138-0800][74839770ms] GC(19664)   Post Evacuate Collection Set: 3.1ms
[2023-11-10T11:20:36.138-0800][74839770ms] GC(19664)   Other: 0.3ms
[2023-11-10T11:20:36.138-0800][74839770ms] GC(19664) Eden regions: 230->0(230)
[2023-11-10T11:20:36.138-0800][74839770ms] GC(19664) Survivor regions: 1->1(29)
[2023-11-10T11:20:36.138-0800][74839770ms] GC(19664) Old regions: 1382->1382
[2023-11-10T11:20:36.138-0800][74839770ms] GC(19664) Humongous regions: 5->5
[2023-11-10T11:20:36.138-0800][74839770ms] GC(19664) Metaspace: 304541K->304541K(1347584K)
[2023-11-10T11:20:36.138-0800][74839770ms] GC(19664) Pause Young (Normal) (G1 Evacuation Pause) 3233M->2773M(3602M) 5.270ms
[2023-11-10T11:20:36.138-0800][74839770ms] GC(19664) User=0.00s Sys=0.00s Real=0.01s
[2023-11-10T11:20:36.728-0800][74840360ms] GC(19665) Pause Young (Normal) (G1 Evacuation Pause)
[2023-11-10T11:20:36.728-0800][74840360ms] GC(19665) Using 10 workers of 10 for evacuation
[2023-11-10T11:20:36.733-0800][74840365ms] GC(19665)   Pre Evacuate Collection Set: 0.0ms
[2023-11-10T11:20:36.733-0800][74840365ms] GC(19665)   Evacuate Collection Set: 1.9ms
[2023-11-10T11:20:36.733-0800][74840365ms] GC(19665)   Post Evacuate Collection Set: 3.3ms
[2023-11-10T11:20:36.733-0800][74840365ms] GC(19665)   Other: 0.3ms
[2023-11-10T11:20:36.733-0800][74840365ms] GC(19665) Eden regions: 230->0(230)
[2023-11-10T11:20:36.733-0800][74840365ms] GC(19665) Survivor regions: 1->1(29)
[2023-11-10T11:20:36.733-0800][74840365ms] GC(19665) Old regions: 1382->1382
[2023-11-10T11:20:36.733-0800][74840365ms] GC(19665) Humongous regions: 5->5
[2023-11-10T11:20:36.733-0800][74840365ms] GC(19665) Metaspace: 304541K->304541K(1347584K)
[2023-11-10T11:20:36.733-0800][74840365ms] GC(19665) Pause Young (Normal) (G1 Evacuation Pause) 3233M->2773M(3602M) 5.617ms
[2023-11-10T11:20:36.733-0800][74840365ms] GC(19665) User=0.00s Sys=0.00s Real=0.01s
[2023-11-10T11:20:37.287-0800][74840919ms] GC(19666) Pause Young (Normal) (G1 Evacuation Pause)
[2023-11-10T11:20:37.287-0800][74840919ms] GC(19666) Using 10 workers of 10 for evacuation
[2023-11-10T11:20:37.292-0800][74840924ms] GC(19666)   Pre Evacuate Collection Set: 0.0ms
[2023-11-10T11:20:37.292-0800][74840924ms] GC(19666)   Evacuate Collection Set: 1.7ms
[2023-11-10T11:20:37.292-0800][74840924ms] GC(19666)   Post Evacuate Collection Set: 3.1ms
[2023-11-10T11:20:37.292-0800][74840924ms] GC(19666)   Other: 0.3ms
[2023-11-10T11:20:37.292-0800][74840924ms] GC(19666) Eden regions: 230->0(230)
[2023-11-10T11:20:37.292-0800][74840924ms] GC(19666) Survivor regions: 1->1(29)
[2023-11-10T11:20:37.292-0800][74840924ms] GC(19666) Old regions: 1382->1382
[2023-11-10T11:20:37.292-0800][74840924ms] GC(19666) Humongous regions: 5->5
[2023-11-10T11:20:37.292-0800][74840924ms] GC(19666) Metaspace: 304541K->304541K(1347584K)
[2023-11-10T11:20:37.292-0800][74840924ms] GC(19666) Pause Young (Normal) (G1 Evacuation Pause) 3233M->2773M(3602M) 5.314ms
[2023-11-10T11:20:37.292-0800][74840924ms] GC(19666) User=0.11s Sys=0.00s Real=0.01s
[2023-11-10T11:20:37.852-0800][74841484ms] GC(19667) Pause Young (Normal) (G1 Evacuation Pause)
[2023-11-10T11:20:37.852-0800][74841484ms] GC(19667) Using 10 workers of 10 for evacuation
[2023-11-10T11:20:37.857-0800][74841489ms] GC(19667)   Pre Evacuate Collection Set: 0.0ms
[2023-11-10T11:20:37.857-0800][74841489ms] GC(19667)   Evacuate Collection Set: 1.6ms
[2023-11-10T11:20:37.857-0800][74841489ms] GC(19667)   Post Evacuate Collection Set: 3.3ms
[2023-11-10T11:20:37.857-0800][74841489ms] GC(19667)   Other: 0.3ms
[2023-11-10T11:20:37.857-0800][74841489ms] GC(19667) Eden regions: 230->0(230)
[2023-11-10T11:20:37.857-0800][74841489ms] GC(19667) Survivor regions: 1->1(29)
[2023-11-10T11:20:37.857-0800][74841489ms] GC(19667) Old regions: 1382->1382
[2023-11-10T11:20:37.857-0800][74841489ms] GC(19667) Humongous regions: 5->5
[2023-11-10T11:20:37.857-0800][74841489ms] GC(19667) Metaspace: 304541K->304541K(1347584K)
[2023-11-10T11:20:37.857-0800][74841489ms] GC(19667) Pause Young (Normal) (G1 Evacuation Pause) 3233M->2773M(3602M) 5.348ms
[2023-11-10T11:20:37.857-0800][74841489ms] GC(19667) User=0.00s Sys=0.00s Real=0.01s
[2023-11-10T11:20:38.407-0800][74842039ms] GC(19668) Pause Young (Normal) (G1 Evacuation Pause)
[2023-11-10T11:20:38.407-0800][74842039ms] GC(19668) Using 10 workers of 10 for evacuation
[2023-11-10T11:20:38.412-0800][74842044ms] GC(19668)   Pre Evacuate Collection Set: 0.1ms
[2023-11-10T11:20:38.412-0800][74842044ms] GC(19668)   Evacuate Collection Set: 2.3ms
[2023-11-10T11:20:38.412-0800][74842044ms] GC(19668)   Post Evacuate Collection Set: 3.8ms
[2023-11-10T11:20:38.412-0800][74842044ms] GC(19668)   Other: 0.3ms
[2023-11-10T11:20:38.412-0800][74842044ms] GC(19668) Eden regions: 230->0(230)
[2023-11-10T11:20:38.412-0800][74842044ms] GC(19668) Survivor regions: 1->1(29)
[2023-11-10T11:20:38.412-0800][74842044ms] GC(19668) Old regions: 1382->1382
[2023-11-10T11:20:38.412-0800][74842044ms] GC(19668) Humongous regions: 5->5
[2023-11-10T11:20:38.412-0800][74842044ms] GC(19668) Metaspace: 304541K->304541K(1347584K)
[2023-11-10T11:20:38.413-0800][74842045ms] GC(19668) Pause Young (Normal) (G1 Evacuation Pause) 3233M->2773M(3602M) 6.502ms
[2023-11-10T11:20:38.413-0800][74842045ms] GC(19668) User=0.00s Sys=0.00s Real=0.01s
[2023-11-10T11:20:38.949-0800][74842581ms] GC(19669) Pause Young (Normal) (G1 Evacuation Pause)
[2023-11-10T11:20:38.949-0800][74842581ms] GC(19669) Using 10 workers of 10 for evacuation
[2023-11-10T11:20:38.955-0800][74842587ms] GC(19669)   Pre Evacuate Collection Set: 0.0ms
[2023-11-10T11:20:38.955-0800][74842587ms] GC(19669)   Evacuate Collection Set: 1.7ms
[2023-11-10T11:20:38.955-0800][74842587ms] GC(19669)   Post Evacuate Collection Set: 3.2ms
[2023-11-10T11:20:38.955-0800][74842587ms] GC(19669)   Other: 0.3ms
[2023-11-10T11:20:38.955-0800][74842587ms] GC(19669) Eden regions: 230->0(230)
[2023-11-10T11:20:38.955-0800][74842587ms] GC(19669) Survivor regions: 1->1(29)
[2023-11-10T11:20:38.955-0800][74842587ms] GC(19669) Old regions: 1382->1382
[2023-11-10T11:20:38.955-0800][74842587ms] GC(19669) Humongous regions: 5->5
[2023-11-10T11:20:38.955-0800][74842587ms] GC(19669) Metaspace: 304541K->304541K(1347584K)
[2023-11-10T11:20:38.955-0800][74842587ms] GC(19669) Pause Young (Normal) (G1 Evacuation Pause) 3233M->2773M(3602M) 5.327ms
[2023-11-10T11:20:38.955-0800][74842587ms] GC(19669) User=0.00s Sys=0.00s Real=0.01s
[2023-11-10T11:20:39.524-0800][74843156ms] GC(19670) Pause Young (Normal) (G1 Evacuation Pause)
[2023-11-10T11:20:39.524-0800][74843156ms] GC(19670) Using 10 workers of 10 for evacuation
[2023-11-10T11:20:39.529-0800][74843161ms] GC(19670)   Pre Evacuate Collection Set: 0.0ms
[2023-11-10T11:20:39.529-0800][74843161ms] GC(19670)   Evacuate Collection Set: 2.1ms
[2023-11-10T11:20:39.529-0800][74843161ms] GC(19670)   Post Evacuate Collection Set: 3.3ms
[2023-11-10T11:20:39.529-0800][74843161ms] GC(19670)   Other: 0.3ms
[2023-11-10T11:20:39.529-0800][74843161ms] GC(19670) Eden regions: 230->0(230)
[2023-11-10T11:20:39.529-0800][74843161ms] GC(19670) Survivor regions: 1->1(29)
[2023-11-10T11:20:39.530-0800][74843162ms] GC(19670) Old regions: 1382->1382
[2023-11-10T11:20:39.530-0800][74843162ms] GC(19670) Humongous regions: 5->5
[2023-11-10T11:20:39.530-0800][74843162ms] GC(19670) Metaspace: 304541K->304541K(1347584K)
[2023-11-10T11:20:39.530-0800][74843162ms] GC(19670) Pause Young (Normal) (G1 Evacuation Pause) 3233M->2773M(3602M) 5.953ms
[2023-11-10T11:20:39.530-0800][74843162ms] GC(19670) User=0.00s Sys=0.00s Real=0.01s
[2023-11-10T11:20:40.093-0800][74843725ms] GC(19671) Pause Young (Normal) (G1 Evacuation Pause)
[2023-11-10T11:20:40.093-0800][74843725ms] GC(19671) Using 10 workers of 10 for evacuation
[2023-11-10T11:20:40.099-0800][74843731ms] GC(19671)   Pre Evacuate Collection Set: 0.0ms
[2023-11-10T11:20:40.099-0800][74843731ms] GC(19671)   Evacuate Collection Set: 1.8ms
[2023-11-10T11:20:40.099-0800][74843731ms] GC(19671)   Post Evacuate Collection Set: 4.4ms
[2023-11-10T11:20:40.099-0800][74843731ms] GC(19671)   Other: 0.3ms
[2023-11-10T11:20:40.099-0800][74843731ms] GC(19671) Eden regions: 230->0(230)
[2023-11-10T11:20:40.099-0800][74843731ms] GC(19671) Survivor regions: 1->1(29)
[2023-11-10T11:20:40.099-0800][74843731ms] GC(19671) Old regions: 1382->1382
[2023-11-10T11:20:40.099-0800][74843731ms] GC(19671) Humongous regions: 5->5
[2023-11-10T11:20:40.099-0800][74843731ms] GC(19671) Metaspace: 304541K->304541K(1347584K)
[2023-11-10T11:20:40.099-0800][74843731ms] GC(19671) Pause Young (Normal) (G1 Evacuation Pause) 3233M->2773M(3602M) 6.621ms
[2023-11-10T11:20:40.100-0800][74843732ms] GC(19671) User=0.00s Sys=0.00s Real=0.01s
[2023-11-10T11:20:40.680-0800][74844312ms] GC(19672) Pause Young (Normal) (G1 Evacuation Pause)
[2023-11-10T11:20:40.680-0800][74844312ms] GC(19672) Using 10 workers of 10 for evacuation
[2023-11-10T11:20:40.690-0800][74844322ms] GC(19672)   Pre Evacuate Collection Set: 0.1ms
[2023-11-10T11:20:40.690-0800][74844322ms] GC(19672)   Evacuate Collection Set: 1.9ms
[2023-11-10T11:20:40.690-0800][74844322ms] GC(19672)   Post Evacuate Collection Set: 8.0ms
[2023-11-10T11:20:40.690-0800][74844322ms] GC(19672)   Other: 0.3ms
[2023-11-10T11:20:40.690-0800][74844322ms] GC(19672) Eden regions: 230->0(230)
[2023-11-10T11:20:40.690-0800][74844322ms] GC(19672) Survivor regions: 1->1(29)
[2023-11-10T11:20:40.690-0800][74844322ms] GC(19672) Old regions: 1382->1382
[2023-11-10T11:20:40.690-0800][74844322ms] GC(19672) Humongous regions: 5->5
[2023-11-10T11:20:40.690-0800][74844322ms] GC(19672) Metaspace: 304541K->304541K(1347584K)
[2023-11-10T11:20:40.690-0800][74844322ms] GC(19672) Pause Young (Normal) (G1 Evacuation Pause) 3233M->2773M(3602M) 10.421ms
[2023-11-10T11:20:40.690-0800][74844322ms] GC(19672) User=0.00s Sys=0.00s Real=0.01s
[2023-11-10T11:20:41.287-0800][74844919ms] GC(19673) Pause Young (Normal) (G1 Evacuation Pause)
[2023-11-10T11:20:41.287-0800][74844919ms] GC(19673) Using 10 workers of 10 for evacuation
[2023-11-10T11:20:41.293-0800][74844925ms] GC(19673)   Pre Evacuate Collection Set: 0.1ms
[2023-11-10T11:20:41.294-0800][74844926ms] GC(19673)   Evacuate Collection Set: 2.2ms
[2023-11-10T11:20:41.294-0800][74844926ms] GC(19673)   Post Evacuate Collection Set: 3.7ms
[2023-11-10T11:20:41.294-0800][74844926ms] GC(19673)   Other: 0.3ms
[2023-11-10T11:20:41.294-0800][74844926ms] GC(19673) Eden regions: 230->0(230)
[2023-11-10T11:20:41.294-0800][74844926ms] GC(19673) Survivor regions: 1->1(29)
[2023-11-10T11:20:41.294-0800][74844926ms] GC(19673) Old regions: 1382->1382
[2023-11-10T11:20:41.294-0800][74844926ms] GC(19673) Humongous regions: 5->5
[2023-11-10T11:20:41.294-0800][74844926ms] GC(19673) Metaspace: 304541K->304541K(1347584K)
[2023-11-10T11:20:41.294-0800][74844926ms] GC(19673) Pause Young (Normal) (G1 Evacuation Pause) 3233M->2773M(3602M) 6.403ms
[2023-11-10T11:20:41.294-0800][74844926ms] GC(19673) User=0.03s Sys=0.00s Real=0.01s
[2023-11-10T11:20:41.861-0800][74845493ms] GC(19674) Pause Young (Normal) (G1 Evacuation Pause)
[2023-11-10T11:20:41.861-0800][74845493ms] GC(19674) Using 10 workers of 10 for evacuation
[2023-11-10T11:20:41.866-0800][74845498ms] GC(19674)   Pre Evacuate Collection Set: 0.0ms
[2023-11-10T11:20:41.866-0800][74845498ms] GC(19674)   Evacuate Collection Set: 1.9ms
[2023-11-10T11:20:41.866-0800][74845498ms] GC(19674)   Post Evacuate Collection Set: 3.1ms
[2023-11-10T11:20:41.866-0800][74845498ms] GC(19674)   Other: 0.3ms
[2023-11-10T11:20:41.866-0800][74845498ms] GC(19674) Eden regions: 230->0(230)
[2023-11-10T11:20:41.866-0800][74845498ms] GC(19674) Survivor regions: 1->1(29)
[2023-11-10T11:20:41.866-0800][74845498ms] GC(19674) Old regions: 1382->1382
[2023-11-10T11:20:41.866-0800][74845498ms] GC(19674) Humongous regions: 5->5
[2023-11-10T11:20:41.866-0800][74845498ms] GC(19674) Metaspace: 304541K->304541K(1347584K)
[2023-11-10T11:20:41.866-0800][74845498ms] GC(19674) Pause Young (Normal) (G1 Evacuation Pause) 3233M->2773M(3602M) 5.392ms
[2023-11-10T11:20:41.866-0800][74845498ms] GC(19674) User=0.00s Sys=0.00s Real=0.00s
[2023-11-10T11:20:42.475-0800][74846107ms] GC(19675) Pause Young (Normal) (G1 Evacuation Pause)
[2023-11-10T11:20:42.475-0800][74846107ms] GC(19675) Using 10 workers of 10 for evacuation
[2023-11-10T11:20:42.482-0800][74846114ms] GC(19675)   Pre Evacuate Collection Set: 0.0ms
[2023-11-10T11:20:42.482-0800][74846114ms] GC(19675)   Evacuate Collection Set: 2.6ms
[2023-11-10T11:20:42.482-0800][74846114ms] GC(19675)   Post Evacuate Collection Set: 4.0ms
[2023-11-10T11:20:42.482-0800][74846114ms] GC(19675)   Other: 0.3ms
[2023-11-10T11:20:42.482-0800][74846114ms] GC(19675) Eden regions: 230->0(230)
[2023-11-10T11:20:42.482-0800][74846114ms] GC(19675) Survivor regions: 1->1(29)
[2023-11-10T11:20:42.482-0800][74846114ms] GC(19675) Old regions: 1382->1382
[2023-11-10T11:20:42.482-0800][74846114ms] GC(19675) Humongous regions: 5->5
[2023-11-10T11:20:42.482-0800][74846114ms] GC(19675) Metaspace: 304541K->304541K(1347584K)
[2023-11-10T11:20:42.482-0800][74846114ms] GC(19675) Pause Young (Normal) (G1 Evacuation Pause) 3233M->2773M(3602M) 7.103ms
[2023-11-10T11:20:42.482-0800][74846114ms] GC(19675) User=0.00s Sys=0.00s Real=0.01s
[2023-11-10T11:20:43.019-0800][74846651ms] GC(19676) Pause Young (Normal) (G1 Evacuation Pause)
[2023-11-10T11:20:43.019-0800][74846651ms] GC(19676) Using 10 workers of 10 for evacuation
[2023-11-10T11:20:43.026-0800][74846658ms] GC(19676)   Pre Evacuate Collection Set: 0.0ms
[2023-11-10T11:20:43.026-0800][74846658ms] GC(19676)   Evacuate Collection Set: 2.4ms
[2023-11-10T11:20:43.026-0800][74846658ms] GC(19676)   Post Evacuate Collection Set: 4.8ms
[2023-11-10T11:20:43.026-0800][74846658ms] GC(19676)   Other: 0.3ms
[2023-11-10T11:20:43.026-0800][74846658ms] GC(19676) Eden regions: 230->0(230)
[2023-11-10T11:20:43.026-0800][74846658ms] GC(19676) Survivor regions: 1->1(29)
[2023-11-10T11:20:43.026-0800][74846658ms] GC(19676) Old regions: 1382->1382
[2023-11-10T11:20:43.026-0800][74846658ms] GC(19676) Humongous regions: 5->5
[2023-11-10T11:20:43.026-0800][74846658ms] GC(19676) Metaspace: 304541K->304541K(1347584K)
[2023-11-10T11:20:43.026-0800][74846658ms] GC(19676) Pause Young (Normal) (G1 Evacuation Pause) 3233M->2773M(3602M) 7.739ms
[2023-11-10T11:20:43.026-0800][74846658ms] GC(19676) User=0.02s Sys=0.00s Real=0.01s
[2023-11-10T11:20:43.552-0800][74847184ms] GC(19677) Pause Young (Normal) (G1 Evacuation Pause)
[2023-11-10T11:20:43.552-0800][74847184ms] GC(19677) Using 10 workers of 10 for evacuation
[2023-11-10T11:20:43.556-0800][74847188ms] GC(19677)   Pre Evacuate Collection Set: 0.0ms
[2023-11-10T11:20:43.557-0800][74847189ms] GC(19677)   Evacuate Collection Set: 1.7ms
[2023-11-10T11:20:43.557-0800][74847189ms] GC(19677)   Post Evacuate Collection Set: 3.1ms
[2023-11-10T11:20:43.557-0800][74847189ms] GC(19677)   Other: 0.3ms
[2023-11-10T11:20:43.557-0800][74847189ms] GC(19677) Eden regions: 230->0(230)
[2023-11-10T11:20:43.557-0800][74847189ms] GC(19677) Survivor regions: 1->1(29)
[2023-11-10T11:20:43.557-0800][74847189ms] GC(19677) Old regions: 1382->1382
[2023-11-10T11:20:43.557-0800][74847189ms] GC(19677) Humongous regions: 5->5
[2023-11-10T11:20:43.557-0800][74847189ms] GC(19677) Metaspace: 304541K->304541K(1347584K)
[2023-11-10T11:20:43.557-0800][74847189ms] GC(19677) Pause Young (Normal) (G1 Evacuation Pause) 3233M->2773M(3602M) 5.149ms
[2023-11-10T11:20:43.557-0800][74847189ms] GC(19677) User=0.00s Sys=0.00s Real=0.00s
[2023-11-10T11:20:44.081-0800][74847713ms] GC(19678) Pause Young (Normal) (G1 Evacuation Pause)
[2023-11-10T11:20:44.081-0800][74847713ms] GC(19678) Using 10 workers of 10 for evacuation
[2023-11-10T11:20:44.086-0800][74847718ms] GC(19678)   Pre Evacuate Collection Set: 0.0ms
[2023-11-10T11:20:44.086-0800][74847718ms] GC(19678)   Evacuate Collection Set: 1.6ms
[2023-11-10T11:20:44.086-0800][74847718ms] GC(19678)   Post Evacuate Collection Set: 3.1ms
[2023-11-10T11:20:44.086-0800][74847718ms] GC(19678)   Other: 0.3ms
[2023-11-10T11:20:44.086-0800][74847718ms] GC(19678) Eden regions: 230->0(230)
[2023-11-10T11:20:44.086-0800][74847718ms] GC(19678) Survivor regions: 1->1(29)
[2023-11-10T11:20:44.086-0800][74847718ms] GC(19678) Old regions: 1382->1382
[2023-11-10T11:20:44.086-0800][74847718ms] GC(19678) Humongous regions: 5->5
[2023-11-10T11:20:44.086-0800][74847718ms] GC(19678) Metaspace: 304541K->304541K(1347584K)
[2023-11-10T11:20:44.086-0800][74847718ms] GC(19678) Pause Young (Normal) (G1 Evacuation Pause) 3233M->2773M(3602M) 5.132ms
[2023-11-10T11:20:44.086-0800][74847718ms] GC(19678) User=0.02s Sys=0.00s Real=0.00s
[2023-11-10T11:20:44.658-0800][74848290ms] GC(19679) Pause Young (Normal) (G1 Evacuation Pause)
[2023-11-10T11:20:44.658-0800][74848290ms] GC(19679) Using 10 workers of 10 for evacuation
[2023-11-10T11:20:44.664-0800][74848296ms] GC(19679)   Pre Evacuate Collection Set: 0.1ms
[2023-11-10T11:20:44.664-0800][74848296ms] GC(19679)   Evacuate Collection Set: 1.7ms
[2023-11-10T11:20:44.664-0800][74848296ms] GC(19679)   Post Evacuate Collection Set: 4.2ms
[2023-11-10T11:20:44.664-0800][74848296ms] GC(19679)   Other: 0.3ms
[2023-11-10T11:20:44.664-0800][74848296ms] GC(19679) Eden regions: 230->0(230)
[2023-11-10T11:20:44.664-0800][74848296ms] GC(19679) Survivor regions: 1->1(29)
[2023-11-10T11:20:44.664-0800][74848296ms] GC(19679) Old regions: 1382->1382
[2023-11-10T11:20:44.664-0800][74848296ms] GC(19679) Humongous regions: 5->5
[2023-11-10T11:20:44.664-0800][74848296ms] GC(19679) Metaspace: 304541K->304541K(1347584K)
[2023-11-10T11:20:44.664-0800][74848296ms] GC(19679) Pause Young (Normal) (G1 Evacuation Pause) 3233M->2773M(3602M) 6.409ms
[2023-11-10T11:20:44.664-0800][74848296ms] GC(19679) User=0.02s Sys=0.00s Real=0.01s
[2023-11-10T11:20:45.204-0800][74848836ms] GC(19680) Pause Young (Normal) (G1 Evacuation Pause)
[2023-11-10T11:20:45.204-0800][74848836ms] GC(19680) Using 10 workers of 10 for evacuation
[2023-11-10T11:20:45.209-0800][74848841ms] GC(19680)   Pre Evacuate Collection Set: 0.0ms
[2023-11-10T11:20:45.209-0800][74848841ms] GC(19680)   Evacuate Collection Set: 1.7ms
[2023-11-10T11:20:45.210-0800][74848842ms] GC(19680)   Post Evacuate Collection Set: 3.1ms
[2023-11-10T11:20:45.210-0800][74848842ms] GC(19680)   Other: 0.3ms
[2023-11-10T11:20:45.210-0800][74848842ms] GC(19680) Eden regions: 230->0(230)
[2023-11-10T11:20:45.210-0800][74848842ms] GC(19680) Survivor regions: 1->1(29)
[2023-11-10T11:20:45.210-0800][74848842ms] GC(19680) Old regions: 1382->1382
[2023-11-10T11:20:45.210-0800][74848842ms] GC(19680) Humongous regions: 5->5
[2023-11-10T11:20:45.210-0800][74848842ms] GC(19680) Metaspace: 304541K->304541K(1347584K)
[2023-11-10T11:20:45.210-0800][74848842ms] GC(19680) Pause Young (Normal) (G1 Evacuation Pause) 3233M->2773M(3602M) 5.216ms
[2023-11-10T11:20:45.210-0800][74848842ms] GC(19680) User=0.00s Sys=0.00s Real=0.01s
[2023-11-10T11:20:45.704-0800][74849336ms] GC(19681) Pause Young (Normal) (G1 Evacuation Pause)
[2023-11-10T11:20:45.704-0800][74849336ms] GC(19681) Using 10 workers of 10 for evacuation
[2023-11-10T11:20:45.711-0800][74849343ms] GC(19681)   Pre Evacuate Collection Set: 0.1ms
[2023-11-10T11:20:45.711-0800][74849343ms] GC(19681)   Evacuate Collection Set: 1.8ms
[2023-11-10T11:20:45.711-0800][74849343ms] GC(19681)   Post Evacuate Collection Set: 4.2ms
[2023-11-10T11:20:45.711-0800][74849343ms] GC(19681)   Other: 0.3ms
[2023-11-10T11:20:45.711-0800][74849343ms] GC(19681) Eden regions: 230->0(230)
[2023-11-10T11:20:45.711-0800][74849343ms] GC(19681) Survivor regions: 1->1(29)
[2023-11-10T11:20:45.711-0800][74849343ms] GC(19681) Old regions: 1382->1382
[2023-11-10T11:20:45.711-0800][74849343ms] GC(19681) Humongous regions: 5->5
[2023-11-10T11:20:45.711-0800][74849343ms] GC(19681) Metaspace: 304541K->304541K(1347584K)
[2023-11-10T11:20:45.711-0800][74849343ms] GC(19681) Pause Young (Normal) (G1 Evacuation Pause) 3233M->2773M(3602M) 6.487ms
[2023-11-10T11:20:45.711-0800][74849343ms] GC(19681) User=0.02s Sys=0.00s Real=0.01s
[2023-11-10T11:20:46.292-0800][74849924ms] GC(19682) Pause Young (Normal) (G1 Evacuation Pause)
[2023-11-10T11:20:46.292-0800][74849924ms] GC(19682) Using 10 workers of 10 for evacuation
[2023-11-10T11:20:46.297-0800][74849929ms] GC(19682)   Pre Evacuate Collection Set: 0.0ms
[2023-11-10T11:20:46.297-0800][74849929ms] GC(19682)   Evacuate Collection Set: 1.7ms
[2023-11-10T11:20:46.297-0800][74849929ms] GC(19682)   Post Evacuate Collection Set: 3.2ms
[2023-11-10T11:20:46.297-0800][74849929ms] GC(19682)   Other: 0.3ms
[2023-11-10T11:20:46.297-0800][74849929ms] GC(19682) Eden regions: 230->0(230)
[2023-11-10T11:20:46.297-0800][74849929ms] GC(19682) Survivor regions: 1->1(29)
[2023-11-10T11:20:46.297-0800][74849929ms] GC(19682) Old regions: 1382->1382
[2023-11-10T11:20:46.297-0800][74849929ms] GC(19682) Humongous regions: 5->5
[2023-11-10T11:20:46.297-0800][74849929ms] GC(19682) Metaspace: 304541K->304541K(1347584K)
[2023-11-10T11:20:46.297-0800][74849929ms] GC(19682) Pause Young (Normal) (G1 Evacuation Pause) 3233M->2773M(3602M) 5.344ms
[2023-11-10T11:20:46.297-0800][74849929ms] GC(19682) User=0.00s Sys=0.00s Real=0.00s
[2023-11-10T11:20:46.837-0800][74850469ms] GC(19683) Pause Young (Normal) (G1 Evacuation Pause)
[2023-11-10T11:20:46.837-0800][74850469ms] GC(19683) Using 10 workers of 10 for evacuation
[2023-11-10T11:20:46.843-0800][74850475ms] GC(19683)   Pre Evacuate Collection Set: 0.0ms
[2023-11-10T11:20:46.843-0800][74850475ms] GC(19683)   Evacuate Collection Set: 1.8ms
[2023-11-10T11:20:46.843-0800][74850475ms] GC(19683)   Post Evacuate Collection Set: 3.1ms
[2023-11-10T11:20:46.843-0800][74850475ms] GC(19683)   Other: 0.2ms
[2023-11-10T11:20:46.843-0800][74850475ms] GC(19683) Eden regions: 230->0(231)
[2023-11-10T11:20:46.843-0800][74850475ms] GC(19683) Survivor regions: 1->1(29)
[2023-11-10T11:20:46.843-0800][74850475ms] GC(19683) Old regions: 1382->1382
[2023-11-10T11:20:46.843-0800][74850475ms] GC(19683) Humongous regions: 5->5
[2023-11-10T11:20:46.843-0800][74850475ms] GC(19683) Metaspace: 304541K->304541K(1347584K)
[2023-11-10T11:20:46.843-0800][74850475ms] GC(19683) Pause Young (Normal) (G1 Evacuation Pause) 3233M->2773M(3602M) 5.245ms
[2023-11-10T11:20:46.843-0800][74850475ms] GC(19683) User=0.00s Sys=0.00s Real=0.01s
[2023-11-10T11:20:47.380-0800][74851012ms] GC(19684) Pause Young (Normal) (G1 Evacuation Pause)
[2023-11-10T11:20:47.380-0800][74851012ms] GC(19684) Using 10 workers of 10 for evacuation
[2023-11-10T11:20:47.386-0800][74851018ms] GC(19684)   Pre Evacuate Collection Set: 0.0ms
[2023-11-10T11:20:47.386-0800][74851018ms] GC(19684)   Evacuate Collection Set: 1.8ms
[2023-11-10T11:20:47.386-0800][74851018ms] GC(19684)   Post Evacuate Collection Set: 3.1ms
[2023-11-10T11:20:47.386-0800][74851018ms] GC(19684)   Other: 0.3ms
[2023-11-10T11:20:47.386-0800][74851018ms] GC(19684) Eden regions: 231->0(231)
[2023-11-10T11:20:47.386-0800][74851018ms] GC(19684) Survivor regions: 1->1(29)
[2023-11-10T11:20:47.386-0800][74851018ms] GC(19684) Old regions: 1382->1382
[2023-11-10T11:20:47.386-0800][74851018ms] GC(19684) Humongous regions: 5->5
[2023-11-10T11:20:47.386-0800][74851018ms] GC(19684) Metaspace: 304541K->304541K(1347584K)
[2023-11-10T11:20:47.386-0800][74851018ms] GC(19684) Pause Young (Normal) (G1 Evacuation Pause) 3235M->2773M(3602M) 5.271ms
[2023-11-10T11:20:47.386-0800][74851018ms] GC(19684) User=0.05s Sys=0.03s Real=0.01s
[2023-11-10T11:20:47.925-0800][74851557ms] GC(19685) Pause Young (Normal) (G1 Evacuation Pause)
[2023-11-10T11:20:47.925-0800][74851557ms] GC(19685) Using 10 workers of 10 for evacuation
[2023-11-10T11:20:47.930-0800][74851562ms] GC(19685)   Pre Evacuate Collection Set: 0.0ms
[2023-11-10T11:20:47.930-0800][74851562ms] GC(19685)   Evacuate Collection Set: 1.7ms
[2023-11-10T11:20:47.930-0800][74851562ms] GC(19685)   Post Evacuate Collection Set: 3.2ms
[2023-11-10T11:20:47.930-0800][74851562ms] GC(19685)   Other: 0.3ms
[2023-11-10T11:20:47.930-0800][74851562ms] GC(19685) Eden regions: 231->0(231)
[2023-11-10T11:20:47.930-0800][74851562ms] GC(19685) Survivor regions: 1->1(29)
[2023-11-10T11:20:47.930-0800][74851562ms] GC(19685) Old regions: 1382->1382
[2023-11-10T11:20:47.930-0800][74851562ms] GC(19685) Humongous regions: 5->5
[2023-11-10T11:20:47.930-0800][74851562ms] GC(19685) Metaspace: 304541K->304541K(1347584K)
[2023-11-10T11:20:47.930-0800][74851562ms] GC(19685) Pause Young (Normal) (G1 Evacuation Pause) 3235M->2774M(3602M) 5.291ms
[2023-11-10T11:20:47.930-0800][74851562ms] GC(19685) User=0.02s Sys=0.00s Real=0.01s
[2023-11-10T11:20:48.548-0800][74852180ms] GC(19686) Pause Young (Normal) (G1 Evacuation Pause)
[2023-11-10T11:20:48.548-0800][74852180ms] GC(19686) Using 10 workers of 10 for evacuation
[2023-11-10T11:20:48.555-0800][74852187ms] GC(19686)   Pre Evacuate Collection Set: 0.1ms
[2023-11-10T11:20:48.555-0800][74852187ms] GC(19686)   Evacuate Collection Set: 1.8ms
[2023-11-10T11:20:48.555-0800][74852187ms] GC(19686)   Post Evacuate Collection Set: 4.8ms
[2023-11-10T11:20:48.555-0800][74852187ms] GC(19686)   Other: 0.3ms
[2023-11-10T11:20:48.555-0800][74852187ms] GC(19686) Eden regions: 231->0(231)
[2023-11-10T11:20:48.555-0800][74852187ms] GC(19686) Survivor regions: 1->1(29)
[2023-11-10T11:20:48.555-0800][74852187ms] GC(19686) Old regions: 1382->1382
[2023-11-10T11:20:48.555-0800][74852187ms] GC(19686) Humongous regions: 5->5
[2023-11-10T11:20:48.555-0800][74852187ms] GC(19686) Metaspace: 304541K->304541K(1347584K)
[2023-11-10T11:20:48.555-0800][74852187ms] GC(19686) Pause Young (Normal) (G1 Evacuation Pause) 3236M->2774M(3602M) 6.968ms
[2023-11-10T11:20:48.555-0800][74852187ms] GC(19686) User=0.00s Sys=0.00s Real=0.01s
[2023-11-10T11:20:49.112-0800][74852744ms] GC(19687) Pause Young (Normal) (G1 Evacuation Pause)
[2023-11-10T11:20:49.112-0800][74852744ms] GC(19687) Using 10 workers of 10 for evacuation
[2023-11-10T11:20:49.118-0800][74852750ms] GC(19687)   Pre Evacuate Collection Set: 0.0ms
[2023-11-10T11:20:49.118-0800][74852750ms] GC(19687)   Evacuate Collection Set: 1.7ms
[2023-11-10T11:20:49.118-0800][74852750ms] GC(19687)   Post Evacuate Collection Set: 3.4ms
[2023-11-10T11:20:49.118-0800][74852750ms] GC(19687)   Other: 0.3ms
[2023-11-10T11:20:49.118-0800][74852750ms] GC(19687) Eden regions: 231->0(231)
[2023-11-10T11:20:49.118-0800][74852750ms] GC(19687) Survivor regions: 1->1(29)
[2023-11-10T11:20:49.118-0800][74852750ms] GC(19687) Old regions: 1382->1382
[2023-11-10T11:20:49.118-0800][74852750ms] GC(19687) Humongous regions: 5->5
[2023-11-10T11:20:49.118-0800][74852750ms] GC(19687) Metaspace: 304541K->304541K(1347584K)
[2023-11-10T11:20:49.118-0800][74852750ms] GC(19687) Pause Young (Normal) (G1 Evacuation Pause) 3236M->2774M(3602M) 5.487ms
[2023-11-10T11:20:49.118-0800][74852750ms] GC(19687) User=0.00s Sys=0.00s Real=0.01s
[2023-11-10T11:20:49.656-0800][74853288ms] GC(19688) Pause Young (Normal) (G1 Evacuation Pause)
[2023-11-10T11:20:49.656-0800][74853288ms] GC(19688) Using 10 workers of 10 for evacuation
[2023-11-10T11:20:49.660-0800][74853292ms] GC(19688)   Pre Evacuate Collection Set: 0.1ms
[2023-11-10T11:20:49.660-0800][74853292ms] GC(19688)   Evacuate Collection Set: 1.8ms
[2023-11-10T11:20:49.660-0800][74853292ms] GC(19688)   Post Evacuate Collection Set: 3.1ms
[2023-11-10T11:20:49.660-0800][74853292ms] GC(19688)   Other: 0.3ms
[2023-11-10T11:20:49.660-0800][74853292ms] GC(19688) Eden regions: 231->0(231)
[2023-11-10T11:20:49.660-0800][74853292ms] GC(19688) Survivor regions: 1->1(29)
[2023-11-10T11:20:49.660-0800][74853292ms] GC(19688) Old regions: 1382->1382
[2023-11-10T11:20:49.660-0800][74853292ms] GC(19688) Humongous regions: 5->5
[2023-11-10T11:20:49.660-0800][74853292ms] GC(19688) Metaspace: 304541K->304541K(1347584K)
[2023-11-10T11:20:49.660-0800][74853292ms] GC(19688) Pause Young (Normal) (G1 Evacuation Pause) 3236M->2774M(3602M) 5.315ms
[2023-11-10T11:20:49.660-0800][74853292ms] GC(19688) User=0.00s Sys=0.00s Real=0.00s
[2023-11-10T11:20:50.197-0800][74853829ms] GC(19689) Pause Young (Normal) (G1 Evacuation Pause)
[2023-11-10T11:20:50.197-0800][74853829ms] GC(19689) Using 10 workers of 10 for evacuation
[2023-11-10T11:20:50.202-0800][74853834ms] GC(19689)   Pre Evacuate Collection Set: 0.1ms
[2023-11-10T11:20:50.202-0800][74853834ms] GC(19689)   Evacuate Collection Set: 2.1ms
[2023-11-10T11:20:50.202-0800][74853834ms] GC(19689)   Post Evacuate Collection Set: 3.1ms
[2023-11-10T11:20:50.202-0800][74853834ms] GC(19689)   Other: 0.3ms
[2023-11-10T11:20:50.202-0800][74853834ms] GC(19689) Eden regions: 231->0(231)
[2023-11-10T11:20:50.202-0800][74853835ms] GC(19689) Survivor regions: 1->1(29)
[2023-11-10T11:20:50.203-0800][74853835ms] GC(19689) Old regions: 1382->1382
[2023-11-10T11:20:50.203-0800][74853835ms] GC(19689) Humongous regions: 5->5
[2023-11-10T11:20:50.203-0800][74853835ms] GC(19689) Metaspace: 304541K->304541K(1347584K)
[2023-11-10T11:20:50.203-0800][74853835ms] GC(19689) Pause Young (Normal) (G1 Evacuation Pause) 3236M->2774M(3602M) 5.646ms
[2023-11-10T11:20:50.203-0800][74853835ms] GC(19689) User=0.00s Sys=0.00s Real=0.01s
[2023-11-10T11:20:50.810-0800][74854442ms] GC(19690) Pause Young (Normal) (G1 Evacuation Pause)
[2023-11-10T11:20:50.810-0800][74854442ms] GC(19690) Using 10 workers of 10 for evacuation
[2023-11-10T11:20:50.816-0800][74854448ms] GC(19690)   Pre Evacuate Collection Set: 0.1ms
[2023-11-10T11:20:50.816-0800][74854448ms] GC(19690)   Evacuate Collection Set: 2.6ms
[2023-11-10T11:20:50.816-0800][74854448ms] GC(19690)   Post Evacuate Collection Set: 3.4ms
[2023-11-10T11:20:50.816-0800][74854448ms] GC(19690)   Other: 0.3ms
[2023-11-10T11:20:50.816-0800][74854448ms] GC(19690) Eden regions: 231->0(231)
[2023-11-10T11:20:50.816-0800][74854448ms] GC(19690) Survivor regions: 1->1(29)
[2023-11-10T11:20:50.816-0800][74854448ms] GC(19690) Old regions: 1382->1382
[2023-11-10T11:20:50.816-0800][74854448ms] GC(19690) Humongous regions: 5->5
[2023-11-10T11:20:50.816-0800][74854448ms] GC(19690) Metaspace: 304541K->304541K(1347584K)
[2023-11-10T11:20:50.816-0800][74854448ms] GC(19690) Pause Young (Normal) (G1 Evacuation Pause) 3236M->2774M(3602M) 6.447ms
[2023-11-10T11:20:50.816-0800][74854448ms] GC(19690) User=0.00s Sys=0.00s Real=0.01s
[2023-11-10T11:20:51.438-0800][74855070ms] GC(19691) Pause Young (Normal) (G1 Evacuation Pause)
[2023-11-10T11:20:51.438-0800][74855070ms] GC(19691) Using 10 workers of 10 for evacuation
[2023-11-10T11:20:51.443-0800][74855075ms] GC(19691)   Pre Evacuate Collection Set: 0.0ms
[2023-11-10T11:20:51.443-0800][74855075ms] GC(19691)   Evacuate Collection Set: 1.9ms
[2023-11-10T11:20:51.443-0800][74855075ms] GC(19691)   Post Evacuate Collection Set: 3.2ms
[2023-11-10T11:20:51.443-0800][74855075ms] GC(19691)   Other: 0.3ms
[2023-11-10T11:20:51.443-0800][74855075ms] GC(19691) Eden regions: 231->0(231)
[2023-11-10T11:20:51.443-0800][74855075ms] GC(19691) Survivor regions: 1->1(29)
[2023-11-10T11:20:51.443-0800][74855075ms] GC(19691) Old regions: 1382->1382
[2023-11-10T11:20:51.443-0800][74855075ms] GC(19691) Humongous regions: 5->5
[2023-11-10T11:20:51.443-0800][74855075ms] GC(19691) Metaspace: 304541K->304541K(1347584K)
[2023-11-10T11:20:51.443-0800][74855075ms] GC(19691) Pause Young (Normal) (G1 Evacuation Pause) 3236M->2774M(3602M) 5.501ms
[2023-11-10T11:20:51.443-0800][74855075ms] GC(19691) User=0.00s Sys=0.00s Real=0.01s
[2023-11-10T11:20:52.056-0800][74855688ms] GC(19692) Pause Young (Normal) (G1 Evacuation Pause)
[2023-11-10T11:20:52.056-0800][74855688ms] GC(19692) Using 10 workers of 10 for evacuation
[2023-11-10T11:20:52.062-0800][74855694ms] GC(19692)   Pre Evacuate Collection Set: 0.0ms
[2023-11-10T11:20:52.062-0800][74855694ms] GC(19692)   Evacuate Collection Set: 1.9ms
[2023-11-10T11:20:52.062-0800][74855694ms] GC(19692)   Post Evacuate Collection Set: 4.5ms
[2023-11-10T11:20:52.062-0800][74855694ms] GC(19692)   Other: 0.3ms
[2023-11-10T11:20:52.062-0800][74855694ms] GC(19692) Eden regions: 231->0(231)
[2023-11-10T11:20:52.062-0800][74855694ms] GC(19692) Survivor regions: 1->1(29)
[2023-11-10T11:20:52.062-0800][74855694ms] GC(19692) Old regions: 1382->1382
[2023-11-10T11:20:52.062-0800][74855694ms] GC(19692) Humongous regions: 5->5
[2023-11-10T11:20:52.062-0800][74855694ms] GC(19692) Metaspace: 304541K->304541K(1347584K)
[2023-11-10T11:20:52.063-0800][74855695ms] GC(19692) Pause Young (Normal) (G1 Evacuation Pause) 3236M->2774M(3602M) 6.793ms
[2023-11-10T11:20:52.063-0800][74855695ms] GC(19692) User=0.00s Sys=0.00s Real=0.01s
[2023-11-10T11:20:52.629-0800][74856261ms] GC(19693) Pause Young (Normal) (G1 Evacuation Pause)
[2023-11-10T11:20:52.629-0800][74856261ms] GC(19693) Using 10 workers of 10 for evacuation
[2023-11-10T11:20:52.636-0800][74856268ms] GC(19693)   Pre Evacuate Collection Set: 0.1ms
[2023-11-10T11:20:52.636-0800][74856268ms] GC(19693)   Evacuate Collection Set: 2.4ms
[2023-11-10T11:20:52.636-0800][74856268ms] GC(19693)   Post Evacuate Collection Set: 3.5ms
[2023-11-10T11:20:52.636-0800][74856268ms] GC(19693)   Other: 0.3ms
[2023-11-10T11:20:52.636-0800][74856268ms] GC(19693) Eden regions: 231->0(231)
[2023-11-10T11:20:52.636-0800][74856268ms] GC(19693) Survivor regions: 1->1(29)
[2023-11-10T11:20:52.636-0800][74856268ms] GC(19693) Old regions: 1382->1382
[2023-11-10T11:20:52.636-0800][74856268ms] GC(19693) Humongous regions: 5->5
[2023-11-10T11:20:52.636-0800][74856268ms] GC(19693) Metaspace: 304541K->304541K(1347584K)
[2023-11-10T11:20:52.636-0800][74856268ms] GC(19693) Pause Young (Normal) (G1 Evacuation Pause) 3236M->2774M(3602M) 6.319ms
[2023-11-10T11:20:52.636-0800][74856268ms] GC(19693) User=0.02s Sys=0.00s Real=0.01s
[2023-11-10T11:20:53.185-0800][74856817ms] GC(19694) Pause Young (Normal) (G1 Evacuation Pause)
[2023-11-10T11:20:53.185-0800][74856817ms] GC(19694) Using 10 workers of 10 for evacuation
[2023-11-10T11:20:53.191-0800][74856823ms] GC(19694)   Pre Evacuate Collection Set: 0.0ms
[2023-11-10T11:20:53.191-0800][74856823ms] GC(19694)   Evacuate Collection Set: 1.8ms
[2023-11-10T11:20:53.191-0800][74856823ms] GC(19694)   Post Evacuate Collection Set: 3.4ms
[2023-11-10T11:20:53.191-0800][74856823ms] GC(19694)   Other: 0.3ms
[2023-11-10T11:20:53.191-0800][74856823ms] GC(19694) Eden regions: 231->0(231)
[2023-11-10T11:20:53.191-0800][74856823ms] GC(19694) Survivor regions: 1->1(29)
[2023-11-10T11:20:53.191-0800][74856823ms] GC(19694) Old regions: 1382->1382
[2023-11-10T11:20:53.191-0800][74856823ms] GC(19694) Humongous regions: 5->5
[2023-11-10T11:20:53.191-0800][74856823ms] GC(19694) Metaspace: 304541K->304541K(1347584K)
[2023-11-10T11:20:53.191-0800][74856823ms] GC(19694) Pause Young (Normal) (G1 Evacuation Pause) 3236M->2774M(3602M) 5.735ms
[2023-11-10T11:20:53.191-0800][74856823ms] GC(19694) User=0.00s Sys=0.00s Real=0.01s
[2023-11-10T11:20:53.741-0800][74857373ms] GC(19695) Pause Young (Normal) (G1 Evacuation Pause)
[2023-11-10T11:20:53.741-0800][74857373ms] GC(19695) Using 10 workers of 10 for evacuation
[2023-11-10T11:20:53.746-0800][74857378ms] GC(19695)   Pre Evacuate Collection Set: 0.0ms
[2023-11-10T11:20:53.746-0800][74857378ms] GC(19695)   Evacuate Collection Set: 1.7ms
[2023-11-10T11:20:53.746-0800][74857378ms] GC(19695)   Post Evacuate Collection Set: 3.0ms
[2023-11-10T11:20:53.746-0800][74857378ms] GC(19695)   Other: 0.3ms
[2023-11-10T11:20:53.746-0800][74857378ms] GC(19695) Eden regions: 231->0(231)
[2023-11-10T11:20:53.746-0800][74857378ms] GC(19695) Survivor regions: 1->1(29)
[2023-11-10T11:20:53.746-0800][74857378ms] GC(19695) Old regions: 1382->1382
[2023-11-10T11:20:53.746-0800][74857378ms] GC(19695) Humongous regions: 5->5
[2023-11-10T11:20:53.746-0800][74857378ms] GC(19695) Metaspace: 304541K->304541K(1347584K)
[2023-11-10T11:20:53.746-0800][74857378ms] GC(19695) Pause Young (Normal) (G1 Evacuation Pause) 3236M->2774M(3602M) 5.067ms
[2023-11-10T11:20:53.746-0800][74857378ms] GC(19695) User=0.00s Sys=0.00s Real=0.01s
[2023-11-10T11:20:54.252-0800][74857884ms] GC(19696) Pause Young (Normal) (G1 Evacuation Pause)
[2023-11-10T11:20:54.252-0800][74857884ms] GC(19696) Using 10 workers of 10 for evacuation
[2023-11-10T11:20:54.257-0800][74857889ms] GC(19696)   Pre Evacuate Collection Set: 0.0ms
[2023-11-10T11:20:54.257-0800][74857889ms] GC(19696)   Evacuate Collection Set: 1.7ms
[2023-11-10T11:20:54.257-0800][74857889ms] GC(19696)   Post Evacuate Collection Set: 3.0ms
[2023-11-10T11:20:54.257-0800][74857889ms] GC(19696)   Other: 0.3ms
[2023-11-10T11:20:54.257-0800][74857889ms] GC(19696) Eden regions: 231->0(231)
[2023-11-10T11:20:54.257-0800][74857889ms] GC(19696) Survivor regions: 1->1(29)
[2023-11-10T11:20:54.257-0800][74857889ms] GC(19696) Old regions: 1382->1382
[2023-11-10T11:20:54.257-0800][74857889ms] GC(19696) Humongous regions: 5->5
[2023-11-10T11:20:54.257-0800][74857889ms] GC(19696) Metaspace: 304541K->304541K(1347584K)
[2023-11-10T11:20:54.257-0800][74857889ms] GC(19696) Pause Young (Normal) (G1 Evacuation Pause) 3236M->2774M(3602M) 5.090ms
[2023-11-10T11:20:54.257-0800][74857889ms] GC(19696) User=0.00s Sys=0.00s Real=0.00s
[2023-11-10T11:20:54.798-0800][74858430ms] GC(19697) Pause Young (Normal) (G1 Evacuation Pause)
[2023-11-10T11:20:54.798-0800][74858430ms] GC(19697) Using 10 workers of 10 for evacuation
[2023-11-10T11:20:54.805-0800][74858437ms] GC(19697)   Pre Evacuate Collection Set: 0.1ms
[2023-11-10T11:20:54.805-0800][74858437ms] GC(19697)   Evacuate Collection Set: 2.3ms
[2023-11-10T11:20:54.805-0800][74858437ms] GC(19697)   Post Evacuate Collection Set: 3.2ms
[2023-11-10T11:20:54.805-0800][74858437ms] GC(19697)   Other: 0.3ms
[2023-11-10T11:20:54.805-0800][74858437ms] GC(19697) Eden regions: 231->0(231)
[2023-11-10T11:20:54.805-0800][74858437ms] GC(19697) Survivor regions: 1->1(29)
[2023-11-10T11:20:54.805-0800][74858437ms] GC(19697) Old regions: 1382->1382
[2023-11-10T11:20:54.805-0800][74858437ms] GC(19697) Humongous regions: 5->5
[2023-11-10T11:20:54.805-0800][74858437ms] GC(19697) Metaspace: 304541K->304541K(1347584K)
[2023-11-10T11:20:54.805-0800][74858437ms] GC(19697) Pause Young (Normal) (G1 Evacuation Pause) 3236M->2774M(3602M) 5.995ms
[2023-11-10T11:20:54.805-0800][74858437ms] GC(19697) User=0.00s Sys=0.00s Real=0.01s
[2023-11-10T11:20:55.352-0800][74858984ms] GC(19698) Pause Young (Normal) (G1 Evacuation Pause)
[2023-11-10T11:20:55.352-0800][74858984ms] GC(19698) Using 10 workers of 10 for evacuation
[2023-11-10T11:20:55.358-0800][74858990ms] GC(19698)   Pre Evacuate Collection Set: 0.0ms
[2023-11-10T11:20:55.358-0800][74858990ms] GC(19698)   Evacuate Collection Set: 1.8ms
[2023-11-10T11:20:55.358-0800][74858990ms] GC(19698)   Post Evacuate Collection Set: 3.4ms
[2023-11-10T11:20:55.358-0800][74858990ms] GC(19698)   Other: 0.3ms
[2023-11-10T11:20:55.358-0800][74858990ms] GC(19698) Eden regions: 231->0(231)
[2023-11-10T11:20:55.358-0800][74858990ms] GC(19698) Survivor regions: 1->1(29)
[2023-11-10T11:20:55.358-0800][74858990ms] GC(19698) Old regions: 1382->1382
[2023-11-10T11:20:55.358-0800][74858990ms] GC(19698) Humongous regions: 5->5
[2023-11-10T11:20:55.358-0800][74858990ms] GC(19698) Metaspace: 304541K->304541K(1347584K)
[2023-11-10T11:20:55.358-0800][74858990ms] GC(19698) Pause Young (Normal) (G1 Evacuation Pause) 3236M->2774M(3602M) 5.567ms
[2023-11-10T11:20:55.358-0800][74858990ms] GC(19698) User=0.00s Sys=0.00s Real=0.01s
[2023-11-10T11:20:55.918-0800][74859550ms] GC(19699) Pause Young (Normal) (G1 Evacuation Pause)
[2023-11-10T11:20:55.918-0800][74859550ms] GC(19699) Using 10 workers of 10 for evacuation
[2023-11-10T11:20:55.924-0800][74859556ms] GC(19699)   Pre Evacuate Collection Set: 0.1ms
[2023-11-10T11:20:55.924-0800][74859556ms] GC(19699)   Evacuate Collection Set: 1.7ms
[2023-11-10T11:20:55.924-0800][74859556ms] GC(19699)   Post Evacuate Collection Set: 3.3ms
[2023-11-10T11:20:55.924-0800][74859556ms] GC(19699)   Other: 0.8ms
[2023-11-10T11:20:55.924-0800][74859556ms] GC(19699) Eden regions: 231->0(231)
[2023-11-10T11:20:55.924-0800][74859556ms] GC(19699) Survivor regions: 1->1(29)
[2023-11-10T11:20:55.924-0800][74859556ms] GC(19699) Old regions: 1382->1382
[2023-11-10T11:20:55.924-0800][74859556ms] GC(19699) Humongous regions: 5->5
[2023-11-10T11:20:55.924-0800][74859556ms] GC(19699) Metaspace: 304541K->304541K(1347584K)
[2023-11-10T11:20:55.924-0800][74859556ms] GC(19699) Pause Young (Normal) (G1 Evacuation Pause) 3236M->2774M(3602M) 6.086ms
[2023-11-10T11:20:55.924-0800][74859556ms] GC(19699) User=0.00s Sys=0.00s Real=0.01s
[2023-11-10T11:20:56.447-0800][74860079ms] GC(19700) Pause Young (Normal) (G1 Evacuation Pause)
[2023-11-10T11:20:56.447-0800][74860079ms] GC(19700) Using 10 workers of 10 for evacuation
[2023-11-10T11:20:56.453-0800][74860085ms] GC(19700)   Pre Evacuate Collection Set: 0.0ms
[2023-11-10T11:20:56.453-0800][74860085ms] GC(19700)   Evacuate Collection Set: 2.0ms
[2023-11-10T11:20:56.453-0800][74860085ms] GC(19700)   Post Evacuate Collection Set: 3.0ms
[2023-11-10T11:20:56.453-0800][74860085ms] GC(19700)   Other: 0.3ms
[2023-11-10T11:20:56.453-0800][74860085ms] GC(19700) Eden regions: 231->0(231)
[2023-11-10T11:20:56.453-0800][74860085ms] GC(19700) Survivor regions: 1->1(29)
[2023-11-10T11:20:56.453-0800][74860085ms] GC(19700) Old regions: 1382->1382
[2023-11-10T11:20:56.453-0800][74860085ms] GC(19700) Humongous regions: 5->5
[2023-11-10T11:20:56.453-0800][74860085ms] GC(19700) Metaspace: 304541K->304541K(1347584K)
[2023-11-10T11:20:56.453-0800][74860085ms] GC(19700) Pause Young (Normal) (G1 Evacuation Pause) 3236M->2774M(3602M) 5.417ms
[2023-11-10T11:20:56.453-0800][74860085ms] GC(19700) User=0.00s Sys=0.00s Real=0.01s
[2023-11-10T11:20:57.039-0800][74860671ms] GC(19701) Pause Young (Normal) (G1 Evacuation Pause)
[2023-11-10T11:20:57.039-0800][74860671ms] GC(19701) Using 10 workers of 10 for evacuation
[2023-11-10T11:20:57.045-0800][74860677ms] GC(19701)   Pre Evacuate Collection Set: 0.0ms
[2023-11-10T11:20:57.045-0800][74860677ms] GC(19701)   Evacuate Collection Set: 1.7ms
[2023-11-10T11:20:57.045-0800][74860677ms] GC(19701)   Post Evacuate Collection Set: 3.1ms
[2023-11-10T11:20:57.045-0800][74860677ms] GC(19701)   Other: 0.3ms
[2023-11-10T11:20:57.045-0800][74860677ms] GC(19701) Eden regions: 231->0(231)
[2023-11-10T11:20:57.045-0800][74860677ms] GC(19701) Survivor regions: 1->1(29)
[2023-11-10T11:20:57.045-0800][74860677ms] GC(19701) Old regions: 1382->1382
[2023-11-10T11:20:57.045-0800][74860677ms] GC(19701) Humongous regions: 5->5
[2023-11-10T11:20:57.045-0800][74860677ms] GC(19701) Metaspace: 304541K->304541K(1347584K)
[2023-11-10T11:20:57.045-0800][74860677ms] GC(19701) Pause Young (Normal) (G1 Evacuation Pause) 3236M->2774M(3602M) 5.335ms
[2023-11-10T11:20:57.045-0800][74860677ms] GC(19701) User=0.00s Sys=0.00s Real=0.01s
[2023-11-10T11:20:57.592-0800][74861224ms] GC(19702) Pause Young (Normal) (G1 Evacuation Pause)
[2023-11-10T11:20:57.592-0800][74861224ms] GC(19702) Using 10 workers of 10 for evacuation
[2023-11-10T11:20:57.598-0800][74861230ms] GC(19702)   Pre Evacuate Collection Set: 0.0ms
[2023-11-10T11:20:57.598-0800][74861230ms] GC(19702)   Evacuate Collection Set: 2.1ms
[2023-11-10T11:20:57.598-0800][74861230ms] GC(19702)   Post Evacuate Collection Set: 3.7ms
[2023-11-10T11:20:57.598-0800][74861230ms] GC(19702)   Other: 0.3ms
[2023-11-10T11:20:57.598-0800][74861230ms] GC(19702) Eden regions: 231->0(231)
[2023-11-10T11:20:57.598-0800][74861230ms] GC(19702) Survivor regions: 1->1(29)
[2023-11-10T11:20:57.598-0800][74861230ms] GC(19702) Old regions: 1382->1382
[2023-11-10T11:20:57.598-0800][74861230ms] GC(19702) Humongous regions: 5->5
[2023-11-10T11:20:57.599-0800][74861231ms] GC(19702) Metaspace: 304541K->304541K(1347584K)
[2023-11-10T11:20:57.599-0800][74861231ms] GC(19702) Pause Young (Normal) (G1 Evacuation Pause) 3236M->2774M(3602M) 6.192ms
[2023-11-10T11:20:57.599-0800][74861231ms] GC(19702) User=0.00s Sys=0.00s Real=0.01s
[2023-11-10T11:20:58.227-0800][74861859ms] GC(19703) Pause Young (Normal) (G1 Evacuation Pause)
[2023-11-10T11:20:58.227-0800][74861859ms] GC(19703) Using 10 workers of 10 for evacuation
[2023-11-10T11:20:58.233-0800][74861865ms] GC(19703)   Pre Evacuate Collection Set: 0.0ms
[2023-11-10T11:20:58.233-0800][74861865ms] GC(19703)   Evacuate Collection Set: 1.9ms
[2023-11-10T11:20:58.233-0800][74861865ms] GC(19703)   Post Evacuate Collection Set: 4.0ms
[2023-11-10T11:20:58.233-0800][74861865ms] GC(19703)   Other: 0.3ms
[2023-11-10T11:20:58.233-0800][74861865ms] GC(19703) Eden regions: 231->0(231)
[2023-11-10T11:20:58.233-0800][74861865ms] GC(19703) Survivor regions: 1->1(29)
[2023-11-10T11:20:58.233-0800][74861865ms] GC(19703) Old regions: 1382->1382
[2023-11-10T11:20:58.233-0800][74861865ms] GC(19703) Humongous regions: 5->5
[2023-11-10T11:20:58.233-0800][74861865ms] GC(19703) Metaspace: 304541K->304541K(1347584K)
[2023-11-10T11:20:58.233-0800][74861865ms] GC(19703) Pause Young (Normal) (G1 Evacuation Pause) 3236M->2774M(3602M) 6.278ms
[2023-11-10T11:20:58.233-0800][74861865ms] GC(19703) User=0.00s Sys=0.00s Real=0.01s
[2023-11-10T11:20:58.806-0800][74862438ms] GC(19704) Pause Young (Normal) (G1 Evacuation Pause)
[2023-11-10T11:20:58.806-0800][74862438ms] GC(19704) Using 10 workers of 10 for evacuation
[2023-11-10T11:20:58.813-0800][74862445ms] GC(19704)   Pre Evacuate Collection Set: 0.0ms
[2023-11-10T11:20:58.813-0800][74862445ms] GC(19704)   Evacuate Collection Set: 2.3ms
[2023-11-10T11:20:58.813-0800][74862445ms] GC(19704)   Post Evacuate Collection Set: 4.2ms
[2023-11-10T11:20:58.813-0800][74862445ms] GC(19704)   Other: 0.3ms
[2023-11-10T11:20:58.813-0800][74862445ms] GC(19704) Eden regions: 231->0(231)
[2023-11-10T11:20:58.813-0800][74862445ms] GC(19704) Survivor regions: 1->1(29)
[2023-11-10T11:20:58.813-0800][74862445ms] GC(19704) Old regions: 1382->1382
[2023-11-10T11:20:58.813-0800][74862445ms] GC(19704) Humongous regions: 5->5
[2023-11-10T11:20:58.813-0800][74862445ms] GC(19704) Metaspace: 304541K->304541K(1347584K)
[2023-11-10T11:20:58.813-0800][74862445ms] GC(19704) Pause Young (Normal) (G1 Evacuation Pause) 3236M->2774M(3602M) 6.990ms
[2023-11-10T11:20:58.813-0800][74862445ms] GC(19704) User=0.00s Sys=0.00s Real=0.01s
[2023-11-10T11:20:59.416-0800][74863048ms] GC(19705) Pause Young (Normal) (G1 Evacuation Pause)
[2023-11-10T11:20:59.416-0800][74863048ms] GC(19705) Using 10 workers of 10 for evacuation
[2023-11-10T11:20:59.422-0800][74863054ms] GC(19705)   Pre Evacuate Collection Set: 0.1ms
[2023-11-10T11:20:59.422-0800][74863054ms] GC(19705)   Evacuate Collection Set: 2.6ms
[2023-11-10T11:20:59.422-0800][74863054ms] GC(19705)   Post Evacuate Collection Set: 3.3ms
[2023-11-10T11:20:59.422-0800][74863054ms] GC(19705)   Other: 0.4ms
[2023-11-10T11:20:59.422-0800][74863054ms] GC(19705) Eden regions: 231->0(230)
[2023-11-10T11:20:59.422-0800][74863054ms] GC(19705) Survivor regions: 1->1(29)
[2023-11-10T11:20:59.422-0800][74863054ms] GC(19705) Old regions: 1382->1383
[2023-11-10T11:20:59.422-0800][74863054ms] GC(19705) Humongous regions: 5->5
[2023-11-10T11:20:59.422-0800][74863054ms] GC(19705) Metaspace: 304541K->304541K(1347584K)
[2023-11-10T11:20:59.422-0800][74863054ms] GC(19705) Pause Young (Normal) (G1 Evacuation Pause) 3236M->2774M(3602M) 6.412ms
[2023-11-10T11:20:59.422-0800][74863054ms] GC(19705) User=0.00s Sys=0.00s Real=0.01s
[2023-11-10T11:20:59.967-0800][74863599ms] GC(19706) Pause Young (Normal) (G1 Evacuation Pause)
[2023-11-10T11:20:59.967-0800][74863599ms] GC(19706) Using 10 workers of 10 for evacuation
[2023-11-10T11:20:59.973-0800][74863605ms] GC(19706)   Pre Evacuate Collection Set: 0.0ms
[2023-11-10T11:20:59.973-0800][74863605ms] GC(19706)   Evacuate Collection Set: 1.7ms
[2023-11-10T11:20:59.973-0800][74863605ms] GC(19706)   Post Evacuate Collection Set: 3.7ms
[2023-11-10T11:20:59.973-0800][74863605ms] GC(19706)   Other: 0.3ms
[2023-11-10T11:20:59.973-0800][74863605ms] GC(19706) Eden regions: 230->0(230)
[2023-11-10T11:20:59.973-0800][74863605ms] GC(19706) Survivor regions: 1->1(29)
[2023-11-10T11:20:59.973-0800][74863605ms] GC(19706) Old regions: 1383->1383
[2023-11-10T11:20:59.973-0800][74863605ms] GC(19706) Humongous regions: 5->5
[2023-11-10T11:20:59.973-0800][74863605ms] GC(19706) Metaspace: 304541K->304541K(1347584K)
[2023-11-10T11:20:59.973-0800][74863605ms] GC(19706) Pause Young (Normal) (G1 Evacuation Pause) 3234M->2774M(3602M) 5.907ms
[2023-11-10T11:20:59.973-0800][74863605ms] GC(19706) User=0.00s Sys=0.00s Real=0.01s
[2023-11-10T11:21:00.537-0800][74864169ms] GC(19707) Pause Young (Normal) (G1 Evacuation Pause)
[2023-11-10T11:21:00.537-0800][74864169ms] GC(19707) Using 10 workers of 10 for evacuation
[2023-11-10T11:21:00.544-0800][74864176ms] GC(19707)   Pre Evacuate Collection Set: 0.1ms
[2023-11-10T11:21:00.544-0800][74864176ms] GC(19707)   Evacuate Collection Set: 2.6ms
[2023-11-10T11:21:00.544-0800][74864176ms] GC(19707)   Post Evacuate Collection Set: 4.1ms
[2023-11-10T11:21:00.544-0800][74864176ms] GC(19707)   Other: 0.4ms
[2023-11-10T11:21:00.544-0800][74864176ms] GC(19707) Eden regions: 230->0(230)
[2023-11-10T11:21:00.544-0800][74864176ms] GC(19707) Survivor regions: 1->1(29)
[2023-11-10T11:21:00.545-0800][74864177ms] GC(19707) Old regions: 1383->1383
[2023-11-10T11:21:00.545-0800][74864177ms] GC(19707) Humongous regions: 5->5
[2023-11-10T11:21:00.545-0800][74864177ms] GC(19707) Metaspace: 304541K->304541K(1347584K)
[2023-11-10T11:21:00.545-0800][74864177ms] GC(19707) Pause Young (Normal) (G1 Evacuation Pause) 3234M->2774M(3602M) 7.314ms
[2023-11-10T11:21:00.545-0800][74864177ms] GC(19707) User=0.05s Sys=0.00s Real=0.01s
[2023-11-10T11:21:01.095-0800][74864727ms] GC(19708) Pause Young (Normal) (G1 Evacuation Pause)
[2023-11-10T11:21:01.095-0800][74864727ms] GC(19708) Using 10 workers of 10 for evacuation
[2023-11-10T11:21:01.100-0800][74864732ms] GC(19708)   Pre Evacuate Collection Set: 0.0ms
[2023-11-10T11:21:01.100-0800][74864732ms] GC(19708)   Evacuate Collection Set: 1.8ms
[2023-11-10T11:21:01.100-0800][74864732ms] GC(19708)   Post Evacuate Collection Set: 4.0ms
[2023-11-10T11:21:01.100-0800][74864732ms] GC(19708)   Other: 0.3ms
[2023-11-10T11:21:01.100-0800][74864732ms] GC(19708) Eden regions: 230->0(230)
[2023-11-10T11:21:01.100-0800][74864732ms] GC(19708) Survivor regions: 1->1(29)
[2023-11-10T11:21:01.100-0800][74864732ms] GC(19708) Old regions: 1383->1383
[2023-11-10T11:21:01.100-0800][74864732ms] GC(19708) Humongous regions: 5->5
[2023-11-10T11:21:01.100-0800][74864732ms] GC(19708) Metaspace: 304541K->304541K(1347584K)
[2023-11-10T11:21:01.100-0800][74864732ms] GC(19708) Pause Young (Normal) (G1 Evacuation Pause) 3234M->2774M(3602M) 6.200ms
[2023-11-10T11:21:01.100-0800][74864732ms] GC(19708) User=0.00s Sys=0.00s Real=0.00s
[2023-11-10T11:21:01.651-0800][74865283ms] GC(19709) Pause Young (Normal) (G1 Evacuation Pause)
[2023-11-10T11:21:01.651-0800][74865283ms] GC(19709) Using 10 workers of 10 for evacuation
[2023-11-10T11:21:01.658-0800][74865290ms] GC(19709)   Pre Evacuate Collection Set: 0.1ms
[2023-11-10T11:21:01.658-0800][74865290ms] GC(19709)   Evacuate Collection Set: 2.1ms
[2023-11-10T11:21:01.658-0800][74865290ms] GC(19709)   Post Evacuate Collection Set: 4.0ms
[2023-11-10T11:21:01.658-0800][74865290ms] GC(19709)   Other: 0.4ms
[2023-11-10T11:21:01.658-0800][74865290ms] GC(19709) Eden regions: 230->0(230)
[2023-11-10T11:21:01.658-0800][74865290ms] GC(19709) Survivor regions: 1->1(29)
[2023-11-10T11:21:01.658-0800][74865290ms] GC(19709) Old regions: 1383->1383
[2023-11-10T11:21:01.658-0800][74865290ms] GC(19709) Humongous regions: 5->5
[2023-11-10T11:21:01.658-0800][74865290ms] GC(19709) Metaspace: 304541K->304541K(1347584K)
[2023-11-10T11:21:01.658-0800][74865290ms] GC(19709) Pause Young (Normal) (G1 Evacuation Pause) 3234M->2774M(3602M) 6.698ms
[2023-11-10T11:21:01.658-0800][74865290ms] GC(19709) User=0.00s Sys=0.00s Real=0.01s
[2023-11-10T11:21:02.268-0800][74865900ms] GC(19710) Pause Young (Normal) (G1 Evacuation Pause)
[2023-11-10T11:21:02.268-0800][74865900ms] GC(19710) Using 10 workers of 10 for evacuation
[2023-11-10T11:21:02.274-0800][74865906ms] GC(19710)   Pre Evacuate Collection Set: 0.0ms
[2023-11-10T11:21:02.274-0800][74865906ms] GC(19710)   Evacuate Collection Set: 2.0ms
[2023-11-10T11:21:02.274-0800][74865906ms] GC(19710)   Post Evacuate Collection Set: 4.0ms
[2023-11-10T11:21:02.274-0800][74865906ms] GC(19710)   Other: 0.3ms
[2023-11-10T11:21:02.274-0800][74865906ms] GC(19710) Eden regions: 230->0(230)
[2023-11-10T11:21:02.274-0800][74865906ms] GC(19710) Survivor regions: 1->1(29)
[2023-11-10T11:21:02.274-0800][74865906ms] GC(19710) Old regions: 1383->1383
[2023-11-10T11:21:02.274-0800][74865906ms] GC(19710) Humongous regions: 5->5
[2023-11-10T11:21:02.274-0800][74865906ms] GC(19710) Metaspace: 304541K->304541K(1347584K)
[2023-11-10T11:21:02.274-0800][74865906ms] GC(19710) Pause Young (Normal) (G1 Evacuation Pause) 3234M->2774M(3602M) 6.478ms
[2023-11-10T11:21:02.274-0800][74865906ms] GC(19710) User=0.00s Sys=0.00s Real=0.01s
[2023-11-10T11:21:02.784-0800][74866416ms] GC(19711) Pause Young (Normal) (G1 Evacuation Pause)
[2023-11-10T11:21:02.784-0800][74866416ms] GC(19711) Using 10 workers of 10 for evacuation
[2023-11-10T11:21:02.791-0800][74866423ms] GC(19711)   Pre Evacuate Collection Set: 0.1ms
[2023-11-10T11:21:02.792-0800][74866424ms] GC(19711)   Evacuate Collection Set: 2.3ms
[2023-11-10T11:21:02.792-0800][74866424ms] GC(19711)   Post Evacuate Collection Set: 3.5ms
[2023-11-10T11:21:02.792-0800][74866424ms] GC(19711)   Other: 0.4ms
[2023-11-10T11:21:02.792-0800][74866424ms] GC(19711) Eden regions: 230->0(230)
[2023-11-10T11:21:02.792-0800][74866424ms] GC(19711) Survivor regions: 1->1(29)
[2023-11-10T11:21:02.792-0800][74866424ms] GC(19711) Old regions: 1383->1383
[2023-11-10T11:21:02.792-0800][74866424ms] GC(19711) Humongous regions: 5->5
[2023-11-10T11:21:02.792-0800][74866424ms] GC(19711) Metaspace: 304541K->304541K(1347584K)
[2023-11-10T11:21:02.792-0800][74866424ms] GC(19711) Pause Young (Normal) (G1 Evacuation Pause) 3234M->2774M(3602M) 6.408ms
[2023-11-10T11:21:02.792-0800][74866424ms] GC(19711) User=0.02s Sys=0.00s Real=0.01s
[2023-11-10T11:21:03.431-0800][74867063ms] GC(19712) Pause Young (Normal) (G1 Evacuation Pause)
[2023-11-10T11:21:03.432-0800][74867064ms] GC(19712) Using 10 workers of 10 for evacuation
[2023-11-10T11:21:03.441-0800][74867073ms] GC(19712)   Pre Evacuate Collection Set: 0.1ms
[2023-11-10T11:21:03.441-0800][74867073ms] GC(19712)   Evacuate Collection Set: 2.8ms
[2023-11-10T11:21:03.441-0800][74867073ms] GC(19712)   Post Evacuate Collection Set: 5.7ms
[2023-11-10T11:21:03.441-0800][74867073ms] GC(19712)   Other: 0.5ms
[2023-11-10T11:21:03.441-0800][74867073ms] GC(19712) Eden regions: 230->0(230)
[2023-11-10T11:21:03.441-0800][74867073ms] GC(19712) Survivor regions: 1->1(29)
[2023-11-10T11:21:03.441-0800][74867073ms] GC(19712) Old regions: 1383->1383
[2023-11-10T11:21:03.441-0800][74867073ms] GC(19712) Humongous regions: 5->5
[2023-11-10T11:21:03.441-0800][74867073ms] GC(19712) Metaspace: 304541K->304541K(1347584K)
[2023-11-10T11:21:03.441-0800][74867073ms] GC(19712) Pause Young (Normal) (G1 Evacuation Pause) 3234M->2774M(3602M) 9.106ms
[2023-11-10T11:21:03.441-0800][74867073ms] GC(19712) User=0.00s Sys=0.00s Real=0.01s
[2023-11-10T11:21:04.184-0800][74867816ms] GC(19713) Pause Young (Normal) (G1 Evacuation Pause)
[2023-11-10T11:21:04.184-0800][74867816ms] GC(19713) Using 10 workers of 10 for evacuation
[2023-11-10T11:21:04.191-0800][74867823ms] GC(19713)   Pre Evacuate Collection Set: 0.1ms
[2023-11-10T11:21:04.191-0800][74867823ms] GC(19713)   Evacuate Collection Set: 1.8ms
[2023-11-10T11:21:04.191-0800][74867823ms] GC(19713)   Post Evacuate Collection Set: 3.8ms
[2023-11-10T11:21:04.191-0800][74867823ms] GC(19713)   Other: 0.3ms
[2023-11-10T11:21:04.191-0800][74867823ms] GC(19713) Eden regions: 230->0(230)
[2023-11-10T11:21:04.191-0800][74867823ms] GC(19713) Survivor regions: 1->1(29)
[2023-11-10T11:21:04.191-0800][74867823ms] GC(19713) Old regions: 1383->1383
[2023-11-10T11:21:04.191-0800][74867823ms] GC(19713) Humongous regions: 5->5
[2023-11-10T11:21:04.191-0800][74867823ms] GC(19713) Metaspace: 304541K->304541K(1347584K)
[2023-11-10T11:21:04.191-0800][74867823ms] GC(19713) Pause Young (Normal) (G1 Evacuation Pause) 3234M->2774M(3602M) 6.122ms
[2023-11-10T11:21:04.191-0800][74867823ms] GC(19713) User=0.00s Sys=0.00s Real=0.01s
[2023-11-10T11:21:04.734-0800][74868366ms] GC(19714) Pause Young (Normal) (G1 Evacuation Pause)
[2023-11-10T11:21:04.734-0800][74868366ms] GC(19714) Using 10 workers of 10 for evacuation
[2023-11-10T11:21:04.740-0800][74868372ms] GC(19714)   Pre Evacuate Collection Set: 0.0ms
[2023-11-10T11:21:04.740-0800][74868372ms] GC(19714)   Evacuate Collection Set: 1.7ms
[2023-11-10T11:21:04.740-0800][74868372ms] GC(19714)   Post Evacuate Collection Set: 3.2ms
[2023-11-10T11:21:04.740-0800][74868372ms] GC(19714)   Other: 0.3ms
[2023-11-10T11:21:04.740-0800][74868372ms] GC(19714) Eden regions: 230->0(230)
[2023-11-10T11:21:04.740-0800][74868372ms] GC(19714) Survivor regions: 1->1(29)
[2023-11-10T11:21:04.740-0800][74868372ms] GC(19714) Old regions: 1383->1383
[2023-11-10T11:21:04.740-0800][74868372ms] GC(19714) Humongous regions: 5->5
[2023-11-10T11:21:04.740-0800][74868372ms] GC(19714) Metaspace: 304541K->304541K(1347584K)
[2023-11-10T11:21:04.740-0800][74868372ms] GC(19714) Pause Young (Normal) (G1 Evacuation Pause) 3234M->2774M(3602M) 5.246ms
[2023-11-10T11:21:04.741-0800][74868373ms] GC(19714) User=0.00s Sys=0.00s Real=0.01s
[2023-11-10T11:21:05.292-0800][74868924ms] GC(19715) Pause Young (Normal) (G1 Evacuation Pause)
[2023-11-10T11:21:05.293-0800][74868925ms] GC(19715) Using 10 workers of 10 for evacuation
[2023-11-10T11:21:05.298-0800][74868930ms] GC(19715)   Pre Evacuate Collection Set: 0.0ms
[2023-11-10T11:21:05.298-0800][74868930ms] GC(19715)   Evacuate Collection Set: 1.8ms
[2023-11-10T11:21:05.298-0800][74868930ms] GC(19715)   Post Evacuate Collection Set: 3.4ms
[2023-11-10T11:21:05.298-0800][74868930ms] GC(19715)   Other: 0.3ms
[2023-11-10T11:21:05.298-0800][74868930ms] GC(19715) Eden regions: 230->0(230)
[2023-11-10T11:21:05.298-0800][74868930ms] GC(19715) Survivor regions: 1->1(29)
[2023-11-10T11:21:05.298-0800][74868930ms] GC(19715) Old regions: 1383->1383
[2023-11-10T11:21:05.298-0800][74868930ms] GC(19715) Humongous regions: 5->5
[2023-11-10T11:21:05.298-0800][74868930ms] GC(19715) Metaspace: 304541K->304541K(1347584K)
[2023-11-10T11:21:05.298-0800][74868930ms] GC(19715) Pause Young (Normal) (G1 Evacuation Pause) 3234M->2775M(3602M) 5.541ms
[2023-11-10T11:21:05.298-0800][74868930ms] GC(19715) User=0.00s Sys=0.00s Real=0.01s
[2023-11-10T11:21:05.857-0800][74869489ms] GC(19716) Pause Young (Normal) (G1 Evacuation Pause)
[2023-11-10T11:21:05.857-0800][74869489ms] GC(19716) Using 10 workers of 10 for evacuation
[2023-11-10T11:21:05.862-0800][74869494ms] GC(19716)   Pre Evacuate Collection Set: 0.0ms
[2023-11-10T11:21:05.862-0800][74869494ms] GC(19716)   Evacuate Collection Set: 1.9ms
[2023-11-10T11:21:05.862-0800][74869494ms] GC(19716)   Post Evacuate Collection Set: 3.2ms
[2023-11-10T11:21:05.862-0800][74869494ms] GC(19716)   Other: 0.3ms
[2023-11-10T11:21:05.862-0800][74869494ms] GC(19716) Eden regions: 230->0(230)
[2023-11-10T11:21:05.862-0800][74869494ms] GC(19716) Survivor regions: 1->1(29)
[2023-11-10T11:21:05.862-0800][74869494ms] GC(19716) Old regions: 1383->1383
[2023-11-10T11:21:05.862-0800][74869494ms] GC(19716) Humongous regions: 5->5
[2023-11-10T11:21:05.862-0800][74869494ms] GC(19716) Metaspace: 304541K->304541K(1347584K)
[2023-11-10T11:21:05.862-0800][74869494ms] GC(19716) Pause Young (Normal) (G1 Evacuation Pause) 3235M->2775M(3602M) 5.468ms
[2023-11-10T11:21:05.862-0800][74869494ms] GC(19716) User=0.00s Sys=0.00s Real=0.00s
[2023-11-10T11:21:06.434-0800][74870066ms] GC(19717) Pause Young (Normal) (G1 Evacuation Pause)
[2023-11-10T11:21:06.434-0800][74870066ms] GC(19717) Using 10 workers of 10 for evacuation
[2023-11-10T11:21:06.439-0800][74870071ms] GC(19717)   Pre Evacuate Collection Set: 0.0ms
[2023-11-10T11:21:06.439-0800][74870071ms] GC(19717)   Evacuate Collection Set: 1.7ms
[2023-11-10T11:21:06.439-0800][74870071ms] GC(19717)   Post Evacuate Collection Set: 3.2ms
[2023-11-10T11:21:06.439-0800][74870071ms] GC(19717)   Other: 0.3ms
[2023-11-10T11:21:06.439-0800][74870071ms] GC(19717) Eden regions: 230->0(230)
[2023-11-10T11:21:06.439-0800][74870071ms] GC(19717) Survivor regions: 1->1(29)
[2023-11-10T11:21:06.439-0800][74870071ms] GC(19717) Old regions: 1383->1383
[2023-11-10T11:21:06.439-0800][74870071ms] GC(19717) Humongous regions: 5->5
[2023-11-10T11:21:06.439-0800][74870071ms] GC(19717) Metaspace: 304541K->304541K(1347584K)
[2023-11-10T11:21:06.439-0800][74870071ms] GC(19717) Pause Young (Normal) (G1 Evacuation Pause) 3235M->2775M(3602M) 5.289ms
[2023-11-10T11:21:06.439-0800][74870071ms] GC(19717) User=0.00s Sys=0.00s Real=0.00s
[2023-11-10T11:21:06.948-0800][74870580ms] GC(19718) Pause Young (Normal) (G1 Evacuation Pause)
[2023-11-10T11:21:06.948-0800][74870580ms] GC(19718) Using 10 workers of 10 for evacuation
[2023-11-10T11:21:06.954-0800][74870586ms] GC(19718)   Pre Evacuate Collection Set: 0.0ms
[2023-11-10T11:21:06.954-0800][74870586ms] GC(19718)   Evacuate Collection Set: 1.7ms
[2023-11-10T11:21:06.954-0800][74870586ms] GC(19718)   Post Evacuate Collection Set: 3.2ms
[2023-11-10T11:21:06.954-0800][74870586ms] GC(19718)   Other: 0.2ms
[2023-11-10T11:21:06.954-0800][74870586ms] GC(19718) Eden regions: 230->0(229)
[2023-11-10T11:21:06.954-0800][74870586ms] GC(19718) Survivor regions: 1->1(29)
[2023-11-10T11:21:06.954-0800][74870586ms] GC(19718) Old regions: 1383->1383
[2023-11-10T11:21:06.954-0800][74870586ms] GC(19718) Humongous regions: 5->5
[2023-11-10T11:21:06.954-0800][74870586ms] GC(19718) Metaspace: 304541K->304541K(1347584K)
[2023-11-10T11:21:06.954-0800][74870586ms] GC(19718) Pause Young (Normal) (G1 Evacuation Pause) 3235M->2775M(3602M) 5.215ms
[2023-11-10T11:21:06.954-0800][74870586ms] GC(19718) User=0.00s Sys=0.00s Real=0.01s
[2023-11-10T11:21:07.549-0800][74871181ms] GC(19719) Pause Young (Normal) (G1 Evacuation Pause)
[2023-11-10T11:21:07.549-0800][74871181ms] GC(19719) Using 10 workers of 10 for evacuation
[2023-11-10T11:21:07.554-0800][74871186ms] GC(19719)   Pre Evacuate Collection Set: 0.0ms
[2023-11-10T11:21:07.554-0800][74871186ms] GC(19719)   Evacuate Collection Set: 1.7ms
[2023-11-10T11:21:07.554-0800][74871186ms] GC(19719)   Post Evacuate Collection Set: 3.1ms
[2023-11-10T11:21:07.554-0800][74871186ms] GC(19719)   Other: 0.2ms
[2023-11-10T11:21:07.554-0800][74871186ms] GC(19719) Eden regions: 229->0(229)
[2023-11-10T11:21:07.554-0800][74871186ms] GC(19719) Survivor regions: 1->1(29)
[2023-11-10T11:21:07.554-0800][74871186ms] GC(19719) Old regions: 1383->1383
[2023-11-10T11:21:07.554-0800][74871186ms] GC(19719) Humongous regions: 5->5
[2023-11-10T11:21:07.554-0800][74871186ms] GC(19719) Metaspace: 304541K->304541K(1347584K)
[2023-11-10T11:21:07.554-0800][74871186ms] GC(19719) Pause Young (Normal) (G1 Evacuation Pause) 3233M->2775M(3602M) 5.135ms
[2023-11-10T11:21:07.554-0800][74871186ms] GC(19719) User=0.02s Sys=0.00s Real=0.00s
[2023-11-10T11:21:08.079-0800][74871711ms] GC(19720) Pause Young (Normal) (G1 Evacuation Pause)
[2023-11-10T11:21:08.079-0800][74871711ms] GC(19720) Using 10 workers of 10 for evacuation
[2023-11-10T11:21:08.085-0800][74871717ms] GC(19720)   Pre Evacuate Collection Set: 0.1ms
[2023-11-10T11:21:08.085-0800][74871717ms] GC(19720)   Evacuate Collection Set: 2.2ms
[2023-11-10T11:21:08.085-0800][74871717ms] GC(19720)   Post Evacuate Collection Set: 3.7ms
[2023-11-10T11:21:08.085-0800][74871717ms] GC(19720)   Other: 0.3ms
[2023-11-10T11:21:08.085-0800][74871717ms] GC(19720) Eden regions: 229->0(229)
[2023-11-10T11:21:08.086-0800][74871718ms] GC(19720) Survivor regions: 1->1(29)
[2023-11-10T11:21:08.086-0800][74871718ms] GC(19720) Old regions: 1383->1383
[2023-11-10T11:21:08.086-0800][74871718ms] GC(19720) Humongous regions: 5->5
[2023-11-10T11:21:08.086-0800][74871718ms] GC(19720) Metaspace: 304541K->304541K(1347584K)
[2023-11-10T11:21:08.086-0800][74871718ms] GC(19720) Pause Young (Normal) (G1 Evacuation Pause) 3233M->2775M(3602M) 6.519ms
[2023-11-10T11:21:08.086-0800][74871718ms] GC(19720) User=0.02s Sys=0.00s Real=0.01s
[2023-11-10T11:21:08.698-0800][74872330ms] GC(19721) Pause Young (Normal) (G1 Evacuation Pause)
[2023-11-10T11:21:08.698-0800][74872330ms] GC(19721) Using 10 workers of 10 for evacuation
[2023-11-10T11:21:08.704-0800][74872336ms] GC(19721)   Pre Evacuate Collection Set: 0.0ms
[2023-11-10T11:21:08.704-0800][74872336ms] GC(19721)   Evacuate Collection Set: 1.8ms
[2023-11-10T11:21:08.704-0800][74872336ms] GC(19721)   Post Evacuate Collection Set: 3.3ms
[2023-11-10T11:21:08.704-0800][74872336ms] GC(19721)   Other: 0.3ms
[2023-11-10T11:21:08.704-0800][74872336ms] GC(19721) Eden regions: 229->0(229)
[2023-11-10T11:21:08.704-0800][74872336ms] GC(19721) Survivor regions: 1->1(29)
[2023-11-10T11:21:08.704-0800][74872336ms] GC(19721) Old regions: 1383->1383
[2023-11-10T11:21:08.704-0800][74872336ms] GC(19721) Humongous regions: 5->5
[2023-11-10T11:21:08.704-0800][74872336ms] GC(19721) Metaspace: 304541K->304541K(1347584K)
[2023-11-10T11:21:08.704-0800][74872336ms] GC(19721) Pause Young (Normal) (G1 Evacuation Pause) 3233M->2775M(3602M) 5.484ms
[2023-11-10T11:21:08.704-0800][74872336ms] GC(19721) User=0.00s Sys=0.00s Real=0.01s
[2023-11-10T11:21:09.264-0800][74872896ms] GC(19722) Pause Young (Normal) (G1 Evacuation Pause)
[2023-11-10T11:21:09.264-0800][74872896ms] GC(19722) Using 10 workers of 10 for evacuation
[2023-11-10T11:21:09.269-0800][74872901ms] GC(19722)   Pre Evacuate Collection Set: 0.0ms
[2023-11-10T11:21:09.269-0800][74872901ms] GC(19722)   Evacuate Collection Set: 1.7ms
[2023-11-10T11:21:09.269-0800][74872901ms] GC(19722)   Post Evacuate Collection Set: 3.5ms
[2023-11-10T11:21:09.269-0800][74872901ms] GC(19722)   Other: 0.3ms
[2023-11-10T11:21:09.269-0800][74872901ms] GC(19722) Eden regions: 229->0(229)
[2023-11-10T11:21:09.269-0800][74872901ms] GC(19722) Survivor regions: 1->1(29)
[2023-11-10T11:21:09.269-0800][74872901ms] GC(19722) Old regions: 1383->1383
[2023-11-10T11:21:09.269-0800][74872901ms] GC(19722) Humongous regions: 5->5
[2023-11-10T11:21:09.269-0800][74872901ms] GC(19722) Metaspace: 304541K->304541K(1347584K)
[2023-11-10T11:21:09.269-0800][74872901ms] GC(19722) Pause Young (Normal) (G1 Evacuation Pause) 3233M->2775M(3602M) 5.629ms
[2023-11-10T11:21:09.270-0800][74872902ms] GC(19722) User=0.00s Sys=0.00s Real=0.01s
[2023-11-10T11:21:09.825-0800][74873457ms] GC(19723) Pause Young (Normal) (G1 Evacuation Pause)
[2023-11-10T11:21:09.825-0800][74873457ms] GC(19723) Using 10 workers of 10 for evacuation
[2023-11-10T11:21:09.831-0800][74873463ms] GC(19723)   Pre Evacuate Collection Set: 0.0ms
[2023-11-10T11:21:09.831-0800][74873463ms] GC(19723)   Evacuate Collection Set: 1.8ms
[2023-11-10T11:21:09.831-0800][74873463ms] GC(19723)   Post Evacuate Collection Set: 3.5ms
[2023-11-10T11:21:09.831-0800][74873463ms] GC(19723)   Other: 0.3ms
[2023-11-10T11:21:09.831-0800][74873463ms] GC(19723) Eden regions: 229->0(229)
[2023-11-10T11:21:09.831-0800][74873463ms] GC(19723) Survivor regions: 1->1(29)
[2023-11-10T11:21:09.831-0800][74873463ms] GC(19723) Old regions: 1383->1383
[2023-11-10T11:21:09.831-0800][74873463ms] GC(19723) Humongous regions: 5->5
[2023-11-10T11:21:09.831-0800][74873463ms] GC(19723) Metaspace: 304541K->304541K(1347584K)
[2023-11-10T11:21:09.831-0800][74873463ms] GC(19723) Pause Young (Normal) (G1 Evacuation Pause) 3233M->2775M(3602M) 5.756ms
[2023-11-10T11:21:09.831-0800][74873463ms] GC(19723) User=0.00s Sys=0.00s Real=0.01s
[2023-11-10T11:21:10.455-0800][74874087ms] GC(19724) Pause Young (Normal) (G1 Evacuation Pause)
[2023-11-10T11:21:10.455-0800][74874087ms] GC(19724) Using 10 workers of 10 for evacuation
[2023-11-10T11:21:10.461-0800][74874093ms] GC(19724)   Pre Evacuate Collection Set: 0.0ms
[2023-11-10T11:21:10.461-0800][74874093ms] GC(19724)   Evacuate Collection Set: 1.7ms
[2023-11-10T11:21:10.461-0800][74874093ms] GC(19724)   Post Evacuate Collection Set: 3.2ms
[2023-11-10T11:21:10.461-0800][74874093ms] GC(19724)   Other: 0.3ms
[2023-11-10T11:21:10.461-0800][74874093ms] GC(19724) Eden regions: 229->0(229)
[2023-11-10T11:21:10.461-0800][74874093ms] GC(19724) Survivor regions: 1->1(29)
[2023-11-10T11:21:10.461-0800][74874093ms] GC(19724) Old regions: 1383->1383
[2023-11-10T11:21:10.461-0800][74874093ms] GC(19724) Humongous regions: 5->5
[2023-11-10T11:21:10.461-0800][74874093ms] GC(19724) Metaspace: 304545K->304545K(1347584K)
[2023-11-10T11:21:10.461-0800][74874093ms] GC(19724) Pause Young (Normal) (G1 Evacuation Pause) 3233M->2775M(3602M) 5.358ms
[2023-11-10T11:21:10.461-0800][74874093ms] GC(19724) User=0.00s Sys=0.00s Real=0.01s
[2023-11-10T11:21:11.118-0800][74874750ms] GC(19725) Pause Young (Normal) (G1 Evacuation Pause)
[2023-11-10T11:21:11.118-0800][74874750ms] GC(19725) Using 10 workers of 10 for evacuation
[2023-11-10T11:21:11.125-0800][74874757ms] GC(19725)   Pre Evacuate Collection Set: 0.0ms
[2023-11-10T11:21:11.125-0800][74874757ms] GC(19725)   Evacuate Collection Set: 2.6ms
[2023-11-10T11:21:11.125-0800][74874757ms] GC(19725)   Post Evacuate Collection Set: 3.5ms
[2023-11-10T11:21:11.125-0800][74874757ms] GC(19725)   Other: 0.3ms
[2023-11-10T11:21:11.125-0800][74874757ms] GC(19725) Eden regions: 229->0(229)
[2023-11-10T11:21:11.125-0800][74874757ms] GC(19725) Survivor regions: 1->1(29)
[2023-11-10T11:21:11.125-0800][74874757ms] GC(19725) Old regions: 1383->1383
[2023-11-10T11:21:11.125-0800][74874757ms] GC(19725) Humongous regions: 5->5
[2023-11-10T11:21:11.125-0800][74874757ms] GC(19725) Metaspace: 304545K->304545K(1347584K)
[2023-11-10T11:21:11.125-0800][74874757ms] GC(19725) Pause Young (Normal) (G1 Evacuation Pause) 3233M->2775M(3602M) 6.452ms
[2023-11-10T11:21:11.125-0800][74874757ms] GC(19725) User=0.00s Sys=0.00s Real=0.01s
[2023-11-10T11:21:11.666-0800][74875298ms] GC(19726) Pause Young (Normal) (G1 Evacuation Pause)
[2023-11-10T11:21:11.666-0800][74875298ms] GC(19726) Using 10 workers of 10 for evacuation
[2023-11-10T11:21:11.673-0800][74875305ms] GC(19726)   Pre Evacuate Collection Set: 0.0ms
[2023-11-10T11:21:11.673-0800][74875305ms] GC(19726)   Evacuate Collection Set: 2.0ms
[2023-11-10T11:21:11.673-0800][74875305ms] GC(19726)   Post Evacuate Collection Set: 4.6ms
[2023-11-10T11:21:11.673-0800][74875305ms] GC(19726)   Other: 0.3ms
[2023-11-10T11:21:11.673-0800][74875305ms] GC(19726) Eden regions: 229->0(229)
[2023-11-10T11:21:11.673-0800][74875305ms] GC(19726) Survivor regions: 1->1(29)
[2023-11-10T11:21:11.673-0800][74875305ms] GC(19726) Old regions: 1383->1383
[2023-11-10T11:21:11.673-0800][74875305ms] GC(19726) Humongous regions: 5->5
[2023-11-10T11:21:11.673-0800][74875305ms] GC(19726) Metaspace: 304545K->304545K(1347584K)
[2023-11-10T11:21:11.673-0800][74875305ms] GC(19726) Pause Young (Normal) (G1 Evacuation Pause) 3233M->2775M(3602M) 7.043ms
[2023-11-10T11:21:11.673-0800][74875305ms] GC(19726) User=0.00s Sys=0.00s Real=0.01s
[2023-11-10T11:21:12.310-0800][74875942ms] GC(19727) Pause Young (Normal) (G1 Evacuation Pause)
[2023-11-10T11:21:12.310-0800][74875942ms] GC(19727) Using 10 workers of 10 for evacuation
[2023-11-10T11:21:12.317-0800][74875949ms] GC(19727)   Pre Evacuate Collection Set: 0.1ms
[2023-11-10T11:21:12.317-0800][74875949ms] GC(19727)   Evacuate Collection Set: 2.2ms
[2023-11-10T11:21:12.317-0800][74875949ms] GC(19727)   Post Evacuate Collection Set: 4.6ms
[2023-11-10T11:21:12.317-0800][74875949ms] GC(19727)   Other: 0.4ms
[2023-11-10T11:21:12.317-0800][74875949ms] GC(19727) Eden regions: 229->0(229)
[2023-11-10T11:21:12.317-0800][74875949ms] GC(19727) Survivor regions: 1->1(29)
[2023-11-10T11:21:12.317-0800][74875949ms] GC(19727) Old regions: 1383->1383
[2023-11-10T11:21:12.317-0800][74875949ms] GC(19727) Humongous regions: 5->5
[2023-11-10T11:21:12.317-0800][74875949ms] GC(19727) Metaspace: 304545K->304545K(1347584K)
[2023-11-10T11:21:12.317-0800][74875949ms] GC(19727) Pause Young (Normal) (G1 Evacuation Pause) 3233M->2776M(3602M) 7.470ms
[2023-11-10T11:21:12.317-0800][74875949ms] GC(19727) User=0.00s Sys=0.00s Real=0.01s
[2023-11-10T11:21:12.894-0800][74876526ms] GC(19728) Pause Young (Normal) (G1 Evacuation Pause)
[2023-11-10T11:21:12.894-0800][74876526ms] GC(19728) Using 10 workers of 10 for evacuation
[2023-11-10T11:21:12.901-0800][74876533ms] GC(19728)   Pre Evacuate Collection Set: 0.1ms
[2023-11-10T11:21:12.901-0800][74876533ms] GC(19728)   Evacuate Collection Set: 2.6ms
[2023-11-10T11:21:12.901-0800][74876533ms] GC(19728)   Post Evacuate Collection Set: 4.1ms
[2023-11-10T11:21:12.901-0800][74876533ms] GC(19728)   Other: 0.4ms
[2023-11-10T11:21:12.901-0800][74876533ms] GC(19728) Eden regions: 229->0(229)
[2023-11-10T11:21:12.901-0800][74876533ms] GC(19728) Survivor regions: 1->1(29)
[2023-11-10T11:21:12.901-0800][74876533ms] GC(19728) Old regions: 1383->1383
[2023-11-10T11:21:12.901-0800][74876533ms] GC(19728) Humongous regions: 5->5
[2023-11-10T11:21:12.901-0800][74876533ms] GC(19728) Metaspace: 304545K->304545K(1347584K)
[2023-11-10T11:21:12.901-0800][74876533ms] GC(19728) Pause Young (Normal) (G1 Evacuation Pause) 3234M->2775M(3602M) 7.242ms
[2023-11-10T11:21:12.901-0800][74876533ms] GC(19728) User=0.02s Sys=0.00s Real=0.01s
[2023-11-10T11:21:13.512-0800][74877144ms] GC(19729) Pause Young (Normal) (G1 Evacuation Pause)
[2023-11-10T11:21:13.512-0800][74877144ms] GC(19729) Using 10 workers of 10 for evacuation
[2023-11-10T11:21:13.523-0800][74877155ms] GC(19729)   Pre Evacuate Collection Set: 0.1ms
[2023-11-10T11:21:13.523-0800][74877155ms] GC(19729)   Evacuate Collection Set: 6.8ms
[2023-11-10T11:21:13.523-0800][74877155ms] GC(19729)   Post Evacuate Collection Set: 3.6ms
[2023-11-10T11:21:13.523-0800][74877155ms] GC(19729)   Other: 0.4ms
[2023-11-10T11:21:13.523-0800][74877155ms] GC(19729) Eden regions: 229->0(229)
[2023-11-10T11:21:13.523-0800][74877155ms] GC(19729) Survivor regions: 1->1(29)
[2023-11-10T11:21:13.523-0800][74877155ms] GC(19729) Old regions: 1383->1383
[2023-11-10T11:21:13.523-0800][74877155ms] GC(19729) Humongous regions: 5->5
[2023-11-10T11:21:13.523-0800][74877155ms] GC(19729) Metaspace: 304545K->304545K(1347584K)
[2023-11-10T11:21:13.523-0800][74877155ms] GC(19729) Pause Young (Normal) (G1 Evacuation Pause) 3233M->2775M(3602M) 11.012ms
[2023-11-10T11:21:13.523-0800][74877155ms] GC(19729) User=0.00s Sys=0.00s Real=0.01s
[2023-11-10T11:21:14.103-0800][74877735ms] GC(19730) Pause Young (Normal) (G1 Evacuation Pause)
[2023-11-10T11:21:14.103-0800][74877735ms] GC(19730) Using 10 workers of 10 for evacuation
[2023-11-10T11:21:14.108-0800][74877740ms] GC(19730)   Pre Evacuate Collection Set: 0.0ms
[2023-11-10T11:21:14.108-0800][74877740ms] GC(19730)   Evacuate Collection Set: 1.8ms
[2023-11-10T11:21:14.108-0800][74877740ms] GC(19730)   Post Evacuate Collection Set: 3.5ms
[2023-11-10T11:21:14.108-0800][74877740ms] GC(19730)   Other: 0.3ms
[2023-11-10T11:21:14.108-0800][74877740ms] GC(19730) Eden regions: 229->0(229)
[2023-11-10T11:21:14.108-0800][74877740ms] GC(19730) Survivor regions: 1->1(29)
[2023-11-10T11:21:14.108-0800][74877740ms] GC(19730) Old regions: 1383->1383
[2023-11-10T11:21:14.108-0800][74877740ms] GC(19730) Humongous regions: 5->5
[2023-11-10T11:21:14.108-0800][74877740ms] GC(19730) Metaspace: 304545K->304545K(1347584K)
[2023-11-10T11:21:14.108-0800][74877740ms] GC(19730) Pause Young (Normal) (G1 Evacuation Pause) 3233M->2775M(3602M) 5.717ms
[2023-11-10T11:21:14.108-0800][74877740ms] GC(19730) User=0.00s Sys=0.00s Real=0.01s
[2023-11-10T11:21:14.696-0800][74878328ms] GC(19731) Pause Young (Normal) (G1 Evacuation Pause)
[2023-11-10T11:21:14.696-0800][74878328ms] GC(19731) Using 10 workers of 10 for evacuation
[2023-11-10T11:21:14.701-0800][74878333ms] GC(19731)   Pre Evacuate Collection Set: 0.0ms
[2023-11-10T11:21:14.701-0800][74878333ms] GC(19731)   Evacuate Collection Set: 1.7ms
[2023-11-10T11:21:14.701-0800][74878333ms] GC(19731)   Post Evacuate Collection Set: 3.4ms
[2023-11-10T11:21:14.701-0800][74878333ms] GC(19731)   Other: 0.3ms
[2023-11-10T11:21:14.701-0800][74878333ms] GC(19731) Eden regions: 229->0(229)
[2023-11-10T11:21:14.701-0800][74878333ms] GC(19731) Survivor regions: 1->1(29)
[2023-11-10T11:21:14.701-0800][74878333ms] GC(19731) Old regions: 1383->1383
[2023-11-10T11:21:14.701-0800][74878333ms] GC(19731) Humongous regions: 5->5
[2023-11-10T11:21:14.701-0800][74878333ms] GC(19731) Metaspace: 304545K->304545K(1347584K)
[2023-11-10T11:21:14.701-0800][74878333ms] GC(19731) Pause Young (Normal) (G1 Evacuation Pause) 3233M->2775M(3602M) 5.675ms
[2023-11-10T11:21:14.701-0800][74878333ms] GC(19731) User=0.00s Sys=0.00s Real=0.00s
[2023-11-10T11:21:15.287-0800][74878919ms] GC(19732) Pause Young (Normal) (G1 Evacuation Pause)
[2023-11-10T11:21:15.287-0800][74878919ms] GC(19732) Using 10 workers of 10 for evacuation
[2023-11-10T11:21:15.292-0800][74878924ms] GC(19732)   Pre Evacuate Collection Set: 0.0ms
[2023-11-10T11:21:15.292-0800][74878924ms] GC(19732)   Evacuate Collection Set: 1.6ms
[2023-11-10T11:21:15.292-0800][74878924ms] GC(19732)   Post Evacuate Collection Set: 3.1ms
[2023-11-10T11:21:15.292-0800][74878924ms] GC(19732)   Other: 0.3ms
[2023-11-10T11:21:15.292-0800][74878924ms] GC(19732) Eden regions: 229->0(229)
[2023-11-10T11:21:15.292-0800][74878924ms] GC(19732) Survivor regions: 1->1(29)
[2023-11-10T11:21:15.292-0800][74878924ms] GC(19732) Old regions: 1383->1383
[2023-11-10T11:21:15.292-0800][74878924ms] GC(19732) Humongous regions: 5->5
[2023-11-10T11:21:15.292-0800][74878924ms] GC(19732) Metaspace: 304545K->304545K(1347584K)
[2023-11-10T11:21:15.292-0800][74878924ms] GC(19732) Pause Young (Normal) (G1 Evacuation Pause) 3233M->2775M(3602M) 5.168ms
[2023-11-10T11:21:15.292-0800][74878924ms] GC(19732) User=0.03s Sys=0.00s Real=0.01s
[2023-11-10T11:21:15.774-0800][74879406ms] GC(19733) Pause Young (Normal) (G1 Evacuation Pause)
[2023-11-10T11:21:15.774-0800][74879406ms] GC(19733) Using 10 workers of 10 for evacuation
[2023-11-10T11:21:15.778-0800][74879410ms] GC(19733)   Pre Evacuate Collection Set: 0.0ms
[2023-11-10T11:21:15.779-0800][74879411ms] GC(19733)   Evacuate Collection Set: 1.6ms
[2023-11-10T11:21:15.779-0800][74879411ms] GC(19733)   Post Evacuate Collection Set: 3.2ms
[2023-11-10T11:21:15.779-0800][74879411ms] GC(19733)   Other: 0.4ms
[2023-11-10T11:21:15.779-0800][74879411ms] GC(19733) Eden regions: 229->0(229)
[2023-11-10T11:21:15.779-0800][74879411ms] GC(19733) Survivor regions: 1->1(29)
[2023-11-10T11:21:15.779-0800][74879411ms] GC(19733) Old regions: 1383->1383
[2023-11-10T11:21:15.779-0800][74879411ms] GC(19733) Humongous regions: 5->5
[2023-11-10T11:21:15.779-0800][74879411ms] GC(19733) Metaspace: 304545K->304545K(1347584K)
[2023-11-10T11:21:15.779-0800][74879411ms] GC(19733) Pause Young (Normal) (G1 Evacuation Pause) 3233M->2775M(3602M) 5.322ms
[2023-11-10T11:21:15.779-0800][74879411ms] GC(19733) User=0.00s Sys=0.00s Real=0.01s
[2023-11-10T11:21:16.343-0800][74879975ms] GC(19734) Pause Young (Normal) (G1 Evacuation Pause)
[2023-11-10T11:21:16.343-0800][74879975ms] GC(19734) Using 10 workers of 10 for evacuation
[2023-11-10T11:21:16.354-0800][74879986ms] GC(19734)   Pre Evacuate Collection Set: 0.1ms
[2023-11-10T11:21:16.354-0800][74879986ms] GC(19734)   Evacuate Collection Set: 6.7ms
[2023-11-10T11:21:16.354-0800][74879986ms] GC(19734)   Post Evacuate Collection Set: 3.6ms
[2023-11-10T11:21:16.354-0800][74879986ms] GC(19734)   Other: 0.3ms
[2023-11-10T11:21:16.354-0800][74879986ms] GC(19734) Eden regions: 229->0(229)
[2023-11-10T11:21:16.354-0800][74879986ms] GC(19734) Survivor regions: 1->1(29)
[2023-11-10T11:21:16.354-0800][74879986ms] GC(19734) Old regions: 1383->1383
[2023-11-10T11:21:16.354-0800][74879986ms] GC(19734) Humongous regions: 5->5
[2023-11-10T11:21:16.354-0800][74879986ms] GC(19734) Metaspace: 304545K->304545K(1347584K)
[2023-11-10T11:21:16.354-0800][74879986ms] GC(19734) Pause Young (Normal) (G1 Evacuation Pause) 3233M->2775M(3602M) 10.916ms
[2023-11-10T11:21:16.354-0800][74879986ms] GC(19734) User=0.00s Sys=0.00s Real=0.01s
[2023-11-10T11:21:16.895-0800][74880527ms] GC(19735) Pause Young (Normal) (G1 Evacuation Pause)
[2023-11-10T11:21:16.895-0800][74880527ms] GC(19735) Using 10 workers of 10 for evacuation
[2023-11-10T11:21:16.901-0800][74880533ms] GC(19735)   Pre Evacuate Collection Set: 0.0ms
[2023-11-10T11:21:16.901-0800][74880533ms] GC(19735)   Evacuate Collection Set: 1.7ms
[2023-11-10T11:21:16.901-0800][74880533ms] GC(19735)   Post Evacuate Collection Set: 3.3ms
[2023-11-10T11:21:16.901-0800][74880533ms] GC(19735)   Other: 0.3ms
[2023-11-10T11:21:16.901-0800][74880533ms] GC(19735) Eden regions: 229->0(229)
[2023-11-10T11:21:16.901-0800][74880533ms] GC(19735) Survivor regions: 1->1(29)
[2023-11-10T11:21:16.901-0800][74880533ms] GC(19735) Old regions: 1383->1383
[2023-11-10T11:21:16.901-0800][74880533ms] GC(19735) Humongous regions: 5->5
[2023-11-10T11:21:16.901-0800][74880533ms] GC(19735) Metaspace: 304545K->304545K(1347584K)
[2023-11-10T11:21:16.901-0800][74880533ms] GC(19735) Pause Young (Normal) (G1 Evacuation Pause) 3233M->2775M(3602M) 5.457ms
[2023-11-10T11:21:16.901-0800][74880533ms] GC(19735) User=0.06s Sys=0.00s Real=0.01s
[2023-11-10T11:21:17.477-0800][74881109ms] GC(19736) Pause Young (Normal) (GCLocker Initiated GC)
[2023-11-10T11:21:17.477-0800][74881109ms] GC(19736) Using 10 workers of 10 for evacuation
[2023-11-10T11:21:17.483-0800][74881115ms] GC(19736)   Pre Evacuate Collection Set: 0.0ms
[2023-11-10T11:21:17.483-0800][74881115ms] GC(19736)   Evacuate Collection Set: 1.7ms
[2023-11-10T11:21:17.483-0800][74881115ms] GC(19736)   Post Evacuate Collection Set: 3.9ms
[2023-11-10T11:21:17.483-0800][74881115ms] GC(19736)   Other: 0.3ms
[2023-11-10T11:21:17.483-0800][74881115ms] GC(19736) Eden regions: 230->0(229)
[2023-11-10T11:21:17.483-0800][74881115ms] GC(19736) Survivor regions: 1->1(29)
[2023-11-10T11:21:17.483-0800][74881115ms] GC(19736) Old regions: 1383->1383
[2023-11-10T11:21:17.483-0800][74881115ms] GC(19736) Humongous regions: 5->5
[2023-11-10T11:21:17.483-0800][74881115ms] GC(19736) Metaspace: 304545K->304545K(1347584K)
[2023-11-10T11:21:17.483-0800][74881115ms] GC(19736) Pause Young (Normal) (GCLocker Initiated GC) 3233M->2775M(3602M) 6.047ms
[2023-11-10T11:21:17.483-0800][74881115ms] GC(19736) User=0.00s Sys=0.00s Real=0.01s
[2023-11-10T11:21:17.983-0800][74881615ms] GC(19737) Pause Young (Normal) (GCLocker Initiated GC)
[2023-11-10T11:21:17.983-0800][74881615ms] GC(19737) Using 10 workers of 10 for evacuation
[2023-11-10T11:21:17.989-0800][74881621ms] GC(19737)   Pre Evacuate Collection Set: 0.0ms
[2023-11-10T11:21:17.990-0800][74881622ms] GC(19737)   Evacuate Collection Set: 1.7ms
[2023-11-10T11:21:17.990-0800][74881622ms] GC(19737)   Post Evacuate Collection Set: 3.4ms
[2023-11-10T11:21:17.990-0800][74881622ms] GC(19737)   Other: 0.3ms
[2023-11-10T11:21:17.990-0800][74881622ms] GC(19737) Eden regions: 230->0(229)
[2023-11-10T11:21:17.990-0800][74881622ms] GC(19737) Survivor regions: 1->1(29)
[2023-11-10T11:21:17.990-0800][74881622ms] GC(19737) Old regions: 1383->1383
[2023-11-10T11:21:17.990-0800][74881622ms] GC(19737) Humongous regions: 5->5
[2023-11-10T11:21:17.990-0800][74881622ms] GC(19737) Metaspace: 304545K->304545K(1347584K)
[2023-11-10T11:21:17.990-0800][74881622ms] GC(19737) Pause Young (Normal) (GCLocker Initiated GC) 3234M->2775M(3602M) 5.612ms
[2023-11-10T11:21:17.990-0800][74881622ms] GC(19737) User=0.00s Sys=0.00s Real=0.01s
[2023-11-10T11:21:18.528-0800][74882160ms] GC(19738) Pause Young (Normal) (GCLocker Initiated GC)
[2023-11-10T11:21:18.528-0800][74882160ms] GC(19738) Using 10 workers of 10 for evacuation
[2023-11-10T11:21:18.533-0800][74882165ms] GC(19738)   Pre Evacuate Collection Set: 0.0ms
[2023-11-10T11:21:18.533-0800][74882165ms] GC(19738)   Evacuate Collection Set: 1.9ms
[2023-11-10T11:21:18.533-0800][74882165ms] GC(19738)   Post Evacuate Collection Set: 3.2ms
[2023-11-10T11:21:18.533-0800][74882165ms] GC(19738)   Other: 0.3ms
[2023-11-10T11:21:18.533-0800][74882165ms] GC(19738) Eden regions: 229->0(229)
[2023-11-10T11:21:18.533-0800][74882165ms] GC(19738) Survivor regions: 1->1(29)
[2023-11-10T11:21:18.533-0800][74882165ms] GC(19738) Old regions: 1383->1383
[2023-11-10T11:21:18.533-0800][74882165ms] GC(19738) Humongous regions: 5->5
[2023-11-10T11:21:18.533-0800][74882165ms] GC(19738) Metaspace: 304545K->304545K(1347584K)
[2023-11-10T11:21:18.533-0800][74882165ms] GC(19738) Pause Young (Normal) (GCLocker Initiated GC) 3233M->2775M(3602M) 5.567ms
[2023-11-10T11:21:18.533-0800][74882165ms] GC(19738) User=0.00s Sys=0.00s Real=0.00s
[2023-11-10T11:21:19.050-0800][74882682ms] GC(19739) Pause Young (Normal) (GCLocker Initiated GC)
[2023-11-10T11:21:19.050-0800][74882682ms] GC(19739) Using 10 workers of 10 for evacuation
[2023-11-10T11:21:19.055-0800][74882687ms] GC(19739)   Pre Evacuate Collection Set: 0.0ms
[2023-11-10T11:21:19.055-0800][74882687ms] GC(19739)   Evacuate Collection Set: 1.9ms
[2023-11-10T11:21:19.055-0800][74882687ms] GC(19739)   Post Evacuate Collection Set: 3.2ms
[2023-11-10T11:21:19.055-0800][74882687ms] GC(19739)   Other: 0.3ms
[2023-11-10T11:21:19.055-0800][74882687ms] GC(19739) Eden regions: 229->0(229)
[2023-11-10T11:21:19.055-0800][74882687ms] GC(19739) Survivor regions: 1->1(29)
[2023-11-10T11:21:19.055-0800][74882687ms] GC(19739) Old regions: 1383->1383
[2023-11-10T11:21:19.055-0800][74882687ms] GC(19739) Humongous regions: 5->5
[2023-11-10T11:21:19.055-0800][74882687ms] GC(19739) Metaspace: 304545K->304545K(1347584K)
[2023-11-10T11:21:19.055-0800][74882687ms] GC(19739) Pause Young (Normal) (GCLocker Initiated GC) 3233M->2775M(3602M) 5.425ms
[2023-11-10T11:21:19.055-0800][74882687ms] GC(19739) User=0.00s Sys=0.00s Real=0.01s
[2023-11-10T11:21:19.550-0800][74883182ms] GC(19740) Pause Young (Normal) (GCLocker Initiated GC)
[2023-11-10T11:21:19.550-0800][74883182ms] GC(19740) Using 10 workers of 10 for evacuation
[2023-11-10T11:21:19.556-0800][74883188ms] GC(19740)   Pre Evacuate Collection Set: 0.0ms
[2023-11-10T11:21:19.556-0800][74883188ms] GC(19740)   Evacuate Collection Set: 2.2ms
[2023-11-10T11:21:19.556-0800][74883188ms] GC(19740)   Post Evacuate Collection Set: 4.3ms
[2023-11-10T11:21:19.556-0800][74883188ms] GC(19740)   Other: 0.3ms
[2023-11-10T11:21:19.556-0800][74883188ms] GC(19740) Eden regions: 230->0(229)
[2023-11-10T11:21:19.556-0800][74883188ms] GC(19740) Survivor regions: 1->1(29)
[2023-11-10T11:21:19.556-0800][74883188ms] GC(19740) Old regions: 1383->1383
[2023-11-10T11:21:19.556-0800][74883188ms] GC(19740) Humongous regions: 5->5
[2023-11-10T11:21:19.556-0800][74883188ms] GC(19740) Metaspace: 304545K->304545K(1347584K)
[2023-11-10T11:21:19.556-0800][74883188ms] GC(19740) Pause Young (Normal) (GCLocker Initiated GC) 3233M->2775M(3602M) 6.904ms
[2023-11-10T11:21:19.556-0800][74883188ms] GC(19740) User=0.02s Sys=0.00s Real=0.01s
[2023-11-10T11:21:20.162-0800][74883794ms] GC(19741) Pause Young (Normal) (G1 Evacuation Pause)
[2023-11-10T11:21:20.162-0800][74883794ms] GC(19741) Using 10 workers of 10 for evacuation
[2023-11-10T11:21:20.167-0800][74883799ms] GC(19741)   Pre Evacuate Collection Set: 0.0ms
[2023-11-10T11:21:20.169-0800][74883801ms] GC(19741)   Evacuate Collection Set: 1.7ms
[2023-11-10T11:21:20.169-0800][74883801ms] GC(19741)   Post Evacuate Collection Set: 4.5ms
[2023-11-10T11:21:20.169-0800][74883801ms] GC(19741)   Other: 0.3ms
[2023-11-10T11:21:20.169-0800][74883801ms] GC(19741) Eden regions: 229->0(229)
[2023-11-10T11:21:20.169-0800][74883801ms] GC(19741) Survivor regions: 1->1(29)
[2023-11-10T11:21:20.169-0800][74883801ms] GC(19741) Old regions: 1383->1383
[2023-11-10T11:21:20.169-0800][74883801ms] GC(19741) Humongous regions: 5->5
[2023-11-10T11:21:20.169-0800][74883801ms] GC(19741) Metaspace: 304545K->304545K(1347584K)
[2023-11-10T11:21:20.169-0800][74883801ms] GC(19741) Pause Young (Normal) (G1 Evacuation Pause) 3233M->2775M(3602M) 6.702ms
[2023-11-10T11:21:20.169-0800][74883801ms] GC(19741) User=0.14s Sys=0.00s Real=0.01s
[2023-11-10T11:21:20.728-0800][74884360ms] GC(19742) Pause Young (Normal) (G1 Evacuation Pause)
[2023-11-10T11:21:20.729-0800][74884361ms] GC(19742) Using 10 workers of 10 for evacuation
[2023-11-10T11:21:20.734-0800][74884366ms] GC(19742)   Pre Evacuate Collection Set: 0.1ms
[2023-11-10T11:21:20.735-0800][74884367ms] GC(19742)   Evacuate Collection Set: 2.0ms
[2023-11-10T11:21:20.735-0800][74884367ms] GC(19742)   Post Evacuate Collection Set: 3.9ms
[2023-11-10T11:21:20.735-0800][74884367ms] GC(19742)   Other: 0.3ms
[2023-11-10T11:21:20.735-0800][74884367ms] GC(19742) Eden regions: 229->0(230)
[2023-11-10T11:21:20.735-0800][74884367ms] GC(19742) Survivor regions: 1->1(29)
[2023-11-10T11:21:20.735-0800][74884367ms] GC(19742) Old regions: 1383->1383
[2023-11-10T11:21:20.735-0800][74884367ms] GC(19742) Humongous regions: 5->5
[2023-11-10T11:21:20.735-0800][74884367ms] GC(19742) Metaspace: 304545K->304545K(1347584K)
[2023-11-10T11:21:20.735-0800][74884367ms] GC(19742) Pause Young (Normal) (G1 Evacuation Pause) 3233M->2775M(3602M) 6.407ms
[2023-11-10T11:21:20.735-0800][74884367ms] GC(19742) User=0.00s Sys=0.00s Real=0.01s
[2023-11-10T11:21:21.303-0800][74884935ms] GC(19743) Pause Young (Normal) (G1 Evacuation Pause)
[2023-11-10T11:21:21.303-0800][74884935ms] GC(19743) Using 10 workers of 10 for evacuation
[2023-11-10T11:21:21.310-0800][74884942ms] GC(19743)   Pre Evacuate Collection Set: 0.1ms
[2023-11-10T11:21:21.310-0800][74884942ms] GC(19743)   Evacuate Collection Set: 2.3ms
[2023-11-10T11:21:21.310-0800][74884942ms] GC(19743)   Post Evacuate Collection Set: 3.5ms
[2023-11-10T11:21:21.310-0800][74884942ms] GC(19743)   Other: 0.4ms
[2023-11-10T11:21:21.310-0800][74884942ms] GC(19743) Eden regions: 230->0(230)
[2023-11-10T11:21:21.310-0800][74884942ms] GC(19743) Survivor regions: 1->1(29)
[2023-11-10T11:21:21.310-0800][74884942ms] GC(19743) Old regions: 1383->1383
[2023-11-10T11:21:21.310-0800][74884942ms] GC(19743) Humongous regions: 5->5
[2023-11-10T11:21:21.310-0800][74884942ms] GC(19743) Metaspace: 304545K->304545K(1347584K)
[2023-11-10T11:21:21.310-0800][74884942ms] GC(19743) Pause Young (Normal) (G1 Evacuation Pause) 3235M->2775M(3602M) 6.425ms
[2023-11-10T11:21:21.310-0800][74884942ms] GC(19743) User=0.00s Sys=0.00s Real=0.01s
[2023-11-10T11:21:21.822-0800][74885454ms] GC(19744) Pause Young (Normal) (G1 Evacuation Pause)
[2023-11-10T11:21:21.822-0800][74885454ms] GC(19744) Using 10 workers of 10 for evacuation
[2023-11-10T11:21:21.828-0800][74885460ms] GC(19744)   Pre Evacuate Collection Set: 0.1ms
[2023-11-10T11:21:21.828-0800][74885460ms] GC(19744)   Evacuate Collection Set: 2.0ms
[2023-11-10T11:21:21.828-0800][74885460ms] GC(19744)   Post Evacuate Collection Set: 3.4ms
[2023-11-10T11:21:21.828-0800][74885460ms] GC(19744)   Other: 0.3ms
[2023-11-10T11:21:21.828-0800][74885460ms] GC(19744) Eden regions: 230->0(230)
[2023-11-10T11:21:21.828-0800][74885460ms] GC(19744) Survivor regions: 1->1(29)
[2023-11-10T11:21:21.828-0800][74885460ms] GC(19744) Old regions: 1383->1383
[2023-11-10T11:21:21.828-0800][74885460ms] GC(19744) Humongous regions: 5->5
[2023-11-10T11:21:21.828-0800][74885460ms] GC(19744) Metaspace: 304545K->304545K(1347584K)
[2023-11-10T11:21:21.828-0800][74885460ms] GC(19744) Pause Young (Normal) (G1 Evacuation Pause) 3235M->2775M(3602M) 5.866ms
[2023-11-10T11:21:21.828-0800][74885460ms] GC(19744) User=0.00s Sys=0.00s Real=0.01s
[2023-11-10T11:21:22.422-0800][74886054ms] GC(19745) Pause Young (Normal) (G1 Evacuation Pause)
[2023-11-10T11:21:22.423-0800][74886055ms] GC(19745) Using 10 workers of 10 for evacuation
[2023-11-10T11:21:22.429-0800][74886061ms] GC(19745)   Pre Evacuate Collection Set: 0.1ms
[2023-11-10T11:21:22.429-0800][74886061ms] GC(19745)   Evacuate Collection Set: 1.8ms
[2023-11-10T11:21:22.429-0800][74886061ms] GC(19745)   Post Evacuate Collection Set: 3.9ms
[2023-11-10T11:21:22.429-0800][74886061ms] GC(19745)   Other: 0.3ms
[2023-11-10T11:21:22.429-0800][74886061ms] GC(19745) Eden regions: 230->0(230)
[2023-11-10T11:21:22.429-0800][74886061ms] GC(19745) Survivor regions: 1->1(29)
[2023-11-10T11:21:22.429-0800][74886061ms] GC(19745) Old regions: 1383->1383
[2023-11-10T11:21:22.429-0800][74886061ms] GC(19745) Humongous regions: 5->5
[2023-11-10T11:21:22.429-0800][74886061ms] GC(19745) Metaspace: 304545K->304545K(1347584K)
[2023-11-10T11:21:22.429-0800][74886061ms] GC(19745) Pause Young (Normal) (G1 Evacuation Pause) 3235M->2775M(3602M) 6.200ms
[2023-11-10T11:21:22.429-0800][74886061ms] GC(19745) User=0.02s Sys=0.00s Real=0.01s
[2023-11-10T11:21:23.015-0800][74886647ms] GC(19746) Pause Young (Normal) (G1 Evacuation Pause)
[2023-11-10T11:21:23.015-0800][74886647ms] GC(19746) Using 10 workers of 10 for evacuation
[2023-11-10T11:21:23.019-0800][74886651ms] GC(19746)   Pre Evacuate Collection Set: 0.0ms
[2023-11-10T11:21:23.019-0800][74886651ms] GC(19746)   Evacuate Collection Set: 1.7ms
[2023-11-10T11:21:23.019-0800][74886651ms] GC(19746)   Post Evacuate Collection Set: 3.1ms
[2023-11-10T11:21:23.019-0800][74886651ms] GC(19746)   Other: 0.3ms
[2023-11-10T11:21:23.019-0800][74886651ms] GC(19746) Eden regions: 230->0(230)
[2023-11-10T11:21:23.019-0800][74886652ms] GC(19746) Survivor regions: 1->1(29)
[2023-11-10T11:21:23.020-0800][74886652ms] GC(19746) Old regions: 1383->1383
[2023-11-10T11:21:23.020-0800][74886652ms] GC(19746) Humongous regions: 5->5
[2023-11-10T11:21:23.020-0800][74886652ms] GC(19746) Metaspace: 304545K->304545K(1347584K)
[2023-11-10T11:21:23.020-0800][74886652ms] GC(19746) Pause Young (Normal) (G1 Evacuation Pause) 3235M->2775M(3602M) 5.168ms
[2023-11-10T11:21:23.020-0800][74886652ms] GC(19746) User=0.00s Sys=0.00s Real=0.00s
[2023-11-10T11:21:23.535-0800][74887167ms] GC(19747) Pause Young (Normal) (G1 Evacuation Pause)
[2023-11-10T11:21:23.535-0800][74887167ms] GC(19747) Using 10 workers of 10 for evacuation
[2023-11-10T11:21:23.542-0800][74887174ms] GC(19747)   Pre Evacuate Collection Set: 0.1ms
[2023-11-10T11:21:23.542-0800][74887174ms] GC(19747)   Evacuate Collection Set: 2.5ms
[2023-11-10T11:21:23.542-0800][74887174ms] GC(19747)   Post Evacuate Collection Set: 3.9ms
[2023-11-10T11:21:23.542-0800][74887174ms] GC(19747)   Other: 0.3ms
[2023-11-10T11:21:23.542-0800][74887174ms] GC(19747) Eden regions: 230->0(230)
[2023-11-10T11:21:23.542-0800][74887174ms] GC(19747) Survivor regions: 1->1(29)
[2023-11-10T11:21:23.542-0800][74887174ms] GC(19747) Old regions: 1383->1383
[2023-11-10T11:21:23.542-0800][74887174ms] GC(19747) Humongous regions: 5->5
[2023-11-10T11:21:23.542-0800][74887174ms] GC(19747) Metaspace: 304545K->304545K(1347584K)
[2023-11-10T11:21:23.542-0800][74887174ms] GC(19747) Pause Young (Normal) (G1 Evacuation Pause) 3235M->2775M(3602M) 6.897ms
[2023-11-10T11:21:23.542-0800][74887174ms] GC(19747) User=0.02s Sys=0.00s Real=0.01s
[2023-11-10T11:21:24.111-0800][74887743ms] GC(19748) Pause Young (Normal) (G1 Evacuation Pause)
[2023-11-10T11:21:24.111-0800][74887743ms] GC(19748) Using 10 workers of 10 for evacuation
[2023-11-10T11:21:24.118-0800][74887750ms] GC(19748)   Pre Evacuate Collection Set: 0.2ms
[2023-11-10T11:21:24.118-0800][74887750ms] GC(19748)   Evacuate Collection Set: 2.1ms
[2023-11-10T11:21:24.118-0800][74887750ms] GC(19748)   Post Evacuate Collection Set: 3.8ms
[2023-11-10T11:21:24.118-0800][74887750ms] GC(19748)   Other: 0.4ms
[2023-11-10T11:21:24.118-0800][74887750ms] GC(19748) Eden regions: 230->0(230)
[2023-11-10T11:21:24.118-0800][74887750ms] GC(19748) Survivor regions: 1->1(29)
[2023-11-10T11:21:24.118-0800][74887750ms] GC(19748) Old regions: 1383->1383
[2023-11-10T11:21:24.118-0800][74887750ms] GC(19748) Humongous regions: 5->5
[2023-11-10T11:21:24.118-0800][74887750ms] GC(19748) Metaspace: 304545K->304545K(1347584K)
[2023-11-10T11:21:24.118-0800][74887750ms] GC(19748) Pause Young (Normal) (G1 Evacuation Pause) 3235M->2775M(3602M) 6.532ms
[2023-11-10T11:21:24.118-0800][74887750ms] GC(19748) User=0.00s Sys=0.00s Real=0.01s
[2023-11-10T11:21:24.619-0800][74888251ms] GC(19749) Pause Young (Normal) (G1 Evacuation Pause)
[2023-11-10T11:21:24.619-0800][74888251ms] GC(19749) Using 10 workers of 10 for evacuation
[2023-11-10T11:21:24.624-0800][74888256ms] GC(19749)   Pre Evacuate Collection Set: 0.0ms
[2023-11-10T11:21:24.624-0800][74888256ms] GC(19749)   Evacuate Collection Set: 1.7ms
[2023-11-10T11:21:24.624-0800][74888256ms] GC(19749)   Post Evacuate Collection Set: 3.3ms
[2023-11-10T11:21:24.624-0800][74888256ms] GC(19749)   Other: 0.3ms
[2023-11-10T11:21:24.624-0800][74888256ms] GC(19749) Eden regions: 230->0(230)
[2023-11-10T11:21:24.624-0800][74888256ms] GC(19749) Survivor regions: 1->1(29)
[2023-11-10T11:21:24.624-0800][74888256ms] GC(19749) Old regions: 1383->1383
[2023-11-10T11:21:24.624-0800][74888256ms] GC(19749) Humongous regions: 5->5
[2023-11-10T11:21:24.624-0800][74888256ms] GC(19749) Metaspace: 304545K->304545K(1347584K)
[2023-11-10T11:21:24.624-0800][74888256ms] GC(19749) Pause Young (Normal) (G1 Evacuation Pause) 3235M->2775M(3602M) 5.457ms
[2023-11-10T11:21:24.625-0800][74888257ms] GC(19749) User=0.00s Sys=0.00s Real=0.01s
[2023-11-10T11:21:25.202-0800][74888834ms] GC(19750) Pause Young (Normal) (G1 Evacuation Pause)
[2023-11-10T11:21:25.202-0800][74888834ms] GC(19750) Using 10 workers of 10 for evacuation
[2023-11-10T11:21:25.207-0800][74888839ms] GC(19750)   Pre Evacuate Collection Set: 0.0ms
[2023-11-10T11:21:25.207-0800][74888839ms] GC(19750)   Evacuate Collection Set: 1.8ms
[2023-11-10T11:21:25.207-0800][74888839ms] GC(19750)   Post Evacuate Collection Set: 3.1ms
[2023-11-10T11:21:25.207-0800][74888839ms] GC(19750)   Other: 0.3ms
[2023-11-10T11:21:25.207-0800][74888839ms] GC(19750) Eden regions: 230->0(230)
[2023-11-10T11:21:25.207-0800][74888839ms] GC(19750) Survivor regions: 1->1(29)
[2023-11-10T11:21:25.207-0800][74888839ms] GC(19750) Old regions: 1383->1383
[2023-11-10T11:21:25.207-0800][74888839ms] GC(19750) Humongous regions: 5->5
[2023-11-10T11:21:25.207-0800][74888839ms] GC(19750) Metaspace: 304545K->304545K(1347584K)
[2023-11-10T11:21:25.207-0800][74888839ms] GC(19750) Pause Young (Normal) (G1 Evacuation Pause) 3235M->2775M(3602M) 5.243ms
[2023-11-10T11:21:25.207-0800][74888839ms] GC(19750) User=0.00s Sys=0.00s Real=0.01s
[2023-11-10T11:21:25.751-0800][74889383ms] GC(19751) Pause Young (Normal) (G1 Evacuation Pause)
[2023-11-10T11:21:25.751-0800][74889383ms] GC(19751) Using 10 workers of 10 for evacuation
[2023-11-10T11:21:25.757-0800][74889389ms] GC(19751)   Pre Evacuate Collection Set: 0.0ms
[2023-11-10T11:21:25.757-0800][74889389ms] GC(19751)   Evacuate Collection Set: 1.8ms
[2023-11-10T11:21:25.757-0800][74889389ms] GC(19751)   Post Evacuate Collection Set: 3.7ms
[2023-11-10T11:21:25.757-0800][74889389ms] GC(19751)   Other: 0.3ms
[2023-11-10T11:21:25.757-0800][74889389ms] GC(19751) Eden regions: 230->0(230)
[2023-11-10T11:21:25.757-0800][74889389ms] GC(19751) Survivor regions: 1->1(29)
[2023-11-10T11:21:25.757-0800][74889389ms] GC(19751) Old regions: 1383->1383
[2023-11-10T11:21:25.757-0800][74889389ms] GC(19751) Humongous regions: 5->5
[2023-11-10T11:21:25.757-0800][74889389ms] GC(19751) Metaspace: 304545K->304545K(1347584K)
[2023-11-10T11:21:25.757-0800][74889389ms] GC(19751) Pause Young (Normal) (G1 Evacuation Pause) 3235M->2775M(3602M) 5.885ms
[2023-11-10T11:21:25.757-0800][74889389ms] GC(19751) User=0.00s Sys=0.00s Real=0.01s
[2023-11-10T11:21:26.359-0800][74889991ms] GC(19752) Pause Young (Normal) (G1 Evacuation Pause)
[2023-11-10T11:21:26.359-0800][74889991ms] GC(19752) Using 10 workers of 10 for evacuation
[2023-11-10T11:21:26.363-0800][74889995ms] GC(19752)   Pre Evacuate Collection Set: 0.0ms
[2023-11-10T11:21:26.363-0800][74889995ms] GC(19752)   Evacuate Collection Set: 1.7ms
[2023-11-10T11:21:26.363-0800][74889995ms] GC(19752)   Post Evacuate Collection Set: 3.6ms
[2023-11-10T11:21:26.363-0800][74889995ms] GC(19752)   Other: 0.3ms
[2023-11-10T11:21:26.363-0800][74889995ms] GC(19752) Eden regions: 230->0(230)
[2023-11-10T11:21:26.363-0800][74889995ms] GC(19752) Survivor regions: 1->1(29)
[2023-11-10T11:21:26.363-0800][74889995ms] GC(19752) Old regions: 1383->1383
[2023-11-10T11:21:26.363-0800][74889995ms] GC(19752) Humongous regions: 5->5
[2023-11-10T11:21:26.363-0800][74889995ms] GC(19752) Metaspace: 304545K->304545K(1347584K)
[2023-11-10T11:21:26.363-0800][74889995ms] GC(19752) Pause Young (Normal) (G1 Evacuation Pause) 3235M->2775M(3602M) 5.776ms
[2023-11-10T11:21:26.363-0800][74889995ms] GC(19752) User=0.00s Sys=0.00s Real=0.00s
[2023-11-10T11:21:26.855-0800][74890487ms] GC(19753) Pause Young (Normal) (G1 Evacuation Pause)
[2023-11-10T11:21:26.855-0800][74890487ms] GC(19753) Using 10 workers of 10 for evacuation
[2023-11-10T11:21:26.860-0800][74890492ms] GC(19753)   Pre Evacuate Collection Set: 0.0ms
[2023-11-10T11:21:26.860-0800][74890492ms] GC(19753)   Evacuate Collection Set: 1.7ms
[2023-11-10T11:21:26.860-0800][74890492ms] GC(19753)   Post Evacuate Collection Set: 3.3ms
[2023-11-10T11:21:26.860-0800][74890492ms] GC(19753)   Other: 0.2ms
[2023-11-10T11:21:26.860-0800][74890492ms] GC(19753) Eden regions: 230->0(230)
[2023-11-10T11:21:26.861-0800][74890493ms] GC(19753) Survivor regions: 1->1(29)
[2023-11-10T11:21:26.861-0800][74890493ms] GC(19753) Old regions: 1383->1383
[2023-11-10T11:21:26.861-0800][74890493ms] GC(19753) Humongous regions: 5->5
[2023-11-10T11:21:26.861-0800][74890493ms] GC(19753) Metaspace: 304545K->304545K(1347584K)
[2023-11-10T11:21:26.861-0800][74890493ms] GC(19753) Pause Young (Normal) (G1 Evacuation Pause) 3235M->2775M(3602M) 5.407ms
[2023-11-10T11:21:26.861-0800][74890493ms] GC(19753) User=0.00s Sys=0.00s Real=0.01s
[2023-11-10T11:21:27.471-0800][74891103ms] GC(19754) Pause Young (Normal) (G1 Evacuation Pause)
[2023-11-10T11:21:27.471-0800][74891103ms] GC(19754) Using 10 workers of 10 for evacuation
[2023-11-10T11:21:27.477-0800][74891109ms] GC(19754)   Pre Evacuate Collection Set: 0.1ms
[2023-11-10T11:21:27.477-0800][74891109ms] GC(19754)   Evacuate Collection Set: 1.7ms
[2023-11-10T11:21:27.477-0800][74891109ms] GC(19754)   Post Evacuate Collection Set: 3.3ms
[2023-11-10T11:21:27.477-0800][74891109ms] GC(19754)   Other: 0.3ms
[2023-11-10T11:21:27.477-0800][74891109ms] GC(19754) Eden regions: 230->0(230)
[2023-11-10T11:21:27.477-0800][74891109ms] GC(19754) Survivor regions: 1->1(29)
[2023-11-10T11:21:27.477-0800][74891109ms] GC(19754) Old regions: 1383->1383
[2023-11-10T11:21:27.477-0800][74891109ms] GC(19754) Humongous regions: 5->5
[2023-11-10T11:21:27.477-0800][74891109ms] GC(19754) Metaspace: 304545K->304545K(1347584K)
[2023-11-10T11:21:27.477-0800][74891109ms] GC(19754) Pause Young (Normal) (G1 Evacuation Pause) 3235M->2775M(3602M) 5.552ms
[2023-11-10T11:21:27.477-0800][74891109ms] GC(19754) User=0.00s Sys=0.00s Real=0.01s
[2023-11-10T11:21:28.119-0800][74891751ms] GC(19755) Pause Young (Normal) (G1 Evacuation Pause)
[2023-11-10T11:21:28.119-0800][74891751ms] GC(19755) Using 10 workers of 10 for evacuation
[2023-11-10T11:21:28.123-0800][74891755ms] GC(19755)   Pre Evacuate Collection Set: 0.0ms
[2023-11-10T11:21:28.123-0800][74891755ms] GC(19755)   Evacuate Collection Set: 1.7ms
[2023-11-10T11:21:28.123-0800][74891755ms] GC(19755)   Post Evacuate Collection Set: 3.0ms
[2023-11-10T11:21:28.124-0800][74891756ms] GC(19755)   Other: 0.2ms
[2023-11-10T11:21:28.124-0800][74891756ms] GC(19755) Eden regions: 230->0(230)
[2023-11-10T11:21:28.124-0800][74891756ms] GC(19755) Survivor regions: 1->1(29)
[2023-11-10T11:21:28.124-0800][74891756ms] GC(19755) Old regions: 1383->1383
[2023-11-10T11:21:28.124-0800][74891756ms] GC(19755) Humongous regions: 5->5
[2023-11-10T11:21:28.124-0800][74891756ms] GC(19755) Metaspace: 304545K->304545K(1347584K)
[2023-11-10T11:21:28.124-0800][74891756ms] GC(19755) Pause Young (Normal) (G1 Evacuation Pause) 3235M->2775M(3602M) 5.028ms
[2023-11-10T11:21:28.124-0800][74891756ms] GC(19755) User=0.00s Sys=0.00s Real=0.01s
[2023-11-10T11:21:28.713-0800][74892345ms] GC(19756) Pause Young (Normal) (G1 Evacuation Pause)
[2023-11-10T11:21:28.713-0800][74892345ms] GC(19756) Using 10 workers of 10 for evacuation
[2023-11-10T11:21:28.718-0800][74892350ms] GC(19756)   Pre Evacuate Collection Set: 0.0ms
[2023-11-10T11:21:28.718-0800][74892350ms] GC(19756)   Evacuate Collection Set: 1.7ms
[2023-11-10T11:21:28.718-0800][74892350ms] GC(19756)   Post Evacuate Collection Set: 3.4ms
[2023-11-10T11:21:28.718-0800][74892350ms] GC(19756)   Other: 0.3ms
[2023-11-10T11:21:28.718-0800][74892350ms] GC(19756) Eden regions: 230->0(230)
[2023-11-10T11:21:28.718-0800][74892350ms] GC(19756) Survivor regions: 1->1(29)
[2023-11-10T11:21:28.718-0800][74892350ms] GC(19756) Old regions: 1383->1383
[2023-11-10T11:21:28.718-0800][74892350ms] GC(19756) Humongous regions: 5->5
[2023-11-10T11:21:28.718-0800][74892350ms] GC(19756) Metaspace: 304545K->304545K(1347584K)
[2023-11-10T11:21:28.718-0800][74892350ms] GC(19756) Pause Young (Normal) (G1 Evacuation Pause) 3235M->2775M(3602M) 5.473ms
[2023-11-10T11:21:28.718-0800][74892350ms] GC(19756) User=0.00s Sys=0.00s Real=0.00s
[2023-11-10T11:21:29.295-0800][74892927ms] GC(19757) Pause Young (Normal) (G1 Evacuation Pause)
[2023-11-10T11:21:29.295-0800][74892927ms] GC(19757) Using 10 workers of 10 for evacuation
[2023-11-10T11:21:29.300-0800][74892932ms] GC(19757)   Pre Evacuate Collection Set: 0.1ms
[2023-11-10T11:21:29.300-0800][74892932ms] GC(19757)   Evacuate Collection Set: 2.2ms
[2023-11-10T11:21:29.300-0800][74892932ms] GC(19757)   Post Evacuate Collection Set: 3.9ms
[2023-11-10T11:21:29.301-0800][74892933ms] GC(19757)   Other: 0.3ms
[2023-11-10T11:21:29.301-0800][74892933ms] GC(19757) Eden regions: 230->0(230)
[2023-11-10T11:21:29.301-0800][74892933ms] GC(19757) Survivor regions: 1->1(29)
[2023-11-10T11:21:29.301-0800][74892933ms] GC(19757) Old regions: 1383->1383
[2023-11-10T11:21:29.301-0800][74892933ms] GC(19757) Humongous regions: 5->5
[2023-11-10T11:21:29.301-0800][74892933ms] GC(19757) Metaspace: 304545K->304545K(1347584K)
[2023-11-10T11:21:29.301-0800][74892933ms] GC(19757) Pause Young (Normal) (G1 Evacuation Pause) 3235M->2775M(3602M) 6.600ms
[2023-11-10T11:21:29.301-0800][74892933ms] GC(19757) User=0.00s Sys=0.00s Real=0.01s
[2023-11-10T11:21:29.830-0800][74893462ms] GC(19758) Pause Young (Normal) (G1 Evacuation Pause)
[2023-11-10T11:21:29.830-0800][74893462ms] GC(19758) Using 10 workers of 10 for evacuation
[2023-11-10T11:21:29.835-0800][74893467ms] GC(19758)   Pre Evacuate Collection Set: 0.0ms
[2023-11-10T11:21:29.835-0800][74893467ms] GC(19758)   Evacuate Collection Set: 1.8ms
[2023-11-10T11:21:29.835-0800][74893467ms] GC(19758)   Post Evacuate Collection Set: 3.1ms
[2023-11-10T11:21:29.835-0800][74893467ms] GC(19758)   Other: 0.3ms
[2023-11-10T11:21:29.836-0800][74893468ms] GC(19758) Eden regions: 230->0(230)
[2023-11-10T11:21:29.836-0800][74893468ms] GC(19758) Survivor regions: 1->1(29)
[2023-11-10T11:21:29.836-0800][74893468ms] GC(19758) Old regions: 1383->1383
[2023-11-10T11:21:29.836-0800][74893468ms] GC(19758) Humongous regions: 5->5
[2023-11-10T11:21:29.836-0800][74893468ms] GC(19758) Metaspace: 304545K->304545K(1347584K)
[2023-11-10T11:21:29.836-0800][74893468ms] GC(19758) Pause Young (Normal) (G1 Evacuation Pause) 3235M->2775M(3602M) 5.329ms
[2023-11-10T11:21:29.836-0800][74893468ms] GC(19758) User=0.00s Sys=0.00s Real=0.01s
[2023-11-10T11:21:30.434-0800][74894066ms] GC(19759) Pause Young (Normal) (G1 Evacuation Pause)
[2023-11-10T11:21:30.434-0800][74894066ms] GC(19759) Using 10 workers of 10 for evacuation
[2023-11-10T11:21:30.439-0800][74894071ms] GC(19759)   Pre Evacuate Collection Set: 0.0ms
[2023-11-10T11:21:30.439-0800][74894071ms] GC(19759)   Evacuate Collection Set: 1.6ms
[2023-11-10T11:21:30.439-0800][74894071ms] GC(19759)   Post Evacuate Collection Set: 3.2ms
[2023-11-10T11:21:30.439-0800][74894071ms] GC(19759)   Other: 0.3ms
[2023-11-10T11:21:30.439-0800][74894071ms] GC(19759) Eden regions: 230->0(230)
[2023-11-10T11:21:30.439-0800][74894071ms] GC(19759) Survivor regions: 1->1(29)
[2023-11-10T11:21:30.439-0800][74894071ms] GC(19759) Old regions: 1383->1383
[2023-11-10T11:21:30.439-0800][74894071ms] GC(19759) Humongous regions: 5->5
[2023-11-10T11:21:30.439-0800][74894071ms] GC(19759) Metaspace: 304545K->304545K(1347584K)
[2023-11-10T11:21:30.439-0800][74894071ms] GC(19759) Pause Young (Normal) (G1 Evacuation Pause) 3235M->2776M(3602M) 5.174ms
[2023-11-10T11:21:30.439-0800][74894071ms] GC(19759) User=0.00s Sys=0.00s Real=0.00s
[2023-11-10T11:21:31.015-0800][74894647ms] GC(19760) Pause Young (Normal) (G1 Evacuation Pause)
[2023-11-10T11:21:31.015-0800][74894647ms] GC(19760) Using 10 workers of 10 for evacuation
[2023-11-10T11:21:31.022-0800][74894654ms] GC(19760)   Pre Evacuate Collection Set: 0.0ms
[2023-11-10T11:21:31.022-0800][74894654ms] GC(19760)   Evacuate Collection Set: 2.0ms
[2023-11-10T11:21:31.022-0800][74894654ms] GC(19760)   Post Evacuate Collection Set: 3.8ms
[2023-11-10T11:21:31.022-0800][74894654ms] GC(19760)   Other: 0.3ms
[2023-11-10T11:21:31.022-0800][74894654ms] GC(19760) Eden regions: 230->0(230)
[2023-11-10T11:21:31.022-0800][74894654ms] GC(19760) Survivor regions: 1->1(29)
[2023-11-10T11:21:31.022-0800][74894654ms] GC(19760) Old regions: 1383->1383
[2023-11-10T11:21:31.022-0800][74894654ms] GC(19760) Humongous regions: 5->5
[2023-11-10T11:21:31.022-0800][74894654ms] GC(19760) Metaspace: 304545K->304545K(1347584K)
[2023-11-10T11:21:31.022-0800][74894654ms] GC(19760) Pause Young (Normal) (G1 Evacuation Pause) 3236M->2776M(3602M) 6.247ms
[2023-11-10T11:21:31.022-0800][74894654ms] GC(19760) User=0.00s Sys=0.00s Real=0.01s
[2023-11-10T11:21:31.592-0800][74895224ms] GC(19761) Pause Young (Normal) (G1 Evacuation Pause)
[2023-11-10T11:21:31.593-0800][74895225ms] GC(19761) Using 10 workers of 10 for evacuation
[2023-11-10T11:21:31.599-0800][74895231ms] GC(19761)   Pre Evacuate Collection Set: 0.1ms
[2023-11-10T11:21:31.599-0800][74895231ms] GC(19761)   Evacuate Collection Set: 2.0ms
[2023-11-10T11:21:31.599-0800][74895231ms] GC(19761)   Post Evacuate Collection Set: 4.2ms
[2023-11-10T11:21:31.599-0800][74895231ms] GC(19761)   Other: 0.4ms
[2023-11-10T11:21:31.599-0800][74895231ms] GC(19761) Eden regions: 230->0(230)
[2023-11-10T11:21:31.599-0800][74895231ms] GC(19761) Survivor regions: 1->1(29)
[2023-11-10T11:21:31.599-0800][74895231ms] GC(19761) Old regions: 1383->1383
[2023-11-10T11:21:31.599-0800][74895231ms] GC(19761) Humongous regions: 5->5
[2023-11-10T11:21:31.599-0800][74895231ms] GC(19761) Metaspace: 304545K->304545K(1347584K)
[2023-11-10T11:21:31.599-0800][74895231ms] GC(19761) Pause Young (Normal) (G1 Evacuation Pause) 3236M->2776M(3602M) 6.862ms
[2023-11-10T11:21:31.599-0800][74895231ms] GC(19761) User=0.00s Sys=0.00s Real=0.01s
[2023-11-10T11:21:32.217-0800][74895849ms] GC(19762) Pause Young (Normal) (G1 Evacuation Pause)
[2023-11-10T11:21:32.217-0800][74895849ms] GC(19762) Using 10 workers of 10 for evacuation
[2023-11-10T11:21:32.223-0800][74895855ms] GC(19762)   Pre Evacuate Collection Set: 0.1ms
[2023-11-10T11:21:32.223-0800][74895855ms] GC(19762)   Evacuate Collection Set: 2.2ms
[2023-11-10T11:21:32.223-0800][74895855ms] GC(19762)   Post Evacuate Collection Set: 3.7ms
[2023-11-10T11:21:32.223-0800][74895855ms] GC(19762)   Other: 0.4ms
[2023-11-10T11:21:32.223-0800][74895855ms] GC(19762) Eden regions: 230->0(230)
[2023-11-10T11:21:32.223-0800][74895855ms] GC(19762) Survivor regions: 1->1(29)
[2023-11-10T11:21:32.223-0800][74895855ms] GC(19762) Old regions: 1383->1383
[2023-11-10T11:21:32.223-0800][74895855ms] GC(19762) Humongous regions: 5->5
[2023-11-10T11:21:32.223-0800][74895855ms] GC(19762) Metaspace: 304545K->304545K(1347584K)
[2023-11-10T11:21:32.223-0800][74895855ms] GC(19762) Pause Young (Normal) (G1 Evacuation Pause) 3236M->2776M(3602M) 6.524ms
[2023-11-10T11:21:32.223-0800][74895855ms] GC(19762) User=0.00s Sys=0.00s Real=0.01s
[2023-11-10T11:21:32.753-0800][74896385ms] GC(19763) Pause Young (Normal) (G1 Evacuation Pause)
[2023-11-10T11:21:32.753-0800][74896387ms] GC(19763) Using 10 workers of 10 for evacuation
[2023-11-10T11:21:32.761-0800][74896393ms] GC(19763)   Pre Evacuate Collection Set: 0.1ms
[2023-11-10T11:21:32.761-0800][74896393ms] GC(19763)   Evacuate Collection Set: 2.5ms
[2023-11-10T11:21:32.761-0800][74896393ms] GC(19763)   Post Evacuate Collection Set: 4.2ms
[2023-11-10T11:21:32.761-0800][74896393ms] GC(19763)   Other: 0.4ms
[2023-11-10T11:21:32.761-0800][74896393ms] GC(19763) Eden regions: 230->0(230)
[2023-11-10T11:21:32.761-0800][74896393ms] GC(19763) Survivor regions: 1->1(29)
[2023-11-10T11:21:32.761-0800][74896393ms] GC(19763) Old regions: 1383->1383
[2023-11-10T11:21:32.761-0800][74896393ms] GC(19763) Humongous regions: 5->5
[2023-11-10T11:21:32.761-0800][74896393ms] GC(19763) Metaspace: 304545K->304545K(1347584K)
[2023-11-10T11:21:32.761-0800][74896393ms] GC(19763) Pause Young (Normal) (G1 Evacuation Pause) 3236M->2776M(3602M) 7.282ms
[2023-11-10T11:21:32.761-0800][74896393ms] GC(19763) User=0.02s Sys=0.00s Real=0.01s
[2023-11-10T11:21:33.348-0800][74896980ms] GC(19764) Pause Young (Normal) (G1 Evacuation Pause)
[2023-11-10T11:21:33.348-0800][74896980ms] GC(19764) Using 10 workers of 10 for evacuation
[2023-11-10T11:21:33.380-0800][74897012ms] GC(19764)   Pre Evacuate Collection Set: 0.1ms
[2023-11-10T11:21:33.380-0800][74897012ms] GC(19764)   Evacuate Collection Set: 28.7ms
[2023-11-10T11:21:33.380-0800][74897012ms] GC(19764)   Post Evacuate Collection Set: 4.1ms
[2023-11-10T11:21:33.380-0800][74897012ms] GC(19764)   Other: 0.4ms
[2023-11-10T11:21:33.380-0800][74897012ms] GC(19764) Eden regions: 230->0(230)
[2023-11-10T11:21:33.380-0800][74897012ms] GC(19764) Survivor regions: 1->1(29)
[2023-11-10T11:21:33.380-0800][74897012ms] GC(19764) Old regions: 1383->1383
[2023-11-10T11:21:33.380-0800][74897012ms] GC(19764) Humongous regions: 5->5
[2023-11-10T11:21:33.380-0800][74897012ms] GC(19764) Metaspace: 304545K->304545K(1347584K)
[2023-11-10T11:21:33.380-0800][74897012ms] GC(19764) Pause Young (Normal) (G1 Evacuation Pause) 3236M->2776M(3602M) 33.344ms
[2023-11-10T11:21:33.380-0800][74897012ms] GC(19764) User=0.03s Sys=0.02s Real=0.03s
[2023-11-10T11:21:34.025-0800][74897657ms] GC(19765) Pause Young (Normal) (G1 Evacuation Pause)
[2023-11-10T11:21:34.025-0800][74897657ms] GC(19765) Using 10 workers of 10 for evacuation
[2023-11-10T11:21:34.031-0800][74897663ms] GC(19765)   Pre Evacuate Collection Set: 0.1ms
[2023-11-10T11:21:34.031-0800][74897663ms] GC(19765)   Evacuate Collection Set: 2.2ms
[2023-11-10T11:21:34.031-0800][74897663ms] GC(19765)   Post Evacuate Collection Set: 3.5ms
[2023-11-10T11:21:34.031-0800][74897663ms] GC(19765)   Other: 0.4ms
[2023-11-10T11:21:34.031-0800][74897663ms] GC(19765) Eden regions: 230->0(230)
[2023-11-10T11:21:34.031-0800][74897663ms] GC(19765) Survivor regions: 1->1(29)
[2023-11-10T11:21:34.031-0800][74897663ms] GC(19765) Old regions: 1383->1383
[2023-11-10T11:21:34.031-0800][74897663ms] GC(19765) Humongous regions: 5->5
[2023-11-10T11:21:34.031-0800][74897663ms] GC(19765) Metaspace: 304545K->304545K(1347584K)
[2023-11-10T11:21:34.031-0800][74897663ms] GC(19765) Pause Young (Normal) (G1 Evacuation Pause) 3236M->2776M(3602M) 6.296ms
[2023-11-10T11:21:34.031-0800][74897663ms] GC(19765) User=0.00s Sys=0.00s Real=0.01s
[2023-11-10T11:21:34.557-0800][74898189ms] GC(19766) Pause Young (Normal) (G1 Evacuation Pause)
[2023-11-10T11:21:34.557-0800][74898189ms] GC(19766) Using 10 workers of 10 for evacuation
[2023-11-10T11:21:34.563-0800][74898195ms] GC(19766)   Pre Evacuate Collection Set: 0.0ms
[2023-11-10T11:21:34.563-0800][74898195ms] GC(19766)   Evacuate Collection Set: 1.8ms
[2023-11-10T11:21:34.563-0800][74898195ms] GC(19766)   Post Evacuate Collection Set: 3.2ms
[2023-11-10T11:21:34.563-0800][74898195ms] GC(19766)   Other: 0.4ms
[2023-11-10T11:21:34.563-0800][74898195ms] GC(19766) Eden regions: 230->0(230)
[2023-11-10T11:21:34.563-0800][74898195ms] GC(19766) Survivor regions: 1->1(29)
[2023-11-10T11:21:34.563-0800][74898195ms] GC(19766) Old regions: 1383->1383
[2023-11-10T11:21:34.563-0800][74898195ms] GC(19766) Humongous regions: 5->5
[2023-11-10T11:21:34.563-0800][74898195ms] GC(19766) Metaspace: 304545K->304545K(1347584K)
[2023-11-10T11:21:34.563-0800][74898195ms] GC(19766) Pause Young (Normal) (G1 Evacuation Pause) 3236M->2776M(3602M) 5.604ms
[2023-11-10T11:21:34.563-0800][74898195ms] GC(19766) User=0.00s Sys=0.00s Real=0.01s
[2023-11-10T11:21:35.157-0800][74898789ms] GC(19767) Pause Young (Normal) (G1 Evacuation Pause)
[2023-11-10T11:21:35.157-0800][74898789ms] GC(19767) Using 10 workers of 10 for evacuation
[2023-11-10T11:21:35.162-0800][74898794ms] GC(19767)   Pre Evacuate Collection Set: 0.0ms
[2023-11-10T11:21:35.162-0800][74898794ms] GC(19767)   Evacuate Collection Set: 1.7ms
[2023-11-10T11:21:35.162-0800][74898794ms] GC(19767)   Post Evacuate Collection Set: 3.8ms
[2023-11-10T11:21:35.162-0800][74898794ms] GC(19767)   Other: 0.3ms
[2023-11-10T11:21:35.162-0800][74898794ms] GC(19767) Eden regions: 230->0(230)
[2023-11-10T11:21:35.162-0800][74898794ms] GC(19767) Survivor regions: 1->1(29)
[2023-11-10T11:21:35.162-0800][74898794ms] GC(19767) Old regions: 1383->1383
[2023-11-10T11:21:35.162-0800][74898794ms] GC(19767) Humongous regions: 5->5
[2023-11-10T11:21:35.162-0800][74898794ms] GC(19767) Metaspace: 304545K->304545K(1347584K)
[2023-11-10T11:21:35.162-0800][74898794ms] GC(19767) Pause Young (Normal) (G1 Evacuation Pause) 3236M->2776M(3602M) 5.931ms
[2023-11-10T11:21:35.162-0800][74898794ms] GC(19767) User=0.00s Sys=0.00s Real=0.00s
[2023-11-10T11:21:35.745-0800][74899377ms] GC(19768) Pause Young (Normal) (G1 Evacuation Pause)
[2023-11-10T11:21:35.745-0800][74899377ms] GC(19768) Using 10 workers of 10 for evacuation
[2023-11-10T11:21:35.752-0800][74899384ms] GC(19768)   Pre Evacuate Collection Set: 0.0ms
[2023-11-10T11:21:35.752-0800][74899384ms] GC(19768)   Evacuate Collection Set: 1.9ms
[2023-11-10T11:21:35.752-0800][74899384ms] GC(19768)   Post Evacuate Collection Set: 3.9ms
[2023-11-10T11:21:35.752-0800][74899384ms] GC(19768)   Other: 0.3ms
[2023-11-10T11:21:35.752-0800][74899384ms] GC(19768) Eden regions: 230->0(230)
[2023-11-10T11:21:35.752-0800][74899384ms] GC(19768) Survivor regions: 1->1(29)
[2023-11-10T11:21:35.752-0800][74899384ms] GC(19768) Old regions: 1383->1383
[2023-11-10T11:21:35.752-0800][74899384ms] GC(19768) Humongous regions: 5->5
[2023-11-10T11:21:35.752-0800][74899384ms] GC(19768) Metaspace: 304545K->304545K(1347584K)
[2023-11-10T11:21:35.752-0800][74899384ms] GC(19768) Pause Young (Normal) (G1 Evacuation Pause) 3236M->2776M(3602M) 6.216ms
[2023-11-10T11:21:35.753-0800][74899385ms] GC(19768) User=0.00s Sys=0.00s Real=0.01s
[2023-11-10T11:21:36.368-0800][74900000ms] GC(19769) Pause Young (Normal) (G1 Evacuation Pause)
[2023-11-10T11:21:36.368-0800][74900000ms] GC(19769) Using 10 workers of 10 for evacuation
[2023-11-10T11:21:36.377-0800][74900009ms] GC(19769)   Pre Evacuate Collection Set: 0.1ms
[2023-11-10T11:21:36.377-0800][74900009ms] GC(19769)   Evacuate Collection Set: 2.8ms
[2023-11-10T11:21:36.377-0800][74900009ms] GC(19769)   Post Evacuate Collection Set: 6.0ms
[2023-11-10T11:21:36.377-0800][74900009ms] GC(19769)   Other: 0.4ms
[2023-11-10T11:21:36.377-0800][74900009ms] GC(19769) Eden regions: 230->0(230)
[2023-11-10T11:21:36.377-0800][74900009ms] GC(19769) Survivor regions: 1->1(29)
[2023-11-10T11:21:36.377-0800][74900009ms] GC(19769) Old regions: 1383->1383
[2023-11-10T11:21:36.377-0800][74900009ms] GC(19769) Humongous regions: 5->5
[2023-11-10T11:21:36.377-0800][74900009ms] GC(19769) Metaspace: 304545K->304545K(1347584K)
[2023-11-10T11:21:36.377-0800][74900009ms] GC(19769) Pause Young (Normal) (G1 Evacuation Pause) 3236M->2776M(3602M) 9.423ms
[2023-11-10T11:21:36.377-0800][74900009ms] GC(19769) User=0.00s Sys=0.00s Real=0.01s
[2023-11-10T11:21:37.045-0800][74900677ms] GC(19770) Pause Young (Normal) (G1 Evacuation Pause)
[2023-11-10T11:21:37.045-0800][74900677ms] GC(19770) Using 10 workers of 10 for evacuation
[2023-11-10T11:21:37.052-0800][74900684ms] GC(19770)   Pre Evacuate Collection Set: 0.1ms
[2023-11-10T11:21:37.052-0800][74900684ms] GC(19770)   Evacuate Collection Set: 1.8ms
[2023-11-10T11:21:37.052-0800][74900684ms] GC(19770)   Post Evacuate Collection Set: 3.6ms
[2023-11-10T11:21:37.052-0800][74900684ms] GC(19770)   Other: 0.4ms
[2023-11-10T11:21:37.052-0800][74900684ms] GC(19770) Eden regions: 230->0(229)
[2023-11-10T11:21:37.052-0800][74900684ms] GC(19770) Survivor regions: 1->1(29)
[2023-11-10T11:21:37.052-0800][74900684ms] GC(19770) Old regions: 1383->1383
[2023-11-10T11:21:37.052-0800][74900684ms] GC(19770) Humongous regions: 5->5
[2023-11-10T11:21:37.052-0800][74900684ms] GC(19770) Metaspace: 304545K->304545K(1347584K)
[2023-11-10T11:21:37.052-0800][74900684ms] GC(19770) Pause Young (Normal) (G1 Evacuation Pause) 3236M->2776M(3602M) 6.065ms
[2023-11-10T11:21:37.052-0800][74900684ms] GC(19770) User=0.02s Sys=0.00s Real=0.01s
[2023-11-10T11:21:37.722-0800][74901354ms] GC(19771) Pause Young (Normal) (G1 Evacuation Pause)
[2023-11-10T11:21:37.722-0800][74901354ms] GC(19771) Using 10 workers of 10 for evacuation
[2023-11-10T11:21:37.727-0800][74901359ms] GC(19771)   Pre Evacuate Collection Set: 0.1ms
[2023-11-10T11:21:37.727-0800][74901359ms] GC(19771)   Evacuate Collection Set: 1.9ms
[2023-11-10T11:21:37.727-0800][74901359ms] GC(19771)   Post Evacuate Collection Set: 3.5ms
[2023-11-10T11:21:37.727-0800][74901359ms] GC(19771)   Other: 0.3ms
[2023-11-10T11:21:37.727-0800][74901359ms] GC(19771) Eden regions: 229->0(229)
[2023-11-10T11:21:37.727-0800][74901359ms] GC(19771) Survivor regions: 1->1(29)
[2023-11-10T11:21:37.727-0800][74901359ms] GC(19771) Old regions: 1383->1383
[2023-11-10T11:21:37.727-0800][74901359ms] GC(19771) Humongous regions: 5->5
[2023-11-10T11:21:37.727-0800][74901359ms] GC(19771) Metaspace: 304545K->304545K(1347584K)
[2023-11-10T11:21:37.727-0800][74901359ms] GC(19771) Pause Young (Normal) (G1 Evacuation Pause) 3234M->2776M(3602M) 5.850ms
[2023-11-10T11:21:37.727-0800][74901359ms] GC(19771) User=0.00s Sys=0.00s Real=0.01s
[2023-11-10T11:21:38.308-0800][74901940ms] GC(19772) Pause Young (Normal) (G1 Evacuation Pause)
[2023-11-10T11:21:38.308-0800][74901940ms] GC(19772) Using 10 workers of 10 for evacuation
[2023-11-10T11:21:38.312-0800][74901944ms] GC(19772)   Pre Evacuate Collection Set: 0.0ms
[2023-11-10T11:21:38.312-0800][74901944ms] GC(19772)   Evacuate Collection Set: 1.8ms
[2023-11-10T11:21:38.313-0800][74901945ms] GC(19772)   Post Evacuate Collection Set: 3.4ms
[2023-11-10T11:21:38.313-0800][74901945ms] GC(19772)   Other: 0.2ms
[2023-11-10T11:21:38.313-0800][74901945ms] GC(19772) Eden regions: 229->0(229)
[2023-11-10T11:21:38.313-0800][74901945ms] GC(19772) Survivor regions: 1->1(29)
[2023-11-10T11:21:38.313-0800][74901945ms] GC(19772) Old regions: 1383->1383
[2023-11-10T11:21:38.313-0800][74901945ms] GC(19772) Humongous regions: 5->5
[2023-11-10T11:21:38.313-0800][74901945ms] GC(19772) Metaspace: 304545K->304545K(1347584K)
[2023-11-10T11:21:38.313-0800][74901945ms] GC(19772) Pause Young (Normal) (G1 Evacuation Pause) 3234M->2776M(3602M) 5.571ms
[2023-11-10T11:21:38.313-0800][74901945ms] GC(19772) User=0.00s Sys=0.00s Real=0.00s
[2023-11-10T11:21:38.941-0800][74902573ms] GC(19773) Pause Young (Normal) (G1 Evacuation Pause)
[2023-11-10T11:21:38.941-0800][74902573ms] GC(19773) Using 10 workers of 10 for evacuation
[2023-11-10T11:21:38.947-0800][74902579ms] GC(19773)   Pre Evacuate Collection Set: 0.1ms
[2023-11-10T11:21:38.948-0800][74902580ms] GC(19773)   Evacuate Collection Set: 2.6ms
[2023-11-10T11:21:38.948-0800][74902580ms] GC(19773)   Post Evacuate Collection Set: 4.5ms
[2023-11-10T11:21:38.948-0800][74902580ms] GC(19773)   Other: 0.4ms
[2023-11-10T11:21:38.948-0800][74902580ms] GC(19773) Eden regions: 229->0(229)
[2023-11-10T11:21:38.948-0800][74902580ms] GC(19773) Survivor regions: 1->1(29)
[2023-11-10T11:21:38.948-0800][74902580ms] GC(19773) Old regions: 1383->1383
[2023-11-10T11:21:38.948-0800][74902580ms] GC(19773) Humongous regions: 5->5
[2023-11-10T11:21:38.948-0800][74902580ms] GC(19773) Metaspace: 304545K->304545K(1347584K)
[2023-11-10T11:21:38.948-0800][74902580ms] GC(19773) Pause Young (Normal) (G1 Evacuation Pause) 3234M->2776M(3602M) 7.841ms
[2023-11-10T11:21:38.948-0800][74902580ms] GC(19773) User=0.00s Sys=0.00s Real=0.01s
[2023-11-10T11:21:39.537-0800][74903169ms] GC(19774) Pause Young (Normal) (G1 Evacuation Pause)
[2023-11-10T11:21:39.537-0800][74903169ms] GC(19774) Using 10 workers of 10 for evacuation
[2023-11-10T11:21:39.545-0800][74903177ms] GC(19774)   Pre Evacuate Collection Set: 0.1ms
[2023-11-10T11:21:39.545-0800][74903177ms] GC(19774)   Evacuate Collection Set: 2.1ms
[2023-11-10T11:21:39.545-0800][74903177ms] GC(19774)   Post Evacuate Collection Set: 5.6ms
[2023-11-10T11:21:39.545-0800][74903177ms] GC(19774)   Other: 0.5ms
[2023-11-10T11:21:39.545-0800][74903177ms] GC(19774) Eden regions: 229->0(229)
[2023-11-10T11:21:39.545-0800][74903177ms] GC(19774) Survivor regions: 1->1(29)
[2023-11-10T11:21:39.545-0800][74903177ms] GC(19774) Old regions: 1383->1383
[2023-11-10T11:21:39.545-0800][74903177ms] GC(19774) Humongous regions: 5->5
[2023-11-10T11:21:39.545-0800][74903177ms] GC(19774) Metaspace: 304545K->304545K(1347584K)
[2023-11-10T11:21:39.545-0800][74903177ms] GC(19774) Pause Young (Normal) (G1 Evacuation Pause) 3234M->2776M(3602M) 8.413ms
[2023-11-10T11:21:39.545-0800][74903177ms] GC(19774) User=0.05s Sys=0.00s Real=0.01s
[2023-11-10T11:21:40.190-0800][74903822ms] GC(19775) Pause Young (Normal) (G1 Evacuation Pause)
[2023-11-10T11:21:40.190-0800][74903822ms] GC(19775) Using 10 workers of 10 for evacuation
[2023-11-10T11:21:40.197-0800][74903829ms] GC(19775)   Pre Evacuate Collection Set: 0.1ms
[2023-11-10T11:21:40.197-0800][74903829ms] GC(19775)   Evacuate Collection Set: 2.5ms
[2023-11-10T11:21:40.197-0800][74903829ms] GC(19775)   Post Evacuate Collection Set: 3.9ms
[2023-11-10T11:21:40.197-0800][74903829ms] GC(19775)   Other: 0.4ms
[2023-11-10T11:21:40.197-0800][74903829ms] GC(19775) Eden regions: 229->0(229)
[2023-11-10T11:21:40.197-0800][74903829ms] GC(19775) Survivor regions: 1->1(29)
[2023-11-10T11:21:40.197-0800][74903829ms] GC(19775) Old regions: 1383->1383
[2023-11-10T11:21:40.197-0800][74903829ms] GC(19775) Humongous regions: 5->5
[2023-11-10T11:21:40.197-0800][74903829ms] GC(19775) Metaspace: 304545K->304545K(1347584K)
[2023-11-10T11:21:40.197-0800][74903829ms] GC(19775) Pause Young (Normal) (G1 Evacuation Pause) 3234M->2776M(3602M) 7.095ms
[2023-11-10T11:21:40.197-0800][74903829ms] GC(19775) User=0.02s Sys=0.00s Real=0.01s
[2023-11-10T11:21:40.766-0800][74904398ms] GC(19776) Pause Young (Normal) (G1 Evacuation Pause)
[2023-11-10T11:21:40.766-0800][74904398ms] GC(19776) Using 10 workers of 10 for evacuation
[2023-11-10T11:21:40.773-0800][74904405ms] GC(19776)   Pre Evacuate Collection Set: 0.0ms
[2023-11-10T11:21:40.773-0800][74904405ms] GC(19776)   Evacuate Collection Set: 2.5ms
[2023-11-10T11:21:40.773-0800][74904405ms] GC(19776)   Post Evacuate Collection Set: 4.4ms
[2023-11-10T11:21:40.773-0800][74904405ms] GC(19776)   Other: 0.3ms
[2023-11-10T11:21:40.773-0800][74904405ms] GC(19776) Eden regions: 229->0(229)
[2023-11-10T11:21:40.773-0800][74904405ms] GC(19776) Survivor regions: 1->1(29)
[2023-11-10T11:21:40.773-0800][74904405ms] GC(19776) Old regions: 1383->1383
[2023-11-10T11:21:40.773-0800][74904405ms] GC(19776) Humongous regions: 5->5
[2023-11-10T11:21:40.773-0800][74904405ms] GC(19776) Metaspace: 304545K->304545K(1347584K)
[2023-11-10T11:21:40.773-0800][74904405ms] GC(19776) Pause Young (Normal) (G1 Evacuation Pause) 3234M->2777M(3602M) 7.367ms
[2023-11-10T11:21:40.773-0800][74904405ms] GC(19776) User=0.00s Sys=0.00s Real=0.01s
[2023-11-10T11:21:41.341-0800][74904973ms] GC(19777) Pause Young (Normal) (G1 Evacuation Pause)
[2023-11-10T11:21:41.341-0800][74904973ms] GC(19777) Using 10 workers of 10 for evacuation
[2023-11-10T11:21:41.347-0800][74904979ms] GC(19777)   Pre Evacuate Collection Set: 0.0ms
[2023-11-10T11:21:41.347-0800][74904979ms] GC(19777)   Evacuate Collection Set: 1.9ms
[2023-11-10T11:21:41.347-0800][74904979ms] GC(19777)   Post Evacuate Collection Set: 3.8ms
[2023-11-10T11:21:41.347-0800][74904979ms] GC(19777)   Other: 0.3ms
[2023-11-10T11:21:41.347-0800][74904979ms] GC(19777) Eden regions: 229->0(229)
[2023-11-10T11:21:41.347-0800][74904979ms] GC(19777) Survivor regions: 1->1(29)
[2023-11-10T11:21:41.347-0800][74904979ms] GC(19777) Old regions: 1383->1383
[2023-11-10T11:21:41.347-0800][74904979ms] GC(19777) Humongous regions: 5->5
[2023-11-10T11:21:41.347-0800][74904979ms] GC(19777) Metaspace: 304545K->304545K(1347584K)
[2023-11-10T11:21:41.347-0800][74904979ms] GC(19777) Pause Young (Normal) (G1 Evacuation Pause) 3235M->2776M(3602M) 6.180ms
[2023-11-10T11:21:41.347-0800][74904979ms] GC(19777) User=0.00s Sys=0.00s Real=0.01s
[2023-11-10T11:21:41.892-0800][74905524ms] GC(19778) Pause Young (Normal) (G1 Evacuation Pause)
[2023-11-10T11:21:41.893-0800][74905525ms] GC(19778) Using 10 workers of 10 for evacuation
[2023-11-10T11:21:41.898-0800][74905530ms] GC(19778)   Pre Evacuate Collection Set: 0.0ms
[2023-11-10T11:21:41.898-0800][74905530ms] GC(19778)   Evacuate Collection Set: 1.8ms
[2023-11-10T11:21:41.898-0800][74905530ms] GC(19778)   Post Evacuate Collection Set: 3.8ms
[2023-11-10T11:21:41.898-0800][74905530ms] GC(19778)   Other: 0.3ms
[2023-11-10T11:21:41.898-0800][74905530ms] GC(19778) Eden regions: 229->0(229)
[2023-11-10T11:21:41.898-0800][74905530ms] GC(19778) Survivor regions: 1->1(29)
[2023-11-10T11:21:41.898-0800][74905530ms] GC(19778) Old regions: 1383->1383
[2023-11-10T11:21:41.898-0800][74905530ms] GC(19778) Humongous regions: 5->5
[2023-11-10T11:21:41.898-0800][74905530ms] GC(19778) Metaspace: 304545K->304545K(1347584K)
[2023-11-10T11:21:41.898-0800][74905530ms] GC(19778) Pause Young (Normal) (G1 Evacuation Pause) 3234M->2776M(3602M) 6.055ms
[2023-11-10T11:21:41.898-0800][74905530ms] GC(19778) User=0.00s Sys=0.00s Real=0.01s
[2023-11-10T11:21:42.517-0800][74906149ms] GC(19779) Pause Young (Normal) (G1 Evacuation Pause)
[2023-11-10T11:21:42.517-0800][74906149ms] GC(19779) Using 10 workers of 10 for evacuation
[2023-11-10T11:21:42.524-0800][74906156ms] GC(19779)   Pre Evacuate Collection Set: 0.1ms
[2023-11-10T11:21:42.524-0800][74906156ms] GC(19779)   Evacuate Collection Set: 2.3ms
[2023-11-10T11:21:42.524-0800][74906156ms] GC(19779)   Post Evacuate Collection Set: 4.9ms
[2023-11-10T11:21:42.524-0800][74906156ms] GC(19779)   Other: 0.4ms
[2023-11-10T11:21:42.524-0800][74906156ms] GC(19779) Eden regions: 229->0(229)
[2023-11-10T11:21:42.524-0800][74906156ms] GC(19779) Survivor regions: 1->1(29)
[2023-11-10T11:21:42.524-0800][74906156ms] GC(19779) Old regions: 1383->1383
[2023-11-10T11:21:42.524-0800][74906156ms] GC(19779) Humongous regions: 5->5
[2023-11-10T11:21:42.524-0800][74906156ms] GC(19779) Metaspace: 304545K->304545K(1347584K)
[2023-11-10T11:21:42.524-0800][74906156ms] GC(19779) Pause Young (Normal) (G1 Evacuation Pause) 3234M->2776M(3602M) 7.804ms
[2023-11-10T11:21:42.524-0800][74906156ms] GC(19779) User=0.00s Sys=0.00s Real=0.01s
[2023-11-10T11:21:42.994-0800][74906626ms] GC(19780) Pause Young (Normal) (G1 Evacuation Pause)
[2023-11-10T11:21:42.994-0800][74906626ms] GC(19780) Using 10 workers of 10 for evacuation
[2023-11-10T11:21:43.000-0800][74906632ms] GC(19780)   Pre Evacuate Collection Set: 0.1ms
[2023-11-10T11:21:43.000-0800][74906632ms] GC(19780)   Evacuate Collection Set: 2.1ms
[2023-11-10T11:21:43.000-0800][74906632ms] GC(19780)   Post Evacuate Collection Set: 3.7ms
[2023-11-10T11:21:43.000-0800][74906632ms] GC(19780)   Other: 0.4ms
[2023-11-10T11:21:43.000-0800][74906632ms] GC(19780) Eden regions: 229->0(228)
[2023-11-10T11:21:43.000-0800][74906632ms] GC(19780) Survivor regions: 1->1(29)
[2023-11-10T11:21:43.000-0800][74906632ms] GC(19780) Old regions: 1383->1384
[2023-11-10T11:21:43.000-0800][74906632ms] GC(19780) Humongous regions: 5->5
[2023-11-10T11:21:43.000-0800][74906632ms] GC(19780) Metaspace: 304545K->304545K(1347584K)
[2023-11-10T11:21:43.000-0800][74906632ms] GC(19780) Pause Young (Normal) (G1 Evacuation Pause) 3234M->2777M(3602M) 6.516ms
[2023-11-10T11:21:43.000-0800][74906632ms] GC(19780) User=0.00s Sys=0.00s Real=0.01s
[2023-11-10T11:21:43.581-0800][74907213ms] GC(19781) Pause Young (Normal) (G1 Evacuation Pause)
[2023-11-10T11:21:43.581-0800][74907213ms] GC(19781) Using 10 workers of 10 for evacuation
[2023-11-10T11:21:43.587-0800][74907219ms] GC(19781)   Pre Evacuate Collection Set: 0.1ms
[2023-11-10T11:21:43.587-0800][74907219ms] GC(19781)   Evacuate Collection Set: 2.1ms
[2023-11-10T11:21:43.587-0800][74907219ms] GC(19781)   Post Evacuate Collection Set: 3.3ms
[2023-11-10T11:21:43.587-0800][74907219ms] GC(19781)   Other: 0.3ms
[2023-11-10T11:21:43.587-0800][74907219ms] GC(19781) Eden regions: 228->0(228)
[2023-11-10T11:21:43.587-0800][74907219ms] GC(19781) Survivor regions: 1->1(29)
[2023-11-10T11:21:43.587-0800][74907219ms] GC(19781) Old regions: 1384->1384
[2023-11-10T11:21:43.587-0800][74907219ms] GC(19781) Humongous regions: 5->5
[2023-11-10T11:21:43.587-0800][74907219ms] GC(19781) Metaspace: 304545K->304545K(1347584K)
[2023-11-10T11:21:43.587-0800][74907219ms] GC(19781) Pause Young (Normal) (G1 Evacuation Pause) 3233M->2776M(3602M) 5.847ms
[2023-11-10T11:21:43.587-0800][74907219ms] GC(19781) User=0.02s Sys=0.00s Real=0.01s
[2023-11-10T11:21:44.186-0800][74907818ms] GC(19782) Pause Young (Normal) (G1 Evacuation Pause)
[2023-11-10T11:21:44.186-0800][74907818ms] GC(19782) Using 10 workers of 10 for evacuation
[2023-11-10T11:21:44.192-0800][74907824ms] GC(19782)   Pre Evacuate Collection Set: 0.0ms
[2023-11-10T11:21:44.192-0800][74907824ms] GC(19782)   Evacuate Collection Set: 2.0ms
[2023-11-10T11:21:44.192-0800][74907824ms] GC(19782)   Post Evacuate Collection Set: 4.8ms
[2023-11-10T11:21:44.192-0800][74907825ms] GC(19782)   Other: 0.3ms
[2023-11-10T11:21:44.193-0800][74907825ms] GC(19782) Eden regions: 228->0(228)
[2023-11-10T11:21:44.193-0800][74907825ms] GC(19782) Survivor regions: 1->1(29)
[2023-11-10T11:21:44.193-0800][74907825ms] GC(19782) Old regions: 1384->1384
[2023-11-10T11:21:44.193-0800][74907825ms] GC(19782) Humongous regions: 5->5
[2023-11-10T11:21:44.193-0800][74907825ms] GC(19782) Metaspace: 304545K->304545K(1347584K)
[2023-11-10T11:21:44.193-0800][74907825ms] GC(19782) Pause Young (Normal) (G1 Evacuation Pause) 3232M->2776M(3602M) 7.201ms
[2023-11-10T11:21:44.193-0800][74907825ms] GC(19782) User=0.00s Sys=0.00s Real=0.01s
[2023-11-10T11:21:44.811-0800][74908443ms] GC(19783) Pause Young (Normal) (G1 Evacuation Pause)
[2023-11-10T11:21:44.811-0800][74908443ms] GC(19783) Using 10 workers of 10 for evacuation
[2023-11-10T11:21:44.818-0800][74908450ms] GC(19783)   Pre Evacuate Collection Set: 0.1ms
[2023-11-10T11:21:44.818-0800][74908450ms] GC(19783)   Evacuate Collection Set: 2.3ms
[2023-11-10T11:21:44.818-0800][74908450ms] GC(19783)   Post Evacuate Collection Set: 3.9ms
[2023-11-10T11:21:44.818-0800][74908450ms] GC(19783)   Other: 0.3ms
[2023-11-10T11:21:44.818-0800][74908450ms] GC(19783) Eden regions: 228->0(228)
[2023-11-10T11:21:44.818-0800][74908450ms] GC(19783) Survivor regions: 1->1(29)
[2023-11-10T11:21:44.818-0800][74908450ms] GC(19783) Old regions: 1384->1384
[2023-11-10T11:21:44.818-0800][74908450ms] GC(19783) Humongous regions: 5->5
[2023-11-10T11:21:44.818-0800][74908450ms] GC(19783) Metaspace: 304545K->304545K(1347584K)
[2023-11-10T11:21:44.818-0800][74908450ms] GC(19783) Pause Young (Normal) (G1 Evacuation Pause) 3232M->2776M(3602M) 6.737ms
[2023-11-10T11:21:44.818-0800][74908450ms] GC(19783) User=0.00s Sys=0.00s Real=0.01s
[2023-11-10T11:21:45.373-0800][74909005ms] GC(19784) Pause Young (Normal) (G1 Evacuation Pause)
[2023-11-10T11:21:45.373-0800][74909005ms] GC(19784) Using 10 workers of 10 for evacuation
[2023-11-10T11:21:45.378-0800][74909010ms] GC(19784)   Pre Evacuate Collection Set: 0.1ms
[2023-11-10T11:21:45.378-0800][74909010ms] GC(19784)   Evacuate Collection Set: 1.7ms
[2023-11-10T11:21:45.378-0800][74909010ms] GC(19784)   Post Evacuate Collection Set: 3.3ms
[2023-11-10T11:21:45.378-0800][74909010ms] GC(19784)   Other: 0.3ms
[2023-11-10T11:21:45.378-0800][74909010ms] GC(19784) Eden regions: 228->0(228)
[2023-11-10T11:21:45.378-0800][74909010ms] GC(19784) Survivor regions: 1->1(29)
[2023-11-10T11:21:45.378-0800][74909010ms] GC(19784) Old regions: 1384->1384
[2023-11-10T11:21:45.378-0800][74909010ms] GC(19784) Humongous regions: 5->5
[2023-11-10T11:21:45.378-0800][74909010ms] GC(19784) Metaspace: 304545K->304545K(1347584K)
[2023-11-10T11:21:45.378-0800][74909010ms] GC(19784) Pause Young (Normal) (G1 Evacuation Pause) 3232M->2777M(3602M) 5.485ms
[2023-11-10T11:21:45.378-0800][74909010ms] GC(19784) User=0.00s Sys=0.00s Real=0.01s
[2023-11-10T11:21:45.964-0800][74909596ms] GC(19785) Pause Young (Normal) (G1 Evacuation Pause)
[2023-11-10T11:21:45.964-0800][74909596ms] GC(19785) Using 10 workers of 10 for evacuation
[2023-11-10T11:21:45.968-0800][74909600ms] GC(19785)   Pre Evacuate Collection Set: 0.0ms
[2023-11-10T11:21:45.968-0800][74909600ms] GC(19785)   Evacuate Collection Set: 1.6ms
[2023-11-10T11:21:45.968-0800][74909600ms] GC(19785)   Post Evacuate Collection Set: 3.1ms
[2023-11-10T11:21:45.968-0800][74909600ms] GC(19785)   Other: 0.2ms
[2023-11-10T11:21:45.968-0800][74909600ms] GC(19785) Eden regions: 228->0(228)
[2023-11-10T11:21:45.968-0800][74909600ms] GC(19785) Survivor regions: 1->1(29)
[2023-11-10T11:21:45.968-0800][74909600ms] GC(19785) Old regions: 1384->1384
[2023-11-10T11:21:45.968-0800][74909600ms] GC(19785) Humongous regions: 5->5
[2023-11-10T11:21:45.968-0800][74909600ms] GC(19785) Metaspace: 304545K->304545K(1347584K)
[2023-11-10T11:21:45.968-0800][74909600ms] GC(19785) Pause Young (Normal) (G1 Evacuation Pause) 3233M->2776M(3602M) 5.033ms
[2023-11-10T11:21:45.969-0800][74909601ms] GC(19785) User=0.00s Sys=0.00s Real=0.01s
[2023-11-10T11:21:46.491-0800][74910123ms] GC(19786) Pause Young (Normal) (G1 Evacuation Pause)
[2023-11-10T11:21:46.491-0800][74910123ms] GC(19786) Using 10 workers of 10 for evacuation
[2023-11-10T11:21:46.496-0800][74910128ms] GC(19786)   Pre Evacuate Collection Set: 0.0ms
[2023-11-10T11:21:46.496-0800][74910128ms] GC(19786)   Evacuate Collection Set: 1.5ms
[2023-11-10T11:21:46.496-0800][74910128ms] GC(19786)   Post Evacuate Collection Set: 3.0ms
[2023-11-10T11:21:46.496-0800][74910128ms] GC(19786)   Other: 0.3ms
[2023-11-10T11:21:46.496-0800][74910128ms] GC(19786) Eden regions: 228->0(228)
[2023-11-10T11:21:46.496-0800][74910128ms] GC(19786) Survivor regions: 1->1(29)
[2023-11-10T11:21:46.496-0800][74910128ms] GC(19786) Old regions: 1384->1384
[2023-11-10T11:21:46.496-0800][74910128ms] GC(19786) Humongous regions: 5->5
[2023-11-10T11:21:46.496-0800][74910128ms] GC(19786) Metaspace: 304545K->304545K(1347584K)
[2023-11-10T11:21:46.496-0800][74910128ms] GC(19786) Pause Young (Normal) (G1 Evacuation Pause) 3232M->2776M(3602M) 4.906ms
[2023-11-10T11:21:46.496-0800][74910128ms] GC(19786) User=0.06s Sys=0.00s Real=0.01s
[2023-11-10T11:21:46.949-0800][74910581ms] GC(19787) Pause Young (Normal) (G1 Evacuation Pause)
[2023-11-10T11:21:46.949-0800][74910581ms] GC(19787) Using 10 workers of 10 for evacuation
[2023-11-10T11:21:46.954-0800][74910586ms] GC(19787)   Pre Evacuate Collection Set: 0.0ms
[2023-11-10T11:21:46.954-0800][74910586ms] GC(19787)   Evacuate Collection Set: 1.7ms
[2023-11-10T11:21:46.954-0800][74910586ms] GC(19787)   Post Evacuate Collection Set: 3.4ms
[2023-11-10T11:21:46.954-0800][74910586ms] GC(19787)   Other: 0.3ms
[2023-11-10T11:21:46.954-0800][74910586ms] GC(19787) Eden regions: 228->0(228)
[2023-11-10T11:21:46.954-0800][74910586ms] GC(19787) Survivor regions: 1->1(29)
[2023-11-10T11:21:46.954-0800][74910586ms] GC(19787) Old regions: 1384->1384
[2023-11-10T11:21:46.954-0800][74910586ms] GC(19787) Humongous regions: 5->5
[2023-11-10T11:21:46.954-0800][74910586ms] GC(19787) Metaspace: 304545K->304545K(1347584K)
[2023-11-10T11:21:46.954-0800][74910586ms] GC(19787) Pause Young (Normal) (G1 Evacuation Pause) 3232M->2776M(3602M) 5.527ms
[2023-11-10T11:21:46.954-0800][74910586ms] GC(19787) User=0.00s Sys=0.00s Real=0.01s
[2023-11-10T11:21:47.475-0800][74911107ms] GC(19788) Pause Young (Normal) (G1 Evacuation Pause)
[2023-11-10T11:21:47.475-0800][74911107ms] GC(19788) Using 10 workers of 10 for evacuation
[2023-11-10T11:21:47.481-0800][74911113ms] GC(19788)   Pre Evacuate Collection Set: 0.1ms
[2023-11-10T11:21:47.481-0800][74911113ms] GC(19788)   Evacuate Collection Set: 1.8ms
[2023-11-10T11:21:47.481-0800][74911113ms] GC(19788)   Post Evacuate Collection Set: 3.5ms
[2023-11-10T11:21:47.481-0800][74911113ms] GC(19788)   Other: 0.3ms
[2023-11-10T11:21:47.481-0800][74911113ms] GC(19788) Eden regions: 228->0(228)
[2023-11-10T11:21:47.481-0800][74911113ms] GC(19788) Survivor regions: 1->1(29)
[2023-11-10T11:21:47.481-0800][74911113ms] GC(19788) Old regions: 1384->1384
[2023-11-10T11:21:47.481-0800][74911113ms] GC(19788) Humongous regions: 5->5
[2023-11-10T11:21:47.481-0800][74911113ms] GC(19788) Metaspace: 304545K->304545K(1347584K)
[2023-11-10T11:21:47.481-0800][74911113ms] GC(19788) Pause Young (Normal) (G1 Evacuation Pause) 3232M->2776M(3602M) 5.755ms
[2023-11-10T11:21:47.481-0800][74911113ms] GC(19788) User=0.00s Sys=0.00s Real=0.01s
[2023-11-10T11:21:48.003-0800][74911635ms] GC(19789) Pause Young (Normal) (G1 Evacuation Pause)
[2023-11-10T11:21:48.003-0800][74911635ms] GC(19789) Using 10 workers of 10 for evacuation
[2023-11-10T11:21:48.008-0800][74911640ms] GC(19789)   Pre Evacuate Collection Set: 0.0ms
[2023-11-10T11:21:48.008-0800][74911640ms] GC(19789)   Evacuate Collection Set: 1.7ms
[2023-11-10T11:21:48.008-0800][74911640ms] GC(19789)   Post Evacuate Collection Set: 3.3ms
[2023-11-10T11:21:48.008-0800][74911640ms] GC(19789)   Other: 0.3ms
[2023-11-10T11:21:48.008-0800][74911640ms] GC(19789) Eden regions: 228->0(228)
[2023-11-10T11:21:48.008-0800][74911640ms] GC(19789) Survivor regions: 1->1(29)
[2023-11-10T11:21:48.008-0800][74911640ms] GC(19789) Old regions: 1384->1384
[2023-11-10T11:21:48.008-0800][74911640ms] GC(19789) Humongous regions: 5->5
[2023-11-10T11:21:48.008-0800][74911640ms] GC(19789) Metaspace: 304545K->304545K(1347584K)
[2023-11-10T11:21:48.008-0800][74911640ms] GC(19789) Pause Young (Normal) (G1 Evacuation Pause) 3232M->2777M(3602M) 5.331ms
[2023-11-10T11:21:48.008-0800][74911640ms] GC(19789) User=0.00s Sys=0.00s Real=0.00s
[2023-11-10T11:21:48.556-0800][74912188ms] GC(19790) Pause Young (Normal) (G1 Evacuation Pause)
[2023-11-10T11:21:48.556-0800][74912188ms] GC(19790) Using 10 workers of 10 for evacuation
[2023-11-10T11:21:48.562-0800][74912194ms] GC(19790)   Pre Evacuate Collection Set: 0.0ms
[2023-11-10T11:21:48.562-0800][74912194ms] GC(19790)   Evacuate Collection Set: 1.9ms
[2023-11-10T11:21:48.562-0800][74912194ms] GC(19790)   Post Evacuate Collection Set: 3.2ms
[2023-11-10T11:21:48.562-0800][74912194ms] GC(19790)   Other: 0.3ms
[2023-11-10T11:21:48.562-0800][74912194ms] GC(19790) Eden regions: 228->0(228)
[2023-11-10T11:21:48.562-0800][74912194ms] GC(19790) Survivor regions: 1->1(29)
[2023-11-10T11:21:48.562-0800][74912194ms] GC(19790) Old regions: 1384->1384
[2023-11-10T11:21:48.562-0800][74912194ms] GC(19790) Humongous regions: 5->5
[2023-11-10T11:21:48.562-0800][74912194ms] GC(19790) Metaspace: 304545K->304545K(1347584K)
[2023-11-10T11:21:48.562-0800][74912194ms] GC(19790) Pause Young (Normal) (G1 Evacuation Pause) 3233M->2777M(3602M) 5.528ms
[2023-11-10T11:21:48.562-0800][74912194ms] GC(19790) User=0.00s Sys=0.00s Real=0.01s
[2023-11-10T11:21:49.097-0800][74912729ms] GC(19791) Pause Young (Normal) (G1 Evacuation Pause)
[2023-11-10T11:21:49.097-0800][74912729ms] GC(19791) Using 10 workers of 10 for evacuation
[2023-11-10T11:21:49.103-0800][74912735ms] GC(19791)   Pre Evacuate Collection Set: 0.0ms
[2023-11-10T11:21:49.103-0800][74912735ms] GC(19791)   Evacuate Collection Set: 1.9ms
[2023-11-10T11:21:49.103-0800][74912735ms] GC(19791)   Post Evacuate Collection Set: 3.4ms
[2023-11-10T11:21:49.103-0800][74912735ms] GC(19791)   Other: 0.3ms
[2023-11-10T11:21:49.103-0800][74912735ms] GC(19791) Eden regions: 228->0(228)
[2023-11-10T11:21:49.103-0800][74912735ms] GC(19791) Survivor regions: 1->1(29)
[2023-11-10T11:21:49.103-0800][74912735ms] GC(19791) Old regions: 1384->1384
[2023-11-10T11:21:49.103-0800][74912735ms] GC(19791) Humongous regions: 5->5
[2023-11-10T11:21:49.103-0800][74912735ms] GC(19791) Metaspace: 304546K->304546K(1347584K)
[2023-11-10T11:21:49.103-0800][74912735ms] GC(19791) Pause Young (Normal) (G1 Evacuation Pause) 3233M->2777M(3602M) 5.742ms
[2023-11-10T11:21:49.103-0800][74912735ms] GC(19791) User=0.02s Sys=0.00s Real=0.01s
[2023-11-10T11:21:49.731-0800][74913363ms] GC(19792) Pause Young (Normal) (G1 Evacuation Pause)
[2023-11-10T11:21:49.731-0800][74913363ms] GC(19792) Using 10 workers of 10 for evacuation
[2023-11-10T11:21:49.739-0800][74913371ms] GC(19792)   Pre Evacuate Collection Set: 0.1ms
[2023-11-10T11:21:49.739-0800][74913371ms] GC(19792)   Evacuate Collection Set: 2.4ms
[2023-11-10T11:21:49.739-0800][74913371ms] GC(19792)   Post Evacuate Collection Set: 4.3ms
[2023-11-10T11:21:49.739-0800][74913371ms] GC(19792)   Other: 0.4ms
[2023-11-10T11:21:49.739-0800][74913371ms] GC(19792) Eden regions: 228->0(228)
[2023-11-10T11:21:49.739-0800][74913371ms] GC(19792) Survivor regions: 1->1(29)
[2023-11-10T11:21:49.739-0800][74913371ms] GC(19792) Old regions: 1384->1384
[2023-11-10T11:21:49.739-0800][74913371ms] GC(19792) Humongous regions: 5->5
[2023-11-10T11:21:49.739-0800][74913371ms] GC(19792) Metaspace: 304546K->304546K(1347584K)
[2023-11-10T11:21:49.739-0800][74913371ms] GC(19792) Pause Young (Normal) (G1 Evacuation Pause) 3233M->2777M(3602M) 7.366ms
[2023-11-10T11:21:49.739-0800][74913371ms] GC(19792) User=0.00s Sys=0.00s Real=0.01s
[2023-11-10T11:21:50.264-0800][74913896ms] GC(19793) Pause Young (Normal) (G1 Evacuation Pause)
[2023-11-10T11:21:50.264-0800][74913896ms] GC(19793) Using 10 workers of 10 for evacuation
[2023-11-10T11:21:50.271-0800][74913903ms] GC(19793)   Pre Evacuate Collection Set: 0.0ms
[2023-11-10T11:21:50.271-0800][74913903ms] GC(19793)   Evacuate Collection Set: 1.7ms
[2023-11-10T11:21:50.271-0800][74913903ms] GC(19793)   Post Evacuate Collection Set: 4.0ms
[2023-11-10T11:21:50.271-0800][74913903ms] GC(19793)   Other: 0.3ms
[2023-11-10T11:21:50.271-0800][74913903ms] GC(19793) Eden regions: 228->0(228)
[2023-11-10T11:21:50.271-0800][74913903ms] GC(19793) Survivor regions: 1->1(29)
[2023-11-10T11:21:50.271-0800][74913903ms] GC(19793) Old regions: 1384->1384
[2023-11-10T11:21:50.271-0800][74913903ms] GC(19793) Humongous regions: 5->5
[2023-11-10T11:21:50.271-0800][74913903ms] GC(19793) Metaspace: 304546K->304546K(1347584K)
[2023-11-10T11:21:50.271-0800][74913903ms] GC(19793) Pause Young (Normal) (G1 Evacuation Pause) 3233M->2777M(3602M) 6.191ms
[2023-11-10T11:21:50.271-0800][74913903ms] GC(19793) User=0.00s Sys=0.00s Real=0.01s
[2023-11-10T11:21:50.816-0800][74914448ms] GC(19794) Pause Young (Normal) (G1 Evacuation Pause)
[2023-11-10T11:21:50.816-0800][74914448ms] GC(19794) Using 10 workers of 10 for evacuation
[2023-11-10T11:21:50.822-0800][74914454ms] GC(19794)   Pre Evacuate Collection Set: 0.0ms
[2023-11-10T11:21:50.822-0800][74914454ms] GC(19794)   Evacuate Collection Set: 1.7ms
[2023-11-10T11:21:50.822-0800][74914454ms] GC(19794)   Post Evacuate Collection Set: 3.4ms
[2023-11-10T11:21:50.822-0800][74914454ms] GC(19794)   Other: 0.3ms
[2023-11-10T11:21:50.822-0800][74914454ms] GC(19794) Eden regions: 228->0(229)
[2023-11-10T11:21:50.822-0800][74914454ms] GC(19794) Survivor regions: 1->1(29)
[2023-11-10T11:21:50.822-0800][74914454ms] GC(19794) Old regions: 1384->1384
[2023-11-10T11:21:50.822-0800][74914454ms] GC(19794) Humongous regions: 5->5
[2023-11-10T11:21:50.822-0800][74914454ms] GC(19794) Metaspace: 304546K->304546K(1347584K)
[2023-11-10T11:21:50.822-0800][74914454ms] GC(19794) Pause Young (Normal) (G1 Evacuation Pause) 3233M->2777M(3602M) 5.402ms
[2023-11-10T11:21:50.822-0800][74914454ms] GC(19794) User=0.00s Sys=0.00s Real=0.01s
[2023-11-10T11:21:51.366-0800][74914998ms] GC(19795) Pause Young (Normal) (G1 Evacuation Pause)
[2023-11-10T11:21:51.366-0800][74914998ms] GC(19795) Using 10 workers of 10 for evacuation
[2023-11-10T11:21:51.375-0800][74915007ms] GC(19795)   Pre Evacuate Collection Set: 0.1ms
[2023-11-10T11:21:51.375-0800][74915007ms] GC(19795)   Evacuate Collection Set: 2.5ms
[2023-11-10T11:21:51.375-0800][74915007ms] GC(19795)   Post Evacuate Collection Set: 6.0ms
[2023-11-10T11:21:51.375-0800][74915007ms] GC(19795)   Other: 0.4ms
[2023-11-10T11:21:51.375-0800][74915007ms] GC(19795) Eden regions: 229->0(229)
[2023-11-10T11:21:51.376-0800][74915008ms] GC(19795) Survivor regions: 1->1(29)
[2023-11-10T11:21:51.376-0800][74915008ms] GC(19795) Old regions: 1384->1384
[2023-11-10T11:21:51.376-0800][74915008ms] GC(19795) Humongous regions: 5->5
[2023-11-10T11:21:51.376-0800][74915008ms] GC(19795) Metaspace: 304546K->304546K(1347584K)
[2023-11-10T11:21:51.376-0800][74915008ms] GC(19795) Pause Young (Normal) (G1 Evacuation Pause) 3235M->2777M(3602M) 9.027ms
[2023-11-10T11:21:51.376-0800][74915008ms] GC(19795) User=0.11s Sys=0.00s Real=0.01s
[2023-11-10T11:21:52.114-0800][74915746ms] GC(19796) Pause Young (Normal) (G1 Evacuation Pause)
[2023-11-10T11:21:52.114-0800][74915746ms] GC(19796) Using 10 workers of 10 for evacuation
[2023-11-10T11:21:52.120-0800][74915752ms] GC(19796)   Pre Evacuate Collection Set: 0.0ms
[2023-11-10T11:21:52.120-0800][74915752ms] GC(19796)   Evacuate Collection Set: 1.7ms
[2023-11-10T11:21:52.120-0800][74915752ms] GC(19796)   Post Evacuate Collection Set: 3.4ms
[2023-11-10T11:21:52.120-0800][74915752ms] GC(19796)   Other: 0.3ms
[2023-11-10T11:21:52.120-0800][74915752ms] GC(19796) Eden regions: 229->0(229)
[2023-11-10T11:21:52.120-0800][74915752ms] GC(19796) Survivor regions: 1->1(29)
[2023-11-10T11:21:52.120-0800][74915752ms] GC(19796) Old regions: 1384->1384
[2023-11-10T11:21:52.120-0800][74915752ms] GC(19796) Humongous regions: 5->5
[2023-11-10T11:21:52.120-0800][74915752ms] GC(19796) Metaspace: 304546K->304546K(1347584K)
[2023-11-10T11:21:52.120-0800][74915752ms] GC(19796) Pause Young (Normal) (G1 Evacuation Pause) 3235M->2777M(3602M) 5.517ms
[2023-11-10T11:21:52.120-0800][74915752ms] GC(19796) User=0.02s Sys=0.00s Real=0.01s
[2023-11-10T11:21:52.706-0800][74916338ms] GC(19797) Pause Young (Normal) (G1 Evacuation Pause)
[2023-11-10T11:21:52.706-0800][74916338ms] GC(19797) Using 10 workers of 10 for evacuation
[2023-11-10T11:21:52.714-0800][74916346ms] GC(19797)   Pre Evacuate Collection Set: 0.1ms
[2023-11-10T11:21:52.714-0800][74916346ms] GC(19797)   Evacuate Collection Set: 3.0ms
[2023-11-10T11:21:52.714-0800][74916346ms] GC(19797)   Post Evacuate Collection Set: 4.8ms
[2023-11-10T11:21:52.714-0800][74916346ms] GC(19797)   Other: 0.4ms
[2023-11-10T11:21:52.714-0800][74916346ms] GC(19797) Eden regions: 229->0(229)
[2023-11-10T11:21:52.714-0800][74916346ms] GC(19797) Survivor regions: 1->1(29)
[2023-11-10T11:21:52.714-0800][74916346ms] GC(19797) Old regions: 1384->1384
[2023-11-10T11:21:52.714-0800][74916346ms] GC(19797) Humongous regions: 5->5
[2023-11-10T11:21:52.714-0800][74916346ms] GC(19797) Metaspace: 304546K->304546K(1347584K)
[2023-11-10T11:21:52.714-0800][74916346ms] GC(19797) Pause Young (Normal) (G1 Evacuation Pause) 3235M->2777M(3602M) 8.337ms
[2023-11-10T11:21:52.714-0800][74916346ms] GC(19797) User=0.00s Sys=0.00s Real=0.01s
[2023-11-10T11:21:53.334-0800][74916966ms] GC(19798) Pause Young (Normal) (G1 Evacuation Pause)
[2023-11-10T11:21:53.334-0800][74916966ms] GC(19798) Using 10 workers of 10 for evacuation
[2023-11-10T11:21:53.340-0800][74916972ms] GC(19798)   Pre Evacuate Collection Set: 0.0ms
[2023-11-10T11:21:53.340-0800][74916972ms] GC(19798)   Evacuate Collection Set: 1.7ms
[2023-11-10T11:21:53.340-0800][74916972ms] GC(19798)   Post Evacuate Collection Set: 3.3ms
[2023-11-10T11:21:53.340-0800][74916972ms] GC(19798)   Other: 0.3ms
[2023-11-10T11:21:53.340-0800][74916972ms] GC(19798) Eden regions: 229->0(229)
[2023-11-10T11:21:53.340-0800][74916972ms] GC(19798) Survivor regions: 1->1(29)
[2023-11-10T11:21:53.340-0800][74916972ms] GC(19798) Old regions: 1384->1384
[2023-11-10T11:21:53.340-0800][74916972ms] GC(19798) Humongous regions: 5->5
[2023-11-10T11:21:53.340-0800][74916972ms] GC(19798) Metaspace: 304546K->304546K(1347584K)
[2023-11-10T11:21:53.340-0800][74916972ms] GC(19798) Pause Young (Normal) (G1 Evacuation Pause) 3235M->2777M(3602M) 5.365ms
[2023-11-10T11:21:53.340-0800][74916972ms] GC(19798) User=0.00s Sys=0.00s Real=0.01s
[2023-11-10T11:21:53.971-0800][74917603ms] GC(19799) Pause Young (Normal) (G1 Evacuation Pause)
[2023-11-10T11:21:53.971-0800][74917603ms] GC(19799) Using 10 workers of 10 for evacuation
[2023-11-10T11:21:53.978-0800][74917610ms] GC(19799)   Pre Evacuate Collection Set: 0.1ms
[2023-11-10T11:21:53.978-0800][74917610ms] GC(19799)   Evacuate Collection Set: 2.4ms
[2023-11-10T11:21:53.978-0800][74917610ms] GC(19799)   Post Evacuate Collection Set: 4.2ms
[2023-11-10T11:21:53.978-0800][74917610ms] GC(19799)   Other: 0.4ms
[2023-11-10T11:21:53.978-0800][74917610ms] GC(19799) Eden regions: 229->0(229)
[2023-11-10T11:21:53.978-0800][74917610ms] GC(19799) Survivor regions: 1->1(29)
[2023-11-10T11:21:53.978-0800][74917610ms] GC(19799) Old regions: 1384->1384
[2023-11-10T11:21:53.978-0800][74917610ms] GC(19799) Humongous regions: 5->5
[2023-11-10T11:21:53.978-0800][74917610ms] GC(19799) Metaspace: 304546K->304546K(1347584K)
[2023-11-10T11:21:53.978-0800][74917610ms] GC(19799) Pause Young (Normal) (G1 Evacuation Pause) 3235M->2777M(3602M) 7.141ms
[2023-11-10T11:21:53.978-0800][74917610ms] GC(19799) User=0.02s Sys=0.00s Real=0.01s
[2023-11-10T11:21:54.601-0800][74918233ms] GC(19800) Pause Young (Normal) (G1 Evacuation Pause)
[2023-11-10T11:21:54.601-0800][74918233ms] GC(19800) Using 10 workers of 10 for evacuation
[2023-11-10T11:21:54.607-0800][74918239ms] GC(19800)   Pre Evacuate Collection Set: 0.1ms
[2023-11-10T11:21:54.607-0800][74918239ms] GC(19800)   Evacuate Collection Set: 1.6ms
[2023-11-10T11:21:54.607-0800][74918239ms] GC(19800)   Post Evacuate Collection Set: 3.2ms
[2023-11-10T11:21:54.607-0800][74918239ms] GC(19800)   Other: 0.2ms
[2023-11-10T11:21:54.607-0800][74918239ms] GC(19800) Eden regions: 229->0(229)
[2023-11-10T11:21:54.607-0800][74918239ms] GC(19800) Survivor regions: 1->1(29)
[2023-11-10T11:21:54.607-0800][74918239ms] GC(19800) Old regions: 1384->1384
[2023-11-10T11:21:54.607-0800][74918239ms] GC(19800) Humongous regions: 5->5
[2023-11-10T11:21:54.607-0800][74918239ms] GC(19800) Metaspace: 304546K->304546K(1347584K)
[2023-11-10T11:21:54.607-0800][74918239ms] GC(19800) Pause Young (Normal) (G1 Evacuation Pause) 3235M->2777M(3602M) 5.227ms
[2023-11-10T11:21:54.607-0800][74918239ms] GC(19800) User=0.00s Sys=0.00s Real=0.01s
[2023-11-10T11:21:55.137-0800][74918769ms] GC(19801) Pause Young (Normal) (G1 Evacuation Pause)
[2023-11-10T11:21:55.137-0800][74918769ms] GC(19801) Using 10 workers of 10 for evacuation
[2023-11-10T11:21:55.142-0800][74918774ms] GC(19801)   Pre Evacuate Collection Set: 0.0ms
[2023-11-10T11:21:55.142-0800][74918774ms] GC(19801)   Evacuate Collection Set: 1.6ms
[2023-11-10T11:21:55.142-0800][74918774ms] GC(19801)   Post Evacuate Collection Set: 3.2ms
[2023-11-10T11:21:55.142-0800][74918774ms] GC(19801)   Other: 0.3ms
[2023-11-10T11:21:55.142-0800][74918774ms] GC(19801) Eden regions: 229->0(229)
[2023-11-10T11:21:55.142-0800][74918774ms] GC(19801) Survivor regions: 1->1(29)
[2023-11-10T11:21:55.142-0800][74918774ms] GC(19801) Old regions: 1384->1384
[2023-11-10T11:21:55.142-0800][74918774ms] GC(19801) Humongous regions: 5->5
[2023-11-10T11:21:55.142-0800][74918774ms] GC(19801) Metaspace: 304546K->304546K(1347584K)
[2023-11-10T11:21:55.142-0800][74918774ms] GC(19801) Pause Young (Normal) (G1 Evacuation Pause) 3235M->2777M(3602M) 5.252ms
[2023-11-10T11:21:55.142-0800][74918774ms] GC(19801) User=0.00s Sys=0.00s Real=0.00s
[2023-11-10T11:21:55.720-0800][74919352ms] GC(19802) Pause Young (Normal) (G1 Evacuation Pause)
[2023-11-10T11:21:55.720-0800][74919352ms] GC(19802) Using 10 workers of 10 for evacuation
[2023-11-10T11:21:55.726-0800][74919358ms] GC(19802)   Pre Evacuate Collection Set: 0.0ms
[2023-11-10T11:21:55.726-0800][74919358ms] GC(19802)   Evacuate Collection Set: 1.6ms
[2023-11-10T11:21:55.726-0800][74919358ms] GC(19802)   Post Evacuate Collection Set: 3.1ms
[2023-11-10T11:21:55.726-0800][74919358ms] GC(19802)   Other: 0.4ms
[2023-11-10T11:21:55.726-0800][74919358ms] GC(19802) Eden regions: 229->0(229)
[2023-11-10T11:21:55.726-0800][74919358ms] GC(19802) Survivor regions: 1->1(29)
[2023-11-10T11:21:55.726-0800][74919358ms] GC(19802) Old regions: 1384->1384
[2023-11-10T11:21:55.726-0800][74919358ms] GC(19802) Humongous regions: 5->5
[2023-11-10T11:21:55.726-0800][74919358ms] GC(19802) Metaspace: 304546K->304546K(1347584K)
[2023-11-10T11:21:55.726-0800][74919358ms] GC(19802) Pause Young (Normal) (G1 Evacuation Pause) 3235M->2777M(3602M) 5.230ms
[2023-11-10T11:21:55.726-0800][74919358ms] GC(19802) User=0.00s Sys=0.00s Real=0.01s
[2023-11-10T11:21:56.307-0800][74919939ms] GC(19803) Pause Young (Normal) (G1 Evacuation Pause)
[2023-11-10T11:21:56.307-0800][74919939ms] GC(19803) Using 10 workers of 10 for evacuation
[2023-11-10T11:21:56.312-0800][74919944ms] GC(19803)   Pre Evacuate Collection Set: 0.0ms
[2023-11-10T11:21:56.313-0800][74919945ms] GC(19803)   Evacuate Collection Set: 1.7ms
[2023-11-10T11:21:56.313-0800][74919945ms] GC(19803)   Post Evacuate Collection Set: 3.1ms
[2023-11-10T11:21:56.313-0800][74919945ms] GC(19803)   Other: 0.3ms
[2023-11-10T11:21:56.313-0800][74919945ms] GC(19803) Eden regions: 229->0(229)
[2023-11-10T11:21:56.313-0800][74919945ms] GC(19803) Survivor regions: 1->1(29)
[2023-11-10T11:21:56.313-0800][74919945ms] GC(19803) Old regions: 1384->1384
[2023-11-10T11:21:56.313-0800][74919945ms] GC(19803) Humongous regions: 5->5
[2023-11-10T11:21:56.313-0800][74919945ms] GC(19803) Metaspace: 304546K->304546K(1347584K)
[2023-11-10T11:21:56.313-0800][74919945ms] GC(19803) Pause Young (Normal) (G1 Evacuation Pause) 3235M->2777M(3602M) 5.144ms
[2023-11-10T11:21:56.313-0800][74919945ms] GC(19803) User=0.00s Sys=0.00s Real=0.01s
[2023-11-10T11:21:56.914-0800][74920546ms] GC(19804) Pause Young (Normal) (G1 Evacuation Pause)
[2023-11-10T11:21:56.914-0800][74920546ms] GC(19804) Using 10 workers of 10 for evacuation
[2023-11-10T11:21:56.920-0800][74920552ms] GC(19804)   Pre Evacuate Collection Set: 0.0ms
[2023-11-10T11:21:56.920-0800][74920552ms] GC(19804)   Evacuate Collection Set: 1.7ms
[2023-11-10T11:21:56.920-0800][74920552ms] GC(19804)   Post Evacuate Collection Set: 3.5ms
[2023-11-10T11:21:56.920-0800][74920552ms] GC(19804)   Other: 0.2ms
[2023-11-10T11:21:56.920-0800][74920552ms] GC(19804) Eden regions: 229->0(229)
[2023-11-10T11:21:56.920-0800][74920552ms] GC(19804) Survivor regions: 1->1(29)
[2023-11-10T11:21:56.920-0800][74920552ms] GC(19804) Old regions: 1384->1384
[2023-11-10T11:21:56.920-0800][74920552ms] GC(19804) Humongous regions: 5->5
[2023-11-10T11:21:56.920-0800][74920552ms] GC(19804) Metaspace: 304546K->304546K(1347584K)
[2023-11-10T11:21:56.920-0800][74920552ms] GC(19804) Pause Young (Normal) (G1 Evacuation Pause) 3235M->2777M(3602M) 5.575ms
[2023-11-10T11:21:56.920-0800][74920552ms] GC(19804) User=0.00s Sys=0.00s Real=0.01s
[2023-11-10T11:21:57.524-0800][74921156ms] GC(19805) Pause Young (Normal) (G1 Evacuation Pause)
[2023-11-10T11:21:57.524-0800][74921156ms] GC(19805) Using 10 workers of 10 for evacuation
[2023-11-10T11:21:57.530-0800][74921162ms] GC(19805)   Pre Evacuate Collection Set: 0.1ms
[2023-11-10T11:21:57.530-0800][74921162ms] GC(19805)   Evacuate Collection Set: 2.0ms
[2023-11-10T11:21:57.530-0800][74921162ms] GC(19805)   Post Evacuate Collection Set: 3.1ms
[2023-11-10T11:21:57.530-0800][74921162ms] GC(19805)   Other: 0.5ms
[2023-11-10T11:21:57.530-0800][74921162ms] GC(19805) Eden regions: 229->0(229)
[2023-11-10T11:21:57.530-0800][74921162ms] GC(19805) Survivor regions: 1->1(29)
[2023-11-10T11:21:57.530-0800][74921162ms] GC(19805) Old regions: 1384->1384
[2023-11-10T11:21:57.530-0800][74921162ms] GC(19805) Humongous regions: 5->5
[2023-11-10T11:21:57.530-0800][74921162ms] GC(19805) Metaspace: 304546K->304546K(1347584K)
[2023-11-10T11:21:57.530-0800][74921162ms] GC(19805) Pause Young (Normal) (G1 Evacuation Pause) 3235M->2777M(3602M) 5.649ms
[2023-11-10T11:21:57.530-0800][74921162ms] GC(19805) User=0.00s Sys=0.00s Real=0.01s
[2023-11-10T11:21:58.015-0800][74921647ms] GC(19806) Pause Young (Normal) (G1 Evacuation Pause)
[2023-11-10T11:21:58.015-0800][74921647ms] GC(19806) Using 10 workers of 10 for evacuation
[2023-11-10T11:21:58.021-0800][74921653ms] GC(19806)   Pre Evacuate Collection Set: 0.1ms
[2023-11-10T11:21:58.021-0800][74921653ms] GC(19806)   Evacuate Collection Set: 2.4ms
[2023-11-10T11:21:58.021-0800][74921653ms] GC(19806)   Post Evacuate Collection Set: 3.7ms
[2023-11-10T11:21:58.021-0800][74921653ms] GC(19806)   Other: 0.3ms
[2023-11-10T11:21:58.021-0800][74921653ms] GC(19806) Eden regions: 229->0(229)
[2023-11-10T11:21:58.021-0800][74921653ms] GC(19806) Survivor regions: 1->1(29)
[2023-11-10T11:21:58.021-0800][74921653ms] GC(19806) Old regions: 1384->1384
[2023-11-10T11:21:58.021-0800][74921653ms] GC(19806) Humongous regions: 5->5
[2023-11-10T11:21:58.021-0800][74921653ms] GC(19806) Metaspace: 304546K->304546K(1347584K)
[2023-11-10T11:21:58.021-0800][74921653ms] GC(19806) Pause Young (Normal) (G1 Evacuation Pause) 3235M->2777M(3602M) 6.557ms
[2023-11-10T11:21:58.021-0800][74921653ms] GC(19806) User=0.00s Sys=0.00s Real=0.01s
[2023-11-10T11:21:58.635-0800][74922267ms] GC(19807) Pause Young (Normal) (G1 Evacuation Pause)
[2023-11-10T11:21:58.635-0800][74922267ms] GC(19807) Using 10 workers of 10 for evacuation
[2023-11-10T11:21:58.641-0800][74922273ms] GC(19807)   Pre Evacuate Collection Set: 0.1ms
[2023-11-10T11:21:58.641-0800][74922273ms] GC(19807)   Evacuate Collection Set: 2.3ms
[2023-11-10T11:21:58.641-0800][74922273ms] GC(19807)   Post Evacuate Collection Set: 4.0ms
[2023-11-10T11:21:58.641-0800][74922273ms] GC(19807)   Other: 0.3ms
[2023-11-10T11:21:58.641-0800][74922273ms] GC(19807) Eden regions: 229->0(229)
[2023-11-10T11:21:58.641-0800][74922273ms] GC(19807) Survivor regions: 1->1(29)
[2023-11-10T11:21:58.641-0800][74922273ms] GC(19807) Old regions: 1384->1384
[2023-11-10T11:21:58.641-0800][74922273ms] GC(19807) Humongous regions: 5->5
[2023-11-10T11:21:58.641-0800][74922273ms] GC(19807) Metaspace: 304546K->304546K(1347584K)
[2023-11-10T11:21:58.642-0800][74922274ms] GC(19807) Pause Young (Normal) (G1 Evacuation Pause) 3235M->2777M(3602M) 6.767ms
[2023-11-10T11:21:58.642-0800][74922274ms] GC(19807) User=0.00s Sys=0.00s Real=0.01s
[2023-11-10T11:21:59.198-0800][74922830ms] GC(19808) Pause Young (Normal) (G1 Evacuation Pause)
[2023-11-10T11:21:59.198-0800][74922830ms] GC(19808) Using 10 workers of 10 for evacuation
[2023-11-10T11:21:59.204-0800][74922836ms] GC(19808)   Pre Evacuate Collection Set: 0.0ms
[2023-11-10T11:21:59.204-0800][74922836ms] GC(19808)   Evacuate Collection Set: 1.7ms
[2023-11-10T11:21:59.204-0800][74922836ms] GC(19808)   Post Evacuate Collection Set: 3.1ms
[2023-11-10T11:21:59.204-0800][74922836ms] GC(19808)   Other: 0.2ms
[2023-11-10T11:21:59.204-0800][74922836ms] GC(19808) Eden regions: 229->0(229)
[2023-11-10T11:21:59.204-0800][74922836ms] GC(19808) Survivor regions: 1->1(29)
[2023-11-10T11:21:59.204-0800][74922836ms] GC(19808) Old regions: 1384->1384
[2023-11-10T11:21:59.204-0800][74922836ms] GC(19808) Humongous regions: 5->5
[2023-11-10T11:21:59.204-0800][74922836ms] GC(19808) Metaspace: 304546K->304546K(1347584K)
[2023-11-10T11:21:59.204-0800][74922836ms] GC(19808) Pause Young (Normal) (G1 Evacuation Pause) 3235M->2777M(3602M) 5.160ms
[2023-11-10T11:21:59.204-0800][74922836ms] GC(19808) User=0.00s Sys=0.00s Real=0.01s
[2023-11-10T11:21:59.939-0800][74923571ms] GC(19809) Pause Young (Normal) (G1 Evacuation Pause)
[2023-11-10T11:21:59.939-0800][74923571ms] GC(19809) Using 10 workers of 10 for evacuation
[2023-11-10T11:21:59.945-0800][74923577ms] GC(19809)   Pre Evacuate Collection Set: 0.0ms
[2023-11-10T11:21:59.946-0800][74923578ms] GC(19809)   Evacuate Collection Set: 2.0ms
[2023-11-10T11:21:59.946-0800][74923578ms] GC(19809)   Post Evacuate Collection Set: 4.1ms
[2023-11-10T11:21:59.946-0800][74923578ms] GC(19809)   Other: 0.3ms
[2023-11-10T11:21:59.946-0800][74923578ms] GC(19809) Eden regions: 229->0(229)
[2023-11-10T11:21:59.946-0800][74923578ms] GC(19809) Survivor regions: 1->1(29)
[2023-11-10T11:21:59.946-0800][74923578ms] GC(19809) Old regions: 1384->1384
[2023-11-10T11:21:59.946-0800][74923578ms] GC(19809) Humongous regions: 5->5
[2023-11-10T11:21:59.946-0800][74923578ms] GC(19809) Metaspace: 304546K->304546K(1347584K)
[2023-11-10T11:21:59.946-0800][74923578ms] GC(19809) Pause Young (Normal) (G1 Evacuation Pause) 3235M->2777M(3602M) 6.630ms
[2023-11-10T11:21:59.946-0800][74923578ms] GC(19809) User=0.00s Sys=0.00s Real=0.01s
[2023-11-10T11:22:00.523-0800][74924155ms] GC(19810) Pause Young (Normal) (G1 Evacuation Pause)
[2023-11-10T11:22:00.523-0800][74924155ms] GC(19810) Using 10 workers of 10 for evacuation
[2023-11-10T11:22:00.529-0800][74924161ms] GC(19810)   Pre Evacuate Collection Set: 0.1ms
[2023-11-10T11:22:00.529-0800][74924161ms] GC(19810)   Evacuate Collection Set: 1.9ms
[2023-11-10T11:22:00.529-0800][74924161ms] GC(19810)   Post Evacuate Collection Set: 3.5ms
[2023-11-10T11:22:00.529-0800][74924161ms] GC(19810)   Other: 0.4ms
[2023-11-10T11:22:00.529-0800][74924161ms] GC(19810) Eden regions: 229->0(229)
[2023-11-10T11:22:00.529-0800][74924161ms] GC(19810) Survivor regions: 1->1(29)
[2023-11-10T11:22:00.529-0800][74924161ms] GC(19810) Old regions: 1384->1384
[2023-11-10T11:22:00.529-0800][74924161ms] GC(19810) Humongous regions: 5->5
[2023-11-10T11:22:00.529-0800][74924161ms] GC(19810) Metaspace: 304546K->304546K(1347584K)
[2023-11-10T11:22:00.529-0800][74924161ms] GC(19810) Pause Young (Normal) (G1 Evacuation Pause) 3235M->2777M(3602M) 5.888ms
[2023-11-10T11:22:00.529-0800][74924161ms] GC(19810) User=0.00s Sys=0.00s Real=0.01s
[2023-11-10T11:22:01.109-0800][74924741ms] GC(19811) Pause Young (Normal) (G1 Evacuation Pause)
[2023-11-10T11:22:01.109-0800][74924741ms] GC(19811) Using 10 workers of 10 for evacuation
[2023-11-10T11:22:01.115-0800][74924747ms] GC(19811)   Pre Evacuate Collection Set: 0.0ms
[2023-11-10T11:22:01.115-0800][74924747ms] GC(19811)   Evacuate Collection Set: 1.6ms
[2023-11-10T11:22:01.115-0800][74924747ms] GC(19811)   Post Evacuate Collection Set: 3.3ms
[2023-11-10T11:22:01.115-0800][74924747ms] GC(19811)   Other: 0.3ms
[2023-11-10T11:22:01.115-0800][74924747ms] GC(19811) Eden regions: 229->0(229)
[2023-11-10T11:22:01.115-0800][74924747ms] GC(19811) Survivor regions: 1->1(29)
[2023-11-10T11:22:01.115-0800][74924747ms] GC(19811) Old regions: 1384->1384
[2023-11-10T11:22:01.115-0800][74924747ms] GC(19811) Humongous regions: 5->5
[2023-11-10T11:22:01.115-0800][74924747ms] GC(19811) Metaspace: 304546K->304546K(1347584K)
[2023-11-10T11:22:01.115-0800][74924747ms] GC(19811) Pause Young (Normal) (G1 Evacuation Pause) 3235M->2777M(3602M) 5.443ms
[2023-11-10T11:22:01.115-0800][74924747ms] GC(19811) User=0.00s Sys=0.00s Real=0.01s
[2023-11-10T11:22:01.716-0800][74925348ms] GC(19812) Pause Young (Normal) (G1 Evacuation Pause)
[2023-11-10T11:22:01.716-0800][74925348ms] GC(19812) Using 10 workers of 10 for evacuation
[2023-11-10T11:22:01.723-0800][74925355ms] GC(19812)   Pre Evacuate Collection Set: 0.0ms
[2023-11-10T11:22:01.723-0800][74925355ms] GC(19812)   Evacuate Collection Set: 2.5ms
[2023-11-10T11:22:01.723-0800][74925355ms] GC(19812)   Post Evacuate Collection Set: 3.8ms
[2023-11-10T11:22:01.723-0800][74925355ms] GC(19812)   Other: 0.3ms
[2023-11-10T11:22:01.723-0800][74925355ms] GC(19812) Eden regions: 229->0(229)
[2023-11-10T11:22:01.723-0800][74925355ms] GC(19812) Survivor regions: 1->1(29)
[2023-11-10T11:22:01.723-0800][74925355ms] GC(19812) Old regions: 1384->1384
[2023-11-10T11:22:01.723-0800][74925355ms] GC(19812) Humongous regions: 5->5
[2023-11-10T11:22:01.723-0800][74925355ms] GC(19812) Metaspace: 304546K->304546K(1347584K)
[2023-11-10T11:22:01.723-0800][74925355ms] GC(19812) Pause Young (Normal) (G1 Evacuation Pause) 3235M->2777M(3602M) 6.695ms
[2023-11-10T11:22:01.723-0800][74925355ms] GC(19812) User=0.00s Sys=0.00s Real=0.01s
[2023-11-10T11:22:02.247-0800][74925879ms] GC(19813) Pause Young (Normal) (G1 Evacuation Pause)
[2023-11-10T11:22:02.247-0800][74925879ms] GC(19813) Using 10 workers of 10 for evacuation
[2023-11-10T11:22:02.253-0800][74925885ms] GC(19813)   Pre Evacuate Collection Set: 0.0ms
[2023-11-10T11:22:02.253-0800][74925885ms] GC(19813)   Evacuate Collection Set: 2.0ms
[2023-11-10T11:22:02.253-0800][74925885ms] GC(19813)   Post Evacuate Collection Set: 4.2ms
[2023-11-10T11:22:02.253-0800][74925885ms] GC(19813)   Other: 0.3ms
[2023-11-10T11:22:02.253-0800][74925885ms] GC(19813) Eden regions: 229->0(229)
[2023-11-10T11:22:02.253-0800][74925885ms] GC(19813) Survivor regions: 1->1(29)
[2023-11-10T11:22:02.253-0800][74925885ms] GC(19813) Old regions: 1384->1384
[2023-11-10T11:22:02.253-0800][74925885ms] GC(19813) Humongous regions: 5->5
[2023-11-10T11:22:02.253-0800][74925885ms] GC(19813) Metaspace: 304546K->304546K(1347584K)
[2023-11-10T11:22:02.253-0800][74925885ms] GC(19813) Pause Young (Normal) (G1 Evacuation Pause) 3235M->2777M(3602M) 6.619ms
[2023-11-10T11:22:02.253-0800][74925885ms] GC(19813) User=0.00s Sys=0.00s Real=0.01s
[2023-11-10T11:22:02.835-0800][74926467ms] GC(19814) Pause Young (Normal) (G1 Evacuation Pause)
[2023-11-10T11:22:02.835-0800][74926467ms] GC(19814) Using 10 workers of 10 for evacuation
[2023-11-10T11:22:02.842-0800][74926474ms] GC(19814)   Pre Evacuate Collection Set: 0.1ms
[2023-11-10T11:22:02.842-0800][74926474ms] GC(19814)   Evacuate Collection Set: 2.3ms
[2023-11-10T11:22:02.842-0800][74926474ms] GC(19814)   Post Evacuate Collection Set: 4.0ms
[2023-11-10T11:22:02.842-0800][74926474ms] GC(19814)   Other: 0.4ms
[2023-11-10T11:22:02.842-0800][74926474ms] GC(19814) Eden regions: 229->0(229)
[2023-11-10T11:22:02.842-0800][74926474ms] GC(19814) Survivor regions: 1->1(29)
[2023-11-10T11:22:02.842-0800][74926474ms] GC(19814) Old regions: 1384->1384
[2023-11-10T11:22:02.842-0800][74926474ms] GC(19814) Humongous regions: 5->5
[2023-11-10T11:22:02.842-0800][74926474ms] GC(19814) Metaspace: 304546K->304546K(1347584K)
[2023-11-10T11:22:02.842-0800][74926474ms] GC(19814) Pause Young (Normal) (G1 Evacuation Pause) 3235M->2777M(3602M) 6.856ms
[2023-11-10T11:22:02.842-0800][74926474ms] GC(19814) User=0.00s Sys=0.00s Real=0.01s
[2023-11-10T11:22:03.415-0800][74927047ms] GC(19815) Pause Young (Normal) (G1 Evacuation Pause)
[2023-11-10T11:22:03.415-0800][74927047ms] GC(19815) Using 10 workers of 10 for evacuation
[2023-11-10T11:22:03.420-0800][74927052ms] GC(19815)   Pre Evacuate Collection Set: 0.0ms
[2023-11-10T11:22:03.420-0800][74927052ms] GC(19815)   Evacuate Collection Set: 1.6ms
[2023-11-10T11:22:03.420-0800][74927052ms] GC(19815)   Post Evacuate Collection Set: 3.1ms
[2023-11-10T11:22:03.420-0800][74927052ms] GC(19815)   Other: 0.3ms
[2023-11-10T11:22:03.420-0800][74927052ms] GC(19815) Eden regions: 229->0(229)
[2023-11-10T11:22:03.420-0800][74927052ms] GC(19815) Survivor regions: 1->1(29)
[2023-11-10T11:22:03.420-0800][74927052ms] GC(19815) Old regions: 1384->1384
[2023-11-10T11:22:03.420-0800][74927052ms] GC(19815) Humongous regions: 5->5
[2023-11-10T11:22:03.420-0800][74927052ms] GC(19815) Metaspace: 304546K->304546K(1347584K)
[2023-11-10T11:22:03.420-0800][74927052ms] GC(19815) Pause Young (Normal) (G1 Evacuation Pause) 3235M->2777M(3602M) 5.203ms
[2023-11-10T11:22:03.420-0800][74927052ms] GC(19815) User=0.00s Sys=0.00s Real=0.01s
[2023-11-10T11:22:04.036-0800][74927668ms] GC(19816) Pause Young (Normal) (G1 Evacuation Pause)
[2023-11-10T11:22:04.036-0800][74927668ms] GC(19816) Using 10 workers of 10 for evacuation
[2023-11-10T11:22:04.046-0800][74927678ms] GC(19816)   Pre Evacuate Collection Set: 0.1ms
[2023-11-10T11:22:04.046-0800][74927678ms] GC(19816)   Evacuate Collection Set: 2.7ms
[2023-11-10T11:22:04.046-0800][74927678ms] GC(19816)   Post Evacuate Collection Set: 6.1ms
[2023-11-10T11:22:04.046-0800][74927678ms] GC(19816)   Other: 0.4ms
[2023-11-10T11:22:04.046-0800][74927678ms] GC(19816) Eden regions: 229->0(229)
[2023-11-10T11:22:04.046-0800][74927678ms] GC(19816) Survivor regions: 1->1(29)
[2023-11-10T11:22:04.046-0800][74927678ms] GC(19816) Old regions: 1384->1384
[2023-11-10T11:22:04.046-0800][74927678ms] GC(19816) Humongous regions: 5->5
[2023-11-10T11:22:04.046-0800][74927678ms] GC(19816) Metaspace: 304566K->304566K(1347584K)
[2023-11-10T11:22:04.047-0800][74927679ms] GC(19816) Pause Young (Normal) (G1 Evacuation Pause) 3235M->2777M(3602M) 9.382ms
[2023-11-10T11:22:04.047-0800][74927679ms] GC(19816) User=0.05s Sys=0.00s Real=0.01s
[2023-11-10T11:22:04.671-0800][74928303ms] GC(19817) Pause Young (Normal) (G1 Evacuation Pause)
[2023-11-10T11:22:04.671-0800][74928303ms] GC(19817) Using 10 workers of 10 for evacuation
[2023-11-10T11:22:04.676-0800][74928308ms] GC(19817)   Pre Evacuate Collection Set: 0.0ms
[2023-11-10T11:22:04.676-0800][74928308ms] GC(19817)   Evacuate Collection Set: 1.8ms
[2023-11-10T11:22:04.676-0800][74928308ms] GC(19817)   Post Evacuate Collection Set: 3.1ms
[2023-11-10T11:22:04.676-0800][74928308ms] GC(19817)   Other: 0.3ms
[2023-11-10T11:22:04.676-0800][74928308ms] GC(19817) Eden regions: 229->0(229)
[2023-11-10T11:22:04.676-0800][74928308ms] GC(19817) Survivor regions: 1->1(29)
[2023-11-10T11:22:04.676-0800][74928308ms] GC(19817) Old regions: 1384->1384
[2023-11-10T11:22:04.676-0800][74928308ms] GC(19817) Humongous regions: 5->5
[2023-11-10T11:22:04.676-0800][74928308ms] GC(19817) Metaspace: 304566K->304566K(1347584K)
[2023-11-10T11:22:04.676-0800][74928308ms] GC(19817) Pause Young (Normal) (G1 Evacuation Pause) 3235M->2777M(3602M) 5.371ms
[2023-11-10T11:22:04.676-0800][74928308ms] GC(19817) User=0.00s Sys=0.00s Real=0.01s
[2023-11-10T11:22:05.313-0800][74928945ms] GC(19818) Pause Young (Normal) (G1 Evacuation Pause)
[2023-11-10T11:22:05.313-0800][74928945ms] GC(19818) Using 10 workers of 10 for evacuation
[2023-11-10T11:22:05.320-0800][74928952ms] GC(19818)   Pre Evacuate Collection Set: 0.1ms
[2023-11-10T11:22:05.320-0800][74928952ms] GC(19818)   Evacuate Collection Set: 1.9ms
[2023-11-10T11:22:05.320-0800][74928952ms] GC(19818)   Post Evacuate Collection Set: 4.2ms
[2023-11-10T11:22:05.320-0800][74928952ms] GC(19818)   Other: 0.3ms
[2023-11-10T11:22:05.320-0800][74928952ms] GC(19818) Eden regions: 229->0(229)
[2023-11-10T11:22:05.320-0800][74928952ms] GC(19818) Survivor regions: 1->1(29)
[2023-11-10T11:22:05.320-0800][74928952ms] GC(19818) Old regions: 1384->1384
[2023-11-10T11:22:05.320-0800][74928952ms] GC(19818) Humongous regions: 5->5
[2023-11-10T11:22:05.320-0800][74928952ms] GC(19818) Metaspace: 304566K->304566K(1347584K)
[2023-11-10T11:22:05.320-0800][74928952ms] GC(19818) Pause Young (Normal) (G1 Evacuation Pause) 3235M->2777M(3602M) 6.649ms
[2023-11-10T11:22:05.320-0800][74928952ms] GC(19818) User=0.02s Sys=0.00s Real=0.01s
[2023-11-10T11:22:05.898-0800][74929530ms] GC(19819) Pause Young (Normal) (G1 Evacuation Pause)
[2023-11-10T11:22:05.898-0800][74929530ms] GC(19819) Using 10 workers of 10 for evacuation
[2023-11-10T11:22:05.905-0800][74929537ms] GC(19819)   Pre Evacuate Collection Set: 0.0ms
[2023-11-10T11:22:05.905-0800][74929537ms] GC(19819)   Evacuate Collection Set: 2.4ms
[2023-11-10T11:22:05.905-0800][74929537ms] GC(19819)   Post Evacuate Collection Set: 4.7ms
[2023-11-10T11:22:05.905-0800][74929537ms] GC(19819)   Other: 0.4ms
[2023-11-10T11:22:05.905-0800][74929537ms] GC(19819) Eden regions: 229->0(229)
[2023-11-10T11:22:05.905-0800][74929537ms] GC(19819) Survivor regions: 1->1(29)
[2023-11-10T11:22:05.905-0800][74929537ms] GC(19819) Old regions: 1384->1384
[2023-11-10T11:22:05.905-0800][74929537ms] GC(19819) Humongous regions: 5->5
[2023-11-10T11:22:05.905-0800][74929537ms] GC(19819) Metaspace: 304631K->304631K(1347584K)
[2023-11-10T11:22:05.905-0800][74929537ms] GC(19819) Pause Young (Normal) (G1 Evacuation Pause) 3235M->2778M(3602M) 7.660ms
[2023-11-10T11:22:05.905-0800][74929537ms] GC(19819) User=0.00s Sys=0.00s Real=0.01s
[2023-11-10T11:22:06.496-0800][74930128ms] GC(19820) Pause Young (Normal) (G1 Evacuation Pause)
[2023-11-10T11:22:06.496-0800][74930128ms] GC(19820) Using 10 workers of 10 for evacuation
[2023-11-10T11:22:06.504-0800][74930136ms] GC(19820)   Pre Evacuate Collection Set: 0.1ms
[2023-11-10T11:22:06.504-0800][74930136ms] GC(19820)   Evacuate Collection Set: 2.7ms
[2023-11-10T11:22:06.504-0800][74930136ms] GC(19820)   Post Evacuate Collection Set: 4.1ms
[2023-11-10T11:22:06.504-0800][74930136ms] GC(19820)   Other: 0.4ms
[2023-11-10T11:22:06.504-0800][74930136ms] GC(19820) Eden regions: 229->0(228)
[2023-11-10T11:22:06.504-0800][74930136ms] GC(19820) Survivor regions: 1->1(29)
[2023-11-10T11:22:06.504-0800][74930136ms] GC(19820) Old regions: 1384->1384
[2023-11-10T11:22:06.504-0800][74930136ms] GC(19820) Humongous regions: 5->5
[2023-11-10T11:22:06.504-0800][74930136ms] GC(19820) Metaspace: 304631K->304631K(1347584K)
[2023-11-10T11:22:06.504-0800][74930136ms] GC(19820) Pause Young (Normal) (G1 Evacuation Pause) 3236M->2778M(3602M) 7.495ms
[2023-11-10T11:22:06.504-0800][74930136ms] GC(19820) User=0.00s Sys=0.00s Real=0.01s
[2023-11-10T11:22:07.098-0800][74930730ms] GC(19821) Pause Young (Normal) (G1 Evacuation Pause)
[2023-11-10T11:22:07.098-0800][74930730ms] GC(19821) Using 10 workers of 10 for evacuation
[2023-11-10T11:22:07.104-0800][74930736ms] GC(19821)   Pre Evacuate Collection Set: 0.1ms
[2023-11-10T11:22:07.104-0800][74930736ms] GC(19821)   Evacuate Collection Set: 2.1ms
[2023-11-10T11:22:07.104-0800][74930736ms] GC(19821)   Post Evacuate Collection Set: 3.3ms
[2023-11-10T11:22:07.104-0800][74930736ms] GC(19821)   Other: 0.4ms
[2023-11-10T11:22:07.104-0800][74930736ms] GC(19821) Eden regions: 228->0(228)
[2023-11-10T11:22:07.104-0800][74930736ms] GC(19821) Survivor regions: 1->1(29)
[2023-11-10T11:22:07.104-0800][74930736ms] GC(19821) Old regions: 1384->1384
[2023-11-10T11:22:07.104-0800][74930736ms] GC(19821) Humongous regions: 5->5
[2023-11-10T11:22:07.104-0800][74930736ms] GC(19821) Metaspace: 304631K->304631K(1347584K)
[2023-11-10T11:22:07.104-0800][74930736ms] GC(19821) Pause Young (Normal) (G1 Evacuation Pause) 3234M->2778M(3602M) 5.917ms
[2023-11-10T11:22:07.104-0800][74930736ms] GC(19821) User=0.02s Sys=0.00s Real=0.01s
[2023-11-10T11:22:07.638-0800][74931270ms] GC(19822) Pause Young (Normal) (G1 Evacuation Pause)
[2023-11-10T11:22:07.638-0800][74931270ms] GC(19822) Using 10 workers of 10 for evacuation
[2023-11-10T11:22:07.643-0800][74931275ms] GC(19822)   Pre Evacuate Collection Set: 0.0ms
[2023-11-10T11:22:07.643-0800][74931275ms] GC(19822)   Evacuate Collection Set: 1.9ms
[2023-11-10T11:22:07.643-0800][74931275ms] GC(19822)   Post Evacuate Collection Set: 3.0ms
[2023-11-10T11:22:07.643-0800][74931275ms] GC(19822)   Other: 0.3ms
[2023-11-10T11:22:07.643-0800][74931275ms] GC(19822) Eden regions: 228->0(228)
[2023-11-10T11:22:07.644-0800][74931276ms] GC(19822) Survivor regions: 1->1(29)
[2023-11-10T11:22:07.644-0800][74931276ms] GC(19822) Old regions: 1384->1384
[2023-11-10T11:22:07.644-0800][74931276ms] GC(19822) Humongous regions: 5->5
[2023-11-10T11:22:07.644-0800][74931276ms] GC(19822) Metaspace: 304631K->304631K(1347584K)
[2023-11-10T11:22:07.644-0800][74931276ms] GC(19822) Pause Young (Normal) (G1 Evacuation Pause) 3234M->2778M(3602M) 5.273ms
[2023-11-10T11:22:07.644-0800][74931276ms] GC(19822) User=0.00s Sys=0.00s Real=0.01s
[2023-11-10T11:22:08.215-0800][74931847ms] GC(19823) Pause Young (Normal) (G1 Evacuation Pause)
[2023-11-10T11:22:08.215-0800][74931847ms] GC(19823) Using 10 workers of 10 for evacuation
[2023-11-10T11:22:08.220-0800][74931852ms] GC(19823)   Pre Evacuate Collection Set: 0.0ms
[2023-11-10T11:22:08.220-0800][74931852ms] GC(19823)   Evacuate Collection Set: 1.9ms
[2023-11-10T11:22:08.221-0800][74931853ms] GC(19823)   Post Evacuate Collection Set: 3.2ms
[2023-11-10T11:22:08.221-0800][74931853ms] GC(19823)   Other: 0.3ms
[2023-11-10T11:22:08.221-0800][74931853ms] GC(19823) Eden regions: 228->0(228)
[2023-11-10T11:22:08.221-0800][74931853ms] GC(19823) Survivor regions: 1->1(29)
[2023-11-10T11:22:08.221-0800][74931853ms] GC(19823) Old regions: 1384->1384
[2023-11-10T11:22:08.221-0800][74931853ms] GC(19823) Humongous regions: 5->5
[2023-11-10T11:22:08.221-0800][74931853ms] GC(19823) Metaspace: 304631K->304631K(1347584K)
[2023-11-10T11:22:08.221-0800][74931853ms] GC(19823) Pause Young (Normal) (G1 Evacuation Pause) 3234M->2778M(3602M) 5.498ms
[2023-11-10T11:22:08.221-0800][74931853ms] GC(19823) User=0.00s Sys=0.00s Real=0.01s
[2023-11-10T11:22:08.765-0800][74932397ms] GC(19824) Pause Young (Normal) (G1 Evacuation Pause)
[2023-11-10T11:22:08.765-0800][74932397ms] GC(19824) Using 10 workers of 10 for evacuation
[2023-11-10T11:22:08.771-0800][74932403ms] GC(19824)   Pre Evacuate Collection Set: 0.1ms
[2023-11-10T11:22:08.771-0800][74932403ms] GC(19824)   Evacuate Collection Set: 2.3ms
[2023-11-10T11:22:08.771-0800][74932403ms] GC(19824)   Post Evacuate Collection Set: 3.3ms
[2023-11-10T11:22:08.771-0800][74932403ms] GC(19824)   Other: 0.3ms
[2023-11-10T11:22:08.771-0800][74932403ms] GC(19824) Eden regions: 228->0(228)
[2023-11-10T11:22:08.771-0800][74932403ms] GC(19824) Survivor regions: 1->1(29)
[2023-11-10T11:22:08.771-0800][74932403ms] GC(19824) Old regions: 1384->1384
[2023-11-10T11:22:08.771-0800][74932403ms] GC(19824) Humongous regions: 5->5
[2023-11-10T11:22:08.771-0800][74932403ms] GC(19824) Metaspace: 304631K->304631K(1347584K)
[2023-11-10T11:22:08.771-0800][74932403ms] GC(19824) Pause Young (Normal) (G1 Evacuation Pause) 3234M->2778M(3602M) 6.055ms
[2023-11-10T11:22:08.771-0800][74932403ms] GC(19824) User=0.00s Sys=0.00s Real=0.01s
[2023-11-10T11:22:09.241-0800][74932873ms] GC(19825) Pause Young (Normal) (G1 Evacuation Pause)
[2023-11-10T11:22:09.241-0800][74932873ms] GC(19825) Using 10 workers of 10 for evacuation
[2023-11-10T11:22:09.248-0800][74932880ms] GC(19825)   Pre Evacuate Collection Set: 0.0ms
[2023-11-10T11:22:09.248-0800][74932880ms] GC(19825)   Evacuate Collection Set: 2.6ms
[2023-11-10T11:22:09.248-0800][74932880ms] GC(19825)   Post Evacuate Collection Set: 3.8ms
[2023-11-10T11:22:09.248-0800][74932880ms] GC(19825)   Other: 0.3ms
[2023-11-10T11:22:09.248-0800][74932880ms] GC(19825) Eden regions: 228->0(228)
[2023-11-10T11:22:09.248-0800][74932880ms] GC(19825) Survivor regions: 1->1(29)
[2023-11-10T11:22:09.248-0800][74932880ms] GC(19825) Old regions: 1384->1384
[2023-11-10T11:22:09.248-0800][74932880ms] GC(19825) Humongous regions: 5->5
[2023-11-10T11:22:09.248-0800][74932880ms] GC(19825) Metaspace: 304631K->304631K(1347584K)
[2023-11-10T11:22:09.248-0800][74932880ms] GC(19825) Pause Young (Normal) (G1 Evacuation Pause) 3234M->2778M(3602M) 6.821ms
[2023-11-10T11:22:09.248-0800][74932880ms] GC(19825) User=0.00s Sys=0.00s Real=0.01s
[2023-11-10T11:22:09.866-0800][74933498ms] GC(19826) Pause Young (Normal) (G1 Evacuation Pause)
[2023-11-10T11:22:09.866-0800][74933498ms] GC(19826) Using 10 workers of 10 for evacuation
[2023-11-10T11:22:09.875-0800][74933507ms] GC(19826)   Pre Evacuate Collection Set: 0.1ms
[2023-11-10T11:22:09.875-0800][74933507ms] GC(19826)   Evacuate Collection Set: 2.8ms
[2023-11-10T11:22:09.875-0800][74933507ms] GC(19826)   Post Evacuate Collection Set: 5.9ms
[2023-11-10T11:22:09.875-0800][74933507ms] GC(19826)   Other: 0.4ms
[2023-11-10T11:22:09.875-0800][74933507ms] GC(19826) Eden regions: 228->0(228)
[2023-11-10T11:22:09.875-0800][74933507ms] GC(19826) Survivor regions: 1->1(29)
[2023-11-10T11:22:09.875-0800][74933507ms] GC(19826) Old regions: 1384->1384
[2023-11-10T11:22:09.875-0800][74933507ms] GC(19826) Humongous regions: 5->5
[2023-11-10T11:22:09.875-0800][74933507ms] GC(19826) Metaspace: 304631K->304631K(1347584K)
[2023-11-10T11:22:09.875-0800][74933507ms] GC(19826) Pause Young (Normal) (G1 Evacuation Pause) 3234M->2778M(3602M) 9.248ms
[2023-11-10T11:22:09.875-0800][74933507ms] GC(19826) User=0.02s Sys=0.00s Real=0.01s
[2023-11-10T11:22:10.466-0800][74934098ms] GC(19827) Pause Young (Normal) (G1 Evacuation Pause)
[2023-11-10T11:22:10.466-0800][74934098ms] GC(19827) Using 10 workers of 10 for evacuation
[2023-11-10T11:22:10.475-0800][74934107ms] GC(19827)   Pre Evacuate Collection Set: 0.1ms
[2023-11-10T11:22:10.475-0800][74934107ms] GC(19827)   Evacuate Collection Set: 2.7ms
[2023-11-10T11:22:10.475-0800][74934107ms] GC(19827)   Post Evacuate Collection Set: 6.3ms
[2023-11-10T11:22:10.475-0800][74934107ms] GC(19827)   Other: 0.4ms
[2023-11-10T11:22:10.475-0800][74934107ms] GC(19827) Eden regions: 228->0(228)
[2023-11-10T11:22:10.475-0800][74934107ms] GC(19827) Survivor regions: 1->1(29)
[2023-11-10T11:22:10.475-0800][74934107ms] GC(19827) Old regions: 1384->1384
[2023-11-10T11:22:10.475-0800][74934107ms] GC(19827) Humongous regions: 5->5
[2023-11-10T11:22:10.475-0800][74934107ms] GC(19827) Metaspace: 304631K->304631K(1347584K)
[2023-11-10T11:22:10.475-0800][74934107ms] GC(19827) Pause Young (Normal) (G1 Evacuation Pause) 3234M->2778M(3602M) 9.584ms
[2023-11-10T11:22:10.475-0800][74934107ms] GC(19827) User=0.00s Sys=0.00s Real=0.01s
[2023-11-10T11:22:11.105-0800][74934737ms] GC(19828) Pause Young (Normal) (G1 Evacuation Pause)
[2023-11-10T11:22:11.105-0800][74934737ms] GC(19828) Using 10 workers of 10 for evacuation
[2023-11-10T11:22:11.111-0800][74934743ms] GC(19828)   Pre Evacuate Collection Set: 0.1ms
[2023-11-10T11:22:11.111-0800][74934743ms] GC(19828)   Evacuate Collection Set: 2.0ms
[2023-11-10T11:22:11.111-0800][74934743ms] GC(19828)   Post Evacuate Collection Set: 3.9ms
[2023-11-10T11:22:11.111-0800][74934743ms] GC(19828)   Other: 0.3ms
[2023-11-10T11:22:11.111-0800][74934743ms] GC(19828) Eden regions: 228->0(228)
[2023-11-10T11:22:11.111-0800][74934743ms] GC(19828) Survivor regions: 1->1(29)
[2023-11-10T11:22:11.111-0800][74934743ms] GC(19828) Old regions: 1384->1384
[2023-11-10T11:22:11.111-0800][74934743ms] GC(19828) Humongous regions: 5->5
[2023-11-10T11:22:11.111-0800][74934743ms] GC(19828) Metaspace: 304631K->304631K(1347584K)
[2023-11-10T11:22:11.111-0800][74934743ms] GC(19828) Pause Young (Normal) (G1 Evacuation Pause) 3234M->2778M(3602M) 6.302ms
[2023-11-10T11:22:11.111-0800][74934743ms] GC(19828) User=0.00s Sys=0.00s Real=0.01s
[2023-11-10T11:22:11.645-0800][74935277ms] GC(19829) Pause Young (Normal) (G1 Evacuation Pause)
[2023-11-10T11:22:11.645-0800][74935277ms] GC(19829) Using 10 workers of 10 for evacuation
[2023-11-10T11:22:11.652-0800][74935284ms] GC(19829)   Pre Evacuate Collection Set: 0.1ms
[2023-11-10T11:22:11.652-0800][74935284ms] GC(19829)   Evacuate Collection Set: 3.0ms
[2023-11-10T11:22:11.652-0800][74935284ms] GC(19829)   Post Evacuate Collection Set: 4.7ms
[2023-11-10T11:22:11.652-0800][74935284ms] GC(19829)   Other: 0.4ms
[2023-11-10T11:22:11.652-0800][74935284ms] GC(19829) Eden regions: 228->0(228)
[2023-11-10T11:22:11.652-0800][74935284ms] GC(19829) Survivor regions: 1->1(29)
[2023-11-10T11:22:11.652-0800][74935284ms] GC(19829) Old regions: 1384->1384
[2023-11-10T11:22:11.652-0800][74935284ms] GC(19829) Humongous regions: 5->5
[2023-11-10T11:22:11.652-0800][74935284ms] GC(19829) Metaspace: 304631K->304631K(1347584K)
[2023-11-10T11:22:11.652-0800][74935284ms] GC(19829) Pause Young (Normal) (G1 Evacuation Pause) 3234M->2778M(3602M) 8.185ms
[2023-11-10T11:22:11.652-0800][74935284ms] GC(19829) User=0.02s Sys=0.00s Real=0.01s
[2023-11-10T11:22:12.256-0800][74935888ms] GC(19830) Pause Young (Normal) (G1 Evacuation Pause)
[2023-11-10T11:22:12.256-0800][74935888ms] GC(19830) Using 10 workers of 10 for evacuation
[2023-11-10T11:22:12.266-0800][74935898ms] GC(19830)   Pre Evacuate Collection Set: 0.1ms
[2023-11-10T11:22:12.266-0800][74935898ms] GC(19830)   Evacuate Collection Set: 3.4ms
[2023-11-10T11:22:12.266-0800][74935898ms] GC(19830)   Post Evacuate Collection Set: 5.2ms
[2023-11-10T11:22:12.266-0800][74935898ms] GC(19830)   Other: 0.4ms
[2023-11-10T11:22:12.266-0800][74935898ms] GC(19830) Eden regions: 228->0(228)
[2023-11-10T11:22:12.266-0800][74935898ms] GC(19830) Survivor regions: 1->1(29)
[2023-11-10T11:22:12.266-0800][74935898ms] GC(19830) Old regions: 1384->1384
[2023-11-10T11:22:12.266-0800][74935898ms] GC(19830) Humongous regions: 5->5
[2023-11-10T11:22:12.266-0800][74935898ms] GC(19830) Metaspace: 304631K->304631K(1347584K)
[2023-11-10T11:22:12.266-0800][74935898ms] GC(19830) Pause Young (Normal) (G1 Evacuation Pause) 3234M->2778M(3602M) 9.221ms
[2023-11-10T11:22:12.266-0800][74935898ms] GC(19830) User=0.06s Sys=0.00s Real=0.01s
[2023-11-10T11:22:12.911-0800][74936543ms] GC(19831) Pause Young (Normal) (G1 Evacuation Pause)
[2023-11-10T11:22:12.911-0800][74936543ms] GC(19831) Using 10 workers of 10 for evacuation
[2023-11-10T11:22:12.919-0800][74936551ms] GC(19831)   Pre Evacuate Collection Set: 0.1ms
[2023-11-10T11:22:12.919-0800][74936551ms] GC(19831)   Evacuate Collection Set: 2.6ms
[2023-11-10T11:22:12.919-0800][74936551ms] GC(19831)   Post Evacuate Collection Set: 5.0ms
[2023-11-10T11:22:12.919-0800][74936551ms] GC(19831)   Other: 0.3ms
[2023-11-10T11:22:12.919-0800][74936551ms] GC(19831) Eden regions: 228->0(228)
[2023-11-10T11:22:12.919-0800][74936551ms] GC(19831) Survivor regions: 1->1(29)
[2023-11-10T11:22:12.919-0800][74936551ms] GC(19831) Old regions: 1384->1384
[2023-11-10T11:22:12.919-0800][74936551ms] GC(19831) Humongous regions: 5->5
[2023-11-10T11:22:12.919-0800][74936551ms] GC(19831) Metaspace: 304631K->304631K(1347584K)
[2023-11-10T11:22:12.919-0800][74936551ms] GC(19831) Pause Young (Normal) (G1 Evacuation Pause) 3234M->2778M(3602M) 8.192ms
[2023-11-10T11:22:12.919-0800][74936551ms] GC(19831) User=0.00s Sys=0.02s Real=0.01s
[2023-11-10T11:22:13.422-0800][74937054ms] GC(19832) Pause Young (Normal) (G1 Evacuation Pause)
[2023-11-10T11:22:13.423-0800][74937055ms] GC(19832) Using 10 workers of 10 for evacuation
[2023-11-10T11:22:13.430-0800][74937062ms] GC(19832)   Pre Evacuate Collection Set: 0.0ms
[2023-11-10T11:22:13.430-0800][74937062ms] GC(19832)   Evacuate Collection Set: 2.2ms
[2023-11-10T11:22:13.430-0800][74937062ms] GC(19832)   Post Evacuate Collection Set: 5.6ms
[2023-11-10T11:22:13.430-0800][74937062ms] GC(19832)   Other: 0.3ms
[2023-11-10T11:22:13.430-0800][74937062ms] GC(19832) Eden regions: 228->0(228)
[2023-11-10T11:22:13.430-0800][74937062ms] GC(19832) Survivor regions: 1->1(29)
[2023-11-10T11:22:13.430-0800][74937062ms] GC(19832) Old regions: 1384->1384
[2023-11-10T11:22:13.430-0800][74937062ms] GC(19832) Humongous regions: 5->5
[2023-11-10T11:22:13.430-0800][74937062ms] GC(19832) Metaspace: 304631K->304631K(1347584K)
[2023-11-10T11:22:13.430-0800][74937062ms] GC(19832) Pause Young (Normal) (G1 Evacuation Pause) 3234M->2778M(3602M) 8.330ms
[2023-11-10T11:22:13.430-0800][74937062ms] GC(19832) User=0.00s Sys=0.00s Real=0.01s
[2023-11-10T11:22:14.020-0800][74937652ms] GC(19833) Pause Young (Normal) (G1 Evacuation Pause)
[2023-11-10T11:22:14.020-0800][74937653ms] GC(19833) Using 10 workers of 10 for evacuation
[2023-11-10T11:22:14.026-0800][74937658ms] GC(19833)   Pre Evacuate Collection Set: 0.1ms
[2023-11-10T11:22:14.026-0800][74937658ms] GC(19833)   Evacuate Collection Set: 2.3ms
[2023-11-10T11:22:14.026-0800][74937658ms] GC(19833)   Post Evacuate Collection Set: 3.4ms
[2023-11-10T11:22:14.026-0800][74937658ms] GC(19833)   Other: 0.3ms
[2023-11-10T11:22:14.026-0800][74937658ms] GC(19833) Eden regions: 228->0(228)
[2023-11-10T11:22:14.026-0800][74937658ms] GC(19833) Survivor regions: 1->1(29)
[2023-11-10T11:22:14.026-0800][74937658ms] GC(19833) Old regions: 1384->1384
[2023-11-10T11:22:14.026-0800][74937658ms] GC(19833) Humongous regions: 5->5
[2023-11-10T11:22:14.026-0800][74937658ms] GC(19833) Metaspace: 304631K->304631K(1347584K)
[2023-11-10T11:22:14.026-0800][74937658ms] GC(19833) Pause Young (Normal) (G1 Evacuation Pause) 3234M->2778M(3602M) 6.234ms
[2023-11-10T11:22:14.026-0800][74937658ms] GC(19833) User=0.00s Sys=0.00s Real=0.01s
[2023-11-10T11:22:14.700-0800][74938332ms] GC(19834) Pause Young (Normal) (G1 Evacuation Pause)
[2023-11-10T11:22:14.700-0800][74938332ms] GC(19834) Using 10 workers of 10 for evacuation
[2023-11-10T11:22:14.708-0800][74938340ms] GC(19834)   Pre Evacuate Collection Set: 0.1ms
[2023-11-10T11:22:14.708-0800][74938340ms] GC(19834)   Evacuate Collection Set: 2.8ms
[2023-11-10T11:22:14.708-0800][74938340ms] GC(19834)   Post Evacuate Collection Set: 4.7ms
[2023-11-10T11:22:14.708-0800][74938340ms] GC(19834)   Other: 0.3ms
[2023-11-10T11:22:14.708-0800][74938340ms] GC(19834) Eden regions: 228->0(228)
[2023-11-10T11:22:14.708-0800][74938340ms] GC(19834) Survivor regions: 1->1(29)
[2023-11-10T11:22:14.708-0800][74938340ms] GC(19834) Old regions: 1384->1384
[2023-11-10T11:22:14.708-0800][74938340ms] GC(19834) Humongous regions: 5->5
[2023-11-10T11:22:14.708-0800][74938340ms] GC(19834) Metaspace: 304631K->304631K(1347584K)
[2023-11-10T11:22:14.708-0800][74938340ms] GC(19834) Pause Young (Normal) (G1 Evacuation Pause) 3234M->2778M(3602M) 7.982ms
[2023-11-10T11:22:14.708-0800][74938340ms] GC(19834) User=0.00s Sys=0.00s Real=0.01s
[2023-11-10T11:22:15.241-0800][74938873ms] GC(19835) Pause Young (Normal) (G1 Evacuation Pause)
[2023-11-10T11:22:15.241-0800][74938873ms] GC(19835) Using 10 workers of 10 for evacuation
[2023-11-10T11:22:15.246-0800][74938878ms] GC(19835)   Pre Evacuate Collection Set: 0.1ms
[2023-11-10T11:22:15.246-0800][74938878ms] GC(19835)   Evacuate Collection Set: 1.6ms
[2023-11-10T11:22:15.246-0800][74938878ms] GC(19835)   Post Evacuate Collection Set: 3.0ms
[2023-11-10T11:22:15.246-0800][74938878ms] GC(19835)   Other: 0.2ms
[2023-11-10T11:22:15.246-0800][74938878ms] GC(19835) Eden regions: 228->0(228)
[2023-11-10T11:22:15.246-0800][74938878ms] GC(19835) Survivor regions: 1->1(29)
[2023-11-10T11:22:15.246-0800][74938878ms] GC(19835) Old regions: 1384->1384
[2023-11-10T11:22:15.246-0800][74938878ms] GC(19835) Humongous regions: 5->5
[2023-11-10T11:22:15.246-0800][74938878ms] GC(19835) Metaspace: 304631K->304631K(1347584K)
[2023-11-10T11:22:15.246-0800][74938878ms] GC(19835) Pause Young (Normal) (G1 Evacuation Pause) 3234M->2778M(3602M) 5.056ms
[2023-11-10T11:22:15.246-0800][74938878ms] GC(19835) User=0.00s Sys=0.00s Real=0.01s
[2023-11-10T11:22:15.830-0800][74939462ms] GC(19836) Pause Young (Normal) (G1 Evacuation Pause)
[2023-11-10T11:22:15.830-0800][74939462ms] GC(19836) Using 10 workers of 10 for evacuation
[2023-11-10T11:22:15.835-0800][74939467ms] GC(19836)   Pre Evacuate Collection Set: 0.0ms
[2023-11-10T11:22:15.835-0800][74939467ms] GC(19836)   Evacuate Collection Set: 1.5ms
[2023-11-10T11:22:15.835-0800][74939467ms] GC(19836)   Post Evacuate Collection Set: 3.8ms
[2023-11-10T11:22:15.835-0800][74939467ms] GC(19836)   Other: 0.3ms
[2023-11-10T11:22:15.835-0800][74939467ms] GC(19836) Eden regions: 228->0(228)
[2023-11-10T11:22:15.835-0800][74939467ms] GC(19836) Survivor regions: 1->1(29)
[2023-11-10T11:22:15.835-0800][74939467ms] GC(19836) Old regions: 1384->1384
[2023-11-10T11:22:15.835-0800][74939467ms] GC(19836) Humongous regions: 5->5
[2023-11-10T11:22:15.835-0800][74939467ms] GC(19836) Metaspace: 304631K->304631K(1347584K)
[2023-11-10T11:22:15.835-0800][74939467ms] GC(19836) Pause Young (Normal) (G1 Evacuation Pause) 3234M->2778M(3602M) 5.671ms
[2023-11-10T11:22:15.835-0800][74939467ms] GC(19836) User=0.00s Sys=0.00s Real=0.01s
[2023-11-10T11:22:16.446-0800][74940078ms] GC(19837) Pause Young (Normal) (G1 Evacuation Pause)
[2023-11-10T11:22:16.446-0800][74940078ms] GC(19837) Using 10 workers of 10 for evacuation
[2023-11-10T11:22:16.451-0800][74940083ms] GC(19837)   Pre Evacuate Collection Set: 0.0ms
[2023-11-10T11:22:16.451-0800][74940083ms] GC(19837)   Evacuate Collection Set: 1.7ms
[2023-11-10T11:22:16.451-0800][74940083ms] GC(19837)   Post Evacuate Collection Set: 3.3ms
[2023-11-10T11:22:16.451-0800][74940083ms] GC(19837)   Other: 0.3ms
[2023-11-10T11:22:16.451-0800][74940083ms] GC(19837) Eden regions: 228->0(228)
[2023-11-10T11:22:16.451-0800][74940083ms] GC(19837) Survivor regions: 1->1(29)
[2023-11-10T11:22:16.451-0800][74940083ms] GC(19837) Old regions: 1384->1384
[2023-11-10T11:22:16.451-0800][74940083ms] GC(19837) Humongous regions: 5->5
[2023-11-10T11:22:16.451-0800][74940083ms] GC(19837) Metaspace: 304631K->304631K(1347584K)
[2023-11-10T11:22:16.451-0800][74940083ms] GC(19837) Pause Young (Normal) (G1 Evacuation Pause) 3234M->2778M(3602M) 5.399ms
[2023-11-10T11:22:16.451-0800][74940083ms] GC(19837) User=0.00s Sys=0.00s Real=0.00s
[2023-11-10T11:22:17.001-0800][74940633ms] GC(19838) Pause Young (Normal) (G1 Evacuation Pause)
[2023-11-10T11:22:17.001-0800][74940633ms] GC(19838) Using 10 workers of 10 for evacuation
[2023-11-10T11:22:17.007-0800][74940639ms] GC(19838)   Pre Evacuate Collection Set: 0.0ms
[2023-11-10T11:22:17.007-0800][74940639ms] GC(19838)   Evacuate Collection Set: 1.7ms
[2023-11-10T11:22:17.007-0800][74940639ms] GC(19838)   Post Evacuate Collection Set: 3.3ms
[2023-11-10T11:22:17.007-0800][74940639ms] GC(19838)   Other: 0.3ms
[2023-11-10T11:22:17.007-0800][74940639ms] GC(19838) Eden regions: 228->0(228)
[2023-11-10T11:22:17.007-0800][74940639ms] GC(19838) Survivor regions: 1->1(29)
[2023-11-10T11:22:17.007-0800][74940639ms] GC(19838) Old regions: 1384->1384
[2023-11-10T11:22:17.007-0800][74940639ms] GC(19838) Humongous regions: 5->5
[2023-11-10T11:22:17.007-0800][74940639ms] GC(19838) Metaspace: 304631K->304631K(1347584K)
[2023-11-10T11:22:17.007-0800][74940639ms] GC(19838) Pause Young (Normal) (G1 Evacuation Pause) 3234M->2778M(3602M) 5.390ms
[2023-11-10T11:22:17.007-0800][74940639ms] GC(19838) User=0.00s Sys=0.00s Real=0.01s
[2023-11-10T11:22:17.630-0800][74941262ms] GC(19839) Pause Young (Normal) (G1 Evacuation Pause)
[2023-11-10T11:22:17.630-0800][74941262ms] GC(19839) Using 10 workers of 10 for evacuation
[2023-11-10T11:22:17.634-0800][74941266ms] GC(19839)   Pre Evacuate Collection Set: 0.0ms
[2023-11-10T11:22:17.635-0800][74941267ms] GC(19839)   Evacuate Collection Set: 1.6ms
[2023-11-10T11:22:17.635-0800][74941267ms] GC(19839)   Post Evacuate Collection Set: 3.1ms
[2023-11-10T11:22:17.635-0800][74941267ms] GC(19839)   Other: 0.3ms
[2023-11-10T11:22:17.635-0800][74941267ms] GC(19839) Eden regions: 228->0(228)
[2023-11-10T11:22:17.635-0800][74941267ms] GC(19839) Survivor regions: 1->1(29)
[2023-11-10T11:22:17.635-0800][74941267ms] GC(19839) Old regions: 1384->1384
[2023-11-10T11:22:17.635-0800][74941267ms] GC(19839) Humongous regions: 5->5
[2023-11-10T11:22:17.635-0800][74941267ms] GC(19839) Metaspace: 304631K->304631K(1347584K)
[2023-11-10T11:22:17.635-0800][74941267ms] GC(19839) Pause Young (Normal) (G1 Evacuation Pause) 3234M->2778M(3602M) 5.082ms
[2023-11-10T11:22:17.635-0800][74941267ms] GC(19839) User=0.02s Sys=0.00s Real=0.00s
[2023-11-10T11:22:18.157-0800][74941789ms] GC(19840) Pause Young (Normal) (G1 Evacuation Pause)
[2023-11-10T11:22:18.157-0800][74941789ms] GC(19840) Using 10 workers of 10 for evacuation
[2023-11-10T11:22:18.162-0800][74941794ms] GC(19840)   Pre Evacuate Collection Set: 0.0ms
[2023-11-10T11:22:18.162-0800][74941794ms] GC(19840)   Evacuate Collection Set: 2.1ms
[2023-11-10T11:22:18.162-0800][74941794ms] GC(19840)   Post Evacuate Collection Set: 3.6ms
[2023-11-10T11:22:18.162-0800][74941794ms] GC(19840)   Other: 0.4ms
[2023-11-10T11:22:18.162-0800][74941794ms] GC(19840) Eden regions: 228->0(228)
[2023-11-10T11:22:18.162-0800][74941794ms] GC(19840) Survivor regions: 1->1(29)
[2023-11-10T11:22:18.162-0800][74941794ms] GC(19840) Old regions: 1384->1385
[2023-11-10T11:22:18.163-0800][74941795ms] GC(19840) Humongous regions: 5->5
[2023-11-10T11:22:18.163-0800][74941795ms] GC(19840) Metaspace: 304631K->304631K(1347584K)
[2023-11-10T11:22:18.163-0800][74941795ms] GC(19840) Pause Young (Normal) (G1 Evacuation Pause) 3234M->2778M(3602M) 6.272ms
[2023-11-10T11:22:18.163-0800][74941795ms] GC(19840) User=0.00s Sys=0.00s Real=0.01s
[2023-11-10T11:22:18.783-0800][74942415ms] GC(19841) Pause Young (Normal) (G1 Evacuation Pause)
[2023-11-10T11:22:18.783-0800][74942415ms] GC(19841) Using 10 workers of 10 for evacuation
[2023-11-10T11:22:18.788-0800][74942420ms] GC(19841)   Pre Evacuate Collection Set: 0.0ms
[2023-11-10T11:22:18.788-0800][74942420ms] GC(19841)   Evacuate Collection Set: 1.7ms
[2023-11-10T11:22:18.788-0800][74942420ms] GC(19841)   Post Evacuate Collection Set: 3.4ms
[2023-11-10T11:22:18.788-0800][74942420ms] GC(19841)   Other: 0.2ms
[2023-11-10T11:22:18.788-0800][74942420ms] GC(19841) Eden regions: 228->0(228)
[2023-11-10T11:22:18.788-0800][74942420ms] GC(19841) Survivor regions: 1->1(29)
[2023-11-10T11:22:18.788-0800][74942420ms] GC(19841) Old regions: 1385->1385
[2023-11-10T11:22:18.788-0800][74942420ms] GC(19841) Humongous regions: 5->5
[2023-11-10T11:22:18.788-0800][74942420ms] GC(19841) Metaspace: 304631K->304631K(1347584K)
[2023-11-10T11:22:18.788-0800][74942420ms] GC(19841) Pause Young (Normal) (G1 Evacuation Pause) 3234M->2778M(3602M) 5.480ms
[2023-11-10T11:22:18.788-0800][74942420ms] GC(19841) User=0.02s Sys=0.00s Real=0.01s
[2023-11-10T11:22:19.345-0800][74942977ms] GC(19842) Pause Young (Normal) (G1 Evacuation Pause)
[2023-11-10T11:22:19.345-0800][74942977ms] GC(19842) Using 10 workers of 10 for evacuation
[2023-11-10T11:22:19.354-0800][74942986ms] GC(19842)   Pre Evacuate Collection Set: 0.0ms
[2023-11-10T11:22:19.354-0800][74942986ms] GC(19842)   Evacuate Collection Set: 1.7ms
[2023-11-10T11:22:19.354-0800][74942986ms] GC(19842)   Post Evacuate Collection Set: 8.1ms
[2023-11-10T11:22:19.355-0800][74942987ms] GC(19842)   Other: 0.3ms
[2023-11-10T11:22:19.355-0800][74942987ms] GC(19842) Eden regions: 228->0(228)
[2023-11-10T11:22:19.355-0800][74942987ms] GC(19842) Survivor regions: 1->1(29)
[2023-11-10T11:22:19.355-0800][74942987ms] GC(19842) Old regions: 1385->1385
[2023-11-10T11:22:19.355-0800][74942987ms] GC(19842) Humongous regions: 5->5
[2023-11-10T11:22:19.355-0800][74942987ms] GC(19842) Metaspace: 304631K->304631K(1347584K)
[2023-11-10T11:22:19.355-0800][74942987ms] GC(19842) Pause Young (Normal) (G1 Evacuation Pause) 3234M->2778M(3602M) 10.271ms
[2023-11-10T11:22:19.355-0800][74942987ms] GC(19842) User=0.00s Sys=0.00s Real=0.01s
[2023-11-10T11:22:19.949-0800][74943582ms] GC(19843) Pause Young (Normal) (GCLocker Initiated GC)
[2023-11-10T11:22:19.950-0800][74943582ms] GC(19843) Using 10 workers of 10 for evacuation
[2023-11-10T11:22:19.955-0800][74943587ms] GC(19843)   Pre Evacuate Collection Set: 0.1ms
[2023-11-10T11:22:19.955-0800][74943587ms] GC(19843)   Evacuate Collection Set: 1.9ms
[2023-11-10T11:22:19.955-0800][74943587ms] GC(19843)   Post Evacuate Collection Set: 3.5ms
[2023-11-10T11:22:19.955-0800][74943587ms] GC(19843)   Other: 0.4ms
[2023-11-10T11:22:19.955-0800][74943587ms] GC(19843) Eden regions: 229->0(228)
[2023-11-10T11:22:19.955-0800][74943587ms] GC(19843) Survivor regions: 1->1(29)
[2023-11-10T11:22:19.955-0800][74943587ms] GC(19843) Old regions: 1385->1385
[2023-11-10T11:22:19.955-0800][74943587ms] GC(19843) Humongous regions: 5->5
[2023-11-10T11:22:19.955-0800][74943587ms] GC(19843) Metaspace: 304631K->304631K(1347584K)
[2023-11-10T11:22:19.955-0800][74943587ms] GC(19843) Pause Young (Normal) (GCLocker Initiated GC) 3234M->2778M(3602M) 6.001ms
[2023-11-10T11:22:19.955-0800][74943587ms] GC(19843) User=0.00s Sys=0.00s Real=0.01s
[2023-11-10T11:22:20.675-0800][74944307ms] GC(19844) Pause Young (Normal) (GCLocker Initiated GC)
[2023-11-10T11:22:20.675-0800][74944307ms] GC(19844) Using 10 workers of 10 for evacuation
[2023-11-10T11:22:20.683-0800][74944315ms] GC(19844)   Pre Evacuate Collection Set: 0.1ms
[2023-11-10T11:22:20.683-0800][74944315ms] GC(19844)   Evacuate Collection Set: 2.5ms
[2023-11-10T11:22:20.683-0800][74944315ms] GC(19844)   Post Evacuate Collection Set: 6.0ms
[2023-11-10T11:22:20.683-0800][74944315ms] GC(19844)   Other: 0.4ms
[2023-11-10T11:22:20.683-0800][74944315ms] GC(19844) Eden regions: 229->0(228)
[2023-11-10T11:22:20.683-0800][74944315ms] GC(19844) Survivor regions: 1->1(29)
[2023-11-10T11:22:20.683-0800][74944315ms] GC(19844) Old regions: 1385->1385
[2023-11-10T11:22:20.683-0800][74944315ms] GC(19844) Humongous regions: 5->5
[2023-11-10T11:22:20.683-0800][74944315ms] GC(19844) Metaspace: 304631K->304631K(1347584K)
[2023-11-10T11:22:20.683-0800][74944315ms] GC(19844) Pause Young (Normal) (GCLocker Initiated GC) 3234M->2778M(3602M) 9.110ms
[2023-11-10T11:22:20.683-0800][74944315ms] GC(19844) User=0.02s Sys=0.00s Real=0.01s
[2023-11-10T11:22:21.265-0800][74944897ms] GC(19845) Pause Young (Normal) (G1 Evacuation Pause)
[2023-11-10T11:22:21.265-0800][74944897ms] GC(19845) Using 10 workers of 10 for evacuation
[2023-11-10T11:22:21.275-0800][74944907ms] GC(19845)   Pre Evacuate Collection Set: 0.1ms
[2023-11-10T11:22:21.275-0800][74944907ms] GC(19845)   Evacuate Collection Set: 5.6ms
[2023-11-10T11:22:21.275-0800][74944907ms] GC(19845)   Post Evacuate Collection Set: 3.9ms
[2023-11-10T11:22:21.275-0800][74944907ms] GC(19845)   Other: 0.3ms
[2023-11-10T11:22:21.275-0800][74944907ms] GC(19845) Eden regions: 228->0(228)
[2023-11-10T11:22:21.275-0800][74944907ms] GC(19845) Survivor regions: 1->1(29)
[2023-11-10T11:22:21.275-0800][74944907ms] GC(19845) Old regions: 1385->1385
[2023-11-10T11:22:21.275-0800][74944907ms] GC(19845) Humongous regions: 5->5
[2023-11-10T11:22:21.275-0800][74944907ms] GC(19845) Metaspace: 304631K->304631K(1347584K)
[2023-11-10T11:22:21.275-0800][74944907ms] GC(19845) Pause Young (Normal) (G1 Evacuation Pause) 3234M->2778M(3602M) 9.984ms
[2023-11-10T11:22:21.275-0800][74944907ms] GC(19845) User=0.02s Sys=0.00s Real=0.01s
[2023-11-10T11:22:21.846-0800][74945478ms] GC(19846) Pause Young (Normal) (GCLocker Initiated GC)
[2023-11-10T11:22:21.846-0800][74945478ms] GC(19846) Using 10 workers of 10 for evacuation
[2023-11-10T11:22:21.852-0800][74945484ms] GC(19846)   Pre Evacuate Collection Set: 0.0ms
[2023-11-10T11:22:21.852-0800][74945484ms] GC(19846)   Evacuate Collection Set: 1.7ms
[2023-11-10T11:22:21.852-0800][74945484ms] GC(19846)   Post Evacuate Collection Set: 3.8ms
[2023-11-10T11:22:21.852-0800][74945484ms] GC(19846)   Other: 0.3ms
[2023-11-10T11:22:21.852-0800][74945484ms] GC(19846) Eden regions: 228->0(228)
[2023-11-10T11:22:21.852-0800][74945484ms] GC(19846) Survivor regions: 1->1(29)
[2023-11-10T11:22:21.852-0800][74945484ms] GC(19846) Old regions: 1385->1385
[2023-11-10T11:22:21.852-0800][74945484ms] GC(19846) Humongous regions: 5->5
[2023-11-10T11:22:21.852-0800][74945484ms] GC(19846) Metaspace: 304631K->304631K(1347584K)
[2023-11-10T11:22:21.852-0800][74945484ms] GC(19846) Pause Young (Normal) (GCLocker Initiated GC) 3234M->2778M(3602M) 5.878ms
[2023-11-10T11:22:21.852-0800][74945484ms] GC(19846) User=0.00s Sys=0.00s Real=0.01s
[2023-11-10T11:22:22.532-0800][74946164ms] GC(19847) Pause Young (Normal) (G1 Evacuation Pause)
[2023-11-10T11:22:22.532-0800][74946164ms] GC(19847) Using 10 workers of 10 for evacuation
[2023-11-10T11:22:22.538-0800][74946170ms] GC(19847)   Pre Evacuate Collection Set: 0.0ms
[2023-11-10T11:22:22.539-0800][74946171ms] GC(19847)   Evacuate Collection Set: 1.8ms
[2023-11-10T11:22:22.539-0800][74946171ms] GC(19847)   Post Evacuate Collection Set: 5.0ms
[2023-11-10T11:22:22.539-0800][74946171ms] GC(19847)   Other: 0.3ms
[2023-11-10T11:22:22.539-0800][74946171ms] GC(19847) Eden regions: 228->0(228)
[2023-11-10T11:22:22.539-0800][74946171ms] GC(19847) Survivor regions: 1->1(29)
[2023-11-10T11:22:22.539-0800][74946171ms] GC(19847) Old regions: 1385->1385
[2023-11-10T11:22:22.539-0800][74946171ms] GC(19847) Humongous regions: 5->5
[2023-11-10T11:22:22.539-0800][74946171ms] GC(19847) Metaspace: 304631K->304631K(1347584K)
[2023-11-10T11:22:22.539-0800][74946171ms] GC(19847) Pause Young (Normal) (G1 Evacuation Pause) 3234M->2778M(3602M) 7.281ms
[2023-11-10T11:22:22.539-0800][74946171ms] GC(19847) User=0.02s Sys=0.00s Real=0.01s
[2023-11-10T11:22:23.211-0800][74946843ms] GC(19848) Pause Young (Normal) (G1 Evacuation Pause)
[2023-11-10T11:22:23.211-0800][74946843ms] GC(19848) Using 10 workers of 10 for evacuation
[2023-11-10T11:22:23.218-0800][74946850ms] GC(19848)   Pre Evacuate Collection Set: 0.1ms
[2023-11-10T11:22:23.218-0800][74946850ms] GC(19848)   Evacuate Collection Set: 2.0ms
[2023-11-10T11:22:23.218-0800][74946850ms] GC(19848)   Post Evacuate Collection Set: 5.4ms
[2023-11-10T11:22:23.218-0800][74946850ms] GC(19848)   Other: 0.4ms
[2023-11-10T11:22:23.218-0800][74946850ms] GC(19848) Eden regions: 228->0(228)
[2023-11-10T11:22:23.218-0800][74946850ms] GC(19848) Survivor regions: 1->1(29)
[2023-11-10T11:22:23.218-0800][74946850ms] GC(19848) Old regions: 1385->1385
[2023-11-10T11:22:23.218-0800][74946850ms] GC(19848) Humongous regions: 5->5
[2023-11-10T11:22:23.218-0800][74946850ms] GC(19848) Metaspace: 304631K->304631K(1347584K)
[2023-11-10T11:22:23.218-0800][74946850ms] GC(19848) Pause Young (Normal) (G1 Evacuation Pause) 3234M->2778M(3602M) 7.987ms
[2023-11-10T11:22:23.219-0800][74946851ms] GC(19848) User=0.00s Sys=0.00s Real=0.01s
[2023-11-10T11:22:23.749-0800][74947381ms] GC(19849) Pause Young (Normal) (G1 Evacuation Pause)
[2023-11-10T11:22:23.749-0800][74947381ms] GC(19849) Using 10 workers of 10 for evacuation
[2023-11-10T11:22:23.755-0800][74947387ms] GC(19849)   Pre Evacuate Collection Set: 0.1ms
[2023-11-10T11:22:23.755-0800][74947387ms] GC(19849)   Evacuate Collection Set: 2.4ms
[2023-11-10T11:22:23.755-0800][74947387ms] GC(19849)   Post Evacuate Collection Set: 3.5ms
[2023-11-10T11:22:23.755-0800][74947387ms] GC(19849)   Other: 0.4ms
[2023-11-10T11:22:23.755-0800][74947387ms] GC(19849) Eden regions: 228->0(228)
[2023-11-10T11:22:23.755-0800][74947387ms] GC(19849) Survivor regions: 1->1(29)
[2023-11-10T11:22:23.755-0800][74947387ms] GC(19849) Old regions: 1385->1385
[2023-11-10T11:22:23.755-0800][74947387ms] GC(19849) Humongous regions: 5->5
[2023-11-10T11:22:23.755-0800][74947387ms] GC(19849) Metaspace: 304631K->304631K(1347584K)
[2023-11-10T11:22:23.755-0800][74947387ms] GC(19849) Pause Young (Normal) (G1 Evacuation Pause) 3234M->2778M(3602M) 6.467ms
[2023-11-10T11:22:23.755-0800][74947387ms] GC(19849) User=0.00s Sys=0.00s Real=0.01s
[2023-11-10T11:22:24.356-0800][74947988ms] GC(19850) Pause Young (Normal) (G1 Evacuation Pause)
[2023-11-10T11:22:24.356-0800][74947988ms] GC(19850) Using 10 workers of 10 for evacuation
[2023-11-10T11:22:24.363-0800][74947995ms] GC(19850)   Pre Evacuate Collection Set: 0.1ms
[2023-11-10T11:22:24.363-0800][74947995ms] GC(19850)   Evacuate Collection Set: 2.4ms
[2023-11-10T11:22:24.363-0800][74947995ms] GC(19850)   Post Evacuate Collection Set: 3.3ms
[2023-11-10T11:22:24.363-0800][74947995ms] GC(19850)   Other: 0.5ms
[2023-11-10T11:22:24.363-0800][74947995ms] GC(19850) Eden regions: 228->0(228)
[2023-11-10T11:22:24.363-0800][74947995ms] GC(19850) Survivor regions: 1->1(29)
[2023-11-10T11:22:24.363-0800][74947995ms] GC(19850) Old regions: 1385->1385
[2023-11-10T11:22:24.363-0800][74947995ms] GC(19850) Humongous regions: 5->5
[2023-11-10T11:22:24.363-0800][74947995ms] GC(19850) Metaspace: 304631K->304631K(1347584K)
[2023-11-10T11:22:24.363-0800][74947995ms] GC(19850) Pause Young (Normal) (G1 Evacuation Pause) 3234M->2778M(3602M) 6.350ms
[2023-11-10T11:22:24.363-0800][74947995ms] GC(19850) User=0.00s Sys=0.00s Real=0.01s
[2023-11-10T11:22:24.910-0800][74948542ms] GC(19851) Pause Young (Normal) (G1 Evacuation Pause)
[2023-11-10T11:22:24.910-0800][74948542ms] GC(19851) Using 10 workers of 10 for evacuation
[2023-11-10T11:22:24.916-0800][74948548ms] GC(19851)   Pre Evacuate Collection Set: 0.0ms
[2023-11-10T11:22:24.916-0800][74948548ms] GC(19851)   Evacuate Collection Set: 1.8ms
[2023-11-10T11:22:24.916-0800][74948548ms] GC(19851)   Post Evacuate Collection Set: 4.3ms
[2023-11-10T11:22:24.916-0800][74948548ms] GC(19851)   Other: 0.3ms
[2023-11-10T11:22:24.916-0800][74948548ms] GC(19851) Eden regions: 228->0(228)
[2023-11-10T11:22:24.916-0800][74948548ms] GC(19851) Survivor regions: 1->1(29)
[2023-11-10T11:22:24.916-0800][74948548ms] GC(19851) Old regions: 1385->1385
[2023-11-10T11:22:24.916-0800][74948548ms] GC(19851) Humongous regions: 5->5
[2023-11-10T11:22:24.916-0800][74948548ms] GC(19851) Metaspace: 304631K->304631K(1347584K)
[2023-11-10T11:22:24.916-0800][74948548ms] GC(19851) Pause Young (Normal) (G1 Evacuation Pause) 3234M->2778M(3602M) 6.455ms
[2023-11-10T11:22:24.917-0800][74948549ms] GC(19851) User=0.00s Sys=0.00s Real=0.01s
[2023-11-10T11:22:25.476-0800][74949108ms] GC(19852) Pause Young (Normal) (G1 Evacuation Pause)
[2023-11-10T11:22:25.476-0800][74949108ms] GC(19852) Using 10 workers of 10 for evacuation
[2023-11-10T11:22:25.480-0800][74949112ms] GC(19852)   Pre Evacuate Collection Set: 0.0ms
[2023-11-10T11:22:25.480-0800][74949112ms] GC(19852)   Evacuate Collection Set: 1.6ms
[2023-11-10T11:22:25.480-0800][74949112ms] GC(19852)   Post Evacuate Collection Set: 3.2ms
[2023-11-10T11:22:25.480-0800][74949112ms] GC(19852)   Other: 0.2ms
[2023-11-10T11:22:25.480-0800][74949112ms] GC(19852) Eden regions: 228->0(228)
[2023-11-10T11:22:25.480-0800][74949112ms] GC(19852) Survivor regions: 1->1(29)
[2023-11-10T11:22:25.480-0800][74949112ms] GC(19852) Old regions: 1385->1385
[2023-11-10T11:22:25.480-0800][74949112ms] GC(19852) Humongous regions: 5->5
[2023-11-10T11:22:25.480-0800][74949112ms] GC(19852) Metaspace: 304631K->304631K(1347584K)
[2023-11-10T11:22:25.480-0800][74949112ms] GC(19852) Pause Young (Normal) (G1 Evacuation Pause) 3234M->2778M(3602M) 5.203ms
[2023-11-10T11:22:25.480-0800][74949112ms] GC(19852) User=0.00s Sys=0.00s Real=0.00s
[2023-11-10T11:22:26.076-0800][74949708ms] GC(19853) Pause Young (Normal) (G1 Evacuation Pause)
[2023-11-10T11:22:26.076-0800][74949709ms] GC(19853) Using 10 workers of 10 for evacuation
[2023-11-10T11:22:26.085-0800][74949717ms] GC(19853)   Pre Evacuate Collection Set: 0.1ms
[2023-11-10T11:22:26.085-0800][74949717ms] GC(19853)   Evacuate Collection Set: 2.5ms
[2023-11-10T11:22:26.085-0800][74949717ms] GC(19853)   Post Evacuate Collection Set: 5.4ms
[2023-11-10T11:22:26.085-0800][74949717ms] GC(19853)   Other: 0.5ms
[2023-11-10T11:22:26.085-0800][74949717ms] GC(19853) Eden regions: 228->0(228)
[2023-11-10T11:22:26.085-0800][74949717ms] GC(19853) Survivor regions: 1->1(29)
[2023-11-10T11:22:26.085-0800][74949717ms] GC(19853) Old regions: 1385->1385
[2023-11-10T11:22:26.085-0800][74949717ms] GC(19853) Humongous regions: 5->5
[2023-11-10T11:22:26.085-0800][74949717ms] GC(19853) Metaspace: 304631K->304631K(1347584K)
[2023-11-10T11:22:26.085-0800][74949717ms] GC(19853) Pause Young (Normal) (G1 Evacuation Pause) 3234M->2778M(3602M) 8.674ms
[2023-11-10T11:22:26.085-0800][74949717ms] GC(19853) User=0.02s Sys=0.00s Real=0.01s
[2023-11-10T11:22:26.720-0800][74950352ms] GC(19854) Pause Young (Normal) (G1 Evacuation Pause)
[2023-11-10T11:22:26.720-0800][74950352ms] GC(19854) Using 10 workers of 10 for evacuation
[2023-11-10T11:22:26.726-0800][74950358ms] GC(19854)   Pre Evacuate Collection Set: 0.1ms
[2023-11-10T11:22:26.726-0800][74950358ms] GC(19854)   Evacuate Collection Set: 1.8ms
[2023-11-10T11:22:26.726-0800][74950358ms] GC(19854)   Post Evacuate Collection Set: 3.9ms
[2023-11-10T11:22:26.726-0800][74950358ms] GC(19854)   Other: 0.4ms
[2023-11-10T11:22:26.726-0800][74950358ms] GC(19854) Eden regions: 228->0(228)
[2023-11-10T11:22:26.726-0800][74950358ms] GC(19854) Survivor regions: 1->1(29)
[2023-11-10T11:22:26.726-0800][74950358ms] GC(19854) Old regions: 1385->1385
[2023-11-10T11:22:26.726-0800][74950358ms] GC(19854) Humongous regions: 5->5
[2023-11-10T11:22:26.726-0800][74950358ms] GC(19854) Metaspace: 304631K->304631K(1347584K)
[2023-11-10T11:22:26.726-0800][74950358ms] GC(19854) Pause Young (Normal) (G1 Evacuation Pause) 3234M->2778M(3602M) 6.273ms
[2023-11-10T11:22:26.726-0800][74950358ms] GC(19854) User=0.00s Sys=0.00s Real=0.01s
[2023-11-10T11:22:27.258-0800][74950890ms] GC(19855) Pause Young (Normal) (G1 Evacuation Pause)
[2023-11-10T11:22:27.258-0800][74950890ms] GC(19855) Using 10 workers of 10 for evacuation
[2023-11-10T11:22:27.264-0800][74950896ms] GC(19855)   Pre Evacuate Collection Set: 0.0ms
[2023-11-10T11:22:27.264-0800][74950896ms] GC(19855)   Evacuate Collection Set: 2.0ms
[2023-11-10T11:22:27.264-0800][74950896ms] GC(19855)   Post Evacuate Collection Set: 3.3ms
[2023-11-10T11:22:27.264-0800][74950896ms] GC(19855)   Other: 0.3ms
[2023-11-10T11:22:27.264-0800][74950896ms] GC(19855) Eden regions: 228->0(228)
[2023-11-10T11:22:27.264-0800][74950896ms] GC(19855) Survivor regions: 1->1(29)
[2023-11-10T11:22:27.264-0800][74950896ms] GC(19855) Old regions: 1385->1385
[2023-11-10T11:22:27.264-0800][74950896ms] GC(19855) Humongous regions: 5->5
[2023-11-10T11:22:27.264-0800][74950896ms] GC(19855) Metaspace: 304631K->304631K(1347584K)
[2023-11-10T11:22:27.264-0800][74950896ms] GC(19855) Pause Young (Normal) (G1 Evacuation Pause) 3234M->2778M(3602M) 5.708ms
[2023-11-10T11:22:27.264-0800][74950896ms] GC(19855) User=0.00s Sys=0.00s Real=0.01s
[2023-11-10T11:22:27.804-0800][74951436ms] GC(19856) Pause Young (Normal) (G1 Evacuation Pause)
[2023-11-10T11:22:27.804-0800][74951436ms] GC(19856) Using 10 workers of 10 for evacuation
[2023-11-10T11:22:27.811-0800][74951443ms] GC(19856)   Pre Evacuate Collection Set: 0.0ms
[2023-11-10T11:22:27.811-0800][74951443ms] GC(19856)   Evacuate Collection Set: 1.7ms
[2023-11-10T11:22:27.811-0800][74951443ms] GC(19856)   Post Evacuate Collection Set: 3.8ms
[2023-11-10T11:22:27.811-0800][74951443ms] GC(19856)   Other: 0.3ms
[2023-11-10T11:22:27.811-0800][74951443ms] GC(19856) Eden regions: 228->0(228)
[2023-11-10T11:22:27.811-0800][74951443ms] GC(19856) Survivor regions: 1->1(29)
[2023-11-10T11:22:27.811-0800][74951443ms] GC(19856) Old regions: 1385->1385
[2023-11-10T11:22:27.811-0800][74951443ms] GC(19856) Humongous regions: 5->5
[2023-11-10T11:22:27.811-0800][74951443ms] GC(19856) Metaspace: 304631K->304631K(1347584K)
[2023-11-10T11:22:27.811-0800][74951443ms] GC(19856) Pause Young (Normal) (G1 Evacuation Pause) 3234M->2778M(3602M) 5.825ms
[2023-11-10T11:22:27.811-0800][74951443ms] GC(19856) User=0.00s Sys=0.00s Real=0.01s
[2023-11-10T11:22:28.375-0800][74952007ms] GC(19857) Pause Young (Normal) (G1 Evacuation Pause)
[2023-11-10T11:22:28.375-0800][74952007ms] GC(19857) Using 10 workers of 10 for evacuation
[2023-11-10T11:22:28.381-0800][74952013ms] GC(19857)   Pre Evacuate Collection Set: 0.1ms
[2023-11-10T11:22:28.381-0800][74952013ms] GC(19857)   Evacuate Collection Set: 1.7ms
[2023-11-10T11:22:28.381-0800][74952013ms] GC(19857)   Post Evacuate Collection Set: 3.2ms
[2023-11-10T11:22:28.381-0800][74952013ms] GC(19857)   Other: 0.3ms
[2023-11-10T11:22:28.381-0800][74952013ms] GC(19857) Eden regions: 228->0(228)
[2023-11-10T11:22:28.381-0800][74952013ms] GC(19857) Survivor regions: 1->1(29)
[2023-11-10T11:22:28.381-0800][74952013ms] GC(19857) Old regions: 1385->1385
[2023-11-10T11:22:28.381-0800][74952013ms] GC(19857) Humongous regions: 5->5
[2023-11-10T11:22:28.381-0800][74952013ms] GC(19857) Metaspace: 304631K->304631K(1347584K)
[2023-11-10T11:22:28.381-0800][74952013ms] GC(19857) Pause Young (Normal) (G1 Evacuation Pause) 3234M->2778M(3602M) 5.287ms
[2023-11-10T11:22:28.381-0800][74952013ms] GC(19857) User=0.00s Sys=0.00s Real=0.01s
[2023-11-10T11:22:28.952-0800][74952584ms] GC(19858) Pause Young (Normal) (G1 Evacuation Pause)
[2023-11-10T11:22:28.952-0800][74952584ms] GC(19858) Using 10 workers of 10 for evacuation
[2023-11-10T11:22:28.958-0800][74952590ms] GC(19858)   Pre Evacuate Collection Set: 0.1ms
[2023-11-10T11:22:28.958-0800][74952590ms] GC(19858)   Evacuate Collection Set: 2.1ms
[2023-11-10T11:22:28.958-0800][74952590ms] GC(19858)   Post Evacuate Collection Set: 3.7ms
[2023-11-10T11:22:28.958-0800][74952590ms] GC(19858)   Other: 0.4ms
[2023-11-10T11:22:28.958-0800][74952590ms] GC(19858) Eden regions: 228->0(228)
[2023-11-10T11:22:28.958-0800][74952590ms] GC(19858) Survivor regions: 1->1(29)
[2023-11-10T11:22:28.958-0800][74952590ms] GC(19858) Old regions: 1385->1385
[2023-11-10T11:22:28.958-0800][74952590ms] GC(19858) Humongous regions: 5->5
[2023-11-10T11:22:28.958-0800][74952590ms] GC(19858) Metaspace: 304631K->304631K(1347584K)
[2023-11-10T11:22:28.958-0800][74952590ms] GC(19858) Pause Young (Normal) (G1 Evacuation Pause) 3234M->2778M(3602M) 6.428ms
[2023-11-10T11:22:28.958-0800][74952590ms] GC(19858) User=0.00s Sys=0.00s Real=0.01s
[2023-11-10T11:22:29.481-0800][74953113ms] GC(19859) Pause Young (Normal) (G1 Evacuation Pause)
[2023-11-10T11:22:29.481-0800][74953113ms] GC(19859) Using 10 workers of 10 for evacuation
[2023-11-10T11:22:29.486-0800][74953118ms] GC(19859)   Pre Evacuate Collection Set: 0.0ms
[2023-11-10T11:22:29.486-0800][74953118ms] GC(19859)   Evacuate Collection Set: 1.6ms
[2023-11-10T11:22:29.486-0800][74953118ms] GC(19859)   Post Evacuate Collection Set: 3.2ms
[2023-11-10T11:22:29.486-0800][74953118ms] GC(19859)   Other: 0.2ms
[2023-11-10T11:22:29.486-0800][74953118ms] GC(19859) Eden regions: 228->0(228)
[2023-11-10T11:22:29.486-0800][74953118ms] GC(19859) Survivor regions: 1->1(29)
[2023-11-10T11:22:29.486-0800][74953118ms] GC(19859) Old regions: 1385->1385
[2023-11-10T11:22:29.486-0800][74953118ms] GC(19859) Humongous regions: 5->5
[2023-11-10T11:22:29.486-0800][74953118ms] GC(19859) Metaspace: 304631K->304631K(1347584K)
[2023-11-10T11:22:29.486-0800][74953118ms] GC(19859) Pause Young (Normal) (G1 Evacuation Pause) 3234M->2778M(3602M) 5.243ms
[2023-11-10T11:22:29.486-0800][74953118ms] GC(19859) User=0.00s Sys=0.00s Real=0.01s
[2023-11-10T11:22:30.079-0800][74953711ms] GC(19860) Pause Young (Normal) (G1 Evacuation Pause)
[2023-11-10T11:22:30.080-0800][74953712ms] GC(19860) Using 10 workers of 10 for evacuation
[2023-11-10T11:22:30.087-0800][74953719ms] GC(19860)   Pre Evacuate Collection Set: 0.1ms
[2023-11-10T11:22:30.087-0800][74953719ms] GC(19860)   Evacuate Collection Set: 2.8ms
[2023-11-10T11:22:30.087-0800][74953719ms] GC(19860)   Post Evacuate Collection Set: 3.8ms
[2023-11-10T11:22:30.087-0800][74953719ms] GC(19860)   Other: 0.5ms
[2023-11-10T11:22:30.087-0800][74953719ms] GC(19860) Eden regions: 228->0(228)
[2023-11-10T11:22:30.087-0800][74953719ms] GC(19860) Survivor regions: 1->1(29)
[2023-11-10T11:22:30.087-0800][74953719ms] GC(19860) Old regions: 1385->1385
[2023-11-10T11:22:30.087-0800][74953719ms] GC(19860) Humongous regions: 5->5
[2023-11-10T11:22:30.087-0800][74953719ms] GC(19860) Metaspace: 304631K->304631K(1347584K)
[2023-11-10T11:22:30.087-0800][74953719ms] GC(19860) Pause Young (Normal) (G1 Evacuation Pause) 3234M->2778M(3602M) 7.336ms
[2023-11-10T11:22:30.087-0800][74953719ms] GC(19860) User=0.00s Sys=0.00s Real=0.01s
[2023-11-10T11:22:30.697-0800][74954329ms] GC(19861) Pause Young (Normal) (G1 Evacuation Pause)
[2023-11-10T11:22:30.697-0800][74954329ms] GC(19861) Using 10 workers of 10 for evacuation
[2023-11-10T11:22:30.702-0800][74954334ms] GC(19861)   Pre Evacuate Collection Set: 0.1ms
[2023-11-10T11:22:30.702-0800][74954334ms] GC(19861)   Evacuate Collection Set: 2.1ms
[2023-11-10T11:22:30.702-0800][74954334ms] GC(19861)   Post Evacuate Collection Set: 3.3ms
[2023-11-10T11:22:30.702-0800][74954334ms] GC(19861)   Other: 0.3ms
[2023-11-10T11:22:30.702-0800][74954334ms] GC(19861) Eden regions: 228->0(228)
[2023-11-10T11:22:30.702-0800][74954334ms] GC(19861) Survivor regions: 1->1(29)
[2023-11-10T11:22:30.702-0800][74954334ms] GC(19861) Old regions: 1385->1385
[2023-11-10T11:22:30.702-0800][74954335ms] GC(19861) Humongous regions: 5->5
[2023-11-10T11:22:30.703-0800][74954335ms] GC(19861) Metaspace: 304631K->304631K(1347584K)
[2023-11-10T11:22:30.703-0800][74954335ms] GC(19861) Pause Young (Normal) (G1 Evacuation Pause) 3234M->2778M(3602M) 5.903ms
[2023-11-10T11:22:30.703-0800][74954335ms] GC(19861) User=0.00s Sys=0.00s Real=0.01s
[2023-11-10T11:22:31.251-0800][74954883ms] GC(19862) Pause Young (Normal) (G1 Evacuation Pause)
[2023-11-10T11:22:31.251-0800][74954883ms] GC(19862) Using 10 workers of 10 for evacuation
[2023-11-10T11:22:31.258-0800][74954890ms] GC(19862)   Pre Evacuate Collection Set: 0.1ms
[2023-11-10T11:22:31.258-0800][74954890ms] GC(19862)   Evacuate Collection Set: 2.4ms
[2023-11-10T11:22:31.258-0800][74954890ms] GC(19862)   Post Evacuate Collection Set: 3.8ms
[2023-11-10T11:22:31.258-0800][74954890ms] GC(19862)   Other: 0.4ms
[2023-11-10T11:22:31.258-0800][74954890ms] GC(19862) Eden regions: 228->0(228)
[2023-11-10T11:22:31.258-0800][74954890ms] GC(19862) Survivor regions: 1->1(29)
[2023-11-10T11:22:31.258-0800][74954890ms] GC(19862) Old regions: 1385->1385
[2023-11-10T11:22:31.258-0800][74954890ms] GC(19862) Humongous regions: 5->5
[2023-11-10T11:22:31.258-0800][74954890ms] GC(19862) Metaspace: 304631K->304631K(1347584K)
[2023-11-10T11:22:31.258-0800][74954890ms] GC(19862) Pause Young (Normal) (G1 Evacuation Pause) 3234M->2779M(3602M) 6.798ms
[2023-11-10T11:22:31.258-0800][74954890ms] GC(19862) User=0.02s Sys=0.00s Real=0.01s
[2023-11-10T11:22:31.888-0800][74955520ms] GC(19863) Pause Young (Normal) (G1 Evacuation Pause)
[2023-11-10T11:22:31.888-0800][74955520ms] GC(19863) Using 10 workers of 10 for evacuation
[2023-11-10T11:22:31.895-0800][74955527ms] GC(19863)   Pre Evacuate Collection Set: 0.1ms
[2023-11-10T11:22:31.895-0800][74955527ms] GC(19863)   Evacuate Collection Set: 2.0ms
[2023-11-10T11:22:31.895-0800][74955527ms] GC(19863)   Post Evacuate Collection Set: 5.3ms
[2023-11-10T11:22:31.895-0800][74955527ms] GC(19863)   Other: 0.4ms
[2023-11-10T11:22:31.895-0800][74955527ms] GC(19863) Eden regions: 228->0(228)
[2023-11-10T11:22:31.895-0800][74955527ms] GC(19863) Survivor regions: 1->1(29)
[2023-11-10T11:22:31.895-0800][74955527ms] GC(19863) Old regions: 1385->1385
[2023-11-10T11:22:31.895-0800][74955527ms] GC(19863) Humongous regions: 5->5
[2023-11-10T11:22:31.895-0800][74955527ms] GC(19863) Metaspace: 304631K->304631K(1347584K)
[2023-11-10T11:22:31.895-0800][74955527ms] GC(19863) Pause Young (Normal) (G1 Evacuation Pause) 3235M->2778M(3602M) 7.936ms
[2023-11-10T11:22:31.895-0800][74955527ms] GC(19863) User=0.00s Sys=0.00s Real=0.01s
[2023-11-10T11:22:32.496-0800][74956128ms] GC(19864) Pause Young (Normal) (G1 Evacuation Pause)
[2023-11-10T11:22:32.496-0800][74956128ms] GC(19864) Using 10 workers of 10 for evacuation
[2023-11-10T11:22:32.501-0800][74956133ms] GC(19864)   Pre Evacuate Collection Set: 0.0ms
[2023-11-10T11:22:32.501-0800][74956133ms] GC(19864)   Evacuate Collection Set: 1.5ms
[2023-11-10T11:22:32.501-0800][74956133ms] GC(19864)   Post Evacuate Collection Set: 3.3ms
[2023-11-10T11:22:32.501-0800][74956133ms] GC(19864)   Other: 0.3ms
[2023-11-10T11:22:32.501-0800][74956133ms] GC(19864) Eden regions: 228->0(228)
[2023-11-10T11:22:32.501-0800][74956133ms] GC(19864) Survivor regions: 1->1(29)
[2023-11-10T11:22:32.501-0800][74956133ms] GC(19864) Old regions: 1385->1385
[2023-11-10T11:22:32.501-0800][74956133ms] GC(19864) Humongous regions: 5->5
[2023-11-10T11:22:32.501-0800][74956133ms] GC(19864) Metaspace: 304631K->304631K(1347584K)
[2023-11-10T11:22:32.501-0800][74956133ms] GC(19864) Pause Young (Normal) (G1 Evacuation Pause) 3234M->2778M(3602M) 5.206ms
[2023-11-10T11:22:32.501-0800][74956133ms] GC(19864) User=0.00s Sys=0.00s Real=0.00s
[2023-11-10T11:22:33.049-0800][74956681ms] GC(19865) Pause Young (Normal) (G1 Evacuation Pause)
[2023-11-10T11:22:33.049-0800][74956681ms] GC(19865) Using 10 workers of 10 for evacuation
[2023-11-10T11:22:33.055-0800][74956687ms] GC(19865)   Pre Evacuate Collection Set: 0.1ms
[2023-11-10T11:22:33.056-0800][74956688ms] GC(19865)   Evacuate Collection Set: 2.0ms
[2023-11-10T11:22:33.056-0800][74956688ms] GC(19865)   Post Evacuate Collection Set: 4.4ms
[2023-11-10T11:22:33.056-0800][74956688ms] GC(19865)   Other: 0.3ms
[2023-11-10T11:22:33.056-0800][74956688ms] GC(19865) Eden regions: 228->0(228)
[2023-11-10T11:22:33.056-0800][74956688ms] GC(19865) Survivor regions: 1->1(29)
[2023-11-10T11:22:33.056-0800][74956688ms] GC(19865) Old regions: 1385->1385
[2023-11-10T11:22:33.056-0800][74956688ms] GC(19865) Humongous regions: 5->5
[2023-11-10T11:22:33.056-0800][74956688ms] GC(19865) Metaspace: 304631K->304631K(1347584K)
[2023-11-10T11:22:33.056-0800][74956688ms] GC(19865) Pause Young (Normal) (G1 Evacuation Pause) 3234M->2778M(3602M) 6.889ms
[2023-11-10T11:22:33.056-0800][74956688ms] GC(19865) User=0.00s Sys=0.00s Real=0.01s
[2023-11-10T11:22:33.647-0800][74957279ms] GC(19866) Pause Young (Normal) (G1 Evacuation Pause)
[2023-11-10T11:22:33.647-0800][74957279ms] GC(19866) Using 10 workers of 10 for evacuation
[2023-11-10T11:22:33.653-0800][74957285ms] GC(19866)   Pre Evacuate Collection Set: 0.0ms
[2023-11-10T11:22:33.653-0800][74957285ms] GC(19866)   Evacuate Collection Set: 1.6ms
[2023-11-10T11:22:33.653-0800][74957285ms] GC(19866)   Post Evacuate Collection Set: 3.5ms
[2023-11-10T11:22:33.653-0800][74957285ms] GC(19866)   Other: 0.3ms
[2023-11-10T11:22:33.653-0800][74957285ms] GC(19866) Eden regions: 228->0(228)
[2023-11-10T11:22:33.653-0800][74957285ms] GC(19866) Survivor regions: 1->1(29)
[2023-11-10T11:22:33.653-0800][74957285ms] GC(19866) Old regions: 1385->1385
[2023-11-10T11:22:33.653-0800][74957285ms] GC(19866) Humongous regions: 5->5
[2023-11-10T11:22:33.653-0800][74957285ms] GC(19866) Metaspace: 304631K->304631K(1347584K)
[2023-11-10T11:22:33.653-0800][74957285ms] GC(19866) Pause Young (Normal) (G1 Evacuation Pause) 3234M->2778M(3602M) 5.534ms
[2023-11-10T11:22:33.653-0800][74957285ms] GC(19866) User=0.00s Sys=0.00s Real=0.01s
[2023-11-10T11:22:34.212-0800][74957844ms] GC(19867) Pause Young (Normal) (G1 Evacuation Pause)
[2023-11-10T11:22:34.212-0800][74957844ms] GC(19867) Using 10 workers of 10 for evacuation
[2023-11-10T11:22:34.217-0800][74957849ms] GC(19867)   Pre Evacuate Collection Set: 0.1ms
[2023-11-10T11:22:34.217-0800][74957849ms] GC(19867)   Evacuate Collection Set: 1.7ms
[2023-11-10T11:22:34.217-0800][74957849ms] GC(19867)   Post Evacuate Collection Set: 3.2ms
[2023-11-10T11:22:34.217-0800][74957849ms] GC(19867)   Other: 0.3ms
[2023-11-10T11:22:34.217-0800][74957849ms] GC(19867) Eden regions: 228->0(228)
[2023-11-10T11:22:34.217-0800][74957849ms] GC(19867) Survivor regions: 1->1(29)
[2023-11-10T11:22:34.217-0800][74957849ms] GC(19867) Old regions: 1385->1385
[2023-11-10T11:22:34.217-0800][74957849ms] GC(19867) Humongous regions: 5->5
[2023-11-10T11:22:34.217-0800][74957849ms] GC(19867) Metaspace: 304631K->304631K(1347584K)
[2023-11-10T11:22:34.217-0800][74957849ms] GC(19867) Pause Young (Normal) (G1 Evacuation Pause) 3234M->2779M(3602M) 5.337ms
[2023-11-10T11:22:34.217-0800][74957849ms] GC(19867) User=0.00s Sys=0.00s Real=0.01s
[2023-11-10T11:22:34.750-0800][74958382ms] GC(19868) Pause Young (Normal) (G1 Evacuation Pause)
[2023-11-10T11:22:34.750-0800][74958382ms] GC(19868) Using 10 workers of 10 for evacuation
[2023-11-10T11:22:34.755-0800][74958387ms] GC(19868)   Pre Evacuate Collection Set: 0.0ms
[2023-11-10T11:22:34.755-0800][74958387ms] GC(19868)   Evacuate Collection Set: 1.7ms
[2023-11-10T11:22:34.755-0800][74958387ms] GC(19868)   Post Evacuate Collection Set: 3.3ms
[2023-11-10T11:22:34.755-0800][74958387ms] GC(19868)   Other: 0.3ms
[2023-11-10T11:22:34.755-0800][74958387ms] GC(19868) Eden regions: 228->0(228)
[2023-11-10T11:22:34.755-0800][74958387ms] GC(19868) Survivor regions: 1->1(29)
[2023-11-10T11:22:34.755-0800][74958387ms] GC(19868) Old regions: 1385->1385
[2023-11-10T11:22:34.755-0800][74958387ms] GC(19868) Humongous regions: 5->5
[2023-11-10T11:22:34.755-0800][74958387ms] GC(19868) Metaspace: 304631K->304631K(1347584K)
[2023-11-10T11:22:34.755-0800][74958387ms] GC(19868) Pause Young (Normal) (G1 Evacuation Pause) 3235M->2779M(3602M) 5.431ms
[2023-11-10T11:22:34.755-0800][74958387ms] GC(19868) User=0.00s Sys=0.00s Real=0.01s
[2023-11-10T11:22:35.317-0800][74958949ms] GC(19869) Pause Young (Normal) (G1 Evacuation Pause)
[2023-11-10T11:22:35.317-0800][74958949ms] GC(19869) Using 10 workers of 10 for evacuation
[2023-11-10T11:22:35.323-0800][74958955ms] GC(19869)   Pre Evacuate Collection Set: 0.1ms
[2023-11-10T11:22:35.323-0800][74958955ms] GC(19869)   Evacuate Collection Set: 1.9ms
[2023-11-10T11:22:35.323-0800][74958955ms] GC(19869)   Post Evacuate Collection Set: 3.6ms
[2023-11-10T11:22:35.323-0800][74958955ms] GC(19869)   Other: 0.3ms
[2023-11-10T11:22:35.323-0800][74958955ms] GC(19869) Eden regions: 228->0(228)
[2023-11-10T11:22:35.323-0800][74958955ms] GC(19869) Survivor regions: 1->1(29)
[2023-11-10T11:22:35.323-0800][74958955ms] GC(19869) Old regions: 1385->1385
[2023-11-10T11:22:35.323-0800][74958955ms] GC(19869) Humongous regions: 5->5
[2023-11-10T11:22:35.323-0800][74958955ms] GC(19869) Metaspace: 304631K->304631K(1347584K)
[2023-11-10T11:22:35.323-0800][74958955ms] GC(19869) Pause Young (Normal) (G1 Evacuation Pause) 3235M->2779M(3602M) 6.063ms
[2023-11-10T11:22:35.323-0800][74958955ms] GC(19869) User=0.02s Sys=0.00s Real=0.01s
[2023-11-10T11:22:35.910-0800][74959542ms] GC(19870) Pause Young (Normal) (G1 Evacuation Pause)
[2023-11-10T11:22:35.910-0800][74959542ms] GC(19870) Using 10 workers of 10 for evacuation
[2023-11-10T11:22:35.915-0800][74959547ms] GC(19870)   Pre Evacuate Collection Set: 0.0ms
[2023-11-10T11:22:35.915-0800][74959547ms] GC(19870)   Evacuate Collection Set: 1.6ms
[2023-11-10T11:22:35.915-0800][74959547ms] GC(19870)   Post Evacuate Collection Set: 3.1ms
[2023-11-10T11:22:35.915-0800][74959547ms] GC(19870)   Other: 0.3ms
[2023-11-10T11:22:35.915-0800][74959547ms] GC(19870) Eden regions: 228->0(228)
[2023-11-10T11:22:35.915-0800][74959547ms] GC(19870) Survivor regions: 1->1(29)
[2023-11-10T11:22:35.915-0800][74959547ms] GC(19870) Old regions: 1385->1385
[2023-11-10T11:22:35.915-0800][74959547ms] GC(19870) Humongous regions: 5->5
[2023-11-10T11:22:35.915-0800][74959547ms] GC(19870) Metaspace: 304631K->304631K(1347584K)
[2023-11-10T11:22:35.915-0800][74959547ms] GC(19870) Pause Young (Normal) (G1 Evacuation Pause) 3235M->2779M(3602M) 5.180ms
[2023-11-10T11:22:35.915-0800][74959547ms] GC(19870) User=0.02s Sys=0.00s Real=0.00s
[2023-11-10T11:22:36.389-0800][74960021ms] GC(19871) Pause Young (Normal) (G1 Evacuation Pause)
[2023-11-10T11:22:36.389-0800][74960021ms] GC(19871) Using 10 workers of 10 for evacuation
[2023-11-10T11:22:36.396-0800][74960028ms] GC(19871)   Pre Evacuate Collection Set: 0.1ms
[2023-11-10T11:22:36.396-0800][74960028ms] GC(19871)   Evacuate Collection Set: 2.4ms
[2023-11-10T11:22:36.396-0800][74960028ms] GC(19871)   Post Evacuate Collection Set: 3.4ms
[2023-11-10T11:22:36.396-0800][74960028ms] GC(19871)   Other: 0.3ms
[2023-11-10T11:22:36.396-0800][74960028ms] GC(19871) Eden regions: 228->0(228)
[2023-11-10T11:22:36.396-0800][74960028ms] GC(19871) Survivor regions: 1->1(29)
[2023-11-10T11:22:36.396-0800][74960028ms] GC(19871) Old regions: 1385->1385
[2023-11-10T11:22:36.396-0800][74960028ms] GC(19871) Humongous regions: 5->5
[2023-11-10T11:22:36.396-0800][74960028ms] GC(19871) Metaspace: 304631K->304631K(1347584K)
[2023-11-10T11:22:36.396-0800][74960028ms] GC(19871) Pause Young (Normal) (G1 Evacuation Pause) 3235M->2779M(3602M) 6.265ms
[2023-11-10T11:22:36.396-0800][74960028ms] GC(19871) User=0.00s Sys=0.00s Real=0.01s
[2023-11-10T11:22:36.926-0800][74960558ms] GC(19872) Pause Young (Normal) (G1 Evacuation Pause)
[2023-11-10T11:22:36.926-0800][74960558ms] GC(19872) Using 10 workers of 10 for evacuation
[2023-11-10T11:22:36.931-0800][74960563ms] GC(19872)   Pre Evacuate Collection Set: 0.0ms
[2023-11-10T11:22:36.931-0800][74960563ms] GC(19872)   Evacuate Collection Set: 1.7ms
[2023-11-10T11:22:36.931-0800][74960563ms] GC(19872)   Post Evacuate Collection Set: 3.4ms
[2023-11-10T11:22:36.931-0800][74960563ms] GC(19872)   Other: 0.2ms
[2023-11-10T11:22:36.931-0800][74960563ms] GC(19872) Eden regions: 228->0(228)
[2023-11-10T11:22:36.931-0800][74960563ms] GC(19872) Survivor regions: 1->1(29)
[2023-11-10T11:22:36.931-0800][74960563ms] GC(19872) Old regions: 1385->1385
[2023-11-10T11:22:36.931-0800][74960563ms] GC(19872) Humongous regions: 5->5
[2023-11-10T11:22:36.931-0800][74960563ms] GC(19872) Metaspace: 304631K->304631K(1347584K)
[2023-11-10T11:22:36.931-0800][74960563ms] GC(19872) Pause Young (Normal) (G1 Evacuation Pause) 3235M->2779M(3602M) 5.486ms
[2023-11-10T11:22:36.931-0800][74960563ms] GC(19872) User=0.02s Sys=0.00s Real=0.00s
[2023-11-10T11:22:37.463-0800][74961095ms] GC(19873) Pause Young (Normal) (G1 Evacuation Pause)
[2023-11-10T11:22:37.463-0800][74961095ms] GC(19873) Using 10 workers of 10 for evacuation
[2023-11-10T11:22:37.470-0800][74961102ms] GC(19873)   Pre Evacuate Collection Set: 0.0ms
[2023-11-10T11:22:37.470-0800][74961102ms] GC(19873)   Evacuate Collection Set: 1.7ms
[2023-11-10T11:22:37.470-0800][74961102ms] GC(19873)   Post Evacuate Collection Set: 3.8ms
[2023-11-10T11:22:37.470-0800][74961102ms] GC(19873)   Other: 0.3ms
[2023-11-10T11:22:37.470-0800][74961102ms] GC(19873) Eden regions: 228->0(228)
[2023-11-10T11:22:37.470-0800][74961102ms] GC(19873) Survivor regions: 1->1(29)
[2023-11-10T11:22:37.470-0800][74961102ms] GC(19873) Old regions: 1385->1385
[2023-11-10T11:22:37.470-0800][74961102ms] GC(19873) Humongous regions: 5->5
[2023-11-10T11:22:37.470-0800][74961102ms] GC(19873) Metaspace: 304631K->304631K(1347584K)
[2023-11-10T11:22:37.470-0800][74961102ms] GC(19873) Pause Young (Normal) (G1 Evacuation Pause) 3235M->2779M(3602M) 5.949ms
[2023-11-10T11:22:37.470-0800][74961102ms] GC(19873) User=0.00s Sys=0.00s Real=0.01s
[2023-11-10T11:22:37.988-0800][74961620ms] GC(19874) Pause Young (Normal) (G1 Evacuation Pause)
[2023-11-10T11:22:37.988-0800][74961620ms] GC(19874) Using 10 workers of 10 for evacuation
[2023-11-10T11:22:37.993-0800][74961625ms] GC(19874)   Pre Evacuate Collection Set: 0.0ms
[2023-11-10T11:22:37.993-0800][74961625ms] GC(19874)   Evacuate Collection Set: 1.6ms
[2023-11-10T11:22:37.993-0800][74961625ms] GC(19874)   Post Evacuate Collection Set: 3.0ms
[2023-11-10T11:22:37.993-0800][74961625ms] GC(19874)   Other: 0.2ms
[2023-11-10T11:22:37.993-0800][74961625ms] GC(19874) Eden regions: 228->0(228)
[2023-11-10T11:22:37.993-0800][74961625ms] GC(19874) Survivor regions: 1->1(29)
[2023-11-10T11:22:37.993-0800][74961625ms] GC(19874) Old regions: 1385->1385
[2023-11-10T11:22:37.993-0800][74961625ms] GC(19874) Humongous regions: 5->5
[2023-11-10T11:22:37.993-0800][74961625ms] GC(19874) Metaspace: 304631K->304631K(1347584K)
[2023-11-10T11:22:37.993-0800][74961625ms] GC(19874) Pause Young (Normal) (G1 Evacuation Pause) 3235M->2779M(3602M) 4.995ms
[2023-11-10T11:22:37.993-0800][74961625ms] GC(19874) User=0.02s Sys=0.00s Real=0.01s
[2023-11-10T11:22:38.537-0800][74962169ms] GC(19875) Pause Young (Normal) (G1 Evacuation Pause)
[2023-11-10T11:22:38.537-0800][74962169ms] GC(19875) Using 10 workers of 10 for evacuation
[2023-11-10T11:22:38.543-0800][74962175ms] GC(19875)   Pre Evacuate Collection Set: 0.1ms
[2023-11-10T11:22:38.543-0800][74962175ms] GC(19875)   Evacuate Collection Set: 2.1ms
[2023-11-10T11:22:38.543-0800][74962175ms] GC(19875)   Post Evacuate Collection Set: 3.5ms
[2023-11-10T11:22:38.543-0800][74962175ms] GC(19875)   Other: 0.3ms
[2023-11-10T11:22:38.543-0800][74962175ms] GC(19875) Eden regions: 228->0(228)
[2023-11-10T11:22:38.543-0800][74962175ms] GC(19875) Survivor regions: 1->1(29)
[2023-11-10T11:22:38.543-0800][74962175ms] GC(19875) Old regions: 1385->1385
[2023-11-10T11:22:38.543-0800][74962175ms] GC(19875) Humongous regions: 5->5
[2023-11-10T11:22:38.543-0800][74962175ms] GC(19875) Metaspace: 304631K->304631K(1347584K)
[2023-11-10T11:22:38.543-0800][74962175ms] GC(19875) Pause Young (Normal) (G1 Evacuation Pause) 3235M->2779M(3602M) 6.039ms
[2023-11-10T11:22:38.543-0800][74962175ms] GC(19875) User=0.08s Sys=0.00s Real=0.01s
[2023-11-10T11:22:39.101-0800][74962733ms] GC(19876) Pause Young (Normal) (G1 Evacuation Pause)
[2023-11-10T11:22:39.101-0800][74962733ms] GC(19876) Using 10 workers of 10 for evacuation
[2023-11-10T11:22:39.105-0800][74962737ms] GC(19876)   Pre Evacuate Collection Set: 0.0ms
[2023-11-10T11:22:39.105-0800][74962737ms] GC(19876)   Evacuate Collection Set: 1.7ms
[2023-11-10T11:22:39.105-0800][74962737ms] GC(19876)   Post Evacuate Collection Set: 3.0ms
[2023-11-10T11:22:39.105-0800][74962737ms] GC(19876)   Other: 0.3ms
[2023-11-10T11:22:39.105-0800][74962737ms] GC(19876) Eden regions: 228->0(228)
[2023-11-10T11:22:39.105-0800][74962737ms] GC(19876) Survivor regions: 1->1(29)
[2023-11-10T11:22:39.105-0800][74962737ms] GC(19876) Old regions: 1385->1385
[2023-11-10T11:22:39.105-0800][74962737ms] GC(19876) Humongous regions: 5->5
[2023-11-10T11:22:39.105-0800][74962737ms] GC(19876) Metaspace: 304631K->304631K(1347584K)
[2023-11-10T11:22:39.105-0800][74962737ms] GC(19876) Pause Young (Normal) (G1 Evacuation Pause) 3235M->2779M(3602M) 5.157ms
[2023-11-10T11:22:39.106-0800][74962738ms] GC(19876) User=0.00s Sys=0.00s Real=0.00s
[2023-11-10T11:22:39.621-0800][74963253ms] GC(19877) Pause Young (Normal) (G1 Evacuation Pause)
[2023-11-10T11:22:39.621-0800][74963253ms] GC(19877) Using 10 workers of 10 for evacuation
[2023-11-10T11:22:39.626-0800][74963258ms] GC(19877)   Pre Evacuate Collection Set: 0.0ms
[2023-11-10T11:22:39.626-0800][74963258ms] GC(19877)   Evacuate Collection Set: 1.7ms
[2023-11-10T11:22:39.626-0800][74963258ms] GC(19877)   Post Evacuate Collection Set: 3.1ms
[2023-11-10T11:22:39.626-0800][74963258ms] GC(19877)   Other: 0.2ms
[2023-11-10T11:22:39.626-0800][74963258ms] GC(19877) Eden regions: 228->0(228)
[2023-11-10T11:22:39.627-0800][74963259ms] GC(19877) Survivor regions: 1->1(29)
[2023-11-10T11:22:39.627-0800][74963259ms] GC(19877) Old regions: 1385->1385
[2023-11-10T11:22:39.627-0800][74963259ms] GC(19877) Humongous regions: 5->5
[2023-11-10T11:22:39.627-0800][74963259ms] GC(19877) Metaspace: 304631K->304631K(1347584K)
[2023-11-10T11:22:39.627-0800][74963259ms] GC(19877) Pause Young (Normal) (G1 Evacuation Pause) 3235M->2779M(3602M) 5.127ms
[2023-11-10T11:22:39.627-0800][74963259ms] GC(19877) User=0.00s Sys=0.00s Real=0.01s
[2023-11-10T11:22:40.178-0800][74963810ms] GC(19878) Pause Young (Normal) (G1 Evacuation Pause)
[2023-11-10T11:22:40.178-0800][74963810ms] GC(19878) Using 10 workers of 10 for evacuation
[2023-11-10T11:22:40.186-0800][74963818ms] GC(19878)   Pre Evacuate Collection Set: 0.0ms
[2023-11-10T11:22:40.186-0800][74963818ms] GC(19878)   Evacuate Collection Set: 2.2ms
[2023-11-10T11:22:40.186-0800][74963818ms] GC(19878)   Post Evacuate Collection Set: 3.8ms
[2023-11-10T11:22:40.186-0800][74963818ms] GC(19878)   Other: 0.4ms
[2023-11-10T11:22:40.186-0800][74963818ms] GC(19878) Eden regions: 228->0(228)
[2023-11-10T11:22:40.186-0800][74963818ms] GC(19878) Survivor regions: 1->1(29)
[2023-11-10T11:22:40.186-0800][74963818ms] GC(19878) Old regions: 1385->1385
[2023-11-10T11:22:40.186-0800][74963818ms] GC(19878) Humongous regions: 5->5
[2023-11-10T11:22:40.186-0800][74963818ms] GC(19878) Metaspace: 304631K->304631K(1347584K)
[2023-11-10T11:22:40.186-0800][74963818ms] GC(19878) Pause Young (Normal) (G1 Evacuation Pause) 3235M->2779M(3602M) 6.634ms
[2023-11-10T11:22:40.186-0800][74963818ms] GC(19878) User=0.02s Sys=0.00s Real=0.01s
[2023-11-10T11:22:40.703-0800][74964335ms] GC(19879) Pause Young (Normal) (G1 Evacuation Pause)
[2023-11-10T11:22:40.703-0800][74964335ms] GC(19879) Using 10 workers of 10 for evacuation
[2023-11-10T11:22:40.708-0800][74964340ms] GC(19879)   Pre Evacuate Collection Set: 0.1ms
[2023-11-10T11:22:40.708-0800][74964340ms] GC(19879)   Evacuate Collection Set: 1.9ms
[2023-11-10T11:22:40.708-0800][74964340ms] GC(19879)   Post Evacuate Collection Set: 3.1ms
[2023-11-10T11:22:40.708-0800][74964340ms] GC(19879)   Other: 0.3ms
[2023-11-10T11:22:40.708-0800][74964340ms] GC(19879) Eden regions: 228->0(228)
[2023-11-10T11:22:40.708-0800][74964340ms] GC(19879) Survivor regions: 1->1(29)
[2023-11-10T11:22:40.708-0800][74964340ms] GC(19879) Old regions: 1385->1385
[2023-11-10T11:22:40.708-0800][74964340ms] GC(19879) Humongous regions: 5->5
[2023-11-10T11:22:40.708-0800][74964340ms] GC(19879) Metaspace: 304631K->304631K(1347584K)
[2023-11-10T11:22:40.708-0800][74964340ms] GC(19879) Pause Young (Normal) (G1 Evacuation Pause) 3235M->2779M(3602M) 5.482ms
[2023-11-10T11:22:40.708-0800][74964340ms] GC(19879) User=0.00s Sys=0.00s Real=0.00s
[2023-11-10T11:22:41.260-0800][74964892ms] GC(19880) Pause Young (Normal) (G1 Evacuation Pause)
[2023-11-10T11:22:41.260-0800][74964892ms] GC(19880) Using 10 workers of 10 for evacuation
[2023-11-10T11:22:41.267-0800][74964899ms] GC(19880)   Pre Evacuate Collection Set: 0.1ms
[2023-11-10T11:22:41.267-0800][74964899ms] GC(19880)   Evacuate Collection Set: 2.0ms
[2023-11-10T11:22:41.267-0800][74964899ms] GC(19880)   Post Evacuate Collection Set: 3.5ms
[2023-11-10T11:22:41.267-0800][74964899ms] GC(19880)   Other: 0.4ms
[2023-11-10T11:22:41.267-0800][74964899ms] GC(19880) Eden regions: 228->0(228)
[2023-11-10T11:22:41.267-0800][74964899ms] GC(19880) Survivor regions: 1->1(29)
[2023-11-10T11:22:41.267-0800][74964899ms] GC(19880) Old regions: 1385->1385
[2023-11-10T11:22:41.267-0800][74964899ms] GC(19880) Humongous regions: 5->5
[2023-11-10T11:22:41.267-0800][74964899ms] GC(19880) Metaspace: 304631K->304631K(1347584K)
[2023-11-10T11:22:41.267-0800][74964899ms] GC(19880) Pause Young (Normal) (G1 Evacuation Pause) 3235M->2779M(3602M) 6.024ms
[2023-11-10T11:22:41.267-0800][74964899ms] GC(19880) User=0.00s Sys=0.00s Real=0.01s
[2023-11-10T11:22:41.900-0800][74965532ms] GC(19881) Pause Young (Normal) (G1 Evacuation Pause)
[2023-11-10T11:22:41.901-0800][74965533ms] GC(19881) Using 10 workers of 10 for evacuation
[2023-11-10T11:22:41.906-0800][74965538ms] GC(19881)   Pre Evacuate Collection Set: 0.1ms
[2023-11-10T11:22:41.906-0800][74965538ms] GC(19881)   Evacuate Collection Set: 2.1ms
[2023-11-10T11:22:41.906-0800][74965538ms] GC(19881)   Post Evacuate Collection Set: 3.4ms
[2023-11-10T11:22:41.906-0800][74965538ms] GC(19881)   Other: 0.4ms
[2023-11-10T11:22:41.906-0800][74965538ms] GC(19881) Eden regions: 228->0(228)
[2023-11-10T11:22:41.906-0800][74965538ms] GC(19881) Survivor regions: 1->1(29)
[2023-11-10T11:22:41.906-0800][74965538ms] GC(19881) Old regions: 1385->1385
[2023-11-10T11:22:41.906-0800][74965538ms] GC(19881) Humongous regions: 5->5
[2023-11-10T11:22:41.906-0800][74965538ms] GC(19881) Metaspace: 304631K->304631K(1347584K)
[2023-11-10T11:22:41.906-0800][74965538ms] GC(19881) Pause Young (Normal) (G1 Evacuation Pause) 3235M->2779M(3602M) 6.103ms
[2023-11-10T11:22:41.907-0800][74965539ms] GC(19881) User=0.00s Sys=0.00s Real=0.01s
[2023-11-10T11:22:42.455-0800][74966087ms] GC(19882) Pause Young (Normal) (G1 Evacuation Pause)
[2023-11-10T11:22:42.455-0800][74966087ms] GC(19882) Using 10 workers of 10 for evacuation
[2023-11-10T11:22:42.461-0800][74966093ms] GC(19882)   Pre Evacuate Collection Set: 0.0ms
[2023-11-10T11:22:42.461-0800][74966093ms] GC(19882)   Evacuate Collection Set: 1.9ms
[2023-11-10T11:22:42.461-0800][74966093ms] GC(19882)   Post Evacuate Collection Set: 4.3ms
[2023-11-10T11:22:42.461-0800][74966093ms] GC(19882)   Other: 0.3ms
[2023-11-10T11:22:42.461-0800][74966093ms] GC(19882) Eden regions: 228->0(227)
[2023-11-10T11:22:42.461-0800][74966093ms] GC(19882) Survivor regions: 1->1(29)
[2023-11-10T11:22:42.461-0800][74966093ms] GC(19882) Old regions: 1385->1385
[2023-11-10T11:22:42.461-0800][74966093ms] GC(19882) Humongous regions: 5->5
[2023-11-10T11:22:42.461-0800][74966093ms] GC(19882) Metaspace: 304631K->304631K(1347584K)
[2023-11-10T11:22:42.461-0800][74966093ms] GC(19882) Pause Young (Normal) (G1 Evacuation Pause) 3235M->2780M(3602M) 6.677ms
[2023-11-10T11:22:42.461-0800][74966093ms] GC(19882) User=0.00s Sys=0.00s Real=0.01s
[2023-11-10T11:22:43.047-0800][74966679ms] GC(19883) Pause Young (Normal) (G1 Evacuation Pause)
[2023-11-10T11:22:43.047-0800][74966679ms] GC(19883) Using 10 workers of 10 for evacuation
[2023-11-10T11:22:43.053-0800][74966685ms] GC(19883)   Pre Evacuate Collection Set: 0.0ms
[2023-11-10T11:22:43.053-0800][74966685ms] GC(19883)   Evacuate Collection Set: 2.0ms
[2023-11-10T11:22:43.053-0800][74966685ms] GC(19883)   Post Evacuate Collection Set: 3.2ms
[2023-11-10T11:22:43.053-0800][74966685ms] GC(19883)   Other: 0.3ms
[2023-11-10T11:22:43.053-0800][74966685ms] GC(19883) Eden regions: 227->0(227)
[2023-11-10T11:22:43.053-0800][74966685ms] GC(19883) Survivor regions: 1->1(29)
[2023-11-10T11:22:43.053-0800][74966685ms] GC(19883) Old regions: 1385->1385
[2023-11-10T11:22:43.053-0800][74966685ms] GC(19883) Humongous regions: 5->5
[2023-11-10T11:22:43.053-0800][74966685ms] GC(19883) Metaspace: 304631K->304631K(1347584K)
[2023-11-10T11:22:43.053-0800][74966685ms] GC(19883) Pause Young (Normal) (G1 Evacuation Pause) 3234M->2779M(3602M) 5.631ms
[2023-11-10T11:22:43.053-0800][74966685ms] GC(19883) User=0.00s Sys=0.00s Real=0.01s
[2023-11-10T11:22:43.595-0800][74967227ms] GC(19884) Pause Young (Normal) (G1 Evacuation Pause)
[2023-11-10T11:22:43.595-0800][74967227ms] GC(19884) Using 10 workers of 10 for evacuation
[2023-11-10T11:22:43.601-0800][74967233ms] GC(19884)   Pre Evacuate Collection Set: 0.0ms
[2023-11-10T11:22:43.601-0800][74967233ms] GC(19884)   Evacuate Collection Set: 1.7ms
[2023-11-10T11:22:43.601-0800][74967233ms] GC(19884)   Post Evacuate Collection Set: 3.1ms
[2023-11-10T11:22:43.601-0800][74967233ms] GC(19884)   Other: 0.3ms
[2023-11-10T11:22:43.601-0800][74967233ms] GC(19884) Eden regions: 227->0(227)
[2023-11-10T11:22:43.601-0800][74967233ms] GC(19884) Survivor regions: 1->1(29)
[2023-11-10T11:22:43.601-0800][74967233ms] GC(19884) Old regions: 1385->1385
[2023-11-10T11:22:43.601-0800][74967233ms] GC(19884) Humongous regions: 5->5
[2023-11-10T11:22:43.601-0800][74967233ms] GC(19884) Metaspace: 304631K->304631K(1347584K)
[2023-11-10T11:22:43.601-0800][74967233ms] GC(19884) Pause Young (Normal) (G1 Evacuation Pause) 3233M->2779M(3602M) 5.198ms
[2023-11-10T11:22:43.601-0800][74967233ms] GC(19884) User=0.00s Sys=0.00s Real=0.01s
[2023-11-10T11:22:44.162-0800][74967794ms] GC(19885) Pause Young (Normal) (G1 Evacuation Pause)
[2023-11-10T11:22:44.162-0800][74967794ms] GC(19885) Using 10 workers of 10 for evacuation
[2023-11-10T11:22:44.167-0800][74967799ms] GC(19885)   Pre Evacuate Collection Set: 0.0ms
[2023-11-10T11:22:44.167-0800][74967799ms] GC(19885)   Evacuate Collection Set: 1.7ms
[2023-11-10T11:22:44.167-0800][74967799ms] GC(19885)   Post Evacuate Collection Set: 3.6ms
[2023-11-10T11:22:44.167-0800][74967799ms] GC(19885)   Other: 0.3ms
[2023-11-10T11:22:44.167-0800][74967799ms] GC(19885) Eden regions: 227->0(227)
[2023-11-10T11:22:44.167-0800][74967799ms] GC(19885) Survivor regions: 1->1(29)
[2023-11-10T11:22:44.167-0800][74967799ms] GC(19885) Old regions: 1385->1385
[2023-11-10T11:22:44.167-0800][74967799ms] GC(19885) Humongous regions: 5->5
[2023-11-10T11:22:44.167-0800][74967799ms] GC(19885) Metaspace: 304631K->304631K(1347584K)
[2023-11-10T11:22:44.167-0800][74967799ms] GC(19885) Pause Young (Normal) (G1 Evacuation Pause) 3233M->2779M(3602M) 5.671ms
[2023-11-10T11:22:44.167-0800][74967799ms] GC(19885) User=0.02s Sys=0.02s Real=0.01s
[2023-11-10T11:22:44.691-0800][74968323ms] GC(19886) Pause Young (Normal) (G1 Evacuation Pause)
[2023-11-10T11:22:44.691-0800][74968323ms] GC(19886) Using 10 workers of 10 for evacuation
[2023-11-10T11:22:44.699-0800][74968331ms] GC(19886)   Pre Evacuate Collection Set: 0.0ms
[2023-11-10T11:22:44.699-0800][74968331ms] GC(19886)   Evacuate Collection Set: 2.1ms
[2023-11-10T11:22:44.699-0800][74968331ms] GC(19886)   Post Evacuate Collection Set: 5.1ms
[2023-11-10T11:22:44.699-0800][74968331ms] GC(19886)   Other: 0.3ms
[2023-11-10T11:22:44.699-0800][74968331ms] GC(19886) Eden regions: 227->0(227)
[2023-11-10T11:22:44.699-0800][74968331ms] GC(19886) Survivor regions: 1->1(29)
[2023-11-10T11:22:44.699-0800][74968331ms] GC(19886) Old regions: 1385->1385
[2023-11-10T11:22:44.699-0800][74968331ms] GC(19886) Humongous regions: 5->5
[2023-11-10T11:22:44.699-0800][74968331ms] GC(19886) Metaspace: 304631K->304631K(1347584K)
[2023-11-10T11:22:44.699-0800][74968331ms] GC(19886) Pause Young (Normal) (G1 Evacuation Pause) 3233M->2779M(3602M) 7.668ms
[2023-11-10T11:22:44.699-0800][74968331ms] GC(19886) User=0.00s Sys=0.00s Real=0.01s
[2023-11-10T11:22:45.239-0800][74968871ms] GC(19887) Pause Young (Normal) (G1 Evacuation Pause)
[2023-11-10T11:22:45.239-0800][74968871ms] GC(19887) Using 10 workers of 10 for evacuation
[2023-11-10T11:22:45.245-0800][74968877ms] GC(19887)   Pre Evacuate Collection Set: 0.1ms
[2023-11-10T11:22:45.245-0800][74968877ms] GC(19887)   Evacuate Collection Set: 1.7ms
[2023-11-10T11:22:45.245-0800][74968877ms] GC(19887)   Post Evacuate Collection Set: 3.3ms
[2023-11-10T11:22:45.245-0800][74968877ms] GC(19887)   Other: 0.3ms
[2023-11-10T11:22:45.245-0800][74968877ms] GC(19887) Eden regions: 227->0(227)
[2023-11-10T11:22:45.245-0800][74968877ms] GC(19887) Survivor regions: 1->1(29)
[2023-11-10T11:22:45.245-0800][74968877ms] GC(19887) Old regions: 1385->1385
[2023-11-10T11:22:45.245-0800][74968877ms] GC(19887) Humongous regions: 5->5
[2023-11-10T11:22:45.245-0800][74968877ms] GC(19887) Metaspace: 304631K->304631K(1347584K)
[2023-11-10T11:22:45.245-0800][74968877ms] GC(19887) Pause Young (Normal) (G1 Evacuation Pause) 3233M->2779M(3602M) 5.402ms
[2023-11-10T11:22:45.245-0800][74968877ms] GC(19887) User=0.00s Sys=0.00s Real=0.01s
[2023-11-10T11:22:45.849-0800][74969482ms] GC(19888) Pause Young (Normal) (G1 Evacuation Pause)
[2023-11-10T11:22:45.850-0800][74969482ms] GC(19888) Using 10 workers of 10 for evacuation
[2023-11-10T11:22:45.866-0800][74969498ms] GC(19888)   Pre Evacuate Collection Set: 0.1ms
[2023-11-10T11:22:45.866-0800][74969498ms] GC(19888)   Evacuate Collection Set: 6.8ms
[2023-11-10T11:22:45.866-0800][74969498ms] GC(19888)   Post Evacuate Collection Set: 8.9ms
[2023-11-10T11:22:45.866-0800][74969498ms] GC(19888)   Other: 0.3ms
[2023-11-10T11:22:45.866-0800][74969498ms] GC(19888) Eden regions: 227->0(227)
[2023-11-10T11:22:45.866-0800][74969498ms] GC(19888) Survivor regions: 1->1(29)
[2023-11-10T11:22:45.866-0800][74969498ms] GC(19888) Old regions: 1385->1385
[2023-11-10T11:22:45.866-0800][74969498ms] GC(19888) Humongous regions: 5->5
[2023-11-10T11:22:45.866-0800][74969498ms] GC(19888) Metaspace: 304631K->304631K(1347584K)
[2023-11-10T11:22:45.866-0800][74969498ms] GC(19888) Pause Young (Normal) (G1 Evacuation Pause) 3233M->2779M(3602M) 16.177ms
[2023-11-10T11:22:45.866-0800][74969498ms] GC(19888) User=0.05s Sys=0.00s Real=0.02s
[2023-11-10T11:22:46.443-0800][74970075ms] GC(19889) Pause Young (Normal) (G1 Evacuation Pause)
[2023-11-10T11:22:46.443-0800][74970075ms] GC(19889) Using 10 workers of 10 for evacuation
[2023-11-10T11:22:46.448-0800][74970080ms] GC(19889)   Pre Evacuate Collection Set: 0.0ms
[2023-11-10T11:22:46.448-0800][74970080ms] GC(19889)   Evacuate Collection Set: 1.6ms
[2023-11-10T11:22:46.448-0800][74970080ms] GC(19889)   Post Evacuate Collection Set: 3.0ms
[2023-11-10T11:22:46.448-0800][74970080ms] GC(19889)   Other: 0.3ms
[2023-11-10T11:22:46.448-0800][74970080ms] GC(19889) Eden regions: 227->0(227)
[2023-11-10T11:22:46.448-0800][74970080ms] GC(19889) Survivor regions: 1->1(29)
[2023-11-10T11:22:46.448-0800][74970080ms] GC(19889) Old regions: 1385->1385
[2023-11-10T11:22:46.448-0800][74970080ms] GC(19889) Humongous regions: 5->5
[2023-11-10T11:22:46.448-0800][74970080ms] GC(19889) Metaspace: 304631K->304631K(1347584K)
[2023-11-10T11:22:46.448-0800][74970080ms] GC(19889) Pause Young (Normal) (G1 Evacuation Pause) 3233M->2779M(3602M) 5.068ms
[2023-11-10T11:22:46.448-0800][74970080ms] GC(19889) User=0.11s Sys=0.00s Real=0.00s
[2023-11-10T11:22:46.985-0800][74970617ms] GC(19890) Pause Young (Normal) (G1 Evacuation Pause)
[2023-11-10T11:22:46.985-0800][74970617ms] GC(19890) Using 10 workers of 10 for evacuation
[2023-11-10T11:22:46.991-0800][74970623ms] GC(19890)   Pre Evacuate Collection Set: 0.0ms
[2023-11-10T11:22:46.991-0800][74970623ms] GC(19890)   Evacuate Collection Set: 1.8ms
[2023-11-10T11:22:46.991-0800][74970623ms] GC(19890)   Post Evacuate Collection Set: 3.0ms
[2023-11-10T11:22:46.991-0800][74970623ms] GC(19890)   Other: 0.3ms
[2023-11-10T11:22:46.991-0800][74970623ms] GC(19890) Eden regions: 227->0(227)
[2023-11-10T11:22:46.991-0800][74970623ms] GC(19890) Survivor regions: 1->1(29)
[2023-11-10T11:22:46.991-0800][74970623ms] GC(19890) Old regions: 1385->1385
[2023-11-10T11:22:46.991-0800][74970623ms] GC(19890) Humongous regions: 5->5
[2023-11-10T11:22:46.991-0800][74970623ms] GC(19890) Metaspace: 304631K->304631K(1347584K)
[2023-11-10T11:22:46.991-0800][74970623ms] GC(19890) Pause Young (Normal) (G1 Evacuation Pause) 3233M->2779M(3602M) 5.252ms
[2023-11-10T11:22:46.991-0800][74970623ms] GC(19890) User=0.00s Sys=0.00s Real=0.01s
[2023-11-10T11:22:47.611-0800][74971243ms] GC(19891) Pause Young (Normal) (G1 Evacuation Pause)
[2023-11-10T11:22:47.611-0800][74971243ms] GC(19891) Using 10 workers of 10 for evacuation
[2023-11-10T11:22:47.616-0800][74971248ms] GC(19891)   Pre Evacuate Collection Set: 0.0ms
[2023-11-10T11:22:47.616-0800][74971248ms] GC(19891)   Evacuate Collection Set: 1.7ms
[2023-11-10T11:22:47.616-0800][74971248ms] GC(19891)   Post Evacuate Collection Set: 3.1ms
[2023-11-10T11:22:47.616-0800][74971248ms] GC(19891)   Other: 0.2ms
[2023-11-10T11:22:47.616-0800][74971248ms] GC(19891) Eden regions: 227->0(227)
[2023-11-10T11:22:47.616-0800][74971248ms] GC(19891) Survivor regions: 1->1(29)
[2023-11-10T11:22:47.616-0800][74971248ms] GC(19891) Old regions: 1385->1385
[2023-11-10T11:22:47.616-0800][74971248ms] GC(19891) Humongous regions: 5->5
[2023-11-10T11:22:47.616-0800][74971248ms] GC(19891) Metaspace: 304631K->304631K(1347584K)
[2023-11-10T11:22:47.616-0800][74971248ms] GC(19891) Pause Young (Normal) (G1 Evacuation Pause) 3233M->2779M(3602M) 5.149ms
[2023-11-10T11:22:47.616-0800][74971248ms] GC(19891) User=0.02s Sys=0.00s Real=0.00s
[2023-11-10T11:22:48.141-0800][74971773ms] GC(19892) Pause Young (Normal) (G1 Evacuation Pause)
[2023-11-10T11:22:48.142-0800][74971774ms] GC(19892) Using 10 workers of 10 for evacuation
[2023-11-10T11:22:48.146-0800][74971778ms] GC(19892)   Pre Evacuate Collection Set: 0.0ms
[2023-11-10T11:22:48.147-0800][74971779ms] GC(19892)   Evacuate Collection Set: 1.7ms
[2023-11-10T11:22:48.147-0800][74971779ms] GC(19892)   Post Evacuate Collection Set: 3.1ms
[2023-11-10T11:22:48.147-0800][74971779ms] GC(19892)   Other: 0.2ms
[2023-11-10T11:22:48.147-0800][74971779ms] GC(19892) Eden regions: 227->0(227)
[2023-11-10T11:22:48.147-0800][74971779ms] GC(19892) Survivor regions: 1->1(29)
[2023-11-10T11:22:48.147-0800][74971779ms] GC(19892) Old regions: 1385->1385
[2023-11-10T11:22:48.147-0800][74971779ms] GC(19892) Humongous regions: 5->5
[2023-11-10T11:22:48.147-0800][74971779ms] GC(19892) Metaspace: 304631K->304631K(1347584K)
[2023-11-10T11:22:48.147-0800][74971779ms] GC(19892) Pause Young (Normal) (G1 Evacuation Pause) 3233M->2779M(3602M) 5.122ms
[2023-11-10T11:22:48.147-0800][74971779ms] GC(19892) User=0.00s Sys=0.00s Real=0.01s
[2023-11-10T11:22:48.654-0800][74972286ms] GC(19893) Pause Young (Normal) (G1 Evacuation Pause)
[2023-11-10T11:22:48.654-0800][74972286ms] GC(19893) Using 10 workers of 10 for evacuation
[2023-11-10T11:22:48.659-0800][74972291ms] GC(19893)   Pre Evacuate Collection Set: 0.0ms
[2023-11-10T11:22:48.659-0800][74972291ms] GC(19893)   Evacuate Collection Set: 1.8ms
[2023-11-10T11:22:48.659-0800][74972291ms] GC(19893)   Post Evacuate Collection Set: 3.1ms
[2023-11-10T11:22:48.659-0800][74972291ms] GC(19893)   Other: 0.3ms
[2023-11-10T11:22:48.659-0800][74972291ms] GC(19893) Eden regions: 227->0(227)
[2023-11-10T11:22:48.659-0800][74972291ms] GC(19893) Survivor regions: 1->1(29)
[2023-11-10T11:22:48.659-0800][74972291ms] GC(19893) Old regions: 1385->1385
[2023-11-10T11:22:48.659-0800][74972291ms] GC(19893) Humongous regions: 5->5
[2023-11-10T11:22:48.659-0800][74972291ms] GC(19893) Metaspace: 304631K->304631K(1347584K)
[2023-11-10T11:22:48.659-0800][74972291ms] GC(19893) Pause Young (Normal) (G1 Evacuation Pause) 3233M->2779M(3602M) 5.312ms
[2023-11-10T11:22:48.659-0800][74972291ms] GC(19893) User=0.00s Sys=0.00s Real=0.00s
[2023-11-10T11:22:49.171-0800][74972803ms] GC(19894) Pause Young (Normal) (G1 Evacuation Pause)
[2023-11-10T11:22:49.171-0800][74972803ms] GC(19894) Using 10 workers of 10 for evacuation
[2023-11-10T11:22:49.177-0800][74972809ms] GC(19894)   Pre Evacuate Collection Set: 0.0ms
[2023-11-10T11:22:49.177-0800][74972809ms] GC(19894)   Evacuate Collection Set: 2.0ms
[2023-11-10T11:22:49.177-0800][74972809ms] GC(19894)   Post Evacuate Collection Set: 3.4ms
[2023-11-10T11:22:49.177-0800][74972809ms] GC(19894)   Other: 0.3ms
[2023-11-10T11:22:49.177-0800][74972809ms] GC(19894) Eden regions: 227->0(227)
[2023-11-10T11:22:49.177-0800][74972809ms] GC(19894) Survivor regions: 1->1(29)
[2023-11-10T11:22:49.177-0800][74972809ms] GC(19894) Old regions: 1385->1385
[2023-11-10T11:22:49.177-0800][74972809ms] GC(19894) Humongous regions: 5->5
[2023-11-10T11:22:49.177-0800][74972809ms] GC(19894) Metaspace: 304631K->304631K(1347584K)
[2023-11-10T11:22:49.177-0800][74972809ms] GC(19894) Pause Young (Normal) (G1 Evacuation Pause) 3233M->2779M(3602M) 5.776ms
[2023-11-10T11:22:49.177-0800][74972809ms] GC(19894) User=0.00s Sys=0.00s Real=0.01s
[2023-11-10T11:22:49.780-0800][74973412ms] GC(19895) Pause Young (Normal) (G1 Evacuation Pause)
[2023-11-10T11:22:49.780-0800][74973412ms] GC(19895) Using 10 workers of 10 for evacuation
[2023-11-10T11:22:49.785-0800][74973417ms] GC(19895)   Pre Evacuate Collection Set: 0.0ms
[2023-11-10T11:22:49.785-0800][74973417ms] GC(19895)   Evacuate Collection Set: 1.6ms
[2023-11-10T11:22:49.785-0800][74973417ms] GC(19895)   Post Evacuate Collection Set: 3.6ms
[2023-11-10T11:22:49.785-0800][74973417ms] GC(19895)   Other: 0.3ms
[2023-11-10T11:22:49.785-0800][74973417ms] GC(19895) Eden regions: 227->0(227)
[2023-11-10T11:22:49.785-0800][74973417ms] GC(19895) Survivor regions: 1->1(29)
[2023-11-10T11:22:49.785-0800][74973417ms] GC(19895) Old regions: 1385->1385
[2023-11-10T11:22:49.785-0800][74973417ms] GC(19895) Humongous regions: 5->5
[2023-11-10T11:22:49.785-0800][74973417ms] GC(19895) Metaspace: 304631K->304631K(1347584K)
[2023-11-10T11:22:49.785-0800][74973417ms] GC(19895) Pause Young (Normal) (G1 Evacuation Pause) 3233M->2779M(3602M) 5.577ms
[2023-11-10T11:22:49.785-0800][74973417ms] GC(19895) User=0.00s Sys=0.00s Real=0.01s
[2023-11-10T11:22:50.299-0800][74973931ms] GC(19896) Pause Young (Normal) (G1 Evacuation Pause)
[2023-11-10T11:22:50.299-0800][74973931ms] GC(19896) Using 10 workers of 10 for evacuation
[2023-11-10T11:22:50.304-0800][74973936ms] GC(19896)   Pre Evacuate Collection Set: 0.0ms
[2023-11-10T11:22:50.304-0800][74973936ms] GC(19896)   Evacuate Collection Set: 1.9ms
[2023-11-10T11:22:50.304-0800][74973936ms] GC(19896)   Post Evacuate Collection Set: 4.0ms
[2023-11-10T11:22:50.304-0800][74973936ms] GC(19896)   Other: 0.3ms
[2023-11-10T11:22:50.304-0800][74973936ms] GC(19896) Eden regions: 227->0(228)
[2023-11-10T11:22:50.305-0800][74973937ms] GC(19896) Survivor regions: 1->1(29)
[2023-11-10T11:22:50.305-0800][74973937ms] GC(19896) Old regions: 1385->1385
[2023-11-10T11:22:50.305-0800][74973937ms] GC(19896) Humongous regions: 5->5
[2023-11-10T11:22:50.305-0800][74973937ms] GC(19896) Metaspace: 304631K->304631K(1347584K)
[2023-11-10T11:22:50.305-0800][74973937ms] GC(19896) Pause Young (Normal) (G1 Evacuation Pause) 3233M->2779M(3602M) 6.347ms
[2023-11-10T11:22:50.305-0800][74973937ms] GC(19896) User=0.02s Sys=0.00s Real=0.01s
[2023-11-10T11:22:50.847-0800][74974479ms] GC(19897) Pause Young (Normal) (G1 Evacuation Pause)
[2023-11-10T11:22:50.847-0800][74974479ms] GC(19897) Using 10 workers of 10 for evacuation
[2023-11-10T11:22:50.854-0800][74974486ms] GC(19897)   Pre Evacuate Collection Set: 0.1ms
[2023-11-10T11:22:50.854-0800][74974486ms] GC(19897)   Evacuate Collection Set: 1.9ms
[2023-11-10T11:22:50.854-0800][74974486ms] GC(19897)   Post Evacuate Collection Set: 4.7ms
[2023-11-10T11:22:50.854-0800][74974486ms] GC(19897)   Other: 0.3ms
[2023-11-10T11:22:50.854-0800][74974486ms] GC(19897) Eden regions: 228->0(228)
[2023-11-10T11:22:50.854-0800][74974486ms] GC(19897) Survivor regions: 1->1(29)
[2023-11-10T11:22:50.854-0800][74974486ms] GC(19897) Old regions: 1385->1385
[2023-11-10T11:22:50.854-0800][74974486ms] GC(19897) Humongous regions: 5->5
[2023-11-10T11:22:50.854-0800][74974486ms] GC(19897) Metaspace: 304631K->304631K(1347584K)
[2023-11-10T11:22:50.854-0800][74974486ms] GC(19897) Pause Young (Normal) (G1 Evacuation Pause) 3235M->2780M(3602M) 7.095ms
[2023-11-10T11:22:50.854-0800][74974486ms] GC(19897) User=0.02s Sys=0.00s Real=0.01s
[2023-11-10T11:22:51.481-0800][74975113ms] GC(19898) Pause Young (Normal) (G1 Evacuation Pause)
[2023-11-10T11:22:51.481-0800][74975113ms] GC(19898) Using 10 workers of 10 for evacuation
[2023-11-10T11:22:51.487-0800][74975119ms] GC(19898)   Pre Evacuate Collection Set: 0.1ms
[2023-11-10T11:22:51.487-0800][74975119ms] GC(19898)   Evacuate Collection Set: 2.9ms
[2023-11-10T11:22:51.487-0800][74975119ms] GC(19898)   Post Evacuate Collection Set: 3.6ms
[2023-11-10T11:22:51.487-0800][74975119ms] GC(19898)   Other: 0.4ms
[2023-11-10T11:22:51.487-0800][74975119ms] GC(19898) Eden regions: 228->0(228)
[2023-11-10T11:22:51.487-0800][74975119ms] GC(19898) Survivor regions: 1->1(29)
[2023-11-10T11:22:51.487-0800][74975119ms] GC(19898) Old regions: 1385->1385
[2023-11-10T11:22:51.487-0800][74975119ms] GC(19898) Humongous regions: 5->5
[2023-11-10T11:22:51.487-0800][74975119ms] GC(19898) Metaspace: 304631K->304631K(1347584K)
[2023-11-10T11:22:51.487-0800][74975119ms] GC(19898) Pause Young (Normal) (G1 Evacuation Pause) 3236M->2780M(3602M) 6.972ms
[2023-11-10T11:22:51.487-0800][74975119ms] GC(19898) User=0.00s Sys=0.00s Real=0.01s
[2023-11-10T11:22:52.032-0800][74975664ms] GC(19899) Pause Young (Normal) (G1 Evacuation Pause)
[2023-11-10T11:22:52.032-0800][74975664ms] GC(19899) Using 10 workers of 10 for evacuation
[2023-11-10T11:22:52.039-0800][74975671ms] GC(19899)   Pre Evacuate Collection Set: 0.1ms
[2023-11-10T11:22:52.039-0800][74975671ms] GC(19899)   Evacuate Collection Set: 2.7ms
[2023-11-10T11:22:52.039-0800][74975671ms] GC(19899)   Post Evacuate Collection Set: 3.7ms
[2023-11-10T11:22:52.039-0800][74975671ms] GC(19899)   Other: 0.3ms
[2023-11-10T11:22:52.039-0800][74975671ms] GC(19899) Eden regions: 228->0(228)
[2023-11-10T11:22:52.039-0800][74975671ms] GC(19899) Survivor regions: 1->1(29)
[2023-11-10T11:22:52.039-0800][74975671ms] GC(19899) Old regions: 1385->1385
[2023-11-10T11:22:52.039-0800][74975671ms] GC(19899) Humongous regions: 5->5
[2023-11-10T11:22:52.039-0800][74975671ms] GC(19899) Metaspace: 304631K->304631K(1347584K)
[2023-11-10T11:22:52.040-0800][74975672ms] GC(19899) Pause Young (Normal) (G1 Evacuation Pause) 3236M->2780M(3602M) 6.844ms
[2023-11-10T11:22:52.040-0800][74975672ms] GC(19899) User=0.00s Sys=0.00s Real=0.01s
[2023-11-10T11:22:52.552-0800][74976184ms] GC(19900) Pause Young (Normal) (G1 Evacuation Pause)
[2023-11-10T11:22:52.552-0800][74976184ms] GC(19900) Using 10 workers of 10 for evacuation
[2023-11-10T11:22:52.560-0800][74976192ms] GC(19900)   Pre Evacuate Collection Set: 0.0ms
[2023-11-10T11:22:52.560-0800][74976192ms] GC(19900)   Evacuate Collection Set: 2.5ms
[2023-11-10T11:22:52.560-0800][74976192ms] GC(19900)   Post Evacuate Collection Set: 4.6ms
[2023-11-10T11:22:52.560-0800][74976192ms] GC(19900)   Other: 0.3ms
[2023-11-10T11:22:52.560-0800][74976192ms] GC(19900) Eden regions: 228->0(228)
[2023-11-10T11:22:52.560-0800][74976192ms] GC(19900) Survivor regions: 1->1(29)
[2023-11-10T11:22:52.560-0800][74976192ms] GC(19900) Old regions: 1385->1385
[2023-11-10T11:22:52.560-0800][74976192ms] GC(19900) Humongous regions: 5->5
[2023-11-10T11:22:52.560-0800][74976192ms] GC(19900) Metaspace: 304631K->304631K(1347584K)
[2023-11-10T11:22:52.560-0800][74976192ms] GC(19900) Pause Young (Normal) (G1 Evacuation Pause) 3236M->2780M(3602M) 7.521ms
[2023-11-10T11:22:52.560-0800][74976192ms] GC(19900) User=0.06s Sys=0.00s Real=0.01s
[2023-11-10T11:22:53.107-0800][74976739ms] GC(19901) Pause Young (Normal) (G1 Evacuation Pause)
[2023-11-10T11:22:53.107-0800][74976739ms] GC(19901) Using 10 workers of 10 for evacuation
[2023-11-10T11:22:53.114-0800][74976746ms] GC(19901)   Pre Evacuate Collection Set: 0.0ms
[2023-11-10T11:22:53.114-0800][74976746ms] GC(19901)   Evacuate Collection Set: 2.1ms
[2023-11-10T11:22:53.114-0800][74976746ms] GC(19901)   Post Evacuate Collection Set: 3.1ms
[2023-11-10T11:22:53.114-0800][74976746ms] GC(19901)   Other: 0.3ms
[2023-11-10T11:22:53.114-0800][74976746ms] GC(19901) Eden regions: 228->0(228)
[2023-11-10T11:22:53.114-0800][74976746ms] GC(19901) Survivor regions: 1->1(29)
[2023-11-10T11:22:53.114-0800][74976746ms] GC(19901) Old regions: 1385->1385
[2023-11-10T11:22:53.114-0800][74976746ms] GC(19901) Humongous regions: 5->5
[2023-11-10T11:22:53.114-0800][74976746ms] GC(19901) Metaspace: 304631K->304631K(1347584K)
[2023-11-10T11:22:53.114-0800][74976746ms] GC(19901) Pause Young (Normal) (G1 Evacuation Pause) 3236M->2780M(3602M) 5.713ms
[2023-11-10T11:22:53.114-0800][74976746ms] GC(19901) User=0.00s Sys=0.00s Real=0.01s
[2023-11-10T11:22:53.722-0800][74977354ms] GC(19902) Pause Young (Normal) (G1 Evacuation Pause)
[2023-11-10T11:22:53.722-0800][74977354ms] GC(19902) Using 10 workers of 10 for evacuation
[2023-11-10T11:22:53.727-0800][74977359ms] GC(19902)   Pre Evacuate Collection Set: 0.0ms
[2023-11-10T11:22:53.727-0800][74977359ms] GC(19902)   Evacuate Collection Set: 1.5ms
[2023-11-10T11:22:53.727-0800][74977359ms] GC(19902)   Post Evacuate Collection Set: 3.3ms
[2023-11-10T11:22:53.727-0800][74977359ms] GC(19902)   Other: 0.3ms
[2023-11-10T11:22:53.755-0800][74977387ms] GC(19902) Eden regions: 228->0(228)
[2023-11-10T11:22:53.756-0800][74977388ms] GC(19902) Survivor regions: 1->1(29)
[2023-11-10T11:22:53.756-0800][74977388ms] GC(19902) Old regions: 1385->1385
[2023-11-10T11:22:53.756-0800][74977388ms] GC(19902) Humongous regions: 5->5
[2023-11-10T11:22:53.756-0800][74977388ms] GC(19902) Metaspace: 304631K->304631K(1347584K)
[2023-11-10T11:22:53.756-0800][74977388ms] GC(19902) Pause Young (Normal) (G1 Evacuation Pause) 3236M->2780M(3602M) 33.120ms
[2023-11-10T11:22:53.756-0800][74977388ms] GC(19902) User=0.00s Sys=0.00s Real=0.03s
[2023-11-10T11:22:54.349-0800][74977981ms] GC(19903) Pause Young (Normal) (G1 Evacuation Pause)
[2023-11-10T11:22:54.349-0800][74977981ms] GC(19903) Using 10 workers of 10 for evacuation
[2023-11-10T11:22:54.355-0800][74977987ms] GC(19903)   Pre Evacuate Collection Set: 0.0ms
[2023-11-10T11:22:54.355-0800][74977987ms] GC(19903)   Evacuate Collection Set: 2.2ms
[2023-11-10T11:22:54.355-0800][74977987ms] GC(19903)   Post Evacuate Collection Set: 3.4ms
[2023-11-10T11:22:54.355-0800][74977987ms] GC(19903)   Other: 0.3ms
[2023-11-10T11:22:54.355-0800][74977987ms] GC(19903) Eden regions: 228->0(228)
[2023-11-10T11:22:54.355-0800][74977987ms] GC(19903) Survivor regions: 1->1(29)
[2023-11-10T11:22:54.355-0800][74977987ms] GC(19903) Old regions: 1385->1385
[2023-11-10T11:22:54.355-0800][74977987ms] GC(19903) Humongous regions: 5->5
[2023-11-10T11:22:54.355-0800][74977987ms] GC(19903) Metaspace: 304631K->304631K(1347584K)
[2023-11-10T11:22:54.355-0800][74977987ms] GC(19903) Pause Young (Normal) (G1 Evacuation Pause) 3236M->2780M(3602M) 6.197ms
[2023-11-10T11:22:54.355-0800][74977987ms] GC(19903) User=0.03s Sys=0.00s Real=0.01s
[2023-11-10T11:22:54.973-0800][74978605ms] GC(19904) Pause Young (Normal) (G1 Evacuation Pause)
[2023-11-10T11:22:54.973-0800][74978605ms] GC(19904) Using 10 workers of 10 for evacuation
[2023-11-10T11:22:54.979-0800][74978611ms] GC(19904)   Pre Evacuate Collection Set: 0.0ms
[2023-11-10T11:22:54.979-0800][74978611ms] GC(19904)   Evacuate Collection Set: 1.7ms
[2023-11-10T11:22:54.979-0800][74978611ms] GC(19904)   Post Evacuate Collection Set: 4.3ms
[2023-11-10T11:22:54.980-0800][74978612ms] GC(19904)   Other: 0.3ms
[2023-11-10T11:22:54.980-0800][74978612ms] GC(19904) Eden regions: 228->0(228)
[2023-11-10T11:22:54.980-0800][74978612ms] GC(19904) Survivor regions: 1->1(29)
[2023-11-10T11:22:54.980-0800][74978612ms] GC(19904) Old regions: 1385->1385
[2023-11-10T11:22:54.980-0800][74978612ms] GC(19904) Humongous regions: 5->5
[2023-11-10T11:22:54.980-0800][74978612ms] GC(19904) Metaspace: 304631K->304631K(1347584K)
[2023-11-10T11:22:54.980-0800][74978612ms] GC(19904) Pause Young (Normal) (G1 Evacuation Pause) 3236M->2780M(3602M) 6.411ms
[2023-11-10T11:22:54.980-0800][74978612ms] GC(19904) User=0.00s Sys=0.00s Real=0.01s
[2023-11-10T11:22:55.547-0800][74979179ms] GC(19905) Pause Young (Normal) (G1 Evacuation Pause)
[2023-11-10T11:22:55.547-0800][74979179ms] GC(19905) Using 10 workers of 10 for evacuation
[2023-11-10T11:22:55.552-0800][74979184ms] GC(19905)   Pre Evacuate Collection Set: 0.0ms
[2023-11-10T11:22:55.552-0800][74979184ms] GC(19905)   Evacuate Collection Set: 1.8ms
[2023-11-10T11:22:55.552-0800][74979184ms] GC(19905)   Post Evacuate Collection Set: 3.7ms
[2023-11-10T11:22:55.552-0800][74979184ms] GC(19905)   Other: 0.3ms
[2023-11-10T11:22:55.552-0800][74979184ms] GC(19905) Eden regions: 228->0(228)
[2023-11-10T11:22:55.552-0800][74979184ms] GC(19905) Survivor regions: 1->1(29)
[2023-11-10T11:22:55.552-0800][74979184ms] GC(19905) Old regions: 1385->1385
[2023-11-10T11:22:55.552-0800][74979184ms] GC(19905) Humongous regions: 5->5
[2023-11-10T11:22:55.552-0800][74979184ms] GC(19905) Metaspace: 304631K->304631K(1347584K)
[2023-11-10T11:22:55.552-0800][74979184ms] GC(19905) Pause Young (Normal) (G1 Evacuation Pause) 3236M->2780M(3602M) 5.977ms
[2023-11-10T11:22:55.553-0800][74979185ms] GC(19905) User=0.00s Sys=0.00s Real=0.01s
[2023-11-10T11:22:56.171-0800][74979803ms] GC(19906) Pause Young (Normal) (G1 Evacuation Pause)
[2023-11-10T11:22:56.171-0800][74979803ms] GC(19906) Using 10 workers of 10 for evacuation
[2023-11-10T11:22:56.178-0800][74979810ms] GC(19906)   Pre Evacuate Collection Set: 0.1ms
[2023-11-10T11:22:56.178-0800][74979810ms] GC(19906)   Evacuate Collection Set: 2.0ms
[2023-11-10T11:22:56.178-0800][74979810ms] GC(19906)   Post Evacuate Collection Set: 3.9ms
[2023-11-10T11:22:56.178-0800][74979810ms] GC(19906)   Other: 0.4ms
[2023-11-10T11:22:56.178-0800][74979810ms] GC(19906) Eden regions: 228->0(228)
[2023-11-10T11:22:56.178-0800][74979810ms] GC(19906) Survivor regions: 1->1(29)
[2023-11-10T11:22:56.178-0800][74979810ms] GC(19906) Old regions: 1385->1385
[2023-11-10T11:22:56.178-0800][74979810ms] GC(19906) Humongous regions: 5->5
[2023-11-10T11:22:56.178-0800][74979810ms] GC(19906) Metaspace: 304631K->304631K(1347584K)
[2023-11-10T11:22:56.178-0800][74979810ms] GC(19906) Pause Young (Normal) (G1 Evacuation Pause) 3236M->2780M(3602M) 6.584ms
[2023-11-10T11:22:56.178-0800][74979810ms] GC(19906) User=0.00s Sys=0.00s Real=0.01s
[2023-11-10T11:22:56.801-0800][74980433ms] GC(19907) Pause Young (Normal) (G1 Evacuation Pause)
[2023-11-10T11:22:56.801-0800][74980433ms] GC(19907) Using 10 workers of 10 for evacuation
[2023-11-10T11:22:56.806-0800][74980438ms] GC(19907)   Pre Evacuate Collection Set: 0.0ms
[2023-11-10T11:22:56.806-0800][74980438ms] GC(19907)   Evacuate Collection Set: 1.6ms
[2023-11-10T11:22:56.806-0800][74980438ms] GC(19907)   Post Evacuate Collection Set: 3.2ms
[2023-11-10T11:22:56.806-0800][74980438ms] GC(19907)   Other: 0.3ms
[2023-11-10T11:22:56.806-0800][74980438ms] GC(19907) Eden regions: 228->0(228)
[2023-11-10T11:22:56.806-0800][74980438ms] GC(19907) Survivor regions: 1->1(29)
[2023-11-10T11:22:56.806-0800][74980438ms] GC(19907) Old regions: 1385->1385
[2023-11-10T11:22:56.806-0800][74980438ms] GC(19907) Humongous regions: 5->5
[2023-11-10T11:22:56.806-0800][74980438ms] GC(19907) Metaspace: 304631K->304631K(1347584K)
[2023-11-10T11:22:56.806-0800][74980438ms] GC(19907) Pause Young (Normal) (G1 Evacuation Pause) 3236M->2780M(3602M) 5.213ms
[2023-11-10T11:22:56.806-0800][74980438ms] GC(19907) User=0.02s Sys=0.00s Real=0.00s
[2023-11-10T11:22:57.337-0800][74980969ms] GC(19908) Pause Young (Normal) (G1 Evacuation Pause)
[2023-11-10T11:22:57.337-0800][74980969ms] GC(19908) Using 10 workers of 10 for evacuation
[2023-11-10T11:22:57.342-0800][74980974ms] GC(19908)   Pre Evacuate Collection Set: 0.0ms
[2023-11-10T11:22:57.342-0800][74980974ms] GC(19908)   Evacuate Collection Set: 2.0ms
[2023-11-10T11:22:57.342-0800][74980974ms] GC(19908)   Post Evacuate Collection Set: 3.3ms
[2023-11-10T11:22:57.342-0800][74980974ms] GC(19908)   Other: 0.3ms
[2023-11-10T11:22:57.342-0800][74980974ms] GC(19908) Eden regions: 228->0(228)
[2023-11-10T11:22:57.342-0800][74980974ms] GC(19908) Survivor regions: 1->1(29)
[2023-11-10T11:22:57.342-0800][74980974ms] GC(19908) Old regions: 1385->1385
[2023-11-10T11:22:57.342-0800][74980974ms] GC(19908) Humongous regions: 5->5
[2023-11-10T11:22:57.342-0800][74980974ms] GC(19908) Metaspace: 304631K->304631K(1347584K)
[2023-11-10T11:22:57.342-0800][74980974ms] GC(19908) Pause Young (Normal) (G1 Evacuation Pause) 3236M->2780M(3602M) 5.647ms
[2023-11-10T11:22:57.342-0800][74980974ms] GC(19908) User=0.00s Sys=0.00s Real=0.01s
[2023-11-10T11:22:57.923-0800][74981555ms] GC(19909) Pause Young (Normal) (G1 Evacuation Pause)
[2023-11-10T11:22:57.923-0800][74981555ms] GC(19909) Using 10 workers of 10 for evacuation
[2023-11-10T11:22:57.929-0800][74981561ms] GC(19909)   Pre Evacuate Collection Set: 0.0ms
[2023-11-10T11:22:57.929-0800][74981561ms] GC(19909)   Evacuate Collection Set: 1.7ms
[2023-11-10T11:22:57.929-0800][74981561ms] GC(19909)   Post Evacuate Collection Set: 2.9ms
[2023-11-10T11:22:57.929-0800][74981561ms] GC(19909)   Other: 0.4ms
[2023-11-10T11:22:57.929-0800][74981561ms] GC(19909) Eden regions: 228->0(228)
[2023-11-10T11:22:57.929-0800][74981561ms] GC(19909) Survivor regions: 1->1(29)
[2023-11-10T11:22:57.929-0800][74981561ms] GC(19909) Old regions: 1385->1385
[2023-11-10T11:22:57.929-0800][74981561ms] GC(19909) Humongous regions: 5->5
[2023-11-10T11:22:57.929-0800][74981561ms] GC(19909) Metaspace: 304631K->304631K(1347584K)
[2023-11-10T11:22:57.929-0800][74981561ms] GC(19909) Pause Young (Normal) (G1 Evacuation Pause) 3236M->2780M(3602M) 5.173ms
[2023-11-10T11:22:57.929-0800][74981561ms] GC(19909) User=0.00s Sys=0.00s Real=0.01s
[2023-11-10T11:22:58.426-0800][74982058ms] GC(19910) Pause Young (Normal) (G1 Evacuation Pause)
[2023-11-10T11:22:58.426-0800][74982058ms] GC(19910) Using 10 workers of 10 for evacuation
[2023-11-10T11:22:58.430-0800][74982062ms] GC(19910)   Pre Evacuate Collection Set: 0.0ms
[2023-11-10T11:22:58.431-0800][74982063ms] GC(19910)   Evacuate Collection Set: 1.7ms
[2023-11-10T11:22:58.431-0800][74982063ms] GC(19910)   Post Evacuate Collection Set: 3.6ms
[2023-11-10T11:22:58.431-0800][74982063ms] GC(19910)   Other: 0.3ms
[2023-11-10T11:22:58.431-0800][74982063ms] GC(19910) Eden regions: 228->0(228)
[2023-11-10T11:22:58.431-0800][74982063ms] GC(19910) Survivor regions: 1->1(29)
[2023-11-10T11:22:58.431-0800][74982063ms] GC(19910) Old regions: 1385->1385
[2023-11-10T11:22:58.431-0800][74982063ms] GC(19910) Humongous regions: 5->5
[2023-11-10T11:22:58.431-0800][74982063ms] GC(19910) Metaspace: 304631K->304631K(1347584K)
[2023-11-10T11:22:58.431-0800][74982063ms] GC(19910) Pause Young (Normal) (G1 Evacuation Pause) 3236M->2780M(3602M) 5.712ms
[2023-11-10T11:22:58.431-0800][74982063ms] GC(19910) User=0.00s Sys=0.00s Real=0.00s
[2023-11-10T11:22:58.972-0800][74982604ms] GC(19911) Pause Young (Normal) (G1 Evacuation Pause)
[2023-11-10T11:22:58.972-0800][74982604ms] GC(19911) Using 10 workers of 10 for evacuation
[2023-11-10T11:22:58.978-0800][74982610ms] GC(19911)   Pre Evacuate Collection Set: 0.0ms
[2023-11-10T11:22:58.978-0800][74982610ms] GC(19911)   Evacuate Collection Set: 1.7ms
[2023-11-10T11:22:58.978-0800][74982610ms] GC(19911)   Post Evacuate Collection Set: 3.1ms
[2023-11-10T11:22:58.978-0800][74982610ms] GC(19911)   Other: 0.3ms
[2023-11-10T11:22:58.978-0800][74982610ms] GC(19911) Eden regions: 228->0(228)
[2023-11-10T11:22:58.978-0800][74982610ms] GC(19911) Survivor regions: 1->1(29)
[2023-11-10T11:22:58.978-0800][74982610ms] GC(19911) Old regions: 1385->1385
[2023-11-10T11:22:58.978-0800][74982610ms] GC(19911) Humongous regions: 5->5
[2023-11-10T11:22:58.978-0800][74982610ms] GC(19911) Metaspace: 304631K->304631K(1347584K)
[2023-11-10T11:22:58.978-0800][74982610ms] GC(19911) Pause Young (Normal) (G1 Evacuation Pause) 3236M->2780M(3602M) 5.261ms
[2023-11-10T11:22:58.978-0800][74982610ms] GC(19911) User=0.02s Sys=0.00s Real=0.01s
[2023-11-10T11:22:59.517-0800][74983149ms] GC(19912) Pause Young (Normal) (G1 Evacuation Pause)
[2023-11-10T11:22:59.517-0800][74983149ms] GC(19912) Using 10 workers of 10 for evacuation
[2023-11-10T11:22:59.523-0800][74983155ms] GC(19912)   Pre Evacuate Collection Set: 0.0ms
[2023-11-10T11:22:59.523-0800][74983155ms] GC(19912)   Evacuate Collection Set: 1.8ms
[2023-11-10T11:22:59.523-0800][74983155ms] GC(19912)   Post Evacuate Collection Set: 3.3ms
[2023-11-10T11:22:59.523-0800][74983155ms] GC(19912)   Other: 0.2ms
[2023-11-10T11:22:59.523-0800][74983155ms] GC(19912) Eden regions: 228->0(228)
[2023-11-10T11:22:59.523-0800][74983155ms] GC(19912) Survivor regions: 1->1(29)
[2023-11-10T11:22:59.523-0800][74983155ms] GC(19912) Old regions: 1385->1385
[2023-11-10T11:22:59.523-0800][74983155ms] GC(19912) Humongous regions: 5->5
[2023-11-10T11:22:59.523-0800][74983155ms] GC(19912) Metaspace: 304631K->304631K(1347584K)
[2023-11-10T11:22:59.523-0800][74983155ms] GC(19912) Pause Young (Normal) (G1 Evacuation Pause) 3236M->2780M(3602M) 5.438ms
[2023-11-10T11:22:59.523-0800][74983155ms] GC(19912) User=0.00s Sys=0.00s Real=0.01s
[2023-11-10T11:23:00.035-0800][74983667ms] GC(19913) Pause Young (Normal) (G1 Evacuation Pause)
[2023-11-10T11:23:00.035-0800][74983667ms] GC(19913) Using 10 workers of 10 for evacuation
[2023-11-10T11:23:00.041-0800][74983673ms] GC(19913)   Pre Evacuate Collection Set: 0.0ms
[2023-11-10T11:23:00.041-0800][74983673ms] GC(19913)   Evacuate Collection Set: 1.8ms
[2023-11-10T11:23:00.041-0800][74983673ms] GC(19913)   Post Evacuate Collection Set: 3.5ms
[2023-11-10T11:23:00.041-0800][74983673ms] GC(19913)   Other: 0.3ms
[2023-11-10T11:23:00.041-0800][74983673ms] GC(19913) Eden regions: 228->0(228)
[2023-11-10T11:23:00.041-0800][74983673ms] GC(19913) Survivor regions: 1->1(29)
[2023-11-10T11:23:00.041-0800][74983673ms] GC(19913) Old regions: 1385->1385
[2023-11-10T11:23:00.041-0800][74983673ms] GC(19913) Humongous regions: 5->5
[2023-11-10T11:23:00.041-0800][74983673ms] GC(19913) Metaspace: 304631K->304631K(1347584K)
[2023-11-10T11:23:00.041-0800][74983673ms] GC(19913) Pause Young (Normal) (G1 Evacuation Pause) 3236M->2780M(3602M) 5.769ms
[2023-11-10T11:23:00.041-0800][74983673ms] GC(19913) User=0.00s Sys=0.00s Real=0.01s
[2023-11-10T11:23:00.621-0800][74984253ms] GC(19914) Pause Young (Normal) (G1 Evacuation Pause)
[2023-11-10T11:23:00.621-0800][74984253ms] GC(19914) Using 10 workers of 10 for evacuation
[2023-11-10T11:23:00.627-0800][74984259ms] GC(19914)   Pre Evacuate Collection Set: 0.0ms
[2023-11-10T11:23:00.627-0800][74984259ms] GC(19914)   Evacuate Collection Set: 1.9ms
[2023-11-10T11:23:00.627-0800][74984259ms] GC(19914)   Post Evacuate Collection Set: 4.1ms
[2023-11-10T11:23:00.627-0800][74984259ms] GC(19914)   Other: 0.3ms
[2023-11-10T11:23:00.627-0800][74984259ms] GC(19914) Eden regions: 228->0(228)
[2023-11-10T11:23:00.627-0800][74984259ms] GC(19914) Survivor regions: 1->1(29)
[2023-11-10T11:23:00.627-0800][74984259ms] GC(19914) Old regions: 1385->1385
[2023-11-10T11:23:00.627-0800][74984259ms] GC(19914) Humongous regions: 5->5
[2023-11-10T11:23:00.627-0800][74984259ms] GC(19914) Metaspace: 304631K->304631K(1347584K)
[2023-11-10T11:23:00.627-0800][74984259ms] GC(19914) Pause Young (Normal) (G1 Evacuation Pause) 3236M->2780M(3602M) 6.369ms
[2023-11-10T11:23:00.627-0800][74984259ms] GC(19914) User=0.00s Sys=0.00s Real=0.01s
[2023-11-10T11:23:01.222-0800][74984854ms] GC(19915) Pause Young (Normal) (G1 Evacuation Pause)
[2023-11-10T11:23:01.222-0800][74984854ms] GC(19915) Using 10 workers of 10 for evacuation
[2023-11-10T11:23:01.228-0800][74984860ms] GC(19915)   Pre Evacuate Collection Set: 0.1ms
[2023-11-10T11:23:01.228-0800][74984860ms] GC(19915)   Evacuate Collection Set: 2.3ms
[2023-11-10T11:23:01.228-0800][74984860ms] GC(19915)   Post Evacuate Collection Set: 3.5ms
[2023-11-10T11:23:01.228-0800][74984860ms] GC(19915)   Other: 0.3ms
[2023-11-10T11:23:01.228-0800][74984860ms] GC(19915) Eden regions: 228->0(228)
[2023-11-10T11:23:01.228-0800][74984860ms] GC(19915) Survivor regions: 1->1(29)
[2023-11-10T11:23:01.228-0800][74984860ms] GC(19915) Old regions: 1385->1385
[2023-11-10T11:23:01.228-0800][74984860ms] GC(19915) Humongous regions: 5->5
[2023-11-10T11:23:01.228-0800][74984860ms] GC(19915) Metaspace: 304631K->304631K(1347584K)
[2023-11-10T11:23:01.228-0800][74984860ms] GC(19915) Pause Young (Normal) (G1 Evacuation Pause) 3236M->2780M(3602M) 6.226ms
[2023-11-10T11:23:01.228-0800][74984860ms] GC(19915) User=0.02s Sys=0.00s Real=0.01s
[2023-11-10T11:23:01.772-0800][74985404ms] GC(19916) Pause Young (Normal) (G1 Evacuation Pause)
[2023-11-10T11:23:01.772-0800][74985404ms] GC(19916) Using 10 workers of 10 for evacuation
[2023-11-10T11:23:01.779-0800][74985411ms] GC(19916)   Pre Evacuate Collection Set: 0.1ms
[2023-11-10T11:23:01.779-0800][74985411ms] GC(19916)   Evacuate Collection Set: 1.7ms
[2023-11-10T11:23:01.779-0800][74985411ms] GC(19916)   Post Evacuate Collection Set: 4.3ms
[2023-11-10T11:23:01.779-0800][74985411ms] GC(19916)   Other: 0.3ms
[2023-11-10T11:23:01.779-0800][74985411ms] GC(19916) Eden regions: 228->0(228)
[2023-11-10T11:23:01.779-0800][74985411ms] GC(19916) Survivor regions: 1->1(29)
[2023-11-10T11:23:01.779-0800][74985411ms] GC(19916) Old regions: 1385->1385
[2023-11-10T11:23:01.779-0800][74985411ms] GC(19916) Humongous regions: 5->5
[2023-11-10T11:23:01.779-0800][74985411ms] GC(19916) Metaspace: 304631K->304631K(1347584K)
[2023-11-10T11:23:01.779-0800][74985411ms] GC(19916) Pause Young (Normal) (G1 Evacuation Pause) 3236M->2780M(3602M) 6.483ms
[2023-11-10T11:23:01.779-0800][74985411ms] GC(19916) User=0.00s Sys=0.00s Real=0.01s
[2023-11-10T11:23:02.386-0800][74986018ms] GC(19917) Pause Young (Normal) (G1 Evacuation Pause)
[2023-11-10T11:23:02.386-0800][74986018ms] GC(19917) Using 10 workers of 10 for evacuation
[2023-11-10T11:23:02.393-0800][74986025ms] GC(19917)   Pre Evacuate Collection Set: 0.1ms
[2023-11-10T11:23:02.393-0800][74986025ms] GC(19917)   Evacuate Collection Set: 2.5ms
[2023-11-10T11:23:02.393-0800][74986025ms] GC(19917)   Post Evacuate Collection Set: 4.1ms
[2023-11-10T11:23:02.393-0800][74986025ms] GC(19917)   Other: 0.4ms
[2023-11-10T11:23:02.393-0800][74986025ms] GC(19917) Eden regions: 228->0(228)
[2023-11-10T11:23:02.393-0800][74986025ms] GC(19917) Survivor regions: 1->1(29)
[2023-11-10T11:23:02.393-0800][74986025ms] GC(19917) Old regions: 1385->1385
[2023-11-10T11:23:02.393-0800][74986025ms] GC(19917) Humongous regions: 5->5
[2023-11-10T11:23:02.393-0800][74986025ms] GC(19917) Metaspace: 304631K->304631K(1347584K)
[2023-11-10T11:23:02.393-0800][74986025ms] GC(19917) Pause Young (Normal) (G1 Evacuation Pause) 3236M->2780M(3602M) 7.132ms
[2023-11-10T11:23:02.393-0800][74986025ms] GC(19917) User=0.00s Sys=0.00s Real=0.01s
[2023-11-10T11:23:02.982-0800][74986614ms] GC(19918) Pause Young (Normal) (G1 Evacuation Pause)
[2023-11-10T11:23:02.982-0800][74986614ms] GC(19918) Using 10 workers of 10 for evacuation
[2023-11-10T11:23:02.986-0800][74986618ms] GC(19918)   Pre Evacuate Collection Set: 0.0ms
[2023-11-10T11:23:02.986-0800][74986618ms] GC(19918)   Evacuate Collection Set: 1.7ms
[2023-11-10T11:23:02.986-0800][74986618ms] GC(19918)   Post Evacuate Collection Set: 3.1ms
[2023-11-10T11:23:02.986-0800][74986618ms] GC(19918)   Other: 0.2ms
[2023-11-10T11:23:02.986-0800][74986618ms] GC(19918) Eden regions: 228->0(228)
[2023-11-10T11:23:02.986-0800][74986618ms] GC(19918) Survivor regions: 1->1(29)
[2023-11-10T11:23:02.987-0800][74986619ms] GC(19918) Old regions: 1385->1385
[2023-11-10T11:23:02.987-0800][74986619ms] GC(19918) Humongous regions: 5->5
[2023-11-10T11:23:02.987-0800][74986619ms] GC(19918) Metaspace: 304631K->304631K(1347584K)
[2023-11-10T11:23:02.987-0800][74986619ms] GC(19918) Pause Young (Normal) (G1 Evacuation Pause) 3236M->2780M(3602M) 5.285ms
[2023-11-10T11:23:02.987-0800][74986619ms] GC(19918) User=0.00s Sys=0.00s Real=0.00s
[2023-11-10T11:23:03.576-0800][74987208ms] GC(19919) Pause Young (Normal) (G1 Evacuation Pause)
[2023-11-10T11:23:03.576-0800][74987208ms] GC(19919) Using 10 workers of 10 for evacuation
[2023-11-10T11:23:03.581-0800][74987213ms] GC(19919)   Pre Evacuate Collection Set: 0.0ms
[2023-11-10T11:23:03.581-0800][74987213ms] GC(19919)   Evacuate Collection Set: 1.7ms
[2023-11-10T11:23:03.581-0800][74987213ms] GC(19919)   Post Evacuate Collection Set: 3.1ms
[2023-11-10T11:23:03.581-0800][74987213ms] GC(19919)   Other: 0.3ms
[2023-11-10T11:23:03.581-0800][74987213ms] GC(19919) Eden regions: 228->0(228)
[2023-11-10T11:23:03.581-0800][74987213ms] GC(19919) Survivor regions: 1->1(29)
[2023-11-10T11:23:03.581-0800][74987213ms] GC(19919) Old regions: 1385->1385
[2023-11-10T11:23:03.581-0800][74987213ms] GC(19919) Humongous regions: 5->5
[2023-11-10T11:23:03.581-0800][74987213ms] GC(19919) Metaspace: 304631K->304631K(1347584K)
[2023-11-10T11:23:03.581-0800][74987213ms] GC(19919) Pause Young (Normal) (G1 Evacuation Pause) 3236M->2780M(3602M) 5.138ms
[2023-11-10T11:23:03.581-0800][74987213ms] GC(19919) User=0.00s Sys=0.00s Real=0.01s
[2023-11-10T11:23:04.131-0800][74987763ms] GC(19920) Pause Young (Normal) (G1 Evacuation Pause)
[2023-11-10T11:23:04.132-0800][74987764ms] GC(19920) Using 10 workers of 10 for evacuation
[2023-11-10T11:23:04.137-0800][74987769ms] GC(19920)   Pre Evacuate Collection Set: 0.0ms
[2023-11-10T11:23:04.137-0800][74987769ms] GC(19920)   Evacuate Collection Set: 1.7ms
[2023-11-10T11:23:04.137-0800][74987769ms] GC(19920)   Post Evacuate Collection Set: 3.8ms
[2023-11-10T11:23:04.137-0800][74987769ms] GC(19920)   Other: 0.3ms
[2023-11-10T11:23:04.137-0800][74987769ms] GC(19920) Eden regions: 228->0(228)
[2023-11-10T11:23:04.137-0800][74987769ms] GC(19920) Survivor regions: 1->1(29)
[2023-11-10T11:23:04.137-0800][74987769ms] GC(19920) Old regions: 1385->1385
[2023-11-10T11:23:04.137-0800][74987769ms] GC(19920) Humongous regions: 5->5
[2023-11-10T11:23:04.137-0800][74987769ms] GC(19920) Metaspace: 304631K->304631K(1347584K)
[2023-11-10T11:23:04.137-0800][74987769ms] GC(19920) Pause Young (Normal) (G1 Evacuation Pause) 3236M->2780M(3602M) 6.022ms
[2023-11-10T11:23:04.137-0800][74987769ms] GC(19920) User=0.00s Sys=0.00s Real=0.01s
[2023-11-10T11:23:04.718-0800][74988350ms] GC(19921) Pause Young (Normal) (G1 Evacuation Pause)
[2023-11-10T11:23:04.718-0800][74988350ms] GC(19921) Using 10 workers of 10 for evacuation
[2023-11-10T11:23:04.723-0800][74988355ms] GC(19921)   Pre Evacuate Collection Set: 0.0ms
[2023-11-10T11:23:04.723-0800][74988355ms] GC(19921)   Evacuate Collection Set: 2.2ms
[2023-11-10T11:23:04.723-0800][74988355ms] GC(19921)   Post Evacuate Collection Set: 3.1ms
[2023-11-10T11:23:04.723-0800][74988355ms] GC(19921)   Other: 0.3ms
[2023-11-10T11:23:04.723-0800][74988355ms] GC(19921) Eden regions: 228->0(227)
[2023-11-10T11:23:04.723-0800][74988355ms] GC(19921) Survivor regions: 1->1(29)
[2023-11-10T11:23:04.723-0800][74988355ms] GC(19921) Old regions: 1385->1386
[2023-11-10T11:23:04.723-0800][74988355ms] GC(19921) Humongous regions: 5->5
[2023-11-10T11:23:04.723-0800][74988355ms] GC(19921) Metaspace: 304631K->304631K(1347584K)
[2023-11-10T11:23:04.724-0800][74988356ms] GC(19921) Pause Young (Normal) (G1 Evacuation Pause) 3236M->2780M(3602M) 5.695ms
[2023-11-10T11:23:04.724-0800][74988356ms] GC(19921) User=0.00s Sys=0.00s Real=0.01s
[2023-11-10T11:23:05.303-0800][74988935ms] GC(19922) Pause Young (Normal) (G1 Evacuation Pause)
[2023-11-10T11:23:05.303-0800][74988935ms] GC(19922) Using 10 workers of 10 for evacuation
[2023-11-10T11:23:05.309-0800][74988941ms] GC(19922)   Pre Evacuate Collection Set: 0.0ms
[2023-11-10T11:23:05.309-0800][74988941ms] GC(19922)   Evacuate Collection Set: 1.8ms
[2023-11-10T11:23:05.309-0800][74988941ms] GC(19922)   Post Evacuate Collection Set: 3.3ms
[2023-11-10T11:23:05.309-0800][74988941ms] GC(19922)   Other: 0.2ms
[2023-11-10T11:23:05.309-0800][74988941ms] GC(19922) Eden regions: 227->0(227)
[2023-11-10T11:23:05.309-0800][74988941ms] GC(19922) Survivor regions: 1->1(29)
[2023-11-10T11:23:05.309-0800][74988941ms] GC(19922) Old regions: 1386->1386
[2023-11-10T11:23:05.309-0800][74988941ms] GC(19922) Humongous regions: 5->5
[2023-11-10T11:23:05.309-0800][74988941ms] GC(19922) Metaspace: 304631K->304631K(1347584K)
[2023-11-10T11:23:05.309-0800][74988941ms] GC(19922) Pause Young (Normal) (G1 Evacuation Pause) 3234M->2780M(3602M) 5.570ms
[2023-11-10T11:23:05.309-0800][74988941ms] GC(19922) User=0.00s Sys=0.00s Real=0.01s
[2023-11-10T11:23:05.883-0800][74989516ms] GC(19923) Pause Young (Normal) (G1 Evacuation Pause)
[2023-11-10T11:23:05.884-0800][74989516ms] GC(19923) Using 10 workers of 10 for evacuation
[2023-11-10T11:23:05.889-0800][74989521ms] GC(19923)   Pre Evacuate Collection Set: 0.1ms
[2023-11-10T11:23:05.889-0800][74989521ms] GC(19923)   Evacuate Collection Set: 1.7ms
[2023-11-10T11:23:05.889-0800][74989521ms] GC(19923)   Post Evacuate Collection Set: 3.3ms
[2023-11-10T11:23:05.889-0800][74989521ms] GC(19923)   Other: 0.3ms
[2023-11-10T11:23:05.889-0800][74989521ms] GC(19923) Eden regions: 227->0(227)
[2023-11-10T11:23:05.889-0800][74989521ms] GC(19923) Survivor regions: 1->1(29)
[2023-11-10T11:23:05.889-0800][74989521ms] GC(19923) Old regions: 1386->1386
[2023-11-10T11:23:05.889-0800][74989521ms] GC(19923) Humongous regions: 5->5
[2023-11-10T11:23:05.889-0800][74989521ms] GC(19923) Metaspace: 304631K->304631K(1347584K)
[2023-11-10T11:23:05.889-0800][74989521ms] GC(19923) Pause Young (Normal) (G1 Evacuation Pause) 3234M->2780M(3602M) 5.464ms
[2023-11-10T11:23:05.890-0800][74989522ms] GC(19923) User=0.00s Sys=0.00s Real=0.01s
[2023-11-10T11:23:06.395-0800][74990027ms] GC(19924) Pause Young (Normal) (G1 Evacuation Pause)
[2023-11-10T11:23:06.395-0800][74990027ms] GC(19924) Using 10 workers of 10 for evacuation
[2023-11-10T11:23:06.401-0800][74990033ms] GC(19924)   Pre Evacuate Collection Set: 0.0ms
[2023-11-10T11:23:06.401-0800][74990033ms] GC(19924)   Evacuate Collection Set: 1.7ms
[2023-11-10T11:23:06.401-0800][74990033ms] GC(19924)   Post Evacuate Collection Set: 4.4ms
[2023-11-10T11:23:06.401-0800][74990033ms] GC(19924)   Other: 0.3ms
[2023-11-10T11:23:06.401-0800][74990033ms] GC(19924) Eden regions: 227->0(227)
[2023-11-10T11:23:06.401-0800][74990033ms] GC(19924) Survivor regions: 1->1(29)
[2023-11-10T11:23:06.401-0800][74990033ms] GC(19924) Old regions: 1386->1386
[2023-11-10T11:23:06.401-0800][74990033ms] GC(19924) Humongous regions: 5->5
[2023-11-10T11:23:06.401-0800][74990033ms] GC(19924) Metaspace: 304631K->304631K(1347584K)
[2023-11-10T11:23:06.401-0800][74990033ms] GC(19924) Pause Young (Normal) (G1 Evacuation Pause) 3234M->2780M(3602M) 6.639ms
[2023-11-10T11:23:06.401-0800][74990033ms] GC(19924) User=0.00s Sys=0.00s Real=0.01s
[2023-11-10T11:23:07.000-0800][74990632ms] GC(19925) Pause Young (Normal) (G1 Evacuation Pause)
[2023-11-10T11:23:07.000-0800][74990632ms] GC(19925) Using 10 workers of 10 for evacuation
[2023-11-10T11:23:07.005-0800][74990637ms] GC(19925)   Pre Evacuate Collection Set: 0.0ms
[2023-11-10T11:23:07.005-0800][74990637ms] GC(19925)   Evacuate Collection Set: 2.0ms
[2023-11-10T11:23:07.005-0800][74990637ms] GC(19925)   Post Evacuate Collection Set: 3.2ms
[2023-11-10T11:23:07.005-0800][74990637ms] GC(19925)   Other: 0.3ms
[2023-11-10T11:23:07.005-0800][74990637ms] GC(19925) Eden regions: 227->0(227)
[2023-11-10T11:23:07.005-0800][74990637ms] GC(19925) Survivor regions: 1->1(29)
[2023-11-10T11:23:07.005-0800][74990637ms] GC(19925) Old regions: 1386->1386
[2023-11-10T11:23:07.005-0800][74990637ms] GC(19925) Humongous regions: 5->5
[2023-11-10T11:23:07.005-0800][74990637ms] GC(19925) Metaspace: 304631K->304631K(1347584K)
[2023-11-10T11:23:07.005-0800][74990637ms] GC(19925) Pause Young (Normal) (G1 Evacuation Pause) 3234M->2781M(3602M) 5.634ms
[2023-11-10T11:23:07.005-0800][74990637ms] GC(19925) User=0.00s Sys=0.00s Real=0.01s
[2023-11-10T11:23:07.521-0800][74991153ms] GC(19926) Pause Young (Normal) (G1 Evacuation Pause)
[2023-11-10T11:23:07.521-0800][74991153ms] GC(19926) Using 10 workers of 10 for evacuation
[2023-11-10T11:23:07.526-0800][74991158ms] GC(19926)   Pre Evacuate Collection Set: 0.1ms
[2023-11-10T11:23:07.526-0800][74991158ms] GC(19926)   Evacuate Collection Set: 1.9ms
[2023-11-10T11:23:07.526-0800][74991158ms] GC(19926)   Post Evacuate Collection Set: 3.6ms
[2023-11-10T11:23:07.526-0800][74991158ms] GC(19926)   Other: 0.4ms
[2023-11-10T11:23:07.526-0800][74991158ms] GC(19926) Eden regions: 227->0(227)
[2023-11-10T11:23:07.526-0800][74991158ms] GC(19926) Survivor regions: 1->1(29)
[2023-11-10T11:23:07.526-0800][74991158ms] GC(19926) Old regions: 1386->1386
[2023-11-10T11:23:07.526-0800][74991158ms] GC(19926) Humongous regions: 5->5
[2023-11-10T11:23:07.526-0800][74991158ms] GC(19926) Metaspace: 304631K->304631K(1347584K)
[2023-11-10T11:23:07.527-0800][74991159ms] GC(19926) Pause Young (Normal) (G1 Evacuation Pause) 3235M->2780M(3602M) 6.120ms
[2023-11-10T11:23:07.527-0800][74991159ms] GC(19926) User=0.02s Sys=0.00s Real=0.01s
[2023-11-10T11:23:08.071-0800][74991703ms] GC(19927) Pause Young (Normal) (G1 Evacuation Pause)
[2023-11-10T11:23:08.071-0800][74991703ms] GC(19927) Using 10 workers of 10 for evacuation
[2023-11-10T11:23:08.077-0800][74991709ms] GC(19927)   Pre Evacuate Collection Set: 0.0ms
[2023-11-10T11:23:08.077-0800][74991709ms] GC(19927)   Evacuate Collection Set: 1.6ms
[2023-11-10T11:23:08.077-0800][74991709ms] GC(19927)   Post Evacuate Collection Set: 3.3ms
[2023-11-10T11:23:08.077-0800][74991709ms] GC(19927)   Other: 0.2ms
[2023-11-10T11:23:08.077-0800][74991709ms] GC(19927) Eden regions: 227->0(227)
[2023-11-10T11:23:08.077-0800][74991709ms] GC(19927) Survivor regions: 1->1(29)
[2023-11-10T11:23:08.077-0800][74991709ms] GC(19927) Old regions: 1386->1386
[2023-11-10T11:23:08.077-0800][74991709ms] GC(19927) Humongous regions: 5->5
[2023-11-10T11:23:08.077-0800][74991709ms] GC(19927) Metaspace: 304631K->304631K(1347584K)
[2023-11-10T11:23:08.077-0800][74991709ms] GC(19927) Pause Young (Normal) (G1 Evacuation Pause) 3234M->2780M(3602M) 5.441ms
[2023-11-10T11:23:08.077-0800][74991709ms] GC(19927) User=0.00s Sys=0.00s Real=0.01s
[2023-11-10T11:23:08.706-0800][74992338ms] GC(19928) Pause Young (Normal) (G1 Evacuation Pause)
[2023-11-10T11:23:08.706-0800][74992338ms] GC(19928) Using 10 workers of 10 for evacuation
[2023-11-10T11:23:08.715-0800][74992347ms] GC(19928)   Pre Evacuate Collection Set: 0.0ms
[2023-11-10T11:23:08.715-0800][74992347ms] GC(19928)   Evacuate Collection Set: 6.4ms
[2023-11-10T11:23:08.715-0800][74992347ms] GC(19928)   Post Evacuate Collection Set: 3.4ms
[2023-11-10T11:23:08.715-0800][74992347ms] GC(19928)   Other: 0.3ms
[2023-11-10T11:23:08.715-0800][74992347ms] GC(19928) Eden regions: 227->0(227)
[2023-11-10T11:23:08.715-0800][74992347ms] GC(19928) Survivor regions: 1->1(29)
[2023-11-10T11:23:08.715-0800][74992347ms] GC(19928) Old regions: 1386->1386
[2023-11-10T11:23:08.715-0800][74992347ms] GC(19928) Humongous regions: 5->5
[2023-11-10T11:23:08.715-0800][74992347ms] GC(19928) Metaspace: 304631K->304631K(1347584K)
[2023-11-10T11:23:08.715-0800][74992347ms] GC(19928) Pause Young (Normal) (G1 Evacuation Pause) 3234M->2780M(3602M) 10.255ms
[2023-11-10T11:23:08.715-0800][74992347ms] GC(19928) User=0.02s Sys=0.00s Real=0.01s
[2023-11-10T11:23:09.264-0800][74992896ms] GC(19929) Pause Young (Normal) (G1 Evacuation Pause)
[2023-11-10T11:23:09.264-0800][74992896ms] GC(19929) Using 10 workers of 10 for evacuation
[2023-11-10T11:23:09.269-0800][74992901ms] GC(19929)   Pre Evacuate Collection Set: 0.1ms
[2023-11-10T11:23:09.269-0800][74992901ms] GC(19929)   Evacuate Collection Set: 1.7ms
[2023-11-10T11:23:09.269-0800][74992901ms] GC(19929)   Post Evacuate Collection Set: 3.2ms
[2023-11-10T11:23:09.269-0800][74992901ms] GC(19929)   Other: 0.3ms
[2023-11-10T11:23:09.269-0800][74992901ms] GC(19929) Eden regions: 227->0(226)
[2023-11-10T11:23:09.269-0800][74992901ms] GC(19929) Survivor regions: 1->1(29)
[2023-11-10T11:23:09.269-0800][74992901ms] GC(19929) Old regions: 1386->1386
[2023-11-10T11:23:09.269-0800][74992901ms] GC(19929) Humongous regions: 5->5
[2023-11-10T11:23:09.269-0800][74992901ms] GC(19929) Metaspace: 304631K->304631K(1347584K)
[2023-11-10T11:23:09.269-0800][74992901ms] GC(19929) Pause Young (Normal) (G1 Evacuation Pause) 3234M->2781M(3602M) 5.401ms
[2023-11-10T11:23:09.269-0800][74992901ms] GC(19929) User=0.00s Sys=0.00s Real=0.01s
[2023-11-10T11:23:09.784-0800][74993416ms] GC(19930) Pause Young (Normal) (G1 Evacuation Pause)
[2023-11-10T11:23:09.784-0800][74993416ms] GC(19930) Using 10 workers of 10 for evacuation
[2023-11-10T11:23:09.788-0800][74993420ms] GC(19930)   Pre Evacuate Collection Set: 0.0ms
[2023-11-10T11:23:09.788-0800][74993420ms] GC(19930)   Evacuate Collection Set: 1.7ms
[2023-11-10T11:23:09.788-0800][74993420ms] GC(19930)   Post Evacuate Collection Set: 2.9ms
[2023-11-10T11:23:09.788-0800][74993420ms] GC(19930)   Other: 0.2ms
[2023-11-10T11:23:09.788-0800][74993420ms] GC(19930) Eden regions: 226->0(226)
[2023-11-10T11:23:09.788-0800][74993420ms] GC(19930) Survivor regions: 1->1(29)
[2023-11-10T11:23:09.788-0800][74993420ms] GC(19930) Old regions: 1386->1386
[2023-11-10T11:23:09.788-0800][74993420ms] GC(19930) Humongous regions: 5->5
[2023-11-10T11:23:09.788-0800][74993420ms] GC(19930) Metaspace: 304631K->304631K(1347584K)
[2023-11-10T11:23:09.788-0800][74993420ms] GC(19930) Pause Young (Normal) (G1 Evacuation Pause) 3233M->2781M(3602M) 5.049ms
[2023-11-10T11:23:09.788-0800][74993420ms] GC(19930) User=0.00s Sys=0.00s Real=0.00s
[2023-11-10T11:23:10.314-0800][74993946ms] GC(19931) Pause Young (Normal) (G1 Evacuation Pause)
[2023-11-10T11:23:10.314-0800][74993946ms] GC(19931) Using 10 workers of 10 for evacuation
[2023-11-10T11:23:10.319-0800][74993951ms] GC(19931)   Pre Evacuate Collection Set: 0.0ms
[2023-11-10T11:23:10.319-0800][74993951ms] GC(19931)   Evacuate Collection Set: 1.8ms
[2023-11-10T11:23:10.319-0800][74993951ms] GC(19931)   Post Evacuate Collection Set: 2.9ms
[2023-11-10T11:23:10.319-0800][74993951ms] GC(19931)   Other: 0.3ms
[2023-11-10T11:23:10.319-0800][74993951ms] GC(19931) Eden regions: 226->0(226)
[2023-11-10T11:23:10.319-0800][74993951ms] GC(19931) Survivor regions: 1->1(29)
[2023-11-10T11:23:10.319-0800][74993951ms] GC(19931) Old regions: 1386->1386
[2023-11-10T11:23:10.319-0800][74993951ms] GC(19931) Humongous regions: 5->5
[2023-11-10T11:23:10.319-0800][74993951ms] GC(19931) Metaspace: 304631K->304631K(1347584K)
[2023-11-10T11:23:10.320-0800][74993952ms] GC(19931) Pause Young (Normal) (G1 Evacuation Pause) 3233M->2781M(3602M) 5.079ms
[2023-11-10T11:23:10.320-0800][74993952ms] GC(19931) User=0.00s Sys=0.00s Real=0.01s
[2023-11-10T11:23:10.890-0800][74994522ms] GC(19932) Pause Young (Normal) (G1 Evacuation Pause)
[2023-11-10T11:23:10.890-0800][74994522ms] GC(19932) Using 10 workers of 10 for evacuation
[2023-11-10T11:23:10.896-0800][74994528ms] GC(19932)   Pre Evacuate Collection Set: 0.1ms
[2023-11-10T11:23:10.896-0800][74994528ms] GC(19932)   Evacuate Collection Set: 2.3ms
[2023-11-10T11:23:10.896-0800][74994528ms] GC(19932)   Post Evacuate Collection Set: 3.4ms
[2023-11-10T11:23:10.896-0800][74994528ms] GC(19932)   Other: 0.5ms
[2023-11-10T11:23:10.896-0800][74994528ms] GC(19932) Eden regions: 226->0(226)
[2023-11-10T11:23:10.896-0800][74994528ms] GC(19932) Survivor regions: 1->1(29)
[2023-11-10T11:23:10.896-0800][74994528ms] GC(19932) Old regions: 1386->1386
[2023-11-10T11:23:10.896-0800][74994528ms] GC(19932) Humongous regions: 5->5
[2023-11-10T11:23:10.896-0800][74994528ms] GC(19932) Metaspace: 304631K->304631K(1347584K)
[2023-11-10T11:23:10.896-0800][74994528ms] GC(19932) Pause Young (Normal) (G1 Evacuation Pause) 3233M->2781M(3602M) 6.321ms
[2023-11-10T11:23:10.896-0800][74994528ms] GC(19932) User=0.00s Sys=0.00s Real=0.01s
[2023-11-10T11:23:11.463-0800][74995095ms] GC(19933) Pause Young (Normal) (G1 Evacuation Pause)
[2023-11-10T11:23:11.463-0800][74995095ms] GC(19933) Using 10 workers of 10 for evacuation
[2023-11-10T11:23:11.470-0800][74995102ms] GC(19933)   Pre Evacuate Collection Set: 0.0ms
[2023-11-10T11:23:11.470-0800][74995102ms] GC(19933)   Evacuate Collection Set: 2.7ms
[2023-11-10T11:23:11.470-0800][74995102ms] GC(19933)   Post Evacuate Collection Set: 4.2ms
[2023-11-10T11:23:11.470-0800][74995102ms] GC(19933)   Other: 0.3ms
[2023-11-10T11:23:11.470-0800][74995102ms] GC(19933) Eden regions: 226->0(226)
[2023-11-10T11:23:11.470-0800][74995102ms] GC(19933) Survivor regions: 1->1(29)
[2023-11-10T11:23:11.470-0800][74995102ms] GC(19933) Old regions: 1386->1386
[2023-11-10T11:23:11.470-0800][74995102ms] GC(19933) Humongous regions: 5->5
[2023-11-10T11:23:11.470-0800][74995102ms] GC(19933) Metaspace: 304631K->304631K(1347584K)
[2023-11-10T11:23:11.470-0800][74995102ms] GC(19933) Pause Young (Normal) (G1 Evacuation Pause) 3233M->2781M(3602M) 7.331ms
[2023-11-10T11:23:11.470-0800][74995102ms] GC(19933) User=0.00s Sys=0.00s Real=0.01s
[2023-11-10T11:23:12.055-0800][74995687ms] GC(19934) Pause Young (Normal) (G1 Evacuation Pause)
[2023-11-10T11:23:12.055-0800][74995687ms] GC(19934) Using 10 workers of 10 for evacuation
[2023-11-10T11:23:12.063-0800][74995695ms] GC(19934)   Pre Evacuate Collection Set: 0.0ms
[2023-11-10T11:23:12.063-0800][74995695ms] GC(19934)   Evacuate Collection Set: 2.2ms
[2023-11-10T11:23:12.063-0800][74995695ms] GC(19934)   Post Evacuate Collection Set: 5.0ms
[2023-11-10T11:23:12.063-0800][74995695ms] GC(19934)   Other: 0.3ms
[2023-11-10T11:23:12.063-0800][74995695ms] GC(19934) Eden regions: 226->0(226)
[2023-11-10T11:23:12.063-0800][74995695ms] GC(19934) Survivor regions: 1->1(29)
[2023-11-10T11:23:12.063-0800][74995695ms] GC(19934) Old regions: 1386->1386
[2023-11-10T11:23:12.063-0800][74995695ms] GC(19934) Humongous regions: 5->5
[2023-11-10T11:23:12.063-0800][74995695ms] GC(19934) Metaspace: 304631K->304631K(1347584K)
[2023-11-10T11:23:12.063-0800][74995695ms] GC(19934) Pause Young (Normal) (G1 Evacuation Pause) 3233M->2781M(3602M) 7.630ms
[2023-11-10T11:23:12.064-0800][74995696ms] GC(19934) User=0.00s Sys=0.00s Real=0.01s
[2023-11-10T11:23:12.638-0800][74996270ms] GC(19935) Pause Young (Normal) (G1 Evacuation Pause)
[2023-11-10T11:23:12.638-0800][74996271ms] GC(19935) Using 10 workers of 10 for evacuation
[2023-11-10T11:23:12.645-0800][74996277ms] GC(19935)   Pre Evacuate Collection Set: 0.0ms
[2023-11-10T11:23:12.645-0800][74996277ms] GC(19935)   Evacuate Collection Set: 1.7ms
[2023-11-10T11:23:12.645-0800][74996277ms] GC(19935)   Post Evacuate Collection Set: 3.7ms
[2023-11-10T11:23:12.645-0800][74996277ms] GC(19935)   Other: 0.3ms
[2023-11-10T11:23:12.645-0800][74996277ms] GC(19935) Eden regions: 226->0(226)
[2023-11-10T11:23:12.645-0800][74996277ms] GC(19935) Survivor regions: 1->1(29)
[2023-11-10T11:23:12.645-0800][74996277ms] GC(19935) Old regions: 1386->1386
[2023-11-10T11:23:12.645-0800][74996277ms] GC(19935) Humongous regions: 5->5
[2023-11-10T11:23:12.645-0800][74996277ms] GC(19935) Metaspace: 304631K->304631K(1347584K)
[2023-11-10T11:23:12.645-0800][74996277ms] GC(19935) Pause Young (Normal) (G1 Evacuation Pause) 3233M->2781M(3602M) 5.873ms
[2023-11-10T11:23:12.645-0800][74996277ms] GC(19935) User=0.00s Sys=0.00s Real=0.01s
[2023-11-10T11:23:13.238-0800][74996870ms] GC(19936) Pause Young (Normal) (G1 Evacuation Pause)
[2023-11-10T11:23:13.238-0800][74996870ms] GC(19936) Using 10 workers of 10 for evacuation
[2023-11-10T11:23:13.245-0800][74996877ms] GC(19936)   Pre Evacuate Collection Set: 0.1ms
[2023-11-10T11:23:13.245-0800][74996877ms] GC(19936)   Evacuate Collection Set: 2.6ms
[2023-11-10T11:23:13.245-0800][74996877ms] GC(19936)   Post Evacuate Collection Set: 3.5ms
[2023-11-10T11:23:13.245-0800][74996877ms] GC(19936)   Other: 0.4ms
[2023-11-10T11:23:13.245-0800][74996877ms] GC(19936) Eden regions: 226->0(226)
[2023-11-10T11:23:13.245-0800][74996877ms] GC(19936) Survivor regions: 1->1(29)
[2023-11-10T11:23:13.245-0800][74996877ms] GC(19936) Old regions: 1386->1386
[2023-11-10T11:23:13.245-0800][74996877ms] GC(19936) Humongous regions: 5->5
[2023-11-10T11:23:13.245-0800][74996877ms] GC(19936) Metaspace: 304631K->304631K(1347584K)
[2023-11-10T11:23:13.245-0800][74996877ms] GC(19936) Pause Young (Normal) (G1 Evacuation Pause) 3233M->2781M(3602M) 6.685ms
[2023-11-10T11:23:13.245-0800][74996877ms] GC(19936) User=0.00s Sys=0.00s Real=0.01s
[2023-11-10T11:23:13.812-0800][74997444ms] GC(19937) Pause Young (Normal) (G1 Evacuation Pause)
[2023-11-10T11:23:13.812-0800][74997444ms] GC(19937) Using 10 workers of 10 for evacuation
[2023-11-10T11:23:13.819-0800][74997451ms] GC(19937)   Pre Evacuate Collection Set: 0.0ms
[2023-11-10T11:23:13.819-0800][74997451ms] GC(19937)   Evacuate Collection Set: 2.8ms
[2023-11-10T11:23:13.819-0800][74997451ms] GC(19937)   Post Evacuate Collection Set: 3.5ms
[2023-11-10T11:23:13.819-0800][74997451ms] GC(19937)   Other: 0.3ms
[2023-11-10T11:23:13.819-0800][74997451ms] GC(19937) Eden regions: 226->0(226)
[2023-11-10T11:23:13.819-0800][74997451ms] GC(19937) Survivor regions: 1->1(29)
[2023-11-10T11:23:13.819-0800][74997451ms] GC(19937) Old regions: 1386->1386
[2023-11-10T11:23:13.819-0800][74997451ms] GC(19937) Humongous regions: 5->5
[2023-11-10T11:23:13.819-0800][74997451ms] GC(19937) Metaspace: 304631K->304631K(1347584K)
[2023-11-10T11:23:13.819-0800][74997451ms] GC(19937) Pause Young (Normal) (G1 Evacuation Pause) 3233M->2781M(3602M) 6.812ms
[2023-11-10T11:23:13.819-0800][74997451ms] GC(19937) User=0.00s Sys=0.00s Real=0.01s
[2023-11-10T11:23:14.390-0800][74998022ms] GC(19938) Pause Young (Normal) (G1 Evacuation Pause)
[2023-11-10T11:23:14.390-0800][74998022ms] GC(19938) Using 10 workers of 10 for evacuation
[2023-11-10T11:23:14.398-0800][74998030ms] GC(19938)   Pre Evacuate Collection Set: 0.1ms
[2023-11-10T11:23:14.398-0800][74998030ms] GC(19938)   Evacuate Collection Set: 2.8ms
[2023-11-10T11:23:14.398-0800][74998030ms] GC(19938)   Post Evacuate Collection Set: 5.0ms
[2023-11-10T11:23:14.398-0800][74998030ms] GC(19938)   Other: 0.4ms
[2023-11-10T11:23:14.398-0800][74998030ms] GC(19938) Eden regions: 226->0(226)
[2023-11-10T11:23:14.398-0800][74998030ms] GC(19938) Survivor regions: 1->1(29)
[2023-11-10T11:23:14.398-0800][74998030ms] GC(19938) Old regions: 1386->1386
[2023-11-10T11:23:14.398-0800][74998030ms] GC(19938) Humongous regions: 5->5
[2023-11-10T11:23:14.398-0800][74998030ms] GC(19938) Metaspace: 304631K->304631K(1347584K)
[2023-11-10T11:23:14.398-0800][74998030ms] GC(19938) Pause Young (Normal) (G1 Evacuation Pause) 3233M->2781M(3602M) 8.450ms
[2023-11-10T11:23:14.398-0800][74998030ms] GC(19938) User=0.02s Sys=0.00s Real=0.01s
[2023-11-10T11:23:15.028-0800][74998660ms] GC(19939) Pause Young (Normal) (G1 Evacuation Pause)
[2023-11-10T11:23:15.028-0800][74998660ms] GC(19939) Using 10 workers of 10 for evacuation
[2023-11-10T11:23:15.033-0800][74998665ms] GC(19939)   Pre Evacuate Collection Set: 0.0ms
[2023-11-10T11:23:15.033-0800][74998665ms] GC(19939)   Evacuate Collection Set: 1.8ms
[2023-11-10T11:23:15.033-0800][74998665ms] GC(19939)   Post Evacuate Collection Set: 4.1ms
[2023-11-10T11:23:15.033-0800][74998665ms] GC(19939)   Other: 0.3ms
[2023-11-10T11:23:15.033-0800][74998665ms] GC(19939) Eden regions: 226->0(226)
[2023-11-10T11:23:15.033-0800][74998665ms] GC(19939) Survivor regions: 1->1(29)
[2023-11-10T11:23:15.033-0800][74998665ms] GC(19939) Old regions: 1386->1386
[2023-11-10T11:23:15.033-0800][74998665ms] GC(19939) Humongous regions: 5->5
[2023-11-10T11:23:15.033-0800][74998665ms] GC(19939) Metaspace: 304631K->304631K(1347584K)
[2023-11-10T11:23:15.033-0800][74998665ms] GC(19939) Pause Young (Normal) (G1 Evacuation Pause) 3233M->2781M(3602M) 6.435ms
[2023-11-10T11:23:15.033-0800][74998665ms] GC(19939) User=0.00s Sys=0.00s Real=0.00s
[2023-11-10T11:23:15.572-0800][74999204ms] GC(19940) Pause Young (Normal) (G1 Evacuation Pause)
[2023-11-10T11:23:15.572-0800][74999204ms] GC(19940) Using 10 workers of 10 for evacuation
[2023-11-10T11:23:15.578-0800][74999210ms] GC(19940)   Pre Evacuate Collection Set: 0.0ms
[2023-11-10T11:23:15.578-0800][74999210ms] GC(19940)   Evacuate Collection Set: 2.2ms
[2023-11-10T11:23:15.578-0800][74999210ms] GC(19940)   Post Evacuate Collection Set: 4.1ms
[2023-11-10T11:23:15.578-0800][74999210ms] GC(19940)   Other: 0.3ms
[2023-11-10T11:23:15.578-0800][74999210ms] GC(19940) Eden regions: 226->0(226)
[2023-11-10T11:23:15.578-0800][74999210ms] GC(19940) Survivor regions: 1->1(29)
[2023-11-10T11:23:15.578-0800][74999210ms] GC(19940) Old regions: 1386->1386
[2023-11-10T11:23:15.578-0800][74999210ms] GC(19940) Humongous regions: 5->5
[2023-11-10T11:23:15.578-0800][74999210ms] GC(19940) Metaspace: 304631K->304631K(1347584K)
[2023-11-10T11:23:15.578-0800][74999210ms] GC(19940) Pause Young (Normal) (G1 Evacuation Pause) 3233M->2781M(3602M) 6.730ms
[2023-11-10T11:23:15.578-0800][74999210ms] GC(19940) User=0.00s Sys=0.00s Real=0.01s
[2023-11-10T11:23:16.115-0800][74999747ms] GC(19941) Pause Young (Normal) (G1 Evacuation Pause)
[2023-11-10T11:23:16.115-0800][74999747ms] GC(19941) Using 10 workers of 10 for evacuation
[2023-11-10T11:23:16.120-0800][74999752ms] GC(19941)   Pre Evacuate Collection Set: 0.0ms
[2023-11-10T11:23:16.120-0800][74999752ms] GC(19941)   Evacuate Collection Set: 1.7ms
[2023-11-10T11:23:16.120-0800][74999752ms] GC(19941)   Post Evacuate Collection Set: 3.1ms
[2023-11-10T11:23:16.120-0800][74999752ms] GC(19941)   Other: 0.3ms
[2023-11-10T11:23:16.120-0800][74999752ms] GC(19941) Eden regions: 226->0(226)
[2023-11-10T11:23:16.120-0800][74999752ms] GC(19941) Survivor regions: 1->1(29)
[2023-11-10T11:23:16.120-0800][74999752ms] GC(19941) Old regions: 1386->1386
[2023-11-10T11:23:16.120-0800][74999752ms] GC(19941) Humongous regions: 5->5
[2023-11-10T11:23:16.120-0800][74999752ms] GC(19941) Metaspace: 304631K->304631K(1347584K)
[2023-11-10T11:23:16.120-0800][74999752ms] GC(19941) Pause Young (Normal) (G1 Evacuation Pause) 3233M->2781M(3602M) 5.232ms
[2023-11-10T11:23:16.120-0800][74999752ms] GC(19941) User=0.02s Sys=0.00s Real=0.00s
[2023-11-10T11:23:16.635-0800][75000267ms] GC(19942) Pause Young (Normal) (G1 Evacuation Pause)
[2023-11-10T11:23:16.635-0800][75000267ms] GC(19942) Using 10 workers of 10 for evacuation
[2023-11-10T11:23:16.640-0800][75000272ms] GC(19942)   Pre Evacuate Collection Set: 0.1ms
[2023-11-10T11:23:16.640-0800][75000272ms] GC(19942)   Evacuate Collection Set: 1.7ms
[2023-11-10T11:23:16.640-0800][75000272ms] GC(19942)   Post Evacuate Collection Set: 3.5ms
[2023-11-10T11:23:16.640-0800][75000272ms] GC(19942)   Other: 0.4ms
[2023-11-10T11:23:16.640-0800][75000272ms] GC(19942) Eden regions: 226->0(226)
[2023-11-10T11:23:16.640-0800][75000272ms] GC(19942) Survivor regions: 1->1(29)
[2023-11-10T11:23:16.640-0800][75000272ms] GC(19942) Old regions: 1386->1386
[2023-11-10T11:23:16.640-0800][75000272ms] GC(19942) Humongous regions: 5->5
[2023-11-10T11:23:16.640-0800][75000272ms] GC(19942) Metaspace: 304631K->304631K(1347584K)
[2023-11-10T11:23:16.640-0800][75000272ms] GC(19942) Pause Young (Normal) (G1 Evacuation Pause) 3233M->2781M(3602M) 5.784ms
[2023-11-10T11:23:16.640-0800][75000272ms] GC(19942) User=0.00s Sys=0.00s Real=0.01s
[2023-11-10T11:23:17.152-0800][75000784ms] GC(19943) Pause Young (Normal) (G1 Evacuation Pause)
[2023-11-10T11:23:17.152-0800][75000784ms] GC(19943) Using 10 workers of 10 for evacuation
[2023-11-10T11:23:17.157-0800][75000789ms] GC(19943)   Pre Evacuate Collection Set: 0.0ms
[2023-11-10T11:23:17.158-0800][75000790ms] GC(19943)   Evacuate Collection Set: 1.7ms
[2023-11-10T11:23:17.158-0800][75000790ms] GC(19943)   Post Evacuate Collection Set: 3.1ms
[2023-11-10T11:23:17.158-0800][75000790ms] GC(19943)   Other: 0.2ms
[2023-11-10T11:23:17.158-0800][75000790ms] GC(19943) Eden regions: 226->0(226)
[2023-11-10T11:23:17.158-0800][75000790ms] GC(19943) Survivor regions: 1->1(29)
[2023-11-10T11:23:17.158-0800][75000790ms] GC(19943) Old regions: 1386->1386
[2023-11-10T11:23:17.158-0800][75000790ms] GC(19943) Humongous regions: 5->5
[2023-11-10T11:23:17.158-0800][75000790ms] GC(19943) Metaspace: 304631K->304631K(1347584K)
[2023-11-10T11:23:17.158-0800][75000790ms] GC(19943) Pause Young (Normal) (G1 Evacuation Pause) 3233M->2781M(3602M) 5.181ms
[2023-11-10T11:23:17.158-0800][75000790ms] GC(19943) User=0.00s Sys=0.00s Real=0.01s
[2023-11-10T11:23:17.720-0800][75001352ms] GC(19944) Pause Young (Normal) (G1 Evacuation Pause)
[2023-11-10T11:23:17.720-0800][75001352ms] GC(19944) Using 10 workers of 10 for evacuation
[2023-11-10T11:23:17.725-0800][75001357ms] GC(19944)   Pre Evacuate Collection Set: 0.0ms
[2023-11-10T11:23:17.725-0800][75001357ms] GC(19944)   Evacuate Collection Set: 1.7ms
[2023-11-10T11:23:17.725-0800][75001357ms] GC(19944)   Post Evacuate Collection Set: 3.1ms
[2023-11-10T11:23:17.725-0800][75001357ms] GC(19944)   Other: 0.2ms
[2023-11-10T11:23:17.725-0800][75001357ms] GC(19944) Eden regions: 226->0(226)
[2023-11-10T11:23:17.725-0800][75001357ms] GC(19944) Survivor regions: 1->1(29)
[2023-11-10T11:23:17.725-0800][75001357ms] GC(19944) Old regions: 1386->1386
[2023-11-10T11:23:17.725-0800][75001357ms] GC(19944) Humongous regions: 5->5
[2023-11-10T11:23:17.725-0800][75001357ms] GC(19944) Metaspace: 304631K->304631K(1347584K)
[2023-11-10T11:23:17.725-0800][75001357ms] GC(19944) Pause Young (Normal) (G1 Evacuation Pause) 3233M->2781M(3602M) 5.205ms
[2023-11-10T11:23:17.725-0800][75001357ms] GC(19944) User=0.00s Sys=0.00s Real=0.00s
[2023-11-10T11:23:18.276-0800][75001908ms] GC(19945) Pause Young (Normal) (G1 Evacuation Pause)
[2023-11-10T11:23:18.276-0800][75001908ms] GC(19945) Using 10 workers of 10 for evacuation
[2023-11-10T11:23:18.282-0800][75001914ms] GC(19945)   Pre Evacuate Collection Set: 0.0ms
[2023-11-10T11:23:18.282-0800][75001914ms] GC(19945)   Evacuate Collection Set: 1.7ms
[2023-11-10T11:23:18.282-0800][75001914ms] GC(19945)   Post Evacuate Collection Set: 4.0ms
[2023-11-10T11:23:18.282-0800][75001914ms] GC(19945)   Other: 0.3ms
[2023-11-10T11:23:18.282-0800][75001914ms] GC(19945) Eden regions: 226->0(226)
[2023-11-10T11:23:18.282-0800][75001914ms] GC(19945) Survivor regions: 1->1(29)
[2023-11-10T11:23:18.282-0800][75001914ms] GC(19945) Old regions: 1386->1386
[2023-11-10T11:23:18.282-0800][75001914ms] GC(19945) Humongous regions: 5->5
[2023-11-10T11:23:18.283-0800][75001915ms] GC(19945) Metaspace: 304631K->304631K(1347584K)
[2023-11-10T11:23:18.283-0800][75001915ms] GC(19945) Pause Young (Normal) (G1 Evacuation Pause) 3233M->2781M(3602M) 6.168ms
[2023-11-10T11:23:18.283-0800][75001915ms] GC(19945) User=0.00s Sys=0.00s Real=0.01s
[2023-11-10T11:23:18.804-0800][75002436ms] GC(19946) Pause Young (Normal) (G1 Evacuation Pause)
[2023-11-10T11:23:18.804-0800][75002436ms] GC(19946) Using 10 workers of 10 for evacuation
[2023-11-10T11:23:18.809-0800][75002441ms] GC(19946)   Pre Evacuate Collection Set: 0.0ms
[2023-11-10T11:23:18.809-0800][75002441ms] GC(19946)   Evacuate Collection Set: 1.7ms
[2023-11-10T11:23:18.809-0800][75002441ms] GC(19946)   Post Evacuate Collection Set: 3.2ms
[2023-11-10T11:23:18.809-0800][75002441ms] GC(19946)   Other: 0.3ms
[2023-11-10T11:23:18.809-0800][75002441ms] GC(19946) Eden regions: 226->0(227)
[2023-11-10T11:23:18.809-0800][75002441ms] GC(19946) Survivor regions: 1->1(29)
[2023-11-10T11:23:18.809-0800][75002441ms] GC(19946) Old regions: 1386->1386
[2023-11-10T11:23:18.809-0800][75002441ms] GC(19946) Humongous regions: 5->5
[2023-11-10T11:23:18.809-0800][75002441ms] GC(19946) Metaspace: 304631K->304631K(1347584K)
[2023-11-10T11:23:18.809-0800][75002441ms] GC(19946) Pause Young (Normal) (G1 Evacuation Pause) 3233M->2781M(3602M) 5.220ms
[2023-11-10T11:23:18.809-0800][75002441ms] GC(19946) User=0.00s Sys=0.00s Real=0.01s
[2023-11-10T11:23:19.364-0800][75002996ms] GC(19947) Pause Young (Normal) (G1 Evacuation Pause)
[2023-11-10T11:23:19.364-0800][75002996ms] GC(19947) Using 10 workers of 10 for evacuation
[2023-11-10T11:23:19.369-0800][75003001ms] GC(19947)   Pre Evacuate Collection Set: 0.1ms
[2023-11-10T11:23:19.369-0800][75003001ms] GC(19947)   Evacuate Collection Set: 1.9ms
[2023-11-10T11:23:19.369-0800][75003001ms] GC(19947)   Post Evacuate Collection Set: 2.9ms
[2023-11-10T11:23:19.369-0800][75003001ms] GC(19947)   Other: 0.4ms
[2023-11-10T11:23:19.369-0800][75003001ms] GC(19947) Eden regions: 227->0(226)
[2023-11-10T11:23:19.369-0800][75003001ms] GC(19947) Survivor regions: 1->1(29)
[2023-11-10T11:23:19.369-0800][75003001ms] GC(19947) Old regions: 1386->1386
[2023-11-10T11:23:19.369-0800][75003001ms] GC(19947) Humongous regions: 5->5
[2023-11-10T11:23:19.369-0800][75003001ms] GC(19947) Metaspace: 304631K->304631K(1347584K)
[2023-11-10T11:23:19.369-0800][75003001ms] GC(19947) Pause Young (Normal) (G1 Evacuation Pause) 3235M->2782M(3602M) 5.286ms
[2023-11-10T11:23:19.369-0800][75003001ms] GC(19947) User=0.00s Sys=0.00s Real=0.00s
[2023-11-10T11:23:19.850-0800][75003482ms] GC(19948) Pause Young (Normal) (G1 Evacuation Pause)
[2023-11-10T11:23:19.851-0800][75003483ms] GC(19948) Using 10 workers of 10 for evacuation
[2023-11-10T11:23:19.856-0800][75003488ms] GC(19948)   Pre Evacuate Collection Set: 0.1ms
[2023-11-10T11:23:19.856-0800][75003488ms] GC(19948)   Evacuate Collection Set: 1.8ms
[2023-11-10T11:23:19.856-0800][75003488ms] GC(19948)   Post Evacuate Collection Set: 3.2ms
[2023-11-10T11:23:19.856-0800][75003488ms] GC(19948)   Other: 0.4ms
[2023-11-10T11:23:19.856-0800][75003488ms] GC(19948) Eden regions: 226->0(226)
[2023-11-10T11:23:19.856-0800][75003488ms] GC(19948) Survivor regions: 1->1(29)
[2023-11-10T11:23:19.856-0800][75003488ms] GC(19948) Old regions: 1386->1386
[2023-11-10T11:23:19.856-0800][75003488ms] GC(19948) Humongous regions: 5->5
[2023-11-10T11:23:19.856-0800][75003488ms] GC(19948) Metaspace: 304631K->304631K(1347584K)
[2023-11-10T11:23:19.856-0800][75003488ms] GC(19948) Pause Young (Normal) (G1 Evacuation Pause) 3234M->2781M(3602M) 5.632ms
[2023-11-10T11:23:19.856-0800][75003488ms] GC(19948) User=0.02s Sys=0.00s Real=0.01s
[2023-11-10T11:23:20.433-0800][75004065ms] GC(19949) Pause Young (Normal) (G1 Evacuation Pause)
[2023-11-10T11:23:20.433-0800][75004065ms] GC(19949) Using 10 workers of 10 for evacuation
[2023-11-10T11:23:20.438-0800][75004070ms] GC(19949)   Pre Evacuate Collection Set: 0.0ms
[2023-11-10T11:23:20.438-0800][75004070ms] GC(19949)   Evacuate Collection Set: 1.9ms
[2023-11-10T11:23:20.438-0800][75004070ms] GC(19949)   Post Evacuate Collection Set: 3.1ms
[2023-11-10T11:23:20.438-0800][75004070ms] GC(19949)   Other: 0.2ms
[2023-11-10T11:23:20.438-0800][75004070ms] GC(19949) Eden regions: 226->0(227)
[2023-11-10T11:23:20.438-0800][75004070ms] GC(19949) Survivor regions: 1->1(29)
[2023-11-10T11:23:20.438-0800][75004070ms] GC(19949) Old regions: 1386->1386
[2023-11-10T11:23:20.438-0800][75004070ms] GC(19949) Humongous regions: 5->5
[2023-11-10T11:23:20.438-0800][75004070ms] GC(19949) Metaspace: 304631K->304631K(1347584K)
[2023-11-10T11:23:20.438-0800][75004070ms] GC(19949) Pause Young (Normal) (G1 Evacuation Pause) 3233M->2781M(3602M) 5.338ms
[2023-11-10T11:23:20.438-0800][75004070ms] GC(19949) User=0.00s Sys=0.00s Real=0.00s
[2023-11-10T11:23:21.003-0800][75004635ms] GC(19950) Pause Young (Normal) (G1 Evacuation Pause)
[2023-11-10T11:23:21.003-0800][75004635ms] GC(19950) Using 10 workers of 10 for evacuation
[2023-11-10T11:23:21.009-0800][75004641ms] GC(19950)   Pre Evacuate Collection Set: 0.0ms
[2023-11-10T11:23:21.009-0800][75004641ms] GC(19950)   Evacuate Collection Set: 1.8ms
[2023-11-10T11:23:21.009-0800][75004641ms] GC(19950)   Post Evacuate Collection Set: 3.4ms
[2023-11-10T11:23:21.009-0800][75004641ms] GC(19950)   Other: 0.4ms
[2023-11-10T11:23:21.009-0800][75004641ms] GC(19950) Eden regions: 227->0(226)
[2023-11-10T11:23:21.009-0800][75004641ms] GC(19950) Survivor regions: 1->1(29)
[2023-11-10T11:23:21.009-0800][75004641ms] GC(19950) Old regions: 1386->1386
[2023-11-10T11:23:21.009-0800][75004641ms] GC(19950) Humongous regions: 5->5
[2023-11-10T11:23:21.009-0800][75004641ms] GC(19950) Metaspace: 304631K->304631K(1347584K)
[2023-11-10T11:23:21.009-0800][75004641ms] GC(19950) Pause Young (Normal) (G1 Evacuation Pause) 3235M->2782M(3602M) 5.763ms
[2023-11-10T11:23:21.009-0800][75004641ms] GC(19950) User=0.00s Sys=0.00s Real=0.01s
[2023-11-10T11:23:21.502-0800][75005134ms] GC(19951) Pause Young (Normal) (GCLocker Initiated GC)
[2023-11-10T11:23:21.502-0800][75005134ms] GC(19951) Using 10 workers of 10 for evacuation
[2023-11-10T11:23:21.510-0800][75005143ms] GC(19951)   Pre Evacuate Collection Set: 0.1ms
[2023-11-10T11:23:21.511-0800][75005143ms] GC(19951)   Evacuate Collection Set: 2.4ms
[2023-11-10T11:23:21.511-0800][75005143ms] GC(19951)   Post Evacuate Collection Set: 4.4ms
[2023-11-10T11:23:21.511-0800][75005143ms] GC(19951)   Other: 0.4ms
[2023-11-10T11:23:21.511-0800][75005143ms] GC(19951) Eden regions: 227->0(227)
[2023-11-10T11:23:21.511-0800][75005143ms] GC(19951) Survivor regions: 1->1(29)
[2023-11-10T11:23:21.511-0800][75005143ms] GC(19951) Old regions: 1386->1386
[2023-11-10T11:23:21.511-0800][75005143ms] GC(19951) Humongous regions: 5->5
[2023-11-10T11:23:21.511-0800][75005143ms] GC(19951) Metaspace: 304631K->304631K(1347584K)
[2023-11-10T11:23:21.511-0800][75005143ms] GC(19951) Pause Young (Normal) (GCLocker Initiated GC) 3235M->2781M(3602M) 7.414ms
[2023-11-10T11:23:21.511-0800][75005143ms] GC(19951) User=0.02s Sys=0.00s Real=0.01s
[2023-11-10T11:23:22.128-0800][75005760ms] GC(19952) Pause Young (Normal) (GCLocker Initiated GC)
[2023-11-10T11:23:22.128-0800][75005760ms] GC(19952) Using 10 workers of 10 for evacuation
[2023-11-10T11:23:22.133-0800][75005765ms] GC(19952)   Pre Evacuate Collection Set: 0.1ms
[2023-11-10T11:23:22.133-0800][75005765ms] GC(19952)   Evacuate Collection Set: 2.0ms
[2023-11-10T11:23:22.133-0800][75005765ms] GC(19952)   Post Evacuate Collection Set: 3.8ms
[2023-11-10T11:23:22.134-0800][75005766ms] GC(19952)   Other: 0.3ms
[2023-11-10T11:23:22.134-0800][75005766ms] GC(19952) Eden regions: 227->0(227)
[2023-11-10T11:23:22.134-0800][75005766ms] GC(19952) Survivor regions: 1->1(29)
[2023-11-10T11:23:22.134-0800][75005766ms] GC(19952) Old regions: 1386->1386
[2023-11-10T11:23:22.134-0800][75005766ms] GC(19952) Humongous regions: 5->5
[2023-11-10T11:23:22.134-0800][75005766ms] GC(19952) Metaspace: 304631K->304631K(1347584K)
[2023-11-10T11:23:22.134-0800][75005766ms] GC(19952) Pause Young (Normal) (GCLocker Initiated GC) 3235M->2781M(3602M) 6.333ms
[2023-11-10T11:23:22.134-0800][75005766ms] GC(19952) User=0.02s Sys=0.00s Real=0.01s
[2023-11-10T11:23:22.730-0800][75006362ms] GC(19953) Pause Young (Normal) (GCLocker Initiated GC)
[2023-11-10T11:23:22.730-0800][75006362ms] GC(19953) Using 10 workers of 10 for evacuation
[2023-11-10T11:23:22.737-0800][75006369ms] GC(19953)   Pre Evacuate Collection Set: 0.1ms
[2023-11-10T11:23:22.737-0800][75006369ms] GC(19953)   Evacuate Collection Set: 2.3ms
[2023-11-10T11:23:22.737-0800][75006369ms] GC(19953)   Post Evacuate Collection Set: 4.2ms
[2023-11-10T11:23:22.737-0800][75006369ms] GC(19953)   Other: 0.3ms
[2023-11-10T11:23:22.737-0800][75006369ms] GC(19953) Eden regions: 228->0(227)
[2023-11-10T11:23:22.737-0800][75006369ms] GC(19953) Survivor regions: 1->1(29)
[2023-11-10T11:23:22.737-0800][75006369ms] GC(19953) Old regions: 1386->1386
[2023-11-10T11:23:22.737-0800][75006369ms] GC(19953) Humongous regions: 5->5
[2023-11-10T11:23:22.737-0800][75006369ms] GC(19953) Metaspace: 304631K->304631K(1347584K)
[2023-11-10T11:23:22.737-0800][75006369ms] GC(19953) Pause Young (Normal) (GCLocker Initiated GC) 3236M->2781M(3602M) 6.908ms
[2023-11-10T11:23:22.737-0800][75006369ms] GC(19953) User=0.00s Sys=0.00s Real=0.01s
[2023-11-10T11:23:23.325-0800][75006957ms] GC(19954) Pause Young (Normal) (G1 Evacuation Pause)
[2023-11-10T11:23:23.325-0800][75006957ms] GC(19954) Using 10 workers of 10 for evacuation
[2023-11-10T11:23:23.331-0800][75006963ms] GC(19954)   Pre Evacuate Collection Set: 0.2ms
[2023-11-10T11:23:23.331-0800][75006963ms] GC(19954)   Evacuate Collection Set: 2.3ms
[2023-11-10T11:23:23.331-0800][75006963ms] GC(19954)   Post Evacuate Collection Set: 3.3ms
[2023-11-10T11:23:23.331-0800][75006963ms] GC(19954)   Other: 0.4ms
[2023-11-10T11:23:23.331-0800][75006963ms] GC(19954) Eden regions: 227->0(227)
[2023-11-10T11:23:23.331-0800][75006963ms] GC(19954) Survivor regions: 1->1(29)
[2023-11-10T11:23:23.331-0800][75006963ms] GC(19954) Old regions: 1386->1386
[2023-11-10T11:23:23.331-0800][75006963ms] GC(19954) Humongous regions: 5->5
[2023-11-10T11:23:23.331-0800][75006963ms] GC(19954) Metaspace: 304631K->304631K(1347584K)
[2023-11-10T11:23:23.331-0800][75006963ms] GC(19954) Pause Young (Normal) (G1 Evacuation Pause) 3235M->2781M(3602M) 6.275ms
[2023-11-10T11:23:23.331-0800][75006963ms] GC(19954) User=0.00s Sys=0.00s Real=0.01s
[2023-11-10T11:23:23.924-0800][75007556ms] GC(19955) Pause Young (Normal) (G1 Evacuation Pause)
[2023-11-10T11:23:23.924-0800][75007556ms] GC(19955) Using 10 workers of 10 for evacuation
[2023-11-10T11:23:23.931-0800][75007563ms] GC(19955)   Pre Evacuate Collection Set: 0.1ms
[2023-11-10T11:23:23.931-0800][75007563ms] GC(19955)   Evacuate Collection Set: 2.7ms
[2023-11-10T11:23:23.931-0800][75007563ms] GC(19955)   Post Evacuate Collection Set: 3.5ms
[2023-11-10T11:23:23.931-0800][75007563ms] GC(19955)   Other: 0.4ms
[2023-11-10T11:23:23.931-0800][75007563ms] GC(19955) Eden regions: 227->0(227)
[2023-11-10T11:23:23.931-0800][75007563ms] GC(19955) Survivor regions: 1->1(29)
[2023-11-10T11:23:23.931-0800][75007563ms] GC(19955) Old regions: 1386->1386
[2023-11-10T11:23:23.931-0800][75007563ms] GC(19955) Humongous regions: 5->5
[2023-11-10T11:23:23.931-0800][75007563ms] GC(19955) Metaspace: 304631K->304631K(1347584K)
[2023-11-10T11:23:23.931-0800][75007563ms] GC(19955) Pause Young (Normal) (G1 Evacuation Pause) 3235M->2781M(3602M) 6.771ms
[2023-11-10T11:23:23.931-0800][75007563ms] GC(19955) User=0.00s Sys=0.00s Real=0.01s
[2023-11-10T11:23:24.574-0800][75008206ms] GC(19956) Pause Young (Normal) (G1 Evacuation Pause)
[2023-11-10T11:23:24.574-0800][75008206ms] GC(19956) Using 10 workers of 10 for evacuation
[2023-11-10T11:23:24.581-0800][75008213ms] GC(19956)   Pre Evacuate Collection Set: 0.0ms
[2023-11-10T11:23:24.581-0800][75008213ms] GC(19956)   Evacuate Collection Set: 2.2ms
[2023-11-10T11:23:24.581-0800][75008213ms] GC(19956)   Post Evacuate Collection Set: 3.9ms
[2023-11-10T11:23:24.581-0800][75008213ms] GC(19956)   Other: 0.3ms
[2023-11-10T11:23:24.581-0800][75008213ms] GC(19956) Eden regions: 227->0(227)
[2023-11-10T11:23:24.581-0800][75008213ms] GC(19956) Survivor regions: 1->1(29)
[2023-11-10T11:23:24.581-0800][75008213ms] GC(19956) Old regions: 1386->1386
[2023-11-10T11:23:24.581-0800][75008213ms] GC(19956) Humongous regions: 5->5
[2023-11-10T11:23:24.581-0800][75008213ms] GC(19956) Metaspace: 304631K->304631K(1347584K)
[2023-11-10T11:23:24.581-0800][75008213ms] GC(19956) Pause Young (Normal) (G1 Evacuation Pause) 3235M->2781M(3602M) 6.556ms
[2023-11-10T11:23:24.581-0800][75008213ms] GC(19956) User=0.00s Sys=0.00s Real=0.01s
[2023-11-10T11:23:25.151-0800][75008783ms] GC(19957) Pause Young (Normal) (G1 Evacuation Pause)
[2023-11-10T11:23:25.151-0800][75008783ms] GC(19957) Using 10 workers of 10 for evacuation
[2023-11-10T11:23:25.157-0800][75008789ms] GC(19957)   Pre Evacuate Collection Set: 0.1ms
[2023-11-10T11:23:25.157-0800][75008789ms] GC(19957)   Evacuate Collection Set: 2.6ms
[2023-11-10T11:23:25.157-0800][75008789ms] GC(19957)   Post Evacuate Collection Set: 3.4ms
[2023-11-10T11:23:25.157-0800][75008789ms] GC(19957)   Other: 0.4ms
[2023-11-10T11:23:25.157-0800][75008789ms] GC(19957) Eden regions: 227->0(227)
[2023-11-10T11:23:25.157-0800][75008789ms] GC(19957) Survivor regions: 1->1(29)
[2023-11-10T11:23:25.157-0800][75008789ms] GC(19957) Old regions: 1386->1386
[2023-11-10T11:23:25.157-0800][75008789ms] GC(19957) Humongous regions: 5->5
[2023-11-10T11:23:25.157-0800][75008789ms] GC(19957) Metaspace: 304631K->304631K(1347584K)
[2023-11-10T11:23:25.157-0800][75008789ms] GC(19957) Pause Young (Normal) (G1 Evacuation Pause) 3235M->2781M(3602M) 6.507ms
[2023-11-10T11:23:25.157-0800][75008789ms] GC(19957) User=0.00s Sys=0.00s Real=0.01s
[2023-11-10T11:23:25.725-0800][75009357ms] GC(19958) Pause Young (Normal) (G1 Evacuation Pause)
[2023-11-10T11:23:25.725-0800][75009357ms] GC(19958) Using 10 workers of 10 for evacuation
[2023-11-10T11:23:25.730-0800][75009362ms] GC(19958)   Pre Evacuate Collection Set: 0.0ms
[2023-11-10T11:23:25.730-0800][75009362ms] GC(19958)   Evacuate Collection Set: 1.7ms
[2023-11-10T11:23:25.730-0800][75009362ms] GC(19958)   Post Evacuate Collection Set: 3.6ms
[2023-11-10T11:23:25.730-0800][75009362ms] GC(19958)   Other: 0.4ms
[2023-11-10T11:23:25.730-0800][75009362ms] GC(19958) Eden regions: 227->0(227)
[2023-11-10T11:23:25.730-0800][75009362ms] GC(19958) Survivor regions: 1->1(29)
[2023-11-10T11:23:25.730-0800][75009362ms] GC(19958) Old regions: 1386->1386
[2023-11-10T11:23:25.730-0800][75009362ms] GC(19958) Humongous regions: 5->5
[2023-11-10T11:23:25.730-0800][75009362ms] GC(19958) Metaspace: 304631K->304631K(1347584K)
[2023-11-10T11:23:25.730-0800][75009362ms] GC(19958) Pause Young (Normal) (G1 Evacuation Pause) 3235M->2781M(3602M) 5.860ms
[2023-11-10T11:23:25.730-0800][75009362ms] GC(19958) User=0.08s Sys=0.00s Real=0.01s
[2023-11-10T11:23:26.281-0800][75009913ms] GC(19959) Pause Young (Normal) (G1 Evacuation Pause)
[2023-11-10T11:23:26.281-0800][75009913ms] GC(19959) Using 10 workers of 10 for evacuation
[2023-11-10T11:23:26.286-0800][75009918ms] GC(19959)   Pre Evacuate Collection Set: 0.0ms
[2023-11-10T11:23:26.286-0800][75009918ms] GC(19959)   Evacuate Collection Set: 1.7ms
[2023-11-10T11:23:26.286-0800][75009918ms] GC(19959)   Post Evacuate Collection Set: 3.3ms
[2023-11-10T11:23:26.286-0800][75009918ms] GC(19959)   Other: 0.3ms
[2023-11-10T11:23:26.286-0800][75009918ms] GC(19959) Eden regions: 227->0(227)
[2023-11-10T11:23:26.286-0800][75009918ms] GC(19959) Survivor regions: 1->1(29)
[2023-11-10T11:23:26.286-0800][75009918ms] GC(19959) Old regions: 1386->1386
[2023-11-10T11:23:26.286-0800][75009918ms] GC(19959) Humongous regions: 5->5
[2023-11-10T11:23:26.286-0800][75009918ms] GC(19959) Metaspace: 304631K->304631K(1347584K)
[2023-11-10T11:23:26.286-0800][75009918ms] GC(19959) Pause Young (Normal) (G1 Evacuation Pause) 3235M->2781M(3602M) 5.486ms
[2023-11-10T11:23:26.286-0800][75009918ms] GC(19959) User=0.00s Sys=0.00s Real=0.01s
[2023-11-10T11:23:26.826-0800][75010458ms] GC(19960) Pause Young (Normal) (G1 Evacuation Pause)
[2023-11-10T11:23:26.826-0800][75010458ms] GC(19960) Using 10 workers of 10 for evacuation
[2023-11-10T11:23:26.830-0800][75010462ms] GC(19960)   Pre Evacuate Collection Set: 0.0ms
[2023-11-10T11:23:26.830-0800][75010462ms] GC(19960)   Evacuate Collection Set: 1.7ms
[2023-11-10T11:23:26.830-0800][75010462ms] GC(19960)   Post Evacuate Collection Set: 3.1ms
[2023-11-10T11:23:26.830-0800][75010462ms] GC(19960)   Other: 0.2ms
[2023-11-10T11:23:26.830-0800][75010462ms] GC(19960) Eden regions: 227->0(227)
[2023-11-10T11:23:26.830-0800][75010462ms] GC(19960) Survivor regions: 1->1(29)
[2023-11-10T11:23:26.830-0800][75010462ms] GC(19960) Old regions: 1386->1386
[2023-11-10T11:23:26.830-0800][75010462ms] GC(19960) Humongous regions: 5->5
[2023-11-10T11:23:26.830-0800][75010462ms] GC(19960) Metaspace: 304631K->304631K(1347584K)
[2023-11-10T11:23:26.830-0800][75010462ms] GC(19960) Pause Young (Normal) (G1 Evacuation Pause) 3235M->2781M(3602M) 5.204ms
[2023-11-10T11:23:26.830-0800][75010462ms] GC(19960) User=0.00s Sys=0.00s Real=0.00s
[2023-11-10T11:23:27.330-0800][75010962ms] GC(19961) Pause Young (Normal) (G1 Evacuation Pause)
[2023-11-10T11:23:27.330-0800][75010962ms] GC(19961) Using 10 workers of 10 for evacuation
[2023-11-10T11:23:27.337-0800][75010969ms] GC(19961)   Pre Evacuate Collection Set: 0.1ms
[2023-11-10T11:23:27.337-0800][75010969ms] GC(19961)   Evacuate Collection Set: 2.0ms
[2023-11-10T11:23:27.337-0800][75010969ms] GC(19961)   Post Evacuate Collection Set: 3.9ms
[2023-11-10T11:23:27.337-0800][75010969ms] GC(19961)   Other: 0.3ms
[2023-11-10T11:23:27.337-0800][75010969ms] GC(19961) Eden regions: 227->0(227)
[2023-11-10T11:23:27.337-0800][75010969ms] GC(19961) Survivor regions: 1->1(29)
[2023-11-10T11:23:27.337-0800][75010969ms] GC(19961) Old regions: 1386->1386
[2023-11-10T11:23:27.337-0800][75010969ms] GC(19961) Humongous regions: 5->5
[2023-11-10T11:23:27.337-0800][75010969ms] GC(19961) Metaspace: 304631K->304631K(1347584K)
[2023-11-10T11:23:27.337-0800][75010969ms] GC(19961) Pause Young (Normal) (G1 Evacuation Pause) 3235M->2781M(3602M) 6.455ms
[2023-11-10T11:23:27.337-0800][75010969ms] GC(19961) User=0.00s Sys=0.00s Real=0.01s
[2023-11-10T11:23:27.879-0800][75011511ms] GC(19962) Pause Young (Normal) (G1 Evacuation Pause)
[2023-11-10T11:23:27.879-0800][75011511ms] GC(19962) Using 10 workers of 10 for evacuation
[2023-11-10T11:23:27.884-0800][75011516ms] GC(19962)   Pre Evacuate Collection Set: 0.1ms
[2023-11-10T11:23:27.884-0800][75011516ms] GC(19962)   Evacuate Collection Set: 1.6ms
[2023-11-10T11:23:27.884-0800][75011516ms] GC(19962)   Post Evacuate Collection Set: 3.1ms
[2023-11-10T11:23:27.884-0800][75011516ms] GC(19962)   Other: 0.3ms
[2023-11-10T11:23:27.884-0800][75011516ms] GC(19962) Eden regions: 227->0(227)
[2023-11-10T11:23:27.884-0800][75011516ms] GC(19962) Survivor regions: 1->1(29)
[2023-11-10T11:23:27.884-0800][75011516ms] GC(19962) Old regions: 1386->1386
[2023-11-10T11:23:27.884-0800][75011516ms] GC(19962) Humongous regions: 5->5
[2023-11-10T11:23:27.884-0800][75011516ms] GC(19962) Metaspace: 304631K->304631K(1347584K)
[2023-11-10T11:23:27.884-0800][75011516ms] GC(19962) Pause Young (Normal) (G1 Evacuation Pause) 3235M->2781M(3602M) 5.181ms
[2023-11-10T11:23:27.884-0800][75011516ms] GC(19962) User=0.02s Sys=0.00s Real=0.01s
[2023-11-10T11:23:28.440-0800][75012072ms] GC(19963) Pause Young (Normal) (G1 Evacuation Pause)
[2023-11-10T11:23:28.441-0800][75012073ms] GC(19963) Using 10 workers of 10 for evacuation
[2023-11-10T11:23:28.446-0800][75012078ms] GC(19963)   Pre Evacuate Collection Set: 0.0ms
[2023-11-10T11:23:28.446-0800][75012078ms] GC(19963)   Evacuate Collection Set: 2.0ms
[2023-11-10T11:23:28.446-0800][75012078ms] GC(19963)   Post Evacuate Collection Set: 3.1ms
[2023-11-10T11:23:28.446-0800][75012078ms] GC(19963)   Other: 0.3ms
[2023-11-10T11:23:28.446-0800][75012078ms] GC(19963) Eden regions: 227->0(227)
[2023-11-10T11:23:28.446-0800][75012078ms] GC(19963) Survivor regions: 1->1(29)
[2023-11-10T11:23:28.446-0800][75012078ms] GC(19963) Old regions: 1386->1386
[2023-11-10T11:23:28.446-0800][75012078ms] GC(19963) Humongous regions: 5->5
[2023-11-10T11:23:28.446-0800][75012078ms] GC(19963) Metaspace: 304631K->304631K(1347584K)
[2023-11-10T11:23:28.446-0800][75012078ms] GC(19963) Pause Young (Normal) (G1 Evacuation Pause) 3235M->2781M(3602M) 5.456ms
[2023-11-10T11:23:28.446-0800][75012078ms] GC(19963) User=0.00s Sys=0.00s Real=0.01s
[2023-11-10T11:23:29.068-0800][75012700ms] GC(19964) Pause Young (Normal) (G1 Evacuation Pause)
[2023-11-10T11:23:29.068-0800][75012700ms] GC(19964) Using 10 workers of 10 for evacuation
[2023-11-10T11:23:29.074-0800][75012706ms] GC(19964)   Pre Evacuate Collection Set: 0.0ms
[2023-11-10T11:23:29.074-0800][75012706ms] GC(19964)   Evacuate Collection Set: 1.7ms
[2023-11-10T11:23:29.074-0800][75012706ms] GC(19964)   Post Evacuate Collection Set: 2.9ms
[2023-11-10T11:23:29.074-0800][75012706ms] GC(19964)   Other: 0.2ms
[2023-11-10T11:23:29.074-0800][75012706ms] GC(19964) Eden regions: 227->0(227)
[2023-11-10T11:23:29.074-0800][75012706ms] GC(19964) Survivor regions: 1->1(29)
[2023-11-10T11:23:29.074-0800][75012706ms] GC(19964) Old regions: 1386->1386
[2023-11-10T11:23:29.074-0800][75012706ms] GC(19964) Humongous regions: 5->5
[2023-11-10T11:23:29.074-0800][75012706ms] GC(19964) Metaspace: 304631K->304631K(1347584K)
[2023-11-10T11:23:29.074-0800][75012706ms] GC(19964) Pause Young (Normal) (G1 Evacuation Pause) 3235M->2781M(3602M) 5.024ms
[2023-11-10T11:23:29.074-0800][75012706ms] GC(19964) User=0.02s Sys=0.00s Real=0.01s
[2023-11-10T11:23:29.679-0800][75013311ms] GC(19965) Pause Young (Normal) (G1 Evacuation Pause)
[2023-11-10T11:23:29.679-0800][75013311ms] GC(19965) Using 10 workers of 10 for evacuation
[2023-11-10T11:23:29.684-0800][75013316ms] GC(19965)   Pre Evacuate Collection Set: 0.1ms
[2023-11-10T11:23:29.684-0800][75013316ms] GC(19965)   Evacuate Collection Set: 1.8ms
[2023-11-10T11:23:29.684-0800][75013316ms] GC(19965)   Post Evacuate Collection Set: 3.4ms
[2023-11-10T11:23:29.684-0800][75013316ms] GC(19965)   Other: 0.3ms
[2023-11-10T11:23:29.684-0800][75013316ms] GC(19965) Eden regions: 227->0(227)
[2023-11-10T11:23:29.684-0800][75013316ms] GC(19965) Survivor regions: 1->1(29)
[2023-11-10T11:23:29.684-0800][75013316ms] GC(19965) Old regions: 1386->1386
[2023-11-10T11:23:29.684-0800][75013316ms] GC(19965) Humongous regions: 5->5
[2023-11-10T11:23:29.684-0800][75013316ms] GC(19965) Metaspace: 304631K->304631K(1347584K)
[2023-11-10T11:23:29.684-0800][75013316ms] GC(19965) Pause Young (Normal) (G1 Evacuation Pause) 3235M->2781M(3602M) 5.572ms
[2023-11-10T11:23:29.684-0800][75013316ms] GC(19965) User=0.00s Sys=0.00s Real=0.01s
[2023-11-10T11:23:30.216-0800][75013848ms] GC(19966) Pause Young (Normal) (G1 Evacuation Pause)
[2023-11-10T11:23:30.216-0800][75013848ms] GC(19966) Using 10 workers of 10 for evacuation
[2023-11-10T11:23:30.223-0800][75013855ms] GC(19966)   Pre Evacuate Collection Set: 0.1ms
[2023-11-10T11:23:30.223-0800][75013855ms] GC(19966)   Evacuate Collection Set: 1.8ms
[2023-11-10T11:23:30.223-0800][75013855ms] GC(19966)   Post Evacuate Collection Set: 4.3ms
[2023-11-10T11:23:30.223-0800][75013855ms] GC(19966)   Other: 0.4ms
[2023-11-10T11:23:30.223-0800][75013855ms] GC(19966) Eden regions: 227->0(227)
[2023-11-10T11:23:30.223-0800][75013855ms] GC(19966) Survivor regions: 1->1(29)
[2023-11-10T11:23:30.223-0800][75013855ms] GC(19966) Old regions: 1386->1386
[2023-11-10T11:23:30.223-0800][75013855ms] GC(19966) Humongous regions: 5->5
[2023-11-10T11:23:30.223-0800][75013855ms] GC(19966) Metaspace: 304631K->304631K(1347584K)
[2023-11-10T11:23:30.223-0800][75013855ms] GC(19966) Pause Young (Normal) (G1 Evacuation Pause) 3235M->2781M(3602M) 6.721ms
[2023-11-10T11:23:30.223-0800][75013855ms] GC(19966) User=0.00s Sys=0.00s Real=0.01s
[2023-11-10T11:23:30.862-0800][75014494ms] GC(19967) Pause Young (Normal) (G1 Evacuation Pause)
[2023-11-10T11:23:30.862-0800][75014494ms] GC(19967) Using 10 workers of 10 for evacuation
[2023-11-10T11:23:30.868-0800][75014500ms] GC(19967)   Pre Evacuate Collection Set: 0.0ms
[2023-11-10T11:23:30.868-0800][75014500ms] GC(19967)   Evacuate Collection Set: 1.9ms
[2023-11-10T11:23:30.868-0800][75014500ms] GC(19967)   Post Evacuate Collection Set: 3.3ms
[2023-11-10T11:23:30.868-0800][75014500ms] GC(19967)   Other: 0.3ms
[2023-11-10T11:23:30.868-0800][75014500ms] GC(19967) Eden regions: 227->0(227)
[2023-11-10T11:23:30.868-0800][75014500ms] GC(19967) Survivor regions: 1->1(29)
[2023-11-10T11:23:30.868-0800][75014500ms] GC(19967) Old regions: 1386->1386
[2023-11-10T11:23:30.868-0800][75014500ms] GC(19967) Humongous regions: 5->5
[2023-11-10T11:23:30.868-0800][75014500ms] GC(19967) Metaspace: 304631K->304631K(1347584K)
[2023-11-10T11:23:30.868-0800][75014500ms] GC(19967) Pause Young (Normal) (G1 Evacuation Pause) 3235M->2781M(3602M) 5.623ms
[2023-11-10T11:23:30.868-0800][75014500ms] GC(19967) User=0.02s Sys=0.00s Real=0.01s
[2023-11-10T11:23:31.503-0800][75015135ms] GC(19968) Pause Young (Normal) (G1 Evacuation Pause)
[2023-11-10T11:23:31.503-0800][75015135ms] GC(19968) Using 10 workers of 10 for evacuation
[2023-11-10T11:23:31.508-0800][75015140ms] GC(19968)   Pre Evacuate Collection Set: 0.0ms
[2023-11-10T11:23:31.508-0800][75015140ms] GC(19968)   Evacuate Collection Set: 1.9ms
[2023-11-10T11:23:31.508-0800][75015140ms] GC(19968)   Post Evacuate Collection Set: 3.1ms
[2023-11-10T11:23:31.508-0800][75015140ms] GC(19968)   Other: 0.3ms
[2023-11-10T11:23:31.508-0800][75015140ms] GC(19968) Eden regions: 227->0(227)
[2023-11-10T11:23:31.508-0800][75015140ms] GC(19968) Survivor regions: 1->1(29)
[2023-11-10T11:23:31.508-0800][75015140ms] GC(19968) Old regions: 1386->1386
[2023-11-10T11:23:31.508-0800][75015140ms] GC(19968) Humongous regions: 5->5
[2023-11-10T11:23:31.508-0800][75015140ms] GC(19968) Metaspace: 304631K->304631K(1347584K)
[2023-11-10T11:23:31.508-0800][75015140ms] GC(19968) Pause Young (Normal) (G1 Evacuation Pause) 3235M->2781M(3602M) 5.519ms
[2023-11-10T11:23:31.508-0800][75015140ms] GC(19968) User=0.00s Sys=0.00s Real=0.00s
[2023-11-10T11:23:32.110-0800][75015742ms] GC(19969) Pause Young (Normal) (G1 Evacuation Pause)
[2023-11-10T11:23:32.110-0800][75015742ms] GC(19969) Using 10 workers of 10 for evacuation
[2023-11-10T11:23:32.117-0800][75015749ms] GC(19969)   Pre Evacuate Collection Set: 0.1ms
[2023-11-10T11:23:32.117-0800][75015749ms] GC(19969)   Evacuate Collection Set: 2.2ms
[2023-11-10T11:23:32.117-0800][75015749ms] GC(19969)   Post Evacuate Collection Set: 4.7ms
[2023-11-10T11:23:32.117-0800][75015749ms] GC(19969)   Other: 0.4ms
[2023-11-10T11:23:32.117-0800][75015749ms] GC(19969) Eden regions: 227->0(227)
[2023-11-10T11:23:32.117-0800][75015749ms] GC(19969) Survivor regions: 1->1(29)
[2023-11-10T11:23:32.117-0800][75015749ms] GC(19969) Old regions: 1386->1386
[2023-11-10T11:23:32.117-0800][75015749ms] GC(19969) Humongous regions: 5->5
[2023-11-10T11:23:32.117-0800][75015749ms] GC(19969) Metaspace: 304631K->304631K(1347584K)
[2023-11-10T11:23:32.117-0800][75015749ms] GC(19969) Pause Young (Normal) (G1 Evacuation Pause) 3235M->2781M(3602M) 7.461ms
[2023-11-10T11:23:32.117-0800][75015749ms] GC(19969) User=0.02s Sys=0.00s Real=0.01s
[2023-11-10T11:23:32.726-0800][75016358ms] GC(19970) Pause Young (Normal) (G1 Evacuation Pause)
[2023-11-10T11:23:32.726-0800][75016358ms] GC(19970) Using 10 workers of 10 for evacuation
[2023-11-10T11:23:32.732-0800][75016364ms] GC(19970)   Pre Evacuate Collection Set: 0.0ms
[2023-11-10T11:23:32.732-0800][75016364ms] GC(19970)   Evacuate Collection Set: 1.7ms
[2023-11-10T11:23:32.732-0800][75016364ms] GC(19970)   Post Evacuate Collection Set: 3.7ms
[2023-11-10T11:23:32.732-0800][75016364ms] GC(19970)   Other: 0.4ms
[2023-11-10T11:23:32.732-0800][75016364ms] GC(19970) Eden regions: 227->0(227)
[2023-11-10T11:23:32.732-0800][75016364ms] GC(19970) Survivor regions: 1->1(29)
[2023-11-10T11:23:32.732-0800][75016364ms] GC(19970) Old regions: 1386->1386
[2023-11-10T11:23:32.732-0800][75016364ms] GC(19970) Humongous regions: 5->5
[2023-11-10T11:23:32.732-0800][75016364ms] GC(19970) Metaspace: 304631K->304631K(1347584K)
[2023-11-10T11:23:32.732-0800][75016364ms] GC(19970) Pause Young (Normal) (G1 Evacuation Pause) 3235M->2782M(3602M) 5.925ms
[2023-11-10T11:23:32.733-0800][75016365ms] GC(19970) User=0.00s Sys=0.00s Real=0.01s
[2023-11-10T11:23:33.267-0800][75016899ms] GC(19971) Pause Young (Normal) (G1 Evacuation Pause)
[2023-11-10T11:23:33.267-0800][75016899ms] GC(19971) Using 10 workers of 10 for evacuation
[2023-11-10T11:23:33.273-0800][75016905ms] GC(19971)   Pre Evacuate Collection Set: 0.0ms
[2023-11-10T11:23:33.273-0800][75016905ms] GC(19971)   Evacuate Collection Set: 2.1ms
[2023-11-10T11:23:33.273-0800][75016905ms] GC(19971)   Post Evacuate Collection Set: 3.6ms
[2023-11-10T11:23:33.273-0800][75016905ms] GC(19971)   Other: 0.4ms
[2023-11-10T11:23:33.273-0800][75016905ms] GC(19971) Eden regions: 227->0(227)
[2023-11-10T11:23:33.273-0800][75016905ms] GC(19971) Survivor regions: 1->1(29)
[2023-11-10T11:23:33.273-0800][75016905ms] GC(19971) Old regions: 1386->1386
[2023-11-10T11:23:33.273-0800][75016905ms] GC(19971) Humongous regions: 5->5
[2023-11-10T11:23:33.273-0800][75016905ms] GC(19971) Metaspace: 304631K->304631K(1347584K)
[2023-11-10T11:23:33.273-0800][75016905ms] GC(19971) Pause Young (Normal) (G1 Evacuation Pause) 3236M->2781M(3602M) 6.256ms
[2023-11-10T11:23:33.273-0800][75016905ms] GC(19971) User=0.00s Sys=0.00s Real=0.01s
[2023-11-10T11:23:33.830-0800][75017462ms] GC(19972) Pause Young (Normal) (G1 Evacuation Pause)
[2023-11-10T11:23:33.830-0800][75017462ms] GC(19972) Using 10 workers of 10 for evacuation
[2023-11-10T11:23:33.835-0800][75017467ms] GC(19972)   Pre Evacuate Collection Set: 0.0ms
[2023-11-10T11:23:33.835-0800][75017467ms] GC(19972)   Evacuate Collection Set: 2.2ms
[2023-11-10T11:23:33.835-0800][75017467ms] GC(19972)   Post Evacuate Collection Set: 3.3ms
[2023-11-10T11:23:33.835-0800][75017467ms] GC(19972)   Other: 0.3ms
[2023-11-10T11:23:33.835-0800][75017467ms] GC(19972) Eden regions: 227->0(227)
[2023-11-10T11:23:33.835-0800][75017467ms] GC(19972) Survivor regions: 1->1(29)
[2023-11-10T11:23:33.835-0800][75017467ms] GC(19972) Old regions: 1386->1386
[2023-11-10T11:23:33.835-0800][75017467ms] GC(19972) Humongous regions: 5->5
[2023-11-10T11:23:33.835-0800][75017467ms] GC(19972) Metaspace: 304631K->304631K(1347584K)
[2023-11-10T11:23:33.835-0800][75017467ms] GC(19972) Pause Young (Normal) (G1 Evacuation Pause) 3235M->2781M(3602M) 5.865ms
[2023-11-10T11:23:33.835-0800][75017467ms] GC(19972) User=0.02s Sys=0.00s Real=0.01s
[2023-11-10T11:23:34.395-0800][75018027ms] GC(19973) Pause Young (Normal) (G1 Evacuation Pause)
[2023-11-10T11:23:34.395-0800][75018027ms] GC(19973) Using 10 workers of 10 for evacuation
[2023-11-10T11:23:34.401-0800][75018033ms] GC(19973)   Pre Evacuate Collection Set: 0.0ms
[2023-11-10T11:23:34.401-0800][75018033ms] GC(19973)   Evacuate Collection Set: 1.7ms
[2023-11-10T11:23:34.401-0800][75018033ms] GC(19973)   Post Evacuate Collection Set: 4.3ms
[2023-11-10T11:23:34.401-0800][75018033ms] GC(19973)   Other: 0.3ms
[2023-11-10T11:23:34.401-0800][75018033ms] GC(19973) Eden regions: 227->0(227)
[2023-11-10T11:23:34.401-0800][75018033ms] GC(19973) Survivor regions: 1->1(29)
[2023-11-10T11:23:34.401-0800][75018033ms] GC(19973) Old regions: 1386->1386
[2023-11-10T11:23:34.401-0800][75018033ms] GC(19973) Humongous regions: 5->5
[2023-11-10T11:23:34.401-0800][75018033ms] GC(19973) Metaspace: 304631K->304631K(1347584K)
[2023-11-10T11:23:34.401-0800][75018033ms] GC(19973) Pause Young (Normal) (G1 Evacuation Pause) 3235M->2782M(3602M) 6.368ms
[2023-11-10T11:23:34.401-0800][75018033ms] GC(19973) User=0.02s Sys=0.00s Real=0.01s
[2023-11-10T11:23:34.973-0800][75018605ms] GC(19974) Pause Young (Normal) (G1 Evacuation Pause)
[2023-11-10T11:23:34.973-0800][75018605ms] GC(19974) Using 10 workers of 10 for evacuation
[2023-11-10T11:23:34.978-0800][75018610ms] GC(19974)   Pre Evacuate Collection Set: 0.0ms
[2023-11-10T11:23:34.978-0800][75018610ms] GC(19974)   Evacuate Collection Set: 2.1ms
[2023-11-10T11:23:34.978-0800][75018610ms] GC(19974)   Post Evacuate Collection Set: 3.5ms
[2023-11-10T11:23:34.978-0800][75018610ms] GC(19974)   Other: 0.3ms
[2023-11-10T11:23:34.978-0800][75018610ms] GC(19974) Eden regions: 227->0(226)
[2023-11-10T11:23:34.978-0800][75018610ms] GC(19974) Survivor regions: 1->1(29)
[2023-11-10T11:23:34.978-0800][75018610ms] GC(19974) Old regions: 1386->1386
[2023-11-10T11:23:34.978-0800][75018610ms] GC(19974) Humongous regions: 5->5
[2023-11-10T11:23:34.978-0800][75018610ms] GC(19974) Metaspace: 304631K->304631K(1347584K)
[2023-11-10T11:23:34.978-0800][75018610ms] GC(19974) Pause Young (Normal) (G1 Evacuation Pause) 3236M->2782M(3602M) 6.049ms
[2023-11-10T11:23:34.978-0800][75018610ms] GC(19974) User=0.02s Sys=0.00s Real=0.00s
[2023-11-10T11:23:35.503-0800][75019135ms] GC(19975) Pause Young (Normal) (G1 Evacuation Pause)
[2023-11-10T11:23:35.503-0800][75019135ms] GC(19975) Using 10 workers of 10 for evacuation
[2023-11-10T11:23:35.508-0800][75019140ms] GC(19975)   Pre Evacuate Collection Set: 0.0ms
[2023-11-10T11:23:35.508-0800][75019140ms] GC(19975)   Evacuate Collection Set: 2.1ms
[2023-11-10T11:23:35.508-0800][75019140ms] GC(19975)   Post Evacuate Collection Set: 3.4ms
[2023-11-10T11:23:35.508-0800][75019140ms] GC(19975)   Other: 0.4ms
[2023-11-10T11:23:35.508-0800][75019140ms] GC(19975) Eden regions: 226->0(226)
[2023-11-10T11:23:35.508-0800][75019140ms] GC(19975) Survivor regions: 1->1(29)
[2023-11-10T11:23:35.508-0800][75019140ms] GC(19975) Old regions: 1386->1386
[2023-11-10T11:23:35.508-0800][75019140ms] GC(19975) Humongous regions: 5->5
[2023-11-10T11:23:35.508-0800][75019140ms] GC(19975) Metaspace: 304631K->304631K(1347584K)
[2023-11-10T11:23:35.508-0800][75019140ms] GC(19975) Pause Young (Normal) (G1 Evacuation Pause) 3234M->2782M(3602M) 5.980ms
[2023-11-10T11:23:35.508-0800][75019140ms] GC(19975) User=0.02s Sys=0.00s Real=0.00s
[2023-11-10T11:23:36.056-0800][75019688ms] GC(19976) Pause Young (Normal) (G1 Evacuation Pause)
[2023-11-10T11:23:36.057-0800][75019689ms] GC(19976) Using 10 workers of 10 for evacuation
[2023-11-10T11:23:36.062-0800][75019694ms] GC(19976)   Pre Evacuate Collection Set: 0.1ms
[2023-11-10T11:23:36.062-0800][75019694ms] GC(19976)   Evacuate Collection Set: 1.8ms
[2023-11-10T11:23:36.062-0800][75019694ms] GC(19976)   Post Evacuate Collection Set: 3.2ms
[2023-11-10T11:23:36.062-0800][75019694ms] GC(19976)   Other: 0.3ms
[2023-11-10T11:23:36.062-0800][75019694ms] GC(19976) Eden regions: 226->0(226)
[2023-11-10T11:23:36.062-0800][75019694ms] GC(19976) Survivor regions: 1->1(29)
[2023-11-10T11:23:36.062-0800][75019694ms] GC(19976) Old regions: 1386->1386
[2023-11-10T11:23:36.062-0800][75019694ms] GC(19976) Humongous regions: 5->5
[2023-11-10T11:23:36.062-0800][75019694ms] GC(19976) Metaspace: 304631K->304631K(1347584K)
[2023-11-10T11:23:36.062-0800][75019694ms] GC(19976) Pause Young (Normal) (G1 Evacuation Pause) 3234M->2782M(3602M) 5.398ms
[2023-11-10T11:23:36.062-0800][75019694ms] GC(19976) User=0.00s Sys=0.00s Real=0.01s
[2023-11-10T11:23:36.602-0800][75020234ms] GC(19977) Pause Young (Normal) (G1 Evacuation Pause)
[2023-11-10T11:23:36.602-0800][75020234ms] GC(19977) Using 10 workers of 10 for evacuation
[2023-11-10T11:23:36.608-0800][75020240ms] GC(19977)   Pre Evacuate Collection Set: 0.1ms
[2023-11-10T11:23:36.608-0800][75020240ms] GC(19977)   Evacuate Collection Set: 2.0ms
[2023-11-10T11:23:36.608-0800][75020240ms] GC(19977)   Post Evacuate Collection Set: 3.4ms
[2023-11-10T11:23:36.608-0800][75020240ms] GC(19977)   Other: 0.4ms
[2023-11-10T11:23:36.608-0800][75020240ms] GC(19977) Eden regions: 226->0(226)
[2023-11-10T11:23:36.608-0800][75020240ms] GC(19977) Survivor regions: 1->1(29)
[2023-11-10T11:23:36.608-0800][75020240ms] GC(19977) Old regions: 1386->1386
[2023-11-10T11:23:36.608-0800][75020240ms] GC(19977) Humongous regions: 5->5
[2023-11-10T11:23:36.608-0800][75020240ms] GC(19977) Metaspace: 304631K->304631K(1347584K)
[2023-11-10T11:23:36.608-0800][75020240ms] GC(19977) Pause Young (Normal) (G1 Evacuation Pause) 3234M->2782M(3602M) 5.927ms
[2023-11-10T11:23:36.608-0800][75020240ms] GC(19977) User=0.00s Sys=0.00s Real=0.01s
[2023-11-10T11:23:37.153-0800][75020785ms] GC(19978) Pause Young (Normal) (G1 Evacuation Pause)
[2023-11-10T11:23:37.153-0800][75020785ms] GC(19978) Using 10 workers of 10 for evacuation
[2023-11-10T11:23:37.157-0800][75020789ms] GC(19978)   Pre Evacuate Collection Set: 0.0ms
[2023-11-10T11:23:37.157-0800][75020789ms] GC(19978)   Evacuate Collection Set: 1.9ms
[2023-11-10T11:23:37.157-0800][75020789ms] GC(19978)   Post Evacuate Collection Set: 3.0ms
[2023-11-10T11:23:37.157-0800][75020789ms] GC(19978)   Other: 0.3ms
[2023-11-10T11:23:37.157-0800][75020789ms] GC(19978) Eden regions: 226->0(226)
[2023-11-10T11:23:37.157-0800][75020789ms] GC(19978) Survivor regions: 1->1(29)
[2023-11-10T11:23:37.157-0800][75020789ms] GC(19978) Old regions: 1386->1386
[2023-11-10T11:23:37.157-0800][75020789ms] GC(19978) Humongous regions: 5->5
[2023-11-10T11:23:37.157-0800][75020789ms] GC(19978) Metaspace: 304631K->304631K(1347584K)
[2023-11-10T11:23:37.157-0800][75020789ms] GC(19978) Pause Young (Normal) (G1 Evacuation Pause) 3234M->2782M(3602M) 5.244ms
[2023-11-10T11:23:37.157-0800][75020789ms] GC(19978) User=0.00s Sys=0.00s Real=0.00s
[2023-11-10T11:23:37.664-0800][75021296ms] GC(19979) Pause Young (Normal) (G1 Evacuation Pause)
[2023-11-10T11:23:37.664-0800][75021296ms] GC(19979) Using 10 workers of 10 for evacuation
[2023-11-10T11:23:37.671-0800][75021303ms] GC(19979)   Pre Evacuate Collection Set: 0.0ms
[2023-11-10T11:23:37.671-0800][75021303ms] GC(19979)   Evacuate Collection Set: 1.8ms
[2023-11-10T11:23:37.671-0800][75021303ms] GC(19979)   Post Evacuate Collection Set: 4.4ms
[2023-11-10T11:23:37.671-0800][75021303ms] GC(19979)   Other: 0.3ms
[2023-11-10T11:23:37.671-0800][75021303ms] GC(19979) Eden regions: 226->0(226)
[2023-11-10T11:23:37.671-0800][75021303ms] GC(19979) Survivor regions: 1->1(29)
[2023-11-10T11:23:37.671-0800][75021303ms] GC(19979) Old regions: 1386->1386
[2023-11-10T11:23:37.671-0800][75021303ms] GC(19979) Humongous regions: 5->5
[2023-11-10T11:23:37.671-0800][75021303ms] GC(19979) Metaspace: 304631K->304631K(1347584K)
[2023-11-10T11:23:37.671-0800][75021303ms] GC(19979) Pause Young (Normal) (G1 Evacuation Pause) 3234M->2782M(3602M) 6.746ms
[2023-11-10T11:23:37.671-0800][75021303ms] GC(19979) User=0.00s Sys=0.00s Real=0.01s
[2023-11-10T11:23:38.239-0800][75021871ms] GC(19980) Pause Young (Normal) (G1 Evacuation Pause)
[2023-11-10T11:23:38.239-0800][75021871ms] GC(19980) Using 10 workers of 10 for evacuation
[2023-11-10T11:23:38.245-0800][75021877ms] GC(19980)   Pre Evacuate Collection Set: 0.0ms
[2023-11-10T11:23:38.245-0800][75021877ms] GC(19980)   Evacuate Collection Set: 1.6ms
[2023-11-10T11:23:38.245-0800][75021877ms] GC(19980)   Post Evacuate Collection Set: 3.3ms
[2023-11-10T11:23:38.245-0800][75021877ms] GC(19980)   Other: 0.2ms
[2023-11-10T11:23:38.245-0800][75021877ms] GC(19980) Eden regions: 226->0(226)
[2023-11-10T11:23:38.245-0800][75021877ms] GC(19980) Survivor regions: 1->1(29)
[2023-11-10T11:23:38.245-0800][75021877ms] GC(19980) Old regions: 1386->1386
[2023-11-10T11:23:38.245-0800][75021877ms] GC(19980) Humongous regions: 5->5
[2023-11-10T11:23:38.245-0800][75021877ms] GC(19980) Metaspace: 304631K->304631K(1347584K)
[2023-11-10T11:23:38.245-0800][75021877ms] GC(19980) Pause Young (Normal) (G1 Evacuation Pause) 3234M->2782M(3602M) 5.255ms
[2023-11-10T11:23:38.245-0800][75021877ms] GC(19980) User=0.03s Sys=0.00s Real=0.01s
[2023-11-10T11:23:38.730-0800][75022362ms] GC(19981) Pause Young (Normal) (G1 Evacuation Pause)
[2023-11-10T11:23:38.730-0800][75022362ms] GC(19981) Using 10 workers of 10 for evacuation
[2023-11-10T11:23:38.736-0800][75022368ms] GC(19981)   Pre Evacuate Collection Set: 0.0ms
[2023-11-10T11:23:38.736-0800][75022368ms] GC(19981)   Evacuate Collection Set: 1.8ms
[2023-11-10T11:23:38.736-0800][75022368ms] GC(19981)   Post Evacuate Collection Set: 3.2ms
[2023-11-10T11:23:38.736-0800][75022368ms] GC(19981)   Other: 0.3ms
[2023-11-10T11:23:38.736-0800][75022368ms] GC(19981) Eden regions: 226->0(226)
[2023-11-10T11:23:38.736-0800][75022368ms] GC(19981) Survivor regions: 1->1(29)
[2023-11-10T11:23:38.736-0800][75022368ms] GC(19981) Old regions: 1386->1386
[2023-11-10T11:23:38.736-0800][75022368ms] GC(19981) Humongous regions: 5->5
[2023-11-10T11:23:38.736-0800][75022368ms] GC(19981) Metaspace: 304631K->304631K(1347584K)
[2023-11-10T11:23:38.736-0800][75022368ms] GC(19981) Pause Young (Normal) (G1 Evacuation Pause) 3234M->2782M(3602M) 5.480ms
[2023-11-10T11:23:38.736-0800][75022368ms] GC(19981) User=0.00s Sys=0.00s Real=0.01s
[2023-11-10T11:23:39.301-0800][75022933ms] GC(19982) Pause Young (Normal) (G1 Evacuation Pause)
[2023-11-10T11:23:39.301-0800][75022933ms] GC(19982) Using 10 workers of 10 for evacuation
[2023-11-10T11:23:39.306-0800][75022938ms] GC(19982)   Pre Evacuate Collection Set: 0.0ms
[2023-11-10T11:23:39.306-0800][75022938ms] GC(19982)   Evacuate Collection Set: 2.0ms
[2023-11-10T11:23:39.306-0800][75022938ms] GC(19982)   Post Evacuate Collection Set: 3.8ms
[2023-11-10T11:23:39.306-0800][75022938ms] GC(19982)   Other: 0.3ms
[2023-11-10T11:23:39.306-0800][75022938ms] GC(19982) Eden regions: 226->0(226)
[2023-11-10T11:23:39.306-0800][75022938ms] GC(19982) Survivor regions: 1->1(29)
[2023-11-10T11:23:39.306-0800][75022938ms] GC(19982) Old regions: 1386->1386
[2023-11-10T11:23:39.306-0800][75022938ms] GC(19982) Humongous regions: 5->5
[2023-11-10T11:23:39.306-0800][75022938ms] GC(19982) Metaspace: 304631K->304631K(1347584K)
[2023-11-10T11:23:39.306-0800][75022938ms] GC(19982) Pause Young (Normal) (G1 Evacuation Pause) 3234M->2782M(3602M) 6.235ms
[2023-11-10T11:23:39.306-0800][75022938ms] GC(19982) User=0.00s Sys=0.00s Real=0.00s
[2023-11-10T11:23:39.790-0800][75023422ms] GC(19983) Pause Young (Normal) (G1 Evacuation Pause)
[2023-11-10T11:23:39.791-0800][75023423ms] GC(19983) Using 10 workers of 10 for evacuation
[2023-11-10T11:23:39.795-0800][75023427ms] GC(19983)   Pre Evacuate Collection Set: 0.0ms
[2023-11-10T11:23:39.796-0800][75023428ms] GC(19983)   Evacuate Collection Set: 1.7ms
[2023-11-10T11:23:39.796-0800][75023428ms] GC(19983)   Post Evacuate Collection Set: 3.3ms
[2023-11-10T11:23:39.796-0800][75023428ms] GC(19983)   Other: 0.3ms
[2023-11-10T11:23:39.796-0800][75023428ms] GC(19983) Eden regions: 226->0(226)
[2023-11-10T11:23:39.796-0800][75023428ms] GC(19983) Survivor regions: 1->1(29)
[2023-11-10T11:23:39.796-0800][75023428ms] GC(19983) Old regions: 1386->1386
[2023-11-10T11:23:39.796-0800][75023428ms] GC(19983) Humongous regions: 5->5
[2023-11-10T11:23:39.796-0800][75023428ms] GC(19983) Metaspace: 304631K->304631K(1347584K)
[2023-11-10T11:23:39.796-0800][75023428ms] GC(19983) Pause Young (Normal) (G1 Evacuation Pause) 3234M->2782M(3602M) 5.391ms
[2023-11-10T11:23:39.796-0800][75023428ms] GC(19983) User=0.00s Sys=0.00s Real=0.01s
[2023-11-10T11:23:40.421-0800][75024053ms] GC(19984) Pause Young (Normal) (G1 Evacuation Pause)
[2023-11-10T11:23:40.421-0800][75024053ms] GC(19984) Using 10 workers of 10 for evacuation
[2023-11-10T11:23:40.427-0800][75024059ms] GC(19984)   Pre Evacuate Collection Set: 0.1ms
[2023-11-10T11:23:40.427-0800][75024059ms] GC(19984)   Evacuate Collection Set: 1.8ms
[2023-11-10T11:23:40.427-0800][75024059ms] GC(19984)   Post Evacuate Collection Set: 4.7ms
[2023-11-10T11:23:40.427-0800][75024059ms] GC(19984)   Other: 0.4ms
[2023-11-10T11:23:40.427-0800][75024059ms] GC(19984) Eden regions: 226->0(226)
[2023-11-10T11:23:40.427-0800][75024059ms] GC(19984) Survivor regions: 1->1(29)
[2023-11-10T11:23:40.427-0800][75024059ms] GC(19984) Old regions: 1386->1386
[2023-11-10T11:23:40.427-0800][75024059ms] GC(19984) Humongous regions: 5->5
[2023-11-10T11:23:40.427-0800][75024059ms] GC(19984) Metaspace: 304631K->304631K(1347584K)
[2023-11-10T11:23:40.427-0800][75024059ms] GC(19984) Pause Young (Normal) (G1 Evacuation Pause) 3234M->2782M(3602M) 7.047ms
[2023-11-10T11:23:40.427-0800][75024059ms] GC(19984) User=0.00s Sys=0.00s Real=0.01s
[2023-11-10T11:23:40.964-0800][75024596ms] GC(19985) Pause Young (Normal) (G1 Evacuation Pause)
[2023-11-10T11:23:40.964-0800][75024596ms] GC(19985) Using 10 workers of 10 for evacuation
[2023-11-10T11:23:40.969-0800][75024601ms] GC(19985)   Pre Evacuate Collection Set: 0.0ms
[2023-11-10T11:23:40.969-0800][75024601ms] GC(19985)   Evacuate Collection Set: 1.7ms
[2023-11-10T11:23:40.969-0800][75024601ms] GC(19985)   Post Evacuate Collection Set: 3.1ms
[2023-11-10T11:23:40.969-0800][75024601ms] GC(19985)   Other: 0.2ms
[2023-11-10T11:23:40.969-0800][75024601ms] GC(19985) Eden regions: 226->0(226)
[2023-11-10T11:23:40.969-0800][75024601ms] GC(19985) Survivor regions: 1->1(29)
[2023-11-10T11:23:40.969-0800][75024601ms] GC(19985) Old regions: 1386->1386
[2023-11-10T11:23:40.969-0800][75024601ms] GC(19985) Humongous regions: 5->5
[2023-11-10T11:23:40.969-0800][75024601ms] GC(19985) Metaspace: 304631K->304631K(1347584K)
[2023-11-10T11:23:40.969-0800][75024601ms] GC(19985) Pause Young (Normal) (G1 Evacuation Pause) 3234M->2782M(3602M) 5.202ms
[2023-11-10T11:23:40.969-0800][75024601ms] GC(19985) User=0.00s Sys=0.00s Real=0.01s
[2023-11-10T11:23:41.486-0800][75025118ms] GC(19986) Pause Young (Normal) (G1 Evacuation Pause)
[2023-11-10T11:23:41.486-0800][75025118ms] GC(19986) Using 10 workers of 10 for evacuation
[2023-11-10T11:23:41.491-0800][75025123ms] GC(19986)   Pre Evacuate Collection Set: 0.1ms
[2023-11-10T11:23:41.491-0800][75025123ms] GC(19986)   Evacuate Collection Set: 1.7ms
[2023-11-10T11:23:41.491-0800][75025123ms] GC(19986)   Post Evacuate Collection Set: 3.2ms
[2023-11-10T11:23:41.491-0800][75025123ms] GC(19986)   Other: 0.3ms
[2023-11-10T11:23:41.491-0800][75025123ms] GC(19986) Eden regions: 226->0(226)
[2023-11-10T11:23:41.491-0800][75025123ms] GC(19986) Survivor regions: 1->1(29)
[2023-11-10T11:23:41.491-0800][75025123ms] GC(19986) Old regions: 1386->1386
[2023-11-10T11:23:41.491-0800][75025123ms] GC(19986) Humongous regions: 5->5
[2023-11-10T11:23:41.491-0800][75025123ms] GC(19986) Metaspace: 304631K->304631K(1347584K)
[2023-11-10T11:23:41.492-0800][75025124ms] GC(19986) Pause Young (Normal) (G1 Evacuation Pause) 3234M->2783M(3602M) 5.488ms
[2023-11-10T11:23:41.492-0800][75025124ms] GC(19986) User=0.00s Sys=0.00s Real=0.01s
[2023-11-10T11:23:42.052-0800][75025684ms] GC(19987) Pause Young (Normal) (G1 Evacuation Pause)
[2023-11-10T11:23:42.052-0800][75025684ms] GC(19987) Using 10 workers of 10 for evacuation
[2023-11-10T11:23:42.058-0800][75025690ms] GC(19987)   Pre Evacuate Collection Set: 0.0ms
[2023-11-10T11:23:42.058-0800][75025690ms] GC(19987)   Evacuate Collection Set: 2.2ms
[2023-11-10T11:23:42.058-0800][75025690ms] GC(19987)   Post Evacuate Collection Set: 4.2ms
[2023-11-10T11:23:42.058-0800][75025690ms] GC(19987)   Other: 0.3ms
[2023-11-10T11:23:42.058-0800][75025690ms] GC(19987) Eden regions: 226->0(226)
[2023-11-10T11:23:42.058-0800][75025690ms] GC(19987) Survivor regions: 1->1(29)
[2023-11-10T11:23:42.058-0800][75025690ms] GC(19987) Old regions: 1386->1386
[2023-11-10T11:23:42.058-0800][75025690ms] GC(19987) Humongous regions: 5->5
[2023-11-10T11:23:42.058-0800][75025690ms] GC(19987) Metaspace: 304631K->304631K(1347584K)
[2023-11-10T11:23:42.058-0800][75025690ms] GC(19987) Pause Young (Normal) (G1 Evacuation Pause) 3235M->2782M(3602M) 6.806ms
[2023-11-10T11:23:42.058-0800][75025690ms] GC(19987) User=0.02s Sys=0.00s Real=0.01s
[2023-11-10T11:23:42.582-0800][75026214ms] GC(19988) Pause Young (Normal) (G1 Evacuation Pause)
[2023-11-10T11:23:42.582-0800][75026214ms] GC(19988) Using 10 workers of 10 for evacuation
[2023-11-10T11:23:42.589-0800][75026221ms] GC(19988)   Pre Evacuate Collection Set: 0.0ms
[2023-11-10T11:23:42.589-0800][75026221ms] GC(19988)   Evacuate Collection Set: 2.0ms
[2023-11-10T11:23:42.589-0800][75026221ms] GC(19988)   Post Evacuate Collection Set: 4.8ms
[2023-11-10T11:23:42.589-0800][75026221ms] GC(19988)   Other: 0.3ms
[2023-11-10T11:23:42.589-0800][75026221ms] GC(19988) Eden regions: 226->0(226)
[2023-11-10T11:23:42.590-0800][75026222ms] GC(19988) Survivor regions: 1->1(29)
[2023-11-10T11:23:42.590-0800][75026222ms] GC(19988) Old regions: 1386->1386
[2023-11-10T11:23:42.590-0800][75026222ms] GC(19988) Humongous regions: 5->5
[2023-11-10T11:23:42.590-0800][75026222ms] GC(19988) Metaspace: 304631K->304631K(1347584K)
[2023-11-10T11:23:42.590-0800][75026222ms] GC(19988) Pause Young (Normal) (G1 Evacuation Pause) 3234M->2783M(3602M) 7.326ms
[2023-11-10T11:23:42.590-0800][75026222ms] GC(19988) User=0.02s Sys=0.00s Real=0.01s
[2023-11-10T11:23:43.169-0800][75026801ms] GC(19989) Pause Young (Normal) (G1 Evacuation Pause)
[2023-11-10T11:23:43.169-0800][75026801ms] GC(19989) Using 10 workers of 10 for evacuation
[2023-11-10T11:23:43.175-0800][75026807ms] GC(19989)   Pre Evacuate Collection Set: 0.1ms
[2023-11-10T11:23:43.175-0800][75026807ms] GC(19989)   Evacuate Collection Set: 1.9ms
[2023-11-10T11:23:43.175-0800][75026807ms] GC(19989)   Post Evacuate Collection Set: 3.4ms
[2023-11-10T11:23:43.175-0800][75026807ms] GC(19989)   Other: 0.3ms
[2023-11-10T11:23:43.175-0800][75026807ms] GC(19989) Eden regions: 226->0(226)
[2023-11-10T11:23:43.175-0800][75026807ms] GC(19989) Survivor regions: 1->1(29)
[2023-11-10T11:23:43.175-0800][75026807ms] GC(19989) Old regions: 1386->1386
[2023-11-10T11:23:43.175-0800][75026807ms] GC(19989) Humongous regions: 5->5
[2023-11-10T11:23:43.175-0800][75026807ms] GC(19989) Metaspace: 304631K->304631K(1347584K)
[2023-11-10T11:23:43.175-0800][75026807ms] GC(19989) Pause Young (Normal) (G1 Evacuation Pause) 3235M->2782M(3602M) 5.774ms
[2023-11-10T11:23:43.175-0800][75026807ms] GC(19989) User=0.00s Sys=0.00s Real=0.01s
[2023-11-10T11:23:43.691-0800][75027323ms] GC(19990) Pause Young (Normal) (G1 Evacuation Pause)
[2023-11-10T11:23:43.691-0800][75027323ms] GC(19990) Using 10 workers of 10 for evacuation
[2023-11-10T11:23:43.697-0800][75027329ms] GC(19990)   Pre Evacuate Collection Set: 0.1ms
[2023-11-10T11:23:43.697-0800][75027329ms] GC(19990)   Evacuate Collection Set: 2.2ms
[2023-11-10T11:23:43.697-0800][75027329ms] GC(19990)   Post Evacuate Collection Set: 3.4ms
[2023-11-10T11:23:43.697-0800][75027329ms] GC(19990)   Other: 0.3ms
[2023-11-10T11:23:43.697-0800][75027329ms] GC(19990) Eden regions: 226->0(225)
[2023-11-10T11:23:43.697-0800][75027329ms] GC(19990) Survivor regions: 1->1(29)
[2023-11-10T11:23:43.697-0800][75027329ms] GC(19990) Old regions: 1386->1387
[2023-11-10T11:23:43.697-0800][75027329ms] GC(19990) Humongous regions: 5->5
[2023-11-10T11:23:43.697-0800][75027329ms] GC(19990) Metaspace: 304631K->304631K(1347584K)
[2023-11-10T11:23:43.697-0800][75027329ms] GC(19990) Pause Young (Normal) (G1 Evacuation Pause) 3234M->2782M(3602M) 6.136ms
[2023-11-10T11:23:43.697-0800][75027329ms] GC(19990) User=0.02s Sys=0.00s Real=0.01s
[2023-11-10T11:23:44.267-0800][75027899ms] GC(19991) Pause Young (Normal) (G1 Evacuation Pause)
[2023-11-10T11:23:44.267-0800][75027899ms] GC(19991) Using 10 workers of 10 for evacuation
[2023-11-10T11:23:44.274-0800][75027906ms] GC(19991)   Pre Evacuate Collection Set: 0.1ms
[2023-11-10T11:23:44.274-0800][75027906ms] GC(19991)   Evacuate Collection Set: 2.5ms
[2023-11-10T11:23:44.274-0800][75027906ms] GC(19991)   Post Evacuate Collection Set: 3.4ms
[2023-11-10T11:23:44.274-0800][75027906ms] GC(19991)   Other: 0.4ms
[2023-11-10T11:23:44.274-0800][75027906ms] GC(19991) Eden regions: 225->0(225)
[2023-11-10T11:23:44.274-0800][75027906ms] GC(19991) Survivor regions: 1->1(29)
[2023-11-10T11:23:44.274-0800][75027906ms] GC(19991) Old regions: 1387->1387
[2023-11-10T11:23:44.274-0800][75027906ms] GC(19991) Humongous regions: 5->5
[2023-11-10T11:23:44.274-0800][75027906ms] GC(19991) Metaspace: 304631K->304631K(1347584K)
[2023-11-10T11:23:44.274-0800][75027906ms] GC(19991) Pause Young (Normal) (G1 Evacuation Pause) 3232M->2782M(3602M) 6.409ms
[2023-11-10T11:23:44.274-0800][75027906ms] GC(19991) User=0.00s Sys=0.00s Real=0.01s
[2023-11-10T11:23:44.789-0800][75028421ms] GC(19992) Pause Young (Normal) (G1 Evacuation Pause)
[2023-11-10T11:23:44.789-0800][75028421ms] GC(19992) Using 10 workers of 10 for evacuation
[2023-11-10T11:23:44.795-0800][75028427ms] GC(19992)   Pre Evacuate Collection Set: 0.0ms
[2023-11-10T11:23:44.795-0800][75028427ms] GC(19992)   Evacuate Collection Set: 2.6ms
[2023-11-10T11:23:44.795-0800][75028427ms] GC(19992)   Post Evacuate Collection Set: 3.6ms
[2023-11-10T11:23:44.796-0800][75028428ms] GC(19992)   Other: 0.3ms
[2023-11-10T11:23:44.796-0800][75028428ms] GC(19992) Eden regions: 225->0(225)
[2023-11-10T11:23:44.796-0800][75028428ms] GC(19992) Survivor regions: 1->1(29)
[2023-11-10T11:23:44.796-0800][75028428ms] GC(19992) Old regions: 1387->1387
[2023-11-10T11:23:44.796-0800][75028428ms] GC(19992) Humongous regions: 5->5
[2023-11-10T11:23:44.796-0800][75028428ms] GC(19992) Metaspace: 304631K->304631K(1347584K)
[2023-11-10T11:23:44.796-0800][75028428ms] GC(19992) Pause Young (Normal) (G1 Evacuation Pause) 3232M->2782M(3602M) 6.621ms
[2023-11-10T11:23:44.796-0800][75028428ms] GC(19992) User=0.00s Sys=0.00s Real=0.01s
[2023-11-10T11:23:45.356-0800][75028988ms] GC(19993) Pause Young (Normal) (G1 Evacuation Pause)
[2023-11-10T11:23:45.356-0800][75028988ms] GC(19993) Using 10 workers of 10 for evacuation
[2023-11-10T11:23:45.361-0800][75028993ms] GC(19993)   Pre Evacuate Collection Set: 0.0ms
[2023-11-10T11:23:45.361-0800][75028993ms] GC(19993)   Evacuate Collection Set: 1.9ms
[2023-11-10T11:23:45.361-0800][75028993ms] GC(19993)   Post Evacuate Collection Set: 3.1ms
[2023-11-10T11:23:45.361-0800][75028993ms] GC(19993)   Other: 0.3ms
[2023-11-10T11:23:45.361-0800][75028993ms] GC(19993) Eden regions: 225->0(225)
[2023-11-10T11:23:45.361-0800][75028993ms] GC(19993) Survivor regions: 1->1(29)
[2023-11-10T11:23:45.361-0800][75028993ms] GC(19993) Old regions: 1387->1387
[2023-11-10T11:23:45.361-0800][75028993ms] GC(19993) Humongous regions: 5->5
[2023-11-10T11:23:45.361-0800][75028993ms] GC(19993) Metaspace: 304631K->304631K(1347584K)
[2023-11-10T11:23:45.361-0800][75028993ms] GC(19993) Pause Young (Normal) (G1 Evacuation Pause) 3232M->2782M(3602M) 5.412ms
[2023-11-10T11:23:45.362-0800][75028994ms] GC(19993) User=0.00s Sys=0.00s Real=0.01s
[2023-11-10T11:23:45.948-0800][75029580ms] GC(19994) Pause Young (Normal) (G1 Evacuation Pause)
[2023-11-10T11:23:45.948-0800][75029580ms] GC(19994) Using 10 workers of 10 for evacuation
[2023-11-10T11:23:45.955-0800][75029587ms] GC(19994)   Pre Evacuate Collection Set: 0.1ms
[2023-11-10T11:23:45.955-0800][75029587ms] GC(19994)   Evacuate Collection Set: 2.1ms
[2023-11-10T11:23:45.955-0800][75029587ms] GC(19994)   Post Evacuate Collection Set: 5.1ms
[2023-11-10T11:23:45.955-0800][75029587ms] GC(19994)   Other: 0.3ms
[2023-11-10T11:23:45.955-0800][75029587ms] GC(19994) Eden regions: 225->0(226)
[2023-11-10T11:23:45.955-0800][75029587ms] GC(19994) Survivor regions: 1->1(29)
[2023-11-10T11:23:45.955-0800][75029587ms] GC(19994) Old regions: 1387->1387
[2023-11-10T11:23:45.955-0800][75029587ms] GC(19994) Humongous regions: 5->5
[2023-11-10T11:23:45.955-0800][75029587ms] GC(19994) Metaspace: 304631K->304631K(1347584K)
[2023-11-10T11:23:45.955-0800][75029587ms] GC(19994) Pause Young (Normal) (G1 Evacuation Pause) 3232M->2782M(3602M) 7.698ms
[2023-11-10T11:23:45.955-0800][75029587ms] GC(19994) User=0.00s Sys=0.00s Real=0.01s
[2023-11-10T11:23:46.556-0800][75030188ms] GC(19995) Pause Young (Normal) (G1 Evacuation Pause)
[2023-11-10T11:23:46.556-0800][75030188ms] GC(19995) Using 10 workers of 10 for evacuation
[2023-11-10T11:23:46.560-0800][75030192ms] GC(19995)   Pre Evacuate Collection Set: 0.0ms
[2023-11-10T11:23:46.561-0800][75030193ms] GC(19995)   Evacuate Collection Set: 1.7ms
[2023-11-10T11:23:46.561-0800][75030193ms] GC(19995)   Post Evacuate Collection Set: 3.1ms
[2023-11-10T11:23:46.561-0800][75030193ms] GC(19995)   Other: 0.3ms
[2023-11-10T11:23:46.561-0800][75030193ms] GC(19995) Eden regions: 226->0(226)
[2023-11-10T11:23:46.561-0800][75030193ms] GC(19995) Survivor regions: 1->1(29)
[2023-11-10T11:23:46.561-0800][75030193ms] GC(19995) Old regions: 1387->1387
[2023-11-10T11:23:46.561-0800][75030193ms] GC(19995) Humongous regions: 5->5
[2023-11-10T11:23:46.561-0800][75030193ms] GC(19995) Metaspace: 304631K->304631K(1347584K)
[2023-11-10T11:23:46.561-0800][75030193ms] GC(19995) Pause Young (Normal) (G1 Evacuation Pause) 3234M->2782M(3602M) 5.196ms
[2023-11-10T11:23:46.561-0800][75030193ms] GC(19995) User=0.00s Sys=0.00s Real=0.01s
[2023-11-10T11:23:47.097-0800][75030729ms] GC(19996) Pause Young (Normal) (G1 Evacuation Pause)
[2023-11-10T11:23:47.097-0800][75030729ms] GC(19996) Using 10 workers of 10 for evacuation
[2023-11-10T11:23:47.102-0800][75030734ms] GC(19996)   Pre Evacuate Collection Set: 0.1ms
[2023-11-10T11:23:47.102-0800][75030734ms] GC(19996)   Evacuate Collection Set: 1.7ms
[2023-11-10T11:23:47.102-0800][75030734ms] GC(19996)   Post Evacuate Collection Set: 3.1ms
[2023-11-10T11:23:47.102-0800][75030734ms] GC(19996)   Other: 0.3ms
[2023-11-10T11:23:47.102-0800][75030734ms] GC(19996) Eden regions: 226->0(225)
[2023-11-10T11:23:47.102-0800][75030734ms] GC(19996) Survivor regions: 1->1(29)
[2023-11-10T11:23:47.102-0800][75030734ms] GC(19996) Old regions: 1387->1387
[2023-11-10T11:23:47.102-0800][75030734ms] GC(19996) Humongous regions: 5->5
[2023-11-10T11:23:47.102-0800][75030734ms] GC(19996) Metaspace: 304631K->304631K(1347584K)
[2023-11-10T11:23:47.102-0800][75030734ms] GC(19996) Pause Young (Normal) (G1 Evacuation Pause) 3234M->2783M(3602M) 5.288ms
[2023-11-10T11:23:47.102-0800][75030734ms] GC(19996) User=0.00s Sys=0.00s Real=0.01s
[2023-11-10T11:23:47.636-0800][75031268ms] GC(19997) Pause Young (Normal) (G1 Evacuation Pause)
[2023-11-10T11:23:47.636-0800][75031268ms] GC(19997) Using 10 workers of 10 for evacuation
[2023-11-10T11:23:47.642-0800][75031274ms] GC(19997)   Pre Evacuate Collection Set: 0.0ms
[2023-11-10T11:23:47.642-0800][75031274ms] GC(19997)   Evacuate Collection Set: 1.7ms
[2023-11-10T11:23:47.642-0800][75031274ms] GC(19997)   Post Evacuate Collection Set: 3.0ms
[2023-11-10T11:23:47.642-0800][75031274ms] GC(19997)   Other: 0.3ms
[2023-11-10T11:23:47.642-0800][75031274ms] GC(19997) Eden regions: 225->0(225)
[2023-11-10T11:23:47.642-0800][75031274ms] GC(19997) Survivor regions: 1->1(29)
[2023-11-10T11:23:47.642-0800][75031274ms] GC(19997) Old regions: 1387->1387
[2023-11-10T11:23:47.642-0800][75031274ms] GC(19997) Humongous regions: 5->5
[2023-11-10T11:23:47.642-0800][75031274ms] GC(19997) Metaspace: 304631K->304631K(1347584K)
[2023-11-10T11:23:47.642-0800][75031274ms] GC(19997) Pause Young (Normal) (G1 Evacuation Pause) 3233M->2782M(3602M) 5.013ms
[2023-11-10T11:23:47.642-0800][75031274ms] GC(19997) User=0.00s Sys=0.00s Real=0.01s
[2023-11-10T11:23:48.199-0800][75031831ms] GC(19998) Pause Young (Normal) (G1 Evacuation Pause)
[2023-11-10T11:23:48.199-0800][75031831ms] GC(19998) Using 10 workers of 10 for evacuation
[2023-11-10T11:23:48.205-0800][75031837ms] GC(19998)   Pre Evacuate Collection Set: 0.1ms
[2023-11-10T11:23:48.205-0800][75031837ms] GC(19998)   Evacuate Collection Set: 1.7ms
[2023-11-10T11:23:48.205-0800][75031837ms] GC(19998)   Post Evacuate Collection Set: 3.7ms
[2023-11-10T11:23:48.205-0800][75031837ms] GC(19998)   Other: 0.3ms
[2023-11-10T11:23:48.205-0800][75031837ms] GC(19998) Eden regions: 225->0(225)
[2023-11-10T11:23:48.205-0800][75031837ms] GC(19998) Survivor regions: 1->1(29)
[2023-11-10T11:23:48.205-0800][75031837ms] GC(19998) Old regions: 1387->1387
[2023-11-10T11:23:48.205-0800][75031837ms] GC(19998) Humongous regions: 5->5
[2023-11-10T11:23:48.205-0800][75031837ms] GC(19998) Metaspace: 304631K->304631K(1347584K)
[2023-11-10T11:23:48.205-0800][75031837ms] GC(19998) Pause Young (Normal) (G1 Evacuation Pause) 3232M->2782M(3602M) 5.964ms
[2023-11-10T11:23:48.205-0800][75031837ms] GC(19998) User=0.00s Sys=0.00s Real=0.01s
[2023-11-10T11:23:48.752-0800][75032384ms] GC(19999) Pause Young (Normal) (G1 Evacuation Pause)
[2023-11-10T11:23:48.752-0800][75032384ms] GC(19999) Using 10 workers of 10 for evacuation
[2023-11-10T11:23:48.758-0800][75032390ms] GC(19999)   Pre Evacuate Collection Set: 0.0ms
[2023-11-10T11:23:48.758-0800][75032390ms] GC(19999)   Evacuate Collection Set: 1.7ms
[2023-11-10T11:23:48.758-0800][75032390ms] GC(19999)   Post Evacuate Collection Set: 3.1ms
[2023-11-10T11:23:48.758-0800][75032390ms] GC(19999)   Other: 0.2ms
[2023-11-10T11:23:48.758-0800][75032390ms] GC(19999) Eden regions: 225->0(225)
[2023-11-10T11:23:48.758-0800][75032390ms] GC(19999) Survivor regions: 1->1(29)
[2023-11-10T11:23:48.758-0800][75032390ms] GC(19999) Old regions: 1387->1387
[2023-11-10T11:23:48.758-0800][75032390ms] GC(19999) Humongous regions: 5->5
[2023-11-10T11:23:48.758-0800][75032390ms] GC(19999) Metaspace: 304631K->304631K(1347584K)
[2023-11-10T11:23:48.758-0800][75032390ms] GC(19999) Pause Young (Normal) (G1 Evacuation Pause) 3232M->2782M(3602M) 5.145ms
[2023-11-10T11:23:48.758-0800][75032390ms] GC(19999) User=0.00s Sys=0.00s Real=0.01s
[2023-11-10T11:23:49.217-0800][75032849ms] GC(20000) Pause Young (Normal) (G1 Evacuation Pause)
[2023-11-10T11:23:49.217-0800][75032849ms] GC(20000) Using 10 workers of 10 for evacuation
[2023-11-10T11:23:49.222-0800][75032854ms] GC(20000)   Pre Evacuate Collection Set: 0.0ms
[2023-11-10T11:23:49.222-0800][75032854ms] GC(20000)   Evacuate Collection Set: 1.8ms
[2023-11-10T11:23:49.222-0800][75032854ms] GC(20000)   Post Evacuate Collection Set: 2.9ms
[2023-11-10T11:23:49.222-0800][75032854ms] GC(20000)   Other: 0.3ms
[2023-11-10T11:23:49.222-0800][75032854ms] GC(20000) Eden regions: 225->0(226)
[2023-11-10T11:23:49.222-0800][75032854ms] GC(20000) Survivor regions: 1->1(29)
[2023-11-10T11:23:49.222-0800][75032854ms] GC(20000) Old regions: 1387->1387
[2023-11-10T11:23:49.222-0800][75032854ms] GC(20000) Humongous regions: 5->5
[2023-11-10T11:23:49.222-0800][75032854ms] GC(20000) Metaspace: 304631K->304631K(1347584K)
[2023-11-10T11:23:49.222-0800][75032854ms] GC(20000) Pause Young (Normal) (G1 Evacuation Pause) 3232M->2782M(3602M) 5.137ms
[2023-11-10T11:23:49.222-0800][75032854ms] GC(20000) User=0.00s Sys=0.00s Real=0.00s
[2023-11-10T11:23:49.797-0800][75033429ms] GC(20001) Pause Young (Normal) (G1 Evacuation Pause)
[2023-11-10T11:23:49.797-0800][75033429ms] GC(20001) Using 10 workers of 10 for evacuation
[2023-11-10T11:23:49.802-0800][75033434ms] GC(20001)   Pre Evacuate Collection Set: 0.0ms
[2023-11-10T11:23:49.802-0800][75033434ms] GC(20001)   Evacuate Collection Set: 1.8ms
[2023-11-10T11:23:49.802-0800][75033434ms] GC(20001)   Post Evacuate Collection Set: 3.2ms
[2023-11-10T11:23:49.802-0800][75033434ms] GC(20001)   Other: 0.2ms
[2023-11-10T11:23:49.802-0800][75033434ms] GC(20001) Eden regions: 226->0(226)
[2023-11-10T11:23:49.802-0800][75033434ms] GC(20001) Survivor regions: 1->1(29)
[2023-11-10T11:23:49.802-0800][75033434ms] GC(20001) Old regions: 1387->1387
[2023-11-10T11:23:49.802-0800][75033434ms] GC(20001) Humongous regions: 5->5
[2023-11-10T11:23:49.802-0800][75033434ms] GC(20001) Metaspace: 304631K->304631K(1347584K)
[2023-11-10T11:23:49.802-0800][75033434ms] GC(20001) Pause Young (Normal) (G1 Evacuation Pause) 3234M->2782M(3602M) 5.355ms
[2023-11-10T11:23:49.802-0800][75033434ms] GC(20001) User=0.00s Sys=0.00s Real=0.01s
[2023-11-10T11:23:50.329-0800][75033961ms] GC(20002) Pause Young (Normal) (G1 Evacuation Pause)
[2023-11-10T11:23:50.329-0800][75033961ms] GC(20002) Using 10 workers of 10 for evacuation
[2023-11-10T11:23:50.335-0800][75033967ms] GC(20002)   Pre Evacuate Collection Set: 0.0ms
[2023-11-10T11:23:50.335-0800][75033967ms] GC(20002)   Evacuate Collection Set: 1.7ms
[2023-11-10T11:23:50.335-0800][75033967ms] GC(20002)   Post Evacuate Collection Set: 3.0ms
[2023-11-10T11:23:50.335-0800][75033967ms] GC(20002)   Other: 0.2ms
[2023-11-10T11:23:50.335-0800][75033967ms] GC(20002) Eden regions: 226->0(226)
[2023-11-10T11:23:50.335-0800][75033967ms] GC(20002) Survivor regions: 1->1(29)
[2023-11-10T11:23:50.335-0800][75033967ms] GC(20002) Old regions: 1387->1387
[2023-11-10T11:23:50.335-0800][75033967ms] GC(20002) Humongous regions: 5->5
[2023-11-10T11:23:50.335-0800][75033967ms] GC(20002) Metaspace: 304631K->304631K(1347584K)
[2023-11-10T11:23:50.335-0800][75033967ms] GC(20002) Pause Young (Normal) (G1 Evacuation Pause) 3234M->2782M(3602M) 5.085ms
[2023-11-10T11:23:50.335-0800][75033967ms] GC(20002) User=0.00s Sys=0.00s Real=0.01s
[2023-11-10T11:23:50.890-0800][75034522ms] GC(20003) Pause Young (Normal) (G1 Evacuation Pause)
[2023-11-10T11:23:50.890-0800][75034522ms] GC(20003) Using 10 workers of 10 for evacuation
[2023-11-10T11:23:50.895-0800][75034527ms] GC(20003)   Pre Evacuate Collection Set: 0.0ms
[2023-11-10T11:23:50.895-0800][75034527ms] GC(20003)   Evacuate Collection Set: 1.6ms
[2023-11-10T11:23:50.895-0800][75034527ms] GC(20003)   Post Evacuate Collection Set: 3.1ms
[2023-11-10T11:23:50.895-0800][75034527ms] GC(20003)   Other: 0.2ms
[2023-11-10T11:23:50.895-0800][75034527ms] GC(20003) Eden regions: 226->0(226)
[2023-11-10T11:23:50.895-0800][75034527ms] GC(20003) Survivor regions: 1->1(29)
[2023-11-10T11:23:50.895-0800][75034527ms] GC(20003) Old regions: 1387->1387
[2023-11-10T11:23:50.895-0800][75034527ms] GC(20003) Humongous regions: 5->5
[2023-11-10T11:23:50.895-0800][75034527ms] GC(20003) Metaspace: 304631K->304631K(1347584K)
[2023-11-10T11:23:50.895-0800][75034527ms] GC(20003) Pause Young (Normal) (G1 Evacuation Pause) 3234M->2782M(3602M) 5.082ms
[2023-11-10T11:23:50.895-0800][75034527ms] GC(20003) User=0.00s Sys=0.00s Real=0.00s
[2023-11-10T11:23:51.502-0800][75035134ms] GC(20004) Pause Young (Normal) (G1 Evacuation Pause)
[2023-11-10T11:23:51.502-0800][75035134ms] GC(20004) Using 10 workers of 10 for evacuation
[2023-11-10T11:23:51.507-0800][75035139ms] GC(20004)   Pre Evacuate Collection Set: 0.0ms
[2023-11-10T11:23:51.507-0800][75035139ms] GC(20004)   Evacuate Collection Set: 1.6ms
[2023-11-10T11:23:51.507-0800][75035139ms] GC(20004)   Post Evacuate Collection Set: 3.5ms
[2023-11-10T11:23:51.507-0800][75035139ms] GC(20004)   Other: 0.3ms
[2023-11-10T11:23:51.508-0800][75035140ms] GC(20004) Eden regions: 226->0(226)
[2023-11-10T11:23:51.508-0800][75035140ms] GC(20004) Survivor regions: 1->1(29)
[2023-11-10T11:23:51.508-0800][75035140ms] GC(20004) Old regions: 1387->1387
[2023-11-10T11:23:51.508-0800][75035140ms] GC(20004) Humongous regions: 5->5
[2023-11-10T11:23:51.508-0800][75035140ms] GC(20004) Metaspace: 304631K->304631K(1347584K)
[2023-11-10T11:23:51.508-0800][75035140ms] GC(20004) Pause Young (Normal) (G1 Evacuation Pause) 3234M->2782M(3602M) 5.528ms
[2023-11-10T11:23:51.508-0800][75035140ms] GC(20004) User=0.00s Sys=0.00s Real=0.01s
[2023-11-10T11:23:52.133-0800][75035765ms] GC(20005) Pause Young (Normal) (G1 Evacuation Pause)
[2023-11-10T11:23:52.133-0800][75035765ms] GC(20005) Using 10 workers of 10 for evacuation
[2023-11-10T11:23:52.138-0800][75035770ms] GC(20005)   Pre Evacuate Collection Set: 0.0ms
[2023-11-10T11:23:52.138-0800][75035770ms] GC(20005)   Evacuate Collection Set: 1.7ms
[2023-11-10T11:23:52.138-0800][75035770ms] GC(20005)   Post Evacuate Collection Set: 3.1ms
[2023-11-10T11:23:52.138-0800][75035770ms] GC(20005)   Other: 0.4ms
[2023-11-10T11:23:52.138-0800][75035770ms] GC(20005) Eden regions: 226->0(226)
[2023-11-10T11:23:52.138-0800][75035770ms] GC(20005) Survivor regions: 1->1(29)
[2023-11-10T11:23:52.138-0800][75035770ms] GC(20005) Old regions: 1387->1387
[2023-11-10T11:23:52.138-0800][75035770ms] GC(20005) Humongous regions: 5->5
[2023-11-10T11:23:52.138-0800][75035770ms] GC(20005) Metaspace: 304631K->304631K(1347584K)
[2023-11-10T11:23:52.138-0800][75035770ms] GC(20005) Pause Young (Normal) (G1 Evacuation Pause) 3234M->2783M(3602M) 5.358ms
[2023-11-10T11:23:52.138-0800][75035770ms] GC(20005) User=0.00s Sys=0.00s Real=0.01s
[2023-11-10T11:23:52.690-0800][75036322ms] GC(20006) Pause Young (Normal) (G1 Evacuation Pause)
[2023-11-10T11:23:52.690-0800][75036322ms] GC(20006) Using 10 workers of 10 for evacuation
[2023-11-10T11:23:52.699-0800][75036331ms] GC(20006)   Pre Evacuate Collection Set: 0.1ms
[2023-11-10T11:23:52.699-0800][75036331ms] GC(20006)   Evacuate Collection Set: 3.5ms
[2023-11-10T11:23:52.699-0800][75036331ms] GC(20006)   Post Evacuate Collection Set: 3.8ms
[2023-11-10T11:23:52.699-0800][75036331ms] GC(20006)   Other: 0.4ms
[2023-11-10T11:23:52.699-0800][75036331ms] GC(20006) Eden regions: 226->0(226)
[2023-11-10T11:23:52.699-0800][75036331ms] GC(20006) Survivor regions: 1->1(29)
[2023-11-10T11:23:52.699-0800][75036331ms] GC(20006) Old regions: 1387->1387
[2023-11-10T11:23:52.699-0800][75036331ms] GC(20006) Humongous regions: 5->5
[2023-11-10T11:23:52.699-0800][75036331ms] GC(20006) Metaspace: 304631K->304631K(1347584K)
[2023-11-10T11:23:52.699-0800][75036331ms] GC(20006) Pause Young (Normal) (G1 Evacuation Pause) 3235M->2783M(3602M) 7.932ms
[2023-11-10T11:23:52.699-0800][75036331ms] GC(20006) User=0.02s Sys=0.00s Real=0.01s
[2023-11-10T11:23:53.286-0800][75036918ms] GC(20007) Pause Young (Normal) (G1 Evacuation Pause)
[2023-11-10T11:23:53.286-0800][75036918ms] GC(20007) Using 10 workers of 10 for evacuation
[2023-11-10T11:23:53.292-0800][75036924ms] GC(20007)   Pre Evacuate Collection Set: 0.0ms
[2023-11-10T11:23:53.292-0800][75036924ms] GC(20007)   Evacuate Collection Set: 1.7ms
[2023-11-10T11:23:53.292-0800][75036924ms] GC(20007)   Post Evacuate Collection Set: 3.7ms
[2023-11-10T11:23:53.292-0800][75036924ms] GC(20007)   Other: 0.3ms
[2023-11-10T11:23:53.292-0800][75036924ms] GC(20007) Eden regions: 226->0(226)
[2023-11-10T11:23:53.292-0800][75036924ms] GC(20007) Survivor regions: 1->1(29)
[2023-11-10T11:23:53.292-0800][75036924ms] GC(20007) Old regions: 1387->1387
[2023-11-10T11:23:53.292-0800][75036924ms] GC(20007) Humongous regions: 5->5
[2023-11-10T11:23:53.292-0800][75036924ms] GC(20007) Metaspace: 304631K->304631K(1347584K)
[2023-11-10T11:23:53.292-0800][75036924ms] GC(20007) Pause Young (Normal) (G1 Evacuation Pause) 3235M->2783M(3602M) 5.829ms
[2023-11-10T11:23:53.292-0800][75036924ms] GC(20007) User=0.02s Sys=0.00s Real=0.01s
[2023-11-10T11:23:53.829-0800][75037461ms] GC(20008) Pause Young (Normal) (G1 Evacuation Pause)
[2023-11-10T11:23:53.829-0800][75037461ms] GC(20008) Using 10 workers of 10 for evacuation
[2023-11-10T11:23:53.834-0800][75037466ms] GC(20008)   Pre Evacuate Collection Set: 0.0ms
[2023-11-10T11:23:53.834-0800][75037466ms] GC(20008)   Evacuate Collection Set: 1.7ms
[2023-11-10T11:23:53.834-0800][75037466ms] GC(20008)   Post Evacuate Collection Set: 3.3ms
[2023-11-10T11:23:53.834-0800][75037466ms] GC(20008)   Other: 0.3ms
[2023-11-10T11:23:53.834-0800][75037466ms] GC(20008) Eden regions: 226->0(226)
[2023-11-10T11:23:53.834-0800][75037466ms] GC(20008) Survivor regions: 1->1(29)
[2023-11-10T11:23:53.834-0800][75037467ms] GC(20008) Old regions: 1387->1387
[2023-11-10T11:23:53.835-0800][75037467ms] GC(20008) Humongous regions: 5->5
[2023-11-10T11:23:53.835-0800][75037467ms] GC(20008) Metaspace: 304631K->304631K(1347584K)
[2023-11-10T11:23:53.835-0800][75037467ms] GC(20008) Pause Young (Normal) (G1 Evacuation Pause) 3235M->2782M(3602M) 5.452ms
[2023-11-10T11:23:53.835-0800][75037467ms] GC(20008) User=0.02s Sys=0.00s Real=0.01s
[2023-11-10T11:23:54.398-0800][75038030ms] GC(20009) Pause Young (Normal) (G1 Evacuation Pause)
[2023-11-10T11:23:54.398-0800][75038030ms] GC(20009) Using 10 workers of 10 for evacuation
[2023-11-10T11:23:54.404-0800][75038036ms] GC(20009)   Pre Evacuate Collection Set: 0.1ms
[2023-11-10T11:23:54.404-0800][75038036ms] GC(20009)   Evacuate Collection Set: 1.9ms
[2023-11-10T11:23:54.404-0800][75038036ms] GC(20009)   Post Evacuate Collection Set: 3.4ms
[2023-11-10T11:23:54.404-0800][75038036ms] GC(20009)   Other: 0.4ms
[2023-11-10T11:23:54.404-0800][75038036ms] GC(20009) Eden regions: 226->0(226)
[2023-11-10T11:23:54.404-0800][75038036ms] GC(20009) Survivor regions: 1->1(29)
[2023-11-10T11:23:54.404-0800][75038036ms] GC(20009) Old regions: 1387->1387
[2023-11-10T11:23:54.404-0800][75038036ms] GC(20009) Humongous regions: 5->5
[2023-11-10T11:23:54.404-0800][75038036ms] GC(20009) Metaspace: 304631K->304631K(1347584K)
[2023-11-10T11:23:54.404-0800][75038036ms] GC(20009) Pause Young (Normal) (G1 Evacuation Pause) 3234M->2783M(3602M) 5.867ms
[2023-11-10T11:23:54.404-0800][75038036ms] GC(20009) User=0.00s Sys=0.00s Real=0.01s
[2023-11-10T11:23:55.005-0800][75038637ms] GC(20010) Pause Young (Normal) (G1 Evacuation Pause)
[2023-11-10T11:23:55.005-0800][75038637ms] GC(20010) Using 10 workers of 10 for evacuation
[2023-11-10T11:23:55.010-0800][75038642ms] GC(20010)   Pre Evacuate Collection Set: 0.0ms
[2023-11-10T11:23:55.010-0800][75038642ms] GC(20010)   Evacuate Collection Set: 1.8ms
[2023-11-10T11:23:55.010-0800][75038642ms] GC(20010)   Post Evacuate Collection Set: 3.5ms
[2023-11-10T11:23:55.010-0800][75038642ms] GC(20010)   Other: 0.3ms
[2023-11-10T11:23:55.010-0800][75038642ms] GC(20010) Eden regions: 226->0(226)
[2023-11-10T11:23:55.010-0800][75038642ms] GC(20010) Survivor regions: 1->1(29)
[2023-11-10T11:23:55.010-0800][75038642ms] GC(20010) Old regions: 1387->1387
[2023-11-10T11:23:55.010-0800][75038642ms] GC(20010) Humongous regions: 5->5
[2023-11-10T11:23:55.010-0800][75038642ms] GC(20010) Metaspace: 304631K->304631K(1347584K)
[2023-11-10T11:23:55.010-0800][75038642ms] GC(20010) Pause Young (Normal) (G1 Evacuation Pause) 3235M->2783M(3602M) 5.650ms
[2023-11-10T11:23:55.010-0800][75038642ms] GC(20010) User=0.02s Sys=0.00s Real=0.00s
[2023-11-10T11:23:55.656-0800][75039288ms] GC(20011) Pause Young (Normal) (G1 Evacuation Pause)
[2023-11-10T11:23:55.656-0800][75039288ms] GC(20011) Using 10 workers of 10 for evacuation
[2023-11-10T11:23:55.664-0800][75039296ms] GC(20011)   Pre Evacuate Collection Set: 0.1ms
[2023-11-10T11:23:55.664-0800][75039296ms] GC(20011)   Evacuate Collection Set: 1.8ms
[2023-11-10T11:23:55.664-0800][75039296ms] GC(20011)   Post Evacuate Collection Set: 6.0ms
[2023-11-10T11:23:55.664-0800][75039296ms] GC(20011)   Other: 0.3ms
[2023-11-10T11:23:55.664-0800][75039296ms] GC(20011) Eden regions: 226->0(226)
[2023-11-10T11:23:55.664-0800][75039296ms] GC(20011) Survivor regions: 1->1(29)
[2023-11-10T11:23:55.664-0800][75039297ms] GC(20011) Old regions: 1387->1387
[2023-11-10T11:23:55.665-0800][75039297ms] GC(20011) Humongous regions: 5->5
[2023-11-10T11:23:55.665-0800][75039297ms] GC(20011) Metaspace: 304631K->304631K(1347584K)
[2023-11-10T11:23:55.665-0800][75039297ms] GC(20011) Pause Young (Normal) (G1 Evacuation Pause) 3235M->2783M(3602M) 8.324ms
[2023-11-10T11:23:55.665-0800][75039297ms] GC(20011) User=0.00s Sys=0.00s Real=0.01s
[2023-11-10T11:23:56.282-0800][75039914ms] GC(20012) Pause Young (Normal) (G1 Evacuation Pause)
[2023-11-10T11:23:56.282-0800][75039914ms] GC(20012) Using 10 workers of 10 for evacuation
[2023-11-10T11:23:56.291-0800][75039923ms] GC(20012)   Pre Evacuate Collection Set: 0.1ms
[2023-11-10T11:23:56.291-0800][75039923ms] GC(20012)   Evacuate Collection Set: 2.5ms
[2023-11-10T11:23:56.291-0800][75039923ms] GC(20012)   Post Evacuate Collection Set: 6.1ms
[2023-11-10T11:23:56.291-0800][75039923ms] GC(20012)   Other: 0.3ms
[2023-11-10T11:23:56.291-0800][75039923ms] GC(20012) Eden regions: 226->0(226)
[2023-11-10T11:23:56.291-0800][75039923ms] GC(20012) Survivor regions: 1->1(29)
[2023-11-10T11:23:56.291-0800][75039923ms] GC(20012) Old regions: 1387->1387
[2023-11-10T11:23:56.291-0800][75039923ms] GC(20012) Humongous regions: 5->5
[2023-11-10T11:23:56.291-0800][75039923ms] GC(20012) Metaspace: 304631K->304631K(1347584K)
[2023-11-10T11:23:56.291-0800][75039923ms] GC(20012) Pause Young (Normal) (G1 Evacuation Pause) 3235M->2783M(3602M) 9.113ms
[2023-11-10T11:23:56.291-0800][75039923ms] GC(20012) User=0.02s Sys=0.00s Real=0.01s
[2023-11-10T11:23:56.855-0800][75040487ms] GC(20013) Pause Young (Normal) (G1 Evacuation Pause)
[2023-11-10T11:23:56.855-0800][75040487ms] GC(20013) Using 10 workers of 10 for evacuation
[2023-11-10T11:23:56.861-0800][75040493ms] GC(20013)   Pre Evacuate Collection Set: 0.0ms
[2023-11-10T11:23:56.861-0800][75040493ms] GC(20013)   Evacuate Collection Set: 1.8ms
[2023-11-10T11:23:56.861-0800][75040493ms] GC(20013)   Post Evacuate Collection Set: 3.5ms
[2023-11-10T11:23:56.861-0800][75040493ms] GC(20013)   Other: 0.3ms
[2023-11-10T11:23:56.861-0800][75040493ms] GC(20013) Eden regions: 226->0(226)
[2023-11-10T11:23:56.861-0800][75040493ms] GC(20013) Survivor regions: 1->1(29)
[2023-11-10T11:23:56.861-0800][75040493ms] GC(20013) Old regions: 1387->1387
[2023-11-10T11:23:56.861-0800][75040493ms] GC(20013) Humongous regions: 5->5
[2023-11-10T11:23:56.861-0800][75040493ms] GC(20013) Metaspace: 304631K->304631K(1347584K)
[2023-11-10T11:23:56.861-0800][75040493ms] GC(20013) Pause Young (Normal) (G1 Evacuation Pause) 3235M->2783M(3602M) 5.865ms
[2023-11-10T11:23:56.861-0800][75040493ms] GC(20013) User=0.00s Sys=0.00s Real=0.01s
[2023-11-10T11:23:57.386-0800][75041018ms] GC(20014) Pause Young (Normal) (G1 Evacuation Pause)
[2023-11-10T11:23:57.386-0800][75041018ms] GC(20014) Using 10 workers of 10 for evacuation
[2023-11-10T11:23:57.392-0800][75041024ms] GC(20014)   Pre Evacuate Collection Set: 0.0ms
[2023-11-10T11:23:57.392-0800][75041024ms] GC(20014)   Evacuate Collection Set: 1.7ms
[2023-11-10T11:23:57.392-0800][75041024ms] GC(20014)   Post Evacuate Collection Set: 3.7ms
[2023-11-10T11:23:57.392-0800][75041024ms] GC(20014)   Other: 0.4ms
[2023-11-10T11:23:57.392-0800][75041024ms] GC(20014) Eden regions: 226->0(226)
[2023-11-10T11:23:57.392-0800][75041024ms] GC(20014) Survivor regions: 1->1(29)
[2023-11-10T11:23:57.392-0800][75041024ms] GC(20014) Old regions: 1387->1387
[2023-11-10T11:23:57.392-0800][75041024ms] GC(20014) Humongous regions: 5->5
[2023-11-10T11:23:57.392-0800][75041024ms] GC(20014) Metaspace: 304631K->304631K(1347584K)
[2023-11-10T11:23:57.392-0800][75041024ms] GC(20014) Pause Young (Normal) (G1 Evacuation Pause) 3235M->2783M(3602M) 6.004ms
[2023-11-10T11:23:57.392-0800][75041024ms] GC(20014) User=0.00s Sys=0.00s Real=0.01s
[2023-11-10T11:23:57.933-0800][75041565ms] GC(20015) Pause Young (Normal) (G1 Evacuation Pause)
[2023-11-10T11:23:57.933-0800][75041565ms] GC(20015) Using 10 workers of 10 for evacuation
[2023-11-10T11:23:57.939-0800][75041571ms] GC(20015)   Pre Evacuate Collection Set: 0.0ms
[2023-11-10T11:23:57.939-0800][75041571ms] GC(20015)   Evacuate Collection Set: 1.7ms
[2023-11-10T11:23:57.939-0800][75041571ms] GC(20015)   Post Evacuate Collection Set: 3.3ms
[2023-11-10T11:23:57.939-0800][75041571ms] GC(20015)   Other: 0.4ms
[2023-11-10T11:23:57.939-0800][75041571ms] GC(20015) Eden regions: 226->0(226)
[2023-11-10T11:23:57.939-0800][75041571ms] GC(20015) Survivor regions: 1->1(29)
[2023-11-10T11:23:57.939-0800][75041571ms] GC(20015) Old regions: 1387->1387
[2023-11-10T11:23:57.939-0800][75041571ms] GC(20015) Humongous regions: 5->5
[2023-11-10T11:23:57.939-0800][75041571ms] GC(20015) Metaspace: 304631K->304631K(1347584K)
[2023-11-10T11:23:57.939-0800][75041571ms] GC(20015) Pause Young (Normal) (G1 Evacuation Pause) 3235M->2783M(3602M) 5.527ms
[2023-11-10T11:23:57.939-0800][75041571ms] GC(20015) User=0.00s Sys=0.00s Real=0.01s
[2023-11-10T11:23:58.434-0800][75042066ms] GC(20016) Pause Young (Normal) (G1 Evacuation Pause)
[2023-11-10T11:23:58.434-0800][75042066ms] GC(20016) Using 10 workers of 10 for evacuation
[2023-11-10T11:23:58.439-0800][75042071ms] GC(20016)   Pre Evacuate Collection Set: 0.1ms
[2023-11-10T11:23:58.439-0800][75042071ms] GC(20016)   Evacuate Collection Set: 2.1ms
[2023-11-10T11:23:58.441-0800][75042073ms] GC(20016)   Post Evacuate Collection Set: 3.7ms
[2023-11-10T11:23:58.441-0800][75042073ms] GC(20016)   Other: 0.4ms
[2023-11-10T11:23:58.441-0800][75042073ms] GC(20016) Eden regions: 226->0(226)
[2023-11-10T11:23:58.441-0800][75042073ms] GC(20016) Survivor regions: 1->1(29)
[2023-11-10T11:23:58.441-0800][75042073ms] GC(20016) Old regions: 1387->1387
[2023-11-10T11:23:58.441-0800][75042073ms] GC(20016) Humongous regions: 5->5
[2023-11-10T11:23:58.441-0800][75042073ms] GC(20016) Metaspace: 304631K->304631K(1347584K)
[2023-11-10T11:23:58.441-0800][75042073ms] GC(20016) Pause Young (Normal) (G1 Evacuation Pause) 3235M->2783M(3602M) 6.459ms
[2023-11-10T11:23:58.441-0800][75042073ms] GC(20016) User=0.00s Sys=0.00s Real=0.01s
[2023-11-10T11:23:58.992-0800][75042624ms] GC(20017) Pause Young (Normal) (G1 Evacuation Pause)
[2023-11-10T11:23:58.992-0800][75042624ms] GC(20017) Using 10 workers of 10 for evacuation
[2023-11-10T11:23:58.997-0800][75042629ms] GC(20017)   Pre Evacuate Collection Set: 0.1ms
[2023-11-10T11:23:58.997-0800][75042629ms] GC(20017)   Evacuate Collection Set: 1.8ms
[2023-11-10T11:23:58.997-0800][75042629ms] GC(20017)   Post Evacuate Collection Set: 3.3ms
[2023-11-10T11:23:58.997-0800][75042629ms] GC(20017)   Other: 0.4ms
[2023-11-10T11:23:58.997-0800][75042629ms] GC(20017) Eden regions: 226->0(226)
[2023-11-10T11:23:58.997-0800][75042629ms] GC(20017) Survivor regions: 1->1(29)
[2023-11-10T11:23:58.997-0800][75042629ms] GC(20017) Old regions: 1387->1387
[2023-11-10T11:23:58.997-0800][75042629ms] GC(20017) Humongous regions: 5->5
[2023-11-10T11:23:58.997-0800][75042629ms] GC(20017) Metaspace: 304631K->304631K(1347584K)
[2023-11-10T11:23:58.997-0800][75042629ms] GC(20017) Pause Young (Normal) (G1 Evacuation Pause) 3235M->2783M(3602M) 5.670ms
[2023-11-10T11:23:58.997-0800][75042629ms] GC(20017) User=0.00s Sys=0.00s Real=0.00s
[2023-11-10T11:23:59.505-0800][75043137ms] GC(20018) Pause Young (Normal) (G1 Evacuation Pause)
[2023-11-10T11:23:59.505-0800][75043137ms] GC(20018) Using 10 workers of 10 for evacuation
[2023-11-10T11:23:59.509-0800][75043141ms] GC(20018)   Pre Evacuate Collection Set: 0.0ms
[2023-11-10T11:23:59.509-0800][75043141ms] GC(20018)   Evacuate Collection Set: 1.6ms
[2023-11-10T11:23:59.509-0800][75043141ms] GC(20018)   Post Evacuate Collection Set: 3.2ms
[2023-11-10T11:23:59.509-0800][75043141ms] GC(20018)   Other: 0.3ms
[2023-11-10T11:23:59.509-0800][75043141ms] GC(20018) Eden regions: 226->0(226)
[2023-11-10T11:23:59.509-0800][75043141ms] GC(20018) Survivor regions: 1->1(29)
[2023-11-10T11:23:59.509-0800][75043141ms] GC(20018) Old regions: 1387->1387
[2023-11-10T11:23:59.509-0800][75043141ms] GC(20018) Humongous regions: 5->5
[2023-11-10T11:23:59.509-0800][75043141ms] GC(20018) Metaspace: 304631K->304631K(1347584K)
[2023-11-10T11:23:59.509-0800][75043141ms] GC(20018) Pause Young (Normal) (G1 Evacuation Pause) 3235M->2783M(3602M) 5.172ms
[2023-11-10T11:23:59.509-0800][75043141ms] GC(20018) User=0.02s Sys=0.00s Real=0.00s
[2023-11-10T11:24:00.084-0800][75043716ms] GC(20019) Pause Young (Normal) (G1 Evacuation Pause)
[2023-11-10T11:24:00.085-0800][75043717ms] GC(20019) Using 10 workers of 10 for evacuation
[2023-11-10T11:24:00.090-0800][75043722ms] GC(20019)   Pre Evacuate Collection Set: 0.0ms
[2023-11-10T11:24:00.090-0800][75043722ms] GC(20019)   Evacuate Collection Set: 1.8ms
[2023-11-10T11:24:00.090-0800][75043722ms] GC(20019)   Post Evacuate Collection Set: 3.4ms
[2023-11-10T11:24:00.090-0800][75043722ms] GC(20019)   Other: 0.3ms
[2023-11-10T11:24:00.090-0800][75043722ms] GC(20019) Eden regions: 226->0(226)
[2023-11-10T11:24:00.090-0800][75043722ms] GC(20019) Survivor regions: 1->1(29)
[2023-11-10T11:24:00.090-0800][75043722ms] GC(20019) Old regions: 1387->1387
[2023-11-10T11:24:00.090-0800][75043722ms] GC(20019) Humongous regions: 5->5
[2023-11-10T11:24:00.090-0800][75043722ms] GC(20019) Metaspace: 304631K->304631K(1347584K)
[2023-11-10T11:24:00.090-0800][75043722ms] GC(20019) Pause Young (Normal) (G1 Evacuation Pause) 3235M->2783M(3602M) 5.649ms
[2023-11-10T11:24:00.090-0800][75043722ms] GC(20019) User=0.09s Sys=0.00s Real=0.01s
[2023-11-10T11:24:00.598-0800][75044230ms] GC(20020) Pause Young (Normal) (G1 Evacuation Pause)
[2023-11-10T11:24:00.598-0800][75044230ms] GC(20020) Using 10 workers of 10 for evacuation
[2023-11-10T11:24:00.602-0800][75044234ms] GC(20020)   Pre Evacuate Collection Set: 0.0ms
[2023-11-10T11:24:00.602-0800][75044234ms] GC(20020)   Evacuate Collection Set: 1.8ms
[2023-11-10T11:24:00.602-0800][75044234ms] GC(20020)   Post Evacuate Collection Set: 3.2ms
[2023-11-10T11:24:00.602-0800][75044234ms] GC(20020)   Other: 0.3ms
[2023-11-10T11:24:00.602-0800][75044234ms] GC(20020) Eden regions: 226->0(226)
[2023-11-10T11:24:00.602-0800][75044234ms] GC(20020) Survivor regions: 1->1(29)
[2023-11-10T11:24:00.602-0800][75044234ms] GC(20020) Old regions: 1387->1387
[2023-11-10T11:24:00.602-0800][75044234ms] GC(20020) Humongous regions: 5->5
[2023-11-10T11:24:00.602-0800][75044234ms] GC(20020) Metaspace: 304631K->304631K(1347584K)
[2023-11-10T11:24:00.604-0800][75044236ms] GC(20020) Pause Young (Normal) (G1 Evacuation Pause) 3235M->2783M(3602M) 5.461ms
[2023-11-10T11:24:00.604-0800][75044236ms] GC(20020) User=0.02s Sys=0.00s Real=0.01s
[2023-11-10T11:24:01.167-0800][75044799ms] GC(20021) Pause Young (Normal) (G1 Evacuation Pause)
[2023-11-10T11:24:01.167-0800][75044799ms] GC(20021) Using 10 workers of 10 for evacuation
[2023-11-10T11:24:01.173-0800][75044805ms] GC(20021)   Pre Evacuate Collection Set: 0.0ms
[2023-11-10T11:24:01.173-0800][75044805ms] GC(20021)   Evacuate Collection Set: 1.6ms
[2023-11-10T11:24:01.173-0800][75044805ms] GC(20021)   Post Evacuate Collection Set: 3.3ms
[2023-11-10T11:24:01.173-0800][75044805ms] GC(20021)   Other: 0.3ms
[2023-11-10T11:24:01.173-0800][75044805ms] GC(20021) Eden regions: 226->0(226)
[2023-11-10T11:24:01.173-0800][75044805ms] GC(20021) Survivor regions: 1->1(29)
[2023-11-10T11:24:01.173-0800][75044805ms] GC(20021) Old regions: 1387->1387
[2023-11-10T11:24:01.173-0800][75044805ms] GC(20021) Humongous regions: 5->5
[2023-11-10T11:24:01.173-0800][75044805ms] GC(20021) Metaspace: 304631K->304631K(1347584K)
[2023-11-10T11:24:01.173-0800][75044805ms] GC(20021) Pause Young (Normal) (G1 Evacuation Pause) 3235M->2783M(3602M) 5.332ms
[2023-11-10T11:24:01.173-0800][75044805ms] GC(20021) User=0.00s Sys=0.00s Real=0.01s
[2023-11-10T11:24:01.690-0800][75045322ms] GC(20022) Pause Young (Normal) (G1 Evacuation Pause)
[2023-11-10T11:24:01.690-0800][75045322ms] GC(20022) Using 10 workers of 10 for evacuation
[2023-11-10T11:24:01.697-0800][75045329ms] GC(20022)   Pre Evacuate Collection Set: 0.1ms
[2023-11-10T11:24:01.697-0800][75045329ms] GC(20022)   Evacuate Collection Set: 1.7ms
[2023-11-10T11:24:01.697-0800][75045329ms] GC(20022)   Post Evacuate Collection Set: 4.3ms
[2023-11-10T11:24:01.697-0800][75045329ms] GC(20022)   Other: 0.3ms
[2023-11-10T11:24:01.697-0800][75045329ms] GC(20022) Eden regions: 226->0(226)
[2023-11-10T11:24:01.697-0800][75045329ms] GC(20022) Survivor regions: 1->1(29)
[2023-11-10T11:24:01.697-0800][75045329ms] GC(20022) Old regions: 1387->1387
[2023-11-10T11:24:01.697-0800][75045329ms] GC(20022) Humongous regions: 5->5
[2023-11-10T11:24:01.697-0800][75045329ms] GC(20022) Metaspace: 304631K->304631K(1347584K)
[2023-11-10T11:24:01.697-0800][75045329ms] GC(20022) Pause Young (Normal) (G1 Evacuation Pause) 3235M->2784M(3602M) 6.507ms
[2023-11-10T11:24:01.697-0800][75045329ms] GC(20022) User=0.00s Sys=0.00s Real=0.01s
[2023-11-10T11:24:02.216-0800][75045848ms] GC(20023) Pause Young (Normal) (G1 Evacuation Pause)
[2023-11-10T11:24:02.216-0800][75045848ms] GC(20023) Using 10 workers of 10 for evacuation
[2023-11-10T11:24:02.220-0800][75045853ms] GC(20023)   Pre Evacuate Collection Set: 0.1ms
[2023-11-10T11:24:02.221-0800][75045853ms] GC(20023)   Evacuate Collection Set: 1.8ms
[2023-11-10T11:24:02.221-0800][75045853ms] GC(20023)   Post Evacuate Collection Set: 3.1ms
[2023-11-10T11:24:02.221-0800][75045853ms] GC(20023)   Other: 0.3ms
[2023-11-10T11:24:02.221-0800][75045853ms] GC(20023) Eden regions: 226->0(226)
[2023-11-10T11:24:02.221-0800][75045853ms] GC(20023) Survivor regions: 1->1(29)
[2023-11-10T11:24:02.221-0800][75045853ms] GC(20023) Old regions: 1387->1387
[2023-11-10T11:24:02.221-0800][75045853ms] GC(20023) Humongous regions: 5->5
[2023-11-10T11:24:02.221-0800][75045853ms] GC(20023) Metaspace: 304631K->304631K(1347584K)
[2023-11-10T11:24:02.221-0800][75045853ms] GC(20023) Pause Young (Normal) (G1 Evacuation Pause) 3236M->2783M(3602M) 5.425ms
[2023-11-10T11:24:02.221-0800][75045853ms] GC(20023) User=0.00s Sys=0.00s Real=0.00s
[2023-11-10T11:24:02.802-0800][75046434ms] GC(20024) Pause Young (Normal) (G1 Evacuation Pause)
[2023-11-10T11:24:02.802-0800][75046434ms] GC(20024) Using 10 workers of 10 for evacuation
[2023-11-10T11:24:02.809-0800][75046441ms] GC(20024)   Pre Evacuate Collection Set: 0.1ms
[2023-11-10T11:24:02.809-0800][75046441ms] GC(20024)   Evacuate Collection Set: 2.0ms
[2023-11-10T11:24:02.809-0800][75046441ms] GC(20024)   Post Evacuate Collection Set: 4.1ms
[2023-11-10T11:24:02.809-0800][75046441ms] GC(20024)   Other: 0.5ms
[2023-11-10T11:24:02.809-0800][75046441ms] GC(20024) Eden regions: 226->0(226)
[2023-11-10T11:24:02.809-0800][75046441ms] GC(20024) Survivor regions: 1->1(29)
[2023-11-10T11:24:02.809-0800][75046441ms] GC(20024) Old regions: 1387->1387
[2023-11-10T11:24:02.809-0800][75046441ms] GC(20024) Humongous regions: 5->5
[2023-11-10T11:24:02.809-0800][75046441ms] GC(20024) Metaspace: 304631K->304631K(1347584K)
[2023-11-10T11:24:02.809-0800][75046441ms] GC(20024) Pause Young (Normal) (G1 Evacuation Pause) 3235M->2783M(3602M) 6.876ms
[2023-11-10T11:24:02.809-0800][75046441ms] GC(20024) User=0.05s Sys=0.00s Real=0.01s
[2023-11-10T11:24:03.358-0800][75046990ms] GC(20025) Pause Young (Normal) (G1 Evacuation Pause)
[2023-11-10T11:24:03.358-0800][75046990ms] GC(20025) Using 10 workers of 10 for evacuation
[2023-11-10T11:24:03.364-0800][75046996ms] GC(20025)   Pre Evacuate Collection Set: 0.0ms
[2023-11-10T11:24:03.364-0800][75046996ms] GC(20025)   Evacuate Collection Set: 1.6ms
[2023-11-10T11:24:03.364-0800][75046996ms] GC(20025)   Post Evacuate Collection Set: 3.1ms
[2023-11-10T11:24:03.364-0800][75046996ms] GC(20025)   Other: 0.3ms
[2023-11-10T11:24:03.364-0800][75046996ms] GC(20025) Eden regions: 226->0(226)
[2023-11-10T11:24:03.364-0800][75046996ms] GC(20025) Survivor regions: 1->1(29)
[2023-11-10T11:24:03.364-0800][75046996ms] GC(20025) Old regions: 1387->1387
[2023-11-10T11:24:03.364-0800][75046996ms] GC(20025) Humongous regions: 5->5
[2023-11-10T11:24:03.364-0800][75046996ms] GC(20025) Metaspace: 304631K->304631K(1347584K)
[2023-11-10T11:24:03.364-0800][75046996ms] GC(20025) Pause Young (Normal) (G1 Evacuation Pause) 3235M->2783M(3602M) 5.136ms
[2023-11-10T11:24:03.364-0800][75046996ms] GC(20025) User=0.00s Sys=0.00s Real=0.01s
[2023-11-10T11:24:03.978-0800][75047610ms] GC(20026) Pause Young (Normal) (G1 Evacuation Pause)
[2023-11-10T11:24:03.978-0800][75047610ms] GC(20026) Using 10 workers of 10 for evacuation
[2023-11-10T11:24:03.985-0800][75047617ms] GC(20026)   Pre Evacuate Collection Set: 0.0ms
[2023-11-10T11:24:03.985-0800][75047617ms] GC(20026)   Evacuate Collection Set: 1.9ms
[2023-11-10T11:24:03.985-0800][75047617ms] GC(20026)   Post Evacuate Collection Set: 4.5ms
[2023-11-10T11:24:03.985-0800][75047617ms] GC(20026)   Other: 0.3ms
[2023-11-10T11:24:03.985-0800][75047617ms] GC(20026) Eden regions: 226->0(226)
[2023-11-10T11:24:03.985-0800][75047617ms] GC(20026) Survivor regions: 1->1(29)
[2023-11-10T11:24:03.985-0800][75047617ms] GC(20026) Old regions: 1387->1387
[2023-11-10T11:24:03.985-0800][75047617ms] GC(20026) Humongous regions: 5->5
[2023-11-10T11:24:03.985-0800][75047617ms] GC(20026) Metaspace: 304631K->304631K(1347584K)
[2023-11-10T11:24:03.985-0800][75047617ms] GC(20026) Pause Young (Normal) (G1 Evacuation Pause) 3235M->2783M(3602M) 6.880ms
[2023-11-10T11:24:03.985-0800][75047617ms] GC(20026) User=0.00s Sys=0.00s Real=0.01s
[2023-11-10T11:24:04.583-0800][75048215ms] GC(20027) Pause Young (Normal) (G1 Evacuation Pause)
[2023-11-10T11:24:04.583-0800][75048215ms] GC(20027) Using 10 workers of 10 for evacuation
[2023-11-10T11:24:04.591-0800][75048223ms] GC(20027)   Pre Evacuate Collection Set: 0.1ms
[2023-11-10T11:24:04.591-0800][75048223ms] GC(20027)   Evacuate Collection Set: 2.1ms
[2023-11-10T11:24:04.591-0800][75048223ms] GC(20027)   Post Evacuate Collection Set: 4.4ms
[2023-11-10T11:24:04.591-0800][75048223ms] GC(20027)   Other: 0.4ms
[2023-11-10T11:24:04.591-0800][75048223ms] GC(20027) Eden regions: 226->0(226)
[2023-11-10T11:24:04.591-0800][75048223ms] GC(20027) Survivor regions: 1->1(29)
[2023-11-10T11:24:04.591-0800][75048223ms] GC(20027) Old regions: 1387->1387
[2023-11-10T11:24:04.591-0800][75048223ms] GC(20027) Humongous regions: 5->5
[2023-11-10T11:24:04.591-0800][75048223ms] GC(20027) Metaspace: 304631K->304631K(1347584K)
[2023-11-10T11:24:04.591-0800][75048223ms] GC(20027) Pause Young (Normal) (G1 Evacuation Pause) 3235M->2783M(3602M) 6.973ms
[2023-11-10T11:24:04.591-0800][75048223ms] GC(20027) User=0.09s Sys=0.00s Real=0.01s
[2023-11-10T11:24:05.109-0800][75048741ms] GC(20028) Pause Young (Normal) (G1 Evacuation Pause)
[2023-11-10T11:24:05.109-0800][75048741ms] GC(20028) Using 10 workers of 10 for evacuation
[2023-11-10T11:24:05.114-0800][75048746ms] GC(20028)   Pre Evacuate Collection Set: 0.1ms
[2023-11-10T11:24:05.114-0800][75048746ms] GC(20028)   Evacuate Collection Set: 1.9ms
[2023-11-10T11:24:05.114-0800][75048746ms] GC(20028)   Post Evacuate Collection Set: 3.6ms
[2023-11-10T11:24:05.114-0800][75048746ms] GC(20028)   Other: 0.4ms
[2023-11-10T11:24:05.114-0800][75048746ms] GC(20028) Eden regions: 226->0(226)
[2023-11-10T11:24:05.114-0800][75048746ms] GC(20028) Survivor regions: 1->1(29)
[2023-11-10T11:24:05.114-0800][75048746ms] GC(20028) Old regions: 1387->1387
[2023-11-10T11:24:05.114-0800][75048746ms] GC(20028) Humongous regions: 5->5
[2023-11-10T11:24:05.114-0800][75048746ms] GC(20028) Metaspace: 304631K->304631K(1347584K)
[2023-11-10T11:24:05.114-0800][75048746ms] GC(20028) Pause Young (Normal) (G1 Evacuation Pause) 3235M->2783M(3602M) 6.128ms
[2023-11-10T11:24:05.114-0800][75048746ms] GC(20028) User=0.00s Sys=0.00s Real=0.01s
[2023-11-10T11:24:05.667-0800][75049299ms] GC(20029) Pause Young (Normal) (G1 Evacuation Pause)
[2023-11-10T11:24:05.668-0800][75049300ms] GC(20029) Using 10 workers of 10 for evacuation
[2023-11-10T11:24:05.673-0800][75049305ms] GC(20029)   Pre Evacuate Collection Set: 0.1ms
[2023-11-10T11:24:05.673-0800][75049305ms] GC(20029)   Evacuate Collection Set: 1.9ms
[2023-11-10T11:24:05.673-0800][75049305ms] GC(20029)   Post Evacuate Collection Set: 3.1ms
[2023-11-10T11:24:05.673-0800][75049305ms] GC(20029)   Other: 0.3ms
[2023-11-10T11:24:05.673-0800][75049305ms] GC(20029) Eden regions: 226->0(226)
[2023-11-10T11:24:05.673-0800][75049305ms] GC(20029) Survivor regions: 1->1(29)
[2023-11-10T11:24:05.673-0800][75049305ms] GC(20029) Old regions: 1387->1387
[2023-11-10T11:24:05.673-0800][75049305ms] GC(20029) Humongous regions: 5->5
[2023-11-10T11:24:05.673-0800][75049305ms] GC(20029) Metaspace: 304631K->304631K(1347584K)
[2023-11-10T11:24:05.673-0800][75049305ms] GC(20029) Pause Young (Normal) (G1 Evacuation Pause) 3235M->2783M(3602M) 5.425ms
[2023-11-10T11:24:05.673-0800][75049305ms] GC(20029) User=0.00s Sys=0.00s Real=0.01s
[2023-11-10T11:24:06.248-0800][75049880ms] GC(20030) Pause Young (Normal) (G1 Evacuation Pause)
[2023-11-10T11:24:06.248-0800][75049880ms] GC(20030) Using 10 workers of 10 for evacuation
[2023-11-10T11:24:06.253-0800][75049885ms] GC(20030)   Pre Evacuate Collection Set: 0.0ms
[2023-11-10T11:24:06.253-0800][75049885ms] GC(20030)   Evacuate Collection Set: 1.9ms
[2023-11-10T11:24:06.253-0800][75049885ms] GC(20030)   Post Evacuate Collection Set: 3.3ms
[2023-11-10T11:24:06.253-0800][75049885ms] GC(20030)   Other: 0.3ms
[2023-11-10T11:24:06.254-0800][75049886ms] GC(20030) Eden regions: 226->0(226)
[2023-11-10T11:24:06.254-0800][75049886ms] GC(20030) Survivor regions: 1->1(29)
[2023-11-10T11:24:06.254-0800][75049886ms] GC(20030) Old regions: 1387->1387
[2023-11-10T11:24:06.254-0800][75049886ms] GC(20030) Humongous regions: 5->5
[2023-11-10T11:24:06.254-0800][75049886ms] GC(20030) Metaspace: 304631K->304631K(1347584K)
[2023-11-10T11:24:06.254-0800][75049886ms] GC(20030) Pause Young (Normal) (G1 Evacuation Pause) 3235M->2783M(3602M) 5.681ms
[2023-11-10T11:24:06.254-0800][75049886ms] GC(20030) User=0.00s Sys=0.00s Real=0.01s
[2023-11-10T11:24:06.859-0800][75050491ms] GC(20031) Pause Young (Normal) (G1 Evacuation Pause)
[2023-11-10T11:24:06.859-0800][75050491ms] GC(20031) Using 10 workers of 10 for evacuation
[2023-11-10T11:24:06.865-0800][75050497ms] GC(20031)   Pre Evacuate Collection Set: 0.0ms
[2023-11-10T11:24:06.865-0800][75050497ms] GC(20031)   Evacuate Collection Set: 1.6ms
[2023-11-10T11:24:06.865-0800][75050497ms] GC(20031)   Post Evacuate Collection Set: 3.9ms
[2023-11-10T11:24:06.865-0800][75050497ms] GC(20031)   Other: 0.3ms
[2023-11-10T11:24:06.865-0800][75050497ms] GC(20031) Eden regions: 226->0(226)
[2023-11-10T11:24:06.865-0800][75050497ms] GC(20031) Survivor regions: 1->1(29)
[2023-11-10T11:24:06.865-0800][75050497ms] GC(20031) Old regions: 1387->1387
[2023-11-10T11:24:06.865-0800][75050497ms] GC(20031) Humongous regions: 5->5
[2023-11-10T11:24:06.865-0800][75050497ms] GC(20031) Metaspace: 304631K->304631K(1347584K)
[2023-11-10T11:24:06.865-0800][75050497ms] GC(20031) Pause Young (Normal) (G1 Evacuation Pause) 3235M->2783M(3602M) 5.991ms
[2023-11-10T11:24:06.865-0800][75050497ms] GC(20031) User=0.00s Sys=0.00s Real=0.01s
[2023-11-10T11:24:07.476-0800][75051108ms] GC(20032) Pause Young (Normal) (G1 Evacuation Pause)
[2023-11-10T11:24:07.476-0800][75051108ms] GC(20032) Using 10 workers of 10 for evacuation
[2023-11-10T11:24:07.482-0800][75051114ms] GC(20032)   Pre Evacuate Collection Set: 0.0ms
[2023-11-10T11:24:07.482-0800][75051114ms] GC(20032)   Evacuate Collection Set: 1.7ms
[2023-11-10T11:24:07.482-0800][75051114ms] GC(20032)   Post Evacuate Collection Set: 4.0ms
[2023-11-10T11:24:07.482-0800][75051114ms] GC(20032)   Other: 0.3ms
[2023-11-10T11:24:07.482-0800][75051114ms] GC(20032) Eden regions: 226->0(226)
[2023-11-10T11:24:07.482-0800][75051114ms] GC(20032) Survivor regions: 1->1(29)
[2023-11-10T11:24:07.482-0800][75051114ms] GC(20032) Old regions: 1387->1387
[2023-11-10T11:24:07.482-0800][75051114ms] GC(20032) Humongous regions: 5->5
[2023-11-10T11:24:07.482-0800][75051114ms] GC(20032) Metaspace: 304631K->304631K(1347584K)
[2023-11-10T11:24:07.482-0800][75051114ms] GC(20032) Pause Young (Normal) (G1 Evacuation Pause) 3235M->2783M(3602M) 6.087ms
[2023-11-10T11:24:07.482-0800][75051114ms] GC(20032) User=0.00s Sys=0.00s Real=0.01s
[2023-11-10T11:24:08.029-0800][75051661ms] GC(20033) Pause Young (Normal) (G1 Evacuation Pause)
[2023-11-10T11:24:08.029-0800][75051661ms] GC(20033) Using 10 workers of 10 for evacuation
[2023-11-10T11:24:08.035-0800][75051667ms] GC(20033)   Pre Evacuate Collection Set: 0.0ms
[2023-11-10T11:24:08.035-0800][75051667ms] GC(20033)   Evacuate Collection Set: 1.8ms
[2023-11-10T11:24:08.035-0800][75051667ms] GC(20033)   Post Evacuate Collection Set: 4.1ms
[2023-11-10T11:24:08.035-0800][75051667ms] GC(20033)   Other: 0.3ms
[2023-11-10T11:24:08.035-0800][75051667ms] GC(20033) Eden regions: 226->0(225)
[2023-11-10T11:24:08.035-0800][75051667ms] GC(20033) Survivor regions: 1->1(29)
[2023-11-10T11:24:08.035-0800][75051667ms] GC(20033) Old regions: 1387->1387
[2023-11-10T11:24:08.035-0800][75051667ms] GC(20033) Humongous regions: 5->5
[2023-11-10T11:24:08.035-0800][75051667ms] GC(20033) Metaspace: 304631K->304631K(1347584K)
[2023-11-10T11:24:08.035-0800][75051667ms] GC(20033) Pause Young (Normal) (G1 Evacuation Pause) 3235M->2784M(3602M) 6.359ms
[2023-11-10T11:24:08.035-0800][75051667ms] GC(20033) User=0.00s Sys=0.00s Real=0.01s
[2023-11-10T11:24:08.572-0800][75052204ms] GC(20034) Pause Young (Normal) (G1 Evacuation Pause)
[2023-11-10T11:24:08.572-0800][75052204ms] GC(20034) Using 10 workers of 10 for evacuation
[2023-11-10T11:24:08.577-0800][75052209ms] GC(20034)   Pre Evacuate Collection Set: 0.0ms
[2023-11-10T11:24:08.577-0800][75052209ms] GC(20034)   Evacuate Collection Set: 1.8ms
[2023-11-10T11:24:08.577-0800][75052209ms] GC(20034)   Post Evacuate Collection Set: 2.9ms
[2023-11-10T11:24:08.577-0800][75052209ms] GC(20034)   Other: 0.3ms
[2023-11-10T11:24:08.577-0800][75052209ms] GC(20034) Eden regions: 225->0(225)
[2023-11-10T11:24:08.577-0800][75052209ms] GC(20034) Survivor regions: 1->1(29)
[2023-11-10T11:24:08.577-0800][75052209ms] GC(20034) Old regions: 1387->1387
[2023-11-10T11:24:08.577-0800][75052209ms] GC(20034) Humongous regions: 5->5
[2023-11-10T11:24:08.577-0800][75052209ms] GC(20034) Metaspace: 304631K->304631K(1347584K)
[2023-11-10T11:24:08.577-0800][75052209ms] GC(20034) Pause Young (Normal) (G1 Evacuation Pause) 3234M->2783M(3602M) 5.180ms
[2023-11-10T11:24:08.577-0800][75052209ms] GC(20034) User=0.00s Sys=0.00s Real=0.00s
[2023-11-10T11:24:09.144-0800][75052776ms] GC(20035) Pause Young (Normal) (G1 Evacuation Pause)
[2023-11-10T11:24:09.144-0800][75052776ms] GC(20035) Using 10 workers of 10 for evacuation
[2023-11-10T11:24:09.149-0800][75052781ms] GC(20035)   Pre Evacuate Collection Set: 0.0ms
[2023-11-10T11:24:09.149-0800][75052781ms] GC(20035)   Evacuate Collection Set: 1.7ms
[2023-11-10T11:24:09.149-0800][75052781ms] GC(20035)   Post Evacuate Collection Set: 3.1ms
[2023-11-10T11:24:09.149-0800][75052781ms] GC(20035)   Other: 0.2ms
[2023-11-10T11:24:09.149-0800][75052781ms] GC(20035) Eden regions: 225->0(225)
[2023-11-10T11:24:09.149-0800][75052781ms] GC(20035) Survivor regions: 1->1(29)
[2023-11-10T11:24:09.149-0800][75052781ms] GC(20035) Old regions: 1387->1387
[2023-11-10T11:24:09.149-0800][75052781ms] GC(20035) Humongous regions: 5->5
[2023-11-10T11:24:09.149-0800][75052781ms] GC(20035) Metaspace: 304631K->304631K(1347584K)
[2023-11-10T11:24:09.149-0800][75052781ms] GC(20035) Pause Young (Normal) (G1 Evacuation Pause) 3233M->2783M(3602M) 5.258ms
[2023-11-10T11:24:09.149-0800][75052781ms] GC(20035) User=0.02s Sys=0.00s Real=0.00s
[2023-11-10T11:24:09.667-0800][75053299ms] GC(20036) Pause Young (Normal) (G1 Evacuation Pause)
[2023-11-10T11:24:09.667-0800][75053299ms] GC(20036) Using 10 workers of 10 for evacuation
[2023-11-10T11:24:09.674-0800][75053306ms] GC(20036)   Pre Evacuate Collection Set: 0.1ms
[2023-11-10T11:24:09.674-0800][75053306ms] GC(20036)   Evacuate Collection Set: 2.0ms
[2023-11-10T11:24:09.674-0800][75053306ms] GC(20036)   Post Evacuate Collection Set: 4.3ms
[2023-11-10T11:24:09.674-0800][75053306ms] GC(20036)   Other: 0.3ms
[2023-11-10T11:24:09.674-0800][75053306ms] GC(20036) Eden regions: 225->0(225)
[2023-11-10T11:24:09.674-0800][75053306ms] GC(20036) Survivor regions: 1->1(29)
[2023-11-10T11:24:09.674-0800][75053306ms] GC(20036) Old regions: 1387->1387
[2023-11-10T11:24:09.674-0800][75053306ms] GC(20036) Humongous regions: 5->5
[2023-11-10T11:24:09.674-0800][75053306ms] GC(20036) Metaspace: 304631K->304631K(1347584K)
[2023-11-10T11:24:09.674-0800][75053306ms] GC(20036) Pause Young (Normal) (G1 Evacuation Pause) 3233M->2783M(3602M) 6.755ms
[2023-11-10T11:24:09.674-0800][75053306ms] GC(20036) User=0.00s Sys=0.00s Real=0.01s
[2023-11-10T11:24:10.192-0800][75053824ms] GC(20037) Pause Young (Normal) (G1 Evacuation Pause)
[2023-11-10T11:24:10.192-0800][75053824ms] GC(20037) Using 10 workers of 10 for evacuation
[2023-11-10T11:24:10.199-0800][75053831ms] GC(20037)   Pre Evacuate Collection Set: 0.1ms
[2023-11-10T11:24:10.199-0800][75053831ms] GC(20037)   Evacuate Collection Set: 1.9ms
[2023-11-10T11:24:10.199-0800][75053831ms] GC(20037)   Post Evacuate Collection Set: 5.0ms
[2023-11-10T11:24:10.199-0800][75053831ms] GC(20037)   Other: 0.3ms
[2023-11-10T11:24:10.199-0800][75053831ms] GC(20037) Eden regions: 225->0(225)
[2023-11-10T11:24:10.199-0800][75053831ms] GC(20037) Survivor regions: 1->1(29)
[2023-11-10T11:24:10.199-0800][75053831ms] GC(20037) Old regions: 1387->1387
[2023-11-10T11:24:10.199-0800][75053831ms] GC(20037) Humongous regions: 5->5
[2023-11-10T11:24:10.199-0800][75053831ms] GC(20037) Metaspace: 304631K->304631K(1347584K)
[2023-11-10T11:24:10.199-0800][75053831ms] GC(20037) Pause Young (Normal) (G1 Evacuation Pause) 3233M->2784M(3602M) 7.442ms
[2023-11-10T11:24:10.199-0800][75053831ms] GC(20037) User=0.00s Sys=0.00s Real=0.01s
[2023-11-10T11:24:10.737-0800][75054369ms] GC(20038) Pause Young (Normal) (G1 Evacuation Pause)
[2023-11-10T11:24:10.737-0800][75054369ms] GC(20038) Using 10 workers of 10 for evacuation
[2023-11-10T11:24:10.743-0800][75054375ms] GC(20038)   Pre Evacuate Collection Set: 0.1ms
[2023-11-10T11:24:10.743-0800][75054375ms] GC(20038)   Evacuate Collection Set: 1.8ms
[2023-11-10T11:24:10.743-0800][75054375ms] GC(20038)   Post Evacuate Collection Set: 3.4ms
[2023-11-10T11:24:10.743-0800][75054375ms] GC(20038)   Other: 0.3ms
[2023-11-10T11:24:10.743-0800][75054375ms] GC(20038) Eden regions: 225->0(225)
[2023-11-10T11:24:10.743-0800][75054375ms] GC(20038) Survivor regions: 1->1(29)
[2023-11-10T11:24:10.743-0800][75054375ms] GC(20038) Old regions: 1387->1387
[2023-11-10T11:24:10.743-0800][75054375ms] GC(20038) Humongous regions: 5->5
[2023-11-10T11:24:10.743-0800][75054375ms] GC(20038) Metaspace: 304631K->304631K(1347584K)
[2023-11-10T11:24:10.743-0800][75054375ms] GC(20038) Pause Young (Normal) (G1 Evacuation Pause) 3234M->2784M(3602M) 5.703ms
[2023-11-10T11:24:10.743-0800][75054375ms] GC(20038) User=0.02s Sys=0.00s Real=0.01s
[2023-11-10T11:24:11.290-0800][75054922ms] GC(20039) Pause Young (Normal) (G1 Evacuation Pause)
[2023-11-10T11:24:11.290-0800][75054922ms] GC(20039) Using 10 workers of 10 for evacuation
[2023-11-10T11:24:11.296-0800][75054928ms] GC(20039)   Pre Evacuate Collection Set: 0.1ms
[2023-11-10T11:24:11.297-0800][75054929ms] GC(20039)   Evacuate Collection Set: 1.9ms
[2023-11-10T11:24:11.297-0800][75054929ms] GC(20039)   Post Evacuate Collection Set: 4.4ms
[2023-11-10T11:24:11.297-0800][75054929ms] GC(20039)   Other: 0.4ms
[2023-11-10T11:24:11.297-0800][75054929ms] GC(20039) Eden regions: 225->0(225)
[2023-11-10T11:24:11.297-0800][75054929ms] GC(20039) Survivor regions: 1->1(29)
[2023-11-10T11:24:11.297-0800][75054929ms] GC(20039) Old regions: 1387->1387
[2023-11-10T11:24:11.297-0800][75054929ms] GC(20039) Humongous regions: 5->5
[2023-11-10T11:24:11.297-0800][75054929ms] GC(20039) Metaspace: 304631K->304631K(1347584K)
[2023-11-10T11:24:11.297-0800][75054929ms] GC(20039) Pause Young (Normal) (G1 Evacuation Pause) 3234M->2784M(3602M) 6.838ms
[2023-11-10T11:24:11.297-0800][75054929ms] GC(20039) User=0.00s Sys=0.00s Real=0.01s
[2023-11-10T11:24:11.919-0800][75055551ms] GC(20040) Pause Young (Normal) (G1 Evacuation Pause)
[2023-11-10T11:24:11.919-0800][75055551ms] GC(20040) Using 10 workers of 10 for evacuation
[2023-11-10T11:24:11.925-0800][75055557ms] GC(20040)   Pre Evacuate Collection Set: 0.1ms
[2023-11-10T11:24:11.925-0800][75055557ms] GC(20040)   Evacuate Collection Set: 2.3ms
[2023-11-10T11:24:11.925-0800][75055557ms] GC(20040)   Post Evacuate Collection Set: 3.8ms
[2023-11-10T11:24:11.925-0800][75055557ms] GC(20040)   Other: 0.4ms
[2023-11-10T11:24:11.925-0800][75055557ms] GC(20040) Eden regions: 225->0(225)
[2023-11-10T11:24:11.925-0800][75055557ms] GC(20040) Survivor regions: 1->1(29)
[2023-11-10T11:24:11.925-0800][75055557ms] GC(20040) Old regions: 1387->1387
[2023-11-10T11:24:11.925-0800][75055557ms] GC(20040) Humongous regions: 5->5
[2023-11-10T11:24:11.925-0800][75055557ms] GC(20040) Metaspace: 304631K->304631K(1347584K)
[2023-11-10T11:24:11.925-0800][75055557ms] GC(20040) Pause Young (Normal) (G1 Evacuation Pause) 3234M->2784M(3602M) 6.670ms
[2023-11-10T11:24:11.925-0800][75055557ms] GC(20040) User=0.00s Sys=0.00s Real=0.01s
[2023-11-10T11:24:12.537-0800][75056169ms] GC(20041) Pause Young (Normal) (G1 Evacuation Pause)
[2023-11-10T11:24:12.537-0800][75056169ms] GC(20041) Using 10 workers of 10 for evacuation
[2023-11-10T11:24:12.543-0800][75056175ms] GC(20041)   Pre Evacuate Collection Set: 0.1ms
[2023-11-10T11:24:12.543-0800][75056175ms] GC(20041)   Evacuate Collection Set: 2.2ms
[2023-11-10T11:24:12.543-0800][75056175ms] GC(20041)   Post Evacuate Collection Set: 3.2ms
[2023-11-10T11:24:12.543-0800][75056175ms] GC(20041)   Other: 0.4ms
[2023-11-10T11:24:12.543-0800][75056175ms] GC(20041) Eden regions: 225->0(225)
[2023-11-10T11:24:12.543-0800][75056175ms] GC(20041) Survivor regions: 1->1(29)
[2023-11-10T11:24:12.543-0800][75056175ms] GC(20041) Old regions: 1387->1387
[2023-11-10T11:24:12.543-0800][75056175ms] GC(20041) Humongous regions: 5->5
[2023-11-10T11:24:12.543-0800][75056175ms] GC(20041) Metaspace: 304631K->304631K(1347584K)
[2023-11-10T11:24:12.543-0800][75056175ms] GC(20041) Pause Young (Normal) (G1 Evacuation Pause) 3234M->2784M(3602M) 6.077ms
[2023-11-10T11:24:12.543-0800][75056175ms] GC(20041) User=0.08s Sys=0.00s Real=0.01s
[2023-11-10T11:24:13.178-0800][75056810ms] GC(20042) Pause Young (Normal) (G1 Evacuation Pause)
[2023-11-10T11:24:13.178-0800][75056810ms] GC(20042) Using 10 workers of 10 for evacuation
[2023-11-10T11:24:13.185-0800][75056817ms] GC(20042)   Pre Evacuate Collection Set: 0.0ms
[2023-11-10T11:24:13.185-0800][75056817ms] GC(20042)   Evacuate Collection Set: 2.0ms
[2023-11-10T11:24:13.185-0800][75056817ms] GC(20042)   Post Evacuate Collection Set: 4.5ms
[2023-11-10T11:24:13.185-0800][75056817ms] GC(20042)   Other: 0.3ms
[2023-11-10T11:24:13.185-0800][75056817ms] GC(20042) Eden regions: 225->0(225)
[2023-11-10T11:24:13.185-0800][75056817ms] GC(20042) Survivor regions: 1->1(29)
[2023-11-10T11:24:13.185-0800][75056817ms] GC(20042) Old regions: 1387->1387
[2023-11-10T11:24:13.185-0800][75056817ms] GC(20042) Humongous regions: 5->5
[2023-11-10T11:24:13.185-0800][75056817ms] GC(20042) Metaspace: 304631K->304631K(1347584K)
[2023-11-10T11:24:13.185-0800][75056817ms] GC(20042) Pause Young (Normal) (G1 Evacuation Pause) 3234M->2784M(3602M) 7.029ms
[2023-11-10T11:24:13.185-0800][75056817ms] GC(20042) User=0.09s Sys=0.02s Real=0.01s
[2023-11-10T11:24:13.754-0800][75057386ms] GC(20043) Pause Young (Normal) (G1 Evacuation Pause)
[2023-11-10T11:24:13.754-0800][75057386ms] GC(20043) Using 10 workers of 10 for evacuation
[2023-11-10T11:24:13.761-0800][75057393ms] GC(20043)   Pre Evacuate Collection Set: 0.1ms
[2023-11-10T11:24:13.761-0800][75057393ms] GC(20043)   Evacuate Collection Set: 2.5ms
[2023-11-10T11:24:13.761-0800][75057393ms] GC(20043)   Post Evacuate Collection Set: 3.8ms
[2023-11-10T11:24:13.761-0800][75057393ms] GC(20043)   Other: 0.5ms
[2023-11-10T11:24:13.761-0800][75057393ms] GC(20043) Eden regions: 225->0(225)
[2023-11-10T11:24:13.761-0800][75057393ms] GC(20043) Survivor regions: 1->1(29)
[2023-11-10T11:24:13.761-0800][75057393ms] GC(20043) Old regions: 1387->1387
[2023-11-10T11:24:13.761-0800][75057393ms] GC(20043) Humongous regions: 5->5
[2023-11-10T11:24:13.761-0800][75057393ms] GC(20043) Metaspace: 304631K->304631K(1347584K)
[2023-11-10T11:24:13.761-0800][75057393ms] GC(20043) Pause Young (Normal) (G1 Evacuation Pause) 3234M->2784M(3602M) 6.954ms
[2023-11-10T11:24:13.761-0800][75057393ms] GC(20043) User=0.00s Sys=0.00s Real=0.01s
[2023-11-10T11:24:14.328-0800][75057960ms] GC(20044) Pause Young (Normal) (G1 Evacuation Pause)
[2023-11-10T11:24:14.328-0800][75057960ms] GC(20044) Using 10 workers of 10 for evacuation
[2023-11-10T11:24:14.334-0800][75057966ms] GC(20044)   Pre Evacuate Collection Set: 0.0ms
[2023-11-10T11:24:14.334-0800][75057966ms] GC(20044)   Evacuate Collection Set: 1.7ms
[2023-11-10T11:24:14.334-0800][75057966ms] GC(20044)   Post Evacuate Collection Set: 3.8ms
[2023-11-10T11:24:14.334-0800][75057966ms] GC(20044)   Other: 0.3ms
[2023-11-10T11:24:14.334-0800][75057966ms] GC(20044) Eden regions: 225->0(225)
[2023-11-10T11:24:14.334-0800][75057966ms] GC(20044) Survivor regions: 1->1(29)
[2023-11-10T11:24:14.334-0800][75057966ms] GC(20044) Old regions: 1387->1387
[2023-11-10T11:24:14.334-0800][75057966ms] GC(20044) Humongous regions: 5->5
[2023-11-10T11:24:14.334-0800][75057966ms] GC(20044) Metaspace: 304631K->304631K(1347584K)
[2023-11-10T11:24:14.335-0800][75057967ms] GC(20044) Pause Young (Normal) (G1 Evacuation Pause) 3234M->2785M(3602M) 5.972ms
[2023-11-10T11:24:14.335-0800][75057967ms] GC(20044) User=0.02s Sys=0.00s Real=0.01s
[2023-11-10T11:24:14.870-0800][75058502ms] GC(20045) Pause Young (Normal) (G1 Evacuation Pause)
[2023-11-10T11:24:14.870-0800][75058502ms] GC(20045) Using 10 workers of 10 for evacuation
[2023-11-10T11:24:14.877-0800][75058509ms] GC(20045)   Pre Evacuate Collection Set: 0.1ms
[2023-11-10T11:24:14.877-0800][75058509ms] GC(20045)   Evacuate Collection Set: 2.4ms
[2023-11-10T11:24:14.877-0800][75058509ms] GC(20045)   Post Evacuate Collection Set: 4.9ms
[2023-11-10T11:24:14.877-0800][75058509ms] GC(20045)   Other: 0.4ms
[2023-11-10T11:24:14.877-0800][75058509ms] GC(20045) Eden regions: 225->0(225)
[2023-11-10T11:24:14.877-0800][75058509ms] GC(20045) Survivor regions: 1->1(29)
[2023-11-10T11:24:14.877-0800][75058509ms] GC(20045) Old regions: 1387->1387
[2023-11-10T11:24:14.877-0800][75058509ms] GC(20045) Humongous regions: 5->5
[2023-11-10T11:24:14.877-0800][75058509ms] GC(20045) Metaspace: 304631K->304631K(1347584K)
[2023-11-10T11:24:14.877-0800][75058509ms] GC(20045) Pause Young (Normal) (G1 Evacuation Pause) 3235M->2784M(3602M) 7.847ms
[2023-11-10T11:24:14.877-0800][75058509ms] GC(20045) User=0.00s Sys=0.00s Real=0.01s
[2023-11-10T11:24:15.448-0800][75059080ms] GC(20046) Pause Young (Normal) (G1 Evacuation Pause)
[2023-11-10T11:24:15.448-0800][75059080ms] GC(20046) Using 10 workers of 10 for evacuation
[2023-11-10T11:24:15.455-0800][75059087ms] GC(20046)   Pre Evacuate Collection Set: 0.0ms
[2023-11-10T11:24:15.455-0800][75059087ms] GC(20046)   Evacuate Collection Set: 1.9ms
[2023-11-10T11:24:15.455-0800][75059087ms] GC(20046)   Post Evacuate Collection Set: 4.7ms
[2023-11-10T11:24:15.455-0800][75059087ms] GC(20046)   Other: 0.3ms
[2023-11-10T11:24:15.455-0800][75059087ms] GC(20046) Eden regions: 225->0(225)
[2023-11-10T11:24:15.455-0800][75059087ms] GC(20046) Survivor regions: 1->1(29)
[2023-11-10T11:24:15.455-0800][75059087ms] GC(20046) Old regions: 1387->1387
[2023-11-10T11:24:15.455-0800][75059087ms] GC(20046) Humongous regions: 5->5
[2023-11-10T11:24:15.455-0800][75059087ms] GC(20046) Metaspace: 304631K->304631K(1347584K)
[2023-11-10T11:24:15.455-0800][75059087ms] GC(20046) Pause Young (Normal) (G1 Evacuation Pause) 3234M->2784M(3602M) 7.036ms
[2023-11-10T11:24:15.455-0800][75059087ms] GC(20046) User=0.00s Sys=0.00s Real=0.01s
[2023-11-10T11:24:16.053-0800][75059685ms] GC(20047) Pause Young (Normal) (G1 Evacuation Pause)
[2023-11-10T11:24:16.053-0800][75059685ms] GC(20047) Using 10 workers of 10 for evacuation
[2023-11-10T11:24:16.058-0800][75059690ms] GC(20047)   Pre Evacuate Collection Set: 0.1ms
[2023-11-10T11:24:16.058-0800][75059690ms] GC(20047)   Evacuate Collection Set: 2.1ms
[2023-11-10T11:24:16.058-0800][75059690ms] GC(20047)   Post Evacuate Collection Set: 3.3ms
[2023-11-10T11:24:16.058-0800][75059690ms] GC(20047)   Other: 0.3ms
[2023-11-10T11:24:16.058-0800][75059690ms] GC(20047) Eden regions: 225->0(225)
[2023-11-10T11:24:16.058-0800][75059690ms] GC(20047) Survivor regions: 1->1(29)
[2023-11-10T11:24:16.058-0800][75059690ms] GC(20047) Old regions: 1387->1387
[2023-11-10T11:24:16.058-0800][75059690ms] GC(20047) Humongous regions: 5->5
[2023-11-10T11:24:16.058-0800][75059690ms] GC(20047) Metaspace: 304631K->304631K(1347584K)
[2023-11-10T11:24:16.058-0800][75059690ms] GC(20047) Pause Young (Normal) (G1 Evacuation Pause) 3234M->2784M(3602M) 5.838ms
[2023-11-10T11:24:16.058-0800][75059690ms] GC(20047) User=0.08s Sys=0.00s Real=0.01s
[2023-11-10T11:24:16.578-0800][75060210ms] GC(20048) Pause Young (Normal) (G1 Evacuation Pause)
[2023-11-10T11:24:16.578-0800][75060210ms] GC(20048) Using 10 workers of 10 for evacuation
[2023-11-10T11:24:16.583-0800][75060215ms] GC(20048)   Pre Evacuate Collection Set: 0.0ms
[2023-11-10T11:24:16.583-0800][75060215ms] GC(20048)   Evacuate Collection Set: 1.7ms
[2023-11-10T11:24:16.583-0800][75060215ms] GC(20048)   Post Evacuate Collection Set: 3.1ms
[2023-11-10T11:24:16.583-0800][75060215ms] GC(20048)   Other: 0.2ms
[2023-11-10T11:24:16.583-0800][75060215ms] GC(20048) Eden regions: 225->0(225)
[2023-11-10T11:24:16.583-0800][75060215ms] GC(20048) Survivor regions: 1->1(29)
[2023-11-10T11:24:16.583-0800][75060215ms] GC(20048) Old regions: 1387->1387
[2023-11-10T11:24:16.583-0800][75060215ms] GC(20048) Humongous regions: 5->5
[2023-11-10T11:24:16.583-0800][75060215ms] GC(20048) Metaspace: 304631K->304631K(1347584K)
[2023-11-10T11:24:16.583-0800][75060215ms] GC(20048) Pause Young (Normal) (G1 Evacuation Pause) 3234M->2784M(3602M) 5.149ms
[2023-11-10T11:24:16.583-0800][75060215ms] GC(20048) User=0.00s Sys=0.00s Real=0.00s
[2023-11-10T11:24:17.101-0800][75060733ms] GC(20049) Pause Young (Normal) (G1 Evacuation Pause)
[2023-11-10T11:24:17.101-0800][75060733ms] GC(20049) Using 10 workers of 10 for evacuation
[2023-11-10T11:24:17.107-0800][75060739ms] GC(20049)   Pre Evacuate Collection Set: 0.0ms
[2023-11-10T11:24:17.107-0800][75060739ms] GC(20049)   Evacuate Collection Set: 2.0ms
[2023-11-10T11:24:17.107-0800][75060739ms] GC(20049)   Post Evacuate Collection Set: 3.6ms
[2023-11-10T11:24:17.107-0800][75060739ms] GC(20049)   Other: 0.3ms
[2023-11-10T11:24:17.107-0800][75060739ms] GC(20049) Eden regions: 225->0(225)
[2023-11-10T11:24:17.107-0800][75060739ms] GC(20049) Survivor regions: 1->1(29)
[2023-11-10T11:24:17.107-0800][75060739ms] GC(20049) Old regions: 1387->1387
[2023-11-10T11:24:17.107-0800][75060739ms] GC(20049) Humongous regions: 5->5
[2023-11-10T11:24:17.107-0800][75060739ms] GC(20049) Metaspace: 304631K->304631K(1347584K)
[2023-11-10T11:24:17.107-0800][75060739ms] GC(20049) Pause Young (Normal) (G1 Evacuation Pause) 3234M->2784M(3602M) 5.998ms
[2023-11-10T11:24:17.107-0800][75060739ms] GC(20049) User=0.00s Sys=0.00s Real=0.01s
[2023-11-10T11:24:17.646-0800][75061278ms] GC(20050) Pause Young (Normal) (G1 Evacuation Pause)
[2023-11-10T11:24:17.646-0800][75061278ms] GC(20050) Using 10 workers of 10 for evacuation
[2023-11-10T11:24:17.651-0800][75061283ms] GC(20050)   Pre Evacuate Collection Set: 0.0ms
[2023-11-10T11:24:17.651-0800][75061283ms] GC(20050)   Evacuate Collection Set: 1.7ms
[2023-11-10T11:24:17.651-0800][75061283ms] GC(20050)   Post Evacuate Collection Set: 3.1ms
[2023-11-10T11:24:17.651-0800][75061283ms] GC(20050)   Other: 0.3ms
[2023-11-10T11:24:17.651-0800][75061283ms] GC(20050) Eden regions: 225->0(225)
[2023-11-10T11:24:17.651-0800][75061283ms] GC(20050) Survivor regions: 1->1(29)
[2023-11-10T11:24:17.651-0800][75061283ms] GC(20050) Old regions: 1387->1387
[2023-11-10T11:24:17.651-0800][75061283ms] GC(20050) Humongous regions: 5->5
[2023-11-10T11:24:17.651-0800][75061283ms] GC(20050) Metaspace: 304631K->304631K(1347584K)
[2023-11-10T11:24:17.651-0800][75061283ms] GC(20050) Pause Young (Normal) (G1 Evacuation Pause) 3234M->2784M(3602M) 5.254ms
[2023-11-10T11:24:17.651-0800][75061283ms] GC(20050) User=0.06s Sys=0.00s Real=0.01s
[2023-11-10T11:24:18.204-0800][75061836ms] GC(20051) Pause Young (Normal) (G1 Evacuation Pause)
[2023-11-10T11:24:18.204-0800][75061836ms] GC(20051) Using 10 workers of 10 for evacuation
[2023-11-10T11:24:18.210-0800][75061842ms] GC(20051)   Pre Evacuate Collection Set: 0.0ms
[2023-11-10T11:24:18.210-0800][75061842ms] GC(20051)   Evacuate Collection Set: 1.6ms
[2023-11-10T11:24:18.210-0800][75061842ms] GC(20051)   Post Evacuate Collection Set: 3.3ms
[2023-11-10T11:24:18.210-0800][75061842ms] GC(20051)   Other: 0.3ms
[2023-11-10T11:24:18.210-0800][75061842ms] GC(20051) Eden regions: 225->0(225)
[2023-11-10T11:24:18.210-0800][75061842ms] GC(20051) Survivor regions: 1->1(29)
[2023-11-10T11:24:18.210-0800][75061842ms] GC(20051) Old regions: 1387->1387
[2023-11-10T11:24:18.210-0800][75061842ms] GC(20051) Humongous regions: 5->5
[2023-11-10T11:24:18.210-0800][75061842ms] GC(20051) Metaspace: 304631K->304631K(1347584K)
[2023-11-10T11:24:18.210-0800][75061842ms] GC(20051) Pause Young (Normal) (G1 Evacuation Pause) 3234M->2784M(3602M) 5.324ms
[2023-11-10T11:24:18.210-0800][75061842ms] GC(20051) User=0.02s Sys=0.00s Real=0.01s
[2023-11-10T11:24:18.743-0800][75062375ms] GC(20052) Pause Young (Normal) (G1 Evacuation Pause)
[2023-11-10T11:24:18.743-0800][75062375ms] GC(20052) Using 10 workers of 10 for evacuation
[2023-11-10T11:24:18.748-0800][75062380ms] GC(20052)   Pre Evacuate Collection Set: 0.0ms
[2023-11-10T11:24:18.748-0800][75062380ms] GC(20052)   Evacuate Collection Set: 1.7ms
[2023-11-10T11:24:18.748-0800][75062380ms] GC(20052)   Post Evacuate Collection Set: 3.0ms
[2023-11-10T11:24:18.748-0800][75062380ms] GC(20052)   Other: 0.3ms
[2023-11-10T11:24:18.748-0800][75062380ms] GC(20052) Eden regions: 225->0(225)
[2023-11-10T11:24:18.748-0800][75062380ms] GC(20052) Survivor regions: 1->1(29)
[2023-11-10T11:24:18.748-0800][75062380ms] GC(20052) Old regions: 1387->1387
[2023-11-10T11:24:18.749-0800][75062381ms] GC(20052) Humongous regions: 5->5
[2023-11-10T11:24:18.749-0800][75062381ms] GC(20052) Metaspace: 304631K->304631K(1347584K)
[2023-11-10T11:24:18.749-0800][75062381ms] GC(20052) Pause Young (Normal) (G1 Evacuation Pause) 3234M->2784M(3602M) 5.022ms
[2023-11-10T11:24:18.749-0800][75062381ms] GC(20052) User=0.00s Sys=0.00s Real=0.01s
[2023-11-10T11:24:19.255-0800][75062887ms] GC(20053) Pause Young (Normal) (G1 Evacuation Pause)
[2023-11-10T11:24:19.255-0800][75062887ms] GC(20053) Using 10 workers of 10 for evacuation
[2023-11-10T11:24:19.261-0800][75062893ms] GC(20053)   Pre Evacuate Collection Set: 0.1ms
[2023-11-10T11:24:19.261-0800][75062893ms] GC(20053)   Evacuate Collection Set: 1.8ms
[2023-11-10T11:24:19.261-0800][75062893ms] GC(20053)   Post Evacuate Collection Set: 3.9ms
[2023-11-10T11:24:19.261-0800][75062893ms] GC(20053)   Other: 0.3ms
[2023-11-10T11:24:19.261-0800][75062893ms] GC(20053) Eden regions: 225->0(226)
[2023-11-10T11:24:19.261-0800][75062893ms] GC(20053) Survivor regions: 1->1(29)
[2023-11-10T11:24:19.261-0800][75062893ms] GC(20053) Old regions: 1387->1387
[2023-11-10T11:24:19.261-0800][75062893ms] GC(20053) Humongous regions: 5->5
[2023-11-10T11:24:19.261-0800][75062893ms] GC(20053) Metaspace: 304631K->304631K(1347584K)
[2023-11-10T11:24:19.261-0800][75062893ms] GC(20053) Pause Young (Normal) (G1 Evacuation Pause) 3234M->2784M(3602M) 6.265ms
[2023-11-10T11:24:19.261-0800][75062893ms] GC(20053) User=0.05s Sys=0.00s Real=0.01s
[2023-11-10T11:24:19.772-0800][75063404ms] GC(20054) Pause Young (Normal) (G1 Evacuation Pause)
[2023-11-10T11:24:19.772-0800][75063404ms] GC(20054) Using 10 workers of 10 for evacuation
[2023-11-10T11:24:19.777-0800][75063409ms] GC(20054)   Pre Evacuate Collection Set: 0.0ms
[2023-11-10T11:24:19.777-0800][75063409ms] GC(20054)   Evacuate Collection Set: 1.6ms
[2023-11-10T11:24:19.777-0800][75063409ms] GC(20054)   Post Evacuate Collection Set: 3.3ms
[2023-11-10T11:24:19.777-0800][75063409ms] GC(20054)   Other: 0.3ms
[2023-11-10T11:24:19.777-0800][75063409ms] GC(20054) Eden regions: 226->0(226)
[2023-11-10T11:24:19.777-0800][75063409ms] GC(20054) Survivor regions: 1->1(29)
[2023-11-10T11:24:19.777-0800][75063409ms] GC(20054) Old regions: 1387->1387
[2023-11-10T11:24:19.777-0800][75063409ms] GC(20054) Humongous regions: 5->5
[2023-11-10T11:24:19.777-0800][75063409ms] GC(20054) Metaspace: 304631K->304631K(1347584K)
[2023-11-10T11:24:19.777-0800][75063409ms] GC(20054) Pause Young (Normal) (G1 Evacuation Pause) 3236M->2784M(3602M) 5.337ms
[2023-11-10T11:24:19.777-0800][75063409ms] GC(20054) User=0.06s Sys=0.00s Real=0.00s
[2023-11-10T11:24:20.383-0800][75064015ms] GC(20055) Pause Young (Normal) (G1 Evacuation Pause)
[2023-11-10T11:24:20.383-0800][75064015ms] GC(20055) Using 10 workers of 10 for evacuation
[2023-11-10T11:24:20.388-0800][75064020ms] GC(20055)   Pre Evacuate Collection Set: 0.0ms
[2023-11-10T11:24:20.388-0800][75064020ms] GC(20055)   Evacuate Collection Set: 1.7ms
[2023-11-10T11:24:20.388-0800][75064020ms] GC(20055)   Post Evacuate Collection Set: 3.4ms
[2023-11-10T11:24:20.388-0800][75064020ms] GC(20055)   Other: 0.3ms
[2023-11-10T11:24:20.388-0800][75064020ms] GC(20055) Eden regions: 226->0(226)
[2023-11-10T11:24:20.388-0800][75064020ms] GC(20055) Survivor regions: 1->1(29)
[2023-11-10T11:24:20.388-0800][75064020ms] GC(20055) Old regions: 1387->1387
[2023-11-10T11:24:20.388-0800][75064020ms] GC(20055) Humongous regions: 5->5
[2023-11-10T11:24:20.388-0800][75064020ms] GC(20055) Metaspace: 304631K->304631K(1347584K)
[2023-11-10T11:24:20.388-0800][75064020ms] GC(20055) Pause Young (Normal) (G1 Evacuation Pause) 3236M->2784M(3602M) 5.540ms
[2023-11-10T11:24:20.388-0800][75064020ms] GC(20055) User=0.00s Sys=0.00s Real=0.01s
[2023-11-10T11:24:20.882-0800][75064514ms] GC(20056) Pause Young (Normal) (G1 Evacuation Pause)
[2023-11-10T11:24:20.882-0800][75064514ms] GC(20056) Using 10 workers of 10 for evacuation
[2023-11-10T11:24:20.887-0800][75064519ms] GC(20056)   Pre Evacuate Collection Set: 0.0ms
[2023-11-10T11:24:20.887-0800][75064519ms] GC(20056)   Evacuate Collection Set: 1.8ms
[2023-11-10T11:24:20.887-0800][75064519ms] GC(20056)   Post Evacuate Collection Set: 3.0ms
[2023-11-10T11:24:20.887-0800][75064519ms] GC(20056)   Other: 0.3ms
[2023-11-10T11:24:20.887-0800][75064519ms] GC(20056) Eden regions: 226->0(226)
[2023-11-10T11:24:20.887-0800][75064519ms] GC(20056) Survivor regions: 1->1(29)
[2023-11-10T11:24:20.887-0800][75064519ms] GC(20056) Old regions: 1387->1387
[2023-11-10T11:24:20.887-0800][75064519ms] GC(20056) Humongous regions: 5->5
[2023-11-10T11:24:20.887-0800][75064519ms] GC(20056) Metaspace: 304631K->304631K(1347584K)
[2023-11-10T11:24:20.887-0800][75064519ms] GC(20056) Pause Young (Normal) (G1 Evacuation Pause) 3236M->2784M(3602M) 5.265ms
[2023-11-10T11:24:20.887-0800][75064519ms] GC(20056) User=0.02s Sys=0.00s Real=0.01s
[2023-11-10T11:24:21.465-0800][75065097ms] GC(20057) Pause Young (Normal) (G1 Evacuation Pause)
[2023-11-10T11:24:21.465-0800][75065097ms] GC(20057) Using 10 workers of 10 for evacuation
[2023-11-10T11:24:21.470-0800][75065102ms] GC(20057)   Pre Evacuate Collection Set: 0.1ms
[2023-11-10T11:24:21.470-0800][75065102ms] GC(20057)   Evacuate Collection Set: 1.8ms
[2023-11-10T11:24:21.470-0800][75065102ms] GC(20057)   Post Evacuate Collection Set: 3.3ms
[2023-11-10T11:24:21.470-0800][75065102ms] GC(20057)   Other: 0.3ms
[2023-11-10T11:24:21.470-0800][75065102ms] GC(20057) Eden regions: 226->0(226)
[2023-11-10T11:24:21.470-0800][75065102ms] GC(20057) Survivor regions: 1->1(29)
[2023-11-10T11:24:21.470-0800][75065102ms] GC(20057) Old regions: 1387->1387
[2023-11-10T11:24:21.470-0800][75065102ms] GC(20057) Humongous regions: 5->5
[2023-11-10T11:24:21.470-0800][75065102ms] GC(20057) Metaspace: 304631K->304631K(1347584K)
[2023-11-10T11:24:21.470-0800][75065102ms] GC(20057) Pause Young (Normal) (G1 Evacuation Pause) 3236M->2784M(3602M) 5.585ms
[2023-11-10T11:24:21.470-0800][75065102ms] GC(20057) User=0.00s Sys=0.00s Real=0.01s
[2023-11-10T11:24:22.032-0800][75065664ms] GC(20058) Pause Young (Normal) (G1 Evacuation Pause)
[2023-11-10T11:24:22.032-0800][75065664ms] GC(20058) Using 10 workers of 10 for evacuation
[2023-11-10T11:24:22.037-0800][75065669ms] GC(20058)   Pre Evacuate Collection Set: 0.0ms
[2023-11-10T11:24:22.037-0800][75065669ms] GC(20058)   Evacuate Collection Set: 1.7ms
[2023-11-10T11:24:22.037-0800][75065669ms] GC(20058)   Post Evacuate Collection Set: 3.1ms
[2023-11-10T11:24:22.037-0800][75065669ms] GC(20058)   Other: 0.3ms
[2023-11-10T11:24:22.037-0800][75065669ms] GC(20058) Eden regions: 226->0(226)
[2023-11-10T11:24:22.037-0800][75065669ms] GC(20058) Survivor regions: 1->1(29)
[2023-11-10T11:24:22.037-0800][75065669ms] GC(20058) Old regions: 1387->1387
[2023-11-10T11:24:22.037-0800][75065669ms] GC(20058) Humongous regions: 5->5
[2023-11-10T11:24:22.037-0800][75065669ms] GC(20058) Metaspace: 304631K->304631K(1347584K)
[2023-11-10T11:24:22.037-0800][75065669ms] GC(20058) Pause Young (Normal) (G1 Evacuation Pause) 3236M->2784M(3602M) 5.172ms
[2023-11-10T11:24:22.037-0800][75065669ms] GC(20058) User=0.00s Sys=0.00s Real=0.00s
[2023-11-10T11:24:22.601-0800][75066233ms] GC(20059) Pause Young (Normal) (GCLocker Initiated GC)
[2023-11-10T11:24:22.601-0800][75066233ms] GC(20059) Using 10 workers of 10 for evacuation
[2023-11-10T11:24:22.605-0800][75066237ms] GC(20059)   Pre Evacuate Collection Set: 0.1ms
[2023-11-10T11:24:22.605-0800][75066237ms] GC(20059)   Evacuate Collection Set: 1.7ms
[2023-11-10T11:24:22.605-0800][75066237ms] GC(20059)   Post Evacuate Collection Set: 3.3ms
[2023-11-10T11:24:22.605-0800][75066237ms] GC(20059)   Other: 0.3ms
[2023-11-10T11:24:22.605-0800][75066237ms] GC(20059) Eden regions: 227->0(225)
[2023-11-10T11:24:22.605-0800][75066237ms] GC(20059) Survivor regions: 1->1(29)
[2023-11-10T11:24:22.605-0800][75066237ms] GC(20059) Old regions: 1387->1388
[2023-11-10T11:24:22.605-0800][75066237ms] GC(20059) Humongous regions: 5->5
[2023-11-10T11:24:22.605-0800][75066237ms] GC(20059) Metaspace: 304631K->304631K(1347584K)
[2023-11-10T11:24:22.605-0800][75066237ms] GC(20059) Pause Young (Normal) (GCLocker Initiated GC) 3236M->2784M(3602M) 5.452ms
[2023-11-10T11:24:22.605-0800][75066237ms] GC(20059) User=0.02s Sys=0.00s Real=0.00s
[2023-11-10T11:24:23.187-0800][75066819ms] GC(20060) Pause Young (Normal) (GCLocker Initiated GC)
[2023-11-10T11:24:23.187-0800][75066819ms] GC(20060) Using 10 workers of 10 for evacuation
[2023-11-10T11:24:23.193-0800][75066825ms] GC(20060)   Pre Evacuate Collection Set: 0.1ms
[2023-11-10T11:24:23.193-0800][75066825ms] GC(20060)   Evacuate Collection Set: 1.8ms
[2023-11-10T11:24:23.193-0800][75066825ms] GC(20060)   Post Evacuate Collection Set: 4.5ms
[2023-11-10T11:24:23.193-0800][75066825ms] GC(20060)   Other: 0.3ms
[2023-11-10T11:24:23.193-0800][75066825ms] GC(20060) Eden regions: 226->0(225)
[2023-11-10T11:24:23.193-0800][75066825ms] GC(20060) Survivor regions: 1->1(29)
[2023-11-10T11:24:23.193-0800][75066825ms] GC(20060) Old regions: 1388->1388
[2023-11-10T11:24:23.193-0800][75066825ms] GC(20060) Humongous regions: 5->5
[2023-11-10T11:24:23.193-0800][75066825ms] GC(20060) Metaspace: 304631K->304631K(1347584K)
[2023-11-10T11:24:23.193-0800][75066825ms] GC(20060) Pause Young (Normal) (GCLocker Initiated GC) 3235M->2784M(3602M) 6.816ms
[2023-11-10T11:24:23.193-0800][75066825ms] GC(20060) User=0.00s Sys=0.00s Real=0.01s
[2023-11-10T11:24:23.756-0800][75067388ms] GC(20061) Pause Young (Normal) (GCLocker Initiated GC)
[2023-11-10T11:24:23.756-0800][75067388ms] GC(20061) Using 10 workers of 10 for evacuation
[2023-11-10T11:24:23.763-0800][75067395ms] GC(20061)   Pre Evacuate Collection Set: 0.1ms
[2023-11-10T11:24:23.763-0800][75067395ms] GC(20061)   Evacuate Collection Set: 2.6ms
[2023-11-10T11:24:23.763-0800][75067395ms] GC(20061)   Post Evacuate Collection Set: 3.8ms
[2023-11-10T11:24:23.763-0800][75067395ms] GC(20061)   Other: 0.3ms
[2023-11-10T11:24:23.763-0800][75067395ms] GC(20061) Eden regions: 225->0(225)
[2023-11-10T11:24:23.763-0800][75067395ms] GC(20061) Survivor regions: 1->1(29)
[2023-11-10T11:24:23.763-0800][75067395ms] GC(20061) Old regions: 1388->1388
[2023-11-10T11:24:23.763-0800][75067395ms] GC(20061) Humongous regions: 5->5
[2023-11-10T11:24:23.763-0800][75067395ms] GC(20061) Metaspace: 304631K->304631K(1347584K)
[2023-11-10T11:24:23.763-0800][75067395ms] GC(20061) Pause Young (Normal) (GCLocker Initiated GC) 3234M->2784M(3602M) 6.827ms
[2023-11-10T11:24:23.763-0800][75067395ms] GC(20061) User=0.14s Sys=0.00s Real=0.01s
[2023-11-10T11:24:24.289-0800][75067921ms] GC(20062) Pause Young (Normal) (GCLocker Initiated GC)
[2023-11-10T11:24:24.289-0800][75067921ms] GC(20062) Using 10 workers of 10 for evacuation
[2023-11-10T11:24:24.295-0800][75067927ms] GC(20062)   Pre Evacuate Collection Set: 0.1ms
[2023-11-10T11:24:24.295-0800][75067927ms] GC(20062)   Evacuate Collection Set: 2.4ms
[2023-11-10T11:24:24.295-0800][75067927ms] GC(20062)   Post Evacuate Collection Set: 4.0ms
[2023-11-10T11:24:24.295-0800][75067927ms] GC(20062)   Other: 0.3ms
[2023-11-10T11:24:24.295-0800][75067927ms] GC(20062) Eden regions: 225->0(225)
[2023-11-10T11:24:24.295-0800][75067927ms] GC(20062) Survivor regions: 1->1(29)
[2023-11-10T11:24:24.295-0800][75067927ms] GC(20062) Old regions: 1388->1388
[2023-11-10T11:24:24.295-0800][75067927ms] GC(20062) Humongous regions: 5->5
[2023-11-10T11:24:24.295-0800][75067927ms] GC(20062) Metaspace: 304631K->304631K(1347584K)
[2023-11-10T11:24:24.296-0800][75067928ms] GC(20062) Pause Young (Normal) (GCLocker Initiated GC) 3234M->2784M(3602M) 6.834ms
[2023-11-10T11:24:24.296-0800][75067928ms] GC(20062) User=0.00s Sys=0.00s Real=0.01s
[2023-11-10T11:24:24.861-0800][75068493ms] GC(20063) Pause Young (Normal) (G1 Evacuation Pause)
[2023-11-10T11:24:24.861-0800][75068493ms] GC(20063) Using 10 workers of 10 for evacuation
[2023-11-10T11:24:24.866-0800][75068498ms] GC(20063)   Pre Evacuate Collection Set: 0.0ms
[2023-11-10T11:24:24.866-0800][75068498ms] GC(20063)   Evacuate Collection Set: 1.9ms
[2023-11-10T11:24:24.866-0800][75068498ms] GC(20063)   Post Evacuate Collection Set: 3.3ms
[2023-11-10T11:24:24.866-0800][75068498ms] GC(20063)   Other: 0.3ms
[2023-11-10T11:24:24.866-0800][75068498ms] GC(20063) Eden regions: 225->0(225)
[2023-11-10T11:24:24.866-0800][75068498ms] GC(20063) Survivor regions: 1->1(29)
[2023-11-10T11:24:24.866-0800][75068498ms] GC(20063) Old regions: 1388->1388
[2023-11-10T11:24:24.866-0800][75068498ms] GC(20063) Humongous regions: 5->5
[2023-11-10T11:24:24.866-0800][75068498ms] GC(20063) Metaspace: 304631K->304631K(1347584K)
[2023-11-10T11:24:24.866-0800][75068498ms] GC(20063) Pause Young (Normal) (G1 Evacuation Pause) 3234M->2784M(3602M) 5.659ms
[2023-11-10T11:24:24.866-0800][75068498ms] GC(20063) User=0.02s Sys=0.00s Real=0.00s
[2023-11-10T11:24:25.454-0800][75069086ms] GC(20064) Pause Young (Normal) (G1 Evacuation Pause)
[2023-11-10T11:24:25.454-0800][75069086ms] GC(20064) Using 10 workers of 10 for evacuation
[2023-11-10T11:24:25.461-0800][75069093ms] GC(20064)   Pre Evacuate Collection Set: 0.1ms
[2023-11-10T11:24:25.461-0800][75069093ms] GC(20064)   Evacuate Collection Set: 2.6ms
[2023-11-10T11:24:25.461-0800][75069093ms] GC(20064)   Post Evacuate Collection Set: 4.0ms
[2023-11-10T11:24:25.461-0800][75069093ms] GC(20064)   Other: 0.3ms
[2023-11-10T11:24:25.461-0800][75069093ms] GC(20064) Eden regions: 225->0(225)
[2023-11-10T11:24:25.461-0800][75069093ms] GC(20064) Survivor regions: 1->1(29)
[2023-11-10T11:24:25.461-0800][75069093ms] GC(20064) Old regions: 1388->1388
[2023-11-10T11:24:25.461-0800][75069093ms] GC(20064) Humongous regions: 5->5
[2023-11-10T11:24:25.461-0800][75069093ms] GC(20064) Metaspace: 304631K->304631K(1347584K)
[2023-11-10T11:24:25.461-0800][75069093ms] GC(20064) Pause Young (Normal) (G1 Evacuation Pause) 3234M->2784M(3602M) 7.149ms
[2023-11-10T11:24:25.461-0800][75069093ms] GC(20064) User=0.02s Sys=0.00s Real=0.01s
[2023-11-10T11:24:25.972-0800][75069604ms] GC(20065) Pause Young (Normal) (G1 Evacuation Pause)
[2023-11-10T11:24:25.972-0800][75069604ms] GC(20065) Using 10 workers of 10 for evacuation
[2023-11-10T11:24:25.977-0800][75069609ms] GC(20065)   Pre Evacuate Collection Set: 0.0ms
[2023-11-10T11:24:25.977-0800][75069609ms] GC(20065)   Evacuate Collection Set: 1.7ms
[2023-11-10T11:24:25.977-0800][75069609ms] GC(20065)   Post Evacuate Collection Set: 3.5ms
[2023-11-10T11:24:25.977-0800][75069609ms] GC(20065)   Other: 0.3ms
[2023-11-10T11:24:25.977-0800][75069609ms] GC(20065) Eden regions: 225->0(225)
[2023-11-10T11:24:25.977-0800][75069609ms] GC(20065) Survivor regions: 1->1(29)
[2023-11-10T11:24:25.977-0800][75069609ms] GC(20065) Old regions: 1388->1388
[2023-11-10T11:24:25.977-0800][75069609ms] GC(20065) Humongous regions: 5->5
[2023-11-10T11:24:25.977-0800][75069609ms] GC(20065) Metaspace: 304631K->304631K(1347584K)
[2023-11-10T11:24:25.977-0800][75069609ms] GC(20065) Pause Young (Normal) (G1 Evacuation Pause) 3234M->2784M(3602M) 5.679ms
[2023-11-10T11:24:25.977-0800][75069609ms] GC(20065) User=0.00s Sys=0.00s Real=0.01s
[2023-11-10T11:24:26.561-0800][75070193ms] GC(20066) Pause Young (Normal) (G1 Evacuation Pause)
[2023-11-10T11:24:26.561-0800][75070193ms] GC(20066) Using 10 workers of 10 for evacuation
[2023-11-10T11:24:26.569-0800][75070201ms] GC(20066)   Pre Evacuate Collection Set: 0.1ms
[2023-11-10T11:24:26.569-0800][75070201ms] GC(20066)   Evacuate Collection Set: 2.5ms
[2023-11-10T11:24:26.569-0800][75070201ms] GC(20066)   Post Evacuate Collection Set: 4.7ms
[2023-11-10T11:24:26.569-0800][75070201ms] GC(20066)   Other: 0.4ms
[2023-11-10T11:24:26.569-0800][75070201ms] GC(20066) Eden regions: 225->0(225)
[2023-11-10T11:24:26.569-0800][75070201ms] GC(20066) Survivor regions: 1->1(29)
[2023-11-10T11:24:26.569-0800][75070201ms] GC(20066) Old regions: 1388->1388
[2023-11-10T11:24:26.569-0800][75070201ms] GC(20066) Humongous regions: 5->5
[2023-11-10T11:24:26.569-0800][75070201ms] GC(20066) Metaspace: 304631K->304631K(1347584K)
[2023-11-10T11:24:26.569-0800][75070201ms] GC(20066) Pause Young (Normal) (G1 Evacuation Pause) 3234M->2784M(3602M) 7.885ms
[2023-11-10T11:24:26.569-0800][75070201ms] GC(20066) User=0.00s Sys=0.00s Real=0.01s
[2023-11-10T11:24:27.146-0800][75070778ms] GC(20067) Pause Young (Normal) (G1 Evacuation Pause)
[2023-11-10T11:24:27.146-0800][75070778ms] GC(20067) Using 10 workers of 10 for evacuation
[2023-11-10T11:24:27.150-0800][75070782ms] GC(20067)   Pre Evacuate Collection Set: 0.0ms
[2023-11-10T11:24:27.151-0800][75070783ms] GC(20067)   Evacuate Collection Set: 1.7ms
[2023-11-10T11:24:27.151-0800][75070783ms] GC(20067)   Post Evacuate Collection Set: 3.3ms
[2023-11-10T11:24:27.151-0800][75070783ms] GC(20067)   Other: 0.3ms
[2023-11-10T11:24:27.151-0800][75070783ms] GC(20067) Eden regions: 225->0(225)
[2023-11-10T11:24:27.151-0800][75070783ms] GC(20067) Survivor regions: 1->1(29)
[2023-11-10T11:24:27.151-0800][75070783ms] GC(20067) Old regions: 1388->1388
[2023-11-10T11:24:27.151-0800][75070783ms] GC(20067) Humongous regions: 5->5
[2023-11-10T11:24:27.151-0800][75070783ms] GC(20067) Metaspace: 304631K->304631K(1347584K)
[2023-11-10T11:24:27.151-0800][75070783ms] GC(20067) Pause Young (Normal) (G1 Evacuation Pause) 3234M->2784M(3602M) 5.433ms
[2023-11-10T11:24:27.151-0800][75070783ms] GC(20067) User=0.05s Sys=0.00s Real=0.01s
[2023-11-10T11:24:27.716-0800][75071348ms] GC(20068) Pause Young (Normal) (G1 Evacuation Pause)
[2023-11-10T11:24:27.716-0800][75071348ms] GC(20068) Using 10 workers of 10 for evacuation
[2023-11-10T11:24:27.721-0800][75071353ms] GC(20068)   Pre Evacuate Collection Set: 0.0ms
[2023-11-10T11:24:27.721-0800][75071353ms] GC(20068)   Evacuate Collection Set: 1.6ms
[2023-11-10T11:24:27.721-0800][75071353ms] GC(20068)   Post Evacuate Collection Set: 3.1ms
[2023-11-10T11:24:27.721-0800][75071353ms] GC(20068)   Other: 0.2ms
[2023-11-10T11:24:27.721-0800][75071353ms] GC(20068) Eden regions: 225->0(225)
[2023-11-10T11:24:27.721-0800][75071353ms] GC(20068) Survivor regions: 1->1(29)
[2023-11-10T11:24:27.721-0800][75071353ms] GC(20068) Old regions: 1388->1388
[2023-11-10T11:24:27.721-0800][75071353ms] GC(20068) Humongous regions: 5->5
[2023-11-10T11:24:27.721-0800][75071353ms] GC(20068) Metaspace: 304631K->304631K(1347584K)
[2023-11-10T11:24:27.721-0800][75071353ms] GC(20068) Pause Young (Normal) (G1 Evacuation Pause) 3234M->2784M(3602M) 5.079ms
[2023-11-10T11:24:27.721-0800][75071353ms] GC(20068) User=0.00s Sys=0.00s Real=0.00s
[2023-11-10T11:24:28.256-0800][75071888ms] GC(20069) Pause Young (Normal) (G1 Evacuation Pause)
[2023-11-10T11:24:28.256-0800][75071888ms] GC(20069) Using 10 workers of 10 for evacuation
[2023-11-10T11:24:28.261-0800][75071893ms] GC(20069)   Pre Evacuate Collection Set: 0.0ms
[2023-11-10T11:24:28.261-0800][75071893ms] GC(20069)   Evacuate Collection Set: 1.7ms
[2023-11-10T11:24:28.261-0800][75071893ms] GC(20069)   Post Evacuate Collection Set: 3.5ms
[2023-11-10T11:24:28.261-0800][75071893ms] GC(20069)   Other: 0.3ms
[2023-11-10T11:24:28.261-0800][75071893ms] GC(20069) Eden regions: 225->0(225)
[2023-11-10T11:24:28.261-0800][75071893ms] GC(20069) Survivor regions: 1->1(29)
[2023-11-10T11:24:28.261-0800][75071893ms] GC(20069) Old regions: 1388->1388
[2023-11-10T11:24:28.261-0800][75071893ms] GC(20069) Humongous regions: 5->5
[2023-11-10T11:24:28.261-0800][75071893ms] GC(20069) Metaspace: 304631K->304631K(1347584K)
[2023-11-10T11:24:28.261-0800][75071893ms] GC(20069) Pause Young (Normal) (G1 Evacuation Pause) 3234M->2784M(3602M) 5.592ms
[2023-11-10T11:24:28.261-0800][75071893ms] GC(20069) User=0.16s Sys=0.00s Real=0.00s
[2023-11-10T11:24:28.850-0800][75072482ms] GC(20070) Pause Young (Normal) (G1 Evacuation Pause)
[2023-11-10T11:24:28.850-0800][75072482ms] GC(20070) Using 10 workers of 10 for evacuation
[2023-11-10T11:24:28.855-0800][75072487ms] GC(20070)   Pre Evacuate Collection Set: 0.0ms
[2023-11-10T11:24:28.855-0800][75072487ms] GC(20070)   Evacuate Collection Set: 1.6ms
[2023-11-10T11:24:28.855-0800][75072487ms] GC(20070)   Post Evacuate Collection Set: 3.1ms
[2023-11-10T11:24:28.855-0800][75072487ms] GC(20070)   Other: 0.3ms
[2023-11-10T11:24:28.855-0800][75072487ms] GC(20070) Eden regions: 225->0(225)
[2023-11-10T11:24:28.855-0800][75072487ms] GC(20070) Survivor regions: 1->1(29)
[2023-11-10T11:24:28.855-0800][75072487ms] GC(20070) Old regions: 1388->1388
[2023-11-10T11:24:28.855-0800][75072487ms] GC(20070) Humongous regions: 5->5
[2023-11-10T11:24:28.855-0800][75072487ms] GC(20070) Metaspace: 304631K->304631K(1347584K)
[2023-11-10T11:24:28.855-0800][75072487ms] GC(20070) Pause Young (Normal) (G1 Evacuation Pause) 3234M->2784M(3602M) 5.130ms
[2023-11-10T11:24:28.855-0800][75072487ms] GC(20070) User=0.11s Sys=0.00s Real=0.01s
[2023-11-10T11:24:29.340-0800][75072972ms] GC(20071) Pause Young (Normal) (G1 Evacuation Pause)
[2023-11-10T11:24:29.340-0800][75072972ms] GC(20071) Using 10 workers of 10 for evacuation
[2023-11-10T11:24:29.345-0800][75072977ms] GC(20071)   Pre Evacuate Collection Set: 0.0ms
[2023-11-10T11:24:29.345-0800][75072977ms] GC(20071)   Evacuate Collection Set: 1.8ms
[2023-11-10T11:24:29.345-0800][75072977ms] GC(20071)   Post Evacuate Collection Set: 3.0ms
[2023-11-10T11:24:29.345-0800][75072977ms] GC(20071)   Other: 0.2ms
[2023-11-10T11:24:29.345-0800][75072977ms] GC(20071) Eden regions: 225->0(225)
[2023-11-10T11:24:29.345-0800][75072977ms] GC(20071) Survivor regions: 1->1(29)
[2023-11-10T11:24:29.345-0800][75072977ms] GC(20071) Old regions: 1388->1388
[2023-11-10T11:24:29.345-0800][75072977ms] GC(20071) Humongous regions: 5->5
[2023-11-10T11:24:29.345-0800][75072977ms] GC(20071) Metaspace: 304631K->304631K(1347584K)
[2023-11-10T11:24:29.345-0800][75072977ms] GC(20071) Pause Young (Normal) (G1 Evacuation Pause) 3234M->2784M(3602M) 5.185ms
[2023-11-10T11:24:29.345-0800][75072977ms] GC(20071) User=0.00s Sys=0.00s Real=0.01s
[2023-11-10T11:24:29.930-0800][75073562ms] GC(20072) Pause Young (Normal) (G1 Evacuation Pause)
[2023-11-10T11:24:29.930-0800][75073562ms] GC(20072) Using 10 workers of 10 for evacuation
[2023-11-10T11:24:29.935-0800][75073567ms] GC(20072)   Pre Evacuate Collection Set: 0.0ms
[2023-11-10T11:24:29.935-0800][75073567ms] GC(20072)   Evacuate Collection Set: 1.6ms
[2023-11-10T11:24:29.935-0800][75073567ms] GC(20072)   Post Evacuate Collection Set: 3.1ms
[2023-11-10T11:24:29.935-0800][75073567ms] GC(20072)   Other: 0.3ms
[2023-11-10T11:24:29.935-0800][75073567ms] GC(20072) Eden regions: 225->0(225)
[2023-11-10T11:24:29.935-0800][75073567ms] GC(20072) Survivor regions: 1->1(29)
[2023-11-10T11:24:29.935-0800][75073567ms] GC(20072) Old regions: 1388->1388
[2023-11-10T11:24:29.935-0800][75073567ms] GC(20072) Humongous regions: 5->5
[2023-11-10T11:24:29.935-0800][75073567ms] GC(20072) Metaspace: 304631K->304631K(1347584K)
[2023-11-10T11:24:29.935-0800][75073567ms] GC(20072) Pause Young (Normal) (G1 Evacuation Pause) 3234M->2784M(3602M) 5.039ms
[2023-11-10T11:24:29.935-0800][75073567ms] GC(20072) User=0.00s Sys=0.00s Real=0.00s
[2023-11-10T11:24:30.473-0800][75074105ms] GC(20073) Pause Young (Normal) (G1 Evacuation Pause)
[2023-11-10T11:24:30.473-0800][75074105ms] GC(20073) Using 10 workers of 10 for evacuation
[2023-11-10T11:24:30.478-0800][75074110ms] GC(20073)   Pre Evacuate Collection Set: 0.0ms
[2023-11-10T11:24:30.478-0800][75074110ms] GC(20073)   Evacuate Collection Set: 1.7ms
[2023-11-10T11:24:30.478-0800][75074110ms] GC(20073)   Post Evacuate Collection Set: 3.0ms
[2023-11-10T11:24:30.478-0800][75074110ms] GC(20073)   Other: 0.2ms
[2023-11-10T11:24:30.478-0800][75074110ms] GC(20073) Eden regions: 225->0(225)
[2023-11-10T11:24:30.478-0800][75074110ms] GC(20073) Survivor regions: 1->1(29)
[2023-11-10T11:24:30.478-0800][75074110ms] GC(20073) Old regions: 1388->1388
[2023-11-10T11:24:30.478-0800][75074110ms] GC(20073) Humongous regions: 5->5
[2023-11-10T11:24:30.478-0800][75074110ms] GC(20073) Metaspace: 304631K->304631K(1347584K)
[2023-11-10T11:24:30.478-0800][75074110ms] GC(20073) Pause Young (Normal) (G1 Evacuation Pause) 3234M->2784M(3602M) 5.122ms
[2023-11-10T11:24:30.478-0800][75074110ms] GC(20073) User=0.00s Sys=0.00s Real=0.00s
[2023-11-10T11:24:30.967-0800][75074599ms] GC(20074) Pause Young (Normal) (G1 Evacuation Pause)
[2023-11-10T11:24:30.967-0800][75074599ms] GC(20074) Using 10 workers of 10 for evacuation
[2023-11-10T11:24:30.972-0800][75074604ms] GC(20074)   Pre Evacuate Collection Set: 0.0ms
[2023-11-10T11:24:30.972-0800][75074604ms] GC(20074)   Evacuate Collection Set: 1.7ms
[2023-11-10T11:24:30.972-0800][75074604ms] GC(20074)   Post Evacuate Collection Set: 3.2ms
[2023-11-10T11:24:30.972-0800][75074604ms] GC(20074)   Other: 0.2ms
[2023-11-10T11:24:30.972-0800][75074604ms] GC(20074) Eden regions: 225->0(225)
[2023-11-10T11:24:30.972-0800][75074604ms] GC(20074) Survivor regions: 1->1(29)
[2023-11-10T11:24:30.972-0800][75074604ms] GC(20074) Old regions: 1388->1388
[2023-11-10T11:24:30.972-0800][75074604ms] GC(20074) Humongous regions: 5->5
[2023-11-10T11:24:30.972-0800][75074604ms] GC(20074) Metaspace: 304631K->304631K(1347584K)
[2023-11-10T11:24:30.972-0800][75074604ms] GC(20074) Pause Young (Normal) (G1 Evacuation Pause) 3234M->2784M(3602M) 5.222ms
[2023-11-10T11:24:30.972-0800][75074604ms] GC(20074) User=0.00s Sys=0.00s Real=0.00s
[2023-11-10T11:24:31.555-0800][75075187ms] GC(20075) Pause Young (Normal) (G1 Evacuation Pause)
[2023-11-10T11:24:31.555-0800][75075187ms] GC(20075) Using 10 workers of 10 for evacuation
[2023-11-10T11:24:31.560-0800][75075192ms] GC(20075)   Pre Evacuate Collection Set: 0.0ms
[2023-11-10T11:24:31.560-0800][75075192ms] GC(20075)   Evacuate Collection Set: 1.8ms
[2023-11-10T11:24:31.560-0800][75075192ms] GC(20075)   Post Evacuate Collection Set: 3.4ms
[2023-11-10T11:24:31.560-0800][75075192ms] GC(20075)   Other: 0.3ms
[2023-11-10T11:24:31.560-0800][75075192ms] GC(20075) Eden regions: 225->0(225)
[2023-11-10T11:24:31.560-0800][75075192ms] GC(20075) Survivor regions: 1->1(29)
[2023-11-10T11:24:31.560-0800][75075192ms] GC(20075) Old regions: 1388->1388
[2023-11-10T11:24:31.560-0800][75075192ms] GC(20075) Humongous regions: 5->5
[2023-11-10T11:24:31.560-0800][75075192ms] GC(20075) Metaspace: 304631K->304631K(1347584K)
[2023-11-10T11:24:31.560-0800][75075192ms] GC(20075) Pause Young (Normal) (G1 Evacuation Pause) 3234M->2784M(3602M) 5.620ms
[2023-11-10T11:24:31.560-0800][75075192ms] GC(20075) User=0.00s Sys=0.00s Real=0.00s
[2023-11-10T11:24:32.179-0800][75075811ms] GC(20076) Pause Young (Normal) (G1 Evacuation Pause)
[2023-11-10T11:24:32.179-0800][75075811ms] GC(20076) Using 10 workers of 10 for evacuation
[2023-11-10T11:24:32.185-0800][75075817ms] GC(20076)   Pre Evacuate Collection Set: 0.0ms
[2023-11-10T11:24:32.185-0800][75075817ms] GC(20076)   Evacuate Collection Set: 1.7ms
[2023-11-10T11:24:32.185-0800][75075817ms] GC(20076)   Post Evacuate Collection Set: 4.2ms
[2023-11-10T11:24:32.185-0800][75075817ms] GC(20076)   Other: 0.3ms
[2023-11-10T11:24:32.185-0800][75075817ms] GC(20076) Eden regions: 225->0(225)
[2023-11-10T11:24:32.185-0800][75075817ms] GC(20076) Survivor regions: 1->1(29)
[2023-11-10T11:24:32.185-0800][75075817ms] GC(20076) Old regions: 1388->1388
[2023-11-10T11:24:32.185-0800][75075817ms] GC(20076) Humongous regions: 5->5
[2023-11-10T11:24:32.185-0800][75075817ms] GC(20076) Metaspace: 304631K->304631K(1347584K)
[2023-11-10T11:24:32.185-0800][75075817ms] GC(20076) Pause Young (Normal) (G1 Evacuation Pause) 3234M->2784M(3602M) 6.313ms
[2023-11-10T11:24:32.185-0800][75075817ms] GC(20076) User=0.00s Sys=0.00s Real=0.01s
[2023-11-10T11:24:32.769-0800][75076401ms] GC(20077) Pause Young (Normal) (G1 Evacuation Pause)
[2023-11-10T11:24:32.769-0800][75076401ms] GC(20077) Using 10 workers of 10 for evacuation
[2023-11-10T11:24:32.775-0800][75076407ms] GC(20077)   Pre Evacuate Collection Set: 0.0ms
[2023-11-10T11:24:32.775-0800][75076407ms] GC(20077)   Evacuate Collection Set: 2.0ms
[2023-11-10T11:24:32.775-0800][75076407ms] GC(20077)   Post Evacuate Collection Set: 3.1ms
[2023-11-10T11:24:32.775-0800][75076407ms] GC(20077)   Other: 0.3ms
[2023-11-10T11:24:32.775-0800][75076407ms] GC(20077) Eden regions: 225->0(225)
[2023-11-10T11:24:32.775-0800][75076407ms] GC(20077) Survivor regions: 1->1(29)
[2023-11-10T11:24:32.775-0800][75076407ms] GC(20077) Old regions: 1388->1388
[2023-11-10T11:24:32.775-0800][75076407ms] GC(20077) Humongous regions: 5->5
[2023-11-10T11:24:32.775-0800][75076407ms] GC(20077) Metaspace: 304631K->304631K(1347584K)
[2023-11-10T11:24:32.775-0800][75076407ms] GC(20077) Pause Young (Normal) (G1 Evacuation Pause) 3234M->2784M(3602M) 5.538ms
[2023-11-10T11:24:32.775-0800][75076407ms] GC(20077) User=0.02s Sys=0.00s Real=0.01s
[2023-11-10T11:24:33.310-0800][75076942ms] GC(20078) Pause Young (Normal) (G1 Evacuation Pause)
[2023-11-10T11:24:33.310-0800][75076942ms] GC(20078) Using 10 workers of 10 for evacuation
[2023-11-10T11:24:33.317-0800][75076949ms] GC(20078)   Pre Evacuate Collection Set: 0.0ms
[2023-11-10T11:24:33.317-0800][75076949ms] GC(20078)   Evacuate Collection Set: 2.3ms
[2023-11-10T11:24:33.317-0800][75076949ms] GC(20078)   Post Evacuate Collection Set: 3.6ms
[2023-11-10T11:24:33.317-0800][75076949ms] GC(20078)   Other: 0.2ms
[2023-11-10T11:24:33.317-0800][75076949ms] GC(20078) Eden regions: 225->0(225)
[2023-11-10T11:24:33.317-0800][75076949ms] GC(20078) Survivor regions: 1->1(29)
[2023-11-10T11:24:33.317-0800][75076949ms] GC(20078) Old regions: 1388->1388
[2023-11-10T11:24:33.317-0800][75076949ms] GC(20078) Humongous regions: 5->5
[2023-11-10T11:24:33.317-0800][75076949ms] GC(20078) Metaspace: 304631K->304631K(1347584K)
[2023-11-10T11:24:33.317-0800][75076949ms] GC(20078) Pause Young (Normal) (G1 Evacuation Pause) 3234M->2784M(3602M) 6.255ms
[2023-11-10T11:24:33.317-0800][75076949ms] GC(20078) User=0.00s Sys=0.00s Real=0.01s
[2023-11-10T11:24:33.918-0800][75077550ms] GC(20079) Pause Young (Normal) (G1 Evacuation Pause)
[2023-11-10T11:24:33.918-0800][75077550ms] GC(20079) Using 10 workers of 10 for evacuation
[2023-11-10T11:24:33.923-0800][75077555ms] GC(20079)   Pre Evacuate Collection Set: 0.0ms
[2023-11-10T11:24:33.923-0800][75077555ms] GC(20079)   Evacuate Collection Set: 1.7ms
[2023-11-10T11:24:33.923-0800][75077555ms] GC(20079)   Post Evacuate Collection Set: 3.1ms
[2023-11-10T11:24:33.923-0800][75077555ms] GC(20079)   Other: 0.3ms
[2023-11-10T11:24:33.923-0800][75077555ms] GC(20079) Eden regions: 225->0(225)
[2023-11-10T11:24:33.923-0800][75077555ms] GC(20079) Survivor regions: 1->1(29)
[2023-11-10T11:24:33.923-0800][75077555ms] GC(20079) Old regions: 1388->1388
[2023-11-10T11:24:33.923-0800][75077555ms] GC(20079) Humongous regions: 5->5
[2023-11-10T11:24:33.923-0800][75077555ms] GC(20079) Metaspace: 304631K->304631K(1347584K)
[2023-11-10T11:24:33.923-0800][75077555ms] GC(20079) Pause Young (Normal) (G1 Evacuation Pause) 3234M->2784M(3602M) 5.202ms
[2023-11-10T11:24:33.923-0800][75077555ms] GC(20079) User=0.00s Sys=0.00s Real=0.01s
[2023-11-10T11:24:34.505-0800][75078137ms] GC(20080) Pause Young (Normal) (G1 Evacuation Pause)
[2023-11-10T11:24:34.505-0800][75078137ms] GC(20080) Using 10 workers of 10 for evacuation
[2023-11-10T11:24:34.511-0800][75078143ms] GC(20080)   Pre Evacuate Collection Set: 0.1ms
[2023-11-10T11:24:34.512-0800][75078144ms] GC(20080)   Evacuate Collection Set: 2.8ms
[2023-11-10T11:24:34.512-0800][75078144ms] GC(20080)   Post Evacuate Collection Set: 3.9ms
[2023-11-10T11:24:34.512-0800][75078144ms] GC(20080)   Other: 0.4ms
[2023-11-10T11:24:34.512-0800][75078144ms] GC(20080) Eden regions: 225->0(225)
[2023-11-10T11:24:34.512-0800][75078144ms] GC(20080) Survivor regions: 1->1(29)
[2023-11-10T11:24:34.512-0800][75078144ms] GC(20080) Old regions: 1388->1388
[2023-11-10T11:24:34.512-0800][75078144ms] GC(20080) Humongous regions: 5->5
[2023-11-10T11:24:34.512-0800][75078144ms] GC(20080) Metaspace: 304631K->304631K(1347584K)
[2023-11-10T11:24:34.512-0800][75078144ms] GC(20080) Pause Young (Normal) (G1 Evacuation Pause) 3234M->2784M(3602M) 7.324ms
[2023-11-10T11:24:34.512-0800][75078144ms] GC(20080) User=0.02s Sys=0.00s Real=0.01s
[2023-11-10T11:24:35.027-0800][75078659ms] GC(20081) Pause Young (Normal) (G1 Evacuation Pause)
[2023-11-10T11:24:35.027-0800][75078659ms] GC(20081) Using 10 workers of 10 for evacuation
[2023-11-10T11:24:35.033-0800][75078665ms] GC(20081)   Pre Evacuate Collection Set: 0.0ms
[2023-11-10T11:24:35.033-0800][75078665ms] GC(20081)   Evacuate Collection Set: 1.8ms
[2023-11-10T11:24:35.033-0800][75078665ms] GC(20081)   Post Evacuate Collection Set: 3.8ms
[2023-11-10T11:24:35.033-0800][75078665ms] GC(20081)   Other: 0.3ms
[2023-11-10T11:24:35.033-0800][75078665ms] GC(20081) Eden regions: 225->0(225)
[2023-11-10T11:24:35.033-0800][75078665ms] GC(20081) Survivor regions: 1->1(29)
[2023-11-10T11:24:35.033-0800][75078665ms] GC(20081) Old regions: 1388->1388
[2023-11-10T11:24:35.033-0800][75078665ms] GC(20081) Humongous regions: 5->5
[2023-11-10T11:24:35.033-0800][75078665ms] GC(20081) Metaspace: 304631K->304631K(1347584K)
[2023-11-10T11:24:35.033-0800][75078665ms] GC(20081) Pause Young (Normal) (G1 Evacuation Pause) 3234M->2784M(3602M) 6.071ms
[2023-11-10T11:24:35.033-0800][75078665ms] GC(20081) User=0.00s Sys=0.00s Real=0.01s
[2023-11-10T11:24:35.647-0800][75079279ms] GC(20082) Pause Young (Normal) (G1 Evacuation Pause)
[2023-11-10T11:24:35.647-0800][75079279ms] GC(20082) Using 10 workers of 10 for evacuation
[2023-11-10T11:24:35.655-0800][75079287ms] GC(20082)   Pre Evacuate Collection Set: 0.1ms
[2023-11-10T11:24:35.655-0800][75079287ms] GC(20082)   Evacuate Collection Set: 2.7ms
[2023-11-10T11:24:35.655-0800][75079287ms] GC(20082)   Post Evacuate Collection Set: 4.1ms
[2023-11-10T11:24:35.655-0800][75079287ms] GC(20082)   Other: 0.3ms
[2023-11-10T11:24:35.655-0800][75079287ms] GC(20082) Eden regions: 225->0(225)
[2023-11-10T11:24:35.655-0800][75079287ms] GC(20082) Survivor regions: 1->1(29)
[2023-11-10T11:24:35.655-0800][75079287ms] GC(20082) Old regions: 1388->1388
[2023-11-10T11:24:35.655-0800][75079287ms] GC(20082) Humongous regions: 5->5
[2023-11-10T11:24:35.655-0800][75079287ms] GC(20082) Metaspace: 304631K->304631K(1347584K)
[2023-11-10T11:24:35.655-0800][75079287ms] GC(20082) Pause Young (Normal) (G1 Evacuation Pause) 3234M->2784M(3602M) 7.317ms
[2023-11-10T11:24:35.655-0800][75079287ms] GC(20082) User=0.00s Sys=0.00s Real=0.01s
[2023-11-10T11:24:36.163-0800][75079795ms] GC(20083) Pause Young (Normal) (G1 Evacuation Pause)
[2023-11-10T11:24:36.163-0800][75079795ms] GC(20083) Using 10 workers of 10 for evacuation
[2023-11-10T11:24:36.169-0800][75079801ms] GC(20083)   Pre Evacuate Collection Set: 0.1ms
[2023-11-10T11:24:36.169-0800][75079801ms] GC(20083)   Evacuate Collection Set: 2.2ms
[2023-11-10T11:24:36.169-0800][75079801ms] GC(20083)   Post Evacuate Collection Set: 3.3ms
[2023-11-10T11:24:36.169-0800][75079801ms] GC(20083)   Other: 0.3ms
[2023-11-10T11:24:36.169-0800][75079801ms] GC(20083) Eden regions: 225->0(225)
[2023-11-10T11:24:36.169-0800][75079801ms] GC(20083) Survivor regions: 1->1(29)
[2023-11-10T11:24:36.169-0800][75079801ms] GC(20083) Old regions: 1388->1388
[2023-11-10T11:24:36.169-0800][75079801ms] GC(20083) Humongous regions: 5->5
[2023-11-10T11:24:36.169-0800][75079801ms] GC(20083) Metaspace: 304631K->304631K(1347584K)
[2023-11-10T11:24:36.169-0800][75079801ms] GC(20083) Pause Young (Normal) (G1 Evacuation Pause) 3234M->2784M(3602M) 5.935ms
[2023-11-10T11:24:36.169-0800][75079801ms] GC(20083) User=0.00s Sys=0.00s Real=0.01s
[2023-11-10T11:24:36.658-0800][75080290ms] GC(20084) Pause Young (Normal) (G1 Evacuation Pause)
[2023-11-10T11:24:36.658-0800][75080290ms] GC(20084) Using 10 workers of 10 for evacuation
[2023-11-10T11:24:36.664-0800][75080296ms] GC(20084)   Pre Evacuate Collection Set: 0.1ms
[2023-11-10T11:24:36.664-0800][75080296ms] GC(20084)   Evacuate Collection Set: 2.3ms
[2023-11-10T11:24:36.664-0800][75080296ms] GC(20084)   Post Evacuate Collection Set: 3.6ms
[2023-11-10T11:24:36.664-0800][75080296ms] GC(20084)   Other: 0.4ms
[2023-11-10T11:24:36.664-0800][75080296ms] GC(20084) Eden regions: 225->0(225)
[2023-11-10T11:24:36.664-0800][75080296ms] GC(20084) Survivor regions: 1->1(29)
[2023-11-10T11:24:36.664-0800][75080296ms] GC(20084) Old regions: 1388->1388
[2023-11-10T11:24:36.664-0800][75080296ms] GC(20084) Humongous regions: 5->5
[2023-11-10T11:24:36.664-0800][75080296ms] GC(20084) Metaspace: 304631K->304631K(1347584K)
[2023-11-10T11:24:36.664-0800][75080296ms] GC(20084) Pause Young (Normal) (G1 Evacuation Pause) 3234M->2785M(3602M) 6.482ms
[2023-11-10T11:24:36.664-0800][75080296ms] GC(20084) User=0.00s Sys=0.00s Real=0.01s
[2023-11-10T11:24:37.289-0800][75080921ms] GC(20085) Pause Young (Normal) (G1 Evacuation Pause)
[2023-11-10T11:24:37.289-0800][75080921ms] GC(20085) Using 10 workers of 10 for evacuation
[2023-11-10T11:24:37.294-0800][75080926ms] GC(20085)   Pre Evacuate Collection Set: 0.0ms
[2023-11-10T11:24:37.294-0800][75080926ms] GC(20085)   Evacuate Collection Set: 1.7ms
[2023-11-10T11:24:37.294-0800][75080926ms] GC(20085)   Post Evacuate Collection Set: 3.0ms
[2023-11-10T11:24:37.294-0800][75080926ms] GC(20085)   Other: 0.3ms
[2023-11-10T11:24:37.294-0800][75080926ms] GC(20085) Eden regions: 225->0(225)
[2023-11-10T11:24:37.295-0800][75080927ms] GC(20085) Survivor regions: 1->1(29)
[2023-11-10T11:24:37.295-0800][75080927ms] GC(20085) Old regions: 1388->1388
[2023-11-10T11:24:37.295-0800][75080927ms] GC(20085) Humongous regions: 5->5
[2023-11-10T11:24:37.295-0800][75080927ms] GC(20085) Metaspace: 304631K->304631K(1347584K)
[2023-11-10T11:24:37.295-0800][75080927ms] GC(20085) Pause Young (Normal) (G1 Evacuation Pause) 3235M->2785M(3602M) 5.075ms
[2023-11-10T11:24:37.295-0800][75080927ms] GC(20085) User=0.00s Sys=0.00s Real=0.01s
[2023-11-10T11:24:37.874-0800][75081506ms] GC(20086) Pause Young (Normal) (G1 Evacuation Pause)
[2023-11-10T11:24:37.874-0800][75081506ms] GC(20086) Using 10 workers of 10 for evacuation
[2023-11-10T11:24:37.879-0800][75081511ms] GC(20086)   Pre Evacuate Collection Set: 0.0ms
[2023-11-10T11:24:37.879-0800][75081511ms] GC(20086)   Evacuate Collection Set: 1.7ms
[2023-11-10T11:24:37.879-0800][75081511ms] GC(20086)   Post Evacuate Collection Set: 3.7ms
[2023-11-10T11:24:37.879-0800][75081511ms] GC(20086)   Other: 0.3ms
[2023-11-10T11:24:37.879-0800][75081511ms] GC(20086) Eden regions: 225->0(225)
[2023-11-10T11:24:37.879-0800][75081511ms] GC(20086) Survivor regions: 1->1(29)
[2023-11-10T11:24:37.879-0800][75081511ms] GC(20086) Old regions: 1388->1388
[2023-11-10T11:24:37.879-0800][75081511ms] GC(20086) Humongous regions: 5->5
[2023-11-10T11:24:37.879-0800][75081511ms] GC(20086) Metaspace: 304631K->304631K(1347584K)
[2023-11-10T11:24:37.879-0800][75081511ms] GC(20086) Pause Young (Normal) (G1 Evacuation Pause) 3235M->2785M(3602M) 5.774ms
[2023-11-10T11:24:37.879-0800][75081511ms] GC(20086) User=0.00s Sys=0.00s Real=0.00s
[2023-11-10T11:24:38.377-0800][75082009ms] GC(20087) Pause Young (Normal) (G1 Evacuation Pause)
[2023-11-10T11:24:38.377-0800][75082009ms] GC(20087) Using 10 workers of 10 for evacuation
[2023-11-10T11:24:38.383-0800][75082015ms] GC(20087)   Pre Evacuate Collection Set: 0.0ms
[2023-11-10T11:24:38.383-0800][75082015ms] GC(20087)   Evacuate Collection Set: 1.7ms
[2023-11-10T11:24:38.383-0800][75082015ms] GC(20087)   Post Evacuate Collection Set: 3.5ms
[2023-11-10T11:24:38.383-0800][75082015ms] GC(20087)   Other: 0.3ms
[2023-11-10T11:24:38.383-0800][75082015ms] GC(20087) Eden regions: 225->0(224)
[2023-11-10T11:24:38.383-0800][75082015ms] GC(20087) Survivor regions: 1->1(29)
[2023-11-10T11:24:38.383-0800][75082015ms] GC(20087) Old regions: 1388->1388
[2023-11-10T11:24:38.383-0800][75082015ms] GC(20087) Humongous regions: 5->5
[2023-11-10T11:24:38.383-0800][75082015ms] GC(20087) Metaspace: 304631K->304631K(1347584K)
[2023-11-10T11:24:38.383-0800][75082015ms] GC(20087) Pause Young (Normal) (G1 Evacuation Pause) 3235M->2785M(3602M) 5.633ms
[2023-11-10T11:24:38.383-0800][75082015ms] GC(20087) User=0.00s Sys=0.00s Real=0.01s
[2023-11-10T11:24:38.939-0800][75082571ms] GC(20088) Pause Young (Normal) (G1 Evacuation Pause)
[2023-11-10T11:24:38.939-0800][75082571ms] GC(20088) Using 10 workers of 10 for evacuation
[2023-11-10T11:24:38.945-0800][75082577ms] GC(20088)   Pre Evacuate Collection Set: 0.0ms
[2023-11-10T11:24:38.945-0800][75082577ms] GC(20088)   Evacuate Collection Set: 1.7ms
[2023-11-10T11:24:38.945-0800][75082577ms] GC(20088)   Post Evacuate Collection Set: 3.1ms
[2023-11-10T11:24:38.945-0800][75082577ms] GC(20088)   Other: 0.3ms
[2023-11-10T11:24:38.945-0800][75082577ms] GC(20088) Eden regions: 224->0(224)
[2023-11-10T11:24:38.945-0800][75082577ms] GC(20088) Survivor regions: 1->1(29)
[2023-11-10T11:24:38.945-0800][75082577ms] GC(20088) Old regions: 1388->1388
[2023-11-10T11:24:38.945-0800][75082577ms] GC(20088) Humongous regions: 5->5
[2023-11-10T11:24:38.945-0800][75082577ms] GC(20088) Metaspace: 304631K->304631K(1347584K)
[2023-11-10T11:24:38.945-0800][75082577ms] GC(20088) Pause Young (Normal) (G1 Evacuation Pause) 3233M->2785M(3602M) 5.274ms
[2023-11-10T11:24:38.945-0800][75082577ms] GC(20088) User=0.00s Sys=0.00s Real=0.01s
[2023-11-10T11:24:39.441-0800][75083073ms] GC(20089) Pause Young (Normal) (G1 Evacuation Pause)
[2023-11-10T11:24:39.441-0800][75083073ms] GC(20089) Using 10 workers of 10 for evacuation
[2023-11-10T11:24:39.446-0800][75083078ms] GC(20089)   Pre Evacuate Collection Set: 0.1ms
[2023-11-10T11:24:39.446-0800][75083078ms] GC(20089)   Evacuate Collection Set: 1.8ms
[2023-11-10T11:24:39.446-0800][75083078ms] GC(20089)   Post Evacuate Collection Set: 3.3ms
[2023-11-10T11:24:39.446-0800][75083078ms] GC(20089)   Other: 0.3ms
[2023-11-10T11:24:39.446-0800][75083078ms] GC(20089) Eden regions: 224->0(224)
[2023-11-10T11:24:39.446-0800][75083078ms] GC(20089) Survivor regions: 1->1(29)
[2023-11-10T11:24:39.446-0800][75083078ms] GC(20089) Old regions: 1388->1388
[2023-11-10T11:24:39.446-0800][75083078ms] GC(20089) Humongous regions: 5->5
[2023-11-10T11:24:39.446-0800][75083078ms] GC(20089) Metaspace: 304631K->304631K(1347584K)
[2023-11-10T11:24:39.446-0800][75083078ms] GC(20089) Pause Young (Normal) (G1 Evacuation Pause) 3233M->2785M(3602M) 5.615ms
[2023-11-10T11:24:39.446-0800][75083078ms] GC(20089) User=0.02s Sys=0.00s Real=0.01s
[2023-11-10T11:24:39.982-0800][75083614ms] GC(20090) Pause Young (Normal) (G1 Evacuation Pause)
[2023-11-10T11:24:39.982-0800][75083614ms] GC(20090) Using 10 workers of 10 for evacuation
[2023-11-10T11:24:39.989-0800][75083621ms] GC(20090)   Pre Evacuate Collection Set: 0.1ms
[2023-11-10T11:24:39.989-0800][75083621ms] GC(20090)   Evacuate Collection Set: 1.8ms
[2023-11-10T11:24:39.989-0800][75083621ms] GC(20090)   Post Evacuate Collection Set: 4.3ms
[2023-11-10T11:24:39.989-0800][75083621ms] GC(20090)   Other: 0.5ms
[2023-11-10T11:24:39.989-0800][75083621ms] GC(20090) Eden regions: 224->0(224)
[2023-11-10T11:24:39.989-0800][75083621ms] GC(20090) Survivor regions: 1->1(29)
[2023-11-10T11:24:39.989-0800][75083621ms] GC(20090) Old regions: 1388->1388
[2023-11-10T11:24:39.989-0800][75083621ms] GC(20090) Humongous regions: 5->5
[2023-11-10T11:24:39.989-0800][75083621ms] GC(20090) Metaspace: 304631K->304631K(1347584K)
[2023-11-10T11:24:39.989-0800][75083621ms] GC(20090) Pause Young (Normal) (G1 Evacuation Pause) 3233M->2785M(3602M) 6.839ms
[2023-11-10T11:24:39.989-0800][75083621ms] GC(20090) User=0.00s Sys=0.00s Real=0.01s
[2023-11-10T11:24:40.552-0800][75084184ms] GC(20091) Pause Young (Normal) (G1 Evacuation Pause)
[2023-11-10T11:24:40.552-0800][75084184ms] GC(20091) Using 10 workers of 10 for evacuation
[2023-11-10T11:24:40.559-0800][75084191ms] GC(20091)   Pre Evacuate Collection Set: 0.0ms
[2023-11-10T11:24:40.559-0800][75084191ms] GC(20091)   Evacuate Collection Set: 1.7ms
[2023-11-10T11:24:40.559-0800][75084191ms] GC(20091)   Post Evacuate Collection Set: 3.2ms
[2023-11-10T11:24:40.559-0800][75084191ms] GC(20091)   Other: 0.3ms
[2023-11-10T11:24:40.559-0800][75084191ms] GC(20091) Eden regions: 224->0(224)
[2023-11-10T11:24:40.559-0800][75084191ms] GC(20091) Survivor regions: 1->1(29)
[2023-11-10T11:24:40.559-0800][75084191ms] GC(20091) Old regions: 1388->1388
[2023-11-10T11:24:40.559-0800][75084191ms] GC(20091) Humongous regions: 5->5
[2023-11-10T11:24:40.559-0800][75084191ms] GC(20091) Metaspace: 304631K->304631K(1347584K)
[2023-11-10T11:24:40.559-0800][75084191ms] GC(20091) Pause Young (Normal) (G1 Evacuation Pause) 3233M->2785M(3602M) 5.368ms
[2023-11-10T11:24:40.559-0800][75084191ms] GC(20091) User=0.08s Sys=0.00s Real=0.01s
[2023-11-10T11:24:41.149-0800][75084781ms] GC(20092) Pause Young (Normal) (G1 Evacuation Pause)
[2023-11-10T11:24:41.149-0800][75084781ms] GC(20092) Using 10 workers of 10 for evacuation
[2023-11-10T11:24:41.154-0800][75084786ms] GC(20092)   Pre Evacuate Collection Set: 0.0ms
[2023-11-10T11:24:41.154-0800][75084786ms] GC(20092)   Evacuate Collection Set: 1.7ms
[2023-11-10T11:24:41.154-0800][75084786ms] GC(20092)   Post Evacuate Collection Set: 3.1ms
[2023-11-10T11:24:41.154-0800][75084786ms] GC(20092)   Other: 0.2ms
[2023-11-10T11:24:41.154-0800][75084786ms] GC(20092) Eden regions: 224->0(224)
[2023-11-10T11:24:41.154-0800][75084786ms] GC(20092) Survivor regions: 1->1(29)
[2023-11-10T11:24:41.154-0800][75084786ms] GC(20092) Old regions: 1388->1388
[2023-11-10T11:24:41.154-0800][75084786ms] GC(20092) Humongous regions: 5->5
[2023-11-10T11:24:41.154-0800][75084786ms] GC(20092) Metaspace: 304631K->304631K(1347584K)
[2023-11-10T11:24:41.154-0800][75084786ms] GC(20092) Pause Young (Normal) (G1 Evacuation Pause) 3233M->2785M(3602M) 5.116ms
[2023-11-10T11:24:41.154-0800][75084786ms] GC(20092) User=0.00s Sys=0.00s Real=0.01s
[2023-11-10T11:24:41.613-0800][75085245ms] GC(20093) Pause Young (Normal) (G1 Evacuation Pause)
[2023-11-10T11:24:41.613-0800][75085245ms] GC(20093) Using 10 workers of 10 for evacuation
[2023-11-10T11:24:41.619-0800][75085251ms] GC(20093)   Pre Evacuate Collection Set: 0.0ms
[2023-11-10T11:24:41.619-0800][75085251ms] GC(20093)   Evacuate Collection Set: 1.9ms
[2023-11-10T11:24:41.619-0800][75085251ms] GC(20093)   Post Evacuate Collection Set: 3.3ms
[2023-11-10T11:24:41.619-0800][75085251ms] GC(20093)   Other: 0.3ms
[2023-11-10T11:24:41.619-0800][75085251ms] GC(20093) Eden regions: 224->0(224)
[2023-11-10T11:24:41.619-0800][75085251ms] GC(20093) Survivor regions: 1->1(29)
[2023-11-10T11:24:41.619-0800][75085251ms] GC(20093) Old regions: 1388->1388
[2023-11-10T11:24:41.619-0800][75085251ms] GC(20093) Humongous regions: 5->5
[2023-11-10T11:24:41.619-0800][75085251ms] GC(20093) Metaspace: 304631K->304631K(1347584K)
[2023-11-10T11:24:41.619-0800][75085251ms] GC(20093) Pause Young (Normal) (G1 Evacuation Pause) 3233M->2785M(3602M) 5.638ms
[2023-11-10T11:24:41.619-0800][75085251ms] GC(20093) User=0.00s Sys=0.00s Real=0.01s
[2023-11-10T11:24:42.209-0800][75085841ms] GC(20094) Pause Young (Normal) (G1 Evacuation Pause)
[2023-11-10T11:24:42.209-0800][75085841ms] GC(20094) Using 10 workers of 10 for evacuation
[2023-11-10T11:24:42.215-0800][75085847ms] GC(20094)   Pre Evacuate Collection Set: 0.1ms
[2023-11-10T11:24:42.215-0800][75085847ms] GC(20094)   Evacuate Collection Set: 2.2ms
[2023-11-10T11:24:42.215-0800][75085847ms] GC(20094)   Post Evacuate Collection Set: 4.0ms
[2023-11-10T11:24:42.215-0800][75085847ms] GC(20094)   Other: 0.4ms
[2023-11-10T11:24:42.215-0800][75085847ms] GC(20094) Eden regions: 224->0(224)
[2023-11-10T11:24:42.215-0800][75085847ms] GC(20094) Survivor regions: 1->1(29)
[2023-11-10T11:24:42.215-0800][75085847ms] GC(20094) Old regions: 1388->1388
[2023-11-10T11:24:42.215-0800][75085847ms] GC(20094) Humongous regions: 5->5
[2023-11-10T11:24:42.215-0800][75085847ms] GC(20094) Metaspace: 304631K->304631K(1347584K)
[2023-11-10T11:24:42.215-0800][75085847ms] GC(20094) Pause Young (Normal) (G1 Evacuation Pause) 3233M->2785M(3602M) 6.708ms
[2023-11-10T11:24:42.215-0800][75085847ms] GC(20094) User=0.05s Sys=0.00s Real=0.01s
[2023-11-10T11:24:42.751-0800][75086383ms] GC(20095) Pause Young (Normal) (G1 Evacuation Pause)
[2023-11-10T11:24:42.751-0800][75086383ms] GC(20095) Using 10 workers of 10 for evacuation
[2023-11-10T11:24:42.757-0800][75086389ms] GC(20095)   Pre Evacuate Collection Set: 0.0ms
[2023-11-10T11:24:42.757-0800][75086389ms] GC(20095)   Evacuate Collection Set: 2.3ms
[2023-11-10T11:24:42.757-0800][75086389ms] GC(20095)   Post Evacuate Collection Set: 3.8ms
[2023-11-10T11:24:42.757-0800][75086389ms] GC(20095)   Other: 0.3ms
[2023-11-10T11:24:42.757-0800][75086389ms] GC(20095) Eden regions: 224->0(224)
[2023-11-10T11:24:42.757-0800][75086389ms] GC(20095) Survivor regions: 1->1(29)
[2023-11-10T11:24:42.757-0800][75086389ms] GC(20095) Old regions: 1388->1388
[2023-11-10T11:24:42.757-0800][75086389ms] GC(20095) Humongous regions: 5->5
[2023-11-10T11:24:42.757-0800][75086389ms] GC(20095) Metaspace: 304631K->304631K(1347584K)
[2023-11-10T11:24:42.757-0800][75086389ms] GC(20095) Pause Young (Normal) (G1 Evacuation Pause) 3233M->2785M(3602M) 6.666ms
[2023-11-10T11:24:42.757-0800][75086389ms] GC(20095) User=0.02s Sys=0.00s Real=0.01s
[2023-11-10T11:24:43.293-0800][75086925ms] GC(20096) Pause Young (Normal) (G1 Evacuation Pause)
[2023-11-10T11:24:43.293-0800][75086925ms] GC(20096) Using 10 workers of 10 for evacuation
[2023-11-10T11:24:43.299-0800][75086931ms] GC(20096)   Pre Evacuate Collection Set: 0.1ms
[2023-11-10T11:24:43.299-0800][75086931ms] GC(20096)   Evacuate Collection Set: 2.4ms
[2023-11-10T11:24:43.299-0800][75086931ms] GC(20096)   Post Evacuate Collection Set: 3.7ms
[2023-11-10T11:24:43.299-0800][75086931ms] GC(20096)   Other: 0.4ms
[2023-11-10T11:24:43.299-0800][75086931ms] GC(20096) Eden regions: 224->0(224)
[2023-11-10T11:24:43.299-0800][75086931ms] GC(20096) Survivor regions: 1->1(29)
[2023-11-10T11:24:43.299-0800][75086931ms] GC(20096) Old regions: 1388->1388
[2023-11-10T11:24:43.299-0800][75086931ms] GC(20096) Humongous regions: 5->5
[2023-11-10T11:24:43.299-0800][75086931ms] GC(20096) Metaspace: 304631K->304631K(1347584K)
[2023-11-10T11:24:43.299-0800][75086931ms] GC(20096) Pause Young (Normal) (G1 Evacuation Pause) 3233M->2785M(3602M) 6.598ms
[2023-11-10T11:24:43.299-0800][75086931ms] GC(20096) User=0.00s Sys=0.00s Real=0.01s
[2023-11-10T11:24:43.872-0800][75087505ms] GC(20097) Pause Young (Normal) (G1 Evacuation Pause)
[2023-11-10T11:24:43.873-0800][75087505ms] GC(20097) Using 10 workers of 10 for evacuation
[2023-11-10T11:24:43.878-0800][75087510ms] GC(20097)   Pre Evacuate Collection Set: 0.0ms
[2023-11-10T11:24:43.878-0800][75087510ms] GC(20097)   Evacuate Collection Set: 2.0ms
[2023-11-10T11:24:43.878-0800][75087510ms] GC(20097)   Post Evacuate Collection Set: 3.7ms
[2023-11-10T11:24:43.878-0800][75087510ms] GC(20097)   Other: 0.3ms
[2023-11-10T11:24:43.878-0800][75087510ms] GC(20097) Eden regions: 224->0(224)
[2023-11-10T11:24:43.878-0800][75087510ms] GC(20097) Survivor regions: 1->1(29)
[2023-11-10T11:24:43.878-0800][75087510ms] GC(20097) Old regions: 1388->1388
[2023-11-10T11:24:43.878-0800][75087510ms] GC(20097) Humongous regions: 5->5
[2023-11-10T11:24:43.878-0800][75087510ms] GC(20097) Metaspace: 304631K->304631K(1347584K)
[2023-11-10T11:24:43.878-0800][75087510ms] GC(20097) Pause Young (Normal) (G1 Evacuation Pause) 3233M->2785M(3602M) 6.159ms
[2023-11-10T11:24:43.878-0800][75087510ms] GC(20097) User=0.00s Sys=0.00s Real=0.01s
[2023-11-10T11:24:44.428-0800][75088060ms] GC(20098) Pause Young (Normal) (G1 Evacuation Pause)
[2023-11-10T11:24:44.428-0800][75088060ms] GC(20098) Using 10 workers of 10 for evacuation
[2023-11-10T11:24:44.433-0800][75088065ms] GC(20098)   Pre Evacuate Collection Set: 0.1ms
[2023-11-10T11:24:44.433-0800][75088065ms] GC(20098)   Evacuate Collection Set: 1.9ms
[2023-11-10T11:24:44.433-0800][75088065ms] GC(20098)   Post Evacuate Collection Set: 3.4ms
[2023-11-10T11:24:44.433-0800][75088065ms] GC(20098)   Other: 0.3ms
[2023-11-10T11:24:44.433-0800][75088065ms] GC(20098) Eden regions: 224->0(224)
[2023-11-10T11:24:44.433-0800][75088065ms] GC(20098) Survivor regions: 1->1(29)
[2023-11-10T11:24:44.433-0800][75088065ms] GC(20098) Old regions: 1388->1388
[2023-11-10T11:24:44.433-0800][75088065ms] GC(20098) Humongous regions: 5->5
[2023-11-10T11:24:44.433-0800][75088065ms] GC(20098) Metaspace: 304631K->304631K(1347584K)
[2023-11-10T11:24:44.433-0800][75088065ms] GC(20098) Pause Young (Normal) (G1 Evacuation Pause) 3233M->2785M(3602M) 5.772ms
[2023-11-10T11:24:44.433-0800][75088065ms] GC(20098) User=0.03s Sys=0.00s Real=0.01s
[2023-11-10T11:24:45.064-0800][75088696ms] GC(20099) Pause Young (Normal) (G1 Evacuation Pause)
[2023-11-10T11:24:45.064-0800][75088696ms] GC(20099) Using 10 workers of 10 for evacuation
[2023-11-10T11:24:45.070-0800][75088702ms] GC(20099)   Pre Evacuate Collection Set: 0.0ms
[2023-11-10T11:24:45.070-0800][75088702ms] GC(20099)   Evacuate Collection Set: 1.7ms
[2023-11-10T11:24:45.070-0800][75088702ms] GC(20099)   Post Evacuate Collection Set: 4.3ms
[2023-11-10T11:24:45.070-0800][75088702ms] GC(20099)   Other: 0.3ms
[2023-11-10T11:24:45.070-0800][75088702ms] GC(20099) Eden regions: 224->0(224)
[2023-11-10T11:24:45.070-0800][75088702ms] GC(20099) Survivor regions: 1->1(29)
[2023-11-10T11:24:45.070-0800][75088702ms] GC(20099) Old regions: 1388->1388
[2023-11-10T11:24:45.070-0800][75088702ms] GC(20099) Humongous regions: 5->5
[2023-11-10T11:24:45.070-0800][75088702ms] GC(20099) Metaspace: 304631K->304631K(1347584K)
[2023-11-10T11:24:45.070-0800][75088702ms] GC(20099) Pause Young (Normal) (G1 Evacuation Pause) 3233M->2785M(3602M) 6.568ms
[2023-11-10T11:24:45.070-0800][75088702ms] GC(20099) User=0.00s Sys=0.00s Real=0.01s
[2023-11-10T11:24:45.618-0800][75089250ms] GC(20100) Pause Young (Normal) (G1 Evacuation Pause)
[2023-11-10T11:24:45.618-0800][75089250ms] GC(20100) Using 10 workers of 10 for evacuation
[2023-11-10T11:24:45.624-0800][75089256ms] GC(20100)   Pre Evacuate Collection Set: 0.1ms
[2023-11-10T11:24:45.624-0800][75089256ms] GC(20100)   Evacuate Collection Set: 2.4ms
[2023-11-10T11:24:45.624-0800][75089256ms] GC(20100)   Post Evacuate Collection Set: 3.7ms
[2023-11-10T11:24:45.624-0800][75089256ms] GC(20100)   Other: 0.3ms
[2023-11-10T11:24:45.624-0800][75089256ms] GC(20100) Eden regions: 224->0(224)
[2023-11-10T11:24:45.624-0800][75089256ms] GC(20100) Survivor regions: 1->1(29)
[2023-11-10T11:24:45.624-0800][75089256ms] GC(20100) Old regions: 1388->1388
[2023-11-10T11:24:45.624-0800][75089256ms] GC(20100) Humongous regions: 5->5
[2023-11-10T11:24:45.624-0800][75089256ms] GC(20100) Metaspace: 304631K->304631K(1347584K)
[2023-11-10T11:24:45.624-0800][75089256ms] GC(20100) Pause Young (Normal) (G1 Evacuation Pause) 3233M->2785M(3602M) 6.498ms
[2023-11-10T11:24:45.624-0800][75089256ms] GC(20100) User=0.00s Sys=0.00s Real=0.01s
[2023-11-10T11:24:46.199-0800][75089831ms] GC(20101) Pause Young (Normal) (G1 Evacuation Pause)
[2023-11-10T11:24:46.199-0800][75089831ms] GC(20101) Using 10 workers of 10 for evacuation
[2023-11-10T11:24:46.204-0800][75089836ms] GC(20101)   Pre Evacuate Collection Set: 0.0ms
[2023-11-10T11:24:46.204-0800][75089836ms] GC(20101)   Evacuate Collection Set: 2.2ms
[2023-11-10T11:24:46.204-0800][75089836ms] GC(20101)   Post Evacuate Collection Set: 3.1ms
[2023-11-10T11:24:46.204-0800][75089836ms] GC(20101)   Other: 0.3ms
[2023-11-10T11:24:46.204-0800][75089836ms] GC(20101) Eden regions: 224->0(224)
[2023-11-10T11:24:46.204-0800][75089836ms] GC(20101) Survivor regions: 1->1(29)
[2023-11-10T11:24:46.204-0800][75089836ms] GC(20101) Old regions: 1388->1388
[2023-11-10T11:24:46.204-0800][75089836ms] GC(20101) Humongous regions: 5->5
[2023-11-10T11:24:46.204-0800][75089836ms] GC(20101) Metaspace: 304631K->304631K(1347584K)
[2023-11-10T11:24:46.204-0800][75089836ms] GC(20101) Pause Young (Normal) (G1 Evacuation Pause) 3233M->2785M(3602M) 5.733ms
[2023-11-10T11:24:46.204-0800][75089836ms] GC(20101) User=0.00s Sys=0.00s Real=0.01s
[2023-11-10T11:24:46.759-0800][75090391ms] GC(20102) Pause Young (Normal) (G1 Evacuation Pause)
[2023-11-10T11:24:46.759-0800][75090391ms] GC(20102) Using 10 workers of 10 for evacuation
[2023-11-10T11:24:46.764-0800][75090396ms] GC(20102)   Pre Evacuate Collection Set: 0.0ms
[2023-11-10T11:24:46.764-0800][75090396ms] GC(20102)   Evacuate Collection Set: 1.7ms
[2023-11-10T11:24:46.764-0800][75090396ms] GC(20102)   Post Evacuate Collection Set: 3.1ms
[2023-11-10T11:24:46.764-0800][75090396ms] GC(20102)   Other: 0.3ms
[2023-11-10T11:24:46.764-0800][75090396ms] GC(20102) Eden regions: 224->0(224)
[2023-11-10T11:24:46.764-0800][75090396ms] GC(20102) Survivor regions: 1->1(29)
[2023-11-10T11:24:46.764-0800][75090396ms] GC(20102) Old regions: 1388->1388
[2023-11-10T11:24:46.764-0800][75090396ms] GC(20102) Humongous regions: 5->5
[2023-11-10T11:24:46.764-0800][75090396ms] GC(20102) Metaspace: 304631K->304631K(1347584K)
[2023-11-10T11:24:46.764-0800][75090396ms] GC(20102) Pause Young (Normal) (G1 Evacuation Pause) 3233M->2786M(3602M) 5.305ms
[2023-11-10T11:24:46.764-0800][75090396ms] GC(20102) User=0.00s Sys=0.00s Real=0.00s
[2023-11-10T11:24:47.353-0800][75090985ms] GC(20103) Pause Young (Normal) (G1 Evacuation Pause)
[2023-11-10T11:24:47.354-0800][75090986ms] GC(20103) Using 10 workers of 10 for evacuation
[2023-11-10T11:24:47.359-0800][75090991ms] GC(20103)   Pre Evacuate Collection Set: 0.1ms
[2023-11-10T11:24:47.359-0800][75090991ms] GC(20103)   Evacuate Collection Set: 1.8ms
[2023-11-10T11:24:47.359-0800][75090991ms] GC(20103)   Post Evacuate Collection Set: 3.3ms
[2023-11-10T11:24:47.359-0800][75090991ms] GC(20103)   Other: 0.3ms
[2023-11-10T11:24:47.359-0800][75090991ms] GC(20103) Eden regions: 224->0(224)
[2023-11-10T11:24:47.359-0800][75090991ms] GC(20103) Survivor regions: 1->1(29)
[2023-11-10T11:24:47.359-0800][75090991ms] GC(20103) Old regions: 1388->1388
[2023-11-10T11:24:47.359-0800][75090991ms] GC(20103) Humongous regions: 5->5
[2023-11-10T11:24:47.359-0800][75090991ms] GC(20103) Metaspace: 304631K->304631K(1347584K)
[2023-11-10T11:24:47.359-0800][75090991ms] GC(20103) Pause Young (Normal) (G1 Evacuation Pause) 3234M->2785M(3602M) 5.582ms
[2023-11-10T11:24:47.359-0800][75090991ms] GC(20103) User=0.00s Sys=0.00s Real=0.01s
[2023-11-10T11:24:47.887-0800][75091519ms] GC(20104) Pause Young (Normal) (G1 Evacuation Pause)
[2023-11-10T11:24:47.887-0800][75091519ms] GC(20104) Using 10 workers of 10 for evacuation
[2023-11-10T11:24:47.892-0800][75091524ms] GC(20104)   Pre Evacuate Collection Set: 0.0ms
[2023-11-10T11:24:47.892-0800][75091524ms] GC(20104)   Evacuate Collection Set: 1.7ms
[2023-11-10T11:24:47.892-0800][75091524ms] GC(20104)   Post Evacuate Collection Set: 3.2ms
[2023-11-10T11:24:47.892-0800][75091524ms] GC(20104)   Other: 0.3ms
[2023-11-10T11:24:47.892-0800][75091524ms] GC(20104) Eden regions: 224->0(224)
[2023-11-10T11:24:47.892-0800][75091524ms] GC(20104) Survivor regions: 1->1(29)
[2023-11-10T11:24:47.892-0800][75091524ms] GC(20104) Old regions: 1388->1388
[2023-11-10T11:24:47.892-0800][75091524ms] GC(20104) Humongous regions: 5->5
[2023-11-10T11:24:47.892-0800][75091524ms] GC(20104) Metaspace: 304631K->304631K(1347584K)
[2023-11-10T11:24:47.892-0800][75091524ms] GC(20104) Pause Young (Normal) (G1 Evacuation Pause) 3233M->2785M(3602M) 5.333ms
[2023-11-10T11:24:47.892-0800][75091524ms] GC(20104) User=0.00s Sys=0.00s Real=0.00s
[2023-11-10T11:24:48.404-0800][75092036ms] GC(20105) Pause Young (Normal) (G1 Evacuation Pause)
[2023-11-10T11:24:48.404-0800][75092036ms] GC(20105) Using 10 workers of 10 for evacuation
[2023-11-10T11:24:48.410-0800][75092042ms] GC(20105)   Pre Evacuate Collection Set: 0.0ms
[2023-11-10T11:24:48.410-0800][75092042ms] GC(20105)   Evacuate Collection Set: 1.6ms
[2023-11-10T11:24:48.410-0800][75092042ms] GC(20105)   Post Evacuate Collection Set: 3.2ms
[2023-11-10T11:24:48.410-0800][75092042ms] GC(20105)   Other: 0.3ms
[2023-11-10T11:24:48.410-0800][75092042ms] GC(20105) Eden regions: 224->0(224)
[2023-11-10T11:24:48.410-0800][75092042ms] GC(20105) Survivor regions: 1->1(29)
[2023-11-10T11:24:48.410-0800][75092042ms] GC(20105) Old regions: 1388->1388
[2023-11-10T11:24:48.410-0800][75092042ms] GC(20105) Humongous regions: 5->5
[2023-11-10T11:24:48.410-0800][75092042ms] GC(20105) Metaspace: 304631K->304631K(1347584K)
[2023-11-10T11:24:48.410-0800][75092042ms] GC(20105) Pause Young (Normal) (G1 Evacuation Pause) 3233M->2785M(3602M) 5.167ms
[2023-11-10T11:24:48.410-0800][75092042ms] GC(20105) User=0.00s Sys=0.00s Real=0.01s
[2023-11-10T11:24:48.937-0800][75092569ms] GC(20106) Pause Young (Normal) (G1 Evacuation Pause)
[2023-11-10T11:24:48.937-0800][75092569ms] GC(20106) Using 10 workers of 10 for evacuation
[2023-11-10T11:24:48.942-0800][75092574ms] GC(20106)   Pre Evacuate Collection Set: 0.0ms
[2023-11-10T11:24:48.942-0800][75092574ms] GC(20106)   Evacuate Collection Set: 1.7ms
[2023-11-10T11:24:48.942-0800][75092574ms] GC(20106)   Post Evacuate Collection Set: 3.2ms
[2023-11-10T11:24:48.942-0800][75092574ms] GC(20106)   Other: 0.3ms
[2023-11-10T11:24:48.942-0800][75092574ms] GC(20106) Eden regions: 224->0(225)
[2023-11-10T11:24:48.942-0800][75092574ms] GC(20106) Survivor regions: 1->1(29)
[2023-11-10T11:24:48.942-0800][75092574ms] GC(20106) Old regions: 1388->1388
[2023-11-10T11:24:48.942-0800][75092574ms] GC(20106) Humongous regions: 5->5
[2023-11-10T11:24:48.942-0800][75092574ms] GC(20106) Metaspace: 304631K->304631K(1347584K)
[2023-11-10T11:24:48.942-0800][75092574ms] GC(20106) Pause Young (Normal) (G1 Evacuation Pause) 3233M->2785M(3602M) 5.250ms
[2023-11-10T11:24:48.942-0800][75092574ms] GC(20106) User=0.00s Sys=0.00s Real=0.00s
[2023-11-10T11:24:49.483-0800][75093115ms] GC(20107) Pause Young (Normal) (G1 Evacuation Pause)
[2023-11-10T11:24:49.483-0800][75093115ms] GC(20107) Using 10 workers of 10 for evacuation
[2023-11-10T11:24:49.487-0800][75093119ms] GC(20107)   Pre Evacuate Collection Set: 0.0ms
[2023-11-10T11:24:49.487-0800][75093119ms] GC(20107)   Evacuate Collection Set: 1.7ms
[2023-11-10T11:24:49.487-0800][75093119ms] GC(20107)   Post Evacuate Collection Set: 3.1ms
[2023-11-10T11:24:49.487-0800][75093119ms] GC(20107)   Other: 0.3ms
[2023-11-10T11:24:49.487-0800][75093119ms] GC(20107) Eden regions: 225->0(225)
[2023-11-10T11:24:49.487-0800][75093119ms] GC(20107) Survivor regions: 1->1(29)
[2023-11-10T11:24:49.487-0800][75093119ms] GC(20107) Old regions: 1388->1388
[2023-11-10T11:24:49.487-0800][75093119ms] GC(20107) Humongous regions: 5->5
[2023-11-10T11:24:49.487-0800][75093119ms] GC(20107) Metaspace: 304631K->304631K(1347584K)
[2023-11-10T11:24:49.487-0800][75093119ms] GC(20107) Pause Young (Normal) (G1 Evacuation Pause) 3235M->2785M(3602M) 5.213ms
[2023-11-10T11:24:49.487-0800][75093119ms] GC(20107) User=0.00s Sys=0.00s Real=0.00s
[2023-11-10T11:24:50.092-0800][75093724ms] GC(20108) Pause Young (Normal) (G1 Evacuation Pause)
[2023-11-10T11:24:50.092-0800][75093724ms] GC(20108) Using 10 workers of 10 for evacuation
[2023-11-10T11:24:50.097-0800][75093729ms] GC(20108)   Pre Evacuate Collection Set: 0.0ms
[2023-11-10T11:24:50.097-0800][75093730ms] GC(20108)   Evacuate Collection Set: 1.6ms
[2023-11-10T11:24:50.098-0800][75093730ms] GC(20108)   Post Evacuate Collection Set: 3.1ms
[2023-11-10T11:24:50.098-0800][75093730ms] GC(20108)   Other: 0.2ms
[2023-11-10T11:24:50.098-0800][75093730ms] GC(20108) Eden regions: 225->0(225)
[2023-11-10T11:24:50.098-0800][75093730ms] GC(20108) Survivor regions: 1->1(29)
[2023-11-10T11:24:50.098-0800][75093730ms] GC(20108) Old regions: 1388->1388
[2023-11-10T11:24:50.098-0800][75093730ms] GC(20108) Humongous regions: 5->5
[2023-11-10T11:24:50.098-0800][75093730ms] GC(20108) Metaspace: 304631K->304631K(1347584K)
[2023-11-10T11:24:50.098-0800][75093730ms] GC(20108) Pause Young (Normal) (G1 Evacuation Pause) 3235M->2785M(3602M) 5.053ms
[2023-11-10T11:24:50.098-0800][75093730ms] GC(20108) User=0.00s Sys=0.00s Real=0.01s
[2023-11-10T11:24:50.616-0800][75094248ms] GC(20109) Pause Young (Normal) (G1 Evacuation Pause)
[2023-11-10T11:24:50.616-0800][75094248ms] GC(20109) Using 10 workers of 10 for evacuation
[2023-11-10T11:24:50.622-0800][75094254ms] GC(20109)   Pre Evacuate Collection Set: 0.1ms
[2023-11-10T11:24:50.622-0800][75094254ms] GC(20109)   Evacuate Collection Set: 1.7ms
[2023-11-10T11:24:50.622-0800][75094254ms] GC(20109)   Post Evacuate Collection Set: 4.2ms
[2023-11-10T11:24:50.622-0800][75094254ms] GC(20109)   Other: 0.3ms
[2023-11-10T11:24:50.622-0800][75094254ms] GC(20109) Eden regions: 225->0(225)
[2023-11-10T11:24:50.622-0800][75094254ms] GC(20109) Survivor regions: 1->1(29)
[2023-11-10T11:24:50.622-0800][75094254ms] GC(20109) Old regions: 1388->1388
[2023-11-10T11:24:50.622-0800][75094254ms] GC(20109) Humongous regions: 5->5
[2023-11-10T11:24:50.622-0800][75094254ms] GC(20109) Metaspace: 304631K->304631K(1347584K)
[2023-11-10T11:24:50.622-0800][75094254ms] GC(20109) Pause Young (Normal) (G1 Evacuation Pause) 3235M->2785M(3602M) 6.446ms
[2023-11-10T11:24:50.622-0800][75094254ms] GC(20109) User=0.06s Sys=0.00s Real=0.01s
[2023-11-10T11:24:51.159-0800][75094791ms] GC(20110) Pause Young (Normal) (G1 Evacuation Pause)
[2023-11-10T11:24:51.159-0800][75094791ms] GC(20110) Using 10 workers of 10 for evacuation
[2023-11-10T11:24:51.164-0800][75094796ms] GC(20110)   Pre Evacuate Collection Set: 0.0ms
[2023-11-10T11:24:51.164-0800][75094796ms] GC(20110)   Evacuate Collection Set: 1.7ms
[2023-11-10T11:24:51.164-0800][75094796ms] GC(20110)   Post Evacuate Collection Set: 3.2ms
[2023-11-10T11:24:51.164-0800][75094796ms] GC(20110)   Other: 0.2ms
[2023-11-10T11:24:51.164-0800][75094796ms] GC(20110) Eden regions: 225->0(225)
[2023-11-10T11:24:51.164-0800][75094796ms] GC(20110) Survivor regions: 1->1(29)
[2023-11-10T11:24:51.164-0800][75094796ms] GC(20110) Old regions: 1388->1388
[2023-11-10T11:24:51.164-0800][75094796ms] GC(20110) Humongous regions: 5->5
[2023-11-10T11:24:51.164-0800][75094796ms] GC(20110) Metaspace: 304631K->304631K(1347584K)
[2023-11-10T11:24:51.164-0800][75094796ms] GC(20110) Pause Young (Normal) (G1 Evacuation Pause) 3235M->2785M(3602M) 5.210ms
[2023-11-10T11:24:51.164-0800][75094796ms] GC(20110) User=0.02s Sys=0.00s Real=0.01s
[2023-11-10T11:24:51.695-0800][75095327ms] GC(20111) Pause Young (Normal) (G1 Evacuation Pause)
[2023-11-10T11:24:51.695-0800][75095327ms] GC(20111) Using 10 workers of 10 for evacuation
[2023-11-10T11:24:51.700-0800][75095332ms] GC(20111)   Pre Evacuate Collection Set: 0.1ms
[2023-11-10T11:24:51.700-0800][75095332ms] GC(20111)   Evacuate Collection Set: 1.8ms
[2023-11-10T11:24:51.700-0800][75095332ms] GC(20111)   Post Evacuate Collection Set: 4.1ms
[2023-11-10T11:24:51.700-0800][75095332ms] GC(20111)   Other: 0.3ms
[2023-11-10T11:24:51.700-0800][75095332ms] GC(20111) Eden regions: 225->0(225)
[2023-11-10T11:24:51.700-0800][75095332ms] GC(20111) Survivor regions: 1->1(29)
[2023-11-10T11:24:51.700-0800][75095332ms] GC(20111) Old regions: 1388->1388
[2023-11-10T11:24:51.700-0800][75095332ms] GC(20111) Humongous regions: 5->5
[2023-11-10T11:24:51.700-0800][75095332ms] GC(20111) Metaspace: 304631K->304631K(1347584K)
[2023-11-10T11:24:51.700-0800][75095332ms] GC(20111) Pause Young (Normal) (G1 Evacuation Pause) 3235M->2785M(3602M) 6.359ms
[2023-11-10T11:24:51.700-0800][75095332ms] GC(20111) User=0.00s Sys=0.00s Real=0.01s
[2023-11-10T11:24:52.232-0800][75095864ms] GC(20112) Pause Young (Normal) (G1 Evacuation Pause)
[2023-11-10T11:24:52.232-0800][75095864ms] GC(20112) Using 10 workers of 10 for evacuation
[2023-11-10T11:24:52.238-0800][75095870ms] GC(20112)   Pre Evacuate Collection Set: 0.1ms
[2023-11-10T11:24:52.238-0800][75095870ms] GC(20112)   Evacuate Collection Set: 2.0ms
[2023-11-10T11:24:52.238-0800][75095870ms] GC(20112)   Post Evacuate Collection Set: 4.2ms
[2023-11-10T11:24:52.238-0800][75095870ms] GC(20112)   Other: 0.3ms
[2023-11-10T11:24:52.238-0800][75095870ms] GC(20112) Eden regions: 225->0(225)
[2023-11-10T11:24:52.238-0800][75095870ms] GC(20112) Survivor regions: 1->1(29)
[2023-11-10T11:24:52.238-0800][75095870ms] GC(20112) Old regions: 1388->1388
[2023-11-10T11:24:52.238-0800][75095870ms] GC(20112) Humongous regions: 5->5
[2023-11-10T11:24:52.238-0800][75095870ms] GC(20112) Metaspace: 304631K->304631K(1347584K)
[2023-11-10T11:24:52.238-0800][75095870ms] GC(20112) Pause Young (Normal) (G1 Evacuation Pause) 3235M->2785M(3602M) 6.688ms
[2023-11-10T11:24:52.238-0800][75095870ms] GC(20112) User=0.00s Sys=0.00s Real=0.01s
[2023-11-10T11:24:52.813-0800][75096445ms] GC(20113) Pause Young (Normal) (G1 Evacuation Pause)
[2023-11-10T11:24:52.813-0800][75096445ms] GC(20113) Using 10 workers of 10 for evacuation
[2023-11-10T11:24:52.819-0800][75096451ms] GC(20113)   Pre Evacuate Collection Set: 0.0ms
[2023-11-10T11:24:52.819-0800][75096451ms] GC(20113)   Evacuate Collection Set: 1.7ms
[2023-11-10T11:24:52.819-0800][75096451ms] GC(20113)   Post Evacuate Collection Set: 3.7ms
[2023-11-10T11:24:52.819-0800][75096451ms] GC(20113)   Other: 0.3ms
[2023-11-10T11:24:52.819-0800][75096451ms] GC(20113) Eden regions: 225->0(225)
[2023-11-10T11:24:52.819-0800][75096451ms] GC(20113) Survivor regions: 1->1(29)
[2023-11-10T11:24:52.819-0800][75096451ms] GC(20113) Old regions: 1388->1388
[2023-11-10T11:24:52.819-0800][75096451ms] GC(20113) Humongous regions: 5->5
[2023-11-10T11:24:52.819-0800][75096451ms] GC(20113) Metaspace: 304631K->304631K(1347584K)
[2023-11-10T11:24:52.819-0800][75096451ms] GC(20113) Pause Young (Normal) (G1 Evacuation Pause) 3235M->2785M(3602M) 5.855ms
[2023-11-10T11:24:52.819-0800][75096451ms] GC(20113) User=0.00s Sys=0.00s Real=0.01s
[2023-11-10T11:24:53.334-0800][75096966ms] GC(20114) Pause Young (Normal) (G1 Evacuation Pause)
[2023-11-10T11:24:53.334-0800][75096966ms] GC(20114) Using 10 workers of 10 for evacuation
[2023-11-10T11:24:53.340-0800][75096972ms] GC(20114)   Pre Evacuate Collection Set: 0.1ms
[2023-11-10T11:24:53.341-0800][75096973ms] GC(20114)   Evacuate Collection Set: 2.5ms
[2023-11-10T11:24:53.341-0800][75096973ms] GC(20114)   Post Evacuate Collection Set: 4.1ms
[2023-11-10T11:24:53.341-0800][75096973ms] GC(20114)   Other: 0.4ms
[2023-11-10T11:24:53.341-0800][75096973ms] GC(20114) Eden regions: 225->0(225)
[2023-11-10T11:24:53.341-0800][75096973ms] GC(20114) Survivor regions: 1->1(29)
[2023-11-10T11:24:53.341-0800][75096973ms] GC(20114) Old regions: 1388->1388
[2023-11-10T11:24:53.341-0800][75096973ms] GC(20114) Humongous regions: 5->5
[2023-11-10T11:24:53.341-0800][75096973ms] GC(20114) Metaspace: 304631K->304631K(1347584K)
[2023-11-10T11:24:53.341-0800][75096973ms] GC(20114) Pause Young (Normal) (G1 Evacuation Pause) 3235M->2785M(3602M) 7.132ms
[2023-11-10T11:24:53.341-0800][75096973ms] GC(20114) User=0.08s Sys=0.00s Real=0.01s
[2023-11-10T11:24:53.892-0800][75097524ms] GC(20115) Pause Young (Normal) (G1 Evacuation Pause)
[2023-11-10T11:24:53.892-0800][75097524ms] GC(20115) Using 10 workers of 10 for evacuation
[2023-11-10T11:24:53.897-0800][75097529ms] GC(20115)   Pre Evacuate Collection Set: 0.0ms
[2023-11-10T11:24:53.897-0800][75097529ms] GC(20115)   Evacuate Collection Set: 1.8ms
[2023-11-10T11:24:53.897-0800][75097529ms] GC(20115)   Post Evacuate Collection Set: 3.3ms
[2023-11-10T11:24:53.897-0800][75097529ms] GC(20115)   Other: 0.3ms
[2023-11-10T11:24:53.897-0800][75097529ms] GC(20115) Eden regions: 225->0(225)
[2023-11-10T11:24:53.897-0800][75097529ms] GC(20115) Survivor regions: 1->1(29)
[2023-11-10T11:24:53.897-0800][75097529ms] GC(20115) Old regions: 1388->1388
[2023-11-10T11:24:53.897-0800][75097529ms] GC(20115) Humongous regions: 5->5
[2023-11-10T11:24:53.897-0800][75097529ms] GC(20115) Metaspace: 304631K->304631K(1347584K)
[2023-11-10T11:24:53.897-0800][75097529ms] GC(20115) Pause Young (Normal) (G1 Evacuation Pause) 3235M->2785M(3602M) 5.604ms
[2023-11-10T11:24:53.897-0800][75097529ms] GC(20115) User=0.02s Sys=0.00s Real=0.01s
[2023-11-10T11:24:54.482-0800][75098114ms] GC(20116) Pause Young (Normal) (G1 Evacuation Pause)
[2023-11-10T11:24:54.482-0800][75098114ms] GC(20116) Using 10 workers of 10 for evacuation
[2023-11-10T11:24:54.486-0800][75098118ms] GC(20116)   Pre Evacuate Collection Set: 0.0ms
[2023-11-10T11:24:54.487-0800][75098119ms] GC(20116)   Evacuate Collection Set: 1.7ms
[2023-11-10T11:24:54.487-0800][75098119ms] GC(20116)   Post Evacuate Collection Set: 3.1ms
[2023-11-10T11:24:54.487-0800][75098119ms] GC(20116)   Other: 0.3ms
[2023-11-10T11:24:54.487-0800][75098119ms] GC(20116) Eden regions: 225->0(225)
[2023-11-10T11:24:54.487-0800][75098119ms] GC(20116) Survivor regions: 1->1(29)
[2023-11-10T11:24:54.487-0800][75098119ms] GC(20116) Old regions: 1388->1388
[2023-11-10T11:24:54.487-0800][75098119ms] GC(20116) Humongous regions: 5->5
[2023-11-10T11:24:54.487-0800][75098119ms] GC(20116) Metaspace: 304631K->304631K(1347584K)
[2023-11-10T11:24:54.487-0800][75098119ms] GC(20116) Pause Young (Normal) (G1 Evacuation Pause) 3235M->2785M(3602M) 5.178ms
[2023-11-10T11:24:54.487-0800][75098119ms] GC(20116) User=0.00s Sys=0.00s Real=0.00s
[2023-11-10T11:24:55.039-0800][75098671ms] GC(20117) Pause Young (Normal) (G1 Evacuation Pause)
[2023-11-10T11:24:55.039-0800][75098671ms] GC(20117) Using 10 workers of 10 for evacuation
[2023-11-10T11:24:55.044-0800][75098676ms] GC(20117)   Pre Evacuate Collection Set: 0.1ms
[2023-11-10T11:24:55.044-0800][75098676ms] GC(20117)   Evacuate Collection Set: 2.4ms
[2023-11-10T11:24:55.044-0800][75098676ms] GC(20117)   Post Evacuate Collection Set: 3.5ms
[2023-11-10T11:24:55.044-0800][75098676ms] GC(20117)   Other: 0.4ms
[2023-11-10T11:24:55.044-0800][75098676ms] GC(20117) Eden regions: 225->0(225)
[2023-11-10T11:24:55.044-0800][75098676ms] GC(20117) Survivor regions: 1->1(29)
[2023-11-10T11:24:55.044-0800][75098676ms] GC(20117) Old regions: 1388->1388
[2023-11-10T11:24:55.044-0800][75098676ms] GC(20117) Humongous regions: 5->5
[2023-11-10T11:24:55.044-0800][75098676ms] GC(20117) Metaspace: 304631K->304631K(1347584K)
[2023-11-10T11:24:55.044-0800][75098676ms] GC(20117) Pause Young (Normal) (G1 Evacuation Pause) 3235M->2785M(3602M) 6.327ms
[2023-11-10T11:24:55.044-0800][75098676ms] GC(20117) User=0.00s Sys=0.00s Real=0.00s
[2023-11-10T11:24:55.602-0800][75099234ms] GC(20118) Pause Young (Normal) (G1 Evacuation Pause)
[2023-11-10T11:24:55.602-0800][75099234ms] GC(20118) Using 10 workers of 10 for evacuation
[2023-11-10T11:24:55.607-0800][75099239ms] GC(20118)   Pre Evacuate Collection Set: 0.0ms
[2023-11-10T11:24:55.607-0800][75099239ms] GC(20118)   Evacuate Collection Set: 1.7ms
[2023-11-10T11:24:55.607-0800][75099239ms] GC(20118)   Post Evacuate Collection Set: 3.3ms
[2023-11-10T11:24:55.607-0800][75099239ms] GC(20118)   Other: 0.3ms
[2023-11-10T11:24:55.607-0800][75099239ms] GC(20118) Eden regions: 225->0(225)
[2023-11-10T11:24:55.607-0800][75099239ms] GC(20118) Survivor regions: 1->1(29)
[2023-11-10T11:24:55.607-0800][75099239ms] GC(20118) Old regions: 1388->1388
[2023-11-10T11:24:55.607-0800][75099239ms] GC(20118) Humongous regions: 5->5
[2023-11-10T11:24:55.607-0800][75099239ms] GC(20118) Metaspace: 304631K->304631K(1347584K)
[2023-11-10T11:24:55.607-0800][75099239ms] GC(20118) Pause Young (Normal) (G1 Evacuation Pause) 3235M->2785M(3602M) 5.449ms
[2023-11-10T11:24:55.607-0800][75099239ms] GC(20118) User=0.00s Sys=0.00s Real=0.01s
[2023-11-10T11:24:56.150-0800][75099782ms] GC(20119) Pause Young (Normal) (G1 Evacuation Pause)
[2023-11-10T11:24:56.150-0800][75099782ms] GC(20119) Using 10 workers of 10 for evacuation
[2023-11-10T11:24:56.156-0800][75099788ms] GC(20119)   Pre Evacuate Collection Set: 0.0ms
[2023-11-10T11:24:56.156-0800][75099788ms] GC(20119)   Evacuate Collection Set: 1.7ms
[2023-11-10T11:24:56.156-0800][75099788ms] GC(20119)   Post Evacuate Collection Set: 3.7ms
[2023-11-10T11:24:56.156-0800][75099788ms] GC(20119)   Other: 0.3ms
[2023-11-10T11:24:56.156-0800][75099788ms] GC(20119) Eden regions: 225->0(225)
[2023-11-10T11:24:56.156-0800][75099788ms] GC(20119) Survivor regions: 1->1(29)
[2023-11-10T11:24:56.156-0800][75099788ms] GC(20119) Old regions: 1388->1388
[2023-11-10T11:24:56.156-0800][75099788ms] GC(20119) Humongous regions: 5->5
[2023-11-10T11:24:56.156-0800][75099788ms] GC(20119) Metaspace: 304631K->304631K(1347584K)
[2023-11-10T11:24:56.156-0800][75099788ms] GC(20119) Pause Young (Normal) (G1 Evacuation Pause) 3235M->2785M(3602M) 5.812ms
[2023-11-10T11:24:56.156-0800][75099788ms] GC(20119) User=0.00s Sys=0.00s Real=0.01s
[2023-11-10T11:24:56.695-0800][75100327ms] GC(20120) Pause Young (Normal) (G1 Evacuation Pause)
[2023-11-10T11:24:56.695-0800][75100327ms] GC(20120) Using 10 workers of 10 for evacuation
[2023-11-10T11:24:56.704-0800][75100336ms] GC(20120)   Pre Evacuate Collection Set: 0.1ms
[2023-11-10T11:24:56.704-0800][75100336ms] GC(20120)   Evacuate Collection Set: 2.6ms
[2023-11-10T11:24:56.704-0800][75100336ms] GC(20120)   Post Evacuate Collection Set: 5.2ms
[2023-11-10T11:24:56.704-0800][75100336ms] GC(20120)   Other: 0.5ms
[2023-11-10T11:24:56.704-0800][75100336ms] GC(20120) Eden regions: 225->0(225)
[2023-11-10T11:24:56.704-0800][75100336ms] GC(20120) Survivor regions: 1->1(29)
[2023-11-10T11:24:56.704-0800][75100336ms] GC(20120) Old regions: 1388->1388
[2023-11-10T11:24:56.704-0800][75100336ms] GC(20120) Humongous regions: 5->5
[2023-11-10T11:24:56.704-0800][75100336ms] GC(20120) Metaspace: 304631K->304631K(1347584K)
[2023-11-10T11:24:56.704-0800][75100336ms] GC(20120) Pause Young (Normal) (G1 Evacuation Pause) 3235M->2785M(3602M) 8.507ms
[2023-11-10T11:24:56.704-0800][75100336ms] GC(20120) User=0.00s Sys=0.00s Real=0.01s
[2023-11-10T11:24:57.293-0800][75100925ms] GC(20121) Pause Young (Normal) (G1 Evacuation Pause)
[2023-11-10T11:24:57.293-0800][75100925ms] GC(20121) Using 10 workers of 10 for evacuation
[2023-11-10T11:24:57.298-0800][75100930ms] GC(20121)   Pre Evacuate Collection Set: 0.0ms
[2023-11-10T11:24:57.298-0800][75100930ms] GC(20121)   Evacuate Collection Set: 2.0ms
[2023-11-10T11:24:57.298-0800][75100930ms] GC(20121)   Post Evacuate Collection Set: 3.0ms
[2023-11-10T11:24:57.298-0800][75100930ms] GC(20121)   Other: 0.2ms
[2023-11-10T11:24:57.298-0800][75100930ms] GC(20121) Eden regions: 225->0(225)
[2023-11-10T11:24:57.298-0800][75100930ms] GC(20121) Survivor regions: 1->1(29)
[2023-11-10T11:24:57.298-0800][75100930ms] GC(20121) Old regions: 1388->1388
[2023-11-10T11:24:57.298-0800][75100930ms] GC(20121) Humongous regions: 5->5
[2023-11-10T11:24:57.298-0800][75100930ms] GC(20121) Metaspace: 304631K->304631K(1347584K)
[2023-11-10T11:24:57.298-0800][75100930ms] GC(20121) Pause Young (Normal) (G1 Evacuation Pause) 3235M->2786M(3602M) 5.435ms
[2023-11-10T11:24:57.298-0800][75100930ms] GC(20121) User=0.00s Sys=0.00s Real=0.01s
[2023-11-10T11:24:57.789-0800][75101421ms] GC(20122) Pause Young (Normal) (G1 Evacuation Pause)
[2023-11-10T11:24:57.790-0800][75101422ms] GC(20122) Using 10 workers of 10 for evacuation
[2023-11-10T11:24:57.795-0800][75101427ms] GC(20122)   Pre Evacuate Collection Set: 0.1ms
[2023-11-10T11:24:57.795-0800][75101427ms] GC(20122)   Evacuate Collection Set: 2.0ms
[2023-11-10T11:24:57.795-0800][75101427ms] GC(20122)   Post Evacuate Collection Set: 3.0ms
[2023-11-10T11:24:57.795-0800][75101427ms] GC(20122)   Other: 0.3ms
[2023-11-10T11:24:57.795-0800][75101427ms] GC(20122) Eden regions: 225->0(225)
[2023-11-10T11:24:57.795-0800][75101427ms] GC(20122) Survivor regions: 1->1(29)
[2023-11-10T11:24:57.795-0800][75101427ms] GC(20122) Old regions: 1388->1388
[2023-11-10T11:24:57.795-0800][75101427ms] GC(20122) Humongous regions: 5->5
[2023-11-10T11:24:57.795-0800][75101427ms] GC(20122) Metaspace: 304631K->304631K(1347584K)
[2023-11-10T11:24:57.795-0800][75101427ms] GC(20122) Pause Young (Normal) (G1 Evacuation Pause) 3236M->2785M(3602M) 5.439ms
[2023-11-10T11:24:57.795-0800][75101427ms] GC(20122) User=0.00s Sys=0.00s Real=0.01s
[2023-11-10T11:24:58.357-0800][75101989ms] GC(20123) Pause Young (Normal) (G1 Evacuation Pause)
[2023-11-10T11:24:58.357-0800][75101989ms] GC(20123) Using 10 workers of 10 for evacuation
[2023-11-10T11:24:58.362-0800][75101994ms] GC(20123)   Pre Evacuate Collection Set: 0.0ms
[2023-11-10T11:24:58.362-0800][75101994ms] GC(20123)   Evacuate Collection Set: 1.6ms
[2023-11-10T11:24:58.362-0800][75101994ms] GC(20123)   Post Evacuate Collection Set: 3.2ms
[2023-11-10T11:24:58.362-0800][75101994ms] GC(20123)   Other: 0.3ms
[2023-11-10T11:24:58.362-0800][75101994ms] GC(20123) Eden regions: 225->0(225)
[2023-11-10T11:24:58.362-0800][75101994ms] GC(20123) Survivor regions: 1->1(29)
[2023-11-10T11:24:58.362-0800][75101994ms] GC(20123) Old regions: 1388->1388
[2023-11-10T11:24:58.362-0800][75101994ms] GC(20123) Humongous regions: 5->5
[2023-11-10T11:24:58.362-0800][75101994ms] GC(20123) Metaspace: 304631K->304631K(1347584K)
[2023-11-10T11:24:58.362-0800][75101994ms] GC(20123) Pause Young (Normal) (G1 Evacuation Pause) 3235M->2785M(3602M) 5.316ms
[2023-11-10T11:24:58.362-0800][75101994ms] GC(20123) User=0.00s Sys=0.00s Real=0.00s
[2023-11-10T11:24:58.834-0800][75102466ms] GC(20124) Pause Young (Normal) (G1 Evacuation Pause)
[2023-11-10T11:24:58.834-0800][75102466ms] GC(20124) Using 10 workers of 10 for evacuation
[2023-11-10T11:24:58.840-0800][75102472ms] GC(20124)   Pre Evacuate Collection Set: 0.0ms
[2023-11-10T11:24:58.840-0800][75102472ms] GC(20124)   Evacuate Collection Set: 1.8ms
[2023-11-10T11:24:58.840-0800][75102472ms] GC(20124)   Post Evacuate Collection Set: 3.7ms
[2023-11-10T11:24:58.840-0800][75102472ms] GC(20124)   Other: 0.3ms
[2023-11-10T11:24:58.840-0800][75102472ms] GC(20124) Eden regions: 225->0(225)
[2023-11-10T11:24:58.840-0800][75102472ms] GC(20124) Survivor regions: 1->1(29)
[2023-11-10T11:24:58.840-0800][75102472ms] GC(20124) Old regions: 1388->1388
[2023-11-10T11:24:58.840-0800][75102472ms] GC(20124) Humongous regions: 5->5
[2023-11-10T11:24:58.840-0800][75102472ms] GC(20124) Metaspace: 304631K->304631K(1347584K)
[2023-11-10T11:24:58.840-0800][75102472ms] GC(20124) Pause Young (Normal) (G1 Evacuation Pause) 3235M->2785M(3602M) 6.031ms
[2023-11-10T11:24:58.840-0800][75102472ms] GC(20124) User=0.02s Sys=0.00s Real=0.01s
[2023-11-10T11:24:59.360-0800][75102992ms] GC(20125) Pause Young (Normal) (G1 Evacuation Pause)
[2023-11-10T11:24:59.360-0800][75102992ms] GC(20125) Using 10 workers of 10 for evacuation
[2023-11-10T11:24:59.376-0800][75103008ms] GC(20125)   Pre Evacuate Collection Set: 0.0ms
[2023-11-10T11:24:59.376-0800][75103008ms] GC(20125)   Evacuate Collection Set: 1.6ms
[2023-11-10T11:24:59.376-0800][75103008ms] GC(20125)   Post Evacuate Collection Set: 14.2ms
[2023-11-10T11:24:59.376-0800][75103008ms] GC(20125)   Other: 0.4ms
[2023-11-10T11:24:59.376-0800][75103008ms] GC(20125) Eden regions: 225->0(225)
[2023-11-10T11:24:59.376-0800][75103008ms] GC(20125) Survivor regions: 1->1(29)
[2023-11-10T11:24:59.376-0800][75103008ms] GC(20125) Old regions: 1388->1388
[2023-11-10T11:24:59.376-0800][75103008ms] GC(20125) Humongous regions: 5->5
[2023-11-10T11:24:59.376-0800][75103008ms] GC(20125) Metaspace: 304631K->304631K(1347584K)
[2023-11-10T11:24:59.376-0800][75103008ms] GC(20125) Pause Young (Normal) (G1 Evacuation Pause) 3235M->2785M(3602M) 16.326ms
[2023-11-10T11:24:59.376-0800][75103008ms] GC(20125) User=0.00s Sys=0.00s Real=0.02s
[2023-11-10T11:24:59.961-0800][75103593ms] GC(20126) Pause Young (Normal) (G1 Evacuation Pause)
[2023-11-10T11:24:59.961-0800][75103593ms] GC(20126) Using 10 workers of 10 for evacuation
[2023-11-10T11:24:59.967-0800][75103599ms] GC(20126)   Pre Evacuate Collection Set: 0.0ms
[2023-11-10T11:24:59.967-0800][75103599ms] GC(20126)   Evacuate Collection Set: 1.9ms
[2023-11-10T11:24:59.967-0800][75103599ms] GC(20126)   Post Evacuate Collection Set: 3.6ms
[2023-11-10T11:24:59.967-0800][75103599ms] GC(20126)   Other: 0.3ms
[2023-11-10T11:24:59.967-0800][75103599ms] GC(20126) Eden regions: 225->0(225)
[2023-11-10T11:24:59.967-0800][75103599ms] GC(20126) Survivor regions: 1->1(29)
[2023-11-10T11:24:59.967-0800][75103599ms] GC(20126) Old regions: 1388->1388
[2023-11-10T11:24:59.967-0800][75103599ms] GC(20126) Humongous regions: 5->5
[2023-11-10T11:24:59.967-0800][75103599ms] GC(20126) Metaspace: 304631K->304631K(1347584K)
[2023-11-10T11:24:59.967-0800][75103599ms] GC(20126) Pause Young (Normal) (G1 Evacuation Pause) 3235M->2785M(3602M) 5.947ms
[2023-11-10T11:24:59.967-0800][75103599ms] GC(20126) User=0.00s Sys=0.00s Real=0.01s
[2023-11-10T11:25:00.518-0800][75104150ms] GC(20127) Pause Young (Normal) (G1 Evacuation Pause)
[2023-11-10T11:25:00.518-0800][75104150ms] GC(20127) Using 10 workers of 10 for evacuation
[2023-11-10T11:25:00.523-0800][75104155ms] GC(20127)   Pre Evacuate Collection Set: 0.0ms
[2023-11-10T11:25:00.524-0800][75104156ms] GC(20127)   Evacuate Collection Set: 1.7ms
[2023-11-10T11:25:00.524-0800][75104156ms] GC(20127)   Post Evacuate Collection Set: 3.2ms
[2023-11-10T11:25:00.524-0800][75104156ms] GC(20127)   Other: 0.3ms
[2023-11-10T11:25:00.524-0800][75104156ms] GC(20127) Eden regions: 225->0(225)
[2023-11-10T11:25:00.524-0800][75104156ms] GC(20127) Survivor regions: 1->1(29)
[2023-11-10T11:25:00.524-0800][75104156ms] GC(20127) Old regions: 1388->1388
[2023-11-10T11:25:00.524-0800][75104156ms] GC(20127) Humongous regions: 5->5
[2023-11-10T11:25:00.524-0800][75104156ms] GC(20127) Metaspace: 304631K->304631K(1347584K)
[2023-11-10T11:25:00.524-0800][75104156ms] GC(20127) Pause Young (Normal) (G1 Evacuation Pause) 3235M->2786M(3602M) 5.405ms
[2023-11-10T11:25:00.524-0800][75104156ms] GC(20127) User=0.02s Sys=0.00s Real=0.01s
[2023-11-10T11:25:01.073-0800][75104705ms] GC(20128) Pause Young (Normal) (G1 Evacuation Pause)
[2023-11-10T11:25:01.074-0800][75104706ms] GC(20128) Using 10 workers of 10 for evacuation
[2023-11-10T11:25:01.080-0800][75104712ms] GC(20128)   Pre Evacuate Collection Set: 0.0ms
[2023-11-10T11:25:01.080-0800][75104712ms] GC(20128)   Evacuate Collection Set: 1.8ms
[2023-11-10T11:25:01.080-0800][75104712ms] GC(20128)   Post Evacuate Collection Set: 4.2ms
[2023-11-10T11:25:01.081-0800][75104713ms] GC(20128)   Other: 0.3ms
[2023-11-10T11:25:01.081-0800][75104713ms] GC(20128) Eden regions: 225->0(225)
[2023-11-10T11:25:01.081-0800][75104713ms] GC(20128) Survivor regions: 1->1(29)
[2023-11-10T11:25:01.081-0800][75104713ms] GC(20128) Old regions: 1388->1388
[2023-11-10T11:25:01.081-0800][75104713ms] GC(20128) Humongous regions: 5->5
[2023-11-10T11:25:01.081-0800][75104713ms] GC(20128) Metaspace: 304631K->304631K(1347584K)
[2023-11-10T11:25:01.081-0800][75104713ms] GC(20128) Pause Young (Normal) (G1 Evacuation Pause) 3236M->2785M(3602M) 6.556ms
[2023-11-10T11:25:01.081-0800][75104713ms] GC(20128) User=0.00s Sys=0.00s Real=0.01s
[2023-11-10T11:25:01.578-0800][75105210ms] GC(20129) Pause Young (Normal) (G1 Evacuation Pause)
[2023-11-10T11:25:01.578-0800][75105210ms] GC(20129) Using 10 workers of 10 for evacuation
[2023-11-10T11:25:01.584-0800][75105216ms] GC(20129)   Pre Evacuate Collection Set: 0.0ms
[2023-11-10T11:25:01.584-0800][75105216ms] GC(20129)   Evacuate Collection Set: 1.9ms
[2023-11-10T11:25:01.584-0800][75105216ms] GC(20129)   Post Evacuate Collection Set: 3.1ms
[2023-11-10T11:25:01.584-0800][75105216ms] GC(20129)   Other: 0.3ms
[2023-11-10T11:25:01.584-0800][75105216ms] GC(20129) Eden regions: 225->0(225)
[2023-11-10T11:25:01.584-0800][75105216ms] GC(20129) Survivor regions: 1->1(29)
[2023-11-10T11:25:01.584-0800][75105216ms] GC(20129) Old regions: 1388->1388
[2023-11-10T11:25:01.584-0800][75105216ms] GC(20129) Humongous regions: 5->5
[2023-11-10T11:25:01.584-0800][75105216ms] GC(20129) Metaspace: 304631K->304631K(1347584K)
[2023-11-10T11:25:01.584-0800][75105216ms] GC(20129) Pause Young (Normal) (G1 Evacuation Pause) 3235M->2786M(3602M) 5.393ms
[2023-11-10T11:25:01.584-0800][75105216ms] GC(20129) User=0.00s Sys=0.00s Real=0.01s
[2023-11-10T11:25:02.088-0800][75105720ms] GC(20130) Pause Young (Normal) (G1 Evacuation Pause)
[2023-11-10T11:25:02.088-0800][75105720ms] GC(20130) Using 10 workers of 10 for evacuation
[2023-11-10T11:25:02.094-0800][75105726ms] GC(20130)   Pre Evacuate Collection Set: 0.0ms
[2023-11-10T11:25:02.094-0800][75105726ms] GC(20130)   Evacuate Collection Set: 1.8ms
[2023-11-10T11:25:02.094-0800][75105726ms] GC(20130)   Post Evacuate Collection Set: 3.3ms
[2023-11-10T11:25:02.094-0800][75105726ms] GC(20130)   Other: 0.3ms
[2023-11-10T11:25:02.094-0800][75105726ms] GC(20130) Eden regions: 225->0(225)
[2023-11-10T11:25:02.094-0800][75105726ms] GC(20130) Survivor regions: 1->1(29)
[2023-11-10T11:25:02.094-0800][75105726ms] GC(20130) Old regions: 1388->1388
[2023-11-10T11:25:02.094-0800][75105726ms] GC(20130) Humongous regions: 5->5
[2023-11-10T11:25:02.094-0800][75105726ms] GC(20130) Metaspace: 304631K->304631K(1347584K)
[2023-11-10T11:25:02.094-0800][75105726ms] GC(20130) Pause Young (Normal) (G1 Evacuation Pause) 3236M->2786M(3602M) 5.540ms
[2023-11-10T11:25:02.094-0800][75105726ms] GC(20130) User=0.00s Sys=0.00s Real=0.01s
[2023-11-10T11:25:02.668-0800][75106300ms] GC(20131) Pause Young (Normal) (G1 Evacuation Pause)
[2023-11-10T11:25:02.668-0800][75106300ms] GC(20131) Using 10 workers of 10 for evacuation
[2023-11-10T11:25:02.675-0800][75106307ms] GC(20131)   Pre Evacuate Collection Set: 0.1ms
[2023-11-10T11:25:02.675-0800][75106307ms] GC(20131)   Evacuate Collection Set: 1.8ms
[2023-11-10T11:25:02.675-0800][75106307ms] GC(20131)   Post Evacuate Collection Set: 5.2ms
[2023-11-10T11:25:02.675-0800][75106307ms] GC(20131)   Other: 0.4ms
[2023-11-10T11:25:02.675-0800][75106307ms] GC(20131) Eden regions: 225->0(225)
[2023-11-10T11:25:02.675-0800][75106307ms] GC(20131) Survivor regions: 1->1(29)
[2023-11-10T11:25:02.675-0800][75106307ms] GC(20131) Old regions: 1388->1388
[2023-11-10T11:25:02.675-0800][75106307ms] GC(20131) Humongous regions: 5->5
[2023-11-10T11:25:02.675-0800][75106307ms] GC(20131) Metaspace: 304631K->304631K(1347584K)
[2023-11-10T11:25:02.675-0800][75106307ms] GC(20131) Pause Young (Normal) (G1 Evacuation Pause) 3236M->2786M(3602M) 7.542ms
[2023-11-10T11:25:02.675-0800][75106307ms] GC(20131) User=0.00s Sys=0.00s Real=0.01s
[2023-11-10T11:25:03.197-0800][75106829ms] GC(20132) Pause Young (Normal) (G1 Evacuation Pause)
[2023-11-10T11:25:03.197-0800][75106829ms] GC(20132) Using 10 workers of 10 for evacuation
[2023-11-10T11:25:03.204-0800][75106836ms] GC(20132)   Pre Evacuate Collection Set: 0.1ms
[2023-11-10T11:25:03.204-0800][75106836ms] GC(20132)   Evacuate Collection Set: 2.6ms
[2023-11-10T11:25:03.204-0800][75106836ms] GC(20132)   Post Evacuate Collection Set: 3.8ms
[2023-11-10T11:25:03.204-0800][75106836ms] GC(20132)   Other: 0.3ms
[2023-11-10T11:25:03.204-0800][75106836ms] GC(20132) Eden regions: 225->0(225)
[2023-11-10T11:25:03.204-0800][75106836ms] GC(20132) Survivor regions: 1->1(29)
[2023-11-10T11:25:03.204-0800][75106836ms] GC(20132) Old regions: 1388->1388
[2023-11-10T11:25:03.204-0800][75106836ms] GC(20132) Humongous regions: 5->5
[2023-11-10T11:25:03.204-0800][75106836ms] GC(20132) Metaspace: 304631K->304631K(1347584K)
[2023-11-10T11:25:03.204-0800][75106836ms] GC(20132) Pause Young (Normal) (G1 Evacuation Pause) 3236M->2785M(3602M) 6.992ms
[2023-11-10T11:25:03.204-0800][75106836ms] GC(20132) User=0.00s Sys=0.00s Real=0.01s
[2023-11-10T11:25:03.842-0800][75107474ms] GC(20133) Pause Young (Normal) (G1 Evacuation Pause)
[2023-11-10T11:25:03.842-0800][75107474ms] GC(20133) Using 10 workers of 10 for evacuation
[2023-11-10T11:25:03.849-0800][75107481ms] GC(20133)   Pre Evacuate Collection Set: 0.0ms
[2023-11-10T11:25:03.850-0800][75107482ms] GC(20133)   Evacuate Collection Set: 2.1ms
[2023-11-10T11:25:03.850-0800][75107482ms] GC(20133)   Post Evacuate Collection Set: 4.7ms
[2023-11-10T11:25:03.850-0800][75107482ms] GC(20133)   Other: 0.3ms
[2023-11-10T11:25:03.850-0800][75107482ms] GC(20133) Eden regions: 225->0(225)
[2023-11-10T11:25:03.850-0800][75107482ms] GC(20133) Survivor regions: 1->1(29)
[2023-11-10T11:25:03.850-0800][75107482ms] GC(20133) Old regions: 1388->1388
[2023-11-10T11:25:03.850-0800][75107482ms] GC(20133) Humongous regions: 5->5
[2023-11-10T11:25:03.850-0800][75107482ms] GC(20133) Metaspace: 304631K->304631K(1347584K)
[2023-11-10T11:25:03.850-0800][75107482ms] GC(20133) Pause Young (Normal) (G1 Evacuation Pause) 3235M->2785M(3602M) 7.295ms
[2023-11-10T11:25:03.850-0800][75107482ms] GC(20133) User=0.00s Sys=0.00s Real=0.01s
[2023-11-10T11:25:04.465-0800][75108097ms] GC(20134) Pause Young (Normal) (G1 Evacuation Pause)
[2023-11-10T11:25:04.465-0800][75108097ms] GC(20134) Using 10 workers of 10 for evacuation
[2023-11-10T11:25:04.471-0800][75108103ms] GC(20134)   Pre Evacuate Collection Set: 0.1ms
[2023-11-10T11:25:04.471-0800][75108103ms] GC(20134)   Evacuate Collection Set: 2.3ms
[2023-11-10T11:25:04.471-0800][75108103ms] GC(20134)   Post Evacuate Collection Set: 3.4ms
[2023-11-10T11:25:04.471-0800][75108103ms] GC(20134)   Other: 0.5ms
[2023-11-10T11:25:04.471-0800][75108103ms] GC(20134) Eden regions: 225->0(225)
[2023-11-10T11:25:04.471-0800][75108103ms] GC(20134) Survivor regions: 1->1(29)
[2023-11-10T11:25:04.472-0800][75108104ms] GC(20134) Old regions: 1388->1388
[2023-11-10T11:25:04.472-0800][75108104ms] GC(20134) Humongous regions: 5->5
[2023-11-10T11:25:04.472-0800][75108104ms] GC(20134) Metaspace: 304631K->304631K(1347584K)
[2023-11-10T11:25:04.472-0800][75108104ms] GC(20134) Pause Young (Normal) (G1 Evacuation Pause) 3235M->2786M(3602M) 6.391ms
[2023-11-10T11:25:04.472-0800][75108104ms] GC(20134) User=0.00s Sys=0.00s Real=0.01s
[2023-11-10T11:25:05.022-0800][75108654ms] GC(20135) Pause Young (Normal) (G1 Evacuation Pause)
[2023-11-10T11:25:05.022-0800][75108654ms] GC(20135) Using 10 workers of 10 for evacuation
[2023-11-10T11:25:05.028-0800][75108660ms] GC(20135)   Pre Evacuate Collection Set: 0.0ms
[2023-11-10T11:25:05.028-0800][75108660ms] GC(20135)   Evacuate Collection Set: 1.7ms
[2023-11-10T11:25:05.028-0800][75108660ms] GC(20135)   Post Evacuate Collection Set: 4.3ms
[2023-11-10T11:25:05.028-0800][75108660ms] GC(20135)   Other: 0.3ms
[2023-11-10T11:25:05.028-0800][75108660ms] GC(20135) Eden regions: 225->0(225)
[2023-11-10T11:25:05.028-0800][75108660ms] GC(20135) Survivor regions: 1->1(29)
[2023-11-10T11:25:05.028-0800][75108660ms] GC(20135) Old regions: 1388->1388
[2023-11-10T11:25:05.028-0800][75108660ms] GC(20135) Humongous regions: 5->5
[2023-11-10T11:25:05.028-0800][75108660ms] GC(20135) Metaspace: 304631K->304631K(1347584K)
[2023-11-10T11:25:05.028-0800][75108660ms] GC(20135) Pause Young (Normal) (G1 Evacuation Pause) 3236M->2786M(3602M) 6.537ms
[2023-11-10T11:25:05.028-0800][75108660ms] GC(20135) User=0.13s Sys=0.00s Real=0.01s
[2023-11-10T11:25:05.637-0800][75109269ms] GC(20136) Pause Young (Normal) (G1 Evacuation Pause)
[2023-11-10T11:25:05.637-0800][75109269ms] GC(20136) Using 10 workers of 10 for evacuation
[2023-11-10T11:25:05.642-0800][75109274ms] GC(20136)   Pre Evacuate Collection Set: 0.0ms
[2023-11-10T11:25:05.642-0800][75109274ms] GC(20136)   Evacuate Collection Set: 1.7ms
[2023-11-10T11:25:05.642-0800][75109274ms] GC(20136)   Post Evacuate Collection Set: 3.3ms
[2023-11-10T11:25:05.642-0800][75109274ms] GC(20136)   Other: 0.3ms
[2023-11-10T11:25:05.642-0800][75109274ms] GC(20136) Eden regions: 225->0(225)
[2023-11-10T11:25:05.642-0800][75109274ms] GC(20136) Survivor regions: 1->1(29)
[2023-11-10T11:25:05.642-0800][75109274ms] GC(20136) Old regions: 1388->1388
[2023-11-10T11:25:05.642-0800][75109274ms] GC(20136) Humongous regions: 5->5
[2023-11-10T11:25:05.642-0800][75109274ms] GC(20136) Metaspace: 304631K->304631K(1347584K)
[2023-11-10T11:25:05.642-0800][75109274ms] GC(20136) Pause Young (Normal) (G1 Evacuation Pause) 3236M->2786M(3602M) 5.298ms
[2023-11-10T11:25:05.642-0800][75109274ms] GC(20136) User=0.00s Sys=0.00s Real=0.00s
[2023-11-10T11:25:06.221-0800][75109853ms] GC(20137) Pause Young (Normal) (G1 Evacuation Pause)
[2023-11-10T11:25:06.221-0800][75109853ms] GC(20137) Using 10 workers of 10 for evacuation
[2023-11-10T11:25:06.230-0800][75109862ms] GC(20137)   Pre Evacuate Collection Set: 0.0ms
[2023-11-10T11:25:06.230-0800][75109862ms] GC(20137)   Evacuate Collection Set: 1.8ms
[2023-11-10T11:25:06.230-0800][75109862ms] GC(20137)   Post Evacuate Collection Set: 5.8ms
[2023-11-10T11:25:06.230-0800][75109862ms] GC(20137)   Other: 0.3ms
[2023-11-10T11:25:06.230-0800][75109862ms] GC(20137) Eden regions: 225->0(225)
[2023-11-10T11:25:06.230-0800][75109862ms] GC(20137) Survivor regions: 1->1(29)
[2023-11-10T11:25:06.230-0800][75109862ms] GC(20137) Old regions: 1388->1388
[2023-11-10T11:25:06.230-0800][75109862ms] GC(20137) Humongous regions: 5->5
[2023-11-10T11:25:06.230-0800][75109862ms] GC(20137) Metaspace: 304631K->304631K(1347584K)
[2023-11-10T11:25:06.230-0800][75109862ms] GC(20137) Pause Young (Normal) (G1 Evacuation Pause) 3236M->2786M(3602M) 8.074ms
[2023-11-10T11:25:06.230-0800][75109862ms] GC(20137) User=0.00s Sys=0.00s Real=0.01s
[2023-11-10T11:25:06.816-0800][75110448ms] GC(20138) Pause Young (Normal) (G1 Evacuation Pause)
[2023-11-10T11:25:06.816-0800][75110448ms] GC(20138) Using 10 workers of 10 for evacuation
[2023-11-10T11:25:06.820-0800][75110452ms] GC(20138)   Pre Evacuate Collection Set: 0.0ms
[2023-11-10T11:25:06.820-0800][75110452ms] GC(20138)   Evacuate Collection Set: 1.7ms
[2023-11-10T11:25:06.820-0800][75110452ms] GC(20138)   Post Evacuate Collection Set: 3.1ms
[2023-11-10T11:25:06.820-0800][75110452ms] GC(20138)   Other: 0.3ms
[2023-11-10T11:25:06.820-0800][75110452ms] GC(20138) Eden regions: 225->0(225)
[2023-11-10T11:25:06.820-0800][75110452ms] GC(20138) Survivor regions: 1->1(29)
[2023-11-10T11:25:06.820-0800][75110452ms] GC(20138) Old regions: 1388->1388
[2023-11-10T11:25:06.820-0800][75110452ms] GC(20138) Humongous regions: 5->5
[2023-11-10T11:25:06.820-0800][75110452ms] GC(20138) Metaspace: 304631K->304631K(1347584K)
[2023-11-10T11:25:06.820-0800][75110452ms] GC(20138) Pause Young (Normal) (G1 Evacuation Pause) 3236M->2786M(3602M) 5.239ms
[2023-11-10T11:25:06.820-0800][75110452ms] GC(20138) User=0.00s Sys=0.00s Real=0.00s
[2023-11-10T11:25:07.326-0800][75110958ms] GC(20139) Pause Young (Normal) (G1 Evacuation Pause)
[2023-11-10T11:25:07.326-0800][75110958ms] GC(20139) Using 10 workers of 10 for evacuation
[2023-11-10T11:25:07.333-0800][75110965ms] GC(20139)   Pre Evacuate Collection Set: 0.1ms
[2023-11-10T11:25:07.333-0800][75110965ms] GC(20139)   Evacuate Collection Set: 2.1ms
[2023-11-10T11:25:07.333-0800][75110965ms] GC(20139)   Post Evacuate Collection Set: 4.9ms
[2023-11-10T11:25:07.333-0800][75110965ms] GC(20139)   Other: 0.4ms
[2023-11-10T11:25:07.333-0800][75110965ms] GC(20139) Eden regions: 225->0(225)
[2023-11-10T11:25:07.333-0800][75110965ms] GC(20139) Survivor regions: 1->1(29)
[2023-11-10T11:25:07.333-0800][75110965ms] GC(20139) Old regions: 1388->1388
[2023-11-10T11:25:07.333-0800][75110965ms] GC(20139) Humongous regions: 5->5
[2023-11-10T11:25:07.333-0800][75110965ms] GC(20139) Metaspace: 304631K->304631K(1347584K)
[2023-11-10T11:25:07.333-0800][75110965ms] GC(20139) Pause Young (Normal) (G1 Evacuation Pause) 3236M->2786M(3602M) 7.704ms
[2023-11-10T11:25:07.333-0800][75110965ms] GC(20139) User=0.00s Sys=0.00s Real=0.01s
[2023-11-10T11:25:07.894-0800][75111526ms] GC(20140) Pause Young (Normal) (G1 Evacuation Pause)
[2023-11-10T11:25:07.894-0800][75111526ms] GC(20140) Using 10 workers of 10 for evacuation
[2023-11-10T11:25:07.900-0800][75111532ms] GC(20140)   Pre Evacuate Collection Set: 0.1ms
[2023-11-10T11:25:07.900-0800][75111532ms] GC(20140)   Evacuate Collection Set: 1.7ms
[2023-11-10T11:25:07.900-0800][75111532ms] GC(20140)   Post Evacuate Collection Set: 3.4ms
[2023-11-10T11:25:07.900-0800][75111532ms] GC(20140)   Other: 0.3ms
[2023-11-10T11:25:07.900-0800][75111532ms] GC(20140) Eden regions: 225->0(225)
[2023-11-10T11:25:07.900-0800][75111532ms] GC(20140) Survivor regions: 1->1(29)
[2023-11-10T11:25:07.900-0800][75111532ms] GC(20140) Old regions: 1388->1388
[2023-11-10T11:25:07.900-0800][75111532ms] GC(20140) Humongous regions: 5->5
[2023-11-10T11:25:07.900-0800][75111532ms] GC(20140) Metaspace: 304631K->304631K(1347584K)
[2023-11-10T11:25:07.900-0800][75111532ms] GC(20140) Pause Young (Normal) (G1 Evacuation Pause) 3236M->2786M(3602M) 5.603ms
[2023-11-10T11:25:07.900-0800][75111532ms] GC(20140) User=0.02s Sys=0.00s Real=0.01s
[2023-11-10T11:25:08.415-0800][75112047ms] GC(20141) Pause Young (Normal) (G1 Evacuation Pause)
[2023-11-10T11:25:08.415-0800][75112047ms] GC(20141) Using 10 workers of 10 for evacuation
[2023-11-10T11:25:08.420-0800][75112052ms] GC(20141)   Pre Evacuate Collection Set: 0.0ms
[2023-11-10T11:25:08.420-0800][75112052ms] GC(20141)   Evacuate Collection Set: 1.6ms
[2023-11-10T11:25:08.420-0800][75112052ms] GC(20141)   Post Evacuate Collection Set: 3.1ms
[2023-11-10T11:25:08.420-0800][75112052ms] GC(20141)   Other: 0.3ms
[2023-11-10T11:25:08.420-0800][75112052ms] GC(20141) Eden regions: 225->0(225)
[2023-11-10T11:25:08.420-0800][75112052ms] GC(20141) Survivor regions: 1->1(29)
[2023-11-10T11:25:08.420-0800][75112052ms] GC(20141) Old regions: 1388->1388
[2023-11-10T11:25:08.420-0800][75112052ms] GC(20141) Humongous regions: 5->5
[2023-11-10T11:25:08.420-0800][75112052ms] GC(20141) Metaspace: 304631K->304631K(1347584K)
[2023-11-10T11:25:08.420-0800][75112052ms] GC(20141) Pause Young (Normal) (G1 Evacuation Pause) 3236M->2786M(3602M) 5.251ms
[2023-11-10T11:25:08.420-0800][75112052ms] GC(20141) User=0.00s Sys=0.00s Real=0.01s
[2023-11-10T11:25:08.930-0800][75112562ms] GC(20142) Pause Young (Normal) (G1 Evacuation Pause)
[2023-11-10T11:25:08.930-0800][75112562ms] GC(20142) Using 10 workers of 10 for evacuation
[2023-11-10T11:25:08.934-0800][75112566ms] GC(20142)   Pre Evacuate Collection Set: 0.0ms
[2023-11-10T11:25:08.934-0800][75112566ms] GC(20142)   Evacuate Collection Set: 1.8ms
[2023-11-10T11:25:08.934-0800][75112566ms] GC(20142)   Post Evacuate Collection Set: 3.2ms
[2023-11-10T11:25:08.934-0800][75112566ms] GC(20142)   Other: 0.3ms
[2023-11-10T11:25:08.934-0800][75112566ms] GC(20142) Eden regions: 225->0(225)
[2023-11-10T11:25:08.934-0800][75112566ms] GC(20142) Survivor regions: 1->1(29)
[2023-11-10T11:25:08.934-0800][75112566ms] GC(20142) Old regions: 1388->1388
[2023-11-10T11:25:08.934-0800][75112566ms] GC(20142) Humongous regions: 5->5
[2023-11-10T11:25:08.934-0800][75112566ms] GC(20142) Metaspace: 304631K->304631K(1347584K)
[2023-11-10T11:25:08.934-0800][75112566ms] GC(20142) Pause Young (Normal) (G1 Evacuation Pause) 3236M->2786M(3602M) 5.348ms
[2023-11-10T11:25:08.934-0800][75112566ms] GC(20142) User=0.00s Sys=0.00s Real=0.00s
[2023-11-10T11:25:09.474-0800][75113106ms] GC(20143) Pause Young (Normal) (G1 Evacuation Pause)
[2023-11-10T11:25:09.474-0800][75113106ms] GC(20143) Using 10 workers of 10 for evacuation
[2023-11-10T11:25:09.479-0800][75113111ms] GC(20143)   Pre Evacuate Collection Set: 0.0ms
[2023-11-10T11:25:09.479-0800][75113111ms] GC(20143)   Evacuate Collection Set: 2.0ms
[2023-11-10T11:25:09.479-0800][75113111ms] GC(20143)   Post Evacuate Collection Set: 3.3ms
[2023-11-10T11:25:09.479-0800][75113111ms] GC(20143)   Other: 0.2ms
[2023-11-10T11:25:09.479-0800][75113111ms] GC(20143) Eden regions: 225->0(225)
[2023-11-10T11:25:09.479-0800][75113111ms] GC(20143) Survivor regions: 1->1(29)
[2023-11-10T11:25:09.479-0800][75113111ms] GC(20143) Old regions: 1388->1388
[2023-11-10T11:25:09.479-0800][75113111ms] GC(20143) Humongous regions: 5->5
[2023-11-10T11:25:09.479-0800][75113111ms] GC(20143) Metaspace: 304631K->304631K(1347584K)
[2023-11-10T11:25:09.479-0800][75113111ms] GC(20143) Pause Young (Normal) (G1 Evacuation Pause) 3236M->2786M(3602M) 5.643ms
[2023-11-10T11:25:09.480-0800][75113112ms] GC(20143) User=0.05s Sys=0.00s Real=0.01s
[2023-11-10T11:25:10.090-0800][75113722ms] GC(20144) Pause Young (Normal) (G1 Evacuation Pause)
[2023-11-10T11:25:10.090-0800][75113722ms] GC(20144) Using 10 workers of 10 for evacuation
[2023-11-10T11:25:10.097-0800][75113729ms] GC(20144)   Pre Evacuate Collection Set: 0.0ms
[2023-11-10T11:25:10.097-0800][75113729ms] GC(20144)   Evacuate Collection Set: 1.7ms
[2023-11-10T11:25:10.097-0800][75113729ms] GC(20144)   Post Evacuate Collection Set: 4.5ms
[2023-11-10T11:25:10.097-0800][75113729ms] GC(20144)   Other: 0.3ms
[2023-11-10T11:25:10.097-0800][75113729ms] GC(20144) Eden regions: 225->0(225)
[2023-11-10T11:25:10.097-0800][75113729ms] GC(20144) Survivor regions: 1->1(29)
[2023-11-10T11:25:10.097-0800][75113729ms] GC(20144) Old regions: 1388->1388
[2023-11-10T11:25:10.097-0800][75113729ms] GC(20144) Humongous regions: 5->5
[2023-11-10T11:25:10.097-0800][75113729ms] GC(20144) Metaspace: 304631K->304631K(1347584K)
[2023-11-10T11:25:10.097-0800][75113729ms] GC(20144) Pause Young (Normal) (G1 Evacuation Pause) 3236M->2786M(3602M) 6.621ms
[2023-11-10T11:25:10.097-0800][75113729ms] GC(20144) User=0.00s Sys=0.00s Real=0.01s
[2023-11-10T11:25:10.643-0800][75114275ms] GC(20145) Pause Young (Normal) (G1 Evacuation Pause)
[2023-11-10T11:25:10.643-0800][75114275ms] GC(20145) Using 10 workers of 10 for evacuation
[2023-11-10T11:25:10.650-0800][75114282ms] GC(20145)   Pre Evacuate Collection Set: 0.1ms
[2023-11-10T11:25:10.650-0800][75114282ms] GC(20145)   Evacuate Collection Set: 2.4ms
[2023-11-10T11:25:10.650-0800][75114282ms] GC(20145)   Post Evacuate Collection Set: 3.7ms
[2023-11-10T11:25:10.650-0800][75114282ms] GC(20145)   Other: 0.4ms
[2023-11-10T11:25:10.650-0800][75114282ms] GC(20145) Eden regions: 225->0(225)
[2023-11-10T11:25:10.650-0800][75114282ms] GC(20145) Survivor regions: 1->1(29)
[2023-11-10T11:25:10.650-0800][75114282ms] GC(20145) Old regions: 1388->1388
[2023-11-10T11:25:10.650-0800][75114282ms] GC(20145) Humongous regions: 5->5
[2023-11-10T11:25:10.650-0800][75114282ms] GC(20145) Metaspace: 304631K->304631K(1347584K)
[2023-11-10T11:25:10.650-0800][75114282ms] GC(20145) Pause Young (Normal) (G1 Evacuation Pause) 3236M->2786M(3602M) 6.755ms
[2023-11-10T11:25:10.650-0800][75114282ms] GC(20145) User=0.02s Sys=0.00s Real=0.01s
[2023-11-10T11:25:11.169-0800][75114801ms] GC(20146) Pause Young (Normal) (G1 Evacuation Pause)
[2023-11-10T11:25:11.169-0800][75114801ms] GC(20146) Using 10 workers of 10 for evacuation
[2023-11-10T11:25:11.175-0800][75114807ms] GC(20146)   Pre Evacuate Collection Set: 0.1ms
[2023-11-10T11:25:11.175-0800][75114807ms] GC(20146)   Evacuate Collection Set: 1.7ms
[2023-11-10T11:25:11.175-0800][75114807ms] GC(20146)   Post Evacuate Collection Set: 3.9ms
[2023-11-10T11:25:11.175-0800][75114807ms] GC(20146)   Other: 0.3ms
[2023-11-10T11:25:11.175-0800][75114807ms] GC(20146) Eden regions: 225->0(225)
[2023-11-10T11:25:11.175-0800][75114807ms] GC(20146) Survivor regions: 1->1(29)
[2023-11-10T11:25:11.175-0800][75114807ms] GC(20146) Old regions: 1388->1388
[2023-11-10T11:25:11.175-0800][75114807ms] GC(20146) Humongous regions: 5->5
[2023-11-10T11:25:11.175-0800][75114807ms] GC(20146) Metaspace: 304631K->304631K(1347584K)
[2023-11-10T11:25:11.175-0800][75114807ms] GC(20146) Pause Young (Normal) (G1 Evacuation Pause) 3236M->2786M(3602M) 6.069ms
[2023-11-10T11:25:11.175-0800][75114807ms] GC(20146) User=0.00s Sys=0.00s Real=0.01s
[2023-11-10T11:25:11.833-0800][75115465ms] GC(20147) Pause Young (Normal) (G1 Evacuation Pause)
[2023-11-10T11:25:11.833-0800][75115465ms] GC(20147) Using 10 workers of 10 for evacuation
[2023-11-10T11:25:11.840-0800][75115472ms] GC(20147)   Pre Evacuate Collection Set: 0.0ms
[2023-11-10T11:25:11.840-0800][75115472ms] GC(20147)   Evacuate Collection Set: 1.9ms
[2023-11-10T11:25:11.840-0800][75115472ms] GC(20147)   Post Evacuate Collection Set: 3.7ms
[2023-11-10T11:25:11.840-0800][75115472ms] GC(20147)   Other: 0.3ms
[2023-11-10T11:25:11.840-0800][75115472ms] GC(20147) Eden regions: 225->0(224)
[2023-11-10T11:25:11.840-0800][75115472ms] GC(20147) Survivor regions: 1->1(29)
[2023-11-10T11:25:11.840-0800][75115472ms] GC(20147) Old regions: 1388->1388
[2023-11-10T11:25:11.840-0800][75115472ms] GC(20147) Humongous regions: 5->5
[2023-11-10T11:25:11.840-0800][75115472ms] GC(20147) Metaspace: 304631K->304631K(1347584K)
[2023-11-10T11:25:11.840-0800][75115472ms] GC(20147) Pause Young (Normal) (G1 Evacuation Pause) 3236M->2787M(3602M) 6.085ms
[2023-11-10T11:25:11.840-0800][75115472ms] GC(20147) User=0.06s Sys=0.00s Real=0.01s
[2023-11-10T11:25:12.360-0800][75115992ms] GC(20148) Pause Young (Normal) (G1 Evacuation Pause)
[2023-11-10T11:25:12.360-0800][75115992ms] GC(20148) Using 10 workers of 10 for evacuation
[2023-11-10T11:25:12.368-0800][75116000ms] GC(20148)   Pre Evacuate Collection Set: 0.0ms
[2023-11-10T11:25:12.368-0800][75116000ms] GC(20148)   Evacuate Collection Set: 2.8ms
[2023-11-10T11:25:12.368-0800][75116000ms] GC(20148)   Post Evacuate Collection Set: 4.3ms
[2023-11-10T11:25:12.368-0800][75116000ms] GC(20148)   Other: 0.3ms
[2023-11-10T11:25:12.368-0800][75116000ms] GC(20148) Eden regions: 224->0(224)
[2023-11-10T11:25:12.368-0800][75116000ms] GC(20148) Survivor regions: 1->1(29)
[2023-11-10T11:25:12.368-0800][75116000ms] GC(20148) Old regions: 1388->1388
[2023-11-10T11:25:12.368-0800][75116000ms] GC(20148) Humongous regions: 5->5
[2023-11-10T11:25:12.368-0800][75116000ms] GC(20148) Metaspace: 304631K->304631K(1347584K)
[2023-11-10T11:25:12.368-0800][75116000ms] GC(20148) Pause Young (Normal) (G1 Evacuation Pause) 3235M->2786M(3602M) 7.517ms
[2023-11-10T11:25:12.368-0800][75116000ms] GC(20148) User=0.00s Sys=0.00s Real=0.01s
[2023-11-10T11:25:12.906-0800][75116538ms] GC(20149) Pause Young (Normal) (G1 Evacuation Pause)
[2023-11-10T11:25:12.906-0800][75116538ms] GC(20149) Using 10 workers of 10 for evacuation
[2023-11-10T11:25:12.914-0800][75116546ms] GC(20149)   Pre Evacuate Collection Set: 0.0ms
[2023-11-10T11:25:12.914-0800][75116546ms] GC(20149)   Evacuate Collection Set: 2.7ms
[2023-11-10T11:25:12.914-0800][75116546ms] GC(20149)   Post Evacuate Collection Set: 4.2ms
[2023-11-10T11:25:12.914-0800][75116546ms] GC(20149)   Other: 0.3ms
[2023-11-10T11:25:12.914-0800][75116546ms] GC(20149) Eden regions: 224->0(224)
[2023-11-10T11:25:12.914-0800][75116546ms] GC(20149) Survivor regions: 1->1(29)
[2023-11-10T11:25:12.914-0800][75116546ms] GC(20149) Old regions: 1388->1389
[2023-11-10T11:25:12.914-0800][75116546ms] GC(20149) Humongous regions: 5->5
[2023-11-10T11:25:12.914-0800][75116546ms] GC(20149) Metaspace: 304631K->304631K(1347584K)
[2023-11-10T11:25:12.914-0800][75116546ms] GC(20149) Pause Young (Normal) (G1 Evacuation Pause) 3234M->2786M(3602M) 7.395ms
[2023-11-10T11:25:12.914-0800][75116546ms] GC(20149) User=0.02s Sys=0.00s Real=0.01s
[2023-11-10T11:25:13.437-0800][75117069ms] GC(20150) Pause Young (Normal) (G1 Evacuation Pause)
[2023-11-10T11:25:13.437-0800][75117069ms] GC(20150) Using 10 workers of 10 for evacuation
[2023-11-10T11:25:13.443-0800][75117075ms] GC(20150)   Pre Evacuate Collection Set: 0.1ms
[2023-11-10T11:25:13.443-0800][75117075ms] GC(20150)   Evacuate Collection Set: 2.2ms
[2023-11-10T11:25:13.443-0800][75117075ms] GC(20150)   Post Evacuate Collection Set: 3.6ms
[2023-11-10T11:25:13.443-0800][75117075ms] GC(20150)   Other: 0.3ms
[2023-11-10T11:25:13.443-0800][75117075ms] GC(20150) Eden regions: 224->0(223)
[2023-11-10T11:25:13.443-0800][75117075ms] GC(20150) Survivor regions: 1->1(29)
[2023-11-10T11:25:13.443-0800][75117075ms] GC(20150) Old regions: 1389->1389
[2023-11-10T11:25:13.443-0800][75117075ms] GC(20150) Humongous regions: 5->5
[2023-11-10T11:25:13.443-0800][75117075ms] GC(20150) Metaspace: 304631K->304631K(1347584K)
[2023-11-10T11:25:13.443-0800][75117075ms] GC(20150) Pause Young (Normal) (G1 Evacuation Pause) 3234M->2786M(3602M) 6.312ms
[2023-11-10T11:25:13.443-0800][75117075ms] GC(20150) User=0.00s Sys=0.00s Real=0.01s
[2023-11-10T11:25:13.974-0800][75117606ms] GC(20151) Pause Young (Normal) (G1 Evacuation Pause)
[2023-11-10T11:25:13.974-0800][75117606ms] GC(20151) Using 10 workers of 10 for evacuation
[2023-11-10T11:25:13.981-0800][75117613ms] GC(20151)   Pre Evacuate Collection Set: 0.0ms
[2023-11-10T11:25:13.981-0800][75117613ms] GC(20151)   Evacuate Collection Set: 2.1ms
[2023-11-10T11:25:13.981-0800][75117613ms] GC(20151)   Post Evacuate Collection Set: 4.8ms
[2023-11-10T11:25:13.981-0800][75117613ms] GC(20151)   Other: 0.3ms
[2023-11-10T11:25:13.981-0800][75117613ms] GC(20151) Eden regions: 223->0(223)
[2023-11-10T11:25:13.981-0800][75117613ms] GC(20151) Survivor regions: 1->1(28)
[2023-11-10T11:25:13.981-0800][75117613ms] GC(20151) Old regions: 1389->1389
[2023-11-10T11:25:13.981-0800][75117613ms] GC(20151) Humongous regions: 5->5
[2023-11-10T11:25:13.981-0800][75117613ms] GC(20151) Metaspace: 304631K->304631K(1347584K)
[2023-11-10T11:25:13.981-0800][75117613ms] GC(20151) Pause Young (Normal) (G1 Evacuation Pause) 3232M->2786M(3602M) 7.263ms
[2023-11-10T11:25:13.982-0800][75117614ms] GC(20151) User=0.02s Sys=0.00s Real=0.01s
[2023-11-10T11:25:14.499-0800][75118131ms] GC(20152) Pause Young (Normal) (G1 Evacuation Pause)
[2023-11-10T11:25:14.499-0800][75118131ms] GC(20152) Using 10 workers of 10 for evacuation
[2023-11-10T11:25:14.506-0800][75118138ms] GC(20152)   Pre Evacuate Collection Set: 0.0ms
[2023-11-10T11:25:14.506-0800][75118138ms] GC(20152)   Evacuate Collection Set: 2.2ms
[2023-11-10T11:25:14.506-0800][75118138ms] GC(20152)   Post Evacuate Collection Set: 4.1ms
[2023-11-10T11:25:14.506-0800][75118138ms] GC(20152)   Other: 0.3ms
[2023-11-10T11:25:14.506-0800][75118138ms] GC(20152) Eden regions: 223->0(223)
[2023-11-10T11:25:14.506-0800][75118138ms] GC(20152) Survivor regions: 1->1(28)
[2023-11-10T11:25:14.506-0800][75118138ms] GC(20152) Old regions: 1389->1389
[2023-11-10T11:25:14.506-0800][75118138ms] GC(20152) Humongous regions: 5->5
[2023-11-10T11:25:14.506-0800][75118138ms] GC(20152) Metaspace: 304631K->304631K(1347584K)
[2023-11-10T11:25:14.506-0800][75118138ms] GC(20152) Pause Young (Normal) (G1 Evacuation Pause) 3232M->2786M(3602M) 6.769ms
[2023-11-10T11:25:14.506-0800][75118138ms] GC(20152) User=0.00s Sys=0.00s Real=0.01s
[2023-11-10T11:25:15.044-0800][75118676ms] GC(20153) Pause Young (Normal) (G1 Evacuation Pause)
[2023-11-10T11:25:15.044-0800][75118676ms] GC(20153) Using 10 workers of 10 for evacuation
[2023-11-10T11:25:15.051-0800][75118683ms] GC(20153)   Pre Evacuate Collection Set: 0.1ms
[2023-11-10T11:25:15.051-0800][75118683ms] GC(20153)   Evacuate Collection Set: 1.7ms
[2023-11-10T11:25:15.051-0800][75118683ms] GC(20153)   Post Evacuate Collection Set: 3.3ms
[2023-11-10T11:25:15.051-0800][75118683ms] GC(20153)   Other: 0.3ms
[2023-11-10T11:25:15.051-0800][75118683ms] GC(20153) Eden regions: 223->0(223)
[2023-11-10T11:25:15.051-0800][75118683ms] GC(20153) Survivor regions: 1->1(28)
[2023-11-10T11:25:15.051-0800][75118683ms] GC(20153) Old regions: 1389->1389
[2023-11-10T11:25:15.051-0800][75118683ms] GC(20153) Humongous regions: 5->5
[2023-11-10T11:25:15.051-0800][75118683ms] GC(20153) Metaspace: 304631K->304631K(1347584K)
[2023-11-10T11:25:15.051-0800][75118683ms] GC(20153) Pause Young (Normal) (G1 Evacuation Pause) 3232M->2786M(3602M) 5.482ms
[2023-11-10T11:25:15.051-0800][75118683ms] GC(20153) User=0.00s Sys=0.00s Real=0.01s
[2023-11-10T11:25:15.566-0800][75119198ms] GC(20154) Pause Young (Normal) (G1 Evacuation Pause)
[2023-11-10T11:25:15.566-0800][75119198ms] GC(20154) Using 10 workers of 10 for evacuation
[2023-11-10T11:25:15.573-0800][75119205ms] GC(20154)   Pre Evacuate Collection Set: 0.0ms
[2023-11-10T11:25:15.573-0800][75119205ms] GC(20154)   Evacuate Collection Set: 2.8ms
[2023-11-10T11:25:15.573-0800][75119205ms] GC(20154)   Post Evacuate Collection Set: 4.4ms
[2023-11-10T11:25:15.573-0800][75119205ms] GC(20154)   Other: 0.4ms
[2023-11-10T11:25:15.573-0800][75119205ms] GC(20154) Eden regions: 223->0(223)
[2023-11-10T11:25:15.573-0800][75119205ms] GC(20154) Survivor regions: 1->1(28)
[2023-11-10T11:25:15.573-0800][75119205ms] GC(20154) Old regions: 1389->1389
[2023-11-10T11:25:15.573-0800][75119205ms] GC(20154) Humongous regions: 5->5
[2023-11-10T11:25:15.574-0800][75119206ms] GC(20154) Metaspace: 304631K->304631K(1347584K)
[2023-11-10T11:25:15.574-0800][75119206ms] GC(20154) Pause Young (Normal) (G1 Evacuation Pause) 3232M->2786M(3602M) 7.619ms
[2023-11-10T11:25:15.574-0800][75119206ms] GC(20154) User=0.02s Sys=0.00s Real=0.01s
[2023-11-10T11:25:16.131-0800][75119763ms] GC(20155) Pause Young (Normal) (G1 Evacuation Pause)
[2023-11-10T11:25:16.131-0800][75119763ms] GC(20155) Using 10 workers of 10 for evacuation
[2023-11-10T11:25:16.138-0800][75119770ms] GC(20155)   Pre Evacuate Collection Set: 0.1ms
[2023-11-10T11:25:16.138-0800][75119770ms] GC(20155)   Evacuate Collection Set: 1.9ms
[2023-11-10T11:25:16.138-0800][75119770ms] GC(20155)   Post Evacuate Collection Set: 4.7ms
[2023-11-10T11:25:16.138-0800][75119770ms] GC(20155)   Other: 0.4ms
[2023-11-10T11:25:16.138-0800][75119770ms] GC(20155) Eden regions: 223->0(223)
[2023-11-10T11:25:16.138-0800][75119770ms] GC(20155) Survivor regions: 1->1(28)
[2023-11-10T11:25:16.138-0800][75119770ms] GC(20155) Old regions: 1389->1389
[2023-11-10T11:25:16.138-0800][75119770ms] GC(20155) Humongous regions: 5->5
[2023-11-10T11:25:16.138-0800][75119770ms] GC(20155) Metaspace: 304631K->304631K(1347584K)
[2023-11-10T11:25:16.138-0800][75119770ms] GC(20155) Pause Young (Normal) (G1 Evacuation Pause) 3232M->2786M(3602M) 7.289ms
[2023-11-10T11:25:16.138-0800][75119770ms] GC(20155) User=0.09s Sys=0.00s Real=0.01s
[2023-11-10T11:25:16.639-0800][75120271ms] GC(20156) Pause Young (Normal) (G1 Evacuation Pause)
[2023-11-10T11:25:16.639-0800][75120271ms] GC(20156) Using 10 workers of 10 for evacuation
[2023-11-10T11:25:16.646-0800][75120278ms] GC(20156)   Pre Evacuate Collection Set: 0.1ms
[2023-11-10T11:25:16.646-0800][75120278ms] GC(20156)   Evacuate Collection Set: 2.0ms
[2023-11-10T11:25:16.646-0800][75120278ms] GC(20156)   Post Evacuate Collection Set: 5.3ms
[2023-11-10T11:25:16.646-0800][75120278ms] GC(20156)   Other: 0.4ms
[2023-11-10T11:25:16.646-0800][75120278ms] GC(20156) Eden regions: 223->0(223)
[2023-11-10T11:25:16.646-0800][75120278ms] GC(20156) Survivor regions: 1->1(28)
[2023-11-10T11:25:16.646-0800][75120278ms] GC(20156) Old regions: 1389->1389
[2023-11-10T11:25:16.646-0800][75120278ms] GC(20156) Humongous regions: 5->5
[2023-11-10T11:25:16.646-0800][75120278ms] GC(20156) Metaspace: 304631K->304631K(1347584K)
[2023-11-10T11:25:16.646-0800][75120278ms] GC(20156) Pause Young (Normal) (G1 Evacuation Pause) 3232M->2786M(3602M) 8.016ms
[2023-11-10T11:25:16.646-0800][75120278ms] GC(20156) User=0.00s Sys=0.00s Real=0.01s
[2023-11-10T11:25:17.263-0800][75120895ms] GC(20157) Pause Young (Normal) (GCLocker Initiated GC)
[2023-11-10T11:25:17.263-0800][75120895ms] GC(20157) Using 10 workers of 10 for evacuation
[2023-11-10T11:25:17.267-0800][75120899ms] GC(20157)   Pre Evacuate Collection Set: 0.0ms
[2023-11-10T11:25:17.268-0800][75120900ms] GC(20157)   Evacuate Collection Set: 1.8ms
[2023-11-10T11:25:17.268-0800][75120900ms] GC(20157)   Post Evacuate Collection Set: 3.2ms
[2023-11-10T11:25:17.268-0800][75120900ms] GC(20157)   Other: 0.3ms
[2023-11-10T11:25:17.268-0800][75120900ms] GC(20157) Eden regions: 223->0(223)
[2023-11-10T11:25:17.268-0800][75120900ms] GC(20157) Survivor regions: 1->1(28)
[2023-11-10T11:25:17.268-0800][75120900ms] GC(20157) Old regions: 1389->1389
[2023-11-10T11:25:17.268-0800][75120900ms] GC(20157) Humongous regions: 5->5
[2023-11-10T11:25:17.268-0800][75120900ms] GC(20157) Metaspace: 304631K->304631K(1347584K)
[2023-11-10T11:25:17.268-0800][75120900ms] GC(20157) Pause Young (Normal) (GCLocker Initiated GC) 3232M->2786M(3602M) 5.373ms
[2023-11-10T11:25:17.268-0800][75120900ms] GC(20157) User=0.00s Sys=0.00s Real=0.00s
[2023-11-10T11:25:17.883-0800][75121515ms] GC(20158) Pause Young (Normal) (GCLocker Initiated GC)
[2023-11-10T11:25:17.883-0800][75121515ms] GC(20158) Using 10 workers of 10 for evacuation
[2023-11-10T11:25:17.888-0800][75121520ms] GC(20158)   Pre Evacuate Collection Set: 0.0ms
[2023-11-10T11:25:17.888-0800][75121520ms] GC(20158)   Evacuate Collection Set: 1.7ms
[2023-11-10T11:25:17.888-0800][75121520ms] GC(20158)   Post Evacuate Collection Set: 3.4ms
[2023-11-10T11:25:17.888-0800][75121520ms] GC(20158)   Other: 0.3ms
[2023-11-10T11:25:17.888-0800][75121520ms] GC(20158) Eden regions: 223->0(223)
[2023-11-10T11:25:17.888-0800][75121520ms] GC(20158) Survivor regions: 1->1(28)
[2023-11-10T11:25:17.888-0800][75121520ms] GC(20158) Old regions: 1389->1389
[2023-11-10T11:25:17.888-0800][75121520ms] GC(20158) Humongous regions: 5->5
[2023-11-10T11:25:17.888-0800][75121520ms] GC(20158) Metaspace: 304631K->304631K(1347584K)
[2023-11-10T11:25:17.888-0800][75121520ms] GC(20158) Pause Young (Normal) (GCLocker Initiated GC) 3232M->2786M(3602M) 5.592ms
[2023-11-10T11:25:17.888-0800][75121520ms] GC(20158) User=0.00s Sys=0.00s Real=0.01s
[2023-11-10T11:25:18.454-0800][75122086ms] GC(20159) Pause Young (Normal) (GCLocker Initiated GC)
[2023-11-10T11:25:18.454-0800][75122086ms] GC(20159) Using 10 workers of 10 for evacuation
[2023-11-10T11:25:18.459-0800][75122091ms] GC(20159)   Pre Evacuate Collection Set: 0.0ms
[2023-11-10T11:25:18.459-0800][75122091ms] GC(20159)   Evacuate Collection Set: 1.8ms
[2023-11-10T11:25:18.459-0800][75122091ms] GC(20159)   Post Evacuate Collection Set: 3.4ms
[2023-11-10T11:25:18.459-0800][75122091ms] GC(20159)   Other: 0.3ms
[2023-11-10T11:25:18.459-0800][75122091ms] GC(20159) Eden regions: 224->0(223)
[2023-11-10T11:25:18.459-0800][75122091ms] GC(20159) Survivor regions: 1->1(28)
[2023-11-10T11:25:18.459-0800][75122091ms] GC(20159) Old regions: 1389->1389
[2023-11-10T11:25:18.459-0800][75122091ms] GC(20159) Humongous regions: 5->5
[2023-11-10T11:25:18.459-0800][75122091ms] GC(20159) Metaspace: 304631K->304631K(1347584K)
[2023-11-10T11:25:18.459-0800][75122091ms] GC(20159) Pause Young (Normal) (GCLocker Initiated GC) 3232M->2786M(3602M) 5.702ms
[2023-11-10T11:25:18.459-0800][75122091ms] GC(20159) User=0.00s Sys=0.00s Real=0.01s
[2023-11-10T11:25:18.969-0800][75122601ms] GC(20160) Pause Young (Normal) (GCLocker Initiated GC)
[2023-11-10T11:25:18.969-0800][75122601ms] GC(20160) Using 10 workers of 10 for evacuation
[2023-11-10T11:25:18.975-0800][75122607ms] GC(20160)   Pre Evacuate Collection Set: 0.1ms
[2023-11-10T11:25:18.975-0800][75122607ms] GC(20160)   Evacuate Collection Set: 1.9ms
[2023-11-10T11:25:18.975-0800][75122607ms] GC(20160)   Post Evacuate Collection Set: 3.6ms
[2023-11-10T11:25:18.975-0800][75122607ms] GC(20160)   Other: 0.3ms
[2023-11-10T11:25:18.975-0800][75122607ms] GC(20160) Eden regions: 223->0(223)
[2023-11-10T11:25:18.975-0800][75122607ms] GC(20160) Survivor regions: 1->1(28)
[2023-11-10T11:25:18.975-0800][75122607ms] GC(20160) Old regions: 1389->1389
[2023-11-10T11:25:18.975-0800][75122607ms] GC(20160) Humongous regions: 5->5
[2023-11-10T11:25:18.975-0800][75122607ms] GC(20160) Metaspace: 304631K->304631K(1347584K)
[2023-11-10T11:25:18.975-0800][75122607ms] GC(20160) Pause Young (Normal) (GCLocker Initiated GC) 3232M->2786M(3602M) 5.908ms
[2023-11-10T11:25:18.975-0800][75122607ms] GC(20160) User=0.00s Sys=0.00s Real=0.01s
[2023-11-10T11:25:19.543-0800][75123175ms] GC(20161) Pause Young (Normal) (GCLocker Initiated GC)
[2023-11-10T11:25:19.543-0800][75123175ms] GC(20161) Using 10 workers of 10 for evacuation
[2023-11-10T11:25:19.549-0800][75123181ms] GC(20161)   Pre Evacuate Collection Set: 0.0ms
[2023-11-10T11:25:19.549-0800][75123181ms] GC(20161)   Evacuate Collection Set: 1.7ms
[2023-11-10T11:25:19.549-0800][75123181ms] GC(20161)   Post Evacuate Collection Set: 3.2ms
[2023-11-10T11:25:19.549-0800][75123181ms] GC(20161)   Other: 0.3ms
[2023-11-10T11:25:19.549-0800][75123181ms] GC(20161) Eden regions: 224->0(223)
[2023-11-10T11:25:19.549-0800][75123181ms] GC(20161) Survivor regions: 1->1(28)
[2023-11-10T11:25:19.549-0800][75123181ms] GC(20161) Old regions: 1389->1389
[2023-11-10T11:25:19.549-0800][75123181ms] GC(20161) Humongous regions: 5->5
[2023-11-10T11:25:19.549-0800][75123181ms] GC(20161) Metaspace: 304631K->304631K(1347584K)
[2023-11-10T11:25:19.549-0800][75123181ms] GC(20161) Pause Young (Normal) (GCLocker Initiated GC) 3233M->2786M(3602M) 5.409ms
[2023-11-10T11:25:19.549-0800][75123181ms] GC(20161) User=0.00s Sys=0.00s Real=0.01s
[2023-11-10T11:25:20.083-0800][75123715ms] GC(20162) Pause Young (Normal) (G1 Evacuation Pause)
[2023-11-10T11:25:20.083-0800][75123715ms] GC(20162) Using 10 workers of 10 for evacuation
[2023-11-10T11:25:20.088-0800][75123720ms] GC(20162)   Pre Evacuate Collection Set: 0.0ms
[2023-11-10T11:25:20.088-0800][75123720ms] GC(20162)   Evacuate Collection Set: 1.7ms
[2023-11-10T11:25:20.088-0800][75123720ms] GC(20162)   Post Evacuate Collection Set: 3.5ms
[2023-11-10T11:25:20.088-0800][75123720ms] GC(20162)   Other: 0.3ms
[2023-11-10T11:25:20.088-0800][75123720ms] GC(20162) Eden regions: 223->0(224)
[2023-11-10T11:25:20.088-0800][75123720ms] GC(20162) Survivor regions: 1->1(28)
[2023-11-10T11:25:20.088-0800][75123720ms] GC(20162) Old regions: 1389->1389
[2023-11-10T11:25:20.088-0800][75123720ms] GC(20162) Humongous regions: 5->5
[2023-11-10T11:25:20.088-0800][75123720ms] GC(20162) Metaspace: 304631K->304631K(1347584K)
[2023-11-10T11:25:20.088-0800][75123720ms] GC(20162) Pause Young (Normal) (G1 Evacuation Pause) 3232M->2786M(3602M) 5.635ms
[2023-11-10T11:25:20.088-0800][75123720ms] GC(20162) User=0.02s Sys=0.00s Real=0.01s
[2023-11-10T11:25:20.619-0800][75124251ms] GC(20163) Pause Young (Normal) (G1 Evacuation Pause)
[2023-11-10T11:25:20.619-0800][75124251ms] GC(20163) Using 10 workers of 10 for evacuation
[2023-11-10T11:25:20.625-0800][75124257ms] GC(20163)   Pre Evacuate Collection Set: 0.0ms
[2023-11-10T11:25:20.625-0800][75124257ms] GC(20163)   Evacuate Collection Set: 1.8ms
[2023-11-10T11:25:20.625-0800][75124257ms] GC(20163)   Post Evacuate Collection Set: 4.4ms
[2023-11-10T11:25:20.625-0800][75124257ms] GC(20163)   Other: 0.3ms
[2023-11-10T11:25:20.625-0800][75124257ms] GC(20163) Eden regions: 224->0(224)
[2023-11-10T11:25:20.625-0800][75124257ms] GC(20163) Survivor regions: 1->1(29)
[2023-11-10T11:25:20.625-0800][75124257ms] GC(20163) Old regions: 1389->1389
[2023-11-10T11:25:20.625-0800][75124257ms] GC(20163) Humongous regions: 5->5
[2023-11-10T11:25:20.625-0800][75124257ms] GC(20163) Metaspace: 304631K->304631K(1347584K)
[2023-11-10T11:25:20.625-0800][75124257ms] GC(20163) Pause Young (Normal) (G1 Evacuation Pause) 3234M->2786M(3602M) 6.726ms
[2023-11-10T11:25:20.625-0800][75124257ms] GC(20163) User=0.00s Sys=0.00s Real=0.01s
[2023-11-10T11:25:21.177-0800][75124809ms] GC(20164) Pause Young (Normal) (G1 Evacuation Pause)
[2023-11-10T11:25:21.177-0800][75124809ms] GC(20164) Using 10 workers of 10 for evacuation
[2023-11-10T11:25:21.181-0800][75124813ms] GC(20164)   Pre Evacuate Collection Set: 0.0ms
[2023-11-10T11:25:21.181-0800][75124813ms] GC(20164)   Evacuate Collection Set: 1.7ms
[2023-11-10T11:25:21.181-0800][75124813ms] GC(20164)   Post Evacuate Collection Set: 3.0ms
[2023-11-10T11:25:21.181-0800][75124813ms] GC(20164)   Other: 0.3ms
[2023-11-10T11:25:21.181-0800][75124813ms] GC(20164) Eden regions: 224->0(224)
[2023-11-10T11:25:21.181-0800][75124813ms] GC(20164) Survivor regions: 1->1(29)
[2023-11-10T11:25:21.181-0800][75124813ms] GC(20164) Old regions: 1389->1389
[2023-11-10T11:25:21.181-0800][75124813ms] GC(20164) Humongous regions: 5->5
[2023-11-10T11:25:21.181-0800][75124813ms] GC(20164) Metaspace: 304631K->304631K(1347584K)
[2023-11-10T11:25:21.181-0800][75124813ms] GC(20164) Pause Young (Normal) (G1 Evacuation Pause) 3234M->2786M(3602M) 5.121ms
[2023-11-10T11:25:21.181-0800][75124813ms] GC(20164) User=0.02s Sys=0.00s Real=0.00s
[2023-11-10T11:25:21.720-0800][75125352ms] GC(20165) Pause Young (Normal) (G1 Evacuation Pause)
[2023-11-10T11:25:21.720-0800][75125352ms] GC(20165) Using 10 workers of 10 for evacuation
[2023-11-10T11:25:21.726-0800][75125358ms] GC(20165)   Pre Evacuate Collection Set: 0.1ms
[2023-11-10T11:25:21.726-0800][75125358ms] GC(20165)   Evacuate Collection Set: 1.8ms
[2023-11-10T11:25:21.726-0800][75125358ms] GC(20165)   Post Evacuate Collection Set: 4.0ms
[2023-11-10T11:25:21.726-0800][75125358ms] GC(20165)   Other: 0.4ms
[2023-11-10T11:25:21.726-0800][75125358ms] GC(20165) Eden regions: 224->0(224)
[2023-11-10T11:25:21.726-0800][75125358ms] GC(20165) Survivor regions: 1->1(29)
[2023-11-10T11:25:21.726-0800][75125358ms] GC(20165) Old regions: 1389->1389
[2023-11-10T11:25:21.726-0800][75125358ms] GC(20165) Humongous regions: 5->5
[2023-11-10T11:25:21.726-0800][75125358ms] GC(20165) Metaspace: 304631K->304631K(1347584K)
[2023-11-10T11:25:21.726-0800][75125358ms] GC(20165) Pause Young (Normal) (G1 Evacuation Pause) 3234M->2786M(3602M) 6.424ms
[2023-11-10T11:25:21.726-0800][75125358ms] GC(20165) User=0.00s Sys=0.00s Real=0.01s
[2023-11-10T11:25:22.249-0800][75125881ms] GC(20166) Pause Young (Normal) (G1 Evacuation Pause)
[2023-11-10T11:25:22.249-0800][75125881ms] GC(20166) Using 10 workers of 10 for evacuation
[2023-11-10T11:25:22.253-0800][75125885ms] GC(20166)   Pre Evacuate Collection Set: 0.0ms
[2023-11-10T11:25:22.253-0800][75125885ms] GC(20166)   Evacuate Collection Set: 1.8ms
[2023-11-10T11:25:22.253-0800][75125885ms] GC(20166)   Post Evacuate Collection Set: 3.1ms
[2023-11-10T11:25:22.253-0800][75125885ms] GC(20166)   Other: 0.3ms
[2023-11-10T11:25:22.253-0800][75125885ms] GC(20166) Eden regions: 224->0(224)
[2023-11-10T11:25:22.253-0800][75125885ms] GC(20166) Survivor regions: 1->1(29)
[2023-11-10T11:25:22.253-0800][75125885ms] GC(20166) Old regions: 1389->1389
[2023-11-10T11:25:22.253-0800][75125885ms] GC(20166) Humongous regions: 5->5
[2023-11-10T11:25:22.253-0800][75125885ms] GC(20166) Metaspace: 304631K->304631K(1347584K)
[2023-11-10T11:25:22.253-0800][75125885ms] GC(20166) Pause Young (Normal) (G1 Evacuation Pause) 3234M->2787M(3602M) 5.240ms
[2023-11-10T11:25:22.253-0800][75125885ms] GC(20166) User=0.00s Sys=0.00s Real=0.00s
[2023-11-10T11:25:22.801-0800][75126433ms] GC(20167) Pause Young (Normal) (GCLocker Initiated GC)
[2023-11-10T11:25:22.801-0800][75126433ms] GC(20167) Using 10 workers of 10 for evacuation
[2023-11-10T11:25:22.808-0800][75126440ms] GC(20167)   Pre Evacuate Collection Set: 0.1ms
[2023-11-10T11:25:22.808-0800][75126440ms] GC(20167)   Evacuate Collection Set: 1.7ms
[2023-11-10T11:25:22.808-0800][75126440ms] GC(20167)   Post Evacuate Collection Set: 3.6ms
[2023-11-10T11:25:22.808-0800][75126440ms] GC(20167)   Other: 0.3ms
[2023-11-10T11:25:22.808-0800][75126440ms] GC(20167) Eden regions: 224->0(224)
[2023-11-10T11:25:22.808-0800][75126440ms] GC(20167) Survivor regions: 1->1(29)
[2023-11-10T11:25:22.808-0800][75126440ms] GC(20167) Old regions: 1389->1389
[2023-11-10T11:25:22.808-0800][75126440ms] GC(20167) Humongous regions: 5->5
[2023-11-10T11:25:22.808-0800][75126440ms] GC(20167) Metaspace: 304631K->304631K(1347584K)
[2023-11-10T11:25:22.808-0800][75126440ms] GC(20167) Pause Young (Normal) (GCLocker Initiated GC) 3235M->2786M(3602M) 5.803ms
[2023-11-10T11:25:22.808-0800][75126440ms] GC(20167) User=0.03s Sys=0.00s Real=0.01s
[2023-11-10T11:25:23.429-0800][75127061ms] GC(20168) Pause Young (Normal) (G1 Evacuation Pause)
[2023-11-10T11:25:23.429-0800][75127061ms] GC(20168) Using 10 workers of 10 for evacuation
[2023-11-10T11:25:23.435-0800][75127067ms] GC(20168)   Pre Evacuate Collection Set: 0.0ms
[2023-11-10T11:25:23.435-0800][75127067ms] GC(20168)   Evacuate Collection Set: 1.9ms
[2023-11-10T11:25:23.435-0800][75127067ms] GC(20168)   Post Evacuate Collection Set: 3.9ms
[2023-11-10T11:25:23.435-0800][75127067ms] GC(20168)   Other: 0.3ms
[2023-11-10T11:25:23.435-0800][75127067ms] GC(20168) Eden regions: 224->0(224)
[2023-11-10T11:25:23.435-0800][75127067ms] GC(20168) Survivor regions: 1->1(29)
[2023-11-10T11:25:23.435-0800][75127067ms] GC(20168) Old regions: 1389->1389
[2023-11-10T11:25:23.435-0800][75127067ms] GC(20168) Humongous regions: 5->5
[2023-11-10T11:25:23.435-0800][75127067ms] GC(20168) Metaspace: 304631K->304631K(1347584K)
[2023-11-10T11:25:23.435-0800][75127067ms] GC(20168) Pause Young (Normal) (G1 Evacuation Pause) 3234M->2787M(3602M) 6.320ms
[2023-11-10T11:25:23.435-0800][75127067ms] GC(20168) User=0.00s Sys=0.00s Real=0.01s
[2023-11-10T11:25:24.021-0800][75127653ms] GC(20169) Pause Young (Normal) (GCLocker Initiated GC)
[2023-11-10T11:25:24.021-0800][75127653ms] GC(20169) Using 10 workers of 10 for evacuation
[2023-11-10T11:25:24.028-0800][75127660ms] GC(20169)   Pre Evacuate Collection Set: 0.1ms
[2023-11-10T11:25:24.028-0800][75127660ms] GC(20169)   Evacuate Collection Set: 2.2ms
[2023-11-10T11:25:24.028-0800][75127660ms] GC(20169)   Post Evacuate Collection Set: 4.0ms
[2023-11-10T11:25:24.028-0800][75127660ms] GC(20169)   Other: 0.4ms
[2023-11-10T11:25:24.028-0800][75127660ms] GC(20169) Eden regions: 225->0(224)
[2023-11-10T11:25:24.028-0800][75127660ms] GC(20169) Survivor regions: 1->1(29)
[2023-11-10T11:25:24.028-0800][75127660ms] GC(20169) Old regions: 1389->1389
[2023-11-10T11:25:24.028-0800][75127660ms] GC(20169) Humongous regions: 5->5
[2023-11-10T11:25:24.028-0800][75127660ms] GC(20169) Metaspace: 304631K->304631K(1347584K)
[2023-11-10T11:25:24.028-0800][75127660ms] GC(20169) Pause Young (Normal) (GCLocker Initiated GC) 3235M->2787M(3602M) 6.756ms
[2023-11-10T11:25:24.028-0800][75127660ms] GC(20169) User=0.08s Sys=0.00s Real=0.01s
[2023-11-10T11:25:24.631-0800][75128263ms] GC(20170) Pause Young (Normal) (GCLocker Initiated GC)
[2023-11-10T11:25:24.631-0800][75128263ms] GC(20170) Using 10 workers of 10 for evacuation
[2023-11-10T11:25:24.637-0800][75128269ms] GC(20170)   Pre Evacuate Collection Set: 0.1ms
[2023-11-10T11:25:24.637-0800][75128269ms] GC(20170)   Evacuate Collection Set: 2.0ms
[2023-11-10T11:25:24.637-0800][75128269ms] GC(20170)   Post Evacuate Collection Set: 3.5ms
[2023-11-10T11:25:24.637-0800][75128269ms] GC(20170)   Other: 0.3ms
[2023-11-10T11:25:24.637-0800][75128269ms] GC(20170) Eden regions: 224->0(224)
[2023-11-10T11:25:24.637-0800][75128269ms] GC(20170) Survivor regions: 1->1(29)
[2023-11-10T11:25:24.637-0800][75128269ms] GC(20170) Old regions: 1389->1389
[2023-11-10T11:25:24.637-0800][75128269ms] GC(20170) Humongous regions: 5->5
[2023-11-10T11:25:24.638-0800][75128270ms] GC(20170) Metaspace: 304631K->304631K(1347584K)
[2023-11-10T11:25:24.638-0800][75128270ms] GC(20170) Pause Young (Normal) (GCLocker Initiated GC) 3235M->2787M(3602M) 5.958ms
[2023-11-10T11:25:24.638-0800][75128270ms] GC(20170) User=0.03s Sys=0.02s Real=0.01s
[2023-11-10T11:25:25.169-0800][75128801ms] GC(20171) Pause Young (Normal) (G1 Evacuation Pause)
[2023-11-10T11:25:25.169-0800][75128801ms] GC(20171) Using 10 workers of 10 for evacuation
[2023-11-10T11:25:25.176-0800][75128808ms] GC(20171)   Pre Evacuate Collection Set: 0.1ms
[2023-11-10T11:25:25.176-0800][75128808ms] GC(20171)   Evacuate Collection Set: 2.7ms
[2023-11-10T11:25:25.177-0800][75128809ms] GC(20171)   Post Evacuate Collection Set: 4.1ms
[2023-11-10T11:25:25.177-0800][75128809ms] GC(20171)   Other: 0.3ms
[2023-11-10T11:25:25.177-0800][75128809ms] GC(20171) Eden regions: 224->0(224)
[2023-11-10T11:25:25.177-0800][75128809ms] GC(20171) Survivor regions: 1->1(29)
[2023-11-10T11:25:25.177-0800][75128809ms] GC(20171) Old regions: 1389->1389
[2023-11-10T11:25:25.177-0800][75128809ms] GC(20171) Humongous regions: 5->5
[2023-11-10T11:25:25.177-0800][75128809ms] GC(20171) Metaspace: 304631K->304631K(1347584K)
[2023-11-10T11:25:25.177-0800][75128809ms] GC(20171) Pause Young (Normal) (G1 Evacuation Pause) 3235M->2787M(3602M) 7.290ms
[2023-11-10T11:25:25.177-0800][75128809ms] GC(20171) User=0.00s Sys=0.00s Real=0.01s
[2023-11-10T11:25:25.775-0800][75129407ms] GC(20172) Pause Young (Normal) (G1 Evacuation Pause)
[2023-11-10T11:25:25.775-0800][75129407ms] GC(20172) Using 10 workers of 10 for evacuation
[2023-11-10T11:25:25.784-0800][75129416ms] GC(20172)   Pre Evacuate Collection Set: 0.1ms
[2023-11-10T11:25:25.784-0800][75129416ms] GC(20172)   Evacuate Collection Set: 2.6ms
[2023-11-10T11:25:25.784-0800][75129416ms] GC(20172)   Post Evacuate Collection Set: 5.3ms
[2023-11-10T11:25:25.784-0800][75129416ms] GC(20172)   Other: 0.4ms
[2023-11-10T11:25:25.784-0800][75129416ms] GC(20172) Eden regions: 224->0(224)
[2023-11-10T11:25:25.784-0800][75129416ms] GC(20172) Survivor regions: 1->1(29)
[2023-11-10T11:25:25.784-0800][75129416ms] GC(20172) Old regions: 1389->1389
[2023-11-10T11:25:25.784-0800][75129416ms] GC(20172) Humongous regions: 5->5
[2023-11-10T11:25:25.784-0800][75129416ms] GC(20172) Metaspace: 304631K->304631K(1347584K)
[2023-11-10T11:25:25.784-0800][75129416ms] GC(20172) Pause Young (Normal) (G1 Evacuation Pause) 3235M->2786M(3602M) 8.655ms
[2023-11-10T11:25:25.784-0800][75129416ms] GC(20172) User=0.00s Sys=0.00s Real=0.01s
[2023-11-10T11:25:26.426-0800][75130058ms] GC(20173) Pause Young (Normal) (G1 Evacuation Pause)
[2023-11-10T11:25:26.426-0800][75130058ms] GC(20173) Using 10 workers of 10 for evacuation
[2023-11-10T11:25:26.434-0800][75130066ms] GC(20173)   Pre Evacuate Collection Set: 0.1ms
[2023-11-10T11:25:26.434-0800][75130066ms] GC(20173)   Evacuate Collection Set: 2.7ms
[2023-11-10T11:25:26.434-0800][75130066ms] GC(20173)   Post Evacuate Collection Set: 5.5ms
[2023-11-10T11:25:26.434-0800][75130066ms] GC(20173)   Other: 0.4ms
[2023-11-10T11:25:26.434-0800][75130066ms] GC(20173) Eden regions: 224->0(224)
[2023-11-10T11:25:26.434-0800][75130066ms] GC(20173) Survivor regions: 1->1(29)
[2023-11-10T11:25:26.434-0800][75130066ms] GC(20173) Old regions: 1389->1389
[2023-11-10T11:25:26.434-0800][75130066ms] GC(20173) Humongous regions: 5->5
[2023-11-10T11:25:26.434-0800][75130066ms] GC(20173) Metaspace: 304631K->304631K(1347584K)
[2023-11-10T11:25:26.434-0800][75130066ms] GC(20173) Pause Young (Normal) (G1 Evacuation Pause) 3234M->2787M(3602M) 8.743ms
[2023-11-10T11:25:26.434-0800][75130066ms] GC(20173) User=0.03s Sys=0.00s Real=0.01s
[2023-11-10T11:25:26.952-0800][75130584ms] GC(20174) Pause Young (Normal) (G1 Evacuation Pause)
[2023-11-10T11:25:26.952-0800][75130584ms] GC(20174) Using 10 workers of 10 for evacuation
[2023-11-10T11:25:26.959-0800][75130591ms] GC(20174)   Pre Evacuate Collection Set: 0.1ms
[2023-11-10T11:25:26.959-0800][75130591ms] GC(20174)   Evacuate Collection Set: 2.7ms
[2023-11-10T11:25:26.959-0800][75130591ms] GC(20174)   Post Evacuate Collection Set: 4.3ms
[2023-11-10T11:25:26.959-0800][75130591ms] GC(20174)   Other: 0.5ms
[2023-11-10T11:25:26.959-0800][75130591ms] GC(20174) Eden regions: 224->0(224)
[2023-11-10T11:25:26.959-0800][75130591ms] GC(20174) Survivor regions: 1->1(29)
[2023-11-10T11:25:26.959-0800][75130591ms] GC(20174) Old regions: 1389->1389
[2023-11-10T11:25:26.959-0800][75130591ms] GC(20174) Humongous regions: 5->5
[2023-11-10T11:25:26.959-0800][75130591ms] GC(20174) Metaspace: 304631K->304631K(1347584K)
[2023-11-10T11:25:26.959-0800][75130591ms] GC(20174) Pause Young (Normal) (G1 Evacuation Pause) 3235M->2787M(3602M) 7.633ms
[2023-11-10T11:25:26.959-0800][75130591ms] GC(20174) User=0.00s Sys=0.00s Real=0.01s
[2023-11-10T11:25:27.463-0800][75131095ms] GC(20175) Pause Young (Normal) (G1 Evacuation Pause)
[2023-11-10T11:25:27.463-0800][75131095ms] GC(20175) Using 10 workers of 10 for evacuation
[2023-11-10T11:25:27.469-0800][75131101ms] GC(20175)   Pre Evacuate Collection Set: 0.1ms
[2023-11-10T11:25:27.470-0800][75131102ms] GC(20175)   Evacuate Collection Set: 2.2ms
[2023-11-10T11:25:27.470-0800][75131102ms] GC(20175)   Post Evacuate Collection Set: 4.3ms
[2023-11-10T11:25:27.470-0800][75131102ms] GC(20175)   Other: 0.4ms
[2023-11-10T11:25:27.470-0800][75131102ms] GC(20175) Eden regions: 224->0(224)
[2023-11-10T11:25:27.470-0800][75131102ms] GC(20175) Survivor regions: 1->1(29)
[2023-11-10T11:25:27.470-0800][75131102ms] GC(20175) Old regions: 1389->1389
[2023-11-10T11:25:27.470-0800][75131102ms] GC(20175) Humongous regions: 5->5
[2023-11-10T11:25:27.470-0800][75131102ms] GC(20175) Metaspace: 304631K->304631K(1347584K)
[2023-11-10T11:25:27.470-0800][75131102ms] GC(20175) Pause Young (Normal) (G1 Evacuation Pause) 3235M->2787M(3602M) 7.014ms
[2023-11-10T11:25:27.470-0800][75131102ms] GC(20175) User=0.00s Sys=0.00s Real=0.01s
[2023-11-10T11:25:27.980-0800][75131612ms] GC(20176) Pause Young (Normal) (G1 Evacuation Pause)
[2023-11-10T11:25:27.980-0800][75131612ms] GC(20176) Using 10 workers of 10 for evacuation
[2023-11-10T11:25:27.986-0800][75131618ms] GC(20176)   Pre Evacuate Collection Set: 0.1ms
[2023-11-10T11:25:27.986-0800][75131618ms] GC(20176)   Evacuate Collection Set: 1.7ms
[2023-11-10T11:25:27.986-0800][75131618ms] GC(20176)   Post Evacuate Collection Set: 4.1ms
[2023-11-10T11:25:27.986-0800][75131618ms] GC(20176)   Other: 0.3ms
[2023-11-10T11:25:27.986-0800][75131618ms] GC(20176) Eden regions: 224->0(224)
[2023-11-10T11:25:27.986-0800][75131618ms] GC(20176) Survivor regions: 1->1(29)
[2023-11-10T11:25:27.986-0800][75131618ms] GC(20176) Old regions: 1389->1389
[2023-11-10T11:25:27.986-0800][75131618ms] GC(20176) Humongous regions: 5->5
[2023-11-10T11:25:27.986-0800][75131618ms] GC(20176) Metaspace: 304631K->304631K(1347584K)
[2023-11-10T11:25:27.986-0800][75131618ms] GC(20176) Pause Young (Normal) (G1 Evacuation Pause) 3235M->2787M(3602M) 6.370ms
[2023-11-10T11:25:27.986-0800][75131618ms] GC(20176) User=0.00s Sys=0.00s Real=0.01s
[2023-11-10T11:25:28.528-0800][75132160ms] GC(20177) Pause Young (Normal) (G1 Evacuation Pause)
[2023-11-10T11:25:28.528-0800][75132160ms] GC(20177) Using 10 workers of 10 for evacuation
[2023-11-10T11:25:28.534-0800][75132166ms] GC(20177)   Pre Evacuate Collection Set: 0.3ms
[2023-11-10T11:25:28.534-0800][75132166ms] GC(20177)   Evacuate Collection Set: 2.0ms
[2023-11-10T11:25:28.534-0800][75132166ms] GC(20177)   Post Evacuate Collection Set: 3.4ms
[2023-11-10T11:25:28.534-0800][75132166ms] GC(20177)   Other: 0.4ms
[2023-11-10T11:25:28.534-0800][75132166ms] GC(20177) Eden regions: 224->0(224)
[2023-11-10T11:25:28.534-0800][75132166ms] GC(20177) Survivor regions: 1->1(29)
[2023-11-10T11:25:28.534-0800][75132166ms] GC(20177) Old regions: 1389->1389
[2023-11-10T11:25:28.534-0800][75132166ms] GC(20177) Humongous regions: 5->5
[2023-11-10T11:25:28.534-0800][75132166ms] GC(20177) Metaspace: 304631K->304631K(1347584K)
[2023-11-10T11:25:28.535-0800][75132167ms] GC(20177) Pause Young (Normal) (G1 Evacuation Pause) 3235M->2787M(3602M) 6.237ms
[2023-11-10T11:25:28.535-0800][75132167ms] GC(20177) User=0.00s Sys=0.00s Real=0.01s
[2023-11-10T11:25:29.029-0800][75132661ms] GC(20178) Pause Young (Normal) (G1 Evacuation Pause)
[2023-11-10T11:25:29.029-0800][75132661ms] GC(20178) Using 10 workers of 10 for evacuation
[2023-11-10T11:25:29.035-0800][75132667ms] GC(20178)   Pre Evacuate Collection Set: 0.0ms
[2023-11-10T11:25:29.035-0800][75132667ms] GC(20178)   Evacuate Collection Set: 2.0ms
[2023-11-10T11:25:29.035-0800][75132667ms] GC(20178)   Post Evacuate Collection Set: 3.1ms
[2023-11-10T11:25:29.035-0800][75132667ms] GC(20178)   Other: 0.3ms
[2023-11-10T11:25:29.035-0800][75132667ms] GC(20178) Eden regions: 224->0(224)
[2023-11-10T11:25:29.035-0800][75132667ms] GC(20178) Survivor regions: 1->1(29)
[2023-11-10T11:25:29.035-0800][75132667ms] GC(20178) Old regions: 1389->1389
[2023-11-10T11:25:29.035-0800][75132667ms] GC(20178) Humongous regions: 5->5
[2023-11-10T11:25:29.035-0800][75132667ms] GC(20178) Metaspace: 304631K->304631K(1347584K)
[2023-11-10T11:25:29.035-0800][75132667ms] GC(20178) Pause Young (Normal) (G1 Evacuation Pause) 3235M->2787M(3602M) 5.537ms
[2023-11-10T11:25:29.035-0800][75132667ms] GC(20178) User=0.00s Sys=0.00s Real=0.01s
[2023-11-10T11:25:29.650-0800][75133282ms] GC(20179) Pause Young (Normal) (G1 Evacuation Pause)
[2023-11-10T11:25:29.650-0800][75133282ms] GC(20179) Using 10 workers of 10 for evacuation
[2023-11-10T11:25:29.656-0800][75133288ms] GC(20179)   Pre Evacuate Collection Set: 0.0ms
[2023-11-10T11:25:29.656-0800][75133288ms] GC(20179)   Evacuate Collection Set: 2.0ms
[2023-11-10T11:25:29.656-0800][75133288ms] GC(20179)   Post Evacuate Collection Set: 3.1ms
[2023-11-10T11:25:29.656-0800][75133288ms] GC(20179)   Other: 0.2ms
[2023-11-10T11:25:29.656-0800][75133288ms] GC(20179) Eden regions: 224->0(224)
[2023-11-10T11:25:29.656-0800][75133288ms] GC(20179) Survivor regions: 1->1(29)
[2023-11-10T11:25:29.656-0800][75133288ms] GC(20179) Old regions: 1389->1389
[2023-11-10T11:25:29.656-0800][75133288ms] GC(20179) Humongous regions: 5->5
[2023-11-10T11:25:29.656-0800][75133288ms] GC(20179) Metaspace: 304631K->304631K(1347584K)
[2023-11-10T11:25:29.656-0800][75133288ms] GC(20179) Pause Young (Normal) (G1 Evacuation Pause) 3235M->2787M(3602M) 5.481ms
[2023-11-10T11:25:29.656-0800][75133288ms] GC(20179) User=0.00s Sys=0.00s Real=0.01s
[2023-11-10T11:25:30.207-0800][75133839ms] GC(20180) Pause Young (Normal) (G1 Evacuation Pause)
[2023-11-10T11:25:30.207-0800][75133839ms] GC(20180) Using 10 workers of 10 for evacuation
[2023-11-10T11:25:30.212-0800][75133844ms] GC(20180)   Pre Evacuate Collection Set: 0.0ms
[2023-11-10T11:25:30.212-0800][75133844ms] GC(20180)   Evacuate Collection Set: 1.6ms
[2023-11-10T11:25:30.212-0800][75133844ms] GC(20180)   Post Evacuate Collection Set: 3.2ms
[2023-11-10T11:25:30.212-0800][75133844ms] GC(20180)   Other: 0.3ms
[2023-11-10T11:25:30.212-0800][75133844ms] GC(20180) Eden regions: 224->0(224)
[2023-11-10T11:25:30.212-0800][75133844ms] GC(20180) Survivor regions: 1->1(29)
[2023-11-10T11:25:30.212-0800][75133844ms] GC(20180) Old regions: 1389->1389
[2023-11-10T11:25:30.212-0800][75133844ms] GC(20180) Humongous regions: 5->5
[2023-11-10T11:25:30.212-0800][75133844ms] GC(20180) Metaspace: 304631K->304631K(1347584K)
[2023-11-10T11:25:30.212-0800][75133844ms] GC(20180) Pause Young (Normal) (G1 Evacuation Pause) 3235M->2787M(3602M) 5.273ms
[2023-11-10T11:25:30.213-0800][75133845ms] GC(20180) User=0.02s Sys=0.00s Real=0.01s
[2023-11-10T11:25:30.794-0800][75134426ms] GC(20181) Pause Young (Normal) (G1 Evacuation Pause)
[2023-11-10T11:25:30.794-0800][75134426ms] GC(20181) Using 10 workers of 10 for evacuation
[2023-11-10T11:25:30.799-0800][75134431ms] GC(20181)   Pre Evacuate Collection Set: 0.0ms
[2023-11-10T11:25:30.799-0800][75134431ms] GC(20181)   Evacuate Collection Set: 1.6ms
[2023-11-10T11:25:30.799-0800][75134431ms] GC(20181)   Post Evacuate Collection Set: 2.9ms
[2023-11-10T11:25:30.799-0800][75134431ms] GC(20181)   Other: 0.3ms
[2023-11-10T11:25:30.800-0800][75134432ms] GC(20181) Eden regions: 224->0(224)
[2023-11-10T11:25:30.800-0800][75134432ms] GC(20181) Survivor regions: 1->1(29)
[2023-11-10T11:25:30.800-0800][75134432ms] GC(20181) Old regions: 1389->1389
[2023-11-10T11:25:30.800-0800][75134432ms] GC(20181) Humongous regions: 5->5
[2023-11-10T11:25:30.800-0800][75134432ms] GC(20181) Metaspace: 304631K->304631K(1347584K)
[2023-11-10T11:25:30.800-0800][75134432ms] GC(20181) Pause Young (Normal) (G1 Evacuation Pause) 3235M->2787M(3602M) 4.956ms
[2023-11-10T11:25:30.800-0800][75134432ms] GC(20181) User=0.00s Sys=0.00s Real=0.01s
[2023-11-10T11:25:31.382-0800][75135014ms] GC(20182) Pause Young (Normal) (G1 Evacuation Pause)
[2023-11-10T11:25:31.382-0800][75135014ms] GC(20182) Using 10 workers of 10 for evacuation
[2023-11-10T11:25:31.387-0800][75135019ms] GC(20182)   Pre Evacuate Collection Set: 0.0ms
[2023-11-10T11:25:31.387-0800][75135019ms] GC(20182)   Evacuate Collection Set: 1.7ms
[2023-11-10T11:25:31.387-0800][75135019ms] GC(20182)   Post Evacuate Collection Set: 3.2ms
[2023-11-10T11:25:31.387-0800][75135019ms] GC(20182)   Other: 0.3ms
[2023-11-10T11:25:31.387-0800][75135019ms] GC(20182) Eden regions: 224->0(224)
[2023-11-10T11:25:31.387-0800][75135019ms] GC(20182) Survivor regions: 1->1(29)
[2023-11-10T11:25:31.387-0800][75135019ms] GC(20182) Old regions: 1389->1389
[2023-11-10T11:25:31.387-0800][75135019ms] GC(20182) Humongous regions: 5->5
[2023-11-10T11:25:31.387-0800][75135019ms] GC(20182) Metaspace: 304631K->304631K(1347584K)
[2023-11-10T11:25:31.387-0800][75135019ms] GC(20182) Pause Young (Normal) (G1 Evacuation Pause) 3235M->2787M(3602M) 5.377ms
[2023-11-10T11:25:31.387-0800][75135019ms] GC(20182) User=0.00s Sys=0.00s Real=0.01s
[2023-11-10T11:25:31.997-0800][75135629ms] GC(20183) Pause Young (Normal) (G1 Evacuation Pause)
[2023-11-10T11:25:31.997-0800][75135629ms] GC(20183) Using 10 workers of 10 for evacuation
[2023-11-10T11:25:32.003-0800][75135635ms] GC(20183)   Pre Evacuate Collection Set: 0.0ms
[2023-11-10T11:25:32.003-0800][75135635ms] GC(20183)   Evacuate Collection Set: 1.7ms
[2023-11-10T11:25:32.003-0800][75135635ms] GC(20183)   Post Evacuate Collection Set: 4.0ms
[2023-11-10T11:25:32.003-0800][75135635ms] GC(20183)   Other: 0.3ms
[2023-11-10T11:25:32.003-0800][75135635ms] GC(20183) Eden regions: 224->0(224)
[2023-11-10T11:25:32.003-0800][75135635ms] GC(20183) Survivor regions: 1->1(29)
[2023-11-10T11:25:32.003-0800][75135635ms] GC(20183) Old regions: 1389->1389
[2023-11-10T11:25:32.003-0800][75135635ms] GC(20183) Humongous regions: 5->5
[2023-11-10T11:25:32.003-0800][75135635ms] GC(20183) Metaspace: 304631K->304631K(1347584K)
[2023-11-10T11:25:32.003-0800][75135635ms] GC(20183) Pause Young (Normal) (G1 Evacuation Pause) 3235M->2787M(3602M) 6.115ms
[2023-11-10T11:25:32.003-0800][75135635ms] GC(20183) User=0.00s Sys=0.00s Real=0.01s
[2023-11-10T11:25:32.545-0800][75136177ms] GC(20184) Pause Young (Normal) (G1 Evacuation Pause)
[2023-11-10T11:25:32.545-0800][75136177ms] GC(20184) Using 10 workers of 10 for evacuation
[2023-11-10T11:25:32.549-0800][75136181ms] GC(20184)   Pre Evacuate Collection Set: 0.0ms
[2023-11-10T11:25:32.550-0800][75136182ms] GC(20184)   Evacuate Collection Set: 1.7ms
[2023-11-10T11:25:32.550-0800][75136182ms] GC(20184)   Post Evacuate Collection Set: 3.3ms
[2023-11-10T11:25:32.550-0800][75136182ms] GC(20184)   Other: 0.3ms
[2023-11-10T11:25:32.550-0800][75136182ms] GC(20184) Eden regions: 224->0(224)
[2023-11-10T11:25:32.550-0800][75136182ms] GC(20184) Survivor regions: 1->1(29)
[2023-11-10T11:25:32.550-0800][75136182ms] GC(20184) Old regions: 1389->1389
[2023-11-10T11:25:32.550-0800][75136182ms] GC(20184) Humongous regions: 5->5
[2023-11-10T11:25:32.550-0800][75136182ms] GC(20184) Metaspace: 304631K->304631K(1347584K)
[2023-11-10T11:25:32.550-0800][75136182ms] GC(20184) Pause Young (Normal) (G1 Evacuation Pause) 3235M->2787M(3602M) 5.442ms
[2023-11-10T11:25:32.550-0800][75136182ms] GC(20184) User=0.00s Sys=0.00s Real=0.00s
[2023-11-10T11:25:33.063-0800][75136695ms] GC(20185) Pause Young (Normal) (G1 Evacuation Pause)
[2023-11-10T11:25:33.063-0800][75136695ms] GC(20185) Using 10 workers of 10 for evacuation
[2023-11-10T11:25:33.070-0800][75136702ms] GC(20185)   Pre Evacuate Collection Set: 0.0ms
[2023-11-10T11:25:33.070-0800][75136702ms] GC(20185)   Evacuate Collection Set: 1.7ms
[2023-11-10T11:25:33.070-0800][75136702ms] GC(20185)   Post Evacuate Collection Set: 4.9ms
[2023-11-10T11:25:33.070-0800][75136702ms] GC(20185)   Other: 0.3ms
[2023-11-10T11:25:33.070-0800][75136702ms] GC(20185) Eden regions: 224->0(224)
[2023-11-10T11:25:33.070-0800][75136702ms] GC(20185) Survivor regions: 1->1(29)
[2023-11-10T11:25:33.070-0800][75136702ms] GC(20185) Old regions: 1389->1389
[2023-11-10T11:25:33.070-0800][75136702ms] GC(20185) Humongous regions: 5->5
[2023-11-10T11:25:33.070-0800][75136702ms] GC(20185) Metaspace: 304631K->304631K(1347584K)
[2023-11-10T11:25:33.071-0800][75136703ms] GC(20185) Pause Young (Normal) (G1 Evacuation Pause) 3235M->2787M(3602M) 7.101ms
[2023-11-10T11:25:33.071-0800][75136703ms] GC(20185) User=0.00s Sys=0.00s Real=0.01s
[2023-11-10T11:25:33.625-0800][75137257ms] GC(20186) Pause Young (Normal) (G1 Evacuation Pause)
[2023-11-10T11:25:33.625-0800][75137257ms] GC(20186) Using 10 workers of 10 for evacuation
[2023-11-10T11:25:33.631-0800][75137263ms] GC(20186)   Pre Evacuate Collection Set: 0.1ms
[2023-11-10T11:25:33.631-0800][75137263ms] GC(20186)   Evacuate Collection Set: 2.0ms
[2023-11-10T11:25:33.631-0800][75137263ms] GC(20186)   Post Evacuate Collection Set: 3.1ms
[2023-11-10T11:25:33.631-0800][75137263ms] GC(20186)   Other: 0.3ms
[2023-11-10T11:25:33.631-0800][75137263ms] GC(20186) Eden regions: 224->0(224)
[2023-11-10T11:25:33.631-0800][75137263ms] GC(20186) Survivor regions: 1->1(29)
[2023-11-10T11:25:33.631-0800][75137263ms] GC(20186) Old regions: 1389->1389
[2023-11-10T11:25:33.631-0800][75137263ms] GC(20186) Humongous regions: 5->5
[2023-11-10T11:25:33.631-0800][75137263ms] GC(20186) Metaspace: 304631K->304631K(1347584K)
[2023-11-10T11:25:33.631-0800][75137263ms] GC(20186) Pause Young (Normal) (G1 Evacuation Pause) 3235M->2787M(3602M) 5.606ms
[2023-11-10T11:25:33.631-0800][75137263ms] GC(20186) User=0.00s Sys=0.00s Real=0.01s
[2023-11-10T11:25:34.144-0800][75137776ms] GC(20187) Pause Young (Normal) (G1 Evacuation Pause)
[2023-11-10T11:25:34.144-0800][75137776ms] GC(20187) Using 10 workers of 10 for evacuation
[2023-11-10T11:25:34.150-0800][75137782ms] GC(20187)   Pre Evacuate Collection Set: 0.0ms
[2023-11-10T11:25:34.150-0800][75137782ms] GC(20187)   Evacuate Collection Set: 2.6ms
[2023-11-10T11:25:34.150-0800][75137782ms] GC(20187)   Post Evacuate Collection Set: 3.5ms
[2023-11-10T11:25:34.150-0800][75137782ms] GC(20187)   Other: 0.3ms
[2023-11-10T11:25:34.150-0800][75137782ms] GC(20187) Eden regions: 224->0(224)
[2023-11-10T11:25:34.150-0800][75137782ms] GC(20187) Survivor regions: 1->1(29)
[2023-11-10T11:25:34.150-0800][75137782ms] GC(20187) Old regions: 1389->1389
[2023-11-10T11:25:34.150-0800][75137782ms] GC(20187) Humongous regions: 5->5
[2023-11-10T11:25:34.150-0800][75137782ms] GC(20187) Metaspace: 304631K->304631K(1347584K)
[2023-11-10T11:25:34.150-0800][75137782ms] GC(20187) Pause Young (Normal) (G1 Evacuation Pause) 3235M->2788M(3602M) 6.563ms
[2023-11-10T11:25:34.150-0800][75137782ms] GC(20187) User=0.00s Sys=0.00s Real=0.01s
[2023-11-10T11:25:34.693-0800][75138325ms] GC(20188) Pause Young (Normal) (G1 Evacuation Pause)
[2023-11-10T11:25:34.693-0800][75138325ms] GC(20188) Using 10 workers of 10 for evacuation
[2023-11-10T11:25:34.699-0800][75138331ms] GC(20188)   Pre Evacuate Collection Set: 0.0ms
[2023-11-10T11:25:34.699-0800][75138331ms] GC(20188)   Evacuate Collection Set: 1.8ms
[2023-11-10T11:25:34.699-0800][75138331ms] GC(20188)   Post Evacuate Collection Set: 3.5ms
[2023-11-10T11:25:34.699-0800][75138331ms] GC(20188)   Other: 0.3ms
[2023-11-10T11:25:34.699-0800][75138331ms] GC(20188) Eden regions: 224->0(224)
[2023-11-10T11:25:34.699-0800][75138331ms] GC(20188) Survivor regions: 1->1(29)
[2023-11-10T11:25:34.699-0800][75138331ms] GC(20188) Old regions: 1389->1389
[2023-11-10T11:25:34.699-0800][75138331ms] GC(20188) Humongous regions: 5->5
[2023-11-10T11:25:34.699-0800][75138331ms] GC(20188) Metaspace: 304631K->304631K(1347584K)
[2023-11-10T11:25:34.699-0800][75138331ms] GC(20188) Pause Young (Normal) (G1 Evacuation Pause) 3236M->2787M(3602M) 5.752ms
[2023-11-10T11:25:34.699-0800][75138331ms] GC(20188) User=0.05s Sys=0.00s Real=0.01s
[2023-11-10T11:25:35.260-0800][75138892ms] GC(20189) Pause Young (Normal) (G1 Evacuation Pause)
[2023-11-10T11:25:35.260-0800][75138892ms] GC(20189) Using 10 workers of 10 for evacuation
[2023-11-10T11:25:35.268-0800][75138900ms] GC(20189)   Pre Evacuate Collection Set: 0.0ms
[2023-11-10T11:25:35.268-0800][75138900ms] GC(20189)   Evacuate Collection Set: 2.4ms
[2023-11-10T11:25:35.268-0800][75138900ms] GC(20189)   Post Evacuate Collection Set: 4.2ms
[2023-11-10T11:25:35.268-0800][75138900ms] GC(20189)   Other: 0.3ms
[2023-11-10T11:25:35.268-0800][75138900ms] GC(20189) Eden regions: 224->0(224)
[2023-11-10T11:25:35.268-0800][75138900ms] GC(20189) Survivor regions: 1->1(29)
[2023-11-10T11:25:35.268-0800][75138900ms] GC(20189) Old regions: 1389->1389
[2023-11-10T11:25:35.268-0800][75138900ms] GC(20189) Humongous regions: 5->5
[2023-11-10T11:25:35.268-0800][75138900ms] GC(20189) Metaspace: 304631K->304631K(1347584K)
[2023-11-10T11:25:35.268-0800][75138900ms] GC(20189) Pause Young (Normal) (G1 Evacuation Pause) 3235M->2787M(3602M) 7.006ms
[2023-11-10T11:25:35.268-0800][75138900ms] GC(20189) User=0.00s Sys=0.00s Real=0.01s
[2023-11-10T11:25:35.839-0800][75139471ms] GC(20190) Pause Young (Normal) (G1 Evacuation Pause)
[2023-11-10T11:25:35.839-0800][75139471ms] GC(20190) Using 10 workers of 10 for evacuation
[2023-11-10T11:25:35.846-0800][75139478ms] GC(20190)   Pre Evacuate Collection Set: 0.1ms
[2023-11-10T11:25:35.846-0800][75139478ms] GC(20190)   Evacuate Collection Set: 2.6ms
[2023-11-10T11:25:35.846-0800][75139478ms] GC(20190)   Post Evacuate Collection Set: 4.2ms
[2023-11-10T11:25:35.846-0800][75139478ms] GC(20190)   Other: 0.4ms
[2023-11-10T11:25:35.846-0800][75139478ms] GC(20190) Eden regions: 224->0(224)
[2023-11-10T11:25:35.846-0800][75139478ms] GC(20190) Survivor regions: 1->1(29)
[2023-11-10T11:25:35.846-0800][75139478ms] GC(20190) Old regions: 1389->1389
[2023-11-10T11:25:35.846-0800][75139478ms] GC(20190) Humongous regions: 5->5
[2023-11-10T11:25:35.846-0800][75139478ms] GC(20190) Metaspace: 304631K->304631K(1347584K)
[2023-11-10T11:25:35.846-0800][75139478ms] GC(20190) Pause Young (Normal) (G1 Evacuation Pause) 3235M->2787M(3602M) 7.316ms
[2023-11-10T11:25:35.847-0800][75139479ms] GC(20190) User=0.00s Sys=0.00s Real=0.01s
[2023-11-10T11:25:36.405-0800][75140037ms] GC(20191) Pause Young (Normal) (G1 Evacuation Pause)
[2023-11-10T11:25:36.405-0800][75140037ms] GC(20191) Using 10 workers of 10 for evacuation
[2023-11-10T11:25:36.411-0800][75140043ms] GC(20191)   Pre Evacuate Collection Set: 0.0ms
[2023-11-10T11:25:36.411-0800][75140043ms] GC(20191)   Evacuate Collection Set: 1.8ms
[2023-11-10T11:25:36.411-0800][75140043ms] GC(20191)   Post Evacuate Collection Set: 3.2ms
[2023-11-10T11:25:36.411-0800][75140043ms] GC(20191)   Other: 0.3ms
[2023-11-10T11:25:36.411-0800][75140043ms] GC(20191) Eden regions: 224->0(224)
[2023-11-10T11:25:36.411-0800][75140043ms] GC(20191) Survivor regions: 1->1(29)
[2023-11-10T11:25:36.411-0800][75140043ms] GC(20191) Old regions: 1389->1389
[2023-11-10T11:25:36.411-0800][75140043ms] GC(20191) Humongous regions: 5->5
[2023-11-10T11:25:36.411-0800][75140043ms] GC(20191) Metaspace: 304631K->304631K(1347584K)
[2023-11-10T11:25:36.411-0800][75140043ms] GC(20191) Pause Young (Normal) (G1 Evacuation Pause) 3235M->2787M(3602M) 5.397ms
[2023-11-10T11:25:36.411-0800][75140043ms] GC(20191) User=0.00s Sys=0.00s Real=0.01s
[2023-11-10T11:25:37.037-0800][75140670ms] GC(20192) Pause Young (Normal) (G1 Evacuation Pause)
[2023-11-10T11:25:37.038-0800][75140670ms] GC(20192) Using 10 workers of 10 for evacuation
[2023-11-10T11:25:37.042-0800][75140674ms] GC(20192)   Pre Evacuate Collection Set: 0.1ms
[2023-11-10T11:25:37.042-0800][75140674ms] GC(20192)   Evacuate Collection Set: 1.7ms
[2023-11-10T11:25:37.043-0800][75140675ms] GC(20192)   Post Evacuate Collection Set: 2.9ms
[2023-11-10T11:25:37.043-0800][75140675ms] GC(20192)   Other: 0.3ms
[2023-11-10T11:25:37.043-0800][75140675ms] GC(20192) Eden regions: 224->0(224)
[2023-11-10T11:25:37.043-0800][75140675ms] GC(20192) Survivor regions: 1->1(29)
[2023-11-10T11:25:37.043-0800][75140675ms] GC(20192) Old regions: 1389->1389
[2023-11-10T11:25:37.043-0800][75140675ms] GC(20192) Humongous regions: 5->5
[2023-11-10T11:25:37.043-0800][75140675ms] GC(20192) Metaspace: 304631K->304631K(1347584K)
[2023-11-10T11:25:37.043-0800][75140675ms] GC(20192) Pause Young (Normal) (G1 Evacuation Pause) 3235M->2787M(3602M) 5.062ms
[2023-11-10T11:25:37.043-0800][75140675ms] GC(20192) User=0.02s Sys=0.00s Real=0.01s
[2023-11-10T11:25:37.628-0800][75141260ms] GC(20193) Pause Young (Normal) (G1 Evacuation Pause)
[2023-11-10T11:25:37.628-0800][75141260ms] GC(20193) Using 10 workers of 10 for evacuation
[2023-11-10T11:25:37.634-0800][75141266ms] GC(20193)   Pre Evacuate Collection Set: 0.1ms
[2023-11-10T11:25:37.634-0800][75141266ms] GC(20193)   Evacuate Collection Set: 2.4ms
[2023-11-10T11:25:37.634-0800][75141266ms] GC(20193)   Post Evacuate Collection Set: 3.8ms
[2023-11-10T11:25:37.634-0800][75141266ms] GC(20193)   Other: 0.4ms
[2023-11-10T11:25:37.634-0800][75141266ms] GC(20193) Eden regions: 224->0(224)
[2023-11-10T11:25:37.634-0800][75141266ms] GC(20193) Survivor regions: 1->1(29)
[2023-11-10T11:25:37.634-0800][75141266ms] GC(20193) Old regions: 1389->1389
[2023-11-10T11:25:37.634-0800][75141266ms] GC(20193) Humongous regions: 5->5
[2023-11-10T11:25:37.634-0800][75141266ms] GC(20193) Metaspace: 304631K->304631K(1347584K)
[2023-11-10T11:25:37.634-0800][75141266ms] GC(20193) Pause Young (Normal) (G1 Evacuation Pause) 3235M->2787M(3602M) 6.821ms
[2023-11-10T11:25:37.635-0800][75141267ms] GC(20193) User=0.02s Sys=0.00s Real=0.01s
[2023-11-10T11:25:38.170-0800][75141802ms] GC(20194) Pause Young (Normal) (G1 Evacuation Pause)
[2023-11-10T11:25:38.170-0800][75141802ms] GC(20194) Using 10 workers of 10 for evacuation
[2023-11-10T11:25:38.176-0800][75141808ms] GC(20194)   Pre Evacuate Collection Set: 0.1ms
[2023-11-10T11:25:38.176-0800][75141808ms] GC(20194)   Evacuate Collection Set: 1.7ms
[2023-11-10T11:25:38.176-0800][75141808ms] GC(20194)   Post Evacuate Collection Set: 4.6ms
[2023-11-10T11:25:38.176-0800][75141808ms] GC(20194)   Other: 0.4ms
[2023-11-10T11:25:38.176-0800][75141808ms] GC(20194) Eden regions: 224->0(224)
[2023-11-10T11:25:38.176-0800][75141808ms] GC(20194) Survivor regions: 1->1(29)
[2023-11-10T11:25:38.176-0800][75141808ms] GC(20194) Old regions: 1389->1389
[2023-11-10T11:25:38.176-0800][75141808ms] GC(20194) Humongous regions: 5->5
[2023-11-10T11:25:38.176-0800][75141808ms] GC(20194) Metaspace: 304631K->304631K(1347584K)
[2023-11-10T11:25:38.176-0800][75141808ms] GC(20194) Pause Young (Normal) (G1 Evacuation Pause) 3235M->2787M(3602M) 6.954ms
[2023-11-10T11:25:38.176-0800][75141808ms] GC(20194) User=0.00s Sys=0.00s Real=0.01s
[2023-11-10T11:25:38.801-0800][75142433ms] GC(20195) Pause Young (Normal) (G1 Evacuation Pause)
[2023-11-10T11:25:38.801-0800][75142433ms] GC(20195) Using 10 workers of 10 for evacuation
[2023-11-10T11:25:38.805-0800][75142437ms] GC(20195)   Pre Evacuate Collection Set: 0.0ms
[2023-11-10T11:25:38.805-0800][75142437ms] GC(20195)   Evacuate Collection Set: 1.6ms
[2023-11-10T11:25:38.805-0800][75142437ms] GC(20195)   Post Evacuate Collection Set: 3.2ms
[2023-11-10T11:25:38.805-0800][75142437ms] GC(20195)   Other: 0.3ms
[2023-11-10T11:25:38.805-0800][75142437ms] GC(20195) Eden regions: 224->0(223)
[2023-11-10T11:25:38.805-0800][75142437ms] GC(20195) Survivor regions: 1->1(29)
[2023-11-10T11:25:38.805-0800][75142437ms] GC(20195) Old regions: 1389->1389
[2023-11-10T11:25:38.805-0800][75142437ms] GC(20195) Humongous regions: 5->5
[2023-11-10T11:25:38.805-0800][75142437ms] GC(20195) Metaspace: 304631K->304631K(1347584K)
[2023-11-10T11:25:38.805-0800][75142437ms] GC(20195) Pause Young (Normal) (G1 Evacuation Pause) 3235M->2788M(3602M) 5.189ms
[2023-11-10T11:25:38.805-0800][75142437ms] GC(20195) User=0.02s Sys=0.00s Real=0.00s
[2023-11-10T11:25:39.356-0800][75142988ms] GC(20196) Pause Young (Normal) (G1 Evacuation Pause)
[2023-11-10T11:25:39.356-0800][75142988ms] GC(20196) Using 10 workers of 10 for evacuation
[2023-11-10T11:25:39.362-0800][75142994ms] GC(20196)   Pre Evacuate Collection Set: 0.1ms
[2023-11-10T11:25:39.362-0800][75142994ms] GC(20196)   Evacuate Collection Set: 2.1ms
[2023-11-10T11:25:39.362-0800][75142994ms] GC(20196)   Post Evacuate Collection Set: 3.7ms
[2023-11-10T11:25:39.362-0800][75142994ms] GC(20196)   Other: 0.3ms
[2023-11-10T11:25:39.362-0800][75142994ms] GC(20196) Eden regions: 223->0(223)
[2023-11-10T11:25:39.362-0800][75142994ms] GC(20196) Survivor regions: 1->1(28)
[2023-11-10T11:25:39.362-0800][75142994ms] GC(20196) Old regions: 1389->1389
[2023-11-10T11:25:39.362-0800][75142994ms] GC(20196) Humongous regions: 5->5
[2023-11-10T11:25:39.362-0800][75142994ms] GC(20196) Metaspace: 304631K->304631K(1347584K)
[2023-11-10T11:25:39.362-0800][75142994ms] GC(20196) Pause Young (Normal) (G1 Evacuation Pause) 3234M->2788M(3602M) 6.385ms
[2023-11-10T11:25:39.362-0800][75142994ms] GC(20196) User=0.00s Sys=0.00s Real=0.01s
[2023-11-10T11:25:39.881-0800][75143513ms] GC(20197) Pause Young (Normal) (G1 Evacuation Pause)
[2023-11-10T11:25:39.881-0800][75143513ms] GC(20197) Using 10 workers of 10 for evacuation
[2023-11-10T11:25:39.887-0800][75143519ms] GC(20197)   Pre Evacuate Collection Set: 0.1ms
[2023-11-10T11:25:39.887-0800][75143519ms] GC(20197)   Evacuate Collection Set: 1.8ms
[2023-11-10T11:25:39.887-0800][75143519ms] GC(20197)   Post Evacuate Collection Set: 3.7ms
[2023-11-10T11:25:39.887-0800][75143519ms] GC(20197)   Other: 0.3ms
[2023-11-10T11:25:39.887-0800][75143519ms] GC(20197) Eden regions: 223->0(223)
[2023-11-10T11:25:39.887-0800][75143519ms] GC(20197) Survivor regions: 1->1(28)
[2023-11-10T11:25:39.887-0800][75143519ms] GC(20197) Old regions: 1389->1389
[2023-11-10T11:25:39.887-0800][75143519ms] GC(20197) Humongous regions: 5->5
[2023-11-10T11:25:39.887-0800][75143519ms] GC(20197) Metaspace: 304631K->304631K(1347584K)
[2023-11-10T11:25:39.887-0800][75143519ms] GC(20197) Pause Young (Normal) (G1 Evacuation Pause) 3234M->2788M(3602M) 5.965ms
[2023-11-10T11:25:39.887-0800][75143519ms] GC(20197) User=0.13s Sys=0.00s Real=0.01s
[2023-11-10T11:25:40.396-0800][75144028ms] GC(20198) Pause Young (Normal) (G1 Evacuation Pause)
[2023-11-10T11:25:40.396-0800][75144028ms] GC(20198) Using 10 workers of 10 for evacuation
[2023-11-10T11:25:40.401-0800][75144033ms] GC(20198)   Pre Evacuate Collection Set: 0.0ms
[2023-11-10T11:25:40.401-0800][75144033ms] GC(20198)   Evacuate Collection Set: 1.7ms
[2023-11-10T11:25:40.401-0800][75144033ms] GC(20198)   Post Evacuate Collection Set: 3.1ms
[2023-11-10T11:25:40.401-0800][75144033ms] GC(20198)   Other: 0.3ms
[2023-11-10T11:25:40.401-0800][75144033ms] GC(20198) Eden regions: 223->0(223)
[2023-11-10T11:25:40.401-0800][75144033ms] GC(20198) Survivor regions: 1->1(28)
[2023-11-10T11:25:40.401-0800][75144033ms] GC(20198) Old regions: 1389->1389
[2023-11-10T11:25:40.401-0800][75144033ms] GC(20198) Humongous regions: 5->5
[2023-11-10T11:25:40.401-0800][75144033ms] GC(20198) Metaspace: 304631K->304631K(1347584K)
[2023-11-10T11:25:40.401-0800][75144033ms] GC(20198) Pause Young (Normal) (G1 Evacuation Pause) 3234M->2788M(3602M) 5.237ms
[2023-11-10T11:25:40.401-0800][75144033ms] GC(20198) User=0.02s Sys=0.00s Real=0.01s
[2023-11-10T11:25:40.933-0800][75144565ms] GC(20199) Pause Young (Normal) (G1 Evacuation Pause)
[2023-11-10T11:25:40.933-0800][75144565ms] GC(20199) Using 10 workers of 10 for evacuation
[2023-11-10T11:25:40.939-0800][75144571ms] GC(20199)   Pre Evacuate Collection Set: 0.0ms
[2023-11-10T11:25:40.939-0800][75144571ms] GC(20199)   Evacuate Collection Set: 1.7ms
[2023-11-10T11:25:40.939-0800][75144571ms] GC(20199)   Post Evacuate Collection Set: 3.3ms
[2023-11-10T11:25:40.939-0800][75144571ms] GC(20199)   Other: 0.3ms
[2023-11-10T11:25:40.939-0800][75144571ms] GC(20199) Eden regions: 223->0(223)
[2023-11-10T11:25:40.939-0800][75144571ms] GC(20199) Survivor regions: 1->1(28)
[2023-11-10T11:25:40.939-0800][75144571ms] GC(20199) Old regions: 1389->1389
[2023-11-10T11:25:40.939-0800][75144571ms] GC(20199) Humongous regions: 5->5
[2023-11-10T11:25:40.939-0800][75144571ms] GC(20199) Metaspace: 304631K->304631K(1347584K)
[2023-11-10T11:25:40.939-0800][75144571ms] GC(20199) Pause Young (Normal) (G1 Evacuation Pause) 3234M->2788M(3602M) 5.367ms
[2023-11-10T11:25:40.939-0800][75144571ms] GC(20199) User=0.00s Sys=0.00s Real=0.01s
[2023-11-10T11:25:41.524-0800][75145156ms] GC(20200) Pause Young (Normal) (G1 Evacuation Pause)
[2023-11-10T11:25:41.524-0800][75145156ms] GC(20200) Using 10 workers of 10 for evacuation
[2023-11-10T11:25:41.528-0800][75145160ms] GC(20200)   Pre Evacuate Collection Set: 0.1ms
[2023-11-10T11:25:41.528-0800][75145160ms] GC(20200)   Evacuate Collection Set: 1.7ms
[2023-11-10T11:25:41.528-0800][75145160ms] GC(20200)   Post Evacuate Collection Set: 3.0ms
[2023-11-10T11:25:41.529-0800][75145161ms] GC(20200)   Other: 0.3ms
[2023-11-10T11:25:41.529-0800][75145161ms] GC(20200) Eden regions: 223->0(223)
[2023-11-10T11:25:41.529-0800][75145161ms] GC(20200) Survivor regions: 1->1(28)
[2023-11-10T11:25:41.529-0800][75145161ms] GC(20200) Old regions: 1389->1389
[2023-11-10T11:25:41.529-0800][75145161ms] GC(20200) Humongous regions: 5->5
[2023-11-10T11:25:41.529-0800][75145161ms] GC(20200) Metaspace: 304631K->304631K(1347584K)
[2023-11-10T11:25:41.529-0800][75145161ms] GC(20200) Pause Young (Normal) (G1 Evacuation Pause) 3234M->2788M(3602M) 5.155ms
[2023-11-10T11:25:41.529-0800][75145161ms] GC(20200) User=0.00s Sys=0.00s Real=0.01s
[2023-11-10T11:25:42.020-0800][75145652ms] GC(20201) Pause Young (Normal) (G1 Evacuation Pause)
[2023-11-10T11:25:42.020-0800][75145652ms] GC(20201) Using 10 workers of 10 for evacuation
[2023-11-10T11:25:42.025-0800][75145657ms] GC(20201)   Pre Evacuate Collection Set: 0.0ms
[2023-11-10T11:25:42.025-0800][75145657ms] GC(20201)   Evacuate Collection Set: 1.7ms
[2023-11-10T11:25:42.025-0800][75145657ms] GC(20201)   Post Evacuate Collection Set: 2.8ms
[2023-11-10T11:25:42.025-0800][75145657ms] GC(20201)   Other: 0.2ms
[2023-11-10T11:25:42.025-0800][75145657ms] GC(20201) Eden regions: 223->0(223)
[2023-11-10T11:25:42.025-0800][75145657ms] GC(20201) Survivor regions: 1->1(28)
[2023-11-10T11:25:42.025-0800][75145657ms] GC(20201) Old regions: 1389->1389
[2023-11-10T11:25:42.025-0800][75145657ms] GC(20201) Humongous regions: 5->5
[2023-11-10T11:25:42.025-0800][75145657ms] GC(20201) Metaspace: 304631K->304631K(1347584K)
[2023-11-10T11:25:42.025-0800][75145657ms] GC(20201) Pause Young (Normal) (G1 Evacuation Pause) 3234M->2788M(3602M) 4.896ms
[2023-11-10T11:25:42.025-0800][75145657ms] GC(20201) User=0.05s Sys=0.00s Real=0.01s
[2023-11-10T11:25:42.530-0800][75146162ms] GC(20202) Pause Young (Normal) (G1 Evacuation Pause)
[2023-11-10T11:25:42.530-0800][75146162ms] GC(20202) Using 10 workers of 10 for evacuation
[2023-11-10T11:25:42.536-0800][75146168ms] GC(20202)   Pre Evacuate Collection Set: 0.1ms
[2023-11-10T11:25:42.536-0800][75146168ms] GC(20202)   Evacuate Collection Set: 1.7ms
[2023-11-10T11:25:42.536-0800][75146168ms] GC(20202)   Post Evacuate Collection Set: 3.9ms
[2023-11-10T11:25:42.536-0800][75146168ms] GC(20202)   Other: 0.3ms
[2023-11-10T11:25:42.536-0800][75146168ms] GC(20202) Eden regions: 223->0(223)
[2023-11-10T11:25:42.536-0800][75146168ms] GC(20202) Survivor regions: 1->1(28)
[2023-11-10T11:25:42.536-0800][75146168ms] GC(20202) Old regions: 1389->1389
[2023-11-10T11:25:42.536-0800][75146168ms] GC(20202) Humongous regions: 5->5
[2023-11-10T11:25:42.536-0800][75146168ms] GC(20202) Metaspace: 304631K->304631K(1347584K)
[2023-11-10T11:25:42.536-0800][75146168ms] GC(20202) Pause Young (Normal) (G1 Evacuation Pause) 3234M->2788M(3602M) 6.212ms
[2023-11-10T11:25:42.536-0800][75146168ms] GC(20202) User=0.00s Sys=0.00s Real=0.01s
[2023-11-10T11:25:43.120-0800][75146752ms] GC(20203) Pause Young (Normal) (G1 Evacuation Pause)
[2023-11-10T11:25:43.120-0800][75146752ms] GC(20203) Using 10 workers of 10 for evacuation
[2023-11-10T11:25:43.124-0800][75146756ms] GC(20203)   Pre Evacuate Collection Set: 0.0ms
[2023-11-10T11:25:43.124-0800][75146756ms] GC(20203)   Evacuate Collection Set: 1.7ms
[2023-11-10T11:25:43.124-0800][75146756ms] GC(20203)   Post Evacuate Collection Set: 3.3ms
[2023-11-10T11:25:43.124-0800][75146756ms] GC(20203)   Other: 0.3ms
[2023-11-10T11:25:43.124-0800][75146756ms] GC(20203) Eden regions: 223->0(223)
[2023-11-10T11:25:43.124-0800][75146756ms] GC(20203) Survivor regions: 1->1(28)
[2023-11-10T11:25:43.124-0800][75146756ms] GC(20203) Old regions: 1389->1389
[2023-11-10T11:25:43.124-0800][75146756ms] GC(20203) Humongous regions: 5->5
[2023-11-10T11:25:43.124-0800][75146756ms] GC(20203) Metaspace: 304631K->304631K(1347584K)
[2023-11-10T11:25:43.124-0800][75146756ms] GC(20203) Pause Young (Normal) (G1 Evacuation Pause) 3234M->2788M(3602M) 5.450ms
[2023-11-10T11:25:43.125-0800][75146757ms] GC(20203) User=0.00s Sys=0.00s Real=0.01s
[2023-11-10T11:25:43.698-0800][75147330ms] GC(20204) Pause Young (Normal) (G1 Evacuation Pause)
[2023-11-10T11:25:43.698-0800][75147330ms] GC(20204) Using 10 workers of 10 for evacuation
[2023-11-10T11:25:43.704-0800][75147336ms] GC(20204)   Pre Evacuate Collection Set: 0.1ms
[2023-11-10T11:25:43.704-0800][75147336ms] GC(20204)   Evacuate Collection Set: 2.0ms
[2023-11-10T11:25:43.704-0800][75147336ms] GC(20204)   Post Evacuate Collection Set: 3.0ms
[2023-11-10T11:25:43.704-0800][75147336ms] GC(20204)   Other: 0.3ms
[2023-11-10T11:25:43.704-0800][75147336ms] GC(20204) Eden regions: 223->0(223)
[2023-11-10T11:25:43.704-0800][75147336ms] GC(20204) Survivor regions: 1->1(28)
[2023-11-10T11:25:43.704-0800][75147336ms] GC(20204) Old regions: 1389->1389
[2023-11-10T11:25:43.704-0800][75147336ms] GC(20204) Humongous regions: 5->5
[2023-11-10T11:25:43.704-0800][75147336ms] GC(20204) Metaspace: 304631K->304631K(1347584K)
[2023-11-10T11:25:43.704-0800][75147336ms] GC(20204) Pause Young (Normal) (G1 Evacuation Pause) 3234M->2788M(3602M) 5.397ms
[2023-11-10T11:25:43.704-0800][75147336ms] GC(20204) User=0.00s Sys=0.00s Real=0.01s
[2023-11-10T11:25:44.240-0800][75147872ms] GC(20205) Pause Young (Normal) (G1 Evacuation Pause)
[2023-11-10T11:25:44.240-0800][75147872ms] GC(20205) Using 10 workers of 10 for evacuation
[2023-11-10T11:25:44.247-0800][75147879ms] GC(20205)   Pre Evacuate Collection Set: 0.1ms
[2023-11-10T11:25:44.247-0800][75147879ms] GC(20205)   Evacuate Collection Set: 2.6ms
[2023-11-10T11:25:44.247-0800][75147879ms] GC(20205)   Post Evacuate Collection Set: 3.7ms
[2023-11-10T11:25:44.247-0800][75147879ms] GC(20205)   Other: 0.4ms
[2023-11-10T11:25:44.247-0800][75147879ms] GC(20205) Eden regions: 223->0(223)
[2023-11-10T11:25:44.247-0800][75147879ms] GC(20205) Survivor regions: 1->1(28)
[2023-11-10T11:25:44.247-0800][75147879ms] GC(20205) Old regions: 1389->1389
[2023-11-10T11:25:44.247-0800][75147879ms] GC(20205) Humongous regions: 5->5
[2023-11-10T11:25:44.247-0800][75147879ms] GC(20205) Metaspace: 304631K->304631K(1347584K)
[2023-11-10T11:25:44.247-0800][75147879ms] GC(20205) Pause Young (Normal) (G1 Evacuation Pause) 3234M->2788M(3602M) 6.835ms
[2023-11-10T11:25:44.247-0800][75147879ms] GC(20205) User=0.06s Sys=0.00s Real=0.01s
[2023-11-10T11:25:44.778-0800][75148410ms] GC(20206) Pause Young (Normal) (G1 Evacuation Pause)
[2023-11-10T11:25:44.778-0800][75148410ms] GC(20206) Using 10 workers of 10 for evacuation
[2023-11-10T11:25:44.784-0800][75148416ms] GC(20206)   Pre Evacuate Collection Set: 0.1ms
[2023-11-10T11:25:44.785-0800][75148417ms] GC(20206)   Evacuate Collection Set: 2.0ms
[2023-11-10T11:25:44.785-0800][75148417ms] GC(20206)   Post Evacuate Collection Set: 4.4ms
[2023-11-10T11:25:44.785-0800][75148417ms] GC(20206)   Other: 0.3ms
[2023-11-10T11:25:44.785-0800][75148417ms] GC(20206) Eden regions: 223->0(223)
[2023-11-10T11:25:44.785-0800][75148417ms] GC(20206) Survivor regions: 1->1(28)
[2023-11-10T11:25:44.785-0800][75148417ms] GC(20206) Old regions: 1389->1389
[2023-11-10T11:25:44.785-0800][75148417ms] GC(20206) Humongous regions: 5->5
[2023-11-10T11:25:44.785-0800][75148417ms] GC(20206) Metaspace: 304631K->304631K(1347584K)
[2023-11-10T11:25:44.785-0800][75148417ms] GC(20206) Pause Young (Normal) (G1 Evacuation Pause) 3234M->2788M(3602M) 6.931ms
[2023-11-10T11:25:44.785-0800][75148417ms] GC(20206) User=0.00s Sys=0.00s Real=0.01s
[2023-11-10T11:25:45.356-0800][75148988ms] GC(20207) Pause Young (Normal) (G1 Evacuation Pause)
[2023-11-10T11:25:45.356-0800][75148988ms] GC(20207) Using 10 workers of 10 for evacuation
[2023-11-10T11:25:45.363-0800][75148995ms] GC(20207)   Pre Evacuate Collection Set: 0.1ms
[2023-11-10T11:25:45.363-0800][75148995ms] GC(20207)   Evacuate Collection Set: 1.8ms
[2023-11-10T11:25:45.363-0800][75148995ms] GC(20207)   Post Evacuate Collection Set: 4.6ms
[2023-11-10T11:25:45.363-0800][75148995ms] GC(20207)   Other: 0.3ms
[2023-11-10T11:25:45.363-0800][75148995ms] GC(20207) Eden regions: 223->0(223)
[2023-11-10T11:25:45.363-0800][75148995ms] GC(20207) Survivor regions: 1->1(28)
[2023-11-10T11:25:45.363-0800][75148995ms] GC(20207) Old regions: 1389->1389
[2023-11-10T11:25:45.363-0800][75148995ms] GC(20207) Humongous regions: 5->5
[2023-11-10T11:25:45.363-0800][75148995ms] GC(20207) Metaspace: 304631K->304631K(1347584K)
[2023-11-10T11:25:45.363-0800][75148995ms] GC(20207) Pause Young (Normal) (G1 Evacuation Pause) 3234M->2788M(3602M) 6.822ms
[2023-11-10T11:25:45.363-0800][75148995ms] GC(20207) User=0.00s Sys=0.00s Real=0.01s
[2023-11-10T11:25:45.901-0800][75149533ms] GC(20208) Pause Young (Normal) (G1 Evacuation Pause)
[2023-11-10T11:25:45.901-0800][75149533ms] GC(20208) Using 10 workers of 10 for evacuation
[2023-11-10T11:25:45.906-0800][75149538ms] GC(20208)   Pre Evacuate Collection Set: 0.0ms
[2023-11-10T11:25:45.906-0800][75149538ms] GC(20208)   Evacuate Collection Set: 1.7ms
[2023-11-10T11:25:45.906-0800][75149538ms] GC(20208)   Post Evacuate Collection Set: 3.8ms
[2023-11-10T11:25:45.906-0800][75149538ms] GC(20208)   Other: 0.3ms
[2023-11-10T11:25:45.906-0800][75149538ms] GC(20208) Eden regions: 223->0(223)
[2023-11-10T11:25:45.906-0800][75149538ms] GC(20208) Survivor regions: 1->1(28)
[2023-11-10T11:25:45.906-0800][75149538ms] GC(20208) Old regions: 1389->1389
[2023-11-10T11:25:45.906-0800][75149538ms] GC(20208) Humongous regions: 5->5
[2023-11-10T11:25:45.906-0800][75149538ms] GC(20208) Metaspace: 304631K->304631K(1347584K)
[2023-11-10T11:25:45.906-0800][75149538ms] GC(20208) Pause Young (Normal) (G1 Evacuation Pause) 3234M->2788M(3602M) 5.949ms
[2023-11-10T11:25:45.906-0800][75149538ms] GC(20208) User=0.00s Sys=0.00s Real=0.00s
[2023-11-10T11:25:46.492-0800][75150124ms] GC(20209) Pause Young (Normal) (G1 Evacuation Pause)
[2023-11-10T11:25:46.492-0800][75150124ms] GC(20209) Using 10 workers of 10 for evacuation
[2023-11-10T11:25:46.498-0800][75150130ms] GC(20209)   Pre Evacuate Collection Set: 0.1ms
[2023-11-10T11:25:46.498-0800][75150130ms] GC(20209)   Evacuate Collection Set: 1.9ms
[2023-11-10T11:25:46.498-0800][75150130ms] GC(20209)   Post Evacuate Collection Set: 3.7ms
[2023-11-10T11:25:46.498-0800][75150130ms] GC(20209)   Other: 0.4ms
[2023-11-10T11:25:46.498-0800][75150130ms] GC(20209) Eden regions: 223->0(223)
[2023-11-10T11:25:46.498-0800][75150130ms] GC(20209) Survivor regions: 1->1(28)
[2023-11-10T11:25:46.498-0800][75150130ms] GC(20209) Old regions: 1389->1389
[2023-11-10T11:25:46.498-0800][75150130ms] GC(20209) Humongous regions: 5->5
[2023-11-10T11:25:46.498-0800][75150130ms] GC(20209) Metaspace: 304631K->304631K(1347584K)
[2023-11-10T11:25:46.498-0800][75150130ms] GC(20209) Pause Young (Normal) (G1 Evacuation Pause) 3234M->2788M(3602M) 6.189ms
[2023-11-10T11:25:46.498-0800][75150130ms] GC(20209) User=0.00s Sys=0.00s Real=0.01s
[2023-11-10T11:25:47.126-0800][75150758ms] GC(20210) Pause Young (Normal) (G1 Evacuation Pause)
[2023-11-10T11:25:47.126-0800][75150758ms] GC(20210) Using 10 workers of 10 for evacuation
[2023-11-10T11:25:47.134-0800][75150766ms] GC(20210)   Pre Evacuate Collection Set: 0.1ms
[2023-11-10T11:25:47.134-0800][75150766ms] GC(20210)   Evacuate Collection Set: 3.2ms
[2023-11-10T11:25:47.134-0800][75150766ms] GC(20210)   Post Evacuate Collection Set: 4.2ms
[2023-11-10T11:25:47.134-0800][75150766ms] GC(20210)   Other: 0.4ms
[2023-11-10T11:25:47.134-0800][75150766ms] GC(20210) Eden regions: 223->0(223)
[2023-11-10T11:25:47.134-0800][75150766ms] GC(20210) Survivor regions: 1->1(28)
[2023-11-10T11:25:47.134-0800][75150766ms] GC(20210) Old regions: 1389->1389
[2023-11-10T11:25:47.134-0800][75150766ms] GC(20210) Humongous regions: 5->5
[2023-11-10T11:25:47.134-0800][75150766ms] GC(20210) Metaspace: 304631K->304631K(1347584K)
[2023-11-10T11:25:47.134-0800][75150766ms] GC(20210) Pause Young (Normal) (G1 Evacuation Pause) 3234M->2788M(3602M) 7.944ms
[2023-11-10T11:25:47.134-0800][75150766ms] GC(20210) User=0.02s Sys=0.00s Real=0.01s
[2023-11-10T11:25:47.671-0800][75151303ms] GC(20211) Pause Young (Normal) (G1 Evacuation Pause)
[2023-11-10T11:25:47.671-0800][75151303ms] GC(20211) Using 10 workers of 10 for evacuation
[2023-11-10T11:25:47.676-0800][75151308ms] GC(20211)   Pre Evacuate Collection Set: 0.1ms
[2023-11-10T11:25:47.676-0800][75151308ms] GC(20211)   Evacuate Collection Set: 2.1ms
[2023-11-10T11:25:47.676-0800][75151308ms] GC(20211)   Post Evacuate Collection Set: 3.1ms
[2023-11-10T11:25:47.676-0800][75151308ms] GC(20211)   Other: 0.4ms
[2023-11-10T11:25:47.676-0800][75151308ms] GC(20211) Eden regions: 223->0(223)
[2023-11-10T11:25:47.676-0800][75151308ms] GC(20211) Survivor regions: 1->1(28)
[2023-11-10T11:25:47.676-0800][75151308ms] GC(20211) Old regions: 1389->1389
[2023-11-10T11:25:47.676-0800][75151308ms] GC(20211) Humongous regions: 5->5
[2023-11-10T11:25:47.676-0800][75151308ms] GC(20211) Metaspace: 304631K->304631K(1347584K)
[2023-11-10T11:25:47.676-0800][75151308ms] GC(20211) Pause Young (Normal) (G1 Evacuation Pause) 3234M->2788M(3602M) 5.664ms
[2023-11-10T11:25:47.676-0800][75151308ms] GC(20211) User=0.00s Sys=0.00s Real=0.01s
[2023-11-10T11:25:48.189-0800][75151821ms] GC(20212) Pause Young (Normal) (G1 Evacuation Pause)
[2023-11-10T11:25:48.189-0800][75151821ms] GC(20212) Using 10 workers of 10 for evacuation
[2023-11-10T11:25:48.195-0800][75151827ms] GC(20212)   Pre Evacuate Collection Set: 0.0ms
[2023-11-10T11:25:48.195-0800][75151827ms] GC(20212)   Evacuate Collection Set: 1.9ms
[2023-11-10T11:25:48.195-0800][75151827ms] GC(20212)   Post Evacuate Collection Set: 3.0ms
[2023-11-10T11:25:48.195-0800][75151827ms] GC(20212)   Other: 0.2ms
[2023-11-10T11:25:48.195-0800][75151827ms] GC(20212) Eden regions: 223->0(223)
[2023-11-10T11:25:48.195-0800][75151827ms] GC(20212) Survivor regions: 1->1(28)
[2023-11-10T11:25:48.195-0800][75151827ms] GC(20212) Old regions: 1389->1389
[2023-11-10T11:25:48.195-0800][75151827ms] GC(20212) Humongous regions: 5->5
[2023-11-10T11:25:48.195-0800][75151827ms] GC(20212) Metaspace: 304631K->304631K(1347584K)
[2023-11-10T11:25:48.195-0800][75151827ms] GC(20212) Pause Young (Normal) (G1 Evacuation Pause) 3234M->2788M(3602M) 5.258ms
[2023-11-10T11:25:48.195-0800][75151827ms] GC(20212) User=0.00s Sys=0.00s Real=0.01s
[2023-11-10T11:25:48.716-0800][75152348ms] GC(20213) Pause Young (Normal) (G1 Evacuation Pause)
[2023-11-10T11:25:48.716-0800][75152348ms] GC(20213) Using 10 workers of 10 for evacuation
[2023-11-10T11:25:48.722-0800][75152354ms] GC(20213)   Pre Evacuate Collection Set: 0.0ms
[2023-11-10T11:25:48.722-0800][75152354ms] GC(20213)   Evacuate Collection Set: 1.9ms
[2023-11-10T11:25:48.722-0800][75152354ms] GC(20213)   Post Evacuate Collection Set: 3.4ms
[2023-11-10T11:25:48.722-0800][75152354ms] GC(20213)   Other: 0.3ms
[2023-11-10T11:25:48.722-0800][75152354ms] GC(20213) Eden regions: 223->0(223)
[2023-11-10T11:25:48.722-0800][75152354ms] GC(20213) Survivor regions: 1->1(28)
[2023-11-10T11:25:48.722-0800][75152354ms] GC(20213) Old regions: 1389->1389
[2023-11-10T11:25:48.722-0800][75152354ms] GC(20213) Humongous regions: 5->5
[2023-11-10T11:25:48.722-0800][75152354ms] GC(20213) Metaspace: 304631K->304631K(1347584K)
[2023-11-10T11:25:48.722-0800][75152354ms] GC(20213) Pause Young (Normal) (G1 Evacuation Pause) 3234M->2788M(3602M) 5.798ms
[2023-11-10T11:25:48.722-0800][75152354ms] GC(20213) User=0.00s Sys=0.00s Real=0.01s
[2023-11-10T11:25:49.213-0800][75152845ms] GC(20214) Pause Young (Normal) (G1 Evacuation Pause)
[2023-11-10T11:25:49.214-0800][75152846ms] GC(20214) Using 10 workers of 10 for evacuation
[2023-11-10T11:25:49.220-0800][75152852ms] GC(20214)   Pre Evacuate Collection Set: 0.1ms
[2023-11-10T11:25:49.220-0800][75152852ms] GC(20214)   Evacuate Collection Set: 2.0ms
[2023-11-10T11:25:49.220-0800][75152852ms] GC(20214)   Post Evacuate Collection Set: 3.5ms
[2023-11-10T11:25:49.220-0800][75152852ms] GC(20214)   Other: 0.3ms
[2023-11-10T11:25:49.220-0800][75152852ms] GC(20214) Eden regions: 223->0(223)
[2023-11-10T11:25:49.220-0800][75152852ms] GC(20214) Survivor regions: 1->1(28)
[2023-11-10T11:25:49.220-0800][75152852ms] GC(20214) Old regions: 1389->1389
[2023-11-10T11:25:49.220-0800][75152852ms] GC(20214) Humongous regions: 5->5
[2023-11-10T11:25:49.220-0800][75152852ms] GC(20214) Metaspace: 304631K->304631K(1347584K)
[2023-11-10T11:25:49.220-0800][75152852ms] GC(20214) Pause Young (Normal) (G1 Evacuation Pause) 3234M->2788M(3602M) 6.032ms
[2023-11-10T11:25:49.220-0800][75152852ms] GC(20214) User=0.00s Sys=0.00s Real=0.01s
[2023-11-10T11:25:49.775-0800][75153407ms] GC(20215) Pause Young (Normal) (G1 Evacuation Pause)
[2023-11-10T11:25:49.775-0800][75153407ms] GC(20215) Using 10 workers of 10 for evacuation
[2023-11-10T11:25:49.781-0800][75153413ms] GC(20215)   Pre Evacuate Collection Set: 0.0ms
[2023-11-10T11:25:49.781-0800][75153413ms] GC(20215)   Evacuate Collection Set: 1.7ms
[2023-11-10T11:25:49.781-0800][75153413ms] GC(20215)   Post Evacuate Collection Set: 3.8ms
[2023-11-10T11:25:49.781-0800][75153413ms] GC(20215)   Other: 0.3ms
[2023-11-10T11:25:49.781-0800][75153413ms] GC(20215) Eden regions: 223->0(223)
[2023-11-10T11:25:49.781-0800][75153413ms] GC(20215) Survivor regions: 1->1(28)
[2023-11-10T11:25:49.781-0800][75153413ms] GC(20215) Old regions: 1389->1390
[2023-11-10T11:25:49.781-0800][75153413ms] GC(20215) Humongous regions: 5->5
[2023-11-10T11:25:49.781-0800][75153413ms] GC(20215) Metaspace: 304631K->304631K(1347584K)
[2023-11-10T11:25:49.781-0800][75153413ms] GC(20215) Pause Young (Normal) (G1 Evacuation Pause) 3234M->2788M(3602M) 5.877ms
[2023-11-10T11:25:49.781-0800][75153413ms] GC(20215) User=0.00s Sys=0.00s Real=0.01s
[2023-11-10T11:25:50.260-0800][75153892ms] GC(20216) Pause Young (Normal) (G1 Evacuation Pause)
[2023-11-10T11:25:50.260-0800][75153892ms] GC(20216) Using 10 workers of 10 for evacuation
[2023-11-10T11:25:50.265-0800][75153897ms] GC(20216)   Pre Evacuate Collection Set: 0.0ms
[2023-11-10T11:25:50.265-0800][75153897ms] GC(20216)   Evacuate Collection Set: 1.7ms
[2023-11-10T11:25:50.265-0800][75153897ms] GC(20216)   Post Evacuate Collection Set: 3.0ms
[2023-11-10T11:25:50.265-0800][75153897ms] GC(20216)   Other: 0.3ms
[2023-11-10T11:25:50.265-0800][75153897ms] GC(20216) Eden regions: 223->0(223)
[2023-11-10T11:25:50.265-0800][75153897ms] GC(20216) Survivor regions: 1->1(28)
[2023-11-10T11:25:50.265-0800][75153897ms] GC(20216) Old regions: 1390->1390
[2023-11-10T11:25:50.265-0800][75153897ms] GC(20216) Humongous regions: 5->5
[2023-11-10T11:25:50.265-0800][75153897ms] GC(20216) Metaspace: 304631K->304631K(1347584K)
[2023-11-10T11:25:50.265-0800][75153897ms] GC(20216) Pause Young (Normal) (G1 Evacuation Pause) 3234M->2788M(3602M) 5.134ms
[2023-11-10T11:25:50.265-0800][75153897ms] GC(20216) User=0.00s Sys=0.00s Real=0.01s
[2023-11-10T11:25:50.769-0800][75154401ms] GC(20217) Pause Young (Normal) (G1 Evacuation Pause)
[2023-11-10T11:25:50.769-0800][75154401ms] GC(20217) Using 10 workers of 10 for evacuation
[2023-11-10T11:25:50.774-0800][75154406ms] GC(20217)   Pre Evacuate Collection Set: 0.0ms
[2023-11-10T11:25:50.774-0800][75154406ms] GC(20217)   Evacuate Collection Set: 1.7ms
[2023-11-10T11:25:50.774-0800][75154406ms] GC(20217)   Post Evacuate Collection Set: 3.2ms
[2023-11-10T11:25:50.774-0800][75154406ms] GC(20217)   Other: 0.3ms
[2023-11-10T11:25:50.774-0800][75154406ms] GC(20217) Eden regions: 223->0(223)
[2023-11-10T11:25:50.774-0800][75154406ms] GC(20217) Survivor regions: 1->1(28)
[2023-11-10T11:25:50.774-0800][75154406ms] GC(20217) Old regions: 1390->1390
[2023-11-10T11:25:50.774-0800][75154406ms] GC(20217) Humongous regions: 5->5
[2023-11-10T11:25:50.774-0800][75154406ms] GC(20217) Metaspace: 304631K->304631K(1347584K)
[2023-11-10T11:25:50.774-0800][75154406ms] GC(20217) Pause Young (Normal) (G1 Evacuation Pause) 3234M->2788M(3602M) 5.212ms
[2023-11-10T11:25:50.774-0800][75154406ms] GC(20217) User=0.02s Sys=0.00s Real=0.00s
[2023-11-10T11:25:51.312-0800][75154944ms] GC(20218) Pause Young (Normal) (G1 Evacuation Pause)
[2023-11-10T11:25:51.312-0800][75154944ms] GC(20218) Using 10 workers of 10 for evacuation
[2023-11-10T11:25:51.317-0800][75154949ms] GC(20218)   Pre Evacuate Collection Set: 0.0ms
[2023-11-10T11:25:51.317-0800][75154949ms] GC(20218)   Evacuate Collection Set: 1.8ms
[2023-11-10T11:25:51.317-0800][75154949ms] GC(20218)   Post Evacuate Collection Set: 3.2ms
[2023-11-10T11:25:51.317-0800][75154949ms] GC(20218)   Other: 0.2ms
[2023-11-10T11:25:51.317-0800][75154949ms] GC(20218) Eden regions: 223->0(223)
[2023-11-10T11:25:51.317-0800][75154949ms] GC(20218) Survivor regions: 1->1(28)
[2023-11-10T11:25:51.317-0800][75154949ms] GC(20218) Old regions: 1390->1390
[2023-11-10T11:25:51.317-0800][75154949ms] GC(20218) Humongous regions: 5->5
[2023-11-10T11:25:51.317-0800][75154949ms] GC(20218) Metaspace: 304631K->304631K(1347584K)
[2023-11-10T11:25:51.317-0800][75154949ms] GC(20218) Pause Young (Normal) (G1 Evacuation Pause) 3234M->2788M(3602M) 5.314ms
[2023-11-10T11:25:51.317-0800][75154949ms] GC(20218) User=0.00s Sys=0.00s Real=0.00s
[2023-11-10T11:25:51.902-0800][75155534ms] GC(20219) Pause Young (Normal) (G1 Evacuation Pause)
[2023-11-10T11:25:51.902-0800][75155534ms] GC(20219) Using 10 workers of 10 for evacuation
[2023-11-10T11:25:51.907-0800][75155539ms] GC(20219)   Pre Evacuate Collection Set: 0.1ms
[2023-11-10T11:25:51.908-0800][75155540ms] GC(20219)   Evacuate Collection Set: 1.9ms
[2023-11-10T11:25:51.908-0800][75155540ms] GC(20219)   Post Evacuate Collection Set: 3.6ms
[2023-11-10T11:25:51.908-0800][75155540ms] GC(20219)   Other: 0.3ms
[2023-11-10T11:25:51.908-0800][75155540ms] GC(20219) Eden regions: 223->0(223)
[2023-11-10T11:25:51.908-0800][75155540ms] GC(20219) Survivor regions: 1->1(28)
[2023-11-10T11:25:51.908-0800][75155540ms] GC(20219) Old regions: 1390->1390
[2023-11-10T11:25:51.908-0800][75155540ms] GC(20219) Humongous regions: 5->5
[2023-11-10T11:25:51.908-0800][75155540ms] GC(20219) Metaspace: 304631K->304631K(1347584K)
[2023-11-10T11:25:51.908-0800][75155540ms] GC(20219) Pause Young (Normal) (G1 Evacuation Pause) 3234M->2788M(3602M) 5.922ms
[2023-11-10T11:25:51.908-0800][75155540ms] GC(20219) User=0.00s Sys=0.00s Real=0.01s
[2023-11-10T11:25:52.453-0800][75156085ms] GC(20220) Pause Young (Normal) (G1 Evacuation Pause)
[2023-11-10T11:25:52.453-0800][75156085ms] GC(20220) Using 10 workers of 10 for evacuation
[2023-11-10T11:25:52.458-0800][75156090ms] GC(20220)   Pre Evacuate Collection Set: 0.1ms
[2023-11-10T11:25:52.458-0800][75156090ms] GC(20220)   Evacuate Collection Set: 1.8ms
[2023-11-10T11:25:52.458-0800][75156091ms] GC(20220)   Post Evacuate Collection Set: 3.1ms
[2023-11-10T11:25:52.459-0800][75156091ms] GC(20220)   Other: 0.3ms
[2023-11-10T11:25:52.459-0800][75156091ms] GC(20220) Eden regions: 223->0(223)
[2023-11-10T11:25:52.459-0800][75156091ms] GC(20220) Survivor regions: 1->1(28)
[2023-11-10T11:25:52.459-0800][75156091ms] GC(20220) Old regions: 1390->1390
[2023-11-10T11:25:52.459-0800][75156091ms] GC(20220) Humongous regions: 5->5
[2023-11-10T11:25:52.459-0800][75156091ms] GC(20220) Metaspace: 304631K->304631K(1347584K)
[2023-11-10T11:25:52.459-0800][75156091ms] GC(20220) Pause Young (Normal) (G1 Evacuation Pause) 3234M->2788M(3602M) 5.370ms
[2023-11-10T11:25:52.459-0800][75156091ms] GC(20220) User=0.00s Sys=0.00s Real=0.01s
[2023-11-10T11:25:52.979-0800][75156611ms] GC(20221) Pause Young (Normal) (G1 Evacuation Pause)
[2023-11-10T11:25:52.979-0800][75156611ms] GC(20221) Using 10 workers of 10 for evacuation
[2023-11-10T11:25:52.985-0800][75156617ms] GC(20221)   Pre Evacuate Collection Set: 0.1ms
[2023-11-10T11:25:52.985-0800][75156617ms] GC(20221)   Evacuate Collection Set: 1.8ms
[2023-11-10T11:25:52.985-0800][75156617ms] GC(20221)   Post Evacuate Collection Set: 4.2ms
[2023-11-10T11:25:52.985-0800][75156617ms] GC(20221)   Other: 0.4ms
[2023-11-10T11:25:52.985-0800][75156617ms] GC(20221) Eden regions: 223->0(223)
[2023-11-10T11:25:52.985-0800][75156617ms] GC(20221) Survivor regions: 1->1(28)
[2023-11-10T11:25:52.985-0800][75156617ms] GC(20221) Old regions: 1390->1390
[2023-11-10T11:25:52.985-0800][75156617ms] GC(20221) Humongous regions: 5->5
[2023-11-10T11:25:52.985-0800][75156617ms] GC(20221) Metaspace: 304631K->304631K(1347584K)
[2023-11-10T11:25:52.985-0800][75156617ms] GC(20221) Pause Young (Normal) (G1 Evacuation Pause) 3234M->2788M(3602M) 6.596ms
[2023-11-10T11:25:52.985-0800][75156617ms] GC(20221) User=0.00s Sys=0.00s Real=0.01s
[2023-11-10T11:25:53.519-0800][75157151ms] GC(20222) Pause Young (Normal) (G1 Evacuation Pause)
[2023-11-10T11:25:53.519-0800][75157151ms] GC(20222) Using 10 workers of 10 for evacuation
[2023-11-10T11:25:53.526-0800][75157158ms] GC(20222)   Pre Evacuate Collection Set: 0.1ms
[2023-11-10T11:25:53.527-0800][75157159ms] GC(20222)   Evacuate Collection Set: 2.4ms
[2023-11-10T11:25:53.527-0800][75157159ms] GC(20222)   Post Evacuate Collection Set: 4.7ms
[2023-11-10T11:25:53.527-0800][75157159ms] GC(20222)   Other: 0.3ms
[2023-11-10T11:25:53.527-0800][75157159ms] GC(20222) Eden regions: 223->0(223)
[2023-11-10T11:25:53.527-0800][75157159ms] GC(20222) Survivor regions: 1->1(28)
[2023-11-10T11:25:53.527-0800][75157159ms] GC(20222) Old regions: 1390->1390
[2023-11-10T11:25:53.527-0800][75157159ms] GC(20222) Humongous regions: 5->5
[2023-11-10T11:25:53.527-0800][75157159ms] GC(20222) Metaspace: 304631K->304631K(1347584K)
[2023-11-10T11:25:53.527-0800][75157159ms] GC(20222) Pause Young (Normal) (G1 Evacuation Pause) 3234M->2788M(3602M) 7.608ms
[2023-11-10T11:25:53.527-0800][75157159ms] GC(20222) User=0.02s Sys=0.00s Real=0.01s
[2023-11-10T11:25:54.056-0800][75157688ms] GC(20223) Pause Young (Normal) (G1 Evacuation Pause)
[2023-11-10T11:25:54.056-0800][75157688ms] GC(20223) Using 10 workers of 10 for evacuation
[2023-11-10T11:25:54.062-0800][75157694ms] GC(20223)   Pre Evacuate Collection Set: 0.1ms
[2023-11-10T11:25:54.062-0800][75157694ms] GC(20223)   Evacuate Collection Set: 2.2ms
[2023-11-10T11:25:54.062-0800][75157694ms] GC(20223)   Post Evacuate Collection Set: 3.5ms
[2023-11-10T11:25:54.062-0800][75157694ms] GC(20223)   Other: 0.5ms
[2023-11-10T11:25:54.062-0800][75157694ms] GC(20223) Eden regions: 223->0(223)
[2023-11-10T11:25:54.062-0800][75157694ms] GC(20223) Survivor regions: 1->1(28)
[2023-11-10T11:25:54.062-0800][75157694ms] GC(20223) Old regions: 1390->1390
[2023-11-10T11:25:54.062-0800][75157694ms] GC(20223) Humongous regions: 5->5
[2023-11-10T11:25:54.062-0800][75157694ms] GC(20223) Metaspace: 304631K->304631K(1347584K)
[2023-11-10T11:25:54.062-0800][75157694ms] GC(20223) Pause Young (Normal) (G1 Evacuation Pause) 3234M->2788M(3602M) 6.356ms
[2023-11-10T11:25:54.062-0800][75157694ms] GC(20223) User=0.00s Sys=0.00s Real=0.01s
[2023-11-10T11:25:54.633-0800][75158265ms] GC(20224) Pause Young (Normal) (G1 Evacuation Pause)
[2023-11-10T11:25:54.633-0800][75158265ms] GC(20224) Using 10 workers of 10 for evacuation
[2023-11-10T11:25:54.639-0800][75158271ms] GC(20224)   Pre Evacuate Collection Set: 0.0ms
[2023-11-10T11:25:54.639-0800][75158271ms] GC(20224)   Evacuate Collection Set: 1.8ms
[2023-11-10T11:25:54.639-0800][75158271ms] GC(20224)   Post Evacuate Collection Set: 4.3ms
[2023-11-10T11:25:54.639-0800][75158271ms] GC(20224)   Other: 0.3ms
[2023-11-10T11:25:54.639-0800][75158271ms] GC(20224) Eden regions: 223->0(223)
[2023-11-10T11:25:54.639-0800][75158271ms] GC(20224) Survivor regions: 1->1(28)
[2023-11-10T11:25:54.639-0800][75158271ms] GC(20224) Old regions: 1390->1390
[2023-11-10T11:25:54.639-0800][75158271ms] GC(20224) Humongous regions: 5->5
[2023-11-10T11:25:54.640-0800][75158272ms] GC(20224) Metaspace: 304631K->304631K(1347584K)
[2023-11-10T11:25:54.640-0800][75158272ms] GC(20224) Pause Young (Normal) (G1 Evacuation Pause) 3234M->2788M(3602M) 6.590ms
[2023-11-10T11:25:54.640-0800][75158272ms] GC(20224) User=0.00s Sys=0.00s Real=0.01s
[2023-11-10T11:25:55.194-0800][75158826ms] GC(20225) Pause Young (Normal) (G1 Evacuation Pause)
[2023-11-10T11:25:55.194-0800][75158826ms] GC(20225) Using 10 workers of 10 for evacuation
[2023-11-10T11:25:55.200-0800][75158832ms] GC(20225)   Pre Evacuate Collection Set: 0.1ms
[2023-11-10T11:25:55.200-0800][75158832ms] GC(20225)   Evacuate Collection Set: 1.7ms
[2023-11-10T11:25:55.200-0800][75158832ms] GC(20225)   Post Evacuate Collection Set: 4.1ms
[2023-11-10T11:25:55.200-0800][75158832ms] GC(20225)   Other: 0.3ms
[2023-11-10T11:25:55.200-0800][75158832ms] GC(20225) Eden regions: 223->0(223)
[2023-11-10T11:25:55.200-0800][75158832ms] GC(20225) Survivor regions: 1->1(28)
[2023-11-10T11:25:55.200-0800][75158832ms] GC(20225) Old regions: 1390->1390
[2023-11-10T11:25:55.200-0800][75158832ms] GC(20225) Humongous regions: 5->5
[2023-11-10T11:25:55.200-0800][75158832ms] GC(20225) Metaspace: 304631K->304631K(1347584K)
[2023-11-10T11:25:55.200-0800][75158832ms] GC(20225) Pause Young (Normal) (G1 Evacuation Pause) 3234M->2788M(3602M) 6.296ms
[2023-11-10T11:25:55.200-0800][75158832ms] GC(20225) User=0.08s Sys=0.02s Real=0.01s
[2023-11-10T11:25:55.739-0800][75159371ms] GC(20226) Pause Young (Normal) (G1 Evacuation Pause)
[2023-11-10T11:25:55.739-0800][75159371ms] GC(20226) Using 10 workers of 10 for evacuation
[2023-11-10T11:25:55.746-0800][75159378ms] GC(20226)   Pre Evacuate Collection Set: 0.1ms
[2023-11-10T11:25:55.746-0800][75159378ms] GC(20226)   Evacuate Collection Set: 2.2ms
[2023-11-10T11:25:55.746-0800][75159378ms] GC(20226)   Post Evacuate Collection Set: 3.9ms
[2023-11-10T11:25:55.746-0800][75159378ms] GC(20226)   Other: 0.3ms
[2023-11-10T11:25:55.746-0800][75159378ms] GC(20226) Eden regions: 223->0(223)
[2023-11-10T11:25:55.746-0800][75159378ms] GC(20226) Survivor regions: 1->1(28)
[2023-11-10T11:25:55.746-0800][75159378ms] GC(20226) Old regions: 1390->1390
[2023-11-10T11:25:55.746-0800][75159378ms] GC(20226) Humongous regions: 5->5
[2023-11-10T11:25:55.746-0800][75159378ms] GC(20226) Metaspace: 304631K->304631K(1347584K)
[2023-11-10T11:25:55.746-0800][75159378ms] GC(20226) Pause Young (Normal) (G1 Evacuation Pause) 3234M->2788M(3602M) 6.591ms
[2023-11-10T11:25:55.746-0800][75159378ms] GC(20226) User=0.06s Sys=0.00s Real=0.01s
[2023-11-10T11:25:56.328-0800][75159960ms] GC(20227) Pause Young (Normal) (G1 Evacuation Pause)
[2023-11-10T11:25:56.328-0800][75159960ms] GC(20227) Using 10 workers of 10 for evacuation
[2023-11-10T11:25:56.337-0800][75159969ms] GC(20227)   Pre Evacuate Collection Set: 0.1ms
[2023-11-10T11:25:56.337-0800][75159969ms] GC(20227)   Evacuate Collection Set: 2.5ms
[2023-11-10T11:25:56.337-0800][75159969ms] GC(20227)   Post Evacuate Collection Set: 5.3ms
[2023-11-10T11:25:56.337-0800][75159969ms] GC(20227)   Other: 0.4ms
[2023-11-10T11:25:56.337-0800][75159969ms] GC(20227) Eden regions: 223->0(223)
[2023-11-10T11:25:56.337-0800][75159969ms] GC(20227) Survivor regions: 1->1(28)
[2023-11-10T11:25:56.337-0800][75159969ms] GC(20227) Old regions: 1390->1390
[2023-11-10T11:25:56.337-0800][75159969ms] GC(20227) Humongous regions: 5->5
[2023-11-10T11:25:56.337-0800][75159969ms] GC(20227) Metaspace: 304631K->304631K(1347584K)
[2023-11-10T11:25:56.337-0800][75159969ms] GC(20227) Pause Young (Normal) (G1 Evacuation Pause) 3234M->2788M(3602M) 8.424ms
[2023-11-10T11:25:56.337-0800][75159969ms] GC(20227) User=0.00s Sys=0.00s Real=0.01s
[2023-11-10T11:25:56.877-0800][75160509ms] GC(20228) Pause Young (Normal) (G1 Evacuation Pause)
[2023-11-10T11:25:56.877-0800][75160509ms] GC(20228) Using 10 workers of 10 for evacuation
[2023-11-10T11:25:56.881-0800][75160513ms] GC(20228)   Pre Evacuate Collection Set: 0.0ms
[2023-11-10T11:25:56.881-0800][75160513ms] GC(20228)   Evacuate Collection Set: 1.6ms
[2023-11-10T11:25:56.881-0800][75160513ms] GC(20228)   Post Evacuate Collection Set: 3.1ms
[2023-11-10T11:25:56.881-0800][75160513ms] GC(20228)   Other: 0.3ms
[2023-11-10T11:25:56.881-0800][75160513ms] GC(20228) Eden regions: 223->0(223)
[2023-11-10T11:25:56.881-0800][75160513ms] GC(20228) Survivor regions: 1->1(28)
[2023-11-10T11:25:56.881-0800][75160513ms] GC(20228) Old regions: 1390->1390
[2023-11-10T11:25:56.881-0800][75160513ms] GC(20228) Humongous regions: 5->5
[2023-11-10T11:25:56.881-0800][75160513ms] GC(20228) Metaspace: 304631K->304631K(1347584K)
[2023-11-10T11:25:56.881-0800][75160513ms] GC(20228) Pause Young (Normal) (G1 Evacuation Pause) 3234M->2788M(3602M) 5.198ms
[2023-11-10T11:25:56.881-0800][75160513ms] GC(20228) User=0.00s Sys=0.00s Real=0.00s
[2023-11-10T11:25:57.413-0800][75161045ms] GC(20229) Pause Young (Normal) (G1 Evacuation Pause)
[2023-11-10T11:25:57.413-0800][75161045ms] GC(20229) Using 10 workers of 10 for evacuation
[2023-11-10T11:25:57.420-0800][75161052ms] GC(20229)   Pre Evacuate Collection Set: 0.0ms
[2023-11-10T11:25:57.420-0800][75161052ms] GC(20229)   Evacuate Collection Set: 2.2ms
[2023-11-10T11:25:57.420-0800][75161052ms] GC(20229)   Post Evacuate Collection Set: 3.7ms
[2023-11-10T11:25:57.420-0800][75161052ms] GC(20229)   Other: 0.3ms
[2023-11-10T11:25:57.420-0800][75161052ms] GC(20229) Eden regions: 223->0(223)
[2023-11-10T11:25:57.420-0800][75161052ms] GC(20229) Survivor regions: 1->1(28)
[2023-11-10T11:25:57.420-0800][75161052ms] GC(20229) Old regions: 1390->1390
[2023-11-10T11:25:57.420-0800][75161052ms] GC(20229) Humongous regions: 5->5
[2023-11-10T11:25:57.420-0800][75161052ms] GC(20229) Metaspace: 304631K->304631K(1347584K)
[2023-11-10T11:25:57.420-0800][75161052ms] GC(20229) Pause Young (Normal) (G1 Evacuation Pause) 3234M->2789M(3602M) 6.385ms
[2023-11-10T11:25:57.420-0800][75161052ms] GC(20229) User=0.00s Sys=0.00s Real=0.01s
[2023-11-10T11:25:57.955-0800][75161587ms] GC(20230) Pause Young (Normal) (G1 Evacuation Pause)
[2023-11-10T11:25:57.955-0800][75161587ms] GC(20230) Using 10 workers of 10 for evacuation
[2023-11-10T11:25:57.960-0800][75161592ms] GC(20230)   Pre Evacuate Collection Set: 0.0ms
[2023-11-10T11:25:57.960-0800][75161592ms] GC(20230)   Evacuate Collection Set: 1.8ms
[2023-11-10T11:25:57.960-0800][75161592ms] GC(20230)   Post Evacuate Collection Set: 3.0ms
[2023-11-10T11:25:57.960-0800][75161592ms] GC(20230)   Other: 0.3ms
[2023-11-10T11:25:57.960-0800][75161592ms] GC(20230) Eden regions: 223->0(223)
[2023-11-10T11:25:57.960-0800][75161592ms] GC(20230) Survivor regions: 1->1(28)
[2023-11-10T11:25:57.960-0800][75161592ms] GC(20230) Old regions: 1390->1390
[2023-11-10T11:25:57.960-0800][75161592ms] GC(20230) Humongous regions: 5->5
[2023-11-10T11:25:57.960-0800][75161592ms] GC(20230) Metaspace: 304631K->304631K(1347584K)
[2023-11-10T11:25:57.960-0800][75161592ms] GC(20230) Pause Young (Normal) (G1 Evacuation Pause) 3235M->2788M(3602M) 5.223ms
[2023-11-10T11:25:57.960-0800][75161592ms] GC(20230) User=0.00s Sys=0.00s Real=0.01s
[2023-11-10T11:25:58.482-0800][75162114ms] GC(20231) Pause Young (Normal) (G1 Evacuation Pause)
[2023-11-10T11:25:58.482-0800][75162114ms] GC(20231) Using 10 workers of 10 for evacuation
[2023-11-10T11:25:58.487-0800][75162119ms] GC(20231)   Pre Evacuate Collection Set: 0.1ms
[2023-11-10T11:25:58.487-0800][75162119ms] GC(20231)   Evacuate Collection Set: 1.8ms
[2023-11-10T11:25:58.487-0800][75162119ms] GC(20231)   Post Evacuate Collection Set: 3.0ms
[2023-11-10T11:25:58.487-0800][75162119ms] GC(20231)   Other: 0.5ms
[2023-11-10T11:25:58.487-0800][75162119ms] GC(20231) Eden regions: 223->0(223)
[2023-11-10T11:25:58.487-0800][75162119ms] GC(20231) Survivor regions: 1->1(28)
[2023-11-10T11:25:58.487-0800][75162119ms] GC(20231) Old regions: 1390->1390
[2023-11-10T11:25:58.487-0800][75162119ms] GC(20231) Humongous regions: 5->5
[2023-11-10T11:25:58.487-0800][75162119ms] GC(20231) Metaspace: 304631K->304631K(1347584K)
[2023-11-10T11:25:58.487-0800][75162119ms] GC(20231) Pause Young (Normal) (G1 Evacuation Pause) 3234M->2789M(3602M) 5.415ms
[2023-11-10T11:25:58.487-0800][75162119ms] GC(20231) User=0.00s Sys=0.00s Real=0.00s
[2023-11-10T11:25:58.987-0800][75162619ms] GC(20232) Pause Young (Normal) (G1 Evacuation Pause)
[2023-11-10T11:25:58.987-0800][75162619ms] GC(20232) Using 10 workers of 10 for evacuation
[2023-11-10T11:25:58.992-0800][75162624ms] GC(20232)   Pre Evacuate Collection Set: 0.0ms
[2023-11-10T11:25:58.992-0800][75162624ms] GC(20232)   Evacuate Collection Set: 2.0ms
[2023-11-10T11:25:58.992-0800][75162624ms] GC(20232)   Post Evacuate Collection Set: 3.1ms
[2023-11-10T11:25:58.992-0800][75162624ms] GC(20232)   Other: 0.3ms
[2023-11-10T11:25:58.992-0800][75162624ms] GC(20232) Eden regions: 223->0(223)
[2023-11-10T11:25:58.992-0800][75162624ms] GC(20232) Survivor regions: 1->1(28)
[2023-11-10T11:25:58.992-0800][75162624ms] GC(20232) Old regions: 1390->1390
[2023-11-10T11:25:58.992-0800][75162624ms] GC(20232) Humongous regions: 5->5
[2023-11-10T11:25:58.992-0800][75162624ms] GC(20232) Metaspace: 304631K->304631K(1347584K)
[2023-11-10T11:25:58.992-0800][75162624ms] GC(20232) Pause Young (Normal) (G1 Evacuation Pause) 3235M->2788M(3602M) 5.435ms
[2023-11-10T11:25:58.992-0800][75162624ms] GC(20232) User=0.02s Sys=0.00s Real=0.01s
[2023-11-10T11:25:59.580-0800][75163212ms] GC(20233) Pause Young (Normal) (G1 Evacuation Pause)
[2023-11-10T11:25:59.580-0800][75163212ms] GC(20233) Using 10 workers of 10 for evacuation
[2023-11-10T11:25:59.585-0800][75163217ms] GC(20233)   Pre Evacuate Collection Set: 0.0ms
[2023-11-10T11:25:59.585-0800][75163217ms] GC(20233)   Evacuate Collection Set: 1.6ms
[2023-11-10T11:25:59.585-0800][75163217ms] GC(20233)   Post Evacuate Collection Set: 3.0ms
[2023-11-10T11:25:59.585-0800][75163217ms] GC(20233)   Other: 0.2ms
[2023-11-10T11:25:59.585-0800][75163217ms] GC(20233) Eden regions: 223->0(223)
[2023-11-10T11:25:59.585-0800][75163217ms] GC(20233) Survivor regions: 1->1(28)
[2023-11-10T11:25:59.585-0800][75163217ms] GC(20233) Old regions: 1390->1390
[2023-11-10T11:25:59.585-0800][75163217ms] GC(20233) Humongous regions: 5->5
[2023-11-10T11:25:59.585-0800][75163217ms] GC(20233) Metaspace: 304631K->304631K(1347584K)
[2023-11-10T11:25:59.585-0800][75163217ms] GC(20233) Pause Young (Normal) (G1 Evacuation Pause) 3234M->2789M(3602M) 5.014ms
[2023-11-10T11:25:59.585-0800][75163217ms] GC(20233) User=0.00s Sys=0.00s Real=0.01s
[2023-11-10T11:26:00.147-0800][75163779ms] GC(20234) Pause Young (Normal) (G1 Evacuation Pause)
[2023-11-10T11:26:00.147-0800][75163779ms] GC(20234) Using 10 workers of 10 for evacuation
[2023-11-10T11:26:00.151-0800][75163783ms] GC(20234)   Pre Evacuate Collection Set: 0.0ms
[2023-11-10T11:26:00.152-0800][75163784ms] GC(20234)   Evacuate Collection Set: 1.6ms
[2023-11-10T11:26:00.152-0800][75163784ms] GC(20234)   Post Evacuate Collection Set: 3.0ms
[2023-11-10T11:26:00.152-0800][75163784ms] GC(20234)   Other: 0.3ms
[2023-11-10T11:26:00.152-0800][75163784ms] GC(20234) Eden regions: 223->0(223)
[2023-11-10T11:26:00.152-0800][75163784ms] GC(20234) Survivor regions: 1->1(28)
[2023-11-10T11:26:00.152-0800][75163784ms] GC(20234) Old regions: 1390->1390
[2023-11-10T11:26:00.152-0800][75163784ms] GC(20234) Humongous regions: 5->5
[2023-11-10T11:26:00.152-0800][75163784ms] GC(20234) Metaspace: 304631K->304631K(1347584K)
[2023-11-10T11:26:00.152-0800][75163784ms] GC(20234) Pause Young (Normal) (G1 Evacuation Pause) 3235M->2788M(3602M) 5.074ms
[2023-11-10T11:26:00.152-0800][75163784ms] GC(20234) User=0.09s Sys=0.00s Real=0.00s
[2023-11-10T11:26:00.661-0800][75164293ms] GC(20235) Pause Young (Normal) (G1 Evacuation Pause)
[2023-11-10T11:26:00.661-0800][75164293ms] GC(20235) Using 10 workers of 10 for evacuation
[2023-11-10T11:26:00.666-0800][75164298ms] GC(20235)   Pre Evacuate Collection Set: 0.1ms
[2023-11-10T11:26:00.666-0800][75164298ms] GC(20235)   Evacuate Collection Set: 2.4ms
[2023-11-10T11:26:00.666-0800][75164298ms] GC(20235)   Post Evacuate Collection Set: 3.8ms
[2023-11-10T11:26:00.666-0800][75164298ms] GC(20235)   Other: 0.3ms
[2023-11-10T11:26:00.666-0800][75164298ms] GC(20235) Eden regions: 223->0(223)
[2023-11-10T11:26:00.666-0800][75164298ms] GC(20235) Survivor regions: 1->1(28)
[2023-11-10T11:26:00.666-0800][75164298ms] GC(20235) Old regions: 1390->1390
[2023-11-10T11:26:00.666-0800][75164298ms] GC(20235) Humongous regions: 5->5
[2023-11-10T11:26:00.666-0800][75164298ms] GC(20235) Metaspace: 304631K->304631K(1347584K)
[2023-11-10T11:26:00.666-0800][75164298ms] GC(20235) Pause Young (Normal) (G1 Evacuation Pause) 3234M->2788M(3602M) 6.596ms
[2023-11-10T11:26:00.667-0800][75164299ms] GC(20235) User=0.03s Sys=0.00s Real=0.00s
[2023-11-10T11:26:01.188-0800][75164820ms] GC(20236) Pause Young (Normal) (G1 Evacuation Pause)
[2023-11-10T11:26:01.188-0800][75164820ms] GC(20236) Using 10 workers of 10 for evacuation
[2023-11-10T11:26:01.193-0800][75164825ms] GC(20236)   Pre Evacuate Collection Set: 0.0ms
[2023-11-10T11:26:01.193-0800][75164825ms] GC(20236)   Evacuate Collection Set: 1.7ms
[2023-11-10T11:26:01.193-0800][75164825ms] GC(20236)   Post Evacuate Collection Set: 3.2ms
[2023-11-10T11:26:01.193-0800][75164825ms] GC(20236)   Other: 0.3ms
[2023-11-10T11:26:01.193-0800][75164825ms] GC(20236) Eden regions: 223->0(223)
[2023-11-10T11:26:01.193-0800][75164825ms] GC(20236) Survivor regions: 1->1(28)
[2023-11-10T11:26:01.193-0800][75164825ms] GC(20236) Old regions: 1390->1390
[2023-11-10T11:26:01.193-0800][75164825ms] GC(20236) Humongous regions: 5->5
[2023-11-10T11:26:01.193-0800][75164825ms] GC(20236) Metaspace: 304631K->304631K(1347584K)
[2023-11-10T11:26:01.193-0800][75164825ms] GC(20236) Pause Young (Normal) (G1 Evacuation Pause) 3234M->2788M(3602M) 5.250ms
[2023-11-10T11:26:01.193-0800][75164825ms] GC(20236) User=0.00s Sys=0.00s Real=0.01s
[2023-11-10T11:26:01.782-0800][75165414ms] GC(20237) Pause Young (Normal) (G1 Evacuation Pause)
[2023-11-10T11:26:01.782-0800][75165414ms] GC(20237) Using 10 workers of 10 for evacuation
[2023-11-10T11:26:01.791-0800][75165423ms] GC(20237)   Pre Evacuate Collection Set: 0.1ms
[2023-11-10T11:26:01.791-0800][75165423ms] GC(20237)   Evacuate Collection Set: 1.8ms
[2023-11-10T11:26:01.791-0800][75165423ms] GC(20237)   Post Evacuate Collection Set: 4.6ms
[2023-11-10T11:26:01.791-0800][75165423ms] GC(20237)   Other: 0.4ms
[2023-11-10T11:26:01.791-0800][75165423ms] GC(20237) Eden regions: 223->0(223)
[2023-11-10T11:26:01.791-0800][75165423ms] GC(20237) Survivor regions: 1->1(28)
[2023-11-10T11:26:01.791-0800][75165423ms] GC(20237) Old regions: 1390->1390
[2023-11-10T11:26:01.791-0800][75165423ms] GC(20237) Humongous regions: 5->5
[2023-11-10T11:26:01.791-0800][75165423ms] GC(20237) Metaspace: 304631K->304631K(1347584K)
[2023-11-10T11:26:01.791-0800][75165423ms] GC(20237) Pause Young (Normal) (G1 Evacuation Pause) 3234M->2788M(3602M) 7.019ms
[2023-11-10T11:26:01.791-0800][75165423ms] GC(20237) User=0.02s Sys=0.00s Real=0.01s
[2023-11-10T11:26:02.328-0800][75165960ms] GC(20238) Pause Young (Normal) (G1 Evacuation Pause)
[2023-11-10T11:26:02.328-0800][75165960ms] GC(20238) Using 10 workers of 10 for evacuation
[2023-11-10T11:26:02.334-0800][75165966ms] GC(20238)   Pre Evacuate Collection Set: 0.0ms
[2023-11-10T11:26:02.334-0800][75165966ms] GC(20238)   Evacuate Collection Set: 1.7ms
[2023-11-10T11:26:02.334-0800][75165966ms] GC(20238)   Post Evacuate Collection Set: 3.1ms
[2023-11-10T11:26:02.334-0800][75165966ms] GC(20238)   Other: 0.3ms
[2023-11-10T11:26:02.334-0800][75165966ms] GC(20238) Eden regions: 223->0(223)
[2023-11-10T11:26:02.334-0800][75165966ms] GC(20238) Survivor regions: 1->1(28)
[2023-11-10T11:26:02.334-0800][75165966ms] GC(20238) Old regions: 1390->1390
[2023-11-10T11:26:02.334-0800][75165966ms] GC(20238) Humongous regions: 5->5
[2023-11-10T11:26:02.334-0800][75165966ms] GC(20238) Metaspace: 304631K->304631K(1347584K)
[2023-11-10T11:26:02.334-0800][75165966ms] GC(20238) Pause Young (Normal) (G1 Evacuation Pause) 3234M->2788M(3602M) 5.402ms
[2023-11-10T11:26:02.334-0800][75165966ms] GC(20238) User=0.00s Sys=0.00s Real=0.01s
[2023-11-10T11:26:02.854-0800][75166486ms] GC(20239) Pause Young (Normal) (G1 Evacuation Pause)
[2023-11-10T11:26:02.854-0800][75166486ms] GC(20239) Using 10 workers of 10 for evacuation
[2023-11-10T11:26:02.859-0800][75166491ms] GC(20239)   Pre Evacuate Collection Set: 0.0ms
[2023-11-10T11:26:02.859-0800][75166491ms] GC(20239)   Evacuate Collection Set: 1.8ms
[2023-11-10T11:26:02.859-0800][75166491ms] GC(20239)   Post Evacuate Collection Set: 3.1ms
[2023-11-10T11:26:02.859-0800][75166491ms] GC(20239)   Other: 0.3ms
[2023-11-10T11:26:02.859-0800][75166491ms] GC(20239) Eden regions: 223->0(223)
[2023-11-10T11:26:02.859-0800][75166491ms] GC(20239) Survivor regions: 1->1(28)
[2023-11-10T11:26:02.859-0800][75166491ms] GC(20239) Old regions: 1390->1390
[2023-11-10T11:26:02.859-0800][75166491ms] GC(20239) Humongous regions: 5->5
[2023-11-10T11:26:02.859-0800][75166491ms] GC(20239) Metaspace: 304631K->304631K(1347584K)
[2023-11-10T11:26:02.859-0800][75166491ms] GC(20239) Pause Young (Normal) (G1 Evacuation Pause) 3234M->2788M(3602M) 5.223ms
[2023-11-10T11:26:02.859-0800][75166491ms] GC(20239) User=0.00s Sys=0.00s Real=0.00s
[2023-11-10T11:26:03.422-0800][75167054ms] GC(20240) Pause Young (Normal) (G1 Evacuation Pause)
[2023-11-10T11:26:03.422-0800][75167054ms] GC(20240) Using 10 workers of 10 for evacuation
[2023-11-10T11:26:03.429-0800][75167061ms] GC(20240)   Pre Evacuate Collection Set: 0.1ms
[2023-11-10T11:26:03.429-0800][75167061ms] GC(20240)   Evacuate Collection Set: 2.2ms
[2023-11-10T11:26:03.429-0800][75167061ms] GC(20240)   Post Evacuate Collection Set: 4.3ms
[2023-11-10T11:26:03.429-0800][75167061ms] GC(20240)   Other: 0.4ms
[2023-11-10T11:26:03.429-0800][75167061ms] GC(20240) Eden regions: 223->0(223)
[2023-11-10T11:26:03.429-0800][75167061ms] GC(20240) Survivor regions: 1->1(28)
[2023-11-10T11:26:03.429-0800][75167061ms] GC(20240) Old regions: 1390->1390
[2023-11-10T11:26:03.429-0800][75167061ms] GC(20240) Humongous regions: 5->5
[2023-11-10T11:26:03.429-0800][75167061ms] GC(20240) Metaspace: 304631K->304631K(1347584K)
[2023-11-10T11:26:03.429-0800][75167061ms] GC(20240) Pause Young (Normal) (G1 Evacuation Pause) 3234M->2788M(3602M) 7.141ms
[2023-11-10T11:26:03.429-0800][75167061ms] GC(20240) User=0.00s Sys=0.00s Real=0.01s
[2023-11-10T11:26:03.985-0800][75167617ms] GC(20241) Pause Young (Normal) (G1 Evacuation Pause)
[2023-11-10T11:26:03.985-0800][75167617ms] GC(20241) Using 10 workers of 10 for evacuation
[2023-11-10T11:26:03.992-0800][75167624ms] GC(20241)   Pre Evacuate Collection Set: 0.0ms
[2023-11-10T11:26:03.992-0800][75167624ms] GC(20241)   Evacuate Collection Set: 1.7ms
[2023-11-10T11:26:03.992-0800][75167624ms] GC(20241)   Post Evacuate Collection Set: 4.0ms
[2023-11-10T11:26:03.992-0800][75167624ms] GC(20241)   Other: 0.3ms
[2023-11-10T11:26:03.992-0800][75167624ms] GC(20241) Eden regions: 223->0(223)
[2023-11-10T11:26:03.992-0800][75167624ms] GC(20241) Survivor regions: 1->1(28)
[2023-11-10T11:26:03.992-0800][75167624ms] GC(20241) Old regions: 1390->1390
[2023-11-10T11:26:03.992-0800][75167624ms] GC(20241) Humongous regions: 5->5
[2023-11-10T11:26:03.992-0800][75167624ms] GC(20241) Metaspace: 304631K->304631K(1347584K)
[2023-11-10T11:26:03.992-0800][75167624ms] GC(20241) Pause Young (Normal) (G1 Evacuation Pause) 3234M->2788M(3602M) 6.307ms
[2023-11-10T11:26:03.992-0800][75167624ms] GC(20241) User=0.00s Sys=0.00s Real=0.01s
[2023-11-10T11:26:04.518-0800][75168150ms] GC(20242) Pause Young (Normal) (G1 Evacuation Pause)
[2023-11-10T11:26:04.518-0800][75168150ms] GC(20242) Using 10 workers of 10 for evacuation
[2023-11-10T11:26:04.526-0800][75168158ms] GC(20242)   Pre Evacuate Collection Set: 0.1ms
[2023-11-10T11:26:04.526-0800][75168158ms] GC(20242)   Evacuate Collection Set: 2.5ms
[2023-11-10T11:26:04.526-0800][75168158ms] GC(20242)   Post Evacuate Collection Set: 4.5ms
[2023-11-10T11:26:04.526-0800][75168158ms] GC(20242)   Other: 0.3ms
[2023-11-10T11:26:04.526-0800][75168158ms] GC(20242) Eden regions: 223->0(223)
[2023-11-10T11:26:04.526-0800][75168158ms] GC(20242) Survivor regions: 1->1(28)
[2023-11-10T11:26:04.526-0800][75168158ms] GC(20242) Old regions: 1390->1390
[2023-11-10T11:26:04.526-0800][75168158ms] GC(20242) Humongous regions: 5->5
[2023-11-10T11:26:04.526-0800][75168158ms] GC(20242) Metaspace: 304631K->304631K(1347584K)
[2023-11-10T11:26:04.526-0800][75168158ms] GC(20242) Pause Young (Normal) (G1 Evacuation Pause) 3234M->2789M(3602M) 7.577ms
[2023-11-10T11:26:04.527-0800][75168159ms] GC(20242) User=0.00s Sys=0.00s Real=0.01s
[2023-11-10T11:26:05.100-0800][75168732ms] GC(20243) Pause Young (Normal) (G1 Evacuation Pause)
[2023-11-10T11:26:05.100-0800][75168732ms] GC(20243) Using 10 workers of 10 for evacuation
[2023-11-10T11:26:05.106-0800][75168738ms] GC(20243)   Pre Evacuate Collection Set: 0.0ms
[2023-11-10T11:26:05.106-0800][75168738ms] GC(20243)   Evacuate Collection Set: 1.6ms
[2023-11-10T11:26:05.106-0800][75168738ms] GC(20243)   Post Evacuate Collection Set: 3.9ms
[2023-11-10T11:26:05.106-0800][75168738ms] GC(20243)   Other: 0.3ms
[2023-11-10T11:26:05.106-0800][75168738ms] GC(20243) Eden regions: 223->0(223)
[2023-11-10T11:26:05.106-0800][75168738ms] GC(20243) Survivor regions: 1->1(28)
[2023-11-10T11:26:05.106-0800][75168738ms] GC(20243) Old regions: 1390->1390
[2023-11-10T11:26:05.106-0800][75168738ms] GC(20243) Humongous regions: 5->5
[2023-11-10T11:26:05.106-0800][75168738ms] GC(20243) Metaspace: 304631K->304631K(1347584K)
[2023-11-10T11:26:05.106-0800][75168738ms] GC(20243) Pause Young (Normal) (G1 Evacuation Pause) 3235M->2788M(3602M) 5.927ms
[2023-11-10T11:26:05.107-0800][75168739ms] GC(20243) User=0.00s Sys=0.00s Real=0.01s
[2023-11-10T11:26:05.632-0800][75169264ms] GC(20244) Pause Young (Normal) (G1 Evacuation Pause)
[2023-11-10T11:26:05.632-0800][75169264ms] GC(20244) Using 10 workers of 10 for evacuation
[2023-11-10T11:26:05.638-0800][75169270ms] GC(20244)   Pre Evacuate Collection Set: 0.0ms
[2023-11-10T11:26:05.638-0800][75169270ms] GC(20244)   Evacuate Collection Set: 2.7ms
[2023-11-10T11:26:05.638-0800][75169270ms] GC(20244)   Post Evacuate Collection Set: 3.4ms
[2023-11-10T11:26:05.638-0800][75169270ms] GC(20244)   Other: 0.3ms
[2023-11-10T11:26:05.638-0800][75169270ms] GC(20244) Eden regions: 223->0(223)
[2023-11-10T11:26:05.638-0800][75169270ms] GC(20244) Survivor regions: 1->1(28)
[2023-11-10T11:26:05.638-0800][75169270ms] GC(20244) Old regions: 1390->1390
[2023-11-10T11:26:05.638-0800][75169270ms] GC(20244) Humongous regions: 5->5
[2023-11-10T11:26:05.638-0800][75169270ms] GC(20244) Metaspace: 304631K->304631K(1347584K)
[2023-11-10T11:26:05.638-0800][75169270ms] GC(20244) Pause Young (Normal) (G1 Evacuation Pause) 3234M->2789M(3602M) 6.559ms
[2023-11-10T11:26:05.638-0800][75169270ms] GC(20244) User=0.09s Sys=0.00s Real=0.01s
[2023-11-10T11:26:06.173-0800][75169805ms] GC(20245) Pause Young (Normal) (G1 Evacuation Pause)
[2023-11-10T11:26:06.173-0800][75169805ms] GC(20245) Using 10 workers of 10 for evacuation
[2023-11-10T11:26:06.178-0800][75169810ms] GC(20245)   Pre Evacuate Collection Set: 0.1ms
[2023-11-10T11:26:06.178-0800][75169810ms] GC(20245)   Evacuate Collection Set: 1.8ms
[2023-11-10T11:26:06.178-0800][75169810ms] GC(20245)   Post Evacuate Collection Set: 3.6ms
[2023-11-10T11:26:06.178-0800][75169810ms] GC(20245)   Other: 0.3ms
[2023-11-10T11:26:06.178-0800][75169810ms] GC(20245) Eden regions: 223->0(223)
[2023-11-10T11:26:06.178-0800][75169810ms] GC(20245) Survivor regions: 1->1(28)
[2023-11-10T11:26:06.178-0800][75169810ms] GC(20245) Old regions: 1390->1390
[2023-11-10T11:26:06.178-0800][75169810ms] GC(20245) Humongous regions: 5->5
[2023-11-10T11:26:06.178-0800][75169810ms] GC(20245) Metaspace: 304631K->304631K(1347584K)
[2023-11-10T11:26:06.178-0800][75169811ms] GC(20245) Pause Young (Normal) (G1 Evacuation Pause) 3235M->2789M(3602M) 5.843ms
[2023-11-10T11:26:06.179-0800][75169811ms] GC(20245) User=0.00s Sys=0.00s Real=0.01s
[2023-11-10T11:26:06.677-0800][75170309ms] GC(20246) Pause Young (Normal) (G1 Evacuation Pause)
[2023-11-10T11:26:06.677-0800][75170309ms] GC(20246) Using 10 workers of 10 for evacuation
[2023-11-10T11:26:06.682-0800][75170314ms] GC(20246)   Pre Evacuate Collection Set: 0.1ms
[2023-11-10T11:26:06.682-0800][75170314ms] GC(20246)   Evacuate Collection Set: 2.5ms
[2023-11-10T11:26:06.682-0800][75170314ms] GC(20246)   Post Evacuate Collection Set: 3.3ms
[2023-11-10T11:26:06.682-0800][75170314ms] GC(20246)   Other: 0.3ms
[2023-11-10T11:26:06.682-0800][75170314ms] GC(20246) Eden regions: 223->0(223)
[2023-11-10T11:26:06.682-0800][75170314ms] GC(20246) Survivor regions: 1->1(28)
[2023-11-10T11:26:06.682-0800][75170314ms] GC(20246) Old regions: 1390->1390
[2023-11-10T11:26:06.682-0800][75170314ms] GC(20246) Humongous regions: 5->5
[2023-11-10T11:26:06.682-0800][75170314ms] GC(20246) Metaspace: 304631K->304631K(1347584K)
[2023-11-10T11:26:06.683-0800][75170315ms] GC(20246) Pause Young (Normal) (G1 Evacuation Pause) 3235M->2789M(3602M) 6.318ms
[2023-11-10T11:26:06.683-0800][75170315ms] GC(20246) User=0.02s Sys=0.00s Real=0.01s
[2023-11-10T11:26:07.256-0800][75170888ms] GC(20247) Pause Young (Normal) (G1 Evacuation Pause)
[2023-11-10T11:26:07.256-0800][75170888ms] GC(20247) Using 10 workers of 10 for evacuation
[2023-11-10T11:26:07.263-0800][75170895ms] GC(20247)   Pre Evacuate Collection Set: 0.1ms
[2023-11-10T11:26:07.263-0800][75170895ms] GC(20247)   Evacuate Collection Set: 2.2ms
[2023-11-10T11:26:07.263-0800][75170895ms] GC(20247)   Post Evacuate Collection Set: 4.5ms
[2023-11-10T11:26:07.263-0800][75170895ms] GC(20247)   Other: 0.3ms
[2023-11-10T11:26:07.263-0800][75170895ms] GC(20247) Eden regions: 223->0(223)
[2023-11-10T11:26:07.263-0800][75170895ms] GC(20247) Survivor regions: 1->1(28)
[2023-11-10T11:26:07.263-0800][75170895ms] GC(20247) Old regions: 1390->1390
[2023-11-10T11:26:07.263-0800][75170895ms] GC(20247) Humongous regions: 5->5
[2023-11-10T11:26:07.263-0800][75170895ms] GC(20247) Metaspace: 304631K->304631K(1347584K)
[2023-11-10T11:26:07.263-0800][75170895ms] GC(20247) Pause Young (Normal) (G1 Evacuation Pause) 3235M->2789M(3602M) 7.161ms
[2023-11-10T11:26:07.263-0800][75170895ms] GC(20247) User=0.03s Sys=0.00s Real=0.01s
[2023-11-10T11:26:07.802-0800][75171434ms] GC(20248) Pause Young (Normal) (G1 Evacuation Pause)
[2023-11-10T11:26:07.802-0800][75171434ms] GC(20248) Using 10 workers of 10 for evacuation
[2023-11-10T11:26:07.809-0800][75171441ms] GC(20248)   Pre Evacuate Collection Set: 0.1ms
[2023-11-10T11:26:07.809-0800][75171441ms] GC(20248)   Evacuate Collection Set: 1.7ms
[2023-11-10T11:26:07.809-0800][75171441ms] GC(20248)   Post Evacuate Collection Set: 5.2ms
[2023-11-10T11:26:07.809-0800][75171441ms] GC(20248)   Other: 0.4ms
[2023-11-10T11:26:07.809-0800][75171441ms] GC(20248) Eden regions: 223->0(223)
[2023-11-10T11:26:07.809-0800][75171441ms] GC(20248) Survivor regions: 1->1(28)
[2023-11-10T11:26:07.809-0800][75171441ms] GC(20248) Old regions: 1390->1390
[2023-11-10T11:26:07.809-0800][75171441ms] GC(20248) Humongous regions: 5->5
[2023-11-10T11:26:07.809-0800][75171441ms] GC(20248) Metaspace: 304631K->304631K(1347584K)
[2023-11-10T11:26:07.809-0800][75171441ms] GC(20248) Pause Young (Normal) (G1 Evacuation Pause) 3235M->2789M(3602M) 7.496ms
[2023-11-10T11:26:07.809-0800][75171441ms] GC(20248) User=0.02s Sys=0.00s Real=0.01s
[2023-11-10T11:26:08.355-0800][75171987ms] GC(20249) Pause Young (Normal) (G1 Evacuation Pause)
[2023-11-10T11:26:08.355-0800][75171987ms] GC(20249) Using 10 workers of 10 for evacuation
[2023-11-10T11:26:08.361-0800][75171993ms] GC(20249)   Pre Evacuate Collection Set: 0.1ms
[2023-11-10T11:26:08.362-0800][75171994ms] GC(20249)   Evacuate Collection Set: 1.9ms
[2023-11-10T11:26:08.362-0800][75171994ms] GC(20249)   Post Evacuate Collection Set: 4.2ms
[2023-11-10T11:26:08.362-0800][75171994ms] GC(20249)   Other: 0.4ms
[2023-11-10T11:26:08.362-0800][75171994ms] GC(20249) Eden regions: 223->0(223)
[2023-11-10T11:26:08.362-0800][75171994ms] GC(20249) Survivor regions: 1->1(28)
[2023-11-10T11:26:08.362-0800][75171994ms] GC(20249) Old regions: 1390->1390
[2023-11-10T11:26:08.362-0800][75171994ms] GC(20249) Humongous regions: 5->5
[2023-11-10T11:26:08.362-0800][75171994ms] GC(20249) Metaspace: 304631K->304631K(1347584K)
[2023-11-10T11:26:08.362-0800][75171994ms] GC(20249) Pause Young (Normal) (G1 Evacuation Pause) 3235M->2789M(3602M) 6.619ms
[2023-11-10T11:26:08.362-0800][75171994ms] GC(20249) User=0.02s Sys=0.00s Real=0.01s
[2023-11-10T11:26:08.977-0800][75172609ms] GC(20250) Pause Young (Normal) (G1 Evacuation Pause)
[2023-11-10T11:26:08.977-0800][75172609ms] GC(20250) Using 10 workers of 10 for evacuation
[2023-11-10T11:26:08.982-0800][75172614ms] GC(20250)   Pre Evacuate Collection Set: 0.0ms
[2023-11-10T11:26:08.982-0800][75172614ms] GC(20250)   Evacuate Collection Set: 1.8ms
[2023-11-10T11:26:08.982-0800][75172614ms] GC(20250)   Post Evacuate Collection Set: 3.4ms
[2023-11-10T11:26:08.982-0800][75172614ms] GC(20250)   Other: 0.3ms
[2023-11-10T11:26:08.982-0800][75172614ms] GC(20250) Eden regions: 223->0(223)
[2023-11-10T11:26:08.982-0800][75172614ms] GC(20250) Survivor regions: 1->1(28)
[2023-11-10T11:26:08.982-0800][75172614ms] GC(20250) Old regions: 1390->1390
[2023-11-10T11:26:08.982-0800][75172614ms] GC(20250) Humongous regions: 5->5
[2023-11-10T11:26:08.982-0800][75172614ms] GC(20250) Metaspace: 304631K->304631K(1347584K)
[2023-11-10T11:26:08.982-0800][75172614ms] GC(20250) Pause Young (Normal) (G1 Evacuation Pause) 3235M->2789M(3602M) 5.550ms
[2023-11-10T11:26:08.984-0800][75172616ms] GC(20250) User=0.00s Sys=0.00s Real=0.01s
[2023-11-10T11:26:09.512-0800][75173144ms] GC(20251) Pause Young (Normal) (G1 Evacuation Pause)
[2023-11-10T11:26:09.512-0800][75173144ms] GC(20251) Using 10 workers of 10 for evacuation
[2023-11-10T11:26:09.517-0800][75173149ms] GC(20251)   Pre Evacuate Collection Set: 0.0ms
[2023-11-10T11:26:09.517-0800][75173149ms] GC(20251)   Evacuate Collection Set: 2.2ms
[2023-11-10T11:26:09.518-0800][75173150ms] GC(20251)   Post Evacuate Collection Set: 3.2ms
[2023-11-10T11:26:09.518-0800][75173150ms] GC(20251)   Other: 0.3ms
[2023-11-10T11:26:09.518-0800][75173150ms] GC(20251) Eden regions: 223->0(223)
[2023-11-10T11:26:09.518-0800][75173150ms] GC(20251) Survivor regions: 1->1(28)
[2023-11-10T11:26:09.518-0800][75173150ms] GC(20251) Old regions: 1390->1390
[2023-11-10T11:26:09.518-0800][75173150ms] GC(20251) Humongous regions: 5->5
[2023-11-10T11:26:09.518-0800][75173150ms] GC(20251) Metaspace: 304631K->304631K(1347584K)
[2023-11-10T11:26:09.518-0800][75173150ms] GC(20251) Pause Young (Normal) (G1 Evacuation Pause) 3235M->2789M(3602M) 5.876ms
[2023-11-10T11:26:09.518-0800][75173150ms] GC(20251) User=0.00s Sys=0.00s Real=0.01s
[2023-11-10T11:26:10.009-0800][75173641ms] GC(20252) Pause Young (Normal) (G1 Evacuation Pause)
[2023-11-10T11:26:10.009-0800][75173641ms] GC(20252) Using 10 workers of 10 for evacuation
[2023-11-10T11:26:10.014-0800][75173646ms] GC(20252)   Pre Evacuate Collection Set: 0.0ms
[2023-11-10T11:26:10.014-0800][75173646ms] GC(20252)   Evacuate Collection Set: 1.7ms
[2023-11-10T11:26:10.014-0800][75173646ms] GC(20252)   Post Evacuate Collection Set: 3.1ms
[2023-11-10T11:26:10.014-0800][75173646ms] GC(20252)   Other: 0.3ms
[2023-11-10T11:26:10.014-0800][75173646ms] GC(20252) Eden regions: 223->0(223)
[2023-11-10T11:26:10.014-0800][75173646ms] GC(20252) Survivor regions: 1->1(28)
[2023-11-10T11:26:10.014-0800][75173646ms] GC(20252) Old regions: 1390->1390
[2023-11-10T11:26:10.014-0800][75173646ms] GC(20252) Humongous regions: 5->5
[2023-11-10T11:26:10.014-0800][75173646ms] GC(20252) Metaspace: 304631K->304631K(1347584K)
[2023-11-10T11:26:10.014-0800][75173646ms] GC(20252) Pause Young (Normal) (G1 Evacuation Pause) 3235M->2789M(3602M) 5.256ms
[2023-11-10T11:26:10.014-0800][75173646ms] GC(20252) User=0.00s Sys=0.00s Real=0.00s
[2023-11-10T11:26:10.568-0800][75174200ms] GC(20253) Pause Young (Normal) (G1 Evacuation Pause)
[2023-11-10T11:26:10.568-0800][75174200ms] GC(20253) Using 10 workers of 10 for evacuation
[2023-11-10T11:26:10.574-0800][75174206ms] GC(20253)   Pre Evacuate Collection Set: 0.0ms
[2023-11-10T11:26:10.574-0800][75174206ms] GC(20253)   Evacuate Collection Set: 1.6ms
[2023-11-10T11:26:10.574-0800][75174206ms] GC(20253)   Post Evacuate Collection Set: 3.9ms
[2023-11-10T11:26:10.574-0800][75174206ms] GC(20253)   Other: 0.3ms
[2023-11-10T11:26:10.574-0800][75174206ms] GC(20253) Eden regions: 223->0(223)
[2023-11-10T11:26:10.574-0800][75174206ms] GC(20253) Survivor regions: 1->1(28)
[2023-11-10T11:26:10.574-0800][75174206ms] GC(20253) Old regions: 1390->1390
[2023-11-10T11:26:10.574-0800][75174206ms] GC(20253) Humongous regions: 5->5
[2023-11-10T11:26:10.574-0800][75174206ms] GC(20253) Metaspace: 304631K->304631K(1347584K)
[2023-11-10T11:26:10.574-0800][75174206ms] GC(20253) Pause Young (Normal) (G1 Evacuation Pause) 3235M->2789M(3602M) 6.057ms
[2023-11-10T11:26:10.574-0800][75174206ms] GC(20253) User=0.02s Sys=0.00s Real=0.01s
[2023-11-10T11:26:11.104-0800][75174736ms] GC(20254) Pause Young (Normal) (G1 Evacuation Pause)
[2023-11-10T11:26:11.104-0800][75174736ms] GC(20254) Using 10 workers of 10 for evacuation
[2023-11-10T11:26:11.112-0800][75174744ms] GC(20254)   Pre Evacuate Collection Set: 0.1ms
[2023-11-10T11:26:11.112-0800][75174744ms] GC(20254)   Evacuate Collection Set: 2.3ms
[2023-11-10T11:26:11.112-0800][75174744ms] GC(20254)   Post Evacuate Collection Set: 5.2ms
[2023-11-10T11:26:11.112-0800][75174744ms] GC(20254)   Other: 0.3ms
[2023-11-10T11:26:11.112-0800][75174744ms] GC(20254) Eden regions: 223->0(223)
[2023-11-10T11:26:11.112-0800][75174744ms] GC(20254) Survivor regions: 1->1(28)
[2023-11-10T11:26:11.112-0800][75174744ms] GC(20254) Old regions: 1390->1390
[2023-11-10T11:26:11.112-0800][75174744ms] GC(20254) Humongous regions: 5->5
[2023-11-10T11:26:11.112-0800][75174744ms] GC(20254) Metaspace: 304631K->304631K(1347584K)
[2023-11-10T11:26:11.112-0800][75174744ms] GC(20254) Pause Young (Normal) (G1 Evacuation Pause) 3235M->2789M(3602M) 7.979ms
[2023-11-10T11:26:11.112-0800][75174744ms] GC(20254) User=0.00s Sys=0.00s Real=0.01s
[2023-11-10T11:26:11.689-0800][75175321ms] GC(20255) Pause Young (Normal) (G1 Evacuation Pause)
[2023-11-10T11:26:11.689-0800][75175321ms] GC(20255) Using 10 workers of 10 for evacuation
[2023-11-10T11:26:11.694-0800][75175326ms] GC(20255)   Pre Evacuate Collection Set: 0.0ms
[2023-11-10T11:26:11.694-0800][75175326ms] GC(20255)   Evacuate Collection Set: 1.7ms
[2023-11-10T11:26:11.694-0800][75175326ms] GC(20255)   Post Evacuate Collection Set: 3.2ms
[2023-11-10T11:26:11.694-0800][75175326ms] GC(20255)   Other: 0.3ms
[2023-11-10T11:26:11.694-0800][75175326ms] GC(20255) Eden regions: 223->0(223)
[2023-11-10T11:26:11.694-0800][75175326ms] GC(20255) Survivor regions: 1->1(28)
[2023-11-10T11:26:11.694-0800][75175326ms] GC(20255) Old regions: 1390->1390
[2023-11-10T11:26:11.694-0800][75175326ms] GC(20255) Humongous regions: 5->5
[2023-11-10T11:26:11.694-0800][75175326ms] GC(20255) Metaspace: 304631K->304631K(1347584K)
[2023-11-10T11:26:11.694-0800][75175326ms] GC(20255) Pause Young (Normal) (G1 Evacuation Pause) 3235M->2789M(3602M) 5.356ms
[2023-11-10T11:26:11.694-0800][75175326ms] GC(20255) User=0.00s Sys=0.00s Real=0.01s
[2023-11-10T11:26:12.250-0800][75175882ms] GC(20256) Pause Young (Normal) (G1 Evacuation Pause)
[2023-11-10T11:26:12.250-0800][75175882ms] GC(20256) Using 10 workers of 10 for evacuation
[2023-11-10T11:26:12.255-0800][75175887ms] GC(20256)   Pre Evacuate Collection Set: 0.0ms
[2023-11-10T11:26:12.255-0800][75175887ms] GC(20256)   Evacuate Collection Set: 1.7ms
[2023-11-10T11:26:12.255-0800][75175887ms] GC(20256)   Post Evacuate Collection Set: 3.0ms
[2023-11-10T11:26:12.255-0800][75175887ms] GC(20256)   Other: 0.3ms
[2023-11-10T11:26:12.255-0800][75175887ms] GC(20256) Eden regions: 223->0(223)
[2023-11-10T11:26:12.255-0800][75175887ms] GC(20256) Survivor regions: 1->1(28)
[2023-11-10T11:26:12.255-0800][75175887ms] GC(20256) Old regions: 1390->1390
[2023-11-10T11:26:12.255-0800][75175887ms] GC(20256) Humongous regions: 5->5
[2023-11-10T11:26:12.255-0800][75175887ms] GC(20256) Metaspace: 304631K->304631K(1347584K)
[2023-11-10T11:26:12.255-0800][75175887ms] GC(20256) Pause Young (Normal) (G1 Evacuation Pause) 3235M->2789M(3602M) 5.077ms
[2023-11-10T11:26:12.255-0800][75175887ms] GC(20256) User=0.00s Sys=0.00s Real=0.01s
[2023-11-10T11:26:12.791-0800][75176423ms] GC(20257) Pause Young (Normal) (G1 Evacuation Pause)
[2023-11-10T11:26:12.791-0800][75176423ms] GC(20257) Using 10 workers of 10 for evacuation
[2023-11-10T11:26:12.797-0800][75176429ms] GC(20257)   Pre Evacuate Collection Set: 0.0ms
[2023-11-10T11:26:12.797-0800][75176429ms] GC(20257)   Evacuate Collection Set: 2.2ms
[2023-11-10T11:26:12.797-0800][75176429ms] GC(20257)   Post Evacuate Collection Set: 3.5ms
[2023-11-10T11:26:12.797-0800][75176429ms] GC(20257)   Other: 0.3ms
[2023-11-10T11:26:12.797-0800][75176429ms] GC(20257) Eden regions: 223->0(222)
[2023-11-10T11:26:12.797-0800][75176429ms] GC(20257) Survivor regions: 1->1(28)
[2023-11-10T11:26:12.797-0800][75176429ms] GC(20257) Old regions: 1390->1390
[2023-11-10T11:26:12.797-0800][75176429ms] GC(20257) Humongous regions: 5->5
[2023-11-10T11:26:12.797-0800][75176429ms] GC(20257) Metaspace: 304631K->304631K(1347584K)
[2023-11-10T11:26:12.797-0800][75176429ms] GC(20257) Pause Young (Normal) (G1 Evacuation Pause) 3235M->2789M(3602M) 6.087ms
[2023-11-10T11:26:12.797-0800][75176429ms] GC(20257) User=0.00s Sys=0.00s Real=0.01s
[2023-11-10T11:26:13.367-0800][75176999ms] GC(20258) Pause Young (Normal) (G1 Evacuation Pause)
[2023-11-10T11:26:13.367-0800][75176999ms] GC(20258) Using 10 workers of 10 for evacuation
[2023-11-10T11:26:13.374-0800][75177006ms] GC(20258)   Pre Evacuate Collection Set: 0.1ms
[2023-11-10T11:26:13.374-0800][75177006ms] GC(20258)   Evacuate Collection Set: 2.4ms
[2023-11-10T11:26:13.374-0800][75177006ms] GC(20258)   Post Evacuate Collection Set: 3.9ms
[2023-11-10T11:26:13.374-0800][75177006ms] GC(20258)   Other: 0.4ms
[2023-11-10T11:26:13.374-0800][75177006ms] GC(20258) Eden regions: 222->0(222)
[2023-11-10T11:26:13.374-0800][75177006ms] GC(20258) Survivor regions: 1->1(28)
[2023-11-10T11:26:13.374-0800][75177006ms] GC(20258) Old regions: 1390->1390
[2023-11-10T11:26:13.374-0800][75177006ms] GC(20258) Humongous regions: 5->5
[2023-11-10T11:26:13.374-0800][75177006ms] GC(20258) Metaspace: 304631K->304631K(1347584K)
[2023-11-10T11:26:13.374-0800][75177006ms] GC(20258) Pause Young (Normal) (G1 Evacuation Pause) 3233M->2789M(3602M) 6.962ms
[2023-11-10T11:26:13.374-0800][75177006ms] GC(20258) User=0.00s Sys=0.00s Real=0.01s
[2023-11-10T11:26:13.970-0800][75177602ms] GC(20259) Pause Young (Normal) (G1 Evacuation Pause)
[2023-11-10T11:26:13.970-0800][75177602ms] GC(20259) Using 10 workers of 10 for evacuation
[2023-11-10T11:26:13.975-0800][75177607ms] GC(20259)   Pre Evacuate Collection Set: 0.1ms
[2023-11-10T11:26:13.975-0800][75177607ms] GC(20259)   Evacuate Collection Set: 1.7ms
[2023-11-10T11:26:13.975-0800][75177607ms] GC(20259)   Post Evacuate Collection Set: 3.4ms
[2023-11-10T11:26:13.975-0800][75177607ms] GC(20259)   Other: 0.3ms
[2023-11-10T11:26:13.975-0800][75177607ms] GC(20259) Eden regions: 222->0(222)
[2023-11-10T11:26:13.975-0800][75177607ms] GC(20259) Survivor regions: 1->1(28)
[2023-11-10T11:26:13.976-0800][75177608ms] GC(20259) Old regions: 1390->1390
[2023-11-10T11:26:13.976-0800][75177608ms] GC(20259) Humongous regions: 5->5
[2023-11-10T11:26:13.976-0800][75177608ms] GC(20259) Metaspace: 304631K->304631K(1347584K)
[2023-11-10T11:26:13.976-0800][75177608ms] GC(20259) Pause Young (Normal) (G1 Evacuation Pause) 3233M->2789M(3602M) 5.541ms
[2023-11-10T11:26:13.976-0800][75177608ms] GC(20259) User=0.00s Sys=0.00s Real=0.01s
[2023-11-10T11:26:14.539-0800][75178171ms] GC(20260) Pause Young (Normal) (G1 Evacuation Pause)
[2023-11-10T11:26:14.539-0800][75178171ms] GC(20260) Using 10 workers of 10 for evacuation
[2023-11-10T11:26:14.544-0800][75178176ms] GC(20260)   Pre Evacuate Collection Set: 0.0ms
[2023-11-10T11:26:14.544-0800][75178176ms] GC(20260)   Evacuate Collection Set: 1.7ms
[2023-11-10T11:26:14.544-0800][75178176ms] GC(20260)   Post Evacuate Collection Set: 3.0ms
[2023-11-10T11:26:14.544-0800][75178176ms] GC(20260)   Other: 0.3ms
[2023-11-10T11:26:14.544-0800][75178176ms] GC(20260) Eden regions: 222->0(222)
[2023-11-10T11:26:14.544-0800][75178176ms] GC(20260) Survivor regions: 1->1(28)
[2023-11-10T11:26:14.544-0800][75178176ms] GC(20260) Old regions: 1390->1390
[2023-11-10T11:26:14.544-0800][75178176ms] GC(20260) Humongous regions: 5->5
[2023-11-10T11:26:14.544-0800][75178176ms] GC(20260) Metaspace: 304631K->304631K(1347584K)
[2023-11-10T11:26:14.544-0800][75178176ms] GC(20260) Pause Young (Normal) (G1 Evacuation Pause) 3233M->2789M(3602M) 5.064ms
[2023-11-10T11:26:14.544-0800][75178176ms] GC(20260) User=0.00s Sys=0.00s Real=0.00s
[2023-11-10T11:26:15.090-0800][75178722ms] GC(20261) Pause Young (Normal) (G1 Evacuation Pause)
[2023-11-10T11:26:15.090-0800][75178722ms] GC(20261) Using 10 workers of 10 for evacuation
[2023-11-10T11:26:15.095-0800][75178727ms] GC(20261)   Pre Evacuate Collection Set: 0.1ms
[2023-11-10T11:26:15.095-0800][75178727ms] GC(20261)   Evacuate Collection Set: 1.8ms
[2023-11-10T11:26:15.095-0800][75178727ms] GC(20261)   Post Evacuate Collection Set: 3.5ms
[2023-11-10T11:26:15.095-0800][75178727ms] GC(20261)   Other: 0.3ms
[2023-11-10T11:26:15.095-0800][75178727ms] GC(20261) Eden regions: 222->0(222)
[2023-11-10T11:26:15.095-0800][75178727ms] GC(20261) Survivor regions: 1->1(28)
[2023-11-10T11:26:15.095-0800][75178727ms] GC(20261) Old regions: 1390->1390
[2023-11-10T11:26:15.095-0800][75178727ms] GC(20261) Humongous regions: 5->5
[2023-11-10T11:26:15.095-0800][75178727ms] GC(20261) Metaspace: 304631K->304631K(1347584K)
[2023-11-10T11:26:15.095-0800][75178727ms] GC(20261) Pause Young (Normal) (G1 Evacuation Pause) 3233M->2789M(3602M) 5.800ms
[2023-11-10T11:26:15.095-0800][75178727ms] GC(20261) User=0.00s Sys=0.00s Real=0.01s
[2023-11-10T11:26:15.695-0800][75179327ms] GC(20262) Pause Young (Normal) (G1 Evacuation Pause)
[2023-11-10T11:26:15.695-0800][75179327ms] GC(20262) Using 10 workers of 10 for evacuation
[2023-11-10T11:26:15.702-0800][75179334ms] GC(20262)   Pre Evacuate Collection Set: 0.1ms
[2023-11-10T11:26:15.702-0800][75179334ms] GC(20262)   Evacuate Collection Set: 2.7ms
[2023-11-10T11:26:15.702-0800][75179334ms] GC(20262)   Post Evacuate Collection Set: 3.8ms
[2023-11-10T11:26:15.702-0800][75179334ms] GC(20262)   Other: 0.3ms
[2023-11-10T11:26:15.702-0800][75179334ms] GC(20262) Eden regions: 222->0(222)
[2023-11-10T11:26:15.702-0800][75179334ms] GC(20262) Survivor regions: 1->1(28)
[2023-11-10T11:26:15.702-0800][75179334ms] GC(20262) Old regions: 1390->1390
[2023-11-10T11:26:15.702-0800][75179334ms] GC(20262) Humongous regions: 5->5
[2023-11-10T11:26:15.702-0800][75179334ms] GC(20262) Metaspace: 304631K->304631K(1347584K)
[2023-11-10T11:26:15.702-0800][75179334ms] GC(20262) Pause Young (Normal) (G1 Evacuation Pause) 3233M->2789M(3602M) 7.101ms
[2023-11-10T11:26:15.702-0800][75179334ms] GC(20262) User=0.00s Sys=0.00s Real=0.01s
[2023-11-10T11:26:16.235-0800][75179867ms] GC(20263) Pause Young (Normal) (G1 Evacuation Pause)
[2023-11-10T11:26:16.235-0800][75179867ms] GC(20263) Using 10 workers of 10 for evacuation
[2023-11-10T11:26:16.241-0800][75179873ms] GC(20263)   Pre Evacuate Collection Set: 0.1ms
[2023-11-10T11:26:16.241-0800][75179873ms] GC(20263)   Evacuate Collection Set: 2.0ms
[2023-11-10T11:26:16.241-0800][75179873ms] GC(20263)   Post Evacuate Collection Set: 4.6ms
[2023-11-10T11:26:16.241-0800][75179873ms] GC(20263)   Other: 0.3ms
[2023-11-10T11:26:16.241-0800][75179873ms] GC(20263) Eden regions: 222->0(222)
[2023-11-10T11:26:16.241-0800][75179873ms] GC(20263) Survivor regions: 1->1(28)
[2023-11-10T11:26:16.242-0800][75179874ms] GC(20263) Old regions: 1390->1390
[2023-11-10T11:26:16.242-0800][75179874ms] GC(20263) Humongous regions: 5->5
[2023-11-10T11:26:16.242-0800][75179874ms] GC(20263) Metaspace: 304631K->304631K(1347584K)
[2023-11-10T11:26:16.242-0800][75179874ms] GC(20263) Pause Young (Normal) (G1 Evacuation Pause) 3233M->2789M(3602M) 7.127ms
[2023-11-10T11:26:16.242-0800][75179874ms] GC(20263) User=0.00s Sys=0.00s Real=0.01s
[2023-11-10T11:26:16.752-0800][75180384ms] GC(20264) Pause Young (Normal) (G1 Evacuation Pause)
[2023-11-10T11:26:16.752-0800][75180384ms] GC(20264) Using 10 workers of 10 for evacuation
[2023-11-10T11:26:16.759-0800][75180391ms] GC(20264)   Pre Evacuate Collection Set: 0.1ms
[2023-11-10T11:26:16.759-0800][75180391ms] GC(20264)   Evacuate Collection Set: 2.2ms
[2023-11-10T11:26:16.759-0800][75180391ms] GC(20264)   Post Evacuate Collection Set: 3.8ms
[2023-11-10T11:26:16.759-0800][75180391ms] GC(20264)   Other: 0.3ms
[2023-11-10T11:26:16.759-0800][75180391ms] GC(20264) Eden regions: 222->0(222)
[2023-11-10T11:26:16.759-0800][75180391ms] GC(20264) Survivor regions: 1->1(28)
[2023-11-10T11:26:16.759-0800][75180391ms] GC(20264) Old regions: 1390->1390
[2023-11-10T11:26:16.759-0800][75180391ms] GC(20264) Humongous regions: 5->5
[2023-11-10T11:26:16.759-0800][75180391ms] GC(20264) Metaspace: 304631K->304631K(1347584K)
[2023-11-10T11:26:16.759-0800][75180391ms] GC(20264) Pause Young (Normal) (G1 Evacuation Pause) 3233M->2789M(3602M) 6.556ms
[2023-11-10T11:26:16.759-0800][75180391ms] GC(20264) User=0.00s Sys=0.00s Real=0.01s
[2023-11-10T11:26:17.334-0800][75180966ms] GC(20265) Pause Young (Normal) (G1 Evacuation Pause)
[2023-11-10T11:26:17.334-0800][75180966ms] GC(20265) Using 10 workers of 10 for evacuation
[2023-11-10T11:26:17.340-0800][75180972ms] GC(20265)   Pre Evacuate Collection Set: 0.0ms
[2023-11-10T11:26:17.340-0800][75180972ms] GC(20265)   Evacuate Collection Set: 1.7ms
[2023-11-10T11:26:17.340-0800][75180972ms] GC(20265)   Post Evacuate Collection Set: 3.3ms
[2023-11-10T11:26:17.340-0800][75180972ms] GC(20265)   Other: 0.3ms
[2023-11-10T11:26:17.340-0800][75180972ms] GC(20265) Eden regions: 222->0(222)
[2023-11-10T11:26:17.340-0800][75180972ms] GC(20265) Survivor regions: 1->1(28)
[2023-11-10T11:26:17.340-0800][75180972ms] GC(20265) Old regions: 1390->1390
[2023-11-10T11:26:17.340-0800][75180972ms] GC(20265) Humongous regions: 5->5
[2023-11-10T11:26:17.340-0800][75180972ms] GC(20265) Metaspace: 304631K->304631K(1347584K)
[2023-11-10T11:26:17.340-0800][75180972ms] GC(20265) Pause Young (Normal) (G1 Evacuation Pause) 3233M->2789M(3602M) 5.425ms
[2023-11-10T11:26:17.340-0800][75180972ms] GC(20265) User=0.11s Sys=0.00s Real=0.01s
[2023-11-10T11:26:17.853-0800][75181485ms] GC(20266) Pause Young (Normal) (G1 Evacuation Pause)
[2023-11-10T11:26:17.854-0800][75181486ms] GC(20266) Using 10 workers of 10 for evacuation
[2023-11-10T11:26:17.860-0800][75181492ms] GC(20266)   Pre Evacuate Collection Set: 0.1ms
[2023-11-10T11:26:17.860-0800][75181492ms] GC(20266)   Evacuate Collection Set: 2.7ms
[2023-11-10T11:26:17.860-0800][75181492ms] GC(20266)   Post Evacuate Collection Set: 3.7ms
[2023-11-10T11:26:17.860-0800][75181492ms] GC(20266)   Other: 0.3ms
[2023-11-10T11:26:17.860-0800][75181492ms] GC(20266) Eden regions: 222->0(222)
[2023-11-10T11:26:17.860-0800][75181492ms] GC(20266) Survivor regions: 1->1(28)
[2023-11-10T11:26:17.860-0800][75181492ms] GC(20266) Old regions: 1390->1390
[2023-11-10T11:26:17.860-0800][75181492ms] GC(20266) Humongous regions: 5->5
[2023-11-10T11:26:17.860-0800][75181492ms] GC(20266) Metaspace: 304631K->304631K(1347584K)
[2023-11-10T11:26:17.860-0800][75181492ms] GC(20266) Pause Young (Normal) (G1 Evacuation Pause) 3233M->2789M(3602M) 6.780ms
[2023-11-10T11:26:17.860-0800][75181492ms] GC(20266) User=0.00s Sys=0.00s Real=0.01s
[2023-11-10T11:26:18.476-0800][75182108ms] GC(20267) Pause Young (Normal) (G1 Evacuation Pause)
[2023-11-10T11:26:18.476-0800][75182108ms] GC(20267) Using 10 workers of 10 for evacuation
[2023-11-10T11:26:18.481-0800][75182113ms] GC(20267)   Pre Evacuate Collection Set: 0.0ms
[2023-11-10T11:26:18.481-0800][75182113ms] GC(20267)   Evacuate Collection Set: 1.7ms
[2023-11-10T11:26:18.481-0800][75182113ms] GC(20267)   Post Evacuate Collection Set: 3.6ms
[2023-11-10T11:26:18.481-0800][75182113ms] GC(20267)   Other: 0.2ms
[2023-11-10T11:26:18.481-0800][75182113ms] GC(20267) Eden regions: 222->0(222)
[2023-11-10T11:26:18.481-0800][75182113ms] GC(20267) Survivor regions: 1->1(28)
[2023-11-10T11:26:18.481-0800][75182113ms] GC(20267) Old regions: 1390->1390
[2023-11-10T11:26:18.481-0800][75182113ms] GC(20267) Humongous regions: 5->5
[2023-11-10T11:26:18.481-0800][75182113ms] GC(20267) Metaspace: 304631K->304631K(1347584K)
[2023-11-10T11:26:18.481-0800][75182113ms] GC(20267) Pause Young (Normal) (G1 Evacuation Pause) 3233M->2789M(3602M) 5.743ms
[2023-11-10T11:26:18.481-0800][75182113ms] GC(20267) User=0.00s Sys=0.00s Real=0.00s
[2023-11-10T11:26:19.020-0800][75182652ms] GC(20268) Pause Young (Normal) (G1 Evacuation Pause)
[2023-11-10T11:26:19.020-0800][75182652ms] GC(20268) Using 10 workers of 10 for evacuation
[2023-11-10T11:26:19.025-0800][75182657ms] GC(20268)   Pre Evacuate Collection Set: 0.0ms
[2023-11-10T11:26:19.025-0800][75182657ms] GC(20268)   Evacuate Collection Set: 1.6ms
[2023-11-10T11:26:19.025-0800][75182657ms] GC(20268)   Post Evacuate Collection Set: 3.1ms
[2023-11-10T11:26:19.025-0800][75182657ms] GC(20268)   Other: 0.3ms
[2023-11-10T11:26:19.025-0800][75182657ms] GC(20268) Eden regions: 222->0(222)
[2023-11-10T11:26:19.025-0800][75182657ms] GC(20268) Survivor regions: 1->1(28)
[2023-11-10T11:26:19.025-0800][75182657ms] GC(20268) Old regions: 1390->1390
[2023-11-10T11:26:19.025-0800][75182657ms] GC(20268) Humongous regions: 5->5
[2023-11-10T11:26:19.025-0800][75182657ms] GC(20268) Metaspace: 304631K->304631K(1347584K)
[2023-11-10T11:26:19.025-0800][75182657ms] GC(20268) Pause Young (Normal) (G1 Evacuation Pause) 3233M->2789M(3602M) 5.176ms
[2023-11-10T11:26:19.025-0800][75182657ms] GC(20268) User=0.00s Sys=0.00s Real=0.01s
[2023-11-10T11:26:19.584-0800][75183216ms] GC(20269) Pause Young (Normal) (G1 Evacuation Pause)
[2023-11-10T11:26:19.584-0800][75183216ms] GC(20269) Using 10 workers of 10 for evacuation
[2023-11-10T11:26:19.588-0800][75183220ms] GC(20269)   Pre Evacuate Collection Set: 0.0ms
[2023-11-10T11:26:19.588-0800][75183220ms] GC(20269)   Evacuate Collection Set: 1.6ms
[2023-11-10T11:26:19.588-0800][75183220ms] GC(20269)   Post Evacuate Collection Set: 3.2ms
[2023-11-10T11:26:19.588-0800][75183220ms] GC(20269)   Other: 0.3ms
[2023-11-10T11:26:19.588-0800][75183220ms] GC(20269) Eden regions: 222->0(222)
[2023-11-10T11:26:19.588-0800][75183220ms] GC(20269) Survivor regions: 1->1(28)
[2023-11-10T11:26:19.590-0800][75183222ms] GC(20269) Old regions: 1390->1390
[2023-11-10T11:26:19.590-0800][75183222ms] GC(20269) Humongous regions: 5->5
[2023-11-10T11:26:19.590-0800][75183222ms] GC(20269) Metaspace: 304631K->304631K(1347584K)
[2023-11-10T11:26:19.590-0800][75183222ms] GC(20269) Pause Young (Normal) (G1 Evacuation Pause) 3233M->2789M(3602M) 5.151ms
[2023-11-10T11:26:19.590-0800][75183222ms] GC(20269) User=0.11s Sys=0.00s Real=0.01s
[2023-11-10T11:26:20.093-0800][75183725ms] GC(20270) Pause Young (Normal) (G1 Evacuation Pause)
[2023-11-10T11:26:20.093-0800][75183725ms] GC(20270) Using 10 workers of 10 for evacuation
[2023-11-10T11:26:20.098-0800][75183730ms] GC(20270)   Pre Evacuate Collection Set: 0.0ms
[2023-11-10T11:26:20.098-0800][75183730ms] GC(20270)   Evacuate Collection Set: 1.8ms
[2023-11-10T11:26:20.098-0800][75183730ms] GC(20270)   Post Evacuate Collection Set: 3.0ms
[2023-11-10T11:26:20.098-0800][75183730ms] GC(20270)   Other: 0.3ms
[2023-11-10T11:26:20.098-0800][75183730ms] GC(20270) Eden regions: 222->0(223)
[2023-11-10T11:26:20.098-0800][75183730ms] GC(20270) Survivor regions: 1->1(28)
[2023-11-10T11:26:20.098-0800][75183730ms] GC(20270) Old regions: 1390->1390
[2023-11-10T11:26:20.098-0800][75183730ms] GC(20270) Humongous regions: 5->5
[2023-11-10T11:26:20.098-0800][75183730ms] GC(20270) Metaspace: 304631K->304631K(1347584K)
[2023-11-10T11:26:20.098-0800][75183730ms] GC(20270) Pause Young (Normal) (G1 Evacuation Pause) 3233M->2789M(3602M) 5.213ms
[2023-11-10T11:26:20.098-0800][75183730ms] GC(20270) User=0.00s Sys=0.00s Real=0.01s
[2023-11-10T11:26:20.666-0800][75184298ms] GC(20271) Pause Young (Normal) (G1 Evacuation Pause)
[2023-11-10T11:26:20.666-0800][75184298ms] GC(20271) Using 10 workers of 10 for evacuation
[2023-11-10T11:26:20.671-0800][75184303ms] GC(20271)   Pre Evacuate Collection Set: 0.0ms
[2023-11-10T11:26:20.671-0800][75184303ms] GC(20271)   Evacuate Collection Set: 1.6ms
[2023-11-10T11:26:20.671-0800][75184303ms] GC(20271)   Post Evacuate Collection Set: 3.5ms
[2023-11-10T11:26:20.671-0800][75184303ms] GC(20271)   Other: 0.3ms
[2023-11-10T11:26:20.671-0800][75184303ms] GC(20271) Eden regions: 223->0(223)
[2023-11-10T11:26:20.671-0800][75184303ms] GC(20271) Survivor regions: 1->1(28)
[2023-11-10T11:26:20.671-0800][75184303ms] GC(20271) Old regions: 1390->1390
[2023-11-10T11:26:20.671-0800][75184303ms] GC(20271) Humongous regions: 5->5
[2023-11-10T11:26:20.671-0800][75184303ms] GC(20271) Metaspace: 304631K->304631K(1347584K)
[2023-11-10T11:26:20.671-0800][75184303ms] GC(20271) Pause Young (Normal) (G1 Evacuation Pause) 3235M->2789M(3602M) 5.480ms
[2023-11-10T11:26:20.671-0800][75184303ms] GC(20271) User=0.00s Sys=0.00s Real=0.01s
[2023-11-10T11:26:21.270-0800][75184902ms] GC(20272) Pause Young (Normal) (G1 Evacuation Pause)
[2023-11-10T11:26:21.270-0800][75184902ms] GC(20272) Using 10 workers of 10 for evacuation
[2023-11-10T11:26:21.275-0800][75184907ms] GC(20272)   Pre Evacuate Collection Set: 0.0ms
[2023-11-10T11:26:21.275-0800][75184907ms] GC(20272)   Evacuate Collection Set: 1.7ms
[2023-11-10T11:26:21.275-0800][75184907ms] GC(20272)   Post Evacuate Collection Set: 2.9ms
[2023-11-10T11:26:21.275-0800][75184907ms] GC(20272)   Other: 0.2ms
[2023-11-10T11:26:21.275-0800][75184907ms] GC(20272) Eden regions: 223->0(223)
[2023-11-10T11:26:21.275-0800][75184907ms] GC(20272) Survivor regions: 1->1(28)
[2023-11-10T11:26:21.275-0800][75184907ms] GC(20272) Old regions: 1390->1390
[2023-11-10T11:26:21.275-0800][75184907ms] GC(20272) Humongous regions: 5->5
[2023-11-10T11:26:21.275-0800][75184907ms] GC(20272) Metaspace: 304631K->304631K(1347584K)
[2023-11-10T11:26:21.275-0800][75184907ms] GC(20272) Pause Young (Normal) (G1 Evacuation Pause) 3235M->2789M(3602M) 5.014ms
[2023-11-10T11:26:21.275-0800][75184907ms] GC(20272) User=0.02s Sys=0.00s Real=0.01s
[2023-11-10T11:26:21.801-0800][75185433ms] GC(20273) Pause Young (Normal) (G1 Evacuation Pause)
[2023-11-10T11:26:21.801-0800][75185433ms] GC(20273) Using 10 workers of 10 for evacuation
[2023-11-10T11:26:21.805-0800][75185437ms] GC(20273)   Pre Evacuate Collection Set: 0.0ms
[2023-11-10T11:26:21.806-0800][75185438ms] GC(20273)   Evacuate Collection Set: 1.6ms
[2023-11-10T11:26:21.806-0800][75185438ms] GC(20273)   Post Evacuate Collection Set: 3.1ms
[2023-11-10T11:26:21.806-0800][75185438ms] GC(20273)   Other: 0.2ms
[2023-11-10T11:26:21.806-0800][75185438ms] GC(20273) Eden regions: 223->0(223)
[2023-11-10T11:26:21.806-0800][75185438ms] GC(20273) Survivor regions: 1->1(28)
[2023-11-10T11:26:21.806-0800][75185438ms] GC(20273) Old regions: 1390->1390
[2023-11-10T11:26:21.806-0800][75185438ms] GC(20273) Humongous regions: 5->5
[2023-11-10T11:26:21.806-0800][75185438ms] GC(20273) Metaspace: 304631K->304631K(1347584K)
[2023-11-10T11:26:21.806-0800][75185438ms] GC(20273) Pause Young (Normal) (G1 Evacuation Pause) 3235M->2789M(3602M) 5.123ms
[2023-11-10T11:26:21.806-0800][75185438ms] GC(20273) User=0.00s Sys=0.00s Real=0.00s
[2023-11-10T11:26:22.305-0800][75185937ms] GC(20274) Pause Young (Normal) (G1 Evacuation Pause)
[2023-11-10T11:26:22.305-0800][75185937ms] GC(20274) Using 10 workers of 10 for evacuation
[2023-11-10T11:26:22.310-0800][75185942ms] GC(20274)   Pre Evacuate Collection Set: 0.1ms
[2023-11-10T11:26:22.310-0800][75185942ms] GC(20274)   Evacuate Collection Set: 1.7ms
[2023-11-10T11:26:22.310-0800][75185942ms] GC(20274)   Post Evacuate Collection Set: 3.3ms
[2023-11-10T11:26:22.310-0800][75185942ms] GC(20274)   Other: 0.3ms
[2023-11-10T11:26:22.310-0800][75185942ms] GC(20274) Eden regions: 223->0(223)
[2023-11-10T11:26:22.310-0800][75185942ms] GC(20274) Survivor regions: 1->1(28)
[2023-11-10T11:26:22.310-0800][75185942ms] GC(20274) Old regions: 1390->1390
[2023-11-10T11:26:22.310-0800][75185942ms] GC(20274) Humongous regions: 5->5
[2023-11-10T11:26:22.310-0800][75185942ms] GC(20274) Metaspace: 304631K->304631K(1347584K)
[2023-11-10T11:26:22.310-0800][75185942ms] GC(20274) Pause Young (Normal) (G1 Evacuation Pause) 3235M->2790M(3602M) 5.426ms
[2023-11-10T11:26:22.310-0800][75185942ms] GC(20274) User=0.00s Sys=0.00s Real=0.00s
[2023-11-10T11:26:22.850-0800][75186482ms] GC(20275) Pause Young (Normal) (G1 Evacuation Pause)
[2023-11-10T11:26:22.850-0800][75186482ms] GC(20275) Using 10 workers of 10 for evacuation
[2023-11-10T11:26:22.855-0800][75186487ms] GC(20275)   Pre Evacuate Collection Set: 0.1ms
[2023-11-10T11:26:22.855-0800][75186487ms] GC(20275)   Evacuate Collection Set: 1.7ms
[2023-11-10T11:26:22.855-0800][75186487ms] GC(20275)   Post Evacuate Collection Set: 3.4ms
[2023-11-10T11:26:22.855-0800][75186487ms] GC(20275)   Other: 0.3ms
[2023-11-10T11:26:22.855-0800][75186487ms] GC(20275) Eden regions: 223->0(223)
[2023-11-10T11:26:22.855-0800][75186487ms] GC(20275) Survivor regions: 1->1(28)
[2023-11-10T11:26:22.855-0800][75186487ms] GC(20275) Old regions: 1390->1390
[2023-11-10T11:26:22.855-0800][75186487ms] GC(20275) Humongous regions: 5->5
[2023-11-10T11:26:22.855-0800][75186487ms] GC(20275) Metaspace: 304631K->304631K(1347584K)
[2023-11-10T11:26:22.855-0800][75186487ms] GC(20275) Pause Young (Normal) (G1 Evacuation Pause) 3236M->2790M(3602M) 5.576ms
[2023-11-10T11:26:22.855-0800][75186487ms] GC(20275) User=0.09s Sys=0.00s Real=0.01s
[2023-11-10T11:26:23.356-0800][75186988ms] GC(20276) Pause Young (Normal) (G1 Evacuation Pause)
[2023-11-10T11:26:23.356-0800][75186988ms] GC(20276) Using 10 workers of 10 for evacuation
[2023-11-10T11:26:23.361-0800][75186993ms] GC(20276)   Pre Evacuate Collection Set: 0.1ms
[2023-11-10T11:26:23.362-0800][75186994ms] GC(20276)   Evacuate Collection Set: 1.8ms
[2023-11-10T11:26:23.362-0800][75186994ms] GC(20276)   Post Evacuate Collection Set: 3.1ms
[2023-11-10T11:26:23.362-0800][75186994ms] GC(20276)   Other: 0.3ms
[2023-11-10T11:26:23.362-0800][75186994ms] GC(20276) Eden regions: 223->0(223)
[2023-11-10T11:26:23.362-0800][75186994ms] GC(20276) Survivor regions: 1->1(28)
[2023-11-10T11:26:23.362-0800][75186994ms] GC(20276) Old regions: 1390->1390
[2023-11-10T11:26:23.362-0800][75186994ms] GC(20276) Humongous regions: 5->5
[2023-11-10T11:26:23.362-0800][75186994ms] GC(20276) Metaspace: 304631K->304631K(1347584K)
[2023-11-10T11:26:23.362-0800][75186994ms] GC(20276) Pause Young (Normal) (G1 Evacuation Pause) 3236M->2790M(3602M) 5.279ms
[2023-11-10T11:26:23.362-0800][75186994ms] GC(20276) User=0.00s Sys=0.00s Real=0.01s
[2023-11-10T11:26:23.916-0800][75187548ms] GC(20277) Pause Young (Normal) (GCLocker Initiated GC)
[2023-11-10T11:26:23.916-0800][75187548ms] GC(20277) Using 10 workers of 10 for evacuation
[2023-11-10T11:26:23.923-0800][75187555ms] GC(20277)   Pre Evacuate Collection Set: 0.1ms
[2023-11-10T11:26:23.923-0800][75187555ms] GC(20277)   Evacuate Collection Set: 2.3ms
[2023-11-10T11:26:23.923-0800][75187555ms] GC(20277)   Post Evacuate Collection Set: 4.1ms
[2023-11-10T11:26:23.923-0800][75187555ms] GC(20277)   Other: 0.4ms
[2023-11-10T11:26:23.923-0800][75187555ms] GC(20277) Eden regions: 223->0(223)
[2023-11-10T11:26:23.923-0800][75187555ms] GC(20277) Survivor regions: 1->1(28)
[2023-11-10T11:26:23.923-0800][75187555ms] GC(20277) Old regions: 1390->1390
[2023-11-10T11:26:23.923-0800][75187555ms] GC(20277) Humongous regions: 5->5
[2023-11-10T11:26:23.923-0800][75187555ms] GC(20277) Metaspace: 304631K->304631K(1347584K)
[2023-11-10T11:26:23.923-0800][75187555ms] GC(20277) Pause Young (Normal) (GCLocker Initiated GC) 3236M->2790M(3602M) 7.141ms
[2023-11-10T11:26:23.923-0800][75187555ms] GC(20277) User=0.00s Sys=0.00s Real=0.01s
[2023-11-10T11:26:24.600-0800][75188232ms] GC(20278) Pause Young (Normal) (G1 Evacuation Pause)
[2023-11-10T11:26:24.600-0800][75188232ms] GC(20278) Using 10 workers of 10 for evacuation
[2023-11-10T11:26:24.608-0800][75188240ms] GC(20278)   Pre Evacuate Collection Set: 0.1ms
[2023-11-10T11:26:24.608-0800][75188240ms] GC(20278)   Evacuate Collection Set: 2.3ms
[2023-11-10T11:26:24.608-0800][75188240ms] GC(20278)   Post Evacuate Collection Set: 5.3ms
[2023-11-10T11:26:24.608-0800][75188240ms] GC(20278)   Other: 0.5ms
[2023-11-10T11:26:24.608-0800][75188240ms] GC(20278) Eden regions: 223->0(223)
[2023-11-10T11:26:24.608-0800][75188240ms] GC(20278) Survivor regions: 1->1(28)
[2023-11-10T11:26:24.608-0800][75188240ms] GC(20278) Old regions: 1390->1390
[2023-11-10T11:26:24.608-0800][75188240ms] GC(20278) Humongous regions: 5->5
[2023-11-10T11:26:24.608-0800][75188240ms] GC(20278) Metaspace: 304631K->304631K(1347584K)
[2023-11-10T11:26:24.608-0800][75188240ms] GC(20278) Pause Young (Normal) (G1 Evacuation Pause) 3236M->2790M(3602M) 8.366ms
[2023-11-10T11:26:24.608-0800][75188240ms] GC(20278) User=0.06s Sys=0.00s Real=0.01s
[2023-11-10T11:26:25.199-0800][75188831ms] GC(20279) Pause Young (Normal) (GCLocker Initiated GC)
[2023-11-10T11:26:25.199-0800][75188831ms] GC(20279) Using 10 workers of 10 for evacuation
[2023-11-10T11:26:25.205-0800][75188837ms] GC(20279)   Pre Evacuate Collection Set: 0.0ms
[2023-11-10T11:26:25.205-0800][75188837ms] GC(20279)   Evacuate Collection Set: 2.5ms
[2023-11-10T11:26:25.205-0800][75188837ms] GC(20279)   Post Evacuate Collection Set: 3.6ms
[2023-11-10T11:26:25.205-0800][75188837ms] GC(20279)   Other: 0.3ms
[2023-11-10T11:26:25.205-0800][75188837ms] GC(20279) Eden regions: 223->0(223)
[2023-11-10T11:26:25.205-0800][75188837ms] GC(20279) Survivor regions: 1->1(28)
[2023-11-10T11:26:25.205-0800][75188837ms] GC(20279) Old regions: 1390->1390
[2023-11-10T11:26:25.205-0800][75188837ms] GC(20279) Humongous regions: 5->5
[2023-11-10T11:26:25.205-0800][75188837ms] GC(20279) Metaspace: 304631K->304631K(1347584K)
[2023-11-10T11:26:25.205-0800][75188837ms] GC(20279) Pause Young (Normal) (GCLocker Initiated GC) 3236M->2790M(3602M) 6.486ms
[2023-11-10T11:26:25.205-0800][75188837ms] GC(20279) User=0.00s Sys=0.00s Real=0.01s
[2023-11-10T11:26:25.747-0800][75189379ms] GC(20280) Pause Young (Normal) (GCLocker Initiated GC)
[2023-11-10T11:26:25.747-0800][75189379ms] GC(20280) Using 10 workers of 10 for evacuation
[2023-11-10T11:26:25.752-0800][75189384ms] GC(20280)   Pre Evacuate Collection Set: 0.1ms
[2023-11-10T11:26:25.752-0800][75189384ms] GC(20280)   Evacuate Collection Set: 2.1ms
[2023-11-10T11:26:25.752-0800][75189384ms] GC(20280)   Post Evacuate Collection Set: 3.4ms
[2023-11-10T11:26:25.752-0800][75189384ms] GC(20280)   Other: 0.3ms
[2023-11-10T11:26:25.752-0800][75189384ms] GC(20280) Eden regions: 223->0(223)
[2023-11-10T11:26:25.752-0800][75189384ms] GC(20280) Survivor regions: 1->1(28)
[2023-11-10T11:26:25.752-0800][75189384ms] GC(20280) Old regions: 1390->1390
[2023-11-10T11:26:25.752-0800][75189384ms] GC(20280) Humongous regions: 5->5
[2023-11-10T11:26:25.752-0800][75189384ms] GC(20280) Metaspace: 304631K->304631K(1347584K)
[2023-11-10T11:26:25.752-0800][75189384ms] GC(20280) Pause Young (Normal) (GCLocker Initiated GC) 3236M->2790M(3602M) 6.014ms
[2023-11-10T11:26:25.752-0800][75189384ms] GC(20280) User=0.00s Sys=0.00s Real=0.01s
[2023-11-10T11:26:26.312-0800][75189944ms] GC(20281) Pause Young (Normal) (G1 Evacuation Pause)
[2023-11-10T11:26:26.312-0800][75189944ms] GC(20281) Using 10 workers of 10 for evacuation
[2023-11-10T11:26:26.321-0800][75189953ms] GC(20281)   Pre Evacuate Collection Set: 0.1ms
[2023-11-10T11:26:26.321-0800][75189953ms] GC(20281)   Evacuate Collection Set: 2.5ms
[2023-11-10T11:26:26.321-0800][75189953ms] GC(20281)   Post Evacuate Collection Set: 5.6ms
[2023-11-10T11:26:26.321-0800][75189953ms] GC(20281)   Other: 0.4ms
[2023-11-10T11:26:26.321-0800][75189953ms] GC(20281) Eden regions: 223->0(223)
[2023-11-10T11:26:26.321-0800][75189953ms] GC(20281) Survivor regions: 1->1(28)
[2023-11-10T11:26:26.321-0800][75189953ms] GC(20281) Old regions: 1390->1390
[2023-11-10T11:26:26.321-0800][75189953ms] GC(20281) Humongous regions: 5->5
[2023-11-10T11:26:26.321-0800][75189953ms] GC(20281) Metaspace: 304631K->304631K(1347584K)
[2023-11-10T11:26:26.321-0800][75189953ms] GC(20281) Pause Young (Normal) (G1 Evacuation Pause) 3236M->2790M(3602M) 8.778ms
[2023-11-10T11:26:26.321-0800][75189953ms] GC(20281) User=0.02s Sys=0.00s Real=0.01s
[2023-11-10T11:26:26.876-0800][75190508ms] GC(20282) Pause Young (Normal) (G1 Evacuation Pause)
[2023-11-10T11:26:26.876-0800][75190508ms] GC(20282) Using 10 workers of 10 for evacuation
[2023-11-10T11:26:26.883-0800][75190515ms] GC(20282)   Pre Evacuate Collection Set: 0.1ms
[2023-11-10T11:26:26.883-0800][75190515ms] GC(20282)   Evacuate Collection Set: 2.4ms
[2023-11-10T11:26:26.883-0800][75190515ms] GC(20282)   Post Evacuate Collection Set: 3.7ms
[2023-11-10T11:26:26.883-0800][75190515ms] GC(20282)   Other: 0.4ms
[2023-11-10T11:26:26.883-0800][75190515ms] GC(20282) Eden regions: 223->0(223)
[2023-11-10T11:26:26.883-0800][75190515ms] GC(20282) Survivor regions: 1->1(28)
[2023-11-10T11:26:26.883-0800][75190515ms] GC(20282) Old regions: 1390->1390
[2023-11-10T11:26:26.883-0800][75190515ms] GC(20282) Humongous regions: 5->5
[2023-11-10T11:26:26.883-0800][75190515ms] GC(20282) Metaspace: 304631K->304631K(1347584K)
[2023-11-10T11:26:26.883-0800][75190515ms] GC(20282) Pause Young (Normal) (G1 Evacuation Pause) 3236M->2790M(3602M) 6.706ms
[2023-11-10T11:26:26.883-0800][75190515ms] GC(20282) User=0.00s Sys=0.00s Real=0.01s
[2023-11-10T11:26:27.455-0800][75191087ms] GC(20283) Pause Young (Normal) (G1 Evacuation Pause)
[2023-11-10T11:26:27.455-0800][75191087ms] GC(20283) Using 10 workers of 10 for evacuation
[2023-11-10T11:26:27.462-0800][75191094ms] GC(20283)   Pre Evacuate Collection Set: 0.1ms
[2023-11-10T11:26:27.462-0800][75191094ms] GC(20283)   Evacuate Collection Set: 2.3ms
[2023-11-10T11:26:27.462-0800][75191094ms] GC(20283)   Post Evacuate Collection Set: 3.4ms
[2023-11-10T11:26:27.462-0800][75191094ms] GC(20283)   Other: 0.4ms
[2023-11-10T11:26:27.462-0800][75191094ms] GC(20283) Eden regions: 223->0(223)
[2023-11-10T11:26:27.462-0800][75191094ms] GC(20283) Survivor regions: 1->1(28)
[2023-11-10T11:26:27.462-0800][75191094ms] GC(20283) Old regions: 1390->1390
[2023-11-10T11:26:27.462-0800][75191094ms] GC(20283) Humongous regions: 5->5
[2023-11-10T11:26:27.462-0800][75191094ms] GC(20283) Metaspace: 304631K->304631K(1347584K)
[2023-11-10T11:26:27.462-0800][75191094ms] GC(20283) Pause Young (Normal) (G1 Evacuation Pause) 3236M->2790M(3602M) 6.282ms
[2023-11-10T11:26:27.462-0800][75191094ms] GC(20283) User=0.00s Sys=0.00s Real=0.01s
[2023-11-10T11:26:27.977-0800][75191609ms] GC(20284) Pause Young (Normal) (G1 Evacuation Pause)
[2023-11-10T11:26:27.977-0800][75191609ms] GC(20284) Using 10 workers of 10 for evacuation
[2023-11-10T11:26:27.985-0800][75191617ms] GC(20284)   Pre Evacuate Collection Set: 0.1ms
[2023-11-10T11:26:27.985-0800][75191617ms] GC(20284)   Evacuate Collection Set: 2.6ms
[2023-11-10T11:26:27.985-0800][75191617ms] GC(20284)   Post Evacuate Collection Set: 4.5ms
[2023-11-10T11:26:27.985-0800][75191617ms] GC(20284)   Other: 0.4ms
[2023-11-10T11:26:27.985-0800][75191617ms] GC(20284) Eden regions: 223->0(223)
[2023-11-10T11:26:27.985-0800][75191617ms] GC(20284) Survivor regions: 1->1(28)
[2023-11-10T11:26:27.985-0800][75191617ms] GC(20284) Old regions: 1390->1390
[2023-11-10T11:26:27.985-0800][75191617ms] GC(20284) Humongous regions: 5->5
[2023-11-10T11:26:27.985-0800][75191617ms] GC(20284) Metaspace: 304631K->304631K(1347584K)
[2023-11-10T11:26:27.985-0800][75191617ms] GC(20284) Pause Young (Normal) (G1 Evacuation Pause) 3236M->2790M(3602M) 7.661ms
[2023-11-10T11:26:27.985-0800][75191617ms] GC(20284) User=0.00s Sys=0.00s Real=0.01s
[2023-11-10T11:26:28.500-0800][75192132ms] GC(20285) Pause Young (Normal) (G1 Evacuation Pause)
[2023-11-10T11:26:28.500-0800][75192132ms] GC(20285) Using 10 workers of 10 for evacuation
[2023-11-10T11:26:28.507-0800][75192139ms] GC(20285)   Pre Evacuate Collection Set: 0.0ms
[2023-11-10T11:26:28.507-0800][75192139ms] GC(20285)   Evacuate Collection Set: 1.7ms
[2023-11-10T11:26:28.507-0800][75192139ms] GC(20285)   Post Evacuate Collection Set: 3.3ms
[2023-11-10T11:26:28.507-0800][75192139ms] GC(20285)   Other: 0.3ms
[2023-11-10T11:26:28.507-0800][75192139ms] GC(20285) Eden regions: 223->0(223)
[2023-11-10T11:26:28.507-0800][75192139ms] GC(20285) Survivor regions: 1->1(28)
[2023-11-10T11:26:28.507-0800][75192139ms] GC(20285) Old regions: 1390->1390
[2023-11-10T11:26:28.507-0800][75192139ms] GC(20285) Humongous regions: 5->5
[2023-11-10T11:26:28.507-0800][75192139ms] GC(20285) Metaspace: 304631K->304631K(1347584K)
[2023-11-10T11:26:28.507-0800][75192139ms] GC(20285) Pause Young (Normal) (G1 Evacuation Pause) 3236M->2790M(3602M) 5.463ms
[2023-11-10T11:26:28.507-0800][75192139ms] GC(20285) User=0.02s Sys=0.00s Real=0.01s
[2023-11-10T11:26:29.083-0800][75192715ms] GC(20286) Pause Young (Normal) (G1 Evacuation Pause)
[2023-11-10T11:26:29.083-0800][75192715ms] GC(20286) Using 10 workers of 10 for evacuation
[2023-11-10T11:26:29.087-0800][75192719ms] GC(20286)   Pre Evacuate Collection Set: 0.1ms
[2023-11-10T11:26:29.087-0800][75192719ms] GC(20286)   Evacuate Collection Set: 1.7ms
[2023-11-10T11:26:29.088-0800][75192720ms] GC(20286)   Post Evacuate Collection Set: 3.4ms
[2023-11-10T11:26:29.088-0800][75192720ms] GC(20286)   Other: 0.3ms
[2023-11-10T11:26:29.088-0800][75192720ms] GC(20286) Eden regions: 223->0(223)
[2023-11-10T11:26:29.088-0800][75192720ms] GC(20286) Survivor regions: 1->1(28)
[2023-11-10T11:26:29.088-0800][75192720ms] GC(20286) Old regions: 1390->1390
[2023-11-10T11:26:29.088-0800][75192720ms] GC(20286) Humongous regions: 5->5
[2023-11-10T11:26:29.088-0800][75192720ms] GC(20286) Metaspace: 304631K->304631K(1347584K)
[2023-11-10T11:26:29.088-0800][75192720ms] GC(20286) Pause Young (Normal) (G1 Evacuation Pause) 3236M->2790M(3602M) 5.622ms
[2023-11-10T11:26:29.088-0800][75192720ms] GC(20286) User=0.00s Sys=0.00s Real=0.01s
[2023-11-10T11:26:29.634-0800][75193266ms] GC(20287) Pause Young (Normal) (G1 Evacuation Pause)
[2023-11-10T11:26:29.634-0800][75193266ms] GC(20287) Using 10 workers of 10 for evacuation
[2023-11-10T11:26:29.639-0800][75193271ms] GC(20287)   Pre Evacuate Collection Set: 0.0ms
[2023-11-10T11:26:29.639-0800][75193271ms] GC(20287)   Evacuate Collection Set: 1.6ms
[2023-11-10T11:26:29.639-0800][75193271ms] GC(20287)   Post Evacuate Collection Set: 3.1ms
[2023-11-10T11:26:29.639-0800][75193271ms] GC(20287)   Other: 0.3ms
[2023-11-10T11:26:29.639-0800][75193271ms] GC(20287) Eden regions: 223->0(223)
[2023-11-10T11:26:29.639-0800][75193271ms] GC(20287) Survivor regions: 1->1(28)
[2023-11-10T11:26:29.639-0800][75193271ms] GC(20287) Old regions: 1390->1390
[2023-11-10T11:26:29.639-0800][75193271ms] GC(20287) Humongous regions: 5->5
[2023-11-10T11:26:29.639-0800][75193271ms] GC(20287) Metaspace: 304631K->304631K(1347584K)
[2023-11-10T11:26:29.639-0800][75193271ms] GC(20287) Pause Young (Normal) (G1 Evacuation Pause) 3236M->2790M(3602M) 5.145ms
[2023-11-10T11:26:29.640-0800][75193272ms] GC(20287) User=0.00s Sys=0.00s Real=0.01s
[2023-11-10T11:26:30.180-0800][75193812ms] GC(20288) Pause Young (Normal) (G1 Evacuation Pause)
[2023-11-10T11:26:30.180-0800][75193812ms] GC(20288) Using 10 workers of 10 for evacuation
[2023-11-10T11:26:30.186-0800][75193818ms] GC(20288)   Pre Evacuate Collection Set: 0.0ms
[2023-11-10T11:26:30.186-0800][75193818ms] GC(20288)   Evacuate Collection Set: 1.8ms
[2023-11-10T11:26:30.186-0800][75193818ms] GC(20288)   Post Evacuate Collection Set: 3.4ms
[2023-11-10T11:26:30.186-0800][75193818ms] GC(20288)   Other: 0.3ms
[2023-11-10T11:26:30.186-0800][75193818ms] GC(20288) Eden regions: 223->0(223)
[2023-11-10T11:26:30.186-0800][75193818ms] GC(20288) Survivor regions: 1->1(28)
[2023-11-10T11:26:30.186-0800][75193818ms] GC(20288) Old regions: 1390->1390
[2023-11-10T11:26:30.186-0800][75193818ms] GC(20288) Humongous regions: 5->5
[2023-11-10T11:26:30.186-0800][75193818ms] GC(20288) Metaspace: 304631K->304631K(1347584K)
[2023-11-10T11:26:30.186-0800][75193818ms] GC(20288) Pause Young (Normal) (G1 Evacuation Pause) 3236M->2790M(3602M) 5.568ms
[2023-11-10T11:26:30.186-0800][75193818ms] GC(20288) User=0.00s Sys=0.00s Real=0.01s
[2023-11-10T11:26:30.682-0800][75194314ms] GC(20289) Pause Young (Normal) (G1 Evacuation Pause)
[2023-11-10T11:26:30.682-0800][75194314ms] GC(20289) Using 10 workers of 10 for evacuation
[2023-11-10T11:26:30.686-0800][75194318ms] GC(20289)   Pre Evacuate Collection Set: 0.1ms
[2023-11-10T11:26:30.686-0800][75194318ms] GC(20289)   Evacuate Collection Set: 1.7ms
[2023-11-10T11:26:30.686-0800][75194318ms] GC(20289)   Post Evacuate Collection Set: 3.1ms
[2023-11-10T11:26:30.686-0800][75194318ms] GC(20289)   Other: 0.4ms
[2023-11-10T11:26:30.686-0800][75194318ms] GC(20289) Eden regions: 223->0(223)
[2023-11-10T11:26:30.686-0800][75194318ms] GC(20289) Survivor regions: 1->1(28)
[2023-11-10T11:26:30.686-0800][75194318ms] GC(20289) Old regions: 1390->1390
[2023-11-10T11:26:30.686-0800][75194318ms] GC(20289) Humongous regions: 5->5
[2023-11-10T11:26:30.686-0800][75194318ms] GC(20289) Metaspace: 304631K->304631K(1347584K)
[2023-11-10T11:26:30.686-0800][75194318ms] GC(20289) Pause Young (Normal) (G1 Evacuation Pause) 3236M->2790M(3602M) 5.346ms
[2023-11-10T11:26:30.686-0800][75194318ms] GC(20289) User=0.00s Sys=0.00s Real=0.00s
[2023-11-10T11:26:31.278-0800][75194910ms] GC(20290) Pause Young (Normal) (G1 Evacuation Pause)
[2023-11-10T11:26:31.278-0800][75194910ms] GC(20290) Using 10 workers of 10 for evacuation
[2023-11-10T11:26:31.284-0800][75194916ms] GC(20290)   Pre Evacuate Collection Set: 0.1ms
[2023-11-10T11:26:31.284-0800][75194916ms] GC(20290)   Evacuate Collection Set: 1.7ms
[2023-11-10T11:26:31.284-0800][75194916ms] GC(20290)   Post Evacuate Collection Set: 3.4ms
[2023-11-10T11:26:31.284-0800][75194916ms] GC(20290)   Other: 0.3ms
[2023-11-10T11:26:31.284-0800][75194916ms] GC(20290) Eden regions: 223->0(223)
[2023-11-10T11:26:31.284-0800][75194916ms] GC(20290) Survivor regions: 1->1(28)
[2023-11-10T11:26:31.284-0800][75194916ms] GC(20290) Old regions: 1390->1390
[2023-11-10T11:26:31.284-0800][75194916ms] GC(20290) Humongous regions: 5->5
[2023-11-10T11:26:31.284-0800][75194916ms] GC(20290) Metaspace: 304631K->304631K(1347584K)
[2023-11-10T11:26:31.284-0800][75194916ms] GC(20290) Pause Young (Normal) (G1 Evacuation Pause) 3236M->2790M(3602M) 5.644ms
[2023-11-10T11:26:31.284-0800][75194916ms] GC(20290) User=0.00s Sys=0.00s Real=0.01s
[2023-11-10T11:26:31.745-0800][75195377ms] GC(20291) Pause Young (Normal) (G1 Evacuation Pause)
[2023-11-10T11:26:31.745-0800][75195377ms] GC(20291) Using 10 workers of 10 for evacuation
[2023-11-10T11:26:31.751-0800][75195383ms] GC(20291)   Pre Evacuate Collection Set: 0.0ms
[2023-11-10T11:26:31.751-0800][75195383ms] GC(20291)   Evacuate Collection Set: 1.6ms
[2023-11-10T11:26:31.751-0800][75195383ms] GC(20291)   Post Evacuate Collection Set: 3.6ms
[2023-11-10T11:26:31.751-0800][75195383ms] GC(20291)   Other: 0.3ms
[2023-11-10T11:26:31.751-0800][75195383ms] GC(20291) Eden regions: 223->0(223)
[2023-11-10T11:26:31.751-0800][75195383ms] GC(20291) Survivor regions: 1->1(28)
[2023-11-10T11:26:31.751-0800][75195383ms] GC(20291) Old regions: 1390->1390
[2023-11-10T11:26:31.751-0800][75195383ms] GC(20291) Humongous regions: 5->5
[2023-11-10T11:26:31.751-0800][75195383ms] GC(20291) Metaspace: 304631K->304631K(1347584K)
[2023-11-10T11:26:31.751-0800][75195383ms] GC(20291) Pause Young (Normal) (G1 Evacuation Pause) 3236M->2790M(3602M) 5.604ms
[2023-11-10T11:26:31.751-0800][75195383ms] GC(20291) User=0.00s Sys=0.00s Real=0.01s
[2023-11-10T11:26:32.240-0800][75195872ms] GC(20292) Pause Young (Normal) (G1 Evacuation Pause)
[2023-11-10T11:26:32.240-0800][75195872ms] GC(20292) Using 10 workers of 10 for evacuation
[2023-11-10T11:26:32.245-0800][75195877ms] GC(20292)   Pre Evacuate Collection Set: 0.0ms
[2023-11-10T11:26:32.245-0800][75195877ms] GC(20292)   Evacuate Collection Set: 1.7ms
[2023-11-10T11:26:32.245-0800][75195877ms] GC(20292)   Post Evacuate Collection Set: 3.1ms
[2023-11-10T11:26:32.245-0800][75195877ms] GC(20292)   Other: 0.3ms
[2023-11-10T11:26:32.245-0800][75195877ms] GC(20292) Eden regions: 223->0(223)
[2023-11-10T11:26:32.245-0800][75195877ms] GC(20292) Survivor regions: 1->1(28)
[2023-11-10T11:26:32.245-0800][75195877ms] GC(20292) Old regions: 1390->1390
[2023-11-10T11:26:32.245-0800][75195877ms] GC(20292) Humongous regions: 5->5
[2023-11-10T11:26:32.245-0800][75195877ms] GC(20292) Metaspace: 304631K->304631K(1347584K)
[2023-11-10T11:26:32.245-0800][75195877ms] GC(20292) Pause Young (Normal) (G1 Evacuation Pause) 3236M->2790M(3602M) 5.272ms
[2023-11-10T11:26:32.245-0800][75195877ms] GC(20292) User=0.00s Sys=0.00s Real=0.00s
[2023-11-10T11:26:32.767-0800][75196399ms] GC(20293) Pause Young (Normal) (G1 Evacuation Pause)
[2023-11-10T11:26:32.767-0800][75196399ms] GC(20293) Using 10 workers of 10 for evacuation
[2023-11-10T11:26:32.772-0800][75196404ms] GC(20293)   Pre Evacuate Collection Set: 0.0ms
[2023-11-10T11:26:32.772-0800][75196404ms] GC(20293)   Evacuate Collection Set: 1.6ms
[2023-11-10T11:26:32.772-0800][75196404ms] GC(20293)   Post Evacuate Collection Set: 3.1ms
[2023-11-10T11:26:32.772-0800][75196404ms] GC(20293)   Other: 0.3ms
[2023-11-10T11:26:32.772-0800][75196404ms] GC(20293) Eden regions: 223->0(223)
[2023-11-10T11:26:32.772-0800][75196404ms] GC(20293) Survivor regions: 1->1(28)
[2023-11-10T11:26:32.772-0800][75196404ms] GC(20293) Old regions: 1390->1390
[2023-11-10T11:26:32.772-0800][75196404ms] GC(20293) Humongous regions: 5->5
[2023-11-10T11:26:32.772-0800][75196404ms] GC(20293) Metaspace: 304631K->304631K(1347584K)
[2023-11-10T11:26:32.772-0800][75196404ms] GC(20293) Pause Young (Normal) (G1 Evacuation Pause) 3236M->2790M(3602M) 5.117ms
[2023-11-10T11:26:32.772-0800][75196404ms] GC(20293) User=0.00s Sys=0.00s Real=0.01s
[2023-11-10T11:26:33.258-0800][75196890ms] GC(20294) Pause Young (Normal) (G1 Evacuation Pause)
[2023-11-10T11:26:33.258-0800][75196890ms] GC(20294) Using 10 workers of 10 for evacuation
[2023-11-10T11:26:33.263-0800][75196895ms] GC(20294)   Pre Evacuate Collection Set: 0.0ms
[2023-11-10T11:26:33.263-0800][75196895ms] GC(20294)   Evacuate Collection Set: 1.7ms
[2023-11-10T11:26:33.263-0800][75196895ms] GC(20294)   Post Evacuate Collection Set: 3.1ms
[2023-11-10T11:26:33.263-0800][75196895ms] GC(20294)   Other: 0.3ms
[2023-11-10T11:26:33.263-0800][75196895ms] GC(20294) Eden regions: 223->0(223)
[2023-11-10T11:26:33.263-0800][75196895ms] GC(20294) Survivor regions: 1->1(28)
[2023-11-10T11:26:33.263-0800][75196895ms] GC(20294) Old regions: 1390->1390
[2023-11-10T11:26:33.263-0800][75196895ms] GC(20294) Humongous regions: 5->5
[2023-11-10T11:26:33.263-0800][75196895ms] GC(20294) Metaspace: 304631K->304631K(1347584K)
[2023-11-10T11:26:33.263-0800][75196895ms] GC(20294) Pause Young (Normal) (G1 Evacuation Pause) 3236M->2790M(3602M) 5.183ms
[2023-11-10T11:26:33.263-0800][75196895ms] GC(20294) User=0.00s Sys=0.00s Real=0.01s
[2023-11-10T11:26:33.772-0800][75197404ms] GC(20295) Pause Young (Normal) (G1 Evacuation Pause)
[2023-11-10T11:26:33.772-0800][75197404ms] GC(20295) Using 10 workers of 10 for evacuation
[2023-11-10T11:26:33.779-0800][75197411ms] GC(20295)   Pre Evacuate Collection Set: 0.1ms
[2023-11-10T11:26:33.779-0800][75197411ms] GC(20295)   Evacuate Collection Set: 2.7ms
[2023-11-10T11:26:33.779-0800][75197411ms] GC(20295)   Post Evacuate Collection Set: 4.5ms
[2023-11-10T11:26:33.779-0800][75197411ms] GC(20295)   Other: 0.3ms
[2023-11-10T11:26:33.779-0800][75197411ms] GC(20295) Eden regions: 223->0(223)
[2023-11-10T11:26:33.779-0800][75197411ms] GC(20295) Survivor regions: 1->1(28)
[2023-11-10T11:26:33.779-0800][75197411ms] GC(20295) Old regions: 1390->1390
[2023-11-10T11:26:33.779-0800][75197411ms] GC(20295) Humongous regions: 5->5
[2023-11-10T11:26:33.779-0800][75197411ms] GC(20295) Metaspace: 304631K->304631K(1347584K)
[2023-11-10T11:26:33.779-0800][75197411ms] GC(20295) Pause Young (Normal) (G1 Evacuation Pause) 3236M->2790M(3602M) 7.559ms
[2023-11-10T11:26:33.779-0800][75197411ms] GC(20295) User=0.11s Sys=0.00s Real=0.01s
[2023-11-10T11:26:34.355-0800][75197987ms] GC(20296) Pause Young (Normal) (G1 Evacuation Pause)
[2023-11-10T11:26:34.355-0800][75197987ms] GC(20296) Using 10 workers of 10 for evacuation
[2023-11-10T11:26:34.361-0800][75197993ms] GC(20296)   Pre Evacuate Collection Set: 0.1ms
[2023-11-10T11:26:34.361-0800][75197993ms] GC(20296)   Evacuate Collection Set: 1.8ms
[2023-11-10T11:26:34.361-0800][75197993ms] GC(20296)   Post Evacuate Collection Set: 4.5ms
[2023-11-10T11:26:34.361-0800][75197993ms] GC(20296)   Other: 0.4ms
[2023-11-10T11:26:34.361-0800][75197993ms] GC(20296) Eden regions: 223->0(223)
[2023-11-10T11:26:34.361-0800][75197993ms] GC(20296) Survivor regions: 1->1(28)
[2023-11-10T11:26:34.361-0800][75197993ms] GC(20296) Old regions: 1390->1390
[2023-11-10T11:26:34.361-0800][75197993ms] GC(20296) Humongous regions: 5->5
[2023-11-10T11:26:34.361-0800][75197993ms] GC(20296) Metaspace: 304631K->304631K(1347584K)
[2023-11-10T11:26:34.361-0800][75197993ms] GC(20296) Pause Young (Normal) (G1 Evacuation Pause) 3236M->2790M(3602M) 6.858ms
[2023-11-10T11:26:34.361-0800][75197993ms] GC(20296) User=0.00s Sys=0.00s Real=0.01s
[2023-11-10T11:26:34.923-0800][75198555ms] GC(20297) Pause Young (Normal) (G1 Evacuation Pause)
[2023-11-10T11:26:34.923-0800][75198555ms] GC(20297) Using 10 workers of 10 for evacuation
[2023-11-10T11:26:34.927-0800][75198559ms] GC(20297)   Pre Evacuate Collection Set: 0.0ms
[2023-11-10T11:26:34.927-0800][75198559ms] GC(20297)   Evacuate Collection Set: 1.8ms
[2023-11-10T11:26:34.927-0800][75198559ms] GC(20297)   Post Evacuate Collection Set: 3.1ms
[2023-11-10T11:26:34.927-0800][75198559ms] GC(20297)   Other: 0.3ms
[2023-11-10T11:26:34.927-0800][75198559ms] GC(20297) Eden regions: 223->0(223)
[2023-11-10T11:26:34.927-0800][75198559ms] GC(20297) Survivor regions: 1->1(28)
[2023-11-10T11:26:34.927-0800][75198559ms] GC(20297) Old regions: 1390->1390
[2023-11-10T11:26:34.927-0800][75198559ms] GC(20297) Humongous regions: 5->5
[2023-11-10T11:26:34.927-0800][75198559ms] GC(20297) Metaspace: 304631K->304631K(1347584K)
[2023-11-10T11:26:34.927-0800][75198559ms] GC(20297) Pause Young (Normal) (G1 Evacuation Pause) 3236M->2790M(3602M) 5.249ms
[2023-11-10T11:26:34.927-0800][75198559ms] GC(20297) User=0.00s Sys=0.00s Real=0.00s
[2023-11-10T11:26:35.515-0800][75199147ms] GC(20298) Pause Young (Normal) (G1 Evacuation Pause)
[2023-11-10T11:26:35.515-0800][75199147ms] GC(20298) Using 10 workers of 10 for evacuation
[2023-11-10T11:26:35.521-0800][75199153ms] GC(20298)   Pre Evacuate Collection Set: 0.0ms
[2023-11-10T11:26:35.521-0800][75199153ms] GC(20298)   Evacuate Collection Set: 1.8ms
[2023-11-10T11:26:35.521-0800][75199153ms] GC(20298)   Post Evacuate Collection Set: 3.6ms
[2023-11-10T11:26:35.521-0800][75199153ms] GC(20298)   Other: 0.3ms
[2023-11-10T11:26:35.521-0800][75199153ms] GC(20298) Eden regions: 223->0(223)
[2023-11-10T11:26:35.521-0800][75199153ms] GC(20298) Survivor regions: 1->1(28)
[2023-11-10T11:26:35.521-0800][75199153ms] GC(20298) Old regions: 1390->1390
[2023-11-10T11:26:35.521-0800][75199153ms] GC(20298) Humongous regions: 5->5
[2023-11-10T11:26:35.521-0800][75199153ms] GC(20298) Metaspace: 304631K->304631K(1347584K)
[2023-11-10T11:26:35.521-0800][75199153ms] GC(20298) Pause Young (Normal) (G1 Evacuation Pause) 3236M->2790M(3602M) 5.843ms
[2023-11-10T11:26:35.521-0800][75199153ms] GC(20298) User=0.00s Sys=0.00s Real=0.01s
[2023-11-10T11:26:36.018-0800][75199650ms] GC(20299) Pause Young (Normal) (G1 Evacuation Pause)
[2023-11-10T11:26:36.018-0800][75199650ms] GC(20299) Using 10 workers of 10 for evacuation
[2023-11-10T11:26:36.025-0800][75199657ms] GC(20299)   Pre Evacuate Collection Set: 0.1ms
[2023-11-10T11:26:36.025-0800][75199657ms] GC(20299)   Evacuate Collection Set: 2.4ms
[2023-11-10T11:26:36.025-0800][75199657ms] GC(20299)   Post Evacuate Collection Set: 4.4ms
[2023-11-10T11:26:36.025-0800][75199657ms] GC(20299)   Other: 0.4ms
[2023-11-10T11:26:36.025-0800][75199657ms] GC(20299) Eden regions: 223->0(223)
[2023-11-10T11:26:36.025-0800][75199657ms] GC(20299) Survivor regions: 1->1(28)
[2023-11-10T11:26:36.025-0800][75199657ms] GC(20299) Old regions: 1390->1390
[2023-11-10T11:26:36.025-0800][75199657ms] GC(20299) Humongous regions: 5->5
[2023-11-10T11:26:36.025-0800][75199657ms] GC(20299) Metaspace: 304631K->304631K(1347584K)
[2023-11-10T11:26:36.025-0800][75199657ms] GC(20299) Pause Young (Normal) (G1 Evacuation Pause) 3236M->2790M(3602M) 7.285ms
[2023-11-10T11:26:36.025-0800][75199657ms] GC(20299) User=0.00s Sys=0.00s Real=0.01s
[2023-11-10T11:26:36.650-0800][75200282ms] GC(20300) Pause Young (Normal) (G1 Evacuation Pause)
[2023-11-10T11:26:36.650-0800][75200282ms] GC(20300) Using 10 workers of 10 for evacuation
[2023-11-10T11:26:36.656-0800][75200288ms] GC(20300)   Pre Evacuate Collection Set: 0.1ms
[2023-11-10T11:26:36.656-0800][75200288ms] GC(20300)   Evacuate Collection Set: 2.5ms
[2023-11-10T11:26:36.656-0800][75200288ms] GC(20300)   Post Evacuate Collection Set: 3.5ms
[2023-11-10T11:26:36.656-0800][75200288ms] GC(20300)   Other: 0.4ms
[2023-11-10T11:26:36.656-0800][75200288ms] GC(20300) Eden regions: 223->0(222)
[2023-11-10T11:26:36.656-0800][75200288ms] GC(20300) Survivor regions: 1->1(28)
[2023-11-10T11:26:36.656-0800][75200288ms] GC(20300) Old regions: 1390->1391
[2023-11-10T11:26:36.656-0800][75200288ms] GC(20300) Humongous regions: 5->5
[2023-11-10T11:26:36.656-0800][75200288ms] GC(20300) Metaspace: 304631K->304631K(1347584K)
[2023-11-10T11:26:36.656-0800][75200288ms] GC(20300) Pause Young (Normal) (G1 Evacuation Pause) 3236M->2791M(3602M) 6.435ms
[2023-11-10T11:26:36.656-0800][75200288ms] GC(20300) User=0.00s Sys=0.00s Real=0.01s
[2023-11-10T11:26:37.246-0800][75200878ms] GC(20301) Pause Young (Normal) (G1 Evacuation Pause)
[2023-11-10T11:26:37.246-0800][75200878ms] GC(20301) Using 10 workers of 10 for evacuation
[2023-11-10T11:26:37.251-0800][75200883ms] GC(20301)   Pre Evacuate Collection Set: 0.0ms
[2023-11-10T11:26:37.251-0800][75200883ms] GC(20301)   Evacuate Collection Set: 1.7ms
[2023-11-10T11:26:37.251-0800][75200883ms] GC(20301)   Post Evacuate Collection Set: 3.2ms
[2023-11-10T11:26:37.251-0800][75200883ms] GC(20301)   Other: 0.3ms
[2023-11-10T11:26:37.251-0800][75200883ms] GC(20301) Eden regions: 222->0(222)
[2023-11-10T11:26:37.251-0800][75200883ms] GC(20301) Survivor regions: 1->1(28)
[2023-11-10T11:26:37.251-0800][75200883ms] GC(20301) Old regions: 1391->1391
[2023-11-10T11:26:37.251-0800][75200883ms] GC(20301) Humongous regions: 5->5
[2023-11-10T11:26:37.251-0800][75200883ms] GC(20301) Metaspace: 304631K->304631K(1347584K)
[2023-11-10T11:26:37.251-0800][75200883ms] GC(20301) Pause Young (Normal) (G1 Evacuation Pause) 3235M->2790M(3602M) 5.252ms
[2023-11-10T11:26:37.252-0800][75200884ms] GC(20301) User=0.00s Sys=0.00s Real=0.01s
[2023-11-10T11:26:37.760-0800][75201392ms] GC(20302) Pause Young (Normal) (G1 Evacuation Pause)
[2023-11-10T11:26:37.760-0800][75201392ms] GC(20302) Using 10 workers of 10 for evacuation
[2023-11-10T11:26:37.765-0800][75201397ms] GC(20302)   Pre Evacuate Collection Set: 0.0ms
[2023-11-10T11:26:37.765-0800][75201397ms] GC(20302)   Evacuate Collection Set: 1.6ms
[2023-11-10T11:26:37.765-0800][75201397ms] GC(20302)   Post Evacuate Collection Set: 3.5ms
[2023-11-10T11:26:37.766-0800][75201398ms] GC(20302)   Other: 0.3ms
[2023-11-10T11:26:37.766-0800][75201398ms] GC(20302) Eden regions: 222->0(222)
[2023-11-10T11:26:37.766-0800][75201398ms] GC(20302) Survivor regions: 1->1(28)
[2023-11-10T11:26:37.766-0800][75201398ms] GC(20302) Old regions: 1391->1391
[2023-11-10T11:26:37.766-0800][75201398ms] GC(20302) Humongous regions: 5->5
[2023-11-10T11:26:37.766-0800][75201398ms] GC(20302) Metaspace: 304631K->304631K(1347584K)
[2023-11-10T11:26:37.766-0800][75201398ms] GC(20302) Pause Young (Normal) (G1 Evacuation Pause) 3234M->2790M(3602M) 5.498ms
[2023-11-10T11:26:37.766-0800][75201398ms] GC(20302) User=0.00s Sys=0.00s Real=0.01s
[2023-11-10T11:26:38.331-0800][75201963ms] GC(20303) Pause Young (Normal) (G1 Evacuation Pause)
[2023-11-10T11:26:38.331-0800][75201963ms] GC(20303) Using 10 workers of 10 for evacuation
[2023-11-10T11:26:38.338-0800][75201970ms] GC(20303)   Pre Evacuate Collection Set: 0.1ms
[2023-11-10T11:26:38.338-0800][75201970ms] GC(20303)   Evacuate Collection Set: 1.9ms
[2023-11-10T11:26:38.338-0800][75201970ms] GC(20303)   Post Evacuate Collection Set: 3.9ms
[2023-11-10T11:26:38.338-0800][75201970ms] GC(20303)   Other: 0.4ms
[2023-11-10T11:26:38.338-0800][75201970ms] GC(20303) Eden regions: 222->0(222)
[2023-11-10T11:26:38.338-0800][75201970ms] GC(20303) Survivor regions: 1->1(28)
[2023-11-10T11:26:38.338-0800][75201970ms] GC(20303) Old regions: 1391->1391
[2023-11-10T11:26:38.338-0800][75201970ms] GC(20303) Humongous regions: 5->5
[2023-11-10T11:26:38.338-0800][75201970ms] GC(20303) Metaspace: 304631K->304631K(1347584K)
[2023-11-10T11:26:38.338-0800][75201970ms] GC(20303) Pause Young (Normal) (G1 Evacuation Pause) 3234M->2790M(3602M) 6.444ms
[2023-11-10T11:26:38.338-0800][75201970ms] GC(20303) User=0.00s Sys=0.00s Real=0.01s
[2023-11-10T11:26:38.830-0800][75202462ms] GC(20304) Pause Young (Normal) (G1 Evacuation Pause)
[2023-11-10T11:26:38.831-0800][75202463ms] GC(20304) Using 10 workers of 10 for evacuation
[2023-11-10T11:26:38.835-0800][75202467ms] GC(20304)   Pre Evacuate Collection Set: 0.0ms
[2023-11-10T11:26:38.835-0800][75202467ms] GC(20304)   Evacuate Collection Set: 1.7ms
[2023-11-10T11:26:38.835-0800][75202467ms] GC(20304)   Post Evacuate Collection Set: 3.0ms
[2023-11-10T11:26:38.835-0800][75202467ms] GC(20304)   Other: 0.2ms
[2023-11-10T11:26:38.835-0800][75202467ms] GC(20304) Eden regions: 222->0(222)
[2023-11-10T11:26:38.835-0800][75202467ms] GC(20304) Survivor regions: 1->1(28)
[2023-11-10T11:26:38.835-0800][75202467ms] GC(20304) Old regions: 1391->1391
[2023-11-10T11:26:38.835-0800][75202467ms] GC(20304) Humongous regions: 5->5
[2023-11-10T11:26:38.836-0800][75202468ms] GC(20304) Metaspace: 304631K->304631K(1347584K)
[2023-11-10T11:26:38.836-0800][75202468ms] GC(20304) Pause Young (Normal) (G1 Evacuation Pause) 3234M->2790M(3602M) 5.098ms
[2023-11-10T11:26:38.836-0800][75202468ms] GC(20304) User=0.00s Sys=0.00s Real=0.01s
[2023-11-10T11:26:39.319-0800][75202951ms] GC(20305) Pause Young (Normal) (G1 Evacuation Pause)
[2023-11-10T11:26:39.319-0800][75202951ms] GC(20305) Using 10 workers of 10 for evacuation
[2023-11-10T11:26:39.325-0800][75202957ms] GC(20305)   Pre Evacuate Collection Set: 0.1ms
[2023-11-10T11:26:39.325-0800][75202957ms] GC(20305)   Evacuate Collection Set: 1.8ms
[2023-11-10T11:26:39.325-0800][75202957ms] GC(20305)   Post Evacuate Collection Set: 3.3ms
[2023-11-10T11:26:39.325-0800][75202957ms] GC(20305)   Other: 0.3ms
[2023-11-10T11:26:39.325-0800][75202957ms] GC(20305) Eden regions: 222->0(222)
[2023-11-10T11:26:39.325-0800][75202957ms] GC(20305) Survivor regions: 1->1(28)
[2023-11-10T11:26:39.325-0800][75202957ms] GC(20305) Old regions: 1391->1391
[2023-11-10T11:26:39.325-0800][75202957ms] GC(20305) Humongous regions: 5->5
[2023-11-10T11:26:39.325-0800][75202957ms] GC(20305) Metaspace: 304631K->304631K(1347584K)
[2023-11-10T11:26:39.325-0800][75202957ms] GC(20305) Pause Young (Normal) (G1 Evacuation Pause) 3234M->2790M(3602M) 5.645ms
[2023-11-10T11:26:39.325-0800][75202957ms] GC(20305) User=0.02s Sys=0.00s Real=0.01s
[2023-11-10T11:26:39.870-0800][75203502ms] GC(20306) Pause Young (Normal) (G1 Evacuation Pause)
[2023-11-10T11:26:39.870-0800][75203502ms] GC(20306) Using 10 workers of 10 for evacuation
[2023-11-10T11:26:39.875-0800][75203507ms] GC(20306)   Pre Evacuate Collection Set: 0.0ms
[2023-11-10T11:26:39.875-0800][75203507ms] GC(20306)   Evacuate Collection Set: 1.8ms
[2023-11-10T11:26:39.875-0800][75203507ms] GC(20306)   Post Evacuate Collection Set: 3.2ms
[2023-11-10T11:26:39.875-0800][75203507ms] GC(20306)   Other: 0.3ms
[2023-11-10T11:26:39.875-0800][75203507ms] GC(20306) Eden regions: 222->0(222)
[2023-11-10T11:26:39.875-0800][75203507ms] GC(20306) Survivor regions: 1->1(28)
[2023-11-10T11:26:39.875-0800][75203507ms] GC(20306) Old regions: 1391->1391
[2023-11-10T11:26:39.875-0800][75203507ms] GC(20306) Humongous regions: 5->5
[2023-11-10T11:26:39.875-0800][75203507ms] GC(20306) Metaspace: 304631K->304631K(1347584K)
[2023-11-10T11:26:39.875-0800][75203507ms] GC(20306) Pause Young (Normal) (G1 Evacuation Pause) 3234M->2790M(3602M) 5.340ms
[2023-11-10T11:26:39.875-0800][75203507ms] GC(20306) User=0.00s Sys=0.00s Real=0.01s
[2023-11-10T11:26:40.432-0800][75204064ms] GC(20307) Pause Young (Normal) (G1 Evacuation Pause)
[2023-11-10T11:26:40.432-0800][75204064ms] GC(20307) Using 10 workers of 10 for evacuation
[2023-11-10T11:26:40.437-0800][75204069ms] GC(20307)   Pre Evacuate Collection Set: 0.0ms
[2023-11-10T11:26:40.437-0800][75204069ms] GC(20307)   Evacuate Collection Set: 1.9ms
[2023-11-10T11:26:40.437-0800][75204069ms] GC(20307)   Post Evacuate Collection Set: 3.1ms
[2023-11-10T11:26:40.437-0800][75204069ms] GC(20307)   Other: 0.3ms
[2023-11-10T11:26:40.437-0800][75204069ms] GC(20307) Eden regions: 222->0(222)
[2023-11-10T11:26:40.437-0800][75204069ms] GC(20307) Survivor regions: 1->1(28)
[2023-11-10T11:26:40.437-0800][75204069ms] GC(20307) Old regions: 1391->1391
[2023-11-10T11:26:40.437-0800][75204069ms] GC(20307) Humongous regions: 5->5
[2023-11-10T11:26:40.437-0800][75204069ms] GC(20307) Metaspace: 304631K->304631K(1347584K)
[2023-11-10T11:26:40.437-0800][75204069ms] GC(20307) Pause Young (Normal) (G1 Evacuation Pause) 3234M->2790M(3602M) 5.437ms
[2023-11-10T11:26:40.437-0800][75204069ms] GC(20307) User=0.00s Sys=0.00s Real=0.01s
[2023-11-10T11:26:40.979-0800][75204611ms] GC(20308) Pause Young (Normal) (G1 Evacuation Pause)
[2023-11-10T11:26:40.979-0800][75204611ms] GC(20308) Using 10 workers of 10 for evacuation
[2023-11-10T11:26:40.986-0800][75204618ms] GC(20308)   Pre Evacuate Collection Set: 0.1ms
[2023-11-10T11:26:40.986-0800][75204618ms] GC(20308)   Evacuate Collection Set: 2.3ms
[2023-11-10T11:26:40.986-0800][75204618ms] GC(20308)   Post Evacuate Collection Set: 4.5ms
[2023-11-10T11:26:40.986-0800][75204618ms] GC(20308)   Other: 0.4ms
[2023-11-10T11:26:40.986-0800][75204618ms] GC(20308) Eden regions: 222->0(222)
[2023-11-10T11:26:40.986-0800][75204618ms] GC(20308) Survivor regions: 1->1(28)
[2023-11-10T11:26:40.986-0800][75204618ms] GC(20308) Old regions: 1391->1391
[2023-11-10T11:26:40.986-0800][75204618ms] GC(20308) Humongous regions: 5->5
[2023-11-10T11:26:40.986-0800][75204618ms] GC(20308) Metaspace: 304631K->304631K(1347584K)
[2023-11-10T11:26:40.986-0800][75204618ms] GC(20308) Pause Young (Normal) (G1 Evacuation Pause) 3234M->2790M(3602M) 7.450ms
[2023-11-10T11:26:40.986-0800][75204618ms] GC(20308) User=0.00s Sys=0.00s Real=0.01s
[2023-11-10T11:26:41.559-0800][75205191ms] GC(20309) Pause Young (Normal) (G1 Evacuation Pause)
[2023-11-10T11:26:41.559-0800][75205191ms] GC(20309) Using 10 workers of 10 for evacuation
[2023-11-10T11:26:41.565-0800][75205197ms] GC(20309)   Pre Evacuate Collection Set: 0.0ms
[2023-11-10T11:26:41.565-0800][75205197ms] GC(20309)   Evacuate Collection Set: 1.9ms
[2023-11-10T11:26:41.565-0800][75205197ms] GC(20309)   Post Evacuate Collection Set: 3.1ms
[2023-11-10T11:26:41.565-0800][75205197ms] GC(20309)   Other: 0.3ms
[2023-11-10T11:26:41.565-0800][75205197ms] GC(20309) Eden regions: 222->0(222)
[2023-11-10T11:26:41.565-0800][75205197ms] GC(20309) Survivor regions: 1->1(28)
[2023-11-10T11:26:41.565-0800][75205197ms] GC(20309) Old regions: 1391->1391
[2023-11-10T11:26:41.565-0800][75205197ms] GC(20309) Humongous regions: 5->5
[2023-11-10T11:26:41.565-0800][75205197ms] GC(20309) Metaspace: 304631K->304631K(1347584K)
[2023-11-10T11:26:41.565-0800][75205197ms] GC(20309) Pause Young (Normal) (G1 Evacuation Pause) 3234M->2790M(3602M) 5.407ms
[2023-11-10T11:26:41.565-0800][75205197ms] GC(20309) User=0.00s Sys=0.00s Real=0.01s
[2023-11-10T11:26:42.110-0800][75205742ms] GC(20310) Pause Young (Normal) (G1 Evacuation Pause)
[2023-11-10T11:26:42.110-0800][75205742ms] GC(20310) Using 10 workers of 10 for evacuation
[2023-11-10T11:26:42.115-0800][75205747ms] GC(20310)   Pre Evacuate Collection Set: 0.0ms
[2023-11-10T11:26:42.115-0800][75205747ms] GC(20310)   Evacuate Collection Set: 1.6ms
[2023-11-10T11:26:42.115-0800][75205747ms] GC(20310)   Post Evacuate Collection Set: 3.0ms
[2023-11-10T11:26:42.115-0800][75205747ms] GC(20310)   Other: 0.2ms
[2023-11-10T11:26:42.115-0800][75205747ms] GC(20310) Eden regions: 222->0(222)
[2023-11-10T11:26:42.115-0800][75205747ms] GC(20310) Survivor regions: 1->1(28)
[2023-11-10T11:26:42.115-0800][75205747ms] GC(20310) Old regions: 1391->1391
[2023-11-10T11:26:42.115-0800][75205747ms] GC(20310) Humongous regions: 5->5
[2023-11-10T11:26:42.115-0800][75205747ms] GC(20310) Metaspace: 304631K->304631K(1347584K)
[2023-11-10T11:26:42.115-0800][75205747ms] GC(20310) Pause Young (Normal) (G1 Evacuation Pause) 3234M->2790M(3602M) 5.036ms
[2023-11-10T11:26:42.115-0800][75205747ms] GC(20310) User=0.00s Sys=0.00s Real=0.01s
[2023-11-10T11:26:42.655-0800][75206287ms] GC(20311) Pause Young (Normal) (G1 Evacuation Pause)
[2023-11-10T11:26:42.655-0800][75206287ms] GC(20311) Using 10 workers of 10 for evacuation
[2023-11-10T11:26:42.660-0800][75206292ms] GC(20311)   Pre Evacuate Collection Set: 0.0ms
[2023-11-10T11:26:42.660-0800][75206292ms] GC(20311)   Evacuate Collection Set: 1.9ms
[2023-11-10T11:26:42.660-0800][75206292ms] GC(20311)   Post Evacuate Collection Set: 3.5ms
[2023-11-10T11:26:42.660-0800][75206292ms] GC(20311)   Other: 0.3ms
[2023-11-10T11:26:42.660-0800][75206292ms] GC(20311) Eden regions: 222->0(222)
[2023-11-10T11:26:42.660-0800][75206292ms] GC(20311) Survivor regions: 1->1(28)
[2023-11-10T11:26:42.660-0800][75206292ms] GC(20311) Old regions: 1391->1391
[2023-11-10T11:26:42.660-0800][75206292ms] GC(20311) Humongous regions: 5->5
[2023-11-10T11:26:42.660-0800][75206292ms] GC(20311) Metaspace: 304631K->304631K(1347584K)
[2023-11-10T11:26:42.660-0800][75206292ms] GC(20311) Pause Young (Normal) (G1 Evacuation Pause) 3234M->2790M(3602M) 5.803ms
[2023-11-10T11:26:42.660-0800][75206292ms] GC(20311) User=0.00s Sys=0.00s Real=0.01s
[2023-11-10T11:26:43.165-0800][75206797ms] GC(20312) Pause Young (Normal) (G1 Evacuation Pause)
[2023-11-10T11:26:43.165-0800][75206797ms] GC(20312) Using 10 workers of 10 for evacuation
[2023-11-10T11:26:43.170-0800][75206802ms] GC(20312)   Pre Evacuate Collection Set: 0.0ms
[2023-11-10T11:26:43.170-0800][75206802ms] GC(20312)   Evacuate Collection Set: 1.7ms
[2023-11-10T11:26:43.170-0800][75206802ms] GC(20312)   Post Evacuate Collection Set: 3.1ms
[2023-11-10T11:26:43.170-0800][75206802ms] GC(20312)   Other: 0.2ms
[2023-11-10T11:26:43.170-0800][75206802ms] GC(20312) Eden regions: 222->0(222)
[2023-11-10T11:26:43.170-0800][75206802ms] GC(20312) Survivor regions: 1->1(28)
[2023-11-10T11:26:43.170-0800][75206802ms] GC(20312) Old regions: 1391->1391
[2023-11-10T11:26:43.170-0800][75206802ms] GC(20312) Humongous regions: 5->5
[2023-11-10T11:26:43.170-0800][75206802ms] GC(20312) Metaspace: 304631K->304631K(1347584K)
[2023-11-10T11:26:43.170-0800][75206802ms] GC(20312) Pause Young (Normal) (G1 Evacuation Pause) 3234M->2791M(3602M) 5.183ms
[2023-11-10T11:26:43.170-0800][75206802ms] GC(20312) User=0.00s Sys=0.00s Real=0.01s
[2023-11-10T11:26:43.700-0800][75207332ms] GC(20313) Pause Young (Normal) (G1 Evacuation Pause)
[2023-11-10T11:26:43.700-0800][75207332ms] GC(20313) Using 10 workers of 10 for evacuation
[2023-11-10T11:26:43.706-0800][75207338ms] GC(20313)   Pre Evacuate Collection Set: 0.1ms
[2023-11-10T11:26:43.706-0800][75207338ms] GC(20313)   Evacuate Collection Set: 1.8ms
[2023-11-10T11:26:43.706-0800][75207338ms] GC(20313)   Post Evacuate Collection Set: 3.6ms
[2023-11-10T11:26:43.706-0800][75207338ms] GC(20313)   Other: 0.3ms
[2023-11-10T11:26:43.706-0800][75207338ms] GC(20313) Eden regions: 222->0(222)
[2023-11-10T11:26:43.706-0800][75207338ms] GC(20313) Survivor regions: 1->1(28)
[2023-11-10T11:26:43.706-0800][75207338ms] GC(20313) Old regions: 1391->1391
[2023-11-10T11:26:43.706-0800][75207338ms] GC(20313) Humongous regions: 5->5
[2023-11-10T11:26:43.706-0800][75207338ms] GC(20313) Metaspace: 304631K->304631K(1347584K)
[2023-11-10T11:26:43.706-0800][75207338ms] GC(20313) Pause Young (Normal) (G1 Evacuation Pause) 3235M->2790M(3602M) 5.839ms
[2023-11-10T11:26:43.706-0800][75207338ms] GC(20313) User=0.00s Sys=0.00s Real=0.01s
[2023-11-10T11:26:44.243-0800][75207875ms] GC(20314) Pause Young (Normal) (G1 Evacuation Pause)
[2023-11-10T11:26:44.243-0800][75207875ms] GC(20314) Using 10 workers of 10 for evacuation
[2023-11-10T11:26:44.249-0800][75207881ms] GC(20314)   Pre Evacuate Collection Set: 0.1ms
[2023-11-10T11:26:44.250-0800][75207882ms] GC(20314)   Evacuate Collection Set: 2.1ms
[2023-11-10T11:26:44.250-0800][75207882ms] GC(20314)   Post Evacuate Collection Set: 3.5ms
[2023-11-10T11:26:44.250-0800][75207882ms] GC(20314)   Other: 0.4ms
[2023-11-10T11:26:44.250-0800][75207882ms] GC(20314) Eden regions: 222->0(222)
[2023-11-10T11:26:44.250-0800][75207882ms] GC(20314) Survivor regions: 1->1(28)
[2023-11-10T11:26:44.250-0800][75207882ms] GC(20314) Old regions: 1391->1391
[2023-11-10T11:26:44.250-0800][75207882ms] GC(20314) Humongous regions: 5->5
[2023-11-10T11:26:44.250-0800][75207882ms] GC(20314) Metaspace: 304631K->304631K(1347584K)
[2023-11-10T11:26:44.250-0800][75207882ms] GC(20314) Pause Young (Normal) (G1 Evacuation Pause) 3234M->2790M(3602M) 6.169ms
[2023-11-10T11:26:44.250-0800][75207882ms] GC(20314) User=0.00s Sys=0.00s Real=0.01s
[2023-11-10T11:26:44.806-0800][75208438ms] GC(20315) Pause Young (Normal) (G1 Evacuation Pause)
[2023-11-10T11:26:44.806-0800][75208438ms] GC(20315) Using 10 workers of 10 for evacuation
[2023-11-10T11:26:44.812-0800][75208444ms] GC(20315)   Pre Evacuate Collection Set: 0.1ms
[2023-11-10T11:26:44.812-0800][75208444ms] GC(20315)   Evacuate Collection Set: 2.3ms
[2023-11-10T11:26:44.812-0800][75208444ms] GC(20315)   Post Evacuate Collection Set: 4.0ms
[2023-11-10T11:26:44.812-0800][75208444ms] GC(20315)   Other: 0.4ms
[2023-11-10T11:26:44.812-0800][75208444ms] GC(20315) Eden regions: 222->0(222)
[2023-11-10T11:26:44.812-0800][75208444ms] GC(20315) Survivor regions: 1->1(28)
[2023-11-10T11:26:44.812-0800][75208444ms] GC(20315) Old regions: 1391->1391
[2023-11-10T11:26:44.812-0800][75208444ms] GC(20315) Humongous regions: 5->5
[2023-11-10T11:26:44.812-0800][75208444ms] GC(20315) Metaspace: 304631K->304631K(1347584K)
[2023-11-10T11:26:44.812-0800][75208444ms] GC(20315) Pause Young (Normal) (G1 Evacuation Pause) 3234M->2791M(3602M) 6.835ms
[2023-11-10T11:26:44.813-0800][75208445ms] GC(20315) User=0.00s Sys=0.00s Real=0.01s
[2023-11-10T11:26:45.419-0800][75209051ms] GC(20316) Pause Young (Normal) (G1 Evacuation Pause)
[2023-11-10T11:26:45.419-0800][75209051ms] GC(20316) Using 10 workers of 10 for evacuation
[2023-11-10T11:26:45.424-0800][75209056ms] GC(20316)   Pre Evacuate Collection Set: 0.0ms
[2023-11-10T11:26:45.424-0800][75209056ms] GC(20316)   Evacuate Collection Set: 1.6ms
[2023-11-10T11:26:45.424-0800][75209056ms] GC(20316)   Post Evacuate Collection Set: 3.4ms
[2023-11-10T11:26:45.424-0800][75209056ms] GC(20316)   Other: 0.3ms
[2023-11-10T11:26:45.424-0800][75209056ms] GC(20316) Eden regions: 222->0(222)
[2023-11-10T11:26:45.424-0800][75209056ms] GC(20316) Survivor regions: 1->1(28)
[2023-11-10T11:26:45.424-0800][75209056ms] GC(20316) Old regions: 1391->1391
[2023-11-10T11:26:45.424-0800][75209056ms] GC(20316) Humongous regions: 5->5
[2023-11-10T11:26:45.424-0800][75209056ms] GC(20316) Metaspace: 304631K->304631K(1347584K)
[2023-11-10T11:26:45.424-0800][75209056ms] GC(20316) Pause Young (Normal) (G1 Evacuation Pause) 3235M->2791M(3602M) 5.437ms
[2023-11-10T11:26:45.424-0800][75209056ms] GC(20316) User=0.00s Sys=0.00s Real=0.01s
[2023-11-10T11:26:45.970-0800][75209602ms] GC(20317) Pause Young (Normal) (G1 Evacuation Pause)
[2023-11-10T11:26:45.970-0800][75209602ms] GC(20317) Using 10 workers of 10 for evacuation
[2023-11-10T11:26:45.976-0800][75209608ms] GC(20317)   Pre Evacuate Collection Set: 0.0ms
[2023-11-10T11:26:45.976-0800][75209608ms] GC(20317)   Evacuate Collection Set: 1.8ms
[2023-11-10T11:26:45.976-0800][75209608ms] GC(20317)   Post Evacuate Collection Set: 4.1ms
[2023-11-10T11:26:45.976-0800][75209608ms] GC(20317)   Other: 0.3ms
[2023-11-10T11:26:45.976-0800][75209608ms] GC(20317) Eden regions: 222->0(222)
[2023-11-10T11:26:45.976-0800][75209608ms] GC(20317) Survivor regions: 1->1(28)
[2023-11-10T11:26:45.976-0800][75209608ms] GC(20317) Old regions: 1391->1391
[2023-11-10T11:26:45.976-0800][75209608ms] GC(20317) Humongous regions: 5->5
[2023-11-10T11:26:45.976-0800][75209608ms] GC(20317) Metaspace: 304631K->304631K(1347584K)
[2023-11-10T11:26:45.976-0800][75209608ms] GC(20317) Pause Young (Normal) (G1 Evacuation Pause) 3235M->2791M(3602M) 6.448ms
[2023-11-10T11:26:45.976-0800][75209608ms] GC(20317) User=0.00s Sys=0.00s Real=0.01s
[2023-11-10T11:26:46.557-0800][75210189ms] GC(20318) Pause Young (Normal) (G1 Evacuation Pause)
[2023-11-10T11:26:46.557-0800][75210189ms] GC(20318) Using 10 workers of 10 for evacuation
[2023-11-10T11:26:46.562-0800][75210194ms] GC(20318)   Pre Evacuate Collection Set: 0.1ms
[2023-11-10T11:26:46.562-0800][75210194ms] GC(20318)   Evacuate Collection Set: 1.7ms
[2023-11-10T11:26:46.562-0800][75210194ms] GC(20318)   Post Evacuate Collection Set: 3.1ms
[2023-11-10T11:26:46.562-0800][75210194ms] GC(20318)   Other: 0.3ms
[2023-11-10T11:26:46.562-0800][75210194ms] GC(20318) Eden regions: 222->0(222)
[2023-11-10T11:26:46.562-0800][75210194ms] GC(20318) Survivor regions: 1->1(28)
[2023-11-10T11:26:46.562-0800][75210194ms] GC(20318) Old regions: 1391->1391
[2023-11-10T11:26:46.562-0800][75210194ms] GC(20318) Humongous regions: 5->5
[2023-11-10T11:26:46.562-0800][75210194ms] GC(20318) Metaspace: 304631K->304631K(1347584K)
[2023-11-10T11:26:46.562-0800][75210194ms] GC(20318) Pause Young (Normal) (G1 Evacuation Pause) 3235M->2791M(3602M) 5.244ms
[2023-11-10T11:26:46.562-0800][75210194ms] GC(20318) User=0.00s Sys=0.00s Real=0.01s
[2023-11-10T11:26:47.103-0800][75210735ms] GC(20319) Pause Young (Normal) (G1 Evacuation Pause)
[2023-11-10T11:26:47.103-0800][75210735ms] GC(20319) Using 10 workers of 10 for evacuation
[2023-11-10T11:26:47.111-0800][75210743ms] GC(20319)   Pre Evacuate Collection Set: 0.0ms
[2023-11-10T11:26:47.111-0800][75210743ms] GC(20319)   Evacuate Collection Set: 2.8ms
[2023-11-10T11:26:47.111-0800][75210743ms] GC(20319)   Post Evacuate Collection Set: 4.8ms
[2023-11-10T11:26:47.111-0800][75210743ms] GC(20319)   Other: 0.3ms
[2023-11-10T11:26:47.111-0800][75210743ms] GC(20319) Eden regions: 222->0(222)
[2023-11-10T11:26:47.111-0800][75210743ms] GC(20319) Survivor regions: 1->1(28)
[2023-11-10T11:26:47.111-0800][75210743ms] GC(20319) Old regions: 1391->1391
[2023-11-10T11:26:47.111-0800][75210743ms] GC(20319) Humongous regions: 5->5
[2023-11-10T11:26:47.111-0800][75210743ms] GC(20319) Metaspace: 304631K->304631K(1347584K)
[2023-11-10T11:26:47.111-0800][75210743ms] GC(20319) Pause Young (Normal) (G1 Evacuation Pause) 3235M->2791M(3602M) 7.999ms
[2023-11-10T11:26:47.111-0800][75210743ms] GC(20319) User=0.00s Sys=0.00s Real=0.01s
[2023-11-10T11:26:47.683-0800][75211315ms] GC(20320) Pause Young (Normal) (G1 Evacuation Pause)
[2023-11-10T11:26:47.683-0800][75211315ms] GC(20320) Using 10 workers of 10 for evacuation
[2023-11-10T11:26:47.687-0800][75211320ms] GC(20320)   Pre Evacuate Collection Set: 0.1ms
[2023-11-10T11:26:47.688-0800][75211320ms] GC(20320)   Evacuate Collection Set: 1.7ms
[2023-11-10T11:26:47.688-0800][75211320ms] GC(20320)   Post Evacuate Collection Set: 3.3ms
[2023-11-10T11:26:47.688-0800][75211320ms] GC(20320)   Other: 0.3ms
[2023-11-10T11:26:47.688-0800][75211320ms] GC(20320) Eden regions: 222->0(222)
[2023-11-10T11:26:47.688-0800][75211320ms] GC(20320) Survivor regions: 1->1(28)
[2023-11-10T11:26:47.688-0800][75211320ms] GC(20320) Old regions: 1391->1391
[2023-11-10T11:26:47.688-0800][75211320ms] GC(20320) Humongous regions: 5->5
[2023-11-10T11:26:47.688-0800][75211320ms] GC(20320) Metaspace: 304631K->304631K(1347584K)
[2023-11-10T11:26:47.688-0800][75211320ms] GC(20320) Pause Young (Normal) (G1 Evacuation Pause) 3235M->2791M(3602M) 5.535ms
[2023-11-10T11:26:47.688-0800][75211320ms] GC(20320) User=0.00s Sys=0.00s Real=0.00s
[2023-11-10T11:26:48.243-0800][75211875ms] GC(20321) Pause Young (Normal) (G1 Evacuation Pause)
[2023-11-10T11:26:48.243-0800][75211875ms] GC(20321) Using 10 workers of 10 for evacuation
[2023-11-10T11:26:48.248-0800][75211880ms] GC(20321)   Pre Evacuate Collection Set: 0.1ms
[2023-11-10T11:26:48.248-0800][75211880ms] GC(20321)   Evacuate Collection Set: 1.6ms
[2023-11-10T11:26:48.248-0800][75211880ms] GC(20321)   Post Evacuate Collection Set: 3.7ms
[2023-11-10T11:26:48.248-0800][75211880ms] GC(20321)   Other: 0.3ms
[2023-11-10T11:26:48.248-0800][75211880ms] GC(20321) Eden regions: 222->0(222)
[2023-11-10T11:26:48.248-0800][75211880ms] GC(20321) Survivor regions: 1->1(28)
[2023-11-10T11:26:48.248-0800][75211880ms] GC(20321) Old regions: 1391->1391
[2023-11-10T11:26:48.248-0800][75211880ms] GC(20321) Humongous regions: 5->5
[2023-11-10T11:26:48.248-0800][75211880ms] GC(20321) Metaspace: 304631K->304631K(1347584K)
[2023-11-10T11:26:48.248-0800][75211880ms] GC(20321) Pause Young (Normal) (G1 Evacuation Pause) 3235M->2791M(3602M) 5.775ms
[2023-11-10T11:26:48.249-0800][75211881ms] GC(20321) User=0.00s Sys=0.00s Real=0.01s
[2023-11-10T11:26:48.803-0800][75212435ms] GC(20322) Pause Young (Normal) (G1 Evacuation Pause)
[2023-11-10T11:26:48.804-0800][75212436ms] GC(20322) Using 10 workers of 10 for evacuation
[2023-11-10T11:26:48.808-0800][75212440ms] GC(20322)   Pre Evacuate Collection Set: 0.0ms
[2023-11-10T11:26:48.808-0800][75212440ms] GC(20322)   Evacuate Collection Set: 1.7ms
[2023-11-10T11:26:48.808-0800][75212440ms] GC(20322)   Post Evacuate Collection Set: 3.3ms
[2023-11-10T11:26:48.808-0800][75212440ms] GC(20322)   Other: 0.3ms
[2023-11-10T11:26:48.808-0800][75212440ms] GC(20322) Eden regions: 222->0(222)
[2023-11-10T11:26:48.808-0800][75212440ms] GC(20322) Survivor regions: 1->1(28)
[2023-11-10T11:26:48.808-0800][75212440ms] GC(20322) Old regions: 1391->1391
[2023-11-10T11:26:48.808-0800][75212440ms] GC(20322) Humongous regions: 5->5
[2023-11-10T11:26:48.808-0800][75212440ms] GC(20322) Metaspace: 304631K->304631K(1347584K)
[2023-11-10T11:26:48.808-0800][75212440ms] GC(20322) Pause Young (Normal) (G1 Evacuation Pause) 3235M->2791M(3602M) 5.401ms
[2023-11-10T11:26:48.808-0800][75212440ms] GC(20322) User=0.00s Sys=0.00s Real=0.01s
[2023-11-10T11:26:49.378-0800][75213010ms] GC(20323) Pause Young (Normal) (G1 Evacuation Pause)
[2023-11-10T11:26:49.378-0800][75213010ms] GC(20323) Using 10 workers of 10 for evacuation
[2023-11-10T11:26:49.383-0800][75213015ms] GC(20323)   Pre Evacuate Collection Set: 0.0ms
[2023-11-10T11:26:49.383-0800][75213015ms] GC(20323)   Evacuate Collection Set: 1.6ms
[2023-11-10T11:26:49.383-0800][75213015ms] GC(20323)   Post Evacuate Collection Set: 3.1ms
[2023-11-10T11:26:49.383-0800][75213015ms] GC(20323)   Other: 0.2ms
[2023-11-10T11:26:49.383-0800][75213015ms] GC(20323) Eden regions: 222->0(222)
[2023-11-10T11:26:49.383-0800][75213015ms] GC(20323) Survivor regions: 1->1(28)
[2023-11-10T11:26:49.383-0800][75213015ms] GC(20323) Old regions: 1391->1391
[2023-11-10T11:26:49.383-0800][75213015ms] GC(20323) Humongous regions: 5->5
[2023-11-10T11:26:49.383-0800][75213015ms] GC(20323) Metaspace: 304631K->304631K(1347584K)
[2023-11-10T11:26:49.383-0800][75213015ms] GC(20323) Pause Young (Normal) (G1 Evacuation Pause) 3235M->2791M(3602M) 5.191ms
[2023-11-10T11:26:49.383-0800][75213015ms] GC(20323) User=0.00s Sys=0.00s Real=0.00s
[2023-11-10T11:26:49.948-0800][75213580ms] GC(20324) Pause Young (Normal) (G1 Evacuation Pause)
[2023-11-10T11:26:49.948-0800][75213580ms] GC(20324) Using 10 workers of 10 for evacuation
[2023-11-10T11:26:49.953-0800][75213585ms] GC(20324)   Pre Evacuate Collection Set: 0.0ms
[2023-11-10T11:26:49.953-0800][75213585ms] GC(20324)   Evacuate Collection Set: 1.7ms
[2023-11-10T11:26:49.953-0800][75213585ms] GC(20324)   Post Evacuate Collection Set: 3.1ms
[2023-11-10T11:26:49.953-0800][75213585ms] GC(20324)   Other: 0.3ms
[2023-11-10T11:26:49.953-0800][75213585ms] GC(20324) Eden regions: 222->0(222)
[2023-11-10T11:26:49.953-0800][75213585ms] GC(20324) Survivor regions: 1->1(28)
[2023-11-10T11:26:49.953-0800][75213585ms] GC(20324) Old regions: 1391->1391
[2023-11-10T11:26:49.953-0800][75213585ms] GC(20324) Humongous regions: 5->5
[2023-11-10T11:26:49.953-0800][75213585ms] GC(20324) Metaspace: 304631K->304631K(1347584K)
[2023-11-10T11:26:49.953-0800][75213585ms] GC(20324) Pause Young (Normal) (G1 Evacuation Pause) 3235M->2791M(3602M) 5.254ms
[2023-11-10T11:26:49.953-0800][75213585ms] GC(20324) User=0.00s Sys=0.00s Real=0.01s
[2023-11-10T11:26:50.433-0800][75214065ms] GC(20325) Pause Young (Normal) (G1 Evacuation Pause)
[2023-11-10T11:26:50.433-0800][75214065ms] GC(20325) Using 10 workers of 10 for evacuation
[2023-11-10T11:26:50.437-0800][75214069ms] GC(20325)   Pre Evacuate Collection Set: 0.0ms
[2023-11-10T11:26:50.438-0800][75214070ms] GC(20325)   Evacuate Collection Set: 1.6ms
[2023-11-10T11:26:50.438-0800][75214070ms] GC(20325)   Post Evacuate Collection Set: 2.9ms
[2023-11-10T11:26:50.438-0800][75214070ms] GC(20325)   Other: 0.3ms
[2023-11-10T11:26:50.438-0800][75214070ms] GC(20325) Eden regions: 222->0(222)
[2023-11-10T11:26:50.438-0800][75214070ms] GC(20325) Survivor regions: 1->1(28)
[2023-11-10T11:26:50.438-0800][75214070ms] GC(20325) Old regions: 1391->1391
[2023-11-10T11:26:50.438-0800][75214070ms] GC(20325) Humongous regions: 5->5
[2023-11-10T11:26:50.438-0800][75214070ms] GC(20325) Metaspace: 304631K->304631K(1347584K)
[2023-11-10T11:26:50.438-0800][75214070ms] GC(20325) Pause Young (Normal) (G1 Evacuation Pause) 3235M->2791M(3602M) 4.900ms
[2023-11-10T11:26:50.438-0800][75214070ms] GC(20325) User=0.00s Sys=0.00s Real=0.00s
[2023-11-10T11:26:50.991-0800][75214623ms] GC(20326) Pause Young (Normal) (G1 Evacuation Pause)
[2023-11-10T11:26:50.991-0800][75214623ms] GC(20326) Using 10 workers of 10 for evacuation
[2023-11-10T11:26:50.997-0800][75214629ms] GC(20326)   Pre Evacuate Collection Set: 0.0ms
[2023-11-10T11:26:50.997-0800][75214629ms] GC(20326)   Evacuate Collection Set: 1.6ms
[2023-11-10T11:26:50.997-0800][75214629ms] GC(20326)   Post Evacuate Collection Set: 3.8ms
[2023-11-10T11:26:50.997-0800][75214629ms] GC(20326)   Other: 0.3ms
[2023-11-10T11:26:50.997-0800][75214629ms] GC(20326) Eden regions: 222->0(222)
[2023-11-10T11:26:50.997-0800][75214629ms] GC(20326) Survivor regions: 1->1(28)
[2023-11-10T11:26:50.997-0800][75214629ms] GC(20326) Old regions: 1391->1391
[2023-11-10T11:26:50.997-0800][75214629ms] GC(20326) Humongous regions: 5->5
[2023-11-10T11:26:50.997-0800][75214629ms] GC(20326) Metaspace: 304631K->304631K(1347584K)
[2023-11-10T11:26:50.997-0800][75214629ms] GC(20326) Pause Young (Normal) (G1 Evacuation Pause) 3235M->2791M(3602M) 5.846ms
[2023-11-10T11:26:50.997-0800][75214629ms] GC(20326) User=0.00s Sys=0.00s Real=0.01s
[2023-11-10T11:26:51.535-0800][75215167ms] GC(20327) Pause Young (Normal) (G1 Evacuation Pause)
[2023-11-10T11:26:51.535-0800][75215167ms] GC(20327) Using 10 workers of 10 for evacuation
[2023-11-10T11:26:51.540-0800][75215172ms] GC(20327)   Pre Evacuate Collection Set: 0.0ms
[2023-11-10T11:26:51.540-0800][75215172ms] GC(20327)   Evacuate Collection Set: 1.7ms
[2023-11-10T11:26:51.540-0800][75215172ms] GC(20327)   Post Evacuate Collection Set: 3.3ms
[2023-11-10T11:26:51.540-0800][75215172ms] GC(20327)   Other: 0.3ms
[2023-11-10T11:26:51.540-0800][75215172ms] GC(20327) Eden regions: 222->0(222)
[2023-11-10T11:26:51.540-0800][75215172ms] GC(20327) Survivor regions: 1->1(28)
[2023-11-10T11:26:51.540-0800][75215172ms] GC(20327) Old regions: 1391->1391
[2023-11-10T11:26:51.540-0800][75215172ms] GC(20327) Humongous regions: 5->5
[2023-11-10T11:26:51.540-0800][75215172ms] GC(20327) Metaspace: 304631K->304631K(1347584K)
[2023-11-10T11:26:51.540-0800][75215172ms] GC(20327) Pause Young (Normal) (G1 Evacuation Pause) 3235M->2791M(3602M) 5.380ms
[2023-11-10T11:26:51.540-0800][75215172ms] GC(20327) User=0.00s Sys=0.00s Real=0.00s
[2023-11-10T11:26:52.075-0800][75215707ms] GC(20328) Pause Young (Normal) (G1 Evacuation Pause)
[2023-11-10T11:26:52.075-0800][75215707ms] GC(20328) Using 10 workers of 10 for evacuation
[2023-11-10T11:26:52.081-0800][75215713ms] GC(20328)   Pre Evacuate Collection Set: 0.0ms
[2023-11-10T11:26:52.081-0800][75215713ms] GC(20328)   Evacuate Collection Set: 1.6ms
[2023-11-10T11:26:52.081-0800][75215713ms] GC(20328)   Post Evacuate Collection Set: 3.1ms
[2023-11-10T11:26:52.081-0800][75215713ms] GC(20328)   Other: 0.3ms
[2023-11-10T11:26:52.081-0800][75215713ms] GC(20328) Eden regions: 222->0(222)
[2023-11-10T11:26:52.081-0800][75215713ms] GC(20328) Survivor regions: 1->1(28)
[2023-11-10T11:26:52.081-0800][75215713ms] GC(20328) Old regions: 1391->1391
[2023-11-10T11:26:52.081-0800][75215713ms] GC(20328) Humongous regions: 5->5
[2023-11-10T11:26:52.081-0800][75215713ms] GC(20328) Metaspace: 304631K->304631K(1347584K)
[2023-11-10T11:26:52.081-0800][75215713ms] GC(20328) Pause Young (Normal) (G1 Evacuation Pause) 3235M->2791M(3602M) 5.154ms
[2023-11-10T11:26:52.081-0800][75215713ms] GC(20328) User=0.00s Sys=0.00s Real=0.01s
[2023-11-10T11:26:52.629-0800][75216261ms] GC(20329) Pause Young (Normal) (G1 Evacuation Pause)
[2023-11-10T11:26:52.629-0800][75216261ms] GC(20329) Using 10 workers of 10 for evacuation
[2023-11-10T11:26:52.635-0800][75216267ms] GC(20329)   Pre Evacuate Collection Set: 0.0ms
[2023-11-10T11:26:52.635-0800][75216267ms] GC(20329)   Evacuate Collection Set: 1.9ms
[2023-11-10T11:26:52.635-0800][75216267ms] GC(20329)   Post Evacuate Collection Set: 3.2ms
[2023-11-10T11:26:52.635-0800][75216267ms] GC(20329)   Other: 0.3ms
[2023-11-10T11:26:52.635-0800][75216267ms] GC(20329) Eden regions: 222->0(222)
[2023-11-10T11:26:52.635-0800][75216267ms] GC(20329) Survivor regions: 1->1(28)
[2023-11-10T11:26:52.635-0800][75216267ms] GC(20329) Old regions: 1391->1391
[2023-11-10T11:26:52.635-0800][75216267ms] GC(20329) Humongous regions: 5->5
[2023-11-10T11:26:52.635-0800][75216267ms] GC(20329) Metaspace: 304631K->304631K(1347584K)
[2023-11-10T11:26:52.635-0800][75216267ms] GC(20329) Pause Young (Normal) (G1 Evacuation Pause) 3235M->2791M(3602M) 5.600ms
[2023-11-10T11:26:52.635-0800][75216267ms] GC(20329) User=0.02s Sys=0.00s Real=0.01s
[2023-11-10T11:26:53.165-0800][75216797ms] GC(20330) Pause Young (Normal) (G1 Evacuation Pause)
[2023-11-10T11:26:53.165-0800][75216797ms] GC(20330) Using 10 workers of 10 for evacuation
[2023-11-10T11:26:53.170-0800][75216802ms] GC(20330)   Pre Evacuate Collection Set: 0.0ms
[2023-11-10T11:26:53.170-0800][75216802ms] GC(20330)   Evacuate Collection Set: 1.7ms
[2023-11-10T11:26:53.170-0800][75216802ms] GC(20330)   Post Evacuate Collection Set: 3.0ms
[2023-11-10T11:26:53.170-0800][75216802ms] GC(20330)   Other: 0.3ms
[2023-11-10T11:26:53.170-0800][75216802ms] GC(20330) Eden regions: 222->0(222)
[2023-11-10T11:26:53.170-0800][75216802ms] GC(20330) Survivor regions: 1->1(28)
[2023-11-10T11:26:53.170-0800][75216802ms] GC(20330) Old regions: 1391->1391
[2023-11-10T11:26:53.170-0800][75216802ms] GC(20330) Humongous regions: 5->5
[2023-11-10T11:26:53.170-0800][75216802ms] GC(20330) Metaspace: 304631K->304631K(1347584K)
[2023-11-10T11:26:53.170-0800][75216802ms] GC(20330) Pause Young (Normal) (G1 Evacuation Pause) 3235M->2791M(3602M) 5.108ms
[2023-11-10T11:26:53.170-0800][75216802ms] GC(20330) User=0.00s Sys=0.00s Real=0.01s
[2023-11-10T11:26:53.667-0800][75217299ms] GC(20331) Pause Young (Normal) (G1 Evacuation Pause)
[2023-11-10T11:26:53.667-0800][75217299ms] GC(20331) Using 10 workers of 10 for evacuation
[2023-11-10T11:26:53.672-0800][75217304ms] GC(20331)   Pre Evacuate Collection Set: 0.0ms
[2023-11-10T11:26:53.672-0800][75217304ms] GC(20331)   Evacuate Collection Set: 1.8ms
[2023-11-10T11:26:53.672-0800][75217304ms] GC(20331)   Post Evacuate Collection Set: 2.9ms
[2023-11-10T11:26:53.672-0800][75217304ms] GC(20331)   Other: 0.2ms
[2023-11-10T11:26:53.672-0800][75217304ms] GC(20331) Eden regions: 222->0(222)
[2023-11-10T11:26:53.672-0800][75217304ms] GC(20331) Survivor regions: 1->1(28)
[2023-11-10T11:26:53.672-0800][75217304ms] GC(20331) Old regions: 1391->1391
[2023-11-10T11:26:53.672-0800][75217304ms] GC(20331) Humongous regions: 5->5
[2023-11-10T11:26:53.672-0800][75217304ms] GC(20331) Metaspace: 304631K->304631K(1347584K)
[2023-11-10T11:26:53.672-0800][75217304ms] GC(20331) Pause Young (Normal) (G1 Evacuation Pause) 3235M->2791M(3602M) 5.146ms
[2023-11-10T11:26:53.672-0800][75217304ms] GC(20331) User=0.00s Sys=0.00s Real=0.00s
[2023-11-10T11:26:54.244-0800][75217876ms] GC(20332) Pause Young (Normal) (G1 Evacuation Pause)
[2023-11-10T11:26:54.244-0800][75217876ms] GC(20332) Using 10 workers of 10 for evacuation
[2023-11-10T11:26:54.249-0800][75217881ms] GC(20332)   Pre Evacuate Collection Set: 0.0ms
[2023-11-10T11:26:54.249-0800][75217881ms] GC(20332)   Evacuate Collection Set: 1.7ms
[2023-11-10T11:26:54.249-0800][75217881ms] GC(20332)   Post Evacuate Collection Set: 3.3ms
[2023-11-10T11:26:54.249-0800][75217881ms] GC(20332)   Other: 0.3ms
[2023-11-10T11:26:54.249-0800][75217881ms] GC(20332) Eden regions: 222->0(222)
[2023-11-10T11:26:54.249-0800][75217881ms] GC(20332) Survivor regions: 1->1(28)
[2023-11-10T11:26:54.249-0800][75217881ms] GC(20332) Old regions: 1391->1391
[2023-11-10T11:26:54.249-0800][75217881ms] GC(20332) Humongous regions: 5->5
[2023-11-10T11:26:54.249-0800][75217881ms] GC(20332) Metaspace: 304631K->304631K(1347584K)
[2023-11-10T11:26:54.249-0800][75217881ms] GC(20332) Pause Young (Normal) (G1 Evacuation Pause) 3235M->2791M(3602M) 5.392ms
[2023-11-10T11:26:54.249-0800][75217881ms] GC(20332) User=0.00s Sys=0.00s Real=0.01s
[2023-11-10T11:26:54.791-0800][75218423ms] GC(20333) Pause Young (Normal) (G1 Evacuation Pause)
[2023-11-10T11:26:54.791-0800][75218423ms] GC(20333) Using 10 workers of 10 for evacuation
[2023-11-10T11:26:54.797-0800][75218429ms] GC(20333)   Pre Evacuate Collection Set: 0.0ms
[2023-11-10T11:26:54.797-0800][75218429ms] GC(20333)   Evacuate Collection Set: 1.6ms
[2023-11-10T11:26:54.797-0800][75218429ms] GC(20333)   Post Evacuate Collection Set: 4.1ms
[2023-11-10T11:26:54.797-0800][75218429ms] GC(20333)   Other: 0.3ms
[2023-11-10T11:26:54.797-0800][75218429ms] GC(20333) Eden regions: 222->0(222)
[2023-11-10T11:26:54.797-0800][75218429ms] GC(20333) Survivor regions: 1->1(28)
[2023-11-10T11:26:54.797-0800][75218429ms] GC(20333) Old regions: 1391->1391
[2023-11-10T11:26:54.797-0800][75218429ms] GC(20333) Humongous regions: 5->5
[2023-11-10T11:26:54.797-0800][75218429ms] GC(20333) Metaspace: 304631K->304631K(1347584K)
[2023-11-10T11:26:54.797-0800][75218429ms] GC(20333) Pause Young (Normal) (G1 Evacuation Pause) 3235M->2791M(3602M) 6.159ms
[2023-11-10T11:26:54.797-0800][75218429ms] GC(20333) User=0.00s Sys=0.00s Real=0.01s
[2023-11-10T11:26:55.378-0800][75219010ms] GC(20334) Pause Young (Normal) (G1 Evacuation Pause)
[2023-11-10T11:26:55.378-0800][75219010ms] GC(20334) Using 10 workers of 10 for evacuation
[2023-11-10T11:26:55.385-0800][75219017ms] GC(20334)   Pre Evacuate Collection Set: 0.1ms
[2023-11-10T11:26:55.385-0800][75219017ms] GC(20334)   Evacuate Collection Set: 2.5ms
[2023-11-10T11:26:55.385-0800][75219017ms] GC(20334)   Post Evacuate Collection Set: 4.3ms
[2023-11-10T11:26:55.385-0800][75219017ms] GC(20334)   Other: 0.3ms
[2023-11-10T11:26:55.385-0800][75219017ms] GC(20334) Eden regions: 222->0(222)
[2023-11-10T11:26:55.386-0800][75219018ms] GC(20334) Survivor regions: 1->1(28)
[2023-11-10T11:26:55.386-0800][75219018ms] GC(20334) Old regions: 1391->1391
[2023-11-10T11:26:55.386-0800][75219018ms] GC(20334) Humongous regions: 5->5
[2023-11-10T11:26:55.386-0800][75219018ms] GC(20334) Metaspace: 304631K->304631K(1347584K)
[2023-11-10T11:26:55.386-0800][75219018ms] GC(20334) Pause Young (Normal) (G1 Evacuation Pause) 3235M->2791M(3602M) 7.289ms
[2023-11-10T11:26:55.386-0800][75219018ms] GC(20334) User=0.00s Sys=0.00s Real=0.01s
[2023-11-10T11:26:55.972-0800][75219604ms] GC(20335) Pause Young (Normal) (G1 Evacuation Pause)
[2023-11-10T11:26:55.972-0800][75219604ms] GC(20335) Using 10 workers of 10 for evacuation
[2023-11-10T11:26:55.979-0800][75219611ms] GC(20335)   Pre Evacuate Collection Set: 0.1ms
[2023-11-10T11:26:55.979-0800][75219611ms] GC(20335)   Evacuate Collection Set: 1.8ms
[2023-11-10T11:26:55.979-0800][75219611ms] GC(20335)   Post Evacuate Collection Set: 5.1ms
[2023-11-10T11:26:55.979-0800][75219611ms] GC(20335)   Other: 0.3ms
[2023-11-10T11:26:55.979-0800][75219611ms] GC(20335) Eden regions: 222->0(222)
[2023-11-10T11:26:55.979-0800][75219611ms] GC(20335) Survivor regions: 1->1(28)
[2023-11-10T11:26:55.979-0800][75219611ms] GC(20335) Old regions: 1391->1391
[2023-11-10T11:26:55.979-0800][75219611ms] GC(20335) Humongous regions: 5->5
[2023-11-10T11:26:55.979-0800][75219611ms] GC(20335) Metaspace: 304631K->304631K(1347584K)
[2023-11-10T11:26:55.979-0800][75219611ms] GC(20335) Pause Young (Normal) (G1 Evacuation Pause) 3235M->2791M(3602M) 7.424ms
[2023-11-10T11:26:55.979-0800][75219611ms] GC(20335) User=0.02s Sys=0.00s Real=0.01s
[2023-11-10T11:26:56.550-0800][75220182ms] GC(20336) Pause Young (Normal) (G1 Evacuation Pause)
[2023-11-10T11:26:56.550-0800][75220182ms] GC(20336) Using 10 workers of 10 for evacuation
[2023-11-10T11:26:56.556-0800][75220188ms] GC(20336)   Pre Evacuate Collection Set: 0.1ms
[2023-11-10T11:26:56.556-0800][75220188ms] GC(20336)   Evacuate Collection Set: 1.7ms
[2023-11-10T11:26:56.556-0800][75220188ms] GC(20336)   Post Evacuate Collection Set: 3.9ms
[2023-11-10T11:26:56.556-0800][75220188ms] GC(20336)   Other: 0.4ms
[2023-11-10T11:26:56.556-0800][75220188ms] GC(20336) Eden regions: 222->0(222)
[2023-11-10T11:26:56.556-0800][75220188ms] GC(20336) Survivor regions: 1->1(28)
[2023-11-10T11:26:56.556-0800][75220188ms] GC(20336) Old regions: 1391->1391
[2023-11-10T11:26:56.556-0800][75220188ms] GC(20336) Humongous regions: 5->5
[2023-11-10T11:26:56.556-0800][75220188ms] GC(20336) Metaspace: 304631K->304631K(1347584K)
[2023-11-10T11:26:56.556-0800][75220188ms] GC(20336) Pause Young (Normal) (G1 Evacuation Pause) 3235M->2791M(3602M) 6.224ms
[2023-11-10T11:26:56.556-0800][75220188ms] GC(20336) User=0.00s Sys=0.00s Real=0.01s
[2023-11-10T11:26:57.099-0800][75220731ms] GC(20337) Pause Young (Normal) (G1 Evacuation Pause)
[2023-11-10T11:26:57.099-0800][75220731ms] GC(20337) Using 10 workers of 10 for evacuation
[2023-11-10T11:26:57.105-0800][75220737ms] GC(20337)   Pre Evacuate Collection Set: 0.1ms
[2023-11-10T11:26:57.105-0800][75220737ms] GC(20337)   Evacuate Collection Set: 2.3ms
[2023-11-10T11:26:57.105-0800][75220737ms] GC(20337)   Post Evacuate Collection Set: 3.2ms
[2023-11-10T11:26:57.105-0800][75220737ms] GC(20337)   Other: 0.4ms
[2023-11-10T11:26:57.105-0800][75220737ms] GC(20337) Eden regions: 222->0(222)
[2023-11-10T11:26:57.105-0800][75220737ms] GC(20337) Survivor regions: 1->1(28)
[2023-11-10T11:26:57.105-0800][75220737ms] GC(20337) Old regions: 1391->1391
[2023-11-10T11:26:57.105-0800][75220737ms] GC(20337) Humongous regions: 5->5
[2023-11-10T11:26:57.105-0800][75220737ms] GC(20337) Metaspace: 304631K->304631K(1347584K)
[2023-11-10T11:26:57.105-0800][75220737ms] GC(20337) Pause Young (Normal) (G1 Evacuation Pause) 3235M->2791M(3602M) 6.046ms
[2023-11-10T11:26:57.105-0800][75220737ms] GC(20337) User=0.05s Sys=0.00s Real=0.01s
[2023-11-10T11:26:57.697-0800][75221329ms] GC(20338) Pause Young (Normal) (G1 Evacuation Pause)
[2023-11-10T11:26:57.697-0800][75221329ms] GC(20338) Using 10 workers of 10 for evacuation
[2023-11-10T11:26:57.704-0800][75221336ms] GC(20338)   Pre Evacuate Collection Set: 0.1ms
[2023-11-10T11:26:57.704-0800][75221336ms] GC(20338)   Evacuate Collection Set: 2.8ms
[2023-11-10T11:26:57.704-0800][75221336ms] GC(20338)   Post Evacuate Collection Set: 3.9ms
[2023-11-10T11:26:57.704-0800][75221336ms] GC(20338)   Other: 0.5ms
[2023-11-10T11:26:57.704-0800][75221336ms] GC(20338) Eden regions: 222->0(222)
[2023-11-10T11:26:57.704-0800][75221336ms] GC(20338) Survivor regions: 1->1(28)
[2023-11-10T11:26:57.704-0800][75221336ms] GC(20338) Old regions: 1391->1391
[2023-11-10T11:26:57.704-0800][75221336ms] GC(20338) Humongous regions: 5->5
[2023-11-10T11:26:57.704-0800][75221336ms] GC(20338) Metaspace: 304631K->304631K(1347584K)
[2023-11-10T11:26:57.704-0800][75221336ms] GC(20338) Pause Young (Normal) (G1 Evacuation Pause) 3235M->2791M(3602M) 7.299ms
[2023-11-10T11:26:57.704-0800][75221336ms] GC(20338) User=0.00s Sys=0.00s Real=0.01s
[2023-11-10T11:26:58.246-0800][75221878ms] GC(20339) Pause Young (Normal) (G1 Evacuation Pause)
[2023-11-10T11:26:58.246-0800][75221878ms] GC(20339) Using 10 workers of 10 for evacuation
[2023-11-10T11:26:58.251-0800][75221883ms] GC(20339)   Pre Evacuate Collection Set: 0.1ms
[2023-11-10T11:26:58.252-0800][75221884ms] GC(20339)   Evacuate Collection Set: 2.2ms
[2023-11-10T11:26:58.252-0800][75221884ms] GC(20339)   Post Evacuate Collection Set: 3.3ms
[2023-11-10T11:26:58.252-0800][75221884ms] GC(20339)   Other: 0.3ms
[2023-11-10T11:26:58.252-0800][75221884ms] GC(20339) Eden regions: 222->0(222)
[2023-11-10T11:26:58.252-0800][75221884ms] GC(20339) Survivor regions: 1->1(28)
[2023-11-10T11:26:58.252-0800][75221884ms] GC(20339) Old regions: 1391->1391
[2023-11-10T11:26:58.252-0800][75221884ms] GC(20339) Humongous regions: 5->5
[2023-11-10T11:26:58.252-0800][75221884ms] GC(20339) Metaspace: 304631K->304631K(1347584K)
[2023-11-10T11:26:58.252-0800][75221884ms] GC(20339) Pause Young (Normal) (G1 Evacuation Pause) 3235M->2791M(3602M) 6.041ms
[2023-11-10T11:26:58.252-0800][75221884ms] GC(20339) User=0.00s Sys=0.00s Real=0.01s
[2023-11-10T11:26:58.775-0800][75222407ms] GC(20340) Pause Young (Normal) (G1 Evacuation Pause)
[2023-11-10T11:26:58.775-0800][75222407ms] GC(20340) Using 10 workers of 10 for evacuation
[2023-11-10T11:26:58.782-0800][75222414ms] GC(20340)   Pre Evacuate Collection Set: 0.0ms
[2023-11-10T11:26:58.782-0800][75222414ms] GC(20340)   Evacuate Collection Set: 2.4ms
[2023-11-10T11:26:58.782-0800][75222414ms] GC(20340)   Post Evacuate Collection Set: 4.3ms
[2023-11-10T11:26:58.782-0800][75222414ms] GC(20340)   Other: 0.3ms
[2023-11-10T11:26:58.782-0800][75222414ms] GC(20340) Eden regions: 222->0(222)
[2023-11-10T11:26:58.782-0800][75222414ms] GC(20340) Survivor regions: 1->1(28)
[2023-11-10T11:26:58.782-0800][75222414ms] GC(20340) Old regions: 1391->1391
[2023-11-10T11:26:58.782-0800][75222414ms] GC(20340) Humongous regions: 5->5
[2023-11-10T11:26:58.782-0800][75222414ms] GC(20340) Metaspace: 304631K->304631K(1347584K)
[2023-11-10T11:26:58.782-0800][75222414ms] GC(20340) Pause Young (Normal) (G1 Evacuation Pause) 3235M->2791M(3602M) 7.182ms
[2023-11-10T11:26:58.782-0800][75222414ms] GC(20340) User=0.00s Sys=0.00s Real=0.01s
[2023-11-10T11:26:59.326-0800][75222958ms] GC(20341) Pause Young (Normal) (G1 Evacuation Pause)
[2023-11-10T11:26:59.326-0800][75222958ms] GC(20341) Using 10 workers of 10 for evacuation
[2023-11-10T11:26:59.331-0800][75222963ms] GC(20341)   Pre Evacuate Collection Set: 0.0ms
[2023-11-10T11:26:59.331-0800][75222963ms] GC(20341)   Evacuate Collection Set: 1.8ms
[2023-11-10T11:26:59.331-0800][75222963ms] GC(20341)   Post Evacuate Collection Set: 3.1ms
[2023-11-10T11:26:59.331-0800][75222963ms] GC(20341)   Other: 0.3ms
[2023-11-10T11:26:59.331-0800][75222963ms] GC(20341) Eden regions: 222->0(222)
[2023-11-10T11:26:59.331-0800][75222963ms] GC(20341) Survivor regions: 1->1(28)
[2023-11-10T11:26:59.331-0800][75222963ms] GC(20341) Old regions: 1391->1391
[2023-11-10T11:26:59.331-0800][75222963ms] GC(20341) Humongous regions: 5->5
[2023-11-10T11:26:59.331-0800][75222963ms] GC(20341) Metaspace: 304631K->304631K(1347584K)
[2023-11-10T11:26:59.331-0800][75222963ms] GC(20341) Pause Young (Normal) (G1 Evacuation Pause) 3235M->2791M(3602M) 5.370ms
[2023-11-10T11:26:59.331-0800][75222963ms] GC(20341) User=0.00s Sys=0.00s Real=0.01s
[2023-11-10T11:26:59.883-0800][75223515ms] GC(20342) Pause Young (Normal) (G1 Evacuation Pause)
[2023-11-10T11:26:59.883-0800][75223515ms] GC(20342) Using 10 workers of 10 for evacuation
[2023-11-10T11:26:59.888-0800][75223520ms] GC(20342)   Pre Evacuate Collection Set: 0.0ms
[2023-11-10T11:26:59.888-0800][75223520ms] GC(20342)   Evacuate Collection Set: 1.7ms
[2023-11-10T11:26:59.888-0800][75223520ms] GC(20342)   Post Evacuate Collection Set: 3.2ms
[2023-11-10T11:26:59.888-0800][75223520ms] GC(20342)   Other: 0.3ms
[2023-11-10T11:26:59.888-0800][75223520ms] GC(20342) Eden regions: 222->0(222)
[2023-11-10T11:26:59.888-0800][75223520ms] GC(20342) Survivor regions: 1->1(28)
[2023-11-10T11:26:59.888-0800][75223520ms] GC(20342) Old regions: 1391->1391
[2023-11-10T11:26:59.888-0800][75223520ms] GC(20342) Humongous regions: 5->5
[2023-11-10T11:26:59.888-0800][75223520ms] GC(20342) Metaspace: 304631K->304631K(1347584K)
[2023-11-10T11:26:59.888-0800][75223520ms] GC(20342) Pause Young (Normal) (G1 Evacuation Pause) 3235M->2791M(3602M) 5.390ms
[2023-11-10T11:26:59.888-0800][75223520ms] GC(20342) User=0.00s Sys=0.00s Real=0.01s
[2023-11-10T11:27:00.410-0800][75224042ms] GC(20343) Pause Young (Normal) (G1 Evacuation Pause)
[2023-11-10T11:27:00.410-0800][75224042ms] GC(20343) Using 10 workers of 10 for evacuation
[2023-11-10T11:27:00.414-0800][75224046ms] GC(20343)   Pre Evacuate Collection Set: 0.0ms
[2023-11-10T11:27:00.414-0800][75224046ms] GC(20343)   Evacuate Collection Set: 1.6ms
[2023-11-10T11:27:00.414-0800][75224046ms] GC(20343)   Post Evacuate Collection Set: 3.1ms
[2023-11-10T11:27:00.414-0800][75224046ms] GC(20343)   Other: 0.3ms
[2023-11-10T11:27:00.414-0800][75224046ms] GC(20343) Eden regions: 222->0(222)
[2023-11-10T11:27:00.414-0800][75224046ms] GC(20343) Survivor regions: 1->1(28)
[2023-11-10T11:27:00.414-0800][75224046ms] GC(20343) Old regions: 1391->1391
[2023-11-10T11:27:00.414-0800][75224046ms] GC(20343) Humongous regions: 5->5
[2023-11-10T11:27:00.414-0800][75224046ms] GC(20343) Metaspace: 304631K->304631K(1347584K)
[2023-11-10T11:27:00.414-0800][75224046ms] GC(20343) Pause Young (Normal) (G1 Evacuation Pause) 3235M->2791M(3602M) 5.046ms
[2023-11-10T11:27:00.414-0800][75224046ms] GC(20343) User=0.00s Sys=0.00s Real=0.00s
[2023-11-10T11:27:00.876-0800][75224508ms] GC(20344) Pause Young (Normal) (G1 Evacuation Pause)
[2023-11-10T11:27:00.876-0800][75224508ms] GC(20344) Using 10 workers of 10 for evacuation
[2023-11-10T11:27:00.881-0800][75224513ms] GC(20344)   Pre Evacuate Collection Set: 0.0ms
[2023-11-10T11:27:00.881-0800][75224513ms] GC(20344)   Evacuate Collection Set: 1.7ms
[2023-11-10T11:27:00.881-0800][75224513ms] GC(20344)   Post Evacuate Collection Set: 3.2ms
[2023-11-10T11:27:00.881-0800][75224513ms] GC(20344)   Other: 0.3ms
[2023-11-10T11:27:00.881-0800][75224513ms] GC(20344) Eden regions: 222->0(222)
[2023-11-10T11:27:00.881-0800][75224513ms] GC(20344) Survivor regions: 1->1(28)
[2023-11-10T11:27:00.881-0800][75224513ms] GC(20344) Old regions: 1391->1391
[2023-11-10T11:27:00.881-0800][75224513ms] GC(20344) Humongous regions: 5->5
[2023-11-10T11:27:00.881-0800][75224513ms] GC(20344) Metaspace: 304631K->304631K(1347584K)
[2023-11-10T11:27:00.881-0800][75224513ms] GC(20344) Pause Young (Normal) (G1 Evacuation Pause) 3235M->2791M(3602M) 5.330ms
[2023-11-10T11:27:00.881-0800][75224513ms] GC(20344) User=0.00s Sys=0.00s Real=0.01s
[2023-11-10T11:27:01.431-0800][75225063ms] GC(20345) Pause Young (Normal) (G1 Evacuation Pause)
[2023-11-10T11:27:01.431-0800][75225063ms] GC(20345) Using 10 workers of 10 for evacuation
[2023-11-10T11:27:01.437-0800][75225069ms] GC(20345)   Pre Evacuate Collection Set: 0.0ms
[2023-11-10T11:27:01.437-0800][75225069ms] GC(20345)   Evacuate Collection Set: 2.0ms
[2023-11-10T11:27:01.437-0800][75225069ms] GC(20345)   Post Evacuate Collection Set: 3.5ms
[2023-11-10T11:27:01.437-0800][75225069ms] GC(20345)   Other: 0.3ms
[2023-11-10T11:27:01.437-0800][75225069ms] GC(20345) Eden regions: 222->0(222)
[2023-11-10T11:27:01.437-0800][75225069ms] GC(20345) Survivor regions: 1->1(28)
[2023-11-10T11:27:01.437-0800][75225069ms] GC(20345) Old regions: 1391->1391
[2023-11-10T11:27:01.437-0800][75225069ms] GC(20345) Humongous regions: 5->5
[2023-11-10T11:27:01.437-0800][75225069ms] GC(20345) Metaspace: 304631K->304631K(1347584K)
[2023-11-10T11:27:01.437-0800][75225069ms] GC(20345) Pause Young (Normal) (G1 Evacuation Pause) 3235M->2791M(3602M) 5.913ms
[2023-11-10T11:27:01.437-0800][75225069ms] GC(20345) User=0.00s Sys=0.00s Real=0.01s
[2023-11-10T11:27:01.925-0800][75225557ms] GC(20346) Pause Young (Normal) (G1 Evacuation Pause)
[2023-11-10T11:27:01.925-0800][75225557ms] GC(20346) Using 10 workers of 10 for evacuation
[2023-11-10T11:27:01.930-0800][75225562ms] GC(20346)   Pre Evacuate Collection Set: 0.0ms
[2023-11-10T11:27:01.930-0800][75225562ms] GC(20346)   Evacuate Collection Set: 1.8ms
[2023-11-10T11:27:01.930-0800][75225562ms] GC(20346)   Post Evacuate Collection Set: 3.2ms
[2023-11-10T11:27:01.930-0800][75225562ms] GC(20346)   Other: 0.4ms
[2023-11-10T11:27:01.930-0800][75225562ms] GC(20346) Eden regions: 222->0(221)
[2023-11-10T11:27:01.930-0800][75225562ms] GC(20346) Survivor regions: 1->1(28)
[2023-11-10T11:27:01.930-0800][75225562ms] GC(20346) Old regions: 1391->1391
[2023-11-10T11:27:01.930-0800][75225562ms] GC(20346) Humongous regions: 5->5
[2023-11-10T11:27:01.930-0800][75225562ms] GC(20346) Metaspace: 304631K->304631K(1347584K)
[2023-11-10T11:27:01.930-0800][75225562ms] GC(20346) Pause Young (Normal) (G1 Evacuation Pause) 3235M->2792M(3602M) 5.540ms
[2023-11-10T11:27:01.930-0800][75225562ms] GC(20346) User=0.00s Sys=0.00s Real=0.01s
[2023-11-10T11:27:02.409-0800][75226041ms] GC(20347) Pause Young (Normal) (G1 Evacuation Pause)
[2023-11-10T11:27:02.409-0800][75226041ms] GC(20347) Using 10 workers of 10 for evacuation
[2023-11-10T11:27:02.414-0800][75226046ms] GC(20347)   Pre Evacuate Collection Set: 0.0ms
[2023-11-10T11:27:02.414-0800][75226046ms] GC(20347)   Evacuate Collection Set: 1.6ms
[2023-11-10T11:27:02.414-0800][75226046ms] GC(20347)   Post Evacuate Collection Set: 3.1ms
[2023-11-10T11:27:02.414-0800][75226046ms] GC(20347)   Other: 0.2ms
[2023-11-10T11:27:02.414-0800][75226046ms] GC(20347) Eden regions: 221->0(221)
[2023-11-10T11:27:02.414-0800][75226046ms] GC(20347) Survivor regions: 1->1(28)
[2023-11-10T11:27:02.414-0800][75226046ms] GC(20347) Old regions: 1391->1391
[2023-11-10T11:27:02.414-0800][75226046ms] GC(20347) Humongous regions: 5->5
[2023-11-10T11:27:02.414-0800][75226046ms] GC(20347) Metaspace: 304631K->304631K(1347584K)
[2023-11-10T11:27:02.414-0800][75226046ms] GC(20347) Pause Young (Normal) (G1 Evacuation Pause) 3234M->2791M(3602M) 5.075ms
[2023-11-10T11:27:02.414-0800][75226046ms] GC(20347) User=0.00s Sys=0.00s Real=0.01s
[2023-11-10T11:27:02.954-0800][75226586ms] GC(20348) Pause Young (Normal) (G1 Evacuation Pause)
[2023-11-10T11:27:02.954-0800][75226586ms] GC(20348) Using 10 workers of 10 for evacuation
[2023-11-10T11:27:02.960-0800][75226592ms] GC(20348)   Pre Evacuate Collection Set: 0.0ms
[2023-11-10T11:27:02.961-0800][75226593ms] GC(20348)   Evacuate Collection Set: 1.8ms
[2023-11-10T11:27:02.961-0800][75226593ms] GC(20348)   Post Evacuate Collection Set: 3.6ms
[2023-11-10T11:27:02.961-0800][75226593ms] GC(20348)   Other: 0.3ms
[2023-11-10T11:27:02.961-0800][75226593ms] GC(20348) Eden regions: 221->0(221)
[2023-11-10T11:27:02.961-0800][75226593ms] GC(20348) Survivor regions: 1->1(28)
[2023-11-10T11:27:02.961-0800][75226593ms] GC(20348) Old regions: 1391->1391
[2023-11-10T11:27:02.961-0800][75226593ms] GC(20348) Humongous regions: 5->5
[2023-11-10T11:27:02.961-0800][75226593ms] GC(20348) Metaspace: 304631K->304631K(1347584K)
[2023-11-10T11:27:02.961-0800][75226593ms] GC(20348) Pause Young (Normal) (G1 Evacuation Pause) 3233M->2791M(3602M) 5.793ms
[2023-11-10T11:27:02.961-0800][75226593ms] GC(20348) User=0.00s Sys=0.00s Real=0.01s
[2023-11-10T11:27:03.485-0800][75227117ms] GC(20349) Pause Young (Normal) (G1 Evacuation Pause)
[2023-11-10T11:27:03.485-0800][75227117ms] GC(20349) Using 10 workers of 10 for evacuation
[2023-11-10T11:27:03.490-0800][75227122ms] GC(20349)   Pre Evacuate Collection Set: 0.1ms
[2023-11-10T11:27:03.490-0800][75227122ms] GC(20349)   Evacuate Collection Set: 1.8ms
[2023-11-10T11:27:03.490-0800][75227122ms] GC(20349)   Post Evacuate Collection Set: 3.1ms
[2023-11-10T11:27:03.490-0800][75227122ms] GC(20349)   Other: 0.3ms
[2023-11-10T11:27:03.490-0800][75227122ms] GC(20349) Eden regions: 221->0(221)
[2023-11-10T11:27:03.490-0800][75227122ms] GC(20349) Survivor regions: 1->1(28)
[2023-11-10T11:27:03.490-0800][75227122ms] GC(20349) Old regions: 1391->1391
[2023-11-10T11:27:03.490-0800][75227122ms] GC(20349) Humongous regions: 5->5
[2023-11-10T11:27:03.490-0800][75227122ms] GC(20349) Metaspace: 304631K->304631K(1347584K)
[2023-11-10T11:27:03.490-0800][75227122ms] GC(20349) Pause Young (Normal) (G1 Evacuation Pause) 3233M->2791M(3602M) 5.299ms
[2023-11-10T11:27:03.490-0800][75227122ms] GC(20349) User=0.00s Sys=0.00s Real=0.01s
[2023-11-10T11:27:03.946-0800][75227578ms] GC(20350) Pause Young (Normal) (G1 Evacuation Pause)
[2023-11-10T11:27:03.946-0800][75227578ms] GC(20350) Using 10 workers of 10 for evacuation
[2023-11-10T11:27:03.952-0800][75227584ms] GC(20350)   Pre Evacuate Collection Set: 0.1ms
[2023-11-10T11:27:03.952-0800][75227584ms] GC(20350)   Evacuate Collection Set: 1.7ms
[2023-11-10T11:27:03.952-0800][75227584ms] GC(20350)   Post Evacuate Collection Set: 3.1ms
[2023-11-10T11:27:03.952-0800][75227584ms] GC(20350)   Other: 0.4ms
[2023-11-10T11:27:03.952-0800][75227584ms] GC(20350) Eden regions: 221->0(221)
[2023-11-10T11:27:03.952-0800][75227584ms] GC(20350) Survivor regions: 1->1(28)
[2023-11-10T11:27:03.952-0800][75227584ms] GC(20350) Old regions: 1391->1391
[2023-11-10T11:27:03.952-0800][75227584ms] GC(20350) Humongous regions: 5->5
[2023-11-10T11:27:03.952-0800][75227584ms] GC(20350) Metaspace: 304631K->304631K(1347584K)
[2023-11-10T11:27:03.952-0800][75227584ms] GC(20350) Pause Young (Normal) (G1 Evacuation Pause) 3233M->2791M(3602M) 5.334ms
[2023-11-10T11:27:03.952-0800][75227584ms] GC(20350) User=0.00s Sys=0.00s Real=0.01s
[2023-11-10T11:27:04.514-0800][75228146ms] GC(20351) Pause Young (Normal) (G1 Evacuation Pause)
[2023-11-10T11:27:04.514-0800][75228146ms] GC(20351) Using 10 workers of 10 for evacuation
[2023-11-10T11:27:04.520-0800][75228152ms] GC(20351)   Pre Evacuate Collection Set: 0.0ms
[2023-11-10T11:27:04.520-0800][75228152ms] GC(20351)   Evacuate Collection Set: 1.7ms
[2023-11-10T11:27:04.520-0800][75228152ms] GC(20351)   Post Evacuate Collection Set: 3.4ms
[2023-11-10T11:27:04.520-0800][75228152ms] GC(20351)   Other: 0.3ms
[2023-11-10T11:27:04.520-0800][75228152ms] GC(20351) Eden regions: 221->0(221)
[2023-11-10T11:27:04.520-0800][75228152ms] GC(20351) Survivor regions: 1->1(28)
[2023-11-10T11:27:04.520-0800][75228152ms] GC(20351) Old regions: 1391->1391
[2023-11-10T11:27:04.520-0800][75228152ms] GC(20351) Humongous regions: 5->5
[2023-11-10T11:27:04.520-0800][75228152ms] GC(20351) Metaspace: 304631K->304631K(1347584K)
[2023-11-10T11:27:04.520-0800][75228152ms] GC(20351) Pause Young (Normal) (G1 Evacuation Pause) 3233M->2791M(3602M) 5.561ms
[2023-11-10T11:27:04.520-0800][75228152ms] GC(20351) User=0.00s Sys=0.00s Real=0.01s
[2023-11-10T11:27:05.120-0800][75228752ms] GC(20352) Pause Young (Normal) (G1 Evacuation Pause)
[2023-11-10T11:27:05.120-0800][75228752ms] GC(20352) Using 10 workers of 10 for evacuation
[2023-11-10T11:27:05.127-0800][75228759ms] GC(20352)   Pre Evacuate Collection Set: 0.1ms
[2023-11-10T11:27:05.127-0800][75228759ms] GC(20352)   Evacuate Collection Set: 2.4ms
[2023-11-10T11:27:05.127-0800][75228759ms] GC(20352)   Post Evacuate Collection Set: 3.6ms
[2023-11-10T11:27:05.127-0800][75228759ms] GC(20352)   Other: 0.4ms
[2023-11-10T11:27:05.127-0800][75228759ms] GC(20352) Eden regions: 221->0(221)
[2023-11-10T11:27:05.127-0800][75228759ms] GC(20352) Survivor regions: 1->1(28)
[2023-11-10T11:27:05.127-0800][75228759ms] GC(20352) Old regions: 1391->1391
[2023-11-10T11:27:05.127-0800][75228759ms] GC(20352) Humongous regions: 5->5
[2023-11-10T11:27:05.127-0800][75228759ms] GC(20352) Metaspace: 304631K->304631K(1347584K)
[2023-11-10T11:27:05.127-0800][75228759ms] GC(20352) Pause Young (Normal) (G1 Evacuation Pause) 3233M->2791M(3602M) 6.581ms
[2023-11-10T11:27:05.127-0800][75228759ms] GC(20352) User=0.00s Sys=0.00s Real=0.01s
[2023-11-10T11:27:05.623-0800][75229255ms] GC(20353) Pause Young (Normal) (G1 Evacuation Pause)
[2023-11-10T11:27:05.624-0800][75229256ms] GC(20353) Using 10 workers of 10 for evacuation
[2023-11-10T11:27:05.629-0800][75229261ms] GC(20353)   Pre Evacuate Collection Set: 0.1ms
[2023-11-10T11:27:05.629-0800][75229261ms] GC(20353)   Evacuate Collection Set: 1.7ms
[2023-11-10T11:27:05.629-0800][75229261ms] GC(20353)   Post Evacuate Collection Set: 4.0ms
[2023-11-10T11:27:05.629-0800][75229261ms] GC(20353)   Other: 0.3ms
[2023-11-10T11:27:05.629-0800][75229261ms] GC(20353) Eden regions: 221->0(221)
[2023-11-10T11:27:05.629-0800][75229261ms] GC(20353) Survivor regions: 1->1(28)
[2023-11-10T11:27:05.629-0800][75229261ms] GC(20353) Old regions: 1391->1391
[2023-11-10T11:27:05.629-0800][75229261ms] GC(20353) Humongous regions: 5->5
[2023-11-10T11:27:05.629-0800][75229261ms] GC(20353) Metaspace: 304631K->304631K(1347584K)
[2023-11-10T11:27:05.629-0800][75229261ms] GC(20353) Pause Young (Normal) (G1 Evacuation Pause) 3233M->2792M(3602M) 6.167ms
[2023-11-10T11:27:05.629-0800][75229261ms] GC(20353) User=0.00s Sys=0.00s Real=0.01s
[2023-11-10T11:27:06.178-0800][75229810ms] GC(20354) Pause Young (Normal) (G1 Evacuation Pause)
[2023-11-10T11:27:06.178-0800][75229810ms] GC(20354) Using 10 workers of 10 for evacuation
[2023-11-10T11:27:06.183-0800][75229815ms] GC(20354)   Pre Evacuate Collection Set: 0.1ms
[2023-11-10T11:27:06.183-0800][75229815ms] GC(20354)   Evacuate Collection Set: 2.0ms
[2023-11-10T11:27:06.183-0800][75229815ms] GC(20354)   Post Evacuate Collection Set: 3.2ms
[2023-11-10T11:27:06.183-0800][75229815ms] GC(20354)   Other: 0.3ms
[2023-11-10T11:27:06.183-0800][75229815ms] GC(20354) Eden regions: 221->0(221)
[2023-11-10T11:27:06.183-0800][75229815ms] GC(20354) Survivor regions: 1->1(28)
[2023-11-10T11:27:06.183-0800][75229815ms] GC(20354) Old regions: 1391->1391
[2023-11-10T11:27:06.183-0800][75229815ms] GC(20354) Humongous regions: 5->5
[2023-11-10T11:27:06.183-0800][75229815ms] GC(20354) Metaspace: 304631K->304631K(1347584K)
[2023-11-10T11:27:06.183-0800][75229815ms] GC(20354) Pause Young (Normal) (G1 Evacuation Pause) 3234M->2792M(3602M) 5.651ms
[2023-11-10T11:27:06.183-0800][75229815ms] GC(20354) User=0.16s Sys=0.00s Real=0.01s
[2023-11-10T11:27:06.745-0800][75230377ms] GC(20355) Pause Young (Normal) (G1 Evacuation Pause)
[2023-11-10T11:27:06.745-0800][75230377ms] GC(20355) Using 10 workers of 10 for evacuation
[2023-11-10T11:27:06.751-0800][75230383ms] GC(20355)   Pre Evacuate Collection Set: 0.0ms
[2023-11-10T11:27:06.751-0800][75230383ms] GC(20355)   Evacuate Collection Set: 1.6ms
[2023-11-10T11:27:06.751-0800][75230383ms] GC(20355)   Post Evacuate Collection Set: 3.9ms
[2023-11-10T11:27:06.751-0800][75230383ms] GC(20355)   Other: 0.3ms
[2023-11-10T11:27:06.751-0800][75230383ms] GC(20355) Eden regions: 221->0(221)
[2023-11-10T11:27:06.751-0800][75230383ms] GC(20355) Survivor regions: 1->1(28)
[2023-11-10T11:27:06.751-0800][75230383ms] GC(20355) Old regions: 1391->1391
[2023-11-10T11:27:06.751-0800][75230383ms] GC(20355) Humongous regions: 5->5
[2023-11-10T11:27:06.751-0800][75230383ms] GC(20355) Metaspace: 304631K->304631K(1347584K)
[2023-11-10T11:27:06.751-0800][75230383ms] GC(20355) Pause Young (Normal) (G1 Evacuation Pause) 3234M->2792M(3602M) 5.934ms
[2023-11-10T11:27:06.751-0800][75230383ms] GC(20355) User=0.00s Sys=0.00s Real=0.01s
[2023-11-10T11:27:07.361-0800][75230993ms] GC(20356) Pause Young (Normal) (G1 Evacuation Pause)
[2023-11-10T11:27:07.361-0800][75230993ms] GC(20356) Using 10 workers of 10 for evacuation
[2023-11-10T11:27:07.366-0800][75230998ms] GC(20356)   Pre Evacuate Collection Set: 0.0ms
[2023-11-10T11:27:07.367-0800][75230999ms] GC(20356)   Evacuate Collection Set: 1.7ms
[2023-11-10T11:27:07.367-0800][75230999ms] GC(20356)   Post Evacuate Collection Set: 3.0ms
[2023-11-10T11:27:07.367-0800][75230999ms] GC(20356)   Other: 0.3ms
[2023-11-10T11:27:07.367-0800][75230999ms] GC(20356) Eden regions: 221->0(221)
[2023-11-10T11:27:07.367-0800][75230999ms] GC(20356) Survivor regions: 1->1(28)
[2023-11-10T11:27:07.367-0800][75230999ms] GC(20356) Old regions: 1391->1391
[2023-11-10T11:27:07.367-0800][75230999ms] GC(20356) Humongous regions: 5->5
[2023-11-10T11:27:07.367-0800][75230999ms] GC(20356) Metaspace: 304631K->304631K(1347584K)
[2023-11-10T11:27:07.367-0800][75230999ms] GC(20356) Pause Young (Normal) (G1 Evacuation Pause) 3234M->2792M(3602M) 5.101ms
[2023-11-10T11:27:07.367-0800][75230999ms] GC(20356) User=0.00s Sys=0.00s Real=0.01s
[2023-11-10T11:27:07.953-0800][75231585ms] GC(20357) Pause Young (Normal) (G1 Evacuation Pause)
[2023-11-10T11:27:07.954-0800][75231586ms] GC(20357) Using 10 workers of 10 for evacuation
[2023-11-10T11:27:07.960-0800][75231592ms] GC(20357)   Pre Evacuate Collection Set: 0.1ms
[2023-11-10T11:27:07.960-0800][75231592ms] GC(20357)   Evacuate Collection Set: 2.2ms
[2023-11-10T11:27:07.960-0800][75231592ms] GC(20357)   Post Evacuate Collection Set: 4.7ms
[2023-11-10T11:27:07.960-0800][75231592ms] GC(20357)   Other: 0.5ms
[2023-11-10T11:27:07.960-0800][75231592ms] GC(20357) Eden regions: 221->0(221)
[2023-11-10T11:27:07.960-0800][75231592ms] GC(20357) Survivor regions: 1->1(28)
[2023-11-10T11:27:07.960-0800][75231592ms] GC(20357) Old regions: 1391->1391
[2023-11-10T11:27:07.960-0800][75231592ms] GC(20357) Humongous regions: 5->5
[2023-11-10T11:27:07.960-0800][75231592ms] GC(20357) Metaspace: 304631K->304631K(1347584K)
[2023-11-10T11:27:07.961-0800][75231593ms] GC(20357) Pause Young (Normal) (G1 Evacuation Pause) 3234M->2792M(3602M) 7.584ms
[2023-11-10T11:27:07.961-0800][75231593ms] GC(20357) User=0.00s Sys=0.00s Real=0.01s
[2023-11-10T11:27:08.510-0800][75232142ms] GC(20358) Pause Young (Normal) (G1 Evacuation Pause)
[2023-11-10T11:27:08.510-0800][75232142ms] GC(20358) Using 10 workers of 10 for evacuation
[2023-11-10T11:27:08.515-0800][75232147ms] GC(20358)   Pre Evacuate Collection Set: 0.0ms
[2023-11-10T11:27:08.515-0800][75232147ms] GC(20358)   Evacuate Collection Set: 1.7ms
[2023-11-10T11:27:08.515-0800][75232147ms] GC(20358)   Post Evacuate Collection Set: 3.0ms
[2023-11-10T11:27:08.515-0800][75232147ms] GC(20358)   Other: 0.3ms
[2023-11-10T11:27:08.515-0800][75232147ms] GC(20358) Eden regions: 221->0(221)
[2023-11-10T11:27:08.515-0800][75232147ms] GC(20358) Survivor regions: 1->1(28)
[2023-11-10T11:27:08.515-0800][75232147ms] GC(20358) Old regions: 1391->1391
[2023-11-10T11:27:08.515-0800][75232147ms] GC(20358) Humongous regions: 5->5
[2023-11-10T11:27:08.515-0800][75232147ms] GC(20358) Metaspace: 304631K->304631K(1347584K)
[2023-11-10T11:27:08.515-0800][75232147ms] GC(20358) Pause Young (Normal) (G1 Evacuation Pause) 3234M->2792M(3602M) 5.173ms
[2023-11-10T11:27:08.515-0800][75232147ms] GC(20358) User=0.00s Sys=0.00s Real=0.01s
[2023-11-10T11:27:09.108-0800][75232740ms] GC(20359) Pause Young (Normal) (G1 Evacuation Pause)
[2023-11-10T11:27:09.108-0800][75232740ms] GC(20359) Using 10 workers of 10 for evacuation
[2023-11-10T11:27:09.113-0800][75232745ms] GC(20359)   Pre Evacuate Collection Set: 0.1ms
[2023-11-10T11:27:09.113-0800][75232745ms] GC(20359)   Evacuate Collection Set: 1.8ms
[2023-11-10T11:27:09.113-0800][75232745ms] GC(20359)   Post Evacuate Collection Set: 3.1ms
[2023-11-10T11:27:09.113-0800][75232745ms] GC(20359)   Other: 0.4ms
[2023-11-10T11:27:09.113-0800][75232745ms] GC(20359) Eden regions: 221->0(221)
[2023-11-10T11:27:09.113-0800][75232745ms] GC(20359) Survivor regions: 1->1(28)
[2023-11-10T11:27:09.113-0800][75232745ms] GC(20359) Old regions: 1391->1391
[2023-11-10T11:27:09.113-0800][75232745ms] GC(20359) Humongous regions: 5->5
[2023-11-10T11:27:09.113-0800][75232745ms] GC(20359) Metaspace: 304631K->304631K(1347584K)
[2023-11-10T11:27:09.113-0800][75232745ms] GC(20359) Pause Young (Normal) (G1 Evacuation Pause) 3234M->2792M(3602M) 5.322ms
[2023-11-10T11:27:09.113-0800][75232745ms] GC(20359) User=0.00s Sys=0.00s Real=0.00s
[2023-11-10T11:27:09.595-0800][75233227ms] GC(20360) Pause Young (Normal) (G1 Evacuation Pause)
[2023-11-10T11:27:09.595-0800][75233227ms] GC(20360) Using 10 workers of 10 for evacuation
[2023-11-10T11:27:09.601-0800][75233233ms] GC(20360)   Pre Evacuate Collection Set: 0.1ms
[2023-11-10T11:27:09.601-0800][75233233ms] GC(20360)   Evacuate Collection Set: 2.0ms
[2023-11-10T11:27:09.601-0800][75233233ms] GC(20360)   Post Evacuate Collection Set: 4.0ms
[2023-11-10T11:27:09.601-0800][75233233ms] GC(20360)   Other: 0.3ms
[2023-11-10T11:27:09.601-0800][75233233ms] GC(20360) Eden regions: 221->0(221)
[2023-11-10T11:27:09.601-0800][75233233ms] GC(20360) Survivor regions: 1->1(28)
[2023-11-10T11:27:09.601-0800][75233233ms] GC(20360) Old regions: 1391->1391
[2023-11-10T11:27:09.601-0800][75233233ms] GC(20360) Humongous regions: 5->5
[2023-11-10T11:27:09.601-0800][75233233ms] GC(20360) Metaspace: 304631K->304631K(1347584K)
[2023-11-10T11:27:09.602-0800][75233234ms] GC(20360) Pause Young (Normal) (G1 Evacuation Pause) 3234M->2792M(3602M) 6.515ms
[2023-11-10T11:27:09.602-0800][75233234ms] GC(20360) User=0.00s Sys=0.00s Real=0.01s
[2023-11-10T11:27:10.168-0800][75233800ms] GC(20361) Pause Young (Normal) (G1 Evacuation Pause)
[2023-11-10T11:27:10.168-0800][75233800ms] GC(20361) Using 10 workers of 10 for evacuation
[2023-11-10T11:27:10.174-0800][75233806ms] GC(20361)   Pre Evacuate Collection Set: 0.0ms
[2023-11-10T11:27:10.174-0800][75233806ms] GC(20361)   Evacuate Collection Set: 1.7ms
[2023-11-10T11:27:10.174-0800][75233806ms] GC(20361)   Post Evacuate Collection Set: 4.2ms
[2023-11-10T11:27:10.174-0800][75233806ms] GC(20361)   Other: 0.3ms
[2023-11-10T11:27:10.174-0800][75233806ms] GC(20361) Eden regions: 221->0(221)
[2023-11-10T11:27:10.174-0800][75233806ms] GC(20361) Survivor regions: 1->1(28)
[2023-11-10T11:27:10.174-0800][75233806ms] GC(20361) Old regions: 1391->1391
[2023-11-10T11:27:10.174-0800][75233806ms] GC(20361) Humongous regions: 5->5
[2023-11-10T11:27:10.174-0800][75233806ms] GC(20361) Metaspace: 304631K->304631K(1347584K)
[2023-11-10T11:27:10.174-0800][75233806ms] GC(20361) Pause Young (Normal) (G1 Evacuation Pause) 3234M->2792M(3602M) 6.367ms
[2023-11-10T11:27:10.174-0800][75233806ms] GC(20361) User=0.00s Sys=0.00s Real=0.01s
[2023-11-10T11:27:10.676-0800][75234308ms] GC(20362) Pause Young (Normal) (G1 Evacuation Pause)
[2023-11-10T11:27:10.676-0800][75234308ms] GC(20362) Using 10 workers of 10 for evacuation
[2023-11-10T11:27:10.682-0800][75234314ms] GC(20362)   Pre Evacuate Collection Set: 0.0ms
[2023-11-10T11:27:10.682-0800][75234314ms] GC(20362)   Evacuate Collection Set: 1.7ms
[2023-11-10T11:27:10.682-0800][75234314ms] GC(20362)   Post Evacuate Collection Set: 3.1ms
[2023-11-10T11:27:10.682-0800][75234314ms] GC(20362)   Other: 0.3ms
[2023-11-10T11:27:10.682-0800][75234314ms] GC(20362) Eden regions: 221->0(221)
[2023-11-10T11:27:10.682-0800][75234314ms] GC(20362) Survivor regions: 1->1(28)
[2023-11-10T11:27:10.682-0800][75234314ms] GC(20362) Old regions: 1391->1391
[2023-11-10T11:27:10.682-0800][75234314ms] GC(20362) Humongous regions: 5->5
[2023-11-10T11:27:10.682-0800][75234314ms] GC(20362) Metaspace: 304631K->304631K(1347584K)
[2023-11-10T11:27:10.682-0800][75234314ms] GC(20362) Pause Young (Normal) (G1 Evacuation Pause) 3234M->2792M(3602M) 5.183ms
[2023-11-10T11:27:10.682-0800][75234314ms] GC(20362) User=0.08s Sys=0.00s Real=0.01s
[2023-11-10T11:27:11.180-0800][75234812ms] GC(20363) Pause Young (Normal) (G1 Evacuation Pause)
[2023-11-10T11:27:11.180-0800][75234812ms] GC(20363) Using 10 workers of 10 for evacuation
[2023-11-10T11:27:11.186-0800][75234818ms] GC(20363)   Pre Evacuate Collection Set: 0.0ms
[2023-11-10T11:27:11.186-0800][75234818ms] GC(20363)   Evacuate Collection Set: 1.7ms
[2023-11-10T11:27:11.186-0800][75234818ms] GC(20363)   Post Evacuate Collection Set: 3.0ms
[2023-11-10T11:27:11.186-0800][75234818ms] GC(20363)   Other: 0.3ms
[2023-11-10T11:27:11.186-0800][75234818ms] GC(20363) Eden regions: 221->0(221)
[2023-11-10T11:27:11.186-0800][75234818ms] GC(20363) Survivor regions: 1->1(28)
[2023-11-10T11:27:11.186-0800][75234818ms] GC(20363) Old regions: 1391->1391
[2023-11-10T11:27:11.186-0800][75234818ms] GC(20363) Humongous regions: 5->5
[2023-11-10T11:27:11.186-0800][75234818ms] GC(20363) Metaspace: 304631K->304631K(1347584K)
[2023-11-10T11:27:11.186-0800][75234818ms] GC(20363) Pause Young (Normal) (G1 Evacuation Pause) 3234M->2792M(3602M) 5.198ms
[2023-11-10T11:27:11.186-0800][75234818ms] GC(20363) User=0.00s Sys=0.00s Real=0.01s
[2023-11-10T11:27:11.680-0800][75235312ms] GC(20364) Pause Young (Normal) (G1 Evacuation Pause)
[2023-11-10T11:27:11.680-0800][75235312ms] GC(20364) Using 10 workers of 10 for evacuation
[2023-11-10T11:27:11.684-0800][75235316ms] GC(20364)   Pre Evacuate Collection Set: 0.0ms
[2023-11-10T11:27:11.684-0800][75235316ms] GC(20364)   Evacuate Collection Set: 1.7ms
[2023-11-10T11:27:11.684-0800][75235316ms] GC(20364)   Post Evacuate Collection Set: 3.4ms
[2023-11-10T11:27:11.684-0800][75235316ms] GC(20364)   Other: 0.2ms
[2023-11-10T11:27:11.684-0800][75235316ms] GC(20364) Eden regions: 221->0(221)
[2023-11-10T11:27:11.684-0800][75235316ms] GC(20364) Survivor regions: 1->1(28)
[2023-11-10T11:27:11.684-0800][75235316ms] GC(20364) Old regions: 1391->1391
[2023-11-10T11:27:11.685-0800][75235317ms] GC(20364) Humongous regions: 5->5
[2023-11-10T11:27:11.685-0800][75235317ms] GC(20364) Metaspace: 304631K->304631K(1347584K)
[2023-11-10T11:27:11.685-0800][75235317ms] GC(20364) Pause Young (Normal) (G1 Evacuation Pause) 3234M->2792M(3602M) 5.446ms
[2023-11-10T11:27:11.685-0800][75235317ms] GC(20364) User=0.00s Sys=0.00s Real=0.00s
[2023-11-10T11:27:12.222-0800][75235854ms] GC(20365) Pause Young (Normal) (G1 Evacuation Pause)
[2023-11-10T11:27:12.222-0800][75235854ms] GC(20365) Using 10 workers of 10 for evacuation
[2023-11-10T11:27:12.227-0800][75235859ms] GC(20365)   Pre Evacuate Collection Set: 0.0ms
[2023-11-10T11:27:12.227-0800][75235859ms] GC(20365)   Evacuate Collection Set: 1.7ms
[2023-11-10T11:27:12.227-0800][75235859ms] GC(20365)   Post Evacuate Collection Set: 3.4ms
[2023-11-10T11:27:12.227-0800][75235859ms] GC(20365)   Other: 0.3ms
[2023-11-10T11:27:12.227-0800][75235859ms] GC(20365) Eden regions: 221->0(221)
[2023-11-10T11:27:12.227-0800][75235859ms] GC(20365) Survivor regions: 1->1(28)
[2023-11-10T11:27:12.227-0800][75235859ms] GC(20365) Old regions: 1391->1391
[2023-11-10T11:27:12.227-0800][75235859ms] GC(20365) Humongous regions: 5->5
[2023-11-10T11:27:12.227-0800][75235859ms] GC(20365) Metaspace: 304631K->304631K(1347584K)
[2023-11-10T11:27:12.227-0800][75235859ms] GC(20365) Pause Young (Normal) (G1 Evacuation Pause) 3234M->2792M(3602M) 5.535ms
[2023-11-10T11:27:12.227-0800][75235859ms] GC(20365) User=0.02s Sys=0.00s Real=0.01s
[2023-11-10T11:27:12.749-0800][75236381ms] GC(20366) Pause Young (Normal) (G1 Evacuation Pause)
[2023-11-10T11:27:12.749-0800][75236381ms] GC(20366) Using 10 workers of 10 for evacuation
[2023-11-10T11:27:12.754-0800][75236386ms] GC(20366)   Pre Evacuate Collection Set: 0.0ms
[2023-11-10T11:27:12.754-0800][75236386ms] GC(20366)   Evacuate Collection Set: 1.8ms
[2023-11-10T11:27:12.754-0800][75236386ms] GC(20366)   Post Evacuate Collection Set: 3.4ms
[2023-11-10T11:27:12.754-0800][75236386ms] GC(20366)   Other: 0.3ms
[2023-11-10T11:27:12.754-0800][75236386ms] GC(20366) Eden regions: 221->0(221)
[2023-11-10T11:27:12.754-0800][75236386ms] GC(20366) Survivor regions: 1->1(28)
[2023-11-10T11:27:12.754-0800][75236386ms] GC(20366) Old regions: 1391->1391
[2023-11-10T11:27:12.754-0800][75236386ms] GC(20366) Humongous regions: 5->5
[2023-11-10T11:27:12.754-0800][75236386ms] GC(20366) Metaspace: 304631K->304631K(1347584K)
[2023-11-10T11:27:12.754-0800][75236386ms] GC(20366) Pause Young (Normal) (G1 Evacuation Pause) 3234M->2792M(3602M) 5.625ms
[2023-11-10T11:27:12.755-0800][75236387ms] GC(20366) User=0.00s Sys=0.00s Real=0.01s
[2023-11-10T11:27:13.302-0800][75236934ms] GC(20367) Pause Young (Normal) (G1 Evacuation Pause)
[2023-11-10T11:27:13.302-0800][75236934ms] GC(20367) Using 10 workers of 10 for evacuation
[2023-11-10T11:27:13.307-0800][75236939ms] GC(20367)   Pre Evacuate Collection Set: 0.0ms
[2023-11-10T11:27:13.307-0800][75236939ms] GC(20367)   Evacuate Collection Set: 1.8ms
[2023-11-10T11:27:13.307-0800][75236939ms] GC(20367)   Post Evacuate Collection Set: 3.1ms
[2023-11-10T11:27:13.307-0800][75236939ms] GC(20367)   Other: 0.2ms
[2023-11-10T11:27:13.307-0800][75236939ms] GC(20367) Eden regions: 221->0(221)
[2023-11-10T11:27:13.307-0800][75236939ms] GC(20367) Survivor regions: 1->1(28)
[2023-11-10T11:27:13.307-0800][75236939ms] GC(20367) Old regions: 1391->1391
[2023-11-10T11:27:13.307-0800][75236939ms] GC(20367) Humongous regions: 5->5
[2023-11-10T11:27:13.307-0800][75236939ms] GC(20367) Metaspace: 304631K->304631K(1347584K)
[2023-11-10T11:27:13.307-0800][75236939ms] GC(20367) Pause Young (Normal) (G1 Evacuation Pause) 3234M->2793M(3602M) 5.257ms
[2023-11-10T11:27:13.307-0800][75236939ms] GC(20367) User=0.05s Sys=0.00s Real=0.00s
[2023-11-10T11:27:13.897-0800][75237529ms] GC(20368) Pause Young (Normal) (G1 Evacuation Pause)
[2023-11-10T11:27:13.897-0800][75237529ms] GC(20368) Using 10 workers of 10 for evacuation
[2023-11-10T11:27:13.904-0800][75237536ms] GC(20368)   Pre Evacuate Collection Set: 0.1ms
[2023-11-10T11:27:13.904-0800][75237536ms] GC(20368)   Evacuate Collection Set: 2.5ms
[2023-11-10T11:27:13.904-0800][75237536ms] GC(20368)   Post Evacuate Collection Set: 4.4ms
[2023-11-10T11:27:13.904-0800][75237536ms] GC(20368)   Other: 0.4ms
[2023-11-10T11:27:13.904-0800][75237536ms] GC(20368) Eden regions: 221->0(221)
[2023-11-10T11:27:13.904-0800][75237536ms] GC(20368) Survivor regions: 1->1(28)
[2023-11-10T11:27:13.904-0800][75237536ms] GC(20368) Old regions: 1391->1391
[2023-11-10T11:27:13.904-0800][75237536ms] GC(20368) Humongous regions: 5->5
[2023-11-10T11:27:13.904-0800][75237536ms] GC(20368) Metaspace: 304631K->304631K(1347584K)
[2023-11-10T11:27:13.904-0800][75237536ms] GC(20368) Pause Young (Normal) (G1 Evacuation Pause) 3235M->2792M(3602M) 7.499ms
[2023-11-10T11:27:13.904-0800][75237536ms] GC(20368) User=0.03s Sys=0.00s Real=0.01s
[2023-11-10T11:27:14.460-0800][75238092ms] GC(20369) Pause Young (Normal) (G1 Evacuation Pause)
[2023-11-10T11:27:14.460-0800][75238092ms] GC(20369) Using 10 workers of 10 for evacuation
[2023-11-10T11:27:14.464-0800][75238096ms] GC(20369)   Pre Evacuate Collection Set: 0.0ms
[2023-11-10T11:27:14.464-0800][75238096ms] GC(20369)   Evacuate Collection Set: 1.7ms
[2023-11-10T11:27:14.464-0800][75238096ms] GC(20369)   Post Evacuate Collection Set: 2.9ms
[2023-11-10T11:27:14.464-0800][75238096ms] GC(20369)   Other: 0.4ms
[2023-11-10T11:27:14.464-0800][75238096ms] GC(20369) Eden regions: 221->0(221)
[2023-11-10T11:27:14.464-0800][75238096ms] GC(20369) Survivor regions: 1->1(28)
[2023-11-10T11:27:14.464-0800][75238096ms] GC(20369) Old regions: 1391->1391
[2023-11-10T11:27:14.464-0800][75238096ms] GC(20369) Humongous regions: 5->5
[2023-11-10T11:27:14.464-0800][75238096ms] GC(20369) Metaspace: 304631K->304631K(1347584K)
[2023-11-10T11:27:14.464-0800][75238096ms] GC(20369) Pause Young (Normal) (G1 Evacuation Pause) 3234M->2792M(3602M) 5.267ms
[2023-11-10T11:27:14.464-0800][75238096ms] GC(20369) User=0.00s Sys=0.00s Real=0.00s
[2023-11-10T11:27:14.948-0800][75238580ms] GC(20370) Pause Young (Normal) (G1 Evacuation Pause)
[2023-11-10T11:27:14.948-0800][75238580ms] GC(20370) Using 10 workers of 10 for evacuation
[2023-11-10T11:27:14.953-0800][75238585ms] GC(20370)   Pre Evacuate Collection Set: 0.0ms
[2023-11-10T11:27:14.953-0800][75238585ms] GC(20370)   Evacuate Collection Set: 1.8ms
[2023-11-10T11:27:14.953-0800][75238585ms] GC(20370)   Post Evacuate Collection Set: 3.3ms
[2023-11-10T11:27:14.953-0800][75238585ms] GC(20370)   Other: 0.3ms
[2023-11-10T11:27:14.953-0800][75238585ms] GC(20370) Eden regions: 221->0(221)
[2023-11-10T11:27:14.953-0800][75238585ms] GC(20370) Survivor regions: 1->1(28)
[2023-11-10T11:27:14.953-0800][75238585ms] GC(20370) Old regions: 1391->1392
[2023-11-10T11:27:14.953-0800][75238585ms] GC(20370) Humongous regions: 5->5
[2023-11-10T11:27:14.953-0800][75238585ms] GC(20370) Metaspace: 304631K->304631K(1347584K)
[2023-11-10T11:27:14.953-0800][75238585ms] GC(20370) Pause Young (Normal) (G1 Evacuation Pause) 3234M->2792M(3602M) 5.516ms
[2023-11-10T11:27:14.953-0800][75238585ms] GC(20370) User=0.00s Sys=0.00s Real=0.01s
[2023-11-10T11:27:15.482-0800][75239114ms] GC(20371) Pause Young (Normal) (G1 Evacuation Pause)
[2023-11-10T11:27:15.482-0800][75239114ms] GC(20371) Using 10 workers of 10 for evacuation
[2023-11-10T11:27:15.488-0800][75239120ms] GC(20371)   Pre Evacuate Collection Set: 0.1ms
[2023-11-10T11:27:15.488-0800][75239120ms] GC(20371)   Evacuate Collection Set: 1.9ms
[2023-11-10T11:27:15.488-0800][75239120ms] GC(20371)   Post Evacuate Collection Set: 3.4ms
[2023-11-10T11:27:15.488-0800][75239120ms] GC(20371)   Other: 0.3ms
[2023-11-10T11:27:15.488-0800][75239120ms] GC(20371) Eden regions: 221->0(221)
[2023-11-10T11:27:15.488-0800][75239120ms] GC(20371) Survivor regions: 1->1(28)
[2023-11-10T11:27:15.488-0800][75239120ms] GC(20371) Old regions: 1392->1392
[2023-11-10T11:27:15.488-0800][75239120ms] GC(20371) Humongous regions: 5->5
[2023-11-10T11:27:15.488-0800][75239120ms] GC(20371) Metaspace: 304631K->304631K(1347584K)
[2023-11-10T11:27:15.488-0800][75239120ms] GC(20371) Pause Young (Normal) (G1 Evacuation Pause) 3234M->2792M(3602M) 5.779ms
[2023-11-10T11:27:15.489-0800][75239121ms] GC(20371) User=0.00s Sys=0.00s Real=0.01s
[2023-11-10T11:27:15.978-0800][75239610ms] GC(20372) Pause Young (Normal) (G1 Evacuation Pause)
[2023-11-10T11:27:15.978-0800][75239610ms] GC(20372) Using 10 workers of 10 for evacuation
[2023-11-10T11:27:15.985-0800][75239617ms] GC(20372)   Pre Evacuate Collection Set: 0.1ms
[2023-11-10T11:27:15.985-0800][75239617ms] GC(20372)   Evacuate Collection Set: 1.9ms
[2023-11-10T11:27:15.985-0800][75239617ms] GC(20372)   Post Evacuate Collection Set: 3.7ms
[2023-11-10T11:27:15.985-0800][75239617ms] GC(20372)   Other: 0.3ms
[2023-11-10T11:27:15.985-0800][75239617ms] GC(20372) Eden regions: 221->0(220)
[2023-11-10T11:27:15.985-0800][75239617ms] GC(20372) Survivor regions: 1->1(28)
[2023-11-10T11:27:15.985-0800][75239617ms] GC(20372) Old regions: 1392->1392
[2023-11-10T11:27:15.985-0800][75239617ms] GC(20372) Humongous regions: 5->5
[2023-11-10T11:27:15.985-0800][75239617ms] GC(20372) Metaspace: 304631K->304631K(1347584K)
[2023-11-10T11:27:15.985-0800][75239617ms] GC(20372) Pause Young (Normal) (G1 Evacuation Pause) 3234M->2793M(3602M) 6.136ms
[2023-11-10T11:27:15.985-0800][75239617ms] GC(20372) User=0.00s Sys=0.00s Real=0.01s
[2023-11-10T11:27:16.535-0800][75240167ms] GC(20373) Pause Young (Normal) (G1 Evacuation Pause)
[2023-11-10T11:27:16.535-0800][75240167ms] GC(20373) Using 10 workers of 10 for evacuation
[2023-11-10T11:27:16.543-0800][75240175ms] GC(20373)   Pre Evacuate Collection Set: 0.1ms
[2023-11-10T11:27:16.543-0800][75240175ms] GC(20373)   Evacuate Collection Set: 2.4ms
[2023-11-10T11:27:16.543-0800][75240175ms] GC(20373)   Post Evacuate Collection Set: 3.8ms
[2023-11-10T11:27:16.543-0800][75240175ms] GC(20373)   Other: 0.5ms
[2023-11-10T11:27:16.543-0800][75240175ms] GC(20373) Eden regions: 220->0(220)
[2023-11-10T11:27:16.543-0800][75240175ms] GC(20373) Survivor regions: 1->1(28)
[2023-11-10T11:27:16.543-0800][75240175ms] GC(20373) Old regions: 1392->1392
[2023-11-10T11:27:16.543-0800][75240175ms] GC(20373) Humongous regions: 5->5
[2023-11-10T11:27:16.543-0800][75240175ms] GC(20373) Metaspace: 304631K->304631K(1347584K)
[2023-11-10T11:27:16.543-0800][75240175ms] GC(20373) Pause Young (Normal) (G1 Evacuation Pause) 3233M->2792M(3602M) 6.835ms
[2023-11-10T11:27:16.543-0800][75240175ms] GC(20373) User=0.02s Sys=0.00s Real=0.01s
[2023-11-10T11:27:17.079-0800][75240711ms] GC(20374) Pause Young (Normal) (G1 Evacuation Pause)
[2023-11-10T11:27:17.079-0800][75240711ms] GC(20374) Using 10 workers of 10 for evacuation
[2023-11-10T11:27:17.086-0800][75240718ms] GC(20374)   Pre Evacuate Collection Set: 0.1ms
[2023-11-10T11:27:17.086-0800][75240718ms] GC(20374)   Evacuate Collection Set: 2.6ms
[2023-11-10T11:27:17.086-0800][75240718ms] GC(20374)   Post Evacuate Collection Set: 3.5ms
[2023-11-10T11:27:17.086-0800][75240718ms] GC(20374)   Other: 0.4ms
[2023-11-10T11:27:17.086-0800][75240718ms] GC(20374) Eden regions: 220->0(220)
[2023-11-10T11:27:17.086-0800][75240718ms] GC(20374) Survivor regions: 1->1(28)
[2023-11-10T11:27:17.086-0800][75240718ms] GC(20374) Old regions: 1392->1392
[2023-11-10T11:27:17.086-0800][75240718ms] GC(20374) Humongous regions: 5->5
[2023-11-10T11:27:17.086-0800][75240718ms] GC(20374) Metaspace: 304631K->304631K(1347584K)
[2023-11-10T11:27:17.086-0800][75240718ms] GC(20374) Pause Young (Normal) (G1 Evacuation Pause) 3232M->2792M(3602M) 6.621ms
[2023-11-10T11:27:17.086-0800][75240718ms] GC(20374) User=0.00s Sys=0.00s Real=0.01s
[2023-11-10T11:27:17.622-0800][75241254ms] GC(20375) Pause Young (Normal) (G1 Evacuation Pause)
[2023-11-10T11:27:17.622-0800][75241254ms] GC(20375) Using 10 workers of 10 for evacuation
[2023-11-10T11:27:17.628-0800][75241260ms] GC(20375)   Pre Evacuate Collection Set: 0.0ms
[2023-11-10T11:27:17.628-0800][75241260ms] GC(20375)   Evacuate Collection Set: 1.9ms
[2023-11-10T11:27:17.628-0800][75241260ms] GC(20375)   Post Evacuate Collection Set: 3.4ms
[2023-11-10T11:27:17.628-0800][75241260ms] GC(20375)   Other: 0.2ms
[2023-11-10T11:27:17.628-0800][75241260ms] GC(20375) Eden regions: 220->0(220)
[2023-11-10T11:27:17.628-0800][75241260ms] GC(20375) Survivor regions: 1->1(28)
[2023-11-10T11:27:17.628-0800][75241260ms] GC(20375) Old regions: 1392->1392
[2023-11-10T11:27:17.628-0800][75241260ms] GC(20375) Humongous regions: 5->5
[2023-11-10T11:27:17.628-0800][75241260ms] GC(20375) Metaspace: 304631K->304631K(1347584K)
[2023-11-10T11:27:17.628-0800][75241260ms] GC(20375) Pause Young (Normal) (G1 Evacuation Pause) 3232M->2792M(3602M) 5.725ms
[2023-11-10T11:27:17.628-0800][75241260ms] GC(20375) User=0.00s Sys=0.00s Real=0.01s
[2023-11-10T11:27:18.102-0800][75241734ms] GC(20376) Pause Young (Normal) (G1 Evacuation Pause)
[2023-11-10T11:27:18.102-0800][75241734ms] GC(20376) Using 10 workers of 10 for evacuation
[2023-11-10T11:27:18.109-0800][75241741ms] GC(20376)   Pre Evacuate Collection Set: 0.1ms
[2023-11-10T11:27:18.109-0800][75241741ms] GC(20376)   Evacuate Collection Set: 2.5ms
[2023-11-10T11:27:18.109-0800][75241741ms] GC(20376)   Post Evacuate Collection Set: 3.6ms
[2023-11-10T11:27:18.109-0800][75241741ms] GC(20376)   Other: 0.3ms
[2023-11-10T11:27:18.109-0800][75241741ms] GC(20376) Eden regions: 220->0(220)
[2023-11-10T11:27:18.109-0800][75241741ms] GC(20376) Survivor regions: 1->1(28)
[2023-11-10T11:27:18.109-0800][75241741ms] GC(20376) Old regions: 1392->1392
[2023-11-10T11:27:18.109-0800][75241741ms] GC(20376) Humongous regions: 5->5
[2023-11-10T11:27:18.109-0800][75241741ms] GC(20376) Metaspace: 304631K->304631K(1347584K)
[2023-11-10T11:27:18.109-0800][75241741ms] GC(20376) Pause Young (Normal) (G1 Evacuation Pause) 3232M->2792M(3602M) 6.484ms
[2023-11-10T11:27:18.110-0800][75241742ms] GC(20376) User=0.00s Sys=0.00s Real=0.01s
[2023-11-10T11:27:18.694-0800][75242326ms] GC(20377) Pause Young (Normal) (G1 Evacuation Pause)
[2023-11-10T11:27:18.694-0800][75242326ms] GC(20377) Using 10 workers of 10 for evacuation
[2023-11-10T11:27:18.700-0800][75242332ms] GC(20377)   Pre Evacuate Collection Set: 0.0ms
[2023-11-10T11:27:18.700-0800][75242332ms] GC(20377)   Evacuate Collection Set: 2.6ms
[2023-11-10T11:27:18.700-0800][75242332ms] GC(20377)   Post Evacuate Collection Set: 3.9ms
[2023-11-10T11:27:18.700-0800][75242332ms] GC(20377)   Other: 0.3ms
[2023-11-10T11:27:18.700-0800][75242332ms] GC(20377) Eden regions: 220->0(221)
[2023-11-10T11:27:18.700-0800][75242332ms] GC(20377) Survivor regions: 1->1(28)
[2023-11-10T11:27:18.700-0800][75242332ms] GC(20377) Old regions: 1392->1392
[2023-11-10T11:27:18.700-0800][75242332ms] GC(20377) Humongous regions: 5->5
[2023-11-10T11:27:18.700-0800][75242332ms] GC(20377) Metaspace: 304631K->304631K(1347584K)
[2023-11-10T11:27:18.700-0800][75242332ms] GC(20377) Pause Young (Normal) (G1 Evacuation Pause) 3232M->2792M(3602M) 7.027ms
[2023-11-10T11:27:18.700-0800][75242332ms] GC(20377) User=0.16s Sys=0.00s Real=0.01s
[2023-11-10T11:27:19.221-0800][75242853ms] GC(20378) Pause Young (Normal) (G1 Evacuation Pause)
[2023-11-10T11:27:19.221-0800][75242853ms] GC(20378) Using 10 workers of 10 for evacuation
[2023-11-10T11:27:19.228-0800][75242860ms] GC(20378)   Pre Evacuate Collection Set: 0.1ms
[2023-11-10T11:27:19.228-0800][75242860ms] GC(20378)   Evacuate Collection Set: 2.4ms
[2023-11-10T11:27:19.228-0800][75242860ms] GC(20378)   Post Evacuate Collection Set: 3.6ms
[2023-11-10T11:27:19.228-0800][75242860ms] GC(20378)   Other: 0.3ms
[2023-11-10T11:27:19.228-0800][75242860ms] GC(20378) Eden regions: 221->0(221)
[2023-11-10T11:27:19.228-0800][75242860ms] GC(20378) Survivor regions: 1->1(28)
[2023-11-10T11:27:19.228-0800][75242860ms] GC(20378) Old regions: 1392->1392
[2023-11-10T11:27:19.228-0800][75242860ms] GC(20378) Humongous regions: 5->5
[2023-11-10T11:27:19.228-0800][75242860ms] GC(20378) Metaspace: 304631K->304631K(1347584K)
[2023-11-10T11:27:19.228-0800][75242860ms] GC(20378) Pause Young (Normal) (G1 Evacuation Pause) 3234M->2792M(3602M) 6.511ms
[2023-11-10T11:27:19.228-0800][75242860ms] GC(20378) User=0.00s Sys=0.00s Real=0.01s
[2023-11-10T11:27:19.721-0800][75243353ms] GC(20379) Pause Young (Normal) (G1 Evacuation Pause)
[2023-11-10T11:27:19.721-0800][75243353ms] GC(20379) Using 10 workers of 10 for evacuation
[2023-11-10T11:27:19.726-0800][75243358ms] GC(20379)   Pre Evacuate Collection Set: 0.1ms
[2023-11-10T11:27:19.726-0800][75243358ms] GC(20379)   Evacuate Collection Set: 1.8ms
[2023-11-10T11:27:19.726-0800][75243358ms] GC(20379)   Post Evacuate Collection Set: 3.1ms
[2023-11-10T11:27:19.726-0800][75243358ms] GC(20379)   Other: 0.4ms
[2023-11-10T11:27:19.726-0800][75243358ms] GC(20379) Eden regions: 221->0(221)
[2023-11-10T11:27:19.726-0800][75243358ms] GC(20379) Survivor regions: 1->1(28)
[2023-11-10T11:27:19.726-0800][75243358ms] GC(20379) Old regions: 1392->1392
[2023-11-10T11:27:19.726-0800][75243358ms] GC(20379) Humongous regions: 5->5
[2023-11-10T11:27:19.726-0800][75243358ms] GC(20379) Metaspace: 304631K->304631K(1347584K)
[2023-11-10T11:27:19.726-0800][75243358ms] GC(20379) Pause Young (Normal) (G1 Evacuation Pause) 3234M->2792M(3602M) 5.468ms
[2023-11-10T11:27:19.726-0800][75243358ms] GC(20379) User=0.00s Sys=0.00s Real=0.01s
[2023-11-10T11:27:20.304-0800][75243936ms] GC(20380) Pause Young (Normal) (G1 Evacuation Pause)
[2023-11-10T11:27:20.304-0800][75243936ms] GC(20380) Using 10 workers of 10 for evacuation
[2023-11-10T11:27:20.309-0800][75243941ms] GC(20380)   Pre Evacuate Collection Set: 0.0ms
[2023-11-10T11:27:20.309-0800][75243941ms] GC(20380)   Evacuate Collection Set: 1.7ms
[2023-11-10T11:27:20.309-0800][75243941ms] GC(20380)   Post Evacuate Collection Set: 3.1ms
[2023-11-10T11:27:20.309-0800][75243941ms] GC(20380)   Other: 0.3ms
[2023-11-10T11:27:20.309-0800][75243941ms] GC(20380) Eden regions: 221->0(221)
[2023-11-10T11:27:20.309-0800][75243941ms] GC(20380) Survivor regions: 1->1(28)
[2023-11-10T11:27:20.309-0800][75243941ms] GC(20380) Old regions: 1392->1392
[2023-11-10T11:27:20.309-0800][75243941ms] GC(20380) Humongous regions: 5->5
[2023-11-10T11:27:20.309-0800][75243941ms] GC(20380) Metaspace: 304631K->304631K(1347584K)
[2023-11-10T11:27:20.309-0800][75243941ms] GC(20380) Pause Young (Normal) (G1 Evacuation Pause) 3234M->2792M(3602M) 5.274ms
[2023-11-10T11:27:20.309-0800][75243941ms] GC(20380) User=0.00s Sys=0.00s Real=0.01s
[2023-11-10T11:27:20.854-0800][75244486ms] GC(20381) Pause Young (Normal) (G1 Evacuation Pause)
[2023-11-10T11:27:20.854-0800][75244486ms] GC(20381) Using 10 workers of 10 for evacuation
[2023-11-10T11:27:20.860-0800][75244492ms] GC(20381)   Pre Evacuate Collection Set: 0.0ms
[2023-11-10T11:27:20.860-0800][75244492ms] GC(20381)   Evacuate Collection Set: 1.7ms
[2023-11-10T11:27:20.860-0800][75244492ms] GC(20381)   Post Evacuate Collection Set: 3.6ms
[2023-11-10T11:27:20.860-0800][75244492ms] GC(20381)   Other: 0.3ms
[2023-11-10T11:27:20.860-0800][75244492ms] GC(20381) Eden regions: 221->0(221)
[2023-11-10T11:27:20.860-0800][75244492ms] GC(20381) Survivor regions: 1->1(28)
[2023-11-10T11:27:20.860-0800][75244492ms] GC(20381) Old regions: 1392->1392
[2023-11-10T11:27:20.860-0800][75244492ms] GC(20381) Humongous regions: 5->5
[2023-11-10T11:27:20.860-0800][75244492ms] GC(20381) Metaspace: 304631K->304631K(1347584K)
[2023-11-10T11:27:20.860-0800][75244492ms] GC(20381) Pause Young (Normal) (G1 Evacuation Pause) 3234M->2792M(3602M) 5.787ms
[2023-11-10T11:27:20.860-0800][75244492ms] GC(20381) User=0.00s Sys=0.00s Real=0.01s
[2023-11-10T11:27:21.478-0800][75245110ms] GC(20382) Pause Young (Normal) (G1 Evacuation Pause)
[2023-11-10T11:27:21.478-0800][75245110ms] GC(20382) Using 10 workers of 10 for evacuation
[2023-11-10T11:27:21.483-0800][75245115ms] GC(20382)   Pre Evacuate Collection Set: 0.1ms
[2023-11-10T11:27:21.483-0800][75245115ms] GC(20382)   Evacuate Collection Set: 1.7ms
[2023-11-10T11:27:21.483-0800][75245115ms] GC(20382)   Post Evacuate Collection Set: 3.1ms
[2023-11-10T11:27:21.483-0800][75245115ms] GC(20382)   Other: 0.3ms
[2023-11-10T11:27:21.483-0800][75245115ms] GC(20382) Eden regions: 221->0(221)
[2023-11-10T11:27:21.483-0800][75245115ms] GC(20382) Survivor regions: 1->1(28)
[2023-11-10T11:27:21.483-0800][75245115ms] GC(20382) Old regions: 1392->1392
[2023-11-10T11:27:21.483-0800][75245115ms] GC(20382) Humongous regions: 5->5
[2023-11-10T11:27:21.483-0800][75245115ms] GC(20382) Metaspace: 304631K->304631K(1347584K)
[2023-11-10T11:27:21.483-0800][75245115ms] GC(20382) Pause Young (Normal) (G1 Evacuation Pause) 3234M->2792M(3602M) 5.354ms
[2023-11-10T11:27:21.483-0800][75245115ms] GC(20382) User=0.00s Sys=0.00s Real=0.01s
[2023-11-10T11:27:21.917-0800][75245549ms] GC(20383) Pause Young (Normal) (G1 Evacuation Pause)
[2023-11-10T11:27:21.917-0800][75245549ms] GC(20383) Using 10 workers of 10 for evacuation
[2023-11-10T11:27:21.922-0800][75245554ms] GC(20383)   Pre Evacuate Collection Set: 0.0ms
[2023-11-10T11:27:21.922-0800][75245554ms] GC(20383)   Evacuate Collection Set: 1.7ms
[2023-11-10T11:27:21.922-0800][75245554ms] GC(20383)   Post Evacuate Collection Set: 3.1ms
[2023-11-10T11:27:21.922-0800][75245554ms] GC(20383)   Other: 0.2ms
[2023-11-10T11:27:21.922-0800][75245554ms] GC(20383) Eden regions: 221->0(221)
[2023-11-10T11:27:21.922-0800][75245554ms] GC(20383) Survivor regions: 1->1(28)
[2023-11-10T11:27:21.922-0800][75245554ms] GC(20383) Old regions: 1392->1392
[2023-11-10T11:27:21.922-0800][75245554ms] GC(20383) Humongous regions: 5->5
[2023-11-10T11:27:21.922-0800][75245554ms] GC(20383) Metaspace: 304631K->304631K(1347584K)
[2023-11-10T11:27:21.922-0800][75245554ms] GC(20383) Pause Young (Normal) (G1 Evacuation Pause) 3234M->2793M(3602M) 5.161ms
[2023-11-10T11:27:21.922-0800][75245554ms] GC(20383) User=0.00s Sys=0.00s Real=0.00s
[2023-11-10T11:27:22.489-0800][75246121ms] GC(20384) Pause Young (Normal) (G1 Evacuation Pause)
[2023-11-10T11:27:22.489-0800][75246121ms] GC(20384) Using 10 workers of 10 for evacuation
[2023-11-10T11:27:22.499-0800][75246131ms] GC(20384)   Pre Evacuate Collection Set: 0.0ms
[2023-11-10T11:27:22.499-0800][75246131ms] GC(20384)   Evacuate Collection Set: 6.2ms
[2023-11-10T11:27:22.499-0800][75246131ms] GC(20384)   Post Evacuate Collection Set: 3.3ms
[2023-11-10T11:27:22.499-0800][75246131ms] GC(20384)   Other: 0.3ms
[2023-11-10T11:27:22.499-0800][75246131ms] GC(20384) Eden regions: 221->0(221)
[2023-11-10T11:27:22.499-0800][75246131ms] GC(20384) Survivor regions: 1->1(28)
[2023-11-10T11:27:22.499-0800][75246131ms] GC(20384) Old regions: 1392->1392
[2023-11-10T11:27:22.499-0800][75246131ms] GC(20384) Humongous regions: 5->5
[2023-11-10T11:27:22.499-0800][75246131ms] GC(20384) Metaspace: 304631K->304631K(1347584K)
[2023-11-10T11:27:22.499-0800][75246131ms] GC(20384) Pause Young (Normal) (G1 Evacuation Pause) 3235M->2793M(3602M) 9.963ms
[2023-11-10T11:27:22.499-0800][75246131ms] GC(20384) User=0.02s Sys=0.00s Real=0.01s
[2023-11-10T11:27:23.006-0800][75246638ms] GC(20385) Pause Young (Normal) (G1 Evacuation Pause)
[2023-11-10T11:27:23.006-0800][75246638ms] GC(20385) Using 10 workers of 10 for evacuation
[2023-11-10T11:27:23.011-0800][75246643ms] GC(20385)   Pre Evacuate Collection Set: 0.0ms
[2023-11-10T11:27:23.011-0800][75246643ms] GC(20385)   Evacuate Collection Set: 1.8ms
[2023-11-10T11:27:23.011-0800][75246643ms] GC(20385)   Post Evacuate Collection Set: 3.2ms
[2023-11-10T11:27:23.011-0800][75246643ms] GC(20385)   Other: 0.3ms
[2023-11-10T11:27:23.011-0800][75246643ms] GC(20385) Eden regions: 221->0(220)
[2023-11-10T11:27:23.011-0800][75246643ms] GC(20385) Survivor regions: 1->1(28)
[2023-11-10T11:27:23.011-0800][75246643ms] GC(20385) Old regions: 1392->1392
[2023-11-10T11:27:23.011-0800][75246643ms] GC(20385) Humongous regions: 5->5
[2023-11-10T11:27:23.011-0800][75246643ms] GC(20385) Metaspace: 304631K->304631K(1347584K)
[2023-11-10T11:27:23.011-0800][75246643ms] GC(20385) Pause Young (Normal) (G1 Evacuation Pause) 3235M->2793M(3602M) 5.442ms
[2023-11-10T11:27:23.011-0800][75246643ms] GC(20385) User=0.09s Sys=0.00s Real=0.00s
[2023-11-10T11:27:23.550-0800][75247182ms] GC(20386) Pause Young (Normal) (G1 Evacuation Pause)
[2023-11-10T11:27:23.550-0800][75247182ms] GC(20386) Using 10 workers of 10 for evacuation
[2023-11-10T11:27:23.556-0800][75247188ms] GC(20386)   Pre Evacuate Collection Set: 0.0ms
[2023-11-10T11:27:23.556-0800][75247188ms] GC(20386)   Evacuate Collection Set: 1.6ms
[2023-11-10T11:27:23.556-0800][75247188ms] GC(20386)   Post Evacuate Collection Set: 3.0ms
[2023-11-10T11:27:23.556-0800][75247188ms] GC(20386)   Other: 0.2ms
[2023-11-10T11:27:23.556-0800][75247188ms] GC(20386) Eden regions: 220->0(220)
[2023-11-10T11:27:23.556-0800][75247188ms] GC(20386) Survivor regions: 1->1(28)
[2023-11-10T11:27:23.556-0800][75247188ms] GC(20386) Old regions: 1392->1392
[2023-11-10T11:27:23.556-0800][75247188ms] GC(20386) Humongous regions: 5->5
[2023-11-10T11:27:23.556-0800][75247188ms] GC(20386) Metaspace: 304631K->304631K(1347584K)
[2023-11-10T11:27:23.556-0800][75247188ms] GC(20386) Pause Young (Normal) (G1 Evacuation Pause) 3233M->2792M(3602M) 5.015ms
[2023-11-10T11:27:23.556-0800][75247188ms] GC(20386) User=0.00s Sys=0.00s Real=0.01s
[2023-11-10T11:27:24.018-0800][75247650ms] GC(20387) Pause Young (Normal) (GCLocker Initiated GC)
[2023-11-10T11:27:24.018-0800][75247650ms] GC(20387) Using 10 workers of 10 for evacuation
[2023-11-10T11:27:24.023-0800][75247655ms] GC(20387)   Pre Evacuate Collection Set: 0.0ms
[2023-11-10T11:27:24.023-0800][75247655ms] GC(20387)   Evacuate Collection Set: 1.7ms
[2023-11-10T11:27:24.023-0800][75247655ms] GC(20387)   Post Evacuate Collection Set: 3.1ms
[2023-11-10T11:27:24.023-0800][75247655ms] GC(20387)   Other: 0.3ms
[2023-11-10T11:27:24.023-0800][75247655ms] GC(20387) Eden regions: 221->0(221)
[2023-11-10T11:27:24.023-0800][75247655ms] GC(20387) Survivor regions: 1->1(28)
[2023-11-10T11:27:24.023-0800][75247655ms] GC(20387) Old regions: 1392->1392
[2023-11-10T11:27:24.023-0800][75247655ms] GC(20387) Humongous regions: 5->5
[2023-11-10T11:27:24.023-0800][75247655ms] GC(20387) Metaspace: 304631K->304631K(1347584K)
[2023-11-10T11:27:24.023-0800][75247655ms] GC(20387) Pause Young (Normal) (GCLocker Initiated GC) 3233M->2793M(3602M) 5.152ms
[2023-11-10T11:27:24.023-0800][75247655ms] GC(20387) User=0.00s Sys=0.00s Real=0.01s
[2023-11-10T11:27:24.571-0800][75248203ms] GC(20388) Pause Young (Normal) (GCLocker Initiated GC)
[2023-11-10T11:27:24.571-0800][75248203ms] GC(20388) Using 10 workers of 10 for evacuation
[2023-11-10T11:27:24.576-0800][75248208ms] GC(20388)   Pre Evacuate Collection Set: 0.1ms
[2023-11-10T11:27:24.576-0800][75248208ms] GC(20388)   Evacuate Collection Set: 2.0ms
[2023-11-10T11:27:24.576-0800][75248208ms] GC(20388)   Post Evacuate Collection Set: 3.1ms
[2023-11-10T11:27:24.576-0800][75248208ms] GC(20388)   Other: 0.5ms
[2023-11-10T11:27:24.576-0800][75248208ms] GC(20388) Eden regions: 222->0(221)
[2023-11-10T11:27:24.576-0800][75248208ms] GC(20388) Survivor regions: 1->1(28)
[2023-11-10T11:27:24.576-0800][75248208ms] GC(20388) Old regions: 1392->1392
[2023-11-10T11:27:24.576-0800][75248208ms] GC(20388) Humongous regions: 5->5
[2023-11-10T11:27:24.576-0800][75248208ms] GC(20388) Metaspace: 304631K->304631K(1347584K)
[2023-11-10T11:27:24.576-0800][75248208ms] GC(20388) Pause Young (Normal) (GCLocker Initiated GC) 3235M->2792M(3602M) 5.660ms
[2023-11-10T11:27:24.576-0800][75248208ms] GC(20388) User=0.00s Sys=0.00s Real=0.00s
[2023-11-10T11:27:25.184-0800][75248816ms] GC(20389) Pause Young (Normal) (GCLocker Initiated GC)
[2023-11-10T11:27:25.184-0800][75248816ms] GC(20389) Using 10 workers of 10 for evacuation
[2023-11-10T11:27:25.190-0800][75248822ms] GC(20389)   Pre Evacuate Collection Set: 0.1ms
[2023-11-10T11:27:25.190-0800][75248822ms] GC(20389)   Evacuate Collection Set: 2.0ms
[2023-11-10T11:27:25.190-0800][75248822ms] GC(20389)   Post Evacuate Collection Set: 3.3ms
[2023-11-10T11:27:25.190-0800][75248822ms] GC(20389)   Other: 0.4ms
[2023-11-10T11:27:25.190-0800][75248822ms] GC(20389) Eden regions: 221->0(221)
[2023-11-10T11:27:25.190-0800][75248822ms] GC(20389) Survivor regions: 1->1(28)
[2023-11-10T11:27:25.190-0800][75248822ms] GC(20389) Old regions: 1392->1392
[2023-11-10T11:27:25.190-0800][75248822ms] GC(20389) Humongous regions: 5->5
[2023-11-10T11:27:25.190-0800][75248822ms] GC(20389) Metaspace: 304631K->304631K(1347584K)
[2023-11-10T11:27:25.190-0800][75248822ms] GC(20389) Pause Young (Normal) (GCLocker Initiated GC) 3234M->2792M(3602M) 5.866ms
[2023-11-10T11:27:25.191-0800][75248823ms] GC(20389) User=0.00s Sys=0.00s Real=0.01s
[2023-11-10T11:27:25.806-0800][75249438ms] GC(20390) Pause Young (Normal) (GCLocker Initiated GC)
[2023-11-10T11:27:25.806-0800][75249438ms] GC(20390) Using 10 workers of 10 for evacuation
[2023-11-10T11:27:25.811-0800][75249443ms] GC(20390)   Pre Evacuate Collection Set: 0.1ms
[2023-11-10T11:27:25.811-0800][75249443ms] GC(20390)   Evacuate Collection Set: 1.9ms
[2023-11-10T11:27:25.811-0800][75249443ms] GC(20390)   Post Evacuate Collection Set: 3.4ms
[2023-11-10T11:27:25.811-0800][75249443ms] GC(20390)   Other: 0.3ms
[2023-11-10T11:27:25.811-0800][75249443ms] GC(20390) Eden regions: 221->0(221)
[2023-11-10T11:27:25.811-0800][75249443ms] GC(20390) Survivor regions: 1->1(28)
[2023-11-10T11:27:25.811-0800][75249443ms] GC(20390) Old regions: 1392->1392
[2023-11-10T11:27:25.811-0800][75249443ms] GC(20390) Humongous regions: 5->5
[2023-11-10T11:27:25.811-0800][75249443ms] GC(20390) Metaspace: 304631K->304631K(1347584K)
[2023-11-10T11:27:25.811-0800][75249443ms] GC(20390) Pause Young (Normal) (GCLocker Initiated GC) 3234M->2792M(3602M) 5.703ms
[2023-11-10T11:27:25.811-0800][75249443ms] GC(20390) User=0.00s Sys=0.00s Real=0.01s
[2023-11-10T11:27:26.381-0800][75250013ms] GC(20391) Pause Young (Normal) (G1 Evacuation Pause)
[2023-11-10T11:27:26.381-0800][75250013ms] GC(20391) Using 10 workers of 10 for evacuation
[2023-11-10T11:27:26.388-0800][75250020ms] GC(20391)   Pre Evacuate Collection Set: 0.0ms
[2023-11-10T11:27:26.389-0800][75250021ms] GC(20391)   Evacuate Collection Set: 2.1ms
[2023-11-10T11:27:26.389-0800][75250021ms] GC(20391)   Post Evacuate Collection Set: 5.2ms
[2023-11-10T11:27:26.389-0800][75250021ms] GC(20391)   Other: 0.4ms
[2023-11-10T11:27:26.389-0800][75250021ms] GC(20391) Eden regions: 221->0(221)
[2023-11-10T11:27:26.389-0800][75250021ms] GC(20391) Survivor regions: 1->1(28)
[2023-11-10T11:27:26.389-0800][75250021ms] GC(20391) Old regions: 1392->1392
[2023-11-10T11:27:26.389-0800][75250021ms] GC(20391) Humongous regions: 5->5
[2023-11-10T11:27:26.389-0800][75250021ms] GC(20391) Metaspace: 304631K->304631K(1347584K)
[2023-11-10T11:27:26.389-0800][75250021ms] GC(20391) Pause Young (Normal) (G1 Evacuation Pause) 3234M->2792M(3602M) 7.774ms
[2023-11-10T11:27:26.389-0800][75250021ms] GC(20391) User=0.09s Sys=0.00s Real=0.01s
[2023-11-10T11:27:26.937-0800][75250569ms] GC(20392) Pause Young (Normal) (G1 Evacuation Pause)
[2023-11-10T11:27:26.937-0800][75250569ms] GC(20392) Using 10 workers of 10 for evacuation
[2023-11-10T11:27:26.944-0800][75250576ms] GC(20392)   Pre Evacuate Collection Set: 0.1ms
[2023-11-10T11:27:26.944-0800][75250576ms] GC(20392)   Evacuate Collection Set: 1.8ms
[2023-11-10T11:27:26.944-0800][75250576ms] GC(20392)   Post Evacuate Collection Set: 4.6ms
[2023-11-10T11:27:26.944-0800][75250576ms] GC(20392)   Other: 0.5ms
[2023-11-10T11:27:26.944-0800][75250576ms] GC(20392) Eden regions: 221->0(221)
[2023-11-10T11:27:26.944-0800][75250576ms] GC(20392) Survivor regions: 1->1(28)
[2023-11-10T11:27:26.944-0800][75250576ms] GC(20392) Old regions: 1392->1392
[2023-11-10T11:27:26.944-0800][75250576ms] GC(20392) Humongous regions: 5->5
[2023-11-10T11:27:26.944-0800][75250576ms] GC(20392) Metaspace: 304631K->304631K(1347584K)
[2023-11-10T11:27:26.944-0800][75250576ms] GC(20392) Pause Young (Normal) (G1 Evacuation Pause) 3234M->2792M(3602M) 7.121ms
[2023-11-10T11:27:26.944-0800][75250576ms] GC(20392) User=0.00s Sys=0.00s Real=0.01s
[2023-11-10T11:27:27.542-0800][75251174ms] GC(20393) Pause Young (Normal) (G1 Evacuation Pause)
[2023-11-10T11:27:27.542-0800][75251174ms] GC(20393) Using 10 workers of 10 for evacuation
[2023-11-10T11:27:27.547-0800][75251179ms] GC(20393)   Pre Evacuate Collection Set: 0.0ms
[2023-11-10T11:27:27.547-0800][75251179ms] GC(20393)   Evacuate Collection Set: 1.6ms
[2023-11-10T11:27:27.547-0800][75251179ms] GC(20393)   Post Evacuate Collection Set: 3.3ms
[2023-11-10T11:27:27.547-0800][75251179ms] GC(20393)   Other: 0.3ms
[2023-11-10T11:27:27.547-0800][75251179ms] GC(20393) Eden regions: 221->0(221)
[2023-11-10T11:27:27.547-0800][75251179ms] GC(20393) Survivor regions: 1->1(28)
[2023-11-10T11:27:27.547-0800][75251179ms] GC(20393) Old regions: 1392->1392
[2023-11-10T11:27:27.547-0800][75251179ms] GC(20393) Humongous regions: 5->5
[2023-11-10T11:27:27.547-0800][75251179ms] GC(20393) Metaspace: 304631K->304631K(1347584K)
[2023-11-10T11:27:27.547-0800][75251179ms] GC(20393) Pause Young (Normal) (G1 Evacuation Pause) 3234M->2792M(3602M) 5.349ms
[2023-11-10T11:27:27.547-0800][75251179ms] GC(20393) User=0.00s Sys=0.00s Real=0.00s
[2023-11-10T11:27:28.094-0800][75251726ms] GC(20394) Pause Young (Normal) (G1 Evacuation Pause)
[2023-11-10T11:27:28.094-0800][75251726ms] GC(20394) Using 10 workers of 10 for evacuation
[2023-11-10T11:27:28.105-0800][75251737ms] GC(20394)   Pre Evacuate Collection Set: 0.1ms
[2023-11-10T11:27:28.105-0800][75251737ms] GC(20394)   Evacuate Collection Set: 2.6ms
[2023-11-10T11:27:28.105-0800][75251737ms] GC(20394)   Post Evacuate Collection Set: 8.1ms
[2023-11-10T11:27:28.105-0800][75251737ms] GC(20394)   Other: 0.3ms
[2023-11-10T11:27:28.105-0800][75251737ms] GC(20394) Eden regions: 221->0(221)
[2023-11-10T11:27:28.105-0800][75251737ms] GC(20394) Survivor regions: 1->1(28)
[2023-11-10T11:27:28.105-0800][75251737ms] GC(20394) Old regions: 1392->1392
[2023-11-10T11:27:28.105-0800][75251737ms] GC(20394) Humongous regions: 5->5
[2023-11-10T11:27:28.105-0800][75251737ms] GC(20394) Metaspace: 304631K->304631K(1347584K)
[2023-11-10T11:27:28.105-0800][75251737ms] GC(20394) Pause Young (Normal) (G1 Evacuation Pause) 3234M->2792M(3602M) 11.143ms
[2023-11-10T11:27:28.105-0800][75251737ms] GC(20394) User=0.00s Sys=0.00s Real=0.01s
[2023-11-10T11:27:28.641-0800][75252273ms] GC(20395) Pause Young (Normal) (G1 Evacuation Pause)
[2023-11-10T11:27:28.641-0800][75252273ms] GC(20395) Using 10 workers of 10 for evacuation
[2023-11-10T11:27:28.650-0800][75252282ms] GC(20395)   Pre Evacuate Collection Set: 0.0ms
[2023-11-10T11:27:28.650-0800][75252282ms] GC(20395)   Evacuate Collection Set: 2.5ms
[2023-11-10T11:27:28.650-0800][75252282ms] GC(20395)   Post Evacuate Collection Set: 6.1ms
[2023-11-10T11:27:28.650-0800][75252282ms] GC(20395)   Other: 0.3ms
[2023-11-10T11:27:28.650-0800][75252282ms] GC(20395) Eden regions: 221->0(221)
[2023-11-10T11:27:28.650-0800][75252282ms] GC(20395) Survivor regions: 1->1(28)
[2023-11-10T11:27:28.650-0800][75252282ms] GC(20395) Old regions: 1392->1392
[2023-11-10T11:27:28.650-0800][75252282ms] GC(20395) Humongous regions: 5->5
[2023-11-10T11:27:28.650-0800][75252282ms] GC(20395) Metaspace: 304631K->304631K(1347584K)
[2023-11-10T11:27:28.650-0800][75252282ms] GC(20395) Pause Young (Normal) (G1 Evacuation Pause) 3234M->2792M(3602M) 9.232ms
[2023-11-10T11:27:28.650-0800][75252282ms] GC(20395) User=0.00s Sys=0.00s Real=0.01s
[2023-11-10T11:27:29.242-0800][75252874ms] GC(20396) Pause Young (Normal) (G1 Evacuation Pause)
[2023-11-10T11:27:29.242-0800][75252874ms] GC(20396) Using 10 workers of 10 for evacuation
[2023-11-10T11:27:29.247-0800][75252879ms] GC(20396)   Pre Evacuate Collection Set: 0.0ms
[2023-11-10T11:27:29.247-0800][75252879ms] GC(20396)   Evacuate Collection Set: 1.8ms
[2023-11-10T11:27:29.247-0800][75252879ms] GC(20396)   Post Evacuate Collection Set: 3.1ms
[2023-11-10T11:27:29.247-0800][75252879ms] GC(20396)   Other: 0.3ms
[2023-11-10T11:27:29.247-0800][75252879ms] GC(20396) Eden regions: 221->0(221)
[2023-11-10T11:27:29.247-0800][75252879ms] GC(20396) Survivor regions: 1->1(28)
[2023-11-10T11:27:29.247-0800][75252879ms] GC(20396) Old regions: 1392->1392
[2023-11-10T11:27:29.247-0800][75252879ms] GC(20396) Humongous regions: 5->5
[2023-11-10T11:27:29.247-0800][75252879ms] GC(20396) Metaspace: 304631K->304631K(1347584K)
[2023-11-10T11:27:29.247-0800][75252879ms] GC(20396) Pause Young (Normal) (G1 Evacuation Pause) 3234M->2792M(3602M) 5.332ms
[2023-11-10T11:27:29.247-0800][75252879ms] GC(20396) User=0.00s Sys=0.00s Real=0.00s
[2023-11-10T11:27:29.735-0800][75253367ms] GC(20397) Pause Young (Normal) (G1 Evacuation Pause)
[2023-11-10T11:27:29.735-0800][75253367ms] GC(20397) Using 10 workers of 10 for evacuation
[2023-11-10T11:27:29.740-0800][75253372ms] GC(20397)   Pre Evacuate Collection Set: 0.0ms
[2023-11-10T11:27:29.740-0800][75253372ms] GC(20397)   Evacuate Collection Set: 1.6ms
[2023-11-10T11:27:29.740-0800][75253372ms] GC(20397)   Post Evacuate Collection Set: 3.1ms
[2023-11-10T11:27:29.740-0800][75253372ms] GC(20397)   Other: 0.3ms
[2023-11-10T11:27:29.740-0800][75253372ms] GC(20397) Eden regions: 221->0(221)
[2023-11-10T11:27:29.740-0800][75253372ms] GC(20397) Survivor regions: 1->1(28)
[2023-11-10T11:27:29.740-0800][75253372ms] GC(20397) Old regions: 1392->1392
[2023-11-10T11:27:29.740-0800][75253372ms] GC(20397) Humongous regions: 5->5
[2023-11-10T11:27:29.740-0800][75253372ms] GC(20397) Metaspace: 304631K->304631K(1347584K)
[2023-11-10T11:27:29.740-0800][75253372ms] GC(20397) Pause Young (Normal) (G1 Evacuation Pause) 3234M->2793M(3602M) 5.115ms
[2023-11-10T11:27:29.740-0800][75253372ms] GC(20397) User=0.00s Sys=0.00s Real=0.01s
[2023-11-10T11:27:30.279-0800][75253911ms] GC(20398) Pause Young (Normal) (G1 Evacuation Pause)
[2023-11-10T11:27:30.279-0800][75253911ms] GC(20398) Using 10 workers of 10 for evacuation
[2023-11-10T11:27:30.284-0800][75253916ms] GC(20398)   Pre Evacuate Collection Set: 0.0ms
[2023-11-10T11:27:30.284-0800][75253916ms] GC(20398)   Evacuate Collection Set: 1.6ms
[2023-11-10T11:27:30.284-0800][75253916ms] GC(20398)   Post Evacuate Collection Set: 3.0ms
[2023-11-10T11:27:30.284-0800][75253916ms] GC(20398)   Other: 0.3ms
[2023-11-10T11:27:30.284-0800][75253916ms] GC(20398) Eden regions: 221->0(221)
[2023-11-10T11:27:30.284-0800][75253916ms] GC(20398) Survivor regions: 1->1(28)
[2023-11-10T11:27:30.284-0800][75253916ms] GC(20398) Old regions: 1392->1392
[2023-11-10T11:27:30.284-0800][75253916ms] GC(20398) Humongous regions: 5->5
[2023-11-10T11:27:30.284-0800][75253916ms] GC(20398) Metaspace: 304631K->304631K(1347584K)
[2023-11-10T11:27:30.284-0800][75253916ms] GC(20398) Pause Young (Normal) (G1 Evacuation Pause) 3235M->2793M(3602M) 5.085ms
[2023-11-10T11:27:30.284-0800][75253916ms] GC(20398) User=0.00s Sys=0.00s Real=0.00s
[2023-11-10T11:27:30.801-0800][75254433ms] GC(20399) Pause Young (Normal) (G1 Evacuation Pause)
[2023-11-10T11:27:30.801-0800][75254433ms] GC(20399) Using 10 workers of 10 for evacuation
[2023-11-10T11:27:30.805-0800][75254437ms] GC(20399)   Pre Evacuate Collection Set: 0.0ms
[2023-11-10T11:27:30.805-0800][75254437ms] GC(20399)   Evacuate Collection Set: 1.7ms
[2023-11-10T11:27:30.805-0800][75254437ms] GC(20399)   Post Evacuate Collection Set: 3.0ms
[2023-11-10T11:27:30.805-0800][75254437ms] GC(20399)   Other: 0.2ms
[2023-11-10T11:27:30.805-0800][75254437ms] GC(20399) Eden regions: 221->0(221)
[2023-11-10T11:27:30.805-0800][75254437ms] GC(20399) Survivor regions: 1->1(28)
[2023-11-10T11:27:30.805-0800][75254437ms] GC(20399) Old regions: 1392->1392
[2023-11-10T11:27:30.805-0800][75254437ms] GC(20399) Humongous regions: 5->5
[2023-11-10T11:27:30.805-0800][75254437ms] GC(20399) Metaspace: 304631K->304631K(1347584K)
[2023-11-10T11:27:30.805-0800][75254437ms] GC(20399) Pause Young (Normal) (G1 Evacuation Pause) 3235M->2792M(3602M) 5.092ms
[2023-11-10T11:27:30.805-0800][75254437ms] GC(20399) User=0.00s Sys=0.00s Real=0.00s
[2023-11-10T11:27:31.376-0800][75255008ms] GC(20400) Pause Young (Normal) (G1 Evacuation Pause)
[2023-11-10T11:27:31.376-0800][75255008ms] GC(20400) Using 10 workers of 10 for evacuation
[2023-11-10T11:27:31.385-0800][75255017ms] GC(20400)   Pre Evacuate Collection Set: 0.0ms
[2023-11-10T11:27:31.385-0800][75255017ms] GC(20400)   Evacuate Collection Set: 1.7ms
[2023-11-10T11:27:31.385-0800][75255017ms] GC(20400)   Post Evacuate Collection Set: 6.3ms
[2023-11-10T11:27:31.385-0800][75255017ms] GC(20400)   Other: 0.3ms
[2023-11-10T11:27:31.385-0800][75255017ms] GC(20400) Eden regions: 221->0(221)
[2023-11-10T11:27:31.385-0800][75255017ms] GC(20400) Survivor regions: 1->1(28)
[2023-11-10T11:27:31.385-0800][75255017ms] GC(20400) Old regions: 1392->1392
[2023-11-10T11:27:31.385-0800][75255017ms] GC(20400) Humongous regions: 5->5
[2023-11-10T11:27:31.385-0800][75255017ms] GC(20400) Metaspace: 304631K->304631K(1347584K)
[2023-11-10T11:27:31.385-0800][75255017ms] GC(20400) Pause Young (Normal) (G1 Evacuation Pause) 3234M->2793M(3602M) 8.442ms
[2023-11-10T11:27:31.385-0800][75255017ms] GC(20400) User=0.00s Sys=0.00s Real=0.01s
[2023-11-10T11:27:31.882-0800][75255514ms] GC(20401) Pause Young (Normal) (G1 Evacuation Pause)
[2023-11-10T11:27:31.882-0800][75255514ms] GC(20401) Using 10 workers of 10 for evacuation
[2023-11-10T11:27:31.889-0800][75255521ms] GC(20401)   Pre Evacuate Collection Set: 0.0ms
[2023-11-10T11:27:31.889-0800][75255521ms] GC(20401)   Evacuate Collection Set: 1.7ms
[2023-11-10T11:27:31.889-0800][75255521ms] GC(20401)   Post Evacuate Collection Set: 4.9ms
[2023-11-10T11:27:31.889-0800][75255521ms] GC(20401)   Other: 0.3ms
[2023-11-10T11:27:31.889-0800][75255521ms] GC(20401) Eden regions: 221->0(221)
[2023-11-10T11:27:31.889-0800][75255521ms] GC(20401) Survivor regions: 1->1(28)
[2023-11-10T11:27:31.889-0800][75255521ms] GC(20401) Old regions: 1392->1392
[2023-11-10T11:27:31.889-0800][75255521ms] GC(20401) Humongous regions: 5->5
[2023-11-10T11:27:31.889-0800][75255521ms] GC(20401) Metaspace: 304631K->304631K(1347584K)
[2023-11-10T11:27:31.889-0800][75255521ms] GC(20401) Pause Young (Normal) (G1 Evacuation Pause) 3235M->2793M(3602M) 7.147ms
[2023-11-10T11:27:31.889-0800][75255521ms] GC(20401) User=0.11s Sys=0.00s Real=0.01s
[2023-11-10T11:27:32.444-0800][75256076ms] GC(20402) Pause Young (Normal) (G1 Evacuation Pause)
[2023-11-10T11:27:32.444-0800][75256076ms] GC(20402) Using 10 workers of 10 for evacuation
[2023-11-10T11:27:32.450-0800][75256082ms] GC(20402)   Pre Evacuate Collection Set: 0.0ms
[2023-11-10T11:27:32.450-0800][75256082ms] GC(20402)   Evacuate Collection Set: 1.6ms
[2023-11-10T11:27:32.450-0800][75256082ms] GC(20402)   Post Evacuate Collection Set: 3.0ms
[2023-11-10T11:27:32.450-0800][75256082ms] GC(20402)   Other: 0.3ms
[2023-11-10T11:27:32.450-0800][75256082ms] GC(20402) Eden regions: 221->0(221)
[2023-11-10T11:27:32.450-0800][75256082ms] GC(20402) Survivor regions: 1->1(28)
[2023-11-10T11:27:32.450-0800][75256082ms] GC(20402) Old regions: 1392->1392
[2023-11-10T11:27:32.450-0800][75256082ms] GC(20402) Humongous regions: 5->5
[2023-11-10T11:27:32.450-0800][75256082ms] GC(20402) Metaspace: 304631K->304631K(1347584K)
[2023-11-10T11:27:32.450-0800][75256082ms] GC(20402) Pause Young (Normal) (G1 Evacuation Pause) 3235M->2793M(3602M) 5.037ms
[2023-11-10T11:27:32.450-0800][75256082ms] GC(20402) User=0.00s Sys=0.00s Real=0.01s
[2023-11-10T11:27:32.968-0800][75256600ms] GC(20403) Pause Young (Normal) (G1 Evacuation Pause)
[2023-11-10T11:27:32.969-0800][75256601ms] GC(20403) Using 10 workers of 10 for evacuation
[2023-11-10T11:27:32.973-0800][75256605ms] GC(20403)   Pre Evacuate Collection Set: 0.0ms
[2023-11-10T11:27:32.973-0800][75256605ms] GC(20403)   Evacuate Collection Set: 1.7ms
[2023-11-10T11:27:32.973-0800][75256605ms] GC(20403)   Post Evacuate Collection Set: 3.2ms
[2023-11-10T11:27:32.973-0800][75256605ms] GC(20403)   Other: 0.3ms
[2023-11-10T11:27:32.973-0800][75256605ms] GC(20403) Eden regions: 221->0(221)
[2023-11-10T11:27:32.973-0800][75256605ms] GC(20403) Survivor regions: 1->1(28)
[2023-11-10T11:27:32.973-0800][75256605ms] GC(20403) Old regions: 1392->1392
[2023-11-10T11:27:32.973-0800][75256605ms] GC(20403) Humongous regions: 5->5
[2023-11-10T11:27:32.973-0800][75256605ms] GC(20403) Metaspace: 304631K->304631K(1347584K)
[2023-11-10T11:27:32.973-0800][75256605ms] GC(20403) Pause Young (Normal) (G1 Evacuation Pause) 3235M->2793M(3602M) 5.249ms
[2023-11-10T11:27:32.973-0800][75256605ms] GC(20403) User=0.00s Sys=0.00s Real=0.01s
[2023-11-10T11:27:33.534-0800][75257166ms] GC(20404) Pause Young (Normal) (G1 Evacuation Pause)
[2023-11-10T11:27:33.534-0800][75257166ms] GC(20404) Using 10 workers of 10 for evacuation
[2023-11-10T11:27:33.541-0800][75257173ms] GC(20404)   Pre Evacuate Collection Set: 0.0ms
[2023-11-10T11:27:33.541-0800][75257173ms] GC(20404)   Evacuate Collection Set: 1.8ms
[2023-11-10T11:27:33.541-0800][75257173ms] GC(20404)   Post Evacuate Collection Set: 3.2ms
[2023-11-10T11:27:33.541-0800][75257173ms] GC(20404)   Other: 0.3ms
[2023-11-10T11:27:33.541-0800][75257173ms] GC(20404) Eden regions: 221->0(221)
[2023-11-10T11:27:33.541-0800][75257173ms] GC(20404) Survivor regions: 1->1(28)
[2023-11-10T11:27:33.541-0800][75257173ms] GC(20404) Old regions: 1392->1392
[2023-11-10T11:27:33.541-0800][75257173ms] GC(20404) Humongous regions: 5->5
[2023-11-10T11:27:33.541-0800][75257173ms] GC(20404) Metaspace: 304631K->304631K(1347584K)
[2023-11-10T11:27:33.541-0800][75257173ms] GC(20404) Pause Young (Normal) (G1 Evacuation Pause) 3235M->2793M(3602M) 5.448ms
[2023-11-10T11:27:33.541-0800][75257173ms] GC(20404) User=0.02s Sys=0.00s Real=0.01s
[2023-11-10T11:27:34.118-0800][75257750ms] GC(20405) Pause Young (Normal) (G1 Evacuation Pause)
[2023-11-10T11:27:34.118-0800][75257750ms] GC(20405) Using 10 workers of 10 for evacuation
[2023-11-10T11:27:34.124-0800][75257756ms] GC(20405)   Pre Evacuate Collection Set: 0.0ms
[2023-11-10T11:27:34.124-0800][75257756ms] GC(20405)   Evacuate Collection Set: 1.9ms
[2023-11-10T11:27:34.124-0800][75257756ms] GC(20405)   Post Evacuate Collection Set: 3.2ms
[2023-11-10T11:27:34.124-0800][75257756ms] GC(20405)   Other: 0.3ms
[2023-11-10T11:27:34.124-0800][75257756ms] GC(20405) Eden regions: 221->0(221)
[2023-11-10T11:27:34.124-0800][75257756ms] GC(20405) Survivor regions: 1->1(28)
[2023-11-10T11:27:34.124-0800][75257756ms] GC(20405) Old regions: 1392->1392
[2023-11-10T11:27:34.124-0800][75257756ms] GC(20405) Humongous regions: 5->5
[2023-11-10T11:27:34.124-0800][75257756ms] GC(20405) Metaspace: 304631K->304631K(1347584K)
[2023-11-10T11:27:34.124-0800][75257756ms] GC(20405) Pause Young (Normal) (G1 Evacuation Pause) 3235M->2793M(3602M) 5.567ms
[2023-11-10T11:27:34.124-0800][75257756ms] GC(20405) User=0.00s Sys=0.00s Real=0.01s
[2023-11-10T11:27:34.613-0800][75258245ms] GC(20406) Pause Young (Normal) (G1 Evacuation Pause)
[2023-11-10T11:27:34.613-0800][75258245ms] GC(20406) Using 10 workers of 10 for evacuation
[2023-11-10T11:27:34.619-0800][75258252ms] GC(20406)   Pre Evacuate Collection Set: 0.1ms
[2023-11-10T11:27:34.620-0800][75258252ms] GC(20406)   Evacuate Collection Set: 2.1ms
[2023-11-10T11:27:34.620-0800][75258252ms] GC(20406)   Post Evacuate Collection Set: 3.8ms
[2023-11-10T11:27:34.620-0800][75258252ms] GC(20406)   Other: 0.3ms
[2023-11-10T11:27:34.620-0800][75258252ms] GC(20406) Eden regions: 221->0(221)
[2023-11-10T11:27:34.620-0800][75258252ms] GC(20406) Survivor regions: 1->1(28)
[2023-11-10T11:27:34.620-0800][75258252ms] GC(20406) Old regions: 1392->1392
[2023-11-10T11:27:34.620-0800][75258252ms] GC(20406) Humongous regions: 5->5
[2023-11-10T11:27:34.620-0800][75258252ms] GC(20406) Metaspace: 304631K->304631K(1347584K)
[2023-11-10T11:27:34.620-0800][75258252ms] GC(20406) Pause Young (Normal) (G1 Evacuation Pause) 3235M->2794M(3602M) 6.388ms
[2023-11-10T11:27:34.620-0800][75258252ms] GC(20406) User=0.02s Sys=0.00s Real=0.01s
[2023-11-10T11:27:35.177-0800][75258809ms] GC(20407) Pause Young (Normal) (G1 Evacuation Pause)
[2023-11-10T11:27:35.177-0800][75258809ms] GC(20407) Using 10 workers of 10 for evacuation
[2023-11-10T11:27:35.183-0800][75258815ms] GC(20407)   Pre Evacuate Collection Set: 0.0ms
[2023-11-10T11:27:35.184-0800][75258816ms] GC(20407)   Evacuate Collection Set: 1.8ms
[2023-11-10T11:27:35.184-0800][75258816ms] GC(20407)   Post Evacuate Collection Set: 4.2ms
[2023-11-10T11:27:35.184-0800][75258816ms] GC(20407)   Other: 0.3ms
[2023-11-10T11:27:35.184-0800][75258816ms] GC(20407) Eden regions: 221->0(221)
[2023-11-10T11:27:35.184-0800][75258816ms] GC(20407) Survivor regions: 1->1(28)
[2023-11-10T11:27:35.184-0800][75258816ms] GC(20407) Old regions: 1392->1392
[2023-11-10T11:27:35.184-0800][75258816ms] GC(20407) Humongous regions: 5->5
[2023-11-10T11:27:35.184-0800][75258816ms] GC(20407) Metaspace: 304631K->304631K(1347584K)
[2023-11-10T11:27:35.184-0800][75258816ms] GC(20407) Pause Young (Normal) (G1 Evacuation Pause) 3236M->2793M(3602M) 6.426ms
[2023-11-10T11:27:35.184-0800][75258816ms] GC(20407) User=0.08s Sys=0.00s Real=0.01s
[2023-11-10T11:27:35.785-0800][75259417ms] GC(20408) Pause Young (Normal) (G1 Evacuation Pause)
[2023-11-10T11:27:35.785-0800][75259417ms] GC(20408) Using 10 workers of 10 for evacuation
[2023-11-10T11:27:35.793-0800][75259425ms] GC(20408)   Pre Evacuate Collection Set: 0.1ms
[2023-11-10T11:27:35.793-0800][75259425ms] GC(20408)   Evacuate Collection Set: 2.8ms
[2023-11-10T11:27:35.793-0800][75259425ms] GC(20408)   Post Evacuate Collection Set: 4.4ms
[2023-11-10T11:27:35.793-0800][75259425ms] GC(20408)   Other: 0.4ms
[2023-11-10T11:27:35.793-0800][75259425ms] GC(20408) Eden regions: 221->0(221)
[2023-11-10T11:27:35.793-0800][75259425ms] GC(20408) Survivor regions: 1->1(28)
[2023-11-10T11:27:35.793-0800][75259425ms] GC(20408) Old regions: 1392->1392
[2023-11-10T11:27:35.793-0800][75259425ms] GC(20408) Humongous regions: 5->5
[2023-11-10T11:27:35.793-0800][75259425ms] GC(20408) Metaspace: 304631K->304631K(1347584K)
[2023-11-10T11:27:35.793-0800][75259425ms] GC(20408) Pause Young (Normal) (G1 Evacuation Pause) 3235M->2793M(3602M) 7.748ms
[2023-11-10T11:27:35.793-0800][75259425ms] GC(20408) User=0.03s Sys=0.00s Real=0.01s
[2023-11-10T11:27:36.331-0800][75259963ms] GC(20409) Pause Young (Normal) (G1 Evacuation Pause)
[2023-11-10T11:27:36.331-0800][75259963ms] GC(20409) Using 10 workers of 10 for evacuation
[2023-11-10T11:27:36.336-0800][75259968ms] GC(20409)   Pre Evacuate Collection Set: 0.0ms
[2023-11-10T11:27:36.336-0800][75259968ms] GC(20409)   Evacuate Collection Set: 2.0ms
[2023-11-10T11:27:36.336-0800][75259968ms] GC(20409)   Post Evacuate Collection Set: 3.8ms
[2023-11-10T11:27:36.336-0800][75259968ms] GC(20409)   Other: 0.3ms
[2023-11-10T11:27:36.336-0800][75259968ms] GC(20409) Eden regions: 221->0(221)
[2023-11-10T11:27:36.336-0800][75259968ms] GC(20409) Survivor regions: 1->1(28)
[2023-11-10T11:27:36.336-0800][75259968ms] GC(20409) Old regions: 1392->1392
[2023-11-10T11:27:36.336-0800][75259968ms] GC(20409) Humongous regions: 5->5
[2023-11-10T11:27:36.336-0800][75259968ms] GC(20409) Metaspace: 304631K->304631K(1347584K)
[2023-11-10T11:27:36.336-0800][75259968ms] GC(20409) Pause Young (Normal) (G1 Evacuation Pause) 3235M->2793M(3602M) 6.191ms
[2023-11-10T11:27:36.336-0800][75259968ms] GC(20409) User=0.00s Sys=0.00s Real=0.00s
[2023-11-10T11:27:36.915-0800][75260547ms] GC(20410) Pause Young (Normal) (G1 Evacuation Pause)
[2023-11-10T11:27:36.915-0800][75260547ms] GC(20410) Using 10 workers of 10 for evacuation
[2023-11-10T11:27:36.922-0800][75260554ms] GC(20410)   Pre Evacuate Collection Set: 0.1ms
[2023-11-10T11:27:36.923-0800][75260555ms] GC(20410)   Evacuate Collection Set: 2.1ms
[2023-11-10T11:27:36.923-0800][75260555ms] GC(20410)   Post Evacuate Collection Set: 4.0ms
[2023-11-10T11:27:36.923-0800][75260555ms] GC(20410)   Other: 0.4ms
[2023-11-10T11:27:36.923-0800][75260555ms] GC(20410) Eden regions: 221->0(221)
[2023-11-10T11:27:36.923-0800][75260555ms] GC(20410) Survivor regions: 1->1(28)
[2023-11-10T11:27:36.923-0800][75260555ms] GC(20410) Old regions: 1392->1392
[2023-11-10T11:27:36.923-0800][75260555ms] GC(20410) Humongous regions: 5->5
[2023-11-10T11:27:36.923-0800][75260555ms] GC(20410) Metaspace: 304631K->304631K(1347584K)
[2023-11-10T11:27:36.923-0800][75260555ms] GC(20410) Pause Young (Normal) (G1 Evacuation Pause) 3235M->2793M(3602M) 6.703ms
[2023-11-10T11:27:36.923-0800][75260555ms] GC(20410) User=0.00s Sys=0.00s Real=0.01s
[2023-11-10T11:27:37.552-0800][75261184ms] GC(20411) Pause Young (Normal) (G1 Evacuation Pause)
[2023-11-10T11:27:37.552-0800][75261184ms] GC(20411) Using 10 workers of 10 for evacuation
[2023-11-10T11:27:37.559-0800][75261191ms] GC(20411)   Pre Evacuate Collection Set: 0.1ms
[2023-11-10T11:27:37.559-0800][75261191ms] GC(20411)   Evacuate Collection Set: 1.9ms
[2023-11-10T11:27:37.559-0800][75261191ms] GC(20411)   Post Evacuate Collection Set: 4.1ms
[2023-11-10T11:27:37.559-0800][75261191ms] GC(20411)   Other: 0.4ms
[2023-11-10T11:27:37.559-0800][75261191ms] GC(20411) Eden regions: 221->0(221)
[2023-11-10T11:27:37.559-0800][75261191ms] GC(20411) Survivor regions: 1->1(28)
[2023-11-10T11:27:37.559-0800][75261191ms] GC(20411) Old regions: 1392->1392
[2023-11-10T11:27:37.559-0800][75261191ms] GC(20411) Humongous regions: 5->5
[2023-11-10T11:27:37.559-0800][75261191ms] GC(20411) Metaspace: 304631K->304631K(1347584K)
[2023-11-10T11:27:37.559-0800][75261191ms] GC(20411) Pause Young (Normal) (G1 Evacuation Pause) 3235M->2793M(3602M) 6.590ms
[2023-11-10T11:27:37.559-0800][75261191ms] GC(20411) User=0.02s Sys=0.00s Real=0.01s
[2023-11-10T11:27:38.105-0800][75261737ms] GC(20412) Pause Young (Normal) (G1 Evacuation Pause)
[2023-11-10T11:27:38.105-0800][75261737ms] GC(20412) Using 10 workers of 10 for evacuation
[2023-11-10T11:27:38.112-0800][75261744ms] GC(20412)   Pre Evacuate Collection Set: 0.0ms
[2023-11-10T11:27:38.113-0800][75261745ms] GC(20412)   Evacuate Collection Set: 2.4ms
[2023-11-10T11:27:38.113-0800][75261745ms] GC(20412)   Post Evacuate Collection Set: 3.9ms
[2023-11-10T11:27:38.113-0800][75261745ms] GC(20412)   Other: 0.3ms
[2023-11-10T11:27:38.113-0800][75261745ms] GC(20412) Eden regions: 221->0(221)
[2023-11-10T11:27:38.113-0800][75261745ms] GC(20412) Survivor regions: 1->1(28)
[2023-11-10T11:27:38.113-0800][75261745ms] GC(20412) Old regions: 1392->1392
[2023-11-10T11:27:38.113-0800][75261745ms] GC(20412) Humongous regions: 5->5
[2023-11-10T11:27:38.113-0800][75261745ms] GC(20412) Metaspace: 304631K->304631K(1347584K)
[2023-11-10T11:27:38.113-0800][75261745ms] GC(20412) Pause Young (Normal) (G1 Evacuation Pause) 3235M->2793M(3602M) 6.862ms
[2023-11-10T11:27:38.113-0800][75261745ms] GC(20412) User=0.00s Sys=0.00s Real=0.01s
[2023-11-10T11:27:38.655-0800][75262287ms] GC(20413) Pause Young (Normal) (G1 Evacuation Pause)
[2023-11-10T11:27:38.655-0800][75262287ms] GC(20413) Using 10 workers of 10 for evacuation
[2023-11-10T11:27:38.660-0800][75262292ms] GC(20413)   Pre Evacuate Collection Set: 0.0ms
[2023-11-10T11:27:38.660-0800][75262292ms] GC(20413)   Evacuate Collection Set: 1.6ms
[2023-11-10T11:27:38.660-0800][75262292ms] GC(20413)   Post Evacuate Collection Set: 2.9ms
[2023-11-10T11:27:38.660-0800][75262292ms] GC(20413)   Other: 0.2ms
[2023-11-10T11:27:38.660-0800][75262292ms] GC(20413) Eden regions: 221->0(221)
[2023-11-10T11:27:38.660-0800][75262292ms] GC(20413) Survivor regions: 1->1(28)
[2023-11-10T11:27:38.660-0800][75262292ms] GC(20413) Old regions: 1392->1392
[2023-11-10T11:27:38.660-0800][75262292ms] GC(20413) Humongous regions: 5->5
[2023-11-10T11:27:38.660-0800][75262292ms] GC(20413) Metaspace: 304631K->304631K(1347584K)
[2023-11-10T11:27:38.660-0800][75262292ms] GC(20413) Pause Young (Normal) (G1 Evacuation Pause) 3235M->2793M(3602M) 4.903ms
[2023-11-10T11:27:38.660-0800][75262292ms] GC(20413) User=0.00s Sys=0.00s Real=0.01s
[2023-11-10T11:27:39.221-0800][75262853ms] GC(20414) Pause Young (Normal) (G1 Evacuation Pause)
[2023-11-10T11:27:39.221-0800][75262853ms] GC(20414) Using 10 workers of 10 for evacuation
[2023-11-10T11:27:39.228-0800][75262860ms] GC(20414)   Pre Evacuate Collection Set: 0.1ms
[2023-11-10T11:27:39.228-0800][75262860ms] GC(20414)   Evacuate Collection Set: 2.1ms
[2023-11-10T11:27:39.228-0800][75262860ms] GC(20414)   Post Evacuate Collection Set: 3.8ms
[2023-11-10T11:27:39.228-0800][75262860ms] GC(20414)   Other: 0.3ms
[2023-11-10T11:27:39.228-0800][75262860ms] GC(20414) Eden regions: 221->0(221)
[2023-11-10T11:27:39.228-0800][75262860ms] GC(20414) Survivor regions: 1->1(28)
[2023-11-10T11:27:39.228-0800][75262860ms] GC(20414) Old regions: 1392->1392
[2023-11-10T11:27:39.228-0800][75262860ms] GC(20414) Humongous regions: 5->5
[2023-11-10T11:27:39.228-0800][75262860ms] GC(20414) Metaspace: 304631K->304631K(1347584K)
[2023-11-10T11:27:39.228-0800][75262860ms] GC(20414) Pause Young (Normal) (G1 Evacuation Pause) 3235M->2793M(3602M) 6.373ms
[2023-11-10T11:27:39.228-0800][75262860ms] GC(20414) User=0.00s Sys=0.00s Real=0.01s
[2023-11-10T11:27:39.770-0800][75263402ms] GC(20415) Pause Young (Normal) (G1 Evacuation Pause)
[2023-11-10T11:27:39.770-0800][75263402ms] GC(20415) Using 10 workers of 10 for evacuation
[2023-11-10T11:27:39.775-0800][75263407ms] GC(20415)   Pre Evacuate Collection Set: 0.0ms
[2023-11-10T11:27:39.775-0800][75263407ms] GC(20415)   Evacuate Collection Set: 2.1ms
[2023-11-10T11:27:39.775-0800][75263407ms] GC(20415)   Post Evacuate Collection Set: 3.3ms
[2023-11-10T11:27:39.775-0800][75263407ms] GC(20415)   Other: 0.3ms
[2023-11-10T11:27:39.775-0800][75263407ms] GC(20415) Eden regions: 221->0(220)
[2023-11-10T11:27:39.775-0800][75263407ms] GC(20415) Survivor regions: 1->1(28)
[2023-11-10T11:27:39.775-0800][75263407ms] GC(20415) Old regions: 1392->1392
[2023-11-10T11:27:39.775-0800][75263407ms] GC(20415) Humongous regions: 5->5
[2023-11-10T11:27:39.775-0800][75263407ms] GC(20415) Metaspace: 304631K->304631K(1347584K)
[2023-11-10T11:27:39.775-0800][75263407ms] GC(20415) Pause Young (Normal) (G1 Evacuation Pause) 3235M->2793M(3602M) 5.709ms
[2023-11-10T11:27:39.775-0800][75263407ms] GC(20415) User=0.02s Sys=0.00s Real=0.01s
[2023-11-10T11:27:40.244-0800][75263876ms] GC(20416) Pause Young (Normal) (G1 Evacuation Pause)
[2023-11-10T11:27:40.244-0800][75263876ms] GC(20416) Using 10 workers of 10 for evacuation
[2023-11-10T11:27:40.249-0800][75263881ms] GC(20416)   Pre Evacuate Collection Set: 0.1ms
[2023-11-10T11:27:40.249-0800][75263881ms] GC(20416)   Evacuate Collection Set: 1.6ms
[2023-11-10T11:27:40.249-0800][75263881ms] GC(20416)   Post Evacuate Collection Set: 3.4ms
[2023-11-10T11:27:40.250-0800][75263882ms] GC(20416)   Other: 0.3ms
[2023-11-10T11:27:40.250-0800][75263882ms] GC(20416) Eden regions: 220->0(220)
[2023-11-10T11:27:40.250-0800][75263882ms] GC(20416) Survivor regions: 1->1(28)
[2023-11-10T11:27:40.250-0800][75263882ms] GC(20416) Old regions: 1392->1392
[2023-11-10T11:27:40.250-0800][75263882ms] GC(20416) Humongous regions: 5->5
[2023-11-10T11:27:40.250-0800][75263882ms] GC(20416) Metaspace: 304631K->304631K(1347584K)
[2023-11-10T11:27:40.250-0800][75263882ms] GC(20416) Pause Young (Normal) (G1 Evacuation Pause) 3233M->2793M(3602M) 5.481ms
[2023-11-10T11:27:40.250-0800][75263882ms] GC(20416) User=0.00s Sys=0.00s Real=0.01s
[2023-11-10T11:27:40.818-0800][75264450ms] GC(20417) Pause Young (Normal) (G1 Evacuation Pause)
[2023-11-10T11:27:40.818-0800][75264450ms] GC(20417) Using 10 workers of 10 for evacuation
[2023-11-10T11:27:40.823-0800][75264455ms] GC(20417)   Pre Evacuate Collection Set: 0.0ms
[2023-11-10T11:27:40.823-0800][75264455ms] GC(20417)   Evacuate Collection Set: 1.7ms
[2023-11-10T11:27:40.823-0800][75264455ms] GC(20417)   Post Evacuate Collection Set: 3.5ms
[2023-11-10T11:27:40.823-0800][75264455ms] GC(20417)   Other: 0.3ms
[2023-11-10T11:27:40.823-0800][75264455ms] GC(20417) Eden regions: 220->0(220)
[2023-11-10T11:27:40.823-0800][75264455ms] GC(20417) Survivor regions: 1->1(28)
[2023-11-10T11:27:40.823-0800][75264455ms] GC(20417) Old regions: 1392->1392
[2023-11-10T11:27:40.823-0800][75264455ms] GC(20417) Humongous regions: 5->5
[2023-11-10T11:27:40.823-0800][75264455ms] GC(20417) Metaspace: 304631K->304631K(1347584K)
[2023-11-10T11:27:40.823-0800][75264455ms] GC(20417) Pause Young (Normal) (G1 Evacuation Pause) 3233M->2793M(3602M) 5.629ms
[2023-11-10T11:27:40.823-0800][75264455ms] GC(20417) User=0.03s Sys=0.00s Real=0.00s
[2023-11-10T11:27:41.322-0800][75264954ms] GC(20418) Pause Young (Normal) (G1 Evacuation Pause)
[2023-11-10T11:27:41.322-0800][75264954ms] GC(20418) Using 10 workers of 10 for evacuation
[2023-11-10T11:27:41.327-0800][75264959ms] GC(20418)   Pre Evacuate Collection Set: 0.0ms
[2023-11-10T11:27:41.327-0800][75264959ms] GC(20418)   Evacuate Collection Set: 1.8ms
[2023-11-10T11:27:41.327-0800][75264959ms] GC(20418)   Post Evacuate Collection Set: 3.1ms
[2023-11-10T11:27:41.327-0800][75264959ms] GC(20418)   Other: 0.3ms
[2023-11-10T11:27:41.327-0800][75264959ms] GC(20418) Eden regions: 220->0(220)
[2023-11-10T11:27:41.327-0800][75264959ms] GC(20418) Survivor regions: 1->1(28)
[2023-11-10T11:27:41.327-0800][75264959ms] GC(20418) Old regions: 1392->1392
[2023-11-10T11:27:41.327-0800][75264959ms] GC(20418) Humongous regions: 5->5
[2023-11-10T11:27:41.327-0800][75264959ms] GC(20418) Metaspace: 304631K->304631K(1347584K)
[2023-11-10T11:27:41.327-0800][75264959ms] GC(20418) Pause Young (Normal) (G1 Evacuation Pause) 3233M->2793M(3602M) 5.326ms
[2023-11-10T11:27:41.327-0800][75264959ms] GC(20418) User=0.00s Sys=0.00s Real=0.00s
[2023-11-10T11:27:41.811-0800][75265443ms] GC(20419) Pause Young (Normal) (G1 Evacuation Pause)
[2023-11-10T11:27:41.811-0800][75265443ms] GC(20419) Using 10 workers of 10 for evacuation
[2023-11-10T11:27:41.817-0800][75265449ms] GC(20419)   Pre Evacuate Collection Set: 0.0ms
[2023-11-10T11:27:41.817-0800][75265449ms] GC(20419)   Evacuate Collection Set: 1.9ms
[2023-11-10T11:27:41.817-0800][75265449ms] GC(20419)   Post Evacuate Collection Set: 3.3ms
[2023-11-10T11:27:41.817-0800][75265449ms] GC(20419)   Other: 0.3ms
[2023-11-10T11:27:41.817-0800][75265449ms] GC(20419) Eden regions: 220->0(220)
[2023-11-10T11:27:41.817-0800][75265449ms] GC(20419) Survivor regions: 1->1(28)
[2023-11-10T11:27:41.817-0800][75265449ms] GC(20419) Old regions: 1392->1392
[2023-11-10T11:27:41.817-0800][75265449ms] GC(20419) Humongous regions: 5->5
[2023-11-10T11:27:41.817-0800][75265449ms] GC(20419) Metaspace: 304631K->304631K(1347584K)
[2023-11-10T11:27:41.817-0800][75265449ms] GC(20419) Pause Young (Normal) (G1 Evacuation Pause) 3233M->2793M(3602M) 5.574ms
[2023-11-10T11:27:41.817-0800][75265449ms] GC(20419) User=0.00s Sys=0.00s Real=0.01s
[2023-11-10T11:27:42.342-0800][75265974ms] GC(20420) Pause Young (Normal) (G1 Evacuation Pause)
[2023-11-10T11:27:42.342-0800][75265974ms] GC(20420) Using 10 workers of 10 for evacuation
[2023-11-10T11:27:42.347-0800][75265979ms] GC(20420)   Pre Evacuate Collection Set: 0.1ms
[2023-11-10T11:27:42.347-0800][75265979ms] GC(20420)   Evacuate Collection Set: 1.7ms
[2023-11-10T11:27:42.347-0800][75265979ms] GC(20420)   Post Evacuate Collection Set: 3.4ms
[2023-11-10T11:27:42.347-0800][75265979ms] GC(20420)   Other: 0.3ms
[2023-11-10T11:27:42.347-0800][75265979ms] GC(20420) Eden regions: 220->0(220)
[2023-11-10T11:27:42.347-0800][75265979ms] GC(20420) Survivor regions: 1->1(28)
[2023-11-10T11:27:42.347-0800][75265979ms] GC(20420) Old regions: 1392->1392
[2023-11-10T11:27:42.347-0800][75265979ms] GC(20420) Humongous regions: 5->5
[2023-11-10T11:27:42.347-0800][75265979ms] GC(20420) Metaspace: 304631K->304631K(1347584K)
[2023-11-10T11:27:42.348-0800][75265980ms] GC(20420) Pause Young (Normal) (G1 Evacuation Pause) 3233M->2793M(3602M) 5.658ms
[2023-11-10T11:27:42.348-0800][75265980ms] GC(20420) User=0.00s Sys=0.00s Real=0.01s
[2023-11-10T11:27:42.919-0800][75266551ms] GC(20421) Pause Young (Normal) (G1 Evacuation Pause)
[2023-11-10T11:27:42.919-0800][75266551ms] GC(20421) Using 10 workers of 10 for evacuation
[2023-11-10T11:27:42.924-0800][75266556ms] GC(20421)   Pre Evacuate Collection Set: 0.0ms
[2023-11-10T11:27:42.924-0800][75266556ms] GC(20421)   Evacuate Collection Set: 1.8ms
[2023-11-10T11:27:42.924-0800][75266556ms] GC(20421)   Post Evacuate Collection Set: 3.0ms
[2023-11-10T11:27:42.924-0800][75266556ms] GC(20421)   Other: 0.3ms
[2023-11-10T11:27:42.924-0800][75266556ms] GC(20421) Eden regions: 220->0(220)
[2023-11-10T11:27:42.924-0800][75266556ms] GC(20421) Survivor regions: 1->1(28)
[2023-11-10T11:27:42.924-0800][75266556ms] GC(20421) Old regions: 1392->1392
[2023-11-10T11:27:42.924-0800][75266556ms] GC(20421) Humongous regions: 5->5
[2023-11-10T11:27:42.924-0800][75266556ms] GC(20421) Metaspace: 304631K->304631K(1347584K)
[2023-11-10T11:27:42.924-0800][75266556ms] GC(20421) Pause Young (Normal) (G1 Evacuation Pause) 3233M->2793M(3602M) 5.223ms
[2023-11-10T11:27:42.924-0800][75266556ms] GC(20421) User=0.00s Sys=0.00s Real=0.01s
[2023-11-10T11:27:43.390-0800][75267022ms] GC(20422) Pause Young (Normal) (G1 Evacuation Pause)
[2023-11-10T11:27:43.390-0800][75267022ms] GC(20422) Using 10 workers of 10 for evacuation
[2023-11-10T11:27:43.396-0800][75267028ms] GC(20422)   Pre Evacuate Collection Set: 0.0ms
[2023-11-10T11:27:43.396-0800][75267028ms] GC(20422)   Evacuate Collection Set: 1.7ms
[2023-11-10T11:27:43.396-0800][75267028ms] GC(20422)   Post Evacuate Collection Set: 3.1ms
[2023-11-10T11:27:43.396-0800][75267028ms] GC(20422)   Other: 0.2ms
[2023-11-10T11:27:43.396-0800][75267028ms] GC(20422) Eden regions: 220->0(220)
[2023-11-10T11:27:43.396-0800][75267028ms] GC(20422) Survivor regions: 1->1(28)
[2023-11-10T11:27:43.396-0800][75267028ms] GC(20422) Old regions: 1392->1392
[2023-11-10T11:27:43.396-0800][75267028ms] GC(20422) Humongous regions: 5->5
[2023-11-10T11:27:43.396-0800][75267028ms] GC(20422) Metaspace: 304631K->304631K(1347584K)
[2023-11-10T11:27:43.396-0800][75267028ms] GC(20422) Pause Young (Normal) (G1 Evacuation Pause) 3233M->2793M(3602M) 5.137ms
[2023-11-10T11:27:43.396-0800][75267028ms] GC(20422) User=0.00s Sys=0.00s Real=0.01s
[2023-11-10T11:27:43.972-0800][75267604ms] GC(20423) Pause Young (Normal) (G1 Evacuation Pause)
[2023-11-10T11:27:43.972-0800][75267604ms] GC(20423) Using 10 workers of 10 for evacuation
[2023-11-10T11:27:43.976-0800][75267608ms] GC(20423)   Pre Evacuate Collection Set: 0.0ms
[2023-11-10T11:27:43.976-0800][75267608ms] GC(20423)   Evacuate Collection Set: 1.6ms
[2023-11-10T11:27:43.976-0800][75267608ms] GC(20423)   Post Evacuate Collection Set: 3.1ms
[2023-11-10T11:27:43.976-0800][75267608ms] GC(20423)   Other: 0.2ms
[2023-11-10T11:27:43.976-0800][75267608ms] GC(20423) Eden regions: 220->0(220)
[2023-11-10T11:27:43.976-0800][75267608ms] GC(20423) Survivor regions: 1->1(28)
[2023-11-10T11:27:43.976-0800][75267608ms] GC(20423) Old regions: 1392->1392
[2023-11-10T11:27:43.976-0800][75267608ms] GC(20423) Humongous regions: 5->5
[2023-11-10T11:27:43.976-0800][75267608ms] GC(20423) Metaspace: 304631K->304631K(1347584K)
[2023-11-10T11:27:43.976-0800][75267608ms] GC(20423) Pause Young (Normal) (G1 Evacuation Pause) 3233M->2793M(3602M) 5.126ms
[2023-11-10T11:27:43.976-0800][75267608ms] GC(20423) User=0.00s Sys=0.00s Real=0.00s
[2023-11-10T11:27:44.543-0800][75268175ms] GC(20424) Pause Young (Normal) (G1 Evacuation Pause)
[2023-11-10T11:27:44.543-0800][75268175ms] GC(20424) Using 10 workers of 10 for evacuation
[2023-11-10T11:27:44.547-0800][75268179ms] GC(20424)   Pre Evacuate Collection Set: 0.0ms
[2023-11-10T11:27:44.547-0800][75268179ms] GC(20424)   Evacuate Collection Set: 1.7ms
[2023-11-10T11:27:44.547-0800][75268179ms] GC(20424)   Post Evacuate Collection Set: 3.2ms
[2023-11-10T11:27:44.547-0800][75268179ms] GC(20424)   Other: 0.3ms
[2023-11-10T11:27:44.547-0800][75268179ms] GC(20424) Eden regions: 220->0(220)
[2023-11-10T11:27:44.547-0800][75268179ms] GC(20424) Survivor regions: 1->1(28)
[2023-11-10T11:27:44.547-0800][75268179ms] GC(20424) Old regions: 1392->1392
[2023-11-10T11:27:44.547-0800][75268179ms] GC(20424) Humongous regions: 5->5
[2023-11-10T11:27:44.548-0800][75268180ms] GC(20424) Metaspace: 304631K->304631K(1347584K)
[2023-11-10T11:27:44.548-0800][75268180ms] GC(20424) Pause Young (Normal) (G1 Evacuation Pause) 3233M->2793M(3602M) 5.380ms
[2023-11-10T11:27:44.548-0800][75268180ms] GC(20424) User=0.00s Sys=0.00s Real=0.01s
[2023-11-10T11:27:45.070-0800][75268702ms] GC(20425) Pause Young (Normal) (G1 Evacuation Pause)
[2023-11-10T11:27:45.070-0800][75268702ms] GC(20425) Using 10 workers of 10 for evacuation
[2023-11-10T11:27:45.077-0800][75268709ms] GC(20425)   Pre Evacuate Collection Set: 0.1ms
[2023-11-10T11:27:45.077-0800][75268709ms] GC(20425)   Evacuate Collection Set: 2.3ms
[2023-11-10T11:27:45.077-0800][75268709ms] GC(20425)   Post Evacuate Collection Set: 3.6ms
[2023-11-10T11:27:45.077-0800][75268709ms] GC(20425)   Other: 0.3ms
[2023-11-10T11:27:45.077-0800][75268709ms] GC(20425) Eden regions: 220->0(220)
[2023-11-10T11:27:45.077-0800][75268709ms] GC(20425) Survivor regions: 1->1(28)
[2023-11-10T11:27:45.077-0800][75268709ms] GC(20425) Old regions: 1392->1392
[2023-11-10T11:27:45.077-0800][75268709ms] GC(20425) Humongous regions: 5->5
[2023-11-10T11:27:45.077-0800][75268709ms] GC(20425) Metaspace: 304631K->304631K(1347584K)
[2023-11-10T11:27:45.077-0800][75268709ms] GC(20425) Pause Young (Normal) (G1 Evacuation Pause) 3233M->2794M(3602M) 6.435ms
[2023-11-10T11:27:45.077-0800][75268709ms] GC(20425) User=0.00s Sys=0.00s Real=0.01s
[2023-11-10T11:27:45.639-0800][75269271ms] GC(20426) Pause Young (Normal) (G1 Evacuation Pause)
[2023-11-10T11:27:45.639-0800][75269271ms] GC(20426) Using 10 workers of 10 for evacuation
[2023-11-10T11:27:45.645-0800][75269277ms] GC(20426)   Pre Evacuate Collection Set: 0.1ms
[2023-11-10T11:27:45.645-0800][75269277ms] GC(20426)   Evacuate Collection Set: 1.9ms
[2023-11-10T11:27:45.645-0800][75269277ms] GC(20426)   Post Evacuate Collection Set: 2.9ms
[2023-11-10T11:27:45.645-0800][75269277ms] GC(20426)   Other: 0.3ms
[2023-11-10T11:27:45.645-0800][75269277ms] GC(20426) Eden regions: 220->0(220)
[2023-11-10T11:27:45.645-0800][75269277ms] GC(20426) Survivor regions: 1->1(28)
[2023-11-10T11:27:45.645-0800][75269277ms] GC(20426) Old regions: 1392->1392
[2023-11-10T11:27:45.645-0800][75269277ms] GC(20426) Humongous regions: 5->5
[2023-11-10T11:27:45.645-0800][75269277ms] GC(20426) Metaspace: 304631K->304631K(1347584K)
[2023-11-10T11:27:45.645-0800][75269277ms] GC(20426) Pause Young (Normal) (G1 Evacuation Pause) 3234M->2793M(3602M) 5.275ms
[2023-11-10T11:27:45.645-0800][75269277ms] GC(20426) User=0.00s Sys=0.00s Real=0.01s
[2023-11-10T11:27:46.190-0800][75269822ms] GC(20427) Pause Young (Normal) (G1 Evacuation Pause)
[2023-11-10T11:27:46.191-0800][75269823ms] GC(20427) Using 10 workers of 10 for evacuation
[2023-11-10T11:27:46.197-0800][75269829ms] GC(20427)   Pre Evacuate Collection Set: 0.0ms
[2023-11-10T11:27:46.197-0800][75269829ms] GC(20427)   Evacuate Collection Set: 2.6ms
[2023-11-10T11:27:46.197-0800][75269829ms] GC(20427)   Post Evacuate Collection Set: 4.5ms
[2023-11-10T11:27:46.197-0800][75269829ms] GC(20427)   Other: 0.3ms
[2023-11-10T11:27:46.197-0800][75269829ms] GC(20427) Eden regions: 220->0(220)
[2023-11-10T11:27:46.197-0800][75269829ms] GC(20427) Survivor regions: 1->1(28)
[2023-11-10T11:27:46.197-0800][75269829ms] GC(20427) Old regions: 1392->1392
[2023-11-10T11:27:46.197-0800][75269829ms] GC(20427) Humongous regions: 5->5
[2023-11-10T11:27:46.197-0800][75269829ms] GC(20427) Metaspace: 304631K->304631K(1347584K)
[2023-11-10T11:27:46.197-0800][75269829ms] GC(20427) Pause Young (Normal) (G1 Evacuation Pause) 3233M->2793M(3602M) 7.545ms
[2023-11-10T11:27:46.198-0800][75269830ms] GC(20427) User=0.00s Sys=0.00s Real=0.01s
[2023-11-10T11:27:46.783-0800][75270415ms] GC(20428) Pause Young (Normal) (G1 Evacuation Pause)
[2023-11-10T11:27:46.783-0800][75270415ms] GC(20428) Using 10 workers of 10 for evacuation
[2023-11-10T11:27:46.789-0800][75270421ms] GC(20428)   Pre Evacuate Collection Set: 0.0ms
[2023-11-10T11:27:46.789-0800][75270421ms] GC(20428)   Evacuate Collection Set: 1.7ms
[2023-11-10T11:27:46.789-0800][75270421ms] GC(20428)   Post Evacuate Collection Set: 3.7ms
[2023-11-10T11:27:46.789-0800][75270421ms] GC(20428)   Other: 0.3ms
[2023-11-10T11:27:46.789-0800][75270421ms] GC(20428) Eden regions: 220->0(220)
[2023-11-10T11:27:46.789-0800][75270421ms] GC(20428) Survivor regions: 1->1(28)
[2023-11-10T11:27:46.789-0800][75270421ms] GC(20428) Old regions: 1392->1392
[2023-11-10T11:27:46.789-0800][75270421ms] GC(20428) Humongous regions: 5->5
[2023-11-10T11:27:46.789-0800][75270421ms] GC(20428) Metaspace: 304631K->304631K(1347584K)
[2023-11-10T11:27:46.789-0800][75270421ms] GC(20428) Pause Young (Normal) (G1 Evacuation Pause) 3233M->2793M(3602M) 5.750ms
[2023-11-10T11:27:46.789-0800][75270421ms] GC(20428) User=0.00s Sys=0.00s Real=0.01s
[2023-11-10T11:27:47.386-0800][75271018ms] GC(20429) Pause Young (Normal) (G1 Evacuation Pause)
[2023-11-10T11:27:47.386-0800][75271018ms] GC(20429) Using 10 workers of 10 for evacuation
[2023-11-10T11:27:47.393-0800][75271025ms] GC(20429)   Pre Evacuate Collection Set: 0.0ms
[2023-11-10T11:27:47.393-0800][75271025ms] GC(20429)   Evacuate Collection Set: 2.1ms
[2023-11-10T11:27:47.393-0800][75271025ms] GC(20429)   Post Evacuate Collection Set: 3.8ms
[2023-11-10T11:27:47.393-0800][75271025ms] GC(20429)   Other: 0.4ms
[2023-11-10T11:27:47.393-0800][75271025ms] GC(20429) Eden regions: 220->0(220)
[2023-11-10T11:27:47.393-0800][75271025ms] GC(20429) Survivor regions: 1->1(28)
[2023-11-10T11:27:47.393-0800][75271025ms] GC(20429) Old regions: 1392->1392
[2023-11-10T11:27:47.393-0800][75271025ms] GC(20429) Humongous regions: 5->5
[2023-11-10T11:27:47.393-0800][75271025ms] GC(20429) Metaspace: 304631K->304631K(1347584K)
[2023-11-10T11:27:47.393-0800][75271025ms] GC(20429) Pause Young (Normal) (G1 Evacuation Pause) 3233M->2793M(3602M) 6.425ms
[2023-11-10T11:27:47.393-0800][75271025ms] GC(20429) User=0.00s Sys=0.00s Real=0.01s
[2023-11-10T11:27:47.895-0800][75271527ms] GC(20430) Pause Young (Normal) (G1 Evacuation Pause)
[2023-11-10T11:27:47.895-0800][75271527ms] GC(20430) Using 10 workers of 10 for evacuation
[2023-11-10T11:27:47.900-0800][75271532ms] GC(20430)   Pre Evacuate Collection Set: 0.1ms
[2023-11-10T11:27:47.900-0800][75271532ms] GC(20430)   Evacuate Collection Set: 2.2ms
[2023-11-10T11:27:47.900-0800][75271532ms] GC(20430)   Post Evacuate Collection Set: 3.3ms
[2023-11-10T11:27:47.900-0800][75271532ms] GC(20430)   Other: 0.3ms
[2023-11-10T11:27:47.900-0800][75271532ms] GC(20430) Eden regions: 220->0(221)
[2023-11-10T11:27:47.900-0800][75271532ms] GC(20430) Survivor regions: 1->1(28)
[2023-11-10T11:27:47.900-0800][75271532ms] GC(20430) Old regions: 1392->1392
[2023-11-10T11:27:47.900-0800][75271532ms] GC(20430) Humongous regions: 5->5
[2023-11-10T11:27:47.900-0800][75271532ms] GC(20430) Metaspace: 304631K->304631K(1347584K)
[2023-11-10T11:27:47.900-0800][75271532ms] GC(20430) Pause Young (Normal) (G1 Evacuation Pause) 3233M->2793M(3602M) 5.956ms
[2023-11-10T11:27:47.900-0800][75271532ms] GC(20430) User=0.03s Sys=0.00s Real=0.01s
[2023-11-10T11:27:48.413-0800][75272045ms] GC(20431) Pause Young (Normal) (G1 Evacuation Pause)
[2023-11-10T11:27:48.413-0800][75272045ms] GC(20431) Using 10 workers of 10 for evacuation
[2023-11-10T11:27:48.418-0800][75272050ms] GC(20431)   Pre Evacuate Collection Set: 0.0ms
[2023-11-10T11:27:48.418-0800][75272050ms] GC(20431)   Evacuate Collection Set: 2.1ms
[2023-11-10T11:27:48.418-0800][75272050ms] GC(20431)   Post Evacuate Collection Set: 3.3ms
[2023-11-10T11:27:48.418-0800][75272050ms] GC(20431)   Other: 0.3ms
[2023-11-10T11:27:48.418-0800][75272050ms] GC(20431) Eden regions: 221->0(221)
[2023-11-10T11:27:48.418-0800][75272050ms] GC(20431) Survivor regions: 1->1(28)
[2023-11-10T11:27:48.418-0800][75272050ms] GC(20431) Old regions: 1392->1392
[2023-11-10T11:27:48.418-0800][75272050ms] GC(20431) Humongous regions: 5->5
[2023-11-10T11:27:48.418-0800][75272050ms] GC(20431) Metaspace: 304631K->304631K(1347584K)
[2023-11-10T11:27:48.418-0800][75272050ms] GC(20431) Pause Young (Normal) (G1 Evacuation Pause) 3235M->2793M(3602M) 5.806ms
[2023-11-10T11:27:48.418-0800][75272050ms] GC(20431) User=0.11s Sys=0.00s Real=0.00s
[2023-11-10T11:27:48.945-0800][75272577ms] GC(20432) Pause Young (Normal) (G1 Evacuation Pause)
[2023-11-10T11:27:48.945-0800][75272577ms] GC(20432) Using 10 workers of 10 for evacuation
[2023-11-10T11:27:48.949-0800][75272581ms] GC(20432)   Pre Evacuate Collection Set: 0.1ms
[2023-11-10T11:27:48.949-0800][75272581ms] GC(20432)   Evacuate Collection Set: 1.9ms
[2023-11-10T11:27:48.949-0800][75272581ms] GC(20432)   Post Evacuate Collection Set: 3.3ms
[2023-11-10T11:27:48.949-0800][75272581ms] GC(20432)   Other: 0.3ms
[2023-11-10T11:27:48.949-0800][75272581ms] GC(20432) Eden regions: 221->0(221)
[2023-11-10T11:27:48.949-0800][75272581ms] GC(20432) Survivor regions: 1->1(28)
[2023-11-10T11:27:48.949-0800][75272581ms] GC(20432) Old regions: 1392->1392
[2023-11-10T11:27:48.949-0800][75272581ms] GC(20432) Humongous regions: 5->5
[2023-11-10T11:27:48.949-0800][75272581ms] GC(20432) Metaspace: 304631K->304631K(1347584K)
[2023-11-10T11:27:48.949-0800][75272581ms] GC(20432) Pause Young (Normal) (G1 Evacuation Pause) 3235M->2794M(3602M) 5.565ms
[2023-11-10T11:27:48.949-0800][75272581ms] GC(20432) User=0.00s Sys=0.00s Real=0.00s
[2023-11-10T11:27:49.512-0800][75273144ms] GC(20433) Pause Young (Normal) (G1 Evacuation Pause)
[2023-11-10T11:27:49.512-0800][75273144ms] GC(20433) Using 10 workers of 10 for evacuation
[2023-11-10T11:27:49.516-0800][75273148ms] GC(20433)   Pre Evacuate Collection Set: 0.0ms
[2023-11-10T11:27:49.516-0800][75273148ms] GC(20433)   Evacuate Collection Set: 1.7ms
[2023-11-10T11:27:49.516-0800][75273148ms] GC(20433)   Post Evacuate Collection Set: 3.1ms
[2023-11-10T11:27:49.516-0800][75273148ms] GC(20433)   Other: 0.3ms
[2023-11-10T11:27:49.516-0800][75273148ms] GC(20433) Eden regions: 221->0(221)
[2023-11-10T11:27:49.516-0800][75273148ms] GC(20433) Survivor regions: 1->1(28)
[2023-11-10T11:27:49.516-0800][75273148ms] GC(20433) Old regions: 1392->1392
[2023-11-10T11:27:49.516-0800][75273148ms] GC(20433) Humongous regions: 5->5
[2023-11-10T11:27:49.516-0800][75273148ms] GC(20433) Metaspace: 304631K->304631K(1347584K)
[2023-11-10T11:27:49.516-0800][75273148ms] GC(20433) Pause Young (Normal) (G1 Evacuation Pause) 3236M->2794M(3602M) 5.273ms
[2023-11-10T11:27:49.516-0800][75273148ms] GC(20433) User=0.00s Sys=0.00s Real=0.00s
[2023-11-10T11:27:50.036-0800][75273668ms] GC(20434) Pause Young (Normal) (G1 Evacuation Pause)
[2023-11-10T11:27:50.036-0800][75273668ms] GC(20434) Using 10 workers of 10 for evacuation
[2023-11-10T11:27:50.042-0800][75273674ms] GC(20434)   Pre Evacuate Collection Set: 0.0ms
[2023-11-10T11:27:50.042-0800][75273674ms] GC(20434)   Evacuate Collection Set: 1.8ms
[2023-11-10T11:27:50.042-0800][75273674ms] GC(20434)   Post Evacuate Collection Set: 3.3ms
[2023-11-10T11:27:50.042-0800][75273674ms] GC(20434)   Other: 0.3ms
[2023-11-10T11:27:50.042-0800][75273674ms] GC(20434) Eden regions: 221->0(221)
[2023-11-10T11:27:50.042-0800][75273674ms] GC(20434) Survivor regions: 1->1(28)
[2023-11-10T11:27:50.042-0800][75273674ms] GC(20434) Old regions: 1392->1392
[2023-11-10T11:27:50.042-0800][75273674ms] GC(20434) Humongous regions: 5->5
[2023-11-10T11:27:50.042-0800][75273674ms] GC(20434) Metaspace: 304631K->304631K(1347584K)
[2023-11-10T11:27:50.042-0800][75273674ms] GC(20434) Pause Young (Normal) (G1 Evacuation Pause) 3236M->2794M(3602M) 5.529ms
[2023-11-10T11:27:50.042-0800][75273674ms] GC(20434) User=0.03s Sys=0.00s Real=0.01s
[2023-11-10T11:27:50.528-0800][75274160ms] GC(20435) Pause Young (Normal) (G1 Evacuation Pause)
[2023-11-10T11:27:50.528-0800][75274160ms] GC(20435) Using 10 workers of 10 for evacuation
[2023-11-10T11:27:50.535-0800][75274167ms] GC(20435)   Pre Evacuate Collection Set: 0.1ms
[2023-11-10T11:27:50.535-0800][75274167ms] GC(20435)   Evacuate Collection Set: 2.0ms
[2023-11-10T11:27:50.535-0800][75274167ms] GC(20435)   Post Evacuate Collection Set: 4.3ms
[2023-11-10T11:27:50.535-0800][75274167ms] GC(20435)   Other: 0.5ms
[2023-11-10T11:27:50.535-0800][75274167ms] GC(20435) Eden regions: 221->0(221)
[2023-11-10T11:27:50.535-0800][75274167ms] GC(20435) Survivor regions: 1->1(28)
[2023-11-10T11:27:50.535-0800][75274167ms] GC(20435) Old regions: 1392->1392
[2023-11-10T11:27:50.535-0800][75274167ms] GC(20435) Humongous regions: 5->5
[2023-11-10T11:27:50.535-0800][75274167ms] GC(20435) Metaspace: 304631K->304631K(1347584K)
[2023-11-10T11:27:50.535-0800][75274167ms] GC(20435) Pause Young (Normal) (G1 Evacuation Pause) 3236M->2794M(3602M) 7.085ms
[2023-11-10T11:27:50.535-0800][75274167ms] GC(20435) User=0.00s Sys=0.00s Real=0.01s
[2023-11-10T11:27:51.091-0800][75274723ms] GC(20436) Pause Young (Normal) (G1 Evacuation Pause)
[2023-11-10T11:27:51.091-0800][75274723ms] GC(20436) Using 10 workers of 10 for evacuation
[2023-11-10T11:27:51.096-0800][75274728ms] GC(20436)   Pre Evacuate Collection Set: 0.0ms
[2023-11-10T11:27:51.096-0800][75274728ms] GC(20436)   Evacuate Collection Set: 1.7ms
[2023-11-10T11:27:51.096-0800][75274728ms] GC(20436)   Post Evacuate Collection Set: 3.0ms
[2023-11-10T11:27:51.096-0800][75274728ms] GC(20436)   Other: 0.3ms
[2023-11-10T11:27:51.096-0800][75274728ms] GC(20436) Eden regions: 221->0(221)
[2023-11-10T11:27:51.096-0800][75274728ms] GC(20436) Survivor regions: 1->1(28)
[2023-11-10T11:27:51.096-0800][75274728ms] GC(20436) Old regions: 1392->1392
[2023-11-10T11:27:51.096-0800][75274728ms] GC(20436) Humongous regions: 5->5
[2023-11-10T11:27:51.096-0800][75274728ms] GC(20436) Metaspace: 304631K->304631K(1347584K)
[2023-11-10T11:27:51.096-0800][75274728ms] GC(20436) Pause Young (Normal) (G1 Evacuation Pause) 3236M->2794M(3602M) 5.092ms
[2023-11-10T11:27:51.096-0800][75274728ms] GC(20436) User=0.00s Sys=0.00s Real=0.00s
[2023-11-10T11:27:51.530-0800][75275162ms] GC(20437) Pause Young (Normal) (G1 Evacuation Pause)
[2023-11-10T11:27:51.530-0800][75275162ms] GC(20437) Using 10 workers of 10 for evacuation
[2023-11-10T11:27:51.535-0800][75275167ms] GC(20437)   Pre Evacuate Collection Set: 0.0ms
[2023-11-10T11:27:51.535-0800][75275167ms] GC(20437)   Evacuate Collection Set: 1.9ms
[2023-11-10T11:27:51.535-0800][75275167ms] GC(20437)   Post Evacuate Collection Set: 3.1ms
[2023-11-10T11:27:51.535-0800][75275167ms] GC(20437)   Other: 0.2ms
[2023-11-10T11:27:51.535-0800][75275167ms] GC(20437) Eden regions: 221->0(221)
[2023-11-10T11:27:51.535-0800][75275167ms] GC(20437) Survivor regions: 1->1(28)
[2023-11-10T11:27:51.535-0800][75275167ms] GC(20437) Old regions: 1392->1392
[2023-11-10T11:27:51.535-0800][75275167ms] GC(20437) Humongous regions: 5->5
[2023-11-10T11:27:51.535-0800][75275167ms] GC(20437) Metaspace: 304631K->304631K(1347584K)
[2023-11-10T11:27:51.535-0800][75275167ms] GC(20437) Pause Young (Normal) (G1 Evacuation Pause) 3236M->2794M(3602M) 5.478ms
[2023-11-10T11:27:51.535-0800][75275167ms] GC(20437) User=0.00s Sys=0.00s Real=0.01s
[2023-11-10T11:27:52.107-0800][75275739ms] GC(20438) Pause Young (Normal) (G1 Evacuation Pause)
[2023-11-10T11:27:52.107-0800][75275739ms] GC(20438) Using 10 workers of 10 for evacuation
[2023-11-10T11:27:52.112-0800][75275744ms] GC(20438)   Pre Evacuate Collection Set: 0.0ms
[2023-11-10T11:27:52.112-0800][75275744ms] GC(20438)   Evacuate Collection Set: 1.7ms
[2023-11-10T11:27:52.112-0800][75275744ms] GC(20438)   Post Evacuate Collection Set: 3.5ms
[2023-11-10T11:27:52.112-0800][75275744ms] GC(20438)   Other: 0.3ms
[2023-11-10T11:27:52.112-0800][75275744ms] GC(20438) Eden regions: 221->0(221)
[2023-11-10T11:27:52.112-0800][75275744ms] GC(20438) Survivor regions: 1->1(28)
[2023-11-10T11:27:52.112-0800][75275744ms] GC(20438) Old regions: 1392->1392
[2023-11-10T11:27:52.112-0800][75275744ms] GC(20438) Humongous regions: 5->5
[2023-11-10T11:27:52.112-0800][75275744ms] GC(20438) Metaspace: 304631K->304631K(1347584K)
[2023-11-10T11:27:52.112-0800][75275744ms] GC(20438) Pause Young (Normal) (G1 Evacuation Pause) 3236M->2794M(3602M) 5.690ms
[2023-11-10T11:27:52.112-0800][75275744ms] GC(20438) User=0.00s Sys=0.00s Real=0.00s
[2023-11-10T11:27:52.647-0800][75276279ms] GC(20439) Pause Young (Normal) (G1 Evacuation Pause)
[2023-11-10T11:27:52.647-0800][75276280ms] GC(20439) Using 10 workers of 10 for evacuation
[2023-11-10T11:27:52.654-0800][75276286ms] GC(20439)   Pre Evacuate Collection Set: 0.1ms
[2023-11-10T11:27:52.654-0800][75276286ms] GC(20439)   Evacuate Collection Set: 2.0ms
[2023-11-10T11:27:52.654-0800][75276286ms] GC(20439)   Post Evacuate Collection Set: 3.8ms
[2023-11-10T11:27:52.654-0800][75276286ms] GC(20439)   Other: 0.4ms
[2023-11-10T11:27:52.654-0800][75276286ms] GC(20439) Eden regions: 221->0(221)
[2023-11-10T11:27:52.654-0800][75276286ms] GC(20439) Survivor regions: 1->1(28)
[2023-11-10T11:27:52.654-0800][75276286ms] GC(20439) Old regions: 1392->1392
[2023-11-10T11:27:52.654-0800][75276286ms] GC(20439) Humongous regions: 5->5
[2023-11-10T11:27:52.654-0800][75276286ms] GC(20439) Metaspace: 304631K->304631K(1347584K)
[2023-11-10T11:27:52.654-0800][75276286ms] GC(20439) Pause Young (Normal) (G1 Evacuation Pause) 3236M->2794M(3602M) 6.370ms
[2023-11-10T11:27:52.654-0800][75276286ms] GC(20439) User=0.02s Sys=0.00s Real=0.01s
[2023-11-10T11:27:53.248-0800][75276880ms] GC(20440) Pause Young (Normal) (G1 Evacuation Pause)
[2023-11-10T11:27:53.248-0800][75276880ms] GC(20440) Using 10 workers of 10 for evacuation
[2023-11-10T11:27:53.254-0800][75276886ms] GC(20440)   Pre Evacuate Collection Set: 0.0ms
[2023-11-10T11:27:53.254-0800][75276886ms] GC(20440)   Evacuate Collection Set: 1.8ms
[2023-11-10T11:27:53.254-0800][75276886ms] GC(20440)   Post Evacuate Collection Set: 3.1ms
[2023-11-10T11:27:53.254-0800][75276886ms] GC(20440)   Other: 0.2ms
[2023-11-10T11:27:53.254-0800][75276886ms] GC(20440) Eden regions: 221->0(221)
[2023-11-10T11:27:53.254-0800][75276886ms] GC(20440) Survivor regions: 1->1(28)
[2023-11-10T11:27:53.254-0800][75276886ms] GC(20440) Old regions: 1392->1392
[2023-11-10T11:27:53.255-0800][75276887ms] GC(20440) Humongous regions: 5->5
[2023-11-10T11:27:53.255-0800][75276887ms] GC(20440) Metaspace: 304631K->304631K(1347584K)
[2023-11-10T11:27:53.255-0800][75276887ms] GC(20440) Pause Young (Normal) (G1 Evacuation Pause) 3236M->2794M(3602M) 5.233ms
[2023-11-10T11:27:53.255-0800][75276887ms] GC(20440) User=0.00s Sys=0.00s Real=0.01s
[2023-11-10T11:27:53.830-0800][75277462ms] GC(20441) Pause Young (Normal) (G1 Evacuation Pause)
[2023-11-10T11:27:53.830-0800][75277462ms] GC(20441) Using 10 workers of 10 for evacuation
[2023-11-10T11:27:53.835-0800][75277467ms] GC(20441)   Pre Evacuate Collection Set: 0.0ms
[2023-11-10T11:27:53.835-0800][75277467ms] GC(20441)   Evacuate Collection Set: 2.0ms
[2023-11-10T11:27:53.835-0800][75277467ms] GC(20441)   Post Evacuate Collection Set: 3.7ms
[2023-11-10T11:27:53.835-0800][75277467ms] GC(20441)   Other: 0.3ms
[2023-11-10T11:27:53.835-0800][75277467ms] GC(20441) Eden regions: 221->0(221)
[2023-11-10T11:27:53.835-0800][75277467ms] GC(20441) Survivor regions: 1->1(28)
[2023-11-10T11:27:53.835-0800][75277467ms] GC(20441) Old regions: 1392->1392
[2023-11-10T11:27:53.835-0800][75277467ms] GC(20441) Humongous regions: 5->5
[2023-11-10T11:27:53.835-0800][75277467ms] GC(20441) Metaspace: 304631K->304631K(1347584K)
[2023-11-10T11:27:53.835-0800][75277467ms] GC(20441) Pause Young (Normal) (G1 Evacuation Pause) 3236M->2794M(3602M) 6.220ms
[2023-11-10T11:27:53.835-0800][75277467ms] GC(20441) User=0.00s Sys=0.00s Real=0.01s
[2023-11-10T11:27:54.367-0800][75277999ms] GC(20442) Pause Young (Normal) (G1 Evacuation Pause)
[2023-11-10T11:27:54.367-0800][75277999ms] GC(20442) Using 10 workers of 10 for evacuation
[2023-11-10T11:27:54.372-0800][75278004ms] GC(20442)   Pre Evacuate Collection Set: 0.1ms
[2023-11-10T11:27:54.372-0800][75278004ms] GC(20442)   Evacuate Collection Set: 1.8ms
[2023-11-10T11:27:54.372-0800][75278004ms] GC(20442)   Post Evacuate Collection Set: 3.4ms
[2023-11-10T11:27:54.372-0800][75278004ms] GC(20442)   Other: 0.4ms
[2023-11-10T11:27:54.372-0800][75278004ms] GC(20442) Eden regions: 221->0(221)
[2023-11-10T11:27:54.372-0800][75278004ms] GC(20442) Survivor regions: 1->1(28)
[2023-11-10T11:27:54.372-0800][75278004ms] GC(20442) Old regions: 1392->1392
[2023-11-10T11:27:54.372-0800][75278004ms] GC(20442) Humongous regions: 5->5
[2023-11-10T11:27:54.372-0800][75278004ms] GC(20442) Metaspace: 304631K->304631K(1347584K)
[2023-11-10T11:27:54.372-0800][75278004ms] GC(20442) Pause Young (Normal) (G1 Evacuation Pause) 3236M->2794M(3602M) 5.875ms
[2023-11-10T11:27:54.372-0800][75278004ms] GC(20442) User=0.00s Sys=0.00s Real=0.00s
[2023-11-10T11:27:54.911-0800][75278543ms] GC(20443) Pause Young (Normal) (G1 Evacuation Pause)
[2023-11-10T11:27:54.911-0800][75278543ms] GC(20443) Using 10 workers of 10 for evacuation
[2023-11-10T11:27:54.917-0800][75278549ms] GC(20443)   Pre Evacuate Collection Set: 0.1ms
[2023-11-10T11:27:54.917-0800][75278549ms] GC(20443)   Evacuate Collection Set: 2.1ms
[2023-11-10T11:27:54.917-0800][75278549ms] GC(20443)   Post Evacuate Collection Set: 3.4ms
[2023-11-10T11:27:54.917-0800][75278549ms] GC(20443)   Other: 0.3ms
[2023-11-10T11:27:54.917-0800][75278549ms] GC(20443) Eden regions: 221->0(221)
[2023-11-10T11:27:54.917-0800][75278549ms] GC(20443) Survivor regions: 1->1(28)
[2023-11-10T11:27:54.917-0800][75278549ms] GC(20443) Old regions: 1392->1392
[2023-11-10T11:27:54.917-0800][75278549ms] GC(20443) Humongous regions: 5->5
[2023-11-10T11:27:54.917-0800][75278549ms] GC(20443) Metaspace: 304631K->304631K(1347584K)
[2023-11-10T11:27:54.917-0800][75278549ms] GC(20443) Pause Young (Normal) (G1 Evacuation Pause) 3236M->2794M(3602M) 5.894ms
[2023-11-10T11:27:54.917-0800][75278549ms] GC(20443) User=0.00s Sys=0.00s Real=0.01s
[2023-11-10T11:27:55.477-0800][75279109ms] GC(20444) Pause Young (Normal) (G1 Evacuation Pause)
[2023-11-10T11:27:55.477-0800][75279109ms] GC(20444) Using 10 workers of 10 for evacuation
[2023-11-10T11:27:55.484-0800][75279116ms] GC(20444)   Pre Evacuate Collection Set: 0.1ms
[2023-11-10T11:27:55.484-0800][75279116ms] GC(20444)   Evacuate Collection Set: 3.0ms
[2023-11-10T11:27:55.484-0800][75279116ms] GC(20444)   Post Evacuate Collection Set: 3.8ms
[2023-11-10T11:27:55.484-0800][75279116ms] GC(20444)   Other: 0.3ms
[2023-11-10T11:27:55.484-0800][75279116ms] GC(20444) Eden regions: 221->0(221)
[2023-11-10T11:27:55.484-0800][75279116ms] GC(20444) Survivor regions: 1->1(28)
[2023-11-10T11:27:55.484-0800][75279116ms] GC(20444) Old regions: 1392->1392
[2023-11-10T11:27:55.484-0800][75279116ms] GC(20444) Humongous regions: 5->5
[2023-11-10T11:27:55.484-0800][75279116ms] GC(20444) Metaspace: 304631K->304631K(1347584K)
[2023-11-10T11:27:55.484-0800][75279116ms] GC(20444) Pause Young (Normal) (G1 Evacuation Pause) 3236M->2794M(3602M) 7.226ms
[2023-11-10T11:27:55.484-0800][75279116ms] GC(20444) User=0.00s Sys=0.00s Real=0.01s
[2023-11-10T11:27:56.014-0800][75279646ms] GC(20445) Pause Young (Normal) (G1 Evacuation Pause)
[2023-11-10T11:27:56.014-0800][75279646ms] GC(20445) Using 10 workers of 10 for evacuation
[2023-11-10T11:27:56.020-0800][75279652ms] GC(20445)   Pre Evacuate Collection Set: 0.1ms
[2023-11-10T11:27:56.020-0800][75279652ms] GC(20445)   Evacuate Collection Set: 1.9ms
[2023-11-10T11:27:56.020-0800][75279652ms] GC(20445)   Post Evacuate Collection Set: 3.4ms
[2023-11-10T11:27:56.020-0800][75279652ms] GC(20445)   Other: 0.3ms
[2023-11-10T11:27:56.020-0800][75279652ms] GC(20445) Eden regions: 221->0(221)
[2023-11-10T11:27:56.020-0800][75279652ms] GC(20445) Survivor regions: 1->1(28)
[2023-11-10T11:27:56.020-0800][75279652ms] GC(20445) Old regions: 1392->1392
[2023-11-10T11:27:56.020-0800][75279652ms] GC(20445) Humongous regions: 5->5
[2023-11-10T11:27:56.020-0800][75279652ms] GC(20445) Metaspace: 304631K->304631K(1347584K)
[2023-11-10T11:27:56.020-0800][75279652ms] GC(20445) Pause Young (Normal) (G1 Evacuation Pause) 3236M->2794M(3602M) 5.848ms
[2023-11-10T11:27:56.020-0800][75279652ms] GC(20445) User=0.00s Sys=0.00s Real=0.01s
[2023-11-10T11:27:56.572-0800][75280204ms] GC(20446) Pause Young (Normal) (G1 Evacuation Pause)
[2023-11-10T11:27:56.572-0800][75280204ms] GC(20446) Using 10 workers of 10 for evacuation
[2023-11-10T11:27:56.578-0800][75280210ms] GC(20446)   Pre Evacuate Collection Set: 0.0ms
[2023-11-10T11:27:56.578-0800][75280210ms] GC(20446)   Evacuate Collection Set: 2.3ms
[2023-11-10T11:27:56.578-0800][75280210ms] GC(20446)   Post Evacuate Collection Set: 4.3ms
[2023-11-10T11:27:56.578-0800][75280210ms] GC(20446)   Other: 0.3ms
[2023-11-10T11:27:56.578-0800][75280210ms] GC(20446) Eden regions: 221->0(221)
[2023-11-10T11:27:56.578-0800][75280210ms] GC(20446) Survivor regions: 1->1(28)
[2023-11-10T11:27:56.578-0800][75280210ms] GC(20446) Old regions: 1392->1392
[2023-11-10T11:27:56.578-0800][75280210ms] GC(20446) Humongous regions: 5->5
[2023-11-10T11:27:56.578-0800][75280210ms] GC(20446) Metaspace: 304631K->304631K(1347584K)
[2023-11-10T11:27:56.578-0800][75280210ms] GC(20446) Pause Young (Normal) (G1 Evacuation Pause) 3236M->2794M(3602M) 7.086ms
[2023-11-10T11:27:56.578-0800][75280210ms] GC(20446) User=0.00s Sys=0.00s Real=0.01s
[2023-11-10T11:27:57.137-0800][75280769ms] GC(20447) Pause Young (Normal) (G1 Evacuation Pause)
[2023-11-10T11:27:57.137-0800][75280769ms] GC(20447) Using 10 workers of 10 for evacuation
[2023-11-10T11:27:57.142-0800][75280774ms] GC(20447)   Pre Evacuate Collection Set: 0.0ms
[2023-11-10T11:27:57.143-0800][75280775ms] GC(20447)   Evacuate Collection Set: 2.3ms
[2023-11-10T11:27:57.143-0800][75280775ms] GC(20447)   Post Evacuate Collection Set: 3.9ms
[2023-11-10T11:27:57.143-0800][75280775ms] GC(20447)   Other: 0.3ms
[2023-11-10T11:27:57.143-0800][75280775ms] GC(20447) Eden regions: 221->0(221)
[2023-11-10T11:27:57.143-0800][75280775ms] GC(20447) Survivor regions: 1->1(28)
[2023-11-10T11:27:57.143-0800][75280775ms] GC(20447) Old regions: 1392->1392
[2023-11-10T11:27:57.143-0800][75280775ms] GC(20447) Humongous regions: 5->5
[2023-11-10T11:27:57.143-0800][75280775ms] GC(20447) Metaspace: 304631K->304631K(1347584K)
[2023-11-10T11:27:57.143-0800][75280775ms] GC(20447) Pause Young (Normal) (G1 Evacuation Pause) 3236M->2794M(3602M) 6.777ms
[2023-11-10T11:27:57.143-0800][75280775ms] GC(20447) User=0.00s Sys=0.00s Real=0.01s
[2023-11-10T11:27:57.667-0800][75281299ms] GC(20448) Pause Young (Normal) (G1 Evacuation Pause)
[2023-11-10T11:27:57.667-0800][75281299ms] GC(20448) Using 10 workers of 10 for evacuation
[2023-11-10T11:27:57.677-0800][75281309ms] GC(20448)   Pre Evacuate Collection Set: 0.1ms
[2023-11-10T11:27:57.677-0800][75281309ms] GC(20448)   Evacuate Collection Set: 2.2ms
[2023-11-10T11:27:57.677-0800][75281309ms] GC(20448)   Post Evacuate Collection Set: 6.4ms
[2023-11-10T11:27:57.677-0800][75281309ms] GC(20448)   Other: 0.4ms
[2023-11-10T11:27:57.677-0800][75281309ms] GC(20448) Eden regions: 221->0(221)
[2023-11-10T11:27:57.677-0800][75281309ms] GC(20448) Survivor regions: 1->1(28)
[2023-11-10T11:27:57.677-0800][75281309ms] GC(20448) Old regions: 1392->1392
[2023-11-10T11:27:57.677-0800][75281309ms] GC(20448) Humongous regions: 5->5
[2023-11-10T11:27:57.677-0800][75281309ms] GC(20448) Metaspace: 304631K->304631K(1347584K)
[2023-11-10T11:27:57.677-0800][75281309ms] GC(20448) Pause Young (Normal) (G1 Evacuation Pause) 3236M->2794M(3602M) 9.301ms
[2023-11-10T11:27:57.677-0800][75281309ms] GC(20448) User=0.00s Sys=0.00s Real=0.01s
[2023-11-10T11:27:58.282-0800][75281914ms] GC(20449) Pause Young (Normal) (G1 Evacuation Pause)
[2023-11-10T11:27:58.283-0800][75281915ms] GC(20449) Using 10 workers of 10 for evacuation
[2023-11-10T11:27:58.290-0800][75281922ms] GC(20449)   Pre Evacuate Collection Set: 0.0ms
[2023-11-10T11:27:58.290-0800][75281922ms] GC(20449)   Evacuate Collection Set: 2.4ms
[2023-11-10T11:27:58.290-0800][75281922ms] GC(20449)   Post Evacuate Collection Set: 4.6ms
[2023-11-10T11:27:58.290-0800][75281922ms] GC(20449)   Other: 0.4ms
[2023-11-10T11:27:58.290-0800][75281922ms] GC(20449) Eden regions: 221->0(220)
[2023-11-10T11:27:58.290-0800][75281922ms] GC(20449) Survivor regions: 1->1(28)
[2023-11-10T11:27:58.290-0800][75281922ms] GC(20449) Old regions: 1392->1393
[2023-11-10T11:27:58.290-0800][75281922ms] GC(20449) Humongous regions: 5->5
[2023-11-10T11:27:58.290-0800][75281922ms] GC(20449) Metaspace: 304631K->304631K(1347584K)
[2023-11-10T11:27:58.290-0800][75281922ms] GC(20449) Pause Young (Normal) (G1 Evacuation Pause) 3236M->2794M(3602M) 7.594ms
[2023-11-10T11:27:58.290-0800][75281922ms] GC(20449) User=0.00s Sys=0.00s Real=0.01s
[2023-11-10T11:27:58.888-0800][75282520ms] GC(20450) Pause Young (Normal) (G1 Evacuation Pause)
[2023-11-10T11:27:58.888-0800][75282520ms] GC(20450) Using 10 workers of 10 for evacuation
[2023-11-10T11:27:58.894-0800][75282526ms] GC(20450)   Pre Evacuate Collection Set: 0.1ms
[2023-11-10T11:27:58.894-0800][75282526ms] GC(20450)   Evacuate Collection Set: 2.9ms
[2023-11-10T11:27:58.894-0800][75282526ms] GC(20450)   Post Evacuate Collection Set: 3.4ms
[2023-11-10T11:27:58.894-0800][75282526ms] GC(20450)   Other: 0.4ms
[2023-11-10T11:27:58.894-0800][75282526ms] GC(20450) Eden regions: 220->0(220)
[2023-11-10T11:27:58.894-0800][75282526ms] GC(20450) Survivor regions: 1->1(28)
[2023-11-10T11:27:58.894-0800][75282526ms] GC(20450) Old regions: 1393->1393
[2023-11-10T11:27:58.894-0800][75282526ms] GC(20450) Humongous regions: 5->5
[2023-11-10T11:27:58.894-0800][75282526ms] GC(20450) Metaspace: 304631K->304631K(1347584K)
[2023-11-10T11:27:58.894-0800][75282526ms] GC(20450) Pause Young (Normal) (G1 Evacuation Pause) 3234M->2794M(3602M) 6.797ms
[2023-11-10T11:27:58.894-0800][75282526ms] GC(20450) User=0.00s Sys=0.00s Real=0.01s
[2023-11-10T11:27:59.446-0800][75283078ms] GC(20451) Pause Young (Normal) (G1 Evacuation Pause)
[2023-11-10T11:27:59.446-0800][75283078ms] GC(20451) Using 10 workers of 10 for evacuation
[2023-11-10T11:27:59.453-0800][75283085ms] GC(20451)   Pre Evacuate Collection Set: 0.0ms
[2023-11-10T11:27:59.453-0800][75283085ms] GC(20451)   Evacuate Collection Set: 2.2ms
[2023-11-10T11:27:59.453-0800][75283085ms] GC(20451)   Post Evacuate Collection Set: 5.3ms
[2023-11-10T11:27:59.453-0800][75283085ms] GC(20451)   Other: 0.3ms
[2023-11-10T11:27:59.453-0800][75283085ms] GC(20451) Eden regions: 220->0(220)
[2023-11-10T11:27:59.453-0800][75283086ms] GC(20451) Survivor regions: 1->1(28)
[2023-11-10T11:27:59.454-0800][75283086ms] GC(20451) Old regions: 1393->1393
[2023-11-10T11:27:59.454-0800][75283086ms] GC(20451) Humongous regions: 5->5
[2023-11-10T11:27:59.454-0800][75283086ms] GC(20451) Metaspace: 304631K->304631K(1347584K)
[2023-11-10T11:27:59.454-0800][75283086ms] GC(20451) Pause Young (Normal) (G1 Evacuation Pause) 3234M->2794M(3602M) 7.912ms
[2023-11-10T11:27:59.454-0800][75283086ms] GC(20451) User=0.00s Sys=0.00s Real=0.01s
[2023-11-10T11:27:59.917-0800][75283549ms] GC(20452) Pause Young (Normal) (G1 Evacuation Pause)
[2023-11-10T11:27:59.917-0800][75283549ms] GC(20452) Using 10 workers of 10 for evacuation
[2023-11-10T11:27:59.922-0800][75283554ms] GC(20452)   Pre Evacuate Collection Set: 0.0ms
[2023-11-10T11:27:59.922-0800][75283554ms] GC(20452)   Evacuate Collection Set: 1.7ms
[2023-11-10T11:27:59.922-0800][75283554ms] GC(20452)   Post Evacuate Collection Set: 3.0ms
[2023-11-10T11:27:59.922-0800][75283554ms] GC(20452)   Other: 0.2ms
[2023-11-10T11:27:59.922-0800][75283554ms] GC(20452) Eden regions: 220->0(220)
[2023-11-10T11:27:59.922-0800][75283554ms] GC(20452) Survivor regions: 1->1(28)
[2023-11-10T11:27:59.922-0800][75283554ms] GC(20452) Old regions: 1393->1393
[2023-11-10T11:27:59.922-0800][75283554ms] GC(20452) Humongous regions: 5->5
[2023-11-10T11:27:59.922-0800][75283554ms] GC(20452) Metaspace: 304631K->304631K(1347584K)
[2023-11-10T11:27:59.922-0800][75283554ms] GC(20452) Pause Young (Normal) (G1 Evacuation Pause) 3234M->2794M(3602M) 5.146ms
[2023-11-10T11:27:59.922-0800][75283554ms] GC(20452) User=0.00s Sys=0.00s Real=0.00s
[2023-11-10T11:28:00.435-0800][75284067ms] GC(20453) Pause Young (Normal) (G1 Evacuation Pause)
[2023-11-10T11:28:00.435-0800][75284067ms] GC(20453) Using 10 workers of 10 for evacuation
[2023-11-10T11:28:00.440-0800][75284072ms] GC(20453)   Pre Evacuate Collection Set: 0.0ms
[2023-11-10T11:28:00.440-0800][75284072ms] GC(20453)   Evacuate Collection Set: 2.0ms
[2023-11-10T11:28:00.440-0800][75284072ms] GC(20453)   Post Evacuate Collection Set: 3.4ms
[2023-11-10T11:28:00.440-0800][75284072ms] GC(20453)   Other: 0.3ms
[2023-11-10T11:28:00.440-0800][75284072ms] GC(20453) Eden regions: 220->0(220)
[2023-11-10T11:28:00.440-0800][75284072ms] GC(20453) Survivor regions: 1->1(28)
[2023-11-10T11:28:00.440-0800][75284072ms] GC(20453) Old regions: 1393->1393
[2023-11-10T11:28:00.440-0800][75284072ms] GC(20453) Humongous regions: 5->5
[2023-11-10T11:28:00.440-0800][75284072ms] GC(20453) Metaspace: 304631K->304631K(1347584K)
[2023-11-10T11:28:00.440-0800][75284072ms] GC(20453) Pause Young (Normal) (G1 Evacuation Pause) 3234M->2794M(3602M) 5.832ms
[2023-11-10T11:28:00.440-0800][75284072ms] GC(20453) User=0.00s Sys=0.00s Real=0.01s
[2023-11-10T11:28:00.930-0800][75284562ms] GC(20454) Pause Young (Normal) (G1 Evacuation Pause)
[2023-11-10T11:28:00.930-0800][75284562ms] GC(20454) Using 10 workers of 10 for evacuation
[2023-11-10T11:28:00.934-0800][75284566ms] GC(20454)   Pre Evacuate Collection Set: 0.0ms
[2023-11-10T11:28:00.934-0800][75284566ms] GC(20454)   Evacuate Collection Set: 1.7ms
[2023-11-10T11:28:00.934-0800][75284566ms] GC(20454)   Post Evacuate Collection Set: 3.1ms
[2023-11-10T11:28:00.934-0800][75284566ms] GC(20454)   Other: 0.3ms
[2023-11-10T11:28:00.934-0800][75284566ms] GC(20454) Eden regions: 220->0(220)
[2023-11-10T11:28:00.934-0800][75284566ms] GC(20454) Survivor regions: 1->1(28)
[2023-11-10T11:28:00.934-0800][75284566ms] GC(20454) Old regions: 1393->1393
[2023-11-10T11:28:00.934-0800][75284566ms] GC(20454) Humongous regions: 5->5
[2023-11-10T11:28:00.934-0800][75284566ms] GC(20454) Metaspace: 304631K->304631K(1347584K)
[2023-11-10T11:28:00.934-0800][75284566ms] GC(20454) Pause Young (Normal) (G1 Evacuation Pause) 3234M->2794M(3602M) 5.218ms
[2023-11-10T11:28:00.934-0800][75284566ms] GC(20454) User=0.00s Sys=0.00s Real=0.00s
[2023-11-10T11:28:01.442-0800][75285074ms] GC(20455) Pause Young (Normal) (G1 Evacuation Pause)
[2023-11-10T11:28:01.442-0800][75285074ms] GC(20455) Using 10 workers of 10 for evacuation
[2023-11-10T11:28:01.447-0800][75285079ms] GC(20455)   Pre Evacuate Collection Set: 0.0ms
[2023-11-10T11:28:01.447-0800][75285079ms] GC(20455)   Evacuate Collection Set: 1.8ms
[2023-11-10T11:28:01.447-0800][75285079ms] GC(20455)   Post Evacuate Collection Set: 3.0ms
[2023-11-10T11:28:01.447-0800][75285079ms] GC(20455)   Other: 0.3ms
[2023-11-10T11:28:01.447-0800][75285079ms] GC(20455) Eden regions: 220->0(220)
[2023-11-10T11:28:01.447-0800][75285079ms] GC(20455) Survivor regions: 1->1(28)
[2023-11-10T11:28:01.447-0800][75285079ms] GC(20455) Old regions: 1393->1393
[2023-11-10T11:28:01.447-0800][75285079ms] GC(20455) Humongous regions: 5->5
[2023-11-10T11:28:01.447-0800][75285079ms] GC(20455) Metaspace: 304631K->304631K(1347584K)
[2023-11-10T11:28:01.447-0800][75285079ms] GC(20455) Pause Young (Normal) (G1 Evacuation Pause) 3234M->2794M(3602M) 5.309ms
[2023-11-10T11:28:01.447-0800][75285079ms] GC(20455) User=0.00s Sys=0.00s Real=0.01s
[2023-11-10T11:28:02.021-0800][75285653ms] GC(20456) Pause Young (Normal) (G1 Evacuation Pause)
[2023-11-10T11:28:02.021-0800][75285653ms] GC(20456) Using 10 workers of 10 for evacuation
[2023-11-10T11:28:02.027-0800][75285659ms] GC(20456)   Pre Evacuate Collection Set: 0.1ms
[2023-11-10T11:28:02.027-0800][75285659ms] GC(20456)   Evacuate Collection Set: 1.7ms
[2023-11-10T11:28:02.027-0800][75285659ms] GC(20456)   Post Evacuate Collection Set: 3.5ms
[2023-11-10T11:28:02.027-0800][75285659ms] GC(20456)   Other: 0.3ms
[2023-11-10T11:28:02.027-0800][75285659ms] GC(20456) Eden regions: 220->0(220)
[2023-11-10T11:28:02.027-0800][75285659ms] GC(20456) Survivor regions: 1->1(28)
[2023-11-10T11:28:02.027-0800][75285659ms] GC(20456) Old regions: 1393->1393
[2023-11-10T11:28:02.027-0800][75285659ms] GC(20456) Humongous regions: 5->5
[2023-11-10T11:28:02.027-0800][75285659ms] GC(20456) Metaspace: 304631K->304631K(1347584K)
[2023-11-10T11:28:02.027-0800][75285659ms] GC(20456) Pause Young (Normal) (G1 Evacuation Pause) 3234M->2794M(3602M) 5.714ms
[2023-11-10T11:28:02.027-0800][75285659ms] GC(20456) User=0.02s Sys=0.00s Real=0.01s
[2023-11-10T11:28:02.550-0800][75286182ms] GC(20457) Pause Young (Normal) (G1 Evacuation Pause)
[2023-11-10T11:28:02.550-0800][75286182ms] GC(20457) Using 10 workers of 10 for evacuation
[2023-11-10T11:28:02.555-0800][75286187ms] GC(20457)   Pre Evacuate Collection Set: 0.0ms
[2023-11-10T11:28:02.555-0800][75286187ms] GC(20457)   Evacuate Collection Set: 1.7ms
[2023-11-10T11:28:02.555-0800][75286187ms] GC(20457)   Post Evacuate Collection Set: 3.0ms
[2023-11-10T11:28:02.555-0800][75286187ms] GC(20457)   Other: 0.3ms
[2023-11-10T11:28:02.555-0800][75286187ms] GC(20457) Eden regions: 220->0(220)
[2023-11-10T11:28:02.555-0800][75286187ms] GC(20457) Survivor regions: 1->1(28)
[2023-11-10T11:28:02.555-0800][75286187ms] GC(20457) Old regions: 1393->1393
[2023-11-10T11:28:02.555-0800][75286187ms] GC(20457) Humongous regions: 5->5
[2023-11-10T11:28:02.555-0800][75286187ms] GC(20457) Metaspace: 304631K->304631K(1347584K)
[2023-11-10T11:28:02.555-0800][75286187ms] GC(20457) Pause Young (Normal) (G1 Evacuation Pause) 3234M->2794M(3602M) 5.175ms
[2023-11-10T11:28:02.555-0800][75286187ms] GC(20457) User=0.00s Sys=0.00s Real=0.01s
[2023-11-10T11:28:03.072-0800][75286704ms] GC(20458) Pause Young (Normal) (G1 Evacuation Pause)
[2023-11-10T11:28:03.072-0800][75286704ms] GC(20458) Using 10 workers of 10 for evacuation
[2023-11-10T11:28:03.079-0800][75286711ms] GC(20458)   Pre Evacuate Collection Set: 0.0ms
[2023-11-10T11:28:03.079-0800][75286711ms] GC(20458)   Evacuate Collection Set: 1.7ms
[2023-11-10T11:28:03.079-0800][75286711ms] GC(20458)   Post Evacuate Collection Set: 4.0ms
[2023-11-10T11:28:03.079-0800][75286711ms] GC(20458)   Other: 0.3ms
[2023-11-10T11:28:03.079-0800][75286711ms] GC(20458) Eden regions: 220->0(220)
[2023-11-10T11:28:03.079-0800][75286711ms] GC(20458) Survivor regions: 1->1(28)
[2023-11-10T11:28:03.079-0800][75286711ms] GC(20458) Old regions: 1393->1393
[2023-11-10T11:28:03.079-0800][75286711ms] GC(20458) Humongous regions: 5->5
[2023-11-10T11:28:03.079-0800][75286711ms] GC(20458) Metaspace: 304631K->304631K(1347584K)
[2023-11-10T11:28:03.079-0800][75286711ms] GC(20458) Pause Young (Normal) (G1 Evacuation Pause) 3234M->2794M(3602M) 6.139ms
[2023-11-10T11:28:03.079-0800][75286711ms] GC(20458) User=0.00s Sys=0.00s Real=0.01s
[2023-11-10T11:28:03.587-0800][75287219ms] GC(20459) Pause Young (Normal) (G1 Evacuation Pause)
[2023-11-10T11:28:03.587-0800][75287219ms] GC(20459) Using 10 workers of 10 for evacuation
[2023-11-10T11:28:03.592-0800][75287224ms] GC(20459)   Pre Evacuate Collection Set: 0.0ms
[2023-11-10T11:28:03.592-0800][75287224ms] GC(20459)   Evacuate Collection Set: 1.7ms
[2023-11-10T11:28:03.592-0800][75287224ms] GC(20459)   Post Evacuate Collection Set: 3.1ms
[2023-11-10T11:28:03.592-0800][75287224ms] GC(20459)   Other: 0.3ms
[2023-11-10T11:28:03.592-0800][75287224ms] GC(20459) Eden regions: 220->0(220)
[2023-11-10T11:28:03.592-0800][75287224ms] GC(20459) Survivor regions: 1->1(28)
[2023-11-10T11:28:03.592-0800][75287224ms] GC(20459) Old regions: 1393->1393
[2023-11-10T11:28:03.592-0800][75287224ms] GC(20459) Humongous regions: 5->5
[2023-11-10T11:28:03.592-0800][75287224ms] GC(20459) Metaspace: 304631K->304631K(1347584K)
[2023-11-10T11:28:03.592-0800][75287224ms] GC(20459) Pause Young (Normal) (G1 Evacuation Pause) 3234M->2794M(3602M) 5.183ms
[2023-11-10T11:28:03.592-0800][75287224ms] GC(20459) User=0.00s Sys=0.00s Real=0.01s
[2023-11-10T11:28:04.131-0800][75287763ms] GC(20460) Pause Young (Normal) (G1 Evacuation Pause)
[2023-11-10T11:28:04.131-0800][75287763ms] GC(20460) Using 10 workers of 10 for evacuation
[2023-11-10T11:28:04.137-0800][75287769ms] GC(20460)   Pre Evacuate Collection Set: 0.0ms
[2023-11-10T11:28:04.137-0800][75287769ms] GC(20460)   Evacuate Collection Set: 1.9ms
[2023-11-10T11:28:04.137-0800][75287769ms] GC(20460)   Post Evacuate Collection Set: 4.1ms
[2023-11-10T11:28:04.137-0800][75287769ms] GC(20460)   Other: 0.3ms
[2023-11-10T11:28:04.137-0800][75287769ms] GC(20460) Eden regions: 220->0(220)
[2023-11-10T11:28:04.137-0800][75287769ms] GC(20460) Survivor regions: 1->1(28)
[2023-11-10T11:28:04.137-0800][75287769ms] GC(20460) Old regions: 1393->1393
[2023-11-10T11:28:04.137-0800][75287769ms] GC(20460) Humongous regions: 5->5
[2023-11-10T11:28:04.137-0800][75287769ms] GC(20460) Metaspace: 304631K->304631K(1347584K)
[2023-11-10T11:28:04.137-0800][75287769ms] GC(20460) Pause Young (Normal) (G1 Evacuation Pause) 3234M->2795M(3602M) 6.516ms
[2023-11-10T11:28:04.137-0800][75287769ms] GC(20460) User=0.14s Sys=0.00s Real=0.01s
[2023-11-10T11:28:04.700-0800][75288332ms] GC(20461) Pause Young (Normal) (G1 Evacuation Pause)
[2023-11-10T11:28:04.700-0800][75288332ms] GC(20461) Using 10 workers of 10 for evacuation
[2023-11-10T11:28:04.706-0800][75288338ms] GC(20461)   Pre Evacuate Collection Set: 0.0ms
[2023-11-10T11:28:04.706-0800][75288338ms] GC(20461)   Evacuate Collection Set: 1.6ms
[2023-11-10T11:28:04.706-0800][75288338ms] GC(20461)   Post Evacuate Collection Set: 3.1ms
[2023-11-10T11:28:04.706-0800][75288338ms] GC(20461)   Other: 0.2ms
[2023-11-10T11:28:04.706-0800][75288338ms] GC(20461) Eden regions: 220->0(220)
[2023-11-10T11:28:04.706-0800][75288338ms] GC(20461) Survivor regions: 1->1(28)
[2023-11-10T11:28:04.706-0800][75288338ms] GC(20461) Old regions: 1393->1393
[2023-11-10T11:28:04.706-0800][75288338ms] GC(20461) Humongous regions: 5->5
[2023-11-10T11:28:04.706-0800][75288338ms] GC(20461) Metaspace: 304631K->304631K(1347584K)
[2023-11-10T11:28:04.706-0800][75288338ms] GC(20461) Pause Young (Normal) (G1 Evacuation Pause) 3235M->2794M(3602M) 5.088ms
[2023-11-10T11:28:04.706-0800][75288338ms] GC(20461) User=0.00s Sys=0.00s Real=0.01s
[2023-11-10T11:28:05.196-0800][75288828ms] GC(20462) Pause Young (Normal) (G1 Evacuation Pause)
[2023-11-10T11:28:05.196-0800][75288828ms] GC(20462) Using 10 workers of 10 for evacuation
[2023-11-10T11:28:05.202-0800][75288834ms] GC(20462)   Pre Evacuate Collection Set: 0.0ms
[2023-11-10T11:28:05.202-0800][75288834ms] GC(20462)   Evacuate Collection Set: 1.7ms
[2023-11-10T11:28:05.202-0800][75288834ms] GC(20462)   Post Evacuate Collection Set: 3.5ms
[2023-11-10T11:28:05.202-0800][75288834ms] GC(20462)   Other: 0.3ms
[2023-11-10T11:28:05.202-0800][75288834ms] GC(20462) Eden regions: 220->0(219)
[2023-11-10T11:28:05.202-0800][75288834ms] GC(20462) Survivor regions: 1->1(28)
[2023-11-10T11:28:05.202-0800][75288834ms] GC(20462) Old regions: 1393->1393
[2023-11-10T11:28:05.202-0800][75288834ms] GC(20462) Humongous regions: 5->5
[2023-11-10T11:28:05.202-0800][75288834ms] GC(20462) Metaspace: 304631K->304631K(1347584K)
[2023-11-10T11:28:05.202-0800][75288834ms] GC(20462) Pause Young (Normal) (G1 Evacuation Pause) 3234M->2795M(3602M) 5.687ms
[2023-11-10T11:28:05.202-0800][75288834ms] GC(20462) User=0.00s Sys=0.00s Real=0.01s
[2023-11-10T11:28:05.804-0800][75289436ms] GC(20463) Pause Young (Normal) (G1 Evacuation Pause)
[2023-11-10T11:28:05.804-0800][75289436ms] GC(20463) Using 10 workers of 10 for evacuation
[2023-11-10T11:28:05.812-0800][75289444ms] GC(20463)   Pre Evacuate Collection Set: 0.1ms
[2023-11-10T11:28:05.812-0800][75289444ms] GC(20463)   Evacuate Collection Set: 2.3ms
[2023-11-10T11:28:05.812-0800][75289444ms] GC(20463)   Post Evacuate Collection Set: 5.6ms
[2023-11-10T11:28:05.812-0800][75289444ms] GC(20463)   Other: 0.4ms
[2023-11-10T11:28:05.813-0800][75289445ms] GC(20463) Eden regions: 219->0(219)
[2023-11-10T11:28:05.813-0800][75289445ms] GC(20463) Survivor regions: 1->1(28)
[2023-11-10T11:28:05.813-0800][75289445ms] GC(20463) Old regions: 1393->1393
[2023-11-10T11:28:05.813-0800][75289445ms] GC(20463) Humongous regions: 5->5
[2023-11-10T11:28:05.813-0800][75289445ms] GC(20463) Metaspace: 304631K->304631K(1347584K)
[2023-11-10T11:28:05.813-0800][75289445ms] GC(20463) Pause Young (Normal) (G1 Evacuation Pause) 3233M->2794M(3602M) 8.414ms
[2023-11-10T11:28:05.813-0800][75289445ms] GC(20463) User=0.00s Sys=0.00s Real=0.01s
[2023-11-10T11:28:06.328-0800][75289960ms] GC(20464) Pause Young (Normal) (G1 Evacuation Pause)
[2023-11-10T11:28:06.328-0800][75289960ms] GC(20464) Using 10 workers of 10 for evacuation
[2023-11-10T11:28:06.334-0800][75289966ms] GC(20464)   Pre Evacuate Collection Set: 0.1ms
[2023-11-10T11:28:06.334-0800][75289966ms] GC(20464)   Evacuate Collection Set: 2.3ms
[2023-11-10T11:28:06.334-0800][75289966ms] GC(20464)   Post Evacuate Collection Set: 4.0ms
[2023-11-10T11:28:06.334-0800][75289966ms] GC(20464)   Other: 0.4ms
[2023-11-10T11:28:06.334-0800][75289966ms] GC(20464) Eden regions: 219->0(219)
[2023-11-10T11:28:06.334-0800][75289966ms] GC(20464) Survivor regions: 1->1(28)
[2023-11-10T11:28:06.334-0800][75289966ms] GC(20464) Old regions: 1393->1393
[2023-11-10T11:28:06.334-0800][75289966ms] GC(20464) Humongous regions: 5->5
[2023-11-10T11:28:06.334-0800][75289966ms] GC(20464) Metaspace: 304631K->304631K(1347584K)
[2023-11-10T11:28:06.334-0800][75289966ms] GC(20464) Pause Young (Normal) (G1 Evacuation Pause) 3232M->2794M(3602M) 6.922ms
[2023-11-10T11:28:06.335-0800][75289967ms] GC(20464) User=0.00s Sys=0.00s Real=0.01s
[2023-11-10T11:28:06.915-0800][75290547ms] GC(20465) Pause Young (Normal) (G1 Evacuation Pause)
[2023-11-10T11:28:06.915-0800][75290547ms] GC(20465) Using 10 workers of 10 for evacuation
[2023-11-10T11:28:06.922-0800][75290554ms] GC(20465)   Pre Evacuate Collection Set: 0.1ms
[2023-11-10T11:28:06.922-0800][75290554ms] GC(20465)   Evacuate Collection Set: 2.3ms
[2023-11-10T11:28:06.922-0800][75290554ms] GC(20465)   Post Evacuate Collection Set: 3.9ms
[2023-11-10T11:28:06.922-0800][75290554ms] GC(20465)   Other: 0.3ms
[2023-11-10T11:28:06.922-0800][75290554ms] GC(20465) Eden regions: 219->0(219)
[2023-11-10T11:28:06.922-0800][75290554ms] GC(20465) Survivor regions: 1->1(28)
[2023-11-10T11:28:06.922-0800][75290554ms] GC(20465) Old regions: 1393->1393
[2023-11-10T11:28:06.922-0800][75290554ms] GC(20465) Humongous regions: 5->5
[2023-11-10T11:28:06.922-0800][75290554ms] GC(20465) Metaspace: 304631K->304631K(1347584K)
[2023-11-10T11:28:06.922-0800][75290554ms] GC(20465) Pause Young (Normal) (G1 Evacuation Pause) 3232M->2794M(3602M) 6.646ms
[2023-11-10T11:28:06.922-0800][75290554ms] GC(20465) User=0.00s Sys=0.00s Real=0.01s
[2023-11-10T11:28:07.490-0800][75291122ms] GC(20466) Pause Young (Normal) (G1 Evacuation Pause)
[2023-11-10T11:28:07.490-0800][75291122ms] GC(20466) Using 10 workers of 10 for evacuation
[2023-11-10T11:28:07.497-0800][75291129ms] GC(20466)   Pre Evacuate Collection Set: 0.1ms
[2023-11-10T11:28:07.497-0800][75291129ms] GC(20466)   Evacuate Collection Set: 2.6ms
[2023-11-10T11:28:07.497-0800][75291129ms] GC(20466)   Post Evacuate Collection Set: 4.0ms
[2023-11-10T11:28:07.497-0800][75291129ms] GC(20466)   Other: 0.4ms
[2023-11-10T11:28:07.497-0800][75291129ms] GC(20466) Eden regions: 219->0(219)
[2023-11-10T11:28:07.497-0800][75291129ms] GC(20466) Survivor regions: 1->1(28)
[2023-11-10T11:28:07.497-0800][75291129ms] GC(20466) Old regions: 1393->1393
[2023-11-10T11:28:07.497-0800][75291129ms] GC(20466) Humongous regions: 5->5
[2023-11-10T11:28:07.497-0800][75291129ms] GC(20466) Metaspace: 304631K->304631K(1347584K)
[2023-11-10T11:28:07.497-0800][75291129ms] GC(20466) Pause Young (Normal) (G1 Evacuation Pause) 3232M->2794M(3602M) 7.147ms
[2023-11-10T11:28:07.497-0800][75291129ms] GC(20466) User=0.09s Sys=0.00s Real=0.01s
[2023-11-10T11:28:08.164-0800][75291796ms] GC(20467) Pause Young (Normal) (G1 Evacuation Pause)
[2023-11-10T11:28:08.164-0800][75291796ms] GC(20467) Using 10 workers of 10 for evacuation
[2023-11-10T11:28:08.174-0800][75291806ms] GC(20467)   Pre Evacuate Collection Set: 0.1ms
[2023-11-10T11:28:08.174-0800][75291806ms] GC(20467)   Evacuate Collection Set: 2.6ms
[2023-11-10T11:28:08.174-0800][75291806ms] GC(20467)   Post Evacuate Collection Set: 7.0ms
[2023-11-10T11:28:08.174-0800][75291806ms] GC(20467)   Other: 0.4ms
[2023-11-10T11:28:08.174-0800][75291806ms] GC(20467) Eden regions: 219->0(219)
[2023-11-10T11:28:08.174-0800][75291806ms] GC(20467) Survivor regions: 1->1(28)
[2023-11-10T11:28:08.174-0800][75291806ms] GC(20467) Old regions: 1393->1393
[2023-11-10T11:28:08.174-0800][75291806ms] GC(20467) Humongous regions: 5->5
[2023-11-10T11:28:08.174-0800][75291806ms] GC(20467) Metaspace: 304631K->304631K(1347584K)
[2023-11-10T11:28:08.174-0800][75291806ms] GC(20467) Pause Young (Normal) (G1 Evacuation Pause) 3232M->2795M(3602M) 10.265ms
[2023-11-10T11:28:08.174-0800][75291806ms] GC(20467) User=0.00s Sys=0.00s Real=0.01s
[2023-11-10T11:28:08.771-0800][75292403ms] GC(20468) Pause Young (Normal) (G1 Evacuation Pause)
[2023-11-10T11:28:08.771-0800][75292403ms] GC(20468) Using 10 workers of 10 for evacuation
[2023-11-10T11:28:08.778-0800][75292410ms] GC(20468)   Pre Evacuate Collection Set: 0.1ms
[2023-11-10T11:28:08.778-0800][75292410ms] GC(20468)   Evacuate Collection Set: 2.5ms
[2023-11-10T11:28:08.778-0800][75292410ms] GC(20468)   Post Evacuate Collection Set: 3.5ms
[2023-11-10T11:28:08.778-0800][75292410ms] GC(20468)   Other: 0.4ms
[2023-11-10T11:28:08.778-0800][75292410ms] GC(20468) Eden regions: 219->0(219)
[2023-11-10T11:28:08.778-0800][75292410ms] GC(20468) Survivor regions: 1->1(28)
[2023-11-10T11:28:08.778-0800][75292410ms] GC(20468) Old regions: 1393->1393
[2023-11-10T11:28:08.778-0800][75292410ms] GC(20468) Humongous regions: 5->5
[2023-11-10T11:28:08.778-0800][75292410ms] GC(20468) Metaspace: 304631K->304631K(1347584K)
[2023-11-10T11:28:08.778-0800][75292410ms] GC(20468) Pause Young (Normal) (G1 Evacuation Pause) 3233M->2795M(3602M) 6.529ms
[2023-11-10T11:28:08.778-0800][75292410ms] GC(20468) User=0.08s Sys=0.00s Real=0.01s
[2023-11-10T11:28:09.329-0800][75292961ms] GC(20469) Pause Young (Normal) (G1 Evacuation Pause)
[2023-11-10T11:28:09.329-0800][75292961ms] GC(20469) Using 10 workers of 10 for evacuation
[2023-11-10T11:28:09.336-0800][75292968ms] GC(20469)   Pre Evacuate Collection Set: 0.1ms
[2023-11-10T11:28:09.336-0800][75292968ms] GC(20469)   Evacuate Collection Set: 2.8ms
[2023-11-10T11:28:09.336-0800][75292968ms] GC(20469)   Post Evacuate Collection Set: 4.3ms
[2023-11-10T11:28:09.336-0800][75292968ms] GC(20469)   Other: 0.3ms
[2023-11-10T11:28:09.336-0800][75292968ms] GC(20469) Eden regions: 219->0(219)
[2023-11-10T11:28:09.336-0800][75292968ms] GC(20469) Survivor regions: 1->1(28)
[2023-11-10T11:28:09.336-0800][75292968ms] GC(20469) Old regions: 1393->1393
[2023-11-10T11:28:09.336-0800][75292968ms] GC(20469) Humongous regions: 5->5
[2023-11-10T11:28:09.336-0800][75292968ms] GC(20469) Metaspace: 304631K->304631K(1347584K)
[2023-11-10T11:28:09.336-0800][75292968ms] GC(20469) Pause Young (Normal) (G1 Evacuation Pause) 3233M->2795M(3602M) 7.710ms
[2023-11-10T11:28:09.336-0800][75292968ms] GC(20469) User=0.00s Sys=0.00s Real=0.01s
[2023-11-10T11:28:09.887-0800][75293519ms] GC(20470) Pause Young (Normal) (G1 Evacuation Pause)
[2023-11-10T11:28:09.887-0800][75293519ms] GC(20470) Using 10 workers of 10 for evacuation
[2023-11-10T11:28:09.893-0800][75293525ms] GC(20470)   Pre Evacuate Collection Set: 0.0ms
[2023-11-10T11:28:09.894-0800][75293526ms] GC(20470)   Evacuate Collection Set: 1.8ms
[2023-11-10T11:28:09.894-0800][75293526ms] GC(20470)   Post Evacuate Collection Set: 4.7ms
[2023-11-10T11:28:09.894-0800][75293526ms] GC(20470)   Other: 0.3ms
[2023-11-10T11:28:09.894-0800][75293526ms] GC(20470) Eden regions: 219->0(219)
[2023-11-10T11:28:09.894-0800][75293526ms] GC(20470) Survivor regions: 1->1(28)
[2023-11-10T11:28:09.894-0800][75293526ms] GC(20470) Old regions: 1393->1393
[2023-11-10T11:28:09.894-0800][75293526ms] GC(20470) Humongous regions: 5->5
[2023-11-10T11:28:09.894-0800][75293526ms] GC(20470) Metaspace: 304631K->304631K(1347584K)
[2023-11-10T11:28:09.894-0800][75293526ms] GC(20470) Pause Young (Normal) (G1 Evacuation Pause) 3233M->2795M(3602M) 6.940ms
[2023-11-10T11:28:09.894-0800][75293526ms] GC(20470) User=0.00s Sys=0.00s Real=0.01s
[2023-11-10T11:28:10.453-0800][75294085ms] GC(20471) Pause Young (Normal) (G1 Evacuation Pause)
[2023-11-10T11:28:10.453-0800][75294085ms] GC(20471) Using 10 workers of 10 for evacuation
[2023-11-10T11:28:10.458-0800][75294090ms] GC(20471)   Pre Evacuate Collection Set: 0.1ms
[2023-11-10T11:28:10.458-0800][75294090ms] GC(20471)   Evacuate Collection Set: 1.9ms
[2023-11-10T11:28:10.458-0800][75294090ms] GC(20471)   Post Evacuate Collection Set: 3.3ms
[2023-11-10T11:28:10.458-0800][75294090ms] GC(20471)   Other: 0.4ms
[2023-11-10T11:28:10.458-0800][75294090ms] GC(20471) Eden regions: 219->0(219)
[2023-11-10T11:28:10.458-0800][75294090ms] GC(20471) Survivor regions: 1->1(28)
[2023-11-10T11:28:10.458-0800][75294090ms] GC(20471) Old regions: 1393->1393
[2023-11-10T11:28:10.458-0800][75294090ms] GC(20471) Humongous regions: 5->5
[2023-11-10T11:28:10.458-0800][75294090ms] GC(20471) Metaspace: 304631K->304631K(1347584K)
[2023-11-10T11:28:10.458-0800][75294090ms] GC(20471) Pause Young (Normal) (G1 Evacuation Pause) 3233M->2795M(3602M) 5.683ms
[2023-11-10T11:28:10.458-0800][75294090ms] GC(20471) User=0.00s Sys=0.00s Real=0.00s
[2023-11-10T11:28:10.973-0800][75294605ms] GC(20472) Pause Young (Normal) (G1 Evacuation Pause)
[2023-11-10T11:28:10.973-0800][75294605ms] GC(20472) Using 10 workers of 10 for evacuation
[2023-11-10T11:28:10.977-0800][75294609ms] GC(20472)   Pre Evacuate Collection Set: 0.0ms
[2023-11-10T11:28:10.977-0800][75294609ms] GC(20472)   Evacuate Collection Set: 1.7ms
[2023-11-10T11:28:10.977-0800][75294609ms] GC(20472)   Post Evacuate Collection Set: 3.2ms
[2023-11-10T11:28:10.977-0800][75294609ms] GC(20472)   Other: 0.3ms
[2023-11-10T11:28:10.977-0800][75294609ms] GC(20472) Eden regions: 219->0(219)
[2023-11-10T11:28:10.977-0800][75294609ms] GC(20472) Survivor regions: 1->1(28)
[2023-11-10T11:28:10.977-0800][75294609ms] GC(20472) Old regions: 1393->1393
[2023-11-10T11:28:10.977-0800][75294609ms] GC(20472) Humongous regions: 5->5
[2023-11-10T11:28:10.977-0800][75294609ms] GC(20472) Metaspace: 304631K->304631K(1347584K)
[2023-11-10T11:28:10.977-0800][75294609ms] GC(20472) Pause Young (Normal) (G1 Evacuation Pause) 3233M->2795M(3602M) 5.346ms
[2023-11-10T11:28:10.977-0800][75294609ms] GC(20472) User=0.02s Sys=0.00s Real=0.00s
[2023-11-10T11:28:11.562-0800][75295194ms] GC(20473) Pause Young (Normal) (G1 Evacuation Pause)
[2023-11-10T11:28:11.563-0800][75295195ms] GC(20473) Using 10 workers of 10 for evacuation
[2023-11-10T11:28:11.567-0800][75295199ms] GC(20473)   Pre Evacuate Collection Set: 0.0ms
[2023-11-10T11:28:11.567-0800][75295199ms] GC(20473)   Evacuate Collection Set: 1.7ms
[2023-11-10T11:28:11.567-0800][75295199ms] GC(20473)   Post Evacuate Collection Set: 3.1ms
[2023-11-10T11:28:11.567-0800][75295199ms] GC(20473)   Other: 0.3ms
[2023-11-10T11:28:11.567-0800][75295199ms] GC(20473) Eden regions: 219->0(219)
[2023-11-10T11:28:11.567-0800][75295199ms] GC(20473) Survivor regions: 1->1(28)
[2023-11-10T11:28:11.567-0800][75295199ms] GC(20473) Old regions: 1393->1393
[2023-11-10T11:28:11.567-0800][75295199ms] GC(20473) Humongous regions: 5->5
[2023-11-10T11:28:11.567-0800][75295199ms] GC(20473) Metaspace: 304631K->304631K(1347584K)
[2023-11-10T11:28:11.567-0800][75295199ms] GC(20473) Pause Young (Normal) (G1 Evacuation Pause) 3233M->2795M(3602M) 5.303ms
[2023-11-10T11:28:11.567-0800][75295199ms] GC(20473) User=0.00s Sys=0.00s Real=0.00s
[2023-11-10T11:28:12.102-0800][75295734ms] GC(20474) Pause Young (Normal) (G1 Evacuation Pause)
[2023-11-10T11:28:12.102-0800][75295734ms] GC(20474) Using 10 workers of 10 for evacuation
[2023-11-10T11:28:12.110-0800][75295742ms] GC(20474)   Pre Evacuate Collection Set: 0.1ms
[2023-11-10T11:28:12.110-0800][75295742ms] GC(20474)   Evacuate Collection Set: 2.6ms
[2023-11-10T11:28:12.110-0800][75295742ms] GC(20474)   Post Evacuate Collection Set: 4.4ms
[2023-11-10T11:28:12.110-0800][75295742ms] GC(20474)   Other: 0.4ms
[2023-11-10T11:28:12.110-0800][75295742ms] GC(20474) Eden regions: 219->0(219)
[2023-11-10T11:28:12.110-0800][75295742ms] GC(20474) Survivor regions: 1->1(28)
[2023-11-10T11:28:12.110-0800][75295742ms] GC(20474) Old regions: 1393->1393
[2023-11-10T11:28:12.110-0800][75295742ms] GC(20474) Humongous regions: 5->5
[2023-11-10T11:28:12.110-0800][75295742ms] GC(20474) Metaspace: 304631K->304631K(1347584K)
[2023-11-10T11:28:12.110-0800][75295742ms] GC(20474) Pause Young (Normal) (G1 Evacuation Pause) 3233M->2795M(3602M) 7.517ms
[2023-11-10T11:28:12.110-0800][75295742ms] GC(20474) User=0.00s Sys=0.00s Real=0.01s
[2023-11-10T11:28:12.658-0800][75296290ms] GC(20475) Pause Young (Normal) (G1 Evacuation Pause)
[2023-11-10T11:28:12.658-0800][75296290ms] GC(20475) Using 10 workers of 10 for evacuation
[2023-11-10T11:28:12.663-0800][75296295ms] GC(20475)   Pre Evacuate Collection Set: 0.0ms
[2023-11-10T11:28:12.663-0800][75296295ms] GC(20475)   Evacuate Collection Set: 1.8ms
[2023-11-10T11:28:12.663-0800][75296295ms] GC(20475)   Post Evacuate Collection Set: 3.4ms
[2023-11-10T11:28:12.663-0800][75296295ms] GC(20475)   Other: 0.2ms
[2023-11-10T11:28:12.663-0800][75296295ms] GC(20475) Eden regions: 219->0(219)
[2023-11-10T11:28:12.663-0800][75296295ms] GC(20475) Survivor regions: 1->1(28)
[2023-11-10T11:28:12.663-0800][75296295ms] GC(20475) Old regions: 1393->1393
[2023-11-10T11:28:12.663-0800][75296295ms] GC(20475) Humongous regions: 5->5
[2023-11-10T11:28:12.663-0800][75296295ms] GC(20475) Metaspace: 304631K->304631K(1347584K)
[2023-11-10T11:28:12.663-0800][75296295ms] GC(20475) Pause Young (Normal) (G1 Evacuation Pause) 3233M->2795M(3602M) 5.529ms
[2023-11-10T11:28:12.664-0800][75296296ms] GC(20475) User=0.00s Sys=0.00s Real=0.01s
[2023-11-10T11:28:13.240-0800][75296872ms] GC(20476) Pause Young (Normal) (G1 Evacuation Pause)
[2023-11-10T11:28:13.240-0800][75296872ms] GC(20476) Using 10 workers of 10 for evacuation
[2023-11-10T11:28:13.246-0800][75296878ms] GC(20476)   Pre Evacuate Collection Set: 0.1ms
[2023-11-10T11:28:13.248-0800][75296880ms] GC(20476)   Evacuate Collection Set: 1.8ms
[2023-11-10T11:28:13.248-0800][75296880ms] GC(20476)   Post Evacuate Collection Set: 3.9ms
[2023-11-10T11:28:13.248-0800][75296880ms] GC(20476)   Other: 0.5ms
[2023-11-10T11:28:13.248-0800][75296880ms] GC(20476) Eden regions: 219->0(219)
[2023-11-10T11:28:13.248-0800][75296880ms] GC(20476) Survivor regions: 1->1(28)
[2023-11-10T11:28:13.248-0800][75296880ms] GC(20476) Old regions: 1393->1393
[2023-11-10T11:28:13.248-0800][75296880ms] GC(20476) Humongous regions: 5->5
[2023-11-10T11:28:13.248-0800][75296880ms] GC(20476) Metaspace: 304631K->304631K(1347584K)
[2023-11-10T11:28:13.248-0800][75296880ms] GC(20476) Pause Young (Normal) (G1 Evacuation Pause) 3233M->2795M(3602M) 6.350ms
[2023-11-10T11:28:13.248-0800][75296880ms] GC(20476) User=0.00s Sys=0.00s Real=0.01s
[2023-11-10T11:28:13.833-0800][75297465ms] GC(20477) Pause Young (Normal) (G1 Evacuation Pause)
[2023-11-10T11:28:13.833-0800][75297465ms] GC(20477) Using 10 workers of 10 for evacuation
[2023-11-10T11:28:13.839-0800][75297471ms] GC(20477)   Pre Evacuate Collection Set: 0.2ms
[2023-11-10T11:28:13.839-0800][75297471ms] GC(20477)   Evacuate Collection Set: 2.2ms
[2023-11-10T11:28:13.839-0800][75297471ms] GC(20477)   Post Evacuate Collection Set: 3.3ms
[2023-11-10T11:28:13.839-0800][75297471ms] GC(20477)   Other: 0.5ms
[2023-11-10T11:28:13.839-0800][75297471ms] GC(20477) Eden regions: 219->0(219)
[2023-11-10T11:28:13.839-0800][75297471ms] GC(20477) Survivor regions: 1->1(28)
[2023-11-10T11:28:13.839-0800][75297471ms] GC(20477) Old regions: 1393->1393
[2023-11-10T11:28:13.839-0800][75297471ms] GC(20477) Humongous regions: 5->5
[2023-11-10T11:28:13.839-0800][75297471ms] GC(20477) Metaspace: 304631K->304631K(1347584K)
[2023-11-10T11:28:13.839-0800][75297471ms] GC(20477) Pause Young (Normal) (G1 Evacuation Pause) 3233M->2795M(3602M) 6.311ms
[2023-11-10T11:28:13.839-0800][75297471ms] GC(20477) User=0.02s Sys=0.00s Real=0.01s
[2023-11-10T11:28:14.438-0800][75298070ms] GC(20478) Pause Young (Normal) (G1 Evacuation Pause)
[2023-11-10T11:28:14.440-0800][75298072ms] GC(20478) Using 10 workers of 10 for evacuation
[2023-11-10T11:28:14.447-0800][75298079ms] GC(20478)   Pre Evacuate Collection Set: 0.1ms
[2023-11-10T11:28:14.447-0800][75298079ms] GC(20478)   Evacuate Collection Set: 2.7ms
[2023-11-10T11:28:14.447-0800][75298079ms] GC(20478)   Post Evacuate Collection Set: 4.5ms
[2023-11-10T11:28:14.447-0800][75298079ms] GC(20478)   Other: 0.5ms
[2023-11-10T11:28:14.447-0800][75298079ms] GC(20478) Eden regions: 219->0(219)
[2023-11-10T11:28:14.447-0800][75298079ms] GC(20478) Survivor regions: 1->1(28)
[2023-11-10T11:28:14.447-0800][75298079ms] GC(20478) Old regions: 1393->1393
[2023-11-10T11:28:14.447-0800][75298079ms] GC(20478) Humongous regions: 5->5
[2023-11-10T11:28:14.447-0800][75298079ms] GC(20478) Metaspace: 304631K->304631K(1347584K)
[2023-11-10T11:28:14.447-0800][75298079ms] GC(20478) Pause Young (Normal) (G1 Evacuation Pause) 3233M->2795M(3602M) 7.885ms
[2023-11-10T11:28:14.447-0800][75298079ms] GC(20478) User=0.00s Sys=0.00s Real=0.01s
[2023-11-10T11:28:14.935-0800][75298567ms] GC(20479) Pause Young (Normal) (G1 Evacuation Pause)
[2023-11-10T11:28:14.935-0800][75298567ms] GC(20479) Using 10 workers of 10 for evacuation
[2023-11-10T11:28:14.940-0800][75298572ms] GC(20479)   Pre Evacuate Collection Set: 0.0ms
[2023-11-10T11:28:14.940-0800][75298572ms] GC(20479)   Evacuate Collection Set: 1.8ms
[2023-11-10T11:28:14.940-0800][75298572ms] GC(20479)   Post Evacuate Collection Set: 3.3ms
[2023-11-10T11:28:14.940-0800][75298572ms] GC(20479)   Other: 0.3ms
[2023-11-10T11:28:14.940-0800][75298572ms] GC(20479) Eden regions: 219->0(219)
[2023-11-10T11:28:14.940-0800][75298572ms] GC(20479) Survivor regions: 1->1(28)
[2023-11-10T11:28:14.940-0800][75298572ms] GC(20479) Old regions: 1393->1393
[2023-11-10T11:28:14.940-0800][75298572ms] GC(20479) Humongous regions: 5->5
[2023-11-10T11:28:14.940-0800][75298572ms] GC(20479) Metaspace: 304631K->304631K(1347584K)
[2023-11-10T11:28:14.940-0800][75298572ms] GC(20479) Pause Young (Normal) (G1 Evacuation Pause) 3233M->2795M(3602M) 5.595ms
[2023-11-10T11:28:14.940-0800][75298572ms] GC(20479) User=0.00s Sys=0.00s Real=0.01s
[2023-11-10T11:28:15.489-0800][75299121ms] GC(20480) Pause Young (Normal) (G1 Evacuation Pause)
[2023-11-10T11:28:15.489-0800][75299121ms] GC(20480) Using 10 workers of 10 for evacuation
[2023-11-10T11:28:15.494-0800][75299126ms] GC(20480)   Pre Evacuate Collection Set: 0.0ms
[2023-11-10T11:28:15.494-0800][75299126ms] GC(20480)   Evacuate Collection Set: 1.7ms
[2023-11-10T11:28:15.494-0800][75299126ms] GC(20480)   Post Evacuate Collection Set: 3.1ms
[2023-11-10T11:28:15.494-0800][75299126ms] GC(20480)   Other: 0.3ms
[2023-11-10T11:28:15.494-0800][75299126ms] GC(20480) Eden regions: 219->0(219)
[2023-11-10T11:28:15.494-0800][75299126ms] GC(20480) Survivor regions: 1->1(28)
[2023-11-10T11:28:15.494-0800][75299126ms] GC(20480) Old regions: 1393->1393
[2023-11-10T11:28:15.494-0800][75299126ms] GC(20480) Humongous regions: 5->5
[2023-11-10T11:28:15.494-0800][75299126ms] GC(20480) Metaspace: 304631K->304631K(1347584K)
[2023-11-10T11:28:15.494-0800][75299126ms] GC(20480) Pause Young (Normal) (G1 Evacuation Pause) 3233M->2795M(3602M) 5.222ms
[2023-11-10T11:28:15.494-0800][75299126ms] GC(20480) User=0.00s Sys=0.00s Real=0.00s
[2023-11-10T11:28:16.045-0800][75299677ms] GC(20481) Pause Young (Normal) (G1 Evacuation Pause)
[2023-11-10T11:28:16.045-0800][75299677ms] GC(20481) Using 10 workers of 10 for evacuation
[2023-11-10T11:28:16.051-0800][75299683ms] GC(20481)   Pre Evacuate Collection Set: 0.1ms
[2023-11-10T11:28:16.051-0800][75299683ms] GC(20481)   Evacuate Collection Set: 1.9ms
[2023-11-10T11:28:16.051-0800][75299683ms] GC(20481)   Post Evacuate Collection Set: 3.4ms
[2023-11-10T11:28:16.051-0800][75299683ms] GC(20481)   Other: 0.3ms
[2023-11-10T11:28:16.051-0800][75299683ms] GC(20481) Eden regions: 219->0(219)
[2023-11-10T11:28:16.051-0800][75299683ms] GC(20481) Survivor regions: 1->1(28)
[2023-11-10T11:28:16.051-0800][75299683ms] GC(20481) Old regions: 1393->1393
[2023-11-10T11:28:16.051-0800][75299683ms] GC(20481) Humongous regions: 5->5
[2023-11-10T11:28:16.051-0800][75299683ms] GC(20481) Metaspace: 304631K->304631K(1347584K)
[2023-11-10T11:28:16.051-0800][75299683ms] GC(20481) Pause Young (Normal) (G1 Evacuation Pause) 3233M->2795M(3602M) 5.777ms
[2023-11-10T11:28:16.051-0800][75299683ms] GC(20481) User=0.00s Sys=0.00s Real=0.01s
[2023-11-10T11:28:16.584-0800][75300216ms] GC(20482) Pause Young (Normal) (G1 Evacuation Pause)
[2023-11-10T11:28:16.584-0800][75300216ms] GC(20482) Using 10 workers of 10 for evacuation
[2023-11-10T11:28:16.591-0800][75300223ms] GC(20482)   Pre Evacuate Collection Set: 0.1ms
[2023-11-10T11:28:16.591-0800][75300223ms] GC(20482)   Evacuate Collection Set: 2.3ms
[2023-11-10T11:28:16.591-0800][75300223ms] GC(20482)   Post Evacuate Collection Set: 4.1ms
[2023-11-10T11:28:16.591-0800][75300223ms] GC(20482)   Other: 0.3ms
[2023-11-10T11:28:16.591-0800][75300223ms] GC(20482) Eden regions: 219->0(219)
[2023-11-10T11:28:16.591-0800][75300223ms] GC(20482) Survivor regions: 1->1(28)
[2023-11-10T11:28:16.591-0800][75300223ms] GC(20482) Old regions: 1393->1393
[2023-11-10T11:28:16.591-0800][75300223ms] GC(20482) Humongous regions: 5->5
[2023-11-10T11:28:16.591-0800][75300223ms] GC(20482) Metaspace: 304631K->304631K(1347584K)
[2023-11-10T11:28:16.591-0800][75300223ms] GC(20482) Pause Young (Normal) (G1 Evacuation Pause) 3233M->2795M(3602M) 6.936ms
[2023-11-10T11:28:16.591-0800][75300223ms] GC(20482) User=0.02s Sys=0.02s Real=0.01s
[2023-11-10T11:28:17.154-0800][75300786ms] GC(20483) Pause Young (Normal) (G1 Evacuation Pause)
[2023-11-10T11:28:17.154-0800][75300786ms] GC(20483) Using 10 workers of 10 for evacuation
[2023-11-10T11:28:17.161-0800][75300793ms] GC(20483)   Pre Evacuate Collection Set: 0.1ms
[2023-11-10T11:28:17.161-0800][75300793ms] GC(20483)   Evacuate Collection Set: 2.3ms
[2023-11-10T11:28:17.161-0800][75300793ms] GC(20483)   Post Evacuate Collection Set: 4.2ms
[2023-11-10T11:28:17.161-0800][75300793ms] GC(20483)   Other: 0.4ms
[2023-11-10T11:28:17.161-0800][75300793ms] GC(20483) Eden regions: 219->0(219)
[2023-11-10T11:28:17.161-0800][75300793ms] GC(20483) Survivor regions: 1->1(28)
[2023-11-10T11:28:17.161-0800][75300793ms] GC(20483) Old regions: 1393->1393
[2023-11-10T11:28:17.161-0800][75300793ms] GC(20483) Humongous regions: 5->5
[2023-11-10T11:28:17.161-0800][75300793ms] GC(20483) Metaspace: 304631K->304631K(1347584K)
[2023-11-10T11:28:17.161-0800][75300793ms] GC(20483) Pause Young (Normal) (G1 Evacuation Pause) 3233M->2795M(3602M) 7.092ms
[2023-11-10T11:28:17.161-0800][75300793ms] GC(20483) User=0.00s Sys=0.00s Real=0.01s
[2023-11-10T11:28:17.677-0800][75301309ms] GC(20484) Pause Young (Normal) (G1 Evacuation Pause)
[2023-11-10T11:28:17.677-0800][75301309ms] GC(20484) Using 10 workers of 10 for evacuation
[2023-11-10T11:28:17.684-0800][75301316ms] GC(20484)   Pre Evacuate Collection Set: 0.1ms
[2023-11-10T11:28:17.684-0800][75301316ms] GC(20484)   Evacuate Collection Set: 2.6ms
[2023-11-10T11:28:17.684-0800][75301316ms] GC(20484)   Post Evacuate Collection Set: 4.4ms
[2023-11-10T11:28:17.684-0800][75301316ms] GC(20484)   Other: 0.4ms
[2023-11-10T11:28:17.684-0800][75301316ms] GC(20484) Eden regions: 219->0(219)
[2023-11-10T11:28:17.684-0800][75301316ms] GC(20484) Survivor regions: 1->1(28)
[2023-11-10T11:28:17.684-0800][75301316ms] GC(20484) Old regions: 1393->1393
[2023-11-10T11:28:17.684-0800][75301316ms] GC(20484) Humongous regions: 5->5
[2023-11-10T11:28:17.684-0800][75301316ms] GC(20484) Metaspace: 304631K->304631K(1347584K)
[2023-11-10T11:28:17.684-0800][75301316ms] GC(20484) Pause Young (Normal) (G1 Evacuation Pause) 3233M->2795M(3602M) 7.594ms
[2023-11-10T11:28:17.684-0800][75301316ms] GC(20484) User=0.02s Sys=0.00s Real=0.01s
[2023-11-10T11:28:18.203-0800][75301835ms] GC(20485) Pause Young (Normal) (G1 Evacuation Pause)
[2023-11-10T11:28:18.203-0800][75301835ms] GC(20485) Using 10 workers of 10 for evacuation
[2023-11-10T11:28:18.209-0800][75301841ms] GC(20485)   Pre Evacuate Collection Set: 0.0ms
[2023-11-10T11:28:18.209-0800][75301841ms] GC(20485)   Evacuate Collection Set: 1.9ms
[2023-11-10T11:28:18.209-0800][75301841ms] GC(20485)   Post Evacuate Collection Set: 3.4ms
[2023-11-10T11:28:18.209-0800][75301841ms] GC(20485)   Other: 0.3ms
[2023-11-10T11:28:18.209-0800][75301841ms] GC(20485) Eden regions: 219->0(219)
[2023-11-10T11:28:18.209-0800][75301841ms] GC(20485) Survivor regions: 1->1(28)
[2023-11-10T11:28:18.209-0800][75301841ms] GC(20485) Old regions: 1393->1393
[2023-11-10T11:28:18.209-0800][75301841ms] GC(20485) Humongous regions: 5->5
[2023-11-10T11:28:18.209-0800][75301841ms] GC(20485) Metaspace: 304631K->304631K(1347584K)
[2023-11-10T11:28:18.209-0800][75301841ms] GC(20485) Pause Young (Normal) (G1 Evacuation Pause) 3233M->2795M(3602M) 5.708ms
[2023-11-10T11:28:18.209-0800][75301841ms] GC(20485) User=0.00s Sys=0.00s Real=0.01s
[2023-11-10T11:28:18.798-0800][75302430ms] GC(20486) Pause Young (Normal) (G1 Evacuation Pause)
[2023-11-10T11:28:18.798-0800][75302430ms] GC(20486) Using 10 workers of 10 for evacuation
[2023-11-10T11:28:18.820-0800][75302452ms] GC(20486)   Pre Evacuate Collection Set: 0.1ms
[2023-11-10T11:28:18.820-0800][75302452ms] GC(20486)   Evacuate Collection Set: 2.9ms
[2023-11-10T11:28:18.820-0800][75302452ms] GC(20486)   Post Evacuate Collection Set: 19.5ms
[2023-11-10T11:28:18.820-0800][75302452ms] GC(20486)   Other: 0.5ms
[2023-11-10T11:28:18.820-0800][75302452ms] GC(20486) Eden regions: 219->0(219)
[2023-11-10T11:28:18.820-0800][75302452ms] GC(20486) Survivor regions: 1->1(28)
[2023-11-10T11:28:18.820-0800][75302452ms] GC(20486) Old regions: 1393->1393
[2023-11-10T11:28:18.820-0800][75302452ms] GC(20486) Humongous regions: 5->5
[2023-11-10T11:28:18.820-0800][75302452ms] GC(20486) Metaspace: 304631K->304631K(1347584K)
[2023-11-10T11:28:18.821-0800][75302453ms] GC(20486) Pause Young (Normal) (G1 Evacuation Pause) 3233M->2795M(3602M) 23.115ms
[2023-11-10T11:28:18.821-0800][75302453ms] GC(20486) User=0.00s Sys=0.00s Real=0.02s
[2023-11-10T11:28:19.400-0800][75303032ms] GC(20487) Pause Young (Normal) (G1 Evacuation Pause)
[2023-11-10T11:28:19.400-0800][75303032ms] GC(20487) Using 10 workers of 10 for evacuation
[2023-11-10T11:28:19.406-0800][75303038ms] GC(20487)   Pre Evacuate Collection Set: 0.1ms
[2023-11-10T11:28:19.406-0800][75303038ms] GC(20487)   Evacuate Collection Set: 2.1ms
[2023-11-10T11:28:19.406-0800][75303038ms] GC(20487)   Post Evacuate Collection Set: 3.2ms
[2023-11-10T11:28:19.406-0800][75303038ms] GC(20487)   Other: 0.4ms
[2023-11-10T11:28:19.406-0800][75303038ms] GC(20487) Eden regions: 219->0(219)
[2023-11-10T11:28:19.406-0800][75303038ms] GC(20487) Survivor regions: 1->1(28)
[2023-11-10T11:28:19.406-0800][75303038ms] GC(20487) Old regions: 1393->1393
[2023-11-10T11:28:19.406-0800][75303038ms] GC(20487) Humongous regions: 5->5
[2023-11-10T11:28:19.406-0800][75303038ms] GC(20487) Metaspace: 304631K->304631K(1347584K)
[2023-11-10T11:28:19.406-0800][75303038ms] GC(20487) Pause Young (Normal) (G1 Evacuation Pause) 3233M->2795M(3602M) 5.714ms
[2023-11-10T11:28:19.406-0800][75303038ms] GC(20487) User=0.00s Sys=0.00s Real=0.01s
[2023-11-10T11:28:19.974-0800][75303606ms] GC(20488) Pause Young (Normal) (G1 Evacuation Pause)
[2023-11-10T11:28:19.975-0800][75303607ms] GC(20488) Using 10 workers of 10 for evacuation
[2023-11-10T11:28:19.982-0800][75303614ms] GC(20488)   Pre Evacuate Collection Set: 0.1ms
[2023-11-10T11:28:19.982-0800][75303614ms] GC(20488)   Evacuate Collection Set: 2.1ms
[2023-11-10T11:28:19.982-0800][75303614ms] GC(20488)   Post Evacuate Collection Set: 5.1ms
[2023-11-10T11:28:19.982-0800][75303614ms] GC(20488)   Other: 0.3ms
[2023-11-10T11:28:19.982-0800][75303614ms] GC(20488) Eden regions: 219->0(219)
[2023-11-10T11:28:19.982-0800][75303614ms] GC(20488) Survivor regions: 1->1(28)
[2023-11-10T11:28:19.982-0800][75303614ms] GC(20488) Old regions: 1393->1393
[2023-11-10T11:28:19.982-0800][75303614ms] GC(20488) Humongous regions: 5->5
[2023-11-10T11:28:19.982-0800][75303614ms] GC(20488) Metaspace: 304631K->304631K(1347584K)
[2023-11-10T11:28:19.982-0800][75303614ms] GC(20488) Pause Young (Normal) (G1 Evacuation Pause) 3233M->2795M(3602M) 7.681ms
[2023-11-10T11:28:19.982-0800][75303614ms] GC(20488) User=0.00s Sys=0.00s Real=0.01s
[2023-11-10T11:28:20.571-0800][75304203ms] GC(20489) Pause Young (Normal) (G1 Evacuation Pause)
[2023-11-10T11:28:20.571-0800][75304203ms] GC(20489) Using 10 workers of 10 for evacuation
[2023-11-10T11:28:20.576-0800][75304208ms] GC(20489)   Pre Evacuate Collection Set: 0.0ms
[2023-11-10T11:28:20.577-0800][75304209ms] GC(20489)   Evacuate Collection Set: 1.7ms
[2023-11-10T11:28:20.577-0800][75304209ms] GC(20489)   Post Evacuate Collection Set: 3.5ms
[2023-11-10T11:28:20.577-0800][75304209ms] GC(20489)   Other: 0.3ms
[2023-11-10T11:28:20.577-0800][75304209ms] GC(20489) Eden regions: 219->0(220)
[2023-11-10T11:28:20.577-0800][75304209ms] GC(20489) Survivor regions: 1->1(28)
[2023-11-10T11:28:20.577-0800][75304209ms] GC(20489) Old regions: 1393->1393
[2023-11-10T11:28:20.577-0800][75304209ms] GC(20489) Humongous regions: 5->5
[2023-11-10T11:28:20.577-0800][75304209ms] GC(20489) Metaspace: 304631K->304631K(1347584K)
[2023-11-10T11:28:20.577-0800][75304209ms] GC(20489) Pause Young (Normal) (G1 Evacuation Pause) 3233M->2795M(3602M) 5.706ms
[2023-11-10T11:28:20.577-0800][75304209ms] GC(20489) User=0.00s Sys=0.00s Real=0.01s
[2023-11-10T11:28:21.086-0800][75304718ms] GC(20490) Pause Young (Normal) (G1 Evacuation Pause)
[2023-11-10T11:28:21.086-0800][75304718ms] GC(20490) Using 10 workers of 10 for evacuation
[2023-11-10T11:28:21.091-0800][75304723ms] GC(20490)   Pre Evacuate Collection Set: 0.0ms
[2023-11-10T11:28:21.091-0800][75304723ms] GC(20490)   Evacuate Collection Set: 1.8ms
[2023-11-10T11:28:21.091-0800][75304723ms] GC(20490)   Post Evacuate Collection Set: 3.4ms
[2023-11-10T11:28:21.091-0800][75304723ms] GC(20490)   Other: 0.3ms
[2023-11-10T11:28:21.091-0800][75304723ms] GC(20490) Eden regions: 220->0(220)
[2023-11-10T11:28:21.091-0800][75304723ms] GC(20490) Survivor regions: 1->1(28)
[2023-11-10T11:28:21.091-0800][75304723ms] GC(20490) Old regions: 1393->1393
[2023-11-10T11:28:21.091-0800][75304723ms] GC(20490) Humongous regions: 5->5
[2023-11-10T11:28:21.091-0800][75304723ms] GC(20490) Metaspace: 304631K->304631K(1347584K)
[2023-11-10T11:28:21.091-0800][75304723ms] GC(20490) Pause Young (Normal) (G1 Evacuation Pause) 3235M->2795M(3602M) 5.645ms
[2023-11-10T11:28:21.092-0800][75304724ms] GC(20490) User=0.00s Sys=0.00s Real=0.01s
[2023-11-10T11:28:21.615-0800][75305247ms] GC(20491) Pause Young (Normal) (G1 Evacuation Pause)
[2023-11-10T11:28:21.615-0800][75305247ms] GC(20491) Using 10 workers of 10 for evacuation
[2023-11-10T11:28:21.621-0800][75305253ms] GC(20491)   Pre Evacuate Collection Set: 0.1ms
[2023-11-10T11:28:21.621-0800][75305253ms] GC(20491)   Evacuate Collection Set: 1.9ms
[2023-11-10T11:28:21.621-0800][75305253ms] GC(20491)   Post Evacuate Collection Set: 3.2ms
[2023-11-10T11:28:21.621-0800][75305253ms] GC(20491)   Other: 0.3ms
[2023-11-10T11:28:21.621-0800][75305253ms] GC(20491) Eden regions: 220->0(220)
[2023-11-10T11:28:21.621-0800][75305253ms] GC(20491) Survivor regions: 1->1(28)
[2023-11-10T11:28:21.621-0800][75305253ms] GC(20491) Old regions: 1393->1393
[2023-11-10T11:28:21.621-0800][75305253ms] GC(20491) Humongous regions: 5->5
[2023-11-10T11:28:21.621-0800][75305253ms] GC(20491) Metaspace: 304631K->304631K(1347584K)
[2023-11-10T11:28:21.621-0800][75305253ms] GC(20491) Pause Young (Normal) (G1 Evacuation Pause) 3235M->2795M(3602M) 5.569ms
[2023-11-10T11:28:21.621-0800][75305253ms] GC(20491) User=0.03s Sys=0.00s Real=0.01s
[2023-11-10T11:28:22.140-0800][75305772ms] GC(20492) Pause Young (Normal) (G1 Evacuation Pause)
[2023-11-10T11:28:22.140-0800][75305772ms] GC(20492) Using 10 workers of 10 for evacuation
[2023-11-10T11:28:22.146-0800][75305778ms] GC(20492)   Pre Evacuate Collection Set: 0.0ms
[2023-11-10T11:28:22.146-0800][75305778ms] GC(20492)   Evacuate Collection Set: 1.7ms
[2023-11-10T11:28:22.146-0800][75305778ms] GC(20492)   Post Evacuate Collection Set: 3.2ms
[2023-11-10T11:28:22.146-0800][75305778ms] GC(20492)   Other: 0.3ms
[2023-11-10T11:28:22.146-0800][75305778ms] GC(20492) Eden regions: 220->0(220)
[2023-11-10T11:28:22.146-0800][75305778ms] GC(20492) Survivor regions: 1->1(28)
[2023-11-10T11:28:22.146-0800][75305778ms] GC(20492) Old regions: 1393->1393
[2023-11-10T11:28:22.146-0800][75305778ms] GC(20492) Humongous regions: 5->5
[2023-11-10T11:28:22.146-0800][75305778ms] GC(20492) Metaspace: 304631K->304631K(1347584K)
[2023-11-10T11:28:22.146-0800][75305778ms] GC(20492) Pause Young (Normal) (G1 Evacuation Pause) 3235M->2795M(3602M) 5.320ms
[2023-11-10T11:28:22.146-0800][75305778ms] GC(20492) User=0.00s Sys=0.00s Real=0.01s
[2023-11-10T11:28:22.669-0800][75306301ms] GC(20493) Pause Young (Normal) (G1 Evacuation Pause)
[2023-11-10T11:28:22.669-0800][75306301ms] GC(20493) Using 10 workers of 10 for evacuation
[2023-11-10T11:28:22.674-0800][75306306ms] GC(20493)   Pre Evacuate Collection Set: 0.0ms
[2023-11-10T11:28:22.674-0800][75306306ms] GC(20493)   Evacuate Collection Set: 1.7ms
[2023-11-10T11:28:22.674-0800][75306306ms] GC(20493)   Post Evacuate Collection Set: 3.2ms
[2023-11-10T11:28:22.674-0800][75306306ms] GC(20493)   Other: 0.3ms
[2023-11-10T11:28:22.674-0800][75306306ms] GC(20493) Eden regions: 220->0(220)
[2023-11-10T11:28:22.674-0800][75306306ms] GC(20493) Survivor regions: 1->1(28)
[2023-11-10T11:28:22.674-0800][75306306ms] GC(20493) Old regions: 1393->1393
[2023-11-10T11:28:22.674-0800][75306306ms] GC(20493) Humongous regions: 5->5
[2023-11-10T11:28:22.674-0800][75306306ms] GC(20493) Metaspace: 304631K->304631K(1347584K)
[2023-11-10T11:28:22.674-0800][75306306ms] GC(20493) Pause Young (Normal) (G1 Evacuation Pause) 3235M->2795M(3602M) 5.346ms
[2023-11-10T11:28:22.674-0800][75306306ms] GC(20493) User=0.00s Sys=0.00s Real=0.01s
[2023-11-10T11:28:23.203-0800][75306835ms] GC(20494) Pause Young (Normal) (G1 Evacuation Pause)
[2023-11-10T11:28:23.203-0800][75306835ms] GC(20494) Using 10 workers of 10 for evacuation
[2023-11-10T11:28:23.209-0800][75306841ms] GC(20494)   Pre Evacuate Collection Set: 0.0ms
[2023-11-10T11:28:23.209-0800][75306841ms] GC(20494)   Evacuate Collection Set: 1.8ms
[2023-11-10T11:28:23.209-0800][75306841ms] GC(20494)   Post Evacuate Collection Set: 3.3ms
[2023-11-10T11:28:23.209-0800][75306841ms] GC(20494)   Other: 0.3ms
[2023-11-10T11:28:23.209-0800][75306841ms] GC(20494) Eden regions: 220->0(220)
[2023-11-10T11:28:23.209-0800][75306841ms] GC(20494) Survivor regions: 1->1(28)
[2023-11-10T11:28:23.209-0800][75306841ms] GC(20494) Old regions: 1393->1393
[2023-11-10T11:28:23.209-0800][75306841ms] GC(20494) Humongous regions: 5->5
[2023-11-10T11:28:23.209-0800][75306841ms] GC(20494) Metaspace: 304631K->304631K(1347584K)
[2023-11-10T11:28:23.209-0800][75306841ms] GC(20494) Pause Young (Normal) (G1 Evacuation Pause) 3235M->2795M(3602M) 5.432ms
[2023-11-10T11:28:23.209-0800][75306841ms] GC(20494) User=0.00s Sys=0.00s Real=0.01s
[2023-11-10T11:28:23.742-0800][75307374ms] GC(20495) Pause Young (Normal) (G1 Evacuation Pause)
[2023-11-10T11:28:23.742-0800][75307374ms] GC(20495) Using 10 workers of 10 for evacuation
[2023-11-10T11:28:23.747-0800][75307379ms] GC(20495)   Pre Evacuate Collection Set: 0.0ms
[2023-11-10T11:28:23.747-0800][75307379ms] GC(20495)   Evacuate Collection Set: 1.7ms
[2023-11-10T11:28:23.747-0800][75307379ms] GC(20495)   Post Evacuate Collection Set: 3.3ms
[2023-11-10T11:28:23.747-0800][75307379ms] GC(20495)   Other: 0.3ms
[2023-11-10T11:28:23.747-0800][75307379ms] GC(20495) Eden regions: 220->0(220)
[2023-11-10T11:28:23.747-0800][75307379ms] GC(20495) Survivor regions: 1->1(28)
[2023-11-10T11:28:23.747-0800][75307379ms] GC(20495) Old regions: 1393->1393
[2023-11-10T11:28:23.747-0800][75307379ms] GC(20495) Humongous regions: 5->5
[2023-11-10T11:28:23.747-0800][75307379ms] GC(20495) Metaspace: 304631K->304631K(1347584K)
[2023-11-10T11:28:23.747-0800][75307379ms] GC(20495) Pause Young (Normal) (G1 Evacuation Pause) 3235M->2796M(3602M) 5.413ms
[2023-11-10T11:28:23.747-0800][75307379ms] GC(20495) User=0.00s Sys=0.00s Real=0.00s
[2023-11-10T11:28:24.272-0800][75307904ms] GC(20496) Pause Young (Normal) (G1 Evacuation Pause)
[2023-11-10T11:28:24.272-0800][75307904ms] GC(20496) Using 10 workers of 10 for evacuation
[2023-11-10T11:28:24.277-0800][75307909ms] GC(20496)   Pre Evacuate Collection Set: 0.0ms
[2023-11-10T11:28:24.277-0800][75307909ms] GC(20496)   Evacuate Collection Set: 1.7ms
[2023-11-10T11:28:24.277-0800][75307909ms] GC(20496)   Post Evacuate Collection Set: 3.2ms
[2023-11-10T11:28:24.277-0800][75307909ms] GC(20496)   Other: 0.3ms
[2023-11-10T11:28:24.277-0800][75307909ms] GC(20496) Eden regions: 220->0(220)
[2023-11-10T11:28:24.277-0800][75307909ms] GC(20496) Survivor regions: 1->1(28)
[2023-11-10T11:28:24.277-0800][75307909ms] GC(20496) Old regions: 1393->1393
[2023-11-10T11:28:24.277-0800][75307909ms] GC(20496) Humongous regions: 5->5
[2023-11-10T11:28:24.277-0800][75307909ms] GC(20496) Metaspace: 304631K->304631K(1347584K)
[2023-11-10T11:28:24.277-0800][75307909ms] GC(20496) Pause Young (Normal) (G1 Evacuation Pause) 3236M->2795M(3602M) 5.342ms
[2023-11-10T11:28:24.277-0800][75307909ms] GC(20496) User=0.00s Sys=0.00s Real=0.00s
[2023-11-10T11:28:24.779-0800][75308411ms] GC(20497) Pause Young (Normal) (G1 Evacuation Pause)
[2023-11-10T11:28:24.779-0800][75308411ms] GC(20497) Using 10 workers of 10 for evacuation
[2023-11-10T11:28:24.784-0800][75308416ms] GC(20497)   Pre Evacuate Collection Set: 0.0ms
[2023-11-10T11:28:24.784-0800][75308416ms] GC(20497)   Evacuate Collection Set: 1.7ms
[2023-11-10T11:28:24.784-0800][75308416ms] GC(20497)   Post Evacuate Collection Set: 3.2ms
[2023-11-10T11:28:24.784-0800][75308416ms] GC(20497)   Other: 0.3ms
[2023-11-10T11:28:24.784-0800][75308416ms] GC(20497) Eden regions: 220->0(220)
[2023-11-10T11:28:24.784-0800][75308416ms] GC(20497) Survivor regions: 1->1(28)
[2023-11-10T11:28:24.784-0800][75308416ms] GC(20497) Old regions: 1393->1393
[2023-11-10T11:28:24.784-0800][75308416ms] GC(20497) Humongous regions: 5->5
[2023-11-10T11:28:24.784-0800][75308416ms] GC(20497) Metaspace: 304631K->304631K(1347584K)
[2023-11-10T11:28:24.784-0800][75308416ms] GC(20497) Pause Young (Normal) (G1 Evacuation Pause) 3235M->2795M(3602M) 5.325ms
[2023-11-10T11:28:24.784-0800][75308416ms] GC(20497) User=0.00s Sys=0.00s Real=0.00s
[2023-11-10T11:28:25.248-0800][75308880ms] GC(20498) Pause Young (Normal) (GCLocker Initiated GC)
[2023-11-10T11:28:25.248-0800][75308880ms] GC(20498) Using 10 workers of 10 for evacuation
[2023-11-10T11:28:25.252-0800][75308884ms] GC(20498)   Pre Evacuate Collection Set: 0.0ms
[2023-11-10T11:28:25.252-0800][75308884ms] GC(20498)   Evacuate Collection Set: 1.8ms
[2023-11-10T11:28:25.252-0800][75308884ms] GC(20498)   Post Evacuate Collection Set: 3.2ms
[2023-11-10T11:28:25.252-0800][75308884ms] GC(20498)   Other: 0.3ms
[2023-11-10T11:28:25.252-0800][75308884ms] GC(20498) Eden regions: 221->0(220)
[2023-11-10T11:28:25.252-0800][75308884ms] GC(20498) Survivor regions: 1->1(28)
[2023-11-10T11:28:25.252-0800][75308884ms] GC(20498) Old regions: 1393->1393
[2023-11-10T11:28:25.252-0800][75308884ms] GC(20498) Humongous regions: 5->5
[2023-11-10T11:28:25.252-0800][75308884ms] GC(20498) Metaspace: 304631K->304631K(1347584K)
[2023-11-10T11:28:25.253-0800][75308885ms] GC(20498) Pause Young (Normal) (GCLocker Initiated GC) 3236M->2795M(3602M) 5.490ms
[2023-11-10T11:28:25.253-0800][75308885ms] GC(20498) User=0.00s Sys=0.00s Real=0.01s
[2023-11-10T11:28:25.858-0800][75309490ms] GC(20499) Pause Young (Normal) (GCLocker Initiated GC)
[2023-11-10T11:28:25.858-0800][75309490ms] GC(20499) Using 10 workers of 10 for evacuation
[2023-11-10T11:28:25.867-0800][75309499ms] GC(20499)   Pre Evacuate Collection Set: 0.1ms
[2023-11-10T11:28:25.867-0800][75309499ms] GC(20499)   Evacuate Collection Set: 2.3ms
[2023-11-10T11:28:25.867-0800][75309499ms] GC(20499)   Post Evacuate Collection Set: 6.0ms
[2023-11-10T11:28:25.867-0800][75309499ms] GC(20499)   Other: 0.3ms
[2023-11-10T11:28:25.867-0800][75309499ms] GC(20499) Eden regions: 221->0(220)
[2023-11-10T11:28:25.867-0800][75309499ms] GC(20499) Survivor regions: 1->1(28)
[2023-11-10T11:28:25.867-0800][75309499ms] GC(20499) Old regions: 1393->1393
[2023-11-10T11:28:25.867-0800][75309499ms] GC(20499) Humongous regions: 5->5
[2023-11-10T11:28:25.867-0800][75309499ms] GC(20499) Metaspace: 304631K->304631K(1347584K)
[2023-11-10T11:28:25.867-0800][75309499ms] GC(20499) Pause Young (Normal) (GCLocker Initiated GC) 3235M->2795M(3602M) 8.925ms
[2023-11-10T11:28:25.867-0800][75309499ms] GC(20499) User=0.00s Sys=0.00s Real=0.01s
[2023-11-10T11:28:26.498-0800][75310130ms] GC(20500) Pause Young (Normal) (G1 Evacuation Pause)
[2023-11-10T11:28:26.498-0800][75310130ms] GC(20500) Using 10 workers of 10 for evacuation
[2023-11-10T11:28:26.505-0800][75310137ms] GC(20500)   Pre Evacuate Collection Set: 0.0ms
[2023-11-10T11:28:26.505-0800][75310137ms] GC(20500)   Evacuate Collection Set: 1.9ms
[2023-11-10T11:28:26.505-0800][75310137ms] GC(20500)   Post Evacuate Collection Set: 4.4ms
[2023-11-10T11:28:26.505-0800][75310137ms] GC(20500)   Other: 0.3ms
[2023-11-10T11:28:26.505-0800][75310137ms] GC(20500) Eden regions: 220->0(220)
[2023-11-10T11:28:26.505-0800][75310137ms] GC(20500) Survivor regions: 1->1(28)
[2023-11-10T11:28:26.505-0800][75310137ms] GC(20500) Old regions: 1393->1393
[2023-11-10T11:28:26.505-0800][75310137ms] GC(20500) Humongous regions: 5->5
[2023-11-10T11:28:26.505-0800][75310137ms] GC(20500) Metaspace: 304631K->304631K(1347584K)
[2023-11-10T11:28:26.505-0800][75310137ms] GC(20500) Pause Young (Normal) (G1 Evacuation Pause) 3235M->2795M(3602M) 6.902ms
[2023-11-10T11:28:26.505-0800][75310137ms] GC(20500) User=0.00s Sys=0.00s Real=0.01s
[2023-11-10T11:28:27.205-0800][75310837ms] GC(20501) Pause Young (Normal) (GCLocker Initiated GC)
[2023-11-10T11:28:27.205-0800][75310837ms] GC(20501) Using 10 workers of 10 for evacuation
[2023-11-10T11:28:27.211-0800][75310843ms] GC(20501)   Pre Evacuate Collection Set: 0.1ms
[2023-11-10T11:28:27.211-0800][75310843ms] GC(20501)   Evacuate Collection Set: 2.1ms
[2023-11-10T11:28:27.211-0800][75310843ms] GC(20501)   Post Evacuate Collection Set: 3.4ms
[2023-11-10T11:28:27.211-0800][75310843ms] GC(20501)   Other: 0.3ms
[2023-11-10T11:28:27.211-0800][75310843ms] GC(20501) Eden regions: 220->0(220)
[2023-11-10T11:28:27.211-0800][75310843ms] GC(20501) Survivor regions: 1->1(28)
[2023-11-10T11:28:27.211-0800][75310843ms] GC(20501) Old regions: 1393->1393
[2023-11-10T11:28:27.211-0800][75310843ms] GC(20501) Humongous regions: 5->5
[2023-11-10T11:28:27.211-0800][75310843ms] GC(20501) Metaspace: 304631K->304631K(1347584K)
[2023-11-10T11:28:27.211-0800][75310843ms] GC(20501) Pause Young (Normal) (GCLocker Initiated GC) 3235M->2795M(3602M) 5.934ms
[2023-11-10T11:28:27.211-0800][75310843ms] GC(20501) User=0.00s Sys=0.00s Real=0.01s
[2023-11-10T11:28:27.729-0800][75311361ms] GC(20502) Pause Young (Normal) (G1 Evacuation Pause)
[2023-11-10T11:28:27.729-0800][75311361ms] GC(20502) Using 10 workers of 10 for evacuation
[2023-11-10T11:28:27.736-0800][75311368ms] GC(20502)   Pre Evacuate Collection Set: 0.1ms
[2023-11-10T11:28:27.736-0800][75311368ms] GC(20502)   Evacuate Collection Set: 2.1ms
[2023-11-10T11:28:27.736-0800][75311368ms] GC(20502)   Post Evacuate Collection Set: 3.9ms
[2023-11-10T11:28:27.736-0800][75311368ms] GC(20502)   Other: 0.3ms
[2023-11-10T11:28:27.736-0800][75311368ms] GC(20502) Eden regions: 220->0(220)
[2023-11-10T11:28:27.736-0800][75311368ms] GC(20502) Survivor regions: 1->1(28)
[2023-11-10T11:28:27.736-0800][75311368ms] GC(20502) Old regions: 1393->1393
[2023-11-10T11:28:27.736-0800][75311368ms] GC(20502) Humongous regions: 5->5
[2023-11-10T11:28:27.736-0800][75311368ms] GC(20502) Metaspace: 304631K->304631K(1347584K)
[2023-11-10T11:28:27.736-0800][75311368ms] GC(20502) Pause Young (Normal) (G1 Evacuation Pause) 3235M->2795M(3602M) 6.511ms
[2023-11-10T11:28:27.736-0800][75311368ms] GC(20502) User=0.00s Sys=0.00s Real=0.01s
[2023-11-10T11:28:28.288-0800][75311920ms] GC(20503) Pause Young (Normal) (G1 Evacuation Pause)
[2023-11-10T11:28:28.288-0800][75311920ms] GC(20503) Using 10 workers of 10 for evacuation
[2023-11-10T11:28:28.293-0800][75311925ms] GC(20503)   Pre Evacuate Collection Set: 0.1ms
[2023-11-10T11:28:28.293-0800][75311925ms] GC(20503)   Evacuate Collection Set: 1.8ms
[2023-11-10T11:28:28.293-0800][75311925ms] GC(20503)   Post Evacuate Collection Set: 3.4ms
[2023-11-10T11:28:28.293-0800][75311925ms] GC(20503)   Other: 0.4ms
[2023-11-10T11:28:28.293-0800][75311925ms] GC(20503) Eden regions: 220->0(220)
[2023-11-10T11:28:28.293-0800][75311925ms] GC(20503) Survivor regions: 1->1(28)
[2023-11-10T11:28:28.293-0800][75311925ms] GC(20503) Old regions: 1393->1393
[2023-11-10T11:28:28.293-0800][75311925ms] GC(20503) Humongous regions: 5->5
[2023-11-10T11:28:28.293-0800][75311925ms] GC(20503) Metaspace: 304631K->304631K(1347584K)
[2023-11-10T11:28:28.293-0800][75311925ms] GC(20503) Pause Young (Normal) (G1 Evacuation Pause) 3235M->2795M(3602M) 5.844ms
[2023-11-10T11:28:28.293-0800][75311925ms] GC(20503) User=0.03s Sys=0.00s Real=0.00s
[2023-11-10T11:28:28.871-0800][75312503ms] GC(20504) Pause Young (Normal) (G1 Evacuation Pause)
[2023-11-10T11:28:28.871-0800][75312503ms] GC(20504) Using 10 workers of 10 for evacuation
[2023-11-10T11:28:28.881-0800][75312513ms] GC(20504)   Pre Evacuate Collection Set: 0.1ms
[2023-11-10T11:28:28.881-0800][75312513ms] GC(20504)   Evacuate Collection Set: 2.3ms
[2023-11-10T11:28:28.881-0800][75312513ms] GC(20504)   Post Evacuate Collection Set: 7.1ms
[2023-11-10T11:28:28.881-0800][75312513ms] GC(20504)   Other: 0.6ms
[2023-11-10T11:28:28.881-0800][75312513ms] GC(20504) Eden regions: 220->0(220)
[2023-11-10T11:28:28.881-0800][75312513ms] GC(20504) Survivor regions: 1->1(28)
[2023-11-10T11:28:28.881-0800][75312513ms] GC(20504) Old regions: 1393->1393
[2023-11-10T11:28:28.881-0800][75312513ms] GC(20504) Humongous regions: 5->5
[2023-11-10T11:28:28.881-0800][75312513ms] GC(20504) Metaspace: 304631K->304631K(1347584K)
[2023-11-10T11:28:28.881-0800][75312513ms] GC(20504) Pause Young (Normal) (G1 Evacuation Pause) 3235M->2795M(3602M) 10.157ms
[2023-11-10T11:28:28.881-0800][75312513ms] GC(20504) User=0.00s Sys=0.00s Real=0.01s
[2023-11-10T11:28:29.390-0800][75313022ms] GC(20505) Pause Young (Normal) (G1 Evacuation Pause)
[2023-11-10T11:28:29.390-0800][75313022ms] GC(20505) Using 10 workers of 10 for evacuation
[2023-11-10T11:28:29.396-0800][75313028ms] GC(20505)   Pre Evacuate Collection Set: 0.0ms
[2023-11-10T11:28:29.396-0800][75313028ms] GC(20505)   Evacuate Collection Set: 1.7ms
[2023-11-10T11:28:29.396-0800][75313028ms] GC(20505)   Post Evacuate Collection Set: 3.4ms
[2023-11-10T11:28:29.397-0800][75313029ms] GC(20505)   Other: 0.3ms
[2023-11-10T11:28:29.397-0800][75313029ms] GC(20505) Eden regions: 220->0(220)
[2023-11-10T11:28:29.397-0800][75313029ms] GC(20505) Survivor regions: 1->1(28)
[2023-11-10T11:28:29.397-0800][75313029ms] GC(20505) Old regions: 1393->1393
[2023-11-10T11:28:29.397-0800][75313029ms] GC(20505) Humongous regions: 5->5
[2023-11-10T11:28:29.397-0800][75313029ms] GC(20505) Metaspace: 304631K->304631K(1347584K)
[2023-11-10T11:28:29.397-0800][75313029ms] GC(20505) Pause Young (Normal) (G1 Evacuation Pause) 3235M->2795M(3602M) 5.540ms
[2023-11-10T11:28:29.397-0800][75313029ms] GC(20505) User=0.00s Sys=0.00s Real=0.01s
[2023-11-10T11:28:29.992-0800][75313624ms] GC(20506) Pause Young (Normal) (G1 Evacuation Pause)
[2023-11-10T11:28:29.992-0800][75313624ms] GC(20506) Using 10 workers of 10 for evacuation
[2023-11-10T11:28:29.997-0800][75313629ms] GC(20506)   Pre Evacuate Collection Set: 0.0ms
[2023-11-10T11:28:29.998-0800][75313630ms] GC(20506)   Evacuate Collection Set: 1.8ms
[2023-11-10T11:28:29.998-0800][75313630ms] GC(20506)   Post Evacuate Collection Set: 4.2ms
[2023-11-10T11:28:29.998-0800][75313630ms] GC(20506)   Other: 0.3ms
[2023-11-10T11:28:29.998-0800][75313630ms] GC(20506) Eden regions: 220->0(220)
[2023-11-10T11:28:29.998-0800][75313630ms] GC(20506) Survivor regions: 1->1(28)
[2023-11-10T11:28:29.998-0800][75313630ms] GC(20506) Old regions: 1393->1393
[2023-11-10T11:28:29.998-0800][75313630ms] GC(20506) Humongous regions: 5->5
[2023-11-10T11:28:29.998-0800][75313630ms] GC(20506) Metaspace: 304631K->304631K(1347584K)
[2023-11-10T11:28:29.998-0800][75313630ms] GC(20506) Pause Young (Normal) (G1 Evacuation Pause) 3235M->2795M(3602M) 6.327ms
[2023-11-10T11:28:29.998-0800][75313630ms] GC(20506) User=0.00s Sys=0.00s Real=0.01s
[2023-11-10T11:28:30.566-0800][75314198ms] GC(20507) Pause Young (Normal) (G1 Evacuation Pause)
[2023-11-10T11:28:30.566-0800][75314198ms] GC(20507) Using 10 workers of 10 for evacuation
[2023-11-10T11:28:30.573-0800][75314205ms] GC(20507)   Pre Evacuate Collection Set: 0.0ms
[2023-11-10T11:28:30.573-0800][75314205ms] GC(20507)   Evacuate Collection Set: 1.7ms
[2023-11-10T11:28:30.573-0800][75314205ms] GC(20507)   Post Evacuate Collection Set: 4.3ms
[2023-11-10T11:28:30.573-0800][75314205ms] GC(20507)   Other: 0.3ms
[2023-11-10T11:28:30.573-0800][75314205ms] GC(20507) Eden regions: 220->0(220)
[2023-11-10T11:28:30.573-0800][75314205ms] GC(20507) Survivor regions: 1->1(28)
[2023-11-10T11:28:30.573-0800][75314205ms] GC(20507) Old regions: 1393->1393
[2023-11-10T11:28:30.573-0800][75314205ms] GC(20507) Humongous regions: 5->5
[2023-11-10T11:28:30.573-0800][75314205ms] GC(20507) Metaspace: 304631K->304631K(1347584K)
[2023-11-10T11:28:30.573-0800][75314205ms] GC(20507) Pause Young (Normal) (G1 Evacuation Pause) 3235M->2795M(3602M) 6.511ms
[2023-11-10T11:28:30.573-0800][75314205ms] GC(20507) User=0.00s Sys=0.00s Real=0.01s
[2023-11-10T11:28:31.119-0800][75314751ms] GC(20508) Pause Young (Normal) (G1 Evacuation Pause)
[2023-11-10T11:28:31.120-0800][75314752ms] GC(20508) Using 10 workers of 10 for evacuation
[2023-11-10T11:28:31.125-0800][75314757ms] GC(20508)   Pre Evacuate Collection Set: 0.0ms
[2023-11-10T11:28:31.125-0800][75314757ms] GC(20508)   Evacuate Collection Set: 1.7ms
[2023-11-10T11:28:31.126-0800][75314758ms] GC(20508)   Post Evacuate Collection Set: 3.2ms
[2023-11-10T11:28:31.126-0800][75314758ms] GC(20508)   Other: 0.3ms
[2023-11-10T11:28:31.126-0800][75314758ms] GC(20508) Eden regions: 220->0(220)
[2023-11-10T11:28:31.126-0800][75314758ms] GC(20508) Survivor regions: 1->1(28)
[2023-11-10T11:28:31.126-0800][75314758ms] GC(20508) Old regions: 1393->1393
[2023-11-10T11:28:31.126-0800][75314758ms] GC(20508) Humongous regions: 5->5
[2023-11-10T11:28:31.126-0800][75314758ms] GC(20508) Metaspace: 304631K->304631K(1347584K)
[2023-11-10T11:28:31.126-0800][75314758ms] GC(20508) Pause Young (Normal) (G1 Evacuation Pause) 3235M->2795M(3602M) 5.283ms
[2023-11-10T11:28:31.126-0800][75314758ms] GC(20508) User=0.00s Sys=0.00s Real=0.01s
[2023-11-10T11:28:31.597-0800][75315229ms] GC(20509) Pause Young (Normal) (G1 Evacuation Pause)
[2023-11-10T11:28:31.597-0800][75315229ms] GC(20509) Using 10 workers of 10 for evacuation
[2023-11-10T11:28:31.603-0800][75315235ms] GC(20509)   Pre Evacuate Collection Set: 0.1ms
[2023-11-10T11:28:31.603-0800][75315235ms] GC(20509)   Evacuate Collection Set: 1.9ms
[2023-11-10T11:28:31.603-0800][75315235ms] GC(20509)   Post Evacuate Collection Set: 3.8ms
[2023-11-10T11:28:31.603-0800][75315235ms] GC(20509)   Other: 0.3ms
[2023-11-10T11:28:31.603-0800][75315235ms] GC(20509) Eden regions: 220->0(220)
[2023-11-10T11:28:31.603-0800][75315235ms] GC(20509) Survivor regions: 1->1(28)
[2023-11-10T11:28:31.603-0800][75315235ms] GC(20509) Old regions: 1393->1393
[2023-11-10T11:28:31.603-0800][75315235ms] GC(20509) Humongous regions: 5->5
[2023-11-10T11:28:31.603-0800][75315235ms] GC(20509) Metaspace: 304631K->304631K(1347584K)
[2023-11-10T11:28:31.603-0800][75315235ms] GC(20509) Pause Young (Normal) (G1 Evacuation Pause) 3235M->2795M(3602M) 6.182ms
[2023-11-10T11:28:31.603-0800][75315235ms] GC(20509) User=0.00s Sys=0.00s Real=0.01s
[2023-11-10T11:28:32.218-0800][75315850ms] GC(20510) Pause Young (Normal) (G1 Evacuation Pause)
[2023-11-10T11:28:32.218-0800][75315850ms] GC(20510) Using 10 workers of 10 for evacuation
[2023-11-10T11:28:32.224-0800][75315856ms] GC(20510)   Pre Evacuate Collection Set: 0.1ms
[2023-11-10T11:28:32.224-0800][75315856ms] GC(20510)   Evacuate Collection Set: 2.7ms
[2023-11-10T11:28:32.224-0800][75315856ms] GC(20510)   Post Evacuate Collection Set: 3.5ms
[2023-11-10T11:28:32.224-0800][75315856ms] GC(20510)   Other: 0.3ms
[2023-11-10T11:28:32.224-0800][75315856ms] GC(20510) Eden regions: 220->0(220)
[2023-11-10T11:28:32.224-0800][75315856ms] GC(20510) Survivor regions: 1->1(28)
[2023-11-10T11:28:32.224-0800][75315856ms] GC(20510) Old regions: 1393->1393
[2023-11-10T11:28:32.224-0800][75315856ms] GC(20510) Humongous regions: 5->5
[2023-11-10T11:28:32.224-0800][75315856ms] GC(20510) Metaspace: 304631K->304631K(1347584K)
[2023-11-10T11:28:32.224-0800][75315856ms] GC(20510) Pause Young (Normal) (G1 Evacuation Pause) 3235M->2795M(3602M) 6.687ms
[2023-11-10T11:28:32.224-0800][75315856ms] GC(20510) User=0.00s Sys=0.00s Real=0.01s
[2023-11-10T11:28:32.731-0800][75316363ms] GC(20511) Pause Young (Normal) (G1 Evacuation Pause)
[2023-11-10T11:28:32.731-0800][75316363ms] GC(20511) Using 10 workers of 10 for evacuation
[2023-11-10T11:28:32.736-0800][75316368ms] GC(20511)   Pre Evacuate Collection Set: 0.1ms
[2023-11-10T11:28:32.736-0800][75316368ms] GC(20511)   Evacuate Collection Set: 1.8ms
[2023-11-10T11:28:32.736-0800][75316368ms] GC(20511)   Post Evacuate Collection Set: 3.3ms
[2023-11-10T11:28:32.736-0800][75316368ms] GC(20511)   Other: 0.3ms
[2023-11-10T11:28:32.736-0800][75316368ms] GC(20511) Eden regions: 220->0(220)
[2023-11-10T11:28:32.736-0800][75316368ms] GC(20511) Survivor regions: 1->1(28)
[2023-11-10T11:28:32.736-0800][75316368ms] GC(20511) Old regions: 1393->1393
[2023-11-10T11:28:32.736-0800][75316368ms] GC(20511) Humongous regions: 5->5
[2023-11-10T11:28:32.736-0800][75316368ms] GC(20511) Metaspace: 304631K->304631K(1347584K)
[2023-11-10T11:28:32.736-0800][75316368ms] GC(20511) Pause Young (Normal) (G1 Evacuation Pause) 3235M->2795M(3602M) 5.519ms
[2023-11-10T11:28:32.736-0800][75316368ms] GC(20511) User=0.00s Sys=0.00s Real=0.01s
[2023-11-10T11:28:33.308-0800][75316940ms] GC(20512) Pause Young (Normal) (G1 Evacuation Pause)
[2023-11-10T11:28:33.308-0800][75316940ms] GC(20512) Using 10 workers of 10 for evacuation
[2023-11-10T11:28:33.313-0800][75316945ms] GC(20512)   Pre Evacuate Collection Set: 0.0ms
[2023-11-10T11:28:33.313-0800][75316945ms] GC(20512)   Evacuate Collection Set: 1.6ms
[2023-11-10T11:28:33.313-0800][75316945ms] GC(20512)   Post Evacuate Collection Set: 3.7ms
[2023-11-10T11:28:33.313-0800][75316945ms] GC(20512)   Other: 0.3ms
[2023-11-10T11:28:33.313-0800][75316945ms] GC(20512) Eden regions: 220->0(220)
[2023-11-10T11:28:33.313-0800][75316945ms] GC(20512) Survivor regions: 1->1(28)
[2023-11-10T11:28:33.313-0800][75316945ms] GC(20512) Old regions: 1393->1393
[2023-11-10T11:28:33.313-0800][75316945ms] GC(20512) Humongous regions: 5->5
[2023-11-10T11:28:33.313-0800][75316945ms] GC(20512) Metaspace: 304631K->304631K(1347584K)
[2023-11-10T11:28:33.313-0800][75316945ms] GC(20512) Pause Young (Normal) (G1 Evacuation Pause) 3235M->2795M(3602M) 5.743ms
[2023-11-10T11:28:33.313-0800][75316945ms] GC(20512) User=0.00s Sys=0.00s Real=0.00s
[2023-11-10T11:28:33.847-0800][75317479ms] GC(20513) Pause Young (Normal) (G1 Evacuation Pause)
[2023-11-10T11:28:33.847-0800][75317479ms] GC(20513) Using 10 workers of 10 for evacuation
[2023-11-10T11:28:33.856-0800][75317488ms] GC(20513)   Pre Evacuate Collection Set: 0.0ms
[2023-11-10T11:28:33.856-0800][75317488ms] GC(20513)   Evacuate Collection Set: 2.2ms
[2023-11-10T11:28:33.856-0800][75317488ms] GC(20513)   Post Evacuate Collection Set: 5.6ms
[2023-11-10T11:28:33.856-0800][75317488ms] GC(20513)   Other: 0.3ms
[2023-11-10T11:28:33.856-0800][75317488ms] GC(20513) Eden regions: 220->0(220)
[2023-11-10T11:28:33.856-0800][75317488ms] GC(20513) Survivor regions: 1->1(28)
[2023-11-10T11:28:33.856-0800][75317488ms] GC(20513) Old regions: 1393->1393
[2023-11-10T11:28:33.856-0800][75317488ms] GC(20513) Humongous regions: 5->5
[2023-11-10T11:28:33.856-0800][75317488ms] GC(20513) Metaspace: 304631K->304631K(1347584K)
[2023-11-10T11:28:33.856-0800][75317488ms] GC(20513) Pause Young (Normal) (G1 Evacuation Pause) 3235M->2796M(3602M) 8.332ms
[2023-11-10T11:28:33.856-0800][75317488ms] GC(20513) User=0.02s Sys=0.00s Real=0.01s
[2023-11-10T11:28:34.406-0800][75318038ms] GC(20514) Pause Young (Normal) (G1 Evacuation Pause)
[2023-11-10T11:28:34.406-0800][75318038ms] GC(20514) Using 10 workers of 10 for evacuation
[2023-11-10T11:28:34.410-0800][75318042ms] GC(20514)   Pre Evacuate Collection Set: 0.0ms
[2023-11-10T11:28:34.410-0800][75318042ms] GC(20514)   Evacuate Collection Set: 1.7ms
[2023-11-10T11:28:34.410-0800][75318042ms] GC(20514)   Post Evacuate Collection Set: 3.1ms
[2023-11-10T11:28:34.410-0800][75318042ms] GC(20514)   Other: 0.2ms
[2023-11-10T11:28:34.410-0800][75318042ms] GC(20514) Eden regions: 220->0(220)
[2023-11-10T11:28:34.410-0800][75318042ms] GC(20514) Survivor regions: 1->1(28)
[2023-11-10T11:28:34.410-0800][75318042ms] GC(20514) Old regions: 1393->1393
[2023-11-10T11:28:34.410-0800][75318042ms] GC(20514) Humongous regions: 5->5
[2023-11-10T11:28:34.410-0800][75318042ms] GC(20514) Metaspace: 304631K->304631K(1347584K)
[2023-11-10T11:28:34.410-0800][75318042ms] GC(20514) Pause Young (Normal) (G1 Evacuation Pause) 3236M->2796M(3602M) 5.116ms
[2023-11-10T11:28:34.410-0800][75318042ms] GC(20514) User=0.00s Sys=0.00s Real=0.00s
[2023-11-10T11:28:34.949-0800][75318581ms] GC(20515) Pause Young (Normal) (G1 Evacuation Pause)
[2023-11-10T11:28:34.949-0800][75318581ms] GC(20515) Using 10 workers of 10 for evacuation
[2023-11-10T11:28:34.957-0800][75318589ms] GC(20515)   Pre Evacuate Collection Set: 0.1ms
[2023-11-10T11:28:34.957-0800][75318589ms] GC(20515)   Evacuate Collection Set: 2.5ms
[2023-11-10T11:28:34.957-0800][75318589ms] GC(20515)   Post Evacuate Collection Set: 5.8ms
[2023-11-10T11:28:34.957-0800][75318589ms] GC(20515)   Other: 0.4ms
[2023-11-10T11:28:34.957-0800][75318589ms] GC(20515) Eden regions: 220->0(220)
[2023-11-10T11:28:34.957-0800][75318589ms] GC(20515) Survivor regions: 1->1(28)
[2023-11-10T11:28:34.957-0800][75318589ms] GC(20515) Old regions: 1393->1393
[2023-11-10T11:28:34.957-0800][75318589ms] GC(20515) Humongous regions: 5->5
[2023-11-10T11:28:34.957-0800][75318589ms] GC(20515) Metaspace: 304631K->304631K(1347584K)
[2023-11-10T11:28:34.957-0800][75318589ms] GC(20515) Pause Young (Normal) (G1 Evacuation Pause) 3236M->2796M(3602M) 8.973ms
[2023-11-10T11:28:34.957-0800][75318589ms] GC(20515) User=0.00s Sys=0.00s Real=0.01s
[2023-11-10T11:28:35.571-0800][75319203ms] GC(20516) Pause Young (Normal) (G1 Evacuation Pause)
[2023-11-10T11:28:35.571-0800][75319203ms] GC(20516) Using 10 workers of 10 for evacuation
[2023-11-10T11:28:35.577-0800][75319209ms] GC(20516)   Pre Evacuate Collection Set: 0.1ms
[2023-11-10T11:28:35.577-0800][75319209ms] GC(20516)   Evacuate Collection Set: 2.4ms
[2023-11-10T11:28:35.577-0800][75319209ms] GC(20516)   Post Evacuate Collection Set: 3.8ms
[2023-11-10T11:28:35.577-0800][75319209ms] GC(20516)   Other: 0.4ms
[2023-11-10T11:28:35.577-0800][75319209ms] GC(20516) Eden regions: 220->0(220)
[2023-11-10T11:28:35.577-0800][75319209ms] GC(20516) Survivor regions: 1->1(28)
[2023-11-10T11:28:35.577-0800][75319209ms] GC(20516) Old regions: 1393->1393
[2023-11-10T11:28:35.577-0800][75319209ms] GC(20516) Humongous regions: 5->5
[2023-11-10T11:28:35.577-0800][75319209ms] GC(20516) Metaspace: 304631K->304631K(1347584K)
[2023-11-10T11:28:35.577-0800][75319209ms] GC(20516) Pause Young (Normal) (G1 Evacuation Pause) 3236M->2796M(3602M) 6.769ms
[2023-11-10T11:28:35.577-0800][75319209ms] GC(20516) User=0.00s Sys=0.00s Real=0.01s
[2023-11-10T11:28:36.164-0800][75319796ms] GC(20517) Pause Young (Normal) (G1 Evacuation Pause)
[2023-11-10T11:28:36.164-0800][75319796ms] GC(20517) Using 10 workers of 10 for evacuation
[2023-11-10T11:28:36.170-0800][75319802ms] GC(20517)   Pre Evacuate Collection Set: 0.1ms
[2023-11-10T11:28:36.171-0800][75319803ms] GC(20517)   Evacuate Collection Set: 2.0ms
[2023-11-10T11:28:36.171-0800][75319803ms] GC(20517)   Post Evacuate Collection Set: 4.3ms
[2023-11-10T11:28:36.171-0800][75319803ms] GC(20517)   Other: 0.4ms
[2023-11-10T11:28:36.171-0800][75319803ms] GC(20517) Eden regions: 220->0(220)
[2023-11-10T11:28:36.171-0800][75319803ms] GC(20517) Survivor regions: 1->1(28)
[2023-11-10T11:28:36.171-0800][75319803ms] GC(20517) Old regions: 1393->1393
[2023-11-10T11:28:36.171-0800][75319803ms] GC(20517) Humongous regions: 5->5
[2023-11-10T11:28:36.171-0800][75319803ms] GC(20517) Metaspace: 304631K->304631K(1347584K)
[2023-11-10T11:28:36.171-0800][75319803ms] GC(20517) Pause Young (Normal) (G1 Evacuation Pause) 3236M->2796M(3602M) 6.817ms
[2023-11-10T11:28:36.171-0800][75319803ms] GC(20517) User=0.00s Sys=0.00s Real=0.01s
[2023-11-10T11:28:36.737-0800][75320369ms] GC(20518) Pause Young (Normal) (G1 Evacuation Pause)
[2023-11-10T11:28:36.737-0800][75320369ms] GC(20518) Using 10 workers of 10 for evacuation
[2023-11-10T11:28:36.746-0800][75320378ms] GC(20518)   Pre Evacuate Collection Set: 0.1ms
[2023-11-10T11:28:36.746-0800][75320378ms] GC(20518)   Evacuate Collection Set: 5.2ms
[2023-11-10T11:28:36.746-0800][75320378ms] GC(20518)   Post Evacuate Collection Set: 3.6ms
[2023-11-10T11:28:36.746-0800][75320378ms] GC(20518)   Other: 0.3ms
[2023-11-10T11:28:36.746-0800][75320378ms] GC(20518) Eden regions: 220->0(220)
[2023-11-10T11:28:36.746-0800][75320378ms] GC(20518) Survivor regions: 1->1(28)
[2023-11-10T11:28:36.746-0800][75320378ms] GC(20518) Old regions: 1393->1393
[2023-11-10T11:28:36.746-0800][75320378ms] GC(20518) Humongous regions: 5->5
[2023-11-10T11:28:36.746-0800][75320378ms] GC(20518) Metaspace: 304631K->304631K(1347584K)
[2023-11-10T11:28:36.746-0800][75320378ms] GC(20518) Pause Young (Normal) (G1 Evacuation Pause) 3236M->2796M(3602M) 9.308ms
[2023-11-10T11:28:36.746-0800][75320378ms] GC(20518) User=0.00s Sys=0.02s Real=0.01s
[2023-11-10T11:28:37.307-0800][75320939ms] GC(20519) Pause Young (Normal) (G1 Evacuation Pause)
[2023-11-10T11:28:37.307-0800][75320939ms] GC(20519) Using 10 workers of 10 for evacuation
[2023-11-10T11:28:37.313-0800][75320945ms] GC(20519)   Pre Evacuate Collection Set: 0.1ms
[2023-11-10T11:28:37.313-0800][75320945ms] GC(20519)   Evacuate Collection Set: 2.1ms
[2023-11-10T11:28:37.313-0800][75320945ms] GC(20519)   Post Evacuate Collection Set: 3.8ms
[2023-11-10T11:28:37.313-0800][75320945ms] GC(20519)   Other: 0.3ms
[2023-11-10T11:28:37.313-0800][75320945ms] GC(20519) Eden regions: 220->0(220)
[2023-11-10T11:28:37.313-0800][75320945ms] GC(20519) Survivor regions: 1->1(28)
[2023-11-10T11:28:37.313-0800][75320945ms] GC(20519) Old regions: 1393->1393
[2023-11-10T11:28:37.313-0800][75320945ms] GC(20519) Humongous regions: 5->5
[2023-11-10T11:28:37.313-0800][75320945ms] GC(20519) Metaspace: 304631K->304631K(1347584K)
[2023-11-10T11:28:37.313-0800][75320945ms] GC(20519) Pause Young (Normal) (G1 Evacuation Pause) 3236M->2796M(3602M) 6.384ms
[2023-11-10T11:28:37.313-0800][75320945ms] GC(20519) User=0.00s Sys=0.00s Real=0.01s
[2023-11-10T11:28:37.823-0800][75321455ms] GC(20520) Pause Young (Normal) (G1 Evacuation Pause)
[2023-11-10T11:28:37.823-0800][75321455ms] GC(20520) Using 10 workers of 10 for evacuation
[2023-11-10T11:28:37.829-0800][75321461ms] GC(20520)   Pre Evacuate Collection Set: 0.1ms
[2023-11-10T11:28:37.829-0800][75321461ms] GC(20520)   Evacuate Collection Set: 2.4ms
[2023-11-10T11:28:37.829-0800][75321461ms] GC(20520)   Post Evacuate Collection Set: 3.8ms
[2023-11-10T11:28:37.829-0800][75321461ms] GC(20520)   Other: 0.4ms
[2023-11-10T11:28:37.829-0800][75321461ms] GC(20520) Eden regions: 220->0(220)
[2023-11-10T11:28:37.829-0800][75321461ms] GC(20520) Survivor regions: 1->1(28)
[2023-11-10T11:28:37.829-0800][75321461ms] GC(20520) Old regions: 1393->1393
[2023-11-10T11:28:37.829-0800][75321461ms] GC(20520) Humongous regions: 5->5
[2023-11-10T11:28:37.829-0800][75321461ms] GC(20520) Metaspace: 304631K->304631K(1347584K)
[2023-11-10T11:28:37.829-0800][75321461ms] GC(20520) Pause Young (Normal) (G1 Evacuation Pause) 3236M->2796M(3602M) 6.828ms
[2023-11-10T11:28:37.829-0800][75321461ms] GC(20520) User=0.00s Sys=0.00s Real=0.01s
[2023-11-10T11:28:38.378-0800][75322010ms] GC(20521) Pause Young (Normal) (G1 Evacuation Pause)
[2023-11-10T11:28:38.378-0800][75322010ms] GC(20521) Using 10 workers of 10 for evacuation
[2023-11-10T11:28:38.385-0800][75322017ms] GC(20521)   Pre Evacuate Collection Set: 0.0ms
[2023-11-10T11:28:38.385-0800][75322017ms] GC(20521)   Evacuate Collection Set: 2.4ms
[2023-11-10T11:28:38.385-0800][75322017ms] GC(20521)   Post Evacuate Collection Set: 3.8ms
[2023-11-10T11:28:38.385-0800][75322017ms] GC(20521)   Other: 0.3ms
[2023-11-10T11:28:38.385-0800][75322017ms] GC(20521) Eden regions: 220->0(220)
[2023-11-10T11:28:38.385-0800][75322017ms] GC(20521) Survivor regions: 1->1(28)
[2023-11-10T11:28:38.385-0800][75322017ms] GC(20521) Old regions: 1393->1393
[2023-11-10T11:28:38.385-0800][75322017ms] GC(20521) Humongous regions: 5->5
[2023-11-10T11:28:38.385-0800][75322017ms] GC(20521) Metaspace: 304631K->304631K(1347584K)
[2023-11-10T11:28:38.385-0800][75322017ms] GC(20521) Pause Young (Normal) (G1 Evacuation Pause) 3236M->2796M(3602M) 6.652ms
[2023-11-10T11:28:38.385-0800][75322017ms] GC(20521) User=0.02s Sys=0.00s Real=0.01s
[2023-11-10T11:28:38.922-0800][75322554ms] GC(20522) Pause Young (Normal) (G1 Evacuation Pause)
[2023-11-10T11:28:38.922-0800][75322554ms] GC(20522) Using 10 workers of 10 for evacuation
[2023-11-10T11:28:38.928-0800][75322561ms] GC(20522)   Pre Evacuate Collection Set: 0.1ms
[2023-11-10T11:28:38.929-0800][75322561ms] GC(20522)   Evacuate Collection Set: 1.9ms
[2023-11-10T11:28:38.929-0800][75322561ms] GC(20522)   Post Evacuate Collection Set: 4.2ms
[2023-11-10T11:28:38.929-0800][75322561ms] GC(20522)   Other: 0.3ms
[2023-11-10T11:28:38.929-0800][75322561ms] GC(20522) Eden regions: 220->0(219)
[2023-11-10T11:28:38.929-0800][75322561ms] GC(20522) Survivor regions: 1->1(28)
[2023-11-10T11:28:38.929-0800][75322561ms] GC(20522) Old regions: 1393->1393
[2023-11-10T11:28:38.929-0800][75322561ms] GC(20522) Humongous regions: 5->5
[2023-11-10T11:28:38.929-0800][75322561ms] GC(20522) Metaspace: 304631K->304631K(1347584K)
[2023-11-10T11:28:38.929-0800][75322561ms] GC(20522) Pause Young (Normal) (G1 Evacuation Pause) 3236M->2797M(3602M) 6.566ms
[2023-11-10T11:28:38.929-0800][75322561ms] GC(20522) User=0.00s Sys=0.00s Real=0.01s
[2023-11-10T11:28:39.514-0800][75323146ms] GC(20523) Pause Young (Normal) (G1 Evacuation Pause)
[2023-11-10T11:28:39.514-0800][75323146ms] GC(20523) Using 10 workers of 10 for evacuation
[2023-11-10T11:28:39.522-0800][75323154ms] GC(20523)   Pre Evacuate Collection Set: 0.1ms
[2023-11-10T11:28:39.522-0800][75323154ms] GC(20523)   Evacuate Collection Set: 2.1ms
[2023-11-10T11:28:39.522-0800][75323154ms] GC(20523)   Post Evacuate Collection Set: 5.3ms
[2023-11-10T11:28:39.522-0800][75323154ms] GC(20523)   Other: 0.3ms
[2023-11-10T11:28:39.522-0800][75323154ms] GC(20523) Eden regions: 219->0(219)
[2023-11-10T11:28:39.522-0800][75323154ms] GC(20523) Survivor regions: 1->1(28)
[2023-11-10T11:28:39.522-0800][75323154ms] GC(20523) Old regions: 1393->1393
[2023-11-10T11:28:39.522-0800][75323154ms] GC(20523) Humongous regions: 5->5
[2023-11-10T11:28:39.522-0800][75323154ms] GC(20523) Metaspace: 304631K->304631K(1347584K)
[2023-11-10T11:28:39.522-0800][75323154ms] GC(20523) Pause Young (Normal) (G1 Evacuation Pause) 3235M->2796M(3602M) 7.881ms
[2023-11-10T11:28:39.522-0800][75323154ms] GC(20523) User=0.00s Sys=0.00s Real=0.01s
[2023-11-10T11:28:40.082-0800][75323714ms] GC(20524) Pause Young (Normal) (G1 Evacuation Pause)
[2023-11-10T11:28:40.082-0800][75323714ms] GC(20524) Using 10 workers of 10 for evacuation
[2023-11-10T11:28:40.088-0800][75323720ms] GC(20524)   Pre Evacuate Collection Set: 0.1ms
[2023-11-10T11:28:40.088-0800][75323720ms] GC(20524)   Evacuate Collection Set: 2.1ms
[2023-11-10T11:28:40.088-0800][75323720ms] GC(20524)   Post Evacuate Collection Set: 3.9ms
[2023-11-10T11:28:40.088-0800][75323720ms] GC(20524)   Other: 0.3ms
[2023-11-10T11:28:40.088-0800][75323720ms] GC(20524) Eden regions: 219->0(219)
[2023-11-10T11:28:40.088-0800][75323720ms] GC(20524) Survivor regions: 1->1(28)
[2023-11-10T11:28:40.088-0800][75323720ms] GC(20524) Old regions: 1393->1393
[2023-11-10T11:28:40.088-0800][75323720ms] GC(20524) Humongous regions: 5->5
[2023-11-10T11:28:40.088-0800][75323720ms] GC(20524) Metaspace: 304631K->304631K(1347584K)
[2023-11-10T11:28:40.088-0800][75323720ms] GC(20524) Pause Young (Normal) (G1 Evacuation Pause) 3234M->2796M(3602M) 6.506ms
[2023-11-10T11:28:40.088-0800][75323720ms] GC(20524) User=0.00s Sys=0.00s Real=0.01s
[2023-11-10T11:28:40.683-0800][75324315ms] GC(20525) Pause Young (Normal) (G1 Evacuation Pause)
[2023-11-10T11:28:40.683-0800][75324315ms] GC(20525) Using 10 workers of 10 for evacuation
[2023-11-10T11:28:40.688-0800][75324320ms] GC(20525)   Pre Evacuate Collection Set: 0.0ms
[2023-11-10T11:28:40.688-0800][75324320ms] GC(20525)   Evacuate Collection Set: 1.7ms
[2023-11-10T11:28:40.688-0800][75324320ms] GC(20525)   Post Evacuate Collection Set: 3.1ms
[2023-11-10T11:28:40.688-0800][75324320ms] GC(20525)   Other: 0.3ms
[2023-11-10T11:28:40.688-0800][75324320ms] GC(20525) Eden regions: 219->0(219)
[2023-11-10T11:28:40.688-0800][75324320ms] GC(20525) Survivor regions: 1->1(28)
[2023-11-10T11:28:40.688-0800][75324320ms] GC(20525) Old regions: 1393->1393
[2023-11-10T11:28:40.688-0800][75324320ms] GC(20525) Humongous regions: 5->5
[2023-11-10T11:28:40.688-0800][75324320ms] GC(20525) Metaspace: 304631K->304631K(1347584K)
[2023-11-10T11:28:40.688-0800][75324320ms] GC(20525) Pause Young (Normal) (G1 Evacuation Pause) 3234M->2796M(3602M) 5.153ms
[2023-11-10T11:28:40.688-0800][75324320ms] GC(20525) User=0.00s Sys=0.00s Real=0.00s
[2023-11-10T11:28:41.216-0800][75324848ms] GC(20526) Pause Young (Normal) (G1 Evacuation Pause)
[2023-11-10T11:28:41.216-0800][75324848ms] GC(20526) Using 10 workers of 10 for evacuation
[2023-11-10T11:28:41.221-0800][75324853ms] GC(20526)   Pre Evacuate Collection Set: 0.0ms
[2023-11-10T11:28:41.221-0800][75324853ms] GC(20526)   Evacuate Collection Set: 1.9ms
[2023-11-10T11:28:41.221-0800][75324853ms] GC(20526)   Post Evacuate Collection Set: 3.7ms
[2023-11-10T11:28:41.221-0800][75324853ms] GC(20526)   Other: 0.3ms
[2023-11-10T11:28:41.221-0800][75324853ms] GC(20526) Eden regions: 219->0(219)
[2023-11-10T11:28:41.221-0800][75324853ms] GC(20526) Survivor regions: 1->1(28)
[2023-11-10T11:28:41.221-0800][75324853ms] GC(20526) Old regions: 1393->1393
[2023-11-10T11:28:41.221-0800][75324853ms] GC(20526) Humongous regions: 5->5
[2023-11-10T11:28:41.221-0800][75324853ms] GC(20526) Metaspace: 304631K->304631K(1347584K)
[2023-11-10T11:28:41.222-0800][75324854ms] GC(20526) Pause Young (Normal) (G1 Evacuation Pause) 3234M->2796M(3602M) 6.086ms
[2023-11-10T11:28:41.222-0800][75324854ms] GC(20526) User=0.00s Sys=0.00s Real=0.01s
[2023-11-10T11:28:41.713-0800][75325345ms] GC(20527) Pause Young (Normal) (G1 Evacuation Pause)
[2023-11-10T11:28:41.713-0800][75325345ms] GC(20527) Using 10 workers of 10 for evacuation
[2023-11-10T11:28:41.718-0800][75325350ms] GC(20527)   Pre Evacuate Collection Set: 0.0ms
[2023-11-10T11:28:41.718-0800][75325350ms] GC(20527)   Evacuate Collection Set: 1.7ms
[2023-11-10T11:28:41.718-0800][75325350ms] GC(20527)   Post Evacuate Collection Set: 3.1ms
[2023-11-10T11:28:41.718-0800][75325350ms] GC(20527)   Other: 0.2ms
[2023-11-10T11:28:41.718-0800][75325350ms] GC(20527) Eden regions: 219->0(219)
[2023-11-10T11:28:41.718-0800][75325350ms] GC(20527) Survivor regions: 1->1(28)
[2023-11-10T11:28:41.718-0800][75325350ms] GC(20527) Old regions: 1393->1393
[2023-11-10T11:28:41.718-0800][75325350ms] GC(20527) Humongous regions: 5->5
[2023-11-10T11:28:41.718-0800][75325350ms] GC(20527) Metaspace: 304631K->304631K(1347584K)
[2023-11-10T11:28:41.719-0800][75325351ms] GC(20527) Pause Young (Normal) (G1 Evacuation Pause) 3234M->2796M(3602M) 5.131ms
[2023-11-10T11:28:41.719-0800][75325351ms] GC(20527) User=0.00s Sys=0.00s Real=0.01s
[2023-11-10T11:28:42.245-0800][75325877ms] GC(20528) Pause Young (Normal) (G1 Evacuation Pause)
[2023-11-10T11:28:42.245-0800][75325877ms] GC(20528) Using 10 workers of 10 for evacuation
[2023-11-10T11:28:42.250-0800][75325882ms] GC(20528)   Pre Evacuate Collection Set: 0.0ms
[2023-11-10T11:28:42.250-0800][75325882ms] GC(20528)   Evacuate Collection Set: 1.7ms
[2023-11-10T11:28:42.250-0800][75325882ms] GC(20528)   Post Evacuate Collection Set: 3.4ms
[2023-11-10T11:28:42.250-0800][75325882ms] GC(20528)   Other: 0.2ms
[2023-11-10T11:28:42.250-0800][75325882ms] GC(20528) Eden regions: 219->0(218)
[2023-11-10T11:28:42.250-0800][75325882ms] GC(20528) Survivor regions: 1->1(28)
[2023-11-10T11:28:42.250-0800][75325882ms] GC(20528) Old regions: 1393->1394
[2023-11-10T11:28:42.250-0800][75325882ms] GC(20528) Humongous regions: 5->5
[2023-11-10T11:28:42.250-0800][75325882ms] GC(20528) Metaspace: 304631K->304631K(1347584K)
[2023-11-10T11:28:42.250-0800][75325882ms] GC(20528) Pause Young (Normal) (G1 Evacuation Pause) 3234M->2796M(3602M) 5.488ms
[2023-11-10T11:28:42.250-0800][75325882ms] GC(20528) User=0.00s Sys=0.00s Real=0.01s
[2023-11-10T11:28:42.742-0800][75326374ms] GC(20529) Pause Young (Normal) (G1 Evacuation Pause)
[2023-11-10T11:28:42.742-0800][75326374ms] GC(20529) Using 10 workers of 10 for evacuation
[2023-11-10T11:28:42.748-0800][75326380ms] GC(20529)   Pre Evacuate Collection Set: 0.1ms
[2023-11-10T11:28:42.748-0800][75326380ms] GC(20529)   Evacuate Collection Set: 2.2ms
[2023-11-10T11:28:42.748-0800][75326380ms] GC(20529)   Post Evacuate Collection Set: 3.4ms
[2023-11-10T11:28:42.748-0800][75326380ms] GC(20529)   Other: 0.3ms
[2023-11-10T11:28:42.748-0800][75326380ms] GC(20529) Eden regions: 218->0(218)
[2023-11-10T11:28:42.748-0800][75326380ms] GC(20529) Survivor regions: 1->1(28)
[2023-11-10T11:28:42.748-0800][75326380ms] GC(20529) Old regions: 1394->1394
[2023-11-10T11:28:42.748-0800][75326380ms] GC(20529) Humongous regions: 5->5
[2023-11-10T11:28:42.748-0800][75326380ms] GC(20529) Metaspace: 304631K->304631K(1347584K)
[2023-11-10T11:28:42.748-0800][75326380ms] GC(20529) Pause Young (Normal) (G1 Evacuation Pause) 3232M->2796M(3602M) 6.197ms
[2023-11-10T11:28:42.748-0800][75326380ms] GC(20529) User=0.00s Sys=0.00s Real=0.01s
[2023-11-10T11:28:43.244-0800][75326876ms] GC(20530) Pause Young (Normal) (G1 Evacuation Pause)
[2023-11-10T11:28:43.244-0800][75326876ms] GC(20530) Using 10 workers of 10 for evacuation
[2023-11-10T11:28:43.250-0800][75326882ms] GC(20530)   Pre Evacuate Collection Set: 0.1ms
[2023-11-10T11:28:43.250-0800][75326882ms] GC(20530)   Evacuate Collection Set: 2.1ms
[2023-11-10T11:28:43.250-0800][75326882ms] GC(20530)   Post Evacuate Collection Set: 3.4ms
[2023-11-10T11:28:43.250-0800][75326882ms] GC(20530)   Other: 0.4ms
[2023-11-10T11:28:43.250-0800][75326882ms] GC(20530) Eden regions: 218->0(218)
[2023-11-10T11:28:43.250-0800][75326882ms] GC(20530) Survivor regions: 1->1(28)
[2023-11-10T11:28:43.250-0800][75326882ms] GC(20530) Old regions: 1394->1394
[2023-11-10T11:28:43.250-0800][75326882ms] GC(20530) Humongous regions: 5->5
[2023-11-10T11:28:43.250-0800][75326882ms] GC(20530) Metaspace: 304631K->304631K(1347584K)
[2023-11-10T11:28:43.250-0800][75326882ms] GC(20530) Pause Young (Normal) (G1 Evacuation Pause) 3232M->2797M(3602M) 6.053ms
[2023-11-10T11:28:43.250-0800][75326882ms] GC(20530) User=0.00s Sys=0.00s Real=0.01s
[2023-11-10T11:28:43.766-0800][75327398ms] GC(20531) Pause Young (Normal) (G1 Evacuation Pause)
[2023-11-10T11:28:43.766-0800][75327398ms] GC(20531) Using 10 workers of 10 for evacuation
[2023-11-10T11:28:43.771-0800][75327403ms] GC(20531)   Pre Evacuate Collection Set: 0.1ms
[2023-11-10T11:28:43.771-0800][75327403ms] GC(20531)   Evacuate Collection Set: 1.7ms
[2023-11-10T11:28:43.771-0800][75327403ms] GC(20531)   Post Evacuate Collection Set: 3.1ms
[2023-11-10T11:28:43.771-0800][75327403ms] GC(20531)   Other: 0.3ms
[2023-11-10T11:28:43.771-0800][75327403ms] GC(20531) Eden regions: 218->0(218)
[2023-11-10T11:28:43.771-0800][75327403ms] GC(20531) Survivor regions: 1->1(28)
[2023-11-10T11:28:43.771-0800][75327403ms] GC(20531) Old regions: 1394->1394
[2023-11-10T11:28:43.771-0800][75327403ms] GC(20531) Humongous regions: 5->5
[2023-11-10T11:28:43.771-0800][75327403ms] GC(20531) Metaspace: 304631K->304631K(1347584K)
[2023-11-10T11:28:43.771-0800][75327403ms] GC(20531) Pause Young (Normal) (G1 Evacuation Pause) 3233M->2797M(3602M) 5.313ms
[2023-11-10T11:28:43.771-0800][75327403ms] GC(20531) User=0.00s Sys=0.00s Real=0.00s
[2023-11-10T11:28:44.264-0800][75327896ms] GC(20532) Pause Young (Normal) (G1 Evacuation Pause)
[2023-11-10T11:28:44.264-0800][75327896ms] GC(20532) Using 10 workers of 10 for evacuation
[2023-11-10T11:28:44.269-0800][75327901ms] GC(20532)   Pre Evacuate Collection Set: 0.0ms
[2023-11-10T11:28:44.269-0800][75327901ms] GC(20532)   Evacuate Collection Set: 2.1ms
[2023-11-10T11:28:44.269-0800][75327901ms] GC(20532)   Post Evacuate Collection Set: 3.6ms
[2023-11-10T11:28:44.269-0800][75327901ms] GC(20532)   Other: 0.3ms
[2023-11-10T11:28:44.269-0800][75327901ms] GC(20532) Eden regions: 218->0(218)
[2023-11-10T11:28:44.269-0800][75327901ms] GC(20532) Survivor regions: 1->1(28)
[2023-11-10T11:28:44.269-0800][75327901ms] GC(20532) Old regions: 1394->1394
[2023-11-10T11:28:44.269-0800][75327901ms] GC(20532) Humongous regions: 5->5
[2023-11-10T11:28:44.269-0800][75327901ms] GC(20532) Metaspace: 304631K->304631K(1347584K)
[2023-11-10T11:28:44.269-0800][75327901ms] GC(20532) Pause Young (Normal) (G1 Evacuation Pause) 3233M->2796M(3602M) 6.100ms
[2023-11-10T11:28:44.269-0800][75327901ms] GC(20532) User=0.00s Sys=0.00s Real=0.01s
[2023-11-10T11:28:44.828-0800][75328460ms] GC(20533) Pause Young (Normal) (G1 Evacuation Pause)
[2023-11-10T11:28:44.828-0800][75328460ms] GC(20533) Using 10 workers of 10 for evacuation
[2023-11-10T11:28:44.833-0800][75328465ms] GC(20533)   Pre Evacuate Collection Set: 0.0ms
[2023-11-10T11:28:44.833-0800][75328465ms] GC(20533)   Evacuate Collection Set: 1.8ms
[2023-11-10T11:28:44.833-0800][75328465ms] GC(20533)   Post Evacuate Collection Set: 3.3ms
[2023-11-10T11:28:44.833-0800][75328465ms] GC(20533)   Other: 0.3ms
[2023-11-10T11:28:44.833-0800][75328465ms] GC(20533) Eden regions: 218->0(218)
[2023-11-10T11:28:44.834-0800][75328466ms] GC(20533) Survivor regions: 1->1(28)
[2023-11-10T11:28:44.834-0800][75328466ms] GC(20533) Old regions: 1394->1394
[2023-11-10T11:28:44.834-0800][75328466ms] GC(20533) Humongous regions: 5->5
[2023-11-10T11:28:44.834-0800][75328466ms] GC(20533) Metaspace: 304631K->304631K(1347584K)
[2023-11-10T11:28:44.834-0800][75328466ms] GC(20533) Pause Young (Normal) (G1 Evacuation Pause) 3232M->2796M(3602M) 5.517ms
[2023-11-10T11:28:44.834-0800][75328466ms] GC(20533) User=0.00s Sys=0.00s Real=0.01s
[2023-11-10T11:28:45.438-0800][75329070ms] GC(20534) Pause Young (Normal) (G1 Evacuation Pause)
[2023-11-10T11:28:45.438-0800][75329070ms] GC(20534) Using 10 workers of 10 for evacuation
[2023-11-10T11:28:45.443-0800][75329075ms] GC(20534)   Pre Evacuate Collection Set: 0.0ms
[2023-11-10T11:28:45.443-0800][75329075ms] GC(20534)   Evacuate Collection Set: 1.7ms
[2023-11-10T11:28:45.443-0800][75329075ms] GC(20534)   Post Evacuate Collection Set: 3.2ms
[2023-11-10T11:28:45.443-0800][75329075ms] GC(20534)   Other: 0.3ms
[2023-11-10T11:28:45.443-0800][75329075ms] GC(20534) Eden regions: 218->0(218)
[2023-11-10T11:28:45.443-0800][75329075ms] GC(20534) Survivor regions: 1->1(28)
[2023-11-10T11:28:45.443-0800][75329075ms] GC(20534) Old regions: 1394->1394
[2023-11-10T11:28:45.443-0800][75329075ms] GC(20534) Humongous regions: 5->5
[2023-11-10T11:28:45.443-0800][75329075ms] GC(20534) Metaspace: 304631K->304631K(1347584K)
[2023-11-10T11:28:45.443-0800][75329075ms] GC(20534) Pause Young (Normal) (G1 Evacuation Pause) 3232M->2796M(3602M) 5.294ms
[2023-11-10T11:28:45.443-0800][75329075ms] GC(20534) User=0.00s Sys=0.00s Real=0.01s
[2023-11-10T11:28:46.059-0800][75329691ms] GC(20535) Pause Young (Normal) (G1 Evacuation Pause)
[2023-11-10T11:28:46.059-0800][75329691ms] GC(20535) Using 10 workers of 10 for evacuation
[2023-11-10T11:28:46.066-0800][75329698ms] GC(20535)   Pre Evacuate Collection Set: 0.2ms
[2023-11-10T11:28:46.066-0800][75329698ms] GC(20535)   Evacuate Collection Set: 2.6ms
[2023-11-10T11:28:46.066-0800][75329698ms] GC(20535)   Post Evacuate Collection Set: 4.1ms
[2023-11-10T11:28:46.066-0800][75329698ms] GC(20535)   Other: 0.5ms
[2023-11-10T11:28:46.066-0800][75329698ms] GC(20535) Eden regions: 218->0(218)
[2023-11-10T11:28:46.066-0800][75329698ms] GC(20535) Survivor regions: 1->1(28)
[2023-11-10T11:28:46.066-0800][75329698ms] GC(20535) Old regions: 1394->1394
[2023-11-10T11:28:46.066-0800][75329698ms] GC(20535) Humongous regions: 5->5
[2023-11-10T11:28:46.066-0800][75329698ms] GC(20535) Metaspace: 304631K->304631K(1347584K)
[2023-11-10T11:28:46.067-0800][75329699ms] GC(20535) Pause Young (Normal) (G1 Evacuation Pause) 3232M->2796M(3602M) 7.498ms
[2023-11-10T11:28:46.067-0800][75329699ms] GC(20535) User=0.00s Sys=0.00s Real=0.01s
[2023-11-10T11:28:46.613-0800][75330245ms] GC(20536) Pause Young (Normal) (G1 Evacuation Pause)
[2023-11-10T11:28:46.613-0800][75330245ms] GC(20536) Using 10 workers of 10 for evacuation
[2023-11-10T11:28:46.619-0800][75330251ms] GC(20536)   Pre Evacuate Collection Set: 0.0ms
[2023-11-10T11:28:46.619-0800][75330251ms] GC(20536)   Evacuate Collection Set: 1.7ms
[2023-11-10T11:28:46.619-0800][75330251ms] GC(20536)   Post Evacuate Collection Set: 3.7ms
[2023-11-10T11:28:46.619-0800][75330251ms] GC(20536)   Other: 0.3ms
[2023-11-10T11:28:46.619-0800][75330251ms] GC(20536) Eden regions: 218->0(218)
[2023-11-10T11:28:46.619-0800][75330251ms] GC(20536) Survivor regions: 1->1(28)
[2023-11-10T11:28:46.619-0800][75330251ms] GC(20536) Old regions: 1394->1394
[2023-11-10T11:28:46.619-0800][75330251ms] GC(20536) Humongous regions: 5->5
[2023-11-10T11:28:46.619-0800][75330251ms] GC(20536) Metaspace: 304631K->304631K(1347584K)
[2023-11-10T11:28:46.619-0800][75330251ms] GC(20536) Pause Young (Normal) (G1 Evacuation Pause) 3232M->2796M(3602M) 5.850ms
[2023-11-10T11:28:46.619-0800][75330251ms] GC(20536) User=0.00s Sys=0.00s Real=0.01s
[2023-11-10T11:28:47.178-0800][75330810ms] GC(20537) Pause Young (Normal) (G1 Evacuation Pause)
[2023-11-10T11:28:47.178-0800][75330810ms] GC(20537) Using 10 workers of 10 for evacuation
[2023-11-10T11:28:47.185-0800][75330817ms] GC(20537)   Pre Evacuate Collection Set: 0.0ms
[2023-11-10T11:28:47.185-0800][75330817ms] GC(20537)   Evacuate Collection Set: 2.6ms
[2023-11-10T11:28:47.185-0800][75330817ms] GC(20537)   Post Evacuate Collection Set: 4.2ms
[2023-11-10T11:28:47.185-0800][75330817ms] GC(20537)   Other: 0.3ms
[2023-11-10T11:28:47.185-0800][75330817ms] GC(20537) Eden regions: 218->0(218)
[2023-11-10T11:28:47.185-0800][75330817ms] GC(20537) Survivor regions: 1->1(28)
[2023-11-10T11:28:47.185-0800][75330817ms] GC(20537) Old regions: 1394->1394
[2023-11-10T11:28:47.185-0800][75330817ms] GC(20537) Humongous regions: 5->5
[2023-11-10T11:28:47.185-0800][75330817ms] GC(20537) Metaspace: 304631K->304631K(1347584K)
[2023-11-10T11:28:47.185-0800][75330817ms] GC(20537) Pause Young (Normal) (G1 Evacuation Pause) 3232M->2796M(3602M) 7.177ms
[2023-11-10T11:28:47.185-0800][75330817ms] GC(20537) User=0.02s Sys=0.00s Real=0.01s
[2023-11-10T11:28:47.740-0800][75331372ms] GC(20538) Pause Young (Normal) (G1 Evacuation Pause)
[2023-11-10T11:28:47.740-0800][75331372ms] GC(20538) Using 10 workers of 10 for evacuation
[2023-11-10T11:28:47.748-0800][75331380ms] GC(20538)   Pre Evacuate Collection Set: 0.1ms
[2023-11-10T11:28:47.748-0800][75331380ms] GC(20538)   Evacuate Collection Set: 2.3ms
[2023-11-10T11:28:47.748-0800][75331380ms] GC(20538)   Post Evacuate Collection Set: 4.8ms
[2023-11-10T11:28:47.748-0800][75331380ms] GC(20538)   Other: 0.4ms
[2023-11-10T11:28:47.748-0800][75331380ms] GC(20538) Eden regions: 218->0(218)
[2023-11-10T11:28:47.748-0800][75331380ms] GC(20538) Survivor regions: 1->1(28)
[2023-11-10T11:28:47.748-0800][75331380ms] GC(20538) Old regions: 1394->1394
[2023-11-10T11:28:47.748-0800][75331380ms] GC(20538) Humongous regions: 5->5
[2023-11-10T11:28:47.748-0800][75331380ms] GC(20538) Metaspace: 304631K->304631K(1347584K)
[2023-11-10T11:28:47.748-0800][75331380ms] GC(20538) Pause Young (Normal) (G1 Evacuation Pause) 3232M->2796M(3602M) 7.746ms
[2023-11-10T11:28:47.748-0800][75331380ms] GC(20538) User=0.05s Sys=0.00s Real=0.01s
[2023-11-10T11:28:48.348-0800][75331980ms] GC(20539) Pause Young (Normal) (G1 Evacuation Pause)
[2023-11-10T11:28:48.348-0800][75331980ms] GC(20539) Using 10 workers of 10 for evacuation
[2023-11-10T11:28:48.354-0800][75331986ms] GC(20539)   Pre Evacuate Collection Set: 0.0ms
[2023-11-10T11:28:48.354-0800][75331986ms] GC(20539)   Evacuate Collection Set: 1.8ms
[2023-11-10T11:28:48.354-0800][75331986ms] GC(20539)   Post Evacuate Collection Set: 3.9ms
[2023-11-10T11:28:48.354-0800][75331986ms] GC(20539)   Other: 0.3ms
[2023-11-10T11:28:48.354-0800][75331986ms] GC(20539) Eden regions: 218->0(218)
[2023-11-10T11:28:48.354-0800][75331986ms] GC(20539) Survivor regions: 1->1(28)
[2023-11-10T11:28:48.354-0800][75331986ms] GC(20539) Old regions: 1394->1394
[2023-11-10T11:28:48.354-0800][75331986ms] GC(20539) Humongous regions: 5->5
[2023-11-10T11:28:48.354-0800][75331986ms] GC(20539) Metaspace: 304631K->304631K(1347584K)
[2023-11-10T11:28:48.354-0800][75331986ms] GC(20539) Pause Young (Normal) (G1 Evacuation Pause) 3232M->2797M(3602M) 6.131ms
[2023-11-10T11:28:48.354-0800][75331986ms] GC(20539) User=0.00s Sys=0.00s Real=0.01s
[2023-11-10T11:28:48.893-0800][75332525ms] GC(20540) Pause Young (Normal) (G1 Evacuation Pause)
[2023-11-10T11:28:48.893-0800][75332525ms] GC(20540) Using 10 workers of 10 for evacuation
[2023-11-10T11:28:48.898-0800][75332530ms] GC(20540)   Pre Evacuate Collection Set: 0.0ms
[2023-11-10T11:28:48.898-0800][75332530ms] GC(20540)   Evacuate Collection Set: 1.7ms
[2023-11-10T11:28:48.898-0800][75332530ms] GC(20540)   Post Evacuate Collection Set: 3.1ms
[2023-11-10T11:28:48.898-0800][75332530ms] GC(20540)   Other: 0.3ms
[2023-11-10T11:28:48.898-0800][75332530ms] GC(20540) Eden regions: 218->0(218)
[2023-11-10T11:28:48.898-0800][75332530ms] GC(20540) Survivor regions: 1->1(28)
[2023-11-10T11:28:48.898-0800][75332530ms] GC(20540) Old regions: 1394->1394
[2023-11-10T11:28:48.898-0800][75332530ms] GC(20540) Humongous regions: 5->5
[2023-11-10T11:28:48.898-0800][75332530ms] GC(20540) Metaspace: 304631K->304631K(1347584K)
[2023-11-10T11:28:48.898-0800][75332530ms] GC(20540) Pause Young (Normal) (G1 Evacuation Pause) 3233M->2796M(3602M) 5.223ms
[2023-11-10T11:28:48.898-0800][75332530ms] GC(20540) User=0.00s Sys=0.00s Real=0.01s
[2023-11-10T11:28:49.447-0800][75333079ms] GC(20541) Pause Young (Normal) (G1 Evacuation Pause)
[2023-11-10T11:28:49.447-0800][75333079ms] GC(20541) Using 10 workers of 10 for evacuation
[2023-11-10T11:28:49.452-0800][75333084ms] GC(20541)   Pre Evacuate Collection Set: 0.1ms
[2023-11-10T11:28:49.452-0800][75333084ms] GC(20541)   Evacuate Collection Set: 2.2ms
[2023-11-10T11:28:49.452-0800][75333084ms] GC(20541)   Post Evacuate Collection Set: 3.3ms
[2023-11-10T11:28:49.452-0800][75333084ms] GC(20541)   Other: 0.3ms
[2023-11-10T11:28:49.452-0800][75333084ms] GC(20541) Eden regions: 218->0(219)
[2023-11-10T11:28:49.452-0800][75333084ms] GC(20541) Survivor regions: 1->1(28)
[2023-11-10T11:28:49.452-0800][75333084ms] GC(20541) Old regions: 1394->1394
[2023-11-10T11:28:49.452-0800][75333084ms] GC(20541) Humongous regions: 5->5
[2023-11-10T11:28:49.452-0800][75333084ms] GC(20541) Metaspace: 304631K->304631K(1347584K)
[2023-11-10T11:28:49.452-0800][75333084ms] GC(20541) Pause Young (Normal) (G1 Evacuation Pause) 3232M->2797M(3602M) 5.986ms
[2023-11-10T11:28:49.453-0800][75333085ms] GC(20541) User=0.00s Sys=0.00s Real=0.01s
[2023-11-10T11:28:50.004-0800][75333636ms] GC(20542) Pause Young (Normal) (G1 Evacuation Pause)
[2023-11-10T11:28:50.004-0800][75333636ms] GC(20542) Using 10 workers of 10 for evacuation
[2023-11-10T11:28:50.011-0800][75333643ms] GC(20542)   Pre Evacuate Collection Set: 0.1ms
[2023-11-10T11:28:50.011-0800][75333643ms] GC(20542)   Evacuate Collection Set: 2.4ms
[2023-11-10T11:28:50.011-0800][75333643ms] GC(20542)   Post Evacuate Collection Set: 3.7ms
[2023-11-10T11:28:50.011-0800][75333643ms] GC(20542)   Other: 0.4ms
[2023-11-10T11:28:50.011-0800][75333643ms] GC(20542) Eden regions: 219->0(219)
[2023-11-10T11:28:50.011-0800][75333643ms] GC(20542) Survivor regions: 1->1(28)
[2023-11-10T11:28:50.011-0800][75333643ms] GC(20542) Old regions: 1394->1394
[2023-11-10T11:28:50.011-0800][75333643ms] GC(20542) Humongous regions: 5->5
[2023-11-10T11:28:50.011-0800][75333643ms] GC(20542) Metaspace: 304631K->304631K(1347584K)
[2023-11-10T11:28:50.011-0800][75333643ms] GC(20542) Pause Young (Normal) (G1 Evacuation Pause) 3235M->2797M(3602M) 6.622ms
[2023-11-10T11:28:50.011-0800][75333643ms] GC(20542) User=0.00s Sys=0.00s Real=0.01s
[2023-11-10T11:28:50.668-0800][75334300ms] GC(20543) Pause Young (Normal) (G1 Evacuation Pause)
[2023-11-10T11:28:50.668-0800][75334300ms] GC(20543) Using 10 workers of 10 for evacuation
[2023-11-10T11:28:50.673-0800][75334305ms] GC(20543)   Pre Evacuate Collection Set: 0.0ms
[2023-11-10T11:28:50.673-0800][75334305ms] GC(20543)   Evacuate Collection Set: 1.8ms
[2023-11-10T11:28:50.673-0800][75334305ms] GC(20543)   Post Evacuate Collection Set: 2.9ms
[2023-11-10T11:28:50.673-0800][75334305ms] GC(20543)   Other: 0.3ms
[2023-11-10T11:28:50.673-0800][75334305ms] GC(20543) Eden regions: 219->0(219)
[2023-11-10T11:28:50.673-0800][75334305ms] GC(20543) Survivor regions: 1->1(28)
[2023-11-10T11:28:50.673-0800][75334305ms] GC(20543) Old regions: 1394->1394
[2023-11-10T11:28:50.673-0800][75334305ms] GC(20543) Humongous regions: 5->5
[2023-11-10T11:28:50.673-0800][75334305ms] GC(20543) Metaspace: 304631K->304631K(1347584K)
[2023-11-10T11:28:50.673-0800][75334305ms] GC(20543) Pause Young (Normal) (G1 Evacuation Pause) 3235M->2796M(3602M) 5.089ms
[2023-11-10T11:28:50.673-0800][75334305ms] GC(20543) User=0.00s Sys=0.00s Real=0.01s
[2023-11-10T11:28:51.178-0800][75334810ms] GC(20544) Pause Young (Normal) (G1 Evacuation Pause)
[2023-11-10T11:28:51.178-0800][75334810ms] GC(20544) Using 10 workers of 10 for evacuation
[2023-11-10T11:28:51.183-0800][75334815ms] GC(20544)   Pre Evacuate Collection Set: 0.0ms
[2023-11-10T11:28:51.183-0800][75334815ms] GC(20544)   Evacuate Collection Set: 1.7ms
[2023-11-10T11:28:51.183-0800][75334815ms] GC(20544)   Post Evacuate Collection Set: 3.0ms
[2023-11-10T11:28:51.183-0800][75334815ms] GC(20544)   Other: 0.2ms
[2023-11-10T11:28:51.183-0800][75334815ms] GC(20544) Eden regions: 219->0(219)
[2023-11-10T11:28:51.183-0800][75334815ms] GC(20544) Survivor regions: 1->1(28)
[2023-11-10T11:28:51.183-0800][75334815ms] GC(20544) Old regions: 1394->1394
[2023-11-10T11:28:51.183-0800][75334815ms] GC(20544) Humongous regions: 5->5
[2023-11-10T11:28:51.183-0800][75334815ms] GC(20544) Metaspace: 304631K->304631K(1347584K)
[2023-11-10T11:28:51.183-0800][75334815ms] GC(20544) Pause Young (Normal) (G1 Evacuation Pause) 3234M->2796M(3602M) 5.074ms
[2023-11-10T11:28:51.183-0800][75334815ms] GC(20544) User=0.06s Sys=0.00s Real=0.01s
[2023-11-10T11:28:51.710-0800][75335342ms] GC(20545) Pause Young (Normal) (G1 Evacuation Pause)
[2023-11-10T11:28:51.710-0800][75335342ms] GC(20545) Using 10 workers of 10 for evacuation
[2023-11-10T11:28:51.715-0800][75335347ms] GC(20545)   Pre Evacuate Collection Set: 0.0ms
[2023-11-10T11:28:51.715-0800][75335347ms] GC(20545)   Evacuate Collection Set: 1.6ms
[2023-11-10T11:28:51.715-0800][75335347ms] GC(20545)   Post Evacuate Collection Set: 3.1ms
[2023-11-10T11:28:51.715-0800][75335347ms] GC(20545)   Other: 0.2ms
[2023-11-10T11:28:51.715-0800][75335347ms] GC(20545) Eden regions: 219->0(219)
[2023-11-10T11:28:51.715-0800][75335347ms] GC(20545) Survivor regions: 1->1(28)
[2023-11-10T11:28:51.715-0800][75335347ms] GC(20545) Old regions: 1394->1394
[2023-11-10T11:28:51.715-0800][75335347ms] GC(20545) Humongous regions: 5->5
[2023-11-10T11:28:51.715-0800][75335347ms] GC(20545) Metaspace: 304631K->304631K(1347584K)
[2023-11-10T11:28:51.715-0800][75335347ms] GC(20545) Pause Young (Normal) (G1 Evacuation Pause) 3234M->2797M(3602M) 5.015ms
[2023-11-10T11:28:51.715-0800][75335347ms] GC(20545) User=0.00s Sys=0.00s Real=0.00s
[2023-11-10T11:28:52.267-0800][75335899ms] GC(20546) Pause Young (Normal) (G1 Evacuation Pause)
[2023-11-10T11:28:52.267-0800][75335899ms] GC(20546) Using 10 workers of 10 for evacuation
[2023-11-10T11:28:52.272-0800][75335904ms] GC(20546)   Pre Evacuate Collection Set: 0.0ms
[2023-11-10T11:28:52.272-0800][75335904ms] GC(20546)   Evacuate Collection Set: 2.0ms
[2023-11-10T11:28:52.272-0800][75335904ms] GC(20546)   Post Evacuate Collection Set: 3.1ms
[2023-11-10T11:28:52.272-0800][75335904ms] GC(20546)   Other: 0.3ms
[2023-11-10T11:28:52.272-0800][75335904ms] GC(20546) Eden regions: 219->0(219)
[2023-11-10T11:28:52.272-0800][75335904ms] GC(20546) Survivor regions: 1->1(28)
[2023-11-10T11:28:52.272-0800][75335904ms] GC(20546) Old regions: 1394->1394
[2023-11-10T11:28:52.272-0800][75335904ms] GC(20546) Humongous regions: 5->5
[2023-11-10T11:28:52.272-0800][75335904ms] GC(20546) Metaspace: 304631K->304631K(1347584K)
[2023-11-10T11:28:52.272-0800][75335904ms] GC(20546) Pause Young (Normal) (G1 Evacuation Pause) 3235M->2797M(3602M) 5.468ms
[2023-11-10T11:28:52.272-0800][75335904ms] GC(20546) User=0.00s Sys=0.00s Real=0.01s
[2023-11-10T11:28:52.755-0800][75336387ms] GC(20547) Pause Young (Normal) (G1 Evacuation Pause)
[2023-11-10T11:28:52.755-0800][75336387ms] GC(20547) Using 10 workers of 10 for evacuation
[2023-11-10T11:28:52.760-0800][75336392ms] GC(20547)   Pre Evacuate Collection Set: 0.1ms
[2023-11-10T11:28:52.760-0800][75336392ms] GC(20547)   Evacuate Collection Set: 1.8ms
[2023-11-10T11:28:52.760-0800][75336392ms] GC(20547)   Post Evacuate Collection Set: 4.1ms
[2023-11-10T11:28:52.760-0800][75336392ms] GC(20547)   Other: 0.3ms
[2023-11-10T11:28:52.760-0800][75336392ms] GC(20547) Eden regions: 219->0(219)
[2023-11-10T11:28:52.760-0800][75336392ms] GC(20547) Survivor regions: 1->1(28)
[2023-11-10T11:28:52.760-0800][75336392ms] GC(20547) Old regions: 1394->1394
[2023-11-10T11:28:52.760-0800][75336392ms] GC(20547) Humongous regions: 5->5
[2023-11-10T11:28:52.761-0800][75336393ms] GC(20547) Metaspace: 304631K->304631K(1347584K)
[2023-11-10T11:28:52.761-0800][75336393ms] GC(20547) Pause Young (Normal) (G1 Evacuation Pause) 3235M->2797M(3602M) 6.479ms
[2023-11-10T11:28:52.761-0800][75336393ms] GC(20547) User=0.02s Sys=0.00s Real=0.01s
[2023-11-10T11:28:53.265-0800][75336897ms] GC(20548) Pause Young (Normal) (G1 Evacuation Pause)
[2023-11-10T11:28:53.265-0800][75336897ms] GC(20548) Using 10 workers of 10 for evacuation
[2023-11-10T11:28:53.270-0800][75336902ms] GC(20548)   Pre Evacuate Collection Set: 0.0ms
[2023-11-10T11:28:53.270-0800][75336902ms] GC(20548)   Evacuate Collection Set: 1.6ms
[2023-11-10T11:28:53.270-0800][75336902ms] GC(20548)   Post Evacuate Collection Set: 2.9ms
[2023-11-10T11:28:53.270-0800][75336902ms] GC(20548)   Other: 0.2ms
[2023-11-10T11:28:53.270-0800][75336902ms] GC(20548) Eden regions: 219->0(219)
[2023-11-10T11:28:53.270-0800][75336902ms] GC(20548) Survivor regions: 1->1(28)
[2023-11-10T11:28:53.270-0800][75336902ms] GC(20548) Old regions: 1394->1394
[2023-11-10T11:28:53.270-0800][75336902ms] GC(20548) Humongous regions: 5->5
[2023-11-10T11:28:53.270-0800][75336902ms] GC(20548) Metaspace: 304631K->304631K(1347584K)
[2023-11-10T11:28:53.270-0800][75336902ms] GC(20548) Pause Young (Normal) (G1 Evacuation Pause) 3235M->2797M(3602M) 4.924ms
[2023-11-10T11:28:53.270-0800][75336902ms] GC(20548) User=0.00s Sys=0.00s Real=0.00s
[2023-11-10T11:28:53.782-0800][75337414ms] GC(20549) Pause Young (Normal) (G1 Evacuation Pause)
[2023-11-10T11:28:53.782-0800][75337414ms] GC(20549) Using 10 workers of 10 for evacuation
[2023-11-10T11:28:53.787-0800][75337419ms] GC(20549)   Pre Evacuate Collection Set: 0.0ms
[2023-11-10T11:28:53.787-0800][75337419ms] GC(20549)   Evacuate Collection Set: 1.7ms
[2023-11-10T11:28:53.787-0800][75337419ms] GC(20549)   Post Evacuate Collection Set: 3.0ms
[2023-11-10T11:28:53.787-0800][75337419ms] GC(20549)   Other: 0.3ms
[2023-11-10T11:28:53.787-0800][75337419ms] GC(20549) Eden regions: 219->0(219)
[2023-11-10T11:28:53.787-0800][75337419ms] GC(20549) Survivor regions: 1->1(28)
[2023-11-10T11:28:53.787-0800][75337419ms] GC(20549) Old regions: 1394->1394
[2023-11-10T11:28:53.787-0800][75337419ms] GC(20549) Humongous regions: 5->5
[2023-11-10T11:28:53.787-0800][75337419ms] GC(20549) Metaspace: 304631K->304631K(1347584K)
[2023-11-10T11:28:53.787-0800][75337419ms] GC(20549) Pause Young (Normal) (G1 Evacuation Pause) 3235M->2798M(3602M) 5.060ms
[2023-11-10T11:28:53.787-0800][75337419ms] GC(20549) User=0.00s Sys=0.00s Real=0.00s
[2023-11-10T11:28:54.299-0800][75337931ms] GC(20550) Pause Young (Normal) (G1 Evacuation Pause)
[2023-11-10T11:28:54.301-0800][75337933ms] GC(20550) Using 10 workers of 10 for evacuation
[2023-11-10T11:28:54.306-0800][75337938ms] GC(20550)   Pre Evacuate Collection Set: 0.1ms
[2023-11-10T11:28:54.306-0800][75337938ms] GC(20550)   Evacuate Collection Set: 1.9ms
[2023-11-10T11:28:54.306-0800][75337938ms] GC(20550)   Post Evacuate Collection Set: 4.2ms
[2023-11-10T11:28:54.306-0800][75337938ms] GC(20550)   Other: 0.4ms
[2023-11-10T11:28:54.306-0800][75337938ms] GC(20550) Eden regions: 219->0(219)
[2023-11-10T11:28:54.306-0800][75337938ms] GC(20550) Survivor regions: 1->1(28)
[2023-11-10T11:28:54.306-0800][75337938ms] GC(20550) Old regions: 1394->1394
[2023-11-10T11:28:54.306-0800][75337938ms] GC(20550) Humongous regions: 5->5
[2023-11-10T11:28:54.306-0800][75337938ms] GC(20550) Metaspace: 304631K->304631K(1347584K)
[2023-11-10T11:28:54.306-0800][75337938ms] GC(20550) Pause Young (Normal) (G1 Evacuation Pause) 3236M->2797M(3602M) 6.583ms
[2023-11-10T11:28:54.306-0800][75337938ms] GC(20550) User=0.02s Sys=0.00s Real=0.01s
[2023-11-10T11:28:54.813-0800][75338445ms] GC(20551) Pause Young (Normal) (G1 Evacuation Pause)
[2023-11-10T11:28:54.813-0800][75338445ms] GC(20551) Using 10 workers of 10 for evacuation
[2023-11-10T11:28:54.819-0800][75338451ms] GC(20551)   Pre Evacuate Collection Set: 0.0ms
[2023-11-10T11:28:54.819-0800][75338451ms] GC(20551)   Evacuate Collection Set: 1.7ms
[2023-11-10T11:28:54.819-0800][75338451ms] GC(20551)   Post Evacuate Collection Set: 3.1ms
[2023-11-10T11:28:54.819-0800][75338451ms] GC(20551)   Other: 0.3ms
[2023-11-10T11:28:54.819-0800][75338451ms] GC(20551) Eden regions: 219->0(219)
[2023-11-10T11:28:54.819-0800][75338451ms] GC(20551) Survivor regions: 1->1(28)
[2023-11-10T11:28:54.819-0800][75338451ms] GC(20551) Old regions: 1394->1394
[2023-11-10T11:28:54.819-0800][75338451ms] GC(20551) Humongous regions: 5->5
[2023-11-10T11:28:54.819-0800][75338451ms] GC(20551) Metaspace: 304631K->304631K(1347584K)
[2023-11-10T11:28:54.819-0800][75338451ms] GC(20551) Pause Young (Normal) (G1 Evacuation Pause) 3235M->2797M(3602M) 5.247ms
[2023-11-10T11:28:54.819-0800][75338451ms] GC(20551) User=0.00s Sys=0.00s Real=0.01s
[2023-11-10T11:28:55.344-0800][75338976ms] GC(20552) Pause Young (Normal) (G1 Evacuation Pause)
[2023-11-10T11:28:55.344-0800][75338976ms] GC(20552) Using 10 workers of 10 for evacuation
[2023-11-10T11:28:55.348-0800][75338980ms] GC(20552)   Pre Evacuate Collection Set: 0.0ms
[2023-11-10T11:28:55.348-0800][75338980ms] GC(20552)   Evacuate Collection Set: 1.6ms
[2023-11-10T11:28:55.348-0800][75338980ms] GC(20552)   Post Evacuate Collection Set: 3.0ms
[2023-11-10T11:28:55.348-0800][75338980ms] GC(20552)   Other: 0.3ms
[2023-11-10T11:28:55.348-0800][75338980ms] GC(20552) Eden regions: 219->0(219)
[2023-11-10T11:28:55.348-0800][75338980ms] GC(20552) Survivor regions: 1->1(28)
[2023-11-10T11:28:55.348-0800][75338980ms] GC(20552) Old regions: 1394->1394
[2023-11-10T11:28:55.348-0800][75338980ms] GC(20552) Humongous regions: 5->5
[2023-11-10T11:28:55.348-0800][75338980ms] GC(20552) Metaspace: 304631K->304631K(1347584K)
[2023-11-10T11:28:55.348-0800][75338980ms] GC(20552) Pause Young (Normal) (G1 Evacuation Pause) 3235M->2797M(3602M) 5.058ms
[2023-11-10T11:28:55.348-0800][75338980ms] GC(20552) User=0.00s Sys=0.00s Real=0.00s
[2023-11-10T11:28:55.899-0800][75339531ms] GC(20553) Pause Young (Normal) (G1 Evacuation Pause)
[2023-11-10T11:28:55.899-0800][75339531ms] GC(20553) Using 10 workers of 10 for evacuation
[2023-11-10T11:28:55.904-0800][75339536ms] GC(20553)   Pre Evacuate Collection Set: 0.1ms
[2023-11-10T11:28:55.904-0800][75339536ms] GC(20553)   Evacuate Collection Set: 2.2ms
[2023-11-10T11:28:55.904-0800][75339536ms] GC(20553)   Post Evacuate Collection Set: 3.7ms
[2023-11-10T11:28:55.904-0800][75339536ms] GC(20553)   Other: 0.4ms
[2023-11-10T11:28:55.904-0800][75339536ms] GC(20553) Eden regions: 219->0(219)
[2023-11-10T11:28:55.904-0800][75339536ms] GC(20553) Survivor regions: 1->1(28)
[2023-11-10T11:28:55.904-0800][75339536ms] GC(20553) Old regions: 1394->1394
[2023-11-10T11:28:55.904-0800][75339536ms] GC(20553) Humongous regions: 5->5
[2023-11-10T11:28:55.906-0800][75339538ms] GC(20553) Metaspace: 304631K->304631K(1347584K)
[2023-11-10T11:28:55.906-0800][75339538ms] GC(20553) Pause Young (Normal) (G1 Evacuation Pause) 3235M->2797M(3602M) 6.430ms
[2023-11-10T11:28:55.906-0800][75339538ms] GC(20553) User=0.00s Sys=0.00s Real=0.01s
[2023-11-10T11:28:56.478-0800][75340110ms] GC(20554) Pause Young (Normal) (G1 Evacuation Pause)
[2023-11-10T11:28:56.478-0800][75340110ms] GC(20554) Using 10 workers of 10 for evacuation
[2023-11-10T11:28:56.483-0800][75340115ms] GC(20554)   Pre Evacuate Collection Set: 0.0ms
[2023-11-10T11:28:56.483-0800][75340115ms] GC(20554)   Evacuate Collection Set: 1.8ms
[2023-11-10T11:28:56.483-0800][75340115ms] GC(20554)   Post Evacuate Collection Set: 3.4ms
[2023-11-10T11:28:56.483-0800][75340115ms] GC(20554)   Other: 0.2ms
[2023-11-10T11:28:56.483-0800][75340115ms] GC(20554) Eden regions: 219->0(219)
[2023-11-10T11:28:56.483-0800][75340115ms] GC(20554) Survivor regions: 1->1(28)
[2023-11-10T11:28:56.483-0800][75340115ms] GC(20554) Old regions: 1394->1394
[2023-11-10T11:28:56.483-0800][75340115ms] GC(20554) Humongous regions: 5->5
[2023-11-10T11:28:56.483-0800][75340115ms] GC(20554) Metaspace: 304631K->304631K(1347584K)
[2023-11-10T11:28:56.483-0800][75340115ms] GC(20554) Pause Young (Normal) (G1 Evacuation Pause) 3235M->2797M(3602M) 5.566ms
[2023-11-10T11:28:56.483-0800][75340115ms] GC(20554) User=0.00s Sys=0.00s Real=0.01s
[2023-11-10T11:28:56.958-0800][75340590ms] GC(20555) Pause Young (Normal) (G1 Evacuation Pause)
[2023-11-10T11:28:56.958-0800][75340590ms] GC(20555) Using 10 workers of 10 for evacuation
[2023-11-10T11:28:56.966-0800][75340598ms] GC(20555)   Pre Evacuate Collection Set: 0.1ms
[2023-11-10T11:28:56.966-0800][75340598ms] GC(20555)   Evacuate Collection Set: 2.5ms
[2023-11-10T11:28:56.966-0800][75340598ms] GC(20555)   Post Evacuate Collection Set: 3.9ms
[2023-11-10T11:28:56.966-0800][75340598ms] GC(20555)   Other: 0.4ms
[2023-11-10T11:28:56.966-0800][75340598ms] GC(20555) Eden regions: 219->0(219)
[2023-11-10T11:28:56.966-0800][75340598ms] GC(20555) Survivor regions: 1->1(28)
[2023-11-10T11:28:56.966-0800][75340598ms] GC(20555) Old regions: 1394->1394
[2023-11-10T11:28:56.966-0800][75340598ms] GC(20555) Humongous regions: 5->5
[2023-11-10T11:28:56.966-0800][75340598ms] GC(20555) Metaspace: 304631K->304631K(1347584K)
[2023-11-10T11:28:56.966-0800][75340598ms] GC(20555) Pause Young (Normal) (G1 Evacuation Pause) 3235M->2797M(3602M) 6.887ms
[2023-11-10T11:28:56.966-0800][75340598ms] GC(20555) User=0.08s Sys=0.00s Real=0.01s
[2023-11-10T11:28:57.482-0800][75341114ms] GC(20556) Pause Young (Normal) (G1 Evacuation Pause)
[2023-11-10T11:28:57.482-0800][75341114ms] GC(20556) Using 10 workers of 10 for evacuation
[2023-11-10T11:28:57.487-0800][75341119ms] GC(20556)   Pre Evacuate Collection Set: 0.1ms
[2023-11-10T11:28:57.487-0800][75341119ms] GC(20556)   Evacuate Collection Set: 1.6ms
[2023-11-10T11:28:57.487-0800][75341119ms] GC(20556)   Post Evacuate Collection Set: 3.5ms
[2023-11-10T11:28:57.487-0800][75341119ms] GC(20556)   Other: 0.4ms
[2023-11-10T11:28:57.487-0800][75341119ms] GC(20556) Eden regions: 219->0(219)
[2023-11-10T11:28:57.487-0800][75341119ms] GC(20556) Survivor regions: 1->1(28)
[2023-11-10T11:28:57.487-0800][75341119ms] GC(20556) Old regions: 1394->1394
[2023-11-10T11:28:57.487-0800][75341119ms] GC(20556) Humongous regions: 5->5
[2023-11-10T11:28:57.487-0800][75341119ms] GC(20556) Metaspace: 304631K->304631K(1347584K)
[2023-11-10T11:28:57.488-0800][75341120ms] GC(20556) Pause Young (Normal) (G1 Evacuation Pause) 3235M->2797M(3602M) 5.748ms
[2023-11-10T11:28:57.488-0800][75341120ms] GC(20556) User=0.00s Sys=0.00s Real=0.01s
[2023-11-10T11:28:58.043-0800][75341675ms] GC(20557) Pause Young (Normal) (G1 Evacuation Pause)
[2023-11-10T11:28:58.043-0800][75341675ms] GC(20557) Using 10 workers of 10 for evacuation
[2023-11-10T11:28:58.050-0800][75341682ms] GC(20557)   Pre Evacuate Collection Set: 0.1ms
[2023-11-10T11:28:58.050-0800][75341682ms] GC(20557)   Evacuate Collection Set: 2.4ms
[2023-11-10T11:28:58.050-0800][75341682ms] GC(20557)   Post Evacuate Collection Set: 3.9ms
[2023-11-10T11:28:58.050-0800][75341682ms] GC(20557)   Other: 0.4ms
[2023-11-10T11:28:58.050-0800][75341682ms] GC(20557) Eden regions: 219->0(219)
[2023-11-10T11:28:58.050-0800][75341682ms] GC(20557) Survivor regions: 1->1(28)
[2023-11-10T11:28:58.050-0800][75341682ms] GC(20557) Old regions: 1394->1394
[2023-11-10T11:28:58.050-0800][75341682ms] GC(20557) Humongous regions: 5->5
[2023-11-10T11:28:58.050-0800][75341682ms] GC(20557) Metaspace: 304631K->304631K(1347584K)
[2023-11-10T11:28:58.050-0800][75341682ms] GC(20557) Pause Young (Normal) (G1 Evacuation Pause) 3235M->2797M(3602M) 6.836ms
[2023-11-10T11:28:58.050-0800][75341682ms] GC(20557) User=0.00s Sys=0.00s Real=0.01s
[2023-11-10T11:28:58.564-0800][75342196ms] GC(20558) Pause Young (Normal) (G1 Evacuation Pause)
[2023-11-10T11:28:58.564-0800][75342196ms] GC(20558) Using 10 workers of 10 for evacuation
[2023-11-10T11:28:58.571-0800][75342203ms] GC(20558)   Pre Evacuate Collection Set: 0.1ms
[2023-11-10T11:28:58.571-0800][75342203ms] GC(20558)   Evacuate Collection Set: 2.8ms
[2023-11-10T11:28:58.571-0800][75342203ms] GC(20558)   Post Evacuate Collection Set: 3.7ms
[2023-11-10T11:28:58.571-0800][75342203ms] GC(20558)   Other: 0.4ms
[2023-11-10T11:28:58.571-0800][75342203ms] GC(20558) Eden regions: 219->0(219)
[2023-11-10T11:28:58.571-0800][75342203ms] GC(20558) Survivor regions: 1->1(28)
[2023-11-10T11:28:58.571-0800][75342203ms] GC(20558) Old regions: 1394->1394
[2023-11-10T11:28:58.571-0800][75342203ms] GC(20558) Humongous regions: 5->5
[2023-11-10T11:28:58.571-0800][75342203ms] GC(20558) Metaspace: 304631K->304631K(1347584K)
[2023-11-10T11:28:58.571-0800][75342203ms] GC(20558) Pause Young (Normal) (G1 Evacuation Pause) 3235M->2797M(3602M) 6.994ms
[2023-11-10T11:28:58.571-0800][75342203ms] GC(20558) User=0.00s Sys=0.00s Real=0.01s
[2023-11-10T11:28:59.093-0800][75342725ms] GC(20559) Pause Young (Normal) (G1 Evacuation Pause)
[2023-11-10T11:28:59.093-0800][75342725ms] GC(20559) Using 10 workers of 10 for evacuation
[2023-11-10T11:28:59.099-0800][75342731ms] GC(20559)   Pre Evacuate Collection Set: 0.1ms
[2023-11-10T11:28:59.099-0800][75342731ms] GC(20559)   Evacuate Collection Set: 2.4ms
[2023-11-10T11:28:59.099-0800][75342731ms] GC(20559)   Post Evacuate Collection Set: 3.7ms
[2023-11-10T11:28:59.099-0800][75342731ms] GC(20559)   Other: 0.3ms
[2023-11-10T11:28:59.099-0800][75342731ms] GC(20559) Eden regions: 219->0(219)
[2023-11-10T11:28:59.099-0800][75342731ms] GC(20559) Survivor regions: 1->1(28)
[2023-11-10T11:28:59.099-0800][75342731ms] GC(20559) Old regions: 1394->1394
[2023-11-10T11:28:59.099-0800][75342731ms] GC(20559) Humongous regions: 5->5
[2023-11-10T11:28:59.099-0800][75342731ms] GC(20559) Metaspace: 304631K->304631K(1347584K)
[2023-11-10T11:28:59.099-0800][75342731ms] GC(20559) Pause Young (Normal) (G1 Evacuation Pause) 3235M->2797M(3602M) 6.623ms
[2023-11-10T11:28:59.099-0800][75342731ms] GC(20559) User=0.00s Sys=0.00s Real=0.01s
[2023-11-10T11:28:59.659-0800][75343291ms] GC(20560) Pause Young (Normal) (G1 Evacuation Pause)
[2023-11-10T11:28:59.659-0800][75343291ms] GC(20560) Using 10 workers of 10 for evacuation
[2023-11-10T11:28:59.665-0800][75343297ms] GC(20560)   Pre Evacuate Collection Set: 0.0ms
[2023-11-10T11:28:59.665-0800][75343297ms] GC(20560)   Evacuate Collection Set: 1.7ms
[2023-11-10T11:28:59.665-0800][75343297ms] GC(20560)   Post Evacuate Collection Set: 3.3ms
[2023-11-10T11:28:59.665-0800][75343297ms] GC(20560)   Other: 0.2ms
[2023-11-10T11:28:59.665-0800][75343297ms] GC(20560) Eden regions: 219->0(219)
[2023-11-10T11:28:59.665-0800][75343297ms] GC(20560) Survivor regions: 1->1(28)
[2023-11-10T11:28:59.665-0800][75343297ms] GC(20560) Old regions: 1394->1394
[2023-11-10T11:28:59.665-0800][75343297ms] GC(20560) Humongous regions: 5->5
[2023-11-10T11:28:59.665-0800][75343297ms] GC(20560) Metaspace: 304631K->304631K(1347584K)
[2023-11-10T11:28:59.665-0800][75343297ms] GC(20560) Pause Young (Normal) (G1 Evacuation Pause) 3235M->2797M(3602M) 5.293ms
[2023-11-10T11:28:59.665-0800][75343297ms] GC(20560) User=0.00s Sys=0.00s Real=0.01s
[2023-11-10T11:29:00.148-0800][75343780ms] GC(20561) Pause Young (Normal) (G1 Evacuation Pause)
[2023-11-10T11:29:00.148-0800][75343780ms] GC(20561) Using 10 workers of 10 for evacuation
[2023-11-10T11:29:00.155-0800][75343787ms] GC(20561)   Pre Evacuate Collection Set: 0.1ms
[2023-11-10T11:29:00.155-0800][75343787ms] GC(20561)   Evacuate Collection Set: 2.2ms
[2023-11-10T11:29:00.155-0800][75343787ms] GC(20561)   Post Evacuate Collection Set: 4.0ms
[2023-11-10T11:29:00.155-0800][75343787ms] GC(20561)   Other: 0.4ms
[2023-11-10T11:29:00.155-0800][75343787ms] GC(20561) Eden regions: 219->0(219)
[2023-11-10T11:29:00.155-0800][75343787ms] GC(20561) Survivor regions: 1->1(28)
[2023-11-10T11:29:00.155-0800][75343787ms] GC(20561) Old regions: 1394->1394
[2023-11-10T11:29:00.155-0800][75343787ms] GC(20561) Humongous regions: 5->5
[2023-11-10T11:29:00.155-0800][75343787ms] GC(20561) Metaspace: 304631K->304631K(1347584K)
[2023-11-10T11:29:00.155-0800][75343787ms] GC(20561) Pause Young (Normal) (G1 Evacuation Pause) 3235M->2797M(3602M) 6.817ms
[2023-11-10T11:29:00.155-0800][75343787ms] GC(20561) User=0.00s Sys=0.00s Real=0.01s
[2023-11-10T11:29:00.724-0800][75344356ms] GC(20562) Pause Young (Normal) (G1 Evacuation Pause)
[2023-11-10T11:29:00.724-0800][75344356ms] GC(20562) Using 10 workers of 10 for evacuation
[2023-11-10T11:29:00.731-0800][75344363ms] GC(20562)   Pre Evacuate Collection Set: 0.0ms
[2023-11-10T11:29:00.731-0800][75344363ms] GC(20562)   Evacuate Collection Set: 2.4ms
[2023-11-10T11:29:00.731-0800][75344363ms] GC(20562)   Post Evacuate Collection Set: 4.0ms
[2023-11-10T11:29:00.731-0800][75344363ms] GC(20562)   Other: 0.3ms
[2023-11-10T11:29:00.731-0800][75344363ms] GC(20562) Eden regions: 219->0(219)
[2023-11-10T11:29:00.731-0800][75344363ms] GC(20562) Survivor regions: 1->1(28)
[2023-11-10T11:29:00.731-0800][75344363ms] GC(20562) Old regions: 1394->1394
[2023-11-10T11:29:00.731-0800][75344363ms] GC(20562) Humongous regions: 5->5
[2023-11-10T11:29:00.731-0800][75344363ms] GC(20562) Metaspace: 304631K->304631K(1347584K)
[2023-11-10T11:29:00.731-0800][75344363ms] GC(20562) Pause Young (Normal) (G1 Evacuation Pause) 3235M->2797M(3602M) 6.796ms
[2023-11-10T11:29:00.731-0800][75344363ms] GC(20562) User=0.11s Sys=0.00s Real=0.01s
[2023-11-10T11:29:01.295-0800][75344927ms] GC(20563) Pause Young (Normal) (G1 Evacuation Pause)
[2023-11-10T11:29:01.295-0800][75344927ms] GC(20563) Using 10 workers of 10 for evacuation
[2023-11-10T11:29:01.301-0800][75344933ms] GC(20563)   Pre Evacuate Collection Set: 0.1ms
[2023-11-10T11:29:01.301-0800][75344933ms] GC(20563)   Evacuate Collection Set: 1.7ms
[2023-11-10T11:29:01.301-0800][75344933ms] GC(20563)   Post Evacuate Collection Set: 3.9ms
[2023-11-10T11:29:01.301-0800][75344933ms] GC(20563)   Other: 0.3ms
[2023-11-10T11:29:01.301-0800][75344933ms] GC(20563) Eden regions: 219->0(219)
[2023-11-10T11:29:01.301-0800][75344933ms] GC(20563) Survivor regions: 1->1(28)
[2023-11-10T11:29:01.301-0800][75344933ms] GC(20563) Old regions: 1394->1394
[2023-11-10T11:29:01.301-0800][75344933ms] GC(20563) Humongous regions: 5->5
[2023-11-10T11:29:01.301-0800][75344933ms] GC(20563) Metaspace: 304631K->304631K(1347584K)
[2023-11-10T11:29:01.301-0800][75344933ms] GC(20563) Pause Young (Normal) (G1 Evacuation Pause) 3235M->2797M(3602M) 6.067ms
[2023-11-10T11:29:01.301-0800][75344933ms] GC(20563) User=0.00s Sys=0.00s Real=0.01s
[2023-11-10T11:29:01.847-0800][75345479ms] GC(20564) Pause Young (Normal) (G1 Evacuation Pause)
[2023-11-10T11:29:01.847-0800][75345479ms] GC(20564) Using 10 workers of 10 for evacuation
[2023-11-10T11:29:01.851-0800][75345483ms] GC(20564)   Pre Evacuate Collection Set: 0.0ms
[2023-11-10T11:29:01.851-0800][75345483ms] GC(20564)   Evacuate Collection Set: 1.7ms
[2023-11-10T11:29:01.851-0800][75345483ms] GC(20564)   Post Evacuate Collection Set: 3.1ms
[2023-11-10T11:29:01.851-0800][75345483ms] GC(20564)   Other: 0.3ms
[2023-11-10T11:29:01.851-0800][75345483ms] GC(20564) Eden regions: 219->0(219)
[2023-11-10T11:29:01.851-0800][75345483ms] GC(20564) Survivor regions: 1->1(28)
[2023-11-10T11:29:01.851-0800][75345483ms] GC(20564) Old regions: 1394->1394
[2023-11-10T11:29:01.851-0800][75345483ms] GC(20564) Humongous regions: 5->5
[2023-11-10T11:29:01.851-0800][75345483ms] GC(20564) Metaspace: 304631K->304631K(1347584K)
[2023-11-10T11:29:01.851-0800][75345483ms] GC(20564) Pause Young (Normal) (G1 Evacuation Pause) 3235M->2797M(3602M) 5.169ms
[2023-11-10T11:29:01.851-0800][75345483ms] GC(20564) User=0.00s Sys=0.00s Real=0.00s
[2023-11-10T11:29:02.403-0800][75346035ms] GC(20565) Pause Young (Normal) (G1 Evacuation Pause)
[2023-11-10T11:29:02.403-0800][75346035ms] GC(20565) Using 10 workers of 10 for evacuation
[2023-11-10T11:29:02.408-0800][75346040ms] GC(20565)   Pre Evacuate Collection Set: 0.0ms
[2023-11-10T11:29:02.408-0800][75346040ms] GC(20565)   Evacuate Collection Set: 1.8ms
[2023-11-10T11:29:02.408-0800][75346040ms] GC(20565)   Post Evacuate Collection Set: 3.2ms
[2023-11-10T11:29:02.408-0800][75346040ms] GC(20565)   Other: 0.2ms
[2023-11-10T11:29:02.408-0800][75346040ms] GC(20565) Eden regions: 219->0(219)
[2023-11-10T11:29:02.408-0800][75346040ms] GC(20565) Survivor regions: 1->1(28)
[2023-11-10T11:29:02.408-0800][75346040ms] GC(20565) Old regions: 1394->1394
[2023-11-10T11:29:02.408-0800][75346040ms] GC(20565) Humongous regions: 5->5
[2023-11-10T11:29:02.408-0800][75346040ms] GC(20565) Metaspace: 304631K->304631K(1347584K)
[2023-11-10T11:29:02.408-0800][75346040ms] GC(20565) Pause Young (Normal) (G1 Evacuation Pause) 3235M->2797M(3602M) 5.357ms
[2023-11-10T11:29:02.408-0800][75346040ms] GC(20565) User=0.00s Sys=0.00s Real=0.00s
[2023-11-10T11:29:02.953-0800][75346585ms] GC(20566) Pause Young (Normal) (G1 Evacuation Pause)
[2023-11-10T11:29:02.953-0800][75346585ms] GC(20566) Using 10 workers of 10 for evacuation
[2023-11-10T11:29:02.958-0800][75346590ms] GC(20566)   Pre Evacuate Collection Set: 0.0ms
[2023-11-10T11:29:02.958-0800][75346590ms] GC(20566)   Evacuate Collection Set: 1.8ms
[2023-11-10T11:29:02.958-0800][75346590ms] GC(20566)   Post Evacuate Collection Set: 3.1ms
[2023-11-10T11:29:02.958-0800][75346590ms] GC(20566)   Other: 0.3ms
[2023-11-10T11:29:02.958-0800][75346590ms] GC(20566) Eden regions: 219->0(219)
[2023-11-10T11:29:02.958-0800][75346590ms] GC(20566) Survivor regions: 1->1(28)
[2023-11-10T11:29:02.958-0800][75346590ms] GC(20566) Old regions: 1394->1394
[2023-11-10T11:29:02.958-0800][75346590ms] GC(20566) Humongous regions: 5->5
[2023-11-10T11:29:02.958-0800][75346590ms] GC(20566) Metaspace: 304631K->304631K(1347584K)
[2023-11-10T11:29:02.958-0800][75346590ms] GC(20566) Pause Young (Normal) (G1 Evacuation Pause) 3235M->2797M(3602M) 5.290ms
[2023-11-10T11:29:02.958-0800][75346590ms] GC(20566) User=0.00s Sys=0.00s Real=0.00s
[2023-11-10T11:29:03.533-0800][75347165ms] GC(20567) Pause Young (Normal) (G1 Evacuation Pause)
[2023-11-10T11:29:03.533-0800][75347165ms] GC(20567) Using 10 workers of 10 for evacuation
[2023-11-10T11:29:03.538-0800][75347170ms] GC(20567)   Pre Evacuate Collection Set: 0.0ms
[2023-11-10T11:29:03.538-0800][75347170ms] GC(20567)   Evacuate Collection Set: 1.6ms
[2023-11-10T11:29:03.538-0800][75347170ms] GC(20567)   Post Evacuate Collection Set: 2.9ms
[2023-11-10T11:29:03.538-0800][75347170ms] GC(20567)   Other: 0.2ms
[2023-11-10T11:29:03.538-0800][75347170ms] GC(20567) Eden regions: 219->0(219)
[2023-11-10T11:29:03.538-0800][75347170ms] GC(20567) Survivor regions: 1->1(28)
[2023-11-10T11:29:03.538-0800][75347170ms] GC(20567) Old regions: 1394->1394
[2023-11-10T11:29:03.538-0800][75347170ms] GC(20567) Humongous regions: 5->5
[2023-11-10T11:29:03.538-0800][75347170ms] GC(20567) Metaspace: 304631K->304631K(1347584K)
[2023-11-10T11:29:03.538-0800][75347170ms] GC(20567) Pause Young (Normal) (G1 Evacuation Pause) 3235M->2797M(3602M) 4.887ms
[2023-11-10T11:29:03.538-0800][75347170ms] GC(20567) User=0.00s Sys=0.00s Real=0.01s
[2023-11-10T11:29:04.043-0800][75347675ms] GC(20568) Pause Young (Normal) (G1 Evacuation Pause)
[2023-11-10T11:29:04.043-0800][75347675ms] GC(20568) Using 10 workers of 10 for evacuation
[2023-11-10T11:29:04.047-0800][75347679ms] GC(20568)   Pre Evacuate Collection Set: 0.0ms
[2023-11-10T11:29:04.049-0800][75347681ms] GC(20568)   Evacuate Collection Set: 1.6ms
[2023-11-10T11:29:04.049-0800][75347681ms] GC(20568)   Post Evacuate Collection Set: 3.4ms
[2023-11-10T11:29:04.049-0800][75347681ms] GC(20568)   Other: 0.3ms
[2023-11-10T11:29:04.049-0800][75347681ms] GC(20568) Eden regions: 219->0(219)
[2023-11-10T11:29:04.049-0800][75347681ms] GC(20568) Survivor regions: 1->1(28)
[2023-11-10T11:29:04.049-0800][75347681ms] GC(20568) Old regions: 1394->1394
[2023-11-10T11:29:04.049-0800][75347681ms] GC(20568) Humongous regions: 5->5
[2023-11-10T11:29:04.049-0800][75347681ms] GC(20568) Metaspace: 304631K->304631K(1347584K)
[2023-11-10T11:29:04.049-0800][75347681ms] GC(20568) Pause Young (Normal) (G1 Evacuation Pause) 3235M->2797M(3602M) 5.442ms
[2023-11-10T11:29:04.049-0800][75347681ms] GC(20568) User=0.00s Sys=0.00s Real=0.01s
[2023-11-10T11:29:04.574-0800][75348206ms] GC(20569) Pause Young (Normal) (G1 Evacuation Pause)
[2023-11-10T11:29:04.574-0800][75348206ms] GC(20569) Using 10 workers of 10 for evacuation
[2023-11-10T11:29:04.580-0800][75348212ms] GC(20569)   Pre Evacuate Collection Set: 0.0ms
[2023-11-10T11:29:04.580-0800][75348212ms] GC(20569)   Evacuate Collection Set: 1.6ms
[2023-11-10T11:29:04.580-0800][75348212ms] GC(20569)   Post Evacuate Collection Set: 3.1ms
[2023-11-10T11:29:04.580-0800][75348212ms] GC(20569)   Other: 0.2ms
[2023-11-10T11:29:04.580-0800][75348212ms] GC(20569) Eden regions: 219->0(219)
[2023-11-10T11:29:04.580-0800][75348212ms] GC(20569) Survivor regions: 1->1(28)
[2023-11-10T11:29:04.580-0800][75348212ms] GC(20569) Old regions: 1394->1394
[2023-11-10T11:29:04.580-0800][75348212ms] GC(20569) Humongous regions: 5->5
[2023-11-10T11:29:04.580-0800][75348212ms] GC(20569) Metaspace: 304631K->304631K(1347584K)
[2023-11-10T11:29:04.580-0800][75348212ms] GC(20569) Pause Young (Normal) (G1 Evacuation Pause) 3235M->2797M(3602M) 5.121ms
[2023-11-10T11:29:04.580-0800][75348212ms] GC(20569) User=0.00s Sys=0.00s Real=0.01s
[2023-11-10T11:29:05.089-0800][75348721ms] GC(20570) Pause Young (Normal) (G1 Evacuation Pause)
[2023-11-10T11:29:05.089-0800][75348721ms] GC(20570) Using 10 workers of 10 for evacuation
[2023-11-10T11:29:05.094-0800][75348726ms] GC(20570)   Pre Evacuate Collection Set: 0.0ms
[2023-11-10T11:29:05.094-0800][75348726ms] GC(20570)   Evacuate Collection Set: 1.7ms
[2023-11-10T11:29:05.094-0800][75348726ms] GC(20570)   Post Evacuate Collection Set: 3.6ms
[2023-11-10T11:29:05.094-0800][75348726ms] GC(20570)   Other: 0.3ms
[2023-11-10T11:29:05.094-0800][75348726ms] GC(20570) Eden regions: 219->0(219)
[2023-11-10T11:29:05.094-0800][75348726ms] GC(20570) Survivor regions: 1->1(28)
[2023-11-10T11:29:05.094-0800][75348726ms] GC(20570) Old regions: 1394->1394
[2023-11-10T11:29:05.094-0800][75348726ms] GC(20570) Humongous regions: 5->5
[2023-11-10T11:29:05.094-0800][75348726ms] GC(20570) Metaspace: 304631K->304631K(1347584K)
[2023-11-10T11:29:05.094-0800][75348726ms] GC(20570) Pause Young (Normal) (G1 Evacuation Pause) 3235M->2797M(3602M) 5.768ms
[2023-11-10T11:29:05.094-0800][75348726ms] GC(20570) User=0.00s Sys=0.00s Real=0.01s
[2023-11-10T11:29:05.699-0800][75349331ms] GC(20571) Pause Young (Normal) (G1 Evacuation Pause)
[2023-11-10T11:29:05.699-0800][75349331ms] GC(20571) Using 10 workers of 10 for evacuation
[2023-11-10T11:29:05.704-0800][75349336ms] GC(20571)   Pre Evacuate Collection Set: 0.0ms
[2023-11-10T11:29:05.704-0800][75349336ms] GC(20571)   Evacuate Collection Set: 1.8ms
[2023-11-10T11:29:05.704-0800][75349336ms] GC(20571)   Post Evacuate Collection Set: 3.2ms
[2023-11-10T11:29:05.704-0800][75349336ms] GC(20571)   Other: 0.3ms
[2023-11-10T11:29:05.704-0800][75349336ms] GC(20571) Eden regions: 219->0(219)
[2023-11-10T11:29:05.704-0800][75349336ms] GC(20571) Survivor regions: 1->1(28)
[2023-11-10T11:29:05.704-0800][75349336ms] GC(20571) Old regions: 1394->1394
[2023-11-10T11:29:05.704-0800][75349336ms] GC(20571) Humongous regions: 5->5
[2023-11-10T11:29:05.704-0800][75349336ms] GC(20571) Metaspace: 304631K->304631K(1347584K)
[2023-11-10T11:29:05.704-0800][75349336ms] GC(20571) Pause Young (Normal) (G1 Evacuation Pause) 3235M->2797M(3602M) 5.487ms
[2023-11-10T11:29:05.704-0800][75349336ms] GC(20571) User=0.00s Sys=0.00s Real=0.01s
[2023-11-10T11:29:06.207-0800][75349839ms] GC(20572) Pause Young (Normal) (G1 Evacuation Pause)
[2023-11-10T11:29:06.207-0800][75349839ms] GC(20572) Using 10 workers of 10 for evacuation
[2023-11-10T11:29:06.212-0800][75349844ms] GC(20572)   Pre Evacuate Collection Set: 0.0ms
[2023-11-10T11:29:06.212-0800][75349844ms] GC(20572)   Evacuate Collection Set: 1.8ms
[2023-11-10T11:29:06.212-0800][75349844ms] GC(20572)   Post Evacuate Collection Set: 3.5ms
[2023-11-10T11:29:06.212-0800][75349844ms] GC(20572)   Other: 0.3ms
[2023-11-10T11:29:06.212-0800][75349844ms] GC(20572) Eden regions: 219->0(219)
[2023-11-10T11:29:06.212-0800][75349844ms] GC(20572) Survivor regions: 1->1(28)
[2023-11-10T11:29:06.212-0800][75349844ms] GC(20572) Old regions: 1394->1394
[2023-11-10T11:29:06.212-0800][75349844ms] GC(20572) Humongous regions: 5->5
[2023-11-10T11:29:06.212-0800][75349844ms] GC(20572) Metaspace: 304631K->304631K(1347584K)
[2023-11-10T11:29:06.212-0800][75349844ms] GC(20572) Pause Young (Normal) (G1 Evacuation Pause) 3235M->2797M(3602M) 5.800ms
[2023-11-10T11:29:06.212-0800][75349844ms] GC(20572) User=0.00s Sys=0.00s Real=0.00s
[2023-11-10T11:29:06.827-0800][75350459ms] GC(20573) Pause Young (Normal) (G1 Evacuation Pause)
[2023-11-10T11:29:06.827-0800][75350459ms] GC(20573) Using 10 workers of 10 for evacuation
[2023-11-10T11:29:06.833-0800][75350465ms] GC(20573)   Pre Evacuate Collection Set: 0.1ms
[2023-11-10T11:29:06.833-0800][75350465ms] GC(20573)   Evacuate Collection Set: 2.3ms
[2023-11-10T11:29:06.833-0800][75350465ms] GC(20573)   Post Evacuate Collection Set: 3.5ms
[2023-11-10T11:29:06.833-0800][75350465ms] GC(20573)   Other: 0.3ms
[2023-11-10T11:29:06.833-0800][75350465ms] GC(20573) Eden regions: 219->0(219)
[2023-11-10T11:29:06.833-0800][75350465ms] GC(20573) Survivor regions: 1->1(28)
[2023-11-10T11:29:06.833-0800][75350465ms] GC(20573) Old regions: 1394->1394
[2023-11-10T11:29:06.833-0800][75350465ms] GC(20573) Humongous regions: 5->5
[2023-11-10T11:29:06.833-0800][75350465ms] GC(20573) Metaspace: 304631K->304631K(1347584K)
[2023-11-10T11:29:06.833-0800][75350465ms] GC(20573) Pause Young (Normal) (G1 Evacuation Pause) 3235M->2797M(3602M) 6.291ms
[2023-11-10T11:29:06.833-0800][75350465ms] GC(20573) User=0.00s Sys=0.00s Real=0.01s
[2023-11-10T11:29:07.340-0800][75350972ms] GC(20574) Pause Young (Normal) (G1 Evacuation Pause)
[2023-11-10T11:29:07.340-0800][75350972ms] GC(20574) Using 10 workers of 10 for evacuation
[2023-11-10T11:29:07.346-0800][75350978ms] GC(20574)   Pre Evacuate Collection Set: 0.0ms
[2023-11-10T11:29:07.346-0800][75350978ms] GC(20574)   Evacuate Collection Set: 1.8ms
[2023-11-10T11:29:07.346-0800][75350978ms] GC(20574)   Post Evacuate Collection Set: 4.4ms
[2023-11-10T11:29:07.346-0800][75350978ms] GC(20574)   Other: 0.3ms
[2023-11-10T11:29:07.346-0800][75350978ms] GC(20574) Eden regions: 219->0(219)
[2023-11-10T11:29:07.346-0800][75350978ms] GC(20574) Survivor regions: 1->1(28)
[2023-11-10T11:29:07.346-0800][75350978ms] GC(20574) Old regions: 1394->1394
[2023-11-10T11:29:07.346-0800][75350978ms] GC(20574) Humongous regions: 5->5
[2023-11-10T11:29:07.346-0800][75350978ms] GC(20574) Metaspace: 304631K->304631K(1347584K)
[2023-11-10T11:29:07.347-0800][75350979ms] GC(20574) Pause Young (Normal) (G1 Evacuation Pause) 3235M->2798M(3602M) 6.681ms
[2023-11-10T11:29:07.347-0800][75350979ms] GC(20574) User=0.00s Sys=0.00s Real=0.01s
[2023-11-10T11:29:07.912-0800][75351544ms] GC(20575) Pause Young (Normal) (G1 Evacuation Pause)
[2023-11-10T11:29:07.913-0800][75351545ms] GC(20575) Using 10 workers of 10 for evacuation
[2023-11-10T11:29:07.917-0800][75351549ms] GC(20575)   Pre Evacuate Collection Set: 0.0ms
[2023-11-10T11:29:07.917-0800][75351549ms] GC(20575)   Evacuate Collection Set: 1.8ms
[2023-11-10T11:29:07.917-0800][75351549ms] GC(20575)   Post Evacuate Collection Set: 3.0ms
[2023-11-10T11:29:07.917-0800][75351549ms] GC(20575)   Other: 0.3ms
[2023-11-10T11:29:07.917-0800][75351549ms] GC(20575) Eden regions: 219->0(219)
[2023-11-10T11:29:07.917-0800][75351549ms] GC(20575) Survivor regions: 1->1(28)
[2023-11-10T11:29:07.917-0800][75351549ms] GC(20575) Old regions: 1394->1394
[2023-11-10T11:29:07.917-0800][75351549ms] GC(20575) Humongous regions: 5->5
[2023-11-10T11:29:07.917-0800][75351549ms] GC(20575) Metaspace: 304631K->304631K(1347584K)
[2023-11-10T11:29:07.917-0800][75351549ms] GC(20575) Pause Young (Normal) (G1 Evacuation Pause) 3236M->2797M(3602M) 5.203ms
[2023-11-10T11:29:07.918-0800][75351550ms] GC(20575) User=0.05s Sys=0.00s Real=0.01s
[2023-11-10T11:29:08.494-0800][75352126ms] GC(20576) Pause Young (Normal) (G1 Evacuation Pause)
[2023-11-10T11:29:08.495-0800][75352127ms] GC(20576) Using 10 workers of 10 for evacuation
[2023-11-10T11:29:08.500-0800][75352132ms] GC(20576)   Pre Evacuate Collection Set: 0.1ms
[2023-11-10T11:29:08.500-0800][75352132ms] GC(20576)   Evacuate Collection Set: 2.2ms
[2023-11-10T11:29:08.500-0800][75352132ms] GC(20576)   Post Evacuate Collection Set: 4.2ms
[2023-11-10T11:29:08.500-0800][75352132ms] GC(20576)   Other: 0.4ms
[2023-11-10T11:29:08.500-0800][75352132ms] GC(20576) Eden regions: 219->0(219)
[2023-11-10T11:29:08.501-0800][75352133ms] GC(20576) Survivor regions: 1->1(28)
[2023-11-10T11:29:08.501-0800][75352133ms] GC(20576) Old regions: 1394->1394
[2023-11-10T11:29:08.501-0800][75352133ms] GC(20576) Humongous regions: 5->5
[2023-11-10T11:29:08.501-0800][75352133ms] GC(20576) Metaspace: 304631K->304631K(1347584K)
[2023-11-10T11:29:08.501-0800][75352133ms] GC(20576) Pause Young (Normal) (G1 Evacuation Pause) 3235M->2797M(3602M) 6.946ms
[2023-11-10T11:29:08.501-0800][75352133ms] GC(20576) User=0.00s Sys=0.00s Real=0.01s
[2023-11-10T11:29:09.089-0800][75352721ms] GC(20577) Pause Young (Normal) (G1 Evacuation Pause)
[2023-11-10T11:29:09.089-0800][75352721ms] GC(20577) Using 10 workers of 10 for evacuation
[2023-11-10T11:29:09.094-0800][75352726ms] GC(20577)   Pre Evacuate Collection Set: 0.1ms
[2023-11-10T11:29:09.094-0800][75352726ms] GC(20577)   Evacuate Collection Set: 2.1ms
[2023-11-10T11:29:09.094-0800][75352726ms] GC(20577)   Post Evacuate Collection Set: 3.2ms
[2023-11-10T11:29:09.094-0800][75352726ms] GC(20577)   Other: 0.4ms
[2023-11-10T11:29:09.094-0800][75352726ms] GC(20577) Eden regions: 219->0(219)
[2023-11-10T11:29:09.094-0800][75352726ms] GC(20577) Survivor regions: 1->1(28)
[2023-11-10T11:29:09.094-0800][75352726ms] GC(20577) Old regions: 1394->1394
[2023-11-10T11:29:09.094-0800][75352726ms] GC(20577) Humongous regions: 5->5
[2023-11-10T11:29:09.094-0800][75352726ms] GC(20577) Metaspace: 304631K->304631K(1347584K)
[2023-11-10T11:29:09.094-0800][75352726ms] GC(20577) Pause Young (Normal) (G1 Evacuation Pause) 3235M->2798M(3602M) 5.883ms
[2023-11-10T11:29:09.094-0800][75352726ms] GC(20577) User=0.00s Sys=0.00s Real=0.01s
[2023-11-10T11:29:09.631-0800][75353263ms] GC(20578) Pause Young (Normal) (G1 Evacuation Pause)
[2023-11-10T11:29:09.631-0800][75353263ms] GC(20578) Using 10 workers of 10 for evacuation
[2023-11-10T11:29:09.638-0800][75353270ms] GC(20578)   Pre Evacuate Collection Set: 0.1ms
[2023-11-10T11:29:09.638-0800][75353270ms] GC(20578)   Evacuate Collection Set: 2.4ms
[2023-11-10T11:29:09.638-0800][75353270ms] GC(20578)   Post Evacuate Collection Set: 3.6ms
[2023-11-10T11:29:09.638-0800][75353270ms] GC(20578)   Other: 0.4ms
[2023-11-10T11:29:09.638-0800][75353270ms] GC(20578) Eden regions: 219->0(219)
[2023-11-10T11:29:09.638-0800][75353270ms] GC(20578) Survivor regions: 1->1(28)
[2023-11-10T11:29:09.638-0800][75353270ms] GC(20578) Old regions: 1394->1394
[2023-11-10T11:29:09.638-0800][75353270ms] GC(20578) Humongous regions: 5->5
[2023-11-10T11:29:09.638-0800][75353270ms] GC(20578) Metaspace: 304631K->304631K(1347584K)
[2023-11-10T11:29:09.638-0800][75353270ms] GC(20578) Pause Young (Normal) (G1 Evacuation Pause) 3236M->2798M(3602M) 6.475ms
[2023-11-10T11:29:09.638-0800][75353270ms] GC(20578) User=0.00s Sys=0.00s Real=0.01s
[2023-11-10T11:29:10.132-0800][75353764ms] GC(20579) Pause Young (Normal) (G1 Evacuation Pause)
[2023-11-10T11:29:10.132-0800][75353764ms] GC(20579) Using 10 workers of 10 for evacuation
[2023-11-10T11:29:10.139-0800][75353771ms] GC(20579)   Pre Evacuate Collection Set: 0.0ms
[2023-11-10T11:29:10.139-0800][75353771ms] GC(20579)   Evacuate Collection Set: 1.7ms
[2023-11-10T11:29:10.139-0800][75353771ms] GC(20579)   Post Evacuate Collection Set: 4.9ms
[2023-11-10T11:29:10.139-0800][75353771ms] GC(20579)   Other: 0.3ms
[2023-11-10T11:29:10.139-0800][75353771ms] GC(20579) Eden regions: 219->0(218)
[2023-11-10T11:29:10.139-0800][75353771ms] GC(20579) Survivor regions: 1->1(28)
[2023-11-10T11:29:10.139-0800][75353771ms] GC(20579) Old regions: 1394->1394
[2023-11-10T11:29:10.139-0800][75353771ms] GC(20579) Humongous regions: 5->5
[2023-11-10T11:29:10.139-0800][75353771ms] GC(20579) Metaspace: 304631K->304631K(1347584K)
[2023-11-10T11:29:10.139-0800][75353771ms] GC(20579) Pause Young (Normal) (G1 Evacuation Pause) 3236M->2798M(3602M) 7.001ms
[2023-11-10T11:29:10.139-0800][75353771ms] GC(20579) User=0.00s Sys=0.00s Real=0.01s
[2023-11-10T11:29:10.721-0800][75354353ms] GC(20580) Pause Young (Normal) (G1 Evacuation Pause)
[2023-11-10T11:29:10.721-0800][75354353ms] GC(20580) Using 10 workers of 10 for evacuation
[2023-11-10T11:29:10.727-0800][75354359ms] GC(20580)   Pre Evacuate Collection Set: 0.1ms
[2023-11-10T11:29:10.727-0800][75354359ms] GC(20580)   Evacuate Collection Set: 1.9ms
[2023-11-10T11:29:10.727-0800][75354359ms] GC(20580)   Post Evacuate Collection Set: 4.3ms
[2023-11-10T11:29:10.727-0800][75354359ms] GC(20580)   Other: 0.4ms
[2023-11-10T11:29:10.727-0800][75354359ms] GC(20580) Eden regions: 218->0(218)
[2023-11-10T11:29:10.727-0800][75354359ms] GC(20580) Survivor regions: 1->1(28)
[2023-11-10T11:29:10.727-0800][75354359ms] GC(20580) Old regions: 1394->1394
[2023-11-10T11:29:10.727-0800][75354359ms] GC(20580) Humongous regions: 5->5
[2023-11-10T11:29:10.727-0800][75354359ms] GC(20580) Metaspace: 304631K->304631K(1347584K)
[2023-11-10T11:29:10.727-0800][75354359ms] GC(20580) Pause Young (Normal) (G1 Evacuation Pause) 3234M->2798M(3602M) 6.804ms
[2023-11-10T11:29:10.727-0800][75354359ms] GC(20580) User=0.00s Sys=0.00s Real=0.01s
[2023-11-10T11:29:11.280-0800][75354912ms] GC(20581) Pause Young (Normal) (G1 Evacuation Pause)
[2023-11-10T11:29:11.280-0800][75354912ms] GC(20581) Using 10 workers of 10 for evacuation
[2023-11-10T11:29:11.287-0800][75354919ms] GC(20581)   Pre Evacuate Collection Set: 0.1ms
[2023-11-10T11:29:11.287-0800][75354919ms] GC(20581)   Evacuate Collection Set: 1.9ms
[2023-11-10T11:29:11.287-0800][75354919ms] GC(20581)   Post Evacuate Collection Set: 4.0ms
[2023-11-10T11:29:11.287-0800][75354919ms] GC(20581)   Other: 0.3ms
[2023-11-10T11:29:11.287-0800][75354919ms] GC(20581) Eden regions: 218->0(218)
[2023-11-10T11:29:11.287-0800][75354919ms] GC(20581) Survivor regions: 1->1(28)
[2023-11-10T11:29:11.287-0800][75354919ms] GC(20581) Old regions: 1394->1394
[2023-11-10T11:29:11.287-0800][75354919ms] GC(20581) Humongous regions: 5->5
[2023-11-10T11:29:11.287-0800][75354919ms] GC(20581) Metaspace: 304631K->304631K(1347584K)
[2023-11-10T11:29:11.287-0800][75354919ms] GC(20581) Pause Young (Normal) (G1 Evacuation Pause) 3234M->2798M(3602M) 6.419ms
[2023-11-10T11:29:11.287-0800][75354919ms] GC(20581) User=0.00s Sys=0.00s Real=0.01s
[2023-11-10T11:29:11.761-0800][75355393ms] GC(20582) Pause Young (Normal) (G1 Evacuation Pause)
[2023-11-10T11:29:11.761-0800][75355393ms] GC(20582) Using 10 workers of 10 for evacuation
[2023-11-10T11:29:11.765-0800][75355397ms] GC(20582)   Pre Evacuate Collection Set: 0.0ms
[2023-11-10T11:29:11.765-0800][75355397ms] GC(20582)   Evacuate Collection Set: 1.8ms
[2023-11-10T11:29:11.765-0800][75355397ms] GC(20582)   Post Evacuate Collection Set: 3.0ms
[2023-11-10T11:29:11.765-0800][75355397ms] GC(20582)   Other: 0.3ms
[2023-11-10T11:29:11.765-0800][75355397ms] GC(20582) Eden regions: 218->0(218)
[2023-11-10T11:29:11.765-0800][75355397ms] GC(20582) Survivor regions: 1->1(28)
[2023-11-10T11:29:11.765-0800][75355397ms] GC(20582) Old regions: 1394->1394
[2023-11-10T11:29:11.765-0800][75355397ms] GC(20582) Humongous regions: 5->5
[2023-11-10T11:29:11.765-0800][75355397ms] GC(20582) Metaspace: 304631K->304631K(1347584K)
[2023-11-10T11:29:11.765-0800][75355397ms] GC(20582) Pause Young (Normal) (G1 Evacuation Pause) 3234M->2798M(3602M) 5.235ms
[2023-11-10T11:29:11.765-0800][75355397ms] GC(20582) User=0.00s Sys=0.00s Real=0.00s
[2023-11-10T11:29:12.254-0800][75355886ms] GC(20583) Pause Young (Normal) (G1 Evacuation Pause)
[2023-11-10T11:29:12.254-0800][75355886ms] GC(20583) Using 10 workers of 10 for evacuation
[2023-11-10T11:29:12.261-0800][75355893ms] GC(20583)   Pre Evacuate Collection Set: 0.0ms
[2023-11-10T11:29:12.261-0800][75355893ms] GC(20583)   Evacuate Collection Set: 1.9ms
[2023-11-10T11:29:12.261-0800][75355893ms] GC(20583)   Post Evacuate Collection Set: 5.0ms
[2023-11-10T11:29:12.261-0800][75355893ms] GC(20583)   Other: 0.3ms
[2023-11-10T11:29:12.261-0800][75355893ms] GC(20583) Eden regions: 218->0(218)
[2023-11-10T11:29:12.261-0800][75355893ms] GC(20583) Survivor regions: 1->1(28)
[2023-11-10T11:29:12.261-0800][75355893ms] GC(20583) Old regions: 1394->1394
[2023-11-10T11:29:12.261-0800][75355893ms] GC(20583) Humongous regions: 5->5
[2023-11-10T11:29:12.261-0800][75355893ms] GC(20583) Metaspace: 304631K->304631K(1347584K)
[2023-11-10T11:29:12.261-0800][75355893ms] GC(20583) Pause Young (Normal) (G1 Evacuation Pause) 3234M->2798M(3602M) 7.454ms
[2023-11-10T11:29:12.261-0800][75355893ms] GC(20583) User=0.00s Sys=0.00s Real=0.01s
[2023-11-10T11:29:12.813-0800][75356445ms] GC(20584) Pause Young (Normal) (G1 Evacuation Pause)
[2023-11-10T11:29:12.813-0800][75356445ms] GC(20584) Using 10 workers of 10 for evacuation
[2023-11-10T11:29:12.819-0800][75356451ms] GC(20584)   Pre Evacuate Collection Set: 0.0ms
[2023-11-10T11:29:12.819-0800][75356451ms] GC(20584)   Evacuate Collection Set: 1.9ms
[2023-11-10T11:29:12.819-0800][75356452ms] GC(20584)   Post Evacuate Collection Set: 4.5ms
[2023-11-10T11:29:12.820-0800][75356452ms] GC(20584)   Other: 0.3ms
[2023-11-10T11:29:12.820-0800][75356452ms] GC(20584) Eden regions: 218->0(218)
[2023-11-10T11:29:12.820-0800][75356452ms] GC(20584) Survivor regions: 1->1(28)
[2023-11-10T11:29:12.820-0800][75356452ms] GC(20584) Old regions: 1394->1394
[2023-11-10T11:29:12.820-0800][75356452ms] GC(20584) Humongous regions: 5->5
[2023-11-10T11:29:12.820-0800][75356452ms] GC(20584) Metaspace: 304631K->304631K(1347584K)
[2023-11-10T11:29:12.820-0800][75356452ms] GC(20584) Pause Young (Normal) (G1 Evacuation Pause) 3234M->2798M(3602M) 6.865ms
[2023-11-10T11:29:12.820-0800][75356452ms] GC(20584) User=0.00s Sys=0.00s Real=0.01s
[2023-11-10T11:29:13.412-0800][75357044ms] GC(20585) Pause Young (Normal) (G1 Evacuation Pause)
[2023-11-10T11:29:13.412-0800][75357044ms] GC(20585) Using 10 workers of 10 for evacuation
[2023-11-10T11:29:13.418-0800][75357050ms] GC(20585)   Pre Evacuate Collection Set: 0.1ms
[2023-11-10T11:29:13.418-0800][75357050ms] GC(20585)   Evacuate Collection Set: 1.9ms
[2023-11-10T11:29:13.418-0800][75357050ms] GC(20585)   Post Evacuate Collection Set: 4.4ms
[2023-11-10T11:29:13.418-0800][75357050ms] GC(20585)   Other: 0.3ms
[2023-11-10T11:29:13.418-0800][75357050ms] GC(20585) Eden regions: 218->0(218)
[2023-11-10T11:29:13.418-0800][75357050ms] GC(20585) Survivor regions: 1->1(28)
[2023-11-10T11:29:13.418-0800][75357050ms] GC(20585) Old regions: 1394->1394
[2023-11-10T11:29:13.418-0800][75357050ms] GC(20585) Humongous regions: 5->5
[2023-11-10T11:29:13.418-0800][75357050ms] GC(20585) Metaspace: 304631K->304631K(1347584K)
[2023-11-10T11:29:13.418-0800][75357050ms] GC(20585) Pause Young (Normal) (G1 Evacuation Pause) 3234M->2798M(3602M) 6.792ms
[2023-11-10T11:29:13.418-0800][75357050ms] GC(20585) User=0.02s Sys=0.00s Real=0.01s
[2023-11-10T11:29:14.015-0800][75357647ms] GC(20586) Pause Young (Normal) (G1 Evacuation Pause)
[2023-11-10T11:29:14.015-0800][75357647ms] GC(20586) Using 10 workers of 10 for evacuation
[2023-11-10T11:29:14.020-0800][75357652ms] GC(20586)   Pre Evacuate Collection Set: 0.0ms
[2023-11-10T11:29:14.020-0800][75357652ms] GC(20586)   Evacuate Collection Set: 1.7ms
[2023-11-10T11:29:14.020-0800][75357652ms] GC(20586)   Post Evacuate Collection Set: 3.1ms
[2023-11-10T11:29:14.020-0800][75357652ms] GC(20586)   Other: 0.3ms
[2023-11-10T11:29:14.020-0800][75357652ms] GC(20586) Eden regions: 218->0(218)
[2023-11-10T11:29:14.020-0800][75357652ms] GC(20586) Survivor regions: 1->1(28)
[2023-11-10T11:29:14.020-0800][75357652ms] GC(20586) Old regions: 1394->1394
[2023-11-10T11:29:14.020-0800][75357652ms] GC(20586) Humongous regions: 5->5
[2023-11-10T11:29:14.020-0800][75357652ms] GC(20586) Metaspace: 304631K->304631K(1347584K)
[2023-11-10T11:29:14.020-0800][75357652ms] GC(20586) Pause Young (Normal) (G1 Evacuation Pause) 3234M->2798M(3602M) 5.124ms
[2023-11-10T11:29:14.020-0800][75357652ms] GC(20586) User=0.00s Sys=0.00s Real=0.00s
[2023-11-10T11:29:14.588-0800][75358220ms] GC(20587) Pause Young (Normal) (G1 Evacuation Pause)
[2023-11-10T11:29:14.588-0800][75358220ms] GC(20587) Using 10 workers of 10 for evacuation
[2023-11-10T11:29:14.593-0800][75358225ms] GC(20587)   Pre Evacuate Collection Set: 0.0ms
[2023-11-10T11:29:14.593-0800][75358225ms] GC(20587)   Evacuate Collection Set: 1.7ms
[2023-11-10T11:29:14.593-0800][75358225ms] GC(20587)   Post Evacuate Collection Set: 3.1ms
[2023-11-10T11:29:14.593-0800][75358225ms] GC(20587)   Other: 0.3ms
[2023-11-10T11:29:14.593-0800][75358225ms] GC(20587) Eden regions: 218->0(218)
[2023-11-10T11:29:14.593-0800][75358225ms] GC(20587) Survivor regions: 1->1(28)
[2023-11-10T11:29:14.593-0800][75358225ms] GC(20587) Old regions: 1394->1394
[2023-11-10T11:29:14.593-0800][75358225ms] GC(20587) Humongous regions: 5->5
[2023-11-10T11:29:14.593-0800][75358225ms] GC(20587) Metaspace: 304631K->304631K(1347584K)
[2023-11-10T11:29:14.593-0800][75358225ms] GC(20587) Pause Young (Normal) (G1 Evacuation Pause) 3234M->2798M(3602M) 5.203ms
[2023-11-10T11:29:14.593-0800][75358225ms] GC(20587) User=0.00s Sys=0.00s Real=0.00s
[2023-11-10T11:29:15.184-0800][75358816ms] GC(20588) Pause Young (Normal) (G1 Evacuation Pause)
[2023-11-10T11:29:15.184-0800][75358816ms] GC(20588) Using 10 workers of 10 for evacuation
[2023-11-10T11:29:15.188-0800][75358820ms] GC(20588)   Pre Evacuate Collection Set: 0.0ms
[2023-11-10T11:29:15.188-0800][75358820ms] GC(20588)   Evacuate Collection Set: 1.6ms
[2023-11-10T11:29:15.188-0800][75358820ms] GC(20588)   Post Evacuate Collection Set: 3.2ms
[2023-11-10T11:29:15.188-0800][75358820ms] GC(20588)   Other: 0.3ms
[2023-11-10T11:29:15.188-0800][75358820ms] GC(20588) Eden regions: 218->0(218)
[2023-11-10T11:29:15.189-0800][75358821ms] GC(20588) Survivor regions: 1->1(28)
[2023-11-10T11:29:15.189-0800][75358821ms] GC(20588) Old regions: 1394->1394
[2023-11-10T11:29:15.189-0800][75358821ms] GC(20588) Humongous regions: 5->5
[2023-11-10T11:29:15.189-0800][75358821ms] GC(20588) Metaspace: 304631K->304631K(1347584K)
[2023-11-10T11:29:15.189-0800][75358821ms] GC(20588) Pause Young (Normal) (G1 Evacuation Pause) 3234M->2798M(3602M) 5.230ms
[2023-11-10T11:29:15.189-0800][75358821ms] GC(20588) User=0.00s Sys=0.00s Real=0.00s
[2023-11-10T11:29:15.700-0800][75359332ms] GC(20589) Pause Young (Normal) (G1 Evacuation Pause)
[2023-11-10T11:29:15.700-0800][75359332ms] GC(20589) Using 10 workers of 10 for evacuation
[2023-11-10T11:29:15.704-0800][75359336ms] GC(20589)   Pre Evacuate Collection Set: 0.0ms
[2023-11-10T11:29:15.704-0800][75359336ms] GC(20589)   Evacuate Collection Set: 1.6ms
[2023-11-10T11:29:15.704-0800][75359336ms] GC(20589)   Post Evacuate Collection Set: 3.1ms
[2023-11-10T11:29:15.704-0800][75359336ms] GC(20589)   Other: 0.2ms
[2023-11-10T11:29:15.704-0800][75359336ms] GC(20589) Eden regions: 218->0(218)
[2023-11-10T11:29:15.704-0800][75359336ms] GC(20589) Survivor regions: 1->1(28)
[2023-11-10T11:29:15.704-0800][75359336ms] GC(20589) Old regions: 1394->1394
[2023-11-10T11:29:15.704-0800][75359336ms] GC(20589) Humongous regions: 5->5
[2023-11-10T11:29:15.704-0800][75359336ms] GC(20589) Metaspace: 304631K->304631K(1347584K)
[2023-11-10T11:29:15.704-0800][75359336ms] GC(20589) Pause Young (Normal) (G1 Evacuation Pause) 3234M->2798M(3602M) 5.163ms
[2023-11-10T11:29:15.704-0800][75359336ms] GC(20589) User=0.00s Sys=0.00s Real=0.00s
[2023-11-10T11:29:16.275-0800][75359907ms] GC(20590) Pause Young (Normal) (G1 Evacuation Pause)
[2023-11-10T11:29:16.275-0800][75359907ms] GC(20590) Using 10 workers of 10 for evacuation
[2023-11-10T11:29:16.281-0800][75359913ms] GC(20590)   Pre Evacuate Collection Set: 0.1ms
[2023-11-10T11:29:16.281-0800][75359913ms] GC(20590)   Evacuate Collection Set: 2.2ms
[2023-11-10T11:29:16.281-0800][75359913ms] GC(20590)   Post Evacuate Collection Set: 3.6ms
[2023-11-10T11:29:16.281-0800][75359913ms] GC(20590)   Other: 0.3ms
[2023-11-10T11:29:16.281-0800][75359913ms] GC(20590) Eden regions: 218->0(218)
[2023-11-10T11:29:16.281-0800][75359913ms] GC(20590) Survivor regions: 1->1(28)
[2023-11-10T11:29:16.281-0800][75359913ms] GC(20590) Old regions: 1394->1394
[2023-11-10T11:29:16.281-0800][75359913ms] GC(20590) Humongous regions: 5->5
[2023-11-10T11:29:16.281-0800][75359913ms] GC(20590) Metaspace: 304631K->304631K(1347584K)
[2023-11-10T11:29:16.281-0800][75359913ms] GC(20590) Pause Young (Normal) (G1 Evacuation Pause) 3234M->2798M(3602M) 6.319ms
[2023-11-10T11:29:16.281-0800][75359913ms] GC(20590) User=0.00s Sys=0.00s Real=0.01s
[2023-11-10T11:29:16.821-0800][75360453ms] GC(20591) Pause Young (Normal) (G1 Evacuation Pause)
[2023-11-10T11:29:16.821-0800][75360453ms] GC(20591) Using 10 workers of 10 for evacuation
[2023-11-10T11:29:16.829-0800][75360461ms] GC(20591)   Pre Evacuate Collection Set: 0.1ms
[2023-11-10T11:29:16.829-0800][75360461ms] GC(20591)   Evacuate Collection Set: 2.6ms
[2023-11-10T11:29:16.829-0800][75360461ms] GC(20591)   Post Evacuate Collection Set: 4.3ms
[2023-11-10T11:29:16.829-0800][75360461ms] GC(20591)   Other: 0.4ms
[2023-11-10T11:29:16.829-0800][75360461ms] GC(20591) Eden regions: 218->0(218)
[2023-11-10T11:29:16.829-0800][75360461ms] GC(20591) Survivor regions: 1->1(28)
[2023-11-10T11:29:16.829-0800][75360461ms] GC(20591) Old regions: 1394->1394
[2023-11-10T11:29:16.829-0800][75360461ms] GC(20591) Humongous regions: 5->5
[2023-11-10T11:29:16.829-0800][75360461ms] GC(20591) Metaspace: 304631K->304631K(1347584K)
[2023-11-10T11:29:16.829-0800][75360461ms] GC(20591) Pause Young (Normal) (G1 Evacuation Pause) 3234M->2798M(3602M) 7.419ms
[2023-11-10T11:29:16.829-0800][75360461ms] GC(20591) User=0.00s Sys=0.00s Real=0.01s
[2023-11-10T11:29:17.317-0800][75360949ms] GC(20592) Pause Young (Normal) (G1 Evacuation Pause)
[2023-11-10T11:29:17.317-0800][75360949ms] GC(20592) Using 10 workers of 10 for evacuation
[2023-11-10T11:29:17.323-0800][75360956ms] GC(20592)   Pre Evacuate Collection Set: 0.1ms
[2023-11-10T11:29:17.324-0800][75360956ms] GC(20592)   Evacuate Collection Set: 2.4ms
[2023-11-10T11:29:17.324-0800][75360956ms] GC(20592)   Post Evacuate Collection Set: 3.4ms
[2023-11-10T11:29:17.324-0800][75360956ms] GC(20592)   Other: 0.3ms
[2023-11-10T11:29:17.324-0800][75360956ms] GC(20592) Eden regions: 218->0(218)
[2023-11-10T11:29:17.324-0800][75360956ms] GC(20592) Survivor regions: 1->1(28)
[2023-11-10T11:29:17.324-0800][75360956ms] GC(20592) Old regions: 1394->1394
[2023-11-10T11:29:17.324-0800][75360956ms] GC(20592) Humongous regions: 5->5
[2023-11-10T11:29:17.324-0800][75360956ms] GC(20592) Metaspace: 304631K->304631K(1347584K)
[2023-11-10T11:29:17.324-0800][75360956ms] GC(20592) Pause Young (Normal) (G1 Evacuation Pause) 3234M->2798M(3602M) 6.266ms
[2023-11-10T11:29:17.324-0800][75360956ms] GC(20592) User=0.03s Sys=0.00s Real=0.01s
[2023-11-10T11:29:17.851-0800][75361483ms] GC(20593) Pause Young (Normal) (G1 Evacuation Pause)
[2023-11-10T11:29:17.851-0800][75361483ms] GC(20593) Using 10 workers of 10 for evacuation
[2023-11-10T11:29:17.858-0800][75361490ms] GC(20593)   Pre Evacuate Collection Set: 0.1ms
[2023-11-10T11:29:17.858-0800][75361490ms] GC(20593)   Evacuate Collection Set: 2.2ms
[2023-11-10T11:29:17.858-0800][75361490ms] GC(20593)   Post Evacuate Collection Set: 4.1ms
[2023-11-10T11:29:17.858-0800][75361490ms] GC(20593)   Other: 0.3ms
[2023-11-10T11:29:17.858-0800][75361490ms] GC(20593) Eden regions: 218->0(218)
[2023-11-10T11:29:17.858-0800][75361490ms] GC(20593) Survivor regions: 1->1(28)
[2023-11-10T11:29:17.858-0800][75361490ms] GC(20593) Old regions: 1394->1394
[2023-11-10T11:29:17.858-0800][75361490ms] GC(20593) Humongous regions: 5->5
[2023-11-10T11:29:17.858-0800][75361490ms] GC(20593) Metaspace: 304631K->304631K(1347584K)
[2023-11-10T11:29:17.858-0800][75361490ms] GC(20593) Pause Young (Normal) (G1 Evacuation Pause) 3234M->2798M(3602M) 6.694ms
[2023-11-10T11:29:17.859-0800][75361491ms] GC(20593) User=0.00s Sys=0.00s Real=0.01s
[2023-11-10T11:29:18.384-0800][75362016ms] GC(20594) Pause Young (Normal) (G1 Evacuation Pause)
[2023-11-10T11:29:18.384-0800][75362016ms] GC(20594) Using 10 workers of 10 for evacuation
[2023-11-10T11:29:18.391-0800][75362023ms] GC(20594)   Pre Evacuate Collection Set: 0.0ms
[2023-11-10T11:29:18.391-0800][75362023ms] GC(20594)   Evacuate Collection Set: 2.2ms
[2023-11-10T11:29:18.391-0800][75362023ms] GC(20594)   Post Evacuate Collection Set: 4.5ms
[2023-11-10T11:29:18.391-0800][75362023ms] GC(20594)   Other: 0.3ms
[2023-11-10T11:29:18.391-0800][75362023ms] GC(20594) Eden regions: 218->0(218)
[2023-11-10T11:29:18.391-0800][75362023ms] GC(20594) Survivor regions: 1->1(28)
[2023-11-10T11:29:18.391-0800][75362023ms] GC(20594) Old regions: 1394->1395
[2023-11-10T11:29:18.391-0800][75362023ms] GC(20594) Humongous regions: 5->5
[2023-11-10T11:29:18.391-0800][75362023ms] GC(20594) Metaspace: 304631K->304631K(1347584K)
[2023-11-10T11:29:18.391-0800][75362023ms] GC(20594) Pause Young (Normal) (G1 Evacuation Pause) 3234M->2798M(3602M) 7.072ms
[2023-11-10T11:29:18.391-0800][75362023ms] GC(20594) User=0.00s Sys=0.00s Real=0.01s
[2023-11-10T11:29:18.924-0800][75362556ms] GC(20595) Pause Young (Normal) (G1 Evacuation Pause)
[2023-11-10T11:29:18.924-0800][75362556ms] GC(20595) Using 10 workers of 10 for evacuation
[2023-11-10T11:29:18.930-0800][75362562ms] GC(20595)   Pre Evacuate Collection Set: 0.1ms
[2023-11-10T11:29:18.930-0800][75362562ms] GC(20595)   Evacuate Collection Set: 1.9ms
[2023-11-10T11:29:18.930-0800][75362562ms] GC(20595)   Post Evacuate Collection Set: 3.1ms
[2023-11-10T11:29:18.930-0800][75362562ms] GC(20595)   Other: 0.3ms
[2023-11-10T11:29:18.930-0800][75362562ms] GC(20595) Eden regions: 218->0(218)
[2023-11-10T11:29:18.930-0800][75362562ms] GC(20595) Survivor regions: 1->1(28)
[2023-11-10T11:29:18.930-0800][75362562ms] GC(20595) Old regions: 1395->1395
[2023-11-10T11:29:18.930-0800][75362562ms] GC(20595) Humongous regions: 5->5
[2023-11-10T11:29:18.930-0800][75362562ms] GC(20595) Metaspace: 304631K->304631K(1347584K)
[2023-11-10T11:29:18.930-0800][75362562ms] GC(20595) Pause Young (Normal) (G1 Evacuation Pause) 3234M->2798M(3602M) 5.431ms
[2023-11-10T11:29:18.930-0800][75362562ms] GC(20595) User=0.00s Sys=0.00s Real=0.01s
[2023-11-10T11:29:19.471-0800][75363103ms] GC(20596) Pause Young (Normal) (G1 Evacuation Pause)
[2023-11-10T11:29:19.471-0800][75363103ms] GC(20596) Using 10 workers of 10 for evacuation
[2023-11-10T11:29:19.478-0800][75363110ms] GC(20596)   Pre Evacuate Collection Set: 0.1ms
[2023-11-10T11:29:19.478-0800][75363110ms] GC(20596)   Evacuate Collection Set: 2.7ms
[2023-11-10T11:29:19.478-0800][75363110ms] GC(20596)   Post Evacuate Collection Set: 3.5ms
[2023-11-10T11:29:19.478-0800][75363110ms] GC(20596)   Other: 0.3ms
[2023-11-10T11:29:19.478-0800][75363110ms] GC(20596) Eden regions: 218->0(218)
[2023-11-10T11:29:19.478-0800][75363110ms] GC(20596) Survivor regions: 1->1(28)
[2023-11-10T11:29:19.478-0800][75363110ms] GC(20596) Old regions: 1395->1395
[2023-11-10T11:29:19.478-0800][75363110ms] GC(20596) Humongous regions: 5->5
[2023-11-10T11:29:19.478-0800][75363110ms] GC(20596) Metaspace: 304631K->304631K(1347584K)
[2023-11-10T11:29:19.478-0800][75363110ms] GC(20596) Pause Young (Normal) (G1 Evacuation Pause) 3234M->2798M(3602M) 6.659ms
[2023-11-10T11:29:19.478-0800][75363110ms] GC(20596) User=0.02s Sys=0.00s Real=0.01s
[2023-11-10T11:29:20.042-0800][75363674ms] GC(20597) Pause Young (Normal) (G1 Evacuation Pause)
[2023-11-10T11:29:20.042-0800][75363674ms] GC(20597) Using 10 workers of 10 for evacuation
[2023-11-10T11:29:20.047-0800][75363679ms] GC(20597)   Pre Evacuate Collection Set: 0.0ms
[2023-11-10T11:29:20.047-0800][75363679ms] GC(20597)   Evacuate Collection Set: 1.8ms
[2023-11-10T11:29:20.047-0800][75363679ms] GC(20597)   Post Evacuate Collection Set: 3.2ms
[2023-11-10T11:29:20.047-0800][75363679ms] GC(20597)   Other: 0.3ms
[2023-11-10T11:29:20.047-0800][75363679ms] GC(20597) Eden regions: 218->0(218)
[2023-11-10T11:29:20.047-0800][75363679ms] GC(20597) Survivor regions: 1->1(28)
[2023-11-10T11:29:20.047-0800][75363679ms] GC(20597) Old regions: 1395->1395
[2023-11-10T11:29:20.047-0800][75363679ms] GC(20597) Humongous regions: 5->5
[2023-11-10T11:29:20.047-0800][75363679ms] GC(20597) Metaspace: 304631K->304631K(1347584K)
[2023-11-10T11:29:20.047-0800][75363679ms] GC(20597) Pause Young (Normal) (G1 Evacuation Pause) 3234M->2798M(3602M) 5.493ms
[2023-11-10T11:29:20.047-0800][75363679ms] GC(20597) User=0.00s Sys=0.00s Real=0.00s
[2023-11-10T11:29:20.598-0800][75364230ms] GC(20598) Pause Young (Normal) (G1 Evacuation Pause)
[2023-11-10T11:29:20.598-0800][75364230ms] GC(20598) Using 10 workers of 10 for evacuation
[2023-11-10T11:29:20.604-0800][75364236ms] GC(20598)   Pre Evacuate Collection Set: 0.0ms
[2023-11-10T11:29:20.604-0800][75364236ms] GC(20598)   Evacuate Collection Set: 1.8ms
[2023-11-10T11:29:20.604-0800][75364236ms] GC(20598)   Post Evacuate Collection Set: 3.6ms
[2023-11-10T11:29:20.604-0800][75364236ms] GC(20598)   Other: 0.3ms
[2023-11-10T11:29:20.604-0800][75364236ms] GC(20598) Eden regions: 218->0(218)
[2023-11-10T11:29:20.604-0800][75364236ms] GC(20598) Survivor regions: 1->1(28)
[2023-11-10T11:29:20.604-0800][75364236ms] GC(20598) Old regions: 1395->1395
[2023-11-10T11:29:20.604-0800][75364236ms] GC(20598) Humongous regions: 5->5
[2023-11-10T11:29:20.604-0800][75364236ms] GC(20598) Metaspace: 304631K->304631K(1347584K)
[2023-11-10T11:29:20.604-0800][75364236ms] GC(20598) Pause Young (Normal) (G1 Evacuation Pause) 3234M->2798M(3602M) 5.779ms
[2023-11-10T11:29:20.604-0800][75364236ms] GC(20598) User=0.02s Sys=0.00s Real=0.01s
[2023-11-10T11:29:21.177-0800][75364809ms] GC(20599) Pause Young (Normal) (G1 Evacuation Pause)
[2023-11-10T11:29:21.177-0800][75364809ms] GC(20599) Using 10 workers of 10 for evacuation
[2023-11-10T11:29:21.184-0800][75364816ms] GC(20599)   Pre Evacuate Collection Set: 0.0ms
[2023-11-10T11:29:21.184-0800][75364816ms] GC(20599)   Evacuate Collection Set: 1.7ms
[2023-11-10T11:29:21.184-0800][75364816ms] GC(20599)   Post Evacuate Collection Set: 4.2ms
[2023-11-10T11:29:21.185-0800][75364817ms] GC(20599)   Other: 0.3ms
[2023-11-10T11:29:21.185-0800][75364817ms] GC(20599) Eden regions: 218->0(218)
[2023-11-10T11:29:21.185-0800][75364817ms] GC(20599) Survivor regions: 1->1(28)
[2023-11-10T11:29:21.185-0800][75364817ms] GC(20599) Old regions: 1395->1395
[2023-11-10T11:29:21.185-0800][75364817ms] GC(20599) Humongous regions: 5->5
[2023-11-10T11:29:21.185-0800][75364817ms] GC(20599) Metaspace: 304631K->304631K(1347584K)
[2023-11-10T11:29:21.185-0800][75364817ms] GC(20599) Pause Young (Normal) (G1 Evacuation Pause) 3234M->2798M(3602M) 6.300ms
[2023-11-10T11:29:21.185-0800][75364817ms] GC(20599) User=0.06s Sys=0.00s Real=0.01s
[2023-11-10T11:29:21.685-0800][75365317ms] GC(20600) Pause Young (Normal) (G1 Evacuation Pause)
[2023-11-10T11:29:21.685-0800][75365317ms] GC(20600) Using 10 workers of 10 for evacuation
[2023-11-10T11:29:21.690-0800][75365322ms] GC(20600)   Pre Evacuate Collection Set: 0.0ms
[2023-11-10T11:29:21.690-0800][75365322ms] GC(20600)   Evacuate Collection Set: 1.6ms
[2023-11-10T11:29:21.690-0800][75365322ms] GC(20600)   Post Evacuate Collection Set: 3.0ms
[2023-11-10T11:29:21.690-0800][75365322ms] GC(20600)   Other: 0.3ms
[2023-11-10T11:29:21.690-0800][75365322ms] GC(20600) Eden regions: 218->0(218)
[2023-11-10T11:29:21.690-0800][75365322ms] GC(20600) Survivor regions: 1->1(28)
[2023-11-10T11:29:21.690-0800][75365322ms] GC(20600) Old regions: 1395->1395
[2023-11-10T11:29:21.690-0800][75365322ms] GC(20600) Humongous regions: 5->5
[2023-11-10T11:29:21.690-0800][75365322ms] GC(20600) Metaspace: 304631K->304631K(1347584K)
[2023-11-10T11:29:21.691-0800][75365323ms] GC(20600) Pause Young (Normal) (G1 Evacuation Pause) 3234M->2798M(3602M) 4.982ms
[2023-11-10T11:29:21.691-0800][75365323ms] GC(20600) User=0.00s Sys=0.00s Real=0.01s
[2023-11-10T11:29:22.234-0800][75365866ms] GC(20601) Pause Young (Normal) (G1 Evacuation Pause)
[2023-11-10T11:29:22.234-0800][75365866ms] GC(20601) Using 10 workers of 10 for evacuation
[2023-11-10T11:29:22.237-0800][75365869ms] GC(20601)   Pre Evacuate Collection Set: 0.0ms
[2023-11-10T11:29:22.239-0800][75365871ms] GC(20601)   Evacuate Collection Set: 1.7ms
[2023-11-10T11:29:22.239-0800][75365871ms] GC(20601)   Post Evacuate Collection Set: 3.1ms
[2023-11-10T11:29:22.239-0800][75365871ms] GC(20601)   Other: 0.3ms
[2023-11-10T11:29:22.239-0800][75365871ms] GC(20601) Eden regions: 218->0(218)
[2023-11-10T11:29:22.239-0800][75365871ms] GC(20601) Survivor regions: 1->1(28)
[2023-11-10T11:29:22.239-0800][75365871ms] GC(20601) Old regions: 1395->1395
[2023-11-10T11:29:22.239-0800][75365871ms] GC(20601) Humongous regions: 5->5
[2023-11-10T11:29:22.239-0800][75365871ms] GC(20601) Metaspace: 304631K->304631K(1347584K)
[2023-11-10T11:29:22.239-0800][75365871ms] GC(20601) Pause Young (Normal) (G1 Evacuation Pause) 3234M->2798M(3602M) 5.138ms
[2023-11-10T11:29:22.239-0800][75365871ms] GC(20601) User=0.00s Sys=0.00s Real=0.01s
[2023-11-10T11:29:22.742-0800][75366374ms] GC(20602) Pause Young (Normal) (G1 Evacuation Pause)
[2023-11-10T11:29:22.742-0800][75366374ms] GC(20602) Using 10 workers of 10 for evacuation
[2023-11-10T11:29:22.746-0800][75366378ms] GC(20602)   Pre Evacuate Collection Set: 0.1ms
[2023-11-10T11:29:22.747-0800][75366379ms] GC(20602)   Evacuate Collection Set: 1.7ms
[2023-11-10T11:29:22.747-0800][75366379ms] GC(20602)   Post Evacuate Collection Set: 3.0ms
[2023-11-10T11:29:22.747-0800][75366379ms] GC(20602)   Other: 0.3ms
[2023-11-10T11:29:22.747-0800][75366379ms] GC(20602) Eden regions: 218->0(218)
[2023-11-10T11:29:22.747-0800][75366379ms] GC(20602) Survivor regions: 1->1(28)
[2023-11-10T11:29:22.747-0800][75366379ms] GC(20602) Old regions: 1395->1395
[2023-11-10T11:29:22.747-0800][75366379ms] GC(20602) Humongous regions: 5->5
[2023-11-10T11:29:22.747-0800][75366379ms] GC(20602) Metaspace: 304631K->304631K(1347584K)
[2023-11-10T11:29:22.747-0800][75366379ms] GC(20602) Pause Young (Normal) (G1 Evacuation Pause) 3234M->2798M(3602M) 5.170ms
[2023-11-10T11:29:22.747-0800][75366379ms] GC(20602) User=0.00s Sys=0.00s Real=0.00s
[2023-11-10T11:29:23.230-0800][75366862ms] GC(20603) Pause Young (Normal) (G1 Evacuation Pause)
[2023-11-10T11:29:23.230-0800][75366862ms] GC(20603) Using 10 workers of 10 for evacuation
[2023-11-10T11:29:23.235-0800][75366867ms] GC(20603)   Pre Evacuate Collection Set: 0.0ms
[2023-11-10T11:29:23.235-0800][75366867ms] GC(20603)   Evacuate Collection Set: 1.7ms
[2023-11-10T11:29:23.235-0800][75366867ms] GC(20603)   Post Evacuate Collection Set: 3.1ms
[2023-11-10T11:29:23.235-0800][75366867ms] GC(20603)   Other: 0.3ms
[2023-11-10T11:29:23.235-0800][75366867ms] GC(20603) Eden regions: 218->0(218)
[2023-11-10T11:29:23.235-0800][75366867ms] GC(20603) Survivor regions: 1->1(28)
[2023-11-10T11:29:23.235-0800][75366867ms] GC(20603) Old regions: 1395->1395
[2023-11-10T11:29:23.235-0800][75366867ms] GC(20603) Humongous regions: 5->5
[2023-11-10T11:29:23.236-0800][75366868ms] GC(20603) Metaspace: 304631K->304631K(1347584K)
[2023-11-10T11:29:23.236-0800][75366868ms] GC(20603) Pause Young (Normal) (G1 Evacuation Pause) 3234M->2798M(3602M) 5.263ms
[2023-11-10T11:29:23.236-0800][75366868ms] GC(20603) User=0.00s Sys=0.00s Real=0.01s
[2023-11-10T11:29:23.673-0800][75367305ms] GC(20604) Pause Young (Normal) (G1 Evacuation Pause)
[2023-11-10T11:29:23.673-0800][75367305ms] GC(20604) Using 10 workers of 10 for evacuation
[2023-11-10T11:29:23.679-0800][75367311ms] GC(20604)   Pre Evacuate Collection Set: 0.0ms
[2023-11-10T11:29:23.679-0800][75367311ms] GC(20604)   Evacuate Collection Set: 1.8ms
[2023-11-10T11:29:23.679-0800][75367311ms] GC(20604)   Post Evacuate Collection Set: 3.4ms
[2023-11-10T11:29:23.679-0800][75367311ms] GC(20604)   Other: 0.3ms
[2023-11-10T11:29:23.679-0800][75367311ms] GC(20604) Eden regions: 218->0(218)
[2023-11-10T11:29:23.679-0800][75367311ms] GC(20604) Survivor regions: 1->1(28)
[2023-11-10T11:29:23.679-0800][75367311ms] GC(20604) Old regions: 1395->1395
[2023-11-10T11:29:23.679-0800][75367311ms] GC(20604) Humongous regions: 5->5
[2023-11-10T11:29:23.679-0800][75367311ms] GC(20604) Metaspace: 304631K->304631K(1347584K)
[2023-11-10T11:29:23.679-0800][75367311ms] GC(20604) Pause Young (Normal) (G1 Evacuation Pause) 3234M->2798M(3602M) 5.674ms
[2023-11-10T11:29:23.679-0800][75367311ms] GC(20604) User=0.02s Sys=0.00s Real=0.01s
[2023-11-10T11:29:24.139-0800][75367771ms] GC(20605) Pause Young (Normal) (G1 Evacuation Pause)
[2023-11-10T11:29:24.139-0800][75367771ms] GC(20605) Using 10 workers of 10 for evacuation
[2023-11-10T11:29:24.144-0800][75367776ms] GC(20605)   Pre Evacuate Collection Set: 0.0ms
[2023-11-10T11:29:24.144-0800][75367776ms] GC(20605)   Evacuate Collection Set: 1.8ms
[2023-11-10T11:29:24.144-0800][75367776ms] GC(20605)   Post Evacuate Collection Set: 3.2ms
[2023-11-10T11:29:24.144-0800][75367776ms] GC(20605)   Other: 0.2ms
[2023-11-10T11:29:24.144-0800][75367776ms] GC(20605) Eden regions: 218->0(218)
[2023-11-10T11:29:24.144-0800][75367776ms] GC(20605) Survivor regions: 1->1(28)
[2023-11-10T11:29:24.144-0800][75367776ms] GC(20605) Old regions: 1395->1395
[2023-11-10T11:29:24.144-0800][75367776ms] GC(20605) Humongous regions: 5->5
[2023-11-10T11:29:24.144-0800][75367776ms] GC(20605) Metaspace: 304631K->304631K(1347584K)
[2023-11-10T11:29:24.144-0800][75367776ms] GC(20605) Pause Young (Normal) (G1 Evacuation Pause) 3234M->2798M(3602M) 5.367ms
[2023-11-10T11:29:24.144-0800][75367776ms] GC(20605) User=0.00s Sys=0.00s Real=0.01s
[2023-11-10T11:29:24.688-0800][75368320ms] GC(20606) Pause Young (Normal) (G1 Evacuation Pause)
[2023-11-10T11:29:24.688-0800][75368320ms] GC(20606) Using 10 workers of 10 for evacuation
[2023-11-10T11:29:24.693-0800][75368325ms] GC(20606)   Pre Evacuate Collection Set: 0.0ms
[2023-11-10T11:29:24.693-0800][75368325ms] GC(20606)   Evacuate Collection Set: 1.8ms
[2023-11-10T11:29:24.693-0800][75368325ms] GC(20606)   Post Evacuate Collection Set: 3.2ms
[2023-11-10T11:29:24.693-0800][75368325ms] GC(20606)   Other: 0.3ms
[2023-11-10T11:29:24.693-0800][75368325ms] GC(20606) Eden regions: 218->0(218)
[2023-11-10T11:29:24.693-0800][75368325ms] GC(20606) Survivor regions: 1->1(28)
[2023-11-10T11:29:24.693-0800][75368325ms] GC(20606) Old regions: 1395->1395
[2023-11-10T11:29:24.693-0800][75368325ms] GC(20606) Humongous regions: 5->5
[2023-11-10T11:29:24.693-0800][75368325ms] GC(20606) Metaspace: 304631K->304631K(1347584K)
[2023-11-10T11:29:24.693-0800][75368325ms] GC(20606) Pause Young (Normal) (G1 Evacuation Pause) 3234M->2798M(3602M) 5.505ms
[2023-11-10T11:29:24.693-0800][75368325ms] GC(20606) User=0.00s Sys=0.00s Real=0.01s
[2023-11-10T11:29:25.228-0800][75368860ms] GC(20607) Pause Young (Normal) (G1 Evacuation Pause)
[2023-11-10T11:29:25.228-0800][75368860ms] GC(20607) Using 10 workers of 10 for evacuation
[2023-11-10T11:29:25.232-0800][75368864ms] GC(20607)   Pre Evacuate Collection Set: 0.0ms
[2023-11-10T11:29:25.233-0800][75368865ms] GC(20607)   Evacuate Collection Set: 1.6ms
[2023-11-10T11:29:25.233-0800][75368865ms] GC(20607)   Post Evacuate Collection Set: 3.0ms
[2023-11-10T11:29:25.233-0800][75368865ms] GC(20607)   Other: 0.3ms
[2023-11-10T11:29:25.233-0800][75368865ms] GC(20607) Eden regions: 218->0(218)
[2023-11-10T11:29:25.233-0800][75368865ms] GC(20607) Survivor regions: 1->1(28)
[2023-11-10T11:29:25.233-0800][75368865ms] GC(20607) Old regions: 1395->1395
[2023-11-10T11:29:25.233-0800][75368865ms] GC(20607) Humongous regions: 5->5
[2023-11-10T11:29:25.233-0800][75368865ms] GC(20607) Metaspace: 304631K->304631K(1347584K)
[2023-11-10T11:29:25.233-0800][75368865ms] GC(20607) Pause Young (Normal) (G1 Evacuation Pause) 3234M->2798M(3602M) 5.043ms
[2023-11-10T11:29:25.233-0800][75368865ms] GC(20607) User=0.00s Sys=0.00s Real=0.01s
[2023-11-10T11:29:25.799-0800][75369431ms] GC(20608) Pause Young (Normal) (G1 Evacuation Pause)
[2023-11-10T11:29:25.799-0800][75369431ms] GC(20608) Using 10 workers of 10 for evacuation
[2023-11-10T11:29:25.804-0800][75369436ms] GC(20608)   Pre Evacuate Collection Set: 0.0ms
[2023-11-10T11:29:25.804-0800][75369436ms] GC(20608)   Evacuate Collection Set: 1.8ms
[2023-11-10T11:29:25.804-0800][75369436ms] GC(20608)   Post Evacuate Collection Set: 3.7ms
[2023-11-10T11:29:25.804-0800][75369436ms] GC(20608)   Other: 0.3ms
[2023-11-10T11:29:25.804-0800][75369436ms] GC(20608) Eden regions: 218->0(218)
[2023-11-10T11:29:25.804-0800][75369436ms] GC(20608) Survivor regions: 1->1(28)
[2023-11-10T11:29:25.804-0800][75369436ms] GC(20608) Old regions: 1395->1395
[2023-11-10T11:29:25.804-0800][75369436ms] GC(20608) Humongous regions: 5->5
[2023-11-10T11:29:25.804-0800][75369436ms] GC(20608) Metaspace: 304631K->304631K(1347584K)
[2023-11-10T11:29:25.804-0800][75369436ms] GC(20608) Pause Young (Normal) (G1 Evacuation Pause) 3234M->2798M(3602M) 5.909ms
[2023-11-10T11:29:25.804-0800][75369436ms] GC(20608) User=0.02s Sys=0.00s Real=0.00s
[2023-11-10T11:29:26.338-0800][75369970ms] GC(20609) Pause Young (Normal) (G1 Evacuation Pause)
[2023-11-10T11:29:26.338-0800][75369970ms] GC(20609) Using 10 workers of 10 for evacuation
[2023-11-10T11:29:26.343-0800][75369975ms] GC(20609)   Pre Evacuate Collection Set: 0.0ms
[2023-11-10T11:29:26.343-0800][75369975ms] GC(20609)   Evacuate Collection Set: 1.7ms
[2023-11-10T11:29:26.343-0800][75369975ms] GC(20609)   Post Evacuate Collection Set: 3.8ms
[2023-11-10T11:29:26.343-0800][75369975ms] GC(20609)   Other: 0.3ms
[2023-11-10T11:29:26.343-0800][75369975ms] GC(20609) Eden regions: 218->0(218)
[2023-11-10T11:29:26.343-0800][75369975ms] GC(20609) Survivor regions: 1->1(28)
[2023-11-10T11:29:26.343-0800][75369975ms] GC(20609) Old regions: 1395->1395
[2023-11-10T11:29:26.343-0800][75369975ms] GC(20609) Humongous regions: 5->5
[2023-11-10T11:29:26.343-0800][75369975ms] GC(20609) Metaspace: 304631K->304631K(1347584K)
[2023-11-10T11:29:26.343-0800][75369975ms] GC(20609) Pause Young (Normal) (G1 Evacuation Pause) 3234M->2798M(3602M) 6.020ms
[2023-11-10T11:29:26.343-0800][75369975ms] GC(20609) User=0.00s Sys=0.00s Real=0.00s
[2023-11-10T11:29:26.909-0800][75370541ms] GC(20610) Pause Young (Normal) (GCLocker Initiated GC)
[2023-11-10T11:29:26.909-0800][75370541ms] GC(20610) Using 10 workers of 10 for evacuation
[2023-11-10T11:29:26.915-0800][75370547ms] GC(20610)   Pre Evacuate Collection Set: 0.0ms
[2023-11-10T11:29:26.915-0800][75370547ms] GC(20610)   Evacuate Collection Set: 1.7ms
[2023-11-10T11:29:26.915-0800][75370547ms] GC(20610)   Post Evacuate Collection Set: 4.0ms
[2023-11-10T11:29:26.915-0800][75370547ms] GC(20610)   Other: 0.3ms
[2023-11-10T11:29:26.915-0800][75370547ms] GC(20610) Eden regions: 219->0(218)
[2023-11-10T11:29:26.915-0800][75370547ms] GC(20610) Survivor regions: 1->1(28)
[2023-11-10T11:29:26.915-0800][75370547ms] GC(20610) Old regions: 1395->1395
[2023-11-10T11:29:26.915-0800][75370547ms] GC(20610) Humongous regions: 5->5
[2023-11-10T11:29:26.915-0800][75370547ms] GC(20610) Metaspace: 304631K->304631K(1347584K)
[2023-11-10T11:29:26.915-0800][75370547ms] GC(20610) Pause Young (Normal) (GCLocker Initiated GC) 3234M->2798M(3602M) 6.191ms
[2023-11-10T11:29:26.915-0800][75370547ms] GC(20610) User=0.02s Sys=0.00s Real=0.01s
[2023-11-10T11:29:27.630-0800][75371262ms] GC(20611) Pause Young (Normal) (GCLocker Initiated GC)
[2023-11-10T11:29:27.630-0800][75371262ms] GC(20611) Using 10 workers of 10 for evacuation
[2023-11-10T11:29:27.643-0800][75371275ms] GC(20611)   Pre Evacuate Collection Set: 0.1ms
[2023-11-10T11:29:27.643-0800][75371275ms] GC(20611)   Evacuate Collection Set: 2.4ms
[2023-11-10T11:29:27.643-0800][75371275ms] GC(20611)   Post Evacuate Collection Set: 10.2ms
[2023-11-10T11:29:27.643-0800][75371275ms] GC(20611)   Other: 0.4ms
[2023-11-10T11:29:27.643-0800][75371275ms] GC(20611) Eden regions: 218->0(218)
[2023-11-10T11:29:27.643-0800][75371275ms] GC(20611) Survivor regions: 1->1(28)
[2023-11-10T11:29:27.643-0800][75371275ms] GC(20611) Old regions: 1395->1395
[2023-11-10T11:29:27.643-0800][75371275ms] GC(20611) Humongous regions: 5->5
[2023-11-10T11:29:27.643-0800][75371275ms] GC(20611) Metaspace: 304631K->304631K(1347584K)
[2023-11-10T11:29:27.643-0800][75371275ms] GC(20611) Pause Young (Normal) (GCLocker Initiated GC) 3234M->2798M(3602M) 13.168ms
[2023-11-10T11:29:27.643-0800][75371275ms] GC(20611) User=0.02s Sys=0.00s Real=0.01s
[2023-11-10T11:29:28.281-0800][75371913ms] GC(20612) Pause Young (Normal) (GCLocker Initiated GC)
[2023-11-10T11:29:28.281-0800][75371913ms] GC(20612) Using 10 workers of 10 for evacuation
[2023-11-10T11:29:28.288-0800][75371920ms] GC(20612)   Pre Evacuate Collection Set: 0.1ms
[2023-11-10T11:29:28.289-0800][75371921ms] GC(20612)   Evacuate Collection Set: 2.1ms
[2023-11-10T11:29:28.289-0800][75371921ms] GC(20612)   Post Evacuate Collection Set: 4.9ms
[2023-11-10T11:29:28.289-0800][75371921ms] GC(20612)   Other: 0.5ms
[2023-11-10T11:29:28.289-0800][75371921ms] GC(20612) Eden regions: 218->0(218)
[2023-11-10T11:29:28.289-0800][75371921ms] GC(20612) Survivor regions: 1->1(28)
[2023-11-10T11:29:28.289-0800][75371921ms] GC(20612) Old regions: 1395->1395
[2023-11-10T11:29:28.289-0800][75371921ms] GC(20612) Humongous regions: 5->5
[2023-11-10T11:29:28.289-0800][75371921ms] GC(20612) Metaspace: 304631K->304631K(1347584K)
[2023-11-10T11:29:28.289-0800][75371921ms] GC(20612) Pause Young (Normal) (GCLocker Initiated GC) 3234M->2798M(3602M) 7.651ms
[2023-11-10T11:29:28.289-0800][75371921ms] GC(20612) User=0.02s Sys=0.00s Real=0.01s
[2023-11-10T11:29:28.983-0800][75372615ms] GC(20613) Pause Young (Normal) (G1 Evacuation Pause)
[2023-11-10T11:29:28.983-0800][75372615ms] GC(20613) Using 10 workers of 10 for evacuation
[2023-11-10T11:29:28.989-0800][75372621ms] GC(20613)   Pre Evacuate Collection Set: 0.1ms
[2023-11-10T11:29:28.989-0800][75372621ms] GC(20613)   Evacuate Collection Set: 1.8ms
[2023-11-10T11:29:28.989-0800][75372621ms] GC(20613)   Post Evacuate Collection Set: 4.4ms
[2023-11-10T11:29:28.989-0800][75372621ms] GC(20613)   Other: 0.4ms
[2023-11-10T11:29:28.989-0800][75372621ms] GC(20613) Eden regions: 218->0(218)
[2023-11-10T11:29:28.989-0800][75372621ms] GC(20613) Survivor regions: 1->1(28)
[2023-11-10T11:29:28.989-0800][75372621ms] GC(20613) Old regions: 1395->1395
[2023-11-10T11:29:28.989-0800][75372621ms] GC(20613) Humongous regions: 5->5
[2023-11-10T11:29:28.989-0800][75372621ms] GC(20613) Metaspace: 304631K->304631K(1347584K)
[2023-11-10T11:29:28.989-0800][75372621ms] GC(20613) Pause Young (Normal) (G1 Evacuation Pause) 3234M->2798M(3602M) 6.960ms
[2023-11-10T11:29:28.989-0800][75372621ms] GC(20613) User=0.00s Sys=0.00s Real=0.01s
[2023-11-10T11:29:29.535-0800][75373167ms] GC(20614) Pause Young (Normal) (G1 Evacuation Pause)
[2023-11-10T11:29:29.535-0800][75373167ms] GC(20614) Using 10 workers of 10 for evacuation
[2023-11-10T11:29:29.541-0800][75373173ms] GC(20614)   Pre Evacuate Collection Set: 0.1ms
[2023-11-10T11:29:29.541-0800][75373173ms] GC(20614)   Evacuate Collection Set: 2.1ms
[2023-11-10T11:29:29.541-0800][75373173ms] GC(20614)   Post Evacuate Collection Set: 3.8ms
[2023-11-10T11:29:29.541-0800][75373173ms] GC(20614)   Other: 0.3ms
[2023-11-10T11:29:29.541-0800][75373173ms] GC(20614) Eden regions: 218->0(218)
[2023-11-10T11:29:29.541-0800][75373173ms] GC(20614) Survivor regions: 1->1(28)
[2023-11-10T11:29:29.541-0800][75373173ms] GC(20614) Old regions: 1395->1395
[2023-11-10T11:29:29.541-0800][75373173ms] GC(20614) Humongous regions: 5->5
[2023-11-10T11:29:29.541-0800][75373173ms] GC(20614) Metaspace: 304631K->304631K(1347584K)
[2023-11-10T11:29:29.542-0800][75373174ms] GC(20614) Pause Young (Normal) (G1 Evacuation Pause) 3234M->2798M(3602M) 6.431ms
[2023-11-10T11:29:29.542-0800][75373174ms] GC(20614) User=0.02s Sys=0.00s Real=0.01s
[2023-11-10T11:29:30.100-0800][75373732ms] GC(20615) Pause Young (Normal) (G1 Evacuation Pause)
[2023-11-10T11:29:30.100-0800][75373732ms] GC(20615) Using 10 workers of 10 for evacuation
[2023-11-10T11:29:30.107-0800][75373739ms] GC(20615)   Pre Evacuate Collection Set: 0.1ms
[2023-11-10T11:29:30.107-0800][75373739ms] GC(20615)   Evacuate Collection Set: 2.2ms
[2023-11-10T11:29:30.107-0800][75373739ms] GC(20615)   Post Evacuate Collection Set: 3.3ms
[2023-11-10T11:29:30.107-0800][75373739ms] GC(20615)   Other: 0.4ms
[2023-11-10T11:29:30.107-0800][75373739ms] GC(20615) Eden regions: 218->0(218)
[2023-11-10T11:29:30.107-0800][75373739ms] GC(20615) Survivor regions: 1->1(28)
[2023-11-10T11:29:30.107-0800][75373739ms] GC(20615) Old regions: 1395->1395
[2023-11-10T11:29:30.107-0800][75373739ms] GC(20615) Humongous regions: 5->5
[2023-11-10T11:29:30.107-0800][75373739ms] GC(20615) Metaspace: 304631K->304631K(1347584K)
[2023-11-10T11:29:30.107-0800][75373739ms] GC(20615) Pause Young (Normal) (G1 Evacuation Pause) 3234M->2798M(3602M) 6.038ms
[2023-11-10T11:29:30.107-0800][75373739ms] GC(20615) User=0.00s Sys=0.00s Real=0.01s
[2023-11-10T11:29:30.648-0800][75374280ms] GC(20616) Pause Young (Normal) (G1 Evacuation Pause)
[2023-11-10T11:29:30.648-0800][75374280ms] GC(20616) Using 10 workers of 10 for evacuation
[2023-11-10T11:29:30.653-0800][75374285ms] GC(20616)   Pre Evacuate Collection Set: 0.0ms
[2023-11-10T11:29:30.653-0800][75374285ms] GC(20616)   Evacuate Collection Set: 1.6ms
[2023-11-10T11:29:30.653-0800][75374285ms] GC(20616)   Post Evacuate Collection Set: 3.1ms
[2023-11-10T11:29:30.653-0800][75374285ms] GC(20616)   Other: 0.3ms
[2023-11-10T11:29:30.653-0800][75374285ms] GC(20616) Eden regions: 218->0(218)
[2023-11-10T11:29:30.653-0800][75374285ms] GC(20616) Survivor regions: 1->1(28)
[2023-11-10T11:29:30.653-0800][75374285ms] GC(20616) Old regions: 1395->1395
[2023-11-10T11:29:30.653-0800][75374285ms] GC(20616) Humongous regions: 5->5
[2023-11-10T11:29:30.653-0800][75374285ms] GC(20616) Metaspace: 304631K->304631K(1347584K)
[2023-11-10T11:29:30.653-0800][75374285ms] GC(20616) Pause Young (Normal) (G1 Evacuation Pause) 3234M->2798M(3602M) 5.178ms
[2023-11-10T11:29:30.653-0800][75374285ms] GC(20616) User=0.00s Sys=0.00s Real=0.01s
[2023-11-10T11:29:31.206-0800][75374838ms] GC(20617) Pause Young (Normal) (G1 Evacuation Pause)
[2023-11-10T11:29:31.207-0800][75374839ms] GC(20617) Using 10 workers of 10 for evacuation
[2023-11-10T11:29:31.211-0800][75374843ms] GC(20617)   Pre Evacuate Collection Set: 0.1ms
[2023-11-10T11:29:31.211-0800][75374843ms] GC(20617)   Evacuate Collection Set: 1.8ms
[2023-11-10T11:29:31.211-0800][75374843ms] GC(20617)   Post Evacuate Collection Set: 3.2ms
[2023-11-10T11:29:31.211-0800][75374843ms] GC(20617)   Other: 0.3ms
[2023-11-10T11:29:31.211-0800][75374843ms] GC(20617) Eden regions: 218->0(218)
[2023-11-10T11:29:31.211-0800][75374843ms] GC(20617) Survivor regions: 1->1(28)
[2023-11-10T11:29:31.211-0800][75374843ms] GC(20617) Old regions: 1395->1395
[2023-11-10T11:29:31.211-0800][75374843ms] GC(20617) Humongous regions: 5->5
[2023-11-10T11:29:31.211-0800][75374843ms] GC(20617) Metaspace: 304631K->304631K(1347584K)
[2023-11-10T11:29:31.211-0800][75374843ms] GC(20617) Pause Young (Normal) (G1 Evacuation Pause) 3234M->2798M(3602M) 5.444ms
[2023-11-10T11:29:31.211-0800][75374843ms] GC(20617) User=0.00s Sys=0.00s Real=0.00s
[2023-11-10T11:29:31.760-0800][75375392ms] GC(20618) Pause Young (Normal) (G1 Evacuation Pause)
[2023-11-10T11:29:31.760-0800][75375392ms] GC(20618) Using 10 workers of 10 for evacuation
[2023-11-10T11:29:31.766-0800][75375398ms] GC(20618)   Pre Evacuate Collection Set: 0.0ms
[2023-11-10T11:29:31.766-0800][75375398ms] GC(20618)   Evacuate Collection Set: 2.4ms
[2023-11-10T11:29:31.766-0800][75375398ms] GC(20618)   Post Evacuate Collection Set: 3.5ms
[2023-11-10T11:29:31.766-0800][75375398ms] GC(20618)   Other: 0.3ms
[2023-11-10T11:29:31.766-0800][75375398ms] GC(20618) Eden regions: 218->0(218)
[2023-11-10T11:29:31.766-0800][75375398ms] GC(20618) Survivor regions: 1->1(28)
[2023-11-10T11:29:31.766-0800][75375398ms] GC(20618) Old regions: 1395->1395
[2023-11-10T11:29:31.766-0800][75375398ms] GC(20618) Humongous regions: 5->5
[2023-11-10T11:29:31.766-0800][75375398ms] GC(20618) Metaspace: 304631K->304631K(1347584K)
[2023-11-10T11:29:31.766-0800][75375398ms] GC(20618) Pause Young (Normal) (G1 Evacuation Pause) 3234M->2799M(3602M) 6.381ms
[2023-11-10T11:29:31.766-0800][75375398ms] GC(20618) User=0.00s Sys=0.00s Real=0.01s
[2023-11-10T11:29:32.272-0800][75375904ms] GC(20619) Pause Young (Normal) (G1 Evacuation Pause)
[2023-11-10T11:29:32.272-0800][75375904ms] GC(20619) Using 10 workers of 10 for evacuation
[2023-11-10T11:29:32.278-0800][75375910ms] GC(20619)   Pre Evacuate Collection Set: 0.0ms
[2023-11-10T11:29:32.278-0800][75375910ms] GC(20619)   Evacuate Collection Set: 1.7ms
[2023-11-10T11:29:32.278-0800][75375910ms] GC(20619)   Post Evacuate Collection Set: 3.1ms
[2023-11-10T11:29:32.278-0800][75375910ms] GC(20619)   Other: 0.2ms
[2023-11-10T11:29:32.278-0800][75375910ms] GC(20619) Eden regions: 218->0(218)
[2023-11-10T11:29:32.278-0800][75375910ms] GC(20619) Survivor regions: 1->1(28)
[2023-11-10T11:29:32.278-0800][75375910ms] GC(20619) Old regions: 1395->1395
[2023-11-10T11:29:32.278-0800][75375910ms] GC(20619) Humongous regions: 5->5
[2023-11-10T11:29:32.278-0800][75375910ms] GC(20619) Metaspace: 304631K->304631K(1347584K)
[2023-11-10T11:29:32.278-0800][75375910ms] GC(20619) Pause Young (Normal) (G1 Evacuation Pause) 3235M->2798M(3602M) 5.359ms
[2023-11-10T11:29:32.278-0800][75375910ms] GC(20619) User=0.00s Sys=0.00s Real=0.01s
[2023-11-10T11:29:32.760-0800][75376392ms] GC(20620) Pause Young (Normal) (G1 Evacuation Pause)
[2023-11-10T11:29:32.760-0800][75376392ms] GC(20620) Using 10 workers of 10 for evacuation
[2023-11-10T11:29:32.764-0800][75376396ms] GC(20620)   Pre Evacuate Collection Set: 0.0ms
[2023-11-10T11:29:32.764-0800][75376396ms] GC(20620)   Evacuate Collection Set: 1.6ms
[2023-11-10T11:29:32.764-0800][75376396ms] GC(20620)   Post Evacuate Collection Set: 3.1ms
[2023-11-10T11:29:32.764-0800][75376396ms] GC(20620)   Other: 0.3ms
[2023-11-10T11:29:32.764-0800][75376396ms] GC(20620) Eden regions: 218->0(218)
[2023-11-10T11:29:32.764-0800][75376396ms] GC(20620) Survivor regions: 1->1(28)
[2023-11-10T11:29:32.764-0800][75376396ms] GC(20620) Old regions: 1395->1395
[2023-11-10T11:29:32.764-0800][75376396ms] GC(20620) Humongous regions: 5->5
[2023-11-10T11:29:32.764-0800][75376396ms] GC(20620) Metaspace: 304631K->304631K(1347584K)
[2023-11-10T11:29:32.764-0800][75376396ms] GC(20620) Pause Young (Normal) (G1 Evacuation Pause) 3234M->2798M(3602M) 5.075ms
[2023-11-10T11:29:32.764-0800][75376396ms] GC(20620) User=0.00s Sys=0.00s Real=0.00s
[2023-11-10T11:29:33.308-0800][75376940ms] GC(20621) Pause Young (Normal) (G1 Evacuation Pause)
[2023-11-10T11:29:33.308-0800][75376940ms] GC(20621) Using 10 workers of 10 for evacuation
[2023-11-10T11:29:33.313-0800][75376945ms] GC(20621)   Pre Evacuate Collection Set: 0.0ms
[2023-11-10T11:29:33.313-0800][75376945ms] GC(20621)   Evacuate Collection Set: 1.7ms
[2023-11-10T11:29:33.313-0800][75376945ms] GC(20621)   Post Evacuate Collection Set: 3.1ms
[2023-11-10T11:29:33.313-0800][75376945ms] GC(20621)   Other: 0.3ms
[2023-11-10T11:29:33.313-0800][75376945ms] GC(20621) Eden regions: 218->0(218)
[2023-11-10T11:29:33.313-0800][75376945ms] GC(20621) Survivor regions: 1->1(28)
[2023-11-10T11:29:33.313-0800][75376945ms] GC(20621) Old regions: 1395->1395
[2023-11-10T11:29:33.313-0800][75376945ms] GC(20621) Humongous regions: 5->5
[2023-11-10T11:29:33.313-0800][75376945ms] GC(20621) Metaspace: 304631K->304631K(1347584K)
[2023-11-10T11:29:33.313-0800][75376945ms] GC(20621) Pause Young (Normal) (G1 Evacuation Pause) 3234M->2798M(3602M) 5.125ms
[2023-11-10T11:29:33.313-0800][75376945ms] GC(20621) User=0.00s Sys=0.00s Real=0.00s
[2023-11-10T11:29:33.825-0800][75377458ms] GC(20622) Pause Young (Normal) (G1 Evacuation Pause)
[2023-11-10T11:29:33.826-0800][75377458ms] GC(20622) Using 10 workers of 10 for evacuation
[2023-11-10T11:29:33.830-0800][75377462ms] GC(20622)   Pre Evacuate Collection Set: 0.0ms
[2023-11-10T11:29:33.830-0800][75377462ms] GC(20622)   Evacuate Collection Set: 1.6ms
[2023-11-10T11:29:33.830-0800][75377462ms] GC(20622)   Post Evacuate Collection Set: 3.0ms
[2023-11-10T11:29:33.830-0800][75377462ms] GC(20622)   Other: 0.3ms
[2023-11-10T11:29:33.830-0800][75377462ms] GC(20622) Eden regions: 218->0(218)
[2023-11-10T11:29:33.830-0800][75377462ms] GC(20622) Survivor regions: 1->1(28)
[2023-11-10T11:29:33.830-0800][75377462ms] GC(20622) Old regions: 1395->1395
[2023-11-10T11:29:33.830-0800][75377462ms] GC(20622) Humongous regions: 5->5
[2023-11-10T11:29:33.830-0800][75377462ms] GC(20622) Metaspace: 304631K->304631K(1347584K)
[2023-11-10T11:29:33.830-0800][75377462ms] GC(20622) Pause Young (Normal) (G1 Evacuation Pause) 3234M->2798M(3602M) 5.004ms
[2023-11-10T11:29:33.831-0800][75377463ms] GC(20622) User=0.00s Sys=0.00s Real=0.01s
[2023-11-10T11:29:34.325-0800][75377957ms] GC(20623) Pause Young (Normal) (G1 Evacuation Pause)
[2023-11-10T11:29:34.325-0800][75377957ms] GC(20623) Using 10 workers of 10 for evacuation
[2023-11-10T11:29:34.330-0800][75377962ms] GC(20623)   Pre Evacuate Collection Set: 0.0ms
[2023-11-10T11:29:34.330-0800][75377962ms] GC(20623)   Evacuate Collection Set: 1.6ms
[2023-11-10T11:29:34.330-0800][75377962ms] GC(20623)   Post Evacuate Collection Set: 3.1ms
[2023-11-10T11:29:34.330-0800][75377962ms] GC(20623)   Other: 0.3ms
[2023-11-10T11:29:34.330-0800][75377962ms] GC(20623) Eden regions: 218->0(218)
[2023-11-10T11:29:34.330-0800][75377962ms] GC(20623) Survivor regions: 1->1(28)
[2023-11-10T11:29:34.330-0800][75377962ms] GC(20623) Old regions: 1395->1395
[2023-11-10T11:29:34.330-0800][75377962ms] GC(20623) Humongous regions: 5->5
[2023-11-10T11:29:34.330-0800][75377962ms] GC(20623) Metaspace: 304631K->304631K(1347584K)
[2023-11-10T11:29:34.330-0800][75377962ms] GC(20623) Pause Young (Normal) (G1 Evacuation Pause) 3234M->2799M(3602M) 5.205ms
[2023-11-10T11:29:34.330-0800][75377962ms] GC(20623) User=0.00s Sys=0.00s Real=0.00s
[2023-11-10T11:29:34.816-0800][75378448ms] GC(20624) Pause Young (Normal) (G1 Evacuation Pause)
[2023-11-10T11:29:34.816-0800][75378448ms] GC(20624) Using 10 workers of 10 for evacuation
[2023-11-10T11:29:34.821-0800][75378453ms] GC(20624)   Pre Evacuate Collection Set: 0.1ms
[2023-11-10T11:29:34.821-0800][75378453ms] GC(20624)   Evacuate Collection Set: 1.6ms
[2023-11-10T11:29:34.821-0800][75378453ms] GC(20624)   Post Evacuate Collection Set: 3.0ms
[2023-11-10T11:29:34.821-0800][75378453ms] GC(20624)   Other: 0.4ms
[2023-11-10T11:29:34.821-0800][75378453ms] GC(20624) Eden regions: 218->0(218)
[2023-11-10T11:29:34.821-0800][75378453ms] GC(20624) Survivor regions: 1->1(28)
[2023-11-10T11:29:34.821-0800][75378453ms] GC(20624) Old regions: 1395->1395
[2023-11-10T11:29:34.821-0800][75378453ms] GC(20624) Humongous regions: 5->5
[2023-11-10T11:29:34.821-0800][75378453ms] GC(20624) Metaspace: 304631K->304631K(1347584K)
[2023-11-10T11:29:34.821-0800][75378453ms] GC(20624) Pause Young (Normal) (G1 Evacuation Pause) 3235M->2799M(3602M) 5.215ms
[2023-11-10T11:29:34.821-0800][75378453ms] GC(20624) User=0.02s Sys=0.00s Real=0.01s
[2023-11-10T11:29:35.322-0800][75378954ms] GC(20625) Pause Young (Normal) (G1 Evacuation Pause)
[2023-11-10T11:29:35.322-0800][75378954ms] GC(20625) Using 10 workers of 10 for evacuation
[2023-11-10T11:29:35.328-0800][75378960ms] GC(20625)   Pre Evacuate Collection Set: 0.0ms
[2023-11-10T11:29:35.328-0800][75378960ms] GC(20625)   Evacuate Collection Set: 1.7ms
[2023-11-10T11:29:35.328-0800][75378960ms] GC(20625)   Post Evacuate Collection Set: 3.3ms
[2023-11-10T11:29:35.328-0800][75378960ms] GC(20625)   Other: 0.3ms
[2023-11-10T11:29:35.328-0800][75378960ms] GC(20625) Eden regions: 218->0(218)
[2023-11-10T11:29:35.328-0800][75378960ms] GC(20625) Survivor regions: 1->1(28)
[2023-11-10T11:29:35.328-0800][75378960ms] GC(20625) Old regions: 1395->1395
[2023-11-10T11:29:35.328-0800][75378960ms] GC(20625) Humongous regions: 5->5
[2023-11-10T11:29:35.328-0800][75378960ms] GC(20625) Metaspace: 304631K->304631K(1347584K)
[2023-11-10T11:29:35.328-0800][75378960ms] GC(20625) Pause Young (Normal) (G1 Evacuation Pause) 3235M->2799M(3602M) 5.441ms
[2023-11-10T11:29:35.328-0800][75378960ms] GC(20625) User=0.00s Sys=0.00s Real=0.01s
[2023-11-10T11:29:35.826-0800][75379458ms] GC(20626) Pause Young (Normal) (G1 Evacuation Pause)
[2023-11-10T11:29:35.826-0800][75379458ms] GC(20626) Using 10 workers of 10 for evacuation
[2023-11-10T11:29:35.832-0800][75379464ms] GC(20626)   Pre Evacuate Collection Set: 0.0ms
[2023-11-10T11:29:35.832-0800][75379464ms] GC(20626)   Evacuate Collection Set: 1.6ms
[2023-11-10T11:29:35.832-0800][75379464ms] GC(20626)   Post Evacuate Collection Set: 3.1ms
[2023-11-10T11:29:35.832-0800][75379464ms] GC(20626)   Other: 0.2ms
[2023-11-10T11:29:35.832-0800][75379464ms] GC(20626) Eden regions: 218->0(218)
[2023-11-10T11:29:35.832-0800][75379464ms] GC(20626) Survivor regions: 1->1(28)
[2023-11-10T11:29:35.832-0800][75379464ms] GC(20626) Old regions: 1395->1395
[2023-11-10T11:29:35.832-0800][75379464ms] GC(20626) Humongous regions: 5->5
[2023-11-10T11:29:35.832-0800][75379464ms] GC(20626) Metaspace: 304631K->304631K(1347584K)
[2023-11-10T11:29:35.832-0800][75379464ms] GC(20626) Pause Young (Normal) (G1 Evacuation Pause) 3235M->2799M(3602M) 5.088ms
[2023-11-10T11:29:35.832-0800][75379464ms] GC(20626) User=0.00s Sys=0.00s Real=0.01s
[2023-11-10T11:29:36.287-0800][75379919ms] GC(20627) Pause Young (Normal) (G1 Evacuation Pause)
[2023-11-10T11:29:36.287-0800][75379919ms] GC(20627) Using 10 workers of 10 for evacuation
[2023-11-10T11:29:36.294-0800][75379926ms] GC(20627)   Pre Evacuate Collection Set: 0.1ms
[2023-11-10T11:29:36.294-0800][75379926ms] GC(20627)   Evacuate Collection Set: 2.0ms
[2023-11-10T11:29:36.294-0800][75379926ms] GC(20627)   Post Evacuate Collection Set: 4.4ms
[2023-11-10T11:29:36.294-0800][75379926ms] GC(20627)   Other: 0.4ms
[2023-11-10T11:29:36.294-0800][75379926ms] GC(20627) Eden regions: 218->0(218)
[2023-11-10T11:29:36.294-0800][75379926ms] GC(20627) Survivor regions: 1->1(28)
[2023-11-10T11:29:36.294-0800][75379926ms] GC(20627) Old regions: 1395->1395
[2023-11-10T11:29:36.294-0800][75379926ms] GC(20627) Humongous regions: 5->5
[2023-11-10T11:29:36.294-0800][75379926ms] GC(20627) Metaspace: 304631K->304631K(1347584K)
[2023-11-10T11:29:36.294-0800][75379926ms] GC(20627) Pause Young (Normal) (G1 Evacuation Pause) 3235M->2799M(3602M) 7.111ms
[2023-11-10T11:29:36.294-0800][75379926ms] GC(20627) User=0.14s Sys=0.00s Real=0.01s
[2023-11-10T11:29:36.847-0800][75380479ms] GC(20628) Pause Young (Normal) (G1 Evacuation Pause)
[2023-11-10T11:29:36.847-0800][75380479ms] GC(20628) Using 10 workers of 10 for evacuation
[2023-11-10T11:29:36.851-0800][75380483ms] GC(20628)   Pre Evacuate Collection Set: 0.0ms
[2023-11-10T11:29:36.851-0800][75380483ms] GC(20628)   Evacuate Collection Set: 1.6ms
[2023-11-10T11:29:36.851-0800][75380483ms] GC(20628)   Post Evacuate Collection Set: 3.2ms
[2023-11-10T11:29:36.851-0800][75380483ms] GC(20628)   Other: 0.3ms
[2023-11-10T11:29:36.851-0800][75380483ms] GC(20628) Eden regions: 218->0(218)
[2023-11-10T11:29:36.851-0800][75380483ms] GC(20628) Survivor regions: 1->1(28)
[2023-11-10T11:29:36.851-0800][75380483ms] GC(20628) Old regions: 1395->1395
[2023-11-10T11:29:36.851-0800][75380483ms] GC(20628) Humongous regions: 5->5
[2023-11-10T11:29:36.851-0800][75380483ms] GC(20628) Metaspace: 304631K->304631K(1347584K)
[2023-11-10T11:29:36.851-0800][75380483ms] GC(20628) Pause Young (Normal) (G1 Evacuation Pause) 3235M->2799M(3602M) 5.237ms
[2023-11-10T11:29:36.851-0800][75380483ms] GC(20628) User=0.00s Sys=0.00s Real=0.00s
[2023-11-10T11:29:37.411-0800][75381043ms] GC(20629) Pause Young (Normal) (G1 Evacuation Pause)
[2023-11-10T11:29:37.411-0800][75381043ms] GC(20629) Using 10 workers of 10 for evacuation
[2023-11-10T11:29:37.418-0800][75381050ms] GC(20629)   Pre Evacuate Collection Set: 0.0ms
[2023-11-10T11:29:37.418-0800][75381050ms] GC(20629)   Evacuate Collection Set: 1.8ms
[2023-11-10T11:29:37.418-0800][75381050ms] GC(20629)   Post Evacuate Collection Set: 4.1ms
[2023-11-10T11:29:37.418-0800][75381050ms] GC(20629)   Other: 0.3ms
[2023-11-10T11:29:37.418-0800][75381050ms] GC(20629) Eden regions: 218->0(218)
[2023-11-10T11:29:37.418-0800][75381050ms] GC(20629) Survivor regions: 1->1(28)
[2023-11-10T11:29:37.418-0800][75381050ms] GC(20629) Old regions: 1395->1395
[2023-11-10T11:29:37.418-0800][75381050ms] GC(20629) Humongous regions: 5->5
[2023-11-10T11:29:37.418-0800][75381050ms] GC(20629) Metaspace: 304631K->304631K(1347584K)
[2023-11-10T11:29:37.418-0800][75381050ms] GC(20629) Pause Young (Normal) (G1 Evacuation Pause) 3235M->2799M(3602M) 6.369ms
[2023-11-10T11:29:37.418-0800][75381050ms] GC(20629) User=0.00s Sys=0.00s Real=0.01s
[2023-11-10T11:29:37.915-0800][75381547ms] GC(20630) Pause Young (Normal) (G1 Evacuation Pause)
[2023-11-10T11:29:37.915-0800][75381547ms] GC(20630) Using 10 workers of 10 for evacuation
[2023-11-10T11:29:37.920-0800][75381552ms] GC(20630)   Pre Evacuate Collection Set: 0.0ms
[2023-11-10T11:29:37.920-0800][75381552ms] GC(20630)   Evacuate Collection Set: 1.8ms
[2023-11-10T11:29:37.920-0800][75381552ms] GC(20630)   Post Evacuate Collection Set: 3.8ms
[2023-11-10T11:29:37.920-0800][75381552ms] GC(20630)   Other: 0.3ms
[2023-11-10T11:29:37.920-0800][75381552ms] GC(20630) Eden regions: 218->0(218)
[2023-11-10T11:29:37.920-0800][75381552ms] GC(20630) Survivor regions: 1->1(28)
[2023-11-10T11:29:37.920-0800][75381552ms] GC(20630) Old regions: 1395->1395
[2023-11-10T11:29:37.920-0800][75381552ms] GC(20630) Humongous regions: 5->5
[2023-11-10T11:29:37.920-0800][75381552ms] GC(20630) Metaspace: 304631K->304631K(1347584K)
[2023-11-10T11:29:37.920-0800][75381552ms] GC(20630) Pause Young (Normal) (G1 Evacuation Pause) 3235M->2799M(3602M) 6.053ms
[2023-11-10T11:29:37.920-0800][75381552ms] GC(20630) User=0.00s Sys=0.00s Real=0.01s
[2023-11-10T11:29:38.482-0800][75382114ms] GC(20631) Pause Young (Normal) (G1 Evacuation Pause)
[2023-11-10T11:29:38.482-0800][75382114ms] GC(20631) Using 10 workers of 10 for evacuation
[2023-11-10T11:29:38.488-0800][75382120ms] GC(20631)   Pre Evacuate Collection Set: 0.1ms
[2023-11-10T11:29:38.488-0800][75382120ms] GC(20631)   Evacuate Collection Set: 1.9ms
[2023-11-10T11:29:38.488-0800][75382120ms] GC(20631)   Post Evacuate Collection Set: 3.2ms
[2023-11-10T11:29:38.488-0800][75382120ms] GC(20631)   Other: 0.3ms
[2023-11-10T11:29:38.488-0800][75382120ms] GC(20631) Eden regions: 218->0(218)
[2023-11-10T11:29:38.488-0800][75382120ms] GC(20631) Survivor regions: 1->1(28)
[2023-11-10T11:29:38.488-0800][75382120ms] GC(20631) Old regions: 1395->1395
[2023-11-10T11:29:38.488-0800][75382120ms] GC(20631) Humongous regions: 5->5
[2023-11-10T11:29:38.488-0800][75382120ms] GC(20631) Metaspace: 304631K->304631K(1347584K)
[2023-11-10T11:29:38.488-0800][75382120ms] GC(20631) Pause Young (Normal) (G1 Evacuation Pause) 3235M->2799M(3602M) 5.495ms
[2023-11-10T11:29:38.488-0800][75382120ms] GC(20631) User=0.00s Sys=0.00s Real=0.01s
[2023-11-10T11:29:39.040-0800][75382672ms] GC(20632) Pause Young (Normal) (G1 Evacuation Pause)
[2023-11-10T11:29:39.040-0800][75382672ms] GC(20632) Using 10 workers of 10 for evacuation
[2023-11-10T11:29:39.046-0800][75382678ms] GC(20632)   Pre Evacuate Collection Set: 0.1ms
[2023-11-10T11:29:39.046-0800][75382678ms] GC(20632)   Evacuate Collection Set: 2.0ms
[2023-11-10T11:29:39.046-0800][75382678ms] GC(20632)   Post Evacuate Collection Set: 3.6ms
[2023-11-10T11:29:39.047-0800][75382679ms] GC(20632)   Other: 0.4ms
[2023-11-10T11:29:39.047-0800][75382679ms] GC(20632) Eden regions: 218->0(218)
[2023-11-10T11:29:39.047-0800][75382679ms] GC(20632) Survivor regions: 1->1(28)
[2023-11-10T11:29:39.047-0800][75382679ms] GC(20632) Old regions: 1395->1395
[2023-11-10T11:29:39.047-0800][75382679ms] GC(20632) Humongous regions: 5->5
[2023-11-10T11:29:39.047-0800][75382679ms] GC(20632) Metaspace: 304631K->304631K(1347584K)
[2023-11-10T11:29:39.047-0800][75382679ms] GC(20632) Pause Young (Normal) (G1 Evacuation Pause) 3235M->2799M(3602M) 6.125ms
[2023-11-10T11:29:39.047-0800][75382679ms] GC(20632) User=0.00s Sys=0.00s Real=0.01s
[2023-11-10T11:29:39.612-0800][75383244ms] GC(20633) Pause Young (Normal) (G1 Evacuation Pause)
[2023-11-10T11:29:39.612-0800][75383244ms] GC(20633) Using 10 workers of 10 for evacuation
[2023-11-10T11:29:39.619-0800][75383251ms] GC(20633)   Pre Evacuate Collection Set: 0.1ms
[2023-11-10T11:29:39.619-0800][75383251ms] GC(20633)   Evacuate Collection Set: 2.4ms
[2023-11-10T11:29:39.619-0800][75383251ms] GC(20633)   Post Evacuate Collection Set: 4.8ms
[2023-11-10T11:29:39.619-0800][75383251ms] GC(20633)   Other: 0.4ms
[2023-11-10T11:29:39.620-0800][75383252ms] GC(20633) Eden regions: 218->0(218)
[2023-11-10T11:29:39.620-0800][75383252ms] GC(20633) Survivor regions: 1->1(28)
[2023-11-10T11:29:39.620-0800][75383252ms] GC(20633) Old regions: 1395->1395
[2023-11-10T11:29:39.620-0800][75383252ms] GC(20633) Humongous regions: 5->5
[2023-11-10T11:29:39.620-0800][75383252ms] GC(20633) Metaspace: 304631K->304631K(1347584K)
[2023-11-10T11:29:39.620-0800][75383252ms] GC(20633) Pause Young (Normal) (G1 Evacuation Pause) 3235M->2799M(3602M) 7.777ms
[2023-11-10T11:29:39.620-0800][75383252ms] GC(20633) User=0.02s Sys=0.00s Real=0.01s
[2023-11-10T11:29:40.124-0800][75383756ms] GC(20634) Pause Young (Normal) (G1 Evacuation Pause)
[2023-11-10T11:29:40.124-0800][75383756ms] GC(20634) Using 10 workers of 10 for evacuation
[2023-11-10T11:29:40.133-0800][75383765ms] GC(20634)   Pre Evacuate Collection Set: 0.1ms
[2023-11-10T11:29:40.133-0800][75383765ms] GC(20634)   Evacuate Collection Set: 2.4ms
[2023-11-10T11:29:40.133-0800][75383765ms] GC(20634)   Post Evacuate Collection Set: 5.2ms
[2023-11-10T11:29:40.133-0800][75383765ms] GC(20634)   Other: 0.5ms
[2023-11-10T11:29:40.133-0800][75383765ms] GC(20634) Eden regions: 218->0(218)
[2023-11-10T11:29:40.133-0800][75383765ms] GC(20634) Survivor regions: 1->1(28)
[2023-11-10T11:29:40.133-0800][75383765ms] GC(20634) Old regions: 1395->1395
[2023-11-10T11:29:40.133-0800][75383765ms] GC(20634) Humongous regions: 5->5
[2023-11-10T11:29:40.133-0800][75383765ms] GC(20634) Metaspace: 304631K->304631K(1347584K)
[2023-11-10T11:29:40.133-0800][75383765ms] GC(20634) Pause Young (Normal) (G1 Evacuation Pause) 3235M->2799M(3602M) 8.212ms
[2023-11-10T11:29:40.133-0800][75383765ms] GC(20634) User=0.02s Sys=0.00s Real=0.01s
[2023-11-10T11:29:40.718-0800][75384350ms] GC(20635) Pause Young (Normal) (G1 Evacuation Pause)
[2023-11-10T11:29:40.718-0800][75384350ms] GC(20635) Using 10 workers of 10 for evacuation
[2023-11-10T11:29:40.724-0800][75384356ms] GC(20635)   Pre Evacuate Collection Set: 0.0ms
[2023-11-10T11:29:40.724-0800][75384356ms] GC(20635)   Evacuate Collection Set: 2.1ms
[2023-11-10T11:29:40.724-0800][75384356ms] GC(20635)   Post Evacuate Collection Set: 3.4ms
[2023-11-10T11:29:40.724-0800][75384356ms] GC(20635)   Other: 0.3ms
[2023-11-10T11:29:40.724-0800][75384356ms] GC(20635) Eden regions: 218->0(218)
[2023-11-10T11:29:40.724-0800][75384356ms] GC(20635) Survivor regions: 1->1(28)
[2023-11-10T11:29:40.724-0800][75384356ms] GC(20635) Old regions: 1395->1395
[2023-11-10T11:29:40.724-0800][75384356ms] GC(20635) Humongous regions: 5->5
[2023-11-10T11:29:40.724-0800][75384356ms] GC(20635) Metaspace: 304631K->304631K(1347584K)
[2023-11-10T11:29:40.724-0800][75384356ms] GC(20635) Pause Young (Normal) (G1 Evacuation Pause) 3235M->2799M(3602M) 5.852ms
[2023-11-10T11:29:40.724-0800][75384356ms] GC(20635) User=0.00s Sys=0.00s Real=0.01s
[2023-11-10T11:29:41.269-0800][75384901ms] GC(20636) Pause Young (Normal) (G1 Evacuation Pause)
[2023-11-10T11:29:41.269-0800][75384901ms] GC(20636) Using 10 workers of 10 for evacuation
[2023-11-10T11:29:41.275-0800][75384907ms] GC(20636)   Pre Evacuate Collection Set: 0.0ms
[2023-11-10T11:29:41.275-0800][75384907ms] GC(20636)   Evacuate Collection Set: 1.9ms
[2023-11-10T11:29:41.275-0800][75384907ms] GC(20636)   Post Evacuate Collection Set: 3.2ms
[2023-11-10T11:29:41.275-0800][75384907ms] GC(20636)   Other: 0.3ms
[2023-11-10T11:29:41.275-0800][75384907ms] GC(20636) Eden regions: 218->0(218)
[2023-11-10T11:29:41.275-0800][75384907ms] GC(20636) Survivor regions: 1->1(28)
[2023-11-10T11:29:41.275-0800][75384907ms] GC(20636) Old regions: 1395->1395
[2023-11-10T11:29:41.275-0800][75384907ms] GC(20636) Humongous regions: 5->5
[2023-11-10T11:29:41.275-0800][75384907ms] GC(20636) Metaspace: 304631K->304631K(1347584K)
[2023-11-10T11:29:41.275-0800][75384907ms] GC(20636) Pause Young (Normal) (G1 Evacuation Pause) 3235M->2799M(3602M) 5.499ms
[2023-11-10T11:29:41.275-0800][75384907ms] GC(20636) User=0.00s Sys=0.00s Real=0.01s
[2023-11-10T11:29:41.863-0800][75385495ms] GC(20637) Pause Young (Normal) (G1 Evacuation Pause)
[2023-11-10T11:29:41.863-0800][75385495ms] GC(20637) Using 10 workers of 10 for evacuation
[2023-11-10T11:29:41.869-0800][75385501ms] GC(20637)   Pre Evacuate Collection Set: 0.1ms
[2023-11-10T11:29:41.869-0800][75385501ms] GC(20637)   Evacuate Collection Set: 1.7ms
[2023-11-10T11:29:41.869-0800][75385501ms] GC(20637)   Post Evacuate Collection Set: 3.8ms
[2023-11-10T11:29:41.869-0800][75385501ms] GC(20637)   Other: 0.5ms
[2023-11-10T11:29:41.869-0800][75385501ms] GC(20637) Eden regions: 218->0(218)
[2023-11-10T11:29:41.869-0800][75385501ms] GC(20637) Survivor regions: 1->1(28)
[2023-11-10T11:29:41.869-0800][75385501ms] GC(20637) Old regions: 1395->1395
[2023-11-10T11:29:41.869-0800][75385501ms] GC(20637) Humongous regions: 5->5
[2023-11-10T11:29:41.869-0800][75385501ms] GC(20637) Metaspace: 304631K->304631K(1347584K)
[2023-11-10T11:29:41.869-0800][75385501ms] GC(20637) Pause Young (Normal) (G1 Evacuation Pause) 3235M->2799M(3602M) 6.132ms
[2023-11-10T11:29:41.869-0800][75385501ms] GC(20637) User=0.02s Sys=0.00s Real=0.01s
[2023-11-10T11:29:42.406-0800][75386038ms] GC(20638) Pause Young (Normal) (G1 Evacuation Pause)
[2023-11-10T11:29:42.406-0800][75386038ms] GC(20638) Using 10 workers of 10 for evacuation
[2023-11-10T11:29:42.412-0800][75386044ms] GC(20638)   Pre Evacuate Collection Set: 0.0ms
[2023-11-10T11:29:42.412-0800][75386044ms] GC(20638)   Evacuate Collection Set: 1.7ms
[2023-11-10T11:29:42.412-0800][75386044ms] GC(20638)   Post Evacuate Collection Set: 4.0ms
[2023-11-10T11:29:42.412-0800][75386044ms] GC(20638)   Other: 0.3ms
[2023-11-10T11:29:42.412-0800][75386044ms] GC(20638) Eden regions: 218->0(218)
[2023-11-10T11:29:42.412-0800][75386044ms] GC(20638) Survivor regions: 1->1(28)
[2023-11-10T11:29:42.412-0800][75386044ms] GC(20638) Old regions: 1395->1395
[2023-11-10T11:29:42.412-0800][75386044ms] GC(20638) Humongous regions: 5->5
[2023-11-10T11:29:42.412-0800][75386044ms] GC(20638) Metaspace: 304631K->304631K(1347584K)
[2023-11-10T11:29:42.412-0800][75386044ms] GC(20638) Pause Young (Normal) (G1 Evacuation Pause) 3235M->2799M(3602M) 6.190ms
[2023-11-10T11:29:42.412-0800][75386044ms] GC(20638) User=0.00s Sys=0.00s Real=0.01s
[2023-11-10T11:29:42.970-0800][75386602ms] GC(20639) Pause Young (Normal) (G1 Evacuation Pause)
[2023-11-10T11:29:42.970-0800][75386602ms] GC(20639) Using 10 workers of 10 for evacuation
[2023-11-10T11:29:42.974-0800][75386606ms] GC(20639)   Pre Evacuate Collection Set: 0.0ms
[2023-11-10T11:29:42.974-0800][75386606ms] GC(20639)   Evacuate Collection Set: 1.7ms
[2023-11-10T11:29:42.974-0800][75386606ms] GC(20639)   Post Evacuate Collection Set: 3.0ms
[2023-11-10T11:29:42.974-0800][75386606ms] GC(20639)   Other: 0.3ms
[2023-11-10T11:29:42.974-0800][75386606ms] GC(20639) Eden regions: 218->0(218)
[2023-11-10T11:29:42.974-0800][75386606ms] GC(20639) Survivor regions: 1->1(28)
[2023-11-10T11:29:42.974-0800][75386606ms] GC(20639) Old regions: 1395->1395
[2023-11-10T11:29:42.974-0800][75386606ms] GC(20639) Humongous regions: 5->5
[2023-11-10T11:29:42.974-0800][75386606ms] GC(20639) Metaspace: 304631K->304631K(1347584K)
[2023-11-10T11:29:42.974-0800][75386606ms] GC(20639) Pause Young (Normal) (G1 Evacuation Pause) 3235M->2799M(3602M) 5.033ms
[2023-11-10T11:29:42.974-0800][75386606ms] GC(20639) User=0.00s Sys=0.00s Real=0.00s
[2023-11-10T11:29:43.529-0800][75387161ms] GC(20640) Pause Young (Normal) (G1 Evacuation Pause)
[2023-11-10T11:29:43.529-0800][75387161ms] GC(20640) Using 10 workers of 10 for evacuation
[2023-11-10T11:29:43.534-0800][75387166ms] GC(20640)   Pre Evacuate Collection Set: 0.1ms
[2023-11-10T11:29:43.534-0800][75387166ms] GC(20640)   Evacuate Collection Set: 1.8ms
[2023-11-10T11:29:43.534-0800][75387166ms] GC(20640)   Post Evacuate Collection Set: 3.3ms
[2023-11-10T11:29:43.534-0800][75387166ms] GC(20640)   Other: 0.3ms
[2023-11-10T11:29:43.534-0800][75387166ms] GC(20640) Eden regions: 218->0(218)
[2023-11-10T11:29:43.534-0800][75387166ms] GC(20640) Survivor regions: 1->1(28)
[2023-11-10T11:29:43.534-0800][75387166ms] GC(20640) Old regions: 1395->1395
[2023-11-10T11:29:43.534-0800][75387166ms] GC(20640) Humongous regions: 5->5
[2023-11-10T11:29:43.534-0800][75387166ms] GC(20640) Metaspace: 304631K->304631K(1347584K)
[2023-11-10T11:29:43.534-0800][75387166ms] GC(20640) Pause Young (Normal) (G1 Evacuation Pause) 3235M->2799M(3602M) 5.615ms
[2023-11-10T11:29:43.534-0800][75387166ms] GC(20640) User=0.00s Sys=0.00s Real=0.00s
[2023-11-10T11:29:44.087-0800][75387719ms] GC(20641) Pause Young (Normal) (G1 Evacuation Pause)
[2023-11-10T11:29:44.087-0800][75387719ms] GC(20641) Using 10 workers of 10 for evacuation
[2023-11-10T11:29:44.093-0800][75387725ms] GC(20641)   Pre Evacuate Collection Set: 0.1ms
[2023-11-10T11:29:44.094-0800][75387726ms] GC(20641)   Evacuate Collection Set: 2.4ms
[2023-11-10T11:29:44.094-0800][75387726ms] GC(20641)   Post Evacuate Collection Set: 4.1ms
[2023-11-10T11:29:44.094-0800][75387726ms] GC(20641)   Other: 0.3ms
[2023-11-10T11:29:44.094-0800][75387726ms] GC(20641) Eden regions: 218->0(218)
[2023-11-10T11:29:44.094-0800][75387726ms] GC(20641) Survivor regions: 1->1(28)
[2023-11-10T11:29:44.094-0800][75387726ms] GC(20641) Old regions: 1395->1395
[2023-11-10T11:29:44.094-0800][75387726ms] GC(20641) Humongous regions: 5->5
[2023-11-10T11:29:44.094-0800][75387726ms] GC(20641) Metaspace: 304631K->304631K(1347584K)
[2023-11-10T11:29:44.094-0800][75387726ms] GC(20641) Pause Young (Normal) (G1 Evacuation Pause) 3235M->2799M(3602M) 6.894ms
[2023-11-10T11:29:44.094-0800][75387726ms] GC(20641) User=0.00s Sys=0.00s Real=0.01s
[2023-11-10T11:29:44.644-0800][75388276ms] GC(20642) Pause Young (Normal) (G1 Evacuation Pause)
[2023-11-10T11:29:44.644-0800][75388276ms] GC(20642) Using 10 workers of 10 for evacuation
[2023-11-10T11:29:44.648-0800][75388280ms] GC(20642)   Pre Evacuate Collection Set: 0.0ms
[2023-11-10T11:29:44.649-0800][75388281ms] GC(20642)   Evacuate Collection Set: 1.6ms
[2023-11-10T11:29:44.649-0800][75388281ms] GC(20642)   Post Evacuate Collection Set: 3.1ms
[2023-11-10T11:29:44.649-0800][75388281ms] GC(20642)   Other: 0.3ms
[2023-11-10T11:29:44.649-0800][75388281ms] GC(20642) Eden regions: 218->0(218)
[2023-11-10T11:29:44.649-0800][75388281ms] GC(20642) Survivor regions: 1->1(28)
[2023-11-10T11:29:44.649-0800][75388281ms] GC(20642) Old regions: 1395->1395
[2023-11-10T11:29:44.649-0800][75388281ms] GC(20642) Humongous regions: 5->5
[2023-11-10T11:29:44.649-0800][75388281ms] GC(20642) Metaspace: 304631K->304631K(1347584K)
[2023-11-10T11:29:44.649-0800][75388281ms] GC(20642) Pause Young (Normal) (G1 Evacuation Pause) 3235M->2799M(3602M) 5.075ms
[2023-11-10T11:29:44.649-0800][75388281ms] GC(20642) User=0.02s Sys=0.00s Real=0.00s
[2023-11-10T11:29:45.182-0800][75388814ms] GC(20643) Pause Young (Normal) (G1 Evacuation Pause)
[2023-11-10T11:29:45.182-0800][75388814ms] GC(20643) Using 10 workers of 10 for evacuation
[2023-11-10T11:29:45.188-0800][75388820ms] GC(20643)   Pre Evacuate Collection Set: 0.0ms
[2023-11-10T11:29:45.188-0800][75388820ms] GC(20643)   Evacuate Collection Set: 1.8ms
[2023-11-10T11:29:45.188-0800][75388820ms] GC(20643)   Post Evacuate Collection Set: 3.7ms
[2023-11-10T11:29:45.188-0800][75388820ms] GC(20643)   Other: 0.3ms
[2023-11-10T11:29:45.188-0800][75388820ms] GC(20643) Eden regions: 218->0(218)
[2023-11-10T11:29:45.188-0800][75388820ms] GC(20643) Survivor regions: 1->1(28)
[2023-11-10T11:29:45.188-0800][75388820ms] GC(20643) Old regions: 1395->1395
[2023-11-10T11:29:45.188-0800][75388820ms] GC(20643) Humongous regions: 5->5
[2023-11-10T11:29:45.188-0800][75388820ms] GC(20643) Metaspace: 304631K->304631K(1347584K)
[2023-11-10T11:29:45.188-0800][75388820ms] GC(20643) Pause Young (Normal) (G1 Evacuation Pause) 3235M->2799M(3602M) 5.917ms
[2023-11-10T11:29:45.188-0800][75388820ms] GC(20643) User=0.00s Sys=0.00s Real=0.01s
[2023-11-10T11:29:45.654-0800][75389286ms] GC(20644) Pause Young (Normal) (G1 Evacuation Pause)
[2023-11-10T11:29:45.654-0800][75389286ms] GC(20644) Using 10 workers of 10 for evacuation
[2023-11-10T11:29:45.658-0800][75389290ms] GC(20644)   Pre Evacuate Collection Set: 0.0ms
[2023-11-10T11:29:45.658-0800][75389290ms] GC(20644)   Evacuate Collection Set: 1.7ms
[2023-11-10T11:29:45.658-0800][75389290ms] GC(20644)   Post Evacuate Collection Set: 3.1ms
[2023-11-10T11:29:45.658-0800][75389290ms] GC(20644)   Other: 0.4ms
[2023-11-10T11:29:45.658-0800][75389290ms] GC(20644) Eden regions: 218->0(218)
[2023-11-10T11:29:45.658-0800][75389290ms] GC(20644) Survivor regions: 1->1(28)
[2023-11-10T11:29:45.658-0800][75389290ms] GC(20644) Old regions: 1395->1395
[2023-11-10T11:29:45.658-0800][75389290ms] GC(20644) Humongous regions: 5->5
[2023-11-10T11:29:45.658-0800][75389290ms] GC(20644) Metaspace: 304631K->304631K(1347584K)
[2023-11-10T11:29:45.658-0800][75389290ms] GC(20644) Pause Young (Normal) (G1 Evacuation Pause) 3235M->2799M(3602M) 5.291ms
[2023-11-10T11:29:45.658-0800][75389290ms] GC(20644) User=0.00s Sys=0.00s Real=0.00s
[2023-11-10T11:29:46.231-0800][75389863ms] GC(20645) Pause Young (Normal) (G1 Evacuation Pause)
[2023-11-10T11:29:46.231-0800][75389863ms] GC(20645) Using 10 workers of 10 for evacuation
[2023-11-10T11:29:46.239-0800][75389871ms] GC(20645)   Pre Evacuate Collection Set: 0.1ms
[2023-11-10T11:29:46.239-0800][75389871ms] GC(20645)   Evacuate Collection Set: 2.8ms
[2023-11-10T11:29:46.239-0800][75389871ms] GC(20645)   Post Evacuate Collection Set: 5.2ms
[2023-11-10T11:29:46.239-0800][75389871ms] GC(20645)   Other: 0.5ms
[2023-11-10T11:29:46.239-0800][75389871ms] GC(20645) Eden regions: 218->0(218)
[2023-11-10T11:29:46.239-0800][75389871ms] GC(20645) Survivor regions: 1->1(28)
[2023-11-10T11:29:46.239-0800][75389871ms] GC(20645) Old regions: 1395->1395
[2023-11-10T11:29:46.239-0800][75389871ms] GC(20645) Humongous regions: 5->5
[2023-11-10T11:29:46.239-0800][75389871ms] GC(20645) Metaspace: 304631K->304631K(1347584K)
[2023-11-10T11:29:46.239-0800][75389871ms] GC(20645) Pause Young (Normal) (G1 Evacuation Pause) 3235M->2799M(3602M) 8.647ms
[2023-11-10T11:29:46.239-0800][75389871ms] GC(20645) User=0.00s Sys=0.00s Real=0.01s
[2023-11-10T11:29:46.822-0800][75390454ms] GC(20646) Pause Young (Normal) (G1 Evacuation Pause)
[2023-11-10T11:29:46.822-0800][75390454ms] GC(20646) Using 10 workers of 10 for evacuation
[2023-11-10T11:29:46.829-0800][75390461ms] GC(20646)   Pre Evacuate Collection Set: 0.0ms
[2023-11-10T11:29:46.829-0800][75390461ms] GC(20646)   Evacuate Collection Set: 1.7ms
[2023-11-10T11:29:46.829-0800][75390461ms] GC(20646)   Post Evacuate Collection Set: 5.2ms
[2023-11-10T11:29:46.829-0800][75390461ms] GC(20646)   Other: 0.3ms
[2023-11-10T11:29:46.829-0800][75390461ms] GC(20646) Eden regions: 218->0(218)
[2023-11-10T11:29:46.829-0800][75390461ms] GC(20646) Survivor regions: 1->1(28)
[2023-11-10T11:29:46.829-0800][75390461ms] GC(20646) Old regions: 1395->1395
[2023-11-10T11:29:46.829-0800][75390461ms] GC(20646) Humongous regions: 5->5
[2023-11-10T11:29:46.829-0800][75390461ms] GC(20646) Metaspace: 304631K->304631K(1347584K)
[2023-11-10T11:29:46.829-0800][75390461ms] GC(20646) Pause Young (Normal) (G1 Evacuation Pause) 3235M->2799M(3602M) 7.399ms
[2023-11-10T11:29:46.829-0800][75390461ms] GC(20646) User=0.00s Sys=0.00s Real=0.01s
[2023-11-10T11:29:47.379-0800][75391011ms] GC(20647) Pause Young (Normal) (G1 Evacuation Pause)
[2023-11-10T11:29:47.379-0800][75391011ms] GC(20647) Using 10 workers of 10 for evacuation
[2023-11-10T11:29:47.385-0800][75391017ms] GC(20647)   Pre Evacuate Collection Set: 0.0ms
[2023-11-10T11:29:47.385-0800][75391017ms] GC(20647)   Evacuate Collection Set: 2.6ms
[2023-11-10T11:29:47.385-0800][75391017ms] GC(20647)   Post Evacuate Collection Set: 3.5ms
[2023-11-10T11:29:47.385-0800][75391017ms] GC(20647)   Other: 0.3ms
[2023-11-10T11:29:47.385-0800][75391017ms] GC(20647) Eden regions: 218->0(218)
[2023-11-10T11:29:47.385-0800][75391017ms] GC(20647) Survivor regions: 1->1(28)
[2023-11-10T11:29:47.385-0800][75391017ms] GC(20647) Old regions: 1395->1395
[2023-11-10T11:29:47.385-0800][75391017ms] GC(20647) Humongous regions: 5->5
[2023-11-10T11:29:47.385-0800][75391017ms] GC(20647) Metaspace: 304631K->304631K(1347584K)
[2023-11-10T11:29:47.385-0800][75391017ms] GC(20647) Pause Young (Normal) (G1 Evacuation Pause) 3235M->2799M(3602M) 6.576ms
[2023-11-10T11:29:47.385-0800][75391017ms] GC(20647) User=0.00s Sys=0.00s Real=0.01s
[2023-11-10T11:29:47.898-0800][75391530ms] GC(20648) Pause Young (Normal) (G1 Evacuation Pause)
[2023-11-10T11:29:47.898-0800][75391530ms] GC(20648) Using 10 workers of 10 for evacuation
[2023-11-10T11:29:47.905-0800][75391537ms] GC(20648)   Pre Evacuate Collection Set: 0.1ms
[2023-11-10T11:29:47.905-0800][75391537ms] GC(20648)   Evacuate Collection Set: 2.6ms
[2023-11-10T11:29:47.905-0800][75391537ms] GC(20648)   Post Evacuate Collection Set: 3.9ms
[2023-11-10T11:29:47.905-0800][75391537ms] GC(20648)   Other: 0.5ms
[2023-11-10T11:29:47.905-0800][75391537ms] GC(20648) Eden regions: 218->0(218)
[2023-11-10T11:29:47.905-0800][75391537ms] GC(20648) Survivor regions: 1->1(28)
[2023-11-10T11:29:47.905-0800][75391537ms] GC(20648) Old regions: 1395->1395
[2023-11-10T11:29:47.905-0800][75391537ms] GC(20648) Humongous regions: 5->5
[2023-11-10T11:29:47.905-0800][75391537ms] GC(20648) Metaspace: 304631K->304631K(1347584K)
[2023-11-10T11:29:47.905-0800][75391537ms] GC(20648) Pause Young (Normal) (G1 Evacuation Pause) 3235M->2799M(3602M) 7.206ms
[2023-11-10T11:29:47.905-0800][75391537ms] GC(20648) User=0.00s Sys=0.00s Real=0.01s
[2023-11-10T11:29:48.447-0800][75392079ms] GC(20649) Pause Young (Normal) (G1 Evacuation Pause)
[2023-11-10T11:29:48.447-0800][75392079ms] GC(20649) Using 10 workers of 10 for evacuation
[2023-11-10T11:29:48.457-0800][75392089ms] GC(20649)   Pre Evacuate Collection Set: 0.1ms
[2023-11-10T11:29:48.457-0800][75392089ms] GC(20649)   Evacuate Collection Set: 2.6ms
[2023-11-10T11:29:48.457-0800][75392089ms] GC(20649)   Post Evacuate Collection Set: 6.8ms
[2023-11-10T11:29:48.457-0800][75392089ms] GC(20649)   Other: 0.4ms
[2023-11-10T11:29:48.457-0800][75392089ms] GC(20649) Eden regions: 218->0(218)
[2023-11-10T11:29:48.457-0800][75392089ms] GC(20649) Survivor regions: 1->1(28)
[2023-11-10T11:29:48.457-0800][75392089ms] GC(20649) Old regions: 1395->1395
[2023-11-10T11:29:48.457-0800][75392089ms] GC(20649) Humongous regions: 5->5
[2023-11-10T11:29:48.457-0800][75392089ms] GC(20649) Metaspace: 304631K->304631K(1347584K)
[2023-11-10T11:29:48.457-0800][75392089ms] GC(20649) Pause Young (Normal) (G1 Evacuation Pause) 3235M->2799M(3602M) 9.902ms
[2023-11-10T11:29:48.457-0800][75392089ms] GC(20649) User=0.00s Sys=0.00s Real=0.01s
[2023-11-10T11:29:48.918-0800][75392550ms] GC(20650) Pause Young (Normal) (G1 Evacuation Pause)
[2023-11-10T11:29:48.918-0800][75392550ms] GC(20650) Using 10 workers of 10 for evacuation
[2023-11-10T11:29:48.924-0800][75392556ms] GC(20650)   Pre Evacuate Collection Set: 0.1ms
[2023-11-10T11:29:48.924-0800][75392556ms] GC(20650)   Evacuate Collection Set: 2.2ms
[2023-11-10T11:29:48.924-0800][75392556ms] GC(20650)   Post Evacuate Collection Set: 4.4ms
[2023-11-10T11:29:48.924-0800][75392556ms] GC(20650)   Other: 0.4ms
[2023-11-10T11:29:48.924-0800][75392556ms] GC(20650) Eden regions: 218->0(218)
[2023-11-10T11:29:48.924-0800][75392556ms] GC(20650) Survivor regions: 1->1(28)
[2023-11-10T11:29:48.924-0800][75392556ms] GC(20650) Old regions: 1395->1395
[2023-11-10T11:29:48.924-0800][75392556ms] GC(20650) Humongous regions: 5->5
[2023-11-10T11:29:48.924-0800][75392556ms] GC(20650) Metaspace: 304631K->304631K(1347584K)
[2023-11-10T11:29:48.924-0800][75392556ms] GC(20650) Pause Young (Normal) (G1 Evacuation Pause) 3235M->2799M(3602M) 7.157ms
[2023-11-10T11:29:48.924-0800][75392556ms] GC(20650) User=0.00s Sys=0.00s Real=0.01s
[2023-11-10T11:29:49.404-0800][75393036ms] GC(20651) Pause Young (Normal) (G1 Evacuation Pause)
[2023-11-10T11:29:49.404-0800][75393036ms] GC(20651) Using 10 workers of 10 for evacuation
[2023-11-10T11:29:49.408-0800][75393040ms] GC(20651)   Pre Evacuate Collection Set: 0.0ms
[2023-11-10T11:29:49.408-0800][75393040ms] GC(20651)   Evacuate Collection Set: 1.7ms
[2023-11-10T11:29:49.408-0800][75393040ms] GC(20651)   Post Evacuate Collection Set: 3.1ms
[2023-11-10T11:29:49.408-0800][75393040ms] GC(20651)   Other: 0.3ms
[2023-11-10T11:29:49.408-0800][75393040ms] GC(20651) Eden regions: 218->0(218)
[2023-11-10T11:29:49.408-0800][75393040ms] GC(20651) Survivor regions: 1->1(28)
[2023-11-10T11:29:49.408-0800][75393040ms] GC(20651) Old regions: 1395->1395
[2023-11-10T11:29:49.408-0800][75393040ms] GC(20651) Humongous regions: 5->5
[2023-11-10T11:29:49.408-0800][75393040ms] GC(20651) Metaspace: 304631K->304631K(1347584K)
[2023-11-10T11:29:49.408-0800][75393040ms] GC(20651) Pause Young (Normal) (G1 Evacuation Pause) 3235M->2799M(3602M) 5.239ms
[2023-11-10T11:29:49.408-0800][75393040ms] GC(20651) User=0.00s Sys=0.00s Real=0.00s
[2023-11-10T11:29:49.961-0800][75393593ms] GC(20652) Pause Young (Normal) (G1 Evacuation Pause)
[2023-11-10T11:29:49.961-0800][75393593ms] GC(20652) Using 10 workers of 10 for evacuation
[2023-11-10T11:29:49.967-0800][75393599ms] GC(20652)   Pre Evacuate Collection Set: 0.0ms
[2023-11-10T11:29:49.967-0800][75393599ms] GC(20652)   Evacuate Collection Set: 1.7ms
[2023-11-10T11:29:49.967-0800][75393599ms] GC(20652)   Post Evacuate Collection Set: 3.8ms
[2023-11-10T11:29:49.967-0800][75393599ms] GC(20652)   Other: 0.3ms
[2023-11-10T11:29:49.967-0800][75393599ms] GC(20652) Eden regions: 218->0(218)
[2023-11-10T11:29:49.967-0800][75393599ms] GC(20652) Survivor regions: 1->1(28)
[2023-11-10T11:29:49.967-0800][75393599ms] GC(20652) Old regions: 1395->1395
[2023-11-10T11:29:49.967-0800][75393599ms] GC(20652) Humongous regions: 5->5
[2023-11-10T11:29:49.967-0800][75393599ms] GC(20652) Metaspace: 304631K->304631K(1347584K)
[2023-11-10T11:29:49.967-0800][75393599ms] GC(20652) Pause Young (Normal) (G1 Evacuation Pause) 3235M->2800M(3602M) 5.976ms
[2023-11-10T11:29:49.967-0800][75393599ms] GC(20652) User=0.00s Sys=0.00s Real=0.01s
[2023-11-10T11:29:50.523-0800][75394155ms] GC(20653) Pause Young (Normal) (G1 Evacuation Pause)
[2023-11-10T11:29:50.523-0800][75394155ms] GC(20653) Using 10 workers of 10 for evacuation
[2023-11-10T11:29:50.528-0800][75394160ms] GC(20653)   Pre Evacuate Collection Set: 0.1ms
[2023-11-10T11:29:50.528-0800][75394160ms] GC(20653)   Evacuate Collection Set: 1.8ms
[2023-11-10T11:29:50.528-0800][75394160ms] GC(20653)   Post Evacuate Collection Set: 4.0ms
[2023-11-10T11:29:50.528-0800][75394160ms] GC(20653)   Other: 0.4ms
[2023-11-10T11:29:50.528-0800][75394160ms] GC(20653) Eden regions: 218->0(218)
[2023-11-10T11:29:50.528-0800][75394160ms] GC(20653) Survivor regions: 1->1(28)
[2023-11-10T11:29:50.528-0800][75394160ms] GC(20653) Old regions: 1395->1395
[2023-11-10T11:29:50.528-0800][75394160ms] GC(20653) Humongous regions: 5->5
[2023-11-10T11:29:50.528-0800][75394160ms] GC(20653) Metaspace: 304631K->304631K(1347584K)
[2023-11-10T11:29:50.528-0800][75394160ms] GC(20653) Pause Young (Normal) (G1 Evacuation Pause) 3236M->2799M(3602M) 6.326ms
[2023-11-10T11:29:50.528-0800][75394160ms] GC(20653) User=0.00s Sys=0.02s Real=0.01s
[2023-11-10T11:29:51.220-0800][75394852ms] GC(20654) Pause Young (Normal) (G1 Evacuation Pause)
[2023-11-10T11:29:51.220-0800][75394852ms] GC(20654) Using 10 workers of 10 for evacuation
[2023-11-10T11:29:51.227-0800][75394859ms] GC(20654)   Pre Evacuate Collection Set: 0.1ms
[2023-11-10T11:29:51.227-0800][75394859ms] GC(20654)   Evacuate Collection Set: 2.6ms
[2023-11-10T11:29:51.227-0800][75394859ms] GC(20654)   Post Evacuate Collection Set: 3.9ms
[2023-11-10T11:29:51.227-0800][75394859ms] GC(20654)   Other: 0.4ms
[2023-11-10T11:29:51.227-0800][75394859ms] GC(20654) Eden regions: 218->0(218)
[2023-11-10T11:29:51.227-0800][75394859ms] GC(20654) Survivor regions: 1->1(28)
[2023-11-10T11:29:51.227-0800][75394859ms] GC(20654) Old regions: 1395->1395
[2023-11-10T11:29:51.227-0800][75394859ms] GC(20654) Humongous regions: 5->5
[2023-11-10T11:29:51.227-0800][75394859ms] GC(20654) Metaspace: 304631K->304631K(1347584K)
[2023-11-10T11:29:51.227-0800][75394859ms] GC(20654) Pause Young (Normal) (G1 Evacuation Pause) 3235M->2799M(3602M) 7.162ms
[2023-11-10T11:29:51.227-0800][75394859ms] GC(20654) User=0.02s Sys=0.00s Real=0.01s
[2023-11-10T11:29:51.769-0800][75395401ms] GC(20655) Pause Young (Normal) (G1 Evacuation Pause)
[2023-11-10T11:29:51.769-0800][75395401ms] GC(20655) Using 10 workers of 10 for evacuation
[2023-11-10T11:29:51.773-0800][75395405ms] GC(20655)   Pre Evacuate Collection Set: 0.0ms
[2023-11-10T11:29:51.773-0800][75395405ms] GC(20655)   Evacuate Collection Set: 1.6ms
[2023-11-10T11:29:51.773-0800][75395405ms] GC(20655)   Post Evacuate Collection Set: 3.2ms
[2023-11-10T11:29:51.773-0800][75395405ms] GC(20655)   Other: 0.3ms
[2023-11-10T11:29:51.773-0800][75395405ms] GC(20655) Eden regions: 218->0(218)
[2023-11-10T11:29:51.773-0800][75395405ms] GC(20655) Survivor regions: 1->1(28)
[2023-11-10T11:29:51.773-0800][75395405ms] GC(20655) Old regions: 1395->1395
[2023-11-10T11:29:51.773-0800][75395405ms] GC(20655) Humongous regions: 5->5
[2023-11-10T11:29:51.773-0800][75395405ms] GC(20655) Metaspace: 304631K->304631K(1347584K)
[2023-11-10T11:29:51.773-0800][75395405ms] GC(20655) Pause Young (Normal) (G1 Evacuation Pause) 3235M->2799M(3602M) 5.265ms
[2023-11-10T11:29:51.773-0800][75395405ms] GC(20655) User=0.02s Sys=0.00s Real=0.00s
[2023-11-10T11:29:52.291-0800][75395923ms] GC(20656) Pause Young (Normal) (G1 Evacuation Pause)
[2023-11-10T11:29:52.291-0800][75395923ms] GC(20656) Using 10 workers of 10 for evacuation
[2023-11-10T11:29:52.297-0800][75395929ms] GC(20656)   Pre Evacuate Collection Set: 0.1ms
[2023-11-10T11:29:52.297-0800][75395929ms] GC(20656)   Evacuate Collection Set: 1.8ms
[2023-11-10T11:29:52.297-0800][75395929ms] GC(20656)   Post Evacuate Collection Set: 4.0ms
[2023-11-10T11:29:52.297-0800][75395929ms] GC(20656)   Other: 0.4ms
[2023-11-10T11:29:52.297-0800][75395929ms] GC(20656) Eden regions: 218->0(218)
[2023-11-10T11:29:52.297-0800][75395929ms] GC(20656) Survivor regions: 1->1(28)
[2023-11-10T11:29:52.297-0800][75395929ms] GC(20656) Old regions: 1395->1395
[2023-11-10T11:29:52.297-0800][75395929ms] GC(20656) Humongous regions: 5->5
[2023-11-10T11:29:52.297-0800][75395929ms] GC(20656) Metaspace: 304631K->304631K(1347584K)
[2023-11-10T11:29:52.297-0800][75395929ms] GC(20656) Pause Young (Normal) (G1 Evacuation Pause) 3235M->2799M(3602M) 6.281ms
[2023-11-10T11:29:52.297-0800][75395929ms] GC(20656) User=0.00s Sys=0.00s Real=0.01s
[2023-11-10T11:29:52.791-0800][75396423ms] GC(20657) Pause Young (Normal) (G1 Evacuation Pause)
[2023-11-10T11:29:52.791-0800][75396423ms] GC(20657) Using 10 workers of 10 for evacuation
[2023-11-10T11:29:52.797-0800][75396429ms] GC(20657)   Pre Evacuate Collection Set: 0.0ms
[2023-11-10T11:29:52.797-0800][75396429ms] GC(20657)   Evacuate Collection Set: 1.7ms
[2023-11-10T11:29:52.797-0800][75396429ms] GC(20657)   Post Evacuate Collection Set: 3.0ms
[2023-11-10T11:29:52.797-0800][75396429ms] GC(20657)   Other: 0.3ms
[2023-11-10T11:29:52.797-0800][75396429ms] GC(20657) Eden regions: 218->0(218)
[2023-11-10T11:29:52.797-0800][75396429ms] GC(20657) Survivor regions: 1->1(28)
[2023-11-10T11:29:52.797-0800][75396429ms] GC(20657) Old regions: 1395->1395
[2023-11-10T11:29:52.797-0800][75396429ms] GC(20657) Humongous regions: 5->5
[2023-11-10T11:29:52.797-0800][75396429ms] GC(20657) Metaspace: 304631K->304631K(1347584K)
[2023-11-10T11:29:52.797-0800][75396429ms] GC(20657) Pause Young (Normal) (G1 Evacuation Pause) 3235M->2799M(3602M) 5.045ms
[2023-11-10T11:29:52.797-0800][75396429ms] GC(20657) User=0.00s Sys=0.00s Real=0.01s
[2023-11-10T11:29:53.350-0800][75396982ms] GC(20658) Pause Young (Normal) (G1 Evacuation Pause)
[2023-11-10T11:29:53.350-0800][75396982ms] GC(20658) Using 10 workers of 10 for evacuation
[2023-11-10T11:29:53.355-0800][75396987ms] GC(20658)   Pre Evacuate Collection Set: 0.1ms
[2023-11-10T11:29:53.355-0800][75396987ms] GC(20658)   Evacuate Collection Set: 2.0ms
[2023-11-10T11:29:53.355-0800][75396987ms] GC(20658)   Post Evacuate Collection Set: 3.4ms
[2023-11-10T11:29:53.355-0800][75396987ms] GC(20658)   Other: 0.3ms
[2023-11-10T11:29:53.355-0800][75396987ms] GC(20658) Eden regions: 218->0(218)
[2023-11-10T11:29:53.355-0800][75396987ms] GC(20658) Survivor regions: 1->1(28)
[2023-11-10T11:29:53.355-0800][75396987ms] GC(20658) Old regions: 1395->1395
[2023-11-10T11:29:53.355-0800][75396987ms] GC(20658) Humongous regions: 5->5
[2023-11-10T11:29:53.355-0800][75396987ms] GC(20658) Metaspace: 304631K->304631K(1347584K)
[2023-11-10T11:29:53.355-0800][75396987ms] GC(20658) Pause Young (Normal) (G1 Evacuation Pause) 3235M->2799M(3602M) 5.862ms
[2023-11-10T11:29:53.355-0800][75396987ms] GC(20658) User=0.11s Sys=0.00s Real=0.01s
[2023-11-10T11:29:53.965-0800][75397597ms] GC(20659) Pause Young (Normal) (G1 Evacuation Pause)
[2023-11-10T11:29:53.965-0800][75397597ms] GC(20659) Using 10 workers of 10 for evacuation
[2023-11-10T11:29:53.976-0800][75397608ms] GC(20659)   Pre Evacuate Collection Set: 0.0ms
[2023-11-10T11:29:53.976-0800][75397608ms] GC(20659)   Evacuate Collection Set: 7.3ms
[2023-11-10T11:29:53.976-0800][75397608ms] GC(20659)   Post Evacuate Collection Set: 3.1ms
[2023-11-10T11:29:53.976-0800][75397608ms] GC(20659)   Other: 0.3ms
[2023-11-10T11:29:53.976-0800][75397608ms] GC(20659) Eden regions: 218->0(218)
[2023-11-10T11:29:53.976-0800][75397608ms] GC(20659) Survivor regions: 1->1(28)
[2023-11-10T11:29:53.976-0800][75397608ms] GC(20659) Old regions: 1395->1395
[2023-11-10T11:29:53.976-0800][75397608ms] GC(20659) Humongous regions: 5->5
[2023-11-10T11:29:53.976-0800][75397608ms] GC(20659) Metaspace: 304631K->304631K(1347584K)
[2023-11-10T11:29:53.976-0800][75397608ms] GC(20659) Pause Young (Normal) (G1 Evacuation Pause) 3235M->2800M(3602M) 10.763ms
[2023-11-10T11:29:53.976-0800][75397608ms] GC(20659) User=0.00s Sys=0.00s Real=0.01s
[2023-11-10T11:29:54.424-0800][75398056ms] GC(20660) Pause Young (Normal) (G1 Evacuation Pause)
[2023-11-10T11:29:54.424-0800][75398056ms] GC(20660) Using 10 workers of 10 for evacuation
[2023-11-10T11:29:54.429-0800][75398061ms] GC(20660)   Pre Evacuate Collection Set: 0.0ms
[2023-11-10T11:29:54.429-0800][75398061ms] GC(20660)   Evacuate Collection Set: 1.6ms
[2023-11-10T11:29:54.429-0800][75398061ms] GC(20660)   Post Evacuate Collection Set: 3.1ms
[2023-11-10T11:29:54.429-0800][75398061ms] GC(20660)   Other: 0.2ms
[2023-11-10T11:29:54.429-0800][75398061ms] GC(20660) Eden regions: 218->0(218)
[2023-11-10T11:29:54.429-0800][75398061ms] GC(20660) Survivor regions: 1->1(28)
[2023-11-10T11:29:54.429-0800][75398061ms] GC(20660) Old regions: 1395->1395
[2023-11-10T11:29:54.429-0800][75398061ms] GC(20660) Humongous regions: 5->5
[2023-11-10T11:29:54.429-0800][75398061ms] GC(20660) Metaspace: 304631K->304631K(1347584K)
[2023-11-10T11:29:54.429-0800][75398061ms] GC(20660) Pause Young (Normal) (G1 Evacuation Pause) 3236M->2799M(3602M) 5.120ms
[2023-11-10T11:29:54.429-0800][75398061ms] GC(20660) User=0.02s Sys=0.00s Real=0.00s
[2023-11-10T11:29:54.936-0800][75398568ms] GC(20661) Pause Young (Normal) (G1 Evacuation Pause)
[2023-11-10T11:29:54.936-0800][75398568ms] GC(20661) Using 10 workers of 10 for evacuation
[2023-11-10T11:29:54.943-0800][75398575ms] GC(20661)   Pre Evacuate Collection Set: 0.1ms
[2023-11-10T11:29:54.943-0800][75398575ms] GC(20661)   Evacuate Collection Set: 2.4ms
[2023-11-10T11:29:54.943-0800][75398575ms] GC(20661)   Post Evacuate Collection Set: 4.1ms
[2023-11-10T11:29:54.943-0800][75398575ms] GC(20661)   Other: 0.3ms
[2023-11-10T11:29:54.943-0800][75398575ms] GC(20661) Eden regions: 218->0(218)
[2023-11-10T11:29:54.943-0800][75398575ms] GC(20661) Survivor regions: 1->1(28)
[2023-11-10T11:29:54.943-0800][75398575ms] GC(20661) Old regions: 1395->1395
[2023-11-10T11:29:54.943-0800][75398575ms] GC(20661) Humongous regions: 5->5
[2023-11-10T11:29:54.943-0800][75398575ms] GC(20661) Metaspace: 304631K->304631K(1347584K)
[2023-11-10T11:29:54.943-0800][75398575ms] GC(20661) Pause Young (Normal) (G1 Evacuation Pause) 3235M->2799M(3602M) 6.958ms
[2023-11-10T11:29:54.943-0800][75398575ms] GC(20661) User=0.00s Sys=0.00s Real=0.01s
[2023-11-10T11:29:55.460-0800][75399092ms] GC(20662) Pause Young (Normal) (G1 Evacuation Pause)
[2023-11-10T11:29:55.460-0800][75399092ms] GC(20662) Using 10 workers of 10 for evacuation
[2023-11-10T11:29:55.465-0800][75399097ms] GC(20662)   Pre Evacuate Collection Set: 0.1ms
[2023-11-10T11:29:55.465-0800][75399097ms] GC(20662)   Evacuate Collection Set: 1.8ms
[2023-11-10T11:29:55.465-0800][75399097ms] GC(20662)   Post Evacuate Collection Set: 3.1ms
[2023-11-10T11:29:55.465-0800][75399097ms] GC(20662)   Other: 0.3ms
[2023-11-10T11:29:55.465-0800][75399097ms] GC(20662) Eden regions: 218->0(218)
[2023-11-10T11:29:55.465-0800][75399097ms] GC(20662) Survivor regions: 1->1(28)
[2023-11-10T11:29:55.465-0800][75399097ms] GC(20662) Old regions: 1395->1395
[2023-11-10T11:29:55.465-0800][75399097ms] GC(20662) Humongous regions: 5->5
[2023-11-10T11:29:55.465-0800][75399097ms] GC(20662) Metaspace: 304631K->304631K(1347584K)
[2023-11-10T11:29:55.465-0800][75399097ms] GC(20662) Pause Young (Normal) (G1 Evacuation Pause) 3235M->2799M(3602M) 5.422ms
[2023-11-10T11:29:55.466-0800][75399098ms] GC(20662) User=0.00s Sys=0.00s Real=0.01s
[2023-11-10T11:29:55.946-0800][75399578ms] GC(20663) Pause Young (Normal) (G1 Evacuation Pause)
[2023-11-10T11:29:55.946-0800][75399578ms] GC(20663) Using 10 workers of 10 for evacuation
[2023-11-10T11:29:55.951-0800][75399583ms] GC(20663)   Pre Evacuate Collection Set: 0.0ms
[2023-11-10T11:29:55.951-0800][75399583ms] GC(20663)   Evacuate Collection Set: 1.7ms
[2023-11-10T11:29:55.951-0800][75399583ms] GC(20663)   Post Evacuate Collection Set: 3.1ms
[2023-11-10T11:29:55.951-0800][75399583ms] GC(20663)   Other: 0.3ms
[2023-11-10T11:29:55.951-0800][75399583ms] GC(20663) Eden regions: 218->0(218)
[2023-11-10T11:29:55.951-0800][75399583ms] GC(20663) Survivor regions: 1->1(28)
[2023-11-10T11:29:55.951-0800][75399583ms] GC(20663) Old regions: 1395->1395
[2023-11-10T11:29:55.951-0800][75399583ms] GC(20663) Humongous regions: 5->5
[2023-11-10T11:29:55.951-0800][75399583ms] GC(20663) Metaspace: 304631K->304631K(1347584K)
[2023-11-10T11:29:55.951-0800][75399583ms] GC(20663) Pause Young (Normal) (G1 Evacuation Pause) 3235M->2800M(3602M) 5.219ms
[2023-11-10T11:29:55.951-0800][75399583ms] GC(20663) User=0.00s Sys=0.00s Real=0.00s
[2023-11-10T11:29:56.406-0800][75400038ms] GC(20664) Pause Young (Normal) (G1 Evacuation Pause)
[2023-11-10T11:29:56.406-0800][75400038ms] GC(20664) Using 10 workers of 10 for evacuation
[2023-11-10T11:29:56.412-0800][75400044ms] GC(20664)   Pre Evacuate Collection Set: 0.0ms
[2023-11-10T11:29:56.412-0800][75400044ms] GC(20664)   Evacuate Collection Set: 1.8ms
[2023-11-10T11:29:56.412-0800][75400044ms] GC(20664)   Post Evacuate Collection Set: 3.2ms
[2023-11-10T11:29:56.412-0800][75400044ms] GC(20664)   Other: 0.3ms
[2023-11-10T11:29:56.412-0800][75400044ms] GC(20664) Eden regions: 218->0(218)
[2023-11-10T11:29:56.412-0800][75400044ms] GC(20664) Survivor regions: 1->1(28)
[2023-11-10T11:29:56.412-0800][75400044ms] GC(20664) Old regions: 1395->1395
[2023-11-10T11:29:56.412-0800][75400044ms] GC(20664) Humongous regions: 5->5
[2023-11-10T11:29:56.412-0800][75400044ms] GC(20664) Metaspace: 304631K->304631K(1347584K)
[2023-11-10T11:29:56.412-0800][75400044ms] GC(20664) Pause Young (Normal) (G1 Evacuation Pause) 3236M->2800M(3602M) 5.303ms
[2023-11-10T11:29:56.412-0800][75400044ms] GC(20664) User=0.00s Sys=0.00s Real=0.01s
[2023-11-10T11:29:56.945-0800][75400577ms] GC(20665) Pause Young (Normal) (G1 Evacuation Pause)
[2023-11-10T11:29:56.945-0800][75400577ms] GC(20665) Using 10 workers of 10 for evacuation
[2023-11-10T11:29:56.951-0800][75400583ms] GC(20665)   Pre Evacuate Collection Set: 0.0ms
[2023-11-10T11:29:56.951-0800][75400583ms] GC(20665)   Evacuate Collection Set: 2.1ms
[2023-11-10T11:29:56.951-0800][75400583ms] GC(20665)   Post Evacuate Collection Set: 3.3ms
[2023-11-10T11:29:56.951-0800][75400583ms] GC(20665)   Other: 0.3ms
[2023-11-10T11:29:56.951-0800][75400583ms] GC(20665) Eden regions: 218->0(218)
[2023-11-10T11:29:56.951-0800][75400583ms] GC(20665) Survivor regions: 1->1(28)
[2023-11-10T11:29:56.951-0800][75400583ms] GC(20665) Old regions: 1395->1395
[2023-11-10T11:29:56.951-0800][75400583ms] GC(20665) Humongous regions: 5->5
[2023-11-10T11:29:56.951-0800][75400583ms] GC(20665) Metaspace: 304631K->304631K(1347584K)
[2023-11-10T11:29:56.951-0800][75400583ms] GC(20665) Pause Young (Normal) (G1 Evacuation Pause) 3236M->2800M(3602M) 5.797ms
[2023-11-10T11:29:56.951-0800][75400583ms] GC(20665) User=0.00s Sys=0.00s Real=0.01s
[2023-11-10T11:29:57.565-0800][75401197ms] GC(20666) Pause Young (Normal) (G1 Evacuation Pause)
[2023-11-10T11:29:57.565-0800][75401197ms] GC(20666) Using 10 workers of 10 for evacuation
[2023-11-10T11:29:57.571-0800][75401203ms] GC(20666)   Pre Evacuate Collection Set: 0.0ms
[2023-11-10T11:29:57.571-0800][75401203ms] GC(20666)   Evacuate Collection Set: 1.7ms
[2023-11-10T11:29:57.571-0800][75401203ms] GC(20666)   Post Evacuate Collection Set: 3.8ms
[2023-11-10T11:29:57.571-0800][75401203ms] GC(20666)   Other: 0.3ms
[2023-11-10T11:29:57.571-0800][75401203ms] GC(20666) Eden regions: 218->0(218)
[2023-11-10T11:29:57.571-0800][75401203ms] GC(20666) Survivor regions: 1->1(28)
[2023-11-10T11:29:57.571-0800][75401203ms] GC(20666) Old regions: 1395->1395
[2023-11-10T11:29:57.571-0800][75401203ms] GC(20666) Humongous regions: 5->5
[2023-11-10T11:29:57.571-0800][75401203ms] GC(20666) Metaspace: 304631K->304631K(1347584K)
[2023-11-10T11:29:57.571-0800][75401203ms] GC(20666) Pause Young (Normal) (G1 Evacuation Pause) 3236M->2800M(3602M) 5.906ms
[2023-11-10T11:29:57.571-0800][75401203ms] GC(20666) User=0.02s Sys=0.00s Real=0.01s
[2023-11-10T11:29:58.094-0800][75401726ms] GC(20667) Pause Young (Normal) (G1 Evacuation Pause)
[2023-11-10T11:29:58.094-0800][75401726ms] GC(20667) Using 10 workers of 10 for evacuation
[2023-11-10T11:29:58.100-0800][75401732ms] GC(20667)   Pre Evacuate Collection Set: 0.0ms
[2023-11-10T11:29:58.100-0800][75401732ms] GC(20667)   Evacuate Collection Set: 1.7ms
[2023-11-10T11:29:58.100-0800][75401732ms] GC(20667)   Post Evacuate Collection Set: 3.1ms
[2023-11-10T11:29:58.100-0800][75401732ms] GC(20667)   Other: 0.3ms
[2023-11-10T11:29:58.100-0800][75401732ms] GC(20667) Eden regions: 218->0(218)
[2023-11-10T11:29:58.100-0800][75401732ms] GC(20667) Survivor regions: 1->1(28)
[2023-11-10T11:29:58.100-0800][75401732ms] GC(20667) Old regions: 1395->1395
[2023-11-10T11:29:58.100-0800][75401732ms] GC(20667) Humongous regions: 5->5
[2023-11-10T11:29:58.100-0800][75401732ms] GC(20667) Metaspace: 304631K->304631K(1347584K)
[2023-11-10T11:29:58.100-0800][75401732ms] GC(20667) Pause Young (Normal) (G1 Evacuation Pause) 3236M->2800M(3602M) 5.284ms
[2023-11-10T11:29:58.100-0800][75401732ms] GC(20667) User=0.00s Sys=0.00s Real=0.01s
[2023-11-10T11:29:58.664-0800][75402296ms] GC(20668) Pause Young (Normal) (G1 Evacuation Pause)
[2023-11-10T11:29:58.664-0800][75402296ms] GC(20668) Using 10 workers of 10 for evacuation
[2023-11-10T11:29:58.671-0800][75402303ms] GC(20668)   Pre Evacuate Collection Set: 0.1ms
[2023-11-10T11:29:58.671-0800][75402303ms] GC(20668)   Evacuate Collection Set: 2.6ms
[2023-11-10T11:29:58.671-0800][75402303ms] GC(20668)   Post Evacuate Collection Set: 4.1ms
[2023-11-10T11:29:58.671-0800][75402303ms] GC(20668)   Other: 0.4ms
[2023-11-10T11:29:58.671-0800][75402303ms] GC(20668) Eden regions: 218->0(218)
[2023-11-10T11:29:58.671-0800][75402303ms] GC(20668) Survivor regions: 1->1(28)
[2023-11-10T11:29:58.671-0800][75402303ms] GC(20668) Old regions: 1395->1395
[2023-11-10T11:29:58.671-0800][75402303ms] GC(20668) Humongous regions: 5->5
[2023-11-10T11:29:58.671-0800][75402303ms] GC(20668) Metaspace: 304631K->304631K(1347584K)
[2023-11-10T11:29:58.671-0800][75402303ms] GC(20668) Pause Young (Normal) (G1 Evacuation Pause) 3236M->2800M(3602M) 7.297ms
[2023-11-10T11:29:58.671-0800][75402303ms] GC(20668) User=0.00s Sys=0.00s Real=0.01s
[2023-11-10T11:29:59.234-0800][75402866ms] GC(20669) Pause Young (Normal) (G1 Evacuation Pause)
[2023-11-10T11:29:59.235-0800][75402867ms] GC(20669) Using 10 workers of 10 for evacuation
[2023-11-10T11:29:59.242-0800][75402874ms] GC(20669)   Pre Evacuate Collection Set: 0.0ms
[2023-11-10T11:29:59.242-0800][75402874ms] GC(20669)   Evacuate Collection Set: 2.4ms
[2023-11-10T11:29:59.242-0800][75402874ms] GC(20669)   Post Evacuate Collection Set: 4.9ms
[2023-11-10T11:29:59.242-0800][75402874ms] GC(20669)   Other: 0.4ms
[2023-11-10T11:29:59.242-0800][75402874ms] GC(20669) Eden regions: 218->0(218)
[2023-11-10T11:29:59.242-0800][75402874ms] GC(20669) Survivor regions: 1->1(28)
[2023-11-10T11:29:59.242-0800][75402874ms] GC(20669) Old regions: 1395->1395
[2023-11-10T11:29:59.242-0800][75402874ms] GC(20669) Humongous regions: 5->5
[2023-11-10T11:29:59.242-0800][75402874ms] GC(20669) Metaspace: 304631K->304631K(1347584K)
[2023-11-10T11:29:59.242-0800][75402874ms] GC(20669) Pause Young (Normal) (G1 Evacuation Pause) 3236M->2800M(3602M) 7.842ms
[2023-11-10T11:29:59.242-0800][75402874ms] GC(20669) User=0.02s Sys=0.00s Real=0.01s
[2023-11-10T11:29:59.786-0800][75403418ms] GC(20670) Pause Young (Normal) (G1 Evacuation Pause)
[2023-11-10T11:29:59.786-0800][75403418ms] GC(20670) Using 10 workers of 10 for evacuation
[2023-11-10T11:29:59.792-0800][75403424ms] GC(20670)   Pre Evacuate Collection Set: 0.1ms
[2023-11-10T11:29:59.792-0800][75403424ms] GC(20670)   Evacuate Collection Set: 2.3ms
[2023-11-10T11:29:59.792-0800][75403424ms] GC(20670)   Post Evacuate Collection Set: 3.4ms
[2023-11-10T11:29:59.792-0800][75403424ms] GC(20670)   Other: 0.3ms
[2023-11-10T11:29:59.792-0800][75403424ms] GC(20670) Eden regions: 218->0(217)
[2023-11-10T11:29:59.792-0800][75403424ms] GC(20670) Survivor regions: 1->1(28)
[2023-11-10T11:29:59.792-0800][75403424ms] GC(20670) Old regions: 1395->1395
[2023-11-10T11:29:59.792-0800][75403424ms] GC(20670) Humongous regions: 5->5
[2023-11-10T11:29:59.792-0800][75403424ms] GC(20670) Metaspace: 304631K->304631K(1347584K)
[2023-11-10T11:29:59.792-0800][75403424ms] GC(20670) Pause Young (Normal) (G1 Evacuation Pause) 3236M->2800M(3602M) 6.065ms
[2023-11-10T11:29:59.792-0800][75403424ms] GC(20670) User=0.02s Sys=0.00s Real=0.01s
[2023-11-10T11:30:00.335-0800][75403967ms] GC(20671) Pause Young (Normal) (G1 Evacuation Pause)
[2023-11-10T11:30:00.335-0800][75403967ms] GC(20671) Using 10 workers of 10 for evacuation
[2023-11-10T11:30:00.340-0800][75403972ms] GC(20671)   Pre Evacuate Collection Set: 0.0ms
[2023-11-10T11:30:00.340-0800][75403972ms] GC(20671)   Evacuate Collection Set: 2.1ms
[2023-11-10T11:30:00.340-0800][75403972ms] GC(20671)   Post Evacuate Collection Set: 3.7ms
[2023-11-10T11:30:00.340-0800][75403972ms] GC(20671)   Other: 0.3ms
[2023-11-10T11:30:00.340-0800][75403972ms] GC(20671) Eden regions: 217->0(217)
[2023-11-10T11:30:00.340-0800][75403972ms] GC(20671) Survivor regions: 1->1(28)
[2023-11-10T11:30:00.340-0800][75403972ms] GC(20671) Old regions: 1395->1395
[2023-11-10T11:30:00.340-0800][75403972ms] GC(20671) Humongous regions: 5->5
[2023-11-10T11:30:00.340-0800][75403972ms] GC(20671) Metaspace: 304631K->304631K(1347584K)
[2023-11-10T11:30:00.341-0800][75403973ms] GC(20671) Pause Young (Normal) (G1 Evacuation Pause) 3234M->2800M(3602M) 6.228ms
[2023-11-10T11:30:00.341-0800][75403973ms] GC(20671) User=0.00s Sys=0.00s Real=0.01s
[2023-11-10T11:30:00.876-0800][75404508ms] GC(20672) Pause Young (Normal) (G1 Evacuation Pause)
[2023-11-10T11:30:00.876-0800][75404508ms] GC(20672) Using 10 workers of 10 for evacuation
[2023-11-10T11:30:00.883-0800][75404515ms] GC(20672)   Pre Evacuate Collection Set: 0.0ms
[2023-11-10T11:30:00.883-0800][75404515ms] GC(20672)   Evacuate Collection Set: 1.8ms
[2023-11-10T11:30:00.883-0800][75404515ms] GC(20672)   Post Evacuate Collection Set: 4.1ms
[2023-11-10T11:30:00.883-0800][75404515ms] GC(20672)   Other: 0.3ms
[2023-11-10T11:30:00.883-0800][75404515ms] GC(20672) Eden regions: 217->0(217)
[2023-11-10T11:30:00.883-0800][75404515ms] GC(20672) Survivor regions: 1->1(28)
[2023-11-10T11:30:00.883-0800][75404515ms] GC(20672) Old regions: 1395->1395
[2023-11-10T11:30:00.883-0800][75404515ms] GC(20672) Humongous regions: 5->5
[2023-11-10T11:30:00.883-0800][75404515ms] GC(20672) Metaspace: 304631K->304631K(1347584K)
[2023-11-10T11:30:00.883-0800][75404515ms] GC(20672) Pause Young (Normal) (G1 Evacuation Pause) 3234M->2800M(3602M) 6.298ms
[2023-11-10T11:30:00.883-0800][75404515ms] GC(20672) User=0.00s Sys=0.00s Real=0.01s
[2023-11-10T11:30:01.384-0800][75405016ms] GC(20673) Pause Young (Normal) (G1 Evacuation Pause)
[2023-11-10T11:30:01.384-0800][75405016ms] GC(20673) Using 10 workers of 10 for evacuation
[2023-11-10T11:30:01.389-0800][75405021ms] GC(20673)   Pre Evacuate Collection Set: 0.0ms
[2023-11-10T11:30:01.389-0800][75405021ms] GC(20673)   Evacuate Collection Set: 1.7ms
[2023-11-10T11:30:01.389-0800][75405021ms] GC(20673)   Post Evacuate Collection Set: 3.4ms
[2023-11-10T11:30:01.389-0800][75405021ms] GC(20673)   Other: 0.3ms
[2023-11-10T11:30:01.389-0800][75405021ms] GC(20673) Eden regions: 217->0(217)
[2023-11-10T11:30:01.389-0800][75405021ms] GC(20673) Survivor regions: 1->1(28)
[2023-11-10T11:30:01.389-0800][75405021ms] GC(20673) Old regions: 1395->1395
[2023-11-10T11:30:01.389-0800][75405021ms] GC(20673) Humongous regions: 5->5
[2023-11-10T11:30:01.389-0800][75405021ms] GC(20673) Metaspace: 304631K->304631K(1347584K)
[2023-11-10T11:30:01.389-0800][75405021ms] GC(20673) Pause Young (Normal) (G1 Evacuation Pause) 3234M->2800M(3602M) 5.588ms
[2023-11-10T11:30:01.389-0800][75405021ms] GC(20673) User=0.00s Sys=0.00s Real=0.00s
[2023-11-10T11:30:01.895-0800][75405527ms] GC(20674) Pause Young (Normal) (G1 Evacuation Pause)
[2023-11-10T11:30:01.895-0800][75405527ms] GC(20674) Using 10 workers of 10 for evacuation
[2023-11-10T11:30:01.900-0800][75405532ms] GC(20674)   Pre Evacuate Collection Set: 0.0ms
[2023-11-10T11:30:01.900-0800][75405532ms] GC(20674)   Evacuate Collection Set: 1.7ms
[2023-11-10T11:30:01.900-0800][75405532ms] GC(20674)   Post Evacuate Collection Set: 3.2ms
[2023-11-10T11:30:01.900-0800][75405532ms] GC(20674)   Other: 0.2ms
[2023-11-10T11:30:01.900-0800][75405532ms] GC(20674) Eden regions: 217->0(217)
[2023-11-10T11:30:01.900-0800][75405532ms] GC(20674) Survivor regions: 1->1(28)
[2023-11-10T11:30:01.900-0800][75405532ms] GC(20674) Old regions: 1395->1395
[2023-11-10T11:30:01.900-0800][75405532ms] GC(20674) Humongous regions: 5->5
[2023-11-10T11:30:01.900-0800][75405532ms] GC(20674) Metaspace: 304631K->304631K(1347584K)
[2023-11-10T11:30:01.900-0800][75405532ms] GC(20674) Pause Young (Normal) (G1 Evacuation Pause) 3234M->2800M(3602M) 5.247ms
[2023-11-10T11:30:01.900-0800][75405532ms] GC(20674) User=0.00s Sys=0.00s Real=0.01s
[2023-11-10T11:30:02.408-0800][75406040ms] GC(20675) Pause Young (Normal) (G1 Evacuation Pause)
[2023-11-10T11:30:02.408-0800][75406040ms] GC(20675) Using 10 workers of 10 for evacuation
[2023-11-10T11:30:02.413-0800][75406045ms] GC(20675)   Pre Evacuate Collection Set: 0.0ms
[2023-11-10T11:30:02.413-0800][75406045ms] GC(20675)   Evacuate Collection Set: 1.7ms
[2023-11-10T11:30:02.413-0800][75406045ms] GC(20675)   Post Evacuate Collection Set: 3.3ms
[2023-11-10T11:30:02.413-0800][75406045ms] GC(20675)   Other: 0.3ms
[2023-11-10T11:30:02.413-0800][75406045ms] GC(20675) Eden regions: 217->0(217)
[2023-11-10T11:30:02.413-0800][75406045ms] GC(20675) Survivor regions: 1->1(28)
[2023-11-10T11:30:02.413-0800][75406045ms] GC(20675) Old regions: 1395->1395
[2023-11-10T11:30:02.413-0800][75406045ms] GC(20675) Humongous regions: 5->5
[2023-11-10T11:30:02.413-0800][75406045ms] GC(20675) Metaspace: 304695K->304695K(1347584K)
[2023-11-10T11:30:02.413-0800][75406045ms] GC(20675) Pause Young (Normal) (G1 Evacuation Pause) 3234M->2800M(3602M) 5.420ms
[2023-11-10T11:30:02.413-0800][75406045ms] GC(20675) User=0.02s Sys=0.00s Real=0.01s
[2023-11-10T11:30:02.972-0800][75406604ms] GC(20676) Pause Young (Normal) (G1 Evacuation Pause)
[2023-11-10T11:30:02.972-0800][75406604ms] GC(20676) Using 10 workers of 10 for evacuation
[2023-11-10T11:30:02.981-0800][75406613ms] GC(20676)   Pre Evacuate Collection Set: 0.1ms
[2023-11-10T11:30:02.981-0800][75406613ms] GC(20676)   Evacuate Collection Set: 2.7ms
[2023-11-10T11:30:02.981-0800][75406613ms] GC(20676)   Post Evacuate Collection Set: 6.5ms
[2023-11-10T11:30:02.982-0800][75406614ms] GC(20676)   Other: 0.4ms
[2023-11-10T11:30:02.982-0800][75406614ms] GC(20676) Eden regions: 217->0(217)
[2023-11-10T11:30:02.982-0800][75406614ms] GC(20676) Survivor regions: 1->1(28)
[2023-11-10T11:30:02.982-0800][75406614ms] GC(20676) Old regions: 1395->1395
[2023-11-10T11:30:02.982-0800][75406614ms] GC(20676) Humongous regions: 5->5
[2023-11-10T11:30:02.982-0800][75406614ms] GC(20676) Metaspace: 304789K->304789K(1347584K)
[2023-11-10T11:30:02.982-0800][75406614ms] GC(20676) Pause Young (Normal) (G1 Evacuation Pause) 3234M->2800M(3602M) 9.886ms
[2023-11-10T11:30:02.982-0800][75406614ms] GC(20676) User=0.00s Sys=0.00s Real=0.01s
[2023-11-10T11:30:03.558-0800][75407190ms] GC(20677) Pause Young (Normal) (G1 Evacuation Pause)
[2023-11-10T11:30:03.558-0800][75407190ms] GC(20677) Using 10 workers of 10 for evacuation
[2023-11-10T11:30:03.564-0800][75407196ms] GC(20677)   Pre Evacuate Collection Set: 0.1ms
[2023-11-10T11:30:03.564-0800][75407196ms] GC(20677)   Evacuate Collection Set: 2.5ms
[2023-11-10T11:30:03.564-0800][75407196ms] GC(20677)   Post Evacuate Collection Set: 3.9ms
[2023-11-10T11:30:03.564-0800][75407196ms] GC(20677)   Other: 0.3ms
[2023-11-10T11:30:03.564-0800][75407196ms] GC(20677) Eden regions: 217->0(217)
[2023-11-10T11:30:03.564-0800][75407196ms] GC(20677) Survivor regions: 1->1(28)
[2023-11-10T11:30:03.564-0800][75407196ms] GC(20677) Old regions: 1395->1395
[2023-11-10T11:30:03.564-0800][75407196ms] GC(20677) Humongous regions: 5->5
[2023-11-10T11:30:03.564-0800][75407196ms] GC(20677) Metaspace: 304789K->304789K(1347584K)
[2023-11-10T11:30:03.564-0800][75407196ms] GC(20677) Pause Young (Normal) (G1 Evacuation Pause) 3234M->2800M(3602M) 6.888ms
[2023-11-10T11:30:03.564-0800][75407196ms] GC(20677) User=0.00s Sys=0.00s Real=0.01s
[2023-11-10T11:30:04.100-0800][75407732ms] GC(20678) Pause Young (Normal) (G1 Evacuation Pause)
[2023-11-10T11:30:04.100-0800][75407732ms] GC(20678) Using 10 workers of 10 for evacuation
[2023-11-10T11:30:04.106-0800][75407738ms] GC(20678)   Pre Evacuate Collection Set: 0.1ms
[2023-11-10T11:30:04.106-0800][75407738ms] GC(20678)   Evacuate Collection Set: 2.4ms
[2023-11-10T11:30:04.106-0800][75407738ms] GC(20678)   Post Evacuate Collection Set: 3.8ms
[2023-11-10T11:30:04.106-0800][75407738ms] GC(20678)   Other: 0.4ms
[2023-11-10T11:30:04.106-0800][75407738ms] GC(20678) Eden regions: 217->0(217)
[2023-11-10T11:30:04.107-0800][75407739ms] GC(20678) Survivor regions: 1->1(28)
[2023-11-10T11:30:04.107-0800][75407739ms] GC(20678) Old regions: 1395->1395
[2023-11-10T11:30:04.107-0800][75407739ms] GC(20678) Humongous regions: 5->5
[2023-11-10T11:30:04.107-0800][75407739ms] GC(20678) Metaspace: 304789K->304789K(1347584K)
[2023-11-10T11:30:04.107-0800][75407739ms] GC(20678) Pause Young (Normal) (G1 Evacuation Pause) 3234M->2800M(3602M) 6.829ms
[2023-11-10T11:30:04.107-0800][75407739ms] GC(20678) User=0.13s Sys=0.00s Real=0.01s
[2023-11-10T11:30:04.628-0800][75408260ms] GC(20679) Pause Young (Normal) (G1 Evacuation Pause)
[2023-11-10T11:30:04.628-0800][75408260ms] GC(20679) Using 10 workers of 10 for evacuation
[2023-11-10T11:30:04.634-0800][75408266ms] GC(20679)   Pre Evacuate Collection Set: 0.0ms
[2023-11-10T11:30:04.635-0800][75408267ms] GC(20679)   Evacuate Collection Set: 1.8ms
[2023-11-10T11:30:04.635-0800][75408267ms] GC(20679)   Post Evacuate Collection Set: 4.3ms
[2023-11-10T11:30:04.635-0800][75408267ms] GC(20679)   Other: 0.3ms
[2023-11-10T11:30:04.635-0800][75408267ms] GC(20679) Eden regions: 217->0(217)
[2023-11-10T11:30:04.635-0800][75408267ms] GC(20679) Survivor regions: 1->1(28)
[2023-11-10T11:30:04.635-0800][75408267ms] GC(20679) Old regions: 1395->1395
[2023-11-10T11:30:04.635-0800][75408267ms] GC(20679) Humongous regions: 5->5
[2023-11-10T11:30:04.635-0800][75408267ms] GC(20679) Metaspace: 304789K->304789K(1347584K)
[2023-11-10T11:30:04.635-0800][75408267ms] GC(20679) Pause Young (Normal) (G1 Evacuation Pause) 3234M->2800M(3602M) 6.554ms
[2023-11-10T11:30:04.635-0800][75408267ms] GC(20679) User=0.02s Sys=0.00s Real=0.01s
[2023-11-10T11:30:05.209-0800][75408841ms] GC(20680) Pause Young (Normal) (G1 Evacuation Pause)
[2023-11-10T11:30:05.209-0800][75408841ms] GC(20680) Using 10 workers of 10 for evacuation
[2023-11-10T11:30:05.215-0800][75408847ms] GC(20680)   Pre Evacuate Collection Set: 0.0ms
[2023-11-10T11:30:05.215-0800][75408847ms] GC(20680)   Evacuate Collection Set: 2.3ms
[2023-11-10T11:30:05.215-0800][75408847ms] GC(20680)   Post Evacuate Collection Set: 3.5ms
[2023-11-10T11:30:05.215-0800][75408847ms] GC(20680)   Other: 0.3ms
[2023-11-10T11:30:05.215-0800][75408847ms] GC(20680) Eden regions: 217->0(217)
[2023-11-10T11:30:05.215-0800][75408847ms] GC(20680) Survivor regions: 1->1(28)
[2023-11-10T11:30:05.215-0800][75408847ms] GC(20680) Old regions: 1395->1395
[2023-11-10T11:30:05.215-0800][75408847ms] GC(20680) Humongous regions: 5->5
[2023-11-10T11:30:05.215-0800][75408847ms] GC(20680) Metaspace: 304789K->304789K(1347584K)
[2023-11-10T11:30:05.215-0800][75408847ms] GC(20680) Pause Young (Normal) (G1 Evacuation Pause) 3234M->2800M(3602M) 6.222ms
[2023-11-10T11:30:05.215-0800][75408847ms] GC(20680) User=0.08s Sys=0.00s Real=0.01s
[2023-11-10T11:30:05.702-0800][75409334ms] GC(20681) Pause Young (Normal) (G1 Evacuation Pause)
[2023-11-10T11:30:05.702-0800][75409334ms] GC(20681) Using 10 workers of 10 for evacuation
[2023-11-10T11:30:05.708-0800][75409340ms] GC(20681)   Pre Evacuate Collection Set: 0.1ms
[2023-11-10T11:30:05.708-0800][75409340ms] GC(20681)   Evacuate Collection Set: 1.8ms
[2023-11-10T11:30:05.708-0800][75409340ms] GC(20681)   Post Evacuate Collection Set: 3.5ms
[2023-11-10T11:30:05.708-0800][75409340ms] GC(20681)   Other: 0.3ms
[2023-11-10T11:30:05.708-0800][75409340ms] GC(20681) Eden regions: 217->0(217)
[2023-11-10T11:30:05.708-0800][75409340ms] GC(20681) Survivor regions: 1->1(28)
[2023-11-10T11:30:05.708-0800][75409340ms] GC(20681) Old regions: 1395->1395
[2023-11-10T11:30:05.708-0800][75409340ms] GC(20681) Humongous regions: 5->5
[2023-11-10T11:30:05.708-0800][75409340ms] GC(20681) Metaspace: 304789K->304789K(1347584K)
[2023-11-10T11:30:05.708-0800][75409340ms] GC(20681) Pause Young (Normal) (G1 Evacuation Pause) 3234M->2800M(3602M) 5.822ms
[2023-11-10T11:30:05.708-0800][75409340ms] GC(20681) User=0.00s Sys=0.00s Real=0.01s
[2023-11-10T11:30:06.175-0800][75409807ms] GC(20682) Pause Young (Normal) (G1 Evacuation Pause)
[2023-11-10T11:30:06.175-0800][75409807ms] GC(20682) Using 10 workers of 10 for evacuation
[2023-11-10T11:30:06.180-0800][75409812ms] GC(20682)   Pre Evacuate Collection Set: 0.0ms
[2023-11-10T11:30:06.180-0800][75409812ms] GC(20682)   Evacuate Collection Set: 1.7ms
[2023-11-10T11:30:06.180-0800][75409812ms] GC(20682)   Post Evacuate Collection Set: 3.1ms
[2023-11-10T11:30:06.180-0800][75409812ms] GC(20682)   Other: 0.3ms
[2023-11-10T11:30:06.180-0800][75409812ms] GC(20682) Eden regions: 217->0(217)
[2023-11-10T11:30:06.180-0800][75409812ms] GC(20682) Survivor regions: 1->1(28)
[2023-11-10T11:30:06.180-0800][75409812ms] GC(20682) Old regions: 1395->1395
[2023-11-10T11:30:06.180-0800][75409812ms] GC(20682) Humongous regions: 5->5
[2023-11-10T11:30:06.180-0800][75409812ms] GC(20682) Metaspace: 304789K->304789K(1347584K)
[2023-11-10T11:30:06.180-0800][75409812ms] GC(20682) Pause Young (Normal) (G1 Evacuation Pause) 3234M->2801M(3602M) 5.240ms
[2023-11-10T11:30:06.180-0800][75409812ms] GC(20682) User=0.00s Sys=0.00s Real=0.01s
[2023-11-10T11:30:06.698-0800][75410330ms] GC(20683) Pause Young (Normal) (G1 Evacuation Pause)
[2023-11-10T11:30:06.698-0800][75410330ms] GC(20683) Using 10 workers of 10 for evacuation
[2023-11-10T11:30:06.704-0800][75410336ms] GC(20683)   Pre Evacuate Collection Set: 0.1ms
[2023-11-10T11:30:06.704-0800][75410336ms] GC(20683)   Evacuate Collection Set: 1.8ms
[2023-11-10T11:30:06.704-0800][75410336ms] GC(20683)   Post Evacuate Collection Set: 4.3ms
[2023-11-10T11:30:06.704-0800][75410336ms] GC(20683)   Other: 0.3ms
[2023-11-10T11:30:06.704-0800][75410336ms] GC(20683) Eden regions: 217->0(217)
[2023-11-10T11:30:06.704-0800][75410336ms] GC(20683) Survivor regions: 1->1(28)
[2023-11-10T11:30:06.704-0800][75410336ms] GC(20683) Old regions: 1395->1395
[2023-11-10T11:30:06.704-0800][75410336ms] GC(20683) Humongous regions: 5->5
[2023-11-10T11:30:06.704-0800][75410336ms] GC(20683) Metaspace: 304789K->304789K(1347584K)
[2023-11-10T11:30:06.704-0800][75410336ms] GC(20683) Pause Young (Normal) (G1 Evacuation Pause) 3235M->2801M(3602M) 6.635ms
[2023-11-10T11:30:06.704-0800][75410336ms] GC(20683) User=0.00s Sys=0.00s Real=0.01s
[2023-11-10T11:30:07.264-0800][75410896ms] GC(20684) Pause Young (Normal) (G1 Evacuation Pause)
[2023-11-10T11:30:07.264-0800][75410896ms] GC(20684) Using 10 workers of 10 for evacuation
[2023-11-10T11:30:07.274-0800][75410906ms] GC(20684)   Pre Evacuate Collection Set: 0.1ms
[2023-11-10T11:30:07.274-0800][75410906ms] GC(20684)   Evacuate Collection Set: 2.8ms
[2023-11-10T11:30:07.274-0800][75410906ms] GC(20684)   Post Evacuate Collection Set: 6.7ms
[2023-11-10T11:30:07.274-0800][75410906ms] GC(20684)   Other: 0.5ms
[2023-11-10T11:30:07.274-0800][75410906ms] GC(20684) Eden regions: 217->0(217)
[2023-11-10T11:30:07.274-0800][75410906ms] GC(20684) Survivor regions: 1->1(28)
[2023-11-10T11:30:07.274-0800][75410906ms] GC(20684) Old regions: 1395->1395
[2023-11-10T11:30:07.274-0800][75410906ms] GC(20684) Humongous regions: 5->5
[2023-11-10T11:30:07.274-0800][75410906ms] GC(20684) Metaspace: 304789K->304789K(1347584K)
[2023-11-10T11:30:07.274-0800][75410906ms] GC(20684) Pause Young (Normal) (G1 Evacuation Pause) 3235M->2801M(3602M) 10.197ms
[2023-11-10T11:30:07.274-0800][75410906ms] GC(20684) User=0.02s Sys=0.00s Real=0.01s
[2023-11-10T11:30:07.855-0800][75411487ms] GC(20685) Pause Young (Normal) (G1 Evacuation Pause)
[2023-11-10T11:30:07.855-0800][75411487ms] GC(20685) Using 10 workers of 10 for evacuation
[2023-11-10T11:30:07.860-0800][75411492ms] GC(20685)   Pre Evacuate Collection Set: 0.0ms
[2023-11-10T11:30:07.860-0800][75411492ms] GC(20685)   Evacuate Collection Set: 2.2ms
[2023-11-10T11:30:07.860-0800][75411492ms] GC(20685)   Post Evacuate Collection Set: 3.1ms
[2023-11-10T11:30:07.860-0800][75411492ms] GC(20685)   Other: 0.2ms
[2023-11-10T11:30:07.860-0800][75411492ms] GC(20685) Eden regions: 217->0(216)
[2023-11-10T11:30:07.860-0800][75411492ms] GC(20685) Survivor regions: 1->1(28)
[2023-11-10T11:30:07.860-0800][75411492ms] GC(20685) Old regions: 1395->1396
[2023-11-10T11:30:07.860-0800][75411492ms] GC(20685) Humongous regions: 5->5
[2023-11-10T11:30:07.860-0800][75411492ms] GC(20685) Metaspace: 304789K->304789K(1347584K)
[2023-11-10T11:30:07.860-0800][75411492ms] GC(20685) Pause Young (Normal) (G1 Evacuation Pause) 3235M->2801M(3602M) 5.739ms
[2023-11-10T11:30:07.860-0800][75411492ms] GC(20685) User=0.00s Sys=0.00s Real=0.00s
[2023-11-10T11:30:08.398-0800][75412030ms] GC(20686) Pause Young (Normal) (G1 Evacuation Pause)
[2023-11-10T11:30:08.398-0800][75412030ms] GC(20686) Using 10 workers of 10 for evacuation
[2023-11-10T11:30:08.405-0800][75412037ms] GC(20686)   Pre Evacuate Collection Set: 0.0ms
[2023-11-10T11:30:08.405-0800][75412037ms] GC(20686)   Evacuate Collection Set: 1.8ms
[2023-11-10T11:30:08.405-0800][75412037ms] GC(20686)   Post Evacuate Collection Set: 3.6ms
[2023-11-10T11:30:08.405-0800][75412037ms] GC(20686)   Other: 0.3ms
[2023-11-10T11:30:08.405-0800][75412037ms] GC(20686) Eden regions: 216->0(216)
[2023-11-10T11:30:08.405-0800][75412037ms] GC(20686) Survivor regions: 1->1(28)
[2023-11-10T11:30:08.405-0800][75412037ms] GC(20686) Old regions: 1396->1396
[2023-11-10T11:30:08.405-0800][75412037ms] GC(20686) Humongous regions: 5->5
[2023-11-10T11:30:08.405-0800][75412037ms] GC(20686) Metaspace: 304789K->304789K(1347584K)
[2023-11-10T11:30:08.405-0800][75412037ms] GC(20686) Pause Young (Normal) (G1 Evacuation Pause) 3233M->2801M(3602M) 5.872ms
[2023-11-10T11:30:08.405-0800][75412037ms] GC(20686) User=0.00s Sys=0.00s Real=0.01s
[2023-11-10T11:30:08.932-0800][75412564ms] GC(20687) Pause Young (Normal) (G1 Evacuation Pause)
[2023-11-10T11:30:08.932-0800][75412564ms] GC(20687) Using 10 workers of 10 for evacuation
[2023-11-10T11:30:08.938-0800][75412570ms] GC(20687)   Pre Evacuate Collection Set: 0.1ms
[2023-11-10T11:30:08.938-0800][75412570ms] GC(20687)   Evacuate Collection Set: 2.5ms
[2023-11-10T11:30:08.938-0800][75412570ms] GC(20687)   Post Evacuate Collection Set: 3.8ms
[2023-11-10T11:30:08.938-0800][75412570ms] GC(20687)   Other: 0.3ms
[2023-11-10T11:30:08.938-0800][75412570ms] GC(20687) Eden regions: 216->0(216)
[2023-11-10T11:30:08.938-0800][75412570ms] GC(20687) Survivor regions: 1->1(28)
[2023-11-10T11:30:08.938-0800][75412570ms] GC(20687) Old regions: 1396->1396
[2023-11-10T11:30:08.938-0800][75412570ms] GC(20687) Humongous regions: 5->5
[2023-11-10T11:30:08.938-0800][75412570ms] GC(20687) Metaspace: 304789K->304789K(1347584K)
[2023-11-10T11:30:08.938-0800][75412570ms] GC(20687) Pause Young (Normal) (G1 Evacuation Pause) 3233M->2801M(3602M) 6.740ms
[2023-11-10T11:30:08.938-0800][75412570ms] GC(20687) User=0.00s Sys=0.00s Real=0.01s
[2023-11-10T11:30:09.440-0800][75413072ms] GC(20688) Pause Young (Normal) (G1 Evacuation Pause)
[2023-11-10T11:30:09.440-0800][75413072ms] GC(20688) Using 10 workers of 10 for evacuation
[2023-11-10T11:30:09.445-0800][75413077ms] GC(20688)   Pre Evacuate Collection Set: 0.0ms
[2023-11-10T11:30:09.445-0800][75413077ms] GC(20688)   Evacuate Collection Set: 1.8ms
[2023-11-10T11:30:09.445-0800][75413077ms] GC(20688)   Post Evacuate Collection Set: 3.3ms
[2023-11-10T11:30:09.445-0800][75413077ms] GC(20688)   Other: 0.3ms
[2023-11-10T11:30:09.445-0800][75413077ms] GC(20688) Eden regions: 216->0(216)
[2023-11-10T11:30:09.445-0800][75413077ms] GC(20688) Survivor regions: 1->1(28)
[2023-11-10T11:30:09.445-0800][75413077ms] GC(20688) Old regions: 1396->1396
[2023-11-10T11:30:09.445-0800][75413077ms] GC(20688) Humongous regions: 5->5
[2023-11-10T11:30:09.445-0800][75413077ms] GC(20688) Metaspace: 304789K->304789K(1347584K)
[2023-11-10T11:30:09.445-0800][75413077ms] GC(20688) Pause Young (Normal) (G1 Evacuation Pause) 3233M->2801M(3602M) 5.567ms
[2023-11-10T11:30:09.445-0800][75413077ms] GC(20688) User=0.02s Sys=0.00s Real=0.00s
[2023-11-10T11:30:09.938-0800][75413570ms] GC(20689) Pause Young (Normal) (G1 Evacuation Pause)
[2023-11-10T11:30:09.938-0800][75413570ms] GC(20689) Using 10 workers of 10 for evacuation
[2023-11-10T11:30:09.947-0800][75413579ms] GC(20689)   Pre Evacuate Collection Set: 0.1ms
[2023-11-10T11:30:09.947-0800][75413579ms] GC(20689)   Evacuate Collection Set: 2.9ms
[2023-11-10T11:30:09.947-0800][75413579ms] GC(20689)   Post Evacuate Collection Set: 5.1ms
[2023-11-10T11:30:09.947-0800][75413579ms] GC(20689)   Other: 0.5ms
[2023-11-10T11:30:09.947-0800][75413579ms] GC(20689) Eden regions: 216->0(216)
[2023-11-10T11:30:09.947-0800][75413579ms] GC(20689) Survivor regions: 1->1(28)
[2023-11-10T11:30:09.947-0800][75413579ms] GC(20689) Old regions: 1396->1396
[2023-11-10T11:30:09.947-0800][75413579ms] GC(20689) Humongous regions: 5->5
[2023-11-10T11:30:09.947-0800][75413579ms] GC(20689) Metaspace: 304796K->304796K(1347584K)
[2023-11-10T11:30:09.947-0800][75413579ms] GC(20689) Pause Young (Normal) (G1 Evacuation Pause) 3233M->2801M(3602M) 8.705ms
[2023-11-10T11:30:09.947-0800][75413579ms] GC(20689) User=0.02s Sys=0.00s Real=0.01s
[2023-11-10T11:30:10.544-0800][75414176ms] GC(20690) Pause Young (Normal) (G1 Evacuation Pause)
[2023-11-10T11:30:10.544-0800][75414176ms] GC(20690) Using 10 workers of 10 for evacuation
[2023-11-10T11:30:10.551-0800][75414183ms] GC(20690)   Pre Evacuate Collection Set: 0.1ms
[2023-11-10T11:30:10.551-0800][75414183ms] GC(20690)   Evacuate Collection Set: 2.7ms
[2023-11-10T11:30:10.551-0800][75414183ms] GC(20690)   Post Evacuate Collection Set: 4.5ms
[2023-11-10T11:30:10.552-0800][75414184ms] GC(20690)   Other: 0.5ms
[2023-11-10T11:30:10.552-0800][75414184ms] GC(20690) Eden regions: 216->0(216)
[2023-11-10T11:30:10.552-0800][75414184ms] GC(20690) Survivor regions: 1->1(28)
[2023-11-10T11:30:10.552-0800][75414184ms] GC(20690) Old regions: 1396->1396
[2023-11-10T11:30:10.552-0800][75414184ms] GC(20690) Humongous regions: 5->5
[2023-11-10T11:30:10.552-0800][75414184ms] GC(20690) Metaspace: 304797K->304797K(1347584K)
[2023-11-10T11:30:10.552-0800][75414184ms] GC(20690) Pause Young (Normal) (G1 Evacuation Pause) 3233M->2801M(3602M) 7.919ms
[2023-11-10T11:30:10.552-0800][75414184ms] GC(20690) User=0.00s Sys=0.00s Real=0.01s
[2023-11-10T11:30:11.110-0800][75414742ms] GC(20691) Pause Young (Normal) (G1 Evacuation Pause)
[2023-11-10T11:30:11.110-0800][75414742ms] GC(20691) Using 10 workers of 10 for evacuation
[2023-11-10T11:30:11.117-0800][75414749ms] GC(20691)   Pre Evacuate Collection Set: 0.1ms
[2023-11-10T11:30:11.117-0800][75414749ms] GC(20691)   Evacuate Collection Set: 2.6ms
[2023-11-10T11:30:11.117-0800][75414749ms] GC(20691)   Post Evacuate Collection Set: 4.1ms
[2023-11-10T11:30:11.117-0800][75414749ms] GC(20691)   Other: 0.4ms
[2023-11-10T11:30:11.117-0800][75414749ms] GC(20691) Eden regions: 216->0(216)
[2023-11-10T11:30:11.117-0800][75414749ms] GC(20691) Survivor regions: 1->1(28)
[2023-11-10T11:30:11.117-0800][75414749ms] GC(20691) Old regions: 1396->1396
[2023-11-10T11:30:11.117-0800][75414749ms] GC(20691) Humongous regions: 5->5
[2023-11-10T11:30:11.117-0800][75414749ms] GC(20691) Metaspace: 304797K->304797K(1347584K)
[2023-11-10T11:30:11.117-0800][75414749ms] GC(20691) Pause Young (Normal) (G1 Evacuation Pause) 3233M->2801M(3602M) 7.232ms
[2023-11-10T11:30:11.117-0800][75414749ms] GC(20691) User=0.02s Sys=0.00s Real=0.01s
[2023-11-10T11:30:11.659-0800][75415291ms] GC(20692) Pause Young (Normal) (G1 Evacuation Pause)
[2023-11-10T11:30:11.659-0800][75415291ms] GC(20692) Using 10 workers of 10 for evacuation
[2023-11-10T11:30:11.665-0800][75415297ms] GC(20692)   Pre Evacuate Collection Set: 0.1ms
[2023-11-10T11:30:11.665-0800][75415297ms] GC(20692)   Evacuate Collection Set: 2.1ms
[2023-11-10T11:30:11.665-0800][75415297ms] GC(20692)   Post Evacuate Collection Set: 3.2ms
[2023-11-10T11:30:11.665-0800][75415297ms] GC(20692)   Other: 0.3ms
[2023-11-10T11:30:11.665-0800][75415297ms] GC(20692) Eden regions: 216->0(216)
[2023-11-10T11:30:11.665-0800][75415297ms] GC(20692) Survivor regions: 1->1(28)
[2023-11-10T11:30:11.665-0800][75415297ms] GC(20692) Old regions: 1396->1396
[2023-11-10T11:30:11.665-0800][75415297ms] GC(20692) Humongous regions: 5->5
[2023-11-10T11:30:11.665-0800][75415297ms] GC(20692) Metaspace: 304797K->304797K(1347584K)
[2023-11-10T11:30:11.665-0800][75415297ms] GC(20692) Pause Young (Normal) (G1 Evacuation Pause) 3233M->2801M(3602M) 5.735ms
[2023-11-10T11:30:11.665-0800][75415297ms] GC(20692) User=0.00s Sys=0.00s Real=0.01s
[2023-11-10T11:30:12.188-0800][75415820ms] GC(20693) Pause Young (Normal) (G1 Evacuation Pause)
[2023-11-10T11:30:12.188-0800][75415820ms] GC(20693) Using 10 workers of 10 for evacuation
[2023-11-10T11:30:12.194-0800][75415826ms] GC(20693)   Pre Evacuate Collection Set: 0.0ms
[2023-11-10T11:30:12.194-0800][75415826ms] GC(20693)   Evacuate Collection Set: 1.7ms
[2023-11-10T11:30:12.194-0800][75415826ms] GC(20693)   Post Evacuate Collection Set: 3.6ms
[2023-11-10T11:30:12.194-0800][75415826ms] GC(20693)   Other: 0.3ms
[2023-11-10T11:30:12.194-0800][75415826ms] GC(20693) Eden regions: 216->0(216)
[2023-11-10T11:30:12.194-0800][75415826ms] GC(20693) Survivor regions: 1->1(28)
[2023-11-10T11:30:12.194-0800][75415826ms] GC(20693) Old regions: 1396->1396
[2023-11-10T11:30:12.194-0800][75415826ms] GC(20693) Humongous regions: 5->5
[2023-11-10T11:30:12.194-0800][75415826ms] GC(20693) Metaspace: 304797K->304797K(1347584K)
[2023-11-10T11:30:12.194-0800][75415826ms] GC(20693) Pause Young (Normal) (G1 Evacuation Pause) 3233M->2801M(3602M) 5.730ms
[2023-11-10T11:30:12.195-0800][75415827ms] GC(20693) User=0.00s Sys=0.00s Real=0.01s
[2023-11-10T11:30:12.672-0800][75416304ms] GC(20694) Pause Young (Normal) (G1 Evacuation Pause)
[2023-11-10T11:30:12.672-0800][75416304ms] GC(20694) Using 10 workers of 10 for evacuation
[2023-11-10T11:30:12.679-0800][75416311ms] GC(20694)   Pre Evacuate Collection Set: 0.0ms
[2023-11-10T11:30:12.679-0800][75416311ms] GC(20694)   Evacuate Collection Set: 2.3ms
[2023-11-10T11:30:12.679-0800][75416311ms] GC(20694)   Post Evacuate Collection Set: 3.2ms
[2023-11-10T11:30:12.679-0800][75416311ms] GC(20694)   Other: 0.3ms
[2023-11-10T11:30:12.679-0800][75416311ms] GC(20694) Eden regions: 216->0(216)
[2023-11-10T11:30:12.679-0800][75416311ms] GC(20694) Survivor regions: 1->1(28)
[2023-11-10T11:30:12.679-0800][75416311ms] GC(20694) Old regions: 1396->1396
[2023-11-10T11:30:12.679-0800][75416311ms] GC(20694) Humongous regions: 5->5
[2023-11-10T11:30:12.679-0800][75416311ms] GC(20694) Metaspace: 304797K->304797K(1347584K)
[2023-11-10T11:30:12.679-0800][75416311ms] GC(20694) Pause Young (Normal) (G1 Evacuation Pause) 3233M->2801M(3602M) 5.961ms
[2023-11-10T11:30:12.679-0800][75416311ms] GC(20694) User=0.00s Sys=0.00s Real=0.01s
[2023-11-10T11:30:13.202-0800][75416834ms] GC(20695) Pause Young (Normal) (G1 Evacuation Pause)
[2023-11-10T11:30:13.202-0800][75416834ms] GC(20695) Using 10 workers of 10 for evacuation
[2023-11-10T11:30:13.207-0800][75416839ms] GC(20695)   Pre Evacuate Collection Set: 0.0ms
[2023-11-10T11:30:13.207-0800][75416839ms] GC(20695)   Evacuate Collection Set: 1.7ms
[2023-11-10T11:30:13.207-0800][75416839ms] GC(20695)   Post Evacuate Collection Set: 3.3ms
[2023-11-10T11:30:13.208-0800][75416840ms] GC(20695)   Other: 0.3ms
[2023-11-10T11:30:13.208-0800][75416840ms] GC(20695) Eden regions: 216->0(216)
[2023-11-10T11:30:13.208-0800][75416840ms] GC(20695) Survivor regions: 1->1(28)
[2023-11-10T11:30:13.208-0800][75416840ms] GC(20695) Old regions: 1396->1396
[2023-11-10T11:30:13.208-0800][75416840ms] GC(20695) Humongous regions: 5->5
[2023-11-10T11:30:13.208-0800][75416840ms] GC(20695) Metaspace: 304797K->304797K(1347584K)
[2023-11-10T11:30:13.208-0800][75416840ms] GC(20695) Pause Young (Normal) (G1 Evacuation Pause) 3233M->2801M(3602M) 5.462ms
[2023-11-10T11:30:13.208-0800][75416840ms] GC(20695) User=0.00s Sys=0.00s Real=0.01s
[2023-11-10T11:30:13.679-0800][75417311ms] GC(20696) Pause Young (Normal) (G1 Evacuation Pause)
[2023-11-10T11:30:13.679-0800][75417311ms] GC(20696) Using 10 workers of 10 for evacuation
[2023-11-10T11:30:13.685-0800][75417317ms] GC(20696)   Pre Evacuate Collection Set: 0.1ms
[2023-11-10T11:30:13.685-0800][75417317ms] GC(20696)   Evacuate Collection Set: 1.7ms
[2023-11-10T11:30:13.685-0800][75417317ms] GC(20696)   Post Evacuate Collection Set: 3.5ms
[2023-11-10T11:30:13.685-0800][75417317ms] GC(20696)   Other: 0.4ms
[2023-11-10T11:30:13.685-0800][75417317ms] GC(20696) Eden regions: 216->0(216)
[2023-11-10T11:30:13.685-0800][75417317ms] GC(20696) Survivor regions: 1->1(28)
[2023-11-10T11:30:13.685-0800][75417317ms] GC(20696) Old regions: 1396->1396
[2023-11-10T11:30:13.685-0800][75417317ms] GC(20696) Humongous regions: 5->5
[2023-11-10T11:30:13.685-0800][75417317ms] GC(20696) Metaspace: 304797K->304797K(1347584K)
[2023-11-10T11:30:13.685-0800][75417317ms] GC(20696) Pause Young (Normal) (G1 Evacuation Pause) 3233M->2802M(3602M) 5.740ms
[2023-11-10T11:30:13.685-0800][75417317ms] GC(20696) User=0.00s Sys=0.00s Real=0.01s
[2023-11-10T11:30:14.190-0800][75417822ms] GC(20697) Pause Young (Normal) (G1 Evacuation Pause)
[2023-11-10T11:30:14.190-0800][75417822ms] GC(20697) Using 10 workers of 10 for evacuation
[2023-11-10T11:30:14.196-0800][75417828ms] GC(20697)   Pre Evacuate Collection Set: 0.0ms
[2023-11-10T11:30:14.196-0800][75417828ms] GC(20697)   Evacuate Collection Set: 2.1ms
[2023-11-10T11:30:14.196-0800][75417829ms] GC(20697)   Post Evacuate Collection Set: 3.4ms
[2023-11-10T11:30:14.197-0800][75417829ms] GC(20697)   Other: 0.3ms
[2023-11-10T11:30:14.197-0800][75417829ms] GC(20697) Eden regions: 216->0(216)
[2023-11-10T11:30:14.197-0800][75417829ms] GC(20697) Survivor regions: 1->1(28)
[2023-11-10T11:30:14.197-0800][75417829ms] GC(20697) Old regions: 1396->1396
[2023-11-10T11:30:14.197-0800][75417829ms] GC(20697) Humongous regions: 5->5
[2023-11-10T11:30:14.197-0800][75417829ms] GC(20697) Metaspace: 304797K->304797K(1347584K)
[2023-11-10T11:30:14.197-0800][75417829ms] GC(20697) Pause Young (Normal) (G1 Evacuation Pause) 3234M->2801M(3602M) 5.898ms
[2023-11-10T11:30:14.197-0800][75417829ms] GC(20697) User=0.00s Sys=0.00s Real=0.01s
[2023-11-10T11:30:14.733-0800][75418365ms] GC(20698) Pause Young (Normal) (G1 Evacuation Pause)
[2023-11-10T11:30:14.733-0800][75418365ms] GC(20698) Using 10 workers of 10 for evacuation
[2023-11-10T11:30:14.739-0800][75418371ms] GC(20698)   Pre Evacuate Collection Set: 0.0ms
[2023-11-10T11:30:14.739-0800][75418371ms] GC(20698)   Evacuate Collection Set: 1.7ms
[2023-11-10T11:30:14.739-0800][75418371ms] GC(20698)   Post Evacuate Collection Set: 3.7ms
[2023-11-10T11:30:14.739-0800][75418371ms] GC(20698)   Other: 0.3ms
[2023-11-10T11:30:14.739-0800][75418371ms] GC(20698) Eden regions: 216->0(216)
[2023-11-10T11:30:14.739-0800][75418371ms] GC(20698) Survivor regions: 1->1(28)
[2023-11-10T11:30:14.739-0800][75418371ms] GC(20698) Old regions: 1396->1396
[2023-11-10T11:30:14.739-0800][75418371ms] GC(20698) Humongous regions: 5->5
[2023-11-10T11:30:14.739-0800][75418371ms] GC(20698) Metaspace: 304797K->304797K(1347584K)
[2023-11-10T11:30:14.739-0800][75418371ms] GC(20698) Pause Young (Normal) (G1 Evacuation Pause) 3233M->2801M(3602M) 5.888ms
[2023-11-10T11:30:14.739-0800][75418371ms] GC(20698) User=0.00s Sys=0.00s Real=0.01s
[2023-11-10T11:30:15.258-0800][75418890ms] GC(20699) Pause Young (Normal) (G1 Evacuation Pause)
[2023-11-10T11:30:15.258-0800][75418890ms] GC(20699) Using 10 workers of 10 for evacuation
[2023-11-10T11:30:15.266-0800][75418898ms] GC(20699)   Pre Evacuate Collection Set: 0.0ms
[2023-11-10T11:30:15.266-0800][75418898ms] GC(20699)   Evacuate Collection Set: 1.9ms
[2023-11-10T11:30:15.266-0800][75418898ms] GC(20699)   Post Evacuate Collection Set: 5.2ms
[2023-11-10T11:30:15.266-0800][75418898ms] GC(20699)   Other: 0.3ms
[2023-11-10T11:30:15.266-0800][75418898ms] GC(20699) Eden regions: 216->0(216)
[2023-11-10T11:30:15.266-0800][75418898ms] GC(20699) Survivor regions: 1->1(28)
[2023-11-10T11:30:15.266-0800][75418898ms] GC(20699) Old regions: 1396->1396
[2023-11-10T11:30:15.266-0800][75418898ms] GC(20699) Humongous regions: 5->5
[2023-11-10T11:30:15.266-0800][75418898ms] GC(20699) Metaspace: 304797K->304797K(1347584K)
[2023-11-10T11:30:15.266-0800][75418898ms] GC(20699) Pause Young (Normal) (G1 Evacuation Pause) 3233M->2801M(3602M) 7.602ms
[2023-11-10T11:30:15.266-0800][75418898ms] GC(20699) User=0.00s Sys=0.00s Real=0.01s
[2023-11-10T11:30:15.791-0800][75419423ms] GC(20700) Pause Young (Normal) (G1 Evacuation Pause)
[2023-11-10T11:30:15.791-0800][75419423ms] GC(20700) Using 10 workers of 10 for evacuation
[2023-11-10T11:30:15.797-0800][75419429ms] GC(20700)   Pre Evacuate Collection Set: 0.0ms
[2023-11-10T11:30:15.797-0800][75419429ms] GC(20700)   Evacuate Collection Set: 2.0ms
[2023-11-10T11:30:15.797-0800][75419429ms] GC(20700)   Post Evacuate Collection Set: 3.7ms
[2023-11-10T11:30:15.797-0800][75419429ms] GC(20700)   Other: 0.3ms
[2023-11-10T11:30:15.797-0800][75419429ms] GC(20700) Eden regions: 216->0(216)
[2023-11-10T11:30:15.797-0800][75419429ms] GC(20700) Survivor regions: 1->1(28)
[2023-11-10T11:30:15.797-0800][75419429ms] GC(20700) Old regions: 1396->1396
[2023-11-10T11:30:15.797-0800][75419429ms] GC(20700) Humongous regions: 5->5
[2023-11-10T11:30:15.797-0800][75419429ms] GC(20700) Metaspace: 304797K->304797K(1347584K)
[2023-11-10T11:30:15.797-0800][75419429ms] GC(20700) Pause Young (Normal) (G1 Evacuation Pause) 3233M->2802M(3602M) 6.173ms
[2023-11-10T11:30:15.797-0800][75419429ms] GC(20700) User=0.00s Sys=0.00s Real=0.01s
[2023-11-10T11:30:16.283-0800][75419915ms] GC(20701) Pause Young (Normal) (G1 Evacuation Pause)
[2023-11-10T11:30:16.283-0800][75419915ms] GC(20701) Using 10 workers of 10 for evacuation
[2023-11-10T11:30:16.289-0800][75419921ms] GC(20701)   Pre Evacuate Collection Set: 0.0ms
[2023-11-10T11:30:16.289-0800][75419921ms] GC(20701)   Evacuate Collection Set: 1.7ms
[2023-11-10T11:30:16.289-0800][75419921ms] GC(20701)   Post Evacuate Collection Set: 3.8ms
[2023-11-10T11:30:16.289-0800][75419921ms] GC(20701)   Other: 0.3ms
[2023-11-10T11:30:16.289-0800][75419921ms] GC(20701) Eden regions: 216->0(216)
[2023-11-10T11:30:16.289-0800][75419921ms] GC(20701) Survivor regions: 1->1(28)
[2023-11-10T11:30:16.289-0800][75419921ms] GC(20701) Old regions: 1396->1396
[2023-11-10T11:30:16.289-0800][75419921ms] GC(20701) Humongous regions: 5->5
[2023-11-10T11:30:16.289-0800][75419921ms] GC(20701) Metaspace: 304797K->304797K(1347584K)
[2023-11-10T11:30:16.289-0800][75419921ms] GC(20701) Pause Young (Normal) (G1 Evacuation Pause) 3234M->2801M(3602M) 5.902ms
[2023-11-10T11:30:16.289-0800][75419921ms] GC(20701) User=0.02s Sys=0.00s Real=0.01s
[2023-11-10T11:30:16.768-0800][75420400ms] GC(20702) Pause Young (Normal) (G1 Evacuation Pause)
[2023-11-10T11:30:16.768-0800][75420400ms] GC(20702) Using 10 workers of 10 for evacuation
[2023-11-10T11:30:16.773-0800][75420405ms] GC(20702)   Pre Evacuate Collection Set: 0.0ms
[2023-11-10T11:30:16.773-0800][75420405ms] GC(20702)   Evacuate Collection Set: 1.8ms
[2023-11-10T11:30:16.773-0800][75420405ms] GC(20702)   Post Evacuate Collection Set: 3.0ms
[2023-11-10T11:30:16.773-0800][75420405ms] GC(20702)   Other: 0.3ms
[2023-11-10T11:30:16.773-0800][75420405ms] GC(20702) Eden regions: 216->0(216)
[2023-11-10T11:30:16.773-0800][75420405ms] GC(20702) Survivor regions: 1->1(28)
[2023-11-10T11:30:16.773-0800][75420405ms] GC(20702) Old regions: 1396->1396
[2023-11-10T11:30:16.773-0800][75420405ms] GC(20702) Humongous regions: 5->5
[2023-11-10T11:30:16.773-0800][75420405ms] GC(20702) Metaspace: 304797K->304797K(1347584K)
[2023-11-10T11:30:16.773-0800][75420405ms] GC(20702) Pause Young (Normal) (G1 Evacuation Pause) 3233M->2801M(3602M) 5.127ms
[2023-11-10T11:30:16.773-0800][75420405ms] GC(20702) User=0.00s Sys=0.00s Real=0.01s
[2023-11-10T11:30:17.240-0800][75420872ms] GC(20703) Pause Young (Normal) (G1 Evacuation Pause)
[2023-11-10T11:30:17.240-0800][75420872ms] GC(20703) Using 10 workers of 10 for evacuation
[2023-11-10T11:30:17.247-0800][75420879ms] GC(20703)   Pre Evacuate Collection Set: 0.1ms
[2023-11-10T11:30:17.247-0800][75420879ms] GC(20703)   Evacuate Collection Set: 2.1ms
[2023-11-10T11:30:17.247-0800][75420879ms] GC(20703)   Post Evacuate Collection Set: 3.8ms
[2023-11-10T11:30:17.247-0800][75420879ms] GC(20703)   Other: 0.3ms
[2023-11-10T11:30:17.247-0800][75420879ms] GC(20703) Eden regions: 216->0(216)
[2023-11-10T11:30:17.247-0800][75420879ms] GC(20703) Survivor regions: 1->1(28)
[2023-11-10T11:30:17.247-0800][75420879ms] GC(20703) Old regions: 1396->1396
[2023-11-10T11:30:17.247-0800][75420879ms] GC(20703) Humongous regions: 5->5
[2023-11-10T11:30:17.247-0800][75420879ms] GC(20703) Metaspace: 304797K->304797K(1347584K)
[2023-11-10T11:30:17.247-0800][75420879ms] GC(20703) Pause Young (Normal) (G1 Evacuation Pause) 3233M->2801M(3602M) 6.399ms
[2023-11-10T11:30:17.247-0800][75420879ms] GC(20703) User=0.09s Sys=0.00s Real=0.01s
[2023-11-10T11:30:17.798-0800][75421430ms] GC(20704) Pause Young (Normal) (G1 Evacuation Pause)
[2023-11-10T11:30:17.798-0800][75421430ms] GC(20704) Using 10 workers of 10 for evacuation
[2023-11-10T11:30:17.804-0800][75421436ms] GC(20704)   Pre Evacuate Collection Set: 0.1ms
[2023-11-10T11:30:17.804-0800][75421436ms] GC(20704)   Evacuate Collection Set: 2.3ms
[2023-11-10T11:30:17.804-0800][75421436ms] GC(20704)   Post Evacuate Collection Set: 3.6ms
[2023-11-10T11:30:17.804-0800][75421436ms] GC(20704)   Other: 0.4ms
[2023-11-10T11:30:17.805-0800][75421437ms] GC(20704) Eden regions: 216->0(216)
[2023-11-10T11:30:17.805-0800][75421437ms] GC(20704) Survivor regions: 1->1(28)
[2023-11-10T11:30:17.805-0800][75421437ms] GC(20704) Old regions: 1396->1396
[2023-11-10T11:30:17.805-0800][75421437ms] GC(20704) Humongous regions: 5->5
[2023-11-10T11:30:17.805-0800][75421437ms] GC(20704) Metaspace: 304797K->304797K(1347584K)
[2023-11-10T11:30:17.805-0800][75421437ms] GC(20704) Pause Young (Normal) (G1 Evacuation Pause) 3233M->2802M(3602M) 6.440ms
[2023-11-10T11:30:17.805-0800][75421437ms] GC(20704) User=0.00s Sys=0.00s Real=0.01s
[2023-11-10T11:30:18.355-0800][75421987ms] GC(20705) Pause Young (Normal) (G1 Evacuation Pause)
[2023-11-10T11:30:18.355-0800][75421987ms] GC(20705) Using 10 workers of 10 for evacuation
[2023-11-10T11:30:18.360-0800][75421992ms] GC(20705)   Pre Evacuate Collection Set: 0.1ms
[2023-11-10T11:30:18.360-0800][75421992ms] GC(20705)   Evacuate Collection Set: 2.2ms
[2023-11-10T11:30:18.360-0800][75421992ms] GC(20705)   Post Evacuate Collection Set: 3.4ms
[2023-11-10T11:30:18.360-0800][75421992ms] GC(20705)   Other: 0.3ms
[2023-11-10T11:30:18.360-0800][75421992ms] GC(20705) Eden regions: 216->0(216)
[2023-11-10T11:30:18.360-0800][75421992ms] GC(20705) Survivor regions: 1->1(28)
[2023-11-10T11:30:18.360-0800][75421992ms] GC(20705) Old regions: 1396->1396
[2023-11-10T11:30:18.360-0800][75421992ms] GC(20705) Humongous regions: 5->5
[2023-11-10T11:30:18.360-0800][75421992ms] GC(20705) Metaspace: 304797K->304797K(1347584K)
[2023-11-10T11:30:18.362-0800][75421994ms] GC(20705) Pause Young (Normal) (G1 Evacuation Pause) 3234M->2801M(3602M) 6.061ms
[2023-11-10T11:30:18.362-0800][75421994ms] GC(20705) User=0.00s Sys=0.00s Real=0.01s
[2023-11-10T11:30:18.887-0800][75422519ms] GC(20706) Pause Young (Normal) (G1 Evacuation Pause)
[2023-11-10T11:30:18.887-0800][75422519ms] GC(20706) Using 10 workers of 10 for evacuation
[2023-11-10T11:30:18.910-0800][75422542ms] GC(20706)   Pre Evacuate Collection Set: 0.1ms
[2023-11-10T11:30:18.910-0800][75422542ms] GC(20706)   Evacuate Collection Set: 17.9ms
[2023-11-10T11:30:18.910-0800][75422542ms] GC(20706)   Post Evacuate Collection Set: 3.8ms
[2023-11-10T11:30:18.910-0800][75422542ms] GC(20706)   Other: 0.4ms
[2023-11-10T11:30:18.910-0800][75422542ms] GC(20706) Eden regions: 216->0(216)
[2023-11-10T11:30:18.910-0800][75422542ms] GC(20706) Survivor regions: 1->1(28)
[2023-11-10T11:30:18.910-0800][75422542ms] GC(20706) Old regions: 1396->1396
[2023-11-10T11:30:18.910-0800][75422542ms] GC(20706) Humongous regions: 5->5
[2023-11-10T11:30:18.910-0800][75422542ms] GC(20706) Metaspace: 304797K->304797K(1347584K)
[2023-11-10T11:30:18.910-0800][75422542ms] GC(20706) Pause Young (Normal) (G1 Evacuation Pause) 3233M->2801M(3602M) 22.334ms
[2023-11-10T11:30:18.910-0800][75422542ms] GC(20706) User=0.00s Sys=0.00s Real=0.02s
[2023-11-10T11:30:19.438-0800][75423070ms] GC(20707) Pause Young (Normal) (G1 Evacuation Pause)
[2023-11-10T11:30:19.438-0800][75423070ms] GC(20707) Using 10 workers of 10 for evacuation
[2023-11-10T11:30:19.445-0800][75423077ms] GC(20707)   Pre Evacuate Collection Set: 0.1ms
[2023-11-10T11:30:19.445-0800][75423077ms] GC(20707)   Evacuate Collection Set: 2.5ms
[2023-11-10T11:30:19.445-0800][75423077ms] GC(20707)   Post Evacuate Collection Set: 3.8ms
[2023-11-10T11:30:19.445-0800][75423077ms] GC(20707)   Other: 0.3ms
[2023-11-10T11:30:19.445-0800][75423077ms] GC(20707) Eden regions: 216->0(216)
[2023-11-10T11:30:19.445-0800][75423077ms] GC(20707) Survivor regions: 1->1(28)
[2023-11-10T11:30:19.445-0800][75423077ms] GC(20707) Old regions: 1396->1396
[2023-11-10T11:30:19.445-0800][75423077ms] GC(20707) Humongous regions: 5->5
[2023-11-10T11:30:19.445-0800][75423077ms] GC(20707) Metaspace: 304797K->304797K(1347584K)
[2023-11-10T11:30:19.445-0800][75423077ms] GC(20707) Pause Young (Normal) (G1 Evacuation Pause) 3233M->2802M(3602M) 6.834ms
[2023-11-10T11:30:19.445-0800][75423077ms] GC(20707) User=0.02s Sys=0.00s Real=0.01s
[2023-11-10T11:30:20.046-0800][75423678ms] GC(20708) Pause Young (Normal) (G1 Evacuation Pause)
[2023-11-10T11:30:20.046-0800][75423678ms] GC(20708) Using 10 workers of 10 for evacuation
[2023-11-10T11:30:20.053-0800][75423685ms] GC(20708)   Pre Evacuate Collection Set: 0.0ms
[2023-11-10T11:30:20.053-0800][75423685ms] GC(20708)   Evacuate Collection Set: 1.7ms
[2023-11-10T11:30:20.053-0800][75423685ms] GC(20708)   Post Evacuate Collection Set: 4.1ms
[2023-11-10T11:30:20.053-0800][75423685ms] GC(20708)   Other: 0.2ms
[2023-11-10T11:30:20.053-0800][75423685ms] GC(20708) Eden regions: 216->0(216)
[2023-11-10T11:30:20.053-0800][75423685ms] GC(20708) Survivor regions: 1->1(28)
[2023-11-10T11:30:20.053-0800][75423685ms] GC(20708) Old regions: 1396->1396
[2023-11-10T11:30:20.053-0800][75423685ms] GC(20708) Humongous regions: 5->5
[2023-11-10T11:30:20.053-0800][75423685ms] GC(20708) Metaspace: 304797K->304797K(1347584K)
[2023-11-10T11:30:20.053-0800][75423685ms] GC(20708) Pause Young (Normal) (G1 Evacuation Pause) 3234M->2802M(3602M) 6.211ms
[2023-11-10T11:30:20.053-0800][75423685ms] GC(20708) User=0.00s Sys=0.00s Real=0.01s
[2023-11-10T11:30:20.580-0800][75424212ms] GC(20709) Pause Young (Normal) (G1 Evacuation Pause)
[2023-11-10T11:30:20.580-0800][75424212ms] GC(20709) Using 10 workers of 10 for evacuation
[2023-11-10T11:30:20.587-0800][75424219ms] GC(20709)   Pre Evacuate Collection Set: 0.1ms
[2023-11-10T11:30:20.587-0800][75424219ms] GC(20709)   Evacuate Collection Set: 2.7ms
[2023-11-10T11:30:20.587-0800][75424219ms] GC(20709)   Post Evacuate Collection Set: 4.4ms
[2023-11-10T11:30:20.588-0800][75424220ms] GC(20709)   Other: 0.3ms
[2023-11-10T11:30:20.588-0800][75424220ms] GC(20709) Eden regions: 216->0(216)
[2023-11-10T11:30:20.588-0800][75424220ms] GC(20709) Survivor regions: 1->1(28)
[2023-11-10T11:30:20.588-0800][75424220ms] GC(20709) Old regions: 1396->1396
[2023-11-10T11:30:20.588-0800][75424220ms] GC(20709) Humongous regions: 5->5
[2023-11-10T11:30:20.588-0800][75424220ms] GC(20709) Metaspace: 304797K->304797K(1347584K)
[2023-11-10T11:30:20.588-0800][75424220ms] GC(20709) Pause Young (Normal) (G1 Evacuation Pause) 3234M->2802M(3602M) 7.507ms
[2023-11-10T11:30:20.588-0800][75424220ms] GC(20709) User=0.00s Sys=0.00s Real=0.01s
[2023-11-10T11:30:21.103-0800][75424735ms] GC(20710) Pause Young (Normal) (G1 Evacuation Pause)
[2023-11-10T11:30:21.103-0800][75424735ms] GC(20710) Using 10 workers of 10 for evacuation
[2023-11-10T11:30:21.110-0800][75424742ms] GC(20710)   Pre Evacuate Collection Set: 0.0ms
[2023-11-10T11:30:21.110-0800][75424742ms] GC(20710)   Evacuate Collection Set: 1.8ms
[2023-11-10T11:30:21.110-0800][75424742ms] GC(20710)   Post Evacuate Collection Set: 4.3ms
[2023-11-10T11:30:21.110-0800][75424742ms] GC(20710)   Other: 0.3ms
[2023-11-10T11:30:21.110-0800][75424742ms] GC(20710) Eden regions: 216->0(216)
[2023-11-10T11:30:21.110-0800][75424742ms] GC(20710) Survivor regions: 1->1(28)
[2023-11-10T11:30:21.110-0800][75424742ms] GC(20710) Old regions: 1396->1396
[2023-11-10T11:30:21.110-0800][75424742ms] GC(20710) Humongous regions: 5->5
[2023-11-10T11:30:21.110-0800][75424742ms] GC(20710) Metaspace: 304797K->304797K(1347584K)
[2023-11-10T11:30:21.110-0800][75424742ms] GC(20710) Pause Young (Normal) (G1 Evacuation Pause) 3234M->2802M(3602M) 6.546ms
[2023-11-10T11:30:21.110-0800][75424742ms] GC(20710) User=0.00s Sys=0.00s Real=0.01s
[2023-11-10T11:30:21.652-0800][75425284ms] GC(20711) Pause Young (Normal) (G1 Evacuation Pause)
[2023-11-10T11:30:21.652-0800][75425284ms] GC(20711) Using 10 workers of 10 for evacuation
[2023-11-10T11:30:21.660-0800][75425292ms] GC(20711)   Pre Evacuate Collection Set: 0.1ms
[2023-11-10T11:30:21.660-0800][75425292ms] GC(20711)   Evacuate Collection Set: 1.9ms
[2023-11-10T11:30:21.660-0800][75425292ms] GC(20711)   Post Evacuate Collection Set: 4.4ms
[2023-11-10T11:30:21.660-0800][75425292ms] GC(20711)   Other: 0.3ms
[2023-11-10T11:30:21.660-0800][75425292ms] GC(20711) Eden regions: 216->0(216)
[2023-11-10T11:30:21.660-0800][75425292ms] GC(20711) Survivor regions: 1->1(28)
[2023-11-10T11:30:21.660-0800][75425292ms] GC(20711) Old regions: 1396->1396
[2023-11-10T11:30:21.660-0800][75425292ms] GC(20711) Humongous regions: 5->5
[2023-11-10T11:30:21.660-0800][75425292ms] GC(20711) Metaspace: 304797K->304797K(1347584K)
[2023-11-10T11:30:21.660-0800][75425292ms] GC(20711) Pause Young (Normal) (G1 Evacuation Pause) 3234M->2802M(3602M) 6.858ms
[2023-11-10T11:30:21.660-0800][75425292ms] GC(20711) User=0.00s Sys=0.00s Real=0.01s
[2023-11-10T11:30:22.178-0800][75425810ms] GC(20712) Pause Young (Normal) (G1 Evacuation Pause)
[2023-11-10T11:30:22.178-0800][75425810ms] GC(20712) Using 10 workers of 10 for evacuation
[2023-11-10T11:30:22.183-0800][75425815ms] GC(20712)   Pre Evacuate Collection Set: 0.0ms
[2023-11-10T11:30:22.183-0800][75425815ms] GC(20712)   Evacuate Collection Set: 1.8ms
[2023-11-10T11:30:22.183-0800][75425815ms] GC(20712)   Post Evacuate Collection Set: 3.1ms
[2023-11-10T11:30:22.183-0800][75425815ms] GC(20712)   Other: 0.3ms
[2023-11-10T11:30:22.183-0800][75425815ms] GC(20712) Eden regions: 216->0(216)
[2023-11-10T11:30:22.183-0800][75425815ms] GC(20712) Survivor regions: 1->1(28)
[2023-11-10T11:30:22.183-0800][75425815ms] GC(20712) Old regions: 1396->1396
[2023-11-10T11:30:22.183-0800][75425815ms] GC(20712) Humongous regions: 5->5
[2023-11-10T11:30:22.183-0800][75425815ms] GC(20712) Metaspace: 304797K->304797K(1347584K)
[2023-11-10T11:30:22.183-0800][75425815ms] GC(20712) Pause Young (Normal) (G1 Evacuation Pause) 3234M->2802M(3602M) 5.265ms
[2023-11-10T11:30:22.183-0800][75425815ms] GC(20712) User=0.11s Sys=0.00s Real=0.01s
[2023-11-10T11:30:22.733-0800][75426365ms] GC(20713) Pause Young (Normal) (G1 Evacuation Pause)
[2023-11-10T11:30:22.733-0800][75426365ms] GC(20713) Using 10 workers of 10 for evacuation
[2023-11-10T11:30:22.738-0800][75426370ms] GC(20713)   Pre Evacuate Collection Set: 0.0ms
[2023-11-10T11:30:22.738-0800][75426370ms] GC(20713)   Evacuate Collection Set: 1.7ms
[2023-11-10T11:30:22.738-0800][75426370ms] GC(20713)   Post Evacuate Collection Set: 3.3ms
[2023-11-10T11:30:22.738-0800][75426370ms] GC(20713)   Other: 0.2ms
[2023-11-10T11:30:22.738-0800][75426370ms] GC(20713) Eden regions: 216->0(217)
[2023-11-10T11:30:22.738-0800][75426370ms] GC(20713) Survivor regions: 1->1(28)
[2023-11-10T11:30:22.738-0800][75426370ms] GC(20713) Old regions: 1396->1396
[2023-11-10T11:30:22.738-0800][75426370ms] GC(20713) Humongous regions: 5->5
[2023-11-10T11:30:22.738-0800][75426370ms] GC(20713) Metaspace: 304797K->304797K(1347584K)
[2023-11-10T11:30:22.738-0800][75426370ms] GC(20713) Pause Young (Normal) (G1 Evacuation Pause) 3234M->2802M(3602M) 5.324ms
[2023-11-10T11:30:22.738-0800][75426370ms] GC(20713) User=0.00s Sys=0.00s Real=0.00s
[2023-11-10T11:30:23.243-0800][75426875ms] GC(20714) Pause Young (Normal) (G1 Evacuation Pause)
[2023-11-10T11:30:23.243-0800][75426875ms] GC(20714) Using 10 workers of 10 for evacuation
[2023-11-10T11:30:23.248-0800][75426880ms] GC(20714)   Pre Evacuate Collection Set: 0.1ms
[2023-11-10T11:30:23.248-0800][75426880ms] GC(20714)   Evacuate Collection Set: 1.7ms
[2023-11-10T11:30:23.248-0800][75426880ms] GC(20714)   Post Evacuate Collection Set: 3.4ms
[2023-11-10T11:30:23.248-0800][75426880ms] GC(20714)   Other: 0.4ms
[2023-11-10T11:30:23.248-0800][75426880ms] GC(20714) Eden regions: 217->0(217)
[2023-11-10T11:30:23.248-0800][75426880ms] GC(20714) Survivor regions: 1->1(28)
[2023-11-10T11:30:23.248-0800][75426880ms] GC(20714) Old regions: 1396->1396
[2023-11-10T11:30:23.248-0800][75426880ms] GC(20714) Humongous regions: 5->5
[2023-11-10T11:30:23.248-0800][75426880ms] GC(20714) Metaspace: 304797K->304797K(1347584K)
[2023-11-10T11:30:23.248-0800][75426880ms] GC(20714) Pause Young (Normal) (G1 Evacuation Pause) 3236M->2802M(3602M) 5.670ms
[2023-11-10T11:30:23.248-0800][75426880ms] GC(20714) User=0.00s Sys=0.00s Real=0.00s
[2023-11-10T11:30:23.753-0800][75427385ms] GC(20715) Pause Young (Normal) (G1 Evacuation Pause)
[2023-11-10T11:30:23.753-0800][75427385ms] GC(20715) Using 10 workers of 10 for evacuation
[2023-11-10T11:30:23.758-0800][75427390ms] GC(20715)   Pre Evacuate Collection Set: 0.0ms
[2023-11-10T11:30:23.759-0800][75427391ms] GC(20715)   Evacuate Collection Set: 1.6ms
[2023-11-10T11:30:23.759-0800][75427391ms] GC(20715)   Post Evacuate Collection Set: 3.4ms
[2023-11-10T11:30:23.759-0800][75427391ms] GC(20715)   Other: 0.3ms
[2023-11-10T11:30:23.759-0800][75427391ms] GC(20715) Eden regions: 217->0(217)
[2023-11-10T11:30:23.759-0800][75427391ms] GC(20715) Survivor regions: 1->1(28)
[2023-11-10T11:30:23.759-0800][75427391ms] GC(20715) Old regions: 1396->1396
[2023-11-10T11:30:23.759-0800][75427391ms] GC(20715) Humongous regions: 5->5
[2023-11-10T11:30:23.759-0800][75427391ms] GC(20715) Metaspace: 304797K->304797K(1347584K)
[2023-11-10T11:30:23.759-0800][75427391ms] GC(20715) Pause Young (Normal) (G1 Evacuation Pause) 3236M->2802M(3602M) 5.455ms
[2023-11-10T11:30:23.759-0800][75427391ms] GC(20715) User=0.02s Sys=0.00s Real=0.01s
[2023-11-10T11:30:24.278-0800][75427910ms] GC(20716) Pause Young (Normal) (G1 Evacuation Pause)
[2023-11-10T11:30:24.278-0800][75427910ms] GC(20716) Using 10 workers of 10 for evacuation
[2023-11-10T11:30:24.283-0800][75427915ms] GC(20716)   Pre Evacuate Collection Set: 0.0ms
[2023-11-10T11:30:24.283-0800][75427915ms] GC(20716)   Evacuate Collection Set: 1.7ms
[2023-11-10T11:30:24.283-0800][75427915ms] GC(20716)   Post Evacuate Collection Set: 3.0ms
[2023-11-10T11:30:24.283-0800][75427915ms] GC(20716)   Other: 0.2ms
[2023-11-10T11:30:24.283-0800][75427915ms] GC(20716) Eden regions: 217->0(217)
[2023-11-10T11:30:24.283-0800][75427915ms] GC(20716) Survivor regions: 1->1(28)
[2023-11-10T11:30:24.283-0800][75427915ms] GC(20716) Old regions: 1396->1396
[2023-11-10T11:30:24.283-0800][75427915ms] GC(20716) Humongous regions: 5->5
[2023-11-10T11:30:24.283-0800][75427915ms] GC(20716) Metaspace: 304797K->304797K(1347584K)
[2023-11-10T11:30:24.283-0800][75427915ms] GC(20716) Pause Young (Normal) (G1 Evacuation Pause) 3236M->2802M(3602M) 5.049ms
[2023-11-10T11:30:24.283-0800][75427915ms] GC(20716) User=0.00s Sys=0.00s Real=0.00s
[2023-11-10T11:30:24.846-0800][75428478ms] GC(20717) Pause Young (Normal) (G1 Evacuation Pause)
[2023-11-10T11:30:24.846-0800][75428478ms] GC(20717) Using 10 workers of 10 for evacuation
[2023-11-10T11:30:24.851-0800][75428483ms] GC(20717)   Pre Evacuate Collection Set: 0.0ms
[2023-11-10T11:30:24.851-0800][75428483ms] GC(20717)   Evacuate Collection Set: 1.6ms
[2023-11-10T11:30:24.851-0800][75428483ms] GC(20717)   Post Evacuate Collection Set: 3.1ms
[2023-11-10T11:30:24.851-0800][75428483ms] GC(20717)   Other: 0.2ms
[2023-11-10T11:30:24.851-0800][75428483ms] GC(20717) Eden regions: 217->0(217)
[2023-11-10T11:30:24.851-0800][75428483ms] GC(20717) Survivor regions: 1->1(28)
[2023-11-10T11:30:24.851-0800][75428483ms] GC(20717) Old regions: 1396->1396
[2023-11-10T11:30:24.851-0800][75428483ms] GC(20717) Humongous regions: 5->5
[2023-11-10T11:30:24.851-0800][75428483ms] GC(20717) Metaspace: 304797K->304797K(1347584K)
[2023-11-10T11:30:24.851-0800][75428483ms] GC(20717) Pause Young (Normal) (G1 Evacuation Pause) 3236M->2802M(3602M) 5.104ms
[2023-11-10T11:30:24.851-0800][75428483ms] GC(20717) User=0.00s Sys=0.00s Real=0.01s
[2023-11-10T11:30:25.386-0800][75429018ms] GC(20718) Pause Young (Normal) (G1 Evacuation Pause)
[2023-11-10T11:30:25.386-0800][75429018ms] GC(20718) Using 10 workers of 10 for evacuation
[2023-11-10T11:30:25.391-0800][75429023ms] GC(20718)   Pre Evacuate Collection Set: 0.0ms
[2023-11-10T11:30:25.391-0800][75429023ms] GC(20718)   Evacuate Collection Set: 1.6ms
[2023-11-10T11:30:25.391-0800][75429023ms] GC(20718)   Post Evacuate Collection Set: 3.1ms
[2023-11-10T11:30:25.391-0800][75429023ms] GC(20718)   Other: 0.2ms
[2023-11-10T11:30:25.391-0800][75429023ms] GC(20718) Eden regions: 217->0(217)
[2023-11-10T11:30:25.391-0800][75429023ms] GC(20718) Survivor regions: 1->1(28)
[2023-11-10T11:30:25.391-0800][75429023ms] GC(20718) Old regions: 1396->1396
[2023-11-10T11:30:25.391-0800][75429023ms] GC(20718) Humongous regions: 5->5
[2023-11-10T11:30:25.391-0800][75429023ms] GC(20718) Metaspace: 304797K->304797K(1347584K)
[2023-11-10T11:30:25.391-0800][75429023ms] GC(20718) Pause Young (Normal) (G1 Evacuation Pause) 3236M->2802M(3602M) 5.105ms
[2023-11-10T11:30:25.391-0800][75429023ms] GC(20718) User=0.00s Sys=0.00s Real=0.01s
[2023-11-10T11:30:25.962-0800][75429594ms] GC(20719) Pause Young (Normal) (G1 Evacuation Pause)
[2023-11-10T11:30:25.963-0800][75429595ms] GC(20719) Using 10 workers of 10 for evacuation
[2023-11-10T11:30:25.967-0800][75429599ms] GC(20719)   Pre Evacuate Collection Set: 0.0ms
[2023-11-10T11:30:25.968-0800][75429600ms] GC(20719)   Evacuate Collection Set: 1.7ms
[2023-11-10T11:30:25.968-0800][75429600ms] GC(20719)   Post Evacuate Collection Set: 3.0ms
[2023-11-10T11:30:25.968-0800][75429600ms] GC(20719)   Other: 0.3ms
[2023-11-10T11:30:25.968-0800][75429600ms] GC(20719) Eden regions: 217->0(217)
[2023-11-10T11:30:25.968-0800][75429600ms] GC(20719) Survivor regions: 1->1(28)
[2023-11-10T11:30:25.968-0800][75429600ms] GC(20719) Old regions: 1396->1396
[2023-11-10T11:30:25.968-0800][75429600ms] GC(20719) Humongous regions: 5->5
[2023-11-10T11:30:25.968-0800][75429600ms] GC(20719) Metaspace: 304797K->304797K(1347584K)
[2023-11-10T11:30:25.968-0800][75429600ms] GC(20719) Pause Young (Normal) (G1 Evacuation Pause) 3236M->2802M(3602M) 5.185ms
[2023-11-10T11:30:25.968-0800][75429600ms] GC(20719) User=0.00s Sys=0.00s Real=0.01s
[2023-11-10T11:30:26.491-0800][75430123ms] GC(20720) Pause Young (Normal) (G1 Evacuation Pause)
[2023-11-10T11:30:26.491-0800][75430123ms] GC(20720) Using 10 workers of 10 for evacuation
[2023-11-10T11:30:26.496-0800][75430128ms] GC(20720)   Pre Evacuate Collection Set: 0.0ms
[2023-11-10T11:30:26.496-0800][75430128ms] GC(20720)   Evacuate Collection Set: 1.7ms
[2023-11-10T11:30:26.497-0800][75430129ms] GC(20720)   Post Evacuate Collection Set: 3.0ms
[2023-11-10T11:30:26.497-0800][75430129ms] GC(20720)   Other: 0.2ms
[2023-11-10T11:30:26.497-0800][75430129ms] GC(20720) Eden regions: 217->0(217)
[2023-11-10T11:30:26.497-0800][75430129ms] GC(20720) Survivor regions: 1->1(28)
[2023-11-10T11:30:26.497-0800][75430129ms] GC(20720) Old regions: 1396->1396
[2023-11-10T11:30:26.497-0800][75430129ms] GC(20720) Humongous regions: 5->5
[2023-11-10T11:30:26.497-0800][75430129ms] GC(20720) Metaspace: 304797K->304797K(1347584K)
[2023-11-10T11:30:26.497-0800][75430129ms] GC(20720) Pause Young (Normal) (G1 Evacuation Pause) 3236M->2802M(3602M) 5.142ms
[2023-11-10T11:30:26.497-0800][75430129ms] GC(20720) User=0.00s Sys=0.00s Real=0.01s
[2023-11-10T11:30:26.990-0800][75430622ms] GC(20721) Pause Young (Normal) (G1 Evacuation Pause)
[2023-11-10T11:30:26.990-0800][75430622ms] GC(20721) Using 10 workers of 10 for evacuation
[2023-11-10T11:30:26.995-0800][75430627ms] GC(20721)   Pre Evacuate Collection Set: 0.0ms
[2023-11-10T11:30:26.995-0800][75430627ms] GC(20721)   Evacuate Collection Set: 1.7ms
[2023-11-10T11:30:26.995-0800][75430627ms] GC(20721)   Post Evacuate Collection Set: 3.1ms
[2023-11-10T11:30:26.995-0800][75430627ms] GC(20721)   Other: 0.3ms
[2023-11-10T11:30:26.995-0800][75430627ms] GC(20721) Eden regions: 217->0(217)
[2023-11-10T11:30:26.995-0800][75430627ms] GC(20721) Survivor regions: 1->1(28)
[2023-11-10T11:30:26.995-0800][75430627ms] GC(20721) Old regions: 1396->1396
[2023-11-10T11:30:26.995-0800][75430627ms] GC(20721) Humongous regions: 5->5
[2023-11-10T11:30:26.995-0800][75430627ms] GC(20721) Metaspace: 304797K->304797K(1347584K)
[2023-11-10T11:30:26.995-0800][75430627ms] GC(20721) Pause Young (Normal) (G1 Evacuation Pause) 3236M->2802M(3602M) 5.128ms
[2023-11-10T11:30:26.995-0800][75430627ms] GC(20721) User=0.11s Sys=0.00s Real=0.00s
[2023-11-10T11:30:27.493-0800][75431125ms] GC(20722) Pause Young (Normal) (GCLocker Initiated GC)
[2023-11-10T11:30:27.493-0800][75431125ms] GC(20722) Using 10 workers of 10 for evacuation
[2023-11-10T11:30:27.501-0800][75431133ms] GC(20722)   Pre Evacuate Collection Set: 0.1ms
[2023-11-10T11:30:27.501-0800][75431133ms] GC(20722)   Evacuate Collection Set: 2.0ms
[2023-11-10T11:30:27.501-0800][75431133ms] GC(20722)   Post Evacuate Collection Set: 4.9ms
[2023-11-10T11:30:27.501-0800][75431133ms] GC(20722)   Other: 0.3ms
[2023-11-10T11:30:27.501-0800][75431133ms] GC(20722) Eden regions: 217->0(217)
[2023-11-10T11:30:27.501-0800][75431133ms] GC(20722) Survivor regions: 1->1(28)
[2023-11-10T11:30:27.501-0800][75431133ms] GC(20722) Old regions: 1396->1396
[2023-11-10T11:30:27.501-0800][75431133ms] GC(20722) Humongous regions: 5->5
[2023-11-10T11:30:27.501-0800][75431133ms] GC(20722) Metaspace: 304797K->304797K(1347584K)
[2023-11-10T11:30:27.501-0800][75431133ms] GC(20722) Pause Young (Normal) (GCLocker Initiated GC) 3236M->2802M(3602M) 7.437ms
[2023-11-10T11:30:27.501-0800][75431133ms] GC(20722) User=0.00s Sys=0.00s Real=0.01s
[2023-11-10T11:30:28.054-0800][75431686ms] GC(20723) Pause Young (Normal) (GCLocker Initiated GC)
[2023-11-10T11:30:28.054-0800][75431686ms] GC(20723) Using 10 workers of 10 for evacuation
[2023-11-10T11:30:28.061-0800][75431693ms] GC(20723)   Pre Evacuate Collection Set: 0.0ms
[2023-11-10T11:30:28.061-0800][75431693ms] GC(20723)   Evacuate Collection Set: 1.8ms
[2023-11-10T11:30:28.061-0800][75431693ms] GC(20723)   Post Evacuate Collection Set: 3.9ms
[2023-11-10T11:30:28.061-0800][75431693ms] GC(20723)   Other: 0.3ms
[2023-11-10T11:30:28.061-0800][75431693ms] GC(20723) Eden regions: 217->0(216)
[2023-11-10T11:30:28.061-0800][75431693ms] GC(20723) Survivor regions: 1->1(28)
[2023-11-10T11:30:28.061-0800][75431693ms] GC(20723) Old regions: 1396->1397
[2023-11-10T11:30:28.061-0800][75431693ms] GC(20723) Humongous regions: 5->5
[2023-11-10T11:30:28.061-0800][75431693ms] GC(20723) Metaspace: 304797K->304797K(1347584K)
[2023-11-10T11:30:28.061-0800][75431693ms] GC(20723) Pause Young (Normal) (GCLocker Initiated GC) 3236M->2802M(3602M) 6.181ms
[2023-11-10T11:30:28.061-0800][75431693ms] GC(20723) User=0.00s Sys=0.00s Real=0.01s
[2023-11-10T11:30:28.620-0800][75432252ms] GC(20724) Pause Young (Normal) (GCLocker Initiated GC)
[2023-11-10T11:30:28.620-0800][75432252ms] GC(20724) Using 10 workers of 10 for evacuation
[2023-11-10T11:30:28.629-0800][75432261ms] GC(20724)   Pre Evacuate Collection Set: 0.1ms
[2023-11-10T11:30:28.629-0800][75432261ms] GC(20724)   Evacuate Collection Set: 2.8ms
[2023-11-10T11:30:28.629-0800][75432261ms] GC(20724)   Post Evacuate Collection Set: 5.2ms
[2023-11-10T11:30:28.629-0800][75432261ms] GC(20724)   Other: 0.5ms
[2023-11-10T11:30:28.629-0800][75432261ms] GC(20724) Eden regions: 216->0(216)
[2023-11-10T11:30:28.629-0800][75432261ms] GC(20724) Survivor regions: 1->1(28)
[2023-11-10T11:30:28.629-0800][75432261ms] GC(20724) Old regions: 1397->1397
[2023-11-10T11:30:28.629-0800][75432261ms] GC(20724) Humongous regions: 5->5
[2023-11-10T11:30:28.629-0800][75432261ms] GC(20724) Metaspace: 304797K->304797K(1347584K)
[2023-11-10T11:30:28.629-0800][75432261ms] GC(20724) Pause Young (Normal) (GCLocker Initiated GC) 3234M->2802M(3602M) 8.716ms
[2023-11-10T11:30:28.629-0800][75432261ms] GC(20724) User=0.00s Sys=0.00s Real=0.01s
[2023-11-10T11:30:29.192-0800][75432824ms] GC(20725) Pause Young (Normal) (GCLocker Initiated GC)
[2023-11-10T11:30:29.192-0800][75432824ms] GC(20725) Using 10 workers of 10 for evacuation
[2023-11-10T11:30:29.197-0800][75432829ms] GC(20725)   Pre Evacuate Collection Set: 0.0ms
[2023-11-10T11:30:29.197-0800][75432829ms] GC(20725)   Evacuate Collection Set: 1.7ms
[2023-11-10T11:30:29.197-0800][75432829ms] GC(20725)   Post Evacuate Collection Set: 3.9ms
[2023-11-10T11:30:29.197-0800][75432829ms] GC(20725)   Other: 0.4ms
[2023-11-10T11:30:29.197-0800][75432829ms] GC(20725) Eden regions: 217->0(216)
[2023-11-10T11:30:29.198-0800][75432830ms] GC(20725) Survivor regions: 1->1(28)
[2023-11-10T11:30:29.198-0800][75432830ms] GC(20725) Old regions: 1397->1397
[2023-11-10T11:30:29.198-0800][75432830ms] GC(20725) Humongous regions: 5->5
[2023-11-10T11:30:29.198-0800][75432830ms] GC(20725) Metaspace: 304797K->304797K(1347584K)
[2023-11-10T11:30:29.198-0800][75432830ms] GC(20725) Pause Young (Normal) (GCLocker Initiated GC) 3235M->2802M(3602M) 6.209ms
[2023-11-10T11:30:29.198-0800][75432830ms] GC(20725) User=0.02s Sys=0.00s Real=0.01s
[2023-11-10T11:30:29.776-0800][75433408ms] GC(20726) Pause Young (Normal) (G1 Evacuation Pause)
[2023-11-10T11:30:29.776-0800][75433408ms] GC(20726) Using 10 workers of 10 for evacuation
[2023-11-10T11:30:29.781-0800][75433413ms] GC(20726)   Pre Evacuate Collection Set: 0.1ms
[2023-11-10T11:30:29.782-0800][75433414ms] GC(20726)   Evacuate Collection Set: 2.0ms
[2023-11-10T11:30:29.782-0800][75433414ms] GC(20726)   Post Evacuate Collection Set: 3.5ms
[2023-11-10T11:30:29.782-0800][75433414ms] GC(20726)   Other: 0.3ms
[2023-11-10T11:30:29.782-0800][75433414ms] GC(20726) Eden regions: 216->0(216)
[2023-11-10T11:30:29.782-0800][75433414ms] GC(20726) Survivor regions: 1->1(28)
[2023-11-10T11:30:29.782-0800][75433414ms] GC(20726) Old regions: 1397->1397
[2023-11-10T11:30:29.782-0800][75433414ms] GC(20726) Humongous regions: 5->5
[2023-11-10T11:30:29.782-0800][75433414ms] GC(20726) Metaspace: 304797K->304797K(1347584K)
[2023-11-10T11:30:29.782-0800][75433414ms] GC(20726) Pause Young (Normal) (G1 Evacuation Pause) 3234M->2802M(3602M) 5.995ms
[2023-11-10T11:30:29.782-0800][75433414ms] GC(20726) User=0.00s Sys=0.00s Real=0.01s
[2023-11-10T11:30:30.348-0800][75433980ms] GC(20727) Pause Young (Normal) (G1 Evacuation Pause)
[2023-11-10T11:30:30.348-0800][75433980ms] GC(20727) Using 10 workers of 10 for evacuation
[2023-11-10T11:30:30.355-0800][75433987ms] GC(20727)   Pre Evacuate Collection Set: 0.1ms
[2023-11-10T11:30:30.355-0800][75433987ms] GC(20727)   Evacuate Collection Set: 2.6ms
[2023-11-10T11:30:30.355-0800][75433987ms] GC(20727)   Post Evacuate Collection Set: 3.9ms
[2023-11-10T11:30:30.355-0800][75433987ms] GC(20727)   Other: 0.5ms
[2023-11-10T11:30:30.355-0800][75433987ms] GC(20727) Eden regions: 216->0(216)
[2023-11-10T11:30:30.355-0800][75433987ms] GC(20727) Survivor regions: 1->1(28)
[2023-11-10T11:30:30.355-0800][75433987ms] GC(20727) Old regions: 1397->1397
[2023-11-10T11:30:30.355-0800][75433987ms] GC(20727) Humongous regions: 5->5
[2023-11-10T11:30:30.355-0800][75433987ms] GC(20727) Metaspace: 304797K->304797K(1347584K)
[2023-11-10T11:30:30.355-0800][75433987ms] GC(20727) Pause Young (Normal) (G1 Evacuation Pause) 3234M->2802M(3602M) 7.192ms
[2023-11-10T11:30:30.355-0800][75433987ms] GC(20727) User=0.02s Sys=0.00s Real=0.01s
[2023-11-10T11:30:30.894-0800][75434526ms] GC(20728) Pause Young (Normal) (G1 Evacuation Pause)
[2023-11-10T11:30:30.894-0800][75434526ms] GC(20728) Using 10 workers of 10 for evacuation
[2023-11-10T11:30:30.901-0800][75434533ms] GC(20728)   Pre Evacuate Collection Set: 0.1ms
[2023-11-10T11:30:30.901-0800][75434533ms] GC(20728)   Evacuate Collection Set: 2.6ms
[2023-11-10T11:30:30.901-0800][75434533ms] GC(20728)   Post Evacuate Collection Set: 3.8ms
[2023-11-10T11:30:30.901-0800][75434533ms] GC(20728)   Other: 0.4ms
[2023-11-10T11:30:30.901-0800][75434533ms] GC(20728) Eden regions: 216->0(216)
[2023-11-10T11:30:30.901-0800][75434533ms] GC(20728) Survivor regions: 1->1(28)
[2023-11-10T11:30:30.901-0800][75434533ms] GC(20728) Old regions: 1397->1397
[2023-11-10T11:30:30.901-0800][75434533ms] GC(20728) Humongous regions: 5->5
[2023-11-10T11:30:30.901-0800][75434533ms] GC(20728) Metaspace: 304797K->304797K(1347584K)
[2023-11-10T11:30:30.901-0800][75434533ms] GC(20728) Pause Young (Normal) (G1 Evacuation Pause) 3234M->2802M(3602M) 6.997ms
[2023-11-10T11:30:30.901-0800][75434533ms] GC(20728) User=0.02s Sys=0.00s Real=0.01s
[2023-11-10T11:30:31.443-0800][75435075ms] GC(20729) Pause Young (Normal) (G1 Evacuation Pause)
[2023-11-10T11:30:31.443-0800][75435075ms] GC(20729) Using 10 workers of 10 for evacuation
[2023-11-10T11:30:31.449-0800][75435081ms] GC(20729)   Pre Evacuate Collection Set: 0.1ms
[2023-11-10T11:30:31.449-0800][75435081ms] GC(20729)   Evacuate Collection Set: 2.1ms
[2023-11-10T11:30:31.449-0800][75435081ms] GC(20729)   Post Evacuate Collection Set: 3.2ms
[2023-11-10T11:30:31.449-0800][75435081ms] GC(20729)   Other: 0.4ms
[2023-11-10T11:30:31.449-0800][75435081ms] GC(20729) Eden regions: 216->0(216)
[2023-11-10T11:30:31.449-0800][75435081ms] GC(20729) Survivor regions: 1->1(28)
[2023-11-10T11:30:31.449-0800][75435081ms] GC(20729) Old regions: 1397->1397
[2023-11-10T11:30:31.449-0800][75435081ms] GC(20729) Humongous regions: 5->5
[2023-11-10T11:30:31.449-0800][75435081ms] GC(20729) Metaspace: 304797K->304797K(1347584K)
[2023-11-10T11:30:31.449-0800][75435081ms] GC(20729) Pause Young (Normal) (G1 Evacuation Pause) 3234M->2802M(3602M) 5.864ms
[2023-11-10T11:30:31.449-0800][75435081ms] GC(20729) User=0.08s Sys=0.00s Real=0.01s
[2023-11-10T11:30:32.024-0800][75435656ms] GC(20730) Pause Young (Normal) (G1 Evacuation Pause)
[2023-11-10T11:30:32.024-0800][75435656ms] GC(20730) Using 10 workers of 10 for evacuation
[2023-11-10T11:30:32.032-0800][75435664ms] GC(20730)   Pre Evacuate Collection Set: 0.1ms
[2023-11-10T11:30:32.032-0800][75435664ms] GC(20730)   Evacuate Collection Set: 2.4ms
[2023-11-10T11:30:32.032-0800][75435664ms] GC(20730)   Post Evacuate Collection Set: 5.9ms
[2023-11-10T11:30:32.032-0800][75435664ms] GC(20730)   Other: 0.6ms
[2023-11-10T11:30:32.032-0800][75435664ms] GC(20730) Eden regions: 216->0(216)
[2023-11-10T11:30:32.032-0800][75435664ms] GC(20730) Survivor regions: 1->1(28)
[2023-11-10T11:30:32.032-0800][75435664ms] GC(20730) Old regions: 1397->1397
[2023-11-10T11:30:32.032-0800][75435664ms] GC(20730) Humongous regions: 5->5
[2023-11-10T11:30:32.032-0800][75435664ms] GC(20730) Metaspace: 304797K->304797K(1347584K)
[2023-11-10T11:30:32.032-0800][75435664ms] GC(20730) Pause Young (Normal) (G1 Evacuation Pause) 3234M->2802M(3602M) 9.193ms
[2023-11-10T11:30:32.032-0800][75435664ms] GC(20730) User=0.00s Sys=0.00s Real=0.01s
[2023-11-10T11:30:32.585-0800][75436217ms] GC(20731) Pause Young (Normal) (G1 Evacuation Pause)
[2023-11-10T11:30:32.587-0800][75436219ms] GC(20731) Using 10 workers of 10 for evacuation
[2023-11-10T11:30:32.591-0800][75436223ms] GC(20731)   Pre Evacuate Collection Set: 0.0ms
[2023-11-10T11:30:32.591-0800][75436223ms] GC(20731)   Evacuate Collection Set: 1.7ms
[2023-11-10T11:30:32.591-0800][75436223ms] GC(20731)   Post Evacuate Collection Set: 3.0ms
[2023-11-10T11:30:32.591-0800][75436223ms] GC(20731)   Other: 0.3ms
[2023-11-10T11:30:32.591-0800][75436223ms] GC(20731) Eden regions: 216->0(215)
[2023-11-10T11:30:32.591-0800][75436223ms] GC(20731) Survivor regions: 1->1(28)
[2023-11-10T11:30:32.591-0800][75436223ms] GC(20731) Old regions: 1397->1397
[2023-11-10T11:30:32.591-0800][75436223ms] GC(20731) Humongous regions: 5->5
[2023-11-10T11:30:32.591-0800][75436223ms] GC(20731) Metaspace: 304797K->304797K(1347584K)
[2023-11-10T11:30:32.591-0800][75436223ms] GC(20731) Pause Young (Normal) (G1 Evacuation Pause) 3234M->2803M(3602M) 5.096ms
[2023-11-10T11:30:32.592-0800][75436224ms] GC(20731) User=0.00s Sys=0.00s Real=0.01s
[2023-11-10T11:30:33.082-0800][75436714ms] GC(20732) Pause Young (Normal) (G1 Evacuation Pause)
[2023-11-10T11:30:33.082-0800][75436714ms] GC(20732) Using 10 workers of 10 for evacuation
[2023-11-10T11:30:33.087-0800][75436719ms] GC(20732)   Pre Evacuate Collection Set: 0.0ms
[2023-11-10T11:30:33.087-0800][75436719ms] GC(20732)   Evacuate Collection Set: 1.8ms
[2023-11-10T11:30:33.087-0800][75436719ms] GC(20732)   Post Evacuate Collection Set: 3.0ms
[2023-11-10T11:30:33.087-0800][75436719ms] GC(20732)   Other: 0.2ms
[2023-11-10T11:30:33.087-0800][75436719ms] GC(20732) Eden regions: 215->0(215)
[2023-11-10T11:30:33.087-0800][75436719ms] GC(20732) Survivor regions: 1->1(27)
[2023-11-10T11:30:33.087-0800][75436719ms] GC(20732) Old regions: 1397->1397
[2023-11-10T11:30:33.087-0800][75436719ms] GC(20732) Humongous regions: 5->5
[2023-11-10T11:30:33.087-0800][75436719ms] GC(20732) Metaspace: 304797K->304797K(1347584K)
[2023-11-10T11:30:33.087-0800][75436719ms] GC(20732) Pause Young (Normal) (G1 Evacuation Pause) 3233M->2802M(3602M) 5.190ms
[2023-11-10T11:30:33.087-0800][75436719ms] GC(20732) User=0.00s Sys=0.00s Real=0.00s
[2023-11-10T11:30:33.592-0800][75437224ms] GC(20733) Pause Young (Normal) (G1 Evacuation Pause)
[2023-11-10T11:30:33.592-0800][75437224ms] GC(20733) Using 10 workers of 10 for evacuation
[2023-11-10T11:30:33.597-0800][75437229ms] GC(20733)   Pre Evacuate Collection Set: 0.1ms
[2023-11-10T11:30:33.597-0800][75437229ms] GC(20733)   Evacuate Collection Set: 1.9ms
[2023-11-10T11:30:33.597-0800][75437229ms] GC(20733)   Post Evacuate Collection Set: 3.8ms
[2023-11-10T11:30:33.597-0800][75437229ms] GC(20733)   Other: 0.3ms
[2023-11-10T11:30:33.597-0800][75437229ms] GC(20733) Eden regions: 215->0(215)
[2023-11-10T11:30:33.597-0800][75437229ms] GC(20733) Survivor regions: 1->1(27)
[2023-11-10T11:30:33.597-0800][75437229ms] GC(20733) Old regions: 1397->1397
[2023-11-10T11:30:33.597-0800][75437229ms] GC(20733) Humongous regions: 5->5
[2023-11-10T11:30:33.597-0800][75437229ms] GC(20733) Metaspace: 304797K->304797K(1347584K)
[2023-11-10T11:30:33.597-0800][75437229ms] GC(20733) Pause Young (Normal) (G1 Evacuation Pause) 3232M->2802M(3602M) 6.137ms
[2023-11-10T11:30:33.597-0800][75437229ms] GC(20733) User=0.00s Sys=0.00s Real=0.00s
[2023-11-10T11:30:34.096-0800][75437728ms] GC(20734) Pause Young (Normal) (G1 Evacuation Pause)
[2023-11-10T11:30:34.096-0800][75437728ms] GC(20734) Using 10 workers of 10 for evacuation
[2023-11-10T11:30:34.102-0800][75437734ms] GC(20734)   Pre Evacuate Collection Set: 0.0ms
[2023-11-10T11:30:34.102-0800][75437734ms] GC(20734)   Evacuate Collection Set: 1.8ms
[2023-11-10T11:30:34.102-0800][75437734ms] GC(20734)   Post Evacuate Collection Set: 4.3ms
[2023-11-10T11:30:34.102-0800][75437734ms] GC(20734)   Other: 0.3ms
[2023-11-10T11:30:34.102-0800][75437734ms] GC(20734) Eden regions: 215->0(215)
[2023-11-10T11:30:34.102-0800][75437734ms] GC(20734) Survivor regions: 1->1(27)
[2023-11-10T11:30:34.102-0800][75437734ms] GC(20734) Old regions: 1397->1397
[2023-11-10T11:30:34.102-0800][75437734ms] GC(20734) Humongous regions: 5->5
[2023-11-10T11:30:34.102-0800][75437734ms] GC(20734) Metaspace: 304797K->304797K(1347584K)
[2023-11-10T11:30:34.102-0800][75437734ms] GC(20734) Pause Young (Normal) (G1 Evacuation Pause) 3232M->2802M(3602M) 6.480ms
[2023-11-10T11:30:34.102-0800][75437734ms] GC(20734) User=0.00s Sys=0.00s Real=0.01s
[2023-11-10T11:30:34.630-0800][75438262ms] GC(20735) Pause Young (Normal) (G1 Evacuation Pause)
[2023-11-10T11:30:34.630-0800][75438262ms] GC(20735) Using 10 workers of 10 for evacuation
[2023-11-10T11:30:34.635-0800][75438267ms] GC(20735)   Pre Evacuate Collection Set: 0.0ms
[2023-11-10T11:30:34.635-0800][75438267ms] GC(20735)   Evacuate Collection Set: 1.7ms
[2023-11-10T11:30:34.635-0800][75438267ms] GC(20735)   Post Evacuate Collection Set: 3.6ms
[2023-11-10T11:30:34.635-0800][75438267ms] GC(20735)   Other: 0.3ms
[2023-11-10T11:30:34.635-0800][75438267ms] GC(20735) Eden regions: 215->0(215)
[2023-11-10T11:30:34.635-0800][75438267ms] GC(20735) Survivor regions: 1->1(27)
[2023-11-10T11:30:34.635-0800][75438267ms] GC(20735) Old regions: 1397->1397
[2023-11-10T11:30:34.635-0800][75438267ms] GC(20735) Humongous regions: 5->5
[2023-11-10T11:30:34.635-0800][75438267ms] GC(20735) Metaspace: 304797K->304797K(1347584K)
[2023-11-10T11:30:34.635-0800][75438267ms] GC(20735) Pause Young (Normal) (G1 Evacuation Pause) 3232M->2802M(3602M) 5.716ms
[2023-11-10T11:30:34.635-0800][75438267ms] GC(20735) User=0.00s Sys=0.00s Real=0.00s
[2023-11-10T11:30:35.139-0800][75438771ms] GC(20736) Pause Young (Normal) (G1 Evacuation Pause)
[2023-11-10T11:30:35.139-0800][75438771ms] GC(20736) Using 10 workers of 10 for evacuation
[2023-11-10T11:30:35.144-0800][75438776ms] GC(20736)   Pre Evacuate Collection Set: 0.0ms
[2023-11-10T11:30:35.144-0800][75438776ms] GC(20736)   Evacuate Collection Set: 1.7ms
[2023-11-10T11:30:35.144-0800][75438776ms] GC(20736)   Post Evacuate Collection Set: 3.1ms
[2023-11-10T11:30:35.144-0800][75438776ms] GC(20736)   Other: 0.2ms
[2023-11-10T11:30:35.144-0800][75438776ms] GC(20736) Eden regions: 215->0(215)
[2023-11-10T11:30:35.144-0800][75438776ms] GC(20736) Survivor regions: 1->1(27)
[2023-11-10T11:30:35.144-0800][75438776ms] GC(20736) Old regions: 1397->1397
[2023-11-10T11:30:35.144-0800][75438776ms] GC(20736) Humongous regions: 5->5
[2023-11-10T11:30:35.144-0800][75438776ms] GC(20736) Metaspace: 304797K->304797K(1347584K)
[2023-11-10T11:30:35.144-0800][75438776ms] GC(20736) Pause Young (Normal) (G1 Evacuation Pause) 3232M->2802M(3602M) 5.140ms
[2023-11-10T11:30:35.144-0800][75438776ms] GC(20736) User=0.00s Sys=0.00s Real=0.01s
[2023-11-10T11:30:35.664-0800][75439296ms] GC(20737) Pause Young (Normal) (G1 Evacuation Pause)
[2023-11-10T11:30:35.664-0800][75439296ms] GC(20737) Using 10 workers of 10 for evacuation
[2023-11-10T11:30:35.669-0800][75439301ms] GC(20737)   Pre Evacuate Collection Set: 0.0ms
[2023-11-10T11:30:35.669-0800][75439301ms] GC(20737)   Evacuate Collection Set: 1.7ms
[2023-11-10T11:30:35.669-0800][75439301ms] GC(20737)   Post Evacuate Collection Set: 3.4ms
[2023-11-10T11:30:35.669-0800][75439301ms] GC(20737)   Other: 0.3ms
[2023-11-10T11:30:35.669-0800][75439301ms] GC(20737) Eden regions: 215->0(215)
[2023-11-10T11:30:35.669-0800][75439301ms] GC(20737) Survivor regions: 1->1(27)
[2023-11-10T11:30:35.669-0800][75439301ms] GC(20737) Old regions: 1397->1397
[2023-11-10T11:30:35.669-0800][75439301ms] GC(20737) Humongous regions: 5->5
[2023-11-10T11:30:35.669-0800][75439301ms] GC(20737) Metaspace: 304797K->304797K(1347584K)
[2023-11-10T11:30:35.669-0800][75439301ms] GC(20737) Pause Young (Normal) (G1 Evacuation Pause) 3232M->2802M(3602M) 5.463ms
[2023-11-10T11:30:35.669-0800][75439301ms] GC(20737) User=0.00s Sys=0.00s Real=0.00s
[2023-11-10T11:30:36.176-0800][75439808ms] GC(20738) Pause Young (Normal) (G1 Evacuation Pause)
[2023-11-10T11:30:36.176-0800][75439808ms] GC(20738) Using 10 workers of 10 for evacuation
[2023-11-10T11:30:36.181-0800][75439813ms] GC(20738)   Pre Evacuate Collection Set: 0.0ms
[2023-11-10T11:30:36.182-0800][75439814ms] GC(20738)   Evacuate Collection Set: 1.7ms
[2023-11-10T11:30:36.182-0800][75439814ms] GC(20738)   Post Evacuate Collection Set: 3.3ms
[2023-11-10T11:30:36.182-0800][75439814ms] GC(20738)   Other: 0.3ms
[2023-11-10T11:30:36.182-0800][75439814ms] GC(20738) Eden regions: 215->0(215)
[2023-11-10T11:30:36.182-0800][75439814ms] GC(20738) Survivor regions: 1->1(27)
[2023-11-10T11:30:36.182-0800][75439814ms] GC(20738) Old regions: 1397->1397
[2023-11-10T11:30:36.182-0800][75439814ms] GC(20738) Humongous regions: 5->5
[2023-11-10T11:30:36.182-0800][75439814ms] GC(20738) Metaspace: 304797K->304797K(1347584K)
[2023-11-10T11:30:36.182-0800][75439814ms] GC(20738) Pause Young (Normal) (G1 Evacuation Pause) 3232M->2802M(3602M) 5.448ms
[2023-11-10T11:30:36.182-0800][75439814ms] GC(20738) User=0.02s Sys=0.00s Real=0.01s
[2023-11-10T11:30:36.721-0800][75440353ms] GC(20739) Pause Young (Normal) (G1 Evacuation Pause)
[2023-11-10T11:30:36.721-0800][75440353ms] GC(20739) Using 10 workers of 10 for evacuation
[2023-11-10T11:30:36.726-0800][75440358ms] GC(20739)   Pre Evacuate Collection Set: 0.0ms
[2023-11-10T11:30:36.726-0800][75440358ms] GC(20739)   Evacuate Collection Set: 1.7ms
[2023-11-10T11:30:36.726-0800][75440358ms] GC(20739)   Post Evacuate Collection Set: 3.2ms
[2023-11-10T11:30:36.726-0800][75440358ms] GC(20739)   Other: 0.3ms
[2023-11-10T11:30:36.726-0800][75440358ms] GC(20739) Eden regions: 215->0(215)
[2023-11-10T11:30:36.726-0800][75440358ms] GC(20739) Survivor regions: 1->1(27)
[2023-11-10T11:30:36.726-0800][75440358ms] GC(20739) Old regions: 1397->1397
[2023-11-10T11:30:36.726-0800][75440358ms] GC(20739) Humongous regions: 5->5
[2023-11-10T11:30:36.726-0800][75440358ms] GC(20739) Metaspace: 304797K->304797K(1347584K)
[2023-11-10T11:30:36.726-0800][75440358ms] GC(20739) Pause Young (Normal) (G1 Evacuation Pause) 3232M->2802M(3602M) 5.286ms
[2023-11-10T11:30:36.726-0800][75440358ms] GC(20739) User=0.02s Sys=0.00s Real=0.01s
[2023-11-10T11:30:37.209-0800][75440841ms] GC(20740) Pause Young (Normal) (G1 Evacuation Pause)
[2023-11-10T11:30:37.209-0800][75440841ms] GC(20740) Using 10 workers of 10 for evacuation
[2023-11-10T11:30:37.215-0800][75440847ms] GC(20740)   Pre Evacuate Collection Set: 0.0ms
[2023-11-10T11:30:37.215-0800][75440847ms] GC(20740)   Evacuate Collection Set: 1.8ms
[2023-11-10T11:30:37.215-0800][75440847ms] GC(20740)   Post Evacuate Collection Set: 4.0ms
[2023-11-10T11:30:37.215-0800][75440847ms] GC(20740)   Other: 0.3ms
[2023-11-10T11:30:37.215-0800][75440847ms] GC(20740) Eden regions: 215->0(215)
[2023-11-10T11:30:37.215-0800][75440847ms] GC(20740) Survivor regions: 1->1(27)
[2023-11-10T11:30:37.215-0800][75440847ms] GC(20740) Old regions: 1397->1397
[2023-11-10T11:30:37.215-0800][75440847ms] GC(20740) Humongous regions: 5->5
[2023-11-10T11:30:37.215-0800][75440847ms] GC(20740) Metaspace: 304797K->304797K(1347584K)
[2023-11-10T11:30:37.215-0800][75440847ms] GC(20740) Pause Young (Normal) (G1 Evacuation Pause) 3232M->2802M(3602M) 6.238ms
[2023-11-10T11:30:37.215-0800][75440847ms] GC(20740) User=0.06s Sys=0.00s Real=0.01s
[2023-11-10T11:30:37.773-0800][75441405ms] GC(20741) Pause Young (Normal) (G1 Evacuation Pause)
[2023-11-10T11:30:37.773-0800][75441405ms] GC(20741) Using 10 workers of 10 for evacuation
[2023-11-10T11:30:37.777-0800][75441409ms] GC(20741)   Pre Evacuate Collection Set: 0.0ms
[2023-11-10T11:30:37.777-0800][75441409ms] GC(20741)   Evacuate Collection Set: 1.9ms
[2023-11-10T11:30:37.777-0800][75441409ms] GC(20741)   Post Evacuate Collection Set: 3.0ms
[2023-11-10T11:30:37.777-0800][75441409ms] GC(20741)   Other: 0.3ms
[2023-11-10T11:30:37.777-0800][75441409ms] GC(20741) Eden regions: 215->0(215)
[2023-11-10T11:30:37.777-0800][75441409ms] GC(20741) Survivor regions: 1->1(27)
[2023-11-10T11:30:37.777-0800][75441409ms] GC(20741) Old regions: 1397->1397
[2023-11-10T11:30:37.777-0800][75441409ms] GC(20741) Humongous regions: 5->5
[2023-11-10T11:30:37.777-0800][75441409ms] GC(20741) Metaspace: 304797K->304797K(1347584K)
[2023-11-10T11:30:37.777-0800][75441409ms] GC(20741) Pause Young (Normal) (G1 Evacuation Pause) 3232M->2802M(3602M) 5.294ms
[2023-11-10T11:30:37.778-0800][75441410ms] GC(20741) User=0.00s Sys=0.00s Real=0.01s
[2023-11-10T11:30:38.322-0800][75441954ms] GC(20742) Pause Young (Normal) (G1 Evacuation Pause)
[2023-11-10T11:30:38.322-0800][75441954ms] GC(20742) Using 10 workers of 10 for evacuation
[2023-11-10T11:30:38.329-0800][75441962ms] GC(20742)   Pre Evacuate Collection Set: 0.1ms
[2023-11-10T11:30:38.330-0800][75441962ms] GC(20742)   Evacuate Collection Set: 2.4ms
[2023-11-10T11:30:38.330-0800][75441962ms] GC(20742)   Post Evacuate Collection Set: 4.7ms
[2023-11-10T11:30:38.330-0800][75441962ms] GC(20742)   Other: 0.4ms
[2023-11-10T11:30:38.330-0800][75441962ms] GC(20742) Eden regions: 215->0(215)
[2023-11-10T11:30:38.330-0800][75441962ms] GC(20742) Survivor regions: 1->1(27)
[2023-11-10T11:30:38.330-0800][75441962ms] GC(20742) Old regions: 1397->1397
[2023-11-10T11:30:38.330-0800][75441962ms] GC(20742) Humongous regions: 5->5
[2023-11-10T11:30:38.330-0800][75441962ms] GC(20742) Metaspace: 304797K->304797K(1347584K)
[2023-11-10T11:30:38.330-0800][75441962ms] GC(20742) Pause Young (Normal) (G1 Evacuation Pause) 3232M->2802M(3602M) 7.534ms
[2023-11-10T11:30:38.330-0800][75441962ms] GC(20742) User=0.00s Sys=0.00s Real=0.01s
[2023-11-10T11:30:38.879-0800][75442511ms] GC(20743) Pause Young (Normal) (G1 Evacuation Pause)
[2023-11-10T11:30:38.879-0800][75442511ms] GC(20743) Using 10 workers of 10 for evacuation
[2023-11-10T11:30:38.885-0800][75442517ms] GC(20743)   Pre Evacuate Collection Set: 0.0ms
[2023-11-10T11:30:38.885-0800][75442517ms] GC(20743)   Evacuate Collection Set: 2.0ms
[2023-11-10T11:30:38.885-0800][75442517ms] GC(20743)   Post Evacuate Collection Set: 3.9ms
[2023-11-10T11:30:38.885-0800][75442517ms] GC(20743)   Other: 0.3ms
[2023-11-10T11:30:38.885-0800][75442517ms] GC(20743) Eden regions: 215->0(215)
[2023-11-10T11:30:38.885-0800][75442517ms] GC(20743) Survivor regions: 1->1(27)
[2023-11-10T11:30:38.885-0800][75442517ms] GC(20743) Old regions: 1397->1397
[2023-11-10T11:30:38.885-0800][75442517ms] GC(20743) Humongous regions: 5->5
[2023-11-10T11:30:38.885-0800][75442517ms] GC(20743) Metaspace: 304797K->304797K(1347584K)
[2023-11-10T11:30:38.885-0800][75442517ms] GC(20743) Pause Young (Normal) (G1 Evacuation Pause) 3232M->2802M(3602M) 6.338ms
[2023-11-10T11:30:38.885-0800][75442517ms] GC(20743) User=0.02s Sys=0.00s Real=0.01s
[2023-11-10T11:30:39.483-0800][75443115ms] GC(20744) Pause Young (Normal) (G1 Evacuation Pause)
[2023-11-10T11:30:39.483-0800][75443115ms] GC(20744) Using 10 workers of 10 for evacuation
[2023-11-10T11:30:39.493-0800][75443125ms] GC(20744)   Pre Evacuate Collection Set: 0.0ms
[2023-11-10T11:30:39.493-0800][75443125ms] GC(20744)   Evacuate Collection Set: 5.8ms
[2023-11-10T11:30:39.493-0800][75443125ms] GC(20744)   Post Evacuate Collection Set: 3.5ms
[2023-11-10T11:30:39.493-0800][75443125ms] GC(20744)   Other: 0.3ms
[2023-11-10T11:30:39.493-0800][75443125ms] GC(20744) Eden regions: 215->0(215)
[2023-11-10T11:30:39.493-0800][75443125ms] GC(20744) Survivor regions: 1->1(27)
[2023-11-10T11:30:39.493-0800][75443125ms] GC(20744) Old regions: 1397->1397
[2023-11-10T11:30:39.493-0800][75443125ms] GC(20744) Humongous regions: 5->5
[2023-11-10T11:30:39.493-0800][75443125ms] GC(20744) Metaspace: 304797K->304797K(1347584K)
[2023-11-10T11:30:39.493-0800][75443125ms] GC(20744) Pause Young (Normal) (G1 Evacuation Pause) 3232M->2802M(3602M) 9.717ms
[2023-11-10T11:30:39.493-0800][75443125ms] GC(20744) User=0.00s Sys=0.00s Real=0.01s
[2023-11-10T11:30:40.008-0800][75443640ms] GC(20745) Pause Young (Normal) (G1 Evacuation Pause)
[2023-11-10T11:30:40.008-0800][75443640ms] GC(20745) Using 10 workers of 10 for evacuation
[2023-11-10T11:30:40.014-0800][75443646ms] GC(20745)   Pre Evacuate Collection Set: 0.0ms
[2023-11-10T11:30:40.014-0800][75443646ms] GC(20745)   Evacuate Collection Set: 2.6ms
[2023-11-10T11:30:40.014-0800][75443646ms] GC(20745)   Post Evacuate Collection Set: 3.6ms
[2023-11-10T11:30:40.014-0800][75443646ms] GC(20745)   Other: 0.3ms
[2023-11-10T11:30:40.014-0800][75443646ms] GC(20745) Eden regions: 215->0(215)
[2023-11-10T11:30:40.014-0800][75443646ms] GC(20745) Survivor regions: 1->1(27)
[2023-11-10T11:30:40.014-0800][75443646ms] GC(20745) Old regions: 1397->1397
[2023-11-10T11:30:40.014-0800][75443646ms] GC(20745) Humongous regions: 5->5
[2023-11-10T11:30:40.014-0800][75443646ms] GC(20745) Metaspace: 304797K->304797K(1347584K)
[2023-11-10T11:30:40.014-0800][75443646ms] GC(20745) Pause Young (Normal) (G1 Evacuation Pause) 3232M->2803M(3602M) 6.636ms
[2023-11-10T11:30:40.014-0800][75443646ms] GC(20745) User=0.00s Sys=0.00s Real=0.01s
[2023-11-10T11:30:40.518-0800][75444150ms] GC(20746) Pause Young (Normal) (G1 Evacuation Pause)
[2023-11-10T11:30:40.518-0800][75444150ms] GC(20746) Using 10 workers of 10 for evacuation
[2023-11-10T11:30:40.524-0800][75444156ms] GC(20746)   Pre Evacuate Collection Set: 0.1ms
[2023-11-10T11:30:40.524-0800][75444156ms] GC(20746)   Evacuate Collection Set: 2.1ms
[2023-11-10T11:30:40.524-0800][75444156ms] GC(20746)   Post Evacuate Collection Set: 3.3ms
[2023-11-10T11:30:40.524-0800][75444156ms] GC(20746)   Other: 0.3ms
[2023-11-10T11:30:40.524-0800][75444156ms] GC(20746) Eden regions: 215->0(215)
[2023-11-10T11:30:40.524-0800][75444156ms] GC(20746) Survivor regions: 1->1(27)
[2023-11-10T11:30:40.524-0800][75444156ms] GC(20746) Old regions: 1397->1397
[2023-11-10T11:30:40.524-0800][75444156ms] GC(20746) Humongous regions: 5->5
[2023-11-10T11:30:40.524-0800][75444156ms] GC(20746) Metaspace: 304797K->304797K(1347584K)
[2023-11-10T11:30:40.524-0800][75444156ms] GC(20746) Pause Young (Normal) (G1 Evacuation Pause) 3233M->2803M(3602M) 5.864ms
[2023-11-10T11:30:40.524-0800][75444156ms] GC(20746) User=0.02s Sys=0.00s Real=0.01s
[2023-11-10T11:30:41.117-0800][75444749ms] GC(20747) Pause Young (Normal) (G1 Evacuation Pause)
[2023-11-10T11:30:41.117-0800][75444749ms] GC(20747) Using 10 workers of 10 for evacuation
[2023-11-10T11:30:41.122-0800][75444754ms] GC(20747)   Pre Evacuate Collection Set: 0.0ms
[2023-11-10T11:30:41.122-0800][75444754ms] GC(20747)   Evacuate Collection Set: 1.7ms
[2023-11-10T11:30:41.122-0800][75444754ms] GC(20747)   Post Evacuate Collection Set: 3.1ms
[2023-11-10T11:30:41.122-0800][75444754ms] GC(20747)   Other: 0.3ms
[2023-11-10T11:30:41.122-0800][75444754ms] GC(20747) Eden regions: 215->0(215)
[2023-11-10T11:30:41.122-0800][75444754ms] GC(20747) Survivor regions: 1->1(27)
[2023-11-10T11:30:41.122-0800][75444754ms] GC(20747) Old regions: 1397->1397
[2023-11-10T11:30:41.122-0800][75444754ms] GC(20747) Humongous regions: 5->5
[2023-11-10T11:30:41.122-0800][75444754ms] GC(20747) Metaspace: 304797K->304797K(1347584K)
[2023-11-10T11:30:41.122-0800][75444754ms] GC(20747) Pause Young (Normal) (G1 Evacuation Pause) 3233M->2803M(3602M) 5.223ms
[2023-11-10T11:30:41.122-0800][75444754ms] GC(20747) User=0.00s Sys=0.00s Real=0.00s
[2023-11-10T11:30:41.585-0800][75445217ms] GC(20748) Pause Young (Normal) (G1 Evacuation Pause)
[2023-11-10T11:30:41.585-0800][75445217ms] GC(20748) Using 10 workers of 10 for evacuation
[2023-11-10T11:30:41.591-0800][75445223ms] GC(20748)   Pre Evacuate Collection Set: 0.0ms
[2023-11-10T11:30:41.591-0800][75445223ms] GC(20748)   Evacuate Collection Set: 1.9ms
[2023-11-10T11:30:41.591-0800][75445223ms] GC(20748)   Post Evacuate Collection Set: 3.6ms
[2023-11-10T11:30:41.591-0800][75445223ms] GC(20748)   Other: 0.3ms
[2023-11-10T11:30:41.591-0800][75445223ms] GC(20748) Eden regions: 215->0(215)
[2023-11-10T11:30:41.591-0800][75445223ms] GC(20748) Survivor regions: 1->1(27)
[2023-11-10T11:30:41.591-0800][75445223ms] GC(20748) Old regions: 1397->1397
[2023-11-10T11:30:41.591-0800][75445223ms] GC(20748) Humongous regions: 5->5
[2023-11-10T11:30:41.591-0800][75445223ms] GC(20748) Metaspace: 304797K->304797K(1347584K)
[2023-11-10T11:30:41.591-0800][75445223ms] GC(20748) Pause Young (Normal) (G1 Evacuation Pause) 3233M->2803M(3602M) 5.932ms
[2023-11-10T11:30:41.591-0800][75445223ms] GC(20748) User=0.00s Sys=0.00s Real=0.01s
[2023-11-10T11:30:42.113-0800][75445745ms] GC(20749) Pause Young (Normal) (G1 Evacuation Pause)
[2023-11-10T11:30:42.113-0800][75445745ms] GC(20749) Using 10 workers of 10 for evacuation
[2023-11-10T11:30:42.118-0800][75445750ms] GC(20749)   Pre Evacuate Collection Set: 0.0ms
[2023-11-10T11:30:42.118-0800][75445750ms] GC(20749)   Evacuate Collection Set: 1.8ms
[2023-11-10T11:30:42.119-0800][75445751ms] GC(20749)   Post Evacuate Collection Set: 3.1ms
[2023-11-10T11:30:42.119-0800][75445751ms] GC(20749)   Other: 0.3ms
[2023-11-10T11:30:42.119-0800][75445751ms] GC(20749) Eden regions: 215->0(215)
[2023-11-10T11:30:42.119-0800][75445751ms] GC(20749) Survivor regions: 1->1(27)
[2023-11-10T11:30:42.119-0800][75445751ms] GC(20749) Old regions: 1397->1397
[2023-11-10T11:30:42.119-0800][75445751ms] GC(20749) Humongous regions: 5->5
[2023-11-10T11:30:42.119-0800][75445751ms] GC(20749) Metaspace: 304797K->304797K(1347584K)
[2023-11-10T11:30:42.119-0800][75445751ms] GC(20749) Pause Young (Normal) (G1 Evacuation Pause) 3233M->2803M(3602M) 5.293ms
[2023-11-10T11:30:42.119-0800][75445751ms] GC(20749) User=0.00s Sys=0.00s Real=0.01s
[2023-11-10T11:30:42.621-0800][75446253ms] GC(20750) Pause Young (Normal) (G1 Evacuation Pause)
[2023-11-10T11:30:42.621-0800][75446253ms] GC(20750) Using 10 workers of 10 for evacuation
[2023-11-10T11:30:42.627-0800][75446259ms] GC(20750)   Pre Evacuate Collection Set: 0.0ms
[2023-11-10T11:30:42.627-0800][75446259ms] GC(20750)   Evacuate Collection Set: 1.9ms
[2023-11-10T11:30:42.627-0800][75446259ms] GC(20750)   Post Evacuate Collection Set: 3.6ms
[2023-11-10T11:30:42.627-0800][75446259ms] GC(20750)   Other: 0.3ms
[2023-11-10T11:30:42.627-0800][75446259ms] GC(20750) Eden regions: 215->0(215)
[2023-11-10T11:30:42.627-0800][75446259ms] GC(20750) Survivor regions: 1->1(27)
[2023-11-10T11:30:42.627-0800][75446259ms] GC(20750) Old regions: 1397->1397
[2023-11-10T11:30:42.627-0800][75446259ms] GC(20750) Humongous regions: 5->5
[2023-11-10T11:30:42.627-0800][75446259ms] GC(20750) Metaspace: 304797K->304797K(1347584K)
[2023-11-10T11:30:42.627-0800][75446259ms] GC(20750) Pause Young (Normal) (G1 Evacuation Pause) 3233M->2803M(3602M) 5.941ms
[2023-11-10T11:30:42.627-0800][75446259ms] GC(20750) User=0.00s Sys=0.00s Real=0.01s
[2023-11-10T11:30:43.168-0800][75446800ms] GC(20751) Pause Young (Normal) (G1 Evacuation Pause)
[2023-11-10T11:30:43.168-0800][75446800ms] GC(20751) Using 10 workers of 10 for evacuation
[2023-11-10T11:30:43.172-0800][75446804ms] GC(20751)   Pre Evacuate Collection Set: 0.0ms
[2023-11-10T11:30:43.172-0800][75446804ms] GC(20751)   Evacuate Collection Set: 1.7ms
[2023-11-10T11:30:43.172-0800][75446804ms] GC(20751)   Post Evacuate Collection Set: 3.1ms
[2023-11-10T11:30:43.172-0800][75446804ms] GC(20751)   Other: 0.3ms
[2023-11-10T11:30:43.172-0800][75446804ms] GC(20751) Eden regions: 215->0(215)
[2023-11-10T11:30:43.172-0800][75446804ms] GC(20751) Survivor regions: 1->1(27)
[2023-11-10T11:30:43.172-0800][75446804ms] GC(20751) Old regions: 1397->1397
[2023-11-10T11:30:43.172-0800][75446804ms] GC(20751) Humongous regions: 5->5
[2023-11-10T11:30:43.172-0800][75446804ms] GC(20751) Metaspace: 304797K->304797K(1347584K)
[2023-11-10T11:30:43.172-0800][75446804ms] GC(20751) Pause Young (Normal) (G1 Evacuation Pause) 3233M->2803M(3602M) 5.260ms
[2023-11-10T11:30:43.172-0800][75446804ms] GC(20751) User=0.00s Sys=0.00s Real=0.00s
[2023-11-10T11:30:43.695-0800][75447327ms] GC(20752) Pause Young (Normal) (G1 Evacuation Pause)
[2023-11-10T11:30:43.695-0800][75447327ms] GC(20752) Using 10 workers of 10 for evacuation
[2023-11-10T11:30:43.699-0800][75447331ms] GC(20752)   Pre Evacuate Collection Set: 0.0ms
[2023-11-10T11:30:43.699-0800][75447331ms] GC(20752)   Evacuate Collection Set: 1.6ms
[2023-11-10T11:30:43.699-0800][75447331ms] GC(20752)   Post Evacuate Collection Set: 3.2ms
[2023-11-10T11:30:43.699-0800][75447331ms] GC(20752)   Other: 0.2ms
[2023-11-10T11:30:43.699-0800][75447331ms] GC(20752) Eden regions: 215->0(215)
[2023-11-10T11:30:43.699-0800][75447331ms] GC(20752) Survivor regions: 1->1(27)
[2023-11-10T11:30:43.699-0800][75447331ms] GC(20752) Old regions: 1397->1397
[2023-11-10T11:30:43.699-0800][75447331ms] GC(20752) Humongous regions: 5->5
[2023-11-10T11:30:43.699-0800][75447331ms] GC(20752) Metaspace: 304797K->304797K(1347584K)
[2023-11-10T11:30:43.699-0800][75447331ms] GC(20752) Pause Young (Normal) (G1 Evacuation Pause) 3233M->2803M(3602M) 5.218ms
[2023-11-10T11:30:43.699-0800][75447331ms] GC(20752) User=0.00s Sys=0.00s Real=0.00s
[2023-11-10T11:30:44.232-0800][75447864ms] GC(20753) Pause Young (Normal) (G1 Evacuation Pause)
[2023-11-10T11:30:44.232-0800][75447864ms] GC(20753) Using 10 workers of 10 for evacuation
[2023-11-10T11:30:44.238-0800][75447870ms] GC(20753)   Pre Evacuate Collection Set: 0.1ms
[2023-11-10T11:30:44.238-0800][75447870ms] GC(20753)   Evacuate Collection Set: 1.7ms
[2023-11-10T11:30:44.238-0800][75447870ms] GC(20753)   Post Evacuate Collection Set: 3.3ms
[2023-11-10T11:30:44.238-0800][75447870ms] GC(20753)   Other: 0.3ms
[2023-11-10T11:30:44.238-0800][75447870ms] GC(20753) Eden regions: 215->0(215)
[2023-11-10T11:30:44.238-0800][75447870ms] GC(20753) Survivor regions: 1->1(27)
[2023-11-10T11:30:44.238-0800][75447870ms] GC(20753) Old regions: 1397->1397
[2023-11-10T11:30:44.238-0800][75447870ms] GC(20753) Humongous regions: 5->5
[2023-11-10T11:30:44.238-0800][75447870ms] GC(20753) Metaspace: 304797K->304797K(1347584K)
[2023-11-10T11:30:44.238-0800][75447870ms] GC(20753) Pause Young (Normal) (G1 Evacuation Pause) 3233M->2803M(3602M) 5.478ms
[2023-11-10T11:30:44.238-0800][75447870ms] GC(20753) User=0.00s Sys=0.00s Real=0.01s
[2023-11-10T11:30:44.742-0800][75448374ms] GC(20754) Pause Young (Normal) (G1 Evacuation Pause)
[2023-11-10T11:30:44.742-0800][75448374ms] GC(20754) Using 10 workers of 10 for evacuation
[2023-11-10T11:30:44.747-0800][75448379ms] GC(20754)   Pre Evacuate Collection Set: 0.0ms
[2023-11-10T11:30:44.747-0800][75448379ms] GC(20754)   Evacuate Collection Set: 1.6ms
[2023-11-10T11:30:44.747-0800][75448379ms] GC(20754)   Post Evacuate Collection Set: 3.5ms
[2023-11-10T11:30:44.747-0800][75448379ms] GC(20754)   Other: 0.3ms
[2023-11-10T11:30:44.747-0800][75448379ms] GC(20754) Eden regions: 215->0(215)
[2023-11-10T11:30:44.747-0800][75448379ms] GC(20754) Survivor regions: 1->1(27)
[2023-11-10T11:30:44.747-0800][75448379ms] GC(20754) Old regions: 1397->1397
[2023-11-10T11:30:44.747-0800][75448379ms] GC(20754) Humongous regions: 5->5
[2023-11-10T11:30:44.747-0800][75448379ms] GC(20754) Metaspace: 304797K->304797K(1347584K)
[2023-11-10T11:30:44.747-0800][75448379ms] GC(20754) Pause Young (Normal) (G1 Evacuation Pause) 3233M->2803M(3602M) 5.494ms
[2023-11-10T11:30:44.747-0800][75448379ms] GC(20754) User=0.00s Sys=0.00s Real=0.00s
[2023-11-10T11:30:45.314-0800][75448946ms] GC(20755) Pause Young (Normal) (G1 Evacuation Pause)
[2023-11-10T11:30:45.314-0800][75448946ms] GC(20755) Using 10 workers of 10 for evacuation
[2023-11-10T11:30:45.320-0800][75448952ms] GC(20755)   Pre Evacuate Collection Set: 0.0ms
[2023-11-10T11:30:45.320-0800][75448952ms] GC(20755)   Evacuate Collection Set: 1.7ms
[2023-11-10T11:30:45.320-0800][75448952ms] GC(20755)   Post Evacuate Collection Set: 3.1ms
[2023-11-10T11:30:45.320-0800][75448952ms] GC(20755)   Other: 0.3ms
[2023-11-10T11:30:45.320-0800][75448952ms] GC(20755) Eden regions: 215->0(215)
[2023-11-10T11:30:45.320-0800][75448952ms] GC(20755) Survivor regions: 1->1(27)
[2023-11-10T11:30:45.320-0800][75448952ms] GC(20755) Old regions: 1397->1397
[2023-11-10T11:30:45.320-0800][75448952ms] GC(20755) Humongous regions: 5->5
[2023-11-10T11:30:45.320-0800][75448952ms] GC(20755) Metaspace: 304797K->304797K(1347584K)
[2023-11-10T11:30:45.320-0800][75448952ms] GC(20755) Pause Young (Normal) (G1 Evacuation Pause) 3233M->2803M(3602M) 5.247ms
[2023-11-10T11:30:45.320-0800][75448952ms] GC(20755) User=0.00s Sys=0.00s Real=0.01s
[2023-11-10T11:30:45.839-0800][75449471ms] GC(20756) Pause Young (Normal) (G1 Evacuation Pause)
[2023-11-10T11:30:45.839-0800][75449471ms] GC(20756) Using 10 workers of 10 for evacuation
[2023-11-10T11:30:45.844-0800][75449476ms] GC(20756)   Pre Evacuate Collection Set: 0.0ms
[2023-11-10T11:30:45.844-0800][75449476ms] GC(20756)   Evacuate Collection Set: 1.6ms
[2023-11-10T11:30:45.845-0800][75449477ms] GC(20756)   Post Evacuate Collection Set: 3.1ms
[2023-11-10T11:30:45.845-0800][75449477ms] GC(20756)   Other: 0.3ms
[2023-11-10T11:30:45.845-0800][75449477ms] GC(20756) Eden regions: 215->0(215)
[2023-11-10T11:30:45.845-0800][75449477ms] GC(20756) Survivor regions: 1->1(27)
[2023-11-10T11:30:45.845-0800][75449477ms] GC(20756) Old regions: 1397->1397
[2023-11-10T11:30:45.845-0800][75449477ms] GC(20756) Humongous regions: 5->5
[2023-11-10T11:30:45.845-0800][75449477ms] GC(20756) Metaspace: 304797K->304797K(1347584K)
[2023-11-10T11:30:45.845-0800][75449477ms] GC(20756) Pause Young (Normal) (G1 Evacuation Pause) 3233M->2803M(3602M) 5.155ms
[2023-11-10T11:30:45.845-0800][75449477ms] GC(20756) User=0.00s Sys=0.00s Real=0.01s
[2023-11-10T11:30:46.444-0800][75450076ms] GC(20757) Pause Young (Normal) (G1 Evacuation Pause)
[2023-11-10T11:30:46.444-0800][75450076ms] GC(20757) Using 10 workers of 10 for evacuation
[2023-11-10T11:30:46.450-0800][75450082ms] GC(20757)   Pre Evacuate Collection Set: 0.0ms
[2023-11-10T11:30:46.450-0800][75450082ms] GC(20757)   Evacuate Collection Set: 1.6ms
[2023-11-10T11:30:46.450-0800][75450082ms] GC(20757)   Post Evacuate Collection Set: 4.1ms
[2023-11-10T11:30:46.450-0800][75450082ms] GC(20757)   Other: 0.3ms
[2023-11-10T11:30:46.450-0800][75450082ms] GC(20757) Eden regions: 215->0(215)
[2023-11-10T11:30:46.450-0800][75450082ms] GC(20757) Survivor regions: 1->1(27)
[2023-11-10T11:30:46.450-0800][75450082ms] GC(20757) Old regions: 1397->1397
[2023-11-10T11:30:46.450-0800][75450082ms] GC(20757) Humongous regions: 5->5
[2023-11-10T11:30:46.450-0800][75450082ms] GC(20757) Metaspace: 304797K->304797K(1347584K)
[2023-11-10T11:30:46.450-0800][75450082ms] GC(20757) Pause Young (Normal) (G1 Evacuation Pause) 3233M->2803M(3602M) 6.142ms
[2023-11-10T11:30:46.450-0800][75450082ms] GC(20757) User=0.09s Sys=0.00s Real=0.01s
[2023-11-10T11:30:47.032-0800][75450664ms] GC(20758) Pause Young (Normal) (G1 Evacuation Pause)
[2023-11-10T11:30:47.032-0800][75450664ms] GC(20758) Using 10 workers of 10 for evacuation
[2023-11-10T11:30:47.037-0800][75450669ms] GC(20758)   Pre Evacuate Collection Set: 0.0ms
[2023-11-10T11:30:47.037-0800][75450669ms] GC(20758)   Evacuate Collection Set: 1.6ms
[2023-11-10T11:30:47.037-0800][75450669ms] GC(20758)   Post Evacuate Collection Set: 3.1ms
[2023-11-10T11:30:47.037-0800][75450669ms] GC(20758)   Other: 0.3ms
[2023-11-10T11:30:47.037-0800][75450669ms] GC(20758) Eden regions: 215->0(215)
[2023-11-10T11:30:47.037-0800][75450669ms] GC(20758) Survivor regions: 1->1(27)
[2023-11-10T11:30:47.037-0800][75450669ms] GC(20758) Old regions: 1397->1397
[2023-11-10T11:30:47.037-0800][75450669ms] GC(20758) Humongous regions: 5->5
[2023-11-10T11:30:47.037-0800][75450669ms] GC(20758) Metaspace: 304797K->304797K(1347584K)
[2023-11-10T11:30:47.037-0800][75450669ms] GC(20758) Pause Young (Normal) (G1 Evacuation Pause) 3233M->2803M(3602M) 5.229ms
[2023-11-10T11:30:47.037-0800][75450669ms] GC(20758) User=0.00s Sys=0.00s Real=0.00s
[2023-11-10T11:30:47.577-0800][75451209ms] GC(20759) Pause Young (Normal) (G1 Evacuation Pause)
[2023-11-10T11:30:47.577-0800][75451209ms] GC(20759) Using 10 workers of 10 for evacuation
[2023-11-10T11:30:47.583-0800][75451215ms] GC(20759)   Pre Evacuate Collection Set: 0.0ms
[2023-11-10T11:30:47.583-0800][75451215ms] GC(20759)   Evacuate Collection Set: 1.8ms
[2023-11-10T11:30:47.583-0800][75451215ms] GC(20759)   Post Evacuate Collection Set: 3.3ms
[2023-11-10T11:30:47.583-0800][75451215ms] GC(20759)   Other: 0.3ms
[2023-11-10T11:30:47.583-0800][75451215ms] GC(20759) Eden regions: 215->0(215)
[2023-11-10T11:30:47.583-0800][75451215ms] GC(20759) Survivor regions: 1->1(27)
[2023-11-10T11:30:47.583-0800][75451215ms] GC(20759) Old regions: 1397->1397
[2023-11-10T11:30:47.583-0800][75451215ms] GC(20759) Humongous regions: 5->5
[2023-11-10T11:30:47.583-0800][75451215ms] GC(20759) Metaspace: 304797K->304797K(1347584K)
[2023-11-10T11:30:47.583-0800][75451215ms] GC(20759) Pause Young (Normal) (G1 Evacuation Pause) 3233M->2803M(3602M) 5.514ms
[2023-11-10T11:30:47.583-0800][75451215ms] GC(20759) User=0.00s Sys=0.00s Real=0.01s
[2023-11-10T11:30:48.135-0800][75451767ms] GC(20760) Pause Young (Normal) (G1 Evacuation Pause)
[2023-11-10T11:30:48.135-0800][75451767ms] GC(20760) Using 10 workers of 10 for evacuation
[2023-11-10T11:30:48.141-0800][75451773ms] GC(20760)   Pre Evacuate Collection Set: 0.0ms
[2023-11-10T11:30:48.141-0800][75451773ms] GC(20760)   Evacuate Collection Set: 1.7ms
[2023-11-10T11:30:48.141-0800][75451773ms] GC(20760)   Post Evacuate Collection Set: 4.5ms
[2023-11-10T11:30:48.141-0800][75451773ms] GC(20760)   Other: 0.3ms
[2023-11-10T11:30:48.141-0800][75451773ms] GC(20760) Eden regions: 215->0(215)
[2023-11-10T11:30:48.141-0800][75451773ms] GC(20760) Survivor regions: 1->1(27)
[2023-11-10T11:30:48.141-0800][75451773ms] GC(20760) Old regions: 1397->1397
[2023-11-10T11:30:48.141-0800][75451773ms] GC(20760) Humongous regions: 5->5
[2023-11-10T11:30:48.141-0800][75451773ms] GC(20760) Metaspace: 304797K->304797K(1347584K)
[2023-11-10T11:30:48.141-0800][75451773ms] GC(20760) Pause Young (Normal) (G1 Evacuation Pause) 3233M->2803M(3602M) 6.630ms
[2023-11-10T11:30:48.141-0800][75451773ms] GC(20760) User=0.00s Sys=0.00s Real=0.01s
[2023-11-10T11:30:48.646-0800][75452278ms] GC(20761) Pause Young (Normal) (G1 Evacuation Pause)
[2023-11-10T11:30:48.646-0800][75452278ms] GC(20761) Using 10 workers of 10 for evacuation
[2023-11-10T11:30:48.653-0800][75452285ms] GC(20761)   Pre Evacuate Collection Set: 0.1ms
[2023-11-10T11:30:48.653-0800][75452285ms] GC(20761)   Evacuate Collection Set: 2.4ms
[2023-11-10T11:30:48.653-0800][75452285ms] GC(20761)   Post Evacuate Collection Set: 3.5ms
[2023-11-10T11:30:48.653-0800][75452285ms] GC(20761)   Other: 0.3ms
[2023-11-10T11:30:48.653-0800][75452285ms] GC(20761) Eden regions: 215->0(215)
[2023-11-10T11:30:48.653-0800][75452285ms] GC(20761) Survivor regions: 1->1(27)
[2023-11-10T11:30:48.653-0800][75452285ms] GC(20761) Old regions: 1397->1397
[2023-11-10T11:30:48.653-0800][75452285ms] GC(20761) Humongous regions: 5->5
[2023-11-10T11:30:48.653-0800][75452285ms] GC(20761) Metaspace: 304797K->304797K(1347584K)
[2023-11-10T11:30:48.653-0800][75452285ms] GC(20761) Pause Young (Normal) (G1 Evacuation Pause) 3233M->2803M(3602M) 6.486ms
[2023-11-10T11:30:48.653-0800][75452285ms] GC(20761) User=0.09s Sys=0.00s Real=0.01s
[2023-11-10T11:30:49.218-0800][75452850ms] GC(20762) Pause Young (Normal) (G1 Evacuation Pause)
[2023-11-10T11:30:49.218-0800][75452850ms] GC(20762) Using 10 workers of 10 for evacuation
[2023-11-10T11:30:49.222-0800][75452854ms] GC(20762)   Pre Evacuate Collection Set: 0.0ms
[2023-11-10T11:30:49.222-0800][75452854ms] GC(20762)   Evacuate Collection Set: 1.9ms
[2023-11-10T11:30:49.222-0800][75452854ms] GC(20762)   Post Evacuate Collection Set: 3.2ms
[2023-11-10T11:30:49.222-0800][75452854ms] GC(20762)   Other: 0.3ms
[2023-11-10T11:30:49.224-0800][75452856ms] GC(20762) Eden regions: 215->0(215)
[2023-11-10T11:30:49.224-0800][75452856ms] GC(20762) Survivor regions: 1->1(27)
[2023-11-10T11:30:49.224-0800][75452856ms] GC(20762) Old regions: 1397->1397
[2023-11-10T11:30:49.224-0800][75452856ms] GC(20762) Humongous regions: 5->5
[2023-11-10T11:30:49.224-0800][75452856ms] GC(20762) Metaspace: 304797K->304797K(1347584K)
[2023-11-10T11:30:49.224-0800][75452856ms] GC(20762) Pause Young (Normal) (G1 Evacuation Pause) 3233M->2803M(3602M) 5.603ms
[2023-11-10T11:30:49.224-0800][75452856ms] GC(20762) User=0.00s Sys=0.00s Real=0.01s
[2023-11-10T11:30:49.729-0800][75453361ms] GC(20763) Pause Young (Normal) (G1 Evacuation Pause)
[2023-11-10T11:30:49.729-0800][75453361ms] GC(20763) Using 10 workers of 10 for evacuation
[2023-11-10T11:30:49.736-0800][75453368ms] GC(20763)   Pre Evacuate Collection Set: 0.1ms
[2023-11-10T11:30:49.736-0800][75453368ms] GC(20763)   Evacuate Collection Set: 2.3ms
[2023-11-10T11:30:49.736-0800][75453368ms] GC(20763)   Post Evacuate Collection Set: 4.9ms
[2023-11-10T11:30:49.736-0800][75453368ms] GC(20763)   Other: 0.3ms
[2023-11-10T11:30:49.736-0800][75453368ms] GC(20763) Eden regions: 215->0(215)
[2023-11-10T11:30:49.736-0800][75453368ms] GC(20763) Survivor regions: 1->1(27)
[2023-11-10T11:30:49.736-0800][75453368ms] GC(20763) Old regions: 1397->1397
[2023-11-10T11:30:49.736-0800][75453368ms] GC(20763) Humongous regions: 5->5
[2023-11-10T11:30:49.736-0800][75453368ms] GC(20763) Metaspace: 304797K->304797K(1347584K)
[2023-11-10T11:30:49.736-0800][75453368ms] GC(20763) Pause Young (Normal) (G1 Evacuation Pause) 3233M->2803M(3602M) 7.652ms
[2023-11-10T11:30:49.736-0800][75453368ms] GC(20763) User=0.00s Sys=0.00s Real=0.01s
[2023-11-10T11:30:50.277-0800][75453909ms] GC(20764) Pause Young (Normal) (G1 Evacuation Pause)
[2023-11-10T11:30:50.277-0800][75453909ms] GC(20764) Using 10 workers of 10 for evacuation
[2023-11-10T11:30:50.283-0800][75453915ms] GC(20764)   Pre Evacuate Collection Set: 0.1ms
[2023-11-10T11:30:50.283-0800][75453915ms] GC(20764)   Evacuate Collection Set: 2.4ms
[2023-11-10T11:30:50.284-0800][75453916ms] GC(20764)   Post Evacuate Collection Set: 4.1ms
[2023-11-10T11:30:50.284-0800][75453916ms] GC(20764)   Other: 0.4ms
[2023-11-10T11:30:50.284-0800][75453916ms] GC(20764) Eden regions: 215->0(216)
[2023-11-10T11:30:50.284-0800][75453916ms] GC(20764) Survivor regions: 1->1(27)
[2023-11-10T11:30:50.284-0800][75453916ms] GC(20764) Old regions: 1397->1397
[2023-11-10T11:30:50.284-0800][75453916ms] GC(20764) Humongous regions: 5->5
[2023-11-10T11:30:50.284-0800][75453916ms] GC(20764) Metaspace: 304797K->304797K(1347584K)
[2023-11-10T11:30:50.284-0800][75453916ms] GC(20764) Pause Young (Normal) (G1 Evacuation Pause) 3233M->2803M(3602M) 7.142ms
[2023-11-10T11:30:50.284-0800][75453916ms] GC(20764) User=0.00s Sys=0.00s Real=0.01s
[2023-11-10T11:30:50.807-0800][75454439ms] GC(20765) Pause Young (Normal) (G1 Evacuation Pause)
[2023-11-10T11:30:50.807-0800][75454439ms] GC(20765) Using 10 workers of 10 for evacuation
[2023-11-10T11:30:50.811-0800][75454443ms] GC(20765)   Pre Evacuate Collection Set: 0.1ms
[2023-11-10T11:30:50.811-0800][75454443ms] GC(20765)   Evacuate Collection Set: 1.7ms
[2023-11-10T11:30:50.811-0800][75454443ms] GC(20765)   Post Evacuate Collection Set: 3.2ms
[2023-11-10T11:30:50.811-0800][75454443ms] GC(20765)   Other: 0.3ms
[2023-11-10T11:30:50.811-0800][75454443ms] GC(20765) Eden regions: 216->0(216)
[2023-11-10T11:30:50.811-0800][75454443ms] GC(20765) Survivor regions: 1->1(28)
[2023-11-10T11:30:50.811-0800][75454443ms] GC(20765) Old regions: 1397->1397
[2023-11-10T11:30:50.812-0800][75454444ms] GC(20765) Humongous regions: 5->5
[2023-11-10T11:30:50.812-0800][75454444ms] GC(20765) Metaspace: 304797K->304797K(1347584K)
[2023-11-10T11:30:50.812-0800][75454444ms] GC(20765) Pause Young (Normal) (G1 Evacuation Pause) 3235M->2803M(3602M) 5.400ms
[2023-11-10T11:30:50.812-0800][75454444ms] GC(20765) User=0.00s Sys=0.00s Real=0.01s
[2023-11-10T11:30:51.351-0800][75454983ms] GC(20766) Pause Young (Normal) (G1 Evacuation Pause)
[2023-11-10T11:30:51.351-0800][75454983ms] GC(20766) Using 10 workers of 10 for evacuation
[2023-11-10T11:30:51.357-0800][75454989ms] GC(20766)   Pre Evacuate Collection Set: 0.1ms
[2023-11-10T11:30:51.357-0800][75454989ms] GC(20766)   Evacuate Collection Set: 1.8ms
[2023-11-10T11:30:51.357-0800][75454989ms] GC(20766)   Post Evacuate Collection Set: 3.7ms
[2023-11-10T11:30:51.357-0800][75454989ms] GC(20766)   Other: 0.3ms
[2023-11-10T11:30:51.357-0800][75454989ms] GC(20766) Eden regions: 216->0(216)
[2023-11-10T11:30:51.357-0800][75454989ms] GC(20766) Survivor regions: 1->1(28)
[2023-11-10T11:30:51.357-0800][75454989ms] GC(20766) Old regions: 1397->1397
[2023-11-10T11:30:51.357-0800][75454989ms] GC(20766) Humongous regions: 5->5
[2023-11-10T11:30:51.357-0800][75454989ms] GC(20766) Metaspace: 304797K->304797K(1347584K)
[2023-11-10T11:30:51.357-0800][75454989ms] GC(20766) Pause Young (Normal) (G1 Evacuation Pause) 3235M->2803M(3602M) 5.986ms
[2023-11-10T11:30:51.357-0800][75454989ms] GC(20766) User=0.00s Sys=0.00s Real=0.01s
[2023-11-10T11:30:51.884-0800][75455516ms] GC(20767) Pause Young (Normal) (G1 Evacuation Pause)
[2023-11-10T11:30:51.884-0800][75455516ms] GC(20767) Using 10 workers of 10 for evacuation
[2023-11-10T11:30:51.890-0800][75455522ms] GC(20767)   Pre Evacuate Collection Set: 0.1ms
[2023-11-10T11:30:51.890-0800][75455522ms] GC(20767)   Evacuate Collection Set: 2.0ms
[2023-11-10T11:30:51.890-0800][75455522ms] GC(20767)   Post Evacuate Collection Set: 4.0ms
[2023-11-10T11:30:51.890-0800][75455522ms] GC(20767)   Other: 0.4ms
[2023-11-10T11:30:51.890-0800][75455522ms] GC(20767) Eden regions: 216->0(216)
[2023-11-10T11:30:51.890-0800][75455522ms] GC(20767) Survivor regions: 1->1(28)
[2023-11-10T11:30:51.890-0800][75455522ms] GC(20767) Old regions: 1397->1397
[2023-11-10T11:30:51.890-0800][75455522ms] GC(20767) Humongous regions: 5->5
[2023-11-10T11:30:51.890-0800][75455522ms] GC(20767) Metaspace: 304797K->304797K(1347584K)
[2023-11-10T11:30:51.890-0800][75455522ms] GC(20767) Pause Young (Normal) (G1 Evacuation Pause) 3235M->2803M(3602M) 6.493ms
[2023-11-10T11:30:51.890-0800][75455522ms] GC(20767) User=0.00s Sys=0.00s Real=0.01s
[2023-11-10T11:30:52.462-0800][75456094ms] GC(20768) Pause Young (Normal) (G1 Evacuation Pause)
[2023-11-10T11:30:52.462-0800][75456094ms] GC(20768) Using 10 workers of 10 for evacuation
[2023-11-10T11:30:52.467-0800][75456099ms] GC(20768)   Pre Evacuate Collection Set: 0.0ms
[2023-11-10T11:30:52.467-0800][75456099ms] GC(20768)   Evacuate Collection Set: 1.6ms
[2023-11-10T11:30:52.467-0800][75456099ms] GC(20768)   Post Evacuate Collection Set: 3.4ms
[2023-11-10T11:30:52.467-0800][75456099ms] GC(20768)   Other: 0.3ms
[2023-11-10T11:30:52.467-0800][75456099ms] GC(20768) Eden regions: 216->0(216)
[2023-11-10T11:30:52.467-0800][75456099ms] GC(20768) Survivor regions: 1->1(28)
[2023-11-10T11:30:52.467-0800][75456099ms] GC(20768) Old regions: 1397->1397
[2023-11-10T11:30:52.467-0800][75456099ms] GC(20768) Humongous regions: 5->5
[2023-11-10T11:30:52.467-0800][75456099ms] GC(20768) Metaspace: 304797K->304797K(1347584K)
[2023-11-10T11:30:52.467-0800][75456099ms] GC(20768) Pause Young (Normal) (G1 Evacuation Pause) 3235M->2803M(3602M) 5.473ms
[2023-11-10T11:30:52.467-0800][75456099ms] GC(20768) User=0.00s Sys=0.00s Real=0.01s
[2023-11-10T11:30:53.002-0800][75456634ms] GC(20769) Pause Young (Normal) (G1 Evacuation Pause)
[2023-11-10T11:30:53.002-0800][75456634ms] GC(20769) Using 10 workers of 10 for evacuation
[2023-11-10T11:30:53.006-0800][75456638ms] GC(20769)   Pre Evacuate Collection Set: 0.1ms
[2023-11-10T11:30:53.006-0800][75456638ms] GC(20769)   Evacuate Collection Set: 2.0ms
[2023-11-10T11:30:53.006-0800][75456638ms] GC(20769)   Post Evacuate Collection Set: 3.2ms
[2023-11-10T11:30:53.006-0800][75456638ms] GC(20769)   Other: 0.3ms
[2023-11-10T11:30:53.006-0800][75456638ms] GC(20769) Eden regions: 216->0(216)
[2023-11-10T11:30:53.006-0800][75456638ms] GC(20769) Survivor regions: 1->1(28)
[2023-11-10T11:30:53.006-0800][75456638ms] GC(20769) Old regions: 1397->1397
[2023-11-10T11:30:53.006-0800][75456638ms] GC(20769) Humongous regions: 5->5
[2023-11-10T11:30:53.006-0800][75456638ms] GC(20769) Metaspace: 304797K->304797K(1347584K)
[2023-11-10T11:30:53.006-0800][75456638ms] GC(20769) Pause Young (Normal) (G1 Evacuation Pause) 3235M->2803M(3602M) 5.658ms
[2023-11-10T11:30:53.006-0800][75456638ms] GC(20769) User=0.00s Sys=0.00s Real=0.00s
[2023-11-10T11:30:53.582-0800][75457214ms] GC(20770) Pause Young (Normal) (G1 Evacuation Pause)
[2023-11-10T11:30:53.582-0800][75457214ms] GC(20770) Using 10 workers of 10 for evacuation
[2023-11-10T11:30:53.587-0800][75457219ms] GC(20770)   Pre Evacuate Collection Set: 0.0ms
[2023-11-10T11:30:53.587-0800][75457219ms] GC(20770)   Evacuate Collection Set: 1.7ms
[2023-11-10T11:30:53.587-0800][75457219ms] GC(20770)   Post Evacuate Collection Set: 3.1ms
[2023-11-10T11:30:53.587-0800][75457219ms] GC(20770)   Other: 0.3ms
[2023-11-10T11:30:53.587-0800][75457219ms] GC(20770) Eden regions: 216->0(216)
[2023-11-10T11:30:53.587-0800][75457219ms] GC(20770) Survivor regions: 1->1(28)
[2023-11-10T11:30:53.587-0800][75457219ms] GC(20770) Old regions: 1397->1397
[2023-11-10T11:30:53.587-0800][75457219ms] GC(20770) Humongous regions: 5->5
[2023-11-10T11:30:53.587-0800][75457219ms] GC(20770) Metaspace: 304797K->304797K(1347584K)
[2023-11-10T11:30:53.587-0800][75457219ms] GC(20770) Pause Young (Normal) (G1 Evacuation Pause) 3235M->2803M(3602M) 5.282ms
[2023-11-10T11:30:53.587-0800][75457219ms] GC(20770) User=0.00s Sys=0.00s Real=0.00s
[2023-11-10T11:30:54.144-0800][75457776ms] GC(20771) Pause Young (Normal) (G1 Evacuation Pause)
[2023-11-10T11:30:54.144-0800][75457776ms] GC(20771) Using 10 workers of 10 for evacuation
[2023-11-10T11:30:54.149-0800][75457781ms] GC(20771)   Pre Evacuate Collection Set: 0.0ms
[2023-11-10T11:30:54.149-0800][75457781ms] GC(20771)   Evacuate Collection Set: 1.6ms
[2023-11-10T11:30:54.149-0800][75457781ms] GC(20771)   Post Evacuate Collection Set: 2.9ms
[2023-11-10T11:30:54.149-0800][75457781ms] GC(20771)   Other: 0.3ms
[2023-11-10T11:30:54.149-0800][75457781ms] GC(20771) Eden regions: 216->0(216)
[2023-11-10T11:30:54.150-0800][75457782ms] GC(20771) Survivor regions: 1->1(28)
[2023-11-10T11:30:54.150-0800][75457782ms] GC(20771) Old regions: 1397->1397
[2023-11-10T11:30:54.150-0800][75457782ms] GC(20771) Humongous regions: 5->5
[2023-11-10T11:30:54.150-0800][75457782ms] GC(20771) Metaspace: 304797K->304797K(1347584K)
[2023-11-10T11:30:54.150-0800][75457782ms] GC(20771) Pause Young (Normal) (G1 Evacuation Pause) 3235M->2803M(3602M) 4.971ms
[2023-11-10T11:30:54.150-0800][75457782ms] GC(20771) User=0.00s Sys=0.00s Real=0.01s
[2023-11-10T11:30:54.730-0800][75458362ms] GC(20772) Pause Young (Normal) (G1 Evacuation Pause)
[2023-11-10T11:30:54.730-0800][75458362ms] GC(20772) Using 10 workers of 10 for evacuation
[2023-11-10T11:30:54.735-0800][75458367ms] GC(20772)   Pre Evacuate Collection Set: 0.0ms
[2023-11-10T11:30:54.735-0800][75458367ms] GC(20772)   Evacuate Collection Set: 1.7ms
[2023-11-10T11:30:54.735-0800][75458367ms] GC(20772)   Post Evacuate Collection Set: 3.2ms
[2023-11-10T11:30:54.735-0800][75458367ms] GC(20772)   Other: 0.3ms
[2023-11-10T11:30:54.735-0800][75458367ms] GC(20772) Eden regions: 216->0(216)
[2023-11-10T11:30:54.735-0800][75458367ms] GC(20772) Survivor regions: 1->1(28)
[2023-11-10T11:30:54.735-0800][75458367ms] GC(20772) Old regions: 1397->1397
[2023-11-10T11:30:54.735-0800][75458367ms] GC(20772) Humongous regions: 5->5
[2023-11-10T11:30:54.735-0800][75458367ms] GC(20772) Metaspace: 304797K->304797K(1347584K)
[2023-11-10T11:30:54.736-0800][75458368ms] GC(20772) Pause Young (Normal) (G1 Evacuation Pause) 3235M->2803M(3602M) 5.254ms
[2023-11-10T11:30:54.736-0800][75458368ms] GC(20772) User=0.00s Sys=0.00s Real=0.01s
[2023-11-10T11:30:55.272-0800][75458904ms] GC(20773) Pause Young (Normal) (G1 Evacuation Pause)
[2023-11-10T11:30:55.272-0800][75458904ms] GC(20773) Using 10 workers of 10 for evacuation
[2023-11-10T11:30:55.278-0800][75458910ms] GC(20773)   Pre Evacuate Collection Set: 0.0ms
[2023-11-10T11:30:55.278-0800][75458910ms] GC(20773)   Evacuate Collection Set: 1.6ms
[2023-11-10T11:30:55.278-0800][75458910ms] GC(20773)   Post Evacuate Collection Set: 3.4ms
[2023-11-10T11:30:55.278-0800][75458910ms] GC(20773)   Other: 0.3ms
[2023-11-10T11:30:55.278-0800][75458910ms] GC(20773) Eden regions: 216->0(216)
[2023-11-10T11:30:55.278-0800][75458910ms] GC(20773) Survivor regions: 1->1(28)
[2023-11-10T11:30:55.278-0800][75458910ms] GC(20773) Old regions: 1397->1397
[2023-11-10T11:30:55.278-0800][75458910ms] GC(20773) Humongous regions: 5->5
[2023-11-10T11:30:55.278-0800][75458910ms] GC(20773) Metaspace: 304797K->304797K(1347584K)
[2023-11-10T11:30:55.278-0800][75458910ms] GC(20773) Pause Young (Normal) (G1 Evacuation Pause) 3235M->2803M(3602M) 5.399ms
[2023-11-10T11:30:55.278-0800][75458910ms] GC(20773) User=0.00s Sys=0.00s Real=0.01s
[2023-11-10T11:30:55.838-0800][75459470ms] GC(20774) Pause Young (Normal) (G1 Evacuation Pause)
[2023-11-10T11:30:55.838-0800][75459470ms] GC(20774) Using 10 workers of 10 for evacuation
[2023-11-10T11:30:55.843-0800][75459475ms] GC(20774)   Pre Evacuate Collection Set: 0.0ms
[2023-11-10T11:30:55.843-0800][75459475ms] GC(20774)   Evacuate Collection Set: 1.7ms
[2023-11-10T11:30:55.843-0800][75459475ms] GC(20774)   Post Evacuate Collection Set: 3.6ms
[2023-11-10T11:30:55.843-0800][75459475ms] GC(20774)   Other: 0.3ms
[2023-11-10T11:30:55.843-0800][75459475ms] GC(20774) Eden regions: 216->0(216)
[2023-11-10T11:30:55.843-0800][75459475ms] GC(20774) Survivor regions: 1->1(28)
[2023-11-10T11:30:55.843-0800][75459475ms] GC(20774) Old regions: 1397->1397
[2023-11-10T11:30:55.843-0800][75459475ms] GC(20774) Humongous regions: 5->5
[2023-11-10T11:30:55.843-0800][75459475ms] GC(20774) Metaspace: 304797K->304797K(1347584K)
[2023-11-10T11:30:55.843-0800][75459475ms] GC(20774) Pause Young (Normal) (G1 Evacuation Pause) 3235M->2803M(3602M) 5.644ms
[2023-11-10T11:30:55.843-0800][75459475ms] GC(20774) User=0.00s Sys=0.00s Real=0.00s
[2023-11-10T11:30:56.399-0800][75460031ms] GC(20775) Pause Young (Normal) (G1 Evacuation Pause)
[2023-11-10T11:30:56.399-0800][75460031ms] GC(20775) Using 10 workers of 10 for evacuation
[2023-11-10T11:30:56.404-0800][75460036ms] GC(20775)   Pre Evacuate Collection Set: 0.0ms
[2023-11-10T11:30:56.404-0800][75460036ms] GC(20775)   Evacuate Collection Set: 1.7ms
[2023-11-10T11:30:56.404-0800][75460036ms] GC(20775)   Post Evacuate Collection Set: 3.0ms
[2023-11-10T11:30:56.404-0800][75460036ms] GC(20775)   Other: 0.2ms
[2023-11-10T11:30:56.404-0800][75460036ms] GC(20775) Eden regions: 216->0(216)
[2023-11-10T11:30:56.404-0800][75460036ms] GC(20775) Survivor regions: 1->1(28)
[2023-11-10T11:30:56.404-0800][75460036ms] GC(20775) Old regions: 1397->1397
[2023-11-10T11:30:56.404-0800][75460036ms] GC(20775) Humongous regions: 5->5
[2023-11-10T11:30:56.404-0800][75460036ms] GC(20775) Metaspace: 304797K->304797K(1347584K)
[2023-11-10T11:30:56.404-0800][75460036ms] GC(20775) Pause Young (Normal) (G1 Evacuation Pause) 3235M->2803M(3602M) 5.110ms
[2023-11-10T11:30:56.404-0800][75460036ms] GC(20775) User=0.00s Sys=0.00s Real=0.01s
[2023-11-10T11:30:56.902-0800][75460535ms] GC(20776) Pause Young (Normal) (G1 Evacuation Pause)
[2023-11-10T11:30:56.903-0800][75460535ms] GC(20776) Using 10 workers of 10 for evacuation
[2023-11-10T11:30:56.908-0800][75460540ms] GC(20776)   Pre Evacuate Collection Set: 0.0ms
[2023-11-10T11:30:56.908-0800][75460540ms] GC(20776)   Evacuate Collection Set: 1.7ms
[2023-11-10T11:30:56.908-0800][75460540ms] GC(20776)   Post Evacuate Collection Set: 3.3ms
[2023-11-10T11:30:56.908-0800][75460540ms] GC(20776)   Other: 0.3ms
[2023-11-10T11:30:56.908-0800][75460540ms] GC(20776) Eden regions: 216->0(216)
[2023-11-10T11:30:56.908-0800][75460540ms] GC(20776) Survivor regions: 1->1(28)
[2023-11-10T11:30:56.908-0800][75460540ms] GC(20776) Old regions: 1397->1397
[2023-11-10T11:30:56.908-0800][75460540ms] GC(20776) Humongous regions: 5->5
[2023-11-10T11:30:56.908-0800][75460540ms] GC(20776) Metaspace: 304797K->304797K(1347584K)
[2023-11-10T11:30:56.908-0800][75460540ms] GC(20776) Pause Young (Normal) (G1 Evacuation Pause) 3235M->2803M(3602M) 5.462ms
[2023-11-10T11:30:56.908-0800][75460540ms] GC(20776) User=0.00s Sys=0.00s Real=0.01s
[2023-11-10T11:30:57.335-0800][75460967ms] GC(20777) Pause Young (Normal) (G1 Evacuation Pause)
[2023-11-10T11:30:57.335-0800][75460967ms] GC(20777) Using 10 workers of 10 for evacuation
[2023-11-10T11:30:57.341-0800][75460973ms] GC(20777)   Pre Evacuate Collection Set: 0.0ms
[2023-11-10T11:30:57.341-0800][75460973ms] GC(20777)   Evacuate Collection Set: 1.7ms
[2023-11-10T11:30:57.341-0800][75460973ms] GC(20777)   Post Evacuate Collection Set: 3.8ms
[2023-11-10T11:30:57.341-0800][75460973ms] GC(20777)   Other: 0.3ms
[2023-11-10T11:30:57.341-0800][75460973ms] GC(20777) Eden regions: 216->0(216)
[2023-11-10T11:30:57.341-0800][75460973ms] GC(20777) Survivor regions: 1->1(28)
[2023-11-10T11:30:57.341-0800][75460973ms] GC(20777) Old regions: 1397->1397
[2023-11-10T11:30:57.341-0800][75460973ms] GC(20777) Humongous regions: 5->5
[2023-11-10T11:30:57.341-0800][75460973ms] GC(20777) Metaspace: 304797K->304797K(1347584K)
[2023-11-10T11:30:57.341-0800][75460973ms] GC(20777) Pause Young (Normal) (G1 Evacuation Pause) 3235M->2803M(3602M) 5.923ms
[2023-11-10T11:30:57.341-0800][75460973ms] GC(20777) User=0.00s Sys=0.00s Real=0.01s
[2023-11-10T11:30:57.905-0800][75461537ms] GC(20778) Pause Young (Normal) (G1 Evacuation Pause)
[2023-11-10T11:30:57.905-0800][75461537ms] GC(20778) Using 10 workers of 10 for evacuation
[2023-11-10T11:30:57.910-0800][75461542ms] GC(20778)   Pre Evacuate Collection Set: 0.0ms
[2023-11-10T11:30:57.910-0800][75461542ms] GC(20778)   Evacuate Collection Set: 1.8ms
[2023-11-10T11:30:57.910-0800][75461542ms] GC(20778)   Post Evacuate Collection Set: 3.2ms
[2023-11-10T11:30:57.910-0800][75461542ms] GC(20778)   Other: 0.3ms
[2023-11-10T11:30:57.910-0800][75461542ms] GC(20778) Eden regions: 216->0(216)
[2023-11-10T11:30:57.910-0800][75461542ms] GC(20778) Survivor regions: 1->1(28)
[2023-11-10T11:30:57.910-0800][75461542ms] GC(20778) Old regions: 1397->1397
[2023-11-10T11:30:57.910-0800][75461542ms] GC(20778) Humongous regions: 5->5
[2023-11-10T11:30:57.910-0800][75461542ms] GC(20778) Metaspace: 304797K->304797K(1347584K)
[2023-11-10T11:30:57.910-0800][75461542ms] GC(20778) Pause Young (Normal) (G1 Evacuation Pause) 3235M->2803M(3602M) 5.454ms
[2023-11-10T11:30:57.910-0800][75461542ms] GC(20778) User=0.00s Sys=0.00s Real=0.01s
[2023-11-10T11:30:58.395-0800][75462027ms] GC(20779) Pause Young (Normal) (G1 Evacuation Pause)
[2023-11-10T11:30:58.396-0800][75462028ms] GC(20779) Using 10 workers of 10 for evacuation
[2023-11-10T11:30:58.401-0800][75462033ms] GC(20779)   Pre Evacuate Collection Set: 0.1ms
[2023-11-10T11:30:58.401-0800][75462033ms] GC(20779)   Evacuate Collection Set: 1.8ms
[2023-11-10T11:30:58.401-0800][75462033ms] GC(20779)   Post Evacuate Collection Set: 3.4ms
[2023-11-10T11:30:58.401-0800][75462033ms] GC(20779)   Other: 0.4ms
[2023-11-10T11:30:58.401-0800][75462033ms] GC(20779) Eden regions: 216->0(216)
[2023-11-10T11:30:58.401-0800][75462033ms] GC(20779) Survivor regions: 1->1(28)
[2023-11-10T11:30:58.401-0800][75462033ms] GC(20779) Old regions: 1397->1397
[2023-11-10T11:30:58.401-0800][75462033ms] GC(20779) Humongous regions: 5->5
[2023-11-10T11:30:58.401-0800][75462033ms] GC(20779) Metaspace: 304797K->304797K(1347584K)
[2023-11-10T11:30:58.401-0800][75462033ms] GC(20779) Pause Young (Normal) (G1 Evacuation Pause) 3235M->2803M(3602M) 5.904ms
[2023-11-10T11:30:58.401-0800][75462033ms] GC(20779) User=0.02s Sys=0.00s Real=0.01s
[2023-11-10T11:30:58.970-0800][75462602ms] GC(20780) Pause Young (Normal) (G1 Evacuation Pause)
[2023-11-10T11:30:58.970-0800][75462602ms] GC(20780) Using 10 workers of 10 for evacuation
[2023-11-10T11:30:58.976-0800][75462608ms] GC(20780)   Pre Evacuate Collection Set: 0.1ms
[2023-11-10T11:30:58.976-0800][75462608ms] GC(20780)   Evacuate Collection Set: 2.5ms
[2023-11-10T11:30:58.976-0800][75462608ms] GC(20780)   Post Evacuate Collection Set: 4.2ms
[2023-11-10T11:30:58.976-0800][75462608ms] GC(20780)   Other: 0.3ms
[2023-11-10T11:30:58.976-0800][75462608ms] GC(20780) Eden regions: 216->0(216)
[2023-11-10T11:30:58.976-0800][75462608ms] GC(20780) Survivor regions: 1->1(28)
[2023-11-10T11:30:58.976-0800][75462608ms] GC(20780) Old regions: 1397->1397
[2023-11-10T11:30:58.976-0800][75462608ms] GC(20780) Humongous regions: 5->5
[2023-11-10T11:30:58.976-0800][75462608ms] GC(20780) Metaspace: 304797K->304797K(1347584K)
[2023-11-10T11:30:58.977-0800][75462609ms] GC(20780) Pause Young (Normal) (G1 Evacuation Pause) 3235M->2803M(3602M) 7.128ms
[2023-11-10T11:30:58.977-0800][75462609ms] GC(20780) User=0.00s Sys=0.00s Real=0.01s
[2023-11-10T11:30:59.557-0800][75463189ms] GC(20781) Pause Young (Normal) (G1 Evacuation Pause)
[2023-11-10T11:30:59.557-0800][75463189ms] GC(20781) Using 10 workers of 10 for evacuation
[2023-11-10T11:30:59.562-0800][75463194ms] GC(20781)   Pre Evacuate Collection Set: 0.0ms
[2023-11-10T11:30:59.562-0800][75463194ms] GC(20781)   Evacuate Collection Set: 1.8ms
[2023-11-10T11:30:59.562-0800][75463194ms] GC(20781)   Post Evacuate Collection Set: 3.6ms
[2023-11-10T11:30:59.562-0800][75463194ms] GC(20781)   Other: 0.3ms
[2023-11-10T11:30:59.562-0800][75463194ms] GC(20781) Eden regions: 216->0(216)
[2023-11-10T11:30:59.562-0800][75463194ms] GC(20781) Survivor regions: 1->1(28)
[2023-11-10T11:30:59.562-0800][75463194ms] GC(20781) Old regions: 1397->1397
[2023-11-10T11:30:59.562-0800][75463194ms] GC(20781) Humongous regions: 5->5
[2023-11-10T11:30:59.562-0800][75463194ms] GC(20781) Metaspace: 304797K->304797K(1347584K)
[2023-11-10T11:30:59.562-0800][75463194ms] GC(20781) Pause Young (Normal) (G1 Evacuation Pause) 3235M->2803M(3602M) 5.748ms
[2023-11-10T11:30:59.562-0800][75463194ms] GC(20781) User=0.00s Sys=0.00s Real=0.01s
[2023-11-10T11:31:00.088-0800][75463720ms] GC(20782) Pause Young (Normal) (G1 Evacuation Pause)
[2023-11-10T11:31:00.088-0800][75463720ms] GC(20782) Using 10 workers of 10 for evacuation
[2023-11-10T11:31:00.095-0800][75463727ms] GC(20782)   Pre Evacuate Collection Set: 0.1ms
[2023-11-10T11:31:00.095-0800][75463727ms] GC(20782)   Evacuate Collection Set: 2.1ms
[2023-11-10T11:31:00.095-0800][75463727ms] GC(20782)   Post Evacuate Collection Set: 4.2ms
[2023-11-10T11:31:00.095-0800][75463727ms] GC(20782)   Other: 0.4ms
[2023-11-10T11:31:00.095-0800][75463727ms] GC(20782) Eden regions: 216->0(216)
[2023-11-10T11:31:00.095-0800][75463727ms] GC(20782) Survivor regions: 1->1(28)
[2023-11-10T11:31:00.095-0800][75463727ms] GC(20782) Old regions: 1397->1397
[2023-11-10T11:31:00.095-0800][75463727ms] GC(20782) Humongous regions: 5->5
[2023-11-10T11:31:00.095-0800][75463727ms] GC(20782) Metaspace: 304797K->304797K(1347584K)
[2023-11-10T11:31:00.095-0800][75463727ms] GC(20782) Pause Young (Normal) (G1 Evacuation Pause) 3235M->2803M(3602M) 6.847ms
[2023-11-10T11:31:00.095-0800][75463727ms] GC(20782) User=0.00s Sys=0.00s Real=0.01s
[2023-11-10T11:31:00.608-0800][75464240ms] GC(20783) Pause Young (Normal) (G1 Evacuation Pause)
[2023-11-10T11:31:00.608-0800][75464240ms] GC(20783) Using 10 workers of 10 for evacuation
[2023-11-10T11:31:00.615-0800][75464247ms] GC(20783)   Pre Evacuate Collection Set: 0.0ms
[2023-11-10T11:31:00.615-0800][75464247ms] GC(20783)   Evacuate Collection Set: 2.0ms
[2023-11-10T11:31:00.615-0800][75464247ms] GC(20783)   Post Evacuate Collection Set: 3.6ms
[2023-11-10T11:31:00.615-0800][75464247ms] GC(20783)   Other: 0.3ms
[2023-11-10T11:31:00.615-0800][75464247ms] GC(20783) Eden regions: 216->0(216)
[2023-11-10T11:31:00.615-0800][75464247ms] GC(20783) Survivor regions: 1->1(28)
[2023-11-10T11:31:00.615-0800][75464247ms] GC(20783) Old regions: 1397->1397
[2023-11-10T11:31:00.615-0800][75464247ms] GC(20783) Humongous regions: 5->5
[2023-11-10T11:31:00.615-0800][75464247ms] GC(20783) Metaspace: 304797K->304797K(1347584K)
[2023-11-10T11:31:00.615-0800][75464247ms] GC(20783) Pause Young (Normal) (G1 Evacuation Pause) 3235M->2803M(3602M) 6.083ms
[2023-11-10T11:31:00.615-0800][75464247ms] GC(20783) User=0.00s Sys=0.00s Real=0.01s
[2023-11-10T11:31:01.097-0800][75464729ms] GC(20784) Pause Young (Normal) (G1 Evacuation Pause)
[2023-11-10T11:31:01.097-0800][75464729ms] GC(20784) Using 10 workers of 10 for evacuation
[2023-11-10T11:31:01.105-0800][75464737ms] GC(20784)   Pre Evacuate Collection Set: 0.1ms
[2023-11-10T11:31:01.105-0800][75464737ms] GC(20784)   Evacuate Collection Set: 2.3ms
[2023-11-10T11:31:01.105-0800][75464737ms] GC(20784)   Post Evacuate Collection Set: 4.3ms
[2023-11-10T11:31:01.105-0800][75464737ms] GC(20784)   Other: 0.4ms
[2023-11-10T11:31:01.105-0800][75464737ms] GC(20784) Eden regions: 216->0(216)
[2023-11-10T11:31:01.105-0800][75464737ms] GC(20784) Survivor regions: 1->1(28)
[2023-11-10T11:31:01.105-0800][75464737ms] GC(20784) Old regions: 1397->1397
[2023-11-10T11:31:01.105-0800][75464737ms] GC(20784) Humongous regions: 5->5
[2023-11-10T11:31:01.105-0800][75464737ms] GC(20784) Metaspace: 304797K->304797K(1347584K)
[2023-11-10T11:31:01.105-0800][75464737ms] GC(20784) Pause Young (Normal) (G1 Evacuation Pause) 3235M->2803M(3602M) 7.150ms
[2023-11-10T11:31:01.105-0800][75464737ms] GC(20784) User=0.00s Sys=0.00s Real=0.01s
[2023-11-10T11:31:01.650-0800][75465282ms] GC(20785) Pause Young (Normal) (G1 Evacuation Pause)
[2023-11-10T11:31:01.650-0800][75465282ms] GC(20785) Using 10 workers of 10 for evacuation
[2023-11-10T11:31:01.656-0800][75465288ms] GC(20785)   Pre Evacuate Collection Set: 0.0ms
[2023-11-10T11:31:01.656-0800][75465288ms] GC(20785)   Evacuate Collection Set: 1.7ms
[2023-11-10T11:31:01.656-0800][75465288ms] GC(20785)   Post Evacuate Collection Set: 3.1ms
[2023-11-10T11:31:01.656-0800][75465288ms] GC(20785)   Other: 0.3ms
[2023-11-10T11:31:01.656-0800][75465288ms] GC(20785) Eden regions: 216->0(216)
[2023-11-10T11:31:01.656-0800][75465288ms] GC(20785) Survivor regions: 1->1(28)
[2023-11-10T11:31:01.656-0800][75465288ms] GC(20785) Old regions: 1397->1397
[2023-11-10T11:31:01.656-0800][75465288ms] GC(20785) Humongous regions: 5->5
[2023-11-10T11:31:01.656-0800][75465288ms] GC(20785) Metaspace: 304797K->304797K(1347584K)
[2023-11-10T11:31:01.656-0800][75465288ms] GC(20785) Pause Young (Normal) (G1 Evacuation Pause) 3235M->2803M(3602M) 5.207ms
[2023-11-10T11:31:01.656-0800][75465288ms] GC(20785) User=0.00s Sys=0.00s Real=0.01s
[2023-11-10T11:31:02.205-0800][75465837ms] GC(20786) Pause Young (Normal) (G1 Evacuation Pause)
[2023-11-10T11:31:02.205-0800][75465837ms] GC(20786) Using 10 workers of 10 for evacuation
[2023-11-10T11:31:02.211-0800][75465843ms] GC(20786)   Pre Evacuate Collection Set: 0.1ms
[2023-11-10T11:31:02.211-0800][75465843ms] GC(20786)   Evacuate Collection Set: 2.4ms
[2023-11-10T11:31:02.211-0800][75465843ms] GC(20786)   Post Evacuate Collection Set: 3.8ms
[2023-11-10T11:31:02.211-0800][75465843ms] GC(20786)   Other: 0.5ms
[2023-11-10T11:31:02.211-0800][75465843ms] GC(20786) Eden regions: 216->0(216)
[2023-11-10T11:31:02.211-0800][75465843ms] GC(20786) Survivor regions: 1->1(28)
[2023-11-10T11:31:02.211-0800][75465843ms] GC(20786) Old regions: 1397->1397
[2023-11-10T11:31:02.211-0800][75465843ms] GC(20786) Humongous regions: 5->5
[2023-11-10T11:31:02.211-0800][75465843ms] GC(20786) Metaspace: 304797K->304797K(1347584K)
[2023-11-10T11:31:02.211-0800][75465843ms] GC(20786) Pause Young (Normal) (G1 Evacuation Pause) 3235M->2803M(3602M) 6.843ms
[2023-11-10T11:31:02.212-0800][75465844ms] GC(20786) User=0.00s Sys=0.00s Real=0.01s
[2023-11-10T11:31:02.792-0800][75466424ms] GC(20787) Pause Young (Normal) (G1 Evacuation Pause)
[2023-11-10T11:31:02.792-0800][75466424ms] GC(20787) Using 10 workers of 10 for evacuation
[2023-11-10T11:31:02.799-0800][75466431ms] GC(20787)   Pre Evacuate Collection Set: 0.1ms
[2023-11-10T11:31:02.800-0800][75466432ms] GC(20787)   Evacuate Collection Set: 1.8ms
[2023-11-10T11:31:02.800-0800][75466432ms] GC(20787)   Post Evacuate Collection Set: 4.8ms
[2023-11-10T11:31:02.800-0800][75466432ms] GC(20787)   Other: 0.4ms
[2023-11-10T11:31:02.800-0800][75466432ms] GC(20787) Eden regions: 216->0(216)
[2023-11-10T11:31:02.800-0800][75466432ms] GC(20787) Survivor regions: 1->1(28)
[2023-11-10T11:31:02.800-0800][75466432ms] GC(20787) Old regions: 1397->1397
[2023-11-10T11:31:02.800-0800][75466432ms] GC(20787) Humongous regions: 5->5
[2023-11-10T11:31:02.800-0800][75466432ms] GC(20787) Metaspace: 304797K->304797K(1347584K)
[2023-11-10T11:31:02.800-0800][75466432ms] GC(20787) Pause Young (Normal) (G1 Evacuation Pause) 3235M->2803M(3602M) 7.269ms
[2023-11-10T11:31:02.800-0800][75466432ms] GC(20787) User=0.00s Sys=0.00s Real=0.01s
[2023-11-10T11:31:03.369-0800][75467001ms] GC(20788) Pause Young (Normal) (G1 Evacuation Pause)
[2023-11-10T11:31:03.369-0800][75467001ms] GC(20788) Using 10 workers of 10 for evacuation
[2023-11-10T11:31:03.374-0800][75467006ms] GC(20788)   Pre Evacuate Collection Set: 0.0ms
[2023-11-10T11:31:03.374-0800][75467006ms] GC(20788)   Evacuate Collection Set: 1.7ms
[2023-11-10T11:31:03.374-0800][75467006ms] GC(20788)   Post Evacuate Collection Set: 3.1ms
[2023-11-10T11:31:03.374-0800][75467006ms] GC(20788)   Other: 0.3ms
[2023-11-10T11:31:03.374-0800][75467006ms] GC(20788) Eden regions: 216->0(216)
[2023-11-10T11:31:03.374-0800][75467006ms] GC(20788) Survivor regions: 1->1(28)
[2023-11-10T11:31:03.374-0800][75467006ms] GC(20788) Old regions: 1397->1397
[2023-11-10T11:31:03.374-0800][75467006ms] GC(20788) Humongous regions: 5->5
[2023-11-10T11:31:03.374-0800][75467006ms] GC(20788) Metaspace: 304797K->304797K(1347584K)
[2023-11-10T11:31:03.374-0800][75467006ms] GC(20788) Pause Young (Normal) (G1 Evacuation Pause) 3235M->2804M(3602M) 5.257ms
[2023-11-10T11:31:03.374-0800][75467006ms] GC(20788) User=0.00s Sys=0.00s Real=0.01s
[2023-11-10T11:31:03.947-0800][75467579ms] GC(20789) Pause Young (Normal) (G1 Evacuation Pause)
[2023-11-10T11:31:03.947-0800][75467579ms] GC(20789) Using 10 workers of 10 for evacuation
[2023-11-10T11:31:03.951-0800][75467583ms] GC(20789)   Pre Evacuate Collection Set: 0.0ms
[2023-11-10T11:31:03.951-0800][75467583ms] GC(20789)   Evacuate Collection Set: 1.7ms
[2023-11-10T11:31:03.951-0800][75467583ms] GC(20789)   Post Evacuate Collection Set: 3.1ms
[2023-11-10T11:31:03.951-0800][75467583ms] GC(20789)   Other: 0.3ms
[2023-11-10T11:31:03.951-0800][75467583ms] GC(20789) Eden regions: 216->0(216)
[2023-11-10T11:31:03.951-0800][75467583ms] GC(20789) Survivor regions: 1->1(28)
[2023-11-10T11:31:03.951-0800][75467583ms] GC(20789) Old regions: 1397->1397
[2023-11-10T11:31:03.951-0800][75467583ms] GC(20789) Humongous regions: 5->5
[2023-11-10T11:31:03.951-0800][75467583ms] GC(20789) Metaspace: 304797K->304797K(1347584K)
[2023-11-10T11:31:03.951-0800][75467583ms] GC(20789) Pause Young (Normal) (G1 Evacuation Pause) 3236M->2803M(3602M) 5.124ms
[2023-11-10T11:31:03.951-0800][75467583ms] GC(20789) User=0.00s Sys=0.00s Real=0.00s
[2023-11-10T11:31:04.461-0800][75468093ms] GC(20790) Pause Young (Normal) (G1 Evacuation Pause)
[2023-11-10T11:31:04.461-0800][75468093ms] GC(20790) Using 10 workers of 10 for evacuation
[2023-11-10T11:31:04.467-0800][75468099ms] GC(20790)   Pre Evacuate Collection Set: 0.0ms
[2023-11-10T11:31:04.467-0800][75468099ms] GC(20790)   Evacuate Collection Set: 1.7ms
[2023-11-10T11:31:04.467-0800][75468099ms] GC(20790)   Post Evacuate Collection Set: 3.1ms
[2023-11-10T11:31:04.467-0800][75468099ms] GC(20790)   Other: 0.3ms
[2023-11-10T11:31:04.467-0800][75468099ms] GC(20790) Eden regions: 216->0(216)
[2023-11-10T11:31:04.467-0800][75468099ms] GC(20790) Survivor regions: 1->1(28)
[2023-11-10T11:31:04.467-0800][75468099ms] GC(20790) Old regions: 1397->1397
[2023-11-10T11:31:04.467-0800][75468099ms] GC(20790) Humongous regions: 5->5
[2023-11-10T11:31:04.467-0800][75468099ms] GC(20790) Metaspace: 304797K->304797K(1347584K)
[2023-11-10T11:31:04.467-0800][75468099ms] GC(20790) Pause Young (Normal) (G1 Evacuation Pause) 3235M->2804M(3602M) 5.255ms
[2023-11-10T11:31:04.467-0800][75468099ms] GC(20790) User=0.00s Sys=0.00s Real=0.01s
[2023-11-10T11:31:04.944-0800][75468576ms] GC(20791) Pause Young (Normal) (G1 Evacuation Pause)
[2023-11-10T11:31:04.944-0800][75468576ms] GC(20791) Using 10 workers of 10 for evacuation
[2023-11-10T11:31:04.951-0800][75468583ms] GC(20791)   Pre Evacuate Collection Set: 0.0ms
[2023-11-10T11:31:04.951-0800][75468583ms] GC(20791)   Evacuate Collection Set: 1.7ms
[2023-11-10T11:31:04.951-0800][75468583ms] GC(20791)   Post Evacuate Collection Set: 4.2ms
[2023-11-10T11:31:04.951-0800][75468583ms] GC(20791)   Other: 0.3ms
[2023-11-10T11:31:04.951-0800][75468583ms] GC(20791) Eden regions: 216->0(216)
[2023-11-10T11:31:04.951-0800][75468583ms] GC(20791) Survivor regions: 1->1(28)
[2023-11-10T11:31:04.951-0800][75468583ms] GC(20791) Old regions: 1397->1397
[2023-11-10T11:31:04.951-0800][75468583ms] GC(20791) Humongous regions: 5->5
[2023-11-10T11:31:04.951-0800][75468583ms] GC(20791) Metaspace: 304797K->304797K(1347584K)
[2023-11-10T11:31:04.951-0800][75468583ms] GC(20791) Pause Young (Normal) (G1 Evacuation Pause) 3236M->2804M(3602M) 6.385ms
[2023-11-10T11:31:04.951-0800][75468583ms] GC(20791) User=0.06s Sys=0.00s Real=0.01s
[2023-11-10T11:31:05.466-0800][75469098ms] GC(20792) Pause Young (Normal) (G1 Evacuation Pause)
[2023-11-10T11:31:05.466-0800][75469098ms] GC(20792) Using 10 workers of 10 for evacuation
[2023-11-10T11:31:05.474-0800][75469106ms] GC(20792)   Pre Evacuate Collection Set: 0.0ms
[2023-11-10T11:31:05.474-0800][75469106ms] GC(20792)   Evacuate Collection Set: 1.6ms
[2023-11-10T11:31:05.474-0800][75469106ms] GC(20792)   Post Evacuate Collection Set: 5.7ms
[2023-11-10T11:31:05.474-0800][75469106ms] GC(20792)   Other: 0.3ms
[2023-11-10T11:31:05.474-0800][75469106ms] GC(20792) Eden regions: 216->0(216)
[2023-11-10T11:31:05.474-0800][75469106ms] GC(20792) Survivor regions: 1->1(28)
[2023-11-10T11:31:05.474-0800][75469106ms] GC(20792) Old regions: 1397->1397
[2023-11-10T11:31:05.474-0800][75469106ms] GC(20792) Humongous regions: 5->5
[2023-11-10T11:31:05.474-0800][75469106ms] GC(20792) Metaspace: 304797K->304797K(1347584K)
[2023-11-10T11:31:05.474-0800][75469106ms] GC(20792) Pause Young (Normal) (G1 Evacuation Pause) 3236M->2804M(3602M) 7.728ms
[2023-11-10T11:31:05.474-0800][75469106ms] GC(20792) User=0.00s Sys=0.00s Real=0.01s
[2023-11-10T11:31:05.974-0800][75469606ms] GC(20793) Pause Young (Normal) (G1 Evacuation Pause)
[2023-11-10T11:31:05.974-0800][75469606ms] GC(20793) Using 10 workers of 10 for evacuation
[2023-11-10T11:31:05.979-0800][75469611ms] GC(20793)   Pre Evacuate Collection Set: 0.0ms
[2023-11-10T11:31:05.979-0800][75469611ms] GC(20793)   Evacuate Collection Set: 1.7ms
[2023-11-10T11:31:05.979-0800][75469611ms] GC(20793)   Post Evacuate Collection Set: 3.2ms
[2023-11-10T11:31:05.979-0800][75469611ms] GC(20793)   Other: 0.2ms
[2023-11-10T11:31:05.979-0800][75469611ms] GC(20793) Eden regions: 216->0(216)
[2023-11-10T11:31:05.979-0800][75469611ms] GC(20793) Survivor regions: 1->1(28)
[2023-11-10T11:31:05.979-0800][75469611ms] GC(20793) Old regions: 1397->1397
[2023-11-10T11:31:05.979-0800][75469611ms] GC(20793) Humongous regions: 5->5
[2023-11-10T11:31:05.979-0800][75469611ms] GC(20793) Metaspace: 304797K->304797K(1347584K)
[2023-11-10T11:31:05.979-0800][75469611ms] GC(20793) Pause Young (Normal) (G1 Evacuation Pause) 3236M->2804M(3602M) 5.301ms
[2023-11-10T11:31:05.979-0800][75469611ms] GC(20793) User=0.02s Sys=0.00s Real=0.01s
[2023-11-10T11:31:06.424-0800][75470056ms] GC(20794) Pause Young (Normal) (G1 Evacuation Pause)
[2023-11-10T11:31:06.424-0800][75470056ms] GC(20794) Using 10 workers of 10 for evacuation
[2023-11-10T11:31:06.430-0800][75470062ms] GC(20794)   Pre Evacuate Collection Set: 0.0ms
[2023-11-10T11:31:06.430-0800][75470062ms] GC(20794)   Evacuate Collection Set: 1.6ms
[2023-11-10T11:31:06.430-0800][75470062ms] GC(20794)   Post Evacuate Collection Set: 3.2ms
[2023-11-10T11:31:06.430-0800][75470062ms] GC(20794)   Other: 0.3ms
[2023-11-10T11:31:06.430-0800][75470062ms] GC(20794) Eden regions: 216->0(216)
[2023-11-10T11:31:06.430-0800][75470062ms] GC(20794) Survivor regions: 1->1(28)
[2023-11-10T11:31:06.430-0800][75470062ms] GC(20794) Old regions: 1397->1397
[2023-11-10T11:31:06.430-0800][75470062ms] GC(20794) Humongous regions: 5->5
[2023-11-10T11:31:06.430-0800][75470062ms] GC(20794) Metaspace: 304797K->304797K(1347584K)
[2023-11-10T11:31:06.430-0800][75470062ms] GC(20794) Pause Young (Normal) (G1 Evacuation Pause) 3236M->2804M(3602M) 5.246ms
[2023-11-10T11:31:06.430-0800][75470062ms] GC(20794) User=0.00s Sys=0.00s Real=0.01s
[2023-11-10T11:31:06.934-0800][75470566ms] GC(20795) Pause Young (Normal) (G1 Evacuation Pause)
[2023-11-10T11:31:06.934-0800][75470566ms] GC(20795) Using 10 workers of 10 for evacuation
[2023-11-10T11:31:06.939-0800][75470571ms] GC(20795)   Pre Evacuate Collection Set: 0.0ms
[2023-11-10T11:31:06.939-0800][75470571ms] GC(20795)   Evacuate Collection Set: 1.6ms
[2023-11-10T11:31:06.939-0800][75470571ms] GC(20795)   Post Evacuate Collection Set: 3.1ms
[2023-11-10T11:31:06.939-0800][75470571ms] GC(20795)   Other: 0.3ms
[2023-11-10T11:31:06.939-0800][75470571ms] GC(20795) Eden regions: 216->0(216)
[2023-11-10T11:31:06.939-0800][75470571ms] GC(20795) Survivor regions: 1->1(28)
[2023-11-10T11:31:06.939-0800][75470571ms] GC(20795) Old regions: 1397->1397
[2023-11-10T11:31:06.939-0800][75470571ms] GC(20795) Humongous regions: 5->5
[2023-11-10T11:31:06.939-0800][75470571ms] GC(20795) Metaspace: 304797K->304797K(1347584K)
[2023-11-10T11:31:06.939-0800][75470571ms] GC(20795) Pause Young (Normal) (G1 Evacuation Pause) 3236M->2804M(3602M) 5.090ms
[2023-11-10T11:31:06.939-0800][75470571ms] GC(20795) User=0.00s Sys=0.00s Real=0.00s
[2023-11-10T11:31:07.444-0800][75471076ms] GC(20796) Pause Young (Normal) (G1 Evacuation Pause)
[2023-11-10T11:31:07.444-0800][75471076ms] GC(20796) Using 10 workers of 10 for evacuation
[2023-11-10T11:31:07.449-0800][75471081ms] GC(20796)   Pre Evacuate Collection Set: 0.0ms
[2023-11-10T11:31:07.449-0800][75471081ms] GC(20796)   Evacuate Collection Set: 1.7ms
[2023-11-10T11:31:07.449-0800][75471081ms] GC(20796)   Post Evacuate Collection Set: 3.1ms
[2023-11-10T11:31:07.449-0800][75471081ms] GC(20796)   Other: 0.3ms
[2023-11-10T11:31:07.449-0800][75471081ms] GC(20796) Eden regions: 216->0(216)
[2023-11-10T11:31:07.449-0800][75471081ms] GC(20796) Survivor regions: 1->1(28)
[2023-11-10T11:31:07.449-0800][75471081ms] GC(20796) Old regions: 1397->1397
[2023-11-10T11:31:07.449-0800][75471081ms] GC(20796) Humongous regions: 5->5
[2023-11-10T11:31:07.449-0800][75471081ms] GC(20796) Metaspace: 304797K->304797K(1347584K)
[2023-11-10T11:31:07.449-0800][75471081ms] GC(20796) Pause Young (Normal) (G1 Evacuation Pause) 3236M->2804M(3602M) 5.321ms
[2023-11-10T11:31:07.449-0800][75471081ms] GC(20796) User=0.06s Sys=0.03s Real=0.00s
[2023-11-10T11:31:07.945-0800][75471577ms] GC(20797) Pause Young (Normal) (G1 Evacuation Pause)
[2023-11-10T11:31:07.945-0800][75471577ms] GC(20797) Using 10 workers of 10 for evacuation
[2023-11-10T11:31:07.951-0800][75471583ms] GC(20797)   Pre Evacuate Collection Set: 0.1ms
[2023-11-10T11:31:07.952-0800][75471584ms] GC(20797)   Evacuate Collection Set: 1.9ms
[2023-11-10T11:31:07.952-0800][75471584ms] GC(20797)   Post Evacuate Collection Set: 3.8ms
[2023-11-10T11:31:07.952-0800][75471584ms] GC(20797)   Other: 0.3ms
[2023-11-10T11:31:07.952-0800][75471584ms] GC(20797) Eden regions: 216->0(216)
[2023-11-10T11:31:07.952-0800][75471584ms] GC(20797) Survivor regions: 1->1(28)
[2023-11-10T11:31:07.952-0800][75471584ms] GC(20797) Old regions: 1397->1397
[2023-11-10T11:31:07.952-0800][75471584ms] GC(20797) Humongous regions: 5->5
[2023-11-10T11:31:07.952-0800][75471584ms] GC(20797) Metaspace: 304797K->304797K(1347584K)
[2023-11-10T11:31:07.952-0800][75471584ms] GC(20797) Pause Young (Normal) (G1 Evacuation Pause) 3236M->2804M(3602M) 6.194ms
[2023-11-10T11:31:07.952-0800][75471584ms] GC(20797) User=0.00s Sys=0.00s Real=0.01s
[2023-11-10T11:31:08.522-0800][75472154ms] GC(20798) Pause Young (Normal) (G1 Evacuation Pause)
[2023-11-10T11:31:08.522-0800][75472154ms] GC(20798) Using 10 workers of 10 for evacuation
[2023-11-10T11:31:08.529-0800][75472161ms] GC(20798)   Pre Evacuate Collection Set: 0.1ms
[2023-11-10T11:31:08.529-0800][75472161ms] GC(20798)   Evacuate Collection Set: 2.8ms
[2023-11-10T11:31:08.529-0800][75472161ms] GC(20798)   Post Evacuate Collection Set: 3.8ms
[2023-11-10T11:31:08.529-0800][75472161ms] GC(20798)   Other: 0.3ms
[2023-11-10T11:31:08.529-0800][75472161ms] GC(20798) Eden regions: 216->0(216)
[2023-11-10T11:31:08.529-0800][75472161ms] GC(20798) Survivor regions: 1->1(28)
[2023-11-10T11:31:08.529-0800][75472161ms] GC(20798) Old regions: 1397->1397
[2023-11-10T11:31:08.529-0800][75472161ms] GC(20798) Humongous regions: 5->5
[2023-11-10T11:31:08.529-0800][75472161ms] GC(20798) Metaspace: 304797K->304797K(1347584K)
[2023-11-10T11:31:08.529-0800][75472161ms] GC(20798) Pause Young (Normal) (G1 Evacuation Pause) 3236M->2804M(3602M) 7.066ms
[2023-11-10T11:31:08.530-0800][75472162ms] GC(20798) User=0.00s Sys=0.00s Real=0.01s
[2023-11-10T11:31:09.123-0800][75472755ms] GC(20799) Pause Young (Normal) (G1 Evacuation Pause)
[2023-11-10T11:31:09.123-0800][75472755ms] GC(20799) Using 10 workers of 10 for evacuation
[2023-11-10T11:31:09.129-0800][75472761ms] GC(20799)   Pre Evacuate Collection Set: 0.1ms
[2023-11-10T11:31:09.129-0800][75472761ms] GC(20799)   Evacuate Collection Set: 1.7ms
[2023-11-10T11:31:09.129-0800][75472761ms] GC(20799)   Post Evacuate Collection Set: 3.2ms
[2023-11-10T11:31:09.129-0800][75472761ms] GC(20799)   Other: 0.3ms
[2023-11-10T11:31:09.129-0800][75472761ms] GC(20799) Eden regions: 216->0(216)
[2023-11-10T11:31:09.129-0800][75472761ms] GC(20799) Survivor regions: 1->1(28)
[2023-11-10T11:31:09.129-0800][75472761ms] GC(20799) Old regions: 1397->1397
[2023-11-10T11:31:09.129-0800][75472761ms] GC(20799) Humongous regions: 5->5
[2023-11-10T11:31:09.129-0800][75472761ms] GC(20799) Metaspace: 304797K->304797K(1347584K)
[2023-11-10T11:31:09.129-0800][75472761ms] GC(20799) Pause Young (Normal) (G1 Evacuation Pause) 3236M->2804M(3602M) 5.455ms
[2023-11-10T11:31:09.129-0800][75472761ms] GC(20799) User=0.00s Sys=0.00s Real=0.01s
[2023-11-10T11:31:09.700-0800][75473332ms] GC(20800) Pause Young (Normal) (G1 Evacuation Pause)
[2023-11-10T11:31:09.700-0800][75473332ms] GC(20800) Using 10 workers of 10 for evacuation
[2023-11-10T11:31:09.707-0800][75473339ms] GC(20800)   Pre Evacuate Collection Set: 0.0ms
[2023-11-10T11:31:09.707-0800][75473339ms] GC(20800)   Evacuate Collection Set: 2.1ms
[2023-11-10T11:31:09.707-0800][75473339ms] GC(20800)   Post Evacuate Collection Set: 3.7ms
[2023-11-10T11:31:09.707-0800][75473339ms] GC(20800)   Other: 0.3ms
[2023-11-10T11:31:09.707-0800][75473339ms] GC(20800) Eden regions: 216->0(216)
[2023-11-10T11:31:09.707-0800][75473339ms] GC(20800) Survivor regions: 1->1(28)
[2023-11-10T11:31:09.707-0800][75473339ms] GC(20800) Old regions: 1397->1397
[2023-11-10T11:31:09.707-0800][75473339ms] GC(20800) Humongous regions: 5->5
[2023-11-10T11:31:09.707-0800][75473339ms] GC(20800) Metaspace: 304797K->304797K(1347584K)
[2023-11-10T11:31:09.707-0800][75473339ms] GC(20800) Pause Young (Normal) (G1 Evacuation Pause) 3236M->2804M(3602M) 6.280ms
[2023-11-10T11:31:09.707-0800][75473339ms] GC(20800) User=0.00s Sys=0.00s Real=0.01s
[2023-11-10T11:31:10.208-0800][75473840ms] GC(20801) Pause Young (Normal) (G1 Evacuation Pause)
[2023-11-10T11:31:10.208-0800][75473840ms] GC(20801) Using 10 workers of 10 for evacuation
[2023-11-10T11:31:10.215-0800][75473847ms] GC(20801)   Pre Evacuate Collection Set: 0.1ms
[2023-11-10T11:31:10.215-0800][75473847ms] GC(20801)   Evacuate Collection Set: 2.7ms
[2023-11-10T11:31:10.215-0800][75473847ms] GC(20801)   Post Evacuate Collection Set: 5.0ms
[2023-11-10T11:31:10.215-0800][75473847ms] GC(20801)   Other: 0.4ms
[2023-11-10T11:31:10.215-0800][75473847ms] GC(20801) Eden regions: 216->0(215)
[2023-11-10T11:31:10.215-0800][75473847ms] GC(20801) Survivor regions: 1->1(28)
[2023-11-10T11:31:10.215-0800][75473847ms] GC(20801) Old regions: 1397->1397
[2023-11-10T11:31:10.215-0800][75473847ms] GC(20801) Humongous regions: 5->5
[2023-11-10T11:31:10.215-0800][75473847ms] GC(20801) Metaspace: 304797K->304797K(1347584K)
[2023-11-10T11:31:10.215-0800][75473847ms] GC(20801) Pause Young (Normal) (G1 Evacuation Pause) 3236M->2805M(3602M) 8.204ms
[2023-11-10T11:31:10.215-0800][75473847ms] GC(20801) User=0.02s Sys=0.00s Real=0.01s
[2023-11-10T11:31:10.741-0800][75474373ms] GC(20802) Pause Young (Normal) (G1 Evacuation Pause)
[2023-11-10T11:31:10.741-0800][75474373ms] GC(20802) Using 10 workers of 10 for evacuation
[2023-11-10T11:31:10.746-0800][75474378ms] GC(20802)   Pre Evacuate Collection Set: 0.0ms
[2023-11-10T11:31:10.746-0800][75474378ms] GC(20802)   Evacuate Collection Set: 2.0ms
[2023-11-10T11:31:10.746-0800][75474378ms] GC(20802)   Post Evacuate Collection Set: 3.3ms
[2023-11-10T11:31:10.746-0800][75474378ms] GC(20802)   Other: 0.3ms
[2023-11-10T11:31:10.746-0800][75474378ms] GC(20802) Eden regions: 215->0(215)
[2023-11-10T11:31:10.746-0800][75474378ms] GC(20802) Survivor regions: 1->1(27)
[2023-11-10T11:31:10.746-0800][75474378ms] GC(20802) Old regions: 1397->1397
[2023-11-10T11:31:10.746-0800][75474378ms] GC(20802) Humongous regions: 5->5
[2023-11-10T11:31:10.746-0800][75474378ms] GC(20802) Metaspace: 304797K->304797K(1347584K)
[2023-11-10T11:31:10.746-0800][75474378ms] GC(20802) Pause Young (Normal) (G1 Evacuation Pause) 3235M->2804M(3602M) 5.798ms
[2023-11-10T11:31:10.746-0800][75474378ms] GC(20802) User=0.08s Sys=0.00s Real=0.01s
[2023-11-10T11:31:11.339-0800][75474971ms] GC(20803) Pause Young (Normal) (G1 Evacuation Pause)
[2023-11-10T11:31:11.339-0800][75474971ms] GC(20803) Using 10 workers of 10 for evacuation
[2023-11-10T11:31:11.345-0800][75474977ms] GC(20803)   Pre Evacuate Collection Set: 0.1ms
[2023-11-10T11:31:11.345-0800][75474977ms] GC(20803)   Evacuate Collection Set: 2.2ms
[2023-11-10T11:31:11.345-0800][75474977ms] GC(20803)   Post Evacuate Collection Set: 4.1ms
[2023-11-10T11:31:11.345-0800][75474977ms] GC(20803)   Other: 0.4ms
[2023-11-10T11:31:11.345-0800][75474977ms] GC(20803) Eden regions: 215->0(215)
[2023-11-10T11:31:11.345-0800][75474977ms] GC(20803) Survivor regions: 1->1(27)
[2023-11-10T11:31:11.345-0800][75474977ms] GC(20803) Old regions: 1397->1397
[2023-11-10T11:31:11.345-0800][75474977ms] GC(20803) Humongous regions: 5->5
[2023-11-10T11:31:11.345-0800][75474977ms] GC(20803) Metaspace: 304797K->304797K(1347584K)
[2023-11-10T11:31:11.345-0800][75474977ms] GC(20803) Pause Young (Normal) (G1 Evacuation Pause) 3234M->2804M(3602M) 6.790ms
[2023-11-10T11:31:11.345-0800][75474977ms] GC(20803) User=0.00s Sys=0.00s Real=0.01s
[2023-11-10T11:31:11.840-0800][75475472ms] GC(20804) Pause Young (Normal) (G1 Evacuation Pause)
[2023-11-10T11:31:11.840-0800][75475472ms] GC(20804) Using 10 workers of 10 for evacuation
[2023-11-10T11:31:11.847-0800][75475479ms] GC(20804)   Pre Evacuate Collection Set: 0.1ms
[2023-11-10T11:31:11.847-0800][75475479ms] GC(20804)   Evacuate Collection Set: 3.0ms
[2023-11-10T11:31:11.847-0800][75475479ms] GC(20804)   Post Evacuate Collection Set: 3.5ms
[2023-11-10T11:31:11.847-0800][75475479ms] GC(20804)   Other: 0.4ms
[2023-11-10T11:31:11.847-0800][75475479ms] GC(20804) Eden regions: 215->0(215)
[2023-11-10T11:31:11.847-0800][75475479ms] GC(20804) Survivor regions: 1->1(27)
[2023-11-10T11:31:11.847-0800][75475479ms] GC(20804) Old regions: 1397->1397
[2023-11-10T11:31:11.847-0800][75475479ms] GC(20804) Humongous regions: 5->5
[2023-11-10T11:31:11.847-0800][75475479ms] GC(20804) Metaspace: 304797K->304797K(1347584K)
[2023-11-10T11:31:11.847-0800][75475479ms] GC(20804) Pause Young (Normal) (G1 Evacuation Pause) 3234M->2804M(3602M) 6.939ms
[2023-11-10T11:31:11.847-0800][75475479ms] GC(20804) User=0.00s Sys=0.00s Real=0.01s
[2023-11-10T11:31:12.330-0800][75475962ms] GC(20805) Pause Young (Normal) (G1 Evacuation Pause)
[2023-11-10T11:31:12.330-0800][75475962ms] GC(20805) Using 10 workers of 10 for evacuation
[2023-11-10T11:31:12.336-0800][75475968ms] GC(20805)   Pre Evacuate Collection Set: 0.0ms
[2023-11-10T11:31:12.336-0800][75475968ms] GC(20805)   Evacuate Collection Set: 1.9ms
[2023-11-10T11:31:12.336-0800][75475968ms] GC(20805)   Post Evacuate Collection Set: 4.1ms
[2023-11-10T11:31:12.336-0800][75475968ms] GC(20805)   Other: 0.3ms
[2023-11-10T11:31:12.336-0800][75475968ms] GC(20805) Eden regions: 215->0(215)
[2023-11-10T11:31:12.336-0800][75475968ms] GC(20805) Survivor regions: 1->1(27)
[2023-11-10T11:31:12.336-0800][75475968ms] GC(20805) Old regions: 1397->1397
[2023-11-10T11:31:12.336-0800][75475968ms] GC(20805) Humongous regions: 5->5
[2023-11-10T11:31:12.336-0800][75475968ms] GC(20805) Metaspace: 304797K->304797K(1347584K)
[2023-11-10T11:31:12.336-0800][75475968ms] GC(20805) Pause Young (Normal) (G1 Evacuation Pause) 3234M->2804M(3602M) 6.607ms
[2023-11-10T11:31:12.336-0800][75475968ms] GC(20805) User=0.00s Sys=0.00s Real=0.01s
[2023-11-10T11:31:12.911-0800][75476543ms] GC(20806) Pause Young (Normal) (G1 Evacuation Pause)
[2023-11-10T11:31:12.911-0800][75476543ms] GC(20806) Using 10 workers of 10 for evacuation
[2023-11-10T11:31:12.916-0800][75476548ms] GC(20806)   Pre Evacuate Collection Set: 0.0ms
[2023-11-10T11:31:12.916-0800][75476548ms] GC(20806)   Evacuate Collection Set: 1.6ms
[2023-11-10T11:31:12.916-0800][75476548ms] GC(20806)   Post Evacuate Collection Set: 3.5ms
[2023-11-10T11:31:12.916-0800][75476548ms] GC(20806)   Other: 0.2ms
[2023-11-10T11:31:12.916-0800][75476548ms] GC(20806) Eden regions: 215->0(215)
[2023-11-10T11:31:12.916-0800][75476548ms] GC(20806) Survivor regions: 1->1(27)
[2023-11-10T11:31:12.916-0800][75476548ms] GC(20806) Old regions: 1397->1397
[2023-11-10T11:31:12.916-0800][75476548ms] GC(20806) Humongous regions: 5->5
[2023-11-10T11:31:12.917-0800][75476549ms] GC(20806) Metaspace: 304797K->304797K(1347584K)
[2023-11-10T11:31:12.917-0800][75476549ms] GC(20806) Pause Young (Normal) (G1 Evacuation Pause) 3234M->2804M(3602M) 5.525ms
[2023-11-10T11:31:12.917-0800][75476549ms] GC(20806) User=0.00s Sys=0.00s Real=0.01s
[2023-11-10T11:31:13.433-0800][75477065ms] GC(20807) Pause Young (Normal) (G1 Evacuation Pause)
[2023-11-10T11:31:13.433-0800][75477065ms] GC(20807) Using 10 workers of 10 for evacuation
[2023-11-10T11:31:13.438-0800][75477070ms] GC(20807)   Pre Evacuate Collection Set: 0.0ms
[2023-11-10T11:31:13.438-0800][75477070ms] GC(20807)   Evacuate Collection Set: 1.8ms
[2023-11-10T11:31:13.438-0800][75477070ms] GC(20807)   Post Evacuate Collection Set: 3.1ms
[2023-11-10T11:31:13.438-0800][75477070ms] GC(20807)   Other: 0.2ms
[2023-11-10T11:31:13.438-0800][75477070ms] GC(20807) Eden regions: 215->0(215)
[2023-11-10T11:31:13.438-0800][75477070ms] GC(20807) Survivor regions: 1->1(27)
[2023-11-10T11:31:13.438-0800][75477070ms] GC(20807) Old regions: 1397->1397
[2023-11-10T11:31:13.438-0800][75477070ms] GC(20807) Humongous regions: 5->5
[2023-11-10T11:31:13.438-0800][75477070ms] GC(20807) Metaspace: 304797K->304797K(1347584K)
[2023-11-10T11:31:13.438-0800][75477070ms] GC(20807) Pause Young (Normal) (G1 Evacuation Pause) 3234M->2804M(3602M) 5.298ms
[2023-11-10T11:31:13.438-0800][75477070ms] GC(20807) User=0.00s Sys=0.00s Real=0.00s
[2023-11-10T11:31:13.949-0800][75477581ms] GC(20808) Pause Young (Normal) (G1 Evacuation Pause)
[2023-11-10T11:31:13.949-0800][75477581ms] GC(20808) Using 10 workers of 10 for evacuation
[2023-11-10T11:31:13.954-0800][75477586ms] GC(20808)   Pre Evacuate Collection Set: 0.0ms
[2023-11-10T11:31:13.955-0800][75477587ms] GC(20808)   Evacuate Collection Set: 1.8ms
[2023-11-10T11:31:13.955-0800][75477587ms] GC(20808)   Post Evacuate Collection Set: 3.1ms
[2023-11-10T11:31:13.955-0800][75477587ms] GC(20808)   Other: 0.3ms
[2023-11-10T11:31:13.955-0800][75477587ms] GC(20808) Eden regions: 215->0(215)
[2023-11-10T11:31:13.955-0800][75477587ms] GC(20808) Survivor regions: 1->1(27)
[2023-11-10T11:31:13.955-0800][75477587ms] GC(20808) Old regions: 1397->1398
[2023-11-10T11:31:13.955-0800][75477587ms] GC(20808) Humongous regions: 5->5
[2023-11-10T11:31:13.955-0800][75477587ms] GC(20808) Metaspace: 304797K->304797K(1347584K)
[2023-11-10T11:31:13.955-0800][75477587ms] GC(20808) Pause Young (Normal) (G1 Evacuation Pause) 3234M->2804M(3602M) 5.322ms
[2023-11-10T11:31:13.955-0800][75477587ms] GC(20808) User=0.00s Sys=0.00s Real=0.01s
[2023-11-10T11:31:14.472-0800][75478104ms] GC(20809) Pause Young (Normal) (G1 Evacuation Pause)
[2023-11-10T11:31:14.472-0800][75478104ms] GC(20809) Using 10 workers of 10 for evacuation
[2023-11-10T11:31:14.478-0800][75478110ms] GC(20809)   Pre Evacuate Collection Set: 0.0ms
[2023-11-10T11:31:14.478-0800][75478110ms] GC(20809)   Evacuate Collection Set: 1.7ms
[2023-11-10T11:31:14.478-0800][75478110ms] GC(20809)   Post Evacuate Collection Set: 3.1ms
[2023-11-10T11:31:14.478-0800][75478110ms] GC(20809)   Other: 0.3ms
[2023-11-10T11:31:14.478-0800][75478110ms] GC(20809) Eden regions: 215->0(215)
[2023-11-10T11:31:14.478-0800][75478110ms] GC(20809) Survivor regions: 1->1(27)
[2023-11-10T11:31:14.478-0800][75478110ms] GC(20809) Old regions: 1398->1398
[2023-11-10T11:31:14.478-0800][75478110ms] GC(20809) Humongous regions: 5->5
[2023-11-10T11:31:14.478-0800][75478110ms] GC(20809) Metaspace: 304797K->304797K(1347584K)
[2023-11-10T11:31:14.478-0800][75478110ms] GC(20809) Pause Young (Normal) (G1 Evacuation Pause) 3234M->2804M(3602M) 5.215ms
[2023-11-10T11:31:14.478-0800][75478110ms] GC(20809) User=0.00s Sys=0.00s Real=0.01s
[2023-11-10T11:31:14.996-0800][75478628ms] GC(20810) Pause Young (Normal) (G1 Evacuation Pause)
[2023-11-10T11:31:14.996-0800][75478628ms] GC(20810) Using 10 workers of 10 for evacuation
[2023-11-10T11:31:15.001-0800][75478633ms] GC(20810)   Pre Evacuate Collection Set: 0.0ms
[2023-11-10T11:31:15.001-0800][75478633ms] GC(20810)   Evacuate Collection Set: 1.8ms
[2023-11-10T11:31:15.001-0800][75478633ms] GC(20810)   Post Evacuate Collection Set: 3.1ms
[2023-11-10T11:31:15.001-0800][75478633ms] GC(20810)   Other: 0.3ms
[2023-11-10T11:31:15.001-0800][75478633ms] GC(20810) Eden regions: 215->0(215)
[2023-11-10T11:31:15.001-0800][75478633ms] GC(20810) Survivor regions: 1->1(27)
[2023-11-10T11:31:15.001-0800][75478633ms] GC(20810) Old regions: 1398->1398
[2023-11-10T11:31:15.001-0800][75478633ms] GC(20810) Humongous regions: 5->5
[2023-11-10T11:31:15.001-0800][75478633ms] GC(20810) Metaspace: 304797K->304797K(1347584K)
[2023-11-10T11:31:15.001-0800][75478633ms] GC(20810) Pause Young (Normal) (G1 Evacuation Pause) 3234M->2804M(3602M) 5.311ms
[2023-11-10T11:31:15.001-0800][75478633ms] GC(20810) User=0.00s Sys=0.00s Real=0.00s
[2023-11-10T11:31:15.546-0800][75479178ms] GC(20811) Pause Young (Normal) (G1 Evacuation Pause)
[2023-11-10T11:31:15.546-0800][75479178ms] GC(20811) Using 10 workers of 10 for evacuation
[2023-11-10T11:31:15.551-0800][75479183ms] GC(20811)   Pre Evacuate Collection Set: 0.1ms
[2023-11-10T11:31:15.551-0800][75479183ms] GC(20811)   Evacuate Collection Set: 2.0ms
[2023-11-10T11:31:15.551-0800][75479183ms] GC(20811)   Post Evacuate Collection Set: 3.1ms
[2023-11-10T11:31:15.551-0800][75479183ms] GC(20811)   Other: 0.4ms
[2023-11-10T11:31:15.551-0800][75479183ms] GC(20811) Eden regions: 215->0(215)
[2023-11-10T11:31:15.551-0800][75479183ms] GC(20811) Survivor regions: 1->1(27)
[2023-11-10T11:31:15.551-0800][75479183ms] GC(20811) Old regions: 1398->1398
[2023-11-10T11:31:15.551-0800][75479183ms] GC(20811) Humongous regions: 5->5
[2023-11-10T11:31:15.551-0800][75479183ms] GC(20811) Metaspace: 304797K->304797K(1347584K)
[2023-11-10T11:31:15.551-0800][75479183ms] GC(20811) Pause Young (Normal) (G1 Evacuation Pause) 3234M->2804M(3602M) 5.647ms
[2023-11-10T11:31:15.551-0800][75479183ms] GC(20811) User=0.00s Sys=0.00s Real=0.01s
[2023-11-10T11:31:16.095-0800][75479727ms] GC(20812) Pause Young (Normal) (G1 Evacuation Pause)
[2023-11-10T11:31:16.095-0800][75479727ms] GC(20812) Using 10 workers of 10 for evacuation
[2023-11-10T11:31:16.100-0800][75479732ms] GC(20812)   Pre Evacuate Collection Set: 0.0ms
[2023-11-10T11:31:16.100-0800][75479732ms] GC(20812)   Evacuate Collection Set: 1.7ms
[2023-11-10T11:31:16.100-0800][75479732ms] GC(20812)   Post Evacuate Collection Set: 3.0ms
[2023-11-10T11:31:16.100-0800][75479732ms] GC(20812)   Other: 0.3ms
[2023-11-10T11:31:16.100-0800][75479732ms] GC(20812) Eden regions: 215->0(215)
[2023-11-10T11:31:16.100-0800][75479732ms] GC(20812) Survivor regions: 1->1(27)
[2023-11-10T11:31:16.100-0800][75479732ms] GC(20812) Old regions: 1398->1398
[2023-11-10T11:31:16.100-0800][75479732ms] GC(20812) Humongous regions: 5->5
[2023-11-10T11:31:16.100-0800][75479732ms] GC(20812) Metaspace: 304797K->304797K(1347584K)
[2023-11-10T11:31:16.100-0800][75479732ms] GC(20812) Pause Young (Normal) (G1 Evacuation Pause) 3234M->2804M(3602M) 5.135ms
[2023-11-10T11:31:16.100-0800][75479732ms] GC(20812) User=0.00s Sys=0.00s Real=0.00s
[2023-11-10T11:31:16.607-0800][75480239ms] GC(20813) Pause Young (Normal) (G1 Evacuation Pause)
[2023-11-10T11:31:16.607-0800][75480239ms] GC(20813) Using 10 workers of 10 for evacuation
[2023-11-10T11:31:16.613-0800][75480245ms] GC(20813)   Pre Evacuate Collection Set: 0.0ms
[2023-11-10T11:31:16.613-0800][75480245ms] GC(20813)   Evacuate Collection Set: 1.7ms
[2023-11-10T11:31:16.613-0800][75480245ms] GC(20813)   Post Evacuate Collection Set: 3.8ms
[2023-11-10T11:31:16.613-0800][75480245ms] GC(20813)   Other: 0.3ms
[2023-11-10T11:31:16.613-0800][75480245ms] GC(20813) Eden regions: 215->0(215)
[2023-11-10T11:31:16.614-0800][75480246ms] GC(20813) Survivor regions: 1->1(27)
[2023-11-10T11:31:16.614-0800][75480246ms] GC(20813) Old regions: 1398->1398
[2023-11-10T11:31:16.614-0800][75480246ms] GC(20813) Humongous regions: 5->5
[2023-11-10T11:31:16.614-0800][75480246ms] GC(20813) Metaspace: 304797K->304797K(1347584K)
[2023-11-10T11:31:16.614-0800][75480246ms] GC(20813) Pause Young (Normal) (G1 Evacuation Pause) 3234M->2804M(3602M) 5.992ms
[2023-11-10T11:31:16.614-0800][75480246ms] GC(20813) User=0.00s Sys=0.00s Real=0.01s
[2023-11-10T11:31:17.171-0800][75480803ms] GC(20814) Pause Young (Normal) (G1 Evacuation Pause)
[2023-11-10T11:31:17.171-0800][75480803ms] GC(20814) Using 10 workers of 10 for evacuation
[2023-11-10T11:31:17.176-0800][75480808ms] GC(20814)   Pre Evacuate Collection Set: 0.0ms
[2023-11-10T11:31:17.176-0800][75480808ms] GC(20814)   Evacuate Collection Set: 1.7ms
[2023-11-10T11:31:17.176-0800][75480808ms] GC(20814)   Post Evacuate Collection Set: 3.1ms
[2023-11-10T11:31:17.176-0800][75480808ms] GC(20814)   Other: 0.3ms
[2023-11-10T11:31:17.176-0800][75480808ms] GC(20814) Eden regions: 215->0(215)
[2023-11-10T11:31:17.176-0800][75480808ms] GC(20814) Survivor regions: 1->1(27)
[2023-11-10T11:31:17.176-0800][75480808ms] GC(20814) Old regions: 1398->1398
[2023-11-10T11:31:17.176-0800][75480808ms] GC(20814) Humongous regions: 5->5
[2023-11-10T11:31:17.176-0800][75480808ms] GC(20814) Metaspace: 304797K->304797K(1347584K)
[2023-11-10T11:31:17.176-0800][75480808ms] GC(20814) Pause Young (Normal) (G1 Evacuation Pause) 3234M->2804M(3602M) 5.223ms
[2023-11-10T11:31:17.176-0800][75480808ms] GC(20814) User=0.00s Sys=0.00s Real=0.01s
[2023-11-10T11:31:17.737-0800][75481369ms] GC(20815) Pause Young (Normal) (G1 Evacuation Pause)
[2023-11-10T11:31:17.737-0800][75481369ms] GC(20815) Using 10 workers of 10 for evacuation
[2023-11-10T11:31:17.742-0800][75481374ms] GC(20815)   Pre Evacuate Collection Set: 0.0ms
[2023-11-10T11:31:17.742-0800][75481374ms] GC(20815)   Evacuate Collection Set: 1.7ms
[2023-11-10T11:31:17.742-0800][75481374ms] GC(20815)   Post Evacuate Collection Set: 3.2ms
[2023-11-10T11:31:17.742-0800][75481374ms] GC(20815)   Other: 0.3ms
[2023-11-10T11:31:17.742-0800][75481374ms] GC(20815) Eden regions: 215->0(215)
[2023-11-10T11:31:17.742-0800][75481374ms] GC(20815) Survivor regions: 1->1(27)
[2023-11-10T11:31:17.742-0800][75481374ms] GC(20815) Old regions: 1398->1398
[2023-11-10T11:31:17.742-0800][75481374ms] GC(20815) Humongous regions: 5->5
[2023-11-10T11:31:17.742-0800][75481374ms] GC(20815) Metaspace: 304797K->304797K(1347584K)
[2023-11-10T11:31:17.742-0800][75481374ms] GC(20815) Pause Young (Normal) (G1 Evacuation Pause) 3234M->2804M(3602M) 5.436ms
[2023-11-10T11:31:17.742-0800][75481374ms] GC(20815) User=0.02s Sys=0.00s Real=0.01s
[2023-11-10T11:31:18.216-0800][75481848ms] GC(20816) Pause Young (Normal) (G1 Evacuation Pause)
[2023-11-10T11:31:18.216-0800][75481848ms] GC(20816) Using 10 workers of 10 for evacuation
[2023-11-10T11:31:18.221-0800][75481853ms] GC(20816)   Pre Evacuate Collection Set: 0.0ms
[2023-11-10T11:31:18.221-0800][75481853ms] GC(20816)   Evacuate Collection Set: 1.7ms
[2023-11-10T11:31:18.221-0800][75481853ms] GC(20816)   Post Evacuate Collection Set: 3.7ms
[2023-11-10T11:31:18.221-0800][75481853ms] GC(20816)   Other: 0.3ms
[2023-11-10T11:31:18.221-0800][75481853ms] GC(20816) Eden regions: 215->0(215)
[2023-11-10T11:31:18.221-0800][75481853ms] GC(20816) Survivor regions: 1->1(27)
[2023-11-10T11:31:18.221-0800][75481853ms] GC(20816) Old regions: 1398->1398
[2023-11-10T11:31:18.221-0800][75481853ms] GC(20816) Humongous regions: 5->5
[2023-11-10T11:31:18.221-0800][75481853ms] GC(20816) Metaspace: 304797K->304797K(1347584K)
[2023-11-10T11:31:18.221-0800][75481853ms] GC(20816) Pause Young (Normal) (G1 Evacuation Pause) 3234M->2804M(3602M) 5.941ms
[2023-11-10T11:31:18.221-0800][75481853ms] GC(20816) User=0.00s Sys=0.00s Real=0.00s
[2023-11-10T11:31:18.857-0800][75482489ms] GC(20817) Pause Young (Normal) (G1 Evacuation Pause)
[2023-11-10T11:31:18.857-0800][75482489ms] GC(20817) Using 10 workers of 10 for evacuation
[2023-11-10T11:31:18.864-0800][75482496ms] GC(20817)   Pre Evacuate Collection Set: 0.0ms
[2023-11-10T11:31:18.864-0800][75482496ms] GC(20817)   Evacuate Collection Set: 2.5ms
[2023-11-10T11:31:18.864-0800][75482496ms] GC(20817)   Post Evacuate Collection Set: 3.8ms
[2023-11-10T11:31:18.864-0800][75482496ms] GC(20817)   Other: 0.3ms
[2023-11-10T11:31:18.864-0800][75482496ms] GC(20817) Eden regions: 215->0(215)
[2023-11-10T11:31:18.864-0800][75482496ms] GC(20817) Survivor regions: 1->1(27)
[2023-11-10T11:31:18.864-0800][75482496ms] GC(20817) Old regions: 1398->1398
[2023-11-10T11:31:18.864-0800][75482496ms] GC(20817) Humongous regions: 5->5
[2023-11-10T11:31:18.864-0800][75482496ms] GC(20817) Metaspace: 304797K->304797K(1347584K)
[2023-11-10T11:31:18.864-0800][75482496ms] GC(20817) Pause Young (Normal) (G1 Evacuation Pause) 3234M->2804M(3602M) 6.674ms
[2023-11-10T11:31:18.864-0800][75482496ms] GC(20817) User=0.00s Sys=0.00s Real=0.01s
[2023-11-10T11:31:19.420-0800][75483052ms] GC(20818) Pause Young (Normal) (G1 Evacuation Pause)
[2023-11-10T11:31:19.420-0800][75483052ms] GC(20818) Using 10 workers of 10 for evacuation
[2023-11-10T11:31:19.427-0800][75483059ms] GC(20818)   Pre Evacuate Collection Set: 0.1ms
[2023-11-10T11:31:19.427-0800][75483059ms] GC(20818)   Evacuate Collection Set: 2.8ms
[2023-11-10T11:31:19.427-0800][75483059ms] GC(20818)   Post Evacuate Collection Set: 4.3ms
[2023-11-10T11:31:19.427-0800][75483059ms] GC(20818)   Other: 0.4ms
[2023-11-10T11:31:19.427-0800][75483059ms] GC(20818) Eden regions: 215->0(215)
[2023-11-10T11:31:19.427-0800][75483059ms] GC(20818) Survivor regions: 1->1(27)
[2023-11-10T11:31:19.427-0800][75483059ms] GC(20818) Old regions: 1398->1398
[2023-11-10T11:31:19.427-0800][75483059ms] GC(20818) Humongous regions: 5->5
[2023-11-10T11:31:19.427-0800][75483059ms] GC(20818) Metaspace: 304797K->304797K(1347584K)
[2023-11-10T11:31:19.427-0800][75483059ms] GC(20818) Pause Young (Normal) (G1 Evacuation Pause) 3234M->2804M(3602M) 7.600ms
[2023-11-10T11:31:19.427-0800][75483059ms] GC(20818) User=0.00s Sys=0.00s Real=0.01s
[2023-11-10T11:31:19.993-0800][75483625ms] GC(20819) Pause Young (Normal) (G1 Evacuation Pause)
[2023-11-10T11:31:19.993-0800][75483625ms] GC(20819) Using 10 workers of 10 for evacuation
[2023-11-10T11:31:19.999-0800][75483631ms] GC(20819)   Pre Evacuate Collection Set: 0.0ms
[2023-11-10T11:31:19.999-0800][75483631ms] GC(20819)   Evacuate Collection Set: 2.0ms
[2023-11-10T11:31:19.999-0800][75483631ms] GC(20819)   Post Evacuate Collection Set: 4.7ms
[2023-11-10T11:31:19.999-0800][75483631ms] GC(20819)   Other: 0.3ms
[2023-11-10T11:31:19.999-0800][75483631ms] GC(20819) Eden regions: 215->0(215)
[2023-11-10T11:31:19.999-0800][75483631ms] GC(20819) Survivor regions: 1->1(27)
[2023-11-10T11:31:19.999-0800][75483631ms] GC(20819) Old regions: 1398->1398
[2023-11-10T11:31:19.999-0800][75483631ms] GC(20819) Humongous regions: 5->5
[2023-11-10T11:31:19.999-0800][75483631ms] GC(20819) Metaspace: 304797K->304797K(1347584K)
[2023-11-10T11:31:19.999-0800][75483631ms] GC(20819) Pause Young (Normal) (G1 Evacuation Pause) 3234M->2804M(3602M) 7.255ms
[2023-11-10T11:31:19.999-0800][75483631ms] GC(20819) User=0.00s Sys=0.00s Real=0.01s
[2023-11-10T11:31:20.554-0800][75484186ms] GC(20820) Pause Young (Normal) (G1 Evacuation Pause)
[2023-11-10T11:31:20.554-0800][75484186ms] GC(20820) Using 10 workers of 10 for evacuation
[2023-11-10T11:31:20.577-0800][75484209ms] GC(20820)   Pre Evacuate Collection Set: 0.0ms
[2023-11-10T11:31:20.578-0800][75484210ms] GC(20820)   Evacuate Collection Set: 17.7ms
[2023-11-10T11:31:20.578-0800][75484210ms] GC(20820)   Post Evacuate Collection Set: 4.4ms
[2023-11-10T11:31:20.578-0800][75484210ms] GC(20820)   Other: 0.3ms
[2023-11-10T11:31:20.578-0800][75484210ms] GC(20820) Eden regions: 215->0(215)
[2023-11-10T11:31:20.578-0800][75484210ms] GC(20820) Survivor regions: 1->1(27)
[2023-11-10T11:31:20.578-0800][75484210ms] GC(20820) Old regions: 1398->1398
[2023-11-10T11:31:20.578-0800][75484210ms] GC(20820) Humongous regions: 5->5
[2023-11-10T11:31:20.578-0800][75484210ms] GC(20820) Metaspace: 304797K->304797K(1347584K)
[2023-11-10T11:31:20.578-0800][75484210ms] GC(20820) Pause Young (Normal) (G1 Evacuation Pause) 3234M->2805M(3602M) 22.512ms
[2023-11-10T11:31:20.578-0800][75484210ms] GC(20820) User=0.00s Sys=0.00s Real=0.02s
[2023-11-10T11:31:21.158-0800][75484790ms] GC(20821) Pause Young (Normal) (G1 Evacuation Pause)
[2023-11-10T11:31:21.158-0800][75484790ms] GC(20821) Using 10 workers of 10 for evacuation
[2023-11-10T11:31:21.165-0800][75484797ms] GC(20821)   Pre Evacuate Collection Set: 0.1ms
[2023-11-10T11:31:21.165-0800][75484797ms] GC(20821)   Evacuate Collection Set: 2.9ms
[2023-11-10T11:31:21.165-0800][75484797ms] GC(20821)   Post Evacuate Collection Set: 4.4ms
[2023-11-10T11:31:21.166-0800][75484798ms] GC(20821)   Other: 0.6ms
[2023-11-10T11:31:21.166-0800][75484798ms] GC(20821) Eden regions: 215->0(215)
[2023-11-10T11:31:21.166-0800][75484798ms] GC(20821) Survivor regions: 1->1(27)
[2023-11-10T11:31:21.166-0800][75484798ms] GC(20821) Old regions: 1398->1398
[2023-11-10T11:31:21.166-0800][75484798ms] GC(20821) Humongous regions: 5->5
[2023-11-10T11:31:21.166-0800][75484798ms] GC(20821) Metaspace: 304797K->304797K(1347584K)
[2023-11-10T11:31:21.166-0800][75484798ms] GC(20821) Pause Young (Normal) (G1 Evacuation Pause) 3235M->2805M(3602M) 8.102ms
[2023-11-10T11:31:21.166-0800][75484798ms] GC(20821) User=0.00s Sys=0.00s Real=0.01s
[2023-11-10T11:31:21.744-0800][75485376ms] GC(20822) Pause Young (Normal) (G1 Evacuation Pause)
[2023-11-10T11:31:21.744-0800][75485376ms] GC(20822) Using 10 workers of 10 for evacuation
[2023-11-10T11:31:21.750-0800][75485382ms] GC(20822)   Pre Evacuate Collection Set: 0.1ms
[2023-11-10T11:31:21.750-0800][75485382ms] GC(20822)   Evacuate Collection Set: 2.4ms
[2023-11-10T11:31:21.750-0800][75485382ms] GC(20822)   Post Evacuate Collection Set: 3.6ms
[2023-11-10T11:31:21.750-0800][75485382ms] GC(20822)   Other: 0.4ms
[2023-11-10T11:31:21.750-0800][75485382ms] GC(20822) Eden regions: 215->0(215)
[2023-11-10T11:31:21.750-0800][75485382ms] GC(20822) Survivor regions: 1->1(27)
[2023-11-10T11:31:21.750-0800][75485382ms] GC(20822) Old regions: 1398->1398
[2023-11-10T11:31:21.750-0800][75485382ms] GC(20822) Humongous regions: 5->5
[2023-11-10T11:31:21.750-0800][75485382ms] GC(20822) Metaspace: 304797K->304797K(1347584K)
[2023-11-10T11:31:21.750-0800][75485382ms] GC(20822) Pause Young (Normal) (G1 Evacuation Pause) 3235M->2804M(3602M) 6.468ms
[2023-11-10T11:31:21.750-0800][75485382ms] GC(20822) User=0.00s Sys=0.00s Real=0.01s
[2023-11-10T11:31:22.276-0800][75485908ms] GC(20823) Pause Young (Normal) (G1 Evacuation Pause)
[2023-11-10T11:31:22.276-0800][75485908ms] GC(20823) Using 10 workers of 10 for evacuation
[2023-11-10T11:31:22.284-0800][75485916ms] GC(20823)   Pre Evacuate Collection Set: 0.1ms
[2023-11-10T11:31:22.284-0800][75485916ms] GC(20823)   Evacuate Collection Set: 2.5ms
[2023-11-10T11:31:22.284-0800][75485916ms] GC(20823)   Post Evacuate Collection Set: 5.4ms
[2023-11-10T11:31:22.284-0800][75485916ms] GC(20823)   Other: 0.4ms
[2023-11-10T11:31:22.284-0800][75485916ms] GC(20823) Eden regions: 215->0(214)
[2023-11-10T11:31:22.284-0800][75485916ms] GC(20823) Survivor regions: 1->1(27)
[2023-11-10T11:31:22.284-0800][75485916ms] GC(20823) Old regions: 1398->1398
[2023-11-10T11:31:22.284-0800][75485916ms] GC(20823) Humongous regions: 5->5
[2023-11-10T11:31:22.284-0800][75485916ms] GC(20823) Metaspace: 304797K->304797K(1347584K)
[2023-11-10T11:31:22.284-0800][75485916ms] GC(20823) Pause Young (Normal) (G1 Evacuation Pause) 3234M->2806M(3602M) 8.490ms
[2023-11-10T11:31:22.284-0800][75485916ms] GC(20823) User=0.00s Sys=0.00s Real=0.01s
[2023-11-10T11:31:22.812-0800][75486444ms] GC(20824) Pause Young (Normal) (G1 Evacuation Pause)
[2023-11-10T11:31:22.812-0800][75486444ms] GC(20824) Using 10 workers of 10 for evacuation
[2023-11-10T11:31:22.817-0800][75486449ms] GC(20824)   Pre Evacuate Collection Set: 0.0ms
[2023-11-10T11:31:22.817-0800][75486449ms] GC(20824)   Evacuate Collection Set: 1.7ms
[2023-11-10T11:31:22.817-0800][75486449ms] GC(20824)   Post Evacuate Collection Set: 3.1ms
[2023-11-10T11:31:22.817-0800][75486449ms] GC(20824)   Other: 0.3ms
[2023-11-10T11:31:22.817-0800][75486449ms] GC(20824) Eden regions: 214->0(214)
[2023-11-10T11:31:22.817-0800][75486449ms] GC(20824) Survivor regions: 1->1(27)
[2023-11-10T11:31:22.817-0800][75486449ms] GC(20824) Old regions: 1398->1398
[2023-11-10T11:31:22.817-0800][75486449ms] GC(20824) Humongous regions: 5->5
[2023-11-10T11:31:22.817-0800][75486449ms] GC(20824) Metaspace: 304797K->304797K(1347584K)
[2023-11-10T11:31:22.817-0800][75486449ms] GC(20824) Pause Young (Normal) (G1 Evacuation Pause) 3234M->2805M(3602M) 5.205ms
[2023-11-10T11:31:22.817-0800][75486449ms] GC(20824) User=0.00s Sys=0.00s Real=0.00s
[2023-11-10T11:31:23.351-0800][75486983ms] GC(20825) Pause Young (Normal) (G1 Evacuation Pause)
[2023-11-10T11:31:23.351-0800][75486983ms] GC(20825) Using 10 workers of 10 for evacuation
[2023-11-10T11:31:23.357-0800][75486989ms] GC(20825)   Pre Evacuate Collection Set: 0.0ms
[2023-11-10T11:31:23.357-0800][75486989ms] GC(20825)   Evacuate Collection Set: 1.6ms
[2023-11-10T11:31:23.357-0800][75486989ms] GC(20825)   Post Evacuate Collection Set: 3.3ms
[2023-11-10T11:31:23.357-0800][75486989ms] GC(20825)   Other: 0.3ms
[2023-11-10T11:31:23.357-0800][75486989ms] GC(20825) Eden regions: 214->0(214)
[2023-11-10T11:31:23.357-0800][75486989ms] GC(20825) Survivor regions: 1->1(27)
[2023-11-10T11:31:23.357-0800][75486989ms] GC(20825) Old regions: 1398->1398
[2023-11-10T11:31:23.357-0800][75486989ms] GC(20825) Humongous regions: 5->5
[2023-11-10T11:31:23.357-0800][75486989ms] GC(20825) Metaspace: 304797K->304797K(1347584K)
[2023-11-10T11:31:23.357-0800][75486989ms] GC(20825) Pause Young (Normal) (G1 Evacuation Pause) 3233M->2804M(3602M) 5.380ms
[2023-11-10T11:31:23.357-0800][75486989ms] GC(20825) User=0.00s Sys=0.00s Real=0.01s
[2023-11-10T11:31:23.845-0800][75487477ms] GC(20826) Pause Young (Normal) (G1 Evacuation Pause)
[2023-11-10T11:31:23.845-0800][75487477ms] GC(20826) Using 10 workers of 10 for evacuation
[2023-11-10T11:31:23.851-0800][75487483ms] GC(20826)   Pre Evacuate Collection Set: 0.0ms
[2023-11-10T11:31:23.851-0800][75487483ms] GC(20826)   Evacuate Collection Set: 1.8ms
[2023-11-10T11:31:23.851-0800][75487483ms] GC(20826)   Post Evacuate Collection Set: 3.0ms
[2023-11-10T11:31:23.851-0800][75487483ms] GC(20826)   Other: 0.2ms
[2023-11-10T11:31:23.851-0800][75487483ms] GC(20826) Eden regions: 214->0(214)
[2023-11-10T11:31:23.851-0800][75487483ms] GC(20826) Survivor regions: 1->1(27)
[2023-11-10T11:31:23.851-0800][75487483ms] GC(20826) Old regions: 1398->1398
[2023-11-10T11:31:23.851-0800][75487483ms] GC(20826) Humongous regions: 5->5
[2023-11-10T11:31:23.851-0800][75487483ms] GC(20826) Metaspace: 304797K->304797K(1347584K)
[2023-11-10T11:31:23.851-0800][75487483ms] GC(20826) Pause Young (Normal) (G1 Evacuation Pause) 3232M->2804M(3602M) 5.193ms
[2023-11-10T11:31:23.851-0800][75487483ms] GC(20826) User=0.00s Sys=0.00s Real=0.01s
[2023-11-10T11:31:24.356-0800][75487988ms] GC(20827) Pause Young (Normal) (G1 Evacuation Pause)
[2023-11-10T11:31:24.356-0800][75487988ms] GC(20827) Using 10 workers of 10 for evacuation
[2023-11-10T11:31:24.362-0800][75487994ms] GC(20827)   Pre Evacuate Collection Set: 0.0ms
[2023-11-10T11:31:24.362-0800][75487994ms] GC(20827)   Evacuate Collection Set: 1.7ms
[2023-11-10T11:31:24.362-0800][75487994ms] GC(20827)   Post Evacuate Collection Set: 3.2ms
[2023-11-10T11:31:24.362-0800][75487994ms] GC(20827)   Other: 0.2ms
[2023-11-10T11:31:24.362-0800][75487994ms] GC(20827) Eden regions: 214->0(215)
[2023-11-10T11:31:24.362-0800][75487994ms] GC(20827) Survivor regions: 1->1(27)
[2023-11-10T11:31:24.362-0800][75487994ms] GC(20827) Old regions: 1398->1398
[2023-11-10T11:31:24.362-0800][75487994ms] GC(20827) Humongous regions: 5->5
[2023-11-10T11:31:24.362-0800][75487994ms] GC(20827) Metaspace: 304797K->304797K(1347584K)
[2023-11-10T11:31:24.362-0800][75487994ms] GC(20827) Pause Young (Normal) (G1 Evacuation Pause) 3232M->2804M(3602M) 5.209ms
[2023-11-10T11:31:24.362-0800][75487994ms] GC(20827) User=0.00s Sys=0.00s Real=0.01s
[2023-11-10T11:31:24.857-0800][75488489ms] GC(20828) Pause Young (Normal) (G1 Evacuation Pause)
[2023-11-10T11:31:24.857-0800][75488489ms] GC(20828) Using 10 workers of 10 for evacuation
[2023-11-10T11:31:24.862-0800][75488494ms] GC(20828)   Pre Evacuate Collection Set: 0.0ms
[2023-11-10T11:31:24.862-0800][75488494ms] GC(20828)   Evacuate Collection Set: 1.7ms
[2023-11-10T11:31:24.862-0800][75488494ms] GC(20828)   Post Evacuate Collection Set: 3.3ms
[2023-11-10T11:31:24.862-0800][75488494ms] GC(20828)   Other: 0.3ms
[2023-11-10T11:31:24.862-0800][75488494ms] GC(20828) Eden regions: 215->0(215)
[2023-11-10T11:31:24.862-0800][75488494ms] GC(20828) Survivor regions: 1->1(27)
[2023-11-10T11:31:24.862-0800][75488494ms] GC(20828) Old regions: 1398->1398
[2023-11-10T11:31:24.862-0800][75488494ms] GC(20828) Humongous regions: 5->5
[2023-11-10T11:31:24.862-0800][75488494ms] GC(20828) Metaspace: 304797K->304797K(1347584K)
[2023-11-10T11:31:24.862-0800][75488494ms] GC(20828) Pause Young (Normal) (G1 Evacuation Pause) 3234M->2804M(3602M) 5.547ms
[2023-11-10T11:31:24.862-0800][75488494ms] GC(20828) User=0.00s Sys=0.00s Real=0.00s
[2023-11-10T11:31:25.405-0800][75489037ms] GC(20829) Pause Young (Normal) (G1 Evacuation Pause)
[2023-11-10T11:31:25.405-0800][75489037ms] GC(20829) Using 10 workers of 10 for evacuation
[2023-11-10T11:31:25.410-0800][75489042ms] GC(20829)   Pre Evacuate Collection Set: 0.0ms
[2023-11-10T11:31:25.411-0800][75489043ms] GC(20829)   Evacuate Collection Set: 1.7ms
[2023-11-10T11:31:25.411-0800][75489043ms] GC(20829)   Post Evacuate Collection Set: 3.3ms
[2023-11-10T11:31:25.411-0800][75489043ms] GC(20829)   Other: 0.3ms
[2023-11-10T11:31:25.411-0800][75489043ms] GC(20829) Eden regions: 215->0(214)
[2023-11-10T11:31:25.411-0800][75489043ms] GC(20829) Survivor regions: 1->1(27)
[2023-11-10T11:31:25.411-0800][75489043ms] GC(20829) Old regions: 1398->1398
[2023-11-10T11:31:25.411-0800][75489043ms] GC(20829) Humongous regions: 5->5
[2023-11-10T11:31:25.411-0800][75489043ms] GC(20829) Metaspace: 304797K->304797K(1347584K)
[2023-11-10T11:31:25.411-0800][75489043ms] GC(20829) Pause Young (Normal) (G1 Evacuation Pause) 3234M->2805M(3602M) 5.475ms
[2023-11-10T11:31:25.411-0800][75489043ms] GC(20829) User=0.00s Sys=0.00s Real=0.01s
[2023-11-10T11:31:25.898-0800][75489530ms] GC(20830) Pause Young (Normal) (G1 Evacuation Pause)
[2023-11-10T11:31:25.898-0800][75489530ms] GC(20830) Using 10 workers of 10 for evacuation
[2023-11-10T11:31:25.903-0800][75489535ms] GC(20830)   Pre Evacuate Collection Set: 0.0ms
[2023-11-10T11:31:25.904-0800][75489536ms] GC(20830)   Evacuate Collection Set: 1.8ms
[2023-11-10T11:31:25.904-0800][75489536ms] GC(20830)   Post Evacuate Collection Set: 3.3ms
[2023-11-10T11:31:25.904-0800][75489536ms] GC(20830)   Other: 0.3ms
[2023-11-10T11:31:25.904-0800][75489536ms] GC(20830) Eden regions: 214->0(214)
[2023-11-10T11:31:25.904-0800][75489536ms] GC(20830) Survivor regions: 1->1(27)
[2023-11-10T11:31:25.904-0800][75489536ms] GC(20830) Old regions: 1398->1398
[2023-11-10T11:31:25.904-0800][75489536ms] GC(20830) Humongous regions: 5->5
[2023-11-10T11:31:25.904-0800][75489536ms] GC(20830) Metaspace: 304797K->304797K(1347584K)
[2023-11-10T11:31:25.904-0800][75489536ms] GC(20830) Pause Young (Normal) (G1 Evacuation Pause) 3233M->2805M(3602M) 5.518ms
[2023-11-10T11:31:25.904-0800][75489536ms] GC(20830) User=0.00s Sys=0.00s Real=0.01s
[2023-11-10T11:31:26.451-0800][75490083ms] GC(20831) Pause Young (Normal) (G1 Evacuation Pause)
[2023-11-10T11:31:26.451-0800][75490083ms] GC(20831) Using 10 workers of 10 for evacuation
[2023-11-10T11:31:26.457-0800][75490089ms] GC(20831)   Pre Evacuate Collection Set: 0.1ms
[2023-11-10T11:31:26.457-0800][75490089ms] GC(20831)   Evacuate Collection Set: 1.8ms
[2023-11-10T11:31:26.457-0800][75490089ms] GC(20831)   Post Evacuate Collection Set: 3.4ms
[2023-11-10T11:31:26.457-0800][75490089ms] GC(20831)   Other: 0.3ms
[2023-11-10T11:31:26.457-0800][75490089ms] GC(20831) Eden regions: 214->0(214)
[2023-11-10T11:31:26.457-0800][75490089ms] GC(20831) Survivor regions: 1->1(27)
[2023-11-10T11:31:26.457-0800][75490089ms] GC(20831) Old regions: 1398->1398
[2023-11-10T11:31:26.457-0800][75490089ms] GC(20831) Humongous regions: 5->5
[2023-11-10T11:31:26.457-0800][75490089ms] GC(20831) Metaspace: 304797K->304797K(1347584K)
[2023-11-10T11:31:26.457-0800][75490089ms] GC(20831) Pause Young (Normal) (G1 Evacuation Pause) 3233M->2805M(3602M) 5.692ms
[2023-11-10T11:31:26.457-0800][75490089ms] GC(20831) User=0.00s Sys=0.00s Real=0.01s
[2023-11-10T11:31:26.970-0800][75490602ms] GC(20832) Pause Young (Normal) (G1 Evacuation Pause)
[2023-11-10T11:31:26.970-0800][75490602ms] GC(20832) Using 10 workers of 10 for evacuation
[2023-11-10T11:31:26.976-0800][75490608ms] GC(20832)   Pre Evacuate Collection Set: 0.0ms
[2023-11-10T11:31:26.976-0800][75490608ms] GC(20832)   Evacuate Collection Set: 1.8ms
[2023-11-10T11:31:26.976-0800][75490608ms] GC(20832)   Post Evacuate Collection Set: 3.1ms
[2023-11-10T11:31:26.976-0800][75490608ms] GC(20832)   Other: 0.3ms
[2023-11-10T11:31:26.976-0800][75490608ms] GC(20832) Eden regions: 214->0(215)
[2023-11-10T11:31:26.976-0800][75490608ms] GC(20832) Survivor regions: 1->1(27)
[2023-11-10T11:31:26.976-0800][75490608ms] GC(20832) Old regions: 1398->1398
[2023-11-10T11:31:26.976-0800][75490608ms] GC(20832) Humongous regions: 5->5
[2023-11-10T11:31:26.976-0800][75490608ms] GC(20832) Metaspace: 304797K->304797K(1347584K)
[2023-11-10T11:31:26.976-0800][75490608ms] GC(20832) Pause Young (Normal) (G1 Evacuation Pause) 3233M->2805M(3602M) 5.335ms
[2023-11-10T11:31:26.976-0800][75490608ms] GC(20832) User=0.00s Sys=0.00s Real=0.01s
[2023-11-10T11:31:27.562-0800][75491194ms] GC(20833) Pause Young (Normal) (G1 Evacuation Pause)
[2023-11-10T11:31:27.562-0800][75491194ms] GC(20833) Using 10 workers of 10 for evacuation
[2023-11-10T11:31:27.568-0800][75491200ms] GC(20833)   Pre Evacuate Collection Set: 0.1ms
[2023-11-10T11:31:27.568-0800][75491200ms] GC(20833)   Evacuate Collection Set: 1.8ms
[2023-11-10T11:31:27.568-0800][75491200ms] GC(20833)   Post Evacuate Collection Set: 3.2ms
[2023-11-10T11:31:27.568-0800][75491200ms] GC(20833)   Other: 0.3ms
[2023-11-10T11:31:27.568-0800][75491200ms] GC(20833) Eden regions: 215->0(215)
[2023-11-10T11:31:27.568-0800][75491200ms] GC(20833) Survivor regions: 1->1(27)
[2023-11-10T11:31:27.568-0800][75491200ms] GC(20833) Old regions: 1398->1398
[2023-11-10T11:31:27.568-0800][75491200ms] GC(20833) Humongous regions: 5->5
[2023-11-10T11:31:27.568-0800][75491200ms] GC(20833) Metaspace: 304797K->304797K(1347584K)
[2023-11-10T11:31:27.568-0800][75491200ms] GC(20833) Pause Young (Normal) (G1 Evacuation Pause) 3235M->2805M(3602M) 5.492ms
[2023-11-10T11:31:27.568-0800][75491200ms] GC(20833) User=0.00s Sys=0.00s Real=0.01s
[2023-11-10T11:31:28.153-0800][75491785ms] GC(20834) Pause Young (Normal) (G1 Evacuation Pause)
[2023-11-10T11:31:28.153-0800][75491785ms] GC(20834) Using 10 workers of 10 for evacuation
[2023-11-10T11:31:28.158-0800][75491790ms] GC(20834)   Pre Evacuate Collection Set: 0.0ms
[2023-11-10T11:31:28.158-0800][75491790ms] GC(20834)   Evacuate Collection Set: 2.0ms
[2023-11-10T11:31:28.158-0800][75491790ms] GC(20834)   Post Evacuate Collection Set: 3.1ms
[2023-11-10T11:31:28.158-0800][75491790ms] GC(20834)   Other: 0.3ms
[2023-11-10T11:31:28.158-0800][75491790ms] GC(20834) Eden regions: 215->0(215)
[2023-11-10T11:31:28.158-0800][75491790ms] GC(20834) Survivor regions: 1->1(27)
[2023-11-10T11:31:28.158-0800][75491790ms] GC(20834) Old regions: 1398->1398
[2023-11-10T11:31:28.158-0800][75491790ms] GC(20834) Humongous regions: 5->5
[2023-11-10T11:31:28.158-0800][75491790ms] GC(20834) Metaspace: 304797K->304797K(1347584K)
[2023-11-10T11:31:28.158-0800][75491790ms] GC(20834) Pause Young (Normal) (G1 Evacuation Pause) 3235M->2805M(3602M) 5.491ms
[2023-11-10T11:31:28.158-0800][75491790ms] GC(20834) User=0.00s Sys=0.00s Real=0.00s
[2023-11-10T11:31:28.647-0800][75492279ms] GC(20835) Pause Young (Normal) (G1 Evacuation Pause)
[2023-11-10T11:31:28.647-0800][75492279ms] GC(20835) Using 10 workers of 10 for evacuation
[2023-11-10T11:31:28.654-0800][75492286ms] GC(20835)   Pre Evacuate Collection Set: 0.1ms
[2023-11-10T11:31:28.654-0800][75492286ms] GC(20835)   Evacuate Collection Set: 2.0ms
[2023-11-10T11:31:28.654-0800][75492286ms] GC(20835)   Post Evacuate Collection Set: 3.4ms
[2023-11-10T11:31:28.654-0800][75492286ms] GC(20835)   Other: 0.3ms
[2023-11-10T11:31:28.654-0800][75492286ms] GC(20835) Eden regions: 215->0(215)
[2023-11-10T11:31:28.654-0800][75492286ms] GC(20835) Survivor regions: 1->1(27)
[2023-11-10T11:31:28.654-0800][75492286ms] GC(20835) Old regions: 1398->1398
[2023-11-10T11:31:28.654-0800][75492286ms] GC(20835) Humongous regions: 5->5
[2023-11-10T11:31:28.654-0800][75492286ms] GC(20835) Metaspace: 304797K->304797K(1347584K)
[2023-11-10T11:31:28.654-0800][75492286ms] GC(20835) Pause Young (Normal) (G1 Evacuation Pause) 3235M->2805M(3602M) 5.867ms
[2023-11-10T11:31:28.654-0800][75492286ms] GC(20835) User=0.00s Sys=0.00s Real=0.01s
[2023-11-10T11:31:29.232-0800][75492864ms] GC(20836) Pause Young (Normal) (GCLocker Initiated GC)
[2023-11-10T11:31:29.232-0800][75492864ms] GC(20836) Using 10 workers of 10 for evacuation
[2023-11-10T11:31:29.237-0800][75492869ms] GC(20836)   Pre Evacuate Collection Set: 0.0ms
[2023-11-10T11:31:29.237-0800][75492869ms] GC(20836)   Evacuate Collection Set: 1.8ms
[2023-11-10T11:31:29.237-0800][75492869ms] GC(20836)   Post Evacuate Collection Set: 3.5ms
[2023-11-10T11:31:29.237-0800][75492869ms] GC(20836)   Other: 0.3ms
[2023-11-10T11:31:29.237-0800][75492869ms] GC(20836) Eden regions: 215->0(215)
[2023-11-10T11:31:29.237-0800][75492869ms] GC(20836) Survivor regions: 1->1(27)
[2023-11-10T11:31:29.237-0800][75492869ms] GC(20836) Old regions: 1398->1398
[2023-11-10T11:31:29.237-0800][75492869ms] GC(20836) Humongous regions: 5->5
[2023-11-10T11:31:29.237-0800][75492869ms] GC(20836) Metaspace: 304797K->304797K(1347584K)
[2023-11-10T11:31:29.237-0800][75492869ms] GC(20836) Pause Young (Normal) (GCLocker Initiated GC) 3235M->2805M(3602M) 5.731ms
[2023-11-10T11:31:29.237-0800][75492869ms] GC(20836) User=0.00s Sys=0.00s Real=0.00s
[2023-11-10T11:31:29.819-0800][75493451ms] GC(20837) Pause Young (Normal) (GCLocker Initiated GC)
[2023-11-10T11:31:29.819-0800][75493451ms] GC(20837) Using 10 workers of 10 for evacuation
[2023-11-10T11:31:29.827-0800][75493459ms] GC(20837)   Pre Evacuate Collection Set: 0.1ms
[2023-11-10T11:31:29.827-0800][75493459ms] GC(20837)   Evacuate Collection Set: 2.2ms
[2023-11-10T11:31:29.827-0800][75493459ms] GC(20837)   Post Evacuate Collection Set: 5.4ms
[2023-11-10T11:31:29.827-0800][75493459ms] GC(20837)   Other: 0.4ms
[2023-11-10T11:31:29.827-0800][75493459ms] GC(20837) Eden regions: 215->0(215)
[2023-11-10T11:31:29.827-0800][75493459ms] GC(20837) Survivor regions: 1->1(27)
[2023-11-10T11:31:29.827-0800][75493459ms] GC(20837) Old regions: 1398->1398
[2023-11-10T11:31:29.827-0800][75493459ms] GC(20837) Humongous regions: 5->5
[2023-11-10T11:31:29.827-0800][75493459ms] GC(20837) Metaspace: 304797K->304797K(1347584K)
[2023-11-10T11:31:29.827-0800][75493459ms] GC(20837) Pause Young (Normal) (GCLocker Initiated GC) 3235M->2805M(3602M) 8.196ms
[2023-11-10T11:31:29.827-0800][75493459ms] GC(20837) User=0.11s Sys=0.00s Real=0.01s
[2023-11-10T11:31:30.443-0800][75494075ms] GC(20838) Pause Young (Normal) (GCLocker Initiated GC)
[2023-11-10T11:31:30.443-0800][75494075ms] GC(20838) Using 10 workers of 10 for evacuation
[2023-11-10T11:31:30.449-0800][75494081ms] GC(20838)   Pre Evacuate Collection Set: 0.0ms
[2023-11-10T11:31:30.449-0800][75494081ms] GC(20838)   Evacuate Collection Set: 1.7ms
[2023-11-10T11:31:30.449-0800][75494081ms] GC(20838)   Post Evacuate Collection Set: 4.0ms
[2023-11-10T11:31:30.449-0800][75494081ms] GC(20838)   Other: 0.3ms
[2023-11-10T11:31:30.449-0800][75494081ms] GC(20838) Eden regions: 215->0(215)
[2023-11-10T11:31:30.449-0800][75494081ms] GC(20838) Survivor regions: 1->1(27)
[2023-11-10T11:31:30.449-0800][75494081ms] GC(20838) Old regions: 1398->1398
[2023-11-10T11:31:30.449-0800][75494081ms] GC(20838) Humongous regions: 5->5
[2023-11-10T11:31:30.449-0800][75494081ms] GC(20838) Metaspace: 304797K->304797K(1347584K)
[2023-11-10T11:31:30.449-0800][75494081ms] GC(20838) Pause Young (Normal) (GCLocker Initiated GC) 3235M->2805M(3602M) 6.225ms
[2023-11-10T11:31:30.449-0800][75494081ms] GC(20838) User=0.02s Sys=0.00s Real=0.01s
[2023-11-10T11:31:30.955-0800][75494587ms] GC(20839) Pause Young (Normal) (GCLocker Initiated GC)
[2023-11-10T11:31:30.955-0800][75494587ms] GC(20839) Using 10 workers of 10 for evacuation
[2023-11-10T11:31:30.962-0800][75494594ms] GC(20839)   Pre Evacuate Collection Set: 0.1ms
[2023-11-10T11:31:30.962-0800][75494594ms] GC(20839)   Evacuate Collection Set: 1.8ms
[2023-11-10T11:31:30.962-0800][75494594ms] GC(20839)   Post Evacuate Collection Set: 4.6ms
[2023-11-10T11:31:30.962-0800][75494594ms] GC(20839)   Other: 0.3ms
[2023-11-10T11:31:30.962-0800][75494594ms] GC(20839) Eden regions: 216->0(215)
[2023-11-10T11:31:30.962-0800][75494594ms] GC(20839) Survivor regions: 1->1(27)
[2023-11-10T11:31:30.962-0800][75494594ms] GC(20839) Old regions: 1398->1398
[2023-11-10T11:31:30.962-0800][75494594ms] GC(20839) Humongous regions: 5->5
[2023-11-10T11:31:30.962-0800][75494594ms] GC(20839) Metaspace: 304797K->304797K(1347584K)
[2023-11-10T11:31:30.962-0800][75494594ms] GC(20839) Pause Young (Normal) (GCLocker Initiated GC) 3236M->2805M(3602M) 6.896ms
[2023-11-10T11:31:30.962-0800][75494594ms] GC(20839) User=0.02s Sys=0.00s Real=0.01s
[2023-11-10T11:31:31.555-0800][75495187ms] GC(20840) Pause Young (Normal) (G1 Evacuation Pause)
[2023-11-10T11:31:31.555-0800][75495187ms] GC(20840) Using 10 workers of 10 for evacuation
[2023-11-10T11:31:31.560-0800][75495192ms] GC(20840)   Pre Evacuate Collection Set: 0.1ms
[2023-11-10T11:31:31.560-0800][75495192ms] GC(20840)   Evacuate Collection Set: 1.6ms
[2023-11-10T11:31:31.560-0800][75495192ms] GC(20840)   Post Evacuate Collection Set: 3.1ms
[2023-11-10T11:31:31.560-0800][75495192ms] GC(20840)   Other: 0.2ms
[2023-11-10T11:31:31.560-0800][75495192ms] GC(20840) Eden regions: 215->0(215)
[2023-11-10T11:31:31.560-0800][75495192ms] GC(20840) Survivor regions: 1->1(27)
[2023-11-10T11:31:31.560-0800][75495192ms] GC(20840) Old regions: 1398->1398
[2023-11-10T11:31:31.560-0800][75495192ms] GC(20840) Humongous regions: 5->5
[2023-11-10T11:31:31.560-0800][75495192ms] GC(20840) Metaspace: 304797K->304797K(1347584K)
[2023-11-10T11:31:31.560-0800][75495192ms] GC(20840) Pause Young (Normal) (G1 Evacuation Pause) 3235M->2805M(3602M) 5.124ms
[2023-11-10T11:31:31.560-0800][75495192ms] GC(20840) User=0.00s Sys=0.00s Real=0.00s
[2023-11-10T11:31:32.084-0800][75495716ms] GC(20841) Pause Young (Normal) (G1 Evacuation Pause)
[2023-11-10T11:31:32.084-0800][75495716ms] GC(20841) Using 10 workers of 10 for evacuation
[2023-11-10T11:31:32.090-0800][75495722ms] GC(20841)   Pre Evacuate Collection Set: 0.1ms
[2023-11-10T11:31:32.090-0800][75495722ms] GC(20841)   Evacuate Collection Set: 2.0ms
[2023-11-10T11:31:32.090-0800][75495722ms] GC(20841)   Post Evacuate Collection Set: 3.1ms
[2023-11-10T11:31:32.090-0800][75495722ms] GC(20841)   Other: 0.3ms
[2023-11-10T11:31:32.090-0800][75495722ms] GC(20841) Eden regions: 215->0(215)
[2023-11-10T11:31:32.090-0800][75495722ms] GC(20841) Survivor regions: 1->1(27)
[2023-11-10T11:31:32.090-0800][75495722ms] GC(20841) Old regions: 1398->1398
[2023-11-10T11:31:32.090-0800][75495722ms] GC(20841) Humongous regions: 5->5
[2023-11-10T11:31:32.090-0800][75495722ms] GC(20841) Metaspace: 304797K->304797K(1347584K)
[2023-11-10T11:31:32.090-0800][75495722ms] GC(20841) Pause Young (Normal) (G1 Evacuation Pause) 3235M->2805M(3602M) 5.579ms
[2023-11-10T11:31:32.090-0800][75495722ms] GC(20841) User=0.00s Sys=0.00s Real=0.01s
[2023-11-10T11:31:32.623-0800][75496255ms] GC(20842) Pause Young (Normal) (G1 Evacuation Pause)
[2023-11-10T11:31:32.623-0800][75496255ms] GC(20842) Using 10 workers of 10 for evacuation
[2023-11-10T11:31:32.629-0800][75496261ms] GC(20842)   Pre Evacuate Collection Set: 0.1ms
[2023-11-10T11:31:32.629-0800][75496261ms] GC(20842)   Evacuate Collection Set: 2.5ms
[2023-11-10T11:31:32.629-0800][75496261ms] GC(20842)   Post Evacuate Collection Set: 4.0ms
[2023-11-10T11:31:32.629-0800][75496261ms] GC(20842)   Other: 0.3ms
[2023-11-10T11:31:32.629-0800][75496261ms] GC(20842) Eden regions: 215->0(215)
[2023-11-10T11:31:32.629-0800][75496261ms] GC(20842) Survivor regions: 1->1(27)
[2023-11-10T11:31:32.629-0800][75496261ms] GC(20842) Old regions: 1398->1398
[2023-11-10T11:31:32.629-0800][75496261ms] GC(20842) Humongous regions: 5->5
[2023-11-10T11:31:32.629-0800][75496261ms] GC(20842) Metaspace: 304797K->304797K(1347584K)
[2023-11-10T11:31:32.630-0800][75496262ms] GC(20842) Pause Young (Normal) (G1 Evacuation Pause) 3235M->2805M(3602M) 7.041ms
[2023-11-10T11:31:32.630-0800][75496262ms] GC(20842) User=0.00s Sys=0.00s Real=0.01s
[2023-11-10T11:31:33.178-0800][75496810ms] GC(20843) Pause Young (Normal) (G1 Evacuation Pause)
[2023-11-10T11:31:33.178-0800][75496810ms] GC(20843) Using 10 workers of 10 for evacuation
[2023-11-10T11:31:33.183-0800][75496815ms] GC(20843)   Pre Evacuate Collection Set: 0.1ms
[2023-11-10T11:31:33.183-0800][75496815ms] GC(20843)   Evacuate Collection Set: 1.8ms
[2023-11-10T11:31:33.183-0800][75496815ms] GC(20843)   Post Evacuate Collection Set: 3.3ms
[2023-11-10T11:31:33.183-0800][75496815ms] GC(20843)   Other: 0.3ms
[2023-11-10T11:31:33.183-0800][75496815ms] GC(20843) Eden regions: 215->0(215)
[2023-11-10T11:31:33.183-0800][75496815ms] GC(20843) Survivor regions: 1->1(27)
[2023-11-10T11:31:33.183-0800][75496815ms] GC(20843) Old regions: 1398->1398
[2023-11-10T11:31:33.183-0800][75496815ms] GC(20843) Humongous regions: 5->5
[2023-11-10T11:31:33.183-0800][75496815ms] GC(20843) Metaspace: 304797K->304797K(1347584K)
[2023-11-10T11:31:33.183-0800][75496815ms] GC(20843) Pause Young (Normal) (G1 Evacuation Pause) 3235M->2805M(3602M) 5.537ms
[2023-11-10T11:31:33.183-0800][75496815ms] GC(20843) User=0.06s Sys=0.00s Real=0.01s
[2023-11-10T11:31:33.717-0800][75497349ms] GC(20844) Pause Young (Normal) (G1 Evacuation Pause)
[2023-11-10T11:31:33.717-0800][75497349ms] GC(20844) Using 10 workers of 10 for evacuation
[2023-11-10T11:31:33.721-0800][75497353ms] GC(20844)   Pre Evacuate Collection Set: 0.0ms
[2023-11-10T11:31:33.721-0800][75497353ms] GC(20844)   Evacuate Collection Set: 1.6ms
[2023-11-10T11:31:33.721-0800][75497353ms] GC(20844)   Post Evacuate Collection Set: 3.3ms
[2023-11-10T11:31:33.721-0800][75497353ms] GC(20844)   Other: 0.2ms
[2023-11-10T11:31:33.721-0800][75497353ms] GC(20844) Eden regions: 215->0(215)
[2023-11-10T11:31:33.721-0800][75497353ms] GC(20844) Survivor regions: 1->1(27)
[2023-11-10T11:31:33.721-0800][75497353ms] GC(20844) Old regions: 1398->1398
[2023-11-10T11:31:33.721-0800][75497353ms] GC(20844) Humongous regions: 5->5
[2023-11-10T11:31:33.721-0800][75497353ms] GC(20844) Metaspace: 304797K->304797K(1347584K)
[2023-11-10T11:31:33.721-0800][75497353ms] GC(20844) Pause Young (Normal) (G1 Evacuation Pause) 3235M->2805M(3602M) 5.346ms
[2023-11-10T11:31:33.721-0800][75497353ms] GC(20844) User=0.00s Sys=0.00s Real=0.00s
[2023-11-10T11:31:34.208-0800][75497840ms] GC(20845) Pause Young (Normal) (G1 Evacuation Pause)
[2023-11-10T11:31:34.208-0800][75497840ms] GC(20845) Using 10 workers of 10 for evacuation
[2023-11-10T11:31:34.213-0800][75497845ms] GC(20845)   Pre Evacuate Collection Set: 0.0ms
[2023-11-10T11:31:34.213-0800][75497845ms] GC(20845)   Evacuate Collection Set: 1.7ms
[2023-11-10T11:31:34.213-0800][75497845ms] GC(20845)   Post Evacuate Collection Set: 3.1ms
[2023-11-10T11:31:34.213-0800][75497845ms] GC(20845)   Other: 0.3ms
[2023-11-10T11:31:34.213-0800][75497845ms] GC(20845) Eden regions: 215->0(215)
[2023-11-10T11:31:34.213-0800][75497845ms] GC(20845) Survivor regions: 1->1(27)
[2023-11-10T11:31:34.213-0800][75497845ms] GC(20845) Old regions: 1398->1398
[2023-11-10T11:31:34.213-0800][75497845ms] GC(20845) Humongous regions: 5->5
[2023-11-10T11:31:34.213-0800][75497845ms] GC(20845) Metaspace: 304797K->304797K(1347584K)
[2023-11-10T11:31:34.213-0800][75497845ms] GC(20845) Pause Young (Normal) (G1 Evacuation Pause) 3235M->2805M(3602M) 5.327ms
[2023-11-10T11:31:34.213-0800][75497845ms] GC(20845) User=0.02s Sys=0.00s Real=0.01s
[2023-11-10T11:31:34.780-0800][75498412ms] GC(20846) Pause Young (Normal) (G1 Evacuation Pause)
[2023-11-10T11:31:34.780-0800][75498412ms] GC(20846) Using 10 workers of 10 for evacuation
[2023-11-10T11:31:34.786-0800][75498418ms] GC(20846)   Pre Evacuate Collection Set: 0.1ms
[2023-11-10T11:31:34.786-0800][75498418ms] GC(20846)   Evacuate Collection Set: 2.1ms
[2023-11-10T11:31:34.786-0800][75498418ms] GC(20846)   Post Evacuate Collection Set: 3.9ms
[2023-11-10T11:31:34.786-0800][75498418ms] GC(20846)   Other: 0.4ms
[2023-11-10T11:31:34.786-0800][75498418ms] GC(20846) Eden regions: 215->0(215)
[2023-11-10T11:31:34.786-0800][75498418ms] GC(20846) Survivor regions: 1->1(27)
[2023-11-10T11:31:34.786-0800][75498418ms] GC(20846) Old regions: 1398->1398
[2023-11-10T11:31:34.786-0800][75498418ms] GC(20846) Humongous regions: 5->5
[2023-11-10T11:31:34.786-0800][75498418ms] GC(20846) Metaspace: 304797K->304797K(1347584K)
[2023-11-10T11:31:34.786-0800][75498418ms] GC(20846) Pause Young (Normal) (G1 Evacuation Pause) 3235M->2805M(3602M) 6.507ms
[2023-11-10T11:31:34.786-0800][75498418ms] GC(20846) User=0.00s Sys=0.00s Real=0.01s
[2023-11-10T11:31:35.376-0800][75499008ms] GC(20847) Pause Young (Normal) (G1 Evacuation Pause)
[2023-11-10T11:31:35.376-0800][75499008ms] GC(20847) Using 10 workers of 10 for evacuation
[2023-11-10T11:31:35.381-0800][75499013ms] GC(20847)   Pre Evacuate Collection Set: 0.0ms
[2023-11-10T11:31:35.381-0800][75499013ms] GC(20847)   Evacuate Collection Set: 1.9ms
[2023-11-10T11:31:35.381-0800][75499013ms] GC(20847)   Post Evacuate Collection Set: 3.2ms
[2023-11-10T11:31:35.381-0800][75499013ms] GC(20847)   Other: 0.3ms
[2023-11-10T11:31:35.381-0800][75499013ms] GC(20847) Eden regions: 215->0(215)
[2023-11-10T11:31:35.381-0800][75499013ms] GC(20847) Survivor regions: 1->1(27)
[2023-11-10T11:31:35.381-0800][75499013ms] GC(20847) Old regions: 1398->1398
[2023-11-10T11:31:35.381-0800][75499013ms] GC(20847) Humongous regions: 5->5
[2023-11-10T11:31:35.381-0800][75499013ms] GC(20847) Metaspace: 304797K->304797K(1347584K)
[2023-11-10T11:31:35.381-0800][75499013ms] GC(20847) Pause Young (Normal) (G1 Evacuation Pause) 3235M->2805M(3602M) 5.534ms
[2023-11-10T11:31:35.381-0800][75499013ms] GC(20847) User=0.00s Sys=0.00s Real=0.01s
[2023-11-10T11:31:35.919-0800][75499551ms] GC(20848) Pause Young (Normal) (G1 Evacuation Pause)
[2023-11-10T11:31:35.919-0800][75499551ms] GC(20848) Using 10 workers of 10 for evacuation
[2023-11-10T11:31:35.926-0800][75499558ms] GC(20848)   Pre Evacuate Collection Set: 0.1ms
[2023-11-10T11:31:35.926-0800][75499558ms] GC(20848)   Evacuate Collection Set: 1.9ms
[2023-11-10T11:31:35.926-0800][75499558ms] GC(20848)   Post Evacuate Collection Set: 3.7ms
[2023-11-10T11:31:35.926-0800][75499558ms] GC(20848)   Other: 0.4ms
[2023-11-10T11:31:35.926-0800][75499558ms] GC(20848) Eden regions: 215->0(215)
[2023-11-10T11:31:35.926-0800][75499558ms] GC(20848) Survivor regions: 1->1(27)
[2023-11-10T11:31:35.926-0800][75499558ms] GC(20848) Old regions: 1398->1398
[2023-11-10T11:31:35.926-0800][75499558ms] GC(20848) Humongous regions: 5->5
[2023-11-10T11:31:35.926-0800][75499558ms] GC(20848) Metaspace: 304797K->304797K(1347584K)
[2023-11-10T11:31:35.926-0800][75499558ms] GC(20848) Pause Young (Normal) (G1 Evacuation Pause) 3235M->2805M(3602M) 6.052ms
[2023-11-10T11:31:35.926-0800][75499558ms] GC(20848) User=0.00s Sys=0.00s Real=0.01s
[2023-11-10T11:31:36.444-0800][75500076ms] GC(20849) Pause Young (Normal) (G1 Evacuation Pause)
[2023-11-10T11:31:36.444-0800][75500076ms] GC(20849) Using 10 workers of 10 for evacuation
[2023-11-10T11:31:36.449-0800][75500081ms] GC(20849)   Pre Evacuate Collection Set: 0.0ms
[2023-11-10T11:31:36.449-0800][75500081ms] GC(20849)   Evacuate Collection Set: 1.8ms
[2023-11-10T11:31:36.449-0800][75500081ms] GC(20849)   Post Evacuate Collection Set: 3.1ms
[2023-11-10T11:31:36.449-0800][75500081ms] GC(20849)   Other: 0.3ms
[2023-11-10T11:31:36.449-0800][75500081ms] GC(20849) Eden regions: 215->0(215)
[2023-11-10T11:31:36.449-0800][75500081ms] GC(20849) Survivor regions: 1->1(27)
[2023-11-10T11:31:36.449-0800][75500081ms] GC(20849) Old regions: 1398->1398
[2023-11-10T11:31:36.449-0800][75500081ms] GC(20849) Humongous regions: 5->5
[2023-11-10T11:31:36.449-0800][75500081ms] GC(20849) Metaspace: 304797K->304797K(1347584K)
[2023-11-10T11:31:36.449-0800][75500081ms] GC(20849) Pause Young (Normal) (G1 Evacuation Pause) 3235M->2805M(3602M) 5.328ms
[2023-11-10T11:31:36.449-0800][75500081ms] GC(20849) User=0.06s Sys=0.00s Real=0.00s
[2023-11-10T11:31:36.973-0800][75500605ms] GC(20850) Pause Young (Normal) (G1 Evacuation Pause)
[2023-11-10T11:31:36.973-0800][75500605ms] GC(20850) Using 10 workers of 10 for evacuation
[2023-11-10T11:31:36.979-0800][75500611ms] GC(20850)   Pre Evacuate Collection Set: 0.0ms
[2023-11-10T11:31:36.979-0800][75500611ms] GC(20850)   Evacuate Collection Set: 1.7ms
[2023-11-10T11:31:36.979-0800][75500611ms] GC(20850)   Post Evacuate Collection Set: 3.1ms
[2023-11-10T11:31:36.979-0800][75500611ms] GC(20850)   Other: 0.3ms
[2023-11-10T11:31:36.979-0800][75500611ms] GC(20850) Eden regions: 215->0(215)
[2023-11-10T11:31:36.979-0800][75500611ms] GC(20850) Survivor regions: 1->1(27)
[2023-11-10T11:31:36.979-0800][75500611ms] GC(20850) Old regions: 1398->1398
[2023-11-10T11:31:36.979-0800][75500611ms] GC(20850) Humongous regions: 5->5
[2023-11-10T11:31:36.979-0800][75500611ms] GC(20850) Metaspace: 304797K->304797K(1347584K)
[2023-11-10T11:31:36.979-0800][75500611ms] GC(20850) Pause Young (Normal) (G1 Evacuation Pause) 3235M->2805M(3602M) 5.272ms
[2023-11-10T11:31:36.979-0800][75500611ms] GC(20850) User=0.02s Sys=0.00s Real=0.01s
[2023-11-10T11:31:37.543-0800][75501175ms] GC(20851) Pause Young (Normal) (G1 Evacuation Pause)
[2023-11-10T11:31:37.543-0800][75501175ms] GC(20851) Using 10 workers of 10 for evacuation
[2023-11-10T11:31:37.549-0800][75501181ms] GC(20851)   Pre Evacuate Collection Set: 0.0ms
[2023-11-10T11:31:37.549-0800][75501181ms] GC(20851)   Evacuate Collection Set: 1.6ms
[2023-11-10T11:31:37.549-0800][75501181ms] GC(20851)   Post Evacuate Collection Set: 3.1ms
[2023-11-10T11:31:37.549-0800][75501181ms] GC(20851)   Other: 0.2ms
[2023-11-10T11:31:37.549-0800][75501181ms] GC(20851) Eden regions: 215->0(215)
[2023-11-10T11:31:37.549-0800][75501181ms] GC(20851) Survivor regions: 1->1(27)
[2023-11-10T11:31:37.549-0800][75501181ms] GC(20851) Old regions: 1398->1398
[2023-11-10T11:31:37.549-0800][75501181ms] GC(20851) Humongous regions: 5->5
[2023-11-10T11:31:37.549-0800][75501181ms] GC(20851) Metaspace: 304797K->304797K(1347584K)
[2023-11-10T11:31:37.549-0800][75501181ms] GC(20851) Pause Young (Normal) (G1 Evacuation Pause) 3235M->2805M(3602M) 5.137ms
[2023-11-10T11:31:37.549-0800][75501181ms] GC(20851) User=0.00s Sys=0.00s Real=0.01s
[2023-11-10T11:31:38.130-0800][75501762ms] GC(20852) Pause Young (Normal) (G1 Evacuation Pause)
[2023-11-10T11:31:38.130-0800][75501762ms] GC(20852) Using 10 workers of 10 for evacuation
[2023-11-10T11:31:38.143-0800][75501775ms] GC(20852)   Pre Evacuate Collection Set: 0.0ms
[2023-11-10T11:31:38.143-0800][75501775ms] GC(20852)   Evacuate Collection Set: 7.1ms
[2023-11-10T11:31:38.143-0800][75501775ms] GC(20852)   Post Evacuate Collection Set: 5.4ms
[2023-11-10T11:31:38.143-0800][75501775ms] GC(20852)   Other: 0.3ms
[2023-11-10T11:31:38.143-0800][75501775ms] GC(20852) Eden regions: 215->0(214)
[2023-11-10T11:31:38.143-0800][75501775ms] GC(20852) Survivor regions: 1->1(27)
[2023-11-10T11:31:38.143-0800][75501775ms] GC(20852) Old regions: 1398->1398
[2023-11-10T11:31:38.143-0800][75501775ms] GC(20852) Humongous regions: 5->5
[2023-11-10T11:31:38.143-0800][75501775ms] GC(20852) Metaspace: 304797K->304797K(1347584K)
[2023-11-10T11:31:38.143-0800][75501775ms] GC(20852) Pause Young (Normal) (G1 Evacuation Pause) 3235M->2806M(3602M) 12.911ms
[2023-11-10T11:31:38.143-0800][75501775ms] GC(20852) User=0.03s Sys=0.00s Real=0.01s
[2023-11-10T11:31:38.656-0800][75502288ms] GC(20853) Pause Young (Normal) (G1 Evacuation Pause)
[2023-11-10T11:31:38.656-0800][75502288ms] GC(20853) Using 10 workers of 10 for evacuation
[2023-11-10T11:31:38.663-0800][75502295ms] GC(20853)   Pre Evacuate Collection Set: 0.1ms
[2023-11-10T11:31:38.663-0800][75502295ms] GC(20853)   Evacuate Collection Set: 2.0ms
[2023-11-10T11:31:38.663-0800][75502295ms] GC(20853)   Post Evacuate Collection Set: 4.4ms
[2023-11-10T11:31:38.663-0800][75502295ms] GC(20853)   Other: 0.3ms
[2023-11-10T11:31:38.663-0800][75502295ms] GC(20853) Eden regions: 214->0(214)
[2023-11-10T11:31:38.663-0800][75502295ms] GC(20853) Survivor regions: 1->1(27)
[2023-11-10T11:31:38.663-0800][75502295ms] GC(20853) Old regions: 1398->1398
[2023-11-10T11:31:38.663-0800][75502295ms] GC(20853) Humongous regions: 5->5
[2023-11-10T11:31:38.663-0800][75502295ms] GC(20853) Metaspace: 304797K->304797K(1347584K)
[2023-11-10T11:31:38.663-0800][75502295ms] GC(20853) Pause Young (Normal) (G1 Evacuation Pause) 3234M->2805M(3602M) 6.851ms
[2023-11-10T11:31:38.664-0800][75502296ms] GC(20853) User=0.00s Sys=0.00s Real=0.01s
[2023-11-10T11:31:39.167-0800][75502799ms] GC(20854) Pause Young (Normal) (G1 Evacuation Pause)
[2023-11-10T11:31:39.167-0800][75502799ms] GC(20854) Using 10 workers of 10 for evacuation
[2023-11-10T11:31:39.173-0800][75502805ms] GC(20854)   Pre Evacuate Collection Set: 0.1ms
[2023-11-10T11:31:39.173-0800][75502805ms] GC(20854)   Evacuate Collection Set: 2.2ms
[2023-11-10T11:31:39.173-0800][75502805ms] GC(20854)   Post Evacuate Collection Set: 3.5ms
[2023-11-10T11:31:39.173-0800][75502805ms] GC(20854)   Other: 0.3ms
[2023-11-10T11:31:39.173-0800][75502805ms] GC(20854) Eden regions: 214->0(214)
[2023-11-10T11:31:39.173-0800][75502805ms] GC(20854) Survivor regions: 1->1(27)
[2023-11-10T11:31:39.173-0800][75502805ms] GC(20854) Old regions: 1398->1398
[2023-11-10T11:31:39.173-0800][75502805ms] GC(20854) Humongous regions: 5->5
[2023-11-10T11:31:39.173-0800][75502805ms] GC(20854) Metaspace: 304797K->304797K(1347584K)
[2023-11-10T11:31:39.173-0800][75502805ms] GC(20854) Pause Young (Normal) (G1 Evacuation Pause) 3233M->2805M(3602M) 6.093ms
[2023-11-10T11:31:39.173-0800][75502805ms] GC(20854) User=0.00s Sys=0.00s Real=0.01s
[2023-11-10T11:31:39.686-0800][75503318ms] GC(20855) Pause Young (Normal) (G1 Evacuation Pause)
[2023-11-10T11:31:39.686-0800][75503318ms] GC(20855) Using 10 workers of 10 for evacuation
[2023-11-10T11:31:39.694-0800][75503326ms] GC(20855)   Pre Evacuate Collection Set: 0.1ms
[2023-11-10T11:31:39.694-0800][75503326ms] GC(20855)   Evacuate Collection Set: 2.5ms
[2023-11-10T11:31:39.694-0800][75503326ms] GC(20855)   Post Evacuate Collection Set: 5.2ms
[2023-11-10T11:31:39.694-0800][75503326ms] GC(20855)   Other: 0.5ms
[2023-11-10T11:31:39.694-0800][75503326ms] GC(20855) Eden regions: 214->0(214)
[2023-11-10T11:31:39.694-0800][75503326ms] GC(20855) Survivor regions: 1->1(27)
[2023-11-10T11:31:39.694-0800][75503326ms] GC(20855) Old regions: 1398->1398
[2023-11-10T11:31:39.694-0800][75503326ms] GC(20855) Humongous regions: 5->5
[2023-11-10T11:31:39.694-0800][75503326ms] GC(20855) Metaspace: 304797K->304797K(1347584K)
[2023-11-10T11:31:39.694-0800][75503326ms] GC(20855) Pause Young (Normal) (G1 Evacuation Pause) 3233M->2806M(3602M) 8.326ms
[2023-11-10T11:31:39.694-0800][75503326ms] GC(20855) User=0.00s Sys=0.00s Real=0.01s
[2023-11-10T11:31:40.223-0800][75503855ms] GC(20856) Pause Young (Normal) (G1 Evacuation Pause)
[2023-11-10T11:31:40.223-0800][75503855ms] GC(20856) Using 10 workers of 10 for evacuation
[2023-11-10T11:31:40.229-0800][75503861ms] GC(20856)   Pre Evacuate Collection Set: 0.1ms
[2023-11-10T11:31:40.229-0800][75503861ms] GC(20856)   Evacuate Collection Set: 2.0ms
[2023-11-10T11:31:40.229-0800][75503861ms] GC(20856)   Post Evacuate Collection Set: 3.3ms
[2023-11-10T11:31:40.229-0800][75503861ms] GC(20856)   Other: 0.3ms
[2023-11-10T11:31:40.229-0800][75503861ms] GC(20856) Eden regions: 214->0(214)
[2023-11-10T11:31:40.229-0800][75503861ms] GC(20856) Survivor regions: 1->1(27)
[2023-11-10T11:31:40.229-0800][75503861ms] GC(20856) Old regions: 1398->1398
[2023-11-10T11:31:40.229-0800][75503861ms] GC(20856) Humongous regions: 5->5
[2023-11-10T11:31:40.229-0800][75503861ms] GC(20856) Metaspace: 304797K->304797K(1347584K)
[2023-11-10T11:31:40.229-0800][75503861ms] GC(20856) Pause Young (Normal) (G1 Evacuation Pause) 3234M->2806M(3602M) 5.845ms
[2023-11-10T11:31:40.229-0800][75503861ms] GC(20856) User=0.03s Sys=0.00s Real=0.01s
[2023-11-10T11:31:40.758-0800][75504390ms] GC(20857) Pause Young (Normal) (G1 Evacuation Pause)
[2023-11-10T11:31:40.758-0800][75504390ms] GC(20857) Using 10 workers of 10 for evacuation
[2023-11-10T11:31:40.765-0800][75504397ms] GC(20857)   Pre Evacuate Collection Set: 0.0ms
[2023-11-10T11:31:40.765-0800][75504397ms] GC(20857)   Evacuate Collection Set: 1.9ms
[2023-11-10T11:31:40.765-0800][75504397ms] GC(20857)   Post Evacuate Collection Set: 3.6ms
[2023-11-10T11:31:40.765-0800][75504397ms] GC(20857)   Other: 0.3ms
[2023-11-10T11:31:40.765-0800][75504397ms] GC(20857) Eden regions: 214->0(214)
[2023-11-10T11:31:40.765-0800][75504397ms] GC(20857) Survivor regions: 1->1(27)
[2023-11-10T11:31:40.765-0800][75504397ms] GC(20857) Old regions: 1398->1398
[2023-11-10T11:31:40.765-0800][75504397ms] GC(20857) Humongous regions: 5->5
[2023-11-10T11:31:40.765-0800][75504397ms] GC(20857) Metaspace: 304797K->304797K(1347584K)
[2023-11-10T11:31:40.765-0800][75504397ms] GC(20857) Pause Young (Normal) (G1 Evacuation Pause) 3234M->2806M(3602M) 6.018ms
[2023-11-10T11:31:40.765-0800][75504397ms] GC(20857) User=0.00s Sys=0.00s Real=0.01s
[2023-11-10T11:31:41.308-0800][75504940ms] GC(20858) Pause Young (Normal) (G1 Evacuation Pause)
[2023-11-10T11:31:41.308-0800][75504940ms] GC(20858) Using 10 workers of 10 for evacuation
[2023-11-10T11:31:41.315-0800][75504947ms] GC(20858)   Pre Evacuate Collection Set: 0.1ms
[2023-11-10T11:31:41.315-0800][75504947ms] GC(20858)   Evacuate Collection Set: 3.0ms
[2023-11-10T11:31:41.315-0800][75504947ms] GC(20858)   Post Evacuate Collection Set: 3.7ms
[2023-11-10T11:31:41.315-0800][75504947ms] GC(20858)   Other: 0.4ms
[2023-11-10T11:31:41.315-0800][75504947ms] GC(20858) Eden regions: 214->0(214)
[2023-11-10T11:31:41.315-0800][75504947ms] GC(20858) Survivor regions: 1->1(27)
[2023-11-10T11:31:41.315-0800][75504947ms] GC(20858) Old regions: 1398->1398
[2023-11-10T11:31:41.315-0800][75504947ms] GC(20858) Humongous regions: 5->5
[2023-11-10T11:31:41.315-0800][75504947ms] GC(20858) Metaspace: 304797K->304797K(1347584K)
[2023-11-10T11:31:41.317-0800][75504949ms] GC(20858) Pause Young (Normal) (G1 Evacuation Pause) 3234M->2806M(3602M) 7.258ms
[2023-11-10T11:31:41.317-0800][75504949ms] GC(20858) User=0.00s Sys=0.00s Real=0.01s
[2023-11-10T11:31:41.801-0800][75505433ms] GC(20859) Pause Young (Normal) (G1 Evacuation Pause)
[2023-11-10T11:31:41.801-0800][75505433ms] GC(20859) Using 10 workers of 10 for evacuation
[2023-11-10T11:31:41.808-0800][75505440ms] GC(20859)   Pre Evacuate Collection Set: 0.0ms
[2023-11-10T11:31:41.808-0800][75505440ms] GC(20859)   Evacuate Collection Set: 2.4ms
[2023-11-10T11:31:41.808-0800][75505440ms] GC(20859)   Post Evacuate Collection Set: 4.7ms
[2023-11-10T11:31:41.808-0800][75505440ms] GC(20859)   Other: 0.3ms
[2023-11-10T11:31:41.808-0800][75505440ms] GC(20859) Eden regions: 214->0(214)
[2023-11-10T11:31:41.808-0800][75505440ms] GC(20859) Survivor regions: 1->1(27)
[2023-11-10T11:31:41.808-0800][75505440ms] GC(20859) Old regions: 1398->1398
[2023-11-10T11:31:41.808-0800][75505440ms] GC(20859) Humongous regions: 5->5
[2023-11-10T11:31:41.808-0800][75505440ms] GC(20859) Metaspace: 304797K->304797K(1347584K)
[2023-11-10T11:31:41.808-0800][75505440ms] GC(20859) Pause Young (Normal) (G1 Evacuation Pause) 3234M->2806M(3602M) 7.521ms
[2023-11-10T11:31:41.808-0800][75505440ms] GC(20859) User=0.02s Sys=0.00s Real=0.01s
[2023-11-10T11:31:42.312-0800][75505944ms] GC(20860) Pause Young (Normal) (G1 Evacuation Pause)
[2023-11-10T11:31:42.312-0800][75505944ms] GC(20860) Using 10 workers of 10 for evacuation
[2023-11-10T11:31:42.319-0800][75505951ms] GC(20860)   Pre Evacuate Collection Set: 0.0ms
[2023-11-10T11:31:42.319-0800][75505951ms] GC(20860)   Evacuate Collection Set: 1.9ms
[2023-11-10T11:31:42.320-0800][75505952ms] GC(20860)   Post Evacuate Collection Set: 5.3ms
[2023-11-10T11:31:42.320-0800][75505952ms] GC(20860)   Other: 0.3ms
[2023-11-10T11:31:42.320-0800][75505952ms] GC(20860) Eden regions: 214->0(214)
[2023-11-10T11:31:42.320-0800][75505952ms] GC(20860) Survivor regions: 1->1(27)
[2023-11-10T11:31:42.320-0800][75505952ms] GC(20860) Old regions: 1398->1398
[2023-11-10T11:31:42.320-0800][75505952ms] GC(20860) Humongous regions: 5->5
[2023-11-10T11:31:42.320-0800][75505952ms] GC(20860) Metaspace: 304797K->304797K(1347584K)
[2023-11-10T11:31:42.320-0800][75505952ms] GC(20860) Pause Young (Normal) (G1 Evacuation Pause) 3234M->2806M(3602M) 7.771ms
[2023-11-10T11:31:42.320-0800][75505952ms] GC(20860) User=0.00s Sys=0.02s Real=0.01s
[2023-11-10T11:31:42.799-0800][75506431ms] GC(20861) Pause Young (Normal) (G1 Evacuation Pause)
[2023-11-10T11:31:42.799-0800][75506431ms] GC(20861) Using 10 workers of 10 for evacuation
[2023-11-10T11:31:42.806-0800][75506438ms] GC(20861)   Pre Evacuate Collection Set: 0.0ms
[2023-11-10T11:31:42.806-0800][75506438ms] GC(20861)   Evacuate Collection Set: 1.7ms
[2023-11-10T11:31:42.806-0800][75506438ms] GC(20861)   Post Evacuate Collection Set: 3.9ms
[2023-11-10T11:31:42.806-0800][75506438ms] GC(20861)   Other: 0.3ms
[2023-11-10T11:31:42.806-0800][75506438ms] GC(20861) Eden regions: 214->0(214)
[2023-11-10T11:31:42.806-0800][75506438ms] GC(20861) Survivor regions: 1->1(27)
[2023-11-10T11:31:42.806-0800][75506438ms] GC(20861) Old regions: 1398->1398
[2023-11-10T11:31:42.806-0800][75506438ms] GC(20861) Humongous regions: 5->5
[2023-11-10T11:31:42.806-0800][75506438ms] GC(20861) Metaspace: 304797K->304797K(1347584K)
[2023-11-10T11:31:42.806-0800][75506438ms] GC(20861) Pause Young (Normal) (G1 Evacuation Pause) 3234M->2806M(3602M) 6.120ms
[2023-11-10T11:31:42.806-0800][75506438ms] GC(20861) User=0.00s Sys=0.00s Real=0.01s
[2023-11-10T11:31:43.393-0800][75507025ms] GC(20862) Pause Young (Normal) (G1 Evacuation Pause)
[2023-11-10T11:31:43.393-0800][75507025ms] GC(20862) Using 10 workers of 10 for evacuation
[2023-11-10T11:31:43.398-0800][75507030ms] GC(20862)   Pre Evacuate Collection Set: 0.0ms
[2023-11-10T11:31:43.398-0800][75507030ms] GC(20862)   Evacuate Collection Set: 1.7ms
[2023-11-10T11:31:43.398-0800][75507030ms] GC(20862)   Post Evacuate Collection Set: 3.4ms
[2023-11-10T11:31:43.398-0800][75507030ms] GC(20862)   Other: 0.3ms
[2023-11-10T11:31:43.398-0800][75507030ms] GC(20862) Eden regions: 214->0(214)
[2023-11-10T11:31:43.398-0800][75507030ms] GC(20862) Survivor regions: 1->1(27)
[2023-11-10T11:31:43.398-0800][75507030ms] GC(20862) Old regions: 1398->1398
[2023-11-10T11:31:43.398-0800][75507030ms] GC(20862) Humongous regions: 5->5
[2023-11-10T11:31:43.398-0800][75507030ms] GC(20862) Metaspace: 304797K->304797K(1347584K)
[2023-11-10T11:31:43.398-0800][75507030ms] GC(20862) Pause Young (Normal) (G1 Evacuation Pause) 3234M->2806M(3602M) 5.394ms
[2023-11-10T11:31:43.398-0800][75507030ms] GC(20862) User=0.00s Sys=0.00s Real=0.01s
[2023-11-10T11:31:43.933-0800][75507565ms] GC(20863) Pause Young (Normal) (G1 Evacuation Pause)
[2023-11-10T11:31:43.933-0800][75507565ms] GC(20863) Using 10 workers of 10 for evacuation
[2023-11-10T11:31:43.938-0800][75507570ms] GC(20863)   Pre Evacuate Collection Set: 0.0ms
[2023-11-10T11:31:43.938-0800][75507570ms] GC(20863)   Evacuate Collection Set: 1.7ms
[2023-11-10T11:31:43.938-0800][75507570ms] GC(20863)   Post Evacuate Collection Set: 3.1ms
[2023-11-10T11:31:43.938-0800][75507570ms] GC(20863)   Other: 0.3ms
[2023-11-10T11:31:43.938-0800][75507570ms] GC(20863) Eden regions: 214->0(214)
[2023-11-10T11:31:43.938-0800][75507570ms] GC(20863) Survivor regions: 1->1(27)
[2023-11-10T11:31:43.938-0800][75507570ms] GC(20863) Old regions: 1398->1398
[2023-11-10T11:31:43.938-0800][75507570ms] GC(20863) Humongous regions: 5->5
[2023-11-10T11:31:43.938-0800][75507570ms] GC(20863) Metaspace: 304797K->304797K(1347584K)
[2023-11-10T11:31:43.938-0800][75507570ms] GC(20863) Pause Young (Normal) (G1 Evacuation Pause) 3234M->2806M(3602M) 5.271ms
[2023-11-10T11:31:43.938-0800][75507570ms] GC(20863) User=0.00s Sys=0.00s Real=0.00s
[2023-11-10T11:31:44.472-0800][75508104ms] GC(20864) Pause Young (Normal) (G1 Evacuation Pause)
[2023-11-10T11:31:44.472-0800][75508104ms] GC(20864) Using 10 workers of 10 for evacuation
[2023-11-10T11:31:44.478-0800][75508110ms] GC(20864)   Pre Evacuate Collection Set: 0.0ms
[2023-11-10T11:31:44.478-0800][75508110ms] GC(20864)   Evacuate Collection Set: 1.8ms
[2023-11-10T11:31:44.478-0800][75508110ms] GC(20864)   Post Evacuate Collection Set: 3.1ms
[2023-11-10T11:31:44.478-0800][75508110ms] GC(20864)   Other: 0.3ms
[2023-11-10T11:31:44.478-0800][75508110ms] GC(20864) Eden regions: 214->0(214)
[2023-11-10T11:31:44.478-0800][75508110ms] GC(20864) Survivor regions: 1->1(27)
[2023-11-10T11:31:44.478-0800][75508110ms] GC(20864) Old regions: 1398->1398
[2023-11-10T11:31:44.478-0800][75508110ms] GC(20864) Humongous regions: 5->5
[2023-11-10T11:31:44.478-0800][75508110ms] GC(20864) Metaspace: 304797K->304797K(1347584K)
[2023-11-10T11:31:44.478-0800][75508110ms] GC(20864) Pause Young (Normal) (G1 Evacuation Pause) 3234M->2806M(3602M) 5.399ms
[2023-11-10T11:31:44.478-0800][75508110ms] GC(20864) User=0.02s Sys=0.00s Real=0.01s
[2023-11-10T11:31:44.994-0800][75508626ms] GC(20865) Pause Young (Normal) (G1 Evacuation Pause)
[2023-11-10T11:31:44.994-0800][75508626ms] GC(20865) Using 10 workers of 10 for evacuation
[2023-11-10T11:31:44.998-0800][75508630ms] GC(20865)   Pre Evacuate Collection Set: 0.0ms
[2023-11-10T11:31:44.998-0800][75508630ms] GC(20865)   Evacuate Collection Set: 1.7ms
[2023-11-10T11:31:44.998-0800][75508630ms] GC(20865)   Post Evacuate Collection Set: 3.1ms
[2023-11-10T11:31:44.998-0800][75508630ms] GC(20865)   Other: 0.3ms
[2023-11-10T11:31:44.998-0800][75508630ms] GC(20865) Eden regions: 214->0(214)
[2023-11-10T11:31:44.998-0800][75508630ms] GC(20865) Survivor regions: 1->1(27)
[2023-11-10T11:31:44.998-0800][75508630ms] GC(20865) Old regions: 1398->1398
[2023-11-10T11:31:44.998-0800][75508630ms] GC(20865) Humongous regions: 5->5
[2023-11-10T11:31:44.998-0800][75508630ms] GC(20865) Metaspace: 304797K->304797K(1347584K)
[2023-11-10T11:31:44.998-0800][75508630ms] GC(20865) Pause Young (Normal) (G1 Evacuation Pause) 3234M->2806M(3602M) 5.204ms
[2023-11-10T11:31:44.998-0800][75508630ms] GC(20865) User=0.00s Sys=0.00s Real=0.00s
[2023-11-10T11:31:45.579-0800][75509211ms] GC(20866) Pause Young (Normal) (G1 Evacuation Pause)
[2023-11-10T11:31:45.579-0800][75509211ms] GC(20866) Using 10 workers of 10 for evacuation
[2023-11-10T11:31:45.583-0800][75509215ms] GC(20866)   Pre Evacuate Collection Set: 0.0ms
[2023-11-10T11:31:45.583-0800][75509215ms] GC(20866)   Evacuate Collection Set: 1.7ms
[2023-11-10T11:31:45.583-0800][75509215ms] GC(20866)   Post Evacuate Collection Set: 3.0ms
[2023-11-10T11:31:45.583-0800][75509215ms] GC(20866)   Other: 0.2ms
[2023-11-10T11:31:45.583-0800][75509215ms] GC(20866) Eden regions: 214->0(214)
[2023-11-10T11:31:45.583-0800][75509215ms] GC(20866) Survivor regions: 1->1(27)
[2023-11-10T11:31:45.583-0800][75509215ms] GC(20866) Old regions: 1398->1398
[2023-11-10T11:31:45.583-0800][75509215ms] GC(20866) Humongous regions: 5->5
[2023-11-10T11:31:45.583-0800][75509215ms] GC(20866) Metaspace: 304797K->304797K(1347584K)
[2023-11-10T11:31:45.584-0800][75509216ms] GC(20866) Pause Young (Normal) (G1 Evacuation Pause) 3234M->2806M(3602M) 5.126ms
[2023-11-10T11:31:45.584-0800][75509216ms] GC(20866) User=0.00s Sys=0.00s Real=0.01s
[2023-11-10T11:31:46.074-0800][75509706ms] GC(20867) Pause Young (Normal) (G1 Evacuation Pause)
[2023-11-10T11:31:46.074-0800][75509706ms] GC(20867) Using 10 workers of 10 for evacuation
[2023-11-10T11:31:46.079-0800][75509711ms] GC(20867)   Pre Evacuate Collection Set: 0.0ms
[2023-11-10T11:31:46.079-0800][75509711ms] GC(20867)   Evacuate Collection Set: 1.7ms
[2023-11-10T11:31:46.079-0800][75509711ms] GC(20867)   Post Evacuate Collection Set: 3.0ms
[2023-11-10T11:31:46.079-0800][75509711ms] GC(20867)   Other: 0.3ms
[2023-11-10T11:31:46.079-0800][75509711ms] GC(20867) Eden regions: 214->0(214)
[2023-11-10T11:31:46.079-0800][75509711ms] GC(20867) Survivor regions: 1->1(27)
[2023-11-10T11:31:46.079-0800][75509711ms] GC(20867) Old regions: 1398->1398
[2023-11-10T11:31:46.079-0800][75509711ms] GC(20867) Humongous regions: 5->5
[2023-11-10T11:31:46.079-0800][75509711ms] GC(20867) Metaspace: 304797K->304797K(1347584K)
[2023-11-10T11:31:46.079-0800][75509711ms] GC(20867) Pause Young (Normal) (G1 Evacuation Pause) 3234M->2806M(3602M) 5.171ms
[2023-11-10T11:31:46.079-0800][75509711ms] GC(20867) User=0.00s Sys=0.00s Real=0.01s
[2023-11-10T11:31:46.618-0800][75510250ms] GC(20868) Pause Young (Normal) (G1 Evacuation Pause)
[2023-11-10T11:31:46.618-0800][75510250ms] GC(20868) Using 10 workers of 10 for evacuation
[2023-11-10T11:31:46.624-0800][75510256ms] GC(20868)   Pre Evacuate Collection Set: 0.1ms
[2023-11-10T11:31:46.624-0800][75510256ms] GC(20868)   Evacuate Collection Set: 1.8ms
[2023-11-10T11:31:46.624-0800][75510256ms] GC(20868)   Post Evacuate Collection Set: 4.3ms
[2023-11-10T11:31:46.624-0800][75510256ms] GC(20868)   Other: 0.3ms
[2023-11-10T11:31:46.624-0800][75510256ms] GC(20868) Eden regions: 214->0(214)
[2023-11-10T11:31:46.624-0800][75510256ms] GC(20868) Survivor regions: 1->1(27)
[2023-11-10T11:31:46.624-0800][75510256ms] GC(20868) Old regions: 1398->1398
[2023-11-10T11:31:46.624-0800][75510256ms] GC(20868) Humongous regions: 5->5
[2023-11-10T11:31:46.624-0800][75510256ms] GC(20868) Metaspace: 304797K->304797K(1347584K)
[2023-11-10T11:31:46.624-0800][75510256ms] GC(20868) Pause Young (Normal) (G1 Evacuation Pause) 3234M->2806M(3602M) 6.539ms
[2023-11-10T11:31:46.624-0800][75510256ms] GC(20868) User=0.00s Sys=0.00s Real=0.01s
[2023-11-10T11:31:47.075-0800][75510707ms] GC(20869) Pause Young (Normal) (G1 Evacuation Pause)
[2023-11-10T11:31:47.075-0800][75510707ms] GC(20869) Using 10 workers of 10 for evacuation
[2023-11-10T11:31:47.079-0800][75510712ms] GC(20869)   Pre Evacuate Collection Set: 0.0ms
[2023-11-10T11:31:47.080-0800][75510712ms] GC(20869)   Evacuate Collection Set: 1.7ms
[2023-11-10T11:31:47.080-0800][75510712ms] GC(20869)   Post Evacuate Collection Set: 3.1ms
[2023-11-10T11:31:47.080-0800][75510712ms] GC(20869)   Other: 0.2ms
[2023-11-10T11:31:47.080-0800][75510712ms] GC(20869) Eden regions: 214->0(214)
[2023-11-10T11:31:47.080-0800][75510712ms] GC(20869) Survivor regions: 1->1(27)
[2023-11-10T11:31:47.080-0800][75510712ms] GC(20869) Old regions: 1398->1398
[2023-11-10T11:31:47.080-0800][75510712ms] GC(20869) Humongous regions: 5->5
[2023-11-10T11:31:47.080-0800][75510712ms] GC(20869) Metaspace: 304797K->304797K(1347584K)
[2023-11-10T11:31:47.080-0800][75510712ms] GC(20869) Pause Young (Normal) (G1 Evacuation Pause) 3234M->2806M(3602M) 5.250ms
[2023-11-10T11:31:47.080-0800][75510712ms] GC(20869) User=0.00s Sys=0.00s Real=0.00s
[2023-11-10T11:31:47.630-0800][75511262ms] GC(20870) Pause Young (Normal) (G1 Evacuation Pause)
[2023-11-10T11:31:47.630-0800][75511262ms] GC(20870) Using 10 workers of 10 for evacuation
[2023-11-10T11:31:47.634-0800][75511266ms] GC(20870)   Pre Evacuate Collection Set: 0.0ms
[2023-11-10T11:31:47.634-0800][75511266ms] GC(20870)   Evacuate Collection Set: 1.7ms
[2023-11-10T11:31:47.634-0800][75511266ms] GC(20870)   Post Evacuate Collection Set: 2.9ms
[2023-11-10T11:31:47.634-0800][75511266ms] GC(20870)   Other: 0.3ms
[2023-11-10T11:31:47.634-0800][75511266ms] GC(20870) Eden regions: 214->0(214)
[2023-11-10T11:31:47.634-0800][75511266ms] GC(20870) Survivor regions: 1->1(27)
[2023-11-10T11:31:47.634-0800][75511266ms] GC(20870) Old regions: 1398->1398
[2023-11-10T11:31:47.634-0800][75511266ms] GC(20870) Humongous regions: 5->5
[2023-11-10T11:31:47.634-0800][75511266ms] GC(20870) Metaspace: 304797K->304797K(1347584K)
[2023-11-10T11:31:47.634-0800][75511266ms] GC(20870) Pause Young (Normal) (G1 Evacuation Pause) 3234M->2806M(3602M) 4.954ms
[2023-11-10T11:31:47.635-0800][75511267ms] GC(20870) User=0.02s Sys=0.00s Real=0.00s
[2023-11-10T11:31:48.161-0800][75511793ms] GC(20871) Pause Young (Normal) (G1 Evacuation Pause)
[2023-11-10T11:31:48.161-0800][75511793ms] GC(20871) Using 10 workers of 10 for evacuation
[2023-11-10T11:31:48.166-0800][75511798ms] GC(20871)   Pre Evacuate Collection Set: 0.0ms
[2023-11-10T11:31:48.166-0800][75511798ms] GC(20871)   Evacuate Collection Set: 1.7ms
[2023-11-10T11:31:48.166-0800][75511798ms] GC(20871)   Post Evacuate Collection Set: 3.1ms
[2023-11-10T11:31:48.166-0800][75511798ms] GC(20871)   Other: 0.3ms
[2023-11-10T11:31:48.166-0800][75511798ms] GC(20871) Eden regions: 214->0(214)
[2023-11-10T11:31:48.166-0800][75511798ms] GC(20871) Survivor regions: 1->1(27)
[2023-11-10T11:31:48.166-0800][75511798ms] GC(20871) Old regions: 1398->1399
[2023-11-10T11:31:48.166-0800][75511798ms] GC(20871) Humongous regions: 5->5
[2023-11-10T11:31:48.166-0800][75511798ms] GC(20871) Metaspace: 304797K->304797K(1347584K)
[2023-11-10T11:31:48.166-0800][75511798ms] GC(20871) Pause Young (Normal) (G1 Evacuation Pause) 3234M->2806M(3602M) 5.227ms
[2023-11-10T11:31:48.166-0800][75511798ms] GC(20871) User=0.05s Sys=0.00s Real=0.00s
[2023-11-10T11:31:48.681-0800][75512313ms] GC(20872) Pause Young (Normal) (G1 Evacuation Pause)
[2023-11-10T11:31:48.681-0800][75512313ms] GC(20872) Using 10 workers of 10 for evacuation
[2023-11-10T11:31:48.686-0800][75512318ms] GC(20872)   Pre Evacuate Collection Set: 0.0ms
[2023-11-10T11:31:48.686-0800][75512318ms] GC(20872)   Evacuate Collection Set: 2.3ms
[2023-11-10T11:31:48.686-0800][75512318ms] GC(20872)   Post Evacuate Collection Set: 3.6ms
[2023-11-10T11:31:48.686-0800][75512318ms] GC(20872)   Other: 0.3ms
[2023-11-10T11:31:48.686-0800][75512318ms] GC(20872) Eden regions: 214->0(214)
[2023-11-10T11:31:48.686-0800][75512318ms] GC(20872) Survivor regions: 1->1(27)
[2023-11-10T11:31:48.686-0800][75512318ms] GC(20872) Old regions: 1399->1399
[2023-11-10T11:31:48.686-0800][75512318ms] GC(20872) Humongous regions: 5->5
[2023-11-10T11:31:48.686-0800][75512318ms] GC(20872) Metaspace: 304797K->304797K(1347584K)
[2023-11-10T11:31:48.686-0800][75512318ms] GC(20872) Pause Young (Normal) (G1 Evacuation Pause) 3234M->2806M(3602M) 6.492ms
[2023-11-10T11:31:48.686-0800][75512318ms] GC(20872) User=0.00s Sys=0.00s Real=0.01s
[2023-11-10T11:31:49.187-0800][75512819ms] GC(20873) Pause Young (Normal) (G1 Evacuation Pause)
[2023-11-10T11:31:49.187-0800][75512819ms] GC(20873) Using 10 workers of 10 for evacuation
[2023-11-10T11:31:49.194-0800][75512826ms] GC(20873)   Pre Evacuate Collection Set: 0.0ms
[2023-11-10T11:31:49.194-0800][75512826ms] GC(20873)   Evacuate Collection Set: 1.9ms
[2023-11-10T11:31:49.194-0800][75512826ms] GC(20873)   Post Evacuate Collection Set: 4.0ms
[2023-11-10T11:31:49.194-0800][75512826ms] GC(20873)   Other: 0.3ms
[2023-11-10T11:31:49.194-0800][75512826ms] GC(20873) Eden regions: 214->0(214)
[2023-11-10T11:31:49.194-0800][75512826ms] GC(20873) Survivor regions: 1->1(27)
[2023-11-10T11:31:49.194-0800][75512826ms] GC(20873) Old regions: 1399->1399
[2023-11-10T11:31:49.194-0800][75512826ms] GC(20873) Humongous regions: 5->5
[2023-11-10T11:31:49.194-0800][75512826ms] GC(20873) Metaspace: 304797K->304797K(1347584K)
[2023-11-10T11:31:49.194-0800][75512826ms] GC(20873) Pause Young (Normal) (G1 Evacuation Pause) 3234M->2806M(3602M) 6.438ms
[2023-11-10T11:31:49.194-0800][75512826ms] GC(20873) User=0.00s Sys=0.00s Real=0.01s
[2023-11-10T11:31:49.745-0800][75513377ms] GC(20874) Pause Young (Normal) (G1 Evacuation Pause)
[2023-11-10T11:31:49.745-0800][75513377ms] GC(20874) Using 10 workers of 10 for evacuation
[2023-11-10T11:31:49.751-0800][75513383ms] GC(20874)   Pre Evacuate Collection Set: 0.1ms
[2023-11-10T11:31:49.751-0800][75513383ms] GC(20874)   Evacuate Collection Set: 1.7ms
[2023-11-10T11:31:49.751-0800][75513383ms] GC(20874)   Post Evacuate Collection Set: 3.9ms
[2023-11-10T11:31:49.751-0800][75513383ms] GC(20874)   Other: 0.4ms
[2023-11-10T11:31:49.751-0800][75513383ms] GC(20874) Eden regions: 214->0(214)
[2023-11-10T11:31:49.751-0800][75513383ms] GC(20874) Survivor regions: 1->1(27)
[2023-11-10T11:31:49.751-0800][75513383ms] GC(20874) Old regions: 1399->1399
[2023-11-10T11:31:49.751-0800][75513383ms] GC(20874) Humongous regions: 5->5
[2023-11-10T11:31:49.751-0800][75513383ms] GC(20874) Metaspace: 304797K->304797K(1347584K)
[2023-11-10T11:31:49.751-0800][75513383ms] GC(20874) Pause Young (Normal) (G1 Evacuation Pause) 3234M->2806M(3602M) 6.238ms
[2023-11-10T11:31:49.751-0800][75513383ms] GC(20874) User=0.00s Sys=0.00s Real=0.01s
[2023-11-10T11:31:50.246-0800][75513878ms] GC(20875) Pause Young (Normal) (G1 Evacuation Pause)
[2023-11-10T11:31:50.246-0800][75513878ms] GC(20875) Using 10 workers of 10 for evacuation
[2023-11-10T11:31:50.253-0800][75513885ms] GC(20875)   Pre Evacuate Collection Set: 0.1ms
[2023-11-10T11:31:50.253-0800][75513885ms] GC(20875)   Evacuate Collection Set: 2.9ms
[2023-11-10T11:31:50.253-0800][75513885ms] GC(20875)   Post Evacuate Collection Set: 3.6ms
[2023-11-10T11:31:50.253-0800][75513885ms] GC(20875)   Other: 0.3ms
[2023-11-10T11:31:50.253-0800][75513885ms] GC(20875) Eden regions: 214->0(214)
[2023-11-10T11:31:50.253-0800][75513885ms] GC(20875) Survivor regions: 1->1(27)
[2023-11-10T11:31:50.253-0800][75513885ms] GC(20875) Old regions: 1399->1399
[2023-11-10T11:31:50.253-0800][75513885ms] GC(20875) Humongous regions: 5->5
[2023-11-10T11:31:50.253-0800][75513885ms] GC(20875) Metaspace: 304797K->304797K(1347584K)
[2023-11-10T11:31:50.253-0800][75513885ms] GC(20875) Pause Young (Normal) (G1 Evacuation Pause) 3234M->2806M(3602M) 6.947ms
[2023-11-10T11:31:50.253-0800][75513885ms] GC(20875) User=0.00s Sys=0.00s Real=0.01s
[2023-11-10T11:31:50.726-0800][75514358ms] GC(20876) Pause Young (Normal) (G1 Evacuation Pause)
[2023-11-10T11:31:50.726-0800][75514358ms] GC(20876) Using 10 workers of 10 for evacuation
[2023-11-10T11:31:50.733-0800][75514365ms] GC(20876)   Pre Evacuate Collection Set: 0.1ms
[2023-11-10T11:31:50.733-0800][75514365ms] GC(20876)   Evacuate Collection Set: 2.5ms
[2023-11-10T11:31:50.733-0800][75514365ms] GC(20876)   Post Evacuate Collection Set: 4.7ms
[2023-11-10T11:31:50.733-0800][75514365ms] GC(20876)   Other: 0.4ms
[2023-11-10T11:31:50.733-0800][75514365ms] GC(20876) Eden regions: 214->0(214)
[2023-11-10T11:31:50.733-0800][75514365ms] GC(20876) Survivor regions: 1->1(27)
[2023-11-10T11:31:50.733-0800][75514365ms] GC(20876) Old regions: 1399->1399
[2023-11-10T11:31:50.733-0800][75514365ms] GC(20876) Humongous regions: 5->5
[2023-11-10T11:31:50.733-0800][75514365ms] GC(20876) Metaspace: 304797K->304797K(1347584K)
[2023-11-10T11:31:50.733-0800][75514365ms] GC(20876) Pause Young (Normal) (G1 Evacuation Pause) 3234M->2806M(3602M) 8.000ms
[2023-11-10T11:31:50.733-0800][75514365ms] GC(20876) User=0.00s Sys=0.00s Real=0.01s
[2023-11-10T11:31:51.245-0800][75514877ms] GC(20877) Pause Young (Normal) (G1 Evacuation Pause)
[2023-11-10T11:31:51.245-0800][75514877ms] GC(20877) Using 10 workers of 10 for evacuation
[2023-11-10T11:31:51.251-0800][75514883ms] GC(20877)   Pre Evacuate Collection Set: 0.0ms
[2023-11-10T11:31:51.251-0800][75514883ms] GC(20877)   Evacuate Collection Set: 1.8ms
[2023-11-10T11:31:51.251-0800][75514883ms] GC(20877)   Post Evacuate Collection Set: 3.8ms
[2023-11-10T11:31:51.251-0800][75514883ms] GC(20877)   Other: 0.3ms
[2023-11-10T11:31:51.251-0800][75514883ms] GC(20877) Eden regions: 214->0(214)
[2023-11-10T11:31:51.251-0800][75514883ms] GC(20877) Survivor regions: 1->1(27)
[2023-11-10T11:31:51.251-0800][75514883ms] GC(20877) Old regions: 1399->1399
[2023-11-10T11:31:51.251-0800][75514883ms] GC(20877) Humongous regions: 5->5
[2023-11-10T11:31:51.251-0800][75514883ms] GC(20877) Metaspace: 304797K->304797K(1347584K)
[2023-11-10T11:31:51.252-0800][75514884ms] GC(20877) Pause Young (Normal) (G1 Evacuation Pause) 3234M->2806M(3602M) 6.093ms
[2023-11-10T11:31:51.252-0800][75514884ms] GC(20877) User=0.00s Sys=0.00s Real=0.01s
[2023-11-10T11:31:51.786-0800][75515418ms] GC(20878) Pause Young (Normal) (G1 Evacuation Pause)
[2023-11-10T11:31:51.786-0800][75515418ms] GC(20878) Using 10 workers of 10 for evacuation
[2023-11-10T11:31:51.793-0800][75515425ms] GC(20878)   Pre Evacuate Collection Set: 0.0ms
[2023-11-10T11:31:51.793-0800][75515425ms] GC(20878)   Evacuate Collection Set: 1.6ms
[2023-11-10T11:31:51.793-0800][75515425ms] GC(20878)   Post Evacuate Collection Set: 4.0ms
[2023-11-10T11:31:51.793-0800][75515425ms] GC(20878)   Other: 0.3ms
[2023-11-10T11:31:51.793-0800][75515425ms] GC(20878) Eden regions: 214->0(214)
[2023-11-10T11:31:51.793-0800][75515425ms] GC(20878) Survivor regions: 1->1(27)
[2023-11-10T11:31:51.793-0800][75515425ms] GC(20878) Old regions: 1399->1399
[2023-11-10T11:31:51.793-0800][75515425ms] GC(20878) Humongous regions: 5->5
[2023-11-10T11:31:51.793-0800][75515425ms] GC(20878) Metaspace: 304797K->304797K(1347584K)
[2023-11-10T11:31:51.793-0800][75515425ms] GC(20878) Pause Young (Normal) (G1 Evacuation Pause) 3234M->2806M(3602M) 6.005ms
[2023-11-10T11:31:51.793-0800][75515425ms] GC(20878) User=0.03s Sys=0.00s Real=0.01s
[2023-11-10T11:31:52.321-0800][75515953ms] GC(20879) Pause Young (Normal) (G1 Evacuation Pause)
[2023-11-10T11:31:52.321-0800][75515953ms] GC(20879) Using 10 workers of 10 for evacuation
[2023-11-10T11:31:52.329-0800][75515961ms] GC(20879)   Pre Evacuate Collection Set: 0.0ms
[2023-11-10T11:31:52.329-0800][75515961ms] GC(20879)   Evacuate Collection Set: 2.3ms
[2023-11-10T11:31:52.329-0800][75515961ms] GC(20879)   Post Evacuate Collection Set: 4.5ms
[2023-11-10T11:31:52.329-0800][75515961ms] GC(20879)   Other: 0.3ms
[2023-11-10T11:31:52.329-0800][75515961ms] GC(20879) Eden regions: 214->0(214)
[2023-11-10T11:31:52.329-0800][75515961ms] GC(20879) Survivor regions: 1->1(27)
[2023-11-10T11:31:52.329-0800][75515961ms] GC(20879) Old regions: 1399->1399
[2023-11-10T11:31:52.329-0800][75515961ms] GC(20879) Humongous regions: 5->5
[2023-11-10T11:31:52.329-0800][75515961ms] GC(20879) Metaspace: 304797K->304797K(1347584K)
[2023-11-10T11:31:52.329-0800][75515961ms] GC(20879) Pause Young (Normal) (G1 Evacuation Pause) 3234M->2806M(3602M) 7.206ms
[2023-11-10T11:31:52.329-0800][75515961ms] GC(20879) User=0.00s Sys=0.00s Real=0.01s
[2023-11-10T11:31:52.853-0800][75516485ms] GC(20880) Pause Young (Normal) (G1 Evacuation Pause)
[2023-11-10T11:31:52.853-0800][75516485ms] GC(20880) Using 10 workers of 10 for evacuation
[2023-11-10T11:31:52.860-0800][75516492ms] GC(20880)   Pre Evacuate Collection Set: 0.0ms
[2023-11-10T11:31:52.860-0800][75516492ms] GC(20880)   Evacuate Collection Set: 2.0ms
[2023-11-10T11:31:52.860-0800][75516492ms] GC(20880)   Post Evacuate Collection Set: 4.2ms
[2023-11-10T11:31:52.860-0800][75516492ms] GC(20880)   Other: 0.3ms
[2023-11-10T11:31:52.860-0800][75516492ms] GC(20880) Eden regions: 214->0(214)
[2023-11-10T11:31:52.860-0800][75516492ms] GC(20880) Survivor regions: 1->1(27)
[2023-11-10T11:31:52.860-0800][75516492ms] GC(20880) Old regions: 1399->1399
[2023-11-10T11:31:52.860-0800][75516492ms] GC(20880) Humongous regions: 5->5
[2023-11-10T11:31:52.860-0800][75516492ms] GC(20880) Metaspace: 304797K->304797K(1347584K)
[2023-11-10T11:31:52.860-0800][75516492ms] GC(20880) Pause Young (Normal) (G1 Evacuation Pause) 3234M->2806M(3602M) 6.670ms
[2023-11-10T11:31:52.860-0800][75516492ms] GC(20880) User=0.00s Sys=0.00s Real=0.01s
[2023-11-10T11:31:53.354-0800][75516986ms] GC(20881) Pause Young (Normal) (G1 Evacuation Pause)
[2023-11-10T11:31:53.354-0800][75516986ms] GC(20881) Using 10 workers of 10 for evacuation
[2023-11-10T11:31:53.358-0800][75516990ms] GC(20881)   Pre Evacuate Collection Set: 0.1ms
[2023-11-10T11:31:53.359-0800][75516991ms] GC(20881)   Evacuate Collection Set: 1.7ms
[2023-11-10T11:31:53.359-0800][75516991ms] GC(20881)   Post Evacuate Collection Set: 3.0ms
[2023-11-10T11:31:53.359-0800][75516991ms] GC(20881)   Other: 0.3ms
[2023-11-10T11:31:53.359-0800][75516991ms] GC(20881) Eden regions: 214->0(214)
[2023-11-10T11:31:53.359-0800][75516991ms] GC(20881) Survivor regions: 1->1(27)
[2023-11-10T11:31:53.359-0800][75516991ms] GC(20881) Old regions: 1399->1399
[2023-11-10T11:31:53.359-0800][75516991ms] GC(20881) Humongous regions: 5->5
[2023-11-10T11:31:53.359-0800][75516991ms] GC(20881) Metaspace: 304797K->304797K(1347584K)
[2023-11-10T11:31:53.359-0800][75516991ms] GC(20881) Pause Young (Normal) (G1 Evacuation Pause) 3234M->2806M(3602M) 5.205ms
[2023-11-10T11:31:53.359-0800][75516991ms] GC(20881) User=0.00s Sys=0.00s Real=0.00s
[2023-11-10T11:31:53.841-0800][75517473ms] GC(20882) Pause Young (Normal) (G1 Evacuation Pause)
[2023-11-10T11:31:53.841-0800][75517473ms] GC(20882) Using 10 workers of 10 for evacuation
[2023-11-10T11:31:53.846-0800][75517478ms] GC(20882)   Pre Evacuate Collection Set: 0.0ms
[2023-11-10T11:31:53.846-0800][75517478ms] GC(20882)   Evacuate Collection Set: 1.6ms
[2023-11-10T11:31:53.847-0800][75517479ms] GC(20882)   Post Evacuate Collection Set: 3.0ms
[2023-11-10T11:31:53.847-0800][75517479ms] GC(20882)   Other: 0.2ms
[2023-11-10T11:31:53.847-0800][75517479ms] GC(20882) Eden regions: 214->0(214)
[2023-11-10T11:31:53.847-0800][75517479ms] GC(20882) Survivor regions: 1->1(27)
[2023-11-10T11:31:53.847-0800][75517479ms] GC(20882) Old regions: 1399->1399
[2023-11-10T11:31:53.847-0800][75517479ms] GC(20882) Humongous regions: 5->5
[2023-11-10T11:31:53.847-0800][75517479ms] GC(20882) Metaspace: 304797K->304797K(1347584K)
[2023-11-10T11:31:53.847-0800][75517479ms] GC(20882) Pause Young (Normal) (G1 Evacuation Pause) 3234M->2806M(3602M) 5.015ms
[2023-11-10T11:31:53.847-0800][75517479ms] GC(20882) User=0.00s Sys=0.00s Real=0.01s
[2023-11-10T11:31:54.342-0800][75517974ms] GC(20883) Pause Young (Normal) (G1 Evacuation Pause)
[2023-11-10T11:31:54.342-0800][75517974ms] GC(20883) Using 10 workers of 10 for evacuation
[2023-11-10T11:31:54.347-0800][75517979ms] GC(20883)   Pre Evacuate Collection Set: 0.0ms
[2023-11-10T11:31:54.348-0800][75517980ms] GC(20883)   Evacuate Collection Set: 1.7ms
[2023-11-10T11:31:54.348-0800][75517980ms] GC(20883)   Post Evacuate Collection Set: 3.2ms
[2023-11-10T11:31:54.348-0800][75517980ms] GC(20883)   Other: 0.3ms
[2023-11-10T11:31:54.348-0800][75517980ms] GC(20883) Eden regions: 214->0(214)
[2023-11-10T11:31:54.348-0800][75517980ms] GC(20883) Survivor regions: 1->1(27)
[2023-11-10T11:31:54.348-0800][75517980ms] GC(20883) Old regions: 1399->1399
[2023-11-10T11:31:54.348-0800][75517980ms] GC(20883) Humongous regions: 5->5
[2023-11-10T11:31:54.348-0800][75517980ms] GC(20883) Metaspace: 304797K->304797K(1347584K)
[2023-11-10T11:31:54.348-0800][75517980ms] GC(20883) Pause Young (Normal) (G1 Evacuation Pause) 3234M->2806M(3602M) 5.422ms
[2023-11-10T11:31:54.348-0800][75517980ms] GC(20883) User=0.00s Sys=0.00s Real=0.01s
[2023-11-10T11:31:54.834-0800][75518466ms] GC(20884) Pause Young (Normal) (G1 Evacuation Pause)
[2023-11-10T11:31:54.834-0800][75518466ms] GC(20884) Using 10 workers of 10 for evacuation
[2023-11-10T11:31:54.839-0800][75518471ms] GC(20884)   Pre Evacuate Collection Set: 0.0ms
[2023-11-10T11:31:54.839-0800][75518471ms] GC(20884)   Evacuate Collection Set: 1.7ms
[2023-11-10T11:31:54.839-0800][75518471ms] GC(20884)   Post Evacuate Collection Set: 3.1ms
[2023-11-10T11:31:54.839-0800][75518471ms] GC(20884)   Other: 0.2ms
[2023-11-10T11:31:54.839-0800][75518471ms] GC(20884) Eden regions: 214->0(214)
[2023-11-10T11:31:54.839-0800][75518471ms] GC(20884) Survivor regions: 1->1(27)
[2023-11-10T11:31:54.839-0800][75518471ms] GC(20884) Old regions: 1399->1399
[2023-11-10T11:31:54.839-0800][75518471ms] GC(20884) Humongous regions: 5->5
[2023-11-10T11:31:54.839-0800][75518471ms] GC(20884) Metaspace: 304797K->304797K(1347584K)
[2023-11-10T11:31:54.839-0800][75518471ms] GC(20884) Pause Young (Normal) (G1 Evacuation Pause) 3234M->2806M(3602M) 5.298ms
[2023-11-10T11:31:54.839-0800][75518471ms] GC(20884) User=0.13s Sys=0.00s Real=0.00s
[2023-11-10T11:31:55.294-0800][75518926ms] GC(20885) Pause Young (Normal) (G1 Evacuation Pause)
[2023-11-10T11:31:55.294-0800][75518926ms] GC(20885) Using 10 workers of 10 for evacuation
[2023-11-10T11:31:55.299-0800][75518931ms] GC(20885)   Pre Evacuate Collection Set: 0.0ms
[2023-11-10T11:31:55.299-0800][75518931ms] GC(20885)   Evacuate Collection Set: 1.7ms
[2023-11-10T11:31:55.299-0800][75518931ms] GC(20885)   Post Evacuate Collection Set: 3.3ms
[2023-11-10T11:31:55.299-0800][75518931ms] GC(20885)   Other: 0.3ms
[2023-11-10T11:31:55.299-0800][75518931ms] GC(20885) Eden regions: 214->0(214)
[2023-11-10T11:31:55.299-0800][75518931ms] GC(20885) Survivor regions: 1->1(27)
[2023-11-10T11:31:55.299-0800][75518931ms] GC(20885) Old regions: 1399->1399
[2023-11-10T11:31:55.299-0800][75518931ms] GC(20885) Humongous regions: 5->5
[2023-11-10T11:31:55.299-0800][75518931ms] GC(20885) Metaspace: 304797K->304797K(1347584K)
[2023-11-10T11:31:55.299-0800][75518931ms] GC(20885) Pause Young (Normal) (G1 Evacuation Pause) 3234M->2806M(3602M) 5.495ms
[2023-11-10T11:31:55.299-0800][75518931ms] GC(20885) User=0.00s Sys=0.00s Real=0.01s
[2023-11-10T11:31:55.811-0800][75519443ms] GC(20886) Pause Young (Normal) (G1 Evacuation Pause)
[2023-11-10T11:31:55.811-0800][75519443ms] GC(20886) Using 10 workers of 10 for evacuation
[2023-11-10T11:31:55.817-0800][75519449ms] GC(20886)   Pre Evacuate Collection Set: 0.0ms
[2023-11-10T11:31:55.817-0800][75519449ms] GC(20886)   Evacuate Collection Set: 2.0ms
[2023-11-10T11:31:55.817-0800][75519449ms] GC(20886)   Post Evacuate Collection Set: 3.8ms
[2023-11-10T11:31:55.817-0800][75519449ms] GC(20886)   Other: 0.2ms
[2023-11-10T11:31:55.817-0800][75519449ms] GC(20886) Eden regions: 214->0(214)
[2023-11-10T11:31:55.817-0800][75519449ms] GC(20886) Survivor regions: 1->1(27)
[2023-11-10T11:31:55.817-0800][75519449ms] GC(20886) Old regions: 1399->1399
[2023-11-10T11:31:55.817-0800][75519449ms] GC(20886) Humongous regions: 5->5
[2023-11-10T11:31:55.817-0800][75519449ms] GC(20886) Metaspace: 304797K->304797K(1347584K)
[2023-11-10T11:31:55.818-0800][75519450ms] GC(20886) Pause Young (Normal) (G1 Evacuation Pause) 3234M->2807M(3602M) 6.201ms
[2023-11-10T11:31:55.818-0800][75519450ms] GC(20886) User=0.00s Sys=0.00s Real=0.01s
[2023-11-10T11:31:56.362-0800][75519994ms] GC(20887) Pause Young (Normal) (G1 Evacuation Pause)
[2023-11-10T11:31:56.362-0800][75519994ms] GC(20887) Using 10 workers of 10 for evacuation
[2023-11-10T11:31:56.366-0800][75519998ms] GC(20887)   Pre Evacuate Collection Set: 0.0ms
[2023-11-10T11:31:56.367-0800][75519999ms] GC(20887)   Evacuate Collection Set: 1.6ms
[2023-11-10T11:31:56.367-0800][75519999ms] GC(20887)   Post Evacuate Collection Set: 2.9ms
[2023-11-10T11:31:56.367-0800][75519999ms] GC(20887)   Other: 0.3ms
[2023-11-10T11:31:56.367-0800][75519999ms] GC(20887) Eden regions: 214->0(214)
[2023-11-10T11:31:56.367-0800][75519999ms] GC(20887) Survivor regions: 1->1(27)
[2023-11-10T11:31:56.367-0800][75519999ms] GC(20887) Old regions: 1399->1399
[2023-11-10T11:31:56.367-0800][75519999ms] GC(20887) Humongous regions: 5->5
[2023-11-10T11:31:56.367-0800][75519999ms] GC(20887) Metaspace: 304797K->304797K(1347584K)
[2023-11-10T11:31:56.367-0800][75519999ms] GC(20887) Pause Young (Normal) (G1 Evacuation Pause) 3235M->2806M(3602M) 4.962ms
[2023-11-10T11:31:56.367-0800][75519999ms] GC(20887) User=0.02s Sys=0.00s Real=0.01s
[2023-11-10T11:31:56.870-0800][75520502ms] GC(20888) Pause Young (Normal) (G1 Evacuation Pause)
[2023-11-10T11:31:56.871-0800][75520503ms] GC(20888) Using 10 workers of 10 for evacuation
[2023-11-10T11:31:56.878-0800][75520510ms] GC(20888)   Pre Evacuate Collection Set: 0.1ms
[2023-11-10T11:31:56.878-0800][75520510ms] GC(20888)   Evacuate Collection Set: 1.7ms
[2023-11-10T11:31:56.878-0800][75520510ms] GC(20888)   Post Evacuate Collection Set: 4.6ms
[2023-11-10T11:31:56.878-0800][75520510ms] GC(20888)   Other: 0.5ms
[2023-11-10T11:31:56.878-0800][75520510ms] GC(20888) Eden regions: 214->0(214)
[2023-11-10T11:31:56.878-0800][75520510ms] GC(20888) Survivor regions: 1->1(27)
[2023-11-10T11:31:56.878-0800][75520510ms] GC(20888) Old regions: 1399->1399
[2023-11-10T11:31:56.878-0800][75520510ms] GC(20888) Humongous regions: 5->5
[2023-11-10T11:31:56.878-0800][75520510ms] GC(20888) Metaspace: 304797K->304797K(1347584K)
[2023-11-10T11:31:56.878-0800][75520510ms] GC(20888) Pause Young (Normal) (G1 Evacuation Pause) 3234M->2806M(3602M) 6.990ms
[2023-11-10T11:31:56.878-0800][75520510ms] GC(20888) User=0.00s Sys=0.00s Real=0.01s
[2023-11-10T11:31:57.327-0800][75520959ms] GC(20889) Pause Young (Normal) (G1 Evacuation Pause)
[2023-11-10T11:31:57.327-0800][75520959ms] GC(20889) Using 10 workers of 10 for evacuation
[2023-11-10T11:31:57.332-0800][75520964ms] GC(20889)   Pre Evacuate Collection Set: 0.0ms
[2023-11-10T11:31:57.332-0800][75520964ms] GC(20889)   Evacuate Collection Set: 1.7ms
[2023-11-10T11:31:57.332-0800][75520964ms] GC(20889)   Post Evacuate Collection Set: 3.1ms
[2023-11-10T11:31:57.332-0800][75520964ms] GC(20889)   Other: 0.2ms
[2023-11-10T11:31:57.332-0800][75520964ms] GC(20889) Eden regions: 214->0(214)
[2023-11-10T11:31:57.332-0800][75520964ms] GC(20889) Survivor regions: 1->1(27)
[2023-11-10T11:31:57.332-0800][75520964ms] GC(20889) Old regions: 1399->1399
[2023-11-10T11:31:57.332-0800][75520964ms] GC(20889) Humongous regions: 5->5
[2023-11-10T11:31:57.332-0800][75520964ms] GC(20889) Metaspace: 304797K->304797K(1347584K)
[2023-11-10T11:31:57.332-0800][75520964ms] GC(20889) Pause Young (Normal) (G1 Evacuation Pause) 3234M->2806M(3602M) 5.172ms
[2023-11-10T11:31:57.332-0800][75520964ms] GC(20889) User=0.00s Sys=0.00s Real=0.01s
[2023-11-10T11:31:57.811-0800][75521443ms] GC(20890) Pause Young (Normal) (G1 Evacuation Pause)
[2023-11-10T11:31:57.811-0800][75521443ms] GC(20890) Using 10 workers of 10 for evacuation
[2023-11-10T11:31:57.817-0800][75521449ms] GC(20890)   Pre Evacuate Collection Set: 0.0ms
[2023-11-10T11:31:57.817-0800][75521449ms] GC(20890)   Evacuate Collection Set: 1.7ms
[2023-11-10T11:31:57.817-0800][75521449ms] GC(20890)   Post Evacuate Collection Set: 3.2ms
[2023-11-10T11:31:57.817-0800][75521449ms] GC(20890)   Other: 0.3ms
[2023-11-10T11:31:57.817-0800][75521449ms] GC(20890) Eden regions: 214->0(214)
[2023-11-10T11:31:57.817-0800][75521449ms] GC(20890) Survivor regions: 1->1(27)
[2023-11-10T11:31:57.817-0800][75521449ms] GC(20890) Old regions: 1399->1399
[2023-11-10T11:31:57.817-0800][75521449ms] GC(20890) Humongous regions: 5->5
[2023-11-10T11:31:57.817-0800][75521449ms] GC(20890) Metaspace: 304797K->304797K(1347584K)
[2023-11-10T11:31:57.817-0800][75521449ms] GC(20890) Pause Young (Normal) (G1 Evacuation Pause) 3234M->2806M(3602M) 5.331ms
[2023-11-10T11:31:57.817-0800][75521449ms] GC(20890) User=0.00s Sys=0.00s Real=0.01s
[2023-11-10T11:31:58.251-0800][75521883ms] GC(20891) Pause Young (Normal) (G1 Evacuation Pause)
[2023-11-10T11:31:58.251-0800][75521883ms] GC(20891) Using 10 workers of 10 for evacuation
[2023-11-10T11:31:58.256-0800][75521888ms] GC(20891)   Pre Evacuate Collection Set: 0.0ms
[2023-11-10T11:31:58.256-0800][75521888ms] GC(20891)   Evacuate Collection Set: 1.6ms
[2023-11-10T11:31:58.257-0800][75521889ms] GC(20891)   Post Evacuate Collection Set: 3.7ms
[2023-11-10T11:31:58.257-0800][75521889ms] GC(20891)   Other: 0.3ms
[2023-11-10T11:31:58.257-0800][75521889ms] GC(20891) Eden regions: 214->0(214)
[2023-11-10T11:31:58.257-0800][75521889ms] GC(20891) Survivor regions: 1->1(27)
[2023-11-10T11:31:58.257-0800][75521889ms] GC(20891) Old regions: 1399->1399
[2023-11-10T11:31:58.257-0800][75521889ms] GC(20891) Humongous regions: 5->5
[2023-11-10T11:31:58.257-0800][75521889ms] GC(20891) Metaspace: 304797K->304797K(1347584K)
[2023-11-10T11:31:58.257-0800][75521889ms] GC(20891) Pause Young (Normal) (G1 Evacuation Pause) 3234M->2806M(3602M) 5.660ms
[2023-11-10T11:31:58.257-0800][75521889ms] GC(20891) User=0.00s Sys=0.00s Real=0.01s
[2023-11-10T11:31:58.809-0800][75522441ms] GC(20892) Pause Young (Normal) (G1 Evacuation Pause)
[2023-11-10T11:31:58.809-0800][75522441ms] GC(20892) Using 10 workers of 10 for evacuation
[2023-11-10T11:31:58.815-0800][75522447ms] GC(20892)   Pre Evacuate Collection Set: 0.0ms
[2023-11-10T11:31:58.815-0800][75522447ms] GC(20892)   Evacuate Collection Set: 1.9ms
[2023-11-10T11:31:58.815-0800][75522447ms] GC(20892)   Post Evacuate Collection Set: 3.8ms
[2023-11-10T11:31:58.815-0800][75522447ms] GC(20892)   Other: 0.3ms
[2023-11-10T11:31:58.815-0800][75522447ms] GC(20892) Eden regions: 214->0(214)
[2023-11-10T11:31:58.815-0800][75522447ms] GC(20892) Survivor regions: 1->1(27)
[2023-11-10T11:31:58.815-0800][75522447ms] GC(20892) Old regions: 1399->1399
[2023-11-10T11:31:58.815-0800][75522447ms] GC(20892) Humongous regions: 5->5
[2023-11-10T11:31:58.816-0800][75522448ms] GC(20892) Metaspace: 304797K->304797K(1347584K)
[2023-11-10T11:31:58.816-0800][75522448ms] GC(20892) Pause Young (Normal) (G1 Evacuation Pause) 3234M->2806M(3602M) 6.159ms
[2023-11-10T11:31:58.816-0800][75522448ms] GC(20892) User=0.00s Sys=0.00s Real=0.01s
[2023-11-10T11:31:59.381-0800][75523013ms] GC(20893) Pause Young (Normal) (G1 Evacuation Pause)
[2023-11-10T11:31:59.381-0800][75523013ms] GC(20893) Using 10 workers of 10 for evacuation
[2023-11-10T11:31:59.388-0800][75523020ms] GC(20893)   Pre Evacuate Collection Set: 0.1ms
[2023-11-10T11:31:59.388-0800][75523020ms] GC(20893)   Evacuate Collection Set: 2.8ms
[2023-11-10T11:31:59.388-0800][75523020ms] GC(20893)   Post Evacuate Collection Set: 3.6ms
[2023-11-10T11:31:59.388-0800][75523020ms] GC(20893)   Other: 0.3ms
[2023-11-10T11:31:59.388-0800][75523020ms] GC(20893) Eden regions: 214->0(214)
[2023-11-10T11:31:59.388-0800][75523020ms] GC(20893) Survivor regions: 1->1(27)
[2023-11-10T11:31:59.388-0800][75523020ms] GC(20893) Old regions: 1399->1399
[2023-11-10T11:31:59.388-0800][75523020ms] GC(20893) Humongous regions: 5->5
[2023-11-10T11:31:59.388-0800][75523020ms] GC(20893) Metaspace: 304797K->304797K(1347584K)
[2023-11-10T11:31:59.388-0800][75523020ms] GC(20893) Pause Young (Normal) (G1 Evacuation Pause) 3234M->2806M(3602M) 6.858ms
[2023-11-10T11:31:59.388-0800][75523020ms] GC(20893) User=0.06s Sys=0.00s Real=0.01s
[2023-11-10T11:31:59.934-0800][75523566ms] GC(20894) Pause Young (Normal) (G1 Evacuation Pause)
[2023-11-10T11:31:59.934-0800][75523566ms] GC(20894) Using 10 workers of 10 for evacuation
[2023-11-10T11:31:59.939-0800][75523571ms] GC(20894)   Pre Evacuate Collection Set: 0.0ms
[2023-11-10T11:31:59.939-0800][75523571ms] GC(20894)   Evacuate Collection Set: 1.7ms
[2023-11-10T11:31:59.939-0800][75523571ms] GC(20894)   Post Evacuate Collection Set: 3.8ms
[2023-11-10T11:31:59.939-0800][75523571ms] GC(20894)   Other: 0.2ms
[2023-11-10T11:31:59.939-0800][75523571ms] GC(20894) Eden regions: 214->0(214)
[2023-11-10T11:31:59.939-0800][75523571ms] GC(20894) Survivor regions: 1->1(27)
[2023-11-10T11:31:59.939-0800][75523571ms] GC(20894) Old regions: 1399->1399
[2023-11-10T11:31:59.939-0800][75523571ms] GC(20894) Humongous regions: 5->5
[2023-11-10T11:31:59.939-0800][75523571ms] GC(20894) Metaspace: 304797K->304797K(1347584K)
[2023-11-10T11:31:59.939-0800][75523571ms] GC(20894) Pause Young (Normal) (G1 Evacuation Pause) 3234M->2806M(3602M) 5.906ms
[2023-11-10T11:31:59.941-0800][75523573ms] GC(20894) User=0.00s Sys=0.00s Real=0.01s
[2023-11-10T11:32:00.464-0800][75524096ms] GC(20895) Pause Young (Normal) (G1 Evacuation Pause)
[2023-11-10T11:32:00.464-0800][75524096ms] GC(20895) Using 10 workers of 10 for evacuation
[2023-11-10T11:32:00.471-0800][75524103ms] GC(20895)   Pre Evacuate Collection Set: 0.0ms
[2023-11-10T11:32:00.471-0800][75524103ms] GC(20895)   Evacuate Collection Set: 2.0ms
[2023-11-10T11:32:00.471-0800][75524103ms] GC(20895)   Post Evacuate Collection Set: 4.8ms
[2023-11-10T11:32:00.471-0800][75524103ms] GC(20895)   Other: 0.3ms
[2023-11-10T11:32:00.471-0800][75524103ms] GC(20895) Eden regions: 214->0(214)
[2023-11-10T11:32:00.471-0800][75524103ms] GC(20895) Survivor regions: 1->1(27)
[2023-11-10T11:32:00.471-0800][75524103ms] GC(20895) Old regions: 1399->1399
[2023-11-10T11:32:00.471-0800][75524103ms] GC(20895) Humongous regions: 5->5
[2023-11-10T11:32:00.471-0800][75524103ms] GC(20895) Metaspace: 304797K->304797K(1347584K)
[2023-11-10T11:32:00.471-0800][75524103ms] GC(20895) Pause Young (Normal) (G1 Evacuation Pause) 3234M->2806M(3602M) 7.222ms
[2023-11-10T11:32:00.472-0800][75524104ms] GC(20895) User=0.00s Sys=0.00s Real=0.01s
[2023-11-10T11:32:00.988-0800][75524620ms] GC(20896) Pause Young (Normal) (G1 Evacuation Pause)
[2023-11-10T11:32:00.988-0800][75524620ms] GC(20896) Using 10 workers of 10 for evacuation
[2023-11-10T11:32:00.993-0800][75524625ms] GC(20896)   Pre Evacuate Collection Set: 0.0ms
[2023-11-10T11:32:00.994-0800][75524626ms] GC(20896)   Evacuate Collection Set: 1.6ms
[2023-11-10T11:32:00.994-0800][75524626ms] GC(20896)   Post Evacuate Collection Set: 3.2ms
[2023-11-10T11:32:00.994-0800][75524626ms] GC(20896)   Other: 0.3ms
[2023-11-10T11:32:00.994-0800][75524626ms] GC(20896) Eden regions: 214->0(214)
[2023-11-10T11:32:00.994-0800][75524626ms] GC(20896) Survivor regions: 1->1(27)
[2023-11-10T11:32:00.994-0800][75524626ms] GC(20896) Old regions: 1399->1399
[2023-11-10T11:32:00.994-0800][75524626ms] GC(20896) Humongous regions: 5->5
[2023-11-10T11:32:00.994-0800][75524626ms] GC(20896) Metaspace: 304797K->304797K(1347584K)
[2023-11-10T11:32:00.994-0800][75524626ms] GC(20896) Pause Young (Normal) (G1 Evacuation Pause) 3234M->2806M(3602M) 5.189ms
[2023-11-10T11:32:00.994-0800][75524626ms] GC(20896) User=0.00s Sys=0.00s Real=0.01s
[2023-11-10T11:32:01.545-0800][75525177ms] GC(20897) Pause Young (Normal) (G1 Evacuation Pause)
[2023-11-10T11:32:01.545-0800][75525177ms] GC(20897) Using 10 workers of 10 for evacuation
[2023-11-10T11:32:01.552-0800][75525184ms] GC(20897)   Pre Evacuate Collection Set: 0.1ms
[2023-11-10T11:32:01.552-0800][75525184ms] GC(20897)   Evacuate Collection Set: 2.1ms
[2023-11-10T11:32:01.552-0800][75525184ms] GC(20897)   Post Evacuate Collection Set: 3.4ms
[2023-11-10T11:32:01.552-0800][75525184ms] GC(20897)   Other: 0.4ms
[2023-11-10T11:32:01.552-0800][75525184ms] GC(20897) Eden regions: 214->0(214)
[2023-11-10T11:32:01.552-0800][75525184ms] GC(20897) Survivor regions: 1->1(27)
[2023-11-10T11:32:01.552-0800][75525184ms] GC(20897) Old regions: 1399->1399
[2023-11-10T11:32:01.552-0800][75525184ms] GC(20897) Humongous regions: 5->5
[2023-11-10T11:32:01.552-0800][75525184ms] GC(20897) Metaspace: 304797K->304797K(1347584K)
[2023-11-10T11:32:01.552-0800][75525184ms] GC(20897) Pause Young (Normal) (G1 Evacuation Pause) 3234M->2806M(3602M) 6.041ms
[2023-11-10T11:32:01.552-0800][75525184ms] GC(20897) User=0.00s Sys=0.00s Real=0.01s
[2023-11-10T11:32:02.123-0800][75525755ms] GC(20898) Pause Young (Normal) (G1 Evacuation Pause)
[2023-11-10T11:32:02.123-0800][75525755ms] GC(20898) Using 10 workers of 10 for evacuation
[2023-11-10T11:32:02.130-0800][75525762ms] GC(20898)   Pre Evacuate Collection Set: 0.1ms
[2023-11-10T11:32:02.130-0800][75525762ms] GC(20898)   Evacuate Collection Set: 2.8ms
[2023-11-10T11:32:02.130-0800][75525762ms] GC(20898)   Post Evacuate Collection Set: 3.8ms
[2023-11-10T11:32:02.130-0800][75525762ms] GC(20898)   Other: 0.3ms
[2023-11-10T11:32:02.130-0800][75525762ms] GC(20898) Eden regions: 214->0(214)
[2023-11-10T11:32:02.130-0800][75525762ms] GC(20898) Survivor regions: 1->1(27)
[2023-11-10T11:32:02.130-0800][75525762ms] GC(20898) Old regions: 1399->1399
[2023-11-10T11:32:02.130-0800][75525762ms] GC(20898) Humongous regions: 5->5
[2023-11-10T11:32:02.130-0800][75525762ms] GC(20898) Metaspace: 304797K->304797K(1347584K)
[2023-11-10T11:32:02.130-0800][75525762ms] GC(20898) Pause Young (Normal) (G1 Evacuation Pause) 3234M->2806M(3602M) 7.120ms
[2023-11-10T11:32:02.131-0800][75525763ms] GC(20898) User=0.00s Sys=0.00s Real=0.01s
[2023-11-10T11:32:02.717-0800][75526349ms] GC(20899) Pause Young (Normal) (G1 Evacuation Pause)
[2023-11-10T11:32:02.717-0800][75526349ms] GC(20899) Using 10 workers of 10 for evacuation
[2023-11-10T11:32:02.724-0800][75526356ms] GC(20899)   Pre Evacuate Collection Set: 0.1ms
[2023-11-10T11:32:02.724-0800][75526356ms] GC(20899)   Evacuate Collection Set: 2.1ms
[2023-11-10T11:32:02.724-0800][75526356ms] GC(20899)   Post Evacuate Collection Set: 4.3ms
[2023-11-10T11:32:02.724-0800][75526356ms] GC(20899)   Other: 0.7ms
[2023-11-10T11:32:02.724-0800][75526356ms] GC(20899) Eden regions: 214->0(214)
[2023-11-10T11:32:02.724-0800][75526356ms] GC(20899) Survivor regions: 1->1(27)
[2023-11-10T11:32:02.724-0800][75526356ms] GC(20899) Old regions: 1399->1399
[2023-11-10T11:32:02.724-0800][75526356ms] GC(20899) Humongous regions: 5->5
[2023-11-10T11:32:02.724-0800][75526356ms] GC(20899) Metaspace: 304797K->304797K(1347584K)
[2023-11-10T11:32:02.724-0800][75526356ms] GC(20899) Pause Young (Normal) (G1 Evacuation Pause) 3234M->2806M(3602M) 7.223ms
[2023-11-10T11:32:02.724-0800][75526356ms] GC(20899) User=0.00s Sys=0.00s Real=0.01s
[2023-11-10T11:32:03.353-0800][75526985ms] GC(20900) Pause Young (Normal) (G1 Evacuation Pause)
[2023-11-10T11:32:03.353-0800][75526985ms] GC(20900) Using 10 workers of 10 for evacuation
[2023-11-10T11:32:03.359-0800][75526991ms] GC(20900)   Pre Evacuate Collection Set: 0.0ms
[2023-11-10T11:32:03.359-0800][75526991ms] GC(20900)   Evacuate Collection Set: 1.7ms
[2023-11-10T11:32:03.360-0800][75526992ms] GC(20900)   Post Evacuate Collection Set: 4.8ms
[2023-11-10T11:32:03.360-0800][75526992ms] GC(20900)   Other: 0.3ms
[2023-11-10T11:32:03.360-0800][75526992ms] GC(20900) Eden regions: 214->0(214)
[2023-11-10T11:32:03.360-0800][75526992ms] GC(20900) Survivor regions: 1->1(27)
[2023-11-10T11:32:03.360-0800][75526992ms] GC(20900) Old regions: 1399->1399
[2023-11-10T11:32:03.360-0800][75526992ms] GC(20900) Humongous regions: 5->5
[2023-11-10T11:32:03.360-0800][75526992ms] GC(20900) Metaspace: 304797K->304797K(1347584K)
[2023-11-10T11:32:03.360-0800][75526992ms] GC(20900) Pause Young (Normal) (G1 Evacuation Pause) 3234M->2806M(3602M) 6.964ms
[2023-11-10T11:32:03.360-0800][75526992ms] GC(20900) User=0.00s Sys=0.00s Real=0.01s
[2023-11-10T11:32:03.841-0800][75527473ms] GC(20901) Pause Young (Normal) (G1 Evacuation Pause)
[2023-11-10T11:32:03.841-0800][75527473ms] GC(20901) Using 10 workers of 10 for evacuation
[2023-11-10T11:32:03.847-0800][75527479ms] GC(20901)   Pre Evacuate Collection Set: 0.0ms
[2023-11-10T11:32:03.847-0800][75527479ms] GC(20901)   Evacuate Collection Set: 1.7ms
[2023-11-10T11:32:03.847-0800][75527479ms] GC(20901)   Post Evacuate Collection Set: 3.1ms
[2023-11-10T11:32:03.847-0800][75527479ms] GC(20901)   Other: 0.2ms
[2023-11-10T11:32:03.847-0800][75527479ms] GC(20901) Eden regions: 214->0(214)
[2023-11-10T11:32:03.847-0800][75527479ms] GC(20901) Survivor regions: 1->1(27)
[2023-11-10T11:32:03.847-0800][75527479ms] GC(20901) Old regions: 1399->1399
[2023-11-10T11:32:03.847-0800][75527479ms] GC(20901) Humongous regions: 5->5
[2023-11-10T11:32:03.847-0800][75527479ms] GC(20901) Metaspace: 304797K->304797K(1347584K)
[2023-11-10T11:32:03.847-0800][75527479ms] GC(20901) Pause Young (Normal) (G1 Evacuation Pause) 3234M->2806M(3602M) 5.137ms
[2023-11-10T11:32:03.847-0800][75527479ms] GC(20901) User=0.00s Sys=0.00s Real=0.01s
[2023-11-10T11:32:04.362-0800][75527994ms] GC(20902) Pause Young (Normal) (G1 Evacuation Pause)
[2023-11-10T11:32:04.362-0800][75527994ms] GC(20902) Using 10 workers of 10 for evacuation
[2023-11-10T11:32:04.368-0800][75528000ms] GC(20902)   Pre Evacuate Collection Set: 0.0ms
[2023-11-10T11:32:04.368-0800][75528000ms] GC(20902)   Evacuate Collection Set: 1.7ms
[2023-11-10T11:32:04.368-0800][75528000ms] GC(20902)   Post Evacuate Collection Set: 3.3ms
[2023-11-10T11:32:04.368-0800][75528000ms] GC(20902)   Other: 0.3ms
[2023-11-10T11:32:04.368-0800][75528000ms] GC(20902) Eden regions: 214->0(214)
[2023-11-10T11:32:04.368-0800][75528000ms] GC(20902) Survivor regions: 1->1(27)
[2023-11-10T11:32:04.368-0800][75528000ms] GC(20902) Old regions: 1399->1399
[2023-11-10T11:32:04.368-0800][75528000ms] GC(20902) Humongous regions: 5->5
[2023-11-10T11:32:04.368-0800][75528000ms] GC(20902) Metaspace: 304797K->304797K(1347584K)
[2023-11-10T11:32:04.368-0800][75528000ms] GC(20902) Pause Young (Normal) (G1 Evacuation Pause) 3234M->2806M(3602M) 5.414ms
[2023-11-10T11:32:04.368-0800][75528000ms] GC(20902) User=0.02s Sys=0.00s Real=0.01s
[2023-11-10T11:32:04.885-0800][75528517ms] GC(20903) Pause Young (Normal) (G1 Evacuation Pause)
[2023-11-10T11:32:04.885-0800][75528517ms] GC(20903) Using 10 workers of 10 for evacuation
[2023-11-10T11:32:04.889-0800][75528521ms] GC(20903)   Pre Evacuate Collection Set: 0.0ms
[2023-11-10T11:32:04.889-0800][75528521ms] GC(20903)   Evacuate Collection Set: 1.8ms
[2023-11-10T11:32:04.889-0800][75528521ms] GC(20903)   Post Evacuate Collection Set: 3.3ms
[2023-11-10T11:32:04.889-0800][75528521ms] GC(20903)   Other: 0.2ms
[2023-11-10T11:32:04.889-0800][75528521ms] GC(20903) Eden regions: 214->0(214)
[2023-11-10T11:32:04.889-0800][75528521ms] GC(20903) Survivor regions: 1->1(27)
[2023-11-10T11:32:04.889-0800][75528521ms] GC(20903) Old regions: 1399->1399
[2023-11-10T11:32:04.889-0800][75528521ms] GC(20903) Humongous regions: 5->5
[2023-11-10T11:32:04.889-0800][75528521ms] GC(20903) Metaspace: 304797K->304797K(1347584K)
[2023-11-10T11:32:04.889-0800][75528521ms] GC(20903) Pause Young (Normal) (G1 Evacuation Pause) 3234M->2806M(3602M) 5.484ms
[2023-11-10T11:32:04.889-0800][75528521ms] GC(20903) User=0.00s Sys=0.00s Real=0.00s
[2023-11-10T11:32:05.481-0800][75529113ms] GC(20904) Pause Young (Normal) (G1 Evacuation Pause)
[2023-11-10T11:32:05.481-0800][75529113ms] GC(20904) Using 10 workers of 10 for evacuation
[2023-11-10T11:32:05.487-0800][75529119ms] GC(20904)   Pre Evacuate Collection Set: 0.0ms
[2023-11-10T11:32:05.487-0800][75529119ms] GC(20904)   Evacuate Collection Set: 2.0ms
[2023-11-10T11:32:05.487-0800][75529119ms] GC(20904)   Post Evacuate Collection Set: 3.4ms
[2023-11-10T11:32:05.487-0800][75529119ms] GC(20904)   Other: 0.3ms
[2023-11-10T11:32:05.487-0800][75529119ms] GC(20904) Eden regions: 214->0(214)
[2023-11-10T11:32:05.487-0800][75529119ms] GC(20904) Survivor regions: 1->1(27)
[2023-11-10T11:32:05.487-0800][75529119ms] GC(20904) Old regions: 1399->1399
[2023-11-10T11:32:05.487-0800][75529119ms] GC(20904) Humongous regions: 5->5
[2023-11-10T11:32:05.487-0800][75529119ms] GC(20904) Metaspace: 304797K->304797K(1347584K)
[2023-11-10T11:32:05.487-0800][75529119ms] GC(20904) Pause Young (Normal) (G1 Evacuation Pause) 3234M->2807M(3602M) 5.806ms
[2023-11-10T11:32:05.488-0800][75529120ms] GC(20904) User=0.00s Sys=0.00s Real=0.01s
[2023-11-10T11:32:06.068-0800][75529700ms] GC(20905) Pause Young (Normal) (G1 Evacuation Pause)
[2023-11-10T11:32:06.068-0800][75529700ms] GC(20905) Using 10 workers of 10 for evacuation
[2023-11-10T11:32:06.074-0800][75529706ms] GC(20905)   Pre Evacuate Collection Set: 0.0ms
[2023-11-10T11:32:06.074-0800][75529706ms] GC(20905)   Evacuate Collection Set: 1.7ms
[2023-11-10T11:32:06.074-0800][75529706ms] GC(20905)   Post Evacuate Collection Set: 3.1ms
[2023-11-10T11:32:06.074-0800][75529706ms] GC(20905)   Other: 0.2ms
[2023-11-10T11:32:06.074-0800][75529706ms] GC(20905) Eden regions: 214->0(214)
[2023-11-10T11:32:06.074-0800][75529706ms] GC(20905) Survivor regions: 1->1(27)
[2023-11-10T11:32:06.074-0800][75529706ms] GC(20905) Old regions: 1399->1399
[2023-11-10T11:32:06.074-0800][75529706ms] GC(20905) Humongous regions: 5->5
[2023-11-10T11:32:06.074-0800][75529706ms] GC(20905) Metaspace: 304797K->304797K(1347584K)
[2023-11-10T11:32:06.074-0800][75529706ms] GC(20905) Pause Young (Normal) (G1 Evacuation Pause) 3235M->2807M(3602M) 5.220ms
[2023-11-10T11:32:06.074-0800][75529706ms] GC(20905) User=0.06s Sys=0.00s Real=0.01s
[2023-11-10T11:32:06.583-0800][75530215ms] GC(20906) Pause Young (Normal) (G1 Evacuation Pause)
[2023-11-10T11:32:06.583-0800][75530215ms] GC(20906) Using 10 workers of 10 for evacuation
[2023-11-10T11:32:06.589-0800][75530221ms] GC(20906)   Pre Evacuate Collection Set: 0.1ms
[2023-11-10T11:32:06.589-0800][75530221ms] GC(20906)   Evacuate Collection Set: 1.9ms
[2023-11-10T11:32:06.589-0800][75530221ms] GC(20906)   Post Evacuate Collection Set: 3.1ms
[2023-11-10T11:32:06.589-0800][75530221ms] GC(20906)   Other: 0.3ms
[2023-11-10T11:32:06.589-0800][75530221ms] GC(20906) Eden regions: 214->0(214)
[2023-11-10T11:32:06.589-0800][75530221ms] GC(20906) Survivor regions: 1->1(27)
[2023-11-10T11:32:06.589-0800][75530221ms] GC(20906) Old regions: 1399->1399
[2023-11-10T11:32:06.589-0800][75530221ms] GC(20906) Humongous regions: 5->5
[2023-11-10T11:32:06.589-0800][75530221ms] GC(20906) Metaspace: 304797K->304797K(1347584K)
[2023-11-10T11:32:06.589-0800][75530221ms] GC(20906) Pause Young (Normal) (G1 Evacuation Pause) 3235M->2807M(3602M) 5.488ms
[2023-11-10T11:32:06.589-0800][75530221ms] GC(20906) User=0.02s Sys=0.00s Real=0.01s
[2023-11-10T11:32:07.128-0800][75530760ms] GC(20907) Pause Young (Normal) (G1 Evacuation Pause)
[2023-11-10T11:32:07.128-0800][75530760ms] GC(20907) Using 10 workers of 10 for evacuation
[2023-11-10T11:32:07.134-0800][75530766ms] GC(20907)   Pre Evacuate Collection Set: 0.0ms
[2023-11-10T11:32:07.134-0800][75530766ms] GC(20907)   Evacuate Collection Set: 1.7ms
[2023-11-10T11:32:07.134-0800][75530766ms] GC(20907)   Post Evacuate Collection Set: 4.1ms
[2023-11-10T11:32:07.134-0800][75530766ms] GC(20907)   Other: 0.3ms
[2023-11-10T11:32:07.134-0800][75530766ms] GC(20907) Eden regions: 214->0(214)
[2023-11-10T11:32:07.134-0800][75530766ms] GC(20907) Survivor regions: 1->1(27)
[2023-11-10T11:32:07.134-0800][75530766ms] GC(20907) Old regions: 1399->1399
[2023-11-10T11:32:07.134-0800][75530766ms] GC(20907) Humongous regions: 5->5
[2023-11-10T11:32:07.134-0800][75530766ms] GC(20907) Metaspace: 304797K->304797K(1347584K)
[2023-11-10T11:32:07.134-0800][75530766ms] GC(20907) Pause Young (Normal) (G1 Evacuation Pause) 3235M->2807M(3602M) 6.192ms
[2023-11-10T11:32:07.134-0800][75530766ms] GC(20907) User=0.02s Sys=0.00s Real=0.01s
[2023-11-10T11:32:07.679-0800][75531311ms] GC(20908) Pause Young (Normal) (G1 Evacuation Pause)
[2023-11-10T11:32:07.679-0800][75531311ms] GC(20908) Using 10 workers of 10 for evacuation
[2023-11-10T11:32:07.685-0800][75531317ms] GC(20908)   Pre Evacuate Collection Set: 0.0ms
[2023-11-10T11:32:07.685-0800][75531317ms] GC(20908)   Evacuate Collection Set: 1.9ms
[2023-11-10T11:32:07.685-0800][75531317ms] GC(20908)   Post Evacuate Collection Set: 3.1ms
[2023-11-10T11:32:07.685-0800][75531317ms] GC(20908)   Other: 0.3ms
[2023-11-10T11:32:07.685-0800][75531317ms] GC(20908) Eden regions: 214->0(214)
[2023-11-10T11:32:07.685-0800][75531317ms] GC(20908) Survivor regions: 1->1(27)
[2023-11-10T11:32:07.685-0800][75531317ms] GC(20908) Old regions: 1399->1399
[2023-11-10T11:32:07.685-0800][75531317ms] GC(20908) Humongous regions: 5->5
[2023-11-10T11:32:07.685-0800][75531317ms] GC(20908) Metaspace: 304797K->304797K(1347584K)
[2023-11-10T11:32:07.685-0800][75531317ms] GC(20908) Pause Young (Normal) (G1 Evacuation Pause) 3235M->2807M(3602M) 5.425ms
[2023-11-10T11:32:07.685-0800][75531317ms] GC(20908) User=0.00s Sys=0.00s Real=0.01s
[2023-11-10T11:32:08.189-0800][75531821ms] GC(20909) Pause Young (Normal) (G1 Evacuation Pause)
[2023-11-10T11:32:08.189-0800][75531821ms] GC(20909) Using 10 workers of 10 for evacuation
[2023-11-10T11:32:08.194-0800][75531826ms] GC(20909)   Pre Evacuate Collection Set: 0.0ms
[2023-11-10T11:32:08.194-0800][75531826ms] GC(20909)   Evacuate Collection Set: 1.8ms
[2023-11-10T11:32:08.194-0800][75531826ms] GC(20909)   Post Evacuate Collection Set: 3.1ms
[2023-11-10T11:32:08.194-0800][75531826ms] GC(20909)   Other: 0.3ms
[2023-11-10T11:32:08.194-0800][75531826ms] GC(20909) Eden regions: 214->0(214)
[2023-11-10T11:32:08.194-0800][75531826ms] GC(20909) Survivor regions: 1->1(27)
[2023-11-10T11:32:08.194-0800][75531826ms] GC(20909) Old regions: 1399->1399
[2023-11-10T11:32:08.194-0800][75531826ms] GC(20909) Humongous regions: 5->5
[2023-11-10T11:32:08.194-0800][75531826ms] GC(20909) Metaspace: 304797K->304797K(1347584K)
[2023-11-10T11:32:08.194-0800][75531826ms] GC(20909) Pause Young (Normal) (G1 Evacuation Pause) 3235M->2807M(3602M) 5.286ms
[2023-11-10T11:32:08.194-0800][75531826ms] GC(20909) User=0.00s Sys=0.00s Real=0.01s
[2023-11-10T11:32:08.777-0800][75532409ms] GC(20910) Pause Young (Normal) (G1 Evacuation Pause)
[2023-11-10T11:32:08.777-0800][75532409ms] GC(20910) Using 10 workers of 10 for evacuation
[2023-11-10T11:32:08.782-0800][75532414ms] GC(20910)   Pre Evacuate Collection Set: 0.0ms
[2023-11-10T11:32:08.783-0800][75532415ms] GC(20910)   Evacuate Collection Set: 2.1ms
[2023-11-10T11:32:08.783-0800][75532415ms] GC(20910)   Post Evacuate Collection Set: 3.4ms
[2023-11-10T11:32:08.783-0800][75532415ms] GC(20910)   Other: 0.3ms
[2023-11-10T11:32:08.783-0800][75532415ms] GC(20910) Eden regions: 214->0(214)
[2023-11-10T11:32:08.783-0800][75532415ms] GC(20910) Survivor regions: 1->1(27)
[2023-11-10T11:32:08.783-0800][75532415ms] GC(20910) Old regions: 1399->1399
[2023-11-10T11:32:08.783-0800][75532415ms] GC(20910) Humongous regions: 5->5
[2023-11-10T11:32:08.783-0800][75532415ms] GC(20910) Metaspace: 304797K->304797K(1347584K)
[2023-11-10T11:32:08.783-0800][75532415ms] GC(20910) Pause Young (Normal) (G1 Evacuation Pause) 3235M->2807M(3602M) 6.059ms
[2023-11-10T11:32:08.783-0800][75532415ms] GC(20910) User=0.00s Sys=0.00s Real=0.01s
[2023-11-10T11:32:09.325-0800][75532957ms] GC(20911) Pause Young (Normal) (G1 Evacuation Pause)
[2023-11-10T11:32:09.325-0800][75532957ms] GC(20911) Using 10 workers of 10 for evacuation
[2023-11-10T11:32:09.331-0800][75532963ms] GC(20911)   Pre Evacuate Collection Set: 0.0ms
[2023-11-10T11:32:09.331-0800][75532963ms] GC(20911)   Evacuate Collection Set: 1.7ms
[2023-11-10T11:32:09.331-0800][75532963ms] GC(20911)   Post Evacuate Collection Set: 3.6ms
[2023-11-10T11:32:09.331-0800][75532963ms] GC(20911)   Other: 0.3ms
[2023-11-10T11:32:09.331-0800][75532963ms] GC(20911) Eden regions: 214->0(214)
[2023-11-10T11:32:09.331-0800][75532963ms] GC(20911) Survivor regions: 1->1(27)
[2023-11-10T11:32:09.331-0800][75532963ms] GC(20911) Old regions: 1399->1399
[2023-11-10T11:32:09.331-0800][75532963ms] GC(20911) Humongous regions: 5->5
[2023-11-10T11:32:09.331-0800][75532963ms] GC(20911) Metaspace: 304797K->304797K(1347584K)
[2023-11-10T11:32:09.331-0800][75532963ms] GC(20911) Pause Young (Normal) (G1 Evacuation Pause) 3235M->2807M(3602M) 5.725ms
[2023-11-10T11:32:09.331-0800][75532963ms] GC(20911) User=0.00s Sys=0.00s Real=0.01s
[2023-11-10T11:32:09.901-0800][75533533ms] GC(20912) Pause Young (Normal) (G1 Evacuation Pause)
[2023-11-10T11:32:09.901-0800][75533533ms] GC(20912) Using 10 workers of 10 for evacuation
[2023-11-10T11:32:09.905-0800][75533537ms] GC(20912)   Pre Evacuate Collection Set: 0.0ms
[2023-11-10T11:32:09.905-0800][75533537ms] GC(20912)   Evacuate Collection Set: 1.9ms
[2023-11-10T11:32:09.905-0800][75533537ms] GC(20912)   Post Evacuate Collection Set: 2.9ms
[2023-11-10T11:32:09.905-0800][75533537ms] GC(20912)   Other: 0.3ms
[2023-11-10T11:32:09.905-0800][75533537ms] GC(20912) Eden regions: 214->0(214)
[2023-11-10T11:32:09.905-0800][75533537ms] GC(20912) Survivor regions: 1->1(27)
[2023-11-10T11:32:09.905-0800][75533537ms] GC(20912) Old regions: 1399->1399
[2023-11-10T11:32:09.905-0800][75533537ms] GC(20912) Humongous regions: 5->5
[2023-11-10T11:32:09.905-0800][75533537ms] GC(20912) Metaspace: 304797K->304797K(1347584K)
[2023-11-10T11:32:09.905-0800][75533537ms] GC(20912) Pause Young (Normal) (G1 Evacuation Pause) 3235M->2807M(3602M) 5.227ms
[2023-11-10T11:32:09.905-0800][75533537ms] GC(20912) User=0.00s Sys=0.00s Real=0.00s
[2023-11-10T11:32:10.413-0800][75534045ms] GC(20913) Pause Young (Normal) (G1 Evacuation Pause)
[2023-11-10T11:32:10.413-0800][75534045ms] GC(20913) Using 10 workers of 10 for evacuation
[2023-11-10T11:32:10.418-0800][75534050ms] GC(20913)   Pre Evacuate Collection Set: 0.0ms
[2023-11-10T11:32:10.418-0800][75534050ms] GC(20913)   Evacuate Collection Set: 1.7ms
[2023-11-10T11:32:10.418-0800][75534050ms] GC(20913)   Post Evacuate Collection Set: 3.2ms
[2023-11-10T11:32:10.418-0800][75534050ms] GC(20913)   Other: 0.3ms
[2023-11-10T11:32:10.418-0800][75534050ms] GC(20913) Eden regions: 214->0(214)
[2023-11-10T11:32:10.418-0800][75534050ms] GC(20913) Survivor regions: 1->1(27)
[2023-11-10T11:32:10.418-0800][75534050ms] GC(20913) Old regions: 1399->1399
[2023-11-10T11:32:10.418-0800][75534050ms] GC(20913) Humongous regions: 5->5
[2023-11-10T11:32:10.418-0800][75534050ms] GC(20913) Metaspace: 304797K->304797K(1347584K)
[2023-11-10T11:32:10.418-0800][75534050ms] GC(20913) Pause Young (Normal) (G1 Evacuation Pause) 3235M->2807M(3602M) 5.350ms
[2023-11-10T11:32:10.418-0800][75534050ms] GC(20913) User=0.00s Sys=0.00s Real=0.00s
[2023-11-10T11:32:10.939-0800][75534571ms] GC(20914) Pause Young (Normal) (G1 Evacuation Pause)
[2023-11-10T11:32:10.939-0800][75534571ms] GC(20914) Using 10 workers of 10 for evacuation
[2023-11-10T11:32:10.944-0800][75534576ms] GC(20914)   Pre Evacuate Collection Set: 0.0ms
[2023-11-10T11:32:10.944-0800][75534576ms] GC(20914)   Evacuate Collection Set: 1.8ms
[2023-11-10T11:32:10.944-0800][75534576ms] GC(20914)   Post Evacuate Collection Set: 3.3ms
[2023-11-10T11:32:10.944-0800][75534576ms] GC(20914)   Other: 0.3ms
[2023-11-10T11:32:10.944-0800][75534576ms] GC(20914) Eden regions: 214->0(213)
[2023-11-10T11:32:10.944-0800][75534576ms] GC(20914) Survivor regions: 1->1(27)
[2023-11-10T11:32:10.944-0800][75534576ms] GC(20914) Old regions: 1399->1399
[2023-11-10T11:32:10.944-0800][75534576ms] GC(20914) Humongous regions: 5->5
[2023-11-10T11:32:10.944-0800][75534576ms] GC(20914) Metaspace: 304797K->304797K(1347584K)
[2023-11-10T11:32:10.944-0800][75534576ms] GC(20914) Pause Young (Normal) (G1 Evacuation Pause) 3235M->2807M(3602M) 5.477ms
[2023-11-10T11:32:10.944-0800][75534576ms] GC(20914) User=0.00s Sys=0.00s Real=0.01s
[2023-11-10T11:32:11.486-0800][75535118ms] GC(20915) Pause Young (Normal) (G1 Evacuation Pause)
[2023-11-10T11:32:11.486-0800][75535118ms] GC(20915) Using 10 workers of 10 for evacuation
[2023-11-10T11:32:11.494-0800][75535126ms] GC(20915)   Pre Evacuate Collection Set: 0.0ms
[2023-11-10T11:32:11.494-0800][75535126ms] GC(20915)   Evacuate Collection Set: 1.8ms
[2023-11-10T11:32:11.494-0800][75535126ms] GC(20915)   Post Evacuate Collection Set: 5.0ms
[2023-11-10T11:32:11.494-0800][75535126ms] GC(20915)   Other: 0.3ms
[2023-11-10T11:32:11.494-0800][75535126ms] GC(20915) Eden regions: 213->0(213)
[2023-11-10T11:32:11.494-0800][75535126ms] GC(20915) Survivor regions: 1->1(27)
[2023-11-10T11:32:11.494-0800][75535126ms] GC(20915) Old regions: 1399->1399
[2023-11-10T11:32:11.494-0800][75535126ms] GC(20915) Humongous regions: 5->5
[2023-11-10T11:32:11.494-0800][75535126ms] GC(20915) Metaspace: 304797K->304797K(1347584K)
[2023-11-10T11:32:11.494-0800][75535126ms] GC(20915) Pause Young (Normal) (G1 Evacuation Pause) 3233M->2807M(3602M) 7.286ms
[2023-11-10T11:32:11.494-0800][75535126ms] GC(20915) User=0.02s Sys=0.00s Real=0.01s
[2023-11-10T11:32:11.996-0800][75535628ms] GC(20916) Pause Young (Normal) (G1 Evacuation Pause)
[2023-11-10T11:32:11.996-0800][75535628ms] GC(20916) Using 10 workers of 10 for evacuation
[2023-11-10T11:32:12.004-0800][75535636ms] GC(20916)   Pre Evacuate Collection Set: 0.1ms
[2023-11-10T11:32:12.004-0800][75535636ms] GC(20916)   Evacuate Collection Set: 2.5ms
[2023-11-10T11:32:12.004-0800][75535636ms] GC(20916)   Post Evacuate Collection Set: 5.2ms
[2023-11-10T11:32:12.004-0800][75535636ms] GC(20916)   Other: 0.4ms
[2023-11-10T11:32:12.004-0800][75535636ms] GC(20916) Eden regions: 213->0(213)
[2023-11-10T11:32:12.004-0800][75535636ms] GC(20916) Survivor regions: 1->1(27)
[2023-11-10T11:32:12.004-0800][75535636ms] GC(20916) Old regions: 1399->1399
[2023-11-10T11:32:12.004-0800][75535636ms] GC(20916) Humongous regions: 5->5
[2023-11-10T11:32:12.004-0800][75535636ms] GC(20916) Metaspace: 304797K->304797K(1347584K)
[2023-11-10T11:32:12.004-0800][75535636ms] GC(20916) Pause Young (Normal) (G1 Evacuation Pause) 3233M->2807M(3602M) 8.225ms
[2023-11-10T11:32:12.004-0800][75535636ms] GC(20916) User=0.00s Sys=0.00s Real=0.01s
[2023-11-10T11:32:12.593-0800][75536225ms] GC(20917) Pause Young (Normal) (G1 Evacuation Pause)
[2023-11-10T11:32:12.593-0800][75536225ms] GC(20917) Using 10 workers of 10 for evacuation
[2023-11-10T11:32:12.599-0800][75536231ms] GC(20917)   Pre Evacuate Collection Set: 0.1ms
[2023-11-10T11:32:12.599-0800][75536231ms] GC(20917)   Evacuate Collection Set: 2.3ms
[2023-11-10T11:32:12.599-0800][75536231ms] GC(20917)   Post Evacuate Collection Set: 3.8ms
[2023-11-10T11:32:12.599-0800][75536231ms] GC(20917)   Other: 0.3ms
[2023-11-10T11:32:12.599-0800][75536231ms] GC(20917) Eden regions: 213->0(213)
[2023-11-10T11:32:12.599-0800][75536231ms] GC(20917) Survivor regions: 1->1(27)
[2023-11-10T11:32:12.599-0800][75536231ms] GC(20917) Old regions: 1399->1399
[2023-11-10T11:32:12.599-0800][75536231ms] GC(20917) Humongous regions: 5->5
[2023-11-10T11:32:12.599-0800][75536231ms] GC(20917) Metaspace: 304797K->304797K(1347584K)
[2023-11-10T11:32:12.599-0800][75536231ms] GC(20917) Pause Young (Normal) (G1 Evacuation Pause) 3233M->2807M(3602M) 6.605ms
[2023-11-10T11:32:12.600-0800][75536232ms] GC(20917) User=0.00s Sys=0.00s Real=0.01s
[2023-11-10T11:32:13.085-0800][75536717ms] GC(20918) Pause Young (Normal) (G1 Evacuation Pause)
[2023-11-10T11:32:13.085-0800][75536717ms] GC(20918) Using 10 workers of 10 for evacuation
[2023-11-10T11:32:13.092-0800][75536724ms] GC(20918)   Pre Evacuate Collection Set: 0.1ms
[2023-11-10T11:32:13.092-0800][75536724ms] GC(20918)   Evacuate Collection Set: 2.3ms
[2023-11-10T11:32:13.092-0800][75536724ms] GC(20918)   Post Evacuate Collection Set: 4.7ms
[2023-11-10T11:32:13.092-0800][75536724ms] GC(20918)   Other: 0.4ms
[2023-11-10T11:32:13.092-0800][75536724ms] GC(20918) Eden regions: 213->0(213)
[2023-11-10T11:32:13.092-0800][75536724ms] GC(20918) Survivor regions: 1->1(27)
[2023-11-10T11:32:13.092-0800][75536724ms] GC(20918) Old regions: 1399->1399
[2023-11-10T11:32:13.092-0800][75536724ms] GC(20918) Humongous regions: 5->5
[2023-11-10T11:32:13.092-0800][75536724ms] GC(20918) Metaspace: 304797K->304797K(1347584K)
[2023-11-10T11:32:13.092-0800][75536724ms] GC(20918) Pause Young (Normal) (G1 Evacuation Pause) 3233M->2807M(3602M) 7.581ms
[2023-11-10T11:32:13.092-0800][75536724ms] GC(20918) User=0.06s Sys=0.00s Real=0.01s
[2023-11-10T11:32:13.605-0800][75537239ms] GC(20919) Pause Young (Normal) (G1 Evacuation Pause)
[2023-11-10T11:32:13.607-0800][75537239ms] GC(20919) Using 10 workers of 10 for evacuation
[2023-11-10T11:32:13.615-0800][75537247ms] GC(20919)   Pre Evacuate Collection Set: 0.1ms
[2023-11-10T11:32:13.615-0800][75537247ms] GC(20919)   Evacuate Collection Set: 2.4ms
[2023-11-10T11:32:13.615-0800][75537247ms] GC(20919)   Post Evacuate Collection Set: 5.8ms
[2023-11-10T11:32:13.615-0800][75537247ms] GC(20919)   Other: 0.7ms
[2023-11-10T11:32:13.615-0800][75537247ms] GC(20919) Eden regions: 213->0(213)
[2023-11-10T11:32:13.615-0800][75537247ms] GC(20919) Survivor regions: 1->1(27)
[2023-11-10T11:32:13.615-0800][75537247ms] GC(20919) Old regions: 1399->1399
[2023-11-10T11:32:13.615-0800][75537247ms] GC(20919) Humongous regions: 5->5
[2023-11-10T11:32:13.616-0800][75537248ms] GC(20919) Metaspace: 304797K->304797K(1347584K)
[2023-11-10T11:32:13.616-0800][75537248ms] GC(20919) Pause Young (Normal) (G1 Evacuation Pause) 3233M->2807M(3602M) 9.072ms
[2023-11-10T11:32:13.616-0800][75537248ms] GC(20919) User=0.00s Sys=0.00s Real=0.01s
[2023-11-10T11:32:14.134-0800][75537766ms] GC(20920) Pause Young (Normal) (G1 Evacuation Pause)
[2023-11-10T11:32:14.134-0800][75537766ms] GC(20920) Using 10 workers of 10 for evacuation
[2023-11-10T11:32:14.139-0800][75537771ms] GC(20920)   Pre Evacuate Collection Set: 0.0ms
[2023-11-10T11:32:14.139-0800][75537771ms] GC(20920)   Evacuate Collection Set: 1.7ms
[2023-11-10T11:32:14.139-0800][75537771ms] GC(20920)   Post Evacuate Collection Set: 3.5ms
[2023-11-10T11:32:14.139-0800][75537771ms] GC(20920)   Other: 0.3ms
[2023-11-10T11:32:14.140-0800][75537772ms] GC(20920) Eden regions: 213->0(213)
[2023-11-10T11:32:14.140-0800][75537772ms] GC(20920) Survivor regions: 1->1(27)
[2023-11-10T11:32:14.140-0800][75537772ms] GC(20920) Old regions: 1399->1399
[2023-11-10T11:32:14.140-0800][75537772ms] GC(20920) Humongous regions: 5->5
[2023-11-10T11:32:14.140-0800][75537772ms] GC(20920) Metaspace: 304797K->304797K(1347584K)
[2023-11-10T11:32:14.140-0800][75537772ms] GC(20920) Pause Young (Normal) (G1 Evacuation Pause) 3233M->2807M(3602M) 5.649ms
[2023-11-10T11:32:14.140-0800][75537772ms] GC(20920) User=0.00s Sys=0.00s Real=0.01s
[2023-11-10T11:32:14.787-0800][75538419ms] GC(20921) Pause Young (Normal) (G1 Evacuation Pause)
[2023-11-10T11:32:14.787-0800][75538419ms] GC(20921) Using 10 workers of 10 for evacuation
[2023-11-10T11:32:14.794-0800][75538426ms] GC(20921)   Pre Evacuate Collection Set: 0.1ms
[2023-11-10T11:32:14.794-0800][75538426ms] GC(20921)   Evacuate Collection Set: 1.8ms
[2023-11-10T11:32:14.794-0800][75538426ms] GC(20921)   Post Evacuate Collection Set: 4.6ms
[2023-11-10T11:32:14.794-0800][75538426ms] GC(20921)   Other: 0.3ms
[2023-11-10T11:32:14.794-0800][75538426ms] GC(20921) Eden regions: 213->0(213)
[2023-11-10T11:32:14.794-0800][75538426ms] GC(20921) Survivor regions: 1->1(27)
[2023-11-10T11:32:14.794-0800][75538426ms] GC(20921) Old regions: 1399->1399
[2023-11-10T11:32:14.794-0800][75538426ms] GC(20921) Humongous regions: 5->5
[2023-11-10T11:32:14.794-0800][75538426ms] GC(20921) Metaspace: 304797K->304797K(1347584K)
[2023-11-10T11:32:14.794-0800][75538426ms] GC(20921) Pause Young (Normal) (G1 Evacuation Pause) 3233M->2808M(3602M) 6.945ms
[2023-11-10T11:32:14.794-0800][75538426ms] GC(20921) User=0.08s Sys=0.00s Real=0.01s
[2023-11-10T11:32:15.275-0800][75538907ms] GC(20922) Pause Young (Normal) (G1 Evacuation Pause)
[2023-11-10T11:32:15.275-0800][75538907ms] GC(20922) Using 10 workers of 10 for evacuation
[2023-11-10T11:32:15.280-0800][75538912ms] GC(20922)   Pre Evacuate Collection Set: 0.1ms
[2023-11-10T11:32:15.281-0800][75538913ms] GC(20922)   Evacuate Collection Set: 2.1ms
[2023-11-10T11:32:15.281-0800][75538913ms] GC(20922)   Post Evacuate Collection Set: 3.4ms
[2023-11-10T11:32:15.281-0800][75538913ms] GC(20922)   Other: 0.3ms
[2023-11-10T11:32:15.281-0800][75538913ms] GC(20922) Eden regions: 213->0(213)
[2023-11-10T11:32:15.281-0800][75538913ms] GC(20922) Survivor regions: 1->1(27)
[2023-11-10T11:32:15.281-0800][75538913ms] GC(20922) Old regions: 1399->1399
[2023-11-10T11:32:15.281-0800][75538913ms] GC(20922) Humongous regions: 5->5
[2023-11-10T11:32:15.281-0800][75538913ms] GC(20922) Metaspace: 304797K->304797K(1347584K)
[2023-11-10T11:32:15.281-0800][75538913ms] GC(20922) Pause Young (Normal) (G1 Evacuation Pause) 3234M->2807M(3602M) 5.996ms
[2023-11-10T11:32:15.281-0800][75538913ms] GC(20922) User=0.00s Sys=0.00s Real=0.01s
[2023-11-10T11:32:15.778-0800][75539410ms] GC(20923) Pause Young (Normal) (G1 Evacuation Pause)
[2023-11-10T11:32:15.778-0800][75539410ms] GC(20923) Using 10 workers of 10 for evacuation
[2023-11-10T11:32:15.784-0800][75539416ms] GC(20923)   Pre Evacuate Collection Set: 0.0ms
[2023-11-10T11:32:15.784-0800][75539416ms] GC(20923)   Evacuate Collection Set: 1.9ms
[2023-11-10T11:32:15.784-0800][75539416ms] GC(20923)   Post Evacuate Collection Set: 3.7ms
[2023-11-10T11:32:15.784-0800][75539416ms] GC(20923)   Other: 0.3ms
[2023-11-10T11:32:15.784-0800][75539416ms] GC(20923) Eden regions: 213->0(213)
[2023-11-10T11:32:15.784-0800][75539416ms] GC(20923) Survivor regions: 1->1(27)
[2023-11-10T11:32:15.784-0800][75539416ms] GC(20923) Old regions: 1399->1399
[2023-11-10T11:32:15.784-0800][75539416ms] GC(20923) Humongous regions: 5->5
[2023-11-10T11:32:15.784-0800][75539416ms] GC(20923) Metaspace: 304820K->304820K(1347584K)
[2023-11-10T11:32:15.784-0800][75539416ms] GC(20923) Pause Young (Normal) (G1 Evacuation Pause) 3233M->2808M(3602M) 6.096ms
[2023-11-10T11:32:15.784-0800][75539416ms] GC(20923) User=0.00s Sys=0.00s Real=0.01s
[2023-11-10T11:32:16.321-0800][75539953ms] GC(20924) Pause Young (Normal) (G1 Evacuation Pause)
[2023-11-10T11:32:16.321-0800][75539953ms] GC(20924) Using 10 workers of 10 for evacuation
[2023-11-10T11:32:16.334-0800][75539966ms] GC(20924)   Pre Evacuate Collection Set: 0.1ms
[2023-11-10T11:32:16.334-0800][75539966ms] GC(20924)   Evacuate Collection Set: 3.2ms
[2023-11-10T11:32:16.334-0800][75539966ms] GC(20924)   Post Evacuate Collection Set: 8.6ms
[2023-11-10T11:32:16.334-0800][75539966ms] GC(20924)   Other: 0.4ms
[2023-11-10T11:32:16.334-0800][75539966ms] GC(20924) Eden regions: 213->0(213)
[2023-11-10T11:32:16.334-0800][75539966ms] GC(20924) Survivor regions: 1->1(27)
[2023-11-10T11:32:16.334-0800][75539966ms] GC(20924) Old regions: 1399->1399
[2023-11-10T11:32:16.334-0800][75539966ms] GC(20924) Humongous regions: 5->5
[2023-11-10T11:32:16.334-0800][75539966ms] GC(20924) Metaspace: 304828K->304828K(1347584K)
[2023-11-10T11:32:16.334-0800][75539966ms] GC(20924) Pause Young (Normal) (G1 Evacuation Pause) 3234M->2808M(3602M) 12.477ms
[2023-11-10T11:32:16.334-0800][75539966ms] GC(20924) User=0.00s Sys=0.00s Real=0.01s
[2023-11-10T11:32:16.876-0800][75540508ms] GC(20925) Pause Young (Normal) (G1 Evacuation Pause)
[2023-11-10T11:32:16.876-0800][75540508ms] GC(20925) Using 10 workers of 10 for evacuation
[2023-11-10T11:32:16.882-0800][75540514ms] GC(20925)   Pre Evacuate Collection Set: 0.0ms
[2023-11-10T11:32:16.882-0800][75540514ms] GC(20925)   Evacuate Collection Set: 1.8ms
[2023-11-10T11:32:16.882-0800][75540514ms] GC(20925)   Post Evacuate Collection Set: 3.1ms
[2023-11-10T11:32:16.882-0800][75540514ms] GC(20925)   Other: 0.3ms
[2023-11-10T11:32:16.882-0800][75540514ms] GC(20925) Eden regions: 213->0(213)
[2023-11-10T11:32:16.882-0800][75540514ms] GC(20925) Survivor regions: 1->1(27)
[2023-11-10T11:32:16.882-0800][75540514ms] GC(20925) Old regions: 1399->1399
[2023-11-10T11:32:16.882-0800][75540514ms] GC(20925) Humongous regions: 5->5
[2023-11-10T11:32:16.882-0800][75540514ms] GC(20925) Metaspace: 304828K->304828K(1347584K)
[2023-11-10T11:32:16.882-0800][75540514ms] GC(20925) Pause Young (Normal) (G1 Evacuation Pause) 3234M->2808M(3602M) 5.318ms
[2023-11-10T11:32:16.882-0800][75540514ms] GC(20925) User=0.00s Sys=0.00s Real=0.01s
[2023-11-10T11:32:17.445-0800][75541077ms] GC(20926) Pause Young (Normal) (G1 Evacuation Pause)
[2023-11-10T11:32:17.445-0800][75541077ms] GC(20926) Using 10 workers of 10 for evacuation
[2023-11-10T11:32:17.451-0800][75541083ms] GC(20926)   Pre Evacuate Collection Set: 0.1ms
[2023-11-10T11:32:17.451-0800][75541083ms] GC(20926)   Evacuate Collection Set: 1.8ms
[2023-11-10T11:32:17.451-0800][75541083ms] GC(20926)   Post Evacuate Collection Set: 3.2ms
[2023-11-10T11:32:17.451-0800][75541083ms] GC(20926)   Other: 0.3ms
[2023-11-10T11:32:17.451-0800][75541083ms] GC(20926) Eden regions: 213->0(213)
[2023-11-10T11:32:17.451-0800][75541083ms] GC(20926) Survivor regions: 1->1(27)
[2023-11-10T11:32:17.451-0800][75541083ms] GC(20926) Old regions: 1399->1399
[2023-11-10T11:32:17.451-0800][75541083ms] GC(20926) Humongous regions: 5->5
[2023-11-10T11:32:17.451-0800][75541083ms] GC(20926) Metaspace: 304828K->304828K(1347584K)
[2023-11-10T11:32:17.451-0800][75541083ms] GC(20926) Pause Young (Normal) (G1 Evacuation Pause) 3234M->2808M(3602M) 5.514ms
[2023-11-10T11:32:17.451-0800][75541083ms] GC(20926) User=0.00s Sys=0.00s Real=0.01s
[2023-11-10T11:32:17.952-0800][75541584ms] GC(20927) Pause Young (Normal) (G1 Evacuation Pause)
[2023-11-10T11:32:17.952-0800][75541584ms] GC(20927) Using 10 workers of 10 for evacuation
[2023-11-10T11:32:17.958-0800][75541590ms] GC(20927)   Pre Evacuate Collection Set: 0.1ms
[2023-11-10T11:32:17.958-0800][75541590ms] GC(20927)   Evacuate Collection Set: 1.8ms
[2023-11-10T11:32:17.958-0800][75541590ms] GC(20927)   Post Evacuate Collection Set: 4.4ms
[2023-11-10T11:32:17.958-0800][75541590ms] GC(20927)   Other: 0.4ms
[2023-11-10T11:32:17.958-0800][75541590ms] GC(20927) Eden regions: 213->0(213)
[2023-11-10T11:32:17.958-0800][75541590ms] GC(20927) Survivor regions: 1->1(27)
[2023-11-10T11:32:17.958-0800][75541590ms] GC(20927) Old regions: 1399->1399
[2023-11-10T11:32:17.958-0800][75541590ms] GC(20927) Humongous regions: 5->5
[2023-11-10T11:32:17.958-0800][75541590ms] GC(20927) Metaspace: 304828K->304828K(1347584K)
[2023-11-10T11:32:17.959-0800][75541591ms] GC(20927) Pause Young (Normal) (G1 Evacuation Pause) 3234M->2808M(3602M) 6.784ms
[2023-11-10T11:32:17.959-0800][75541591ms] GC(20927) User=0.00s Sys=0.00s Real=0.01s
[2023-11-10T11:32:18.469-0800][75542101ms] GC(20928) Pause Young (Normal) (G1 Evacuation Pause)
[2023-11-10T11:32:18.469-0800][75542101ms] GC(20928) Using 10 workers of 10 for evacuation
[2023-11-10T11:32:18.475-0800][75542107ms] GC(20928)   Pre Evacuate Collection Set: 0.0ms
[2023-11-10T11:32:18.475-0800][75542107ms] GC(20928)   Evacuate Collection Set: 1.8ms
[2023-11-10T11:32:18.475-0800][75542107ms] GC(20928)   Post Evacuate Collection Set: 3.3ms
[2023-11-10T11:32:18.475-0800][75542107ms] GC(20928)   Other: 0.3ms
[2023-11-10T11:32:18.475-0800][75542107ms] GC(20928) Eden regions: 213->0(213)
[2023-11-10T11:32:18.475-0800][75542107ms] GC(20928) Survivor regions: 1->1(27)
[2023-11-10T11:32:18.475-0800][75542107ms] GC(20928) Old regions: 1399->1399
[2023-11-10T11:32:18.475-0800][75542107ms] GC(20928) Humongous regions: 5->5
[2023-11-10T11:32:18.475-0800][75542107ms] GC(20928) Metaspace: 304828K->304828K(1347584K)
[2023-11-10T11:32:18.475-0800][75542107ms] GC(20928) Pause Young (Normal) (G1 Evacuation Pause) 3234M->2808M(3602M) 5.521ms
[2023-11-10T11:32:18.475-0800][75542107ms] GC(20928) User=0.00s Sys=0.00s Real=0.01s
[2023-11-10T11:32:18.987-0800][75542619ms] GC(20929) Pause Young (Normal) (G1 Evacuation Pause)
[2023-11-10T11:32:18.987-0800][75542619ms] GC(20929) Using 10 workers of 10 for evacuation
[2023-11-10T11:32:18.997-0800][75542629ms] GC(20929)   Pre Evacuate Collection Set: 0.0ms
[2023-11-10T11:32:18.997-0800][75542629ms] GC(20929)   Evacuate Collection Set: 2.1ms
[2023-11-10T11:32:18.997-0800][75542629ms] GC(20929)   Post Evacuate Collection Set: 7.4ms
[2023-11-10T11:32:18.997-0800][75542629ms] GC(20929)   Other: 0.3ms
[2023-11-10T11:32:18.997-0800][75542629ms] GC(20929) Eden regions: 213->0(213)
[2023-11-10T11:32:18.997-0800][75542629ms] GC(20929) Survivor regions: 1->1(27)
[2023-11-10T11:32:18.997-0800][75542629ms] GC(20929) Old regions: 1399->1399
[2023-11-10T11:32:18.997-0800][75542629ms] GC(20929) Humongous regions: 5->5
[2023-11-10T11:32:18.997-0800][75542629ms] GC(20929) Metaspace: 304828K->304828K(1347584K)
[2023-11-10T11:32:18.997-0800][75542629ms] GC(20929) Pause Young (Normal) (G1 Evacuation Pause) 3234M->2808M(3602M) 9.949ms
[2023-11-10T11:32:18.997-0800][75542629ms] GC(20929) User=0.00s Sys=0.00s Real=0.01s
[2023-11-10T11:32:19.483-0800][75543115ms] GC(20930) Pause Young (Normal) (G1 Evacuation Pause)
[2023-11-10T11:32:19.483-0800][75543115ms] GC(20930) Using 10 workers of 10 for evacuation
[2023-11-10T11:32:19.489-0800][75543121ms] GC(20930)   Pre Evacuate Collection Set: 0.0ms
[2023-11-10T11:32:19.489-0800][75543121ms] GC(20930)   Evacuate Collection Set: 1.7ms
[2023-11-10T11:32:19.489-0800][75543121ms] GC(20930)   Post Evacuate Collection Set: 3.6ms
[2023-11-10T11:32:19.489-0800][75543121ms] GC(20930)   Other: 0.3ms
[2023-11-10T11:32:19.489-0800][75543121ms] GC(20930) Eden regions: 213->0(213)
[2023-11-10T11:32:19.489-0800][75543121ms] GC(20930) Survivor regions: 1->1(27)
[2023-11-10T11:32:19.489-0800][75543121ms] GC(20930) Old regions: 1399->1399
[2023-11-10T11:32:19.489-0800][75543121ms] GC(20930) Humongous regions: 5->5
[2023-11-10T11:32:19.489-0800][75543121ms] GC(20930) Metaspace: 304828K->304828K(1347584K)
[2023-11-10T11:32:19.489-0800][75543121ms] GC(20930) Pause Young (Normal) (G1 Evacuation Pause) 3234M->2808M(3602M) 5.827ms
[2023-11-10T11:32:19.489-0800][75543121ms] GC(20930) User=0.00s Sys=0.00s Real=0.01s
[2023-11-10T11:32:20.033-0800][75543665ms] GC(20931) Pause Young (Normal) (G1 Evacuation Pause)
[2023-11-10T11:32:20.033-0800][75543665ms] GC(20931) Using 10 workers of 10 for evacuation
[2023-11-10T11:32:20.041-0800][75543673ms] GC(20931)   Pre Evacuate Collection Set: 0.0ms
[2023-11-10T11:32:20.041-0800][75543673ms] GC(20931)   Evacuate Collection Set: 2.4ms
[2023-11-10T11:32:20.041-0800][75543673ms] GC(20931)   Post Evacuate Collection Set: 6.1ms
[2023-11-10T11:32:20.041-0800][75543673ms] GC(20931)   Other: 0.3ms
[2023-11-10T11:32:20.041-0800][75543673ms] GC(20931) Eden regions: 213->0(213)
[2023-11-10T11:32:20.041-0800][75543673ms] GC(20931) Survivor regions: 1->1(27)
[2023-11-10T11:32:20.041-0800][75543673ms] GC(20931) Old regions: 1399->1399
[2023-11-10T11:32:20.041-0800][75543673ms] GC(20931) Humongous regions: 5->5
[2023-11-10T11:32:20.041-0800][75543673ms] GC(20931) Metaspace: 304828K->304828K(1347584K)
[2023-11-10T11:32:20.041-0800][75543673ms] GC(20931) Pause Young (Normal) (G1 Evacuation Pause) 3234M->2808M(3602M) 8.944ms
[2023-11-10T11:32:20.041-0800][75543673ms] GC(20931) User=0.00s Sys=0.00s Real=0.01s
[2023-11-10T11:32:20.605-0800][75544237ms] GC(20932) Pause Young (Normal) (G1 Evacuation Pause)
[2023-11-10T11:32:20.605-0800][75544237ms] GC(20932) Using 10 workers of 10 for evacuation
[2023-11-10T11:32:20.611-0800][75544243ms] GC(20932)   Pre Evacuate Collection Set: 0.1ms
[2023-11-10T11:32:20.611-0800][75544243ms] GC(20932)   Evacuate Collection Set: 2.4ms
[2023-11-10T11:32:20.611-0800][75544243ms] GC(20932)   Post Evacuate Collection Set: 3.8ms
[2023-11-10T11:32:20.611-0800][75544243ms] GC(20932)   Other: 0.3ms
[2023-11-10T11:32:20.611-0800][75544243ms] GC(20932) Eden regions: 213->0(213)
[2023-11-10T11:32:20.611-0800][75544243ms] GC(20932) Survivor regions: 1->1(27)
[2023-11-10T11:32:20.611-0800][75544243ms] GC(20932) Old regions: 1399->1399
[2023-11-10T11:32:20.611-0800][75544243ms] GC(20932) Humongous regions: 5->5
[2023-11-10T11:32:20.611-0800][75544243ms] GC(20932) Metaspace: 304828K->304828K(1347584K)
[2023-11-10T11:32:20.611-0800][75544243ms] GC(20932) Pause Young (Normal) (G1 Evacuation Pause) 3234M->2808M(3602M) 6.714ms
[2023-11-10T11:32:20.611-0800][75544243ms] GC(20932) User=0.00s Sys=0.00s Real=0.01s
[2023-11-10T11:32:21.134-0800][75544766ms] GC(20933) Pause Young (Normal) (G1 Evacuation Pause)
[2023-11-10T11:32:21.134-0800][75544766ms] GC(20933) Using 10 workers of 10 for evacuation
[2023-11-10T11:32:21.141-0800][75544773ms] GC(20933)   Pre Evacuate Collection Set: 0.0ms
[2023-11-10T11:32:21.141-0800][75544773ms] GC(20933)   Evacuate Collection Set: 2.2ms
[2023-11-10T11:32:21.141-0800][75544773ms] GC(20933)   Post Evacuate Collection Set: 3.7ms
[2023-11-10T11:32:21.141-0800][75544773ms] GC(20933)   Other: 0.3ms
[2023-11-10T11:32:21.142-0800][75544774ms] GC(20933) Eden regions: 213->0(213)
[2023-11-10T11:32:21.142-0800][75544774ms] GC(20933) Survivor regions: 1->1(27)
[2023-11-10T11:32:21.142-0800][75544774ms] GC(20933) Old regions: 1399->1399
[2023-11-10T11:32:21.142-0800][75544774ms] GC(20933) Humongous regions: 5->5
[2023-11-10T11:32:21.142-0800][75544774ms] GC(20933) Metaspace: 304828K->304828K(1347584K)
[2023-11-10T11:32:21.142-0800][75544774ms] GC(20933) Pause Young (Normal) (G1 Evacuation Pause) 3234M->2809M(3602M) 8.843ms
[2023-11-10T11:32:21.142-0800][75544774ms] GC(20933) User=0.00s Sys=0.00s Real=0.01s
[2023-11-10T11:32:21.710-0800][75545342ms] GC(20934) Pause Young (Normal) (G1 Evacuation Pause)
[2023-11-10T11:32:21.710-0800][75545342ms] GC(20934) Using 10 workers of 10 for evacuation
[2023-11-10T11:32:21.715-0800][75545347ms] GC(20934)   Pre Evacuate Collection Set: 0.0ms
[2023-11-10T11:32:21.715-0800][75545347ms] GC(20934)   Evacuate Collection Set: 1.8ms
[2023-11-10T11:32:21.715-0800][75545347ms] GC(20934)   Post Evacuate Collection Set: 3.2ms
[2023-11-10T11:32:21.715-0800][75545347ms] GC(20934)   Other: 0.3ms
[2023-11-10T11:32:21.715-0800][75545347ms] GC(20934) Eden regions: 213->0(213)
[2023-11-10T11:32:21.715-0800][75545347ms] GC(20934) Survivor regions: 1->1(27)
[2023-11-10T11:32:21.715-0800][75545347ms] GC(20934) Old regions: 1399->1399
[2023-11-10T11:32:21.715-0800][75545347ms] GC(20934) Humongous regions: 5->5
[2023-11-10T11:32:21.715-0800][75545347ms] GC(20934) Metaspace: 304828K->304828K(1347584K)
[2023-11-10T11:32:21.715-0800][75545347ms] GC(20934) Pause Young (Normal) (G1 Evacuation Pause) 3235M->2808M(3602M) 5.383ms
[2023-11-10T11:32:21.715-0800][75545347ms] GC(20934) User=0.02s Sys=0.00s Real=0.00s
[2023-11-10T11:32:22.235-0800][75545867ms] GC(20935) Pause Young (Normal) (G1 Evacuation Pause)
[2023-11-10T11:32:22.235-0800][75545867ms] GC(20935) Using 10 workers of 10 for evacuation
[2023-11-10T11:32:22.241-0800][75545873ms] GC(20935)   Pre Evacuate Collection Set: 0.1ms
[2023-11-10T11:32:22.241-0800][75545873ms] GC(20935)   Evacuate Collection Set: 2.4ms
[2023-11-10T11:32:22.241-0800][75545873ms] GC(20935)   Post Evacuate Collection Set: 3.4ms
[2023-11-10T11:32:22.241-0800][75545873ms] GC(20935)   Other: 0.5ms
[2023-11-10T11:32:22.241-0800][75545873ms] GC(20935) Eden regions: 213->0(213)
[2023-11-10T11:32:22.241-0800][75545873ms] GC(20935) Survivor regions: 1->1(27)
[2023-11-10T11:32:22.241-0800][75545873ms] GC(20935) Old regions: 1399->1399
[2023-11-10T11:32:22.241-0800][75545873ms] GC(20935) Humongous regions: 5->5
[2023-11-10T11:32:22.241-0800][75545873ms] GC(20935) Metaspace: 304828K->304828K(1347584K)
[2023-11-10T11:32:22.241-0800][75545873ms] GC(20935) Pause Young (Normal) (G1 Evacuation Pause) 3234M->2809M(3602M) 6.507ms
[2023-11-10T11:32:22.241-0800][75545873ms] GC(20935) User=0.00s Sys=0.00s Real=0.01s
[2023-11-10T11:32:22.765-0800][75546397ms] GC(20936) Pause Young (Normal) (G1 Evacuation Pause)
[2023-11-10T11:32:22.765-0800][75546397ms] GC(20936) Using 10 workers of 10 for evacuation
[2023-11-10T11:32:22.774-0800][75546406ms] GC(20936)   Pre Evacuate Collection Set: 0.0ms
[2023-11-10T11:32:22.774-0800][75546406ms] GC(20936)   Evacuate Collection Set: 2.1ms
[2023-11-10T11:32:22.774-0800][75546406ms] GC(20936)   Post Evacuate Collection Set: 6.7ms
[2023-11-10T11:32:22.774-0800][75546406ms] GC(20936)   Other: 0.3ms
[2023-11-10T11:32:22.774-0800][75546406ms] GC(20936) Eden regions: 213->0(213)
[2023-11-10T11:32:22.774-0800][75546406ms] GC(20936) Survivor regions: 1->1(27)
[2023-11-10T11:32:22.774-0800][75546406ms] GC(20936) Old regions: 1399->1399
[2023-11-10T11:32:22.774-0800][75546406ms] GC(20936) Humongous regions: 5->5
[2023-11-10T11:32:22.774-0800][75546406ms] GC(20936) Metaspace: 304828K->304828K(1347584K)
[2023-11-10T11:32:22.774-0800][75546406ms] GC(20936) Pause Young (Normal) (G1 Evacuation Pause) 3235M->2808M(3602M) 9.318ms
[2023-11-10T11:32:22.774-0800][75546406ms] GC(20936) User=0.00s Sys=0.00s Real=0.01s
[2023-11-10T11:32:23.273-0800][75546905ms] GC(20937) Pause Young (Normal) (G1 Evacuation Pause)
[2023-11-10T11:32:23.273-0800][75546905ms] GC(20937) Using 10 workers of 10 for evacuation
[2023-11-10T11:32:23.280-0800][75546912ms] GC(20937)   Pre Evacuate Collection Set: 0.1ms
[2023-11-10T11:32:23.280-0800][75546912ms] GC(20937)   Evacuate Collection Set: 2.1ms
[2023-11-10T11:32:23.280-0800][75546912ms] GC(20937)   Post Evacuate Collection Set: 4.7ms
[2023-11-10T11:32:23.280-0800][75546912ms] GC(20937)   Other: 0.4ms
[2023-11-10T11:32:23.280-0800][75546912ms] GC(20937) Eden regions: 213->0(213)
[2023-11-10T11:32:23.280-0800][75546912ms] GC(20937) Survivor regions: 1->1(27)
[2023-11-10T11:32:23.280-0800][75546912ms] GC(20937) Old regions: 1399->1399
[2023-11-10T11:32:23.280-0800][75546912ms] GC(20937) Humongous regions: 5->5
[2023-11-10T11:32:23.280-0800][75546912ms] GC(20937) Metaspace: 304828K->304828K(1347584K)
[2023-11-10T11:32:23.280-0800][75546912ms] GC(20937) Pause Young (Normal) (G1 Evacuation Pause) 3234M->2808M(3602M) 7.352ms
[2023-11-10T11:32:23.280-0800][75546912ms] GC(20937) User=0.00s Sys=0.00s Real=0.01s
[2023-11-10T11:32:23.818-0800][75547450ms] GC(20938) Pause Young (Normal) (G1 Evacuation Pause)
[2023-11-10T11:32:23.818-0800][75547450ms] GC(20938) Using 10 workers of 10 for evacuation
[2023-11-10T11:32:23.825-0800][75547457ms] GC(20938)   Pre Evacuate Collection Set: 0.1ms
[2023-11-10T11:32:23.825-0800][75547457ms] GC(20938)   Evacuate Collection Set: 2.1ms
[2023-11-10T11:32:23.825-0800][75547457ms] GC(20938)   Post Evacuate Collection Set: 3.9ms
[2023-11-10T11:32:23.825-0800][75547457ms] GC(20938)   Other: 0.3ms
[2023-11-10T11:32:23.825-0800][75547457ms] GC(20938) Eden regions: 213->0(213)
[2023-11-10T11:32:23.825-0800][75547457ms] GC(20938) Survivor regions: 1->1(27)
[2023-11-10T11:32:23.825-0800][75547457ms] GC(20938) Old regions: 1399->1399
[2023-11-10T11:32:23.825-0800][75547457ms] GC(20938) Humongous regions: 5->5
[2023-11-10T11:32:23.825-0800][75547457ms] GC(20938) Metaspace: 304828K->304828K(1347584K)
[2023-11-10T11:32:23.825-0800][75547457ms] GC(20938) Pause Young (Normal) (G1 Evacuation Pause) 3234M->2808M(3602M) 6.455ms
[2023-11-10T11:32:23.825-0800][75547457ms] GC(20938) User=0.06s Sys=0.02s Real=0.01s
[2023-11-10T11:32:24.268-0800][75547900ms] GC(20939) Pause Young (Normal) (G1 Evacuation Pause)
[2023-11-10T11:32:24.268-0800][75547900ms] GC(20939) Using 10 workers of 10 for evacuation
[2023-11-10T11:32:24.272-0800][75547904ms] GC(20939)   Pre Evacuate Collection Set: 0.0ms
[2023-11-10T11:32:24.272-0800][75547904ms] GC(20939)   Evacuate Collection Set: 1.9ms
[2023-11-10T11:32:24.272-0800][75547904ms] GC(20939)   Post Evacuate Collection Set: 3.1ms
[2023-11-10T11:32:24.272-0800][75547904ms] GC(20939)   Other: 0.2ms
[2023-11-10T11:32:24.272-0800][75547904ms] GC(20939) Eden regions: 213->0(212)
[2023-11-10T11:32:24.272-0800][75547904ms] GC(20939) Survivor regions: 1->1(27)
[2023-11-10T11:32:24.272-0800][75547904ms] GC(20939) Old regions: 1399->1400
[2023-11-10T11:32:24.272-0800][75547904ms] GC(20939) Humongous regions: 5->5
[2023-11-10T11:32:24.272-0800][75547904ms] GC(20939) Metaspace: 304828K->304828K(1347584K)
[2023-11-10T11:32:24.272-0800][75547904ms] GC(20939) Pause Young (Normal) (G1 Evacuation Pause) 3234M->2808M(3602M) 5.320ms
[2023-11-10T11:32:24.272-0800][75547904ms] GC(20939) User=0.00s Sys=0.00s Real=0.00s
[2023-11-10T11:32:24.744-0800][75548376ms] GC(20940) Pause Young (Normal) (G1 Evacuation Pause)
[2023-11-10T11:32:24.744-0800][75548376ms] GC(20940) Using 10 workers of 10 for evacuation
[2023-11-10T11:32:24.749-0800][75548381ms] GC(20940)   Pre Evacuate Collection Set: 0.0ms
[2023-11-10T11:32:24.749-0800][75548381ms] GC(20940)   Evacuate Collection Set: 1.7ms
[2023-11-10T11:32:24.749-0800][75548381ms] GC(20940)   Post Evacuate Collection Set: 3.1ms
[2023-11-10T11:32:24.749-0800][75548381ms] GC(20940)   Other: 0.2ms
[2023-11-10T11:32:24.749-0800][75548381ms] GC(20940) Eden regions: 212->0(212)
[2023-11-10T11:32:24.749-0800][75548381ms] GC(20940) Survivor regions: 1->1(27)
[2023-11-10T11:32:24.749-0800][75548381ms] GC(20940) Old regions: 1400->1400
[2023-11-10T11:32:24.749-0800][75548381ms] GC(20940) Humongous regions: 5->5
[2023-11-10T11:32:24.749-0800][75548381ms] GC(20940) Metaspace: 304828K->304828K(1347584K)
[2023-11-10T11:32:24.749-0800][75548381ms] GC(20940) Pause Young (Normal) (G1 Evacuation Pause) 3232M->2808M(3602M) 5.171ms
[2023-11-10T11:32:24.750-0800][75548382ms] GC(20940) User=0.00s Sys=0.00s Real=0.01s
[2023-11-10T11:32:25.247-0800][75548879ms] GC(20941) Pause Young (Normal) (G1 Evacuation Pause)
[2023-11-10T11:32:25.247-0800][75548879ms] GC(20941) Using 10 workers of 10 for evacuation
[2023-11-10T11:32:25.253-0800][75548885ms] GC(20941)   Pre Evacuate Collection Set: 0.0ms
[2023-11-10T11:32:25.253-0800][75548885ms] GC(20941)   Evacuate Collection Set: 1.7ms
[2023-11-10T11:32:25.253-0800][75548885ms] GC(20941)   Post Evacuate Collection Set: 3.1ms
[2023-11-10T11:32:25.253-0800][75548885ms] GC(20941)   Other: 0.3ms
[2023-11-10T11:32:25.253-0800][75548885ms] GC(20941) Eden regions: 212->0(212)
[2023-11-10T11:32:25.253-0800][75548885ms] GC(20941) Survivor regions: 1->1(27)
[2023-11-10T11:32:25.253-0800][75548885ms] GC(20941) Old regions: 1400->1400
[2023-11-10T11:32:25.253-0800][75548885ms] GC(20941) Humongous regions: 5->5
[2023-11-10T11:32:25.253-0800][75548885ms] GC(20941) Metaspace: 304828K->304828K(1347584K)
[2023-11-10T11:32:25.253-0800][75548885ms] GC(20941) Pause Young (Normal) (G1 Evacuation Pause) 3232M->2808M(3602M) 5.194ms
[2023-11-10T11:32:25.253-0800][75548885ms] GC(20941) User=0.00s Sys=0.00s Real=0.01s
[2023-11-10T11:32:25.761-0800][75549393ms] GC(20942) Pause Young (Normal) (G1 Evacuation Pause)
[2023-11-10T11:32:25.761-0800][75549393ms] GC(20942) Using 10 workers of 10 for evacuation
[2023-11-10T11:32:25.767-0800][75549399ms] GC(20942)   Pre Evacuate Collection Set: 0.0ms
[2023-11-10T11:32:25.767-0800][75549399ms] GC(20942)   Evacuate Collection Set: 1.9ms
[2023-11-10T11:32:25.767-0800][75549399ms] GC(20942)   Post Evacuate Collection Set: 3.3ms
[2023-11-10T11:32:25.767-0800][75549399ms] GC(20942)   Other: 0.3ms
[2023-11-10T11:32:25.767-0800][75549399ms] GC(20942) Eden regions: 212->0(212)
[2023-11-10T11:32:25.767-0800][75549399ms] GC(20942) Survivor regions: 1->1(27)
[2023-11-10T11:32:25.767-0800][75549399ms] GC(20942) Old regions: 1400->1400
[2023-11-10T11:32:25.767-0800][75549399ms] GC(20942) Humongous regions: 5->5
[2023-11-10T11:32:25.767-0800][75549399ms] GC(20942) Metaspace: 304828K->304828K(1347584K)
[2023-11-10T11:32:25.767-0800][75549399ms] GC(20942) Pause Young (Normal) (G1 Evacuation Pause) 3232M->2808M(3602M) 5.645ms
[2023-11-10T11:32:25.767-0800][75549399ms] GC(20942) User=0.00s Sys=0.00s Real=0.01s
[2023-11-10T11:32:26.334-0800][75549966ms] GC(20943) Pause Young (Normal) (G1 Evacuation Pause)
[2023-11-10T11:32:26.334-0800][75549966ms] GC(20943) Using 10 workers of 10 for evacuation
[2023-11-10T11:32:26.341-0800][75549973ms] GC(20943)   Pre Evacuate Collection Set: 0.0ms
[2023-11-10T11:32:26.341-0800][75549973ms] GC(20943)   Evacuate Collection Set: 2.0ms
[2023-11-10T11:32:26.341-0800][75549973ms] GC(20943)   Post Evacuate Collection Set: 5.2ms
[2023-11-10T11:32:26.341-0800][75549973ms] GC(20943)   Other: 0.3ms
[2023-11-10T11:32:26.341-0800][75549973ms] GC(20943) Eden regions: 212->0(212)
[2023-11-10T11:32:26.341-0800][75549973ms] GC(20943) Survivor regions: 1->1(27)
[2023-11-10T11:32:26.341-0800][75549973ms] GC(20943) Old regions: 1400->1400
[2023-11-10T11:32:26.341-0800][75549973ms] GC(20943) Humongous regions: 5->5
[2023-11-10T11:32:26.341-0800][75549973ms] GC(20943) Metaspace: 304828K->304828K(1347584K)
[2023-11-10T11:32:26.341-0800][75549973ms] GC(20943) Pause Young (Normal) (G1 Evacuation Pause) 3232M->2808M(3602M) 7.672ms
[2023-11-10T11:32:26.341-0800][75549973ms] GC(20943) User=0.03s Sys=0.00s Real=0.01s
[2023-11-10T11:32:26.859-0800][75550491ms] GC(20944) Pause Young (Normal) (G1 Evacuation Pause)
[2023-11-10T11:32:26.859-0800][75550491ms] GC(20944) Using 10 workers of 10 for evacuation
[2023-11-10T11:32:26.865-0800][75550497ms] GC(20944)   Pre Evacuate Collection Set: 0.1ms
[2023-11-10T11:32:26.865-0800][75550497ms] GC(20944)   Evacuate Collection Set: 1.9ms
[2023-11-10T11:32:26.865-0800][75550497ms] GC(20944)   Post Evacuate Collection Set: 3.5ms
[2023-11-10T11:32:26.865-0800][75550497ms] GC(20944)   Other: 0.4ms
[2023-11-10T11:32:26.865-0800][75550497ms] GC(20944) Eden regions: 212->0(212)
[2023-11-10T11:32:26.865-0800][75550497ms] GC(20944) Survivor regions: 1->1(27)
[2023-11-10T11:32:26.865-0800][75550497ms] GC(20944) Old regions: 1400->1400
[2023-11-10T11:32:26.865-0800][75550497ms] GC(20944) Humongous regions: 5->5
[2023-11-10T11:32:26.865-0800][75550497ms] GC(20944) Metaspace: 304828K->304828K(1347584K)
[2023-11-10T11:32:26.865-0800][75550497ms] GC(20944) Pause Young (Normal) (G1 Evacuation Pause) 3232M->2808M(3602M) 5.850ms
[2023-11-10T11:32:26.865-0800][75550497ms] GC(20944) User=0.00s Sys=0.00s Real=0.01s
[2023-11-10T11:32:27.345-0800][75550977ms] GC(20945) Pause Young (Normal) (G1 Evacuation Pause)
[2023-11-10T11:32:27.345-0800][75550977ms] GC(20945) Using 10 workers of 10 for evacuation
[2023-11-10T11:32:27.354-0800][75550986ms] GC(20945)   Pre Evacuate Collection Set: 0.0ms
[2023-11-10T11:32:27.354-0800][75550986ms] GC(20945)   Evacuate Collection Set: 4.2ms
[2023-11-10T11:32:27.354-0800][75550986ms] GC(20945)   Post Evacuate Collection Set: 3.0ms
[2023-11-10T11:32:27.354-0800][75550986ms] GC(20945)   Other: 0.3ms
[2023-11-10T11:32:27.354-0800][75550986ms] GC(20945) Eden regions: 212->0(212)
[2023-11-10T11:32:27.354-0800][75550986ms] GC(20945) Survivor regions: 1->1(27)
[2023-11-10T11:32:27.354-0800][75550986ms] GC(20945) Old regions: 1400->1400
[2023-11-10T11:32:27.354-0800][75550986ms] GC(20945) Humongous regions: 5->5
[2023-11-10T11:32:27.354-0800][75550986ms] GC(20945) Metaspace: 304828K->304828K(1347584K)
[2023-11-10T11:32:27.354-0800][75550986ms] GC(20945) Pause Young (Normal) (G1 Evacuation Pause) 3232M->2808M(3602M) 7.624ms
[2023-11-10T11:32:27.354-0800][75550986ms] GC(20945) User=0.00s Sys=0.02s Real=0.01s
[2023-11-10T11:32:27.834-0800][75551466ms] GC(20946) Pause Young (Normal) (G1 Evacuation Pause)
[2023-11-10T11:32:27.834-0800][75551466ms] GC(20946) Using 10 workers of 10 for evacuation
[2023-11-10T11:32:27.838-0800][75551470ms] GC(20946)   Pre Evacuate Collection Set: 0.0ms
[2023-11-10T11:32:27.838-0800][75551470ms] GC(20946)   Evacuate Collection Set: 1.6ms
[2023-11-10T11:32:27.838-0800][75551470ms] GC(20946)   Post Evacuate Collection Set: 2.9ms
[2023-11-10T11:32:27.838-0800][75551470ms] GC(20946)   Other: 0.3ms
[2023-11-10T11:32:27.838-0800][75551470ms] GC(20946) Eden regions: 212->0(212)
[2023-11-10T11:32:27.838-0800][75551470ms] GC(20946) Survivor regions: 1->1(27)
[2023-11-10T11:32:27.839-0800][75551471ms] GC(20946) Old regions: 1400->1400
[2023-11-10T11:32:27.839-0800][75551471ms] GC(20946) Humongous regions: 5->5
[2023-11-10T11:32:27.839-0800][75551471ms] GC(20946) Metaspace: 304828K->304828K(1347584K)
[2023-11-10T11:32:27.839-0800][75551471ms] GC(20946) Pause Young (Normal) (G1 Evacuation Pause) 3232M->2808M(3602M) 4.949ms
[2023-11-10T11:32:27.839-0800][75551471ms] GC(20946) User=0.08s Sys=0.00s Real=0.00s
[2023-11-10T11:32:28.377-0800][75552009ms] GC(20947) Pause Young (Normal) (G1 Evacuation Pause)
[2023-11-10T11:32:28.377-0800][75552009ms] GC(20947) Using 10 workers of 10 for evacuation
[2023-11-10T11:32:28.382-0800][75552014ms] GC(20947)   Pre Evacuate Collection Set: 0.0ms
[2023-11-10T11:32:28.382-0800][75552014ms] GC(20947)   Evacuate Collection Set: 1.7ms
[2023-11-10T11:32:28.382-0800][75552014ms] GC(20947)   Post Evacuate Collection Set: 3.2ms
[2023-11-10T11:32:28.382-0800][75552014ms] GC(20947)   Other: 0.2ms
[2023-11-10T11:32:28.382-0800][75552014ms] GC(20947) Eden regions: 212->0(212)
[2023-11-10T11:32:28.382-0800][75552014ms] GC(20947) Survivor regions: 1->1(27)
[2023-11-10T11:32:28.382-0800][75552014ms] GC(20947) Old regions: 1400->1400
[2023-11-10T11:32:28.382-0800][75552014ms] GC(20947) Humongous regions: 5->5
[2023-11-10T11:32:28.382-0800][75552014ms] GC(20947) Metaspace: 304828K->304828K(1347584K)
[2023-11-10T11:32:28.382-0800][75552014ms] GC(20947) Pause Young (Normal) (G1 Evacuation Pause) 3232M->2808M(3602M) 5.367ms
[2023-11-10T11:32:28.382-0800][75552014ms] GC(20947) User=0.00s Sys=0.00s Real=0.00s
[2023-11-10T11:32:28.974-0800][75552606ms] GC(20948) Pause Young (Normal) (G1 Evacuation Pause)
[2023-11-10T11:32:28.974-0800][75552606ms] GC(20948) Using 10 workers of 10 for evacuation
[2023-11-10T11:32:28.979-0800][75552611ms] GC(20948)   Pre Evacuate Collection Set: 0.1ms
[2023-11-10T11:32:28.979-0800][75552611ms] GC(20948)   Evacuate Collection Set: 1.7ms
[2023-11-10T11:32:28.979-0800][75552611ms] GC(20948)   Post Evacuate Collection Set: 3.6ms
[2023-11-10T11:32:28.979-0800][75552611ms] GC(20948)   Other: 0.3ms
[2023-11-10T11:32:28.979-0800][75552611ms] GC(20948) Eden regions: 212->0(212)
[2023-11-10T11:32:28.979-0800][75552611ms] GC(20948) Survivor regions: 1->1(27)
[2023-11-10T11:32:28.979-0800][75552611ms] GC(20948) Old regions: 1400->1400
[2023-11-10T11:32:28.979-0800][75552611ms] GC(20948) Humongous regions: 5->5
[2023-11-10T11:32:28.979-0800][75552611ms] GC(20948) Metaspace: 304828K->304828K(1347584K)
[2023-11-10T11:32:28.979-0800][75552611ms] GC(20948) Pause Young (Normal) (G1 Evacuation Pause) 3232M->2808M(3602M) 5.830ms
[2023-11-10T11:32:28.979-0800][75552611ms] GC(20948) User=0.02s Sys=0.00s Real=0.01s
[2023-11-10T11:32:29.484-0800][75553116ms] GC(20949) Pause Young (Normal) (G1 Evacuation Pause)
[2023-11-10T11:32:29.484-0800][75553116ms] GC(20949) Using 10 workers of 10 for evacuation
[2023-11-10T11:32:29.490-0800][75553122ms] GC(20949)   Pre Evacuate Collection Set: 0.1ms
[2023-11-10T11:32:29.490-0800][75553122ms] GC(20949)   Evacuate Collection Set: 2.3ms
[2023-11-10T11:32:29.490-0800][75553122ms] GC(20949)   Post Evacuate Collection Set: 4.2ms
[2023-11-10T11:32:29.490-0800][75553122ms] GC(20949)   Other: 0.3ms
[2023-11-10T11:32:29.490-0800][75553122ms] GC(20949) Eden regions: 212->0(213)
[2023-11-10T11:32:29.490-0800][75553122ms] GC(20949) Survivor regions: 1->1(27)
[2023-11-10T11:32:29.490-0800][75553122ms] GC(20949) Old regions: 1400->1400
[2023-11-10T11:32:29.490-0800][75553122ms] GC(20949) Humongous regions: 5->5
[2023-11-10T11:32:29.490-0800][75553122ms] GC(20949) Metaspace: 304828K->304828K(1347584K)
[2023-11-10T11:32:29.490-0800][75553122ms] GC(20949) Pause Young (Normal) (G1 Evacuation Pause) 3232M->2808M(3602M) 6.972ms
[2023-11-10T11:32:29.491-0800][75553123ms] GC(20949) User=0.00s Sys=0.00s Real=0.01s
[2023-11-10T11:32:29.968-0800][75553600ms] GC(20950) Pause Young (Normal) (GCLocker Initiated GC)
[2023-11-10T11:32:29.968-0800][75553600ms] GC(20950) Using 10 workers of 10 for evacuation
[2023-11-10T11:32:29.975-0800][75553607ms] GC(20950)   Pre Evacuate Collection Set: 0.1ms
[2023-11-10T11:32:29.975-0800][75553607ms] GC(20950)   Evacuate Collection Set: 2.1ms
[2023-11-10T11:32:29.975-0800][75553607ms] GC(20950)   Post Evacuate Collection Set: 4.3ms
[2023-11-10T11:32:29.975-0800][75553607ms] GC(20950)   Other: 0.4ms
[2023-11-10T11:32:29.975-0800][75553607ms] GC(20950) Eden regions: 213->0(213)
[2023-11-10T11:32:29.975-0800][75553607ms] GC(20950) Survivor regions: 1->1(27)
[2023-11-10T11:32:29.975-0800][75553607ms] GC(20950) Old regions: 1400->1400
[2023-11-10T11:32:29.975-0800][75553607ms] GC(20950) Humongous regions: 5->5
[2023-11-10T11:32:29.975-0800][75553607ms] GC(20950) Metaspace: 304828K->304828K(1347584K)
[2023-11-10T11:32:29.975-0800][75553607ms] GC(20950) Pause Young (Normal) (GCLocker Initiated GC) 3234M->2808M(3602M) 6.913ms
[2023-11-10T11:32:29.975-0800][75553607ms] GC(20950) User=0.00s Sys=0.00s Real=0.01s
[2023-11-10T11:32:30.530-0800][75554162ms] GC(20951) Pause Young (Normal) (GCLocker Initiated GC)
[2023-11-10T11:32:30.530-0800][75554162ms] GC(20951) Using 10 workers of 10 for evacuation
[2023-11-10T11:32:30.536-0800][75554168ms] GC(20951)   Pre Evacuate Collection Set: 0.1ms
[2023-11-10T11:32:30.536-0800][75554168ms] GC(20951)   Evacuate Collection Set: 2.3ms
[2023-11-10T11:32:30.536-0800][75554168ms] GC(20951)   Post Evacuate Collection Set: 3.4ms
[2023-11-10T11:32:30.536-0800][75554168ms] GC(20951)   Other: 0.3ms
[2023-11-10T11:32:30.536-0800][75554168ms] GC(20951) Eden regions: 214->0(213)
[2023-11-10T11:32:30.536-0800][75554168ms] GC(20951) Survivor regions: 1->1(27)
[2023-11-10T11:32:30.537-0800][75554169ms] GC(20951) Old regions: 1400->1400
[2023-11-10T11:32:30.537-0800][75554169ms] GC(20951) Humongous regions: 5->5
[2023-11-10T11:32:30.537-0800][75554169ms] GC(20951) Metaspace: 304828K->304828K(1347584K)
[2023-11-10T11:32:30.537-0800][75554169ms] GC(20951) Pause Young (Normal) (GCLocker Initiated GC) 3234M->2808M(3602M) 6.127ms
[2023-11-10T11:32:30.537-0800][75554169ms] GC(20951) User=0.00s Sys=0.00s Real=0.01s
[2023-11-10T11:32:31.183-0800][75554815ms] GC(20952) Pause Young (Normal) (GCLocker Initiated GC)
[2023-11-10T11:32:31.183-0800][75554815ms] GC(20952) Using 10 workers of 10 for evacuation
[2023-11-10T11:32:31.191-0800][75554823ms] GC(20952)   Pre Evacuate Collection Set: 0.1ms
[2023-11-10T11:32:31.191-0800][75554823ms] GC(20952)   Evacuate Collection Set: 2.6ms
[2023-11-10T11:32:31.191-0800][75554823ms] GC(20952)   Post Evacuate Collection Set: 4.4ms
[2023-11-10T11:32:31.191-0800][75554823ms] GC(20952)   Other: 0.5ms
[2023-11-10T11:32:31.191-0800][75554823ms] GC(20952) Eden regions: 214->0(213)
[2023-11-10T11:32:31.191-0800][75554823ms] GC(20952) Survivor regions: 1->1(27)
[2023-11-10T11:32:31.191-0800][75554823ms] GC(20952) Old regions: 1400->1400
[2023-11-10T11:32:31.191-0800][75554823ms] GC(20952) Humongous regions: 5->5
[2023-11-10T11:32:31.191-0800][75554823ms] GC(20952) Metaspace: 304828K->304828K(1347584K)
[2023-11-10T11:32:31.191-0800][75554823ms] GC(20952) Pause Young (Normal) (GCLocker Initiated GC) 3235M->2809M(3602M) 7.697ms
[2023-11-10T11:32:31.191-0800][75554823ms] GC(20952) User=0.00s Sys=0.00s Real=0.01s
[2023-11-10T11:32:31.804-0800][75555436ms] GC(20953) Pause Young (Normal) (GCLocker Initiated GC)
[2023-11-10T11:32:31.804-0800][75555436ms] GC(20953) Using 10 workers of 10 for evacuation
[2023-11-10T11:32:31.809-0800][75555441ms] GC(20953)   Pre Evacuate Collection Set: 0.0ms
[2023-11-10T11:32:31.809-0800][75555441ms] GC(20953)   Evacuate Collection Set: 1.8ms
[2023-11-10T11:32:31.809-0800][75555441ms] GC(20953)   Post Evacuate Collection Set: 3.4ms
[2023-11-10T11:32:31.809-0800][75555441ms] GC(20953)   Other: 0.3ms
[2023-11-10T11:32:31.809-0800][75555441ms] GC(20953) Eden regions: 214->0(213)
[2023-11-10T11:32:31.809-0800][75555441ms] GC(20953) Survivor regions: 1->1(27)
[2023-11-10T11:32:31.809-0800][75555441ms] GC(20953) Old regions: 1400->1400
[2023-11-10T11:32:31.809-0800][75555441ms] GC(20953) Humongous regions: 5->5
[2023-11-10T11:32:31.809-0800][75555441ms] GC(20953) Metaspace: 304828K->304828K(1347584K)
[2023-11-10T11:32:31.809-0800][75555441ms] GC(20953) Pause Young (Normal) (GCLocker Initiated GC) 3236M->2809M(3602M) 5.796ms
[2023-11-10T11:32:31.810-0800][75555442ms] GC(20953) User=0.00s Sys=0.00s Real=0.01s
[2023-11-10T11:32:32.391-0800][75556023ms] GC(20954) Pause Young (Normal) (G1 Evacuation Pause)
[2023-11-10T11:32:32.391-0800][75556023ms] GC(20954) Using 10 workers of 10 for evacuation
[2023-11-10T11:32:32.399-0800][75556031ms] GC(20954)   Pre Evacuate Collection Set: 0.1ms
[2023-11-10T11:32:32.399-0800][75556031ms] GC(20954)   Evacuate Collection Set: 2.6ms
[2023-11-10T11:32:32.399-0800][75556031ms] GC(20954)   Post Evacuate Collection Set: 4.6ms
[2023-11-10T11:32:32.399-0800][75556031ms] GC(20954)   Other: 0.5ms
[2023-11-10T11:32:32.399-0800][75556031ms] GC(20954) Eden regions: 213->0(213)
[2023-11-10T11:32:32.399-0800][75556031ms] GC(20954) Survivor regions: 1->1(27)
[2023-11-10T11:32:32.399-0800][75556031ms] GC(20954) Old regions: 1400->1400
[2023-11-10T11:32:32.399-0800][75556031ms] GC(20954) Humongous regions: 5->5
[2023-11-10T11:32:32.399-0800][75556031ms] GC(20954) Metaspace: 304828K->304828K(1347584K)
[2023-11-10T11:32:32.399-0800][75556031ms] GC(20954) Pause Young (Normal) (G1 Evacuation Pause) 3235M->2809M(3602M) 7.840ms
[2023-11-10T11:32:32.399-0800][75556031ms] GC(20954) User=0.00s Sys=0.00s Real=0.01s
[2023-11-10T11:32:32.934-0800][75556566ms] GC(20955) Pause Young (Normal) (G1 Evacuation Pause)
[2023-11-10T11:32:32.934-0800][75556566ms] GC(20955) Using 10 workers of 10 for evacuation
[2023-11-10T11:32:32.940-0800][75556572ms] GC(20955)   Pre Evacuate Collection Set: 0.1ms
[2023-11-10T11:32:32.940-0800][75556572ms] GC(20955)   Evacuate Collection Set: 1.7ms
[2023-11-10T11:32:32.940-0800][75556572ms] GC(20955)   Post Evacuate Collection Set: 3.4ms
[2023-11-10T11:32:32.940-0800][75556572ms] GC(20955)   Other: 0.4ms
[2023-11-10T11:32:32.940-0800][75556572ms] GC(20955) Eden regions: 213->0(213)
[2023-11-10T11:32:32.940-0800][75556572ms] GC(20955) Survivor regions: 1->1(27)
[2023-11-10T11:32:32.940-0800][75556572ms] GC(20955) Old regions: 1400->1400
[2023-11-10T11:32:32.940-0800][75556572ms] GC(20955) Humongous regions: 5->5
[2023-11-10T11:32:32.940-0800][75556572ms] GC(20955) Metaspace: 304828K->304828K(1347584K)
[2023-11-10T11:32:32.940-0800][75556572ms] GC(20955) Pause Young (Normal) (G1 Evacuation Pause) 3235M->2808M(3602M) 5.708ms
[2023-11-10T11:32:32.940-0800][75556572ms] GC(20955) User=0.00s Sys=0.00s Real=0.01s
[2023-11-10T11:32:33.536-0800][75557168ms] GC(20956) Pause Young (Normal) (G1 Evacuation Pause)
[2023-11-10T11:32:33.536-0800][75557168ms] GC(20956) Using 10 workers of 10 for evacuation
[2023-11-10T11:32:33.543-0800][75557175ms] GC(20956)   Pre Evacuate Collection Set: 0.0ms
[2023-11-10T11:32:33.543-0800][75557175ms] GC(20956)   Evacuate Collection Set: 1.6ms
[2023-11-10T11:32:33.543-0800][75557175ms] GC(20956)   Post Evacuate Collection Set: 3.7ms
[2023-11-10T11:32:33.543-0800][75557175ms] GC(20956)   Other: 0.3ms
[2023-11-10T11:32:33.543-0800][75557175ms] GC(20956) Eden regions: 213->0(213)
[2023-11-10T11:32:33.543-0800][75557175ms] GC(20956) Survivor regions: 1->1(27)
[2023-11-10T11:32:33.543-0800][75557175ms] GC(20956) Old regions: 1400->1400
[2023-11-10T11:32:33.543-0800][75557175ms] GC(20956) Humongous regions: 5->5
[2023-11-10T11:32:33.543-0800][75557175ms] GC(20956) Metaspace: 304828K->304828K(1347584K)
[2023-11-10T11:32:33.543-0800][75557175ms] GC(20956) Pause Young (Normal) (G1 Evacuation Pause) 3234M->2809M(3602M) 5.868ms
[2023-11-10T11:32:33.543-0800][75557175ms] GC(20956) User=0.05s Sys=0.00s Real=0.01s
[2023-11-10T11:32:34.080-0800][75557712ms] GC(20957) Pause Young (Normal) (G1 Evacuation Pause)
[2023-11-10T11:32:34.080-0800][75557712ms] GC(20957) Using 10 workers of 10 for evacuation
[2023-11-10T11:32:34.084-0800][75557716ms] GC(20957)   Pre Evacuate Collection Set: 0.0ms
[2023-11-10T11:32:34.084-0800][75557716ms] GC(20957)   Evacuate Collection Set: 1.6ms
[2023-11-10T11:32:34.084-0800][75557716ms] GC(20957)   Post Evacuate Collection Set: 3.1ms
[2023-11-10T11:32:34.084-0800][75557716ms] GC(20957)   Other: 0.3ms
[2023-11-10T11:32:34.084-0800][75557716ms] GC(20957) Eden regions: 213->0(213)
[2023-11-10T11:32:34.084-0800][75557716ms] GC(20957) Survivor regions: 1->1(27)
[2023-11-10T11:32:34.084-0800][75557716ms] GC(20957) Old regions: 1400->1400
[2023-11-10T11:32:34.084-0800][75557716ms] GC(20957) Humongous regions: 5->5
[2023-11-10T11:32:34.084-0800][75557716ms] GC(20957) Metaspace: 304828K->304828K(1347584K)
[2023-11-10T11:32:34.084-0800][75557716ms] GC(20957) Pause Young (Normal) (G1 Evacuation Pause) 3235M->2808M(3602M) 5.161ms
[2023-11-10T11:32:34.084-0800][75557716ms] GC(20957) User=0.00s Sys=0.00s Real=0.00s
[2023-11-10T11:32:34.636-0800][75558268ms] GC(20958) Pause Young (Normal) (G1 Evacuation Pause)
[2023-11-10T11:32:34.636-0800][75558268ms] GC(20958) Using 10 workers of 10 for evacuation
[2023-11-10T11:32:34.642-0800][75558274ms] GC(20958)   Pre Evacuate Collection Set: 0.0ms
[2023-11-10T11:32:34.642-0800][75558274ms] GC(20958)   Evacuate Collection Set: 1.6ms
[2023-11-10T11:32:34.642-0800][75558274ms] GC(20958)   Post Evacuate Collection Set: 3.2ms
[2023-11-10T11:32:34.642-0800][75558274ms] GC(20958)   Other: 0.3ms
[2023-11-10T11:32:34.642-0800][75558274ms] GC(20958) Eden regions: 213->0(213)
[2023-11-10T11:32:34.642-0800][75558274ms] GC(20958) Survivor regions: 1->1(27)
[2023-11-10T11:32:34.642-0800][75558274ms] GC(20958) Old regions: 1400->1400
[2023-11-10T11:32:34.642-0800][75558274ms] GC(20958) Humongous regions: 5->5
[2023-11-10T11:32:34.642-0800][75558274ms] GC(20958) Metaspace: 304828K->304828K(1347584K)
[2023-11-10T11:32:34.642-0800][75558274ms] GC(20958) Pause Young (Normal) (G1 Evacuation Pause) 3234M->2809M(3602M) 5.199ms
[2023-11-10T11:32:34.642-0800][75558274ms] GC(20958) User=0.00s Sys=0.00s Real=0.01s
[2023-11-10T11:32:35.088-0800][75558720ms] GC(20959) Pause Young (Normal) (G1 Evacuation Pause)
[2023-11-10T11:32:35.088-0800][75558720ms] GC(20959) Using 10 workers of 10 for evacuation
[2023-11-10T11:32:35.094-0800][75558726ms] GC(20959)   Pre Evacuate Collection Set: 0.0ms
[2023-11-10T11:32:35.094-0800][75558726ms] GC(20959)   Evacuate Collection Set: 1.8ms
[2023-11-10T11:32:35.094-0800][75558726ms] GC(20959)   Post Evacuate Collection Set: 3.8ms
[2023-11-10T11:32:35.094-0800][75558726ms] GC(20959)   Other: 0.3ms
[2023-11-10T11:32:35.094-0800][75558726ms] GC(20959) Eden regions: 213->0(213)
[2023-11-10T11:32:35.094-0800][75558726ms] GC(20959) Survivor regions: 1->1(27)
[2023-11-10T11:32:35.094-0800][75558726ms] GC(20959) Old regions: 1400->1400
[2023-11-10T11:32:35.094-0800][75558726ms] GC(20959) Humongous regions: 5->5
[2023-11-10T11:32:35.094-0800][75558726ms] GC(20959) Metaspace: 304828K->304828K(1347584K)
[2023-11-10T11:32:35.094-0800][75558726ms] GC(20959) Pause Young (Normal) (G1 Evacuation Pause) 3235M->2809M(3602M) 5.955ms
[2023-11-10T11:32:35.094-0800][75558726ms] GC(20959) User=0.00s Sys=0.00s Real=0.01s
[2023-11-10T11:32:35.592-0800][75559224ms] GC(20960) Pause Young (Normal) (G1 Evacuation Pause)
[2023-11-10T11:32:35.592-0800][75559224ms] GC(20960) Using 10 workers of 10 for evacuation
[2023-11-10T11:32:35.597-0800][75559229ms] GC(20960)   Pre Evacuate Collection Set: 0.0ms
[2023-11-10T11:32:35.597-0800][75559229ms] GC(20960)   Evacuate Collection Set: 1.9ms
[2023-11-10T11:32:35.597-0800][75559229ms] GC(20960)   Post Evacuate Collection Set: 3.2ms
[2023-11-10T11:32:35.598-0800][75559230ms] GC(20960)   Other: 0.3ms
[2023-11-10T11:32:35.598-0800][75559230ms] GC(20960) Eden regions: 213->0(213)
[2023-11-10T11:32:35.598-0800][75559230ms] GC(20960) Survivor regions: 1->1(27)
[2023-11-10T11:32:35.598-0800][75559230ms] GC(20960) Old regions: 1400->1400
[2023-11-10T11:32:35.598-0800][75559230ms] GC(20960) Humongous regions: 5->5
[2023-11-10T11:32:35.598-0800][75559230ms] GC(20960) Metaspace: 304828K->304828K(1347584K)
[2023-11-10T11:32:35.598-0800][75559230ms] GC(20960) Pause Young (Normal) (G1 Evacuation Pause) 3235M->2809M(3602M) 5.532ms
[2023-11-10T11:32:35.598-0800][75559230ms] GC(20960) User=0.00s Sys=0.00s Real=0.01s
[2023-11-10T11:32:36.142-0800][75559774ms] GC(20961) Pause Young (Normal) (G1 Evacuation Pause)
[2023-11-10T11:32:36.142-0800][75559774ms] GC(20961) Using 10 workers of 10 for evacuation
[2023-11-10T11:32:36.147-0800][75559779ms] GC(20961)   Pre Evacuate Collection Set: 0.0ms
[2023-11-10T11:32:36.147-0800][75559779ms] GC(20961)   Evacuate Collection Set: 1.8ms
[2023-11-10T11:32:36.147-0800][75559779ms] GC(20961)   Post Evacuate Collection Set: 3.0ms
[2023-11-10T11:32:36.147-0800][75559779ms] GC(20961)   Other: 0.3ms
[2023-11-10T11:32:36.147-0800][75559779ms] GC(20961) Eden regions: 213->0(213)
[2023-11-10T11:32:36.147-0800][75559779ms] GC(20961) Survivor regions: 1->1(27)
[2023-11-10T11:32:36.147-0800][75559779ms] GC(20961) Old regions: 1400->1400
[2023-11-10T11:32:36.147-0800][75559779ms] GC(20961) Humongous regions: 5->5
[2023-11-10T11:32:36.147-0800][75559779ms] GC(20961) Metaspace: 304828K->304828K(1347584K)
[2023-11-10T11:32:36.147-0800][75559779ms] GC(20961) Pause Young (Normal) (G1 Evacuation Pause) 3235M->2809M(3602M) 5.224ms
[2023-11-10T11:32:36.147-0800][75559779ms] GC(20961) User=0.00s Sys=0.00s Real=0.01s
[2023-11-10T11:32:36.569-0800][75560201ms] GC(20962) Pause Young (Normal) (G1 Evacuation Pause)
[2023-11-10T11:32:36.569-0800][75560201ms] GC(20962) Using 10 workers of 10 for evacuation
[2023-11-10T11:32:36.574-0800][75560206ms] GC(20962)   Pre Evacuate Collection Set: 0.0ms
[2023-11-10T11:32:36.574-0800][75560206ms] GC(20962)   Evacuate Collection Set: 1.9ms
[2023-11-10T11:32:36.574-0800][75560206ms] GC(20962)   Post Evacuate Collection Set: 3.4ms
[2023-11-10T11:32:36.574-0800][75560206ms] GC(20962)   Other: 0.3ms
[2023-11-10T11:32:36.574-0800][75560206ms] GC(20962) Eden regions: 213->0(212)
[2023-11-10T11:32:36.574-0800][75560206ms] GC(20962) Survivor regions: 1->1(27)
[2023-11-10T11:32:36.574-0800][75560206ms] GC(20962) Old regions: 1400->1400
[2023-11-10T11:32:36.574-0800][75560206ms] GC(20962) Humongous regions: 5->5
[2023-11-10T11:32:36.574-0800][75560206ms] GC(20962) Metaspace: 304828K->304828K(1347584K)
[2023-11-10T11:32:36.574-0800][75560206ms] GC(20962) Pause Young (Normal) (G1 Evacuation Pause) 3235M->2809M(3602M) 5.713ms
[2023-11-10T11:32:36.574-0800][75560206ms] GC(20962) User=0.09s Sys=0.00s Real=0.00s
[2023-11-10T11:32:37.080-0800][75560712ms] GC(20963) Pause Young (Normal) (G1 Evacuation Pause)
[2023-11-10T11:32:37.080-0800][75560712ms] GC(20963) Using 10 workers of 10 for evacuation
[2023-11-10T11:32:37.086-0800][75560718ms] GC(20963)   Pre Evacuate Collection Set: 0.0ms
[2023-11-10T11:32:37.086-0800][75560718ms] GC(20963)   Evacuate Collection Set: 1.8ms
[2023-11-10T11:32:37.086-0800][75560718ms] GC(20963)   Post Evacuate Collection Set: 3.0ms
[2023-11-10T11:32:37.086-0800][75560718ms] GC(20963)   Other: 0.2ms
[2023-11-10T11:32:37.086-0800][75560718ms] GC(20963) Eden regions: 212->0(212)
[2023-11-10T11:32:37.086-0800][75560718ms] GC(20963) Survivor regions: 1->1(27)
[2023-11-10T11:32:37.086-0800][75560718ms] GC(20963) Old regions: 1400->1400
[2023-11-10T11:32:37.086-0800][75560718ms] GC(20963) Humongous regions: 5->5
[2023-11-10T11:32:37.086-0800][75560718ms] GC(20963) Metaspace: 304828K->304828K(1347584K)
[2023-11-10T11:32:37.086-0800][75560718ms] GC(20963) Pause Young (Normal) (G1 Evacuation Pause) 3233M->2809M(3602M) 5.234ms
[2023-11-10T11:32:37.086-0800][75560718ms] GC(20963) User=0.02s Sys=0.00s Real=0.01s
[2023-11-10T11:32:37.528-0800][75561160ms] GC(20964) Pause Young (Normal) (G1 Evacuation Pause)
[2023-11-10T11:32:37.528-0800][75561160ms] GC(20964) Using 10 workers of 10 for evacuation
[2023-11-10T11:32:37.533-0800][75561165ms] GC(20964)   Pre Evacuate Collection Set: 0.1ms
[2023-11-10T11:32:37.533-0800][75561165ms] GC(20964)   Evacuate Collection Set: 1.7ms
[2023-11-10T11:32:37.533-0800][75561165ms] GC(20964)   Post Evacuate Collection Set: 3.4ms
[2023-11-10T11:32:37.533-0800][75561165ms] GC(20964)   Other: 0.3ms
[2023-11-10T11:32:37.533-0800][75561165ms] GC(20964) Eden regions: 212->0(212)
[2023-11-10T11:32:37.533-0800][75561165ms] GC(20964) Survivor regions: 1->1(27)
[2023-11-10T11:32:37.533-0800][75561165ms] GC(20964) Old regions: 1400->1400
[2023-11-10T11:32:37.533-0800][75561165ms] GC(20964) Humongous regions: 5->5
[2023-11-10T11:32:37.533-0800][75561165ms] GC(20964) Metaspace: 304828K->304828K(1347584K)
[2023-11-10T11:32:37.533-0800][75561165ms] GC(20964) Pause Young (Normal) (G1 Evacuation Pause) 3233M->2809M(3602M) 5.698ms
[2023-11-10T11:32:37.533-0800][75561165ms] GC(20964) User=0.00s Sys=0.00s Real=0.00s
[2023-11-10T11:32:38.106-0800][75561738ms] GC(20965) Pause Young (Normal) (G1 Evacuation Pause)
[2023-11-10T11:32:38.107-0800][75561739ms] GC(20965) Using 10 workers of 10 for evacuation
[2023-11-10T11:32:38.112-0800][75561744ms] GC(20965)   Pre Evacuate Collection Set: 0.0ms
[2023-11-10T11:32:38.112-0800][75561744ms] GC(20965)   Evacuate Collection Set: 1.7ms
[2023-11-10T11:32:38.112-0800][75561744ms] GC(20965)   Post Evacuate Collection Set: 3.5ms
[2023-11-10T11:32:38.112-0800][75561744ms] GC(20965)   Other: 0.3ms
[2023-11-10T11:32:38.112-0800][75561744ms] GC(20965) Eden regions: 212->0(212)
[2023-11-10T11:32:38.112-0800][75561744ms] GC(20965) Survivor regions: 1->1(27)
[2023-11-10T11:32:38.112-0800][75561744ms] GC(20965) Old regions: 1400->1400
[2023-11-10T11:32:38.112-0800][75561744ms] GC(20965) Humongous regions: 5->5
[2023-11-10T11:32:38.112-0800][75561744ms] GC(20965) Metaspace: 304828K->304828K(1347584K)
[2023-11-10T11:32:38.112-0800][75561744ms] GC(20965) Pause Young (Normal) (G1 Evacuation Pause) 3233M->2809M(3602M) 5.569ms
[2023-11-10T11:32:38.112-0800][75561744ms] GC(20965) User=0.00s Sys=0.00s Real=0.01s
[2023-11-10T11:32:38.616-0800][75562248ms] GC(20966) Pause Young (Normal) (G1 Evacuation Pause)
[2023-11-10T11:32:38.616-0800][75562248ms] GC(20966) Using 10 workers of 10 for evacuation
[2023-11-10T11:32:38.622-0800][75562254ms] GC(20966)   Pre Evacuate Collection Set: 0.0ms
[2023-11-10T11:32:38.622-0800][75562254ms] GC(20966)   Evacuate Collection Set: 1.7ms
[2023-11-10T11:32:38.622-0800][75562254ms] GC(20966)   Post Evacuate Collection Set: 4.0ms
[2023-11-10T11:32:38.622-0800][75562254ms] GC(20966)   Other: 0.3ms
[2023-11-10T11:32:38.622-0800][75562254ms] GC(20966) Eden regions: 212->0(212)
[2023-11-10T11:32:38.622-0800][75562254ms] GC(20966) Survivor regions: 1->1(27)
[2023-11-10T11:32:38.622-0800][75562254ms] GC(20966) Old regions: 1400->1400
[2023-11-10T11:32:38.622-0800][75562254ms] GC(20966) Humongous regions: 5->5
[2023-11-10T11:32:38.622-0800][75562254ms] GC(20966) Metaspace: 304828K->304828K(1347584K)
[2023-11-10T11:32:38.622-0800][75562254ms] GC(20966) Pause Young (Normal) (G1 Evacuation Pause) 3233M->2809M(3602M) 6.116ms
[2023-11-10T11:32:38.622-0800][75562254ms] GC(20966) User=0.00s Sys=0.00s Real=0.01s
[2023-11-10T11:32:39.170-0800][75562802ms] GC(20967) Pause Young (Normal) (G1 Evacuation Pause)
[2023-11-10T11:32:39.170-0800][75562802ms] GC(20967) Using 10 workers of 10 for evacuation
[2023-11-10T11:32:39.177-0800][75562809ms] GC(20967)   Pre Evacuate Collection Set: 0.1ms
[2023-11-10T11:32:39.177-0800][75562809ms] GC(20967)   Evacuate Collection Set: 2.3ms
[2023-11-10T11:32:39.177-0800][75562809ms] GC(20967)   Post Evacuate Collection Set: 3.7ms
[2023-11-10T11:32:39.177-0800][75562809ms] GC(20967)   Other: 0.3ms
[2023-11-10T11:32:39.177-0800][75562809ms] GC(20967) Eden regions: 212->0(212)
[2023-11-10T11:32:39.177-0800][75562809ms] GC(20967) Survivor regions: 1->1(27)
[2023-11-10T11:32:39.177-0800][75562809ms] GC(20967) Old regions: 1400->1400
[2023-11-10T11:32:39.177-0800][75562809ms] GC(20967) Humongous regions: 5->5
[2023-11-10T11:32:39.177-0800][75562809ms] GC(20967) Metaspace: 304828K->304828K(1347584K)
[2023-11-10T11:32:39.177-0800][75562809ms] GC(20967) Pause Young (Normal) (G1 Evacuation Pause) 3233M->2809M(3602M) 6.442ms
[2023-11-10T11:32:39.177-0800][75562809ms] GC(20967) User=0.00s Sys=0.00s Real=0.01s
[2023-11-10T11:32:39.637-0800][75563269ms] GC(20968) Pause Young (Normal) (G1 Evacuation Pause)
[2023-11-10T11:32:39.637-0800][75563269ms] GC(20968) Using 10 workers of 10 for evacuation
[2023-11-10T11:32:39.643-0800][75563275ms] GC(20968)   Pre Evacuate Collection Set: 0.1ms
[2023-11-10T11:32:39.643-0800][75563275ms] GC(20968)   Evacuate Collection Set: 2.6ms
[2023-11-10T11:32:39.643-0800][75563275ms] GC(20968)   Post Evacuate Collection Set: 3.4ms
[2023-11-10T11:32:39.643-0800][75563275ms] GC(20968)   Other: 0.3ms
[2023-11-10T11:32:39.643-0800][75563275ms] GC(20968) Eden regions: 212->0(212)
[2023-11-10T11:32:39.643-0800][75563275ms] GC(20968) Survivor regions: 1->1(27)
[2023-11-10T11:32:39.643-0800][75563275ms] GC(20968) Old regions: 1400->1400
[2023-11-10T11:32:39.643-0800][75563275ms] GC(20968) Humongous regions: 5->5
[2023-11-10T11:32:39.643-0800][75563275ms] GC(20968) Metaspace: 304828K->304828K(1347584K)
[2023-11-10T11:32:39.643-0800][75563275ms] GC(20968) Pause Young (Normal) (G1 Evacuation Pause) 3233M->2809M(3602M) 6.449ms
[2023-11-10T11:32:39.643-0800][75563275ms] GC(20968) User=0.00s Sys=0.00s Real=0.01s
[2023-11-10T11:32:40.180-0800][75563812ms] GC(20969) Pause Young (Normal) (G1 Evacuation Pause)
[2023-11-10T11:32:40.180-0800][75563812ms] GC(20969) Using 10 workers of 10 for evacuation
[2023-11-10T11:32:40.186-0800][75563818ms] GC(20969)   Pre Evacuate Collection Set: 0.0ms
[2023-11-10T11:32:40.186-0800][75563818ms] GC(20969)   Evacuate Collection Set: 2.2ms
[2023-11-10T11:32:40.186-0800][75563818ms] GC(20969)   Post Evacuate Collection Set: 4.5ms
[2023-11-10T11:32:40.186-0800][75563818ms] GC(20969)   Other: 0.3ms
[2023-11-10T11:32:40.186-0800][75563818ms] GC(20969) Eden regions: 212->0(212)
[2023-11-10T11:32:40.186-0800][75563818ms] GC(20969) Survivor regions: 1->1(27)
[2023-11-10T11:32:40.186-0800][75563818ms] GC(20969) Old regions: 1400->1400
[2023-11-10T11:32:40.186-0800][75563818ms] GC(20969) Humongous regions: 5->5
[2023-11-10T11:32:40.186-0800][75563818ms] GC(20969) Metaspace: 304828K->304828K(1347584K)
[2023-11-10T11:32:40.186-0800][75563818ms] GC(20969) Pause Young (Normal) (G1 Evacuation Pause) 3233M->2810M(3602M) 7.126ms
[2023-11-10T11:32:40.186-0800][75563818ms] GC(20969) User=0.00s Sys=0.00s Real=0.01s
[2023-11-10T11:32:40.675-0800][75564307ms] GC(20970) Pause Young (Normal) (G1 Evacuation Pause)
[2023-11-10T11:32:40.675-0800][75564307ms] GC(20970) Using 10 workers of 10 for evacuation
[2023-11-10T11:32:40.683-0800][75564315ms] GC(20970)   Pre Evacuate Collection Set: 0.1ms
[2023-11-10T11:32:40.683-0800][75564315ms] GC(20970)   Evacuate Collection Set: 2.3ms
[2023-11-10T11:32:40.683-0800][75564315ms] GC(20970)   Post Evacuate Collection Set: 5.8ms
[2023-11-10T11:32:40.683-0800][75564315ms] GC(20970)   Other: 0.4ms
[2023-11-10T11:32:40.683-0800][75564315ms] GC(20970) Eden regions: 212->0(212)
[2023-11-10T11:32:40.683-0800][75564315ms] GC(20970) Survivor regions: 1->1(27)
[2023-11-10T11:32:40.683-0800][75564315ms] GC(20970) Old regions: 1400->1400
[2023-11-10T11:32:40.683-0800][75564315ms] GC(20970) Humongous regions: 5->5
[2023-11-10T11:32:40.683-0800][75564315ms] GC(20970) Metaspace: 304828K->304828K(1347584K)
[2023-11-10T11:32:40.683-0800][75564315ms] GC(20970) Pause Young (Normal) (G1 Evacuation Pause) 3234M->2809M(3602M) 8.717ms
[2023-11-10T11:32:40.683-0800][75564315ms] GC(20970) User=0.02s Sys=0.00s Real=0.01s
[2023-11-10T11:32:41.198-0800][75564830ms] GC(20971) Pause Young (Normal) (G1 Evacuation Pause)
[2023-11-10T11:32:41.198-0800][75564830ms] GC(20971) Using 10 workers of 10 for evacuation
[2023-11-10T11:32:41.207-0800][75564839ms] GC(20971)   Pre Evacuate Collection Set: 0.1ms
[2023-11-10T11:32:41.207-0800][75564839ms] GC(20971)   Evacuate Collection Set: 1.8ms
[2023-11-10T11:32:41.207-0800][75564839ms] GC(20971)   Post Evacuate Collection Set: 6.3ms
[2023-11-10T11:32:41.207-0800][75564839ms] GC(20971)   Other: 0.4ms
[2023-11-10T11:32:41.207-0800][75564839ms] GC(20971) Eden regions: 212->0(212)
[2023-11-10T11:32:41.207-0800][75564839ms] GC(20971) Survivor regions: 1->1(27)
[2023-11-10T11:32:41.207-0800][75564839ms] GC(20971) Old regions: 1400->1400
[2023-11-10T11:32:41.207-0800][75564839ms] GC(20971) Humongous regions: 5->5
[2023-11-10T11:32:41.207-0800][75564839ms] GC(20971) Metaspace: 304828K->304828K(1347584K)
[2023-11-10T11:32:41.207-0800][75564839ms] GC(20971) Pause Young (Normal) (G1 Evacuation Pause) 3233M->2809M(3602M) 8.809ms
[2023-11-10T11:32:41.207-0800][75564839ms] GC(20971) User=0.00s Sys=0.00s Real=0.01s
[2023-11-10T11:32:41.750-0800][75565382ms] GC(20972) Pause Young (Normal) (G1 Evacuation Pause)
[2023-11-10T11:32:41.750-0800][75565382ms] GC(20972) Using 10 workers of 10 for evacuation
[2023-11-10T11:32:41.758-0800][75565390ms] GC(20972)   Pre Evacuate Collection Set: 0.1ms
[2023-11-10T11:32:41.758-0800][75565390ms] GC(20972)   Evacuate Collection Set: 3.9ms
[2023-11-10T11:32:41.758-0800][75565390ms] GC(20972)   Post Evacuate Collection Set: 3.6ms
[2023-11-10T11:32:41.758-0800][75565390ms] GC(20972)   Other: 0.4ms
[2023-11-10T11:32:41.758-0800][75565390ms] GC(20972) Eden regions: 212->0(212)
[2023-11-10T11:32:41.758-0800][75565390ms] GC(20972) Survivor regions: 1->1(27)
[2023-11-10T11:32:41.758-0800][75565390ms] GC(20972) Old regions: 1400->1400
[2023-11-10T11:32:41.758-0800][75565390ms] GC(20972) Humongous regions: 5->5
[2023-11-10T11:32:41.758-0800][75565390ms] GC(20972) Metaspace: 304828K->304828K(1347584K)
[2023-11-10T11:32:41.758-0800][75565390ms] GC(20972) Pause Young (Normal) (G1 Evacuation Pause) 3233M->2810M(3602M) 8.034ms
[2023-11-10T11:32:41.758-0800][75565390ms] GC(20972) User=0.02s Sys=0.00s Real=0.01s
[2023-11-10T11:32:42.316-0800][75565948ms] GC(20973) Pause Young (Normal) (G1 Evacuation Pause)
[2023-11-10T11:32:42.316-0800][75565948ms] GC(20973) Using 10 workers of 10 for evacuation
[2023-11-10T11:32:42.322-0800][75565954ms] GC(20973)   Pre Evacuate Collection Set: 0.0ms
[2023-11-10T11:32:42.322-0800][75565954ms] GC(20973)   Evacuate Collection Set: 2.3ms
[2023-11-10T11:32:42.322-0800][75565954ms] GC(20973)   Post Evacuate Collection Set: 3.9ms
[2023-11-10T11:32:42.322-0800][75565954ms] GC(20973)   Other: 0.3ms
[2023-11-10T11:32:42.322-0800][75565954ms] GC(20973) Eden regions: 212->0(212)
[2023-11-10T11:32:42.322-0800][75565954ms] GC(20973) Survivor regions: 1->1(27)
[2023-11-10T11:32:42.322-0800][75565954ms] GC(20973) Old regions: 1400->1400
[2023-11-10T11:32:42.322-0800][75565954ms] GC(20973) Humongous regions: 5->5
[2023-11-10T11:32:42.322-0800][75565954ms] GC(20973) Metaspace: 304828K->304828K(1347584K)
[2023-11-10T11:32:42.323-0800][75565955ms] GC(20973) Pause Young (Normal) (G1 Evacuation Pause) 3234M->2810M(3602M) 6.613ms
[2023-11-10T11:32:42.323-0800][75565955ms] GC(20973) User=0.00s Sys=0.00s Real=0.01s
[2023-11-10T11:32:42.830-0800][75566462ms] GC(20974) Pause Young (Normal) (G1 Evacuation Pause)
[2023-11-10T11:32:42.830-0800][75566462ms] GC(20974) Using 10 workers of 10 for evacuation
[2023-11-10T11:32:42.836-0800][75566468ms] GC(20974)   Pre Evacuate Collection Set: 0.0ms
[2023-11-10T11:32:42.836-0800][75566468ms] GC(20974)   Evacuate Collection Set: 2.0ms
[2023-11-10T11:32:42.836-0800][75566468ms] GC(20974)   Post Evacuate Collection Set: 3.5ms
[2023-11-10T11:32:42.836-0800][75566468ms] GC(20974)   Other: 0.3ms
[2023-11-10T11:32:42.836-0800][75566468ms] GC(20974) Eden regions: 212->0(212)
[2023-11-10T11:32:42.836-0800][75566468ms] GC(20974) Survivor regions: 1->1(27)
[2023-11-10T11:32:42.836-0800][75566468ms] GC(20974) Old regions: 1400->1400
[2023-11-10T11:32:42.836-0800][75566468ms] GC(20974) Humongous regions: 5->5
[2023-11-10T11:32:42.836-0800][75566468ms] GC(20974) Metaspace: 304828K->304828K(1347584K)
[2023-11-10T11:32:42.836-0800][75566468ms] GC(20974) Pause Young (Normal) (G1 Evacuation Pause) 3234M->2809M(3602M) 5.935ms
[2023-11-10T11:32:42.837-0800][75566469ms] GC(20974) User=0.00s Sys=0.00s Real=0.01s
[2023-11-10T11:32:43.414-0800][75567046ms] GC(20975) Pause Young (Normal) (G1 Evacuation Pause)
[2023-11-10T11:32:43.415-0800][75567047ms] GC(20975) Using 10 workers of 10 for evacuation
[2023-11-10T11:32:43.421-0800][75567053ms] GC(20975)   Pre Evacuate Collection Set: 0.1ms
[2023-11-10T11:32:43.421-0800][75567053ms] GC(20975)   Evacuate Collection Set: 1.9ms
[2023-11-10T11:32:43.421-0800][75567053ms] GC(20975)   Post Evacuate Collection Set: 4.4ms
[2023-11-10T11:32:43.421-0800][75567053ms] GC(20975)   Other: 0.5ms
[2023-11-10T11:32:43.421-0800][75567053ms] GC(20975) Eden regions: 212->0(212)
[2023-11-10T11:32:43.421-0800][75567053ms] GC(20975) Survivor regions: 1->1(27)
[2023-11-10T11:32:43.421-0800][75567053ms] GC(20975) Old regions: 1400->1400
[2023-11-10T11:32:43.421-0800][75567053ms] GC(20975) Humongous regions: 5->5
[2023-11-10T11:32:43.421-0800][75567053ms] GC(20975) Metaspace: 304828K->304828K(1347584K)
[2023-11-10T11:32:43.421-0800][75567053ms] GC(20975) Pause Young (Normal) (G1 Evacuation Pause) 3233M->2809M(3602M) 6.934ms
[2023-11-10T11:32:43.421-0800][75567053ms] GC(20975) User=0.00s Sys=0.00s Real=0.01s
[2023-11-10T11:32:43.903-0800][75567535ms] GC(20976) Pause Young (Normal) (G1 Evacuation Pause)
[2023-11-10T11:32:43.903-0800][75567535ms] GC(20976) Using 10 workers of 10 for evacuation
[2023-11-10T11:32:43.908-0800][75567540ms] GC(20976)   Pre Evacuate Collection Set: 0.0ms
[2023-11-10T11:32:43.908-0800][75567540ms] GC(20976)   Evacuate Collection Set: 1.7ms
[2023-11-10T11:32:43.908-0800][75567540ms] GC(20976)   Post Evacuate Collection Set: 3.3ms
[2023-11-10T11:32:43.908-0800][75567540ms] GC(20976)   Other: 0.2ms
[2023-11-10T11:32:43.908-0800][75567540ms] GC(20976) Eden regions: 212->0(212)
[2023-11-10T11:32:43.908-0800][75567540ms] GC(20976) Survivor regions: 1->1(27)
[2023-11-10T11:32:43.908-0800][75567540ms] GC(20976) Old regions: 1400->1400
[2023-11-10T11:32:43.908-0800][75567540ms] GC(20976) Humongous regions: 5->5
[2023-11-10T11:32:43.908-0800][75567540ms] GC(20976) Metaspace: 304828K->304828K(1347584K)
[2023-11-10T11:32:43.908-0800][75567540ms] GC(20976) Pause Young (Normal) (G1 Evacuation Pause) 3233M->2809M(3602M) 5.381ms
[2023-11-10T11:32:43.908-0800][75567540ms] GC(20976) User=0.00s Sys=0.00s Real=0.00s
[2023-11-10T11:32:44.474-0800][75568106ms] GC(20977) Pause Young (Normal) (G1 Evacuation Pause)
[2023-11-10T11:32:44.474-0800][75568106ms] GC(20977) Using 10 workers of 10 for evacuation
[2023-11-10T11:32:44.479-0800][75568111ms] GC(20977)   Pre Evacuate Collection Set: 0.0ms
[2023-11-10T11:32:44.479-0800][75568111ms] GC(20977)   Evacuate Collection Set: 1.6ms
[2023-11-10T11:32:44.479-0800][75568111ms] GC(20977)   Post Evacuate Collection Set: 3.1ms
[2023-11-10T11:32:44.479-0800][75568111ms] GC(20977)   Other: 0.3ms
[2023-11-10T11:32:44.479-0800][75568111ms] GC(20977) Eden regions: 212->0(212)
[2023-11-10T11:32:44.479-0800][75568111ms] GC(20977) Survivor regions: 1->1(27)
[2023-11-10T11:32:44.479-0800][75568111ms] GC(20977) Old regions: 1400->1400
[2023-11-10T11:32:44.479-0800][75568111ms] GC(20977) Humongous regions: 5->5
[2023-11-10T11:32:44.479-0800][75568111ms] GC(20977) Metaspace: 304828K->304828K(1347584K)
[2023-11-10T11:32:44.479-0800][75568111ms] GC(20977) Pause Young (Normal) (G1 Evacuation Pause) 3233M->2809M(3602M) 5.133ms
[2023-11-10T11:32:44.479-0800][75568111ms] GC(20977) User=0.02s Sys=0.00s Real=0.01s
[2023-11-10T11:32:44.945-0800][75568577ms] GC(20978) Pause Young (Normal) (G1 Evacuation Pause)
[2023-11-10T11:32:44.945-0800][75568577ms] GC(20978) Using 10 workers of 10 for evacuation
[2023-11-10T11:32:44.950-0800][75568582ms] GC(20978)   Pre Evacuate Collection Set: 0.0ms
[2023-11-10T11:32:44.951-0800][75568583ms] GC(20978)   Evacuate Collection Set: 1.8ms
[2023-11-10T11:32:44.951-0800][75568583ms] GC(20978)   Post Evacuate Collection Set: 3.2ms
[2023-11-10T11:32:44.951-0800][75568583ms] GC(20978)   Other: 0.3ms
[2023-11-10T11:32:44.951-0800][75568583ms] GC(20978) Eden regions: 212->0(212)
[2023-11-10T11:32:44.951-0800][75568583ms] GC(20978) Survivor regions: 1->1(27)
[2023-11-10T11:32:44.951-0800][75568583ms] GC(20978) Old regions: 1400->1400
[2023-11-10T11:32:44.951-0800][75568583ms] GC(20978) Humongous regions: 5->5
[2023-11-10T11:32:44.951-0800][75568583ms] GC(20978) Metaspace: 304828K->304828K(1347584K)
[2023-11-10T11:32:44.951-0800][75568583ms] GC(20978) Pause Young (Normal) (G1 Evacuation Pause) 3233M->2809M(3602M) 5.456ms
[2023-11-10T11:32:44.951-0800][75568583ms] GC(20978) User=0.00s Sys=0.00s Real=0.01s
[2023-11-10T11:32:45.542-0800][75569174ms] GC(20979) Pause Young (Normal) (G1 Evacuation Pause)
[2023-11-10T11:32:45.542-0800][75569174ms] GC(20979) Using 10 workers of 10 for evacuation
[2023-11-10T11:32:45.548-0800][75569180ms] GC(20979)   Pre Evacuate Collection Set: 0.0ms
[2023-11-10T11:32:45.548-0800][75569180ms] GC(20979)   Evacuate Collection Set: 1.7ms
[2023-11-10T11:32:45.548-0800][75569180ms] GC(20979)   Post Evacuate Collection Set: 3.2ms
[2023-11-10T11:32:45.548-0800][75569180ms] GC(20979)   Other: 0.3ms
[2023-11-10T11:32:45.548-0800][75569180ms] GC(20979) Eden regions: 212->0(212)
[2023-11-10T11:32:45.548-0800][75569180ms] GC(20979) Survivor regions: 1->1(27)
[2023-11-10T11:32:45.548-0800][75569180ms] GC(20979) Old regions: 1400->1400
[2023-11-10T11:32:45.548-0800][75569180ms] GC(20979) Humongous regions: 5->5
[2023-11-10T11:32:45.548-0800][75569180ms] GC(20979) Metaspace: 304828K->304828K(1347584K)
[2023-11-10T11:32:45.548-0800][75569180ms] GC(20979) Pause Young (Normal) (G1 Evacuation Pause) 3233M->2809M(3602M) 5.249ms
[2023-11-10T11:32:45.548-0800][75569180ms] GC(20979) User=0.00s Sys=0.00s Real=0.01s
[2023-11-10T11:32:46.025-0800][75569657ms] GC(20980) Pause Young (Normal) (G1 Evacuation Pause)
[2023-11-10T11:32:46.025-0800][75569657ms] GC(20980) Using 10 workers of 10 for evacuation
[2023-11-10T11:32:46.030-0800][75569662ms] GC(20980)   Pre Evacuate Collection Set: 0.0ms
[2023-11-10T11:32:46.030-0800][75569662ms] GC(20980)   Evacuate Collection Set: 1.8ms
[2023-11-10T11:32:46.030-0800][75569662ms] GC(20980)   Post Evacuate Collection Set: 3.1ms
[2023-11-10T11:32:46.030-0800][75569662ms] GC(20980)   Other: 0.3ms
[2023-11-10T11:32:46.030-0800][75569662ms] GC(20980) Eden regions: 212->0(212)
[2023-11-10T11:32:46.030-0800][75569662ms] GC(20980) Survivor regions: 1->1(27)
[2023-11-10T11:32:46.030-0800][75569662ms] GC(20980) Old regions: 1400->1400
[2023-11-10T11:32:46.030-0800][75569662ms] GC(20980) Humongous regions: 5->5
[2023-11-10T11:32:46.030-0800][75569662ms] GC(20980) Metaspace: 304828K->304828K(1347584K)
[2023-11-10T11:32:46.030-0800][75569662ms] GC(20980) Pause Young (Normal) (G1 Evacuation Pause) 3233M->2810M(3602M) 5.290ms
[2023-11-10T11:32:46.030-0800][75569662ms] GC(20980) User=0.00s Sys=0.00s Real=0.00s
[2023-11-10T11:32:46.509-0800][75570141ms] GC(20981) Pause Young (Normal) (G1 Evacuation Pause)
[2023-11-10T11:32:46.509-0800][75570141ms] GC(20981) Using 10 workers of 10 for evacuation
[2023-11-10T11:32:46.514-0800][75570146ms] GC(20981)   Pre Evacuate Collection Set: 0.0ms
[2023-11-10T11:32:46.514-0800][75570146ms] GC(20981)   Evacuate Collection Set: 1.9ms
[2023-11-10T11:32:46.514-0800][75570146ms] GC(20981)   Post Evacuate Collection Set: 3.0ms
[2023-11-10T11:32:46.514-0800][75570146ms] GC(20981)   Other: 0.3ms
[2023-11-10T11:32:46.514-0800][75570146ms] GC(20981) Eden regions: 212->0(212)
[2023-11-10T11:32:46.514-0800][75570146ms] GC(20981) Survivor regions: 1->1(27)
[2023-11-10T11:32:46.514-0800][75570146ms] GC(20981) Old regions: 1400->1400
[2023-11-10T11:32:46.514-0800][75570146ms] GC(20981) Humongous regions: 5->5
[2023-11-10T11:32:46.514-0800][75570146ms] GC(20981) Metaspace: 304828K->304828K(1347584K)
[2023-11-10T11:32:46.514-0800][75570146ms] GC(20981) Pause Young (Normal) (G1 Evacuation Pause) 3234M->2809M(3602M) 5.333ms
[2023-11-10T11:32:46.514-0800][75570146ms] GC(20981) User=0.00s Sys=0.00s Real=0.00s
[2023-11-10T11:32:47.012-0800][75570644ms] GC(20982) Pause Young (Normal) (G1 Evacuation Pause)
[2023-11-10T11:32:47.012-0800][75570644ms] GC(20982) Using 10 workers of 10 for evacuation
[2023-11-10T11:32:47.017-0800][75570649ms] GC(20982)   Pre Evacuate Collection Set: 0.0ms
[2023-11-10T11:32:47.017-0800][75570649ms] GC(20982)   Evacuate Collection Set: 1.7ms
[2023-11-10T11:32:47.017-0800][75570649ms] GC(20982)   Post Evacuate Collection Set: 3.1ms
[2023-11-10T11:32:47.017-0800][75570649ms] GC(20982)   Other: 0.3ms
[2023-11-10T11:32:47.017-0800][75570649ms] GC(20982) Eden regions: 212->0(212)
[2023-11-10T11:32:47.017-0800][75570649ms] GC(20982) Survivor regions: 1->1(27)
[2023-11-10T11:32:47.017-0800][75570649ms] GC(20982) Old regions: 1400->1400
[2023-11-10T11:32:47.017-0800][75570649ms] GC(20982) Humongous regions: 5->5
[2023-11-10T11:32:47.017-0800][75570649ms] GC(20982) Metaspace: 304828K->304828K(1347584K)
[2023-11-10T11:32:47.017-0800][75570649ms] GC(20982) Pause Young (Normal) (G1 Evacuation Pause) 3233M->2809M(3602M) 5.205ms
[2023-11-10T11:32:47.017-0800][75570649ms] GC(20982) User=0.00s Sys=0.00s Real=0.00s
[2023-11-10T11:32:47.441-0800][75571073ms] GC(20983) Pause Young (Normal) (G1 Evacuation Pause)
[2023-11-10T11:32:47.441-0800][75571073ms] GC(20983) Using 10 workers of 10 for evacuation
[2023-11-10T11:32:47.446-0800][75571078ms] GC(20983)   Pre Evacuate Collection Set: 0.0ms
[2023-11-10T11:32:47.446-0800][75571078ms] GC(20983)   Evacuate Collection Set: 1.7ms
[2023-11-10T11:32:47.446-0800][75571078ms] GC(20983)   Post Evacuate Collection Set: 3.3ms
[2023-11-10T11:32:47.446-0800][75571078ms] GC(20983)   Other: 0.3ms
[2023-11-10T11:32:47.446-0800][75571078ms] GC(20983) Eden regions: 212->0(212)
[2023-11-10T11:32:47.446-0800][75571078ms] GC(20983) Survivor regions: 1->1(27)
[2023-11-10T11:32:47.446-0800][75571078ms] GC(20983) Old regions: 1400->1400
[2023-11-10T11:32:47.446-0800][75571078ms] GC(20983) Humongous regions: 5->5
[2023-11-10T11:32:47.446-0800][75571078ms] GC(20983) Metaspace: 304828K->304828K(1347584K)
[2023-11-10T11:32:47.446-0800][75571078ms] GC(20983) Pause Young (Normal) (G1 Evacuation Pause) 3233M->2809M(3602M) 5.456ms
[2023-11-10T11:32:47.446-0800][75571078ms] GC(20983) User=0.00s Sys=0.00s Real=0.01s
[2023-11-10T11:32:47.944-0800][75571576ms] GC(20984) Pause Young (Normal) (G1 Evacuation Pause)
[2023-11-10T11:32:47.944-0800][75571576ms] GC(20984) Using 10 workers of 10 for evacuation
[2023-11-10T11:32:47.950-0800][75571582ms] GC(20984)   Pre Evacuate Collection Set: 0.0ms
[2023-11-10T11:32:47.950-0800][75571582ms] GC(20984)   Evacuate Collection Set: 1.7ms
[2023-11-10T11:32:47.950-0800][75571582ms] GC(20984)   Post Evacuate Collection Set: 3.0ms
[2023-11-10T11:32:47.950-0800][75571582ms] GC(20984)   Other: 0.3ms
[2023-11-10T11:32:47.950-0800][75571582ms] GC(20984) Eden regions: 212->0(212)
[2023-11-10T11:32:47.950-0800][75571582ms] GC(20984) Survivor regions: 1->1(27)
[2023-11-10T11:32:47.950-0800][75571582ms] GC(20984) Old regions: 1400->1400
[2023-11-10T11:32:47.950-0800][75571582ms] GC(20984) Humongous regions: 5->5
[2023-11-10T11:32:47.950-0800][75571582ms] GC(20984) Metaspace: 304828K->304828K(1347584K)
[2023-11-10T11:32:47.950-0800][75571582ms] GC(20984) Pause Young (Normal) (G1 Evacuation Pause) 3233M->2809M(3602M) 5.158ms
[2023-11-10T11:32:47.950-0800][75571582ms] GC(20984) User=0.00s Sys=0.00s Real=0.01s
[2023-11-10T11:32:48.483-0800][75572115ms] GC(20985) Pause Young (Normal) (G1 Evacuation Pause)
[2023-11-10T11:32:48.483-0800][75572115ms] GC(20985) Using 10 workers of 10 for evacuation
[2023-11-10T11:32:48.489-0800][75572121ms] GC(20985)   Pre Evacuate Collection Set: 0.0ms
[2023-11-10T11:32:48.489-0800][75572121ms] GC(20985)   Evacuate Collection Set: 1.8ms
[2023-11-10T11:32:48.489-0800][75572121ms] GC(20985)   Post Evacuate Collection Set: 3.3ms
[2023-11-10T11:32:48.489-0800][75572121ms] GC(20985)   Other: 0.3ms
[2023-11-10T11:32:48.489-0800][75572121ms] GC(20985) Eden regions: 212->0(212)
[2023-11-10T11:32:48.489-0800][75572121ms] GC(20985) Survivor regions: 1->1(27)
[2023-11-10T11:32:48.489-0800][75572121ms] GC(20985) Old regions: 1400->1400
[2023-11-10T11:32:48.489-0800][75572121ms] GC(20985) Humongous regions: 5->5
[2023-11-10T11:32:48.489-0800][75572121ms] GC(20985) Metaspace: 304828K->304828K(1347584K)
[2023-11-10T11:32:48.489-0800][75572121ms] GC(20985) Pause Young (Normal) (G1 Evacuation Pause) 3233M->2809M(3602M) 5.566ms
[2023-11-10T11:32:48.489-0800][75572121ms] GC(20985) User=0.00s Sys=0.00s Real=0.01s
[2023-11-10T11:32:48.938-0800][75572570ms] GC(20986) Pause Young (Normal) (G1 Evacuation Pause)
[2023-11-10T11:32:48.938-0800][75572570ms] GC(20986) Using 10 workers of 10 for evacuation
[2023-11-10T11:32:48.944-0800][75572576ms] GC(20986)   Pre Evacuate Collection Set: 0.0ms
[2023-11-10T11:32:48.944-0800][75572576ms] GC(20986)   Evacuate Collection Set: 1.8ms
[2023-11-10T11:32:48.944-0800][75572576ms] GC(20986)   Post Evacuate Collection Set: 3.8ms
[2023-11-10T11:32:48.944-0800][75572576ms] GC(20986)   Other: 0.3ms
[2023-11-10T11:32:48.944-0800][75572576ms] GC(20986) Eden regions: 212->0(212)
[2023-11-10T11:32:48.944-0800][75572576ms] GC(20986) Survivor regions: 1->1(27)
[2023-11-10T11:32:48.944-0800][75572576ms] GC(20986) Old regions: 1400->1400
[2023-11-10T11:32:48.944-0800][75572576ms] GC(20986) Humongous regions: 5->5
[2023-11-10T11:32:48.944-0800][75572576ms] GC(20986) Metaspace: 304828K->304828K(1347584K)
[2023-11-10T11:32:48.944-0800][75572576ms] GC(20986) Pause Young (Normal) (G1 Evacuation Pause) 3233M->2809M(3602M) 6.233ms
[2023-11-10T11:32:48.944-0800][75572576ms] GC(20986) User=0.00s Sys=0.00s Real=0.01s
[2023-11-10T11:32:49.476-0800][75573108ms] GC(20987) Pause Young (Normal) (G1 Evacuation Pause)
[2023-11-10T11:32:49.476-0800][75573108ms] GC(20987) Using 10 workers of 10 for evacuation
[2023-11-10T11:32:49.482-0800][75573114ms] GC(20987)   Pre Evacuate Collection Set: 0.1ms
[2023-11-10T11:32:49.482-0800][75573114ms] GC(20987)   Evacuate Collection Set: 2.1ms
[2023-11-10T11:32:49.482-0800][75573114ms] GC(20987)   Post Evacuate Collection Set: 3.5ms
[2023-11-10T11:32:49.482-0800][75573114ms] GC(20987)   Other: 0.3ms
[2023-11-10T11:32:49.482-0800][75573114ms] GC(20987) Eden regions: 212->0(213)
[2023-11-10T11:32:49.482-0800][75573114ms] GC(20987) Survivor regions: 1->1(27)
[2023-11-10T11:32:49.482-0800][75573114ms] GC(20987) Old regions: 1400->1400
[2023-11-10T11:32:49.482-0800][75573114ms] GC(20987) Humongous regions: 5->5
[2023-11-10T11:32:49.482-0800][75573114ms] GC(20987) Metaspace: 304828K->304828K(1347584K)
[2023-11-10T11:32:49.482-0800][75573114ms] GC(20987) Pause Young (Normal) (G1 Evacuation Pause) 3233M->2809M(3602M) 5.982ms
[2023-11-10T11:32:49.482-0800][75573114ms] GC(20987) User=0.00s Sys=0.00s Real=0.01s
[2023-11-10T11:32:50.036-0800][75573668ms] GC(20988) Pause Young (Normal) (G1 Evacuation Pause)
[2023-11-10T11:32:50.036-0800][75573668ms] GC(20988) Using 10 workers of 10 for evacuation
[2023-11-10T11:32:50.040-0800][75573672ms] GC(20988)   Pre Evacuate Collection Set: 0.0ms
[2023-11-10T11:32:50.041-0800][75573673ms] GC(20988)   Evacuate Collection Set: 1.6ms
[2023-11-10T11:32:50.041-0800][75573673ms] GC(20988)   Post Evacuate Collection Set: 3.1ms
[2023-11-10T11:32:50.041-0800][75573673ms] GC(20988)   Other: 0.3ms
[2023-11-10T11:32:50.041-0800][75573673ms] GC(20988) Eden regions: 213->0(213)
[2023-11-10T11:32:50.041-0800][75573673ms] GC(20988) Survivor regions: 1->1(27)
[2023-11-10T11:32:50.041-0800][75573673ms] GC(20988) Old regions: 1400->1400
[2023-11-10T11:32:50.041-0800][75573673ms] GC(20988) Humongous regions: 5->5
[2023-11-10T11:32:50.041-0800][75573673ms] GC(20988) Metaspace: 304828K->304828K(1347584K)
[2023-11-10T11:32:50.041-0800][75573673ms] GC(20988) Pause Young (Normal) (G1 Evacuation Pause) 3235M->2809M(3602M) 5.086ms
[2023-11-10T11:32:50.041-0800][75573673ms] GC(20988) User=0.02s Sys=0.00s Real=0.00s
[2023-11-10T11:32:50.574-0800][75574206ms] GC(20989) Pause Young (Normal) (G1 Evacuation Pause)
[2023-11-10T11:32:50.574-0800][75574206ms] GC(20989) Using 10 workers of 10 for evacuation
[2023-11-10T11:32:50.582-0800][75574214ms] GC(20989)   Pre Evacuate Collection Set: 0.1ms
[2023-11-10T11:32:50.582-0800][75574214ms] GC(20989)   Evacuate Collection Set: 2.5ms
[2023-11-10T11:32:50.582-0800][75574214ms] GC(20989)   Post Evacuate Collection Set: 4.5ms
[2023-11-10T11:32:50.582-0800][75574214ms] GC(20989)   Other: 0.3ms
[2023-11-10T11:32:50.582-0800][75574214ms] GC(20989) Eden regions: 213->0(213)
[2023-11-10T11:32:50.582-0800][75574214ms] GC(20989) Survivor regions: 1->1(27)
[2023-11-10T11:32:50.582-0800][75574214ms] GC(20989) Old regions: 1400->1400
[2023-11-10T11:32:50.582-0800][75574214ms] GC(20989) Humongous regions: 5->5
[2023-11-10T11:32:50.582-0800][75574214ms] GC(20989) Metaspace: 304828K->304828K(1347584K)
[2023-11-10T11:32:50.582-0800][75574214ms] GC(20989) Pause Young (Normal) (G1 Evacuation Pause) 3235M->2810M(3602M) 7.588ms
[2023-11-10T11:32:50.583-0800][75574215ms] GC(20989) User=0.00s Sys=0.00s Real=0.01s
[2023-11-10T11:32:51.158-0800][75574790ms] GC(20990) Pause Young (Normal) (G1 Evacuation Pause)
[2023-11-10T11:32:51.158-0800][75574790ms] GC(20990) Using 10 workers of 10 for evacuation
[2023-11-10T11:32:51.167-0800][75574799ms] GC(20990)   Pre Evacuate Collection Set: 0.1ms
[2023-11-10T11:32:51.167-0800][75574799ms] GC(20990)   Evacuate Collection Set: 2.7ms
[2023-11-10T11:32:51.168-0800][75574800ms] GC(20990)   Post Evacuate Collection Set: 6.4ms
[2023-11-10T11:32:51.168-0800][75574800ms] GC(20990)   Other: 0.3ms
[2023-11-10T11:32:51.168-0800][75574800ms] GC(20990) Eden regions: 213->0(213)
[2023-11-10T11:32:51.168-0800][75574800ms] GC(20990) Survivor regions: 1->1(27)
[2023-11-10T11:32:51.168-0800][75574800ms] GC(20990) Old regions: 1400->1400
[2023-11-10T11:32:51.168-0800][75574800ms] GC(20990) Humongous regions: 5->5
[2023-11-10T11:32:51.168-0800][75574800ms] GC(20990) Metaspace: 304828K->304828K(1347584K)
[2023-11-10T11:32:51.168-0800][75574800ms] GC(20990) Pause Young (Normal) (G1 Evacuation Pause) 3236M->2809M(3602M) 9.721ms
[2023-11-10T11:32:51.168-0800][75574800ms] GC(20990) User=0.00s Sys=0.00s Real=0.01s
[2023-11-10T11:32:51.657-0800][75575289ms] GC(20991) Pause Young (Normal) (G1 Evacuation Pause)
[2023-11-10T11:32:51.657-0800][75575289ms] GC(20991) Using 10 workers of 10 for evacuation
[2023-11-10T11:32:51.663-0800][75575295ms] GC(20991)   Pre Evacuate Collection Set: 0.1ms
[2023-11-10T11:32:51.663-0800][75575295ms] GC(20991)   Evacuate Collection Set: 2.7ms
[2023-11-10T11:32:51.663-0800][75575295ms] GC(20991)   Post Evacuate Collection Set: 3.8ms
[2023-11-10T11:32:51.663-0800][75575295ms] GC(20991)   Other: 0.4ms
[2023-11-10T11:32:51.663-0800][75575295ms] GC(20991) Eden regions: 213->0(213)
[2023-11-10T11:32:51.663-0800][75575295ms] GC(20991) Survivor regions: 1->1(27)
[2023-11-10T11:32:51.663-0800][75575295ms] GC(20991) Old regions: 1400->1400
[2023-11-10T11:32:51.663-0800][75575295ms] GC(20991) Humongous regions: 5->5
[2023-11-10T11:32:51.663-0800][75575295ms] GC(20991) Metaspace: 304828K->304828K(1347584K)
[2023-11-10T11:32:51.663-0800][75575295ms] GC(20991) Pause Young (Normal) (G1 Evacuation Pause) 3235M->2810M(3602M) 6.981ms
[2023-11-10T11:32:51.663-0800][75575295ms] GC(20991) User=0.00s Sys=0.00s Real=0.01s
[2023-11-10T11:32:52.241-0800][75575873ms] GC(20992) Pause Young (Normal) (G1 Evacuation Pause)
[2023-11-10T11:32:52.241-0800][75575873ms] GC(20992) Using 10 workers of 10 for evacuation
[2023-11-10T11:32:52.249-0800][75575881ms] GC(20992)   Pre Evacuate Collection Set: 0.1ms
[2023-11-10T11:32:52.249-0800][75575881ms] GC(20992)   Evacuate Collection Set: 3.2ms
[2023-11-10T11:32:52.249-0800][75575881ms] GC(20992)   Post Evacuate Collection Set: 4.3ms
[2023-11-10T11:32:52.249-0800][75575881ms] GC(20992)   Other: 0.3ms
[2023-11-10T11:32:52.249-0800][75575881ms] GC(20992) Eden regions: 213->0(213)
[2023-11-10T11:32:52.249-0800][75575881ms] GC(20992) Survivor regions: 1->1(27)
[2023-11-10T11:32:52.249-0800][75575881ms] GC(20992) Old regions: 1400->1400
[2023-11-10T11:32:52.249-0800][75575881ms] GC(20992) Humongous regions: 5->5
[2023-11-10T11:32:52.249-0800][75575881ms] GC(20992) Metaspace: 304828K->304828K(1347584K)
[2023-11-10T11:32:52.249-0800][75575881ms] GC(20992) Pause Young (Normal) (G1 Evacuation Pause) 3236M->2809M(3602M) 8.112ms
[2023-11-10T11:32:52.249-0800][75575881ms] GC(20992) User=0.02s Sys=0.00s Real=0.01s
[2023-11-10T11:32:52.862-0800][75576494ms] GC(20993) Pause Young (Normal) (G1 Evacuation Pause)
[2023-11-10T11:32:52.862-0800][75576494ms] GC(20993) Using 10 workers of 10 for evacuation
[2023-11-10T11:32:52.868-0800][75576500ms] GC(20993)   Pre Evacuate Collection Set: 0.0ms
[2023-11-10T11:32:52.868-0800][75576500ms] GC(20993)   Evacuate Collection Set: 1.6ms
[2023-11-10T11:32:52.868-0800][75576500ms] GC(20993)   Post Evacuate Collection Set: 3.3ms
[2023-11-10T11:32:52.868-0800][75576500ms] GC(20993)   Other: 0.3ms
[2023-11-10T11:32:52.868-0800][75576500ms] GC(20993) Eden regions: 213->0(213)
[2023-11-10T11:32:52.868-0800][75576500ms] GC(20993) Survivor regions: 1->1(27)
[2023-11-10T11:32:52.868-0800][75576500ms] GC(20993) Old regions: 1400->1400
[2023-11-10T11:32:52.868-0800][75576500ms] GC(20993) Humongous regions: 5->5
[2023-11-10T11:32:52.868-0800][75576500ms] GC(20993) Metaspace: 304828K->304828K(1347584K)
[2023-11-10T11:32:52.868-0800][75576500ms] GC(20993) Pause Young (Normal) (G1 Evacuation Pause) 3235M->2809M(3602M) 5.263ms
[2023-11-10T11:32:52.868-0800][75576500ms] GC(20993) User=0.00s Sys=0.00s Real=0.01s
[2023-11-10T11:32:53.422-0800][75577054ms] GC(20994) Pause Young (Normal) (G1 Evacuation Pause)
[2023-11-10T11:32:53.422-0800][75577054ms] GC(20994) Using 10 workers of 10 for evacuation
[2023-11-10T11:32:53.430-0800][75577062ms] GC(20994)   Pre Evacuate Collection Set: 0.0ms
[2023-11-10T11:32:53.431-0800][75577063ms] GC(20994)   Evacuate Collection Set: 2.8ms
[2023-11-10T11:32:53.431-0800][75577063ms] GC(20994)   Post Evacuate Collection Set: 5.2ms
[2023-11-10T11:32:53.431-0800][75577063ms] GC(20994)   Other: 0.4ms
[2023-11-10T11:32:53.431-0800][75577063ms] GC(20994) Eden regions: 213->0(213)
[2023-11-10T11:32:53.431-0800][75577063ms] GC(20994) Survivor regions: 1->1(27)
[2023-11-10T11:32:53.431-0800][75577063ms] GC(20994) Old regions: 1400->1400
[2023-11-10T11:32:53.431-0800][75577063ms] GC(20994) Humongous regions: 5->5
[2023-11-10T11:32:53.431-0800][75577063ms] GC(20994) Metaspace: 304828K->304828K(1347584K)
[2023-11-10T11:32:53.431-0800][75577063ms] GC(20994) Pause Young (Normal) (G1 Evacuation Pause) 3235M->2810M(3602M) 8.611ms
[2023-11-10T11:32:53.431-0800][75577063ms] GC(20994) User=0.00s Sys=0.00s Real=0.01s
[2023-11-10T11:32:53.980-0800][75577612ms] GC(20995) Pause Young (Normal) (G1 Evacuation Pause)
[2023-11-10T11:32:53.980-0800][75577612ms] GC(20995) Using 10 workers of 10 for evacuation
[2023-11-10T11:32:53.985-0800][75577617ms] GC(20995)   Pre Evacuate Collection Set: 0.1ms
[2023-11-10T11:32:53.985-0800][75577617ms] GC(20995)   Evacuate Collection Set: 2.1ms
[2023-11-10T11:32:53.985-0800][75577617ms] GC(20995)   Post Evacuate Collection Set: 3.0ms
[2023-11-10T11:32:53.985-0800][75577617ms] GC(20995)   Other: 0.3ms
[2023-11-10T11:32:53.985-0800][75577617ms] GC(20995) Eden regions: 213->0(213)
[2023-11-10T11:32:53.985-0800][75577617ms] GC(20995) Survivor regions: 1->1(27)
[2023-11-10T11:32:53.985-0800][75577617ms] GC(20995) Old regions: 1400->1400
[2023-11-10T11:32:53.985-0800][75577617ms] GC(20995) Humongous regions: 5->5
[2023-11-10T11:32:53.985-0800][75577617ms] GC(20995) Metaspace: 304828K->304828K(1347584K)
[2023-11-10T11:32:53.985-0800][75577617ms] GC(20995) Pause Young (Normal) (G1 Evacuation Pause) 3236M->2810M(3602M) 5.523ms
[2023-11-10T11:32:53.986-0800][75577618ms] GC(20995) User=0.00s Sys=0.00s Real=0.01s
[2023-11-10T11:32:54.508-0800][75578140ms] GC(20996) Pause Young (Normal) (G1 Evacuation Pause)
[2023-11-10T11:32:54.508-0800][75578140ms] GC(20996) Using 10 workers of 10 for evacuation
[2023-11-10T11:32:54.513-0800][75578145ms] GC(20996)   Pre Evacuate Collection Set: 0.1ms
[2023-11-10T11:32:54.513-0800][75578145ms] GC(20996)   Evacuate Collection Set: 1.6ms
[2023-11-10T11:32:54.513-0800][75578145ms] GC(20996)   Post Evacuate Collection Set: 3.0ms
[2023-11-10T11:32:54.513-0800][75578145ms] GC(20996)   Other: 0.3ms
[2023-11-10T11:32:54.513-0800][75578145ms] GC(20996) Eden regions: 213->0(213)
[2023-11-10T11:32:54.513-0800][75578145ms] GC(20996) Survivor regions: 1->1(27)
[2023-11-10T11:32:54.513-0800][75578145ms] GC(20996) Old regions: 1400->1400
[2023-11-10T11:32:54.513-0800][75578145ms] GC(20996) Humongous regions: 5->5
[2023-11-10T11:32:54.513-0800][75578145ms] GC(20996) Metaspace: 304828K->304828K(1347584K)
[2023-11-10T11:32:54.513-0800][75578145ms] GC(20996) Pause Young (Normal) (G1 Evacuation Pause) 3236M->2810M(3602M) 5.024ms
[2023-11-10T11:32:54.513-0800][75578145ms] GC(20996) User=0.00s Sys=0.00s Real=0.01s
[2023-11-10T11:32:54.987-0800][75578619ms] GC(20997) Pause Young (Normal) (G1 Evacuation Pause)
[2023-11-10T11:32:54.987-0800][75578619ms] GC(20997) Using 10 workers of 10 for evacuation
[2023-11-10T11:32:54.994-0800][75578626ms] GC(20997)   Pre Evacuate Collection Set: 0.0ms
[2023-11-10T11:32:54.994-0800][75578626ms] GC(20997)   Evacuate Collection Set: 2.3ms
[2023-11-10T11:32:54.994-0800][75578626ms] GC(20997)   Post Evacuate Collection Set: 4.1ms
[2023-11-10T11:32:54.994-0800][75578626ms] GC(20997)   Other: 0.3ms
[2023-11-10T11:32:54.994-0800][75578626ms] GC(20997) Eden regions: 213->0(213)
[2023-11-10T11:32:54.994-0800][75578626ms] GC(20997) Survivor regions: 1->1(27)
[2023-11-10T11:32:54.994-0800][75578626ms] GC(20997) Old regions: 1400->1400
[2023-11-10T11:32:54.994-0800][75578626ms] GC(20997) Humongous regions: 5->5
[2023-11-10T11:32:54.994-0800][75578626ms] GC(20997) Metaspace: 304828K->304828K(1347584K)
[2023-11-10T11:32:54.994-0800][75578626ms] GC(20997) Pause Young (Normal) (G1 Evacuation Pause) 3236M->2810M(3602M) 6.901ms
[2023-11-10T11:32:54.994-0800][75578626ms] GC(20997) User=0.00s Sys=0.00s Real=0.01s
[2023-11-10T11:32:55.534-0800][75579166ms] GC(20998) Pause Young (Normal) (G1 Evacuation Pause)
[2023-11-10T11:32:55.534-0800][75579166ms] GC(20998) Using 10 workers of 10 for evacuation
[2023-11-10T11:32:55.539-0800][75579171ms] GC(20998)   Pre Evacuate Collection Set: 0.0ms
[2023-11-10T11:32:55.539-0800][75579171ms] GC(20998)   Evacuate Collection Set: 1.7ms
[2023-11-10T11:32:55.539-0800][75579171ms] GC(20998)   Post Evacuate Collection Set: 3.1ms
[2023-11-10T11:32:55.539-0800][75579171ms] GC(20998)   Other: 0.3ms
[2023-11-10T11:32:55.539-0800][75579171ms] GC(20998) Eden regions: 213->0(213)
[2023-11-10T11:32:55.539-0800][75579171ms] GC(20998) Survivor regions: 1->1(27)
[2023-11-10T11:32:55.539-0800][75579171ms] GC(20998) Old regions: 1400->1400
[2023-11-10T11:32:55.539-0800][75579171ms] GC(20998) Humongous regions: 5->5
[2023-11-10T11:32:55.539-0800][75579171ms] GC(20998) Metaspace: 304828K->304828K(1347584K)
[2023-11-10T11:32:55.539-0800][75579171ms] GC(20998) Pause Young (Normal) (G1 Evacuation Pause) 3236M->2810M(3602M) 5.241ms
[2023-11-10T11:32:55.539-0800][75579171ms] GC(20998) User=0.00s Sys=0.00s Real=0.01s
[2023-11-10T11:32:56.058-0800][75579690ms] GC(20999) Pause Young (Normal) (G1 Evacuation Pause)
[2023-11-10T11:32:56.058-0800][75579690ms] GC(20999) Using 10 workers of 10 for evacuation
[2023-11-10T11:32:56.064-0800][75579696ms] GC(20999)   Pre Evacuate Collection Set: 0.0ms
[2023-11-10T11:32:56.064-0800][75579696ms] GC(20999)   Evacuate Collection Set: 1.7ms
[2023-11-10T11:32:56.064-0800][75579696ms] GC(20999)   Post Evacuate Collection Set: 3.1ms
[2023-11-10T11:32:56.064-0800][75579696ms] GC(20999)   Other: 0.2ms
[2023-11-10T11:32:56.064-0800][75579696ms] GC(20999) Eden regions: 213->0(213)
[2023-11-10T11:32:56.064-0800][75579696ms] GC(20999) Survivor regions: 1->1(27)
[2023-11-10T11:32:56.064-0800][75579696ms] GC(20999) Old regions: 1400->1400
[2023-11-10T11:32:56.064-0800][75579696ms] GC(20999) Humongous regions: 5->5
[2023-11-10T11:32:56.064-0800][75579696ms] GC(20999) Metaspace: 304828K->304828K(1347584K)
[2023-11-10T11:32:56.064-0800][75579696ms] GC(20999) Pause Young (Normal) (G1 Evacuation Pause) 3236M->2810M(3602M) 5.200ms
[2023-11-10T11:32:56.064-0800][75579696ms] GC(20999) User=0.00s Sys=0.00s Real=0.01s
[2023-11-10T11:32:56.608-0800][75580240ms] GC(21000) Pause Young (Normal) (G1 Evacuation Pause)
[2023-11-10T11:32:56.608-0800][75580240ms] GC(21000) Using 10 workers of 10 for evacuation
[2023-11-10T11:32:56.614-0800][75580246ms] GC(21000)   Pre Evacuate Collection Set: 0.0ms
[2023-11-10T11:32:56.614-0800][75580246ms] GC(21000)   Evacuate Collection Set: 1.8ms
[2023-11-10T11:32:56.614-0800][75580246ms] GC(21000)   Post Evacuate Collection Set: 4.0ms
[2023-11-10T11:32:56.614-0800][75580246ms] GC(21000)   Other: 0.3ms
[2023-11-10T11:32:56.614-0800][75580246ms] GC(21000) Eden regions: 213->0(213)
[2023-11-10T11:32:56.614-0800][75580246ms] GC(21000) Survivor regions: 1->1(27)
[2023-11-10T11:32:56.614-0800][75580246ms] GC(21000) Old regions: 1400->1400
[2023-11-10T11:32:56.614-0800][75580246ms] GC(21000) Humongous regions: 5->5
[2023-11-10T11:32:56.614-0800][75580246ms] GC(21000) Metaspace: 304828K->304828K(1347584K)
[2023-11-10T11:32:56.614-0800][75580246ms] GC(21000) Pause Young (Normal) (G1 Evacuation Pause) 3236M->2810M(3602M) 6.338ms
[2023-11-10T11:32:56.614-0800][75580246ms] GC(21000) User=0.00s Sys=0.00s Real=0.01s
[2023-11-10T11:32:57.132-0800][75580764ms] GC(21001) Pause Young (Normal) (G1 Evacuation Pause)
[2023-11-10T11:32:57.132-0800][75580764ms] GC(21001) Using 10 workers of 10 for evacuation
[2023-11-10T11:32:57.139-0800][75580771ms] GC(21001)   Pre Evacuate Collection Set: 0.0ms
[2023-11-10T11:32:57.139-0800][75580771ms] GC(21001)   Evacuate Collection Set: 1.7ms
[2023-11-10T11:32:57.139-0800][75580771ms] GC(21001)   Post Evacuate Collection Set: 4.1ms
[2023-11-10T11:32:57.139-0800][75580771ms] GC(21001)   Other: 0.3ms
[2023-11-10T11:32:57.139-0800][75580771ms] GC(21001) Eden regions: 213->0(213)
[2023-11-10T11:32:57.139-0800][75580771ms] GC(21001) Survivor regions: 1->1(27)
[2023-11-10T11:32:57.139-0800][75580771ms] GC(21001) Old regions: 1400->1400
[2023-11-10T11:32:57.139-0800][75580771ms] GC(21001) Humongous regions: 5->5
[2023-11-10T11:32:57.139-0800][75580771ms] GC(21001) Metaspace: 304828K->304828K(1347584K)
[2023-11-10T11:32:57.139-0800][75580771ms] GC(21001) Pause Young (Normal) (G1 Evacuation Pause) 3236M->2810M(3602M) 6.183ms
[2023-11-10T11:32:57.139-0800][75580771ms] GC(21001) User=0.00s Sys=0.00s Real=0.01s
[2023-11-10T11:32:57.650-0800][75581282ms] GC(21002) Pause Young (Normal) (G1 Evacuation Pause)
[2023-11-10T11:32:57.650-0800][75581282ms] GC(21002) Using 10 workers of 10 for evacuation
[2023-11-10T11:32:57.655-0800][75581287ms] GC(21002)   Pre Evacuate Collection Set: 0.0ms
[2023-11-10T11:32:57.655-0800][75581287ms] GC(21002)   Evacuate Collection Set: 1.7ms
[2023-11-10T11:32:57.655-0800][75581287ms] GC(21002)   Post Evacuate Collection Set: 3.4ms
[2023-11-10T11:32:57.656-0800][75581288ms] GC(21002)   Other: 0.3ms
[2023-11-10T11:32:57.656-0800][75581288ms] GC(21002) Eden regions: 213->0(213)
[2023-11-10T11:32:57.656-0800][75581288ms] GC(21002) Survivor regions: 1->1(27)
[2023-11-10T11:32:57.656-0800][75581288ms] GC(21002) Old regions: 1400->1400
[2023-11-10T11:32:57.656-0800][75581288ms] GC(21002) Humongous regions: 5->5
[2023-11-10T11:32:57.656-0800][75581288ms] GC(21002) Metaspace: 304828K->304828K(1347584K)
[2023-11-10T11:32:57.656-0800][75581288ms] GC(21002) Pause Young (Normal) (G1 Evacuation Pause) 3236M->2810M(3602M) 5.454ms
[2023-11-10T11:32:57.656-0800][75581288ms] GC(21002) User=0.00s Sys=0.00s Real=0.01s
[2023-11-10T11:32:58.230-0800][75581862ms] GC(21003) Pause Young (Normal) (G1 Evacuation Pause)
[2023-11-10T11:32:58.230-0800][75581862ms] GC(21003) Using 10 workers of 10 for evacuation
[2023-11-10T11:32:58.235-0800][75581867ms] GC(21003)   Pre Evacuate Collection Set: 0.0ms
[2023-11-10T11:32:58.235-0800][75581867ms] GC(21003)   Evacuate Collection Set: 1.7ms
[2023-11-10T11:32:58.235-0800][75581867ms] GC(21003)   Post Evacuate Collection Set: 3.0ms
[2023-11-10T11:32:58.235-0800][75581867ms] GC(21003)   Other: 0.3ms
[2023-11-10T11:32:58.235-0800][75581867ms] GC(21003) Eden regions: 213->0(213)
[2023-11-10T11:32:58.235-0800][75581867ms] GC(21003) Survivor regions: 1->1(27)
[2023-11-10T11:32:58.235-0800][75581867ms] GC(21003) Old regions: 1400->1400
[2023-11-10T11:32:58.235-0800][75581867ms] GC(21003) Humongous regions: 5->5
[2023-11-10T11:32:58.235-0800][75581867ms] GC(21003) Metaspace: 304828K->304828K(1347584K)
[2023-11-10T11:32:58.235-0800][75581867ms] GC(21003) Pause Young (Normal) (G1 Evacuation Pause) 3236M->2810M(3602M) 5.151ms
[2023-11-10T11:32:58.235-0800][75581867ms] GC(21003) User=0.00s Sys=0.00s Real=0.00s
[2023-11-10T11:32:58.811-0800][75582443ms] GC(21004) Pause Young (Normal) (G1 Evacuation Pause)
[2023-11-10T11:32:58.811-0800][75582443ms] GC(21004) Using 10 workers of 10 for evacuation
[2023-11-10T11:32:58.816-0800][75582448ms] GC(21004)   Pre Evacuate Collection Set: 0.0ms
[2023-11-10T11:32:58.817-0800][75582449ms] GC(21004)   Evacuate Collection Set: 1.8ms
[2023-11-10T11:32:58.817-0800][75582449ms] GC(21004)   Post Evacuate Collection Set: 3.3ms
[2023-11-10T11:32:58.817-0800][75582449ms] GC(21004)   Other: 0.3ms
[2023-11-10T11:32:58.817-0800][75582449ms] GC(21004) Eden regions: 213->0(213)
[2023-11-10T11:32:58.817-0800][75582449ms] GC(21004) Survivor regions: 1->1(27)
[2023-11-10T11:32:58.817-0800][75582449ms] GC(21004) Old regions: 1400->1400
[2023-11-10T11:32:58.817-0800][75582449ms] GC(21004) Humongous regions: 5->5
[2023-11-10T11:32:58.817-0800][75582449ms] GC(21004) Metaspace: 304828K->304828K(1347584K)
[2023-11-10T11:32:58.817-0800][75582449ms] GC(21004) Pause Young (Normal) (G1 Evacuation Pause) 3236M->2810M(3602M) 5.677ms
[2023-11-10T11:32:58.817-0800][75582449ms] GC(21004) User=0.00s Sys=0.00s Real=0.01s
[2023-11-10T11:32:59.387-0800][75583019ms] GC(21005) Pause Young (Normal) (G1 Evacuation Pause)
[2023-11-10T11:32:59.387-0800][75583019ms] GC(21005) Using 10 workers of 10 for evacuation
[2023-11-10T11:32:59.393-0800][75583025ms] GC(21005)   Pre Evacuate Collection Set: 0.1ms
[2023-11-10T11:32:59.393-0800][75583025ms] GC(21005)   Evacuate Collection Set: 2.7ms
[2023-11-10T11:32:59.393-0800][75583025ms] GC(21005)   Post Evacuate Collection Set: 3.7ms
[2023-11-10T11:32:59.393-0800][75583025ms] GC(21005)   Other: 0.4ms
[2023-11-10T11:32:59.393-0800][75583025ms] GC(21005) Eden regions: 213->0(213)
[2023-11-10T11:32:59.394-0800][75583026ms] GC(21005) Survivor regions: 1->1(27)
[2023-11-10T11:32:59.394-0800][75583026ms] GC(21005) Old regions: 1400->1400
[2023-11-10T11:32:59.394-0800][75583026ms] GC(21005) Humongous regions: 5->5
[2023-11-10T11:32:59.394-0800][75583026ms] GC(21005) Metaspace: 304828K->304828K(1347584K)
[2023-11-10T11:32:59.394-0800][75583026ms] GC(21005) Pause Young (Normal) (G1 Evacuation Pause) 3236M->2810M(3602M) 7.115ms
[2023-11-10T11:32:59.394-0800][75583026ms] GC(21005) User=0.00s Sys=0.00s Real=0.01s
[2023-11-10T11:32:59.927-0800][75583559ms] GC(21006) Pause Young (Normal) (G1 Evacuation Pause)
[2023-11-10T11:32:59.927-0800][75583559ms] GC(21006) Using 10 workers of 10 for evacuation
[2023-11-10T11:32:59.934-0800][75583566ms] GC(21006)   Pre Evacuate Collection Set: 0.1ms
[2023-11-10T11:32:59.934-0800][75583566ms] GC(21006)   Evacuate Collection Set: 2.2ms
[2023-11-10T11:32:59.934-0800][75583566ms] GC(21006)   Post Evacuate Collection Set: 3.9ms
[2023-11-10T11:32:59.934-0800][75583566ms] GC(21006)   Other: 0.5ms
[2023-11-10T11:32:59.934-0800][75583566ms] GC(21006) Eden regions: 213->0(213)
[2023-11-10T11:32:59.934-0800][75583566ms] GC(21006) Survivor regions: 1->1(27)
[2023-11-10T11:32:59.934-0800][75583566ms] GC(21006) Old regions: 1400->1400
[2023-11-10T11:32:59.934-0800][75583566ms] GC(21006) Humongous regions: 5->5
[2023-11-10T11:32:59.934-0800][75583566ms] GC(21006) Metaspace: 304828K->304828K(1347584K)
[2023-11-10T11:32:59.934-0800][75583566ms] GC(21006) Pause Young (Normal) (G1 Evacuation Pause) 3236M->2810M(3602M) 6.704ms
[2023-11-10T11:32:59.934-0800][75583566ms] GC(21006) User=0.02s Sys=0.00s Real=0.01s
[2023-11-10T11:33:00.479-0800][75584111ms] GC(21007) Pause Young (Normal) (G1 Evacuation Pause)
[2023-11-10T11:33:00.480-0800][75584112ms] GC(21007) Using 10 workers of 10 for evacuation
[2023-11-10T11:33:00.487-0800][75584119ms] GC(21007)   Pre Evacuate Collection Set: 0.1ms
[2023-11-10T11:33:00.487-0800][75584119ms] GC(21007)   Evacuate Collection Set: 2.3ms
[2023-11-10T11:33:00.487-0800][75584119ms] GC(21007)   Post Evacuate Collection Set: 4.7ms
[2023-11-10T11:33:00.487-0800][75584119ms] GC(21007)   Other: 0.4ms
[2023-11-10T11:33:00.487-0800][75584119ms] GC(21007) Eden regions: 213->0(213)
[2023-11-10T11:33:00.487-0800][75584119ms] GC(21007) Survivor regions: 1->1(27)
[2023-11-10T11:33:00.487-0800][75584119ms] GC(21007) Old regions: 1400->1400
[2023-11-10T11:33:00.487-0800][75584119ms] GC(21007) Humongous regions: 5->5
[2023-11-10T11:33:00.487-0800][75584119ms] GC(21007) Metaspace: 304828K->304828K(1347584K)
[2023-11-10T11:33:00.487-0800][75584119ms] GC(21007) Pause Young (Normal) (G1 Evacuation Pause) 3236M->2810M(3602M) 7.565ms
[2023-11-10T11:33:00.487-0800][75584119ms] GC(21007) User=0.00s Sys=0.00s Real=0.01s
[2023-11-10T11:33:01.035-0800][75584667ms] GC(21008) Pause Young (Normal) (G1 Evacuation Pause)
[2023-11-10T11:33:01.035-0800][75584667ms] GC(21008) Using 10 workers of 10 for evacuation
[2023-11-10T11:33:01.040-0800][75584672ms] GC(21008)   Pre Evacuate Collection Set: 0.1ms
[2023-11-10T11:33:01.040-0800][75584672ms] GC(21008)   Evacuate Collection Set: 1.7ms
[2023-11-10T11:33:01.040-0800][75584672ms] GC(21008)   Post Evacuate Collection Set: 2.9ms
[2023-11-10T11:33:01.040-0800][75584672ms] GC(21008)   Other: 0.3ms
[2023-11-10T11:33:01.040-0800][75584672ms] GC(21008) Eden regions: 213->0(213)
[2023-11-10T11:33:01.040-0800][75584672ms] GC(21008) Survivor regions: 1->1(27)
[2023-11-10T11:33:01.040-0800][75584672ms] GC(21008) Old regions: 1400->1400
[2023-11-10T11:33:01.040-0800][75584672ms] GC(21008) Humongous regions: 5->5
[2023-11-10T11:33:01.040-0800][75584672ms] GC(21008) Metaspace: 304828K->304828K(1347584K)
[2023-11-10T11:33:01.040-0800][75584672ms] GC(21008) Pause Young (Normal) (G1 Evacuation Pause) 3236M->2810M(3602M) 5.047ms
[2023-11-10T11:33:01.040-0800][75584672ms] GC(21008) User=0.00s Sys=0.00s Real=0.00s
[2023-11-10T11:33:01.613-0800][75585245ms] GC(21009) Pause Young (Normal) (G1 Evacuation Pause)
[2023-11-10T11:33:01.613-0800][75585245ms] GC(21009) Using 10 workers of 10 for evacuation
[2023-11-10T11:33:01.619-0800][75585251ms] GC(21009)   Pre Evacuate Collection Set: 0.1ms
[2023-11-10T11:33:01.619-0800][75585251ms] GC(21009)   Evacuate Collection Set: 2.0ms
[2023-11-10T11:33:01.619-0800][75585251ms] GC(21009)   Post Evacuate Collection Set: 3.2ms
[2023-11-10T11:33:01.619-0800][75585251ms] GC(21009)   Other: 0.4ms
[2023-11-10T11:33:01.619-0800][75585251ms] GC(21009) Eden regions: 213->0(213)
[2023-11-10T11:33:01.619-0800][75585251ms] GC(21009) Survivor regions: 1->1(27)
[2023-11-10T11:33:01.619-0800][75585251ms] GC(21009) Old regions: 1400->1400
[2023-11-10T11:33:01.619-0800][75585251ms] GC(21009) Humongous regions: 5->5
[2023-11-10T11:33:01.619-0800][75585251ms] GC(21009) Metaspace: 304828K->304828K(1347584K)
[2023-11-10T11:33:01.619-0800][75585251ms] GC(21009) Pause Young (Normal) (G1 Evacuation Pause) 3236M->2810M(3602M) 5.774ms
[2023-11-10T11:33:01.619-0800][75585251ms] GC(21009) User=0.02s Sys=0.00s Real=0.01s
[2023-11-10T11:33:02.127-0800][75585759ms] GC(21010) Pause Young (Normal) (G1 Evacuation Pause)
[2023-11-10T11:33:02.127-0800][75585759ms] GC(21010) Using 10 workers of 10 for evacuation
[2023-11-10T11:33:02.133-0800][75585765ms] GC(21010)   Pre Evacuate Collection Set: 0.1ms
[2023-11-10T11:33:02.133-0800][75585765ms] GC(21010)   Evacuate Collection Set: 2.1ms
[2023-11-10T11:33:02.133-0800][75585765ms] GC(21010)   Post Evacuate Collection Set: 3.3ms
[2023-11-10T11:33:02.133-0800][75585765ms] GC(21010)   Other: 0.3ms
[2023-11-10T11:33:02.133-0800][75585765ms] GC(21010) Eden regions: 213->0(213)
[2023-11-10T11:33:02.133-0800][75585765ms] GC(21010) Survivor regions: 1->1(27)
[2023-11-10T11:33:02.133-0800][75585765ms] GC(21010) Old regions: 1400->1400
[2023-11-10T11:33:02.133-0800][75585765ms] GC(21010) Humongous regions: 5->5
[2023-11-10T11:33:02.133-0800][75585765ms] GC(21010) Metaspace: 304828K->304828K(1347584K)
[2023-11-10T11:33:02.133-0800][75585765ms] GC(21010) Pause Young (Normal) (G1 Evacuation Pause) 3236M->2810M(3602M) 5.853ms
[2023-11-10T11:33:02.133-0800][75585765ms] GC(21010) User=0.02s Sys=0.00s Real=0.01s
[2023-11-10T11:33:02.736-0800][75586368ms] GC(21011) Pause Young (Normal) (G1 Evacuation Pause)
[2023-11-10T11:33:02.736-0800][75586368ms] GC(21011) Using 10 workers of 10 for evacuation
[2023-11-10T11:33:02.745-0800][75586377ms] GC(21011)   Pre Evacuate Collection Set: 0.0ms
[2023-11-10T11:33:02.745-0800][75586377ms] GC(21011)   Evacuate Collection Set: 2.0ms
[2023-11-10T11:33:02.745-0800][75586377ms] GC(21011)   Post Evacuate Collection Set: 6.1ms
[2023-11-10T11:33:02.745-0800][75586377ms] GC(21011)   Other: 0.4ms
[2023-11-10T11:33:02.745-0800][75586377ms] GC(21011) Eden regions: 213->0(213)
[2023-11-10T11:33:02.745-0800][75586377ms] GC(21011) Survivor regions: 1->1(27)
[2023-11-10T11:33:02.745-0800][75586377ms] GC(21011) Old regions: 1400->1400
[2023-11-10T11:33:02.745-0800][75586377ms] GC(21011) Humongous regions: 5->5
[2023-11-10T11:33:02.745-0800][75586377ms] GC(21011) Metaspace: 304828K->304828K(1347584K)
[2023-11-10T11:33:02.745-0800][75586377ms] GC(21011) Pause Young (Normal) (G1 Evacuation Pause) 3236M->2810M(3602M) 8.638ms
[2023-11-10T11:33:02.745-0800][75586377ms] GC(21011) User=0.00s Sys=0.00s Real=0.01s
[2023-11-10T11:33:03.260-0800][75586892ms] GC(21012) Pause Young (Normal) (G1 Evacuation Pause)
[2023-11-10T11:33:03.260-0800][75586892ms] GC(21012) Using 10 workers of 10 for evacuation
[2023-11-10T11:33:03.266-0800][75586898ms] GC(21012)   Pre Evacuate Collection Set: 0.1ms
[2023-11-10T11:33:03.266-0800][75586898ms] GC(21012)   Evacuate Collection Set: 1.9ms
[2023-11-10T11:33:03.266-0800][75586898ms] GC(21012)   Post Evacuate Collection Set: 3.4ms
[2023-11-10T11:33:03.266-0800][75586898ms] GC(21012)   Other: 0.3ms
[2023-11-10T11:33:03.267-0800][75586899ms] GC(21012) Eden regions: 213->0(213)
[2023-11-10T11:33:03.267-0800][75586899ms] GC(21012) Survivor regions: 1->1(27)
[2023-11-10T11:33:03.267-0800][75586899ms] GC(21012) Old regions: 1400->1400
[2023-11-10T11:33:03.267-0800][75586899ms] GC(21012) Humongous regions: 5->5
[2023-11-10T11:33:03.267-0800][75586899ms] GC(21012) Metaspace: 304828K->304828K(1347584K)
[2023-11-10T11:33:03.267-0800][75586899ms] GC(21012) Pause Young (Normal) (G1 Evacuation Pause) 3236M->2810M(3602M) 5.745ms
[2023-11-10T11:33:03.267-0800][75586899ms] GC(21012) User=0.00s Sys=0.00s Real=0.01s
[2023-11-10T11:33:03.837-0800][75587469ms] GC(21013) Pause Young (Normal) (G1 Evacuation Pause)
[2023-11-10T11:33:03.837-0800][75587469ms] GC(21013) Using 10 workers of 10 for evacuation
[2023-11-10T11:33:03.841-0800][75587473ms] GC(21013)   Pre Evacuate Collection Set: 0.0ms
[2023-11-10T11:33:03.841-0800][75587473ms] GC(21013)   Evacuate Collection Set: 1.7ms
[2023-11-10T11:33:03.841-0800][75587473ms] GC(21013)   Post Evacuate Collection Set: 3.1ms
[2023-11-10T11:33:03.841-0800][75587473ms] GC(21013)   Other: 0.3ms
[2023-11-10T11:33:03.841-0800][75587473ms] GC(21013) Eden regions: 213->0(212)
[2023-11-10T11:33:03.841-0800][75587473ms] GC(21013) Survivor regions: 1->1(27)
[2023-11-10T11:33:03.841-0800][75587473ms] GC(21013) Old regions: 1400->1401
[2023-11-10T11:33:03.841-0800][75587473ms] GC(21013) Humongous regions: 5->5
[2023-11-10T11:33:03.841-0800][75587473ms] GC(21013) Metaspace: 304828K->304828K(1347584K)
[2023-11-10T11:33:03.841-0800][75587473ms] GC(21013) Pause Young (Normal) (G1 Evacuation Pause) 3236M->2810M(3602M) 5.174ms
[2023-11-10T11:33:03.841-0800][75587473ms] GC(21013) User=0.00s Sys=0.00s Real=0.00s
[2023-11-10T11:33:04.386-0800][75588018ms] GC(21014) Pause Young (Normal) (G1 Evacuation Pause)
[2023-11-10T11:33:04.386-0800][75588018ms] GC(21014) Using 10 workers of 10 for evacuation
[2023-11-10T11:33:04.392-0800][75588024ms] GC(21014)   Pre Evacuate Collection Set: 0.0ms
[2023-11-10T11:33:04.392-0800][75588024ms] GC(21014)   Evacuate Collection Set: 1.8ms
[2023-11-10T11:33:04.392-0800][75588024ms] GC(21014)   Post Evacuate Collection Set: 3.6ms
[2023-11-10T11:33:04.392-0800][75588024ms] GC(21014)   Other: 0.3ms
[2023-11-10T11:33:04.392-0800][75588024ms] GC(21014) Eden regions: 212->0(212)
[2023-11-10T11:33:04.392-0800][75588024ms] GC(21014) Survivor regions: 1->1(27)
[2023-11-10T11:33:04.392-0800][75588024ms] GC(21014) Old regions: 1401->1401
[2023-11-10T11:33:04.392-0800][75588024ms] GC(21014) Humongous regions: 5->5
[2023-11-10T11:33:04.392-0800][75588024ms] GC(21014) Metaspace: 304828K->304828K(1347584K)
[2023-11-10T11:33:04.392-0800][75588024ms] GC(21014) Pause Young (Normal) (G1 Evacuation Pause) 3234M->2810M(3602M) 5.878ms
[2023-11-10T11:33:04.392-0800][75588024ms] GC(21014) User=0.02s Sys=0.00s Real=0.01s
[2023-11-10T11:33:04.907-0800][75588539ms] GC(21015) Pause Young (Normal) (G1 Evacuation Pause)
[2023-11-10T11:33:04.907-0800][75588539ms] GC(21015) Using 10 workers of 10 for evacuation
[2023-11-10T11:33:04.913-0800][75588545ms] GC(21015)   Pre Evacuate Collection Set: 0.0ms
[2023-11-10T11:33:04.913-0800][75588545ms] GC(21015)   Evacuate Collection Set: 1.7ms
[2023-11-10T11:33:04.913-0800][75588545ms] GC(21015)   Post Evacuate Collection Set: 3.1ms
[2023-11-10T11:33:04.913-0800][75588545ms] GC(21015)   Other: 0.3ms
[2023-11-10T11:33:04.913-0800][75588545ms] GC(21015) Eden regions: 212->0(212)
[2023-11-10T11:33:04.913-0800][75588545ms] GC(21015) Survivor regions: 1->1(27)
[2023-11-10T11:33:04.913-0800][75588545ms] GC(21015) Old regions: 1401->1401
[2023-11-10T11:33:04.913-0800][75588545ms] GC(21015) Humongous regions: 5->5
[2023-11-10T11:33:04.913-0800][75588545ms] GC(21015) Metaspace: 304828K->304828K(1347584K)
[2023-11-10T11:33:04.913-0800][75588545ms] GC(21015) Pause Young (Normal) (G1 Evacuation Pause) 3234M->2810M(3602M) 5.297ms
[2023-11-10T11:33:04.913-0800][75588545ms] GC(21015) User=0.00s Sys=0.00s Real=0.01s
[2023-11-10T11:33:05.444-0800][75589076ms] GC(21016) Pause Young (Normal) (G1 Evacuation Pause)
[2023-11-10T11:33:05.444-0800][75589076ms] GC(21016) Using 10 workers of 10 for evacuation
[2023-11-10T11:33:05.450-0800][75589082ms] GC(21016)   Pre Evacuate Collection Set: 0.1ms
[2023-11-10T11:33:05.450-0800][75589082ms] GC(21016)   Evacuate Collection Set: 1.7ms
[2023-11-10T11:33:05.450-0800][75589082ms] GC(21016)   Post Evacuate Collection Set: 3.5ms
[2023-11-10T11:33:05.450-0800][75589082ms] GC(21016)   Other: 0.3ms
[2023-11-10T11:33:05.450-0800][75589082ms] GC(21016) Eden regions: 212->0(212)
[2023-11-10T11:33:05.450-0800][75589082ms] GC(21016) Survivor regions: 1->1(27)
[2023-11-10T11:33:05.450-0800][75589082ms] GC(21016) Old regions: 1401->1401
[2023-11-10T11:33:05.450-0800][75589082ms] GC(21016) Humongous regions: 5->5
[2023-11-10T11:33:05.450-0800][75589082ms] GC(21016) Metaspace: 304828K->304828K(1347584K)
[2023-11-10T11:33:05.450-0800][75589082ms] GC(21016) Pause Young (Normal) (G1 Evacuation Pause) 3234M->2810M(3602M) 5.760ms
[2023-11-10T11:33:05.450-0800][75589082ms] GC(21016) User=0.00s Sys=0.00s Real=0.01s
[2023-11-10T11:33:05.939-0800][75589571ms] GC(21017) Pause Young (Normal) (G1 Evacuation Pause)
[2023-11-10T11:33:05.939-0800][75589571ms] GC(21017) Using 10 workers of 10 for evacuation
[2023-11-10T11:33:05.946-0800][75589578ms] GC(21017)   Pre Evacuate Collection Set: 0.0ms
[2023-11-10T11:33:05.946-0800][75589578ms] GC(21017)   Evacuate Collection Set: 1.9ms
[2023-11-10T11:33:05.946-0800][75589578ms] GC(21017)   Post Evacuate Collection Set: 3.8ms
[2023-11-10T11:33:05.946-0800][75589578ms] GC(21017)   Other: 0.3ms
[2023-11-10T11:33:05.946-0800][75589578ms] GC(21017) Eden regions: 212->0(212)
[2023-11-10T11:33:05.946-0800][75589578ms] GC(21017) Survivor regions: 1->1(27)
[2023-11-10T11:33:05.946-0800][75589578ms] GC(21017) Old regions: 1401->1401
[2023-11-10T11:33:05.946-0800][75589578ms] GC(21017) Humongous regions: 5->5
[2023-11-10T11:33:05.946-0800][75589578ms] GC(21017) Metaspace: 304828K->304828K(1347584K)
[2023-11-10T11:33:05.946-0800][75589578ms] GC(21017) Pause Young (Normal) (G1 Evacuation Pause) 3234M->2810M(3602M) 6.175ms
[2023-11-10T11:33:05.946-0800][75589578ms] GC(21017) User=0.00s Sys=0.00s Real=0.01s
[2023-11-10T11:33:06.451-0800][75590083ms] GC(21018) Pause Young (Normal) (G1 Evacuation Pause)
[2023-11-10T11:33:06.451-0800][75590083ms] GC(21018) Using 10 workers of 10 for evacuation
[2023-11-10T11:33:06.456-0800][75590088ms] GC(21018)   Pre Evacuate Collection Set: 0.0ms
[2023-11-10T11:33:06.456-0800][75590088ms] GC(21018)   Evacuate Collection Set: 1.8ms
[2023-11-10T11:33:06.456-0800][75590088ms] GC(21018)   Post Evacuate Collection Set: 3.2ms
[2023-11-10T11:33:06.456-0800][75590088ms] GC(21018)   Other: 0.3ms
[2023-11-10T11:33:06.456-0800][75590088ms] GC(21018) Eden regions: 212->0(211)
[2023-11-10T11:33:06.456-0800][75590088ms] GC(21018) Survivor regions: 1->1(27)
[2023-11-10T11:33:06.456-0800][75590088ms] GC(21018) Old regions: 1401->1401
[2023-11-10T11:33:06.456-0800][75590088ms] GC(21018) Humongous regions: 5->5
[2023-11-10T11:33:06.456-0800][75590088ms] GC(21018) Metaspace: 304828K->304828K(1347584K)
[2023-11-10T11:33:06.456-0800][75590088ms] GC(21018) Pause Young (Normal) (G1 Evacuation Pause) 3234M->2811M(3602M) 5.367ms
[2023-11-10T11:33:06.456-0800][75590088ms] GC(21018) User=0.00s Sys=0.00s Real=0.01s
[2023-11-10T11:33:06.915-0800][75590547ms] GC(21019) Pause Young (Normal) (G1 Evacuation Pause)
[2023-11-10T11:33:06.915-0800][75590547ms] GC(21019) Using 10 workers of 10 for evacuation
[2023-11-10T11:33:06.921-0800][75590553ms] GC(21019)   Pre Evacuate Collection Set: 0.0ms
[2023-11-10T11:33:06.921-0800][75590553ms] GC(21019)   Evacuate Collection Set: 1.9ms
[2023-11-10T11:33:06.921-0800][75590553ms] GC(21019)   Post Evacuate Collection Set: 3.6ms
[2023-11-10T11:33:06.921-0800][75590553ms] GC(21019)   Other: 0.3ms
[2023-11-10T11:33:06.921-0800][75590553ms] GC(21019) Eden regions: 211->0(211)
[2023-11-10T11:33:06.921-0800][75590553ms] GC(21019) Survivor regions: 1->1(27)
[2023-11-10T11:33:06.921-0800][75590553ms] GC(21019) Old regions: 1401->1401
[2023-11-10T11:33:06.921-0800][75590553ms] GC(21019) Humongous regions: 5->5
[2023-11-10T11:33:06.921-0800][75590553ms] GC(21019) Metaspace: 304828K->304828K(1347584K)
[2023-11-10T11:33:06.921-0800][75590553ms] GC(21019) Pause Young (Normal) (G1 Evacuation Pause) 3233M->2810M(3602M) 5.861ms
[2023-11-10T11:33:06.921-0800][75590553ms] GC(21019) User=0.00s Sys=0.00s Real=0.01s
[2023-11-10T11:33:07.401-0800][75591033ms] GC(21020) Pause Young (Normal) (G1 Evacuation Pause)
[2023-11-10T11:33:07.401-0800][75591033ms] GC(21020) Using 10 workers of 10 for evacuation
[2023-11-10T11:33:07.407-0800][75591039ms] GC(21020)   Pre Evacuate Collection Set: 0.0ms
[2023-11-10T11:33:07.407-0800][75591039ms] GC(21020)   Evacuate Collection Set: 1.8ms
[2023-11-10T11:33:07.407-0800][75591039ms] GC(21020)   Post Evacuate Collection Set: 4.1ms
[2023-11-10T11:33:07.407-0800][75591039ms] GC(21020)   Other: 0.3ms
[2023-11-10T11:33:07.408-0800][75591040ms] GC(21020) Eden regions: 211->0(211)
[2023-11-10T11:33:07.408-0800][75591040ms] GC(21020) Survivor regions: 1->1(27)
[2023-11-10T11:33:07.408-0800][75591040ms] GC(21020) Old regions: 1401->1401
[2023-11-10T11:33:07.408-0800][75591040ms] GC(21020) Humongous regions: 5->5
[2023-11-10T11:33:07.408-0800][75591040ms] GC(21020) Metaspace: 304828K->304828K(1347584K)
[2023-11-10T11:33:07.408-0800][75591040ms] GC(21020) Pause Young (Normal) (G1 Evacuation Pause) 3232M->2810M(3602M) 6.425ms
[2023-11-10T11:33:07.408-0800][75591040ms] GC(21020) User=0.00s Sys=0.00s Real=0.01s
[2023-11-10T11:33:07.915-0800][75591547ms] GC(21021) Pause Young (Normal) (G1 Evacuation Pause)
[2023-11-10T11:33:07.915-0800][75591547ms] GC(21021) Using 10 workers of 10 for evacuation
[2023-11-10T11:33:07.921-0800][75591553ms] GC(21021)   Pre Evacuate Collection Set: 0.0ms
[2023-11-10T11:33:07.921-0800][75591553ms] GC(21021)   Evacuate Collection Set: 1.7ms
[2023-11-10T11:33:07.921-0800][75591553ms] GC(21021)   Post Evacuate Collection Set: 3.7ms
[2023-11-10T11:33:07.921-0800][75591553ms] GC(21021)   Other: 0.3ms
[2023-11-10T11:33:07.921-0800][75591553ms] GC(21021) Eden regions: 211->0(211)
[2023-11-10T11:33:07.921-0800][75591553ms] GC(21021) Survivor regions: 1->1(27)
[2023-11-10T11:33:07.921-0800][75591553ms] GC(21021) Old regions: 1401->1401
[2023-11-10T11:33:07.921-0800][75591553ms] GC(21021) Humongous regions: 5->5
[2023-11-10T11:33:07.921-0800][75591553ms] GC(21021) Metaspace: 304828K->304828K(1347584K)
[2023-11-10T11:33:07.921-0800][75591553ms] GC(21021) Pause Young (Normal) (G1 Evacuation Pause) 3232M->2811M(3602M) 5.861ms
[2023-11-10T11:33:07.921-0800][75591553ms] GC(21021) User=0.00s Sys=0.00s Real=0.01s
[2023-11-10T11:33:08.473-0800][75592105ms] GC(21022) Pause Young (Normal) (G1 Evacuation Pause)
[2023-11-10T11:33:08.473-0800][75592105ms] GC(21022) Using 10 workers of 10 for evacuation
[2023-11-10T11:33:08.479-0800][75592111ms] GC(21022)   Pre Evacuate Collection Set: 0.0ms
[2023-11-10T11:33:08.479-0800][75592111ms] GC(21022)   Evacuate Collection Set: 1.8ms
[2023-11-10T11:33:08.479-0800][75592111ms] GC(21022)   Post Evacuate Collection Set: 3.7ms
[2023-11-10T11:33:08.479-0800][75592111ms] GC(21022)   Other: 0.3ms
[2023-11-10T11:33:08.479-0800][75592111ms] GC(21022) Eden regions: 211->0(211)
[2023-11-10T11:33:08.479-0800][75592111ms] GC(21022) Survivor regions: 1->1(27)
[2023-11-10T11:33:08.479-0800][75592111ms] GC(21022) Old regions: 1401->1401
[2023-11-10T11:33:08.479-0800][75592111ms] GC(21022) Humongous regions: 5->5
[2023-11-10T11:33:08.479-0800][75592111ms] GC(21022) Metaspace: 304828K->304828K(1347584K)
[2023-11-10T11:33:08.479-0800][75592111ms] GC(21022) Pause Young (Normal) (G1 Evacuation Pause) 3233M->2811M(3602M) 5.882ms
[2023-11-10T11:33:08.479-0800][75592111ms] GC(21022) User=0.00s Sys=0.00s Real=0.01s
[2023-11-10T11:33:08.988-0800][75592620ms] GC(21023) Pause Young (Normal) (G1 Evacuation Pause)
[2023-11-10T11:33:08.988-0800][75592620ms] GC(21023) Using 10 workers of 10 for evacuation
[2023-11-10T11:33:08.995-0800][75592627ms] GC(21023)   Pre Evacuate Collection Set: 0.0ms
[2023-11-10T11:33:08.995-0800][75592627ms] GC(21023)   Evacuate Collection Set: 1.9ms
[2023-11-10T11:33:08.995-0800][75592627ms] GC(21023)   Post Evacuate Collection Set: 3.9ms
[2023-11-10T11:33:08.995-0800][75592627ms] GC(21023)   Other: 0.3ms
[2023-11-10T11:33:08.995-0800][75592627ms] GC(21023) Eden regions: 211->0(211)
[2023-11-10T11:33:08.995-0800][75592627ms] GC(21023) Survivor regions: 1->1(27)
[2023-11-10T11:33:08.995-0800][75592627ms] GC(21023) Old regions: 1401->1401
[2023-11-10T11:33:08.995-0800][75592627ms] GC(21023) Humongous regions: 5->5
[2023-11-10T11:33:08.995-0800][75592627ms] GC(21023) Metaspace: 304828K->304828K(1347584K)
[2023-11-10T11:33:08.995-0800][75592627ms] GC(21023) Pause Young (Normal) (G1 Evacuation Pause) 3233M->2810M(3602M) 6.200ms
[2023-11-10T11:33:08.995-0800][75592627ms] GC(21023) User=0.02s Sys=0.00s Real=0.01s
[2023-11-10T11:33:09.548-0800][75593180ms] GC(21024) Pause Young (Normal) (G1 Evacuation Pause)
[2023-11-10T11:33:09.548-0800][75593180ms] GC(21024) Using 10 workers of 10 for evacuation
[2023-11-10T11:33:09.553-0800][75593185ms] GC(21024)   Pre Evacuate Collection Set: 0.1ms
[2023-11-10T11:33:09.553-0800][75593185ms] GC(21024)   Evacuate Collection Set: 1.7ms
[2023-11-10T11:33:09.553-0800][75593185ms] GC(21024)   Post Evacuate Collection Set: 4.1ms
[2023-11-10T11:33:09.553-0800][75593185ms] GC(21024)   Other: 0.3ms
[2023-11-10T11:33:09.553-0800][75593185ms] GC(21024) Eden regions: 211->0(211)
[2023-11-10T11:33:09.553-0800][75593185ms] GC(21024) Survivor regions: 1->1(27)
[2023-11-10T11:33:09.553-0800][75593185ms] GC(21024) Old regions: 1401->1401
[2023-11-10T11:33:09.553-0800][75593185ms] GC(21024) Humongous regions: 5->5
[2023-11-10T11:33:09.553-0800][75593185ms] GC(21024) Metaspace: 304828K->304828K(1347584K)
[2023-11-10T11:33:09.553-0800][75593185ms] GC(21024) Pause Young (Normal) (G1 Evacuation Pause) 3232M->2811M(3602M) 6.346ms
[2023-11-10T11:33:09.553-0800][75593185ms] GC(21024) User=0.00s Sys=0.00s Real=0.00s
[2023-11-10T11:33:10.124-0800][75593756ms] GC(21025) Pause Young (Normal) (G1 Evacuation Pause)
[2023-11-10T11:33:10.124-0800][75593756ms] GC(21025) Using 10 workers of 10 for evacuation
[2023-11-10T11:33:10.130-0800][75593762ms] GC(21025)   Pre Evacuate Collection Set: 0.0ms
[2023-11-10T11:33:10.130-0800][75593762ms] GC(21025)   Evacuate Collection Set: 1.7ms
[2023-11-10T11:33:10.130-0800][75593762ms] GC(21025)   Post Evacuate Collection Set: 4.0ms
[2023-11-10T11:33:10.130-0800][75593762ms] GC(21025)   Other: 0.4ms
[2023-11-10T11:33:10.130-0800][75593762ms] GC(21025) Eden regions: 211->0(211)
[2023-11-10T11:33:10.130-0800][75593762ms] GC(21025) Survivor regions: 1->1(27)
[2023-11-10T11:33:10.130-0800][75593762ms] GC(21025) Old regions: 1401->1401
[2023-11-10T11:33:10.130-0800][75593762ms] GC(21025) Humongous regions: 5->5
[2023-11-10T11:33:10.130-0800][75593762ms] GC(21025) Metaspace: 304828K->304828K(1347584K)
[2023-11-10T11:33:10.130-0800][75593762ms] GC(21025) Pause Young (Normal) (G1 Evacuation Pause) 3233M->2811M(3602M) 6.241ms
[2023-11-10T11:33:10.130-0800][75593762ms] GC(21025) User=0.00s Sys=0.00s Real=0.01s
[2023-11-10T11:33:10.679-0800][75594311ms] GC(21026) Pause Young (Normal) (G1 Evacuation Pause)
[2023-11-10T11:33:10.679-0800][75594311ms] GC(21026) Using 10 workers of 10 for evacuation
[2023-11-10T11:33:10.686-0800][75594318ms] GC(21026)   Pre Evacuate Collection Set: 0.1ms
[2023-11-10T11:33:10.686-0800][75594318ms] GC(21026)   Evacuate Collection Set: 2.4ms
[2023-11-10T11:33:10.686-0800][75594318ms] GC(21026)   Post Evacuate Collection Set: 3.5ms
[2023-11-10T11:33:10.686-0800][75594318ms] GC(21026)   Other: 0.4ms
[2023-11-10T11:33:10.686-0800][75594318ms] GC(21026) Eden regions: 211->0(211)
[2023-11-10T11:33:10.686-0800][75594318ms] GC(21026) Survivor regions: 1->1(27)
[2023-11-10T11:33:10.686-0800][75594318ms] GC(21026) Old regions: 1401->1401
[2023-11-10T11:33:10.686-0800][75594318ms] GC(21026) Humongous regions: 5->5
[2023-11-10T11:33:10.686-0800][75594318ms] GC(21026) Metaspace: 304828K->304828K(1347584K)
[2023-11-10T11:33:10.686-0800][75594318ms] GC(21026) Pause Young (Normal) (G1 Evacuation Pause) 3233M->2811M(3602M) 6.476ms
[2023-11-10T11:33:10.686-0800][75594318ms] GC(21026) User=0.00s Sys=0.00s Real=0.01s
[2023-11-10T11:33:11.209-0800][75594841ms] GC(21027) Pause Young (Normal) (G1 Evacuation Pause)
[2023-11-10T11:33:11.209-0800][75594841ms] GC(21027) Using 10 workers of 10 for evacuation
[2023-11-10T11:33:11.213-0800][75594845ms] GC(21027)   Pre Evacuate Collection Set: 0.0ms
[2023-11-10T11:33:11.213-0800][75594845ms] GC(21027)   Evacuate Collection Set: 1.9ms
[2023-11-10T11:33:11.213-0800][75594845ms] GC(21027)   Post Evacuate Collection Set: 3.1ms
[2023-11-10T11:33:11.213-0800][75594845ms] GC(21027)   Other: 0.2ms
[2023-11-10T11:33:11.213-0800][75594845ms] GC(21027) Eden regions: 211->0(211)
[2023-11-10T11:33:11.213-0800][75594845ms] GC(21027) Survivor regions: 1->1(27)
[2023-11-10T11:33:11.213-0800][75594845ms] GC(21027) Old regions: 1401->1401
[2023-11-10T11:33:11.213-0800][75594845ms] GC(21027) Humongous regions: 5->5
[2023-11-10T11:33:11.213-0800][75594845ms] GC(21027) Metaspace: 304828K->304828K(1347584K)
[2023-11-10T11:33:11.213-0800][75594845ms] GC(21027) Pause Young (Normal) (G1 Evacuation Pause) 3233M->2811M(3602M) 5.404ms
[2023-11-10T11:33:11.213-0800][75594845ms] GC(21027) User=0.09s Sys=0.00s Real=0.00s
[2023-11-10T11:33:11.704-0800][75595336ms] GC(21028) Pause Young (Normal) (G1 Evacuation Pause)
[2023-11-10T11:33:11.704-0800][75595336ms] GC(21028) Using 10 workers of 10 for evacuation
[2023-11-10T11:33:11.711-0800][75595343ms] GC(21028)   Pre Evacuate Collection Set: 0.1ms
[2023-11-10T11:33:11.711-0800][75595343ms] GC(21028)   Evacuate Collection Set: 2.9ms
[2023-11-10T11:33:11.711-0800][75595343ms] GC(21028)   Post Evacuate Collection Set: 4.4ms
[2023-11-10T11:33:11.711-0800][75595343ms] GC(21028)   Other: 0.4ms
[2023-11-10T11:33:11.711-0800][75595343ms] GC(21028) Eden regions: 211->0(211)
[2023-11-10T11:33:11.711-0800][75595343ms] GC(21028) Survivor regions: 1->1(27)
[2023-11-10T11:33:11.711-0800][75595343ms] GC(21028) Old regions: 1401->1401
[2023-11-10T11:33:11.711-0800][75595343ms] GC(21028) Humongous regions: 5->5
[2023-11-10T11:33:11.711-0800][75595343ms] GC(21028) Metaspace: 304828K->304828K(1347584K)
[2023-11-10T11:33:11.711-0800][75595343ms] GC(21028) Pause Young (Normal) (G1 Evacuation Pause) 3233M->2811M(3602M) 7.809ms
[2023-11-10T11:33:11.711-0800][75595343ms] GC(21028) User=0.00s Sys=0.00s Real=0.01s
[2023-11-10T11:33:12.182-0800][75595814ms] GC(21029) Pause Young (Normal) (G1 Evacuation Pause)
[2023-11-10T11:33:12.182-0800][75595814ms] GC(21029) Using 10 workers of 10 for evacuation
[2023-11-10T11:33:12.187-0800][75595819ms] GC(21029)   Pre Evacuate Collection Set: 0.0ms
[2023-11-10T11:33:12.187-0800][75595819ms] GC(21029)   Evacuate Collection Set: 1.7ms
[2023-11-10T11:33:12.187-0800][75595819ms] GC(21029)   Post Evacuate Collection Set: 3.0ms
[2023-11-10T11:33:12.187-0800][75595819ms] GC(21029)   Other: 0.3ms
[2023-11-10T11:33:12.187-0800][75595819ms] GC(21029) Eden regions: 211->0(211)
[2023-11-10T11:33:12.187-0800][75595819ms] GC(21029) Survivor regions: 1->1(27)
[2023-11-10T11:33:12.187-0800][75595819ms] GC(21029) Old regions: 1401->1401
[2023-11-10T11:33:12.187-0800][75595819ms] GC(21029) Humongous regions: 5->5
[2023-11-10T11:33:12.187-0800][75595819ms] GC(21029) Metaspace: 304828K->304828K(1347584K)
[2023-11-10T11:33:12.187-0800][75595819ms] GC(21029) Pause Young (Normal) (G1 Evacuation Pause) 3233M->2811M(3602M) 5.197ms
[2023-11-10T11:33:12.187-0800][75595819ms] GC(21029) User=0.00s Sys=0.00s Real=0.01s
[2023-11-10T11:33:12.750-0800][75596382ms] GC(21030) Pause Young (Normal) (G1 Evacuation Pause)
[2023-11-10T11:33:12.750-0800][75596382ms] GC(21030) Using 10 workers of 10 for evacuation
[2023-11-10T11:33:12.755-0800][75596387ms] GC(21030)   Pre Evacuate Collection Set: 0.0ms
[2023-11-10T11:33:12.756-0800][75596388ms] GC(21030)   Evacuate Collection Set: 2.1ms
[2023-11-10T11:33:12.756-0800][75596388ms] GC(21030)   Post Evacuate Collection Set: 3.1ms
[2023-11-10T11:33:12.756-0800][75596388ms] GC(21030)   Other: 0.3ms
[2023-11-10T11:33:12.756-0800][75596388ms] GC(21030) Eden regions: 211->0(211)
[2023-11-10T11:33:12.756-0800][75596388ms] GC(21030) Survivor regions: 1->1(27)
[2023-11-10T11:33:12.756-0800][75596388ms] GC(21030) Old regions: 1401->1401
[2023-11-10T11:33:12.756-0800][75596388ms] GC(21030) Humongous regions: 5->5
[2023-11-10T11:33:12.756-0800][75596388ms] GC(21030) Metaspace: 304828K->304828K(1347584K)
[2023-11-10T11:33:12.756-0800][75596388ms] GC(21030) Pause Young (Normal) (G1 Evacuation Pause) 3233M->2811M(3602M) 5.716ms
[2023-11-10T11:33:12.756-0800][75596388ms] GC(21030) User=0.00s Sys=0.00s Real=0.01s
[2023-11-10T11:33:13.271-0800][75596903ms] GC(21031) Pause Young (Normal) (G1 Evacuation Pause)
[2023-11-10T11:33:13.271-0800][75596903ms] GC(21031) Using 10 workers of 10 for evacuation
[2023-11-10T11:33:13.278-0800][75596910ms] GC(21031)   Pre Evacuate Collection Set: 0.1ms
[2023-11-10T11:33:13.278-0800][75596910ms] GC(21031)   Evacuate Collection Set: 2.4ms
[2023-11-10T11:33:13.278-0800][75596910ms] GC(21031)   Post Evacuate Collection Set: 4.7ms
[2023-11-10T11:33:13.278-0800][75596910ms] GC(21031)   Other: 0.4ms
[2023-11-10T11:33:13.278-0800][75596910ms] GC(21031) Eden regions: 211->0(211)
[2023-11-10T11:33:13.278-0800][75596910ms] GC(21031) Survivor regions: 1->1(27)
[2023-11-10T11:33:13.278-0800][75596910ms] GC(21031) Old regions: 1401->1401
[2023-11-10T11:33:13.278-0800][75596910ms] GC(21031) Humongous regions: 5->5
[2023-11-10T11:33:13.278-0800][75596910ms] GC(21031) Metaspace: 304828K->304828K(1347584K)
[2023-11-10T11:33:13.278-0800][75596910ms] GC(21031) Pause Young (Normal) (G1 Evacuation Pause) 3233M->2811M(3602M) 7.678ms
[2023-11-10T11:33:13.278-0800][75596910ms] GC(21031) User=0.02s Sys=0.00s Real=0.01s
[2023-11-10T11:33:13.840-0800][75597472ms] GC(21032) Pause Young (Normal) (G1 Evacuation Pause)
[2023-11-10T11:33:13.840-0800][75597472ms] GC(21032) Using 10 workers of 10 for evacuation
[2023-11-10T11:33:13.849-0800][75597481ms] GC(21032)   Pre Evacuate Collection Set: 0.0ms
[2023-11-10T11:33:13.849-0800][75597481ms] GC(21032)   Evacuate Collection Set: 2.3ms
[2023-11-10T11:33:13.849-0800][75597481ms] GC(21032)   Post Evacuate Collection Set: 6.1ms
[2023-11-10T11:33:13.849-0800][75597481ms] GC(21032)   Other: 0.3ms
[2023-11-10T11:33:13.849-0800][75597481ms] GC(21032) Eden regions: 211->0(211)
[2023-11-10T11:33:13.849-0800][75597481ms] GC(21032) Survivor regions: 1->1(27)
[2023-11-10T11:33:13.849-0800][75597481ms] GC(21032) Old regions: 1401->1401
[2023-11-10T11:33:13.849-0800][75597481ms] GC(21032) Humongous regions: 5->5
[2023-11-10T11:33:13.849-0800][75597481ms] GC(21032) Metaspace: 304828K->304828K(1347584K)
[2023-11-10T11:33:13.849-0800][75597481ms] GC(21032) Pause Young (Normal) (G1 Evacuation Pause) 3233M->2811M(3602M) 8.878ms
[2023-11-10T11:33:13.849-0800][75597481ms] GC(21032) User=0.00s Sys=0.00s Real=0.01s
[2023-11-10T11:33:14.355-0800][75597987ms] GC(21033) Pause Young (Normal) (G1 Evacuation Pause)
[2023-11-10T11:33:14.355-0800][75597987ms] GC(21033) Using 10 workers of 10 for evacuation
[2023-11-10T11:33:14.362-0800][75597994ms] GC(21033)   Pre Evacuate Collection Set: 0.0ms
[2023-11-10T11:33:14.362-0800][75597994ms] GC(21033)   Evacuate Collection Set: 2.8ms
[2023-11-10T11:33:14.362-0800][75597994ms] GC(21033)   Post Evacuate Collection Set: 3.6ms
[2023-11-10T11:33:14.362-0800][75597994ms] GC(21033)   Other: 0.3ms
[2023-11-10T11:33:14.362-0800][75597994ms] GC(21033) Eden regions: 211->0(211)
[2023-11-10T11:33:14.362-0800][75597994ms] GC(21033) Survivor regions: 1->1(27)
[2023-11-10T11:33:14.362-0800][75597994ms] GC(21033) Old regions: 1401->1401
[2023-11-10T11:33:14.362-0800][75597994ms] GC(21033) Humongous regions: 5->5
[2023-11-10T11:33:14.362-0800][75597994ms] GC(21033) Metaspace: 304828K->304828K(1347584K)
[2023-11-10T11:33:14.362-0800][75597994ms] GC(21033) Pause Young (Normal) (G1 Evacuation Pause) 3233M->2811M(3602M) 6.863ms
[2023-11-10T11:33:14.362-0800][75597994ms] GC(21033) User=0.00s Sys=0.00s Real=0.01s
[2023-11-10T11:33:14.826-0800][75598458ms] GC(21034) Pause Young (Normal) (G1 Evacuation Pause)
[2023-11-10T11:33:14.826-0800][75598458ms] GC(21034) Using 10 workers of 10 for evacuation
[2023-11-10T11:33:14.831-0800][75598463ms] GC(21034)   Pre Evacuate Collection Set: 0.0ms
[2023-11-10T11:33:14.831-0800][75598463ms] GC(21034)   Evacuate Collection Set: 1.7ms
[2023-11-10T11:33:14.831-0800][75598463ms] GC(21034)   Post Evacuate Collection Set: 3.4ms
[2023-11-10T11:33:14.831-0800][75598463ms] GC(21034)   Other: 0.2ms
[2023-11-10T11:33:14.831-0800][75598463ms] GC(21034) Eden regions: 211->0(211)
[2023-11-10T11:33:14.831-0800][75598463ms] GC(21034) Survivor regions: 1->1(27)
[2023-11-10T11:33:14.831-0800][75598463ms] GC(21034) Old regions: 1401->1401
[2023-11-10T11:33:14.831-0800][75598463ms] GC(21034) Humongous regions: 5->5
[2023-11-10T11:33:14.832-0800][75598464ms] GC(21034) Metaspace: 304828K->304828K(1347584K)
[2023-11-10T11:33:14.832-0800][75598464ms] GC(21034) Pause Young (Normal) (G1 Evacuation Pause) 3233M->2811M(3602M) 5.513ms
[2023-11-10T11:33:14.832-0800][75598464ms] GC(21034) User=0.00s Sys=0.00s Real=0.01s
[2023-11-10T11:33:15.311-0800][75598943ms] GC(21035) Pause Young (Normal) (G1 Evacuation Pause)
[2023-11-10T11:33:15.311-0800][75598943ms] GC(21035) Using 10 workers of 10 for evacuation
[2023-11-10T11:33:15.317-0800][75598949ms] GC(21035)   Pre Evacuate Collection Set: 0.0ms
[2023-11-10T11:33:15.317-0800][75598949ms] GC(21035)   Evacuate Collection Set: 1.8ms
[2023-11-10T11:33:15.317-0800][75598949ms] GC(21035)   Post Evacuate Collection Set: 3.7ms
[2023-11-10T11:33:15.317-0800][75598949ms] GC(21035)   Other: 0.3ms
[2023-11-10T11:33:15.318-0800][75598950ms] GC(21035) Eden regions: 211->0(211)
[2023-11-10T11:33:15.318-0800][75598950ms] GC(21035) Survivor regions: 1->1(27)
[2023-11-10T11:33:15.318-0800][75598950ms] GC(21035) Old regions: 1401->1401
[2023-11-10T11:33:15.318-0800][75598950ms] GC(21035) Humongous regions: 5->5
[2023-11-10T11:33:15.318-0800][75598950ms] GC(21035) Metaspace: 304828K->304828K(1347584K)
[2023-11-10T11:33:15.318-0800][75598950ms] GC(21035) Pause Young (Normal) (G1 Evacuation Pause) 3233M->2811M(3602M) 5.940ms
[2023-11-10T11:33:15.318-0800][75598950ms] GC(21035) User=0.00s Sys=0.00s Real=0.01s
[2023-11-10T11:33:15.826-0800][75599458ms] GC(21036) Pause Young (Normal) (G1 Evacuation Pause)
[2023-11-10T11:33:15.826-0800][75599458ms] GC(21036) Using 10 workers of 10 for evacuation
[2023-11-10T11:33:15.832-0800][75599464ms] GC(21036)   Pre Evacuate Collection Set: 0.1ms
[2023-11-10T11:33:15.832-0800][75599464ms] GC(21036)   Evacuate Collection Set: 1.7ms
[2023-11-10T11:33:15.832-0800][75599464ms] GC(21036)   Post Evacuate Collection Set: 3.1ms
[2023-11-10T11:33:15.832-0800][75599464ms] GC(21036)   Other: 0.3ms
[2023-11-10T11:33:15.832-0800][75599464ms] GC(21036) Eden regions: 211->0(211)
[2023-11-10T11:33:15.832-0800][75599464ms] GC(21036) Survivor regions: 1->1(27)
[2023-11-10T11:33:15.832-0800][75599464ms] GC(21036) Old regions: 1401->1401
[2023-11-10T11:33:15.832-0800][75599464ms] GC(21036) Humongous regions: 5->5
[2023-11-10T11:33:15.832-0800][75599464ms] GC(21036) Metaspace: 304828K->304828K(1347584K)
[2023-11-10T11:33:15.832-0800][75599464ms] GC(21036) Pause Young (Normal) (G1 Evacuation Pause) 3233M->2811M(3602M) 5.242ms
[2023-11-10T11:33:15.832-0800][75599464ms] GC(21036) User=0.00s Sys=0.00s Real=0.01s
[2023-11-10T11:33:16.346-0800][75599978ms] GC(21037) Pause Young (Normal) (G1 Evacuation Pause)
[2023-11-10T11:33:16.346-0800][75599978ms] GC(21037) Using 10 workers of 10 for evacuation
[2023-11-10T11:33:16.352-0800][75599984ms] GC(21037)   Pre Evacuate Collection Set: 0.1ms
[2023-11-10T11:33:16.352-0800][75599984ms] GC(21037)   Evacuate Collection Set: 1.7ms
[2023-11-10T11:33:16.352-0800][75599984ms] GC(21037)   Post Evacuate Collection Set: 3.4ms
[2023-11-10T11:33:16.352-0800][75599984ms] GC(21037)   Other: 0.3ms
[2023-11-10T11:33:16.352-0800][75599984ms] GC(21037) Eden regions: 211->0(211)
[2023-11-10T11:33:16.352-0800][75599984ms] GC(21037) Survivor regions: 1->1(27)
[2023-11-10T11:33:16.352-0800][75599984ms] GC(21037) Old regions: 1401->1401
[2023-11-10T11:33:16.352-0800][75599984ms] GC(21037) Humongous regions: 5->5
[2023-11-10T11:33:16.352-0800][75599984ms] GC(21037) Metaspace: 304828K->304828K(1347584K)
[2023-11-10T11:33:16.352-0800][75599984ms] GC(21037) Pause Young (Normal) (G1 Evacuation Pause) 3233M->2811M(3602M) 5.553ms
[2023-11-10T11:33:16.352-0800][75599984ms] GC(21037) User=0.00s Sys=0.00s Real=0.01s
[2023-11-10T11:33:16.783-0800][75600415ms] GC(21038) Pause Young (Normal) (G1 Evacuation Pause)
[2023-11-10T11:33:16.783-0800][75600415ms] GC(21038) Using 10 workers of 10 for evacuation
[2023-11-10T11:33:16.789-0800][75600421ms] GC(21038)   Pre Evacuate Collection Set: 0.0ms
[2023-11-10T11:33:16.789-0800][75600421ms] GC(21038)   Evacuate Collection Set: 1.8ms
[2023-11-10T11:33:16.789-0800][75600421ms] GC(21038)   Post Evacuate Collection Set: 3.1ms
[2023-11-10T11:33:16.789-0800][75600421ms] GC(21038)   Other: 0.3ms
[2023-11-10T11:33:16.789-0800][75600421ms] GC(21038) Eden regions: 211->0(211)
[2023-11-10T11:33:16.789-0800][75600421ms] GC(21038) Survivor regions: 1->1(27)
[2023-11-10T11:33:16.789-0800][75600421ms] GC(21038) Old regions: 1401->1401
[2023-11-10T11:33:16.789-0800][75600421ms] GC(21038) Humongous regions: 5->5
[2023-11-10T11:33:16.789-0800][75600421ms] GC(21038) Metaspace: 304828K->304828K(1347584K)
[2023-11-10T11:33:16.789-0800][75600421ms] GC(21038) Pause Young (Normal) (G1 Evacuation Pause) 3233M->2811M(3602M) 5.354ms
[2023-11-10T11:33:16.789-0800][75600421ms] GC(21038) User=0.00s Sys=0.00s Real=0.01s
[2023-11-10T11:33:17.350-0800][75600982ms] GC(21039) Pause Young (Normal) (G1 Evacuation Pause)
[2023-11-10T11:33:17.350-0800][75600982ms] GC(21039) Using 10 workers of 10 for evacuation
[2023-11-10T11:33:17.356-0800][75600988ms] GC(21039)   Pre Evacuate Collection Set: 0.0ms
[2023-11-10T11:33:17.356-0800][75600988ms] GC(21039)   Evacuate Collection Set: 2.1ms
[2023-11-10T11:33:17.356-0800][75600988ms] GC(21039)   Post Evacuate Collection Set: 4.0ms
[2023-11-10T11:33:17.356-0800][75600988ms] GC(21039)   Other: 0.3ms
[2023-11-10T11:33:17.356-0800][75600988ms] GC(21039) Eden regions: 211->0(212)
[2023-11-10T11:33:17.356-0800][75600988ms] GC(21039) Survivor regions: 1->1(27)
[2023-11-10T11:33:17.356-0800][75600988ms] GC(21039) Old regions: 1401->1401
[2023-11-10T11:33:17.356-0800][75600988ms] GC(21039) Humongous regions: 5->5
[2023-11-10T11:33:17.356-0800][75600988ms] GC(21039) Metaspace: 304828K->304828K(1347584K)
[2023-11-10T11:33:17.356-0800][75600988ms] GC(21039) Pause Young (Normal) (G1 Evacuation Pause) 3233M->2811M(3602M) 6.544ms
[2023-11-10T11:33:17.356-0800][75600988ms] GC(21039) User=0.09s Sys=0.00s Real=0.01s
[2023-11-10T11:33:17.868-0800][75601500ms] GC(21040) Pause Young (Normal) (G1 Evacuation Pause)
[2023-11-10T11:33:17.868-0800][75601500ms] GC(21040) Using 10 workers of 10 for evacuation
[2023-11-10T11:33:17.874-0800][75601506ms] GC(21040)   Pre Evacuate Collection Set: 0.0ms
[2023-11-10T11:33:17.874-0800][75601506ms] GC(21040)   Evacuate Collection Set: 1.9ms
[2023-11-10T11:33:17.874-0800][75601506ms] GC(21040)   Post Evacuate Collection Set: 4.1ms
[2023-11-10T11:33:17.874-0800][75601506ms] GC(21040)   Other: 0.3ms
[2023-11-10T11:33:17.874-0800][75601506ms] GC(21040) Eden regions: 212->0(211)
[2023-11-10T11:33:17.874-0800][75601506ms] GC(21040) Survivor regions: 1->1(27)
[2023-11-10T11:33:17.874-0800][75601506ms] GC(21040) Old regions: 1401->1401
[2023-11-10T11:33:17.874-0800][75601506ms] GC(21040) Humongous regions: 5->5
[2023-11-10T11:33:17.874-0800][75601506ms] GC(21040) Metaspace: 304829K->304829K(1347584K)
[2023-11-10T11:33:17.874-0800][75601506ms] GC(21040) Pause Young (Normal) (G1 Evacuation Pause) 3235M->2812M(3602M) 6.461ms
[2023-11-10T11:33:17.874-0800][75601506ms] GC(21040) User=0.00s Sys=0.00s Real=0.01s
[2023-11-10T11:33:18.356-0800][75601988ms] GC(21041) Pause Young (Normal) (G1 Evacuation Pause)
[2023-11-10T11:33:18.356-0800][75601988ms] GC(21041) Using 10 workers of 10 for evacuation
[2023-11-10T11:33:18.362-0800][75601994ms] GC(21041)   Pre Evacuate Collection Set: 0.0ms
[2023-11-10T11:33:18.362-0800][75601994ms] GC(21041)   Evacuate Collection Set: 2.1ms
[2023-11-10T11:33:18.362-0800][75601994ms] GC(21041)   Post Evacuate Collection Set: 3.7ms
[2023-11-10T11:33:18.362-0800][75601994ms] GC(21041)   Other: 0.3ms
[2023-11-10T11:33:18.362-0800][75601994ms] GC(21041) Eden regions: 211->0(211)
[2023-11-10T11:33:18.362-0800][75601994ms] GC(21041) Survivor regions: 1->1(27)
[2023-11-10T11:33:18.362-0800][75601994ms] GC(21041) Old regions: 1401->1401
[2023-11-10T11:33:18.362-0800][75601994ms] GC(21041) Humongous regions: 5->5
[2023-11-10T11:33:18.362-0800][75601994ms] GC(21041) Metaspace: 304829K->304829K(1347584K)
[2023-11-10T11:33:18.362-0800][75601994ms] GC(21041) Pause Young (Normal) (G1 Evacuation Pause) 3234M->2812M(3602M) 6.185ms
[2023-11-10T11:33:18.362-0800][75601994ms] GC(21041) User=0.00s Sys=0.00s Real=0.01s
[2023-11-10T11:33:18.832-0800][75602464ms] GC(21042) Pause Young (Normal) (G1 Evacuation Pause)
[2023-11-10T11:33:18.832-0800][75602464ms] GC(21042) Using 10 workers of 10 for evacuation
[2023-11-10T11:33:18.838-0800][75602470ms] GC(21042)   Pre Evacuate Collection Set: 0.0ms
[2023-11-10T11:33:18.838-0800][75602470ms] GC(21042)   Evacuate Collection Set: 2.1ms
[2023-11-10T11:33:18.838-0800][75602470ms] GC(21042)   Post Evacuate Collection Set: 4.3ms
[2023-11-10T11:33:18.839-0800][75602471ms] GC(21042)   Other: 0.4ms
[2023-11-10T11:33:18.839-0800][75602471ms] GC(21042) Eden regions: 211->0(211)
[2023-11-10T11:33:18.839-0800][75602471ms] GC(21042) Survivor regions: 1->1(27)
[2023-11-10T11:33:18.839-0800][75602471ms] GC(21042) Old regions: 1401->1401
[2023-11-10T11:33:18.839-0800][75602471ms] GC(21042) Humongous regions: 5->5
[2023-11-10T11:33:18.839-0800][75602471ms] GC(21042) Metaspace: 304829K->304829K(1347584K)
[2023-11-10T11:33:18.839-0800][75602471ms] GC(21042) Pause Young (Normal) (G1 Evacuation Pause) 3234M->2813M(3602M) 6.983ms
[2023-11-10T11:33:18.839-0800][75602471ms] GC(21042) User=0.02s Sys=0.00s Real=0.01s
[2023-11-10T11:33:19.334-0800][75602966ms] GC(21043) Pause Young (Normal) (G1 Evacuation Pause)
[2023-11-10T11:33:19.334-0800][75602966ms] GC(21043) Using 10 workers of 10 for evacuation
[2023-11-10T11:33:19.340-0800][75602972ms] GC(21043)   Pre Evacuate Collection Set: 0.0ms
[2023-11-10T11:33:19.340-0800][75602972ms] GC(21043)   Evacuate Collection Set: 1.9ms
[2023-11-10T11:33:19.340-0800][75602972ms] GC(21043)   Post Evacuate Collection Set: 3.4ms
[2023-11-10T11:33:19.340-0800][75602972ms] GC(21043)   Other: 0.3ms
[2023-11-10T11:33:19.340-0800][75602972ms] GC(21043) Eden regions: 211->0(210)
[2023-11-10T11:33:19.340-0800][75602972ms] GC(21043) Survivor regions: 1->2(27)
[2023-11-10T11:33:19.340-0800][75602972ms] GC(21043) Old regions: 1401->1401
[2023-11-10T11:33:19.340-0800][75602972ms] GC(21043) Humongous regions: 5->5
[2023-11-10T11:33:19.340-0800][75602972ms] GC(21043) Metaspace: 304829K->304829K(1347584K)
[2023-11-10T11:33:19.340-0800][75602972ms] GC(21043) Pause Young (Normal) (G1 Evacuation Pause) 3235M->2813M(3602M) 5.727ms
[2023-11-10T11:33:19.340-0800][75602972ms] GC(21043) User=0.02s Sys=0.00s Real=0.01s
[2023-11-10T11:33:19.777-0800][75603409ms] GC(21044) Pause Young (Normal) (G1 Evacuation Pause)
[2023-11-10T11:33:19.777-0800][75603409ms] GC(21044) Using 10 workers of 10 for evacuation
[2023-11-10T11:33:19.782-0800][75603414ms] GC(21044)   Pre Evacuate Collection Set: 0.0ms
[2023-11-10T11:33:19.782-0800][75603414ms] GC(21044)   Evacuate Collection Set: 2.1ms
[2023-11-10T11:33:19.782-0800][75603414ms] GC(21044)   Post Evacuate Collection Set: 3.3ms
[2023-11-10T11:33:19.783-0800][75603415ms] GC(21044)   Other: 0.3ms
[2023-11-10T11:33:19.783-0800][75603415ms] GC(21044) Eden regions: 210->0(210)
[2023-11-10T11:33:19.783-0800][75603415ms] GC(21044) Survivor regions: 2->2(27)
[2023-11-10T11:33:19.783-0800][75603415ms] GC(21044) Old regions: 1401->1401
[2023-11-10T11:33:19.783-0800][75603415ms] GC(21044) Humongous regions: 5->5
[2023-11-10T11:33:19.783-0800][75603415ms] GC(21044) Metaspace: 304831K->304831K(1347584K)
[2023-11-10T11:33:19.783-0800][75603415ms] GC(21044) Pause Young (Normal) (G1 Evacuation Pause) 3233M->2813M(3602M) 5.833ms
[2023-11-10T11:33:19.783-0800][75603415ms] GC(21044) User=0.00s Sys=0.00s Real=0.01s
[2023-11-10T11:33:20.302-0800][75603934ms] GC(21045) Pause Young (Normal) (G1 Evacuation Pause)
[2023-11-10T11:33:20.302-0800][75603934ms] GC(21045) Using 10 workers of 10 for evacuation
[2023-11-10T11:33:20.309-0800][75603941ms] GC(21045)   Pre Evacuate Collection Set: 0.1ms
[2023-11-10T11:33:20.309-0800][75603941ms] GC(21045)   Evacuate Collection Set: 1.9ms
[2023-11-10T11:33:20.309-0800][75603941ms] GC(21045)   Post Evacuate Collection Set: 3.9ms
[2023-11-10T11:33:20.309-0800][75603941ms] GC(21045)   Other: 0.4ms
[2023-11-10T11:33:20.309-0800][75603941ms] GC(21045) Eden regions: 210->0(210)
[2023-11-10T11:33:20.309-0800][75603941ms] GC(21045) Survivor regions: 2->2(27)
[2023-11-10T11:33:20.309-0800][75603941ms] GC(21045) Old regions: 1401->1401
[2023-11-10T11:33:20.309-0800][75603941ms] GC(21045) Humongous regions: 5->5
[2023-11-10T11:33:20.309-0800][75603941ms] GC(21045) Metaspace: 304832K->304832K(1347584K)
[2023-11-10T11:33:20.309-0800][75603941ms] GC(21045) Pause Young (Normal) (G1 Evacuation Pause) 3233M->2814M(3602M) 6.412ms
[2023-11-10T11:33:20.309-0800][75603941ms] GC(21045) User=0.03s Sys=0.00s Real=0.01s
[2023-11-10T11:33:20.806-0800][75604438ms] GC(21046) Pause Young (Normal) (G1 Evacuation Pause)
[2023-11-10T11:33:20.806-0800][75604438ms] GC(21046) Using 10 workers of 10 for evacuation
[2023-11-10T11:33:20.813-0800][75604445ms] GC(21046)   Pre Evacuate Collection Set: 0.0ms
[2023-11-10T11:33:20.813-0800][75604445ms] GC(21046)   Evacuate Collection Set: 2.1ms
[2023-11-10T11:33:20.813-0800][75604445ms] GC(21046)   Post Evacuate Collection Set: 3.8ms
[2023-11-10T11:33:20.813-0800][75604445ms] GC(21046)   Other: 0.3ms
[2023-11-10T11:33:20.813-0800][75604445ms] GC(21046) Eden regions: 210->0(210)
[2023-11-10T11:33:20.813-0800][75604445ms] GC(21046) Survivor regions: 2->2(27)
[2023-11-10T11:33:20.813-0800][75604445ms] GC(21046) Old regions: 1401->1401
[2023-11-10T11:33:20.813-0800][75604445ms] GC(21046) Humongous regions: 5->5
[2023-11-10T11:33:20.813-0800][75604445ms] GC(21046) Metaspace: 304832K->304832K(1347584K)
[2023-11-10T11:33:20.813-0800][75604445ms] GC(21046) Pause Young (Normal) (G1 Evacuation Pause) 3234M->2814M(3602M) 6.461ms
[2023-11-10T11:33:20.813-0800][75604445ms] GC(21046) User=0.00s Sys=0.00s Real=0.01s
[2023-11-10T11:33:21.314-0800][75604946ms] GC(21047) Pause Young (Normal) (G1 Evacuation Pause)
[2023-11-10T11:33:21.314-0800][75604946ms] GC(21047) Using 10 workers of 10 for evacuation
[2023-11-10T11:33:21.322-0800][75604954ms] GC(21047)   Pre Evacuate Collection Set: 0.0ms
[2023-11-10T11:33:21.322-0800][75604954ms] GC(21047)   Evacuate Collection Set: 2.6ms
[2023-11-10T11:33:21.322-0800][75604954ms] GC(21047)   Post Evacuate Collection Set: 5.2ms
[2023-11-10T11:33:21.322-0800][75604954ms] GC(21047)   Other: 0.4ms
[2023-11-10T11:33:21.322-0800][75604954ms] GC(21047) Eden regions: 210->0(210)
[2023-11-10T11:33:21.322-0800][75604954ms] GC(21047) Survivor regions: 2->2(27)
[2023-11-10T11:33:21.322-0800][75604954ms] GC(21047) Old regions: 1401->1401
[2023-11-10T11:33:21.322-0800][75604954ms] GC(21047) Humongous regions: 5->5
[2023-11-10T11:33:21.322-0800][75604954ms] GC(21047) Metaspace: 304832K->304832K(1347584K)
[2023-11-10T11:33:21.322-0800][75604954ms] GC(21047) Pause Young (Normal) (G1 Evacuation Pause) 3234M->2814M(3602M) 8.399ms
[2023-11-10T11:33:21.323-0800][75604955ms] GC(21047) User=0.00s Sys=0.00s Real=0.01s
[2023-11-10T11:33:22.043-0800][75605675ms] GC(21048) Pause Young (Normal) (G1 Evacuation Pause)
[2023-11-10T11:33:22.043-0800][75605675ms] GC(21048) Using 10 workers of 10 for evacuation
[2023-11-10T11:33:22.051-0800][75605683ms] GC(21048)   Pre Evacuate Collection Set: 0.1ms
[2023-11-10T11:33:22.051-0800][75605683ms] GC(21048)   Evacuate Collection Set: 2.6ms
[2023-11-10T11:33:22.051-0800][75605683ms] GC(21048)   Post Evacuate Collection Set: 5.4ms
[2023-11-10T11:33:22.051-0800][75605683ms] GC(21048)   Other: 0.5ms
[2023-11-10T11:33:22.051-0800][75605683ms] GC(21048) Eden regions: 210->0(209)
[2023-11-10T11:33:22.051-0800][75605683ms] GC(21048) Survivor regions: 2->2(27)
[2023-11-10T11:33:22.051-0800][75605683ms] GC(21048) Old regions: 1401->1401
[2023-11-10T11:33:22.051-0800][75605683ms] GC(21048) Humongous regions: 5->5
[2023-11-10T11:33:22.051-0800][75605683ms] GC(21048) Metaspace: 304832K->304832K(1347584K)
[2023-11-10T11:33:22.051-0800][75605683ms] GC(21048) Pause Young (Normal) (G1 Evacuation Pause) 3234M->2814M(3602M) 8.670ms
[2023-11-10T11:33:22.052-0800][75605684ms] GC(21048) User=0.00s Sys=0.00s Real=0.01s
[2023-11-10T11:33:22.643-0800][75606275ms] GC(21049) Pause Young (Normal) (G1 Evacuation Pause)
[2023-11-10T11:33:22.643-0800][75606275ms] GC(21049) Using 10 workers of 10 for evacuation
[2023-11-10T11:33:22.651-0800][75606283ms] GC(21049)   Pre Evacuate Collection Set: 0.1ms
[2023-11-10T11:33:22.651-0800][75606283ms] GC(21049)   Evacuate Collection Set: 3.3ms
[2023-11-10T11:33:22.651-0800][75606283ms] GC(21049)   Post Evacuate Collection Set: 3.9ms
[2023-11-10T11:33:22.651-0800][75606283ms] GC(21049)   Other: 0.4ms
[2023-11-10T11:33:22.651-0800][75606283ms] GC(21049) Eden regions: 209->0(209)
[2023-11-10T11:33:22.651-0800][75606283ms] GC(21049) Survivor regions: 2->2(27)
[2023-11-10T11:33:22.651-0800][75606283ms] GC(21049) Old regions: 1401->1401
[2023-11-10T11:33:22.651-0800][75606283ms] GC(21049) Humongous regions: 5->5
[2023-11-10T11:33:22.651-0800][75606283ms] GC(21049) Metaspace: 304832K->304832K(1347584K)
[2023-11-10T11:33:22.651-0800][75606283ms] GC(21049) Pause Young (Normal) (G1 Evacuation Pause) 3232M->2814M(3602M) 7.657ms
[2023-11-10T11:33:22.651-0800][75606283ms] GC(21049) User=0.02s Sys=0.00s Real=0.01s
[2023-11-10T11:33:23.189-0800][75606821ms] GC(21050) Pause Young (Normal) (G1 Evacuation Pause)
[2023-11-10T11:33:23.189-0800][75606821ms] GC(21050) Using 10 workers of 10 for evacuation
[2023-11-10T11:33:23.195-0800][75606828ms] GC(21050)   Pre Evacuate Collection Set: 0.1ms
[2023-11-10T11:33:23.196-0800][75606828ms] GC(21050)   Evacuate Collection Set: 2.7ms
[2023-11-10T11:33:23.196-0800][75606828ms] GC(21050)   Post Evacuate Collection Set: 3.8ms
[2023-11-10T11:33:23.196-0800][75606828ms] GC(21050)   Other: 0.3ms
[2023-11-10T11:33:23.196-0800][75606828ms] GC(21050) Eden regions: 209->0(209)
[2023-11-10T11:33:23.196-0800][75606828ms] GC(21050) Survivor regions: 2->2(27)
[2023-11-10T11:33:23.196-0800][75606828ms] GC(21050) Old regions: 1401->1401
[2023-11-10T11:33:23.196-0800][75606828ms] GC(21050) Humongous regions: 5->5
[2023-11-10T11:33:23.196-0800][75606828ms] GC(21050) Metaspace: 304832K->304832K(1347584K)
[2023-11-10T11:33:23.196-0800][75606828ms] GC(21050) Pause Young (Normal) (G1 Evacuation Pause) 3232M->2814M(3602M) 6.981ms
[2023-11-10T11:33:23.196-0800][75606828ms] GC(21050) User=0.02s Sys=0.00s Real=0.01s
[2023-11-10T11:33:23.757-0800][75607389ms] GC(21051) Pause Young (Normal) (G1 Evacuation Pause)
[2023-11-10T11:33:23.757-0800][75607389ms] GC(21051) Using 10 workers of 10 for evacuation
[2023-11-10T11:33:23.764-0800][75607396ms] GC(21051)   Pre Evacuate Collection Set: 0.1ms
[2023-11-10T11:33:23.764-0800][75607396ms] GC(21051)   Evacuate Collection Set: 2.9ms
[2023-11-10T11:33:23.764-0800][75607396ms] GC(21051)   Post Evacuate Collection Set: 3.4ms
[2023-11-10T11:33:23.764-0800][75607396ms] GC(21051)   Other: 0.4ms
[2023-11-10T11:33:23.764-0800][75607396ms] GC(21051) Eden regions: 209->0(208)
[2023-11-10T11:33:23.764-0800][75607396ms] GC(21051) Survivor regions: 2->3(27)
[2023-11-10T11:33:23.764-0800][75607396ms] GC(21051) Old regions: 1401->1401
[2023-11-10T11:33:23.764-0800][75607396ms] GC(21051) Humongous regions: 5->5
[2023-11-10T11:33:23.764-0800][75607396ms] GC(21051) Metaspace: 304846K->304846K(1347584K)
[2023-11-10T11:33:23.764-0800][75607396ms] GC(21051) Pause Young (Normal) (G1 Evacuation Pause) 3232M->2815M(3602M) 6.836ms
[2023-11-10T11:33:23.764-0800][75607396ms] GC(21051) User=0.00s Sys=0.00s Real=0.01s
[2023-11-10T11:33:24.241-0800][75607873ms] GC(21052) Pause Young (Normal) (G1 Evacuation Pause)
[2023-11-10T11:33:24.241-0800][75607874ms] GC(21052) Using 10 workers of 10 for evacuation
[2023-11-10T11:33:24.249-0800][75607881ms] GC(21052)   Pre Evacuate Collection Set: 0.1ms
[2023-11-10T11:33:24.249-0800][75607881ms] GC(21052)   Evacuate Collection Set: 2.5ms
[2023-11-10T11:33:24.249-0800][75607881ms] GC(21052)   Post Evacuate Collection Set: 4.4ms
[2023-11-10T11:33:24.249-0800][75607881ms] GC(21052)   Other: 0.5ms
[2023-11-10T11:33:24.249-0800][75607881ms] GC(21052) Eden regions: 208->0(209)
[2023-11-10T11:33:24.249-0800][75607881ms] GC(21052) Survivor regions: 3->1(27)
[2023-11-10T11:33:24.249-0800][75607881ms] GC(21052) Old regions: 1401->1401
[2023-11-10T11:33:24.249-0800][75607881ms] GC(21052) Humongous regions: 5->5
[2023-11-10T11:33:24.249-0800][75607881ms] GC(21052) Metaspace: 304854K->304854K(1347584K)
[2023-11-10T11:33:24.249-0800][75607881ms] GC(21052) Pause Young (Normal) (G1 Evacuation Pause) 3231M->2812M(3602M) 7.677ms
[2023-11-10T11:33:24.249-0800][75607881ms] GC(21052) User=0.00s Sys=0.00s Real=0.01s
[2023-11-10T11:33:24.841-0800][75608473ms] GC(21053) Pause Young (Normal) (G1 Evacuation Pause)
[2023-11-10T11:33:24.841-0800][75608473ms] GC(21053) Using 10 workers of 10 for evacuation
[2023-11-10T11:33:24.847-0800][75608479ms] GC(21053)   Pre Evacuate Collection Set: 0.2ms
[2023-11-10T11:33:24.847-0800][75608479ms] GC(21053)   Evacuate Collection Set: 2.0ms
[2023-11-10T11:33:24.847-0800][75608479ms] GC(21053)   Post Evacuate Collection Set: 2.9ms
[2023-11-10T11:33:24.847-0800][75608479ms] GC(21053)   Other: 0.3ms
[2023-11-10T11:33:24.847-0800][75608479ms] GC(21053) Eden regions: 209->0(209)
[2023-11-10T11:33:24.847-0800][75608479ms] GC(21053) Survivor regions: 1->1(27)
[2023-11-10T11:33:24.847-0800][75608479ms] GC(21053) Old regions: 1401->1401
[2023-11-10T11:33:24.847-0800][75608479ms] GC(21053) Humongous regions: 5->5
[2023-11-10T11:33:24.847-0800][75608479ms] GC(21053) Metaspace: 304854K->304854K(1347584K)
[2023-11-10T11:33:24.847-0800][75608479ms] GC(21053) Pause Young (Normal) (G1 Evacuation Pause) 3230M->2812M(3602M) 5.578ms
[2023-11-10T11:33:24.847-0800][75608479ms] GC(21053) User=0.00s Sys=0.00s Real=0.01s
[2023-11-10T11:33:25.368-0800][75609000ms] GC(21054) Pause Young (Normal) (G1 Evacuation Pause)
[2023-11-10T11:33:25.368-0800][75609000ms] GC(21054) Using 10 workers of 10 for evacuation
[2023-11-10T11:33:25.373-0800][75609005ms] GC(21054)   Pre Evacuate Collection Set: 0.0ms
[2023-11-10T11:33:25.373-0800][75609005ms] GC(21054)   Evacuate Collection Set: 1.8ms
[2023-11-10T11:33:25.373-0800][75609005ms] GC(21054)   Post Evacuate Collection Set: 3.1ms
[2023-11-10T11:33:25.373-0800][75609005ms] GC(21054)   Other: 0.2ms
[2023-11-10T11:33:25.373-0800][75609005ms] GC(21054) Eden regions: 209->0(209)
[2023-11-10T11:33:25.373-0800][75609005ms] GC(21054) Survivor regions: 1->1(27)
[2023-11-10T11:33:25.373-0800][75609005ms] GC(21054) Old regions: 1401->1401
[2023-11-10T11:33:25.373-0800][75609005ms] GC(21054) Humongous regions: 5->5
[2023-11-10T11:33:25.373-0800][75609005ms] GC(21054) Metaspace: 304854K->304854K(1347584K)
[2023-11-10T11:33:25.373-0800][75609005ms] GC(21054) Pause Young (Normal) (G1 Evacuation Pause) 3230M->2812M(3602M) 5.275ms
[2023-11-10T11:33:25.373-0800][75609005ms] GC(21054) User=0.00s Sys=0.00s Real=0.00s
[2023-11-10T11:33:25.938-0800][75609570ms] GC(21055) Pause Young (Normal) (G1 Evacuation Pause)
[2023-11-10T11:33:25.938-0800][75609570ms] GC(21055) Using 10 workers of 10 for evacuation
[2023-11-10T11:33:25.944-0800][75609576ms] GC(21055)   Pre Evacuate Collection Set: 0.0ms
[2023-11-10T11:33:25.944-0800][75609576ms] GC(21055)   Evacuate Collection Set: 2.1ms
[2023-11-10T11:33:25.944-0800][75609576ms] GC(21055)   Post Evacuate Collection Set: 3.8ms
[2023-11-10T11:33:25.944-0800][75609576ms] GC(21055)   Other: 0.3ms
[2023-11-10T11:33:25.944-0800][75609576ms] GC(21055) Eden regions: 209->0(209)
[2023-11-10T11:33:25.944-0800][75609576ms] GC(21055) Survivor regions: 1->1(27)
[2023-11-10T11:33:25.944-0800][75609576ms] GC(21055) Old regions: 1401->1401
[2023-11-10T11:33:25.944-0800][75609576ms] GC(21055) Humongous regions: 5->5
[2023-11-10T11:33:25.944-0800][75609576ms] GC(21055) Metaspace: 304854K->304854K(1347584K)
[2023-11-10T11:33:25.944-0800][75609576ms] GC(21055) Pause Young (Normal) (G1 Evacuation Pause) 3230M->2812M(3602M) 6.343ms
[2023-11-10T11:33:25.944-0800][75609576ms] GC(21055) User=0.00s Sys=0.00s Real=0.01s
[2023-11-10T11:33:26.469-0800][75610101ms] GC(21056) Pause Young (Normal) (G1 Evacuation Pause)
[2023-11-10T11:33:26.469-0800][75610101ms] GC(21056) Using 10 workers of 10 for evacuation
[2023-11-10T11:33:26.474-0800][75610106ms] GC(21056)   Pre Evacuate Collection Set: 0.0ms
[2023-11-10T11:33:26.474-0800][75610106ms] GC(21056)   Evacuate Collection Set: 1.7ms
[2023-11-10T11:33:26.474-0800][75610106ms] GC(21056)   Post Evacuate Collection Set: 3.7ms
[2023-11-10T11:33:26.474-0800][75610106ms] GC(21056)   Other: 0.3ms
[2023-11-10T11:33:26.474-0800][75610106ms] GC(21056) Eden regions: 209->0(209)
[2023-11-10T11:33:26.474-0800][75610106ms] GC(21056) Survivor regions: 1->1(27)
[2023-11-10T11:33:26.474-0800][75610106ms] GC(21056) Old regions: 1401->1401
[2023-11-10T11:33:26.474-0800][75610106ms] GC(21056) Humongous regions: 5->5
[2023-11-10T11:33:26.474-0800][75610106ms] GC(21056) Metaspace: 304854K->304854K(1347584K)
[2023-11-10T11:33:26.474-0800][75610106ms] GC(21056) Pause Young (Normal) (G1 Evacuation Pause) 3230M->2812M(3602M) 5.719ms
[2023-11-10T11:33:26.474-0800][75610106ms] GC(21056) User=0.00s Sys=0.00s Real=0.00s
[2023-11-10T11:33:26.991-0800][75610623ms] GC(21057) Pause Young (Normal) (G1 Evacuation Pause)
[2023-11-10T11:33:26.991-0800][75610623ms] GC(21057) Using 10 workers of 10 for evacuation
[2023-11-10T11:33:26.996-0800][75610628ms] GC(21057)   Pre Evacuate Collection Set: 0.0ms
[2023-11-10T11:33:26.996-0800][75610628ms] GC(21057)   Evacuate Collection Set: 1.9ms
[2023-11-10T11:33:26.996-0800][75610628ms] GC(21057)   Post Evacuate Collection Set: 3.1ms
[2023-11-10T11:33:26.996-0800][75610628ms] GC(21057)   Other: 0.4ms
[2023-11-10T11:33:26.996-0800][75610628ms] GC(21057) Eden regions: 209->0(210)
[2023-11-10T11:33:26.996-0800][75610628ms] GC(21057) Survivor regions: 1->1(27)
[2023-11-10T11:33:26.996-0800][75610628ms] GC(21057) Old regions: 1401->1401
[2023-11-10T11:33:26.996-0800][75610628ms] GC(21057) Humongous regions: 5->5
[2023-11-10T11:33:26.996-0800][75610628ms] GC(21057) Metaspace: 304854K->304854K(1347584K)
[2023-11-10T11:33:26.996-0800][75610628ms] GC(21057) Pause Young (Normal) (G1 Evacuation Pause) 3230M->2812M(3602M) 5.539ms
[2023-11-10T11:33:26.996-0800][75610628ms] GC(21057) User=0.14s Sys=0.00s Real=0.01s
[2023-11-10T11:33:27.427-0800][75611059ms] GC(21058) Pause Young (Normal) (G1 Evacuation Pause)
[2023-11-10T11:33:27.427-0800][75611059ms] GC(21058) Using 10 workers of 10 for evacuation
[2023-11-10T11:33:27.431-0800][75611063ms] GC(21058)   Pre Evacuate Collection Set: 0.0ms
[2023-11-10T11:33:27.431-0800][75611063ms] GC(21058)   Evacuate Collection Set: 1.7ms
[2023-11-10T11:33:27.431-0800][75611063ms] GC(21058)   Post Evacuate Collection Set: 3.0ms
[2023-11-10T11:33:27.431-0800][75611063ms] GC(21058)   Other: 0.3ms
[2023-11-10T11:33:27.431-0800][75611063ms] GC(21058) Eden regions: 210->0(210)
[2023-11-10T11:33:27.432-0800][75611064ms] GC(21058) Survivor regions: 1->1(27)
[2023-11-10T11:33:27.432-0800][75611064ms] GC(21058) Old regions: 1401->1401
[2023-11-10T11:33:27.432-0800][75611064ms] GC(21058) Humongous regions: 5->5
[2023-11-10T11:33:27.432-0800][75611064ms] GC(21058) Metaspace: 304854K->304854K(1347584K)
[2023-11-10T11:33:27.432-0800][75611064ms] GC(21058) Pause Young (Normal) (G1 Evacuation Pause) 3232M->2812M(3602M) 5.131ms
[2023-11-10T11:33:27.432-0800][75611064ms] GC(21058) User=0.02s Sys=0.00s Real=0.00s
[2023-11-10T11:33:27.907-0800][75611539ms] GC(21059) Pause Young (Normal) (G1 Evacuation Pause)
[2023-11-10T11:33:27.907-0800][75611539ms] GC(21059) Using 10 workers of 10 for evacuation
[2023-11-10T11:33:27.912-0800][75611544ms] GC(21059)   Pre Evacuate Collection Set: 0.0ms
[2023-11-10T11:33:27.912-0800][75611544ms] GC(21059)   Evacuate Collection Set: 1.7ms
[2023-11-10T11:33:27.912-0800][75611544ms] GC(21059)   Post Evacuate Collection Set: 3.3ms
[2023-11-10T11:33:27.912-0800][75611544ms] GC(21059)   Other: 0.3ms
[2023-11-10T11:33:27.912-0800][75611544ms] GC(21059) Eden regions: 210->0(210)
[2023-11-10T11:33:27.912-0800][75611544ms] GC(21059) Survivor regions: 1->1(27)
[2023-11-10T11:33:27.912-0800][75611544ms] GC(21059) Old regions: 1401->1401
[2023-11-10T11:33:27.913-0800][75611545ms] GC(21059) Humongous regions: 5->5
[2023-11-10T11:33:27.913-0800][75611545ms] GC(21059) Metaspace: 304854K->304854K(1347584K)
[2023-11-10T11:33:27.913-0800][75611545ms] GC(21059) Pause Young (Normal) (G1 Evacuation Pause) 3232M->2812M(3602M) 5.432ms
[2023-11-10T11:33:27.913-0800][75611545ms] GC(21059) User=0.00s Sys=0.00s Real=0.01s
[2023-11-10T11:33:28.451-0800][75612083ms] GC(21060) Pause Young (Normal) (G1 Evacuation Pause)
[2023-11-10T11:33:28.451-0800][75612083ms] GC(21060) Using 10 workers of 10 for evacuation
[2023-11-10T11:33:28.457-0800][75612089ms] GC(21060)   Pre Evacuate Collection Set: 0.0ms
[2023-11-10T11:33:28.457-0800][75612089ms] GC(21060)   Evacuate Collection Set: 1.8ms
[2023-11-10T11:33:28.457-0800][75612089ms] GC(21060)   Post Evacuate Collection Set: 3.5ms
[2023-11-10T11:33:28.457-0800][75612089ms] GC(21060)   Other: 0.4ms
[2023-11-10T11:33:28.457-0800][75612089ms] GC(21060) Eden regions: 210->0(210)
[2023-11-10T11:33:28.457-0800][75612089ms] GC(21060) Survivor regions: 1->1(27)
[2023-11-10T11:33:28.457-0800][75612089ms] GC(21060) Old regions: 1401->1401
[2023-11-10T11:33:28.457-0800][75612089ms] GC(21060) Humongous regions: 5->5
[2023-11-10T11:33:28.457-0800][75612089ms] GC(21060) Metaspace: 304854K->304854K(1347584K)
[2023-11-10T11:33:28.457-0800][75612089ms] GC(21060) Pause Young (Normal) (G1 Evacuation Pause) 3232M->2812M(3602M) 5.860ms
[2023-11-10T11:33:28.457-0800][75612089ms] GC(21060) User=0.00s Sys=0.00s Real=0.01s
[2023-11-10T11:33:29.033-0800][75612665ms] GC(21061) Pause Young (Normal) (G1 Evacuation Pause)
[2023-11-10T11:33:29.033-0800][75612665ms] GC(21061) Using 10 workers of 10 for evacuation
[2023-11-10T11:33:29.037-0800][75612669ms] GC(21061)   Pre Evacuate Collection Set: 0.0ms
[2023-11-10T11:33:29.037-0800][75612669ms] GC(21061)   Evacuate Collection Set: 1.8ms
[2023-11-10T11:33:29.037-0800][75612669ms] GC(21061)   Post Evacuate Collection Set: 3.2ms
[2023-11-10T11:33:29.037-0800][75612669ms] GC(21061)   Other: 0.3ms
[2023-11-10T11:33:29.037-0800][75612669ms] GC(21061) Eden regions: 210->0(210)
[2023-11-10T11:33:29.037-0800][75612669ms] GC(21061) Survivor regions: 1->1(27)
[2023-11-10T11:33:29.037-0800][75612669ms] GC(21061) Old regions: 1401->1401
[2023-11-10T11:33:29.037-0800][75612669ms] GC(21061) Humongous regions: 5->5
[2023-11-10T11:33:29.037-0800][75612669ms] GC(21061) Metaspace: 304854K->304854K(1347584K)
[2023-11-10T11:33:29.037-0800][75612669ms] GC(21061) Pause Young (Normal) (G1 Evacuation Pause) 3232M->2812M(3602M) 5.390ms
[2023-11-10T11:33:29.038-0800][75612670ms] GC(21061) User=0.00s Sys=0.00s Real=0.01s
[2023-11-10T11:33:29.506-0800][75613138ms] GC(21062) Pause Young (Normal) (G1 Evacuation Pause)
[2023-11-10T11:33:29.506-0800][75613138ms] GC(21062) Using 10 workers of 10 for evacuation
[2023-11-10T11:33:29.512-0800][75613144ms] GC(21062)   Pre Evacuate Collection Set: 0.1ms
[2023-11-10T11:33:29.512-0800][75613144ms] GC(21062)   Evacuate Collection Set: 1.7ms
[2023-11-10T11:33:29.512-0800][75613144ms] GC(21062)   Post Evacuate Collection Set: 3.1ms
[2023-11-10T11:33:29.512-0800][75613144ms] GC(21062)   Other: 0.3ms
[2023-11-10T11:33:29.512-0800][75613144ms] GC(21062) Eden regions: 210->0(210)
[2023-11-10T11:33:29.512-0800][75613144ms] GC(21062) Survivor regions: 1->1(27)
[2023-11-10T11:33:29.512-0800][75613144ms] GC(21062) Old regions: 1401->1401
[2023-11-10T11:33:29.512-0800][75613144ms] GC(21062) Humongous regions: 5->5
[2023-11-10T11:33:29.512-0800][75613144ms] GC(21062) Metaspace: 304854K->304854K(1347584K)
[2023-11-10T11:33:29.512-0800][75613144ms] GC(21062) Pause Young (Normal) (G1 Evacuation Pause) 3232M->2812M(3602M) 5.137ms
[2023-11-10T11:33:29.512-0800][75613144ms] GC(21062) User=0.00s Sys=0.00s Real=0.01s
[2023-11-10T11:33:30.006-0800][75613638ms] GC(21063) Pause Young (Normal) (G1 Evacuation Pause)
[2023-11-10T11:33:30.006-0800][75613638ms] GC(21063) Using 10 workers of 10 for evacuation
[2023-11-10T11:33:30.012-0800][75613644ms] GC(21063)   Pre Evacuate Collection Set: 0.0ms
[2023-11-10T11:33:30.012-0800][75613644ms] GC(21063)   Evacuate Collection Set: 2.2ms
[2023-11-10T11:33:30.012-0800][75613644ms] GC(21063)   Post Evacuate Collection Set: 3.2ms
[2023-11-10T11:33:30.012-0800][75613644ms] GC(21063)   Other: 0.3ms
[2023-11-10T11:33:30.012-0800][75613644ms] GC(21063) Eden regions: 210->0(210)
[2023-11-10T11:33:30.012-0800][75613644ms] GC(21063) Survivor regions: 1->1(27)
[2023-11-10T11:33:30.012-0800][75613644ms] GC(21063) Old regions: 1401->1402
[2023-11-10T11:33:30.012-0800][75613644ms] GC(21063) Humongous regions: 5->5
[2023-11-10T11:33:30.012-0800][75613644ms] GC(21063) Metaspace: 304854K->304854K(1347584K)
[2023-11-10T11:33:30.012-0800][75613644ms] GC(21063) Pause Young (Normal) (G1 Evacuation Pause) 3232M->2812M(3602M) 5.818ms
[2023-11-10T11:33:30.012-0800][75613644ms] GC(21063) User=0.00s Sys=0.00s Real=0.01s
[2023-11-10T11:33:30.567-0800][75614199ms] GC(21064) Pause Young (Normal) (G1 Evacuation Pause)
[2023-11-10T11:33:30.567-0800][75614199ms] GC(21064) Using 10 workers of 10 for evacuation
[2023-11-10T11:33:30.574-0800][75614206ms] GC(21064)   Pre Evacuate Collection Set: 0.1ms
[2023-11-10T11:33:30.574-0800][75614206ms] GC(21064)   Evacuate Collection Set: 2.3ms
[2023-11-10T11:33:30.574-0800][75614206ms] GC(21064)   Post Evacuate Collection Set: 5.5ms
[2023-11-10T11:33:30.574-0800][75614206ms] GC(21064)   Other: 0.4ms
[2023-11-10T11:33:30.574-0800][75614206ms] GC(21064) Eden regions: 210->0(210)
[2023-11-10T11:33:30.574-0800][75614206ms] GC(21064) Survivor regions: 1->1(27)
[2023-11-10T11:33:30.574-0800][75614206ms] GC(21064) Old regions: 1402->1402
[2023-11-10T11:33:30.574-0800][75614206ms] GC(21064) Humongous regions: 5->5
[2023-11-10T11:33:30.574-0800][75614206ms] GC(21064) Metaspace: 304854K->304854K(1347584K)
[2023-11-10T11:33:30.574-0800][75614206ms] GC(21064) Pause Young (Normal) (G1 Evacuation Pause) 3232M->2813M(3602M) 8.406ms
[2023-11-10T11:33:30.574-0800][75614206ms] GC(21064) User=0.02s Sys=0.00s Real=0.01s
[2023-11-10T11:33:31.159-0800][75614791ms] GC(21065) Pause Young (Normal) (G1 Evacuation Pause)
[2023-11-10T11:33:31.159-0800][75614791ms] GC(21065) Using 10 workers of 10 for evacuation
[2023-11-10T11:33:31.165-0800][75614797ms] GC(21065)   Pre Evacuate Collection Set: 0.1ms
[2023-11-10T11:33:31.165-0800][75614797ms] GC(21065)   Evacuate Collection Set: 2.1ms
[2023-11-10T11:33:31.165-0800][75614797ms] GC(21065)   Post Evacuate Collection Set: 3.5ms
[2023-11-10T11:33:31.165-0800][75614797ms] GC(21065)   Other: 0.3ms
[2023-11-10T11:33:31.165-0800][75614797ms] GC(21065) Eden regions: 210->0(210)
[2023-11-10T11:33:31.165-0800][75614797ms] GC(21065) Survivor regions: 1->1(27)
[2023-11-10T11:33:31.165-0800][75614797ms] GC(21065) Old regions: 1402->1402
[2023-11-10T11:33:31.165-0800][75614797ms] GC(21065) Humongous regions: 5->5
[2023-11-10T11:33:31.165-0800][75614797ms] GC(21065) Metaspace: 304854K->304854K(1347584K)
[2023-11-10T11:33:31.165-0800][75614797ms] GC(21065) Pause Young (Normal) (G1 Evacuation Pause) 3233M->2813M(3602M) 6.087ms
[2023-11-10T11:33:31.165-0800][75614797ms] GC(21065) User=0.00s Sys=0.00s Real=0.01s
[2023-11-10T11:33:31.718-0800][75615350ms] GC(21066) Pause Young (Normal) (G1 Evacuation Pause)
[2023-11-10T11:33:31.718-0800][75615350ms] GC(21066) Using 10 workers of 10 for evacuation
[2023-11-10T11:33:31.729-0800][75615361ms] GC(21066)   Pre Evacuate Collection Set: 0.1ms
[2023-11-10T11:33:31.729-0800][75615361ms] GC(21066)   Evacuate Collection Set: 3.1ms
[2023-11-10T11:33:31.729-0800][75615361ms] GC(21066)   Post Evacuate Collection Set: 6.8ms
[2023-11-10T11:33:31.729-0800][75615361ms] GC(21066)   Other: 0.5ms
[2023-11-10T11:33:31.729-0800][75615361ms] GC(21066) Eden regions: 210->0(210)
[2023-11-10T11:33:31.729-0800][75615361ms] GC(21066) Survivor regions: 1->1(27)
[2023-11-10T11:33:31.729-0800][75615361ms] GC(21066) Old regions: 1402->1402
[2023-11-10T11:33:31.729-0800][75615361ms] GC(21066) Humongous regions: 5->5
[2023-11-10T11:33:31.729-0800][75615361ms] GC(21066) Metaspace: 304854K->304854K(1347584K)
[2023-11-10T11:33:31.729-0800][75615361ms] GC(21066) Pause Young (Normal) (G1 Evacuation Pause) 3233M->2813M(3602M) 10.749ms
[2023-11-10T11:33:31.729-0800][75615361ms] GC(21066) User=0.02s Sys=0.00s Real=0.01s
[2023-11-10T11:33:32.370-0800][75616002ms] GC(21067) Pause Young (Normal) (GCLocker Initiated GC)
[2023-11-10T11:33:32.370-0800][75616002ms] GC(21067) Using 10 workers of 10 for evacuation
[2023-11-10T11:33:32.377-0800][75616009ms] GC(21067)   Pre Evacuate Collection Set: 0.0ms
[2023-11-10T11:33:32.377-0800][75616009ms] GC(21067)   Evacuate Collection Set: 2.0ms
[2023-11-10T11:33:32.377-0800][75616009ms] GC(21067)   Post Evacuate Collection Set: 3.9ms
[2023-11-10T11:33:32.377-0800][75616009ms] GC(21067)   Other: 0.3ms
[2023-11-10T11:33:32.377-0800][75616009ms] GC(21067) Eden regions: 211->0(210)
[2023-11-10T11:33:32.377-0800][75616009ms] GC(21067) Survivor regions: 1->1(27)
[2023-11-10T11:33:32.377-0800][75616009ms] GC(21067) Old regions: 1402->1402
[2023-11-10T11:33:32.377-0800][75616009ms] GC(21067) Humongous regions: 5->5
[2023-11-10T11:33:32.377-0800][75616009ms] GC(21067) Metaspace: 304854K->304854K(1347584K)
[2023-11-10T11:33:32.377-0800][75616009ms] GC(21067) Pause Young (Normal) (GCLocker Initiated GC) 3233M->2813M(3602M) 6.268ms
[2023-11-10T11:33:32.377-0800][75616009ms] GC(21067) User=0.00s Sys=0.00s Real=0.01s
[2023-11-10T11:33:32.927-0800][75616559ms] GC(21068) Pause Young (Normal) (GCLocker Initiated GC)
[2023-11-10T11:33:32.927-0800][75616559ms] GC(21068) Using 10 workers of 10 for evacuation
[2023-11-10T11:33:32.934-0800][75616566ms] GC(21068)   Pre Evacuate Collection Set: 0.1ms
[2023-11-10T11:33:32.934-0800][75616566ms] GC(21068)   Evacuate Collection Set: 2.5ms
[2023-11-10T11:33:32.934-0800][75616566ms] GC(21068)   Post Evacuate Collection Set: 3.9ms
[2023-11-10T11:33:32.934-0800][75616566ms] GC(21068)   Other: 0.5ms
[2023-11-10T11:33:32.934-0800][75616566ms] GC(21068) Eden regions: 210->0(210)
[2023-11-10T11:33:32.934-0800][75616566ms] GC(21068) Survivor regions: 1->1(27)
[2023-11-10T11:33:32.934-0800][75616566ms] GC(21068) Old regions: 1402->1402
[2023-11-10T11:33:32.934-0800][75616566ms] GC(21068) Humongous regions: 5->5
[2023-11-10T11:33:32.934-0800][75616566ms] GC(21068) Metaspace: 304854K->304854K(1347584K)
[2023-11-10T11:33:32.934-0800][75616566ms] GC(21068) Pause Young (Normal) (GCLocker Initiated GC) 3233M->2813M(3602M) 7.080ms
[2023-11-10T11:33:32.934-0800][75616566ms] GC(21068) User=0.06s Sys=0.00s Real=0.01s
[2023-11-10T11:33:33.496-0800][75617128ms] GC(21069) Pause Young (Normal) (GCLocker Initiated GC)
[2023-11-10T11:33:33.496-0800][75617128ms] GC(21069) Using 10 workers of 10 for evacuation
[2023-11-10T11:33:33.501-0800][75617133ms] GC(21069)   Pre Evacuate Collection Set: 0.0ms
[2023-11-10T11:33:33.501-0800][75617133ms] GC(21069)   Evacuate Collection Set: 1.7ms
[2023-11-10T11:33:33.501-0800][75617133ms] GC(21069)   Post Evacuate Collection Set: 3.2ms
[2023-11-10T11:33:33.501-0800][75617133ms] GC(21069)   Other: 0.2ms
[2023-11-10T11:33:33.501-0800][75617133ms] GC(21069) Eden regions: 210->0(210)
[2023-11-10T11:33:33.501-0800][75617133ms] GC(21069) Survivor regions: 1->1(27)
[2023-11-10T11:33:33.501-0800][75617133ms] GC(21069) Old regions: 1402->1402
[2023-11-10T11:33:33.501-0800][75617133ms] GC(21069) Humongous regions: 5->5
[2023-11-10T11:33:33.501-0800][75617133ms] GC(21069) Metaspace: 304854K->304854K(1347584K)
[2023-11-10T11:33:33.501-0800][75617133ms] GC(21069) Pause Young (Normal) (GCLocker Initiated GC) 3233M->2813M(3602M) 5.309ms
[2023-11-10T11:33:33.501-0800][75617133ms] GC(21069) User=0.00s Sys=0.00s Real=0.00s
[2023-11-10T11:33:34.009-0800][75617641ms] GC(21070) Pause Young (Normal) (G1 Evacuation Pause)
[2023-11-10T11:33:34.009-0800][75617641ms] GC(21070) Using 10 workers of 10 for evacuation
[2023-11-10T11:33:34.015-0800][75617647ms] GC(21070)   Pre Evacuate Collection Set: 0.1ms
[2023-11-10T11:33:34.015-0800][75617647ms] GC(21070)   Evacuate Collection Set: 1.8ms
[2023-11-10T11:33:34.015-0800][75617647ms] GC(21070)   Post Evacuate Collection Set: 3.0ms
[2023-11-10T11:33:34.015-0800][75617647ms] GC(21070)   Other: 0.3ms
[2023-11-10T11:33:34.015-0800][75617647ms] GC(21070) Eden regions: 210->0(210)
[2023-11-10T11:33:34.015-0800][75617647ms] GC(21070) Survivor regions: 1->1(27)
[2023-11-10T11:33:34.015-0800][75617647ms] GC(21070) Old regions: 1402->1402
[2023-11-10T11:33:34.015-0800][75617647ms] GC(21070) Humongous regions: 5->5
[2023-11-10T11:33:34.015-0800][75617647ms] GC(21070) Metaspace: 304854K->304854K(1347584K)
[2023-11-10T11:33:34.015-0800][75617647ms] GC(21070) Pause Young (Normal) (G1 Evacuation Pause) 3233M->2813M(3602M) 5.314ms
[2023-11-10T11:33:34.015-0800][75617647ms] GC(21070) User=0.00s Sys=0.00s Real=0.01s
[2023-11-10T11:33:34.549-0800][75618181ms] GC(21071) Pause Young (Normal) (G1 Evacuation Pause)
[2023-11-10T11:33:34.549-0800][75618181ms] GC(21071) Using 10 workers of 10 for evacuation
[2023-11-10T11:33:34.557-0800][75618189ms] GC(21071)   Pre Evacuate Collection Set: 0.1ms
[2023-11-10T11:33:34.557-0800][75618189ms] GC(21071)   Evacuate Collection Set: 2.7ms
[2023-11-10T11:33:34.557-0800][75618189ms] GC(21071)   Post Evacuate Collection Set: 4.1ms
[2023-11-10T11:33:34.557-0800][75618189ms] GC(21071)   Other: 0.4ms
[2023-11-10T11:33:34.557-0800][75618189ms] GC(21071) Eden regions: 210->0(210)
[2023-11-10T11:33:34.557-0800][75618189ms] GC(21071) Survivor regions: 1->1(27)
[2023-11-10T11:33:34.557-0800][75618189ms] GC(21071) Old regions: 1402->1402
[2023-11-10T11:33:34.557-0800][75618189ms] GC(21071) Humongous regions: 5->5
[2023-11-10T11:33:34.557-0800][75618189ms] GC(21071) Metaspace: 304854K->304854K(1347584K)
[2023-11-10T11:33:34.557-0800][75618189ms] GC(21071) Pause Young (Normal) (G1 Evacuation Pause) 3233M->2813M(3602M) 7.319ms
[2023-11-10T11:33:34.557-0800][75618189ms] GC(21071) User=0.02s Sys=0.00s Real=0.01s
[2023-11-10T11:33:35.189-0800][75618821ms] GC(21072) Pause Young (Normal) (G1 Evacuation Pause)
[2023-11-10T11:33:35.189-0800][75618821ms] GC(21072) Using 10 workers of 10 for evacuation
[2023-11-10T11:33:35.194-0800][75618826ms] GC(21072)   Pre Evacuate Collection Set: 0.0ms
[2023-11-10T11:33:35.194-0800][75618826ms] GC(21072)   Evacuate Collection Set: 1.7ms
[2023-11-10T11:33:35.194-0800][75618826ms] GC(21072)   Post Evacuate Collection Set: 3.2ms
[2023-11-10T11:33:35.194-0800][75618826ms] GC(21072)   Other: 0.2ms
[2023-11-10T11:33:35.194-0800][75618826ms] GC(21072) Eden regions: 210->0(210)
[2023-11-10T11:33:35.194-0800][75618826ms] GC(21072) Survivor regions: 1->1(27)
[2023-11-10T11:33:35.194-0800][75618826ms] GC(21072) Old regions: 1402->1402
[2023-11-10T11:33:35.194-0800][75618826ms] GC(21072) Humongous regions: 5->5
[2023-11-10T11:33:35.194-0800][75618826ms] GC(21072) Metaspace: 304854K->304854K(1347584K)
[2023-11-10T11:33:35.194-0800][75618826ms] GC(21072) Pause Young (Normal) (G1 Evacuation Pause) 3233M->2813M(3602M) 5.277ms
[2023-11-10T11:33:35.194-0800][75618826ms] GC(21072) User=0.00s Sys=0.00s Real=0.01s
[2023-11-10T11:33:35.728-0800][75619360ms] GC(21073) Pause Young (Normal) (G1 Evacuation Pause)
[2023-11-10T11:33:35.728-0800][75619360ms] GC(21073) Using 10 workers of 10 for evacuation
[2023-11-10T11:33:35.734-0800][75619366ms] GC(21073)   Pre Evacuate Collection Set: 0.1ms
[2023-11-10T11:33:35.734-0800][75619366ms] GC(21073)   Evacuate Collection Set: 1.9ms
[2023-11-10T11:33:35.734-0800][75619366ms] GC(21073)   Post Evacuate Collection Set: 3.2ms
[2023-11-10T11:33:35.734-0800][75619366ms] GC(21073)   Other: 0.3ms
[2023-11-10T11:33:35.734-0800][75619366ms] GC(21073) Eden regions: 210->0(210)
[2023-11-10T11:33:35.734-0800][75619366ms] GC(21073) Survivor regions: 1->1(27)
[2023-11-10T11:33:35.734-0800][75619366ms] GC(21073) Old regions: 1402->1402
[2023-11-10T11:33:35.734-0800][75619366ms] GC(21073) Humongous regions: 5->5
[2023-11-10T11:33:35.734-0800][75619366ms] GC(21073) Metaspace: 304854K->304854K(1347584K)
[2023-11-10T11:33:35.734-0800][75619366ms] GC(21073) Pause Young (Normal) (G1 Evacuation Pause) 3233M->2813M(3602M) 5.507ms
[2023-11-10T11:33:35.734-0800][75619366ms] GC(21073) User=0.00s Sys=0.00s Real=0.01s
[2023-11-10T11:33:36.175-0800][75619807ms] GC(21074) Pause Young (Normal) (G1 Evacuation Pause)
[2023-11-10T11:33:36.175-0800][75619807ms] GC(21074) Using 10 workers of 10 for evacuation
[2023-11-10T11:33:36.181-0800][75619813ms] GC(21074)   Pre Evacuate Collection Set: 0.1ms
[2023-11-10T11:33:36.181-0800][75619813ms] GC(21074)   Evacuate Collection Set: 2.0ms
[2023-11-10T11:33:36.181-0800][75619813ms] GC(21074)   Post Evacuate Collection Set: 3.5ms
[2023-11-10T11:33:36.181-0800][75619813ms] GC(21074)   Other: 0.3ms
[2023-11-10T11:33:36.181-0800][75619813ms] GC(21074) Eden regions: 210->0(210)
[2023-11-10T11:33:36.181-0800][75619813ms] GC(21074) Survivor regions: 1->1(27)
[2023-11-10T11:33:36.181-0800][75619813ms] GC(21074) Old regions: 1402->1402
[2023-11-10T11:33:36.181-0800][75619813ms] GC(21074) Humongous regions: 5->5
[2023-11-10T11:33:36.181-0800][75619813ms] GC(21074) Metaspace: 304854K->304854K(1347584K)
[2023-11-10T11:33:36.181-0800][75619813ms] GC(21074) Pause Young (Normal) (G1 Evacuation Pause) 3233M->2813M(3602M) 5.966ms
[2023-11-10T11:33:36.181-0800][75619813ms] GC(21074) User=0.02s Sys=0.00s Real=0.01s
[2023-11-10T11:33:36.726-0800][75620358ms] GC(21075) Pause Young (Normal) (G1 Evacuation Pause)
[2023-11-10T11:33:36.726-0800][75620358ms] GC(21075) Using 10 workers of 10 for evacuation
[2023-11-10T11:33:36.730-0800][75620362ms] GC(21075)   Pre Evacuate Collection Set: 0.0ms
[2023-11-10T11:33:36.730-0800][75620362ms] GC(21075)   Evacuate Collection Set: 1.9ms
[2023-11-10T11:33:36.730-0800][75620362ms] GC(21075)   Post Evacuate Collection Set: 2.9ms
[2023-11-10T11:33:36.730-0800][75620362ms] GC(21075)   Other: 0.3ms
[2023-11-10T11:33:36.730-0800][75620362ms] GC(21075) Eden regions: 210->0(210)
[2023-11-10T11:33:36.730-0800][75620362ms] GC(21075) Survivor regions: 1->1(27)
[2023-11-10T11:33:36.730-0800][75620362ms] GC(21075) Old regions: 1402->1402
[2023-11-10T11:33:36.730-0800][75620362ms] GC(21075) Humongous regions: 5->5
[2023-11-10T11:33:36.730-0800][75620362ms] GC(21075) Metaspace: 304854K->304854K(1347584K)
[2023-11-10T11:33:36.730-0800][75620362ms] GC(21075) Pause Young (Normal) (G1 Evacuation Pause) 3233M->2814M(3602M) 5.216ms
[2023-11-10T11:33:36.730-0800][75620362ms] GC(21075) User=0.00s Sys=0.00s Real=0.00s
[2023-11-10T11:33:37.183-0800][75620815ms] GC(21076) Pause Young (Normal) (G1 Evacuation Pause)
[2023-11-10T11:33:37.183-0800][75620815ms] GC(21076) Using 10 workers of 10 for evacuation
[2023-11-10T11:33:37.188-0800][75620820ms] GC(21076)   Pre Evacuate Collection Set: 0.0ms
[2023-11-10T11:33:37.188-0800][75620820ms] GC(21076)   Evacuate Collection Set: 1.7ms
[2023-11-10T11:33:37.188-0800][75620820ms] GC(21076)   Post Evacuate Collection Set: 3.1ms
[2023-11-10T11:33:37.188-0800][75620820ms] GC(21076)   Other: 0.3ms
[2023-11-10T11:33:37.188-0800][75620820ms] GC(21076) Eden regions: 210->0(210)
[2023-11-10T11:33:37.188-0800][75620820ms] GC(21076) Survivor regions: 1->1(27)
[2023-11-10T11:33:37.188-0800][75620820ms] GC(21076) Old regions: 1402->1402
[2023-11-10T11:33:37.188-0800][75620820ms] GC(21076) Humongous regions: 5->5
[2023-11-10T11:33:37.188-0800][75620820ms] GC(21076) Metaspace: 304854K->304854K(1347584K)
[2023-11-10T11:33:37.188-0800][75620820ms] GC(21076) Pause Young (Normal) (G1 Evacuation Pause) 3234M->2813M(3602M) 5.202ms
[2023-11-10T11:33:37.188-0800][75620820ms] GC(21076) User=0.00s Sys=0.00s Real=0.00s
[2023-11-10T11:33:37.651-0800][75621283ms] GC(21077) Pause Young (Normal) (G1 Evacuation Pause)
[2023-11-10T11:33:37.651-0800][75621283ms] GC(21077) Using 10 workers of 10 for evacuation
[2023-11-10T11:33:37.656-0800][75621288ms] GC(21077)   Pre Evacuate Collection Set: 0.0ms
[2023-11-10T11:33:37.656-0800][75621288ms] GC(21077)   Evacuate Collection Set: 1.6ms
[2023-11-10T11:33:37.656-0800][75621288ms] GC(21077)   Post Evacuate Collection Set: 3.1ms
[2023-11-10T11:33:37.656-0800][75621288ms] GC(21077)   Other: 0.2ms
[2023-11-10T11:33:37.656-0800][75621288ms] GC(21077) Eden regions: 210->0(210)
[2023-11-10T11:33:37.656-0800][75621288ms] GC(21077) Survivor regions: 1->1(27)
[2023-11-10T11:33:37.656-0800][75621288ms] GC(21077) Old regions: 1402->1402
[2023-11-10T11:33:37.656-0800][75621288ms] GC(21077) Humongous regions: 5->5
[2023-11-10T11:33:37.656-0800][75621288ms] GC(21077) Metaspace: 304854K->304854K(1347584K)
[2023-11-10T11:33:37.656-0800][75621288ms] GC(21077) Pause Young (Normal) (G1 Evacuation Pause) 3233M->2813M(3602M) 5.139ms
[2023-11-10T11:33:37.656-0800][75621288ms] GC(21077) User=0.00s Sys=0.00s Real=0.00s
[2023-11-10T11:33:38.156-0800][75621788ms] GC(21078) Pause Young (Normal) (G1 Evacuation Pause)
[2023-11-10T11:33:38.156-0800][75621788ms] GC(21078) Using 10 workers of 10 for evacuation
[2023-11-10T11:33:38.163-0800][75621795ms] GC(21078)   Pre Evacuate Collection Set: 0.0ms
[2023-11-10T11:33:38.163-0800][75621795ms] GC(21078)   Evacuate Collection Set: 2.2ms
[2023-11-10T11:33:38.163-0800][75621795ms] GC(21078)   Post Evacuate Collection Set: 3.4ms
[2023-11-10T11:33:38.163-0800][75621795ms] GC(21078)   Other: 0.2ms
[2023-11-10T11:33:38.163-0800][75621795ms] GC(21078) Eden regions: 210->0(210)
[2023-11-10T11:33:38.163-0800][75621795ms] GC(21078) Survivor regions: 1->1(27)
[2023-11-10T11:33:38.163-0800][75621795ms] GC(21078) Old regions: 1402->1402
[2023-11-10T11:33:38.163-0800][75621795ms] GC(21078) Humongous regions: 5->5
[2023-11-10T11:33:38.163-0800][75621795ms] GC(21078) Metaspace: 304854K->304854K(1347584K)
[2023-11-10T11:33:38.163-0800][75621795ms] GC(21078) Pause Young (Normal) (G1 Evacuation Pause) 3233M->2813M(3602M) 5.980ms
[2023-11-10T11:33:38.163-0800][75621795ms] GC(21078) User=0.00s Sys=0.00s Real=0.01s
[2023-11-10T11:33:38.663-0800][75622295ms] GC(21079) Pause Young (Normal) (G1 Evacuation Pause)
[2023-11-10T11:33:38.663-0800][75622295ms] GC(21079) Using 10 workers of 10 for evacuation
[2023-11-10T11:33:38.668-0800][75622300ms] GC(21079)   Pre Evacuate Collection Set: 0.0ms
[2023-11-10T11:33:38.668-0800][75622300ms] GC(21079)   Evacuate Collection Set: 1.7ms
[2023-11-10T11:33:38.668-0800][75622300ms] GC(21079)   Post Evacuate Collection Set: 3.3ms
[2023-11-10T11:33:38.668-0800][75622300ms] GC(21079)   Other: 0.2ms
[2023-11-10T11:33:38.668-0800][75622300ms] GC(21079) Eden regions: 210->0(210)
[2023-11-10T11:33:38.668-0800][75622300ms] GC(21079) Survivor regions: 1->1(27)
[2023-11-10T11:33:38.668-0800][75622300ms] GC(21079) Old regions: 1402->1402
[2023-11-10T11:33:38.668-0800][75622300ms] GC(21079) Humongous regions: 5->5
[2023-11-10T11:33:38.668-0800][75622300ms] GC(21079) Metaspace: 304854K->304854K(1347584K)
[2023-11-10T11:33:38.668-0800][75622300ms] GC(21079) Pause Young (Normal) (G1 Evacuation Pause) 3233M->2813M(3602M) 5.384ms
[2023-11-10T11:33:38.668-0800][75622300ms] GC(21079) User=0.02s Sys=0.00s Real=0.00s
[2023-11-10T11:33:39.195-0800][75622827ms] GC(21080) Pause Young (Normal) (G1 Evacuation Pause)
[2023-11-10T11:33:39.195-0800][75622827ms] GC(21080) Using 10 workers of 10 for evacuation
[2023-11-10T11:33:39.201-0800][75622833ms] GC(21080)   Pre Evacuate Collection Set: 0.0ms
[2023-11-10T11:33:39.201-0800][75622833ms] GC(21080)   Evacuate Collection Set: 1.8ms
[2023-11-10T11:33:39.201-0800][75622833ms] GC(21080)   Post Evacuate Collection Set: 3.1ms
[2023-11-10T11:33:39.201-0800][75622833ms] GC(21080)   Other: 0.3ms
[2023-11-10T11:33:39.201-0800][75622833ms] GC(21080) Eden regions: 210->0(210)
[2023-11-10T11:33:39.201-0800][75622833ms] GC(21080) Survivor regions: 1->1(27)
[2023-11-10T11:33:39.201-0800][75622833ms] GC(21080) Old regions: 1402->1402
[2023-11-10T11:33:39.201-0800][75622833ms] GC(21080) Humongous regions: 5->5
[2023-11-10T11:33:39.201-0800][75622833ms] GC(21080) Metaspace: 304854K->304854K(1347584K)
[2023-11-10T11:33:39.201-0800][75622833ms] GC(21080) Pause Young (Normal) (G1 Evacuation Pause) 3233M->2813M(3602M) 5.217ms
[2023-11-10T11:33:39.201-0800][75622833ms] GC(21080) User=0.00s Sys=0.00s Real=0.01s
[2023-11-10T11:33:39.689-0800][75623321ms] GC(21081) Pause Young (Normal) (G1 Evacuation Pause)
[2023-11-10T11:33:39.689-0800][75623321ms] GC(21081) Using 10 workers of 10 for evacuation
[2023-11-10T11:33:39.695-0800][75623327ms] GC(21081)   Pre Evacuate Collection Set: 0.0ms
[2023-11-10T11:33:39.695-0800][75623327ms] GC(21081)   Evacuate Collection Set: 1.7ms
[2023-11-10T11:33:39.695-0800][75623327ms] GC(21081)   Post Evacuate Collection Set: 3.4ms
[2023-11-10T11:33:39.695-0800][75623327ms] GC(21081)   Other: 0.2ms
[2023-11-10T11:33:39.695-0800][75623327ms] GC(21081) Eden regions: 210->0(210)
[2023-11-10T11:33:39.695-0800][75623327ms] GC(21081) Survivor regions: 1->1(27)
[2023-11-10T11:33:39.695-0800][75623327ms] GC(21081) Old regions: 1402->1402
[2023-11-10T11:33:39.695-0800][75623327ms] GC(21081) Humongous regions: 5->5
[2023-11-10T11:33:39.695-0800][75623327ms] GC(21081) Metaspace: 304854K->304854K(1347584K)
[2023-11-10T11:33:39.695-0800][75623327ms] GC(21081) Pause Young (Normal) (G1 Evacuation Pause) 3233M->2813M(3602M) 5.561ms
[2023-11-10T11:33:39.695-0800][75623327ms] GC(21081) User=0.00s Sys=0.00s Real=0.01s
[2023-11-10T11:33:40.236-0800][75623868ms] GC(21082) Pause Young (Normal) (G1 Evacuation Pause)
[2023-11-10T11:33:40.236-0800][75623868ms] GC(21082) Using 10 workers of 10 for evacuation
[2023-11-10T11:33:40.241-0800][75623873ms] GC(21082)   Pre Evacuate Collection Set: 0.1ms
[2023-11-10T11:33:40.241-0800][75623873ms] GC(21082)   Evacuate Collection Set: 2.2ms
[2023-11-10T11:33:40.241-0800][75623873ms] GC(21082)   Post Evacuate Collection Set: 3.5ms
[2023-11-10T11:33:40.241-0800][75623873ms] GC(21082)   Other: 0.4ms
[2023-11-10T11:33:40.241-0800][75623873ms] GC(21082) Eden regions: 210->0(210)
[2023-11-10T11:33:40.241-0800][75623873ms] GC(21082) Survivor regions: 1->1(27)
[2023-11-10T11:33:40.241-0800][75623873ms] GC(21082) Old regions: 1402->1402
[2023-11-10T11:33:40.241-0800][75623873ms] GC(21082) Humongous regions: 5->5
[2023-11-10T11:33:40.241-0800][75623873ms] GC(21082) Metaspace: 304854K->304854K(1347584K)
[2023-11-10T11:33:40.241-0800][75623873ms] GC(21082) Pause Young (Normal) (G1 Evacuation Pause) 3233M->2813M(3602M) 6.227ms
[2023-11-10T11:33:40.241-0800][75623873ms] GC(21082) User=0.00s Sys=0.00s Real=0.00s
[2023-11-10T11:33:40.732-0800][75624364ms] GC(21083) Pause Young (Normal) (G1 Evacuation Pause)
[2023-11-10T11:33:40.732-0800][75624364ms] GC(21083) Using 10 workers of 10 for evacuation
[2023-11-10T11:33:40.737-0800][75624369ms] GC(21083)   Pre Evacuate Collection Set: 0.0ms
[2023-11-10T11:33:40.737-0800][75624369ms] GC(21083)   Evacuate Collection Set: 1.7ms
[2023-11-10T11:33:40.737-0800][75624369ms] GC(21083)   Post Evacuate Collection Set: 3.1ms
[2023-11-10T11:33:40.737-0800][75624369ms] GC(21083)   Other: 0.3ms
[2023-11-10T11:33:40.737-0800][75624369ms] GC(21083) Eden regions: 210->0(210)
[2023-11-10T11:33:40.737-0800][75624369ms] GC(21083) Survivor regions: 1->1(27)
[2023-11-10T11:33:40.737-0800][75624369ms] GC(21083) Old regions: 1402->1402
[2023-11-10T11:33:40.737-0800][75624369ms] GC(21083) Humongous regions: 5->5
[2023-11-10T11:33:40.738-0800][75624370ms] GC(21083) Metaspace: 304854K->304854K(1347584K)
[2023-11-10T11:33:40.738-0800][75624370ms] GC(21083) Pause Young (Normal) (G1 Evacuation Pause) 3233M->2813M(3602M) 5.233ms
[2023-11-10T11:33:40.738-0800][75624370ms] GC(21083) User=0.00s Sys=0.00s Real=0.01s
[2023-11-10T11:33:41.396-0800][75625028ms] GC(21084) Pause Young (Normal) (G1 Evacuation Pause)
[2023-11-10T11:33:41.396-0800][75625028ms] GC(21084) Using 10 workers of 10 for evacuation
[2023-11-10T11:33:41.405-0800][75625037ms] GC(21084)   Pre Evacuate Collection Set: 0.1ms
[2023-11-10T11:33:41.405-0800][75625037ms] GC(21084)   Evacuate Collection Set: 2.6ms
[2023-11-10T11:33:41.405-0800][75625037ms] GC(21084)   Post Evacuate Collection Set: 5.3ms
[2023-11-10T11:33:41.405-0800][75625037ms] GC(21084)   Other: 0.4ms
[2023-11-10T11:33:41.405-0800][75625037ms] GC(21084) Eden regions: 210->0(210)
[2023-11-10T11:33:41.405-0800][75625037ms] GC(21084) Survivor regions: 1->1(27)
[2023-11-10T11:33:41.405-0800][75625037ms] GC(21084) Old regions: 1402->1402
[2023-11-10T11:33:41.405-0800][75625037ms] GC(21084) Humongous regions: 5->5
[2023-11-10T11:33:41.405-0800][75625037ms] GC(21084) Metaspace: 304854K->304854K(1347584K)
[2023-11-10T11:33:41.405-0800][75625037ms] GC(21084) Pause Young (Normal) (G1 Evacuation Pause) 3233M->2813M(3602M) 8.478ms
[2023-11-10T11:33:41.405-0800][75625037ms] GC(21084) User=0.03s Sys=0.00s Real=0.01s
[2023-11-10T11:33:41.943-0800][75625575ms] GC(21085) Pause Young (Normal) (G1 Evacuation Pause)
[2023-11-10T11:33:41.943-0800][75625575ms] GC(21085) Using 10 workers of 10 for evacuation
[2023-11-10T11:33:41.952-0800][75625584ms] GC(21085)   Pre Evacuate Collection Set: 0.1ms
[2023-11-10T11:33:41.952-0800][75625584ms] GC(21085)   Evacuate Collection Set: 2.2ms
[2023-11-10T11:33:41.952-0800][75625584ms] GC(21085)   Post Evacuate Collection Set: 6.2ms
[2023-11-10T11:33:41.952-0800][75625584ms] GC(21085)   Other: 0.3ms
[2023-11-10T11:33:41.952-0800][75625584ms] GC(21085) Eden regions: 210->0(210)
[2023-11-10T11:33:41.952-0800][75625584ms] GC(21085) Survivor regions: 1->1(27)
[2023-11-10T11:33:41.952-0800][75625584ms] GC(21085) Old regions: 1402->1402
[2023-11-10T11:33:41.952-0800][75625584ms] GC(21085) Humongous regions: 5->5
[2023-11-10T11:33:41.952-0800][75625584ms] GC(21085) Metaspace: 304854K->304854K(1347584K)
[2023-11-10T11:33:41.952-0800][75625584ms] GC(21085) Pause Young (Normal) (G1 Evacuation Pause) 3233M->2813M(3602M) 8.905ms
[2023-11-10T11:33:41.952-0800][75625584ms] GC(21085) User=0.05s Sys=0.00s Real=0.01s
[2023-11-10T11:33:42.542-0800][75626174ms] GC(21086) Pause Young (Normal) (G1 Evacuation Pause)
[2023-11-10T11:33:42.542-0800][75626174ms] GC(21086) Using 10 workers of 10 for evacuation
[2023-11-10T11:33:42.546-0800][75626178ms] GC(21086)   Pre Evacuate Collection Set: 0.0ms
[2023-11-10T11:33:42.546-0800][75626178ms] GC(21086)   Evacuate Collection Set: 1.6ms
[2023-11-10T11:33:42.546-0800][75626178ms] GC(21086)   Post Evacuate Collection Set: 3.4ms
[2023-11-10T11:33:42.547-0800][75626179ms] GC(21086)   Other: 0.3ms
[2023-11-10T11:33:42.547-0800][75626179ms] GC(21086) Eden regions: 210->0(210)
[2023-11-10T11:33:42.547-0800][75626179ms] GC(21086) Survivor regions: 1->1(27)
[2023-11-10T11:33:42.547-0800][75626179ms] GC(21086) Old regions: 1402->1402
[2023-11-10T11:33:42.547-0800][75626179ms] GC(21086) Humongous regions: 5->5
[2023-11-10T11:33:42.547-0800][75626179ms] GC(21086) Metaspace: 304854K->304854K(1347584K)
[2023-11-10T11:33:42.547-0800][75626179ms] GC(21086) Pause Young (Normal) (G1 Evacuation Pause) 3233M->2813M(3602M) 5.473ms
[2023-11-10T11:33:42.547-0800][75626179ms] GC(21086) User=0.00s Sys=0.00s Real=0.00s
[2023-11-10T11:33:43.138-0800][75626770ms] GC(21087) Pause Young (Normal) (G1 Evacuation Pause)
[2023-11-10T11:33:43.138-0800][75626770ms] GC(21087) Using 10 workers of 10 for evacuation
[2023-11-10T11:33:43.142-0800][75626774ms] GC(21087)   Pre Evacuate Collection Set: 0.0ms
[2023-11-10T11:33:43.143-0800][75626775ms] GC(21087)   Evacuate Collection Set: 1.7ms
[2023-11-10T11:33:43.143-0800][75626775ms] GC(21087)   Post Evacuate Collection Set: 3.0ms
[2023-11-10T11:33:43.143-0800][75626775ms] GC(21087)   Other: 0.3ms
[2023-11-10T11:33:43.143-0800][75626775ms] GC(21087) Eden regions: 210->0(210)
[2023-11-10T11:33:43.143-0800][75626775ms] GC(21087) Survivor regions: 1->1(27)
[2023-11-10T11:33:43.143-0800][75626775ms] GC(21087) Old regions: 1402->1402
[2023-11-10T11:33:43.143-0800][75626775ms] GC(21087) Humongous regions: 5->5
[2023-11-10T11:33:43.143-0800][75626775ms] GC(21087) Metaspace: 304854K->304854K(1347584K)
[2023-11-10T11:33:43.143-0800][75626775ms] GC(21087) Pause Young (Normal) (G1 Evacuation Pause) 3233M->2813M(3602M) 5.089ms
[2023-11-10T11:33:43.143-0800][75626775ms] GC(21087) User=0.00s Sys=0.00s Real=0.00s
[2023-11-10T11:33:43.680-0800][75627312ms] GC(21088) Pause Young (Normal) (G1 Evacuation Pause)
[2023-11-10T11:33:43.680-0800][75627312ms] GC(21088) Using 10 workers of 10 for evacuation
[2023-11-10T11:33:43.684-0800][75627316ms] GC(21088)   Pre Evacuate Collection Set: 0.0ms
[2023-11-10T11:33:43.684-0800][75627316ms] GC(21088)   Evacuate Collection Set: 1.9ms
[2023-11-10T11:33:43.684-0800][75627316ms] GC(21088)   Post Evacuate Collection Set: 3.3ms
[2023-11-10T11:33:43.684-0800][75627316ms] GC(21088)   Other: 0.3ms
[2023-11-10T11:33:43.684-0800][75627316ms] GC(21088) Eden regions: 210->0(210)
[2023-11-10T11:33:43.684-0800][75627316ms] GC(21088) Survivor regions: 1->1(27)
[2023-11-10T11:33:43.684-0800][75627316ms] GC(21088) Old regions: 1402->1402
[2023-11-10T11:33:43.684-0800][75627316ms] GC(21088) Humongous regions: 5->5
[2023-11-10T11:33:43.684-0800][75627316ms] GC(21088) Metaspace: 304854K->304854K(1347584K)
[2023-11-10T11:33:43.684-0800][75627316ms] GC(21088) Pause Young (Normal) (G1 Evacuation Pause) 3233M->2813M(3602M) 5.554ms
[2023-11-10T11:33:43.684-0800][75627316ms] GC(21088) User=0.00s Sys=0.00s Real=0.00s
[2023-11-10T11:33:44.181-0800][75627813ms] GC(21089) Pause Young (Normal) (G1 Evacuation Pause)
[2023-11-10T11:33:44.181-0800][75627813ms] GC(21089) Using 10 workers of 10 for evacuation
[2023-11-10T11:33:44.189-0800][75627821ms] GC(21089)   Pre Evacuate Collection Set: 0.1ms
[2023-11-10T11:33:44.189-0800][75627821ms] GC(21089)   Evacuate Collection Set: 2.9ms
[2023-11-10T11:33:44.189-0800][75627821ms] GC(21089)   Post Evacuate Collection Set: 4.6ms
[2023-11-10T11:33:44.189-0800][75627821ms] GC(21089)   Other: 0.4ms
[2023-11-10T11:33:44.189-0800][75627821ms] GC(21089) Eden regions: 210->0(210)
[2023-11-10T11:33:44.189-0800][75627821ms] GC(21089) Survivor regions: 1->1(27)
[2023-11-10T11:33:44.189-0800][75627821ms] GC(21089) Old regions: 1402->1402
[2023-11-10T11:33:44.189-0800][75627821ms] GC(21089) Humongous regions: 5->5
[2023-11-10T11:33:44.189-0800][75627821ms] GC(21089) Metaspace: 304854K->304854K(1347584K)
[2023-11-10T11:33:44.189-0800][75627821ms] GC(21089) Pause Young (Normal) (G1 Evacuation Pause) 3233M->2813M(3602M) 8.145ms
[2023-11-10T11:33:44.189-0800][75627821ms] GC(21089) User=0.00s Sys=0.00s Real=0.01s
[2023-11-10T11:33:44.728-0800][75628360ms] GC(21090) Pause Young (Normal) (G1 Evacuation Pause)
[2023-11-10T11:33:44.728-0800][75628360ms] GC(21090) Using 10 workers of 10 for evacuation
[2023-11-10T11:33:44.737-0800][75628369ms] GC(21090)   Pre Evacuate Collection Set: 0.1ms
[2023-11-10T11:33:44.737-0800][75628369ms] GC(21090)   Evacuate Collection Set: 2.5ms
[2023-11-10T11:33:44.737-0800][75628369ms] GC(21090)   Post Evacuate Collection Set: 6.2ms
[2023-11-10T11:33:44.737-0800][75628369ms] GC(21090)   Other: 0.3ms
[2023-11-10T11:33:44.737-0800][75628369ms] GC(21090) Eden regions: 210->0(210)
[2023-11-10T11:33:44.737-0800][75628369ms] GC(21090) Survivor regions: 1->1(27)
[2023-11-10T11:33:44.737-0800][75628369ms] GC(21090) Old regions: 1402->1402
[2023-11-10T11:33:44.737-0800][75628369ms] GC(21090) Humongous regions: 5->5
[2023-11-10T11:33:44.737-0800][75628369ms] GC(21090) Metaspace: 304854K->304854K(1347584K)
[2023-11-10T11:33:44.737-0800][75628369ms] GC(21090) Pause Young (Normal) (G1 Evacuation Pause) 3233M->2813M(3602M) 9.198ms
[2023-11-10T11:33:44.737-0800][75628369ms] GC(21090) User=0.00s Sys=0.00s Real=0.01s
[2023-11-10T11:33:45.224-0800][75628856ms] GC(21091) Pause Young (Normal) (G1 Evacuation Pause)
[2023-11-10T11:33:45.224-0800][75628856ms] GC(21091) Using 10 workers of 10 for evacuation
[2023-11-10T11:33:45.231-0800][75628863ms] GC(21091)   Pre Evacuate Collection Set: 0.0ms
[2023-11-10T11:33:45.231-0800][75628863ms] GC(21091)   Evacuate Collection Set: 2.0ms
[2023-11-10T11:33:45.231-0800][75628863ms] GC(21091)   Post Evacuate Collection Set: 3.4ms
[2023-11-10T11:33:45.231-0800][75628863ms] GC(21091)   Other: 0.3ms
[2023-11-10T11:33:45.231-0800][75628863ms] GC(21091) Eden regions: 210->0(210)
[2023-11-10T11:33:45.231-0800][75628863ms] GC(21091) Survivor regions: 1->1(27)
[2023-11-10T11:33:45.231-0800][75628863ms] GC(21091) Old regions: 1402->1402
[2023-11-10T11:33:45.231-0800][75628863ms] GC(21091) Humongous regions: 5->5
[2023-11-10T11:33:45.231-0800][75628863ms] GC(21091) Metaspace: 304854K->304854K(1347584K)
[2023-11-10T11:33:45.231-0800][75628863ms] GC(21091) Pause Young (Normal) (G1 Evacuation Pause) 3233M->2813M(3602M) 5.824ms
[2023-11-10T11:33:45.231-0800][75628863ms] GC(21091) User=0.06s Sys=0.00s Real=0.01s
[2023-11-10T11:33:45.714-0800][75629346ms] GC(21092) Pause Young (Normal) (G1 Evacuation Pause)
[2023-11-10T11:33:45.714-0800][75629346ms] GC(21092) Using 10 workers of 10 for evacuation
[2023-11-10T11:33:45.720-0800][75629352ms] GC(21092)   Pre Evacuate Collection Set: 0.1ms
[2023-11-10T11:33:45.720-0800][75629352ms] GC(21092)   Evacuate Collection Set: 1.7ms
[2023-11-10T11:33:45.720-0800][75629352ms] GC(21092)   Post Evacuate Collection Set: 3.3ms
[2023-11-10T11:33:45.720-0800][75629352ms] GC(21092)   Other: 0.3ms
[2023-11-10T11:33:45.720-0800][75629352ms] GC(21092) Eden regions: 210->0(210)
[2023-11-10T11:33:45.720-0800][75629352ms] GC(21092) Survivor regions: 1->1(27)
[2023-11-10T11:33:45.720-0800][75629352ms] GC(21092) Old regions: 1402->1402
[2023-11-10T11:33:45.720-0800][75629352ms] GC(21092) Humongous regions: 5->5
[2023-11-10T11:33:45.720-0800][75629352ms] GC(21092) Metaspace: 304854K->304854K(1347584K)
[2023-11-10T11:33:45.720-0800][75629352ms] GC(21092) Pause Young (Normal) (G1 Evacuation Pause) 3233M->2813M(3602M) 5.444ms
[2023-11-10T11:33:45.720-0800][75629352ms] GC(21092) User=0.00s Sys=0.00s Real=0.01s
[2023-11-10T11:33:46.227-0800][75629859ms] GC(21093) Pause Young (Normal) (G1 Evacuation Pause)
[2023-11-10T11:33:46.227-0800][75629859ms] GC(21093) Using 10 workers of 10 for evacuation
[2023-11-10T11:33:46.233-0800][75629865ms] GC(21093)   Pre Evacuate Collection Set: 0.0ms
[2023-11-10T11:33:46.233-0800][75629865ms] GC(21093)   Evacuate Collection Set: 1.7ms
[2023-11-10T11:33:46.233-0800][75629865ms] GC(21093)   Post Evacuate Collection Set: 3.1ms
[2023-11-10T11:33:46.233-0800][75629865ms] GC(21093)   Other: 0.2ms
[2023-11-10T11:33:46.233-0800][75629865ms] GC(21093) Eden regions: 210->0(210)
[2023-11-10T11:33:46.233-0800][75629865ms] GC(21093) Survivor regions: 1->1(27)
[2023-11-10T11:33:46.233-0800][75629865ms] GC(21093) Old regions: 1402->1402
[2023-11-10T11:33:46.233-0800][75629865ms] GC(21093) Humongous regions: 5->5
[2023-11-10T11:33:46.233-0800][75629865ms] GC(21093) Metaspace: 304854K->304854K(1347584K)
[2023-11-10T11:33:46.233-0800][75629865ms] GC(21093) Pause Young (Normal) (G1 Evacuation Pause) 3233M->2814M(3602M) 5.262ms
[2023-11-10T11:33:46.233-0800][75629865ms] GC(21093) User=0.00s Sys=0.00s Real=0.01s
[2023-11-10T11:33:46.669-0800][75630301ms] GC(21094) Pause Young (Normal) (G1 Evacuation Pause)
[2023-11-10T11:33:46.669-0800][75630301ms] GC(21094) Using 10 workers of 10 for evacuation
[2023-11-10T11:33:46.674-0800][75630306ms] GC(21094)   Pre Evacuate Collection Set: 0.0ms
[2023-11-10T11:33:46.674-0800][75630306ms] GC(21094)   Evacuate Collection Set: 1.7ms
[2023-11-10T11:33:46.674-0800][75630306ms] GC(21094)   Post Evacuate Collection Set: 3.2ms
[2023-11-10T11:33:46.674-0800][75630306ms] GC(21094)   Other: 0.3ms
[2023-11-10T11:33:46.674-0800][75630306ms] GC(21094) Eden regions: 210->0(210)
[2023-11-10T11:33:46.674-0800][75630306ms] GC(21094) Survivor regions: 1->1(27)
[2023-11-10T11:33:46.674-0800][75630306ms] GC(21094) Old regions: 1402->1402
[2023-11-10T11:33:46.674-0800][75630306ms] GC(21094) Humongous regions: 5->5
[2023-11-10T11:33:46.674-0800][75630306ms] GC(21094) Metaspace: 304854K->304854K(1347584K)
[2023-11-10T11:33:46.674-0800][75630306ms] GC(21094) Pause Young (Normal) (G1 Evacuation Pause) 3234M->2813M(3602M) 5.315ms
[2023-11-10T11:33:46.674-0800][75630306ms] GC(21094) User=0.00s Sys=0.00s Real=0.01s
[2023-11-10T11:33:47.172-0800][75630804ms] GC(21095) Pause Young (Normal) (G1 Evacuation Pause)
[2023-11-10T11:33:47.172-0800][75630804ms] GC(21095) Using 10 workers of 10 for evacuation
[2023-11-10T11:33:47.177-0800][75630809ms] GC(21095)   Pre Evacuate Collection Set: 0.0ms
[2023-11-10T11:33:47.177-0800][75630809ms] GC(21095)   Evacuate Collection Set: 1.7ms
[2023-11-10T11:33:47.177-0800][75630809ms] GC(21095)   Post Evacuate Collection Set: 3.1ms
[2023-11-10T11:33:47.177-0800][75630809ms] GC(21095)   Other: 0.3ms
[2023-11-10T11:33:47.177-0800][75630809ms] GC(21095) Eden regions: 210->0(210)
[2023-11-10T11:33:47.177-0800][75630809ms] GC(21095) Survivor regions: 1->1(27)
[2023-11-10T11:33:47.177-0800][75630809ms] GC(21095) Old regions: 1402->1402
[2023-11-10T11:33:47.177-0800][75630809ms] GC(21095) Humongous regions: 5->5
[2023-11-10T11:33:47.177-0800][75630809ms] GC(21095) Metaspace: 304854K->304854K(1347584K)
[2023-11-10T11:33:47.177-0800][75630809ms] GC(21095) Pause Young (Normal) (G1 Evacuation Pause) 3233M->2813M(3602M) 5.144ms
[2023-11-10T11:33:47.177-0800][75630809ms] GC(21095) User=0.00s Sys=0.00s Real=0.01s
[2023-11-10T11:33:47.629-0800][75631261ms] GC(21096) Pause Young (Normal) (G1 Evacuation Pause)
[2023-11-10T11:33:47.629-0800][75631261ms] GC(21096) Using 10 workers of 10 for evacuation
[2023-11-10T11:33:47.634-0800][75631266ms] GC(21096)   Pre Evacuate Collection Set: 0.0ms
[2023-11-10T11:33:47.634-0800][75631266ms] GC(21096)   Evacuate Collection Set: 1.7ms
[2023-11-10T11:33:47.634-0800][75631266ms] GC(21096)   Post Evacuate Collection Set: 3.5ms
[2023-11-10T11:33:47.634-0800][75631266ms] GC(21096)   Other: 0.3ms
[2023-11-10T11:33:47.634-0800][75631266ms] GC(21096) Eden regions: 210->0(210)
[2023-11-10T11:33:47.634-0800][75631266ms] GC(21096) Survivor regions: 1->1(27)
[2023-11-10T11:33:47.634-0800][75631266ms] GC(21096) Old regions: 1402->1402
[2023-11-10T11:33:47.634-0800][75631266ms] GC(21096) Humongous regions: 5->5
[2023-11-10T11:33:47.634-0800][75631266ms] GC(21096) Metaspace: 304854K->304854K(1347584K)
[2023-11-10T11:33:47.634-0800][75631266ms] GC(21096) Pause Young (Normal) (G1 Evacuation Pause) 3233M->2813M(3602M) 5.671ms
[2023-11-10T11:33:47.634-0800][75631266ms] GC(21096) User=0.00s Sys=0.00s Real=0.01s
[2023-11-10T11:33:48.086-0800][75631718ms] GC(21097) Pause Young (Normal) (G1 Evacuation Pause)
[2023-11-10T11:33:48.086-0800][75631718ms] GC(21097) Using 10 workers of 10 for evacuation
[2023-11-10T11:33:48.094-0800][75631726ms] GC(21097)   Pre Evacuate Collection Set: 0.0ms
[2023-11-10T11:33:48.094-0800][75631726ms] GC(21097)   Evacuate Collection Set: 2.2ms
[2023-11-10T11:33:48.094-0800][75631726ms] GC(21097)   Post Evacuate Collection Set: 4.5ms
[2023-11-10T11:33:48.094-0800][75631726ms] GC(21097)   Other: 0.3ms
[2023-11-10T11:33:48.094-0800][75631726ms] GC(21097) Eden regions: 210->0(211)
[2023-11-10T11:33:48.094-0800][75631726ms] GC(21097) Survivor regions: 1->1(27)
[2023-11-10T11:33:48.094-0800][75631726ms] GC(21097) Old regions: 1402->1402
[2023-11-10T11:33:48.094-0800][75631726ms] GC(21097) Humongous regions: 5->5
[2023-11-10T11:33:48.094-0800][75631726ms] GC(21097) Metaspace: 304854K->304854K(1347584K)
[2023-11-10T11:33:48.094-0800][75631726ms] GC(21097) Pause Young (Normal) (G1 Evacuation Pause) 3233M->2813M(3602M) 7.144ms
[2023-11-10T11:33:48.094-0800][75631726ms] GC(21097) User=0.00s Sys=0.00s Real=0.01s
[2023-11-10T11:33:48.618-0800][75632250ms] GC(21098) Pause Young (Normal) (G1 Evacuation Pause)
[2023-11-10T11:33:48.618-0800][75632250ms] GC(21098) Using 10 workers of 10 for evacuation
[2023-11-10T11:33:48.624-0800][75632256ms] GC(21098)   Pre Evacuate Collection Set: 0.0ms
[2023-11-10T11:33:48.624-0800][75632256ms] GC(21098)   Evacuate Collection Set: 1.6ms
[2023-11-10T11:33:48.624-0800][75632256ms] GC(21098)   Post Evacuate Collection Set: 3.2ms
[2023-11-10T11:33:48.624-0800][75632256ms] GC(21098)   Other: 0.3ms
[2023-11-10T11:33:48.624-0800][75632256ms] GC(21098) Eden regions: 211->0(211)
[2023-11-10T11:33:48.624-0800][75632256ms] GC(21098) Survivor regions: 1->1(27)
[2023-11-10T11:33:48.624-0800][75632256ms] GC(21098) Old regions: 1402->1402
[2023-11-10T11:33:48.624-0800][75632256ms] GC(21098) Humongous regions: 5->5
[2023-11-10T11:33:48.624-0800][75632256ms] GC(21098) Metaspace: 304854K->304854K(1347584K)
[2023-11-10T11:33:48.624-0800][75632256ms] GC(21098) Pause Young (Normal) (G1 Evacuation Pause) 3235M->2813M(3602M) 5.241ms
[2023-11-10T11:33:48.624-0800][75632256ms] GC(21098) User=0.00s Sys=0.00s Real=0.01s
[2023-11-10T11:33:49.175-0800][75632807ms] GC(21099) Pause Young (Normal) (G1 Evacuation Pause)
[2023-11-10T11:33:49.175-0800][75632807ms] GC(21099) Using 10 workers of 10 for evacuation
[2023-11-10T11:33:49.184-0800][75632816ms] GC(21099)   Pre Evacuate Collection Set: 0.0ms
[2023-11-10T11:33:49.184-0800][75632816ms] GC(21099)   Evacuate Collection Set: 4.1ms
[2023-11-10T11:33:49.184-0800][75632816ms] GC(21099)   Post Evacuate Collection Set: 3.2ms
[2023-11-10T11:33:49.184-0800][75632816ms] GC(21099)   Other: 0.3ms
[2023-11-10T11:33:49.184-0800][75632816ms] GC(21099) Eden regions: 211->0(211)
[2023-11-10T11:33:49.184-0800][75632816ms] GC(21099) Survivor regions: 1->1(27)
[2023-11-10T11:33:49.184-0800][75632816ms] GC(21099) Old regions: 1402->1402
[2023-11-10T11:33:49.184-0800][75632816ms] GC(21099) Humongous regions: 5->5
[2023-11-10T11:33:49.184-0800][75632816ms] GC(21099) Metaspace: 304854K->304854K(1347584K)
[2023-11-10T11:33:49.184-0800][75632816ms] GC(21099) Pause Young (Normal) (G1 Evacuation Pause) 3235M->2813M(3602M) 7.779ms
[2023-11-10T11:33:49.184-0800][75632816ms] GC(21099) User=0.00s Sys=0.02s Real=0.01s
[2023-11-10T11:33:49.738-0800][75633370ms] GC(21100) Pause Young (Normal) (G1 Evacuation Pause)
[2023-11-10T11:33:49.738-0800][75633370ms] GC(21100) Using 10 workers of 10 for evacuation
[2023-11-10T11:33:49.744-0800][75633376ms] GC(21100)   Pre Evacuate Collection Set: 0.0ms
[2023-11-10T11:33:49.744-0800][75633376ms] GC(21100)   Evacuate Collection Set: 1.8ms
[2023-11-10T11:33:49.744-0800][75633376ms] GC(21100)   Post Evacuate Collection Set: 3.2ms
[2023-11-10T11:33:49.744-0800][75633376ms] GC(21100)   Other: 0.2ms
[2023-11-10T11:33:49.744-0800][75633376ms] GC(21100) Eden regions: 211->0(211)
[2023-11-10T11:33:49.744-0800][75633376ms] GC(21100) Survivor regions: 1->1(27)
[2023-11-10T11:33:49.744-0800][75633376ms] GC(21100) Old regions: 1402->1402
[2023-11-10T11:33:49.744-0800][75633376ms] GC(21100) Humongous regions: 5->5
[2023-11-10T11:33:49.744-0800][75633376ms] GC(21100) Metaspace: 304854K->304854K(1347584K)
[2023-11-10T11:33:49.744-0800][75633376ms] GC(21100) Pause Young (Normal) (G1 Evacuation Pause) 3235M->2813M(3602M) 5.378ms
[2023-11-10T11:33:49.744-0800][75633376ms] GC(21100) User=0.00s Sys=0.00s Real=0.01s
[2023-11-10T11:33:50.326-0800][75633958ms] GC(21101) Pause Young (Normal) (G1 Evacuation Pause)
[2023-11-10T11:33:50.326-0800][75633958ms] GC(21101) Using 10 workers of 10 for evacuation
[2023-11-10T11:33:50.331-0800][75633963ms] GC(21101)   Pre Evacuate Collection Set: 0.1ms
[2023-11-10T11:33:50.331-0800][75633963ms] GC(21101)   Evacuate Collection Set: 1.9ms
[2023-11-10T11:33:50.331-0800][75633963ms] GC(21101)   Post Evacuate Collection Set: 3.3ms
[2023-11-10T11:33:50.331-0800][75633963ms] GC(21101)   Other: 0.3ms
[2023-11-10T11:33:50.331-0800][75633963ms] GC(21101) Eden regions: 211->0(211)
[2023-11-10T11:33:50.331-0800][75633963ms] GC(21101) Survivor regions: 1->1(27)
[2023-11-10T11:33:50.331-0800][75633963ms] GC(21101) Old regions: 1402->1402
[2023-11-10T11:33:50.331-0800][75633963ms] GC(21101) Humongous regions: 5->5
[2023-11-10T11:33:50.331-0800][75633963ms] GC(21101) Metaspace: 304854K->304854K(1347584K)
[2023-11-10T11:33:50.331-0800][75633963ms] GC(21101) Pause Young (Normal) (G1 Evacuation Pause) 3235M->2813M(3602M) 5.684ms
[2023-11-10T11:33:50.331-0800][75633963ms] GC(21101) User=0.00s Sys=0.00s Real=0.01s
[2023-11-10T11:33:50.856-0800][75634488ms] GC(21102) Pause Young (Normal) (G1 Evacuation Pause)
[2023-11-10T11:33:50.856-0800][75634488ms] GC(21102) Using 10 workers of 10 for evacuation
[2023-11-10T11:33:50.862-0800][75634494ms] GC(21102)   Pre Evacuate Collection Set: 0.1ms
[2023-11-10T11:33:50.862-0800][75634494ms] GC(21102)   Evacuate Collection Set: 1.7ms
[2023-11-10T11:33:50.862-0800][75634494ms] GC(21102)   Post Evacuate Collection Set: 3.6ms
[2023-11-10T11:33:50.862-0800][75634494ms] GC(21102)   Other: 0.3ms
[2023-11-10T11:33:50.862-0800][75634494ms] GC(21102) Eden regions: 211->0(211)
[2023-11-10T11:33:50.862-0800][75634494ms] GC(21102) Survivor regions: 1->1(27)
[2023-11-10T11:33:50.862-0800][75634494ms] GC(21102) Old regions: 1402->1402
[2023-11-10T11:33:50.862-0800][75634494ms] GC(21102) Humongous regions: 5->5
[2023-11-10T11:33:50.862-0800][75634494ms] GC(21102) Metaspace: 304854K->304854K(1347584K)
[2023-11-10T11:33:50.862-0800][75634494ms] GC(21102) Pause Young (Normal) (G1 Evacuation Pause) 3235M->2813M(3602M) 5.812ms
[2023-11-10T11:33:50.862-0800][75634494ms] GC(21102) User=0.00s Sys=0.00s Real=0.01s
[2023-11-10T11:33:51.441-0800][75635073ms] GC(21103) Pause Young (Normal) (G1 Evacuation Pause)
[2023-11-10T11:33:51.441-0800][75635073ms] GC(21103) Using 10 workers of 10 for evacuation
[2023-11-10T11:33:51.448-0800][75635080ms] GC(21103)   Pre Evacuate Collection Set: 0.0ms
[2023-11-10T11:33:51.448-0800][75635080ms] GC(21103)   Evacuate Collection Set: 1.8ms
[2023-11-10T11:33:51.448-0800][75635080ms] GC(21103)   Post Evacuate Collection Set: 4.1ms
[2023-11-10T11:33:51.448-0800][75635080ms] GC(21103)   Other: 0.3ms
[2023-11-10T11:33:51.448-0800][75635080ms] GC(21103) Eden regions: 211->0(211)
[2023-11-10T11:33:51.448-0800][75635080ms] GC(21103) Survivor regions: 1->1(27)
[2023-11-10T11:33:51.448-0800][75635080ms] GC(21103) Old regions: 1402->1402
[2023-11-10T11:33:51.448-0800][75635080ms] GC(21103) Humongous regions: 5->5
[2023-11-10T11:33:51.448-0800][75635080ms] GC(21103) Metaspace: 304854K->304854K(1347584K)
[2023-11-10T11:33:51.448-0800][75635080ms] GC(21103) Pause Young (Normal) (G1 Evacuation Pause) 3235M->2813M(3602M) 6.336ms
[2023-11-10T11:33:51.448-0800][75635080ms] GC(21103) User=0.00s Sys=0.00s Real=0.01s
[2023-11-10T11:33:51.995-0800][75635627ms] GC(21104) Pause Young (Normal) (G1 Evacuation Pause)
[2023-11-10T11:33:51.995-0800][75635627ms] GC(21104) Using 10 workers of 10 for evacuation
[2023-11-10T11:33:52.001-0800][75635633ms] GC(21104)   Pre Evacuate Collection Set: 0.0ms
[2023-11-10T11:33:52.001-0800][75635633ms] GC(21104)   Evacuate Collection Set: 1.7ms
[2023-11-10T11:33:52.001-0800][75635633ms] GC(21104)   Post Evacuate Collection Set: 4.0ms
[2023-11-10T11:33:52.001-0800][75635633ms] GC(21104)   Other: 0.3ms
[2023-11-10T11:33:52.001-0800][75635633ms] GC(21104) Eden regions: 211->0(211)
[2023-11-10T11:33:52.001-0800][75635633ms] GC(21104) Survivor regions: 1->1(27)
[2023-11-10T11:33:52.001-0800][75635633ms] GC(21104) Old regions: 1402->1402
[2023-11-10T11:33:52.001-0800][75635633ms] GC(21104) Humongous regions: 5->5
[2023-11-10T11:33:52.001-0800][75635633ms] GC(21104) Metaspace: 304854K->304854K(1347584K)
[2023-11-10T11:33:52.001-0800][75635633ms] GC(21104) Pause Young (Normal) (G1 Evacuation Pause) 3235M->2813M(3602M) 6.187ms
[2023-11-10T11:33:52.001-0800][75635633ms] GC(21104) User=0.00s Sys=0.00s Real=0.01s
[2023-11-10T11:33:52.566-0800][75636198ms] GC(21105) Pause Young (Normal) (G1 Evacuation Pause)
[2023-11-10T11:33:52.566-0800][75636198ms] GC(21105) Using 10 workers of 10 for evacuation
[2023-11-10T11:33:52.572-0800][75636204ms] GC(21105)   Pre Evacuate Collection Set: 0.0ms
[2023-11-10T11:33:52.572-0800][75636204ms] GC(21105)   Evacuate Collection Set: 2.5ms
[2023-11-10T11:33:52.572-0800][75636204ms] GC(21105)   Post Evacuate Collection Set: 4.3ms
[2023-11-10T11:33:52.572-0800][75636204ms] GC(21105)   Other: 0.3ms
[2023-11-10T11:33:52.572-0800][75636204ms] GC(21105) Eden regions: 211->0(211)
[2023-11-10T11:33:52.572-0800][75636204ms] GC(21105) Survivor regions: 1->1(27)
[2023-11-10T11:33:52.572-0800][75636204ms] GC(21105) Old regions: 1402->1402
[2023-11-10T11:33:52.572-0800][75636204ms] GC(21105) Humongous regions: 5->5
[2023-11-10T11:33:52.572-0800][75636204ms] GC(21105) Metaspace: 304854K->304854K(1347584K)
[2023-11-10T11:33:52.572-0800][75636204ms] GC(21105) Pause Young (Normal) (G1 Evacuation Pause) 3235M->2814M(3602M) 7.250ms
[2023-11-10T11:33:52.572-0800][75636204ms] GC(21105) User=0.02s Sys=0.00s Real=0.01s
[2023-11-10T11:33:53.084-0800][75636716ms] GC(21106) Pause Young (Normal) (G1 Evacuation Pause)
[2023-11-10T11:33:53.084-0800][75636716ms] GC(21106) Using 10 workers of 10 for evacuation
[2023-11-10T11:33:53.091-0800][75636723ms] GC(21106)   Pre Evacuate Collection Set: 0.1ms
[2023-11-10T11:33:53.091-0800][75636723ms] GC(21106)   Evacuate Collection Set: 2.4ms
[2023-11-10T11:33:53.091-0800][75636723ms] GC(21106)   Post Evacuate Collection Set: 3.8ms
[2023-11-10T11:33:53.091-0800][75636723ms] GC(21106)   Other: 0.4ms
[2023-11-10T11:33:53.091-0800][75636723ms] GC(21106) Eden regions: 211->0(211)
[2023-11-10T11:33:53.091-0800][75636723ms] GC(21106) Survivor regions: 1->1(27)
[2023-11-10T11:33:53.091-0800][75636723ms] GC(21106) Old regions: 1402->1402
[2023-11-10T11:33:53.091-0800][75636723ms] GC(21106) Humongous regions: 5->5
[2023-11-10T11:33:53.091-0800][75636723ms] GC(21106) Metaspace: 304854K->304854K(1347584K)
[2023-11-10T11:33:53.091-0800][75636723ms] GC(21106) Pause Young (Normal) (G1 Evacuation Pause) 3236M->2813M(3602M) 6.813ms
[2023-11-10T11:33:53.091-0800][75636723ms] GC(21106) User=0.06s Sys=0.00s Real=0.01s
[2023-11-10T11:33:53.628-0800][75637260ms] GC(21107) Pause Young (Normal) (G1 Evacuation Pause)
[2023-11-10T11:33:53.628-0800][75637260ms] GC(21107) Using 10 workers of 10 for evacuation
[2023-11-10T11:33:53.637-0800][75637269ms] GC(21107)   Pre Evacuate Collection Set: 0.1ms
[2023-11-10T11:33:53.639-0800][75637271ms] GC(21107)   Evacuate Collection Set: 2.5ms
[2023-11-10T11:33:53.639-0800][75637271ms] GC(21107)   Post Evacuate Collection Set: 7.8ms
[2023-11-10T11:33:53.639-0800][75637271ms] GC(21107)   Other: 0.4ms
[2023-11-10T11:33:53.639-0800][75637271ms] GC(21107) Eden regions: 211->0(211)
[2023-11-10T11:33:53.639-0800][75637271ms] GC(21107) Survivor regions: 1->1(27)
[2023-11-10T11:33:53.639-0800][75637271ms] GC(21107) Old regions: 1402->1402
[2023-11-10T11:33:53.639-0800][75637271ms] GC(21107) Humongous regions: 5->5
[2023-11-10T11:33:53.639-0800][75637271ms] GC(21107) Metaspace: 304854K->304854K(1347584K)
[2023-11-10T11:33:53.639-0800][75637271ms] GC(21107) Pause Young (Normal) (G1 Evacuation Pause) 3235M->2813M(3602M) 10.846ms
[2023-11-10T11:33:53.639-0800][75637271ms] GC(21107) User=0.00s Sys=0.00s Real=0.01s
[2023-11-10T11:33:54.136-0800][75637768ms] GC(21108) Pause Young (Normal) (G1 Evacuation Pause)
[2023-11-10T11:33:54.136-0800][75637768ms] GC(21108) Using 10 workers of 10 for evacuation
[2023-11-10T11:33:54.142-0800][75637774ms] GC(21108)   Pre Evacuate Collection Set: 0.1ms
[2023-11-10T11:33:54.142-0800][75637774ms] GC(21108)   Evacuate Collection Set: 2.8ms
[2023-11-10T11:33:54.142-0800][75637774ms] GC(21108)   Post Evacuate Collection Set: 3.5ms
[2023-11-10T11:33:54.143-0800][75637775ms] GC(21108)   Other: 0.3ms
[2023-11-10T11:33:54.143-0800][75637775ms] GC(21108) Eden regions: 211->0(211)
[2023-11-10T11:33:54.143-0800][75637775ms] GC(21108) Survivor regions: 1->1(27)
[2023-11-10T11:33:54.143-0800][75637775ms] GC(21108) Old regions: 1402->1402
[2023-11-10T11:33:54.143-0800][75637775ms] GC(21108) Humongous regions: 5->5
[2023-11-10T11:33:54.143-0800][75637775ms] GC(21108) Metaspace: 304854K->304854K(1347584K)
[2023-11-10T11:33:54.143-0800][75637775ms] GC(21108) Pause Young (Normal) (G1 Evacuation Pause) 3235M->2813M(3602M) 6.666ms
[2023-11-10T11:33:54.143-0800][75637775ms] GC(21108) User=0.00s Sys=0.00s Real=0.01s
[2023-11-10T11:33:54.629-0800][75638261ms] GC(21109) Pause Young (Normal) (G1 Evacuation Pause)
[2023-11-10T11:33:54.629-0800][75638261ms] GC(21109) Using 10 workers of 10 for evacuation
[2023-11-10T11:33:54.635-0800][75638267ms] GC(21109)   Pre Evacuate Collection Set: 0.0ms
[2023-11-10T11:33:54.635-0800][75638267ms] GC(21109)   Evacuate Collection Set: 1.6ms
[2023-11-10T11:33:54.635-0800][75638267ms] GC(21109)   Post Evacuate Collection Set: 3.4ms
[2023-11-10T11:33:54.635-0800][75638267ms] GC(21109)   Other: 0.3ms
[2023-11-10T11:33:54.635-0800][75638267ms] GC(21109) Eden regions: 211->0(211)
[2023-11-10T11:33:54.635-0800][75638267ms] GC(21109) Survivor regions: 1->1(27)
[2023-11-10T11:33:54.635-0800][75638267ms] GC(21109) Old regions: 1402->1402
[2023-11-10T11:33:54.635-0800][75638267ms] GC(21109) Humongous regions: 5->5
[2023-11-10T11:33:54.635-0800][75638267ms] GC(21109) Metaspace: 304854K->304854K(1347584K)
[2023-11-10T11:33:54.635-0800][75638267ms] GC(21109) Pause Young (Normal) (G1 Evacuation Pause) 3235M->2813M(3602M) 5.480ms
[2023-11-10T11:33:54.635-0800][75638267ms] GC(21109) User=0.02s Sys=0.00s Real=0.01s
[2023-11-10T11:33:55.199-0800][75638831ms] GC(21110) Pause Young (Normal) (G1 Evacuation Pause)
[2023-11-10T11:33:55.199-0800][75638831ms] GC(21110) Using 10 workers of 10 for evacuation
[2023-11-10T11:33:55.203-0800][75638835ms] GC(21110)   Pre Evacuate Collection Set: 0.0ms
[2023-11-10T11:33:55.203-0800][75638835ms] GC(21110)   Evacuate Collection Set: 1.7ms
[2023-11-10T11:33:55.203-0800][75638835ms] GC(21110)   Post Evacuate Collection Set: 3.1ms
[2023-11-10T11:33:55.203-0800][75638835ms] GC(21110)   Other: 0.3ms
[2023-11-10T11:33:55.203-0800][75638835ms] GC(21110) Eden regions: 211->0(211)
[2023-11-10T11:33:55.204-0800][75638836ms] GC(21110) Survivor regions: 1->1(27)
[2023-11-10T11:33:55.204-0800][75638836ms] GC(21110) Old regions: 1402->1402
[2023-11-10T11:33:55.204-0800][75638836ms] GC(21110) Humongous regions: 5->5
[2023-11-10T11:33:55.204-0800][75638836ms] GC(21110) Metaspace: 304854K->304854K(1347584K)
[2023-11-10T11:33:55.204-0800][75638836ms] GC(21110) Pause Young (Normal) (G1 Evacuation Pause) 3235M->2813M(3602M) 5.215ms
[2023-11-10T11:33:55.204-0800][75638836ms] GC(21110) User=0.00s Sys=0.00s Real=0.01s
[2023-11-10T11:33:55.725-0800][75639357ms] GC(21111) Pause Young (Normal) (G1 Evacuation Pause)
[2023-11-10T11:33:55.725-0800][75639357ms] GC(21111) Using 10 workers of 10 for evacuation
[2023-11-10T11:33:55.731-0800][75639363ms] GC(21111)   Pre Evacuate Collection Set: 0.0ms
[2023-11-10T11:33:55.731-0800][75639363ms] GC(21111)   Evacuate Collection Set: 1.7ms
[2023-11-10T11:33:55.731-0800][75639363ms] GC(21111)   Post Evacuate Collection Set: 3.3ms
[2023-11-10T11:33:55.731-0800][75639363ms] GC(21111)   Other: 0.2ms
[2023-11-10T11:33:55.731-0800][75639363ms] GC(21111) Eden regions: 211->0(211)
[2023-11-10T11:33:55.731-0800][75639363ms] GC(21111) Survivor regions: 1->1(27)
[2023-11-10T11:33:55.731-0800][75639363ms] GC(21111) Old regions: 1402->1402
[2023-11-10T11:33:55.731-0800][75639363ms] GC(21111) Humongous regions: 5->5
[2023-11-10T11:33:55.731-0800][75639363ms] GC(21111) Metaspace: 304854K->304854K(1347584K)
[2023-11-10T11:33:55.731-0800][75639363ms] GC(21111) Pause Young (Normal) (G1 Evacuation Pause) 3235M->2814M(3602M) 5.391ms
[2023-11-10T11:33:55.731-0800][75639363ms] GC(21111) User=0.14s Sys=0.00s Real=0.01s
[2023-11-10T11:33:56.240-0800][75639872ms] GC(21112) Pause Young (Normal) (G1 Evacuation Pause)
[2023-11-10T11:33:56.240-0800][75639872ms] GC(21112) Using 10 workers of 10 for evacuation
[2023-11-10T11:33:56.245-0800][75639877ms] GC(21112)   Pre Evacuate Collection Set: 0.0ms
[2023-11-10T11:33:56.245-0800][75639877ms] GC(21112)   Evacuate Collection Set: 1.8ms
[2023-11-10T11:33:56.245-0800][75639877ms] GC(21112)   Post Evacuate Collection Set: 3.4ms
[2023-11-10T11:33:56.245-0800][75639877ms] GC(21112)   Other: 0.3ms
[2023-11-10T11:33:56.245-0800][75639877ms] GC(21112) Eden regions: 211->0(211)
[2023-11-10T11:33:56.245-0800][75639877ms] GC(21112) Survivor regions: 1->1(27)
[2023-11-10T11:33:56.245-0800][75639877ms] GC(21112) Old regions: 1402->1402
[2023-11-10T11:33:56.245-0800][75639877ms] GC(21112) Humongous regions: 5->5
[2023-11-10T11:33:56.245-0800][75639877ms] GC(21112) Metaspace: 304854K->304854K(1347584K)
[2023-11-10T11:33:56.245-0800][75639877ms] GC(21112) Pause Young (Normal) (G1 Evacuation Pause) 3236M->2814M(3602M) 5.583ms
[2023-11-10T11:33:56.245-0800][75639877ms] GC(21112) User=0.02s Sys=0.00s Real=0.00s
[2023-11-10T11:33:56.794-0800][75640426ms] GC(21113) Pause Young (Normal) (G1 Evacuation Pause)
[2023-11-10T11:33:56.794-0800][75640426ms] GC(21113) Using 10 workers of 10 for evacuation
[2023-11-10T11:33:56.798-0800][75640430ms] GC(21113)   Pre Evacuate Collection Set: 0.0ms
[2023-11-10T11:33:56.798-0800][75640430ms] GC(21113)   Evacuate Collection Set: 1.6ms
[2023-11-10T11:33:56.798-0800][75640430ms] GC(21113)   Post Evacuate Collection Set: 3.1ms
[2023-11-10T11:33:56.798-0800][75640430ms] GC(21113)   Other: 0.3ms
[2023-11-10T11:33:56.798-0800][75640430ms] GC(21113) Eden regions: 211->0(211)
[2023-11-10T11:33:56.798-0800][75640430ms] GC(21113) Survivor regions: 1->1(27)
[2023-11-10T11:33:56.798-0800][75640430ms] GC(21113) Old regions: 1402->1402
[2023-11-10T11:33:56.798-0800][75640430ms] GC(21113) Humongous regions: 5->5
[2023-11-10T11:33:56.798-0800][75640430ms] GC(21113) Metaspace: 304854K->304854K(1347584K)
[2023-11-10T11:33:56.799-0800][75640431ms] GC(21113) Pause Young (Normal) (G1 Evacuation Pause) 3236M->2814M(3602M) 5.109ms
[2023-11-10T11:33:56.799-0800][75640431ms] GC(21113) User=0.00s Sys=0.00s Real=0.01s
[2023-11-10T11:33:57.303-0800][75640935ms] GC(21114) Pause Young (Normal) (G1 Evacuation Pause)
[2023-11-10T11:33:57.303-0800][75640935ms] GC(21114) Using 10 workers of 10 for evacuation
[2023-11-10T11:33:57.309-0800][75640941ms] GC(21114)   Pre Evacuate Collection Set: 0.0ms
[2023-11-10T11:33:57.309-0800][75640941ms] GC(21114)   Evacuate Collection Set: 1.8ms
[2023-11-10T11:33:57.309-0800][75640941ms] GC(21114)   Post Evacuate Collection Set: 3.3ms
[2023-11-10T11:33:57.309-0800][75640941ms] GC(21114)   Other: 0.2ms
[2023-11-10T11:33:57.309-0800][75640941ms] GC(21114) Eden regions: 211->0(211)
[2023-11-10T11:33:57.309-0800][75640941ms] GC(21114) Survivor regions: 1->1(27)
[2023-11-10T11:33:57.309-0800][75640941ms] GC(21114) Old regions: 1402->1402
[2023-11-10T11:33:57.309-0800][75640941ms] GC(21114) Humongous regions: 5->5
[2023-11-10T11:33:57.309-0800][75640941ms] GC(21114) Metaspace: 304854K->304854K(1347584K)
[2023-11-10T11:33:57.309-0800][75640941ms] GC(21114) Pause Young (Normal) (G1 Evacuation Pause) 3236M->2814M(3602M) 5.583ms
[2023-11-10T11:33:57.309-0800][75640941ms] GC(21114) User=0.06s Sys=0.00s Real=0.01s
[2023-11-10T11:33:57.844-0800][75641476ms] GC(21115) Pause Young (Normal) (G1 Evacuation Pause)
[2023-11-10T11:33:57.844-0800][75641476ms] GC(21115) Using 10 workers of 10 for evacuation
[2023-11-10T11:33:57.851-0800][75641483ms] GC(21115)   Pre Evacuate Collection Set: 0.0ms
[2023-11-10T11:33:57.851-0800][75641483ms] GC(21115)   Evacuate Collection Set: 1.7ms
[2023-11-10T11:33:57.851-0800][75641483ms] GC(21115)   Post Evacuate Collection Set: 4.2ms
[2023-11-10T11:33:57.851-0800][75641483ms] GC(21115)   Other: 0.3ms
[2023-11-10T11:33:57.851-0800][75641483ms] GC(21115) Eden regions: 211->0(211)
[2023-11-10T11:33:57.851-0800][75641483ms] GC(21115) Survivor regions: 1->1(27)
[2023-11-10T11:33:57.851-0800][75641483ms] GC(21115) Old regions: 1402->1402
[2023-11-10T11:33:57.851-0800][75641483ms] GC(21115) Humongous regions: 5->5
[2023-11-10T11:33:57.851-0800][75641483ms] GC(21115) Metaspace: 304854K->304854K(1347584K)
[2023-11-10T11:33:57.852-0800][75641484ms] GC(21115) Pause Young (Normal) (G1 Evacuation Pause) 3236M->2815M(3602M) 6.420ms
[2023-11-10T11:33:57.852-0800][75641484ms] GC(21115) User=0.00s Sys=0.00s Real=0.01s
[2023-11-10T11:33:58.365-0800][75641997ms] GC(21116) Pause Young (Normal) (G1 Evacuation Pause)
[2023-11-10T11:33:58.365-0800][75641997ms] GC(21116) Using 10 workers of 10 for evacuation
[2023-11-10T11:33:58.371-0800][75642003ms] GC(21116)   Pre Evacuate Collection Set: 0.1ms
[2023-11-10T11:33:58.371-0800][75642003ms] GC(21116)   Evacuate Collection Set: 2.0ms
[2023-11-10T11:33:58.371-0800][75642003ms] GC(21116)   Post Evacuate Collection Set: 3.2ms
[2023-11-10T11:33:58.371-0800][75642003ms] GC(21116)   Other: 0.3ms
[2023-11-10T11:33:58.371-0800][75642003ms] GC(21116) Eden regions: 211->0(211)
[2023-11-10T11:33:58.371-0800][75642003ms] GC(21116) Survivor regions: 1->1(27)
[2023-11-10T11:33:58.371-0800][75642003ms] GC(21116) Old regions: 1402->1402
[2023-11-10T11:33:58.371-0800][75642003ms] GC(21116) Humongous regions: 5->5
[2023-11-10T11:33:58.371-0800][75642003ms] GC(21116) Metaspace: 304854K->304854K(1347584K)
[2023-11-10T11:33:58.371-0800][75642003ms] GC(21116) Pause Young (Normal) (G1 Evacuation Pause) 3237M->2814M(3602M) 5.604ms
[2023-11-10T11:33:58.371-0800][75642003ms] GC(21116) User=0.02s Sys=0.00s Real=0.01s
[2023-11-10T11:33:58.891-0800][75642523ms] GC(21117) Pause Young (Normal) (G1 Evacuation Pause)
[2023-11-10T11:33:58.891-0800][75642523ms] GC(21117) Using 10 workers of 10 for evacuation
[2023-11-10T11:33:58.896-0800][75642528ms] GC(21117)   Pre Evacuate Collection Set: 0.0ms
[2023-11-10T11:33:58.896-0800][75642528ms] GC(21117)   Evacuate Collection Set: 1.7ms
[2023-11-10T11:33:58.896-0800][75642528ms] GC(21117)   Post Evacuate Collection Set: 3.0ms
[2023-11-10T11:33:58.896-0800][75642528ms] GC(21117)   Other: 0.3ms
[2023-11-10T11:33:58.896-0800][75642528ms] GC(21117) Eden regions: 211->0(211)
[2023-11-10T11:33:58.896-0800][75642528ms] GC(21117) Survivor regions: 1->1(27)
[2023-11-10T11:33:58.896-0800][75642528ms] GC(21117) Old regions: 1402->1402
[2023-11-10T11:33:58.896-0800][75642528ms] GC(21117) Humongous regions: 5->5
[2023-11-10T11:33:58.896-0800][75642528ms] GC(21117) Metaspace: 304854K->304854K(1347584K)
[2023-11-10T11:33:58.896-0800][75642528ms] GC(21117) Pause Young (Normal) (G1 Evacuation Pause) 3236M->2814M(3602M) 5.156ms
[2023-11-10T11:33:58.896-0800][75642528ms] GC(21117) User=0.00s Sys=0.00s Real=0.00s
[2023-11-10T11:33:59.438-0800][75643070ms] GC(21118) Pause Young (Normal) (G1 Evacuation Pause)
[2023-11-10T11:33:59.438-0800][75643070ms] GC(21118) Using 10 workers of 10 for evacuation
[2023-11-10T11:33:59.444-0800][75643076ms] GC(21118)   Pre Evacuate Collection Set: 0.0ms
[2023-11-10T11:33:59.444-0800][75643076ms] GC(21118)   Evacuate Collection Set: 1.6ms
[2023-11-10T11:33:59.444-0800][75643076ms] GC(21118)   Post Evacuate Collection Set: 3.0ms
[2023-11-10T11:33:59.444-0800][75643076ms] GC(21118)   Other: 0.3ms
[2023-11-10T11:33:59.444-0800][75643076ms] GC(21118) Eden regions: 211->0(211)
[2023-11-10T11:33:59.444-0800][75643076ms] GC(21118) Survivor regions: 1->1(27)
[2023-11-10T11:33:59.444-0800][75643076ms] GC(21118) Old regions: 1402->1402
[2023-11-10T11:33:59.444-0800][75643076ms] GC(21118) Humongous regions: 5->5
[2023-11-10T11:33:59.444-0800][75643076ms] GC(21118) Metaspace: 304854K->304854K(1347584K)
[2023-11-10T11:33:59.444-0800][75643076ms] GC(21118) Pause Young (Normal) (G1 Evacuation Pause) 3236M->2814M(3602M) 5.095ms
[2023-11-10T11:33:59.444-0800][75643076ms] GC(21118) User=0.00s Sys=0.00s Real=0.01s
[2023-11-10T11:33:59.985-0800][75643617ms] GC(21119) Pause Young (Normal) (G1 Evacuation Pause)
[2023-11-10T11:33:59.985-0800][75643617ms] GC(21119) Using 10 workers of 10 for evacuation
[2023-11-10T11:33:59.991-0800][75643623ms] GC(21119)   Pre Evacuate Collection Set: 0.1ms
[2023-11-10T11:33:59.992-0800][75643624ms] GC(21119)   Evacuate Collection Set: 2.5ms
[2023-11-10T11:33:59.992-0800][75643624ms] GC(21119)   Post Evacuate Collection Set: 4.4ms
[2023-11-10T11:33:59.992-0800][75643624ms] GC(21119)   Other: 0.4ms
[2023-11-10T11:33:59.992-0800][75643624ms] GC(21119) Eden regions: 211->0(211)
[2023-11-10T11:33:59.992-0800][75643624ms] GC(21119) Survivor regions: 1->1(27)
[2023-11-10T11:33:59.992-0800][75643624ms] GC(21119) Old regions: 1402->1402
[2023-11-10T11:33:59.992-0800][75643624ms] GC(21119) Humongous regions: 5->5
[2023-11-10T11:33:59.992-0800][75643624ms] GC(21119) Metaspace: 304854K->304854K(1347584K)
[2023-11-10T11:33:59.992-0800][75643624ms] GC(21119) Pause Young (Normal) (G1 Evacuation Pause) 3236M->2814M(3602M) 7.394ms
[2023-11-10T11:33:59.992-0800][75643624ms] GC(21119) User=0.00s Sys=0.00s Real=0.01s
[2023-11-10T11:34:00.527-0800][75644159ms] GC(21120) Pause Young (Normal) (G1 Evacuation Pause)
[2023-11-10T11:34:00.527-0800][75644159ms] GC(21120) Using 10 workers of 10 for evacuation
[2023-11-10T11:34:00.532-0800][75644164ms] GC(21120)   Pre Evacuate Collection Set: 0.0ms
[2023-11-10T11:34:00.532-0800][75644164ms] GC(21120)   Evacuate Collection Set: 1.8ms
[2023-11-10T11:34:00.532-0800][75644164ms] GC(21120)   Post Evacuate Collection Set: 3.1ms
[2023-11-10T11:34:00.532-0800][75644164ms] GC(21120)   Other: 0.3ms
[2023-11-10T11:34:00.532-0800][75644164ms] GC(21120) Eden regions: 211->0(211)
[2023-11-10T11:34:00.532-0800][75644164ms] GC(21120) Survivor regions: 1->1(27)
[2023-11-10T11:34:00.532-0800][75644164ms] GC(21120) Old regions: 1402->1402
[2023-11-10T11:34:00.532-0800][75644164ms] GC(21120) Humongous regions: 5->5
[2023-11-10T11:34:00.532-0800][75644164ms] GC(21120) Metaspace: 304854K->304854K(1347584K)
[2023-11-10T11:34:00.532-0800][75644164ms] GC(21120) Pause Young (Normal) (G1 Evacuation Pause) 3236M->2814M(3602M) 5.384ms
[2023-11-10T11:34:00.532-0800][75644164ms] GC(21120) User=0.00s Sys=0.00s Real=0.01s
[2023-11-10T11:34:01.074-0800][75644706ms] GC(21121) Pause Young (Normal) (G1 Evacuation Pause)
[2023-11-10T11:34:01.074-0800][75644706ms] GC(21121) Using 10 workers of 10 for evacuation
[2023-11-10T11:34:01.080-0800][75644712ms] GC(21121)   Pre Evacuate Collection Set: 0.0ms
[2023-11-10T11:34:01.080-0800][75644712ms] GC(21121)   Evacuate Collection Set: 2.1ms
[2023-11-10T11:34:01.080-0800][75644712ms] GC(21121)   Post Evacuate Collection Set: 3.5ms
[2023-11-10T11:34:01.080-0800][75644712ms] GC(21121)   Other: 0.3ms
[2023-11-10T11:34:01.080-0800][75644712ms] GC(21121) Eden regions: 211->0(211)
[2023-11-10T11:34:01.080-0800][75644712ms] GC(21121) Survivor regions: 1->1(27)
[2023-11-10T11:34:01.080-0800][75644712ms] GC(21121) Old regions: 1402->1402
[2023-11-10T11:34:01.080-0800][75644712ms] GC(21121) Humongous regions: 5->5
[2023-11-10T11:34:01.080-0800][75644712ms] GC(21121) Metaspace: 304854K->304854K(1347584K)
[2023-11-10T11:34:01.080-0800][75644712ms] GC(21121) Pause Young (Normal) (G1 Evacuation Pause) 3236M->2814M(3602M) 6.011ms
[2023-11-10T11:34:01.080-0800][75644712ms] GC(21121) User=0.00s Sys=0.00s Real=0.01s
[2023-11-10T11:34:01.561-0800][75645193ms] GC(21122) Pause Young (Normal) (G1 Evacuation Pause)
[2023-11-10T11:34:01.562-0800][75645194ms] GC(21122) Using 10 workers of 10 for evacuation
[2023-11-10T11:34:01.568-0800][75645200ms] GC(21122)   Pre Evacuate Collection Set: 0.1ms
[2023-11-10T11:34:01.568-0800][75645200ms] GC(21122)   Evacuate Collection Set: 1.8ms
[2023-11-10T11:34:01.568-0800][75645200ms] GC(21122)   Post Evacuate Collection Set: 3.7ms
[2023-11-10T11:34:01.568-0800][75645200ms] GC(21122)   Other: 0.5ms
[2023-11-10T11:34:01.568-0800][75645200ms] GC(21122) Eden regions: 211->0(211)
[2023-11-10T11:34:01.568-0800][75645200ms] GC(21122) Survivor regions: 1->1(27)
[2023-11-10T11:34:01.568-0800][75645200ms] GC(21122) Old regions: 1402->1402
[2023-11-10T11:34:01.568-0800][75645200ms] GC(21122) Humongous regions: 5->5
[2023-11-10T11:34:01.568-0800][75645200ms] GC(21122) Metaspace: 304854K->304854K(1347584K)
[2023-11-10T11:34:01.568-0800][75645200ms] GC(21122) Pause Young (Normal) (G1 Evacuation Pause) 3236M->2814M(3602M) 6.217ms
[2023-11-10T11:34:01.568-0800][75645200ms] GC(21122) User=0.00s Sys=0.00s Real=0.01s
[2023-11-10T11:34:02.103-0800][75645735ms] GC(21123) Pause Young (Normal) (G1 Evacuation Pause)
[2023-11-10T11:34:02.103-0800][75645735ms] GC(21123) Using 10 workers of 10 for evacuation
[2023-11-10T11:34:02.111-0800][75645743ms] GC(21123)   Pre Evacuate Collection Set: 0.1ms
[2023-11-10T11:34:02.111-0800][75645743ms] GC(21123)   Evacuate Collection Set: 2.3ms
[2023-11-10T11:34:02.111-0800][75645743ms] GC(21123)   Post Evacuate Collection Set: 5.8ms
[2023-11-10T11:34:02.111-0800][75645743ms] GC(21123)   Other: 0.4ms
[2023-11-10T11:34:02.111-0800][75645743ms] GC(21123) Eden regions: 211->0(211)
[2023-11-10T11:34:02.111-0800][75645743ms] GC(21123) Survivor regions: 1->1(27)
[2023-11-10T11:34:02.111-0800][75645743ms] GC(21123) Old regions: 1402->1402
[2023-11-10T11:34:02.111-0800][75645743ms] GC(21123) Humongous regions: 5->5
[2023-11-10T11:34:02.111-0800][75645743ms] GC(21123) Metaspace: 304854K->304854K(1347584K)
[2023-11-10T11:34:02.111-0800][75645743ms] GC(21123) Pause Young (Normal) (G1 Evacuation Pause) 3236M->2814M(3602M) 8.668ms
[2023-11-10T11:34:02.111-0800][75645743ms] GC(21123) User=0.00s Sys=0.00s Real=0.01s
[2023-11-10T11:34:02.628-0800][75646260ms] GC(21124) Pause Young (Normal) (G1 Evacuation Pause)
[2023-11-10T11:34:02.629-0800][75646261ms] GC(21124) Using 10 workers of 10 for evacuation
[2023-11-10T11:34:02.638-0800][75646270ms] GC(21124)   Pre Evacuate Collection Set: 0.1ms
[2023-11-10T11:34:02.638-0800][75646270ms] GC(21124)   Evacuate Collection Set: 2.4ms
[2023-11-10T11:34:02.638-0800][75646270ms] GC(21124)   Post Evacuate Collection Set: 5.8ms
[2023-11-10T11:34:02.638-0800][75646270ms] GC(21124)   Other: 0.4ms
[2023-11-10T11:34:02.638-0800][75646270ms] GC(21124) Eden regions: 211->0(211)
[2023-11-10T11:34:02.638-0800][75646270ms] GC(21124) Survivor regions: 1->1(27)
[2023-11-10T11:34:02.638-0800][75646270ms] GC(21124) Old regions: 1402->1402
[2023-11-10T11:34:02.638-0800][75646270ms] GC(21124) Humongous regions: 5->5
[2023-11-10T11:34:02.638-0800][75646270ms] GC(21124) Metaspace: 304854K->304854K(1347584K)
[2023-11-10T11:34:02.638-0800][75646270ms] GC(21124) Pause Young (Normal) (G1 Evacuation Pause) 3236M->2814M(3602M) 8.838ms
[2023-11-10T11:34:02.638-0800][75646270ms] GC(21124) User=0.02s Sys=0.00s Real=0.01s
[2023-11-10T11:34:03.192-0800][75646824ms] GC(21125) Pause Young (Normal) (G1 Evacuation Pause)
[2023-11-10T11:34:03.192-0800][75646824ms] GC(21125) Using 10 workers of 10 for evacuation
[2023-11-10T11:34:03.198-0800][75646830ms] GC(21125)   Pre Evacuate Collection Set: 0.1ms
[2023-11-10T11:34:03.198-0800][75646830ms] GC(21125)   Evacuate Collection Set: 2.3ms
[2023-11-10T11:34:03.198-0800][75646830ms] GC(21125)   Post Evacuate Collection Set: 3.4ms
[2023-11-10T11:34:03.198-0800][75646830ms] GC(21125)   Other: 0.3ms
[2023-11-10T11:34:03.198-0800][75646830ms] GC(21125) Eden regions: 211->0(211)
[2023-11-10T11:34:03.198-0800][75646830ms] GC(21125) Survivor regions: 1->1(27)
[2023-11-10T11:34:03.198-0800][75646830ms] GC(21125) Old regions: 1402->1402
[2023-11-10T11:34:03.198-0800][75646830ms] GC(21125) Humongous regions: 5->5
[2023-11-10T11:34:03.198-0800][75646830ms] GC(21125) Metaspace: 304854K->304854K(1347584K)
[2023-11-10T11:34:03.198-0800][75646830ms] GC(21125) Pause Young (Normal) (G1 Evacuation Pause) 3236M->2814M(3602M) 6.210ms
[2023-11-10T11:34:03.198-0800][75646830ms] GC(21125) User=0.02s Sys=0.00s Real=0.01s
[2023-11-10T11:34:03.718-0800][75647350ms] GC(21126) Pause Young (Normal) (G1 Evacuation Pause)
[2023-11-10T11:34:03.719-0800][75647351ms] GC(21126) Using 10 workers of 10 for evacuation
[2023-11-10T11:34:03.725-0800][75647357ms] GC(21126)   Pre Evacuate Collection Set: 0.0ms
[2023-11-10T11:34:03.725-0800][75647357ms] GC(21126)   Evacuate Collection Set: 1.8ms
[2023-11-10T11:34:03.725-0800][75647357ms] GC(21126)   Post Evacuate Collection Set: 3.5ms
[2023-11-10T11:34:03.725-0800][75647357ms] GC(21126)   Other: 0.3ms
[2023-11-10T11:34:03.725-0800][75647357ms] GC(21126) Eden regions: 211->0(211)
[2023-11-10T11:34:03.725-0800][75647357ms] GC(21126) Survivor regions: 1->1(27)
[2023-11-10T11:34:03.725-0800][75647357ms] GC(21126) Old regions: 1402->1402
[2023-11-10T11:34:03.725-0800][75647357ms] GC(21126) Humongous regions: 5->5
[2023-11-10T11:34:03.725-0800][75647357ms] GC(21126) Metaspace: 304854K->304854K(1347584K)
[2023-11-10T11:34:03.725-0800][75647357ms] GC(21126) Pause Young (Normal) (G1 Evacuation Pause) 3236M->2814M(3602M) 5.776ms
[2023-11-10T11:34:03.725-0800][75647357ms] GC(21126) User=0.00s Sys=0.00s Real=0.01s
[2023-11-10T11:34:04.221-0800][75647853ms] GC(21127) Pause Young (Normal) (G1 Evacuation Pause)
[2023-11-10T11:34:04.221-0800][75647853ms] GC(21127) Using 10 workers of 10 for evacuation
[2023-11-10T11:34:04.228-0800][75647860ms] GC(21127)   Pre Evacuate Collection Set: 0.0ms
[2023-11-10T11:34:04.228-0800][75647860ms] GC(21127)   Evacuate Collection Set: 2.4ms
[2023-11-10T11:34:04.228-0800][75647860ms] GC(21127)   Post Evacuate Collection Set: 4.9ms
[2023-11-10T11:34:04.228-0800][75647860ms] GC(21127)   Other: 0.3ms
[2023-11-10T11:34:04.228-0800][75647860ms] GC(21127) Eden regions: 211->0(210)
[2023-11-10T11:34:04.228-0800][75647860ms] GC(21127) Survivor regions: 1->1(27)
[2023-11-10T11:34:04.228-0800][75647860ms] GC(21127) Old regions: 1402->1403
[2023-11-10T11:34:04.228-0800][75647860ms] GC(21127) Humongous regions: 5->5
[2023-11-10T11:34:04.228-0800][75647860ms] GC(21127) Metaspace: 304854K->304854K(1347584K)
[2023-11-10T11:34:04.228-0800][75647860ms] GC(21127) Pause Young (Normal) (G1 Evacuation Pause) 3236M->2814M(3602M) 7.837ms
[2023-11-10T11:34:04.228-0800][75647860ms] GC(21127) User=0.00s Sys=0.00s Real=0.01s
[2023-11-10T11:34:04.756-0800][75648388ms] GC(21128) Pause Young (Normal) (G1 Evacuation Pause)
[2023-11-10T11:34:04.756-0800][75648388ms] GC(21128) Using 10 workers of 10 for evacuation
[2023-11-10T11:34:04.762-0800][75648394ms] GC(21128)   Pre Evacuate Collection Set: 0.1ms
[2023-11-10T11:34:04.762-0800][75648394ms] GC(21128)   Evacuate Collection Set: 2.2ms
[2023-11-10T11:34:04.762-0800][75648394ms] GC(21128)   Post Evacuate Collection Set: 3.5ms
[2023-11-10T11:34:04.762-0800][75648394ms] GC(21128)   Other: 0.3ms
[2023-11-10T11:34:04.762-0800][75648394ms] GC(21128) Eden regions: 210->0(210)
[2023-11-10T11:34:04.762-0800][75648394ms] GC(21128) Survivor regions: 1->1(27)
[2023-11-10T11:34:04.762-0800][75648394ms] GC(21128) Old regions: 1403->1403
[2023-11-10T11:34:04.762-0800][75648394ms] GC(21128) Humongous regions: 5->5
[2023-11-10T11:34:04.762-0800][75648394ms] GC(21128) Metaspace: 304854K->304854K(1347584K)
[2023-11-10T11:34:04.762-0800][75648394ms] GC(21128) Pause Young (Normal) (G1 Evacuation Pause) 3234M->2814M(3602M) 6.262ms
[2023-11-10T11:34:04.762-0800][75648394ms] GC(21128) User=0.11s Sys=0.00s Real=0.01s
[2023-11-10T11:34:05.276-0800][75648908ms] GC(21129) Pause Young (Normal) (G1 Evacuation Pause)
[2023-11-10T11:34:05.276-0800][75648908ms] GC(21129) Using 10 workers of 10 for evacuation
[2023-11-10T11:34:05.283-0800][75648915ms] GC(21129)   Pre Evacuate Collection Set: 0.0ms
[2023-11-10T11:34:05.283-0800][75648915ms] GC(21129)   Evacuate Collection Set: 2.0ms
[2023-11-10T11:34:05.283-0800][75648915ms] GC(21129)   Post Evacuate Collection Set: 4.4ms
[2023-11-10T11:34:05.283-0800][75648915ms] GC(21129)   Other: 0.3ms
[2023-11-10T11:34:05.283-0800][75648915ms] GC(21129) Eden regions: 210->0(210)
[2023-11-10T11:34:05.283-0800][75648915ms] GC(21129) Survivor regions: 1->1(27)
[2023-11-10T11:34:05.283-0800][75648915ms] GC(21129) Old regions: 1403->1403
[2023-11-10T11:34:05.283-0800][75648915ms] GC(21129) Humongous regions: 5->5
[2023-11-10T11:34:05.283-0800][75648915ms] GC(21129) Metaspace: 304854K->304854K(1347584K)
[2023-11-10T11:34:05.283-0800][75648915ms] GC(21129) Pause Young (Normal) (G1 Evacuation Pause) 3234M->2814M(3602M) 6.891ms
[2023-11-10T11:34:05.283-0800][75648915ms] GC(21129) User=0.00s Sys=0.00s Real=0.01s
[2023-11-10T11:34:05.793-0800][75649425ms] GC(21130) Pause Young (Normal) (G1 Evacuation Pause)
[2023-11-10T11:34:05.793-0800][75649425ms] GC(21130) Using 10 workers of 10 for evacuation
[2023-11-10T11:34:05.798-0800][75649430ms] GC(21130)   Pre Evacuate Collection Set: 0.0ms
[2023-11-10T11:34:05.798-0800][75649430ms] GC(21130)   Evacuate Collection Set: 1.6ms
[2023-11-10T11:34:05.798-0800][75649430ms] GC(21130)   Post Evacuate Collection Set: 2.9ms
[2023-11-10T11:34:05.798-0800][75649430ms] GC(21130)   Other: 0.3ms
[2023-11-10T11:34:05.798-0800][75649430ms] GC(21130) Eden regions: 210->0(210)
[2023-11-10T11:34:05.798-0800][75649430ms] GC(21130) Survivor regions: 1->1(27)
[2023-11-10T11:34:05.798-0800][75649430ms] GC(21130) Old regions: 1403->1403
[2023-11-10T11:34:05.798-0800][75649430ms] GC(21130) Humongous regions: 5->5
[2023-11-10T11:34:05.798-0800][75649430ms] GC(21130) Metaspace: 304854K->304854K(1347584K)
[2023-11-10T11:34:05.798-0800][75649430ms] GC(21130) Pause Young (Normal) (G1 Evacuation Pause) 3234M->2814M(3602M) 4.892ms
[2023-11-10T11:34:05.798-0800][75649430ms] GC(21130) User=0.00s Sys=0.00s Real=0.01s
[2023-11-10T11:34:06.295-0800][75649927ms] GC(21131) Pause Young (Normal) (G1 Evacuation Pause)
[2023-11-10T11:34:06.295-0800][75649927ms] GC(21131) Using 10 workers of 10 for evacuation
[2023-11-10T11:34:06.300-0800][75649932ms] GC(21131)   Pre Evacuate Collection Set: 0.1ms
[2023-11-10T11:34:06.300-0800][75649932ms] GC(21131)   Evacuate Collection Set: 1.8ms
[2023-11-10T11:34:06.300-0800][75649932ms] GC(21131)   Post Evacuate Collection Set: 3.5ms
[2023-11-10T11:34:06.300-0800][75649932ms] GC(21131)   Other: 0.3ms
[2023-11-10T11:34:06.300-0800][75649932ms] GC(21131) Eden regions: 210->0(210)
[2023-11-10T11:34:06.300-0800][75649932ms] GC(21131) Survivor regions: 1->1(27)
[2023-11-10T11:34:06.300-0800][75649932ms] GC(21131) Old regions: 1403->1403
[2023-11-10T11:34:06.300-0800][75649932ms] GC(21131) Humongous regions: 5->5
[2023-11-10T11:34:06.300-0800][75649932ms] GC(21131) Metaspace: 304854K->304854K(1347584K)
[2023-11-10T11:34:06.300-0800][75649932ms] GC(21131) Pause Young (Normal) (G1 Evacuation Pause) 3234M->2814M(3602M) 5.851ms
[2023-11-10T11:34:06.300-0800][75649932ms] GC(21131) User=0.00s Sys=0.00s Real=0.00s
[2023-11-10T11:34:06.891-0800][75650523ms] GC(21132) Pause Young (Normal) (G1 Evacuation Pause)
[2023-11-10T11:34:06.891-0800][75650523ms] GC(21132) Using 10 workers of 10 for evacuation
[2023-11-10T11:34:06.897-0800][75650529ms] GC(21132)   Pre Evacuate Collection Set: 0.0ms
[2023-11-10T11:34:06.897-0800][75650529ms] GC(21132)   Evacuate Collection Set: 2.2ms
[2023-11-10T11:34:06.897-0800][75650529ms] GC(21132)   Post Evacuate Collection Set: 3.7ms
[2023-11-10T11:34:06.897-0800][75650529ms] GC(21132)   Other: 0.3ms
[2023-11-10T11:34:06.897-0800][75650529ms] GC(21132) Eden regions: 210->0(210)
[2023-11-10T11:34:06.897-0800][75650529ms] GC(21132) Survivor regions: 1->1(27)
[2023-11-10T11:34:06.897-0800][75650529ms] GC(21132) Old regions: 1403->1403
[2023-11-10T11:34:06.897-0800][75650529ms] GC(21132) Humongous regions: 5->5
[2023-11-10T11:34:06.897-0800][75650529ms] GC(21132) Metaspace: 304854K->304854K(1347584K)
[2023-11-10T11:34:06.897-0800][75650529ms] GC(21132) Pause Young (Normal) (G1 Evacuation Pause) 3234M->2815M(3602M) 6.308ms
[2023-11-10T11:34:06.897-0800][75650529ms] GC(21132) User=0.00s Sys=0.00s Real=0.01s
[2023-11-10T11:34:07.450-0800][75651082ms] GC(21133) Pause Young (Normal) (G1 Evacuation Pause)
[2023-11-10T11:34:07.450-0800][75651082ms] GC(21133) Using 10 workers of 10 for evacuation
[2023-11-10T11:34:07.456-0800][75651088ms] GC(21133)   Pre Evacuate Collection Set: 0.1ms
[2023-11-10T11:34:07.456-0800][75651088ms] GC(21133)   Evacuate Collection Set: 1.7ms
[2023-11-10T11:34:07.456-0800][75651088ms] GC(21133)   Post Evacuate Collection Set: 4.4ms
[2023-11-10T11:34:07.456-0800][75651088ms] GC(21133)   Other: 0.4ms
[2023-11-10T11:34:07.456-0800][75651088ms] GC(21133) Eden regions: 210->0(210)
[2023-11-10T11:34:07.456-0800][75651088ms] GC(21133) Survivor regions: 1->1(27)
[2023-11-10T11:34:07.456-0800][75651088ms] GC(21133) Old regions: 1403->1403
[2023-11-10T11:34:07.456-0800][75651088ms] GC(21133) Humongous regions: 5->5
[2023-11-10T11:34:07.456-0800][75651088ms] GC(21133) Metaspace: 304854K->304854K(1347584K)
[2023-11-10T11:34:07.456-0800][75651088ms] GC(21133) Pause Young (Normal) (G1 Evacuation Pause) 3235M->2815M(3602M) 6.708ms
[2023-11-10T11:34:07.456-0800][75651088ms] GC(21133) User=0.00s Sys=0.00s Real=0.01s
[2023-11-10T11:34:07.999-0800][75651631ms] GC(21134) Pause Young (Normal) (G1 Evacuation Pause)
[2023-11-10T11:34:07.999-0800][75651631ms] GC(21134) Using 10 workers of 10 for evacuation
[2023-11-10T11:34:08.005-0800][75651637ms] GC(21134)   Pre Evacuate Collection Set: 0.0ms
[2023-11-10T11:34:08.005-0800][75651637ms] GC(21134)   Evacuate Collection Set: 1.6ms
[2023-11-10T11:34:08.005-0800][75651637ms] GC(21134)   Post Evacuate Collection Set: 3.0ms
[2023-11-10T11:34:08.005-0800][75651637ms] GC(21134)   Other: 0.3ms
[2023-11-10T11:34:08.005-0800][75651637ms] GC(21134) Eden regions: 210->0(210)
[2023-11-10T11:34:08.005-0800][75651637ms] GC(21134) Survivor regions: 1->1(27)
[2023-11-10T11:34:08.005-0800][75651637ms] GC(21134) Old regions: 1403->1403
[2023-11-10T11:34:08.005-0800][75651637ms] GC(21134) Humongous regions: 5->5
[2023-11-10T11:34:08.005-0800][75651637ms] GC(21134) Metaspace: 304854K->304854K(1347584K)
[2023-11-10T11:34:08.005-0800][75651637ms] GC(21134) Pause Young (Normal) (G1 Evacuation Pause) 3235M->2815M(3602M) 5.014ms
[2023-11-10T11:34:08.005-0800][75651637ms] GC(21134) User=0.00s Sys=0.00s Real=0.01s
[2023-11-10T11:34:08.516-0800][75652148ms] GC(21135) Pause Young (Normal) (G1 Evacuation Pause)
[2023-11-10T11:34:08.516-0800][75652148ms] GC(21135) Using 10 workers of 10 for evacuation
[2023-11-10T11:34:08.520-0800][75652152ms] GC(21135)   Pre Evacuate Collection Set: 0.0ms
[2023-11-10T11:34:08.520-0800][75652152ms] GC(21135)   Evacuate Collection Set: 1.7ms
[2023-11-10T11:34:08.520-0800][75652152ms] GC(21135)   Post Evacuate Collection Set: 3.0ms
[2023-11-10T11:34:08.520-0800][75652152ms] GC(21135)   Other: 0.2ms
[2023-11-10T11:34:08.520-0800][75652152ms] GC(21135) Eden regions: 210->0(210)
[2023-11-10T11:34:08.520-0800][75652152ms] GC(21135) Survivor regions: 1->1(27)
[2023-11-10T11:34:08.520-0800][75652152ms] GC(21135) Old regions: 1403->1403
[2023-11-10T11:34:08.520-0800][75652152ms] GC(21135) Humongous regions: 5->5
[2023-11-10T11:34:08.520-0800][75652152ms] GC(21135) Metaspace: 304854K->304854K(1347584K)
[2023-11-10T11:34:08.520-0800][75652152ms] GC(21135) Pause Young (Normal) (G1 Evacuation Pause) 3235M->2815M(3602M) 5.093ms
[2023-11-10T11:34:08.520-0800][75652152ms] GC(21135) User=0.00s Sys=0.00s Real=0.00s
[2023-11-10T11:34:09.038-0800][75652670ms] GC(21136) Pause Young (Normal) (G1 Evacuation Pause)
[2023-11-10T11:34:09.038-0800][75652670ms] GC(21136) Using 10 workers of 10 for evacuation
[2023-11-10T11:34:09.043-0800][75652675ms] GC(21136)   Pre Evacuate Collection Set: 0.1ms
[2023-11-10T11:34:09.043-0800][75652675ms] GC(21136)   Evacuate Collection Set: 1.8ms
[2023-11-10T11:34:09.043-0800][75652675ms] GC(21136)   Post Evacuate Collection Set: 3.1ms
[2023-11-10T11:34:09.044-0800][75652676ms] GC(21136)   Other: 0.3ms
[2023-11-10T11:34:09.044-0800][75652676ms] GC(21136) Eden regions: 210->0(210)
[2023-11-10T11:34:09.044-0800][75652676ms] GC(21136) Survivor regions: 1->1(27)
[2023-11-10T11:34:09.044-0800][75652676ms] GC(21136) Old regions: 1403->1403
[2023-11-10T11:34:09.044-0800][75652676ms] GC(21136) Humongous regions: 5->5
[2023-11-10T11:34:09.044-0800][75652676ms] GC(21136) Metaspace: 304854K->304854K(1347584K)
[2023-11-10T11:34:09.044-0800][75652676ms] GC(21136) Pause Young (Normal) (G1 Evacuation Pause) 3235M->2815M(3602M) 5.428ms
[2023-11-10T11:34:09.044-0800][75652676ms] GC(21136) User=0.00s Sys=0.00s Real=0.01s
[2023-11-10T11:34:09.565-0800][75653198ms] GC(21137) Pause Young (Normal) (G1 Evacuation Pause)
[2023-11-10T11:34:09.566-0800][75653198ms] GC(21137) Using 10 workers of 10 for evacuation
[2023-11-10T11:34:09.571-0800][75653203ms] GC(21137)   Pre Evacuate Collection Set: 0.0ms
[2023-11-10T11:34:09.571-0800][75653203ms] GC(21137)   Evacuate Collection Set: 1.7ms
[2023-11-10T11:34:09.571-0800][75653203ms] GC(21137)   Post Evacuate Collection Set: 3.0ms
[2023-11-10T11:34:09.571-0800][75653203ms] GC(21137)   Other: 0.3ms
[2023-11-10T11:34:09.571-0800][75653203ms] GC(21137) Eden regions: 210->0(210)
[2023-11-10T11:34:09.571-0800][75653203ms] GC(21137) Survivor regions: 1->1(27)
[2023-11-10T11:34:09.571-0800][75653203ms] GC(21137) Old regions: 1403->1403
[2023-11-10T11:34:09.571-0800][75653203ms] GC(21137) Humongous regions: 5->5
[2023-11-10T11:34:09.571-0800][75653203ms] GC(21137) Metaspace: 304854K->304854K(1347584K)
[2023-11-10T11:34:09.571-0800][75653203ms] GC(21137) Pause Young (Normal) (G1 Evacuation Pause) 3235M->2815M(3602M) 5.182ms
[2023-11-10T11:34:09.571-0800][75653203ms] GC(21137) User=0.02s Sys=0.00s Real=0.01s
[2023-11-10T11:34:10.127-0800][75653759ms] GC(21138) Pause Young (Normal) (G1 Evacuation Pause)
[2023-11-10T11:34:10.127-0800][75653759ms] GC(21138) Using 10 workers of 10 for evacuation
[2023-11-10T11:34:10.134-0800][75653766ms] GC(21138)   Pre Evacuate Collection Set: 0.0ms
[2023-11-10T11:34:10.134-0800][75653766ms] GC(21138)   Evacuate Collection Set: 1.7ms
[2023-11-10T11:34:10.134-0800][75653766ms] GC(21138)   Post Evacuate Collection Set: 3.5ms
[2023-11-10T11:34:10.134-0800][75653766ms] GC(21138)   Other: 0.3ms
[2023-11-10T11:34:10.134-0800][75653766ms] GC(21138) Eden regions: 210->0(210)
[2023-11-10T11:34:10.134-0800][75653766ms] GC(21138) Survivor regions: 1->1(27)
[2023-11-10T11:34:10.134-0800][75653766ms] GC(21138) Old regions: 1403->1403
[2023-11-10T11:34:10.134-0800][75653766ms] GC(21138) Humongous regions: 5->5
[2023-11-10T11:34:10.134-0800][75653766ms] GC(21138) Metaspace: 304854K->304854K(1347584K)
[2023-11-10T11:34:10.134-0800][75653766ms] GC(21138) Pause Young (Normal) (G1 Evacuation Pause) 3235M->2815M(3602M) 5.551ms
[2023-11-10T11:34:10.134-0800][75653766ms] GC(21138) User=0.02s Sys=0.00s Real=0.01s
[2023-11-10T11:34:10.611-0800][75654243ms] GC(21139) Pause Young (Normal) (G1 Evacuation Pause)
[2023-11-10T11:34:10.611-0800][75654243ms] GC(21139) Using 10 workers of 10 for evacuation
[2023-11-10T11:34:10.617-0800][75654249ms] GC(21139)   Pre Evacuate Collection Set: 0.1ms
[2023-11-10T11:34:10.617-0800][75654249ms] GC(21139)   Evacuate Collection Set: 2.2ms
[2023-11-10T11:34:10.617-0800][75654249ms] GC(21139)   Post Evacuate Collection Set: 3.8ms
[2023-11-10T11:34:10.617-0800][75654249ms] GC(21139)   Other: 0.3ms
[2023-11-10T11:34:10.617-0800][75654249ms] GC(21139) Eden regions: 210->0(210)
[2023-11-10T11:34:10.617-0800][75654249ms] GC(21139) Survivor regions: 1->1(27)
[2023-11-10T11:34:10.617-0800][75654249ms] GC(21139) Old regions: 1403->1403
[2023-11-10T11:34:10.617-0800][75654249ms] GC(21139) Humongous regions: 5->5
[2023-11-10T11:34:10.617-0800][75654249ms] GC(21139) Metaspace: 304854K->304854K(1347584K)
[2023-11-10T11:34:10.617-0800][75654249ms] GC(21139) Pause Young (Normal) (G1 Evacuation Pause) 3235M->2815M(3602M) 6.460ms
[2023-11-10T11:34:10.617-0800][75654249ms] GC(21139) User=0.02s Sys=0.00s Real=0.01s
[2023-11-10T11:34:11.151-0800][75654783ms] GC(21140) Pause Young (Normal) (G1 Evacuation Pause)
[2023-11-10T11:34:11.151-0800][75654783ms] GC(21140) Using 10 workers of 10 for evacuation
[2023-11-10T11:34:11.158-0800][75654790ms] GC(21140)   Pre Evacuate Collection Set: 0.1ms
[2023-11-10T11:34:11.158-0800][75654790ms] GC(21140)   Evacuate Collection Set: 2.1ms
[2023-11-10T11:34:11.158-0800][75654790ms] GC(21140)   Post Evacuate Collection Set: 3.4ms
[2023-11-10T11:34:11.158-0800][75654790ms] GC(21140)   Other: 0.3ms
[2023-11-10T11:34:11.158-0800][75654790ms] GC(21140) Eden regions: 210->0(209)
[2023-11-10T11:34:11.158-0800][75654790ms] GC(21140) Survivor regions: 1->1(27)
[2023-11-10T11:34:11.158-0800][75654790ms] GC(21140) Old regions: 1403->1403
[2023-11-10T11:34:11.158-0800][75654790ms] GC(21140) Humongous regions: 5->5
[2023-11-10T11:34:11.158-0800][75654790ms] GC(21140) Metaspace: 304854K->304854K(1347584K)
[2023-11-10T11:34:11.158-0800][75654790ms] GC(21140) Pause Young (Normal) (G1 Evacuation Pause) 3235M->2815M(3602M) 5.981ms
[2023-11-10T11:34:11.158-0800][75654790ms] GC(21140) User=0.00s Sys=0.00s Real=0.01s
[2023-11-10T11:34:11.635-0800][75655267ms] GC(21141) Pause Young (Normal) (G1 Evacuation Pause)
[2023-11-10T11:34:11.635-0800][75655267ms] GC(21141) Using 10 workers of 10 for evacuation
[2023-11-10T11:34:11.642-0800][75655274ms] GC(21141)   Pre Evacuate Collection Set: 0.1ms
[2023-11-10T11:34:11.642-0800][75655274ms] GC(21141)   Evacuate Collection Set: 2.2ms
[2023-11-10T11:34:11.642-0800][75655274ms] GC(21141)   Post Evacuate Collection Set: 4.3ms
[2023-11-10T11:34:11.642-0800][75655274ms] GC(21141)   Other: 0.4ms
[2023-11-10T11:34:11.642-0800][75655274ms] GC(21141) Eden regions: 209->0(209)
[2023-11-10T11:34:11.642-0800][75655274ms] GC(21141) Survivor regions: 1->1(27)
[2023-11-10T11:34:11.642-0800][75655274ms] GC(21141) Old regions: 1403->1403
[2023-11-10T11:34:11.642-0800][75655274ms] GC(21141) Humongous regions: 5->5
[2023-11-10T11:34:11.642-0800][75655274ms] GC(21141) Metaspace: 304854K->304854K(1347584K)
[2023-11-10T11:34:11.642-0800][75655274ms] GC(21141) Pause Young (Normal) (G1 Evacuation Pause) 3233M->2815M(3602M) 7.022ms
[2023-11-10T11:34:11.643-0800][75655275ms] GC(21141) User=0.00s Sys=0.00s Real=0.01s
[2023-11-10T11:34:12.171-0800][75655803ms] GC(21142) Pause Young (Normal) (G1 Evacuation Pause)
[2023-11-10T11:34:12.171-0800][75655803ms] GC(21142) Using 10 workers of 10 for evacuation
[2023-11-10T11:34:12.178-0800][75655810ms] GC(21142)   Pre Evacuate Collection Set: 0.1ms
[2023-11-10T11:34:12.178-0800][75655810ms] GC(21142)   Evacuate Collection Set: 2.1ms
[2023-11-10T11:34:12.178-0800][75655810ms] GC(21142)   Post Evacuate Collection Set: 3.7ms
[2023-11-10T11:34:12.178-0800][75655810ms] GC(21142)   Other: 0.4ms
[2023-11-10T11:34:12.178-0800][75655810ms] GC(21142) Eden regions: 209->0(209)
[2023-11-10T11:34:12.178-0800][75655810ms] GC(21142) Survivor regions: 1->1(27)
[2023-11-10T11:34:12.178-0800][75655810ms] GC(21142) Old regions: 1403->1403
[2023-11-10T11:34:12.178-0800][75655810ms] GC(21142) Humongous regions: 5->5
[2023-11-10T11:34:12.178-0800][75655810ms] GC(21142) Metaspace: 304854K->304854K(1347584K)
[2023-11-10T11:34:12.178-0800][75655810ms] GC(21142) Pause Young (Normal) (G1 Evacuation Pause) 3233M->2815M(3602M) 6.389ms
[2023-11-10T11:34:12.178-0800][75655810ms] GC(21142) User=0.00s Sys=0.00s Real=0.01s
[2023-11-10T11:34:12.740-0800][75656372ms] GC(21143) Pause Young (Normal) (G1 Evacuation Pause)
[2023-11-10T11:34:12.740-0800][75656372ms] GC(21143) Using 10 workers of 10 for evacuation
[2023-11-10T11:34:12.747-0800][75656379ms] GC(21143)   Pre Evacuate Collection Set: 0.1ms
[2023-11-10T11:34:12.747-0800][75656379ms] GC(21143)   Evacuate Collection Set: 1.8ms
[2023-11-10T11:34:12.747-0800][75656379ms] GC(21143)   Post Evacuate Collection Set: 4.1ms
[2023-11-10T11:34:12.747-0800][75656379ms] GC(21143)   Other: 0.3ms
[2023-11-10T11:34:12.747-0800][75656379ms] GC(21143) Eden regions: 209->0(209)
[2023-11-10T11:34:12.747-0800][75656379ms] GC(21143) Survivor regions: 1->1(27)
[2023-11-10T11:34:12.747-0800][75656379ms] GC(21143) Old regions: 1403->1403
[2023-11-10T11:34:12.747-0800][75656379ms] GC(21143) Humongous regions: 5->5
[2023-11-10T11:34:12.747-0800][75656379ms] GC(21143) Metaspace: 304854K->304854K(1347584K)
[2023-11-10T11:34:12.747-0800][75656379ms] GC(21143) Pause Young (Normal) (G1 Evacuation Pause) 3233M->2815M(3602M) 6.430ms
[2023-11-10T11:34:12.747-0800][75656379ms] GC(21143) User=0.02s Sys=0.02s Real=0.01s
[2023-11-10T11:34:13.271-0800][75656903ms] GC(21144) Pause Young (Normal) (G1 Evacuation Pause)
[2023-11-10T11:34:13.271-0800][75656903ms] GC(21144) Using 10 workers of 10 for evacuation
[2023-11-10T11:34:13.278-0800][75656910ms] GC(21144)   Pre Evacuate Collection Set: 0.1ms
[2023-11-10T11:34:13.278-0800][75656910ms] GC(21144)   Evacuate Collection Set: 2.6ms
[2023-11-10T11:34:13.279-0800][75656911ms] GC(21144)   Post Evacuate Collection Set: 4.5ms
[2023-11-10T11:34:13.279-0800][75656911ms] GC(21144)   Other: 0.4ms
[2023-11-10T11:34:13.279-0800][75656911ms] GC(21144) Eden regions: 209->0(209)
[2023-11-10T11:34:13.279-0800][75656911ms] GC(21144) Survivor regions: 1->1(27)
[2023-11-10T11:34:13.279-0800][75656911ms] GC(21144) Old regions: 1403->1403
[2023-11-10T11:34:13.279-0800][75656911ms] GC(21144) Humongous regions: 5->5
[2023-11-10T11:34:13.279-0800][75656911ms] GC(21144) Metaspace: 304854K->304854K(1347584K)
[2023-11-10T11:34:13.279-0800][75656911ms] GC(21144) Pause Young (Normal) (G1 Evacuation Pause) 3233M->2815M(3602M) 7.756ms
[2023-11-10T11:34:13.279-0800][75656911ms] GC(21144) User=0.05s Sys=0.00s Real=0.01s
[2023-11-10T11:34:13.870-0800][75657502ms] GC(21145) Pause Young (Normal) (G1 Evacuation Pause)
[2023-11-10T11:34:13.870-0800][75657502ms] GC(21145) Using 10 workers of 10 for evacuation
[2023-11-10T11:34:13.878-0800][75657510ms] GC(21145)   Pre Evacuate Collection Set: 0.1ms
[2023-11-10T11:34:13.878-0800][75657510ms] GC(21145)   Evacuate Collection Set: 2.4ms
[2023-11-10T11:34:13.878-0800][75657510ms] GC(21145)   Post Evacuate Collection Set: 4.8ms
[2023-11-10T11:34:13.878-0800][75657510ms] GC(21145)   Other: 0.4ms
[2023-11-10T11:34:13.878-0800][75657510ms] GC(21145) Eden regions: 209->0(209)
[2023-11-10T11:34:13.878-0800][75657510ms] GC(21145) Survivor regions: 1->1(27)
[2023-11-10T11:34:13.878-0800][75657510ms] GC(21145) Old regions: 1403->1403
[2023-11-10T11:34:13.878-0800][75657510ms] GC(21145) Humongous regions: 5->5
[2023-11-10T11:34:13.878-0800][75657510ms] GC(21145) Metaspace: 304854K->304854K(1347584K)
[2023-11-10T11:34:13.878-0800][75657510ms] GC(21145) Pause Young (Normal) (G1 Evacuation Pause) 3233M->2815M(3602M) 7.739ms
[2023-11-10T11:34:13.878-0800][75657510ms] GC(21145) User=0.00s Sys=0.00s Real=0.01s
[2023-11-10T11:34:14.443-0800][75658075ms] GC(21146) Pause Young (Normal) (G1 Evacuation Pause)
[2023-11-10T11:34:14.443-0800][75658075ms] GC(21146) Using 10 workers of 10 for evacuation
[2023-11-10T11:34:14.453-0800][75658085ms] GC(21146)   Pre Evacuate Collection Set: 0.1ms
[2023-11-10T11:34:14.453-0800][75658085ms] GC(21146)   Evacuate Collection Set: 2.3ms
[2023-11-10T11:34:14.453-0800][75658085ms] GC(21146)   Post Evacuate Collection Set: 6.7ms
[2023-11-10T11:34:14.453-0800][75658085ms] GC(21146)   Other: 0.4ms
[2023-11-10T11:34:14.453-0800][75658085ms] GC(21146) Eden regions: 209->0(209)
[2023-11-10T11:34:14.453-0800][75658085ms] GC(21146) Survivor regions: 1->1(27)
[2023-11-10T11:34:14.453-0800][75658085ms] GC(21146) Old regions: 1403->1403
[2023-11-10T11:34:14.453-0800][75658085ms] GC(21146) Humongous regions: 5->5
[2023-11-10T11:34:14.453-0800][75658085ms] GC(21146) Metaspace: 304854K->304854K(1347584K)
[2023-11-10T11:34:14.453-0800][75658085ms] GC(21146) Pause Young (Normal) (G1 Evacuation Pause) 3233M->2815M(3602M) 9.589ms
[2023-11-10T11:34:14.453-0800][75658085ms] GC(21146) User=0.05s Sys=0.00s Real=0.01s
[2023-11-10T11:34:14.999-0800][75658631ms] GC(21147) Pause Young (Normal) (G1 Evacuation Pause)
[2023-11-10T11:34:14.999-0800][75658631ms] GC(21147) Using 10 workers of 10 for evacuation
[2023-11-10T11:34:15.004-0800][75658636ms] GC(21147)   Pre Evacuate Collection Set: 0.0ms
[2023-11-10T11:34:15.004-0800][75658636ms] GC(21147)   Evacuate Collection Set: 1.8ms
[2023-11-10T11:34:15.004-0800][75658636ms] GC(21147)   Post Evacuate Collection Set: 3.1ms
[2023-11-10T11:34:15.004-0800][75658636ms] GC(21147)   Other: 0.3ms
[2023-11-10T11:34:15.004-0800][75658636ms] GC(21147) Eden regions: 209->0(209)
[2023-11-10T11:34:15.004-0800][75658636ms] GC(21147) Survivor regions: 1->1(27)
[2023-11-10T11:34:15.004-0800][75658636ms] GC(21147) Old regions: 1403->1403
[2023-11-10T11:34:15.004-0800][75658636ms] GC(21147) Humongous regions: 5->5
[2023-11-10T11:34:15.004-0800][75658636ms] GC(21147) Metaspace: 304854K->304854K(1347584K)
[2023-11-10T11:34:15.004-0800][75658636ms] GC(21147) Pause Young (Normal) (G1 Evacuation Pause) 3233M->2815M(3602M) 5.306ms
[2023-11-10T11:34:15.004-0800][75658636ms] GC(21147) User=0.00s Sys=0.00s Real=0.00s
[2023-11-10T11:34:15.522-0800][75659154ms] GC(21148) Pause Young (Normal) (G1 Evacuation Pause)
[2023-11-10T11:34:15.522-0800][75659154ms] GC(21148) Using 10 workers of 10 for evacuation
[2023-11-10T11:34:15.527-0800][75659159ms] GC(21148)   Pre Evacuate Collection Set: 0.0ms
[2023-11-10T11:34:15.527-0800][75659159ms] GC(21148)   Evacuate Collection Set: 1.7ms
[2023-11-10T11:34:15.527-0800][75659159ms] GC(21148)   Post Evacuate Collection Set: 3.1ms
[2023-11-10T11:34:15.527-0800][75659159ms] GC(21148)   Other: 0.3ms
[2023-11-10T11:34:15.527-0800][75659159ms] GC(21148) Eden regions: 209->0(209)
[2023-11-10T11:34:15.527-0800][75659159ms] GC(21148) Survivor regions: 1->1(27)
[2023-11-10T11:34:15.527-0800][75659159ms] GC(21148) Old regions: 1403->1403
[2023-11-10T11:34:15.527-0800][75659159ms] GC(21148) Humongous regions: 5->5
[2023-11-10T11:34:15.527-0800][75659159ms] GC(21148) Metaspace: 304854K->304854K(1347584K)
[2023-11-10T11:34:15.527-0800][75659159ms] GC(21148) Pause Young (Normal) (G1 Evacuation Pause) 3233M->2815M(3602M) 5.314ms
[2023-11-10T11:34:15.527-0800][75659159ms] GC(21148) User=0.08s Sys=0.00s Real=0.00s
[2023-11-10T11:34:16.004-0800][75659636ms] GC(21149) Pause Young (Normal) (G1 Evacuation Pause)
[2023-11-10T11:34:16.004-0800][75659636ms] GC(21149) Using 10 workers of 10 for evacuation
[2023-11-10T11:34:16.009-0800][75659641ms] GC(21149)   Pre Evacuate Collection Set: 0.0ms
[2023-11-10T11:34:16.009-0800][75659641ms] GC(21149)   Evacuate Collection Set: 1.7ms
[2023-11-10T11:34:16.009-0800][75659641ms] GC(21149)   Post Evacuate Collection Set: 3.7ms
[2023-11-10T11:34:16.009-0800][75659641ms] GC(21149)   Other: 0.3ms
[2023-11-10T11:34:16.009-0800][75659641ms] GC(21149) Eden regions: 209->0(209)
[2023-11-10T11:34:16.009-0800][75659641ms] GC(21149) Survivor regions: 1->1(27)
[2023-11-10T11:34:16.009-0800][75659641ms] GC(21149) Old regions: 1403->1403
[2023-11-10T11:34:16.009-0800][75659641ms] GC(21149) Humongous regions: 5->5
[2023-11-10T11:34:16.009-0800][75659641ms] GC(21149) Metaspace: 304854K->304854K(1347584K)
[2023-11-10T11:34:16.009-0800][75659641ms] GC(21149) Pause Young (Normal) (G1 Evacuation Pause) 3233M->2815M(3602M) 5.833ms
[2023-11-10T11:34:16.010-0800][75659642ms] GC(21149) User=0.00s Sys=0.00s Real=0.01s
[2023-11-10T11:34:16.550-0800][75660182ms] GC(21150) Pause Young (Normal) (G1 Evacuation Pause)
[2023-11-10T11:34:16.550-0800][75660182ms] GC(21150) Using 10 workers of 10 for evacuation
[2023-11-10T11:34:16.555-0800][75660187ms] GC(21150)   Pre Evacuate Collection Set: 0.0ms
[2023-11-10T11:34:16.555-0800][75660187ms] GC(21150)   Evacuate Collection Set: 1.8ms
[2023-11-10T11:34:16.555-0800][75660187ms] GC(21150)   Post Evacuate Collection Set: 3.1ms
[2023-11-10T11:34:16.555-0800][75660187ms] GC(21150)   Other: 0.3ms
[2023-11-10T11:34:16.555-0800][75660187ms] GC(21150) Eden regions: 209->0(209)
[2023-11-10T11:34:16.555-0800][75660187ms] GC(21150) Survivor regions: 1->1(27)
[2023-11-10T11:34:16.555-0800][75660187ms] GC(21150) Old regions: 1403->1403
[2023-11-10T11:34:16.555-0800][75660187ms] GC(21150) Humongous regions: 5->5
[2023-11-10T11:34:16.555-0800][75660187ms] GC(21150) Metaspace: 304854K->304854K(1347584K)
[2023-11-10T11:34:16.555-0800][75660187ms] GC(21150) Pause Young (Normal) (G1 Evacuation Pause) 3233M->2815M(3602M) 5.346ms
[2023-11-10T11:34:16.555-0800][75660187ms] GC(21150) User=0.00s Sys=0.00s Real=0.01s
[2023-11-10T11:34:17.048-0800][75660680ms] GC(21151) Pause Young (Normal) (G1 Evacuation Pause)
[2023-11-10T11:34:17.048-0800][75660680ms] GC(21151) Using 10 workers of 10 for evacuation
[2023-11-10T11:34:17.053-0800][75660685ms] GC(21151)   Pre Evacuate Collection Set: 0.0ms
[2023-11-10T11:34:17.053-0800][75660685ms] GC(21151)   Evacuate Collection Set: 1.8ms
[2023-11-10T11:34:17.053-0800][75660685ms] GC(21151)   Post Evacuate Collection Set: 3.8ms
[2023-11-10T11:34:17.053-0800][75660685ms] GC(21151)   Other: 0.3ms
[2023-11-10T11:34:17.053-0800][75660685ms] GC(21151) Eden regions: 209->0(209)
[2023-11-10T11:34:17.053-0800][75660685ms] GC(21151) Survivor regions: 1->1(27)
[2023-11-10T11:34:17.053-0800][75660685ms] GC(21151) Old regions: 1403->1403
[2023-11-10T11:34:17.053-0800][75660685ms] GC(21151) Humongous regions: 5->5
[2023-11-10T11:34:17.053-0800][75660685ms] GC(21151) Metaspace: 304854K->304854K(1347584K)
[2023-11-10T11:34:17.053-0800][75660685ms] GC(21151) Pause Young (Normal) (G1 Evacuation Pause) 3233M->2815M(3602M) 6.025ms
[2023-11-10T11:34:17.053-0800][75660685ms] GC(21151) User=0.00s Sys=0.00s Real=0.00s
[2023-11-10T11:34:17.479-0800][75661111ms] GC(21152) Pause Young (Normal) (G1 Evacuation Pause)
[2023-11-10T11:34:17.479-0800][75661111ms] GC(21152) Using 10 workers of 10 for evacuation
[2023-11-10T11:34:17.485-0800][75661117ms] GC(21152)   Pre Evacuate Collection Set: 0.0ms
[2023-11-10T11:34:17.485-0800][75661117ms] GC(21152)   Evacuate Collection Set: 2.0ms
[2023-11-10T11:34:17.485-0800][75661117ms] GC(21152)   Post Evacuate Collection Set: 3.8ms
[2023-11-10T11:34:17.485-0800][75661117ms] GC(21152)   Other: 0.3ms
[2023-11-10T11:34:17.485-0800][75661117ms] GC(21152) Eden regions: 209->0(209)
[2023-11-10T11:34:17.485-0800][75661117ms] GC(21152) Survivor regions: 1->1(27)
[2023-11-10T11:34:17.485-0800][75661117ms] GC(21152) Old regions: 1403->1403
[2023-11-10T11:34:17.485-0800][75661117ms] GC(21152) Humongous regions: 5->5
[2023-11-10T11:34:17.485-0800][75661117ms] GC(21152) Metaspace: 304854K->304854K(1347584K)
[2023-11-10T11:34:17.485-0800][75661117ms] GC(21152) Pause Young (Normal) (G1 Evacuation Pause) 3233M->2815M(3602M) 6.222ms
[2023-11-10T11:34:17.485-0800][75661117ms] GC(21152) User=0.00s Sys=0.00s Real=0.01s
[2023-11-10T11:34:17.960-0800][75661592ms] GC(21153) Pause Young (Normal) (G1 Evacuation Pause)
[2023-11-10T11:34:17.960-0800][75661592ms] GC(21153) Using 10 workers of 10 for evacuation
[2023-11-10T11:34:17.965-0800][75661597ms] GC(21153)   Pre Evacuate Collection Set: 0.0ms
[2023-11-10T11:34:17.965-0800][75661597ms] GC(21153)   Evacuate Collection Set: 1.7ms
[2023-11-10T11:34:17.965-0800][75661597ms] GC(21153)   Post Evacuate Collection Set: 3.1ms
[2023-11-10T11:34:17.965-0800][75661597ms] GC(21153)   Other: 0.2ms
[2023-11-10T11:34:17.965-0800][75661597ms] GC(21153) Eden regions: 209->0(209)
[2023-11-10T11:34:17.965-0800][75661597ms] GC(21153) Survivor regions: 1->1(27)
[2023-11-10T11:34:17.965-0800][75661597ms] GC(21153) Old regions: 1403->1403
[2023-11-10T11:34:17.965-0800][75661597ms] GC(21153) Humongous regions: 5->5
[2023-11-10T11:34:17.965-0800][75661597ms] GC(21153) Metaspace: 304854K->304854K(1347584K)
[2023-11-10T11:34:17.965-0800][75661597ms] GC(21153) Pause Young (Normal) (G1 Evacuation Pause) 3233M->2815M(3602M) 5.186ms
[2023-11-10T11:34:17.965-0800][75661597ms] GC(21153) User=0.11s Sys=0.00s Real=0.00s
[2023-11-10T11:34:18.479-0800][75662111ms] GC(21154) Pause Young (Normal) (G1 Evacuation Pause)
[2023-11-10T11:34:18.479-0800][75662111ms] GC(21154) Using 10 workers of 10 for evacuation
[2023-11-10T11:34:18.484-0800][75662116ms] GC(21154)   Pre Evacuate Collection Set: 0.0ms
[2023-11-10T11:34:18.484-0800][75662116ms] GC(21154)   Evacuate Collection Set: 1.6ms
[2023-11-10T11:34:18.484-0800][75662116ms] GC(21154)   Post Evacuate Collection Set: 3.5ms
[2023-11-10T11:34:18.484-0800][75662116ms] GC(21154)   Other: 0.3ms
[2023-11-10T11:34:18.484-0800][75662116ms] GC(21154) Eden regions: 209->0(209)
[2023-11-10T11:34:18.484-0800][75662116ms] GC(21154) Survivor regions: 1->1(27)
[2023-11-10T11:34:18.484-0800][75662116ms] GC(21154) Old regions: 1403->1403
[2023-11-10T11:34:18.485-0800][75662117ms] GC(21154) Humongous regions: 5->5
[2023-11-10T11:34:18.485-0800][75662117ms] GC(21154) Metaspace: 304854K->304854K(1347584K)
[2023-11-10T11:34:18.485-0800][75662117ms] GC(21154) Pause Young (Normal) (G1 Evacuation Pause) 3233M->2815M(3602M) 5.652ms
[2023-11-10T11:34:18.485-0800][75662117ms] GC(21154) User=0.00s Sys=0.00s Real=0.01s
[2023-11-10T11:34:19.012-0800][75662644ms] GC(21155) Pause Young (Normal) (G1 Evacuation Pause)
[2023-11-10T11:34:19.012-0800][75662644ms] GC(21155) Using 10 workers of 10 for evacuation
[2023-11-10T11:34:19.018-0800][75662650ms] GC(21155)   Pre Evacuate Collection Set: 0.0ms
[2023-11-10T11:34:19.018-0800][75662650ms] GC(21155)   Evacuate Collection Set: 1.8ms
[2023-11-10T11:34:19.018-0800][75662650ms] GC(21155)   Post Evacuate Collection Set: 3.2ms
[2023-11-10T11:34:19.018-0800][75662650ms] GC(21155)   Other: 0.2ms
[2023-11-10T11:34:19.018-0800][75662650ms] GC(21155) Eden regions: 209->0(210)
[2023-11-10T11:34:19.018-0800][75662650ms] GC(21155) Survivor regions: 1->1(27)
[2023-11-10T11:34:19.018-0800][75662650ms] GC(21155) Old regions: 1403->1403
[2023-11-10T11:34:19.018-0800][75662650ms] GC(21155) Humongous regions: 5->5
[2023-11-10T11:34:19.018-0800][75662650ms] GC(21155) Metaspace: 304854K->304854K(1347584K)
[2023-11-10T11:34:19.018-0800][75662650ms] GC(21155) Pause Young (Normal) (G1 Evacuation Pause) 3233M->2815M(3602M) 5.353ms
[2023-11-10T11:34:19.018-0800][75662650ms] GC(21155) User=0.00s Sys=0.00s Real=0.01s
[2023-11-10T11:34:19.529-0800][75663161ms] GC(21156) Pause Young (Normal) (G1 Evacuation Pause)
[2023-11-10T11:34:19.529-0800][75663161ms] GC(21156) Using 10 workers of 10 for evacuation
[2023-11-10T11:34:19.534-0800][75663166ms] GC(21156)   Pre Evacuate Collection Set: 0.0ms
[2023-11-10T11:34:19.534-0800][75663166ms] GC(21156)   Evacuate Collection Set: 1.7ms
[2023-11-10T11:34:19.534-0800][75663166ms] GC(21156)   Post Evacuate Collection Set: 3.2ms
[2023-11-10T11:34:19.534-0800][75663166ms] GC(21156)   Other: 0.2ms
[2023-11-10T11:34:19.534-0800][75663166ms] GC(21156) Eden regions: 210->0(210)
[2023-11-10T11:34:19.534-0800][75663166ms] GC(21156) Survivor regions: 1->1(27)
[2023-11-10T11:34:19.534-0800][75663166ms] GC(21156) Old regions: 1403->1403
[2023-11-10T11:34:19.534-0800][75663166ms] GC(21156) Humongous regions: 5->5
[2023-11-10T11:34:19.534-0800][75663166ms] GC(21156) Metaspace: 304854K->304854K(1347584K)
[2023-11-10T11:34:19.534-0800][75663166ms] GC(21156) Pause Young (Normal) (G1 Evacuation Pause) 3235M->2815M(3602M) 5.265ms
[2023-11-10T11:34:19.534-0800][75663166ms] GC(21156) User=0.00s Sys=0.00s Real=0.00s
[2023-11-10T11:34:20.012-0800][75663644ms] GC(21157) Pause Young (Normal) (G1 Evacuation Pause)
[2023-11-10T11:34:20.012-0800][75663644ms] GC(21157) Using 10 workers of 10 for evacuation
[2023-11-10T11:34:20.018-0800][75663650ms] GC(21157)   Pre Evacuate Collection Set: 0.0ms
[2023-11-10T11:34:20.018-0800][75663650ms] GC(21157)   Evacuate Collection Set: 1.8ms
[2023-11-10T11:34:20.018-0800][75663650ms] GC(21157)   Post Evacuate Collection Set: 3.1ms
[2023-11-10T11:34:20.018-0800][75663650ms] GC(21157)   Other: 0.3ms
[2023-11-10T11:34:20.018-0800][75663650ms] GC(21157) Eden regions: 210->0(210)
[2023-11-10T11:34:20.018-0800][75663650ms] GC(21157) Survivor regions: 1->1(27)
[2023-11-10T11:34:20.018-0800][75663650ms] GC(21157) Old regions: 1403->1403
[2023-11-10T11:34:20.018-0800][75663650ms] GC(21157) Humongous regions: 5->5
[2023-11-10T11:34:20.018-0800][75663650ms] GC(21157) Metaspace: 304854K->304854K(1347584K)
[2023-11-10T11:34:20.018-0800][75663650ms] GC(21157) Pause Young (Normal) (G1 Evacuation Pause) 3235M->2815M(3602M) 5.229ms
[2023-11-10T11:34:20.018-0800][75663650ms] GC(21157) User=0.00s Sys=0.00s Real=0.01s
[2023-11-10T11:34:20.540-0800][75664172ms] GC(21158) Pause Young (Normal) (G1 Evacuation Pause)
[2023-11-10T11:34:20.540-0800][75664172ms] GC(21158) Using 10 workers of 10 for evacuation
[2023-11-10T11:34:20.545-0800][75664177ms] GC(21158)   Pre Evacuate Collection Set: 0.0ms
[2023-11-10T11:34:20.546-0800][75664178ms] GC(21158)   Evacuate Collection Set: 1.7ms
[2023-11-10T11:34:20.546-0800][75664178ms] GC(21158)   Post Evacuate Collection Set: 3.3ms
[2023-11-10T11:34:20.546-0800][75664178ms] GC(21158)   Other: 0.3ms
[2023-11-10T11:34:20.546-0800][75664178ms] GC(21158) Eden regions: 210->0(210)
[2023-11-10T11:34:20.546-0800][75664178ms] GC(21158) Survivor regions: 1->1(27)
[2023-11-10T11:34:20.546-0800][75664178ms] GC(21158) Old regions: 1403->1403
[2023-11-10T11:34:20.546-0800][75664178ms] GC(21158) Humongous regions: 5->5
[2023-11-10T11:34:20.546-0800][75664178ms] GC(21158) Metaspace: 304854K->304854K(1347584K)
[2023-11-10T11:34:20.546-0800][75664178ms] GC(21158) Pause Young (Normal) (G1 Evacuation Pause) 3235M->2815M(3602M) 5.491ms
[2023-11-10T11:34:20.546-0800][75664178ms] GC(21158) User=0.00s Sys=0.00s Real=0.01s
[2023-11-10T11:34:21.058-0800][75664690ms] GC(21159) Pause Young (Normal) (G1 Evacuation Pause)
[2023-11-10T11:34:21.059-0800][75664691ms] GC(21159) Using 10 workers of 10 for evacuation
[2023-11-10T11:34:21.066-0800][75664698ms] GC(21159)   Pre Evacuate Collection Set: 0.1ms
[2023-11-10T11:34:21.066-0800][75664698ms] GC(21159)   Evacuate Collection Set: 2.6ms
[2023-11-10T11:34:21.066-0800][75664698ms] GC(21159)   Post Evacuate Collection Set: 4.2ms
[2023-11-10T11:34:21.066-0800][75664698ms] GC(21159)   Other: 0.3ms
[2023-11-10T11:34:21.066-0800][75664698ms] GC(21159) Eden regions: 210->0(210)
[2023-11-10T11:34:21.066-0800][75664698ms] GC(21159) Survivor regions: 1->1(27)
[2023-11-10T11:34:21.066-0800][75664698ms] GC(21159) Old regions: 1403->1403
[2023-11-10T11:34:21.066-0800][75664698ms] GC(21159) Humongous regions: 5->5
[2023-11-10T11:34:21.066-0800][75664698ms] GC(21159) Metaspace: 304854K->304854K(1347584K)
[2023-11-10T11:34:21.066-0800][75664698ms] GC(21159) Pause Young (Normal) (G1 Evacuation Pause) 3235M->2815M(3602M) 7.240ms
[2023-11-10T11:34:21.066-0800][75664698ms] GC(21159) User=0.00s Sys=0.00s Real=0.01s
[2023-11-10T11:34:21.618-0800][75665250ms] GC(21160) Pause Young (Normal) (G1 Evacuation Pause)
[2023-11-10T11:34:21.618-0800][75665250ms] GC(21160) Using 10 workers of 10 for evacuation
[2023-11-10T11:34:21.624-0800][75665256ms] GC(21160)   Pre Evacuate Collection Set: 0.0ms
[2023-11-10T11:34:21.624-0800][75665256ms] GC(21160)   Evacuate Collection Set: 1.9ms
[2023-11-10T11:34:21.624-0800][75665256ms] GC(21160)   Post Evacuate Collection Set: 3.9ms
[2023-11-10T11:34:21.624-0800][75665256ms] GC(21160)   Other: 0.3ms
[2023-11-10T11:34:21.624-0800][75665256ms] GC(21160) Eden regions: 210->0(210)
[2023-11-10T11:34:21.624-0800][75665256ms] GC(21160) Survivor regions: 1->1(27)
[2023-11-10T11:34:21.625-0800][75665257ms] GC(21160) Old regions: 1403->1403
[2023-11-10T11:34:21.625-0800][75665257ms] GC(21160) Humongous regions: 5->5
[2023-11-10T11:34:21.625-0800][75665257ms] GC(21160) Metaspace: 304854K->304854K(1347584K)
[2023-11-10T11:34:21.625-0800][75665257ms] GC(21160) Pause Young (Normal) (G1 Evacuation Pause) 3235M->2815M(3602M) 6.199ms
[2023-11-10T11:34:21.625-0800][75665257ms] GC(21160) User=0.00s Sys=0.00s Real=0.01s
[2023-11-10T11:34:22.161-0800][75665793ms] GC(21161) Pause Young (Normal) (G1 Evacuation Pause)
[2023-11-10T11:34:22.161-0800][75665793ms] GC(21161) Using 10 workers of 10 for evacuation
[2023-11-10T11:34:22.168-0800][75665800ms] GC(21161)   Pre Evacuate Collection Set: 0.1ms
[2023-11-10T11:34:22.168-0800][75665800ms] GC(21161)   Evacuate Collection Set: 2.4ms
[2023-11-10T11:34:22.168-0800][75665800ms] GC(21161)   Post Evacuate Collection Set: 3.4ms
[2023-11-10T11:34:22.168-0800][75665800ms] GC(21161)   Other: 0.3ms
[2023-11-10T11:34:22.168-0800][75665800ms] GC(21161) Eden regions: 210->0(210)
[2023-11-10T11:34:22.168-0800][75665800ms] GC(21161) Survivor regions: 1->1(27)
[2023-11-10T11:34:22.168-0800][75665800ms] GC(21161) Old regions: 1403->1403
[2023-11-10T11:34:22.168-0800][75665800ms] GC(21161) Humongous regions: 5->5
[2023-11-10T11:34:22.168-0800][75665800ms] GC(21161) Metaspace: 304854K->304854K(1347584K)
[2023-11-10T11:34:22.168-0800][75665800ms] GC(21161) Pause Young (Normal) (G1 Evacuation Pause) 3235M->2815M(3602M) 6.245ms
[2023-11-10T11:34:22.168-0800][75665800ms] GC(21161) User=0.06s Sys=0.00s Real=0.01s
[2023-11-10T11:34:22.691-0800][75666323ms] GC(21162) Pause Young (Normal) (G1 Evacuation Pause)
[2023-11-10T11:34:22.691-0800][75666323ms] GC(21162) Using 10 workers of 10 for evacuation
[2023-11-10T11:34:22.698-0800][75666330ms] GC(21162)   Pre Evacuate Collection Set: 0.1ms
[2023-11-10T11:34:22.698-0800][75666330ms] GC(21162)   Evacuate Collection Set: 2.0ms
[2023-11-10T11:34:22.698-0800][75666330ms] GC(21162)   Post Evacuate Collection Set: 4.1ms
[2023-11-10T11:34:22.698-0800][75666330ms] GC(21162)   Other: 0.4ms
[2023-11-10T11:34:22.698-0800][75666330ms] GC(21162) Eden regions: 210->0(210)
[2023-11-10T11:34:22.698-0800][75666330ms] GC(21162) Survivor regions: 1->1(27)
[2023-11-10T11:34:22.698-0800][75666330ms] GC(21162) Old regions: 1403->1403
[2023-11-10T11:34:22.698-0800][75666330ms] GC(21162) Humongous regions: 5->5
[2023-11-10T11:34:22.698-0800][75666330ms] GC(21162) Metaspace: 304854K->304854K(1347584K)
[2023-11-10T11:34:22.698-0800][75666330ms] GC(21162) Pause Young (Normal) (G1 Evacuation Pause) 3235M->2815M(3602M) 6.686ms
[2023-11-10T11:34:22.698-0800][75666330ms] GC(21162) User=0.00s Sys=0.00s Real=0.01s
[2023-11-10T11:34:23.245-0800][75666877ms] GC(21163) Pause Young (Normal) (G1 Evacuation Pause)
[2023-11-10T11:34:23.245-0800][75666877ms] GC(21163) Using 10 workers of 10 for evacuation
[2023-11-10T11:34:23.253-0800][75666885ms] GC(21163)   Pre Evacuate Collection Set: 0.0ms
[2023-11-10T11:34:23.253-0800][75666885ms] GC(21163)   Evacuate Collection Set: 2.1ms
[2023-11-10T11:34:23.253-0800][75666885ms] GC(21163)   Post Evacuate Collection Set: 5.6ms
[2023-11-10T11:34:23.253-0800][75666885ms] GC(21163)   Other: 0.3ms
[2023-11-10T11:34:23.253-0800][75666885ms] GC(21163) Eden regions: 210->0(210)
[2023-11-10T11:34:23.253-0800][75666885ms] GC(21163) Survivor regions: 1->1(27)
[2023-11-10T11:34:23.253-0800][75666885ms] GC(21163) Old regions: 1403->1403
[2023-11-10T11:34:23.253-0800][75666885ms] GC(21163) Humongous regions: 5->5
[2023-11-10T11:34:23.253-0800][75666885ms] GC(21163) Metaspace: 304854K->304854K(1347584K)
[2023-11-10T11:34:23.253-0800][75666885ms] GC(21163) Pause Young (Normal) (G1 Evacuation Pause) 3235M->2815M(3602M) 8.217ms
[2023-11-10T11:34:23.253-0800][75666885ms] GC(21163) User=0.00s Sys=0.00s Real=0.01s
[2023-11-10T11:34:23.775-0800][75667407ms] GC(21164) Pause Young (Normal) (G1 Evacuation Pause)
[2023-11-10T11:34:23.775-0800][75667407ms] GC(21164) Using 10 workers of 10 for evacuation
[2023-11-10T11:34:23.782-0800][75667414ms] GC(21164)   Pre Evacuate Collection Set: 0.1ms
[2023-11-10T11:34:23.782-0800][75667414ms] GC(21164)   Evacuate Collection Set: 2.1ms
[2023-11-10T11:34:23.782-0800][75667414ms] GC(21164)   Post Evacuate Collection Set: 4.3ms
[2023-11-10T11:34:23.782-0800][75667414ms] GC(21164)   Other: 0.3ms
[2023-11-10T11:34:23.782-0800][75667414ms] GC(21164) Eden regions: 210->0(210)
[2023-11-10T11:34:23.782-0800][75667414ms] GC(21164) Survivor regions: 1->1(27)
[2023-11-10T11:34:23.782-0800][75667414ms] GC(21164) Old regions: 1403->1403
[2023-11-10T11:34:23.782-0800][75667414ms] GC(21164) Humongous regions: 5->5
[2023-11-10T11:34:23.782-0800][75667414ms] GC(21164) Metaspace: 304854K->304854K(1347584K)
[2023-11-10T11:34:23.782-0800][75667414ms] GC(21164) Pause Young (Normal) (G1 Evacuation Pause) 3235M->2815M(3602M) 6.971ms
[2023-11-10T11:34:23.782-0800][75667414ms] GC(21164) User=0.00s Sys=0.00s Real=0.01s
[2023-11-10T11:34:24.284-0800][75667916ms] GC(21165) Pause Young (Normal) (G1 Evacuation Pause)
[2023-11-10T11:34:24.284-0800][75667916ms] GC(21165) Using 10 workers of 10 for evacuation
[2023-11-10T11:34:24.292-0800][75667924ms] GC(21165)   Pre Evacuate Collection Set: 0.0ms
[2023-11-10T11:34:24.292-0800][75667924ms] GC(21165)   Evacuate Collection Set: 1.9ms
[2023-11-10T11:34:24.292-0800][75667924ms] GC(21165)   Post Evacuate Collection Set: 5.3ms
[2023-11-10T11:34:24.292-0800][75667924ms] GC(21165)   Other: 0.3ms
[2023-11-10T11:34:24.292-0800][75667924ms] GC(21165) Eden regions: 210->0(210)
[2023-11-10T11:34:24.292-0800][75667924ms] GC(21165) Survivor regions: 1->1(27)
[2023-11-10T11:34:24.292-0800][75667924ms] GC(21165) Old regions: 1403->1403
[2023-11-10T11:34:24.292-0800][75667924ms] GC(21165) Humongous regions: 5->5
[2023-11-10T11:34:24.292-0800][75667924ms] GC(21165) Metaspace: 304854K->304854K(1347584K)
[2023-11-10T11:34:24.292-0800][75667924ms] GC(21165) Pause Young (Normal) (G1 Evacuation Pause) 3235M->2815M(3602M) 7.708ms
[2023-11-10T11:34:24.292-0800][75667924ms] GC(21165) User=0.00s Sys=0.00s Real=0.01s
[2023-11-10T11:34:24.770-0800][75668402ms] GC(21166) Pause Young (Normal) (G1 Evacuation Pause)
[2023-11-10T11:34:24.770-0800][75668402ms] GC(21166) Using 10 workers of 10 for evacuation
[2023-11-10T11:34:24.774-0800][75668406ms] GC(21166)   Pre Evacuate Collection Set: 0.0ms
[2023-11-10T11:34:24.774-0800][75668406ms] GC(21166)   Evacuate Collection Set: 1.7ms
[2023-11-10T11:34:24.774-0800][75668406ms] GC(21166)   Post Evacuate Collection Set: 3.1ms
[2023-11-10T11:34:24.774-0800][75668406ms] GC(21166)   Other: 0.3ms
[2023-11-10T11:34:24.774-0800][75668406ms] GC(21166) Eden regions: 210->0(210)
[2023-11-10T11:34:24.774-0800][75668406ms] GC(21166) Survivor regions: 1->1(27)
[2023-11-10T11:34:24.774-0800][75668406ms] GC(21166) Old regions: 1403->1403
[2023-11-10T11:34:24.774-0800][75668406ms] GC(21166) Humongous regions: 5->5
[2023-11-10T11:34:24.774-0800][75668406ms] GC(21166) Metaspace: 304854K->304854K(1347584K)
[2023-11-10T11:34:24.774-0800][75668406ms] GC(21166) Pause Young (Normal) (G1 Evacuation Pause) 3235M->2815M(3602M) 5.238ms
[2023-11-10T11:34:24.774-0800][75668406ms] GC(21166) User=0.02s Sys=0.00s Real=0.00s
[2023-11-10T11:34:25.232-0800][75668864ms] GC(21167) Pause Young (Normal) (G1 Evacuation Pause)
[2023-11-10T11:34:25.232-0800][75668864ms] GC(21167) Using 10 workers of 10 for evacuation
[2023-11-10T11:34:25.238-0800][75668870ms] GC(21167)   Pre Evacuate Collection Set: 0.0ms
[2023-11-10T11:34:25.239-0800][75668871ms] GC(21167)   Evacuate Collection Set: 1.7ms
[2023-11-10T11:34:25.239-0800][75668871ms] GC(21167)   Post Evacuate Collection Set: 3.9ms
[2023-11-10T11:34:25.239-0800][75668871ms] GC(21167)   Other: 0.4ms
[2023-11-10T11:34:25.239-0800][75668871ms] GC(21167) Eden regions: 210->0(210)
[2023-11-10T11:34:25.239-0800][75668871ms] GC(21167) Survivor regions: 1->1(27)
[2023-11-10T11:34:25.239-0800][75668871ms] GC(21167) Old regions: 1403->1403
[2023-11-10T11:34:25.239-0800][75668871ms] GC(21167) Humongous regions: 5->5
[2023-11-10T11:34:25.239-0800][75668871ms] GC(21167) Metaspace: 304854K->304854K(1347584K)
[2023-11-10T11:34:25.239-0800][75668871ms] GC(21167) Pause Young (Normal) (G1 Evacuation Pause) 3235M->2816M(3602M) 6.151ms
[2023-11-10T11:34:25.239-0800][75668871ms] GC(21167) User=0.00s Sys=0.00s Real=0.01s
[2023-11-10T11:34:25.752-0800][75669384ms] GC(21168) Pause Young (Normal) (G1 Evacuation Pause)
[2023-11-10T11:34:25.752-0800][75669384ms] GC(21168) Using 10 workers of 10 for evacuation
[2023-11-10T11:34:25.758-0800][75669390ms] GC(21168)   Pre Evacuate Collection Set: 0.0ms
[2023-11-10T11:34:25.758-0800][75669390ms] GC(21168)   Evacuate Collection Set: 1.7ms
[2023-11-10T11:34:25.758-0800][75669390ms] GC(21168)   Post Evacuate Collection Set: 3.0ms
[2023-11-10T11:34:25.758-0800][75669390ms] GC(21168)   Other: 0.3ms
[2023-11-10T11:34:25.758-0800][75669390ms] GC(21168) Eden regions: 210->0(210)
[2023-11-10T11:34:25.758-0800][75669390ms] GC(21168) Survivor regions: 1->1(27)
[2023-11-10T11:34:25.758-0800][75669390ms] GC(21168) Old regions: 1403->1403
[2023-11-10T11:34:25.758-0800][75669390ms] GC(21168) Humongous regions: 5->5
[2023-11-10T11:34:25.758-0800][75669390ms] GC(21168) Metaspace: 304854K->304854K(1347584K)
[2023-11-10T11:34:25.758-0800][75669390ms] GC(21168) Pause Young (Normal) (G1 Evacuation Pause) 3236M->2815M(3602M) 5.162ms
[2023-11-10T11:34:25.758-0800][75669390ms] GC(21168) User=0.00s Sys=0.00s Real=0.01s
[2023-11-10T11:34:26.294-0800][75669926ms] GC(21169) Pause Young (Normal) (G1 Evacuation Pause)
[2023-11-10T11:34:26.294-0800][75669926ms] GC(21169) Using 10 workers of 10 for evacuation
[2023-11-10T11:34:26.299-0800][75669931ms] GC(21169)   Pre Evacuate Collection Set: 0.0ms
[2023-11-10T11:34:26.299-0800][75669931ms] GC(21169)   Evacuate Collection Set: 1.7ms
[2023-11-10T11:34:26.299-0800][75669931ms] GC(21169)   Post Evacuate Collection Set: 3.1ms
[2023-11-10T11:34:26.299-0800][75669931ms] GC(21169)   Other: 0.3ms
[2023-11-10T11:34:26.299-0800][75669931ms] GC(21169) Eden regions: 210->0(210)
[2023-11-10T11:34:26.299-0800][75669931ms] GC(21169) Survivor regions: 1->1(27)
[2023-11-10T11:34:26.299-0800][75669931ms] GC(21169) Old regions: 1403->1403
[2023-11-10T11:34:26.299-0800][75669931ms] GC(21169) Humongous regions: 5->5
[2023-11-10T11:34:26.299-0800][75669931ms] GC(21169) Metaspace: 304854K->304854K(1347584K)
[2023-11-10T11:34:26.299-0800][75669931ms] GC(21169) Pause Young (Normal) (G1 Evacuation Pause) 3235M->2815M(3602M) 5.235ms
[2023-11-10T11:34:26.299-0800][75669931ms] GC(21169) User=0.00s Sys=0.00s Real=0.01s
[2023-11-10T11:34:26.738-0800][75670370ms] GC(21170) Pause Young (Normal) (G1 Evacuation Pause)
[2023-11-10T11:34:26.738-0800][75670370ms] GC(21170) Using 10 workers of 10 for evacuation
[2023-11-10T11:34:26.743-0800][75670375ms] GC(21170)   Pre Evacuate Collection Set: 0.1ms
[2023-11-10T11:34:26.743-0800][75670375ms] GC(21170)   Evacuate Collection Set: 1.6ms
[2023-11-10T11:34:26.743-0800][75670375ms] GC(21170)   Post Evacuate Collection Set: 3.1ms
[2023-11-10T11:34:26.743-0800][75670375ms] GC(21170)   Other: 0.3ms
[2023-11-10T11:34:26.743-0800][75670375ms] GC(21170) Eden regions: 210->0(210)
[2023-11-10T11:34:26.744-0800][75670376ms] GC(21170) Survivor regions: 1->1(27)
[2023-11-10T11:34:26.744-0800][75670376ms] GC(21170) Old regions: 1403->1403
[2023-11-10T11:34:26.744-0800][75670376ms] GC(21170) Humongous regions: 5->5
[2023-11-10T11:34:26.744-0800][75670376ms] GC(21170) Metaspace: 304854K->304854K(1347584K)
[2023-11-10T11:34:26.744-0800][75670376ms] GC(21170) Pause Young (Normal) (G1 Evacuation Pause) 3235M->2816M(3602M) 5.252ms
[2023-11-10T11:34:26.744-0800][75670376ms] GC(21170) User=0.02s Sys=0.00s Real=0.01s
[2023-11-10T11:34:27.208-0800][75670840ms] GC(21171) Pause Young (Normal) (G1 Evacuation Pause)
[2023-11-10T11:34:27.208-0800][75670840ms] GC(21171) Using 10 workers of 10 for evacuation
[2023-11-10T11:34:27.213-0800][75670845ms] GC(21171)   Pre Evacuate Collection Set: 0.0ms
[2023-11-10T11:34:27.213-0800][75670845ms] GC(21171)   Evacuate Collection Set: 1.7ms
[2023-11-10T11:34:27.213-0800][75670845ms] GC(21171)   Post Evacuate Collection Set: 3.2ms
[2023-11-10T11:34:27.213-0800][75670845ms] GC(21171)   Other: 0.3ms
[2023-11-10T11:34:27.213-0800][75670845ms] GC(21171) Eden regions: 210->0(210)
[2023-11-10T11:34:27.213-0800][75670845ms] GC(21171) Survivor regions: 1->1(27)
[2023-11-10T11:34:27.213-0800][75670845ms] GC(21171) Old regions: 1403->1403
[2023-11-10T11:34:27.213-0800][75670845ms] GC(21171) Humongous regions: 5->5
[2023-11-10T11:34:27.213-0800][75670845ms] GC(21171) Metaspace: 304854K->304854K(1347584K)
[2023-11-10T11:34:27.213-0800][75670845ms] GC(21171) Pause Young (Normal) (G1 Evacuation Pause) 3236M->2815M(3602M) 5.332ms
[2023-11-10T11:34:27.213-0800][75670845ms] GC(21171) User=0.02s Sys=0.00s Real=0.01s
[2023-11-10T11:34:27.701-0800][75671333ms] GC(21172) Pause Young (Normal) (G1 Evacuation Pause)
[2023-11-10T11:34:27.701-0800][75671333ms] GC(21172) Using 10 workers of 10 for evacuation
[2023-11-10T11:34:27.706-0800][75671338ms] GC(21172)   Pre Evacuate Collection Set: 0.0ms
[2023-11-10T11:34:27.706-0800][75671338ms] GC(21172)   Evacuate Collection Set: 1.7ms
[2023-11-10T11:34:27.706-0800][75671338ms] GC(21172)   Post Evacuate Collection Set: 3.3ms
[2023-11-10T11:34:27.706-0800][75671338ms] GC(21172)   Other: 0.3ms
[2023-11-10T11:34:27.706-0800][75671338ms] GC(21172) Eden regions: 210->0(210)
[2023-11-10T11:34:27.706-0800][75671338ms] GC(21172) Survivor regions: 1->1(27)
[2023-11-10T11:34:27.706-0800][75671338ms] GC(21172) Old regions: 1403->1403
[2023-11-10T11:34:27.706-0800][75671338ms] GC(21172) Humongous regions: 5->5
[2023-11-10T11:34:27.706-0800][75671338ms] GC(21172) Metaspace: 304854K->304854K(1347584K)
[2023-11-10T11:34:27.706-0800][75671338ms] GC(21172) Pause Young (Normal) (G1 Evacuation Pause) 3235M->2815M(3602M) 5.388ms
[2023-11-10T11:34:27.706-0800][75671338ms] GC(21172) User=0.00s Sys=0.00s Real=0.01s
[2023-11-10T11:34:28.221-0800][75671853ms] GC(21173) Pause Young (Normal) (G1 Evacuation Pause)
[2023-11-10T11:34:28.221-0800][75671853ms] GC(21173) Using 10 workers of 10 for evacuation
[2023-11-10T11:34:28.226-0800][75671858ms] GC(21173)   Pre Evacuate Collection Set: 0.0ms
[2023-11-10T11:34:28.226-0800][75671858ms] GC(21173)   Evacuate Collection Set: 1.7ms
[2023-11-10T11:34:28.226-0800][75671858ms] GC(21173)   Post Evacuate Collection Set: 3.0ms
[2023-11-10T11:34:28.226-0800][75671858ms] GC(21173)   Other: 0.2ms
[2023-11-10T11:34:28.226-0800][75671858ms] GC(21173) Eden regions: 210->0(210)
[2023-11-10T11:34:28.226-0800][75671858ms] GC(21173) Survivor regions: 1->1(27)
[2023-11-10T11:34:28.226-0800][75671858ms] GC(21173) Old regions: 1403->1403
[2023-11-10T11:34:28.226-0800][75671858ms] GC(21173) Humongous regions: 5->5
[2023-11-10T11:34:28.226-0800][75671858ms] GC(21173) Metaspace: 304854K->304854K(1347584K)
[2023-11-10T11:34:28.226-0800][75671858ms] GC(21173) Pause Young (Normal) (G1 Evacuation Pause) 3235M->2815M(3602M) 5.084ms
[2023-11-10T11:34:28.226-0800][75671858ms] GC(21173) User=0.00s Sys=0.00s Real=0.01s
[2023-11-10T11:34:28.770-0800][75672402ms] GC(21174) Pause Young (Normal) (G1 Evacuation Pause)
[2023-11-10T11:34:28.770-0800][75672402ms] GC(21174) Using 10 workers of 10 for evacuation
[2023-11-10T11:34:28.776-0800][75672408ms] GC(21174)   Pre Evacuate Collection Set: 0.0ms
[2023-11-10T11:34:28.776-0800][75672408ms] GC(21174)   Evacuate Collection Set: 1.7ms
[2023-11-10T11:34:28.776-0800][75672408ms] GC(21174)   Post Evacuate Collection Set: 3.2ms
[2023-11-10T11:34:28.776-0800][75672408ms] GC(21174)   Other: 0.3ms
[2023-11-10T11:34:28.776-0800][75672408ms] GC(21174) Eden regions: 210->0(210)
[2023-11-10T11:34:28.776-0800][75672408ms] GC(21174) Survivor regions: 1->1(27)
[2023-11-10T11:34:28.776-0800][75672408ms] GC(21174) Old regions: 1403->1403
[2023-11-10T11:34:28.776-0800][75672408ms] GC(21174) Humongous regions: 5->5
[2023-11-10T11:34:28.776-0800][75672408ms] GC(21174) Metaspace: 304854K->304854K(1347584K)
[2023-11-10T11:34:28.776-0800][75672408ms] GC(21174) Pause Young (Normal) (G1 Evacuation Pause) 3235M->2815M(3602M) 5.391ms
[2023-11-10T11:34:28.776-0800][75672408ms] GC(21174) User=0.08s Sys=0.00s Real=0.01s
[2023-11-10T11:34:29.258-0800][75672890ms] GC(21175) Pause Young (Normal) (G1 Evacuation Pause)
[2023-11-10T11:34:29.258-0800][75672890ms] GC(21175) Using 10 workers of 10 for evacuation
[2023-11-10T11:34:29.263-0800][75672895ms] GC(21175)   Pre Evacuate Collection Set: 0.0ms
[2023-11-10T11:34:29.263-0800][75672895ms] GC(21175)   Evacuate Collection Set: 1.7ms
[2023-11-10T11:34:29.263-0800][75672895ms] GC(21175)   Post Evacuate Collection Set: 3.2ms
[2023-11-10T11:34:29.263-0800][75672895ms] GC(21175)   Other: 0.2ms
[2023-11-10T11:34:29.263-0800][75672895ms] GC(21175) Eden regions: 210->0(210)
[2023-11-10T11:34:29.263-0800][75672895ms] GC(21175) Survivor regions: 1->1(27)
[2023-11-10T11:34:29.263-0800][75672895ms] GC(21175) Old regions: 1403->1403
[2023-11-10T11:34:29.263-0800][75672895ms] GC(21175) Humongous regions: 5->5
[2023-11-10T11:34:29.263-0800][75672895ms] GC(21175) Metaspace: 304854K->304854K(1347584K)
[2023-11-10T11:34:29.263-0800][75672895ms] GC(21175) Pause Young (Normal) (G1 Evacuation Pause) 3235M->2815M(3602M) 5.263ms
[2023-11-10T11:34:29.263-0800][75672895ms] GC(21175) User=0.00s Sys=0.00s Real=0.01s
[2023-11-10T11:34:29.736-0800][75673368ms] GC(21176) Pause Young (Normal) (G1 Evacuation Pause)
[2023-11-10T11:34:29.736-0800][75673368ms] GC(21176) Using 10 workers of 10 for evacuation
[2023-11-10T11:34:29.741-0800][75673373ms] GC(21176)   Pre Evacuate Collection Set: 0.1ms
[2023-11-10T11:34:29.741-0800][75673373ms] GC(21176)   Evacuate Collection Set: 1.7ms
[2023-11-10T11:34:29.741-0800][75673373ms] GC(21176)   Post Evacuate Collection Set: 3.3ms
[2023-11-10T11:34:29.741-0800][75673373ms] GC(21176)   Other: 0.3ms
[2023-11-10T11:34:29.741-0800][75673373ms] GC(21176) Eden regions: 210->0(210)
[2023-11-10T11:34:29.741-0800][75673373ms] GC(21176) Survivor regions: 1->1(27)
[2023-11-10T11:34:29.741-0800][75673373ms] GC(21176) Old regions: 1403->1403
[2023-11-10T11:34:29.741-0800][75673373ms] GC(21176) Humongous regions: 5->5
[2023-11-10T11:34:29.741-0800][75673373ms] GC(21176) Metaspace: 304854K->304854K(1347584K)
[2023-11-10T11:34:29.741-0800][75673373ms] GC(21176) Pause Young (Normal) (G1 Evacuation Pause) 3235M->2815M(3602M) 5.465ms
[2023-11-10T11:34:29.741-0800][75673373ms] GC(21176) User=0.02s Sys=0.00s Real=0.00s
[2023-11-10T11:34:30.301-0800][75673933ms] GC(21177) Pause Young (Normal) (G1 Evacuation Pause)
[2023-11-10T11:34:30.301-0800][75673933ms] GC(21177) Using 10 workers of 10 for evacuation
[2023-11-10T11:34:30.306-0800][75673938ms] GC(21177)   Pre Evacuate Collection Set: 0.0ms
[2023-11-10T11:34:30.306-0800][75673938ms] GC(21177)   Evacuate Collection Set: 1.7ms
[2023-11-10T11:34:30.306-0800][75673938ms] GC(21177)   Post Evacuate Collection Set: 3.3ms
[2023-11-10T11:34:30.306-0800][75673938ms] GC(21177)   Other: 0.3ms
[2023-11-10T11:34:30.306-0800][75673938ms] GC(21177) Eden regions: 210->0(210)
[2023-11-10T11:34:30.306-0800][75673938ms] GC(21177) Survivor regions: 1->1(27)
[2023-11-10T11:34:30.306-0800][75673938ms] GC(21177) Old regions: 1403->1403
[2023-11-10T11:34:30.306-0800][75673938ms] GC(21177) Humongous regions: 5->5
[2023-11-10T11:34:30.306-0800][75673938ms] GC(21177) Metaspace: 304854K->304854K(1347584K)
[2023-11-10T11:34:30.306-0800][75673938ms] GC(21177) Pause Young (Normal) (G1 Evacuation Pause) 3235M->2815M(3602M) 5.431ms
[2023-11-10T11:34:30.306-0800][75673938ms] GC(21177) User=0.02s Sys=0.00s Real=0.00s
[2023-11-10T11:34:30.808-0800][75674440ms] GC(21178) Pause Young (Normal) (G1 Evacuation Pause)
[2023-11-10T11:34:30.808-0800][75674440ms] GC(21178) Using 10 workers of 10 for evacuation
[2023-11-10T11:34:30.812-0800][75674444ms] GC(21178)   Pre Evacuate Collection Set: 0.0ms
[2023-11-10T11:34:30.813-0800][75674445ms] GC(21178)   Evacuate Collection Set: 1.7ms
[2023-11-10T11:34:30.813-0800][75674445ms] GC(21178)   Post Evacuate Collection Set: 3.0ms
[2023-11-10T11:34:30.813-0800][75674445ms] GC(21178)   Other: 0.3ms
[2023-11-10T11:34:30.813-0800][75674445ms] GC(21178) Eden regions: 210->0(210)
[2023-11-10T11:34:30.813-0800][75674445ms] GC(21178) Survivor regions: 1->1(27)
[2023-11-10T11:34:30.813-0800][75674445ms] GC(21178) Old regions: 1403->1403
[2023-11-10T11:34:30.813-0800][75674445ms] GC(21178) Humongous regions: 5->5
[2023-11-10T11:34:30.813-0800][75674445ms] GC(21178) Metaspace: 304854K->304854K(1347584K)
[2023-11-10T11:34:30.813-0800][75674445ms] GC(21178) Pause Young (Normal) (G1 Evacuation Pause) 3235M->2815M(3602M) 5.112ms
[2023-11-10T11:34:30.813-0800][75674445ms] GC(21178) User=0.00s Sys=0.00s Real=0.00s
[2023-11-10T11:34:31.335-0800][75674967ms] GC(21179) Pause Young (Normal) (G1 Evacuation Pause)
[2023-11-10T11:34:31.335-0800][75674967ms] GC(21179) Using 10 workers of 10 for evacuation
[2023-11-10T11:34:31.341-0800][75674973ms] GC(21179)   Pre Evacuate Collection Set: 0.1ms
[2023-11-10T11:34:31.341-0800][75674973ms] GC(21179)   Evacuate Collection Set: 2.2ms
[2023-11-10T11:34:31.341-0800][75674973ms] GC(21179)   Post Evacuate Collection Set: 3.6ms
[2023-11-10T11:34:31.341-0800][75674973ms] GC(21179)   Other: 0.3ms
[2023-11-10T11:34:31.341-0800][75674973ms] GC(21179) Eden regions: 210->0(210)
[2023-11-10T11:34:31.341-0800][75674973ms] GC(21179) Survivor regions: 1->1(27)
[2023-11-10T11:34:31.341-0800][75674973ms] GC(21179) Old regions: 1403->1403
[2023-11-10T11:34:31.341-0800][75674973ms] GC(21179) Humongous regions: 5->5
[2023-11-10T11:34:31.341-0800][75674973ms] GC(21179) Metaspace: 304854K->304854K(1347584K)
[2023-11-10T11:34:31.341-0800][75674973ms] GC(21179) Pause Young (Normal) (G1 Evacuation Pause) 3235M->2816M(3602M) 6.262ms
[2023-11-10T11:34:31.341-0800][75674973ms] GC(21179) User=0.00s Sys=0.00s Real=0.01s
[2023-11-10T11:34:31.928-0800][75675560ms] GC(21180) Pause Young (Normal) (G1 Evacuation Pause)
[2023-11-10T11:34:31.928-0800][75675560ms] GC(21180) Using 10 workers of 10 for evacuation
[2023-11-10T11:34:31.936-0800][75675568ms] GC(21180)   Pre Evacuate Collection Set: 0.1ms
[2023-11-10T11:34:31.936-0800][75675568ms] GC(21180)   Evacuate Collection Set: 2.7ms
[2023-11-10T11:34:31.936-0800][75675568ms] GC(21180)   Post Evacuate Collection Set: 4.5ms
[2023-11-10T11:34:31.936-0800][75675568ms] GC(21180)   Other: 0.5ms
[2023-11-10T11:34:31.936-0800][75675568ms] GC(21180) Eden regions: 210->0(210)
[2023-11-10T11:34:31.936-0800][75675568ms] GC(21180) Survivor regions: 1->1(27)
[2023-11-10T11:34:31.936-0800][75675568ms] GC(21180) Old regions: 1403->1403
[2023-11-10T11:34:31.936-0800][75675568ms] GC(21180) Humongous regions: 5->5
[2023-11-10T11:34:31.936-0800][75675568ms] GC(21180) Metaspace: 304854K->304854K(1347584K)
[2023-11-10T11:34:31.936-0800][75675568ms] GC(21180) Pause Young (Normal) (G1 Evacuation Pause) 3236M->2816M(3602M) 7.988ms
[2023-11-10T11:34:31.936-0800][75675568ms] GC(21180) User=0.11s Sys=0.00s Real=0.01s
[2023-11-10T11:34:32.514-0800][75676146ms] GC(21181) Pause Young (Normal) (G1 Evacuation Pause)
[2023-11-10T11:34:32.514-0800][75676146ms] GC(21181) Using 10 workers of 10 for evacuation
[2023-11-10T11:34:32.521-0800][75676153ms] GC(21181)   Pre Evacuate Collection Set: 0.1ms
[2023-11-10T11:34:32.521-0800][75676153ms] GC(21181)   Evacuate Collection Set: 2.1ms
[2023-11-10T11:34:32.521-0800][75676153ms] GC(21181)   Post Evacuate Collection Set: 3.5ms
[2023-11-10T11:34:32.521-0800][75676153ms] GC(21181)   Other: 0.3ms
[2023-11-10T11:34:32.521-0800][75676153ms] GC(21181) Eden regions: 210->0(210)
[2023-11-10T11:34:32.521-0800][75676153ms] GC(21181) Survivor regions: 1->1(27)
[2023-11-10T11:34:32.521-0800][75676153ms] GC(21181) Old regions: 1403->1403
[2023-11-10T11:34:32.521-0800][75676153ms] GC(21181) Humongous regions: 5->5
[2023-11-10T11:34:32.521-0800][75676153ms] GC(21181) Metaspace: 304854K->304854K(1347584K)
[2023-11-10T11:34:32.521-0800][75676153ms] GC(21181) Pause Young (Normal) (G1 Evacuation Pause) 3236M->2816M(3602M) 6.091ms
[2023-11-10T11:34:32.521-0800][75676153ms] GC(21181) User=0.00s Sys=0.00s Real=0.01s
[2023-11-10T11:34:33.045-0800][75676677ms] GC(21182) Pause Young (Normal) (G1 Evacuation Pause)
[2023-11-10T11:34:33.045-0800][75676677ms] GC(21182) Using 10 workers of 10 for evacuation
[2023-11-10T11:34:33.053-0800][75676685ms] GC(21182)   Pre Evacuate Collection Set: 0.1ms
[2023-11-10T11:34:33.053-0800][75676685ms] GC(21182)   Evacuate Collection Set: 1.8ms
[2023-11-10T11:34:33.053-0800][75676685ms] GC(21182)   Post Evacuate Collection Set: 5.5ms
[2023-11-10T11:34:33.053-0800][75676685ms] GC(21182)   Other: 0.4ms
[2023-11-10T11:34:33.053-0800][75676685ms] GC(21182) Eden regions: 210->0(209)
[2023-11-10T11:34:33.053-0800][75676685ms] GC(21182) Survivor regions: 1->1(27)
[2023-11-10T11:34:33.053-0800][75676685ms] GC(21182) Old regions: 1403->1403
[2023-11-10T11:34:33.053-0800][75676685ms] GC(21182) Humongous regions: 5->5
[2023-11-10T11:34:33.053-0800][75676685ms] GC(21182) Metaspace: 304854K->304854K(1347584K)
[2023-11-10T11:34:33.053-0800][75676685ms] GC(21182) Pause Young (Normal) (G1 Evacuation Pause) 3236M->2816M(3602M) 7.817ms
[2023-11-10T11:34:33.053-0800][75676685ms] GC(21182) User=0.00s Sys=0.00s Real=0.01s
[2023-11-10T11:34:33.582-0800][75677214ms] GC(21183) Pause Young (Normal) (GCLocker Initiated GC)
[2023-11-10T11:34:33.582-0800][75677214ms] GC(21183) Using 10 workers of 10 for evacuation
[2023-11-10T11:34:33.589-0800][75677221ms] GC(21183)   Pre Evacuate Collection Set: 0.0ms
[2023-11-10T11:34:33.589-0800][75677221ms] GC(21183)   Evacuate Collection Set: 2.0ms
[2023-11-10T11:34:33.589-0800][75677221ms] GC(21183)   Post Evacuate Collection Set: 4.7ms
[2023-11-10T11:34:33.589-0800][75677221ms] GC(21183)   Other: 0.3ms
[2023-11-10T11:34:33.589-0800][75677221ms] GC(21183) Eden regions: 209->0(209)
[2023-11-10T11:34:33.589-0800][75677221ms] GC(21183) Survivor regions: 1->1(27)
[2023-11-10T11:34:33.589-0800][75677221ms] GC(21183) Old regions: 1403->1403
[2023-11-10T11:34:33.589-0800][75677221ms] GC(21183) Humongous regions: 5->5
[2023-11-10T11:34:33.589-0800][75677221ms] GC(21183) Metaspace: 304854K->304854K(1347584K)
[2023-11-10T11:34:33.589-0800][75677221ms] GC(21183) Pause Young (Normal) (GCLocker Initiated GC) 3234M->2816M(3602M) 7.125ms
[2023-11-10T11:34:33.589-0800][75677221ms] GC(21183) User=0.02s Sys=0.00s Real=0.01s
[2023-11-10T11:34:34.145-0800][75677777ms] GC(21184) Pause Young (Normal) (GCLocker Initiated GC)
[2023-11-10T11:34:34.145-0800][75677777ms] GC(21184) Using 10 workers of 10 for evacuation
[2023-11-10T11:34:34.151-0800][75677783ms] GC(21184)   Pre Evacuate Collection Set: 0.0ms
[2023-11-10T11:34:34.151-0800][75677783ms] GC(21184)   Evacuate Collection Set: 2.0ms
[2023-11-10T11:34:34.151-0800][75677783ms] GC(21184)   Post Evacuate Collection Set: 3.1ms
[2023-11-10T11:34:34.151-0800][75677783ms] GC(21184)   Other: 0.3ms
[2023-11-10T11:34:34.151-0800][75677783ms] GC(21184) Eden regions: 209->0(209)
[2023-11-10T11:34:34.151-0800][75677783ms] GC(21184) Survivor regions: 1->1(27)
[2023-11-10T11:34:34.151-0800][75677783ms] GC(21184) Old regions: 1403->1403
[2023-11-10T11:34:34.151-0800][75677783ms] GC(21184) Humongous regions: 5->5
[2023-11-10T11:34:34.151-0800][75677783ms] GC(21184) Metaspace: 304854K->304854K(1347584K)
[2023-11-10T11:34:34.151-0800][75677783ms] GC(21184) Pause Young (Normal) (GCLocker Initiated GC) 3234M->2816M(3602M) 5.504ms
[2023-11-10T11:34:34.151-0800][75677783ms] GC(21184) User=0.02s Sys=0.00s Real=0.01s
[2023-11-10T11:34:34.667-0800][75678299ms] GC(21185) Pause Young (Normal) (GCLocker Initiated GC)
[2023-11-10T11:34:34.667-0800][75678299ms] GC(21185) Using 10 workers of 10 for evacuation
[2023-11-10T11:34:34.675-0800][75678307ms] GC(21185)   Pre Evacuate Collection Set: 0.0ms
[2023-11-10T11:34:34.675-0800][75678307ms] GC(21185)   Evacuate Collection Set: 2.0ms
[2023-11-10T11:34:34.675-0800][75678307ms] GC(21185)   Post Evacuate Collection Set: 4.6ms
[2023-11-10T11:34:34.675-0800][75678307ms] GC(21185)   Other: 0.3ms
[2023-11-10T11:34:34.675-0800][75678307ms] GC(21185) Eden regions: 210->0(209)
[2023-11-10T11:34:34.675-0800][75678307ms] GC(21185) Survivor regions: 1->1(27)
[2023-11-10T11:34:34.675-0800][75678307ms] GC(21185) Old regions: 1403->1403
[2023-11-10T11:34:34.675-0800][75678307ms] GC(21185) Humongous regions: 5->5
[2023-11-10T11:34:34.675-0800][75678307ms] GC(21185) Metaspace: 304854K->304854K(1347584K)
[2023-11-10T11:34:34.675-0800][75678307ms] GC(21185) Pause Young (Normal) (GCLocker Initiated GC) 3234M->2816M(3602M) 7.051ms
[2023-11-10T11:34:34.675-0800][75678307ms] GC(21185) User=0.00s Sys=0.00s Real=0.01s
[2023-11-10T11:34:35.194-0800][75678826ms] GC(21186) Pause Young (Normal) (GCLocker Initiated GC)
[2023-11-10T11:34:35.194-0800][75678826ms] GC(21186) Using 10 workers of 10 for evacuation
[2023-11-10T11:34:35.201-0800][75678833ms] GC(21186)   Pre Evacuate Collection Set: 0.0ms
[2023-11-10T11:34:35.201-0800][75678833ms] GC(21186)   Evacuate Collection Set: 2.1ms
[2023-11-10T11:34:35.201-0800][75678833ms] GC(21186)   Post Evacuate Collection Set: 3.2ms
[2023-11-10T11:34:35.201-0800][75678833ms] GC(21186)   Other: 0.3ms
[2023-11-10T11:34:35.201-0800][75678833ms] GC(21186) Eden regions: 209->0(209)
[2023-11-10T11:34:35.201-0800][75678833ms] GC(21186) Survivor regions: 1->1(27)
[2023-11-10T11:34:35.201-0800][75678833ms] GC(21186) Old regions: 1403->1403
[2023-11-10T11:34:35.201-0800][75678833ms] GC(21186) Humongous regions: 5->5
[2023-11-10T11:34:35.201-0800][75678833ms] GC(21186) Metaspace: 304854K->304854K(1347584K)
[2023-11-10T11:34:35.201-0800][75678833ms] GC(21186) Pause Young (Normal) (GCLocker Initiated GC) 3234M->2816M(3602M) 5.790ms
[2023-11-10T11:34:35.201-0800][75678833ms] GC(21186) User=0.00s Sys=0.00s Real=0.01s
[2023-11-10T11:34:35.767-0800][75679399ms] GC(21187) Pause Young (Normal) (G1 Evacuation Pause)
[2023-11-10T11:34:35.767-0800][75679399ms] GC(21187) Using 10 workers of 10 for evacuation
[2023-11-10T11:34:35.775-0800][75679407ms] GC(21187)   Pre Evacuate Collection Set: 0.1ms
[2023-11-10T11:34:35.775-0800][75679407ms] GC(21187)   Evacuate Collection Set: 2.5ms
[2023-11-10T11:34:35.775-0800][75679407ms] GC(21187)   Post Evacuate Collection Set: 4.2ms
[2023-11-10T11:34:35.775-0800][75679407ms] GC(21187)   Other: 0.4ms
[2023-11-10T11:34:35.775-0800][75679407ms] GC(21187) Eden regions: 209->0(209)
[2023-11-10T11:34:35.775-0800][75679407ms] GC(21187) Survivor regions: 1->1(27)
[2023-11-10T11:34:35.775-0800][75679407ms] GC(21187) Old regions: 1403->1403
[2023-11-10T11:34:35.775-0800][75679407ms] GC(21187) Humongous regions: 5->5
[2023-11-10T11:34:35.775-0800][75679407ms] GC(21187) Metaspace: 304854K->304854K(1347584K)
[2023-11-10T11:34:35.775-0800][75679407ms] GC(21187) Pause Young (Normal) (G1 Evacuation Pause) 3234M->2816M(3602M) 7.371ms
[2023-11-10T11:34:35.775-0800][75679407ms] GC(21187) User=0.00s Sys=0.00s Real=0.01s
[2023-11-10T11:34:36.256-0800][75679888ms] GC(21188) Pause Young (Normal) (G1 Evacuation Pause)
[2023-11-10T11:34:36.256-0800][75679888ms] GC(21188) Using 10 workers of 10 for evacuation
[2023-11-10T11:34:36.263-0800][75679895ms] GC(21188)   Pre Evacuate Collection Set: 0.1ms
[2023-11-10T11:34:36.263-0800][75679895ms] GC(21188)   Evacuate Collection Set: 1.9ms
[2023-11-10T11:34:36.263-0800][75679895ms] GC(21188)   Post Evacuate Collection Set: 4.8ms
[2023-11-10T11:34:36.263-0800][75679895ms] GC(21188)   Other: 0.5ms
[2023-11-10T11:34:36.263-0800][75679895ms] GC(21188) Eden regions: 209->0(209)
[2023-11-10T11:34:36.263-0800][75679895ms] GC(21188) Survivor regions: 1->1(27)
[2023-11-10T11:34:36.263-0800][75679895ms] GC(21188) Old regions: 1403->1403
[2023-11-10T11:34:36.263-0800][75679895ms] GC(21188) Humongous regions: 5->5
[2023-11-10T11:34:36.263-0800][75679895ms] GC(21188) Metaspace: 304854K->304854K(1347584K)
[2023-11-10T11:34:36.263-0800][75679895ms] GC(21188) Pause Young (Normal) (G1 Evacuation Pause) 3234M->2816M(3602M) 7.367ms
[2023-11-10T11:34:36.263-0800][75679895ms] GC(21188) User=0.02s Sys=0.00s Real=0.01s
[2023-11-10T11:34:36.774-0800][75680407ms] GC(21189) Pause Young (Normal) (G1 Evacuation Pause)
[2023-11-10T11:34:36.775-0800][75680407ms] GC(21189) Using 10 workers of 10 for evacuation
[2023-11-10T11:34:36.781-0800][75680413ms] GC(21189)   Pre Evacuate Collection Set: 0.1ms
[2023-11-10T11:34:36.781-0800][75680413ms] GC(21189)   Evacuate Collection Set: 1.7ms
[2023-11-10T11:34:36.781-0800][75680413ms] GC(21189)   Post Evacuate Collection Set: 4.1ms
[2023-11-10T11:34:36.781-0800][75680413ms] GC(21189)   Other: 0.3ms
[2023-11-10T11:34:36.781-0800][75680413ms] GC(21189) Eden regions: 209->0(209)
[2023-11-10T11:34:36.781-0800][75680413ms] GC(21189) Survivor regions: 1->1(27)
[2023-11-10T11:34:36.781-0800][75680413ms] GC(21189) Old regions: 1403->1403
[2023-11-10T11:34:36.781-0800][75680413ms] GC(21189) Humongous regions: 5->5
[2023-11-10T11:34:36.781-0800][75680413ms] GC(21189) Metaspace: 304854K->304854K(1347584K)
[2023-11-10T11:34:36.781-0800][75680413ms] GC(21189) Pause Young (Normal) (G1 Evacuation Pause) 3234M->2816M(3602M) 6.313ms
[2023-11-10T11:34:36.781-0800][75680413ms] GC(21189) User=0.00s Sys=0.00s Real=0.01s
[2023-11-10T11:34:37.270-0800][75680902ms] GC(21190) Pause Young (Normal) (G1 Evacuation Pause)
[2023-11-10T11:34:37.270-0800][75680902ms] GC(21190) Using 10 workers of 10 for evacuation
[2023-11-10T11:34:37.274-0800][75680906ms] GC(21190)   Pre Evacuate Collection Set: 0.0ms
[2023-11-10T11:34:37.274-0800][75680906ms] GC(21190)   Evacuate Collection Set: 1.6ms
[2023-11-10T11:34:37.274-0800][75680906ms] GC(21190)   Post Evacuate Collection Set: 2.9ms
[2023-11-10T11:34:37.274-0800][75680906ms] GC(21190)   Other: 0.3ms
[2023-11-10T11:34:37.274-0800][75680906ms] GC(21190) Eden regions: 209->0(209)
[2023-11-10T11:34:37.274-0800][75680906ms] GC(21190) Survivor regions: 1->1(27)
[2023-11-10T11:34:37.274-0800][75680906ms] GC(21190) Old regions: 1403->1403
[2023-11-10T11:34:37.274-0800][75680906ms] GC(21190) Humongous regions: 5->5
[2023-11-10T11:34:37.274-0800][75680906ms] GC(21190) Metaspace: 304854K->304854K(1347584K)
[2023-11-10T11:34:37.274-0800][75680906ms] GC(21190) Pause Young (Normal) (G1 Evacuation Pause) 3234M->2816M(3602M) 4.924ms
[2023-11-10T11:34:37.274-0800][75680906ms] GC(21190) User=0.00s Sys=0.00s Real=0.00s
[2023-11-10T11:34:37.801-0800][75681433ms] GC(21191) Pause Young (Normal) (G1 Evacuation Pause)
[2023-11-10T11:34:37.801-0800][75681433ms] GC(21191) Using 10 workers of 10 for evacuation
[2023-11-10T11:34:37.806-0800][75681438ms] GC(21191)   Pre Evacuate Collection Set: 0.0ms
[2023-11-10T11:34:37.806-0800][75681438ms] GC(21191)   Evacuate Collection Set: 1.9ms
[2023-11-10T11:34:37.806-0800][75681438ms] GC(21191)   Post Evacuate Collection Set: 3.0ms
[2023-11-10T11:34:37.806-0800][75681438ms] GC(21191)   Other: 0.3ms
[2023-11-10T11:34:37.806-0800][75681438ms] GC(21191) Eden regions: 209->0(209)
[2023-11-10T11:34:37.806-0800][75681438ms] GC(21191) Survivor regions: 1->1(27)
[2023-11-10T11:34:37.806-0800][75681438ms] GC(21191) Old regions: 1403->1403
[2023-11-10T11:34:37.806-0800][75681438ms] GC(21191) Humongous regions: 5->5
[2023-11-10T11:34:37.806-0800][75681438ms] GC(21191) Metaspace: 304854K->304854K(1347584K)
[2023-11-10T11:34:37.806-0800][75681438ms] GC(21191) Pause Young (Normal) (G1 Evacuation Pause) 3234M->2816M(3602M) 5.290ms
[2023-11-10T11:34:37.806-0800][75681438ms] GC(21191) User=0.02s Sys=0.00s Real=0.00s
[2023-11-10T11:34:38.346-0800][75681978ms] GC(21192) Pause Young (Normal) (G1 Evacuation Pause)
[2023-11-10T11:34:38.346-0800][75681978ms] GC(21192) Using 10 workers of 10 for evacuation
[2023-11-10T11:34:38.351-0800][75681983ms] GC(21192)   Pre Evacuate Collection Set: 0.0ms
[2023-11-10T11:34:38.351-0800][75681983ms] GC(21192)   Evacuate Collection Set: 1.7ms
[2023-11-10T11:34:38.351-0800][75681983ms] GC(21192)   Post Evacuate Collection Set: 3.7ms
[2023-11-10T11:34:38.351-0800][75681983ms] GC(21192)   Other: 0.3ms
[2023-11-10T11:34:38.351-0800][75681983ms] GC(21192) Eden regions: 209->0(209)
[2023-11-10T11:34:38.351-0800][75681983ms] GC(21192) Survivor regions: 1->1(27)
[2023-11-10T11:34:38.351-0800][75681983ms] GC(21192) Old regions: 1403->1403
[2023-11-10T11:34:38.351-0800][75681983ms] GC(21192) Humongous regions: 5->5
[2023-11-10T11:34:38.351-0800][75681983ms] GC(21192) Metaspace: 304854K->304854K(1347584K)
[2023-11-10T11:34:38.351-0800][75681983ms] GC(21192) Pause Young (Normal) (G1 Evacuation Pause) 3234M->2816M(3602M) 5.944ms
[2023-11-10T11:34:38.351-0800][75681983ms] GC(21192) User=0.00s Sys=0.00s Real=0.01s
[2023-11-10T11:34:38.831-0800][75682464ms] GC(21193) Pause Young (Normal) (G1 Evacuation Pause)
[2023-11-10T11:34:38.832-0800][75682464ms] GC(21193) Using 10 workers of 10 for evacuation
[2023-11-10T11:34:38.836-0800][75682468ms] GC(21193)   Pre Evacuate Collection Set: 0.0ms
[2023-11-10T11:34:38.837-0800][75682469ms] GC(21193)   Evacuate Collection Set: 1.7ms
[2023-11-10T11:34:38.837-0800][75682469ms] GC(21193)   Post Evacuate Collection Set: 3.1ms
[2023-11-10T11:34:38.837-0800][75682469ms] GC(21193)   Other: 0.3ms
[2023-11-10T11:34:38.837-0800][75682469ms] GC(21193) Eden regions: 209->0(209)
[2023-11-10T11:34:38.837-0800][75682469ms] GC(21193) Survivor regions: 1->1(27)
[2023-11-10T11:34:38.837-0800][75682469ms] GC(21193) Old regions: 1403->1403
[2023-11-10T11:34:38.837-0800][75682469ms] GC(21193) Humongous regions: 5->5
[2023-11-10T11:34:38.837-0800][75682469ms] GC(21193) Metaspace: 304854K->304854K(1347584K)
[2023-11-10T11:34:38.837-0800][75682469ms] GC(21193) Pause Young (Normal) (G1 Evacuation Pause) 3234M->2816M(3602M) 5.153ms
[2023-11-10T11:34:38.837-0800][75682469ms] GC(21193) User=0.02s Sys=0.00s Real=0.01s
[2023-11-10T11:34:39.421-0800][75683053ms] GC(21194) Pause Young (Normal) (G1 Evacuation Pause)
[2023-11-10T11:34:39.421-0800][75683053ms] GC(21194) Using 10 workers of 10 for evacuation
[2023-11-10T11:34:39.426-0800][75683058ms] GC(21194)   Pre Evacuate Collection Set: 0.0ms
[2023-11-10T11:34:39.426-0800][75683058ms] GC(21194)   Evacuate Collection Set: 1.8ms
[2023-11-10T11:34:39.426-0800][75683058ms] GC(21194)   Post Evacuate Collection Set: 3.2ms
[2023-11-10T11:34:39.426-0800][75683058ms] GC(21194)   Other: 0.3ms
[2023-11-10T11:34:39.426-0800][75683058ms] GC(21194) Eden regions: 209->0(209)
[2023-11-10T11:34:39.426-0800][75683058ms] GC(21194) Survivor regions: 1->1(27)
[2023-11-10T11:34:39.426-0800][75683058ms] GC(21194) Old regions: 1403->1403
[2023-11-10T11:34:39.426-0800][75683058ms] GC(21194) Humongous regions: 5->5
[2023-11-10T11:34:39.426-0800][75683058ms] GC(21194) Metaspace: 304854K->304854K(1347584K)
[2023-11-10T11:34:39.426-0800][75683058ms] GC(21194) Pause Young (Normal) (G1 Evacuation Pause) 3234M->2816M(3602M) 5.412ms
[2023-11-10T11:34:39.426-0800][75683058ms] GC(21194) User=0.00s Sys=0.00s Real=0.01s
[2023-11-10T11:34:39.987-0800][75683619ms] GC(21195) Pause Young (Normal) (G1 Evacuation Pause)
[2023-11-10T11:34:39.987-0800][75683619ms] GC(21195) Using 10 workers of 10 for evacuation
[2023-11-10T11:34:39.992-0800][75683624ms] GC(21195)   Pre Evacuate Collection Set: 0.0ms
[2023-11-10T11:34:39.992-0800][75683624ms] GC(21195)   Evacuate Collection Set: 1.7ms
[2023-11-10T11:34:39.992-0800][75683624ms] GC(21195)   Post Evacuate Collection Set: 3.2ms
[2023-11-10T11:34:39.992-0800][75683624ms] GC(21195)   Other: 0.3ms
[2023-11-10T11:34:39.992-0800][75683624ms] GC(21195) Eden regions: 209->0(209)
[2023-11-10T11:34:39.992-0800][75683624ms] GC(21195) Survivor regions: 1->1(27)
[2023-11-10T11:34:39.992-0800][75683624ms] GC(21195) Old regions: 1403->1404
[2023-11-10T11:34:39.992-0800][75683624ms] GC(21195) Humongous regions: 5->5
[2023-11-10T11:34:39.992-0800][75683624ms] GC(21195) Metaspace: 304854K->304854K(1347584K)
[2023-11-10T11:34:39.992-0800][75683624ms] GC(21195) Pause Young (Normal) (G1 Evacuation Pause) 3234M->2816M(3602M) 5.357ms
[2023-11-10T11:34:39.992-0800][75683624ms] GC(21195) User=0.00s Sys=0.00s Real=0.01s
[2023-11-10T11:34:40.452-0800][75684084ms] GC(21196) Pause Young (Normal) (G1 Evacuation Pause)
[2023-11-10T11:34:40.452-0800][75684084ms] GC(21196) Using 10 workers of 10 for evacuation
[2023-11-10T11:34:40.457-0800][75684089ms] GC(21196)   Pre Evacuate Collection Set: 0.1ms
[2023-11-10T11:34:40.457-0800][75684089ms] GC(21196)   Evacuate Collection Set: 1.9ms
[2023-11-10T11:34:40.457-0800][75684089ms] GC(21196)   Post Evacuate Collection Set: 3.1ms
[2023-11-10T11:34:40.457-0800][75684089ms] GC(21196)   Other: 0.3ms
[2023-11-10T11:34:40.457-0800][75684089ms] GC(21196) Eden regions: 209->0(208)
[2023-11-10T11:34:40.457-0800][75684089ms] GC(21196) Survivor regions: 1->1(27)
[2023-11-10T11:34:40.457-0800][75684089ms] GC(21196) Old regions: 1404->1404
[2023-11-10T11:34:40.457-0800][75684089ms] GC(21196) Humongous regions: 5->5
[2023-11-10T11:34:40.457-0800][75684089ms] GC(21196) Metaspace: 304854K->304854K(1347584K)
[2023-11-10T11:34:40.458-0800][75684090ms] GC(21196) Pause Young (Normal) (G1 Evacuation Pause) 3234M->2816M(3602M) 5.452ms
[2023-11-10T11:34:40.458-0800][75684090ms] GC(21196) User=0.00s Sys=0.00s Real=0.01s
[2023-11-10T11:34:40.950-0800][75684582ms] GC(21197) Pause Young (Normal) (G1 Evacuation Pause)
[2023-11-10T11:34:40.950-0800][75684582ms] GC(21197) Using 10 workers of 10 for evacuation
[2023-11-10T11:34:40.962-0800][75684594ms] GC(21197)   Pre Evacuate Collection Set: 0.0ms
[2023-11-10T11:34:40.962-0800][75684594ms] GC(21197)   Evacuate Collection Set: 1.7ms
[2023-11-10T11:34:40.962-0800][75684594ms] GC(21197)   Post Evacuate Collection Set: 10.1ms
[2023-11-10T11:34:40.962-0800][75684594ms] GC(21197)   Other: 0.3ms
[2023-11-10T11:34:40.962-0800][75684594ms] GC(21197) Eden regions: 208->0(208)
[2023-11-10T11:34:40.962-0800][75684594ms] GC(21197) Survivor regions: 1->1(27)
[2023-11-10T11:34:40.962-0800][75684594ms] GC(21197) Old regions: 1404->1404
[2023-11-10T11:34:40.962-0800][75684594ms] GC(21197) Humongous regions: 5->5
[2023-11-10T11:34:40.962-0800][75684594ms] GC(21197) Metaspace: 304854K->304854K(1347584K)
[2023-11-10T11:34:40.962-0800][75684594ms] GC(21197) Pause Young (Normal) (G1 Evacuation Pause) 3232M->2816M(3602M) 12.234ms
[2023-11-10T11:34:40.962-0800][75684594ms] GC(21197) User=0.00s Sys=0.00s Real=0.01s
[2023-11-10T11:34:41.482-0800][75685114ms] GC(21198) Pause Young (Normal) (G1 Evacuation Pause)
[2023-11-10T11:34:41.482-0800][75685114ms] GC(21198) Using 10 workers of 10 for evacuation
[2023-11-10T11:34:41.490-0800][75685122ms] GC(21198)   Pre Evacuate Collection Set: 0.1ms
[2023-11-10T11:34:41.490-0800][75685122ms] GC(21198)   Evacuate Collection Set: 2.1ms
[2023-11-10T11:34:41.490-0800][75685122ms] GC(21198)   Post Evacuate Collection Set: 4.5ms
[2023-11-10T11:34:41.490-0800][75685122ms] GC(21198)   Other: 0.4ms
[2023-11-10T11:34:41.490-0800][75685122ms] GC(21198) Eden regions: 208->0(208)
[2023-11-10T11:34:41.490-0800][75685122ms] GC(21198) Survivor regions: 1->1(27)
[2023-11-10T11:34:41.490-0800][75685122ms] GC(21198) Old regions: 1404->1404
[2023-11-10T11:34:41.490-0800][75685122ms] GC(21198) Humongous regions: 5->5
[2023-11-10T11:34:41.490-0800][75685122ms] GC(21198) Metaspace: 304854K->304854K(1347584K)
[2023-11-10T11:34:41.490-0800][75685122ms] GC(21198) Pause Young (Normal) (G1 Evacuation Pause) 3232M->2817M(3602M) 7.172ms
[2023-11-10T11:34:41.490-0800][75685122ms] GC(21198) User=0.00s Sys=0.00s Real=0.01s
[2023-11-10T11:34:41.985-0800][75685617ms] GC(21199) Pause Young (Normal) (G1 Evacuation Pause)
[2023-11-10T11:34:41.986-0800][75685618ms] GC(21199) Using 10 workers of 10 for evacuation
[2023-11-10T11:34:41.991-0800][75685623ms] GC(21199)   Pre Evacuate Collection Set: 0.1ms
[2023-11-10T11:34:41.991-0800][75685623ms] GC(21199)   Evacuate Collection Set: 1.8ms
[2023-11-10T11:34:41.991-0800][75685623ms] GC(21199)   Post Evacuate Collection Set: 3.5ms
[2023-11-10T11:34:41.991-0800][75685623ms] GC(21199)   Other: 0.4ms
[2023-11-10T11:34:41.991-0800][75685623ms] GC(21199) Eden regions: 208->0(208)
[2023-11-10T11:34:41.991-0800][75685623ms] GC(21199) Survivor regions: 1->1(27)
[2023-11-10T11:34:41.991-0800][75685623ms] GC(21199) Old regions: 1404->1404
[2023-11-10T11:34:41.991-0800][75685623ms] GC(21199) Humongous regions: 5->5
[2023-11-10T11:34:41.991-0800][75685623ms] GC(21199) Metaspace: 304854K->304854K(1347584K)
[2023-11-10T11:34:41.991-0800][75685623ms] GC(21199) Pause Young (Normal) (G1 Evacuation Pause) 3233M->2816M(3602M) 5.891ms
[2023-11-10T11:34:41.991-0800][75685623ms] GC(21199) User=0.00s Sys=0.02s Real=0.01s
[2023-11-10T11:34:42.485-0800][75686117ms] GC(21200) Pause Young (Normal) (G1 Evacuation Pause)
[2023-11-10T11:34:42.485-0800][75686117ms] GC(21200) Using 10 workers of 10 for evacuation
[2023-11-10T11:34:42.492-0800][75686124ms] GC(21200)   Pre Evacuate Collection Set: 0.1ms
[2023-11-10T11:34:42.492-0800][75686124ms] GC(21200)   Evacuate Collection Set: 2.3ms
[2023-11-10T11:34:42.492-0800][75686124ms] GC(21200)   Post Evacuate Collection Set: 4.1ms
[2023-11-10T11:34:42.492-0800][75686124ms] GC(21200)   Other: 0.3ms
[2023-11-10T11:34:42.492-0800][75686124ms] GC(21200) Eden regions: 208->0(208)
[2023-11-10T11:34:42.492-0800][75686124ms] GC(21200) Survivor regions: 1->1(27)
[2023-11-10T11:34:42.492-0800][75686124ms] GC(21200) Old regions: 1404->1404
[2023-11-10T11:34:42.492-0800][75686124ms] GC(21200) Humongous regions: 5->5
[2023-11-10T11:34:42.492-0800][75686124ms] GC(21200) Metaspace: 304854K->304854K(1347584K)
[2023-11-10T11:34:42.492-0800][75686124ms] GC(21200) Pause Young (Normal) (G1 Evacuation Pause) 3232M->2816M(3602M) 6.851ms
[2023-11-10T11:34:42.492-0800][75686124ms] GC(21200) User=0.00s Sys=0.00s Real=0.01s
[2023-11-10T11:34:43.003-0800][75686635ms] GC(21201) Pause Young (Normal) (G1 Evacuation Pause)
[2023-11-10T11:34:43.003-0800][75686635ms] GC(21201) Using 10 workers of 10 for evacuation
[2023-11-10T11:34:43.010-0800][75686642ms] GC(21201)   Pre Evacuate Collection Set: 0.1ms
[2023-11-10T11:34:43.010-0800][75686642ms] GC(21201)   Evacuate Collection Set: 2.0ms
[2023-11-10T11:34:43.010-0800][75686642ms] GC(21201)   Post Evacuate Collection Set: 4.4ms
[2023-11-10T11:34:43.010-0800][75686642ms] GC(21201)   Other: 0.4ms
[2023-11-10T11:34:43.010-0800][75686642ms] GC(21201) Eden regions: 208->0(208)
[2023-11-10T11:34:43.010-0800][75686642ms] GC(21201) Survivor regions: 1->1(27)
[2023-11-10T11:34:43.010-0800][75686642ms] GC(21201) Old regions: 1404->1404
[2023-11-10T11:34:43.010-0800][75686642ms] GC(21201) Humongous regions: 5->5
[2023-11-10T11:34:43.010-0800][75686642ms] GC(21201) Metaspace: 304854K->304854K(1347584K)
[2023-11-10T11:34:43.010-0800][75686642ms] GC(21201) Pause Young (Normal) (G1 Evacuation Pause) 3232M->2816M(3602M) 7.023ms
[2023-11-10T11:34:43.010-0800][75686642ms] GC(21201) User=0.00s Sys=0.00s Real=0.01s
[2023-11-10T11:34:43.554-0800][75687186ms] GC(21202) Pause Young (Normal) (G1 Evacuation Pause)
[2023-11-10T11:34:43.554-0800][75687186ms] GC(21202) Using 10 workers of 10 for evacuation
[2023-11-10T11:34:43.560-0800][75687192ms] GC(21202)   Pre Evacuate Collection Set: 0.0ms
[2023-11-10T11:34:43.560-0800][75687192ms] GC(21202)   Evacuate Collection Set: 2.0ms
[2023-11-10T11:34:43.560-0800][75687192ms] GC(21202)   Post Evacuate Collection Set: 3.7ms
[2023-11-10T11:34:43.560-0800][75687192ms] GC(21202)   Other: 0.4ms
[2023-11-10T11:34:43.560-0800][75687192ms] GC(21202) Eden regions: 208->0(208)
[2023-11-10T11:34:43.560-0800][75687192ms] GC(21202) Survivor regions: 1->1(27)
[2023-11-10T11:34:43.560-0800][75687192ms] GC(21202) Old regions: 1404->1404
[2023-11-10T11:34:43.560-0800][75687192ms] GC(21202) Humongous regions: 5->5
[2023-11-10T11:34:43.560-0800][75687192ms] GC(21202) Metaspace: 304854K->304854K(1347584K)
[2023-11-10T11:34:43.560-0800][75687192ms] GC(21202) Pause Young (Normal) (G1 Evacuation Pause) 3232M->2816M(3602M) 6.143ms
[2023-11-10T11:34:43.560-0800][75687192ms] GC(21202) User=0.00s Sys=0.00s Real=0.01s
[2023-11-10T11:34:44.108-0800][75687740ms] GC(21203) Pause Young (Normal) (G1 Evacuation Pause)
[2023-11-10T11:34:44.108-0800][75687740ms] GC(21203) Using 10 workers of 10 for evacuation
[2023-11-10T11:34:44.115-0800][75687747ms] GC(21203)   Pre Evacuate Collection Set: 0.1ms
[2023-11-10T11:34:44.115-0800][75687747ms] GC(21203)   Evacuate Collection Set: 2.1ms
[2023-11-10T11:34:44.115-0800][75687747ms] GC(21203)   Post Evacuate Collection Set: 4.1ms
[2023-11-10T11:34:44.115-0800][75687747ms] GC(21203)   Other: 0.3ms
[2023-11-10T11:34:44.115-0800][75687747ms] GC(21203) Eden regions: 208->0(208)
[2023-11-10T11:34:44.115-0800][75687747ms] GC(21203) Survivor regions: 1->1(27)
[2023-11-10T11:34:44.115-0800][75687747ms] GC(21203) Old regions: 1404->1404
[2023-11-10T11:34:44.115-0800][75687747ms] GC(21203) Humongous regions: 5->5
[2023-11-10T11:34:44.115-0800][75687747ms] GC(21203) Metaspace: 304854K->304854K(1347584K)
[2023-11-10T11:34:44.115-0800][75687747ms] GC(21203) Pause Young (Normal) (G1 Evacuation Pause) 3232M->2816M(3602M) 6.771ms
[2023-11-10T11:34:44.115-0800][75687747ms] GC(21203) User=0.00s Sys=0.00s Real=0.01s
[2023-11-10T11:34:44.689-0800][75688321ms] GC(21204) Pause Young (Normal) (G1 Evacuation Pause)
[2023-11-10T11:34:44.689-0800][75688321ms] GC(21204) Using 10 workers of 10 for evacuation
[2023-11-10T11:34:44.695-0800][75688327ms] GC(21204)   Pre Evacuate Collection Set: 0.1ms
[2023-11-10T11:34:44.695-0800][75688327ms] GC(21204)   Evacuate Collection Set: 2.3ms
[2023-11-10T11:34:44.695-0800][75688327ms] GC(21204)   Post Evacuate Collection Set: 3.4ms
[2023-11-10T11:34:44.695-0800][75688327ms] GC(21204)   Other: 0.3ms
[2023-11-10T11:34:44.695-0800][75688327ms] GC(21204) Eden regions: 208->0(208)
[2023-11-10T11:34:44.695-0800][75688327ms] GC(21204) Survivor regions: 1->1(27)
[2023-11-10T11:34:44.695-0800][75688327ms] GC(21204) Old regions: 1404->1404
[2023-11-10T11:34:44.695-0800][75688327ms] GC(21204) Humongous regions: 5->5
[2023-11-10T11:34:44.695-0800][75688327ms] GC(21204) Metaspace: 304854K->304854K(1347584K)
[2023-11-10T11:34:44.695-0800][75688327ms] GC(21204) Pause Young (Normal) (G1 Evacuation Pause) 3232M->2816M(3602M) 6.234ms
[2023-11-10T11:34:44.695-0800][75688327ms] GC(21204) User=0.00s Sys=0.00s Real=0.01s
[2023-11-10T11:34:45.207-0800][75688839ms] GC(21205) Pause Young (Normal) (G1 Evacuation Pause)
[2023-11-10T11:34:45.207-0800][75688839ms] GC(21205) Using 10 workers of 10 for evacuation
[2023-11-10T11:34:45.213-0800][75688845ms] GC(21205)   Pre Evacuate Collection Set: 0.0ms
[2023-11-10T11:34:45.213-0800][75688845ms] GC(21205)   Evacuate Collection Set: 2.0ms
[2023-11-10T11:34:45.213-0800][75688845ms] GC(21205)   Post Evacuate Collection Set: 4.1ms
[2023-11-10T11:34:45.213-0800][75688845ms] GC(21205)   Other: 0.3ms
[2023-11-10T11:34:45.213-0800][75688845ms] GC(21205) Eden regions: 208->0(209)
[2023-11-10T11:34:45.213-0800][75688845ms] GC(21205) Survivor regions: 1->1(27)
[2023-11-10T11:34:45.213-0800][75688845ms] GC(21205) Old regions: 1404->1404
[2023-11-10T11:34:45.213-0800][75688845ms] GC(21205) Humongous regions: 5->5
[2023-11-10T11:34:45.213-0800][75688845ms] GC(21205) Metaspace: 304854K->304854K(1347584K)
[2023-11-10T11:34:45.213-0800][75688845ms] GC(21205) Pause Young (Normal) (G1 Evacuation Pause) 3232M->2816M(3602M) 6.519ms
[2023-11-10T11:34:45.213-0800][75688845ms] GC(21205) User=0.00s Sys=0.00s Real=0.01s
[2023-11-10T11:34:45.664-0800][75689296ms] GC(21206) Pause Young (Normal) (G1 Evacuation Pause)
[2023-11-10T11:34:45.664-0800][75689296ms] GC(21206) Using 10 workers of 10 for evacuation
[2023-11-10T11:34:45.668-0800][75689300ms] GC(21206)   Pre Evacuate Collection Set: 0.0ms
[2023-11-10T11:34:45.668-0800][75689300ms] GC(21206)   Evacuate Collection Set: 1.7ms
[2023-11-10T11:34:45.668-0800][75689300ms] GC(21206)   Post Evacuate Collection Set: 3.1ms
[2023-11-10T11:34:45.668-0800][75689300ms] GC(21206)   Other: 0.3ms
[2023-11-10T11:34:45.668-0800][75689300ms] GC(21206) Eden regions: 209->0(209)
[2023-11-10T11:34:45.668-0800][75689300ms] GC(21206) Survivor regions: 1->1(27)
[2023-11-10T11:34:45.668-0800][75689300ms] GC(21206) Old regions: 1404->1404
[2023-11-10T11:34:45.668-0800][75689300ms] GC(21206) Humongous regions: 5->5
[2023-11-10T11:34:45.668-0800][75689300ms] GC(21206) Metaspace: 304854K->304854K(1347584K)
[2023-11-10T11:34:45.668-0800][75689300ms] GC(21206) Pause Young (Normal) (G1 Evacuation Pause) 3234M->2816M(3602M) 5.248ms
[2023-11-10T11:34:45.668-0800][75689300ms] GC(21206) User=0.00s Sys=0.00s Real=0.00s
[2023-11-10T11:34:46.170-0800][75689802ms] GC(21207) Pause Young (Normal) (G1 Evacuation Pause)
[2023-11-10T11:34:46.170-0800][75689802ms] GC(21207) Using 10 workers of 10 for evacuation
[2023-11-10T11:34:46.176-0800][75689808ms] GC(21207)   Pre Evacuate Collection Set: 0.0ms
[2023-11-10T11:34:46.176-0800][75689808ms] GC(21207)   Evacuate Collection Set: 1.8ms
[2023-11-10T11:34:46.176-0800][75689808ms] GC(21207)   Post Evacuate Collection Set: 3.3ms
[2023-11-10T11:34:46.176-0800][75689808ms] GC(21207)   Other: 0.3ms
[2023-11-10T11:34:46.176-0800][75689808ms] GC(21207) Eden regions: 209->0(209)
[2023-11-10T11:34:46.176-0800][75689808ms] GC(21207) Survivor regions: 1->1(27)
[2023-11-10T11:34:46.176-0800][75689808ms] GC(21207) Old regions: 1404->1404
[2023-11-10T11:34:46.176-0800][75689808ms] GC(21207) Humongous regions: 5->5
[2023-11-10T11:34:46.176-0800][75689808ms] GC(21207) Metaspace: 304854K->304854K(1347584K)
[2023-11-10T11:34:46.176-0800][75689808ms] GC(21207) Pause Young (Normal) (G1 Evacuation Pause) 3234M->2816M(3602M) 5.420ms
[2023-11-10T11:34:46.176-0800][75689808ms] GC(21207) User=0.00s Sys=0.00s Real=0.01s
[2023-11-10T11:34:46.656-0800][75690288ms] GC(21208) Pause Young (Normal) (G1 Evacuation Pause)
[2023-11-10T11:34:46.656-0800][75690288ms] GC(21208) Using 10 workers of 10 for evacuation
[2023-11-10T11:34:46.661-0800][75690293ms] GC(21208)   Pre Evacuate Collection Set: 0.0ms
[2023-11-10T11:34:46.661-0800][75690293ms] GC(21208)   Evacuate Collection Set: 1.6ms
[2023-11-10T11:34:46.661-0800][75690293ms] GC(21208)   Post Evacuate Collection Set: 3.1ms
[2023-11-10T11:34:46.661-0800][75690293ms] GC(21208)   Other: 0.3ms
[2023-11-10T11:34:46.661-0800][75690293ms] GC(21208) Eden regions: 209->0(209)
[2023-11-10T11:34:46.661-0800][75690293ms] GC(21208) Survivor regions: 1->1(27)
[2023-11-10T11:34:46.661-0800][75690293ms] GC(21208) Old regions: 1404->1404
[2023-11-10T11:34:46.661-0800][75690293ms] GC(21208) Humongous regions: 5->5
[2023-11-10T11:34:46.661-0800][75690293ms] GC(21208) Metaspace: 304854K->304854K(1347584K)
[2023-11-10T11:34:46.661-0800][75690293ms] GC(21208) Pause Young (Normal) (G1 Evacuation Pause) 3234M->2816M(3602M) 5.102ms
[2023-11-10T11:34:46.661-0800][75690293ms] GC(21208) User=0.00s Sys=0.00s Real=0.01s
[2023-11-10T11:34:47.215-0800][75690847ms] GC(21209) Pause Young (Normal) (G1 Evacuation Pause)
[2023-11-10T11:34:47.216-0800][75690848ms] GC(21209) Using 10 workers of 10 for evacuation
[2023-11-10T11:34:47.220-0800][75690852ms] GC(21209)   Pre Evacuate Collection Set: 0.0ms
[2023-11-10T11:34:47.220-0800][75690852ms] GC(21209)   Evacuate Collection Set: 1.7ms
[2023-11-10T11:34:47.220-0800][75690852ms] GC(21209)   Post Evacuate Collection Set: 3.1ms
[2023-11-10T11:34:47.220-0800][75690852ms] GC(21209)   Other: 0.2ms
[2023-11-10T11:34:47.220-0800][75690852ms] GC(21209) Eden regions: 209->0(209)
[2023-11-10T11:34:47.220-0800][75690852ms] GC(21209) Survivor regions: 1->1(27)
[2023-11-10T11:34:47.220-0800][75690852ms] GC(21209) Old regions: 1404->1404
[2023-11-10T11:34:47.220-0800][75690852ms] GC(21209) Humongous regions: 5->5
[2023-11-10T11:34:47.220-0800][75690852ms] GC(21209) Metaspace: 304854K->304854K(1347584K)
[2023-11-10T11:34:47.221-0800][75690853ms] GC(21209) Pause Young (Normal) (G1 Evacuation Pause) 3234M->2817M(3602M) 5.240ms
[2023-11-10T11:34:47.221-0800][75690853ms] GC(21209) User=0.00s Sys=0.00s Real=0.01s
[2023-11-10T11:34:47.743-0800][75691375ms] GC(21210) Pause Young (Normal) (G1 Evacuation Pause)
[2023-11-10T11:34:47.743-0800][75691375ms] GC(21210) Using 10 workers of 10 for evacuation
[2023-11-10T11:34:47.750-0800][75691382ms] GC(21210)   Pre Evacuate Collection Set: 0.0ms
[2023-11-10T11:34:47.750-0800][75691382ms] GC(21210)   Evacuate Collection Set: 2.3ms
[2023-11-10T11:34:47.750-0800][75691382ms] GC(21210)   Post Evacuate Collection Set: 3.7ms
[2023-11-10T11:34:47.750-0800][75691382ms] GC(21210)   Other: 0.3ms
[2023-11-10T11:34:47.750-0800][75691382ms] GC(21210) Eden regions: 209->0(209)
[2023-11-10T11:34:47.750-0800][75691382ms] GC(21210) Survivor regions: 1->1(27)
[2023-11-10T11:34:47.750-0800][75691382ms] GC(21210) Old regions: 1404->1404
[2023-11-10T11:34:47.750-0800][75691382ms] GC(21210) Humongous regions: 5->5
[2023-11-10T11:34:47.750-0800][75691382ms] GC(21210) Metaspace: 304854K->304854K(1347584K)
[2023-11-10T11:34:47.750-0800][75691382ms] GC(21210) Pause Young (Normal) (G1 Evacuation Pause) 3235M->2817M(3602M) 6.435ms
[2023-11-10T11:34:47.750-0800][75691382ms] GC(21210) User=0.00s Sys=0.00s Real=0.01s
[2023-11-10T11:34:48.211-0800][75691843ms] GC(21211) Pause Young (Normal) (G1 Evacuation Pause)
[2023-11-10T11:34:48.211-0800][75691843ms] GC(21211) Using 10 workers of 10 for evacuation
[2023-11-10T11:34:48.216-0800][75691848ms] GC(21211)   Pre Evacuate Collection Set: 0.0ms
[2023-11-10T11:34:48.216-0800][75691848ms] GC(21211)   Evacuate Collection Set: 1.8ms
[2023-11-10T11:34:48.216-0800][75691848ms] GC(21211)   Post Evacuate Collection Set: 3.0ms
[2023-11-10T11:34:48.216-0800][75691848ms] GC(21211)   Other: 0.2ms
[2023-11-10T11:34:48.216-0800][75691848ms] GC(21211) Eden regions: 209->0(209)
[2023-11-10T11:34:48.216-0800][75691848ms] GC(21211) Survivor regions: 1->1(27)
[2023-11-10T11:34:48.216-0800][75691848ms] GC(21211) Old regions: 1404->1404
[2023-11-10T11:34:48.216-0800][75691848ms] GC(21211) Humongous regions: 5->5
[2023-11-10T11:34:48.216-0800][75691848ms] GC(21211) Metaspace: 304854K->304854K(1347584K)
[2023-11-10T11:34:48.216-0800][75691848ms] GC(21211) Pause Young (Normal) (G1 Evacuation Pause) 3235M->2817M(3602M) 5.192ms
[2023-11-10T11:34:48.216-0800][75691848ms] GC(21211) User=0.00s Sys=0.00s Real=0.01s
[2023-11-10T11:34:48.715-0800][75692347ms] GC(21212) Pause Young (Normal) (G1 Evacuation Pause)
[2023-11-10T11:34:48.715-0800][75692347ms] GC(21212) Using 10 workers of 10 for evacuation
[2023-11-10T11:34:48.721-0800][75692353ms] GC(21212)   Pre Evacuate Collection Set: 0.1ms
[2023-11-10T11:34:48.721-0800][75692353ms] GC(21212)   Evacuate Collection Set: 1.7ms
[2023-11-10T11:34:48.721-0800][75692353ms] GC(21212)   Post Evacuate Collection Set: 3.4ms
[2023-11-10T11:34:48.721-0800][75692353ms] GC(21212)   Other: 0.3ms
[2023-11-10T11:34:48.721-0800][75692353ms] GC(21212) Eden regions: 209->0(209)
[2023-11-10T11:34:48.721-0800][75692353ms] GC(21212) Survivor regions: 1->1(27)
[2023-11-10T11:34:48.721-0800][75692353ms] GC(21212) Old regions: 1404->1404
[2023-11-10T11:34:48.721-0800][75692353ms] GC(21212) Humongous regions: 5->5
[2023-11-10T11:34:48.721-0800][75692353ms] GC(21212) Metaspace: 304854K->304854K(1347584K)
[2023-11-10T11:34:48.721-0800][75692353ms] GC(21212) Pause Young (Normal) (G1 Evacuation Pause) 3235M->2817M(3602M) 5.653ms
[2023-11-10T11:34:48.721-0800][75692353ms] GC(21212) User=0.00s Sys=0.00s Real=0.01s
[2023-11-10T11:34:49.242-0800][75692874ms] GC(21213) Pause Young (Normal) (G1 Evacuation Pause)
[2023-11-10T11:34:49.242-0800][75692874ms] GC(21213) Using 10 workers of 10 for evacuation
[2023-11-10T11:34:49.247-0800][75692879ms] GC(21213)   Pre Evacuate Collection Set: 0.0ms
[2023-11-10T11:34:49.247-0800][75692879ms] GC(21213)   Evacuate Collection Set: 1.8ms
[2023-11-10T11:34:49.247-0800][75692879ms] GC(21213)   Post Evacuate Collection Set: 3.0ms
[2023-11-10T11:34:49.248-0800][75692880ms] GC(21213)   Other: 0.3ms
[2023-11-10T11:34:49.248-0800][75692880ms] GC(21213) Eden regions: 209->0(209)
[2023-11-10T11:34:49.248-0800][75692880ms] GC(21213) Survivor regions: 1->1(27)
[2023-11-10T11:34:49.248-0800][75692880ms] GC(21213) Old regions: 1404->1404
[2023-11-10T11:34:49.248-0800][75692880ms] GC(21213) Humongous regions: 5->5
[2023-11-10T11:34:49.248-0800][75692880ms] GC(21213) Metaspace: 304854K->304854K(1347584K)
[2023-11-10T11:34:49.248-0800][75692880ms] GC(21213) Pause Young (Normal) (G1 Evacuation Pause) 3235M->2816M(3602M) 5.236ms
[2023-11-10T11:34:49.248-0800][75692880ms] GC(21213) User=0.00s Sys=0.00s Real=0.01s
[2023-11-10T11:34:49.771-0800][75693403ms] GC(21214) Pause Young (Normal) (G1 Evacuation Pause)
[2023-11-10T11:34:49.771-0800][75693403ms] GC(21214) Using 10 workers of 10 for evacuation
[2023-11-10T11:34:49.776-0800][75693408ms] GC(21214)   Pre Evacuate Collection Set: 0.0ms
[2023-11-10T11:34:49.776-0800][75693408ms] GC(21214)   Evacuate Collection Set: 1.8ms
[2023-11-10T11:34:49.776-0800][75693408ms] GC(21214)   Post Evacuate Collection Set: 3.0ms
[2023-11-10T11:34:49.776-0800][75693408ms] GC(21214)   Other: 0.3ms
[2023-11-10T11:34:49.776-0800][75693408ms] GC(21214) Eden regions: 209->0(209)
[2023-11-10T11:34:49.776-0800][75693408ms] GC(21214) Survivor regions: 1->1(27)
[2023-11-10T11:34:49.776-0800][75693408ms] GC(21214) Old regions: 1404->1404
[2023-11-10T11:34:49.776-0800][75693408ms] GC(21214) Humongous regions: 5->5
[2023-11-10T11:34:49.776-0800][75693408ms] GC(21214) Metaspace: 304854K->304854K(1347584K)
[2023-11-10T11:34:49.776-0800][75693408ms] GC(21214) Pause Young (Normal) (G1 Evacuation Pause) 3234M->2817M(3602M) 5.246ms
[2023-11-10T11:34:49.776-0800][75693408ms] GC(21214) User=0.02s Sys=0.00s Real=0.01s
[2023-11-10T11:34:50.295-0800][75693927ms] GC(21215) Pause Young (Normal) (G1 Evacuation Pause)
[2023-11-10T11:34:50.295-0800][75693927ms] GC(21215) Using 10 workers of 10 for evacuation
[2023-11-10T11:34:50.300-0800][75693932ms] GC(21215)   Pre Evacuate Collection Set: 0.1ms
[2023-11-10T11:34:50.300-0800][75693932ms] GC(21215)   Evacuate Collection Set: 1.6ms
[2023-11-10T11:34:50.300-0800][75693932ms] GC(21215)   Post Evacuate Collection Set: 3.1ms
[2023-11-10T11:34:50.300-0800][75693932ms] GC(21215)   Other: 0.2ms
[2023-11-10T11:34:50.300-0800][75693932ms] GC(21215) Eden regions: 209->0(209)
[2023-11-10T11:34:50.300-0800][75693932ms] GC(21215) Survivor regions: 1->1(27)
[2023-11-10T11:34:50.300-0800][75693932ms] GC(21215) Old regions: 1404->1404
[2023-11-10T11:34:50.300-0800][75693932ms] GC(21215) Humongous regions: 5->5
[2023-11-10T11:34:50.300-0800][75693932ms] GC(21215) Metaspace: 304854K->304854K(1347584K)
[2023-11-10T11:34:50.300-0800][75693932ms] GC(21215) Pause Young (Normal) (G1 Evacuation Pause) 3235M->2817M(3602M) 5.100ms
[2023-11-10T11:34:50.300-0800][75693932ms] GC(21215) User=0.00s Sys=0.00s Real=0.00s
[2023-11-10T11:34:50.775-0800][75694407ms] GC(21216) Pause Young (Normal) (G1 Evacuation Pause)
[2023-11-10T11:34:50.775-0800][75694407ms] GC(21216) Using 10 workers of 10 for evacuation
[2023-11-10T11:34:50.780-0800][75694412ms] GC(21216)   Pre Evacuate Collection Set: 0.0ms
[2023-11-10T11:34:50.780-0800][75694412ms] GC(21216)   Evacuate Collection Set: 1.7ms
[2023-11-10T11:34:50.780-0800][75694412ms] GC(21216)   Post Evacuate Collection Set: 3.1ms
[2023-11-10T11:34:50.780-0800][75694412ms] GC(21216)   Other: 0.3ms
[2023-11-10T11:34:50.780-0800][75694412ms] GC(21216) Eden regions: 209->0(209)
[2023-11-10T11:34:50.780-0800][75694412ms] GC(21216) Survivor regions: 1->1(27)
[2023-11-10T11:34:50.780-0800][75694412ms] GC(21216) Old regions: 1404->1404
[2023-11-10T11:34:50.780-0800][75694412ms] GC(21216) Humongous regions: 5->5
[2023-11-10T11:34:50.780-0800][75694412ms] GC(21216) Metaspace: 304854K->304854K(1347584K)
[2023-11-10T11:34:50.780-0800][75694412ms] GC(21216) Pause Young (Normal) (G1 Evacuation Pause) 3235M->2817M(3602M) 5.226ms
[2023-11-10T11:34:50.780-0800][75694412ms] GC(21216) User=0.00s Sys=0.00s Real=0.00s
[2023-11-10T11:34:51.265-0800][75694897ms] GC(21217) Pause Young (Normal) (G1 Evacuation Pause)
[2023-11-10T11:34:51.265-0800][75694897ms] GC(21217) Using 10 workers of 10 for evacuation
[2023-11-10T11:34:51.270-0800][75694902ms] GC(21217)   Pre Evacuate Collection Set: 0.0ms
[2023-11-10T11:34:51.270-0800][75694902ms] GC(21217)   Evacuate Collection Set: 1.6ms
[2023-11-10T11:34:51.270-0800][75694902ms] GC(21217)   Post Evacuate Collection Set: 3.7ms
[2023-11-10T11:34:51.270-0800][75694902ms] GC(21217)   Other: 0.3ms
[2023-11-10T11:34:51.270-0800][75694902ms] GC(21217) Eden regions: 209->0(209)
[2023-11-10T11:34:51.270-0800][75694902ms] GC(21217) Survivor regions: 1->1(27)
[2023-11-10T11:34:51.270-0800][75694902ms] GC(21217) Old regions: 1404->1404
[2023-11-10T11:34:51.270-0800][75694902ms] GC(21217) Humongous regions: 5->5
[2023-11-10T11:34:51.270-0800][75694902ms] GC(21217) Metaspace: 304854K->304854K(1347584K)
[2023-11-10T11:34:51.270-0800][75694902ms] GC(21217) Pause Young (Normal) (G1 Evacuation Pause) 3235M->2817M(3602M) 5.775ms
[2023-11-10T11:34:51.270-0800][75694902ms] GC(21217) User=0.00s Sys=0.00s Real=0.00s
[2023-11-10T11:34:51.786-0800][75695418ms] GC(21218) Pause Young (Normal) (G1 Evacuation Pause)
[2023-11-10T11:34:51.786-0800][75695418ms] GC(21218) Using 10 workers of 10 for evacuation
[2023-11-10T11:34:51.792-0800][75695424ms] GC(21218)   Pre Evacuate Collection Set: 0.0ms
[2023-11-10T11:34:51.792-0800][75695424ms] GC(21218)   Evacuate Collection Set: 1.7ms
[2023-11-10T11:34:51.792-0800][75695424ms] GC(21218)   Post Evacuate Collection Set: 3.2ms
[2023-11-10T11:34:51.792-0800][75695424ms] GC(21218)   Other: 0.2ms
[2023-11-10T11:34:51.792-0800][75695424ms] GC(21218) Eden regions: 209->0(209)
[2023-11-10T11:34:51.792-0800][75695424ms] GC(21218) Survivor regions: 1->1(27)
[2023-11-10T11:34:51.792-0800][75695424ms] GC(21218) Old regions: 1404->1404
[2023-11-10T11:34:51.792-0800][75695424ms] GC(21218) Humongous regions: 5->5
[2023-11-10T11:34:51.792-0800][75695424ms] GC(21218) Metaspace: 304854K->304854K(1347584K)
[2023-11-10T11:34:51.792-0800][75695424ms] GC(21218) Pause Young (Normal) (G1 Evacuation Pause) 3235M->2817M(3602M) 5.246ms
[2023-11-10T11:34:51.792-0800][75695424ms] GC(21218) User=0.05s Sys=0.00s Real=0.01s
[2023-11-10T11:34:52.399-0800][75696031ms] GC(21219) Pause Young (Normal) (G1 Evacuation Pause)
[2023-11-10T11:34:52.399-0800][75696031ms] GC(21219) Using 10 workers of 10 for evacuation
[2023-11-10T11:34:52.404-0800][75696036ms] GC(21219)   Pre Evacuate Collection Set: 0.0ms
[2023-11-10T11:34:52.404-0800][75696036ms] GC(21219)   Evacuate Collection Set: 1.5ms
[2023-11-10T11:34:52.404-0800][75696036ms] GC(21219)   Post Evacuate Collection Set: 3.1ms
[2023-11-10T11:34:52.404-0800][75696036ms] GC(21219)   Other: 0.3ms
[2023-11-10T11:34:52.404-0800][75696036ms] GC(21219) Eden regions: 209->0(209)
[2023-11-10T11:34:52.404-0800][75696036ms] GC(21219) Survivor regions: 1->1(27)
[2023-11-10T11:34:52.404-0800][75696036ms] GC(21219) Old regions: 1404->1404
[2023-11-10T11:34:52.404-0800][75696036ms] GC(21219) Humongous regions: 5->5
[2023-11-10T11:34:52.404-0800][75696036ms] GC(21219) Metaspace: 304854K->304854K(1347584K)
[2023-11-10T11:34:52.404-0800][75696036ms] GC(21219) Pause Young (Normal) (G1 Evacuation Pause) 3235M->2817M(3602M) 5.039ms
[2023-11-10T11:34:52.404-0800][75696036ms] GC(21219) User=0.00s Sys=0.00s Real=0.01s
[2023-11-10T11:34:52.923-0800][75696555ms] GC(21220) Pause Young (Normal) (G1 Evacuation Pause)
[2023-11-10T11:34:52.923-0800][75696555ms] GC(21220) Using 10 workers of 10 for evacuation
[2023-11-10T11:34:52.929-0800][75696561ms] GC(21220)   Pre Evacuate Collection Set: 0.1ms
[2023-11-10T11:34:52.929-0800][75696561ms] GC(21220)   Evacuate Collection Set: 2.0ms
[2023-11-10T11:34:52.929-0800][75696561ms] GC(21220)   Post Evacuate Collection Set: 3.5ms
[2023-11-10T11:34:52.929-0800][75696561ms] GC(21220)   Other: 0.3ms
[2023-11-10T11:34:52.929-0800][75696561ms] GC(21220) Eden regions: 209->0(209)
[2023-11-10T11:34:52.929-0800][75696561ms] GC(21220) Survivor regions: 1->1(27)
[2023-11-10T11:34:52.929-0800][75696561ms] GC(21220) Old regions: 1404->1404
[2023-11-10T11:34:52.929-0800][75696561ms] GC(21220) Humongous regions: 5->5
[2023-11-10T11:34:52.929-0800][75696561ms] GC(21220) Metaspace: 304854K->304854K(1347584K)
[2023-11-10T11:34:52.929-0800][75696561ms] GC(21220) Pause Young (Normal) (G1 Evacuation Pause) 3235M->2817M(3602M) 5.921ms
[2023-11-10T11:34:52.929-0800][75696561ms] GC(21220) User=0.00s Sys=0.00s Real=0.01s
[2023-11-10T11:34:53.406-0800][75697038ms] GC(21221) Pause Young (Normal) (G1 Evacuation Pause)
[2023-11-10T11:34:53.406-0800][75697038ms] GC(21221) Using 10 workers of 10 for evacuation
[2023-11-10T11:34:53.411-0800][75697043ms] GC(21221)   Pre Evacuate Collection Set: 0.1ms
[2023-11-10T11:34:53.411-0800][75697043ms] GC(21221)   Evacuate Collection Set: 2.4ms
[2023-11-10T11:34:53.411-0800][75697043ms] GC(21221)   Post Evacuate Collection Set: 3.4ms
[2023-11-10T11:34:53.411-0800][75697043ms] GC(21221)   Other: 0.3ms
[2023-11-10T11:34:53.411-0800][75697043ms] GC(21221) Eden regions: 209->0(209)
[2023-11-10T11:34:53.411-0800][75697043ms] GC(21221) Survivor regions: 1->1(27)
[2023-11-10T11:34:53.411-0800][75697043ms] GC(21221) Old regions: 1404->1404
[2023-11-10T11:34:53.411-0800][75697043ms] GC(21221) Humongous regions: 5->5
[2023-11-10T11:34:53.411-0800][75697043ms] GC(21221) Metaspace: 304854K->304854K(1347584K)
[2023-11-10T11:34:53.411-0800][75697043ms] GC(21221) Pause Young (Normal) (G1 Evacuation Pause) 3235M->2817M(3602M) 6.270ms
[2023-11-10T11:34:53.411-0800][75697043ms] GC(21221) User=0.00s Sys=0.00s Real=0.01s
[2023-11-10T11:34:53.884-0800][75697516ms] GC(21222) Pause Young (Normal) (G1 Evacuation Pause)
[2023-11-10T11:34:53.884-0800][75697516ms] GC(21222) Using 10 workers of 10 for evacuation
[2023-11-10T11:34:53.890-0800][75697522ms] GC(21222)   Pre Evacuate Collection Set: 0.1ms
[2023-11-10T11:34:53.890-0800][75697522ms] GC(21222)   Evacuate Collection Set: 2.5ms
[2023-11-10T11:34:53.890-0800][75697522ms] GC(21222)   Post Evacuate Collection Set: 3.3ms
[2023-11-10T11:34:53.891-0800][75697523ms] GC(21222)   Other: 0.3ms
[2023-11-10T11:34:53.891-0800][75697523ms] GC(21222) Eden regions: 209->0(209)
[2023-11-10T11:34:53.891-0800][75697523ms] GC(21222) Survivor regions: 1->1(27)
[2023-11-10T11:34:53.891-0800][75697523ms] GC(21222) Old regions: 1404->1404
[2023-11-10T11:34:53.891-0800][75697523ms] GC(21222) Humongous regions: 5->5
[2023-11-10T11:34:53.891-0800][75697523ms] GC(21222) Metaspace: 304854K->304854K(1347584K)
[2023-11-10T11:34:53.891-0800][75697523ms] GC(21222) Pause Young (Normal) (G1 Evacuation Pause) 3235M->2817M(3602M) 6.329ms
[2023-11-10T11:34:53.891-0800][75697523ms] GC(21222) User=0.00s Sys=0.00s Real=0.01s
[2023-11-10T11:34:54.429-0800][75698061ms] GC(21223) Pause Young (Normal) (G1 Evacuation Pause)
[2023-11-10T11:34:54.429-0800][75698061ms] GC(21223) Using 10 workers of 10 for evacuation
[2023-11-10T11:34:54.438-0800][75698070ms] GC(21223)   Pre Evacuate Collection Set: 0.0ms
[2023-11-10T11:34:54.438-0800][75698070ms] GC(21223)   Evacuate Collection Set: 2.8ms
[2023-11-10T11:34:54.438-0800][75698070ms] GC(21223)   Post Evacuate Collection Set: 5.7ms
[2023-11-10T11:34:54.438-0800][75698070ms] GC(21223)   Other: 0.3ms
[2023-11-10T11:34:54.438-0800][75698070ms] GC(21223) Eden regions: 209->0(209)
[2023-11-10T11:34:54.438-0800][75698070ms] GC(21223) Survivor regions: 1->1(27)
[2023-11-10T11:34:54.438-0800][75698070ms] GC(21223) Old regions: 1404->1404
[2023-11-10T11:34:54.438-0800][75698070ms] GC(21223) Humongous regions: 5->5
[2023-11-10T11:34:54.438-0800][75698070ms] GC(21223) Metaspace: 304854K->304854K(1347584K)
[2023-11-10T11:34:54.438-0800][75698070ms] GC(21223) Pause Young (Normal) (G1 Evacuation Pause) 3235M->2817M(3602M) 8.857ms
[2023-11-10T11:34:54.438-0800][75698070ms] GC(21223) User=0.00s Sys=0.00s Real=0.01s
[2023-11-10T11:34:55.009-0800][75698641ms] GC(21224) Pause Young (Normal) (G1 Evacuation Pause)
[2023-11-10T11:34:55.009-0800][75698641ms] GC(21224) Using 10 workers of 10 for evacuation
[2023-11-10T11:34:55.015-0800][75698647ms] GC(21224)   Pre Evacuate Collection Set: 0.0ms
[2023-11-10T11:34:55.015-0800][75698647ms] GC(21224)   Evacuate Collection Set: 1.7ms
[2023-11-10T11:34:55.015-0800][75698647ms] GC(21224)   Post Evacuate Collection Set: 3.4ms
[2023-11-10T11:34:55.015-0800][75698647ms] GC(21224)   Other: 0.3ms
[2023-11-10T11:34:55.015-0800][75698647ms] GC(21224) Eden regions: 209->0(209)
[2023-11-10T11:34:55.015-0800][75698647ms] GC(21224) Survivor regions: 1->1(27)
[2023-11-10T11:34:55.015-0800][75698647ms] GC(21224) Old regions: 1404->1404
[2023-11-10T11:34:55.015-0800][75698647ms] GC(21224) Humongous regions: 5->5
[2023-11-10T11:34:55.015-0800][75698647ms] GC(21224) Metaspace: 304854K->304854K(1347584K)
[2023-11-10T11:34:55.015-0800][75698647ms] GC(21224) Pause Young (Normal) (G1 Evacuation Pause) 3235M->2817M(3602M) 5.509ms
[2023-11-10T11:34:55.015-0800][75698647ms] GC(21224) User=0.00s Sys=0.00s Real=0.01s
[2023-11-10T11:34:55.552-0800][75699184ms] GC(21225) Pause Young (Normal) (G1 Evacuation Pause)
[2023-11-10T11:34:55.552-0800][75699184ms] GC(21225) Using 10 workers of 10 for evacuation
[2023-11-10T11:34:55.559-0800][75699191ms] GC(21225)   Pre Evacuate Collection Set: 0.1ms
[2023-11-10T11:34:55.559-0800][75699191ms] GC(21225)   Evacuate Collection Set: 2.4ms
[2023-11-10T11:34:55.559-0800][75699191ms] GC(21225)   Post Evacuate Collection Set: 3.5ms
[2023-11-10T11:34:55.559-0800][75699191ms] GC(21225)   Other: 0.3ms
[2023-11-10T11:34:55.559-0800][75699191ms] GC(21225) Eden regions: 209->0(209)
[2023-11-10T11:34:55.559-0800][75699191ms] GC(21225) Survivor regions: 1->1(27)
[2023-11-10T11:34:55.559-0800][75699191ms] GC(21225) Old regions: 1404->1404
[2023-11-10T11:34:55.559-0800][75699191ms] GC(21225) Humongous regions: 5->5
[2023-11-10T11:34:55.559-0800][75699191ms] GC(21225) Metaspace: 304854K->304854K(1347584K)
[2023-11-10T11:34:55.559-0800][75699191ms] GC(21225) Pause Young (Normal) (G1 Evacuation Pause) 3235M->2817M(3602M) 6.316ms
[2023-11-10T11:34:55.559-0800][75699191ms] GC(21225) User=0.03s Sys=0.00s Real=0.01s
[2023-11-10T11:34:56.064-0800][75699696ms] GC(21226) Pause Young (Normal) (G1 Evacuation Pause)
[2023-11-10T11:34:56.064-0800][75699696ms] GC(21226) Using 10 workers of 10 for evacuation
[2023-11-10T11:34:56.070-0800][75699702ms] GC(21226)   Pre Evacuate Collection Set: 0.1ms
[2023-11-10T11:34:56.070-0800][75699702ms] GC(21226)   Evacuate Collection Set: 1.9ms
[2023-11-10T11:34:56.070-0800][75699702ms] GC(21226)   Post Evacuate Collection Set: 3.2ms
[2023-11-10T11:34:56.070-0800][75699702ms] GC(21226)   Other: 0.4ms
[2023-11-10T11:34:56.070-0800][75699702ms] GC(21226) Eden regions: 209->0(209)
[2023-11-10T11:34:56.070-0800][75699702ms] GC(21226) Survivor regions: 1->1(27)
[2023-11-10T11:34:56.070-0800][75699702ms] GC(21226) Old regions: 1404->1404
[2023-11-10T11:34:56.070-0800][75699702ms] GC(21226) Humongous regions: 5->5
[2023-11-10T11:34:56.070-0800][75699702ms] GC(21226) Metaspace: 304854K->304854K(1347584K)
[2023-11-10T11:34:56.070-0800][75699702ms] GC(21226) Pause Young (Normal) (G1 Evacuation Pause) 3235M->2817M(3602M) 5.564ms
[2023-11-10T11:34:56.071-0800][75699703ms] GC(21226) User=0.00s Sys=0.00s Real=0.01s
[2023-11-10T11:34:56.553-0800][75700185ms] GC(21227) Pause Young (Normal) (G1 Evacuation Pause)
[2023-11-10T11:34:56.553-0800][75700185ms] GC(21227) Using 10 workers of 10 for evacuation
[2023-11-10T11:34:56.559-0800][75700191ms] GC(21227)   Pre Evacuate Collection Set: 0.0ms
[2023-11-10T11:34:56.559-0800][75700191ms] GC(21227)   Evacuate Collection Set: 1.6ms
[2023-11-10T11:34:56.559-0800][75700191ms] GC(21227)   Post Evacuate Collection Set: 3.1ms
[2023-11-10T11:34:56.559-0800][75700191ms] GC(21227)   Other: 0.3ms
[2023-11-10T11:34:56.559-0800][75700191ms] GC(21227) Eden regions: 209->0(209)
[2023-11-10T11:34:56.559-0800][75700191ms] GC(21227) Survivor regions: 1->1(27)
[2023-11-10T11:34:56.559-0800][75700191ms] GC(21227) Old regions: 1404->1404
[2023-11-10T11:34:56.559-0800][75700191ms] GC(21227) Humongous regions: 5->5
[2023-11-10T11:34:56.559-0800][75700191ms] GC(21227) Metaspace: 304854K->304854K(1347584K)
[2023-11-10T11:34:56.559-0800][75700191ms] GC(21227) Pause Young (Normal) (G1 Evacuation Pause) 3235M->2817M(3602M) 5.083ms
[2023-11-10T11:34:56.559-0800][75700191ms] GC(21227) User=0.02s Sys=0.02s Real=0.01s
[2023-11-10T11:34:57.061-0800][75700693ms] GC(21228) Pause Young (Normal) (G1 Evacuation Pause)
[2023-11-10T11:34:57.061-0800][75700693ms] GC(21228) Using 10 workers of 10 for evacuation
[2023-11-10T11:34:57.069-0800][75700701ms] GC(21228)   Pre Evacuate Collection Set: 0.0ms
[2023-11-10T11:34:57.069-0800][75700701ms] GC(21228)   Evacuate Collection Set: 4.3ms
[2023-11-10T11:34:57.069-0800][75700701ms] GC(21228)   Post Evacuate Collection Set: 3.8ms
[2023-11-10T11:34:57.069-0800][75700701ms] GC(21228)   Other: 0.3ms
[2023-11-10T11:34:57.069-0800][75700701ms] GC(21228) Eden regions: 209->0(209)
[2023-11-10T11:34:57.069-0800][75700701ms] GC(21228) Survivor regions: 1->1(27)
[2023-11-10T11:34:57.069-0800][75700701ms] GC(21228) Old regions: 1404->1404
[2023-11-10T11:34:57.069-0800][75700701ms] GC(21228) Humongous regions: 5->5
[2023-11-10T11:34:57.069-0800][75700701ms] GC(21228) Metaspace: 304854K->304854K(1347584K)
[2023-11-10T11:34:57.069-0800][75700701ms] GC(21228) Pause Young (Normal) (G1 Evacuation Pause) 3235M->2817M(3602M) 8.474ms
[2023-11-10T11:34:57.069-0800][75700701ms] GC(21228) User=0.00s Sys=0.00s Real=0.01s
[2023-11-10T11:34:57.694-0800][75701326ms] GC(21229) Pause Young (Normal) (G1 Evacuation Pause)
[2023-11-10T11:34:57.694-0800][75701326ms] GC(21229) Using 10 workers of 10 for evacuation
[2023-11-10T11:34:57.700-0800][75701332ms] GC(21229)   Pre Evacuate Collection Set: 0.1ms
[2023-11-10T11:34:57.700-0800][75701332ms] GC(21229)   Evacuate Collection Set: 1.7ms
[2023-11-10T11:34:57.700-0800][75701332ms] GC(21229)   Post Evacuate Collection Set: 4.3ms
[2023-11-10T11:34:57.700-0800][75701332ms] GC(21229)   Other: 0.4ms
[2023-11-10T11:34:57.700-0800][75701332ms] GC(21229) Eden regions: 209->0(209)
[2023-11-10T11:34:57.700-0800][75701332ms] GC(21229) Survivor regions: 1->1(27)
[2023-11-10T11:34:57.700-0800][75701332ms] GC(21229) Old regions: 1404->1404
[2023-11-10T11:34:57.700-0800][75701332ms] GC(21229) Humongous regions: 5->5
[2023-11-10T11:34:57.700-0800][75701332ms] GC(21229) Metaspace: 304854K->304854K(1347584K)
[2023-11-10T11:34:57.700-0800][75701332ms] GC(21229) Pause Young (Normal) (G1 Evacuation Pause) 3235M->2817M(3602M) 6.645ms
[2023-11-10T11:34:57.700-0800][75701332ms] GC(21229) User=0.02s Sys=0.00s Real=0.01s
[2023-11-10T11:34:58.201-0800][75701833ms] GC(21230) Pause Young (Normal) (G1 Evacuation Pause)
[2023-11-10T11:34:58.201-0800][75701833ms] GC(21230) Using 10 workers of 10 for evacuation
[2023-11-10T11:34:58.207-0800][75701839ms] GC(21230)   Pre Evacuate Collection Set: 0.0ms
[2023-11-10T11:34:58.207-0800][75701839ms] GC(21230)   Evacuate Collection Set: 1.8ms
[2023-11-10T11:34:58.207-0800][75701839ms] GC(21230)   Post Evacuate Collection Set: 3.9ms
[2023-11-10T11:34:58.207-0800][75701839ms] GC(21230)   Other: 0.3ms
[2023-11-10T11:34:58.207-0800][75701839ms] GC(21230) Eden regions: 209->0(209)
[2023-11-10T11:34:58.207-0800][75701839ms] GC(21230) Survivor regions: 1->1(27)
[2023-11-10T11:34:58.207-0800][75701839ms] GC(21230) Old regions: 1404->1404
[2023-11-10T11:34:58.207-0800][75701839ms] GC(21230) Humongous regions: 5->5
[2023-11-10T11:34:58.207-0800][75701839ms] GC(21230) Metaspace: 304854K->304854K(1347584K)
[2023-11-10T11:34:58.207-0800][75701839ms] GC(21230) Pause Young (Normal) (G1 Evacuation Pause) 3235M->2817M(3602M) 6.153ms
[2023-11-10T11:34:58.207-0800][75701839ms] GC(21230) User=0.00s Sys=0.00s Real=0.01s
[2023-11-10T11:34:58.683-0800][75702315ms] GC(21231) Pause Young (Normal) (G1 Evacuation Pause)
[2023-11-10T11:34:58.683-0800][75702315ms] GC(21231) Using 10 workers of 10 for evacuation
[2023-11-10T11:34:58.688-0800][75702320ms] GC(21231)   Pre Evacuate Collection Set: 0.0ms
[2023-11-10T11:34:58.688-0800][75702320ms] GC(21231)   Evacuate Collection Set: 1.7ms
[2023-11-10T11:34:58.688-0800][75702320ms] GC(21231)   Post Evacuate Collection Set: 3.1ms
[2023-11-10T11:34:58.688-0800][75702320ms] GC(21231)   Other: 0.3ms
[2023-11-10T11:34:58.688-0800][75702320ms] GC(21231) Eden regions: 209->0(209)
[2023-11-10T11:34:58.688-0800][75702320ms] GC(21231) Survivor regions: 1->1(27)
[2023-11-10T11:34:58.688-0800][75702320ms] GC(21231) Old regions: 1404->1404
[2023-11-10T11:34:58.688-0800][75702320ms] GC(21231) Humongous regions: 5->5
[2023-11-10T11:34:58.688-0800][75702320ms] GC(21231) Metaspace: 304854K->304854K(1347584K)
[2023-11-10T11:34:58.688-0800][75702320ms] GC(21231) Pause Young (Normal) (G1 Evacuation Pause) 3235M->2817M(3602M) 5.172ms
[2023-11-10T11:34:58.688-0800][75702320ms] GC(21231) User=0.00s Sys=0.00s Real=0.00s
[2023-11-10T11:34:59.192-0800][75702824ms] GC(21232) Pause Young (Normal) (G1 Evacuation Pause)
[2023-11-10T11:34:59.192-0800][75702824ms] GC(21232) Using 10 workers of 10 for evacuation
[2023-11-10T11:34:59.198-0800][75702830ms] GC(21232)   Pre Evacuate Collection Set: 0.1ms
[2023-11-10T11:34:59.198-0800][75702830ms] GC(21232)   Evacuate Collection Set: 1.7ms
[2023-11-10T11:34:59.198-0800][75702830ms] GC(21232)   Post Evacuate Collection Set: 4.4ms
[2023-11-10T11:34:59.198-0800][75702830ms] GC(21232)   Other: 0.3ms
[2023-11-10T11:34:59.198-0800][75702830ms] GC(21232) Eden regions: 209->0(209)
[2023-11-10T11:34:59.198-0800][75702830ms] GC(21232) Survivor regions: 1->1(27)
[2023-11-10T11:34:59.198-0800][75702830ms] GC(21232) Old regions: 1404->1404
[2023-11-10T11:34:59.198-0800][75702830ms] GC(21232) Humongous regions: 5->5
[2023-11-10T11:34:59.198-0800][75702830ms] GC(21232) Metaspace: 304854K->304854K(1347584K)
[2023-11-10T11:34:59.198-0800][75702830ms] GC(21232) Pause Young (Normal) (G1 Evacuation Pause) 3235M->2817M(3602M) 6.533ms
[2023-11-10T11:34:59.198-0800][75702830ms] GC(21232) User=0.02s Sys=0.00s Real=0.01s
[2023-11-10T11:34:59.767-0800][75703399ms] GC(21233) Pause Young (Normal) (G1 Evacuation Pause)
[2023-11-10T11:34:59.767-0800][75703399ms] GC(21233) Using 10 workers of 10 for evacuation
[2023-11-10T11:34:59.772-0800][75703404ms] GC(21233)   Pre Evacuate Collection Set: 0.0ms
[2023-11-10T11:34:59.772-0800][75703404ms] GC(21233)   Evacuate Collection Set: 1.9ms
[2023-11-10T11:34:59.772-0800][75703404ms] GC(21233)   Post Evacuate Collection Set: 3.4ms
[2023-11-10T11:34:59.772-0800][75703404ms] GC(21233)   Other: 0.3ms
[2023-11-10T11:34:59.772-0800][75703404ms] GC(21233) Eden regions: 209->0(208)
[2023-11-10T11:34:59.772-0800][75703404ms] GC(21233) Survivor regions: 1->1(27)
[2023-11-10T11:34:59.772-0800][75703404ms] GC(21233) Old regions: 1404->1404
[2023-11-10T11:34:59.772-0800][75703404ms] GC(21233) Humongous regions: 5->5
[2023-11-10T11:34:59.772-0800][75703404ms] GC(21233) Metaspace: 304854K->304854K(1347584K)
[2023-11-10T11:34:59.772-0800][75703404ms] GC(21233) Pause Young (Normal) (G1 Evacuation Pause) 3235M->2818M(3602M) 5.798ms
[2023-11-10T11:34:59.772-0800][75703404ms] GC(21233) User=0.00s Sys=0.00s Real=0.01s
[2023-11-10T11:35:00.181-0800][75703813ms] GC(21234) Pause Young (Normal) (G1 Evacuation Pause)
[2023-11-10T11:35:00.181-0800][75703813ms] GC(21234) Using 10 workers of 10 for evacuation
[2023-11-10T11:35:00.186-0800][75703818ms] GC(21234)   Pre Evacuate Collection Set: 0.0ms
[2023-11-10T11:35:00.186-0800][75703818ms] GC(21234)   Evacuate Collection Set: 1.6ms
[2023-11-10T11:35:00.186-0800][75703818ms] GC(21234)   Post Evacuate Collection Set: 3.1ms
[2023-11-10T11:35:00.186-0800][75703818ms] GC(21234)   Other: 0.3ms
[2023-11-10T11:35:00.186-0800][75703818ms] GC(21234) Eden regions: 208->0(208)
[2023-11-10T11:35:00.186-0800][75703818ms] GC(21234) Survivor regions: 1->1(27)
[2023-11-10T11:35:00.186-0800][75703818ms] GC(21234) Old regions: 1404->1404
[2023-11-10T11:35:00.186-0800][75703818ms] GC(21234) Humongous regions: 5->5
[2023-11-10T11:35:00.186-0800][75703818ms] GC(21234) Metaspace: 304854K->304854K(1347584K)
[2023-11-10T11:35:00.186-0800][75703818ms] GC(21234) Pause Young (Normal) (G1 Evacuation Pause) 3234M->2817M(3602M) 5.110ms
[2023-11-10T11:35:00.186-0800][75703818ms] GC(21234) User=0.00s Sys=0.00s Real=0.01s
[2023-11-10T11:35:00.616-0800][75704248ms] GC(21235) Pause Young (Normal) (G1 Evacuation Pause)
[2023-11-10T11:35:00.616-0800][75704248ms] GC(21235) Using 10 workers of 10 for evacuation
[2023-11-10T11:35:00.623-0800][75704255ms] GC(21235)   Pre Evacuate Collection Set: 0.0ms
[2023-11-10T11:35:00.623-0800][75704255ms] GC(21235)   Evacuate Collection Set: 1.9ms
[2023-11-10T11:35:00.623-0800][75704255ms] GC(21235)   Post Evacuate Collection Set: 3.2ms
[2023-11-10T11:35:00.623-0800][75704255ms] GC(21235)   Other: 0.3ms
[2023-11-10T11:35:00.623-0800][75704255ms] GC(21235) Eden regions: 208->0(208)
[2023-11-10T11:35:00.623-0800][75704255ms] GC(21235) Survivor regions: 1->1(27)
[2023-11-10T11:35:00.623-0800][75704255ms] GC(21235) Old regions: 1404->1404
[2023-11-10T11:35:00.623-0800][75704255ms] GC(21235) Humongous regions: 5->5
[2023-11-10T11:35:00.623-0800][75704255ms] GC(21235) Metaspace: 304854K->304854K(1347584K)
[2023-11-10T11:35:00.623-0800][75704255ms] GC(21235) Pause Young (Normal) (G1 Evacuation Pause) 3233M->2817M(3602M) 5.491ms
[2023-11-10T11:35:00.623-0800][75704255ms] GC(21235) User=0.00s Sys=0.00s Real=0.01s
[2023-11-10T11:35:01.106-0800][75704738ms] GC(21236) Pause Young (Normal) (G1 Evacuation Pause)
[2023-11-10T11:35:01.106-0800][75704738ms] GC(21236) Using 10 workers of 10 for evacuation
[2023-11-10T11:35:01.112-0800][75704744ms] GC(21236)   Pre Evacuate Collection Set: 0.0ms
[2023-11-10T11:35:01.112-0800][75704744ms] GC(21236)   Evacuate Collection Set: 2.0ms
[2023-11-10T11:35:01.112-0800][75704744ms] GC(21236)   Post Evacuate Collection Set: 3.2ms
[2023-11-10T11:35:01.112-0800][75704744ms] GC(21236)   Other: 0.2ms
[2023-11-10T11:35:01.112-0800][75704744ms] GC(21236) Eden regions: 208->0(208)
[2023-11-10T11:35:01.112-0800][75704744ms] GC(21236) Survivor regions: 1->1(27)
[2023-11-10T11:35:01.112-0800][75704744ms] GC(21236) Old regions: 1404->1404
[2023-11-10T11:35:01.112-0800][75704744ms] GC(21236) Humongous regions: 5->5
[2023-11-10T11:35:01.112-0800][75704744ms] GC(21236) Metaspace: 304854K->304854K(1347584K)
[2023-11-10T11:35:01.112-0800][75704744ms] GC(21236) Pause Young (Normal) (G1 Evacuation Pause) 3233M->2817M(3602M) 5.567ms
[2023-11-10T11:35:01.112-0800][75704744ms] GC(21236) User=0.00s Sys=0.00s Real=0.01s
[2023-11-10T11:35:01.648-0800][75705281ms] GC(21237) Pause Young (Normal) (G1 Evacuation Pause)
[2023-11-10T11:35:01.649-0800][75705281ms] GC(21237) Using 10 workers of 10 for evacuation
[2023-11-10T11:35:01.654-0800][75705286ms] GC(21237)   Pre Evacuate Collection Set: 0.1ms
[2023-11-10T11:35:01.654-0800][75705286ms] GC(21237)   Evacuate Collection Set: 1.8ms
[2023-11-10T11:35:01.654-0800][75705286ms] GC(21237)   Post Evacuate Collection Set: 3.6ms
[2023-11-10T11:35:01.654-0800][75705286ms] GC(21237)   Other: 0.4ms
[2023-11-10T11:35:01.654-0800][75705286ms] GC(21237) Eden regions: 208->0(208)
[2023-11-10T11:35:01.654-0800][75705286ms] GC(21237) Survivor regions: 1->1(27)
[2023-11-10T11:35:01.654-0800][75705286ms] GC(21237) Old regions: 1404->1404
[2023-11-10T11:35:01.654-0800][75705286ms] GC(21237) Humongous regions: 5->5
[2023-11-10T11:35:01.654-0800][75705286ms] GC(21237) Metaspace: 304854K->304854K(1347584K)
[2023-11-10T11:35:01.654-0800][75705286ms] GC(21237) Pause Young (Normal) (G1 Evacuation Pause) 3233M->2817M(3602M) 5.877ms
[2023-11-10T11:35:01.654-0800][75705286ms] GC(21237) User=0.00s Sys=0.00s Real=0.01s
[2023-11-10T11:35:02.155-0800][75705787ms] GC(21238) Pause Young (Normal) (G1 Evacuation Pause)
[2023-11-10T11:35:02.155-0800][75705787ms] GC(21238) Using 10 workers of 10 for evacuation
[2023-11-10T11:35:02.163-0800][75705795ms] GC(21238)   Pre Evacuate Collection Set: 0.1ms
[2023-11-10T11:35:02.163-0800][75705795ms] GC(21238)   Evacuate Collection Set: 2.6ms
[2023-11-10T11:35:02.163-0800][75705795ms] GC(21238)   Post Evacuate Collection Set: 4.6ms
[2023-11-10T11:35:02.163-0800][75705795ms] GC(21238)   Other: 0.3ms
[2023-11-10T11:35:02.163-0800][75705795ms] GC(21238) Eden regions: 208->0(209)
[2023-11-10T11:35:02.163-0800][75705795ms] GC(21238) Survivor regions: 1->1(27)
[2023-11-10T11:35:02.163-0800][75705795ms] GC(21238) Old regions: 1404->1404
[2023-11-10T11:35:02.163-0800][75705795ms] GC(21238) Humongous regions: 5->5
[2023-11-10T11:35:02.163-0800][75705795ms] GC(21238) Metaspace: 304854K->304854K(1347584K)
[2023-11-10T11:35:02.163-0800][75705795ms] GC(21238) Pause Young (Normal) (G1 Evacuation Pause) 3233M->2817M(3602M) 7.754ms
[2023-11-10T11:35:02.163-0800][75705795ms] GC(21238) User=0.00s Sys=0.00s Real=0.01s
[2023-11-10T11:35:02.631-0800][75706263ms] GC(21239) Pause Young (Normal) (G1 Evacuation Pause)
[2023-11-10T11:35:02.631-0800][75706263ms] GC(21239) Using 10 workers of 10 for evacuation
[2023-11-10T11:35:02.638-0800][75706270ms] GC(21239)   Pre Evacuate Collection Set: 0.0ms
[2023-11-10T11:35:02.638-0800][75706270ms] GC(21239)   Evacuate Collection Set: 1.8ms
[2023-11-10T11:35:02.638-0800][75706270ms] GC(21239)   Post Evacuate Collection Set: 3.8ms
[2023-11-10T11:35:02.638-0800][75706270ms] GC(21239)   Other: 0.3ms
[2023-11-10T11:35:02.638-0800][75706270ms] GC(21239) Eden regions: 209->0(209)
[2023-11-10T11:35:02.638-0800][75706270ms] GC(21239) Survivor regions: 1->1(27)
[2023-11-10T11:35:02.638-0800][75706270ms] GC(21239) Old regions: 1404->1404
[2023-11-10T11:35:02.638-0800][75706270ms] GC(21239) Humongous regions: 5->5
[2023-11-10T11:35:02.638-0800][75706270ms] GC(21239) Metaspace: 304854K->304854K(1347584K)
[2023-11-10T11:35:02.638-0800][75706270ms] GC(21239) Pause Young (Normal) (G1 Evacuation Pause) 3235M->2817M(3602M) 6.069ms
[2023-11-10T11:35:02.638-0800][75706270ms] GC(21239) User=0.05s Sys=0.00s Real=0.01s
[2023-11-10T11:35:03.188-0800][75706820ms] GC(21240) Pause Young (Normal) (G1 Evacuation Pause)
[2023-11-10T11:35:03.188-0800][75706820ms] GC(21240) Using 10 workers of 10 for evacuation
[2023-11-10T11:35:03.194-0800][75706826ms] GC(21240)   Pre Evacuate Collection Set: 0.0ms
[2023-11-10T11:35:03.194-0800][75706826ms] GC(21240)   Evacuate Collection Set: 1.6ms
[2023-11-10T11:35:03.194-0800][75706826ms] GC(21240)   Post Evacuate Collection Set: 3.4ms
[2023-11-10T11:35:03.194-0800][75706826ms] GC(21240)   Other: 0.3ms
[2023-11-10T11:35:03.194-0800][75706826ms] GC(21240) Eden regions: 209->0(209)
[2023-11-10T11:35:03.194-0800][75706826ms] GC(21240) Survivor regions: 1->1(27)
[2023-11-10T11:35:03.194-0800][75706826ms] GC(21240) Old regions: 1404->1404
[2023-11-10T11:35:03.194-0800][75706826ms] GC(21240) Humongous regions: 5->5
[2023-11-10T11:35:03.194-0800][75706826ms] GC(21240) Metaspace: 304854K->304854K(1347584K)
[2023-11-10T11:35:03.194-0800][75706826ms] GC(21240) Pause Young (Normal) (G1 Evacuation Pause) 3235M->2817M(3602M) 5.498ms
[2023-11-10T11:35:03.194-0800][75706826ms] GC(21240) User=0.00s Sys=0.00s Real=0.01s
[2023-11-10T11:35:03.674-0800][75707306ms] GC(21241) Pause Young (Normal) (G1 Evacuation Pause)
[2023-11-10T11:35:03.674-0800][75707306ms] GC(21241) Using 10 workers of 10 for evacuation
[2023-11-10T11:35:03.681-0800][75707313ms] GC(21241)   Pre Evacuate Collection Set: 0.1ms
[2023-11-10T11:35:03.681-0800][75707313ms] GC(21241)   Evacuate Collection Set: 2.1ms
[2023-11-10T11:35:03.681-0800][75707313ms] GC(21241)   Post Evacuate Collection Set: 4.0ms
[2023-11-10T11:35:03.681-0800][75707313ms] GC(21241)   Other: 0.3ms
[2023-11-10T11:35:03.681-0800][75707313ms] GC(21241) Eden regions: 209->0(209)
[2023-11-10T11:35:03.681-0800][75707313ms] GC(21241) Survivor regions: 1->1(27)
[2023-11-10T11:35:03.681-0800][75707313ms] GC(21241) Old regions: 1404->1404
[2023-11-10T11:35:03.681-0800][75707313ms] GC(21241) Humongous regions: 5->5
[2023-11-10T11:35:03.681-0800][75707313ms] GC(21241) Metaspace: 304854K->304854K(1347584K)
[2023-11-10T11:35:03.681-0800][75707313ms] GC(21241) Pause Young (Normal) (G1 Evacuation Pause) 3235M->2817M(3602M) 6.626ms
[2023-11-10T11:35:03.681-0800][75707313ms] GC(21241) User=0.02s Sys=0.00s Real=0.01s
[2023-11-10T11:35:04.234-0800][75707866ms] GC(21242) Pause Young (Normal) (G1 Evacuation Pause)
[2023-11-10T11:35:04.234-0800][75707866ms] GC(21242) Using 10 workers of 10 for evacuation
[2023-11-10T11:35:04.240-0800][75707872ms] GC(21242)   Pre Evacuate Collection Set: 0.1ms
[2023-11-10T11:35:04.240-0800][75707872ms] GC(21242)   Evacuate Collection Set: 2.1ms
[2023-11-10T11:35:04.240-0800][75707872ms] GC(21242)   Post Evacuate Collection Set: 3.2ms
[2023-11-10T11:35:04.240-0800][75707872ms] GC(21242)   Other: 0.6ms
[2023-11-10T11:35:04.240-0800][75707872ms] GC(21242) Eden regions: 209->0(209)
[2023-11-10T11:35:04.240-0800][75707872ms] GC(21242) Survivor regions: 1->1(27)
[2023-11-10T11:35:04.240-0800][75707872ms] GC(21242) Old regions: 1404->1404
[2023-11-10T11:35:04.240-0800][75707872ms] GC(21242) Humongous regions: 5->5
[2023-11-10T11:35:04.240-0800][75707872ms] GC(21242) Metaspace: 304854K->304854K(1347584K)
[2023-11-10T11:35:04.240-0800][75707872ms] GC(21242) Pause Young (Normal) (G1 Evacuation Pause) 3235M->2817M(3602M) 6.083ms
[2023-11-10T11:35:04.241-0800][75707873ms] GC(21242) User=0.00s Sys=0.00s Real=0.01s
[2023-11-10T11:35:04.741-0800][75708373ms] GC(21243) Pause Young (Normal) (G1 Evacuation Pause)
[2023-11-10T11:35:04.741-0800][75708373ms] GC(21243) Using 10 workers of 10 for evacuation
[2023-11-10T11:35:04.748-0800][75708380ms] GC(21243)   Pre Evacuate Collection Set: 0.1ms
[2023-11-10T11:35:04.748-0800][75708380ms] GC(21243)   Evacuate Collection Set: 1.9ms
[2023-11-10T11:35:04.748-0800][75708380ms] GC(21243)   Post Evacuate Collection Set: 4.5ms
[2023-11-10T11:35:04.748-0800][75708380ms] GC(21243)   Other: 0.3ms
[2023-11-10T11:35:04.748-0800][75708380ms] GC(21243) Eden regions: 209->0(209)
[2023-11-10T11:35:04.748-0800][75708380ms] GC(21243) Survivor regions: 1->1(27)
[2023-11-10T11:35:04.748-0800][75708380ms] GC(21243) Old regions: 1404->1404
[2023-11-10T11:35:04.748-0800][75708380ms] GC(21243) Humongous regions: 5->5
[2023-11-10T11:35:04.748-0800][75708380ms] GC(21243) Metaspace: 304854K->304854K(1347584K)
[2023-11-10T11:35:04.748-0800][75708380ms] GC(21243) Pause Young (Normal) (G1 Evacuation Pause) 3235M->2817M(3602M) 6.952ms
[2023-11-10T11:35:04.748-0800][75708380ms] GC(21243) User=0.00s Sys=0.00s Real=0.01s
[2023-11-10T11:35:05.295-0800][75708927ms] GC(21244) Pause Young (Normal) (G1 Evacuation Pause)
[2023-11-10T11:35:05.295-0800][75708927ms] GC(21244) Using 10 workers of 10 for evacuation
[2023-11-10T11:35:05.301-0800][75708933ms] GC(21244)   Pre Evacuate Collection Set: 0.1ms
[2023-11-10T11:35:05.301-0800][75708933ms] GC(21244)   Evacuate Collection Set: 1.7ms
[2023-11-10T11:35:05.301-0800][75708933ms] GC(21244)   Post Evacuate Collection Set: 3.4ms
[2023-11-10T11:35:05.301-0800][75708933ms] GC(21244)   Other: 0.3ms
[2023-11-10T11:35:05.301-0800][75708933ms] GC(21244) Eden regions: 209->0(209)
[2023-11-10T11:35:05.301-0800][75708933ms] GC(21244) Survivor regions: 1->1(27)
[2023-11-10T11:35:05.301-0800][75708933ms] GC(21244) Old regions: 1404->1404
[2023-11-10T11:35:05.301-0800][75708933ms] GC(21244) Humongous regions: 5->5
[2023-11-10T11:35:05.301-0800][75708933ms] GC(21244) Metaspace: 304854K->304854K(1347584K)
[2023-11-10T11:35:05.301-0800][75708933ms] GC(21244) Pause Young (Normal) (G1 Evacuation Pause) 3235M->2817M(3602M) 5.506ms
[2023-11-10T11:35:05.301-0800][75708933ms] GC(21244) User=0.00s Sys=0.00s Real=0.01s
[2023-11-10T11:35:05.824-0800][75709456ms] GC(21245) Pause Young (Normal) (G1 Evacuation Pause)
[2023-11-10T11:35:05.824-0800][75709456ms] GC(21245) Using 10 workers of 10 for evacuation
[2023-11-10T11:35:05.831-0800][75709463ms] GC(21245)   Pre Evacuate Collection Set: 0.1ms
[2023-11-10T11:35:05.831-0800][75709463ms] GC(21245)   Evacuate Collection Set: 2.8ms
[2023-11-10T11:35:05.831-0800][75709463ms] GC(21245)   Post Evacuate Collection Set: 3.7ms
[2023-11-10T11:35:05.831-0800][75709463ms] GC(21245)   Other: 0.4ms
[2023-11-10T11:35:05.831-0800][75709463ms] GC(21245) Eden regions: 209->0(209)
[2023-11-10T11:35:05.831-0800][75709463ms] GC(21245) Survivor regions: 1->1(27)
[2023-11-10T11:35:05.831-0800][75709463ms] GC(21245) Old regions: 1404->1404
[2023-11-10T11:35:05.831-0800][75709463ms] GC(21245) Humongous regions: 5->5
[2023-11-10T11:35:05.831-0800][75709463ms] GC(21245) Metaspace: 304854K->304854K(1347584K)
[2023-11-10T11:35:05.831-0800][75709463ms] GC(21245) Pause Young (Normal) (G1 Evacuation Pause) 3235M->2817M(3602M) 7.046ms
[2023-11-10T11:35:05.831-0800][75709463ms] GC(21245) User=0.00s Sys=0.00s Real=0.01s
[2023-11-10T11:35:06.355-0800][75709987ms] GC(21246) Pause Young (Normal) (G1 Evacuation Pause)
[2023-11-10T11:35:06.355-0800][75709987ms] GC(21246) Using 10 workers of 10 for evacuation
[2023-11-10T11:35:06.359-0800][75709991ms] GC(21246)   Pre Evacuate Collection Set: 0.0ms
[2023-11-10T11:35:06.359-0800][75709991ms] GC(21246)   Evacuate Collection Set: 1.6ms
[2023-11-10T11:35:06.359-0800][75709991ms] GC(21246)   Post Evacuate Collection Set: 3.3ms
[2023-11-10T11:35:06.359-0800][75709991ms] GC(21246)   Other: 0.2ms
[2023-11-10T11:35:06.359-0800][75709991ms] GC(21246) Eden regions: 209->0(209)
[2023-11-10T11:35:06.359-0800][75709991ms] GC(21246) Survivor regions: 1->1(27)
[2023-11-10T11:35:06.359-0800][75709991ms] GC(21246) Old regions: 1404->1404
[2023-11-10T11:35:06.359-0800][75709991ms] GC(21246) Humongous regions: 5->5
[2023-11-10T11:35:06.359-0800][75709991ms] GC(21246) Metaspace: 304854K->304854K(1347584K)
[2023-11-10T11:35:06.359-0800][75709991ms] GC(21246) Pause Young (Normal) (G1 Evacuation Pause) 3235M->2817M(3602M) 5.297ms
[2023-11-10T11:35:06.360-0800][75709992ms] GC(21246) User=0.00s Sys=0.00s Real=0.00s
[2023-11-10T11:35:06.885-0800][75710517ms] GC(21247) Pause Young (Normal) (G1 Evacuation Pause)
[2023-11-10T11:35:06.905-0800][75710537ms] GC(21247) Using 10 workers of 10 for evacuation
[2023-11-10T11:35:06.911-0800][75710543ms] GC(21247)   Pre Evacuate Collection Set: 0.1ms
[2023-11-10T11:35:06.911-0800][75710543ms] GC(21247)   Evacuate Collection Set: 2.0ms
[2023-11-10T11:35:06.911-0800][75710543ms] GC(21247)   Post Evacuate Collection Set: 3.4ms
[2023-11-10T11:35:06.911-0800][75710543ms] GC(21247)   Other: 20.3ms
[2023-11-10T11:35:06.911-0800][75710543ms] GC(21247) Eden regions: 209->0(209)
[2023-11-10T11:35:06.911-0800][75710543ms] GC(21247) Survivor regions: 1->1(27)
[2023-11-10T11:35:06.911-0800][75710543ms] GC(21247) Old regions: 1404->1404
[2023-11-10T11:35:06.911-0800][75710543ms] GC(21247) Humongous regions: 5->5
[2023-11-10T11:35:06.911-0800][75710543ms] GC(21247) Metaspace: 304854K->304854K(1347584K)
[2023-11-10T11:35:06.911-0800][75710543ms] GC(21247) Pause Young (Normal) (G1 Evacuation Pause) 3235M->2817M(3602M) 25.814ms
[2023-11-10T11:35:06.911-0800][75710543ms] GC(21247) User=0.00s Sys=0.00s Real=0.03s
[2023-11-10T11:35:07.431-0800][75711063ms] GC(21248) Pause Young (Normal) (G1 Evacuation Pause)
[2023-11-10T11:35:07.431-0800][75711063ms] GC(21248) Using 10 workers of 10 for evacuation
[2023-11-10T11:35:07.436-0800][75711068ms] GC(21248)   Pre Evacuate Collection Set: 0.0ms
[2023-11-10T11:35:07.436-0800][75711068ms] GC(21248)   Evacuate Collection Set: 1.8ms
[2023-11-10T11:35:07.436-0800][75711068ms] GC(21248)   Post Evacuate Collection Set: 3.8ms
[2023-11-10T11:35:07.436-0800][75711068ms] GC(21248)   Other: 0.3ms
[2023-11-10T11:35:07.436-0800][75711068ms] GC(21248) Eden regions: 209->0(209)
[2023-11-10T11:35:07.436-0800][75711068ms] GC(21248) Survivor regions: 1->1(27)
[2023-11-10T11:35:07.436-0800][75711068ms] GC(21248) Old regions: 1404->1404
[2023-11-10T11:35:07.436-0800][75711068ms] GC(21248) Humongous regions: 5->5
[2023-11-10T11:35:07.436-0800][75711068ms] GC(21248) Metaspace: 304854K->304854K(1347584K)
[2023-11-10T11:35:07.436-0800][75711068ms] GC(21248) Pause Young (Normal) (G1 Evacuation Pause) 3235M->2818M(3602M) 6.036ms
[2023-11-10T11:35:07.436-0800][75711068ms] GC(21248) User=0.00s Sys=0.00s Real=0.01s
[2023-11-10T11:35:07.918-0800][75711550ms] GC(21249) Pause Young (Normal) (G1 Evacuation Pause)
[2023-11-10T11:35:07.918-0800][75711550ms] GC(21249) Using 10 workers of 10 for evacuation
[2023-11-10T11:35:07.923-0800][75711555ms] GC(21249)   Pre Evacuate Collection Set: 0.0ms
[2023-11-10T11:35:07.923-0800][75711555ms] GC(21249)   Evacuate Collection Set: 1.8ms
[2023-11-10T11:35:07.923-0800][75711555ms] GC(21249)   Post Evacuate Collection Set: 3.1ms
[2023-11-10T11:35:07.923-0800][75711555ms] GC(21249)   Other: 0.3ms
[2023-11-10T11:35:07.923-0800][75711555ms] GC(21249) Eden regions: 209->0(209)
[2023-11-10T11:35:07.923-0800][75711555ms] GC(21249) Survivor regions: 1->1(27)
[2023-11-10T11:35:07.923-0800][75711555ms] GC(21249) Old regions: 1404->1404
[2023-11-10T11:35:07.923-0800][75711555ms] GC(21249) Humongous regions: 5->5
[2023-11-10T11:35:07.923-0800][75711555ms] GC(21249) Metaspace: 304854K->304854K(1347584K)
[2023-11-10T11:35:07.923-0800][75711555ms] GC(21249) Pause Young (Normal) (G1 Evacuation Pause) 3236M->2818M(3602M) 5.249ms
[2023-11-10T11:35:07.923-0800][75711555ms] GC(21249) User=0.00s Sys=0.00s Real=0.01s
[2023-11-10T11:35:08.457-0800][75712089ms] GC(21250) Pause Young (Normal) (G1 Evacuation Pause)
[2023-11-10T11:35:08.457-0800][75712089ms] GC(21250) Using 10 workers of 10 for evacuation
[2023-11-10T11:35:08.463-0800][75712095ms] GC(21250)   Pre Evacuate Collection Set: 0.0ms
[2023-11-10T11:35:08.463-0800][75712095ms] GC(21250)   Evacuate Collection Set: 1.8ms
[2023-11-10T11:35:08.463-0800][75712095ms] GC(21250)   Post Evacuate Collection Set: 4.1ms
[2023-11-10T11:35:08.463-0800][75712095ms] GC(21250)   Other: 0.3ms
[2023-11-10T11:35:08.463-0800][75712095ms] GC(21250) Eden regions: 209->0(209)
[2023-11-10T11:35:08.463-0800][75712095ms] GC(21250) Survivor regions: 1->1(27)
[2023-11-10T11:35:08.463-0800][75712095ms] GC(21250) Old regions: 1404->1404
[2023-11-10T11:35:08.463-0800][75712095ms] GC(21250) Humongous regions: 5->5
[2023-11-10T11:35:08.463-0800][75712095ms] GC(21250) Metaspace: 304854K->304854K(1347584K)
[2023-11-10T11:35:08.463-0800][75712095ms] GC(21250) Pause Young (Normal) (G1 Evacuation Pause) 3236M->2818M(3602M) 6.394ms
[2023-11-10T11:35:08.463-0800][75712095ms] GC(21250) User=0.02s Sys=0.00s Real=0.01s
[2023-11-10T11:35:08.972-0800][75712604ms] GC(21251) Pause Young (Normal) (G1 Evacuation Pause)
[2023-11-10T11:35:08.972-0800][75712604ms] GC(21251) Using 10 workers of 10 for evacuation
[2023-11-10T11:35:08.978-0800][75712610ms] GC(21251)   Pre Evacuate Collection Set: 0.0ms
[2023-11-10T11:35:08.978-0800][75712610ms] GC(21251)   Evacuate Collection Set: 1.7ms
[2023-11-10T11:35:08.978-0800][75712610ms] GC(21251)   Post Evacuate Collection Set: 3.2ms
[2023-11-10T11:35:08.978-0800][75712610ms] GC(21251)   Other: 0.3ms
[2023-11-10T11:35:08.978-0800][75712610ms] GC(21251) Eden regions: 209->0(209)
[2023-11-10T11:35:08.978-0800][75712610ms] GC(21251) Survivor regions: 1->1(27)
[2023-11-10T11:35:08.978-0800][75712610ms] GC(21251) Old regions: 1404->1404
[2023-11-10T11:35:08.978-0800][75712610ms] GC(21251) Humongous regions: 5->5
[2023-11-10T11:35:08.978-0800][75712610ms] GC(21251) Metaspace: 304854K->304854K(1347584K)
[2023-11-10T11:35:08.978-0800][75712610ms] GC(21251) Pause Young (Normal) (G1 Evacuation Pause) 3236M->2818M(3602M) 5.289ms
[2023-11-10T11:35:08.978-0800][75712610ms] GC(21251) User=0.00s Sys=0.00s Real=0.01s
[2023-11-10T11:35:09.523-0800][75713155ms] GC(21252) Pause Young (Normal) (G1 Evacuation Pause)
[2023-11-10T11:35:09.523-0800][75713155ms] GC(21252) Using 10 workers of 10 for evacuation
[2023-11-10T11:35:09.528-0800][75713160ms] GC(21252)   Pre Evacuate Collection Set: 0.0ms
[2023-11-10T11:35:09.528-0800][75713160ms] GC(21252)   Evacuate Collection Set: 1.7ms
[2023-11-10T11:35:09.528-0800][75713160ms] GC(21252)   Post Evacuate Collection Set: 3.2ms
[2023-11-10T11:35:09.528-0800][75713160ms] GC(21252)   Other: 0.3ms
[2023-11-10T11:35:09.528-0800][75713160ms] GC(21252) Eden regions: 209->0(209)
[2023-11-10T11:35:09.528-0800][75713160ms] GC(21252) Survivor regions: 1->1(27)
[2023-11-10T11:35:09.528-0800][75713160ms] GC(21252) Old regions: 1404->1404
[2023-11-10T11:35:09.528-0800][75713160ms] GC(21252) Humongous regions: 5->5
[2023-11-10T11:35:09.528-0800][75713160ms] GC(21252) Metaspace: 304854K->304854K(1347584K)
[2023-11-10T11:35:09.528-0800][75713160ms] GC(21252) Pause Young (Normal) (G1 Evacuation Pause) 3236M->2818M(3602M) 5.279ms
[2023-11-10T11:35:09.528-0800][75713160ms] GC(21252) User=0.00s Sys=0.00s Real=0.01s
[2023-11-10T11:35:10.069-0800][75713701ms] GC(21253) Pause Young (Normal) (G1 Evacuation Pause)
[2023-11-10T11:35:10.069-0800][75713701ms] GC(21253) Using 10 workers of 10 for evacuation
[2023-11-10T11:35:10.076-0800][75713708ms] GC(21253)   Pre Evacuate Collection Set: 0.1ms
[2023-11-10T11:35:10.076-0800][75713708ms] GC(21253)   Evacuate Collection Set: 2.5ms
[2023-11-10T11:35:10.076-0800][75713708ms] GC(21253)   Post Evacuate Collection Set: 3.9ms
[2023-11-10T11:35:10.076-0800][75713708ms] GC(21253)   Other: 0.3ms
[2023-11-10T11:35:10.076-0800][75713708ms] GC(21253) Eden regions: 209->0(209)
[2023-11-10T11:35:10.076-0800][75713708ms] GC(21253) Survivor regions: 1->1(27)
[2023-11-10T11:35:10.076-0800][75713708ms] GC(21253) Old regions: 1404->1404
[2023-11-10T11:35:10.076-0800][75713708ms] GC(21253) Humongous regions: 5->5
[2023-11-10T11:35:10.076-0800][75713708ms] GC(21253) Metaspace: 304854K->304854K(1347584K)
[2023-11-10T11:35:10.076-0800][75713708ms] GC(21253) Pause Young (Normal) (G1 Evacuation Pause) 3236M->2818M(3602M) 6.894ms
[2023-11-10T11:35:10.076-0800][75713708ms] GC(21253) User=0.00s Sys=0.00s Real=0.01s
[2023-11-10T11:35:10.522-0800][75714154ms] GC(21254) Pause Young (Normal) (G1 Evacuation Pause)
[2023-11-10T11:35:10.522-0800][75714154ms] GC(21254) Using 10 workers of 10 for evacuation
[2023-11-10T11:35:10.528-0800][75714160ms] GC(21254)   Pre Evacuate Collection Set: 0.0ms
[2023-11-10T11:35:10.528-0800][75714160ms] GC(21254)   Evacuate Collection Set: 1.7ms
[2023-11-10T11:35:10.528-0800][75714160ms] GC(21254)   Post Evacuate Collection Set: 3.3ms
[2023-11-10T11:35:10.528-0800][75714160ms] GC(21254)   Other: 0.2ms
[2023-11-10T11:35:10.528-0800][75714160ms] GC(21254) Eden regions: 209->0(208)
[2023-11-10T11:35:10.528-0800][75714160ms] GC(21254) Survivor regions: 1->1(27)
[2023-11-10T11:35:10.528-0800][75714160ms] GC(21254) Old regions: 1404->1404
[2023-11-10T11:35:10.528-0800][75714160ms] GC(21254) Humongous regions: 5->5
[2023-11-10T11:35:10.528-0800][75714160ms] GC(21254) Metaspace: 304854K->304854K(1347584K)
[2023-11-10T11:35:10.528-0800][75714160ms] GC(21254) Pause Young (Normal) (G1 Evacuation Pause) 3236M->2818M(3602M) 5.388ms
[2023-11-10T11:35:10.528-0800][75714160ms] GC(21254) User=0.05s Sys=0.00s Real=0.01s
[2023-11-10T11:35:10.994-0800][75714626ms] GC(21255) Pause Young (Normal) (G1 Evacuation Pause)
[2023-11-10T11:35:10.994-0800][75714626ms] GC(21255) Using 10 workers of 10 for evacuation
[2023-11-10T11:35:10.999-0800][75714631ms] GC(21255)   Pre Evacuate Collection Set: 0.0ms
[2023-11-10T11:35:10.999-0800][75714631ms] GC(21255)   Evacuate Collection Set: 1.7ms
[2023-11-10T11:35:10.999-0800][75714631ms] GC(21255)   Post Evacuate Collection Set: 3.2ms
[2023-11-10T11:35:10.999-0800][75714631ms] GC(21255)   Other: 0.4ms
[2023-11-10T11:35:10.999-0800][75714631ms] GC(21255) Eden regions: 208->0(208)
[2023-11-10T11:35:10.999-0800][75714631ms] GC(21255) Survivor regions: 1->1(27)
[2023-11-10T11:35:10.999-0800][75714631ms] GC(21255) Old regions: 1404->1404
[2023-11-10T11:35:10.999-0800][75714631ms] GC(21255) Humongous regions: 5->5
[2023-11-10T11:35:10.999-0800][75714631ms] GC(21255) Metaspace: 304854K->304854K(1347584K)
[2023-11-10T11:35:10.999-0800][75714631ms] GC(21255) Pause Young (Normal) (G1 Evacuation Pause) 3234M->2818M(3602M) 5.380ms
[2023-11-10T11:35:10.999-0800][75714631ms] GC(21255) User=0.00s Sys=0.00s Real=0.01s
[2023-11-10T11:35:11.485-0800][75715117ms] GC(21256) Pause Young (Normal) (G1 Evacuation Pause)
[2023-11-10T11:35:11.485-0800][75715117ms] GC(21256) Using 10 workers of 10 for evacuation
[2023-11-10T11:35:11.491-0800][75715123ms] GC(21256)   Pre Evacuate Collection Set: 0.1ms
[2023-11-10T11:35:11.491-0800][75715123ms] GC(21256)   Evacuate Collection Set: 1.7ms
[2023-11-10T11:35:11.491-0800][75715123ms] GC(21256)   Post Evacuate Collection Set: 4.0ms
[2023-11-10T11:35:11.491-0800][75715123ms] GC(21256)   Other: 0.3ms
[2023-11-10T11:35:11.491-0800][75715123ms] GC(21256) Eden regions: 208->0(208)
[2023-11-10T11:35:11.491-0800][75715123ms] GC(21256) Survivor regions: 1->1(27)
[2023-11-10T11:35:11.491-0800][75715123ms] GC(21256) Old regions: 1404->1404
[2023-11-10T11:35:11.491-0800][75715123ms] GC(21256) Humongous regions: 5->5
[2023-11-10T11:35:11.491-0800][75715123ms] GC(21256) Metaspace: 304854K->304854K(1347584K)
[2023-11-10T11:35:11.491-0800][75715123ms] GC(21256) Pause Young (Normal) (G1 Evacuation Pause) 3234M->2818M(3602M) 6.124ms
[2023-11-10T11:35:11.491-0800][75715123ms] GC(21256) User=0.00s Sys=0.00s Real=0.01s
[2023-11-10T11:35:11.979-0800][75715611ms] GC(21257) Pause Young (Normal) (G1 Evacuation Pause)
[2023-11-10T11:35:11.979-0800][75715611ms] GC(21257) Using 10 workers of 10 for evacuation
[2023-11-10T11:35:11.983-0800][75715615ms] GC(21257)   Pre Evacuate Collection Set: 0.0ms
[2023-11-10T11:35:11.983-0800][75715615ms] GC(21257)   Evacuate Collection Set: 1.7ms
[2023-11-10T11:35:11.983-0800][75715615ms] GC(21257)   Post Evacuate Collection Set: 3.2ms
[2023-11-10T11:35:11.983-0800][75715615ms] GC(21257)   Other: 0.2ms
[2023-11-10T11:35:11.983-0800][75715615ms] GC(21257) Eden regions: 208->0(208)
[2023-11-10T11:35:11.983-0800][75715615ms] GC(21257) Survivor regions: 1->1(27)
[2023-11-10T11:35:11.983-0800][75715615ms] GC(21257) Old regions: 1404->1404
[2023-11-10T11:35:11.983-0800][75715615ms] GC(21257) Humongous regions: 5->5
[2023-11-10T11:35:11.983-0800][75715615ms] GC(21257) Metaspace: 304854K->304854K(1347584K)
[2023-11-10T11:35:11.985-0800][75715617ms] GC(21257) Pause Young (Normal) (G1 Evacuation Pause) 3234M->2818M(3602M) 5.206ms
[2023-11-10T11:35:11.985-0800][75715617ms] GC(21257) User=0.00s Sys=0.00s Real=0.01s
[2023-11-10T11:35:12.517-0800][75716149ms] GC(21258) Pause Young (Normal) (G1 Evacuation Pause)
[2023-11-10T11:35:12.518-0800][75716150ms] GC(21258) Using 10 workers of 10 for evacuation
[2023-11-10T11:35:12.522-0800][75716154ms] GC(21258)   Pre Evacuate Collection Set: 0.0ms
[2023-11-10T11:35:12.522-0800][75716154ms] GC(21258)   Evacuate Collection Set: 1.7ms
[2023-11-10T11:35:12.522-0800][75716154ms] GC(21258)   Post Evacuate Collection Set: 3.2ms
[2023-11-10T11:35:12.522-0800][75716154ms] GC(21258)   Other: 0.3ms
[2023-11-10T11:35:12.522-0800][75716154ms] GC(21258) Eden regions: 208->0(208)
[2023-11-10T11:35:12.522-0800][75716154ms] GC(21258) Survivor regions: 1->1(27)
[2023-11-10T11:35:12.522-0800][75716154ms] GC(21258) Old regions: 1404->1404
[2023-11-10T11:35:12.522-0800][75716154ms] GC(21258) Humongous regions: 5->5
[2023-11-10T11:35:12.522-0800][75716154ms] GC(21258) Metaspace: 304854K->304854K(1347584K)
[2023-11-10T11:35:12.523-0800][75716155ms] GC(21258) Pause Young (Normal) (G1 Evacuation Pause) 3234M->2818M(3602M) 5.386ms
[2023-11-10T11:35:12.523-0800][75716155ms] GC(21258) User=0.00s Sys=0.00s Real=0.01s
[2023-11-10T11:35:13.044-0800][75716676ms] GC(21259) Pause Young (Normal) (G1 Evacuation Pause)
[2023-11-10T11:35:13.044-0800][75716676ms] GC(21259) Using 10 workers of 10 for evacuation
[2023-11-10T11:35:13.050-0800][75716682ms] GC(21259)   Pre Evacuate Collection Set: 0.1ms
[2023-11-10T11:35:13.050-0800][75716682ms] GC(21259)   Evacuate Collection Set: 2.2ms
[2023-11-10T11:35:13.050-0800][75716682ms] GC(21259)   Post Evacuate Collection Set: 3.4ms
[2023-11-10T11:35:13.050-0800][75716682ms] GC(21259)   Other: 0.4ms
[2023-11-10T11:35:13.050-0800][75716682ms] GC(21259) Eden regions: 208->0(208)
[2023-11-10T11:35:13.050-0800][75716682ms] GC(21259) Survivor regions: 1->1(27)
[2023-11-10T11:35:13.050-0800][75716682ms] GC(21259) Old regions: 1404->1404
[2023-11-10T11:35:13.050-0800][75716682ms] GC(21259) Humongous regions: 5->5
[2023-11-10T11:35:13.050-0800][75716682ms] GC(21259) Metaspace: 304854K->304854K(1347584K)
[2023-11-10T11:35:13.050-0800][75716682ms] GC(21259) Pause Young (Normal) (G1 Evacuation Pause) 3234M->2818M(3602M) 6.123ms
[2023-11-10T11:35:13.050-0800][75716682ms] GC(21259) User=0.00s Sys=0.00s Real=0.01s
[2023-11-10T11:35:13.581-0800][75717213ms] GC(21260) Pause Young (Normal) (G1 Evacuation Pause)
[2023-11-10T11:35:13.581-0800][75717213ms] GC(21260) Using 10 workers of 10 for evacuation
[2023-11-10T11:35:13.587-0800][75717219ms] GC(21260)   Pre Evacuate Collection Set: 0.0ms
[2023-11-10T11:35:13.587-0800][75717219ms] GC(21260)   Evacuate Collection Set: 1.8ms
[2023-11-10T11:35:13.587-0800][75717219ms] GC(21260)   Post Evacuate Collection Set: 3.8ms
[2023-11-10T11:35:13.587-0800][75717219ms] GC(21260)   Other: 0.3ms
[2023-11-10T11:35:13.587-0800][75717219ms] GC(21260) Eden regions: 208->0(208)
[2023-11-10T11:35:13.587-0800][75717219ms] GC(21260) Survivor regions: 1->1(27)
[2023-11-10T11:35:13.587-0800][75717219ms] GC(21260) Old regions: 1404->1404
[2023-11-10T11:35:13.587-0800][75717219ms] GC(21260) Humongous regions: 5->5
[2023-11-10T11:35:13.587-0800][75717219ms] GC(21260) Metaspace: 304854K->304854K(1347584K)
[2023-11-10T11:35:13.587-0800][75717219ms] GC(21260) Pause Young (Normal) (G1 Evacuation Pause) 3234M->2818M(3602M) 6.064ms
[2023-11-10T11:35:13.587-0800][75717219ms] GC(21260) User=0.02s Sys=0.00s Real=0.01s
[2023-11-10T11:35:14.111-0800][75717743ms] GC(21261) Pause Young (Normal) (G1 Evacuation Pause)
[2023-11-10T11:35:14.111-0800][75717743ms] GC(21261) Using 10 workers of 10 for evacuation
[2023-11-10T11:35:14.117-0800][75717749ms] GC(21261)   Pre Evacuate Collection Set: 0.1ms
[2023-11-10T11:35:14.117-0800][75717749ms] GC(21261)   Evacuate Collection Set: 2.2ms
[2023-11-10T11:35:14.117-0800][75717749ms] GC(21261)   Post Evacuate Collection Set: 3.4ms
[2023-11-10T11:35:14.117-0800][75717749ms] GC(21261)   Other: 0.3ms
[2023-11-10T11:35:14.117-0800][75717749ms] GC(21261) Eden regions: 208->0(208)
[2023-11-10T11:35:14.117-0800][75717749ms] GC(21261) Survivor regions: 1->1(27)
[2023-11-10T11:35:14.117-0800][75717749ms] GC(21261) Old regions: 1404->1404
[2023-11-10T11:35:14.117-0800][75717749ms] GC(21261) Humongous regions: 5->5
[2023-11-10T11:35:14.117-0800][75717749ms] GC(21261) Metaspace: 304854K->304854K(1347584K)
[2023-11-10T11:35:14.117-0800][75717749ms] GC(21261) Pause Young (Normal) (G1 Evacuation Pause) 3234M->2818M(3602M) 6.089ms
[2023-11-10T11:35:14.117-0800][75717749ms] GC(21261) User=0.00s Sys=0.00s Real=0.01s
[2023-11-10T11:35:14.665-0800][75718297ms] GC(21262) Pause Young (Normal) (G1 Evacuation Pause)
[2023-11-10T11:35:14.665-0800][75718297ms] GC(21262) Using 10 workers of 10 for evacuation
[2023-11-10T11:35:14.673-0800][75718305ms] GC(21262)   Pre Evacuate Collection Set: 0.0ms
[2023-11-10T11:35:14.673-0800][75718305ms] GC(21262)   Evacuate Collection Set: 2.1ms
[2023-11-10T11:35:14.673-0800][75718305ms] GC(21262)   Post Evacuate Collection Set: 5.1ms
[2023-11-10T11:35:14.673-0800][75718305ms] GC(21262)   Other: 0.3ms
[2023-11-10T11:35:14.673-0800][75718305ms] GC(21262) Eden regions: 208->0(208)
[2023-11-10T11:35:14.673-0800][75718305ms] GC(21262) Survivor regions: 1->1(27)
[2023-11-10T11:35:14.673-0800][75718305ms] GC(21262) Old regions: 1404->1404
[2023-11-10T11:35:14.673-0800][75718305ms] GC(21262) Humongous regions: 5->5
[2023-11-10T11:35:14.673-0800][75718305ms] GC(21262) Metaspace: 304854K->304854K(1347584K)
[2023-11-10T11:35:14.673-0800][75718305ms] GC(21262) Pause Young (Normal) (G1 Evacuation Pause) 3234M->2818M(3602M) 7.584ms
[2023-11-10T11:35:14.673-0800][75718305ms] GC(21262) User=0.00s Sys=0.00s Real=0.01s
[2023-11-10T11:35:15.161-0800][75718793ms] GC(21263) Pause Young (Normal) (G1 Evacuation Pause)
[2023-11-10T11:35:15.161-0800][75718793ms] GC(21263) Using 10 workers of 10 for evacuation
[2023-11-10T11:35:15.169-0800][75718801ms] GC(21263)   Pre Evacuate Collection Set: 0.1ms
[2023-11-10T11:35:15.169-0800][75718801ms] GC(21263)   Evacuate Collection Set: 2.9ms
[2023-11-10T11:35:15.169-0800][75718801ms] GC(21263)   Post Evacuate Collection Set: 5.0ms
[2023-11-10T11:35:15.169-0800][75718801ms] GC(21263)   Other: 0.4ms
[2023-11-10T11:35:15.169-0800][75718801ms] GC(21263) Eden regions: 208->0(208)
[2023-11-10T11:35:15.169-0800][75718801ms] GC(21263) Survivor regions: 1->1(27)
[2023-11-10T11:35:15.169-0800][75718801ms] GC(21263) Old regions: 1404->1405
[2023-11-10T11:35:15.169-0800][75718801ms] GC(21263) Humongous regions: 5->5
[2023-11-10T11:35:15.169-0800][75718801ms] GC(21263) Metaspace: 304854K->304854K(1347584K)
[2023-11-10T11:35:15.169-0800][75718801ms] GC(21263) Pause Young (Normal) (G1 Evacuation Pause) 3234M->2818M(3602M) 8.392ms
[2023-11-10T11:35:15.169-0800][75718801ms] GC(21263) User=0.03s Sys=0.00s Real=0.01s
[2023-11-10T11:35:15.682-0800][75719314ms] GC(21264) Pause Young (Normal) (G1 Evacuation Pause)
[2023-11-10T11:35:15.682-0800][75719314ms] GC(21264) Using 10 workers of 10 for evacuation
[2023-11-10T11:35:15.688-0800][75719320ms] GC(21264)   Pre Evacuate Collection Set: 0.0ms
[2023-11-10T11:35:15.688-0800][75719320ms] GC(21264)   Evacuate Collection Set: 1.7ms
[2023-11-10T11:35:15.688-0800][75719320ms] GC(21264)   Post Evacuate Collection Set: 3.8ms
[2023-11-10T11:35:15.688-0800][75719320ms] GC(21264)   Other: 0.3ms
[2023-11-10T11:35:15.688-0800][75719320ms] GC(21264) Eden regions: 208->0(208)
[2023-11-10T11:35:15.688-0800][75719320ms] GC(21264) Survivor regions: 1->1(27)
[2023-11-10T11:35:15.688-0800][75719320ms] GC(21264) Old regions: 1405->1405
[2023-11-10T11:35:15.688-0800][75719320ms] GC(21264) Humongous regions: 5->5
[2023-11-10T11:35:15.688-0800][75719320ms] GC(21264) Metaspace: 304854K->304854K(1347584K)
[2023-11-10T11:35:15.688-0800][75719320ms] GC(21264) Pause Young (Normal) (G1 Evacuation Pause) 3234M->2818M(3602M) 5.940ms
[2023-11-10T11:35:15.688-0800][75719320ms] GC(21264) User=0.00s Sys=0.00s Real=0.01s
[2023-11-10T11:35:16.266-0800][75719898ms] GC(21265) Pause Young (Normal) (G1 Evacuation Pause)
[2023-11-10T11:35:16.266-0800][75719898ms] GC(21265) Using 10 workers of 10 for evacuation
[2023-11-10T11:35:16.273-0800][75719905ms] GC(21265)   Pre Evacuate Collection Set: 0.0ms
[2023-11-10T11:35:16.273-0800][75719905ms] GC(21265)   Evacuate Collection Set: 2.5ms
[2023-11-10T11:35:16.273-0800][75719905ms] GC(21265)   Post Evacuate Collection Set: 4.6ms
[2023-11-10T11:35:16.273-0800][75719905ms] GC(21265)   Other: 0.3ms
[2023-11-10T11:35:16.273-0800][75719905ms] GC(21265) Eden regions: 208->0(208)
[2023-11-10T11:35:16.273-0800][75719905ms] GC(21265) Survivor regions: 1->1(27)
[2023-11-10T11:35:16.273-0800][75719905ms] GC(21265) Old regions: 1405->1405
[2023-11-10T11:35:16.273-0800][75719905ms] GC(21265) Humongous regions: 5->5
[2023-11-10T11:35:16.273-0800][75719905ms] GC(21265) Metaspace: 304854K->304854K(1347584K)
[2023-11-10T11:35:16.273-0800][75719905ms] GC(21265) Pause Young (Normal) (G1 Evacuation Pause) 3234M->2818M(3602M) 7.545ms
[2023-11-10T11:35:16.273-0800][75719905ms] GC(21265) User=0.00s Sys=0.00s Real=0.01s
[2023-11-10T11:35:16.729-0800][75720361ms] GC(21266) Pause Young (Normal) (G1 Evacuation Pause)
[2023-11-10T11:35:16.729-0800][75720361ms] GC(21266) Using 10 workers of 10 for evacuation
[2023-11-10T11:35:16.735-0800][75720367ms] GC(21266)   Pre Evacuate Collection Set: 0.0ms
[2023-11-10T11:35:16.735-0800][75720367ms] GC(21266)   Evacuate Collection Set: 2.0ms
[2023-11-10T11:35:16.735-0800][75720367ms] GC(21266)   Post Evacuate Collection Set: 3.1ms
[2023-11-10T11:35:16.735-0800][75720367ms] GC(21266)   Other: 0.3ms
[2023-11-10T11:35:16.735-0800][75720367ms] GC(21266) Eden regions: 208->0(207)
[2023-11-10T11:35:16.735-0800][75720367ms] GC(21266) Survivor regions: 1->1(27)
[2023-11-10T11:35:16.735-0800][75720367ms] GC(21266) Old regions: 1405->1405
[2023-11-10T11:35:16.735-0800][75720367ms] GC(21266) Humongous regions: 5->5
[2023-11-10T11:35:16.735-0800][75720367ms] GC(21266) Metaspace: 304854K->304854K(1347584K)
[2023-11-10T11:35:16.735-0800][75720367ms] GC(21266) Pause Young (Normal) (G1 Evacuation Pause) 3234M->2819M(3602M) 5.572ms
[2023-11-10T11:35:16.735-0800][75720367ms] GC(21266) User=0.00s Sys=0.00s Real=0.01s
[2023-11-10T11:35:17.184-0800][75720816ms] GC(21267) Pause Young (Normal) (G1 Evacuation Pause)
[2023-11-10T11:35:17.184-0800][75720816ms] GC(21267) Using 10 workers of 10 for evacuation
[2023-11-10T11:35:17.190-0800][75720822ms] GC(21267)   Pre Evacuate Collection Set: 0.0ms
[2023-11-10T11:35:17.190-0800][75720822ms] GC(21267)   Evacuate Collection Set: 1.7ms
[2023-11-10T11:35:17.190-0800][75720822ms] GC(21267)   Post Evacuate Collection Set: 3.4ms
[2023-11-10T11:35:17.190-0800][75720822ms] GC(21267)   Other: 0.3ms
[2023-11-10T11:35:17.190-0800][75720822ms] GC(21267) Eden regions: 207->0(207)
[2023-11-10T11:35:17.190-0800][75720822ms] GC(21267) Survivor regions: 1->1(26)
[2023-11-10T11:35:17.190-0800][75720822ms] GC(21267) Old regions: 1405->1405
[2023-11-10T11:35:17.190-0800][75720822ms] GC(21267) Humongous regions: 5->5
[2023-11-10T11:35:17.190-0800][75720822ms] GC(21267) Metaspace: 304854K->304854K(1347584K)
[2023-11-10T11:35:17.190-0800][75720822ms] GC(21267) Pause Young (Normal) (G1 Evacuation Pause) 3233M->2818M(3602M) 5.478ms
[2023-11-10T11:35:17.190-0800][75720822ms] GC(21267) User=0.00s Sys=0.00s Real=0.01s
[2023-11-10T11:35:17.644-0800][75721276ms] GC(21268) Pause Young (Normal) (G1 Evacuation Pause)
[2023-11-10T11:35:17.644-0800][75721276ms] GC(21268) Using 10 workers of 10 for evacuation
[2023-11-10T11:35:17.649-0800][75721281ms] GC(21268)   Pre Evacuate Collection Set: 0.0ms
[2023-11-10T11:35:17.649-0800][75721281ms] GC(21268)   Evacuate Collection Set: 1.6ms
[2023-11-10T11:35:17.649-0800][75721281ms] GC(21268)   Post Evacuate Collection Set: 2.9ms
[2023-11-10T11:35:17.649-0800][75721281ms] GC(21268)   Other: 0.3ms
[2023-11-10T11:35:17.649-0800][75721281ms] GC(21268) Eden regions: 207->0(207)
[2023-11-10T11:35:17.649-0800][75721281ms] GC(21268) Survivor regions: 1->1(26)
[2023-11-10T11:35:17.649-0800][75721281ms] GC(21268) Old regions: 1405->1405
[2023-11-10T11:35:17.649-0800][75721281ms] GC(21268) Humongous regions: 5->5
[2023-11-10T11:35:17.649-0800][75721281ms] GC(21268) Metaspace: 304854K->304854K(1347584K)
[2023-11-10T11:35:17.649-0800][75721281ms] GC(21268) Pause Young (Normal) (G1 Evacuation Pause) 3232M->2818M(3602M) 5.068ms
[2023-11-10T11:35:17.649-0800][75721281ms] GC(21268) User=0.00s Sys=0.00s Real=0.00s
[2023-11-10T11:35:18.167-0800][75721799ms] GC(21269) Pause Young (Normal) (G1 Evacuation Pause)
[2023-11-10T11:35:18.167-0800][75721799ms] GC(21269) Using 10 workers of 10 for evacuation
[2023-11-10T11:35:18.172-0800][75721804ms] GC(21269)   Pre Evacuate Collection Set: 0.1ms
[2023-11-10T11:35:18.172-0800][75721804ms] GC(21269)   Evacuate Collection Set: 1.6ms
[2023-11-10T11:35:18.172-0800][75721804ms] GC(21269)   Post Evacuate Collection Set: 3.1ms
[2023-11-10T11:35:18.172-0800][75721804ms] GC(21269)   Other: 0.3ms
[2023-11-10T11:35:18.172-0800][75721804ms] GC(21269) Eden regions: 207->0(207)
[2023-11-10T11:35:18.172-0800][75721804ms] GC(21269) Survivor regions: 1->1(26)
[2023-11-10T11:35:18.172-0800][75721804ms] GC(21269) Old regions: 1405->1405
[2023-11-10T11:35:18.172-0800][75721804ms] GC(21269) Humongous regions: 5->5
[2023-11-10T11:35:18.172-0800][75721804ms] GC(21269) Metaspace: 304854K->304854K(1347584K)
[2023-11-10T11:35:18.172-0800][75721804ms] GC(21269) Pause Young (Normal) (G1 Evacuation Pause) 3232M->2819M(3602M) 5.158ms
[2023-11-10T11:35:18.172-0800][75721804ms] GC(21269) User=0.00s Sys=0.00s Real=0.00s
[2023-11-10T11:35:18.664-0800][75722296ms] GC(21270) Pause Young (Normal) (G1 Evacuation Pause)
[2023-11-10T11:35:18.664-0800][75722296ms] GC(21270) Using 10 workers of 10 for evacuation
[2023-11-10T11:35:18.669-0800][75722301ms] GC(21270)   Pre Evacuate Collection Set: 0.0ms
[2023-11-10T11:35:18.669-0800][75722301ms] GC(21270)   Evacuate Collection Set: 1.9ms
[2023-11-10T11:35:18.669-0800][75722301ms] GC(21270)   Post Evacuate Collection Set: 3.3ms
[2023-11-10T11:35:18.669-0800][75722301ms] GC(21270)   Other: 0.3ms
[2023-11-10T11:35:18.669-0800][75722301ms] GC(21270) Eden regions: 207->0(207)
[2023-11-10T11:35:18.669-0800][75722301ms] GC(21270) Survivor regions: 1->1(26)
[2023-11-10T11:35:18.669-0800][75722301ms] GC(21270) Old regions: 1405->1405
[2023-11-10T11:35:18.669-0800][75722301ms] GC(21270) Humongous regions: 5->5
[2023-11-10T11:35:18.669-0800][75722301ms] GC(21270) Metaspace: 304854K->304854K(1347584K)
[2023-11-10T11:35:18.670-0800][75722302ms] GC(21270) Pause Young (Normal) (G1 Evacuation Pause) 3233M->2818M(3602M) 5.600ms
[2023-11-10T11:35:18.670-0800][75722302ms] GC(21270) User=0.00s Sys=0.00s Real=0.01s
[2023-11-10T11:35:19.170-0800][75722802ms] GC(21271) Pause Young (Normal) (G1 Evacuation Pause)
[2023-11-10T11:35:19.170-0800][75722802ms] GC(21271) Using 10 workers of 10 for evacuation
[2023-11-10T11:35:19.175-0800][75722807ms] GC(21271)   Pre Evacuate Collection Set: 0.1ms
[2023-11-10T11:35:19.176-0800][75722808ms] GC(21271)   Evacuate Collection Set: 2.1ms
[2023-11-10T11:35:19.176-0800][75722808ms] GC(21271)   Post Evacuate Collection Set: 3.3ms
[2023-11-10T11:35:19.176-0800][75722808ms] GC(21271)   Other: 0.3ms
[2023-11-10T11:35:19.176-0800][75722808ms] GC(21271) Eden regions: 207->0(207)
[2023-11-10T11:35:19.176-0800][75722808ms] GC(21271) Survivor regions: 1->1(26)
[2023-11-10T11:35:19.176-0800][75722808ms] GC(21271) Old regions: 1405->1405
[2023-11-10T11:35:19.176-0800][75722808ms] GC(21271) Humongous regions: 5->5
[2023-11-10T11:35:19.176-0800][75722808ms] GC(21271) Metaspace: 304854K->304854K(1347584K)
[2023-11-10T11:35:19.176-0800][75722808ms] GC(21271) Pause Young (Normal) (G1 Evacuation Pause) 3232M->2819M(3602M) 5.886ms
[2023-11-10T11:35:19.176-0800][75722808ms] GC(21271) User=0.00s Sys=0.00s Real=0.01s
[2023-11-10T11:35:19.710-0800][75723342ms] GC(21272) Pause Young (Normal) (G1 Evacuation Pause)
[2023-11-10T11:35:19.710-0800][75723342ms] GC(21272) Using 10 workers of 10 for evacuation
[2023-11-10T11:35:19.717-0800][75723349ms] GC(21272)   Pre Evacuate Collection Set: 0.1ms
[2023-11-10T11:35:19.717-0800][75723349ms] GC(21272)   Evacuate Collection Set: 1.9ms
[2023-11-10T11:35:19.717-0800][75723349ms] GC(21272)   Post Evacuate Collection Set: 4.1ms
[2023-11-10T11:35:19.717-0800][75723349ms] GC(21272)   Other: 0.4ms
[2023-11-10T11:35:19.717-0800][75723349ms] GC(21272) Eden regions: 207->0(207)
[2023-11-10T11:35:19.717-0800][75723349ms] GC(21272) Survivor regions: 1->1(26)
[2023-11-10T11:35:19.717-0800][75723349ms] GC(21272) Old regions: 1405->1405
[2023-11-10T11:35:19.717-0800][75723349ms] GC(21272) Humongous regions: 5->5
[2023-11-10T11:35:19.717-0800][75723349ms] GC(21272) Metaspace: 304854K->304854K(1347584K)
[2023-11-10T11:35:19.717-0800][75723349ms] GC(21272) Pause Young (Normal) (G1 Evacuation Pause) 3233M->2818M(3602M) 6.855ms
[2023-11-10T11:35:19.717-0800][75723349ms] GC(21272) User=0.06s Sys=0.02s Real=0.01s
[2023-11-10T11:35:20.206-0800][75723838ms] GC(21273) Pause Young (Normal) (G1 Evacuation Pause)
[2023-11-10T11:35:20.206-0800][75723838ms] GC(21273) Using 10 workers of 10 for evacuation
[2023-11-10T11:35:20.211-0800][75723843ms] GC(21273)   Pre Evacuate Collection Set: 0.0ms
[2023-11-10T11:35:20.211-0800][75723843ms] GC(21273)   Evacuate Collection Set: 1.7ms
[2023-11-10T11:35:20.211-0800][75723843ms] GC(21273)   Post Evacuate Collection Set: 3.1ms
[2023-11-10T11:35:20.211-0800][75723843ms] GC(21273)   Other: 0.3ms
[2023-11-10T11:35:20.211-0800][75723843ms] GC(21273) Eden regions: 207->0(207)
[2023-11-10T11:35:20.211-0800][75723843ms] GC(21273) Survivor regions: 1->1(26)
[2023-11-10T11:35:20.211-0800][75723843ms] GC(21273) Old regions: 1405->1405
[2023-11-10T11:35:20.211-0800][75723843ms] GC(21273) Humongous regions: 5->5
[2023-11-10T11:35:20.211-0800][75723843ms] GC(21273) Metaspace: 304854K->304854K(1347584K)
[2023-11-10T11:35:20.211-0800][75723843ms] GC(21273) Pause Young (Normal) (G1 Evacuation Pause) 3232M->2818M(3602M) 5.145ms
[2023-11-10T11:35:20.211-0800][75723843ms] GC(21273) User=0.00s Sys=0.00s Real=0.00s
[2023-11-10T11:35:20.720-0800][75724352ms] GC(21274) Pause Young (Normal) (G1 Evacuation Pause)
[2023-11-10T11:35:20.720-0800][75724352ms] GC(21274) Using 10 workers of 10 for evacuation
[2023-11-10T11:35:20.726-0800][75724358ms] GC(21274)   Pre Evacuate Collection Set: 0.0ms
[2023-11-10T11:35:20.726-0800][75724358ms] GC(21274)   Evacuate Collection Set: 1.8ms
[2023-11-10T11:35:20.726-0800][75724358ms] GC(21274)   Post Evacuate Collection Set: 3.9ms
[2023-11-10T11:35:20.726-0800][75724358ms] GC(21274)   Other: 0.3ms
[2023-11-10T11:35:20.726-0800][75724358ms] GC(21274) Eden regions: 207->0(207)
[2023-11-10T11:35:20.726-0800][75724358ms] GC(21274) Survivor regions: 1->1(26)
[2023-11-10T11:35:20.726-0800][75724358ms] GC(21274) Old regions: 1405->1405
[2023-11-10T11:35:20.726-0800][75724358ms] GC(21274) Humongous regions: 5->5
[2023-11-10T11:35:20.726-0800][75724358ms] GC(21274) Metaspace: 304854K->304854K(1347584K)
[2023-11-10T11:35:20.726-0800][75724358ms] GC(21274) Pause Young (Normal) (G1 Evacuation Pause) 3232M->2818M(3602M) 6.229ms
[2023-11-10T11:35:20.727-0800][75724359ms] GC(21274) User=0.02s Sys=0.00s Real=0.01s
[2023-11-10T11:35:21.193-0800][75724825ms] GC(21275) Pause Young (Normal) (G1 Evacuation Pause)
[2023-11-10T11:35:21.193-0800][75724825ms] GC(21275) Using 10 workers of 10 for evacuation
[2023-11-10T11:35:21.198-0800][75724830ms] GC(21275)   Pre Evacuate Collection Set: 0.0ms
[2023-11-10T11:35:21.198-0800][75724830ms] GC(21275)   Evacuate Collection Set: 1.6ms
[2023-11-10T11:35:21.198-0800][75724830ms] GC(21275)   Post Evacuate Collection Set: 3.2ms
[2023-11-10T11:35:21.198-0800][75724830ms] GC(21275)   Other: 0.3ms
[2023-11-10T11:35:21.198-0800][75724830ms] GC(21275) Eden regions: 207->0(208)
[2023-11-10T11:35:21.198-0800][75724830ms] GC(21275) Survivor regions: 1->1(26)
[2023-11-10T11:35:21.198-0800][75724830ms] GC(21275) Old regions: 1405->1405
[2023-11-10T11:35:21.198-0800][75724830ms] GC(21275) Humongous regions: 5->5
[2023-11-10T11:35:21.198-0800][75724830ms] GC(21275) Metaspace: 304854K->304854K(1347584K)
[2023-11-10T11:35:21.198-0800][75724830ms] GC(21275) Pause Young (Normal) (G1 Evacuation Pause) 3232M->2818M(3602M) 5.242ms
[2023-11-10T11:35:21.198-0800][75724830ms] GC(21275) User=0.06s Sys=0.00s Real=0.00s
[2023-11-10T11:35:21.667-0800][75725299ms] GC(21276) Pause Young (Normal) (G1 Evacuation Pause)
[2023-11-10T11:35:21.667-0800][75725299ms] GC(21276) Using 10 workers of 10 for evacuation
[2023-11-10T11:35:21.672-0800][75725304ms] GC(21276)   Pre Evacuate Collection Set: 0.1ms
[2023-11-10T11:35:21.672-0800][75725304ms] GC(21276)   Evacuate Collection Set: 1.9ms
[2023-11-10T11:35:21.672-0800][75725304ms] GC(21276)   Post Evacuate Collection Set: 3.0ms
[2023-11-10T11:35:21.672-0800][75725304ms] GC(21276)   Other: 0.3ms
[2023-11-10T11:35:21.672-0800][75725304ms] GC(21276) Eden regions: 208->0(208)
[2023-11-10T11:35:21.672-0800][75725304ms] GC(21276) Survivor regions: 1->1(27)
[2023-11-10T11:35:21.672-0800][75725304ms] GC(21276) Old regions: 1405->1405
[2023-11-10T11:35:21.672-0800][75725304ms] GC(21276) Humongous regions: 5->5
[2023-11-10T11:35:21.672-0800][75725304ms] GC(21276) Metaspace: 304854K->304854K(1347584K)
[2023-11-10T11:35:21.673-0800][75725305ms] GC(21276) Pause Young (Normal) (G1 Evacuation Pause) 3234M->2818M(3602M) 5.375ms
[2023-11-10T11:35:21.673-0800][75725305ms] GC(21276) User=0.00s Sys=0.00s Real=0.01s
[2023-11-10T11:35:22.145-0800][75725777ms] GC(21277) Pause Young (Normal) (G1 Evacuation Pause)
[2023-11-10T11:35:22.145-0800][75725777ms] GC(21277) Using 10 workers of 10 for evacuation
[2023-11-10T11:35:22.150-0800][75725782ms] GC(21277)   Pre Evacuate Collection Set: 0.0ms
[2023-11-10T11:35:22.150-0800][75725782ms] GC(21277)   Evacuate Collection Set: 2.0ms
[2023-11-10T11:35:22.150-0800][75725782ms] GC(21277)   Post Evacuate Collection Set: 3.2ms
[2023-11-10T11:35:22.150-0800][75725782ms] GC(21277)   Other: 0.3ms
[2023-11-10T11:35:22.150-0800][75725782ms] GC(21277) Eden regions: 208->0(208)
[2023-11-10T11:35:22.150-0800][75725782ms] GC(21277) Survivor regions: 1->1(27)
[2023-11-10T11:35:22.150-0800][75725782ms] GC(21277) Old regions: 1405->1405
[2023-11-10T11:35:22.150-0800][75725782ms] GC(21277) Humongous regions: 5->5
[2023-11-10T11:35:22.150-0800][75725782ms] GC(21277) Metaspace: 304854K->304854K(1347584K)
[2023-11-10T11:35:22.150-0800][75725782ms] GC(21277) Pause Young (Normal) (G1 Evacuation Pause) 3234M->2818M(3602M) 5.694ms
[2023-11-10T11:35:22.151-0800][75725783ms] GC(21277) User=0.00s Sys=0.00s Real=0.01s
[2023-11-10T11:35:22.606-0800][75726238ms] GC(21278) Pause Young (Normal) (G1 Evacuation Pause)
[2023-11-10T11:35:22.606-0800][75726238ms] GC(21278) Using 10 workers of 10 for evacuation
[2023-11-10T11:35:22.613-0800][75726245ms] GC(21278)   Pre Evacuate Collection Set: 0.1ms
[2023-11-10T11:35:22.613-0800][75726245ms] GC(21278)   Evacuate Collection Set: 2.2ms
[2023-11-10T11:35:22.613-0800][75726245ms] GC(21278)   Post Evacuate Collection Set: 4.3ms
[2023-11-10T11:35:22.613-0800][75726245ms] GC(21278)   Other: 0.4ms
[2023-11-10T11:35:22.613-0800][75726245ms] GC(21278) Eden regions: 208->0(208)
[2023-11-10T11:35:22.613-0800][75726245ms] GC(21278) Survivor regions: 1->1(27)
[2023-11-10T11:35:22.613-0800][75726245ms] GC(21278) Old regions: 1405->1405
[2023-11-10T11:35:22.613-0800][75726245ms] GC(21278) Humongous regions: 5->5
[2023-11-10T11:35:22.613-0800][75726245ms] GC(21278) Metaspace: 304854K->304854K(1347584K)
[2023-11-10T11:35:22.613-0800][75726245ms] GC(21278) Pause Young (Normal) (G1 Evacuation Pause) 3234M->2818M(3602M) 7.074ms
[2023-11-10T11:35:22.614-0800][75726246ms] GC(21278) User=0.00s Sys=0.00s Real=0.01s
[2023-11-10T11:35:23.162-0800][75726794ms] GC(21279) Pause Young (Normal) (G1 Evacuation Pause)
[2023-11-10T11:35:23.162-0800][75726794ms] GC(21279) Using 10 workers of 10 for evacuation
[2023-11-10T11:35:23.170-0800][75726802ms] GC(21279)   Pre Evacuate Collection Set: 0.1ms
[2023-11-10T11:35:23.170-0800][75726802ms] GC(21279)   Evacuate Collection Set: 2.3ms
[2023-11-10T11:35:23.170-0800][75726802ms] GC(21279)   Post Evacuate Collection Set: 5.6ms
[2023-11-10T11:35:23.170-0800][75726802ms] GC(21279)   Other: 0.4ms
[2023-11-10T11:35:23.170-0800][75726802ms] GC(21279) Eden regions: 208->0(208)
[2023-11-10T11:35:23.170-0800][75726802ms] GC(21279) Survivor regions: 1->1(27)
[2023-11-10T11:35:23.170-0800][75726802ms] GC(21279) Old regions: 1405->1405
[2023-11-10T11:35:23.170-0800][75726802ms] GC(21279) Humongous regions: 5->5
[2023-11-10T11:35:23.170-0800][75726802ms] GC(21279) Metaspace: 304854K->304854K(1347584K)
[2023-11-10T11:35:23.170-0800][75726802ms] GC(21279) Pause Young (Normal) (G1 Evacuation Pause) 3234M->2818M(3602M) 8.612ms
[2023-11-10T11:35:23.170-0800][75726802ms] GC(21279) User=0.14s Sys=0.00s Real=0.01s
[2023-11-10T11:35:23.714-0800][75727346ms] GC(21280) Pause Young (Normal) (G1 Evacuation Pause)
[2023-11-10T11:35:23.714-0800][75727346ms] GC(21280) Using 10 workers of 10 for evacuation
[2023-11-10T11:35:23.720-0800][75727352ms] GC(21280)   Pre Evacuate Collection Set: 0.1ms
[2023-11-10T11:35:23.720-0800][75727352ms] GC(21280)   Evacuate Collection Set: 2.1ms
[2023-11-10T11:35:23.720-0800][75727352ms] GC(21280)   Post Evacuate Collection Set: 3.8ms
[2023-11-10T11:35:23.720-0800][75727352ms] GC(21280)   Other: 0.3ms
[2023-11-10T11:35:23.720-0800][75727352ms] GC(21280) Eden regions: 208->0(208)
[2023-11-10T11:35:23.720-0800][75727352ms] GC(21280) Survivor regions: 1->1(27)
[2023-11-10T11:35:23.720-0800][75727352ms] GC(21280) Old regions: 1405->1405
[2023-11-10T11:35:23.720-0800][75727352ms] GC(21280) Humongous regions: 5->5
[2023-11-10T11:35:23.720-0800][75727352ms] GC(21280) Metaspace: 304854K->304854K(1347584K)
[2023-11-10T11:35:23.720-0800][75727352ms] GC(21280) Pause Young (Normal) (G1 Evacuation Pause) 3234M->2819M(3602M) 6.491ms
[2023-11-10T11:35:23.720-0800][75727352ms] GC(21280) User=0.00s Sys=0.00s Real=0.01s
[2023-11-10T11:35:24.211-0800][75727843ms] GC(21281) Pause Young (Normal) (G1 Evacuation Pause)
[2023-11-10T11:35:24.211-0800][75727843ms] GC(21281) Using 10 workers of 10 for evacuation
[2023-11-10T11:35:24.217-0800][75727849ms] GC(21281)   Pre Evacuate Collection Set: 0.1ms
[2023-11-10T11:35:24.217-0800][75727849ms] GC(21281)   Evacuate Collection Set: 2.6ms
[2023-11-10T11:35:24.217-0800][75727849ms] GC(21281)   Post Evacuate Collection Set: 3.4ms
[2023-11-10T11:35:24.217-0800][75727849ms] GC(21281)   Other: 0.4ms
[2023-11-10T11:35:24.217-0800][75727849ms] GC(21281) Eden regions: 208->0(208)
[2023-11-10T11:35:24.217-0800][75727849ms] GC(21281) Survivor regions: 1->1(27)
[2023-11-10T11:35:24.217-0800][75727849ms] GC(21281) Old regions: 1405->1405
[2023-11-10T11:35:24.217-0800][75727849ms] GC(21281) Humongous regions: 5->5
[2023-11-10T11:35:24.217-0800][75727849ms] GC(21281) Metaspace: 304854K->304854K(1347584K)
[2023-11-10T11:35:24.217-0800][75727849ms] GC(21281) Pause Young (Normal) (G1 Evacuation Pause) 3235M->2819M(3602M) 6.594ms
[2023-11-10T11:35:24.217-0800][75727849ms] GC(21281) User=0.00s Sys=0.00s Real=0.01s
[2023-11-10T11:35:24.783-0800][75728415ms] GC(21282) Pause Young (Normal) (G1 Evacuation Pause)
[2023-11-10T11:35:24.783-0800][75728415ms] GC(21282) Using 10 workers of 10 for evacuation
[2023-11-10T11:35:24.790-0800][75728422ms] GC(21282)   Pre Evacuate Collection Set: 0.1ms
[2023-11-10T11:35:24.790-0800][75728422ms] GC(21282)   Evacuate Collection Set: 2.1ms
[2023-11-10T11:35:24.790-0800][75728422ms] GC(21282)   Post Evacuate Collection Set: 3.9ms
[2023-11-10T11:35:24.790-0800][75728422ms] GC(21282)   Other: 0.3ms
[2023-11-10T11:35:24.790-0800][75728422ms] GC(21282) Eden regions: 208->0(208)
[2023-11-10T11:35:24.790-0800][75728422ms] GC(21282) Survivor regions: 1->1(27)
[2023-11-10T11:35:24.790-0800][75728422ms] GC(21282) Old regions: 1405->1405
[2023-11-10T11:35:24.790-0800][75728422ms] GC(21282) Humongous regions: 5->5
[2023-11-10T11:35:24.790-0800][75728422ms] GC(21282) Metaspace: 304854K->304854K(1347584K)
[2023-11-10T11:35:24.790-0800][75728422ms] GC(21282) Pause Young (Normal) (G1 Evacuation Pause) 3235M->2819M(3602M) 6.494ms
[2023-11-10T11:35:24.790-0800][75728422ms] GC(21282) User=0.00s Sys=0.00s Real=0.01s
[2023-11-10T11:35:25.338-0800][75728970ms] GC(21283) Pause Young (Normal) (G1 Evacuation Pause)
[2023-11-10T11:35:25.338-0800][75728970ms] GC(21283) Using 10 workers of 10 for evacuation
[2023-11-10T11:35:25.343-0800][75728975ms] GC(21283)   Pre Evacuate Collection Set: 0.0ms
[2023-11-10T11:35:25.344-0800][75728976ms] GC(21283)   Evacuate Collection Set: 1.7ms
[2023-11-10T11:35:25.344-0800][75728976ms] GC(21283)   Post Evacuate Collection Set: 2.9ms
[2023-11-10T11:35:25.344-0800][75728976ms] GC(21283)   Other: 0.3ms
[2023-11-10T11:35:25.344-0800][75728976ms] GC(21283) Eden regions: 208->0(208)
[2023-11-10T11:35:25.344-0800][75728976ms] GC(21283) Survivor regions: 1->1(27)
[2023-11-10T11:35:25.344-0800][75728976ms] GC(21283) Old regions: 1405->1405
[2023-11-10T11:35:25.344-0800][75728976ms] GC(21283) Humongous regions: 5->5
[2023-11-10T11:35:25.344-0800][75728976ms] GC(21283) Metaspace: 304854K->304854K(1347584K)
[2023-11-10T11:35:25.344-0800][75728976ms] GC(21283) Pause Young (Normal) (G1 Evacuation Pause) 3235M->2819M(3602M) 5.053ms
[2023-11-10T11:35:25.344-0800][75728976ms] GC(21283) User=0.00s Sys=0.00s Real=0.01s
[2023-11-10T11:35:25.862-0800][75729494ms] GC(21284) Pause Young (Normal) (G1 Evacuation Pause)
[2023-11-10T11:35:25.862-0800][75729494ms] GC(21284) Using 10 workers of 10 for evacuation
[2023-11-10T11:35:25.868-0800][75729500ms] GC(21284)   Pre Evacuate Collection Set: 0.1ms
[2023-11-10T11:35:25.868-0800][75729500ms] GC(21284)   Evacuate Collection Set: 2.4ms
[2023-11-10T11:35:25.868-0800][75729500ms] GC(21284)   Post Evacuate Collection Set: 3.4ms
[2023-11-10T11:35:25.868-0800][75729500ms] GC(21284)   Other: 0.3ms
[2023-11-10T11:35:25.868-0800][75729500ms] GC(21284) Eden regions: 208->0(208)
[2023-11-10T11:35:25.868-0800][75729500ms] GC(21284) Survivor regions: 1->1(27)
[2023-11-10T11:35:25.868-0800][75729500ms] GC(21284) Old regions: 1405->1405
[2023-11-10T11:35:25.868-0800][75729500ms] GC(21284) Humongous regions: 5->5
[2023-11-10T11:35:25.868-0800][75729500ms] GC(21284) Metaspace: 304854K->304854K(1347584K)
[2023-11-10T11:35:25.868-0800][75729500ms] GC(21284) Pause Young (Normal) (G1 Evacuation Pause) 3235M->2819M(3602M) 6.237ms
[2023-11-10T11:35:25.868-0800][75729500ms] GC(21284) User=0.00s Sys=0.00s Real=0.01s
[2023-11-10T11:35:26.378-0800][75730010ms] GC(21285) Pause Young (Normal) (G1 Evacuation Pause)
[2023-11-10T11:35:26.378-0800][75730010ms] GC(21285) Using 10 workers of 10 for evacuation
[2023-11-10T11:35:26.382-0800][75730014ms] GC(21285)   Pre Evacuate Collection Set: 0.0ms
[2023-11-10T11:35:26.383-0800][75730015ms] GC(21285)   Evacuate Collection Set: 1.8ms
[2023-11-10T11:35:26.383-0800][75730015ms] GC(21285)   Post Evacuate Collection Set: 3.1ms
[2023-11-10T11:35:26.383-0800][75730015ms] GC(21285)   Other: 0.3ms
[2023-11-10T11:35:26.383-0800][75730015ms] GC(21285) Eden regions: 208->0(208)
[2023-11-10T11:35:26.383-0800][75730015ms] GC(21285) Survivor regions: 1->1(27)
[2023-11-10T11:35:26.383-0800][75730015ms] GC(21285) Old regions: 1405->1405
[2023-11-10T11:35:26.383-0800][75730015ms] GC(21285) Humongous regions: 5->5
[2023-11-10T11:35:26.383-0800][75730015ms] GC(21285) Metaspace: 304854K->304854K(1347584K)
[2023-11-10T11:35:26.383-0800][75730015ms] GC(21285) Pause Young (Normal) (G1 Evacuation Pause) 3235M->2819M(3602M) 5.347ms
[2023-11-10T11:35:26.383-0800][75730015ms] GC(21285) User=0.00s Sys=0.00s Real=0.00s
[2023-11-10T11:35:26.891-0800][75730523ms] GC(21286) Pause Young (Normal) (G1 Evacuation Pause)
[2023-11-10T11:35:26.891-0800][75730523ms] GC(21286) Using 10 workers of 10 for evacuation
[2023-11-10T11:35:26.895-0800][75730527ms] GC(21286)   Pre Evacuate Collection Set: 0.0ms
[2023-11-10T11:35:26.896-0800][75730528ms] GC(21286)   Evacuate Collection Set: 1.7ms
[2023-11-10T11:35:26.896-0800][75730528ms] GC(21286)   Post Evacuate Collection Set: 3.0ms
[2023-11-10T11:35:26.896-0800][75730528ms] GC(21286)   Other: 0.2ms
[2023-11-10T11:35:26.896-0800][75730528ms] GC(21286) Eden regions: 208->0(208)
[2023-11-10T11:35:26.896-0800][75730528ms] GC(21286) Survivor regions: 1->1(27)
[2023-11-10T11:35:26.896-0800][75730528ms] GC(21286) Old regions: 1405->1405
[2023-11-10T11:35:26.896-0800][75730528ms] GC(21286) Humongous regions: 5->5
[2023-11-10T11:35:26.896-0800][75730528ms] GC(21286) Metaspace: 304854K->304854K(1347584K)
[2023-11-10T11:35:26.896-0800][75730528ms] GC(21286) Pause Young (Normal) (G1 Evacuation Pause) 3235M->2819M(3602M) 5.014ms
[2023-11-10T11:35:26.896-0800][75730528ms] GC(21286) User=0.00s Sys=0.00s Real=0.00s
[2023-11-10T11:35:27.416-0800][75731048ms] GC(21287) Pause Young (Normal) (G1 Evacuation Pause)
[2023-11-10T11:35:27.416-0800][75731048ms] GC(21287) Using 10 workers of 10 for evacuation
[2023-11-10T11:35:27.422-0800][75731054ms] GC(21287)   Pre Evacuate Collection Set: 0.0ms
[2023-11-10T11:35:27.422-0800][75731054ms] GC(21287)   Evacuate Collection Set: 1.9ms
[2023-11-10T11:35:27.422-0800][75731054ms] GC(21287)   Post Evacuate Collection Set: 3.1ms
[2023-11-10T11:35:27.422-0800][75731054ms] GC(21287)   Other: 0.3ms
[2023-11-10T11:35:27.422-0800][75731054ms] GC(21287) Eden regions: 208->0(208)
[2023-11-10T11:35:27.422-0800][75731054ms] GC(21287) Survivor regions: 1->1(27)
[2023-11-10T11:35:27.422-0800][75731054ms] GC(21287) Old regions: 1405->1405
[2023-11-10T11:35:27.422-0800][75731054ms] GC(21287) Humongous regions: 5->5
[2023-11-10T11:35:27.422-0800][75731054ms] GC(21287) Metaspace: 304854K->304854K(1347584K)
[2023-11-10T11:35:27.422-0800][75731054ms] GC(21287) Pause Young (Normal) (G1 Evacuation Pause) 3235M->2819M(3602M) 5.397ms
[2023-11-10T11:35:27.422-0800][75731054ms] GC(21287) User=0.00s Sys=0.00s Real=0.01s
[2023-11-10T11:35:27.898-0800][75731530ms] GC(21288) Pause Young (Normal) (G1 Evacuation Pause)
[2023-11-10T11:35:27.898-0800][75731530ms] GC(21288) Using 10 workers of 10 for evacuation
[2023-11-10T11:35:27.903-0800][75731535ms] GC(21288)   Pre Evacuate Collection Set: 0.0ms
[2023-11-10T11:35:27.903-0800][75731535ms] GC(21288)   Evacuate Collection Set: 1.7ms
[2023-11-10T11:35:27.903-0800][75731535ms] GC(21288)   Post Evacuate Collection Set: 3.0ms
[2023-11-10T11:35:27.903-0800][75731535ms] GC(21288)   Other: 0.3ms
[2023-11-10T11:35:27.903-0800][75731535ms] GC(21288) Eden regions: 208->0(208)
[2023-11-10T11:35:27.903-0800][75731535ms] GC(21288) Survivor regions: 1->1(27)
[2023-11-10T11:35:27.903-0800][75731535ms] GC(21288) Old regions: 1405->1405
[2023-11-10T11:35:27.903-0800][75731535ms] GC(21288) Humongous regions: 5->5
[2023-11-10T11:35:27.904-0800][75731536ms] GC(21288) Metaspace: 304854K->304854K(1347584K)
[2023-11-10T11:35:27.904-0800][75731536ms] GC(21288) Pause Young (Normal) (G1 Evacuation Pause) 3235M->2819M(3602M) 5.142ms
[2023-11-10T11:35:27.904-0800][75731536ms] GC(21288) User=0.00s Sys=0.00s Real=0.01s
[2023-11-10T11:35:28.413-0800][75732045ms] GC(21289) Pause Young (Normal) (G1 Evacuation Pause)
[2023-11-10T11:35:28.413-0800][75732045ms] GC(21289) Using 10 workers of 10 for evacuation
[2023-11-10T11:35:28.418-0800][75732050ms] GC(21289)   Pre Evacuate Collection Set: 0.0ms
[2023-11-10T11:35:28.418-0800][75732050ms] GC(21289)   Evacuate Collection Set: 1.7ms
[2023-11-10T11:35:28.418-0800][75732050ms] GC(21289)   Post Evacuate Collection Set: 3.6ms
[2023-11-10T11:35:28.418-0800][75732050ms] GC(21289)   Other: 0.3ms
[2023-11-10T11:35:28.418-0800][75732050ms] GC(21289) Eden regions: 208->0(208)
[2023-11-10T11:35:28.418-0800][75732050ms] GC(21289) Survivor regions: 1->1(27)
[2023-11-10T11:35:28.418-0800][75732050ms] GC(21289) Old regions: 1405->1405
[2023-11-10T11:35:28.418-0800][75732050ms] GC(21289) Humongous regions: 5->5
[2023-11-10T11:35:28.418-0800][75732050ms] GC(21289) Metaspace: 304854K->304854K(1347584K)
[2023-11-10T11:35:28.418-0800][75732050ms] GC(21289) Pause Young (Normal) (G1 Evacuation Pause) 3235M->2819M(3602M) 5.763ms
[2023-11-10T11:35:28.418-0800][75732050ms] GC(21289) User=0.00s Sys=0.00s Real=0.00s
[2023-11-10T11:35:28.881-0800][75732513ms] GC(21290) Pause Young (Normal) (G1 Evacuation Pause)
[2023-11-10T11:35:28.881-0800][75732513ms] GC(21290) Using 10 workers of 10 for evacuation
[2023-11-10T11:35:28.886-0800][75732518ms] GC(21290)   Pre Evacuate Collection Set: 0.0ms
[2023-11-10T11:35:28.886-0800][75732518ms] GC(21290)   Evacuate Collection Set: 1.7ms
[2023-11-10T11:35:28.886-0800][75732518ms] GC(21290)   Post Evacuate Collection Set: 3.2ms
[2023-11-10T11:35:28.886-0800][75732518ms] GC(21290)   Other: 0.3ms
[2023-11-10T11:35:28.886-0800][75732518ms] GC(21290) Eden regions: 208->0(208)
[2023-11-10T11:35:28.886-0800][75732518ms] GC(21290) Survivor regions: 1->1(27)
[2023-11-10T11:35:28.886-0800][75732518ms] GC(21290) Old regions: 1405->1405
[2023-11-10T11:35:28.886-0800][75732518ms] GC(21290) Humongous regions: 5->5
[2023-11-10T11:35:28.886-0800][75732518ms] GC(21290) Metaspace: 304854K->304854K(1347584K)
[2023-11-10T11:35:28.886-0800][75732518ms] GC(21290) Pause Young (Normal) (G1 Evacuation Pause) 3235M->2819M(3602M) 5.299ms
[2023-11-10T11:35:28.886-0800][75732518ms] GC(21290) User=0.11s Sys=0.00s Real=0.00s
[2023-11-10T11:35:29.384-0800][75733016ms] GC(21291) Pause Young (Normal) (G1 Evacuation Pause)
[2023-11-10T11:35:29.384-0800][75733016ms] GC(21291) Using 10 workers of 10 for evacuation
[2023-11-10T11:35:29.389-0800][75733021ms] GC(21291)   Pre Evacuate Collection Set: 0.1ms
[2023-11-10T11:35:29.389-0800][75733021ms] GC(21291)   Evacuate Collection Set: 2.2ms
[2023-11-10T11:35:29.389-0800][75733021ms] GC(21291)   Post Evacuate Collection Set: 3.1ms
[2023-11-10T11:35:29.389-0800][75733021ms] GC(21291)   Other: 0.3ms
[2023-11-10T11:35:29.389-0800][75733021ms] GC(21291) Eden regions: 208->0(208)
[2023-11-10T11:35:29.389-0800][75733021ms] GC(21291) Survivor regions: 1->1(27)
[2023-11-10T11:35:29.389-0800][75733021ms] GC(21291) Old regions: 1405->1405
[2023-11-10T11:35:29.389-0800][75733021ms] GC(21291) Humongous regions: 5->5
[2023-11-10T11:35:29.389-0800][75733021ms] GC(21291) Metaspace: 304854K->304854K(1347584K)
[2023-11-10T11:35:29.389-0800][75733021ms] GC(21291) Pause Young (Normal) (G1 Evacuation Pause) 3235M->2819M(3602M) 5.650ms
[2023-11-10T11:35:29.389-0800][75733021ms] GC(21291) User=0.00s Sys=0.00s Real=0.00s
[2023-11-10T11:35:29.951-0800][75733583ms] GC(21292) Pause Young (Normal) (G1 Evacuation Pause)
[2023-11-10T11:35:29.951-0800][75733583ms] GC(21292) Using 10 workers of 10 for evacuation
[2023-11-10T11:35:29.956-0800][75733588ms] GC(21292)   Pre Evacuate Collection Set: 0.0ms
[2023-11-10T11:35:29.956-0800][75733588ms] GC(21292)   Evacuate Collection Set: 1.7ms
[2023-11-10T11:35:29.956-0800][75733588ms] GC(21292)   Post Evacuate Collection Set: 3.1ms
[2023-11-10T11:35:29.956-0800][75733588ms] GC(21292)   Other: 0.3ms
[2023-11-10T11:35:29.956-0800][75733588ms] GC(21292) Eden regions: 208->0(208)
[2023-11-10T11:35:29.956-0800][75733588ms] GC(21292) Survivor regions: 1->1(27)
[2023-11-10T11:35:29.956-0800][75733588ms] GC(21292) Old regions: 1405->1405
[2023-11-10T11:35:29.956-0800][75733588ms] GC(21292) Humongous regions: 5->5
[2023-11-10T11:35:29.956-0800][75733588ms] GC(21292) Metaspace: 304854K->304854K(1347584K)
[2023-11-10T11:35:29.956-0800][75733588ms] GC(21292) Pause Young (Normal) (G1 Evacuation Pause) 3235M->2819M(3602M) 5.192ms
[2023-11-10T11:35:29.956-0800][75733588ms] GC(21292) User=0.00s Sys=0.00s Real=0.01s
[2023-11-10T11:35:30.528-0800][75734160ms] GC(21293) Pause Young (Normal) (G1 Evacuation Pause)
[2023-11-10T11:35:30.528-0800][75734160ms] GC(21293) Using 10 workers of 10 for evacuation
[2023-11-10T11:35:30.534-0800][75734166ms] GC(21293)   Pre Evacuate Collection Set: 0.0ms
[2023-11-10T11:35:30.534-0800][75734166ms] GC(21293)   Evacuate Collection Set: 1.8ms
[2023-11-10T11:35:30.534-0800][75734166ms] GC(21293)   Post Evacuate Collection Set: 3.0ms
[2023-11-10T11:35:30.534-0800][75734166ms] GC(21293)   Other: 0.2ms
[2023-11-10T11:35:30.534-0800][75734166ms] GC(21293) Eden regions: 208->0(208)
[2023-11-10T11:35:30.534-0800][75734166ms] GC(21293) Survivor regions: 1->1(27)
[2023-11-10T11:35:30.534-0800][75734166ms] GC(21293) Old regions: 1405->1405
[2023-11-10T11:35:30.534-0800][75734166ms] GC(21293) Humongous regions: 5->5
[2023-11-10T11:35:30.534-0800][75734166ms] GC(21293) Metaspace: 304854K->304854K(1347584K)
[2023-11-10T11:35:30.534-0800][75734166ms] GC(21293) Pause Young (Normal) (G1 Evacuation Pause) 3235M->2819M(3602M) 5.157ms
[2023-11-10T11:35:30.534-0800][75734166ms] GC(21293) User=0.00s Sys=0.00s Real=0.01s
[2023-11-10T11:35:31.029-0800][75734661ms] GC(21294) Pause Young (Normal) (G1 Evacuation Pause)
[2023-11-10T11:35:31.029-0800][75734661ms] GC(21294) Using 10 workers of 10 for evacuation
[2023-11-10T11:35:31.034-0800][75734666ms] GC(21294)   Pre Evacuate Collection Set: 0.0ms
[2023-11-10T11:35:31.034-0800][75734666ms] GC(21294)   Evacuate Collection Set: 1.8ms
[2023-11-10T11:35:31.034-0800][75734666ms] GC(21294)   Post Evacuate Collection Set: 3.2ms
[2023-11-10T11:35:31.034-0800][75734666ms] GC(21294)   Other: 0.3ms
[2023-11-10T11:35:31.034-0800][75734666ms] GC(21294) Eden regions: 208->0(208)
[2023-11-10T11:35:31.034-0800][75734666ms] GC(21294) Survivor regions: 1->1(27)
[2023-11-10T11:35:31.034-0800][75734666ms] GC(21294) Old regions: 1405->1405
[2023-11-10T11:35:31.034-0800][75734666ms] GC(21294) Humongous regions: 5->5
[2023-11-10T11:35:31.034-0800][75734666ms] GC(21294) Metaspace: 304854K->304854K(1347584K)
[2023-11-10T11:35:31.034-0800][75734666ms] GC(21294) Pause Young (Normal) (G1 Evacuation Pause) 3235M->2819M(3602M) 5.326ms
[2023-11-10T11:35:31.034-0800][75734666ms] GC(21294) User=0.00s Sys=0.00s Real=0.00s
[2023-11-10T11:35:31.554-0800][75735186ms] GC(21295) Pause Young (Normal) (G1 Evacuation Pause)
[2023-11-10T11:35:31.554-0800][75735186ms] GC(21295) Using 10 workers of 10 for evacuation
[2023-11-10T11:35:31.558-0800][75735190ms] GC(21295)   Pre Evacuate Collection Set: 0.0ms
[2023-11-10T11:35:31.558-0800][75735190ms] GC(21295)   Evacuate Collection Set: 1.6ms
[2023-11-10T11:35:31.558-0800][75735190ms] GC(21295)   Post Evacuate Collection Set: 3.1ms
[2023-11-10T11:35:31.558-0800][75735190ms] GC(21295)   Other: 0.2ms
[2023-11-10T11:35:31.558-0800][75735190ms] GC(21295) Eden regions: 208->0(208)
[2023-11-10T11:35:31.558-0800][75735190ms] GC(21295) Survivor regions: 1->1(27)
[2023-11-10T11:35:31.558-0800][75735190ms] GC(21295) Old regions: 1405->1405
[2023-11-10T11:35:31.558-0800][75735190ms] GC(21295) Humongous regions: 5->5
[2023-11-10T11:35:31.558-0800][75735190ms] GC(21295) Metaspace: 304854K->304854K(1347584K)
[2023-11-10T11:35:31.558-0800][75735190ms] GC(21295) Pause Young (Normal) (G1 Evacuation Pause) 3235M->2819M(3602M) 5.145ms
[2023-11-10T11:35:31.558-0800][75735190ms] GC(21295) User=0.00s Sys=0.00s Real=0.00s
[2023-11-10T11:35:32.096-0800][75735728ms] GC(21296) Pause Young (Normal) (G1 Evacuation Pause)
[2023-11-10T11:35:32.096-0800][75735728ms] GC(21296) Using 10 workers of 10 for evacuation
[2023-11-10T11:35:32.102-0800][75735734ms] GC(21296)   Pre Evacuate Collection Set: 0.0ms
[2023-11-10T11:35:32.102-0800][75735734ms] GC(21296)   Evacuate Collection Set: 1.9ms
[2023-11-10T11:35:32.102-0800][75735734ms] GC(21296)   Post Evacuate Collection Set: 3.3ms
[2023-11-10T11:35:32.102-0800][75735734ms] GC(21296)   Other: 0.3ms
[2023-11-10T11:35:32.102-0800][75735734ms] GC(21296) Eden regions: 208->0(208)
[2023-11-10T11:35:32.102-0800][75735734ms] GC(21296) Survivor regions: 1->1(27)
[2023-11-10T11:35:32.102-0800][75735734ms] GC(21296) Old regions: 1405->1405
[2023-11-10T11:35:32.102-0800][75735734ms] GC(21296) Humongous regions: 5->5
[2023-11-10T11:35:32.102-0800][75735734ms] GC(21296) Metaspace: 304854K->304854K(1347584K)
[2023-11-10T11:35:32.102-0800][75735734ms] GC(21296) Pause Young (Normal) (G1 Evacuation Pause) 3235M->2819M(3602M) 5.533ms
[2023-11-10T11:35:32.102-0800][75735734ms] GC(21296) User=0.00s Sys=0.00s Real=0.01s
[2023-11-10T11:35:32.614-0800][75736246ms] GC(21297) Pause Young (Normal) (G1 Evacuation Pause)
[2023-11-10T11:35:32.614-0800][75736246ms] GC(21297) Using 10 workers of 10 for evacuation
[2023-11-10T11:35:32.619-0800][75736251ms] GC(21297)   Pre Evacuate Collection Set: 0.1ms
[2023-11-10T11:35:32.619-0800][75736251ms] GC(21297)   Evacuate Collection Set: 1.8ms
[2023-11-10T11:35:32.619-0800][75736251ms] GC(21297)   Post Evacuate Collection Set: 4.0ms
[2023-11-10T11:35:32.619-0800][75736251ms] GC(21297)   Other: 0.3ms
[2023-11-10T11:35:32.619-0800][75736251ms] GC(21297) Eden regions: 208->0(208)
[2023-11-10T11:35:32.619-0800][75736251ms] GC(21297) Survivor regions: 1->1(27)
[2023-11-10T11:35:32.619-0800][75736251ms] GC(21297) Old regions: 1405->1405
[2023-11-10T11:35:32.619-0800][75736251ms] GC(21297) Humongous regions: 5->5
[2023-11-10T11:35:32.619-0800][75736251ms] GC(21297) Metaspace: 304854K->304854K(1347584K)
[2023-11-10T11:35:32.619-0800][75736251ms] GC(21297) Pause Young (Normal) (G1 Evacuation Pause) 3235M->2819M(3602M) 6.281ms
[2023-11-10T11:35:32.620-0800][75736252ms] GC(21297) User=0.02s Sys=0.00s Real=0.01s
[2023-11-10T11:35:33.174-0800][75736806ms] GC(21298) Pause Young (Normal) (G1 Evacuation Pause)
[2023-11-10T11:35:33.174-0800][75736806ms] GC(21298) Using 10 workers of 10 for evacuation
[2023-11-10T11:35:33.182-0800][75736814ms] GC(21298)   Pre Evacuate Collection Set: 0.0ms
[2023-11-10T11:35:33.182-0800][75736814ms] GC(21298)   Evacuate Collection Set: 1.7ms
[2023-11-10T11:35:33.182-0800][75736814ms] GC(21298)   Post Evacuate Collection Set: 6.4ms
[2023-11-10T11:35:33.182-0800][75736814ms] GC(21298)   Other: 0.3ms
[2023-11-10T11:35:33.182-0800][75736814ms] GC(21298) Eden regions: 208->0(208)
[2023-11-10T11:35:33.182-0800][75736814ms] GC(21298) Survivor regions: 1->1(27)
[2023-11-10T11:35:33.182-0800][75736814ms] GC(21298) Old regions: 1405->1405
[2023-11-10T11:35:33.182-0800][75736814ms] GC(21298) Humongous regions: 5->5
[2023-11-10T11:35:33.182-0800][75736814ms] GC(21298) Metaspace: 304854K->304854K(1347584K)
[2023-11-10T11:35:33.183-0800][75736815ms] GC(21298) Pause Young (Normal) (G1 Evacuation Pause) 3235M->2819M(3602M) 8.587ms
[2023-11-10T11:35:33.183-0800][75736815ms] GC(21298) User=0.00s Sys=0.00s Real=0.01s
[2023-11-10T11:35:33.720-0800][75737352ms] GC(21299) Pause Young (Normal) (G1 Evacuation Pause)
[2023-11-10T11:35:33.720-0800][75737352ms] GC(21299) Using 10 workers of 10 for evacuation
[2023-11-10T11:35:33.728-0800][75737360ms] GC(21299)   Pre Evacuate Collection Set: 0.1ms
[2023-11-10T11:35:33.728-0800][75737360ms] GC(21299)   Evacuate Collection Set: 2.8ms
[2023-11-10T11:35:33.728-0800][75737360ms] GC(21299)   Post Evacuate Collection Set: 3.8ms
[2023-11-10T11:35:33.728-0800][75737360ms] GC(21299)   Other: 0.4ms
[2023-11-10T11:35:33.728-0800][75737360ms] GC(21299) Eden regions: 208->0(208)
[2023-11-10T11:35:33.728-0800][75737360ms] GC(21299) Survivor regions: 1->1(27)
[2023-11-10T11:35:33.728-0800][75737360ms] GC(21299) Old regions: 1405->1405
[2023-11-10T11:35:33.728-0800][75737360ms] GC(21299) Humongous regions: 5->5
[2023-11-10T11:35:33.728-0800][75737360ms] GC(21299) Metaspace: 304854K->304854K(1347584K)
[2023-11-10T11:35:33.728-0800][75737360ms] GC(21299) Pause Young (Normal) (G1 Evacuation Pause) 3235M->2819M(3602M) 7.144ms
[2023-11-10T11:35:33.728-0800][75737360ms] GC(21299) User=0.00s Sys=0.00s Real=0.01s
[2023-11-10T11:35:34.277-0800][75737909ms] GC(21300) Pause Young (Normal) (GCLocker Initiated GC)
[2023-11-10T11:35:34.277-0800][75737909ms] GC(21300) Using 10 workers of 10 for evacuation
[2023-11-10T11:35:34.284-0800][75737916ms] GC(21300)   Pre Evacuate Collection Set: 0.1ms
[2023-11-10T11:35:34.284-0800][75737916ms] GC(21300)   Evacuate Collection Set: 1.7ms
[2023-11-10T11:35:34.284-0800][75737916ms] GC(21300)   Post Evacuate Collection Set: 4.3ms
[2023-11-10T11:35:34.284-0800][75737916ms] GC(21300)   Other: 0.3ms
[2023-11-10T11:35:34.284-0800][75737916ms] GC(21300) Eden regions: 208->0(208)
[2023-11-10T11:35:34.284-0800][75737916ms] GC(21300) Survivor regions: 1->1(27)
[2023-11-10T11:35:34.284-0800][75737916ms] GC(21300) Old regions: 1405->1405
[2023-11-10T11:35:34.284-0800][75737916ms] GC(21300) Humongous regions: 5->5
[2023-11-10T11:35:34.284-0800][75737916ms] GC(21300) Metaspace: 304854K->304854K(1347584K)
[2023-11-10T11:35:34.284-0800][75737916ms] GC(21300) Pause Young (Normal) (GCLocker Initiated GC) 3235M->2819M(3602M) 6.606ms
[2023-11-10T11:35:34.284-0800][75737916ms] GC(21300) User=0.00s Sys=0.00s Real=0.01s
[2023-11-10T11:35:34.797-0800][75738429ms] GC(21301) Pause Young (Normal) (G1 Evacuation Pause)
[2023-11-10T11:35:34.797-0800][75738429ms] GC(21301) Using 10 workers of 10 for evacuation
[2023-11-10T11:35:34.804-0800][75738436ms] GC(21301)   Pre Evacuate Collection Set: 0.1ms
[2023-11-10T11:35:34.804-0800][75738436ms] GC(21301)   Evacuate Collection Set: 2.0ms
[2023-11-10T11:35:34.804-0800][75738436ms] GC(21301)   Post Evacuate Collection Set: 4.3ms
[2023-11-10T11:35:34.804-0800][75738436ms] GC(21301)   Other: 0.3ms
[2023-11-10T11:35:34.804-0800][75738436ms] GC(21301) Eden regions: 208->0(208)
[2023-11-10T11:35:34.804-0800][75738436ms] GC(21301) Survivor regions: 1->1(27)
[2023-11-10T11:35:34.804-0800][75738436ms] GC(21301) Old regions: 1405->1405
[2023-11-10T11:35:34.804-0800][75738436ms] GC(21301) Humongous regions: 5->5
[2023-11-10T11:35:34.804-0800][75738436ms] GC(21301) Metaspace: 304854K->304854K(1347584K)
[2023-11-10T11:35:34.804-0800][75738436ms] GC(21301) Pause Young (Normal) (G1 Evacuation Pause) 3235M->2819M(3602M) 6.927ms
[2023-11-10T11:35:34.805-0800][75738437ms] GC(21301) User=0.00s Sys=0.00s Real=0.01s
[2023-11-10T11:35:35.335-0800][75738967ms] GC(21302) Pause Young (Normal) (GCLocker Initiated GC)
[2023-11-10T11:35:35.335-0800][75738967ms] GC(21302) Using 10 workers of 10 for evacuation
[2023-11-10T11:35:35.342-0800][75738974ms] GC(21302)   Pre Evacuate Collection Set: 0.1ms
[2023-11-10T11:35:35.342-0800][75738974ms] GC(21302)   Evacuate Collection Set: 2.2ms
[2023-11-10T11:35:35.342-0800][75738974ms] GC(21302)   Post Evacuate Collection Set: 4.8ms
[2023-11-10T11:35:35.342-0800][75738974ms] GC(21302)   Other: 0.4ms
[2023-11-10T11:35:35.342-0800][75738974ms] GC(21302) Eden regions: 208->0(208)
[2023-11-10T11:35:35.342-0800][75738974ms] GC(21302) Survivor regions: 1->1(27)
[2023-11-10T11:35:35.342-0800][75738974ms] GC(21302) Old regions: 1405->1405
[2023-11-10T11:35:35.342-0800][75738974ms] GC(21302) Humongous regions: 5->5
[2023-11-10T11:35:35.342-0800][75738974ms] GC(21302) Metaspace: 304854K->304854K(1347584K)
[2023-11-10T11:35:35.343-0800][75738975ms] GC(21302) Pause Young (Normal) (GCLocker Initiated GC) 3235M->2819M(3602M) 7.617ms
[2023-11-10T11:35:35.343-0800][75738975ms] GC(21302) User=0.00s Sys=0.00s Real=0.01s
[2023-11-10T11:35:35.949-0800][75739581ms] GC(21303) Pause Young (Normal) (GCLocker Initiated GC)
[2023-11-10T11:35:35.949-0800][75739581ms] GC(21303) Using 10 workers of 10 for evacuation
[2023-11-10T11:35:35.955-0800][75739587ms] GC(21303)   Pre Evacuate Collection Set: 0.0ms
[2023-11-10T11:35:35.955-0800][75739587ms] GC(21303)   Evacuate Collection Set: 2.0ms
[2023-11-10T11:35:35.955-0800][75739587ms] GC(21303)   Post Evacuate Collection Set: 3.2ms
[2023-11-10T11:35:35.955-0800][75739587ms] GC(21303)   Other: 0.3ms
[2023-11-10T11:35:35.955-0800][75739587ms] GC(21303) Eden regions: 208->0(208)
[2023-11-10T11:35:35.955-0800][75739587ms] GC(21303) Survivor regions: 1->1(27)
[2023-11-10T11:35:35.955-0800][75739587ms] GC(21303) Old regions: 1405->1405
[2023-11-10T11:35:35.955-0800][75739587ms] GC(21303) Humongous regions: 5->5
[2023-11-10T11:35:35.955-0800][75739587ms] GC(21303) Metaspace: 304854K->304854K(1347584K)
[2023-11-10T11:35:35.955-0800][75739587ms] GC(21303) Pause Young (Normal) (GCLocker Initiated GC) 3235M->2819M(3602M) 5.633ms
[2023-11-10T11:35:35.955-0800][75739587ms] GC(21303) User=0.00s Sys=0.00s Real=0.01s
[2023-11-10T11:35:36.502-0800][75740134ms] GC(21304) Pause Young (Normal) (G1 Evacuation Pause)
[2023-11-10T11:35:36.502-0800][75740134ms] GC(21304) Using 10 workers of 10 for evacuation
[2023-11-10T11:35:36.510-0800][75740142ms] GC(21304)   Pre Evacuate Collection Set: 0.1ms
[2023-11-10T11:35:36.510-0800][75740142ms] GC(21304)   Evacuate Collection Set: 2.3ms
[2023-11-10T11:35:36.510-0800][75740142ms] GC(21304)   Post Evacuate Collection Set: 5.0ms
[2023-11-10T11:35:36.510-0800][75740142ms] GC(21304)   Other: 0.4ms
[2023-11-10T11:35:36.510-0800][75740142ms] GC(21304) Eden regions: 208->0(208)
[2023-11-10T11:35:36.510-0800][75740142ms] GC(21304) Survivor regions: 1->1(27)
[2023-11-10T11:35:36.510-0800][75740142ms] GC(21304) Old regions: 1405->1405
[2023-11-10T11:35:36.510-0800][75740142ms] GC(21304) Humongous regions: 5->5
[2023-11-10T11:35:36.510-0800][75740142ms] GC(21304) Metaspace: 304854K->304854K(1347584K)
[2023-11-10T11:35:36.510-0800][75740142ms] GC(21304) Pause Young (Normal) (G1 Evacuation Pause) 3235M->2819M(3602M) 7.918ms
[2023-11-10T11:35:36.510-0800][75740142ms] GC(21304) User=0.02s Sys=0.00s Real=0.01s
[2023-11-10T11:35:37.058-0800][75740690ms] GC(21305) Pause Young (Normal) (G1 Evacuation Pause)
[2023-11-10T11:35:37.060-0800][75740692ms] GC(21305) Using 10 workers of 10 for evacuation
[2023-11-10T11:35:37.065-0800][75740697ms] GC(21305)   Pre Evacuate Collection Set: 0.0ms
[2023-11-10T11:35:37.065-0800][75740697ms] GC(21305)   Evacuate Collection Set: 1.8ms
[2023-11-10T11:35:37.065-0800][75740697ms] GC(21305)   Post Evacuate Collection Set: 3.5ms
[2023-11-10T11:35:37.065-0800][75740697ms] GC(21305)   Other: 0.4ms
[2023-11-10T11:35:37.065-0800][75740697ms] GC(21305) Eden regions: 208->0(208)
[2023-11-10T11:35:37.065-0800][75740697ms] GC(21305) Survivor regions: 1->1(27)
[2023-11-10T11:35:37.065-0800][75740697ms] GC(21305) Old regions: 1405->1405
[2023-11-10T11:35:37.065-0800][75740697ms] GC(21305) Humongous regions: 5->5
[2023-11-10T11:35:37.065-0800][75740697ms] GC(21305) Metaspace: 304854K->304854K(1347584K)
[2023-11-10T11:35:37.065-0800][75740697ms] GC(21305) Pause Young (Normal) (G1 Evacuation Pause) 3235M->2819M(3602M) 5.866ms
[2023-11-10T11:35:37.065-0800][75740697ms] GC(21305) User=0.00s Sys=0.00s Real=0.01s
[2023-11-10T11:35:37.584-0800][75741216ms] GC(21306) Pause Young (Normal) (G1 Evacuation Pause)
[2023-11-10T11:35:37.584-0800][75741216ms] GC(21306) Using 10 workers of 10 for evacuation
[2023-11-10T11:35:37.589-0800][75741221ms] GC(21306)   Pre Evacuate Collection Set: 0.0ms
[2023-11-10T11:35:37.590-0800][75741222ms] GC(21306)   Evacuate Collection Set: 1.8ms
[2023-11-10T11:35:37.590-0800][75741222ms] GC(21306)   Post Evacuate Collection Set: 3.1ms
[2023-11-10T11:35:37.590-0800][75741222ms] GC(21306)   Other: 0.3ms
[2023-11-10T11:35:37.590-0800][75741222ms] GC(21306) Eden regions: 208->0(208)
[2023-11-10T11:35:37.590-0800][75741222ms] GC(21306) Survivor regions: 1->1(27)
[2023-11-10T11:35:37.590-0800][75741222ms] GC(21306) Old regions: 1405->1405
[2023-11-10T11:35:37.590-0800][75741222ms] GC(21306) Humongous regions: 5->5
[2023-11-10T11:35:37.590-0800][75741222ms] GC(21306) Metaspace: 304854K->304854K(1347584K)
[2023-11-10T11:35:37.590-0800][75741222ms] GC(21306) Pause Young (Normal) (G1 Evacuation Pause) 3235M->2819M(3602M) 5.381ms
[2023-11-10T11:35:37.590-0800][75741222ms] GC(21306) User=0.11s Sys=0.00s Real=0.01s
[2023-11-10T11:35:38.074-0800][75741706ms] GC(21307) Pause Young (Normal) (G1 Evacuation Pause)
[2023-11-10T11:35:38.074-0800][75741706ms] GC(21307) Using 10 workers of 10 for evacuation
[2023-11-10T11:35:38.079-0800][75741711ms] GC(21307)   Pre Evacuate Collection Set: 0.0ms
[2023-11-10T11:35:38.079-0800][75741711ms] GC(21307)   Evacuate Collection Set: 1.6ms
[2023-11-10T11:35:38.079-0800][75741711ms] GC(21307)   Post Evacuate Collection Set: 2.9ms
[2023-11-10T11:35:38.079-0800][75741711ms] GC(21307)   Other: 0.3ms
[2023-11-10T11:35:38.079-0800][75741711ms] GC(21307) Eden regions: 208->0(208)
[2023-11-10T11:35:38.079-0800][75741711ms] GC(21307) Survivor regions: 1->1(27)
[2023-11-10T11:35:38.079-0800][75741711ms] GC(21307) Old regions: 1405->1405
[2023-11-10T11:35:38.079-0800][75741711ms] GC(21307) Humongous regions: 5->5
[2023-11-10T11:35:38.079-0800][75741711ms] GC(21307) Metaspace: 304854K->304854K(1347584K)
[2023-11-10T11:35:38.079-0800][75741711ms] GC(21307) Pause Young (Normal) (G1 Evacuation Pause) 3235M->2819M(3602M) 4.842ms
[2023-11-10T11:35:38.079-0800][75741711ms] GC(21307) User=0.00s Sys=0.00s Real=0.01s
[2023-11-10T11:35:38.563-0800][75742195ms] GC(21308) Pause Young (Normal) (G1 Evacuation Pause)
[2023-11-10T11:35:38.563-0800][75742195ms] GC(21308) Using 10 workers of 10 for evacuation
[2023-11-10T11:35:38.569-0800][75742201ms] GC(21308)   Pre Evacuate Collection Set: 0.0ms
[2023-11-10T11:35:38.569-0800][75742201ms] GC(21308)   Evacuate Collection Set: 1.7ms
[2023-11-10T11:35:38.569-0800][75742201ms] GC(21308)   Post Evacuate Collection Set: 3.2ms
[2023-11-10T11:35:38.569-0800][75742201ms] GC(21308)   Other: 0.3ms
[2023-11-10T11:35:38.569-0800][75742201ms] GC(21308) Eden regions: 208->0(208)
[2023-11-10T11:35:38.569-0800][75742201ms] GC(21308) Survivor regions: 1->1(27)
[2023-11-10T11:35:38.569-0800][75742201ms] GC(21308) Old regions: 1405->1405
[2023-11-10T11:35:38.569-0800][75742201ms] GC(21308) Humongous regions: 5->5
[2023-11-10T11:35:38.569-0800][75742201ms] GC(21308) Metaspace: 304854K->304854K(1347584K)
[2023-11-10T11:35:38.569-0800][75742201ms] GC(21308) Pause Young (Normal) (G1 Evacuation Pause) 3235M->2819M(3602M) 5.331ms
[2023-11-10T11:35:38.569-0800][75742201ms] GC(21308) User=0.00s Sys=0.00s Real=0.01s
[2023-11-10T11:35:39.052-0800][75742684ms] GC(21309) Pause Young (Normal) (G1 Evacuation Pause)
[2023-11-10T11:35:39.052-0800][75742684ms] GC(21309) Using 10 workers of 10 for evacuation
[2023-11-10T11:35:39.057-0800][75742689ms] GC(21309)   Pre Evacuate Collection Set: 0.0ms
[2023-11-10T11:35:39.057-0800][75742689ms] GC(21309)   Evacuate Collection Set: 1.7ms
[2023-11-10T11:35:39.057-0800][75742689ms] GC(21309)   Post Evacuate Collection Set: 3.2ms
[2023-11-10T11:35:39.057-0800][75742689ms] GC(21309)   Other: 0.3ms
[2023-11-10T11:35:39.057-0800][75742689ms] GC(21309) Eden regions: 208->0(208)
[2023-11-10T11:35:39.057-0800][75742689ms] GC(21309) Survivor regions: 1->1(27)
[2023-11-10T11:35:39.057-0800][75742689ms] GC(21309) Old regions: 1405->1405
[2023-11-10T11:35:39.057-0800][75742689ms] GC(21309) Humongous regions: 5->5
[2023-11-10T11:35:39.057-0800][75742689ms] GC(21309) Metaspace: 304854K->304854K(1347584K)
[2023-11-10T11:35:39.058-0800][75742690ms] GC(21309) Pause Young (Normal) (G1 Evacuation Pause) 3235M->2819M(3602M) 5.313ms
[2023-11-10T11:35:39.058-0800][75742690ms] GC(21309) User=0.02s Sys=0.00s Real=0.01s
[2023-11-10T11:35:39.546-0800][75743178ms] GC(21310) Pause Young (Normal) (G1 Evacuation Pause)
[2023-11-10T11:35:39.546-0800][75743178ms] GC(21310) Using 10 workers of 10 for evacuation
[2023-11-10T11:35:39.554-0800][75743186ms] GC(21310)   Pre Evacuate Collection Set: 0.1ms
[2023-11-10T11:35:39.554-0800][75743186ms] GC(21310)   Evacuate Collection Set: 4.8ms
[2023-11-10T11:35:39.554-0800][75743186ms] GC(21310)   Post Evacuate Collection Set: 3.3ms
[2023-11-10T11:35:39.554-0800][75743186ms] GC(21310)   Other: 0.3ms
[2023-11-10T11:35:39.554-0800][75743186ms] GC(21310) Eden regions: 208->0(208)
[2023-11-10T11:35:39.554-0800][75743186ms] GC(21310) Survivor regions: 1->1(27)
[2023-11-10T11:35:39.554-0800][75743186ms] GC(21310) Old regions: 1405->1405
[2023-11-10T11:35:39.554-0800][75743186ms] GC(21310) Humongous regions: 5->5
[2023-11-10T11:35:39.554-0800][75743186ms] GC(21310) Metaspace: 304854K->304854K(1347584K)
[2023-11-10T11:35:39.554-0800][75743186ms] GC(21310) Pause Young (Normal) (G1 Evacuation Pause) 3235M->2819M(3602M) 8.518ms
[2023-11-10T11:35:39.554-0800][75743186ms] GC(21310) User=0.00s Sys=0.00s Real=0.01s
[2023-11-10T11:35:40.083-0800][75743715ms] GC(21311) Pause Young (Normal) (G1 Evacuation Pause)
[2023-11-10T11:35:40.083-0800][75743715ms] GC(21311) Using 10 workers of 10 for evacuation
[2023-11-10T11:35:40.088-0800][75743720ms] GC(21311)   Pre Evacuate Collection Set: 0.0ms
[2023-11-10T11:35:40.089-0800][75743721ms] GC(21311)   Evacuate Collection Set: 1.9ms
[2023-11-10T11:35:40.089-0800][75743721ms] GC(21311)   Post Evacuate Collection Set: 3.2ms
[2023-11-10T11:35:40.089-0800][75743721ms] GC(21311)   Other: 0.3ms
[2023-11-10T11:35:40.089-0800][75743721ms] GC(21311) Eden regions: 208->0(208)
[2023-11-10T11:35:40.089-0800][75743721ms] GC(21311) Survivor regions: 1->1(27)
[2023-11-10T11:35:40.089-0800][75743721ms] GC(21311) Old regions: 1405->1405
[2023-11-10T11:35:40.089-0800][75743721ms] GC(21311) Humongous regions: 5->5
[2023-11-10T11:35:40.089-0800][75743721ms] GC(21311) Metaspace: 304854K->304854K(1347584K)
[2023-11-10T11:35:40.089-0800][75743721ms] GC(21311) Pause Young (Normal) (G1 Evacuation Pause) 3235M->2819M(3602M) 5.595ms
[2023-11-10T11:35:40.089-0800][75743721ms] GC(21311) User=0.00s Sys=0.00s Real=0.01s
[2023-11-10T11:35:40.549-0800][75744181ms] GC(21312) Pause Young (Normal) (G1 Evacuation Pause)
[2023-11-10T11:35:40.549-0800][75744181ms] GC(21312) Using 10 workers of 10 for evacuation
[2023-11-10T11:35:40.555-0800][75744187ms] GC(21312)   Pre Evacuate Collection Set: 0.1ms
[2023-11-10T11:35:40.555-0800][75744187ms] GC(21312)   Evacuate Collection Set: 2.0ms
[2023-11-10T11:35:40.555-0800][75744187ms] GC(21312)   Post Evacuate Collection Set: 3.2ms
[2023-11-10T11:35:40.555-0800][75744187ms] GC(21312)   Other: 0.3ms
[2023-11-10T11:35:40.555-0800][75744187ms] GC(21312) Eden regions: 208->0(208)
[2023-11-10T11:35:40.555-0800][75744187ms] GC(21312) Survivor regions: 1->1(27)
[2023-11-10T11:35:40.555-0800][75744187ms] GC(21312) Old regions: 1405->1405
[2023-11-10T11:35:40.555-0800][75744187ms] GC(21312) Humongous regions: 5->5
[2023-11-10T11:35:40.555-0800][75744187ms] GC(21312) Metaspace: 304854K->304854K(1347584K)
[2023-11-10T11:35:40.555-0800][75744187ms] GC(21312) Pause Young (Normal) (G1 Evacuation Pause) 3235M->2819M(3602M) 5.725ms
[2023-11-10T11:35:40.555-0800][75744187ms] GC(21312) User=0.02s Sys=0.00s Real=0.01s
[2023-11-10T11:35:41.103-0800][75744735ms] GC(21313) Pause Young (Normal) (G1 Evacuation Pause)
[2023-11-10T11:35:41.103-0800][75744735ms] GC(21313) Using 10 workers of 10 for evacuation
[2023-11-10T11:35:41.107-0800][75744739ms] GC(21313)   Pre Evacuate Collection Set: 0.0ms
[2023-11-10T11:35:41.108-0800][75744740ms] GC(21313)   Evacuate Collection Set: 1.6ms
[2023-11-10T11:35:41.108-0800][75744740ms] GC(21313)   Post Evacuate Collection Set: 3.2ms
[2023-11-10T11:35:41.108-0800][75744740ms] GC(21313)   Other: 0.3ms
[2023-11-10T11:35:41.108-0800][75744740ms] GC(21313) Eden regions: 208->0(208)
[2023-11-10T11:35:41.108-0800][75744740ms] GC(21313) Survivor regions: 1->1(27)
[2023-11-10T11:35:41.108-0800][75744740ms] GC(21313) Old regions: 1405->1405
[2023-11-10T11:35:41.108-0800][75744740ms] GC(21313) Humongous regions: 5->5
[2023-11-10T11:35:41.108-0800][75744740ms] GC(21313) Metaspace: 304854K->304854K(1347584K)
[2023-11-10T11:35:41.108-0800][75744740ms] GC(21313) Pause Young (Normal) (G1 Evacuation Pause) 3235M->2819M(3602M) 5.278ms
[2023-11-10T11:35:41.108-0800][75744740ms] GC(21313) User=0.00s Sys=0.00s Real=0.01s
[2023-11-10T11:35:41.638-0800][75745270ms] GC(21314) Pause Young (Normal) (G1 Evacuation Pause)
[2023-11-10T11:35:41.638-0800][75745270ms] GC(21314) Using 10 workers of 10 for evacuation
[2023-11-10T11:35:41.643-0800][75745275ms] GC(21314)   Pre Evacuate Collection Set: 0.0ms
[2023-11-10T11:35:41.643-0800][75745275ms] GC(21314)   Evacuate Collection Set: 1.9ms
[2023-11-10T11:35:41.643-0800][75745275ms] GC(21314)   Post Evacuate Collection Set: 3.2ms
[2023-11-10T11:35:41.643-0800][75745275ms] GC(21314)   Other: 0.3ms
[2023-11-10T11:35:41.643-0800][75745275ms] GC(21314) Eden regions: 208->0(208)
[2023-11-10T11:35:41.643-0800][75745275ms] GC(21314) Survivor regions: 1->1(27)
[2023-11-10T11:35:41.643-0800][75745275ms] GC(21314) Old regions: 1405->1405
[2023-11-10T11:35:41.643-0800][75745275ms] GC(21314) Humongous regions: 5->5
[2023-11-10T11:35:41.643-0800][75745275ms] GC(21314) Metaspace: 304854K->304854K(1347584K)
[2023-11-10T11:35:41.643-0800][75745275ms] GC(21314) Pause Young (Normal) (G1 Evacuation Pause) 3235M->2819M(3602M) 5.447ms
[2023-11-10T11:35:41.643-0800][75745275ms] GC(21314) User=0.00s Sys=0.00s Real=0.00s
[2023-11-10T11:35:42.129-0800][75745761ms] GC(21315) Pause Young (Normal) (G1 Evacuation Pause)
[2023-11-10T11:35:42.129-0800][75745761ms] GC(21315) Using 10 workers of 10 for evacuation
[2023-11-10T11:35:42.137-0800][75745769ms] GC(21315)   Pre Evacuate Collection Set: 0.0ms
[2023-11-10T11:35:42.137-0800][75745769ms] GC(21315)   Evacuate Collection Set: 2.5ms
[2023-11-10T11:35:42.137-0800][75745769ms] GC(21315)   Post Evacuate Collection Set: 4.4ms
[2023-11-10T11:35:42.137-0800][75745769ms] GC(21315)   Other: 0.3ms
[2023-11-10T11:35:42.137-0800][75745769ms] GC(21315) Eden regions: 208->0(208)
[2023-11-10T11:35:42.137-0800][75745769ms] GC(21315) Survivor regions: 1->1(27)
[2023-11-10T11:35:42.137-0800][75745769ms] GC(21315) Old regions: 1405->1405
[2023-11-10T11:35:42.137-0800][75745769ms] GC(21315) Humongous regions: 5->5
[2023-11-10T11:35:42.137-0800][75745769ms] GC(21315) Metaspace: 304854K->304854K(1347584K)
[2023-11-10T11:35:42.137-0800][75745769ms] GC(21315) Pause Young (Normal) (G1 Evacuation Pause) 3235M->2819M(3602M) 7.346ms
[2023-11-10T11:35:42.137-0800][75745769ms] GC(21315) User=0.02s Sys=0.00s Real=0.01s
[2023-11-10T11:35:42.624-0800][75746256ms] GC(21316) Pause Young (Normal) (G1 Evacuation Pause)
[2023-11-10T11:35:42.624-0800][75746256ms] GC(21316) Using 10 workers of 10 for evacuation
[2023-11-10T11:35:42.630-0800][75746262ms] GC(21316)   Pre Evacuate Collection Set: 0.0ms
[2023-11-10T11:35:42.630-0800][75746262ms] GC(21316)   Evacuate Collection Set: 2.3ms
[2023-11-10T11:35:42.630-0800][75746262ms] GC(21316)   Post Evacuate Collection Set: 4.2ms
[2023-11-10T11:35:42.630-0800][75746262ms] GC(21316)   Other: 0.3ms
[2023-11-10T11:35:42.630-0800][75746262ms] GC(21316) Eden regions: 208->0(208)
[2023-11-10T11:35:42.630-0800][75746262ms] GC(21316) Survivor regions: 1->1(27)
[2023-11-10T11:35:42.630-0800][75746262ms] GC(21316) Old regions: 1405->1405
[2023-11-10T11:35:42.630-0800][75746262ms] GC(21316) Humongous regions: 5->5
[2023-11-10T11:35:42.630-0800][75746262ms] GC(21316) Metaspace: 304854K->304854K(1347584K)
[2023-11-10T11:35:42.630-0800][75746262ms] GC(21316) Pause Young (Normal) (G1 Evacuation Pause) 3235M->2819M(3602M) 6.956ms
[2023-11-10T11:35:42.631-0800][75746263ms] GC(21316) User=0.00s Sys=0.00s Real=0.01s
[2023-11-10T11:35:43.119-0800][75746751ms] GC(21317) Pause Young (Normal) (G1 Evacuation Pause)
[2023-11-10T11:35:43.119-0800][75746751ms] GC(21317) Using 10 workers of 10 for evacuation
[2023-11-10T11:35:43.126-0800][75746758ms] GC(21317)   Pre Evacuate Collection Set: 0.1ms
[2023-11-10T11:35:43.126-0800][75746758ms] GC(21317)   Evacuate Collection Set: 1.9ms
[2023-11-10T11:35:43.126-0800][75746758ms] GC(21317)   Post Evacuate Collection Set: 3.4ms
[2023-11-10T11:35:43.126-0800][75746758ms] GC(21317)   Other: 0.3ms
[2023-11-10T11:35:43.126-0800][75746758ms] GC(21317) Eden regions: 208->0(208)
[2023-11-10T11:35:43.126-0800][75746758ms] GC(21317) Survivor regions: 1->1(27)
[2023-11-10T11:35:43.126-0800][75746758ms] GC(21317) Old regions: 1405->1405
[2023-11-10T11:35:43.126-0800][75746758ms] GC(21317) Humongous regions: 5->5
[2023-11-10T11:35:43.126-0800][75746758ms] GC(21317) Metaspace: 304854K->304854K(1347584K)
[2023-11-10T11:35:43.126-0800][75746758ms] GC(21317) Pause Young (Normal) (G1 Evacuation Pause) 3235M->2819M(3602M) 5.842ms
[2023-11-10T11:35:43.126-0800][75746758ms] GC(21317) User=0.00s Sys=0.00s Real=0.01s
[2023-11-10T11:35:43.660-0800][75747292ms] GC(21318) Pause Young (Normal) (G1 Evacuation Pause)
[2023-11-10T11:35:43.660-0800][75747292ms] GC(21318) Using 10 workers of 10 for evacuation
[2023-11-10T11:35:43.665-0800][75747297ms] GC(21318)   Pre Evacuate Collection Set: 0.0ms
