[2023-11-10T12:04:51.077-0800][77494709ms] GC(25098) Pause Young (Normal) (G1 Evacuation Pause) 3232M->2914M(3602M) 6.773ms
[2023-11-10T12:04:51.077-0800][77494709ms] GC(25098) User=0.00s Sys=0.00s Real=0.01s
[2023-11-10T12:04:51.483-0800][77495115ms] GC(25099) Pause Young (Normal) (G1 Evacuation Pause)
[2023-11-10T12:04:51.483-0800][77495115ms] GC(25099) Using 10 workers of 10 for evacuation
[2023-11-10T12:04:51.489-0800][77495121ms] GC(25099)   Pre Evacuate Collection Set: 0.1ms
[2023-11-10T12:04:51.489-0800][77495121ms] GC(25099)   Evacuate Collection Set: 1.7ms
[2023-11-10T12:04:51.489-0800][77495121ms] GC(25099)   Post Evacuate Collection Set: 3.5ms
[2023-11-10T12:04:51.489-0800][77495121ms] GC(25099)   Other: 0.4ms
[2023-11-10T12:04:51.532-0800][77495164ms] GC(25099) Eden regions: 159->0(159)
[2023-11-10T12:04:51.532-0800][77495165ms] GC(25099) Survivor regions: 1->1(20)
[2023-11-10T12:04:51.533-0800][77495165ms] GC(25099) Old regions: 1453->1453
[2023-11-10T12:04:51.533-0800][77495165ms] GC(25099) Humongous regions: 5->5
[2023-11-10T12:04:51.533-0800][77495165ms] GC(25099) Metaspace: 305043K->305043K(1349632K)
[2023-11-10T12:04:51.533-0800][77495165ms] GC(25099) Pause Young (Normal) (G1 Evacuation Pause) 3232M->2914M(3602M) 48.771ms
[2023-11-10T12:04:51.533-0800][77495165ms] GC(25099) User=0.00s Sys=0.00s Real=0.05s
[2023-11-10T12:04:51.957-0800][77495589ms] GC(25100) Pause Young (Normal) (G1 Evacuation Pause)
[2023-11-10T12:04:51.957-0800][77495589ms] GC(25100) Using 10 workers of 10 for evacuation
[2023-11-10T12:04:51.964-0800][77495596ms] GC(25100)   Pre Evacuate Collection Set: 0.1ms
[2023-11-10T12:04:51.964-0800][77495596ms] GC(25100)   Evacuate Collection Set: 2.0ms
[2023-11-10T12:04:51.964-0800][77495596ms] GC(25100)   Post Evacuate Collection Set: 4.3ms
[2023-11-10T12:04:51.964-0800][77495596ms] GC(25100)   Other: 0.3ms
[2023-11-10T12:04:51.964-0800][77495596ms] GC(25100) Eden regions: 159->0(159)
[2023-11-10T12:04:51.964-0800][77495596ms] GC(25100) Survivor regions: 1->1(20)
[2023-11-10T12:04:51.964-0800][77495596ms] GC(25100) Old regions: 1453->1453
[2023-11-10T12:04:51.964-0800][77495596ms] GC(25100) Humongous regions: 5->5
[2023-11-10T12:04:51.964-0800][77495596ms] GC(25100) Metaspace: 305043K->305043K(1349632K)
[2023-11-10T12:04:51.964-0800][77495596ms] GC(25100) Pause Young (Normal) (G1 Evacuation Pause) 3232M->2914M(3602M) 6.778ms
[2023-11-10T12:04:51.964-0800][77495596ms] GC(25100) User=0.02s Sys=0.00s Real=0.01s
[2023-11-10T12:04:52.343-0800][77495975ms] GC(25101) Pause Young (Normal) (G1 Evacuation Pause)
[2023-11-10T12:04:52.343-0800][77495975ms] GC(25101) Using 10 workers of 10 for evacuation
[2023-11-10T12:04:52.348-0800][77495980ms] GC(25101)   Pre Evacuate Collection Set: 0.0ms
[2023-11-10T12:04:52.348-0800][77495980ms] GC(25101)   Evacuate Collection Set: 1.6ms
[2023-11-10T12:04:52.348-0800][77495980ms] GC(25101)   Post Evacuate Collection Set: 2.9ms
[2023-11-10T12:04:52.348-0800][77495980ms] GC(25101)   Other: 0.3ms
[2023-11-10T12:04:52.348-0800][77495980ms] GC(25101) Eden regions: 159->0(159)
[2023-11-10T12:04:52.348-0800][77495980ms] GC(25101) Survivor regions: 1->1(20)
[2023-11-10T12:04:52.348-0800][77495980ms] GC(25101) Old regions: 1453->1453
[2023-11-10T12:04:52.348-0800][77495980ms] GC(25101) Humongous regions: 5->5
[2023-11-10T12:04:52.348-0800][77495980ms] GC(25101) Metaspace: 305043K->305043K(1349632K)
[2023-11-10T12:04:52.348-0800][77495980ms] GC(25101) Pause Young (Normal) (G1 Evacuation Pause) 3232M->2914M(3602M) 4.914ms
[2023-11-10T12:04:52.348-0800][77495980ms] GC(25101) User=0.00s Sys=0.00s Real=0.01s
[2023-11-10T12:04:52.852-0800][77496484ms] GC(25102) Pause Young (Normal) (G1 Evacuation Pause)
[2023-11-10T12:04:52.852-0800][77496484ms] GC(25102) Using 10 workers of 10 for evacuation
[2023-11-10T12:04:52.858-0800][77496490ms] GC(25102)   Pre Evacuate Collection Set: 0.0ms
[2023-11-10T12:04:52.858-0800][77496490ms] GC(25102)   Evacuate Collection Set: 2.0ms
[2023-11-10T12:04:52.858-0800][77496490ms] GC(25102)   Post Evacuate Collection Set: 3.8ms
[2023-11-10T12:04:52.858-0800][77496490ms] GC(25102)   Other: 0.3ms
[2023-11-10T12:04:52.858-0800][77496490ms] GC(25102) Eden regions: 159->0(159)
[2023-11-10T12:04:52.858-0800][77496490ms] GC(25102) Survivor regions: 1->1(20)
[2023-11-10T12:04:52.858-0800][77496490ms] GC(25102) Old regions: 1453->1453
[2023-11-10T12:04:52.858-0800][77496490ms] GC(25102) Humongous regions: 5->5
[2023-11-10T12:04:52.858-0800][77496490ms] GC(25102) Metaspace: 305043K->305043K(1349632K)
[2023-11-10T12:04:52.858-0800][77496490ms] GC(25102) Pause Young (Normal) (G1 Evacuation Pause) 3232M->2914M(3602M) 6.353ms
[2023-11-10T12:04:52.858-0800][77496490ms] GC(25102) User=0.00s Sys=0.00s Real=0.01s
[2023-11-10T12:04:53.239-0800][77496871ms] GC(25103) Pause Young (Normal) (G1 Evacuation Pause)
[2023-11-10T12:04:53.239-0800][77496871ms] GC(25103) Using 10 workers of 10 for evacuation
[2023-11-10T12:04:53.245-0800][77496877ms] GC(25103)   Pre Evacuate Collection Set: 0.1ms
[2023-11-10T12:04:53.245-0800][77496877ms] GC(25103)   Evacuate Collection Set: 1.8ms
[2023-11-10T12:04:53.245-0800][77496877ms] GC(25103)   Post Evacuate Collection Set: 4.3ms
[2023-11-10T12:04:53.245-0800][77496877ms] GC(25103)   Other: 0.3ms
[2023-11-10T12:04:53.245-0800][77496877ms] GC(25103) Eden regions: 159->0(159)
[2023-11-10T12:04:53.245-0800][77496877ms] GC(25103) Survivor regions: 1->1(20)
[2023-11-10T12:04:53.245-0800][77496877ms] GC(25103) Old regions: 1453->1453
[2023-11-10T12:04:53.245-0800][77496877ms] GC(25103) Humongous regions: 5->5
[2023-11-10T12:04:53.246-0800][77496878ms] GC(25103) Metaspace: 305043K->305043K(1349632K)
[2023-11-10T12:04:53.246-0800][77496878ms] GC(25103) Pause Young (Normal) (G1 Evacuation Pause) 3232M->2914M(3602M) 6.653ms
[2023-11-10T12:04:53.246-0800][77496878ms] GC(25103) User=0.02s Sys=0.00s Real=0.01s
[2023-11-10T12:04:53.675-0800][77497307ms] GC(25104) Pause Young (Normal) (G1 Evacuation Pause)
[2023-11-10T12:04:53.675-0800][77497307ms] GC(25104) Using 10 workers of 10 for evacuation
[2023-11-10T12:04:53.681-0800][77497313ms] GC(25104)   Pre Evacuate Collection Set: 0.0ms
[2023-11-10T12:04:53.681-0800][77497313ms] GC(25104)   Evacuate Collection Set: 1.6ms
[2023-11-10T12:04:53.681-0800][77497313ms] GC(25104)   Post Evacuate Collection Set: 3.5ms
[2023-11-10T12:04:53.681-0800][77497313ms] GC(25104)   Other: 0.3ms
[2023-11-10T12:04:53.681-0800][77497313ms] GC(25104) Eden regions: 159->0(159)
[2023-11-10T12:04:53.681-0800][77497313ms] GC(25104) Survivor regions: 1->1(20)
[2023-11-10T12:04:53.681-0800][77497313ms] GC(25104) Old regions: 1453->1453
[2023-11-10T12:04:53.681-0800][77497313ms] GC(25104) Humongous regions: 5->5
[2023-11-10T12:04:53.681-0800][77497313ms] GC(25104) Metaspace: 305043K->305043K(1349632K)
[2023-11-10T12:04:53.681-0800][77497313ms] GC(25104) Pause Young (Normal) (G1 Evacuation Pause) 3232M->2914M(3602M) 5.545ms
[2023-11-10T12:04:53.681-0800][77497313ms] GC(25104) User=0.00s Sys=0.00s Real=0.01s
[2023-11-10T12:04:54.038-0800][77497670ms] GC(25105) Pause Young (Normal) (G1 Evacuation Pause)
[2023-11-10T12:04:54.038-0800][77497670ms] GC(25105) Using 10 workers of 10 for evacuation
[2023-11-10T12:04:54.044-0800][77497676ms] GC(25105)   Pre Evacuate Collection Set: 0.0ms
[2023-11-10T12:04:54.044-0800][77497676ms] GC(25105)   Evacuate Collection Set: 1.7ms
[2023-11-10T12:04:54.044-0800][77497676ms] GC(25105)   Post Evacuate Collection Set: 3.1ms
[2023-11-10T12:04:54.044-0800][77497676ms] GC(25105)   Other: 0.3ms
[2023-11-10T12:04:54.044-0800][77497676ms] GC(25105) Eden regions: 159->0(159)
[2023-11-10T12:04:54.044-0800][77497676ms] GC(25105) Survivor regions: 1->1(20)
[2023-11-10T12:04:54.044-0800][77497676ms] GC(25105) Old regions: 1453->1453
[2023-11-10T12:04:54.044-0800][77497676ms] GC(25105) Humongous regions: 5->5
[2023-11-10T12:04:54.044-0800][77497676ms] GC(25105) Metaspace: 305043K->305043K(1349632K)
[2023-11-10T12:04:54.044-0800][77497676ms] GC(25105) Pause Young (Normal) (G1 Evacuation Pause) 3232M->2914M(3602M) 5.196ms
[2023-11-10T12:04:54.044-0800][77497676ms] GC(25105) User=0.00s Sys=0.00s Real=0.01s
[2023-11-10T12:04:54.424-0800][77498056ms] GC(25106) Pause Young (Normal) (G1 Evacuation Pause)
[2023-11-10T12:04:54.424-0800][77498056ms] GC(25106) Using 10 workers of 10 for evacuation
[2023-11-10T12:04:54.429-0800][77498061ms] GC(25106)   Pre Evacuate Collection Set: 0.0ms
[2023-11-10T12:04:54.429-0800][77498061ms] GC(25106)   Evacuate Collection Set: 1.6ms
[2023-11-10T12:04:54.429-0800][77498061ms] GC(25106)   Post Evacuate Collection Set: 2.9ms
[2023-11-10T12:04:54.429-0800][77498061ms] GC(25106)   Other: 0.2ms
[2023-11-10T12:04:54.429-0800][77498061ms] GC(25106) Eden regions: 159->0(159)
[2023-11-10T12:04:54.429-0800][77498061ms] GC(25106) Survivor regions: 1->1(20)
[2023-11-10T12:04:54.429-0800][77498061ms] GC(25106) Old regions: 1453->1453
[2023-11-10T12:04:54.429-0800][77498061ms] GC(25106) Humongous regions: 5->5
[2023-11-10T12:04:54.429-0800][77498061ms] GC(25106) Metaspace: 305043K->305043K(1349632K)
[2023-11-10T12:04:54.429-0800][77498061ms] GC(25106) Pause Young (Normal) (G1 Evacuation Pause) 3232M->2914M(3602M) 4.904ms
[2023-11-10T12:04:54.429-0800][77498061ms] GC(25106) User=0.00s Sys=0.00s Real=0.00s
[2023-11-10T12:04:54.788-0800][77498420ms] GC(25107) Pause Young (Normal) (G1 Evacuation Pause)
[2023-11-10T12:04:54.788-0800][77498420ms] GC(25107) Using 10 workers of 10 for evacuation
[2023-11-10T12:04:54.793-0800][77498425ms] GC(25107)   Pre Evacuate Collection Set: 0.1ms
[2023-11-10T12:04:54.793-0800][77498425ms] GC(25107)   Evacuate Collection Set: 1.7ms
[2023-11-10T12:04:54.793-0800][77498425ms] GC(25107)   Post Evacuate Collection Set: 3.4ms
[2023-11-10T12:04:54.793-0800][77498425ms] GC(25107)   Other: 0.3ms
[2023-11-10T12:04:54.793-0800][77498425ms] GC(25107) Eden regions: 159->0(159)
[2023-11-10T12:04:54.793-0800][77498425ms] GC(25107) Survivor regions: 1->1(20)
[2023-11-10T12:04:54.793-0800][77498425ms] GC(25107) Old regions: 1453->1453
[2023-11-10T12:04:54.793-0800][77498425ms] GC(25107) Humongous regions: 5->5
[2023-11-10T12:04:54.793-0800][77498425ms] GC(25107) Metaspace: 305043K->305043K(1349632K)
[2023-11-10T12:04:54.793-0800][77498425ms] GC(25107) Pause Young (Normal) (G1 Evacuation Pause) 3232M->2914M(3602M) 5.531ms
[2023-11-10T12:04:54.793-0800][77498425ms] GC(25107) User=0.05s Sys=0.00s Real=0.00s
[2023-11-10T12:04:55.205-0800][77498837ms] GC(25108) Pause Young (Normal) (G1 Evacuation Pause)
[2023-11-10T12:04:55.205-0800][77498837ms] GC(25108) Using 10 workers of 10 for evacuation
[2023-11-10T12:04:55.210-0800][77498842ms] GC(25108)   Pre Evacuate Collection Set: 0.0ms
[2023-11-10T12:04:55.210-0800][77498842ms] GC(25108)   Evacuate Collection Set: 1.7ms
[2023-11-10T12:04:55.211-0800][77498843ms] GC(25108)   Post Evacuate Collection Set: 3.1ms
[2023-11-10T12:04:55.211-0800][77498843ms] GC(25108)   Other: 0.2ms
[2023-11-10T12:04:55.211-0800][77498843ms] GC(25108) Eden regions: 159->0(159)
[2023-11-10T12:04:55.211-0800][77498843ms] GC(25108) Survivor regions: 1->1(20)
[2023-11-10T12:04:55.211-0800][77498843ms] GC(25108) Old regions: 1453->1453
[2023-11-10T12:04:55.211-0800][77498843ms] GC(25108) Humongous regions: 5->5
[2023-11-10T12:04:55.211-0800][77498843ms] GC(25108) Metaspace: 305043K->305043K(1349632K)
[2023-11-10T12:04:55.211-0800][77498843ms] GC(25108) Pause Young (Normal) (G1 Evacuation Pause) 3232M->2914M(3602M) 5.174ms
[2023-11-10T12:04:55.211-0800][77498843ms] GC(25108) User=0.00s Sys=0.00s Real=0.01s
[2023-11-10T12:04:55.683-0800][77499315ms] GC(25109) Pause Young (Normal) (G1 Evacuation Pause)
[2023-11-10T12:04:55.683-0800][77499315ms] GC(25109) Using 10 workers of 10 for evacuation
[2023-11-10T12:04:55.696-0800][77499328ms] GC(25109)   Pre Evacuate Collection Set: 0.1ms
[2023-11-10T12:04:55.696-0800][77499328ms] GC(25109)   Evacuate Collection Set: 2.1ms
[2023-11-10T12:04:55.696-0800][77499328ms] GC(25109)   Post Evacuate Collection Set: 10.5ms
[2023-11-10T12:04:55.696-0800][77499328ms] GC(25109)   Other: 0.4ms
[2023-11-10T12:04:55.696-0800][77499328ms] GC(25109) Eden regions: 159->0(159)
[2023-11-10T12:04:55.696-0800][77499328ms] GC(25109) Survivor regions: 1->1(20)
[2023-11-10T12:04:55.696-0800][77499328ms] GC(25109) Old regions: 1453->1453
[2023-11-10T12:04:55.696-0800][77499328ms] GC(25109) Humongous regions: 5->5
[2023-11-10T12:04:55.696-0800][77499328ms] GC(25109) Metaspace: 305043K->305043K(1349632K)
[2023-11-10T12:04:55.696-0800][77499328ms] GC(25109) Pause Young (Normal) (G1 Evacuation Pause) 3232M->2914M(3602M) 13.308ms
[2023-11-10T12:04:55.696-0800][77499328ms] GC(25109) User=0.00s Sys=0.00s Real=0.01s
[2023-11-10T12:04:56.268-0800][77499900ms] GC(25110) Pause Young (Normal) (G1 Evacuation Pause)
[2023-11-10T12:04:56.268-0800][77499900ms] GC(25110) Using 10 workers of 10 for evacuation
[2023-11-10T12:04:56.273-0800][77499905ms] GC(25110)   Pre Evacuate Collection Set: 0.0ms
[2023-11-10T12:04:56.273-0800][77499905ms] GC(25110)   Evacuate Collection Set: 1.9ms
[2023-11-10T12:04:56.273-0800][77499905ms] GC(25110)   Post Evacuate Collection Set: 3.4ms
[2023-11-10T12:04:56.273-0800][77499905ms] GC(25110)   Other: 0.3ms
[2023-11-10T12:04:56.273-0800][77499905ms] GC(25110) Eden regions: 159->0(159)
[2023-11-10T12:04:56.273-0800][77499905ms] GC(25110) Survivor regions: 1->1(20)
[2023-11-10T12:04:56.273-0800][77499905ms] GC(25110) Old regions: 1453->1453
[2023-11-10T12:04:56.273-0800][77499905ms] GC(25110) Humongous regions: 5->5
[2023-11-10T12:04:56.273-0800][77499905ms] GC(25110) Metaspace: 305043K->305043K(1349632K)
[2023-11-10T12:04:56.273-0800][77499905ms] GC(25110) Pause Young (Normal) (G1 Evacuation Pause) 3232M->2914M(3602M) 5.743ms
[2023-11-10T12:04:56.273-0800][77499905ms] GC(25110) User=0.00s Sys=0.00s Real=0.01s
[2023-11-10T12:04:56.700-0800][77500332ms] GC(25111) Pause Young (Normal) (G1 Evacuation Pause)
[2023-11-10T12:04:56.700-0800][77500332ms] GC(25111) Using 10 workers of 10 for evacuation
[2023-11-10T12:04:56.707-0800][77500339ms] GC(25111)   Pre Evacuate Collection Set: 0.1ms
[2023-11-10T12:04:56.707-0800][77500339ms] GC(25111)   Evacuate Collection Set: 2.0ms
[2023-11-10T12:04:56.707-0800][77500339ms] GC(25111)   Post Evacuate Collection Set: 3.6ms
[2023-11-10T12:04:56.707-0800][77500339ms] GC(25111)   Other: 0.5ms
[2023-11-10T12:04:56.707-0800][77500339ms] GC(25111) Eden regions: 159->0(159)
[2023-11-10T12:04:56.707-0800][77500339ms] GC(25111) Survivor regions: 1->1(20)
[2023-11-10T12:04:56.707-0800][77500339ms] GC(25111) Old regions: 1453->1453
[2023-11-10T12:04:56.707-0800][77500339ms] GC(25111) Humongous regions: 5->5
[2023-11-10T12:04:56.707-0800][77500339ms] GC(25111) Metaspace: 305043K->305043K(1349632K)
[2023-11-10T12:04:56.707-0800][77500339ms] GC(25111) Pause Young (Normal) (G1 Evacuation Pause) 3232M->2914M(3602M) 6.334ms
[2023-11-10T12:04:56.707-0800][77500339ms] GC(25111) User=0.00s Sys=0.00s Real=0.01s
[2023-11-10T12:04:57.081-0800][77500713ms] GC(25112) Pause Young (Normal) (G1 Evacuation Pause)
[2023-11-10T12:04:57.081-0800][77500713ms] GC(25112) Using 10 workers of 10 for evacuation
[2023-11-10T12:04:57.087-0800][77500719ms] GC(25112)   Pre Evacuate Collection Set: 0.0ms
[2023-11-10T12:04:57.088-0800][77500720ms] GC(25112)   Evacuate Collection Set: 1.9ms
[2023-11-10T12:04:57.088-0800][77500720ms] GC(25112)   Post Evacuate Collection Set: 3.4ms
[2023-11-10T12:04:57.088-0800][77500720ms] GC(25112)   Other: 0.3ms
[2023-11-10T12:04:57.088-0800][77500720ms] GC(25112) Eden regions: 159->0(159)
[2023-11-10T12:04:57.088-0800][77500720ms] GC(25112) Survivor regions: 1->1(20)
[2023-11-10T12:04:57.088-0800][77500720ms] GC(25112) Old regions: 1453->1453
[2023-11-10T12:04:57.088-0800][77500720ms] GC(25112) Humongous regions: 5->5
[2023-11-10T12:04:57.088-0800][77500720ms] GC(25112) Metaspace: 305043K->305043K(1349632K)
[2023-11-10T12:04:57.088-0800][77500720ms] GC(25112) Pause Young (Normal) (G1 Evacuation Pause) 3232M->2914M(3602M) 5.797ms
[2023-11-10T12:04:57.088-0800][77500720ms] GC(25112) User=0.00s Sys=0.00s Real=0.01s
[2023-11-10T12:04:57.501-0800][77501133ms] GC(25113) Pause Young (Normal) (G1 Evacuation Pause)
[2023-11-10T12:04:57.501-0800][77501133ms] GC(25113) Using 10 workers of 10 for evacuation
[2023-11-10T12:04:57.508-0800][77501140ms] GC(25113)   Pre Evacuate Collection Set: 0.1ms
[2023-11-10T12:04:57.508-0800][77501140ms] GC(25113)   Evacuate Collection Set: 1.7ms
[2023-11-10T12:04:57.508-0800][77501140ms] GC(25113)   Post Evacuate Collection Set: 4.5ms
[2023-11-10T12:04:57.508-0800][77501140ms] GC(25113)   Other: 0.4ms
[2023-11-10T12:04:57.508-0800][77501140ms] GC(25113) Eden regions: 159->0(159)
[2023-11-10T12:04:57.508-0800][77501140ms] GC(25113) Survivor regions: 1->1(20)
[2023-11-10T12:04:57.508-0800][77501140ms] GC(25113) Old regions: 1453->1453
[2023-11-10T12:04:57.508-0800][77501140ms] GC(25113) Humongous regions: 5->5
[2023-11-10T12:04:57.508-0800][77501140ms] GC(25113) Metaspace: 305043K->305043K(1349632K)
[2023-11-10T12:04:57.508-0800][77501140ms] GC(25113) Pause Young (Normal) (G1 Evacuation Pause) 3232M->2914M(3602M) 6.802ms
[2023-11-10T12:04:57.508-0800][77501140ms] GC(25113) User=0.00s Sys=0.02s Real=0.01s
[2023-11-10T12:04:57.858-0800][77501490ms] GC(25114) Pause Young (Normal) (G1 Evacuation Pause)
[2023-11-10T12:04:57.858-0800][77501490ms] GC(25114) Using 10 workers of 10 for evacuation
[2023-11-10T12:04:57.863-0800][77501495ms] GC(25114)   Pre Evacuate Collection Set: 0.0ms
[2023-11-10T12:04:57.863-0800][77501495ms] GC(25114)   Evacuate Collection Set: 1.6ms
[2023-11-10T12:04:57.863-0800][77501495ms] GC(25114)   Post Evacuate Collection Set: 2.9ms
[2023-11-10T12:04:57.863-0800][77501495ms] GC(25114)   Other: 0.2ms
[2023-11-10T12:04:57.863-0800][77501495ms] GC(25114) Eden regions: 159->0(160)
[2023-11-10T12:04:57.863-0800][77501495ms] GC(25114) Survivor regions: 1->1(20)
[2023-11-10T12:04:57.863-0800][77501495ms] GC(25114) Old regions: 1453->1453
[2023-11-10T12:04:57.863-0800][77501495ms] GC(25114) Humongous regions: 5->5
[2023-11-10T12:04:57.863-0800][77501495ms] GC(25114) Metaspace: 305043K->305043K(1349632K)
[2023-11-10T12:04:57.863-0800][77501495ms] GC(25114) Pause Young (Normal) (G1 Evacuation Pause) 3232M->2914M(3602M) 4.892ms
[2023-11-10T12:04:57.863-0800][77501495ms] GC(25114) User=0.00s Sys=0.00s Real=0.00s
[2023-11-10T12:04:58.211-0800][77501843ms] GC(25115) Pause Young (Normal) (G1 Evacuation Pause)
[2023-11-10T12:04:58.211-0800][77501843ms] GC(25115) Using 10 workers of 10 for evacuation
[2023-11-10T12:04:58.221-0800][77501853ms] GC(25115)   Pre Evacuate Collection Set: 0.0ms
[2023-11-10T12:04:58.221-0800][77501853ms] GC(25115)   Evacuate Collection Set: 7.2ms
[2023-11-10T12:04:58.221-0800][77501853ms] GC(25115)   Post Evacuate Collection Set: 3.1ms
[2023-11-10T12:04:58.221-0800][77501853ms] GC(25115)   Other: 0.3ms
[2023-11-10T12:04:58.221-0800][77501853ms] GC(25115) Eden regions: 160->0(160)
[2023-11-10T12:04:58.221-0800][77501853ms] GC(25115) Survivor regions: 1->1(21)
[2023-11-10T12:04:58.221-0800][77501853ms] GC(25115) Old regions: 1453->1453
[2023-11-10T12:04:58.221-0800][77501853ms] GC(25115) Humongous regions: 5->5
[2023-11-10T12:04:58.221-0800][77501853ms] GC(25115) Metaspace: 305043K->305043K(1349632K)
[2023-11-10T12:04:58.221-0800][77501853ms] GC(25115) Pause Young (Normal) (G1 Evacuation Pause) 3234M->2915M(3602M) 10.743ms
[2023-11-10T12:04:58.221-0800][77501853ms] GC(25115) User=0.00s Sys=0.00s Real=0.01s
[2023-11-10T12:04:58.608-0800][77502240ms] GC(25116) Pause Young (Normal) (G1 Evacuation Pause)
[2023-11-10T12:04:58.608-0800][77502240ms] GC(25116) Using 10 workers of 10 for evacuation
[2023-11-10T12:04:58.613-0800][77502245ms] GC(25116)   Pre Evacuate Collection Set: 0.0ms
[2023-11-10T12:04:58.613-0800][77502245ms] GC(25116)   Evacuate Collection Set: 1.7ms
[2023-11-10T12:04:58.613-0800][77502245ms] GC(25116)   Post Evacuate Collection Set: 3.0ms
[2023-11-10T12:04:58.613-0800][77502245ms] GC(25116)   Other: 0.2ms
[2023-11-10T12:04:58.613-0800][77502245ms] GC(25116) Eden regions: 160->0(160)
[2023-11-10T12:04:58.613-0800][77502245ms] GC(25116) Survivor regions: 1->1(21)
[2023-11-10T12:04:58.613-0800][77502245ms] GC(25116) Old regions: 1453->1453
[2023-11-10T12:04:58.613-0800][77502245ms] GC(25116) Humongous regions: 5->5
[2023-11-10T12:04:58.613-0800][77502245ms] GC(25116) Metaspace: 305043K->305043K(1349632K)
[2023-11-10T12:04:58.613-0800][77502245ms] GC(25116) Pause Young (Normal) (G1 Evacuation Pause) 3235M->2914M(3602M) 5.104ms
[2023-11-10T12:04:58.613-0800][77502245ms] GC(25116) User=0.00s Sys=0.00s Real=0.00s
[2023-11-10T12:04:58.997-0800][77502629ms] GC(25117) Pause Young (Normal) (G1 Evacuation Pause)
[2023-11-10T12:04:58.997-0800][77502629ms] GC(25117) Using 10 workers of 10 for evacuation
[2023-11-10T12:04:59.004-0800][77502636ms] GC(25117)   Pre Evacuate Collection Set: 0.0ms
[2023-11-10T12:04:59.004-0800][77502636ms] GC(25117)   Evacuate Collection Set: 1.7ms
[2023-11-10T12:04:59.004-0800][77502636ms] GC(25117)   Post Evacuate Collection Set: 4.5ms
[2023-11-10T12:04:59.004-0800][77502636ms] GC(25117)   Other: 0.3ms
[2023-11-10T12:04:59.004-0800][77502636ms] GC(25117) Eden regions: 160->0(160)
[2023-11-10T12:04:59.004-0800][77502636ms] GC(25117) Survivor regions: 1->1(21)
[2023-11-10T12:04:59.004-0800][77502636ms] GC(25117) Old regions: 1453->1453
[2023-11-10T12:04:59.004-0800][77502636ms] GC(25117) Humongous regions: 5->5
[2023-11-10T12:04:59.004-0800][77502636ms] GC(25117) Metaspace: 305043K->305043K(1349632K)
[2023-11-10T12:04:59.004-0800][77502636ms] GC(25117) Pause Young (Normal) (G1 Evacuation Pause) 3234M->2914M(3602M) 6.578ms
[2023-11-10T12:04:59.004-0800][77502636ms] GC(25117) User=0.00s Sys=0.00s Real=0.01s
[2023-11-10T12:04:59.408-0800][77503040ms] GC(25118) Pause Young (Normal) (G1 Evacuation Pause)
[2023-11-10T12:04:59.408-0800][77503040ms] GC(25118) Using 10 workers of 10 for evacuation
[2023-11-10T12:04:59.413-0800][77503045ms] GC(25118)   Pre Evacuate Collection Set: 0.0ms
[2023-11-10T12:04:59.413-0800][77503045ms] GC(25118)   Evacuate Collection Set: 1.7ms
[2023-11-10T12:04:59.413-0800][77503045ms] GC(25118)   Post Evacuate Collection Set: 2.9ms
[2023-11-10T12:04:59.413-0800][77503045ms] GC(25118)   Other: 0.3ms
[2023-11-10T12:04:59.413-0800][77503045ms] GC(25118) Eden regions: 160->0(160)
[2023-11-10T12:04:59.413-0800][77503045ms] GC(25118) Survivor regions: 1->1(21)
[2023-11-10T12:04:59.413-0800][77503045ms] GC(25118) Old regions: 1453->1453
[2023-11-10T12:04:59.413-0800][77503045ms] GC(25118) Humongous regions: 5->5
[2023-11-10T12:04:59.413-0800][77503045ms] GC(25118) Metaspace: 305043K->305043K(1349632K)
[2023-11-10T12:04:59.413-0800][77503045ms] GC(25118) Pause Young (Normal) (G1 Evacuation Pause) 3234M->2914M(3602M) 5.019ms
[2023-11-10T12:04:59.413-0800][77503045ms] GC(25118) User=0.00s Sys=0.00s Real=0.01s
[2023-11-10T12:04:59.835-0800][77503467ms] GC(25119) Pause Young (Normal) (G1 Evacuation Pause)
[2023-11-10T12:04:59.835-0800][77503467ms] GC(25119) Using 10 workers of 10 for evacuation
[2023-11-10T12:04:59.840-0800][77503472ms] GC(25119)   Pre Evacuate Collection Set: 0.0ms
[2023-11-10T12:04:59.840-0800][77503472ms] GC(25119)   Evacuate Collection Set: 1.7ms
[2023-11-10T12:04:59.840-0800][77503472ms] GC(25119)   Post Evacuate Collection Set: 3.2ms
[2023-11-10T12:04:59.840-0800][77503472ms] GC(25119)   Other: 0.3ms
[2023-11-10T12:04:59.840-0800][77503472ms] GC(25119) Eden regions: 160->0(160)
[2023-11-10T12:04:59.840-0800][77503472ms] GC(25119) Survivor regions: 1->1(21)
[2023-11-10T12:04:59.840-0800][77503472ms] GC(25119) Old regions: 1453->1453
[2023-11-10T12:04:59.840-0800][77503472ms] GC(25119) Humongous regions: 5->5
[2023-11-10T12:04:59.840-0800][77503472ms] GC(25119) Metaspace: 305043K->305043K(1349632K)
[2023-11-10T12:04:59.840-0800][77503472ms] GC(25119) Pause Young (Normal) (G1 Evacuation Pause) 3234M->2914M(3602M) 5.285ms
[2023-11-10T12:04:59.840-0800][77503472ms] GC(25119) User=0.00s Sys=0.00s Real=0.00s
[2023-11-10T12:05:00.294-0800][77503926ms] GC(25120) Pause Young (Normal) (G1 Evacuation Pause)
[2023-11-10T12:05:00.294-0800][77503926ms] GC(25120) Using 10 workers of 10 for evacuation
[2023-11-10T12:05:00.299-0800][77503931ms] GC(25120)   Pre Evacuate Collection Set: 0.0ms
[2023-11-10T12:05:00.299-0800][77503931ms] GC(25120)   Evacuate Collection Set: 1.7ms
[2023-11-10T12:05:00.299-0800][77503931ms] GC(25120)   Post Evacuate Collection Set: 3.1ms
[2023-11-10T12:05:00.299-0800][77503931ms] GC(25120)   Other: 0.2ms
[2023-11-10T12:05:00.299-0800][77503931ms] GC(25120) Eden regions: 160->0(160)
[2023-11-10T12:05:00.299-0800][77503931ms] GC(25120) Survivor regions: 1->1(21)
[2023-11-10T12:05:00.299-0800][77503931ms] GC(25120) Old regions: 1453->1453
[2023-11-10T12:05:00.299-0800][77503931ms] GC(25120) Humongous regions: 5->5
[2023-11-10T12:05:00.299-0800][77503931ms] GC(25120) Metaspace: 305043K->305043K(1349632K)
[2023-11-10T12:05:00.299-0800][77503931ms] GC(25120) Pause Young (Normal) (G1 Evacuation Pause) 3234M->2915M(3602M) 5.214ms
[2023-11-10T12:05:00.299-0800][77503931ms] GC(25120) User=0.00s Sys=0.00s Real=0.01s
[2023-11-10T12:05:00.774-0800][77504406ms] GC(25121) Pause Young (Normal) (G1 Evacuation Pause)
[2023-11-10T12:05:00.774-0800][77504406ms] GC(25121) Using 10 workers of 10 for evacuation
[2023-11-10T12:05:00.779-0800][77504411ms] GC(25121)   Pre Evacuate Collection Set: 0.0ms
[2023-11-10T12:05:00.779-0800][77504411ms] GC(25121)   Evacuate Collection Set: 2.0ms
[2023-11-10T12:05:00.779-0800][77504411ms] GC(25121)   Post Evacuate Collection Set: 3.3ms
[2023-11-10T12:05:00.779-0800][77504411ms] GC(25121)   Other: 0.3ms
[2023-11-10T12:05:00.779-0800][77504411ms] GC(25121) Eden regions: 160->0(160)
[2023-11-10T12:05:00.779-0800][77504411ms] GC(25121) Survivor regions: 1->1(21)
[2023-11-10T12:05:00.779-0800][77504411ms] GC(25121) Old regions: 1453->1453
[2023-11-10T12:05:00.779-0800][77504411ms] GC(25121) Humongous regions: 5->5
[2023-11-10T12:05:00.779-0800][77504411ms] GC(25121) Metaspace: 305043K->305043K(1349632K)
[2023-11-10T12:05:00.779-0800][77504411ms] GC(25121) Pause Young (Normal) (G1 Evacuation Pause) 3235M->2915M(3602M) 5.699ms
[2023-11-10T12:05:00.779-0800][77504411ms] GC(25121) User=0.00s Sys=0.00s Real=0.01s
[2023-11-10T12:05:01.147-0800][77504779ms] GC(25122) Pause Young (Normal) (G1 Evacuation Pause)
[2023-11-10T12:05:01.147-0800][77504779ms] GC(25122) Using 10 workers of 10 for evacuation
[2023-11-10T12:05:01.153-0800][77504785ms] GC(25122)   Pre Evacuate Collection Set: 0.1ms
[2023-11-10T12:05:01.153-0800][77504785ms] GC(25122)   Evacuate Collection Set: 1.8ms
[2023-11-10T12:05:01.153-0800][77504785ms] GC(25122)   Post Evacuate Collection Set: 4.2ms
[2023-11-10T12:05:01.153-0800][77504785ms] GC(25122)   Other: 0.3ms
[2023-11-10T12:05:01.153-0800][77504785ms] GC(25122) Eden regions: 160->0(160)
[2023-11-10T12:05:01.153-0800][77504785ms] GC(25122) Survivor regions: 1->1(21)
[2023-11-10T12:05:01.153-0800][77504785ms] GC(25122) Old regions: 1453->1453
[2023-11-10T12:05:01.153-0800][77504785ms] GC(25122) Humongous regions: 5->5
[2023-11-10T12:05:01.153-0800][77504785ms] GC(25122) Metaspace: 305043K->305043K(1349632K)
[2023-11-10T12:05:01.154-0800][77504786ms] GC(25122) Pause Young (Normal) (G1 Evacuation Pause) 3235M->2915M(3602M) 6.583ms
[2023-11-10T12:05:01.154-0800][77504786ms] GC(25122) User=0.06s Sys=0.00s Real=0.01s
[2023-11-10T12:05:01.549-0800][77505181ms] GC(25123) Pause Young (Normal) (G1 Evacuation Pause)
[2023-11-10T12:05:01.549-0800][77505181ms] GC(25123) Using 10 workers of 10 for evacuation
[2023-11-10T12:05:01.553-0800][77505185ms] GC(25123)   Pre Evacuate Collection Set: 0.0ms
[2023-11-10T12:05:01.553-0800][77505185ms] GC(25123)   Evacuate Collection Set: 1.7ms
[2023-11-10T12:05:01.553-0800][77505185ms] GC(25123)   Post Evacuate Collection Set: 3.2ms
[2023-11-10T12:05:01.553-0800][77505185ms] GC(25123)   Other: 0.3ms
[2023-11-10T12:05:01.553-0800][77505185ms] GC(25123) Eden regions: 160->0(160)
[2023-11-10T12:05:01.553-0800][77505185ms] GC(25123) Survivor regions: 1->1(21)
[2023-11-10T12:05:01.553-0800][77505185ms] GC(25123) Old regions: 1453->1453
[2023-11-10T12:05:01.553-0800][77505185ms] GC(25123) Humongous regions: 5->5
[2023-11-10T12:05:01.553-0800][77505185ms] GC(25123) Metaspace: 305043K->305043K(1349632K)
[2023-11-10T12:05:01.553-0800][77505185ms] GC(25123) Pause Young (Normal) (G1 Evacuation Pause) 3235M->2915M(3602M) 5.289ms
[2023-11-10T12:05:01.553-0800][77505185ms] GC(25123) User=0.00s Sys=0.00s Real=0.00s
[2023-11-10T12:05:01.995-0800][77505627ms] GC(25124) Pause Young (Normal) (G1 Evacuation Pause)
[2023-11-10T12:05:01.995-0800][77505627ms] GC(25124) Using 10 workers of 10 for evacuation
[2023-11-10T12:05:02.001-0800][77505633ms] GC(25124)   Pre Evacuate Collection Set: 0.0ms
[2023-11-10T12:05:02.001-0800][77505633ms] GC(25124)   Evacuate Collection Set: 1.7ms
[2023-11-10T12:05:02.001-0800][77505633ms] GC(25124)   Post Evacuate Collection Set: 3.0ms
[2023-11-10T12:05:02.001-0800][77505633ms] GC(25124)   Other: 0.2ms
[2023-11-10T12:05:02.001-0800][77505633ms] GC(25124) Eden regions: 160->0(160)
[2023-11-10T12:05:02.001-0800][77505633ms] GC(25124) Survivor regions: 1->1(21)
[2023-11-10T12:05:02.001-0800][77505633ms] GC(25124) Old regions: 1453->1453
[2023-11-10T12:05:02.001-0800][77505633ms] GC(25124) Humongous regions: 5->5
[2023-11-10T12:05:02.001-0800][77505633ms] GC(25124) Metaspace: 305043K->305043K(1349632K)
[2023-11-10T12:05:02.001-0800][77505633ms] GC(25124) Pause Young (Normal) (G1 Evacuation Pause) 3235M->2915M(3602M) 5.023ms
[2023-11-10T12:05:02.001-0800][77505633ms] GC(25124) User=0.00s Sys=0.00s Real=0.01s
[2023-11-10T12:05:02.445-0800][77506077ms] GC(25125) Pause Young (Normal) (G1 Evacuation Pause)
[2023-11-10T12:05:02.445-0800][77506077ms] GC(25125) Using 10 workers of 10 for evacuation
[2023-11-10T12:05:02.450-0800][77506082ms] GC(25125)   Pre Evacuate Collection Set: 0.0ms
[2023-11-10T12:05:02.450-0800][77506082ms] GC(25125)   Evacuate Collection Set: 1.6ms
[2023-11-10T12:05:02.450-0800][77506082ms] GC(25125)   Post Evacuate Collection Set: 3.0ms
[2023-11-10T12:05:02.450-0800][77506082ms] GC(25125)   Other: 0.2ms
[2023-11-10T12:05:02.450-0800][77506082ms] GC(25125) Eden regions: 160->0(160)
[2023-11-10T12:05:02.450-0800][77506082ms] GC(25125) Survivor regions: 1->1(21)
[2023-11-10T12:05:02.450-0800][77506082ms] GC(25125) Old regions: 1453->1453
[2023-11-10T12:05:02.450-0800][77506082ms] GC(25125) Humongous regions: 5->5
[2023-11-10T12:05:02.450-0800][77506082ms] GC(25125) Metaspace: 305043K->305043K(1349632K)
[2023-11-10T12:05:02.450-0800][77506082ms] GC(25125) Pause Young (Normal) (G1 Evacuation Pause) 3235M->2915M(3602M) 5.050ms
[2023-11-10T12:05:02.450-0800][77506082ms] GC(25125) User=0.00s Sys=0.00s Real=0.01s
[2023-11-10T12:05:02.875-0800][77506507ms] GC(25126) Pause Young (Normal) (G1 Evacuation Pause)
[2023-11-10T12:05:02.875-0800][77506507ms] GC(25126) Using 10 workers of 10 for evacuation
[2023-11-10T12:05:02.880-0800][77506512ms] GC(25126)   Pre Evacuate Collection Set: 0.0ms
[2023-11-10T12:05:02.880-0800][77506512ms] GC(25126)   Evacuate Collection Set: 1.7ms
[2023-11-10T12:05:02.880-0800][77506512ms] GC(25126)   Post Evacuate Collection Set: 3.0ms
[2023-11-10T12:05:02.880-0800][77506512ms] GC(25126)   Other: 0.2ms
[2023-11-10T12:05:02.880-0800][77506512ms] GC(25126) Eden regions: 160->0(160)
[2023-11-10T12:05:02.880-0800][77506512ms] GC(25126) Survivor regions: 1->1(21)
[2023-11-10T12:05:02.880-0800][77506512ms] GC(25126) Old regions: 1453->1453
[2023-11-10T12:05:02.880-0800][77506512ms] GC(25126) Humongous regions: 5->5
[2023-11-10T12:05:02.880-0800][77506512ms] GC(25126) Metaspace: 305043K->305043K(1349632K)
[2023-11-10T12:05:02.880-0800][77506512ms] GC(25126) Pause Young (Normal) (G1 Evacuation Pause) 3235M->2915M(3602M) 5.092ms
[2023-11-10T12:05:02.880-0800][77506512ms] GC(25126) User=0.00s Sys=0.00s Real=0.01s
[2023-11-10T12:05:03.315-0800][77506947ms] GC(25127) Pause Young (Normal) (G1 Evacuation Pause)
[2023-11-10T12:05:03.316-0800][77506948ms] GC(25127) Using 10 workers of 10 for evacuation
[2023-11-10T12:05:03.321-0800][77506953ms] GC(25127)   Pre Evacuate Collection Set: 0.0ms
[2023-11-10T12:05:03.321-0800][77506953ms] GC(25127)   Evacuate Collection Set: 1.7ms
[2023-11-10T12:05:03.321-0800][77506953ms] GC(25127)   Post Evacuate Collection Set: 3.8ms
[2023-11-10T12:05:03.321-0800][77506953ms] GC(25127)   Other: 0.3ms
[2023-11-10T12:05:03.321-0800][77506953ms] GC(25127) Eden regions: 160->0(160)
[2023-11-10T12:05:03.321-0800][77506953ms] GC(25127) Survivor regions: 1->1(21)
[2023-11-10T12:05:03.321-0800][77506953ms] GC(25127) Old regions: 1453->1453
[2023-11-10T12:05:03.321-0800][77506953ms] GC(25127) Humongous regions: 5->5
[2023-11-10T12:05:03.321-0800][77506953ms] GC(25127) Metaspace: 305043K->305043K(1349632K)
[2023-11-10T12:05:03.321-0800][77506953ms] GC(25127) Pause Young (Normal) (G1 Evacuation Pause) 3235M->2915M(3602M) 6.014ms
[2023-11-10T12:05:03.322-0800][77506954ms] GC(25127) User=0.02s Sys=0.00s Real=0.01s
[2023-11-10T12:05:03.885-0800][77507517ms] GC(25128) Pause Young (Normal) (G1 Evacuation Pause)
[2023-11-10T12:05:03.885-0800][77507517ms] GC(25128) Using 10 workers of 10 for evacuation
[2023-11-10T12:05:03.891-0800][77507523ms] GC(25128)   Pre Evacuate Collection Set: 0.1ms
[2023-11-10T12:05:03.891-0800][77507523ms] GC(25128)   Evacuate Collection Set: 1.7ms
[2023-11-10T12:05:03.891-0800][77507523ms] GC(25128)   Post Evacuate Collection Set: 4.0ms
[2023-11-10T12:05:03.891-0800][77507523ms] GC(25128)   Other: 0.3ms
[2023-11-10T12:05:03.891-0800][77507523ms] GC(25128) Eden regions: 160->0(160)
[2023-11-10T12:05:03.891-0800][77507523ms] GC(25128) Survivor regions: 1->1(21)
[2023-11-10T12:05:03.891-0800][77507523ms] GC(25128) Old regions: 1453->1453
[2023-11-10T12:05:03.891-0800][77507523ms] GC(25128) Humongous regions: 5->5
[2023-11-10T12:05:03.891-0800][77507523ms] GC(25128) Metaspace: 305043K->305043K(1349632K)
[2023-11-10T12:05:03.891-0800][77507523ms] GC(25128) Pause Young (Normal) (G1 Evacuation Pause) 3235M->2915M(3602M) 6.232ms
[2023-11-10T12:05:03.891-0800][77507523ms] GC(25128) User=0.00s Sys=0.00s Real=0.01s
[2023-11-10T12:05:04.317-0800][77507949ms] GC(25129) Pause Young (Normal) (G1 Evacuation Pause)
[2023-11-10T12:05:04.317-0800][77507949ms] GC(25129) Using 10 workers of 10 for evacuation
[2023-11-10T12:05:04.322-0800][77507954ms] GC(25129)   Pre Evacuate Collection Set: 0.0ms
[2023-11-10T12:05:04.323-0800][77507955ms] GC(25129)   Evacuate Collection Set: 1.7ms
[2023-11-10T12:05:04.323-0800][77507955ms] GC(25129)   Post Evacuate Collection Set: 3.1ms
[2023-11-10T12:05:04.323-0800][77507955ms] GC(25129)   Other: 0.3ms
[2023-11-10T12:05:04.323-0800][77507955ms] GC(25129) Eden regions: 160->0(160)
[2023-11-10T12:05:04.323-0800][77507955ms] GC(25129) Survivor regions: 1->1(21)
[2023-11-10T12:05:04.323-0800][77507955ms] GC(25129) Old regions: 1453->1453
[2023-11-10T12:05:04.323-0800][77507955ms] GC(25129) Humongous regions: 5->5
[2023-11-10T12:05:04.323-0800][77507955ms] GC(25129) Metaspace: 305043K->305043K(1349632K)
[2023-11-10T12:05:04.323-0800][77507955ms] GC(25129) Pause Young (Normal) (G1 Evacuation Pause) 3235M->2915M(3602M) 5.231ms
[2023-11-10T12:05:04.323-0800][77507955ms] GC(25129) User=0.02s Sys=0.00s Real=0.01s
[2023-11-10T12:05:04.712-0800][77508344ms] GC(25130) Pause Young (Normal) (G1 Evacuation Pause)
[2023-11-10T12:05:04.712-0800][77508344ms] GC(25130) Using 10 workers of 10 for evacuation
[2023-11-10T12:05:04.717-0800][77508349ms] GC(25130)   Pre Evacuate Collection Set: 0.1ms
[2023-11-10T12:05:04.717-0800][77508349ms] GC(25130)   Evacuate Collection Set: 1.7ms
[2023-11-10T12:05:04.717-0800][77508349ms] GC(25130)   Post Evacuate Collection Set: 3.2ms
[2023-11-10T12:05:04.717-0800][77508349ms] GC(25130)   Other: 0.3ms
[2023-11-10T12:05:04.717-0800][77508349ms] GC(25130) Eden regions: 160->0(160)
[2023-11-10T12:05:04.717-0800][77508349ms] GC(25130) Survivor regions: 1->1(21)
[2023-11-10T12:05:04.717-0800][77508349ms] GC(25130) Old regions: 1453->1453
[2023-11-10T12:05:04.717-0800][77508349ms] GC(25130) Humongous regions: 5->5
[2023-11-10T12:05:04.717-0800][77508349ms] GC(25130) Metaspace: 305043K->305043K(1349632K)
[2023-11-10T12:05:04.717-0800][77508349ms] GC(25130) Pause Young (Normal) (G1 Evacuation Pause) 3235M->2915M(3602M) 5.281ms
[2023-11-10T12:05:04.717-0800][77508349ms] GC(25130) User=0.00s Sys=0.00s Real=0.01s
[2023-11-10T12:05:05.111-0800][77508743ms] GC(25131) Pause Young (Normal) (G1 Evacuation Pause)
[2023-11-10T12:05:05.111-0800][77508743ms] GC(25131) Using 10 workers of 10 for evacuation
[2023-11-10T12:05:05.116-0800][77508748ms] GC(25131)   Pre Evacuate Collection Set: 0.0ms
[2023-11-10T12:05:05.116-0800][77508748ms] GC(25131)   Evacuate Collection Set: 1.6ms
[2023-11-10T12:05:05.116-0800][77508748ms] GC(25131)   Post Evacuate Collection Set: 3.1ms
[2023-11-10T12:05:05.116-0800][77508748ms] GC(25131)   Other: 0.2ms
[2023-11-10T12:05:05.116-0800][77508748ms] GC(25131) Eden regions: 160->0(160)
[2023-11-10T12:05:05.116-0800][77508748ms] GC(25131) Survivor regions: 1->1(21)
[2023-11-10T12:05:05.116-0800][77508748ms] GC(25131) Old regions: 1453->1453
[2023-11-10T12:05:05.116-0800][77508748ms] GC(25131) Humongous regions: 5->5
[2023-11-10T12:05:05.116-0800][77508748ms] GC(25131) Metaspace: 305043K->305043K(1349632K)
[2023-11-10T12:05:05.116-0800][77508748ms] GC(25131) Pause Young (Normal) (G1 Evacuation Pause) 3235M->2915M(3602M) 5.137ms
[2023-11-10T12:05:05.116-0800][77508748ms] GC(25131) User=0.00s Sys=0.00s Real=0.00s
[2023-11-10T12:05:05.500-0800][77509132ms] GC(25132) Pause Young (Normal) (G1 Evacuation Pause)
[2023-11-10T12:05:05.500-0800][77509132ms] GC(25132) Using 10 workers of 10 for evacuation
[2023-11-10T12:05:05.504-0800][77509136ms] GC(25132)   Pre Evacuate Collection Set: 0.1ms
[2023-11-10T12:05:05.504-0800][77509136ms] GC(25132)   Evacuate Collection Set: 1.6ms
[2023-11-10T12:05:05.504-0800][77509136ms] GC(25132)   Post Evacuate Collection Set: 3.1ms
[2023-11-10T12:05:05.504-0800][77509136ms] GC(25132)   Other: 0.3ms
[2023-11-10T12:05:05.504-0800][77509136ms] GC(25132) Eden regions: 160->0(160)
[2023-11-10T12:05:05.504-0800][77509136ms] GC(25132) Survivor regions: 1->1(21)
[2023-11-10T12:05:05.504-0800][77509136ms] GC(25132) Old regions: 1453->1453
[2023-11-10T12:05:05.504-0800][77509136ms] GC(25132) Humongous regions: 5->5
[2023-11-10T12:05:05.504-0800][77509136ms] GC(25132) Metaspace: 305043K->305043K(1349632K)
[2023-11-10T12:05:05.504-0800][77509136ms] GC(25132) Pause Young (Normal) (G1 Evacuation Pause) 3235M->2915M(3602M) 5.096ms
[2023-11-10T12:05:05.504-0800][77509136ms] GC(25132) User=0.00s Sys=0.00s Real=0.00s
[2023-11-10T12:05:05.876-0800][77509508ms] GC(25133) Pause Young (Normal) (G1 Evacuation Pause)
[2023-11-10T12:05:05.877-0800][77509509ms] GC(25133) Using 10 workers of 10 for evacuation
[2023-11-10T12:05:05.881-0800][77509513ms] GC(25133)   Pre Evacuate Collection Set: 0.0ms
[2023-11-10T12:05:05.881-0800][77509513ms] GC(25133)   Evacuate Collection Set: 1.6ms
[2023-11-10T12:05:05.881-0800][77509513ms] GC(25133)   Post Evacuate Collection Set: 3.0ms
[2023-11-10T12:05:05.881-0800][77509513ms] GC(25133)   Other: 0.3ms
[2023-11-10T12:05:05.881-0800][77509513ms] GC(25133) Eden regions: 160->0(160)
[2023-11-10T12:05:05.881-0800][77509513ms] GC(25133) Survivor regions: 1->1(21)
[2023-11-10T12:05:05.881-0800][77509513ms] GC(25133) Old regions: 1453->1453
[2023-11-10T12:05:05.881-0800][77509513ms] GC(25133) Humongous regions: 5->5
[2023-11-10T12:05:05.881-0800][77509513ms] GC(25133) Metaspace: 305043K->305043K(1349632K)
[2023-11-10T12:05:05.881-0800][77509513ms] GC(25133) Pause Young (Normal) (G1 Evacuation Pause) 3235M->2915M(3602M) 5.025ms
[2023-11-10T12:05:05.881-0800][77509513ms] GC(25133) User=0.00s Sys=0.00s Real=0.01s
[2023-11-10T12:05:06.320-0800][77509952ms] GC(25134) Pause Young (Normal) (G1 Evacuation Pause)
[2023-11-10T12:05:06.320-0800][77509952ms] GC(25134) Using 10 workers of 10 for evacuation
[2023-11-10T12:05:06.325-0800][77509957ms] GC(25134)   Pre Evacuate Collection Set: 0.0ms
[2023-11-10T12:05:06.325-0800][77509957ms] GC(25134)   Evacuate Collection Set: 1.8ms
[2023-11-10T12:05:06.325-0800][77509957ms] GC(25134)   Post Evacuate Collection Set: 3.2ms
[2023-11-10T12:05:06.325-0800][77509957ms] GC(25134)   Other: 0.2ms
[2023-11-10T12:05:06.325-0800][77509957ms] GC(25134) Eden regions: 160->0(160)
[2023-11-10T12:05:06.325-0800][77509957ms] GC(25134) Survivor regions: 1->1(21)
[2023-11-10T12:05:06.325-0800][77509957ms] GC(25134) Old regions: 1453->1453
[2023-11-10T12:05:06.325-0800][77509957ms] GC(25134) Humongous regions: 5->5
[2023-11-10T12:05:06.325-0800][77509957ms] GC(25134) Metaspace: 305043K->305043K(1349632K)
[2023-11-10T12:05:06.325-0800][77509957ms] GC(25134) Pause Young (Normal) (G1 Evacuation Pause) 3235M->2915M(3602M) 5.369ms
[2023-11-10T12:05:06.325-0800][77509957ms] GC(25134) User=0.00s Sys=0.00s Real=0.01s
[2023-11-10T12:05:06.686-0800][77510318ms] GC(25135) Pause Young (Normal) (G1 Evacuation Pause)
[2023-11-10T12:05:06.686-0800][77510318ms] GC(25135) Using 10 workers of 10 for evacuation
[2023-11-10T12:05:06.690-0800][77510322ms] GC(25135)   Pre Evacuate Collection Set: 0.1ms
[2023-11-10T12:05:06.690-0800][77510322ms] GC(25135)   Evacuate Collection Set: 2.0ms
[2023-11-10T12:05:06.690-0800][77510322ms] GC(25135)   Post Evacuate Collection Set: 3.1ms
[2023-11-10T12:05:06.690-0800][77510322ms] GC(25135)   Other: 0.3ms
[2023-11-10T12:05:06.690-0800][77510322ms] GC(25135) Eden regions: 160->0(160)
[2023-11-10T12:05:06.690-0800][77510322ms] GC(25135) Survivor regions: 1->1(21)
[2023-11-10T12:05:06.690-0800][77510322ms] GC(25135) Old regions: 1453->1453
[2023-11-10T12:05:06.690-0800][77510322ms] GC(25135) Humongous regions: 5->5
[2023-11-10T12:05:06.690-0800][77510322ms] GC(25135) Metaspace: 305043K->305043K(1349632K)
[2023-11-10T12:05:06.690-0800][77510322ms] GC(25135) Pause Young (Normal) (G1 Evacuation Pause) 3235M->2915M(3602M) 5.623ms
[2023-11-10T12:05:06.690-0800][77510322ms] GC(25135) User=0.00s Sys=0.00s Real=0.00s
[2023-11-10T12:05:07.115-0800][77510747ms] GC(25136) Pause Young (Normal) (G1 Evacuation Pause)
[2023-11-10T12:05:07.115-0800][77510747ms] GC(25136) Using 10 workers of 10 for evacuation
[2023-11-10T12:05:07.120-0800][77510752ms] GC(25136)   Pre Evacuate Collection Set: 0.0ms
[2023-11-10T12:05:07.120-0800][77510752ms] GC(25136)   Evacuate Collection Set: 1.6ms
[2023-11-10T12:05:07.120-0800][77510752ms] GC(25136)   Post Evacuate Collection Set: 3.1ms
[2023-11-10T12:05:07.120-0800][77510752ms] GC(25136)   Other: 0.3ms
[2023-11-10T12:05:07.120-0800][77510752ms] GC(25136) Eden regions: 160->0(160)
[2023-11-10T12:05:07.120-0800][77510752ms] GC(25136) Survivor regions: 1->1(21)
[2023-11-10T12:05:07.120-0800][77510752ms] GC(25136) Old regions: 1453->1453
[2023-11-10T12:05:07.120-0800][77510752ms] GC(25136) Humongous regions: 5->5
[2023-11-10T12:05:07.120-0800][77510752ms] GC(25136) Metaspace: 305043K->305043K(1349632K)
[2023-11-10T12:05:07.120-0800][77510752ms] GC(25136) Pause Young (Normal) (G1 Evacuation Pause) 3235M->2915M(3602M) 5.056ms
[2023-11-10T12:05:07.120-0800][77510752ms] GC(25136) User=0.00s Sys=0.00s Real=0.00s
[2023-11-10T12:05:07.461-0800][77511093ms] GC(25137) Pause Young (Normal) (G1 Evacuation Pause)
[2023-11-10T12:05:07.461-0800][77511093ms] GC(25137) Using 10 workers of 10 for evacuation
[2023-11-10T12:05:07.466-0800][77511098ms] GC(25137)   Pre Evacuate Collection Set: 0.0ms
[2023-11-10T12:05:07.466-0800][77511098ms] GC(25137)   Evacuate Collection Set: 1.7ms
[2023-11-10T12:05:07.466-0800][77511098ms] GC(25137)   Post Evacuate Collection Set: 3.1ms
[2023-11-10T12:05:07.466-0800][77511098ms] GC(25137)   Other: 0.3ms
[2023-11-10T12:05:07.466-0800][77511098ms] GC(25137) Eden regions: 160->0(160)
[2023-11-10T12:05:07.466-0800][77511098ms] GC(25137) Survivor regions: 1->1(21)
[2023-11-10T12:05:07.466-0800][77511098ms] GC(25137) Old regions: 1453->1453
[2023-11-10T12:05:07.466-0800][77511098ms] GC(25137) Humongous regions: 5->5
[2023-11-10T12:05:07.466-0800][77511098ms] GC(25137) Metaspace: 305043K->305043K(1349632K)
[2023-11-10T12:05:07.466-0800][77511098ms] GC(25137) Pause Young (Normal) (G1 Evacuation Pause) 3235M->2915M(3602M) 5.215ms
[2023-11-10T12:05:07.466-0800][77511098ms] GC(25137) User=0.00s Sys=0.00s Real=0.01s
[2023-11-10T12:05:07.877-0800][77511509ms] GC(25138) Pause Young (Normal) (G1 Evacuation Pause)
[2023-11-10T12:05:07.877-0800][77511509ms] GC(25138) Using 10 workers of 10 for evacuation
[2023-11-10T12:05:07.883-0800][77511515ms] GC(25138)   Pre Evacuate Collection Set: 0.0ms
[2023-11-10T12:05:07.883-0800][77511515ms] GC(25138)   Evacuate Collection Set: 1.6ms
[2023-11-10T12:05:07.883-0800][77511515ms] GC(25138)   Post Evacuate Collection Set: 3.2ms
[2023-11-10T12:05:07.883-0800][77511515ms] GC(25138)   Other: 0.3ms
[2023-11-10T12:05:07.883-0800][77511515ms] GC(25138) Eden regions: 160->0(160)
[2023-11-10T12:05:07.883-0800][77511515ms] GC(25138) Survivor regions: 1->1(21)
[2023-11-10T12:05:07.883-0800][77511515ms] GC(25138) Old regions: 1453->1453
[2023-11-10T12:05:07.883-0800][77511515ms] GC(25138) Humongous regions: 5->5
[2023-11-10T12:05:07.883-0800][77511515ms] GC(25138) Metaspace: 305043K->305043K(1349632K)
[2023-11-10T12:05:07.883-0800][77511515ms] GC(25138) Pause Young (Normal) (G1 Evacuation Pause) 3235M->2915M(3602M) 5.205ms
[2023-11-10T12:05:07.883-0800][77511515ms] GC(25138) User=0.00s Sys=0.00s Real=0.01s
[2023-11-10T12:05:08.266-0800][77511898ms] GC(25139) Pause Young (Normal) (G1 Evacuation Pause)
[2023-11-10T12:05:08.266-0800][77511898ms] GC(25139) Using 10 workers of 10 for evacuation
[2023-11-10T12:05:08.271-0800][77511903ms] GC(25139)   Pre Evacuate Collection Set: 0.0ms
[2023-11-10T12:05:08.271-0800][77511903ms] GC(25139)   Evacuate Collection Set: 1.5ms
[2023-11-10T12:05:08.271-0800][77511903ms] GC(25139)   Post Evacuate Collection Set: 3.2ms
[2023-11-10T12:05:08.271-0800][77511903ms] GC(25139)   Other: 0.3ms
[2023-11-10T12:05:08.271-0800][77511903ms] GC(25139) Eden regions: 160->0(160)
[2023-11-10T12:05:08.271-0800][77511903ms] GC(25139) Survivor regions: 1->1(21)
[2023-11-10T12:05:08.271-0800][77511903ms] GC(25139) Old regions: 1453->1453
[2023-11-10T12:05:08.271-0800][77511903ms] GC(25139) Humongous regions: 5->5
[2023-11-10T12:05:08.271-0800][77511903ms] GC(25139) Metaspace: 305043K->305043K(1349632K)
[2023-11-10T12:05:08.271-0800][77511903ms] GC(25139) Pause Young (Normal) (G1 Evacuation Pause) 3235M->2915M(3602M) 5.117ms
[2023-11-10T12:05:08.271-0800][77511903ms] GC(25139) User=0.00s Sys=0.00s Real=0.00s
[2023-11-10T12:05:08.704-0800][77512336ms] GC(25140) Pause Young (Normal) (G1 Evacuation Pause)
[2023-11-10T12:05:08.704-0800][77512336ms] GC(25140) Using 10 workers of 10 for evacuation
[2023-11-10T12:05:08.712-0800][77512344ms] GC(25140)   Pre Evacuate Collection Set: 0.1ms
[2023-11-10T12:05:08.712-0800][77512344ms] GC(25140)   Evacuate Collection Set: 2.4ms
[2023-11-10T12:05:08.712-0800][77512344ms] GC(25140)   Post Evacuate Collection Set: 5.4ms
[2023-11-10T12:05:08.713-0800][77512345ms] GC(25140)   Other: 0.5ms
[2023-11-10T12:05:08.713-0800][77512345ms] GC(25140) Eden regions: 160->0(160)
[2023-11-10T12:05:08.713-0800][77512345ms] GC(25140) Survivor regions: 1->1(21)
[2023-11-10T12:05:08.713-0800][77512345ms] GC(25140) Old regions: 1453->1453
[2023-11-10T12:05:08.713-0800][77512345ms] GC(25140) Humongous regions: 5->5
[2023-11-10T12:05:08.713-0800][77512345ms] GC(25140) Metaspace: 305043K->305043K(1349632K)
[2023-11-10T12:05:08.713-0800][77512345ms] GC(25140) Pause Young (Normal) (G1 Evacuation Pause) 3235M->2915M(3602M) 8.598ms
[2023-11-10T12:05:08.713-0800][77512345ms] GC(25140) User=0.02s Sys=0.00s Real=0.01s
[2023-11-10T12:05:09.120-0800][77512752ms] GC(25141) Pause Young (Normal) (G1 Evacuation Pause)
[2023-11-10T12:05:09.120-0800][77512752ms] GC(25141) Using 10 workers of 10 for evacuation
[2023-11-10T12:05:09.125-0800][77512757ms] GC(25141)   Pre Evacuate Collection Set: 0.0ms
[2023-11-10T12:05:09.125-0800][77512757ms] GC(25141)   Evacuate Collection Set: 1.7ms
[2023-11-10T12:05:09.125-0800][77512757ms] GC(25141)   Post Evacuate Collection Set: 3.0ms
[2023-11-10T12:05:09.125-0800][77512757ms] GC(25141)   Other: 0.2ms
[2023-11-10T12:05:09.125-0800][77512757ms] GC(25141) Eden regions: 160->0(160)
[2023-11-10T12:05:09.125-0800][77512757ms] GC(25141) Survivor regions: 1->1(21)
[2023-11-10T12:05:09.125-0800][77512757ms] GC(25141) Old regions: 1453->1453
[2023-11-10T12:05:09.125-0800][77512757ms] GC(25141) Humongous regions: 5->5
[2023-11-10T12:05:09.125-0800][77512757ms] GC(25141) Metaspace: 305043K->305043K(1349632K)
[2023-11-10T12:05:09.125-0800][77512757ms] GC(25141) Pause Young (Normal) (G1 Evacuation Pause) 3235M->2915M(3602M) 5.018ms
[2023-11-10T12:05:09.125-0800][77512757ms] GC(25141) User=0.00s Sys=0.00s Real=0.01s
[2023-11-10T12:05:09.509-0800][77513141ms] GC(25142) Pause Young (Normal) (G1 Evacuation Pause)
[2023-11-10T12:05:09.509-0800][77513141ms] GC(25142) Using 10 workers of 10 for evacuation
[2023-11-10T12:05:09.513-0800][77513145ms] GC(25142)   Pre Evacuate Collection Set: 0.0ms
[2023-11-10T12:05:09.513-0800][77513145ms] GC(25142)   Evacuate Collection Set: 1.6ms
[2023-11-10T12:05:09.513-0800][77513145ms] GC(25142)   Post Evacuate Collection Set: 3.2ms
[2023-11-10T12:05:09.513-0800][77513145ms] GC(25142)   Other: 0.2ms
[2023-11-10T12:05:09.513-0800][77513145ms] GC(25142) Eden regions: 160->0(160)
[2023-11-10T12:05:09.513-0800][77513145ms] GC(25142) Survivor regions: 1->1(21)
[2023-11-10T12:05:09.513-0800][77513145ms] GC(25142) Old regions: 1453->1453
[2023-11-10T12:05:09.513-0800][77513145ms] GC(25142) Humongous regions: 5->5
[2023-11-10T12:05:09.513-0800][77513145ms] GC(25142) Metaspace: 305043K->305043K(1349632K)
[2023-11-10T12:05:09.513-0800][77513145ms] GC(25142) Pause Young (Normal) (G1 Evacuation Pause) 3235M->2915M(3602M) 5.196ms
[2023-11-10T12:05:09.513-0800][77513145ms] GC(25142) User=0.00s Sys=0.00s Real=0.00s
[2023-11-10T12:05:09.900-0800][77513532ms] GC(25143) Pause Young (Normal) (G1 Evacuation Pause)
[2023-11-10T12:05:09.900-0800][77513532ms] GC(25143) Using 10 workers of 10 for evacuation
[2023-11-10T12:05:09.905-0800][77513537ms] GC(25143)   Pre Evacuate Collection Set: 0.1ms
[2023-11-10T12:05:09.905-0800][77513537ms] GC(25143)   Evacuate Collection Set: 1.6ms
[2023-11-10T12:05:09.905-0800][77513537ms] GC(25143)   Post Evacuate Collection Set: 3.1ms
[2023-11-10T12:05:09.905-0800][77513537ms] GC(25143)   Other: 0.3ms
[2023-11-10T12:05:09.905-0800][77513537ms] GC(25143) Eden regions: 160->0(160)
[2023-11-10T12:05:09.905-0800][77513537ms] GC(25143) Survivor regions: 1->1(21)
[2023-11-10T12:05:09.905-0800][77513537ms] GC(25143) Old regions: 1453->1453
[2023-11-10T12:05:09.905-0800][77513537ms] GC(25143) Humongous regions: 5->5
[2023-11-10T12:05:09.905-0800][77513537ms] GC(25143) Metaspace: 305043K->305043K(1349632K)
[2023-11-10T12:05:09.905-0800][77513537ms] GC(25143) Pause Young (Normal) (G1 Evacuation Pause) 3235M->2915M(3602M) 5.205ms
[2023-11-10T12:05:09.905-0800][77513537ms] GC(25143) User=0.00s Sys=0.00s Real=0.00s
[2023-11-10T12:05:10.264-0800][77513896ms] GC(25144) Pause Young (Normal) (G1 Evacuation Pause)
[2023-11-10T12:05:10.264-0800][77513896ms] GC(25144) Using 10 workers of 10 for evacuation
[2023-11-10T12:05:10.269-0800][77513901ms] GC(25144)   Pre Evacuate Collection Set: 0.1ms
[2023-11-10T12:05:10.269-0800][77513901ms] GC(25144)   Evacuate Collection Set: 1.8ms
[2023-11-10T12:05:10.269-0800][77513901ms] GC(25144)   Post Evacuate Collection Set: 3.3ms
[2023-11-10T12:05:10.269-0800][77513901ms] GC(25144)   Other: 0.3ms
[2023-11-10T12:05:10.269-0800][77513901ms] GC(25144) Eden regions: 160->0(160)
[2023-11-10T12:05:10.269-0800][77513901ms] GC(25144) Survivor regions: 1->1(21)
[2023-11-10T12:05:10.269-0800][77513901ms] GC(25144) Old regions: 1453->1453
[2023-11-10T12:05:10.269-0800][77513901ms] GC(25144) Humongous regions: 5->5
[2023-11-10T12:05:10.269-0800][77513901ms] GC(25144) Metaspace: 305043K->305043K(1349632K)
[2023-11-10T12:05:10.269-0800][77513901ms] GC(25144) Pause Young (Normal) (G1 Evacuation Pause) 3235M->2915M(3602M) 5.606ms
[2023-11-10T12:05:10.269-0800][77513901ms] GC(25144) User=0.00s Sys=0.00s Real=0.01s
[2023-11-10T12:05:10.683-0800][77514315ms] GC(25145) Pause Young (Normal) (G1 Evacuation Pause)
[2023-11-10T12:05:10.683-0800][77514315ms] GC(25145) Using 10 workers of 10 for evacuation
[2023-11-10T12:05:10.689-0800][77514321ms] GC(25145)   Pre Evacuate Collection Set: 0.0ms
[2023-11-10T12:05:10.689-0800][77514321ms] GC(25145)   Evacuate Collection Set: 1.7ms
[2023-11-10T12:05:10.689-0800][77514321ms] GC(25145)   Post Evacuate Collection Set: 3.5ms
[2023-11-10T12:05:10.689-0800][77514321ms] GC(25145)   Other: 0.3ms
[2023-11-10T12:05:10.689-0800][77514321ms] GC(25145) Eden regions: 160->0(160)
[2023-11-10T12:05:10.689-0800][77514321ms] GC(25145) Survivor regions: 1->1(21)
[2023-11-10T12:05:10.689-0800][77514321ms] GC(25145) Old regions: 1453->1453
[2023-11-10T12:05:10.689-0800][77514321ms] GC(25145) Humongous regions: 5->5
[2023-11-10T12:05:10.689-0800][77514321ms] GC(25145) Metaspace: 305043K->305043K(1349632K)
[2023-11-10T12:05:10.689-0800][77514321ms] GC(25145) Pause Young (Normal) (G1 Evacuation Pause) 3235M->2915M(3602M) 5.638ms
[2023-11-10T12:05:10.689-0800][77514321ms] GC(25145) User=0.00s Sys=0.00s Real=0.01s
[2023-11-10T12:05:11.103-0800][77514735ms] GC(25146) Pause Young (Normal) (G1 Evacuation Pause)
[2023-11-10T12:05:11.103-0800][77514735ms] GC(25146) Using 10 workers of 10 for evacuation
[2023-11-10T12:05:11.109-0800][77514741ms] GC(25146)   Pre Evacuate Collection Set: 0.0ms
[2023-11-10T12:05:11.109-0800][77514741ms] GC(25146)   Evacuate Collection Set: 1.7ms
[2023-11-10T12:05:11.109-0800][77514741ms] GC(25146)   Post Evacuate Collection Set: 3.7ms
[2023-11-10T12:05:11.109-0800][77514741ms] GC(25146)   Other: 0.3ms
[2023-11-10T12:05:11.109-0800][77514741ms] GC(25146) Eden regions: 160->0(160)
[2023-11-10T12:05:11.109-0800][77514741ms] GC(25146) Survivor regions: 1->1(21)
[2023-11-10T12:05:11.109-0800][77514741ms] GC(25146) Old regions: 1453->1453
[2023-11-10T12:05:11.109-0800][77514741ms] GC(25146) Humongous regions: 5->5
[2023-11-10T12:05:11.109-0800][77514741ms] GC(25146) Metaspace: 305043K->305043K(1349632K)
[2023-11-10T12:05:11.109-0800][77514741ms] GC(25146) Pause Young (Normal) (G1 Evacuation Pause) 3235M->2915M(3602M) 5.780ms
[2023-11-10T12:05:11.109-0800][77514742ms] GC(25146) User=0.00s Sys=0.00s Real=0.01s
[2023-11-10T12:05:11.482-0800][77515114ms] GC(25147) Pause Young (Normal) (G1 Evacuation Pause)
[2023-11-10T12:05:11.483-0800][77515115ms] GC(25147) Using 10 workers of 10 for evacuation
[2023-11-10T12:05:11.488-0800][77515120ms] GC(25147)   Pre Evacuate Collection Set: 0.0ms
[2023-11-10T12:05:11.488-0800][77515120ms] GC(25147)   Evacuate Collection Set: 1.6ms
[2023-11-10T12:05:11.488-0800][77515120ms] GC(25147)   Post Evacuate Collection Set: 3.1ms
[2023-11-10T12:05:11.488-0800][77515120ms] GC(25147)   Other: 0.2ms
[2023-11-10T12:05:11.488-0800][77515120ms] GC(25147) Eden regions: 160->0(160)
[2023-11-10T12:05:11.488-0800][77515120ms] GC(25147) Survivor regions: 1->1(21)
[2023-11-10T12:05:11.488-0800][77515120ms] GC(25147) Old regions: 1453->1453
[2023-11-10T12:05:11.488-0800][77515120ms] GC(25147) Humongous regions: 5->5
[2023-11-10T12:05:11.488-0800][77515120ms] GC(25147) Metaspace: 305043K->305043K(1349632K)
[2023-11-10T12:05:11.488-0800][77515120ms] GC(25147) Pause Young (Normal) (G1 Evacuation Pause) 3235M->2915M(3602M) 5.042ms
[2023-11-10T12:05:11.488-0800][77515120ms] GC(25147) User=0.00s Sys=0.00s Real=0.01s
[2023-11-10T12:05:11.850-0800][77515482ms] GC(25148) Pause Young (Normal) (G1 Evacuation Pause)
[2023-11-10T12:05:11.850-0800][77515482ms] GC(25148) Using 10 workers of 10 for evacuation
[2023-11-10T12:05:11.854-0800][77515486ms] GC(25148)   Pre Evacuate Collection Set: 0.0ms
[2023-11-10T12:05:11.854-0800][77515486ms] GC(25148)   Evacuate Collection Set: 1.6ms
[2023-11-10T12:05:11.854-0800][77515486ms] GC(25148)   Post Evacuate Collection Set: 3.0ms
[2023-11-10T12:05:11.854-0800][77515486ms] GC(25148)   Other: 0.3ms
[2023-11-10T12:05:11.854-0800][77515486ms] GC(25148) Eden regions: 160->0(160)
[2023-11-10T12:05:11.854-0800][77515486ms] GC(25148) Survivor regions: 1->1(21)
[2023-11-10T12:05:11.854-0800][77515486ms] GC(25148) Old regions: 1453->1453
[2023-11-10T12:05:11.854-0800][77515486ms] GC(25148) Humongous regions: 5->5
[2023-11-10T12:05:11.854-0800][77515486ms] GC(25148) Metaspace: 305043K->305043K(1349632K)
[2023-11-10T12:05:11.854-0800][77515486ms] GC(25148) Pause Young (Normal) (G1 Evacuation Pause) 3235M->2915M(3602M) 5.104ms
[2023-11-10T12:05:11.854-0800][77515486ms] GC(25148) User=0.11s Sys=0.00s Real=0.00s
[2023-11-10T12:05:12.224-0800][77515856ms] GC(25149) Pause Young (Normal) (G1 Evacuation Pause)
[2023-11-10T12:05:12.224-0800][77515856ms] GC(25149) Using 10 workers of 10 for evacuation
[2023-11-10T12:05:12.229-0800][77515861ms] GC(25149)   Pre Evacuate Collection Set: 0.0ms
[2023-11-10T12:05:12.229-0800][77515861ms] GC(25149)   Evacuate Collection Set: 1.9ms
[2023-11-10T12:05:12.229-0800][77515861ms] GC(25149)   Post Evacuate Collection Set: 3.0ms
[2023-11-10T12:05:12.229-0800][77515861ms] GC(25149)   Other: 0.3ms
[2023-11-10T12:05:12.229-0800][77515861ms] GC(25149) Eden regions: 160->0(160)
[2023-11-10T12:05:12.229-0800][77515861ms] GC(25149) Survivor regions: 1->1(21)
[2023-11-10T12:05:12.229-0800][77515861ms] GC(25149) Old regions: 1453->1453
[2023-11-10T12:05:12.229-0800][77515861ms] GC(25149) Humongous regions: 5->5
[2023-11-10T12:05:12.229-0800][77515861ms] GC(25149) Metaspace: 305043K->305043K(1349632K)
[2023-11-10T12:05:12.229-0800][77515861ms] GC(25149) Pause Young (Normal) (G1 Evacuation Pause) 3235M->2915M(3602M) 5.329ms
[2023-11-10T12:05:12.229-0800][77515861ms] GC(25149) User=0.02s Sys=0.00s Real=0.01s
[2023-11-10T12:05:12.563-0800][77516195ms] GC(25150) Pause Young (Normal) (G1 Evacuation Pause)
[2023-11-10T12:05:12.563-0800][77516195ms] GC(25150) Using 10 workers of 10 for evacuation
[2023-11-10T12:05:12.569-0800][77516201ms] GC(25150)   Pre Evacuate Collection Set: 0.0ms
[2023-11-10T12:05:12.569-0800][77516201ms] GC(25150)   Evacuate Collection Set: 1.7ms
[2023-11-10T12:05:12.569-0800][77516201ms] GC(25150)   Post Evacuate Collection Set: 3.3ms
[2023-11-10T12:05:12.569-0800][77516201ms] GC(25150)   Other: 0.3ms
[2023-11-10T12:05:12.569-0800][77516201ms] GC(25150) Eden regions: 160->0(160)
[2023-11-10T12:05:12.569-0800][77516201ms] GC(25150) Survivor regions: 1->1(21)
[2023-11-10T12:05:12.569-0800][77516201ms] GC(25150) Old regions: 1453->1453
[2023-11-10T12:05:12.569-0800][77516201ms] GC(25150) Humongous regions: 5->5
[2023-11-10T12:05:12.569-0800][77516201ms] GC(25150) Metaspace: 305043K->305043K(1349632K)
[2023-11-10T12:05:12.569-0800][77516201ms] GC(25150) Pause Young (Normal) (G1 Evacuation Pause) 3235M->2915M(3602M) 5.457ms
[2023-11-10T12:05:12.569-0800][77516201ms] GC(25150) User=0.00s Sys=0.00s Real=0.01s
[2023-11-10T12:05:13.003-0800][77516635ms] GC(25151) Pause Young (Normal) (G1 Evacuation Pause)
[2023-11-10T12:05:13.003-0800][77516635ms] GC(25151) Using 10 workers of 10 for evacuation
[2023-11-10T12:05:13.008-0800][77516640ms] GC(25151)   Pre Evacuate Collection Set: 0.0ms
[2023-11-10T12:05:13.008-0800][77516640ms] GC(25151)   Evacuate Collection Set: 1.7ms
[2023-11-10T12:05:13.008-0800][77516640ms] GC(25151)   Post Evacuate Collection Set: 3.1ms
[2023-11-10T12:05:13.009-0800][77516641ms] GC(25151)   Other: 0.2ms
[2023-11-10T12:05:13.009-0800][77516641ms] GC(25151) Eden regions: 160->0(160)
[2023-11-10T12:05:13.009-0800][77516641ms] GC(25151) Survivor regions: 1->1(21)
[2023-11-10T12:05:13.009-0800][77516641ms] GC(25151) Old regions: 1453->1453
[2023-11-10T12:05:13.009-0800][77516641ms] GC(25151) Humongous regions: 5->5
[2023-11-10T12:05:13.009-0800][77516641ms] GC(25151) Metaspace: 305043K->305043K(1349632K)
[2023-11-10T12:05:13.009-0800][77516641ms] GC(25151) Pause Young (Normal) (G1 Evacuation Pause) 3235M->2915M(3602M) 5.115ms
[2023-11-10T12:05:13.009-0800][77516641ms] GC(25151) User=0.00s Sys=0.00s Real=0.01s
[2023-11-10T12:05:13.359-0800][77516991ms] GC(25152) Pause Young (Normal) (G1 Evacuation Pause)
[2023-11-10T12:05:13.359-0800][77516991ms] GC(25152) Using 10 workers of 10 for evacuation
[2023-11-10T12:05:13.365-0800][77516997ms] GC(25152)   Pre Evacuate Collection Set: 0.0ms
[2023-11-10T12:05:13.365-0800][77516997ms] GC(25152)   Evacuate Collection Set: 1.7ms
[2023-11-10T12:05:13.365-0800][77516997ms] GC(25152)   Post Evacuate Collection Set: 3.5ms
[2023-11-10T12:05:13.365-0800][77516997ms] GC(25152)   Other: 0.2ms
[2023-11-10T12:05:13.365-0800][77516997ms] GC(25152) Eden regions: 160->0(160)
[2023-11-10T12:05:13.365-0800][77516997ms] GC(25152) Survivor regions: 1->1(21)
[2023-11-10T12:05:13.365-0800][77516997ms] GC(25152) Old regions: 1453->1453
[2023-11-10T12:05:13.365-0800][77516997ms] GC(25152) Humongous regions: 5->5
[2023-11-10T12:05:13.365-0800][77516997ms] GC(25152) Metaspace: 305043K->305043K(1349632K)
[2023-11-10T12:05:13.365-0800][77516997ms] GC(25152) Pause Young (Normal) (G1 Evacuation Pause) 3235M->2915M(3602M) 5.503ms
[2023-11-10T12:05:13.365-0800][77516997ms] GC(25152) User=0.00s Sys=0.00s Real=0.01s
[2023-11-10T12:05:13.740-0800][77517372ms] GC(25153) Pause Young (Normal) (G1 Evacuation Pause)
[2023-11-10T12:05:13.740-0800][77517372ms] GC(25153) Using 10 workers of 10 for evacuation
[2023-11-10T12:05:13.745-0800][77517377ms] GC(25153)   Pre Evacuate Collection Set: 0.0ms
[2023-11-10T12:05:13.745-0800][77517377ms] GC(25153)   Evacuate Collection Set: 1.7ms
[2023-11-10T12:05:13.745-0800][77517377ms] GC(25153)   Post Evacuate Collection Set: 3.0ms
[2023-11-10T12:05:13.745-0800][77517377ms] GC(25153)   Other: 0.3ms
[2023-11-10T12:05:13.745-0800][77517377ms] GC(25153) Eden regions: 160->0(160)
[2023-11-10T12:05:13.745-0800][77517377ms] GC(25153) Survivor regions: 1->1(21)
[2023-11-10T12:05:13.745-0800][77517377ms] GC(25153) Old regions: 1453->1453
[2023-11-10T12:05:13.745-0800][77517377ms] GC(25153) Humongous regions: 5->5
[2023-11-10T12:05:13.745-0800][77517377ms] GC(25153) Metaspace: 305043K->305043K(1349632K)
[2023-11-10T12:05:13.746-0800][77517378ms] GC(25153) Pause Young (Normal) (G1 Evacuation Pause) 3235M->2916M(3602M) 5.125ms
[2023-11-10T12:05:13.746-0800][77517378ms] GC(25153) User=0.02s Sys=0.00s Real=0.01s
[2023-11-10T12:05:14.089-0800][77517721ms] GC(25154) Pause Young (Normal) (G1 Evacuation Pause)
[2023-11-10T12:05:14.089-0800][77517721ms] GC(25154) Using 10 workers of 10 for evacuation
[2023-11-10T12:05:14.095-0800][77517727ms] GC(25154)   Pre Evacuate Collection Set: 0.0ms
[2023-11-10T12:05:14.095-0800][77517727ms] GC(25154)   Evacuate Collection Set: 1.7ms
[2023-11-10T12:05:14.095-0800][77517727ms] GC(25154)   Post Evacuate Collection Set: 4.1ms
[2023-11-10T12:05:14.095-0800][77517727ms] GC(25154)   Other: 0.3ms
[2023-11-10T12:05:14.095-0800][77517727ms] GC(25154) Eden regions: 160->0(160)
[2023-11-10T12:05:14.095-0800][77517727ms] GC(25154) Survivor regions: 1->1(21)
[2023-11-10T12:05:14.095-0800][77517727ms] GC(25154) Old regions: 1453->1453
[2023-11-10T12:05:14.095-0800][77517727ms] GC(25154) Humongous regions: 5->5
[2023-11-10T12:05:14.095-0800][77517727ms] GC(25154) Metaspace: 305043K->305043K(1349632K)
[2023-11-10T12:05:14.095-0800][77517727ms] GC(25154) Pause Young (Normal) (G1 Evacuation Pause) 3236M->2915M(3602M) 6.280ms
[2023-11-10T12:05:14.095-0800][77517727ms] GC(25154) User=0.00s Sys=0.00s Real=0.01s
[2023-11-10T12:05:14.467-0800][77518099ms] GC(25155) Pause Young (Normal) (G1 Evacuation Pause)
[2023-11-10T12:05:14.467-0800][77518099ms] GC(25155) Using 10 workers of 10 for evacuation
[2023-11-10T12:05:14.472-0800][77518104ms] GC(25155)   Pre Evacuate Collection Set: 0.0ms
[2023-11-10T12:05:14.472-0800][77518104ms] GC(25155)   Evacuate Collection Set: 1.8ms
[2023-11-10T12:05:14.472-0800][77518104ms] GC(25155)   Post Evacuate Collection Set: 2.9ms
[2023-11-10T12:05:14.473-0800][77518105ms] GC(25155)   Other: 0.3ms
[2023-11-10T12:05:14.473-0800][77518105ms] GC(25155) Eden regions: 160->0(160)
[2023-11-10T12:05:14.473-0800][77518105ms] GC(25155) Survivor regions: 1->1(21)
[2023-11-10T12:05:14.473-0800][77518105ms] GC(25155) Old regions: 1453->1453
[2023-11-10T12:05:14.473-0800][77518105ms] GC(25155) Humongous regions: 5->5
[2023-11-10T12:05:14.473-0800][77518105ms] GC(25155) Metaspace: 305043K->305043K(1349632K)
[2023-11-10T12:05:14.473-0800][77518105ms] GC(25155) Pause Young (Normal) (G1 Evacuation Pause) 3235M->2915M(3602M) 5.123ms
[2023-11-10T12:05:14.473-0800][77518105ms] GC(25155) User=0.00s Sys=0.00s Real=0.01s
[2023-11-10T12:05:14.856-0800][77518488ms] GC(25156) Pause Young (Normal) (G1 Evacuation Pause)
[2023-11-10T12:05:14.856-0800][77518488ms] GC(25156) Using 10 workers of 10 for evacuation
[2023-11-10T12:05:14.861-0800][77518493ms] GC(25156)   Pre Evacuate Collection Set: 0.0ms
[2023-11-10T12:05:14.861-0800][77518493ms] GC(25156)   Evacuate Collection Set: 1.7ms
[2023-11-10T12:05:14.861-0800][77518493ms] GC(25156)   Post Evacuate Collection Set: 3.1ms
[2023-11-10T12:05:14.861-0800][77518493ms] GC(25156)   Other: 0.3ms
[2023-11-10T12:05:14.861-0800][77518493ms] GC(25156) Eden regions: 160->0(160)
[2023-11-10T12:05:14.861-0800][77518493ms] GC(25156) Survivor regions: 1->1(21)
[2023-11-10T12:05:14.861-0800][77518493ms] GC(25156) Old regions: 1453->1453
[2023-11-10T12:05:14.861-0800][77518493ms] GC(25156) Humongous regions: 5->5
[2023-11-10T12:05:14.861-0800][77518493ms] GC(25156) Metaspace: 305043K->305043K(1349632K)
[2023-11-10T12:05:14.861-0800][77518493ms] GC(25156) Pause Young (Normal) (G1 Evacuation Pause) 3235M->2916M(3602M) 5.134ms
[2023-11-10T12:05:14.861-0800][77518493ms] GC(25156) User=0.00s Sys=0.00s Real=0.01s
[2023-11-10T12:05:15.205-0800][77518837ms] GC(25157) Pause Young (Normal) (G1 Evacuation Pause)
[2023-11-10T12:05:15.205-0800][77518837ms] GC(25157) Using 10 workers of 10 for evacuation
[2023-11-10T12:05:15.210-0800][77518842ms] GC(25157)   Pre Evacuate Collection Set: 0.0ms
[2023-11-10T12:05:15.210-0800][77518842ms] GC(25157)   Evacuate Collection Set: 1.8ms
[2023-11-10T12:05:15.210-0800][77518842ms] GC(25157)   Post Evacuate Collection Set: 3.8ms
[2023-11-10T12:05:15.210-0800][77518842ms] GC(25157)   Other: 0.3ms
[2023-11-10T12:05:15.210-0800][77518842ms] GC(25157) Eden regions: 160->0(160)
[2023-11-10T12:05:15.210-0800][77518842ms] GC(25157) Survivor regions: 1->1(21)
[2023-11-10T12:05:15.210-0800][77518842ms] GC(25157) Old regions: 1453->1453
[2023-11-10T12:05:15.210-0800][77518842ms] GC(25157) Humongous regions: 5->5
[2023-11-10T12:05:15.210-0800][77518842ms] GC(25157) Metaspace: 305043K->305043K(1349632K)
[2023-11-10T12:05:15.210-0800][77518842ms] GC(25157) Pause Young (Normal) (G1 Evacuation Pause) 3236M->2916M(3602M) 6.046ms
[2023-11-10T12:05:15.210-0800][77518842ms] GC(25157) User=0.00s Sys=0.00s Real=0.01s
[2023-11-10T12:05:15.563-0800][77519195ms] GC(25158) Pause Young (Normal) (G1 Evacuation Pause)
[2023-11-10T12:05:15.563-0800][77519195ms] GC(25158) Using 10 workers of 10 for evacuation
[2023-11-10T12:05:15.568-0800][77519200ms] GC(25158)   Pre Evacuate Collection Set: 0.1ms
[2023-11-10T12:05:15.568-0800][77519200ms] GC(25158)   Evacuate Collection Set: 2.0ms
[2023-11-10T12:05:15.568-0800][77519200ms] GC(25158)   Post Evacuate Collection Set: 4.2ms
[2023-11-10T12:05:15.568-0800][77519200ms] GC(25158)   Other: 0.4ms
[2023-11-10T12:05:15.568-0800][77519200ms] GC(25158) Eden regions: 160->0(160)
[2023-11-10T12:05:15.568-0800][77519200ms] GC(25158) Survivor regions: 1->1(21)
[2023-11-10T12:05:15.568-0800][77519200ms] GC(25158) Old regions: 1453->1453
[2023-11-10T12:05:15.568-0800][77519200ms] GC(25158) Humongous regions: 5->5
[2023-11-10T12:05:15.568-0800][77519200ms] GC(25158) Metaspace: 305043K->305043K(1349632K)
[2023-11-10T12:05:15.569-0800][77519201ms] GC(25158) Pause Young (Normal) (G1 Evacuation Pause) 3236M->2915M(3602M) 6.720ms
[2023-11-10T12:05:15.569-0800][77519201ms] GC(25158) User=0.00s Sys=0.00s Real=0.01s
[2023-11-10T12:05:15.919-0800][77519551ms] GC(25159) Pause Young (Normal) (G1 Evacuation Pause)
[2023-11-10T12:05:15.919-0800][77519551ms] GC(25159) Using 10 workers of 10 for evacuation
[2023-11-10T12:05:15.924-0800][77519556ms] GC(25159)   Pre Evacuate Collection Set: 0.0ms
[2023-11-10T12:05:15.924-0800][77519556ms] GC(25159)   Evacuate Collection Set: 1.7ms
[2023-11-10T12:05:15.924-0800][77519556ms] GC(25159)   Post Evacuate Collection Set: 3.1ms
[2023-11-10T12:05:15.924-0800][77519556ms] GC(25159)   Other: 0.3ms
[2023-11-10T12:05:15.924-0800][77519556ms] GC(25159) Eden regions: 160->0(160)
[2023-11-10T12:05:15.924-0800][77519556ms] GC(25159) Survivor regions: 1->1(21)
[2023-11-10T12:05:15.924-0800][77519556ms] GC(25159) Old regions: 1453->1453
[2023-11-10T12:05:15.924-0800][77519556ms] GC(25159) Humongous regions: 5->5
[2023-11-10T12:05:15.924-0800][77519556ms] GC(25159) Metaspace: 305043K->305043K(1349632K)
[2023-11-10T12:05:15.924-0800][77519556ms] GC(25159) Pause Young (Normal) (G1 Evacuation Pause) 3235M->2915M(3602M) 5.187ms
[2023-11-10T12:05:15.924-0800][77519556ms] GC(25159) User=0.00s Sys=0.00s Real=0.01s
[2023-11-10T12:05:16.279-0800][77519911ms] GC(25160) Pause Young (Normal) (G1 Evacuation Pause)
[2023-11-10T12:05:16.279-0800][77519911ms] GC(25160) Using 10 workers of 10 for evacuation
[2023-11-10T12:05:16.284-0800][77519916ms] GC(25160)   Pre Evacuate Collection Set: 0.0ms
[2023-11-10T12:05:16.284-0800][77519916ms] GC(25160)   Evacuate Collection Set: 1.7ms
[2023-11-10T12:05:16.284-0800][77519916ms] GC(25160)   Post Evacuate Collection Set: 3.0ms
[2023-11-10T12:05:16.284-0800][77519916ms] GC(25160)   Other: 0.3ms
[2023-11-10T12:05:16.284-0800][77519916ms] GC(25160) Eden regions: 160->0(160)
[2023-11-10T12:05:16.284-0800][77519916ms] GC(25160) Survivor regions: 1->1(21)
[2023-11-10T12:05:16.284-0800][77519916ms] GC(25160) Old regions: 1453->1453
[2023-11-10T12:05:16.284-0800][77519916ms] GC(25160) Humongous regions: 5->5
[2023-11-10T12:05:16.284-0800][77519916ms] GC(25160) Metaspace: 305043K->305043K(1349632K)
[2023-11-10T12:05:16.284-0800][77519916ms] GC(25160) Pause Young (Normal) (G1 Evacuation Pause) 3235M->2916M(3602M) 4.990ms
[2023-11-10T12:05:16.284-0800][77519916ms] GC(25160) User=0.00s Sys=0.00s Real=0.00s
[2023-11-10T12:05:16.674-0800][77520306ms] GC(25161) Pause Young (Normal) (G1 Evacuation Pause)
[2023-11-10T12:05:16.674-0800][77520306ms] GC(25161) Using 10 workers of 10 for evacuation
[2023-11-10T12:05:16.679-0800][77520311ms] GC(25161)   Pre Evacuate Collection Set: 0.0ms
[2023-11-10T12:05:16.679-0800][77520311ms] GC(25161)   Evacuate Collection Set: 1.6ms
[2023-11-10T12:05:16.679-0800][77520311ms] GC(25161)   Post Evacuate Collection Set: 3.1ms
[2023-11-10T12:05:16.679-0800][77520311ms] GC(25161)   Other: 0.2ms
[2023-11-10T12:05:16.679-0800][77520311ms] GC(25161) Eden regions: 160->0(160)
[2023-11-10T12:05:16.679-0800][77520311ms] GC(25161) Survivor regions: 1->1(21)
[2023-11-10T12:05:16.679-0800][77520311ms] GC(25161) Old regions: 1453->1453
[2023-11-10T12:05:16.679-0800][77520311ms] GC(25161) Humongous regions: 5->5
[2023-11-10T12:05:16.679-0800][77520311ms] GC(25161) Metaspace: 305043K->305043K(1349632K)
[2023-11-10T12:05:16.679-0800][77520311ms] GC(25161) Pause Young (Normal) (G1 Evacuation Pause) 3236M->2915M(3602M) 5.033ms
[2023-11-10T12:05:16.680-0800][77520312ms] GC(25161) User=0.02s Sys=0.00s Real=0.01s
[2023-11-10T12:05:17.063-0800][77520695ms] GC(25162) Pause Young (Normal) (G1 Evacuation Pause)
[2023-11-10T12:05:17.063-0800][77520695ms] GC(25162) Using 10 workers of 10 for evacuation
[2023-11-10T12:05:17.068-0800][77520700ms] GC(25162)   Pre Evacuate Collection Set: 0.0ms
[2023-11-10T12:05:17.068-0800][77520700ms] GC(25162)   Evacuate Collection Set: 1.7ms
[2023-11-10T12:05:17.068-0800][77520700ms] GC(25162)   Post Evacuate Collection Set: 3.2ms
[2023-11-10T12:05:17.068-0800][77520700ms] GC(25162)   Other: 0.3ms
[2023-11-10T12:05:17.068-0800][77520700ms] GC(25162) Eden regions: 160->0(160)
[2023-11-10T12:05:17.068-0800][77520700ms] GC(25162) Survivor regions: 1->1(21)
[2023-11-10T12:05:17.068-0800][77520700ms] GC(25162) Old regions: 1453->1453
[2023-11-10T12:05:17.068-0800][77520700ms] GC(25162) Humongous regions: 5->5
[2023-11-10T12:05:17.068-0800][77520700ms] GC(25162) Metaspace: 305043K->305043K(1349632K)
[2023-11-10T12:05:17.068-0800][77520700ms] GC(25162) Pause Young (Normal) (G1 Evacuation Pause) 3235M->2915M(3602M) 5.283ms
[2023-11-10T12:05:17.068-0800][77520700ms] GC(25162) User=0.00s Sys=0.00s Real=0.01s
[2023-11-10T12:05:17.464-0800][77521096ms] GC(25163) Pause Young (Normal) (G1 Evacuation Pause)
[2023-11-10T12:05:17.464-0800][77521096ms] GC(25163) Using 10 workers of 10 for evacuation
[2023-11-10T12:05:17.469-0800][77521101ms] GC(25163)   Pre Evacuate Collection Set: 0.0ms
[2023-11-10T12:05:17.469-0800][77521101ms] GC(25163)   Evacuate Collection Set: 1.6ms
[2023-11-10T12:05:17.469-0800][77521101ms] GC(25163)   Post Evacuate Collection Set: 3.1ms
[2023-11-10T12:05:17.469-0800][77521101ms] GC(25163)   Other: 0.3ms
[2023-11-10T12:05:17.469-0800][77521101ms] GC(25163) Eden regions: 160->0(160)
[2023-11-10T12:05:17.469-0800][77521101ms] GC(25163) Survivor regions: 1->1(21)
[2023-11-10T12:05:17.469-0800][77521101ms] GC(25163) Old regions: 1453->1453
[2023-11-10T12:05:17.469-0800][77521101ms] GC(25163) Humongous regions: 5->5
[2023-11-10T12:05:17.469-0800][77521101ms] GC(25163) Metaspace: 305043K->305043K(1349632K)
[2023-11-10T12:05:17.469-0800][77521101ms] GC(25163) Pause Young (Normal) (G1 Evacuation Pause) 3235M->2916M(3602M) 5.101ms
[2023-11-10T12:05:17.469-0800][77521101ms] GC(25163) User=0.00s Sys=0.00s Real=0.01s
[2023-11-10T12:05:17.778-0800][77521410ms] GC(25164) Pause Young (Normal) (G1 Evacuation Pause)
[2023-11-10T12:05:17.778-0800][77521410ms] GC(25164) Using 10 workers of 10 for evacuation
[2023-11-10T12:05:17.783-0800][77521415ms] GC(25164)   Pre Evacuate Collection Set: 0.0ms
[2023-11-10T12:05:17.783-0800][77521415ms] GC(25164)   Evacuate Collection Set: 1.6ms
[2023-11-10T12:05:17.783-0800][77521415ms] GC(25164)   Post Evacuate Collection Set: 3.3ms
[2023-11-10T12:05:17.783-0800][77521415ms] GC(25164)   Other: 0.2ms
[2023-11-10T12:05:17.783-0800][77521415ms] GC(25164) Eden regions: 160->0(160)
[2023-11-10T12:05:17.783-0800][77521415ms] GC(25164) Survivor regions: 1->1(21)
[2023-11-10T12:05:17.783-0800][77521415ms] GC(25164) Old regions: 1453->1453
[2023-11-10T12:05:17.783-0800][77521415ms] GC(25164) Humongous regions: 5->5
[2023-11-10T12:05:17.783-0800][77521415ms] GC(25164) Metaspace: 305043K->305043K(1349632K)
[2023-11-10T12:05:17.783-0800][77521415ms] GC(25164) Pause Young (Normal) (G1 Evacuation Pause) 3236M->2916M(3602M) 5.370ms
[2023-11-10T12:05:17.783-0800][77521415ms] GC(25164) User=0.00s Sys=0.00s Real=0.00s
[2023-11-10T12:05:18.197-0800][77521829ms] GC(25165) Pause Young (Normal) (G1 Evacuation Pause)
[2023-11-10T12:05:18.197-0800][77521829ms] GC(25165) Using 10 workers of 10 for evacuation
[2023-11-10T12:05:18.202-0800][77521834ms] GC(25165)   Pre Evacuate Collection Set: 0.0ms
[2023-11-10T12:05:18.202-0800][77521834ms] GC(25165)   Evacuate Collection Set: 1.6ms
[2023-11-10T12:05:18.202-0800][77521834ms] GC(25165)   Post Evacuate Collection Set: 3.1ms
[2023-11-10T12:05:18.202-0800][77521834ms] GC(25165)   Other: 0.3ms
[2023-11-10T12:05:18.202-0800][77521834ms] GC(25165) Eden regions: 160->0(160)
[2023-11-10T12:05:18.202-0800][77521834ms] GC(25165) Survivor regions: 1->1(21)
[2023-11-10T12:05:18.202-0800][77521834ms] GC(25165) Old regions: 1453->1453
[2023-11-10T12:05:18.202-0800][77521834ms] GC(25165) Humongous regions: 5->5
[2023-11-10T12:05:18.202-0800][77521834ms] GC(25165) Metaspace: 305043K->305043K(1349632K)
[2023-11-10T12:05:18.202-0800][77521834ms] GC(25165) Pause Young (Normal) (G1 Evacuation Pause) 3236M->2916M(3602M) 5.146ms
[2023-11-10T12:05:18.202-0800][77521834ms] GC(25165) User=0.00s Sys=0.00s Real=0.00s
[2023-11-10T12:05:18.612-0800][77522244ms] GC(25166) Pause Young (Normal) (G1 Evacuation Pause)
[2023-11-10T12:05:18.612-0800][77522244ms] GC(25166) Using 10 workers of 10 for evacuation
[2023-11-10T12:05:18.616-0800][77522248ms] GC(25166)   Pre Evacuate Collection Set: 0.0ms
[2023-11-10T12:05:18.616-0800][77522248ms] GC(25166)   Evacuate Collection Set: 1.6ms
[2023-11-10T12:05:18.616-0800][77522248ms] GC(25166)   Post Evacuate Collection Set: 3.0ms
[2023-11-10T12:05:18.616-0800][77522248ms] GC(25166)   Other: 0.3ms
[2023-11-10T12:05:18.616-0800][77522248ms] GC(25166) Eden regions: 160->0(160)
[2023-11-10T12:05:18.616-0800][77522248ms] GC(25166) Survivor regions: 1->1(21)
[2023-11-10T12:05:18.616-0800][77522248ms] GC(25166) Old regions: 1453->1453
[2023-11-10T12:05:18.616-0800][77522248ms] GC(25166) Humongous regions: 5->5
[2023-11-10T12:05:18.616-0800][77522248ms] GC(25166) Metaspace: 305043K->305043K(1349632K)
[2023-11-10T12:05:18.616-0800][77522248ms] GC(25166) Pause Young (Normal) (G1 Evacuation Pause) 3236M->2916M(3602M) 4.998ms
[2023-11-10T12:05:18.616-0800][77522248ms] GC(25166) User=0.00s Sys=0.00s Real=0.00s
[2023-11-10T12:05:19.000-0800][77522632ms] GC(25167) Pause Young (Normal) (G1 Evacuation Pause)
[2023-11-10T12:05:19.000-0800][77522632ms] GC(25167) Using 10 workers of 10 for evacuation
[2023-11-10T12:05:19.005-0800][77522637ms] GC(25167)   Pre Evacuate Collection Set: 0.0ms
[2023-11-10T12:05:19.005-0800][77522637ms] GC(25167)   Evacuate Collection Set: 1.7ms
[2023-11-10T12:05:19.005-0800][77522637ms] GC(25167)   Post Evacuate Collection Set: 3.0ms
[2023-11-10T12:05:19.005-0800][77522637ms] GC(25167)   Other: 0.2ms
[2023-11-10T12:05:19.005-0800][77522637ms] GC(25167) Eden regions: 160->0(160)
[2023-11-10T12:05:19.005-0800][77522637ms] GC(25167) Survivor regions: 1->1(21)
[2023-11-10T12:05:19.005-0800][77522637ms] GC(25167) Old regions: 1453->1453
[2023-11-10T12:05:19.005-0800][77522637ms] GC(25167) Humongous regions: 5->5
[2023-11-10T12:05:19.005-0800][77522637ms] GC(25167) Metaspace: 305043K->305043K(1349632K)
[2023-11-10T12:05:19.005-0800][77522637ms] GC(25167) Pause Young (Normal) (G1 Evacuation Pause) 3236M->2916M(3602M) 5.063ms
[2023-11-10T12:05:19.005-0800][77522637ms] GC(25167) User=0.00s Sys=0.00s Real=0.01s
[2023-11-10T12:05:19.329-0800][77522961ms] GC(25168) Pause Young (Normal) (G1 Evacuation Pause)
[2023-11-10T12:05:19.330-0800][77522962ms] GC(25168) Using 10 workers of 10 for evacuation
[2023-11-10T12:05:19.334-0800][77522966ms] GC(25168)   Pre Evacuate Collection Set: 0.0ms
[2023-11-10T12:05:19.334-0800][77522966ms] GC(25168)   Evacuate Collection Set: 1.7ms
[2023-11-10T12:05:19.334-0800][77522966ms] GC(25168)   Post Evacuate Collection Set: 3.1ms
[2023-11-10T12:05:19.334-0800][77522966ms] GC(25168)   Other: 0.3ms
[2023-11-10T12:05:19.334-0800][77522966ms] GC(25168) Eden regions: 160->0(159)
[2023-11-10T12:05:19.334-0800][77522966ms] GC(25168) Survivor regions: 1->1(21)
[2023-11-10T12:05:19.334-0800][77522966ms] GC(25168) Old regions: 1453->1453
[2023-11-10T12:05:19.334-0800][77522966ms] GC(25168) Humongous regions: 5->5
[2023-11-10T12:05:19.334-0800][77522966ms] GC(25168) Metaspace: 305043K->305043K(1349632K)
[2023-11-10T12:05:19.334-0800][77522966ms] GC(25168) Pause Young (Normal) (G1 Evacuation Pause) 3236M->2916M(3602M) 5.222ms
[2023-11-10T12:05:19.334-0800][77522966ms] GC(25168) User=0.00s Sys=0.00s Real=0.01s
[2023-11-10T12:05:19.741-0800][77523373ms] GC(25169) Pause Young (Normal) (G1 Evacuation Pause)
[2023-11-10T12:05:19.741-0800][77523373ms] GC(25169) Using 10 workers of 10 for evacuation
[2023-11-10T12:05:19.747-0800][77523379ms] GC(25169)   Pre Evacuate Collection Set: 0.0ms
[2023-11-10T12:05:19.747-0800][77523379ms] GC(25169)   Evacuate Collection Set: 1.8ms
[2023-11-10T12:05:19.747-0800][77523379ms] GC(25169)   Post Evacuate Collection Set: 3.2ms
[2023-11-10T12:05:19.747-0800][77523379ms] GC(25169)   Other: 0.3ms
[2023-11-10T12:05:19.748-0800][77523380ms] GC(25169) Eden regions: 159->0(159)
[2023-11-10T12:05:19.748-0800][77523380ms] GC(25169) Survivor regions: 1->1(20)
[2023-11-10T12:05:19.748-0800][77523380ms] GC(25169) Old regions: 1453->1453
[2023-11-10T12:05:19.748-0800][77523380ms] GC(25169) Humongous regions: 5->5
[2023-11-10T12:05:19.748-0800][77523380ms] GC(25169) Metaspace: 305043K->305043K(1349632K)
[2023-11-10T12:05:19.748-0800][77523380ms] GC(25169) Pause Young (Normal) (G1 Evacuation Pause) 3234M->2916M(3602M) 5.378ms
[2023-11-10T12:05:19.748-0800][77523380ms] GC(25169) User=0.00s Sys=0.00s Real=0.01s
[2023-11-10T12:05:20.188-0800][77523820ms] GC(25170) Pause Young (Normal) (G1 Evacuation Pause)
[2023-11-10T12:05:20.188-0800][77523820ms] GC(25170) Using 10 workers of 10 for evacuation
[2023-11-10T12:05:20.193-0800][77523825ms] GC(25170)   Pre Evacuate Collection Set: 0.0ms
[2023-11-10T12:05:20.193-0800][77523825ms] GC(25170)   Evacuate Collection Set: 1.7ms
[2023-11-10T12:05:20.193-0800][77523825ms] GC(25170)   Post Evacuate Collection Set: 3.7ms
[2023-11-10T12:05:20.193-0800][77523825ms] GC(25170)   Other: 0.3ms
[2023-11-10T12:05:20.193-0800][77523825ms] GC(25170) Eden regions: 159->0(159)
[2023-11-10T12:05:20.193-0800][77523825ms] GC(25170) Survivor regions: 1->1(20)
[2023-11-10T12:05:20.193-0800][77523825ms] GC(25170) Old regions: 1453->1453
[2023-11-10T12:05:20.193-0800][77523825ms] GC(25170) Humongous regions: 5->5
[2023-11-10T12:05:20.193-0800][77523825ms] GC(25170) Metaspace: 305043K->305043K(1349632K)
[2023-11-10T12:05:20.193-0800][77523825ms] GC(25170) Pause Young (Normal) (G1 Evacuation Pause) 3234M->2916M(3602M) 5.855ms
[2023-11-10T12:05:20.193-0800][77523825ms] GC(25170) User=0.00s Sys=0.00s Real=0.01s
[2023-11-10T12:05:20.552-0800][77524184ms] GC(25171) Pause Young (Normal) (G1 Evacuation Pause)
[2023-11-10T12:05:20.552-0800][77524184ms] GC(25171) Using 10 workers of 10 for evacuation
[2023-11-10T12:05:20.558-0800][77524190ms] GC(25171)   Pre Evacuate Collection Set: 0.0ms
[2023-11-10T12:05:20.558-0800][77524190ms] GC(25171)   Evacuate Collection Set: 1.6ms
[2023-11-10T12:05:20.558-0800][77524190ms] GC(25171)   Post Evacuate Collection Set: 2.9ms
[2023-11-10T12:05:20.558-0800][77524190ms] GC(25171)   Other: 0.3ms
[2023-11-10T12:05:20.558-0800][77524190ms] GC(25171) Eden regions: 159->0(159)
[2023-11-10T12:05:20.558-0800][77524190ms] GC(25171) Survivor regions: 1->1(20)
[2023-11-10T12:05:20.558-0800][77524190ms] GC(25171) Old regions: 1453->1453
[2023-11-10T12:05:20.558-0800][77524190ms] GC(25171) Humongous regions: 5->5
[2023-11-10T12:05:20.558-0800][77524190ms] GC(25171) Metaspace: 305043K->305043K(1349632K)
[2023-11-10T12:05:20.558-0800][77524190ms] GC(25171) Pause Young (Normal) (G1 Evacuation Pause) 3234M->2916M(3602M) 4.895ms
[2023-11-10T12:05:20.558-0800][77524190ms] GC(25171) User=0.08s Sys=0.00s Real=0.01s
[2023-11-10T12:05:20.916-0800][77524548ms] GC(25172) Pause Young (Normal) (G1 Evacuation Pause)
[2023-11-10T12:05:20.917-0800][77524549ms] GC(25172) Using 10 workers of 10 for evacuation
[2023-11-10T12:05:20.921-0800][77524553ms] GC(25172)   Pre Evacuate Collection Set: 0.0ms
[2023-11-10T12:05:20.921-0800][77524553ms] GC(25172)   Evacuate Collection Set: 1.7ms
[2023-11-10T12:05:20.921-0800][77524553ms] GC(25172)   Post Evacuate Collection Set: 3.0ms
[2023-11-10T12:05:20.921-0800][77524553ms] GC(25172)   Other: 0.3ms
[2023-11-10T12:05:20.921-0800][77524553ms] GC(25172) Eden regions: 159->0(159)
[2023-11-10T12:05:20.921-0800][77524553ms] GC(25172) Survivor regions: 1->1(20)
[2023-11-10T12:05:20.921-0800][77524553ms] GC(25172) Old regions: 1453->1453
[2023-11-10T12:05:20.921-0800][77524553ms] GC(25172) Humongous regions: 5->5
[2023-11-10T12:05:20.921-0800][77524553ms] GC(25172) Metaspace: 305043K->305043K(1349632K)
[2023-11-10T12:05:20.921-0800][77524553ms] GC(25172) Pause Young (Normal) (G1 Evacuation Pause) 3234M->2916M(3602M) 5.015ms
[2023-11-10T12:05:20.922-0800][77524554ms] GC(25172) User=0.00s Sys=0.00s Real=0.01s
[2023-11-10T12:05:21.257-0800][77524889ms] GC(25173) Pause Young (Normal) (G1 Evacuation Pause)
[2023-11-10T12:05:21.257-0800][77524889ms] GC(25173) Using 10 workers of 10 for evacuation
[2023-11-10T12:05:21.263-0800][77524895ms] GC(25173)   Pre Evacuate Collection Set: 0.1ms
[2023-11-10T12:05:21.263-0800][77524895ms] GC(25173)   Evacuate Collection Set: 1.7ms
[2023-11-10T12:05:21.263-0800][77524895ms] GC(25173)   Post Evacuate Collection Set: 3.8ms
[2023-11-10T12:05:21.264-0800][77524896ms] GC(25173)   Other: 0.3ms
[2023-11-10T12:05:21.264-0800][77524896ms] GC(25173) Eden regions: 159->0(160)
[2023-11-10T12:05:21.264-0800][77524896ms] GC(25173) Survivor regions: 1->1(20)
[2023-11-10T12:05:21.264-0800][77524896ms] GC(25173) Old regions: 1453->1453
[2023-11-10T12:05:21.264-0800][77524896ms] GC(25173) Humongous regions: 5->5
[2023-11-10T12:05:21.264-0800][77524896ms] GC(25173) Metaspace: 305043K->305043K(1349632K)
[2023-11-10T12:05:21.264-0800][77524896ms] GC(25173) Pause Young (Normal) (G1 Evacuation Pause) 3234M->2916M(3602M) 5.945ms
[2023-11-10T12:05:21.264-0800][77524896ms] GC(25173) User=0.00s Sys=0.00s Real=0.01s
[2023-11-10T12:05:21.592-0800][77525224ms] GC(25174) Pause Young (Normal) (G1 Evacuation Pause)
[2023-11-10T12:05:21.592-0800][77525224ms] GC(25174) Using 10 workers of 10 for evacuation
[2023-11-10T12:05:21.598-0800][77525230ms] GC(25174)   Pre Evacuate Collection Set: 0.0ms
[2023-11-10T12:05:21.598-0800][77525230ms] GC(25174)   Evacuate Collection Set: 1.7ms
[2023-11-10T12:05:21.598-0800][77525230ms] GC(25174)   Post Evacuate Collection Set: 3.4ms
[2023-11-10T12:05:21.598-0800][77525230ms] GC(25174)   Other: 0.3ms
[2023-11-10T12:05:21.598-0800][77525230ms] GC(25174) Eden regions: 160->0(160)
[2023-11-10T12:05:21.598-0800][77525230ms] GC(25174) Survivor regions: 1->1(21)
[2023-11-10T12:05:21.598-0800][77525230ms] GC(25174) Old regions: 1453->1453
[2023-11-10T12:05:21.598-0800][77525230ms] GC(25174) Humongous regions: 5->5
[2023-11-10T12:05:21.598-0800][77525230ms] GC(25174) Metaspace: 305043K->305043K(1349632K)
[2023-11-10T12:05:21.598-0800][77525230ms] GC(25174) Pause Young (Normal) (G1 Evacuation Pause) 3236M->2916M(3602M) 5.472ms
[2023-11-10T12:05:21.598-0800][77525230ms] GC(25174) User=0.00s Sys=0.00s Real=0.01s
[2023-11-10T12:05:21.978-0800][77525610ms] GC(25175) Pause Young (Normal) (G1 Evacuation Pause)
[2023-11-10T12:05:21.978-0800][77525610ms] GC(25175) Using 10 workers of 10 for evacuation
[2023-11-10T12:05:21.983-0800][77525615ms] GC(25175)   Pre Evacuate Collection Set: 0.0ms
[2023-11-10T12:05:21.983-0800][77525615ms] GC(25175)   Evacuate Collection Set: 1.7ms
[2023-11-10T12:05:21.983-0800][77525615ms] GC(25175)   Post Evacuate Collection Set: 3.1ms
[2023-11-10T12:05:21.983-0800][77525615ms] GC(25175)   Other: 0.2ms
[2023-11-10T12:05:21.983-0800][77525615ms] GC(25175) Eden regions: 160->0(160)
[2023-11-10T12:05:21.983-0800][77525615ms] GC(25175) Survivor regions: 1->1(21)
[2023-11-10T12:05:21.983-0800][77525615ms] GC(25175) Old regions: 1453->1453
[2023-11-10T12:05:21.983-0800][77525615ms] GC(25175) Humongous regions: 5->5
[2023-11-10T12:05:21.983-0800][77525615ms] GC(25175) Metaspace: 305043K->305043K(1349632K)
[2023-11-10T12:05:21.983-0800][77525615ms] GC(25175) Pause Young (Normal) (G1 Evacuation Pause) 3236M->2916M(3602M) 5.104ms
[2023-11-10T12:05:21.983-0800][77525615ms] GC(25175) User=0.00s Sys=0.00s Real=0.01s
[2023-11-10T12:05:22.368-0800][77526000ms] GC(25176) Pause Young (Normal) (G1 Evacuation Pause)
[2023-11-10T12:05:22.368-0800][77526000ms] GC(25176) Using 10 workers of 10 for evacuation
[2023-11-10T12:05:22.372-0800][77526004ms] GC(25176)   Pre Evacuate Collection Set: 0.0ms
[2023-11-10T12:05:22.372-0800][77526004ms] GC(25176)   Evacuate Collection Set: 1.6ms
[2023-11-10T12:05:22.372-0800][77526004ms] GC(25176)   Post Evacuate Collection Set: 3.0ms
[2023-11-10T12:05:22.372-0800][77526004ms] GC(25176)   Other: 0.2ms
[2023-11-10T12:05:22.372-0800][77526004ms] GC(25176) Eden regions: 160->0(160)
[2023-11-10T12:05:22.372-0800][77526004ms] GC(25176) Survivor regions: 1->1(21)
[2023-11-10T12:05:22.372-0800][77526004ms] GC(25176) Old regions: 1453->1453
[2023-11-10T12:05:22.372-0800][77526004ms] GC(25176) Humongous regions: 5->5
[2023-11-10T12:05:22.372-0800][77526004ms] GC(25176) Metaspace: 305043K->305043K(1349632K)
[2023-11-10T12:05:22.372-0800][77526004ms] GC(25176) Pause Young (Normal) (G1 Evacuation Pause) 3236M->2916M(3602M) 4.957ms
[2023-11-10T12:05:22.372-0800][77526004ms] GC(25176) User=0.00s Sys=0.00s Real=0.00s
[2023-11-10T12:05:22.775-0800][77526407ms] GC(25177) Pause Young (Normal) (G1 Evacuation Pause)
[2023-11-10T12:05:22.775-0800][77526407ms] GC(25177) Using 10 workers of 10 for evacuation
[2023-11-10T12:05:22.781-0800][77526413ms] GC(25177)   Pre Evacuate Collection Set: 0.0ms
[2023-11-10T12:05:22.781-0800][77526413ms] GC(25177)   Evacuate Collection Set: 1.6ms
[2023-11-10T12:05:22.781-0800][77526413ms] GC(25177)   Post Evacuate Collection Set: 3.1ms
[2023-11-10T12:05:22.781-0800][77526413ms] GC(25177)   Other: 0.2ms
[2023-11-10T12:05:22.781-0800][77526413ms] GC(25177) Eden regions: 160->0(160)
[2023-11-10T12:05:22.781-0800][77526413ms] GC(25177) Survivor regions: 1->1(21)
[2023-11-10T12:05:22.781-0800][77526413ms] GC(25177) Old regions: 1453->1453
[2023-11-10T12:05:22.781-0800][77526413ms] GC(25177) Humongous regions: 5->5
[2023-11-10T12:05:22.781-0800][77526413ms] GC(25177) Metaspace: 305043K->305043K(1349632K)
[2023-11-10T12:05:22.781-0800][77526413ms] GC(25177) Pause Young (Normal) (G1 Evacuation Pause) 3236M->2916M(3602M) 5.115ms
[2023-11-10T12:05:22.781-0800][77526413ms] GC(25177) User=0.00s Sys=0.00s Real=0.01s
[2023-11-10T12:05:23.148-0800][77526780ms] GC(25178) Pause Young (Normal) (GCLocker Initiated GC)
[2023-11-10T12:05:23.148-0800][77526780ms] GC(25178) Using 10 workers of 10 for evacuation
[2023-11-10T12:05:23.154-0800][77526786ms] GC(25178)   Pre Evacuate Collection Set: 0.0ms
[2023-11-10T12:05:23.154-0800][77526786ms] GC(25178)   Evacuate Collection Set: 1.6ms
[2023-11-10T12:05:23.154-0800][77526786ms] GC(25178)   Post Evacuate Collection Set: 3.2ms
[2023-11-10T12:05:23.154-0800][77526786ms] GC(25178)   Other: 0.3ms
[2023-11-10T12:05:23.154-0800][77526786ms] GC(25178) Eden regions: 161->0(160)
[2023-11-10T12:05:23.154-0800][77526786ms] GC(25178) Survivor regions: 1->1(21)
[2023-11-10T12:05:23.154-0800][77526786ms] GC(25178) Old regions: 1453->1453
[2023-11-10T12:05:23.154-0800][77526786ms] GC(25178) Humongous regions: 5->5
[2023-11-10T12:05:23.154-0800][77526786ms] GC(25178) Metaspace: 305043K->305043K(1349632K)
[2023-11-10T12:05:23.154-0800][77526786ms] GC(25178) Pause Young (Normal) (GCLocker Initiated GC) 3237M->2916M(3602M) 5.202ms
[2023-11-10T12:05:23.154-0800][77526786ms] GC(25178) User=0.00s Sys=0.00s Real=0.01s
[2023-11-10T12:05:23.505-0800][77527137ms] GC(25179) Pause Young (Normal) (GCLocker Initiated GC)
[2023-11-10T12:05:23.505-0800][77527137ms] GC(25179) Using 10 workers of 10 for evacuation
[2023-11-10T12:05:23.511-0800][77527143ms] GC(25179)   Pre Evacuate Collection Set: 0.0ms
[2023-11-10T12:05:23.511-0800][77527143ms] GC(25179)   Evacuate Collection Set: 1.7ms
[2023-11-10T12:05:23.511-0800][77527143ms] GC(25179)   Post Evacuate Collection Set: 3.3ms
[2023-11-10T12:05:23.511-0800][77527143ms] GC(25179)   Other: 0.2ms
[2023-11-10T12:05:23.511-0800][77527143ms] GC(25179) Eden regions: 160->0(160)
[2023-11-10T12:05:23.511-0800][77527143ms] GC(25179) Survivor regions: 1->1(21)
[2023-11-10T12:05:23.511-0800][77527143ms] GC(25179) Old regions: 1453->1453
[2023-11-10T12:05:23.511-0800][77527143ms] GC(25179) Humongous regions: 5->5
[2023-11-10T12:05:23.511-0800][77527143ms] GC(25179) Metaspace: 305043K->305043K(1349632K)
[2023-11-10T12:05:23.511-0800][77527143ms] GC(25179) Pause Young (Normal) (GCLocker Initiated GC) 3236M->2916M(3602M) 5.356ms
[2023-11-10T12:05:23.511-0800][77527143ms] GC(25179) User=0.11s Sys=0.00s Real=0.01s
[2023-11-10T12:05:23.920-0800][77527552ms] GC(25180) Pause Young (Normal) (GCLocker Initiated GC)
[2023-11-10T12:05:23.920-0800][77527552ms] GC(25180) Using 10 workers of 10 for evacuation
[2023-11-10T12:05:23.928-0800][77527560ms] GC(25180)   Pre Evacuate Collection Set: 0.1ms
[2023-11-10T12:05:23.928-0800][77527560ms] GC(25180)   Evacuate Collection Set: 2.1ms
[2023-11-10T12:05:23.928-0800][77527560ms] GC(25180)   Post Evacuate Collection Set: 4.8ms
[2023-11-10T12:05:23.928-0800][77527560ms] GC(25180)   Other: 0.4ms
[2023-11-10T12:05:23.928-0800][77527560ms] GC(25180) Eden regions: 161->0(160)
[2023-11-10T12:05:23.928-0800][77527560ms] GC(25180) Survivor regions: 1->1(21)
[2023-11-10T12:05:23.928-0800][77527560ms] GC(25180) Old regions: 1453->1453
[2023-11-10T12:05:23.928-0800][77527560ms] GC(25180) Humongous regions: 5->5
[2023-11-10T12:05:23.928-0800][77527560ms] GC(25180) Metaspace: 305043K->305043K(1349632K)
[2023-11-10T12:05:23.928-0800][77527560ms] GC(25180) Pause Young (Normal) (GCLocker Initiated GC) 3236M->2916M(3602M) 7.453ms
[2023-11-10T12:05:23.928-0800][77527560ms] GC(25180) User=0.00s Sys=0.00s Real=0.01s
[2023-11-10T12:05:24.453-0800][77528085ms] GC(25181) Pause Young (Normal) (GCLocker Initiated GC)
[2023-11-10T12:05:24.453-0800][77528085ms] GC(25181) Using 10 workers of 10 for evacuation
[2023-11-10T12:05:24.459-0800][77528091ms] GC(25181)   Pre Evacuate Collection Set: 0.0ms
[2023-11-10T12:05:24.459-0800][77528091ms] GC(25181)   Evacuate Collection Set: 1.7ms
[2023-11-10T12:05:24.459-0800][77528091ms] GC(25181)   Post Evacuate Collection Set: 4.0ms
[2023-11-10T12:05:24.459-0800][77528091ms] GC(25181)   Other: 0.3ms
[2023-11-10T12:05:24.459-0800][77528091ms] GC(25181) Eden regions: 160->0(160)
[2023-11-10T12:05:24.459-0800][77528091ms] GC(25181) Survivor regions: 1->1(21)
[2023-11-10T12:05:24.459-0800][77528091ms] GC(25181) Old regions: 1453->1453
[2023-11-10T12:05:24.459-0800][77528091ms] GC(25181) Humongous regions: 5->5
[2023-11-10T12:05:24.459-0800][77528091ms] GC(25181) Metaspace: 305043K->305043K(1349632K)
[2023-11-10T12:05:24.459-0800][77528091ms] GC(25181) Pause Young (Normal) (GCLocker Initiated GC) 3236M->2916M(3602M) 6.231ms
[2023-11-10T12:05:24.459-0800][77528091ms] GC(25181) User=0.00s Sys=0.00s Real=0.01s
[2023-11-10T12:05:24.908-0800][77528540ms] GC(25182) Pause Young (Normal) (GCLocker Initiated GC)
[2023-11-10T12:05:24.908-0800][77528540ms] GC(25182) Using 10 workers of 10 for evacuation
[2023-11-10T12:05:24.913-0800][77528545ms] GC(25182)   Pre Evacuate Collection Set: 0.0ms
[2023-11-10T12:05:24.913-0800][77528545ms] GC(25182)   Evacuate Collection Set: 1.6ms
[2023-11-10T12:05:24.913-0800][77528545ms] GC(25182)   Post Evacuate Collection Set: 3.2ms
[2023-11-10T12:05:24.913-0800][77528545ms] GC(25182)   Other: 0.2ms
[2023-11-10T12:05:24.913-0800][77528545ms] GC(25182) Eden regions: 161->0(160)
[2023-11-10T12:05:24.913-0800][77528545ms] GC(25182) Survivor regions: 1->1(21)
[2023-11-10T12:05:24.913-0800][77528545ms] GC(25182) Old regions: 1453->1453
[2023-11-10T12:05:24.913-0800][77528545ms] GC(25182) Humongous regions: 5->5
[2023-11-10T12:05:24.913-0800][77528545ms] GC(25182) Metaspace: 305043K->305043K(1349632K)
[2023-11-10T12:05:24.913-0800][77528545ms] GC(25182) Pause Young (Normal) (GCLocker Initiated GC) 3237M->2916M(3602M) 5.184ms
[2023-11-10T12:05:24.913-0800][77528545ms] GC(25182) User=0.00s Sys=0.00s Real=0.01s
[2023-11-10T12:05:25.274-0800][77528906ms] GC(25183) Pause Young (Normal) (GCLocker Initiated GC)
[2023-11-10T12:05:25.274-0800][77528906ms] GC(25183) Using 10 workers of 10 for evacuation
[2023-11-10T12:05:25.279-0800][77528911ms] GC(25183)   Pre Evacuate Collection Set: 0.0ms
[2023-11-10T12:05:25.279-0800][77528911ms] GC(25183)   Evacuate Collection Set: 1.7ms
[2023-11-10T12:05:25.279-0800][77528911ms] GC(25183)   Post Evacuate Collection Set: 3.2ms
[2023-11-10T12:05:25.279-0800][77528911ms] GC(25183)   Other: 0.2ms
[2023-11-10T12:05:25.279-0800][77528911ms] GC(25183) Eden regions: 161->0(159)
[2023-11-10T12:05:25.279-0800][77528911ms] GC(25183) Survivor regions: 1->1(21)
[2023-11-10T12:05:25.279-0800][77528911ms] GC(25183) Old regions: 1453->1454
[2023-11-10T12:05:25.279-0800][77528911ms] GC(25183) Humongous regions: 5->5
[2023-11-10T12:05:25.279-0800][77528911ms] GC(25183) Metaspace: 305043K->305043K(1349632K)
[2023-11-10T12:05:25.279-0800][77528911ms] GC(25183) Pause Young (Normal) (GCLocker Initiated GC) 3236M->2916M(3602M) 5.322ms
[2023-11-10T12:05:25.279-0800][77528911ms] GC(25183) User=0.00s Sys=0.00s Real=0.01s
[2023-11-10T12:05:25.668-0800][77529300ms] GC(25184) Pause Young (Normal) (G1 Evacuation Pause)
[2023-11-10T12:05:25.668-0800][77529300ms] GC(25184) Using 10 workers of 10 for evacuation
[2023-11-10T12:05:25.673-0800][77529305ms] GC(25184)   Pre Evacuate Collection Set: 0.0ms
[2023-11-10T12:05:25.673-0800][77529305ms] GC(25184)   Evacuate Collection Set: 1.7ms
[2023-11-10T12:05:25.673-0800][77529305ms] GC(25184)   Post Evacuate Collection Set: 3.2ms
[2023-11-10T12:05:25.673-0800][77529305ms] GC(25184)   Other: 0.3ms
[2023-11-10T12:05:25.673-0800][77529305ms] GC(25184) Eden regions: 159->0(159)
[2023-11-10T12:05:25.673-0800][77529305ms] GC(25184) Survivor regions: 1->1(20)
[2023-11-10T12:05:25.673-0800][77529305ms] GC(25184) Old regions: 1454->1454
[2023-11-10T12:05:25.673-0800][77529305ms] GC(25184) Humongous regions: 5->5
[2023-11-10T12:05:25.673-0800][77529305ms] GC(25184) Metaspace: 305043K->305043K(1349632K)
[2023-11-10T12:05:25.673-0800][77529305ms] GC(25184) Pause Young (Normal) (G1 Evacuation Pause) 3234M->2916M(3602M) 5.392ms
[2023-11-10T12:05:25.673-0800][77529305ms] GC(25184) User=0.00s Sys=0.00s Real=0.01s
[2023-11-10T12:05:26.042-0800][77529674ms] GC(25185) Pause Young (Normal) (G1 Evacuation Pause)
[2023-11-10T12:05:26.042-0800][77529674ms] GC(25185) Using 10 workers of 10 for evacuation
[2023-11-10T12:05:26.047-0800][77529679ms] GC(25185)   Pre Evacuate Collection Set: 0.0ms
[2023-11-10T12:05:26.047-0800][77529679ms] GC(25185)   Evacuate Collection Set: 1.7ms
[2023-11-10T12:05:26.047-0800][77529679ms] GC(25185)   Post Evacuate Collection Set: 3.1ms
[2023-11-10T12:05:26.047-0800][77529679ms] GC(25185)   Other: 0.3ms
[2023-11-10T12:05:26.047-0800][77529679ms] GC(25185) Eden regions: 159->0(159)
[2023-11-10T12:05:26.047-0800][77529679ms] GC(25185) Survivor regions: 1->1(20)
[2023-11-10T12:05:26.047-0800][77529679ms] GC(25185) Old regions: 1454->1454
[2023-11-10T12:05:26.047-0800][77529679ms] GC(25185) Humongous regions: 5->5
[2023-11-10T12:05:26.047-0800][77529679ms] GC(25185) Metaspace: 305043K->305043K(1349632K)
[2023-11-10T12:05:26.047-0800][77529679ms] GC(25185) Pause Young (Normal) (G1 Evacuation Pause) 3234M->2917M(3602M) 5.179ms
[2023-11-10T12:05:26.047-0800][77529679ms] GC(25185) User=0.00s Sys=0.00s Real=0.00s
[2023-11-10T12:05:26.407-0800][77530039ms] GC(25186) Pause Young (Normal) (G1 Evacuation Pause)
[2023-11-10T12:05:26.407-0800][77530039ms] GC(25186) Using 10 workers of 10 for evacuation
[2023-11-10T12:05:26.412-0800][77530044ms] GC(25186)   Pre Evacuate Collection Set: 0.0ms
[2023-11-10T12:05:26.412-0800][77530044ms] GC(25186)   Evacuate Collection Set: 1.6ms
[2023-11-10T12:05:26.412-0800][77530044ms] GC(25186)   Post Evacuate Collection Set: 3.1ms
[2023-11-10T12:05:26.412-0800][77530044ms] GC(25186)   Other: 0.2ms
[2023-11-10T12:05:26.412-0800][77530044ms] GC(25186) Eden regions: 159->0(159)
[2023-11-10T12:05:26.412-0800][77530044ms] GC(25186) Survivor regions: 1->1(20)
[2023-11-10T12:05:26.412-0800][77530044ms] GC(25186) Old regions: 1454->1454
[2023-11-10T12:05:26.412-0800][77530044ms] GC(25186) Humongous regions: 5->5
[2023-11-10T12:05:26.412-0800][77530044ms] GC(25186) Metaspace: 305043K->305043K(1349632K)
[2023-11-10T12:05:26.412-0800][77530044ms] GC(25186) Pause Young (Normal) (G1 Evacuation Pause) 3235M->2916M(3602M) 5.054ms
[2023-11-10T12:05:26.412-0800][77530044ms] GC(25186) User=0.00s Sys=0.00s Real=0.00s
[2023-11-10T12:05:26.796-0800][77530428ms] GC(25187) Pause Young (Normal) (G1 Evacuation Pause)
[2023-11-10T12:05:26.796-0800][77530428ms] GC(25187) Using 10 workers of 10 for evacuation
[2023-11-10T12:05:26.801-0800][77530433ms] GC(25187)   Pre Evacuate Collection Set: 0.0ms
[2023-11-10T12:05:26.801-0800][77530433ms] GC(25187)   Evacuate Collection Set: 1.7ms
[2023-11-10T12:05:26.801-0800][77530433ms] GC(25187)   Post Evacuate Collection Set: 3.1ms
[2023-11-10T12:05:26.801-0800][77530433ms] GC(25187)   Other: 0.2ms
[2023-11-10T12:05:26.801-0800][77530433ms] GC(25187) Eden regions: 159->0(159)
[2023-11-10T12:05:26.801-0800][77530433ms] GC(25187) Survivor regions: 1->1(20)
[2023-11-10T12:05:26.801-0800][77530433ms] GC(25187) Old regions: 1454->1454
[2023-11-10T12:05:26.801-0800][77530433ms] GC(25187) Humongous regions: 5->5
[2023-11-10T12:05:26.801-0800][77530433ms] GC(25187) Metaspace: 305043K->305043K(1349632K)
[2023-11-10T12:05:26.801-0800][77530433ms] GC(25187) Pause Young (Normal) (G1 Evacuation Pause) 3234M->2916M(3602M) 5.132ms
[2023-11-10T12:05:26.801-0800][77530433ms] GC(25187) User=0.00s Sys=0.00s Real=0.01s
[2023-11-10T12:05:27.218-0800][77530850ms] GC(25188) Pause Young (Normal) (G1 Evacuation Pause)
[2023-11-10T12:05:27.218-0800][77530850ms] GC(25188) Using 10 workers of 10 for evacuation
[2023-11-10T12:05:27.223-0800][77530855ms] GC(25188)   Pre Evacuate Collection Set: 0.0ms
[2023-11-10T12:05:27.223-0800][77530855ms] GC(25188)   Evacuate Collection Set: 1.7ms
[2023-11-10T12:05:27.223-0800][77530855ms] GC(25188)   Post Evacuate Collection Set: 3.1ms
[2023-11-10T12:05:27.223-0800][77530855ms] GC(25188)   Other: 0.2ms
[2023-11-10T12:05:27.223-0800][77530855ms] GC(25188) Eden regions: 159->0(159)
[2023-11-10T12:05:27.223-0800][77530855ms] GC(25188) Survivor regions: 1->1(20)
[2023-11-10T12:05:27.223-0800][77530855ms] GC(25188) Old regions: 1454->1454
[2023-11-10T12:05:27.223-0800][77530855ms] GC(25188) Humongous regions: 5->5
[2023-11-10T12:05:27.223-0800][77530855ms] GC(25188) Metaspace: 305043K->305043K(1349632K)
[2023-11-10T12:05:27.223-0800][77530855ms] GC(25188) Pause Young (Normal) (G1 Evacuation Pause) 3234M->2916M(3602M) 5.109ms
[2023-11-10T12:05:27.223-0800][77530855ms] GC(25188) User=0.00s Sys=0.00s Real=0.01s
[2023-11-10T12:05:27.560-0800][77531192ms] GC(25189) Pause Young (Normal) (G1 Evacuation Pause)
[2023-11-10T12:05:27.560-0800][77531192ms] GC(25189) Using 10 workers of 10 for evacuation
[2023-11-10T12:05:27.564-0800][77531196ms] GC(25189)   Pre Evacuate Collection Set: 0.0ms
[2023-11-10T12:05:27.564-0800][77531196ms] GC(25189)   Evacuate Collection Set: 1.6ms
[2023-11-10T12:05:27.564-0800][77531196ms] GC(25189)   Post Evacuate Collection Set: 2.9ms
[2023-11-10T12:05:27.564-0800][77531196ms] GC(25189)   Other: 0.2ms
[2023-11-10T12:05:27.564-0800][77531196ms] GC(25189) Eden regions: 159->0(159)
[2023-11-10T12:05:27.564-0800][77531196ms] GC(25189) Survivor regions: 1->1(20)
[2023-11-10T12:05:27.564-0800][77531196ms] GC(25189) Old regions: 1454->1454
[2023-11-10T12:05:27.564-0800][77531196ms] GC(25189) Humongous regions: 5->5
[2023-11-10T12:05:27.564-0800][77531196ms] GC(25189) Metaspace: 305043K->305043K(1349632K)
[2023-11-10T12:05:27.564-0800][77531196ms] GC(25189) Pause Young (Normal) (G1 Evacuation Pause) 3234M->2916M(3602M) 4.889ms
[2023-11-10T12:05:27.564-0800][77531196ms] GC(25189) User=0.00s Sys=0.00s Real=0.00s
[2023-11-10T12:05:27.893-0800][77531525ms] GC(25190) Pause Young (Normal) (G1 Evacuation Pause)
[2023-11-10T12:05:27.893-0800][77531525ms] GC(25190) Using 10 workers of 10 for evacuation
[2023-11-10T12:05:27.898-0800][77531530ms] GC(25190)   Pre Evacuate Collection Set: 0.0ms
[2023-11-10T12:05:27.898-0800][77531530ms] GC(25190)   Evacuate Collection Set: 1.7ms
[2023-11-10T12:05:27.898-0800][77531530ms] GC(25190)   Post Evacuate Collection Set: 3.1ms
[2023-11-10T12:05:27.898-0800][77531530ms] GC(25190)   Other: 0.3ms
[2023-11-10T12:05:27.898-0800][77531530ms] GC(25190) Eden regions: 159->0(159)
[2023-11-10T12:05:27.898-0800][77531530ms] GC(25190) Survivor regions: 1->1(20)
[2023-11-10T12:05:27.898-0800][77531530ms] GC(25190) Old regions: 1454->1454
[2023-11-10T12:05:27.898-0800][77531530ms] GC(25190) Humongous regions: 5->5
[2023-11-10T12:05:27.898-0800][77531530ms] GC(25190) Metaspace: 305043K->305043K(1349632K)
[2023-11-10T12:05:27.898-0800][77531530ms] GC(25190) Pause Young (Normal) (G1 Evacuation Pause) 3234M->2916M(3602M) 5.174ms
[2023-11-10T12:05:27.898-0800][77531530ms] GC(25190) User=0.00s Sys=0.00s Real=0.01s
[2023-11-10T12:05:28.247-0800][77531879ms] GC(25191) Pause Young (Normal) (G1 Evacuation Pause)
[2023-11-10T12:05:28.247-0800][77531879ms] GC(25191) Using 10 workers of 10 for evacuation
[2023-11-10T12:05:28.253-0800][77531885ms] GC(25191)   Pre Evacuate Collection Set: 0.0ms
[2023-11-10T12:05:28.253-0800][77531885ms] GC(25191)   Evacuate Collection Set: 1.6ms
[2023-11-10T12:05:28.253-0800][77531885ms] GC(25191)   Post Evacuate Collection Set: 3.0ms
[2023-11-10T12:05:28.253-0800][77531885ms] GC(25191)   Other: 0.3ms
[2023-11-10T12:05:28.253-0800][77531885ms] GC(25191) Eden regions: 159->0(159)
[2023-11-10T12:05:28.253-0800][77531885ms] GC(25191) Survivor regions: 1->1(20)
[2023-11-10T12:05:28.253-0800][77531885ms] GC(25191) Old regions: 1454->1454
[2023-11-10T12:05:28.253-0800][77531885ms] GC(25191) Humongous regions: 5->5
[2023-11-10T12:05:28.253-0800][77531885ms] GC(25191) Metaspace: 305043K->305043K(1349632K)
[2023-11-10T12:05:28.253-0800][77531885ms] GC(25191) Pause Young (Normal) (G1 Evacuation Pause) 3234M->2916M(3602M) 5.062ms
[2023-11-10T12:05:28.253-0800][77531885ms] GC(25191) User=0.00s Sys=0.00s Real=0.01s
[2023-11-10T12:05:28.614-0800][77532246ms] GC(25192) Pause Young (Normal) (G1 Evacuation Pause)
[2023-11-10T12:05:28.614-0800][77532246ms] GC(25192) Using 10 workers of 10 for evacuation
[2023-11-10T12:05:28.619-0800][77532251ms] GC(25192)   Pre Evacuate Collection Set: 0.0ms
[2023-11-10T12:05:28.619-0800][77532251ms] GC(25192)   Evacuate Collection Set: 1.6ms
[2023-11-10T12:05:28.619-0800][77532251ms] GC(25192)   Post Evacuate Collection Set: 3.1ms
[2023-11-10T12:05:28.619-0800][77532251ms] GC(25192)   Other: 0.3ms
[2023-11-10T12:05:28.619-0800][77532251ms] GC(25192) Eden regions: 159->0(159)
[2023-11-10T12:05:28.619-0800][77532251ms] GC(25192) Survivor regions: 1->1(20)
[2023-11-10T12:05:28.619-0800][77532251ms] GC(25192) Old regions: 1454->1454
[2023-11-10T12:05:28.619-0800][77532251ms] GC(25192) Humongous regions: 5->5
[2023-11-10T12:05:28.619-0800][77532251ms] GC(25192) Metaspace: 305043K->305043K(1349632K)
[2023-11-10T12:05:28.619-0800][77532251ms] GC(25192) Pause Young (Normal) (G1 Evacuation Pause) 3234M->2916M(3602M) 5.191ms
[2023-11-10T12:05:28.619-0800][77532251ms] GC(25192) User=0.00s Sys=0.00s Real=0.00s
[2023-11-10T12:05:29.032-0800][77532664ms] GC(25193) Pause Young (Normal) (G1 Evacuation Pause)
[2023-11-10T12:05:29.032-0800][77532664ms] GC(25193) Using 10 workers of 10 for evacuation
[2023-11-10T12:05:29.039-0800][77532671ms] GC(25193)   Pre Evacuate Collection Set: 0.1ms
[2023-11-10T12:05:29.039-0800][77532671ms] GC(25193)   Evacuate Collection Set: 2.1ms
[2023-11-10T12:05:29.039-0800][77532671ms] GC(25193)   Post Evacuate Collection Set: 4.2ms
[2023-11-10T12:05:29.039-0800][77532671ms] GC(25193)   Other: 0.3ms
[2023-11-10T12:05:29.039-0800][77532671ms] GC(25193) Eden regions: 159->0(159)
[2023-11-10T12:05:29.039-0800][77532671ms] GC(25193) Survivor regions: 1->1(20)
[2023-11-10T12:05:29.039-0800][77532671ms] GC(25193) Old regions: 1454->1454
[2023-11-10T12:05:29.039-0800][77532671ms] GC(25193) Humongous regions: 5->5
[2023-11-10T12:05:29.039-0800][77532671ms] GC(25193) Metaspace: 305043K->305043K(1349632K)
[2023-11-10T12:05:29.039-0800][77532671ms] GC(25193) Pause Young (Normal) (G1 Evacuation Pause) 3234M->2916M(3602M) 6.672ms
[2023-11-10T12:05:29.039-0800][77532671ms] GC(25193) User=0.02s Sys=0.00s Real=0.01s
[2023-11-10T12:05:29.460-0800][77533092ms] GC(25194) Pause Young (Normal) (G1 Evacuation Pause)
[2023-11-10T12:05:29.460-0800][77533092ms] GC(25194) Using 10 workers of 10 for evacuation
[2023-11-10T12:05:29.464-0800][77533096ms] GC(25194)   Pre Evacuate Collection Set: 0.0ms
[2023-11-10T12:05:29.465-0800][77533097ms] GC(25194)   Evacuate Collection Set: 1.7ms
[2023-11-10T12:05:29.465-0800][77533097ms] GC(25194)   Post Evacuate Collection Set: 3.0ms
[2023-11-10T12:05:29.465-0800][77533097ms] GC(25194)   Other: 0.3ms
[2023-11-10T12:05:29.465-0800][77533097ms] GC(25194) Eden regions: 159->0(159)
[2023-11-10T12:05:29.465-0800][77533097ms] GC(25194) Survivor regions: 1->1(20)
[2023-11-10T12:05:29.465-0800][77533097ms] GC(25194) Old regions: 1454->1454
[2023-11-10T12:05:29.465-0800][77533097ms] GC(25194) Humongous regions: 5->5
[2023-11-10T12:05:29.465-0800][77533097ms] GC(25194) Metaspace: 305043K->305043K(1349632K)
[2023-11-10T12:05:29.465-0800][77533097ms] GC(25194) Pause Young (Normal) (G1 Evacuation Pause) 3234M->2916M(3602M) 5.121ms
[2023-11-10T12:05:29.465-0800][77533097ms] GC(25194) User=0.00s Sys=0.00s Real=0.00s
[2023-11-10T12:05:29.933-0800][77533565ms] GC(25195) Pause Young (Normal) (G1 Evacuation Pause)
[2023-11-10T12:05:29.933-0800][77533565ms] GC(25195) Using 10 workers of 10 for evacuation
[2023-11-10T12:05:29.937-0800][77533569ms] GC(25195)   Pre Evacuate Collection Set: 0.0ms
[2023-11-10T12:05:29.937-0800][77533569ms] GC(25195)   Evacuate Collection Set: 1.7ms
[2023-11-10T12:05:29.937-0800][77533569ms] GC(25195)   Post Evacuate Collection Set: 3.1ms
[2023-11-10T12:05:29.937-0800][77533569ms] GC(25195)   Other: 0.2ms
[2023-11-10T12:05:29.937-0800][77533569ms] GC(25195) Eden regions: 159->0(159)
[2023-11-10T12:05:29.937-0800][77533569ms] GC(25195) Survivor regions: 1->1(20)
[2023-11-10T12:05:29.937-0800][77533569ms] GC(25195) Old regions: 1454->1454
[2023-11-10T12:05:29.937-0800][77533569ms] GC(25195) Humongous regions: 5->5
[2023-11-10T12:05:29.937-0800][77533569ms] GC(25195) Metaspace: 305043K->305043K(1349632K)
[2023-11-10T12:05:29.938-0800][77533570ms] GC(25195) Pause Young (Normal) (G1 Evacuation Pause) 3234M->2916M(3602M) 5.155ms
[2023-11-10T12:05:29.938-0800][77533570ms] GC(25195) User=0.00s Sys=0.00s Real=0.00s
[2023-11-10T12:05:30.334-0800][77533966ms] GC(25196) Pause Young (Normal) (G1 Evacuation Pause)
[2023-11-10T12:05:30.334-0800][77533966ms] GC(25196) Using 10 workers of 10 for evacuation
[2023-11-10T12:05:30.339-0800][77533971ms] GC(25196)   Pre Evacuate Collection Set: 0.0ms
[2023-11-10T12:05:30.340-0800][77533972ms] GC(25196)   Evacuate Collection Set: 2.0ms
[2023-11-10T12:05:30.340-0800][77533972ms] GC(25196)   Post Evacuate Collection Set: 3.5ms
[2023-11-10T12:05:30.340-0800][77533972ms] GC(25196)   Other: 0.2ms
[2023-11-10T12:05:30.340-0800][77533972ms] GC(25196) Eden regions: 159->0(159)
[2023-11-10T12:05:30.340-0800][77533972ms] GC(25196) Survivor regions: 1->1(20)
[2023-11-10T12:05:30.340-0800][77533972ms] GC(25196) Old regions: 1454->1454
[2023-11-10T12:05:30.340-0800][77533972ms] GC(25196) Humongous regions: 5->5
[2023-11-10T12:05:30.340-0800][77533972ms] GC(25196) Metaspace: 305043K->305043K(1349632K)
[2023-11-10T12:05:30.340-0800][77533972ms] GC(25196) Pause Young (Normal) (G1 Evacuation Pause) 3234M->2916M(3602M) 5.815ms
[2023-11-10T12:05:30.340-0800][77533972ms] GC(25196) User=0.05s Sys=0.00s Real=0.01s
[2023-11-10T12:05:30.691-0800][77534323ms] GC(25197) Pause Young (Normal) (G1 Evacuation Pause)
[2023-11-10T12:05:30.691-0800][77534323ms] GC(25197) Using 10 workers of 10 for evacuation
[2023-11-10T12:05:30.697-0800][77534329ms] GC(25197)   Pre Evacuate Collection Set: 0.0ms
[2023-11-10T12:05:30.697-0800][77534329ms] GC(25197)   Evacuate Collection Set: 1.7ms
[2023-11-10T12:05:30.697-0800][77534329ms] GC(25197)   Post Evacuate Collection Set: 3.1ms
[2023-11-10T12:05:30.697-0800][77534329ms] GC(25197)   Other: 0.3ms
[2023-11-10T12:05:30.697-0800][77534329ms] GC(25197) Eden regions: 159->0(159)
[2023-11-10T12:05:30.697-0800][77534329ms] GC(25197) Survivor regions: 1->1(20)
[2023-11-10T12:05:30.697-0800][77534329ms] GC(25197) Old regions: 1454->1454
[2023-11-10T12:05:30.697-0800][77534329ms] GC(25197) Humongous regions: 5->5
[2023-11-10T12:05:30.697-0800][77534329ms] GC(25197) Metaspace: 305043K->305043K(1349632K)
[2023-11-10T12:05:30.697-0800][77534329ms] GC(25197) Pause Young (Normal) (G1 Evacuation Pause) 3234M->2916M(3602M) 5.161ms
[2023-11-10T12:05:30.697-0800][77534329ms] GC(25197) User=0.02s Sys=0.00s Real=0.01s
[2023-11-10T12:05:31.089-0800][77534721ms] GC(25198) Pause Young (Normal) (G1 Evacuation Pause)
[2023-11-10T12:05:31.089-0800][77534721ms] GC(25198) Using 10 workers of 10 for evacuation
[2023-11-10T12:05:31.094-0800][77534726ms] GC(25198)   Pre Evacuate Collection Set: 0.0ms
[2023-11-10T12:05:31.094-0800][77534726ms] GC(25198)   Evacuate Collection Set: 1.7ms
[2023-11-10T12:05:31.094-0800][77534726ms] GC(25198)   Post Evacuate Collection Set: 3.1ms
[2023-11-10T12:05:31.094-0800][77534726ms] GC(25198)   Other: 0.3ms
[2023-11-10T12:05:31.094-0800][77534726ms] GC(25198) Eden regions: 159->0(159)
[2023-11-10T12:05:31.094-0800][77534726ms] GC(25198) Survivor regions: 1->1(20)
[2023-11-10T12:05:31.094-0800][77534726ms] GC(25198) Old regions: 1454->1454
[2023-11-10T12:05:31.094-0800][77534726ms] GC(25198) Humongous regions: 5->5
[2023-11-10T12:05:31.094-0800][77534726ms] GC(25198) Metaspace: 305043K->305043K(1349632K)
[2023-11-10T12:05:31.094-0800][77534726ms] GC(25198) Pause Young (Normal) (G1 Evacuation Pause) 3234M->2916M(3602M) 5.146ms
[2023-11-10T12:05:31.094-0800][77534726ms] GC(25198) User=0.00s Sys=0.00s Real=0.01s
[2023-11-10T12:05:31.494-0800][77535126ms] GC(25199) Pause Young (Normal) (G1 Evacuation Pause)
[2023-11-10T12:05:31.494-0800][77535126ms] GC(25199) Using 10 workers of 10 for evacuation
[2023-11-10T12:05:31.501-0800][77535133ms] GC(25199)   Pre Evacuate Collection Set: 0.1ms
[2023-11-10T12:05:31.501-0800][77535133ms] GC(25199)   Evacuate Collection Set: 1.8ms
[2023-11-10T12:05:31.501-0800][77535133ms] GC(25199)   Post Evacuate Collection Set: 5.1ms
[2023-11-10T12:05:31.501-0800][77535133ms] GC(25199)   Other: 0.4ms
[2023-11-10T12:05:31.501-0800][77535133ms] GC(25199) Eden regions: 159->0(159)
[2023-11-10T12:05:31.501-0800][77535133ms] GC(25199) Survivor regions: 1->1(20)
[2023-11-10T12:05:31.501-0800][77535133ms] GC(25199) Old regions: 1454->1454
[2023-11-10T12:05:31.501-0800][77535133ms] GC(25199) Humongous regions: 5->5
[2023-11-10T12:05:31.501-0800][77535133ms] GC(25199) Metaspace: 305043K->305043K(1349632K)
[2023-11-10T12:05:31.501-0800][77535133ms] GC(25199) Pause Young (Normal) (G1 Evacuation Pause) 3234M->2916M(3602M) 7.466ms
[2023-11-10T12:05:31.501-0800][77535133ms] GC(25199) User=0.00s Sys=0.00s Real=0.01s
[2023-11-10T12:05:31.962-0800][77535594ms] GC(25200) Pause Young (Normal) (G1 Evacuation Pause)
[2023-11-10T12:05:31.962-0800][77535594ms] GC(25200) Using 10 workers of 10 for evacuation
[2023-11-10T12:05:31.966-0800][77535598ms] GC(25200)   Pre Evacuate Collection Set: 0.0ms
[2023-11-10T12:05:31.966-0800][77535598ms] GC(25200)   Evacuate Collection Set: 1.7ms
[2023-11-10T12:05:31.966-0800][77535598ms] GC(25200)   Post Evacuate Collection Set: 3.1ms
[2023-11-10T12:05:31.966-0800][77535598ms] GC(25200)   Other: 0.2ms
[2023-11-10T12:05:31.966-0800][77535598ms] GC(25200) Eden regions: 159->0(159)
[2023-11-10T12:05:31.966-0800][77535598ms] GC(25200) Survivor regions: 1->1(20)
[2023-11-10T12:05:31.966-0800][77535598ms] GC(25200) Old regions: 1454->1454
[2023-11-10T12:05:31.966-0800][77535598ms] GC(25200) Humongous regions: 5->5
[2023-11-10T12:05:31.966-0800][77535598ms] GC(25200) Metaspace: 305043K->305043K(1349632K)
[2023-11-10T12:05:31.966-0800][77535598ms] GC(25200) Pause Young (Normal) (G1 Evacuation Pause) 3234M->2916M(3602M) 5.159ms
[2023-11-10T12:05:31.966-0800][77535598ms] GC(25200) User=0.00s Sys=0.00s Real=0.00s
[2023-11-10T12:05:32.376-0800][77536008ms] GC(25201) Pause Young (Normal) (G1 Evacuation Pause)
[2023-11-10T12:05:32.376-0800][77536008ms] GC(25201) Using 10 workers of 10 for evacuation
[2023-11-10T12:05:32.382-0800][77536014ms] GC(25201)   Pre Evacuate Collection Set: 0.0ms
[2023-11-10T12:05:32.382-0800][77536014ms] GC(25201)   Evacuate Collection Set: 1.9ms
[2023-11-10T12:05:32.382-0800][77536014ms] GC(25201)   Post Evacuate Collection Set: 4.0ms
[2023-11-10T12:05:32.382-0800][77536014ms] GC(25201)   Other: 0.3ms
[2023-11-10T12:05:32.382-0800][77536014ms] GC(25201) Eden regions: 159->0(159)
[2023-11-10T12:05:32.382-0800][77536014ms] GC(25201) Survivor regions: 1->1(20)
[2023-11-10T12:05:32.382-0800][77536014ms] GC(25201) Old regions: 1454->1454
[2023-11-10T12:05:32.382-0800][77536014ms] GC(25201) Humongous regions: 5->5
[2023-11-10T12:05:32.382-0800][77536014ms] GC(25201) Metaspace: 305043K->305043K(1349632K)
[2023-11-10T12:05:32.382-0800][77536014ms] GC(25201) Pause Young (Normal) (G1 Evacuation Pause) 3234M->2916M(3602M) 6.296ms
[2023-11-10T12:05:32.382-0800][77536014ms] GC(25201) User=0.00s Sys=0.00s Real=0.01s
[2023-11-10T12:05:32.733-0800][77536365ms] GC(25202) Pause Young (Normal) (G1 Evacuation Pause)
[2023-11-10T12:05:32.733-0800][77536365ms] GC(25202) Using 10 workers of 10 for evacuation
[2023-11-10T12:05:32.738-0800][77536370ms] GC(25202)   Pre Evacuate Collection Set: 0.0ms
[2023-11-10T12:05:32.738-0800][77536370ms] GC(25202)   Evacuate Collection Set: 1.7ms
[2023-11-10T12:05:32.738-0800][77536370ms] GC(25202)   Post Evacuate Collection Set: 3.1ms
[2023-11-10T12:05:32.738-0800][77536370ms] GC(25202)   Other: 0.3ms
[2023-11-10T12:05:32.738-0800][77536370ms] GC(25202) Eden regions: 159->0(159)
[2023-11-10T12:05:32.738-0800][77536370ms] GC(25202) Survivor regions: 1->1(20)
[2023-11-10T12:05:32.738-0800][77536370ms] GC(25202) Old regions: 1454->1454
[2023-11-10T12:05:32.738-0800][77536370ms] GC(25202) Humongous regions: 5->5
[2023-11-10T12:05:32.738-0800][77536370ms] GC(25202) Metaspace: 305043K->305043K(1349632K)
[2023-11-10T12:05:32.738-0800][77536370ms] GC(25202) Pause Young (Normal) (G1 Evacuation Pause) 3234M->2916M(3602M) 5.176ms
[2023-11-10T12:05:32.738-0800][77536370ms] GC(25202) User=0.00s Sys=0.00s Real=0.00s
[2023-11-10T12:05:33.188-0800][77536820ms] GC(25203) Pause Young (Normal) (G1 Evacuation Pause)
[2023-11-10T12:05:33.188-0800][77536820ms] GC(25203) Using 10 workers of 10 for evacuation
[2023-11-10T12:05:33.192-0800][77536824ms] GC(25203)   Pre Evacuate Collection Set: 0.0ms
[2023-11-10T12:05:33.192-0800][77536824ms] GC(25203)   Evacuate Collection Set: 1.6ms
[2023-11-10T12:05:33.192-0800][77536824ms] GC(25203)   Post Evacuate Collection Set: 3.0ms
[2023-11-10T12:05:33.192-0800][77536824ms] GC(25203)   Other: 0.2ms
[2023-11-10T12:05:33.192-0800][77536824ms] GC(25203) Eden regions: 159->0(159)
[2023-11-10T12:05:33.192-0800][77536824ms] GC(25203) Survivor regions: 1->1(20)
[2023-11-10T12:05:33.192-0800][77536824ms] GC(25203) Old regions: 1454->1454
[2023-11-10T12:05:33.193-0800][77536825ms] GC(25203) Humongous regions: 5->5
[2023-11-10T12:05:33.193-0800][77536825ms] GC(25203) Metaspace: 305043K->305043K(1349632K)
[2023-11-10T12:05:33.193-0800][77536825ms] GC(25203) Pause Young (Normal) (G1 Evacuation Pause) 3234M->2916M(3602M) 4.978ms
[2023-11-10T12:05:33.193-0800][77536825ms] GC(25203) User=0.00s Sys=0.00s Real=0.01s
[2023-11-10T12:05:33.570-0800][77537202ms] GC(25204) Pause Young (Normal) (G1 Evacuation Pause)
[2023-11-10T12:05:33.570-0800][77537202ms] GC(25204) Using 10 workers of 10 for evacuation
[2023-11-10T12:05:33.575-0800][77537207ms] GC(25204)   Pre Evacuate Collection Set: 0.0ms
[2023-11-10T12:05:33.575-0800][77537207ms] GC(25204)   Evacuate Collection Set: 1.6ms
[2023-11-10T12:05:33.575-0800][77537207ms] GC(25204)   Post Evacuate Collection Set: 3.2ms
[2023-11-10T12:05:33.575-0800][77537207ms] GC(25204)   Other: 0.3ms
[2023-11-10T12:05:33.575-0800][77537207ms] GC(25204) Eden regions: 159->0(159)
[2023-11-10T12:05:33.575-0800][77537207ms] GC(25204) Survivor regions: 1->1(20)
[2023-11-10T12:05:33.575-0800][77537207ms] GC(25204) Old regions: 1454->1454
[2023-11-10T12:05:33.575-0800][77537207ms] GC(25204) Humongous regions: 5->5
[2023-11-10T12:05:33.575-0800][77537207ms] GC(25204) Metaspace: 305043K->305043K(1349632K)
[2023-11-10T12:05:33.575-0800][77537207ms] GC(25204) Pause Young (Normal) (G1 Evacuation Pause) 3234M->2916M(3602M) 5.197ms
[2023-11-10T12:05:33.575-0800][77537207ms] GC(25204) User=0.00s Sys=0.00s Real=0.01s
[2023-11-10T12:05:34.056-0800][77537688ms] GC(25205) Pause Young (Normal) (G1 Evacuation Pause)
[2023-11-10T12:05:34.056-0800][77537688ms] GC(25205) Using 10 workers of 10 for evacuation
[2023-11-10T12:05:34.061-0800][77537693ms] GC(25205)   Pre Evacuate Collection Set: 0.0ms
[2023-11-10T12:05:34.061-0800][77537693ms] GC(25205)   Evacuate Collection Set: 1.6ms
[2023-11-10T12:05:34.061-0800][77537693ms] GC(25205)   Post Evacuate Collection Set: 3.0ms
[2023-11-10T12:05:34.061-0800][77537693ms] GC(25205)   Other: 0.2ms
[2023-11-10T12:05:34.061-0800][77537693ms] GC(25205) Eden regions: 159->0(159)
[2023-11-10T12:05:34.061-0800][77537693ms] GC(25205) Survivor regions: 1->1(20)
[2023-11-10T12:05:34.061-0800][77537693ms] GC(25205) Old regions: 1454->1454
[2023-11-10T12:05:34.061-0800][77537693ms] GC(25205) Humongous regions: 5->5
[2023-11-10T12:05:34.061-0800][77537693ms] GC(25205) Metaspace: 305043K->305043K(1349632K)
[2023-11-10T12:05:34.061-0800][77537693ms] GC(25205) Pause Young (Normal) (G1 Evacuation Pause) 3234M->2916M(3602M) 4.990ms
[2023-11-10T12:05:34.061-0800][77537693ms] GC(25205) User=0.00s Sys=0.00s Real=0.01s
[2023-11-10T12:05:34.518-0800][77538150ms] GC(25206) Pause Young (Normal) (G1 Evacuation Pause)
[2023-11-10T12:05:34.518-0800][77538150ms] GC(25206) Using 10 workers of 10 for evacuation
[2023-11-10T12:05:34.524-0800][77538156ms] GC(25206)   Pre Evacuate Collection Set: 0.0ms
[2023-11-10T12:05:34.524-0800][77538156ms] GC(25206)   Evacuate Collection Set: 1.6ms
[2023-11-10T12:05:34.524-0800][77538156ms] GC(25206)   Post Evacuate Collection Set: 3.6ms
[2023-11-10T12:05:34.524-0800][77538156ms] GC(25206)   Other: 0.3ms
[2023-11-10T12:05:34.524-0800][77538156ms] GC(25206) Eden regions: 159->0(159)
[2023-11-10T12:05:34.524-0800][77538156ms] GC(25206) Survivor regions: 1->1(20)
[2023-11-10T12:05:34.524-0800][77538156ms] GC(25206) Old regions: 1454->1454
[2023-11-10T12:05:34.524-0800][77538156ms] GC(25206) Humongous regions: 5->5
[2023-11-10T12:05:34.524-0800][77538156ms] GC(25206) Metaspace: 305043K->305043K(1349632K)
[2023-11-10T12:05:34.524-0800][77538156ms] GC(25206) Pause Young (Normal) (G1 Evacuation Pause) 3234M->2916M(3602M) 5.717ms
[2023-11-10T12:05:34.524-0800][77538156ms] GC(25206) User=0.00s Sys=0.00s Real=0.01s
[2023-11-10T12:05:34.868-0800][77538500ms] GC(25207) Pause Young (Normal) (G1 Evacuation Pause)
[2023-11-10T12:05:34.868-0800][77538500ms] GC(25207) Using 10 workers of 10 for evacuation
[2023-11-10T12:05:34.873-0800][77538505ms] GC(25207)   Pre Evacuate Collection Set: 0.1ms
[2023-11-10T12:05:34.873-0800][77538505ms] GC(25207)   Evacuate Collection Set: 1.7ms
[2023-11-10T12:05:34.873-0800][77538505ms] GC(25207)   Post Evacuate Collection Set: 3.4ms
[2023-11-10T12:05:34.873-0800][77538505ms] GC(25207)   Other: 0.3ms
[2023-11-10T12:05:34.873-0800][77538505ms] GC(25207) Eden regions: 159->0(159)
[2023-11-10T12:05:34.873-0800][77538505ms] GC(25207) Survivor regions: 1->1(20)
[2023-11-10T12:05:34.873-0800][77538505ms] GC(25207) Old regions: 1454->1454
[2023-11-10T12:05:34.873-0800][77538505ms] GC(25207) Humongous regions: 5->5
[2023-11-10T12:05:34.873-0800][77538505ms] GC(25207) Metaspace: 305043K->305043K(1349632K)
[2023-11-10T12:05:34.873-0800][77538505ms] GC(25207) Pause Young (Normal) (G1 Evacuation Pause) 3234M->2916M(3602M) 5.594ms
[2023-11-10T12:05:34.873-0800][77538505ms] GC(25207) User=0.00s Sys=0.00s Real=0.00s
[2023-11-10T12:05:35.321-0800][77538953ms] GC(25208) Pause Young (Normal) (G1 Evacuation Pause)
[2023-11-10T12:05:35.321-0800][77538953ms] GC(25208) Using 10 workers of 10 for evacuation
[2023-11-10T12:05:35.327-0800][77538959ms] GC(25208)   Pre Evacuate Collection Set: 0.0ms
[2023-11-10T12:05:35.327-0800][77538959ms] GC(25208)   Evacuate Collection Set: 1.6ms
[2023-11-10T12:05:35.327-0800][77538959ms] GC(25208)   Post Evacuate Collection Set: 2.9ms
[2023-11-10T12:05:35.327-0800][77538959ms] GC(25208)   Other: 0.3ms
[2023-11-10T12:05:35.327-0800][77538959ms] GC(25208) Eden regions: 159->0(159)
[2023-11-10T12:05:35.327-0800][77538959ms] GC(25208) Survivor regions: 1->1(20)
[2023-11-10T12:05:35.327-0800][77538959ms] GC(25208) Old regions: 1454->1454
[2023-11-10T12:05:35.327-0800][77538959ms] GC(25208) Humongous regions: 5->5
[2023-11-10T12:05:35.327-0800][77538959ms] GC(25208) Metaspace: 305043K->305043K(1349632K)
[2023-11-10T12:05:35.327-0800][77538959ms] GC(25208) Pause Young (Normal) (G1 Evacuation Pause) 3234M->2916M(3602M) 4.940ms
[2023-11-10T12:05:35.327-0800][77538959ms] GC(25208) User=0.00s Sys=0.00s Real=0.01s
[2023-11-10T12:05:35.741-0800][77539373ms] GC(25209) Pause Young (Normal) (G1 Evacuation Pause)
[2023-11-10T12:05:35.741-0800][77539373ms] GC(25209) Using 10 workers of 10 for evacuation
[2023-11-10T12:05:35.748-0800][77539380ms] GC(25209)   Pre Evacuate Collection Set: 0.1ms
[2023-11-10T12:05:35.748-0800][77539380ms] GC(25209)   Evacuate Collection Set: 2.1ms
[2023-11-10T12:05:35.748-0800][77539380ms] GC(25209)   Post Evacuate Collection Set: 4.9ms
[2023-11-10T12:05:35.749-0800][77539381ms] GC(25209)   Other: 0.5ms
[2023-11-10T12:05:35.749-0800][77539381ms] GC(25209) Eden regions: 159->0(159)
[2023-11-10T12:05:35.749-0800][77539381ms] GC(25209) Survivor regions: 1->1(20)
[2023-11-10T12:05:35.749-0800][77539381ms] GC(25209) Old regions: 1454->1454
[2023-11-10T12:05:35.749-0800][77539381ms] GC(25209) Humongous regions: 5->5
[2023-11-10T12:05:35.749-0800][77539381ms] GC(25209) Metaspace: 305043K->305043K(1349632K)
[2023-11-10T12:05:35.749-0800][77539381ms] GC(25209) Pause Young (Normal) (G1 Evacuation Pause) 3234M->2917M(3602M) 7.701ms
[2023-11-10T12:05:35.749-0800][77539381ms] GC(25209) User=0.02s Sys=0.00s Real=0.01s
[2023-11-10T12:05:36.145-0800][77539777ms] GC(25210) Pause Young (Normal) (G1 Evacuation Pause)
[2023-11-10T12:05:36.145-0800][77539777ms] GC(25210) Using 10 workers of 10 for evacuation
[2023-11-10T12:05:36.151-0800][77539783ms] GC(25210)   Pre Evacuate Collection Set: 0.1ms
[2023-11-10T12:05:36.151-0800][77539783ms] GC(25210)   Evacuate Collection Set: 2.5ms
[2023-11-10T12:05:36.151-0800][77539783ms] GC(25210)   Post Evacuate Collection Set: 3.6ms
[2023-11-10T12:05:36.151-0800][77539783ms] GC(25210)   Other: 0.3ms
[2023-11-10T12:05:36.151-0800][77539783ms] GC(25210) Eden regions: 159->0(159)
[2023-11-10T12:05:36.151-0800][77539783ms] GC(25210) Survivor regions: 1->1(20)
[2023-11-10T12:05:36.151-0800][77539783ms] GC(25210) Old regions: 1454->1454
[2023-11-10T12:05:36.151-0800][77539783ms] GC(25210) Humongous regions: 5->5
[2023-11-10T12:05:36.151-0800][77539783ms] GC(25210) Metaspace: 305043K->305043K(1349632K)
[2023-11-10T12:05:36.151-0800][77539783ms] GC(25210) Pause Young (Normal) (G1 Evacuation Pause) 3235M->2917M(3602M) 6.533ms
[2023-11-10T12:05:36.151-0800][77539783ms] GC(25210) User=0.00s Sys=0.00s Real=0.01s
[2023-11-10T12:05:36.543-0800][77540175ms] GC(25211) Pause Young (Normal) (G1 Evacuation Pause)
[2023-11-10T12:05:36.543-0800][77540175ms] GC(25211) Using 10 workers of 10 for evacuation
[2023-11-10T12:05:36.549-0800][77540181ms] GC(25211)   Pre Evacuate Collection Set: 0.0ms
[2023-11-10T12:05:36.549-0800][77540181ms] GC(25211)   Evacuate Collection Set: 1.7ms
[2023-11-10T12:05:36.549-0800][77540181ms] GC(25211)   Post Evacuate Collection Set: 3.2ms
[2023-11-10T12:05:36.549-0800][77540181ms] GC(25211)   Other: 0.2ms
[2023-11-10T12:05:36.549-0800][77540181ms] GC(25211) Eden regions: 159->0(159)
[2023-11-10T12:05:36.549-0800][77540181ms] GC(25211) Survivor regions: 1->1(20)
[2023-11-10T12:05:36.549-0800][77540181ms] GC(25211) Old regions: 1454->1454
[2023-11-10T12:05:36.549-0800][77540181ms] GC(25211) Humongous regions: 5->5
[2023-11-10T12:05:36.549-0800][77540181ms] GC(25211) Metaspace: 305043K->305043K(1349632K)
[2023-11-10T12:05:36.549-0800][77540181ms] GC(25211) Pause Young (Normal) (G1 Evacuation Pause) 3235M->2917M(3602M) 5.305ms
[2023-11-10T12:05:36.549-0800][77540181ms] GC(25211) User=0.00s Sys=0.00s Real=0.01s
[2023-11-10T12:05:36.976-0800][77540608ms] GC(25212) Pause Young (Normal) (G1 Evacuation Pause)
[2023-11-10T12:05:36.976-0800][77540608ms] GC(25212) Using 10 workers of 10 for evacuation
[2023-11-10T12:05:36.981-0800][77540613ms] GC(25212)   Pre Evacuate Collection Set: 0.1ms
[2023-11-10T12:05:36.981-0800][77540613ms] GC(25212)   Evacuate Collection Set: 1.7ms
[2023-11-10T12:05:36.981-0800][77540613ms] GC(25212)   Post Evacuate Collection Set: 3.0ms
[2023-11-10T12:05:36.981-0800][77540613ms] GC(25212)   Other: 0.3ms
[2023-11-10T12:05:36.981-0800][77540613ms] GC(25212) Eden regions: 159->0(159)
[2023-11-10T12:05:36.981-0800][77540613ms] GC(25212) Survivor regions: 1->1(20)
[2023-11-10T12:05:36.981-0800][77540613ms] GC(25212) Old regions: 1454->1454
[2023-11-10T12:05:36.981-0800][77540613ms] GC(25212) Humongous regions: 5->5
[2023-11-10T12:05:36.981-0800][77540613ms] GC(25212) Metaspace: 305043K->305043K(1349632K)
[2023-11-10T12:05:36.981-0800][77540613ms] GC(25212) Pause Young (Normal) (G1 Evacuation Pause) 3235M->2917M(3602M) 5.235ms
[2023-11-10T12:05:36.981-0800][77540613ms] GC(25212) User=0.00s Sys=0.00s Real=0.00s
[2023-11-10T12:05:37.397-0800][77541029ms] GC(25213) Pause Young (Normal) (G1 Evacuation Pause)
[2023-11-10T12:05:37.397-0800][77541029ms] GC(25213) Using 10 workers of 10 for evacuation
[2023-11-10T12:05:37.403-0800][77541035ms] GC(25213)   Pre Evacuate Collection Set: 0.0ms
[2023-11-10T12:05:37.403-0800][77541035ms] GC(25213)   Evacuate Collection Set: 1.7ms
[2023-11-10T12:05:37.403-0800][77541035ms] GC(25213)   Post Evacuate Collection Set: 3.1ms
[2023-11-10T12:05:37.403-0800][77541035ms] GC(25213)   Other: 0.2ms
[2023-11-10T12:05:37.403-0800][77541035ms] GC(25213) Eden regions: 159->0(159)
[2023-11-10T12:05:37.403-0800][77541035ms] GC(25213) Survivor regions: 1->1(20)
[2023-11-10T12:05:37.403-0800][77541035ms] GC(25213) Old regions: 1454->1454
[2023-11-10T12:05:37.403-0800][77541035ms] GC(25213) Humongous regions: 5->5
[2023-11-10T12:05:37.403-0800][77541035ms] GC(25213) Metaspace: 305043K->305043K(1349632K)
[2023-11-10T12:05:37.403-0800][77541035ms] GC(25213) Pause Young (Normal) (G1 Evacuation Pause) 3235M->2917M(3602M) 5.200ms
[2023-11-10T12:05:37.403-0800][77541035ms] GC(25213) User=0.09s Sys=0.00s Real=0.01s
[2023-11-10T12:05:37.779-0800][77541411ms] GC(25214) Pause Young (Normal) (G1 Evacuation Pause)
[2023-11-10T12:05:37.779-0800][77541411ms] GC(25214) Using 10 workers of 10 for evacuation
[2023-11-10T12:05:37.785-0800][77541417ms] GC(25214)   Pre Evacuate Collection Set: 0.0ms
[2023-11-10T12:05:37.785-0800][77541417ms] GC(25214)   Evacuate Collection Set: 1.7ms
[2023-11-10T12:05:37.785-0800][77541417ms] GC(25214)   Post Evacuate Collection Set: 3.3ms
[2023-11-10T12:05:37.785-0800][77541417ms] GC(25214)   Other: 0.3ms
[2023-11-10T12:05:37.785-0800][77541417ms] GC(25214) Eden regions: 159->0(159)
[2023-11-10T12:05:37.785-0800][77541417ms] GC(25214) Survivor regions: 1->1(20)
[2023-11-10T12:05:37.785-0800][77541417ms] GC(25214) Old regions: 1454->1454
[2023-11-10T12:05:37.785-0800][77541417ms] GC(25214) Humongous regions: 5->5
[2023-11-10T12:05:37.785-0800][77541417ms] GC(25214) Metaspace: 305043K->305043K(1349632K)
[2023-11-10T12:05:37.785-0800][77541417ms] GC(25214) Pause Young (Normal) (G1 Evacuation Pause) 3235M->2917M(3602M) 5.316ms
[2023-11-10T12:05:37.785-0800][77541417ms] GC(25214) User=0.00s Sys=0.00s Real=0.01s
[2023-11-10T12:05:38.167-0800][77541799ms] GC(25215) Pause Young (Normal) (G1 Evacuation Pause)
[2023-11-10T12:05:38.167-0800][77541799ms] GC(25215) Using 10 workers of 10 for evacuation
[2023-11-10T12:05:38.172-0800][77541804ms] GC(25215)   Pre Evacuate Collection Set: 0.0ms
[2023-11-10T12:05:38.172-0800][77541804ms] GC(25215)   Evacuate Collection Set: 1.7ms
[2023-11-10T12:05:38.172-0800][77541804ms] GC(25215)   Post Evacuate Collection Set: 3.8ms
[2023-11-10T12:05:38.172-0800][77541804ms] GC(25215)   Other: 0.3ms
[2023-11-10T12:05:38.173-0800][77541805ms] GC(25215) Eden regions: 159->0(159)
[2023-11-10T12:05:38.173-0800][77541805ms] GC(25215) Survivor regions: 1->1(20)
[2023-11-10T12:05:38.173-0800][77541805ms] GC(25215) Old regions: 1454->1454
[2023-11-10T12:05:38.173-0800][77541805ms] GC(25215) Humongous regions: 5->5
[2023-11-10T12:05:38.173-0800][77541805ms] GC(25215) Metaspace: 305043K->305043K(1349632K)
[2023-11-10T12:05:38.173-0800][77541805ms] GC(25215) Pause Young (Normal) (G1 Evacuation Pause) 3235M->2917M(3602M) 5.849ms
[2023-11-10T12:05:38.173-0800][77541805ms] GC(25215) User=0.00s Sys=0.00s Real=0.01s
[2023-11-10T12:05:38.507-0800][77542139ms] GC(25216) Pause Young (Normal) (G1 Evacuation Pause)
[2023-11-10T12:05:38.507-0800][77542139ms] GC(25216) Using 10 workers of 10 for evacuation
[2023-11-10T12:05:38.512-0800][77542144ms] GC(25216)   Pre Evacuate Collection Set: 0.0ms
[2023-11-10T12:05:38.512-0800][77542144ms] GC(25216)   Evacuate Collection Set: 1.7ms
[2023-11-10T12:05:38.512-0800][77542144ms] GC(25216)   Post Evacuate Collection Set: 3.1ms
[2023-11-10T12:05:38.512-0800][77542144ms] GC(25216)   Other: 0.2ms
[2023-11-10T12:05:38.512-0800][77542144ms] GC(25216) Eden regions: 159->0(159)
[2023-11-10T12:05:38.512-0800][77542144ms] GC(25216) Survivor regions: 1->1(20)
[2023-11-10T12:05:38.512-0800][77542144ms] GC(25216) Old regions: 1454->1454
[2023-11-10T12:05:38.512-0800][77542144ms] GC(25216) Humongous regions: 5->5
[2023-11-10T12:05:38.512-0800][77542144ms] GC(25216) Metaspace: 305043K->305043K(1349632K)
[2023-11-10T12:05:38.512-0800][77542144ms] GC(25216) Pause Young (Normal) (G1 Evacuation Pause) 3235M->2917M(3602M) 5.164ms
[2023-11-10T12:05:38.513-0800][77542145ms] GC(25216) User=0.00s Sys=0.00s Real=0.01s
[2023-11-10T12:05:38.887-0800][77542519ms] GC(25217) Pause Young (Normal) (G1 Evacuation Pause)
[2023-11-10T12:05:38.887-0800][77542519ms] GC(25217) Using 10 workers of 10 for evacuation
[2023-11-10T12:05:38.892-0800][77542524ms] GC(25217)   Pre Evacuate Collection Set: 0.0ms
[2023-11-10T12:05:38.892-0800][77542524ms] GC(25217)   Evacuate Collection Set: 1.7ms
[2023-11-10T12:05:38.892-0800][77542524ms] GC(25217)   Post Evacuate Collection Set: 3.2ms
[2023-11-10T12:05:38.893-0800][77542525ms] GC(25217)   Other: 0.2ms
[2023-11-10T12:05:38.893-0800][77542525ms] GC(25217) Eden regions: 159->0(159)
[2023-11-10T12:05:38.893-0800][77542525ms] GC(25217) Survivor regions: 1->1(20)
[2023-11-10T12:05:38.893-0800][77542525ms] GC(25217) Old regions: 1454->1454
[2023-11-10T12:05:38.893-0800][77542525ms] GC(25217) Humongous regions: 5->5
[2023-11-10T12:05:38.893-0800][77542525ms] GC(25217) Metaspace: 305043K->305043K(1349632K)
[2023-11-10T12:05:38.893-0800][77542525ms] GC(25217) Pause Young (Normal) (G1 Evacuation Pause) 3235M->2917M(3602M) 5.308ms
[2023-11-10T12:05:38.893-0800][77542525ms] GC(25217) User=0.00s Sys=0.00s Real=0.01s
[2023-11-10T12:05:39.296-0800][77542928ms] GC(25218) Pause Young (Normal) (G1 Evacuation Pause)
[2023-11-10T12:05:39.296-0800][77542928ms] GC(25218) Using 10 workers of 10 for evacuation
[2023-11-10T12:05:39.301-0800][77542933ms] GC(25218)   Pre Evacuate Collection Set: 0.0ms
[2023-11-10T12:05:39.301-0800][77542933ms] GC(25218)   Evacuate Collection Set: 1.8ms
[2023-11-10T12:05:39.301-0800][77542933ms] GC(25218)   Post Evacuate Collection Set: 3.1ms
[2023-11-10T12:05:39.301-0800][77542933ms] GC(25218)   Other: 0.2ms
[2023-11-10T12:05:39.301-0800][77542933ms] GC(25218) Eden regions: 159->0(159)
[2023-11-10T12:05:39.301-0800][77542933ms] GC(25218) Survivor regions: 1->1(20)
[2023-11-10T12:05:39.301-0800][77542933ms] GC(25218) Old regions: 1454->1454
[2023-11-10T12:05:39.301-0800][77542933ms] GC(25218) Humongous regions: 5->5
[2023-11-10T12:05:39.301-0800][77542933ms] GC(25218) Metaspace: 305043K->305043K(1349632K)
[2023-11-10T12:05:39.301-0800][77542933ms] GC(25218) Pause Young (Normal) (G1 Evacuation Pause) 3235M->2917M(3602M) 5.255ms
[2023-11-10T12:05:39.301-0800][77542933ms] GC(25218) User=0.00s Sys=0.00s Real=0.01s
[2023-11-10T12:05:39.706-0800][77543338ms] GC(25219) Pause Young (Normal) (G1 Evacuation Pause)
[2023-11-10T12:05:39.706-0800][77543338ms] GC(25219) Using 10 workers of 10 for evacuation
[2023-11-10T12:05:39.712-0800][77543344ms] GC(25219)   Pre Evacuate Collection Set: 0.1ms
[2023-11-10T12:05:39.712-0800][77543344ms] GC(25219)   Evacuate Collection Set: 1.7ms
[2023-11-10T12:05:39.712-0800][77543344ms] GC(25219)   Post Evacuate Collection Set: 3.0ms
[2023-11-10T12:05:39.712-0800][77543344ms] GC(25219)   Other: 0.4ms
[2023-11-10T12:05:39.712-0800][77543344ms] GC(25219) Eden regions: 159->0(159)
[2023-11-10T12:05:39.712-0800][77543344ms] GC(25219) Survivor regions: 1->1(20)
[2023-11-10T12:05:39.712-0800][77543344ms] GC(25219) Old regions: 1454->1454
[2023-11-10T12:05:39.712-0800][77543344ms] GC(25219) Humongous regions: 5->5
[2023-11-10T12:05:39.712-0800][77543344ms] GC(25219) Metaspace: 305043K->305043K(1349632K)
[2023-11-10T12:05:39.712-0800][77543344ms] GC(25219) Pause Young (Normal) (G1 Evacuation Pause) 3235M->2917M(3602M) 5.348ms
[2023-11-10T12:05:39.712-0800][77543344ms] GC(25219) User=0.00s Sys=0.00s Real=0.01s
[2023-11-10T12:05:40.119-0800][77543751ms] GC(25220) Pause Young (Normal) (G1 Evacuation Pause)
[2023-11-10T12:05:40.119-0800][77543751ms] GC(25220) Using 10 workers of 10 for evacuation
[2023-11-10T12:05:40.123-0800][77543755ms] GC(25220)   Pre Evacuate Collection Set: 0.0ms
[2023-11-10T12:05:40.123-0800][77543755ms] GC(25220)   Evacuate Collection Set: 1.6ms
[2023-11-10T12:05:40.123-0800][77543755ms] GC(25220)   Post Evacuate Collection Set: 3.2ms
[2023-11-10T12:05:40.125-0800][77543757ms] GC(25220)   Other: 0.3ms
[2023-11-10T12:05:40.125-0800][77543757ms] GC(25220) Eden regions: 159->0(159)
[2023-11-10T12:05:40.125-0800][77543757ms] GC(25220) Survivor regions: 1->1(20)
[2023-11-10T12:05:40.125-0800][77543757ms] GC(25220) Old regions: 1454->1454
[2023-11-10T12:05:40.125-0800][77543757ms] GC(25220) Humongous regions: 5->5
[2023-11-10T12:05:40.125-0800][77543757ms] GC(25220) Metaspace: 305043K->305043K(1349632K)
[2023-11-10T12:05:40.125-0800][77543757ms] GC(25220) Pause Young (Normal) (G1 Evacuation Pause) 3235M->2917M(3602M) 5.216ms
[2023-11-10T12:05:40.125-0800][77543757ms] GC(25220) User=0.00s Sys=0.00s Real=0.01s
[2023-11-10T12:05:40.557-0800][77544189ms] GC(25221) Pause Young (Normal) (G1 Evacuation Pause)
[2023-11-10T12:05:40.557-0800][77544189ms] GC(25221) Using 10 workers of 10 for evacuation
[2023-11-10T12:05:40.562-0800][77544194ms] GC(25221)   Pre Evacuate Collection Set: 0.1ms
[2023-11-10T12:05:40.562-0800][77544194ms] GC(25221)   Evacuate Collection Set: 1.8ms
[2023-11-10T12:05:40.562-0800][77544194ms] GC(25221)   Post Evacuate Collection Set: 3.1ms
[2023-11-10T12:05:40.562-0800][77544194ms] GC(25221)   Other: 0.3ms
[2023-11-10T12:05:40.562-0800][77544194ms] GC(25221) Eden regions: 159->0(159)
[2023-11-10T12:05:40.562-0800][77544194ms] GC(25221) Survivor regions: 1->1(20)
[2023-11-10T12:05:40.562-0800][77544194ms] GC(25221) Old regions: 1454->1454
[2023-11-10T12:05:40.562-0800][77544194ms] GC(25221) Humongous regions: 5->5
[2023-11-10T12:05:40.562-0800][77544194ms] GC(25221) Metaspace: 305043K->305043K(1349632K)
[2023-11-10T12:05:40.562-0800][77544194ms] GC(25221) Pause Young (Normal) (G1 Evacuation Pause) 3235M->2917M(3602M) 5.335ms
[2023-11-10T12:05:40.562-0800][77544194ms] GC(25221) User=0.00s Sys=0.00s Real=0.01s
[2023-11-10T12:05:40.980-0800][77544612ms] GC(25222) Pause Young (Normal) (G1 Evacuation Pause)
[2023-11-10T12:05:40.980-0800][77544612ms] GC(25222) Using 10 workers of 10 for evacuation
[2023-11-10T12:05:40.986-0800][77544618ms] GC(25222)   Pre Evacuate Collection Set: 0.0ms
[2023-11-10T12:05:40.986-0800][77544618ms] GC(25222)   Evacuate Collection Set: 1.7ms
[2023-11-10T12:05:40.986-0800][77544618ms] GC(25222)   Post Evacuate Collection Set: 3.2ms
[2023-11-10T12:05:40.986-0800][77544618ms] GC(25222)   Other: 0.3ms
[2023-11-10T12:05:40.986-0800][77544618ms] GC(25222) Eden regions: 159->0(159)
[2023-11-10T12:05:40.986-0800][77544618ms] GC(25222) Survivor regions: 1->1(20)
[2023-11-10T12:05:40.986-0800][77544618ms] GC(25222) Old regions: 1454->1454
[2023-11-10T12:05:40.986-0800][77544618ms] GC(25222) Humongous regions: 5->5
[2023-11-10T12:05:40.986-0800][77544618ms] GC(25222) Metaspace: 305043K->305043K(1349632K)
[2023-11-10T12:05:40.986-0800][77544618ms] GC(25222) Pause Young (Normal) (G1 Evacuation Pause) 3235M->2917M(3602M) 5.306ms
[2023-11-10T12:05:40.986-0800][77544618ms] GC(25222) User=0.00s Sys=0.00s Real=0.01s
[2023-11-10T12:05:41.421-0800][77545053ms] GC(25223) Pause Young (Normal) (G1 Evacuation Pause)
[2023-11-10T12:05:41.421-0800][77545053ms] GC(25223) Using 10 workers of 10 for evacuation
[2023-11-10T12:05:41.427-0800][77545059ms] GC(25223)   Pre Evacuate Collection Set: 0.1ms
[2023-11-10T12:05:41.427-0800][77545059ms] GC(25223)   Evacuate Collection Set: 2.4ms
[2023-11-10T12:05:41.427-0800][77545059ms] GC(25223)   Post Evacuate Collection Set: 3.3ms
[2023-11-10T12:05:41.427-0800][77545059ms] GC(25223)   Other: 0.3ms
[2023-11-10T12:05:41.427-0800][77545059ms] GC(25223) Eden regions: 159->0(159)
[2023-11-10T12:05:41.427-0800][77545059ms] GC(25223) Survivor regions: 1->1(20)
[2023-11-10T12:05:41.427-0800][77545059ms] GC(25223) Old regions: 1454->1454
[2023-11-10T12:05:41.427-0800][77545059ms] GC(25223) Humongous regions: 5->5
[2023-11-10T12:05:41.427-0800][77545059ms] GC(25223) Metaspace: 305043K->305043K(1349632K)
[2023-11-10T12:05:41.427-0800][77545059ms] GC(25223) Pause Young (Normal) (G1 Evacuation Pause) 3235M->2917M(3602M) 6.171ms
[2023-11-10T12:05:41.427-0800][77545059ms] GC(25223) User=0.00s Sys=0.00s Real=0.01s
[2023-11-10T12:05:41.834-0800][77545466ms] GC(25224) Pause Young (Normal) (G1 Evacuation Pause)
[2023-11-10T12:05:41.834-0800][77545466ms] GC(25224) Using 10 workers of 10 for evacuation
[2023-11-10T12:05:41.838-0800][77545470ms] GC(25224)   Pre Evacuate Collection Set: 0.0ms
[2023-11-10T12:05:41.838-0800][77545470ms] GC(25224)   Evacuate Collection Set: 1.8ms
[2023-11-10T12:05:41.838-0800][77545470ms] GC(25224)   Post Evacuate Collection Set: 3.3ms
[2023-11-10T12:05:41.838-0800][77545470ms] GC(25224)   Other: 0.3ms
[2023-11-10T12:05:41.838-0800][77545470ms] GC(25224) Eden regions: 159->0(159)
[2023-11-10T12:05:41.838-0800][77545470ms] GC(25224) Survivor regions: 1->1(20)
[2023-11-10T12:05:41.838-0800][77545470ms] GC(25224) Old regions: 1454->1454
[2023-11-10T12:05:41.838-0800][77545470ms] GC(25224) Humongous regions: 5->5
[2023-11-10T12:05:41.838-0800][77545470ms] GC(25224) Metaspace: 305043K->305043K(1349632K)
[2023-11-10T12:05:41.838-0800][77545470ms] GC(25224) Pause Young (Normal) (G1 Evacuation Pause) 3235M->2917M(3602M) 5.525ms
[2023-11-10T12:05:41.838-0800][77545470ms] GC(25224) User=0.03s Sys=0.00s Real=0.00s
[2023-11-10T12:05:42.281-0800][77545913ms] GC(25225) Pause Young (Normal) (G1 Evacuation Pause)
[2023-11-10T12:05:42.281-0800][77545913ms] GC(25225) Using 10 workers of 10 for evacuation
[2023-11-10T12:05:42.286-0800][77545918ms] GC(25225)   Pre Evacuate Collection Set: 0.1ms
[2023-11-10T12:05:42.286-0800][77545918ms] GC(25225)   Evacuate Collection Set: 1.8ms
[2023-11-10T12:05:42.286-0800][77545918ms] GC(25225)   Post Evacuate Collection Set: 3.1ms
[2023-11-10T12:05:42.286-0800][77545918ms] GC(25225)   Other: 0.3ms
[2023-11-10T12:05:42.286-0800][77545918ms] GC(25225) Eden regions: 159->0(159)
[2023-11-10T12:05:42.286-0800][77545918ms] GC(25225) Survivor regions: 1->1(20)
[2023-11-10T12:05:42.286-0800][77545918ms] GC(25225) Old regions: 1454->1454
[2023-11-10T12:05:42.286-0800][77545918ms] GC(25225) Humongous regions: 5->5
[2023-11-10T12:05:42.286-0800][77545918ms] GC(25225) Metaspace: 305043K->305043K(1349632K)
[2023-11-10T12:05:42.286-0800][77545918ms] GC(25225) Pause Young (Normal) (G1 Evacuation Pause) 3235M->2917M(3602M) 5.383ms
[2023-11-10T12:05:42.286-0800][77545918ms] GC(25225) User=0.00s Sys=0.00s Real=0.01s
[2023-11-10T12:05:42.637-0800][77546269ms] GC(25226) Pause Young (Normal) (G1 Evacuation Pause)
[2023-11-10T12:05:42.637-0800][77546269ms] GC(25226) Using 10 workers of 10 for evacuation
[2023-11-10T12:05:42.643-0800][77546275ms] GC(25226)   Pre Evacuate Collection Set: 0.1ms
[2023-11-10T12:05:42.643-0800][77546275ms] GC(25226)   Evacuate Collection Set: 2.0ms
[2023-11-10T12:05:42.643-0800][77546275ms] GC(25226)   Post Evacuate Collection Set: 3.6ms
[2023-11-10T12:05:42.643-0800][77546275ms] GC(25226)   Other: 0.3ms
[2023-11-10T12:05:42.643-0800][77546275ms] GC(25226) Eden regions: 159->0(159)
[2023-11-10T12:05:42.643-0800][77546275ms] GC(25226) Survivor regions: 1->1(20)
[2023-11-10T12:05:42.643-0800][77546275ms] GC(25226) Old regions: 1454->1454
[2023-11-10T12:05:42.643-0800][77546275ms] GC(25226) Humongous regions: 5->5
[2023-11-10T12:05:42.643-0800][77546275ms] GC(25226) Metaspace: 305043K->305043K(1349632K)
[2023-11-10T12:05:42.643-0800][77546275ms] GC(25226) Pause Young (Normal) (G1 Evacuation Pause) 3235M->2917M(3602M) 6.090ms
[2023-11-10T12:05:42.643-0800][77546275ms] GC(25226) User=0.00s Sys=0.00s Real=0.01s
[2023-11-10T12:05:43.060-0800][77546692ms] GC(25227) Pause Young (Normal) (G1 Evacuation Pause)
[2023-11-10T12:05:43.060-0800][77546692ms] GC(25227) Using 10 workers of 10 for evacuation
[2023-11-10T12:05:43.068-0800][77546700ms] GC(25227)   Pre Evacuate Collection Set: 0.1ms
[2023-11-10T12:05:43.068-0800][77546700ms] GC(25227)   Evacuate Collection Set: 2.4ms
[2023-11-10T12:05:43.068-0800][77546700ms] GC(25227)   Post Evacuate Collection Set: 5.1ms
[2023-11-10T12:05:43.068-0800][77546700ms] GC(25227)   Other: 0.4ms
[2023-11-10T12:05:43.068-0800][77546700ms] GC(25227) Eden regions: 159->0(159)
[2023-11-10T12:05:43.068-0800][77546700ms] GC(25227) Survivor regions: 1->1(20)
[2023-11-10T12:05:43.068-0800][77546700ms] GC(25227) Old regions: 1454->1454
[2023-11-10T12:05:43.068-0800][77546700ms] GC(25227) Humongous regions: 5->5
[2023-11-10T12:05:43.068-0800][77546700ms] GC(25227) Metaspace: 305043K->305043K(1349632K)
[2023-11-10T12:05:43.068-0800][77546700ms] GC(25227) Pause Young (Normal) (G1 Evacuation Pause) 3235M->2917M(3602M) 8.072ms
[2023-11-10T12:05:43.068-0800][77546700ms] GC(25227) User=0.00s Sys=0.00s Real=0.01s
[2023-11-10T12:05:43.466-0800][77547098ms] GC(25228) Pause Young (Normal) (G1 Evacuation Pause)
[2023-11-10T12:05:43.466-0800][77547098ms] GC(25228) Using 10 workers of 10 for evacuation
[2023-11-10T12:05:43.470-0800][77547102ms] GC(25228)   Pre Evacuate Collection Set: 0.0ms
[2023-11-10T12:05:43.471-0800][77547103ms] GC(25228)   Evacuate Collection Set: 1.6ms
[2023-11-10T12:05:43.471-0800][77547103ms] GC(25228)   Post Evacuate Collection Set: 3.0ms
[2023-11-10T12:05:43.471-0800][77547103ms] GC(25228)   Other: 0.3ms
[2023-11-10T12:05:43.471-0800][77547103ms] GC(25228) Eden regions: 159->0(159)
[2023-11-10T12:05:43.471-0800][77547103ms] GC(25228) Survivor regions: 1->1(20)
[2023-11-10T12:05:43.471-0800][77547103ms] GC(25228) Old regions: 1454->1454
[2023-11-10T12:05:43.471-0800][77547103ms] GC(25228) Humongous regions: 5->5
[2023-11-10T12:05:43.471-0800][77547103ms] GC(25228) Metaspace: 305043K->305043K(1349632K)
[2023-11-10T12:05:43.471-0800][77547103ms] GC(25228) Pause Young (Normal) (G1 Evacuation Pause) 3235M->2917M(3602M) 5.069ms
[2023-11-10T12:05:43.471-0800][77547103ms] GC(25228) User=0.00s Sys=0.00s Real=0.00s
[2023-11-10T12:05:43.793-0800][77547425ms] GC(25229) Pause Young (Normal) (G1 Evacuation Pause)
[2023-11-10T12:05:43.793-0800][77547425ms] GC(25229) Using 10 workers of 10 for evacuation
[2023-11-10T12:05:43.798-0800][77547430ms] GC(25229)   Pre Evacuate Collection Set: 0.1ms
[2023-11-10T12:05:43.798-0800][77547430ms] GC(25229)   Evacuate Collection Set: 1.8ms
[2023-11-10T12:05:43.798-0800][77547430ms] GC(25229)   Post Evacuate Collection Set: 3.2ms
[2023-11-10T12:05:43.798-0800][77547430ms] GC(25229)   Other: 0.3ms
[2023-11-10T12:05:43.798-0800][77547430ms] GC(25229) Eden regions: 159->0(159)
[2023-11-10T12:05:43.798-0800][77547430ms] GC(25229) Survivor regions: 1->1(20)
[2023-11-10T12:05:43.798-0800][77547430ms] GC(25229) Old regions: 1454->1454
[2023-11-10T12:05:43.798-0800][77547430ms] GC(25229) Humongous regions: 5->5
[2023-11-10T12:05:43.798-0800][77547430ms] GC(25229) Metaspace: 305043K->305043K(1349632K)
[2023-11-10T12:05:43.799-0800][77547431ms] GC(25229) Pause Young (Normal) (G1 Evacuation Pause) 3235M->2917M(3602M) 5.399ms
[2023-11-10T12:05:43.799-0800][77547431ms] GC(25229) User=0.00s Sys=0.00s Real=0.01s
[2023-11-10T12:05:44.189-0800][77547821ms] GC(25230) Pause Young (Normal) (G1 Evacuation Pause)
[2023-11-10T12:05:44.189-0800][77547821ms] GC(25230) Using 10 workers of 10 for evacuation
[2023-11-10T12:05:44.194-0800][77547826ms] GC(25230)   Pre Evacuate Collection Set: 0.1ms
[2023-11-10T12:05:44.194-0800][77547826ms] GC(25230)   Evacuate Collection Set: 1.7ms
[2023-11-10T12:05:44.194-0800][77547826ms] GC(25230)   Post Evacuate Collection Set: 3.1ms
[2023-11-10T12:05:44.194-0800][77547826ms] GC(25230)   Other: 0.2ms
[2023-11-10T12:05:44.194-0800][77547826ms] GC(25230) Eden regions: 159->0(159)
[2023-11-10T12:05:44.194-0800][77547826ms] GC(25230) Survivor regions: 1->1(20)
[2023-11-10T12:05:44.194-0800][77547826ms] GC(25230) Old regions: 1454->1454
[2023-11-10T12:05:44.194-0800][77547826ms] GC(25230) Humongous regions: 5->5
[2023-11-10T12:05:44.194-0800][77547826ms] GC(25230) Metaspace: 305043K->305043K(1349632K)
[2023-11-10T12:05:44.194-0800][77547826ms] GC(25230) Pause Young (Normal) (G1 Evacuation Pause) 3235M->2917M(3602M) 5.118ms
[2023-11-10T12:05:44.194-0800][77547826ms] GC(25230) User=0.00s Sys=0.00s Real=0.01s
[2023-11-10T12:05:44.578-0800][77548210ms] GC(25231) Pause Young (Normal) (G1 Evacuation Pause)
[2023-11-10T12:05:44.578-0800][77548210ms] GC(25231) Using 10 workers of 10 for evacuation
[2023-11-10T12:05:44.582-0800][77548214ms] GC(25231)   Pre Evacuate Collection Set: 0.0ms
[2023-11-10T12:05:44.582-0800][77548214ms] GC(25231)   Evacuate Collection Set: 1.6ms
[2023-11-10T12:05:44.582-0800][77548214ms] GC(25231)   Post Evacuate Collection Set: 3.0ms
[2023-11-10T12:05:44.582-0800][77548214ms] GC(25231)   Other: 0.3ms
[2023-11-10T12:05:44.582-0800][77548214ms] GC(25231) Eden regions: 159->0(159)
[2023-11-10T12:05:44.582-0800][77548214ms] GC(25231) Survivor regions: 1->1(20)
[2023-11-10T12:05:44.582-0800][77548214ms] GC(25231) Old regions: 1454->1454
[2023-11-10T12:05:44.583-0800][77548215ms] GC(25231) Humongous regions: 5->5
[2023-11-10T12:05:44.583-0800][77548215ms] GC(25231) Metaspace: 305043K->305043K(1349632K)
[2023-11-10T12:05:44.583-0800][77548215ms] GC(25231) Pause Young (Normal) (G1 Evacuation Pause) 3235M->2917M(3602M) 5.014ms
[2023-11-10T12:05:44.583-0800][77548215ms] GC(25231) User=0.00s Sys=0.00s Real=0.00s
[2023-11-10T12:05:44.996-0800][77548628ms] GC(25232) Pause Young (Normal) (G1 Evacuation Pause)
[2023-11-10T12:05:44.996-0800][77548628ms] GC(25232) Using 10 workers of 10 for evacuation
[2023-11-10T12:05:45.002-0800][77548634ms] GC(25232)   Pre Evacuate Collection Set: 0.1ms
[2023-11-10T12:05:45.002-0800][77548634ms] GC(25232)   Evacuate Collection Set: 1.7ms
[2023-11-10T12:05:45.002-0800][77548634ms] GC(25232)   Post Evacuate Collection Set: 4.1ms
[2023-11-10T12:05:45.002-0800][77548634ms] GC(25232)   Other: 0.3ms
[2023-11-10T12:05:45.002-0800][77548634ms] GC(25232) Eden regions: 159->0(159)
[2023-11-10T12:05:45.002-0800][77548634ms] GC(25232) Survivor regions: 1->1(20)
[2023-11-10T12:05:45.002-0800][77548634ms] GC(25232) Old regions: 1454->1454
[2023-11-10T12:05:45.002-0800][77548634ms] GC(25232) Humongous regions: 5->5
[2023-11-10T12:05:45.002-0800][77548634ms] GC(25232) Metaspace: 305043K->305043K(1349632K)
[2023-11-10T12:05:45.002-0800][77548634ms] GC(25232) Pause Young (Normal) (G1 Evacuation Pause) 3235M->2917M(3602M) 6.364ms
[2023-11-10T12:05:45.003-0800][77548635ms] GC(25232) User=0.00s Sys=0.00s Real=0.01s
[2023-11-10T12:05:45.422-0800][77549054ms] GC(25233) Pause Young (Normal) (G1 Evacuation Pause)
[2023-11-10T12:05:45.422-0800][77549054ms] GC(25233) Using 10 workers of 10 for evacuation
[2023-11-10T12:05:45.427-0800][77549059ms] GC(25233)   Pre Evacuate Collection Set: 0.1ms
[2023-11-10T12:05:45.427-0800][77549059ms] GC(25233)   Evacuate Collection Set: 1.7ms
[2023-11-10T12:05:45.427-0800][77549059ms] GC(25233)   Post Evacuate Collection Set: 3.5ms
[2023-11-10T12:05:45.427-0800][77549059ms] GC(25233)   Other: 0.3ms
[2023-11-10T12:05:45.427-0800][77549059ms] GC(25233) Eden regions: 159->0(159)
[2023-11-10T12:05:45.427-0800][77549059ms] GC(25233) Survivor regions: 1->1(20)
[2023-11-10T12:05:45.427-0800][77549059ms] GC(25233) Old regions: 1454->1454
[2023-11-10T12:05:45.427-0800][77549059ms] GC(25233) Humongous regions: 5->5
[2023-11-10T12:05:45.427-0800][77549059ms] GC(25233) Metaspace: 305043K->305043K(1349632K)
[2023-11-10T12:05:45.427-0800][77549059ms] GC(25233) Pause Young (Normal) (G1 Evacuation Pause) 3235M->2917M(3602M) 5.711ms
[2023-11-10T12:05:45.427-0800][77549059ms] GC(25233) User=0.00s Sys=0.00s Real=0.01s
[2023-11-10T12:05:45.764-0800][77549396ms] GC(25234) Pause Young (Normal) (G1 Evacuation Pause)
[2023-11-10T12:05:45.764-0800][77549396ms] GC(25234) Using 10 workers of 10 for evacuation
[2023-11-10T12:05:45.769-0800][77549401ms] GC(25234)   Pre Evacuate Collection Set: 0.0ms
[2023-11-10T12:05:45.769-0800][77549401ms] GC(25234)   Evacuate Collection Set: 1.7ms
[2023-11-10T12:05:45.769-0800][77549401ms] GC(25234)   Post Evacuate Collection Set: 3.3ms
[2023-11-10T12:05:45.769-0800][77549401ms] GC(25234)   Other: 0.2ms
[2023-11-10T12:05:45.769-0800][77549401ms] GC(25234) Eden regions: 159->0(159)
[2023-11-10T12:05:45.769-0800][77549401ms] GC(25234) Survivor regions: 1->1(20)
[2023-11-10T12:05:45.769-0800][77549401ms] GC(25234) Old regions: 1454->1454
[2023-11-10T12:05:45.769-0800][77549401ms] GC(25234) Humongous regions: 5->5
[2023-11-10T12:05:45.769-0800][77549401ms] GC(25234) Metaspace: 305043K->305043K(1349632K)
[2023-11-10T12:05:45.769-0800][77549401ms] GC(25234) Pause Young (Normal) (G1 Evacuation Pause) 3235M->2917M(3602M) 5.422ms
[2023-11-10T12:05:45.770-0800][77549402ms] GC(25234) User=0.00s Sys=0.00s Real=0.01s
[2023-11-10T12:05:46.132-0800][77549764ms] GC(25235) Pause Young (Normal) (G1 Evacuation Pause)
[2023-11-10T12:05:46.132-0800][77549764ms] GC(25235) Using 10 workers of 10 for evacuation
[2023-11-10T12:05:46.147-0800][77549779ms] GC(25235)   Pre Evacuate Collection Set: 0.0ms
[2023-11-10T12:05:46.147-0800][77549779ms] GC(25235)   Evacuate Collection Set: 6.0ms
[2023-11-10T12:05:46.147-0800][77549779ms] GC(25235)   Post Evacuate Collection Set: 8.0ms
[2023-11-10T12:05:46.147-0800][77549779ms] GC(25235)   Other: 0.3ms
[2023-11-10T12:05:46.147-0800][77549779ms] GC(25235) Eden regions: 159->0(159)
[2023-11-10T12:05:46.147-0800][77549779ms] GC(25235) Survivor regions: 1->1(20)
[2023-11-10T12:05:46.147-0800][77549779ms] GC(25235) Old regions: 1454->1454
[2023-11-10T12:05:46.147-0800][77549779ms] GC(25235) Humongous regions: 5->5
[2023-11-10T12:05:46.147-0800][77549779ms] GC(25235) Metaspace: 305043K->305043K(1349632K)
[2023-11-10T12:05:46.147-0800][77549779ms] GC(25235) Pause Young (Normal) (G1 Evacuation Pause) 3235M->2917M(3602M) 14.446ms
[2023-11-10T12:05:46.147-0800][77549779ms] GC(25235) User=0.00s Sys=0.00s Real=0.02s
[2023-11-10T12:05:46.515-0800][77550147ms] GC(25236) Pause Young (Normal) (G1 Evacuation Pause)
[2023-11-10T12:05:46.515-0800][77550147ms] GC(25236) Using 10 workers of 10 for evacuation
[2023-11-10T12:05:46.520-0800][77550152ms] GC(25236)   Pre Evacuate Collection Set: 0.0ms
[2023-11-10T12:05:46.520-0800][77550152ms] GC(25236)   Evacuate Collection Set: 1.6ms
[2023-11-10T12:05:46.520-0800][77550152ms] GC(25236)   Post Evacuate Collection Set: 3.2ms
[2023-11-10T12:05:46.520-0800][77550152ms] GC(25236)   Other: 0.3ms
[2023-11-10T12:05:46.520-0800][77550152ms] GC(25236) Eden regions: 159->0(159)
[2023-11-10T12:05:46.521-0800][77550153ms] GC(25236) Survivor regions: 1->1(20)
[2023-11-10T12:05:46.521-0800][77550153ms] GC(25236) Old regions: 1454->1454
[2023-11-10T12:05:46.521-0800][77550153ms] GC(25236) Humongous regions: 5->5
[2023-11-10T12:05:46.521-0800][77550153ms] GC(25236) Metaspace: 305043K->305043K(1349632K)
[2023-11-10T12:05:46.521-0800][77550153ms] GC(25236) Pause Young (Normal) (G1 Evacuation Pause) 3235M->2917M(3602M) 5.300ms
[2023-11-10T12:05:46.521-0800][77550153ms] GC(25236) User=0.00s Sys=0.00s Real=0.01s
[2023-11-10T12:05:46.916-0800][77550548ms] GC(25237) Pause Young (Normal) (G1 Evacuation Pause)
[2023-11-10T12:05:46.916-0800][77550548ms] GC(25237) Using 10 workers of 10 for evacuation
[2023-11-10T12:05:46.921-0800][77550553ms] GC(25237)   Pre Evacuate Collection Set: 0.0ms
[2023-11-10T12:05:46.921-0800][77550553ms] GC(25237)   Evacuate Collection Set: 1.9ms
[2023-11-10T12:05:46.921-0800][77550553ms] GC(25237)   Post Evacuate Collection Set: 3.1ms
[2023-11-10T12:05:46.921-0800][77550553ms] GC(25237)   Other: 0.3ms
[2023-11-10T12:05:46.921-0800][77550553ms] GC(25237) Eden regions: 159->0(159)
[2023-11-10T12:05:46.921-0800][77550553ms] GC(25237) Survivor regions: 1->1(20)
[2023-11-10T12:05:46.921-0800][77550553ms] GC(25237) Old regions: 1454->1454
[2023-11-10T12:05:46.921-0800][77550553ms] GC(25237) Humongous regions: 5->5
[2023-11-10T12:05:46.921-0800][77550553ms] GC(25237) Metaspace: 305043K->305043K(1349632K)
[2023-11-10T12:05:46.921-0800][77550553ms] GC(25237) Pause Young (Normal) (G1 Evacuation Pause) 3235M->2917M(3602M) 5.347ms
[2023-11-10T12:05:46.921-0800][77550553ms] GC(25237) User=0.00s Sys=0.00s Real=0.01s
[2023-11-10T12:05:47.312-0800][77550944ms] GC(25238) Pause Young (Normal) (G1 Evacuation Pause)
[2023-11-10T12:05:47.312-0800][77550944ms] GC(25238) Using 10 workers of 10 for evacuation
[2023-11-10T12:05:47.318-0800][77550950ms] GC(25238)   Pre Evacuate Collection Set: 0.0ms
[2023-11-10T12:05:47.318-0800][77550950ms] GC(25238)   Evacuate Collection Set: 1.8ms
[2023-11-10T12:05:47.318-0800][77550950ms] GC(25238)   Post Evacuate Collection Set: 4.1ms
[2023-11-10T12:05:47.318-0800][77550950ms] GC(25238)   Other: 0.3ms
[2023-11-10T12:05:47.318-0800][77550950ms] GC(25238) Eden regions: 159->0(159)
[2023-11-10T12:05:47.318-0800][77550950ms] GC(25238) Survivor regions: 1->1(20)
[2023-11-10T12:05:47.318-0800][77550950ms] GC(25238) Old regions: 1454->1454
[2023-11-10T12:05:47.318-0800][77550950ms] GC(25238) Humongous regions: 5->5
[2023-11-10T12:05:47.318-0800][77550950ms] GC(25238) Metaspace: 305043K->305043K(1349632K)
[2023-11-10T12:05:47.318-0800][77550950ms] GC(25238) Pause Young (Normal) (G1 Evacuation Pause) 3235M->2917M(3602M) 6.308ms
[2023-11-10T12:05:47.318-0800][77550950ms] GC(25238) User=0.00s Sys=0.00s Real=0.01s
[2023-11-10T12:05:47.714-0800][77551346ms] GC(25239) Pause Young (Normal) (G1 Evacuation Pause)
[2023-11-10T12:05:47.714-0800][77551346ms] GC(25239) Using 10 workers of 10 for evacuation
[2023-11-10T12:05:47.720-0800][77551352ms] GC(25239)   Pre Evacuate Collection Set: 0.1ms
[2023-11-10T12:05:47.720-0800][77551352ms] GC(25239)   Evacuate Collection Set: 1.9ms
[2023-11-10T12:05:47.720-0800][77551352ms] GC(25239)   Post Evacuate Collection Set: 4.3ms
[2023-11-10T12:05:47.720-0800][77551352ms] GC(25239)   Other: 0.3ms
[2023-11-10T12:05:47.720-0800][77551352ms] GC(25239) Eden regions: 159->0(159)
[2023-11-10T12:05:47.720-0800][77551352ms] GC(25239) Survivor regions: 1->1(20)
[2023-11-10T12:05:47.720-0800][77551352ms] GC(25239) Old regions: 1454->1454
[2023-11-10T12:05:47.720-0800][77551352ms] GC(25239) Humongous regions: 5->5
[2023-11-10T12:05:47.720-0800][77551352ms] GC(25239) Metaspace: 305043K->305043K(1349632K)
[2023-11-10T12:05:47.720-0800][77551352ms] GC(25239) Pause Young (Normal) (G1 Evacuation Pause) 3235M->2917M(3602M) 6.703ms
[2023-11-10T12:05:47.720-0800][77551352ms] GC(25239) User=0.00s Sys=0.00s Real=0.01s
[2023-11-10T12:05:48.146-0800][77551779ms] GC(25240) Pause Young (Normal) (G1 Evacuation Pause)
[2023-11-10T12:05:48.147-0800][77551779ms] GC(25240) Using 10 workers of 10 for evacuation
[2023-11-10T12:05:48.151-0800][77551783ms] GC(25240)   Pre Evacuate Collection Set: 0.0ms
[2023-11-10T12:05:48.151-0800][77551783ms] GC(25240)   Evacuate Collection Set: 1.7ms
[2023-11-10T12:05:48.151-0800][77551783ms] GC(25240)   Post Evacuate Collection Set: 3.0ms
[2023-11-10T12:05:48.151-0800][77551783ms] GC(25240)   Other: 0.3ms
[2023-11-10T12:05:48.151-0800][77551783ms] GC(25240) Eden regions: 159->0(159)
[2023-11-10T12:05:48.151-0800][77551783ms] GC(25240) Survivor regions: 1->1(20)
[2023-11-10T12:05:48.151-0800][77551783ms] GC(25240) Old regions: 1454->1454
[2023-11-10T12:05:48.151-0800][77551783ms] GC(25240) Humongous regions: 5->5
[2023-11-10T12:05:48.152-0800][77551784ms] GC(25240) Metaspace: 305043K->305043K(1349632K)
[2023-11-10T12:05:48.152-0800][77551784ms] GC(25240) Pause Young (Normal) (G1 Evacuation Pause) 3235M->2917M(3602M) 5.052ms
[2023-11-10T12:05:48.152-0800][77551784ms] GC(25240) User=0.11s Sys=0.00s Real=0.01s
[2023-11-10T12:05:48.526-0800][77552158ms] GC(25241) Pause Young (Normal) (G1 Evacuation Pause)
[2023-11-10T12:05:48.526-0800][77552158ms] GC(25241) Using 10 workers of 10 for evacuation
[2023-11-10T12:05:48.532-0800][77552164ms] GC(25241)   Pre Evacuate Collection Set: 0.0ms
[2023-11-10T12:05:48.532-0800][77552164ms] GC(25241)   Evacuate Collection Set: 1.8ms
[2023-11-10T12:05:48.532-0800][77552164ms] GC(25241)   Post Evacuate Collection Set: 3.1ms
[2023-11-10T12:05:48.532-0800][77552164ms] GC(25241)   Other: 0.3ms
[2023-11-10T12:05:48.532-0800][77552164ms] GC(25241) Eden regions: 159->0(159)
[2023-11-10T12:05:48.532-0800][77552164ms] GC(25241) Survivor regions: 1->1(20)
[2023-11-10T12:05:48.532-0800][77552164ms] GC(25241) Old regions: 1454->1454
[2023-11-10T12:05:48.532-0800][77552164ms] GC(25241) Humongous regions: 5->5
[2023-11-10T12:05:48.532-0800][77552164ms] GC(25241) Metaspace: 305043K->305043K(1349632K)
[2023-11-10T12:05:48.532-0800][77552164ms] GC(25241) Pause Young (Normal) (G1 Evacuation Pause) 3235M->2917M(3602M) 5.259ms
[2023-11-10T12:05:48.532-0800][77552164ms] GC(25241) User=0.00s Sys=0.00s Real=0.01s
[2023-11-10T12:05:48.908-0800][77552540ms] GC(25242) Pause Young (Normal) (G1 Evacuation Pause)
[2023-11-10T12:05:48.908-0800][77552540ms] GC(25242) Using 10 workers of 10 for evacuation
[2023-11-10T12:05:48.914-0800][77552546ms] GC(25242)   Pre Evacuate Collection Set: 0.1ms
[2023-11-10T12:05:48.914-0800][77552546ms] GC(25242)   Evacuate Collection Set: 2.2ms
[2023-11-10T12:05:48.914-0800][77552546ms] GC(25242)   Post Evacuate Collection Set: 3.8ms
[2023-11-10T12:05:48.914-0800][77552546ms] GC(25242)   Other: 0.3ms
[2023-11-10T12:05:48.914-0800][77552546ms] GC(25242) Eden regions: 159->0(159)
[2023-11-10T12:05:48.914-0800][77552546ms] GC(25242) Survivor regions: 1->1(20)
[2023-11-10T12:05:48.914-0800][77552546ms] GC(25242) Old regions: 1454->1454
[2023-11-10T12:05:48.914-0800][77552546ms] GC(25242) Humongous regions: 5->5
[2023-11-10T12:05:48.914-0800][77552546ms] GC(25242) Metaspace: 305043K->305043K(1349632K)
[2023-11-10T12:05:48.914-0800][77552546ms] GC(25242) Pause Young (Normal) (G1 Evacuation Pause) 3235M->2917M(3602M) 6.519ms
[2023-11-10T12:05:48.914-0800][77552546ms] GC(25242) User=0.02s Sys=0.00s Real=0.01s
[2023-11-10T12:05:49.288-0800][77552920ms] GC(25243) Pause Young (Normal) (G1 Evacuation Pause)
[2023-11-10T12:05:49.289-0800][77552921ms] GC(25243) Using 10 workers of 10 for evacuation
[2023-11-10T12:05:49.293-0800][77552925ms] GC(25243)   Pre Evacuate Collection Set: 0.0ms
[2023-11-10T12:05:49.293-0800][77552925ms] GC(25243)   Evacuate Collection Set: 1.7ms
[2023-11-10T12:05:49.293-0800][77552925ms] GC(25243)   Post Evacuate Collection Set: 3.2ms
[2023-11-10T12:05:49.293-0800][77552925ms] GC(25243)   Other: 0.2ms
[2023-11-10T12:05:49.293-0800][77552925ms] GC(25243) Eden regions: 159->0(159)
[2023-11-10T12:05:49.293-0800][77552925ms] GC(25243) Survivor regions: 1->1(20)
[2023-11-10T12:05:49.293-0800][77552925ms] GC(25243) Old regions: 1454->1454
[2023-11-10T12:05:49.293-0800][77552925ms] GC(25243) Humongous regions: 5->5
[2023-11-10T12:05:49.293-0800][77552925ms] GC(25243) Metaspace: 305043K->305043K(1349632K)
[2023-11-10T12:05:49.293-0800][77552925ms] GC(25243) Pause Young (Normal) (G1 Evacuation Pause) 3235M->2917M(3602M) 5.304ms
[2023-11-10T12:05:49.294-0800][77552926ms] GC(25243) User=0.00s Sys=0.00s Real=0.01s
[2023-11-10T12:05:49.619-0800][77553251ms] GC(25244) Pause Young (Normal) (G1 Evacuation Pause)
[2023-11-10T12:05:49.619-0800][77553251ms] GC(25244) Using 10 workers of 10 for evacuation
[2023-11-10T12:05:49.624-0800][77553256ms] GC(25244)   Pre Evacuate Collection Set: 0.0ms
[2023-11-10T12:05:49.624-0800][77553256ms] GC(25244)   Evacuate Collection Set: 1.7ms
[2023-11-10T12:05:49.624-0800][77553256ms] GC(25244)   Post Evacuate Collection Set: 3.1ms
[2023-11-10T12:05:49.624-0800][77553256ms] GC(25244)   Other: 0.2ms
[2023-11-10T12:05:49.624-0800][77553256ms] GC(25244) Eden regions: 159->0(159)
[2023-11-10T12:05:49.624-0800][77553256ms] GC(25244) Survivor regions: 1->1(20)
[2023-11-10T12:05:49.624-0800][77553256ms] GC(25244) Old regions: 1454->1454
[2023-11-10T12:05:49.624-0800][77553256ms] GC(25244) Humongous regions: 5->5
[2023-11-10T12:05:49.624-0800][77553256ms] GC(25244) Metaspace: 305043K->305043K(1349632K)
[2023-11-10T12:05:49.624-0800][77553256ms] GC(25244) Pause Young (Normal) (G1 Evacuation Pause) 3235M->2917M(3602M) 5.138ms
[2023-11-10T12:05:49.624-0800][77553256ms] GC(25244) User=0.00s Sys=0.00s Real=0.01s
[2023-11-10T12:05:50.078-0800][77553710ms] GC(25245) Pause Young (Normal) (G1 Evacuation Pause)
[2023-11-10T12:05:50.078-0800][77553710ms] GC(25245) Using 10 workers of 10 for evacuation
[2023-11-10T12:05:50.083-0800][77553715ms] GC(25245)   Pre Evacuate Collection Set: 0.0ms
[2023-11-10T12:05:50.083-0800][77553715ms] GC(25245)   Evacuate Collection Set: 1.6ms
[2023-11-10T12:05:50.083-0800][77553715ms] GC(25245)   Post Evacuate Collection Set: 3.0ms
[2023-11-10T12:05:50.083-0800][77553715ms] GC(25245)   Other: 0.3ms
[2023-11-10T12:05:50.083-0800][77553715ms] GC(25245) Eden regions: 159->0(159)
[2023-11-10T12:05:50.083-0800][77553715ms] GC(25245) Survivor regions: 1->1(20)
[2023-11-10T12:05:50.083-0800][77553715ms] GC(25245) Old regions: 1454->1454
[2023-11-10T12:05:50.083-0800][77553715ms] GC(25245) Humongous regions: 5->5
[2023-11-10T12:05:50.083-0800][77553715ms] GC(25245) Metaspace: 305043K->305043K(1349632K)
[2023-11-10T12:05:50.083-0800][77553715ms] GC(25245) Pause Young (Normal) (G1 Evacuation Pause) 3235M->2917M(3602M) 5.069ms
[2023-11-10T12:05:50.083-0800][77553715ms] GC(25245) User=0.00s Sys=0.00s Real=0.00s
[2023-11-10T12:05:50.495-0800][77554127ms] GC(25246) Pause Young (Normal) (G1 Evacuation Pause)
[2023-11-10T12:05:50.495-0800][77554127ms] GC(25246) Using 10 workers of 10 for evacuation
[2023-11-10T12:05:50.500-0800][77554132ms] GC(25246)   Pre Evacuate Collection Set: 0.0ms
[2023-11-10T12:05:50.500-0800][77554132ms] GC(25246)   Evacuate Collection Set: 1.7ms
[2023-11-10T12:05:50.500-0800][77554132ms] GC(25246)   Post Evacuate Collection Set: 3.1ms
[2023-11-10T12:05:50.500-0800][77554132ms] GC(25246)   Other: 0.3ms
[2023-11-10T12:05:50.500-0800][77554132ms] GC(25246) Eden regions: 159->0(159)
[2023-11-10T12:05:50.500-0800][77554132ms] GC(25246) Survivor regions: 1->1(20)
[2023-11-10T12:05:50.500-0800][77554132ms] GC(25246) Old regions: 1454->1454
[2023-11-10T12:05:50.500-0800][77554132ms] GC(25246) Humongous regions: 5->5
[2023-11-10T12:05:50.500-0800][77554132ms] GC(25246) Metaspace: 305043K->305043K(1349632K)
[2023-11-10T12:05:50.500-0800][77554132ms] GC(25246) Pause Young (Normal) (G1 Evacuation Pause) 3235M->2917M(3602M) 5.177ms
[2023-11-10T12:05:50.500-0800][77554132ms] GC(25246) User=0.00s Sys=0.00s Real=0.01s
[2023-11-10T12:05:50.882-0800][77554514ms] GC(25247) Pause Young (Normal) (G1 Evacuation Pause)
[2023-11-10T12:05:50.882-0800][77554514ms] GC(25247) Using 10 workers of 10 for evacuation
[2023-11-10T12:05:50.887-0800][77554519ms] GC(25247)   Pre Evacuate Collection Set: 0.0ms
[2023-11-10T12:05:50.887-0800][77554519ms] GC(25247)   Evacuate Collection Set: 1.7ms
[2023-11-10T12:05:50.887-0800][77554519ms] GC(25247)   Post Evacuate Collection Set: 3.2ms
[2023-11-10T12:05:50.887-0800][77554519ms] GC(25247)   Other: 0.2ms
[2023-11-10T12:05:50.887-0800][77554519ms] GC(25247) Eden regions: 159->0(159)
[2023-11-10T12:05:50.887-0800][77554519ms] GC(25247) Survivor regions: 1->1(20)
[2023-11-10T12:05:50.887-0800][77554519ms] GC(25247) Old regions: 1454->1454
[2023-11-10T12:05:50.887-0800][77554519ms] GC(25247) Humongous regions: 5->5
[2023-11-10T12:05:50.887-0800][77554519ms] GC(25247) Metaspace: 305043K->305043K(1349632K)
[2023-11-10T12:05:50.887-0800][77554519ms] GC(25247) Pause Young (Normal) (G1 Evacuation Pause) 3235M->2917M(3602M) 5.252ms
[2023-11-10T12:05:50.887-0800][77554519ms] GC(25247) User=0.00s Sys=0.00s Real=0.01s
[2023-11-10T12:05:51.261-0800][77554893ms] GC(25248) Pause Young (Normal) (G1 Evacuation Pause)
[2023-11-10T12:05:51.261-0800][77554893ms] GC(25248) Using 10 workers of 10 for evacuation
[2023-11-10T12:05:51.266-0800][77554898ms] GC(25248)   Pre Evacuate Collection Set: 0.0ms
[2023-11-10T12:05:51.266-0800][77554898ms] GC(25248)   Evacuate Collection Set: 2.2ms
[2023-11-10T12:05:51.266-0800][77554898ms] GC(25248)   Post Evacuate Collection Set: 3.2ms
[2023-11-10T12:05:51.266-0800][77554898ms] GC(25248)   Other: 0.3ms
[2023-11-10T12:05:51.266-0800][77554898ms] GC(25248) Eden regions: 159->0(159)
[2023-11-10T12:05:51.266-0800][77554898ms] GC(25248) Survivor regions: 1->1(20)
[2023-11-10T12:05:51.266-0800][77554898ms] GC(25248) Old regions: 1454->1454
[2023-11-10T12:05:51.266-0800][77554898ms] GC(25248) Humongous regions: 5->5
[2023-11-10T12:05:51.266-0800][77554898ms] GC(25248) Metaspace: 305043K->305043K(1349632K)
[2023-11-10T12:05:51.266-0800][77554898ms] GC(25248) Pause Young (Normal) (G1 Evacuation Pause) 3235M->2917M(3602M) 5.715ms
[2023-11-10T12:05:51.266-0800][77554898ms] GC(25248) User=0.00s Sys=0.00s Real=0.01s
[2023-11-10T12:05:51.640-0800][77555272ms] GC(25249) Pause Young (Normal) (G1 Evacuation Pause)
[2023-11-10T12:05:51.640-0800][77555273ms] GC(25249) Using 10 workers of 10 for evacuation
[2023-11-10T12:05:51.645-0800][77555278ms] GC(25249)   Pre Evacuate Collection Set: 0.1ms
[2023-11-10T12:05:51.646-0800][77555278ms] GC(25249)   Evacuate Collection Set: 1.7ms
[2023-11-10T12:05:51.646-0800][77555278ms] GC(25249)   Post Evacuate Collection Set: 3.0ms
[2023-11-10T12:05:51.646-0800][77555278ms] GC(25249)   Other: 0.3ms
[2023-11-10T12:05:51.646-0800][77555278ms] GC(25249) Eden regions: 159->0(159)
[2023-11-10T12:05:51.646-0800][77555278ms] GC(25249) Survivor regions: 1->1(20)
[2023-11-10T12:05:51.646-0800][77555278ms] GC(25249) Old regions: 1454->1454
[2023-11-10T12:05:51.646-0800][77555278ms] GC(25249) Humongous regions: 5->5
[2023-11-10T12:05:51.646-0800][77555278ms] GC(25249) Metaspace: 305043K->305043K(1349632K)
[2023-11-10T12:05:51.646-0800][77555278ms] GC(25249) Pause Young (Normal) (G1 Evacuation Pause) 3235M->2918M(3602M) 5.230ms
[2023-11-10T12:05:51.646-0800][77555278ms] GC(25249) User=0.00s Sys=0.00s Real=0.01s
[2023-11-10T12:05:52.067-0800][77555699ms] GC(25250) Pause Young (Normal) (G1 Evacuation Pause)
[2023-11-10T12:05:52.067-0800][77555699ms] GC(25250) Using 10 workers of 10 for evacuation
[2023-11-10T12:05:52.072-0800][77555704ms] GC(25250)   Pre Evacuate Collection Set: 0.0ms
[2023-11-10T12:05:52.072-0800][77555704ms] GC(25250)   Evacuate Collection Set: 1.7ms
[2023-11-10T12:05:52.072-0800][77555704ms] GC(25250)   Post Evacuate Collection Set: 2.9ms
[2023-11-10T12:05:52.072-0800][77555704ms] GC(25250)   Other: 0.3ms
[2023-11-10T12:05:52.073-0800][77555705ms] GC(25250) Eden regions: 159->0(159)
[2023-11-10T12:05:52.073-0800][77555705ms] GC(25250) Survivor regions: 1->1(20)
[2023-11-10T12:05:52.073-0800][77555705ms] GC(25250) Old regions: 1454->1454
[2023-11-10T12:05:52.073-0800][77555705ms] GC(25250) Humongous regions: 5->5
[2023-11-10T12:05:52.073-0800][77555705ms] GC(25250) Metaspace: 305043K->305043K(1349632K)
[2023-11-10T12:05:52.073-0800][77555705ms] GC(25250) Pause Young (Normal) (G1 Evacuation Pause) 3236M->2917M(3602M) 4.929ms
[2023-11-10T12:05:52.073-0800][77555705ms] GC(25250) User=0.02s Sys=0.00s Real=0.01s
[2023-11-10T12:05:52.523-0800][77556155ms] GC(25251) Pause Young (Normal) (G1 Evacuation Pause)
[2023-11-10T12:05:52.523-0800][77556155ms] GC(25251) Using 10 workers of 10 for evacuation
[2023-11-10T12:05:52.529-0800][77556161ms] GC(25251)   Pre Evacuate Collection Set: 0.0ms
[2023-11-10T12:05:52.529-0800][77556161ms] GC(25251)   Evacuate Collection Set: 1.6ms
[2023-11-10T12:05:52.529-0800][77556161ms] GC(25251)   Post Evacuate Collection Set: 3.2ms
[2023-11-10T12:05:52.529-0800][77556161ms] GC(25251)   Other: 0.3ms
[2023-11-10T12:05:52.529-0800][77556161ms] GC(25251) Eden regions: 159->0(159)
[2023-11-10T12:05:52.529-0800][77556161ms] GC(25251) Survivor regions: 1->1(20)
[2023-11-10T12:05:52.529-0800][77556161ms] GC(25251) Old regions: 1454->1454
[2023-11-10T12:05:52.529-0800][77556161ms] GC(25251) Humongous regions: 5->5
[2023-11-10T12:05:52.529-0800][77556161ms] GC(25251) Metaspace: 305043K->305043K(1349632K)
[2023-11-10T12:05:52.529-0800][77556161ms] GC(25251) Pause Young (Normal) (G1 Evacuation Pause) 3235M->2917M(3602M) 5.408ms
[2023-11-10T12:05:52.529-0800][77556161ms] GC(25251) User=0.00s Sys=0.00s Real=0.01s
[2023-11-10T12:05:52.901-0800][77556533ms] GC(25252) Pause Young (Normal) (G1 Evacuation Pause)
[2023-11-10T12:05:52.901-0800][77556533ms] GC(25252) Using 10 workers of 10 for evacuation
[2023-11-10T12:05:52.906-0800][77556538ms] GC(25252)   Pre Evacuate Collection Set: 0.0ms
[2023-11-10T12:05:52.906-0800][77556538ms] GC(25252)   Evacuate Collection Set: 1.7ms
[2023-11-10T12:05:52.906-0800][77556538ms] GC(25252)   Post Evacuate Collection Set: 3.0ms
[2023-11-10T12:05:52.906-0800][77556538ms] GC(25252)   Other: 0.2ms
[2023-11-10T12:05:52.906-0800][77556538ms] GC(25252) Eden regions: 159->0(159)
[2023-11-10T12:05:52.906-0800][77556538ms] GC(25252) Survivor regions: 1->1(20)
[2023-11-10T12:05:52.906-0800][77556538ms] GC(25252) Old regions: 1454->1454
[2023-11-10T12:05:52.906-0800][77556538ms] GC(25252) Humongous regions: 5->5
[2023-11-10T12:05:52.906-0800][77556538ms] GC(25252) Metaspace: 305043K->305043K(1349632K)
[2023-11-10T12:05:52.906-0800][77556538ms] GC(25252) Pause Young (Normal) (G1 Evacuation Pause) 3235M->2917M(3602M) 5.013ms
[2023-11-10T12:05:52.906-0800][77556538ms] GC(25252) User=0.00s Sys=0.00s Real=0.00s
[2023-11-10T12:05:53.324-0800][77556956ms] GC(25253) Pause Young (Normal) (G1 Evacuation Pause)
[2023-11-10T12:05:53.324-0800][77556956ms] GC(25253) Using 10 workers of 10 for evacuation
[2023-11-10T12:05:53.330-0800][77556962ms] GC(25253)   Pre Evacuate Collection Set: 0.1ms
[2023-11-10T12:05:53.330-0800][77556962ms] GC(25253)   Evacuate Collection Set: 1.7ms
[2023-11-10T12:05:53.330-0800][77556962ms] GC(25253)   Post Evacuate Collection Set: 3.3ms
[2023-11-10T12:05:53.330-0800][77556962ms] GC(25253)   Other: 0.3ms
[2023-11-10T12:05:53.330-0800][77556962ms] GC(25253) Eden regions: 159->0(159)
[2023-11-10T12:05:53.330-0800][77556962ms] GC(25253) Survivor regions: 1->1(20)
[2023-11-10T12:05:53.330-0800][77556962ms] GC(25253) Old regions: 1454->1454
[2023-11-10T12:05:53.330-0800][77556962ms] GC(25253) Humongous regions: 5->5
[2023-11-10T12:05:53.330-0800][77556962ms] GC(25253) Metaspace: 305043K->305043K(1349632K)
[2023-11-10T12:05:53.330-0800][77556962ms] GC(25253) Pause Young (Normal) (G1 Evacuation Pause) 3235M->2917M(3602M) 5.521ms
[2023-11-10T12:05:53.330-0800][77556962ms] GC(25253) User=0.00s Sys=0.00s Real=0.01s
[2023-11-10T12:05:53.706-0800][77557338ms] GC(25254) Pause Young (Normal) (G1 Evacuation Pause)
[2023-11-10T12:05:53.706-0800][77557338ms] GC(25254) Using 10 workers of 10 for evacuation
[2023-11-10T12:05:53.712-0800][77557344ms] GC(25254)   Pre Evacuate Collection Set: 0.0ms
[2023-11-10T12:05:53.712-0800][77557344ms] GC(25254)   Evacuate Collection Set: 1.8ms
[2023-11-10T12:05:53.712-0800][77557344ms] GC(25254)   Post Evacuate Collection Set: 3.3ms
[2023-11-10T12:05:53.712-0800][77557344ms] GC(25254)   Other: 0.3ms
[2023-11-10T12:05:53.712-0800][77557344ms] GC(25254) Eden regions: 159->0(159)
[2023-11-10T12:05:53.712-0800][77557344ms] GC(25254) Survivor regions: 1->1(20)
[2023-11-10T12:05:53.712-0800][77557344ms] GC(25254) Old regions: 1454->1454
[2023-11-10T12:05:53.712-0800][77557344ms] GC(25254) Humongous regions: 5->5
[2023-11-10T12:05:53.712-0800][77557344ms] GC(25254) Metaspace: 305043K->305043K(1349632K)
[2023-11-10T12:05:53.712-0800][77557344ms] GC(25254) Pause Young (Normal) (G1 Evacuation Pause) 3235M->2917M(3602M) 5.527ms
[2023-11-10T12:05:53.712-0800][77557344ms] GC(25254) User=0.00s Sys=0.00s Real=0.01s
[2023-11-10T12:05:54.145-0800][77557777ms] GC(25255) Pause Young (Normal) (G1 Evacuation Pause)
[2023-11-10T12:05:54.145-0800][77557777ms] GC(25255) Using 10 workers of 10 for evacuation
[2023-11-10T12:05:54.150-0800][77557782ms] GC(25255)   Pre Evacuate Collection Set: 0.1ms
[2023-11-10T12:05:54.150-0800][77557782ms] GC(25255)   Evacuate Collection Set: 1.7ms
[2023-11-10T12:05:54.150-0800][77557782ms] GC(25255)   Post Evacuate Collection Set: 3.5ms
[2023-11-10T12:05:54.150-0800][77557782ms] GC(25255)   Other: 0.3ms
[2023-11-10T12:05:54.150-0800][77557782ms] GC(25255) Eden regions: 159->0(159)
[2023-11-10T12:05:54.150-0800][77557782ms] GC(25255) Survivor regions: 1->1(20)
[2023-11-10T12:05:54.150-0800][77557782ms] GC(25255) Old regions: 1454->1454
[2023-11-10T12:05:54.150-0800][77557782ms] GC(25255) Humongous regions: 5->5
[2023-11-10T12:05:54.150-0800][77557782ms] GC(25255) Metaspace: 305043K->305043K(1349632K)
[2023-11-10T12:05:54.151-0800][77557783ms] GC(25255) Pause Young (Normal) (G1 Evacuation Pause) 3235M->2917M(3602M) 5.606ms
[2023-11-10T12:05:54.151-0800][77557783ms] GC(25255) User=0.02s Sys=0.00s Real=0.01s
[2023-11-10T12:05:54.528-0800][77558160ms] GC(25256) Pause Young (Normal) (G1 Evacuation Pause)
[2023-11-10T12:05:54.528-0800][77558160ms] GC(25256) Using 10 workers of 10 for evacuation
[2023-11-10T12:05:54.534-0800][77558166ms] GC(25256)   Pre Evacuate Collection Set: 0.1ms
[2023-11-10T12:05:54.534-0800][77558166ms] GC(25256)   Evacuate Collection Set: 1.7ms
[2023-11-10T12:05:54.534-0800][77558166ms] GC(25256)   Post Evacuate Collection Set: 3.3ms
[2023-11-10T12:05:54.534-0800][77558166ms] GC(25256)   Other: 0.3ms
[2023-11-10T12:05:54.534-0800][77558166ms] GC(25256) Eden regions: 159->0(159)
[2023-11-10T12:05:54.534-0800][77558166ms] GC(25256) Survivor regions: 1->1(20)
[2023-11-10T12:05:54.534-0800][77558166ms] GC(25256) Old regions: 1454->1454
[2023-11-10T12:05:54.534-0800][77558166ms] GC(25256) Humongous regions: 5->5
[2023-11-10T12:05:54.534-0800][77558166ms] GC(25256) Metaspace: 305043K->305043K(1349632K)
[2023-11-10T12:05:54.534-0800][77558166ms] GC(25256) Pause Young (Normal) (G1 Evacuation Pause) 3235M->2917M(3602M) 5.433ms
[2023-11-10T12:05:54.534-0800][77558166ms] GC(25256) User=0.00s Sys=0.00s Real=0.01s
[2023-11-10T12:05:54.947-0800][77558579ms] GC(25257) Pause Young (Normal) (G1 Evacuation Pause)
[2023-11-10T12:05:54.947-0800][77558579ms] GC(25257) Using 10 workers of 10 for evacuation
[2023-11-10T12:05:54.953-0800][77558585ms] GC(25257)   Pre Evacuate Collection Set: 0.0ms
[2023-11-10T12:05:54.953-0800][77558585ms] GC(25257)   Evacuate Collection Set: 1.7ms
[2023-11-10T12:05:54.953-0800][77558585ms] GC(25257)   Post Evacuate Collection Set: 3.6ms
[2023-11-10T12:05:54.953-0800][77558585ms] GC(25257)   Other: 0.3ms
[2023-11-10T12:05:54.953-0800][77558585ms] GC(25257) Eden regions: 159->0(159)
[2023-11-10T12:05:54.953-0800][77558585ms] GC(25257) Survivor regions: 1->1(20)
[2023-11-10T12:05:54.953-0800][77558585ms] GC(25257) Old regions: 1454->1454
[2023-11-10T12:05:54.953-0800][77558585ms] GC(25257) Humongous regions: 5->5
[2023-11-10T12:05:54.953-0800][77558585ms] GC(25257) Metaspace: 305043K->305043K(1349632K)
[2023-11-10T12:05:54.953-0800][77558585ms] GC(25257) Pause Young (Normal) (G1 Evacuation Pause) 3235M->2917M(3602M) 5.736ms
[2023-11-10T12:05:54.953-0800][77558585ms] GC(25257) User=0.00s Sys=0.00s Real=0.01s
[2023-11-10T12:05:55.371-0800][77559003ms] GC(25258) Pause Young (Normal) (G1 Evacuation Pause)
[2023-11-10T12:05:55.371-0800][77559003ms] GC(25258) Using 10 workers of 10 for evacuation
[2023-11-10T12:05:55.376-0800][77559008ms] GC(25258)   Pre Evacuate Collection Set: 0.0ms
[2023-11-10T12:05:55.376-0800][77559008ms] GC(25258)   Evacuate Collection Set: 1.8ms
[2023-11-10T12:05:55.376-0800][77559008ms] GC(25258)   Post Evacuate Collection Set: 3.5ms
[2023-11-10T12:05:55.376-0800][77559008ms] GC(25258)   Other: 0.3ms
[2023-11-10T12:05:55.376-0800][77559008ms] GC(25258) Eden regions: 159->0(159)
[2023-11-10T12:05:55.376-0800][77559008ms] GC(25258) Survivor regions: 1->1(20)
[2023-11-10T12:05:55.376-0800][77559008ms] GC(25258) Old regions: 1454->1454
[2023-11-10T12:05:55.376-0800][77559008ms] GC(25258) Humongous regions: 5->5
[2023-11-10T12:05:55.376-0800][77559008ms] GC(25258) Metaspace: 305043K->305043K(1349632K)
[2023-11-10T12:05:55.376-0800][77559008ms] GC(25258) Pause Young (Normal) (G1 Evacuation Pause) 3235M->2917M(3602M) 5.754ms
[2023-11-10T12:05:55.376-0800][77559008ms] GC(25258) User=0.00s Sys=0.00s Real=0.00s
[2023-11-10T12:05:55.742-0800][77559374ms] GC(25259) Pause Young (Normal) (G1 Evacuation Pause)
[2023-11-10T12:05:55.742-0800][77559374ms] GC(25259) Using 10 workers of 10 for evacuation
[2023-11-10T12:05:55.748-0800][77559380ms] GC(25259)   Pre Evacuate Collection Set: 0.0ms
[2023-11-10T12:05:55.748-0800][77559380ms] GC(25259)   Evacuate Collection Set: 1.7ms
[2023-11-10T12:05:55.748-0800][77559380ms] GC(25259)   Post Evacuate Collection Set: 3.1ms
[2023-11-10T12:05:55.748-0800][77559380ms] GC(25259)   Other: 0.3ms
[2023-11-10T12:05:55.748-0800][77559380ms] GC(25259) Eden regions: 159->0(159)
[2023-11-10T12:05:55.748-0800][77559380ms] GC(25259) Survivor regions: 1->1(20)
[2023-11-10T12:05:55.748-0800][77559380ms] GC(25259) Old regions: 1454->1454
[2023-11-10T12:05:55.748-0800][77559380ms] GC(25259) Humongous regions: 5->5
[2023-11-10T12:05:55.748-0800][77559380ms] GC(25259) Metaspace: 305043K->305043K(1349632K)
[2023-11-10T12:05:55.748-0800][77559380ms] GC(25259) Pause Young (Normal) (G1 Evacuation Pause) 3235M->2918M(3602M) 5.277ms
[2023-11-10T12:05:55.748-0800][77559380ms] GC(25259) User=0.00s Sys=0.00s Real=0.01s
[2023-11-10T12:05:56.225-0800][77559857ms] GC(25260) Pause Young (Normal) (G1 Evacuation Pause)
[2023-11-10T12:05:56.225-0800][77559857ms] GC(25260) Using 10 workers of 10 for evacuation
[2023-11-10T12:05:56.230-0800][77559862ms] GC(25260)   Pre Evacuate Collection Set: 0.1ms
[2023-11-10T12:05:56.230-0800][77559862ms] GC(25260)   Evacuate Collection Set: 1.8ms
[2023-11-10T12:05:56.230-0800][77559862ms] GC(25260)   Post Evacuate Collection Set: 3.1ms
[2023-11-10T12:05:56.230-0800][77559862ms] GC(25260)   Other: 0.3ms
[2023-11-10T12:05:56.230-0800][77559862ms] GC(25260) Eden regions: 159->0(159)
[2023-11-10T12:05:56.230-0800][77559862ms] GC(25260) Survivor regions: 1->1(20)
[2023-11-10T12:05:56.230-0800][77559862ms] GC(25260) Old regions: 1454->1454
[2023-11-10T12:05:56.230-0800][77559862ms] GC(25260) Humongous regions: 5->5
[2023-11-10T12:05:56.230-0800][77559862ms] GC(25260) Metaspace: 305043K->305043K(1349632K)
[2023-11-10T12:05:56.230-0800][77559862ms] GC(25260) Pause Young (Normal) (G1 Evacuation Pause) 3236M->2917M(3602M) 5.328ms
[2023-11-10T12:05:56.230-0800][77559862ms] GC(25260) User=0.03s Sys=0.00s Real=0.01s
[2023-11-10T12:05:56.606-0800][77560238ms] GC(25261) Pause Young (Normal) (G1 Evacuation Pause)
[2023-11-10T12:05:56.606-0800][77560238ms] GC(25261) Using 10 workers of 10 for evacuation
[2023-11-10T12:05:56.611-0800][77560243ms] GC(25261)   Pre Evacuate Collection Set: 0.0ms
[2023-11-10T12:05:56.611-0800][77560243ms] GC(25261)   Evacuate Collection Set: 1.6ms
[2023-11-10T12:05:56.611-0800][77560243ms] GC(25261)   Post Evacuate Collection Set: 3.0ms
[2023-11-10T12:05:56.611-0800][77560243ms] GC(25261)   Other: 0.3ms
[2023-11-10T12:05:56.611-0800][77560243ms] GC(25261) Eden regions: 159->0(159)
[2023-11-10T12:05:56.611-0800][77560243ms] GC(25261) Survivor regions: 1->1(20)
[2023-11-10T12:05:56.611-0800][77560243ms] GC(25261) Old regions: 1454->1454
[2023-11-10T12:05:56.611-0800][77560243ms] GC(25261) Humongous regions: 5->5
[2023-11-10T12:05:56.611-0800][77560243ms] GC(25261) Metaspace: 305043K->305043K(1349632K)
[2023-11-10T12:05:56.611-0800][77560243ms] GC(25261) Pause Young (Normal) (G1 Evacuation Pause) 3235M->2917M(3602M) 5.042ms
[2023-11-10T12:05:56.611-0800][77560243ms] GC(25261) User=0.00s Sys=0.00s Real=0.01s
[2023-11-10T12:05:56.965-0800][77560597ms] GC(25262) Pause Young (Normal) (G1 Evacuation Pause)
[2023-11-10T12:05:56.965-0800][77560597ms] GC(25262) Using 10 workers of 10 for evacuation
[2023-11-10T12:05:56.971-0800][77560603ms] GC(25262)   Pre Evacuate Collection Set: 0.0ms
[2023-11-10T12:05:56.971-0800][77560603ms] GC(25262)   Evacuate Collection Set: 1.6ms
[2023-11-10T12:05:56.971-0800][77560603ms] GC(25262)   Post Evacuate Collection Set: 3.2ms
[2023-11-10T12:05:56.971-0800][77560603ms] GC(25262)   Other: 0.3ms
[2023-11-10T12:05:56.971-0800][77560603ms] GC(25262) Eden regions: 159->0(159)
[2023-11-10T12:05:56.971-0800][77560603ms] GC(25262) Survivor regions: 1->1(20)
[2023-11-10T12:05:56.971-0800][77560603ms] GC(25262) Old regions: 1454->1454
[2023-11-10T12:05:56.971-0800][77560603ms] GC(25262) Humongous regions: 5->5
[2023-11-10T12:05:56.971-0800][77560603ms] GC(25262) Metaspace: 305043K->305043K(1349632K)
[2023-11-10T12:05:56.971-0800][77560603ms] GC(25262) Pause Young (Normal) (G1 Evacuation Pause) 3235M->2917M(3602M) 5.197ms
[2023-11-10T12:05:56.971-0800][77560603ms] GC(25262) User=0.00s Sys=0.00s Real=0.01s
[2023-11-10T12:05:57.299-0800][77560931ms] GC(25263) Pause Young (Normal) (G1 Evacuation Pause)
[2023-11-10T12:05:57.299-0800][77560931ms] GC(25263) Using 10 workers of 10 for evacuation
[2023-11-10T12:05:57.304-0800][77560936ms] GC(25263)   Pre Evacuate Collection Set: 0.0ms
[2023-11-10T12:05:57.304-0800][77560936ms] GC(25263)   Evacuate Collection Set: 1.6ms
[2023-11-10T12:05:57.304-0800][77560936ms] GC(25263)   Post Evacuate Collection Set: 2.9ms
[2023-11-10T12:05:57.304-0800][77560936ms] GC(25263)   Other: 0.2ms
[2023-11-10T12:05:57.304-0800][77560936ms] GC(25263) Eden regions: 159->0(159)
[2023-11-10T12:05:57.304-0800][77560936ms] GC(25263) Survivor regions: 1->1(20)
[2023-11-10T12:05:57.304-0800][77560936ms] GC(25263) Old regions: 1454->1454
[2023-11-10T12:05:57.304-0800][77560936ms] GC(25263) Humongous regions: 5->5
[2023-11-10T12:05:57.304-0800][77560936ms] GC(25263) Metaspace: 305043K->305043K(1349632K)
[2023-11-10T12:05:57.304-0800][77560936ms] GC(25263) Pause Young (Normal) (G1 Evacuation Pause) 3235M->2917M(3602M) 4.986ms
[2023-11-10T12:05:57.304-0800][77560936ms] GC(25263) User=0.00s Sys=0.00s Real=0.00s
[2023-11-10T12:05:57.683-0800][77561315ms] GC(25264) Pause Young (Normal) (G1 Evacuation Pause)
[2023-11-10T12:05:57.683-0800][77561315ms] GC(25264) Using 10 workers of 10 for evacuation
[2023-11-10T12:05:57.688-0800][77561320ms] GC(25264)   Pre Evacuate Collection Set: 0.0ms
[2023-11-10T12:05:57.688-0800][77561320ms] GC(25264)   Evacuate Collection Set: 1.6ms
[2023-11-10T12:05:57.688-0800][77561320ms] GC(25264)   Post Evacuate Collection Set: 3.1ms
[2023-11-10T12:05:57.688-0800][77561320ms] GC(25264)   Other: 0.2ms
[2023-11-10T12:05:57.688-0800][77561320ms] GC(25264) Eden regions: 159->0(159)
[2023-11-10T12:05:57.688-0800][77561320ms] GC(25264) Survivor regions: 1->1(20)
[2023-11-10T12:05:57.688-0800][77561320ms] GC(25264) Old regions: 1454->1454
[2023-11-10T12:05:57.688-0800][77561320ms] GC(25264) Humongous regions: 5->5
[2023-11-10T12:05:57.688-0800][77561320ms] GC(25264) Metaspace: 305043K->305043K(1349632K)
[2023-11-10T12:05:57.688-0800][77561320ms] GC(25264) Pause Young (Normal) (G1 Evacuation Pause) 3235M->2917M(3602M) 5.071ms
[2023-11-10T12:05:57.688-0800][77561320ms] GC(25264) User=0.00s Sys=0.00s Real=0.00s
[2023-11-10T12:05:58.045-0800][77561677ms] GC(25265) Pause Young (Normal) (G1 Evacuation Pause)
[2023-11-10T12:05:58.045-0800][77561677ms] GC(25265) Using 10 workers of 10 for evacuation
[2023-11-10T12:05:58.051-0800][77561683ms] GC(25265)   Pre Evacuate Collection Set: 0.0ms
[2023-11-10T12:05:58.051-0800][77561683ms] GC(25265)   Evacuate Collection Set: 1.8ms
[2023-11-10T12:05:58.051-0800][77561683ms] GC(25265)   Post Evacuate Collection Set: 3.3ms
[2023-11-10T12:05:58.051-0800][77561683ms] GC(25265)   Other: 0.3ms
[2023-11-10T12:05:58.051-0800][77561683ms] GC(25265) Eden regions: 159->0(159)
[2023-11-10T12:05:58.051-0800][77561683ms] GC(25265) Survivor regions: 1->1(20)
[2023-11-10T12:05:58.051-0800][77561683ms] GC(25265) Old regions: 1454->1454
[2023-11-10T12:05:58.051-0800][77561683ms] GC(25265) Humongous regions: 5->5
[2023-11-10T12:05:58.051-0800][77561683ms] GC(25265) Metaspace: 305043K->305043K(1349632K)
[2023-11-10T12:05:58.051-0800][77561683ms] GC(25265) Pause Young (Normal) (G1 Evacuation Pause) 3235M->2917M(3602M) 5.546ms
[2023-11-10T12:05:58.051-0800][77561683ms] GC(25265) User=0.00s Sys=0.00s Real=0.01s
[2023-11-10T12:05:58.474-0800][77562106ms] GC(25266) Pause Young (Normal) (G1 Evacuation Pause)
[2023-11-10T12:05:58.474-0800][77562106ms] GC(25266) Using 10 workers of 10 for evacuation
[2023-11-10T12:05:58.480-0800][77562112ms] GC(25266)   Pre Evacuate Collection Set: 0.0ms
[2023-11-10T12:05:58.480-0800][77562112ms] GC(25266)   Evacuate Collection Set: 1.9ms
[2023-11-10T12:05:58.480-0800][77562112ms] GC(25266)   Post Evacuate Collection Set: 3.6ms
[2023-11-10T12:05:58.480-0800][77562112ms] GC(25266)   Other: 0.3ms
[2023-11-10T12:05:58.480-0800][77562112ms] GC(25266) Eden regions: 159->0(159)
[2023-11-10T12:05:58.480-0800][77562112ms] GC(25266) Survivor regions: 1->1(20)
[2023-11-10T12:05:58.480-0800][77562112ms] GC(25266) Old regions: 1454->1454
[2023-11-10T12:05:58.480-0800][77562112ms] GC(25266) Humongous regions: 5->5
[2023-11-10T12:05:58.480-0800][77562112ms] GC(25266) Metaspace: 305043K->305043K(1349632K)
[2023-11-10T12:05:58.481-0800][77562113ms] GC(25266) Pause Young (Normal) (G1 Evacuation Pause) 3235M->2917M(3602M) 5.869ms
[2023-11-10T12:05:58.481-0800][77562113ms] GC(25266) User=0.06s Sys=0.00s Real=0.01s
[2023-11-10T12:05:58.866-0800][77562498ms] GC(25267) Pause Young (Normal) (G1 Evacuation Pause)
[2023-11-10T12:05:58.866-0800][77562498ms] GC(25267) Using 10 workers of 10 for evacuation
[2023-11-10T12:05:58.870-0800][77562502ms] GC(25267)   Pre Evacuate Collection Set: 0.0ms
[2023-11-10T12:05:58.870-0800][77562502ms] GC(25267)   Evacuate Collection Set: 1.6ms
[2023-11-10T12:05:58.870-0800][77562502ms] GC(25267)   Post Evacuate Collection Set: 2.9ms
[2023-11-10T12:05:58.870-0800][77562502ms] GC(25267)   Other: 0.2ms
[2023-11-10T12:05:58.870-0800][77562502ms] GC(25267) Eden regions: 159->0(159)
[2023-11-10T12:05:58.870-0800][77562502ms] GC(25267) Survivor regions: 1->1(20)
[2023-11-10T12:05:58.870-0800][77562502ms] GC(25267) Old regions: 1454->1454
[2023-11-10T12:05:58.870-0800][77562502ms] GC(25267) Humongous regions: 5->5
[2023-11-10T12:05:58.870-0800][77562502ms] GC(25267) Metaspace: 305043K->305043K(1349632K)
[2023-11-10T12:05:58.870-0800][77562502ms] GC(25267) Pause Young (Normal) (G1 Evacuation Pause) 3235M->2918M(3602M) 4.956ms
[2023-11-10T12:05:58.871-0800][77562503ms] GC(25267) User=0.09s Sys=0.00s Real=0.01s
[2023-11-10T12:05:59.274-0800][77562906ms] GC(25268) Pause Young (Normal) (G1 Evacuation Pause)
[2023-11-10T12:05:59.274-0800][77562906ms] GC(25268) Using 10 workers of 10 for evacuation
[2023-11-10T12:05:59.278-0800][77562910ms] GC(25268)   Pre Evacuate Collection Set: 0.0ms
[2023-11-10T12:05:59.278-0800][77562910ms] GC(25268)   Evacuate Collection Set: 1.6ms
[2023-11-10T12:05:59.278-0800][77562910ms] GC(25268)   Post Evacuate Collection Set: 3.0ms
[2023-11-10T12:05:59.278-0800][77562910ms] GC(25268)   Other: 0.2ms
[2023-11-10T12:05:59.278-0800][77562910ms] GC(25268) Eden regions: 159->0(159)
[2023-11-10T12:05:59.278-0800][77562910ms] GC(25268) Survivor regions: 1->1(20)
[2023-11-10T12:05:59.278-0800][77562910ms] GC(25268) Old regions: 1454->1454
[2023-11-10T12:05:59.278-0800][77562910ms] GC(25268) Humongous regions: 5->5
[2023-11-10T12:05:59.278-0800][77562910ms] GC(25268) Metaspace: 305043K->305043K(1349632K)
[2023-11-10T12:05:59.278-0800][77562910ms] GC(25268) Pause Young (Normal) (G1 Evacuation Pause) 3236M->2918M(3602M) 4.996ms
[2023-11-10T12:05:59.279-0800][77562911ms] GC(25268) User=0.00s Sys=0.00s Real=0.01s
[2023-11-10T12:05:59.651-0800][77563283ms] GC(25269) Pause Young (Normal) (G1 Evacuation Pause)
[2023-11-10T12:05:59.651-0800][77563283ms] GC(25269) Using 10 workers of 10 for evacuation
[2023-11-10T12:05:59.657-0800][77563289ms] GC(25269)   Pre Evacuate Collection Set: 0.0ms
[2023-11-10T12:05:59.657-0800][77563289ms] GC(25269)   Evacuate Collection Set: 1.7ms
[2023-11-10T12:05:59.657-0800][77563289ms] GC(25269)   Post Evacuate Collection Set: 2.8ms
[2023-11-10T12:05:59.657-0800][77563289ms] GC(25269)   Other: 0.2ms
[2023-11-10T12:05:59.657-0800][77563289ms] GC(25269) Eden regions: 159->0(159)
[2023-11-10T12:05:59.657-0800][77563289ms] GC(25269) Survivor regions: 1->1(20)
[2023-11-10T12:05:59.657-0800][77563289ms] GC(25269) Old regions: 1454->1454
[2023-11-10T12:05:59.657-0800][77563289ms] GC(25269) Humongous regions: 5->5
[2023-11-10T12:05:59.657-0800][77563289ms] GC(25269) Metaspace: 305043K->305043K(1349632K)
[2023-11-10T12:05:59.657-0800][77563289ms] GC(25269) Pause Young (Normal) (G1 Evacuation Pause) 3236M->2917M(3602M) 4.871ms
[2023-11-10T12:05:59.657-0800][77563289ms] GC(25269) User=0.00s Sys=0.00s Real=0.01s
[2023-11-10T12:06:00.026-0800][77563658ms] GC(25270) Pause Young (Normal) (G1 Evacuation Pause)
[2023-11-10T12:06:00.026-0800][77563658ms] GC(25270) Using 10 workers of 10 for evacuation
[2023-11-10T12:06:00.033-0800][77563665ms] GC(25270)   Pre Evacuate Collection Set: 0.1ms
[2023-11-10T12:06:00.033-0800][77563665ms] GC(25270)   Evacuate Collection Set: 1.7ms
[2023-11-10T12:06:00.033-0800][77563665ms] GC(25270)   Post Evacuate Collection Set: 3.7ms
[2023-11-10T12:06:00.033-0800][77563665ms] GC(25270)   Other: 0.4ms
[2023-11-10T12:06:00.033-0800][77563665ms] GC(25270) Eden regions: 159->0(159)
[2023-11-10T12:06:00.033-0800][77563665ms] GC(25270) Survivor regions: 1->1(20)
[2023-11-10T12:06:00.033-0800][77563665ms] GC(25270) Old regions: 1454->1454
[2023-11-10T12:06:00.033-0800][77563665ms] GC(25270) Humongous regions: 5->5
[2023-11-10T12:06:00.033-0800][77563665ms] GC(25270) Metaspace: 305043K->305043K(1349632K)
[2023-11-10T12:06:00.033-0800][77563665ms] GC(25270) Pause Young (Normal) (G1 Evacuation Pause) 3235M->2918M(3602M) 5.924ms
[2023-11-10T12:06:00.033-0800][77563665ms] GC(25270) User=0.00s Sys=0.00s Real=0.01s
[2023-11-10T12:06:00.479-0800][77564111ms] GC(25271) Pause Young (Normal) (G1 Evacuation Pause)
[2023-11-10T12:06:00.479-0800][77564111ms] GC(25271) Using 10 workers of 10 for evacuation
[2023-11-10T12:06:00.484-0800][77564116ms] GC(25271)   Pre Evacuate Collection Set: 0.1ms
[2023-11-10T12:06:00.484-0800][77564116ms] GC(25271)   Evacuate Collection Set: 1.7ms
[2023-11-10T12:06:00.484-0800][77564116ms] GC(25271)   Post Evacuate Collection Set: 3.2ms
[2023-11-10T12:06:00.484-0800][77564116ms] GC(25271)   Other: 0.3ms
[2023-11-10T12:06:00.484-0800][77564116ms] GC(25271) Eden regions: 159->0(159)
[2023-11-10T12:06:00.484-0800][77564116ms] GC(25271) Survivor regions: 1->1(20)
[2023-11-10T12:06:00.484-0800][77564116ms] GC(25271) Old regions: 1454->1454
[2023-11-10T12:06:00.484-0800][77564116ms] GC(25271) Humongous regions: 5->5
[2023-11-10T12:06:00.484-0800][77564116ms] GC(25271) Metaspace: 305043K->305043K(1349632K)
[2023-11-10T12:06:00.484-0800][77564116ms] GC(25271) Pause Young (Normal) (G1 Evacuation Pause) 3236M->2917M(3602M) 5.375ms
[2023-11-10T12:06:00.484-0800][77564116ms] GC(25271) User=0.00s Sys=0.00s Real=0.00s
[2023-11-10T12:06:00.866-0800][77564498ms] GC(25272) Pause Young (Normal) (G1 Evacuation Pause)
[2023-11-10T12:06:00.866-0800][77564498ms] GC(25272) Using 10 workers of 10 for evacuation
[2023-11-10T12:06:00.872-0800][77564504ms] GC(25272)   Pre Evacuate Collection Set: 0.0ms
[2023-11-10T12:06:00.872-0800][77564504ms] GC(25272)   Evacuate Collection Set: 1.7ms
[2023-11-10T12:06:00.872-0800][77564504ms] GC(25272)   Post Evacuate Collection Set: 3.1ms
[2023-11-10T12:06:00.872-0800][77564504ms] GC(25272)   Other: 0.3ms
[2023-11-10T12:06:00.872-0800][77564504ms] GC(25272) Eden regions: 159->0(159)
[2023-11-10T12:06:00.872-0800][77564504ms] GC(25272) Survivor regions: 1->1(20)
[2023-11-10T12:06:00.872-0800][77564504ms] GC(25272) Old regions: 1454->1454
[2023-11-10T12:06:00.872-0800][77564504ms] GC(25272) Humongous regions: 5->5
[2023-11-10T12:06:00.872-0800][77564504ms] GC(25272) Metaspace: 305043K->305043K(1349632K)
[2023-11-10T12:06:00.872-0800][77564504ms] GC(25272) Pause Young (Normal) (G1 Evacuation Pause) 3235M->2918M(3602M) 5.301ms
[2023-11-10T12:06:00.872-0800][77564504ms] GC(25272) User=0.00s Sys=0.00s Real=0.01s
[2023-11-10T12:06:01.275-0800][77564907ms] GC(25273) Pause Young (Normal) (G1 Evacuation Pause)
[2023-11-10T12:06:01.275-0800][77564907ms] GC(25273) Using 10 workers of 10 for evacuation
[2023-11-10T12:06:01.281-0800][77564913ms] GC(25273)   Pre Evacuate Collection Set: 0.1ms
[2023-11-10T12:06:01.281-0800][77564913ms] GC(25273)   Evacuate Collection Set: 1.6ms
[2023-11-10T12:06:01.281-0800][77564913ms] GC(25273)   Post Evacuate Collection Set: 3.1ms
[2023-11-10T12:06:01.281-0800][77564913ms] GC(25273)   Other: 0.3ms
[2023-11-10T12:06:01.281-0800][77564913ms] GC(25273) Eden regions: 159->0(159)
[2023-11-10T12:06:01.281-0800][77564913ms] GC(25273) Survivor regions: 1->1(20)
[2023-11-10T12:06:01.281-0800][77564913ms] GC(25273) Old regions: 1454->1454
[2023-11-10T12:06:01.281-0800][77564913ms] GC(25273) Humongous regions: 5->5
[2023-11-10T12:06:01.281-0800][77564913ms] GC(25273) Metaspace: 305043K->305043K(1349632K)
[2023-11-10T12:06:01.281-0800][77564913ms] GC(25273) Pause Young (Normal) (G1 Evacuation Pause) 3236M->2918M(3602M) 5.107ms
[2023-11-10T12:06:01.281-0800][77564913ms] GC(25273) User=0.00s Sys=0.00s Real=0.01s
[2023-11-10T12:06:01.640-0800][77565272ms] GC(25274) Pause Young (Normal) (G1 Evacuation Pause)
[2023-11-10T12:06:01.640-0800][77565272ms] GC(25274) Using 10 workers of 10 for evacuation
[2023-11-10T12:06:01.645-0800][77565277ms] GC(25274)   Pre Evacuate Collection Set: 0.0ms
[2023-11-10T12:06:01.645-0800][77565277ms] GC(25274)   Evacuate Collection Set: 1.6ms
[2023-11-10T12:06:01.645-0800][77565277ms] GC(25274)   Post Evacuate Collection Set: 3.2ms
[2023-11-10T12:06:01.645-0800][77565277ms] GC(25274)   Other: 0.2ms
[2023-11-10T12:06:01.645-0800][77565277ms] GC(25274) Eden regions: 159->0(159)
[2023-11-10T12:06:01.645-0800][77565277ms] GC(25274) Survivor regions: 1->1(20)
[2023-11-10T12:06:01.645-0800][77565277ms] GC(25274) Old regions: 1454->1454
[2023-11-10T12:06:01.645-0800][77565277ms] GC(25274) Humongous regions: 5->5
[2023-11-10T12:06:01.645-0800][77565277ms] GC(25274) Metaspace: 305043K->305043K(1349632K)
[2023-11-10T12:06:01.645-0800][77565277ms] GC(25274) Pause Young (Normal) (G1 Evacuation Pause) 3236M->2918M(3602M) 5.152ms
[2023-11-10T12:06:01.646-0800][77565278ms] GC(25274) User=0.00s Sys=0.00s Real=0.01s
[2023-11-10T12:06:02.037-0800][77565669ms] GC(25275) Pause Young (Normal) (G1 Evacuation Pause)
[2023-11-10T12:06:02.038-0800][77565670ms] GC(25275) Using 10 workers of 10 for evacuation
[2023-11-10T12:06:02.042-0800][77565674ms] GC(25275)   Pre Evacuate Collection Set: 0.0ms
[2023-11-10T12:06:02.042-0800][77565674ms] GC(25275)   Evacuate Collection Set: 1.6ms
[2023-11-10T12:06:02.042-0800][77565674ms] GC(25275)   Post Evacuate Collection Set: 3.1ms
[2023-11-10T12:06:02.042-0800][77565674ms] GC(25275)   Other: 0.2ms
[2023-11-10T12:06:02.043-0800][77565675ms] GC(25275) Eden regions: 159->0(159)
[2023-11-10T12:06:02.043-0800][77565675ms] GC(25275) Survivor regions: 1->1(20)
[2023-11-10T12:06:02.043-0800][77565675ms] GC(25275) Old regions: 1454->1454
[2023-11-10T12:06:02.043-0800][77565675ms] GC(25275) Humongous regions: 5->5
[2023-11-10T12:06:02.043-0800][77565675ms] GC(25275) Metaspace: 305043K->305043K(1349632K)
[2023-11-10T12:06:02.043-0800][77565675ms] GC(25275) Pause Young (Normal) (G1 Evacuation Pause) 3236M->2918M(3602M) 5.103ms
[2023-11-10T12:06:02.043-0800][77565675ms] GC(25275) User=0.00s Sys=0.00s Real=0.01s
[2023-11-10T12:06:02.496-0800][77566128ms] GC(25276) Pause Young (Normal) (G1 Evacuation Pause)
[2023-11-10T12:06:02.496-0800][77566128ms] GC(25276) Using 10 workers of 10 for evacuation
[2023-11-10T12:06:02.502-0800][77566134ms] GC(25276)   Pre Evacuate Collection Set: 0.0ms
[2023-11-10T12:06:02.502-0800][77566134ms] GC(25276)   Evacuate Collection Set: 1.9ms
[2023-11-10T12:06:02.502-0800][77566134ms] GC(25276)   Post Evacuate Collection Set: 3.1ms
[2023-11-10T12:06:02.502-0800][77566134ms] GC(25276)   Other: 0.3ms
[2023-11-10T12:06:02.503-0800][77566135ms] GC(25276) Eden regions: 159->0(159)
[2023-11-10T12:06:02.503-0800][77566135ms] GC(25276) Survivor regions: 1->1(20)
[2023-11-10T12:06:02.503-0800][77566135ms] GC(25276) Old regions: 1454->1454
[2023-11-10T12:06:02.503-0800][77566135ms] GC(25276) Humongous regions: 5->5
[2023-11-10T12:06:02.503-0800][77566135ms] GC(25276) Metaspace: 305043K->305043K(1349632K)
[2023-11-10T12:06:02.503-0800][77566135ms] GC(25276) Pause Young (Normal) (G1 Evacuation Pause) 3236M->2918M(3602M) 5.424ms
[2023-11-10T12:06:02.503-0800][77566135ms] GC(25276) User=0.00s Sys=0.00s Real=0.01s
[2023-11-10T12:06:02.868-0800][77566500ms] GC(25277) Pause Young (Normal) (G1 Evacuation Pause)
[2023-11-10T12:06:02.868-0800][77566500ms] GC(25277) Using 10 workers of 10 for evacuation
[2023-11-10T12:06:02.873-0800][77566505ms] GC(25277)   Pre Evacuate Collection Set: 0.1ms
[2023-11-10T12:06:02.873-0800][77566505ms] GC(25277)   Evacuate Collection Set: 1.7ms
[2023-11-10T12:06:02.873-0800][77566505ms] GC(25277)   Post Evacuate Collection Set: 3.1ms
[2023-11-10T12:06:02.873-0800][77566505ms] GC(25277)   Other: 0.3ms
[2023-11-10T12:06:02.873-0800][77566505ms] GC(25277) Eden regions: 159->0(159)
[2023-11-10T12:06:02.873-0800][77566505ms] GC(25277) Survivor regions: 1->1(20)
[2023-11-10T12:06:02.873-0800][77566505ms] GC(25277) Old regions: 1454->1454
[2023-11-10T12:06:02.873-0800][77566505ms] GC(25277) Humongous regions: 5->5
[2023-11-10T12:06:02.873-0800][77566505ms] GC(25277) Metaspace: 305043K->305043K(1349632K)
[2023-11-10T12:06:02.873-0800][77566505ms] GC(25277) Pause Young (Normal) (G1 Evacuation Pause) 3236M->2918M(3602M) 5.285ms
[2023-11-10T12:06:02.873-0800][77566505ms] GC(25277) User=0.00s Sys=0.00s Real=0.00s
[2023-11-10T12:06:03.284-0800][77566916ms] GC(25278) Pause Young (Normal) (G1 Evacuation Pause)
[2023-11-10T12:06:03.284-0800][77566916ms] GC(25278) Using 10 workers of 10 for evacuation
[2023-11-10T12:06:03.289-0800][77566921ms] GC(25278)   Pre Evacuate Collection Set: 0.1ms
[2023-11-10T12:06:03.289-0800][77566921ms] GC(25278)   Evacuate Collection Set: 2.1ms
[2023-11-10T12:06:03.289-0800][77566921ms] GC(25278)   Post Evacuate Collection Set: 3.1ms
[2023-11-10T12:06:03.289-0800][77566921ms] GC(25278)   Other: 0.3ms
[2023-11-10T12:06:03.289-0800][77566921ms] GC(25278) Eden regions: 159->0(159)
[2023-11-10T12:06:03.289-0800][77566921ms] GC(25278) Survivor regions: 1->1(20)
[2023-11-10T12:06:03.289-0800][77566921ms] GC(25278) Old regions: 1454->1454
[2023-11-10T12:06:03.289-0800][77566921ms] GC(25278) Humongous regions: 5->5
[2023-11-10T12:06:03.289-0800][77566921ms] GC(25278) Metaspace: 305043K->305043K(1349632K)
[2023-11-10T12:06:03.289-0800][77566921ms] GC(25278) Pause Young (Normal) (G1 Evacuation Pause) 3236M->2918M(3602M) 5.620ms
[2023-11-10T12:06:03.289-0800][77566921ms] GC(25278) User=0.02s Sys=0.00s Real=0.01s
[2023-11-10T12:06:03.671-0800][77567303ms] GC(25279) Pause Young (Normal) (G1 Evacuation Pause)
[2023-11-10T12:06:03.671-0800][77567303ms] GC(25279) Using 10 workers of 10 for evacuation
[2023-11-10T12:06:03.675-0800][77567307ms] GC(25279)   Pre Evacuate Collection Set: 0.0ms
[2023-11-10T12:06:03.675-0800][77567307ms] GC(25279)   Evacuate Collection Set: 1.6ms
[2023-11-10T12:06:03.675-0800][77567307ms] GC(25279)   Post Evacuate Collection Set: 3.1ms
[2023-11-10T12:06:03.675-0800][77567307ms] GC(25279)   Other: 0.3ms
[2023-11-10T12:06:03.675-0800][77567307ms] GC(25279) Eden regions: 159->0(159)
[2023-11-10T12:06:03.675-0800][77567307ms] GC(25279) Survivor regions: 1->1(20)
[2023-11-10T12:06:03.675-0800][77567307ms] GC(25279) Old regions: 1454->1454
[2023-11-10T12:06:03.675-0800][77567307ms] GC(25279) Humongous regions: 5->5
[2023-11-10T12:06:03.675-0800][77567307ms] GC(25279) Metaspace: 305043K->305043K(1349632K)
[2023-11-10T12:06:03.675-0800][77567307ms] GC(25279) Pause Young (Normal) (G1 Evacuation Pause) 3236M->2918M(3602M) 5.087ms
[2023-11-10T12:06:03.675-0800][77567307ms] GC(25279) User=0.00s Sys=0.00s Real=0.00s
[2023-11-10T12:06:04.013-0800][77567645ms] GC(25280) Pause Young (Normal) (G1 Evacuation Pause)
[2023-11-10T12:06:04.013-0800][77567645ms] GC(25280) Using 10 workers of 10 for evacuation
[2023-11-10T12:06:04.018-0800][77567650ms] GC(25280)   Pre Evacuate Collection Set: 0.0ms
[2023-11-10T12:06:04.018-0800][77567650ms] GC(25280)   Evacuate Collection Set: 1.7ms
[2023-11-10T12:06:04.018-0800][77567650ms] GC(25280)   Post Evacuate Collection Set: 2.9ms
[2023-11-10T12:06:04.018-0800][77567650ms] GC(25280)   Other: 0.2ms
[2023-11-10T12:06:04.018-0800][77567650ms] GC(25280) Eden regions: 159->0(159)
[2023-11-10T12:06:04.018-0800][77567650ms] GC(25280) Survivor regions: 1->1(20)
[2023-11-10T12:06:04.018-0800][77567650ms] GC(25280) Old regions: 1454->1454
[2023-11-10T12:06:04.018-0800][77567650ms] GC(25280) Humongous regions: 5->5
[2023-11-10T12:06:04.018-0800][77567650ms] GC(25280) Metaspace: 305043K->305043K(1349632K)
[2023-11-10T12:06:04.019-0800][77567651ms] GC(25280) Pause Young (Normal) (G1 Evacuation Pause) 3236M->2918M(3602M) 4.936ms
[2023-11-10T12:06:04.019-0800][77567651ms] GC(25280) User=0.00s Sys=0.00s Real=0.01s
[2023-11-10T12:06:04.380-0800][77568012ms] GC(25281) Pause Young (Normal) (G1 Evacuation Pause)
[2023-11-10T12:06:04.380-0800][77568012ms] GC(25281) Using 10 workers of 10 for evacuation
[2023-11-10T12:06:04.385-0800][77568017ms] GC(25281)   Pre Evacuate Collection Set: 0.1ms
[2023-11-10T12:06:04.385-0800][77568017ms] GC(25281)   Evacuate Collection Set: 2.1ms
[2023-11-10T12:06:04.385-0800][77568017ms] GC(25281)   Post Evacuate Collection Set: 3.4ms
[2023-11-10T12:06:04.385-0800][77568017ms] GC(25281)   Other: 0.3ms
[2023-11-10T12:06:04.385-0800][77568017ms] GC(25281) Eden regions: 159->0(159)
[2023-11-10T12:06:04.385-0800][77568017ms] GC(25281) Survivor regions: 1->1(20)
[2023-11-10T12:06:04.385-0800][77568017ms] GC(25281) Old regions: 1454->1454
[2023-11-10T12:06:04.385-0800][77568017ms] GC(25281) Humongous regions: 5->5
[2023-11-10T12:06:04.385-0800][77568017ms] GC(25281) Metaspace: 305043K->305043K(1349632K)
[2023-11-10T12:06:04.385-0800][77568017ms] GC(25281) Pause Young (Normal) (G1 Evacuation Pause) 3236M->2918M(3602M) 5.986ms
[2023-11-10T12:06:04.387-0800][77568019ms] GC(25281) User=0.02s Sys=0.00s Real=0.01s
[2023-11-10T12:06:04.720-0800][77568352ms] GC(25282) Pause Young (Normal) (G1 Evacuation Pause)
[2023-11-10T12:06:04.720-0800][77568352ms] GC(25282) Using 10 workers of 10 for evacuation
[2023-11-10T12:06:04.725-0800][77568357ms] GC(25282)   Pre Evacuate Collection Set: 0.0ms
[2023-11-10T12:06:04.725-0800][77568357ms] GC(25282)   Evacuate Collection Set: 1.8ms
[2023-11-10T12:06:04.725-0800][77568357ms] GC(25282)   Post Evacuate Collection Set: 3.2ms
[2023-11-10T12:06:04.725-0800][77568357ms] GC(25282)   Other: 0.3ms
[2023-11-10T12:06:04.725-0800][77568357ms] GC(25282) Eden regions: 159->0(159)
[2023-11-10T12:06:04.725-0800][77568357ms] GC(25282) Survivor regions: 1->1(20)
[2023-11-10T12:06:04.725-0800][77568357ms] GC(25282) Old regions: 1454->1454
[2023-11-10T12:06:04.725-0800][77568357ms] GC(25282) Humongous regions: 5->5
[2023-11-10T12:06:04.725-0800][77568357ms] GC(25282) Metaspace: 305043K->305043K(1349632K)
[2023-11-10T12:06:04.725-0800][77568357ms] GC(25282) Pause Young (Normal) (G1 Evacuation Pause) 3236M->2918M(3602M) 5.324ms
[2023-11-10T12:06:04.725-0800][77568357ms] GC(25282) User=0.00s Sys=0.00s Real=0.00s
[2023-11-10T12:06:05.048-0800][77568680ms] GC(25283) Pause Young (Normal) (G1 Evacuation Pause)
[2023-11-10T12:06:05.048-0800][77568680ms] GC(25283) Using 10 workers of 10 for evacuation
[2023-11-10T12:06:05.054-0800][77568686ms] GC(25283)   Pre Evacuate Collection Set: 0.0ms
[2023-11-10T12:06:05.054-0800][77568686ms] GC(25283)   Evacuate Collection Set: 1.7ms
[2023-11-10T12:06:05.054-0800][77568686ms] GC(25283)   Post Evacuate Collection Set: 3.0ms
[2023-11-10T12:06:05.054-0800][77568686ms] GC(25283)   Other: 0.3ms
[2023-11-10T12:06:05.054-0800][77568686ms] GC(25283) Eden regions: 159->0(159)
[2023-11-10T12:06:05.054-0800][77568686ms] GC(25283) Survivor regions: 1->1(20)
[2023-11-10T12:06:05.054-0800][77568686ms] GC(25283) Old regions: 1454->1454
[2023-11-10T12:06:05.054-0800][77568686ms] GC(25283) Humongous regions: 5->5
[2023-11-10T12:06:05.054-0800][77568686ms] GC(25283) Metaspace: 305043K->305043K(1349632K)
[2023-11-10T12:06:05.054-0800][77568686ms] GC(25283) Pause Young (Normal) (G1 Evacuation Pause) 3236M->2918M(3602M) 5.092ms
[2023-11-10T12:06:05.054-0800][77568686ms] GC(25283) User=0.00s Sys=0.00s Real=0.01s
[2023-11-10T12:06:05.443-0800][77569075ms] GC(25284) Pause Young (Normal) (G1 Evacuation Pause)
[2023-11-10T12:06:05.443-0800][77569075ms] GC(25284) Using 10 workers of 10 for evacuation
[2023-11-10T12:06:05.449-0800][77569081ms] GC(25284)   Pre Evacuate Collection Set: 0.1ms
[2023-11-10T12:06:05.449-0800][77569081ms] GC(25284)   Evacuate Collection Set: 1.6ms
[2023-11-10T12:06:05.449-0800][77569081ms] GC(25284)   Post Evacuate Collection Set: 3.0ms
[2023-11-10T12:06:05.449-0800][77569081ms] GC(25284)   Other: 0.3ms
[2023-11-10T12:06:05.449-0800][77569081ms] GC(25284) Eden regions: 159->0(159)
[2023-11-10T12:06:05.449-0800][77569081ms] GC(25284) Survivor regions: 1->1(20)
[2023-11-10T12:06:05.449-0800][77569081ms] GC(25284) Old regions: 1454->1454
[2023-11-10T12:06:05.449-0800][77569081ms] GC(25284) Humongous regions: 5->5
[2023-11-10T12:06:05.449-0800][77569081ms] GC(25284) Metaspace: 305043K->305043K(1349632K)
[2023-11-10T12:06:05.449-0800][77569081ms] GC(25284) Pause Young (Normal) (G1 Evacuation Pause) 3236M->2918M(3602M) 5.238ms
[2023-11-10T12:06:05.449-0800][77569081ms] GC(25284) User=0.06s Sys=0.00s Real=0.01s
[2023-11-10T12:06:05.799-0800][77569431ms] GC(25285) Pause Young (Normal) (G1 Evacuation Pause)
[2023-11-10T12:06:05.799-0800][77569431ms] GC(25285) Using 10 workers of 10 for evacuation
[2023-11-10T12:06:05.804-0800][77569436ms] GC(25285)   Pre Evacuate Collection Set: 0.1ms
[2023-11-10T12:06:05.805-0800][77569437ms] GC(25285)   Evacuate Collection Set: 1.7ms
[2023-11-10T12:06:05.805-0800][77569437ms] GC(25285)   Post Evacuate Collection Set: 3.2ms
[2023-11-10T12:06:05.805-0800][77569437ms] GC(25285)   Other: 0.3ms
[2023-11-10T12:06:05.805-0800][77569437ms] GC(25285) Eden regions: 159->0(159)
[2023-11-10T12:06:05.805-0800][77569437ms] GC(25285) Survivor regions: 1->1(20)
[2023-11-10T12:06:05.805-0800][77569437ms] GC(25285) Old regions: 1454->1454
[2023-11-10T12:06:05.805-0800][77569437ms] GC(25285) Humongous regions: 5->5
[2023-11-10T12:06:05.805-0800][77569437ms] GC(25285) Metaspace: 305043K->305043K(1349632K)
[2023-11-10T12:06:05.805-0800][77569437ms] GC(25285) Pause Young (Normal) (G1 Evacuation Pause) 3236M->2918M(3602M) 5.375ms
[2023-11-10T12:06:05.805-0800][77569437ms] GC(25285) User=0.00s Sys=0.00s Real=0.01s
[2023-11-10T12:06:06.174-0800][77569806ms] GC(25286) Pause Young (Normal) (G1 Evacuation Pause)
[2023-11-10T12:06:06.174-0800][77569806ms] GC(25286) Using 10 workers of 10 for evacuation
[2023-11-10T12:06:06.180-0800][77569812ms] GC(25286)   Pre Evacuate Collection Set: 0.1ms
[2023-11-10T12:06:06.180-0800][77569812ms] GC(25286)   Evacuate Collection Set: 1.6ms
[2023-11-10T12:06:06.180-0800][77569812ms] GC(25286)   Post Evacuate Collection Set: 3.2ms
[2023-11-10T12:06:06.180-0800][77569812ms] GC(25286)   Other: 0.3ms
[2023-11-10T12:06:06.180-0800][77569812ms] GC(25286) Eden regions: 159->0(159)
[2023-11-10T12:06:06.180-0800][77569812ms] GC(25286) Survivor regions: 1->1(20)
[2023-11-10T12:06:06.180-0800][77569812ms] GC(25286) Old regions: 1454->1454
[2023-11-10T12:06:06.180-0800][77569812ms] GC(25286) Humongous regions: 5->5
[2023-11-10T12:06:06.180-0800][77569812ms] GC(25286) Metaspace: 305043K->305043K(1349632K)
[2023-11-10T12:06:06.180-0800][77569812ms] GC(25286) Pause Young (Normal) (G1 Evacuation Pause) 3236M->2918M(3602M) 5.280ms
[2023-11-10T12:06:06.180-0800][77569812ms] GC(25286) User=0.00s Sys=0.00s Real=0.01s
[2023-11-10T12:06:06.618-0800][77570250ms] GC(25287) Pause Young (Normal) (G1 Evacuation Pause)
[2023-11-10T12:06:06.618-0800][77570250ms] GC(25287) Using 10 workers of 10 for evacuation
[2023-11-10T12:06:06.623-0800][77570255ms] GC(25287)   Pre Evacuate Collection Set: 0.0ms
[2023-11-10T12:06:06.623-0800][77570255ms] GC(25287)   Evacuate Collection Set: 1.7ms
[2023-11-10T12:06:06.623-0800][77570255ms] GC(25287)   Post Evacuate Collection Set: 3.2ms
[2023-11-10T12:06:06.623-0800][77570255ms] GC(25287)   Other: 0.2ms
[2023-11-10T12:06:06.623-0800][77570255ms] GC(25287) Eden regions: 159->0(158)
[2023-11-10T12:06:06.623-0800][77570255ms] GC(25287) Survivor regions: 1->1(20)
[2023-11-10T12:06:06.623-0800][77570255ms] GC(25287) Old regions: 1454->1455
[2023-11-10T12:06:06.623-0800][77570255ms] GC(25287) Humongous regions: 5->5
[2023-11-10T12:06:06.623-0800][77570255ms] GC(25287) Metaspace: 305043K->305043K(1349632K)
[2023-11-10T12:06:06.623-0800][77570255ms] GC(25287) Pause Young (Normal) (G1 Evacuation Pause) 3236M->2918M(3602M) 5.303ms
[2023-11-10T12:06:06.623-0800][77570255ms] GC(25287) User=0.00s Sys=0.00s Real=0.00s
[2023-11-10T12:06:06.988-0800][77570621ms] GC(25288) Pause Young (Normal) (G1 Evacuation Pause)
[2023-11-10T12:06:06.989-0800][77570621ms] GC(25288) Using 10 workers of 10 for evacuation
[2023-11-10T12:06:06.994-0800][77570626ms] GC(25288)   Pre Evacuate Collection Set: 0.0ms
[2023-11-10T12:06:06.994-0800][77570626ms] GC(25288)   Evacuate Collection Set: 1.7ms
[2023-11-10T12:06:06.994-0800][77570626ms] GC(25288)   Post Evacuate Collection Set: 3.3ms
[2023-11-10T12:06:06.994-0800][77570626ms] GC(25288)   Other: 0.3ms
[2023-11-10T12:06:06.994-0800][77570626ms] GC(25288) Eden regions: 158->0(158)
[2023-11-10T12:06:06.994-0800][77570626ms] GC(25288) Survivor regions: 1->1(20)
[2023-11-10T12:06:06.994-0800][77570626ms] GC(25288) Old regions: 1455->1455
[2023-11-10T12:06:06.994-0800][77570626ms] GC(25288) Humongous regions: 5->5
[2023-11-10T12:06:06.994-0800][77570626ms] GC(25288) Metaspace: 305043K->305043K(1349632K)
[2023-11-10T12:06:06.994-0800][77570626ms] GC(25288) Pause Young (Normal) (G1 Evacuation Pause) 3234M->2918M(3602M) 5.424ms
[2023-11-10T12:06:06.994-0800][77570626ms] GC(25288) User=0.00s Sys=0.00s Real=0.01s
[2023-11-10T12:06:07.380-0800][77571012ms] GC(25289) Pause Young (Normal) (G1 Evacuation Pause)
[2023-11-10T12:06:07.380-0800][77571012ms] GC(25289) Using 10 workers of 10 for evacuation
[2023-11-10T12:06:07.384-0800][77571016ms] GC(25289)   Pre Evacuate Collection Set: 0.0ms
[2023-11-10T12:06:07.384-0800][77571016ms] GC(25289)   Evacuate Collection Set: 1.7ms
[2023-11-10T12:06:07.384-0800][77571016ms] GC(25289)   Post Evacuate Collection Set: 3.1ms
[2023-11-10T12:06:07.384-0800][77571016ms] GC(25289)   Other: 0.2ms
[2023-11-10T12:06:07.384-0800][77571016ms] GC(25289) Eden regions: 158->0(158)
[2023-11-10T12:06:07.384-0800][77571016ms] GC(25289) Survivor regions: 1->1(20)
[2023-11-10T12:06:07.384-0800][77571016ms] GC(25289) Old regions: 1455->1455
[2023-11-10T12:06:07.384-0800][77571016ms] GC(25289) Humongous regions: 5->5
[2023-11-10T12:06:07.384-0800][77571016ms] GC(25289) Metaspace: 305043K->305043K(1349632K)
[2023-11-10T12:06:07.384-0800][77571016ms] GC(25289) Pause Young (Normal) (G1 Evacuation Pause) 3234M->2918M(3602M) 5.120ms
[2023-11-10T12:06:07.384-0800][77571016ms] GC(25289) User=0.02s Sys=0.00s Real=0.00s
[2023-11-10T12:06:07.780-0800][77571412ms] GC(25290) Pause Young (Normal) (G1 Evacuation Pause)
[2023-11-10T12:06:07.780-0800][77571412ms] GC(25290) Using 10 workers of 10 for evacuation
[2023-11-10T12:06:07.784-0800][77571416ms] GC(25290)   Pre Evacuate Collection Set: 0.0ms
[2023-11-10T12:06:07.784-0800][77571416ms] GC(25290)   Evacuate Collection Set: 1.6ms
[2023-11-10T12:06:07.784-0800][77571416ms] GC(25290)   Post Evacuate Collection Set: 2.9ms
[2023-11-10T12:06:07.784-0800][77571416ms] GC(25290)   Other: 0.3ms
[2023-11-10T12:06:07.784-0800][77571416ms] GC(25290) Eden regions: 158->0(158)
[2023-11-10T12:06:07.784-0800][77571416ms] GC(25290) Survivor regions: 1->1(20)
[2023-11-10T12:06:07.784-0800][77571416ms] GC(25290) Old regions: 1455->1455
[2023-11-10T12:06:07.784-0800][77571416ms] GC(25290) Humongous regions: 5->5
[2023-11-10T12:06:07.785-0800][77571417ms] GC(25290) Metaspace: 305043K->305043K(1349632K)
[2023-11-10T12:06:07.785-0800][77571417ms] GC(25290) Pause Young (Normal) (G1 Evacuation Pause) 3234M->2918M(3602M) 4.940ms
[2023-11-10T12:06:07.785-0800][77571417ms] GC(25290) User=0.00s Sys=0.00s Real=0.01s
[2023-11-10T12:06:08.163-0800][77571795ms] GC(25291) Pause Young (Normal) (G1 Evacuation Pause)
[2023-11-10T12:06:08.163-0800][77571795ms] GC(25291) Using 10 workers of 10 for evacuation
[2023-11-10T12:06:08.168-0800][77571800ms] GC(25291)   Pre Evacuate Collection Set: 0.1ms
[2023-11-10T12:06:08.168-0800][77571800ms] GC(25291)   Evacuate Collection Set: 1.7ms
[2023-11-10T12:06:08.168-0800][77571800ms] GC(25291)   Post Evacuate Collection Set: 3.0ms
[2023-11-10T12:06:08.168-0800][77571800ms] GC(25291)   Other: 0.3ms
[2023-11-10T12:06:08.168-0800][77571800ms] GC(25291) Eden regions: 158->0(158)
[2023-11-10T12:06:08.168-0800][77571800ms] GC(25291) Survivor regions: 1->1(20)
[2023-11-10T12:06:08.168-0800][77571800ms] GC(25291) Old regions: 1455->1455
[2023-11-10T12:06:08.168-0800][77571800ms] GC(25291) Humongous regions: 5->5
[2023-11-10T12:06:08.168-0800][77571800ms] GC(25291) Metaspace: 305043K->305043K(1349632K)
[2023-11-10T12:06:08.168-0800][77571800ms] GC(25291) Pause Young (Normal) (G1 Evacuation Pause) 3234M->2918M(3602M) 5.238ms
[2023-11-10T12:06:08.168-0800][77571800ms] GC(25291) User=0.00s Sys=0.00s Real=0.00s
[2023-11-10T12:06:08.514-0800][77572146ms] GC(25292) Pause Young (Normal) (G1 Evacuation Pause)
[2023-11-10T12:06:08.514-0800][77572146ms] GC(25292) Using 10 workers of 10 for evacuation
[2023-11-10T12:06:08.521-0800][77572153ms] GC(25292)   Pre Evacuate Collection Set: 0.1ms
[2023-11-10T12:06:08.521-0800][77572153ms] GC(25292)   Evacuate Collection Set: 1.8ms
[2023-11-10T12:06:08.521-0800][77572153ms] GC(25292)   Post Evacuate Collection Set: 5.0ms
[2023-11-10T12:06:08.521-0800][77572153ms] GC(25292)   Other: 0.5ms
[2023-11-10T12:06:08.521-0800][77572153ms] GC(25292) Eden regions: 158->0(158)
[2023-11-10T12:06:08.521-0800][77572153ms] GC(25292) Survivor regions: 1->1(20)
[2023-11-10T12:06:08.521-0800][77572153ms] GC(25292) Old regions: 1455->1455
[2023-11-10T12:06:08.521-0800][77572153ms] GC(25292) Humongous regions: 5->5
[2023-11-10T12:06:08.521-0800][77572153ms] GC(25292) Metaspace: 305043K->305043K(1349632K)
[2023-11-10T12:06:08.521-0800][77572153ms] GC(25292) Pause Young (Normal) (G1 Evacuation Pause) 3234M->2919M(3602M) 7.569ms
[2023-11-10T12:06:08.521-0800][77572153ms] GC(25292) User=0.00s Sys=0.00s Real=0.01s
[2023-11-10T12:06:08.920-0800][77572552ms] GC(25293) Pause Young (Normal) (G1 Evacuation Pause)
[2023-11-10T12:06:08.920-0800][77572552ms] GC(25293) Using 10 workers of 10 for evacuation
[2023-11-10T12:06:08.925-0800][77572557ms] GC(25293)   Pre Evacuate Collection Set: 0.0ms
[2023-11-10T12:06:08.925-0800][77572557ms] GC(25293)   Evacuate Collection Set: 1.7ms
[2023-11-10T12:06:08.925-0800][77572557ms] GC(25293)   Post Evacuate Collection Set: 3.1ms
[2023-11-10T12:06:08.925-0800][77572557ms] GC(25293)   Other: 0.4ms
[2023-11-10T12:06:08.925-0800][77572557ms] GC(25293) Eden regions: 158->0(158)
[2023-11-10T12:06:08.925-0800][77572557ms] GC(25293) Survivor regions: 1->1(20)
[2023-11-10T12:06:08.925-0800][77572557ms] GC(25293) Old regions: 1455->1455
[2023-11-10T12:06:08.925-0800][77572557ms] GC(25293) Humongous regions: 5->5
[2023-11-10T12:06:08.925-0800][77572557ms] GC(25293) Metaspace: 305043K->305043K(1349632K)
[2023-11-10T12:06:08.925-0800][77572557ms] GC(25293) Pause Young (Normal) (G1 Evacuation Pause) 3235M->2918M(3602M) 5.263ms
[2023-11-10T12:06:08.925-0800][77572557ms] GC(25293) User=0.00s Sys=0.00s Real=0.00s
[2023-11-10T12:06:09.346-0800][77572978ms] GC(25294) Pause Young (Normal) (G1 Evacuation Pause)
[2023-11-10T12:06:09.346-0800][77572978ms] GC(25294) Using 10 workers of 10 for evacuation
[2023-11-10T12:06:09.353-0800][77572985ms] GC(25294)   Pre Evacuate Collection Set: 0.0ms
[2023-11-10T12:06:09.353-0800][77572985ms] GC(25294)   Evacuate Collection Set: 1.7ms
[2023-11-10T12:06:09.353-0800][77572985ms] GC(25294)   Post Evacuate Collection Set: 4.9ms
[2023-11-10T12:06:09.353-0800][77572985ms] GC(25294)   Other: 0.3ms
[2023-11-10T12:06:09.353-0800][77572985ms] GC(25294) Eden regions: 158->0(158)
[2023-11-10T12:06:09.353-0800][77572985ms] GC(25294) Survivor regions: 1->1(20)
[2023-11-10T12:06:09.353-0800][77572985ms] GC(25294) Old regions: 1455->1455
[2023-11-10T12:06:09.353-0800][77572985ms] GC(25294) Humongous regions: 5->5
[2023-11-10T12:06:09.353-0800][77572985ms] GC(25294) Metaspace: 305043K->305043K(1349632K)
[2023-11-10T12:06:09.353-0800][77572985ms] GC(25294) Pause Young (Normal) (G1 Evacuation Pause) 3234M->2918M(3602M) 6.924ms
[2023-11-10T12:06:09.353-0800][77572985ms] GC(25294) User=0.02s Sys=0.00s Real=0.01s
[2023-11-10T12:06:09.749-0800][77573381ms] GC(25295) Pause Young (Normal) (G1 Evacuation Pause)
[2023-11-10T12:06:09.749-0800][77573381ms] GC(25295) Using 10 workers of 10 for evacuation
[2023-11-10T12:06:09.754-0800][77573386ms] GC(25295)   Pre Evacuate Collection Set: 0.0ms
[2023-11-10T12:06:09.754-0800][77573386ms] GC(25295)   Evacuate Collection Set: 1.7ms
[2023-11-10T12:06:09.754-0800][77573386ms] GC(25295)   Post Evacuate Collection Set: 3.5ms
[2023-11-10T12:06:09.754-0800][77573386ms] GC(25295)   Other: 0.3ms
[2023-11-10T12:06:09.754-0800][77573386ms] GC(25295) Eden regions: 158->0(158)
[2023-11-10T12:06:09.754-0800][77573386ms] GC(25295) Survivor regions: 1->1(20)
[2023-11-10T12:06:09.754-0800][77573386ms] GC(25295) Old regions: 1455->1455
[2023-11-10T12:06:09.754-0800][77573386ms] GC(25295) Humongous regions: 5->5
[2023-11-10T12:06:09.754-0800][77573386ms] GC(25295) Metaspace: 305043K->305043K(1349632K)
[2023-11-10T12:06:09.754-0800][77573386ms] GC(25295) Pause Young (Normal) (G1 Evacuation Pause) 3234M->2918M(3602M) 5.627ms
[2023-11-10T12:06:09.754-0800][77573386ms] GC(25295) User=0.00s Sys=0.00s Real=0.00s
[2023-11-10T12:06:10.111-0800][77573743ms] GC(25296) Pause Young (Normal) (G1 Evacuation Pause)
[2023-11-10T12:06:10.111-0800][77573743ms] GC(25296) Using 10 workers of 10 for evacuation
[2023-11-10T12:06:10.115-0800][77573747ms] GC(25296)   Pre Evacuate Collection Set: 0.0ms
[2023-11-10T12:06:10.115-0800][77573747ms] GC(25296)   Evacuate Collection Set: 1.7ms
[2023-11-10T12:06:10.115-0800][77573747ms] GC(25296)   Post Evacuate Collection Set: 3.0ms
[2023-11-10T12:06:10.115-0800][77573747ms] GC(25296)   Other: 0.3ms
[2023-11-10T12:06:10.115-0800][77573747ms] GC(25296) Eden regions: 158->0(158)
[2023-11-10T12:06:10.115-0800][77573747ms] GC(25296) Survivor regions: 1->1(20)
[2023-11-10T12:06:10.115-0800][77573747ms] GC(25296) Old regions: 1455->1455
[2023-11-10T12:06:10.115-0800][77573747ms] GC(25296) Humongous regions: 5->5
[2023-11-10T12:06:10.115-0800][77573747ms] GC(25296) Metaspace: 305043K->305043K(1349632K)
[2023-11-10T12:06:10.115-0800][77573747ms] GC(25296) Pause Young (Normal) (G1 Evacuation Pause) 3234M->2918M(3602M) 5.077ms
[2023-11-10T12:06:10.115-0800][77573747ms] GC(25296) User=0.00s Sys=0.00s Real=0.00s
[2023-11-10T12:06:10.455-0800][77574087ms] GC(25297) Pause Young (Normal) (G1 Evacuation Pause)
[2023-11-10T12:06:10.455-0800][77574087ms] GC(25297) Using 10 workers of 10 for evacuation
[2023-11-10T12:06:10.460-0800][77574092ms] GC(25297)   Pre Evacuate Collection Set: 0.0ms
[2023-11-10T12:06:10.460-0800][77574092ms] GC(25297)   Evacuate Collection Set: 1.7ms
[2023-11-10T12:06:10.460-0800][77574092ms] GC(25297)   Post Evacuate Collection Set: 2.9ms
[2023-11-10T12:06:10.460-0800][77574092ms] GC(25297)   Other: 0.3ms
[2023-11-10T12:06:10.461-0800][77574093ms] GC(25297) Eden regions: 158->0(158)
[2023-11-10T12:06:10.461-0800][77574093ms] GC(25297) Survivor regions: 1->1(20)
[2023-11-10T12:06:10.461-0800][77574093ms] GC(25297) Old regions: 1455->1455
[2023-11-10T12:06:10.461-0800][77574093ms] GC(25297) Humongous regions: 5->5
[2023-11-10T12:06:10.461-0800][77574093ms] GC(25297) Metaspace: 305043K->305043K(1349632K)
[2023-11-10T12:06:10.461-0800][77574093ms] GC(25297) Pause Young (Normal) (G1 Evacuation Pause) 3234M->2918M(3602M) 4.998ms
[2023-11-10T12:06:10.461-0800][77574093ms] GC(25297) User=0.00s Sys=0.00s Real=0.01s
[2023-11-10T12:06:10.827-0800][77574459ms] GC(25298) Pause Young (Normal) (G1 Evacuation Pause)
[2023-11-10T12:06:10.827-0800][77574459ms] GC(25298) Using 10 workers of 10 for evacuation
[2023-11-10T12:06:10.833-0800][77574465ms] GC(25298)   Pre Evacuate Collection Set: 0.1ms
[2023-11-10T12:06:10.833-0800][77574465ms] GC(25298)   Evacuate Collection Set: 1.7ms
[2023-11-10T12:06:10.833-0800][77574465ms] GC(25298)   Post Evacuate Collection Set: 3.2ms
[2023-11-10T12:06:10.833-0800][77574465ms] GC(25298)   Other: 0.3ms
[2023-11-10T12:06:10.833-0800][77574465ms] GC(25298) Eden regions: 158->0(158)
[2023-11-10T12:06:10.833-0800][77574465ms] GC(25298) Survivor regions: 1->1(20)
[2023-11-10T12:06:10.833-0800][77574465ms] GC(25298) Old regions: 1455->1455
[2023-11-10T12:06:10.833-0800][77574465ms] GC(25298) Humongous regions: 5->5
[2023-11-10T12:06:10.833-0800][77574465ms] GC(25298) Metaspace: 305043K->305043K(1349632K)
[2023-11-10T12:06:10.833-0800][77574465ms] GC(25298) Pause Young (Normal) (G1 Evacuation Pause) 3234M->2918M(3602M) 5.289ms
[2023-11-10T12:06:10.833-0800][77574465ms] GC(25298) User=0.00s Sys=0.00s Real=0.01s
[2023-11-10T12:06:11.174-0800][77574806ms] GC(25299) Pause Young (Normal) (G1 Evacuation Pause)
[2023-11-10T12:06:11.174-0800][77574806ms] GC(25299) Using 10 workers of 10 for evacuation
[2023-11-10T12:06:11.179-0800][77574811ms] GC(25299)   Pre Evacuate Collection Set: 0.0ms
[2023-11-10T12:06:11.179-0800][77574811ms] GC(25299)   Evacuate Collection Set: 1.7ms
[2023-11-10T12:06:11.179-0800][77574811ms] GC(25299)   Post Evacuate Collection Set: 3.0ms
[2023-11-10T12:06:11.179-0800][77574811ms] GC(25299)   Other: 0.3ms
[2023-11-10T12:06:11.179-0800][77574811ms] GC(25299) Eden regions: 158->0(158)
[2023-11-10T12:06:11.179-0800][77574811ms] GC(25299) Survivor regions: 1->1(20)
[2023-11-10T12:06:11.179-0800][77574811ms] GC(25299) Old regions: 1455->1455
[2023-11-10T12:06:11.179-0800][77574811ms] GC(25299) Humongous regions: 5->5
[2023-11-10T12:06:11.179-0800][77574811ms] GC(25299) Metaspace: 305043K->305043K(1349632K)
[2023-11-10T12:06:11.179-0800][77574811ms] GC(25299) Pause Young (Normal) (G1 Evacuation Pause) 3234M->2918M(3602M) 5.101ms
[2023-11-10T12:06:11.179-0800][77574811ms] GC(25299) User=0.00s Sys=0.00s Real=0.00s
[2023-11-10T12:06:11.503-0800][77575135ms] GC(25300) Pause Young (Normal) (G1 Evacuation Pause)
[2023-11-10T12:06:11.503-0800][77575135ms] GC(25300) Using 10 workers of 10 for evacuation
[2023-11-10T12:06:11.508-0800][77575140ms] GC(25300)   Pre Evacuate Collection Set: 0.0ms
[2023-11-10T12:06:11.508-0800][77575140ms] GC(25300)   Evacuate Collection Set: 1.6ms
[2023-11-10T12:06:11.508-0800][77575140ms] GC(25300)   Post Evacuate Collection Set: 3.0ms
[2023-11-10T12:06:11.508-0800][77575140ms] GC(25300)   Other: 0.2ms
[2023-11-10T12:06:11.508-0800][77575140ms] GC(25300) Eden regions: 158->0(158)
[2023-11-10T12:06:11.508-0800][77575140ms] GC(25300) Survivor regions: 1->1(20)
[2023-11-10T12:06:11.508-0800][77575140ms] GC(25300) Old regions: 1455->1455
[2023-11-10T12:06:11.508-0800][77575140ms] GC(25300) Humongous regions: 5->5
[2023-11-10T12:06:11.508-0800][77575140ms] GC(25300) Metaspace: 305043K->305043K(1349632K)
[2023-11-10T12:06:11.508-0800][77575140ms] GC(25300) Pause Young (Normal) (G1 Evacuation Pause) 3234M->2918M(3602M) 5.006ms
[2023-11-10T12:06:11.508-0800][77575140ms] GC(25300) User=0.00s Sys=0.00s Real=0.00s
[2023-11-10T12:06:11.915-0800][77575547ms] GC(25301) Pause Young (Normal) (G1 Evacuation Pause)
[2023-11-10T12:06:11.915-0800][77575547ms] GC(25301) Using 10 workers of 10 for evacuation
[2023-11-10T12:06:11.920-0800][77575552ms] GC(25301)   Pre Evacuate Collection Set: 0.0ms
[2023-11-10T12:06:11.920-0800][77575552ms] GC(25301)   Evacuate Collection Set: 1.7ms
[2023-11-10T12:06:11.920-0800][77575552ms] GC(25301)   Post Evacuate Collection Set: 3.1ms
[2023-11-10T12:06:11.920-0800][77575552ms] GC(25301)   Other: 0.3ms
[2023-11-10T12:06:11.920-0800][77575552ms] GC(25301) Eden regions: 158->0(158)
[2023-11-10T12:06:11.920-0800][77575552ms] GC(25301) Survivor regions: 1->1(20)
[2023-11-10T12:06:11.920-0800][77575552ms] GC(25301) Old regions: 1455->1455
[2023-11-10T12:06:11.920-0800][77575552ms] GC(25301) Humongous regions: 5->5
[2023-11-10T12:06:11.920-0800][77575552ms] GC(25301) Metaspace: 305043K->305043K(1349632K)
[2023-11-10T12:06:11.920-0800][77575552ms] GC(25301) Pause Young (Normal) (G1 Evacuation Pause) 3234M->2918M(3602M) 5.212ms
[2023-11-10T12:06:11.920-0800][77575552ms] GC(25301) User=0.00s Sys=0.00s Real=0.01s
[2023-11-10T12:06:12.337-0800][77575969ms] GC(25302) Pause Young (Normal) (G1 Evacuation Pause)
[2023-11-10T12:06:12.337-0800][77575969ms] GC(25302) Using 10 workers of 10 for evacuation
[2023-11-10T12:06:12.341-0800][77575973ms] GC(25302)   Pre Evacuate Collection Set: 0.0ms
[2023-11-10T12:06:12.341-0800][77575973ms] GC(25302)   Evacuate Collection Set: 1.7ms
[2023-11-10T12:06:12.341-0800][77575973ms] GC(25302)   Post Evacuate Collection Set: 3.1ms
[2023-11-10T12:06:12.341-0800][77575973ms] GC(25302)   Other: 0.3ms
[2023-11-10T12:06:12.341-0800][77575973ms] GC(25302) Eden regions: 158->0(158)
[2023-11-10T12:06:12.341-0800][77575973ms] GC(25302) Survivor regions: 1->1(20)
[2023-11-10T12:06:12.341-0800][77575973ms] GC(25302) Old regions: 1455->1455
[2023-11-10T12:06:12.341-0800][77575973ms] GC(25302) Humongous regions: 5->5
[2023-11-10T12:06:12.341-0800][77575973ms] GC(25302) Metaspace: 305043K->305043K(1349632K)
[2023-11-10T12:06:12.341-0800][77575973ms] GC(25302) Pause Young (Normal) (G1 Evacuation Pause) 3234M->2918M(3602M) 5.191ms
[2023-11-10T12:06:12.341-0800][77575973ms] GC(25302) User=0.00s Sys=0.00s Real=0.00s
[2023-11-10T12:06:12.707-0800][77576339ms] GC(25303) Pause Young (Normal) (G1 Evacuation Pause)
[2023-11-10T12:06:12.707-0800][77576339ms] GC(25303) Using 10 workers of 10 for evacuation
[2023-11-10T12:06:12.712-0800][77576344ms] GC(25303)   Pre Evacuate Collection Set: 0.0ms
[2023-11-10T12:06:12.712-0800][77576344ms] GC(25303)   Evacuate Collection Set: 1.7ms
[2023-11-10T12:06:12.712-0800][77576344ms] GC(25303)   Post Evacuate Collection Set: 2.9ms
[2023-11-10T12:06:12.712-0800][77576344ms] GC(25303)   Other: 0.3ms
[2023-11-10T12:06:12.712-0800][77576344ms] GC(25303) Eden regions: 158->0(158)
[2023-11-10T12:06:12.712-0800][77576344ms] GC(25303) Survivor regions: 1->1(20)
[2023-11-10T12:06:12.712-0800][77576344ms] GC(25303) Old regions: 1455->1455
[2023-11-10T12:06:12.712-0800][77576344ms] GC(25303) Humongous regions: 5->5
[2023-11-10T12:06:12.712-0800][77576344ms] GC(25303) Metaspace: 305043K->305043K(1349632K)
[2023-11-10T12:06:12.712-0800][77576344ms] GC(25303) Pause Young (Normal) (G1 Evacuation Pause) 3234M->2918M(3602M) 4.930ms
[2023-11-10T12:06:12.712-0800][77576344ms] GC(25303) User=0.00s Sys=0.00s Real=0.00s
[2023-11-10T12:06:13.063-0800][77576695ms] GC(25304) Pause Young (Normal) (G1 Evacuation Pause)
[2023-11-10T12:06:13.063-0800][77576695ms] GC(25304) Using 10 workers of 10 for evacuation
[2023-11-10T12:06:13.068-0800][77576700ms] GC(25304)   Pre Evacuate Collection Set: 0.0ms
[2023-11-10T12:06:13.068-0800][77576700ms] GC(25304)   Evacuate Collection Set: 1.7ms
[2023-11-10T12:06:13.068-0800][77576700ms] GC(25304)   Post Evacuate Collection Set: 3.1ms
[2023-11-10T12:06:13.068-0800][77576700ms] GC(25304)   Other: 0.2ms
[2023-11-10T12:06:13.068-0800][77576700ms] GC(25304) Eden regions: 158->0(158)
[2023-11-10T12:06:13.068-0800][77576700ms] GC(25304) Survivor regions: 1->1(20)
[2023-11-10T12:06:13.068-0800][77576700ms] GC(25304) Old regions: 1455->1455
[2023-11-10T12:06:13.068-0800][77576700ms] GC(25304) Humongous regions: 5->5
[2023-11-10T12:06:13.068-0800][77576700ms] GC(25304) Metaspace: 305043K->305043K(1349632K)
[2023-11-10T12:06:13.068-0800][77576700ms] GC(25304) Pause Young (Normal) (G1 Evacuation Pause) 3234M->2918M(3602M) 5.137ms
[2023-11-10T12:06:13.068-0800][77576700ms] GC(25304) User=0.00s Sys=0.00s Real=0.01s
[2023-11-10T12:06:13.451-0800][77577083ms] GC(25305) Pause Young (Normal) (G1 Evacuation Pause)
[2023-11-10T12:06:13.451-0800][77577083ms] GC(25305) Using 10 workers of 10 for evacuation
[2023-11-10T12:06:13.456-0800][77577088ms] GC(25305)   Pre Evacuate Collection Set: 0.0ms
[2023-11-10T12:06:13.456-0800][77577088ms] GC(25305)   Evacuate Collection Set: 1.7ms
[2023-11-10T12:06:13.456-0800][77577088ms] GC(25305)   Post Evacuate Collection Set: 3.1ms
[2023-11-10T12:06:13.456-0800][77577088ms] GC(25305)   Other: 0.3ms
[2023-11-10T12:06:13.456-0800][77577088ms] GC(25305) Eden regions: 158->0(158)
[2023-11-10T12:06:13.456-0800][77577088ms] GC(25305) Survivor regions: 1->1(20)
[2023-11-10T12:06:13.456-0800][77577088ms] GC(25305) Old regions: 1455->1455
[2023-11-10T12:06:13.456-0800][77577088ms] GC(25305) Humongous regions: 5->5
[2023-11-10T12:06:13.456-0800][77577088ms] GC(25305) Metaspace: 305043K->305043K(1349632K)
[2023-11-10T12:06:13.456-0800][77577088ms] GC(25305) Pause Young (Normal) (G1 Evacuation Pause) 3234M->2918M(3602M) 5.153ms
[2023-11-10T12:06:13.456-0800][77577088ms] GC(25305) User=0.00s Sys=0.00s Real=0.01s
[2023-11-10T12:06:13.817-0800][77577449ms] GC(25306) Pause Young (Normal) (G1 Evacuation Pause)
[2023-11-10T12:06:13.817-0800][77577449ms] GC(25306) Using 10 workers of 10 for evacuation
[2023-11-10T12:06:13.823-0800][77577455ms] GC(25306)   Pre Evacuate Collection Set: 0.0ms
[2023-11-10T12:06:13.823-0800][77577455ms] GC(25306)   Evacuate Collection Set: 1.7ms
[2023-11-10T12:06:13.823-0800][77577455ms] GC(25306)   Post Evacuate Collection Set: 4.4ms
[2023-11-10T12:06:13.823-0800][77577455ms] GC(25306)   Other: 0.3ms
[2023-11-10T12:06:13.823-0800][77577455ms] GC(25306) Eden regions: 158->0(158)
[2023-11-10T12:06:13.823-0800][77577455ms] GC(25306) Survivor regions: 1->1(20)
[2023-11-10T12:06:13.823-0800][77577455ms] GC(25306) Old regions: 1455->1455
[2023-11-10T12:06:13.823-0800][77577455ms] GC(25306) Humongous regions: 5->5
[2023-11-10T12:06:13.823-0800][77577455ms] GC(25306) Metaspace: 305043K->305043K(1349632K)
[2023-11-10T12:06:13.823-0800][77577455ms] GC(25306) Pause Young (Normal) (G1 Evacuation Pause) 3234M->2919M(3602M) 6.529ms
[2023-11-10T12:06:13.823-0800][77577455ms] GC(25306) User=0.02s Sys=0.00s Real=0.01s
[2023-11-10T12:06:14.189-0800][77577821ms] GC(25307) Pause Young (Normal) (G1 Evacuation Pause)
[2023-11-10T12:06:14.189-0800][77577821ms] GC(25307) Using 10 workers of 10 for evacuation
[2023-11-10T12:06:14.193-0800][77577825ms] GC(25307)   Pre Evacuate Collection Set: 0.0ms
[2023-11-10T12:06:14.193-0800][77577825ms] GC(25307)   Evacuate Collection Set: 1.6ms
[2023-11-10T12:06:14.193-0800][77577825ms] GC(25307)   Post Evacuate Collection Set: 2.9ms
[2023-11-10T12:06:14.194-0800][77577826ms] GC(25307)   Other: 0.2ms
[2023-11-10T12:06:14.194-0800][77577826ms] GC(25307) Eden regions: 158->0(158)
[2023-11-10T12:06:14.194-0800][77577826ms] GC(25307) Survivor regions: 1->1(20)
[2023-11-10T12:06:14.194-0800][77577826ms] GC(25307) Old regions: 1455->1455
[2023-11-10T12:06:14.194-0800][77577826ms] GC(25307) Humongous regions: 5->5
[2023-11-10T12:06:14.194-0800][77577826ms] GC(25307) Metaspace: 305043K->305043K(1349632K)
[2023-11-10T12:06:14.194-0800][77577826ms] GC(25307) Pause Young (Normal) (G1 Evacuation Pause) 3235M->2919M(3602M) 4.873ms
[2023-11-10T12:06:14.194-0800][77577826ms] GC(25307) User=0.00s Sys=0.00s Real=0.01s
[2023-11-10T12:06:14.580-0800][77578212ms] GC(25308) Pause Young (Normal) (G1 Evacuation Pause)
[2023-11-10T12:06:14.580-0800][77578212ms] GC(25308) Using 10 workers of 10 for evacuation
[2023-11-10T12:06:14.585-0800][77578217ms] GC(25308)   Pre Evacuate Collection Set: 0.0ms
[2023-11-10T12:06:14.585-0800][77578217ms] GC(25308)   Evacuate Collection Set: 1.6ms
[2023-11-10T12:06:14.585-0800][77578217ms] GC(25308)   Post Evacuate Collection Set: 3.2ms
[2023-11-10T12:06:14.585-0800][77578217ms] GC(25308)   Other: 0.2ms
[2023-11-10T12:06:14.585-0800][77578217ms] GC(25308) Eden regions: 158->0(158)
[2023-11-10T12:06:14.585-0800][77578217ms] GC(25308) Survivor regions: 1->1(20)
[2023-11-10T12:06:14.585-0800][77578217ms] GC(25308) Old regions: 1455->1455
[2023-11-10T12:06:14.585-0800][77578217ms] GC(25308) Humongous regions: 5->5
[2023-11-10T12:06:14.585-0800][77578217ms] GC(25308) Metaspace: 305043K->305043K(1349632K)
[2023-11-10T12:06:14.585-0800][77578217ms] GC(25308) Pause Young (Normal) (G1 Evacuation Pause) 3235M->2919M(3602M) 5.182ms
[2023-11-10T12:06:14.585-0800][77578217ms] GC(25308) User=0.00s Sys=0.00s Real=0.01s
[2023-11-10T12:06:14.937-0800][77578569ms] GC(25309) Pause Young (Normal) (G1 Evacuation Pause)
[2023-11-10T12:06:14.937-0800][77578569ms] GC(25309) Using 10 workers of 10 for evacuation
[2023-11-10T12:06:14.942-0800][77578574ms] GC(25309)   Pre Evacuate Collection Set: 0.0ms
[2023-11-10T12:06:14.942-0800][77578574ms] GC(25309)   Evacuate Collection Set: 1.7ms
[2023-11-10T12:06:14.942-0800][77578574ms] GC(25309)   Post Evacuate Collection Set: 3.1ms
[2023-11-10T12:06:14.942-0800][77578574ms] GC(25309)   Other: 0.2ms
[2023-11-10T12:06:14.942-0800][77578574ms] GC(25309) Eden regions: 158->0(158)
[2023-11-10T12:06:14.942-0800][77578574ms] GC(25309) Survivor regions: 1->1(20)
[2023-11-10T12:06:14.942-0800][77578574ms] GC(25309) Old regions: 1455->1455
[2023-11-10T12:06:14.942-0800][77578574ms] GC(25309) Humongous regions: 5->5
[2023-11-10T12:06:14.942-0800][77578574ms] GC(25309) Metaspace: 305043K->305043K(1349632K)
[2023-11-10T12:06:14.942-0800][77578574ms] GC(25309) Pause Young (Normal) (G1 Evacuation Pause) 3235M->2919M(3602M) 5.202ms
[2023-11-10T12:06:14.942-0800][77578574ms] GC(25309) User=0.00s Sys=0.00s Real=0.00s
[2023-11-10T12:06:15.415-0800][77579047ms] GC(25310) Pause Young (Normal) (G1 Evacuation Pause)
[2023-11-10T12:06:15.415-0800][77579047ms] GC(25310) Using 10 workers of 10 for evacuation
[2023-11-10T12:06:15.420-0800][77579052ms] GC(25310)   Pre Evacuate Collection Set: 0.0ms
[2023-11-10T12:06:15.420-0800][77579052ms] GC(25310)   Evacuate Collection Set: 1.7ms
[2023-11-10T12:06:15.420-0800][77579052ms] GC(25310)   Post Evacuate Collection Set: 3.2ms
[2023-11-10T12:06:15.420-0800][77579052ms] GC(25310)   Other: 0.2ms
[2023-11-10T12:06:15.420-0800][77579052ms] GC(25310) Eden regions: 158->0(158)
[2023-11-10T12:06:15.420-0800][77579052ms] GC(25310) Survivor regions: 1->1(20)
[2023-11-10T12:06:15.420-0800][77579052ms] GC(25310) Old regions: 1455->1455
[2023-11-10T12:06:15.420-0800][77579052ms] GC(25310) Humongous regions: 5->5
[2023-11-10T12:06:15.420-0800][77579052ms] GC(25310) Metaspace: 305043K->305043K(1349632K)
[2023-11-10T12:06:15.420-0800][77579052ms] GC(25310) Pause Young (Normal) (G1 Evacuation Pause) 3235M->2919M(3602M) 5.259ms
[2023-11-10T12:06:15.420-0800][77579052ms] GC(25310) User=0.00s Sys=0.00s Real=0.01s
[2023-11-10T12:06:15.812-0800][77579444ms] GC(25311) Pause Young (Normal) (G1 Evacuation Pause)
[2023-11-10T12:06:15.812-0800][77579444ms] GC(25311) Using 10 workers of 10 for evacuation
[2023-11-10T12:06:15.817-0800][77579449ms] GC(25311)   Pre Evacuate Collection Set: 0.0ms
[2023-11-10T12:06:15.817-0800][77579449ms] GC(25311)   Evacuate Collection Set: 1.7ms
[2023-11-10T12:06:15.817-0800][77579449ms] GC(25311)   Post Evacuate Collection Set: 3.3ms
[2023-11-10T12:06:15.817-0800][77579449ms] GC(25311)   Other: 0.2ms
[2023-11-10T12:06:15.817-0800][77579449ms] GC(25311) Eden regions: 158->0(158)
[2023-11-10T12:06:15.817-0800][77579449ms] GC(25311) Survivor regions: 1->1(20)
[2023-11-10T12:06:15.817-0800][77579449ms] GC(25311) Old regions: 1455->1455
[2023-11-10T12:06:15.817-0800][77579449ms] GC(25311) Humongous regions: 5->5
[2023-11-10T12:06:15.817-0800][77579449ms] GC(25311) Metaspace: 305043K->305043K(1349632K)
[2023-11-10T12:06:15.817-0800][77579449ms] GC(25311) Pause Young (Normal) (G1 Evacuation Pause) 3235M->2919M(3602M) 5.384ms
[2023-11-10T12:06:15.817-0800][77579449ms] GC(25311) User=0.00s Sys=0.00s Real=0.00s
[2023-11-10T12:06:16.198-0800][77579830ms] GC(25312) Pause Young (Normal) (G1 Evacuation Pause)
[2023-11-10T12:06:16.198-0800][77579830ms] GC(25312) Using 10 workers of 10 for evacuation
[2023-11-10T12:06:16.202-0800][77579834ms] GC(25312)   Pre Evacuate Collection Set: 0.0ms
[2023-11-10T12:06:16.203-0800][77579835ms] GC(25312)   Evacuate Collection Set: 1.7ms
[2023-11-10T12:06:16.203-0800][77579835ms] GC(25312)   Post Evacuate Collection Set: 3.0ms
[2023-11-10T12:06:16.203-0800][77579835ms] GC(25312)   Other: 0.2ms
[2023-11-10T12:06:16.203-0800][77579835ms] GC(25312) Eden regions: 158->0(158)
[2023-11-10T12:06:16.203-0800][77579835ms] GC(25312) Survivor regions: 1->1(20)
[2023-11-10T12:06:16.203-0800][77579835ms] GC(25312) Old regions: 1455->1455
[2023-11-10T12:06:16.203-0800][77579835ms] GC(25312) Humongous regions: 5->5
[2023-11-10T12:06:16.203-0800][77579835ms] GC(25312) Metaspace: 305043K->305043K(1349632K)
[2023-11-10T12:06:16.203-0800][77579835ms] GC(25312) Pause Young (Normal) (G1 Evacuation Pause) 3235M->2919M(3602M) 5.012ms
[2023-11-10T12:06:16.203-0800][77579835ms] GC(25312) User=0.00s Sys=0.00s Real=0.01s
[2023-11-10T12:06:16.610-0800][77580242ms] GC(25313) Pause Young (Normal) (G1 Evacuation Pause)
[2023-11-10T12:06:16.610-0800][77580242ms] GC(25313) Using 10 workers of 10 for evacuation
[2023-11-10T12:06:16.615-0800][77580247ms] GC(25313)   Pre Evacuate Collection Set: 0.0ms
[2023-11-10T12:06:16.615-0800][77580247ms] GC(25313)   Evacuate Collection Set: 1.7ms
[2023-11-10T12:06:16.615-0800][77580247ms] GC(25313)   Post Evacuate Collection Set: 3.4ms
[2023-11-10T12:06:16.615-0800][77580247ms] GC(25313)   Other: 0.4ms
[2023-11-10T12:06:16.615-0800][77580247ms] GC(25313) Eden regions: 158->0(158)
[2023-11-10T12:06:16.615-0800][77580247ms] GC(25313) Survivor regions: 1->1(20)
[2023-11-10T12:06:16.615-0800][77580247ms] GC(25313) Old regions: 1455->1455
[2023-11-10T12:06:16.615-0800][77580247ms] GC(25313) Humongous regions: 5->5
[2023-11-10T12:06:16.615-0800][77580247ms] GC(25313) Metaspace: 305043K->305043K(1349632K)
[2023-11-10T12:06:16.615-0800][77580247ms] GC(25313) Pause Young (Normal) (G1 Evacuation Pause) 3235M->2919M(3602M) 5.622ms
[2023-11-10T12:06:16.615-0800][77580247ms] GC(25313) User=0.00s Sys=0.00s Real=0.01s
[2023-11-10T12:06:16.991-0800][77580623ms] GC(25314) Pause Young (Normal) (G1 Evacuation Pause)
[2023-11-10T12:06:16.991-0800][77580623ms] GC(25314) Using 10 workers of 10 for evacuation
[2023-11-10T12:06:16.997-0800][77580629ms] GC(25314)   Pre Evacuate Collection Set: 0.1ms
[2023-11-10T12:06:16.997-0800][77580629ms] GC(25314)   Evacuate Collection Set: 1.7ms
[2023-11-10T12:06:16.997-0800][77580629ms] GC(25314)   Post Evacuate Collection Set: 4.4ms
[2023-11-10T12:06:16.997-0800][77580629ms] GC(25314)   Other: 0.3ms
[2023-11-10T12:06:16.997-0800][77580629ms] GC(25314) Eden regions: 158->0(158)
[2023-11-10T12:06:16.997-0800][77580629ms] GC(25314) Survivor regions: 1->1(20)
[2023-11-10T12:06:16.997-0800][77580629ms] GC(25314) Old regions: 1455->1455
[2023-11-10T12:06:16.997-0800][77580629ms] GC(25314) Humongous regions: 5->5
[2023-11-10T12:06:16.997-0800][77580629ms] GC(25314) Metaspace: 305043K->305043K(1349632K)
[2023-11-10T12:06:16.997-0800][77580629ms] GC(25314) Pause Young (Normal) (G1 Evacuation Pause) 3235M->2919M(3602M) 6.538ms
[2023-11-10T12:06:16.997-0800][77580629ms] GC(25314) User=0.00s Sys=0.00s Real=0.01s
[2023-11-10T12:06:17.411-0800][77581043ms] GC(25315) Pause Young (Normal) (G1 Evacuation Pause)
[2023-11-10T12:06:17.411-0800][77581043ms] GC(25315) Using 10 workers of 10 for evacuation
[2023-11-10T12:06:17.417-0800][77581049ms] GC(25315)   Pre Evacuate Collection Set: 0.0ms
[2023-11-10T12:06:17.417-0800][77581049ms] GC(25315)   Evacuate Collection Set: 1.6ms
[2023-11-10T12:06:17.417-0800][77581049ms] GC(25315)   Post Evacuate Collection Set: 3.0ms
[2023-11-10T12:06:17.417-0800][77581049ms] GC(25315)   Other: 0.2ms
[2023-11-10T12:06:17.417-0800][77581049ms] GC(25315) Eden regions: 158->0(158)
[2023-11-10T12:06:17.417-0800][77581049ms] GC(25315) Survivor regions: 1->1(20)
[2023-11-10T12:06:17.417-0800][77581049ms] GC(25315) Old regions: 1455->1455
[2023-11-10T12:06:17.417-0800][77581049ms] GC(25315) Humongous regions: 5->5
[2023-11-10T12:06:17.417-0800][77581049ms] GC(25315) Metaspace: 305043K->305043K(1349632K)
[2023-11-10T12:06:17.417-0800][77581049ms] GC(25315) Pause Young (Normal) (G1 Evacuation Pause) 3235M->2919M(3602M) 5.000ms
[2023-11-10T12:06:17.417-0800][77581049ms] GC(25315) User=0.00s Sys=0.00s Real=0.01s
[2023-11-10T12:06:17.827-0800][77581459ms] GC(25316) Pause Young (Normal) (G1 Evacuation Pause)
[2023-11-10T12:06:17.827-0800][77581459ms] GC(25316) Using 10 workers of 10 for evacuation
[2023-11-10T12:06:17.832-0800][77581464ms] GC(25316)   Pre Evacuate Collection Set: 0.0ms
[2023-11-10T12:06:17.832-0800][77581464ms] GC(25316)   Evacuate Collection Set: 1.5ms
[2023-11-10T12:06:17.832-0800][77581464ms] GC(25316)   Post Evacuate Collection Set: 3.0ms
[2023-11-10T12:06:17.832-0800][77581464ms] GC(25316)   Other: 0.2ms
[2023-11-10T12:06:17.832-0800][77581464ms] GC(25316) Eden regions: 158->0(158)
[2023-11-10T12:06:17.832-0800][77581464ms] GC(25316) Survivor regions: 1->1(20)
[2023-11-10T12:06:17.832-0800][77581464ms] GC(25316) Old regions: 1455->1455
[2023-11-10T12:06:17.832-0800][77581464ms] GC(25316) Humongous regions: 5->5
[2023-11-10T12:06:17.832-0800][77581464ms] GC(25316) Metaspace: 305043K->305043K(1349632K)
[2023-11-10T12:06:17.832-0800][77581464ms] GC(25316) Pause Young (Normal) (G1 Evacuation Pause) 3235M->2919M(3602M) 4.806ms
[2023-11-10T12:06:17.832-0800][77581464ms] GC(25316) User=0.00s Sys=0.00s Real=0.01s
[2023-11-10T12:06:18.165-0800][77581797ms] GC(25317) Pause Young (Normal) (G1 Evacuation Pause)
[2023-11-10T12:06:18.165-0800][77581797ms] GC(25317) Using 10 workers of 10 for evacuation
[2023-11-10T12:06:18.171-0800][77581803ms] GC(25317)   Pre Evacuate Collection Set: 0.0ms
[2023-11-10T12:06:18.171-0800][77581803ms] GC(25317)   Evacuate Collection Set: 2.1ms
[2023-11-10T12:06:18.171-0800][77581803ms] GC(25317)   Post Evacuate Collection Set: 3.0ms
[2023-11-10T12:06:18.171-0800][77581803ms] GC(25317)   Other: 0.2ms
[2023-11-10T12:06:18.171-0800][77581803ms] GC(25317) Eden regions: 158->0(158)
[2023-11-10T12:06:18.171-0800][77581803ms] GC(25317) Survivor regions: 1->1(20)
[2023-11-10T12:06:18.171-0800][77581803ms] GC(25317) Old regions: 1455->1455
[2023-11-10T12:06:18.171-0800][77581803ms] GC(25317) Humongous regions: 5->5
[2023-11-10T12:06:18.171-0800][77581803ms] GC(25317) Metaspace: 305043K->305043K(1349632K)
[2023-11-10T12:06:18.171-0800][77581803ms] GC(25317) Pause Young (Normal) (G1 Evacuation Pause) 3235M->2919M(3602M) 5.515ms
[2023-11-10T12:06:18.171-0800][77581803ms] GC(25317) User=0.00s Sys=0.00s Real=0.01s
[2023-11-10T12:06:18.512-0800][77582144ms] GC(25318) Pause Young (Normal) (G1 Evacuation Pause)
[2023-11-10T12:06:18.512-0800][77582144ms] GC(25318) Using 10 workers of 10 for evacuation
[2023-11-10T12:06:18.517-0800][77582149ms] GC(25318)   Pre Evacuate Collection Set: 0.0ms
[2023-11-10T12:06:18.517-0800][77582149ms] GC(25318)   Evacuate Collection Set: 1.6ms
[2023-11-10T12:06:18.517-0800][77582149ms] GC(25318)   Post Evacuate Collection Set: 3.0ms
[2023-11-10T12:06:18.517-0800][77582149ms] GC(25318)   Other: 0.2ms
[2023-11-10T12:06:18.517-0800][77582149ms] GC(25318) Eden regions: 158->0(158)
[2023-11-10T12:06:18.517-0800][77582149ms] GC(25318) Survivor regions: 1->1(20)
[2023-11-10T12:06:18.517-0800][77582149ms] GC(25318) Old regions: 1455->1455
[2023-11-10T12:06:18.517-0800][77582149ms] GC(25318) Humongous regions: 5->5
[2023-11-10T12:06:18.517-0800][77582149ms] GC(25318) Metaspace: 305043K->305043K(1349632K)
[2023-11-10T12:06:18.517-0800][77582149ms] GC(25318) Pause Young (Normal) (G1 Evacuation Pause) 3235M->2919M(3602M) 4.935ms
[2023-11-10T12:06:18.517-0800][77582149ms] GC(25318) User=0.00s Sys=0.00s Real=0.00s
[2023-11-10T12:06:18.861-0800][77582493ms] GC(25319) Pause Young (Normal) (G1 Evacuation Pause)
[2023-11-10T12:06:18.861-0800][77582493ms] GC(25319) Using 10 workers of 10 for evacuation
[2023-11-10T12:06:18.866-0800][77582498ms] GC(25319)   Pre Evacuate Collection Set: 0.0ms
[2023-11-10T12:06:18.866-0800][77582498ms] GC(25319)   Evacuate Collection Set: 1.6ms
[2023-11-10T12:06:18.866-0800][77582498ms] GC(25319)   Post Evacuate Collection Set: 2.9ms
[2023-11-10T12:06:18.866-0800][77582498ms] GC(25319)   Other: 0.3ms
[2023-11-10T12:06:18.866-0800][77582498ms] GC(25319) Eden regions: 158->0(158)
[2023-11-10T12:06:18.866-0800][77582498ms] GC(25319) Survivor regions: 1->1(20)
[2023-11-10T12:06:18.866-0800][77582498ms] GC(25319) Old regions: 1455->1455
[2023-11-10T12:06:18.866-0800][77582498ms] GC(25319) Humongous regions: 5->5
[2023-11-10T12:06:18.866-0800][77582498ms] GC(25319) Metaspace: 305043K->305043K(1349632K)
[2023-11-10T12:06:18.866-0800][77582498ms] GC(25319) Pause Young (Normal) (G1 Evacuation Pause) 3235M->2919M(3602M) 4.925ms
[2023-11-10T12:06:18.867-0800][77582499ms] GC(25319) User=0.00s Sys=0.00s Real=0.01s
[2023-11-10T12:06:19.222-0800][77582854ms] GC(25320) Pause Young (Normal) (G1 Evacuation Pause)
[2023-11-10T12:06:19.222-0800][77582854ms] GC(25320) Using 10 workers of 10 for evacuation
[2023-11-10T12:06:19.226-0800][77582858ms] GC(25320)   Pre Evacuate Collection Set: 0.0ms
[2023-11-10T12:06:19.226-0800][77582858ms] GC(25320)   Evacuate Collection Set: 1.6ms
[2023-11-10T12:06:19.226-0800][77582858ms] GC(25320)   Post Evacuate Collection Set: 3.0ms
[2023-11-10T12:06:19.226-0800][77582858ms] GC(25320)   Other: 0.3ms
[2023-11-10T12:06:19.226-0800][77582858ms] GC(25320) Eden regions: 158->0(158)
[2023-11-10T12:06:19.227-0800][77582859ms] GC(25320) Survivor regions: 1->1(20)
[2023-11-10T12:06:19.227-0800][77582859ms] GC(25320) Old regions: 1455->1455
[2023-11-10T12:06:19.227-0800][77582859ms] GC(25320) Humongous regions: 5->5
[2023-11-10T12:06:19.227-0800][77582859ms] GC(25320) Metaspace: 305043K->305043K(1349632K)
[2023-11-10T12:06:19.227-0800][77582859ms] GC(25320) Pause Young (Normal) (G1 Evacuation Pause) 3235M->2919M(3602M) 5.017ms
[2023-11-10T12:06:19.227-0800][77582859ms] GC(25320) User=0.00s Sys=0.00s Real=0.01s
[2023-11-10T12:06:19.583-0800][77583215ms] GC(25321) Pause Young (Normal) (G1 Evacuation Pause)
[2023-11-10T12:06:19.583-0800][77583215ms] GC(25321) Using 10 workers of 10 for evacuation
[2023-11-10T12:06:19.589-0800][77583221ms] GC(25321)   Pre Evacuate Collection Set: 0.0ms
[2023-11-10T12:06:19.589-0800][77583221ms] GC(25321)   Evacuate Collection Set: 1.7ms
[2023-11-10T12:06:19.589-0800][77583221ms] GC(25321)   Post Evacuate Collection Set: 3.7ms
[2023-11-10T12:06:19.589-0800][77583221ms] GC(25321)   Other: 0.3ms
[2023-11-10T12:06:19.589-0800][77583221ms] GC(25321) Eden regions: 158->0(158)
[2023-11-10T12:06:19.589-0800][77583221ms] GC(25321) Survivor regions: 1->1(20)
[2023-11-10T12:06:19.589-0800][77583221ms] GC(25321) Old regions: 1455->1455
[2023-11-10T12:06:19.589-0800][77583221ms] GC(25321) Humongous regions: 5->5
[2023-11-10T12:06:19.589-0800][77583221ms] GC(25321) Metaspace: 305043K->305043K(1349632K)
[2023-11-10T12:06:19.589-0800][77583221ms] GC(25321) Pause Young (Normal) (G1 Evacuation Pause) 3235M->2920M(3602M) 5.867ms
[2023-11-10T12:06:19.589-0800][77583221ms] GC(25321) User=0.00s Sys=0.00s Real=0.01s
[2023-11-10T12:06:19.943-0800][77583575ms] GC(25322) Pause Young (Normal) (G1 Evacuation Pause)
[2023-11-10T12:06:19.943-0800][77583575ms] GC(25322) Using 10 workers of 10 for evacuation
[2023-11-10T12:06:19.948-0800][77583580ms] GC(25322)   Pre Evacuate Collection Set: 0.0ms
[2023-11-10T12:06:19.948-0800][77583580ms] GC(25322)   Evacuate Collection Set: 1.6ms
[2023-11-10T12:06:19.948-0800][77583580ms] GC(25322)   Post Evacuate Collection Set: 3.2ms
[2023-11-10T12:06:19.948-0800][77583580ms] GC(25322)   Other: 0.2ms
[2023-11-10T12:06:19.948-0800][77583580ms] GC(25322) Eden regions: 158->0(158)
[2023-11-10T12:06:19.948-0800][77583580ms] GC(25322) Survivor regions: 1->1(20)
[2023-11-10T12:06:19.948-0800][77583580ms] GC(25322) Old regions: 1455->1455
[2023-11-10T12:06:19.948-0800][77583580ms] GC(25322) Humongous regions: 5->5
[2023-11-10T12:06:19.948-0800][77583580ms] GC(25322) Metaspace: 305043K->305043K(1349632K)
[2023-11-10T12:06:19.948-0800][77583580ms] GC(25322) Pause Young (Normal) (G1 Evacuation Pause) 3236M->2919M(3602M) 5.201ms
[2023-11-10T12:06:19.948-0800][77583580ms] GC(25322) User=0.00s Sys=0.00s Real=0.00s
[2023-11-10T12:06:20.333-0800][77583965ms] GC(25323) Pause Young (Normal) (G1 Evacuation Pause)
[2023-11-10T12:06:20.333-0800][77583965ms] GC(25323) Using 10 workers of 10 for evacuation
[2023-11-10T12:06:20.338-0800][77583970ms] GC(25323)   Pre Evacuate Collection Set: 0.0ms
[2023-11-10T12:06:20.338-0800][77583970ms] GC(25323)   Evacuate Collection Set: 1.6ms
[2023-11-10T12:06:20.338-0800][77583970ms] GC(25323)   Post Evacuate Collection Set: 3.2ms
[2023-11-10T12:06:20.338-0800][77583970ms] GC(25323)   Other: 0.2ms
[2023-11-10T12:06:20.338-0800][77583970ms] GC(25323) Eden regions: 158->0(158)
[2023-11-10T12:06:20.338-0800][77583970ms] GC(25323) Survivor regions: 1->1(20)
[2023-11-10T12:06:20.338-0800][77583970ms] GC(25323) Old regions: 1455->1455
[2023-11-10T12:06:20.338-0800][77583970ms] GC(25323) Humongous regions: 5->5
[2023-11-10T12:06:20.338-0800][77583970ms] GC(25323) Metaspace: 305043K->305043K(1349632K)
[2023-11-10T12:06:20.338-0800][77583970ms] GC(25323) Pause Young (Normal) (G1 Evacuation Pause) 3235M->2919M(3602M) 5.109ms
[2023-11-10T12:06:20.338-0800][77583970ms] GC(25323) User=0.02s Sys=0.00s Real=0.01s
[2023-11-10T12:06:20.698-0800][77584330ms] GC(25324) Pause Young (Normal) (G1 Evacuation Pause)
[2023-11-10T12:06:20.698-0800][77584330ms] GC(25324) Using 10 workers of 10 for evacuation
[2023-11-10T12:06:20.704-0800][77584336ms] GC(25324)   Pre Evacuate Collection Set: 0.0ms
[2023-11-10T12:06:20.704-0800][77584336ms] GC(25324)   Evacuate Collection Set: 1.8ms
[2023-11-10T12:06:20.704-0800][77584336ms] GC(25324)   Post Evacuate Collection Set: 3.3ms
[2023-11-10T12:06:20.704-0800][77584336ms] GC(25324)   Other: 0.3ms
[2023-11-10T12:06:20.704-0800][77584336ms] GC(25324) Eden regions: 158->0(158)
[2023-11-10T12:06:20.704-0800][77584336ms] GC(25324) Survivor regions: 1->1(20)
[2023-11-10T12:06:20.704-0800][77584336ms] GC(25324) Old regions: 1455->1455
[2023-11-10T12:06:20.704-0800][77584336ms] GC(25324) Humongous regions: 5->5
[2023-11-10T12:06:20.704-0800][77584336ms] GC(25324) Metaspace: 305043K->305043K(1349632K)
[2023-11-10T12:06:20.704-0800][77584336ms] GC(25324) Pause Young (Normal) (G1 Evacuation Pause) 3235M->2919M(3602M) 5.463ms
[2023-11-10T12:06:20.704-0800][77584336ms] GC(25324) User=0.00s Sys=0.00s Real=0.01s
[2023-11-10T12:06:21.094-0800][77584726ms] GC(25325) Pause Young (Normal) (G1 Evacuation Pause)
[2023-11-10T12:06:21.094-0800][77584726ms] GC(25325) Using 10 workers of 10 for evacuation
[2023-11-10T12:06:21.099-0800][77584731ms] GC(25325)   Pre Evacuate Collection Set: 0.0ms
[2023-11-10T12:06:21.099-0800][77584731ms] GC(25325)   Evacuate Collection Set: 1.7ms
[2023-11-10T12:06:21.099-0800][77584731ms] GC(25325)   Post Evacuate Collection Set: 3.2ms
[2023-11-10T12:06:21.099-0800][77584731ms] GC(25325)   Other: 0.3ms
[2023-11-10T12:06:21.099-0800][77584731ms] GC(25325) Eden regions: 158->0(158)
[2023-11-10T12:06:21.099-0800][77584731ms] GC(25325) Survivor regions: 1->1(20)
[2023-11-10T12:06:21.099-0800][77584731ms] GC(25325) Old regions: 1455->1455
[2023-11-10T12:06:21.099-0800][77584731ms] GC(25325) Humongous regions: 5->5
[2023-11-10T12:06:21.099-0800][77584731ms] GC(25325) Metaspace: 305043K->305043K(1349632K)
[2023-11-10T12:06:21.099-0800][77584731ms] GC(25325) Pause Young (Normal) (G1 Evacuation Pause) 3235M->2919M(3602M) 5.293ms
[2023-11-10T12:06:21.099-0800][77584731ms] GC(25325) User=0.00s Sys=0.00s Real=0.00s
[2023-11-10T12:06:21.547-0800][77585179ms] GC(25326) Pause Young (Normal) (G1 Evacuation Pause)
[2023-11-10T12:06:21.547-0800][77585179ms] GC(25326) Using 10 workers of 10 for evacuation
[2023-11-10T12:06:21.553-0800][77585185ms] GC(25326)   Pre Evacuate Collection Set: 0.1ms
[2023-11-10T12:06:21.553-0800][77585185ms] GC(25326)   Evacuate Collection Set: 1.7ms
[2023-11-10T12:06:21.553-0800][77585185ms] GC(25326)   Post Evacuate Collection Set: 4.3ms
[2023-11-10T12:06:21.553-0800][77585185ms] GC(25326)   Other: 0.3ms
[2023-11-10T12:06:21.553-0800][77585185ms] GC(25326) Eden regions: 158->0(158)
[2023-11-10T12:06:21.553-0800][77585185ms] GC(25326) Survivor regions: 1->1(20)
[2023-11-10T12:06:21.553-0800][77585185ms] GC(25326) Old regions: 1455->1455
[2023-11-10T12:06:21.553-0800][77585185ms] GC(25326) Humongous regions: 5->5
[2023-11-10T12:06:21.553-0800][77585185ms] GC(25326) Metaspace: 305043K->305043K(1349632K)
[2023-11-10T12:06:21.553-0800][77585185ms] GC(25326) Pause Young (Normal) (G1 Evacuation Pause) 3235M->2919M(3602M) 6.509ms
[2023-11-10T12:06:21.553-0800][77585185ms] GC(25326) User=0.00s Sys=0.00s Real=0.01s
[2023-11-10T12:06:21.881-0800][77585513ms] GC(25327) Pause Young (Normal) (G1 Evacuation Pause)
[2023-11-10T12:06:21.881-0800][77585513ms] GC(25327) Using 10 workers of 10 for evacuation
[2023-11-10T12:06:21.887-0800][77585519ms] GC(25327)   Pre Evacuate Collection Set: 0.1ms
[2023-11-10T12:06:21.887-0800][77585519ms] GC(25327)   Evacuate Collection Set: 1.8ms
[2023-11-10T12:06:21.887-0800][77585519ms] GC(25327)   Post Evacuate Collection Set: 4.0ms
[2023-11-10T12:06:21.887-0800][77585519ms] GC(25327)   Other: 0.4ms
[2023-11-10T12:06:21.887-0800][77585519ms] GC(25327) Eden regions: 158->0(158)
[2023-11-10T12:06:21.887-0800][77585519ms] GC(25327) Survivor regions: 1->1(20)
[2023-11-10T12:06:21.887-0800][77585519ms] GC(25327) Old regions: 1455->1455
[2023-11-10T12:06:21.887-0800][77585519ms] GC(25327) Humongous regions: 5->5
[2023-11-10T12:06:21.887-0800][77585519ms] GC(25327) Metaspace: 305043K->305043K(1349632K)
[2023-11-10T12:06:21.887-0800][77585519ms] GC(25327) Pause Young (Normal) (G1 Evacuation Pause) 3235M->2919M(3602M) 6.467ms
[2023-11-10T12:06:21.887-0800][77585519ms] GC(25327) User=0.13s Sys=0.00s Real=0.01s
[2023-11-10T12:06:22.272-0800][77585904ms] GC(25328) Pause Young (Normal) (G1 Evacuation Pause)
[2023-11-10T12:06:22.272-0800][77585904ms] GC(25328) Using 10 workers of 10 for evacuation
[2023-11-10T12:06:22.277-0800][77585909ms] GC(25328)   Pre Evacuate Collection Set: 0.0ms
[2023-11-10T12:06:22.277-0800][77585909ms] GC(25328)   Evacuate Collection Set: 1.6ms
[2023-11-10T12:06:22.277-0800][77585909ms] GC(25328)   Post Evacuate Collection Set: 3.2ms
[2023-11-10T12:06:22.277-0800][77585909ms] GC(25328)   Other: 0.3ms
[2023-11-10T12:06:22.277-0800][77585909ms] GC(25328) Eden regions: 158->0(158)
[2023-11-10T12:06:22.277-0800][77585909ms] GC(25328) Survivor regions: 1->1(20)
[2023-11-10T12:06:22.277-0800][77585909ms] GC(25328) Old regions: 1455->1455
[2023-11-10T12:06:22.277-0800][77585909ms] GC(25328) Humongous regions: 5->5
[2023-11-10T12:06:22.277-0800][77585909ms] GC(25328) Metaspace: 305043K->305043K(1349632K)
[2023-11-10T12:06:22.277-0800][77585909ms] GC(25328) Pause Young (Normal) (G1 Evacuation Pause) 3235M->2919M(3602M) 5.296ms
[2023-11-10T12:06:22.277-0800][77585909ms] GC(25328) User=0.06s Sys=0.00s Real=0.00s
[2023-11-10T12:06:22.641-0800][77586273ms] GC(25329) Pause Young (Normal) (G1 Evacuation Pause)
[2023-11-10T12:06:22.641-0800][77586273ms] GC(25329) Using 10 workers of 10 for evacuation
[2023-11-10T12:06:22.645-0800][77586277ms] GC(25329)   Pre Evacuate Collection Set: 0.0ms
[2023-11-10T12:06:22.645-0800][77586277ms] GC(25329)   Evacuate Collection Set: 1.7ms
[2023-11-10T12:06:22.645-0800][77586277ms] GC(25329)   Post Evacuate Collection Set: 3.1ms
[2023-11-10T12:06:22.645-0800][77586277ms] GC(25329)   Other: 0.2ms
[2023-11-10T12:06:22.645-0800][77586277ms] GC(25329) Eden regions: 158->0(158)
[2023-11-10T12:06:22.645-0800][77586277ms] GC(25329) Survivor regions: 1->1(20)
[2023-11-10T12:06:22.645-0800][77586277ms] GC(25329) Old regions: 1455->1455
[2023-11-10T12:06:22.645-0800][77586277ms] GC(25329) Humongous regions: 5->5
[2023-11-10T12:06:22.645-0800][77586277ms] GC(25329) Metaspace: 305043K->305043K(1349632K)
[2023-11-10T12:06:22.645-0800][77586277ms] GC(25329) Pause Young (Normal) (G1 Evacuation Pause) 3235M->2919M(3602M) 5.127ms
[2023-11-10T12:06:22.645-0800][77586277ms] GC(25329) User=0.00s Sys=0.00s Real=0.00s
[2023-11-10T12:06:23.000-0800][77586632ms] GC(25330) Pause Young (Normal) (G1 Evacuation Pause)
[2023-11-10T12:06:23.000-0800][77586632ms] GC(25330) Using 10 workers of 10 for evacuation
[2023-11-10T12:06:23.006-0800][77586638ms] GC(25330)   Pre Evacuate Collection Set: 0.0ms
[2023-11-10T12:06:23.006-0800][77586638ms] GC(25330)   Evacuate Collection Set: 1.6ms
[2023-11-10T12:06:23.006-0800][77586638ms] GC(25330)   Post Evacuate Collection Set: 3.2ms
[2023-11-10T12:06:23.006-0800][77586638ms] GC(25330)   Other: 0.2ms
[2023-11-10T12:06:23.006-0800][77586638ms] GC(25330) Eden regions: 158->0(158)
[2023-11-10T12:06:23.006-0800][77586638ms] GC(25330) Survivor regions: 1->1(20)
[2023-11-10T12:06:23.006-0800][77586638ms] GC(25330) Old regions: 1455->1455
[2023-11-10T12:06:23.006-0800][77586638ms] GC(25330) Humongous regions: 5->5
[2023-11-10T12:06:23.006-0800][77586638ms] GC(25330) Metaspace: 305043K->305043K(1349632K)
[2023-11-10T12:06:23.006-0800][77586638ms] GC(25330) Pause Young (Normal) (G1 Evacuation Pause) 3235M->2919M(3602M) 5.252ms
[2023-11-10T12:06:23.006-0800][77586638ms] GC(25330) User=0.00s Sys=0.00s Real=0.01s
[2023-11-10T12:06:23.373-0800][77587005ms] GC(25331) Pause Young (Normal) (G1 Evacuation Pause)
[2023-11-10T12:06:23.373-0800][77587005ms] GC(25331) Using 10 workers of 10 for evacuation
[2023-11-10T12:06:23.378-0800][77587010ms] GC(25331)   Pre Evacuate Collection Set: 0.0ms
[2023-11-10T12:06:23.378-0800][77587010ms] GC(25331)   Evacuate Collection Set: 1.6ms
[2023-11-10T12:06:23.378-0800][77587010ms] GC(25331)   Post Evacuate Collection Set: 3.0ms
[2023-11-10T12:06:23.378-0800][77587010ms] GC(25331)   Other: 0.2ms
[2023-11-10T12:06:23.378-0800][77587010ms] GC(25331) Eden regions: 158->0(158)
[2023-11-10T12:06:23.378-0800][77587010ms] GC(25331) Survivor regions: 1->1(20)
[2023-11-10T12:06:23.378-0800][77587010ms] GC(25331) Old regions: 1455->1455
[2023-11-10T12:06:23.378-0800][77587010ms] GC(25331) Humongous regions: 5->5
[2023-11-10T12:06:23.378-0800][77587010ms] GC(25331) Metaspace: 305043K->305043K(1349632K)
[2023-11-10T12:06:23.378-0800][77587010ms] GC(25331) Pause Young (Normal) (G1 Evacuation Pause) 3235M->2919M(3602M) 4.984ms
[2023-11-10T12:06:23.378-0800][77587010ms] GC(25331) User=0.00s Sys=0.00s Real=0.01s
[2023-11-10T12:06:23.770-0800][77587402ms] GC(25332) Pause Young (Normal) (G1 Evacuation Pause)
[2023-11-10T12:06:23.770-0800][77587402ms] GC(25332) Using 10 workers of 10 for evacuation
[2023-11-10T12:06:23.775-0800][77587407ms] GC(25332)   Pre Evacuate Collection Set: 0.0ms
[2023-11-10T12:06:23.775-0800][77587407ms] GC(25332)   Evacuate Collection Set: 1.6ms
[2023-11-10T12:06:23.775-0800][77587407ms] GC(25332)   Post Evacuate Collection Set: 3.0ms
[2023-11-10T12:06:23.775-0800][77587407ms] GC(25332)   Other: 0.3ms
[2023-11-10T12:06:23.775-0800][77587407ms] GC(25332) Eden regions: 158->0(158)
[2023-11-10T12:06:23.775-0800][77587407ms] GC(25332) Survivor regions: 1->1(20)
[2023-11-10T12:06:23.775-0800][77587407ms] GC(25332) Old regions: 1455->1455
[2023-11-10T12:06:23.775-0800][77587407ms] GC(25332) Humongous regions: 5->5
[2023-11-10T12:06:23.775-0800][77587407ms] GC(25332) Metaspace: 305043K->305043K(1349632K)
[2023-11-10T12:06:23.775-0800][77587407ms] GC(25332) Pause Young (Normal) (G1 Evacuation Pause) 3235M->2919M(3602M) 5.030ms
[2023-11-10T12:06:23.775-0800][77587407ms] GC(25332) User=0.02s Sys=0.00s Real=0.01s
[2023-11-10T12:06:24.144-0800][77587776ms] GC(25333) Pause Young (Normal) (GCLocker Initiated GC)
[2023-11-10T12:06:24.144-0800][77587776ms] GC(25333) Using 10 workers of 10 for evacuation
[2023-11-10T12:06:24.151-0800][77587783ms] GC(25333)   Pre Evacuate Collection Set: 0.0ms
[2023-11-10T12:06:24.151-0800][77587783ms] GC(25333)   Evacuate Collection Set: 1.8ms
[2023-11-10T12:06:24.151-0800][77587783ms] GC(25333)   Post Evacuate Collection Set: 4.5ms
[2023-11-10T12:06:24.151-0800][77587783ms] GC(25333)   Other: 0.3ms
[2023-11-10T12:06:24.151-0800][77587783ms] GC(25333) Eden regions: 159->0(158)
[2023-11-10T12:06:24.151-0800][77587783ms] GC(25333) Survivor regions: 1->1(20)
[2023-11-10T12:06:24.151-0800][77587783ms] GC(25333) Old regions: 1455->1455
[2023-11-10T12:06:24.151-0800][77587783ms] GC(25333) Humongous regions: 5->5
[2023-11-10T12:06:24.151-0800][77587783ms] GC(25333) Metaspace: 305043K->305043K(1349632K)
[2023-11-10T12:06:24.151-0800][77587783ms] GC(25333) Pause Young (Normal) (GCLocker Initiated GC) 3236M->2919M(3602M) 6.735ms
[2023-11-10T12:06:24.151-0800][77587783ms] GC(25333) User=0.02s Sys=0.00s Real=0.01s
[2023-11-10T12:06:24.495-0800][77588127ms] GC(25334) Pause Young (Normal) (GCLocker Initiated GC)
[2023-11-10T12:06:24.495-0800][77588127ms] GC(25334) Using 10 workers of 10 for evacuation
[2023-11-10T12:06:24.500-0800][77588132ms] GC(25334)   Pre Evacuate Collection Set: 0.0ms
[2023-11-10T12:06:24.500-0800][77588132ms] GC(25334)   Evacuate Collection Set: 1.6ms
[2023-11-10T12:06:24.500-0800][77588132ms] GC(25334)   Post Evacuate Collection Set: 3.1ms
[2023-11-10T12:06:24.500-0800][77588132ms] GC(25334)   Other: 0.2ms
[2023-11-10T12:06:24.500-0800][77588132ms] GC(25334) Eden regions: 159->0(158)
[2023-11-10T12:06:24.500-0800][77588132ms] GC(25334) Survivor regions: 1->1(20)
[2023-11-10T12:06:24.501-0800][77588133ms] GC(25334) Old regions: 1455->1455
[2023-11-10T12:06:24.501-0800][77588133ms] GC(25334) Humongous regions: 5->5
[2023-11-10T12:06:24.501-0800][77588133ms] GC(25334) Metaspace: 305043K->305043K(1349632K)
[2023-11-10T12:06:24.501-0800][77588133ms] GC(25334) Pause Young (Normal) (GCLocker Initiated GC) 3236M->2919M(3602M) 5.134ms
[2023-11-10T12:06:24.501-0800][77588133ms] GC(25334) User=0.00s Sys=0.00s Real=0.01s
[2023-11-10T12:06:24.874-0800][77588506ms] GC(25335) Pause Young (Normal) (GCLocker Initiated GC)
[2023-11-10T12:06:24.874-0800][77588506ms] GC(25335) Using 10 workers of 10 for evacuation
[2023-11-10T12:06:24.880-0800][77588512ms] GC(25335)   Pre Evacuate Collection Set: 0.0ms
[2023-11-10T12:06:24.880-0800][77588512ms] GC(25335)   Evacuate Collection Set: 1.9ms
[2023-11-10T12:06:24.880-0800][77588512ms] GC(25335)   Post Evacuate Collection Set: 3.2ms
[2023-11-10T12:06:24.880-0800][77588512ms] GC(25335)   Other: 0.3ms
[2023-11-10T12:06:24.880-0800][77588512ms] GC(25335) Eden regions: 159->0(158)
[2023-11-10T12:06:24.880-0800][77588512ms] GC(25335) Survivor regions: 1->1(20)
[2023-11-10T12:06:24.880-0800][77588512ms] GC(25335) Old regions: 1455->1455
[2023-11-10T12:06:24.880-0800][77588512ms] GC(25335) Humongous regions: 5->5
[2023-11-10T12:06:24.880-0800][77588512ms] GC(25335) Metaspace: 305043K->305043K(1349632K)
[2023-11-10T12:06:24.880-0800][77588512ms] GC(25335) Pause Young (Normal) (GCLocker Initiated GC) 3235M->2919M(3602M) 5.481ms
[2023-11-10T12:06:24.880-0800][77588512ms] GC(25335) User=0.00s Sys=0.00s Real=0.01s
[2023-11-10T12:06:25.294-0800][77588926ms] GC(25336) Pause Young (Normal) (GCLocker Initiated GC)
[2023-11-10T12:06:25.294-0800][77588926ms] GC(25336) Using 10 workers of 10 for evacuation
[2023-11-10T12:06:25.299-0800][77588931ms] GC(25336)   Pre Evacuate Collection Set: 0.0ms
[2023-11-10T12:06:25.299-0800][77588931ms] GC(25336)   Evacuate Collection Set: 1.8ms
[2023-11-10T12:06:25.299-0800][77588931ms] GC(25336)   Post Evacuate Collection Set: 3.6ms
[2023-11-10T12:06:25.299-0800][77588931ms] GC(25336)   Other: 0.3ms
[2023-11-10T12:06:25.299-0800][77588931ms] GC(25336) Eden regions: 159->0(158)
[2023-11-10T12:06:25.299-0800][77588931ms] GC(25336) Survivor regions: 1->1(20)
[2023-11-10T12:06:25.299-0800][77588931ms] GC(25336) Old regions: 1455->1455
[2023-11-10T12:06:25.299-0800][77588931ms] GC(25336) Humongous regions: 5->5
[2023-11-10T12:06:25.299-0800][77588931ms] GC(25336) Metaspace: 305043K->305043K(1349632K)
[2023-11-10T12:06:25.299-0800][77588931ms] GC(25336) Pause Young (Normal) (GCLocker Initiated GC) 3235M->2919M(3602M) 5.850ms
[2023-11-10T12:06:25.299-0800][77588931ms] GC(25336) User=0.00s Sys=0.00s Real=0.01s
[2023-11-10T12:06:25.643-0800][77589275ms] GC(25337) Pause Young (Normal) (GCLocker Initiated GC)
[2023-11-10T12:06:25.643-0800][77589275ms] GC(25337) Using 10 workers of 10 for evacuation
[2023-11-10T12:06:25.648-0800][77589280ms] GC(25337)   Pre Evacuate Collection Set: 0.1ms
[2023-11-10T12:06:25.648-0800][77589280ms] GC(25337)   Evacuate Collection Set: 1.8ms
[2023-11-10T12:06:25.648-0800][77589280ms] GC(25337)   Post Evacuate Collection Set: 3.2ms
[2023-11-10T12:06:25.648-0800][77589280ms] GC(25337)   Other: 0.2ms
[2023-11-10T12:06:25.648-0800][77589280ms] GC(25337) Eden regions: 159->0(158)
[2023-11-10T12:06:25.648-0800][77589280ms] GC(25337) Survivor regions: 1->1(20)
[2023-11-10T12:06:25.648-0800][77589280ms] GC(25337) Old regions: 1455->1455
[2023-11-10T12:06:25.648-0800][77589280ms] GC(25337) Humongous regions: 5->5
[2023-11-10T12:06:25.648-0800][77589280ms] GC(25337) Metaspace: 305043K->305043K(1349632K)
[2023-11-10T12:06:25.648-0800][77589280ms] GC(25337) Pause Young (Normal) (GCLocker Initiated GC) 3235M->2919M(3602M) 5.367ms
[2023-11-10T12:06:25.648-0800][77589280ms] GC(25337) User=0.00s Sys=0.00s Real=0.01s
[2023-11-10T12:06:26.056-0800][77589688ms] GC(25338) Pause Young (Normal) (G1 Evacuation Pause)
[2023-11-10T12:06:26.056-0800][77589688ms] GC(25338) Using 10 workers of 10 for evacuation
[2023-11-10T12:06:26.063-0800][77589695ms] GC(25338)   Pre Evacuate Collection Set: 0.0ms
[2023-11-10T12:06:26.063-0800][77589695ms] GC(25338)   Evacuate Collection Set: 2.1ms
[2023-11-10T12:06:26.063-0800][77589695ms] GC(25338)   Post Evacuate Collection Set: 4.0ms
[2023-11-10T12:06:26.063-0800][77589695ms] GC(25338)   Other: 0.3ms
[2023-11-10T12:06:26.063-0800][77589695ms] GC(25338) Eden regions: 158->0(158)
[2023-11-10T12:06:26.063-0800][77589695ms] GC(25338) Survivor regions: 1->1(20)
[2023-11-10T12:06:26.063-0800][77589695ms] GC(25338) Old regions: 1455->1455
[2023-11-10T12:06:26.063-0800][77589695ms] GC(25338) Humongous regions: 5->5
[2023-11-10T12:06:26.063-0800][77589695ms] GC(25338) Metaspace: 305043K->305043K(1349632K)
[2023-11-10T12:06:26.063-0800][77589695ms] GC(25338) Pause Young (Normal) (G1 Evacuation Pause) 3235M->2920M(3602M) 6.476ms
[2023-11-10T12:06:26.063-0800][77589695ms] GC(25338) User=0.00s Sys=0.00s Real=0.01s
[2023-11-10T12:06:26.455-0800][77590087ms] GC(25339) Pause Young (Normal) (G1 Evacuation Pause)
[2023-11-10T12:06:26.455-0800][77590087ms] GC(25339) Using 10 workers of 10 for evacuation
[2023-11-10T12:06:26.460-0800][77590092ms] GC(25339)   Pre Evacuate Collection Set: 0.0ms
[2023-11-10T12:06:26.460-0800][77590092ms] GC(25339)   Evacuate Collection Set: 1.6ms
[2023-11-10T12:06:26.460-0800][77590092ms] GC(25339)   Post Evacuate Collection Set: 3.0ms
[2023-11-10T12:06:26.460-0800][77590092ms] GC(25339)   Other: 0.3ms
[2023-11-10T12:06:26.460-0800][77590092ms] GC(25339) Eden regions: 158->0(158)
[2023-11-10T12:06:26.460-0800][77590092ms] GC(25339) Survivor regions: 1->1(20)
[2023-11-10T12:06:26.460-0800][77590092ms] GC(25339) Old regions: 1455->1455
[2023-11-10T12:06:26.460-0800][77590092ms] GC(25339) Humongous regions: 5->5
[2023-11-10T12:06:26.460-0800][77590092ms] GC(25339) Metaspace: 305043K->305043K(1349632K)
[2023-11-10T12:06:26.460-0800][77590092ms] GC(25339) Pause Young (Normal) (G1 Evacuation Pause) 3236M->2919M(3602M) 5.094ms
[2023-11-10T12:06:26.460-0800][77590092ms] GC(25339) User=0.00s Sys=0.00s Real=0.01s
[2023-11-10T12:06:26.842-0800][77590474ms] GC(25340) Pause Young (Normal) (G1 Evacuation Pause)
[2023-11-10T12:06:26.842-0800][77590474ms] GC(25340) Using 10 workers of 10 for evacuation
[2023-11-10T12:06:26.847-0800][77590479ms] GC(25340)   Pre Evacuate Collection Set: 0.0ms
[2023-11-10T12:06:26.847-0800][77590479ms] GC(25340)   Evacuate Collection Set: 1.7ms
[2023-11-10T12:06:26.847-0800][77590479ms] GC(25340)   Post Evacuate Collection Set: 3.1ms
[2023-11-10T12:06:26.847-0800][77590479ms] GC(25340)   Other: 0.3ms
[2023-11-10T12:06:26.847-0800][77590479ms] GC(25340) Eden regions: 158->0(158)
[2023-11-10T12:06:26.847-0800][77590479ms] GC(25340) Survivor regions: 1->1(20)
[2023-11-10T12:06:26.847-0800][77590479ms] GC(25340) Old regions: 1455->1455
[2023-11-10T12:06:26.847-0800][77590479ms] GC(25340) Humongous regions: 5->5
[2023-11-10T12:06:26.847-0800][77590479ms] GC(25340) Metaspace: 305043K->305043K(1349632K)
[2023-11-10T12:06:26.847-0800][77590479ms] GC(25340) Pause Young (Normal) (G1 Evacuation Pause) 3235M->2919M(3602M) 5.187ms
[2023-11-10T12:06:26.847-0800][77590479ms] GC(25340) User=0.00s Sys=0.00s Real=0.00s
[2023-11-10T12:06:27.219-0800][77590851ms] GC(25341) Pause Young (Normal) (G1 Evacuation Pause)
[2023-11-10T12:06:27.219-0800][77590851ms] GC(25341) Using 10 workers of 10 for evacuation
[2023-11-10T12:06:27.225-0800][77590857ms] GC(25341)   Pre Evacuate Collection Set: 0.0ms
[2023-11-10T12:06:27.225-0800][77590857ms] GC(25341)   Evacuate Collection Set: 1.7ms
[2023-11-10T12:06:27.225-0800][77590857ms] GC(25341)   Post Evacuate Collection Set: 3.1ms
[2023-11-10T12:06:27.225-0800][77590857ms] GC(25341)   Other: 0.3ms
[2023-11-10T12:06:27.225-0800][77590857ms] GC(25341) Eden regions: 158->0(158)
[2023-11-10T12:06:27.225-0800][77590857ms] GC(25341) Survivor regions: 1->1(20)
[2023-11-10T12:06:27.225-0800][77590857ms] GC(25341) Old regions: 1455->1455
[2023-11-10T12:06:27.225-0800][77590857ms] GC(25341) Humongous regions: 5->5
[2023-11-10T12:06:27.225-0800][77590857ms] GC(25341) Metaspace: 305043K->305043K(1349632K)
[2023-11-10T12:06:27.225-0800][77590857ms] GC(25341) Pause Young (Normal) (G1 Evacuation Pause) 3235M->2919M(3602M) 5.219ms
[2023-11-10T12:06:27.225-0800][77590857ms] GC(25341) User=0.00s Sys=0.00s Real=0.01s
[2023-11-10T12:06:27.640-0800][77591272ms] GC(25342) Pause Young (Normal) (G1 Evacuation Pause)
[2023-11-10T12:06:27.640-0800][77591272ms] GC(25342) Using 10 workers of 10 for evacuation
[2023-11-10T12:06:27.645-0800][77591277ms] GC(25342)   Pre Evacuate Collection Set: 0.0ms
[2023-11-10T12:06:27.645-0800][77591277ms] GC(25342)   Evacuate Collection Set: 1.6ms
[2023-11-10T12:06:27.645-0800][77591277ms] GC(25342)   Post Evacuate Collection Set: 3.6ms
[2023-11-10T12:06:27.645-0800][77591277ms] GC(25342)   Other: 0.4ms
[2023-11-10T12:06:27.645-0800][77591277ms] GC(25342) Eden regions: 158->0(158)
[2023-11-10T12:06:27.645-0800][77591277ms] GC(25342) Survivor regions: 1->1(20)
[2023-11-10T12:06:27.645-0800][77591277ms] GC(25342) Old regions: 1455->1455
[2023-11-10T12:06:27.645-0800][77591277ms] GC(25342) Humongous regions: 5->5
[2023-11-10T12:06:27.645-0800][77591277ms] GC(25342) Metaspace: 305043K->305043K(1349632K)
[2023-11-10T12:06:27.645-0800][77591277ms] GC(25342) Pause Young (Normal) (G1 Evacuation Pause) 3235M->2919M(3602M) 5.761ms
[2023-11-10T12:06:27.645-0800][77591277ms] GC(25342) User=0.00s Sys=0.00s Real=0.00s
[2023-11-10T12:06:28.012-0800][77591644ms] GC(25343) Pause Young (Normal) (G1 Evacuation Pause)
[2023-11-10T12:06:28.012-0800][77591644ms] GC(25343) Using 10 workers of 10 for evacuation
[2023-11-10T12:06:28.017-0800][77591649ms] GC(25343)   Pre Evacuate Collection Set: 0.0ms
[2023-11-10T12:06:28.017-0800][77591649ms] GC(25343)   Evacuate Collection Set: 1.6ms
[2023-11-10T12:06:28.017-0800][77591649ms] GC(25343)   Post Evacuate Collection Set: 3.0ms
[2023-11-10T12:06:28.017-0800][77591649ms] GC(25343)   Other: 0.3ms
[2023-11-10T12:06:28.017-0800][77591649ms] GC(25343) Eden regions: 158->0(158)
[2023-11-10T12:06:28.017-0800][77591649ms] GC(25343) Survivor regions: 1->1(20)
[2023-11-10T12:06:28.017-0800][77591649ms] GC(25343) Old regions: 1455->1455
[2023-11-10T12:06:28.017-0800][77591649ms] GC(25343) Humongous regions: 5->5
[2023-11-10T12:06:28.017-0800][77591649ms] GC(25343) Metaspace: 305043K->305043K(1349632K)
[2023-11-10T12:06:28.017-0800][77591649ms] GC(25343) Pause Young (Normal) (G1 Evacuation Pause) 3235M->2919M(3602M) 5.086ms
[2023-11-10T12:06:28.017-0800][77591649ms] GC(25343) User=0.00s Sys=0.00s Real=0.00s
[2023-11-10T12:06:28.409-0800][77592041ms] GC(25344) Pause Young (Normal) (G1 Evacuation Pause)
[2023-11-10T12:06:28.409-0800][77592041ms] GC(25344) Using 10 workers of 10 for evacuation
[2023-11-10T12:06:28.415-0800][77592047ms] GC(25344)   Pre Evacuate Collection Set: 0.0ms
[2023-11-10T12:06:28.415-0800][77592047ms] GC(25344)   Evacuate Collection Set: 2.0ms
[2023-11-10T12:06:28.415-0800][77592047ms] GC(25344)   Post Evacuate Collection Set: 3.7ms
[2023-11-10T12:06:28.415-0800][77592047ms] GC(25344)   Other: 0.3ms
[2023-11-10T12:06:28.415-0800][77592047ms] GC(25344) Eden regions: 158->0(158)
[2023-11-10T12:06:28.415-0800][77592047ms] GC(25344) Survivor regions: 1->1(20)
[2023-11-10T12:06:28.415-0800][77592047ms] GC(25344) Old regions: 1455->1455
[2023-11-10T12:06:28.415-0800][77592047ms] GC(25344) Humongous regions: 5->5
[2023-11-10T12:06:28.415-0800][77592047ms] GC(25344) Metaspace: 305043K->305043K(1349632K)
[2023-11-10T12:06:28.415-0800][77592047ms] GC(25344) Pause Young (Normal) (G1 Evacuation Pause) 3235M->2919M(3602M) 6.137ms
[2023-11-10T12:06:28.415-0800][77592047ms] GC(25344) User=0.00s Sys=0.00s Real=0.01s
[2023-11-10T12:06:28.816-0800][77592448ms] GC(25345) Pause Young (Normal) (G1 Evacuation Pause)
[2023-11-10T12:06:28.816-0800][77592448ms] GC(25345) Using 10 workers of 10 for evacuation
[2023-11-10T12:06:28.821-0800][77592453ms] GC(25345)   Pre Evacuate Collection Set: 0.0ms
[2023-11-10T12:06:28.821-0800][77592453ms] GC(25345)   Evacuate Collection Set: 1.7ms
[2023-11-10T12:06:28.821-0800][77592453ms] GC(25345)   Post Evacuate Collection Set: 3.2ms
[2023-11-10T12:06:28.821-0800][77592453ms] GC(25345)   Other: 0.2ms
[2023-11-10T12:06:28.821-0800][77592453ms] GC(25345) Eden regions: 158->0(158)
[2023-11-10T12:06:28.821-0800][77592453ms] GC(25345) Survivor regions: 1->1(20)
[2023-11-10T12:06:28.821-0800][77592453ms] GC(25345) Old regions: 1455->1455
[2023-11-10T12:06:28.821-0800][77592453ms] GC(25345) Humongous regions: 5->5
[2023-11-10T12:06:28.821-0800][77592453ms] GC(25345) Metaspace: 305043K->305043K(1349632K)
[2023-11-10T12:06:28.821-0800][77592453ms] GC(25345) Pause Young (Normal) (G1 Evacuation Pause) 3235M->2919M(3602M) 5.298ms
[2023-11-10T12:06:28.821-0800][77592453ms] GC(25345) User=0.02s Sys=0.00s Real=0.01s
[2023-11-10T12:06:29.241-0800][77592873ms] GC(25346) Pause Young (Normal) (G1 Evacuation Pause)
[2023-11-10T12:06:29.241-0800][77592873ms] GC(25346) Using 10 workers of 10 for evacuation
[2023-11-10T12:06:29.246-0800][77592878ms] GC(25346)   Pre Evacuate Collection Set: 0.0ms
[2023-11-10T12:06:29.246-0800][77592878ms] GC(25346)   Evacuate Collection Set: 1.7ms
[2023-11-10T12:06:29.246-0800][77592878ms] GC(25346)   Post Evacuate Collection Set: 3.2ms
[2023-11-10T12:06:29.246-0800][77592878ms] GC(25346)   Other: 0.2ms
[2023-11-10T12:06:29.246-0800][77592878ms] GC(25346) Eden regions: 158->0(158)
[2023-11-10T12:06:29.246-0800][77592878ms] GC(25346) Survivor regions: 1->1(20)
[2023-11-10T12:06:29.246-0800][77592878ms] GC(25346) Old regions: 1455->1455
[2023-11-10T12:06:29.246-0800][77592878ms] GC(25346) Humongous regions: 5->5
[2023-11-10T12:06:29.246-0800][77592878ms] GC(25346) Metaspace: 305043K->305043K(1349632K)
[2023-11-10T12:06:29.246-0800][77592878ms] GC(25346) Pause Young (Normal) (G1 Evacuation Pause) 3235M->2919M(3602M) 5.235ms
[2023-11-10T12:06:29.246-0800][77592878ms] GC(25346) User=0.00s Sys=0.00s Real=0.01s
[2023-11-10T12:06:29.695-0800][77593327ms] GC(25347) Pause Young (Normal) (G1 Evacuation Pause)
[2023-11-10T12:06:29.695-0800][77593327ms] GC(25347) Using 10 workers of 10 for evacuation
[2023-11-10T12:06:29.700-0800][77593332ms] GC(25347)   Pre Evacuate Collection Set: 0.0ms
[2023-11-10T12:06:29.700-0800][77593332ms] GC(25347)   Evacuate Collection Set: 1.7ms
[2023-11-10T12:06:29.700-0800][77593332ms] GC(25347)   Post Evacuate Collection Set: 2.9ms
[2023-11-10T12:06:29.700-0800][77593332ms] GC(25347)   Other: 0.3ms
[2023-11-10T12:06:29.700-0800][77593332ms] GC(25347) Eden regions: 158->0(158)
[2023-11-10T12:06:29.700-0800][77593332ms] GC(25347) Survivor regions: 1->1(20)
[2023-11-10T12:06:29.700-0800][77593332ms] GC(25347) Old regions: 1455->1455
[2023-11-10T12:06:29.700-0800][77593332ms] GC(25347) Humongous regions: 5->5
[2023-11-10T12:06:29.700-0800][77593332ms] GC(25347) Metaspace: 305043K->305043K(1349632K)
[2023-11-10T12:06:29.700-0800][77593332ms] GC(25347) Pause Young (Normal) (G1 Evacuation Pause) 3235M->2919M(3602M) 4.901ms
[2023-11-10T12:06:29.700-0800][77593332ms] GC(25347) User=0.00s Sys=0.00s Real=0.01s
[2023-11-10T12:06:30.055-0800][77593687ms] GC(25348) Pause Young (Normal) (G1 Evacuation Pause)
[2023-11-10T12:06:30.055-0800][77593687ms] GC(25348) Using 10 workers of 10 for evacuation
[2023-11-10T12:06:30.065-0800][77593697ms] GC(25348)   Pre Evacuate Collection Set: 0.0ms
[2023-11-10T12:06:30.065-0800][77593697ms] GC(25348)   Evacuate Collection Set: 1.7ms
[2023-11-10T12:06:30.065-0800][77593697ms] GC(25348)   Post Evacuate Collection Set: 8.1ms
[2023-11-10T12:06:30.065-0800][77593697ms] GC(25348)   Other: 0.3ms
[2023-11-10T12:06:30.065-0800][77593697ms] GC(25348) Eden regions: 158->0(158)
[2023-11-10T12:06:30.065-0800][77593697ms] GC(25348) Survivor regions: 1->1(20)
[2023-11-10T12:06:30.065-0800][77593697ms] GC(25348) Old regions: 1455->1455
[2023-11-10T12:06:30.065-0800][77593697ms] GC(25348) Humongous regions: 5->5
[2023-11-10T12:06:30.065-0800][77593697ms] GC(25348) Metaspace: 305043K->305043K(1349632K)
[2023-11-10T12:06:30.065-0800][77593697ms] GC(25348) Pause Young (Normal) (G1 Evacuation Pause) 3235M->2919M(3602M) 10.259ms
[2023-11-10T12:06:30.066-0800][77593698ms] GC(25348) User=0.00s Sys=0.00s Real=0.01s
[2023-11-10T12:06:30.466-0800][77594098ms] GC(25349) Pause Young (Normal) (G1 Evacuation Pause)
[2023-11-10T12:06:30.466-0800][77594098ms] GC(25349) Using 10 workers of 10 for evacuation
[2023-11-10T12:06:30.471-0800][77594103ms] GC(25349)   Pre Evacuate Collection Set: 0.0ms
[2023-11-10T12:06:30.471-0800][77594103ms] GC(25349)   Evacuate Collection Set: 1.6ms
[2023-11-10T12:06:30.471-0800][77594103ms] GC(25349)   Post Evacuate Collection Set: 3.0ms
[2023-11-10T12:06:30.471-0800][77594103ms] GC(25349)   Other: 0.2ms
[2023-11-10T12:06:30.471-0800][77594103ms] GC(25349) Eden regions: 158->0(158)
[2023-11-10T12:06:30.471-0800][77594103ms] GC(25349) Survivor regions: 1->1(20)
[2023-11-10T12:06:30.471-0800][77594103ms] GC(25349) Old regions: 1455->1455
[2023-11-10T12:06:30.471-0800][77594103ms] GC(25349) Humongous regions: 5->5
[2023-11-10T12:06:30.471-0800][77594103ms] GC(25349) Metaspace: 305043K->305043K(1349632K)
[2023-11-10T12:06:30.471-0800][77594103ms] GC(25349) Pause Young (Normal) (G1 Evacuation Pause) 3235M->2919M(3602M) 5.082ms
[2023-11-10T12:06:30.471-0800][77594103ms] GC(25349) User=0.00s Sys=0.00s Real=0.00s
[2023-11-10T12:06:30.866-0800][77594498ms] GC(25350) Pause Young (Normal) (G1 Evacuation Pause)
[2023-11-10T12:06:30.866-0800][77594498ms] GC(25350) Using 10 workers of 10 for evacuation
[2023-11-10T12:06:30.871-0800][77594503ms] GC(25350)   Pre Evacuate Collection Set: 0.0ms
[2023-11-10T12:06:30.871-0800][77594503ms] GC(25350)   Evacuate Collection Set: 1.7ms
[2023-11-10T12:06:30.871-0800][77594503ms] GC(25350)   Post Evacuate Collection Set: 3.1ms
[2023-11-10T12:06:30.871-0800][77594503ms] GC(25350)   Other: 0.3ms
[2023-11-10T12:06:30.871-0800][77594503ms] GC(25350) Eden regions: 158->0(158)
[2023-11-10T12:06:30.871-0800][77594503ms] GC(25350) Survivor regions: 1->1(20)
[2023-11-10T12:06:30.871-0800][77594503ms] GC(25350) Old regions: 1455->1455
[2023-11-10T12:06:30.871-0800][77594503ms] GC(25350) Humongous regions: 5->5
[2023-11-10T12:06:30.871-0800][77594503ms] GC(25350) Metaspace: 305043K->305043K(1349632K)
[2023-11-10T12:06:30.871-0800][77594503ms] GC(25350) Pause Young (Normal) (G1 Evacuation Pause) 3235M->2919M(3602M) 5.312ms
[2023-11-10T12:06:30.871-0800][77594503ms] GC(25350) User=0.00s Sys=0.00s Real=0.01s
[2023-11-10T12:06:31.205-0800][77594837ms] GC(25351) Pause Young (Normal) (G1 Evacuation Pause)
[2023-11-10T12:06:31.205-0800][77594837ms] GC(25351) Using 10 workers of 10 for evacuation
[2023-11-10T12:06:31.210-0800][77594842ms] GC(25351)   Pre Evacuate Collection Set: 0.0ms
[2023-11-10T12:06:31.210-0800][77594842ms] GC(25351)   Evacuate Collection Set: 1.6ms
[2023-11-10T12:06:31.210-0800][77594842ms] GC(25351)   Post Evacuate Collection Set: 2.9ms
[2023-11-10T12:06:31.210-0800][77594842ms] GC(25351)   Other: 0.2ms
[2023-11-10T12:06:31.210-0800][77594842ms] GC(25351) Eden regions: 158->0(158)
[2023-11-10T12:06:31.210-0800][77594842ms] GC(25351) Survivor regions: 1->1(20)
[2023-11-10T12:06:31.210-0800][77594842ms] GC(25351) Old regions: 1455->1455
[2023-11-10T12:06:31.210-0800][77594842ms] GC(25351) Humongous regions: 5->5
[2023-11-10T12:06:31.210-0800][77594842ms] GC(25351) Metaspace: 305043K->305043K(1349632K)
[2023-11-10T12:06:31.210-0800][77594842ms] GC(25351) Pause Young (Normal) (G1 Evacuation Pause) 3235M->2919M(3602M) 4.898ms
[2023-11-10T12:06:31.210-0800][77594842ms] GC(25351) User=0.02s Sys=0.00s Real=0.01s
[2023-11-10T12:06:31.602-0800][77595234ms] GC(25352) Pause Young (Normal) (G1 Evacuation Pause)
[2023-11-10T12:06:31.602-0800][77595234ms] GC(25352) Using 10 workers of 10 for evacuation
[2023-11-10T12:06:31.607-0800][77595239ms] GC(25352)   Pre Evacuate Collection Set: 0.0ms
[2023-11-10T12:06:31.607-0800][77595239ms] GC(25352)   Evacuate Collection Set: 1.7ms
[2023-11-10T12:06:31.607-0800][77595239ms] GC(25352)   Post Evacuate Collection Set: 3.1ms
[2023-11-10T12:06:31.607-0800][77595239ms] GC(25352)   Other: 0.3ms
[2023-11-10T12:06:31.607-0800][77595239ms] GC(25352) Eden regions: 158->0(158)
[2023-11-10T12:06:31.607-0800][77595239ms] GC(25352) Survivor regions: 1->1(20)
[2023-11-10T12:06:31.607-0800][77595239ms] GC(25352) Old regions: 1455->1455
[2023-11-10T12:06:31.607-0800][77595239ms] GC(25352) Humongous regions: 5->5
[2023-11-10T12:06:31.607-0800][77595239ms] GC(25352) Metaspace: 305043K->305043K(1349632K)
[2023-11-10T12:06:31.607-0800][77595239ms] GC(25352) Pause Young (Normal) (G1 Evacuation Pause) 3235M->2919M(3602M) 5.208ms
[2023-11-10T12:06:31.607-0800][77595239ms] GC(25352) User=0.00s Sys=0.00s Real=0.01s
[2023-11-10T12:06:31.924-0800][77595556ms] GC(25353) Pause Young (Normal) (G1 Evacuation Pause)
[2023-11-10T12:06:31.924-0800][77595556ms] GC(25353) Using 10 workers of 10 for evacuation
[2023-11-10T12:06:31.930-0800][77595562ms] GC(25353)   Pre Evacuate Collection Set: 0.1ms
[2023-11-10T12:06:31.930-0800][77595562ms] GC(25353)   Evacuate Collection Set: 1.8ms
[2023-11-10T12:06:31.930-0800][77595562ms] GC(25353)   Post Evacuate Collection Set: 4.6ms
[2023-11-10T12:06:31.930-0800][77595562ms] GC(25353)   Other: 0.4ms
[2023-11-10T12:06:31.930-0800][77595562ms] GC(25353) Eden regions: 158->0(158)
[2023-11-10T12:06:31.930-0800][77595562ms] GC(25353) Survivor regions: 1->1(20)
[2023-11-10T12:06:31.930-0800][77595562ms] GC(25353) Old regions: 1455->1455
[2023-11-10T12:06:31.930-0800][77595562ms] GC(25353) Humongous regions: 5->5
[2023-11-10T12:06:31.930-0800][77595562ms] GC(25353) Metaspace: 305043K->305043K(1349632K)
[2023-11-10T12:06:31.930-0800][77595562ms] GC(25353) Pause Young (Normal) (G1 Evacuation Pause) 3235M->2919M(3602M) 7.018ms
[2023-11-10T12:06:31.931-0800][77595563ms] GC(25353) User=0.03s Sys=0.00s Real=0.01s
[2023-11-10T12:06:32.280-0800][77595912ms] GC(25354) Pause Young (Normal) (G1 Evacuation Pause)
[2023-11-10T12:06:32.280-0800][77595912ms] GC(25354) Using 10 workers of 10 for evacuation
[2023-11-10T12:06:32.285-0800][77595917ms] GC(25354)   Pre Evacuate Collection Set: 0.0ms
[2023-11-10T12:06:32.285-0800][77595917ms] GC(25354)   Evacuate Collection Set: 1.7ms
[2023-11-10T12:06:32.285-0800][77595917ms] GC(25354)   Post Evacuate Collection Set: 3.2ms
[2023-11-10T12:06:32.285-0800][77595917ms] GC(25354)   Other: 0.3ms
[2023-11-10T12:06:32.285-0800][77595917ms] GC(25354) Eden regions: 158->0(158)
[2023-11-10T12:06:32.285-0800][77595917ms] GC(25354) Survivor regions: 1->1(20)
[2023-11-10T12:06:32.285-0800][77595917ms] GC(25354) Old regions: 1455->1455
[2023-11-10T12:06:32.285-0800][77595917ms] GC(25354) Humongous regions: 5->5
[2023-11-10T12:06:32.285-0800][77595917ms] GC(25354) Metaspace: 305043K->305043K(1349632K)
[2023-11-10T12:06:32.285-0800][77595917ms] GC(25354) Pause Young (Normal) (G1 Evacuation Pause) 3235M->2920M(3602M) 5.332ms
[2023-11-10T12:06:32.285-0800][77595917ms] GC(25354) User=0.00s Sys=0.00s Real=0.01s
[2023-11-10T12:06:32.692-0800][77596324ms] GC(25355) Pause Young (Normal) (G1 Evacuation Pause)
[2023-11-10T12:06:32.692-0800][77596324ms] GC(25355) Using 10 workers of 10 for evacuation
[2023-11-10T12:06:32.698-0800][77596330ms] GC(25355)   Pre Evacuate Collection Set: 0.1ms
[2023-11-10T12:06:32.698-0800][77596330ms] GC(25355)   Evacuate Collection Set: 1.8ms
[2023-11-10T12:06:32.698-0800][77596330ms] GC(25355)   Post Evacuate Collection Set: 4.3ms
[2023-11-10T12:06:32.699-0800][77596331ms] GC(25355)   Other: 0.3ms
[2023-11-10T12:06:32.699-0800][77596331ms] GC(25355) Eden regions: 158->0(158)
[2023-11-10T12:06:32.699-0800][77596331ms] GC(25355) Survivor regions: 1->1(20)
[2023-11-10T12:06:32.699-0800][77596331ms] GC(25355) Old regions: 1455->1455
[2023-11-10T12:06:32.699-0800][77596331ms] GC(25355) Humongous regions: 5->5
[2023-11-10T12:06:32.699-0800][77596331ms] GC(25355) Metaspace: 305043K->305043K(1349632K)
[2023-11-10T12:06:32.699-0800][77596331ms] GC(25355) Pause Young (Normal) (G1 Evacuation Pause) 3236M->2919M(3602M) 6.546ms
[2023-11-10T12:06:32.699-0800][77596331ms] GC(25355) User=0.02s Sys=0.00s Real=0.01s
[2023-11-10T12:06:33.121-0800][77596753ms] GC(25356) Pause Young (Normal) (G1 Evacuation Pause)
[2023-11-10T12:06:33.121-0800][77596753ms] GC(25356) Using 10 workers of 10 for evacuation
[2023-11-10T12:06:33.126-0800][77596758ms] GC(25356)   Pre Evacuate Collection Set: 0.0ms
[2023-11-10T12:06:33.126-0800][77596758ms] GC(25356)   Evacuate Collection Set: 1.6ms
[2023-11-10T12:06:33.126-0800][77596758ms] GC(25356)   Post Evacuate Collection Set: 3.0ms
[2023-11-10T12:06:33.126-0800][77596758ms] GC(25356)   Other: 0.3ms
[2023-11-10T12:06:33.126-0800][77596758ms] GC(25356) Eden regions: 158->0(158)
[2023-11-10T12:06:33.126-0800][77596758ms] GC(25356) Survivor regions: 1->1(20)
[2023-11-10T12:06:33.126-0800][77596758ms] GC(25356) Old regions: 1455->1455
[2023-11-10T12:06:33.126-0800][77596758ms] GC(25356) Humongous regions: 5->5
[2023-11-10T12:06:33.126-0800][77596758ms] GC(25356) Metaspace: 305043K->305043K(1349632K)
[2023-11-10T12:06:33.126-0800][77596758ms] GC(25356) Pause Young (Normal) (G1 Evacuation Pause) 3235M->2919M(3602M) 5.075ms
[2023-11-10T12:06:33.126-0800][77596758ms] GC(25356) User=0.00s Sys=0.00s Real=0.00s
[2023-11-10T12:06:33.546-0800][77597178ms] GC(25357) Pause Young (Normal) (G1 Evacuation Pause)
[2023-11-10T12:06:33.546-0800][77597178ms] GC(25357) Using 10 workers of 10 for evacuation
[2023-11-10T12:06:33.551-0800][77597183ms] GC(25357)   Pre Evacuate Collection Set: 0.0ms
[2023-11-10T12:06:33.551-0800][77597183ms] GC(25357)   Evacuate Collection Set: 1.6ms
[2023-11-10T12:06:33.551-0800][77597183ms] GC(25357)   Post Evacuate Collection Set: 3.1ms
[2023-11-10T12:06:33.551-0800][77597183ms] GC(25357)   Other: 0.3ms
[2023-11-10T12:06:33.551-0800][77597183ms] GC(25357) Eden regions: 158->0(158)
[2023-11-10T12:06:33.551-0800][77597183ms] GC(25357) Survivor regions: 1->1(20)
[2023-11-10T12:06:33.551-0800][77597183ms] GC(25357) Old regions: 1455->1455
[2023-11-10T12:06:33.551-0800][77597183ms] GC(25357) Humongous regions: 5->5
[2023-11-10T12:06:33.551-0800][77597183ms] GC(25357) Metaspace: 305043K->305043K(1349632K)
[2023-11-10T12:06:33.551-0800][77597183ms] GC(25357) Pause Young (Normal) (G1 Evacuation Pause) 3235M->2919M(3602M) 5.087ms
[2023-11-10T12:06:33.551-0800][77597183ms] GC(25357) User=0.00s Sys=0.00s Real=0.01s
[2023-11-10T12:06:33.912-0800][77597544ms] GC(25358) Pause Young (Normal) (G1 Evacuation Pause)
[2023-11-10T12:06:33.912-0800][77597544ms] GC(25358) Using 10 workers of 10 for evacuation
[2023-11-10T12:06:33.916-0800][77597548ms] GC(25358)   Pre Evacuate Collection Set: 0.0ms
[2023-11-10T12:06:33.917-0800][77597549ms] GC(25358)   Evacuate Collection Set: 1.7ms
[2023-11-10T12:06:33.917-0800][77597549ms] GC(25358)   Post Evacuate Collection Set: 3.0ms
[2023-11-10T12:06:33.917-0800][77597549ms] GC(25358)   Other: 0.3ms
[2023-11-10T12:06:33.917-0800][77597549ms] GC(25358) Eden regions: 158->0(158)
[2023-11-10T12:06:33.917-0800][77597549ms] GC(25358) Survivor regions: 1->1(20)
[2023-11-10T12:06:33.917-0800][77597549ms] GC(25358) Old regions: 1455->1455
[2023-11-10T12:06:33.917-0800][77597549ms] GC(25358) Humongous regions: 5->5
[2023-11-10T12:06:33.917-0800][77597549ms] GC(25358) Metaspace: 305043K->305043K(1349632K)
[2023-11-10T12:06:33.917-0800][77597549ms] GC(25358) Pause Young (Normal) (G1 Evacuation Pause) 3235M->2919M(3602M) 5.051ms
[2023-11-10T12:06:33.917-0800][77597549ms] GC(25358) User=0.00s Sys=0.00s Real=0.01s
[2023-11-10T12:06:34.266-0800][77597898ms] GC(25359) Pause Young (Normal) (G1 Evacuation Pause)
[2023-11-10T12:06:34.266-0800][77597898ms] GC(25359) Using 10 workers of 10 for evacuation
[2023-11-10T12:06:34.273-0800][77597905ms] GC(25359)   Pre Evacuate Collection Set: 0.0ms
[2023-11-10T12:06:34.273-0800][77597905ms] GC(25359)   Evacuate Collection Set: 2.0ms
[2023-11-10T12:06:34.273-0800][77597905ms] GC(25359)   Post Evacuate Collection Set: 4.6ms
[2023-11-10T12:06:34.274-0800][77597906ms] GC(25359)   Other: 0.3ms
[2023-11-10T12:06:34.274-0800][77597906ms] GC(25359) Eden regions: 158->0(158)
[2023-11-10T12:06:34.274-0800][77597906ms] GC(25359) Survivor regions: 1->1(20)
[2023-11-10T12:06:34.274-0800][77597906ms] GC(25359) Old regions: 1455->1455
[2023-11-10T12:06:34.274-0800][77597906ms] GC(25359) Humongous regions: 5->5
[2023-11-10T12:06:34.274-0800][77597906ms] GC(25359) Metaspace: 305043K->305043K(1349632K)
[2023-11-10T12:06:34.274-0800][77597906ms] GC(25359) Pause Young (Normal) (G1 Evacuation Pause) 3235M->2919M(3602M) 7.084ms
[2023-11-10T12:06:34.274-0800][77597906ms] GC(25359) User=0.00s Sys=0.00s Real=0.01s
[2023-11-10T12:06:34.719-0800][77598351ms] GC(25360) Pause Young (Normal) (G1 Evacuation Pause)
[2023-11-10T12:06:34.719-0800][77598351ms] GC(25360) Using 10 workers of 10 for evacuation
[2023-11-10T12:06:34.725-0800][77598357ms] GC(25360)   Pre Evacuate Collection Set: 0.0ms
[2023-11-10T12:06:34.725-0800][77598357ms] GC(25360)   Evacuate Collection Set: 1.6ms
[2023-11-10T12:06:34.725-0800][77598357ms] GC(25360)   Post Evacuate Collection Set: 3.4ms
[2023-11-10T12:06:34.725-0800][77598357ms] GC(25360)   Other: 0.3ms
[2023-11-10T12:06:34.725-0800][77598357ms] GC(25360) Eden regions: 158->0(158)
[2023-11-10T12:06:34.725-0800][77598357ms] GC(25360) Survivor regions: 1->1(20)
[2023-11-10T12:06:34.725-0800][77598357ms] GC(25360) Old regions: 1455->1455
[2023-11-10T12:06:34.725-0800][77598357ms] GC(25360) Humongous regions: 5->5
[2023-11-10T12:06:34.725-0800][77598357ms] GC(25360) Metaspace: 305043K->305043K(1349632K)
[2023-11-10T12:06:34.725-0800][77598357ms] GC(25360) Pause Young (Normal) (G1 Evacuation Pause) 3235M->2919M(3602M) 5.495ms
[2023-11-10T12:06:34.725-0800][77598357ms] GC(25360) User=0.00s Sys=0.00s Real=0.01s
[2023-11-10T12:06:35.144-0800][77598776ms] GC(25361) Pause Young (Normal) (G1 Evacuation Pause)
[2023-11-10T12:06:35.144-0800][77598776ms] GC(25361) Using 10 workers of 10 for evacuation
[2023-11-10T12:06:35.149-0800][77598781ms] GC(25361)   Pre Evacuate Collection Set: 0.0ms
[2023-11-10T12:06:35.149-0800][77598781ms] GC(25361)   Evacuate Collection Set: 1.6ms
[2023-11-10T12:06:35.149-0800][77598781ms] GC(25361)   Post Evacuate Collection Set: 3.1ms
[2023-11-10T12:06:35.149-0800][77598781ms] GC(25361)   Other: 0.3ms
[2023-11-10T12:06:35.149-0800][77598781ms] GC(25361) Eden regions: 158->0(158)
[2023-11-10T12:06:35.149-0800][77598781ms] GC(25361) Survivor regions: 1->1(20)
[2023-11-10T12:06:35.149-0800][77598781ms] GC(25361) Old regions: 1455->1455
[2023-11-10T12:06:35.149-0800][77598781ms] GC(25361) Humongous regions: 5->5
[2023-11-10T12:06:35.149-0800][77598781ms] GC(25361) Metaspace: 305043K->305043K(1349632K)
[2023-11-10T12:06:35.149-0800][77598781ms] GC(25361) Pause Young (Normal) (G1 Evacuation Pause) 3235M->2919M(3602M) 5.036ms
[2023-11-10T12:06:35.149-0800][77598781ms] GC(25361) User=0.00s Sys=0.00s Real=0.00s
[2023-11-10T12:06:35.582-0800][77599214ms] GC(25362) Pause Young (Normal) (G1 Evacuation Pause)
[2023-11-10T12:06:35.582-0800][77599214ms] GC(25362) Using 10 workers of 10 for evacuation
[2023-11-10T12:06:35.587-0800][77599219ms] GC(25362)   Pre Evacuate Collection Set: 0.0ms
[2023-11-10T12:06:35.587-0800][77599219ms] GC(25362)   Evacuate Collection Set: 1.7ms
[2023-11-10T12:06:35.587-0800][77599219ms] GC(25362)   Post Evacuate Collection Set: 3.3ms
[2023-11-10T12:06:35.587-0800][77599219ms] GC(25362)   Other: 0.3ms
[2023-11-10T12:06:35.587-0800][77599219ms] GC(25362) Eden regions: 158->0(158)
[2023-11-10T12:06:35.587-0800][77599219ms] GC(25362) Survivor regions: 1->1(20)
[2023-11-10T12:06:35.587-0800][77599219ms] GC(25362) Old regions: 1455->1455
[2023-11-10T12:06:35.587-0800][77599219ms] GC(25362) Humongous regions: 5->5
[2023-11-10T12:06:35.587-0800][77599219ms] GC(25362) Metaspace: 305043K->305043K(1349632K)
[2023-11-10T12:06:35.587-0800][77599219ms] GC(25362) Pause Young (Normal) (G1 Evacuation Pause) 3235M->2919M(3602M) 5.304ms
[2023-11-10T12:06:35.587-0800][77599219ms] GC(25362) User=0.02s Sys=0.00s Real=0.00s
[2023-11-10T12:06:35.974-0800][77599606ms] GC(25363) Pause Young (Normal) (G1 Evacuation Pause)
[2023-11-10T12:06:35.975-0800][77599607ms] GC(25363) Using 10 workers of 10 for evacuation
[2023-11-10T12:06:35.979-0800][77599611ms] GC(25363)   Pre Evacuate Collection Set: 0.1ms
[2023-11-10T12:06:35.979-0800][77599611ms] GC(25363)   Evacuate Collection Set: 1.7ms
[2023-11-10T12:06:35.979-0800][77599611ms] GC(25363)   Post Evacuate Collection Set: 3.0ms
[2023-11-10T12:06:35.979-0800][77599611ms] GC(25363)   Other: 0.3ms
[2023-11-10T12:06:35.979-0800][77599611ms] GC(25363) Eden regions: 158->0(158)
[2023-11-10T12:06:35.979-0800][77599611ms] GC(25363) Survivor regions: 1->1(20)
[2023-11-10T12:06:35.980-0800][77599612ms] GC(25363) Old regions: 1455->1455
[2023-11-10T12:06:35.980-0800][77599612ms] GC(25363) Humongous regions: 5->5
[2023-11-10T12:06:35.980-0800][77599612ms] GC(25363) Metaspace: 305043K->305043K(1349632K)
[2023-11-10T12:06:35.980-0800][77599612ms] GC(25363) Pause Young (Normal) (G1 Evacuation Pause) 3235M->2919M(3602M) 5.191ms
[2023-11-10T12:06:35.980-0800][77599612ms] GC(25363) User=0.09s Sys=0.00s Real=0.01s
[2023-11-10T12:06:36.353-0800][77599985ms] GC(25364) Pause Young (Normal) (G1 Evacuation Pause)
[2023-11-10T12:06:36.353-0800][77599985ms] GC(25364) Using 10 workers of 10 for evacuation
[2023-11-10T12:06:36.358-0800][77599990ms] GC(25364)   Pre Evacuate Collection Set: 0.0ms
[2023-11-10T12:06:36.358-0800][77599990ms] GC(25364)   Evacuate Collection Set: 2.0ms
[2023-11-10T12:06:36.358-0800][77599990ms] GC(25364)   Post Evacuate Collection Set: 3.0ms
[2023-11-10T12:06:36.358-0800][77599990ms] GC(25364)   Other: 0.3ms
[2023-11-10T12:06:36.358-0800][77599990ms] GC(25364) Eden regions: 158->0(158)
[2023-11-10T12:06:36.358-0800][77599990ms] GC(25364) Survivor regions: 1->1(20)
[2023-11-10T12:06:36.358-0800][77599990ms] GC(25364) Old regions: 1455->1455
[2023-11-10T12:06:36.358-0800][77599990ms] GC(25364) Humongous regions: 5->5
[2023-11-10T12:06:36.358-0800][77599990ms] GC(25364) Metaspace: 305043K->305043K(1349632K)
[2023-11-10T12:06:36.358-0800][77599990ms] GC(25364) Pause Young (Normal) (G1 Evacuation Pause) 3235M->2920M(3602M) 5.516ms
[2023-11-10T12:06:36.358-0800][77599990ms] GC(25364) User=0.00s Sys=0.00s Real=0.01s
[2023-11-10T12:06:36.742-0800][77600374ms] GC(25365) Pause Young (Normal) (G1 Evacuation Pause)
[2023-11-10T12:06:36.742-0800][77600374ms] GC(25365) Using 10 workers of 10 for evacuation
[2023-11-10T12:06:36.748-0800][77600380ms] GC(25365)   Pre Evacuate Collection Set: 0.0ms
[2023-11-10T12:06:36.748-0800][77600380ms] GC(25365)   Evacuate Collection Set: 1.8ms
[2023-11-10T12:06:36.748-0800][77600380ms] GC(25365)   Post Evacuate Collection Set: 4.2ms
[2023-11-10T12:06:36.748-0800][77600380ms] GC(25365)   Other: 0.3ms
[2023-11-10T12:06:36.748-0800][77600380ms] GC(25365) Eden regions: 158->0(158)
[2023-11-10T12:06:36.748-0800][77600380ms] GC(25365) Survivor regions: 1->1(20)
[2023-11-10T12:06:36.748-0800][77600380ms] GC(25365) Old regions: 1455->1455
[2023-11-10T12:06:36.748-0800][77600380ms] GC(25365) Humongous regions: 5->5
[2023-11-10T12:06:36.748-0800][77600380ms] GC(25365) Metaspace: 305043K->305043K(1349632K)
[2023-11-10T12:06:36.748-0800][77600380ms] GC(25365) Pause Young (Normal) (G1 Evacuation Pause) 3236M->2920M(3602M) 6.519ms
[2023-11-10T12:06:36.748-0800][77600380ms] GC(25365) User=0.00s Sys=0.00s Real=0.01s
[2023-11-10T12:06:37.157-0800][77600789ms] GC(25366) Pause Young (Normal) (G1 Evacuation Pause)
[2023-11-10T12:06:37.157-0800][77600789ms] GC(25366) Using 10 workers of 10 for evacuation
[2023-11-10T12:06:37.168-0800][77600800ms] GC(25366)   Pre Evacuate Collection Set: 0.0ms
[2023-11-10T12:06:37.168-0800][77600800ms] GC(25366)   Evacuate Collection Set: 6.7ms
[2023-11-10T12:06:37.168-0800][77600800ms] GC(25366)   Post Evacuate Collection Set: 4.4ms
[2023-11-10T12:06:37.168-0800][77600800ms] GC(25366)   Other: 0.3ms
[2023-11-10T12:06:37.168-0800][77600800ms] GC(25366) Eden regions: 158->0(158)
[2023-11-10T12:06:37.168-0800][77600800ms] GC(25366) Survivor regions: 1->1(20)
[2023-11-10T12:06:37.168-0800][77600800ms] GC(25366) Old regions: 1455->1455
[2023-11-10T12:06:37.168-0800][77600800ms] GC(25366) Humongous regions: 5->5
[2023-11-10T12:06:37.168-0800][77600800ms] GC(25366) Metaspace: 305043K->305043K(1349632K)
[2023-11-10T12:06:37.168-0800][77600800ms] GC(25366) Pause Young (Normal) (G1 Evacuation Pause) 3236M->2920M(3602M) 11.594ms
[2023-11-10T12:06:37.168-0800][77600800ms] GC(25366) User=0.00s Sys=0.02s Real=0.01s
[2023-11-10T12:06:37.558-0800][77601190ms] GC(25367) Pause Young (Normal) (G1 Evacuation Pause)
[2023-11-10T12:06:37.558-0800][77601190ms] GC(25367) Using 10 workers of 10 for evacuation
[2023-11-10T12:06:37.585-0800][77601217ms] GC(25367)   Pre Evacuate Collection Set: 0.0ms
[2023-11-10T12:06:37.585-0800][77601217ms] GC(25367)   Evacuate Collection Set: 22.4ms
[2023-11-10T12:06:37.585-0800][77601217ms] GC(25367)   Post Evacuate Collection Set: 4.4ms
[2023-11-10T12:06:37.585-0800][77601217ms] GC(25367)   Other: 0.3ms
[2023-11-10T12:06:37.585-0800][77601217ms] GC(25367) Eden regions: 158->0(158)
[2023-11-10T12:06:37.585-0800][77601217ms] GC(25367) Survivor regions: 1->1(20)
[2023-11-10T12:06:37.585-0800][77601217ms] GC(25367) Old regions: 1455->1455
[2023-11-10T12:06:37.585-0800][77601217ms] GC(25367) Humongous regions: 5->5
[2023-11-10T12:06:37.585-0800][77601217ms] GC(25367) Metaspace: 305043K->305043K(1349632K)
[2023-11-10T12:06:37.585-0800][77601217ms] GC(25367) Pause Young (Normal) (G1 Evacuation Pause) 3236M->2920M(3602M) 27.329ms
[2023-11-10T12:06:37.585-0800][77601217ms] GC(25367) User=0.00s Sys=0.00s Real=0.03s
[2023-11-10T12:06:37.951-0800][77601583ms] GC(25368) Pause Young (Normal) (G1 Evacuation Pause)
[2023-11-10T12:06:37.951-0800][77601583ms] GC(25368) Using 10 workers of 10 for evacuation
[2023-11-10T12:06:37.962-0800][77601594ms] GC(25368)   Pre Evacuate Collection Set: 0.0ms
[2023-11-10T12:06:37.962-0800][77601594ms] GC(25368)   Evacuate Collection Set: 6.8ms
[2023-11-10T12:06:37.962-0800][77601594ms] GC(25368)   Post Evacuate Collection Set: 3.0ms
[2023-11-10T12:06:37.962-0800][77601594ms] GC(25368)   Other: 0.3ms
[2023-11-10T12:06:37.962-0800][77601594ms] GC(25368) Eden regions: 158->0(158)
[2023-11-10T12:06:37.962-0800][77601594ms] GC(25368) Survivor regions: 1->1(20)
[2023-11-10T12:06:37.962-0800][77601594ms] GC(25368) Old regions: 1455->1455
[2023-11-10T12:06:37.962-0800][77601594ms] GC(25368) Humongous regions: 5->5
[2023-11-10T12:06:37.962-0800][77601594ms] GC(25368) Metaspace: 305043K->305043K(1349632K)
[2023-11-10T12:06:37.962-0800][77601594ms] GC(25368) Pause Young (Normal) (G1 Evacuation Pause) 3236M->2920M(3602M) 10.250ms
[2023-11-10T12:06:37.962-0800][77601594ms] GC(25368) User=0.02s Sys=0.00s Real=0.01s
[2023-11-10T12:06:38.340-0800][77601972ms] GC(25369) Pause Young (Normal) (G1 Evacuation Pause)
[2023-11-10T12:06:38.340-0800][77601972ms] GC(25369) Using 10 workers of 10 for evacuation
[2023-11-10T12:06:38.345-0800][77601977ms] GC(25369)   Pre Evacuate Collection Set: 0.0ms
[2023-11-10T12:06:38.345-0800][77601977ms] GC(25369)   Evacuate Collection Set: 1.7ms
[2023-11-10T12:06:38.345-0800][77601977ms] GC(25369)   Post Evacuate Collection Set: 3.3ms
[2023-11-10T12:06:38.345-0800][77601977ms] GC(25369)   Other: 0.3ms
[2023-11-10T12:06:38.345-0800][77601977ms] GC(25369) Eden regions: 158->0(157)
[2023-11-10T12:06:38.345-0800][77601977ms] GC(25369) Survivor regions: 1->1(20)
[2023-11-10T12:06:38.345-0800][77601977ms] GC(25369) Old regions: 1455->1455
[2023-11-10T12:06:38.345-0800][77601977ms] GC(25369) Humongous regions: 5->5
[2023-11-10T12:06:38.345-0800][77601977ms] GC(25369) Metaspace: 305043K->305043K(1349632K)
[2023-11-10T12:06:38.345-0800][77601977ms] GC(25369) Pause Young (Normal) (G1 Evacuation Pause) 3236M->2920M(3602M) 5.431ms
[2023-11-10T12:06:38.345-0800][77601977ms] GC(25369) User=0.00s Sys=0.00s Real=0.01s
[2023-11-10T12:06:38.718-0800][77602350ms] GC(25370) Pause Young (Normal) (G1 Evacuation Pause)
[2023-11-10T12:06:38.718-0800][77602350ms] GC(25370) Using 10 workers of 10 for evacuation
[2023-11-10T12:06:38.723-0800][77602355ms] GC(25370)   Pre Evacuate Collection Set: 0.0ms
[2023-11-10T12:06:38.723-0800][77602355ms] GC(25370)   Evacuate Collection Set: 1.8ms
[2023-11-10T12:06:38.723-0800][77602355ms] GC(25370)   Post Evacuate Collection Set: 2.9ms
[2023-11-10T12:06:38.723-0800][77602355ms] GC(25370)   Other: 0.3ms
[2023-11-10T12:06:38.723-0800][77602355ms] GC(25370) Eden regions: 157->0(157)
[2023-11-10T12:06:38.723-0800][77602355ms] GC(25370) Survivor regions: 1->1(20)
[2023-11-10T12:06:38.723-0800][77602355ms] GC(25370) Old regions: 1455->1455
[2023-11-10T12:06:38.723-0800][77602356ms] GC(25370) Humongous regions: 5->5
[2023-11-10T12:06:38.724-0800][77602356ms] GC(25370) Metaspace: 305043K->305043K(1349632K)
[2023-11-10T12:06:38.724-0800][77602356ms] GC(25370) Pause Young (Normal) (G1 Evacuation Pause) 3234M->2920M(3602M) 5.178ms
[2023-11-10T12:06:38.724-0800][77602356ms] GC(25370) User=0.00s Sys=0.00s Real=0.01s
[2023-11-10T12:06:39.154-0800][77602786ms] GC(25371) Pause Young (Normal) (G1 Evacuation Pause)
[2023-11-10T12:06:39.154-0800][77602786ms] GC(25371) Using 10 workers of 10 for evacuation
[2023-11-10T12:06:39.159-0800][77602791ms] GC(25371)   Pre Evacuate Collection Set: 0.0ms
[2023-11-10T12:06:39.159-0800][77602791ms] GC(25371)   Evacuate Collection Set: 1.6ms
[2023-11-10T12:06:39.159-0800][77602791ms] GC(25371)   Post Evacuate Collection Set: 3.1ms
[2023-11-10T12:06:39.159-0800][77602791ms] GC(25371)   Other: 0.3ms
[2023-11-10T12:06:39.159-0800][77602791ms] GC(25371) Eden regions: 157->0(157)
[2023-11-10T12:06:39.159-0800][77602791ms] GC(25371) Survivor regions: 1->1(20)
[2023-11-10T12:06:39.159-0800][77602791ms] GC(25371) Old regions: 1455->1455
[2023-11-10T12:06:39.159-0800][77602791ms] GC(25371) Humongous regions: 5->5
[2023-11-10T12:06:39.159-0800][77602791ms] GC(25371) Metaspace: 305043K->305043K(1349632K)
[2023-11-10T12:06:39.159-0800][77602791ms] GC(25371) Pause Young (Normal) (G1 Evacuation Pause) 3234M->2920M(3602M) 5.110ms
[2023-11-10T12:06:39.160-0800][77602792ms] GC(25371) User=0.00s Sys=0.00s Real=0.01s
[2023-11-10T12:06:39.565-0800][77603197ms] GC(25372) Pause Young (Normal) (G1 Evacuation Pause)
[2023-11-10T12:06:39.565-0800][77603197ms] GC(25372) Using 10 workers of 10 for evacuation
[2023-11-10T12:06:39.571-0800][77603203ms] GC(25372)   Pre Evacuate Collection Set: 0.0ms
[2023-11-10T12:06:39.571-0800][77603203ms] GC(25372)   Evacuate Collection Set: 1.7ms
[2023-11-10T12:06:39.571-0800][77603203ms] GC(25372)   Post Evacuate Collection Set: 3.3ms
[2023-11-10T12:06:39.571-0800][77603203ms] GC(25372)   Other: 0.2ms
[2023-11-10T12:06:39.571-0800][77603203ms] GC(25372) Eden regions: 157->0(157)
[2023-11-10T12:06:39.571-0800][77603203ms] GC(25372) Survivor regions: 1->1(20)
[2023-11-10T12:06:39.571-0800][77603203ms] GC(25372) Old regions: 1455->1455
[2023-11-10T12:06:39.571-0800][77603203ms] GC(25372) Humongous regions: 5->5
[2023-11-10T12:06:39.571-0800][77603203ms] GC(25372) Metaspace: 305043K->305043K(1349632K)
[2023-11-10T12:06:39.571-0800][77603203ms] GC(25372) Pause Young (Normal) (G1 Evacuation Pause) 3234M->2920M(3602M) 5.371ms
[2023-11-10T12:06:39.571-0800][77603203ms] GC(25372) User=0.00s Sys=0.00s Real=0.01s
[2023-11-10T12:06:39.915-0800][77603547ms] GC(25373) Pause Young (Normal) (G1 Evacuation Pause)
[2023-11-10T12:06:39.915-0800][77603547ms] GC(25373) Using 10 workers of 10 for evacuation
[2023-11-10T12:06:39.920-0800][77603552ms] GC(25373)   Pre Evacuate Collection Set: 0.1ms
[2023-11-10T12:06:39.920-0800][77603552ms] GC(25373)   Evacuate Collection Set: 1.6ms
[2023-11-10T12:06:39.920-0800][77603552ms] GC(25373)   Post Evacuate Collection Set: 3.0ms
[2023-11-10T12:06:39.920-0800][77603552ms] GC(25373)   Other: 0.3ms
[2023-11-10T12:06:39.920-0800][77603552ms] GC(25373) Eden regions: 157->0(157)
[2023-11-10T12:06:39.920-0800][77603552ms] GC(25373) Survivor regions: 1->1(20)
[2023-11-10T12:06:39.920-0800][77603552ms] GC(25373) Old regions: 1455->1455
[2023-11-10T12:06:39.920-0800][77603552ms] GC(25373) Humongous regions: 5->5
[2023-11-10T12:06:39.920-0800][77603552ms] GC(25373) Metaspace: 305043K->305043K(1349632K)
[2023-11-10T12:06:39.920-0800][77603552ms] GC(25373) Pause Young (Normal) (G1 Evacuation Pause) 3234M->2920M(3602M) 5.002ms
[2023-11-10T12:06:39.920-0800][77603552ms] GC(25373) User=0.00s Sys=0.00s Real=0.01s
[2023-11-10T12:06:40.282-0800][77603914ms] GC(25374) Pause Young (Normal) (G1 Evacuation Pause)
[2023-11-10T12:06:40.282-0800][77603914ms] GC(25374) Using 10 workers of 10 for evacuation
[2023-11-10T12:06:40.287-0800][77603919ms] GC(25374)   Pre Evacuate Collection Set: 0.1ms
[2023-11-10T12:06:40.287-0800][77603919ms] GC(25374)   Evacuate Collection Set: 1.6ms
[2023-11-10T12:06:40.287-0800][77603919ms] GC(25374)   Post Evacuate Collection Set: 3.1ms
[2023-11-10T12:06:40.287-0800][77603919ms] GC(25374)   Other: 0.3ms
[2023-11-10T12:06:40.287-0800][77603919ms] GC(25374) Eden regions: 157->0(157)
[2023-11-10T12:06:40.287-0800][77603919ms] GC(25374) Survivor regions: 1->1(20)
[2023-11-10T12:06:40.287-0800][77603919ms] GC(25374) Old regions: 1455->1455
[2023-11-10T12:06:40.287-0800][77603919ms] GC(25374) Humongous regions: 5->5
[2023-11-10T12:06:40.287-0800][77603919ms] GC(25374) Metaspace: 305043K->305043K(1349632K)
[2023-11-10T12:06:40.287-0800][77603919ms] GC(25374) Pause Young (Normal) (G1 Evacuation Pause) 3234M->2920M(3602M) 5.194ms
[2023-11-10T12:06:40.287-0800][77603919ms] GC(25374) User=0.00s Sys=0.00s Real=0.00s
[2023-11-10T12:06:40.701-0800][77604333ms] GC(25375) Pause Young (Normal) (G1 Evacuation Pause)
[2023-11-10T12:06:40.701-0800][77604333ms] GC(25375) Using 10 workers of 10 for evacuation
[2023-11-10T12:06:40.710-0800][77604342ms] GC(25375)   Pre Evacuate Collection Set: 0.1ms
[2023-11-10T12:06:40.710-0800][77604342ms] GC(25375)   Evacuate Collection Set: 2.2ms
[2023-11-10T12:06:40.710-0800][77604342ms] GC(25375)   Post Evacuate Collection Set: 6.1ms
[2023-11-10T12:06:40.710-0800][77604342ms] GC(25375)   Other: 0.5ms
[2023-11-10T12:06:40.710-0800][77604342ms] GC(25375) Eden regions: 157->0(157)
[2023-11-10T12:06:40.710-0800][77604342ms] GC(25375) Survivor regions: 1->1(20)
[2023-11-10T12:06:40.710-0800][77604342ms] GC(25375) Old regions: 1455->1455
[2023-11-10T12:06:40.710-0800][77604342ms] GC(25375) Humongous regions: 5->5
[2023-11-10T12:06:40.710-0800][77604342ms] GC(25375) Metaspace: 305043K->305043K(1349632K)
[2023-11-10T12:06:40.710-0800][77604342ms] GC(25375) Pause Young (Normal) (G1 Evacuation Pause) 3234M->2920M(3602M) 8.947ms
[2023-11-10T12:06:40.710-0800][77604342ms] GC(25375) User=0.00s Sys=0.00s Real=0.01s
[2023-11-10T12:06:41.033-0800][77604665ms] GC(25376) Pause Young (Normal) (G1 Evacuation Pause)
[2023-11-10T12:06:41.033-0800][77604666ms] GC(25376) Using 10 workers of 10 for evacuation
[2023-11-10T12:06:41.039-0800][77604671ms] GC(25376)   Pre Evacuate Collection Set: 0.0ms
[2023-11-10T12:06:41.039-0800][77604671ms] GC(25376)   Evacuate Collection Set: 1.7ms
[2023-11-10T12:06:41.039-0800][77604671ms] GC(25376)   Post Evacuate Collection Set: 3.0ms
[2023-11-10T12:06:41.039-0800][77604671ms] GC(25376)   Other: 0.2ms
[2023-11-10T12:06:41.039-0800][77604671ms] GC(25376) Eden regions: 157->0(157)
[2023-11-10T12:06:41.039-0800][77604671ms] GC(25376) Survivor regions: 1->1(20)
[2023-11-10T12:06:41.039-0800][77604671ms] GC(25376) Old regions: 1455->1455
[2023-11-10T12:06:41.039-0800][77604671ms] GC(25376) Humongous regions: 5->5
[2023-11-10T12:06:41.039-0800][77604671ms] GC(25376) Metaspace: 305043K->305043K(1349632K)
[2023-11-10T12:06:41.039-0800][77604671ms] GC(25376) Pause Young (Normal) (G1 Evacuation Pause) 3234M->2920M(3602M) 4.998ms
[2023-11-10T12:06:41.039-0800][77604671ms] GC(25376) User=0.00s Sys=0.00s Real=0.01s
[2023-11-10T12:06:41.401-0800][77605033ms] GC(25377) Pause Young (Normal) (G1 Evacuation Pause)
[2023-11-10T12:06:41.401-0800][77605033ms] GC(25377) Using 10 workers of 10 for evacuation
[2023-11-10T12:06:41.406-0800][77605038ms] GC(25377)   Pre Evacuate Collection Set: 0.0ms
[2023-11-10T12:06:41.406-0800][77605038ms] GC(25377)   Evacuate Collection Set: 1.7ms
[2023-11-10T12:06:41.406-0800][77605038ms] GC(25377)   Post Evacuate Collection Set: 2.9ms
[2023-11-10T12:06:41.406-0800][77605038ms] GC(25377)   Other: 0.3ms
[2023-11-10T12:06:41.406-0800][77605038ms] GC(25377) Eden regions: 157->0(157)
[2023-11-10T12:06:41.406-0800][77605038ms] GC(25377) Survivor regions: 1->1(20)
[2023-11-10T12:06:41.406-0800][77605038ms] GC(25377) Old regions: 1455->1455
[2023-11-10T12:06:41.406-0800][77605038ms] GC(25377) Humongous regions: 5->5
[2023-11-10T12:06:41.406-0800][77605038ms] GC(25377) Metaspace: 305043K->305043K(1349632K)
[2023-11-10T12:06:41.406-0800][77605038ms] GC(25377) Pause Young (Normal) (G1 Evacuation Pause) 3234M->2920M(3602M) 5.058ms
[2023-11-10T12:06:41.406-0800][77605038ms] GC(25377) User=0.00s Sys=0.00s Real=0.00s
[2023-11-10T12:06:41.812-0800][77605444ms] GC(25378) Pause Young (Normal) (G1 Evacuation Pause)
[2023-11-10T12:06:41.813-0800][77605445ms] GC(25378) Using 10 workers of 10 for evacuation
[2023-11-10T12:06:41.818-0800][77605450ms] GC(25378)   Pre Evacuate Collection Set: 0.0ms
[2023-11-10T12:06:41.818-0800][77605450ms] GC(25378)   Evacuate Collection Set: 1.6ms
[2023-11-10T12:06:41.818-0800][77605450ms] GC(25378)   Post Evacuate Collection Set: 3.3ms
[2023-11-10T12:06:41.818-0800][77605450ms] GC(25378)   Other: 0.3ms
[2023-11-10T12:06:41.818-0800][77605450ms] GC(25378) Eden regions: 157->0(157)
[2023-11-10T12:06:41.818-0800][77605450ms] GC(25378) Survivor regions: 1->1(20)
[2023-11-10T12:06:41.818-0800][77605450ms] GC(25378) Old regions: 1455->1455
[2023-11-10T12:06:41.818-0800][77605450ms] GC(25378) Humongous regions: 5->5
[2023-11-10T12:06:41.818-0800][77605450ms] GC(25378) Metaspace: 305043K->305043K(1349632K)
[2023-11-10T12:06:41.818-0800][77605450ms] GC(25378) Pause Young (Normal) (G1 Evacuation Pause) 3234M->2920M(3602M) 5.282ms
[2023-11-10T12:06:41.818-0800][77605450ms] GC(25378) User=0.00s Sys=0.00s Real=0.01s
[2023-11-10T12:06:42.263-0800][77605895ms] GC(25379) Pause Young (Normal) (G1 Evacuation Pause)
[2023-11-10T12:06:42.263-0800][77605895ms] GC(25379) Using 10 workers of 10 for evacuation
[2023-11-10T12:06:42.269-0800][77605901ms] GC(25379)   Pre Evacuate Collection Set: 0.0ms
[2023-11-10T12:06:42.269-0800][77605901ms] GC(25379)   Evacuate Collection Set: 1.7ms
[2023-11-10T12:06:42.269-0800][77605901ms] GC(25379)   Post Evacuate Collection Set: 3.4ms
[2023-11-10T12:06:42.269-0800][77605901ms] GC(25379)   Other: 0.3ms
[2023-11-10T12:06:42.269-0800][77605901ms] GC(25379) Eden regions: 157->0(157)
[2023-11-10T12:06:42.269-0800][77605901ms] GC(25379) Survivor regions: 1->1(20)
[2023-11-10T12:06:42.269-0800][77605901ms] GC(25379) Old regions: 1455->1456
[2023-11-10T12:06:42.269-0800][77605901ms] GC(25379) Humongous regions: 5->5
[2023-11-10T12:06:42.269-0800][77605901ms] GC(25379) Metaspace: 305043K->305043K(1349632K)
[2023-11-10T12:06:42.269-0800][77605901ms] GC(25379) Pause Young (Normal) (G1 Evacuation Pause) 3234M->2920M(3602M) 5.641ms
[2023-11-10T12:06:42.269-0800][77605901ms] GC(25379) User=0.00s Sys=0.00s Real=0.01s
[2023-11-10T12:06:42.718-0800][77606350ms] GC(25380) Pause Young (Normal) (G1 Evacuation Pause)
[2023-11-10T12:06:42.718-0800][77606350ms] GC(25380) Using 10 workers of 10 for evacuation
[2023-11-10T12:06:42.723-0800][77606355ms] GC(25380)   Pre Evacuate Collection Set: 0.0ms
[2023-11-10T12:06:42.723-0800][77606355ms] GC(25380)   Evacuate Collection Set: 1.9ms
[2023-11-10T12:06:42.723-0800][77606355ms] GC(25380)   Post Evacuate Collection Set: 3.4ms
[2023-11-10T12:06:42.723-0800][77606355ms] GC(25380)   Other: 0.3ms
[2023-11-10T12:06:42.723-0800][77606355ms] GC(25380) Eden regions: 157->0(157)
[2023-11-10T12:06:42.723-0800][77606355ms] GC(25380) Survivor regions: 1->1(20)
[2023-11-10T12:06:42.723-0800][77606355ms] GC(25380) Old regions: 1456->1456
[2023-11-10T12:06:42.723-0800][77606355ms] GC(25380) Humongous regions: 5->5
[2023-11-10T12:06:42.723-0800][77606355ms] GC(25380) Metaspace: 305043K->305043K(1349632K)
[2023-11-10T12:06:42.723-0800][77606355ms] GC(25380) Pause Young (Normal) (G1 Evacuation Pause) 3234M->2920M(3602M) 5.721ms
[2023-11-10T12:06:42.723-0800][77606355ms] GC(25380) User=0.00s Sys=0.00s Real=0.01s
[2023-11-10T12:06:43.112-0800][77606744ms] GC(25381) Pause Young (Normal) (G1 Evacuation Pause)
[2023-11-10T12:06:43.112-0800][77606744ms] GC(25381) Using 10 workers of 10 for evacuation
[2023-11-10T12:06:43.117-0800][77606749ms] GC(25381)   Pre Evacuate Collection Set: 0.0ms
[2023-11-10T12:06:43.117-0800][77606749ms] GC(25381)   Evacuate Collection Set: 1.6ms
[2023-11-10T12:06:43.117-0800][77606749ms] GC(25381)   Post Evacuate Collection Set: 3.0ms
[2023-11-10T12:06:43.117-0800][77606749ms] GC(25381)   Other: 0.3ms
[2023-11-10T12:06:43.117-0800][77606749ms] GC(25381) Eden regions: 157->0(157)
[2023-11-10T12:06:43.117-0800][77606749ms] GC(25381) Survivor regions: 1->1(20)
[2023-11-10T12:06:43.117-0800][77606749ms] GC(25381) Old regions: 1456->1456
[2023-11-10T12:06:43.117-0800][77606749ms] GC(25381) Humongous regions: 5->5
[2023-11-10T12:06:43.117-0800][77606749ms] GC(25381) Metaspace: 305043K->305043K(1349632K)
[2023-11-10T12:06:43.117-0800][77606749ms] GC(25381) Pause Young (Normal) (G1 Evacuation Pause) 3234M->2920M(3602M) 5.017ms
[2023-11-10T12:06:43.117-0800][77606749ms] GC(25381) User=0.00s Sys=0.00s Real=0.01s
[2023-11-10T12:06:43.502-0800][77607134ms] GC(25382) Pause Young (Normal) (G1 Evacuation Pause)
[2023-11-10T12:06:43.502-0800][77607134ms] GC(25382) Using 10 workers of 10 for evacuation
[2023-11-10T12:06:43.507-0800][77607139ms] GC(25382)   Pre Evacuate Collection Set: 0.1ms
[2023-11-10T12:06:43.507-0800][77607139ms] GC(25382)   Evacuate Collection Set: 1.7ms
[2023-11-10T12:06:43.507-0800][77607139ms] GC(25382)   Post Evacuate Collection Set: 3.1ms
[2023-11-10T12:06:43.507-0800][77607139ms] GC(25382)   Other: 0.3ms
[2023-11-10T12:06:43.508-0800][77607140ms] GC(25382) Eden regions: 157->0(157)
[2023-11-10T12:06:43.508-0800][77607140ms] GC(25382) Survivor regions: 1->1(20)
[2023-11-10T12:06:43.508-0800][77607140ms] GC(25382) Old regions: 1456->1456
[2023-11-10T12:06:43.508-0800][77607140ms] GC(25382) Humongous regions: 5->5
[2023-11-10T12:06:43.508-0800][77607140ms] GC(25382) Metaspace: 305043K->305043K(1349632K)
[2023-11-10T12:06:43.508-0800][77607140ms] GC(25382) Pause Young (Normal) (G1 Evacuation Pause) 3234M->2920M(3602M) 5.400ms
[2023-11-10T12:06:43.508-0800][77607140ms] GC(25382) User=0.00s Sys=0.00s Real=0.01s
[2023-11-10T12:06:43.922-0800][77607554ms] GC(25383) Pause Young (Normal) (G1 Evacuation Pause)
[2023-11-10T12:06:43.922-0800][77607554ms] GC(25383) Using 10 workers of 10 for evacuation
[2023-11-10T12:06:43.928-0800][77607560ms] GC(25383)   Pre Evacuate Collection Set: 0.0ms
[2023-11-10T12:06:43.928-0800][77607560ms] GC(25383)   Evacuate Collection Set: 1.7ms
[2023-11-10T12:06:43.928-0800][77607560ms] GC(25383)   Post Evacuate Collection Set: 3.3ms
[2023-11-10T12:06:43.928-0800][77607560ms] GC(25383)   Other: 0.3ms
[2023-11-10T12:06:43.928-0800][77607560ms] GC(25383) Eden regions: 157->0(157)
[2023-11-10T12:06:43.928-0800][77607560ms] GC(25383) Survivor regions: 1->1(20)
[2023-11-10T12:06:43.928-0800][77607560ms] GC(25383) Old regions: 1456->1456
[2023-11-10T12:06:43.928-0800][77607560ms] GC(25383) Humongous regions: 5->5
[2023-11-10T12:06:43.928-0800][77607560ms] GC(25383) Metaspace: 305043K->305043K(1349632K)
[2023-11-10T12:06:43.928-0800][77607560ms] GC(25383) Pause Young (Normal) (G1 Evacuation Pause) 3234M->2921M(3602M) 5.370ms
[2023-11-10T12:06:43.928-0800][77607560ms] GC(25383) User=0.00s Sys=0.00s Real=0.01s
[2023-11-10T12:06:44.251-0800][77607883ms] GC(25384) Pause Young (Normal) (G1 Evacuation Pause)
[2023-11-10T12:06:44.251-0800][77607883ms] GC(25384) Using 10 workers of 10 for evacuation
[2023-11-10T12:06:44.256-0800][77607888ms] GC(25384)   Pre Evacuate Collection Set: 0.0ms
[2023-11-10T12:06:44.256-0800][77607888ms] GC(25384)   Evacuate Collection Set: 1.7ms
[2023-11-10T12:06:44.256-0800][77607888ms] GC(25384)   Post Evacuate Collection Set: 3.3ms
[2023-11-10T12:06:44.256-0800][77607888ms] GC(25384)   Other: 0.3ms
[2023-11-10T12:06:44.256-0800][77607888ms] GC(25384) Eden regions: 157->0(157)
[2023-11-10T12:06:44.256-0800][77607888ms] GC(25384) Survivor regions: 1->1(20)
[2023-11-10T12:06:44.256-0800][77607888ms] GC(25384) Old regions: 1456->1456
[2023-11-10T12:06:44.256-0800][77607888ms] GC(25384) Humongous regions: 5->5
[2023-11-10T12:06:44.256-0800][77607888ms] GC(25384) Metaspace: 305043K->305043K(1349632K)
[2023-11-10T12:06:44.256-0800][77607888ms] GC(25384) Pause Young (Normal) (G1 Evacuation Pause) 3235M->2920M(3602M) 5.422ms
[2023-11-10T12:06:44.256-0800][77607888ms] GC(25384) User=0.00s Sys=0.00s Real=0.01s
[2023-11-10T12:06:44.714-0800][77608346ms] GC(25385) Pause Young (Normal) (G1 Evacuation Pause)
[2023-11-10T12:06:44.714-0800][77608346ms] GC(25385) Using 10 workers of 10 for evacuation
[2023-11-10T12:06:44.719-0800][77608351ms] GC(25385)   Pre Evacuate Collection Set: 0.1ms
[2023-11-10T12:06:44.719-0800][77608351ms] GC(25385)   Evacuate Collection Set: 1.8ms
[2023-11-10T12:06:44.720-0800][77608352ms] GC(25385)   Post Evacuate Collection Set: 3.2ms
[2023-11-10T12:06:44.720-0800][77608352ms] GC(25385)   Other: 0.3ms
[2023-11-10T12:06:44.720-0800][77608352ms] GC(25385) Eden regions: 157->0(157)
[2023-11-10T12:06:44.720-0800][77608352ms] GC(25385) Survivor regions: 1->1(20)
[2023-11-10T12:06:44.720-0800][77608352ms] GC(25385) Old regions: 1456->1456
[2023-11-10T12:06:44.720-0800][77608352ms] GC(25385) Humongous regions: 5->5
[2023-11-10T12:06:44.720-0800][77608352ms] GC(25385) Metaspace: 305043K->305043K(1349632K)
[2023-11-10T12:06:44.720-0800][77608352ms] GC(25385) Pause Young (Normal) (G1 Evacuation Pause) 3234M->2920M(3602M) 5.500ms
[2023-11-10T12:06:44.720-0800][77608352ms] GC(25385) User=0.00s Sys=0.00s Real=0.01s
[2023-11-10T12:06:45.054-0800][77608686ms] GC(25386) Pause Young (Normal) (G1 Evacuation Pause)
[2023-11-10T12:06:45.054-0800][77608686ms] GC(25386) Using 10 workers of 10 for evacuation
[2023-11-10T12:06:45.059-0800][77608691ms] GC(25386)   Pre Evacuate Collection Set: 0.0ms
[2023-11-10T12:06:45.059-0800][77608691ms] GC(25386)   Evacuate Collection Set: 1.7ms
[2023-11-10T12:06:45.059-0800][77608691ms] GC(25386)   Post Evacuate Collection Set: 3.0ms
[2023-11-10T12:06:45.059-0800][77608691ms] GC(25386)   Other: 0.3ms
[2023-11-10T12:06:45.059-0800][77608691ms] GC(25386) Eden regions: 157->0(157)
[2023-11-10T12:06:45.059-0800][77608691ms] GC(25386) Survivor regions: 1->1(20)
[2023-11-10T12:06:45.059-0800][77608691ms] GC(25386) Old regions: 1456->1456
[2023-11-10T12:06:45.059-0800][77608691ms] GC(25386) Humongous regions: 5->5
[2023-11-10T12:06:45.059-0800][77608691ms] GC(25386) Metaspace: 305043K->305043K(1349632K)
[2023-11-10T12:06:45.059-0800][77608691ms] GC(25386) Pause Young (Normal) (G1 Evacuation Pause) 3234M->2920M(3602M) 5.117ms
[2023-11-10T12:06:45.059-0800][77608691ms] GC(25386) User=0.00s Sys=0.00s Real=0.01s
[2023-11-10T12:06:45.470-0800][77609102ms] GC(25387) Pause Young (Normal) (G1 Evacuation Pause)
[2023-11-10T12:06:45.470-0800][77609102ms] GC(25387) Using 10 workers of 10 for evacuation
[2023-11-10T12:06:45.475-0800][77609107ms] GC(25387)   Pre Evacuate Collection Set: 0.1ms
[2023-11-10T12:06:45.475-0800][77609107ms] GC(25387)   Evacuate Collection Set: 1.7ms
[2023-11-10T12:06:45.475-0800][77609107ms] GC(25387)   Post Evacuate Collection Set: 3.1ms
[2023-11-10T12:06:45.475-0800][77609107ms] GC(25387)   Other: 0.3ms
[2023-11-10T12:06:45.475-0800][77609107ms] GC(25387) Eden regions: 157->0(157)
[2023-11-10T12:06:45.475-0800][77609107ms] GC(25387) Survivor regions: 1->1(20)
[2023-11-10T12:06:45.475-0800][77609107ms] GC(25387) Old regions: 1456->1456
[2023-11-10T12:06:45.475-0800][77609107ms] GC(25387) Humongous regions: 5->5
[2023-11-10T12:06:45.475-0800][77609107ms] GC(25387) Metaspace: 305043K->305043K(1349632K)
[2023-11-10T12:06:45.475-0800][77609107ms] GC(25387) Pause Young (Normal) (G1 Evacuation Pause) 3234M->2920M(3602M) 5.315ms
[2023-11-10T12:06:45.476-0800][77609108ms] GC(25387) User=0.00s Sys=0.00s Real=0.01s
[2023-11-10T12:06:45.870-0800][77609502ms] GC(25388) Pause Young (Normal) (G1 Evacuation Pause)
[2023-11-10T12:06:45.870-0800][77609502ms] GC(25388) Using 10 workers of 10 for evacuation
[2023-11-10T12:06:45.876-0800][77609508ms] GC(25388)   Pre Evacuate Collection Set: 0.1ms
[2023-11-10T12:06:45.876-0800][77609508ms] GC(25388)   Evacuate Collection Set: 1.7ms
[2023-11-10T12:06:45.876-0800][77609508ms] GC(25388)   Post Evacuate Collection Set: 4.7ms
[2023-11-10T12:06:45.876-0800][77609508ms] GC(25388)   Other: 0.4ms
[2023-11-10T12:06:45.876-0800][77609508ms] GC(25388) Eden regions: 157->0(157)
[2023-11-10T12:06:45.876-0800][77609508ms] GC(25388) Survivor regions: 1->1(20)
[2023-11-10T12:06:45.876-0800][77609508ms] GC(25388) Old regions: 1456->1456
[2023-11-10T12:06:45.876-0800][77609508ms] GC(25388) Humongous regions: 5->5
[2023-11-10T12:06:45.876-0800][77609508ms] GC(25388) Metaspace: 305043K->305043K(1349632K)
[2023-11-10T12:06:45.876-0800][77609508ms] GC(25388) Pause Young (Normal) (G1 Evacuation Pause) 3234M->2920M(3602M) 6.997ms
[2023-11-10T12:06:45.876-0800][77609508ms] GC(25388) User=0.00s Sys=0.00s Real=0.01s
[2023-11-10T12:06:46.351-0800][77609983ms] GC(25389) Pause Young (Normal) (G1 Evacuation Pause)
[2023-11-10T12:06:46.351-0800][77609983ms] GC(25389) Using 10 workers of 10 for evacuation
[2023-11-10T12:06:46.359-0800][77609991ms] GC(25389)   Pre Evacuate Collection Set: 0.1ms
[2023-11-10T12:06:46.360-0800][77609992ms] GC(25389)   Evacuate Collection Set: 3.6ms
[2023-11-10T12:06:46.360-0800][77609992ms] GC(25389)   Post Evacuate Collection Set: 5.3ms
[2023-11-10T12:06:46.360-0800][77609992ms] GC(25389)   Other: 0.4ms
[2023-11-10T12:06:46.360-0800][77609992ms] GC(25389) Eden regions: 157->0(157)
[2023-11-10T12:06:46.360-0800][77609992ms] GC(25389) Survivor regions: 1->1(20)
[2023-11-10T12:06:46.360-0800][77609992ms] GC(25389) Old regions: 1456->1456
[2023-11-10T12:06:46.360-0800][77609992ms] GC(25389) Humongous regions: 5->5
[2023-11-10T12:06:46.360-0800][77609992ms] GC(25389) Metaspace: 305043K->305043K(1349632K)
[2023-11-10T12:06:46.360-0800][77609992ms] GC(25389) Pause Young (Normal) (G1 Evacuation Pause) 3234M->2921M(3602M) 9.520ms
[2023-11-10T12:06:46.360-0800][77609992ms] GC(25389) User=0.02s Sys=0.00s Real=0.01s
[2023-11-10T12:06:46.708-0800][77610340ms] GC(25390) Pause Young (Normal) (G1 Evacuation Pause)
[2023-11-10T12:06:46.708-0800][77610340ms] GC(25390) Using 10 workers of 10 for evacuation
[2023-11-10T12:06:46.713-0800][77610345ms] GC(25390)   Pre Evacuate Collection Set: 0.1ms
[2023-11-10T12:06:46.713-0800][77610345ms] GC(25390)   Evacuate Collection Set: 1.8ms
[2023-11-10T12:06:46.713-0800][77610345ms] GC(25390)   Post Evacuate Collection Set: 3.5ms
[2023-11-10T12:06:46.713-0800][77610345ms] GC(25390)   Other: 0.3ms
[2023-11-10T12:06:46.713-0800][77610345ms] GC(25390) Eden regions: 157->0(157)
[2023-11-10T12:06:46.713-0800][77610345ms] GC(25390) Survivor regions: 1->1(20)
[2023-11-10T12:06:46.713-0800][77610345ms] GC(25390) Old regions: 1456->1456
[2023-11-10T12:06:46.713-0800][77610345ms] GC(25390) Humongous regions: 5->5
[2023-11-10T12:06:46.713-0800][77610345ms] GC(25390) Metaspace: 305043K->305043K(1349632K)
[2023-11-10T12:06:46.713-0800][77610345ms] GC(25390) Pause Young (Normal) (G1 Evacuation Pause) 3235M->2921M(3602M) 5.719ms
[2023-11-10T12:06:46.713-0800][77610345ms] GC(25390) User=0.02s Sys=0.00s Real=0.01s
[2023-11-10T12:06:47.188-0800][77610820ms] GC(25391) Pause Young (Normal) (G1 Evacuation Pause)
[2023-11-10T12:06:47.188-0800][77610820ms] GC(25391) Using 10 workers of 10 for evacuation
[2023-11-10T12:06:47.200-0800][77610832ms] GC(25391)   Pre Evacuate Collection Set: 0.1ms
[2023-11-10T12:06:47.200-0800][77610832ms] GC(25391)   Evacuate Collection Set: 1.8ms
[2023-11-10T12:06:47.200-0800][77610832ms] GC(25391)   Post Evacuate Collection Set: 9.5ms
[2023-11-10T12:06:47.200-0800][77610832ms] GC(25391)   Other: 0.4ms
[2023-11-10T12:06:47.200-0800][77610832ms] GC(25391) Eden regions: 157->0(157)
[2023-11-10T12:06:47.200-0800][77610832ms] GC(25391) Survivor regions: 1->1(20)
[2023-11-10T12:06:47.200-0800][77610832ms] GC(25391) Old regions: 1456->1456
[2023-11-10T12:06:47.200-0800][77610832ms] GC(25391) Humongous regions: 5->5
[2023-11-10T12:06:47.200-0800][77610832ms] GC(25391) Metaspace: 305043K->305043K(1349632K)
[2023-11-10T12:06:47.200-0800][77610832ms] GC(25391) Pause Young (Normal) (G1 Evacuation Pause) 3235M->2920M(3602M) 11.829ms
[2023-11-10T12:06:47.200-0800][77610832ms] GC(25391) User=0.00s Sys=0.00s Real=0.01s
[2023-11-10T12:06:47.638-0800][77611270ms] GC(25392) Pause Young (Normal) (G1 Evacuation Pause)
[2023-11-10T12:06:47.638-0800][77611270ms] GC(25392) Using 10 workers of 10 for evacuation
[2023-11-10T12:06:47.643-0800][77611275ms] GC(25392)   Pre Evacuate Collection Set: 0.0ms
[2023-11-10T12:06:47.643-0800][77611275ms] GC(25392)   Evacuate Collection Set: 1.7ms
[2023-11-10T12:06:47.643-0800][77611275ms] GC(25392)   Post Evacuate Collection Set: 3.0ms
[2023-11-10T12:06:47.643-0800][77611275ms] GC(25392)   Other: 0.3ms
[2023-11-10T12:06:47.643-0800][77611275ms] GC(25392) Eden regions: 157->0(157)
[2023-11-10T12:06:47.643-0800][77611275ms] GC(25392) Survivor regions: 1->1(20)
[2023-11-10T12:06:47.643-0800][77611275ms] GC(25392) Old regions: 1456->1456
[2023-11-10T12:06:47.643-0800][77611275ms] GC(25392) Humongous regions: 5->5
[2023-11-10T12:06:47.643-0800][77611275ms] GC(25392) Metaspace: 305043K->305043K(1349632K)
[2023-11-10T12:06:47.643-0800][77611275ms] GC(25392) Pause Young (Normal) (G1 Evacuation Pause) 3234M->2920M(3602M) 5.182ms
[2023-11-10T12:06:47.643-0800][77611275ms] GC(25392) User=0.00s Sys=0.00s Real=0.00s
[2023-11-10T12:06:48.027-0800][77611659ms] GC(25393) Pause Young (Normal) (G1 Evacuation Pause)
[2023-11-10T12:06:48.027-0800][77611659ms] GC(25393) Using 10 workers of 10 for evacuation
[2023-11-10T12:06:48.032-0800][77611664ms] GC(25393)   Pre Evacuate Collection Set: 0.1ms
[2023-11-10T12:06:48.032-0800][77611664ms] GC(25393)   Evacuate Collection Set: 1.9ms
[2023-11-10T12:06:48.032-0800][77611664ms] GC(25393)   Post Evacuate Collection Set: 3.1ms
[2023-11-10T12:06:48.032-0800][77611664ms] GC(25393)   Other: 0.3ms
[2023-11-10T12:06:48.032-0800][77611664ms] GC(25393) Eden regions: 157->0(157)
[2023-11-10T12:06:48.032-0800][77611664ms] GC(25393) Survivor regions: 1->1(20)
[2023-11-10T12:06:48.032-0800][77611664ms] GC(25393) Old regions: 1456->1456
[2023-11-10T12:06:48.032-0800][77611664ms] GC(25393) Humongous regions: 5->5
[2023-11-10T12:06:48.032-0800][77611664ms] GC(25393) Metaspace: 305043K->305043K(1349632K)
[2023-11-10T12:06:48.032-0800][77611664ms] GC(25393) Pause Young (Normal) (G1 Evacuation Pause) 3234M->2920M(3602M) 5.467ms
[2023-11-10T12:06:48.032-0800][77611664ms] GC(25393) User=0.00s Sys=0.00s Real=0.01s
[2023-11-10T12:06:48.382-0800][77612014ms] GC(25394) Pause Young (Normal) (G1 Evacuation Pause)
[2023-11-10T12:06:48.382-0800][77612014ms] GC(25394) Using 10 workers of 10 for evacuation
[2023-11-10T12:06:48.386-0800][77612018ms] GC(25394)   Pre Evacuate Collection Set: 0.0ms
[2023-11-10T12:06:48.386-0800][77612018ms] GC(25394)   Evacuate Collection Set: 1.8ms
[2023-11-10T12:06:48.386-0800][77612018ms] GC(25394)   Post Evacuate Collection Set: 3.3ms
[2023-11-10T12:06:48.386-0800][77612018ms] GC(25394)   Other: 0.2ms
[2023-11-10T12:06:48.386-0800][77612018ms] GC(25394) Eden regions: 157->0(157)
[2023-11-10T12:06:48.386-0800][77612018ms] GC(25394) Survivor regions: 1->1(20)
[2023-11-10T12:06:48.386-0800][77612018ms] GC(25394) Old regions: 1456->1456
[2023-11-10T12:06:48.386-0800][77612018ms] GC(25394) Humongous regions: 5->5
[2023-11-10T12:06:48.386-0800][77612018ms] GC(25394) Metaspace: 305043K->305043K(1349632K)
[2023-11-10T12:06:48.386-0800][77612018ms] GC(25394) Pause Young (Normal) (G1 Evacuation Pause) 3234M->2920M(3602M) 5.436ms
[2023-11-10T12:06:48.386-0800][77612018ms] GC(25394) User=0.06s Sys=0.00s Real=0.00s
[2023-11-10T12:06:48.798-0800][77612430ms] GC(25395) Pause Young (Normal) (G1 Evacuation Pause)
[2023-11-10T12:06:48.798-0800][77612430ms] GC(25395) Using 10 workers of 10 for evacuation
[2023-11-10T12:06:48.804-0800][77612436ms] GC(25395)   Pre Evacuate Collection Set: 0.1ms
[2023-11-10T12:06:48.804-0800][77612436ms] GC(25395)   Evacuate Collection Set: 1.8ms
[2023-11-10T12:06:48.804-0800][77612436ms] GC(25395)   Post Evacuate Collection Set: 3.4ms
[2023-11-10T12:06:48.804-0800][77612436ms] GC(25395)   Other: 0.3ms
[2023-11-10T12:06:48.804-0800][77612436ms] GC(25395) Eden regions: 157->0(157)
[2023-11-10T12:06:48.804-0800][77612436ms] GC(25395) Survivor regions: 1->1(20)
[2023-11-10T12:06:48.804-0800][77612436ms] GC(25395) Old regions: 1456->1456
[2023-11-10T12:06:48.804-0800][77612436ms] GC(25395) Humongous regions: 5->5
[2023-11-10T12:06:48.804-0800][77612436ms] GC(25395) Metaspace: 305043K->305043K(1349632K)
[2023-11-10T12:06:48.804-0800][77612436ms] GC(25395) Pause Young (Normal) (G1 Evacuation Pause) 3234M->2920M(3602M) 5.815ms
[2023-11-10T12:06:48.804-0800][77612436ms] GC(25395) User=0.00s Sys=0.00s Real=0.01s
[2023-11-10T12:06:49.184-0800][77612816ms] GC(25396) Pause Young (Normal) (G1 Evacuation Pause)
[2023-11-10T12:06:49.184-0800][77612816ms] GC(25396) Using 10 workers of 10 for evacuation
[2023-11-10T12:06:49.188-0800][77612820ms] GC(25396)   Pre Evacuate Collection Set: 0.0ms
[2023-11-10T12:06:49.188-0800][77612820ms] GC(25396)   Evacuate Collection Set: 1.6ms
[2023-11-10T12:06:49.188-0800][77612820ms] GC(25396)   Post Evacuate Collection Set: 3.0ms
[2023-11-10T12:06:49.188-0800][77612820ms] GC(25396)   Other: 0.2ms
[2023-11-10T12:06:49.188-0800][77612820ms] GC(25396) Eden regions: 157->0(157)
[2023-11-10T12:06:49.188-0800][77612820ms] GC(25396) Survivor regions: 1->1(20)
[2023-11-10T12:06:49.189-0800][77612821ms] GC(25396) Old regions: 1456->1456
[2023-11-10T12:06:49.189-0800][77612821ms] GC(25396) Humongous regions: 5->5
[2023-11-10T12:06:49.189-0800][77612821ms] GC(25396) Metaspace: 305043K->305043K(1349632K)
[2023-11-10T12:06:49.189-0800][77612821ms] GC(25396) Pause Young (Normal) (G1 Evacuation Pause) 3234M->2920M(3602M) 4.956ms
[2023-11-10T12:06:49.189-0800][77612821ms] GC(25396) User=0.00s Sys=0.00s Real=0.00s
[2023-11-10T12:06:49.636-0800][77613268ms] GC(25397) Pause Young (Normal) (G1 Evacuation Pause)
[2023-11-10T12:06:49.636-0800][77613268ms] GC(25397) Using 10 workers of 10 for evacuation
[2023-11-10T12:06:49.642-0800][77613274ms] GC(25397)   Pre Evacuate Collection Set: 0.0ms
[2023-11-10T12:06:49.642-0800][77613274ms] GC(25397)   Evacuate Collection Set: 1.6ms
[2023-11-10T12:06:49.642-0800][77613274ms] GC(25397)   Post Evacuate Collection Set: 3.3ms
[2023-11-10T12:06:49.642-0800][77613274ms] GC(25397)   Other: 0.2ms
[2023-11-10T12:06:49.642-0800][77613274ms] GC(25397) Eden regions: 157->0(157)
[2023-11-10T12:06:49.642-0800][77613274ms] GC(25397) Survivor regions: 1->1(20)
[2023-11-10T12:06:49.642-0800][77613274ms] GC(25397) Old regions: 1456->1456
[2023-11-10T12:06:49.642-0800][77613274ms] GC(25397) Humongous regions: 5->5
[2023-11-10T12:06:49.642-0800][77613274ms] GC(25397) Metaspace: 305043K->305043K(1349632K)
[2023-11-10T12:06:49.642-0800][77613274ms] GC(25397) Pause Young (Normal) (G1 Evacuation Pause) 3234M->2920M(3602M) 5.284ms
[2023-11-10T12:06:49.642-0800][77613274ms] GC(25397) User=0.00s Sys=0.00s Real=0.01s
[2023-11-10T12:06:50.038-0800][77613670ms] GC(25398) Pause Young (Normal) (G1 Evacuation Pause)
[2023-11-10T12:06:50.038-0800][77613670ms] GC(25398) Using 10 workers of 10 for evacuation
[2023-11-10T12:06:50.042-0800][77613674ms] GC(25398)   Pre Evacuate Collection Set: 0.0ms
[2023-11-10T12:06:50.043-0800][77613675ms] GC(25398)   Evacuate Collection Set: 1.6ms
[2023-11-10T12:06:50.043-0800][77613675ms] GC(25398)   Post Evacuate Collection Set: 3.3ms
[2023-11-10T12:06:50.043-0800][77613675ms] GC(25398)   Other: 0.2ms
[2023-11-10T12:06:50.043-0800][77613675ms] GC(25398) Eden regions: 157->0(157)
[2023-11-10T12:06:50.043-0800][77613675ms] GC(25398) Survivor regions: 1->1(20)
[2023-11-10T12:06:50.043-0800][77613675ms] GC(25398) Old regions: 1456->1456
[2023-11-10T12:06:50.043-0800][77613675ms] GC(25398) Humongous regions: 5->5
[2023-11-10T12:06:50.043-0800][77613675ms] GC(25398) Metaspace: 305043K->305043K(1349632K)
[2023-11-10T12:06:50.043-0800][77613675ms] GC(25398) Pause Young (Normal) (G1 Evacuation Pause) 3234M->2920M(3602M) 5.332ms
[2023-11-10T12:06:50.043-0800][77613675ms] GC(25398) User=0.03s Sys=0.00s Real=0.00s
[2023-11-10T12:06:50.405-0800][77614037ms] GC(25399) Pause Young (Normal) (G1 Evacuation Pause)
[2023-11-10T12:06:50.405-0800][77614037ms] GC(25399) Using 10 workers of 10 for evacuation
[2023-11-10T12:06:50.411-0800][77614043ms] GC(25399)   Pre Evacuate Collection Set: 0.0ms
[2023-11-10T12:06:50.411-0800][77614043ms] GC(25399)   Evacuate Collection Set: 1.6ms
[2023-11-10T12:06:50.411-0800][77614043ms] GC(25399)   Post Evacuate Collection Set: 3.3ms
[2023-11-10T12:06:50.411-0800][77614043ms] GC(25399)   Other: 0.3ms
[2023-11-10T12:06:50.411-0800][77614043ms] GC(25399) Eden regions: 157->0(157)
[2023-11-10T12:06:50.411-0800][77614043ms] GC(25399) Survivor regions: 1->1(20)
[2023-11-10T12:06:50.411-0800][77614043ms] GC(25399) Old regions: 1456->1456
[2023-11-10T12:06:50.411-0800][77614043ms] GC(25399) Humongous regions: 5->5
[2023-11-10T12:06:50.411-0800][77614043ms] GC(25399) Metaspace: 305043K->305043K(1349632K)
[2023-11-10T12:06:50.411-0800][77614043ms] GC(25399) Pause Young (Normal) (G1 Evacuation Pause) 3234M->2920M(3602M) 5.359ms
[2023-11-10T12:06:50.411-0800][77614043ms] GC(25399) User=0.00s Sys=0.00s Real=0.01s
[2023-11-10T12:06:50.777-0800][77614409ms] GC(25400) Pause Young (Normal) (G1 Evacuation Pause)
[2023-11-10T12:06:50.777-0800][77614409ms] GC(25400) Using 10 workers of 10 for evacuation
[2023-11-10T12:06:50.783-0800][77614415ms] GC(25400)   Pre Evacuate Collection Set: 0.0ms
[2023-11-10T12:06:50.783-0800][77614415ms] GC(25400)   Evacuate Collection Set: 1.7ms
[2023-11-10T12:06:50.783-0800][77614415ms] GC(25400)   Post Evacuate Collection Set: 3.2ms
[2023-11-10T12:06:50.783-0800][77614415ms] GC(25400)   Other: 0.3ms
[2023-11-10T12:06:50.783-0800][77614415ms] GC(25400) Eden regions: 157->0(157)
[2023-11-10T12:06:50.783-0800][77614415ms] GC(25400) Survivor regions: 1->1(20)
[2023-11-10T12:06:50.783-0800][77614415ms] GC(25400) Old regions: 1456->1456
[2023-11-10T12:06:50.783-0800][77614415ms] GC(25400) Humongous regions: 5->5
[2023-11-10T12:06:50.783-0800][77614415ms] GC(25400) Metaspace: 305043K->305043K(1349632K)
[2023-11-10T12:06:50.783-0800][77614415ms] GC(25400) Pause Young (Normal) (G1 Evacuation Pause) 3234M->2921M(3602M) 5.309ms
[2023-11-10T12:06:50.783-0800][77614415ms] GC(25400) User=0.00s Sys=0.00s Real=0.01s
[2023-11-10T12:06:51.132-0800][77614764ms] GC(25401) Pause Young (Normal) (G1 Evacuation Pause)
[2023-11-10T12:06:51.132-0800][77614764ms] GC(25401) Using 10 workers of 10 for evacuation
[2023-11-10T12:06:51.138-0800][77614770ms] GC(25401)   Pre Evacuate Collection Set: 0.0ms
[2023-11-10T12:06:51.138-0800][77614770ms] GC(25401)   Evacuate Collection Set: 2.1ms
[2023-11-10T12:06:51.138-0800][77614770ms] GC(25401)   Post Evacuate Collection Set: 4.2ms
[2023-11-10T12:06:51.138-0800][77614770ms] GC(25401)   Other: 0.3ms
[2023-11-10T12:06:51.138-0800][77614770ms] GC(25401) Eden regions: 157->0(157)
[2023-11-10T12:06:51.138-0800][77614770ms] GC(25401) Survivor regions: 1->1(20)
[2023-11-10T12:06:51.138-0800][77614770ms] GC(25401) Old regions: 1456->1456
[2023-11-10T12:06:51.138-0800][77614770ms] GC(25401) Humongous regions: 5->5
[2023-11-10T12:06:51.138-0800][77614770ms] GC(25401) Metaspace: 305043K->305043K(1349632K)
[2023-11-10T12:06:51.138-0800][77614770ms] GC(25401) Pause Young (Normal) (G1 Evacuation Pause) 3235M->2920M(3602M) 6.714ms
[2023-11-10T12:06:51.138-0800][77614770ms] GC(25401) User=0.00s Sys=0.00s Real=0.01s
[2023-11-10T12:06:51.474-0800][77615106ms] GC(25402) Pause Young (Normal) (G1 Evacuation Pause)
[2023-11-10T12:06:51.474-0800][77615106ms] GC(25402) Using 10 workers of 10 for evacuation
[2023-11-10T12:06:51.479-0800][77615111ms] GC(25402)   Pre Evacuate Collection Set: 0.0ms
[2023-11-10T12:06:51.479-0800][77615111ms] GC(25402)   Evacuate Collection Set: 1.6ms
[2023-11-10T12:06:51.479-0800][77615111ms] GC(25402)   Post Evacuate Collection Set: 3.2ms
[2023-11-10T12:06:51.479-0800][77615111ms] GC(25402)   Other: 0.2ms
[2023-11-10T12:06:51.479-0800][77615111ms] GC(25402) Eden regions: 157->0(157)
[2023-11-10T12:06:51.479-0800][77615111ms] GC(25402) Survivor regions: 1->1(20)
[2023-11-10T12:06:51.479-0800][77615111ms] GC(25402) Old regions: 1456->1456
[2023-11-10T12:06:51.479-0800][77615111ms] GC(25402) Humongous regions: 5->5
[2023-11-10T12:06:51.479-0800][77615111ms] GC(25402) Metaspace: 305043K->305043K(1349632K)
[2023-11-10T12:06:51.479-0800][77615111ms] GC(25402) Pause Young (Normal) (G1 Evacuation Pause) 3234M->2920M(3602M) 5.213ms
[2023-11-10T12:06:51.479-0800][77615111ms] GC(25402) User=0.08s Sys=0.00s Real=0.01s
[2023-11-10T12:06:51.939-0800][77615571ms] GC(25403) Pause Young (Normal) (G1 Evacuation Pause)
[2023-11-10T12:06:51.939-0800][77615571ms] GC(25403) Using 10 workers of 10 for evacuation
[2023-11-10T12:06:51.944-0800][77615576ms] GC(25403)   Pre Evacuate Collection Set: 0.1ms
[2023-11-10T12:06:51.944-0800][77615576ms] GC(25403)   Evacuate Collection Set: 1.6ms
[2023-11-10T12:06:51.944-0800][77615576ms] GC(25403)   Post Evacuate Collection Set: 3.0ms
[2023-11-10T12:06:51.944-0800][77615576ms] GC(25403)   Other: 0.3ms
[2023-11-10T12:06:51.944-0800][77615576ms] GC(25403) Eden regions: 157->0(157)
[2023-11-10T12:06:51.944-0800][77615576ms] GC(25403) Survivor regions: 1->1(20)
[2023-11-10T12:06:51.944-0800][77615576ms] GC(25403) Old regions: 1456->1456
[2023-11-10T12:06:51.944-0800][77615576ms] GC(25403) Humongous regions: 5->5
[2023-11-10T12:06:51.944-0800][77615576ms] GC(25403) Metaspace: 305043K->305043K(1349632K)
[2023-11-10T12:06:51.944-0800][77615576ms] GC(25403) Pause Young (Normal) (G1 Evacuation Pause) 3234M->2920M(3602M) 5.049ms
[2023-11-10T12:06:51.944-0800][77615576ms] GC(25403) User=0.00s Sys=0.00s Real=0.01s
[2023-11-10T12:06:52.291-0800][77615923ms] GC(25404) Pause Young (Normal) (G1 Evacuation Pause)
[2023-11-10T12:06:52.291-0800][77615923ms] GC(25404) Using 10 workers of 10 for evacuation
[2023-11-10T12:06:52.296-0800][77615928ms] GC(25404)   Pre Evacuate Collection Set: 0.0ms
[2023-11-10T12:06:52.296-0800][77615928ms] GC(25404)   Evacuate Collection Set: 1.7ms
[2023-11-10T12:06:52.296-0800][77615928ms] GC(25404)   Post Evacuate Collection Set: 3.0ms
[2023-11-10T12:06:52.296-0800][77615928ms] GC(25404)   Other: 0.3ms
[2023-11-10T12:06:52.296-0800][77615928ms] GC(25404) Eden regions: 157->0(157)
[2023-11-10T12:06:52.296-0800][77615928ms] GC(25404) Survivor regions: 1->1(20)
[2023-11-10T12:06:52.296-0800][77615928ms] GC(25404) Old regions: 1456->1456
[2023-11-10T12:06:52.296-0800][77615928ms] GC(25404) Humongous regions: 5->5
[2023-11-10T12:06:52.296-0800][77615928ms] GC(25404) Metaspace: 305043K->305043K(1349632K)
[2023-11-10T12:06:52.296-0800][77615928ms] GC(25404) Pause Young (Normal) (G1 Evacuation Pause) 3234M->2920M(3602M) 5.050ms
[2023-11-10T12:06:52.296-0800][77615928ms] GC(25404) User=0.00s Sys=0.00s Real=0.01s
[2023-11-10T12:06:52.707-0800][77616339ms] GC(25405) Pause Young (Normal) (G1 Evacuation Pause)
[2023-11-10T12:06:52.707-0800][77616339ms] GC(25405) Using 10 workers of 10 for evacuation
[2023-11-10T12:06:52.712-0800][77616344ms] GC(25405)   Pre Evacuate Collection Set: 0.0ms
[2023-11-10T12:06:52.712-0800][77616344ms] GC(25405)   Evacuate Collection Set: 1.6ms
[2023-11-10T12:06:52.712-0800][77616344ms] GC(25405)   Post Evacuate Collection Set: 3.2ms
[2023-11-10T12:06:52.712-0800][77616344ms] GC(25405)   Other: 0.2ms
[2023-11-10T12:06:52.712-0800][77616344ms] GC(25405) Eden regions: 157->0(157)
[2023-11-10T12:06:52.712-0800][77616344ms] GC(25405) Survivor regions: 1->1(20)
[2023-11-10T12:06:52.712-0800][77616344ms] GC(25405) Old regions: 1456->1456
[2023-11-10T12:06:52.712-0800][77616344ms] GC(25405) Humongous regions: 5->5
[2023-11-10T12:06:52.712-0800][77616344ms] GC(25405) Metaspace: 305043K->305043K(1349632K)
[2023-11-10T12:06:52.712-0800][77616344ms] GC(25405) Pause Young (Normal) (G1 Evacuation Pause) 3234M->2920M(3602M) 5.220ms
[2023-11-10T12:06:52.712-0800][77616344ms] GC(25405) User=0.00s Sys=0.00s Real=0.00s
[2023-11-10T12:06:53.103-0800][77616735ms] GC(25406) Pause Young (Normal) (G1 Evacuation Pause)
[2023-11-10T12:06:53.103-0800][77616735ms] GC(25406) Using 10 workers of 10 for evacuation
[2023-11-10T12:06:53.108-0800][77616740ms] GC(25406)   Pre Evacuate Collection Set: 0.0ms
[2023-11-10T12:06:53.108-0800][77616740ms] GC(25406)   Evacuate Collection Set: 1.7ms
[2023-11-10T12:06:53.108-0800][77616740ms] GC(25406)   Post Evacuate Collection Set: 3.0ms
[2023-11-10T12:06:53.108-0800][77616740ms] GC(25406)   Other: 0.3ms
[2023-11-10T12:06:53.108-0800][77616740ms] GC(25406) Eden regions: 157->0(157)
[2023-11-10T12:06:53.108-0800][77616740ms] GC(25406) Survivor regions: 1->1(20)
[2023-11-10T12:06:53.108-0800][77616740ms] GC(25406) Old regions: 1456->1456
[2023-11-10T12:06:53.108-0800][77616740ms] GC(25406) Humongous regions: 5->5
[2023-11-10T12:06:53.108-0800][77616740ms] GC(25406) Metaspace: 305043K->305043K(1349632K)
[2023-11-10T12:06:53.108-0800][77616740ms] GC(25406) Pause Young (Normal) (G1 Evacuation Pause) 3234M->2920M(3602M) 5.098ms
[2023-11-10T12:06:53.108-0800][77616740ms] GC(25406) User=0.00s Sys=0.00s Real=0.01s
[2023-11-10T12:06:53.474-0800][77617106ms] GC(25407) Pause Young (Normal) (G1 Evacuation Pause)
[2023-11-10T12:06:53.474-0800][77617106ms] GC(25407) Using 10 workers of 10 for evacuation
[2023-11-10T12:06:53.479-0800][77617111ms] GC(25407)   Pre Evacuate Collection Set: 0.0ms
[2023-11-10T12:06:53.479-0800][77617111ms] GC(25407)   Evacuate Collection Set: 1.6ms
[2023-11-10T12:06:53.479-0800][77617111ms] GC(25407)   Post Evacuate Collection Set: 3.3ms
[2023-11-10T12:06:53.479-0800][77617111ms] GC(25407)   Other: 0.3ms
[2023-11-10T12:06:53.479-0800][77617111ms] GC(25407) Eden regions: 157->0(157)
[2023-11-10T12:06:53.479-0800][77617111ms] GC(25407) Survivor regions: 1->1(20)
[2023-11-10T12:06:53.479-0800][77617111ms] GC(25407) Old regions: 1456->1456
[2023-11-10T12:06:53.479-0800][77617111ms] GC(25407) Humongous regions: 5->5
[2023-11-10T12:06:53.479-0800][77617111ms] GC(25407) Metaspace: 305043K->305043K(1349632K)
[2023-11-10T12:06:53.479-0800][77617111ms] GC(25407) Pause Young (Normal) (G1 Evacuation Pause) 3234M->2920M(3602M) 5.319ms
[2023-11-10T12:06:53.479-0800][77617111ms] GC(25407) User=0.09s Sys=0.00s Real=0.01s
[2023-11-10T12:06:53.868-0800][77617500ms] GC(25408) Pause Young (Normal) (G1 Evacuation Pause)
[2023-11-10T12:06:53.868-0800][77617500ms] GC(25408) Using 10 workers of 10 for evacuation
[2023-11-10T12:06:53.872-0800][77617504ms] GC(25408)   Pre Evacuate Collection Set: 0.1ms
[2023-11-10T12:06:53.872-0800][77617504ms] GC(25408)   Evacuate Collection Set: 1.7ms
[2023-11-10T12:06:53.872-0800][77617504ms] GC(25408)   Post Evacuate Collection Set: 3.0ms
[2023-11-10T12:06:53.872-0800][77617504ms] GC(25408)   Other: 0.3ms
[2023-11-10T12:06:53.872-0800][77617504ms] GC(25408) Eden regions: 157->0(157)
[2023-11-10T12:06:53.872-0800][77617504ms] GC(25408) Survivor regions: 1->1(20)
[2023-11-10T12:06:53.872-0800][77617504ms] GC(25408) Old regions: 1456->1456
[2023-11-10T12:06:53.872-0800][77617504ms] GC(25408) Humongous regions: 5->5
[2023-11-10T12:06:53.872-0800][77617504ms] GC(25408) Metaspace: 305043K->305043K(1349632K)
[2023-11-10T12:06:53.872-0800][77617504ms] GC(25408) Pause Young (Normal) (G1 Evacuation Pause) 3234M->2920M(3602M) 5.068ms
[2023-11-10T12:06:53.872-0800][77617504ms] GC(25408) User=0.00s Sys=0.00s Real=0.00s
[2023-11-10T12:06:54.261-0800][77617893ms] GC(25409) Pause Young (Normal) (G1 Evacuation Pause)
[2023-11-10T12:06:54.261-0800][77617893ms] GC(25409) Using 10 workers of 10 for evacuation
[2023-11-10T12:06:54.266-0800][77617898ms] GC(25409)   Pre Evacuate Collection Set: 0.0ms
[2023-11-10T12:06:54.266-0800][77617898ms] GC(25409)   Evacuate Collection Set: 1.7ms
[2023-11-10T12:06:54.266-0800][77617898ms] GC(25409)   Post Evacuate Collection Set: 3.1ms
[2023-11-10T12:06:54.266-0800][77617898ms] GC(25409)   Other: 0.3ms
[2023-11-10T12:06:54.266-0800][77617898ms] GC(25409) Eden regions: 157->0(157)
[2023-11-10T12:06:54.266-0800][77617898ms] GC(25409) Survivor regions: 1->1(20)
[2023-11-10T12:06:54.266-0800][77617898ms] GC(25409) Old regions: 1456->1456
[2023-11-10T12:06:54.266-0800][77617898ms] GC(25409) Humongous regions: 5->5
[2023-11-10T12:06:54.266-0800][77617898ms] GC(25409) Metaspace: 305043K->305043K(1349632K)
[2023-11-10T12:06:54.266-0800][77617898ms] GC(25409) Pause Young (Normal) (G1 Evacuation Pause) 3234M->2920M(3602M) 5.140ms
[2023-11-10T12:06:54.266-0800][77617898ms] GC(25409) User=0.00s Sys=0.00s Real=0.01s
[2023-11-10T12:06:54.639-0800][77618271ms] GC(25410) Pause Young (Normal) (G1 Evacuation Pause)
[2023-11-10T12:06:54.639-0800][77618271ms] GC(25410) Using 10 workers of 10 for evacuation
[2023-11-10T12:06:54.644-0800][77618276ms] GC(25410)   Pre Evacuate Collection Set: 0.0ms
[2023-11-10T12:06:54.644-0800][77618276ms] GC(25410)   Evacuate Collection Set: 1.7ms
[2023-11-10T12:06:54.644-0800][77618276ms] GC(25410)   Post Evacuate Collection Set: 3.1ms
[2023-11-10T12:06:54.644-0800][77618276ms] GC(25410)   Other: 0.2ms
[2023-11-10T12:06:54.644-0800][77618276ms] GC(25410) Eden regions: 157->0(157)
[2023-11-10T12:06:54.644-0800][77618276ms] GC(25410) Survivor regions: 1->1(20)
[2023-11-10T12:06:54.644-0800][77618276ms] GC(25410) Old regions: 1456->1456
[2023-11-10T12:06:54.644-0800][77618276ms] GC(25410) Humongous regions: 5->5
[2023-11-10T12:06:54.644-0800][77618276ms] GC(25410) Metaspace: 305043K->305043K(1349632K)
[2023-11-10T12:06:54.644-0800][77618276ms] GC(25410) Pause Young (Normal) (G1 Evacuation Pause) 3234M->2920M(3602M) 5.109ms
[2023-11-10T12:06:54.644-0800][77618276ms] GC(25410) User=0.00s Sys=0.00s Real=0.01s
[2023-11-10T12:06:55.033-0800][77618665ms] GC(25411) Pause Young (Normal) (G1 Evacuation Pause)
[2023-11-10T12:06:55.033-0800][77618665ms] GC(25411) Using 10 workers of 10 for evacuation
[2023-11-10T12:06:55.038-0800][77618670ms] GC(25411)   Pre Evacuate Collection Set: 0.0ms
[2023-11-10T12:06:55.038-0800][77618670ms] GC(25411)   Evacuate Collection Set: 1.6ms
[2023-11-10T12:06:55.039-0800][77618671ms] GC(25411)   Post Evacuate Collection Set: 2.9ms
[2023-11-10T12:06:55.039-0800][77618671ms] GC(25411)   Other: 0.2ms
[2023-11-10T12:06:55.039-0800][77618671ms] GC(25411) Eden regions: 157->0(157)
[2023-11-10T12:06:55.039-0800][77618671ms] GC(25411) Survivor regions: 1->1(20)
[2023-11-10T12:06:55.039-0800][77618671ms] GC(25411) Old regions: 1456->1456
[2023-11-10T12:06:55.039-0800][77618671ms] GC(25411) Humongous regions: 5->5
[2023-11-10T12:06:55.039-0800][77618671ms] GC(25411) Metaspace: 305043K->305043K(1349632K)
[2023-11-10T12:06:55.039-0800][77618671ms] GC(25411) Pause Young (Normal) (G1 Evacuation Pause) 3234M->2920M(3602M) 4.930ms
[2023-11-10T12:06:55.039-0800][77618671ms] GC(25411) User=0.00s Sys=0.00s Real=0.01s
[2023-11-10T12:06:55.395-0800][77619027ms] GC(25412) Pause Young (Normal) (G1 Evacuation Pause)
[2023-11-10T12:06:55.395-0800][77619027ms] GC(25412) Using 10 workers of 10 for evacuation
[2023-11-10T12:06:55.408-0800][77619040ms] GC(25412)   Pre Evacuate Collection Set: 0.1ms
[2023-11-10T12:06:55.408-0800][77619040ms] GC(25412)   Evacuate Collection Set: 7.3ms
[2023-11-10T12:06:55.408-0800][77619040ms] GC(25412)   Post Evacuate Collection Set: 4.9ms
[2023-11-10T12:06:55.408-0800][77619040ms] GC(25412)   Other: 0.3ms
[2023-11-10T12:06:55.408-0800][77619040ms] GC(25412) Eden regions: 157->0(157)
[2023-11-10T12:06:55.408-0800][77619040ms] GC(25412) Survivor regions: 1->1(20)
[2023-11-10T12:06:55.408-0800][77619040ms] GC(25412) Old regions: 1456->1456
[2023-11-10T12:06:55.408-0800][77619040ms] GC(25412) Humongous regions: 5->5
[2023-11-10T12:06:55.408-0800][77619040ms] GC(25412) Metaspace: 305043K->305043K(1349632K)
[2023-11-10T12:06:55.408-0800][77619040ms] GC(25412) Pause Young (Normal) (G1 Evacuation Pause) 3234M->2920M(3602M) 12.752ms
[2023-11-10T12:06:55.408-0800][77619040ms] GC(25412) User=0.00s Sys=0.00s Real=0.01s
[2023-11-10T12:06:55.760-0800][77619392ms] GC(25413) Pause Young (Normal) (G1 Evacuation Pause)
[2023-11-10T12:06:55.760-0800][77619392ms] GC(25413) Using 10 workers of 10 for evacuation
[2023-11-10T12:06:55.766-0800][77619398ms] GC(25413)   Pre Evacuate Collection Set: 0.0ms
[2023-11-10T12:06:55.766-0800][77619398ms] GC(25413)   Evacuate Collection Set: 1.8ms
[2023-11-10T12:06:55.766-0800][77619398ms] GC(25413)   Post Evacuate Collection Set: 3.2ms
[2023-11-10T12:06:55.766-0800][77619398ms] GC(25413)   Other: 0.2ms
[2023-11-10T12:06:55.766-0800][77619398ms] GC(25413) Eden regions: 157->0(157)
[2023-11-10T12:06:55.766-0800][77619398ms] GC(25413) Survivor regions: 1->1(20)
[2023-11-10T12:06:55.766-0800][77619398ms] GC(25413) Old regions: 1456->1456
[2023-11-10T12:06:55.766-0800][77619398ms] GC(25413) Humongous regions: 5->5
[2023-11-10T12:06:55.766-0800][77619398ms] GC(25413) Metaspace: 305043K->305043K(1349632K)
[2023-11-10T12:06:55.766-0800][77619398ms] GC(25413) Pause Young (Normal) (G1 Evacuation Pause) 3234M->2921M(3602M) 5.396ms
[2023-11-10T12:06:55.766-0800][77619398ms] GC(25413) User=0.00s Sys=0.00s Real=0.01s
[2023-11-10T12:06:56.183-0800][77619815ms] GC(25414) Pause Young (Normal) (G1 Evacuation Pause)
[2023-11-10T12:06:56.183-0800][77619815ms] GC(25414) Using 10 workers of 10 for evacuation
[2023-11-10T12:06:56.188-0800][77619820ms] GC(25414)   Pre Evacuate Collection Set: 0.1ms
[2023-11-10T12:06:56.188-0800][77619820ms] GC(25414)   Evacuate Collection Set: 1.7ms
[2023-11-10T12:06:56.188-0800][77619820ms] GC(25414)   Post Evacuate Collection Set: 3.1ms
[2023-11-10T12:06:56.188-0800][77619820ms] GC(25414)   Other: 0.2ms
[2023-11-10T12:06:56.188-0800][77619820ms] GC(25414) Eden regions: 157->0(157)
[2023-11-10T12:06:56.188-0800][77619820ms] GC(25414) Survivor regions: 1->1(20)
[2023-11-10T12:06:56.188-0800][77619820ms] GC(25414) Old regions: 1456->1456
[2023-11-10T12:06:56.188-0800][77619820ms] GC(25414) Humongous regions: 5->5
[2023-11-10T12:06:56.188-0800][77619820ms] GC(25414) Metaspace: 305043K->305043K(1349632K)
[2023-11-10T12:06:56.188-0800][77619820ms] GC(25414) Pause Young (Normal) (G1 Evacuation Pause) 3235M->2921M(3602M) 5.222ms
[2023-11-10T12:06:56.188-0800][77619820ms] GC(25414) User=0.00s Sys=0.00s Real=0.00s
[2023-11-10T12:06:56.573-0800][77620206ms] GC(25415) Pause Young (Normal) (G1 Evacuation Pause)
[2023-11-10T12:06:56.574-0800][77620206ms] GC(25415) Using 10 workers of 10 for evacuation
[2023-11-10T12:06:56.579-0800][77620211ms] GC(25415)   Pre Evacuate Collection Set: 0.0ms
[2023-11-10T12:06:56.579-0800][77620211ms] GC(25415)   Evacuate Collection Set: 1.7ms
[2023-11-10T12:06:56.579-0800][77620211ms] GC(25415)   Post Evacuate Collection Set: 3.2ms
[2023-11-10T12:06:56.579-0800][77620211ms] GC(25415)   Other: 0.2ms
[2023-11-10T12:06:56.579-0800][77620211ms] GC(25415) Eden regions: 157->0(157)
[2023-11-10T12:06:56.579-0800][77620211ms] GC(25415) Survivor regions: 1->1(20)
[2023-11-10T12:06:56.579-0800][77620211ms] GC(25415) Old regions: 1456->1456
[2023-11-10T12:06:56.579-0800][77620211ms] GC(25415) Humongous regions: 5->5
[2023-11-10T12:06:56.579-0800][77620211ms] GC(25415) Metaspace: 305043K->305043K(1349632K)
[2023-11-10T12:06:56.579-0800][77620211ms] GC(25415) Pause Young (Normal) (G1 Evacuation Pause) 3235M->2921M(3602M) 5.256ms
[2023-11-10T12:06:56.579-0800][77620211ms] GC(25415) User=0.00s Sys=0.00s Real=0.01s
[2023-11-10T12:06:56.914-0800][77620546ms] GC(25416) Pause Young (Normal) (G1 Evacuation Pause)
[2023-11-10T12:06:56.914-0800][77620546ms] GC(25416) Using 10 workers of 10 for evacuation
[2023-11-10T12:06:56.919-0800][77620551ms] GC(25416)   Pre Evacuate Collection Set: 0.0ms
[2023-11-10T12:06:56.919-0800][77620551ms] GC(25416)   Evacuate Collection Set: 1.6ms
[2023-11-10T12:06:56.919-0800][77620551ms] GC(25416)   Post Evacuate Collection Set: 3.2ms
[2023-11-10T12:06:56.919-0800][77620551ms] GC(25416)   Other: 0.3ms
[2023-11-10T12:06:56.919-0800][77620551ms] GC(25416) Eden regions: 157->0(157)
[2023-11-10T12:06:56.919-0800][77620551ms] GC(25416) Survivor regions: 1->1(20)
[2023-11-10T12:06:56.919-0800][77620551ms] GC(25416) Old regions: 1456->1456
[2023-11-10T12:06:56.919-0800][77620551ms] GC(25416) Humongous regions: 5->5
[2023-11-10T12:06:56.919-0800][77620551ms] GC(25416) Metaspace: 305043K->305043K(1349632K)
[2023-11-10T12:06:56.919-0800][77620551ms] GC(25416) Pause Young (Normal) (G1 Evacuation Pause) 3235M->2921M(3602M) 5.184ms
[2023-11-10T12:06:56.919-0800][77620551ms] GC(25416) User=0.00s Sys=0.00s Real=0.00s
[2023-11-10T12:06:57.273-0800][77620905ms] GC(25417) Pause Young (Normal) (G1 Evacuation Pause)
[2023-11-10T12:06:57.274-0800][77620906ms] GC(25417) Using 10 workers of 10 for evacuation
[2023-11-10T12:06:57.278-0800][77620910ms] GC(25417)   Pre Evacuate Collection Set: 0.0ms
[2023-11-10T12:06:57.278-0800][77620910ms] GC(25417)   Evacuate Collection Set: 1.7ms
[2023-11-10T12:06:57.278-0800][77620910ms] GC(25417)   Post Evacuate Collection Set: 3.2ms
[2023-11-10T12:06:57.278-0800][77620910ms] GC(25417)   Other: 0.3ms
[2023-11-10T12:06:57.278-0800][77620910ms] GC(25417) Eden regions: 157->0(157)
[2023-11-10T12:06:57.279-0800][77620911ms] GC(25417) Survivor regions: 1->1(20)
[2023-11-10T12:06:57.279-0800][77620911ms] GC(25417) Old regions: 1456->1456
[2023-11-10T12:06:57.279-0800][77620911ms] GC(25417) Humongous regions: 5->5
[2023-11-10T12:06:57.279-0800][77620911ms] GC(25417) Metaspace: 305043K->305043K(1349632K)
[2023-11-10T12:06:57.279-0800][77620911ms] GC(25417) Pause Young (Normal) (G1 Evacuation Pause) 3235M->2921M(3602M) 5.295ms
[2023-11-10T12:06:57.279-0800][77620911ms] GC(25417) User=0.00s Sys=0.00s Real=0.01s
[2023-11-10T12:06:57.625-0800][77621257ms] GC(25418) Pause Young (Normal) (G1 Evacuation Pause)
[2023-11-10T12:06:57.625-0800][77621257ms] GC(25418) Using 10 workers of 10 for evacuation
[2023-11-10T12:06:57.631-0800][77621263ms] GC(25418)   Pre Evacuate Collection Set: 0.0ms
[2023-11-10T12:06:57.631-0800][77621263ms] GC(25418)   Evacuate Collection Set: 1.6ms
[2023-11-10T12:06:57.631-0800][77621263ms] GC(25418)   Post Evacuate Collection Set: 3.5ms
[2023-11-10T12:06:57.631-0800][77621263ms] GC(25418)   Other: 0.3ms
[2023-11-10T12:06:57.631-0800][77621263ms] GC(25418) Eden regions: 157->0(157)
[2023-11-10T12:06:57.631-0800][77621263ms] GC(25418) Survivor regions: 1->1(20)
[2023-11-10T12:06:57.631-0800][77621263ms] GC(25418) Old regions: 1456->1456
[2023-11-10T12:06:57.631-0800][77621263ms] GC(25418) Humongous regions: 5->5
[2023-11-10T12:06:57.631-0800][77621263ms] GC(25418) Metaspace: 305043K->305043K(1349632K)
[2023-11-10T12:06:57.631-0800][77621263ms] GC(25418) Pause Young (Normal) (G1 Evacuation Pause) 3235M->2921M(3602M) 5.632ms
[2023-11-10T12:06:57.631-0800][77621263ms] GC(25418) User=0.00s Sys=0.00s Real=0.01s
[2023-11-10T12:06:58.097-0800][77621729ms] GC(25419) Pause Young (Normal) (G1 Evacuation Pause)
[2023-11-10T12:06:58.097-0800][77621729ms] GC(25419) Using 10 workers of 10 for evacuation
[2023-11-10T12:06:58.103-0800][77621735ms] GC(25419)   Pre Evacuate Collection Set: 0.1ms
[2023-11-10T12:06:58.103-0800][77621735ms] GC(25419)   Evacuate Collection Set: 2.1ms
[2023-11-10T12:06:58.103-0800][77621735ms] GC(25419)   Post Evacuate Collection Set: 3.7ms
[2023-11-10T12:06:58.103-0800][77621735ms] GC(25419)   Other: 0.3ms
[2023-11-10T12:06:58.103-0800][77621735ms] GC(25419) Eden regions: 157->0(157)
[2023-11-10T12:06:58.103-0800][77621735ms] GC(25419) Survivor regions: 1->1(20)
[2023-11-10T12:06:58.103-0800][77621735ms] GC(25419) Old regions: 1456->1456
[2023-11-10T12:06:58.103-0800][77621735ms] GC(25419) Humongous regions: 5->5
[2023-11-10T12:06:58.103-0800][77621735ms] GC(25419) Metaspace: 305043K->305043K(1349632K)
[2023-11-10T12:06:58.103-0800][77621735ms] GC(25419) Pause Young (Normal) (G1 Evacuation Pause) 3235M->2921M(3602M) 6.330ms
[2023-11-10T12:06:58.103-0800][77621735ms] GC(25419) User=0.02s Sys=0.00s Real=0.01s
[2023-11-10T12:06:58.498-0800][77622130ms] GC(25420) Pause Young (Normal) (G1 Evacuation Pause)
[2023-11-10T12:06:58.498-0800][77622130ms] GC(25420) Using 10 workers of 10 for evacuation
[2023-11-10T12:06:58.505-0800][77622137ms] GC(25420)   Pre Evacuate Collection Set: 0.1ms
[2023-11-10T12:06:58.505-0800][77622137ms] GC(25420)   Evacuate Collection Set: 1.8ms
[2023-11-10T12:06:58.505-0800][77622137ms] GC(25420)   Post Evacuate Collection Set: 4.5ms
[2023-11-10T12:06:58.505-0800][77622137ms] GC(25420)   Other: 0.3ms
[2023-11-10T12:06:58.505-0800][77622137ms] GC(25420) Eden regions: 157->0(157)
[2023-11-10T12:06:58.505-0800][77622137ms] GC(25420) Survivor regions: 1->1(20)
[2023-11-10T12:06:58.505-0800][77622137ms] GC(25420) Old regions: 1456->1456
[2023-11-10T12:06:58.505-0800][77622137ms] GC(25420) Humongous regions: 5->5
[2023-11-10T12:06:58.505-0800][77622137ms] GC(25420) Metaspace: 305043K->305043K(1349632K)
[2023-11-10T12:06:58.505-0800][77622137ms] GC(25420) Pause Young (Normal) (G1 Evacuation Pause) 3235M->2921M(3602M) 6.899ms
[2023-11-10T12:06:58.505-0800][77622137ms] GC(25420) User=0.00s Sys=0.00s Real=0.01s
[2023-11-10T12:06:58.939-0800][77622571ms] GC(25421) Pause Young (Normal) (G1 Evacuation Pause)
[2023-11-10T12:06:58.939-0800][77622571ms] GC(25421) Using 10 workers of 10 for evacuation
[2023-11-10T12:06:58.944-0800][77622576ms] GC(25421)   Pre Evacuate Collection Set: 0.1ms
[2023-11-10T12:06:58.944-0800][77622576ms] GC(25421)   Evacuate Collection Set: 1.6ms
[2023-11-10T12:06:58.944-0800][77622576ms] GC(25421)   Post Evacuate Collection Set: 2.9ms
[2023-11-10T12:06:58.944-0800][77622576ms] GC(25421)   Other: 0.3ms
[2023-11-10T12:06:58.944-0800][77622576ms] GC(25421) Eden regions: 157->0(157)
[2023-11-10T12:06:58.944-0800][77622576ms] GC(25421) Survivor regions: 1->1(20)
[2023-11-10T12:06:58.944-0800][77622576ms] GC(25421) Old regions: 1456->1456
[2023-11-10T12:06:58.944-0800][77622576ms] GC(25421) Humongous regions: 5->5
[2023-11-10T12:06:58.944-0800][77622576ms] GC(25421) Metaspace: 305043K->305043K(1349632K)
[2023-11-10T12:06:58.944-0800][77622576ms] GC(25421) Pause Young (Normal) (G1 Evacuation Pause) 3235M->2921M(3602M) 4.957ms
[2023-11-10T12:06:58.944-0800][77622576ms] GC(25421) User=0.00s Sys=0.00s Real=0.01s
[2023-11-10T12:06:59.296-0800][77622928ms] GC(25422) Pause Young (Normal) (G1 Evacuation Pause)
[2023-11-10T12:06:59.296-0800][77622928ms] GC(25422) Using 10 workers of 10 for evacuation
[2023-11-10T12:06:59.303-0800][77622935ms] GC(25422)   Pre Evacuate Collection Set: 0.0ms
[2023-11-10T12:06:59.303-0800][77622935ms] GC(25422)   Evacuate Collection Set: 1.9ms
[2023-11-10T12:06:59.303-0800][77622935ms] GC(25422)   Post Evacuate Collection Set: 4.3ms
[2023-11-10T12:06:59.303-0800][77622935ms] GC(25422)   Other: 0.3ms
[2023-11-10T12:06:59.303-0800][77622935ms] GC(25422) Eden regions: 157->0(157)
[2023-11-10T12:06:59.303-0800][77622935ms] GC(25422) Survivor regions: 1->1(20)
[2023-11-10T12:06:59.303-0800][77622935ms] GC(25422) Old regions: 1456->1456
[2023-11-10T12:06:59.303-0800][77622935ms] GC(25422) Humongous regions: 5->5
[2023-11-10T12:06:59.303-0800][77622935ms] GC(25422) Metaspace: 305043K->305043K(1349632K)
[2023-11-10T12:06:59.303-0800][77622935ms] GC(25422) Pause Young (Normal) (G1 Evacuation Pause) 3235M->2921M(3602M) 6.669ms
[2023-11-10T12:06:59.303-0800][77622935ms] GC(25422) User=0.00s Sys=0.00s Real=0.01s
[2023-11-10T12:06:59.665-0800][77623297ms] GC(25423) Pause Young (Normal) (G1 Evacuation Pause)
[2023-11-10T12:06:59.665-0800][77623297ms] GC(25423) Using 10 workers of 10 for evacuation
[2023-11-10T12:06:59.672-0800][77623304ms] GC(25423)   Pre Evacuate Collection Set: 0.1ms
[2023-11-10T12:06:59.672-0800][77623304ms] GC(25423)   Evacuate Collection Set: 2.3ms
[2023-11-10T12:06:59.672-0800][77623304ms] GC(25423)   Post Evacuate Collection Set: 3.6ms
[2023-11-10T12:06:59.672-0800][77623304ms] GC(25423)   Other: 0.3ms
[2023-11-10T12:06:59.672-0800][77623304ms] GC(25423) Eden regions: 157->0(157)
[2023-11-10T12:06:59.672-0800][77623304ms] GC(25423) Survivor regions: 1->1(20)
[2023-11-10T12:06:59.672-0800][77623304ms] GC(25423) Old regions: 1456->1456
[2023-11-10T12:06:59.672-0800][77623304ms] GC(25423) Humongous regions: 5->5
[2023-11-10T12:06:59.672-0800][77623304ms] GC(25423) Metaspace: 305043K->305043K(1349632K)
[2023-11-10T12:06:59.672-0800][77623304ms] GC(25423) Pause Young (Normal) (G1 Evacuation Pause) 3235M->2921M(3602M) 6.263ms
[2023-11-10T12:06:59.672-0800][77623304ms] GC(25423) User=0.00s Sys=0.00s Real=0.01s
[2023-11-10T12:07:00.108-0800][77623740ms] GC(25424) Pause Young (Normal) (G1 Evacuation Pause)
[2023-11-10T12:07:00.108-0800][77623740ms] GC(25424) Using 10 workers of 10 for evacuation
[2023-11-10T12:07:00.114-0800][77623746ms] GC(25424)   Pre Evacuate Collection Set: 0.0ms
[2023-11-10T12:07:00.114-0800][77623746ms] GC(25424)   Evacuate Collection Set: 1.7ms
[2023-11-10T12:07:00.114-0800][77623746ms] GC(25424)   Post Evacuate Collection Set: 3.4ms
[2023-11-10T12:07:00.114-0800][77623746ms] GC(25424)   Other: 0.3ms
[2023-11-10T12:07:00.114-0800][77623746ms] GC(25424) Eden regions: 157->0(157)
[2023-11-10T12:07:00.114-0800][77623746ms] GC(25424) Survivor regions: 1->1(20)
[2023-11-10T12:07:00.114-0800][77623746ms] GC(25424) Old regions: 1456->1456
[2023-11-10T12:07:00.114-0800][77623746ms] GC(25424) Humongous regions: 5->5
[2023-11-10T12:07:00.114-0800][77623746ms] GC(25424) Metaspace: 305043K->305043K(1349632K)
[2023-11-10T12:07:00.114-0800][77623746ms] GC(25424) Pause Young (Normal) (G1 Evacuation Pause) 3235M->2921M(3602M) 5.548ms
[2023-11-10T12:07:00.114-0800][77623746ms] GC(25424) User=0.00s Sys=0.00s Real=0.01s
[2023-11-10T12:07:00.532-0800][77624164ms] GC(25425) Pause Young (Normal) (G1 Evacuation Pause)
[2023-11-10T12:07:00.532-0800][77624164ms] GC(25425) Using 10 workers of 10 for evacuation
[2023-11-10T12:07:00.537-0800][77624169ms] GC(25425)   Pre Evacuate Collection Set: 0.0ms
[2023-11-10T12:07:00.537-0800][77624169ms] GC(25425)   Evacuate Collection Set: 1.6ms
[2023-11-10T12:07:00.537-0800][77624169ms] GC(25425)   Post Evacuate Collection Set: 3.1ms
[2023-11-10T12:07:00.537-0800][77624169ms] GC(25425)   Other: 0.2ms
[2023-11-10T12:07:00.537-0800][77624169ms] GC(25425) Eden regions: 157->0(157)
[2023-11-10T12:07:00.537-0800][77624169ms] GC(25425) Survivor regions: 1->1(20)
[2023-11-10T12:07:00.537-0800][77624169ms] GC(25425) Old regions: 1456->1456
[2023-11-10T12:07:00.537-0800][77624169ms] GC(25425) Humongous regions: 5->5
[2023-11-10T12:07:00.537-0800][77624169ms] GC(25425) Metaspace: 305043K->305043K(1349632K)
[2023-11-10T12:07:00.537-0800][77624169ms] GC(25425) Pause Young (Normal) (G1 Evacuation Pause) 3235M->2921M(3602M) 5.127ms
[2023-11-10T12:07:00.537-0800][77624169ms] GC(25425) User=0.00s Sys=0.00s Real=0.00s
[2023-11-10T12:07:00.879-0800][77624511ms] GC(25426) Pause Young (Normal) (G1 Evacuation Pause)
[2023-11-10T12:07:00.879-0800][77624511ms] GC(25426) Using 10 workers of 10 for evacuation
[2023-11-10T12:07:00.886-0800][77624518ms] GC(25426)   Pre Evacuate Collection Set: 0.0ms
[2023-11-10T12:07:00.886-0800][77624518ms] GC(25426)   Evacuate Collection Set: 1.9ms
[2023-11-10T12:07:00.886-0800][77624518ms] GC(25426)   Post Evacuate Collection Set: 4.2ms
[2023-11-10T12:07:00.886-0800][77624518ms] GC(25426)   Other: 0.3ms
[2023-11-10T12:07:00.886-0800][77624518ms] GC(25426) Eden regions: 157->0(157)
[2023-11-10T12:07:00.886-0800][77624518ms] GC(25426) Survivor regions: 1->1(20)
[2023-11-10T12:07:00.886-0800][77624518ms] GC(25426) Old regions: 1456->1456
[2023-11-10T12:07:00.886-0800][77624518ms] GC(25426) Humongous regions: 5->5
[2023-11-10T12:07:00.886-0800][77624518ms] GC(25426) Metaspace: 305043K->305043K(1349632K)
[2023-11-10T12:07:00.886-0800][77624518ms] GC(25426) Pause Young (Normal) (G1 Evacuation Pause) 3235M->2921M(3602M) 6.535ms
[2023-11-10T12:07:00.886-0800][77624518ms] GC(25426) User=0.02s Sys=0.00s Real=0.01s
[2023-11-10T12:07:01.247-0800][77624879ms] GC(25427) Pause Young (Normal) (G1 Evacuation Pause)
[2023-11-10T12:07:01.247-0800][77624879ms] GC(25427) Using 10 workers of 10 for evacuation
[2023-11-10T12:07:01.251-0800][77624883ms] GC(25427)   Pre Evacuate Collection Set: 0.0ms
[2023-11-10T12:07:01.251-0800][77624883ms] GC(25427)   Evacuate Collection Set: 1.6ms
[2023-11-10T12:07:01.251-0800][77624883ms] GC(25427)   Post Evacuate Collection Set: 3.0ms
[2023-11-10T12:07:01.251-0800][77624883ms] GC(25427)   Other: 0.3ms
[2023-11-10T12:07:01.251-0800][77624883ms] GC(25427) Eden regions: 157->0(157)
[2023-11-10T12:07:01.251-0800][77624883ms] GC(25427) Survivor regions: 1->1(20)
[2023-11-10T12:07:01.251-0800][77624883ms] GC(25427) Old regions: 1456->1456
[2023-11-10T12:07:01.251-0800][77624883ms] GC(25427) Humongous regions: 5->5
[2023-11-10T12:07:01.251-0800][77624883ms] GC(25427) Metaspace: 305043K->305043K(1349632K)
[2023-11-10T12:07:01.251-0800][77624883ms] GC(25427) Pause Young (Normal) (G1 Evacuation Pause) 3235M->2921M(3602M) 5.046ms
[2023-11-10T12:07:01.251-0800][77624883ms] GC(25427) User=0.00s Sys=0.00s Real=0.00s
[2023-11-10T12:07:01.659-0800][77625291ms] GC(25428) Pause Young (Normal) (G1 Evacuation Pause)
[2023-11-10T12:07:01.659-0800][77625291ms] GC(25428) Using 10 workers of 10 for evacuation
[2023-11-10T12:07:01.665-0800][77625297ms] GC(25428)   Pre Evacuate Collection Set: 0.0ms
[2023-11-10T12:07:01.665-0800][77625297ms] GC(25428)   Evacuate Collection Set: 1.7ms
[2023-11-10T12:07:01.666-0800][77625298ms] GC(25428)   Post Evacuate Collection Set: 3.4ms
[2023-11-10T12:07:01.666-0800][77625298ms] GC(25428)   Other: 0.3ms
[2023-11-10T12:07:01.666-0800][77625298ms] GC(25428) Eden regions: 157->0(157)
[2023-11-10T12:07:01.666-0800][77625298ms] GC(25428) Survivor regions: 1->1(20)
[2023-11-10T12:07:01.666-0800][77625298ms] GC(25428) Old regions: 1456->1456
[2023-11-10T12:07:01.666-0800][77625298ms] GC(25428) Humongous regions: 5->5
[2023-11-10T12:07:01.666-0800][77625298ms] GC(25428) Metaspace: 305043K->305043K(1349632K)
[2023-11-10T12:07:01.666-0800][77625298ms] GC(25428) Pause Young (Normal) (G1 Evacuation Pause) 3235M->2921M(3602M) 5.537ms
[2023-11-10T12:07:01.666-0800][77625298ms] GC(25428) User=0.02s Sys=0.00s Real=0.01s
[2023-11-10T12:07:02.178-0800][77625810ms] GC(25429) Pause Young (Normal) (G1 Evacuation Pause)
[2023-11-10T12:07:02.178-0800][77625810ms] GC(25429) Using 10 workers of 10 for evacuation
[2023-11-10T12:07:02.186-0800][77625818ms] GC(25429)   Pre Evacuate Collection Set: 0.1ms
[2023-11-10T12:07:02.186-0800][77625818ms] GC(25429)   Evacuate Collection Set: 2.3ms
[2023-11-10T12:07:02.186-0800][77625818ms] GC(25429)   Post Evacuate Collection Set: 5.5ms
[2023-11-10T12:07:02.186-0800][77625818ms] GC(25429)   Other: 0.4ms
[2023-11-10T12:07:02.186-0800][77625818ms] GC(25429) Eden regions: 157->0(157)
[2023-11-10T12:07:02.186-0800][77625818ms] GC(25429) Survivor regions: 1->1(20)
[2023-11-10T12:07:02.186-0800][77625818ms] GC(25429) Old regions: 1456->1456
[2023-11-10T12:07:02.186-0800][77625818ms] GC(25429) Humongous regions: 5->5
[2023-11-10T12:07:02.186-0800][77625818ms] GC(25429) Metaspace: 305043K->305043K(1349632K)
[2023-11-10T12:07:02.186-0800][77625818ms] GC(25429) Pause Young (Normal) (G1 Evacuation Pause) 3235M->2921M(3602M) 8.435ms
[2023-11-10T12:07:02.186-0800][77625818ms] GC(25429) User=0.11s Sys=0.00s Real=0.01s
[2023-11-10T12:07:02.564-0800][77626196ms] GC(25430) Pause Young (Normal) (G1 Evacuation Pause)
[2023-11-10T12:07:02.564-0800][77626196ms] GC(25430) Using 10 workers of 10 for evacuation
[2023-11-10T12:07:02.568-0800][77626200ms] GC(25430)   Pre Evacuate Collection Set: 0.0ms
[2023-11-10T12:07:02.568-0800][77626200ms] GC(25430)   Evacuate Collection Set: 1.7ms
[2023-11-10T12:07:02.569-0800][77626201ms] GC(25430)   Post Evacuate Collection Set: 3.1ms
[2023-11-10T12:07:02.569-0800][77626201ms] GC(25430)   Other: 0.2ms
[2023-11-10T12:07:02.569-0800][77626201ms] GC(25430) Eden regions: 157->0(157)
[2023-11-10T12:07:02.569-0800][77626201ms] GC(25430) Survivor regions: 1->1(20)
[2023-11-10T12:07:02.569-0800][77626201ms] GC(25430) Old regions: 1456->1456
[2023-11-10T12:07:02.569-0800][77626201ms] GC(25430) Humongous regions: 5->5
[2023-11-10T12:07:02.569-0800][77626201ms] GC(25430) Metaspace: 305043K->305043K(1349632K)
[2023-11-10T12:07:02.569-0800][77626201ms] GC(25430) Pause Young (Normal) (G1 Evacuation Pause) 3235M->2921M(3602M) 5.202ms
[2023-11-10T12:07:02.569-0800][77626201ms] GC(25430) User=0.00s Sys=0.00s Real=0.01s
[2023-11-10T12:07:03.017-0800][77626649ms] GC(25431) Pause Young (Normal) (G1 Evacuation Pause)
[2023-11-10T12:07:03.017-0800][77626649ms] GC(25431) Using 10 workers of 10 for evacuation
[2023-11-10T12:07:03.021-0800][77626653ms] GC(25431)   Pre Evacuate Collection Set: 0.0ms
[2023-11-10T12:07:03.021-0800][77626653ms] GC(25431)   Evacuate Collection Set: 1.7ms
[2023-11-10T12:07:03.021-0800][77626653ms] GC(25431)   Post Evacuate Collection Set: 3.2ms
[2023-11-10T12:07:03.021-0800][77626653ms] GC(25431)   Other: 0.3ms
[2023-11-10T12:07:03.021-0800][77626653ms] GC(25431) Eden regions: 157->0(157)
[2023-11-10T12:07:03.021-0800][77626653ms] GC(25431) Survivor regions: 1->1(20)
[2023-11-10T12:07:03.021-0800][77626653ms] GC(25431) Old regions: 1456->1456
[2023-11-10T12:07:03.022-0800][77626654ms] GC(25431) Humongous regions: 5->5
[2023-11-10T12:07:03.022-0800][77626654ms] GC(25431) Metaspace: 305043K->305043K(1349632K)
[2023-11-10T12:07:03.022-0800][77626654ms] GC(25431) Pause Young (Normal) (G1 Evacuation Pause) 3235M->2921M(3602M) 5.290ms
[2023-11-10T12:07:03.022-0800][77626654ms] GC(25431) User=0.00s Sys=0.00s Real=0.01s
[2023-11-10T12:07:03.434-0800][77627066ms] GC(25432) Pause Young (Normal) (G1 Evacuation Pause)
[2023-11-10T12:07:03.434-0800][77627066ms] GC(25432) Using 10 workers of 10 for evacuation
[2023-11-10T12:07:03.439-0800][77627071ms] GC(25432)   Pre Evacuate Collection Set: 0.0ms
[2023-11-10T12:07:03.439-0800][77627071ms] GC(25432)   Evacuate Collection Set: 1.7ms
[2023-11-10T12:07:03.439-0800][77627071ms] GC(25432)   Post Evacuate Collection Set: 2.9ms
[2023-11-10T12:07:03.439-0800][77627071ms] GC(25432)   Other: 0.3ms
[2023-11-10T12:07:03.439-0800][77627071ms] GC(25432) Eden regions: 157->0(157)
[2023-11-10T12:07:03.439-0800][77627071ms] GC(25432) Survivor regions: 1->1(20)
[2023-11-10T12:07:03.439-0800][77627071ms] GC(25432) Old regions: 1456->1456
[2023-11-10T12:07:03.439-0800][77627071ms] GC(25432) Humongous regions: 5->5
[2023-11-10T12:07:03.439-0800][77627071ms] GC(25432) Metaspace: 305043K->305043K(1349632K)
[2023-11-10T12:07:03.439-0800][77627071ms] GC(25432) Pause Young (Normal) (G1 Evacuation Pause) 3235M->2921M(3602M) 5.057ms
[2023-11-10T12:07:03.439-0800][77627071ms] GC(25432) User=0.00s Sys=0.00s Real=0.00s
[2023-11-10T12:07:03.785-0800][77627417ms] GC(25433) Pause Young (Normal) (G1 Evacuation Pause)
[2023-11-10T12:07:03.785-0800][77627417ms] GC(25433) Using 10 workers of 10 for evacuation
[2023-11-10T12:07:03.790-0800][77627422ms] GC(25433)   Pre Evacuate Collection Set: 0.0ms
[2023-11-10T12:07:03.790-0800][77627422ms] GC(25433)   Evacuate Collection Set: 1.6ms
[2023-11-10T12:07:03.790-0800][77627422ms] GC(25433)   Post Evacuate Collection Set: 3.1ms
[2023-11-10T12:07:03.790-0800][77627422ms] GC(25433)   Other: 0.3ms
[2023-11-10T12:07:03.790-0800][77627422ms] GC(25433) Eden regions: 157->0(157)
[2023-11-10T12:07:03.790-0800][77627422ms] GC(25433) Survivor regions: 1->1(20)
[2023-11-10T12:07:03.790-0800][77627422ms] GC(25433) Old regions: 1456->1456
[2023-11-10T12:07:03.790-0800][77627422ms] GC(25433) Humongous regions: 5->5
[2023-11-10T12:07:03.790-0800][77627422ms] GC(25433) Metaspace: 305043K->305043K(1349632K)
[2023-11-10T12:07:03.790-0800][77627422ms] GC(25433) Pause Young (Normal) (G1 Evacuation Pause) 3235M->2921M(3602M) 5.127ms
[2023-11-10T12:07:03.790-0800][77627422ms] GC(25433) User=0.00s Sys=0.00s Real=0.00s
[2023-11-10T12:07:04.125-0800][77627757ms] GC(25434) Pause Young (Normal) (G1 Evacuation Pause)
[2023-11-10T12:07:04.125-0800][77627757ms] GC(25434) Using 10 workers of 10 for evacuation
[2023-11-10T12:07:04.130-0800][77627762ms] GC(25434)   Pre Evacuate Collection Set: 0.0ms
[2023-11-10T12:07:04.130-0800][77627762ms] GC(25434)   Evacuate Collection Set: 1.7ms
[2023-11-10T12:07:04.130-0800][77627762ms] GC(25434)   Post Evacuate Collection Set: 3.2ms
[2023-11-10T12:07:04.130-0800][77627762ms] GC(25434)   Other: 0.3ms
[2023-11-10T12:07:04.130-0800][77627762ms] GC(25434) Eden regions: 157->0(157)
[2023-11-10T12:07:04.130-0800][77627762ms] GC(25434) Survivor regions: 1->1(20)
[2023-11-10T12:07:04.130-0800][77627762ms] GC(25434) Old regions: 1456->1456
[2023-11-10T12:07:04.130-0800][77627762ms] GC(25434) Humongous regions: 5->5
[2023-11-10T12:07:04.130-0800][77627762ms] GC(25434) Metaspace: 305043K->305043K(1349632K)
[2023-11-10T12:07:04.130-0800][77627762ms] GC(25434) Pause Young (Normal) (G1 Evacuation Pause) 3235M->2921M(3602M) 5.365ms
[2023-11-10T12:07:04.130-0800][77627762ms] GC(25434) User=0.00s Sys=0.00s Real=0.01s
[2023-11-10T12:07:04.500-0800][77628132ms] GC(25435) Pause Young (Normal) (G1 Evacuation Pause)
[2023-11-10T12:07:04.500-0800][77628132ms] GC(25435) Using 10 workers of 10 for evacuation
[2023-11-10T12:07:04.506-0800][77628138ms] GC(25435)   Pre Evacuate Collection Set: 0.0ms
[2023-11-10T12:07:04.506-0800][77628138ms] GC(25435)   Evacuate Collection Set: 1.8ms
[2023-11-10T12:07:04.506-0800][77628138ms] GC(25435)   Post Evacuate Collection Set: 3.2ms
[2023-11-10T12:07:04.506-0800][77628138ms] GC(25435)   Other: 0.2ms
[2023-11-10T12:07:04.506-0800][77628138ms] GC(25435) Eden regions: 157->0(157)
[2023-11-10T12:07:04.506-0800][77628138ms] GC(25435) Survivor regions: 1->1(20)
[2023-11-10T12:07:04.506-0800][77628138ms] GC(25435) Old regions: 1456->1456
[2023-11-10T12:07:04.506-0800][77628138ms] GC(25435) Humongous regions: 5->5
[2023-11-10T12:07:04.506-0800][77628138ms] GC(25435) Metaspace: 305043K->305043K(1349632K)
[2023-11-10T12:07:04.506-0800][77628138ms] GC(25435) Pause Young (Normal) (G1 Evacuation Pause) 3235M->2921M(3602M) 5.411ms
[2023-11-10T12:07:04.506-0800][77628138ms] GC(25435) User=0.00s Sys=0.00s Real=0.01s
[2023-11-10T12:07:04.887-0800][77628519ms] GC(25436) Pause Young (Normal) (G1 Evacuation Pause)
[2023-11-10T12:07:04.887-0800][77628519ms] GC(25436) Using 10 workers of 10 for evacuation
[2023-11-10T12:07:04.893-0800][77628525ms] GC(25436)   Pre Evacuate Collection Set: 0.1ms
[2023-11-10T12:07:04.893-0800][77628525ms] GC(25436)   Evacuate Collection Set: 1.7ms
[2023-11-10T12:07:04.893-0800][77628525ms] GC(25436)   Post Evacuate Collection Set: 3.1ms
[2023-11-10T12:07:04.893-0800][77628525ms] GC(25436)   Other: 0.3ms
[2023-11-10T12:07:04.893-0800][77628525ms] GC(25436) Eden regions: 157->0(157)
[2023-11-10T12:07:04.893-0800][77628525ms] GC(25436) Survivor regions: 1->1(20)
[2023-11-10T12:07:04.893-0800][77628525ms] GC(25436) Old regions: 1456->1456
[2023-11-10T12:07:04.893-0800][77628525ms] GC(25436) Humongous regions: 5->5
[2023-11-10T12:07:04.893-0800][77628525ms] GC(25436) Metaspace: 305043K->305043K(1349632K)
[2023-11-10T12:07:04.893-0800][77628525ms] GC(25436) Pause Young (Normal) (G1 Evacuation Pause) 3235M->2922M(3602M) 5.374ms
[2023-11-10T12:07:04.893-0800][77628525ms] GC(25436) User=0.00s Sys=0.00s Real=0.01s
[2023-11-10T12:07:05.224-0800][77628856ms] GC(25437) Pause Young (Normal) (G1 Evacuation Pause)
[2023-11-10T12:07:05.224-0800][77628856ms] GC(25437) Using 10 workers of 10 for evacuation
[2023-11-10T12:07:05.230-0800][77628862ms] GC(25437)   Pre Evacuate Collection Set: 0.0ms
[2023-11-10T12:07:05.230-0800][77628862ms] GC(25437)   Evacuate Collection Set: 1.7ms
[2023-11-10T12:07:05.230-0800][77628862ms] GC(25437)   Post Evacuate Collection Set: 3.1ms
[2023-11-10T12:07:05.230-0800][77628862ms] GC(25437)   Other: 0.3ms
[2023-11-10T12:07:05.230-0800][77628862ms] GC(25437) Eden regions: 157->0(157)
[2023-11-10T12:07:05.230-0800][77628862ms] GC(25437) Survivor regions: 1->1(20)
[2023-11-10T12:07:05.230-0800][77628862ms] GC(25437) Old regions: 1456->1456
[2023-11-10T12:07:05.230-0800][77628862ms] GC(25437) Humongous regions: 5->5
[2023-11-10T12:07:05.230-0800][77628862ms] GC(25437) Metaspace: 305043K->305043K(1349632K)
[2023-11-10T12:07:05.230-0800][77628862ms] GC(25437) Pause Young (Normal) (G1 Evacuation Pause) 3236M->2921M(3602M) 5.150ms
[2023-11-10T12:07:05.230-0800][77628862ms] GC(25437) User=0.14s Sys=0.00s Real=0.01s
[2023-11-10T12:07:05.602-0800][77629234ms] GC(25438) Pause Young (Normal) (G1 Evacuation Pause)
[2023-11-10T12:07:05.602-0800][77629234ms] GC(25438) Using 10 workers of 10 for evacuation
[2023-11-10T12:07:05.608-0800][77629240ms] GC(25438)   Pre Evacuate Collection Set: 0.0ms
[2023-11-10T12:07:05.608-0800][77629240ms] GC(25438)   Evacuate Collection Set: 1.6ms
[2023-11-10T12:07:05.608-0800][77629240ms] GC(25438)   Post Evacuate Collection Set: 3.0ms
[2023-11-10T12:07:05.608-0800][77629240ms] GC(25438)   Other: 0.4ms
[2023-11-10T12:07:05.608-0800][77629240ms] GC(25438) Eden regions: 157->0(157)
[2023-11-10T12:07:05.608-0800][77629240ms] GC(25438) Survivor regions: 1->1(20)
[2023-11-10T12:07:05.608-0800][77629240ms] GC(25438) Old regions: 1456->1456
[2023-11-10T12:07:05.608-0800][77629240ms] GC(25438) Humongous regions: 5->5
[2023-11-10T12:07:05.608-0800][77629240ms] GC(25438) Metaspace: 305043K->305043K(1349632K)
[2023-11-10T12:07:05.608-0800][77629240ms] GC(25438) Pause Young (Normal) (G1 Evacuation Pause) 3235M->2921M(3602M) 5.166ms
[2023-11-10T12:07:05.608-0800][77629240ms] GC(25438) User=0.00s Sys=0.00s Real=0.01s
[2023-11-10T12:07:06.003-0800][77629635ms] GC(25439) Pause Young (Normal) (G1 Evacuation Pause)
[2023-11-10T12:07:06.003-0800][77629635ms] GC(25439) Using 10 workers of 10 for evacuation
[2023-11-10T12:07:06.008-0800][77629640ms] GC(25439)   Pre Evacuate Collection Set: 0.0ms
[2023-11-10T12:07:06.008-0800][77629640ms] GC(25439)   Evacuate Collection Set: 1.7ms
[2023-11-10T12:07:06.008-0800][77629640ms] GC(25439)   Post Evacuate Collection Set: 2.9ms
[2023-11-10T12:07:06.008-0800][77629640ms] GC(25439)   Other: 0.2ms
[2023-11-10T12:07:06.008-0800][77629640ms] GC(25439) Eden regions: 157->0(157)
[2023-11-10T12:07:06.008-0800][77629640ms] GC(25439) Survivor regions: 1->1(20)
[2023-11-10T12:07:06.008-0800][77629640ms] GC(25439) Old regions: 1456->1456
[2023-11-10T12:07:06.008-0800][77629640ms] GC(25439) Humongous regions: 5->5
[2023-11-10T12:07:06.008-0800][77629640ms] GC(25439) Metaspace: 305043K->305043K(1349632K)
[2023-11-10T12:07:06.008-0800][77629640ms] GC(25439) Pause Young (Normal) (G1 Evacuation Pause) 3235M->2921M(3602M) 4.935ms
[2023-11-10T12:07:06.008-0800][77629640ms] GC(25439) User=0.00s Sys=0.00s Real=0.00s
[2023-11-10T12:07:06.363-0800][77629995ms] GC(25440) Pause Young (Normal) (G1 Evacuation Pause)
[2023-11-10T12:07:06.363-0800][77629995ms] GC(25440) Using 10 workers of 10 for evacuation
[2023-11-10T12:07:06.367-0800][77629999ms] GC(25440)   Pre Evacuate Collection Set: 0.1ms
[2023-11-10T12:07:06.367-0800][77629999ms] GC(25440)   Evacuate Collection Set: 1.8ms
[2023-11-10T12:07:06.367-0800][77629999ms] GC(25440)   Post Evacuate Collection Set: 3.2ms
[2023-11-10T12:07:06.367-0800][77629999ms] GC(25440)   Other: 0.3ms
[2023-11-10T12:07:06.367-0800][77629999ms] GC(25440) Eden regions: 157->0(157)
[2023-11-10T12:07:06.367-0800][77629999ms] GC(25440) Survivor regions: 1->1(20)
[2023-11-10T12:07:06.367-0800][77629999ms] GC(25440) Old regions: 1456->1456
[2023-11-10T12:07:06.367-0800][77629999ms] GC(25440) Humongous regions: 5->5
[2023-11-10T12:07:06.367-0800][77629999ms] GC(25440) Metaspace: 305043K->305043K(1349632K)
[2023-11-10T12:07:06.367-0800][77629999ms] GC(25440) Pause Young (Normal) (G1 Evacuation Pause) 3235M->2921M(3602M) 5.427ms
[2023-11-10T12:07:06.368-0800][77630000ms] GC(25440) User=0.00s Sys=0.00s Real=0.00s
[2023-11-10T12:07:06.724-0800][77630356ms] GC(25441) Pause Young (Normal) (G1 Evacuation Pause)
[2023-11-10T12:07:06.724-0800][77630356ms] GC(25441) Using 10 workers of 10 for evacuation
[2023-11-10T12:07:06.728-0800][77630360ms] GC(25441)   Pre Evacuate Collection Set: 0.0ms
[2023-11-10T12:07:06.728-0800][77630360ms] GC(25441)   Evacuate Collection Set: 1.7ms
[2023-11-10T12:07:06.728-0800][77630360ms] GC(25441)   Post Evacuate Collection Set: 3.0ms
[2023-11-10T12:07:06.728-0800][77630360ms] GC(25441)   Other: 0.2ms
[2023-11-10T12:07:06.728-0800][77630360ms] GC(25441) Eden regions: 157->0(157)
[2023-11-10T12:07:06.728-0800][77630360ms] GC(25441) Survivor regions: 1->1(20)
[2023-11-10T12:07:06.728-0800][77630360ms] GC(25441) Old regions: 1456->1456
[2023-11-10T12:07:06.728-0800][77630360ms] GC(25441) Humongous regions: 5->5
[2023-11-10T12:07:06.728-0800][77630360ms] GC(25441) Metaspace: 305043K->305043K(1349632K)
[2023-11-10T12:07:06.728-0800][77630360ms] GC(25441) Pause Young (Normal) (G1 Evacuation Pause) 3235M->2921M(3602M) 5.119ms
[2023-11-10T12:07:06.728-0800][77630360ms] GC(25441) User=0.00s Sys=0.00s Real=0.00s
[2023-11-10T12:07:07.102-0800][77630734ms] GC(25442) Pause Young (Normal) (G1 Evacuation Pause)
[2023-11-10T12:07:07.102-0800][77630734ms] GC(25442) Using 10 workers of 10 for evacuation
[2023-11-10T12:07:07.106-0800][77630738ms] GC(25442)   Pre Evacuate Collection Set: 0.0ms
[2023-11-10T12:07:07.106-0800][77630738ms] GC(25442)   Evacuate Collection Set: 1.7ms
[2023-11-10T12:07:07.106-0800][77630738ms] GC(25442)   Post Evacuate Collection Set: 3.3ms
[2023-11-10T12:07:07.106-0800][77630738ms] GC(25442)   Other: 0.3ms
[2023-11-10T12:07:07.106-0800][77630738ms] GC(25442) Eden regions: 157->0(157)
[2023-11-10T12:07:07.106-0800][77630738ms] GC(25442) Survivor regions: 1->1(20)
[2023-11-10T12:07:07.106-0800][77630738ms] GC(25442) Old regions: 1456->1456
[2023-11-10T12:07:07.106-0800][77630738ms] GC(25442) Humongous regions: 5->5
[2023-11-10T12:07:07.106-0800][77630738ms] GC(25442) Metaspace: 305043K->305043K(1349632K)
[2023-11-10T12:07:07.106-0800][77630738ms] GC(25442) Pause Young (Normal) (G1 Evacuation Pause) 3235M->2921M(3602M) 5.426ms
[2023-11-10T12:07:07.106-0800][77630738ms] GC(25442) User=0.00s Sys=0.00s Real=0.00s
[2023-11-10T12:07:07.490-0800][77631122ms] GC(25443) Pause Young (Normal) (G1 Evacuation Pause)
[2023-11-10T12:07:07.490-0800][77631122ms] GC(25443) Using 10 workers of 10 for evacuation
[2023-11-10T12:07:07.495-0800][77631127ms] GC(25443)   Pre Evacuate Collection Set: 0.0ms
[2023-11-10T12:07:07.495-0800][77631127ms] GC(25443)   Evacuate Collection Set: 1.7ms
[2023-11-10T12:07:07.495-0800][77631127ms] GC(25443)   Post Evacuate Collection Set: 3.6ms
[2023-11-10T12:07:07.495-0800][77631127ms] GC(25443)   Other: 0.3ms
[2023-11-10T12:07:07.495-0800][77631127ms] GC(25443) Eden regions: 157->0(157)
[2023-11-10T12:07:07.495-0800][77631127ms] GC(25443) Survivor regions: 1->1(20)
[2023-11-10T12:07:07.495-0800][77631127ms] GC(25443) Old regions: 1456->1456
[2023-11-10T12:07:07.495-0800][77631127ms] GC(25443) Humongous regions: 5->5
[2023-11-10T12:07:07.495-0800][77631127ms] GC(25443) Metaspace: 305043K->305043K(1349632K)
[2023-11-10T12:07:07.495-0800][77631127ms] GC(25443) Pause Young (Normal) (G1 Evacuation Pause) 3235M->2921M(3602M) 5.771ms
[2023-11-10T12:07:07.495-0800][77631127ms] GC(25443) User=0.00s Sys=0.03s Real=0.00s
[2023-11-10T12:07:07.965-0800][77631597ms] GC(25444) Pause Young (Normal) (G1 Evacuation Pause)
[2023-11-10T12:07:07.965-0800][77631597ms] GC(25444) Using 10 workers of 10 for evacuation
[2023-11-10T12:07:07.973-0800][77631605ms] GC(25444)   Pre Evacuate Collection Set: 0.1ms
[2023-11-10T12:07:07.973-0800][77631605ms] GC(25444)   Evacuate Collection Set: 2.4ms
[2023-11-10T12:07:07.973-0800][77631605ms] GC(25444)   Post Evacuate Collection Set: 4.6ms
[2023-11-10T12:07:07.973-0800][77631605ms] GC(25444)   Other: 0.4ms
[2023-11-10T12:07:07.973-0800][77631605ms] GC(25444) Eden regions: 157->0(157)
[2023-11-10T12:07:07.973-0800][77631605ms] GC(25444) Survivor regions: 1->1(20)
[2023-11-10T12:07:07.973-0800][77631605ms] GC(25444) Old regions: 1456->1456
[2023-11-10T12:07:07.973-0800][77631605ms] GC(25444) Humongous regions: 5->5
[2023-11-10T12:07:07.973-0800][77631605ms] GC(25444) Metaspace: 305043K->305043K(1349632K)
[2023-11-10T12:07:07.973-0800][77631605ms] GC(25444) Pause Young (Normal) (G1 Evacuation Pause) 3235M->2921M(3602M) 7.586ms
[2023-11-10T12:07:07.973-0800][77631605ms] GC(25444) User=0.00s Sys=0.00s Real=0.01s
[2023-11-10T12:07:08.407-0800][77632039ms] GC(25445) Pause Young (Normal) (G1 Evacuation Pause)
[2023-11-10T12:07:08.407-0800][77632039ms] GC(25445) Using 10 workers of 10 for evacuation
[2023-11-10T12:07:08.415-0800][77632047ms] GC(25445)   Pre Evacuate Collection Set: 0.1ms
[2023-11-10T12:07:08.415-0800][77632047ms] GC(25445)   Evacuate Collection Set: 1.9ms
[2023-11-10T12:07:08.415-0800][77632047ms] GC(25445)   Post Evacuate Collection Set: 5.5ms
[2023-11-10T12:07:08.415-0800][77632047ms] GC(25445)   Other: 0.4ms
[2023-11-10T12:07:08.415-0800][77632047ms] GC(25445) Eden regions: 157->0(157)
[2023-11-10T12:07:08.415-0800][77632047ms] GC(25445) Survivor regions: 1->1(20)
[2023-11-10T12:07:08.415-0800][77632047ms] GC(25445) Old regions: 1456->1456
[2023-11-10T12:07:08.415-0800][77632047ms] GC(25445) Humongous regions: 5->5
[2023-11-10T12:07:08.415-0800][77632047ms] GC(25445) Metaspace: 305043K->305043K(1349632K)
[2023-11-10T12:07:08.415-0800][77632047ms] GC(25445) Pause Young (Normal) (G1 Evacuation Pause) 3235M->2921M(3602M) 8.207ms
[2023-11-10T12:07:08.415-0800][77632047ms] GC(25445) User=0.02s Sys=0.00s Real=0.01s
[2023-11-10T12:07:08.779-0800][77632412ms] GC(25446) Pause Young (Normal) (G1 Evacuation Pause)
[2023-11-10T12:07:08.780-0800][77632412ms] GC(25446) Using 10 workers of 10 for evacuation
[2023-11-10T12:07:08.785-0800][77632417ms] GC(25446)   Pre Evacuate Collection Set: 0.0ms
[2023-11-10T12:07:08.785-0800][77632417ms] GC(25446)   Evacuate Collection Set: 1.7ms
[2023-11-10T12:07:08.785-0800][77632417ms] GC(25446)   Post Evacuate Collection Set: 3.2ms
[2023-11-10T12:07:08.786-0800][77632418ms] GC(25446)   Other: 0.3ms
[2023-11-10T12:07:08.786-0800][77632418ms] GC(25446) Eden regions: 157->0(157)
[2023-11-10T12:07:08.786-0800][77632418ms] GC(25446) Survivor regions: 1->1(20)
[2023-11-10T12:07:08.786-0800][77632418ms] GC(25446) Old regions: 1456->1456
[2023-11-10T12:07:08.786-0800][77632418ms] GC(25446) Humongous regions: 5->5
[2023-11-10T12:07:08.786-0800][77632418ms] GC(25446) Metaspace: 305043K->305043K(1349632K)
[2023-11-10T12:07:08.786-0800][77632418ms] GC(25446) Pause Young (Normal) (G1 Evacuation Pause) 3235M->2922M(3602M) 5.330ms
[2023-11-10T12:07:08.786-0800][77632418ms] GC(25446) User=0.00s Sys=0.00s Real=0.01s
[2023-11-10T12:07:09.144-0800][77632776ms] GC(25447) Pause Young (Normal) (G1 Evacuation Pause)
[2023-11-10T12:07:09.144-0800][77632776ms] GC(25447) Using 10 workers of 10 for evacuation
[2023-11-10T12:07:09.149-0800][77632781ms] GC(25447)   Pre Evacuate Collection Set: 0.1ms
[2023-11-10T12:07:09.149-0800][77632781ms] GC(25447)   Evacuate Collection Set: 1.7ms
[2023-11-10T12:07:09.149-0800][77632781ms] GC(25447)   Post Evacuate Collection Set: 3.6ms
[2023-11-10T12:07:09.149-0800][77632781ms] GC(25447)   Other: 0.3ms
[2023-11-10T12:07:09.149-0800][77632781ms] GC(25447) Eden regions: 157->0(157)
[2023-11-10T12:07:09.149-0800][77632781ms] GC(25447) Survivor regions: 1->1(20)
[2023-11-10T12:07:09.149-0800][77632781ms] GC(25447) Old regions: 1456->1456
[2023-11-10T12:07:09.149-0800][77632781ms] GC(25447) Humongous regions: 5->5
[2023-11-10T12:07:09.149-0800][77632781ms] GC(25447) Metaspace: 305043K->305043K(1349632K)
[2023-11-10T12:07:09.149-0800][77632781ms] GC(25447) Pause Young (Normal) (G1 Evacuation Pause) 3236M->2922M(3602M) 5.740ms
[2023-11-10T12:07:09.149-0800][77632781ms] GC(25447) User=0.02s Sys=0.00s Real=0.00s
[2023-11-10T12:07:09.537-0800][77633169ms] GC(25448) Pause Young (Normal) (G1 Evacuation Pause)
[2023-11-10T12:07:09.537-0800][77633169ms] GC(25448) Using 10 workers of 10 for evacuation
[2023-11-10T12:07:09.542-0800][77633174ms] GC(25448)   Pre Evacuate Collection Set: 0.0ms
[2023-11-10T12:07:09.542-0800][77633174ms] GC(25448)   Evacuate Collection Set: 1.7ms
[2023-11-10T12:07:09.542-0800][77633174ms] GC(25448)   Post Evacuate Collection Set: 3.1ms
[2023-11-10T12:07:09.542-0800][77633174ms] GC(25448)   Other: 0.3ms
[2023-11-10T12:07:09.542-0800][77633174ms] GC(25448) Eden regions: 157->0(157)
[2023-11-10T12:07:09.542-0800][77633174ms] GC(25448) Survivor regions: 1->1(20)
[2023-11-10T12:07:09.542-0800][77633174ms] GC(25448) Old regions: 1456->1456
[2023-11-10T12:07:09.542-0800][77633174ms] GC(25448) Humongous regions: 5->5
[2023-11-10T12:07:09.542-0800][77633174ms] GC(25448) Metaspace: 305043K->305043K(1349632K)
[2023-11-10T12:07:09.542-0800][77633174ms] GC(25448) Pause Young (Normal) (G1 Evacuation Pause) 3236M->2921M(3602M) 5.267ms
[2023-11-10T12:07:09.542-0800][77633174ms] GC(25448) User=0.06s Sys=0.00s Real=0.01s
[2023-11-10T12:07:09.965-0800][77633597ms] GC(25449) Pause Young (Normal) (G1 Evacuation Pause)
[2023-11-10T12:07:09.965-0800][77633597ms] GC(25449) Using 10 workers of 10 for evacuation
[2023-11-10T12:07:09.970-0800][77633602ms] GC(25449)   Pre Evacuate Collection Set: 0.1ms
[2023-11-10T12:07:09.970-0800][77633602ms] GC(25449)   Evacuate Collection Set: 1.6ms
[2023-11-10T12:07:09.970-0800][77633602ms] GC(25449)   Post Evacuate Collection Set: 3.1ms
[2023-11-10T12:07:09.970-0800][77633602ms] GC(25449)   Other: 0.3ms
[2023-11-10T12:07:09.970-0800][77633602ms] GC(25449) Eden regions: 157->0(157)
[2023-11-10T12:07:09.970-0800][77633602ms] GC(25449) Survivor regions: 1->1(20)
[2023-11-10T12:07:09.970-0800][77633602ms] GC(25449) Old regions: 1456->1456
[2023-11-10T12:07:09.970-0800][77633602ms] GC(25449) Humongous regions: 5->5
[2023-11-10T12:07:09.970-0800][77633602ms] GC(25449) Metaspace: 305043K->305043K(1349632K)
[2023-11-10T12:07:09.970-0800][77633602ms] GC(25449) Pause Young (Normal) (G1 Evacuation Pause) 3235M->2921M(3602M) 5.096ms
[2023-11-10T12:07:09.970-0800][77633602ms] GC(25449) User=0.00s Sys=0.00s Real=0.01s
[2023-11-10T12:07:10.397-0800][77634029ms] GC(25450) Pause Young (Normal) (G1 Evacuation Pause)
[2023-11-10T12:07:10.397-0800][77634029ms] GC(25450) Using 10 workers of 10 for evacuation
[2023-11-10T12:07:10.404-0800][77634036ms] GC(25450)   Pre Evacuate Collection Set: 0.1ms
[2023-11-10T12:07:10.404-0800][77634036ms] GC(25450)   Evacuate Collection Set: 2.7ms
[2023-11-10T12:07:10.404-0800][77634036ms] GC(25450)   Post Evacuate Collection Set: 5.0ms
[2023-11-10T12:07:10.404-0800][77634036ms] GC(25450)   Other: 0.4ms
[2023-11-10T12:07:10.404-0800][77634036ms] GC(25450) Eden regions: 157->0(157)
[2023-11-10T12:07:10.404-0800][77634036ms] GC(25450) Survivor regions: 1->1(20)
[2023-11-10T12:07:10.404-0800][77634036ms] GC(25450) Old regions: 1456->1456
[2023-11-10T12:07:10.404-0800][77634036ms] GC(25450) Humongous regions: 5->5
[2023-11-10T12:07:10.404-0800][77634036ms] GC(25450) Metaspace: 305043K->305043K(1349632K)
[2023-11-10T12:07:10.404-0800][77634036ms] GC(25450) Pause Young (Normal) (G1 Evacuation Pause) 3235M->2921M(3602M) 8.249ms
[2023-11-10T12:07:10.404-0800][77634036ms] GC(25450) User=0.05s Sys=0.00s Real=0.01s
[2023-11-10T12:07:10.732-0800][77634364ms] GC(25451) Pause Young (Normal) (G1 Evacuation Pause)
[2023-11-10T12:07:10.732-0800][77634364ms] GC(25451) Using 10 workers of 10 for evacuation
[2023-11-10T12:07:10.737-0800][77634369ms] GC(25451)   Pre Evacuate Collection Set: 0.0ms
[2023-11-10T12:07:10.737-0800][77634369ms] GC(25451)   Evacuate Collection Set: 1.7ms
[2023-11-10T12:07:10.737-0800][77634369ms] GC(25451)   Post Evacuate Collection Set: 3.1ms
[2023-11-10T12:07:10.737-0800][77634369ms] GC(25451)   Other: 0.3ms
[2023-11-10T12:07:10.737-0800][77634369ms] GC(25451) Eden regions: 157->0(157)
[2023-11-10T12:07:10.737-0800][77634369ms] GC(25451) Survivor regions: 1->1(20)
[2023-11-10T12:07:10.737-0800][77634369ms] GC(25451) Old regions: 1456->1456
[2023-11-10T12:07:10.737-0800][77634369ms] GC(25451) Humongous regions: 5->5
[2023-11-10T12:07:10.737-0800][77634369ms] GC(25451) Metaspace: 305043K->305043K(1349632K)
[2023-11-10T12:07:10.737-0800][77634369ms] GC(25451) Pause Young (Normal) (G1 Evacuation Pause) 3235M->2921M(3602M) 5.149ms
[2023-11-10T12:07:10.737-0800][77634369ms] GC(25451) User=0.00s Sys=0.00s Real=0.00s
[2023-11-10T12:07:11.082-0800][77634714ms] GC(25452) Pause Young (Normal) (G1 Evacuation Pause)
[2023-11-10T12:07:11.082-0800][77634714ms] GC(25452) Using 10 workers of 10 for evacuation
[2023-11-10T12:07:11.087-0800][77634719ms] GC(25452)   Pre Evacuate Collection Set: 0.0ms
[2023-11-10T12:07:11.087-0800][77634719ms] GC(25452)   Evacuate Collection Set: 1.8ms
[2023-11-10T12:07:11.087-0800][77634719ms] GC(25452)   Post Evacuate Collection Set: 3.0ms
[2023-11-10T12:07:11.087-0800][77634719ms] GC(25452)   Other: 0.2ms
[2023-11-10T12:07:11.087-0800][77634719ms] GC(25452) Eden regions: 157->0(157)
[2023-11-10T12:07:11.087-0800][77634719ms] GC(25452) Survivor regions: 1->1(20)
[2023-11-10T12:07:11.087-0800][77634719ms] GC(25452) Old regions: 1456->1456
[2023-11-10T12:07:11.087-0800][77634719ms] GC(25452) Humongous regions: 5->5
[2023-11-10T12:07:11.087-0800][77634719ms] GC(25452) Metaspace: 305043K->305043K(1349632K)
[2023-11-10T12:07:11.087-0800][77634719ms] GC(25452) Pause Young (Normal) (G1 Evacuation Pause) 3235M->2921M(3602M) 5.190ms
[2023-11-10T12:07:11.087-0800][77634719ms] GC(25452) User=0.00s Sys=0.00s Real=0.00s
[2023-11-10T12:07:11.472-0800][77635104ms] GC(25453) Pause Young (Normal) (G1 Evacuation Pause)
[2023-11-10T12:07:11.472-0800][77635104ms] GC(25453) Using 10 workers of 10 for evacuation
[2023-11-10T12:07:11.477-0800][77635109ms] GC(25453)   Pre Evacuate Collection Set: 0.0ms
[2023-11-10T12:07:11.477-0800][77635109ms] GC(25453)   Evacuate Collection Set: 1.7ms
[2023-11-10T12:07:11.477-0800][77635109ms] GC(25453)   Post Evacuate Collection Set: 3.1ms
[2023-11-10T12:07:11.477-0800][77635109ms] GC(25453)   Other: 0.2ms
[2023-11-10T12:07:11.477-0800][77635109ms] GC(25453) Eden regions: 157->0(157)
[2023-11-10T12:07:11.477-0800][77635109ms] GC(25453) Survivor regions: 1->1(20)
[2023-11-10T12:07:11.477-0800][77635109ms] GC(25453) Old regions: 1456->1456
[2023-11-10T12:07:11.477-0800][77635109ms] GC(25453) Humongous regions: 5->5
[2023-11-10T12:07:11.477-0800][77635109ms] GC(25453) Metaspace: 305043K->305043K(1349632K)
[2023-11-10T12:07:11.477-0800][77635109ms] GC(25453) Pause Young (Normal) (G1 Evacuation Pause) 3235M->2921M(3602M) 5.176ms
[2023-11-10T12:07:11.477-0800][77635109ms] GC(25453) User=0.00s Sys=0.00s Real=0.01s
[2023-11-10T12:07:11.872-0800][77635504ms] GC(25454) Pause Young (Normal) (G1 Evacuation Pause)
[2023-11-10T12:07:11.872-0800][77635504ms] GC(25454) Using 10 workers of 10 for evacuation
[2023-11-10T12:07:11.878-0800][77635510ms] GC(25454)   Pre Evacuate Collection Set: 0.1ms
[2023-11-10T12:07:11.878-0800][77635510ms] GC(25454)   Evacuate Collection Set: 2.2ms
[2023-11-10T12:07:11.878-0800][77635510ms] GC(25454)   Post Evacuate Collection Set: 4.3ms
[2023-11-10T12:07:11.878-0800][77635510ms] GC(25454)   Other: 0.5ms
[2023-11-10T12:07:11.878-0800][77635510ms] GC(25454) Eden regions: 157->0(157)
[2023-11-10T12:07:11.878-0800][77635510ms] GC(25454) Survivor regions: 1->1(20)
[2023-11-10T12:07:11.878-0800][77635510ms] GC(25454) Old regions: 1456->1456
[2023-11-10T12:07:11.878-0800][77635510ms] GC(25454) Humongous regions: 5->5
[2023-11-10T12:07:11.878-0800][77635510ms] GC(25454) Metaspace: 305043K->305043K(1349632K)
[2023-11-10T12:07:11.878-0800][77635510ms] GC(25454) Pause Young (Normal) (G1 Evacuation Pause) 3235M->2921M(3602M) 7.246ms
[2023-11-10T12:07:11.878-0800][77635510ms] GC(25454) User=0.00s Sys=0.00s Real=0.01s
[2023-11-10T12:07:12.295-0800][77635927ms] GC(25455) Pause Young (Normal) (G1 Evacuation Pause)
[2023-11-10T12:07:12.295-0800][77635927ms] GC(25455) Using 10 workers of 10 for evacuation
[2023-11-10T12:07:12.301-0800][77635933ms] GC(25455)   Pre Evacuate Collection Set: 0.1ms
[2023-11-10T12:07:12.301-0800][77635933ms] GC(25455)   Evacuate Collection Set: 2.0ms
[2023-11-10T12:07:12.301-0800][77635933ms] GC(25455)   Post Evacuate Collection Set: 3.7ms
[2023-11-10T12:07:12.301-0800][77635933ms] GC(25455)   Other: 0.4ms
[2023-11-10T12:07:12.301-0800][77635933ms] GC(25455) Eden regions: 157->0(157)
[2023-11-10T12:07:12.301-0800][77635933ms] GC(25455) Survivor regions: 1->1(20)
[2023-11-10T12:07:12.301-0800][77635933ms] GC(25455) Old regions: 1456->1456
[2023-11-10T12:07:12.301-0800][77635933ms] GC(25455) Humongous regions: 5->5
[2023-11-10T12:07:12.302-0800][77635934ms] GC(25455) Metaspace: 305043K->305043K(1349632K)
[2023-11-10T12:07:12.302-0800][77635934ms] GC(25455) Pause Young (Normal) (G1 Evacuation Pause) 3235M->2922M(3602M) 6.273ms
[2023-11-10T12:07:12.302-0800][77635934ms] GC(25455) User=0.00s Sys=0.00s Real=0.01s
[2023-11-10T12:07:12.656-0800][77636288ms] GC(25456) Pause Young (Normal) (G1 Evacuation Pause)
[2023-11-10T12:07:12.656-0800][77636288ms] GC(25456) Using 10 workers of 10 for evacuation
[2023-11-10T12:07:12.662-0800][77636294ms] GC(25456)   Pre Evacuate Collection Set: 0.1ms
[2023-11-10T12:07:12.662-0800][77636294ms] GC(25456)   Evacuate Collection Set: 1.8ms
[2023-11-10T12:07:12.662-0800][77636294ms] GC(25456)   Post Evacuate Collection Set: 3.5ms
[2023-11-10T12:07:12.662-0800][77636294ms] GC(25456)   Other: 0.3ms
[2023-11-10T12:07:12.662-0800][77636294ms] GC(25456) Eden regions: 157->0(157)
[2023-11-10T12:07:12.662-0800][77636294ms] GC(25456) Survivor regions: 1->1(20)
[2023-11-10T12:07:12.662-0800][77636294ms] GC(25456) Old regions: 1456->1456
[2023-11-10T12:07:12.662-0800][77636294ms] GC(25456) Humongous regions: 5->5
[2023-11-10T12:07:12.662-0800][77636294ms] GC(25456) Metaspace: 305043K->305043K(1349632K)
[2023-11-10T12:07:12.662-0800][77636294ms] GC(25456) Pause Young (Normal) (G1 Evacuation Pause) 3236M->2922M(3602M) 5.815ms
[2023-11-10T12:07:12.662-0800][77636294ms] GC(25456) User=0.00s Sys=0.00s Real=0.01s
[2023-11-10T12:07:13.052-0800][77636684ms] GC(25457) Pause Young (Normal) (G1 Evacuation Pause)
[2023-11-10T12:07:13.052-0800][77636684ms] GC(25457) Using 10 workers of 10 for evacuation
[2023-11-10T12:07:13.057-0800][77636689ms] GC(25457)   Pre Evacuate Collection Set: 0.0ms
[2023-11-10T12:07:13.058-0800][77636690ms] GC(25457)   Evacuate Collection Set: 1.6ms
[2023-11-10T12:07:13.058-0800][77636690ms] GC(25457)   Post Evacuate Collection Set: 3.5ms
[2023-11-10T12:07:13.058-0800][77636690ms] GC(25457)   Other: 0.2ms
[2023-11-10T12:07:13.058-0800][77636690ms] GC(25457) Eden regions: 157->0(157)
[2023-11-10T12:07:13.058-0800][77636690ms] GC(25457) Survivor regions: 1->1(20)
[2023-11-10T12:07:13.058-0800][77636690ms] GC(25457) Old regions: 1456->1456
[2023-11-10T12:07:13.058-0800][77636690ms] GC(25457) Humongous regions: 5->5
[2023-11-10T12:07:13.058-0800][77636690ms] GC(25457) Metaspace: 305043K->305043K(1349632K)
[2023-11-10T12:07:13.058-0800][77636690ms] GC(25457) Pause Young (Normal) (G1 Evacuation Pause) 3236M->2922M(3602M) 5.558ms
[2023-11-10T12:07:13.058-0800][77636690ms] GC(25457) User=0.05s Sys=0.00s Real=0.01s
[2023-11-10T12:07:13.397-0800][77637029ms] GC(25458) Pause Young (Normal) (G1 Evacuation Pause)
[2023-11-10T12:07:13.397-0800][77637029ms] GC(25458) Using 10 workers of 10 for evacuation
[2023-11-10T12:07:13.402-0800][77637034ms] GC(25458)   Pre Evacuate Collection Set: 0.1ms
[2023-11-10T12:07:13.402-0800][77637034ms] GC(25458)   Evacuate Collection Set: 1.7ms
[2023-11-10T12:07:13.402-0800][77637034ms] GC(25458)   Post Evacuate Collection Set: 3.1ms
[2023-11-10T12:07:13.402-0800][77637034ms] GC(25458)   Other: 0.3ms
[2023-11-10T12:07:13.402-0800][77637034ms] GC(25458) Eden regions: 157->0(157)
[2023-11-10T12:07:13.402-0800][77637034ms] GC(25458) Survivor regions: 1->1(20)
[2023-11-10T12:07:13.402-0800][77637034ms] GC(25458) Old regions: 1456->1456
[2023-11-10T12:07:13.402-0800][77637034ms] GC(25458) Humongous regions: 5->5
[2023-11-10T12:07:13.402-0800][77637034ms] GC(25458) Metaspace: 305043K->305043K(1349632K)
[2023-11-10T12:07:13.402-0800][77637034ms] GC(25458) Pause Young (Normal) (G1 Evacuation Pause) 3236M->2922M(3602M) 5.321ms
[2023-11-10T12:07:13.402-0800][77637034ms] GC(25458) User=0.05s Sys=0.00s Real=0.00s
[2023-11-10T12:07:13.767-0800][77637399ms] GC(25459) Pause Young (Normal) (G1 Evacuation Pause)
[2023-11-10T12:07:13.767-0800][77637399ms] GC(25459) Using 10 workers of 10 for evacuation
[2023-11-10T12:07:13.772-0800][77637404ms] GC(25459)   Pre Evacuate Collection Set: 0.0ms
[2023-11-10T12:07:13.772-0800][77637404ms] GC(25459)   Evacuate Collection Set: 1.7ms
[2023-11-10T12:07:13.772-0800][77637404ms] GC(25459)   Post Evacuate Collection Set: 3.1ms
[2023-11-10T12:07:13.772-0800][77637404ms] GC(25459)   Other: 0.3ms
[2023-11-10T12:07:13.772-0800][77637404ms] GC(25459) Eden regions: 157->0(157)
[2023-11-10T12:07:13.772-0800][77637404ms] GC(25459) Survivor regions: 1->1(20)
[2023-11-10T12:07:13.772-0800][77637404ms] GC(25459) Old regions: 1456->1456
[2023-11-10T12:07:13.772-0800][77637404ms] GC(25459) Humongous regions: 5->5
[2023-11-10T12:07:13.772-0800][77637404ms] GC(25459) Metaspace: 305043K->305043K(1349632K)
[2023-11-10T12:07:13.772-0800][77637404ms] GC(25459) Pause Young (Normal) (G1 Evacuation Pause) 3236M->2922M(3602M) 5.256ms
[2023-11-10T12:07:13.772-0800][77637404ms] GC(25459) User=0.00s Sys=0.00s Real=0.01s
[2023-11-10T12:07:14.128-0800][77637760ms] GC(25460) Pause Young (Normal) (G1 Evacuation Pause)
[2023-11-10T12:07:14.128-0800][77637760ms] GC(25460) Using 10 workers of 10 for evacuation
[2023-11-10T12:07:14.132-0800][77637764ms] GC(25460)   Pre Evacuate Collection Set: 0.0ms
[2023-11-10T12:07:14.132-0800][77637764ms] GC(25460)   Evacuate Collection Set: 1.7ms
[2023-11-10T12:07:14.132-0800][77637764ms] GC(25460)   Post Evacuate Collection Set: 3.0ms
[2023-11-10T12:07:14.132-0800][77637764ms] GC(25460)   Other: 0.3ms
[2023-11-10T12:07:14.133-0800][77637765ms] GC(25460) Eden regions: 157->0(157)
[2023-11-10T12:07:14.133-0800][77637765ms] GC(25460) Survivor regions: 1->1(20)
[2023-11-10T12:07:14.133-0800][77637765ms] GC(25460) Old regions: 1456->1456
[2023-11-10T12:07:14.133-0800][77637765ms] GC(25460) Humongous regions: 5->5
[2023-11-10T12:07:14.133-0800][77637765ms] GC(25460) Metaspace: 305043K->305043K(1349632K)
[2023-11-10T12:07:14.133-0800][77637765ms] GC(25460) Pause Young (Normal) (G1 Evacuation Pause) 3236M->2922M(3602M) 5.036ms
[2023-11-10T12:07:14.133-0800][77637765ms] GC(25460) User=0.02s Sys=0.00s Real=0.00s
[2023-11-10T12:07:14.547-0800][77638179ms] GC(25461) Pause Young (Normal) (G1 Evacuation Pause)
[2023-11-10T12:07:14.547-0800][77638179ms] GC(25461) Using 10 workers of 10 for evacuation
[2023-11-10T12:07:14.553-0800][77638185ms] GC(25461)   Pre Evacuate Collection Set: 0.1ms
[2023-11-10T12:07:14.554-0800][77638186ms] GC(25461)   Evacuate Collection Set: 1.9ms
[2023-11-10T12:07:14.554-0800][77638186ms] GC(25461)   Post Evacuate Collection Set: 3.2ms
[2023-11-10T12:07:14.554-0800][77638186ms] GC(25461)   Other: 0.3ms
[2023-11-10T12:07:14.554-0800][77638186ms] GC(25461) Eden regions: 157->0(157)
[2023-11-10T12:07:14.554-0800][77638186ms] GC(25461) Survivor regions: 1->1(20)
[2023-11-10T12:07:14.554-0800][77638186ms] GC(25461) Old regions: 1456->1456
[2023-11-10T12:07:14.554-0800][77638186ms] GC(25461) Humongous regions: 5->5
[2023-11-10T12:07:14.554-0800][77638186ms] GC(25461) Metaspace: 305043K->305043K(1349632K)
[2023-11-10T12:07:14.554-0800][77638186ms] GC(25461) Pause Young (Normal) (G1 Evacuation Pause) 3236M->2922M(3602M) 5.546ms
[2023-11-10T12:07:14.554-0800][77638186ms] GC(25461) User=0.00s Sys=0.00s Real=0.01s
[2023-11-10T12:07:14.942-0800][77638574ms] GC(25462) Pause Young (Normal) (G1 Evacuation Pause)
[2023-11-10T12:07:14.942-0800][77638575ms] GC(25462) Using 10 workers of 10 for evacuation
[2023-11-10T12:07:14.949-0800][77638581ms] GC(25462)   Pre Evacuate Collection Set: 0.1ms
[2023-11-10T12:07:14.949-0800][77638581ms] GC(25462)   Evacuate Collection Set: 2.1ms
[2023-11-10T12:07:14.949-0800][77638581ms] GC(25462)   Post Evacuate Collection Set: 4.1ms
[2023-11-10T12:07:14.949-0800][77638581ms] GC(25462)   Other: 0.4ms
[2023-11-10T12:07:14.949-0800][77638581ms] GC(25462) Eden regions: 157->0(157)
[2023-11-10T12:07:14.949-0800][77638581ms] GC(25462) Survivor regions: 1->1(20)
[2023-11-10T12:07:14.949-0800][77638581ms] GC(25462) Old regions: 1456->1456
[2023-11-10T12:07:14.949-0800][77638581ms] GC(25462) Humongous regions: 5->5
[2023-11-10T12:07:14.949-0800][77638581ms] GC(25462) Metaspace: 305043K->305043K(1349632K)
[2023-11-10T12:07:14.949-0800][77638581ms] GC(25462) Pause Young (Normal) (G1 Evacuation Pause) 3236M->2922M(3602M) 6.670ms
[2023-11-10T12:07:14.949-0800][77638581ms] GC(25462) User=0.02s Sys=0.00s Real=0.01s
[2023-11-10T12:07:15.395-0800][77639027ms] GC(25463) Pause Young (Normal) (G1 Evacuation Pause)
[2023-11-10T12:07:15.395-0800][77639027ms] GC(25463) Using 10 workers of 10 for evacuation
[2023-11-10T12:07:15.400-0800][77639033ms] GC(25463)   Pre Evacuate Collection Set: 0.0ms
[2023-11-10T12:07:15.401-0800][77639033ms] GC(25463)   Evacuate Collection Set: 1.6ms
[2023-11-10T12:07:15.401-0800][77639033ms] GC(25463)   Post Evacuate Collection Set: 3.5ms
[2023-11-10T12:07:15.401-0800][77639033ms] GC(25463)   Other: 0.3ms
[2023-11-10T12:07:15.401-0800][77639033ms] GC(25463) Eden regions: 157->0(157)
[2023-11-10T12:07:15.401-0800][77639033ms] GC(25463) Survivor regions: 1->1(20)
[2023-11-10T12:07:15.401-0800][77639033ms] GC(25463) Old regions: 1456->1456
[2023-11-10T12:07:15.401-0800][77639033ms] GC(25463) Humongous regions: 5->5
[2023-11-10T12:07:15.401-0800][77639033ms] GC(25463) Metaspace: 305043K->305043K(1349632K)
[2023-11-10T12:07:15.401-0800][77639033ms] GC(25463) Pause Young (Normal) (G1 Evacuation Pause) 3236M->2922M(3602M) 5.592ms
[2023-11-10T12:07:15.401-0800][77639033ms] GC(25463) User=0.02s Sys=0.00s Real=0.01s
[2023-11-10T12:07:15.824-0800][77639456ms] GC(25464) Pause Young (Normal) (G1 Evacuation Pause)
[2023-11-10T12:07:15.824-0800][77639456ms] GC(25464) Using 10 workers of 10 for evacuation
[2023-11-10T12:07:15.829-0800][77639461ms] GC(25464)   Pre Evacuate Collection Set: 0.0ms
[2023-11-10T12:07:15.829-0800][77639461ms] GC(25464)   Evacuate Collection Set: 1.7ms
[2023-11-10T12:07:15.829-0800][77639461ms] GC(25464)   Post Evacuate Collection Set: 3.2ms
[2023-11-10T12:07:15.829-0800][77639461ms] GC(25464)   Other: 0.3ms
[2023-11-10T12:07:15.829-0800][77639461ms] GC(25464) Eden regions: 157->0(157)
[2023-11-10T12:07:15.829-0800][77639461ms] GC(25464) Survivor regions: 1->1(20)
[2023-11-10T12:07:15.829-0800][77639461ms] GC(25464) Old regions: 1456->1456
[2023-11-10T12:07:15.829-0800][77639461ms] GC(25464) Humongous regions: 5->5
[2023-11-10T12:07:15.829-0800][77639461ms] GC(25464) Metaspace: 305043K->305043K(1349632K)
[2023-11-10T12:07:15.829-0800][77639461ms] GC(25464) Pause Young (Normal) (G1 Evacuation Pause) 3236M->2922M(3602M) 5.444ms
[2023-11-10T12:07:15.829-0800][77639461ms] GC(25464) User=0.00s Sys=0.00s Real=0.01s
[2023-11-10T12:07:16.268-0800][77639900ms] GC(25465) Pause Young (Normal) (G1 Evacuation Pause)
[2023-11-10T12:07:16.268-0800][77639900ms] GC(25465) Using 10 workers of 10 for evacuation
[2023-11-10T12:07:16.274-0800][77639906ms] GC(25465)   Pre Evacuate Collection Set: 0.0ms
[2023-11-10T12:07:16.274-0800][77639906ms] GC(25465)   Evacuate Collection Set: 1.6ms
[2023-11-10T12:07:16.274-0800][77639906ms] GC(25465)   Post Evacuate Collection Set: 3.1ms
[2023-11-10T12:07:16.274-0800][77639906ms] GC(25465)   Other: 0.3ms
[2023-11-10T12:07:16.274-0800][77639906ms] GC(25465) Eden regions: 157->0(157)
[2023-11-10T12:07:16.274-0800][77639906ms] GC(25465) Survivor regions: 1->1(20)
[2023-11-10T12:07:16.274-0800][77639906ms] GC(25465) Old regions: 1456->1456
[2023-11-10T12:07:16.274-0800][77639906ms] GC(25465) Humongous regions: 5->5
[2023-11-10T12:07:16.274-0800][77639906ms] GC(25465) Metaspace: 305043K->305043K(1349632K)
[2023-11-10T12:07:16.274-0800][77639906ms] GC(25465) Pause Young (Normal) (G1 Evacuation Pause) 3236M->2922M(3602M) 5.146ms
[2023-11-10T12:07:16.274-0800][77639906ms] GC(25465) User=0.00s Sys=0.00s Real=0.01s
[2023-11-10T12:07:16.618-0800][77640250ms] GC(25466) Pause Young (Normal) (G1 Evacuation Pause)
[2023-11-10T12:07:16.618-0800][77640250ms] GC(25466) Using 10 workers of 10 for evacuation
[2023-11-10T12:07:16.624-0800][77640256ms] GC(25466)   Pre Evacuate Collection Set: 0.0ms
[2023-11-10T12:07:16.624-0800][77640256ms] GC(25466)   Evacuate Collection Set: 1.7ms
[2023-11-10T12:07:16.624-0800][77640256ms] GC(25466)   Post Evacuate Collection Set: 3.2ms
[2023-11-10T12:07:16.624-0800][77640256ms] GC(25466)   Other: 0.3ms
[2023-11-10T12:07:16.624-0800][77640256ms] GC(25466) Eden regions: 157->0(157)
[2023-11-10T12:07:16.624-0800][77640256ms] GC(25466) Survivor regions: 1->1(20)
[2023-11-10T12:07:16.624-0800][77640256ms] GC(25466) Old regions: 1456->1456
[2023-11-10T12:07:16.624-0800][77640256ms] GC(25466) Humongous regions: 5->5
[2023-11-10T12:07:16.624-0800][77640256ms] GC(25466) Metaspace: 305043K->305043K(1349632K)
[2023-11-10T12:07:16.624-0800][77640256ms] GC(25466) Pause Young (Normal) (G1 Evacuation Pause) 3236M->2922M(3602M) 5.312ms
[2023-11-10T12:07:16.624-0800][77640256ms] GC(25466) User=0.00s Sys=0.00s Real=0.01s
[2023-11-10T12:07:16.970-0800][77640602ms] GC(25467) Pause Young (Normal) (G1 Evacuation Pause)
[2023-11-10T12:07:16.970-0800][77640602ms] GC(25467) Using 10 workers of 10 for evacuation
[2023-11-10T12:07:16.974-0800][77640606ms] GC(25467)   Pre Evacuate Collection Set: 0.0ms
[2023-11-10T12:07:16.974-0800][77640606ms] GC(25467)   Evacuate Collection Set: 1.6ms
[2023-11-10T12:07:16.974-0800][77640606ms] GC(25467)   Post Evacuate Collection Set: 2.9ms
[2023-11-10T12:07:16.974-0800][77640606ms] GC(25467)   Other: 0.3ms
[2023-11-10T12:07:16.974-0800][77640606ms] GC(25467) Eden regions: 157->0(157)
[2023-11-10T12:07:16.974-0800][77640606ms] GC(25467) Survivor regions: 1->1(20)
[2023-11-10T12:07:16.974-0800][77640606ms] GC(25467) Old regions: 1456->1456
[2023-11-10T12:07:16.974-0800][77640606ms] GC(25467) Humongous regions: 5->5
[2023-11-10T12:07:16.974-0800][77640606ms] GC(25467) Metaspace: 305043K->305043K(1349632K)
[2023-11-10T12:07:16.974-0800][77640606ms] GC(25467) Pause Young (Normal) (G1 Evacuation Pause) 3236M->2922M(3602M) 4.967ms
[2023-11-10T12:07:16.974-0800][77640606ms] GC(25467) User=0.00s Sys=0.00s Real=0.00s
[2023-11-10T12:07:17.339-0800][77640971ms] GC(25468) Pause Young (Normal) (G1 Evacuation Pause)
[2023-11-10T12:07:17.339-0800][77640971ms] GC(25468) Using 10 workers of 10 for evacuation
[2023-11-10T12:07:17.343-0800][77640975ms] GC(25468)   Pre Evacuate Collection Set: 0.0ms
[2023-11-10T12:07:17.343-0800][77640975ms] GC(25468)   Evacuate Collection Set: 1.6ms
[2023-11-10T12:07:17.343-0800][77640975ms] GC(25468)   Post Evacuate Collection Set: 2.8ms
[2023-11-10T12:07:17.343-0800][77640975ms] GC(25468)   Other: 0.2ms
[2023-11-10T12:07:17.343-0800][77640975ms] GC(25468) Eden regions: 157->0(157)
[2023-11-10T12:07:17.343-0800][77640975ms] GC(25468) Survivor regions: 1->1(20)
[2023-11-10T12:07:17.343-0800][77640975ms] GC(25468) Old regions: 1456->1456
[2023-11-10T12:07:17.343-0800][77640975ms] GC(25468) Humongous regions: 5->5
[2023-11-10T12:07:17.343-0800][77640975ms] GC(25468) Metaspace: 305043K->305043K(1349632K)
[2023-11-10T12:07:17.343-0800][77640975ms] GC(25468) Pause Young (Normal) (G1 Evacuation Pause) 3236M->2922M(3602M) 4.829ms
[2023-11-10T12:07:17.343-0800][77640975ms] GC(25468) User=0.00s Sys=0.00s Real=0.00s
[2023-11-10T12:07:17.714-0800][77641346ms] GC(25469) Pause Young (Normal) (G1 Evacuation Pause)
[2023-11-10T12:07:17.714-0800][77641346ms] GC(25469) Using 10 workers of 10 for evacuation
[2023-11-10T12:07:17.720-0800][77641352ms] GC(25469)   Pre Evacuate Collection Set: 0.1ms
[2023-11-10T12:07:17.720-0800][77641352ms] GC(25469)   Evacuate Collection Set: 1.8ms
[2023-11-10T12:07:17.720-0800][77641352ms] GC(25469)   Post Evacuate Collection Set: 4.7ms
[2023-11-10T12:07:17.721-0800][77641353ms] GC(25469)   Other: 0.4ms
[2023-11-10T12:07:17.721-0800][77641353ms] GC(25469) Eden regions: 157->0(157)
[2023-11-10T12:07:17.721-0800][77641353ms] GC(25469) Survivor regions: 1->1(20)
[2023-11-10T12:07:17.721-0800][77641353ms] GC(25469) Old regions: 1456->1456
[2023-11-10T12:07:17.721-0800][77641353ms] GC(25469) Humongous regions: 5->5
[2023-11-10T12:07:17.721-0800][77641353ms] GC(25469) Metaspace: 305043K->305043K(1349632K)
[2023-11-10T12:07:17.721-0800][77641353ms] GC(25469) Pause Young (Normal) (G1 Evacuation Pause) 3236M->2922M(3602M) 7.164ms
[2023-11-10T12:07:17.721-0800][77641353ms] GC(25469) User=0.00s Sys=0.00s Real=0.01s
[2023-11-10T12:07:18.122-0800][77641755ms] GC(25470) Pause Young (Normal) (G1 Evacuation Pause)
[2023-11-10T12:07:18.123-0800][77641755ms] GC(25470) Using 10 workers of 10 for evacuation
[2023-11-10T12:07:18.128-0800][77641760ms] GC(25470)   Pre Evacuate Collection Set: 0.0ms
[2023-11-10T12:07:18.128-0800][77641760ms] GC(25470)   Evacuate Collection Set: 1.6ms
[2023-11-10T12:07:18.128-0800][77641760ms] GC(25470)   Post Evacuate Collection Set: 4.2ms
[2023-11-10T12:07:18.128-0800][77641760ms] GC(25470)   Other: 0.3ms
[2023-11-10T12:07:18.128-0800][77641760ms] GC(25470) Eden regions: 157->0(157)
[2023-11-10T12:07:18.128-0800][77641760ms] GC(25470) Survivor regions: 1->1(20)
[2023-11-10T12:07:18.128-0800][77641760ms] GC(25470) Old regions: 1456->1456
[2023-11-10T12:07:18.128-0800][77641760ms] GC(25470) Humongous regions: 5->5
[2023-11-10T12:07:18.129-0800][77641761ms] GC(25470) Metaspace: 305043K->305043K(1349632K)
[2023-11-10T12:07:18.129-0800][77641761ms] GC(25470) Pause Young (Normal) (G1 Evacuation Pause) 3236M->2922M(3602M) 6.245ms
[2023-11-10T12:07:18.129-0800][77641761ms] GC(25470) User=0.00s Sys=0.00s Real=0.01s
[2023-11-10T12:07:18.521-0800][77642153ms] GC(25471) Pause Young (Normal) (G1 Evacuation Pause)
[2023-11-10T12:07:18.521-0800][77642153ms] GC(25471) Using 10 workers of 10 for evacuation
[2023-11-10T12:07:18.527-0800][77642159ms] GC(25471)   Pre Evacuate Collection Set: 0.1ms
[2023-11-10T12:07:18.527-0800][77642159ms] GC(25471)   Evacuate Collection Set: 1.8ms
[2023-11-10T12:07:18.527-0800][77642159ms] GC(25471)   Post Evacuate Collection Set: 4.0ms
[2023-11-10T12:07:18.527-0800][77642159ms] GC(25471)   Other: 0.3ms
[2023-11-10T12:07:18.527-0800][77642159ms] GC(25471) Eden regions: 157->0(157)
[2023-11-10T12:07:18.527-0800][77642159ms] GC(25471) Survivor regions: 1->1(20)
[2023-11-10T12:07:18.527-0800][77642159ms] GC(25471) Old regions: 1456->1456
[2023-11-10T12:07:18.527-0800][77642159ms] GC(25471) Humongous regions: 5->5
[2023-11-10T12:07:18.527-0800][77642159ms] GC(25471) Metaspace: 305043K->305043K(1349632K)
[2023-11-10T12:07:18.527-0800][77642159ms] GC(25471) Pause Young (Normal) (G1 Evacuation Pause) 3236M->2922M(3602M) 6.265ms
[2023-11-10T12:07:18.527-0800][77642159ms] GC(25471) User=0.09s Sys=0.00s Real=0.01s
[2023-11-10T12:07:18.842-0800][77642474ms] GC(25472) Pause Young (Normal) (G1 Evacuation Pause)
[2023-11-10T12:07:18.842-0800][77642474ms] GC(25472) Using 10 workers of 10 for evacuation
[2023-11-10T12:07:18.847-0800][77642479ms] GC(25472)   Pre Evacuate Collection Set: 0.0ms
[2023-11-10T12:07:18.847-0800][77642479ms] GC(25472)   Evacuate Collection Set: 1.6ms
[2023-11-10T12:07:18.847-0800][77642479ms] GC(25472)   Post Evacuate Collection Set: 3.0ms
[2023-11-10T12:07:18.847-0800][77642479ms] GC(25472)   Other: 0.3ms
[2023-11-10T12:07:18.847-0800][77642479ms] GC(25472) Eden regions: 157->0(157)
[2023-11-10T12:07:18.847-0800][77642479ms] GC(25472) Survivor regions: 1->1(20)
[2023-11-10T12:07:18.847-0800][77642479ms] GC(25472) Old regions: 1456->1456
[2023-11-10T12:07:18.847-0800][77642479ms] GC(25472) Humongous regions: 5->5
[2023-11-10T12:07:18.847-0800][77642479ms] GC(25472) Metaspace: 305043K->305043K(1349632K)
[2023-11-10T12:07:18.847-0800][77642479ms] GC(25472) Pause Young (Normal) (G1 Evacuation Pause) 3236M->2922M(3602M) 4.989ms
[2023-11-10T12:07:18.847-0800][77642479ms] GC(25472) User=0.00s Sys=0.00s Real=0.00s
[2023-11-10T12:07:19.259-0800][77642891ms] GC(25473) Pause Young (Normal) (G1 Evacuation Pause)
[2023-11-10T12:07:19.259-0800][77642891ms] GC(25473) Using 10 workers of 10 for evacuation
[2023-11-10T12:07:19.263-0800][77642895ms] GC(25473)   Pre Evacuate Collection Set: 0.0ms
[2023-11-10T12:07:19.263-0800][77642895ms] GC(25473)   Evacuate Collection Set: 1.7ms
[2023-11-10T12:07:19.263-0800][77642895ms] GC(25473)   Post Evacuate Collection Set: 3.1ms
[2023-11-10T12:07:19.263-0800][77642895ms] GC(25473)   Other: 0.3ms
[2023-11-10T12:07:19.263-0800][77642895ms] GC(25473) Eden regions: 157->0(156)
[2023-11-10T12:07:19.263-0800][77642895ms] GC(25473) Survivor regions: 1->1(20)
[2023-11-10T12:07:19.263-0800][77642895ms] GC(25473) Old regions: 1456->1457
[2023-11-10T12:07:19.263-0800][77642895ms] GC(25473) Humongous regions: 5->5
[2023-11-10T12:07:19.263-0800][77642895ms] GC(25473) Metaspace: 305043K->305043K(1349632K)
[2023-11-10T12:07:19.263-0800][77642895ms] GC(25473) Pause Young (Normal) (G1 Evacuation Pause) 3236M->2922M(3602M) 5.269ms
[2023-11-10T12:07:19.263-0800][77642895ms] GC(25473) User=0.00s Sys=0.00s Real=0.00s
[2023-11-10T12:07:19.688-0800][77643320ms] GC(25474) Pause Young (Normal) (G1 Evacuation Pause)
[2023-11-10T12:07:19.688-0800][77643320ms] GC(25474) Using 10 workers of 10 for evacuation
[2023-11-10T12:07:19.694-0800][77643326ms] GC(25474)   Pre Evacuate Collection Set: 0.0ms
[2023-11-10T12:07:19.694-0800][77643326ms] GC(25474)   Evacuate Collection Set: 1.9ms
[2023-11-10T12:07:19.694-0800][77643326ms] GC(25474)   Post Evacuate Collection Set: 4.4ms
[2023-11-10T12:07:19.694-0800][77643326ms] GC(25474)   Other: 0.3ms
[2023-11-10T12:07:19.694-0800][77643326ms] GC(25474) Eden regions: 156->0(156)
[2023-11-10T12:07:19.694-0800][77643326ms] GC(25474) Survivor regions: 1->1(20)
[2023-11-10T12:07:19.694-0800][77643326ms] GC(25474) Old regions: 1457->1457
[2023-11-10T12:07:19.694-0800][77643326ms] GC(25474) Humongous regions: 5->5
[2023-11-10T12:07:19.694-0800][77643326ms] GC(25474) Metaspace: 305043K->305043K(1349632K)
[2023-11-10T12:07:19.694-0800][77643326ms] GC(25474) Pause Young (Normal) (G1 Evacuation Pause) 3234M->2922M(3602M) 6.897ms
[2023-11-10T12:07:19.694-0800][77643326ms] GC(25474) User=0.02s Sys=0.00s Real=0.01s
[2023-11-10T12:07:20.249-0800][77643881ms] GC(25475) Pause Young (Normal) (G1 Evacuation Pause)
[2023-11-10T12:07:20.249-0800][77643881ms] GC(25475) Using 10 workers of 10 for evacuation
[2023-11-10T12:07:20.254-0800][77643886ms] GC(25475)   Pre Evacuate Collection Set: 0.1ms
[2023-11-10T12:07:20.254-0800][77643886ms] GC(25475)   Evacuate Collection Set: 1.6ms
[2023-11-10T12:07:20.254-0800][77643886ms] GC(25475)   Post Evacuate Collection Set: 3.2ms
[2023-11-10T12:07:20.254-0800][77643886ms] GC(25475)   Other: 0.3ms
[2023-11-10T12:07:20.254-0800][77643886ms] GC(25475) Eden regions: 156->0(156)
[2023-11-10T12:07:20.254-0800][77643886ms] GC(25475) Survivor regions: 1->1(20)
[2023-11-10T12:07:20.254-0800][77643886ms] GC(25475) Old regions: 1457->1457
[2023-11-10T12:07:20.254-0800][77643886ms] GC(25475) Humongous regions: 5->5
[2023-11-10T12:07:20.254-0800][77643886ms] GC(25475) Metaspace: 305043K->305043K(1349632K)
[2023-11-10T12:07:20.254-0800][77643886ms] GC(25475) Pause Young (Normal) (G1 Evacuation Pause) 3234M->2922M(3602M) 5.256ms
[2023-11-10T12:07:20.254-0800][77643886ms] GC(25475) User=0.00s Sys=0.00s Real=0.00s
[2023-11-10T12:07:20.639-0800][77644271ms] GC(25476) Pause Young (Normal) (G1 Evacuation Pause)
[2023-11-10T12:07:20.639-0800][77644271ms] GC(25476) Using 10 workers of 10 for evacuation
[2023-11-10T12:07:20.644-0800][77644276ms] GC(25476)   Pre Evacuate Collection Set: 0.0ms
[2023-11-10T12:07:20.644-0800][77644276ms] GC(25476)   Evacuate Collection Set: 1.7ms
[2023-11-10T12:07:20.644-0800][77644276ms] GC(25476)   Post Evacuate Collection Set: 3.1ms
[2023-11-10T12:07:20.644-0800][77644276ms] GC(25476)   Other: 0.3ms
[2023-11-10T12:07:20.644-0800][77644276ms] GC(25476) Eden regions: 156->0(156)
[2023-11-10T12:07:20.644-0800][77644276ms] GC(25476) Survivor regions: 1->1(20)
[2023-11-10T12:07:20.644-0800][77644276ms] GC(25476) Old regions: 1457->1457
[2023-11-10T12:07:20.644-0800][77644276ms] GC(25476) Humongous regions: 5->5
[2023-11-10T12:07:20.644-0800][77644276ms] GC(25476) Metaspace: 305043K->305043K(1349632K)
[2023-11-10T12:07:20.644-0800][77644276ms] GC(25476) Pause Young (Normal) (G1 Evacuation Pause) 3234M->2922M(3602M) 5.168ms
[2023-11-10T12:07:20.644-0800][77644276ms] GC(25476) User=0.00s Sys=0.00s Real=0.01s
[2023-11-10T12:07:21.000-0800][77644632ms] GC(25477) Pause Young (Normal) (G1 Evacuation Pause)
[2023-11-10T12:07:21.000-0800][77644632ms] GC(25477) Using 10 workers of 10 for evacuation
[2023-11-10T12:07:21.005-0800][77644637ms] GC(25477)   Pre Evacuate Collection Set: 0.0ms
[2023-11-10T12:07:21.005-0800][77644637ms] GC(25477)   Evacuate Collection Set: 1.8ms
[2023-11-10T12:07:21.005-0800][77644637ms] GC(25477)   Post Evacuate Collection Set: 3.3ms
[2023-11-10T12:07:21.005-0800][77644637ms] GC(25477)   Other: 0.3ms
[2023-11-10T12:07:21.005-0800][77644637ms] GC(25477) Eden regions: 156->0(156)
[2023-11-10T12:07:21.005-0800][77644637ms] GC(25477) Survivor regions: 1->1(20)
[2023-11-10T12:07:21.005-0800][77644637ms] GC(25477) Old regions: 1457->1457
[2023-11-10T12:07:21.005-0800][77644637ms] GC(25477) Humongous regions: 5->5
[2023-11-10T12:07:21.005-0800][77644637ms] GC(25477) Metaspace: 305043K->305043K(1349632K)
[2023-11-10T12:07:21.005-0800][77644637ms] GC(25477) Pause Young (Normal) (G1 Evacuation Pause) 3234M->2922M(3602M) 5.456ms
[2023-11-10T12:07:21.005-0800][77644637ms] GC(25477) User=0.00s Sys=0.00s Real=0.01s
[2023-11-10T12:07:21.364-0800][77644996ms] GC(25478) Pause Young (Normal) (G1 Evacuation Pause)
[2023-11-10T12:07:21.364-0800][77644996ms] GC(25478) Using 10 workers of 10 for evacuation
[2023-11-10T12:07:21.369-0800][77645001ms] GC(25478)   Pre Evacuate Collection Set: 0.0ms
[2023-11-10T12:07:21.369-0800][77645001ms] GC(25478)   Evacuate Collection Set: 1.7ms
[2023-11-10T12:07:21.369-0800][77645001ms] GC(25478)   Post Evacuate Collection Set: 3.1ms
[2023-11-10T12:07:21.369-0800][77645001ms] GC(25478)   Other: 0.2ms
[2023-11-10T12:07:21.369-0800][77645001ms] GC(25478) Eden regions: 156->0(156)
[2023-11-10T12:07:21.369-0800][77645001ms] GC(25478) Survivor regions: 1->1(20)
[2023-11-10T12:07:21.369-0800][77645001ms] GC(25478) Old regions: 1457->1457
[2023-11-10T12:07:21.369-0800][77645001ms] GC(25478) Humongous regions: 5->5
[2023-11-10T12:07:21.369-0800][77645001ms] GC(25478) Metaspace: 305043K->305043K(1349632K)
[2023-11-10T12:07:21.369-0800][77645001ms] GC(25478) Pause Young (Normal) (G1 Evacuation Pause) 3234M->2922M(3602M) 5.073ms
[2023-11-10T12:07:21.369-0800][77645001ms] GC(25478) User=0.00s Sys=0.00s Real=0.00s
[2023-11-10T12:07:21.758-0800][77645390ms] GC(25479) Pause Young (Normal) (G1 Evacuation Pause)
[2023-11-10T12:07:21.758-0800][77645390ms] GC(25479) Using 10 workers of 10 for evacuation
[2023-11-10T12:07:21.762-0800][77645394ms] GC(25479)   Pre Evacuate Collection Set: 0.0ms
[2023-11-10T12:07:21.762-0800][77645394ms] GC(25479)   Evacuate Collection Set: 1.6ms
[2023-11-10T12:07:21.762-0800][77645394ms] GC(25479)   Post Evacuate Collection Set: 3.1ms
[2023-11-10T12:07:21.762-0800][77645394ms] GC(25479)   Other: 0.2ms
[2023-11-10T12:07:21.762-0800][77645394ms] GC(25479) Eden regions: 156->0(156)
[2023-11-10T12:07:21.762-0800][77645394ms] GC(25479) Survivor regions: 1->1(20)
[2023-11-10T12:07:21.762-0800][77645394ms] GC(25479) Old regions: 1457->1457
[2023-11-10T12:07:21.762-0800][77645394ms] GC(25479) Humongous regions: 5->5
[2023-11-10T12:07:21.762-0800][77645394ms] GC(25479) Metaspace: 305043K->305043K(1349632K)
[2023-11-10T12:07:21.762-0800][77645394ms] GC(25479) Pause Young (Normal) (G1 Evacuation Pause) 3234M->2922M(3602M) 5.094ms
[2023-11-10T12:07:21.762-0800][77645394ms] GC(25479) User=0.00s Sys=0.00s Real=0.00s
[2023-11-10T12:07:22.155-0800][77645787ms] GC(25480) Pause Young (Normal) (G1 Evacuation Pause)
[2023-11-10T12:07:22.155-0800][77645787ms] GC(25480) Using 10 workers of 10 for evacuation
[2023-11-10T12:07:22.160-0800][77645792ms] GC(25480)   Pre Evacuate Collection Set: 0.0ms
[2023-11-10T12:07:22.160-0800][77645792ms] GC(25480)   Evacuate Collection Set: 1.6ms
[2023-11-10T12:07:22.160-0800][77645792ms] GC(25480)   Post Evacuate Collection Set: 3.0ms
[2023-11-10T12:07:22.160-0800][77645792ms] GC(25480)   Other: 0.2ms
[2023-11-10T12:07:22.160-0800][77645792ms] GC(25480) Eden regions: 156->0(156)
[2023-11-10T12:07:22.160-0800][77645792ms] GC(25480) Survivor regions: 1->1(20)
[2023-11-10T12:07:22.160-0800][77645792ms] GC(25480) Old regions: 1457->1457
[2023-11-10T12:07:22.160-0800][77645792ms] GC(25480) Humongous regions: 5->5
[2023-11-10T12:07:22.160-0800][77645792ms] GC(25480) Metaspace: 305043K->305043K(1349632K)
[2023-11-10T12:07:22.160-0800][77645792ms] GC(25480) Pause Young (Normal) (G1 Evacuation Pause) 3234M->2922M(3602M) 5.075ms
[2023-11-10T12:07:22.160-0800][77645792ms] GC(25480) User=0.00s Sys=0.00s Real=0.01s
[2023-11-10T12:07:22.537-0800][77646169ms] GC(25481) Pause Young (Normal) (G1 Evacuation Pause)
[2023-11-10T12:07:22.537-0800][77646169ms] GC(25481) Using 10 workers of 10 for evacuation
[2023-11-10T12:07:22.541-0800][77646173ms] GC(25481)   Pre Evacuate Collection Set: 0.0ms
[2023-11-10T12:07:22.541-0800][77646173ms] GC(25481)   Evacuate Collection Set: 1.6ms
[2023-11-10T12:07:22.541-0800][77646173ms] GC(25481)   Post Evacuate Collection Set: 3.2ms
[2023-11-10T12:07:22.542-0800][77646174ms] GC(25481)   Other: 0.2ms
[2023-11-10T12:07:22.542-0800][77646174ms] GC(25481) Eden regions: 156->0(156)
[2023-11-10T12:07:22.542-0800][77646174ms] GC(25481) Survivor regions: 1->1(20)
[2023-11-10T12:07:22.542-0800][77646174ms] GC(25481) Old regions: 1457->1457
[2023-11-10T12:07:22.542-0800][77646174ms] GC(25481) Humongous regions: 5->5
[2023-11-10T12:07:22.542-0800][77646174ms] GC(25481) Metaspace: 305043K->305043K(1349632K)
[2023-11-10T12:07:22.542-0800][77646174ms] GC(25481) Pause Young (Normal) (G1 Evacuation Pause) 3234M->2922M(3602M) 5.200ms
[2023-11-10T12:07:22.542-0800][77646174ms] GC(25481) User=0.08s Sys=0.00s Real=0.01s
[2023-11-10T12:07:22.921-0800][77646553ms] GC(25482) Pause Young (Normal) (G1 Evacuation Pause)
[2023-11-10T12:07:22.921-0800][77646553ms] GC(25482) Using 10 workers of 10 for evacuation
[2023-11-10T12:07:22.927-0800][77646559ms] GC(25482)   Pre Evacuate Collection Set: 0.1ms
[2023-11-10T12:07:22.928-0800][77646560ms] GC(25482)   Evacuate Collection Set: 1.7ms
[2023-11-10T12:07:22.928-0800][77646560ms] GC(25482)   Post Evacuate Collection Set: 3.9ms
[2023-11-10T12:07:22.928-0800][77646560ms] GC(25482)   Other: 0.3ms
[2023-11-10T12:07:22.928-0800][77646560ms] GC(25482) Eden regions: 156->0(156)
[2023-11-10T12:07:22.928-0800][77646560ms] GC(25482) Survivor regions: 1->1(20)
[2023-11-10T12:07:22.928-0800][77646560ms] GC(25482) Old regions: 1457->1457
[2023-11-10T12:07:22.928-0800][77646560ms] GC(25482) Humongous regions: 5->5
[2023-11-10T12:07:22.928-0800][77646560ms] GC(25482) Metaspace: 305043K->305043K(1349632K)
[2023-11-10T12:07:22.928-0800][77646560ms] GC(25482) Pause Young (Normal) (G1 Evacuation Pause) 3234M->2923M(3602M) 6.072ms
[2023-11-10T12:07:22.928-0800][77646560ms] GC(25482) User=0.00s Sys=0.00s Real=0.01s
[2023-11-10T12:07:23.343-0800][77646975ms] GC(25483) Pause Young (Normal) (G1 Evacuation Pause)
[2023-11-10T12:07:23.343-0800][77646975ms] GC(25483) Using 10 workers of 10 for evacuation
[2023-11-10T12:07:23.348-0800][77646980ms] GC(25483)   Pre Evacuate Collection Set: 0.0ms
[2023-11-10T12:07:23.348-0800][77646980ms] GC(25483)   Evacuate Collection Set: 1.6ms
[2023-11-10T12:07:23.348-0800][77646980ms] GC(25483)   Post Evacuate Collection Set: 3.1ms
[2023-11-10T12:07:23.348-0800][77646980ms] GC(25483)   Other: 0.2ms
[2023-11-10T12:07:23.348-0800][77646980ms] GC(25483) Eden regions: 156->0(156)
[2023-11-10T12:07:23.348-0800][77646980ms] GC(25483) Survivor regions: 1->1(20)
[2023-11-10T12:07:23.348-0800][77646980ms] GC(25483) Old regions: 1457->1457
[2023-11-10T12:07:23.348-0800][77646980ms] GC(25483) Humongous regions: 5->5
[2023-11-10T12:07:23.348-0800][77646980ms] GC(25483) Metaspace: 305043K->305043K(1349632K)
[2023-11-10T12:07:23.348-0800][77646980ms] GC(25483) Pause Young (Normal) (G1 Evacuation Pause) 3235M->2922M(3602M) 5.092ms
[2023-11-10T12:07:23.348-0800][77646980ms] GC(25483) User=0.00s Sys=0.00s Real=0.01s
[2023-11-10T12:07:23.649-0800][77647281ms] GC(25484) Pause Young (Normal) (G1 Evacuation Pause)
[2023-11-10T12:07:23.649-0800][77647281ms] GC(25484) Using 10 workers of 10 for evacuation
[2023-11-10T12:07:23.656-0800][77647288ms] GC(25484)   Pre Evacuate Collection Set: 0.0ms
[2023-11-10T12:07:23.656-0800][77647288ms] GC(25484)   Evacuate Collection Set: 2.3ms
[2023-11-10T12:07:23.656-0800][77647288ms] GC(25484)   Post Evacuate Collection Set: 4.6ms
[2023-11-10T12:07:23.656-0800][77647288ms] GC(25484)   Other: 0.3ms
[2023-11-10T12:07:23.656-0800][77647288ms] GC(25484) Eden regions: 156->0(156)
[2023-11-10T12:07:23.656-0800][77647288ms] GC(25484) Survivor regions: 1->1(20)
[2023-11-10T12:07:23.656-0800][77647288ms] GC(25484) Old regions: 1457->1457
[2023-11-10T12:07:23.656-0800][77647288ms] GC(25484) Humongous regions: 5->5
[2023-11-10T12:07:23.656-0800][77647288ms] GC(25484) Metaspace: 305043K->305043K(1349632K)
[2023-11-10T12:07:23.656-0800][77647288ms] GC(25484) Pause Young (Normal) (G1 Evacuation Pause) 3234M->2922M(3602M) 7.296ms
[2023-11-10T12:07:23.656-0800][77647288ms] GC(25484) User=0.00s Sys=0.00s Real=0.01s
[2023-11-10T12:07:23.994-0800][77647626ms] GC(25485) Pause Young (Normal) (G1 Evacuation Pause)
[2023-11-10T12:07:23.994-0800][77647626ms] GC(25485) Using 10 workers of 10 for evacuation
[2023-11-10T12:07:23.999-0800][77647631ms] GC(25485)   Pre Evacuate Collection Set: 0.0ms
[2023-11-10T12:07:23.999-0800][77647631ms] GC(25485)   Evacuate Collection Set: 1.7ms
[2023-11-10T12:07:23.999-0800][77647631ms] GC(25485)   Post Evacuate Collection Set: 3.2ms
[2023-11-10T12:07:23.999-0800][77647631ms] GC(25485)   Other: 0.2ms
[2023-11-10T12:07:23.999-0800][77647631ms] GC(25485) Eden regions: 156->0(156)
[2023-11-10T12:07:23.999-0800][77647631ms] GC(25485) Survivor regions: 1->1(20)
[2023-11-10T12:07:23.999-0800][77647631ms] GC(25485) Old regions: 1457->1457
[2023-11-10T12:07:23.999-0800][77647631ms] GC(25485) Humongous regions: 5->5
[2023-11-10T12:07:23.999-0800][77647631ms] GC(25485) Metaspace: 305043K->305043K(1349632K)
[2023-11-10T12:07:23.999-0800][77647631ms] GC(25485) Pause Young (Normal) (G1 Evacuation Pause) 3234M->2922M(3602M) 5.224ms
[2023-11-10T12:07:23.999-0800][77647631ms] GC(25485) User=0.00s Sys=0.00s Real=0.01s
[2023-11-10T12:07:24.396-0800][77648028ms] GC(25486) Pause Young (Normal) (G1 Evacuation Pause)
[2023-11-10T12:07:24.396-0800][77648028ms] GC(25486) Using 10 workers of 10 for evacuation
[2023-11-10T12:07:24.400-0800][77648032ms] GC(25486)   Pre Evacuate Collection Set: 0.0ms
[2023-11-10T12:07:24.400-0800][77648032ms] GC(25486)   Evacuate Collection Set: 1.7ms
[2023-11-10T12:07:24.400-0800][77648032ms] GC(25486)   Post Evacuate Collection Set: 3.0ms
[2023-11-10T12:07:24.400-0800][77648032ms] GC(25486)   Other: 0.2ms
[2023-11-10T12:07:24.400-0800][77648032ms] GC(25486) Eden regions: 156->0(156)
[2023-11-10T12:07:24.400-0800][77648032ms] GC(25486) Survivor regions: 1->1(20)
[2023-11-10T12:07:24.400-0800][77648032ms] GC(25486) Old regions: 1457->1457
[2023-11-10T12:07:24.400-0800][77648032ms] GC(25486) Humongous regions: 5->5
[2023-11-10T12:07:24.400-0800][77648032ms] GC(25486) Metaspace: 305043K->305043K(1349632K)
[2023-11-10T12:07:24.400-0800][77648032ms] GC(25486) Pause Young (Normal) (G1 Evacuation Pause) 3234M->2922M(3602M) 5.106ms
[2023-11-10T12:07:24.400-0800][77648032ms] GC(25486) User=0.08s Sys=0.00s Real=0.00s
[2023-11-10T12:07:24.766-0800][77648398ms] GC(25487) Pause Young (Normal) (GCLocker Initiated GC)
[2023-11-10T12:07:24.766-0800][77648398ms] GC(25487) Using 10 workers of 10 for evacuation
[2023-11-10T12:07:24.771-0800][77648403ms] GC(25487)   Pre Evacuate Collection Set: 0.0ms
[2023-11-10T12:07:24.771-0800][77648403ms] GC(25487)   Evacuate Collection Set: 1.6ms
[2023-11-10T12:07:24.771-0800][77648403ms] GC(25487)   Post Evacuate Collection Set: 3.1ms
[2023-11-10T12:07:24.771-0800][77648403ms] GC(25487)   Other: 0.3ms
[2023-11-10T12:07:24.771-0800][77648403ms] GC(25487) Eden regions: 157->0(156)
[2023-11-10T12:07:24.771-0800][77648403ms] GC(25487) Survivor regions: 1->1(20)
[2023-11-10T12:07:24.771-0800][77648403ms] GC(25487) Old regions: 1457->1457
[2023-11-10T12:07:24.771-0800][77648403ms] GC(25487) Humongous regions: 5->5
[2023-11-10T12:07:24.771-0800][77648403ms] GC(25487) Metaspace: 305043K->305043K(1349632K)
[2023-11-10T12:07:24.771-0800][77648403ms] GC(25487) Pause Young (Normal) (GCLocker Initiated GC) 3235M->2922M(3602M) 5.168ms
[2023-11-10T12:07:24.771-0800][77648403ms] GC(25487) User=0.00s Sys=0.00s Real=0.00s
[2023-11-10T12:07:25.115-0800][77648747ms] GC(25488) Pause Young (Normal) (GCLocker Initiated GC)
[2023-11-10T12:07:25.116-0800][77648748ms] GC(25488) Using 10 workers of 10 for evacuation
[2023-11-10T12:07:25.120-0800][77648752ms] GC(25488)   Pre Evacuate Collection Set: 0.0ms
[2023-11-10T12:07:25.120-0800][77648752ms] GC(25488)   Evacuate Collection Set: 1.6ms
[2023-11-10T12:07:25.120-0800][77648752ms] GC(25488)   Post Evacuate Collection Set: 3.2ms
[2023-11-10T12:07:25.120-0800][77648752ms] GC(25488)   Other: 0.2ms
[2023-11-10T12:07:25.120-0800][77648752ms] GC(25488) Eden regions: 157->0(156)
[2023-11-10T12:07:25.120-0800][77648752ms] GC(25488) Survivor regions: 1->1(20)
[2023-11-10T12:07:25.120-0800][77648752ms] GC(25488) Old regions: 1457->1457
[2023-11-10T12:07:25.120-0800][77648752ms] GC(25488) Humongous regions: 5->5
[2023-11-10T12:07:25.120-0800][77648752ms] GC(25488) Metaspace: 305043K->305043K(1349632K)
[2023-11-10T12:07:25.120-0800][77648752ms] GC(25488) Pause Young (Normal) (GCLocker Initiated GC) 3235M->2922M(3602M) 5.158ms
[2023-11-10T12:07:25.120-0800][77648752ms] GC(25488) User=0.00s Sys=0.00s Real=0.00s
[2023-11-10T12:07:25.491-0800][77649123ms] GC(25489) Pause Young (Normal) (GCLocker Initiated GC)
[2023-11-10T12:07:25.491-0800][77649123ms] GC(25489) Using 10 workers of 10 for evacuation
[2023-11-10T12:07:25.496-0800][77649128ms] GC(25489)   Pre Evacuate Collection Set: 0.0ms
[2023-11-10T12:07:25.496-0800][77649128ms] GC(25489)   Evacuate Collection Set: 1.7ms
[2023-11-10T12:07:25.496-0800][77649128ms] GC(25489)   Post Evacuate Collection Set: 3.0ms
[2023-11-10T12:07:25.496-0800][77649128ms] GC(25489)   Other: 0.3ms
[2023-11-10T12:07:25.496-0800][77649128ms] GC(25489) Eden regions: 157->0(156)
[2023-11-10T12:07:25.496-0800][77649128ms] GC(25489) Survivor regions: 1->1(20)
[2023-11-10T12:07:25.496-0800][77649128ms] GC(25489) Old regions: 1457->1457
[2023-11-10T12:07:25.496-0800][77649128ms] GC(25489) Humongous regions: 5->5
[2023-11-10T12:07:25.496-0800][77649128ms] GC(25489) Metaspace: 305043K->305043K(1349632K)
[2023-11-10T12:07:25.496-0800][77649128ms] GC(25489) Pause Young (Normal) (GCLocker Initiated GC) 3235M->2922M(3602M) 5.043ms
[2023-11-10T12:07:25.496-0800][77649128ms] GC(25489) User=0.13s Sys=0.00s Real=0.01s
[2023-11-10T12:07:25.908-0800][77649540ms] GC(25490) Pause Young (Normal) (GCLocker Initiated GC)
[2023-11-10T12:07:25.908-0800][77649540ms] GC(25490) Using 10 workers of 10 for evacuation
[2023-11-10T12:07:25.914-0800][77649546ms] GC(25490)   Pre Evacuate Collection Set: 0.0ms
[2023-11-10T12:07:25.914-0800][77649546ms] GC(25490)   Evacuate Collection Set: 1.7ms
[2023-11-10T12:07:25.914-0800][77649546ms] GC(25490)   Post Evacuate Collection Set: 3.8ms
[2023-11-10T12:07:25.914-0800][77649546ms] GC(25490)   Other: 0.3ms
[2023-11-10T12:07:25.914-0800][77649546ms] GC(25490) Eden regions: 156->0(156)
[2023-11-10T12:07:25.915-0800][77649547ms] GC(25490) Survivor regions: 1->1(20)
[2023-11-10T12:07:25.915-0800][77649547ms] GC(25490) Old regions: 1457->1457
[2023-11-10T12:07:25.915-0800][77649547ms] GC(25490) Humongous regions: 5->5
[2023-11-10T12:07:25.915-0800][77649547ms] GC(25490) Metaspace: 305043K->305043K(1349632K)
[2023-11-10T12:07:25.915-0800][77649547ms] GC(25490) Pause Young (Normal) (GCLocker Initiated GC) 3234M->2922M(3602M) 6.054ms
[2023-11-10T12:07:25.915-0800][77649547ms] GC(25490) User=0.02s Sys=0.00s Real=0.01s
[2023-11-10T12:07:26.307-0800][77649939ms] GC(25491) Pause Young (Normal) (GCLocker Initiated GC)
[2023-11-10T12:07:26.307-0800][77649939ms] GC(25491) Using 10 workers of 10 for evacuation
[2023-11-10T12:07:26.313-0800][77649945ms] GC(25491)   Pre Evacuate Collection Set: 0.0ms
[2023-11-10T12:07:26.313-0800][77649945ms] GC(25491)   Evacuate Collection Set: 1.8ms
[2023-11-10T12:07:26.313-0800][77649945ms] GC(25491)   Post Evacuate Collection Set: 4.1ms
[2023-11-10T12:07:26.313-0800][77649945ms] GC(25491)   Other: 0.4ms
[2023-11-10T12:07:26.313-0800][77649945ms] GC(25491) Eden regions: 157->0(156)
[2023-11-10T12:07:26.313-0800][77649945ms] GC(25491) Survivor regions: 1->1(20)
[2023-11-10T12:07:26.313-0800][77649945ms] GC(25491) Old regions: 1457->1457
[2023-11-10T12:07:26.313-0800][77649945ms] GC(25491) Humongous regions: 5->5
[2023-11-10T12:07:26.313-0800][77649945ms] GC(25491) Metaspace: 305043K->305043K(1349632K)
[2023-11-10T12:07:26.313-0800][77649945ms] GC(25491) Pause Young (Normal) (GCLocker Initiated GC) 3234M->2922M(3602M) 6.513ms
[2023-11-10T12:07:26.313-0800][77649945ms] GC(25491) User=0.00s Sys=0.00s Real=0.01s
[2023-11-10T12:07:26.650-0800][77650282ms] GC(25492) Pause Young (Normal) (GCLocker Initiated GC)
[2023-11-10T12:07:26.650-0800][77650282ms] GC(25492) Using 10 workers of 10 for evacuation
[2023-11-10T12:07:26.656-0800][77650288ms] GC(25492)   Pre Evacuate Collection Set: 0.0ms
[2023-11-10T12:07:26.656-0800][77650288ms] GC(25492)   Evacuate Collection Set: 1.6ms
[2023-11-10T12:07:26.656-0800][77650288ms] GC(25492)   Post Evacuate Collection Set: 3.1ms
[2023-11-10T12:07:26.656-0800][77650288ms] GC(25492)   Other: 0.2ms
[2023-11-10T12:07:26.656-0800][77650288ms] GC(25492) Eden regions: 157->0(156)
[2023-11-10T12:07:26.656-0800][77650288ms] GC(25492) Survivor regions: 1->1(20)
[2023-11-10T12:07:26.656-0800][77650288ms] GC(25492) Old regions: 1457->1457
[2023-11-10T12:07:26.656-0800][77650288ms] GC(25492) Humongous regions: 5->5
[2023-11-10T12:07:26.656-0800][77650288ms] GC(25492) Metaspace: 305043K->305043K(1349632K)
[2023-11-10T12:07:26.656-0800][77650288ms] GC(25492) Pause Young (Normal) (GCLocker Initiated GC) 3235M->2922M(3602M) 5.095ms
[2023-11-10T12:07:26.656-0800][77650288ms] GC(25492) User=0.00s Sys=0.00s Real=0.01s
[2023-11-10T12:07:27.026-0800][77650658ms] GC(25493) Pause Young (Normal) (GCLocker Initiated GC)
[2023-11-10T12:07:27.026-0800][77650658ms] GC(25493) Using 10 workers of 10 for evacuation
[2023-11-10T12:07:27.032-0800][77650664ms] GC(25493)   Pre Evacuate Collection Set: 0.0ms
[2023-11-10T12:07:27.032-0800][77650664ms] GC(25493)   Evacuate Collection Set: 1.8ms
[2023-11-10T12:07:27.032-0800][77650664ms] GC(25493)   Post Evacuate Collection Set: 3.3ms
[2023-11-10T12:07:27.032-0800][77650664ms] GC(25493)   Other: 0.3ms
[2023-11-10T12:07:27.032-0800][77650664ms] GC(25493) Eden regions: 157->0(156)
[2023-11-10T12:07:27.032-0800][77650664ms] GC(25493) Survivor regions: 1->1(20)
[2023-11-10T12:07:27.032-0800][77650664ms] GC(25493) Old regions: 1457->1457
[2023-11-10T12:07:27.032-0800][77650664ms] GC(25493) Humongous regions: 5->5
[2023-11-10T12:07:27.032-0800][77650664ms] GC(25493) Metaspace: 305043K->305043K(1349632K)
[2023-11-10T12:07:27.032-0800][77650664ms] GC(25493) Pause Young (Normal) (GCLocker Initiated GC) 3234M->2922M(3602M) 5.485ms
[2023-11-10T12:07:27.032-0800][77650664ms] GC(25493) User=0.00s Sys=0.00s Real=0.01s
[2023-11-10T12:07:27.464-0800][77651096ms] GC(25494) Pause Young (Normal) (G1 Evacuation Pause)
[2023-11-10T12:07:27.464-0800][77651096ms] GC(25494) Using 10 workers of 10 for evacuation
[2023-11-10T12:07:27.469-0800][77651101ms] GC(25494)   Pre Evacuate Collection Set: 0.1ms
[2023-11-10T12:07:27.469-0800][77651101ms] GC(25494)   Evacuate Collection Set: 1.7ms
[2023-11-10T12:07:27.469-0800][77651101ms] GC(25494)   Post Evacuate Collection Set: 3.2ms
[2023-11-10T12:07:27.469-0800][77651101ms] GC(25494)   Other: 0.3ms
[2023-11-10T12:07:27.469-0800][77651101ms] GC(25494) Eden regions: 156->0(156)
[2023-11-10T12:07:27.469-0800][77651101ms] GC(25494) Survivor regions: 1->1(20)
[2023-11-10T12:07:27.470-0800][77651102ms] GC(25494) Old regions: 1457->1457
[2023-11-10T12:07:27.470-0800][77651102ms] GC(25494) Humongous regions: 5->5
[2023-11-10T12:07:27.470-0800][77651102ms] GC(25494) Metaspace: 305043K->305043K(1349632K)
[2023-11-10T12:07:27.470-0800][77651102ms] GC(25494) Pause Young (Normal) (G1 Evacuation Pause) 3234M->2922M(3602M) 5.383ms
[2023-11-10T12:07:27.470-0800][77651102ms] GC(25494) User=0.00s Sys=0.00s Real=0.01s
[2023-11-10T12:07:27.880-0800][77651512ms] GC(25495) Pause Young (Normal) (G1 Evacuation Pause)
[2023-11-10T12:07:27.880-0800][77651512ms] GC(25495) Using 10 workers of 10 for evacuation
[2023-11-10T12:07:27.886-0800][77651518ms] GC(25495)   Pre Evacuate Collection Set: 0.0ms
[2023-11-10T12:07:27.886-0800][77651518ms] GC(25495)   Evacuate Collection Set: 1.9ms
[2023-11-10T12:07:27.886-0800][77651518ms] GC(25495)   Post Evacuate Collection Set: 4.2ms
[2023-11-10T12:07:27.886-0800][77651518ms] GC(25495)   Other: 0.4ms
[2023-11-10T12:07:27.886-0800][77651518ms] GC(25495) Eden regions: 156->0(156)
[2023-11-10T12:07:27.886-0800][77651518ms] GC(25495) Survivor regions: 1->1(20)
[2023-11-10T12:07:27.886-0800][77651518ms] GC(25495) Old regions: 1457->1457
[2023-11-10T12:07:27.886-0800][77651518ms] GC(25495) Humongous regions: 5->5
[2023-11-10T12:07:27.886-0800][77651518ms] GC(25495) Metaspace: 305043K->305043K(1349632K)
[2023-11-10T12:07:27.886-0800][77651518ms] GC(25495) Pause Young (Normal) (G1 Evacuation Pause) 3234M->2922M(3602M) 6.609ms
[2023-11-10T12:07:27.886-0800][77651518ms] GC(25495) User=0.02s Sys=0.00s Real=0.01s
[2023-11-10T12:07:28.469-0800][77652101ms] GC(25496) Pause Young (Normal) (G1 Evacuation Pause)
[2023-11-10T12:07:28.469-0800][77652101ms] GC(25496) Using 10 workers of 10 for evacuation
[2023-11-10T12:07:28.474-0800][77652106ms] GC(25496)   Pre Evacuate Collection Set: 0.0ms
[2023-11-10T12:07:28.474-0800][77652106ms] GC(25496)   Evacuate Collection Set: 1.7ms
[2023-11-10T12:07:28.474-0800][77652106ms] GC(25496)   Post Evacuate Collection Set: 2.9ms
[2023-11-10T12:07:28.474-0800][77652106ms] GC(25496)   Other: 0.3ms
[2023-11-10T12:07:28.474-0800][77652106ms] GC(25496) Eden regions: 156->0(156)
[2023-11-10T12:07:28.474-0800][77652106ms] GC(25496) Survivor regions: 1->1(20)
[2023-11-10T12:07:28.474-0800][77652106ms] GC(25496) Old regions: 1457->1457
[2023-11-10T12:07:28.474-0800][77652106ms] GC(25496) Humongous regions: 5->5
[2023-11-10T12:07:28.474-0800][77652106ms] GC(25496) Metaspace: 305043K->305043K(1349632K)
[2023-11-10T12:07:28.474-0800][77652106ms] GC(25496) Pause Young (Normal) (G1 Evacuation Pause) 3234M->2922M(3602M) 5.067ms
[2023-11-10T12:07:28.474-0800][77652106ms] GC(25496) User=0.00s Sys=0.00s Real=0.00s
[2023-11-10T12:07:28.849-0800][77652481ms] GC(25497) Pause Young (Normal) (G1 Evacuation Pause)
[2023-11-10T12:07:28.849-0800][77652481ms] GC(25497) Using 10 workers of 10 for evacuation
[2023-11-10T12:07:28.855-0800][77652487ms] GC(25497)   Pre Evacuate Collection Set: 0.1ms
[2023-11-10T12:07:28.855-0800][77652487ms] GC(25497)   Evacuate Collection Set: 1.6ms
[2023-11-10T12:07:28.855-0800][77652487ms] GC(25497)   Post Evacuate Collection Set: 3.6ms
[2023-11-10T12:07:28.855-0800][77652487ms] GC(25497)   Other: 0.3ms
[2023-11-10T12:07:28.855-0800][77652487ms] GC(25497) Eden regions: 156->0(156)
[2023-11-10T12:07:28.855-0800][77652487ms] GC(25497) Survivor regions: 1->1(20)
[2023-11-10T12:07:28.855-0800][77652487ms] GC(25497) Old regions: 1457->1457
[2023-11-10T12:07:28.855-0800][77652487ms] GC(25497) Humongous regions: 5->5
[2023-11-10T12:07:28.855-0800][77652487ms] GC(25497) Metaspace: 305043K->305043K(1349632K)
[2023-11-10T12:07:28.855-0800][77652487ms] GC(25497) Pause Young (Normal) (G1 Evacuation Pause) 3234M->2922M(3602M) 5.749ms
[2023-11-10T12:07:28.855-0800][77652487ms] GC(25497) User=0.02s Sys=0.02s Real=0.01s
[2023-11-10T12:07:29.214-0800][77652846ms] GC(25498) Pause Young (Normal) (G1 Evacuation Pause)
[2023-11-10T12:07:29.214-0800][77652846ms] GC(25498) Using 10 workers of 10 for evacuation
[2023-11-10T12:07:29.218-0800][77652850ms] GC(25498)   Pre Evacuate Collection Set: 0.0ms
[2023-11-10T12:07:29.218-0800][77652850ms] GC(25498)   Evacuate Collection Set: 1.6ms
[2023-11-10T12:07:29.218-0800][77652850ms] GC(25498)   Post Evacuate Collection Set: 2.9ms
[2023-11-10T12:07:29.218-0800][77652850ms] GC(25498)   Other: 0.3ms
[2023-11-10T12:07:29.218-0800][77652850ms] GC(25498) Eden regions: 156->0(156)
[2023-11-10T12:07:29.218-0800][77652850ms] GC(25498) Survivor regions: 1->1(20)
[2023-11-10T12:07:29.218-0800][77652850ms] GC(25498) Old regions: 1457->1457
[2023-11-10T12:07:29.218-0800][77652850ms] GC(25498) Humongous regions: 5->5
[2023-11-10T12:07:29.218-0800][77652850ms] GC(25498) Metaspace: 305043K->305043K(1349632K)
[2023-11-10T12:07:29.218-0800][77652850ms] GC(25498) Pause Young (Normal) (G1 Evacuation Pause) 3234M->2923M(3602M) 5.011ms
[2023-11-10T12:07:29.218-0800][77652850ms] GC(25498) User=0.00s Sys=0.00s Real=0.00s
[2023-11-10T12:07:29.593-0800][77653225ms] GC(25499) Pause Young (Normal) (G1 Evacuation Pause)
[2023-11-10T12:07:29.593-0800][77653225ms] GC(25499) Using 10 workers of 10 for evacuation
[2023-11-10T12:07:29.599-0800][77653231ms] GC(25499)   Pre Evacuate Collection Set: 0.0ms
[2023-11-10T12:07:29.599-0800][77653231ms] GC(25499)   Evacuate Collection Set: 1.6ms
[2023-11-10T12:07:29.599-0800][77653231ms] GC(25499)   Post Evacuate Collection Set: 3.2ms
[2023-11-10T12:07:29.599-0800][77653231ms] GC(25499)   Other: 0.3ms
[2023-11-10T12:07:29.599-0800][77653231ms] GC(25499) Eden regions: 156->0(156)
[2023-11-10T12:07:29.599-0800][77653231ms] GC(25499) Survivor regions: 1->1(20)
[2023-11-10T12:07:29.599-0800][77653231ms] GC(25499) Old regions: 1457->1457
[2023-11-10T12:07:29.599-0800][77653231ms] GC(25499) Humongous regions: 5->5
[2023-11-10T12:07:29.599-0800][77653231ms] GC(25499) Metaspace: 305043K->305043K(1349632K)
[2023-11-10T12:07:29.599-0800][77653231ms] GC(25499) Pause Young (Normal) (G1 Evacuation Pause) 3235M->2922M(3602M) 5.109ms
[2023-11-10T12:07:29.599-0800][77653231ms] GC(25499) User=0.00s Sys=0.00s Real=0.01s
[2023-11-10T12:07:29.969-0800][77653601ms] GC(25500) Pause Young (Normal) (G1 Evacuation Pause)
[2023-11-10T12:07:29.969-0800][77653601ms] GC(25500) Using 10 workers of 10 for evacuation
[2023-11-10T12:07:29.974-0800][77653606ms] GC(25500)   Pre Evacuate Collection Set: 0.0ms
[2023-11-10T12:07:29.974-0800][77653606ms] GC(25500)   Evacuate Collection Set: 1.7ms
[2023-11-10T12:07:29.974-0800][77653606ms] GC(25500)   Post Evacuate Collection Set: 3.0ms
[2023-11-10T12:07:29.974-0800][77653606ms] GC(25500)   Other: 0.2ms
[2023-11-10T12:07:29.974-0800][77653606ms] GC(25500) Eden regions: 156->0(156)
[2023-11-10T12:07:29.974-0800][77653606ms] GC(25500) Survivor regions: 1->1(20)
[2023-11-10T12:07:29.974-0800][77653606ms] GC(25500) Old regions: 1457->1457
[2023-11-10T12:07:29.974-0800][77653606ms] GC(25500) Humongous regions: 5->5
[2023-11-10T12:07:29.974-0800][77653606ms] GC(25500) Metaspace: 305043K->305043K(1349632K)
[2023-11-10T12:07:29.974-0800][77653606ms] GC(25500) Pause Young (Normal) (G1 Evacuation Pause) 3234M->2922M(3602M) 5.077ms
[2023-11-10T12:07:29.974-0800][77653606ms] GC(25500) User=0.00s Sys=0.00s Real=0.00s
[2023-11-10T12:07:30.366-0800][77653998ms] GC(25501) Pause Young (Normal) (G1 Evacuation Pause)
[2023-11-10T12:07:30.366-0800][77653998ms] GC(25501) Using 10 workers of 10 for evacuation
[2023-11-10T12:07:30.372-0800][77654004ms] GC(25501)   Pre Evacuate Collection Set: 0.0ms
[2023-11-10T12:07:30.372-0800][77654004ms] GC(25501)   Evacuate Collection Set: 1.5ms
[2023-11-10T12:07:30.372-0800][77654004ms] GC(25501)   Post Evacuate Collection Set: 3.0ms
[2023-11-10T12:07:30.372-0800][77654004ms] GC(25501)   Other: 0.3ms
[2023-11-10T12:07:30.372-0800][77654004ms] GC(25501) Eden regions: 156->0(156)
[2023-11-10T12:07:30.372-0800][77654004ms] GC(25501) Survivor regions: 1->1(20)
[2023-11-10T12:07:30.372-0800][77654004ms] GC(25501) Old regions: 1457->1457
[2023-11-10T12:07:30.372-0800][77654004ms] GC(25501) Humongous regions: 5->5
[2023-11-10T12:07:30.372-0800][77654004ms] GC(25501) Metaspace: 305043K->305043K(1349632K)
[2023-11-10T12:07:30.372-0800][77654004ms] GC(25501) Pause Young (Normal) (G1 Evacuation Pause) 3234M->2922M(3602M) 4.953ms
[2023-11-10T12:07:30.372-0800][77654004ms] GC(25501) User=0.00s Sys=0.00s Real=0.01s
[2023-11-10T12:07:30.727-0800][77654359ms] GC(25502) Pause Young (Normal) (G1 Evacuation Pause)
[2023-11-10T12:07:30.727-0800][77654359ms] GC(25502) Using 10 workers of 10 for evacuation
[2023-11-10T12:07:30.732-0800][77654364ms] GC(25502)   Pre Evacuate Collection Set: 0.1ms
[2023-11-10T12:07:30.732-0800][77654364ms] GC(25502)   Evacuate Collection Set: 1.8ms
[2023-11-10T12:07:30.732-0800][77654364ms] GC(25502)   Post Evacuate Collection Set: 3.2ms
[2023-11-10T12:07:30.732-0800][77654364ms] GC(25502)   Other: 0.3ms
[2023-11-10T12:07:30.732-0800][77654364ms] GC(25502) Eden regions: 156->0(156)
[2023-11-10T12:07:30.732-0800][77654364ms] GC(25502) Survivor regions: 1->1(20)
[2023-11-10T12:07:30.732-0800][77654364ms] GC(25502) Old regions: 1457->1457
[2023-11-10T12:07:30.732-0800][77654364ms] GC(25502) Humongous regions: 5->5
[2023-11-10T12:07:30.732-0800][77654364ms] GC(25502) Metaspace: 305043K->305043K(1349632K)
[2023-11-10T12:07:30.732-0800][77654364ms] GC(25502) Pause Young (Normal) (G1 Evacuation Pause) 3234M->2922M(3602M) 5.447ms
[2023-11-10T12:07:30.733-0800][77654365ms] GC(25502) User=0.00s Sys=0.00s Real=0.01s
[2023-11-10T12:07:31.065-0800][77654697ms] GC(25503) Pause Young (Normal) (G1 Evacuation Pause)
[2023-11-10T12:07:31.065-0800][77654697ms] GC(25503) Using 10 workers of 10 for evacuation
[2023-11-10T12:07:31.069-0800][77654701ms] GC(25503)   Pre Evacuate Collection Set: 0.0ms
[2023-11-10T12:07:31.069-0800][77654701ms] GC(25503)   Evacuate Collection Set: 1.6ms
[2023-11-10T12:07:31.069-0800][77654701ms] GC(25503)   Post Evacuate Collection Set: 2.9ms
[2023-11-10T12:07:31.069-0800][77654701ms] GC(25503)   Other: 0.3ms
[2023-11-10T12:07:31.069-0800][77654701ms] GC(25503) Eden regions: 156->0(156)
[2023-11-10T12:07:31.069-0800][77654701ms] GC(25503) Survivor regions: 1->1(20)
[2023-11-10T12:07:31.069-0800][77654701ms] GC(25503) Old regions: 1457->1457
[2023-11-10T12:07:31.069-0800][77654701ms] GC(25503) Humongous regions: 5->5
[2023-11-10T12:07:31.069-0800][77654701ms] GC(25503) Metaspace: 305043K->305043K(1349632K)
[2023-11-10T12:07:31.069-0800][77654701ms] GC(25503) Pause Young (Normal) (G1 Evacuation Pause) 3234M->2923M(3602M) 4.888ms
[2023-11-10T12:07:31.069-0800][77654701ms] GC(25503) User=0.00s Sys=0.00s Real=0.01s
[2023-11-10T12:07:31.433-0800][77655065ms] GC(25504) Pause Young (Normal) (G1 Evacuation Pause)
[2023-11-10T12:07:31.433-0800][77655065ms] GC(25504) Using 10 workers of 10 for evacuation
[2023-11-10T12:07:31.439-0800][77655071ms] GC(25504)   Pre Evacuate Collection Set: 0.0ms
[2023-11-10T12:07:31.439-0800][77655071ms] GC(25504)   Evacuate Collection Set: 1.9ms
[2023-11-10T12:07:31.439-0800][77655071ms] GC(25504)   Post Evacuate Collection Set: 3.7ms
[2023-11-10T12:07:31.439-0800][77655071ms] GC(25504)   Other: 0.3ms
[2023-11-10T12:07:31.439-0800][77655071ms] GC(25504) Eden regions: 156->0(156)
[2023-11-10T12:07:31.439-0800][77655071ms] GC(25504) Survivor regions: 1->1(20)
[2023-11-10T12:07:31.439-0800][77655071ms] GC(25504) Old regions: 1457->1457
[2023-11-10T12:07:31.439-0800][77655071ms] GC(25504) Humongous regions: 5->5
[2023-11-10T12:07:31.439-0800][77655071ms] GC(25504) Metaspace: 305043K->305043K(1349632K)
[2023-11-10T12:07:31.439-0800][77655071ms] GC(25504) Pause Young (Normal) (G1 Evacuation Pause) 3235M->2923M(3602M) 6.123ms
[2023-11-10T12:07:31.439-0800][77655071ms] GC(25504) User=0.00s Sys=0.00s Real=0.01s
[2023-11-10T12:07:31.849-0800][77655481ms] GC(25505) Pause Young (Normal) (G1 Evacuation Pause)
[2023-11-10T12:07:31.849-0800][77655481ms] GC(25505) Using 10 workers of 10 for evacuation
[2023-11-10T12:07:31.854-0800][77655486ms] GC(25505)   Pre Evacuate Collection Set: 0.0ms
[2023-11-10T12:07:31.854-0800][77655486ms] GC(25505)   Evacuate Collection Set: 1.7ms
[2023-11-10T12:07:31.854-0800][77655486ms] GC(25505)   Post Evacuate Collection Set: 3.1ms
[2023-11-10T12:07:31.854-0800][77655486ms] GC(25505)   Other: 0.3ms
[2023-11-10T12:07:31.854-0800][77655486ms] GC(25505) Eden regions: 156->0(156)
[2023-11-10T12:07:31.854-0800][77655486ms] GC(25505) Survivor regions: 1->1(20)
[2023-11-10T12:07:31.854-0800][77655486ms] GC(25505) Old regions: 1457->1457
[2023-11-10T12:07:31.854-0800][77655486ms] GC(25505) Humongous regions: 5->5
[2023-11-10T12:07:31.854-0800][77655486ms] GC(25505) Metaspace: 305043K->305043K(1349632K)
[2023-11-10T12:07:31.854-0800][77655486ms] GC(25505) Pause Young (Normal) (G1 Evacuation Pause) 3235M->2923M(3602M) 5.257ms
[2023-11-10T12:07:31.854-0800][77655486ms] GC(25505) User=0.03s Sys=0.00s Real=0.01s
[2023-11-10T12:07:32.237-0800][77655869ms] GC(25506) Pause Young (Normal) (G1 Evacuation Pause)
[2023-11-10T12:07:32.237-0800][77655869ms] GC(25506) Using 10 workers of 10 for evacuation
[2023-11-10T12:07:32.241-0800][77655873ms] GC(25506)   Pre Evacuate Collection Set: 0.0ms
[2023-11-10T12:07:32.241-0800][77655873ms] GC(25506)   Evacuate Collection Set: 1.7ms
[2023-11-10T12:07:32.241-0800][77655873ms] GC(25506)   Post Evacuate Collection Set: 3.0ms
[2023-11-10T12:07:32.241-0800][77655874ms] GC(25506)   Other: 0.2ms
[2023-11-10T12:07:32.242-0800][77655874ms] GC(25506) Eden regions: 156->0(156)
[2023-11-10T12:07:32.242-0800][77655874ms] GC(25506) Survivor regions: 1->1(20)
[2023-11-10T12:07:32.242-0800][77655874ms] GC(25506) Old regions: 1457->1457
[2023-11-10T12:07:32.242-0800][77655874ms] GC(25506) Humongous regions: 5->5
[2023-11-10T12:07:32.242-0800][77655874ms] GC(25506) Metaspace: 305043K->305043K(1349632K)
[2023-11-10T12:07:32.242-0800][77655874ms] GC(25506) Pause Young (Normal) (G1 Evacuation Pause) 3235M->2923M(3602M) 5.107ms
[2023-11-10T12:07:32.242-0800][77655874ms] GC(25506) User=0.00s Sys=0.00s Real=0.01s
[2023-11-10T12:07:32.573-0800][77656205ms] GC(25507) Pause Young (Normal) (G1 Evacuation Pause)
[2023-11-10T12:07:32.573-0800][77656205ms] GC(25507) Using 10 workers of 10 for evacuation
[2023-11-10T12:07:32.578-0800][77656210ms] GC(25507)   Pre Evacuate Collection Set: 0.0ms
[2023-11-10T12:07:32.578-0800][77656210ms] GC(25507)   Evacuate Collection Set: 1.6ms
[2023-11-10T12:07:32.578-0800][77656210ms] GC(25507)   Post Evacuate Collection Set: 3.0ms
[2023-11-10T12:07:32.578-0800][77656210ms] GC(25507)   Other: 0.2ms
[2023-11-10T12:07:32.578-0800][77656210ms] GC(25507) Eden regions: 156->0(156)
[2023-11-10T12:07:32.578-0800][77656210ms] GC(25507) Survivor regions: 1->1(20)
[2023-11-10T12:07:32.578-0800][77656210ms] GC(25507) Old regions: 1457->1457
[2023-11-10T12:07:32.578-0800][77656210ms] GC(25507) Humongous regions: 5->5
[2023-11-10T12:07:32.578-0800][77656210ms] GC(25507) Metaspace: 305043K->305043K(1349632K)
[2023-11-10T12:07:32.578-0800][77656210ms] GC(25507) Pause Young (Normal) (G1 Evacuation Pause) 3235M->2923M(3602M) 5.019ms
[2023-11-10T12:07:32.578-0800][77656210ms] GC(25507) User=0.00s Sys=0.00s Real=0.01s
[2023-11-10T12:07:32.880-0800][77656512ms] GC(25508) Pause Young (Normal) (G1 Evacuation Pause)
[2023-11-10T12:07:32.880-0800][77656512ms] GC(25508) Using 10 workers of 10 for evacuation
[2023-11-10T12:07:32.885-0800][77656517ms] GC(25508)   Pre Evacuate Collection Set: 0.0ms
[2023-11-10T12:07:32.885-0800][77656517ms] GC(25508)   Evacuate Collection Set: 1.7ms
[2023-11-10T12:07:32.885-0800][77656517ms] GC(25508)   Post Evacuate Collection Set: 3.5ms
[2023-11-10T12:07:32.885-0800][77656517ms] GC(25508)   Other: 0.2ms
[2023-11-10T12:07:32.885-0800][77656517ms] GC(25508) Eden regions: 156->0(156)
[2023-11-10T12:07:32.885-0800][77656517ms] GC(25508) Survivor regions: 1->1(20)
[2023-11-10T12:07:32.885-0800][77656517ms] GC(25508) Old regions: 1457->1457
[2023-11-10T12:07:32.885-0800][77656517ms] GC(25508) Humongous regions: 5->5
[2023-11-10T12:07:32.885-0800][77656517ms] GC(25508) Metaspace: 305043K->305043K(1349632K)
[2023-11-10T12:07:32.885-0800][77656517ms] GC(25508) Pause Young (Normal) (G1 Evacuation Pause) 3235M->2923M(3602M) 5.594ms
[2023-11-10T12:07:32.885-0800][77656517ms] GC(25508) User=0.02s Sys=0.00s Real=0.00s
[2023-11-10T12:07:33.267-0800][77656899ms] GC(25509) Pause Young (Normal) (G1 Evacuation Pause)
[2023-11-10T12:07:33.267-0800][77656899ms] GC(25509) Using 10 workers of 10 for evacuation
[2023-11-10T12:07:33.273-0800][77656905ms] GC(25509)   Pre Evacuate Collection Set: 0.1ms
[2023-11-10T12:07:33.273-0800][77656905ms] GC(25509)   Evacuate Collection Set: 2.2ms
[2023-11-10T12:07:33.273-0800][77656905ms] GC(25509)   Post Evacuate Collection Set: 3.1ms
[2023-11-10T12:07:33.273-0800][77656905ms] GC(25509)   Other: 0.3ms
[2023-11-10T12:07:33.273-0800][77656905ms] GC(25509) Eden regions: 156->0(156)
[2023-11-10T12:07:33.273-0800][77656905ms] GC(25509) Survivor regions: 1->1(20)
[2023-11-10T12:07:33.273-0800][77656905ms] GC(25509) Old regions: 1457->1457
[2023-11-10T12:07:33.273-0800][77656905ms] GC(25509) Humongous regions: 5->5
[2023-11-10T12:07:33.273-0800][77656905ms] GC(25509) Metaspace: 305043K->305043K(1349632K)
[2023-11-10T12:07:33.273-0800][77656905ms] GC(25509) Pause Young (Normal) (G1 Evacuation Pause) 3235M->2923M(3602M) 5.712ms
[2023-11-10T12:07:33.273-0800][77656905ms] GC(25509) User=0.00s Sys=0.00s Real=0.01s
[2023-11-10T12:07:33.687-0800][77657319ms] GC(25510) Pause Young (Normal) (G1 Evacuation Pause)
[2023-11-10T12:07:33.687-0800][77657319ms] GC(25510) Using 10 workers of 10 for evacuation
[2023-11-10T12:07:33.693-0800][77657325ms] GC(25510)   Pre Evacuate Collection Set: 0.0ms
[2023-11-10T12:07:33.693-0800][77657325ms] GC(25510)   Evacuate Collection Set: 1.6ms
[2023-11-10T12:07:33.693-0800][77657325ms] GC(25510)   Post Evacuate Collection Set: 3.1ms
[2023-11-10T12:07:33.693-0800][77657325ms] GC(25510)   Other: 0.2ms
[2023-11-10T12:07:33.693-0800][77657325ms] GC(25510) Eden regions: 156->0(156)
[2023-11-10T12:07:33.693-0800][77657325ms] GC(25510) Survivor regions: 1->1(20)
[2023-11-10T12:07:33.693-0800][77657325ms] GC(25510) Old regions: 1457->1457
[2023-11-10T12:07:33.693-0800][77657325ms] GC(25510) Humongous regions: 5->5
[2023-11-10T12:07:33.693-0800][77657325ms] GC(25510) Metaspace: 305043K->305043K(1349632K)
[2023-11-10T12:07:33.693-0800][77657325ms] GC(25510) Pause Young (Normal) (G1 Evacuation Pause) 3235M->2923M(3602M) 5.168ms
[2023-11-10T12:07:33.693-0800][77657325ms] GC(25510) User=0.00s Sys=0.00s Real=0.01s
[2023-11-10T12:07:34.066-0800][77657698ms] GC(25511) Pause Young (Normal) (G1 Evacuation Pause)
[2023-11-10T12:07:34.066-0800][77657698ms] GC(25511) Using 10 workers of 10 for evacuation
[2023-11-10T12:07:34.071-0800][77657703ms] GC(25511)   Pre Evacuate Collection Set: 0.0ms
[2023-11-10T12:07:34.071-0800][77657703ms] GC(25511)   Evacuate Collection Set: 1.6ms
[2023-11-10T12:07:34.071-0800][77657703ms] GC(25511)   Post Evacuate Collection Set: 3.1ms
[2023-11-10T12:07:34.071-0800][77657703ms] GC(25511)   Other: 0.2ms
[2023-11-10T12:07:34.071-0800][77657703ms] GC(25511) Eden regions: 156->0(156)
[2023-11-10T12:07:34.071-0800][77657703ms] GC(25511) Survivor regions: 1->1(20)
[2023-11-10T12:07:34.071-0800][77657703ms] GC(25511) Old regions: 1457->1457
[2023-11-10T12:07:34.071-0800][77657703ms] GC(25511) Humongous regions: 5->5
[2023-11-10T12:07:34.071-0800][77657703ms] GC(25511) Metaspace: 305043K->305043K(1349632K)
[2023-11-10T12:07:34.071-0800][77657703ms] GC(25511) Pause Young (Normal) (G1 Evacuation Pause) 3235M->2923M(3602M) 5.102ms
[2023-11-10T12:07:34.071-0800][77657703ms] GC(25511) User=0.02s Sys=0.00s Real=0.01s
[2023-11-10T12:07:34.462-0800][77658094ms] GC(25512) Pause Young (Normal) (G1 Evacuation Pause)
[2023-11-10T12:07:34.462-0800][77658094ms] GC(25512) Using 10 workers of 10 for evacuation
[2023-11-10T12:07:34.468-0800][77658100ms] GC(25512)   Pre Evacuate Collection Set: 0.1ms
[2023-11-10T12:07:34.468-0800][77658100ms] GC(25512)   Evacuate Collection Set: 1.9ms
[2023-11-10T12:07:34.468-0800][77658100ms] GC(25512)   Post Evacuate Collection Set: 3.9ms
[2023-11-10T12:07:34.468-0800][77658100ms] GC(25512)   Other: 0.3ms
[2023-11-10T12:07:34.468-0800][77658100ms] GC(25512) Eden regions: 156->0(156)
[2023-11-10T12:07:34.468-0800][77658100ms] GC(25512) Survivor regions: 1->1(20)
[2023-11-10T12:07:34.468-0800][77658100ms] GC(25512) Old regions: 1457->1457
[2023-11-10T12:07:34.468-0800][77658100ms] GC(25512) Humongous regions: 5->5
[2023-11-10T12:07:34.468-0800][77658100ms] GC(25512) Metaspace: 305043K->305043K(1349632K)
[2023-11-10T12:07:34.468-0800][77658100ms] GC(25512) Pause Young (Normal) (G1 Evacuation Pause) 3235M->2923M(3602M) 6.190ms
[2023-11-10T12:07:34.468-0800][77658100ms] GC(25512) User=0.00s Sys=0.00s Real=0.01s
[2023-11-10T12:07:34.859-0800][77658491ms] GC(25513) Pause Young (Normal) (G1 Evacuation Pause)
[2023-11-10T12:07:34.859-0800][77658491ms] GC(25513) Using 10 workers of 10 for evacuation
[2023-11-10T12:07:34.863-0800][77658495ms] GC(25513)   Pre Evacuate Collection Set: 0.0ms
[2023-11-10T12:07:34.863-0800][77658495ms] GC(25513)   Evacuate Collection Set: 1.7ms
[2023-11-10T12:07:34.863-0800][77658495ms] GC(25513)   Post Evacuate Collection Set: 3.0ms
[2023-11-10T12:07:34.863-0800][77658495ms] GC(25513)   Other: 0.2ms
[2023-11-10T12:07:34.864-0800][77658496ms] GC(25513) Eden regions: 156->0(156)
[2023-11-10T12:07:34.864-0800][77658496ms] GC(25513) Survivor regions: 1->1(20)
[2023-11-10T12:07:34.864-0800][77658496ms] GC(25513) Old regions: 1457->1457
[2023-11-10T12:07:34.864-0800][77658496ms] GC(25513) Humongous regions: 5->5
[2023-11-10T12:07:34.864-0800][77658496ms] GC(25513) Metaspace: 305043K->305043K(1349632K)
[2023-11-10T12:07:34.864-0800][77658496ms] GC(25513) Pause Young (Normal) (G1 Evacuation Pause) 3235M->2923M(3602M) 5.003ms
[2023-11-10T12:07:34.864-0800][77658496ms] GC(25513) User=0.00s Sys=0.00s Real=0.01s
[2023-11-10T12:07:35.207-0800][77658839ms] GC(25514) Pause Young (Normal) (G1 Evacuation Pause)
[2023-11-10T12:07:35.207-0800][77658839ms] GC(25514) Using 10 workers of 10 for evacuation
[2023-11-10T12:07:35.214-0800][77658846ms] GC(25514)   Pre Evacuate Collection Set: 0.1ms
[2023-11-10T12:07:35.214-0800][77658846ms] GC(25514)   Evacuate Collection Set: 2.8ms
[2023-11-10T12:07:35.214-0800][77658846ms] GC(25514)   Post Evacuate Collection Set: 4.3ms
[2023-11-10T12:07:35.214-0800][77658846ms] GC(25514)   Other: 0.4ms
[2023-11-10T12:07:35.214-0800][77658846ms] GC(25514) Eden regions: 156->0(156)
[2023-11-10T12:07:35.214-0800][77658846ms] GC(25514) Survivor regions: 1->1(20)
[2023-11-10T12:07:35.214-0800][77658846ms] GC(25514) Old regions: 1457->1457
[2023-11-10T12:07:35.214-0800][77658846ms] GC(25514) Humongous regions: 5->5
[2023-11-10T12:07:35.214-0800][77658846ms] GC(25514) Metaspace: 305043K->305043K(1349632K)
[2023-11-10T12:07:35.214-0800][77658846ms] GC(25514) Pause Young (Normal) (G1 Evacuation Pause) 3235M->2923M(3602M) 7.756ms
[2023-11-10T12:07:35.214-0800][77658846ms] GC(25514) User=0.02s Sys=0.00s Real=0.01s
[2023-11-10T12:07:35.518-0800][77659150ms] GC(25515) Pause Young (Normal) (G1 Evacuation Pause)
[2023-11-10T12:07:35.518-0800][77659150ms] GC(25515) Using 10 workers of 10 for evacuation
[2023-11-10T12:07:35.523-0800][77659155ms] GC(25515)   Pre Evacuate Collection Set: 0.0ms
[2023-11-10T12:07:35.523-0800][77659155ms] GC(25515)   Evacuate Collection Set: 1.7ms
[2023-11-10T12:07:35.523-0800][77659155ms] GC(25515)   Post Evacuate Collection Set: 3.2ms
[2023-11-10T12:07:35.523-0800][77659155ms] GC(25515)   Other: 0.3ms
[2023-11-10T12:07:35.523-0800][77659155ms] GC(25515) Eden regions: 156->0(156)
[2023-11-10T12:07:35.523-0800][77659155ms] GC(25515) Survivor regions: 1->1(20)
[2023-11-10T12:07:35.523-0800][77659155ms] GC(25515) Old regions: 1457->1457
[2023-11-10T12:07:35.523-0800][77659155ms] GC(25515) Humongous regions: 5->5
[2023-11-10T12:07:35.523-0800][77659155ms] GC(25515) Metaspace: 305043K->305043K(1349632K)
[2023-11-10T12:07:35.523-0800][77659155ms] GC(25515) Pause Young (Normal) (G1 Evacuation Pause) 3235M->2923M(3602M) 5.267ms
[2023-11-10T12:07:35.523-0800][77659155ms] GC(25515) User=0.00s Sys=0.00s Real=0.01s
[2023-11-10T12:07:35.831-0800][77659463ms] GC(25516) Pause Young (Normal) (G1 Evacuation Pause)
[2023-11-10T12:07:35.831-0800][77659463ms] GC(25516) Using 10 workers of 10 for evacuation
[2023-11-10T12:07:35.836-0800][77659468ms] GC(25516)   Pre Evacuate Collection Set: 0.0ms
[2023-11-10T12:07:35.836-0800][77659468ms] GC(25516)   Evacuate Collection Set: 1.6ms
[2023-11-10T12:07:35.836-0800][77659468ms] GC(25516)   Post Evacuate Collection Set: 3.2ms
[2023-11-10T12:07:35.836-0800][77659468ms] GC(25516)   Other: 0.3ms
[2023-11-10T12:07:35.836-0800][77659468ms] GC(25516) Eden regions: 156->0(156)
[2023-11-10T12:07:35.836-0800][77659468ms] GC(25516) Survivor regions: 1->1(20)
[2023-11-10T12:07:35.836-0800][77659468ms] GC(25516) Old regions: 1457->1457
[2023-11-10T12:07:35.836-0800][77659468ms] GC(25516) Humongous regions: 5->5
[2023-11-10T12:07:35.836-0800][77659468ms] GC(25516) Metaspace: 305043K->305043K(1349632K)
[2023-11-10T12:07:35.836-0800][77659468ms] GC(25516) Pause Young (Normal) (G1 Evacuation Pause) 3235M->2923M(3602M) 5.139ms
[2023-11-10T12:07:35.836-0800][77659468ms] GC(25516) User=0.02s Sys=0.00s Real=0.00s
[2023-11-10T12:07:36.216-0800][77659848ms] GC(25517) Pause Young (Normal) (G1 Evacuation Pause)
[2023-11-10T12:07:36.216-0800][77659848ms] GC(25517) Using 10 workers of 10 for evacuation
[2023-11-10T12:07:36.222-0800][77659854ms] GC(25517)   Pre Evacuate Collection Set: 0.1ms
[2023-11-10T12:07:36.222-0800][77659854ms] GC(25517)   Evacuate Collection Set: 2.2ms
[2023-11-10T12:07:36.222-0800][77659854ms] GC(25517)   Post Evacuate Collection Set: 3.4ms
[2023-11-10T12:07:36.222-0800][77659854ms] GC(25517)   Other: 0.5ms
[2023-11-10T12:07:36.222-0800][77659854ms] GC(25517) Eden regions: 156->0(156)
[2023-11-10T12:07:36.222-0800][77659854ms] GC(25517) Survivor regions: 1->1(20)
[2023-11-10T12:07:36.222-0800][77659854ms] GC(25517) Old regions: 1457->1457
[2023-11-10T12:07:36.222-0800][77659854ms] GC(25517) Humongous regions: 5->5
[2023-11-10T12:07:36.222-0800][77659854ms] GC(25517) Metaspace: 305043K->305043K(1349632K)
[2023-11-10T12:07:36.222-0800][77659854ms] GC(25517) Pause Young (Normal) (G1 Evacuation Pause) 3235M->2923M(3602M) 6.299ms
[2023-11-10T12:07:36.222-0800][77659854ms] GC(25517) User=0.00s Sys=0.00s Real=0.01s
[2023-11-10T12:07:36.535-0800][77660167ms] GC(25518) Pause Young (Normal) (G1 Evacuation Pause)
[2023-11-10T12:07:36.535-0800][77660167ms] GC(25518) Using 10 workers of 10 for evacuation
[2023-11-10T12:07:36.540-0800][77660172ms] GC(25518)   Pre Evacuate Collection Set: 0.0ms
[2023-11-10T12:07:36.540-0800][77660172ms] GC(25518)   Evacuate Collection Set: 1.7ms
[2023-11-10T12:07:36.540-0800][77660172ms] GC(25518)   Post Evacuate Collection Set: 2.9ms
[2023-11-10T12:07:36.540-0800][77660172ms] GC(25518)   Other: 0.3ms
[2023-11-10T12:07:36.540-0800][77660172ms] GC(25518) Eden regions: 156->0(156)
[2023-11-10T12:07:36.540-0800][77660172ms] GC(25518) Survivor regions: 1->1(20)
[2023-11-10T12:07:36.540-0800][77660172ms] GC(25518) Old regions: 1457->1457
[2023-11-10T12:07:36.540-0800][77660172ms] GC(25518) Humongous regions: 5->5
[2023-11-10T12:07:36.540-0800][77660172ms] GC(25518) Metaspace: 305043K->305043K(1349632K)
[2023-11-10T12:07:36.540-0800][77660172ms] GC(25518) Pause Young (Normal) (G1 Evacuation Pause) 3235M->2923M(3602M) 5.065ms
[2023-11-10T12:07:36.540-0800][77660172ms] GC(25518) User=0.00s Sys=0.00s Real=0.00s
[2023-11-10T12:07:36.968-0800][77660600ms] GC(25519) Pause Young (Normal) (G1 Evacuation Pause)
[2023-11-10T12:07:36.968-0800][77660600ms] GC(25519) Using 10 workers of 10 for evacuation
[2023-11-10T12:07:36.973-0800][77660605ms] GC(25519)   Pre Evacuate Collection Set: 0.0ms
[2023-11-10T12:07:36.973-0800][77660605ms] GC(25519)   Evacuate Collection Set: 1.7ms
[2023-11-10T12:07:36.973-0800][77660605ms] GC(25519)   Post Evacuate Collection Set: 3.3ms
[2023-11-10T12:07:36.973-0800][77660605ms] GC(25519)   Other: 0.3ms
[2023-11-10T12:07:36.973-0800][77660605ms] GC(25519) Eden regions: 156->0(156)
[2023-11-10T12:07:36.973-0800][77660605ms] GC(25519) Survivor regions: 1->1(20)
[2023-11-10T12:07:36.973-0800][77660605ms] GC(25519) Old regions: 1457->1457
[2023-11-10T12:07:36.973-0800][77660605ms] GC(25519) Humongous regions: 5->5
[2023-11-10T12:07:36.973-0800][77660605ms] GC(25519) Metaspace: 305043K->305043K(1349632K)
[2023-11-10T12:07:36.973-0800][77660605ms] GC(25519) Pause Young (Normal) (G1 Evacuation Pause) 3235M->2923M(3602M) 5.342ms
[2023-11-10T12:07:36.973-0800][77660605ms] GC(25519) User=0.00s Sys=0.00s Real=0.01s
[2023-11-10T12:07:37.416-0800][77661048ms] GC(25520) Pause Young (Normal) (G1 Evacuation Pause)
[2023-11-10T12:07:37.416-0800][77661048ms] GC(25520) Using 10 workers of 10 for evacuation
[2023-11-10T12:07:37.421-0800][77661053ms] GC(25520)   Pre Evacuate Collection Set: 0.0ms
[2023-11-10T12:07:37.421-0800][77661053ms] GC(25520)   Evacuate Collection Set: 1.7ms
[2023-11-10T12:07:37.421-0800][77661053ms] GC(25520)   Post Evacuate Collection Set: 3.4ms
[2023-11-10T12:07:37.421-0800][77661053ms] GC(25520)   Other: 0.3ms
[2023-11-10T12:07:37.421-0800][77661053ms] GC(25520) Eden regions: 156->0(156)
[2023-11-10T12:07:37.422-0800][77661054ms] GC(25520) Survivor regions: 1->1(20)
[2023-11-10T12:07:37.422-0800][77661054ms] GC(25520) Old regions: 1457->1457
[2023-11-10T12:07:37.422-0800][77661054ms] GC(25520) Humongous regions: 5->5
[2023-11-10T12:07:37.422-0800][77661054ms] GC(25520) Metaspace: 305043K->305043K(1349632K)
[2023-11-10T12:07:37.422-0800][77661054ms] GC(25520) Pause Young (Normal) (G1 Evacuation Pause) 3235M->2923M(3602M) 5.478ms
[2023-11-10T12:07:37.422-0800][77661054ms] GC(25520) User=0.00s Sys=0.00s Real=0.01s
[2023-11-10T12:07:37.823-0800][77661455ms] GC(25521) Pause Young (Normal) (G1 Evacuation Pause)
[2023-11-10T12:07:37.823-0800][77661455ms] GC(25521) Using 10 workers of 10 for evacuation
[2023-11-10T12:07:37.828-0800][77661460ms] GC(25521)   Pre Evacuate Collection Set: 0.0ms
[2023-11-10T12:07:37.828-0800][77661460ms] GC(25521)   Evacuate Collection Set: 1.7ms
[2023-11-10T12:07:37.828-0800][77661460ms] GC(25521)   Post Evacuate Collection Set: 3.2ms
[2023-11-10T12:07:37.828-0800][77661460ms] GC(25521)   Other: 0.3ms
[2023-11-10T12:07:37.828-0800][77661460ms] GC(25521) Eden regions: 156->0(156)
[2023-11-10T12:07:37.828-0800][77661460ms] GC(25521) Survivor regions: 1->1(20)
[2023-11-10T12:07:37.828-0800][77661460ms] GC(25521) Old regions: 1457->1457
[2023-11-10T12:07:37.828-0800][77661460ms] GC(25521) Humongous regions: 5->5
[2023-11-10T12:07:37.828-0800][77661460ms] GC(25521) Metaspace: 305043K->305043K(1349632K)
[2023-11-10T12:07:37.828-0800][77661460ms] GC(25521) Pause Young (Normal) (G1 Evacuation Pause) 3235M->2923M(3602M) 5.304ms
[2023-11-10T12:07:37.829-0800][77661461ms] GC(25521) User=0.00s Sys=0.00s Real=0.01s
[2023-11-10T12:07:38.276-0800][77661908ms] GC(25522) Pause Young (Normal) (G1 Evacuation Pause)
[2023-11-10T12:07:38.276-0800][77661908ms] GC(25522) Using 10 workers of 10 for evacuation
[2023-11-10T12:07:38.281-0800][77661913ms] GC(25522)   Pre Evacuate Collection Set: 0.0ms
[2023-11-10T12:07:38.281-0800][77661913ms] GC(25522)   Evacuate Collection Set: 1.7ms
[2023-11-10T12:07:38.281-0800][77661913ms] GC(25522)   Post Evacuate Collection Set: 3.2ms
[2023-11-10T12:07:38.281-0800][77661913ms] GC(25522)   Other: 0.2ms
[2023-11-10T12:07:38.281-0800][77661913ms] GC(25522) Eden regions: 156->0(156)
[2023-11-10T12:07:38.281-0800][77661913ms] GC(25522) Survivor regions: 1->1(20)
[2023-11-10T12:07:38.281-0800][77661913ms] GC(25522) Old regions: 1457->1457
[2023-11-10T12:07:38.281-0800][77661913ms] GC(25522) Humongous regions: 5->5
[2023-11-10T12:07:38.281-0800][77661913ms] GC(25522) Metaspace: 305043K->305043K(1349632K)
[2023-11-10T12:07:38.281-0800][77661913ms] GC(25522) Pause Young (Normal) (G1 Evacuation Pause) 3235M->2923M(3602M) 5.364ms
[2023-11-10T12:07:38.281-0800][77661913ms] GC(25522) User=0.00s Sys=0.00s Real=0.00s
[2023-11-10T12:07:38.612-0800][77662244ms] GC(25523) Pause Young (Normal) (G1 Evacuation Pause)
[2023-11-10T12:07:38.612-0800][77662244ms] GC(25523) Using 10 workers of 10 for evacuation
[2023-11-10T12:07:38.616-0800][77662248ms] GC(25523)   Pre Evacuate Collection Set: 0.0ms
[2023-11-10T12:07:38.617-0800][77662249ms] GC(25523)   Evacuate Collection Set: 1.6ms
[2023-11-10T12:07:38.617-0800][77662249ms] GC(25523)   Post Evacuate Collection Set: 3.1ms
[2023-11-10T12:07:38.617-0800][77662249ms] GC(25523)   Other: 0.3ms
[2023-11-10T12:07:38.617-0800][77662249ms] GC(25523) Eden regions: 156->0(156)
[2023-11-10T12:07:38.617-0800][77662249ms] GC(25523) Survivor regions: 1->1(20)
[2023-11-10T12:07:38.617-0800][77662249ms] GC(25523) Old regions: 1457->1457
[2023-11-10T12:07:38.617-0800][77662249ms] GC(25523) Humongous regions: 5->5
[2023-11-10T12:07:38.617-0800][77662249ms] GC(25523) Metaspace: 305043K->305043K(1349632K)
[2023-11-10T12:07:38.617-0800][77662249ms] GC(25523) Pause Young (Normal) (G1 Evacuation Pause) 3235M->2923M(3602M) 5.157ms
[2023-11-10T12:07:38.617-0800][77662249ms] GC(25523) User=0.00s Sys=0.00s Real=0.01s
[2023-11-10T12:07:39.003-0800][77662635ms] GC(25524) Pause Young (Normal) (G1 Evacuation Pause)
[2023-11-10T12:07:39.003-0800][77662635ms] GC(25524) Using 10 workers of 10 for evacuation
[2023-11-10T12:07:39.009-0800][77662641ms] GC(25524)   Pre Evacuate Collection Set: 0.1ms
[2023-11-10T12:07:39.009-0800][77662641ms] GC(25524)   Evacuate Collection Set: 1.7ms
[2023-11-10T12:07:39.009-0800][77662641ms] GC(25524)   Post Evacuate Collection Set: 3.6ms
[2023-11-10T12:07:39.009-0800][77662641ms] GC(25524)   Other: 0.3ms
[2023-11-10T12:07:39.009-0800][77662641ms] GC(25524) Eden regions: 156->0(156)
[2023-11-10T12:07:39.009-0800][77662641ms] GC(25524) Survivor regions: 1->1(20)
[2023-11-10T12:07:39.009-0800][77662641ms] GC(25524) Old regions: 1457->1457
[2023-11-10T12:07:39.009-0800][77662641ms] GC(25524) Humongous regions: 5->5
[2023-11-10T12:07:39.009-0800][77662641ms] GC(25524) Metaspace: 305043K->305043K(1349632K)
[2023-11-10T12:07:39.009-0800][77662641ms] GC(25524) Pause Young (Normal) (G1 Evacuation Pause) 3235M->2923M(3602M) 5.765ms
[2023-11-10T12:07:39.009-0800][77662641ms] GC(25524) User=0.00s Sys=0.00s Real=0.01s
[2023-11-10T12:07:39.398-0800][77663030ms] GC(25525) Pause Young (Normal) (G1 Evacuation Pause)
[2023-11-10T12:07:39.398-0800][77663030ms] GC(25525) Using 10 workers of 10 for evacuation
[2023-11-10T12:07:39.404-0800][77663036ms] GC(25525)   Pre Evacuate Collection Set: 0.0ms
[2023-11-10T12:07:39.404-0800][77663036ms] GC(25525)   Evacuate Collection Set: 1.9ms
[2023-11-10T12:07:39.404-0800][77663036ms] GC(25525)   Post Evacuate Collection Set: 3.8ms
[2023-11-10T12:07:39.404-0800][77663036ms] GC(25525)   Other: 0.3ms
[2023-11-10T12:07:39.404-0800][77663036ms] GC(25525) Eden regions: 156->0(156)
[2023-11-10T12:07:39.404-0800][77663036ms] GC(25525) Survivor regions: 1->1(20)
[2023-11-10T12:07:39.404-0800][77663036ms] GC(25525) Old regions: 1457->1457
[2023-11-10T12:07:39.404-0800][77663036ms] GC(25525) Humongous regions: 5->5
[2023-11-10T12:07:39.404-0800][77663036ms] GC(25525) Metaspace: 305043K->305043K(1349632K)
[2023-11-10T12:07:39.404-0800][77663036ms] GC(25525) Pause Young (Normal) (G1 Evacuation Pause) 3235M->2923M(3602M) 6.078ms
[2023-11-10T12:07:39.404-0800][77663036ms] GC(25525) User=0.00s Sys=0.00s Real=0.01s
[2023-11-10T12:07:39.765-0800][77663397ms] GC(25526) Pause Young (Normal) (G1 Evacuation Pause)
[2023-11-10T12:07:39.765-0800][77663397ms] GC(25526) Using 10 workers of 10 for evacuation
[2023-11-10T12:07:39.771-0800][77663403ms] GC(25526)   Pre Evacuate Collection Set: 0.0ms
[2023-11-10T12:07:39.771-0800][77663403ms] GC(25526)   Evacuate Collection Set: 1.7ms
[2023-11-10T12:07:39.771-0800][77663403ms] GC(25526)   Post Evacuate Collection Set: 3.1ms
[2023-11-10T12:07:39.771-0800][77663403ms] GC(25526)   Other: 0.2ms
[2023-11-10T12:07:39.771-0800][77663403ms] GC(25526) Eden regions: 156->0(156)
[2023-11-10T12:07:39.771-0800][77663403ms] GC(25526) Survivor regions: 1->1(20)
[2023-11-10T12:07:39.771-0800][77663403ms] GC(25526) Old regions: 1457->1457
[2023-11-10T12:07:39.771-0800][77663403ms] GC(25526) Humongous regions: 5->5
[2023-11-10T12:07:39.771-0800][77663403ms] GC(25526) Metaspace: 305043K->305043K(1349632K)
[2023-11-10T12:07:39.771-0800][77663403ms] GC(25526) Pause Young (Normal) (G1 Evacuation Pause) 3235M->2923M(3602M) 5.216ms
[2023-11-10T12:07:39.771-0800][77663403ms] GC(25526) User=0.00s Sys=0.00s Real=0.01s
[2023-11-10T12:07:40.133-0800][77663765ms] GC(25527) Pause Young (Normal) (G1 Evacuation Pause)
[2023-11-10T12:07:40.133-0800][77663765ms] GC(25527) Using 10 workers of 10 for evacuation
[2023-11-10T12:07:40.139-0800][77663771ms] GC(25527)   Pre Evacuate Collection Set: 0.1ms
[2023-11-10T12:07:40.139-0800][77663771ms] GC(25527)   Evacuate Collection Set: 1.8ms
[2023-11-10T12:07:40.139-0800][77663771ms] GC(25527)   Post Evacuate Collection Set: 3.5ms
[2023-11-10T12:07:40.139-0800][77663771ms] GC(25527)   Other: 0.3ms
[2023-11-10T12:07:40.139-0800][77663771ms] GC(25527) Eden regions: 156->0(156)
[2023-11-10T12:07:40.139-0800][77663771ms] GC(25527) Survivor regions: 1->1(20)
[2023-11-10T12:07:40.139-0800][77663771ms] GC(25527) Old regions: 1457->1457
[2023-11-10T12:07:40.139-0800][77663771ms] GC(25527) Humongous regions: 5->5
[2023-11-10T12:07:40.139-0800][77663771ms] GC(25527) Metaspace: 305043K->305043K(1349632K)
[2023-11-10T12:07:40.139-0800][77663771ms] GC(25527) Pause Young (Normal) (G1 Evacuation Pause) 3235M->2923M(3602M) 5.830ms
[2023-11-10T12:07:40.139-0800][77663771ms] GC(25527) User=0.00s Sys=0.00s Real=0.01s
[2023-11-10T12:07:40.556-0800][77664188ms] GC(25528) Pause Young (Normal) (G1 Evacuation Pause)
[2023-11-10T12:07:40.556-0800][77664188ms] GC(25528) Using 10 workers of 10 for evacuation
[2023-11-10T12:07:40.561-0800][77664193ms] GC(25528)   Pre Evacuate Collection Set: 0.0ms
[2023-11-10T12:07:40.561-0800][77664193ms] GC(25528)   Evacuate Collection Set: 1.5ms
[2023-11-10T12:07:40.561-0800][77664193ms] GC(25528)   Post Evacuate Collection Set: 3.1ms
[2023-11-10T12:07:40.561-0800][77664193ms] GC(25528)   Other: 0.2ms
[2023-11-10T12:07:40.561-0800][77664193ms] GC(25528) Eden regions: 156->0(156)
[2023-11-10T12:07:40.561-0800][77664193ms] GC(25528) Survivor regions: 1->1(20)
[2023-11-10T12:07:40.561-0800][77664193ms] GC(25528) Old regions: 1457->1457
[2023-11-10T12:07:40.561-0800][77664193ms] GC(25528) Humongous regions: 5->5
[2023-11-10T12:07:40.561-0800][77664193ms] GC(25528) Metaspace: 305043K->305043K(1349632K)
[2023-11-10T12:07:40.561-0800][77664193ms] GC(25528) Pause Young (Normal) (G1 Evacuation Pause) 3235M->2923M(3602M) 5.002ms
[2023-11-10T12:07:40.561-0800][77664193ms] GC(25528) User=0.00s Sys=0.00s Real=0.01s
[2023-11-10T12:07:40.921-0800][77664553ms] GC(25529) Pause Young (Normal) (G1 Evacuation Pause)
[2023-11-10T12:07:40.921-0800][77664553ms] GC(25529) Using 10 workers of 10 for evacuation
[2023-11-10T12:07:40.927-0800][77664559ms] GC(25529)   Pre Evacuate Collection Set: 0.0ms
[2023-11-10T12:07:40.927-0800][77664559ms] GC(25529)   Evacuate Collection Set: 2.0ms
[2023-11-10T12:07:40.927-0800][77664559ms] GC(25529)   Post Evacuate Collection Set: 4.4ms
[2023-11-10T12:07:40.927-0800][77664559ms] GC(25529)   Other: 0.3ms
[2023-11-10T12:07:40.927-0800][77664559ms] GC(25529) Eden regions: 156->0(156)
[2023-11-10T12:07:40.927-0800][77664559ms] GC(25529) Survivor regions: 1->1(20)
[2023-11-10T12:07:40.927-0800][77664559ms] GC(25529) Old regions: 1457->1457
[2023-11-10T12:07:40.927-0800][77664559ms] GC(25529) Humongous regions: 5->5
[2023-11-10T12:07:40.927-0800][77664559ms] GC(25529) Metaspace: 305043K->305043K(1349632K)
[2023-11-10T12:07:40.927-0800][77664559ms] GC(25529) Pause Young (Normal) (G1 Evacuation Pause) 3235M->2923M(3602M) 6.780ms
[2023-11-10T12:07:40.927-0800][77664559ms] GC(25529) User=0.00s Sys=0.00s Real=0.01s
[2023-11-10T12:07:41.289-0800][77664921ms] GC(25530) Pause Young (Normal) (G1 Evacuation Pause)
[2023-11-10T12:07:41.289-0800][77664921ms] GC(25530) Using 10 workers of 10 for evacuation
[2023-11-10T12:07:41.293-0800][77664925ms] GC(25530)   Pre Evacuate Collection Set: 0.1ms
[2023-11-10T12:07:41.293-0800][77664925ms] GC(25530)   Evacuate Collection Set: 1.7ms
[2023-11-10T12:07:41.293-0800][77664925ms] GC(25530)   Post Evacuate Collection Set: 3.4ms
[2023-11-10T12:07:41.293-0800][77664925ms] GC(25530)   Other: 0.3ms
[2023-11-10T12:07:41.293-0800][77664925ms] GC(25530) Eden regions: 156->0(156)
[2023-11-10T12:07:41.293-0800][77664925ms] GC(25530) Survivor regions: 1->1(20)
[2023-11-10T12:07:41.293-0800][77664925ms] GC(25530) Old regions: 1457->1457
[2023-11-10T12:07:41.293-0800][77664925ms] GC(25530) Humongous regions: 5->5
[2023-11-10T12:07:41.293-0800][77664925ms] GC(25530) Metaspace: 305043K->305043K(1349632K)
[2023-11-10T12:07:41.293-0800][77664925ms] GC(25530) Pause Young (Normal) (G1 Evacuation Pause) 3235M->2923M(3602M) 5.567ms
[2023-11-10T12:07:41.293-0800][77664925ms] GC(25530) User=0.00s Sys=0.00s Real=0.00s
[2023-11-10T12:07:41.668-0800][77665300ms] GC(25531) Pause Young (Normal) (G1 Evacuation Pause)
[2023-11-10T12:07:41.668-0800][77665300ms] GC(25531) Using 10 workers of 10 for evacuation
[2023-11-10T12:07:41.673-0800][77665305ms] GC(25531)   Pre Evacuate Collection Set: 0.0ms
[2023-11-10T12:07:41.673-0800][77665305ms] GC(25531)   Evacuate Collection Set: 1.7ms
[2023-11-10T12:07:41.673-0800][77665305ms] GC(25531)   Post Evacuate Collection Set: 3.0ms
[2023-11-10T12:07:41.673-0800][77665305ms] GC(25531)   Other: 0.2ms
[2023-11-10T12:07:41.673-0800][77665305ms] GC(25531) Eden regions: 156->0(156)
[2023-11-10T12:07:41.673-0800][77665305ms] GC(25531) Survivor regions: 1->1(20)
[2023-11-10T12:07:41.673-0800][77665305ms] GC(25531) Old regions: 1457->1457
[2023-11-10T12:07:41.673-0800][77665305ms] GC(25531) Humongous regions: 5->5
[2023-11-10T12:07:41.673-0800][77665305ms] GC(25531) Metaspace: 305043K->305043K(1349632K)
[2023-11-10T12:07:41.673-0800][77665305ms] GC(25531) Pause Young (Normal) (G1 Evacuation Pause) 3235M->2923M(3602M) 5.003ms
[2023-11-10T12:07:41.674-0800][77665306ms] GC(25531) User=0.00s Sys=0.00s Real=0.01s
[2023-11-10T12:07:42.007-0800][77665639ms] GC(25532) Pause Young (Normal) (G1 Evacuation Pause)
[2023-11-10T12:07:42.007-0800][77665639ms] GC(25532) Using 10 workers of 10 for evacuation
[2023-11-10T12:07:42.012-0800][77665644ms] GC(25532)   Pre Evacuate Collection Set: 0.0ms
[2023-11-10T12:07:42.012-0800][77665644ms] GC(25532)   Evacuate Collection Set: 1.7ms
[2023-11-10T12:07:42.012-0800][77665644ms] GC(25532)   Post Evacuate Collection Set: 2.9ms
[2023-11-10T12:07:42.012-0800][77665644ms] GC(25532)   Other: 0.3ms
[2023-11-10T12:07:42.012-0800][77665644ms] GC(25532) Eden regions: 156->0(156)
[2023-11-10T12:07:42.012-0800][77665644ms] GC(25532) Survivor regions: 1->1(20)
[2023-11-10T12:07:42.012-0800][77665644ms] GC(25532) Old regions: 1457->1457
[2023-11-10T12:07:42.012-0800][77665644ms] GC(25532) Humongous regions: 5->5
[2023-11-10T12:07:42.012-0800][77665644ms] GC(25532) Metaspace: 305043K->305043K(1349632K)
[2023-11-10T12:07:42.012-0800][77665644ms] GC(25532) Pause Young (Normal) (G1 Evacuation Pause) 3235M->2923M(3602M) 4.949ms
[2023-11-10T12:07:42.012-0800][77665644ms] GC(25532) User=0.00s Sys=0.00s Real=0.01s
[2023-11-10T12:07:42.373-0800][77666005ms] GC(25533) Pause Young (Normal) (G1 Evacuation Pause)
[2023-11-10T12:07:42.373-0800][77666005ms] GC(25533) Using 10 workers of 10 for evacuation
[2023-11-10T12:07:42.378-0800][77666010ms] GC(25533)   Pre Evacuate Collection Set: 0.0ms
[2023-11-10T12:07:42.378-0800][77666010ms] GC(25533)   Evacuate Collection Set: 1.7ms
[2023-11-10T12:07:42.378-0800][77666010ms] GC(25533)   Post Evacuate Collection Set: 3.3ms
[2023-11-10T12:07:42.378-0800][77666010ms] GC(25533)   Other: 0.3ms
[2023-11-10T12:07:42.378-0800][77666010ms] GC(25533) Eden regions: 156->0(156)
[2023-11-10T12:07:42.378-0800][77666010ms] GC(25533) Survivor regions: 1->1(20)
[2023-11-10T12:07:42.378-0800][77666010ms] GC(25533) Old regions: 1457->1457
[2023-11-10T12:07:42.378-0800][77666010ms] GC(25533) Humongous regions: 5->5
[2023-11-10T12:07:42.378-0800][77666010ms] GC(25533) Metaspace: 305043K->305043K(1349632K)
[2023-11-10T12:07:42.378-0800][77666010ms] GC(25533) Pause Young (Normal) (G1 Evacuation Pause) 3235M->2923M(3602M) 5.463ms
[2023-11-10T12:07:42.378-0800][77666010ms] GC(25533) User=0.00s Sys=0.00s Real=0.01s
[2023-11-10T12:07:42.761-0800][77666393ms] GC(25534) Pause Young (Normal) (G1 Evacuation Pause)
[2023-11-10T12:07:42.761-0800][77666393ms] GC(25534) Using 10 workers of 10 for evacuation
[2023-11-10T12:07:42.766-0800][77666398ms] GC(25534)   Pre Evacuate Collection Set: 0.0ms
[2023-11-10T12:07:42.766-0800][77666398ms] GC(25534)   Evacuate Collection Set: 1.7ms
[2023-11-10T12:07:42.766-0800][77666398ms] GC(25534)   Post Evacuate Collection Set: 2.8ms
[2023-11-10T12:07:42.766-0800][77666398ms] GC(25534)   Other: 0.3ms
[2023-11-10T12:07:42.766-0800][77666398ms] GC(25534) Eden regions: 156->0(156)
[2023-11-10T12:07:42.766-0800][77666398ms] GC(25534) Survivor regions: 1->1(20)
[2023-11-10T12:07:42.766-0800][77666398ms] GC(25534) Old regions: 1457->1457
[2023-11-10T12:07:42.766-0800][77666398ms] GC(25534) Humongous regions: 5->5
[2023-11-10T12:07:42.766-0800][77666398ms] GC(25534) Metaspace: 305043K->305043K(1349632K)
[2023-11-10T12:07:42.766-0800][77666398ms] GC(25534) Pause Young (Normal) (G1 Evacuation Pause) 3235M->2923M(3602M) 5.007ms
[2023-11-10T12:07:42.766-0800][77666398ms] GC(25534) User=0.00s Sys=0.00s Real=0.01s
[2023-11-10T12:07:43.112-0800][77666744ms] GC(25535) Pause Young (Normal) (G1 Evacuation Pause)
[2023-11-10T12:07:43.112-0800][77666744ms] GC(25535) Using 10 workers of 10 for evacuation
[2023-11-10T12:07:43.116-0800][77666748ms] GC(25535)   Pre Evacuate Collection Set: 0.0ms
[2023-11-10T12:07:43.116-0800][77666748ms] GC(25535)   Evacuate Collection Set: 1.6ms
[2023-11-10T12:07:43.116-0800][77666748ms] GC(25535)   Post Evacuate Collection Set: 3.0ms
[2023-11-10T12:07:43.116-0800][77666748ms] GC(25535)   Other: 0.2ms
[2023-11-10T12:07:43.116-0800][77666748ms] GC(25535) Eden regions: 156->0(156)
[2023-11-10T12:07:43.116-0800][77666748ms] GC(25535) Survivor regions: 1->1(20)
[2023-11-10T12:07:43.116-0800][77666748ms] GC(25535) Old regions: 1457->1457
[2023-11-10T12:07:43.117-0800][77666749ms] GC(25535) Humongous regions: 5->5
[2023-11-10T12:07:43.117-0800][77666749ms] GC(25535) Metaspace: 305043K->305043K(1349632K)
[2023-11-10T12:07:43.117-0800][77666749ms] GC(25535) Pause Young (Normal) (G1 Evacuation Pause) 3235M->2923M(3602M) 4.986ms
[2023-11-10T12:07:43.117-0800][77666749ms] GC(25535) User=0.00s Sys=0.00s Real=0.01s
[2023-11-10T12:07:43.476-0800][77667108ms] GC(25536) Pause Young (Normal) (G1 Evacuation Pause)
[2023-11-10T12:07:43.476-0800][77667108ms] GC(25536) Using 10 workers of 10 for evacuation
[2023-11-10T12:07:43.481-0800][77667113ms] GC(25536)   Pre Evacuate Collection Set: 0.0ms
[2023-11-10T12:07:43.481-0800][77667113ms] GC(25536)   Evacuate Collection Set: 1.6ms
[2023-11-10T12:07:43.481-0800][77667113ms] GC(25536)   Post Evacuate Collection Set: 3.0ms
[2023-11-10T12:07:43.481-0800][77667113ms] GC(25536)   Other: 0.3ms
[2023-11-10T12:07:43.481-0800][77667113ms] GC(25536) Eden regions: 156->0(156)
[2023-11-10T12:07:43.481-0800][77667113ms] GC(25536) Survivor regions: 1->1(20)
[2023-11-10T12:07:43.481-0800][77667113ms] GC(25536) Old regions: 1457->1457
[2023-11-10T12:07:43.481-0800][77667113ms] GC(25536) Humongous regions: 5->5
[2023-11-10T12:07:43.481-0800][77667113ms] GC(25536) Metaspace: 305043K->305043K(1349632K)
[2023-11-10T12:07:43.481-0800][77667113ms] GC(25536) Pause Young (Normal) (G1 Evacuation Pause) 3235M->2923M(3602M) 5.119ms
[2023-11-10T12:07:43.481-0800][77667113ms] GC(25536) User=0.00s Sys=0.00s Real=0.00s
[2023-11-10T12:07:43.849-0800][77667481ms] GC(25537) Pause Young (Normal) (G1 Evacuation Pause)
[2023-11-10T12:07:43.849-0800][77667481ms] GC(25537) Using 10 workers of 10 for evacuation
[2023-11-10T12:07:43.854-0800][77667486ms] GC(25537)   Pre Evacuate Collection Set: 0.0ms
[2023-11-10T12:07:43.854-0800][77667486ms] GC(25537)   Evacuate Collection Set: 1.7ms
[2023-11-10T12:07:43.854-0800][77667486ms] GC(25537)   Post Evacuate Collection Set: 3.2ms
[2023-11-10T12:07:43.854-0800][77667486ms] GC(25537)   Other: 0.3ms
[2023-11-10T12:07:43.854-0800][77667486ms] GC(25537) Eden regions: 156->0(156)
[2023-11-10T12:07:43.854-0800][77667486ms] GC(25537) Survivor regions: 1->1(20)
[2023-11-10T12:07:43.854-0800][77667486ms] GC(25537) Old regions: 1457->1457
[2023-11-10T12:07:43.854-0800][77667486ms] GC(25537) Humongous regions: 5->5
[2023-11-10T12:07:43.854-0800][77667486ms] GC(25537) Metaspace: 305043K->305043K(1349632K)
[2023-11-10T12:07:43.854-0800][77667486ms] GC(25537) Pause Young (Normal) (G1 Evacuation Pause) 3235M->2924M(3602M) 5.372ms
[2023-11-10T12:07:43.854-0800][77667486ms] GC(25537) User=0.03s Sys=0.00s Real=0.01s
[2023-11-10T12:07:44.212-0800][77667844ms] GC(25538) Pause Young (Normal) (G1 Evacuation Pause)
[2023-11-10T12:07:44.212-0800][77667844ms] GC(25538) Using 10 workers of 10 for evacuation
[2023-11-10T12:07:44.218-0800][77667850ms] GC(25538)   Pre Evacuate Collection Set: 0.0ms
[2023-11-10T12:07:44.218-0800][77667850ms] GC(25538)   Evacuate Collection Set: 1.8ms
[2023-11-10T12:07:44.218-0800][77667850ms] GC(25538)   Post Evacuate Collection Set: 3.0ms
[2023-11-10T12:07:44.218-0800][77667850ms] GC(25538)   Other: 0.3ms
[2023-11-10T12:07:44.218-0800][77667850ms] GC(25538) Eden regions: 156->0(156)
[2023-11-10T12:07:44.218-0800][77667850ms] GC(25538) Survivor regions: 1->1(20)
[2023-11-10T12:07:44.218-0800][77667850ms] GC(25538) Old regions: 1457->1457
[2023-11-10T12:07:44.218-0800][77667850ms] GC(25538) Humongous regions: 5->5
[2023-11-10T12:07:44.218-0800][77667850ms] GC(25538) Metaspace: 305043K->305043K(1349632K)
[2023-11-10T12:07:44.218-0800][77667850ms] GC(25538) Pause Young (Normal) (G1 Evacuation Pause) 3236M->2923M(3602M) 5.302ms
[2023-11-10T12:07:44.218-0800][77667850ms] GC(25538) User=0.00s Sys=0.00s Real=0.01s
[2023-11-10T12:07:44.601-0800][77668233ms] GC(25539) Pause Young (Normal) (G1 Evacuation Pause)
[2023-11-10T12:07:44.601-0800][77668233ms] GC(25539) Using 10 workers of 10 for evacuation
[2023-11-10T12:07:44.605-0800][77668237ms] GC(25539)   Pre Evacuate Collection Set: 0.0ms
[2023-11-10T12:07:44.605-0800][77668237ms] GC(25539)   Evacuate Collection Set: 1.6ms
[2023-11-10T12:07:44.605-0800][77668237ms] GC(25539)   Post Evacuate Collection Set: 3.0ms
[2023-11-10T12:07:44.605-0800][77668237ms] GC(25539)   Other: 0.3ms
[2023-11-10T12:07:44.605-0800][77668237ms] GC(25539) Eden regions: 156->0(156)
[2023-11-10T12:07:44.605-0800][77668237ms] GC(25539) Survivor regions: 1->1(20)
[2023-11-10T12:07:44.605-0800][77668237ms] GC(25539) Old regions: 1457->1457
[2023-11-10T12:07:44.605-0800][77668237ms] GC(25539) Humongous regions: 5->5
[2023-11-10T12:07:44.605-0800][77668237ms] GC(25539) Metaspace: 305043K->305043K(1349632K)
[2023-11-10T12:07:44.605-0800][77668237ms] GC(25539) Pause Young (Normal) (G1 Evacuation Pause) 3235M->2923M(3602M) 5.001ms
[2023-11-10T12:07:44.605-0800][77668237ms] GC(25539) User=0.00s Sys=0.00s Real=0.00s
[2023-11-10T12:07:44.956-0800][77668588ms] GC(25540) Pause Young (Normal) (G1 Evacuation Pause)
[2023-11-10T12:07:44.956-0800][77668588ms] GC(25540) Using 10 workers of 10 for evacuation
[2023-11-10T12:07:44.961-0800][77668593ms] GC(25540)   Pre Evacuate Collection Set: 0.0ms
[2023-11-10T12:07:44.961-0800][77668593ms] GC(25540)   Evacuate Collection Set: 1.5ms
[2023-11-10T12:07:44.961-0800][77668593ms] GC(25540)   Post Evacuate Collection Set: 3.1ms
[2023-11-10T12:07:44.961-0800][77668593ms] GC(25540)   Other: 0.3ms
[2023-11-10T12:07:44.961-0800][77668593ms] GC(25540) Eden regions: 156->0(156)
[2023-11-10T12:07:44.961-0800][77668593ms] GC(25540) Survivor regions: 1->1(20)
[2023-11-10T12:07:44.961-0800][77668593ms] GC(25540) Old regions: 1457->1457
[2023-11-10T12:07:44.961-0800][77668593ms] GC(25540) Humongous regions: 5->5
[2023-11-10T12:07:44.961-0800][77668593ms] GC(25540) Metaspace: 305043K->305043K(1349632K)
[2023-11-10T12:07:44.961-0800][77668593ms] GC(25540) Pause Young (Normal) (G1 Evacuation Pause) 3235M->2923M(3602M) 4.977ms
[2023-11-10T12:07:44.961-0800][77668593ms] GC(25540) User=0.02s Sys=0.00s Real=0.00s
[2023-11-10T12:07:45.315-0800][77668947ms] GC(25541) Pause Young (Normal) (G1 Evacuation Pause)
[2023-11-10T12:07:45.315-0800][77668947ms] GC(25541) Using 10 workers of 10 for evacuation
[2023-11-10T12:07:45.320-0800][77668952ms] GC(25541)   Pre Evacuate Collection Set: 0.0ms
[2023-11-10T12:07:45.320-0800][77668952ms] GC(25541)   Evacuate Collection Set: 1.8ms
[2023-11-10T12:07:45.320-0800][77668952ms] GC(25541)   Post Evacuate Collection Set: 3.2ms
[2023-11-10T12:07:45.321-0800][77668953ms] GC(25541)   Other: 0.3ms
[2023-11-10T12:07:45.321-0800][77668953ms] GC(25541) Eden regions: 156->0(156)
[2023-11-10T12:07:45.321-0800][77668953ms] GC(25541) Survivor regions: 1->1(20)
[2023-11-10T12:07:45.321-0800][77668953ms] GC(25541) Old regions: 1457->1457
[2023-11-10T12:07:45.321-0800][77668953ms] GC(25541) Humongous regions: 5->5
[2023-11-10T12:07:45.321-0800][77668953ms] GC(25541) Metaspace: 305043K->305043K(1349632K)
[2023-11-10T12:07:45.321-0800][77668953ms] GC(25541) Pause Young (Normal) (G1 Evacuation Pause) 3235M->2923M(3602M) 5.418ms
[2023-11-10T12:07:45.321-0800][77668953ms] GC(25541) User=0.00s Sys=0.00s Real=0.01s
[2023-11-10T12:07:45.751-0800][77669383ms] GC(25542) Pause Young (Normal) (G1 Evacuation Pause)
[2023-11-10T12:07:45.751-0800][77669383ms] GC(25542) Using 10 workers of 10 for evacuation
[2023-11-10T12:07:45.756-0800][77669388ms] GC(25542)   Pre Evacuate Collection Set: 0.0ms
[2023-11-10T12:07:45.756-0800][77669388ms] GC(25542)   Evacuate Collection Set: 1.6ms
[2023-11-10T12:07:45.756-0800][77669388ms] GC(25542)   Post Evacuate Collection Set: 3.0ms
[2023-11-10T12:07:45.756-0800][77669388ms] GC(25542)   Other: 0.2ms
[2023-11-10T12:07:45.756-0800][77669388ms] GC(25542) Eden regions: 156->0(156)
[2023-11-10T12:07:45.756-0800][77669388ms] GC(25542) Survivor regions: 1->1(20)
[2023-11-10T12:07:45.756-0800][77669388ms] GC(25542) Old regions: 1457->1457
[2023-11-10T12:07:45.756-0800][77669388ms] GC(25542) Humongous regions: 5->5
[2023-11-10T12:07:45.756-0800][77669388ms] GC(25542) Metaspace: 305043K->305043K(1349632K)
[2023-11-10T12:07:45.756-0800][77669388ms] GC(25542) Pause Young (Normal) (G1 Evacuation Pause) 3235M->2923M(3602M) 5.060ms
[2023-11-10T12:07:45.756-0800][77669388ms] GC(25542) User=0.00s Sys=0.00s Real=0.01s
[2023-11-10T12:07:46.141-0800][77669773ms] GC(25543) Pause Young (Normal) (G1 Evacuation Pause)
[2023-11-10T12:07:46.141-0800][77669773ms] GC(25543) Using 10 workers of 10 for evacuation
[2023-11-10T12:07:46.151-0800][77669783ms] GC(25543)   Pre Evacuate Collection Set: 0.1ms
[2023-11-10T12:07:46.151-0800][77669783ms] GC(25543)   Evacuate Collection Set: 6.6ms
[2023-11-10T12:07:46.151-0800][77669783ms] GC(25543)   Post Evacuate Collection Set: 3.0ms
[2023-11-10T12:07:46.151-0800][77669783ms] GC(25543)   Other: 0.3ms
[2023-11-10T12:07:46.151-0800][77669783ms] GC(25543) Eden regions: 156->0(156)
[2023-11-10T12:07:46.151-0800][77669783ms] GC(25543) Survivor regions: 1->1(20)
[2023-11-10T12:07:46.151-0800][77669783ms] GC(25543) Old regions: 1457->1457
[2023-11-10T12:07:46.151-0800][77669783ms] GC(25543) Humongous regions: 5->5
[2023-11-10T12:07:46.151-0800][77669783ms] GC(25543) Metaspace: 305043K->305043K(1349632K)
[2023-11-10T12:07:46.151-0800][77669783ms] GC(25543) Pause Young (Normal) (G1 Evacuation Pause) 3235M->2923M(3602M) 10.045ms
[2023-11-10T12:07:46.151-0800][77669783ms] GC(25543) User=0.00s Sys=0.00s Real=0.01s
[2023-11-10T12:07:46.534-0800][77670166ms] GC(25544) Pause Young (Normal) (G1 Evacuation Pause)
[2023-11-10T12:07:46.534-0800][77670166ms] GC(25544) Using 10 workers of 10 for evacuation
[2023-11-10T12:07:46.539-0800][77670171ms] GC(25544)   Pre Evacuate Collection Set: 0.0ms
[2023-11-10T12:07:46.539-0800][77670171ms] GC(25544)   Evacuate Collection Set: 1.8ms
[2023-11-10T12:07:46.539-0800][77670171ms] GC(25544)   Post Evacuate Collection Set: 4.0ms
[2023-11-10T12:07:46.539-0800][77670171ms] GC(25544)   Other: 0.3ms
[2023-11-10T12:07:46.539-0800][77670171ms] GC(25544) Eden regions: 156->0(156)
[2023-11-10T12:07:46.539-0800][77670171ms] GC(25544) Survivor regions: 1->1(20)
[2023-11-10T12:07:46.539-0800][77670171ms] GC(25544) Old regions: 1457->1457
[2023-11-10T12:07:46.539-0800][77670171ms] GC(25544) Humongous regions: 5->5
[2023-11-10T12:07:46.539-0800][77670171ms] GC(25544) Metaspace: 305043K->305043K(1349632K)
[2023-11-10T12:07:46.540-0800][77670172ms] GC(25544) Pause Young (Normal) (G1 Evacuation Pause) 3235M->2923M(3602M) 6.173ms
[2023-11-10T12:07:46.540-0800][77670172ms] GC(25544) User=0.00s Sys=0.00s Real=0.01s
[2023-11-10T12:07:46.927-0800][77670559ms] GC(25545) Pause Young (Normal) (G1 Evacuation Pause)
[2023-11-10T12:07:46.927-0800][77670559ms] GC(25545) Using 10 workers of 10 for evacuation
[2023-11-10T12:07:46.933-0800][77670565ms] GC(25545)   Pre Evacuate Collection Set: 0.0ms
[2023-11-10T12:07:46.933-0800][77670565ms] GC(25545)   Evacuate Collection Set: 1.7ms
[2023-11-10T12:07:46.933-0800][77670565ms] GC(25545)   Post Evacuate Collection Set: 3.1ms
[2023-11-10T12:07:46.933-0800][77670565ms] GC(25545)   Other: 0.3ms
[2023-11-10T12:07:46.933-0800][77670565ms] GC(25545) Eden regions: 156->0(156)
[2023-11-10T12:07:46.933-0800][77670565ms] GC(25545) Survivor regions: 1->1(20)
[2023-11-10T12:07:46.933-0800][77670565ms] GC(25545) Old regions: 1457->1457
[2023-11-10T12:07:46.933-0800][77670565ms] GC(25545) Humongous regions: 5->5
[2023-11-10T12:07:46.933-0800][77670565ms] GC(25545) Metaspace: 305043K->305043K(1349632K)
[2023-11-10T12:07:46.933-0800][77670565ms] GC(25545) Pause Young (Normal) (G1 Evacuation Pause) 3235M->2924M(3602M) 5.133ms
[2023-11-10T12:07:46.933-0800][77670565ms] GC(25545) User=0.02s Sys=0.00s Real=0.01s
[2023-11-10T12:07:47.329-0800][77670961ms] GC(25546) Pause Young (Normal) (G1 Evacuation Pause)
[2023-11-10T12:07:47.329-0800][77670961ms] GC(25546) Using 10 workers of 10 for evacuation
[2023-11-10T12:07:47.334-0800][77670966ms] GC(25546)   Pre Evacuate Collection Set: 0.0ms
[2023-11-10T12:07:47.334-0800][77670966ms] GC(25546)   Evacuate Collection Set: 1.6ms
[2023-11-10T12:07:47.334-0800][77670966ms] GC(25546)   Post Evacuate Collection Set: 3.2ms
[2023-11-10T12:07:47.334-0800][77670966ms] GC(25546)   Other: 0.2ms
[2023-11-10T12:07:47.334-0800][77670966ms] GC(25546) Eden regions: 156->0(156)
[2023-11-10T12:07:47.334-0800][77670966ms] GC(25546) Survivor regions: 1->1(20)
[2023-11-10T12:07:47.334-0800][77670966ms] GC(25546) Old regions: 1457->1457
[2023-11-10T12:07:47.334-0800][77670966ms] GC(25546) Humongous regions: 5->5
[2023-11-10T12:07:47.334-0800][77670966ms] GC(25546) Metaspace: 305043K->305043K(1349632K)
[2023-11-10T12:07:47.334-0800][77670966ms] GC(25546) Pause Young (Normal) (G1 Evacuation Pause) 3236M->2923M(3602M) 5.218ms
[2023-11-10T12:07:47.334-0800][77670966ms] GC(25546) User=0.00s Sys=0.00s Real=0.01s
[2023-11-10T12:07:47.742-0800][77671374ms] GC(25547) Pause Young (Normal) (G1 Evacuation Pause)
[2023-11-10T12:07:47.742-0800][77671374ms] GC(25547) Using 10 workers of 10 for evacuation
[2023-11-10T12:07:47.746-0800][77671378ms] GC(25547)   Pre Evacuate Collection Set: 0.1ms
[2023-11-10T12:07:47.746-0800][77671378ms] GC(25547)   Evacuate Collection Set: 1.6ms
[2023-11-10T12:07:47.746-0800][77671378ms] GC(25547)   Post Evacuate Collection Set: 3.1ms
[2023-11-10T12:07:47.746-0800][77671378ms] GC(25547)   Other: 0.3ms
[2023-11-10T12:07:47.746-0800][77671378ms] GC(25547) Eden regions: 156->0(156)
[2023-11-10T12:07:47.746-0800][77671378ms] GC(25547) Survivor regions: 1->1(20)
[2023-11-10T12:07:47.747-0800][77671379ms] GC(25547) Old regions: 1457->1457
[2023-11-10T12:07:47.747-0800][77671379ms] GC(25547) Humongous regions: 5->5
[2023-11-10T12:07:47.747-0800][77671379ms] GC(25547) Metaspace: 305043K->305043K(1349632K)
[2023-11-10T12:07:47.747-0800][77671379ms] GC(25547) Pause Young (Normal) (G1 Evacuation Pause) 3235M->2923M(3602M) 5.110ms
[2023-11-10T12:07:47.747-0800][77671379ms] GC(25547) User=0.00s Sys=0.00s Real=0.00s
[2023-11-10T12:07:48.122-0800][77671754ms] GC(25548) Pause Young (Normal) (G1 Evacuation Pause)
[2023-11-10T12:07:48.122-0800][77671754ms] GC(25548) Using 10 workers of 10 for evacuation
[2023-11-10T12:07:48.128-0800][77671760ms] GC(25548)   Pre Evacuate Collection Set: 0.0ms
[2023-11-10T12:07:48.128-0800][77671760ms] GC(25548)   Evacuate Collection Set: 1.7ms
[2023-11-10T12:07:48.128-0800][77671760ms] GC(25548)   Post Evacuate Collection Set: 3.4ms
[2023-11-10T12:07:48.128-0800][77671760ms] GC(25548)   Other: 0.3ms
[2023-11-10T12:07:48.128-0800][77671760ms] GC(25548) Eden regions: 156->0(156)
[2023-11-10T12:07:48.128-0800][77671760ms] GC(25548) Survivor regions: 1->1(20)
[2023-11-10T12:07:48.128-0800][77671760ms] GC(25548) Old regions: 1457->1457
[2023-11-10T12:07:48.128-0800][77671760ms] GC(25548) Humongous regions: 5->5
[2023-11-10T12:07:48.128-0800][77671760ms] GC(25548) Metaspace: 305043K->305043K(1349632K)
[2023-11-10T12:07:48.128-0800][77671760ms] GC(25548) Pause Young (Normal) (G1 Evacuation Pause) 3235M->2923M(3602M) 5.509ms
[2023-11-10T12:07:48.128-0800][77671760ms] GC(25548) User=0.00s Sys=0.00s Real=0.01s
[2023-11-10T12:07:48.496-0800][77672128ms] GC(25549) Pause Young (Normal) (G1 Evacuation Pause)
[2023-11-10T12:07:48.496-0800][77672128ms] GC(25549) Using 10 workers of 10 for evacuation
[2023-11-10T12:07:48.502-0800][77672134ms] GC(25549)   Pre Evacuate Collection Set: 0.0ms
[2023-11-10T12:07:48.502-0800][77672134ms] GC(25549)   Evacuate Collection Set: 1.6ms
[2023-11-10T12:07:48.502-0800][77672134ms] GC(25549)   Post Evacuate Collection Set: 3.2ms
[2023-11-10T12:07:48.502-0800][77672134ms] GC(25549)   Other: 0.3ms
[2023-11-10T12:07:48.502-0800][77672134ms] GC(25549) Eden regions: 156->0(156)
[2023-11-10T12:07:48.502-0800][77672134ms] GC(25549) Survivor regions: 1->1(20)
[2023-11-10T12:07:48.502-0800][77672134ms] GC(25549) Old regions: 1457->1457
[2023-11-10T12:07:48.502-0800][77672134ms] GC(25549) Humongous regions: 5->5
[2023-11-10T12:07:48.502-0800][77672134ms] GC(25549) Metaspace: 305043K->305043K(1349632K)
[2023-11-10T12:07:48.502-0800][77672134ms] GC(25549) Pause Young (Normal) (G1 Evacuation Pause) 3235M->2923M(3602M) 5.228ms
[2023-11-10T12:07:48.502-0800][77672134ms] GC(25549) User=0.00s Sys=0.00s Real=0.01s
[2023-11-10T12:07:48.869-0800][77672501ms] GC(25550) Pause Young (Normal) (G1 Evacuation Pause)
[2023-11-10T12:07:48.870-0800][77672502ms] GC(25550) Using 10 workers of 10 for evacuation
[2023-11-10T12:07:48.875-0800][77672507ms] GC(25550)   Pre Evacuate Collection Set: 0.0ms
[2023-11-10T12:07:48.875-0800][77672507ms] GC(25550)   Evacuate Collection Set: 1.7ms
[2023-11-10T12:07:48.875-0800][77672507ms] GC(25550)   Post Evacuate Collection Set: 3.0ms
[2023-11-10T12:07:48.875-0800][77672507ms] GC(25550)   Other: 0.3ms
[2023-11-10T12:07:48.875-0800][77672507ms] GC(25550) Eden regions: 156->0(156)
[2023-11-10T12:07:48.875-0800][77672507ms] GC(25550) Survivor regions: 1->1(20)
[2023-11-10T12:07:48.875-0800][77672507ms] GC(25550) Old regions: 1457->1457
[2023-11-10T12:07:48.875-0800][77672507ms] GC(25550) Humongous regions: 5->5
[2023-11-10T12:07:48.875-0800][77672507ms] GC(25550) Metaspace: 305043K->305043K(1349632K)
[2023-11-10T12:07:48.875-0800][77672507ms] GC(25550) Pause Young (Normal) (G1 Evacuation Pause) 3235M->2923M(3602M) 5.084ms
[2023-11-10T12:07:48.875-0800][77672507ms] GC(25550) User=0.00s Sys=0.00s Real=0.01s
[2023-11-10T12:07:49.237-0800][77672869ms] GC(25551) Pause Young (Normal) (G1 Evacuation Pause)
[2023-11-10T12:07:49.237-0800][77672869ms] GC(25551) Using 10 workers of 10 for evacuation
[2023-11-10T12:07:49.242-0800][77672874ms] GC(25551)   Pre Evacuate Collection Set: 0.0ms
[2023-11-10T12:07:49.242-0800][77672874ms] GC(25551)   Evacuate Collection Set: 1.7ms
[2023-11-10T12:07:49.242-0800][77672874ms] GC(25551)   Post Evacuate Collection Set: 3.2ms
[2023-11-10T12:07:49.242-0800][77672874ms] GC(25551)   Other: 0.2ms
[2023-11-10T12:07:49.242-0800][77672874ms] GC(25551) Eden regions: 156->0(156)
[2023-11-10T12:07:49.242-0800][77672874ms] GC(25551) Survivor regions: 1->1(20)
[2023-11-10T12:07:49.242-0800][77672874ms] GC(25551) Old regions: 1457->1457
[2023-11-10T12:07:49.242-0800][77672874ms] GC(25551) Humongous regions: 5->5
[2023-11-10T12:07:49.242-0800][77672874ms] GC(25551) Metaspace: 305043K->305043K(1349632K)
[2023-11-10T12:07:49.242-0800][77672874ms] GC(25551) Pause Young (Normal) (G1 Evacuation Pause) 3235M->2924M(3602M) 5.312ms
[2023-11-10T12:07:49.242-0800][77672874ms] GC(25551) User=0.00s Sys=0.00s Real=0.01s
[2023-11-10T12:07:49.638-0800][77673270ms] GC(25552) Pause Young (Normal) (G1 Evacuation Pause)
[2023-11-10T12:07:49.638-0800][77673270ms] GC(25552) Using 10 workers of 10 for evacuation
[2023-11-10T12:07:49.644-0800][77673276ms] GC(25552)   Pre Evacuate Collection Set: 0.1ms
[2023-11-10T12:07:49.644-0800][77673276ms] GC(25552)   Evacuate Collection Set: 1.9ms
[2023-11-10T12:07:49.644-0800][77673276ms] GC(25552)   Post Evacuate Collection Set: 3.6ms
[2023-11-10T12:07:49.644-0800][77673276ms] GC(25552)   Other: 0.3ms
[2023-11-10T12:07:49.644-0800][77673276ms] GC(25552) Eden regions: 156->0(156)
[2023-11-10T12:07:49.644-0800][77673276ms] GC(25552) Survivor regions: 1->1(20)
[2023-11-10T12:07:49.644-0800][77673276ms] GC(25552) Old regions: 1457->1457
[2023-11-10T12:07:49.644-0800][77673276ms] GC(25552) Humongous regions: 5->5
[2023-11-10T12:07:49.644-0800][77673276ms] GC(25552) Metaspace: 305043K->305043K(1349632K)
[2023-11-10T12:07:49.644-0800][77673276ms] GC(25552) Pause Young (Normal) (G1 Evacuation Pause) 3236M->2924M(3602M) 6.002ms
[2023-11-10T12:07:49.644-0800][77673276ms] GC(25552) User=0.00s Sys=0.00s Real=0.01s
[2023-11-10T12:07:50.008-0800][77673640ms] GC(25553) Pause Young (Normal) (G1 Evacuation Pause)
[2023-11-10T12:07:50.008-0800][77673640ms] GC(25553) Using 10 workers of 10 for evacuation
[2023-11-10T12:07:50.012-0800][77673644ms] GC(25553)   Pre Evacuate Collection Set: 0.0ms
[2023-11-10T12:07:50.012-0800][77673644ms] GC(25553)   Evacuate Collection Set: 1.6ms
[2023-11-10T12:07:50.012-0800][77673644ms] GC(25553)   Post Evacuate Collection Set: 3.0ms
[2023-11-10T12:07:50.012-0800][77673644ms] GC(25553)   Other: 0.2ms
[2023-11-10T12:07:50.012-0800][77673644ms] GC(25553) Eden regions: 156->0(156)
[2023-11-10T12:07:50.012-0800][77673644ms] GC(25553) Survivor regions: 1->1(20)
[2023-11-10T12:07:50.012-0800][77673644ms] GC(25553) Old regions: 1457->1457
[2023-11-10T12:07:50.012-0800][77673644ms] GC(25553) Humongous regions: 5->5
[2023-11-10T12:07:50.012-0800][77673644ms] GC(25553) Metaspace: 305043K->305043K(1349632K)
[2023-11-10T12:07:50.012-0800][77673644ms] GC(25553) Pause Young (Normal) (G1 Evacuation Pause) 3236M->2924M(3602M) 5.007ms
[2023-11-10T12:07:50.012-0800][77673644ms] GC(25553) User=0.00s Sys=0.00s Real=0.00s
[2023-11-10T12:07:50.362-0800][77673994ms] GC(25554) Pause Young (Normal) (G1 Evacuation Pause)
[2023-11-10T12:07:50.362-0800][77673994ms] GC(25554) Using 10 workers of 10 for evacuation
[2023-11-10T12:07:50.367-0800][77673999ms] GC(25554)   Pre Evacuate Collection Set: 0.0ms
[2023-11-10T12:07:50.367-0800][77673999ms] GC(25554)   Evacuate Collection Set: 1.7ms
[2023-11-10T12:07:50.367-0800][77673999ms] GC(25554)   Post Evacuate Collection Set: 3.1ms
[2023-11-10T12:07:50.367-0800][77673999ms] GC(25554)   Other: 0.3ms
[2023-11-10T12:07:50.367-0800][77673999ms] GC(25554) Eden regions: 156->0(156)
[2023-11-10T12:07:50.367-0800][77673999ms] GC(25554) Survivor regions: 1->1(20)
[2023-11-10T12:07:50.367-0800][77673999ms] GC(25554) Old regions: 1457->1457
[2023-11-10T12:07:50.367-0800][77673999ms] GC(25554) Humongous regions: 5->5
[2023-11-10T12:07:50.367-0800][77673999ms] GC(25554) Metaspace: 305043K->305043K(1349632K)
[2023-11-10T12:07:50.367-0800][77673999ms] GC(25554) Pause Young (Normal) (G1 Evacuation Pause) 3236M->2924M(3602M) 5.157ms
[2023-11-10T12:07:50.367-0800][77673999ms] GC(25554) User=0.02s Sys=0.00s Real=0.01s
[2023-11-10T12:07:50.700-0800][77674332ms] GC(25555) Pause Young (Normal) (G1 Evacuation Pause)
[2023-11-10T12:07:50.700-0800][77674332ms] GC(25555) Using 10 workers of 10 for evacuation
[2023-11-10T12:07:50.708-0800][77674340ms] GC(25555)   Pre Evacuate Collection Set: 0.1ms
[2023-11-10T12:07:50.708-0800][77674340ms] GC(25555)   Evacuate Collection Set: 2.1ms
[2023-11-10T12:07:50.708-0800][77674340ms] GC(25555)   Post Evacuate Collection Set: 4.7ms
[2023-11-10T12:07:50.708-0800][77674340ms] GC(25555)   Other: 0.4ms
[2023-11-10T12:07:50.708-0800][77674340ms] GC(25555) Eden regions: 156->0(156)
[2023-11-10T12:07:50.708-0800][77674340ms] GC(25555) Survivor regions: 1->1(20)
[2023-11-10T12:07:50.708-0800][77674340ms] GC(25555) Old regions: 1457->1457
[2023-11-10T12:07:50.708-0800][77674340ms] GC(25555) Humongous regions: 5->5
[2023-11-10T12:07:50.708-0800][77674340ms] GC(25555) Metaspace: 305043K->305043K(1349632K)
[2023-11-10T12:07:50.708-0800][77674340ms] GC(25555) Pause Young (Normal) (G1 Evacuation Pause) 3236M->2924M(3602M) 7.386ms
[2023-11-10T12:07:50.708-0800][77674340ms] GC(25555) User=0.00s Sys=0.00s Real=0.01s
[2023-11-10T12:07:51.098-0800][77674730ms] GC(25556) Pause Young (Normal) (G1 Evacuation Pause)
[2023-11-10T12:07:51.098-0800][77674730ms] GC(25556) Using 10 workers of 10 for evacuation
[2023-11-10T12:07:51.104-0800][77674736ms] GC(25556)   Pre Evacuate Collection Set: 0.1ms
[2023-11-10T12:07:51.104-0800][77674736ms] GC(25556)   Evacuate Collection Set: 1.7ms
[2023-11-10T12:07:51.104-0800][77674736ms] GC(25556)   Post Evacuate Collection Set: 3.1ms
[2023-11-10T12:07:51.104-0800][77674736ms] GC(25556)   Other: 0.3ms
[2023-11-10T12:07:51.104-0800][77674736ms] GC(25556) Eden regions: 156->0(156)
[2023-11-10T12:07:51.104-0800][77674736ms] GC(25556) Survivor regions: 1->1(20)
[2023-11-10T12:07:51.104-0800][77674736ms] GC(25556) Old regions: 1457->1457
[2023-11-10T12:07:51.104-0800][77674736ms] GC(25556) Humongous regions: 5->5
[2023-11-10T12:07:51.104-0800][77674736ms] GC(25556) Metaspace: 305043K->305043K(1349632K)
[2023-11-10T12:07:51.104-0800][77674736ms] GC(25556) Pause Young (Normal) (G1 Evacuation Pause) 3236M->2924M(3602M) 5.174ms
[2023-11-10T12:07:51.105-0800][77674737ms] GC(25556) User=0.03s Sys=0.00s Real=0.01s
[2023-11-10T12:07:51.513-0800][77675145ms] GC(25557) Pause Young (Normal) (G1 Evacuation Pause)
[2023-11-10T12:07:51.513-0800][77675145ms] GC(25557) Using 10 workers of 10 for evacuation
[2023-11-10T12:07:51.518-0800][77675150ms] GC(25557)   Pre Evacuate Collection Set: 0.1ms
[2023-11-10T12:07:51.518-0800][77675150ms] GC(25557)   Evacuate Collection Set: 1.7ms
[2023-11-10T12:07:51.518-0800][77675150ms] GC(25557)   Post Evacuate Collection Set: 3.2ms
[2023-11-10T12:07:51.518-0800][77675150ms] GC(25557)   Other: 0.3ms
[2023-11-10T12:07:51.518-0800][77675150ms] GC(25557) Eden regions: 156->0(156)
[2023-11-10T12:07:51.518-0800][77675150ms] GC(25557) Survivor regions: 1->1(20)
[2023-11-10T12:07:51.518-0800][77675150ms] GC(25557) Old regions: 1457->1457
[2023-11-10T12:07:51.518-0800][77675150ms] GC(25557) Humongous regions: 5->5
[2023-11-10T12:07:51.518-0800][77675150ms] GC(25557) Metaspace: 305043K->305043K(1349632K)
[2023-11-10T12:07:51.518-0800][77675150ms] GC(25557) Pause Young (Normal) (G1 Evacuation Pause) 3236M->2924M(3602M) 5.356ms
[2023-11-10T12:07:51.518-0800][77675150ms] GC(25557) User=0.00s Sys=0.00s Real=0.00s
[2023-11-10T12:07:51.850-0800][77675482ms] GC(25558) Pause Young (Normal) (G1 Evacuation Pause)
[2023-11-10T12:07:51.850-0800][77675482ms] GC(25558) Using 10 workers of 10 for evacuation
[2023-11-10T12:07:51.861-0800][77675493ms] GC(25558)   Pre Evacuate Collection Set: 0.0ms
[2023-11-10T12:07:51.861-0800][77675493ms] GC(25558)   Evacuate Collection Set: 6.5ms
[2023-11-10T12:07:51.861-0800][77675493ms] GC(25558)   Post Evacuate Collection Set: 4.0ms
[2023-11-10T12:07:51.861-0800][77675493ms] GC(25558)   Other: 0.2ms
[2023-11-10T12:07:51.861-0800][77675493ms] GC(25558) Eden regions: 156->0(156)
[2023-11-10T12:07:51.861-0800][77675493ms] GC(25558) Survivor regions: 1->1(20)
[2023-11-10T12:07:51.861-0800][77675493ms] GC(25558) Old regions: 1457->1457
[2023-11-10T12:07:51.861-0800][77675493ms] GC(25558) Humongous regions: 5->5
[2023-11-10T12:07:51.861-0800][77675493ms] GC(25558) Metaspace: 305043K->305043K(1349632K)
[2023-11-10T12:07:51.861-0800][77675493ms] GC(25558) Pause Young (Normal) (G1 Evacuation Pause) 3236M->2924M(3602M) 10.823ms
[2023-11-10T12:07:51.861-0800][77675493ms] GC(25558) User=0.13s Sys=0.00s Real=0.01s
[2023-11-10T12:07:52.213-0800][77675845ms] GC(25559) Pause Young (Normal) (G1 Evacuation Pause)
[2023-11-10T12:07:52.213-0800][77675845ms] GC(25559) Using 10 workers of 10 for evacuation
[2023-11-10T12:07:52.217-0800][77675849ms] GC(25559)   Pre Evacuate Collection Set: 0.0ms
[2023-11-10T12:07:52.217-0800][77675849ms] GC(25559)   Evacuate Collection Set: 1.7ms
[2023-11-10T12:07:52.217-0800][77675849ms] GC(25559)   Post Evacuate Collection Set: 2.9ms
[2023-11-10T12:07:52.217-0800][77675849ms] GC(25559)   Other: 0.2ms
[2023-11-10T12:07:52.217-0800][77675849ms] GC(25559) Eden regions: 156->0(156)
[2023-11-10T12:07:52.217-0800][77675849ms] GC(25559) Survivor regions: 1->1(20)
[2023-11-10T12:07:52.217-0800][77675849ms] GC(25559) Old regions: 1457->1457
[2023-11-10T12:07:52.217-0800][77675849ms] GC(25559) Humongous regions: 5->5
[2023-11-10T12:07:52.217-0800][77675849ms] GC(25559) Metaspace: 305043K->305043K(1349632K)
[2023-11-10T12:07:52.217-0800][77675849ms] GC(25559) Pause Young (Normal) (G1 Evacuation Pause) 3236M->2924M(3602M) 4.949ms
[2023-11-10T12:07:52.218-0800][77675850ms] GC(25559) User=0.00s Sys=0.00s Real=0.00s
[2023-11-10T12:07:52.635-0800][77676267ms] GC(25560) Pause Young (Normal) (G1 Evacuation Pause)
[2023-11-10T12:07:52.635-0800][77676267ms] GC(25560) Using 10 workers of 10 for evacuation
[2023-11-10T12:07:52.639-0800][77676271ms] GC(25560)   Pre Evacuate Collection Set: 0.0ms
[2023-11-10T12:07:52.639-0800][77676271ms] GC(25560)   Evacuate Collection Set: 1.6ms
[2023-11-10T12:07:52.639-0800][77676271ms] GC(25560)   Post Evacuate Collection Set: 3.1ms
[2023-11-10T12:07:52.639-0800][77676271ms] GC(25560)   Other: 0.3ms
[2023-11-10T12:07:52.639-0800][77676271ms] GC(25560) Eden regions: 156->0(156)
[2023-11-10T12:07:52.639-0800][77676271ms] GC(25560) Survivor regions: 1->1(20)
[2023-11-10T12:07:52.639-0800][77676271ms] GC(25560) Old regions: 1457->1457
[2023-11-10T12:07:52.639-0800][77676271ms] GC(25560) Humongous regions: 5->5
[2023-11-10T12:07:52.639-0800][77676271ms] GC(25560) Metaspace: 305043K->305043K(1349632K)
[2023-11-10T12:07:52.639-0800][77676271ms] GC(25560) Pause Young (Normal) (G1 Evacuation Pause) 3236M->2924M(3602M) 5.159ms
[2023-11-10T12:07:52.639-0800][77676271ms] GC(25560) User=0.00s Sys=0.00s Real=0.00s
[2023-11-10T12:07:53.020-0800][77676652ms] GC(25561) Pause Young (Normal) (G1 Evacuation Pause)
[2023-11-10T12:07:53.022-0800][77676654ms] GC(25561) Using 10 workers of 10 for evacuation
[2023-11-10T12:07:53.027-0800][77676659ms] GC(25561)   Pre Evacuate Collection Set: 0.0ms
[2023-11-10T12:07:53.027-0800][77676659ms] GC(25561)   Evacuate Collection Set: 1.7ms
[2023-11-10T12:07:53.027-0800][77676659ms] GC(25561)   Post Evacuate Collection Set: 3.1ms
[2023-11-10T12:07:53.027-0800][77676659ms] GC(25561)   Other: 0.2ms
[2023-11-10T12:07:53.027-0800][77676659ms] GC(25561) Eden regions: 156->0(156)
[2023-11-10T12:07:53.027-0800][77676659ms] GC(25561) Survivor regions: 1->1(20)
[2023-11-10T12:07:53.027-0800][77676659ms] GC(25561) Old regions: 1457->1457
[2023-11-10T12:07:53.027-0800][77676659ms] GC(25561) Humongous regions: 5->5
[2023-11-10T12:07:53.027-0800][77676659ms] GC(25561) Metaspace: 305043K->305043K(1349632K)
[2023-11-10T12:07:53.027-0800][77676659ms] GC(25561) Pause Young (Normal) (G1 Evacuation Pause) 3236M->2924M(3602M) 5.243ms
[2023-11-10T12:07:53.027-0800][77676659ms] GC(25561) User=0.06s Sys=0.00s Real=0.01s
[2023-11-10T12:07:53.430-0800][77677062ms] GC(25562) Pause Young (Normal) (G1 Evacuation Pause)
[2023-11-10T12:07:53.430-0800][77677062ms] GC(25562) Using 10 workers of 10 for evacuation
[2023-11-10T12:07:53.435-0800][77677067ms] GC(25562)   Pre Evacuate Collection Set: 0.0ms
[2023-11-10T12:07:53.435-0800][77677067ms] GC(25562)   Evacuate Collection Set: 1.7ms
[2023-11-10T12:07:53.435-0800][77677067ms] GC(25562)   Post Evacuate Collection Set: 3.3ms
[2023-11-10T12:07:53.435-0800][77677067ms] GC(25562)   Other: 0.3ms
[2023-11-10T12:07:53.435-0800][77677067ms] GC(25562) Eden regions: 156->0(156)
[2023-11-10T12:07:53.435-0800][77677067ms] GC(25562) Survivor regions: 1->1(20)
[2023-11-10T12:07:53.435-0800][77677067ms] GC(25562) Old regions: 1457->1457
[2023-11-10T12:07:53.435-0800][77677067ms] GC(25562) Humongous regions: 5->5
[2023-11-10T12:07:53.435-0800][77677067ms] GC(25562) Metaspace: 305043K->305043K(1349632K)
[2023-11-10T12:07:53.435-0800][77677067ms] GC(25562) Pause Young (Normal) (G1 Evacuation Pause) 3236M->2924M(3602M) 5.402ms
[2023-11-10T12:07:53.435-0800][77677067ms] GC(25562) User=0.00s Sys=0.00s Real=0.00s
[2023-11-10T12:07:53.771-0800][77677403ms] GC(25563) Pause Young (Normal) (G1 Evacuation Pause)
[2023-11-10T12:07:53.771-0800][77677403ms] GC(25563) Using 10 workers of 10 for evacuation
[2023-11-10T12:07:53.775-0800][77677407ms] GC(25563)   Pre Evacuate Collection Set: 0.0ms
[2023-11-10T12:07:53.775-0800][77677407ms] GC(25563)   Evacuate Collection Set: 1.7ms
[2023-11-10T12:07:53.775-0800][77677407ms] GC(25563)   Post Evacuate Collection Set: 3.1ms
[2023-11-10T12:07:53.775-0800][77677407ms] GC(25563)   Other: 0.3ms
[2023-11-10T12:07:53.775-0800][77677407ms] GC(25563) Eden regions: 156->0(156)
[2023-11-10T12:07:53.775-0800][77677407ms] GC(25563) Survivor regions: 1->1(20)
[2023-11-10T12:07:53.775-0800][77677407ms] GC(25563) Old regions: 1457->1457
[2023-11-10T12:07:53.775-0800][77677407ms] GC(25563) Humongous regions: 5->5
[2023-11-10T12:07:53.775-0800][77677407ms] GC(25563) Metaspace: 305043K->305043K(1349632K)
[2023-11-10T12:07:53.775-0800][77677407ms] GC(25563) Pause Young (Normal) (G1 Evacuation Pause) 3236M->2924M(3602M) 5.107ms
[2023-11-10T12:07:53.775-0800][77677407ms] GC(25563) User=0.05s Sys=0.00s Real=0.00s
[2023-11-10T12:07:54.118-0800][77677750ms] GC(25564) Pause Young (Normal) (G1 Evacuation Pause)
[2023-11-10T12:07:54.118-0800][77677750ms] GC(25564) Using 10 workers of 10 for evacuation
[2023-11-10T12:07:54.124-0800][77677756ms] GC(25564)   Pre Evacuate Collection Set: 0.0ms
[2023-11-10T12:07:54.124-0800][77677756ms] GC(25564)   Evacuate Collection Set: 1.7ms
[2023-11-10T12:07:54.124-0800][77677756ms] GC(25564)   Post Evacuate Collection Set: 3.0ms
[2023-11-10T12:07:54.124-0800][77677756ms] GC(25564)   Other: 0.2ms
[2023-11-10T12:07:54.124-0800][77677756ms] GC(25564) Eden regions: 156->0(156)
[2023-11-10T12:07:54.124-0800][77677756ms] GC(25564) Survivor regions: 1->1(20)
[2023-11-10T12:07:54.124-0800][77677756ms] GC(25564) Old regions: 1457->1457
[2023-11-10T12:07:54.124-0800][77677756ms] GC(25564) Humongous regions: 5->5
[2023-11-10T12:07:54.124-0800][77677756ms] GC(25564) Metaspace: 305043K->305043K(1349632K)
[2023-11-10T12:07:54.124-0800][77677756ms] GC(25564) Pause Young (Normal) (G1 Evacuation Pause) 3236M->2924M(3602M) 5.046ms
[2023-11-10T12:07:54.124-0800][77677756ms] GC(25564) User=0.00s Sys=0.00s Real=0.01s
[2023-11-10T12:07:54.505-0800][77678137ms] GC(25565) Pause Young (Normal) (G1 Evacuation Pause)
[2023-11-10T12:07:54.505-0800][77678137ms] GC(25565) Using 10 workers of 10 for evacuation
[2023-11-10T12:07:54.509-0800][77678141ms] GC(25565)   Pre Evacuate Collection Set: 0.0ms
[2023-11-10T12:07:54.509-0800][77678141ms] GC(25565)   Evacuate Collection Set: 1.7ms
[2023-11-10T12:07:54.509-0800][77678141ms] GC(25565)   Post Evacuate Collection Set: 3.0ms
[2023-11-10T12:07:54.509-0800][77678141ms] GC(25565)   Other: 0.2ms
[2023-11-10T12:07:54.509-0800][77678141ms] GC(25565) Eden regions: 156->0(156)
[2023-11-10T12:07:54.509-0800][77678141ms] GC(25565) Survivor regions: 1->1(20)
[2023-11-10T12:07:54.509-0800][77678141ms] GC(25565) Old regions: 1457->1457
[2023-11-10T12:07:54.509-0800][77678141ms] GC(25565) Humongous regions: 5->5
[2023-11-10T12:07:54.509-0800][77678141ms] GC(25565) Metaspace: 305043K->305043K(1349632K)
[2023-11-10T12:07:54.509-0800][77678141ms] GC(25565) Pause Young (Normal) (G1 Evacuation Pause) 3236M->2924M(3602M) 5.087ms
[2023-11-10T12:07:54.509-0800][77678141ms] GC(25565) User=0.02s Sys=0.00s Real=0.00s
[2023-11-10T12:07:54.963-0800][77678595ms] GC(25566) Pause Young (Normal) (G1 Evacuation Pause)
[2023-11-10T12:07:54.963-0800][77678595ms] GC(25566) Using 10 workers of 10 for evacuation
[2023-11-10T12:07:54.968-0800][77678600ms] GC(25566)   Pre Evacuate Collection Set: 0.0ms
[2023-11-10T12:07:54.968-0800][77678600ms] GC(25566)   Evacuate Collection Set: 1.7ms
[2023-11-10T12:07:54.968-0800][77678600ms] GC(25566)   Post Evacuate Collection Set: 3.2ms
[2023-11-10T12:07:54.968-0800][77678600ms] GC(25566)   Other: 0.3ms
[2023-11-10T12:07:54.968-0800][77678600ms] GC(25566) Eden regions: 156->0(156)
[2023-11-10T12:07:54.968-0800][77678600ms] GC(25566) Survivor regions: 1->1(20)
[2023-11-10T12:07:54.968-0800][77678600ms] GC(25566) Old regions: 1457->1457
[2023-11-10T12:07:54.968-0800][77678600ms] GC(25566) Humongous regions: 5->5
[2023-11-10T12:07:54.968-0800][77678600ms] GC(25566) Metaspace: 305043K->305043K(1349632K)
[2023-11-10T12:07:54.968-0800][77678600ms] GC(25566) Pause Young (Normal) (G1 Evacuation Pause) 3236M->2924M(3602M) 5.267ms
[2023-11-10T12:07:54.968-0800][77678600ms] GC(25566) User=0.00s Sys=0.00s Real=0.00s
[2023-11-10T12:07:55.323-0800][77678955ms] GC(25567) Pause Young (Normal) (G1 Evacuation Pause)
[2023-11-10T12:07:55.323-0800][77678955ms] GC(25567) Using 10 workers of 10 for evacuation
[2023-11-10T12:07:55.328-0800][77678960ms] GC(25567)   Pre Evacuate Collection Set: 0.0ms
[2023-11-10T12:07:55.328-0800][77678960ms] GC(25567)   Evacuate Collection Set: 1.6ms
[2023-11-10T12:07:55.328-0800][77678960ms] GC(25567)   Post Evacuate Collection Set: 3.4ms
[2023-11-10T12:07:55.328-0800][77678960ms] GC(25567)   Other: 0.2ms
[2023-11-10T12:07:55.328-0800][77678960ms] GC(25567) Eden regions: 156->0(156)
[2023-11-10T12:07:55.328-0800][77678960ms] GC(25567) Survivor regions: 1->1(20)
[2023-11-10T12:07:55.328-0800][77678960ms] GC(25567) Old regions: 1457->1457
[2023-11-10T12:07:55.328-0800][77678960ms] GC(25567) Humongous regions: 5->5
[2023-11-10T12:07:55.328-0800][77678960ms] GC(25567) Metaspace: 305043K->305043K(1349632K)
[2023-11-10T12:07:55.328-0800][77678960ms] GC(25567) Pause Young (Normal) (G1 Evacuation Pause) 3236M->2924M(3602M) 5.414ms
[2023-11-10T12:07:55.328-0800][77678960ms] GC(25567) User=0.00s Sys=0.00s Real=0.01s
[2023-11-10T12:07:55.727-0800][77679359ms] GC(25568) Pause Young (Normal) (G1 Evacuation Pause)
[2023-11-10T12:07:55.727-0800][77679359ms] GC(25568) Using 10 workers of 10 for evacuation
[2023-11-10T12:07:55.733-0800][77679365ms] GC(25568)   Pre Evacuate Collection Set: 0.0ms
[2023-11-10T12:07:55.733-0800][77679365ms] GC(25568)   Evacuate Collection Set: 1.7ms
[2023-11-10T12:07:55.733-0800][77679365ms] GC(25568)   Post Evacuate Collection Set: 3.2ms
[2023-11-10T12:07:55.733-0800][77679365ms] GC(25568)   Other: 0.3ms
[2023-11-10T12:07:55.733-0800][77679365ms] GC(25568) Eden regions: 156->0(156)
[2023-11-10T12:07:55.733-0800][77679365ms] GC(25568) Survivor regions: 1->1(20)
[2023-11-10T12:07:55.733-0800][77679365ms] GC(25568) Old regions: 1457->1457
[2023-11-10T12:07:55.733-0800][77679365ms] GC(25568) Humongous regions: 5->5
[2023-11-10T12:07:55.733-0800][77679365ms] GC(25568) Metaspace: 305043K->305043K(1349632K)
[2023-11-10T12:07:55.733-0800][77679365ms] GC(25568) Pause Young (Normal) (G1 Evacuation Pause) 3236M->2924M(3602M) 5.463ms
[2023-11-10T12:07:55.733-0800][77679365ms] GC(25568) User=0.00s Sys=0.00s Real=0.01s
[2023-11-10T12:07:56.068-0800][77679700ms] GC(25569) Pause Young (Normal) (G1 Evacuation Pause)
[2023-11-10T12:07:56.068-0800][77679700ms] GC(25569) Using 10 workers of 10 for evacuation
[2023-11-10T12:07:56.074-0800][77679706ms] GC(25569)   Pre Evacuate Collection Set: 0.0ms
[2023-11-10T12:07:56.074-0800][77679706ms] GC(25569)   Evacuate Collection Set: 1.8ms
[2023-11-10T12:07:56.074-0800][77679706ms] GC(25569)   Post Evacuate Collection Set: 3.0ms
[2023-11-10T12:07:56.074-0800][77679706ms] GC(25569)   Other: 0.2ms
[2023-11-10T12:07:56.074-0800][77679706ms] GC(25569) Eden regions: 156->0(156)
[2023-11-10T12:07:56.074-0800][77679706ms] GC(25569) Survivor regions: 1->1(20)
[2023-11-10T12:07:56.074-0800][77679706ms] GC(25569) Old regions: 1457->1457
[2023-11-10T12:07:56.074-0800][77679706ms] GC(25569) Humongous regions: 5->5
[2023-11-10T12:07:56.074-0800][77679706ms] GC(25569) Metaspace: 305043K->305043K(1349632K)
[2023-11-10T12:07:56.074-0800][77679706ms] GC(25569) Pause Young (Normal) (G1 Evacuation Pause) 3236M->2924M(3602M) 5.270ms
[2023-11-10T12:07:56.074-0800][77679706ms] GC(25569) User=0.08s Sys=0.00s Real=0.01s
[2023-11-10T12:07:56.453-0800][77680085ms] GC(25570) Pause Young (Normal) (G1 Evacuation Pause)
[2023-11-10T12:07:56.453-0800][77680085ms] GC(25570) Using 10 workers of 10 for evacuation
[2023-11-10T12:07:56.459-0800][77680091ms] GC(25570)   Pre Evacuate Collection Set: 0.1ms
[2023-11-10T12:07:56.459-0800][77680091ms] GC(25570)   Evacuate Collection Set: 1.9ms
[2023-11-10T12:07:56.459-0800][77680091ms] GC(25570)   Post Evacuate Collection Set: 4.3ms
[2023-11-10T12:07:56.459-0800][77680091ms] GC(25570)   Other: 0.3ms
[2023-11-10T12:07:56.459-0800][77680091ms] GC(25570) Eden regions: 156->0(156)
[2023-11-10T12:07:56.459-0800][77680091ms] GC(25570) Survivor regions: 1->1(20)
[2023-11-10T12:07:56.459-0800][77680091ms] GC(25570) Old regions: 1457->1457
[2023-11-10T12:07:56.459-0800][77680091ms] GC(25570) Humongous regions: 5->5
[2023-11-10T12:07:56.459-0800][77680091ms] GC(25570) Metaspace: 305043K->305043K(1349632K)
[2023-11-10T12:07:56.459-0800][77680091ms] GC(25570) Pause Young (Normal) (G1 Evacuation Pause) 3236M->2924M(3602M) 6.713ms
[2023-11-10T12:07:56.459-0800][77680091ms] GC(25570) User=0.00s Sys=0.00s Real=0.01s
[2023-11-10T12:07:56.853-0800][77680485ms] GC(25571) Pause Young (Normal) (G1 Evacuation Pause)
[2023-11-10T12:07:56.853-0800][77680485ms] GC(25571) Using 10 workers of 10 for evacuation
[2023-11-10T12:07:56.858-0800][77680490ms] GC(25571)   Pre Evacuate Collection Set: 0.0ms
[2023-11-10T12:07:56.858-0800][77680490ms] GC(25571)   Evacuate Collection Set: 1.6ms
[2023-11-10T12:07:56.858-0800][77680490ms] GC(25571)   Post Evacuate Collection Set: 3.2ms
[2023-11-10T12:07:56.858-0800][77680490ms] GC(25571)   Other: 0.2ms
[2023-11-10T12:07:56.859-0800][77680491ms] GC(25571) Eden regions: 156->0(156)
[2023-11-10T12:07:56.859-0800][77680491ms] GC(25571) Survivor regions: 1->1(20)
[2023-11-10T12:07:56.859-0800][77680491ms] GC(25571) Old regions: 1457->1457
[2023-11-10T12:07:56.859-0800][77680491ms] GC(25571) Humongous regions: 5->5
[2023-11-10T12:07:56.859-0800][77680491ms] GC(25571) Metaspace: 305043K->305043K(1349632K)
[2023-11-10T12:07:56.859-0800][77680491ms] GC(25571) Pause Young (Normal) (G1 Evacuation Pause) 3236M->2924M(3602M) 5.293ms
[2023-11-10T12:07:56.859-0800][77680491ms] GC(25571) User=0.00s Sys=0.00s Real=0.01s
[2023-11-10T12:07:57.198-0800][77680830ms] GC(25572) Pause Young (Normal) (G1 Evacuation Pause)
[2023-11-10T12:07:57.198-0800][77680830ms] GC(25572) Using 10 workers of 10 for evacuation
[2023-11-10T12:07:57.210-0800][77680842ms] GC(25572)   Pre Evacuate Collection Set: 0.0ms
[2023-11-10T12:07:57.210-0800][77680842ms] GC(25572)   Evacuate Collection Set: 1.6ms
[2023-11-10T12:07:57.210-0800][77680842ms] GC(25572)   Post Evacuate Collection Set: 9.8ms
[2023-11-10T12:07:57.210-0800][77680842ms] GC(25572)   Other: 0.3ms
[2023-11-10T12:07:57.210-0800][77680842ms] GC(25572) Eden regions: 156->0(156)
[2023-11-10T12:07:57.210-0800][77680842ms] GC(25572) Survivor regions: 1->1(20)
[2023-11-10T12:07:57.210-0800][77680842ms] GC(25572) Old regions: 1457->1457
[2023-11-10T12:07:57.210-0800][77680842ms] GC(25572) Humongous regions: 5->5
[2023-11-10T12:07:57.210-0800][77680842ms] GC(25572) Metaspace: 305043K->305043K(1349632K)
[2023-11-10T12:07:57.210-0800][77680842ms] GC(25572) Pause Young (Normal) (G1 Evacuation Pause) 3236M->2924M(3602M) 11.817ms
[2023-11-10T12:07:57.210-0800][77680842ms] GC(25572) User=0.00s Sys=0.00s Real=0.01s
[2023-11-10T12:07:57.580-0800][77681212ms] GC(25573) Pause Young (Normal) (G1 Evacuation Pause)
[2023-11-10T12:07:57.580-0800][77681212ms] GC(25573) Using 10 workers of 10 for evacuation
[2023-11-10T12:07:57.585-0800][77681217ms] GC(25573)   Pre Evacuate Collection Set: 0.0ms
[2023-11-10T12:07:57.585-0800][77681217ms] GC(25573)   Evacuate Collection Set: 1.6ms
[2023-11-10T12:07:57.585-0800][77681217ms] GC(25573)   Post Evacuate Collection Set: 2.9ms
[2023-11-10T12:07:57.585-0800][77681217ms] GC(25573)   Other: 0.3ms
[2023-11-10T12:07:57.585-0800][77681217ms] GC(25573) Eden regions: 156->0(156)
[2023-11-10T12:07:57.585-0800][77681217ms] GC(25573) Survivor regions: 1->1(20)
[2023-11-10T12:07:57.585-0800][77681217ms] GC(25573) Old regions: 1457->1457
[2023-11-10T12:07:57.585-0800][77681217ms] GC(25573) Humongous regions: 5->5
[2023-11-10T12:07:57.585-0800][77681217ms] GC(25573) Metaspace: 305043K->305043K(1349632K)
[2023-11-10T12:07:57.585-0800][77681217ms] GC(25573) Pause Young (Normal) (G1 Evacuation Pause) 3236M->2924M(3602M) 4.947ms
[2023-11-10T12:07:57.585-0800][77681217ms] GC(25573) User=0.02s Sys=0.00s Real=0.01s
[2023-11-10T12:07:57.900-0800][77681532ms] GC(25574) Pause Young (Normal) (G1 Evacuation Pause)
[2023-11-10T12:07:57.900-0800][77681532ms] GC(25574) Using 10 workers of 10 for evacuation
[2023-11-10T12:07:57.905-0800][77681537ms] GC(25574)   Pre Evacuate Collection Set: 0.1ms
[2023-11-10T12:07:57.905-0800][77681537ms] GC(25574)   Evacuate Collection Set: 1.8ms
[2023-11-10T12:07:57.905-0800][77681537ms] GC(25574)   Post Evacuate Collection Set: 3.1ms
[2023-11-10T12:07:57.905-0800][77681537ms] GC(25574)   Other: 0.3ms
[2023-11-10T12:07:57.905-0800][77681537ms] GC(25574) Eden regions: 156->0(156)
[2023-11-10T12:07:57.905-0800][77681537ms] GC(25574) Survivor regions: 1->1(20)
[2023-11-10T12:07:57.905-0800][77681537ms] GC(25574) Old regions: 1457->1457
[2023-11-10T12:07:57.905-0800][77681537ms] GC(25574) Humongous regions: 5->5
[2023-11-10T12:07:57.905-0800][77681537ms] GC(25574) Metaspace: 305043K->305043K(1349632K)
[2023-11-10T12:07:57.905-0800][77681537ms] GC(25574) Pause Young (Normal) (G1 Evacuation Pause) 3236M->2924M(3602M) 5.373ms
[2023-11-10T12:07:57.905-0800][77681537ms] GC(25574) User=0.00s Sys=0.00s Real=0.00s
[2023-11-10T12:07:58.283-0800][77681915ms] GC(25575) Pause Young (Normal) (G1 Evacuation Pause)
[2023-11-10T12:07:58.283-0800][77681915ms] GC(25575) Using 10 workers of 10 for evacuation
[2023-11-10T12:07:58.289-0800][77681921ms] GC(25575)   Pre Evacuate Collection Set: 0.1ms
[2023-11-10T12:07:58.289-0800][77681921ms] GC(25575)   Evacuate Collection Set: 1.7ms
[2023-11-10T12:07:58.289-0800][77681921ms] GC(25575)   Post Evacuate Collection Set: 3.2ms
[2023-11-10T12:07:58.289-0800][77681921ms] GC(25575)   Other: 0.3ms
[2023-11-10T12:07:58.289-0800][77681921ms] GC(25575) Eden regions: 156->0(156)
[2023-11-10T12:07:58.289-0800][77681921ms] GC(25575) Survivor regions: 1->1(20)
[2023-11-10T12:07:58.289-0800][77681921ms] GC(25575) Old regions: 1457->1457
[2023-11-10T12:07:58.289-0800][77681921ms] GC(25575) Humongous regions: 5->5
[2023-11-10T12:07:58.289-0800][77681921ms] GC(25575) Metaspace: 305043K->305043K(1349632K)
[2023-11-10T12:07:58.289-0800][77681921ms] GC(25575) Pause Young (Normal) (G1 Evacuation Pause) 3236M->2924M(3602M) 5.346ms
[2023-11-10T12:07:58.289-0800][77681921ms] GC(25575) User=0.00s Sys=0.00s Real=0.01s
[2023-11-10T12:07:58.695-0800][77682327ms] GC(25576) Pause Young (Normal) (G1 Evacuation Pause)
[2023-11-10T12:07:58.695-0800][77682327ms] GC(25576) Using 10 workers of 10 for evacuation
[2023-11-10T12:07:58.700-0800][77682332ms] GC(25576)   Pre Evacuate Collection Set: 0.0ms
[2023-11-10T12:07:58.700-0800][77682332ms] GC(25576)   Evacuate Collection Set: 1.6ms
[2023-11-10T12:07:58.700-0800][77682332ms] GC(25576)   Post Evacuate Collection Set: 3.2ms
[2023-11-10T12:07:58.700-0800][77682332ms] GC(25576)   Other: 0.3ms
[2023-11-10T12:07:58.700-0800][77682332ms] GC(25576) Eden regions: 156->0(155)
[2023-11-10T12:07:58.700-0800][77682332ms] GC(25576) Survivor regions: 1->1(20)
[2023-11-10T12:07:58.700-0800][77682332ms] GC(25576) Old regions: 1457->1458
[2023-11-10T12:07:58.700-0800][77682332ms] GC(25576) Humongous regions: 5->5
[2023-11-10T12:07:58.700-0800][77682332ms] GC(25576) Metaspace: 305043K->305043K(1349632K)
[2023-11-10T12:07:58.700-0800][77682332ms] GC(25576) Pause Young (Normal) (G1 Evacuation Pause) 3236M->2924M(3602M) 5.186ms
[2023-11-10T12:07:58.700-0800][77682332ms] GC(25576) User=0.00s Sys=0.00s Real=0.01s
[2023-11-10T12:07:59.083-0800][77682715ms] GC(25577) Pause Young (Normal) (G1 Evacuation Pause)
[2023-11-10T12:07:59.083-0800][77682715ms] GC(25577) Using 10 workers of 10 for evacuation
[2023-11-10T12:07:59.088-0800][77682720ms] GC(25577)   Pre Evacuate Collection Set: 0.0ms
[2023-11-10T12:07:59.088-0800][77682720ms] GC(25577)   Evacuate Collection Set: 1.7ms
[2023-11-10T12:07:59.088-0800][77682720ms] GC(25577)   Post Evacuate Collection Set: 3.2ms
[2023-11-10T12:07:59.088-0800][77682720ms] GC(25577)   Other: 0.2ms
[2023-11-10T12:07:59.088-0800][77682720ms] GC(25577) Eden regions: 155->0(155)
[2023-11-10T12:07:59.088-0800][77682720ms] GC(25577) Survivor regions: 1->1(20)
[2023-11-10T12:07:59.088-0800][77682720ms] GC(25577) Old regions: 1458->1458
[2023-11-10T12:07:59.088-0800][77682720ms] GC(25577) Humongous regions: 5->5
[2023-11-10T12:07:59.088-0800][77682720ms] GC(25577) Metaspace: 305043K->305043K(1349632K)
[2023-11-10T12:07:59.088-0800][77682720ms] GC(25577) Pause Young (Normal) (G1 Evacuation Pause) 3234M->2924M(3602M) 5.232ms
[2023-11-10T12:07:59.088-0800][77682720ms] GC(25577) User=0.02s Sys=0.00s Real=0.01s
[2023-11-10T12:07:59.477-0800][77683109ms] GC(25578) Pause Young (Normal) (G1 Evacuation Pause)
[2023-11-10T12:07:59.477-0800][77683109ms] GC(25578) Using 10 workers of 10 for evacuation
[2023-11-10T12:07:59.483-0800][77683115ms] GC(25578)   Pre Evacuate Collection Set: 0.0ms
[2023-11-10T12:07:59.483-0800][77683115ms] GC(25578)   Evacuate Collection Set: 1.7ms
[2023-11-10T12:07:59.483-0800][77683115ms] GC(25578)   Post Evacuate Collection Set: 3.7ms
[2023-11-10T12:07:59.483-0800][77683115ms] GC(25578)   Other: 0.3ms
[2023-11-10T12:07:59.483-0800][77683115ms] GC(25578) Eden regions: 155->0(155)
[2023-11-10T12:07:59.483-0800][77683115ms] GC(25578) Survivor regions: 1->1(20)
[2023-11-10T12:07:59.483-0800][77683115ms] GC(25578) Old regions: 1458->1458
[2023-11-10T12:07:59.483-0800][77683115ms] GC(25578) Humongous regions: 5->5
[2023-11-10T12:07:59.483-0800][77683115ms] GC(25578) Metaspace: 305043K->305043K(1349632K)
[2023-11-10T12:07:59.483-0800][77683115ms] GC(25578) Pause Young (Normal) (G1 Evacuation Pause) 3234M->2924M(3602M) 5.868ms
[2023-11-10T12:07:59.483-0800][77683115ms] GC(25578) User=0.00s Sys=0.00s Real=0.01s
[2023-11-10T12:07:59.831-0800][77683463ms] GC(25579) Pause Young (Normal) (G1 Evacuation Pause)
[2023-11-10T12:07:59.831-0800][77683463ms] GC(25579) Using 10 workers of 10 for evacuation
[2023-11-10T12:07:59.836-0800][77683468ms] GC(25579)   Pre Evacuate Collection Set: 0.0ms
[2023-11-10T12:07:59.836-0800][77683468ms] GC(25579)   Evacuate Collection Set: 1.7ms
[2023-11-10T12:07:59.836-0800][77683468ms] GC(25579)   Post Evacuate Collection Set: 3.6ms
[2023-11-10T12:07:59.836-0800][77683468ms] GC(25579)   Other: 0.3ms
[2023-11-10T12:07:59.836-0800][77683468ms] GC(25579) Eden regions: 155->0(155)
[2023-11-10T12:07:59.836-0800][77683468ms] GC(25579) Survivor regions: 1->1(20)
[2023-11-10T12:07:59.836-0800][77683468ms] GC(25579) Old regions: 1458->1458
[2023-11-10T12:07:59.836-0800][77683468ms] GC(25579) Humongous regions: 5->5
[2023-11-10T12:07:59.836-0800][77683468ms] GC(25579) Metaspace: 305043K->305043K(1349632K)
[2023-11-10T12:07:59.836-0800][77683468ms] GC(25579) Pause Young (Normal) (G1 Evacuation Pause) 3234M->2924M(3602M) 5.747ms
[2023-11-10T12:07:59.836-0800][77683468ms] GC(25579) User=0.00s Sys=0.00s Real=0.00s
[2023-11-10T12:08:00.261-0800][77683893ms] GC(25580) Pause Young (Normal) (G1 Evacuation Pause)
[2023-11-10T12:08:00.261-0800][77683893ms] GC(25580) Using 10 workers of 10 for evacuation
[2023-11-10T12:08:00.265-0800][77683897ms] GC(25580)   Pre Evacuate Collection Set: 0.1ms
[2023-11-10T12:08:00.265-0800][77683897ms] GC(25580)   Evacuate Collection Set: 1.6ms
[2023-11-10T12:08:00.265-0800][77683897ms] GC(25580)   Post Evacuate Collection Set: 3.1ms
[2023-11-10T12:08:00.265-0800][77683897ms] GC(25580)   Other: 0.3ms
[2023-11-10T12:08:00.265-0800][77683897ms] GC(25580) Eden regions: 155->0(155)
[2023-11-10T12:08:00.265-0800][77683897ms] GC(25580) Survivor regions: 1->1(20)
[2023-11-10T12:08:00.265-0800][77683897ms] GC(25580) Old regions: 1458->1458
[2023-11-10T12:08:00.265-0800][77683897ms] GC(25580) Humongous regions: 5->5
[2023-11-10T12:08:00.265-0800][77683897ms] GC(25580) Metaspace: 305043K->305043K(1349632K)
[2023-11-10T12:08:00.265-0800][77683897ms] GC(25580) Pause Young (Normal) (G1 Evacuation Pause) 3234M->2924M(3602M) 5.156ms
[2023-11-10T12:08:00.265-0800][77683897ms] GC(25580) User=0.00s Sys=0.00s Real=0.00s
[2023-11-10T12:08:00.627-0800][77684259ms] GC(25581) Pause Young (Normal) (G1 Evacuation Pause)
[2023-11-10T12:08:00.627-0800][77684259ms] GC(25581) Using 10 workers of 10 for evacuation
[2023-11-10T12:08:00.632-0800][77684264ms] GC(25581)   Pre Evacuate Collection Set: 0.0ms
[2023-11-10T12:08:00.632-0800][77684264ms] GC(25581)   Evacuate Collection Set: 1.7ms
[2023-11-10T12:08:00.632-0800][77684264ms] GC(25581)   Post Evacuate Collection Set: 3.0ms
[2023-11-10T12:08:00.632-0800][77684264ms] GC(25581)   Other: 0.2ms
[2023-11-10T12:08:00.632-0800][77684264ms] GC(25581) Eden regions: 155->0(155)
[2023-11-10T12:08:00.632-0800][77684264ms] GC(25581) Survivor regions: 1->1(20)
[2023-11-10T12:08:00.632-0800][77684264ms] GC(25581) Old regions: 1458->1458
[2023-11-10T12:08:00.632-0800][77684264ms] GC(25581) Humongous regions: 5->5
[2023-11-10T12:08:00.632-0800][77684264ms] GC(25581) Metaspace: 305043K->305043K(1349632K)
[2023-11-10T12:08:00.632-0800][77684264ms] GC(25581) Pause Young (Normal) (G1 Evacuation Pause) 3234M->2924M(3602M) 5.065ms
[2023-11-10T12:08:00.632-0800][77684264ms] GC(25581) User=0.00s Sys=0.00s Real=0.00s
[2023-11-10T12:08:01.035-0800][77684667ms] GC(25582) Pause Young (Normal) (G1 Evacuation Pause)
[2023-11-10T12:08:01.035-0800][77684667ms] GC(25582) Using 10 workers of 10 for evacuation
[2023-11-10T12:08:01.041-0800][77684673ms] GC(25582)   Pre Evacuate Collection Set: 0.0ms
[2023-11-10T12:08:01.041-0800][77684673ms] GC(25582)   Evacuate Collection Set: 1.7ms
[2023-11-10T12:08:01.041-0800][77684673ms] GC(25582)   Post Evacuate Collection Set: 3.2ms
[2023-11-10T12:08:01.041-0800][77684673ms] GC(25582)   Other: 0.3ms
[2023-11-10T12:08:01.041-0800][77684673ms] GC(25582) Eden regions: 155->0(155)
[2023-11-10T12:08:01.041-0800][77684673ms] GC(25582) Survivor regions: 1->1(20)
[2023-11-10T12:08:01.041-0800][77684673ms] GC(25582) Old regions: 1458->1458
[2023-11-10T12:08:01.041-0800][77684673ms] GC(25582) Humongous regions: 5->5
[2023-11-10T12:08:01.041-0800][77684673ms] GC(25582) Metaspace: 305043K->305043K(1349632K)
[2023-11-10T12:08:01.041-0800][77684673ms] GC(25582) Pause Young (Normal) (G1 Evacuation Pause) 3234M->2924M(3602M) 5.272ms
[2023-11-10T12:08:01.041-0800][77684673ms] GC(25582) User=0.02s Sys=0.00s Real=0.01s
[2023-11-10T12:08:01.458-0800][77685090ms] GC(25583) Pause Young (Normal) (G1 Evacuation Pause)
[2023-11-10T12:08:01.458-0800][77685090ms] GC(25583) Using 10 workers of 10 for evacuation
[2023-11-10T12:08:01.464-0800][77685096ms] GC(25583)   Pre Evacuate Collection Set: 0.0ms
[2023-11-10T12:08:01.464-0800][77685096ms] GC(25583)   Evacuate Collection Set: 1.8ms
[2023-11-10T12:08:01.464-0800][77685096ms] GC(25583)   Post Evacuate Collection Set: 3.0ms
[2023-11-10T12:08:01.464-0800][77685096ms] GC(25583)   Other: 0.3ms
[2023-11-10T12:08:01.464-0800][77685096ms] GC(25583) Eden regions: 155->0(155)
[2023-11-10T12:08:01.464-0800][77685096ms] GC(25583) Survivor regions: 1->1(20)
[2023-11-10T12:08:01.464-0800][77685096ms] GC(25583) Old regions: 1458->1458
[2023-11-10T12:08:01.464-0800][77685096ms] GC(25583) Humongous regions: 5->5
[2023-11-10T12:08:01.464-0800][77685096ms] GC(25583) Metaspace: 305043K->305043K(1349632K)
[2023-11-10T12:08:01.464-0800][77685096ms] GC(25583) Pause Young (Normal) (G1 Evacuation Pause) 3234M->2924M(3602M) 5.264ms
[2023-11-10T12:08:01.464-0800][77685096ms] GC(25583) User=0.09s Sys=0.00s Real=0.01s
[2023-11-10T12:08:01.769-0800][77685401ms] GC(25584) Pause Young (Normal) (G1 Evacuation Pause)
[2023-11-10T12:08:01.769-0800][77685401ms] GC(25584) Using 10 workers of 10 for evacuation
[2023-11-10T12:08:01.775-0800][77685407ms] GC(25584)   Pre Evacuate Collection Set: 0.0ms
[2023-11-10T12:08:01.775-0800][77685407ms] GC(25584)   Evacuate Collection Set: 1.7ms
[2023-11-10T12:08:01.775-0800][77685407ms] GC(25584)   Post Evacuate Collection Set: 3.0ms
[2023-11-10T12:08:01.775-0800][77685407ms] GC(25584)   Other: 0.3ms
[2023-11-10T12:08:01.775-0800][77685407ms] GC(25584) Eden regions: 155->0(155)
[2023-11-10T12:08:01.775-0800][77685407ms] GC(25584) Survivor regions: 1->1(20)
[2023-11-10T12:08:01.775-0800][77685407ms] GC(25584) Old regions: 1458->1458
[2023-11-10T12:08:01.775-0800][77685407ms] GC(25584) Humongous regions: 5->5
[2023-11-10T12:08:01.775-0800][77685407ms] GC(25584) Metaspace: 305043K->305043K(1349632K)
[2023-11-10T12:08:01.775-0800][77685407ms] GC(25584) Pause Young (Normal) (G1 Evacuation Pause) 3234M->2924M(3602M) 5.128ms
[2023-11-10T12:08:01.775-0800][77685407ms] GC(25584) User=0.00s Sys=0.00s Real=0.01s
[2023-11-10T12:08:02.188-0800][77685820ms] GC(25585) Pause Young (Normal) (G1 Evacuation Pause)
[2023-11-10T12:08:02.188-0800][77685820ms] GC(25585) Using 10 workers of 10 for evacuation
[2023-11-10T12:08:02.193-0800][77685825ms] GC(25585)   Pre Evacuate Collection Set: 0.0ms
[2023-11-10T12:08:02.193-0800][77685825ms] GC(25585)   Evacuate Collection Set: 1.9ms
[2023-11-10T12:08:02.193-0800][77685825ms] GC(25585)   Post Evacuate Collection Set: 3.3ms
[2023-11-10T12:08:02.193-0800][77685825ms] GC(25585)   Other: 0.3ms
[2023-11-10T12:08:02.193-0800][77685825ms] GC(25585) Eden regions: 155->0(155)
[2023-11-10T12:08:02.193-0800][77685825ms] GC(25585) Survivor regions: 1->1(20)
[2023-11-10T12:08:02.193-0800][77685825ms] GC(25585) Old regions: 1458->1458
[2023-11-10T12:08:02.193-0800][77685825ms] GC(25585) Humongous regions: 5->5
[2023-11-10T12:08:02.193-0800][77685825ms] GC(25585) Metaspace: 305043K->305043K(1349632K)
[2023-11-10T12:08:02.193-0800][77685825ms] GC(25585) Pause Young (Normal) (G1 Evacuation Pause) 3234M->2924M(3602M) 5.546ms
[2023-11-10T12:08:02.193-0800][77685825ms] GC(25585) User=0.00s Sys=0.00s Real=0.01s
[2023-11-10T12:08:02.588-0800][77686220ms] GC(25586) Pause Young (Normal) (G1 Evacuation Pause)
[2023-11-10T12:08:02.588-0800][77686220ms] GC(25586) Using 10 workers of 10 for evacuation
[2023-11-10T12:08:02.595-0800][77686227ms] GC(25586)   Pre Evacuate Collection Set: 0.0ms
[2023-11-10T12:08:02.595-0800][77686227ms] GC(25586)   Evacuate Collection Set: 1.8ms
[2023-11-10T12:08:02.595-0800][77686227ms] GC(25586)   Post Evacuate Collection Set: 4.1ms
[2023-11-10T12:08:02.595-0800][77686227ms] GC(25586)   Other: 0.3ms
[2023-11-10T12:08:02.595-0800][77686227ms] GC(25586) Eden regions: 155->0(155)
[2023-11-10T12:08:02.595-0800][77686227ms] GC(25586) Survivor regions: 1->1(20)
[2023-11-10T12:08:02.595-0800][77686227ms] GC(25586) Old regions: 1458->1458
[2023-11-10T12:08:02.595-0800][77686227ms] GC(25586) Humongous regions: 5->5
[2023-11-10T12:08:02.595-0800][77686227ms] GC(25586) Metaspace: 305043K->305043K(1349632K)
[2023-11-10T12:08:02.595-0800][77686227ms] GC(25586) Pause Young (Normal) (G1 Evacuation Pause) 3234M->2924M(3602M) 6.290ms
[2023-11-10T12:08:02.595-0800][77686227ms] GC(25586) User=0.00s Sys=0.00s Real=0.01s
[2023-11-10T12:08:02.947-0800][77686579ms] GC(25587) Pause Young (Normal) (G1 Evacuation Pause)
[2023-11-10T12:08:02.947-0800][77686579ms] GC(25587) Using 10 workers of 10 for evacuation
[2023-11-10T12:08:02.952-0800][77686584ms] GC(25587)   Pre Evacuate Collection Set: 0.0ms
[2023-11-10T12:08:02.952-0800][77686584ms] GC(25587)   Evacuate Collection Set: 1.7ms
[2023-11-10T12:08:02.952-0800][77686584ms] GC(25587)   Post Evacuate Collection Set: 3.1ms
[2023-11-10T12:08:02.952-0800][77686584ms] GC(25587)   Other: 0.2ms
[2023-11-10T12:08:02.952-0800][77686584ms] GC(25587) Eden regions: 155->0(155)
[2023-11-10T12:08:02.952-0800][77686584ms] GC(25587) Survivor regions: 1->1(20)
[2023-11-10T12:08:02.952-0800][77686584ms] GC(25587) Old regions: 1458->1458
[2023-11-10T12:08:02.952-0800][77686584ms] GC(25587) Humongous regions: 5->5
[2023-11-10T12:08:02.952-0800][77686584ms] GC(25587) Metaspace: 305043K->305043K(1349632K)
[2023-11-10T12:08:02.952-0800][77686584ms] GC(25587) Pause Young (Normal) (G1 Evacuation Pause) 3234M->2924M(3602M) 5.095ms
[2023-11-10T12:08:02.952-0800][77686584ms] GC(25587) User=0.00s Sys=0.00s Real=0.00s
[2023-11-10T12:08:03.350-0800][77686982ms] GC(25588) Pause Young (Normal) (G1 Evacuation Pause)
[2023-11-10T12:08:03.350-0800][77686982ms] GC(25588) Using 10 workers of 10 for evacuation
[2023-11-10T12:08:03.355-0800][77686987ms] GC(25588)   Pre Evacuate Collection Set: 0.1ms
[2023-11-10T12:08:03.355-0800][77686987ms] GC(25588)   Evacuate Collection Set: 1.8ms
[2023-11-10T12:08:03.355-0800][77686987ms] GC(25588)   Post Evacuate Collection Set: 3.2ms
[2023-11-10T12:08:03.355-0800][77686987ms] GC(25588)   Other: 0.3ms
[2023-11-10T12:08:03.355-0800][77686987ms] GC(25588) Eden regions: 155->0(155)
[2023-11-10T12:08:03.355-0800][77686987ms] GC(25588) Survivor regions: 1->1(20)
[2023-11-10T12:08:03.355-0800][77686987ms] GC(25588) Old regions: 1458->1458
[2023-11-10T12:08:03.355-0800][77686987ms] GC(25588) Humongous regions: 5->5
[2023-11-10T12:08:03.355-0800][77686987ms] GC(25588) Metaspace: 305043K->305043K(1349632K)
[2023-11-10T12:08:03.355-0800][77686987ms] GC(25588) Pause Young (Normal) (G1 Evacuation Pause) 3234M->2924M(3602M) 5.343ms
[2023-11-10T12:08:03.355-0800][77686987ms] GC(25588) User=0.09s Sys=0.00s Real=0.01s
[2023-11-10T12:08:03.751-0800][77687383ms] GC(25589) Pause Young (Normal) (G1 Evacuation Pause)
[2023-11-10T12:08:03.751-0800][77687383ms] GC(25589) Using 10 workers of 10 for evacuation
[2023-11-10T12:08:03.755-0800][77687387ms] GC(25589)   Pre Evacuate Collection Set: 0.0ms
[2023-11-10T12:08:03.755-0800][77687387ms] GC(25589)   Evacuate Collection Set: 1.6ms
[2023-11-10T12:08:03.755-0800][77687387ms] GC(25589)   Post Evacuate Collection Set: 3.0ms
[2023-11-10T12:08:03.755-0800][77687387ms] GC(25589)   Other: 0.2ms
[2023-11-10T12:08:03.755-0800][77687387ms] GC(25589) Eden regions: 155->0(155)
[2023-11-10T12:08:03.755-0800][77687387ms] GC(25589) Survivor regions: 1->1(20)
[2023-11-10T12:08:03.755-0800][77687387ms] GC(25589) Old regions: 1458->1458
[2023-11-10T12:08:03.755-0800][77687387ms] GC(25589) Humongous regions: 5->5
[2023-11-10T12:08:03.755-0800][77687387ms] GC(25589) Metaspace: 305043K->305043K(1349632K)
[2023-11-10T12:08:03.755-0800][77687387ms] GC(25589) Pause Young (Normal) (G1 Evacuation Pause) 3234M->2924M(3602M) 4.976ms
[2023-11-10T12:08:03.756-0800][77687388ms] GC(25589) User=0.00s Sys=0.00s Real=0.01s
[2023-11-10T12:08:04.154-0800][77687786ms] GC(25590) Pause Young (Normal) (G1 Evacuation Pause)
[2023-11-10T12:08:04.154-0800][77687786ms] GC(25590) Using 10 workers of 10 for evacuation
[2023-11-10T12:08:04.160-0800][77687792ms] GC(25590)   Pre Evacuate Collection Set: 0.0ms
[2023-11-10T12:08:04.160-0800][77687792ms] GC(25590)   Evacuate Collection Set: 1.6ms
[2023-11-10T12:08:04.160-0800][77687792ms] GC(25590)   Post Evacuate Collection Set: 3.2ms
[2023-11-10T12:08:04.160-0800][77687792ms] GC(25590)   Other: 0.2ms
[2023-11-10T12:08:04.160-0800][77687792ms] GC(25590) Eden regions: 155->0(155)
[2023-11-10T12:08:04.160-0800][77687792ms] GC(25590) Survivor regions: 1->1(20)
[2023-11-10T12:08:04.160-0800][77687792ms] GC(25590) Old regions: 1458->1458
[2023-11-10T12:08:04.160-0800][77687792ms] GC(25590) Humongous regions: 5->5
[2023-11-10T12:08:04.160-0800][77687792ms] GC(25590) Metaspace: 305043K->305043K(1349632K)
[2023-11-10T12:08:04.160-0800][77687792ms] GC(25590) Pause Young (Normal) (G1 Evacuation Pause) 3234M->2924M(3602M) 5.244ms
[2023-11-10T12:08:04.160-0800][77687792ms] GC(25590) User=0.00s Sys=0.00s Real=0.01s
[2023-11-10T12:08:04.566-0800][77688198ms] GC(25591) Pause Young (Normal) (G1 Evacuation Pause)
[2023-11-10T12:08:04.566-0800][77688198ms] GC(25591) Using 10 workers of 10 for evacuation
[2023-11-10T12:08:04.571-0800][77688203ms] GC(25591)   Pre Evacuate Collection Set: 0.1ms
[2023-11-10T12:08:04.571-0800][77688203ms] GC(25591)   Evacuate Collection Set: 1.7ms
[2023-11-10T12:08:04.571-0800][77688203ms] GC(25591)   Post Evacuate Collection Set: 3.3ms
[2023-11-10T12:08:04.571-0800][77688203ms] GC(25591)   Other: 0.3ms
[2023-11-10T12:08:04.571-0800][77688203ms] GC(25591) Eden regions: 155->0(155)
[2023-11-10T12:08:04.571-0800][77688203ms] GC(25591) Survivor regions: 1->1(20)
[2023-11-10T12:08:04.571-0800][77688203ms] GC(25591) Old regions: 1458->1458
[2023-11-10T12:08:04.571-0800][77688203ms] GC(25591) Humongous regions: 5->5
[2023-11-10T12:08:04.571-0800][77688203ms] GC(25591) Metaspace: 305043K->305043K(1349632K)
[2023-11-10T12:08:04.571-0800][77688203ms] GC(25591) Pause Young (Normal) (G1 Evacuation Pause) 3234M->2924M(3602M) 5.469ms
[2023-11-10T12:08:04.571-0800][77688203ms] GC(25591) User=0.02s Sys=0.00s Real=0.01s
[2023-11-10T12:08:04.868-0800][77688500ms] GC(25592) Pause Young (Normal) (G1 Evacuation Pause)
[2023-11-10T12:08:04.868-0800][77688500ms] GC(25592) Using 10 workers of 10 for evacuation
[2023-11-10T12:08:04.873-0800][77688505ms] GC(25592)   Pre Evacuate Collection Set: 0.0ms
[2023-11-10T12:08:04.873-0800][77688505ms] GC(25592)   Evacuate Collection Set: 1.6ms
[2023-11-10T12:08:04.873-0800][77688505ms] GC(25592)   Post Evacuate Collection Set: 3.0ms
[2023-11-10T12:08:04.873-0800][77688505ms] GC(25592)   Other: 0.3ms
[2023-11-10T12:08:04.873-0800][77688505ms] GC(25592) Eden regions: 155->0(155)
[2023-11-10T12:08:04.873-0800][77688505ms] GC(25592) Survivor regions: 1->1(20)
[2023-11-10T12:08:04.873-0800][77688505ms] GC(25592) Old regions: 1458->1458
[2023-11-10T12:08:04.873-0800][77688505ms] GC(25592) Humongous regions: 5->5
[2023-11-10T12:08:04.874-0800][77688506ms] GC(25592) Metaspace: 305043K->305043K(1349632K)
[2023-11-10T12:08:04.874-0800][77688506ms] GC(25592) Pause Young (Normal) (G1 Evacuation Pause) 3234M->2924M(3602M) 4.975ms
[2023-11-10T12:08:04.874-0800][77688506ms] GC(25592) User=0.00s Sys=0.00s Real=0.01s
[2023-11-10T12:08:05.246-0800][77688878ms] GC(25593) Pause Young (Normal) (G1 Evacuation Pause)
[2023-11-10T12:08:05.246-0800][77688878ms] GC(25593) Using 10 workers of 10 for evacuation
[2023-11-10T12:08:05.251-0800][77688883ms] GC(25593)   Pre Evacuate Collection Set: 0.0ms
[2023-11-10T12:08:05.251-0800][77688883ms] GC(25593)   Evacuate Collection Set: 1.7ms
[2023-11-10T12:08:05.251-0800][77688883ms] GC(25593)   Post Evacuate Collection Set: 3.2ms
[2023-11-10T12:08:05.251-0800][77688883ms] GC(25593)   Other: 0.2ms
[2023-11-10T12:08:05.251-0800][77688883ms] GC(25593) Eden regions: 155->0(155)
[2023-11-10T12:08:05.251-0800][77688883ms] GC(25593) Survivor regions: 1->1(20)
[2023-11-10T12:08:05.251-0800][77688883ms] GC(25593) Old regions: 1458->1458
[2023-11-10T12:08:05.251-0800][77688883ms] GC(25593) Humongous regions: 5->5
[2023-11-10T12:08:05.251-0800][77688883ms] GC(25593) Metaspace: 305043K->305043K(1349632K)
[2023-11-10T12:08:05.251-0800][77688883ms] GC(25593) Pause Young (Normal) (G1 Evacuation Pause) 3234M->2924M(3602M) 5.199ms
[2023-11-10T12:08:05.251-0800][77688883ms] GC(25593) User=0.00s Sys=0.00s Real=0.00s
[2023-11-10T12:08:05.657-0800][77689289ms] GC(25594) Pause Young (Normal) (G1 Evacuation Pause)
[2023-11-10T12:08:05.657-0800][77689289ms] GC(25594) Using 10 workers of 10 for evacuation
[2023-11-10T12:08:05.663-0800][77689295ms] GC(25594)   Pre Evacuate Collection Set: 0.0ms
[2023-11-10T12:08:05.663-0800][77689295ms] GC(25594)   Evacuate Collection Set: 1.7ms
[2023-11-10T12:08:05.663-0800][77689295ms] GC(25594)   Post Evacuate Collection Set: 3.1ms
[2023-11-10T12:08:05.663-0800][77689295ms] GC(25594)   Other: 0.3ms
[2023-11-10T12:08:05.663-0800][77689295ms] GC(25594) Eden regions: 155->0(155)
[2023-11-10T12:08:05.663-0800][77689295ms] GC(25594) Survivor regions: 1->1(20)
[2023-11-10T12:08:05.663-0800][77689295ms] GC(25594) Old regions: 1458->1458
[2023-11-10T12:08:05.663-0800][77689295ms] GC(25594) Humongous regions: 5->5
[2023-11-10T12:08:05.663-0800][77689295ms] GC(25594) Metaspace: 305043K->305043K(1349632K)
[2023-11-10T12:08:05.663-0800][77689295ms] GC(25594) Pause Young (Normal) (G1 Evacuation Pause) 3234M->2924M(3602M) 5.188ms
[2023-11-10T12:08:05.663-0800][77689295ms] GC(25594) User=0.00s Sys=0.00s Real=0.01s
[2023-11-10T12:08:06.008-0800][77689640ms] GC(25595) Pause Young (Normal) (G1 Evacuation Pause)
[2023-11-10T12:08:06.008-0800][77689640ms] GC(25595) Using 10 workers of 10 for evacuation
[2023-11-10T12:08:06.013-0800][77689645ms] GC(25595)   Pre Evacuate Collection Set: 0.0ms
[2023-11-10T12:08:06.013-0800][77689645ms] GC(25595)   Evacuate Collection Set: 1.7ms
[2023-11-10T12:08:06.013-0800][77689645ms] GC(25595)   Post Evacuate Collection Set: 3.0ms
[2023-11-10T12:08:06.013-0800][77689645ms] GC(25595)   Other: 0.3ms
[2023-11-10T12:08:06.013-0800][77689645ms] GC(25595) Eden regions: 155->0(155)
[2023-11-10T12:08:06.013-0800][77689645ms] GC(25595) Survivor regions: 1->1(20)
[2023-11-10T12:08:06.013-0800][77689645ms] GC(25595) Old regions: 1458->1458
[2023-11-10T12:08:06.013-0800][77689645ms] GC(25595) Humongous regions: 5->5
[2023-11-10T12:08:06.013-0800][77689645ms] GC(25595) Metaspace: 305043K->305043K(1349632K)
[2023-11-10T12:08:06.013-0800][77689645ms] GC(25595) Pause Young (Normal) (G1 Evacuation Pause) 3234M->2924M(3602M) 5.050ms
[2023-11-10T12:08:06.013-0800][77689645ms] GC(25595) User=0.00s Sys=0.00s Real=0.01s
[2023-11-10T12:08:06.376-0800][77690008ms] GC(25596) Pause Young (Normal) (G1 Evacuation Pause)
[2023-11-10T12:08:06.376-0800][77690008ms] GC(25596) Using 10 workers of 10 for evacuation
[2023-11-10T12:08:06.381-0800][77690013ms] GC(25596)   Pre Evacuate Collection Set: 0.0ms
[2023-11-10T12:08:06.381-0800][77690013ms] GC(25596)   Evacuate Collection Set: 1.7ms
[2023-11-10T12:08:06.381-0800][77690013ms] GC(25596)   Post Evacuate Collection Set: 3.4ms
[2023-11-10T12:08:06.381-0800][77690013ms] GC(25596)   Other: 0.3ms
[2023-11-10T12:08:06.381-0800][77690013ms] GC(25596) Eden regions: 155->0(155)
[2023-11-10T12:08:06.381-0800][77690013ms] GC(25596) Survivor regions: 1->1(20)
[2023-11-10T12:08:06.381-0800][77690013ms] GC(25596) Old regions: 1458->1458
[2023-11-10T12:08:06.381-0800][77690013ms] GC(25596) Humongous regions: 5->5
[2023-11-10T12:08:06.381-0800][77690013ms] GC(25596) Metaspace: 305043K->305043K(1349632K)
[2023-11-10T12:08:06.381-0800][77690013ms] GC(25596) Pause Young (Normal) (G1 Evacuation Pause) 3234M->2925M(3602M) 5.574ms
[2023-11-10T12:08:06.381-0800][77690013ms] GC(25596) User=0.00s Sys=0.00s Real=0.01s
[2023-11-10T12:08:06.750-0800][77690382ms] GC(25597) Pause Young (Normal) (G1 Evacuation Pause)
[2023-11-10T12:08:06.750-0800][77690382ms] GC(25597) Using 10 workers of 10 for evacuation
[2023-11-10T12:08:06.756-0800][77690388ms] GC(25597)   Pre Evacuate Collection Set: 0.0ms
[2023-11-10T12:08:06.756-0800][77690388ms] GC(25597)   Evacuate Collection Set: 1.7ms
[2023-11-10T12:08:06.756-0800][77690388ms] GC(25597)   Post Evacuate Collection Set: 3.1ms
[2023-11-10T12:08:06.756-0800][77690388ms] GC(25597)   Other: 0.3ms
[2023-11-10T12:08:06.756-0800][77690388ms] GC(25597) Eden regions: 155->0(155)
[2023-11-10T12:08:06.756-0800][77690388ms] GC(25597) Survivor regions: 1->1(20)
[2023-11-10T12:08:06.756-0800][77690388ms] GC(25597) Old regions: 1458->1458
[2023-11-10T12:08:06.756-0800][77690388ms] GC(25597) Humongous regions: 5->5
[2023-11-10T12:08:06.756-0800][77690388ms] GC(25597) Metaspace: 305043K->305043K(1349632K)
[2023-11-10T12:08:06.756-0800][77690388ms] GC(25597) Pause Young (Normal) (G1 Evacuation Pause) 3235M->2925M(3602M) 5.202ms
[2023-11-10T12:08:06.756-0800][77690388ms] GC(25597) User=0.00s Sys=0.00s Real=0.01s
[2023-11-10T12:08:07.157-0800][77690789ms] GC(25598) Pause Young (Normal) (G1 Evacuation Pause)
[2023-11-10T12:08:07.157-0800][77690789ms] GC(25598) Using 10 workers of 10 for evacuation
[2023-11-10T12:08:07.163-0800][77690795ms] GC(25598)   Pre Evacuate Collection Set: 0.0ms
[2023-11-10T12:08:07.163-0800][77690795ms] GC(25598)   Evacuate Collection Set: 1.7ms
[2023-11-10T12:08:07.163-0800][77690795ms] GC(25598)   Post Evacuate Collection Set: 3.0ms
[2023-11-10T12:08:07.163-0800][77690795ms] GC(25598)   Other: 0.2ms
[2023-11-10T12:08:07.163-0800][77690795ms] GC(25598) Eden regions: 155->0(155)
[2023-11-10T12:08:07.163-0800][77690795ms] GC(25598) Survivor regions: 1->1(20)
[2023-11-10T12:08:07.163-0800][77690795ms] GC(25598) Old regions: 1458->1458
[2023-11-10T12:08:07.163-0800][77690795ms] GC(25598) Humongous regions: 5->5
[2023-11-10T12:08:07.163-0800][77690795ms] GC(25598) Metaspace: 305043K->305043K(1349632K)
[2023-11-10T12:08:07.163-0800][77690795ms] GC(25598) Pause Young (Normal) (G1 Evacuation Pause) 3235M->2925M(3602M) 5.151ms
[2023-11-10T12:08:07.163-0800][77690795ms] GC(25598) User=0.02s Sys=0.00s Real=0.01s
[2023-11-10T12:08:07.560-0800][77691192ms] GC(25599) Pause Young (Normal) (G1 Evacuation Pause)
[2023-11-10T12:08:07.560-0800][77691192ms] GC(25599) Using 10 workers of 10 for evacuation
[2023-11-10T12:08:07.565-0800][77691197ms] GC(25599)   Pre Evacuate Collection Set: 0.0ms
[2023-11-10T12:08:07.565-0800][77691197ms] GC(25599)   Evacuate Collection Set: 1.6ms
[2023-11-10T12:08:07.565-0800][77691197ms] GC(25599)   Post Evacuate Collection Set: 3.0ms
[2023-11-10T12:08:07.565-0800][77691197ms] GC(25599)   Other: 0.4ms
[2023-11-10T12:08:07.565-0800][77691197ms] GC(25599) Eden regions: 155->0(155)
[2023-11-10T12:08:07.565-0800][77691197ms] GC(25599) Survivor regions: 1->1(20)
[2023-11-10T12:08:07.565-0800][77691197ms] GC(25599) Old regions: 1458->1458
[2023-11-10T12:08:07.565-0800][77691197ms] GC(25599) Humongous regions: 5->5
[2023-11-10T12:08:07.565-0800][77691197ms] GC(25599) Metaspace: 305043K->305043K(1349632K)
[2023-11-10T12:08:07.565-0800][77691197ms] GC(25599) Pause Young (Normal) (G1 Evacuation Pause) 3235M->2925M(3602M) 5.132ms
[2023-11-10T12:08:07.565-0800][77691197ms] GC(25599) User=0.00s Sys=0.00s Real=0.01s
[2023-11-10T12:08:07.939-0800][77691571ms] GC(25600) Pause Young (Normal) (G1 Evacuation Pause)
[2023-11-10T12:08:07.939-0800][77691571ms] GC(25600) Using 10 workers of 10 for evacuation
[2023-11-10T12:08:07.944-0800][77691576ms] GC(25600)   Pre Evacuate Collection Set: 0.0ms
[2023-11-10T12:08:07.944-0800][77691576ms] GC(25600)   Evacuate Collection Set: 1.7ms
[2023-11-10T12:08:07.944-0800][77691576ms] GC(25600)   Post Evacuate Collection Set: 3.1ms
[2023-11-10T12:08:07.944-0800][77691576ms] GC(25600)   Other: 0.3ms
[2023-11-10T12:08:07.944-0800][77691576ms] GC(25600) Eden regions: 155->0(154)
[2023-11-10T12:08:07.944-0800][77691576ms] GC(25600) Survivor regions: 1->1(20)
[2023-11-10T12:08:07.944-0800][77691576ms] GC(25600) Old regions: 1458->1458
[2023-11-10T12:08:07.944-0800][77691576ms] GC(25600) Humongous regions: 5->5
[2023-11-10T12:08:07.944-0800][77691576ms] GC(25600) Metaspace: 305043K->305043K(1349632K)
[2023-11-10T12:08:07.944-0800][77691576ms] GC(25600) Pause Young (Normal) (G1 Evacuation Pause) 3235M->2925M(3602M) 5.249ms
[2023-11-10T12:08:07.944-0800][77691576ms] GC(25600) User=0.00s Sys=0.00s Real=0.01s
[2023-11-10T12:08:08.314-0800][77691946ms] GC(25601) Pause Young (Normal) (G1 Evacuation Pause)
[2023-11-10T12:08:08.314-0800][77691946ms] GC(25601) Using 10 workers of 10 for evacuation
[2023-11-10T12:08:08.320-0800][77691952ms] GC(25601)   Pre Evacuate Collection Set: 0.0ms
[2023-11-10T12:08:08.320-0800][77691952ms] GC(25601)   Evacuate Collection Set: 1.8ms
[2023-11-10T12:08:08.320-0800][77691952ms] GC(25601)   Post Evacuate Collection Set: 3.4ms
[2023-11-10T12:08:08.320-0800][77691952ms] GC(25601)   Other: 0.3ms
[2023-11-10T12:08:08.320-0800][77691952ms] GC(25601) Eden regions: 154->0(154)
[2023-11-10T12:08:08.320-0800][77691952ms] GC(25601) Survivor regions: 1->1(20)
[2023-11-10T12:08:08.320-0800][77691952ms] GC(25601) Old regions: 1458->1458
[2023-11-10T12:08:08.320-0800][77691952ms] GC(25601) Humongous regions: 5->5
[2023-11-10T12:08:08.320-0800][77691952ms] GC(25601) Metaspace: 305043K->305043K(1349632K)
[2023-11-10T12:08:08.320-0800][77691952ms] GC(25601) Pause Young (Normal) (G1 Evacuation Pause) 3233M->2925M(3602M) 5.537ms
[2023-11-10T12:08:08.320-0800][77691952ms] GC(25601) User=0.00s Sys=0.00s Real=0.01s
[2023-11-10T12:08:08.742-0800][77692374ms] GC(25602) Pause Young (Normal) (G1 Evacuation Pause)
[2023-11-10T12:08:08.742-0800][77692374ms] GC(25602) Using 10 workers of 10 for evacuation
[2023-11-10T12:08:08.749-0800][77692381ms] GC(25602)   Pre Evacuate Collection Set: 0.1ms
[2023-11-10T12:08:08.749-0800][77692381ms] GC(25602)   Evacuate Collection Set: 1.9ms
[2023-11-10T12:08:08.749-0800][77692381ms] GC(25602)   Post Evacuate Collection Set: 4.8ms
[2023-11-10T12:08:08.749-0800][77692381ms] GC(25602)   Other: 0.4ms
[2023-11-10T12:08:08.749-0800][77692381ms] GC(25602) Eden regions: 154->0(154)
[2023-11-10T12:08:08.749-0800][77692381ms] GC(25602) Survivor regions: 1->1(20)
[2023-11-10T12:08:08.749-0800][77692381ms] GC(25602) Old regions: 1458->1458
[2023-11-10T12:08:08.749-0800][77692381ms] GC(25602) Humongous regions: 5->5
[2023-11-10T12:08:08.749-0800][77692381ms] GC(25602) Metaspace: 305043K->305043K(1349632K)
[2023-11-10T12:08:08.749-0800][77692381ms] GC(25602) Pause Young (Normal) (G1 Evacuation Pause) 3233M->2925M(3602M) 7.300ms
[2023-11-10T12:08:08.749-0800][77692381ms] GC(25602) User=0.03s Sys=0.00s Real=0.01s
[2023-11-10T12:08:09.191-0800][77692823ms] GC(25603) Pause Young (Normal) (G1 Evacuation Pause)
[2023-11-10T12:08:09.191-0800][77692823ms] GC(25603) Using 10 workers of 10 for evacuation
[2023-11-10T12:08:09.196-0800][77692828ms] GC(25603)   Pre Evacuate Collection Set: 0.0ms
[2023-11-10T12:08:09.196-0800][77692828ms] GC(25603)   Evacuate Collection Set: 1.7ms
[2023-11-10T12:08:09.196-0800][77692828ms] GC(25603)   Post Evacuate Collection Set: 3.2ms
[2023-11-10T12:08:09.196-0800][77692828ms] GC(25603)   Other: 0.3ms
[2023-11-10T12:08:09.196-0800][77692828ms] GC(25603) Eden regions: 154->0(154)
[2023-11-10T12:08:09.196-0800][77692828ms] GC(25603) Survivor regions: 1->1(20)
[2023-11-10T12:08:09.196-0800][77692828ms] GC(25603) Old regions: 1458->1458
[2023-11-10T12:08:09.196-0800][77692828ms] GC(25603) Humongous regions: 5->5
[2023-11-10T12:08:09.196-0800][77692828ms] GC(25603) Metaspace: 305043K->305043K(1349632K)
[2023-11-10T12:08:09.196-0800][77692828ms] GC(25603) Pause Young (Normal) (G1 Evacuation Pause) 3233M->2925M(3602M) 5.276ms
[2023-11-10T12:08:09.196-0800][77692828ms] GC(25603) User=0.00s Sys=0.00s Real=0.01s
[2023-11-10T12:08:09.563-0800][77693195ms] GC(25604) Pause Young (Normal) (G1 Evacuation Pause)
[2023-11-10T12:08:09.563-0800][77693195ms] GC(25604) Using 10 workers of 10 for evacuation
[2023-11-10T12:08:09.568-0800][77693200ms] GC(25604)   Pre Evacuate Collection Set: 0.0ms
[2023-11-10T12:08:09.568-0800][77693200ms] GC(25604)   Evacuate Collection Set: 1.7ms
[2023-11-10T12:08:09.568-0800][77693200ms] GC(25604)   Post Evacuate Collection Set: 3.1ms
[2023-11-10T12:08:09.568-0800][77693200ms] GC(25604)   Other: 0.3ms
[2023-11-10T12:08:09.568-0800][77693200ms] GC(25604) Eden regions: 154->0(154)
[2023-11-10T12:08:09.568-0800][77693200ms] GC(25604) Survivor regions: 1->1(20)
[2023-11-10T12:08:09.568-0800][77693200ms] GC(25604) Old regions: 1458->1458
[2023-11-10T12:08:09.568-0800][77693200ms] GC(25604) Humongous regions: 5->5
[2023-11-10T12:08:09.568-0800][77693200ms] GC(25604) Metaspace: 305043K->305043K(1349632K)
[2023-11-10T12:08:09.568-0800][77693200ms] GC(25604) Pause Young (Normal) (G1 Evacuation Pause) 3233M->2925M(3602M) 5.152ms
[2023-11-10T12:08:09.568-0800][77693200ms] GC(25604) User=0.00s Sys=0.00s Real=0.01s
[2023-11-10T12:08:09.944-0800][77693576ms] GC(25605) Pause Young (Normal) (G1 Evacuation Pause)
[2023-11-10T12:08:09.944-0800][77693576ms] GC(25605) Using 10 workers of 10 for evacuation
[2023-11-10T12:08:09.949-0800][77693581ms] GC(25605)   Pre Evacuate Collection Set: 0.0ms
[2023-11-10T12:08:09.949-0800][77693581ms] GC(25605)   Evacuate Collection Set: 1.7ms
[2023-11-10T12:08:09.949-0800][77693581ms] GC(25605)   Post Evacuate Collection Set: 3.7ms
[2023-11-10T12:08:09.949-0800][77693581ms] GC(25605)   Other: 0.3ms
[2023-11-10T12:08:09.949-0800][77693581ms] GC(25605) Eden regions: 154->0(154)
[2023-11-10T12:08:09.949-0800][77693581ms] GC(25605) Survivor regions: 1->1(20)
[2023-11-10T12:08:09.949-0800][77693581ms] GC(25605) Old regions: 1458->1458
[2023-11-10T12:08:09.949-0800][77693581ms] GC(25605) Humongous regions: 5->5
[2023-11-10T12:08:09.949-0800][77693581ms] GC(25605) Metaspace: 305043K->305043K(1349632K)
[2023-11-10T12:08:09.949-0800][77693581ms] GC(25605) Pause Young (Normal) (G1 Evacuation Pause) 3233M->2925M(3602M) 5.772ms
[2023-11-10T12:08:09.949-0800][77693581ms] GC(25605) User=0.08s Sys=0.00s Real=0.00s
[2023-11-10T12:08:10.312-0800][77693944ms] GC(25606) Pause Young (Normal) (G1 Evacuation Pause)
[2023-11-10T12:08:10.312-0800][77693944ms] GC(25606) Using 10 workers of 10 for evacuation
[2023-11-10T12:08:10.318-0800][77693950ms] GC(25606)   Pre Evacuate Collection Set: 0.0ms
[2023-11-10T12:08:10.318-0800][77693950ms] GC(25606)   Evacuate Collection Set: 1.7ms
[2023-11-10T12:08:10.318-0800][77693950ms] GC(25606)   Post Evacuate Collection Set: 3.5ms
[2023-11-10T12:08:10.318-0800][77693950ms] GC(25606)   Other: 0.2ms
[2023-11-10T12:08:10.318-0800][77693950ms] GC(25606) Eden regions: 154->0(154)
[2023-11-10T12:08:10.318-0800][77693950ms] GC(25606) Survivor regions: 1->1(20)
[2023-11-10T12:08:10.318-0800][77693950ms] GC(25606) Old regions: 1458->1458
[2023-11-10T12:08:10.318-0800][77693950ms] GC(25606) Humongous regions: 5->5
[2023-11-10T12:08:10.318-0800][77693950ms] GC(25606) Metaspace: 305043K->305043K(1349632K)
[2023-11-10T12:08:10.318-0800][77693950ms] GC(25606) Pause Young (Normal) (G1 Evacuation Pause) 3233M->2925M(3602M) 5.554ms
[2023-11-10T12:08:10.318-0800][77693950ms] GC(25606) User=0.00s Sys=0.00s Real=0.01s
[2023-11-10T12:08:10.658-0800][77694290ms] GC(25607) Pause Young (Normal) (G1 Evacuation Pause)
[2023-11-10T12:08:10.658-0800][77694290ms] GC(25607) Using 10 workers of 10 for evacuation
[2023-11-10T12:08:10.663-0800][77694295ms] GC(25607)   Pre Evacuate Collection Set: 0.1ms
[2023-11-10T12:08:10.663-0800][77694295ms] GC(25607)   Evacuate Collection Set: 1.7ms
[2023-11-10T12:08:10.663-0800][77694295ms] GC(25607)   Post Evacuate Collection Set: 3.3ms
[2023-11-10T12:08:10.663-0800][77694295ms] GC(25607)   Other: 0.3ms
[2023-11-10T12:08:10.663-0800][77694295ms] GC(25607) Eden regions: 154->0(154)
[2023-11-10T12:08:10.663-0800][77694295ms] GC(25607) Survivor regions: 1->1(20)
[2023-11-10T12:08:10.663-0800][77694295ms] GC(25607) Old regions: 1458->1458
[2023-11-10T12:08:10.663-0800][77694295ms] GC(25607) Humongous regions: 5->5
[2023-11-10T12:08:10.663-0800][77694295ms] GC(25607) Metaspace: 305043K->305043K(1349632K)
[2023-11-10T12:08:10.663-0800][77694295ms] GC(25607) Pause Young (Normal) (G1 Evacuation Pause) 3233M->2925M(3602M) 5.541ms
[2023-11-10T12:08:10.663-0800][77694295ms] GC(25607) User=0.00s Sys=0.00s Real=0.01s
[2023-11-10T12:08:11.041-0800][77694673ms] GC(25608) Pause Young (Normal) (G1 Evacuation Pause)
[2023-11-10T12:08:11.041-0800][77694673ms] GC(25608) Using 10 workers of 10 for evacuation
[2023-11-10T12:08:11.046-0800][77694678ms] GC(25608)   Pre Evacuate Collection Set: 0.0ms
[2023-11-10T12:08:11.046-0800][77694678ms] GC(25608)   Evacuate Collection Set: 1.8ms
[2023-11-10T12:08:11.046-0800][77694678ms] GC(25608)   Post Evacuate Collection Set: 3.1ms
[2023-11-10T12:08:11.046-0800][77694678ms] GC(25608)   Other: 0.3ms
[2023-11-10T12:08:11.046-0800][77694678ms] GC(25608) Eden regions: 154->0(154)
[2023-11-10T12:08:11.046-0800][77694678ms] GC(25608) Survivor regions: 1->1(20)
[2023-11-10T12:08:11.046-0800][77694678ms] GC(25608) Old regions: 1458->1458
[2023-11-10T12:08:11.046-0800][77694678ms] GC(25608) Humongous regions: 5->5
[2023-11-10T12:08:11.046-0800][77694678ms] GC(25608) Metaspace: 305043K->305043K(1349632K)
[2023-11-10T12:08:11.046-0800][77694678ms] GC(25608) Pause Young (Normal) (G1 Evacuation Pause) 3233M->2925M(3602M) 5.267ms
[2023-11-10T12:08:11.046-0800][77694678ms] GC(25608) User=0.00s Sys=0.00s Real=0.01s
[2023-11-10T12:08:11.353-0800][77694985ms] GC(25609) Pause Young (Normal) (G1 Evacuation Pause)
[2023-11-10T12:08:11.353-0800][77694985ms] GC(25609) Using 10 workers of 10 for evacuation
[2023-11-10T12:08:11.358-0800][77694990ms] GC(25609)   Pre Evacuate Collection Set: 0.0ms
[2023-11-10T12:08:11.358-0800][77694990ms] GC(25609)   Evacuate Collection Set: 1.7ms
[2023-11-10T12:08:11.358-0800][77694990ms] GC(25609)   Post Evacuate Collection Set: 3.3ms
[2023-11-10T12:08:11.358-0800][77694990ms] GC(25609)   Other: 0.2ms
[2023-11-10T12:08:11.358-0800][77694990ms] GC(25609) Eden regions: 154->0(154)
[2023-11-10T12:08:11.358-0800][77694990ms] GC(25609) Survivor regions: 1->1(20)
[2023-11-10T12:08:11.358-0800][77694990ms] GC(25609) Old regions: 1458->1458
[2023-11-10T12:08:11.358-0800][77694990ms] GC(25609) Humongous regions: 5->5
[2023-11-10T12:08:11.358-0800][77694990ms] GC(25609) Metaspace: 305043K->305043K(1349632K)
[2023-11-10T12:08:11.358-0800][77694990ms] GC(25609) Pause Young (Normal) (G1 Evacuation Pause) 3233M->2925M(3602M) 5.418ms
[2023-11-10T12:08:11.358-0800][77694990ms] GC(25609) User=0.00s Sys=0.00s Real=0.01s
[2023-11-10T12:08:11.727-0800][77695359ms] GC(25610) Pause Young (Normal) (G1 Evacuation Pause)
[2023-11-10T12:08:11.727-0800][77695359ms] GC(25610) Using 10 workers of 10 for evacuation
[2023-11-10T12:08:11.733-0800][77695365ms] GC(25610)   Pre Evacuate Collection Set: 0.0ms
[2023-11-10T12:08:11.733-0800][77695365ms] GC(25610)   Evacuate Collection Set: 1.9ms
[2023-11-10T12:08:11.733-0800][77695365ms] GC(25610)   Post Evacuate Collection Set: 3.3ms
[2023-11-10T12:08:11.733-0800][77695365ms] GC(25610)   Other: 0.3ms
[2023-11-10T12:08:11.733-0800][77695365ms] GC(25610) Eden regions: 154->0(154)
[2023-11-10T12:08:11.733-0800][77695365ms] GC(25610) Survivor regions: 1->1(20)
[2023-11-10T12:08:11.733-0800][77695365ms] GC(25610) Old regions: 1458->1458
[2023-11-10T12:08:11.733-0800][77695365ms] GC(25610) Humongous regions: 5->5
[2023-11-10T12:08:11.733-0800][77695365ms] GC(25610) Metaspace: 305043K->305043K(1349632K)
[2023-11-10T12:08:11.733-0800][77695365ms] GC(25610) Pause Young (Normal) (G1 Evacuation Pause) 3233M->2925M(3602M) 5.572ms
[2023-11-10T12:08:11.733-0800][77695365ms] GC(25610) User=0.00s Sys=0.00s Real=0.01s
[2023-11-10T12:08:12.096-0800][77695728ms] GC(25611) Pause Young (Normal) (G1 Evacuation Pause)
[2023-11-10T12:08:12.096-0800][77695728ms] GC(25611) Using 10 workers of 10 for evacuation
[2023-11-10T12:08:12.106-0800][77695738ms] GC(25611)   Pre Evacuate Collection Set: 0.0ms
[2023-11-10T12:08:12.106-0800][77695738ms] GC(25611)   Evacuate Collection Set: 7.1ms
[2023-11-10T12:08:12.106-0800][77695738ms] GC(25611)   Post Evacuate Collection Set: 3.0ms
[2023-11-10T12:08:12.106-0800][77695738ms] GC(25611)   Other: 0.3ms
[2023-11-10T12:08:12.106-0800][77695738ms] GC(25611) Eden regions: 154->0(154)
[2023-11-10T12:08:12.106-0800][77695738ms] GC(25611) Survivor regions: 1->1(20)
[2023-11-10T12:08:12.106-0800][77695738ms] GC(25611) Old regions: 1458->1458
[2023-11-10T12:08:12.106-0800][77695738ms] GC(25611) Humongous regions: 5->5
[2023-11-10T12:08:12.106-0800][77695738ms] GC(25611) Metaspace: 305043K->305043K(1349632K)
[2023-11-10T12:08:12.106-0800][77695738ms] GC(25611) Pause Young (Normal) (G1 Evacuation Pause) 3233M->2925M(3602M) 10.526ms
[2023-11-10T12:08:12.106-0800][77695738ms] GC(25611) User=0.02s Sys=0.00s Real=0.01s
[2023-11-10T12:08:12.464-0800][77696096ms] GC(25612) Pause Young (Normal) (G1 Evacuation Pause)
[2023-11-10T12:08:12.464-0800][77696096ms] GC(25612) Using 10 workers of 10 for evacuation
[2023-11-10T12:08:12.470-0800][77696102ms] GC(25612)   Pre Evacuate Collection Set: 0.0ms
[2023-11-10T12:08:12.470-0800][77696102ms] GC(25612)   Evacuate Collection Set: 1.6ms
[2023-11-10T12:08:12.470-0800][77696102ms] GC(25612)   Post Evacuate Collection Set: 3.0ms
[2023-11-10T12:08:12.470-0800][77696102ms] GC(25612)   Other: 0.3ms
[2023-11-10T12:08:12.470-0800][77696102ms] GC(25612) Eden regions: 154->0(154)
[2023-11-10T12:08:12.470-0800][77696102ms] GC(25612) Survivor regions: 1->1(20)
[2023-11-10T12:08:12.470-0800][77696102ms] GC(25612) Old regions: 1458->1458
[2023-11-10T12:08:12.470-0800][77696102ms] GC(25612) Humongous regions: 5->5
[2023-11-10T12:08:12.470-0800][77696102ms] GC(25612) Metaspace: 305043K->305043K(1349632K)
[2023-11-10T12:08:12.470-0800][77696102ms] GC(25612) Pause Young (Normal) (G1 Evacuation Pause) 3233M->2925M(3602M) 4.996ms
[2023-11-10T12:08:12.471-0800][77696103ms] GC(25612) User=0.00s Sys=0.00s Real=0.01s
[2023-11-10T12:08:12.782-0800][77696414ms] GC(25613) Pause Young (Normal) (G1 Evacuation Pause)
[2023-11-10T12:08:12.783-0800][77696415ms] GC(25613) Using 10 workers of 10 for evacuation
[2023-11-10T12:08:12.788-0800][77696420ms] GC(25613)   Pre Evacuate Collection Set: 0.1ms
[2023-11-10T12:08:12.788-0800][77696420ms] GC(25613)   Evacuate Collection Set: 1.8ms
[2023-11-10T12:08:12.788-0800][77696420ms] GC(25613)   Post Evacuate Collection Set: 3.8ms
[2023-11-10T12:08:12.788-0800][77696420ms] GC(25613)   Other: 0.3ms
[2023-11-10T12:08:12.788-0800][77696420ms] GC(25613) Eden regions: 154->0(154)
[2023-11-10T12:08:12.788-0800][77696420ms] GC(25613) Survivor regions: 1->1(20)
[2023-11-10T12:08:12.788-0800][77696420ms] GC(25613) Old regions: 1458->1458
[2023-11-10T12:08:12.788-0800][77696420ms] GC(25613) Humongous regions: 5->5
[2023-11-10T12:08:12.788-0800][77696420ms] GC(25613) Metaspace: 305043K->305043K(1349632K)
[2023-11-10T12:08:12.788-0800][77696420ms] GC(25613) Pause Young (Normal) (G1 Evacuation Pause) 3233M->2925M(3602M) 6.115ms
[2023-11-10T12:08:12.788-0800][77696420ms] GC(25613) User=0.02s Sys=0.00s Real=0.01s
[2023-11-10T12:08:13.142-0800][77696774ms] GC(25614) Pause Young (Normal) (G1 Evacuation Pause)
[2023-11-10T12:08:13.142-0800][77696774ms] GC(25614) Using 10 workers of 10 for evacuation
[2023-11-10T12:08:13.147-0800][77696779ms] GC(25614)   Pre Evacuate Collection Set: 0.0ms
[2023-11-10T12:08:13.147-0800][77696779ms] GC(25614)   Evacuate Collection Set: 1.8ms
[2023-11-10T12:08:13.147-0800][77696779ms] GC(25614)   Post Evacuate Collection Set: 3.3ms
[2023-11-10T12:08:13.147-0800][77696779ms] GC(25614)   Other: 0.3ms
[2023-11-10T12:08:13.147-0800][77696779ms] GC(25614) Eden regions: 154->0(154)
[2023-11-10T12:08:13.147-0800][77696779ms] GC(25614) Survivor regions: 1->1(20)
[2023-11-10T12:08:13.147-0800][77696779ms] GC(25614) Old regions: 1458->1458
[2023-11-10T12:08:13.147-0800][77696779ms] GC(25614) Humongous regions: 5->5
[2023-11-10T12:08:13.147-0800][77696779ms] GC(25614) Metaspace: 305043K->305043K(1349632K)
[2023-11-10T12:08:13.147-0800][77696779ms] GC(25614) Pause Young (Normal) (G1 Evacuation Pause) 3233M->2925M(3602M) 5.597ms
[2023-11-10T12:08:13.147-0800][77696779ms] GC(25614) User=0.00s Sys=0.00s Real=0.01s
[2023-11-10T12:08:13.507-0800][77697139ms] GC(25615) Pause Young (Normal) (G1 Evacuation Pause)
[2023-11-10T12:08:13.507-0800][77697139ms] GC(25615) Using 10 workers of 10 for evacuation
[2023-11-10T12:08:13.512-0800][77697144ms] GC(25615)   Pre Evacuate Collection Set: 0.0ms
[2023-11-10T12:08:13.512-0800][77697144ms] GC(25615)   Evacuate Collection Set: 1.7ms
[2023-11-10T12:08:13.512-0800][77697144ms] GC(25615)   Post Evacuate Collection Set: 3.1ms
[2023-11-10T12:08:13.512-0800][77697144ms] GC(25615)   Other: 0.2ms
[2023-11-10T12:08:13.512-0800][77697144ms] GC(25615) Eden regions: 154->0(154)
[2023-11-10T12:08:13.512-0800][77697144ms] GC(25615) Survivor regions: 1->1(20)
[2023-11-10T12:08:13.512-0800][77697144ms] GC(25615) Old regions: 1458->1458
[2023-11-10T12:08:13.512-0800][77697144ms] GC(25615) Humongous regions: 5->5
[2023-11-10T12:08:13.512-0800][77697144ms] GC(25615) Metaspace: 305043K->305043K(1349632K)
[2023-11-10T12:08:13.512-0800][77697144ms] GC(25615) Pause Young (Normal) (G1 Evacuation Pause) 3233M->2925M(3602M) 5.173ms
[2023-11-10T12:08:13.512-0800][77697144ms] GC(25615) User=0.00s Sys=0.00s Real=0.01s
[2023-11-10T12:08:13.872-0800][77697504ms] GC(25616) Pause Young (Normal) (G1 Evacuation Pause)
[2023-11-10T12:08:13.872-0800][77697504ms] GC(25616) Using 10 workers of 10 for evacuation
[2023-11-10T12:08:13.877-0800][77697509ms] GC(25616)   Pre Evacuate Collection Set: 0.0ms
[2023-11-10T12:08:13.877-0800][77697509ms] GC(25616)   Evacuate Collection Set: 1.7ms
[2023-11-10T12:08:13.877-0800][77697509ms] GC(25616)   Post Evacuate Collection Set: 3.3ms
[2023-11-10T12:08:13.877-0800][77697509ms] GC(25616)   Other: 0.3ms
[2023-11-10T12:08:13.877-0800][77697509ms] GC(25616) Eden regions: 154->0(154)
[2023-11-10T12:08:13.877-0800][77697509ms] GC(25616) Survivor regions: 1->1(20)
[2023-11-10T12:08:13.877-0800][77697509ms] GC(25616) Old regions: 1458->1458
[2023-11-10T12:08:13.877-0800][77697509ms] GC(25616) Humongous regions: 5->5
[2023-11-10T12:08:13.877-0800][77697509ms] GC(25616) Metaspace: 305043K->305043K(1349632K)
[2023-11-10T12:08:13.877-0800][77697509ms] GC(25616) Pause Young (Normal) (G1 Evacuation Pause) 3233M->2925M(3602M) 5.326ms
[2023-11-10T12:08:13.877-0800][77697509ms] GC(25616) User=0.00s Sys=0.00s Real=0.01s
[2023-11-10T12:08:14.195-0800][77697827ms] GC(25617) Pause Young (Normal) (G1 Evacuation Pause)
[2023-11-10T12:08:14.195-0800][77697827ms] GC(25617) Using 10 workers of 10 for evacuation
[2023-11-10T12:08:14.200-0800][77697832ms] GC(25617)   Pre Evacuate Collection Set: 0.1ms
[2023-11-10T12:08:14.200-0800][77697832ms] GC(25617)   Evacuate Collection Set: 1.7ms
[2023-11-10T12:08:14.200-0800][77697832ms] GC(25617)   Post Evacuate Collection Set: 3.1ms
[2023-11-10T12:08:14.200-0800][77697832ms] GC(25617)   Other: 0.3ms
[2023-11-10T12:08:14.200-0800][77697832ms] GC(25617) Eden regions: 154->0(154)
[2023-11-10T12:08:14.200-0800][77697832ms] GC(25617) Survivor regions: 1->1(20)
[2023-11-10T12:08:14.200-0800][77697832ms] GC(25617) Old regions: 1458->1458
[2023-11-10T12:08:14.200-0800][77697832ms] GC(25617) Humongous regions: 5->5
[2023-11-10T12:08:14.200-0800][77697832ms] GC(25617) Metaspace: 305043K->305043K(1349632K)
[2023-11-10T12:08:14.200-0800][77697832ms] GC(25617) Pause Young (Normal) (G1 Evacuation Pause) 3233M->2925M(3602M) 5.305ms
[2023-11-10T12:08:14.200-0800][77697832ms] GC(25617) User=0.00s Sys=0.00s Real=0.01s
[2023-11-10T12:08:14.562-0800][77698194ms] GC(25618) Pause Young (Normal) (G1 Evacuation Pause)
[2023-11-10T12:08:14.562-0800][77698194ms] GC(25618) Using 10 workers of 10 for evacuation
[2023-11-10T12:08:14.567-0800][77698199ms] GC(25618)   Pre Evacuate Collection Set: 0.0ms
[2023-11-10T12:08:14.567-0800][77698199ms] GC(25618)   Evacuate Collection Set: 1.6ms
[2023-11-10T12:08:14.567-0800][77698199ms] GC(25618)   Post Evacuate Collection Set: 3.0ms
[2023-11-10T12:08:14.567-0800][77698199ms] GC(25618)   Other: 0.2ms
[2023-11-10T12:08:14.567-0800][77698199ms] GC(25618) Eden regions: 154->0(154)
[2023-11-10T12:08:14.567-0800][77698199ms] GC(25618) Survivor regions: 1->1(20)
[2023-11-10T12:08:14.567-0800][77698199ms] GC(25618) Old regions: 1458->1458
[2023-11-10T12:08:14.567-0800][77698199ms] GC(25618) Humongous regions: 5->5
[2023-11-10T12:08:14.567-0800][77698199ms] GC(25618) Metaspace: 305043K->305043K(1349632K)
[2023-11-10T12:08:14.567-0800][77698199ms] GC(25618) Pause Young (Normal) (G1 Evacuation Pause) 3233M->2925M(3602M) 5.012ms
[2023-11-10T12:08:14.567-0800][77698199ms] GC(25618) User=0.00s Sys=0.00s Real=0.00s
[2023-11-10T12:08:15.036-0800][77698668ms] GC(25619) Pause Young (Normal) (G1 Evacuation Pause)
[2023-11-10T12:08:15.036-0800][77698668ms] GC(25619) Using 10 workers of 10 for evacuation
[2023-11-10T12:08:15.041-0800][77698673ms] GC(25619)   Pre Evacuate Collection Set: 0.0ms
[2023-11-10T12:08:15.041-0800][77698673ms] GC(25619)   Evacuate Collection Set: 1.6ms
[2023-11-10T12:08:15.041-0800][77698673ms] GC(25619)   Post Evacuate Collection Set: 3.0ms
[2023-11-10T12:08:15.041-0800][77698673ms] GC(25619)   Other: 0.2ms
[2023-11-10T12:08:15.041-0800][77698673ms] GC(25619) Eden regions: 154->0(154)
[2023-11-10T12:08:15.041-0800][77698673ms] GC(25619) Survivor regions: 1->1(20)
[2023-11-10T12:08:15.041-0800][77698673ms] GC(25619) Old regions: 1458->1458
[2023-11-10T12:08:15.041-0800][77698673ms] GC(25619) Humongous regions: 5->5
[2023-11-10T12:08:15.041-0800][77698673ms] GC(25619) Metaspace: 305043K->305043K(1349632K)
[2023-11-10T12:08:15.041-0800][77698673ms] GC(25619) Pause Young (Normal) (G1 Evacuation Pause) 3233M->2925M(3602M) 5.046ms
[2023-11-10T12:08:15.041-0800][77698673ms] GC(25619) User=0.00s Sys=0.00s Real=0.00s
[2023-11-10T12:08:15.446-0800][77699078ms] GC(25620) Pause Young (Normal) (G1 Evacuation Pause)
[2023-11-10T12:08:15.446-0800][77699078ms] GC(25620) Using 10 workers of 10 for evacuation
[2023-11-10T12:08:15.452-0800][77699084ms] GC(25620)   Pre Evacuate Collection Set: 0.1ms
[2023-11-10T12:08:15.452-0800][77699084ms] GC(25620)   Evacuate Collection Set: 1.7ms
[2023-11-10T12:08:15.452-0800][77699084ms] GC(25620)   Post Evacuate Collection Set: 3.8ms
[2023-11-10T12:08:15.452-0800][77699084ms] GC(25620)   Other: 0.3ms
[2023-11-10T12:08:15.452-0800][77699084ms] GC(25620) Eden regions: 154->0(155)
[2023-11-10T12:08:15.452-0800][77699084ms] GC(25620) Survivor regions: 1->1(20)
[2023-11-10T12:08:15.452-0800][77699084ms] GC(25620) Old regions: 1458->1458
[2023-11-10T12:08:15.452-0800][77699084ms] GC(25620) Humongous regions: 5->5
[2023-11-10T12:08:15.452-0800][77699084ms] GC(25620) Metaspace: 305043K->305043K(1349632K)
[2023-11-10T12:08:15.452-0800][77699084ms] GC(25620) Pause Young (Normal) (G1 Evacuation Pause) 3233M->2925M(3602M) 5.941ms
[2023-11-10T12:08:15.452-0800][77699084ms] GC(25620) User=0.00s Sys=0.00s Real=0.01s
[2023-11-10T12:08:15.800-0800][77699432ms] GC(25621) Pause Young (Normal) (G1 Evacuation Pause)
[2023-11-10T12:08:15.800-0800][77699432ms] GC(25621) Using 10 workers of 10 for evacuation
[2023-11-10T12:08:15.806-0800][77699438ms] GC(25621)   Pre Evacuate Collection Set: 0.1ms
[2023-11-10T12:08:15.806-0800][77699438ms] GC(25621)   Evacuate Collection Set: 1.7ms
[2023-11-10T12:08:15.806-0800][77699438ms] GC(25621)   Post Evacuate Collection Set: 3.7ms
[2023-11-10T12:08:15.806-0800][77699438ms] GC(25621)   Other: 0.3ms
[2023-11-10T12:08:15.806-0800][77699438ms] GC(25621) Eden regions: 155->0(155)
[2023-11-10T12:08:15.806-0800][77699438ms] GC(25621) Survivor regions: 1->1(20)
[2023-11-10T12:08:15.806-0800][77699438ms] GC(25621) Old regions: 1458->1458
[2023-11-10T12:08:15.806-0800][77699438ms] GC(25621) Humongous regions: 5->5
[2023-11-10T12:08:15.806-0800][77699438ms] GC(25621) Metaspace: 305043K->305043K(1349632K)
[2023-11-10T12:08:15.806-0800][77699438ms] GC(25621) Pause Young (Normal) (G1 Evacuation Pause) 3235M->2925M(3602M) 5.868ms
[2023-11-10T12:08:15.806-0800][77699438ms] GC(25621) User=0.00s Sys=0.00s Real=0.01s
[2023-11-10T12:08:16.132-0800][77699764ms] GC(25622) Pause Young (Normal) (G1 Evacuation Pause)
[2023-11-10T12:08:16.132-0800][77699764ms] GC(25622) Using 10 workers of 10 for evacuation
[2023-11-10T12:08:16.136-0800][77699768ms] GC(25622)   Pre Evacuate Collection Set: 0.0ms
[2023-11-10T12:08:16.136-0800][77699768ms] GC(25622)   Evacuate Collection Set: 1.7ms
[2023-11-10T12:08:16.136-0800][77699768ms] GC(25622)   Post Evacuate Collection Set: 3.0ms
[2023-11-10T12:08:16.136-0800][77699768ms] GC(25622)   Other: 0.2ms
[2023-11-10T12:08:16.136-0800][77699768ms] GC(25622) Eden regions: 155->0(155)
[2023-11-10T12:08:16.136-0800][77699768ms] GC(25622) Survivor regions: 1->1(20)
[2023-11-10T12:08:16.136-0800][77699768ms] GC(25622) Old regions: 1458->1458
[2023-11-10T12:08:16.136-0800][77699768ms] GC(25622) Humongous regions: 5->5
[2023-11-10T12:08:16.136-0800][77699768ms] GC(25622) Metaspace: 305043K->305043K(1349632K)
[2023-11-10T12:08:16.136-0800][77699768ms] GC(25622) Pause Young (Normal) (G1 Evacuation Pause) 3235M->2925M(3602M) 5.026ms
[2023-11-10T12:08:16.136-0800][77699768ms] GC(25622) User=0.06s Sys=0.00s Real=0.00s
[2023-11-10T12:08:16.500-0800][77700132ms] GC(25623) Pause Young (Normal) (G1 Evacuation Pause)
[2023-11-10T12:08:16.500-0800][77700132ms] GC(25623) Using 10 workers of 10 for evacuation
[2023-11-10T12:08:16.508-0800][77700140ms] GC(25623)   Pre Evacuate Collection Set: 0.1ms
[2023-11-10T12:08:16.508-0800][77700140ms] GC(25623)   Evacuate Collection Set: 2.1ms
[2023-11-10T12:08:16.508-0800][77700140ms] GC(25623)   Post Evacuate Collection Set: 5.2ms
[2023-11-10T12:08:16.508-0800][77700140ms] GC(25623)   Other: 0.3ms
[2023-11-10T12:08:16.508-0800][77700140ms] GC(25623) Eden regions: 155->0(155)
[2023-11-10T12:08:16.508-0800][77700140ms] GC(25623) Survivor regions: 1->1(20)
[2023-11-10T12:08:16.508-0800][77700140ms] GC(25623) Old regions: 1458->1458
[2023-11-10T12:08:16.508-0800][77700140ms] GC(25623) Humongous regions: 5->5
[2023-11-10T12:08:16.508-0800][77700140ms] GC(25623) Metaspace: 305043K->305043K(1349632K)
[2023-11-10T12:08:16.508-0800][77700140ms] GC(25623) Pause Young (Normal) (G1 Evacuation Pause) 3235M->2925M(3602M) 7.825ms
[2023-11-10T12:08:16.508-0800][77700140ms] GC(25623) User=0.00s Sys=0.00s Real=0.01s
[2023-11-10T12:08:17.030-0800][77700662ms] GC(25624) Pause Young (Normal) (G1 Evacuation Pause)
[2023-11-10T12:08:17.030-0800][77700662ms] GC(25624) Using 10 workers of 10 for evacuation
[2023-11-10T12:08:17.035-0800][77700667ms] GC(25624)   Pre Evacuate Collection Set: 0.0ms
[2023-11-10T12:08:17.035-0800][77700667ms] GC(25624)   Evacuate Collection Set: 1.8ms
[2023-11-10T12:08:17.035-0800][77700667ms] GC(25624)   Post Evacuate Collection Set: 3.2ms
[2023-11-10T12:08:17.035-0800][77700667ms] GC(25624)   Other: 0.3ms
[2023-11-10T12:08:17.035-0800][77700667ms] GC(25624) Eden regions: 155->0(155)
[2023-11-10T12:08:17.035-0800][77700667ms] GC(25624) Survivor regions: 1->1(20)
[2023-11-10T12:08:17.035-0800][77700667ms] GC(25624) Old regions: 1458->1458
[2023-11-10T12:08:17.035-0800][77700667ms] GC(25624) Humongous regions: 5->5
[2023-11-10T12:08:17.035-0800][77700667ms] GC(25624) Metaspace: 305043K->305043K(1349632K)
[2023-11-10T12:08:17.035-0800][77700667ms] GC(25624) Pause Young (Normal) (G1 Evacuation Pause) 3235M->2925M(3602M) 5.412ms
[2023-11-10T12:08:17.035-0800][77700667ms] GC(25624) User=0.00s Sys=0.00s Real=0.01s
[2023-11-10T12:08:17.345-0800][77700977ms] GC(25625) Pause Young (Normal) (G1 Evacuation Pause)
[2023-11-10T12:08:17.345-0800][77700977ms] GC(25625) Using 10 workers of 10 for evacuation
[2023-11-10T12:08:17.350-0800][77700982ms] GC(25625)   Pre Evacuate Collection Set: 0.0ms
[2023-11-10T12:08:17.350-0800][77700982ms] GC(25625)   Evacuate Collection Set: 1.7ms
[2023-11-10T12:08:17.350-0800][77700982ms] GC(25625)   Post Evacuate Collection Set: 2.9ms
[2023-11-10T12:08:17.350-0800][77700982ms] GC(25625)   Other: 0.3ms
[2023-11-10T12:08:17.350-0800][77700982ms] GC(25625) Eden regions: 155->0(155)
[2023-11-10T12:08:17.350-0800][77700982ms] GC(25625) Survivor regions: 1->1(20)
[2023-11-10T12:08:17.350-0800][77700982ms] GC(25625) Old regions: 1458->1458
[2023-11-10T12:08:17.350-0800][77700982ms] GC(25625) Humongous regions: 5->5
[2023-11-10T12:08:17.350-0800][77700982ms] GC(25625) Metaspace: 305043K->305043K(1349632K)
[2023-11-10T12:08:17.350-0800][77700982ms] GC(25625) Pause Young (Normal) (G1 Evacuation Pause) 3235M->2925M(3602M) 5.045ms
[2023-11-10T12:08:17.350-0800][77700982ms] GC(25625) User=0.00s Sys=0.00s Real=0.00s
[2023-11-10T12:08:17.722-0800][77701354ms] GC(25626) Pause Young (Normal) (G1 Evacuation Pause)
[2023-11-10T12:08:17.722-0800][77701354ms] GC(25626) Using 10 workers of 10 for evacuation
[2023-11-10T12:08:17.728-0800][77701360ms] GC(25626)   Pre Evacuate Collection Set: 0.0ms
[2023-11-10T12:08:17.728-0800][77701360ms] GC(25626)   Evacuate Collection Set: 1.7ms
[2023-11-10T12:08:17.728-0800][77701360ms] GC(25626)   Post Evacuate Collection Set: 3.1ms
[2023-11-10T12:08:17.728-0800][77701360ms] GC(25626)   Other: 0.3ms
[2023-11-10T12:08:17.728-0800][77701360ms] GC(25626) Eden regions: 155->0(155)
[2023-11-10T12:08:17.728-0800][77701360ms] GC(25626) Survivor regions: 1->1(20)
[2023-11-10T12:08:17.728-0800][77701360ms] GC(25626) Old regions: 1458->1458
[2023-11-10T12:08:17.728-0800][77701360ms] GC(25626) Humongous regions: 5->5
[2023-11-10T12:08:17.728-0800][77701360ms] GC(25626) Metaspace: 305043K->305043K(1349632K)
[2023-11-10T12:08:17.728-0800][77701360ms] GC(25626) Pause Young (Normal) (G1 Evacuation Pause) 3235M->2925M(3602M) 5.181ms
[2023-11-10T12:08:17.728-0800][77701360ms] GC(25626) User=0.00s Sys=0.00s Real=0.01s
[2023-11-10T12:08:18.058-0800][77701690ms] GC(25627) Pause Young (Normal) (G1 Evacuation Pause)
[2023-11-10T12:08:18.059-0800][77701691ms] GC(25627) Using 10 workers of 10 for evacuation
[2023-11-10T12:08:18.063-0800][77701695ms] GC(25627)   Pre Evacuate Collection Set: 0.1ms
[2023-11-10T12:08:18.063-0800][77701695ms] GC(25627)   Evacuate Collection Set: 1.6ms
[2023-11-10T12:08:18.063-0800][77701695ms] GC(25627)   Post Evacuate Collection Set: 3.1ms
[2023-11-10T12:08:18.063-0800][77701695ms] GC(25627)   Other: 0.3ms
[2023-11-10T12:08:18.063-0800][77701695ms] GC(25627) Eden regions: 155->0(155)
[2023-11-10T12:08:18.063-0800][77701695ms] GC(25627) Survivor regions: 1->1(20)
[2023-11-10T12:08:18.063-0800][77701695ms] GC(25627) Old regions: 1458->1458
[2023-11-10T12:08:18.063-0800][77701695ms] GC(25627) Humongous regions: 5->5
[2023-11-10T12:08:18.063-0800][77701695ms] GC(25627) Metaspace: 305043K->305043K(1349632K)
[2023-11-10T12:08:18.063-0800][77701695ms] GC(25627) Pause Young (Normal) (G1 Evacuation Pause) 3235M->2925M(3602M) 5.066ms
[2023-11-10T12:08:18.063-0800][77701695ms] GC(25627) User=0.00s Sys=0.00s Real=0.00s
[2023-11-10T12:08:18.402-0800][77702034ms] GC(25628) Pause Young (Normal) (G1 Evacuation Pause)
[2023-11-10T12:08:18.402-0800][77702034ms] GC(25628) Using 10 workers of 10 for evacuation
[2023-11-10T12:08:18.407-0800][77702039ms] GC(25628)   Pre Evacuate Collection Set: 0.1ms
[2023-11-10T12:08:18.407-0800][77702039ms] GC(25628)   Evacuate Collection Set: 1.6ms
[2023-11-10T12:08:18.407-0800][77702039ms] GC(25628)   Post Evacuate Collection Set: 3.1ms
[2023-11-10T12:08:18.407-0800][77702039ms] GC(25628)   Other: 0.3ms
[2023-11-10T12:08:18.407-0800][77702039ms] GC(25628) Eden regions: 155->0(155)
[2023-11-10T12:08:18.407-0800][77702039ms] GC(25628) Survivor regions: 1->1(20)
[2023-11-10T12:08:18.407-0800][77702039ms] GC(25628) Old regions: 1458->1458
[2023-11-10T12:08:18.407-0800][77702039ms] GC(25628) Humongous regions: 5->5
[2023-11-10T12:08:18.407-0800][77702039ms] GC(25628) Metaspace: 305043K->305043K(1349632K)
[2023-11-10T12:08:18.407-0800][77702039ms] GC(25628) Pause Young (Normal) (G1 Evacuation Pause) 3235M->2925M(3602M) 5.175ms
[2023-11-10T12:08:18.407-0800][77702039ms] GC(25628) User=0.00s Sys=0.00s Real=0.01s
[2023-11-10T12:08:18.803-0800][77702435ms] GC(25629) Pause Young (Normal) (G1 Evacuation Pause)
[2023-11-10T12:08:18.803-0800][77702435ms] GC(25629) Using 10 workers of 10 for evacuation
[2023-11-10T12:08:18.809-0800][77702441ms] GC(25629)   Pre Evacuate Collection Set: 0.0ms
[2023-11-10T12:08:18.809-0800][77702441ms] GC(25629)   Evacuate Collection Set: 2.3ms
[2023-11-10T12:08:18.809-0800][77702441ms] GC(25629)   Post Evacuate Collection Set: 3.1ms
[2023-11-10T12:08:18.809-0800][77702441ms] GC(25629)   Other: 0.3ms
[2023-11-10T12:08:18.809-0800][77702441ms] GC(25629) Eden regions: 155->0(155)
[2023-11-10T12:08:18.809-0800][77702441ms] GC(25629) Survivor regions: 1->1(20)
[2023-11-10T12:08:18.809-0800][77702441ms] GC(25629) Old regions: 1458->1458
[2023-11-10T12:08:18.809-0800][77702441ms] GC(25629) Humongous regions: 5->5
[2023-11-10T12:08:18.809-0800][77702441ms] GC(25629) Metaspace: 305043K->305043K(1349632K)
[2023-11-10T12:08:18.809-0800][77702441ms] GC(25629) Pause Young (Normal) (G1 Evacuation Pause) 3235M->2925M(3602M) 5.865ms
[2023-11-10T12:08:18.809-0800][77702441ms] GC(25629) User=0.06s Sys=0.00s Real=0.01s
[2023-11-10T12:08:19.169-0800][77702801ms] GC(25630) Pause Young (Normal) (G1 Evacuation Pause)
[2023-11-10T12:08:19.169-0800][77702801ms] GC(25630) Using 10 workers of 10 for evacuation
[2023-11-10T12:08:19.173-0800][77702805ms] GC(25630)   Pre Evacuate Collection Set: 0.0ms
[2023-11-10T12:08:19.174-0800][77702806ms] GC(25630)   Evacuate Collection Set: 1.7ms
[2023-11-10T12:08:19.174-0800][77702806ms] GC(25630)   Post Evacuate Collection Set: 3.1ms
[2023-11-10T12:08:19.174-0800][77702806ms] GC(25630)   Other: 0.2ms
[2023-11-10T12:08:19.174-0800][77702806ms] GC(25630) Eden regions: 155->0(155)
[2023-11-10T12:08:19.174-0800][77702806ms] GC(25630) Survivor regions: 1->1(20)
[2023-11-10T12:08:19.174-0800][77702806ms] GC(25630) Old regions: 1458->1458
[2023-11-10T12:08:19.174-0800][77702806ms] GC(25630) Humongous regions: 5->5
[2023-11-10T12:08:19.174-0800][77702806ms] GC(25630) Metaspace: 305043K->305043K(1349632K)
[2023-11-10T12:08:19.174-0800][77702806ms] GC(25630) Pause Young (Normal) (G1 Evacuation Pause) 3235M->2925M(3602M) 5.184ms
[2023-11-10T12:08:19.174-0800][77702806ms] GC(25630) User=0.00s Sys=0.00s Real=0.01s
[2023-11-10T12:08:19.561-0800][77703193ms] GC(25631) Pause Young (Normal) (G1 Evacuation Pause)
[2023-11-10T12:08:19.561-0800][77703193ms] GC(25631) Using 10 workers of 10 for evacuation
[2023-11-10T12:08:19.566-0800][77703198ms] GC(25631)   Pre Evacuate Collection Set: 0.0ms
[2023-11-10T12:08:19.566-0800][77703198ms] GC(25631)   Evacuate Collection Set: 1.7ms
[2023-11-10T12:08:19.566-0800][77703198ms] GC(25631)   Post Evacuate Collection Set: 3.0ms
[2023-11-10T12:08:19.566-0800][77703198ms] GC(25631)   Other: 0.3ms
[2023-11-10T12:08:19.566-0800][77703198ms] GC(25631) Eden regions: 155->0(155)
[2023-11-10T12:08:19.566-0800][77703198ms] GC(25631) Survivor regions: 1->1(20)
[2023-11-10T12:08:19.566-0800][77703198ms] GC(25631) Old regions: 1458->1458
[2023-11-10T12:08:19.566-0800][77703198ms] GC(25631) Humongous regions: 5->5
[2023-11-10T12:08:19.566-0800][77703198ms] GC(25631) Metaspace: 305043K->305043K(1349632K)
[2023-11-10T12:08:19.566-0800][77703198ms] GC(25631) Pause Young (Normal) (G1 Evacuation Pause) 3235M->2925M(3602M) 5.074ms
[2023-11-10T12:08:19.566-0800][77703198ms] GC(25631) User=0.00s Sys=0.00s Real=0.00s
[2023-11-10T12:08:19.992-0800][77703624ms] GC(25632) Pause Young (Normal) (G1 Evacuation Pause)
[2023-11-10T12:08:19.992-0800][77703624ms] GC(25632) Using 10 workers of 10 for evacuation
[2023-11-10T12:08:19.997-0800][77703629ms] GC(25632)   Pre Evacuate Collection Set: 0.1ms
[2023-11-10T12:08:19.997-0800][77703629ms] GC(25632)   Evacuate Collection Set: 1.6ms
[2023-11-10T12:08:19.997-0800][77703629ms] GC(25632)   Post Evacuate Collection Set: 3.0ms
[2023-11-10T12:08:19.997-0800][77703629ms] GC(25632)   Other: 0.2ms
[2023-11-10T12:08:19.997-0800][77703629ms] GC(25632) Eden regions: 155->0(155)
[2023-11-10T12:08:19.997-0800][77703629ms] GC(25632) Survivor regions: 1->1(20)
[2023-11-10T12:08:19.997-0800][77703629ms] GC(25632) Old regions: 1458->1458
[2023-11-10T12:08:19.997-0800][77703629ms] GC(25632) Humongous regions: 5->5
[2023-11-10T12:08:19.997-0800][77703629ms] GC(25632) Metaspace: 305043K->305043K(1349632K)
[2023-11-10T12:08:19.997-0800][77703629ms] GC(25632) Pause Young (Normal) (G1 Evacuation Pause) 3235M->2925M(3602M) 5.081ms
[2023-11-10T12:08:19.997-0800][77703629ms] GC(25632) User=0.00s Sys=0.00s Real=0.00s
[2023-11-10T12:08:20.371-0800][77704003ms] GC(25633) Pause Young (Normal) (G1 Evacuation Pause)
[2023-11-10T12:08:20.371-0800][77704003ms] GC(25633) Using 10 workers of 10 for evacuation
[2023-11-10T12:08:20.376-0800][77704008ms] GC(25633)   Pre Evacuate Collection Set: 0.0ms
[2023-11-10T12:08:20.376-0800][77704008ms] GC(25633)   Evacuate Collection Set: 1.6ms
[2023-11-10T12:08:20.376-0800][77704008ms] GC(25633)   Post Evacuate Collection Set: 3.2ms
[2023-11-10T12:08:20.376-0800][77704008ms] GC(25633)   Other: 0.2ms
[2023-11-10T12:08:20.376-0800][77704008ms] GC(25633) Eden regions: 155->0(155)
[2023-11-10T12:08:20.376-0800][77704008ms] GC(25633) Survivor regions: 1->1(20)
[2023-11-10T12:08:20.376-0800][77704008ms] GC(25633) Old regions: 1458->1458
[2023-11-10T12:08:20.376-0800][77704008ms] GC(25633) Humongous regions: 5->5
[2023-11-10T12:08:20.376-0800][77704008ms] GC(25633) Metaspace: 305043K->305043K(1349632K)
[2023-11-10T12:08:20.376-0800][77704008ms] GC(25633) Pause Young (Normal) (G1 Evacuation Pause) 3235M->2925M(3602M) 5.253ms
[2023-11-10T12:08:20.376-0800][77704008ms] GC(25633) User=0.00s Sys=0.00s Real=0.00s
[2023-11-10T12:08:20.739-0800][77704371ms] GC(25634) Pause Young (Normal) (G1 Evacuation Pause)
[2023-11-10T12:08:20.739-0800][77704371ms] GC(25634) Using 10 workers of 10 for evacuation
[2023-11-10T12:08:20.744-0800][77704376ms] GC(25634)   Pre Evacuate Collection Set: 0.0ms
[2023-11-10T12:08:20.744-0800][77704376ms] GC(25634)   Evacuate Collection Set: 1.6ms
[2023-11-10T12:08:20.744-0800][77704376ms] GC(25634)   Post Evacuate Collection Set: 3.4ms
[2023-11-10T12:08:20.744-0800][77704376ms] GC(25634)   Other: 0.3ms
[2023-11-10T12:08:20.744-0800][77704376ms] GC(25634) Eden regions: 155->0(155)
[2023-11-10T12:08:20.744-0800][77704376ms] GC(25634) Survivor regions: 1->1(20)
[2023-11-10T12:08:20.744-0800][77704376ms] GC(25634) Old regions: 1458->1458
[2023-11-10T12:08:20.744-0800][77704376ms] GC(25634) Humongous regions: 5->5
[2023-11-10T12:08:20.744-0800][77704376ms] GC(25634) Metaspace: 305043K->305043K(1349632K)
[2023-11-10T12:08:20.744-0800][77704376ms] GC(25634) Pause Young (Normal) (G1 Evacuation Pause) 3235M->2925M(3602M) 5.397ms
[2023-11-10T12:08:20.744-0800][77704376ms] GC(25634) User=0.02s Sys=0.00s Real=0.00s
[2023-11-10T12:08:21.144-0800][77704776ms] GC(25635) Pause Young (Normal) (G1 Evacuation Pause)
[2023-11-10T12:08:21.144-0800][77704776ms] GC(25635) Using 10 workers of 10 for evacuation
[2023-11-10T12:08:21.149-0800][77704781ms] GC(25635)   Pre Evacuate Collection Set: 0.0ms
[2023-11-10T12:08:21.149-0800][77704781ms] GC(25635)   Evacuate Collection Set: 1.7ms
[2023-11-10T12:08:21.149-0800][77704781ms] GC(25635)   Post Evacuate Collection Set: 3.1ms
[2023-11-10T12:08:21.149-0800][77704781ms] GC(25635)   Other: 0.3ms
[2023-11-10T12:08:21.149-0800][77704781ms] GC(25635) Eden regions: 155->0(155)
[2023-11-10T12:08:21.149-0800][77704781ms] GC(25635) Survivor regions: 1->1(20)
[2023-11-10T12:08:21.149-0800][77704781ms] GC(25635) Old regions: 1458->1458
[2023-11-10T12:08:21.149-0800][77704781ms] GC(25635) Humongous regions: 5->5
[2023-11-10T12:08:21.149-0800][77704781ms] GC(25635) Metaspace: 305043K->305043K(1349632K)
[2023-11-10T12:08:21.149-0800][77704781ms] GC(25635) Pause Young (Normal) (G1 Evacuation Pause) 3235M->2925M(3602M) 5.165ms
[2023-11-10T12:08:21.149-0800][77704781ms] GC(25635) User=0.02s Sys=0.00s Real=0.00s
[2023-11-10T12:08:21.499-0800][77705131ms] GC(25636) Pause Young (Normal) (G1 Evacuation Pause)
[2023-11-10T12:08:21.499-0800][77705131ms] GC(25636) Using 10 workers of 10 for evacuation
[2023-11-10T12:08:21.505-0800][77705137ms] GC(25636)   Pre Evacuate Collection Set: 0.1ms
[2023-11-10T12:08:21.505-0800][77705137ms] GC(25636)   Evacuate Collection Set: 1.6ms
[2023-11-10T12:08:21.505-0800][77705137ms] GC(25636)   Post Evacuate Collection Set: 3.1ms
[2023-11-10T12:08:21.505-0800][77705137ms] GC(25636)   Other: 0.3ms
[2023-11-10T12:08:21.505-0800][77705137ms] GC(25636) Eden regions: 155->0(155)
[2023-11-10T12:08:21.505-0800][77705137ms] GC(25636) Survivor regions: 1->1(20)
[2023-11-10T12:08:21.505-0800][77705137ms] GC(25636) Old regions: 1458->1458
[2023-11-10T12:08:21.505-0800][77705137ms] GC(25636) Humongous regions: 5->5
[2023-11-10T12:08:21.505-0800][77705137ms] GC(25636) Metaspace: 305043K->305043K(1349632K)
[2023-11-10T12:08:21.505-0800][77705137ms] GC(25636) Pause Young (Normal) (G1 Evacuation Pause) 3235M->2925M(3602M) 5.159ms
[2023-11-10T12:08:21.505-0800][77705137ms] GC(25636) User=0.00s Sys=0.00s Real=0.01s
[2023-11-10T12:08:21.888-0800][77705520ms] GC(25637) Pause Young (Normal) (G1 Evacuation Pause)
[2023-11-10T12:08:21.888-0800][77705520ms] GC(25637) Using 10 workers of 10 for evacuation
[2023-11-10T12:08:21.892-0800][77705524ms] GC(25637)   Pre Evacuate Collection Set: 0.0ms
[2023-11-10T12:08:21.892-0800][77705524ms] GC(25637)   Evacuate Collection Set: 1.7ms
[2023-11-10T12:08:21.892-0800][77705524ms] GC(25637)   Post Evacuate Collection Set: 3.2ms
[2023-11-10T12:08:21.892-0800][77705524ms] GC(25637)   Other: 0.3ms
[2023-11-10T12:08:21.892-0800][77705524ms] GC(25637) Eden regions: 155->0(155)
[2023-11-10T12:08:21.892-0800][77705524ms] GC(25637) Survivor regions: 1->1(20)
[2023-11-10T12:08:21.892-0800][77705524ms] GC(25637) Old regions: 1458->1458
[2023-11-10T12:08:21.892-0800][77705524ms] GC(25637) Humongous regions: 5->5
[2023-11-10T12:08:21.892-0800][77705524ms] GC(25637) Metaspace: 305043K->305043K(1349632K)
[2023-11-10T12:08:21.893-0800][77705525ms] GC(25637) Pause Young (Normal) (G1 Evacuation Pause) 3235M->2925M(3602M) 5.277ms
[2023-11-10T12:08:21.893-0800][77705525ms] GC(25637) User=0.00s Sys=0.00s Real=0.00s
[2023-11-10T12:08:22.314-0800][77705946ms] GC(25638) Pause Young (Normal) (G1 Evacuation Pause)
[2023-11-10T12:08:22.314-0800][77705946ms] GC(25638) Using 10 workers of 10 for evacuation
[2023-11-10T12:08:22.319-0800][77705951ms] GC(25638)   Pre Evacuate Collection Set: 0.0ms
[2023-11-10T12:08:22.319-0800][77705951ms] GC(25638)   Evacuate Collection Set: 2.1ms
[2023-11-10T12:08:22.319-0800][77705952ms] GC(25638)   Post Evacuate Collection Set: 3.6ms
[2023-11-10T12:08:22.320-0800][77705952ms] GC(25638)   Other: 0.3ms
[2023-11-10T12:08:22.320-0800][77705952ms] GC(25638) Eden regions: 155->0(155)
[2023-11-10T12:08:22.320-0800][77705952ms] GC(25638) Survivor regions: 1->1(20)
[2023-11-10T12:08:22.320-0800][77705952ms] GC(25638) Old regions: 1458->1458
[2023-11-10T12:08:22.320-0800][77705952ms] GC(25638) Humongous regions: 5->5
[2023-11-10T12:08:22.320-0800][77705952ms] GC(25638) Metaspace: 305043K->305043K(1349632K)
[2023-11-10T12:08:22.320-0800][77705952ms] GC(25638) Pause Young (Normal) (G1 Evacuation Pause) 3235M->2925M(3602M) 6.178ms
[2023-11-10T12:08:22.320-0800][77705952ms] GC(25638) User=0.00s Sys=0.00s Real=0.01s
[2023-11-10T12:08:22.709-0800][77706341ms] GC(25639) Pause Young (Normal) (G1 Evacuation Pause)
[2023-11-10T12:08:22.709-0800][77706341ms] GC(25639) Using 10 workers of 10 for evacuation
[2023-11-10T12:08:22.713-0800][77706345ms] GC(25639)   Pre Evacuate Collection Set: 0.0ms
[2023-11-10T12:08:22.713-0800][77706345ms] GC(25639)   Evacuate Collection Set: 1.6ms
[2023-11-10T12:08:22.713-0800][77706345ms] GC(25639)   Post Evacuate Collection Set: 3.0ms
[2023-11-10T12:08:22.713-0800][77706345ms] GC(25639)   Other: 0.3ms
[2023-11-10T12:08:22.713-0800][77706345ms] GC(25639) Eden regions: 155->0(155)
[2023-11-10T12:08:22.714-0800][77706346ms] GC(25639) Survivor regions: 1->1(20)
[2023-11-10T12:08:22.714-0800][77706346ms] GC(25639) Old regions: 1458->1458
[2023-11-10T12:08:22.714-0800][77706346ms] GC(25639) Humongous regions: 5->5
[2023-11-10T12:08:22.714-0800][77706346ms] GC(25639) Metaspace: 305043K->305043K(1349632K)
[2023-11-10T12:08:22.714-0800][77706346ms] GC(25639) Pause Young (Normal) (G1 Evacuation Pause) 3235M->2925M(3602M) 5.043ms
[2023-11-10T12:08:22.714-0800][77706346ms] GC(25639) User=0.03s Sys=0.00s Real=0.00s
[2023-11-10T12:08:23.109-0800][77706741ms] GC(25640) Pause Young (Normal) (G1 Evacuation Pause)
[2023-11-10T12:08:23.109-0800][77706741ms] GC(25640) Using 10 workers of 10 for evacuation
[2023-11-10T12:08:23.114-0800][77706746ms] GC(25640)   Pre Evacuate Collection Set: 0.0ms
[2023-11-10T12:08:23.114-0800][77706746ms] GC(25640)   Evacuate Collection Set: 1.7ms
[2023-11-10T12:08:23.114-0800][77706746ms] GC(25640)   Post Evacuate Collection Set: 3.0ms
[2023-11-10T12:08:23.114-0800][77706746ms] GC(25640)   Other: 0.2ms
[2023-11-10T12:08:23.114-0800][77706746ms] GC(25640) Eden regions: 155->0(155)
[2023-11-10T12:08:23.114-0800][77706746ms] GC(25640) Survivor regions: 1->1(20)
[2023-11-10T12:08:23.114-0800][77706746ms] GC(25640) Old regions: 1458->1458
[2023-11-10T12:08:23.114-0800][77706746ms] GC(25640) Humongous regions: 5->5
[2023-11-10T12:08:23.114-0800][77706746ms] GC(25640) Metaspace: 305043K->305043K(1349632K)
[2023-11-10T12:08:23.114-0800][77706746ms] GC(25640) Pause Young (Normal) (G1 Evacuation Pause) 3235M->2925M(3602M) 5.073ms
[2023-11-10T12:08:23.114-0800][77706746ms] GC(25640) User=0.00s Sys=0.00s Real=0.01s
[2023-11-10T12:08:23.471-0800][77707103ms] GC(25641) Pause Young (Normal) (G1 Evacuation Pause)
[2023-11-10T12:08:23.471-0800][77707103ms] GC(25641) Using 10 workers of 10 for evacuation
[2023-11-10T12:08:23.476-0800][77707108ms] GC(25641)   Pre Evacuate Collection Set: 0.0ms
[2023-11-10T12:08:23.476-0800][77707108ms] GC(25641)   Evacuate Collection Set: 1.6ms
[2023-11-10T12:08:23.476-0800][77707108ms] GC(25641)   Post Evacuate Collection Set: 3.2ms
[2023-11-10T12:08:23.476-0800][77707108ms] GC(25641)   Other: 0.3ms
[2023-11-10T12:08:23.476-0800][77707108ms] GC(25641) Eden regions: 155->0(155)
[2023-11-10T12:08:23.476-0800][77707108ms] GC(25641) Survivor regions: 1->1(20)
[2023-11-10T12:08:23.476-0800][77707108ms] GC(25641) Old regions: 1458->1458
[2023-11-10T12:08:23.476-0800][77707108ms] GC(25641) Humongous regions: 5->5
[2023-11-10T12:08:23.476-0800][77707108ms] GC(25641) Metaspace: 305043K->305043K(1349632K)
[2023-11-10T12:08:23.476-0800][77707108ms] GC(25641) Pause Young (Normal) (G1 Evacuation Pause) 3235M->2925M(3602M) 5.231ms
[2023-11-10T12:08:23.477-0800][77707109ms] GC(25641) User=0.00s Sys=0.00s Real=0.01s
[2023-11-10T12:08:23.845-0800][77707477ms] GC(25642) Pause Young (Normal) (G1 Evacuation Pause)
[2023-11-10T12:08:23.845-0800][77707477ms] GC(25642) Using 10 workers of 10 for evacuation
[2023-11-10T12:08:23.850-0800][77707482ms] GC(25642)   Pre Evacuate Collection Set: 0.0ms
[2023-11-10T12:08:23.850-0800][77707482ms] GC(25642)   Evacuate Collection Set: 1.7ms
[2023-11-10T12:08:23.850-0800][77707482ms] GC(25642)   Post Evacuate Collection Set: 3.2ms
[2023-11-10T12:08:23.850-0800][77707482ms] GC(25642)   Other: 0.3ms
[2023-11-10T12:08:23.850-0800][77707482ms] GC(25642) Eden regions: 155->0(155)
[2023-11-10T12:08:23.850-0800][77707482ms] GC(25642) Survivor regions: 1->1(20)
[2023-11-10T12:08:23.850-0800][77707482ms] GC(25642) Old regions: 1458->1458
[2023-11-10T12:08:23.850-0800][77707482ms] GC(25642) Humongous regions: 5->5
[2023-11-10T12:08:23.850-0800][77707482ms] GC(25642) Metaspace: 305043K->305043K(1349632K)
[2023-11-10T12:08:23.850-0800][77707482ms] GC(25642) Pause Young (Normal) (G1 Evacuation Pause) 3235M->2925M(3602M) 5.259ms
[2023-11-10T12:08:23.850-0800][77707482ms] GC(25642) User=0.00s Sys=0.00s Real=0.00s
[2023-11-10T12:08:24.214-0800][77707846ms] GC(25643) Pause Young (Normal) (G1 Evacuation Pause)
[2023-11-10T12:08:24.214-0800][77707846ms] GC(25643) Using 10 workers of 10 for evacuation
[2023-11-10T12:08:24.220-0800][77707852ms] GC(25643)   Pre Evacuate Collection Set: 0.0ms
[2023-11-10T12:08:24.220-0800][77707852ms] GC(25643)   Evacuate Collection Set: 2.1ms
[2023-11-10T12:08:24.220-0800][77707852ms] GC(25643)   Post Evacuate Collection Set: 3.1ms
[2023-11-10T12:08:24.220-0800][77707852ms] GC(25643)   Other: 0.3ms
[2023-11-10T12:08:24.220-0800][77707852ms] GC(25643) Eden regions: 155->0(155)
[2023-11-10T12:08:24.220-0800][77707852ms] GC(25643) Survivor regions: 1->1(20)
[2023-11-10T12:08:24.220-0800][77707852ms] GC(25643) Old regions: 1458->1458
[2023-11-10T12:08:24.220-0800][77707852ms] GC(25643) Humongous regions: 5->5
[2023-11-10T12:08:24.220-0800][77707852ms] GC(25643) Metaspace: 305043K->305043K(1349632K)
[2023-11-10T12:08:24.220-0800][77707852ms] GC(25643) Pause Young (Normal) (G1 Evacuation Pause) 3235M->2925M(3602M) 5.623ms
[2023-11-10T12:08:24.220-0800][77707852ms] GC(25643) User=0.00s Sys=0.00s Real=0.01s
[2023-11-10T12:08:24.580-0800][77708212ms] GC(25644) Pause Young (Normal) (G1 Evacuation Pause)
[2023-11-10T12:08:24.580-0800][77708212ms] GC(25644) Using 10 workers of 10 for evacuation
[2023-11-10T12:08:24.586-0800][77708218ms] GC(25644)   Pre Evacuate Collection Set: 0.0ms
[2023-11-10T12:08:24.586-0800][77708218ms] GC(25644)   Evacuate Collection Set: 1.9ms
[2023-11-10T12:08:24.586-0800][77708218ms] GC(25644)   Post Evacuate Collection Set: 4.7ms
[2023-11-10T12:08:24.586-0800][77708218ms] GC(25644)   Other: 0.3ms
[2023-11-10T12:08:24.586-0800][77708218ms] GC(25644) Eden regions: 155->0(155)
[2023-11-10T12:08:24.586-0800][77708218ms] GC(25644) Survivor regions: 1->1(20)
[2023-11-10T12:08:24.586-0800][77708218ms] GC(25644) Old regions: 1458->1458
[2023-11-10T12:08:24.586-0800][77708218ms] GC(25644) Humongous regions: 5->5
[2023-11-10T12:08:24.586-0800][77708218ms] GC(25644) Metaspace: 305043K->305043K(1349632K)
[2023-11-10T12:08:24.586-0800][77708218ms] GC(25644) Pause Young (Normal) (G1 Evacuation Pause) 3235M->2926M(3602M) 7.091ms
[2023-11-10T12:08:24.586-0800][77708218ms] GC(25644) User=0.02s Sys=0.00s Real=0.01s
[2023-11-10T12:08:25.047-0800][77708679ms] GC(25645) Pause Young (Normal) (GCLocker Initiated GC)
[2023-11-10T12:08:25.047-0800][77708679ms] GC(25645) Using 10 workers of 10 for evacuation
[2023-11-10T12:08:25.052-0800][77708684ms] GC(25645)   Pre Evacuate Collection Set: 0.0ms
[2023-11-10T12:08:25.052-0800][77708684ms] GC(25645)   Evacuate Collection Set: 1.8ms
[2023-11-10T12:08:25.052-0800][77708684ms] GC(25645)   Post Evacuate Collection Set: 3.1ms
[2023-11-10T12:08:25.052-0800][77708684ms] GC(25645)   Other: 0.3ms
[2023-11-10T12:08:25.052-0800][77708684ms] GC(25645) Eden regions: 155->0(155)
[2023-11-10T12:08:25.052-0800][77708684ms] GC(25645) Survivor regions: 1->1(20)
[2023-11-10T12:08:25.052-0800][77708684ms] GC(25645) Old regions: 1458->1458
[2023-11-10T12:08:25.052-0800][77708684ms] GC(25645) Humongous regions: 5->5
[2023-11-10T12:08:25.052-0800][77708684ms] GC(25645) Metaspace: 305043K->305043K(1349632K)
[2023-11-10T12:08:25.052-0800][77708684ms] GC(25645) Pause Young (Normal) (GCLocker Initiated GC) 3236M->2925M(3602M) 5.378ms
[2023-11-10T12:08:25.052-0800][77708684ms] GC(25645) User=0.00s Sys=0.00s Real=0.01s
[2023-11-10T12:08:25.440-0800][77709072ms] GC(25646) Pause Young (Normal) (GCLocker Initiated GC)
[2023-11-10T12:08:25.440-0800][77709072ms] GC(25646) Using 10 workers of 10 for evacuation
[2023-11-10T12:08:25.445-0800][77709077ms] GC(25646)   Pre Evacuate Collection Set: 0.0ms
[2023-11-10T12:08:25.445-0800][77709077ms] GC(25646)   Evacuate Collection Set: 1.6ms
[2023-11-10T12:08:25.445-0800][77709077ms] GC(25646)   Post Evacuate Collection Set: 3.1ms
[2023-11-10T12:08:25.445-0800][77709077ms] GC(25646)   Other: 0.2ms
[2023-11-10T12:08:25.445-0800][77709077ms] GC(25646) Eden regions: 155->0(155)
[2023-11-10T12:08:25.445-0800][77709077ms] GC(25646) Survivor regions: 1->1(20)
[2023-11-10T12:08:25.445-0800][77709077ms] GC(25646) Old regions: 1458->1458
[2023-11-10T12:08:25.445-0800][77709077ms] GC(25646) Humongous regions: 5->5
[2023-11-10T12:08:25.445-0800][77709077ms] GC(25646) Metaspace: 305043K->305043K(1349632K)
[2023-11-10T12:08:25.445-0800][77709077ms] GC(25646) Pause Young (Normal) (GCLocker Initiated GC) 3235M->2925M(3602M) 5.152ms
[2023-11-10T12:08:25.445-0800][77709077ms] GC(25646) User=0.02s Sys=0.00s Real=0.00s
[2023-11-10T12:08:25.789-0800][77709421ms] GC(25647) Pause Young (Normal) (GCLocker Initiated GC)
[2023-11-10T12:08:25.789-0800][77709421ms] GC(25647) Using 10 workers of 10 for evacuation
[2023-11-10T12:08:25.794-0800][77709426ms] GC(25647)   Pre Evacuate Collection Set: 0.0ms
[2023-11-10T12:08:25.794-0800][77709426ms] GC(25647)   Evacuate Collection Set: 1.6ms
[2023-11-10T12:08:25.794-0800][77709426ms] GC(25647)   Post Evacuate Collection Set: 2.8ms
[2023-11-10T12:08:25.794-0800][77709426ms] GC(25647)   Other: 0.2ms
[2023-11-10T12:08:25.794-0800][77709426ms] GC(25647) Eden regions: 156->0(155)
[2023-11-10T12:08:25.794-0800][77709426ms] GC(25647) Survivor regions: 1->1(20)
[2023-11-10T12:08:25.794-0800][77709426ms] GC(25647) Old regions: 1458->1458
[2023-11-10T12:08:25.794-0800][77709426ms] GC(25647) Humongous regions: 5->5
[2023-11-10T12:08:25.794-0800][77709426ms] GC(25647) Metaspace: 305043K->305043K(1349632K)
[2023-11-10T12:08:25.794-0800][77709426ms] GC(25647) Pause Young (Normal) (GCLocker Initiated GC) 3236M->2925M(3602M) 4.756ms
[2023-11-10T12:08:25.794-0800][77709426ms] GC(25647) User=0.00s Sys=0.00s Real=0.00s
[2023-11-10T12:08:26.168-0800][77709800ms] GC(25648) Pause Young (Normal) (G1 Evacuation Pause)
[2023-11-10T12:08:26.168-0800][77709800ms] GC(25648) Using 10 workers of 10 for evacuation
[2023-11-10T12:08:26.174-0800][77709806ms] GC(25648)   Pre Evacuate Collection Set: 0.0ms
[2023-11-10T12:08:26.174-0800][77709806ms] GC(25648)   Evacuate Collection Set: 1.7ms
[2023-11-10T12:08:26.174-0800][77709806ms] GC(25648)   Post Evacuate Collection Set: 3.1ms
[2023-11-10T12:08:26.174-0800][77709806ms] GC(25648)   Other: 0.2ms
[2023-11-10T12:08:26.174-0800][77709806ms] GC(25648) Eden regions: 155->0(155)
[2023-11-10T12:08:26.174-0800][77709806ms] GC(25648) Survivor regions: 1->1(20)
[2023-11-10T12:08:26.174-0800][77709806ms] GC(25648) Old regions: 1458->1458
[2023-11-10T12:08:26.174-0800][77709806ms] GC(25648) Humongous regions: 5->5
[2023-11-10T12:08:26.174-0800][77709806ms] GC(25648) Metaspace: 305043K->305043K(1349632K)
[2023-11-10T12:08:26.174-0800][77709806ms] GC(25648) Pause Young (Normal) (G1 Evacuation Pause) 3235M->2926M(3602M) 5.266ms
[2023-11-10T12:08:26.174-0800][77709806ms] GC(25648) User=0.00s Sys=0.00s Real=0.01s
[2023-11-10T12:08:26.525-0800][77710157ms] GC(25649) Pause Young (Normal) (GCLocker Initiated GC)
[2023-11-10T12:08:26.525-0800][77710157ms] GC(25649) Using 10 workers of 10 for evacuation
[2023-11-10T12:08:26.530-0800][77710162ms] GC(25649)   Pre Evacuate Collection Set: 0.0ms
[2023-11-10T12:08:26.530-0800][77710162ms] GC(25649)   Evacuate Collection Set: 1.7ms
[2023-11-10T12:08:26.530-0800][77710162ms] GC(25649)   Post Evacuate Collection Set: 3.1ms
[2023-11-10T12:08:26.530-0800][77710162ms] GC(25649)   Other: 0.3ms
[2023-11-10T12:08:26.530-0800][77710162ms] GC(25649) Eden regions: 155->0(155)
[2023-11-10T12:08:26.530-0800][77710162ms] GC(25649) Survivor regions: 1->1(20)
[2023-11-10T12:08:26.530-0800][77710162ms] GC(25649) Old regions: 1458->1458
[2023-11-10T12:08:26.530-0800][77710162ms] GC(25649) Humongous regions: 5->5
[2023-11-10T12:08:26.530-0800][77710162ms] GC(25649) Metaspace: 305043K->305043K(1349632K)
[2023-11-10T12:08:26.530-0800][77710162ms] GC(25649) Pause Young (Normal) (GCLocker Initiated GC) 3236M->2925M(3602M) 5.230ms
[2023-11-10T12:08:26.530-0800][77710162ms] GC(25649) User=0.00s Sys=0.00s Real=0.00s
[2023-11-10T12:08:26.894-0800][77710526ms] GC(25650) Pause Young (Normal) (G1 Evacuation Pause)
[2023-11-10T12:08:26.894-0800][77710526ms] GC(25650) Using 10 workers of 10 for evacuation
[2023-11-10T12:08:26.902-0800][77710534ms] GC(25650)   Pre Evacuate Collection Set: 0.0ms
[2023-11-10T12:08:26.902-0800][77710534ms] GC(25650)   Evacuate Collection Set: 1.8ms
[2023-11-10T12:08:26.902-0800][77710534ms] GC(25650)   Post Evacuate Collection Set: 4.5ms
[2023-11-10T12:08:26.902-0800][77710534ms] GC(25650)   Other: 0.3ms
[2023-11-10T12:08:26.902-0800][77710534ms] GC(25650) Eden regions: 155->0(155)
[2023-11-10T12:08:26.902-0800][77710534ms] GC(25650) Survivor regions: 1->1(20)
[2023-11-10T12:08:26.902-0800][77710534ms] GC(25650) Old regions: 1458->1458
[2023-11-10T12:08:26.902-0800][77710534ms] GC(25650) Humongous regions: 5->5
[2023-11-10T12:08:26.902-0800][77710534ms] GC(25650) Metaspace: 305043K->305043K(1349632K)
[2023-11-10T12:08:26.902-0800][77710534ms] GC(25650) Pause Young (Normal) (G1 Evacuation Pause) 3235M->2925M(3602M) 6.869ms
[2023-11-10T12:08:26.902-0800][77710534ms] GC(25650) User=0.00s Sys=0.00s Real=0.01s
[2023-11-10T12:08:27.325-0800][77710957ms] GC(25651) Pause Young (Normal) (G1 Evacuation Pause)
[2023-11-10T12:08:27.325-0800][77710957ms] GC(25651) Using 10 workers of 10 for evacuation
[2023-11-10T12:08:27.330-0800][77710962ms] GC(25651)   Pre Evacuate Collection Set: 0.0ms
[2023-11-10T12:08:27.330-0800][77710962ms] GC(25651)   Evacuate Collection Set: 1.8ms
[2023-11-10T12:08:27.330-0800][77710962ms] GC(25651)   Post Evacuate Collection Set: 3.3ms
[2023-11-10T12:08:27.330-0800][77710962ms] GC(25651)   Other: 0.3ms
[2023-11-10T12:08:27.330-0800][77710962ms] GC(25651) Eden regions: 155->0(155)
[2023-11-10T12:08:27.330-0800][77710962ms] GC(25651) Survivor regions: 1->1(20)
[2023-11-10T12:08:27.330-0800][77710962ms] GC(25651) Old regions: 1458->1458
[2023-11-10T12:08:27.330-0800][77710962ms] GC(25651) Humongous regions: 5->5
[2023-11-10T12:08:27.330-0800][77710962ms] GC(25651) Metaspace: 305043K->305043K(1349632K)
[2023-11-10T12:08:27.330-0800][77710962ms] GC(25651) Pause Young (Normal) (G1 Evacuation Pause) 3235M->2925M(3602M) 5.495ms
[2023-11-10T12:08:27.330-0800][77710962ms] GC(25651) User=0.00s Sys=0.00s Real=0.00s
[2023-11-10T12:08:27.711-0800][77711343ms] GC(25652) Pause Young (Normal) (G1 Evacuation Pause)
[2023-11-10T12:08:27.711-0800][77711343ms] GC(25652) Using 10 workers of 10 for evacuation
[2023-11-10T12:08:27.717-0800][77711349ms] GC(25652)   Pre Evacuate Collection Set: 0.0ms
[2023-11-10T12:08:27.717-0800][77711349ms] GC(25652)   Evacuate Collection Set: 1.6ms
[2023-11-10T12:08:27.717-0800][77711349ms] GC(25652)   Post Evacuate Collection Set: 3.0ms
[2023-11-10T12:08:27.717-0800][77711349ms] GC(25652)   Other: 0.3ms
[2023-11-10T12:08:27.717-0800][77711349ms] GC(25652) Eden regions: 155->0(155)
[2023-11-10T12:08:27.717-0800][77711349ms] GC(25652) Survivor regions: 1->1(20)
[2023-11-10T12:08:27.717-0800][77711349ms] GC(25652) Old regions: 1458->1458
[2023-11-10T12:08:27.717-0800][77711349ms] GC(25652) Humongous regions: 5->5
[2023-11-10T12:08:27.717-0800][77711349ms] GC(25652) Metaspace: 305043K->305043K(1349632K)
[2023-11-10T12:08:27.717-0800][77711349ms] GC(25652) Pause Young (Normal) (G1 Evacuation Pause) 3235M->2925M(3602M) 5.052ms
[2023-11-10T12:08:27.717-0800][77711349ms] GC(25652) User=0.00s Sys=0.00s Real=0.01s
[2023-11-10T12:08:28.091-0800][77711723ms] GC(25653) Pause Young (Normal) (G1 Evacuation Pause)
[2023-11-10T12:08:28.091-0800][77711723ms] GC(25653) Using 10 workers of 10 for evacuation
[2023-11-10T12:08:28.096-0800][77711728ms] GC(25653)   Pre Evacuate Collection Set: 0.0ms
[2023-11-10T12:08:28.096-0800][77711728ms] GC(25653)   Evacuate Collection Set: 1.7ms
[2023-11-10T12:08:28.096-0800][77711728ms] GC(25653)   Post Evacuate Collection Set: 3.3ms
[2023-11-10T12:08:28.096-0800][77711728ms] GC(25653)   Other: 0.3ms
[2023-11-10T12:08:28.096-0800][77711728ms] GC(25653) Eden regions: 155->0(155)
[2023-11-10T12:08:28.096-0800][77711728ms] GC(25653) Survivor regions: 1->1(20)
[2023-11-10T12:08:28.096-0800][77711728ms] GC(25653) Old regions: 1458->1458
[2023-11-10T12:08:28.096-0800][77711728ms] GC(25653) Humongous regions: 5->5
[2023-11-10T12:08:28.096-0800][77711728ms] GC(25653) Metaspace: 305043K->305043K(1349632K)
[2023-11-10T12:08:28.096-0800][77711728ms] GC(25653) Pause Young (Normal) (G1 Evacuation Pause) 3235M->2925M(3602M) 5.314ms
[2023-11-10T12:08:28.096-0800][77711728ms] GC(25653) User=0.00s Sys=0.00s Real=0.00s
[2023-11-10T12:08:28.537-0800][77712169ms] GC(25654) Pause Young (Normal) (G1 Evacuation Pause)
[2023-11-10T12:08:28.537-0800][77712169ms] GC(25654) Using 10 workers of 10 for evacuation
[2023-11-10T12:08:28.542-0800][77712174ms] GC(25654)   Pre Evacuate Collection Set: 0.1ms
[2023-11-10T12:08:28.542-0800][77712174ms] GC(25654)   Evacuate Collection Set: 1.6ms
[2023-11-10T12:08:28.542-0800][77712174ms] GC(25654)   Post Evacuate Collection Set: 3.1ms
[2023-11-10T12:08:28.543-0800][77712175ms] GC(25654)   Other: 0.2ms
[2023-11-10T12:08:28.543-0800][77712175ms] GC(25654) Eden regions: 155->0(155)
[2023-11-10T12:08:28.543-0800][77712175ms] GC(25654) Survivor regions: 1->1(20)
[2023-11-10T12:08:28.543-0800][77712175ms] GC(25654) Old regions: 1458->1458
[2023-11-10T12:08:28.543-0800][77712175ms] GC(25654) Humongous regions: 5->5
[2023-11-10T12:08:28.543-0800][77712175ms] GC(25654) Metaspace: 305043K->305043K(1349632K)
[2023-11-10T12:08:28.543-0800][77712175ms] GC(25654) Pause Young (Normal) (G1 Evacuation Pause) 3235M->2925M(3602M) 5.126ms
[2023-11-10T12:08:28.543-0800][77712175ms] GC(25654) User=0.05s Sys=0.00s Real=0.01s
[2023-11-10T12:08:28.883-0800][77712515ms] GC(25655) Pause Young (Normal) (G1 Evacuation Pause)
[2023-11-10T12:08:28.883-0800][77712515ms] GC(25655) Using 10 workers of 10 for evacuation
[2023-11-10T12:08:28.888-0800][77712520ms] GC(25655)   Pre Evacuate Collection Set: 0.0ms
[2023-11-10T12:08:28.888-0800][77712520ms] GC(25655)   Evacuate Collection Set: 1.7ms
[2023-11-10T12:08:28.888-0800][77712520ms] GC(25655)   Post Evacuate Collection Set: 3.1ms
[2023-11-10T12:08:28.888-0800][77712520ms] GC(25655)   Other: 0.3ms
[2023-11-10T12:08:28.888-0800][77712520ms] GC(25655) Eden regions: 155->0(155)
[2023-11-10T12:08:28.888-0800][77712520ms] GC(25655) Survivor regions: 1->1(20)
[2023-11-10T12:08:28.888-0800][77712520ms] GC(25655) Old regions: 1458->1458
[2023-11-10T12:08:28.888-0800][77712520ms] GC(25655) Humongous regions: 5->5
[2023-11-10T12:08:28.888-0800][77712520ms] GC(25655) Metaspace: 305043K->305043K(1349632K)
[2023-11-10T12:08:28.888-0800][77712520ms] GC(25655) Pause Young (Normal) (G1 Evacuation Pause) 3235M->2926M(3602M) 5.204ms
[2023-11-10T12:08:28.888-0800][77712520ms] GC(25655) User=0.00s Sys=0.00s Real=0.01s
[2023-11-10T12:08:29.219-0800][77712851ms] GC(25656) Pause Young (Normal) (G1 Evacuation Pause)
[2023-11-10T12:08:29.219-0800][77712851ms] GC(25656) Using 10 workers of 10 for evacuation
[2023-11-10T12:08:29.225-0800][77712857ms] GC(25656)   Pre Evacuate Collection Set: 0.0ms
[2023-11-10T12:08:29.225-0800][77712857ms] GC(25656)   Evacuate Collection Set: 1.6ms
[2023-11-10T12:08:29.225-0800][77712857ms] GC(25656)   Post Evacuate Collection Set: 3.1ms
[2023-11-10T12:08:29.225-0800][77712857ms] GC(25656)   Other: 0.2ms
[2023-11-10T12:08:29.225-0800][77712857ms] GC(25656) Eden regions: 155->0(155)
[2023-11-10T12:08:29.225-0800][77712857ms] GC(25656) Survivor regions: 1->1(20)
[2023-11-10T12:08:29.225-0800][77712857ms] GC(25656) Old regions: 1458->1458
[2023-11-10T12:08:29.225-0800][77712857ms] GC(25656) Humongous regions: 5->5
[2023-11-10T12:08:29.225-0800][77712857ms] GC(25656) Metaspace: 305043K->305043K(1349632K)
[2023-11-10T12:08:29.225-0800][77712857ms] GC(25656) Pause Young (Normal) (G1 Evacuation Pause) 3236M->2925M(3602M) 5.061ms
[2023-11-10T12:08:29.225-0800][77712857ms] GC(25656) User=0.00s Sys=0.00s Real=0.01s
[2023-11-10T12:08:29.576-0800][77713208ms] GC(25657) Pause Young (Normal) (G1 Evacuation Pause)
[2023-11-10T12:08:29.576-0800][77713208ms] GC(25657) Using 10 workers of 10 for evacuation
[2023-11-10T12:08:29.581-0800][77713213ms] GC(25657)   Pre Evacuate Collection Set: 0.0ms
[2023-11-10T12:08:29.581-0800][77713213ms] GC(25657)   Evacuate Collection Set: 1.6ms
[2023-11-10T12:08:29.581-0800][77713213ms] GC(25657)   Post Evacuate Collection Set: 2.9ms
[2023-11-10T12:08:29.581-0800][77713213ms] GC(25657)   Other: 0.2ms
[2023-11-10T12:08:29.581-0800][77713213ms] GC(25657) Eden regions: 155->0(155)
[2023-11-10T12:08:29.581-0800][77713213ms] GC(25657) Survivor regions: 1->1(20)
[2023-11-10T12:08:29.581-0800][77713213ms] GC(25657) Old regions: 1458->1458
[2023-11-10T12:08:29.581-0800][77713213ms] GC(25657) Humongous regions: 5->5
[2023-11-10T12:08:29.581-0800][77713213ms] GC(25657) Metaspace: 305043K->305043K(1349632K)
[2023-11-10T12:08:29.581-0800][77713213ms] GC(25657) Pause Young (Normal) (G1 Evacuation Pause) 3235M->2925M(3602M) 4.846ms
[2023-11-10T12:08:29.581-0800][77713213ms] GC(25657) User=0.00s Sys=0.00s Real=0.01s
[2023-11-10T12:08:29.972-0800][77713604ms] GC(25658) Pause Young (Normal) (G1 Evacuation Pause)
[2023-11-10T12:08:29.972-0800][77713604ms] GC(25658) Using 10 workers of 10 for evacuation
[2023-11-10T12:08:29.976-0800][77713609ms] GC(25658)   Pre Evacuate Collection Set: 0.0ms
[2023-11-10T12:08:29.977-0800][77713609ms] GC(25658)   Evacuate Collection Set: 1.6ms
[2023-11-10T12:08:29.977-0800][77713609ms] GC(25658)   Post Evacuate Collection Set: 3.1ms
[2023-11-10T12:08:29.977-0800][77713609ms] GC(25658)   Other: 0.3ms
[2023-11-10T12:08:29.977-0800][77713609ms] GC(25658) Eden regions: 155->0(155)
[2023-11-10T12:08:29.977-0800][77713609ms] GC(25658) Survivor regions: 1->1(20)
[2023-11-10T12:08:29.977-0800][77713609ms] GC(25658) Old regions: 1458->1458
[2023-11-10T12:08:29.977-0800][77713609ms] GC(25658) Humongous regions: 5->5
[2023-11-10T12:08:29.977-0800][77713609ms] GC(25658) Metaspace: 305043K->305043K(1349632K)
[2023-11-10T12:08:29.977-0800][77713609ms] GC(25658) Pause Young (Normal) (G1 Evacuation Pause) 3235M->2925M(3602M) 5.096ms
[2023-11-10T12:08:29.977-0800][77713609ms] GC(25658) User=0.02s Sys=0.00s Real=0.01s
[2023-11-10T12:08:30.344-0800][77713976ms] GC(25659) Pause Young (Normal) (G1 Evacuation Pause)
[2023-11-10T12:08:30.344-0800][77713976ms] GC(25659) Using 10 workers of 10 for evacuation
[2023-11-10T12:08:30.348-0800][77713980ms] GC(25659)   Pre Evacuate Collection Set: 0.0ms
[2023-11-10T12:08:30.348-0800][77713980ms] GC(25659)   Evacuate Collection Set: 1.7ms
[2023-11-10T12:08:30.348-0800][77713980ms] GC(25659)   Post Evacuate Collection Set: 2.9ms
[2023-11-10T12:08:30.349-0800][77713981ms] GC(25659)   Other: 0.3ms
[2023-11-10T12:08:30.349-0800][77713981ms] GC(25659) Eden regions: 155->0(155)
[2023-11-10T12:08:30.349-0800][77713981ms] GC(25659) Survivor regions: 1->1(20)
[2023-11-10T12:08:30.349-0800][77713981ms] GC(25659) Old regions: 1458->1458
[2023-11-10T12:08:30.349-0800][77713981ms] GC(25659) Humongous regions: 5->5
[2023-11-10T12:08:30.349-0800][77713981ms] GC(25659) Metaspace: 305043K->305043K(1349632K)
[2023-11-10T12:08:30.349-0800][77713981ms] GC(25659) Pause Young (Normal) (G1 Evacuation Pause) 3235M->2925M(3602M) 4.941ms
[2023-11-10T12:08:30.349-0800][77713981ms] GC(25659) User=0.00s Sys=0.00s Real=0.00s
[2023-11-10T12:08:30.780-0800][77714412ms] GC(25660) Pause Young (Normal) (G1 Evacuation Pause)
[2023-11-10T12:08:30.780-0800][77714412ms] GC(25660) Using 10 workers of 10 for evacuation
[2023-11-10T12:08:30.785-0800][77714417ms] GC(25660)   Pre Evacuate Collection Set: 0.0ms
[2023-11-10T12:08:30.786-0800][77714418ms] GC(25660)   Evacuate Collection Set: 1.6ms
[2023-11-10T12:08:30.786-0800][77714418ms] GC(25660)   Post Evacuate Collection Set: 2.9ms
[2023-11-10T12:08:30.786-0800][77714418ms] GC(25660)   Other: 0.3ms
[2023-11-10T12:08:30.786-0800][77714418ms] GC(25660) Eden regions: 155->0(155)
[2023-11-10T12:08:30.786-0800][77714418ms] GC(25660) Survivor regions: 1->1(20)
[2023-11-10T12:08:30.786-0800][77714418ms] GC(25660) Old regions: 1458->1458
[2023-11-10T12:08:30.786-0800][77714418ms] GC(25660) Humongous regions: 5->5
[2023-11-10T12:08:30.786-0800][77714418ms] GC(25660) Metaspace: 305043K->305043K(1349632K)
[2023-11-10T12:08:30.786-0800][77714418ms] GC(25660) Pause Young (Normal) (G1 Evacuation Pause) 3235M->2925M(3602M) 4.912ms
[2023-11-10T12:08:30.786-0800][77714418ms] GC(25660) User=0.00s Sys=0.00s Real=0.01s
[2023-11-10T12:08:31.173-0800][77714805ms] GC(25661) Pause Young (Normal) (G1 Evacuation Pause)
[2023-11-10T12:08:31.173-0800][77714805ms] GC(25661) Using 10 workers of 10 for evacuation
[2023-11-10T12:08:31.180-0800][77714812ms] GC(25661)   Pre Evacuate Collection Set: 0.1ms
[2023-11-10T12:08:31.180-0800][77714812ms] GC(25661)   Evacuate Collection Set: 1.6ms
[2023-11-10T12:08:31.180-0800][77714812ms] GC(25661)   Post Evacuate Collection Set: 3.7ms
[2023-11-10T12:08:31.180-0800][77714812ms] GC(25661)   Other: 0.3ms
[2023-11-10T12:08:31.180-0800][77714812ms] GC(25661) Eden regions: 155->0(155)
[2023-11-10T12:08:31.180-0800][77714812ms] GC(25661) Survivor regions: 1->1(20)
[2023-11-10T12:08:31.180-0800][77714812ms] GC(25661) Old regions: 1458->1458
[2023-11-10T12:08:31.180-0800][77714812ms] GC(25661) Humongous regions: 5->5
[2023-11-10T12:08:31.180-0800][77714812ms] GC(25661) Metaspace: 305043K->305043K(1349632K)
[2023-11-10T12:08:31.180-0800][77714812ms] GC(25661) Pause Young (Normal) (G1 Evacuation Pause) 3235M->2926M(3602M) 5.861ms
[2023-11-10T12:08:31.180-0800][77714812ms] GC(25661) User=0.00s Sys=0.00s Real=0.01s
[2023-11-10T12:08:31.549-0800][77715181ms] GC(25662) Pause Young (Normal) (G1 Evacuation Pause)
[2023-11-10T12:08:31.550-0800][77715182ms] GC(25662) Using 10 workers of 10 for evacuation
[2023-11-10T12:08:31.555-0800][77715187ms] GC(25662)   Pre Evacuate Collection Set: 0.1ms
[2023-11-10T12:08:31.555-0800][77715187ms] GC(25662)   Evacuate Collection Set: 1.8ms
[2023-11-10T12:08:31.555-0800][77715187ms] GC(25662)   Post Evacuate Collection Set: 3.0ms
[2023-11-10T12:08:31.555-0800][77715187ms] GC(25662)   Other: 0.3ms
[2023-11-10T12:08:31.555-0800][77715187ms] GC(25662) Eden regions: 155->0(155)
[2023-11-10T12:08:31.555-0800][77715187ms] GC(25662) Survivor regions: 1->1(20)
[2023-11-10T12:08:31.555-0800][77715187ms] GC(25662) Old regions: 1458->1458
[2023-11-10T12:08:31.555-0800][77715187ms] GC(25662) Humongous regions: 5->5
[2023-11-10T12:08:31.555-0800][77715187ms] GC(25662) Metaspace: 305043K->305043K(1349632K)
[2023-11-10T12:08:31.555-0800][77715187ms] GC(25662) Pause Young (Normal) (G1 Evacuation Pause) 3236M->2925M(3602M) 5.305ms
[2023-11-10T12:08:31.555-0800][77715187ms] GC(25662) User=0.00s Sys=0.00s Real=0.01s
[2023-11-10T12:08:31.929-0800][77715561ms] GC(25663) Pause Young (Normal) (G1 Evacuation Pause)
[2023-11-10T12:08:31.929-0800][77715561ms] GC(25663) Using 10 workers of 10 for evacuation
[2023-11-10T12:08:31.934-0800][77715566ms] GC(25663)   Pre Evacuate Collection Set: 0.0ms
[2023-11-10T12:08:31.934-0800][77715566ms] GC(25663)   Evacuate Collection Set: 1.6ms
[2023-11-10T12:08:31.934-0800][77715566ms] GC(25663)   Post Evacuate Collection Set: 3.3ms
[2023-11-10T12:08:31.934-0800][77715566ms] GC(25663)   Other: 0.3ms
[2023-11-10T12:08:31.934-0800][77715566ms] GC(25663) Eden regions: 155->0(155)
[2023-11-10T12:08:31.934-0800][77715566ms] GC(25663) Survivor regions: 1->1(20)
[2023-11-10T12:08:31.934-0800][77715566ms] GC(25663) Old regions: 1458->1458
[2023-11-10T12:08:31.934-0800][77715566ms] GC(25663) Humongous regions: 5->5
[2023-11-10T12:08:31.934-0800][77715566ms] GC(25663) Metaspace: 305043K->305043K(1349632K)
[2023-11-10T12:08:31.934-0800][77715566ms] GC(25663) Pause Young (Normal) (G1 Evacuation Pause) 3235M->2926M(3602M) 5.293ms
[2023-11-10T12:08:31.935-0800][77715567ms] GC(25663) User=0.00s Sys=0.00s Real=0.01s
[2023-11-10T12:08:32.276-0800][77715908ms] GC(25664) Pause Young (Normal) (G1 Evacuation Pause)
[2023-11-10T12:08:32.276-0800][77715908ms] GC(25664) Using 10 workers of 10 for evacuation
[2023-11-10T12:08:32.281-0800][77715913ms] GC(25664)   Pre Evacuate Collection Set: 0.0ms
[2023-11-10T12:08:32.281-0800][77715913ms] GC(25664)   Evacuate Collection Set: 1.7ms
[2023-11-10T12:08:32.281-0800][77715913ms] GC(25664)   Post Evacuate Collection Set: 3.1ms
[2023-11-10T12:08:32.282-0800][77715914ms] GC(25664)   Other: 0.2ms
[2023-11-10T12:08:32.282-0800][77715914ms] GC(25664) Eden regions: 155->0(155)
[2023-11-10T12:08:32.282-0800][77715914ms] GC(25664) Survivor regions: 1->1(20)
[2023-11-10T12:08:32.282-0800][77715914ms] GC(25664) Old regions: 1458->1458
[2023-11-10T12:08:32.282-0800][77715914ms] GC(25664) Humongous regions: 5->5
[2023-11-10T12:08:32.282-0800][77715914ms] GC(25664) Metaspace: 305043K->305043K(1349632K)
[2023-11-10T12:08:32.282-0800][77715914ms] GC(25664) Pause Young (Normal) (G1 Evacuation Pause) 3236M->2926M(3602M) 5.178ms
[2023-11-10T12:08:32.282-0800][77715914ms] GC(25664) User=0.00s Sys=0.00s Real=0.01s
[2023-11-10T12:08:32.665-0800][77716297ms] GC(25665) Pause Young (Normal) (G1 Evacuation Pause)
[2023-11-10T12:08:32.665-0800][77716297ms] GC(25665) Using 10 workers of 10 for evacuation
[2023-11-10T12:08:32.670-0800][77716302ms] GC(25665)   Pre Evacuate Collection Set: 0.0ms
[2023-11-10T12:08:32.670-0800][77716302ms] GC(25665)   Evacuate Collection Set: 1.6ms
[2023-11-10T12:08:32.670-0800][77716302ms] GC(25665)   Post Evacuate Collection Set: 3.1ms
[2023-11-10T12:08:32.670-0800][77716302ms] GC(25665)   Other: 0.4ms
[2023-11-10T12:08:32.670-0800][77716302ms] GC(25665) Eden regions: 155->0(155)
[2023-11-10T12:08:32.670-0800][77716302ms] GC(25665) Survivor regions: 1->1(20)
[2023-11-10T12:08:32.670-0800][77716302ms] GC(25665) Old regions: 1458->1458
[2023-11-10T12:08:32.670-0800][77716302ms] GC(25665) Humongous regions: 5->5
[2023-11-10T12:08:32.670-0800][77716302ms] GC(25665) Metaspace: 305043K->305043K(1349632K)
[2023-11-10T12:08:32.670-0800][77716302ms] GC(25665) Pause Young (Normal) (G1 Evacuation Pause) 3236M->2926M(3602M) 5.233ms
[2023-11-10T12:08:32.670-0800][77716302ms] GC(25665) User=0.00s Sys=0.00s Real=0.01s
[2023-11-10T12:08:33.040-0800][77716672ms] GC(25666) Pause Young (Normal) (G1 Evacuation Pause)
[2023-11-10T12:08:33.040-0800][77716672ms] GC(25666) Using 10 workers of 10 for evacuation
[2023-11-10T12:08:33.045-0800][77716677ms] GC(25666)   Pre Evacuate Collection Set: 0.0ms
[2023-11-10T12:08:33.045-0800][77716677ms] GC(25666)   Evacuate Collection Set: 1.7ms
[2023-11-10T12:08:33.045-0800][77716677ms] GC(25666)   Post Evacuate Collection Set: 3.1ms
[2023-11-10T12:08:33.045-0800][77716677ms] GC(25666)   Other: 0.2ms
[2023-11-10T12:08:33.045-0800][77716677ms] GC(25666) Eden regions: 155->0(155)
[2023-11-10T12:08:33.045-0800][77716677ms] GC(25666) Survivor regions: 1->1(20)
[2023-11-10T12:08:33.045-0800][77716677ms] GC(25666) Old regions: 1458->1458
[2023-11-10T12:08:33.045-0800][77716677ms] GC(25666) Humongous regions: 5->5
[2023-11-10T12:08:33.045-0800][77716677ms] GC(25666) Metaspace: 305043K->305043K(1349632K)
[2023-11-10T12:08:33.045-0800][77716677ms] GC(25666) Pause Young (Normal) (G1 Evacuation Pause) 3236M->2927M(3602M) 5.130ms
[2023-11-10T12:08:33.045-0800][77716677ms] GC(25666) User=0.00s Sys=0.00s Real=0.01s
[2023-11-10T12:08:33.443-0800][77717075ms] GC(25667) Pause Young (Normal) (G1 Evacuation Pause)
[2023-11-10T12:08:33.443-0800][77717075ms] GC(25667) Using 10 workers of 10 for evacuation
[2023-11-10T12:08:33.447-0800][77717079ms] GC(25667)   Pre Evacuate Collection Set: 0.1ms
[2023-11-10T12:08:33.448-0800][77717080ms] GC(25667)   Evacuate Collection Set: 1.7ms
[2023-11-10T12:08:33.448-0800][77717080ms] GC(25667)   Post Evacuate Collection Set: 3.1ms
[2023-11-10T12:08:33.448-0800][77717080ms] GC(25667)   Other: 0.3ms
[2023-11-10T12:08:33.448-0800][77717080ms] GC(25667) Eden regions: 155->0(155)
[2023-11-10T12:08:33.448-0800][77717080ms] GC(25667) Survivor regions: 1->1(20)
[2023-11-10T12:08:33.448-0800][77717080ms] GC(25667) Old regions: 1458->1458
[2023-11-10T12:08:33.448-0800][77717080ms] GC(25667) Humongous regions: 5->5
[2023-11-10T12:08:33.448-0800][77717080ms] GC(25667) Metaspace: 305043K->305043K(1349632K)
[2023-11-10T12:08:33.448-0800][77717080ms] GC(25667) Pause Young (Normal) (G1 Evacuation Pause) 3237M->2926M(3602M) 5.226ms
[2023-11-10T12:08:33.448-0800][77717080ms] GC(25667) User=0.06s Sys=0.00s Real=0.00s
[2023-11-10T12:08:33.856-0800][77717488ms] GC(25668) Pause Young (Normal) (G1 Evacuation Pause)
[2023-11-10T12:08:33.856-0800][77717488ms] GC(25668) Using 10 workers of 10 for evacuation
[2023-11-10T12:08:33.860-0800][77717492ms] GC(25668)   Pre Evacuate Collection Set: 0.0ms
[2023-11-10T12:08:33.860-0800][77717492ms] GC(25668)   Evacuate Collection Set: 1.7ms
[2023-11-10T12:08:33.860-0800][77717492ms] GC(25668)   Post Evacuate Collection Set: 3.2ms
[2023-11-10T12:08:33.860-0800][77717492ms] GC(25668)   Other: 0.3ms
[2023-11-10T12:08:33.860-0800][77717492ms] GC(25668) Eden regions: 155->0(155)
[2023-11-10T12:08:33.860-0800][77717492ms] GC(25668) Survivor regions: 1->1(20)
[2023-11-10T12:08:33.860-0800][77717492ms] GC(25668) Old regions: 1458->1458
[2023-11-10T12:08:33.860-0800][77717492ms] GC(25668) Humongous regions: 5->5
[2023-11-10T12:08:33.860-0800][77717492ms] GC(25668) Metaspace: 305043K->305043K(1349632K)
[2023-11-10T12:08:33.860-0800][77717492ms] GC(25668) Pause Young (Normal) (G1 Evacuation Pause) 3236M->2926M(3602M) 5.331ms
[2023-11-10T12:08:33.860-0800][77717492ms] GC(25668) User=0.00s Sys=0.00s Real=0.00s
[2023-11-10T12:08:34.188-0800][77717820ms] GC(25669) Pause Young (Normal) (G1 Evacuation Pause)
[2023-11-10T12:08:34.188-0800][77717820ms] GC(25669) Using 10 workers of 10 for evacuation
[2023-11-10T12:08:34.193-0800][77717825ms] GC(25669)   Pre Evacuate Collection Set: 0.0ms
[2023-11-10T12:08:34.193-0800][77717825ms] GC(25669)   Evacuate Collection Set: 1.7ms
[2023-11-10T12:08:34.193-0800][77717825ms] GC(25669)   Post Evacuate Collection Set: 3.1ms
[2023-11-10T12:08:34.193-0800][77717825ms] GC(25669)   Other: 0.2ms
[2023-11-10T12:08:34.193-0800][77717825ms] GC(25669) Eden regions: 155->0(155)
[2023-11-10T12:08:34.193-0800][77717825ms] GC(25669) Survivor regions: 1->1(20)
[2023-11-10T12:08:34.193-0800][77717825ms] GC(25669) Old regions: 1458->1458
[2023-11-10T12:08:34.193-0800][77717825ms] GC(25669) Humongous regions: 5->5
[2023-11-10T12:08:34.193-0800][77717825ms] GC(25669) Metaspace: 305043K->305043K(1349632K)
[2023-11-10T12:08:34.193-0800][77717825ms] GC(25669) Pause Young (Normal) (G1 Evacuation Pause) 3236M->2926M(3602M) 5.219ms
[2023-11-10T12:08:34.193-0800][77717825ms] GC(25669) User=0.00s Sys=0.00s Real=0.01s
[2023-11-10T12:08:34.547-0800][77718179ms] GC(25670) Pause Young (Normal) (G1 Evacuation Pause)
[2023-11-10T12:08:34.547-0800][77718179ms] GC(25670) Using 10 workers of 10 for evacuation
[2023-11-10T12:08:34.553-0800][77718185ms] GC(25670)   Pre Evacuate Collection Set: 0.1ms
[2023-11-10T12:08:34.553-0800][77718185ms] GC(25670)   Evacuate Collection Set: 1.7ms
[2023-11-10T12:08:34.553-0800][77718185ms] GC(25670)   Post Evacuate Collection Set: 3.3ms
[2023-11-10T12:08:34.553-0800][77718185ms] GC(25670)   Other: 0.3ms
[2023-11-10T12:08:34.553-0800][77718185ms] GC(25670) Eden regions: 155->0(155)
[2023-11-10T12:08:34.553-0800][77718185ms] GC(25670) Survivor regions: 1->1(20)
[2023-11-10T12:08:34.553-0800][77718185ms] GC(25670) Old regions: 1458->1458
[2023-11-10T12:08:34.553-0800][77718185ms] GC(25670) Humongous regions: 5->5
[2023-11-10T12:08:34.553-0800][77718185ms] GC(25670) Metaspace: 305043K->305043K(1349632K)
[2023-11-10T12:08:34.553-0800][77718185ms] GC(25670) Pause Young (Normal) (G1 Evacuation Pause) 3236M->2926M(3602M) 5.460ms
[2023-11-10T12:08:34.553-0800][77718185ms] GC(25670) User=0.00s Sys=0.00s Real=0.01s
[2023-11-10T12:08:34.956-0800][77718588ms] GC(25671) Pause Young (Normal) (G1 Evacuation Pause)
[2023-11-10T12:08:34.956-0800][77718588ms] GC(25671) Using 10 workers of 10 for evacuation
[2023-11-10T12:08:34.960-0800][77718592ms] GC(25671)   Pre Evacuate Collection Set: 0.0ms
[2023-11-10T12:08:34.960-0800][77718592ms] GC(25671)   Evacuate Collection Set: 1.7ms
[2023-11-10T12:08:34.960-0800][77718592ms] GC(25671)   Post Evacuate Collection Set: 3.0ms
[2023-11-10T12:08:34.960-0800][77718592ms] GC(25671)   Other: 0.2ms
[2023-11-10T12:08:34.960-0800][77718592ms] GC(25671) Eden regions: 155->0(155)
[2023-11-10T12:08:34.960-0800][77718592ms] GC(25671) Survivor regions: 1->1(20)
[2023-11-10T12:08:34.960-0800][77718592ms] GC(25671) Old regions: 1458->1458
[2023-11-10T12:08:34.960-0800][77718592ms] GC(25671) Humongous regions: 5->5
[2023-11-10T12:08:34.960-0800][77718592ms] GC(25671) Metaspace: 305043K->305043K(1349632K)
[2023-11-10T12:08:34.960-0800][77718592ms] GC(25671) Pause Young (Normal) (G1 Evacuation Pause) 3236M->2926M(3602M) 5.027ms
[2023-11-10T12:08:34.960-0800][77718592ms] GC(25671) User=0.02s Sys=0.00s Real=0.00s
[2023-11-10T12:08:35.299-0800][77718931ms] GC(25672) Pause Young (Normal) (G1 Evacuation Pause)
[2023-11-10T12:08:35.299-0800][77718931ms] GC(25672) Using 10 workers of 10 for evacuation
[2023-11-10T12:08:35.305-0800][77718937ms] GC(25672)   Pre Evacuate Collection Set: 0.0ms
[2023-11-10T12:08:35.305-0800][77718937ms] GC(25672)   Evacuate Collection Set: 1.6ms
[2023-11-10T12:08:35.305-0800][77718937ms] GC(25672)   Post Evacuate Collection Set: 2.9ms
[2023-11-10T12:08:35.305-0800][77718937ms] GC(25672)   Other: 0.3ms
[2023-11-10T12:08:35.305-0800][77718937ms] GC(25672) Eden regions: 155->0(155)
[2023-11-10T12:08:35.305-0800][77718937ms] GC(25672) Survivor regions: 1->1(20)
[2023-11-10T12:08:35.305-0800][77718937ms] GC(25672) Old regions: 1458->1458
[2023-11-10T12:08:35.305-0800][77718937ms] GC(25672) Humongous regions: 5->5
[2023-11-10T12:08:35.305-0800][77718937ms] GC(25672) Metaspace: 305043K->305043K(1349632K)
[2023-11-10T12:08:35.305-0800][77718937ms] GC(25672) Pause Young (Normal) (G1 Evacuation Pause) 3236M->2926M(3602M) 4.976ms
[2023-11-10T12:08:35.305-0800][77718937ms] GC(25672) User=0.00s Sys=0.00s Real=0.01s
[2023-11-10T12:08:35.675-0800][77719307ms] GC(25673) Pause Young (Normal) (G1 Evacuation Pause)
[2023-11-10T12:08:35.675-0800][77719307ms] GC(25673) Using 10 workers of 10 for evacuation
[2023-11-10T12:08:35.680-0800][77719312ms] GC(25673)   Pre Evacuate Collection Set: 0.0ms
[2023-11-10T12:08:35.680-0800][77719312ms] GC(25673)   Evacuate Collection Set: 1.7ms
[2023-11-10T12:08:35.680-0800][77719312ms] GC(25673)   Post Evacuate Collection Set: 3.0ms
[2023-11-10T12:08:35.680-0800][77719312ms] GC(25673)   Other: 0.3ms
[2023-11-10T12:08:35.680-0800][77719312ms] GC(25673) Eden regions: 155->0(155)
[2023-11-10T12:08:35.680-0800][77719312ms] GC(25673) Survivor regions: 1->1(20)
[2023-11-10T12:08:35.680-0800][77719312ms] GC(25673) Old regions: 1458->1458
[2023-11-10T12:08:35.680-0800][77719312ms] GC(25673) Humongous regions: 5->5
[2023-11-10T12:08:35.680-0800][77719312ms] GC(25673) Metaspace: 305043K->305043K(1349632K)
[2023-11-10T12:08:35.680-0800][77719312ms] GC(25673) Pause Young (Normal) (G1 Evacuation Pause) 3236M->2926M(3602M) 5.122ms
[2023-11-10T12:08:35.680-0800][77719312ms] GC(25673) User=0.00s Sys=0.00s Real=0.01s
[2023-11-10T12:08:36.011-0800][77719643ms] GC(25674) Pause Young (Normal) (G1 Evacuation Pause)
[2023-11-10T12:08:36.011-0800][77719643ms] GC(25674) Using 10 workers of 10 for evacuation
[2023-11-10T12:08:36.016-0800][77719648ms] GC(25674)   Pre Evacuate Collection Set: 0.0ms
[2023-11-10T12:08:36.016-0800][77719648ms] GC(25674)   Evacuate Collection Set: 1.7ms
[2023-11-10T12:08:36.016-0800][77719648ms] GC(25674)   Post Evacuate Collection Set: 3.0ms
[2023-11-10T12:08:36.016-0800][77719648ms] GC(25674)   Other: 0.2ms
[2023-11-10T12:08:36.016-0800][77719648ms] GC(25674) Eden regions: 155->0(155)
[2023-11-10T12:08:36.016-0800][77719648ms] GC(25674) Survivor regions: 1->1(20)
[2023-11-10T12:08:36.016-0800][77719648ms] GC(25674) Old regions: 1458->1458
[2023-11-10T12:08:36.016-0800][77719648ms] GC(25674) Humongous regions: 5->5
[2023-11-10T12:08:36.016-0800][77719648ms] GC(25674) Metaspace: 305043K->305043K(1349632K)
[2023-11-10T12:08:36.016-0800][77719648ms] GC(25674) Pause Young (Normal) (G1 Evacuation Pause) 3236M->2926M(3602M) 5.036ms
[2023-11-10T12:08:36.016-0800][77719648ms] GC(25674) User=0.00s Sys=0.00s Real=0.01s
[2023-11-10T12:08:36.399-0800][77720031ms] GC(25675) Pause Young (Normal) (G1 Evacuation Pause)
[2023-11-10T12:08:36.399-0800][77720031ms] GC(25675) Using 10 workers of 10 for evacuation
[2023-11-10T12:08:36.403-0800][77720035ms] GC(25675)   Pre Evacuate Collection Set: 0.0ms
[2023-11-10T12:08:36.403-0800][77720035ms] GC(25675)   Evacuate Collection Set: 1.6ms
[2023-11-10T12:08:36.403-0800][77720035ms] GC(25675)   Post Evacuate Collection Set: 3.3ms
[2023-11-10T12:08:36.403-0800][77720035ms] GC(25675)   Other: 0.2ms
[2023-11-10T12:08:36.403-0800][77720035ms] GC(25675) Eden regions: 155->0(155)
[2023-11-10T12:08:36.403-0800][77720035ms] GC(25675) Survivor regions: 1->1(20)
[2023-11-10T12:08:36.403-0800][77720035ms] GC(25675) Old regions: 1458->1458
[2023-11-10T12:08:36.403-0800][77720035ms] GC(25675) Humongous regions: 5->5
[2023-11-10T12:08:36.403-0800][77720035ms] GC(25675) Metaspace: 305043K->305043K(1349632K)
[2023-11-10T12:08:36.403-0800][77720035ms] GC(25675) Pause Young (Normal) (G1 Evacuation Pause) 3236M->2926M(3602M) 5.295ms
[2023-11-10T12:08:36.404-0800][77720036ms] GC(25675) User=0.00s Sys=0.00s Real=0.01s
[2023-11-10T12:08:36.799-0800][77720431ms] GC(25676) Pause Young (Normal) (G1 Evacuation Pause)
[2023-11-10T12:08:36.800-0800][77720432ms] GC(25676) Using 10 workers of 10 for evacuation
[2023-11-10T12:08:36.805-0800][77720437ms] GC(25676)   Pre Evacuate Collection Set: 0.0ms
[2023-11-10T12:08:36.805-0800][77720437ms] GC(25676)   Evacuate Collection Set: 1.7ms
[2023-11-10T12:08:36.805-0800][77720437ms] GC(25676)   Post Evacuate Collection Set: 3.1ms
[2023-11-10T12:08:36.805-0800][77720437ms] GC(25676)   Other: 0.3ms
[2023-11-10T12:08:36.805-0800][77720437ms] GC(25676) Eden regions: 155->0(155)
[2023-11-10T12:08:36.805-0800][77720437ms] GC(25676) Survivor regions: 1->1(20)
[2023-11-10T12:08:36.805-0800][77720437ms] GC(25676) Old regions: 1458->1458
[2023-11-10T12:08:36.805-0800][77720437ms] GC(25676) Humongous regions: 5->5
[2023-11-10T12:08:36.805-0800][77720437ms] GC(25676) Metaspace: 305043K->305043K(1349632K)
[2023-11-10T12:08:36.805-0800][77720437ms] GC(25676) Pause Young (Normal) (G1 Evacuation Pause) 3236M->2926M(3602M) 5.207ms
[2023-11-10T12:08:36.805-0800][77720437ms] GC(25676) User=0.00s Sys=0.00s Real=0.01s
[2023-11-10T12:08:37.133-0800][77720765ms] GC(25677) Pause Young (Normal) (G1 Evacuation Pause)
[2023-11-10T12:08:37.133-0800][77720765ms] GC(25677) Using 10 workers of 10 for evacuation
[2023-11-10T12:08:37.139-0800][77720771ms] GC(25677)   Pre Evacuate Collection Set: 0.0ms
[2023-11-10T12:08:37.139-0800][77720771ms] GC(25677)   Evacuate Collection Set: 1.7ms
[2023-11-10T12:08:37.139-0800][77720771ms] GC(25677)   Post Evacuate Collection Set: 3.0ms
[2023-11-10T12:08:37.139-0800][77720771ms] GC(25677)   Other: 0.2ms
[2023-11-10T12:08:37.139-0800][77720771ms] GC(25677) Eden regions: 155->0(155)
[2023-11-10T12:08:37.139-0800][77720771ms] GC(25677) Survivor regions: 1->1(20)
[2023-11-10T12:08:37.139-0800][77720771ms] GC(25677) Old regions: 1458->1458
[2023-11-10T12:08:37.139-0800][77720771ms] GC(25677) Humongous regions: 5->5
[2023-11-10T12:08:37.139-0800][77720771ms] GC(25677) Metaspace: 305043K->305043K(1349632K)
[2023-11-10T12:08:37.139-0800][77720771ms] GC(25677) Pause Young (Normal) (G1 Evacuation Pause) 3236M->2926M(3602M) 5.108ms
[2023-11-10T12:08:37.139-0800][77720771ms] GC(25677) User=0.00s Sys=0.00s Real=0.01s
[2023-11-10T12:08:37.498-0800][77721130ms] GC(25678) Pause Young (Normal) (G1 Evacuation Pause)
[2023-11-10T12:08:37.498-0800][77721130ms] GC(25678) Using 10 workers of 10 for evacuation
[2023-11-10T12:08:37.503-0800][77721135ms] GC(25678)   Pre Evacuate Collection Set: 0.0ms
[2023-11-10T12:08:37.503-0800][77721135ms] GC(25678)   Evacuate Collection Set: 1.7ms
[2023-11-10T12:08:37.503-0800][77721135ms] GC(25678)   Post Evacuate Collection Set: 3.0ms
[2023-11-10T12:08:37.503-0800][77721135ms] GC(25678)   Other: 0.3ms
[2023-11-10T12:08:37.503-0800][77721135ms] GC(25678) Eden regions: 155->0(154)
[2023-11-10T12:08:37.503-0800][77721135ms] GC(25678) Survivor regions: 1->1(20)
[2023-11-10T12:08:37.503-0800][77721135ms] GC(25678) Old regions: 1458->1459
[2023-11-10T12:08:37.503-0800][77721135ms] GC(25678) Humongous regions: 5->5
[2023-11-10T12:08:37.503-0800][77721135ms] GC(25678) Metaspace: 305043K->305043K(1349632K)
[2023-11-10T12:08:37.503-0800][77721135ms] GC(25678) Pause Young (Normal) (G1 Evacuation Pause) 3236M->2926M(3602M) 5.056ms
[2023-11-10T12:08:37.503-0800][77721135ms] GC(25678) User=0.00s Sys=0.00s Real=0.01s
[2023-11-10T12:08:37.843-0800][77721475ms] GC(25679) Pause Young (Normal) (G1 Evacuation Pause)
[2023-11-10T12:08:37.843-0800][77721475ms] GC(25679) Using 10 workers of 10 for evacuation
[2023-11-10T12:08:37.848-0800][77721480ms] GC(25679)   Pre Evacuate Collection Set: 0.0ms
[2023-11-10T12:08:37.848-0800][77721480ms] GC(25679)   Evacuate Collection Set: 1.6ms
[2023-11-10T12:08:37.848-0800][77721480ms] GC(25679)   Post Evacuate Collection Set: 2.9ms
[2023-11-10T12:08:37.848-0800][77721480ms] GC(25679)   Other: 0.2ms
[2023-11-10T12:08:37.848-0800][77721480ms] GC(25679) Eden regions: 154->0(154)
[2023-11-10T12:08:37.848-0800][77721480ms] GC(25679) Survivor regions: 1->1(20)
[2023-11-10T12:08:37.848-0800][77721480ms] GC(25679) Old regions: 1459->1459
[2023-11-10T12:08:37.848-0800][77721480ms] GC(25679) Humongous regions: 5->5
[2023-11-10T12:08:37.848-0800][77721480ms] GC(25679) Metaspace: 305043K->305043K(1349632K)
[2023-11-10T12:08:37.848-0800][77721480ms] GC(25679) Pause Young (Normal) (G1 Evacuation Pause) 3234M->2926M(3602M) 4.884ms
[2023-11-10T12:08:37.848-0800][77721480ms] GC(25679) User=0.00s Sys=0.00s Real=0.01s
[2023-11-10T12:08:38.233-0800][77721865ms] GC(25680) Pause Young (Normal) (G1 Evacuation Pause)
[2023-11-10T12:08:38.233-0800][77721865ms] GC(25680) Using 10 workers of 10 for evacuation
[2023-11-10T12:08:38.239-0800][77721871ms] GC(25680)   Pre Evacuate Collection Set: 0.0ms
[2023-11-10T12:08:38.239-0800][77721871ms] GC(25680)   Evacuate Collection Set: 1.6ms
[2023-11-10T12:08:38.239-0800][77721871ms] GC(25680)   Post Evacuate Collection Set: 3.2ms
[2023-11-10T12:08:38.239-0800][77721871ms] GC(25680)   Other: 0.3ms
[2023-11-10T12:08:38.239-0800][77721871ms] GC(25680) Eden regions: 154->0(154)
[2023-11-10T12:08:38.239-0800][77721871ms] GC(25680) Survivor regions: 1->1(20)
[2023-11-10T12:08:38.239-0800][77721871ms] GC(25680) Old regions: 1459->1459
[2023-11-10T12:08:38.239-0800][77721871ms] GC(25680) Humongous regions: 5->5
[2023-11-10T12:08:38.239-0800][77721871ms] GC(25680) Metaspace: 305043K->305043K(1349632K)
[2023-11-10T12:08:38.239-0800][77721871ms] GC(25680) Pause Young (Normal) (G1 Evacuation Pause) 3234M->2926M(3602M) 5.146ms
[2023-11-10T12:08:38.239-0800][77721871ms] GC(25680) User=0.00s Sys=0.00s Real=0.01s
[2023-11-10T12:08:38.564-0800][77722196ms] GC(25681) Pause Young (Normal) (G1 Evacuation Pause)
[2023-11-10T12:08:38.564-0800][77722196ms] GC(25681) Using 10 workers of 10 for evacuation
[2023-11-10T12:08:38.569-0800][77722201ms] GC(25681)   Pre Evacuate Collection Set: 0.0ms
[2023-11-10T12:08:38.569-0800][77722201ms] GC(25681)   Evacuate Collection Set: 1.6ms
[2023-11-10T12:08:38.569-0800][77722201ms] GC(25681)   Post Evacuate Collection Set: 3.5ms
[2023-11-10T12:08:38.569-0800][77722201ms] GC(25681)   Other: 0.2ms
[2023-11-10T12:08:38.569-0800][77722201ms] GC(25681) Eden regions: 154->0(154)
[2023-11-10T12:08:38.569-0800][77722201ms] GC(25681) Survivor regions: 1->1(20)
[2023-11-10T12:08:38.569-0800][77722201ms] GC(25681) Old regions: 1459->1459
[2023-11-10T12:08:38.569-0800][77722201ms] GC(25681) Humongous regions: 5->5
[2023-11-10T12:08:38.569-0800][77722201ms] GC(25681) Metaspace: 305043K->305043K(1349632K)
[2023-11-10T12:08:38.569-0800][77722201ms] GC(25681) Pause Young (Normal) (G1 Evacuation Pause) 3234M->2926M(3602M) 5.445ms
[2023-11-10T12:08:38.569-0800][77722201ms] GC(25681) User=0.00s Sys=0.00s Real=0.01s
[2023-11-10T12:08:38.958-0800][77722590ms] GC(25682) Pause Young (Normal) (G1 Evacuation Pause)
[2023-11-10T12:08:38.958-0800][77722590ms] GC(25682) Using 10 workers of 10 for evacuation
[2023-11-10T12:08:38.963-0800][77722595ms] GC(25682)   Pre Evacuate Collection Set: 0.0ms
[2023-11-10T12:08:38.963-0800][77722595ms] GC(25682)   Evacuate Collection Set: 1.6ms
[2023-11-10T12:08:38.963-0800][77722595ms] GC(25682)   Post Evacuate Collection Set: 3.3ms
[2023-11-10T12:08:38.963-0800][77722595ms] GC(25682)   Other: 0.3ms
[2023-11-10T12:08:38.963-0800][77722595ms] GC(25682) Eden regions: 154->0(154)
[2023-11-10T12:08:38.963-0800][77722595ms] GC(25682) Survivor regions: 1->1(20)
[2023-11-10T12:08:38.963-0800][77722595ms] GC(25682) Old regions: 1459->1459
[2023-11-10T12:08:38.963-0800][77722595ms] GC(25682) Humongous regions: 5->5
[2023-11-10T12:08:38.963-0800][77722595ms] GC(25682) Metaspace: 305043K->305043K(1349632K)
[2023-11-10T12:08:38.963-0800][77722595ms] GC(25682) Pause Young (Normal) (G1 Evacuation Pause) 3234M->2926M(3602M) 5.388ms
[2023-11-10T12:08:38.963-0800][77722595ms] GC(25682) User=0.02s Sys=0.00s Real=0.01s
[2023-11-10T12:08:39.358-0800][77722990ms] GC(25683) Pause Young (Normal) (G1 Evacuation Pause)
[2023-11-10T12:08:39.358-0800][77722990ms] GC(25683) Using 10 workers of 10 for evacuation
[2023-11-10T12:08:39.363-0800][77722995ms] GC(25683)   Pre Evacuate Collection Set: 0.1ms
[2023-11-10T12:08:39.363-0800][77722995ms] GC(25683)   Evacuate Collection Set: 1.6ms
[2023-11-10T12:08:39.363-0800][77722995ms] GC(25683)   Post Evacuate Collection Set: 3.1ms
[2023-11-10T12:08:39.363-0800][77722995ms] GC(25683)   Other: 0.3ms
[2023-11-10T12:08:39.363-0800][77722995ms] GC(25683) Eden regions: 154->0(154)
[2023-11-10T12:08:39.363-0800][77722995ms] GC(25683) Survivor regions: 1->1(20)
[2023-11-10T12:08:39.363-0800][77722995ms] GC(25683) Old regions: 1459->1459
[2023-11-10T12:08:39.363-0800][77722995ms] GC(25683) Humongous regions: 5->5
[2023-11-10T12:08:39.363-0800][77722995ms] GC(25683) Metaspace: 305043K->305043K(1349632K)
[2023-11-10T12:08:39.363-0800][77722995ms] GC(25683) Pause Young (Normal) (G1 Evacuation Pause) 3234M->2926M(3602M) 5.155ms
[2023-11-10T12:08:39.363-0800][77722995ms] GC(25683) User=0.00s Sys=0.00s Real=0.00s
[2023-11-10T12:08:39.704-0800][77723336ms] GC(25684) Pause Young (Normal) (G1 Evacuation Pause)
[2023-11-10T12:08:39.704-0800][77723336ms] GC(25684) Using 10 workers of 10 for evacuation
[2023-11-10T12:08:39.710-0800][77723342ms] GC(25684)   Pre Evacuate Collection Set: 0.0ms
[2023-11-10T12:08:39.710-0800][77723342ms] GC(25684)   Evacuate Collection Set: 1.8ms
[2023-11-10T12:08:39.710-0800][77723342ms] GC(25684)   Post Evacuate Collection Set: 3.7ms
[2023-11-10T12:08:39.710-0800][77723342ms] GC(25684)   Other: 0.5ms
[2023-11-10T12:08:39.710-0800][77723342ms] GC(25684) Eden regions: 154->0(154)
[2023-11-10T12:08:39.710-0800][77723342ms] GC(25684) Survivor regions: 1->1(20)
[2023-11-10T12:08:39.710-0800][77723342ms] GC(25684) Old regions: 1459->1459
[2023-11-10T12:08:39.710-0800][77723342ms] GC(25684) Humongous regions: 5->5
[2023-11-10T12:08:39.710-0800][77723342ms] GC(25684) Metaspace: 305043K->305043K(1349632K)
[2023-11-10T12:08:39.710-0800][77723342ms] GC(25684) Pause Young (Normal) (G1 Evacuation Pause) 3234M->2926M(3602M) 6.030ms
[2023-11-10T12:08:39.710-0800][77723342ms] GC(25684) User=0.02s Sys=0.00s Real=0.01s
[2023-11-10T12:08:40.049-0800][77723681ms] GC(25685) Pause Young (Normal) (G1 Evacuation Pause)
[2023-11-10T12:08:40.049-0800][77723681ms] GC(25685) Using 10 workers of 10 for evacuation
[2023-11-10T12:08:40.054-0800][77723686ms] GC(25685)   Pre Evacuate Collection Set: 0.0ms
[2023-11-10T12:08:40.054-0800][77723686ms] GC(25685)   Evacuate Collection Set: 1.7ms
[2023-11-10T12:08:40.054-0800][77723686ms] GC(25685)   Post Evacuate Collection Set: 3.1ms
[2023-11-10T12:08:40.055-0800][77723687ms] GC(25685)   Other: 0.3ms
[2023-11-10T12:08:40.055-0800][77723687ms] GC(25685) Eden regions: 154->0(154)
[2023-11-10T12:08:40.055-0800][77723687ms] GC(25685) Survivor regions: 1->1(20)
[2023-11-10T12:08:40.055-0800][77723687ms] GC(25685) Old regions: 1459->1459
[2023-11-10T12:08:40.055-0800][77723687ms] GC(25685) Humongous regions: 5->5
[2023-11-10T12:08:40.055-0800][77723687ms] GC(25685) Metaspace: 305043K->305043K(1349632K)
[2023-11-10T12:08:40.055-0800][77723687ms] GC(25685) Pause Young (Normal) (G1 Evacuation Pause) 3234M->2926M(3602M) 5.208ms
[2023-11-10T12:08:40.055-0800][77723687ms] GC(25685) User=0.02s Sys=0.00s Real=0.01s
[2023-11-10T12:08:40.412-0800][77724044ms] GC(25686) Pause Young (Normal) (G1 Evacuation Pause)
[2023-11-10T12:08:40.412-0800][77724044ms] GC(25686) Using 10 workers of 10 for evacuation
[2023-11-10T12:08:40.418-0800][77724050ms] GC(25686)   Pre Evacuate Collection Set: 0.0ms
[2023-11-10T12:08:40.418-0800][77724050ms] GC(25686)   Evacuate Collection Set: 1.6ms
[2023-11-10T12:08:40.418-0800][77724050ms] GC(25686)   Post Evacuate Collection Set: 3.6ms
[2023-11-10T12:08:40.418-0800][77724050ms] GC(25686)   Other: 0.3ms
[2023-11-10T12:08:40.418-0800][77724050ms] GC(25686) Eden regions: 154->0(154)
[2023-11-10T12:08:40.418-0800][77724050ms] GC(25686) Survivor regions: 1->1(20)
[2023-11-10T12:08:40.419-0800][77724051ms] GC(25686) Old regions: 1459->1459
[2023-11-10T12:08:40.419-0800][77724051ms] GC(25686) Humongous regions: 5->5
[2023-11-10T12:08:40.419-0800][77724051ms] GC(25686) Metaspace: 305043K->305043K(1349632K)
[2023-11-10T12:08:40.419-0800][77724051ms] GC(25686) Pause Young (Normal) (G1 Evacuation Pause) 3234M->2926M(3602M) 5.613ms
[2023-11-10T12:08:40.419-0800][77724051ms] GC(25686) User=0.00s Sys=0.00s Real=0.01s
[2023-11-10T12:08:40.804-0800][77724436ms] GC(25687) Pause Young (Normal) (G1 Evacuation Pause)
[2023-11-10T12:08:40.804-0800][77724436ms] GC(25687) Using 10 workers of 10 for evacuation
[2023-11-10T12:08:40.809-0800][77724441ms] GC(25687)   Pre Evacuate Collection Set: 0.1ms
[2023-11-10T12:08:40.809-0800][77724441ms] GC(25687)   Evacuate Collection Set: 2.2ms
[2023-11-10T12:08:40.809-0800][77724441ms] GC(25687)   Post Evacuate Collection Set: 3.5ms
[2023-11-10T12:08:40.809-0800][77724441ms] GC(25687)   Other: 0.4ms
[2023-11-10T12:08:40.809-0800][77724441ms] GC(25687) Eden regions: 154->0(154)
[2023-11-10T12:08:40.809-0800][77724441ms] GC(25687) Survivor regions: 1->1(20)
[2023-11-10T12:08:40.809-0800][77724441ms] GC(25687) Old regions: 1459->1459
[2023-11-10T12:08:40.809-0800][77724441ms] GC(25687) Humongous regions: 5->5
[2023-11-10T12:08:40.809-0800][77724441ms] GC(25687) Metaspace: 305043K->305043K(1349632K)
[2023-11-10T12:08:40.809-0800][77724441ms] GC(25687) Pause Young (Normal) (G1 Evacuation Pause) 3234M->2926M(3602M) 6.259ms
[2023-11-10T12:08:40.811-0800][77724443ms] GC(25687) User=0.00s Sys=0.00s Real=0.01s
[2023-11-10T12:08:41.232-0800][77724864ms] GC(25688) Pause Young (Normal) (G1 Evacuation Pause)
[2023-11-10T12:08:41.232-0800][77724864ms] GC(25688) Using 10 workers of 10 for evacuation
[2023-11-10T12:08:41.237-0800][77724869ms] GC(25688)   Pre Evacuate Collection Set: 0.0ms
[2023-11-10T12:08:41.237-0800][77724869ms] GC(25688)   Evacuate Collection Set: 1.7ms
[2023-11-10T12:08:41.237-0800][77724869ms] GC(25688)   Post Evacuate Collection Set: 3.4ms
[2023-11-10T12:08:41.237-0800][77724869ms] GC(25688)   Other: 0.3ms
[2023-11-10T12:08:41.237-0800][77724869ms] GC(25688) Eden regions: 154->0(154)
[2023-11-10T12:08:41.237-0800][77724869ms] GC(25688) Survivor regions: 1->1(20)
[2023-11-10T12:08:41.237-0800][77724869ms] GC(25688) Old regions: 1459->1459
[2023-11-10T12:08:41.237-0800][77724869ms] GC(25688) Humongous regions: 5->5
[2023-11-10T12:08:41.237-0800][77724869ms] GC(25688) Metaspace: 305043K->305043K(1349632K)
[2023-11-10T12:08:41.237-0800][77724869ms] GC(25688) Pause Young (Normal) (G1 Evacuation Pause) 3234M->2926M(3602M) 5.607ms
[2023-11-10T12:08:41.237-0800][77724869ms] GC(25688) User=0.00s Sys=0.00s Real=0.00s
[2023-11-10T12:08:41.615-0800][77725247ms] GC(25689) Pause Young (Normal) (G1 Evacuation Pause)
[2023-11-10T12:08:41.615-0800][77725247ms] GC(25689) Using 10 workers of 10 for evacuation
[2023-11-10T12:08:41.621-0800][77725253ms] GC(25689)   Pre Evacuate Collection Set: 0.0ms
[2023-11-10T12:08:41.621-0800][77725253ms] GC(25689)   Evacuate Collection Set: 1.9ms
[2023-11-10T12:08:41.621-0800][77725253ms] GC(25689)   Post Evacuate Collection Set: 3.3ms
[2023-11-10T12:08:41.621-0800][77725253ms] GC(25689)   Other: 0.3ms
[2023-11-10T12:08:41.621-0800][77725253ms] GC(25689) Eden regions: 154->0(154)
[2023-11-10T12:08:41.621-0800][77725253ms] GC(25689) Survivor regions: 1->1(20)
[2023-11-10T12:08:41.621-0800][77725253ms] GC(25689) Old regions: 1459->1459
[2023-11-10T12:08:41.621-0800][77725253ms] GC(25689) Humongous regions: 5->5
[2023-11-10T12:08:41.621-0800][77725253ms] GC(25689) Metaspace: 305043K->305043K(1349632K)
[2023-11-10T12:08:41.621-0800][77725253ms] GC(25689) Pause Young (Normal) (G1 Evacuation Pause) 3234M->2926M(3602M) 5.590ms
[2023-11-10T12:08:41.621-0800][77725253ms] GC(25689) User=0.11s Sys=0.00s Real=0.01s
[2023-11-10T12:08:41.973-0800][77725605ms] GC(25690) Pause Young (Normal) (G1 Evacuation Pause)
[2023-11-10T12:08:41.973-0800][77725605ms] GC(25690) Using 10 workers of 10 for evacuation
[2023-11-10T12:08:41.978-0800][77725610ms] GC(25690)   Pre Evacuate Collection Set: 0.0ms
[2023-11-10T12:08:41.978-0800][77725610ms] GC(25690)   Evacuate Collection Set: 1.7ms
[2023-11-10T12:08:41.978-0800][77725610ms] GC(25690)   Post Evacuate Collection Set: 3.2ms
[2023-11-10T12:08:41.978-0800][77725610ms] GC(25690)   Other: 0.2ms
[2023-11-10T12:08:41.978-0800][77725610ms] GC(25690) Eden regions: 154->0(154)
[2023-11-10T12:08:41.978-0800][77725610ms] GC(25690) Survivor regions: 1->1(20)
[2023-11-10T12:08:41.978-0800][77725610ms] GC(25690) Old regions: 1459->1459
[2023-11-10T12:08:41.978-0800][77725610ms] GC(25690) Humongous regions: 5->5
[2023-11-10T12:08:41.978-0800][77725610ms] GC(25690) Metaspace: 305043K->305043K(1349632K)
[2023-11-10T12:08:41.978-0800][77725610ms] GC(25690) Pause Young (Normal) (G1 Evacuation Pause) 3234M->2926M(3602M) 5.245ms
[2023-11-10T12:08:41.978-0800][77725610ms] GC(25690) User=0.02s Sys=0.00s Real=0.00s
[2023-11-10T12:08:42.356-0800][77725988ms] GC(25691) Pause Young (Normal) (G1 Evacuation Pause)
[2023-11-10T12:08:42.356-0800][77725988ms] GC(25691) Using 10 workers of 10 for evacuation
[2023-11-10T12:08:42.361-0800][77725993ms] GC(25691)   Pre Evacuate Collection Set: 0.1ms
[2023-11-10T12:08:42.361-0800][77725993ms] GC(25691)   Evacuate Collection Set: 1.8ms
[2023-11-10T12:08:42.361-0800][77725993ms] GC(25691)   Post Evacuate Collection Set: 3.0ms
[2023-11-10T12:08:42.361-0800][77725993ms] GC(25691)   Other: 0.3ms
[2023-11-10T12:08:42.361-0800][77725993ms] GC(25691) Eden regions: 154->0(154)
[2023-11-10T12:08:42.361-0800][77725993ms] GC(25691) Survivor regions: 1->1(20)
[2023-11-10T12:08:42.361-0800][77725993ms] GC(25691) Old regions: 1459->1459
[2023-11-10T12:08:42.361-0800][77725993ms] GC(25691) Humongous regions: 5->5
[2023-11-10T12:08:42.361-0800][77725993ms] GC(25691) Metaspace: 305043K->305043K(1349632K)
[2023-11-10T12:08:42.361-0800][77725993ms] GC(25691) Pause Young (Normal) (G1 Evacuation Pause) 3234M->2926M(3602M) 5.285ms
[2023-11-10T12:08:42.361-0800][77725993ms] GC(25691) User=0.00s Sys=0.00s Real=0.01s
[2023-11-10T12:08:42.731-0800][77726363ms] GC(25692) Pause Young (Normal) (G1 Evacuation Pause)
[2023-11-10T12:08:42.731-0800][77726363ms] GC(25692) Using 10 workers of 10 for evacuation
[2023-11-10T12:08:42.735-0800][77726367ms] GC(25692)   Pre Evacuate Collection Set: 0.0ms
[2023-11-10T12:08:42.735-0800][77726367ms] GC(25692)   Evacuate Collection Set: 1.7ms
[2023-11-10T12:08:42.735-0800][77726367ms] GC(25692)   Post Evacuate Collection Set: 3.0ms
[2023-11-10T12:08:42.735-0800][77726367ms] GC(25692)   Other: 0.3ms
[2023-11-10T12:08:42.736-0800][77726368ms] GC(25692) Eden regions: 154->0(154)
[2023-11-10T12:08:42.736-0800][77726368ms] GC(25692) Survivor regions: 1->1(20)
[2023-11-10T12:08:42.736-0800][77726368ms] GC(25692) Old regions: 1459->1459
[2023-11-10T12:08:42.736-0800][77726368ms] GC(25692) Humongous regions: 5->5
[2023-11-10T12:08:42.736-0800][77726368ms] GC(25692) Metaspace: 305043K->305043K(1349632K)
[2023-11-10T12:08:42.736-0800][77726368ms] GC(25692) Pause Young (Normal) (G1 Evacuation Pause) 3234M->2926M(3602M) 5.060ms
[2023-11-10T12:08:42.736-0800][77726368ms] GC(25692) User=0.00s Sys=0.00s Real=0.01s
[2023-11-10T12:08:43.123-0800][77726755ms] GC(25693) Pause Young (Normal) (G1 Evacuation Pause)
[2023-11-10T12:08:43.123-0800][77726755ms] GC(25693) Using 10 workers of 10 for evacuation
[2023-11-10T12:08:43.129-0800][77726761ms] GC(25693)   Pre Evacuate Collection Set: 0.0ms
[2023-11-10T12:08:43.129-0800][77726761ms] GC(25693)   Evacuate Collection Set: 2.5ms
[2023-11-10T12:08:43.129-0800][77726761ms] GC(25693)   Post Evacuate Collection Set: 3.5ms
[2023-11-10T12:08:43.129-0800][77726761ms] GC(25693)   Other: 0.3ms
[2023-11-10T12:08:43.129-0800][77726761ms] GC(25693) Eden regions: 154->0(154)
[2023-11-10T12:08:43.129-0800][77726761ms] GC(25693) Survivor regions: 1->1(20)
[2023-11-10T12:08:43.129-0800][77726761ms] GC(25693) Old regions: 1459->1459
[2023-11-10T12:08:43.129-0800][77726761ms] GC(25693) Humongous regions: 5->5
[2023-11-10T12:08:43.129-0800][77726761ms] GC(25693) Metaspace: 305043K->305043K(1349632K)
[2023-11-10T12:08:43.129-0800][77726761ms] GC(25693) Pause Young (Normal) (G1 Evacuation Pause) 3234M->2927M(3602M) 6.430ms
[2023-11-10T12:08:43.129-0800][77726761ms] GC(25693) User=0.00s Sys=0.00s Real=0.01s
[2023-11-10T12:08:43.494-0800][77727126ms] GC(25694) Pause Young (Normal) (G1 Evacuation Pause)
[2023-11-10T12:08:43.494-0800][77727126ms] GC(25694) Using 10 workers of 10 for evacuation
[2023-11-10T12:08:43.499-0800][77727131ms] GC(25694)   Pre Evacuate Collection Set: 0.0ms
[2023-11-10T12:08:43.499-0800][77727131ms] GC(25694)   Evacuate Collection Set: 1.7ms
[2023-11-10T12:08:43.499-0800][77727131ms] GC(25694)   Post Evacuate Collection Set: 3.1ms
[2023-11-10T12:08:43.499-0800][77727131ms] GC(25694)   Other: 0.2ms
[2023-11-10T12:08:43.499-0800][77727131ms] GC(25694) Eden regions: 154->0(154)
[2023-11-10T12:08:43.499-0800][77727131ms] GC(25694) Survivor regions: 1->1(20)
[2023-11-10T12:08:43.499-0800][77727131ms] GC(25694) Old regions: 1459->1459
[2023-11-10T12:08:43.499-0800][77727131ms] GC(25694) Humongous regions: 5->5
[2023-11-10T12:08:43.499-0800][77727131ms] GC(25694) Metaspace: 305043K->305043K(1349632K)
[2023-11-10T12:08:43.499-0800][77727131ms] GC(25694) Pause Young (Normal) (G1 Evacuation Pause) 3235M->2926M(3602M) 5.182ms
[2023-11-10T12:08:43.499-0800][77727131ms] GC(25694) User=0.00s Sys=0.00s Real=0.01s
[2023-11-10T12:08:43.838-0800][77727470ms] GC(25695) Pause Young (Normal) (G1 Evacuation Pause)
[2023-11-10T12:08:43.838-0800][77727470ms] GC(25695) Using 10 workers of 10 for evacuation
[2023-11-10T12:08:43.844-0800][77727476ms] GC(25695)   Pre Evacuate Collection Set: 0.0ms
[2023-11-10T12:08:43.844-0800][77727476ms] GC(25695)   Evacuate Collection Set: 1.7ms
[2023-11-10T12:08:43.844-0800][77727476ms] GC(25695)   Post Evacuate Collection Set: 3.1ms
[2023-11-10T12:08:43.844-0800][77727476ms] GC(25695)   Other: 0.3ms
[2023-11-10T12:08:43.844-0800][77727476ms] GC(25695) Eden regions: 154->0(154)
[2023-11-10T12:08:43.844-0800][77727476ms] GC(25695) Survivor regions: 1->1(20)
[2023-11-10T12:08:43.844-0800][77727476ms] GC(25695) Old regions: 1459->1459
[2023-11-10T12:08:43.844-0800][77727476ms] GC(25695) Humongous regions: 5->5
[2023-11-10T12:08:43.844-0800][77727476ms] GC(25695) Metaspace: 305043K->305043K(1349632K)
[2023-11-10T12:08:43.844-0800][77727476ms] GC(25695) Pause Young (Normal) (G1 Evacuation Pause) 3234M->2927M(3602M) 5.178ms
[2023-11-10T12:08:43.844-0800][77727476ms] GC(25695) User=0.00s Sys=0.00s Real=0.01s
[2023-11-10T12:08:44.182-0800][77727814ms] GC(25696) Pause Young (Normal) (G1 Evacuation Pause)
[2023-11-10T12:08:44.182-0800][77727814ms] GC(25696) Using 10 workers of 10 for evacuation
[2023-11-10T12:08:44.186-0800][77727818ms] GC(25696)   Pre Evacuate Collection Set: 0.0ms
[2023-11-10T12:08:44.186-0800][77727818ms] GC(25696)   Evacuate Collection Set: 1.6ms
[2023-11-10T12:08:44.186-0800][77727818ms] GC(25696)   Post Evacuate Collection Set: 2.9ms
[2023-11-10T12:08:44.186-0800][77727818ms] GC(25696)   Other: 0.2ms
[2023-11-10T12:08:44.186-0800][77727818ms] GC(25696) Eden regions: 154->0(154)
[2023-11-10T12:08:44.186-0800][77727818ms] GC(25696) Survivor regions: 1->1(20)
[2023-11-10T12:08:44.186-0800][77727818ms] GC(25696) Old regions: 1459->1459
[2023-11-10T12:08:44.186-0800][77727818ms] GC(25696) Humongous regions: 5->5
[2023-11-10T12:08:44.186-0800][77727818ms] GC(25696) Metaspace: 305043K->305043K(1349632K)
[2023-11-10T12:08:44.186-0800][77727818ms] GC(25696) Pause Young (Normal) (G1 Evacuation Pause) 3235M->2927M(3602M) 4.900ms
[2023-11-10T12:08:44.187-0800][77727819ms] GC(25696) User=0.00s Sys=0.00s Real=0.01s
[2023-11-10T12:08:44.504-0800][77728136ms] GC(25697) Pause Young (Normal) (G1 Evacuation Pause)
[2023-11-10T12:08:44.504-0800][77728136ms] GC(25697) Using 10 workers of 10 for evacuation
[2023-11-10T12:08:44.509-0800][77728141ms] GC(25697)   Pre Evacuate Collection Set: 0.0ms
[2023-11-10T12:08:44.509-0800][77728141ms] GC(25697)   Evacuate Collection Set: 1.7ms
[2023-11-10T12:08:44.509-0800][77728141ms] GC(25697)   Post Evacuate Collection Set: 3.1ms
[2023-11-10T12:08:44.509-0800][77728141ms] GC(25697)   Other: 0.3ms
[2023-11-10T12:08:44.509-0800][77728141ms] GC(25697) Eden regions: 154->0(154)
[2023-11-10T12:08:44.509-0800][77728141ms] GC(25697) Survivor regions: 1->1(20)
[2023-11-10T12:08:44.509-0800][77728141ms] GC(25697) Old regions: 1459->1459
[2023-11-10T12:08:44.509-0800][77728141ms] GC(25697) Humongous regions: 5->5
[2023-11-10T12:08:44.509-0800][77728141ms] GC(25697) Metaspace: 305043K->305043K(1349632K)
[2023-11-10T12:08:44.509-0800][77728141ms] GC(25697) Pause Young (Normal) (G1 Evacuation Pause) 3235M->2927M(3602M) 5.104ms
[2023-11-10T12:08:44.509-0800][77728141ms] GC(25697) User=0.02s Sys=0.00s Real=0.01s
[2023-11-10T12:08:44.897-0800][77728529ms] GC(25698) Pause Young (Normal) (G1 Evacuation Pause)
[2023-11-10T12:08:44.898-0800][77728530ms] GC(25698) Using 10 workers of 10 for evacuation
[2023-11-10T12:08:44.903-0800][77728535ms] GC(25698)   Pre Evacuate Collection Set: 0.0ms
[2023-11-10T12:08:44.903-0800][77728535ms] GC(25698)   Evacuate Collection Set: 1.7ms
[2023-11-10T12:08:44.903-0800][77728535ms] GC(25698)   Post Evacuate Collection Set: 3.1ms
[2023-11-10T12:08:44.903-0800][77728535ms] GC(25698)   Other: 0.3ms
[2023-11-10T12:08:44.903-0800][77728535ms] GC(25698) Eden regions: 154->0(154)
[2023-11-10T12:08:44.903-0800][77728535ms] GC(25698) Survivor regions: 1->1(20)
[2023-11-10T12:08:44.903-0800][77728535ms] GC(25698) Old regions: 1459->1459
[2023-11-10T12:08:44.903-0800][77728535ms] GC(25698) Humongous regions: 5->5
[2023-11-10T12:08:44.903-0800][77728535ms] GC(25698) Metaspace: 305043K->305043K(1349632K)
[2023-11-10T12:08:44.903-0800][77728535ms] GC(25698) Pause Young (Normal) (G1 Evacuation Pause) 3235M->2927M(3602M) 5.140ms
[2023-11-10T12:08:44.903-0800][77728535ms] GC(25698) User=0.00s Sys=0.00s Real=0.01s
[2023-11-10T12:08:45.338-0800][77728970ms] GC(25699) Pause Young (Normal) (G1 Evacuation Pause)
[2023-11-10T12:08:45.338-0800][77728970ms] GC(25699) Using 10 workers of 10 for evacuation
[2023-11-10T12:08:45.343-0800][77728975ms] GC(25699)   Pre Evacuate Collection Set: 0.0ms
[2023-11-10T12:08:45.343-0800][77728975ms] GC(25699)   Evacuate Collection Set: 1.6ms
[2023-11-10T12:08:45.343-0800][77728975ms] GC(25699)   Post Evacuate Collection Set: 3.0ms
[2023-11-10T12:08:45.343-0800][77728975ms] GC(25699)   Other: 0.3ms
[2023-11-10T12:08:45.343-0800][77728975ms] GC(25699) Eden regions: 154->0(154)
[2023-11-10T12:08:45.343-0800][77728975ms] GC(25699) Survivor regions: 1->1(20)
[2023-11-10T12:08:45.343-0800][77728975ms] GC(25699) Old regions: 1459->1459
[2023-11-10T12:08:45.343-0800][77728975ms] GC(25699) Humongous regions: 5->5
[2023-11-10T12:08:45.343-0800][77728975ms] GC(25699) Metaspace: 305043K->305043K(1349632K)
[2023-11-10T12:08:45.344-0800][77728976ms] GC(25699) Pause Young (Normal) (G1 Evacuation Pause) 3235M->2927M(3602M) 5.014ms
[2023-11-10T12:08:45.344-0800][77728976ms] GC(25699) User=0.00s Sys=0.00s Real=0.01s
[2023-11-10T12:08:45.696-0800][77729328ms] GC(25700) Pause Young (Normal) (G1 Evacuation Pause)
[2023-11-10T12:08:45.696-0800][77729328ms] GC(25700) Using 10 workers of 10 for evacuation
[2023-11-10T12:08:45.702-0800][77729334ms] GC(25700)   Pre Evacuate Collection Set: 0.0ms
[2023-11-10T12:08:45.702-0800][77729334ms] GC(25700)   Evacuate Collection Set: 1.6ms
[2023-11-10T12:08:45.702-0800][77729334ms] GC(25700)   Post Evacuate Collection Set: 3.1ms
[2023-11-10T12:08:45.702-0800][77729334ms] GC(25700)   Other: 0.2ms
[2023-11-10T12:08:45.702-0800][77729334ms] GC(25700) Eden regions: 154->0(154)
[2023-11-10T12:08:45.702-0800][77729334ms] GC(25700) Survivor regions: 1->1(20)
[2023-11-10T12:08:45.702-0800][77729334ms] GC(25700) Old regions: 1459->1459
[2023-11-10T12:08:45.702-0800][77729334ms] GC(25700) Humongous regions: 5->5
[2023-11-10T12:08:45.702-0800][77729334ms] GC(25700) Metaspace: 305043K->305043K(1349632K)
[2023-11-10T12:08:45.702-0800][77729334ms] GC(25700) Pause Young (Normal) (G1 Evacuation Pause) 3235M->2927M(3602M) 5.117ms
[2023-11-10T12:08:45.702-0800][77729334ms] GC(25700) User=0.00s Sys=0.00s Real=0.01s
[2023-11-10T12:08:46.014-0800][77729646ms] GC(25701) Pause Young (Normal) (G1 Evacuation Pause)
[2023-11-10T12:08:46.014-0800][77729646ms] GC(25701) Using 10 workers of 10 for evacuation
[2023-11-10T12:08:46.020-0800][77729652ms] GC(25701)   Pre Evacuate Collection Set: 0.0ms
[2023-11-10T12:08:46.020-0800][77729652ms] GC(25701)   Evacuate Collection Set: 1.7ms
[2023-11-10T12:08:46.020-0800][77729652ms] GC(25701)   Post Evacuate Collection Set: 4.1ms
[2023-11-10T12:08:46.020-0800][77729652ms] GC(25701)   Other: 0.3ms
[2023-11-10T12:08:46.020-0800][77729652ms] GC(25701) Eden regions: 154->0(154)
[2023-11-10T12:08:46.020-0800][77729652ms] GC(25701) Survivor regions: 1->1(20)
[2023-11-10T12:08:46.020-0800][77729652ms] GC(25701) Old regions: 1459->1459
[2023-11-10T12:08:46.020-0800][77729652ms] GC(25701) Humongous regions: 5->5
[2023-11-10T12:08:46.021-0800][77729653ms] GC(25701) Metaspace: 305043K->305043K(1349632K)
[2023-11-10T12:08:46.021-0800][77729653ms] GC(25701) Pause Young (Normal) (G1 Evacuation Pause) 3235M->2927M(3602M) 6.332ms
[2023-11-10T12:08:46.021-0800][77729653ms] GC(25701) User=0.00s Sys=0.00s Real=0.01s
[2023-11-10T12:08:46.428-0800][77730060ms] GC(25702) Pause Young (Normal) (G1 Evacuation Pause)
[2023-11-10T12:08:46.428-0800][77730060ms] GC(25702) Using 10 workers of 10 for evacuation
[2023-11-10T12:08:46.433-0800][77730065ms] GC(25702)   Pre Evacuate Collection Set: 0.0ms
[2023-11-10T12:08:46.433-0800][77730065ms] GC(25702)   Evacuate Collection Set: 1.7ms
[2023-11-10T12:08:46.433-0800][77730065ms] GC(25702)   Post Evacuate Collection Set: 3.1ms
[2023-11-10T12:08:46.433-0800][77730065ms] GC(25702)   Other: 0.3ms
[2023-11-10T12:08:46.433-0800][77730065ms] GC(25702) Eden regions: 154->0(154)
[2023-11-10T12:08:46.433-0800][77730065ms] GC(25702) Survivor regions: 1->1(20)
[2023-11-10T12:08:46.433-0800][77730065ms] GC(25702) Old regions: 1459->1459
[2023-11-10T12:08:46.433-0800][77730065ms] GC(25702) Humongous regions: 5->5
[2023-11-10T12:08:46.433-0800][77730065ms] GC(25702) Metaspace: 305043K->305043K(1349632K)
[2023-11-10T12:08:46.433-0800][77730065ms] GC(25702) Pause Young (Normal) (G1 Evacuation Pause) 3235M->2927M(3602M) 5.147ms
[2023-11-10T12:08:46.433-0800][77730065ms] GC(25702) User=0.11s Sys=0.00s Real=0.01s
[2023-11-10T12:08:46.766-0800][77730398ms] GC(25703) Pause Young (Normal) (G1 Evacuation Pause)
[2023-11-10T12:08:46.766-0800][77730398ms] GC(25703) Using 10 workers of 10 for evacuation
[2023-11-10T12:08:46.772-0800][77730404ms] GC(25703)   Pre Evacuate Collection Set: 0.0ms
[2023-11-10T12:08:46.772-0800][77730404ms] GC(25703)   Evacuate Collection Set: 1.7ms
[2023-11-10T12:08:46.772-0800][77730404ms] GC(25703)   Post Evacuate Collection Set: 3.1ms
[2023-11-10T12:08:46.772-0800][77730404ms] GC(25703)   Other: 0.2ms
[2023-11-10T12:08:46.772-0800][77730404ms] GC(25703) Eden regions: 154->0(154)
[2023-11-10T12:08:46.772-0800][77730404ms] GC(25703) Survivor regions: 1->1(20)
[2023-11-10T12:08:46.772-0800][77730404ms] GC(25703) Old regions: 1459->1459
[2023-11-10T12:08:46.772-0800][77730404ms] GC(25703) Humongous regions: 5->5
[2023-11-10T12:08:46.772-0800][77730404ms] GC(25703) Metaspace: 305043K->305043K(1349632K)
[2023-11-10T12:08:46.772-0800][77730404ms] GC(25703) Pause Young (Normal) (G1 Evacuation Pause) 3235M->2927M(3602M) 5.230ms
[2023-11-10T12:08:46.772-0800][77730404ms] GC(25703) User=0.00s Sys=0.00s Real=0.01s
[2023-11-10T12:08:47.111-0800][77730743ms] GC(25704) Pause Young (Normal) (G1 Evacuation Pause)
[2023-11-10T12:08:47.111-0800][77730743ms] GC(25704) Using 10 workers of 10 for evacuation
[2023-11-10T12:08:47.115-0800][77730747ms] GC(25704)   Pre Evacuate Collection Set: 0.0ms
[2023-11-10T12:08:47.115-0800][77730747ms] GC(25704)   Evacuate Collection Set: 1.6ms
[2023-11-10T12:08:47.115-0800][77730747ms] GC(25704)   Post Evacuate Collection Set: 3.0ms
[2023-11-10T12:08:47.115-0800][77730747ms] GC(25704)   Other: 0.2ms
[2023-11-10T12:08:47.115-0800][77730747ms] GC(25704) Eden regions: 154->0(154)
[2023-11-10T12:08:47.115-0800][77730747ms] GC(25704) Survivor regions: 1->1(20)
[2023-11-10T12:08:47.115-0800][77730747ms] GC(25704) Old regions: 1459->1459
[2023-11-10T12:08:47.115-0800][77730747ms] GC(25704) Humongous regions: 5->5
[2023-11-10T12:08:47.115-0800][77730747ms] GC(25704) Metaspace: 305043K->305043K(1349632K)
[2023-11-10T12:08:47.116-0800][77730748ms] GC(25704) Pause Young (Normal) (G1 Evacuation Pause) 3235M->2927M(3602M) 5.021ms
[2023-11-10T12:08:47.116-0800][77730748ms] GC(25704) User=0.00s Sys=0.00s Real=0.00s
[2023-11-10T12:08:47.495-0800][77731127ms] GC(25705) Pause Young (Normal) (G1 Evacuation Pause)
[2023-11-10T12:08:47.495-0800][77731127ms] GC(25705) Using 10 workers of 10 for evacuation
[2023-11-10T12:08:47.500-0800][77731132ms] GC(25705)   Pre Evacuate Collection Set: 0.1ms
[2023-11-10T12:08:47.500-0800][77731132ms] GC(25705)   Evacuate Collection Set: 1.7ms
[2023-11-10T12:08:47.501-0800][77731133ms] GC(25705)   Post Evacuate Collection Set: 3.2ms
[2023-11-10T12:08:47.501-0800][77731133ms] GC(25705)   Other: 0.3ms
[2023-11-10T12:08:47.501-0800][77731133ms] GC(25705) Eden regions: 154->0(154)
[2023-11-10T12:08:47.501-0800][77731133ms] GC(25705) Survivor regions: 1->1(20)
[2023-11-10T12:08:47.501-0800][77731133ms] GC(25705) Old regions: 1459->1459
[2023-11-10T12:08:47.501-0800][77731133ms] GC(25705) Humongous regions: 5->5
[2023-11-10T12:08:47.501-0800][77731133ms] GC(25705) Metaspace: 305043K->305043K(1349632K)
[2023-11-10T12:08:47.501-0800][77731133ms] GC(25705) Pause Young (Normal) (G1 Evacuation Pause) 3235M->2927M(3602M) 5.356ms
[2023-11-10T12:08:47.501-0800][77731133ms] GC(25705) User=0.00s Sys=0.00s Real=0.01s
[2023-11-10T12:08:47.841-0800][77731474ms] GC(25706) Pause Young (Normal) (G1 Evacuation Pause)
[2023-11-10T12:08:47.842-0800][77731474ms] GC(25706) Using 10 workers of 10 for evacuation
[2023-11-10T12:08:47.847-0800][77731479ms] GC(25706)   Pre Evacuate Collection Set: 0.0ms
[2023-11-10T12:08:47.847-0800][77731479ms] GC(25706)   Evacuate Collection Set: 1.8ms
[2023-11-10T12:08:47.847-0800][77731479ms] GC(25706)   Post Evacuate Collection Set: 3.1ms
[2023-11-10T12:08:47.847-0800][77731479ms] GC(25706)   Other: 0.3ms
[2023-11-10T12:08:47.847-0800][77731479ms] GC(25706) Eden regions: 154->0(154)
[2023-11-10T12:08:47.847-0800][77731479ms] GC(25706) Survivor regions: 1->1(20)
[2023-11-10T12:08:47.847-0800][77731479ms] GC(25706) Old regions: 1459->1459
[2023-11-10T12:08:47.847-0800][77731479ms] GC(25706) Humongous regions: 5->5
[2023-11-10T12:08:47.847-0800][77731479ms] GC(25706) Metaspace: 305043K->305043K(1349632K)
[2023-11-10T12:08:47.847-0800][77731479ms] GC(25706) Pause Young (Normal) (G1 Evacuation Pause) 3235M->2927M(3602M) 5.284ms
[2023-11-10T12:08:47.847-0800][77731479ms] GC(25706) User=0.00s Sys=0.00s Real=0.01s
[2023-11-10T12:08:48.214-0800][77731846ms] GC(25707) Pause Young (Normal) (G1 Evacuation Pause)
[2023-11-10T12:08:48.214-0800][77731846ms] GC(25707) Using 10 workers of 10 for evacuation
[2023-11-10T12:08:48.220-0800][77731852ms] GC(25707)   Pre Evacuate Collection Set: 0.0ms
[2023-11-10T12:08:48.220-0800][77731852ms] GC(25707)   Evacuate Collection Set: 1.6ms
[2023-11-10T12:08:48.220-0800][77731852ms] GC(25707)   Post Evacuate Collection Set: 3.2ms
[2023-11-10T12:08:48.220-0800][77731852ms] GC(25707)   Other: 0.3ms
[2023-11-10T12:08:48.220-0800][77731852ms] GC(25707) Eden regions: 154->0(154)
[2023-11-10T12:08:48.220-0800][77731852ms] GC(25707) Survivor regions: 1->1(20)
[2023-11-10T12:08:48.220-0800][77731852ms] GC(25707) Old regions: 1459->1459
[2023-11-10T12:08:48.220-0800][77731852ms] GC(25707) Humongous regions: 5->5
[2023-11-10T12:08:48.220-0800][77731852ms] GC(25707) Metaspace: 305043K->305043K(1349632K)
[2023-11-10T12:08:48.220-0800][77731852ms] GC(25707) Pause Young (Normal) (G1 Evacuation Pause) 3235M->2927M(3602M) 5.163ms
[2023-11-10T12:08:48.220-0800][77731852ms] GC(25707) User=0.00s Sys=0.00s Real=0.01s
[2023-11-10T12:08:48.545-0800][77732177ms] GC(25708) Pause Young (Normal) (G1 Evacuation Pause)
[2023-11-10T12:08:48.545-0800][77732177ms] GC(25708) Using 10 workers of 10 for evacuation
[2023-11-10T12:08:48.551-0800][77732183ms] GC(25708)   Pre Evacuate Collection Set: 0.0ms
[2023-11-10T12:08:48.551-0800][77732183ms] GC(25708)   Evacuate Collection Set: 1.9ms
[2023-11-10T12:08:48.551-0800][77732183ms] GC(25708)   Post Evacuate Collection Set: 3.1ms
[2023-11-10T12:08:48.551-0800][77732183ms] GC(25708)   Other: 0.2ms
[2023-11-10T12:08:48.551-0800][77732183ms] GC(25708) Eden regions: 154->0(154)
[2023-11-10T12:08:48.551-0800][77732183ms] GC(25708) Survivor regions: 1->1(20)
[2023-11-10T12:08:48.551-0800][77732183ms] GC(25708) Old regions: 1459->1459
[2023-11-10T12:08:48.551-0800][77732183ms] GC(25708) Humongous regions: 5->5
[2023-11-10T12:08:48.551-0800][77732183ms] GC(25708) Metaspace: 305043K->305043K(1349632K)
[2023-11-10T12:08:48.551-0800][77732183ms] GC(25708) Pause Young (Normal) (G1 Evacuation Pause) 3235M->2927M(3602M) 5.377ms
[2023-11-10T12:08:48.551-0800][77732183ms] GC(25708) User=0.00s Sys=0.00s Real=0.01s
[2023-11-10T12:08:48.938-0800][77732570ms] GC(25709) Pause Young (Normal) (G1 Evacuation Pause)
[2023-11-10T12:08:48.938-0800][77732570ms] GC(25709) Using 10 workers of 10 for evacuation
[2023-11-10T12:08:48.942-0800][77732574ms] GC(25709)   Pre Evacuate Collection Set: 0.0ms
[2023-11-10T12:08:48.942-0800][77732574ms] GC(25709)   Evacuate Collection Set: 1.7ms
[2023-11-10T12:08:48.942-0800][77732574ms] GC(25709)   Post Evacuate Collection Set: 3.0ms
[2023-11-10T12:08:48.943-0800][77732575ms] GC(25709)   Other: 0.2ms
[2023-11-10T12:08:48.943-0800][77732575ms] GC(25709) Eden regions: 154->0(154)
[2023-11-10T12:08:48.943-0800][77732575ms] GC(25709) Survivor regions: 1->1(20)
[2023-11-10T12:08:48.943-0800][77732575ms] GC(25709) Old regions: 1459->1459
[2023-11-10T12:08:48.943-0800][77732575ms] GC(25709) Humongous regions: 5->5
[2023-11-10T12:08:48.943-0800][77732575ms] GC(25709) Metaspace: 305043K->305043K(1349632K)
[2023-11-10T12:08:48.943-0800][77732575ms] GC(25709) Pause Young (Normal) (G1 Evacuation Pause) 3235M->2927M(3602M) 5.096ms
[2023-11-10T12:08:48.943-0800][77732575ms] GC(25709) User=0.00s Sys=0.00s Real=0.01s
[2023-11-10T12:08:49.259-0800][77732891ms] GC(25710) Pause Young (Normal) (G1 Evacuation Pause)
[2023-11-10T12:08:49.259-0800][77732891ms] GC(25710) Using 10 workers of 10 for evacuation
[2023-11-10T12:08:49.264-0800][77732896ms] GC(25710)   Pre Evacuate Collection Set: 0.0ms
[2023-11-10T12:08:49.265-0800][77732897ms] GC(25710)   Evacuate Collection Set: 1.7ms
[2023-11-10T12:08:49.265-0800][77732897ms] GC(25710)   Post Evacuate Collection Set: 3.1ms
[2023-11-10T12:08:49.265-0800][77732897ms] GC(25710)   Other: 0.2ms
[2023-11-10T12:08:49.265-0800][77732897ms] GC(25710) Eden regions: 154->0(154)
[2023-11-10T12:08:49.265-0800][77732897ms] GC(25710) Survivor regions: 1->1(20)
[2023-11-10T12:08:49.265-0800][77732897ms] GC(25710) Old regions: 1459->1459
[2023-11-10T12:08:49.265-0800][77732897ms] GC(25710) Humongous regions: 5->5
[2023-11-10T12:08:49.265-0800][77732897ms] GC(25710) Metaspace: 305043K->305043K(1349632K)
[2023-11-10T12:08:49.265-0800][77732897ms] GC(25710) Pause Young (Normal) (G1 Evacuation Pause) 3235M->2927M(3602M) 5.158ms
[2023-11-10T12:08:49.265-0800][77732897ms] GC(25710) User=0.00s Sys=0.00s Real=0.01s
[2023-11-10T12:08:49.602-0800][77733234ms] GC(25711) Pause Young (Normal) (G1 Evacuation Pause)
[2023-11-10T12:08:49.602-0800][77733234ms] GC(25711) Using 10 workers of 10 for evacuation
[2023-11-10T12:08:49.607-0800][77733239ms] GC(25711)   Pre Evacuate Collection Set: 0.0ms
[2023-11-10T12:08:49.607-0800][77733239ms] GC(25711)   Evacuate Collection Set: 1.7ms
[2023-11-10T12:08:49.607-0800][77733239ms] GC(25711)   Post Evacuate Collection Set: 3.2ms
[2023-11-10T12:08:49.607-0800][77733239ms] GC(25711)   Other: 0.3ms
[2023-11-10T12:08:49.607-0800][77733239ms] GC(25711) Eden regions: 154->0(154)
[2023-11-10T12:08:49.607-0800][77733239ms] GC(25711) Survivor regions: 1->1(20)
[2023-11-10T12:08:49.607-0800][77733239ms] GC(25711) Old regions: 1459->1459
[2023-11-10T12:08:49.607-0800][77733239ms] GC(25711) Humongous regions: 5->5
[2023-11-10T12:08:49.607-0800][77733239ms] GC(25711) Metaspace: 305043K->305043K(1349632K)
[2023-11-10T12:08:49.607-0800][77733239ms] GC(25711) Pause Young (Normal) (G1 Evacuation Pause) 3235M->2927M(3602M) 5.243ms
[2023-11-10T12:08:49.607-0800][77733239ms] GC(25711) User=0.00s Sys=0.00s Real=0.01s
[2023-11-10T12:08:49.919-0800][77733551ms] GC(25712) Pause Young (Normal) (G1 Evacuation Pause)
[2023-11-10T12:08:49.919-0800][77733551ms] GC(25712) Using 10 workers of 10 for evacuation
[2023-11-10T12:08:49.924-0800][77733556ms] GC(25712)   Pre Evacuate Collection Set: 0.0ms
[2023-11-10T12:08:49.924-0800][77733556ms] GC(25712)   Evacuate Collection Set: 1.7ms
[2023-11-10T12:08:49.924-0800][77733556ms] GC(25712)   Post Evacuate Collection Set: 3.1ms
[2023-11-10T12:08:49.924-0800][77733556ms] GC(25712)   Other: 0.2ms
[2023-11-10T12:08:49.924-0800][77733556ms] GC(25712) Eden regions: 154->0(154)
[2023-11-10T12:08:49.924-0800][77733556ms] GC(25712) Survivor regions: 1->1(20)
[2023-11-10T12:08:49.924-0800][77733556ms] GC(25712) Old regions: 1459->1459
[2023-11-10T12:08:49.924-0800][77733556ms] GC(25712) Humongous regions: 5->5
[2023-11-10T12:08:49.924-0800][77733556ms] GC(25712) Metaspace: 305043K->305043K(1349632K)
[2023-11-10T12:08:49.924-0800][77733556ms] GC(25712) Pause Young (Normal) (G1 Evacuation Pause) 3235M->2927M(3602M) 5.162ms
[2023-11-10T12:08:49.924-0800][77733556ms] GC(25712) User=0.00s Sys=0.00s Real=0.01s
[2023-11-10T12:08:50.295-0800][77733927ms] GC(25713) Pause Young (Normal) (G1 Evacuation Pause)
[2023-11-10T12:08:50.295-0800][77733927ms] GC(25713) Using 10 workers of 10 for evacuation
[2023-11-10T12:08:50.299-0800][77733931ms] GC(25713)   Pre Evacuate Collection Set: 0.0ms
[2023-11-10T12:08:50.299-0800][77733931ms] GC(25713)   Evacuate Collection Set: 1.7ms
[2023-11-10T12:08:50.299-0800][77733931ms] GC(25713)   Post Evacuate Collection Set: 3.0ms
[2023-11-10T12:08:50.299-0800][77733931ms] GC(25713)   Other: 0.2ms
[2023-11-10T12:08:50.299-0800][77733931ms] GC(25713) Eden regions: 154->0(154)
[2023-11-10T12:08:50.299-0800][77733931ms] GC(25713) Survivor regions: 1->1(20)
[2023-11-10T12:08:50.299-0800][77733931ms] GC(25713) Old regions: 1459->1459
[2023-11-10T12:08:50.299-0800][77733931ms] GC(25713) Humongous regions: 5->5
[2023-11-10T12:08:50.299-0800][77733931ms] GC(25713) Metaspace: 305043K->305043K(1349632K)
[2023-11-10T12:08:50.299-0800][77733931ms] GC(25713) Pause Young (Normal) (G1 Evacuation Pause) 3235M->2927M(3602M) 5.045ms
[2023-11-10T12:08:50.299-0800][77733931ms] GC(25713) User=0.00s Sys=0.00s Real=0.00s
[2023-11-10T12:08:50.671-0800][77734303ms] GC(25714) Pause Young (Normal) (G1 Evacuation Pause)
[2023-11-10T12:08:50.671-0800][77734303ms] GC(25714) Using 10 workers of 10 for evacuation
[2023-11-10T12:08:50.676-0800][77734308ms] GC(25714)   Pre Evacuate Collection Set: 0.0ms
[2023-11-10T12:08:50.676-0800][77734308ms] GC(25714)   Evacuate Collection Set: 1.7ms
[2023-11-10T12:08:50.676-0800][77734308ms] GC(25714)   Post Evacuate Collection Set: 3.2ms
[2023-11-10T12:08:50.676-0800][77734308ms] GC(25714)   Other: 0.2ms
[2023-11-10T12:08:50.676-0800][77734308ms] GC(25714) Eden regions: 154->0(154)
[2023-11-10T12:08:50.676-0800][77734308ms] GC(25714) Survivor regions: 1->1(20)
[2023-11-10T12:08:50.676-0800][77734308ms] GC(25714) Old regions: 1459->1459
[2023-11-10T12:08:50.676-0800][77734308ms] GC(25714) Humongous regions: 5->5
[2023-11-10T12:08:50.676-0800][77734308ms] GC(25714) Metaspace: 305043K->305043K(1349632K)
[2023-11-10T12:08:50.676-0800][77734308ms] GC(25714) Pause Young (Normal) (G1 Evacuation Pause) 3235M->2927M(3602M) 5.172ms
[2023-11-10T12:08:50.676-0800][77734308ms] GC(25714) User=0.00s Sys=0.00s Real=0.01s
[2023-11-10T12:08:51.059-0800][77734691ms] GC(25715) Pause Young (Normal) (G1 Evacuation Pause)
[2023-11-10T12:08:51.059-0800][77734691ms] GC(25715) Using 10 workers of 10 for evacuation
[2023-11-10T12:08:51.065-0800][77734697ms] GC(25715)   Pre Evacuate Collection Set: 0.0ms
[2023-11-10T12:08:51.065-0800][77734697ms] GC(25715)   Evacuate Collection Set: 1.6ms
[2023-11-10T12:08:51.065-0800][77734697ms] GC(25715)   Post Evacuate Collection Set: 2.8ms
[2023-11-10T12:08:51.065-0800][77734697ms] GC(25715)   Other: 0.2ms
[2023-11-10T12:08:51.065-0800][77734697ms] GC(25715) Eden regions: 154->0(154)
[2023-11-10T12:08:51.065-0800][77734697ms] GC(25715) Survivor regions: 1->1(20)
[2023-11-10T12:08:51.065-0800][77734697ms] GC(25715) Old regions: 1459->1459
[2023-11-10T12:08:51.065-0800][77734697ms] GC(25715) Humongous regions: 5->5
[2023-11-10T12:08:51.065-0800][77734697ms] GC(25715) Metaspace: 305043K->305043K(1349632K)
[2023-11-10T12:08:51.065-0800][77734697ms] GC(25715) Pause Young (Normal) (G1 Evacuation Pause) 3235M->2927M(3602M) 4.864ms
[2023-11-10T12:08:51.065-0800][77734697ms] GC(25715) User=0.00s Sys=0.00s Real=0.01s
[2023-11-10T12:08:51.425-0800][77735057ms] GC(25716) Pause Young (Normal) (G1 Evacuation Pause)
[2023-11-10T12:08:51.425-0800][77735057ms] GC(25716) Using 10 workers of 10 for evacuation
[2023-11-10T12:08:51.430-0800][77735062ms] GC(25716)   Pre Evacuate Collection Set: 0.1ms
[2023-11-10T12:08:51.430-0800][77735062ms] GC(25716)   Evacuate Collection Set: 1.7ms
[2023-11-10T12:08:51.430-0800][77735062ms] GC(25716)   Post Evacuate Collection Set: 3.4ms
[2023-11-10T12:08:51.430-0800][77735062ms] GC(25716)   Other: 0.3ms
[2023-11-10T12:08:51.430-0800][77735062ms] GC(25716) Eden regions: 154->0(154)
[2023-11-10T12:08:51.430-0800][77735062ms] GC(25716) Survivor regions: 1->1(20)
[2023-11-10T12:08:51.430-0800][77735062ms] GC(25716) Old regions: 1459->1459
[2023-11-10T12:08:51.430-0800][77735062ms] GC(25716) Humongous regions: 5->5
[2023-11-10T12:08:51.430-0800][77735062ms] GC(25716) Metaspace: 305043K->305043K(1349632K)
[2023-11-10T12:08:51.430-0800][77735062ms] GC(25716) Pause Young (Normal) (G1 Evacuation Pause) 3235M->2927M(3602M) 5.595ms
[2023-11-10T12:08:51.430-0800][77735062ms] GC(25716) User=0.02s Sys=0.00s Real=0.01s
[2023-11-10T12:08:51.856-0800][77735488ms] GC(25717) Pause Young (Normal) (G1 Evacuation Pause)
[2023-11-10T12:08:51.856-0800][77735488ms] GC(25717) Using 10 workers of 10 for evacuation
[2023-11-10T12:08:51.863-0800][77735495ms] GC(25717)   Pre Evacuate Collection Set: 0.0ms
[2023-11-10T12:08:51.863-0800][77735495ms] GC(25717)   Evacuate Collection Set: 1.7ms
[2023-11-10T12:08:51.863-0800][77735495ms] GC(25717)   Post Evacuate Collection Set: 3.8ms
[2023-11-10T12:08:51.863-0800][77735495ms] GC(25717)   Other: 0.2ms
[2023-11-10T12:08:51.863-0800][77735495ms] GC(25717) Eden regions: 154->0(154)
[2023-11-10T12:08:51.863-0800][77735495ms] GC(25717) Survivor regions: 1->1(20)
[2023-11-10T12:08:51.863-0800][77735495ms] GC(25717) Old regions: 1459->1459
[2023-11-10T12:08:51.863-0800][77735495ms] GC(25717) Humongous regions: 5->5
[2023-11-10T12:08:51.863-0800][77735495ms] GC(25717) Metaspace: 305043K->305043K(1349632K)
[2023-11-10T12:08:51.863-0800][77735495ms] GC(25717) Pause Young (Normal) (G1 Evacuation Pause) 3235M->2927M(3602M) 5.904ms
[2023-11-10T12:08:51.863-0800][77735495ms] GC(25717) User=0.00s Sys=0.00s Real=0.01s
[2023-11-10T12:08:52.230-0800][77735862ms] GC(25718) Pause Young (Normal) (G1 Evacuation Pause)
[2023-11-10T12:08:52.230-0800][77735862ms] GC(25718) Using 10 workers of 10 for evacuation
[2023-11-10T12:08:52.235-0800][77735867ms] GC(25718)   Pre Evacuate Collection Set: 0.1ms
[2023-11-10T12:08:52.235-0800][77735867ms] GC(25718)   Evacuate Collection Set: 1.7ms
[2023-11-10T12:08:52.235-0800][77735867ms] GC(25718)   Post Evacuate Collection Set: 3.0ms
[2023-11-10T12:08:52.235-0800][77735867ms] GC(25718)   Other: 0.3ms
[2023-11-10T12:08:52.235-0800][77735867ms] GC(25718) Eden regions: 154->0(154)
[2023-11-10T12:08:52.235-0800][77735867ms] GC(25718) Survivor regions: 1->1(20)
[2023-11-10T12:08:52.235-0800][77735867ms] GC(25718) Old regions: 1459->1459
[2023-11-10T12:08:52.235-0800][77735867ms] GC(25718) Humongous regions: 5->5
[2023-11-10T12:08:52.235-0800][77735867ms] GC(25718) Metaspace: 305043K->305043K(1349632K)
[2023-11-10T12:08:52.235-0800][77735867ms] GC(25718) Pause Young (Normal) (G1 Evacuation Pause) 3235M->2927M(3602M) 5.079ms
[2023-11-10T12:08:52.235-0800][77735867ms] GC(25718) User=0.00s Sys=0.00s Real=0.00s
[2023-11-10T12:08:52.601-0800][77736233ms] GC(25719) Pause Young (Normal) (G1 Evacuation Pause)
[2023-11-10T12:08:52.601-0800][77736233ms] GC(25719) Using 10 workers of 10 for evacuation
[2023-11-10T12:08:52.606-0800][77736238ms] GC(25719)   Pre Evacuate Collection Set: 0.1ms
[2023-11-10T12:08:52.606-0800][77736238ms] GC(25719)   Evacuate Collection Set: 1.6ms
[2023-11-10T12:08:52.606-0800][77736238ms] GC(25719)   Post Evacuate Collection Set: 3.0ms
[2023-11-10T12:08:52.606-0800][77736238ms] GC(25719)   Other: 0.4ms
[2023-11-10T12:08:52.606-0800][77736238ms] GC(25719) Eden regions: 154->0(154)
[2023-11-10T12:08:52.606-0800][77736238ms] GC(25719) Survivor regions: 1->1(20)
[2023-11-10T12:08:52.606-0800][77736238ms] GC(25719) Old regions: 1459->1459
[2023-11-10T12:08:52.606-0800][77736238ms] GC(25719) Humongous regions: 5->5
[2023-11-10T12:08:52.606-0800][77736238ms] GC(25719) Metaspace: 305043K->305043K(1349632K)
[2023-11-10T12:08:52.606-0800][77736238ms] GC(25719) Pause Young (Normal) (G1 Evacuation Pause) 3235M->2927M(3602M) 5.138ms
[2023-11-10T12:08:52.606-0800][77736238ms] GC(25719) User=0.00s Sys=0.02s Real=0.00s
[2023-11-10T12:08:52.964-0800][77736596ms] GC(25720) Pause Young (Normal) (G1 Evacuation Pause)
[2023-11-10T12:08:52.964-0800][77736596ms] GC(25720) Using 10 workers of 10 for evacuation
[2023-11-10T12:08:52.969-0800][77736601ms] GC(25720)   Pre Evacuate Collection Set: 0.0ms
[2023-11-10T12:08:52.969-0800][77736601ms] GC(25720)   Evacuate Collection Set: 1.6ms
[2023-11-10T12:08:52.969-0800][77736601ms] GC(25720)   Post Evacuate Collection Set: 2.9ms
[2023-11-10T12:08:52.969-0800][77736601ms] GC(25720)   Other: 0.2ms
[2023-11-10T12:08:52.969-0800][77736601ms] GC(25720) Eden regions: 154->0(154)
[2023-11-10T12:08:52.969-0800][77736601ms] GC(25720) Survivor regions: 1->1(20)
[2023-11-10T12:08:52.969-0800][77736601ms] GC(25720) Old regions: 1459->1459
[2023-11-10T12:08:52.969-0800][77736601ms] GC(25720) Humongous regions: 5->5
[2023-11-10T12:08:52.969-0800][77736601ms] GC(25720) Metaspace: 305043K->305043K(1349632K)
[2023-11-10T12:08:52.969-0800][77736601ms] GC(25720) Pause Young (Normal) (G1 Evacuation Pause) 3235M->2927M(3602M) 4.916ms
[2023-11-10T12:08:52.969-0800][77736601ms] GC(25720) User=0.00s Sys=0.00s Real=0.01s
[2023-11-10T12:08:53.302-0800][77736934ms] GC(25721) Pause Young (Normal) (G1 Evacuation Pause)
[2023-11-10T12:08:53.302-0800][77736934ms] GC(25721) Using 10 workers of 10 for evacuation
[2023-11-10T12:08:53.307-0800][77736939ms] GC(25721)   Pre Evacuate Collection Set: 0.0ms
[2023-11-10T12:08:53.308-0800][77736940ms] GC(25721)   Evacuate Collection Set: 1.7ms
[2023-11-10T12:08:53.308-0800][77736940ms] GC(25721)   Post Evacuate Collection Set: 3.1ms
[2023-11-10T12:08:53.308-0800][77736940ms] GC(25721)   Other: 0.2ms
[2023-11-10T12:08:53.308-0800][77736940ms] GC(25721) Eden regions: 154->0(154)
[2023-11-10T12:08:53.308-0800][77736940ms] GC(25721) Survivor regions: 1->1(20)
[2023-11-10T12:08:53.308-0800][77736940ms] GC(25721) Old regions: 1459->1459
[2023-11-10T12:08:53.308-0800][77736940ms] GC(25721) Humongous regions: 5->5
[2023-11-10T12:08:53.308-0800][77736940ms] GC(25721) Metaspace: 305043K->305043K(1349632K)
[2023-11-10T12:08:53.308-0800][77736940ms] GC(25721) Pause Young (Normal) (G1 Evacuation Pause) 3235M->2927M(3602M) 5.124ms
[2023-11-10T12:08:53.308-0800][77736940ms] GC(25721) User=0.00s Sys=0.00s Real=0.01s
[2023-11-10T12:08:53.679-0800][77737311ms] GC(25722) Pause Young (Normal) (G1 Evacuation Pause)
[2023-11-10T12:08:53.679-0800][77737311ms] GC(25722) Using 10 workers of 10 for evacuation
[2023-11-10T12:08:53.684-0800][77737316ms] GC(25722)   Pre Evacuate Collection Set: 0.0ms
[2023-11-10T12:08:53.684-0800][77737316ms] GC(25722)   Evacuate Collection Set: 1.7ms
[2023-11-10T12:08:53.684-0800][77737316ms] GC(25722)   Post Evacuate Collection Set: 3.2ms
[2023-11-10T12:08:53.684-0800][77737316ms] GC(25722)   Other: 0.3ms
[2023-11-10T12:08:53.684-0800][77737316ms] GC(25722) Eden regions: 154->0(154)
[2023-11-10T12:08:53.684-0800][77737316ms] GC(25722) Survivor regions: 1->1(20)
[2023-11-10T12:08:53.684-0800][77737316ms] GC(25722) Old regions: 1459->1459
[2023-11-10T12:08:53.684-0800][77737316ms] GC(25722) Humongous regions: 5->5
[2023-11-10T12:08:53.684-0800][77737316ms] GC(25722) Metaspace: 305043K->305043K(1349632K)
[2023-11-10T12:08:53.684-0800][77737316ms] GC(25722) Pause Young (Normal) (G1 Evacuation Pause) 3235M->2927M(3602M) 5.296ms
[2023-11-10T12:08:53.684-0800][77737316ms] GC(25722) User=0.00s Sys=0.00s Real=0.01s
[2023-11-10T12:08:54.081-0800][77737713ms] GC(25723) Pause Young (Normal) (G1 Evacuation Pause)
[2023-11-10T12:08:54.081-0800][77737713ms] GC(25723) Using 10 workers of 10 for evacuation
[2023-11-10T12:08:54.085-0800][77737717ms] GC(25723)   Pre Evacuate Collection Set: 0.0ms
[2023-11-10T12:08:54.086-0800][77737718ms] GC(25723)   Evacuate Collection Set: 1.7ms
[2023-11-10T12:08:54.086-0800][77737718ms] GC(25723)   Post Evacuate Collection Set: 2.9ms
[2023-11-10T12:08:54.086-0800][77737718ms] GC(25723)   Other: 0.2ms
[2023-11-10T12:08:54.086-0800][77737718ms] GC(25723) Eden regions: 154->0(154)
[2023-11-10T12:08:54.086-0800][77737718ms] GC(25723) Survivor regions: 1->1(20)
[2023-11-10T12:08:54.086-0800][77737718ms] GC(25723) Old regions: 1459->1459
[2023-11-10T12:08:54.086-0800][77737718ms] GC(25723) Humongous regions: 5->5
[2023-11-10T12:08:54.086-0800][77737718ms] GC(25723) Metaspace: 305043K->305043K(1349632K)
[2023-11-10T12:08:54.086-0800][77737718ms] GC(25723) Pause Young (Normal) (G1 Evacuation Pause) 3235M->2927M(3602M) 4.921ms
[2023-11-10T12:08:54.086-0800][77737718ms] GC(25723) User=0.00s Sys=0.00s Real=0.00s
[2023-11-10T12:08:54.470-0800][77738102ms] GC(25724) Pause Young (Normal) (G1 Evacuation Pause)
[2023-11-10T12:08:54.470-0800][77738102ms] GC(25724) Using 10 workers of 10 for evacuation
[2023-11-10T12:08:54.475-0800][77738107ms] GC(25724)   Pre Evacuate Collection Set: 0.0ms
[2023-11-10T12:08:54.475-0800][77738107ms] GC(25724)   Evacuate Collection Set: 1.7ms
[2023-11-10T12:08:54.475-0800][77738107ms] GC(25724)   Post Evacuate Collection Set: 3.1ms
[2023-11-10T12:08:54.475-0800][77738107ms] GC(25724)   Other: 0.2ms
[2023-11-10T12:08:54.475-0800][77738107ms] GC(25724) Eden regions: 154->0(154)
[2023-11-10T12:08:54.475-0800][77738107ms] GC(25724) Survivor regions: 1->1(20)
[2023-11-10T12:08:54.475-0800][77738107ms] GC(25724) Old regions: 1459->1459
[2023-11-10T12:08:54.475-0800][77738107ms] GC(25724) Humongous regions: 5->5
[2023-11-10T12:08:54.475-0800][77738107ms] GC(25724) Metaspace: 305043K->305043K(1349632K)
[2023-11-10T12:08:54.475-0800][77738107ms] GC(25724) Pause Young (Normal) (G1 Evacuation Pause) 3235M->2927M(3602M) 5.189ms
[2023-11-10T12:08:54.475-0800][77738107ms] GC(25724) User=0.00s Sys=0.00s Real=0.00s
[2023-11-10T12:08:54.843-0800][77738475ms] GC(25725) Pause Young (Normal) (G1 Evacuation Pause)
[2023-11-10T12:08:54.843-0800][77738475ms] GC(25725) Using 10 workers of 10 for evacuation
[2023-11-10T12:08:54.849-0800][77738481ms] GC(25725)   Pre Evacuate Collection Set: 0.0ms
[2023-11-10T12:08:54.849-0800][77738481ms] GC(25725)   Evacuate Collection Set: 1.6ms
[2023-11-10T12:08:54.849-0800][77738481ms] GC(25725)   Post Evacuate Collection Set: 3.1ms
[2023-11-10T12:08:54.849-0800][77738481ms] GC(25725)   Other: 0.3ms
[2023-11-10T12:08:54.849-0800][77738481ms] GC(25725) Eden regions: 154->0(154)
[2023-11-10T12:08:54.849-0800][77738481ms] GC(25725) Survivor regions: 1->1(20)
[2023-11-10T12:08:54.849-0800][77738481ms] GC(25725) Old regions: 1459->1459
[2023-11-10T12:08:54.849-0800][77738481ms] GC(25725) Humongous regions: 5->5
[2023-11-10T12:08:54.849-0800][77738481ms] GC(25725) Metaspace: 305043K->305043K(1349632K)
[2023-11-10T12:08:54.849-0800][77738481ms] GC(25725) Pause Young (Normal) (G1 Evacuation Pause) 3235M->2927M(3602M) 5.121ms
[2023-11-10T12:08:54.849-0800][77738481ms] GC(25725) User=0.00s Sys=0.00s Real=0.01s
[2023-11-10T12:08:55.255-0800][77738887ms] GC(25726) Pause Young (Normal) (G1 Evacuation Pause)
[2023-11-10T12:08:55.255-0800][77738887ms] GC(25726) Using 10 workers of 10 for evacuation
[2023-11-10T12:08:55.259-0800][77738891ms] GC(25726)   Pre Evacuate Collection Set: 0.0ms
[2023-11-10T12:08:55.259-0800][77738891ms] GC(25726)   Evacuate Collection Set: 1.6ms
[2023-11-10T12:08:55.259-0800][77738891ms] GC(25726)   Post Evacuate Collection Set: 3.0ms
[2023-11-10T12:08:55.260-0800][77738892ms] GC(25726)   Other: 0.2ms
[2023-11-10T12:08:55.260-0800][77738892ms] GC(25726) Eden regions: 154->0(154)
[2023-11-10T12:08:55.260-0800][77738892ms] GC(25726) Survivor regions: 1->1(20)
[2023-11-10T12:08:55.260-0800][77738892ms] GC(25726) Old regions: 1459->1459
[2023-11-10T12:08:55.260-0800][77738892ms] GC(25726) Humongous regions: 5->5
[2023-11-10T12:08:55.260-0800][77738892ms] GC(25726) Metaspace: 305043K->305043K(1349632K)
[2023-11-10T12:08:55.260-0800][77738892ms] GC(25726) Pause Young (Normal) (G1 Evacuation Pause) 3235M->2927M(3602M) 5.110ms
[2023-11-10T12:08:55.260-0800][77738892ms] GC(25726) User=0.00s Sys=0.00s Real=0.00s
[2023-11-10T12:08:55.632-0800][77739264ms] GC(25727) Pause Young (Normal) (G1 Evacuation Pause)
[2023-11-10T12:08:55.632-0800][77739264ms] GC(25727) Using 10 workers of 10 for evacuation
[2023-11-10T12:08:55.637-0800][77739269ms] GC(25727)   Pre Evacuate Collection Set: 0.0ms
[2023-11-10T12:08:55.637-0800][77739269ms] GC(25727)   Evacuate Collection Set: 1.6ms
[2023-11-10T12:08:55.637-0800][77739269ms] GC(25727)   Post Evacuate Collection Set: 3.0ms
[2023-11-10T12:08:55.637-0800][77739269ms] GC(25727)   Other: 0.2ms
[2023-11-10T12:08:55.637-0800][77739269ms] GC(25727) Eden regions: 154->0(154)
[2023-11-10T12:08:55.637-0800][77739269ms] GC(25727) Survivor regions: 1->1(20)
[2023-11-10T12:08:55.637-0800][77739269ms] GC(25727) Old regions: 1459->1459
[2023-11-10T12:08:55.637-0800][77739269ms] GC(25727) Humongous regions: 5->5
[2023-11-10T12:08:55.637-0800][77739269ms] GC(25727) Metaspace: 305043K->305043K(1349632K)
[2023-11-10T12:08:55.637-0800][77739269ms] GC(25727) Pause Young (Normal) (G1 Evacuation Pause) 3235M->2927M(3602M) 4.979ms
[2023-11-10T12:08:55.637-0800][77739269ms] GC(25727) User=0.00s Sys=0.00s Real=0.01s
[2023-11-10T12:08:55.973-0800][77739605ms] GC(25728) Pause Young (Normal) (G1 Evacuation Pause)
[2023-11-10T12:08:55.973-0800][77739605ms] GC(25728) Using 10 workers of 10 for evacuation
[2023-11-10T12:08:55.977-0800][77739609ms] GC(25728)   Pre Evacuate Collection Set: 0.0ms
[2023-11-10T12:08:55.977-0800][77739609ms] GC(25728)   Evacuate Collection Set: 1.6ms
[2023-11-10T12:08:55.977-0800][77739609ms] GC(25728)   Post Evacuate Collection Set: 2.9ms
[2023-11-10T12:08:55.978-0800][77739610ms] GC(25728)   Other: 0.3ms
[2023-11-10T12:08:55.978-0800][77739610ms] GC(25728) Eden regions: 154->0(154)
[2023-11-10T12:08:55.978-0800][77739610ms] GC(25728) Survivor regions: 1->1(20)
[2023-11-10T12:08:55.978-0800][77739610ms] GC(25728) Old regions: 1459->1459
[2023-11-10T12:08:55.978-0800][77739610ms] GC(25728) Humongous regions: 5->5
[2023-11-10T12:08:55.978-0800][77739610ms] GC(25728) Metaspace: 305043K->305043K(1349632K)
[2023-11-10T12:08:55.978-0800][77739610ms] GC(25728) Pause Young (Normal) (G1 Evacuation Pause) 3235M->2927M(3602M) 4.992ms
[2023-11-10T12:08:55.978-0800][77739610ms] GC(25728) User=0.00s Sys=0.00s Real=0.00s
[2023-11-10T12:08:56.343-0800][77739975ms] GC(25729) Pause Young (Normal) (G1 Evacuation Pause)
[2023-11-10T12:08:56.343-0800][77739975ms] GC(25729) Using 10 workers of 10 for evacuation
[2023-11-10T12:08:56.348-0800][77739980ms] GC(25729)   Pre Evacuate Collection Set: 0.0ms
[2023-11-10T12:08:56.348-0800][77739980ms] GC(25729)   Evacuate Collection Set: 1.6ms
[2023-11-10T12:08:56.348-0800][77739980ms] GC(25729)   Post Evacuate Collection Set: 3.1ms
[2023-11-10T12:08:56.348-0800][77739980ms] GC(25729)   Other: 0.2ms
[2023-11-10T12:08:56.348-0800][77739980ms] GC(25729) Eden regions: 154->0(154)
[2023-11-10T12:08:56.348-0800][77739980ms] GC(25729) Survivor regions: 1->1(20)
[2023-11-10T12:08:56.348-0800][77739980ms] GC(25729) Old regions: 1459->1459
[2023-11-10T12:08:56.348-0800][77739980ms] GC(25729) Humongous regions: 5->5
[2023-11-10T12:08:56.348-0800][77739980ms] GC(25729) Metaspace: 305043K->305043K(1349632K)
[2023-11-10T12:08:56.349-0800][77739981ms] GC(25729) Pause Young (Normal) (G1 Evacuation Pause) 3235M->2927M(3602M) 5.121ms
[2023-11-10T12:08:56.349-0800][77739981ms] GC(25729) User=0.00s Sys=0.00s Real=0.01s
[2023-11-10T12:08:56.746-0800][77740378ms] GC(25730) Pause Young (Normal) (G1 Evacuation Pause)
[2023-11-10T12:08:56.746-0800][77740378ms] GC(25730) Using 10 workers of 10 for evacuation
[2023-11-10T12:08:56.751-0800][77740383ms] GC(25730)   Pre Evacuate Collection Set: 0.1ms
[2023-11-10T12:08:56.751-0800][77740383ms] GC(25730)   Evacuate Collection Set: 1.8ms
[2023-11-10T12:08:56.751-0800][77740383ms] GC(25730)   Post Evacuate Collection Set: 3.3ms
[2023-11-10T12:08:56.751-0800][77740383ms] GC(25730)   Other: 0.3ms
[2023-11-10T12:08:56.751-0800][77740383ms] GC(25730) Eden regions: 154->0(154)
[2023-11-10T12:08:56.751-0800][77740383ms] GC(25730) Survivor regions: 1->1(20)
[2023-11-10T12:08:56.751-0800][77740383ms] GC(25730) Old regions: 1459->1459
[2023-11-10T12:08:56.751-0800][77740383ms] GC(25730) Humongous regions: 5->5
[2023-11-10T12:08:56.751-0800][77740383ms] GC(25730) Metaspace: 305043K->305043K(1349632K)
[2023-11-10T12:08:56.751-0800][77740383ms] GC(25730) Pause Young (Normal) (G1 Evacuation Pause) 3235M->2927M(3602M) 5.469ms
[2023-11-10T12:08:56.752-0800][77740384ms] GC(25730) User=0.00s Sys=0.00s Real=0.01s
[2023-11-10T12:08:57.094-0800][77740726ms] GC(25731) Pause Young (Normal) (G1 Evacuation Pause)
[2023-11-10T12:08:57.094-0800][77740726ms] GC(25731) Using 10 workers of 10 for evacuation
[2023-11-10T12:08:57.100-0800][77740732ms] GC(25731)   Pre Evacuate Collection Set: 0.0ms
[2023-11-10T12:08:57.100-0800][77740732ms] GC(25731)   Evacuate Collection Set: 1.7ms
[2023-11-10T12:08:57.100-0800][77740732ms] GC(25731)   Post Evacuate Collection Set: 3.2ms
[2023-11-10T12:08:57.100-0800][77740732ms] GC(25731)   Other: 0.3ms
[2023-11-10T12:08:57.100-0800][77740732ms] GC(25731) Eden regions: 154->0(154)
[2023-11-10T12:08:57.100-0800][77740732ms] GC(25731) Survivor regions: 1->1(20)
[2023-11-10T12:08:57.100-0800][77740732ms] GC(25731) Old regions: 1459->1459
[2023-11-10T12:08:57.100-0800][77740732ms] GC(25731) Humongous regions: 5->5
[2023-11-10T12:08:57.100-0800][77740732ms] GC(25731) Metaspace: 305043K->305043K(1349632K)
[2023-11-10T12:08:57.100-0800][77740732ms] GC(25731) Pause Young (Normal) (G1 Evacuation Pause) 3235M->2927M(3602M) 5.307ms
[2023-11-10T12:08:57.100-0800][77740732ms] GC(25731) User=0.00s Sys=0.00s Real=0.01s
[2023-11-10T12:08:57.418-0800][77741050ms] GC(25732) Pause Young (Normal) (G1 Evacuation Pause)
[2023-11-10T12:08:57.418-0800][77741050ms] GC(25732) Using 10 workers of 10 for evacuation
[2023-11-10T12:08:57.422-0800][77741054ms] GC(25732)   Pre Evacuate Collection Set: 0.0ms
[2023-11-10T12:08:57.422-0800][77741054ms] GC(25732)   Evacuate Collection Set: 1.6ms
[2023-11-10T12:08:57.422-0800][77741054ms] GC(25732)   Post Evacuate Collection Set: 3.1ms
[2023-11-10T12:08:57.422-0800][77741054ms] GC(25732)   Other: 0.2ms
[2023-11-10T12:08:57.422-0800][77741054ms] GC(25732) Eden regions: 154->0(154)
[2023-11-10T12:08:57.423-0800][77741055ms] GC(25732) Survivor regions: 1->1(20)
[2023-11-10T12:08:57.423-0800][77741055ms] GC(25732) Old regions: 1459->1459
[2023-11-10T12:08:57.423-0800][77741055ms] GC(25732) Humongous regions: 5->5
[2023-11-10T12:08:57.423-0800][77741055ms] GC(25732) Metaspace: 305043K->305043K(1349632K)
[2023-11-10T12:08:57.423-0800][77741055ms] GC(25732) Pause Young (Normal) (G1 Evacuation Pause) 3235M->2927M(3602M) 5.138ms
[2023-11-10T12:08:57.423-0800][77741055ms] GC(25732) User=0.00s Sys=0.00s Real=0.01s
[2023-11-10T12:08:57.784-0800][77741416ms] GC(25733) Pause Young (Normal) (G1 Evacuation Pause)
[2023-11-10T12:08:57.784-0800][77741416ms] GC(25733) Using 10 workers of 10 for evacuation
[2023-11-10T12:08:57.789-0800][77741421ms] GC(25733)   Pre Evacuate Collection Set: 0.0ms
[2023-11-10T12:08:57.789-0800][77741421ms] GC(25733)   Evacuate Collection Set: 1.6ms
[2023-11-10T12:08:57.789-0800][77741421ms] GC(25733)   Post Evacuate Collection Set: 2.9ms
[2023-11-10T12:08:57.789-0800][77741421ms] GC(25733)   Other: 0.2ms
[2023-11-10T12:08:57.789-0800][77741421ms] GC(25733) Eden regions: 154->0(154)
[2023-11-10T12:08:57.789-0800][77741421ms] GC(25733) Survivor regions: 1->1(20)
[2023-11-10T12:08:57.789-0800][77741421ms] GC(25733) Old regions: 1459->1459
[2023-11-10T12:08:57.789-0800][77741421ms] GC(25733) Humongous regions: 5->5
[2023-11-10T12:08:57.790-0800][77741422ms] GC(25733) Metaspace: 305043K->305043K(1349632K)
[2023-11-10T12:08:57.790-0800][77741422ms] GC(25733) Pause Young (Normal) (G1 Evacuation Pause) 3235M->2927M(3602M) 4.832ms
[2023-11-10T12:08:57.790-0800][77741422ms] GC(25733) User=0.00s Sys=0.00s Real=0.01s
[2023-11-10T12:08:58.148-0800][77741780ms] GC(25734) Pause Young (Normal) (G1 Evacuation Pause)
[2023-11-10T12:08:58.148-0800][77741780ms] GC(25734) Using 10 workers of 10 for evacuation
[2023-11-10T12:08:58.153-0800][77741785ms] GC(25734)   Pre Evacuate Collection Set: 0.0ms
[2023-11-10T12:08:58.153-0800][77741785ms] GC(25734)   Evacuate Collection Set: 1.6ms
[2023-11-10T12:08:58.153-0800][77741785ms] GC(25734)   Post Evacuate Collection Set: 3.1ms
[2023-11-10T12:08:58.153-0800][77741785ms] GC(25734)   Other: 0.2ms
[2023-11-10T12:08:58.153-0800][77741785ms] GC(25734) Eden regions: 154->0(154)
[2023-11-10T12:08:58.154-0800][77741786ms] GC(25734) Survivor regions: 1->1(20)
[2023-11-10T12:08:58.154-0800][77741786ms] GC(25734) Old regions: 1459->1459
[2023-11-10T12:08:58.154-0800][77741786ms] GC(25734) Humongous regions: 5->5
[2023-11-10T12:08:58.154-0800][77741786ms] GC(25734) Metaspace: 305043K->305043K(1349632K)
[2023-11-10T12:08:58.154-0800][77741786ms] GC(25734) Pause Young (Normal) (G1 Evacuation Pause) 3235M->2927M(3602M) 5.136ms
[2023-11-10T12:08:58.154-0800][77741786ms] GC(25734) User=0.00s Sys=0.00s Real=0.01s
[2023-11-10T12:08:58.531-0800][77742163ms] GC(25735) Pause Young (Normal) (G1 Evacuation Pause)
[2023-11-10T12:08:58.531-0800][77742163ms] GC(25735) Using 10 workers of 10 for evacuation
[2023-11-10T12:08:58.536-0800][77742168ms] GC(25735)   Pre Evacuate Collection Set: 0.0ms
[2023-11-10T12:08:58.536-0800][77742168ms] GC(25735)   Evacuate Collection Set: 1.7ms
[2023-11-10T12:08:58.536-0800][77742168ms] GC(25735)   Post Evacuate Collection Set: 2.9ms
[2023-11-10T12:08:58.536-0800][77742168ms] GC(25735)   Other: 0.3ms
[2023-11-10T12:08:58.536-0800][77742168ms] GC(25735) Eden regions: 154->0(154)
[2023-11-10T12:08:58.536-0800][77742168ms] GC(25735) Survivor regions: 1->1(20)
[2023-11-10T12:08:58.536-0800][77742168ms] GC(25735) Old regions: 1459->1459
[2023-11-10T12:08:58.536-0800][77742168ms] GC(25735) Humongous regions: 5->5
[2023-11-10T12:08:58.536-0800][77742168ms] GC(25735) Metaspace: 305043K->305043K(1349632K)
[2023-11-10T12:08:58.536-0800][77742168ms] GC(25735) Pause Young (Normal) (G1 Evacuation Pause) 3235M->2927M(3602M) 4.983ms
[2023-11-10T12:08:58.536-0800][77742168ms] GC(25735) User=0.00s Sys=0.00s Real=0.01s
[2023-11-10T12:08:58.909-0800][77742541ms] GC(25736) Pause Young (Normal) (G1 Evacuation Pause)
[2023-11-10T12:08:58.909-0800][77742541ms] GC(25736) Using 10 workers of 10 for evacuation
[2023-11-10T12:08:58.915-0800][77742547ms] GC(25736)   Pre Evacuate Collection Set: 0.0ms
[2023-11-10T12:08:58.915-0800][77742547ms] GC(25736)   Evacuate Collection Set: 1.7ms
[2023-11-10T12:08:58.915-0800][77742547ms] GC(25736)   Post Evacuate Collection Set: 3.1ms
[2023-11-10T12:08:58.915-0800][77742547ms] GC(25736)   Other: 0.3ms
[2023-11-10T12:08:58.915-0800][77742547ms] GC(25736) Eden regions: 154->0(154)
[2023-11-10T12:08:58.915-0800][77742547ms] GC(25736) Survivor regions: 1->1(20)
[2023-11-10T12:08:58.915-0800][77742547ms] GC(25736) Old regions: 1459->1459
[2023-11-10T12:08:58.915-0800][77742547ms] GC(25736) Humongous regions: 5->5
[2023-11-10T12:08:58.915-0800][77742547ms] GC(25736) Metaspace: 305043K->305043K(1349632K)
[2023-11-10T12:08:58.916-0800][77742548ms] GC(25736) Pause Young (Normal) (G1 Evacuation Pause) 3235M->2927M(3602M) 5.231ms
[2023-11-10T12:08:58.916-0800][77742548ms] GC(25736) User=0.02s Sys=0.00s Real=0.01s
[2023-11-10T12:08:59.322-0800][77742954ms] GC(25737) Pause Young (Normal) (G1 Evacuation Pause)
[2023-11-10T12:08:59.322-0800][77742954ms] GC(25737) Using 10 workers of 10 for evacuation
[2023-11-10T12:08:59.327-0800][77742959ms] GC(25737)   Pre Evacuate Collection Set: 0.1ms
[2023-11-10T12:08:59.327-0800][77742959ms] GC(25737)   Evacuate Collection Set: 1.7ms
[2023-11-10T12:08:59.327-0800][77742959ms] GC(25737)   Post Evacuate Collection Set: 3.1ms
[2023-11-10T12:08:59.327-0800][77742959ms] GC(25737)   Other: 0.4ms
[2023-11-10T12:08:59.327-0800][77742959ms] GC(25737) Eden regions: 154->0(154)
[2023-11-10T12:08:59.327-0800][77742959ms] GC(25737) Survivor regions: 1->1(20)
[2023-11-10T12:08:59.327-0800][77742959ms] GC(25737) Old regions: 1459->1459
[2023-11-10T12:08:59.327-0800][77742959ms] GC(25737) Humongous regions: 5->5
[2023-11-10T12:08:59.327-0800][77742959ms] GC(25737) Metaspace: 305043K->305043K(1349632K)
[2023-11-10T12:08:59.327-0800][77742959ms] GC(25737) Pause Young (Normal) (G1 Evacuation Pause) 3235M->2927M(3602M) 5.376ms
[2023-11-10T12:08:59.327-0800][77742959ms] GC(25737) User=0.00s Sys=0.00s Real=0.00s
[2023-11-10T12:08:59.688-0800][77743320ms] GC(25738) Pause Young (Normal) (G1 Evacuation Pause)
[2023-11-10T12:08:59.688-0800][77743320ms] GC(25738) Using 10 workers of 10 for evacuation
[2023-11-10T12:08:59.693-0800][77743325ms] GC(25738)   Pre Evacuate Collection Set: 0.0ms
[2023-11-10T12:08:59.693-0800][77743325ms] GC(25738)   Evacuate Collection Set: 1.6ms
[2023-11-10T12:08:59.693-0800][77743325ms] GC(25738)   Post Evacuate Collection Set: 3.1ms
[2023-11-10T12:08:59.693-0800][77743325ms] GC(25738)   Other: 0.3ms
[2023-11-10T12:08:59.693-0800][77743325ms] GC(25738) Eden regions: 154->0(154)
[2023-11-10T12:08:59.693-0800][77743325ms] GC(25738) Survivor regions: 1->1(20)
[2023-11-10T12:08:59.693-0800][77743325ms] GC(25738) Old regions: 1459->1459
[2023-11-10T12:08:59.693-0800][77743325ms] GC(25738) Humongous regions: 5->5
[2023-11-10T12:08:59.693-0800][77743325ms] GC(25738) Metaspace: 305043K->305043K(1349632K)
[2023-11-10T12:08:59.693-0800][77743325ms] GC(25738) Pause Young (Normal) (G1 Evacuation Pause) 3235M->2927M(3602M) 5.109ms
[2023-11-10T12:08:59.693-0800][77743325ms] GC(25738) User=0.00s Sys=0.00s Real=0.01s
[2023-11-10T12:09:00.071-0800][77743703ms] GC(25739) Pause Young (Normal) (G1 Evacuation Pause)
[2023-11-10T12:09:00.071-0800][77743703ms] GC(25739) Using 10 workers of 10 for evacuation
[2023-11-10T12:09:00.076-0800][77743708ms] GC(25739)   Pre Evacuate Collection Set: 0.0ms
[2023-11-10T12:09:00.076-0800][77743708ms] GC(25739)   Evacuate Collection Set: 1.6ms
[2023-11-10T12:09:00.076-0800][77743708ms] GC(25739)   Post Evacuate Collection Set: 3.1ms
[2023-11-10T12:09:00.076-0800][77743708ms] GC(25739)   Other: 0.2ms
[2023-11-10T12:09:00.076-0800][77743708ms] GC(25739) Eden regions: 154->0(154)
[2023-11-10T12:09:00.076-0800][77743708ms] GC(25739) Survivor regions: 1->1(20)
[2023-11-10T12:09:00.076-0800][77743708ms] GC(25739) Old regions: 1459->1459
[2023-11-10T12:09:00.076-0800][77743708ms] GC(25739) Humongous regions: 5->5
[2023-11-10T12:09:00.076-0800][77743708ms] GC(25739) Metaspace: 305043K->305043K(1349632K)
[2023-11-10T12:09:00.076-0800][77743708ms] GC(25739) Pause Young (Normal) (G1 Evacuation Pause) 3235M->2927M(3602M) 5.048ms
[2023-11-10T12:09:00.076-0800][77743708ms] GC(25739) User=0.00s Sys=0.00s Real=0.00s
[2023-11-10T12:09:00.472-0800][77744104ms] GC(25740) Pause Young (Normal) (G1 Evacuation Pause)
[2023-11-10T12:09:00.472-0800][77744104ms] GC(25740) Using 10 workers of 10 for evacuation
[2023-11-10T12:09:00.477-0800][77744109ms] GC(25740)   Pre Evacuate Collection Set: 0.0ms
[2023-11-10T12:09:00.477-0800][77744109ms] GC(25740)   Evacuate Collection Set: 1.8ms
[2023-11-10T12:09:00.477-0800][77744109ms] GC(25740)   Post Evacuate Collection Set: 3.0ms
[2023-11-10T12:09:00.477-0800][77744109ms] GC(25740)   Other: 0.3ms
[2023-11-10T12:09:00.477-0800][77744109ms] GC(25740) Eden regions: 154->0(154)
[2023-11-10T12:09:00.477-0800][77744109ms] GC(25740) Survivor regions: 1->1(20)
[2023-11-10T12:09:00.477-0800][77744109ms] GC(25740) Old regions: 1459->1459
[2023-11-10T12:09:00.477-0800][77744109ms] GC(25740) Humongous regions: 5->5
[2023-11-10T12:09:00.477-0800][77744109ms] GC(25740) Metaspace: 305043K->305043K(1349632K)
[2023-11-10T12:09:00.477-0800][77744109ms] GC(25740) Pause Young (Normal) (G1 Evacuation Pause) 3235M->2927M(3602M) 5.150ms
[2023-11-10T12:09:00.477-0800][77744109ms] GC(25740) User=0.00s Sys=0.00s Real=0.01s
[2023-11-10T12:09:00.839-0800][77744471ms] GC(25741) Pause Young (Normal) (G1 Evacuation Pause)
[2023-11-10T12:09:00.839-0800][77744471ms] GC(25741) Using 10 workers of 10 for evacuation
[2023-11-10T12:09:00.843-0800][77744475ms] GC(25741)   Pre Evacuate Collection Set: 0.0ms
[2023-11-10T12:09:00.843-0800][77744475ms] GC(25741)   Evacuate Collection Set: 1.6ms
[2023-11-10T12:09:00.843-0800][77744475ms] GC(25741)   Post Evacuate Collection Set: 3.0ms
[2023-11-10T12:09:00.843-0800][77744475ms] GC(25741)   Other: 0.3ms
[2023-11-10T12:09:00.843-0800][77744475ms] GC(25741) Eden regions: 154->0(154)
[2023-11-10T12:09:00.843-0800][77744475ms] GC(25741) Survivor regions: 1->1(20)
[2023-11-10T12:09:00.843-0800][77744475ms] GC(25741) Old regions: 1459->1459
[2023-11-10T12:09:00.843-0800][77744476ms] GC(25741) Humongous regions: 5->5
[2023-11-10T12:09:00.844-0800][77744476ms] GC(25741) Metaspace: 305043K->305043K(1349632K)
[2023-11-10T12:09:00.844-0800][77744476ms] GC(25741) Pause Young (Normal) (G1 Evacuation Pause) 3235M->2927M(3602M) 4.994ms
[2023-11-10T12:09:00.844-0800][77744476ms] GC(25741) User=0.00s Sys=0.00s Real=0.01s
[2023-11-10T12:09:01.206-0800][77744838ms] GC(25742) Pause Young (Normal) (G1 Evacuation Pause)
[2023-11-10T12:09:01.206-0800][77744838ms] GC(25742) Using 10 workers of 10 for evacuation
[2023-11-10T12:09:01.211-0800][77744843ms] GC(25742)   Pre Evacuate Collection Set: 0.0ms
[2023-11-10T12:09:01.211-0800][77744843ms] GC(25742)   Evacuate Collection Set: 1.7ms
[2023-11-10T12:09:01.211-0800][77744843ms] GC(25742)   Post Evacuate Collection Set: 3.0ms
[2023-11-10T12:09:01.211-0800][77744843ms] GC(25742)   Other: 0.3ms
[2023-11-10T12:09:01.211-0800][77744843ms] GC(25742) Eden regions: 154->0(154)
[2023-11-10T12:09:01.211-0800][77744843ms] GC(25742) Survivor regions: 1->1(20)
[2023-11-10T12:09:01.211-0800][77744843ms] GC(25742) Old regions: 1459->1459
[2023-11-10T12:09:01.211-0800][77744843ms] GC(25742) Humongous regions: 5->5
[2023-11-10T12:09:01.211-0800][77744843ms] GC(25742) Metaspace: 305043K->305043K(1349632K)
[2023-11-10T12:09:01.211-0800][77744843ms] GC(25742) Pause Young (Normal) (G1 Evacuation Pause) 3235M->2927M(3602M) 5.181ms
[2023-11-10T12:09:01.211-0800][77744843ms] GC(25742) User=0.00s Sys=0.00s Real=0.00s
[2023-11-10T12:09:01.556-0800][77745188ms] GC(25743) Pause Young (Normal) (G1 Evacuation Pause)
[2023-11-10T12:09:01.556-0800][77745188ms] GC(25743) Using 10 workers of 10 for evacuation
[2023-11-10T12:09:01.563-0800][77745195ms] GC(25743)   Pre Evacuate Collection Set: 0.1ms
[2023-11-10T12:09:01.563-0800][77745195ms] GC(25743)   Evacuate Collection Set: 1.8ms
[2023-11-10T12:09:01.563-0800][77745195ms] GC(25743)   Post Evacuate Collection Set: 4.0ms
[2023-11-10T12:09:01.563-0800][77745195ms] GC(25743)   Other: 0.3ms
[2023-11-10T12:09:01.563-0800][77745195ms] GC(25743) Eden regions: 154->0(154)
[2023-11-10T12:09:01.563-0800][77745195ms] GC(25743) Survivor regions: 1->1(20)
[2023-11-10T12:09:01.563-0800][77745195ms] GC(25743) Old regions: 1459->1459
[2023-11-10T12:09:01.563-0800][77745195ms] GC(25743) Humongous regions: 5->5
[2023-11-10T12:09:01.563-0800][77745195ms] GC(25743) Metaspace: 305043K->305043K(1349632K)
[2023-11-10T12:09:01.563-0800][77745195ms] GC(25743) Pause Young (Normal) (G1 Evacuation Pause) 3235M->2927M(3602M) 6.293ms
[2023-11-10T12:09:01.563-0800][77745195ms] GC(25743) User=0.00s Sys=0.00s Real=0.01s
[2023-11-10T12:09:01.885-0800][77745517ms] GC(25744) Pause Young (Normal) (G1 Evacuation Pause)
[2023-11-10T12:09:01.885-0800][77745517ms] GC(25744) Using 10 workers of 10 for evacuation
[2023-11-10T12:09:01.891-0800][77745523ms] GC(25744)   Pre Evacuate Collection Set: 0.1ms
[2023-11-10T12:09:01.891-0800][77745523ms] GC(25744)   Evacuate Collection Set: 1.6ms
[2023-11-10T12:09:01.891-0800][77745523ms] GC(25744)   Post Evacuate Collection Set: 3.7ms
[2023-11-10T12:09:01.891-0800][77745523ms] GC(25744)   Other: 0.3ms
[2023-11-10T12:09:01.891-0800][77745523ms] GC(25744) Eden regions: 154->0(154)
[2023-11-10T12:09:01.891-0800][77745523ms] GC(25744) Survivor regions: 1->1(20)
[2023-11-10T12:09:01.891-0800][77745523ms] GC(25744) Old regions: 1459->1459
[2023-11-10T12:09:01.891-0800][77745523ms] GC(25744) Humongous regions: 5->5
[2023-11-10T12:09:01.891-0800][77745523ms] GC(25744) Metaspace: 305043K->305043K(1349632K)
[2023-11-10T12:09:01.891-0800][77745523ms] GC(25744) Pause Young (Normal) (G1 Evacuation Pause) 3235M->2927M(3602M) 5.914ms
[2023-11-10T12:09:01.891-0800][77745523ms] GC(25744) User=0.00s Sys=0.00s Real=0.01s
[2023-11-10T12:09:02.215-0800][77745847ms] GC(25745) Pause Young (Normal) (G1 Evacuation Pause)
[2023-11-10T12:09:02.215-0800][77745847ms] GC(25745) Using 10 workers of 10 for evacuation
[2023-11-10T12:09:02.219-0800][77745851ms] GC(25745)   Pre Evacuate Collection Set: 0.0ms
[2023-11-10T12:09:02.219-0800][77745851ms] GC(25745)   Evacuate Collection Set: 1.6ms
[2023-11-10T12:09:02.219-0800][77745851ms] GC(25745)   Post Evacuate Collection Set: 3.0ms
[2023-11-10T12:09:02.219-0800][77745851ms] GC(25745)   Other: 0.3ms
[2023-11-10T12:09:02.219-0800][77745851ms] GC(25745) Eden regions: 154->0(154)
[2023-11-10T12:09:02.219-0800][77745851ms] GC(25745) Survivor regions: 1->1(20)
[2023-11-10T12:09:02.219-0800][77745851ms] GC(25745) Old regions: 1459->1459
[2023-11-10T12:09:02.219-0800][77745851ms] GC(25745) Humongous regions: 5->5
[2023-11-10T12:09:02.219-0800][77745851ms] GC(25745) Metaspace: 305043K->305043K(1349632K)
[2023-11-10T12:09:02.219-0800][77745851ms] GC(25745) Pause Young (Normal) (G1 Evacuation Pause) 3235M->2927M(3602M) 5.038ms
[2023-11-10T12:09:02.219-0800][77745851ms] GC(25745) User=0.00s Sys=0.00s Real=0.00s
[2023-11-10T12:09:02.524-0800][77746156ms] GC(25746) Pause Young (Normal) (G1 Evacuation Pause)
[2023-11-10T12:09:02.524-0800][77746156ms] GC(25746) Using 10 workers of 10 for evacuation
[2023-11-10T12:09:02.530-0800][77746162ms] GC(25746)   Pre Evacuate Collection Set: 0.0ms
[2023-11-10T12:09:02.530-0800][77746162ms] GC(25746)   Evacuate Collection Set: 1.7ms
[2023-11-10T12:09:02.530-0800][77746162ms] GC(25746)   Post Evacuate Collection Set: 3.1ms
[2023-11-10T12:09:02.530-0800][77746162ms] GC(25746)   Other: 0.3ms
[2023-11-10T12:09:02.530-0800][77746162ms] GC(25746) Eden regions: 154->0(154)
[2023-11-10T12:09:02.530-0800][77746162ms] GC(25746) Survivor regions: 1->1(20)
[2023-11-10T12:09:02.530-0800][77746162ms] GC(25746) Old regions: 1459->1459
[2023-11-10T12:09:02.530-0800][77746162ms] GC(25746) Humongous regions: 5->5
[2023-11-10T12:09:02.530-0800][77746162ms] GC(25746) Metaspace: 305043K->305043K(1349632K)
[2023-11-10T12:09:02.530-0800][77746162ms] GC(25746) Pause Young (Normal) (G1 Evacuation Pause) 3235M->2927M(3602M) 5.141ms
[2023-11-10T12:09:02.530-0800][77746162ms] GC(25746) User=0.00s Sys=0.00s Real=0.01s
[2023-11-10T12:09:02.844-0800][77746476ms] GC(25747) Pause Young (Normal) (G1 Evacuation Pause)
[2023-11-10T12:09:02.844-0800][77746476ms] GC(25747) Using 10 workers of 10 for evacuation
[2023-11-10T12:09:02.849-0800][77746481ms] GC(25747)   Pre Evacuate Collection Set: 0.0ms
[2023-11-10T12:09:02.849-0800][77746481ms] GC(25747)   Evacuate Collection Set: 1.7ms
[2023-11-10T12:09:02.849-0800][77746481ms] GC(25747)   Post Evacuate Collection Set: 3.1ms
[2023-11-10T12:09:02.849-0800][77746481ms] GC(25747)   Other: 0.3ms
[2023-11-10T12:09:02.849-0800][77746481ms] GC(25747) Eden regions: 154->0(154)
[2023-11-10T12:09:02.849-0800][77746481ms] GC(25747) Survivor regions: 1->1(20)
[2023-11-10T12:09:02.849-0800][77746481ms] GC(25747) Old regions: 1459->1459
[2023-11-10T12:09:02.849-0800][77746481ms] GC(25747) Humongous regions: 5->5
[2023-11-10T12:09:02.849-0800][77746481ms] GC(25747) Metaspace: 305043K->305043K(1349632K)
[2023-11-10T12:09:02.849-0800][77746481ms] GC(25747) Pause Young (Normal) (G1 Evacuation Pause) 3235M->2927M(3602M) 5.222ms
[2023-11-10T12:09:02.849-0800][77746481ms] GC(25747) User=0.00s Sys=0.00s Real=0.00s
[2023-11-10T12:09:03.185-0800][77746817ms] GC(25748) Pause Young (Normal) (G1 Evacuation Pause)
[2023-11-10T12:09:03.185-0800][77746817ms] GC(25748) Using 10 workers of 10 for evacuation
[2023-11-10T12:09:03.191-0800][77746823ms] GC(25748)   Pre Evacuate Collection Set: 0.0ms
[2023-11-10T12:09:03.191-0800][77746823ms] GC(25748)   Evacuate Collection Set: 1.6ms
[2023-11-10T12:09:03.191-0800][77746823ms] GC(25748)   Post Evacuate Collection Set: 3.0ms
[2023-11-10T12:09:03.191-0800][77746823ms] GC(25748)   Other: 0.3ms
[2023-11-10T12:09:03.191-0800][77746823ms] GC(25748) Eden regions: 154->0(154)
[2023-11-10T12:09:03.191-0800][77746823ms] GC(25748) Survivor regions: 1->1(20)
[2023-11-10T12:09:03.191-0800][77746823ms] GC(25748) Old regions: 1459->1459
[2023-11-10T12:09:03.191-0800][77746823ms] GC(25748) Humongous regions: 5->5
[2023-11-10T12:09:03.191-0800][77746823ms] GC(25748) Metaspace: 305043K->305043K(1349632K)
[2023-11-10T12:09:03.191-0800][77746823ms] GC(25748) Pause Young (Normal) (G1 Evacuation Pause) 3235M->2927M(3602M) 5.027ms
[2023-11-10T12:09:03.191-0800][77746823ms] GC(25748) User=0.00s Sys=0.00s Real=0.01s
[2023-11-10T12:09:03.517-0800][77747149ms] GC(25749) Pause Young (Normal) (G1 Evacuation Pause)
[2023-11-10T12:09:03.517-0800][77747149ms] GC(25749) Using 10 workers of 10 for evacuation
[2023-11-10T12:09:03.522-0800][77747154ms] GC(25749)   Pre Evacuate Collection Set: 0.0ms
[2023-11-10T12:09:03.522-0800][77747154ms] GC(25749)   Evacuate Collection Set: 1.7ms
[2023-11-10T12:09:03.522-0800][77747154ms] GC(25749)   Post Evacuate Collection Set: 4.0ms
[2023-11-10T12:09:03.522-0800][77747154ms] GC(25749)   Other: 0.3ms
[2023-11-10T12:09:03.522-0800][77747156ms] GC(25749) Eden regions: 154->0(154)
[2023-11-10T12:09:03.524-0800][77747156ms] GC(25749) Survivor regions: 1->1(20)
[2023-11-10T12:09:03.524-0800][77747156ms] GC(25749) Old regions: 1459->1459
[2023-11-10T12:09:03.524-0800][77747156ms] GC(25749) Humongous regions: 5->5
[2023-11-10T12:09:03.524-0800][77747156ms] GC(25749) Metaspace: 305043K->305043K(1349632K)
[2023-11-10T12:09:03.524-0800][77747156ms] GC(25749) Pause Young (Normal) (G1 Evacuation Pause) 3235M->2927M(3602M) 6.133ms
[2023-11-10T12:09:03.524-0800][77747156ms] GC(25749) User=0.00s Sys=0.00s Real=0.01s
[2023-11-10T12:09:03.846-0800][77747478ms] GC(25750) Pause Young (Normal) (G1 Evacuation Pause)
[2023-11-10T12:09:03.846-0800][77747478ms] GC(25750) Using 10 workers of 10 for evacuation
[2023-11-10T12:09:03.851-0800][77747483ms] GC(25750)   Pre Evacuate Collection Set: 0.1ms
[2023-11-10T12:09:03.851-0800][77747483ms] GC(25750)   Evacuate Collection Set: 1.7ms
[2023-11-10T12:09:03.851-0800][77747483ms] GC(25750)   Post Evacuate Collection Set: 3.0ms
[2023-11-10T12:09:03.851-0800][77747483ms] GC(25750)   Other: 0.3ms
[2023-11-10T12:09:03.851-0800][77747483ms] GC(25750) Eden regions: 154->0(154)
[2023-11-10T12:09:03.851-0800][77747483ms] GC(25750) Survivor regions: 1->1(20)
[2023-11-10T12:09:03.851-0800][77747483ms] GC(25750) Old regions: 1459->1459
[2023-11-10T12:09:03.851-0800][77747483ms] GC(25750) Humongous regions: 5->5
[2023-11-10T12:09:03.851-0800][77747483ms] GC(25750) Metaspace: 305043K->305043K(1349632K)
[2023-11-10T12:09:03.851-0800][77747483ms] GC(25750) Pause Young (Normal) (G1 Evacuation Pause) 3235M->2927M(3602M) 5.094ms
[2023-11-10T12:09:03.851-0800][77747483ms] GC(25750) User=0.00s Sys=0.00s Real=0.01s
[2023-11-10T12:09:04.215-0800][77747847ms] GC(25751) Pause Young (Normal) (G1 Evacuation Pause)
[2023-11-10T12:09:04.215-0800][77747847ms] GC(25751) Using 10 workers of 10 for evacuation
[2023-11-10T12:09:04.220-0800][77747852ms] GC(25751)   Pre Evacuate Collection Set: 0.0ms
[2023-11-10T12:09:04.220-0800][77747852ms] GC(25751)   Evacuate Collection Set: 1.6ms
[2023-11-10T12:09:04.220-0800][77747852ms] GC(25751)   Post Evacuate Collection Set: 3.4ms
[2023-11-10T12:09:04.220-0800][77747852ms] GC(25751)   Other: 0.2ms
[2023-11-10T12:09:04.220-0800][77747852ms] GC(25751) Eden regions: 154->0(154)
[2023-11-10T12:09:04.220-0800][77747852ms] GC(25751) Survivor regions: 1->1(20)
[2023-11-10T12:09:04.220-0800][77747852ms] GC(25751) Old regions: 1459->1459
[2023-11-10T12:09:04.220-0800][77747852ms] GC(25751) Humongous regions: 5->5
[2023-11-10T12:09:04.220-0800][77747852ms] GC(25751) Metaspace: 305043K->305043K(1349632K)
[2023-11-10T12:09:04.220-0800][77747852ms] GC(25751) Pause Young (Normal) (G1 Evacuation Pause) 3235M->2928M(3602M) 5.439ms
[2023-11-10T12:09:04.220-0800][77747852ms] GC(25751) User=0.00s Sys=0.00s Real=0.01s
[2023-11-10T12:09:04.546-0800][77748178ms] GC(25752) Pause Young (Normal) (G1 Evacuation Pause)
[2023-11-10T12:09:04.546-0800][77748178ms] GC(25752) Using 10 workers of 10 for evacuation
[2023-11-10T12:09:04.553-0800][77748185ms] GC(25752)   Pre Evacuate Collection Set: 0.1ms
[2023-11-10T12:09:04.553-0800][77748185ms] GC(25752)   Evacuate Collection Set: 1.6ms
[2023-11-10T12:09:04.553-0800][77748185ms] GC(25752)   Post Evacuate Collection Set: 5.3ms
[2023-11-10T12:09:04.553-0800][77748185ms] GC(25752)   Other: 0.2ms
[2023-11-10T12:09:04.553-0800][77748185ms] GC(25752) Eden regions: 154->0(154)
[2023-11-10T12:09:04.553-0800][77748185ms] GC(25752) Survivor regions: 1->1(20)
[2023-11-10T12:09:04.553-0800][77748185ms] GC(25752) Old regions: 1459->1459
[2023-11-10T12:09:04.553-0800][77748185ms] GC(25752) Humongous regions: 5->5
[2023-11-10T12:09:04.553-0800][77748185ms] GC(25752) Metaspace: 305043K->305043K(1349632K)
[2023-11-10T12:09:04.553-0800][77748185ms] GC(25752) Pause Young (Normal) (G1 Evacuation Pause) 3236M->2927M(3602M) 7.294ms
[2023-11-10T12:09:04.553-0800][77748185ms] GC(25752) User=0.00s Sys=0.00s Real=0.01s
[2023-11-10T12:09:04.967-0800][77748599ms] GC(25753) Pause Young (Normal) (G1 Evacuation Pause)
[2023-11-10T12:09:04.967-0800][77748599ms] GC(25753) Using 10 workers of 10 for evacuation
[2023-11-10T12:09:04.972-0800][77748604ms] GC(25753)   Pre Evacuate Collection Set: 0.0ms
[2023-11-10T12:09:04.972-0800][77748604ms] GC(25753)   Evacuate Collection Set: 1.7ms
[2023-11-10T12:09:04.972-0800][77748604ms] GC(25753)   Post Evacuate Collection Set: 3.3ms
[2023-11-10T12:09:04.972-0800][77748604ms] GC(25753)   Other: 0.3ms
[2023-11-10T12:09:04.972-0800][77748604ms] GC(25753) Eden regions: 154->0(154)
[2023-11-10T12:09:04.972-0800][77748604ms] GC(25753) Survivor regions: 1->1(20)
[2023-11-10T12:09:04.972-0800][77748604ms] GC(25753) Old regions: 1459->1459
[2023-11-10T12:09:04.972-0800][77748604ms] GC(25753) Humongous regions: 5->5
[2023-11-10T12:09:04.972-0800][77748604ms] GC(25753) Metaspace: 305043K->305043K(1349632K)
[2023-11-10T12:09:04.972-0800][77748604ms] GC(25753) Pause Young (Normal) (G1 Evacuation Pause) 3235M->2927M(3602M) 5.420ms
[2023-11-10T12:09:04.972-0800][77748604ms] GC(25753) User=0.00s Sys=0.00s Real=0.00s
[2023-11-10T12:09:05.367-0800][77748999ms] GC(25754) Pause Young (Normal) (G1 Evacuation Pause)
[2023-11-10T12:09:05.367-0800][77748999ms] GC(25754) Using 10 workers of 10 for evacuation
[2023-11-10T12:09:05.371-0800][77749003ms] GC(25754)   Pre Evacuate Collection Set: 0.0ms
[2023-11-10T12:09:05.371-0800][77749003ms] GC(25754)   Evacuate Collection Set: 1.6ms
[2023-11-10T12:09:05.371-0800][77749003ms] GC(25754)   Post Evacuate Collection Set: 3.0ms
[2023-11-10T12:09:05.371-0800][77749003ms] GC(25754)   Other: 0.3ms
[2023-11-10T12:09:05.371-0800][77749003ms] GC(25754) Eden regions: 154->0(154)
[2023-11-10T12:09:05.371-0800][77749003ms] GC(25754) Survivor regions: 1->1(20)
[2023-11-10T12:09:05.371-0800][77749003ms] GC(25754) Old regions: 1459->1459
[2023-11-10T12:09:05.371-0800][77749003ms] GC(25754) Humongous regions: 5->5
[2023-11-10T12:09:05.371-0800][77749003ms] GC(25754) Metaspace: 305043K->305043K(1349632K)
[2023-11-10T12:09:05.371-0800][77749003ms] GC(25754) Pause Young (Normal) (G1 Evacuation Pause) 3235M->2927M(3602M) 4.963ms
[2023-11-10T12:09:05.371-0800][77749003ms] GC(25754) User=0.00s Sys=0.00s Real=0.00s
[2023-11-10T12:09:05.743-0800][77749375ms] GC(25755) Pause Young (Normal) (G1 Evacuation Pause)
[2023-11-10T12:09:05.743-0800][77749375ms] GC(25755) Using 10 workers of 10 for evacuation
[2023-11-10T12:09:05.757-0800][77749390ms] GC(25755)   Pre Evacuate Collection Set: 0.0ms
[2023-11-10T12:09:05.758-0800][77749390ms] GC(25755)   Evacuate Collection Set: 1.6ms
[2023-11-10T12:09:05.758-0800][77749390ms] GC(25755)   Post Evacuate Collection Set: 13.3ms
[2023-11-10T12:09:05.758-0800][77749390ms] GC(25755)   Other: 0.2ms
[2023-11-10T12:09:05.758-0800][77749390ms] GC(25755) Eden regions: 154->0(154)
[2023-11-10T12:09:05.758-0800][77749390ms] GC(25755) Survivor regions: 1->1(20)
[2023-11-10T12:09:05.758-0800][77749390ms] GC(25755) Old regions: 1459->1459
[2023-11-10T12:09:05.758-0800][77749390ms] GC(25755) Humongous regions: 5->5
[2023-11-10T12:09:05.758-0800][77749390ms] GC(25755) Metaspace: 305043K->305043K(1349632K)
[2023-11-10T12:09:05.758-0800][77749390ms] GC(25755) Pause Young (Normal) (G1 Evacuation Pause) 3235M->2927M(3602M) 15.316ms
[2023-11-10T12:09:05.758-0800][77749390ms] GC(25755) User=0.00s Sys=0.00s Real=0.01s
[2023-11-10T12:09:06.103-0800][77749735ms] GC(25756) Pause Young (Normal) (G1 Evacuation Pause)
[2023-11-10T12:09:06.103-0800][77749735ms] GC(25756) Using 10 workers of 10 for evacuation
[2023-11-10T12:09:06.108-0800][77749740ms] GC(25756)   Pre Evacuate Collection Set: 0.0ms
[2023-11-10T12:09:06.108-0800][77749740ms] GC(25756)   Evacuate Collection Set: 1.8ms
[2023-11-10T12:09:06.108-0800][77749740ms] GC(25756)   Post Evacuate Collection Set: 3.0ms
[2023-11-10T12:09:06.108-0800][77749740ms] GC(25756)   Other: 0.3ms
[2023-11-10T12:09:06.108-0800][77749740ms] GC(25756) Eden regions: 154->0(154)
[2023-11-10T12:09:06.108-0800][77749740ms] GC(25756) Survivor regions: 1->1(20)
[2023-11-10T12:09:06.108-0800][77749740ms] GC(25756) Old regions: 1459->1459
[2023-11-10T12:09:06.108-0800][77749740ms] GC(25756) Humongous regions: 5->5
[2023-11-10T12:09:06.108-0800][77749740ms] GC(25756) Metaspace: 305043K->305043K(1349632K)
[2023-11-10T12:09:06.108-0800][77749740ms] GC(25756) Pause Young (Normal) (G1 Evacuation Pause) 3235M->2927M(3602M) 5.229ms
[2023-11-10T12:09:06.108-0800][77749740ms] GC(25756) User=0.00s Sys=0.00s Real=0.01s
[2023-11-10T12:09:06.467-0800][77750099ms] GC(25757) Pause Young (Normal) (G1 Evacuation Pause)
[2023-11-10T12:09:06.467-0800][77750099ms] GC(25757) Using 10 workers of 10 for evacuation
[2023-11-10T12:09:06.472-0800][77750104ms] GC(25757)   Pre Evacuate Collection Set: 0.1ms
[2023-11-10T12:09:06.472-0800][77750104ms] GC(25757)   Evacuate Collection Set: 1.6ms
[2023-11-10T12:09:06.472-0800][77750104ms] GC(25757)   Post Evacuate Collection Set: 3.2ms
[2023-11-10T12:09:06.472-0800][77750104ms] GC(25757)   Other: 0.3ms
[2023-11-10T12:09:06.472-0800][77750104ms] GC(25757) Eden regions: 154->0(154)
[2023-11-10T12:09:06.472-0800][77750104ms] GC(25757) Survivor regions: 1->1(20)
[2023-11-10T12:09:06.472-0800][77750104ms] GC(25757) Old regions: 1459->1459
[2023-11-10T12:09:06.472-0800][77750104ms] GC(25757) Humongous regions: 5->5
[2023-11-10T12:09:06.472-0800][77750104ms] GC(25757) Metaspace: 305043K->305043K(1349632K)
[2023-11-10T12:09:06.472-0800][77750104ms] GC(25757) Pause Young (Normal) (G1 Evacuation Pause) 3235M->2927M(3602M) 5.189ms
[2023-11-10T12:09:06.472-0800][77750104ms] GC(25757) User=0.00s Sys=0.00s Real=0.00s
[2023-11-10T12:09:06.826-0800][77750458ms] GC(25758) Pause Young (Normal) (G1 Evacuation Pause)
[2023-11-10T12:09:06.826-0800][77750458ms] GC(25758) Using 10 workers of 10 for evacuation
[2023-11-10T12:09:06.830-0800][77750462ms] GC(25758)   Pre Evacuate Collection Set: 0.0ms
[2023-11-10T12:09:06.830-0800][77750462ms] GC(25758)   Evacuate Collection Set: 1.6ms
[2023-11-10T12:09:06.830-0800][77750462ms] GC(25758)   Post Evacuate Collection Set: 3.1ms
[2023-11-10T12:09:06.830-0800][77750462ms] GC(25758)   Other: 0.2ms
[2023-11-10T12:09:06.830-0800][77750462ms] GC(25758) Eden regions: 154->0(154)
[2023-11-10T12:09:06.830-0800][77750462ms] GC(25758) Survivor regions: 1->1(20)
[2023-11-10T12:09:06.830-0800][77750462ms] GC(25758) Old regions: 1459->1459
[2023-11-10T12:09:06.830-0800][77750462ms] GC(25758) Humongous regions: 5->5
[2023-11-10T12:09:06.831-0800][77750463ms] GC(25758) Metaspace: 305043K->305043K(1349632K)
[2023-11-10T12:09:06.831-0800][77750463ms] GC(25758) Pause Young (Normal) (G1 Evacuation Pause) 3235M->2927M(3602M) 5.055ms
[2023-11-10T12:09:06.831-0800][77750463ms] GC(25758) User=0.00s Sys=0.00s Real=0.01s
[2023-11-10T12:09:07.209-0800][77750841ms] GC(25759) Pause Young (Normal) (G1 Evacuation Pause)
[2023-11-10T12:09:07.209-0800][77750841ms] GC(25759) Using 10 workers of 10 for evacuation
[2023-11-10T12:09:07.214-0800][77750846ms] GC(25759)   Pre Evacuate Collection Set: 0.0ms
[2023-11-10T12:09:07.214-0800][77750846ms] GC(25759)   Evacuate Collection Set: 1.6ms
[2023-11-10T12:09:07.214-0800][77750846ms] GC(25759)   Post Evacuate Collection Set: 2.9ms
[2023-11-10T12:09:07.214-0800][77750846ms] GC(25759)   Other: 0.2ms
[2023-11-10T12:09:07.214-0800][77750846ms] GC(25759) Eden regions: 154->0(154)
[2023-11-10T12:09:07.215-0800][77750847ms] GC(25759) Survivor regions: 1->1(20)
[2023-11-10T12:09:07.215-0800][77750847ms] GC(25759) Old regions: 1459->1459
[2023-11-10T12:09:07.215-0800][77750847ms] GC(25759) Humongous regions: 5->5
[2023-11-10T12:09:07.215-0800][77750847ms] GC(25759) Metaspace: 305043K->305043K(1349632K)
[2023-11-10T12:09:07.215-0800][77750847ms] GC(25759) Pause Young (Normal) (G1 Evacuation Pause) 3235M->2928M(3602M) 4.910ms
[2023-11-10T12:09:07.215-0800][77750847ms] GC(25759) User=0.13s Sys=0.00s Real=0.01s
[2023-11-10T12:09:07.565-0800][77751197ms] GC(25760) Pause Young (Normal) (G1 Evacuation Pause)
[2023-11-10T12:09:07.565-0800][77751197ms] GC(25760) Using 10 workers of 10 for evacuation
[2023-11-10T12:09:07.569-0800][77751201ms] GC(25760)   Pre Evacuate Collection Set: 0.0ms
[2023-11-10T12:09:07.569-0800][77751201ms] GC(25760)   Evacuate Collection Set: 1.6ms
[2023-11-10T12:09:07.569-0800][77751201ms] GC(25760)   Post Evacuate Collection Set: 3.0ms
[2023-11-10T12:09:07.569-0800][77751201ms] GC(25760)   Other: 0.3ms
[2023-11-10T12:09:07.569-0800][77751201ms] GC(25760) Eden regions: 154->0(154)
[2023-11-10T12:09:07.569-0800][77751201ms] GC(25760) Survivor regions: 1->1(20)
[2023-11-10T12:09:07.569-0800][77751201ms] GC(25760) Old regions: 1459->1459
[2023-11-10T12:09:07.569-0800][77751201ms] GC(25760) Humongous regions: 5->5
[2023-11-10T12:09:07.569-0800][77751201ms] GC(25760) Metaspace: 305043K->305043K(1349632K)
[2023-11-10T12:09:07.569-0800][77751201ms] GC(25760) Pause Young (Normal) (G1 Evacuation Pause) 3236M->2928M(3602M) 5.083ms
[2023-11-10T12:09:07.569-0800][77751201ms] GC(25760) User=0.00s Sys=0.00s Real=0.00s
[2023-11-10T12:09:07.924-0800][77751556ms] GC(25761) Pause Young (Normal) (G1 Evacuation Pause)
[2023-11-10T12:09:07.924-0800][77751556ms] GC(25761) Using 10 workers of 10 for evacuation
[2023-11-10T12:09:07.929-0800][77751561ms] GC(25761)   Pre Evacuate Collection Set: 0.0ms
[2023-11-10T12:09:07.930-0800][77751562ms] GC(25761)   Evacuate Collection Set: 1.7ms
[2023-11-10T12:09:07.930-0800][77751562ms] GC(25761)   Post Evacuate Collection Set: 3.1ms
[2023-11-10T12:09:07.930-0800][77751562ms] GC(25761)   Other: 0.2ms
[2023-11-10T12:09:07.930-0800][77751562ms] GC(25761) Eden regions: 154->0(154)
[2023-11-10T12:09:07.930-0800][77751562ms] GC(25761) Survivor regions: 1->1(20)
[2023-11-10T12:09:07.930-0800][77751562ms] GC(25761) Old regions: 1459->1459
[2023-11-10T12:09:07.930-0800][77751562ms] GC(25761) Humongous regions: 5->5
[2023-11-10T12:09:07.930-0800][77751562ms] GC(25761) Metaspace: 305043K->305043K(1349632K)
[2023-11-10T12:09:07.930-0800][77751562ms] GC(25761) Pause Young (Normal) (G1 Evacuation Pause) 3236M->2928M(3602M) 5.218ms
[2023-11-10T12:09:07.930-0800][77751562ms] GC(25761) User=0.02s Sys=0.00s Real=0.01s
[2023-11-10T12:09:08.280-0800][77751912ms] GC(25762) Pause Young (Normal) (G1 Evacuation Pause)
[2023-11-10T12:09:08.280-0800][77751912ms] GC(25762) Using 10 workers of 10 for evacuation
[2023-11-10T12:09:08.284-0800][77751916ms] GC(25762)   Pre Evacuate Collection Set: 0.0ms
[2023-11-10T12:09:08.284-0800][77751916ms] GC(25762)   Evacuate Collection Set: 1.6ms
[2023-11-10T12:09:08.284-0800][77751916ms] GC(25762)   Post Evacuate Collection Set: 3.0ms
[2023-11-10T12:09:08.284-0800][77751916ms] GC(25762)   Other: 0.2ms
[2023-11-10T12:09:08.284-0800][77751916ms] GC(25762) Eden regions: 154->0(154)
[2023-11-10T12:09:08.284-0800][77751916ms] GC(25762) Survivor regions: 1->1(20)
[2023-11-10T12:09:08.284-0800][77751916ms] GC(25762) Old regions: 1459->1459
[2023-11-10T12:09:08.284-0800][77751916ms] GC(25762) Humongous regions: 5->5
[2023-11-10T12:09:08.284-0800][77751916ms] GC(25762) Metaspace: 305043K->305043K(1349632K)
[2023-11-10T12:09:08.284-0800][77751916ms] GC(25762) Pause Young (Normal) (G1 Evacuation Pause) 3236M->2928M(3602M) 5.023ms
[2023-11-10T12:09:08.284-0800][77751916ms] GC(25762) User=0.00s Sys=0.00s Real=0.00s
[2023-11-10T12:09:08.620-0800][77752252ms] GC(25763) Pause Young (Normal) (G1 Evacuation Pause)
[2023-11-10T12:09:08.620-0800][77752252ms] GC(25763) Using 10 workers of 10 for evacuation
[2023-11-10T12:09:08.624-0800][77752256ms] GC(25763)   Pre Evacuate Collection Set: 0.0ms
[2023-11-10T12:09:08.624-0800][77752256ms] GC(25763)   Evacuate Collection Set: 1.6ms
[2023-11-10T12:09:08.624-0800][77752256ms] GC(25763)   Post Evacuate Collection Set: 2.8ms
[2023-11-10T12:09:08.624-0800][77752256ms] GC(25763)   Other: 0.2ms
[2023-11-10T12:09:08.624-0800][77752256ms] GC(25763) Eden regions: 154->0(154)
[2023-11-10T12:09:08.624-0800][77752256ms] GC(25763) Survivor regions: 1->1(20)
[2023-11-10T12:09:08.624-0800][77752256ms] GC(25763) Old regions: 1459->1459
[2023-11-10T12:09:08.624-0800][77752256ms] GC(25763) Humongous regions: 5->5
[2023-11-10T12:09:08.624-0800][77752256ms] GC(25763) Metaspace: 305043K->305043K(1349632K)
[2023-11-10T12:09:08.624-0800][77752256ms] GC(25763) Pause Young (Normal) (G1 Evacuation Pause) 3236M->2928M(3602M) 4.780ms
[2023-11-10T12:09:08.624-0800][77752256ms] GC(25763) User=0.00s Sys=0.00s Real=0.00s
[2023-11-10T12:09:08.962-0800][77752594ms] GC(25764) Pause Young (Normal) (G1 Evacuation Pause)
[2023-11-10T12:09:08.962-0800][77752594ms] GC(25764) Using 10 workers of 10 for evacuation
[2023-11-10T12:09:08.967-0800][77752599ms] GC(25764)   Pre Evacuate Collection Set: 0.0ms
[2023-11-10T12:09:08.967-0800][77752599ms] GC(25764)   Evacuate Collection Set: 1.7ms
[2023-11-10T12:09:08.967-0800][77752599ms] GC(25764)   Post Evacuate Collection Set: 3.1ms
[2023-11-10T12:09:08.967-0800][77752599ms] GC(25764)   Other: 0.3ms
[2023-11-10T12:09:08.967-0800][77752599ms] GC(25764) Eden regions: 154->0(154)
[2023-11-10T12:09:08.967-0800][77752599ms] GC(25764) Survivor regions: 1->1(20)
[2023-11-10T12:09:08.967-0800][77752599ms] GC(25764) Old regions: 1459->1459
[2023-11-10T12:09:08.967-0800][77752599ms] GC(25764) Humongous regions: 5->5
[2023-11-10T12:09:08.967-0800][77752599ms] GC(25764) Metaspace: 305043K->305043K(1349632K)
[2023-11-10T12:09:08.967-0800][77752599ms] GC(25764) Pause Young (Normal) (G1 Evacuation Pause) 3236M->2928M(3602M) 5.228ms
[2023-11-10T12:09:08.967-0800][77752599ms] GC(25764) User=0.00s Sys=0.00s Real=0.01s
[2023-11-10T12:09:09.266-0800][77752898ms] GC(25765) Pause Young (Normal) (G1 Evacuation Pause)
[2023-11-10T12:09:09.266-0800][77752898ms] GC(25765) Using 10 workers of 10 for evacuation
[2023-11-10T12:09:09.270-0800][77752902ms] GC(25765)   Pre Evacuate Collection Set: 0.0ms
[2023-11-10T12:09:09.270-0800][77752902ms] GC(25765)   Evacuate Collection Set: 1.7ms
[2023-11-10T12:09:09.270-0800][77752902ms] GC(25765)   Post Evacuate Collection Set: 3.1ms
[2023-11-10T12:09:09.270-0800][77752902ms] GC(25765)   Other: 0.2ms
[2023-11-10T12:09:09.270-0800][77752902ms] GC(25765) Eden regions: 154->0(154)
[2023-11-10T12:09:09.270-0800][77752902ms] GC(25765) Survivor regions: 1->1(20)
[2023-11-10T12:09:09.270-0800][77752902ms] GC(25765) Old regions: 1459->1459
[2023-11-10T12:09:09.270-0800][77752902ms] GC(25765) Humongous regions: 5->5
[2023-11-10T12:09:09.270-0800][77752902ms] GC(25765) Metaspace: 305043K->305043K(1349632K)
[2023-11-10T12:09:09.270-0800][77752902ms] GC(25765) Pause Young (Normal) (G1 Evacuation Pause) 3236M->2928M(3602M) 5.139ms
[2023-11-10T12:09:09.270-0800][77752902ms] GC(25765) User=0.00s Sys=0.00s Real=0.00s
[2023-11-10T12:09:09.627-0800][77753259ms] GC(25766) Pause Young (Normal) (G1 Evacuation Pause)
[2023-11-10T12:09:09.627-0800][77753259ms] GC(25766) Using 10 workers of 10 for evacuation
[2023-11-10T12:09:09.632-0800][77753264ms] GC(25766)   Pre Evacuate Collection Set: 0.0ms
[2023-11-10T12:09:09.632-0800][77753264ms] GC(25766)   Evacuate Collection Set: 1.7ms
[2023-11-10T12:09:09.632-0800][77753264ms] GC(25766)   Post Evacuate Collection Set: 3.1ms
[2023-11-10T12:09:09.632-0800][77753264ms] GC(25766)   Other: 0.3ms
[2023-11-10T12:09:09.632-0800][77753264ms] GC(25766) Eden regions: 154->0(154)
[2023-11-10T12:09:09.632-0800][77753264ms] GC(25766) Survivor regions: 1->1(20)
[2023-11-10T12:09:09.632-0800][77753264ms] GC(25766) Old regions: 1459->1459
[2023-11-10T12:09:09.632-0800][77753264ms] GC(25766) Humongous regions: 5->5
[2023-11-10T12:09:09.632-0800][77753264ms] GC(25766) Metaspace: 305043K->305043K(1349632K)
[2023-11-10T12:09:09.632-0800][77753264ms] GC(25766) Pause Young (Normal) (G1 Evacuation Pause) 3236M->2928M(3602M) 5.179ms
[2023-11-10T12:09:09.632-0800][77753264ms] GC(25766) User=0.00s Sys=0.00s Real=0.00s
[2023-11-10T12:09:10.044-0800][77753676ms] GC(25767) Pause Young (Normal) (G1 Evacuation Pause)
[2023-11-10T12:09:10.044-0800][77753676ms] GC(25767) Using 10 workers of 10 for evacuation
[2023-11-10T12:09:10.049-0800][77753681ms] GC(25767)   Pre Evacuate Collection Set: 0.0ms
[2023-11-10T12:09:10.049-0800][77753681ms] GC(25767)   Evacuate Collection Set: 1.7ms
[2023-11-10T12:09:10.049-0800][77753681ms] GC(25767)   Post Evacuate Collection Set: 3.1ms
[2023-11-10T12:09:10.049-0800][77753681ms] GC(25767)   Other: 0.2ms
[2023-11-10T12:09:10.049-0800][77753681ms] GC(25767) Eden regions: 154->0(154)
[2023-11-10T12:09:10.049-0800][77753681ms] GC(25767) Survivor regions: 1->1(20)
[2023-11-10T12:09:10.049-0800][77753681ms] GC(25767) Old regions: 1459->1459
[2023-11-10T12:09:10.049-0800][77753681ms] GC(25767) Humongous regions: 5->5
[2023-11-10T12:09:10.049-0800][77753681ms] GC(25767) Metaspace: 305043K->305043K(1349632K)
[2023-11-10T12:09:10.049-0800][77753681ms] GC(25767) Pause Young (Normal) (G1 Evacuation Pause) 3236M->2928M(3602M) 5.127ms
[2023-11-10T12:09:10.049-0800][77753681ms] GC(25767) User=0.00s Sys=0.00s Real=0.01s
[2023-11-10T12:09:10.390-0800][77754022ms] GC(25768) Pause Young (Normal) (G1 Evacuation Pause)
[2023-11-10T12:09:10.390-0800][77754022ms] GC(25768) Using 10 workers of 10 for evacuation
[2023-11-10T12:09:10.395-0800][77754027ms] GC(25768)   Pre Evacuate Collection Set: 0.0ms
[2023-11-10T12:09:10.395-0800][77754027ms] GC(25768)   Evacuate Collection Set: 1.7ms
[2023-11-10T12:09:10.395-0800][77754027ms] GC(25768)   Post Evacuate Collection Set: 3.1ms
[2023-11-10T12:09:10.395-0800][77754027ms] GC(25768)   Other: 0.3ms
[2023-11-10T12:09:10.395-0800][77754027ms] GC(25768) Eden regions: 154->0(154)
[2023-11-10T12:09:10.395-0800][77754027ms] GC(25768) Survivor regions: 1->1(20)
[2023-11-10T12:09:10.395-0800][77754027ms] GC(25768) Old regions: 1459->1459
[2023-11-10T12:09:10.395-0800][77754027ms] GC(25768) Humongous regions: 5->5
[2023-11-10T12:09:10.395-0800][77754027ms] GC(25768) Metaspace: 305043K->305043K(1349632K)
[2023-11-10T12:09:10.395-0800][77754027ms] GC(25768) Pause Young (Normal) (G1 Evacuation Pause) 3236M->2928M(3602M) 5.197ms
[2023-11-10T12:09:10.395-0800][77754027ms] GC(25768) User=0.00s Sys=0.00s Real=0.00s
[2023-11-10T12:09:10.712-0800][77754344ms] GC(25769) Pause Young (Normal) (G1 Evacuation Pause)
[2023-11-10T12:09:10.712-0800][77754344ms] GC(25769) Using 10 workers of 10 for evacuation
[2023-11-10T12:09:10.717-0800][77754349ms] GC(25769)   Pre Evacuate Collection Set: 0.0ms
[2023-11-10T12:09:10.717-0800][77754349ms] GC(25769)   Evacuate Collection Set: 1.7ms
[2023-11-10T12:09:10.717-0800][77754349ms] GC(25769)   Post Evacuate Collection Set: 3.1ms
[2023-11-10T12:09:10.717-0800][77754349ms] GC(25769)   Other: 0.3ms
[2023-11-10T12:09:10.717-0800][77754349ms] GC(25769) Eden regions: 154->0(154)
[2023-11-10T12:09:10.717-0800][77754349ms] GC(25769) Survivor regions: 1->1(20)
[2023-11-10T12:09:10.717-0800][77754349ms] GC(25769) Old regions: 1459->1459
[2023-11-10T12:09:10.717-0800][77754349ms] GC(25769) Humongous regions: 5->5
[2023-11-10T12:09:10.717-0800][77754349ms] GC(25769) Metaspace: 305043K->305043K(1349632K)
[2023-11-10T12:09:10.717-0800][77754349ms] GC(25769) Pause Young (Normal) (G1 Evacuation Pause) 3236M->2928M(3602M) 5.256ms
[2023-11-10T12:09:10.717-0800][77754349ms] GC(25769) User=0.00s Sys=0.00s Real=0.01s
[2023-11-10T12:09:11.071-0800][77754703ms] GC(25770) Pause Young (Normal) (G1 Evacuation Pause)
[2023-11-10T12:09:11.071-0800][77754703ms] GC(25770) Using 10 workers of 10 for evacuation
[2023-11-10T12:09:11.076-0800][77754708ms] GC(25770)   Pre Evacuate Collection Set: 0.0ms
[2023-11-10T12:09:11.076-0800][77754708ms] GC(25770)   Evacuate Collection Set: 1.7ms
[2023-11-10T12:09:11.076-0800][77754708ms] GC(25770)   Post Evacuate Collection Set: 3.0ms
[2023-11-10T12:09:11.076-0800][77754708ms] GC(25770)   Other: 0.2ms
[2023-11-10T12:09:11.076-0800][77754708ms] GC(25770) Eden regions: 154->0(154)
[2023-11-10T12:09:11.076-0800][77754708ms] GC(25770) Survivor regions: 1->1(20)
[2023-11-10T12:09:11.076-0800][77754708ms] GC(25770) Old regions: 1459->1459
[2023-11-10T12:09:11.076-0800][77754708ms] GC(25770) Humongous regions: 5->5
[2023-11-10T12:09:11.076-0800][77754708ms] GC(25770) Metaspace: 305043K->305043K(1349632K)
[2023-11-10T12:09:11.076-0800][77754708ms] GC(25770) Pause Young (Normal) (G1 Evacuation Pause) 3236M->2928M(3602M) 5.123ms
[2023-11-10T12:09:11.076-0800][77754708ms] GC(25770) User=0.00s Sys=0.00s Real=0.00s
[2023-11-10T12:09:11.483-0800][77755115ms] GC(25771) Pause Young (Normal) (G1 Evacuation Pause)
[2023-11-10T12:09:11.483-0800][77755115ms] GC(25771) Using 10 workers of 10 for evacuation
[2023-11-10T12:09:11.487-0800][77755119ms] GC(25771)   Pre Evacuate Collection Set: 0.0ms
[2023-11-10T12:09:11.487-0800][77755119ms] GC(25771)   Evacuate Collection Set: 1.6ms
[2023-11-10T12:09:11.487-0800][77755119ms] GC(25771)   Post Evacuate Collection Set: 3.2ms
[2023-11-10T12:09:11.487-0800][77755119ms] GC(25771)   Other: 0.2ms
[2023-11-10T12:09:11.487-0800][77755119ms] GC(25771) Eden regions: 154->0(154)
[2023-11-10T12:09:11.487-0800][77755119ms] GC(25771) Survivor regions: 1->1(20)
[2023-11-10T12:09:11.487-0800][77755119ms] GC(25771) Old regions: 1459->1459
[2023-11-10T12:09:11.487-0800][77755119ms] GC(25771) Humongous regions: 5->5
[2023-11-10T12:09:11.487-0800][77755119ms] GC(25771) Metaspace: 305043K->305043K(1349632K)
[2023-11-10T12:09:11.487-0800][77755119ms] GC(25771) Pause Young (Normal) (G1 Evacuation Pause) 3236M->2928M(3602M) 5.171ms
[2023-11-10T12:09:11.488-0800][77755120ms] GC(25771) User=0.00s Sys=0.00s Real=0.00s
[2023-11-10T12:09:11.882-0800][77755514ms] GC(25772) Pause Young (Normal) (G1 Evacuation Pause)
[2023-11-10T12:09:11.882-0800][77755514ms] GC(25772) Using 10 workers of 10 for evacuation
[2023-11-10T12:09:11.887-0800][77755519ms] GC(25772)   Pre Evacuate Collection Set: 0.0ms
[2023-11-10T12:09:11.887-0800][77755519ms] GC(25772)   Evacuate Collection Set: 1.7ms
[2023-11-10T12:09:11.887-0800][77755519ms] GC(25772)   Post Evacuate Collection Set: 2.9ms
[2023-11-10T12:09:11.887-0800][77755519ms] GC(25772)   Other: 0.3ms
[2023-11-10T12:09:11.887-0800][77755519ms] GC(25772) Eden regions: 154->0(154)
[2023-11-10T12:09:11.887-0800][77755519ms] GC(25772) Survivor regions: 1->1(20)
[2023-11-10T12:09:11.887-0800][77755519ms] GC(25772) Old regions: 1459->1459
[2023-11-10T12:09:11.887-0800][77755519ms] GC(25772) Humongous regions: 5->5
[2023-11-10T12:09:11.887-0800][77755519ms] GC(25772) Metaspace: 305043K->305043K(1349632K)
[2023-11-10T12:09:11.887-0800][77755519ms] GC(25772) Pause Young (Normal) (G1 Evacuation Pause) 3236M->2928M(3602M) 5.029ms
[2023-11-10T12:09:11.887-0800][77755519ms] GC(25772) User=0.00s Sys=0.00s Real=0.01s
[2023-11-10T12:09:12.299-0800][77755931ms] GC(25773) Pause Young (Normal) (G1 Evacuation Pause)
[2023-11-10T12:09:12.299-0800][77755931ms] GC(25773) Using 10 workers of 10 for evacuation
[2023-11-10T12:09:12.306-0800][77755938ms] GC(25773)   Pre Evacuate Collection Set: 0.1ms
[2023-11-10T12:09:12.306-0800][77755938ms] GC(25773)   Evacuate Collection Set: 1.6ms
[2023-11-10T12:09:12.306-0800][77755938ms] GC(25773)   Post Evacuate Collection Set: 3.7ms
[2023-11-10T12:09:12.306-0800][77755938ms] GC(25773)   Other: 0.3ms
[2023-11-10T12:09:12.306-0800][77755938ms] GC(25773) Eden regions: 154->0(154)
[2023-11-10T12:09:12.306-0800][77755938ms] GC(25773) Survivor regions: 1->1(20)
[2023-11-10T12:09:12.306-0800][77755938ms] GC(25773) Old regions: 1459->1459
[2023-11-10T12:09:12.306-0800][77755938ms] GC(25773) Humongous regions: 5->5
[2023-11-10T12:09:12.306-0800][77755938ms] GC(25773) Metaspace: 305043K->305043K(1349632K)
[2023-11-10T12:09:12.306-0800][77755938ms] GC(25773) Pause Young (Normal) (G1 Evacuation Pause) 3236M->2928M(3602M) 5.793ms
[2023-11-10T12:09:12.306-0800][77755938ms] GC(25773) User=0.02s Sys=0.00s Real=0.01s
[2023-11-10T12:09:12.653-0800][77756285ms] GC(25774) Pause Young (Normal) (G1 Evacuation Pause)
[2023-11-10T12:09:12.653-0800][77756285ms] GC(25774) Using 10 workers of 10 for evacuation
[2023-11-10T12:09:12.658-0800][77756290ms] GC(25774)   Pre Evacuate Collection Set: 0.0ms
[2023-11-10T12:09:12.658-0800][77756290ms] GC(25774)   Evacuate Collection Set: 1.7ms
[2023-11-10T12:09:12.658-0800][77756290ms] GC(25774)   Post Evacuate Collection Set: 3.1ms
[2023-11-10T12:09:12.658-0800][77756290ms] GC(25774)   Other: 0.3ms
[2023-11-10T12:09:12.658-0800][77756290ms] GC(25774) Eden regions: 154->0(153)
[2023-11-10T12:09:12.658-0800][77756290ms] GC(25774) Survivor regions: 1->1(20)
[2023-11-10T12:09:12.658-0800][77756290ms] GC(25774) Old regions: 1459->1460
[2023-11-10T12:09:12.658-0800][77756290ms] GC(25774) Humongous regions: 5->5
[2023-11-10T12:09:12.658-0800][77756290ms] GC(25774) Metaspace: 305043K->305043K(1349632K)
[2023-11-10T12:09:12.658-0800][77756290ms] GC(25774) Pause Young (Normal) (G1 Evacuation Pause) 3236M->2929M(3602M) 5.237ms
[2023-11-10T12:09:12.658-0800][77756290ms] GC(25774) User=0.00s Sys=0.00s Real=0.00s
[2023-11-10T12:09:12.996-0800][77756629ms] GC(25775) Pause Young (Normal) (G1 Evacuation Pause)
[2023-11-10T12:09:12.997-0800][77756629ms] GC(25775) Using 10 workers of 10 for evacuation
[2023-11-10T12:09:13.002-0800][77756634ms] GC(25775)   Pre Evacuate Collection Set: 0.0ms
[2023-11-10T12:09:13.002-0800][77756634ms] GC(25775)   Evacuate Collection Set: 1.7ms
[2023-11-10T12:09:13.002-0800][77756634ms] GC(25775)   Post Evacuate Collection Set: 3.0ms
[2023-11-10T12:09:13.002-0800][77756634ms] GC(25775)   Other: 0.3ms
[2023-11-10T12:09:13.002-0800][77756634ms] GC(25775) Eden regions: 153->0(153)
[2023-11-10T12:09:13.002-0800][77756634ms] GC(25775) Survivor regions: 1->1(20)
[2023-11-10T12:09:13.002-0800][77756634ms] GC(25775) Old regions: 1460->1460
[2023-11-10T12:09:13.002-0800][77756634ms] GC(25775) Humongous regions: 5->5
[2023-11-10T12:09:13.002-0800][77756634ms] GC(25775) Metaspace: 305043K->305043K(1349632K)
[2023-11-10T12:09:13.002-0800][77756634ms] GC(25775) Pause Young (Normal) (G1 Evacuation Pause) 3235M->2928M(3602M) 5.072ms
[2023-11-10T12:09:13.002-0800][77756634ms] GC(25775) User=0.00s Sys=0.00s Real=0.01s
[2023-11-10T12:09:13.373-0800][77757005ms] GC(25776) Pause Young (Normal) (G1 Evacuation Pause)
[2023-11-10T12:09:13.373-0800][77757005ms] GC(25776) Using 10 workers of 10 for evacuation
[2023-11-10T12:09:13.379-0800][77757011ms] GC(25776)   Pre Evacuate Collection Set: 0.0ms
[2023-11-10T12:09:13.379-0800][77757011ms] GC(25776)   Evacuate Collection Set: 1.7ms
[2023-11-10T12:09:13.379-0800][77757011ms] GC(25776)   Post Evacuate Collection Set: 3.1ms
[2023-11-10T12:09:13.379-0800][77757011ms] GC(25776)   Other: 0.2ms
[2023-11-10T12:09:13.379-0800][77757011ms] GC(25776) Eden regions: 153->0(153)
[2023-11-10T12:09:13.379-0800][77757011ms] GC(25776) Survivor regions: 1->1(20)
[2023-11-10T12:09:13.379-0800][77757011ms] GC(25776) Old regions: 1460->1460
[2023-11-10T12:09:13.379-0800][77757011ms] GC(25776) Humongous regions: 5->5
[2023-11-10T12:09:13.379-0800][77757011ms] GC(25776) Metaspace: 305043K->305043K(1349632K)
[2023-11-10T12:09:13.379-0800][77757011ms] GC(25776) Pause Young (Normal) (G1 Evacuation Pause) 3234M->2928M(3602M) 5.071ms
[2023-11-10T12:09:13.379-0800][77757011ms] GC(25776) User=0.00s Sys=0.00s Real=0.01s
[2023-11-10T12:09:13.769-0800][77757401ms] GC(25777) Pause Young (Normal) (G1 Evacuation Pause)
[2023-11-10T12:09:13.769-0800][77757401ms] GC(25777) Using 10 workers of 10 for evacuation
[2023-11-10T12:09:13.774-0800][77757406ms] GC(25777)   Pre Evacuate Collection Set: 0.0ms
[2023-11-10T12:09:13.774-0800][77757406ms] GC(25777)   Evacuate Collection Set: 1.7ms
[2023-11-10T12:09:13.774-0800][77757406ms] GC(25777)   Post Evacuate Collection Set: 3.0ms
[2023-11-10T12:09:13.774-0800][77757406ms] GC(25777)   Other: 0.3ms
[2023-11-10T12:09:13.774-0800][77757406ms] GC(25777) Eden regions: 153->0(153)
[2023-11-10T12:09:13.774-0800][77757406ms] GC(25777) Survivor regions: 1->1(20)
[2023-11-10T12:09:13.774-0800][77757406ms] GC(25777) Old regions: 1460->1460
[2023-11-10T12:09:13.774-0800][77757406ms] GC(25777) Humongous regions: 5->5
[2023-11-10T12:09:13.774-0800][77757406ms] GC(25777) Metaspace: 305043K->305043K(1349632K)
[2023-11-10T12:09:13.774-0800][77757406ms] GC(25777) Pause Young (Normal) (G1 Evacuation Pause) 3234M->2928M(3602M) 5.066ms
[2023-11-10T12:09:13.774-0800][77757406ms] GC(25777) User=0.02s Sys=0.00s Real=0.00s
[2023-11-10T12:09:14.117-0800][77757749ms] GC(25778) Pause Young (Normal) (G1 Evacuation Pause)
[2023-11-10T12:09:14.117-0800][77757749ms] GC(25778) Using 10 workers of 10 for evacuation
[2023-11-10T12:09:14.123-0800][77757755ms] GC(25778)   Pre Evacuate Collection Set: 0.0ms
[2023-11-10T12:09:14.123-0800][77757755ms] GC(25778)   Evacuate Collection Set: 1.7ms
[2023-11-10T12:09:14.123-0800][77757755ms] GC(25778)   Post Evacuate Collection Set: 3.1ms
[2023-11-10T12:09:14.123-0800][77757755ms] GC(25778)   Other: 0.3ms
[2023-11-10T12:09:14.123-0800][77757755ms] GC(25778) Eden regions: 153->0(153)
[2023-11-10T12:09:14.123-0800][77757755ms] GC(25778) Survivor regions: 1->1(20)
[2023-11-10T12:09:14.123-0800][77757755ms] GC(25778) Old regions: 1460->1460
[2023-11-10T12:09:14.123-0800][77757755ms] GC(25778) Humongous regions: 5->5
[2023-11-10T12:09:14.123-0800][77757755ms] GC(25778) Metaspace: 305043K->305043K(1349632K)
[2023-11-10T12:09:14.123-0800][77757755ms] GC(25778) Pause Young (Normal) (G1 Evacuation Pause) 3234M->2928M(3602M) 5.202ms
[2023-11-10T12:09:14.123-0800][77757755ms] GC(25778) User=0.00s Sys=0.00s Real=0.01s
[2023-11-10T12:09:14.491-0800][77758123ms] GC(25779) Pause Young (Normal) (G1 Evacuation Pause)
[2023-11-10T12:09:14.491-0800][77758123ms] GC(25779) Using 10 workers of 10 for evacuation
[2023-11-10T12:09:14.496-0800][77758128ms] GC(25779)   Pre Evacuate Collection Set: 0.0ms
[2023-11-10T12:09:14.497-0800][77758129ms] GC(25779)   Evacuate Collection Set: 1.6ms
[2023-11-10T12:09:14.497-0800][77758129ms] GC(25779)   Post Evacuate Collection Set: 3.0ms
[2023-11-10T12:09:14.497-0800][77758129ms] GC(25779)   Other: 0.2ms
[2023-11-10T12:09:14.497-0800][77758129ms] GC(25779) Eden regions: 153->0(153)
[2023-11-10T12:09:14.497-0800][77758129ms] GC(25779) Survivor regions: 1->1(20)
[2023-11-10T12:09:14.497-0800][77758129ms] GC(25779) Old regions: 1460->1460
[2023-11-10T12:09:14.497-0800][77758129ms] GC(25779) Humongous regions: 5->5
[2023-11-10T12:09:14.497-0800][77758129ms] GC(25779) Metaspace: 305043K->305043K(1349632K)
[2023-11-10T12:09:14.497-0800][77758129ms] GC(25779) Pause Young (Normal) (G1 Evacuation Pause) 3234M->2928M(3602M) 5.093ms
[2023-11-10T12:09:14.497-0800][77758129ms] GC(25779) User=0.00s Sys=0.00s Real=0.01s
[2023-11-10T12:09:14.808-0800][77758440ms] GC(25780) Pause Young (Normal) (G1 Evacuation Pause)
[2023-11-10T12:09:14.808-0800][77758440ms] GC(25780) Using 10 workers of 10 for evacuation
[2023-11-10T12:09:14.813-0800][77758445ms] GC(25780)   Pre Evacuate Collection Set: 0.0ms
[2023-11-10T12:09:14.813-0800][77758445ms] GC(25780)   Evacuate Collection Set: 1.8ms
[2023-11-10T12:09:14.813-0800][77758445ms] GC(25780)   Post Evacuate Collection Set: 3.2ms
[2023-11-10T12:09:14.813-0800][77758445ms] GC(25780)   Other: 0.2ms
[2023-11-10T12:09:14.813-0800][77758445ms] GC(25780) Eden regions: 153->0(153)
[2023-11-10T12:09:14.813-0800][77758445ms] GC(25780) Survivor regions: 1->1(20)
[2023-11-10T12:09:14.813-0800][77758445ms] GC(25780) Old regions: 1460->1460
[2023-11-10T12:09:14.813-0800][77758445ms] GC(25780) Humongous regions: 5->5
[2023-11-10T12:09:14.813-0800][77758445ms] GC(25780) Metaspace: 305043K->305043K(1349632K)
[2023-11-10T12:09:14.813-0800][77758445ms] GC(25780) Pause Young (Normal) (G1 Evacuation Pause) 3234M->2929M(3602M) 5.375ms
[2023-11-10T12:09:14.813-0800][77758445ms] GC(25780) User=0.00s Sys=0.00s Real=0.00s
[2023-11-10T12:09:15.146-0800][77758778ms] GC(25781) Pause Young (Normal) (G1 Evacuation Pause)
[2023-11-10T12:09:15.146-0800][77758778ms] GC(25781) Using 10 workers of 10 for evacuation
[2023-11-10T12:09:15.150-0800][77758782ms] GC(25781)   Pre Evacuate Collection Set: 0.0ms
[2023-11-10T12:09:15.152-0800][77758784ms] GC(25781)   Evacuate Collection Set: 1.6ms
[2023-11-10T12:09:15.152-0800][77758784ms] GC(25781)   Post Evacuate Collection Set: 3.0ms
[2023-11-10T12:09:15.152-0800][77758784ms] GC(25781)   Other: 0.2ms
[2023-11-10T12:09:15.152-0800][77758784ms] GC(25781) Eden regions: 153->0(153)
[2023-11-10T12:09:15.152-0800][77758784ms] GC(25781) Survivor regions: 1->1(20)
[2023-11-10T12:09:15.152-0800][77758784ms] GC(25781) Old regions: 1460->1460
[2023-11-10T12:09:15.152-0800][77758784ms] GC(25781) Humongous regions: 5->5
[2023-11-10T12:09:15.152-0800][77758784ms] GC(25781) Metaspace: 305043K->305043K(1349632K)
[2023-11-10T12:09:15.152-0800][77758784ms] GC(25781) Pause Young (Normal) (G1 Evacuation Pause) 3235M->2928M(3602M) 5.062ms
[2023-11-10T12:09:15.152-0800][77758784ms] GC(25781) User=0.05s Sys=0.00s Real=0.01s
[2023-11-10T12:09:15.522-0800][77759154ms] GC(25782) Pause Young (Normal) (G1 Evacuation Pause)
[2023-11-10T12:09:15.523-0800][77759155ms] GC(25782) Using 10 workers of 10 for evacuation
[2023-11-10T12:09:15.527-0800][77759159ms] GC(25782)   Pre Evacuate Collection Set: 0.0ms
[2023-11-10T12:09:15.527-0800][77759159ms] GC(25782)   Evacuate Collection Set: 1.8ms
[2023-11-10T12:09:15.527-0800][77759159ms] GC(25782)   Post Evacuate Collection Set: 3.1ms
[2023-11-10T12:09:15.528-0800][77759160ms] GC(25782)   Other: 0.3ms
[2023-11-10T12:09:15.528-0800][77759160ms] GC(25782) Eden regions: 153->0(153)
[2023-11-10T12:09:15.528-0800][77759160ms] GC(25782) Survivor regions: 1->1(20)
[2023-11-10T12:09:15.528-0800][77759160ms] GC(25782) Old regions: 1460->1460
[2023-11-10T12:09:15.528-0800][77759160ms] GC(25782) Humongous regions: 5->5
[2023-11-10T12:09:15.528-0800][77759160ms] GC(25782) Metaspace: 305043K->305043K(1349632K)
[2023-11-10T12:09:15.528-0800][77759160ms] GC(25782) Pause Young (Normal) (G1 Evacuation Pause) 3234M->2928M(3602M) 5.326ms
[2023-11-10T12:09:15.528-0800][77759160ms] GC(25782) User=0.00s Sys=0.02s Real=0.01s
[2023-11-10T12:09:15.902-0800][77759534ms] GC(25783) Pause Young (Normal) (G1 Evacuation Pause)
[2023-11-10T12:09:15.902-0800][77759534ms] GC(25783) Using 10 workers of 10 for evacuation
[2023-11-10T12:09:15.908-0800][77759540ms] GC(25783)   Pre Evacuate Collection Set: 0.1ms
[2023-11-10T12:09:15.908-0800][77759540ms] GC(25783)   Evacuate Collection Set: 1.7ms
[2023-11-10T12:09:15.908-0800][77759540ms] GC(25783)   Post Evacuate Collection Set: 4.4ms
[2023-11-10T12:09:15.908-0800][77759540ms] GC(25783)   Other: 0.3ms
[2023-11-10T12:09:15.908-0800][77759540ms] GC(25783) Eden regions: 153->0(153)
[2023-11-10T12:09:15.908-0800][77759540ms] GC(25783) Survivor regions: 1->1(20)
[2023-11-10T12:09:15.908-0800][77759540ms] GC(25783) Old regions: 1460->1460
[2023-11-10T12:09:15.908-0800][77759540ms] GC(25783) Humongous regions: 5->5
[2023-11-10T12:09:15.908-0800][77759540ms] GC(25783) Metaspace: 305043K->305043K(1349632K)
[2023-11-10T12:09:15.909-0800][77759541ms] GC(25783) Pause Young (Normal) (G1 Evacuation Pause) 3234M->2928M(3602M) 6.690ms
[2023-11-10T12:09:15.909-0800][77759541ms] GC(25783) User=0.00s Sys=0.00s Real=0.01s
[2023-11-10T12:09:16.249-0800][77759881ms] GC(25784) Pause Young (Normal) (G1 Evacuation Pause)
[2023-11-10T12:09:16.249-0800][77759881ms] GC(25784) Using 10 workers of 10 for evacuation
[2023-11-10T12:09:16.254-0800][77759886ms] GC(25784)   Pre Evacuate Collection Set: 0.0ms
[2023-11-10T12:09:16.254-0800][77759886ms] GC(25784)   Evacuate Collection Set: 1.7ms
[2023-11-10T12:09:16.254-0800][77759886ms] GC(25784)   Post Evacuate Collection Set: 3.1ms
[2023-11-10T12:09:16.254-0800][77759886ms] GC(25784)   Other: 0.2ms
[2023-11-10T12:09:16.254-0800][77759886ms] GC(25784) Eden regions: 153->0(153)
[2023-11-10T12:09:16.254-0800][77759886ms] GC(25784) Survivor regions: 1->1(20)
[2023-11-10T12:09:16.254-0800][77759886ms] GC(25784) Old regions: 1460->1460
[2023-11-10T12:09:16.254-0800][77759886ms] GC(25784) Humongous regions: 5->5
[2023-11-10T12:09:16.254-0800][77759886ms] GC(25784) Metaspace: 305043K->305043K(1349632K)
[2023-11-10T12:09:16.254-0800][77759886ms] GC(25784) Pause Young (Normal) (G1 Evacuation Pause) 3234M->2928M(3602M) 5.082ms
[2023-11-10T12:09:16.254-0800][77759886ms] GC(25784) User=0.00s Sys=0.00s Real=0.00s
[2023-11-10T12:09:16.592-0800][77760224ms] GC(25785) Pause Young (Normal) (G1 Evacuation Pause)
[2023-11-10T12:09:16.592-0800][77760224ms] GC(25785) Using 10 workers of 10 for evacuation
[2023-11-10T12:09:16.597-0800][77760229ms] GC(25785)   Pre Evacuate Collection Set: 0.1ms
[2023-11-10T12:09:16.597-0800][77760229ms] GC(25785)   Evacuate Collection Set: 1.9ms
[2023-11-10T12:09:16.597-0800][77760229ms] GC(25785)   Post Evacuate Collection Set: 3.3ms
[2023-11-10T12:09:16.597-0800][77760229ms] GC(25785)   Other: 0.3ms
[2023-11-10T12:09:16.597-0800][77760229ms] GC(25785) Eden regions: 153->0(153)
[2023-11-10T12:09:16.597-0800][77760229ms] GC(25785) Survivor regions: 1->1(20)
[2023-11-10T12:09:16.597-0800][77760229ms] GC(25785) Old regions: 1460->1460
[2023-11-10T12:09:16.597-0800][77760229ms] GC(25785) Humongous regions: 5->5
[2023-11-10T12:09:16.597-0800][77760229ms] GC(25785) Metaspace: 305043K->305043K(1349632K)
[2023-11-10T12:09:16.597-0800][77760229ms] GC(25785) Pause Young (Normal) (G1 Evacuation Pause) 3234M->2928M(3602M) 5.686ms
[2023-11-10T12:09:16.598-0800][77760230ms] GC(25785) User=0.00s Sys=0.00s Real=0.01s
[2023-11-10T12:09:16.948-0800][77760580ms] GC(25786) Pause Young (Normal) (G1 Evacuation Pause)
[2023-11-10T12:09:16.948-0800][77760580ms] GC(25786) Using 10 workers of 10 for evacuation
[2023-11-10T12:09:16.953-0800][77760585ms] GC(25786)   Pre Evacuate Collection Set: 0.0ms
[2023-11-10T12:09:16.953-0800][77760585ms] GC(25786)   Evacuate Collection Set: 1.7ms
[2023-11-10T12:09:16.953-0800][77760585ms] GC(25786)   Post Evacuate Collection Set: 3.0ms
[2023-11-10T12:09:16.953-0800][77760585ms] GC(25786)   Other: 0.3ms
[2023-11-10T12:09:16.953-0800][77760585ms] GC(25786) Eden regions: 153->0(153)
[2023-11-10T12:09:16.953-0800][77760585ms] GC(25786) Survivor regions: 1->1(20)
[2023-11-10T12:09:16.953-0800][77760585ms] GC(25786) Old regions: 1460->1460
[2023-11-10T12:09:16.953-0800][77760585ms] GC(25786) Humongous regions: 5->5
[2023-11-10T12:09:16.953-0800][77760585ms] GC(25786) Metaspace: 305043K->305043K(1349632K)
[2023-11-10T12:09:16.953-0800][77760585ms] GC(25786) Pause Young (Normal) (G1 Evacuation Pause) 3234M->2929M(3602M) 5.138ms
[2023-11-10T12:09:16.953-0800][77760585ms] GC(25786) User=0.00s Sys=0.00s Real=0.01s
[2023-11-10T12:09:17.299-0800][77760931ms] GC(25787) Pause Young (Normal) (G1 Evacuation Pause)
[2023-11-10T12:09:17.299-0800][77760931ms] GC(25787) Using 10 workers of 10 for evacuation
[2023-11-10T12:09:17.305-0800][77760937ms] GC(25787)   Pre Evacuate Collection Set: 0.1ms
[2023-11-10T12:09:17.305-0800][77760937ms] GC(25787)   Evacuate Collection Set: 2.0ms
[2023-11-10T12:09:17.305-0800][77760937ms] GC(25787)   Post Evacuate Collection Set: 4.0ms
[2023-11-10T12:09:17.305-0800][77760937ms] GC(25787)   Other: 0.3ms
[2023-11-10T12:09:17.305-0800][77760937ms] GC(25787) Eden regions: 153->0(153)
[2023-11-10T12:09:17.305-0800][77760937ms] GC(25787) Survivor regions: 1->1(20)
[2023-11-10T12:09:17.305-0800][77760937ms] GC(25787) Old regions: 1460->1460
[2023-11-10T12:09:17.305-0800][77760937ms] GC(25787) Humongous regions: 5->5
[2023-11-10T12:09:17.305-0800][77760937ms] GC(25787) Metaspace: 305043K->305043K(1349632K)
[2023-11-10T12:09:17.305-0800][77760937ms] GC(25787) Pause Young (Normal) (G1 Evacuation Pause) 3235M->2928M(3602M) 6.603ms
[2023-11-10T12:09:17.305-0800][77760937ms] GC(25787) User=0.00s Sys=0.00s Real=0.01s
[2023-11-10T12:09:17.665-0800][77761297ms] GC(25788) Pause Young (Normal) (G1 Evacuation Pause)
[2023-11-10T12:09:17.665-0800][77761297ms] GC(25788) Using 10 workers of 10 for evacuation
[2023-11-10T12:09:17.670-0800][77761302ms] GC(25788)   Pre Evacuate Collection Set: 0.0ms
[2023-11-10T12:09:17.670-0800][77761302ms] GC(25788)   Evacuate Collection Set: 1.6ms
[2023-11-10T12:09:17.670-0800][77761302ms] GC(25788)   Post Evacuate Collection Set: 3.1ms
[2023-11-10T12:09:17.670-0800][77761302ms] GC(25788)   Other: 0.3ms
[2023-11-10T12:09:17.670-0800][77761302ms] GC(25788) Eden regions: 153->0(153)
[2023-11-10T12:09:17.670-0800][77761302ms] GC(25788) Survivor regions: 1->1(20)
[2023-11-10T12:09:17.670-0800][77761302ms] GC(25788) Old regions: 1460->1460
[2023-11-10T12:09:17.670-0800][77761302ms] GC(25788) Humongous regions: 5->5
[2023-11-10T12:09:17.670-0800][77761302ms] GC(25788) Metaspace: 305043K->305043K(1349632K)
[2023-11-10T12:09:17.670-0800][77761302ms] GC(25788) Pause Young (Normal) (G1 Evacuation Pause) 3234M->2928M(3602M) 5.075ms
[2023-11-10T12:09:17.670-0800][77761302ms] GC(25788) User=0.00s Sys=0.00s Real=0.01s
[2023-11-10T12:09:18.022-0800][77761654ms] GC(25789) Pause Young (Normal) (G1 Evacuation Pause)
[2023-11-10T12:09:18.022-0800][77761654ms] GC(25789) Using 10 workers of 10 for evacuation
[2023-11-10T12:09:18.028-0800][77761660ms] GC(25789)   Pre Evacuate Collection Set: 0.1ms
[2023-11-10T12:09:18.028-0800][77761660ms] GC(25789)   Evacuate Collection Set: 1.7ms
[2023-11-10T12:09:18.028-0800][77761660ms] GC(25789)   Post Evacuate Collection Set: 4.3ms
[2023-11-10T12:09:18.028-0800][77761660ms] GC(25789)   Other: 0.3ms
[2023-11-10T12:09:18.028-0800][77761660ms] GC(25789) Eden regions: 153->0(153)
[2023-11-10T12:09:18.028-0800][77761660ms] GC(25789) Survivor regions: 1->1(20)
[2023-11-10T12:09:18.028-0800][77761660ms] GC(25789) Old regions: 1460->1460
[2023-11-10T12:09:18.028-0800][77761660ms] GC(25789) Humongous regions: 5->5
[2023-11-10T12:09:18.028-0800][77761660ms] GC(25789) Metaspace: 305043K->305043K(1349632K)
[2023-11-10T12:09:18.028-0800][77761660ms] GC(25789) Pause Young (Normal) (G1 Evacuation Pause) 3234M->2928M(3602M) 6.619ms
[2023-11-10T12:09:18.028-0800][77761660ms] GC(25789) User=0.06s Sys=0.00s Real=0.01s
[2023-11-10T12:09:18.432-0800][77762064ms] GC(25790) Pause Young (Normal) (G1 Evacuation Pause)
[2023-11-10T12:09:18.432-0800][77762064ms] GC(25790) Using 10 workers of 10 for evacuation
[2023-11-10T12:09:18.437-0800][77762069ms] GC(25790)   Pre Evacuate Collection Set: 0.1ms
[2023-11-10T12:09:18.437-0800][77762069ms] GC(25790)   Evacuate Collection Set: 1.8ms
[2023-11-10T12:09:18.437-0800][77762069ms] GC(25790)   Post Evacuate Collection Set: 3.0ms
[2023-11-10T12:09:18.437-0800][77762069ms] GC(25790)   Other: 0.3ms
[2023-11-10T12:09:18.437-0800][77762069ms] GC(25790) Eden regions: 153->0(153)
[2023-11-10T12:09:18.437-0800][77762069ms] GC(25790) Survivor regions: 1->1(20)
[2023-11-10T12:09:18.437-0800][77762069ms] GC(25790) Old regions: 1460->1460
[2023-11-10T12:09:18.438-0800][77762070ms] GC(25790) Humongous regions: 5->5
[2023-11-10T12:09:18.438-0800][77762070ms] GC(25790) Metaspace: 305043K->305043K(1349632K)
[2023-11-10T12:09:18.438-0800][77762070ms] GC(25790) Pause Young (Normal) (G1 Evacuation Pause) 3234M->2928M(3602M) 5.292ms
[2023-11-10T12:09:18.438-0800][77762070ms] GC(25790) User=0.00s Sys=0.00s Real=0.01s
[2023-11-10T12:09:18.816-0800][77762449ms] GC(25791) Pause Young (Normal) (G1 Evacuation Pause)
[2023-11-10T12:09:18.817-0800][77762449ms] GC(25791) Using 10 workers of 10 for evacuation
[2023-11-10T12:09:18.822-0800][77762454ms] GC(25791)   Pre Evacuate Collection Set: 0.0ms
[2023-11-10T12:09:18.822-0800][77762454ms] GC(25791)   Evacuate Collection Set: 1.6ms
[2023-11-10T12:09:18.822-0800][77762454ms] GC(25791)   Post Evacuate Collection Set: 3.0ms
[2023-11-10T12:09:18.822-0800][77762454ms] GC(25791)   Other: 0.2ms
[2023-11-10T12:09:18.822-0800][77762454ms] GC(25791) Eden regions: 153->0(153)
[2023-11-10T12:09:18.822-0800][77762454ms] GC(25791) Survivor regions: 1->1(20)
[2023-11-10T12:09:18.822-0800][77762454ms] GC(25791) Old regions: 1460->1460
[2023-11-10T12:09:18.822-0800][77762454ms] GC(25791) Humongous regions: 5->5
[2023-11-10T12:09:18.822-0800][77762454ms] GC(25791) Metaspace: 305043K->305043K(1349632K)
[2023-11-10T12:09:18.822-0800][77762454ms] GC(25791) Pause Young (Normal) (G1 Evacuation Pause) 3234M->2928M(3602M) 4.972ms
[2023-11-10T12:09:18.822-0800][77762454ms] GC(25791) User=0.00s Sys=0.00s Real=0.01s
[2023-11-10T12:09:19.178-0800][77762810ms] GC(25792) Pause Young (Normal) (G1 Evacuation Pause)
[2023-11-10T12:09:19.178-0800][77762810ms] GC(25792) Using 10 workers of 10 for evacuation
[2023-11-10T12:09:19.184-0800][77762816ms] GC(25792)   Pre Evacuate Collection Set: 0.0ms
[2023-11-10T12:09:19.184-0800][77762816ms] GC(25792)   Evacuate Collection Set: 1.7ms
[2023-11-10T12:09:19.184-0800][77762816ms] GC(25792)   Post Evacuate Collection Set: 3.1ms
[2023-11-10T12:09:19.184-0800][77762816ms] GC(25792)   Other: 0.3ms
[2023-11-10T12:09:19.184-0800][77762816ms] GC(25792) Eden regions: 153->0(153)
[2023-11-10T12:09:19.184-0800][77762816ms] GC(25792) Survivor regions: 1->1(20)
[2023-11-10T12:09:19.184-0800][77762816ms] GC(25792) Old regions: 1460->1460
[2023-11-10T12:09:19.184-0800][77762816ms] GC(25792) Humongous regions: 5->5
[2023-11-10T12:09:19.184-0800][77762816ms] GC(25792) Metaspace: 305043K->305043K(1349632K)
[2023-11-10T12:09:19.184-0800][77762816ms] GC(25792) Pause Young (Normal) (G1 Evacuation Pause) 3234M->2928M(3602M) 5.221ms
[2023-11-10T12:09:19.184-0800][77762816ms] GC(25792) User=0.00s Sys=0.00s Real=0.01s
[2023-11-10T12:09:19.548-0800][77763180ms] GC(25793) Pause Young (Normal) (G1 Evacuation Pause)
[2023-11-10T12:09:19.548-0800][77763180ms] GC(25793) Using 10 workers of 10 for evacuation
[2023-11-10T12:09:19.552-0800][77763184ms] GC(25793)   Pre Evacuate Collection Set: 0.1ms
[2023-11-10T12:09:19.552-0800][77763184ms] GC(25793)   Evacuate Collection Set: 1.7ms
[2023-11-10T12:09:19.552-0800][77763184ms] GC(25793)   Post Evacuate Collection Set: 3.2ms
[2023-11-10T12:09:19.552-0800][77763184ms] GC(25793)   Other: 0.3ms
[2023-11-10T12:09:19.552-0800][77763184ms] GC(25793) Eden regions: 153->0(153)
[2023-11-10T12:09:19.552-0800][77763184ms] GC(25793) Survivor regions: 1->1(20)
[2023-11-10T12:09:19.552-0800][77763184ms] GC(25793) Old regions: 1460->1460
[2023-11-10T12:09:19.552-0800][77763184ms] GC(25793) Humongous regions: 5->5
[2023-11-10T12:09:19.552-0800][77763184ms] GC(25793) Metaspace: 305043K->305043K(1349632K)
[2023-11-10T12:09:19.552-0800][77763184ms] GC(25793) Pause Young (Normal) (G1 Evacuation Pause) 3234M->2929M(3602M) 5.354ms
[2023-11-10T12:09:19.552-0800][77763184ms] GC(25793) User=0.00s Sys=0.00s Real=0.00s
[2023-11-10T12:09:19.983-0800][77763615ms] GC(25794) Pause Young (Normal) (G1 Evacuation Pause)
[2023-11-10T12:09:19.983-0800][77763615ms] GC(25794) Using 10 workers of 10 for evacuation
[2023-11-10T12:09:19.988-0800][77763620ms] GC(25794)   Pre Evacuate Collection Set: 0.0ms
[2023-11-10T12:09:19.988-0800][77763620ms] GC(25794)   Evacuate Collection Set: 1.7ms
[2023-11-10T12:09:19.988-0800][77763620ms] GC(25794)   Post Evacuate Collection Set: 3.3ms
[2023-11-10T12:09:19.988-0800][77763620ms] GC(25794)   Other: 0.3ms
[2023-11-10T12:09:19.988-0800][77763620ms] GC(25794) Eden regions: 153->0(153)
[2023-11-10T12:09:19.988-0800][77763620ms] GC(25794) Survivor regions: 1->1(20)
[2023-11-10T12:09:19.988-0800][77763620ms] GC(25794) Old regions: 1460->1460
[2023-11-10T12:09:19.988-0800][77763620ms] GC(25794) Humongous regions: 5->5
[2023-11-10T12:09:19.988-0800][77763620ms] GC(25794) Metaspace: 305043K->305043K(1349632K)
[2023-11-10T12:09:19.988-0800][77763620ms] GC(25794) Pause Young (Normal) (G1 Evacuation Pause) 3235M->2929M(3602M) 5.441ms
[2023-11-10T12:09:19.989-0800][77763621ms] GC(25794) User=0.00s Sys=0.00s Real=0.01s
[2023-11-10T12:09:20.340-0800][77763972ms] GC(25795) Pause Young (Normal) (G1 Evacuation Pause)
[2023-11-10T12:09:20.340-0800][77763972ms] GC(25795) Using 10 workers of 10 for evacuation
[2023-11-10T12:09:20.347-0800][77763979ms] GC(25795)   Pre Evacuate Collection Set: 0.1ms
[2023-11-10T12:09:20.347-0800][77763979ms] GC(25795)   Evacuate Collection Set: 1.7ms
[2023-11-10T12:09:20.347-0800][77763979ms] GC(25795)   Post Evacuate Collection Set: 4.5ms
[2023-11-10T12:09:20.347-0800][77763979ms] GC(25795)   Other: 0.4ms
[2023-11-10T12:09:20.347-0800][77763979ms] GC(25795) Eden regions: 153->0(153)
[2023-11-10T12:09:20.347-0800][77763979ms] GC(25795) Survivor regions: 1->1(20)
[2023-11-10T12:09:20.347-0800][77763979ms] GC(25795) Old regions: 1460->1460
[2023-11-10T12:09:20.347-0800][77763979ms] GC(25795) Humongous regions: 5->5
[2023-11-10T12:09:20.347-0800][77763979ms] GC(25795) Metaspace: 305043K->305043K(1349632K)
[2023-11-10T12:09:20.347-0800][77763979ms] GC(25795) Pause Young (Normal) (G1 Evacuation Pause) 3235M->2928M(3602M) 6.738ms
[2023-11-10T12:09:20.347-0800][77763979ms] GC(25795) User=0.00s Sys=0.00s Real=0.01s
[2023-11-10T12:09:20.790-0800][77764422ms] GC(25796) Pause Young (Normal) (G1 Evacuation Pause)
[2023-11-10T12:09:20.790-0800][77764422ms] GC(25796) Using 10 workers of 10 for evacuation
[2023-11-10T12:09:20.796-0800][77764428ms] GC(25796)   Pre Evacuate Collection Set: 0.0ms
[2023-11-10T12:09:20.796-0800][77764428ms] GC(25796)   Evacuate Collection Set: 1.7ms
[2023-11-10T12:09:20.796-0800][77764428ms] GC(25796)   Post Evacuate Collection Set: 3.2ms
[2023-11-10T12:09:20.796-0800][77764428ms] GC(25796)   Other: 0.3ms
[2023-11-10T12:09:20.796-0800][77764428ms] GC(25796) Eden regions: 153->0(153)
[2023-11-10T12:09:20.796-0800][77764428ms] GC(25796) Survivor regions: 1->1(20)
[2023-11-10T12:09:20.796-0800][77764428ms] GC(25796) Old regions: 1460->1460
[2023-11-10T12:09:20.796-0800][77764428ms] GC(25796) Humongous regions: 5->5
[2023-11-10T12:09:20.796-0800][77764428ms] GC(25796) Metaspace: 305043K->305043K(1349632K)
[2023-11-10T12:09:20.796-0800][77764428ms] GC(25796) Pause Young (Normal) (G1 Evacuation Pause) 3234M->2928M(3602M) 5.292ms
[2023-11-10T12:09:20.796-0800][77764428ms] GC(25796) User=0.00s Sys=0.00s Real=0.01s
[2023-11-10T12:09:21.137-0800][77764769ms] GC(25797) Pause Young (Normal) (G1 Evacuation Pause)
[2023-11-10T12:09:21.137-0800][77764769ms] GC(25797) Using 10 workers of 10 for evacuation
[2023-11-10T12:09:21.141-0800][77764773ms] GC(25797)   Pre Evacuate Collection Set: 0.1ms
[2023-11-10T12:09:21.142-0800][77764774ms] GC(25797)   Evacuate Collection Set: 1.6ms
[2023-11-10T12:09:21.142-0800][77764774ms] GC(25797)   Post Evacuate Collection Set: 2.9ms
[2023-11-10T12:09:21.142-0800][77764774ms] GC(25797)   Other: 0.3ms
[2023-11-10T12:09:21.142-0800][77764774ms] GC(25797) Eden regions: 153->0(153)
[2023-11-10T12:09:21.142-0800][77764774ms] GC(25797) Survivor regions: 1->1(20)
[2023-11-10T12:09:21.142-0800][77764774ms] GC(25797) Old regions: 1460->1460
[2023-11-10T12:09:21.142-0800][77764774ms] GC(25797) Humongous regions: 5->5
[2023-11-10T12:09:21.142-0800][77764774ms] GC(25797) Metaspace: 305043K->305043K(1349632K)
[2023-11-10T12:09:21.142-0800][77764774ms] GC(25797) Pause Young (Normal) (G1 Evacuation Pause) 3234M->2928M(3602M) 5.041ms
[2023-11-10T12:09:21.142-0800][77764774ms] GC(25797) User=0.00s Sys=0.00s Real=0.00s
[2023-11-10T12:09:21.434-0800][77765066ms] GC(25798) Pause Young (Normal) (G1 Evacuation Pause)
[2023-11-10T12:09:21.434-0800][77765066ms] GC(25798) Using 10 workers of 10 for evacuation
[2023-11-10T12:09:21.438-0800][77765070ms] GC(25798)   Pre Evacuate Collection Set: 0.0ms
[2023-11-10T12:09:21.438-0800][77765070ms] GC(25798)   Evacuate Collection Set: 1.6ms
[2023-11-10T12:09:21.438-0800][77765070ms] GC(25798)   Post Evacuate Collection Set: 2.8ms
[2023-11-10T12:09:21.438-0800][77765070ms] GC(25798)   Other: 0.3ms
[2023-11-10T12:09:21.438-0800][77765070ms] GC(25798) Eden regions: 153->0(153)
[2023-11-10T12:09:21.438-0800][77765070ms] GC(25798) Survivor regions: 1->1(20)
[2023-11-10T12:09:21.438-0800][77765070ms] GC(25798) Old regions: 1460->1460
[2023-11-10T12:09:21.438-0800][77765070ms] GC(25798) Humongous regions: 5->5
[2023-11-10T12:09:21.438-0800][77765070ms] GC(25798) Metaspace: 305043K->305043K(1349632K)
[2023-11-10T12:09:21.438-0800][77765070ms] GC(25798) Pause Young (Normal) (G1 Evacuation Pause) 3234M->2928M(3602M) 4.834ms
[2023-11-10T12:09:21.438-0800][77765070ms] GC(25798) User=0.00s Sys=0.00s Real=0.00s
[2023-11-10T12:09:21.792-0800][77765424ms] GC(25799) Pause Young (Normal) (G1 Evacuation Pause)
[2023-11-10T12:09:21.792-0800][77765424ms] GC(25799) Using 10 workers of 10 for evacuation
[2023-11-10T12:09:21.797-0800][77765429ms] GC(25799)   Pre Evacuate Collection Set: 0.0ms
[2023-11-10T12:09:21.797-0800][77765429ms] GC(25799)   Evacuate Collection Set: 1.8ms
[2023-11-10T12:09:21.797-0800][77765429ms] GC(25799)   Post Evacuate Collection Set: 3.2ms
[2023-11-10T12:09:21.797-0800][77765429ms] GC(25799)   Other: 0.3ms
[2023-11-10T12:09:21.797-0800][77765429ms] GC(25799) Eden regions: 153->0(153)
[2023-11-10T12:09:21.797-0800][77765429ms] GC(25799) Survivor regions: 1->1(20)
[2023-11-10T12:09:21.797-0800][77765429ms] GC(25799) Old regions: 1460->1460
[2023-11-10T12:09:21.797-0800][77765429ms] GC(25799) Humongous regions: 5->5
[2023-11-10T12:09:21.798-0800][77765430ms] GC(25799) Metaspace: 305043K->305043K(1349632K)
[2023-11-10T12:09:21.798-0800][77765430ms] GC(25799) Pause Young (Normal) (G1 Evacuation Pause) 3234M->2929M(3602M) 5.434ms
[2023-11-10T12:09:21.798-0800][77765430ms] GC(25799) User=0.00s Sys=0.00s Real=0.01s
[2023-11-10T12:09:22.135-0800][77765767ms] GC(25800) Pause Young (Normal) (G1 Evacuation Pause)
[2023-11-10T12:09:22.135-0800][77765767ms] GC(25800) Using 10 workers of 10 for evacuation
[2023-11-10T12:09:22.140-0800][77765772ms] GC(25800)   Pre Evacuate Collection Set: 0.0ms
[2023-11-10T12:09:22.140-0800][77765772ms] GC(25800)   Evacuate Collection Set: 1.7ms
[2023-11-10T12:09:22.140-0800][77765772ms] GC(25800)   Post Evacuate Collection Set: 3.0ms
[2023-11-10T12:09:22.140-0800][77765772ms] GC(25800)   Other: 0.3ms
[2023-11-10T12:09:22.140-0800][77765772ms] GC(25800) Eden regions: 153->0(153)
[2023-11-10T12:09:22.140-0800][77765772ms] GC(25800) Survivor regions: 1->1(20)
[2023-11-10T12:09:22.140-0800][77765772ms] GC(25800) Old regions: 1460->1460
[2023-11-10T12:09:22.140-0800][77765772ms] GC(25800) Humongous regions: 5->5
[2023-11-10T12:09:22.140-0800][77765772ms] GC(25800) Metaspace: 305043K->305043K(1349632K)
[2023-11-10T12:09:22.140-0800][77765772ms] GC(25800) Pause Young (Normal) (G1 Evacuation Pause) 3235M->2929M(3602M) 5.049ms
[2023-11-10T12:09:22.140-0800][77765772ms] GC(25800) User=0.00s Sys=0.00s Real=0.01s
[2023-11-10T12:09:22.436-0800][77766068ms] GC(25801) Pause Young (Normal) (G1 Evacuation Pause)
[2023-11-10T12:09:22.436-0800][77766068ms] GC(25801) Using 10 workers of 10 for evacuation
[2023-11-10T12:09:22.442-0800][77766074ms] GC(25801)   Pre Evacuate Collection Set: 0.1ms
[2023-11-10T12:09:22.442-0800][77766074ms] GC(25801)   Evacuate Collection Set: 1.7ms
[2023-11-10T12:09:22.442-0800][77766074ms] GC(25801)   Post Evacuate Collection Set: 3.1ms
[2023-11-10T12:09:22.442-0800][77766074ms] GC(25801)   Other: 0.3ms
[2023-11-10T12:09:22.442-0800][77766074ms] GC(25801) Eden regions: 153->0(153)
[2023-11-10T12:09:22.442-0800][77766074ms] GC(25801) Survivor regions: 1->1(20)
[2023-11-10T12:09:22.442-0800][77766074ms] GC(25801) Old regions: 1460->1460
[2023-11-10T12:09:22.442-0800][77766074ms] GC(25801) Humongous regions: 5->5
[2023-11-10T12:09:22.442-0800][77766074ms] GC(25801) Metaspace: 305043K->305043K(1349632K)
[2023-11-10T12:09:22.442-0800][77766074ms] GC(25801) Pause Young (Normal) (G1 Evacuation Pause) 3235M->2929M(3602M) 5.410ms
[2023-11-10T12:09:22.442-0800][77766074ms] GC(25801) User=0.00s Sys=0.00s Real=0.01s
[2023-11-10T12:09:22.870-0800][77766502ms] GC(25802) Pause Young (Normal) (G1 Evacuation Pause)
[2023-11-10T12:09:22.870-0800][77766502ms] GC(25802) Using 10 workers of 10 for evacuation
[2023-11-10T12:09:22.875-0800][77766507ms] GC(25802)   Pre Evacuate Collection Set: 0.0ms
[2023-11-10T12:09:22.875-0800][77766507ms] GC(25802)   Evacuate Collection Set: 1.7ms
[2023-11-10T12:09:22.875-0800][77766507ms] GC(25802)   Post Evacuate Collection Set: 3.9ms
[2023-11-10T12:09:22.875-0800][77766507ms] GC(25802)   Other: 0.3ms
[2023-11-10T12:09:22.875-0800][77766507ms] GC(25802) Eden regions: 153->0(153)
[2023-11-10T12:09:22.875-0800][77766507ms] GC(25802) Survivor regions: 1->1(20)
[2023-11-10T12:09:22.875-0800][77766507ms] GC(25802) Old regions: 1460->1460
[2023-11-10T12:09:22.875-0800][77766507ms] GC(25802) Humongous regions: 5->5
[2023-11-10T12:09:22.875-0800][77766507ms] GC(25802) Metaspace: 305043K->305043K(1349632K)
[2023-11-10T12:09:22.875-0800][77766507ms] GC(25802) Pause Young (Normal) (G1 Evacuation Pause) 3235M->2929M(3602M) 5.991ms
[2023-11-10T12:09:22.875-0800][77766507ms] GC(25802) User=0.00s Sys=0.00s Real=0.01s
[2023-11-10T12:09:23.305-0800][77766937ms] GC(25803) Pause Young (Normal) (GCLocker Initiated GC)
[2023-11-10T12:09:23.305-0800][77766937ms] GC(25803) Using 10 workers of 10 for evacuation
[2023-11-10T12:09:23.310-0800][77766942ms] GC(25803)   Pre Evacuate Collection Set: 0.0ms
[2023-11-10T12:09:23.310-0800][77766942ms] GC(25803)   Evacuate Collection Set: 1.8ms
[2023-11-10T12:09:23.310-0800][77766942ms] GC(25803)   Post Evacuate Collection Set: 4.6ms
[2023-11-10T12:09:23.310-0800][77766942ms] GC(25803)   Other: 0.3ms
[2023-11-10T12:09:23.310-0800][77766942ms] GC(25803) Eden regions: 154->0(153)
[2023-11-10T12:09:23.310-0800][77766942ms] GC(25803) Survivor regions: 1->1(20)
[2023-11-10T12:09:23.310-0800][77766942ms] GC(25803) Old regions: 1460->1460
[2023-11-10T12:09:23.310-0800][77766942ms] GC(25803) Humongous regions: 5->5
[2023-11-10T12:09:23.310-0800][77766942ms] GC(25803) Metaspace: 305043K->305043K(1349632K)
[2023-11-10T12:09:23.310-0800][77766942ms] GC(25803) Pause Young (Normal) (GCLocker Initiated GC) 3235M->2929M(3602M) 6.882ms
[2023-11-10T12:09:23.310-0800][77766942ms] GC(25803) User=0.00s Sys=0.00s Real=0.00s
[2023-11-10T12:09:23.701-0800][77767333ms] GC(25804) Pause Young (Normal) (GCLocker Initiated GC)
[2023-11-10T12:09:23.701-0800][77767333ms] GC(25804) Using 10 workers of 10 for evacuation
[2023-11-10T12:09:23.707-0800][77767339ms] GC(25804)   Pre Evacuate Collection Set: 0.1ms
[2023-11-10T12:09:23.707-0800][77767339ms] GC(25804)   Evacuate Collection Set: 2.1ms
[2023-11-10T12:09:23.707-0800][77767339ms] GC(25804)   Post Evacuate Collection Set: 3.7ms
[2023-11-10T12:09:23.707-0800][77767339ms] GC(25804)   Other: 0.3ms
[2023-11-10T12:09:23.707-0800][77767339ms] GC(25804) Eden regions: 154->0(153)
[2023-11-10T12:09:23.707-0800][77767339ms] GC(25804) Survivor regions: 1->1(20)
[2023-11-10T12:09:23.707-0800][77767339ms] GC(25804) Old regions: 1460->1460
[2023-11-10T12:09:23.707-0800][77767339ms] GC(25804) Humongous regions: 5->5
[2023-11-10T12:09:23.708-0800][77767340ms] GC(25804) Metaspace: 305043K->305043K(1349632K)
[2023-11-10T12:09:23.708-0800][77767340ms] GC(25804) Pause Young (Normal) (GCLocker Initiated GC) 3236M->2929M(3602M) 6.390ms
[2023-11-10T12:09:23.708-0800][77767340ms] GC(25804) User=0.00s Sys=0.00s Real=0.01s
[2023-11-10T12:09:24.098-0800][77767730ms] GC(25805) Pause Young (Normal) (GCLocker Initiated GC)
[2023-11-10T12:09:24.098-0800][77767730ms] GC(25805) Using 10 workers of 10 for evacuation
[2023-11-10T12:09:24.104-0800][77767736ms] GC(25805)   Pre Evacuate Collection Set: 0.0ms
[2023-11-10T12:09:24.104-0800][77767736ms] GC(25805)   Evacuate Collection Set: 2.3ms
[2023-11-10T12:09:24.104-0800][77767736ms] GC(25805)   Post Evacuate Collection Set: 3.1ms
[2023-11-10T12:09:24.104-0800][77767736ms] GC(25805)   Other: 0.2ms
[2023-11-10T12:09:24.104-0800][77767736ms] GC(25805) Eden regions: 154->0(153)
[2023-11-10T12:09:24.104-0800][77767736ms] GC(25805) Survivor regions: 1->1(20)
[2023-11-10T12:09:24.104-0800][77767736ms] GC(25805) Old regions: 1460->1460
[2023-11-10T12:09:24.104-0800][77767736ms] GC(25805) Humongous regions: 5->5
[2023-11-10T12:09:24.104-0800][77767736ms] GC(25805) Metaspace: 305043K->305043K(1349632K)
[2023-11-10T12:09:24.104-0800][77767736ms] GC(25805) Pause Young (Normal) (GCLocker Initiated GC) 3235M->2929M(3602M) 5.767ms
[2023-11-10T12:09:24.104-0800][77767736ms] GC(25805) User=0.02s Sys=0.00s Real=0.01s
[2023-11-10T12:09:24.502-0800][77768134ms] GC(25806) Pause Young (Normal) (GCLocker Initiated GC)
[2023-11-10T12:09:24.502-0800][77768134ms] GC(25806) Using 10 workers of 10 for evacuation
[2023-11-10T12:09:24.507-0800][77768139ms] GC(25806)   Pre Evacuate Collection Set: 0.0ms
[2023-11-10T12:09:24.507-0800][77768139ms] GC(25806)   Evacuate Collection Set: 1.7ms
[2023-11-10T12:09:24.507-0800][77768139ms] GC(25806)   Post Evacuate Collection Set: 3.0ms
[2023-11-10T12:09:24.507-0800][77768139ms] GC(25806)   Other: 0.4ms
[2023-11-10T12:09:24.507-0800][77768139ms] GC(25806) Eden regions: 153->0(153)
[2023-11-10T12:09:24.507-0800][77768139ms] GC(25806) Survivor regions: 1->1(20)
[2023-11-10T12:09:24.507-0800][77768139ms] GC(25806) Old regions: 1460->1460
[2023-11-10T12:09:24.507-0800][77768139ms] GC(25806) Humongous regions: 5->5
[2023-11-10T12:09:24.507-0800][77768139ms] GC(25806) Metaspace: 305043K->305043K(1349632K)
[2023-11-10T12:09:24.507-0800][77768139ms] GC(25806) Pause Young (Normal) (GCLocker Initiated GC) 3235M->2929M(3602M) 5.114ms
[2023-11-10T12:09:24.507-0800][77768139ms] GC(25806) User=0.00s Sys=0.00s Real=0.00s
[2023-11-10T12:09:24.863-0800][77768495ms] GC(25807) Pause Young (Normal) (GCLocker Initiated GC)
[2023-11-10T12:09:24.863-0800][77768495ms] GC(25807) Using 10 workers of 10 for evacuation
[2023-11-10T12:09:24.867-0800][77768499ms] GC(25807)   Pre Evacuate Collection Set: 0.0ms
[2023-11-10T12:09:24.867-0800][77768499ms] GC(25807)   Evacuate Collection Set: 1.7ms
[2023-11-10T12:09:24.867-0800][77768499ms] GC(25807)   Post Evacuate Collection Set: 3.1ms
[2023-11-10T12:09:24.867-0800][77768499ms] GC(25807)   Other: 0.3ms
[2023-11-10T12:09:24.867-0800][77768499ms] GC(25807) Eden regions: 154->0(153)
[2023-11-10T12:09:24.868-0800][77768500ms] GC(25807) Survivor regions: 1->1(20)
[2023-11-10T12:09:24.868-0800][77768500ms] GC(25807) Old regions: 1460->1460
[2023-11-10T12:09:24.868-0800][77768500ms] GC(25807) Humongous regions: 5->5
[2023-11-10T12:09:24.868-0800][77768500ms] GC(25807) Metaspace: 305043K->305043K(1349632K)
[2023-11-10T12:09:24.868-0800][77768500ms] GC(25807) Pause Young (Normal) (GCLocker Initiated GC) 3236M->2929M(3602M) 5.157ms
[2023-11-10T12:09:24.868-0800][77768500ms] GC(25807) User=0.00s Sys=0.00s Real=0.01s
[2023-11-10T12:09:25.220-0800][77768852ms] GC(25808) Pause Young (Normal) (GCLocker Initiated GC)
[2023-11-10T12:09:25.220-0800][77768852ms] GC(25808) Using 10 workers of 10 for evacuation
[2023-11-10T12:09:25.226-0800][77768858ms] GC(25808)   Pre Evacuate Collection Set: 0.0ms
[2023-11-10T12:09:25.226-0800][77768858ms] GC(25808)   Evacuate Collection Set: 1.7ms
[2023-11-10T12:09:25.226-0800][77768858ms] GC(25808)   Post Evacuate Collection Set: 3.2ms
[2023-11-10T12:09:25.226-0800][77768858ms] GC(25808)   Other: 0.3ms
[2023-11-10T12:09:25.226-0800][77768858ms] GC(25808) Eden regions: 154->0(153)
[2023-11-10T12:09:25.226-0800][77768858ms] GC(25808) Survivor regions: 1->1(20)
[2023-11-10T12:09:25.226-0800][77768858ms] GC(25808) Old regions: 1460->1460
[2023-11-10T12:09:25.226-0800][77768858ms] GC(25808) Humongous regions: 5->5
[2023-11-10T12:09:25.226-0800][77768858ms] GC(25808) Metaspace: 305043K->305043K(1349632K)
[2023-11-10T12:09:25.226-0800][77768858ms] GC(25808) Pause Young (Normal) (GCLocker Initiated GC) 3236M->2929M(3602M) 5.309ms
[2023-11-10T12:09:25.226-0800][77768858ms] GC(25808) User=0.00s Sys=0.00s Real=0.01s
[2023-11-10T12:09:25.558-0800][77769190ms] GC(25809) Pause Young (Normal) (G1 Evacuation Pause)
[2023-11-10T12:09:25.558-0800][77769190ms] GC(25809) Using 10 workers of 10 for evacuation
[2023-11-10T12:09:25.563-0800][77769195ms] GC(25809)   Pre Evacuate Collection Set: 0.0ms
[2023-11-10T12:09:25.563-0800][77769195ms] GC(25809)   Evacuate Collection Set: 1.7ms
[2023-11-10T12:09:25.563-0800][77769195ms] GC(25809)   Post Evacuate Collection Set: 3.0ms
[2023-11-10T12:09:25.563-0800][77769195ms] GC(25809)   Other: 0.2ms
[2023-11-10T12:09:25.564-0800][77769196ms] GC(25809) Eden regions: 153->0(153)
[2023-11-10T12:09:25.564-0800][77769196ms] GC(25809) Survivor regions: 1->1(20)
[2023-11-10T12:09:25.564-0800][77769196ms] GC(25809) Old regions: 1460->1460
[2023-11-10T12:09:25.564-0800][77769196ms] GC(25809) Humongous regions: 5->5
[2023-11-10T12:09:25.564-0800][77769196ms] GC(25809) Metaspace: 305043K->305043K(1349632K)
[2023-11-10T12:09:25.564-0800][77769196ms] GC(25809) Pause Young (Normal) (G1 Evacuation Pause) 3235M->2929M(3602M) 5.083ms
[2023-11-10T12:09:25.564-0800][77769196ms] GC(25809) User=0.00s Sys=0.00s Real=0.01s
[2023-11-10T12:09:25.864-0800][77769496ms] GC(25810) Pause Young (Normal) (G1 Evacuation Pause)
[2023-11-10T12:09:25.864-0800][77769496ms] GC(25810) Using 10 workers of 10 for evacuation
[2023-11-10T12:09:25.868-0800][77769500ms] GC(25810)   Pre Evacuate Collection Set: 0.0ms
[2023-11-10T12:09:25.869-0800][77769501ms] GC(25810)   Evacuate Collection Set: 1.6ms
[2023-11-10T12:09:25.869-0800][77769501ms] GC(25810)   Post Evacuate Collection Set: 2.9ms
[2023-11-10T12:09:25.869-0800][77769501ms] GC(25810)   Other: 0.2ms
[2023-11-10T12:09:25.869-0800][77769501ms] GC(25810) Eden regions: 153->0(153)
[2023-11-10T12:09:25.869-0800][77769501ms] GC(25810) Survivor regions: 1->1(20)
[2023-11-10T12:09:25.869-0800][77769501ms] GC(25810) Old regions: 1460->1460
[2023-11-10T12:09:25.869-0800][77769501ms] GC(25810) Humongous regions: 5->5
[2023-11-10T12:09:25.869-0800][77769501ms] GC(25810) Metaspace: 305043K->305043K(1349632K)
[2023-11-10T12:09:25.869-0800][77769501ms] GC(25810) Pause Young (Normal) (G1 Evacuation Pause) 3235M->2929M(3602M) 4.896ms
[2023-11-10T12:09:25.869-0800][77769501ms] GC(25810) User=0.00s Sys=0.00s Real=0.00s
[2023-11-10T12:09:26.193-0800][77769825ms] GC(25811) Pause Young (Normal) (G1 Evacuation Pause)
[2023-11-10T12:09:26.193-0800][77769825ms] GC(25811) Using 10 workers of 10 for evacuation
[2023-11-10T12:09:26.198-0800][77769830ms] GC(25811)   Pre Evacuate Collection Set: 0.0ms
[2023-11-10T12:09:26.198-0800][77769830ms] GC(25811)   Evacuate Collection Set: 1.6ms
[2023-11-10T12:09:26.198-0800][77769830ms] GC(25811)   Post Evacuate Collection Set: 3.2ms
[2023-11-10T12:09:26.198-0800][77769830ms] GC(25811)   Other: 0.2ms
[2023-11-10T12:09:26.198-0800][77769830ms] GC(25811) Eden regions: 153->0(153)
[2023-11-10T12:09:26.198-0800][77769830ms] GC(25811) Survivor regions: 1->1(20)
[2023-11-10T12:09:26.198-0800][77769830ms] GC(25811) Old regions: 1460->1460
[2023-11-10T12:09:26.198-0800][77769830ms] GC(25811) Humongous regions: 5->5
[2023-11-10T12:09:26.198-0800][77769830ms] GC(25811) Metaspace: 305043K->305043K(1349632K)
[2023-11-10T12:09:26.198-0800][77769830ms] GC(25811) Pause Young (Normal) (G1 Evacuation Pause) 3235M->2929M(3602M) 5.251ms
[2023-11-10T12:09:26.198-0800][77769830ms] GC(25811) User=0.06s Sys=0.00s Real=0.00s
[2023-11-10T12:09:26.541-0800][77770173ms] GC(25812) Pause Young (Normal) (G1 Evacuation Pause)
[2023-11-10T12:09:26.541-0800][77770173ms] GC(25812) Using 10 workers of 10 for evacuation
[2023-11-10T12:09:26.548-0800][77770180ms] GC(25812)   Pre Evacuate Collection Set: 0.1ms
[2023-11-10T12:09:26.548-0800][77770180ms] GC(25812)   Evacuate Collection Set: 1.9ms
[2023-11-10T12:09:26.548-0800][77770180ms] GC(25812)   Post Evacuate Collection Set: 4.9ms
[2023-11-10T12:09:26.548-0800][77770180ms] GC(25812)   Other: 0.3ms
[2023-11-10T12:09:26.548-0800][77770180ms] GC(25812) Eden regions: 153->0(153)
[2023-11-10T12:09:26.548-0800][77770180ms] GC(25812) Survivor regions: 1->1(20)
[2023-11-10T12:09:26.548-0800][77770180ms] GC(25812) Old regions: 1460->1460
[2023-11-10T12:09:26.548-0800][77770180ms] GC(25812) Humongous regions: 5->5
[2023-11-10T12:09:26.548-0800][77770180ms] GC(25812) Metaspace: 305043K->305043K(1349632K)
[2023-11-10T12:09:26.548-0800][77770180ms] GC(25812) Pause Young (Normal) (G1 Evacuation Pause) 3235M->2929M(3602M) 7.326ms
[2023-11-10T12:09:26.548-0800][77770180ms] GC(25812) User=0.00s Sys=0.00s Real=0.01s
[2023-11-10T12:09:26.923-0800][77770555ms] GC(25813) Pause Young (Normal) (G1 Evacuation Pause)
[2023-11-10T12:09:26.923-0800][77770555ms] GC(25813) Using 10 workers of 10 for evacuation
[2023-11-10T12:09:26.928-0800][77770560ms] GC(25813)   Pre Evacuate Collection Set: 0.0ms
[2023-11-10T12:09:26.928-0800][77770560ms] GC(25813)   Evacuate Collection Set: 1.8ms
[2023-11-10T12:09:26.928-0800][77770560ms] GC(25813)   Post Evacuate Collection Set: 3.4ms
[2023-11-10T12:09:26.928-0800][77770560ms] GC(25813)   Other: 0.3ms
[2023-11-10T12:09:26.928-0800][77770560ms] GC(25813) Eden regions: 153->0(153)
[2023-11-10T12:09:26.928-0800][77770560ms] GC(25813) Survivor regions: 1->1(20)
[2023-11-10T12:09:26.928-0800][77770560ms] GC(25813) Old regions: 1460->1460
[2023-11-10T12:09:26.928-0800][77770560ms] GC(25813) Humongous regions: 5->5
[2023-11-10T12:09:26.928-0800][77770560ms] GC(25813) Metaspace: 305043K->305043K(1349632K)
[2023-11-10T12:09:26.928-0800][77770560ms] GC(25813) Pause Young (Normal) (G1 Evacuation Pause) 3235M->2929M(3602M) 5.609ms
[2023-11-10T12:09:26.928-0800][77770560ms] GC(25813) User=0.00s Sys=0.00s Real=0.00s
[2023-11-10T12:09:27.402-0800][77771034ms] GC(25814) Pause Young (Normal) (G1 Evacuation Pause)
[2023-11-10T12:09:27.402-0800][77771034ms] GC(25814) Using 10 workers of 10 for evacuation
[2023-11-10T12:09:27.407-0800][77771039ms] GC(25814)   Pre Evacuate Collection Set: 0.1ms
[2023-11-10T12:09:27.407-0800][77771039ms] GC(25814)   Evacuate Collection Set: 1.7ms
[2023-11-10T12:09:27.407-0800][77771039ms] GC(25814)   Post Evacuate Collection Set: 3.7ms
[2023-11-10T12:09:27.407-0800][77771039ms] GC(25814)   Other: 0.3ms
[2023-11-10T12:09:27.407-0800][77771039ms] GC(25814) Eden regions: 153->0(153)
[2023-11-10T12:09:27.407-0800][77771039ms] GC(25814) Survivor regions: 1->1(20)
[2023-11-10T12:09:27.407-0800][77771039ms] GC(25814) Old regions: 1460->1460
[2023-11-10T12:09:27.407-0800][77771039ms] GC(25814) Humongous regions: 5->5
[2023-11-10T12:09:27.407-0800][77771039ms] GC(25814) Metaspace: 305043K->305043K(1349632K)
[2023-11-10T12:09:27.407-0800][77771039ms] GC(25814) Pause Young (Normal) (G1 Evacuation Pause) 3235M->2929M(3602M) 5.824ms
[2023-11-10T12:09:27.407-0800][77771039ms] GC(25814) User=0.00s Sys=0.00s Real=0.01s
[2023-11-10T12:09:27.770-0800][77771402ms] GC(25815) Pause Young (Normal) (G1 Evacuation Pause)
[2023-11-10T12:09:27.770-0800][77771402ms] GC(25815) Using 10 workers of 10 for evacuation
[2023-11-10T12:09:27.776-0800][77771408ms] GC(25815)   Pre Evacuate Collection Set: 0.0ms
[2023-11-10T12:09:27.776-0800][77771408ms] GC(25815)   Evacuate Collection Set: 2.0ms
[2023-11-10T12:09:27.776-0800][77771408ms] GC(25815)   Post Evacuate Collection Set: 3.0ms
[2023-11-10T12:09:27.776-0800][77771408ms] GC(25815)   Other: 0.2ms
[2023-11-10T12:09:27.776-0800][77771408ms] GC(25815) Eden regions: 153->0(153)
[2023-11-10T12:09:27.776-0800][77771408ms] GC(25815) Survivor regions: 1->1(20)
[2023-11-10T12:09:27.776-0800][77771408ms] GC(25815) Old regions: 1460->1460
[2023-11-10T12:09:27.776-0800][77771408ms] GC(25815) Humongous regions: 5->5
[2023-11-10T12:09:27.776-0800][77771408ms] GC(25815) Metaspace: 305043K->305043K(1349632K)
[2023-11-10T12:09:27.776-0800][77771408ms] GC(25815) Pause Young (Normal) (G1 Evacuation Pause) 3235M->2929M(3602M) 5.306ms
[2023-11-10T12:09:27.776-0800][77771408ms] GC(25815) User=0.02s Sys=0.02s Real=0.01s
[2023-11-10T12:09:28.122-0800][77771754ms] GC(25816) Pause Young (Normal) (G1 Evacuation Pause)
[2023-11-10T12:09:28.122-0800][77771754ms] GC(25816) Using 10 workers of 10 for evacuation
[2023-11-10T12:09:28.127-0800][77771759ms] GC(25816)   Pre Evacuate Collection Set: 0.0ms
[2023-11-10T12:09:28.127-0800][77771759ms] GC(25816)   Evacuate Collection Set: 1.6ms
[2023-11-10T12:09:28.127-0800][77771759ms] GC(25816)   Post Evacuate Collection Set: 3.2ms
[2023-11-10T12:09:28.127-0800][77771759ms] GC(25816)   Other: 0.3ms
[2023-11-10T12:09:28.127-0800][77771759ms] GC(25816) Eden regions: 153->0(153)
[2023-11-10T12:09:28.127-0800][77771759ms] GC(25816) Survivor regions: 1->1(20)
[2023-11-10T12:09:28.127-0800][77771759ms] GC(25816) Old regions: 1460->1460
[2023-11-10T12:09:28.127-0800][77771759ms] GC(25816) Humongous regions: 5->5
[2023-11-10T12:09:28.127-0800][77771759ms] GC(25816) Metaspace: 305043K->305043K(1349632K)
[2023-11-10T12:09:28.127-0800][77771759ms] GC(25816) Pause Young (Normal) (G1 Evacuation Pause) 3235M->2929M(3602M) 5.223ms
[2023-11-10T12:09:28.127-0800][77771759ms] GC(25816) User=0.00s Sys=0.00s Real=0.01s
[2023-11-10T12:09:28.512-0800][77772144ms] GC(25817) Pause Young (Normal) (G1 Evacuation Pause)
[2023-11-10T12:09:28.512-0800][77772144ms] GC(25817) Using 10 workers of 10 for evacuation
[2023-11-10T12:09:28.517-0800][77772149ms] GC(25817)   Pre Evacuate Collection Set: 0.0ms
[2023-11-10T12:09:28.517-0800][77772149ms] GC(25817)   Evacuate Collection Set: 1.7ms
[2023-11-10T12:09:28.517-0800][77772149ms] GC(25817)   Post Evacuate Collection Set: 3.3ms
[2023-11-10T12:09:28.517-0800][77772149ms] GC(25817)   Other: 0.3ms
[2023-11-10T12:09:28.517-0800][77772149ms] GC(25817) Eden regions: 153->0(153)
[2023-11-10T12:09:28.517-0800][77772149ms] GC(25817) Survivor regions: 1->1(20)
[2023-11-10T12:09:28.517-0800][77772149ms] GC(25817) Old regions: 1460->1460
[2023-11-10T12:09:28.517-0800][77772149ms] GC(25817) Humongous regions: 5->5
[2023-11-10T12:09:28.517-0800][77772149ms] GC(25817) Metaspace: 305043K->305043K(1349632K)
[2023-11-10T12:09:28.517-0800][77772149ms] GC(25817) Pause Young (Normal) (G1 Evacuation Pause) 3235M->2929M(3602M) 5.460ms
[2023-11-10T12:09:28.518-0800][77772150ms] GC(25817) User=0.00s Sys=0.00s Real=0.01s
[2023-11-10T12:09:28.917-0800][77772549ms] GC(25818) Pause Young (Normal) (G1 Evacuation Pause)
[2023-11-10T12:09:28.917-0800][77772549ms] GC(25818) Using 10 workers of 10 for evacuation
[2023-11-10T12:09:28.923-0800][77772555ms] GC(25818)   Pre Evacuate Collection Set: 0.1ms
[2023-11-10T12:09:28.923-0800][77772555ms] GC(25818)   Evacuate Collection Set: 1.7ms
[2023-11-10T12:09:28.923-0800][77772555ms] GC(25818)   Post Evacuate Collection Set: 3.2ms
[2023-11-10T12:09:28.923-0800][77772555ms] GC(25818)   Other: 0.3ms
[2023-11-10T12:09:28.923-0800][77772555ms] GC(25818) Eden regions: 153->0(153)
[2023-11-10T12:09:28.923-0800][77772555ms] GC(25818) Survivor regions: 1->1(20)
[2023-11-10T12:09:28.923-0800][77772555ms] GC(25818) Old regions: 1460->1460
[2023-11-10T12:09:28.923-0800][77772555ms] GC(25818) Humongous regions: 5->5
[2023-11-10T12:09:28.923-0800][77772555ms] GC(25818) Metaspace: 305043K->305043K(1349632K)
[2023-11-10T12:09:28.923-0800][77772555ms] GC(25818) Pause Young (Normal) (G1 Evacuation Pause) 3235M->2929M(3602M) 5.379ms
[2023-11-10T12:09:28.923-0800][77772555ms] GC(25818) User=0.00s Sys=0.00s Real=0.01s
[2023-11-10T12:09:29.284-0800][77772916ms] GC(25819) Pause Young (Normal) (G1 Evacuation Pause)
[2023-11-10T12:09:29.284-0800][77772916ms] GC(25819) Using 10 workers of 10 for evacuation
[2023-11-10T12:09:29.288-0800][77772920ms] GC(25819)   Pre Evacuate Collection Set: 0.0ms
[2023-11-10T12:09:29.288-0800][77772920ms] GC(25819)   Evacuate Collection Set: 1.6ms
[2023-11-10T12:09:29.288-0800][77772920ms] GC(25819)   Post Evacuate Collection Set: 3.0ms
[2023-11-10T12:09:29.289-0800][77772921ms] GC(25819)   Other: 0.2ms
[2023-11-10T12:09:29.289-0800][77772921ms] GC(25819) Eden regions: 153->0(153)
[2023-11-10T12:09:29.289-0800][77772921ms] GC(25819) Survivor regions: 1->1(20)
[2023-11-10T12:09:29.289-0800][77772921ms] GC(25819) Old regions: 1460->1460
[2023-11-10T12:09:29.289-0800][77772921ms] GC(25819) Humongous regions: 5->5
[2023-11-10T12:09:29.289-0800][77772921ms] GC(25819) Metaspace: 305043K->305043K(1349632K)
[2023-11-10T12:09:29.289-0800][77772921ms] GC(25819) Pause Young (Normal) (G1 Evacuation Pause) 3235M->2929M(3602M) 5.071ms
[2023-11-10T12:09:29.289-0800][77772921ms] GC(25819) User=0.00s Sys=0.00s Real=0.01s
[2023-11-10T12:09:29.666-0800][77773298ms] GC(25820) Pause Young (Normal) (G1 Evacuation Pause)
[2023-11-10T12:09:29.666-0800][77773298ms] GC(25820) Using 10 workers of 10 for evacuation
[2023-11-10T12:09:29.670-0800][77773302ms] GC(25820)   Pre Evacuate Collection Set: 0.0ms
[2023-11-10T12:09:29.670-0800][77773302ms] GC(25820)   Evacuate Collection Set: 1.8ms
[2023-11-10T12:09:29.670-0800][77773302ms] GC(25820)   Post Evacuate Collection Set: 2.9ms
[2023-11-10T12:09:29.670-0800][77773302ms] GC(25820)   Other: 0.2ms
[2023-11-10T12:09:29.670-0800][77773302ms] GC(25820) Eden regions: 153->0(153)
[2023-11-10T12:09:29.670-0800][77773302ms] GC(25820) Survivor regions: 1->1(20)
[2023-11-10T12:09:29.670-0800][77773302ms] GC(25820) Old regions: 1460->1460
[2023-11-10T12:09:29.670-0800][77773302ms] GC(25820) Humongous regions: 5->5
[2023-11-10T12:09:29.670-0800][77773302ms] GC(25820) Metaspace: 305043K->305043K(1349632K)
[2023-11-10T12:09:29.670-0800][77773302ms] GC(25820) Pause Young (Normal) (G1 Evacuation Pause) 3235M->2929M(3602M) 5.063ms
[2023-11-10T12:09:29.670-0800][77773302ms] GC(25820) User=0.00s Sys=0.00s Real=0.00s
[2023-11-10T12:09:30.124-0800][77773756ms] GC(25821) Pause Young (Normal) (G1 Evacuation Pause)
[2023-11-10T12:09:30.124-0800][77773756ms] GC(25821) Using 10 workers of 10 for evacuation
[2023-11-10T12:09:30.128-0800][77773760ms] GC(25821)   Pre Evacuate Collection Set: 0.0ms
[2023-11-10T12:09:30.129-0800][77773761ms] GC(25821)   Evacuate Collection Set: 1.6ms
[2023-11-10T12:09:30.129-0800][77773761ms] GC(25821)   Post Evacuate Collection Set: 3.1ms
[2023-11-10T12:09:30.129-0800][77773761ms] GC(25821)   Other: 0.3ms
[2023-11-10T12:09:30.129-0800][77773761ms] GC(25821) Eden regions: 153->0(153)
[2023-11-10T12:09:30.129-0800][77773761ms] GC(25821) Survivor regions: 1->1(20)
[2023-11-10T12:09:30.129-0800][77773761ms] GC(25821) Old regions: 1460->1460
[2023-11-10T12:09:30.129-0800][77773761ms] GC(25821) Humongous regions: 5->5
[2023-11-10T12:09:30.129-0800][77773761ms] GC(25821) Metaspace: 305043K->305043K(1349632K)
[2023-11-10T12:09:30.129-0800][77773761ms] GC(25821) Pause Young (Normal) (G1 Evacuation Pause) 3235M->2929M(3602M) 5.106ms
[2023-11-10T12:09:30.129-0800][77773761ms] GC(25821) User=0.00s Sys=0.00s Real=0.00s
[2023-11-10T12:09:30.495-0800][77774127ms] GC(25822) Pause Young (Normal) (G1 Evacuation Pause)
[2023-11-10T12:09:30.495-0800][77774127ms] GC(25822) Using 10 workers of 10 for evacuation
[2023-11-10T12:09:30.500-0800][77774133ms] GC(25822)   Pre Evacuate Collection Set: 0.0ms
[2023-11-10T12:09:30.501-0800][77774133ms] GC(25822)   Evacuate Collection Set: 1.6ms
[2023-11-10T12:09:30.501-0800][77774133ms] GC(25822)   Post Evacuate Collection Set: 3.1ms
[2023-11-10T12:09:30.501-0800][77774133ms] GC(25822)   Other: 0.2ms
[2023-11-10T12:09:30.501-0800][77774133ms] GC(25822) Eden regions: 153->0(153)
[2023-11-10T12:09:30.501-0800][77774133ms] GC(25822) Survivor regions: 1->1(20)
[2023-11-10T12:09:30.501-0800][77774133ms] GC(25822) Old regions: 1460->1460
[2023-11-10T12:09:30.501-0800][77774133ms] GC(25822) Humongous regions: 5->5
[2023-11-10T12:09:30.501-0800][77774133ms] GC(25822) Metaspace: 305043K->305043K(1349632K)
[2023-11-10T12:09:30.501-0800][77774133ms] GC(25822) Pause Young (Normal) (G1 Evacuation Pause) 3235M->2929M(3602M) 5.222ms
[2023-11-10T12:09:30.501-0800][77774133ms] GC(25822) User=0.00s Sys=0.00s Real=0.01s
[2023-11-10T12:09:30.883-0800][77774515ms] GC(25823) Pause Young (Normal) (G1 Evacuation Pause)
[2023-11-10T12:09:30.883-0800][77774515ms] GC(25823) Using 10 workers of 10 for evacuation
[2023-11-10T12:09:30.888-0800][77774520ms] GC(25823)   Pre Evacuate Collection Set: 0.0ms
[2023-11-10T12:09:30.888-0800][77774520ms] GC(25823)   Evacuate Collection Set: 1.6ms
[2023-11-10T12:09:30.888-0800][77774520ms] GC(25823)   Post Evacuate Collection Set: 3.0ms
[2023-11-10T12:09:30.888-0800][77774520ms] GC(25823)   Other: 0.2ms
[2023-11-10T12:09:30.888-0800][77774520ms] GC(25823) Eden regions: 153->0(153)
[2023-11-10T12:09:30.888-0800][77774520ms] GC(25823) Survivor regions: 1->1(20)
[2023-11-10T12:09:30.888-0800][77774520ms] GC(25823) Old regions: 1460->1460
[2023-11-10T12:09:30.888-0800][77774520ms] GC(25823) Humongous regions: 5->5
[2023-11-10T12:09:30.888-0800][77774520ms] GC(25823) Metaspace: 305043K->305043K(1349632K)
[2023-11-10T12:09:30.888-0800][77774520ms] GC(25823) Pause Young (Normal) (G1 Evacuation Pause) 3235M->2929M(3602M) 5.000ms
[2023-11-10T12:09:30.888-0800][77774520ms] GC(25823) User=0.00s Sys=0.00s Real=0.01s
[2023-11-10T12:09:31.250-0800][77774882ms] GC(25824) Pause Young (Normal) (G1 Evacuation Pause)
[2023-11-10T12:09:31.250-0800][77774882ms] GC(25824) Using 10 workers of 10 for evacuation
[2023-11-10T12:09:31.254-0800][77774886ms] GC(25824)   Pre Evacuate Collection Set: 0.0ms
[2023-11-10T12:09:31.255-0800][77774887ms] GC(25824)   Evacuate Collection Set: 1.7ms
[2023-11-10T12:09:31.255-0800][77774887ms] GC(25824)   Post Evacuate Collection Set: 3.1ms
[2023-11-10T12:09:31.255-0800][77774887ms] GC(25824)   Other: 0.3ms
[2023-11-10T12:09:31.255-0800][77774887ms] GC(25824) Eden regions: 153->0(153)
[2023-11-10T12:09:31.255-0800][77774887ms] GC(25824) Survivor regions: 1->1(20)
[2023-11-10T12:09:31.255-0800][77774887ms] GC(25824) Old regions: 1460->1460
[2023-11-10T12:09:31.255-0800][77774887ms] GC(25824) Humongous regions: 5->5
[2023-11-10T12:09:31.255-0800][77774887ms] GC(25824) Metaspace: 305043K->305043K(1349632K)
[2023-11-10T12:09:31.255-0800][77774887ms] GC(25824) Pause Young (Normal) (G1 Evacuation Pause) 3235M->2929M(3602M) 5.117ms
[2023-11-10T12:09:31.255-0800][77774887ms] GC(25824) User=0.00s Sys=0.00s Real=0.01s
[2023-11-10T12:09:31.609-0800][77775241ms] GC(25825) Pause Young (Normal) (G1 Evacuation Pause)
[2023-11-10T12:09:31.609-0800][77775241ms] GC(25825) Using 10 workers of 10 for evacuation
[2023-11-10T12:09:31.616-0800][77775248ms] GC(25825)   Pre Evacuate Collection Set: 0.0ms
[2023-11-10T12:09:31.616-0800][77775248ms] GC(25825)   Evacuate Collection Set: 1.8ms
[2023-11-10T12:09:31.616-0800][77775248ms] GC(25825)   Post Evacuate Collection Set: 4.5ms
[2023-11-10T12:09:31.616-0800][77775248ms] GC(25825)   Other: 0.3ms
[2023-11-10T12:09:31.616-0800][77775248ms] GC(25825) Eden regions: 153->0(153)
[2023-11-10T12:09:31.616-0800][77775248ms] GC(25825) Survivor regions: 1->1(20)
[2023-11-10T12:09:31.616-0800][77775248ms] GC(25825) Old regions: 1460->1460
[2023-11-10T12:09:31.616-0800][77775248ms] GC(25825) Humongous regions: 5->5
[2023-11-10T12:09:31.616-0800][77775248ms] GC(25825) Metaspace: 305043K->305043K(1349632K)
[2023-11-10T12:09:31.616-0800][77775248ms] GC(25825) Pause Young (Normal) (G1 Evacuation Pause) 3235M->2929M(3602M) 6.685ms
[2023-11-10T12:09:31.616-0800][77775248ms] GC(25825) User=0.00s Sys=0.00s Real=0.01s
[2023-11-10T12:09:32.012-0800][77775644ms] GC(25826) Pause Young (Normal) (G1 Evacuation Pause)
[2023-11-10T12:09:32.012-0800][77775644ms] GC(25826) Using 10 workers of 10 for evacuation
[2023-11-10T12:09:32.017-0800][77775649ms] GC(25826)   Pre Evacuate Collection Set: 0.0ms
[2023-11-10T12:09:32.017-0800][77775649ms] GC(25826)   Evacuate Collection Set: 1.7ms
[2023-11-10T12:09:32.017-0800][77775649ms] GC(25826)   Post Evacuate Collection Set: 3.3ms
[2023-11-10T12:09:32.017-0800][77775649ms] GC(25826)   Other: 0.3ms
[2023-11-10T12:09:32.017-0800][77775649ms] GC(25826) Eden regions: 153->0(153)
[2023-11-10T12:09:32.017-0800][77775649ms] GC(25826) Survivor regions: 1->1(20)
[2023-11-10T12:09:32.017-0800][77775649ms] GC(25826) Old regions: 1460->1460
[2023-11-10T12:09:32.017-0800][77775649ms] GC(25826) Humongous regions: 5->5
[2023-11-10T12:09:32.017-0800][77775649ms] GC(25826) Metaspace: 305043K->305043K(1349632K)
[2023-11-10T12:09:32.017-0800][77775649ms] GC(25826) Pause Young (Normal) (G1 Evacuation Pause) 3235M->2929M(3602M) 5.331ms
[2023-11-10T12:09:32.017-0800][77775649ms] GC(25826) User=0.00s Sys=0.00s Real=0.00s
[2023-11-10T12:09:32.318-0800][77775950ms] GC(25827) Pause Young (Normal) (G1 Evacuation Pause)
[2023-11-10T12:09:32.319-0800][77775951ms] GC(25827) Using 10 workers of 10 for evacuation
[2023-11-10T12:09:32.323-0800][77775955ms] GC(25827)   Pre Evacuate Collection Set: 0.0ms
[2023-11-10T12:09:32.323-0800][77775955ms] GC(25827)   Evacuate Collection Set: 1.7ms
[2023-11-10T12:09:32.323-0800][77775955ms] GC(25827)   Post Evacuate Collection Set: 3.1ms
[2023-11-10T12:09:32.323-0800][77775955ms] GC(25827)   Other: 0.2ms
[2023-11-10T12:09:32.323-0800][77775955ms] GC(25827) Eden regions: 153->0(153)
[2023-11-10T12:09:32.323-0800][77775955ms] GC(25827) Survivor regions: 1->1(20)
[2023-11-10T12:09:32.323-0800][77775955ms] GC(25827) Old regions: 1460->1460
[2023-11-10T12:09:32.323-0800][77775955ms] GC(25827) Humongous regions: 5->5
[2023-11-10T12:09:32.323-0800][77775955ms] GC(25827) Metaspace: 305043K->305043K(1349632K)
[2023-11-10T12:09:32.323-0800][77775955ms] GC(25827) Pause Young (Normal) (G1 Evacuation Pause) 3235M->2929M(3602M) 5.131ms
[2023-11-10T12:09:32.323-0800][77775955ms] GC(25827) User=0.08s Sys=0.00s Real=0.00s
[2023-11-10T12:09:32.671-0800][77776303ms] GC(25828) Pause Young (Normal) (G1 Evacuation Pause)
[2023-11-10T12:09:32.671-0800][77776303ms] GC(25828) Using 10 workers of 10 for evacuation
[2023-11-10T12:09:32.677-0800][77776309ms] GC(25828)   Pre Evacuate Collection Set: 0.0ms
[2023-11-10T12:09:32.677-0800][77776309ms] GC(25828)   Evacuate Collection Set: 1.7ms
[2023-11-10T12:09:32.677-0800][77776309ms] GC(25828)   Post Evacuate Collection Set: 3.5ms
[2023-11-10T12:09:32.677-0800][77776309ms] GC(25828)   Other: 0.3ms
[2023-11-10T12:09:32.677-0800][77776309ms] GC(25828) Eden regions: 153->0(153)
[2023-11-10T12:09:32.677-0800][77776309ms] GC(25828) Survivor regions: 1->1(20)
[2023-11-10T12:09:32.677-0800][77776309ms] GC(25828) Old regions: 1460->1460
[2023-11-10T12:09:32.677-0800][77776309ms] GC(25828) Humongous regions: 5->5
[2023-11-10T12:09:32.677-0800][77776309ms] GC(25828) Metaspace: 305043K->305043K(1349632K)
[2023-11-10T12:09:32.677-0800][77776309ms] GC(25828) Pause Young (Normal) (G1 Evacuation Pause) 3235M->2929M(3602M) 5.638ms
[2023-11-10T12:09:32.677-0800][77776309ms] GC(25828) User=0.00s Sys=0.00s Real=0.01s
[2023-11-10T12:09:33.015-0800][77776647ms] GC(25829) Pause Young (Normal) (G1 Evacuation Pause)
[2023-11-10T12:09:33.015-0800][77776647ms] GC(25829) Using 10 workers of 10 for evacuation
[2023-11-10T12:09:33.020-0800][77776652ms] GC(25829)   Pre Evacuate Collection Set: 0.0ms
[2023-11-10T12:09:33.020-0800][77776652ms] GC(25829)   Evacuate Collection Set: 1.6ms
[2023-11-10T12:09:33.020-0800][77776652ms] GC(25829)   Post Evacuate Collection Set: 3.6ms
[2023-11-10T12:09:33.020-0800][77776652ms] GC(25829)   Other: 0.2ms
[2023-11-10T12:09:33.020-0800][77776652ms] GC(25829) Eden regions: 153->0(153)
[2023-11-10T12:09:33.020-0800][77776652ms] GC(25829) Survivor regions: 1->1(20)
[2023-11-10T12:09:33.020-0800][77776652ms] GC(25829) Old regions: 1460->1460
[2023-11-10T12:09:33.021-0800][77776653ms] GC(25829) Humongous regions: 5->5
[2023-11-10T12:09:33.021-0800][77776653ms] GC(25829) Metaspace: 305043K->305043K(1349632K)
[2023-11-10T12:09:33.021-0800][77776653ms] GC(25829) Pause Young (Normal) (G1 Evacuation Pause) 3235M->2929M(3602M) 5.626ms
[2023-11-10T12:09:33.021-0800][77776653ms] GC(25829) User=0.00s Sys=0.00s Real=0.01s
[2023-11-10T12:09:33.395-0800][77777027ms] GC(25830) Pause Young (Normal) (G1 Evacuation Pause)
[2023-11-10T12:09:33.395-0800][77777027ms] GC(25830) Using 10 workers of 10 for evacuation
[2023-11-10T12:09:33.400-0800][77777032ms] GC(25830)   Pre Evacuate Collection Set: 0.0ms
[2023-11-10T12:09:33.400-0800][77777032ms] GC(25830)   Evacuate Collection Set: 2.3ms
[2023-11-10T12:09:33.400-0800][77777032ms] GC(25830)   Post Evacuate Collection Set: 3.1ms
[2023-11-10T12:09:33.400-0800][77777032ms] GC(25830)   Other: 0.3ms
[2023-11-10T12:09:33.400-0800][77777032ms] GC(25830) Eden regions: 153->0(153)
[2023-11-10T12:09:33.400-0800][77777032ms] GC(25830) Survivor regions: 1->1(20)
[2023-11-10T12:09:33.400-0800][77777032ms] GC(25830) Old regions: 1460->1460
[2023-11-10T12:09:33.400-0800][77777032ms] GC(25830) Humongous regions: 5->5
[2023-11-10T12:09:33.400-0800][77777032ms] GC(25830) Metaspace: 305043K->305043K(1349632K)
[2023-11-10T12:09:33.400-0800][77777032ms] GC(25830) Pause Young (Normal) (G1 Evacuation Pause) 3235M->2929M(3602M) 5.776ms
[2023-11-10T12:09:33.400-0800][77777032ms] GC(25830) User=0.00s Sys=0.00s Real=0.01s
[2023-11-10T12:09:33.767-0800][77777399ms] GC(25831) Pause Young (Normal) (G1 Evacuation Pause)
[2023-11-10T12:09:33.767-0800][77777399ms] GC(25831) Using 10 workers of 10 for evacuation
[2023-11-10T12:09:33.772-0800][77777404ms] GC(25831)   Pre Evacuate Collection Set: 0.0ms
[2023-11-10T12:09:33.772-0800][77777404ms] GC(25831)   Evacuate Collection Set: 1.7ms
[2023-11-10T12:09:33.772-0800][77777404ms] GC(25831)   Post Evacuate Collection Set: 3.2ms
[2023-11-10T12:09:33.772-0800][77777404ms] GC(25831)   Other: 0.2ms
[2023-11-10T12:09:33.772-0800][77777404ms] GC(25831) Eden regions: 153->0(153)
[2023-11-10T12:09:33.772-0800][77777404ms] GC(25831) Survivor regions: 1->1(20)
[2023-11-10T12:09:33.772-0800][77777404ms] GC(25831) Old regions: 1460->1460
[2023-11-10T12:09:33.772-0800][77777404ms] GC(25831) Humongous regions: 5->5
[2023-11-10T12:09:33.772-0800][77777404ms] GC(25831) Metaspace: 305043K->305043K(1349632K)
[2023-11-10T12:09:33.772-0800][77777404ms] GC(25831) Pause Young (Normal) (G1 Evacuation Pause) 3235M->2929M(3602M) 5.234ms
[2023-11-10T12:09:33.772-0800][77777404ms] GC(25831) User=0.00s Sys=0.00s Real=0.01s
[2023-11-10T12:09:34.118-0800][77777750ms] GC(25832) Pause Young (Normal) (G1 Evacuation Pause)
[2023-11-10T12:09:34.118-0800][77777750ms] GC(25832) Using 10 workers of 10 for evacuation
[2023-11-10T12:09:34.127-0800][77777759ms] GC(25832)   Pre Evacuate Collection Set: 0.0ms
[2023-11-10T12:09:34.167-0800][77777799ms] GC(25832)   Evacuate Collection Set: 1.6ms
[2023-11-10T12:09:34.167-0800][77777799ms] GC(25832)   Post Evacuate Collection Set: 7.0ms
[2023-11-10T12:09:34.167-0800][77777799ms] GC(25832)   Other: 0.2ms
[2023-11-10T12:09:34.167-0800][77777799ms] GC(25832) Eden regions: 153->0(153)
[2023-11-10T12:09:34.167-0800][77777799ms] GC(25832) Survivor regions: 1->1(20)
[2023-11-10T12:09:34.167-0800][77777799ms] GC(25832) Old regions: 1460->1460
[2023-11-10T12:09:34.167-0800][77777799ms] GC(25832) Humongous regions: 5->5
[2023-11-10T12:09:34.167-0800][77777799ms] GC(25832) Metaspace: 305043K->305043K(1349632K)
[2023-11-10T12:09:34.167-0800][77777799ms] GC(25832) Pause Young (Normal) (G1 Evacuation Pause) 3235M->2929M(3602M) 49.613ms
[2023-11-10T12:09:34.167-0800][77777799ms] GC(25832) User=0.00s Sys=0.00s Real=0.05s
[2023-11-10T12:09:34.522-0800][77778154ms] GC(25833) Pause Young (Normal) (G1 Evacuation Pause)
[2023-11-10T12:09:34.522-0800][77778154ms] GC(25833) Using 10 workers of 10 for evacuation
[2023-11-10T12:09:34.527-0800][77778159ms] GC(25833)   Pre Evacuate Collection Set: 0.0ms
[2023-11-10T12:09:34.527-0800][77778159ms] GC(25833)   Evacuate Collection Set: 1.7ms
[2023-11-10T12:09:34.527-0800][77778159ms] GC(25833)   Post Evacuate Collection Set: 3.4ms
[2023-11-10T12:09:34.527-0800][77778159ms] GC(25833)   Other: 0.3ms
[2023-11-10T12:09:34.527-0800][77778159ms] GC(25833) Eden regions: 153->0(153)
[2023-11-10T12:09:34.527-0800][77778159ms] GC(25833) Survivor regions: 1->1(20)
[2023-11-10T12:09:34.527-0800][77778159ms] GC(25833) Old regions: 1460->1460
[2023-11-10T12:09:34.527-0800][77778159ms] GC(25833) Humongous regions: 5->5
[2023-11-10T12:09:34.527-0800][77778159ms] GC(25833) Metaspace: 305043K->305043K(1349632K)
[2023-11-10T12:09:34.527-0800][77778159ms] GC(25833) Pause Young (Normal) (G1 Evacuation Pause) 3235M->2929M(3602M) 5.533ms
[2023-11-10T12:09:34.527-0800][77778159ms] GC(25833) User=0.09s Sys=0.00s Real=0.00s
[2023-11-10T12:09:34.903-0800][77778535ms] GC(25834) Pause Young (Normal) (G1 Evacuation Pause)
[2023-11-10T12:09:34.903-0800][77778535ms] GC(25834) Using 10 workers of 10 for evacuation
[2023-11-10T12:09:34.907-0800][77778539ms] GC(25834)   Pre Evacuate Collection Set: 0.0ms
[2023-11-10T12:09:34.907-0800][77778539ms] GC(25834)   Evacuate Collection Set: 1.6ms
[2023-11-10T12:09:34.907-0800][77778539ms] GC(25834)   Post Evacuate Collection Set: 3.1ms
[2023-11-10T12:09:34.907-0800][77778539ms] GC(25834)   Other: 0.2ms
[2023-11-10T12:09:34.907-0800][77778539ms] GC(25834) Eden regions: 153->0(153)
[2023-11-10T12:09:34.907-0800][77778539ms] GC(25834) Survivor regions: 1->1(20)
[2023-11-10T12:09:34.907-0800][77778539ms] GC(25834) Old regions: 1460->1460
[2023-11-10T12:09:34.907-0800][77778539ms] GC(25834) Humongous regions: 5->5
[2023-11-10T12:09:34.907-0800][77778539ms] GC(25834) Metaspace: 305043K->305043K(1349632K)
[2023-11-10T12:09:34.907-0800][77778539ms] GC(25834) Pause Young (Normal) (G1 Evacuation Pause) 3235M->2929M(3602M) 5.098ms
[2023-11-10T12:09:34.907-0800][77778539ms] GC(25834) User=0.00s Sys=0.00s Real=0.00s
[2023-11-10T12:09:35.238-0800][77778870ms] GC(25835) Pause Young (Normal) (G1 Evacuation Pause)
[2023-11-10T12:09:35.238-0800][77778870ms] GC(25835) Using 10 workers of 10 for evacuation
[2023-11-10T12:09:35.243-0800][77778875ms] GC(25835)   Pre Evacuate Collection Set: 0.0ms
[2023-11-10T12:09:35.243-0800][77778875ms] GC(25835)   Evacuate Collection Set: 1.6ms
[2023-11-10T12:09:35.243-0800][77778875ms] GC(25835)   Post Evacuate Collection Set: 3.6ms
[2023-11-10T12:09:35.243-0800][77778875ms] GC(25835)   Other: 0.3ms
[2023-11-10T12:09:35.243-0800][77778875ms] GC(25835) Eden regions: 153->0(153)
[2023-11-10T12:09:35.243-0800][77778875ms] GC(25835) Survivor regions: 1->1(20)
[2023-11-10T12:09:35.243-0800][77778875ms] GC(25835) Old regions: 1460->1460
[2023-11-10T12:09:35.243-0800][77778875ms] GC(25835) Humongous regions: 5->5
[2023-11-10T12:09:35.243-0800][77778875ms] GC(25835) Metaspace: 305043K->305043K(1349632K)
[2023-11-10T12:09:35.243-0800][77778875ms] GC(25835) Pause Young (Normal) (G1 Evacuation Pause) 3235M->2929M(3602M) 5.664ms
[2023-11-10T12:09:35.243-0800][77778875ms] GC(25835) User=0.00s Sys=0.00s Real=0.01s
[2023-11-10T12:09:35.582-0800][77779214ms] GC(25836) Pause Young (Normal) (G1 Evacuation Pause)
[2023-11-10T12:09:35.582-0800][77779214ms] GC(25836) Using 10 workers of 10 for evacuation
[2023-11-10T12:09:35.589-0800][77779221ms] GC(25836)   Pre Evacuate Collection Set: 0.0ms
[2023-11-10T12:09:35.589-0800][77779221ms] GC(25836)   Evacuate Collection Set: 1.8ms
[2023-11-10T12:09:35.589-0800][77779221ms] GC(25836)   Post Evacuate Collection Set: 4.8ms
[2023-11-10T12:09:35.589-0800][77779221ms] GC(25836)   Other: 0.4ms
[2023-11-10T12:09:35.589-0800][77779221ms] GC(25836) Eden regions: 153->0(153)
[2023-11-10T12:09:35.589-0800][77779221ms] GC(25836) Survivor regions: 1->1(20)
[2023-11-10T12:09:35.589-0800][77779221ms] GC(25836) Old regions: 1460->1460
[2023-11-10T12:09:35.589-0800][77779221ms] GC(25836) Humongous regions: 5->5
[2023-11-10T12:09:35.589-0800][77779221ms] GC(25836) Metaspace: 305043K->305043K(1349632K)
[2023-11-10T12:09:35.589-0800][77779221ms] GC(25836) Pause Young (Normal) (G1 Evacuation Pause) 3235M->2929M(3602M) 7.210ms
[2023-11-10T12:09:35.589-0800][77779221ms] GC(25836) User=0.00s Sys=0.00s Real=0.01s
[2023-11-10T12:09:35.948-0800][77779580ms] GC(25837) Pause Young (Normal) (G1 Evacuation Pause)
[2023-11-10T12:09:35.948-0800][77779580ms] GC(25837) Using 10 workers of 10 for evacuation
[2023-11-10T12:09:35.953-0800][77779585ms] GC(25837)   Pre Evacuate Collection Set: 0.0ms
[2023-11-10T12:09:35.953-0800][77779585ms] GC(25837)   Evacuate Collection Set: 1.6ms
[2023-11-10T12:09:35.953-0800][77779585ms] GC(25837)   Post Evacuate Collection Set: 3.0ms
[2023-11-10T12:09:35.953-0800][77779585ms] GC(25837)   Other: 0.2ms
[2023-11-10T12:09:35.953-0800][77779585ms] GC(25837) Eden regions: 153->0(153)
[2023-11-10T12:09:35.953-0800][77779585ms] GC(25837) Survivor regions: 1->1(20)
[2023-11-10T12:09:35.953-0800][77779585ms] GC(25837) Old regions: 1460->1460
[2023-11-10T12:09:35.953-0800][77779585ms] GC(25837) Humongous regions: 5->5
[2023-11-10T12:09:35.953-0800][77779585ms] GC(25837) Metaspace: 305043K->305043K(1349632K)
[2023-11-10T12:09:35.953-0800][77779585ms] GC(25837) Pause Young (Normal) (G1 Evacuation Pause) 3235M->2929M(3602M) 4.934ms
[2023-11-10T12:09:35.953-0800][77779585ms] GC(25837) User=0.00s Sys=0.00s Real=0.01s
[2023-11-10T12:09:36.316-0800][77779948ms] GC(25838) Pause Young (Normal) (G1 Evacuation Pause)
[2023-11-10T12:09:36.316-0800][77779948ms] GC(25838) Using 10 workers of 10 for evacuation
[2023-11-10T12:09:36.322-0800][77779954ms] GC(25838)   Pre Evacuate Collection Set: 0.0ms
[2023-11-10T12:09:36.322-0800][77779954ms] GC(25838)   Evacuate Collection Set: 1.7ms
[2023-11-10T12:09:36.322-0800][77779954ms] GC(25838)   Post Evacuate Collection Set: 3.1ms
[2023-11-10T12:09:36.322-0800][77779954ms] GC(25838)   Other: 0.3ms
[2023-11-10T12:09:36.322-0800][77779954ms] GC(25838) Eden regions: 153->0(153)
[2023-11-10T12:09:36.322-0800][77779954ms] GC(25838) Survivor regions: 1->1(20)
[2023-11-10T12:09:36.322-0800][77779954ms] GC(25838) Old regions: 1460->1460
[2023-11-10T12:09:36.322-0800][77779954ms] GC(25838) Humongous regions: 5->5
[2023-11-10T12:09:36.322-0800][77779954ms] GC(25838) Metaspace: 305043K->305043K(1349632K)
[2023-11-10T12:09:36.322-0800][77779954ms] GC(25838) Pause Young (Normal) (G1 Evacuation Pause) 3235M->2929M(3602M) 5.233ms
[2023-11-10T12:09:36.322-0800][77779954ms] GC(25838) User=0.00s Sys=0.00s Real=0.01s
[2023-11-10T12:09:36.680-0800][77780312ms] GC(25839) Pause Young (Normal) (G1 Evacuation Pause)
[2023-11-10T12:09:36.680-0800][77780312ms] GC(25839) Using 10 workers of 10 for evacuation
[2023-11-10T12:09:36.685-0800][77780317ms] GC(25839)   Pre Evacuate Collection Set: 0.0ms
[2023-11-10T12:09:36.685-0800][77780317ms] GC(25839)   Evacuate Collection Set: 1.7ms
[2023-11-10T12:09:36.685-0800][77780317ms] GC(25839)   Post Evacuate Collection Set: 4.1ms
[2023-11-10T12:09:36.685-0800][77780317ms] GC(25839)   Other: 0.3ms
[2023-11-10T12:09:36.685-0800][77780317ms] GC(25839) Eden regions: 153->0(153)
[2023-11-10T12:09:36.685-0800][77780317ms] GC(25839) Survivor regions: 1->1(20)
[2023-11-10T12:09:36.685-0800][77780317ms] GC(25839) Old regions: 1460->1460
[2023-11-10T12:09:36.685-0800][77780317ms] GC(25839) Humongous regions: 5->5
[2023-11-10T12:09:36.685-0800][77780317ms] GC(25839) Metaspace: 305043K->305043K(1349632K)
[2023-11-10T12:09:36.685-0800][77780317ms] GC(25839) Pause Young (Normal) (G1 Evacuation Pause) 3235M->2929M(3602M) 6.161ms
[2023-11-10T12:09:36.685-0800][77780317ms] GC(25839) User=0.00s Sys=0.00s Real=0.00s
[2023-11-10T12:09:37.091-0800][77780724ms] GC(25840) Pause Young (Normal) (G1 Evacuation Pause)
[2023-11-10T12:09:37.092-0800][77780724ms] GC(25840) Using 10 workers of 10 for evacuation
[2023-11-10T12:09:37.096-0800][77780728ms] GC(25840)   Pre Evacuate Collection Set: 0.0ms
[2023-11-10T12:09:37.096-0800][77780728ms] GC(25840)   Evacuate Collection Set: 1.6ms
[2023-11-10T12:09:37.096-0800][77780728ms] GC(25840)   Post Evacuate Collection Set: 3.1ms
[2023-11-10T12:09:37.096-0800][77780728ms] GC(25840)   Other: 0.3ms
[2023-11-10T12:09:37.096-0800][77780728ms] GC(25840) Eden regions: 153->0(153)
[2023-11-10T12:09:37.096-0800][77780728ms] GC(25840) Survivor regions: 1->1(20)
[2023-11-10T12:09:37.096-0800][77780728ms] GC(25840) Old regions: 1460->1460
[2023-11-10T12:09:37.096-0800][77780728ms] GC(25840) Humongous regions: 5->5
[2023-11-10T12:09:37.096-0800][77780728ms] GC(25840) Metaspace: 305043K->305043K(1349632K)
[2023-11-10T12:09:37.097-0800][77780729ms] GC(25840) Pause Young (Normal) (G1 Evacuation Pause) 3235M->2929M(3602M) 5.038ms
[2023-11-10T12:09:37.097-0800][77780729ms] GC(25840) User=0.00s Sys=0.00s Real=0.01s
[2023-11-10T12:09:37.437-0800][77781069ms] GC(25841) Pause Young (Normal) (G1 Evacuation Pause)
[2023-11-10T12:09:37.437-0800][77781069ms] GC(25841) Using 10 workers of 10 for evacuation
[2023-11-10T12:09:37.441-0800][77781073ms] GC(25841)   Pre Evacuate Collection Set: 0.0ms
[2023-11-10T12:09:37.441-0800][77781073ms] GC(25841)   Evacuate Collection Set: 1.6ms
[2023-11-10T12:09:37.441-0800][77781073ms] GC(25841)   Post Evacuate Collection Set: 3.0ms
[2023-11-10T12:09:37.441-0800][77781073ms] GC(25841)   Other: 0.3ms
[2023-11-10T12:09:37.441-0800][77781073ms] GC(25841) Eden regions: 153->0(153)
[2023-11-10T12:09:37.441-0800][77781073ms] GC(25841) Survivor regions: 1->1(20)
[2023-11-10T12:09:37.441-0800][77781073ms] GC(25841) Old regions: 1460->1460
[2023-11-10T12:09:37.441-0800][77781073ms] GC(25841) Humongous regions: 5->5
[2023-11-10T12:09:37.441-0800][77781073ms] GC(25841) Metaspace: 305043K->305043K(1349632K)
[2023-11-10T12:09:37.441-0800][77781073ms] GC(25841) Pause Young (Normal) (G1 Evacuation Pause) 3235M->2929M(3602M) 4.958ms
[2023-11-10T12:09:37.442-0800][77781074ms] GC(25841) User=0.00s Sys=0.00s Real=0.00s
[2023-11-10T12:09:37.800-0800][77781432ms] GC(25842) Pause Young (Normal) (G1 Evacuation Pause)
[2023-11-10T12:09:37.800-0800][77781432ms] GC(25842) Using 10 workers of 10 for evacuation
[2023-11-10T12:09:37.804-0800][77781436ms] GC(25842)   Pre Evacuate Collection Set: 0.0ms
[2023-11-10T12:09:37.804-0800][77781436ms] GC(25842)   Evacuate Collection Set: 1.7ms
[2023-11-10T12:09:37.804-0800][77781436ms] GC(25842)   Post Evacuate Collection Set: 3.1ms
[2023-11-10T12:09:37.804-0800][77781436ms] GC(25842)   Other: 0.3ms
[2023-11-10T12:09:37.804-0800][77781436ms] GC(25842) Eden regions: 153->0(153)
[2023-11-10T12:09:37.804-0800][77781436ms] GC(25842) Survivor regions: 1->1(20)
[2023-11-10T12:09:37.804-0800][77781436ms] GC(25842) Old regions: 1460->1460
[2023-11-10T12:09:37.804-0800][77781436ms] GC(25842) Humongous regions: 5->5
[2023-11-10T12:09:37.804-0800][77781436ms] GC(25842) Metaspace: 305043K->305043K(1349632K)
[2023-11-10T12:09:37.804-0800][77781436ms] GC(25842) Pause Young (Normal) (G1 Evacuation Pause) 3235M->2929M(3602M) 5.219ms
[2023-11-10T12:09:37.804-0800][77781436ms] GC(25842) User=0.00s Sys=0.00s Real=0.00s
[2023-11-10T12:09:38.150-0800][77781782ms] GC(25843) Pause Young (Normal) (G1 Evacuation Pause)
[2023-11-10T12:09:38.150-0800][77781782ms] GC(25843) Using 10 workers of 10 for evacuation
[2023-11-10T12:09:38.155-0800][77781787ms] GC(25843)   Pre Evacuate Collection Set: 0.0ms
[2023-11-10T12:09:38.155-0800][77781787ms] GC(25843)   Evacuate Collection Set: 1.6ms
[2023-11-10T12:09:38.155-0800][77781787ms] GC(25843)   Post Evacuate Collection Set: 3.0ms
[2023-11-10T12:09:38.155-0800][77781787ms] GC(25843)   Other: 0.2ms
[2023-11-10T12:09:38.155-0800][77781787ms] GC(25843) Eden regions: 153->0(153)
[2023-11-10T12:09:38.155-0800][77781787ms] GC(25843) Survivor regions: 1->1(20)
[2023-11-10T12:09:38.155-0800][77781787ms] GC(25843) Old regions: 1460->1460
[2023-11-10T12:09:38.155-0800][77781787ms] GC(25843) Humongous regions: 5->5
[2023-11-10T12:09:38.155-0800][77781787ms] GC(25843) Metaspace: 305043K->305043K(1349632K)
[2023-11-10T12:09:38.155-0800][77781787ms] GC(25843) Pause Young (Normal) (G1 Evacuation Pause) 3235M->2929M(3602M) 5.052ms
[2023-11-10T12:09:38.156-0800][77781788ms] GC(25843) User=0.00s Sys=0.00s Real=0.01s
[2023-11-10T12:09:38.516-0800][77782148ms] GC(25844) Pause Young (Normal) (G1 Evacuation Pause)
[2023-11-10T12:09:38.516-0800][77782148ms] GC(25844) Using 10 workers of 10 for evacuation
[2023-11-10T12:09:38.522-0800][77782154ms] GC(25844)   Pre Evacuate Collection Set: 0.0ms
[2023-11-10T12:09:38.522-0800][77782154ms] GC(25844)   Evacuate Collection Set: 1.7ms
[2023-11-10T12:09:38.522-0800][77782154ms] GC(25844)   Post Evacuate Collection Set: 3.0ms
[2023-11-10T12:09:38.522-0800][77782154ms] GC(25844)   Other: 0.2ms
[2023-11-10T12:09:38.522-0800][77782154ms] GC(25844) Eden regions: 153->0(153)
[2023-11-10T12:09:38.522-0800][77782154ms] GC(25844) Survivor regions: 1->1(20)
[2023-11-10T12:09:38.522-0800][77782154ms] GC(25844) Old regions: 1460->1460
[2023-11-10T12:09:38.522-0800][77782154ms] GC(25844) Humongous regions: 5->5
[2023-11-10T12:09:38.522-0800][77782154ms] GC(25844) Metaspace: 305043K->305043K(1349632K)
[2023-11-10T12:09:38.522-0800][77782154ms] GC(25844) Pause Young (Normal) (G1 Evacuation Pause) 3235M->2929M(3602M) 5.100ms
[2023-11-10T12:09:38.522-0800][77782154ms] GC(25844) User=0.00s Sys=0.00s Real=0.01s
[2023-11-10T12:09:38.902-0800][77782534ms] GC(25845) Pause Young (Normal) (G1 Evacuation Pause)
[2023-11-10T12:09:38.902-0800][77782534ms] GC(25845) Using 10 workers of 10 for evacuation
[2023-11-10T12:09:38.907-0800][77782539ms] GC(25845)   Pre Evacuate Collection Set: 0.0ms
[2023-11-10T12:09:38.907-0800][77782539ms] GC(25845)   Evacuate Collection Set: 1.7ms
[2023-11-10T12:09:38.907-0800][77782539ms] GC(25845)   Post Evacuate Collection Set: 3.2ms
[2023-11-10T12:09:38.907-0800][77782539ms] GC(25845)   Other: 0.3ms
[2023-11-10T12:09:38.907-0800][77782539ms] GC(25845) Eden regions: 153->0(153)
[2023-11-10T12:09:38.907-0800][77782539ms] GC(25845) Survivor regions: 1->1(20)
[2023-11-10T12:09:38.907-0800][77782539ms] GC(25845) Old regions: 1460->1460
[2023-11-10T12:09:38.907-0800][77782539ms] GC(25845) Humongous regions: 5->5
[2023-11-10T12:09:38.907-0800][77782539ms] GC(25845) Metaspace: 305043K->305043K(1349632K)
[2023-11-10T12:09:38.907-0800][77782539ms] GC(25845) Pause Young (Normal) (G1 Evacuation Pause) 3235M->2929M(3602M) 5.247ms
[2023-11-10T12:09:38.907-0800][77782539ms] GC(25845) User=0.00s Sys=0.00s Real=0.01s
[2023-11-10T12:09:39.295-0800][77782927ms] GC(25846) Pause Young (Normal) (G1 Evacuation Pause)
[2023-11-10T12:09:39.295-0800][77782927ms] GC(25846) Using 10 workers of 10 for evacuation
[2023-11-10T12:09:39.301-0800][77782933ms] GC(25846)   Pre Evacuate Collection Set: 0.1ms
[2023-11-10T12:09:39.301-0800][77782933ms] GC(25846)   Evacuate Collection Set: 1.8ms
[2023-11-10T12:09:39.301-0800][77782933ms] GC(25846)   Post Evacuate Collection Set: 3.3ms
[2023-11-10T12:09:39.301-0800][77782933ms] GC(25846)   Other: 0.3ms
[2023-11-10T12:09:39.301-0800][77782933ms] GC(25846) Eden regions: 153->0(153)
[2023-11-10T12:09:39.301-0800][77782933ms] GC(25846) Survivor regions: 1->1(20)
[2023-11-10T12:09:39.301-0800][77782933ms] GC(25846) Old regions: 1460->1460
[2023-11-10T12:09:39.301-0800][77782933ms] GC(25846) Humongous regions: 5->5
[2023-11-10T12:09:39.301-0800][77782933ms] GC(25846) Metaspace: 305043K->305043K(1349632K)
[2023-11-10T12:09:39.301-0800][77782933ms] GC(25846) Pause Young (Normal) (G1 Evacuation Pause) 3235M->2929M(3602M) 5.465ms
[2023-11-10T12:09:39.301-0800][77782933ms] GC(25846) User=0.00s Sys=0.00s Real=0.01s
[2023-11-10T12:09:39.670-0800][77783302ms] GC(25847) Pause Young (Normal) (G1 Evacuation Pause)
[2023-11-10T12:09:39.670-0800][77783302ms] GC(25847) Using 10 workers of 10 for evacuation
[2023-11-10T12:09:39.676-0800][77783308ms] GC(25847)   Pre Evacuate Collection Set: 0.0ms
[2023-11-10T12:09:39.676-0800][77783308ms] GC(25847)   Evacuate Collection Set: 1.7ms
[2023-11-10T12:09:39.676-0800][77783308ms] GC(25847)   Post Evacuate Collection Set: 3.1ms
[2023-11-10T12:09:39.676-0800][77783308ms] GC(25847)   Other: 0.3ms
[2023-11-10T12:09:39.676-0800][77783308ms] GC(25847) Eden regions: 153->0(153)
[2023-11-10T12:09:39.676-0800][77783308ms] GC(25847) Survivor regions: 1->1(20)
[2023-11-10T12:09:39.676-0800][77783308ms] GC(25847) Old regions: 1460->1460
[2023-11-10T12:09:39.676-0800][77783308ms] GC(25847) Humongous regions: 5->5
[2023-11-10T12:09:39.676-0800][77783308ms] GC(25847) Metaspace: 305043K->305043K(1349632K)
[2023-11-10T12:09:39.676-0800][77783308ms] GC(25847) Pause Young (Normal) (G1 Evacuation Pause) 3235M->2929M(3602M) 5.261ms
[2023-11-10T12:09:39.676-0800][77783308ms] GC(25847) User=0.00s Sys=0.00s Real=0.01s
[2023-11-10T12:09:40.106-0800][77783738ms] GC(25848) Pause Young (Normal) (G1 Evacuation Pause)
[2023-11-10T12:09:40.106-0800][77783738ms] GC(25848) Using 10 workers of 10 for evacuation
[2023-11-10T12:09:40.112-0800][77783744ms] GC(25848)   Pre Evacuate Collection Set: 0.0ms
[2023-11-10T12:09:40.112-0800][77783744ms] GC(25848)   Evacuate Collection Set: 1.9ms
[2023-11-10T12:09:40.112-0800][77783744ms] GC(25848)   Post Evacuate Collection Set: 3.4ms
[2023-11-10T12:09:40.112-0800][77783744ms] GC(25848)   Other: 0.3ms
[2023-11-10T12:09:40.112-0800][77783744ms] GC(25848) Eden regions: 153->0(153)
[2023-11-10T12:09:40.112-0800][77783744ms] GC(25848) Survivor regions: 1->1(20)
[2023-11-10T12:09:40.112-0800][77783744ms] GC(25848) Old regions: 1460->1460
[2023-11-10T12:09:40.112-0800][77783744ms] GC(25848) Humongous regions: 5->5
[2023-11-10T12:09:40.112-0800][77783744ms] GC(25848) Metaspace: 305043K->305043K(1349632K)
[2023-11-10T12:09:40.112-0800][77783744ms] GC(25848) Pause Young (Normal) (G1 Evacuation Pause) 3235M->2929M(3602M) 5.737ms
[2023-11-10T12:09:40.112-0800][77783744ms] GC(25848) User=0.00s Sys=0.00s Real=0.01s
[2023-11-10T12:09:40.501-0800][77784133ms] GC(25849) Pause Young (Normal) (G1 Evacuation Pause)
[2023-11-10T12:09:40.501-0800][77784133ms] GC(25849) Using 10 workers of 10 for evacuation
[2023-11-10T12:09:40.506-0800][77784138ms] GC(25849)   Pre Evacuate Collection Set: 0.0ms
[2023-11-10T12:09:40.506-0800][77784138ms] GC(25849)   Evacuate Collection Set: 1.7ms
[2023-11-10T12:09:40.506-0800][77784138ms] GC(25849)   Post Evacuate Collection Set: 3.0ms
[2023-11-10T12:09:40.506-0800][77784138ms] GC(25849)   Other: 0.2ms
[2023-11-10T12:09:40.506-0800][77784138ms] GC(25849) Eden regions: 153->0(153)
[2023-11-10T12:09:40.506-0800][77784138ms] GC(25849) Survivor regions: 1->1(20)
[2023-11-10T12:09:40.506-0800][77784138ms] GC(25849) Old regions: 1460->1460
[2023-11-10T12:09:40.506-0800][77784138ms] GC(25849) Humongous regions: 5->5
[2023-11-10T12:09:40.506-0800][77784138ms] GC(25849) Metaspace: 305043K->305043K(1349632K)
[2023-11-10T12:09:40.506-0800][77784138ms] GC(25849) Pause Young (Normal) (G1 Evacuation Pause) 3235M->2929M(3602M) 5.042ms
[2023-11-10T12:09:40.506-0800][77784138ms] GC(25849) User=0.00s Sys=0.00s Real=0.01s
[2023-11-10T12:09:40.858-0800][77784490ms] GC(25850) Pause Young (Normal) (G1 Evacuation Pause)
[2023-11-10T12:09:40.858-0800][77784490ms] GC(25850) Using 10 workers of 10 for evacuation
[2023-11-10T12:09:40.862-0800][77784494ms] GC(25850)   Pre Evacuate Collection Set: 0.0ms
[2023-11-10T12:09:40.862-0800][77784494ms] GC(25850)   Evacuate Collection Set: 1.7ms
[2023-11-10T12:09:40.862-0800][77784494ms] GC(25850)   Post Evacuate Collection Set: 3.0ms
[2023-11-10T12:09:40.862-0800][77784494ms] GC(25850)   Other: 0.2ms
[2023-11-10T12:09:40.862-0800][77784494ms] GC(25850) Eden regions: 153->0(153)
[2023-11-10T12:09:40.862-0800][77784494ms] GC(25850) Survivor regions: 1->1(20)
[2023-11-10T12:09:40.862-0800][77784494ms] GC(25850) Old regions: 1460->1460
[2023-11-10T12:09:40.862-0800][77784494ms] GC(25850) Humongous regions: 5->5
[2023-11-10T12:09:40.862-0800][77784494ms] GC(25850) Metaspace: 305043K->305043K(1349632K)
[2023-11-10T12:09:40.862-0800][77784494ms] GC(25850) Pause Young (Normal) (G1 Evacuation Pause) 3235M->2929M(3602M) 5.009ms
[2023-11-10T12:09:40.862-0800][77784494ms] GC(25850) User=0.00s Sys=0.00s Real=0.00s
[2023-11-10T12:09:41.239-0800][77784871ms] GC(25851) Pause Young (Normal) (G1 Evacuation Pause)
[2023-11-10T12:09:41.239-0800][77784871ms] GC(25851) Using 10 workers of 10 for evacuation
[2023-11-10T12:09:41.244-0800][77784876ms] GC(25851)   Pre Evacuate Collection Set: 0.0ms
[2023-11-10T12:09:41.244-0800][77784876ms] GC(25851)   Evacuate Collection Set: 1.6ms
[2023-11-10T12:09:41.244-0800][77784876ms] GC(25851)   Post Evacuate Collection Set: 3.5ms
[2023-11-10T12:09:41.244-0800][77784876ms] GC(25851)   Other: 0.3ms
[2023-11-10T12:09:41.244-0800][77784876ms] GC(25851) Eden regions: 153->0(153)
[2023-11-10T12:09:41.244-0800][77784876ms] GC(25851) Survivor regions: 1->1(20)
[2023-11-10T12:09:41.244-0800][77784876ms] GC(25851) Old regions: 1460->1460
[2023-11-10T12:09:41.244-0800][77784876ms] GC(25851) Humongous regions: 5->5
[2023-11-10T12:09:41.244-0800][77784876ms] GC(25851) Metaspace: 305043K->305043K(1349632K)
[2023-11-10T12:09:41.244-0800][77784876ms] GC(25851) Pause Young (Normal) (G1 Evacuation Pause) 3235M->2929M(3602M) 5.632ms
[2023-11-10T12:09:41.244-0800][77784876ms] GC(25851) User=0.02s Sys=0.00s Real=0.00s
[2023-11-10T12:09:41.571-0800][77785203ms] GC(25852) Pause Young (Normal) (G1 Evacuation Pause)
[2023-11-10T12:09:41.571-0800][77785203ms] GC(25852) Using 10 workers of 10 for evacuation
[2023-11-10T12:09:41.577-0800][77785209ms] GC(25852)   Pre Evacuate Collection Set: 0.1ms
[2023-11-10T12:09:41.577-0800][77785209ms] GC(25852)   Evacuate Collection Set: 1.7ms
[2023-11-10T12:09:41.577-0800][77785209ms] GC(25852)   Post Evacuate Collection Set: 2.8ms
[2023-11-10T12:09:41.577-0800][77785209ms] GC(25852)   Other: 0.3ms
[2023-11-10T12:09:41.577-0800][77785209ms] GC(25852) Eden regions: 153->0(153)
[2023-11-10T12:09:41.577-0800][77785209ms] GC(25852) Survivor regions: 1->1(20)
[2023-11-10T12:09:41.577-0800][77785209ms] GC(25852) Old regions: 1460->1460
[2023-11-10T12:09:41.577-0800][77785209ms] GC(25852) Humongous regions: 5->5
[2023-11-10T12:09:41.577-0800][77785209ms] GC(25852) Metaspace: 305043K->305043K(1349632K)
[2023-11-10T12:09:41.577-0800][77785209ms] GC(25852) Pause Young (Normal) (G1 Evacuation Pause) 3235M->2929M(3602M) 4.930ms
[2023-11-10T12:09:41.577-0800][77785209ms] GC(25852) User=0.00s Sys=0.00s Real=0.01s
[2023-11-10T12:09:41.927-0800][77785559ms] GC(25853) Pause Young (Normal) (G1 Evacuation Pause)
[2023-11-10T12:09:41.927-0800][77785559ms] GC(25853) Using 10 workers of 10 for evacuation
[2023-11-10T12:09:41.932-0800][77785564ms] GC(25853)   Pre Evacuate Collection Set: 0.1ms
[2023-11-10T12:09:41.932-0800][77785564ms] GC(25853)   Evacuate Collection Set: 1.6ms
[2023-11-10T12:09:41.932-0800][77785564ms] GC(25853)   Post Evacuate Collection Set: 3.1ms
[2023-11-10T12:09:41.932-0800][77785564ms] GC(25853)   Other: 0.3ms
[2023-11-10T12:09:41.932-0800][77785564ms] GC(25853) Eden regions: 153->0(153)
[2023-11-10T12:09:41.932-0800][77785564ms] GC(25853) Survivor regions: 1->1(20)
[2023-11-10T12:09:41.932-0800][77785564ms] GC(25853) Old regions: 1460->1460
[2023-11-10T12:09:41.932-0800][77785564ms] GC(25853) Humongous regions: 5->5
[2023-11-10T12:09:41.932-0800][77785564ms] GC(25853) Metaspace: 305043K->305043K(1349632K)
[2023-11-10T12:09:41.932-0800][77785564ms] GC(25853) Pause Young (Normal) (G1 Evacuation Pause) 3235M->2929M(3602M) 5.165ms
[2023-11-10T12:09:41.932-0800][77785564ms] GC(25853) User=0.02s Sys=0.00s Real=0.00s
[2023-11-10T12:09:42.299-0800][77785931ms] GC(25854) Pause Young (Normal) (G1 Evacuation Pause)
[2023-11-10T12:09:42.299-0800][77785931ms] GC(25854) Using 10 workers of 10 for evacuation
[2023-11-10T12:09:42.304-0800][77785936ms] GC(25854)   Pre Evacuate Collection Set: 0.0ms
[2023-11-10T12:09:42.304-0800][77785936ms] GC(25854)   Evacuate Collection Set: 1.7ms
[2023-11-10T12:09:42.304-0800][77785936ms] GC(25854)   Post Evacuate Collection Set: 3.4ms
[2023-11-10T12:09:42.304-0800][77785936ms] GC(25854)   Other: 0.3ms
[2023-11-10T12:09:42.304-0800][77785936ms] GC(25854) Eden regions: 153->0(153)
[2023-11-10T12:09:42.304-0800][77785936ms] GC(25854) Survivor regions: 1->1(20)
[2023-11-10T12:09:42.304-0800][77785936ms] GC(25854) Old regions: 1460->1460
[2023-11-10T12:09:42.304-0800][77785936ms] GC(25854) Humongous regions: 5->5
[2023-11-10T12:09:42.304-0800][77785936ms] GC(25854) Metaspace: 305043K->305043K(1349632K)
[2023-11-10T12:09:42.304-0800][77785936ms] GC(25854) Pause Young (Normal) (G1 Evacuation Pause) 3235M->2930M(3602M) 5.609ms
[2023-11-10T12:09:42.304-0800][77785936ms] GC(25854) User=0.00s Sys=0.00s Real=0.00s
[2023-11-10T12:09:42.679-0800][77786311ms] GC(25855) Pause Young (Normal) (G1 Evacuation Pause)
[2023-11-10T12:09:42.679-0800][77786312ms] GC(25855) Using 10 workers of 10 for evacuation
[2023-11-10T12:09:42.685-0800][77786317ms] GC(25855)   Pre Evacuate Collection Set: 0.0ms
[2023-11-10T12:09:42.685-0800][77786317ms] GC(25855)   Evacuate Collection Set: 1.7ms
[2023-11-10T12:09:42.685-0800][77786317ms] GC(25855)   Post Evacuate Collection Set: 3.1ms
[2023-11-10T12:09:42.685-0800][77786317ms] GC(25855)   Other: 0.2ms
[2023-11-10T12:09:42.685-0800][77786317ms] GC(25855) Eden regions: 153->0(153)
[2023-11-10T12:09:42.685-0800][77786317ms] GC(25855) Survivor regions: 1->1(20)
[2023-11-10T12:09:42.685-0800][77786317ms] GC(25855) Old regions: 1460->1460
[2023-11-10T12:09:42.685-0800][77786317ms] GC(25855) Humongous regions: 5->5
[2023-11-10T12:09:42.685-0800][77786317ms] GC(25855) Metaspace: 305043K->305043K(1349632K)
[2023-11-10T12:09:42.685-0800][77786317ms] GC(25855) Pause Young (Normal) (G1 Evacuation Pause) 3236M->2930M(3602M) 5.134ms
[2023-11-10T12:09:42.685-0800][77786317ms] GC(25855) User=0.00s Sys=0.00s Real=0.01s
[2023-11-10T12:09:43.044-0800][77786676ms] GC(25856) Pause Young (Normal) (G1 Evacuation Pause)
[2023-11-10T12:09:43.046-0800][77786678ms] GC(25856) Using 10 workers of 10 for evacuation
[2023-11-10T12:09:43.050-0800][77786682ms] GC(25856)   Pre Evacuate Collection Set: 0.1ms
[2023-11-10T12:09:43.050-0800][77786682ms] GC(25856)   Evacuate Collection Set: 1.7ms
[2023-11-10T12:09:43.050-0800][77786682ms] GC(25856)   Post Evacuate Collection Set: 3.2ms
[2023-11-10T12:09:43.050-0800][77786682ms] GC(25856)   Other: 0.3ms
[2023-11-10T12:09:43.050-0800][77786682ms] GC(25856) Eden regions: 153->0(153)
[2023-11-10T12:09:43.050-0800][77786682ms] GC(25856) Survivor regions: 1->1(20)
[2023-11-10T12:09:43.050-0800][77786682ms] GC(25856) Old regions: 1460->1460
[2023-11-10T12:09:43.050-0800][77786682ms] GC(25856) Humongous regions: 5->5
[2023-11-10T12:09:43.050-0800][77786682ms] GC(25856) Metaspace: 305043K->305043K(1349632K)
[2023-11-10T12:09:43.050-0800][77786682ms] GC(25856) Pause Young (Normal) (G1 Evacuation Pause) 3236M->2930M(3602M) 5.279ms
[2023-11-10T12:09:43.050-0800][77786682ms] GC(25856) User=0.00s Sys=0.00s Real=0.01s
[2023-11-10T12:09:43.387-0800][77787019ms] GC(25857) Pause Young (Normal) (G1 Evacuation Pause)
[2023-11-10T12:09:43.387-0800][77787019ms] GC(25857) Using 10 workers of 10 for evacuation
[2023-11-10T12:09:43.393-0800][77787025ms] GC(25857)   Pre Evacuate Collection Set: 0.1ms
[2023-11-10T12:09:43.393-0800][77787025ms] GC(25857)   Evacuate Collection Set: 2.3ms
[2023-11-10T12:09:43.393-0800][77787025ms] GC(25857)   Post Evacuate Collection Set: 4.0ms
[2023-11-10T12:09:43.393-0800][77787025ms] GC(25857)   Other: 0.4ms
[2023-11-10T12:09:43.393-0800][77787025ms] GC(25857) Eden regions: 153->0(153)
[2023-11-10T12:09:43.393-0800][77787025ms] GC(25857) Survivor regions: 1->1(20)
[2023-11-10T12:09:43.393-0800][77787025ms] GC(25857) Old regions: 1460->1460
[2023-11-10T12:09:43.393-0800][77787025ms] GC(25857) Humongous regions: 5->5
[2023-11-10T12:09:43.393-0800][77787025ms] GC(25857) Metaspace: 305043K->305043K(1349632K)
[2023-11-10T12:09:43.393-0800][77787025ms] GC(25857) Pause Young (Normal) (G1 Evacuation Pause) 3236M->2930M(3602M) 6.875ms
[2023-11-10T12:09:43.394-0800][77787026ms] GC(25857) User=0.00s Sys=0.00s Real=0.01s
[2023-11-10T12:09:43.759-0800][77787391ms] GC(25858) Pause Young (Normal) (G1 Evacuation Pause)
[2023-11-10T12:09:43.759-0800][77787391ms] GC(25858) Using 10 workers of 10 for evacuation
[2023-11-10T12:09:43.765-0800][77787397ms] GC(25858)   Pre Evacuate Collection Set: 0.0ms
[2023-11-10T12:09:43.765-0800][77787397ms] GC(25858)   Evacuate Collection Set: 1.8ms
[2023-11-10T12:09:43.765-0800][77787397ms] GC(25858)   Post Evacuate Collection Set: 3.2ms
[2023-11-10T12:09:43.765-0800][77787397ms] GC(25858)   Other: 0.2ms
[2023-11-10T12:09:43.765-0800][77787397ms] GC(25858) Eden regions: 153->0(153)
[2023-11-10T12:09:43.765-0800][77787397ms] GC(25858) Survivor regions: 1->1(20)
[2023-11-10T12:09:43.765-0800][77787397ms] GC(25858) Old regions: 1460->1460
[2023-11-10T12:09:43.765-0800][77787397ms] GC(25858) Humongous regions: 5->5
[2023-11-10T12:09:43.765-0800][77787397ms] GC(25858) Metaspace: 305043K->305043K(1349632K)
[2023-11-10T12:09:43.765-0800][77787397ms] GC(25858) Pause Young (Normal) (G1 Evacuation Pause) 3236M->2930M(3602M) 5.474ms
[2023-11-10T12:09:43.765-0800][77787397ms] GC(25858) User=0.00s Sys=0.00s Real=0.01s
[2023-11-10T12:09:44.074-0800][77787706ms] GC(25859) Pause Young (Normal) (G1 Evacuation Pause)
[2023-11-10T12:09:44.074-0800][77787706ms] GC(25859) Using 10 workers of 10 for evacuation
[2023-11-10T12:09:44.080-0800][77787712ms] GC(25859)   Pre Evacuate Collection Set: 0.0ms
[2023-11-10T12:09:44.080-0800][77787712ms] GC(25859)   Evacuate Collection Set: 2.1ms
[2023-11-10T12:09:44.080-0800][77787712ms] GC(25859)   Post Evacuate Collection Set: 3.7ms
[2023-11-10T12:09:44.080-0800][77787712ms] GC(25859)   Other: 0.3ms
[2023-11-10T12:09:44.080-0800][77787712ms] GC(25859) Eden regions: 153->0(152)
[2023-11-10T12:09:44.080-0800][77787712ms] GC(25859) Survivor regions: 1->1(20)
[2023-11-10T12:09:44.080-0800][77787712ms] GC(25859) Old regions: 1460->1460
[2023-11-10T12:09:44.080-0800][77787712ms] GC(25859) Humongous regions: 5->5
[2023-11-10T12:09:44.080-0800][77787712ms] GC(25859) Metaspace: 305043K->305043K(1349632K)
[2023-11-10T12:09:44.080-0800][77787712ms] GC(25859) Pause Young (Normal) (G1 Evacuation Pause) 3236M->2931M(3602M) 6.283ms
[2023-11-10T12:09:44.080-0800][77787712ms] GC(25859) User=0.00s Sys=0.00s Real=0.01s
[2023-11-10T12:09:44.439-0800][77788071ms] GC(25860) Pause Young (Normal) (G1 Evacuation Pause)
[2023-11-10T12:09:44.439-0800][77788071ms] GC(25860) Using 10 workers of 10 for evacuation
[2023-11-10T12:09:44.445-0800][77788077ms] GC(25860)   Pre Evacuate Collection Set: 0.1ms
[2023-11-10T12:09:44.445-0800][77788077ms] GC(25860)   Evacuate Collection Set: 1.7ms
[2023-11-10T12:09:44.445-0800][77788077ms] GC(25860)   Post Evacuate Collection Set: 3.4ms
[2023-11-10T12:09:44.445-0800][77788077ms] GC(25860)   Other: 0.4ms
[2023-11-10T12:09:44.445-0800][77788077ms] GC(25860) Eden regions: 152->0(152)
[2023-11-10T12:09:44.445-0800][77788077ms] GC(25860) Survivor regions: 1->1(20)
[2023-11-10T12:09:44.445-0800][77788077ms] GC(25860) Old regions: 1460->1460
[2023-11-10T12:09:44.445-0800][77788077ms] GC(25860) Humongous regions: 5->5
[2023-11-10T12:09:44.445-0800][77788077ms] GC(25860) Metaspace: 305043K->305043K(1349632K)
[2023-11-10T12:09:44.445-0800][77788077ms] GC(25860) Pause Young (Normal) (G1 Evacuation Pause) 3235M->2930M(3602M) 5.639ms
[2023-11-10T12:09:44.445-0800][77788077ms] GC(25860) User=0.00s Sys=0.00s Real=0.01s
[2023-11-10T12:09:44.795-0800][77788427ms] GC(25861) Pause Young (Normal) (G1 Evacuation Pause)
[2023-11-10T12:09:44.795-0800][77788427ms] GC(25861) Using 10 workers of 10 for evacuation
[2023-11-10T12:09:44.801-0800][77788433ms] GC(25861)   Pre Evacuate Collection Set: 0.1ms
[2023-11-10T12:09:44.801-0800][77788433ms] GC(25861)   Evacuate Collection Set: 1.7ms
[2023-11-10T12:09:44.801-0800][77788433ms] GC(25861)   Post Evacuate Collection Set: 3.2ms
[2023-11-10T12:09:44.801-0800][77788433ms] GC(25861)   Other: 0.3ms
[2023-11-10T12:09:44.801-0800][77788433ms] GC(25861) Eden regions: 152->0(152)
[2023-11-10T12:09:44.801-0800][77788433ms] GC(25861) Survivor regions: 1->1(20)
[2023-11-10T12:09:44.801-0800][77788433ms] GC(25861) Old regions: 1460->1460
[2023-11-10T12:09:44.801-0800][77788433ms] GC(25861) Humongous regions: 5->5
[2023-11-10T12:09:44.801-0800][77788433ms] GC(25861) Metaspace: 305043K->305043K(1349632K)
[2023-11-10T12:09:44.801-0800][77788433ms] GC(25861) Pause Young (Normal) (G1 Evacuation Pause) 3234M->2930M(3602M) 5.457ms
[2023-11-10T12:09:44.801-0800][77788433ms] GC(25861) User=0.00s Sys=0.00s Real=0.01s
[2023-11-10T12:09:45.209-0800][77788841ms] GC(25862) Pause Young (Normal) (G1 Evacuation Pause)
[2023-11-10T12:09:45.209-0800][77788841ms] GC(25862) Using 10 workers of 10 for evacuation
[2023-11-10T12:09:45.215-0800][77788847ms] GC(25862)   Pre Evacuate Collection Set: 0.0ms
[2023-11-10T12:09:45.215-0800][77788847ms] GC(25862)   Evacuate Collection Set: 1.6ms
[2023-11-10T12:09:45.215-0800][77788847ms] GC(25862)   Post Evacuate Collection Set: 3.0ms
[2023-11-10T12:09:45.215-0800][77788847ms] GC(25862)   Other: 0.3ms
[2023-11-10T12:09:45.215-0800][77788847ms] GC(25862) Eden regions: 152->0(152)
[2023-11-10T12:09:45.215-0800][77788847ms] GC(25862) Survivor regions: 1->1(20)
[2023-11-10T12:09:45.215-0800][77788847ms] GC(25862) Old regions: 1460->1460
[2023-11-10T12:09:45.215-0800][77788847ms] GC(25862) Humongous regions: 5->5
[2023-11-10T12:09:45.215-0800][77788847ms] GC(25862) Metaspace: 305043K->305043K(1349632K)
[2023-11-10T12:09:45.215-0800][77788847ms] GC(25862) Pause Young (Normal) (G1 Evacuation Pause) 3234M->2930M(3602M) 5.008ms
[2023-11-10T12:09:45.215-0800][77788847ms] GC(25862) User=0.09s Sys=0.00s Real=0.01s
[2023-11-10T12:09:45.549-0800][77789181ms] GC(25863) Pause Young (Normal) (G1 Evacuation Pause)
[2023-11-10T12:09:45.549-0800][77789181ms] GC(25863) Using 10 workers of 10 for evacuation
[2023-11-10T12:09:45.555-0800][77789187ms] GC(25863)   Pre Evacuate Collection Set: 0.0ms
[2023-11-10T12:09:45.555-0800][77789187ms] GC(25863)   Evacuate Collection Set: 1.7ms
[2023-11-10T12:09:45.555-0800][77789187ms] GC(25863)   Post Evacuate Collection Set: 3.0ms
[2023-11-10T12:09:45.555-0800][77789187ms] GC(25863)   Other: 0.2ms
[2023-11-10T12:09:45.555-0800][77789187ms] GC(25863) Eden regions: 152->0(152)
[2023-11-10T12:09:45.555-0800][77789187ms] GC(25863) Survivor regions: 1->1(20)
[2023-11-10T12:09:45.555-0800][77789187ms] GC(25863) Old regions: 1460->1460
[2023-11-10T12:09:45.555-0800][77789187ms] GC(25863) Humongous regions: 5->5
[2023-11-10T12:09:45.555-0800][77789187ms] GC(25863) Metaspace: 305043K->305043K(1349632K)
[2023-11-10T12:09:45.555-0800][77789187ms] GC(25863) Pause Young (Normal) (G1 Evacuation Pause) 3234M->2930M(3602M) 5.044ms
[2023-11-10T12:09:45.555-0800][77789187ms] GC(25863) User=0.00s Sys=0.00s Real=0.01s
[2023-11-10T12:09:45.914-0800][77789546ms] GC(25864) Pause Young (Normal) (G1 Evacuation Pause)
[2023-11-10T12:09:45.914-0800][77789546ms] GC(25864) Using 10 workers of 10 for evacuation
[2023-11-10T12:09:45.918-0800][77789550ms] GC(25864)   Pre Evacuate Collection Set: 0.0ms
[2023-11-10T12:09:45.918-0800][77789550ms] GC(25864)   Evacuate Collection Set: 1.6ms
[2023-11-10T12:09:45.918-0800][77789550ms] GC(25864)   Post Evacuate Collection Set: 3.1ms
[2023-11-10T12:09:45.918-0800][77789550ms] GC(25864)   Other: 0.2ms
[2023-11-10T12:09:45.918-0800][77789550ms] GC(25864) Eden regions: 152->0(152)
[2023-11-10T12:09:45.918-0800][77789550ms] GC(25864) Survivor regions: 1->1(20)
[2023-11-10T12:09:45.918-0800][77789550ms] GC(25864) Old regions: 1460->1460
[2023-11-10T12:09:45.918-0800][77789550ms] GC(25864) Humongous regions: 5->5
[2023-11-10T12:09:45.918-0800][77789550ms] GC(25864) Metaspace: 305043K->305043K(1349632K)
[2023-11-10T12:09:45.919-0800][77789551ms] GC(25864) Pause Young (Normal) (G1 Evacuation Pause) 3234M->2930M(3602M) 5.076ms
[2023-11-10T12:09:45.919-0800][77789551ms] GC(25864) User=0.00s Sys=0.00s Real=0.00s
[2023-11-10T12:09:46.309-0800][77789941ms] GC(25865) Pause Young (Normal) (G1 Evacuation Pause)
[2023-11-10T12:09:46.309-0800][77789941ms] GC(25865) Using 10 workers of 10 for evacuation
[2023-11-10T12:09:46.316-0800][77789948ms] GC(25865)   Pre Evacuate Collection Set: 0.0ms
[2023-11-10T12:09:46.316-0800][77789948ms] GC(25865)   Evacuate Collection Set: 1.9ms
[2023-11-10T12:09:46.316-0800][77789948ms] GC(25865)   Post Evacuate Collection Set: 5.4ms
[2023-11-10T12:09:46.316-0800][77789948ms] GC(25865)   Other: 0.3ms
[2023-11-10T12:09:46.316-0800][77789948ms] GC(25865) Eden regions: 152->0(152)
[2023-11-10T12:09:46.316-0800][77789948ms] GC(25865) Survivor regions: 1->1(20)
[2023-11-10T12:09:46.316-0800][77789948ms] GC(25865) Old regions: 1460->1460
[2023-11-10T12:09:46.316-0800][77789948ms] GC(25865) Humongous regions: 5->5
[2023-11-10T12:09:46.316-0800][77789948ms] GC(25865) Metaspace: 305043K->305043K(1349632K)
[2023-11-10T12:09:46.316-0800][77789948ms] GC(25865) Pause Young (Normal) (G1 Evacuation Pause) 3234M->2930M(3602M) 7.886ms
[2023-11-10T12:09:46.316-0800][77789948ms] GC(25865) User=0.00s Sys=0.00s Real=0.01s
[2023-11-10T12:09:46.671-0800][77790303ms] GC(25866) Pause Young (Normal) (G1 Evacuation Pause)
[2023-11-10T12:09:46.671-0800][77790303ms] GC(25866) Using 10 workers of 10 for evacuation
[2023-11-10T12:09:46.676-0800][77790308ms] GC(25866)   Pre Evacuate Collection Set: 0.0ms
[2023-11-10T12:09:46.676-0800][77790308ms] GC(25866)   Evacuate Collection Set: 1.7ms
[2023-11-10T12:09:46.676-0800][77790308ms] GC(25866)   Post Evacuate Collection Set: 3.2ms
[2023-11-10T12:09:46.676-0800][77790308ms] GC(25866)   Other: 0.3ms
[2023-11-10T12:09:46.676-0800][77790308ms] GC(25866) Eden regions: 152->0(152)
[2023-11-10T12:09:46.676-0800][77790308ms] GC(25866) Survivor regions: 1->1(20)
[2023-11-10T12:09:46.676-0800][77790308ms] GC(25866) Old regions: 1460->1460
[2023-11-10T12:09:46.676-0800][77790308ms] GC(25866) Humongous regions: 5->5
[2023-11-10T12:09:46.676-0800][77790308ms] GC(25866) Metaspace: 305043K->305043K(1349632K)
[2023-11-10T12:09:46.676-0800][77790308ms] GC(25866) Pause Young (Normal) (G1 Evacuation Pause) 3234M->2930M(3602M) 5.343ms
[2023-11-10T12:09:46.676-0800][77790308ms] GC(25866) User=0.00s Sys=0.00s Real=0.01s
[2023-11-10T12:09:47.094-0800][77790726ms] GC(25867) Pause Young (Normal) (G1 Evacuation Pause)
[2023-11-10T12:09:47.094-0800][77790726ms] GC(25867) Using 10 workers of 10 for evacuation
[2023-11-10T12:09:47.100-0800][77790732ms] GC(25867)   Pre Evacuate Collection Set: 0.1ms
[2023-11-10T12:09:47.100-0800][77790732ms] GC(25867)   Evacuate Collection Set: 2.1ms
[2023-11-10T12:09:47.100-0800][77790732ms] GC(25867)   Post Evacuate Collection Set: 3.5ms
[2023-11-10T12:09:47.100-0800][77790732ms] GC(25867)   Other: 0.3ms
[2023-11-10T12:09:47.101-0800][77790733ms] GC(25867) Eden regions: 152->0(152)
[2023-11-10T12:09:47.101-0800][77790733ms] GC(25867) Survivor regions: 1->1(20)
[2023-11-10T12:09:47.101-0800][77790733ms] GC(25867) Old regions: 1460->1460
[2023-11-10T12:09:47.101-0800][77790733ms] GC(25867) Humongous regions: 5->5
[2023-11-10T12:09:47.101-0800][77790733ms] GC(25867) Metaspace: 305043K->305043K(1349632K)
[2023-11-10T12:09:47.101-0800][77790733ms] GC(25867) Pause Young (Normal) (G1 Evacuation Pause) 3234M->2930M(3602M) 6.136ms
[2023-11-10T12:09:47.101-0800][77790733ms] GC(25867) User=0.00s Sys=0.00s Real=0.01s
[2023-11-10T12:09:47.462-0800][77791094ms] GC(25868) Pause Young (Normal) (G1 Evacuation Pause)
[2023-11-10T12:09:47.462-0800][77791094ms] GC(25868) Using 10 workers of 10 for evacuation
[2023-11-10T12:09:47.466-0800][77791098ms] GC(25868)   Pre Evacuate Collection Set: 0.0ms
[2023-11-10T12:09:47.466-0800][77791098ms] GC(25868)   Evacuate Collection Set: 1.6ms
[2023-11-10T12:09:47.466-0800][77791098ms] GC(25868)   Post Evacuate Collection Set: 2.9ms
[2023-11-10T12:09:47.466-0800][77791098ms] GC(25868)   Other: 0.2ms
[2023-11-10T12:09:47.466-0800][77791098ms] GC(25868) Eden regions: 152->0(152)
[2023-11-10T12:09:47.466-0800][77791098ms] GC(25868) Survivor regions: 1->1(20)
[2023-11-10T12:09:47.466-0800][77791098ms] GC(25868) Old regions: 1460->1460
[2023-11-10T12:09:47.466-0800][77791098ms] GC(25868) Humongous regions: 5->5
[2023-11-10T12:09:47.466-0800][77791098ms] GC(25868) Metaspace: 305043K->305043K(1349632K)
[2023-11-10T12:09:47.466-0800][77791098ms] GC(25868) Pause Young (Normal) (G1 Evacuation Pause) 3234M->2930M(3602M) 4.895ms
[2023-11-10T12:09:47.466-0800][77791098ms] GC(25868) User=0.00s Sys=0.00s Real=0.00s
[2023-11-10T12:09:47.793-0800][77791425ms] GC(25869) Pause Young (Normal) (G1 Evacuation Pause)
[2023-11-10T12:09:47.793-0800][77791425ms] GC(25869) Using 10 workers of 10 for evacuation
[2023-11-10T12:09:47.799-0800][77791431ms] GC(25869)   Pre Evacuate Collection Set: 0.0ms
[2023-11-10T12:09:47.799-0800][77791431ms] GC(25869)   Evacuate Collection Set: 1.6ms
[2023-11-10T12:09:47.799-0800][77791431ms] GC(25869)   Post Evacuate Collection Set: 3.3ms
[2023-11-10T12:09:47.799-0800][77791431ms] GC(25869)   Other: 0.3ms
[2023-11-10T12:09:47.799-0800][77791431ms] GC(25869) Eden regions: 152->0(152)
[2023-11-10T12:09:47.799-0800][77791431ms] GC(25869) Survivor regions: 1->1(20)
[2023-11-10T12:09:47.799-0800][77791431ms] GC(25869) Old regions: 1460->1460
[2023-11-10T12:09:47.799-0800][77791431ms] GC(25869) Humongous regions: 5->5
[2023-11-10T12:09:47.799-0800][77791431ms] GC(25869) Metaspace: 305043K->305043K(1349632K)
[2023-11-10T12:09:47.799-0800][77791431ms] GC(25869) Pause Young (Normal) (G1 Evacuation Pause) 3234M->2930M(3602M) 5.308ms
[2023-11-10T12:09:47.799-0800][77791431ms] GC(25869) User=0.00s Sys=0.00s Real=0.01s
[2023-11-10T12:09:48.182-0800][77791814ms] GC(25870) Pause Young (Normal) (G1 Evacuation Pause)
[2023-11-10T12:09:48.182-0800][77791814ms] GC(25870) Using 10 workers of 10 for evacuation
[2023-11-10T12:09:48.188-0800][77791820ms] GC(25870)   Pre Evacuate Collection Set: 0.0ms
[2023-11-10T12:09:48.188-0800][77791820ms] GC(25870)   Evacuate Collection Set: 2.1ms
[2023-11-10T12:09:48.188-0800][77791820ms] GC(25870)   Post Evacuate Collection Set: 3.4ms
[2023-11-10T12:09:48.188-0800][77791820ms] GC(25870)   Other: 0.3ms
[2023-11-10T12:09:48.188-0800][77791820ms] GC(25870) Eden regions: 152->0(152)
[2023-11-10T12:09:48.188-0800][77791820ms] GC(25870) Survivor regions: 1->1(20)
[2023-11-10T12:09:48.188-0800][77791820ms] GC(25870) Old regions: 1460->1461
[2023-11-10T12:09:48.188-0800][77791820ms] GC(25870) Humongous regions: 5->5
[2023-11-10T12:09:48.188-0800][77791820ms] GC(25870) Metaspace: 305043K->305043K(1349632K)
[2023-11-10T12:09:48.188-0800][77791820ms] GC(25870) Pause Young (Normal) (G1 Evacuation Pause) 3234M->2930M(3602M) 5.925ms
[2023-11-10T12:09:48.188-0800][77791820ms] GC(25870) User=0.00s Sys=0.00s Real=0.01s
[2023-11-10T12:09:48.555-0800][77792187ms] GC(25871) Pause Young (Normal) (G1 Evacuation Pause)
[2023-11-10T12:09:48.555-0800][77792187ms] GC(25871) Using 10 workers of 10 for evacuation
[2023-11-10T12:09:48.559-0800][77792191ms] GC(25871)   Pre Evacuate Collection Set: 0.0ms
[2023-11-10T12:09:48.559-0800][77792191ms] GC(25871)   Evacuate Collection Set: 1.6ms
[2023-11-10T12:09:48.559-0800][77792191ms] GC(25871)   Post Evacuate Collection Set: 3.2ms
[2023-11-10T12:09:48.559-0800][77792191ms] GC(25871)   Other: 0.3ms
[2023-11-10T12:09:48.559-0800][77792191ms] GC(25871) Eden regions: 152->0(152)
[2023-11-10T12:09:48.559-0800][77792191ms] GC(25871) Survivor regions: 1->1(20)
[2023-11-10T12:09:48.559-0800][77792191ms] GC(25871) Old regions: 1461->1461
[2023-11-10T12:09:48.559-0800][77792191ms] GC(25871) Humongous regions: 5->5
[2023-11-10T12:09:48.559-0800][77792191ms] GC(25871) Metaspace: 305043K->305043K(1349632K)
[2023-11-10T12:09:48.559-0800][77792191ms] GC(25871) Pause Young (Normal) (G1 Evacuation Pause) 3234M->2930M(3602M) 5.388ms
[2023-11-10T12:09:48.559-0800][77792191ms] GC(25871) User=0.00s Sys=0.00s Real=0.00s
[2023-11-10T12:09:48.946-0800][77792578ms] GC(25872) Pause Young (Normal) (G1 Evacuation Pause)
[2023-11-10T12:09:48.946-0800][77792578ms] GC(25872) Using 10 workers of 10 for evacuation
[2023-11-10T12:09:48.951-0800][77792583ms] GC(25872)   Pre Evacuate Collection Set: 0.1ms
[2023-11-10T12:09:48.951-0800][77792583ms] GC(25872)   Evacuate Collection Set: 1.7ms
[2023-11-10T12:09:48.951-0800][77792583ms] GC(25872)   Post Evacuate Collection Set: 3.1ms
[2023-11-10T12:09:48.951-0800][77792583ms] GC(25872)   Other: 0.3ms
[2023-11-10T12:09:48.951-0800][77792583ms] GC(25872) Eden regions: 152->0(152)
[2023-11-10T12:09:48.951-0800][77792583ms] GC(25872) Survivor regions: 1->1(20)
[2023-11-10T12:09:48.951-0800][77792583ms] GC(25872) Old regions: 1461->1461
[2023-11-10T12:09:48.951-0800][77792583ms] GC(25872) Humongous regions: 5->5
[2023-11-10T12:09:48.951-0800][77792583ms] GC(25872) Metaspace: 305043K->305043K(1349632K)
[2023-11-10T12:09:48.951-0800][77792583ms] GC(25872) Pause Young (Normal) (G1 Evacuation Pause) 3234M->2930M(3602M) 5.363ms
[2023-11-10T12:09:48.951-0800][77792583ms] GC(25872) User=0.00s Sys=0.00s Real=0.00s
[2023-11-10T12:09:49.330-0800][77792962ms] GC(25873) Pause Young (Normal) (G1 Evacuation Pause)
[2023-11-10T12:09:49.330-0800][77792962ms] GC(25873) Using 10 workers of 10 for evacuation
[2023-11-10T12:09:49.336-0800][77792968ms] GC(25873)   Pre Evacuate Collection Set: 0.0ms
[2023-11-10T12:09:49.336-0800][77792968ms] GC(25873)   Evacuate Collection Set: 2.4ms
[2023-11-10T12:09:49.336-0800][77792968ms] GC(25873)   Post Evacuate Collection Set: 3.5ms
[2023-11-10T12:09:49.336-0800][77792968ms] GC(25873)   Other: 0.3ms
[2023-11-10T12:09:49.336-0800][77792968ms] GC(25873) Eden regions: 152->0(152)
[2023-11-10T12:09:49.336-0800][77792968ms] GC(25873) Survivor regions: 1->1(20)
[2023-11-10T12:09:49.336-0800][77792968ms] GC(25873) Old regions: 1461->1461
[2023-11-10T12:09:49.336-0800][77792968ms] GC(25873) Humongous regions: 5->5
[2023-11-10T12:09:49.336-0800][77792968ms] GC(25873) Metaspace: 305043K->305043K(1349632K)
[2023-11-10T12:09:49.336-0800][77792968ms] GC(25873) Pause Young (Normal) (G1 Evacuation Pause) 3234M->2930M(3602M) 6.335ms
[2023-11-10T12:09:49.337-0800][77792969ms] GC(25873) User=0.00s Sys=0.00s Real=0.01s
[2023-11-10T12:09:49.670-0800][77793302ms] GC(25874) Pause Young (Normal) (G1 Evacuation Pause)
[2023-11-10T12:09:49.670-0800][77793302ms] GC(25874) Using 10 workers of 10 for evacuation
[2023-11-10T12:09:49.676-0800][77793308ms] GC(25874)   Pre Evacuate Collection Set: 0.0ms
[2023-11-10T12:09:49.676-0800][77793308ms] GC(25874)   Evacuate Collection Set: 1.7ms
[2023-11-10T12:09:49.676-0800][77793308ms] GC(25874)   Post Evacuate Collection Set: 3.3ms
[2023-11-10T12:09:49.676-0800][77793308ms] GC(25874)   Other: 0.2ms
[2023-11-10T12:09:49.676-0800][77793308ms] GC(25874) Eden regions: 152->0(152)
[2023-11-10T12:09:49.676-0800][77793308ms] GC(25874) Survivor regions: 1->1(20)
[2023-11-10T12:09:49.676-0800][77793308ms] GC(25874) Old regions: 1461->1461
[2023-11-10T12:09:49.676-0800][77793308ms] GC(25874) Humongous regions: 5->5
[2023-11-10T12:09:49.676-0800][77793308ms] GC(25874) Metaspace: 305043K->305043K(1349632K)
[2023-11-10T12:09:49.676-0800][77793308ms] GC(25874) Pause Young (Normal) (G1 Evacuation Pause) 3234M->2930M(3602M) 5.407ms
[2023-11-10T12:09:49.676-0800][77793308ms] GC(25874) User=0.00s Sys=0.00s Real=0.01s
[2023-11-10T12:09:50.060-0800][77793692ms] GC(25875) Pause Young (Normal) (G1 Evacuation Pause)
[2023-11-10T12:09:50.060-0800][77793692ms] GC(25875) Using 10 workers of 10 for evacuation
[2023-11-10T12:09:50.065-0800][77793697ms] GC(25875)   Pre Evacuate Collection Set: 0.0ms
[2023-11-10T12:09:50.066-0800][77793698ms] GC(25875)   Evacuate Collection Set: 1.6ms
[2023-11-10T12:09:50.066-0800][77793698ms] GC(25875)   Post Evacuate Collection Set: 3.7ms
[2023-11-10T12:09:50.066-0800][77793698ms] GC(25875)   Other: 0.3ms
[2023-11-10T12:09:50.066-0800][77793698ms] GC(25875) Eden regions: 152->0(152)
[2023-11-10T12:09:50.066-0800][77793698ms] GC(25875) Survivor regions: 1->1(20)
[2023-11-10T12:09:50.066-0800][77793698ms] GC(25875) Old regions: 1461->1461
[2023-11-10T12:09:50.066-0800][77793698ms] GC(25875) Humongous regions: 5->5
[2023-11-10T12:09:50.066-0800][77793698ms] GC(25875) Metaspace: 305043K->305043K(1349632K)
[2023-11-10T12:09:50.066-0800][77793698ms] GC(25875) Pause Young (Normal) (G1 Evacuation Pause) 3234M->2930M(3602M) 5.806ms
[2023-11-10T12:09:50.066-0800][77793698ms] GC(25875) User=0.00s Sys=0.00s Real=0.01s
[2023-11-10T12:09:50.368-0800][77794000ms] GC(25876) Pause Young (Normal) (G1 Evacuation Pause)
[2023-11-10T12:09:50.368-0800][77794000ms] GC(25876) Using 10 workers of 10 for evacuation
[2023-11-10T12:09:50.374-0800][77794006ms] GC(25876)   Pre Evacuate Collection Set: 0.0ms
[2023-11-10T12:09:50.374-0800][77794006ms] GC(25876)   Evacuate Collection Set: 1.4ms
[2023-11-10T12:09:50.374-0800][77794006ms] GC(25876)   Post Evacuate Collection Set: 3.2ms
[2023-11-10T12:09:50.374-0800][77794006ms] GC(25876)   Other: 0.2ms
[2023-11-10T12:09:50.374-0800][77794006ms] GC(25876) Eden regions: 152->0(152)
[2023-11-10T12:09:50.374-0800][77794006ms] GC(25876) Survivor regions: 1->1(20)
[2023-11-10T12:09:50.374-0800][77794006ms] GC(25876) Old regions: 1461->1461
[2023-11-10T12:09:50.374-0800][77794006ms] GC(25876) Humongous regions: 5->5
[2023-11-10T12:09:50.374-0800][77794006ms] GC(25876) Metaspace: 305043K->305043K(1349632K)
[2023-11-10T12:09:50.374-0800][77794006ms] GC(25876) Pause Young (Normal) (G1 Evacuation Pause) 3234M->2930M(3602M) 5.010ms
[2023-11-10T12:09:50.374-0800][77794006ms] GC(25876) User=0.00s Sys=0.00s Real=0.01s
[2023-11-10T12:09:50.708-0800][77794340ms] GC(25877) Pause Young (Normal) (G1 Evacuation Pause)
[2023-11-10T12:09:50.708-0800][77794340ms] GC(25877) Using 10 workers of 10 for evacuation
[2023-11-10T12:09:50.713-0800][77794345ms] GC(25877)   Pre Evacuate Collection Set: 0.0ms
[2023-11-10T12:09:50.713-0800][77794345ms] GC(25877)   Evacuate Collection Set: 1.7ms
[2023-11-10T12:09:50.713-0800][77794345ms] GC(25877)   Post Evacuate Collection Set: 3.0ms
[2023-11-10T12:09:50.713-0800][77794345ms] GC(25877)   Other: 0.3ms
[2023-11-10T12:09:50.713-0800][77794345ms] GC(25877) Eden regions: 152->0(152)
[2023-11-10T12:09:50.713-0800][77794345ms] GC(25877) Survivor regions: 1->1(20)
[2023-11-10T12:09:50.713-0800][77794345ms] GC(25877) Old regions: 1461->1461
[2023-11-10T12:09:50.713-0800][77794345ms] GC(25877) Humongous regions: 5->5
[2023-11-10T12:09:50.713-0800][77794345ms] GC(25877) Metaspace: 305043K->305043K(1349632K)
[2023-11-10T12:09:50.713-0800][77794345ms] GC(25877) Pause Young (Normal) (G1 Evacuation Pause) 3234M->2930M(3602M) 5.078ms
[2023-11-10T12:09:50.713-0800][77794345ms] GC(25877) User=0.02s Sys=0.00s Real=0.01s
[2023-11-10T12:09:51.100-0800][77794732ms] GC(25878) Pause Young (Normal) (G1 Evacuation Pause)
[2023-11-10T12:09:51.100-0800][77794732ms] GC(25878) Using 10 workers of 10 for evacuation
[2023-11-10T12:09:51.106-0800][77794738ms] GC(25878)   Pre Evacuate Collection Set: 0.1ms
[2023-11-10T12:09:51.106-0800][77794738ms] GC(25878)   Evacuate Collection Set: 1.6ms
[2023-11-10T12:09:51.106-0800][77794738ms] GC(25878)   Post Evacuate Collection Set: 4.0ms
[2023-11-10T12:09:51.106-0800][77794738ms] GC(25878)   Other: 0.3ms
[2023-11-10T12:09:51.106-0800][77794738ms] GC(25878) Eden regions: 152->0(152)
[2023-11-10T12:09:51.106-0800][77794738ms] GC(25878) Survivor regions: 1->1(20)
[2023-11-10T12:09:51.106-0800][77794738ms] GC(25878) Old regions: 1461->1461
[2023-11-10T12:09:51.106-0800][77794738ms] GC(25878) Humongous regions: 5->5
[2023-11-10T12:09:51.106-0800][77794738ms] GC(25878) Metaspace: 305043K->305043K(1349632K)
[2023-11-10T12:09:51.106-0800][77794738ms] GC(25878) Pause Young (Normal) (G1 Evacuation Pause) 3234M->2930M(3602M) 6.115ms
[2023-11-10T12:09:51.106-0800][77794738ms] GC(25878) User=0.09s Sys=0.00s Real=0.01s
[2023-11-10T12:09:51.374-0800][77795006ms] GC(25879) Pause Young (Normal) (G1 Evacuation Pause)
[2023-11-10T12:09:51.374-0800][77795006ms] GC(25879) Using 10 workers of 10 for evacuation
[2023-11-10T12:09:51.379-0800][77795011ms] GC(25879)   Pre Evacuate Collection Set: 0.0ms
[2023-11-10T12:09:51.379-0800][77795011ms] GC(25879)   Evacuate Collection Set: 1.7ms
[2023-11-10T12:09:51.379-0800][77795011ms] GC(25879)   Post Evacuate Collection Set: 2.9ms
[2023-11-10T12:09:51.379-0800][77795011ms] GC(25879)   Other: 0.2ms
[2023-11-10T12:09:51.379-0800][77795011ms] GC(25879) Eden regions: 152->0(152)
[2023-11-10T12:09:51.379-0800][77795011ms] GC(25879) Survivor regions: 1->1(20)
[2023-11-10T12:09:51.379-0800][77795011ms] GC(25879) Old regions: 1461->1461
[2023-11-10T12:09:51.379-0800][77795011ms] GC(25879) Humongous regions: 5->5
[2023-11-10T12:09:51.379-0800][77795011ms] GC(25879) Metaspace: 305043K->305043K(1349632K)
[2023-11-10T12:09:51.379-0800][77795011ms] GC(25879) Pause Young (Normal) (G1 Evacuation Pause) 3234M->2930M(3602M) 4.929ms
[2023-11-10T12:09:51.379-0800][77795011ms] GC(25879) User=0.00s Sys=0.00s Real=0.00s
[2023-11-10T12:09:51.670-0800][77795302ms] GC(25880) Pause Young (Normal) (G1 Evacuation Pause)
[2023-11-10T12:09:51.670-0800][77795302ms] GC(25880) Using 10 workers of 10 for evacuation
[2023-11-10T12:09:51.675-0800][77795307ms] GC(25880)   Pre Evacuate Collection Set: 0.0ms
[2023-11-10T12:09:51.675-0800][77795307ms] GC(25880)   Evacuate Collection Set: 1.6ms
[2023-11-10T12:09:51.675-0800][77795307ms] GC(25880)   Post Evacuate Collection Set: 3.1ms
[2023-11-10T12:09:51.675-0800][77795307ms] GC(25880)   Other: 0.3ms
[2023-11-10T12:09:51.675-0800][77795307ms] GC(25880) Eden regions: 152->0(152)
[2023-11-10T12:09:51.675-0800][77795307ms] GC(25880) Survivor regions: 1->1(20)
[2023-11-10T12:09:51.675-0800][77795307ms] GC(25880) Old regions: 1461->1461
[2023-11-10T12:09:51.675-0800][77795307ms] GC(25880) Humongous regions: 5->5
[2023-11-10T12:09:51.675-0800][77795307ms] GC(25880) Metaspace: 305043K->305043K(1349632K)
[2023-11-10T12:09:51.675-0800][77795307ms] GC(25880) Pause Young (Normal) (G1 Evacuation Pause) 3234M->2930M(3602M) 5.068ms
[2023-11-10T12:09:51.675-0800][77795307ms] GC(25880) User=0.00s Sys=0.00s Real=0.00s
[2023-11-10T12:09:51.992-0800][77795624ms] GC(25881) Pause Young (Normal) (G1 Evacuation Pause)
[2023-11-10T12:09:51.992-0800][77795624ms] GC(25881) Using 10 workers of 10 for evacuation
[2023-11-10T12:09:51.997-0800][77795629ms] GC(25881)   Pre Evacuate Collection Set: 0.0ms
[2023-11-10T12:09:51.997-0800][77795629ms] GC(25881)   Evacuate Collection Set: 1.7ms
[2023-11-10T12:09:51.997-0800][77795629ms] GC(25881)   Post Evacuate Collection Set: 3.4ms
[2023-11-10T12:09:51.997-0800][77795629ms] GC(25881)   Other: 0.3ms
[2023-11-10T12:09:51.997-0800][77795629ms] GC(25881) Eden regions: 152->0(152)
[2023-11-10T12:09:51.997-0800][77795629ms] GC(25881) Survivor regions: 1->1(20)
[2023-11-10T12:09:51.997-0800][77795629ms] GC(25881) Old regions: 1461->1461
[2023-11-10T12:09:51.997-0800][77795629ms] GC(25881) Humongous regions: 5->5
[2023-11-10T12:09:51.997-0800][77795629ms] GC(25881) Metaspace: 305043K->305043K(1349632K)
[2023-11-10T12:09:51.997-0800][77795629ms] GC(25881) Pause Young (Normal) (G1 Evacuation Pause) 3234M->2930M(3602M) 5.539ms
[2023-11-10T12:09:51.997-0800][77795629ms] GC(25881) User=0.00s Sys=0.00s Real=0.00s
[2023-11-10T12:09:52.363-0800][77795995ms] GC(25882) Pause Young (Normal) (G1 Evacuation Pause)
[2023-11-10T12:09:52.363-0800][77795995ms] GC(25882) Using 10 workers of 10 for evacuation
[2023-11-10T12:09:52.367-0800][77795999ms] GC(25882)   Pre Evacuate Collection Set: 0.0ms
[2023-11-10T12:09:52.368-0800][77796000ms] GC(25882)   Evacuate Collection Set: 1.7ms
[2023-11-10T12:09:52.368-0800][77796000ms] GC(25882)   Post Evacuate Collection Set: 3.1ms
[2023-11-10T12:09:52.368-0800][77796000ms] GC(25882)   Other: 0.2ms
[2023-11-10T12:09:52.368-0800][77796000ms] GC(25882) Eden regions: 152->0(152)
[2023-11-10T12:09:52.368-0800][77796000ms] GC(25882) Survivor regions: 1->1(20)
[2023-11-10T12:09:52.368-0800][77796000ms] GC(25882) Old regions: 1461->1461
[2023-11-10T12:09:52.368-0800][77796000ms] GC(25882) Humongous regions: 5->5
[2023-11-10T12:09:52.368-0800][77796000ms] GC(25882) Metaspace: 305043K->305043K(1349632K)
[2023-11-10T12:09:52.368-0800][77796000ms] GC(25882) Pause Young (Normal) (G1 Evacuation Pause) 3234M->2930M(3602M) 5.135ms
[2023-11-10T12:09:52.368-0800][77796000ms] GC(25882) User=0.00s Sys=0.00s Real=0.01s
[2023-11-10T12:09:52.719-0800][77796351ms] GC(25883) Pause Young (Normal) (G1 Evacuation Pause)
[2023-11-10T12:09:52.719-0800][77796351ms] GC(25883) Using 10 workers of 10 for evacuation
[2023-11-10T12:09:52.725-0800][77796357ms] GC(25883)   Pre Evacuate Collection Set: 0.1ms
[2023-11-10T12:09:52.725-0800][77796357ms] GC(25883)   Evacuate Collection Set: 2.2ms
[2023-11-10T12:09:52.725-0800][77796357ms] GC(25883)   Post Evacuate Collection Set: 3.5ms
[2023-11-10T12:09:52.725-0800][77796357ms] GC(25883)   Other: 0.3ms
[2023-11-10T12:09:52.725-0800][77796357ms] GC(25883) Eden regions: 152->0(152)
[2023-11-10T12:09:52.725-0800][77796357ms] GC(25883) Survivor regions: 1->1(20)
[2023-11-10T12:09:52.725-0800][77796357ms] GC(25883) Old regions: 1461->1461
[2023-11-10T12:09:52.725-0800][77796357ms] GC(25883) Humongous regions: 5->5
[2023-11-10T12:09:52.725-0800][77796357ms] GC(25883) Metaspace: 305043K->305043K(1349632K)
[2023-11-10T12:09:52.725-0800][77796357ms] GC(25883) Pause Young (Normal) (G1 Evacuation Pause) 3234M->2930M(3602M) 6.203ms
[2023-11-10T12:09:52.725-0800][77796357ms] GC(25883) User=0.00s Sys=0.00s Real=0.01s
[2023-11-10T12:09:53.094-0800][77796726ms] GC(25884) Pause Young (Normal) (G1 Evacuation Pause)
[2023-11-10T12:09:53.094-0800][77796726ms] GC(25884) Using 10 workers of 10 for evacuation
[2023-11-10T12:09:53.102-0800][77796734ms] GC(25884)   Pre Evacuate Collection Set: 0.1ms
[2023-11-10T12:09:53.102-0800][77796734ms] GC(25884)   Evacuate Collection Set: 2.5ms
[2023-11-10T12:09:53.102-0800][77796734ms] GC(25884)   Post Evacuate Collection Set: 4.8ms
[2023-11-10T12:09:53.102-0800][77796734ms] GC(25884)   Other: 0.4ms
[2023-11-10T12:09:53.102-0800][77796734ms] GC(25884) Eden regions: 152->0(150)
[2023-11-10T12:09:53.102-0800][77796734ms] GC(25884) Survivor regions: 1->2(20)
[2023-11-10T12:09:53.102-0800][77796734ms] GC(25884) Old regions: 1461->1461
[2023-11-10T12:09:53.102-0800][77796734ms] GC(25884) Humongous regions: 5->5
[2023-11-10T12:09:53.102-0800][77796734ms] GC(25884) Metaspace: 305043K->305043K(1349632K)
[2023-11-10T12:09:53.102-0800][77796734ms] GC(25884) Pause Young (Normal) (G1 Evacuation Pause) 3234M->2932M(3602M) 7.736ms
[2023-11-10T12:09:53.102-0800][77796734ms] GC(25884) User=0.00s Sys=0.00s Real=0.01s
[2023-11-10T12:09:53.439-0800][77797071ms] GC(25885) Pause Young (Normal) (G1 Evacuation Pause)
[2023-11-10T12:09:53.439-0800][77797071ms] GC(25885) Using 10 workers of 10 for evacuation
[2023-11-10T12:09:53.445-0800][77797077ms] GC(25885)   Pre Evacuate Collection Set: 0.1ms
[2023-11-10T12:09:53.445-0800][77797077ms] GC(25885)   Evacuate Collection Set: 1.9ms
[2023-11-10T12:09:53.445-0800][77797077ms] GC(25885)   Post Evacuate Collection Set: 3.5ms
[2023-11-10T12:09:53.445-0800][77797077ms] GC(25885)   Other: 0.3ms
[2023-11-10T12:09:53.445-0800][77797077ms] GC(25885) Eden regions: 150->0(151)
[2023-11-10T12:09:53.445-0800][77797077ms] GC(25885) Survivor regions: 2->1(19)
[2023-11-10T12:09:53.445-0800][77797077ms] GC(25885) Old regions: 1461->1461
[2023-11-10T12:09:53.445-0800][77797077ms] GC(25885) Humongous regions: 5->5
[2023-11-10T12:09:53.445-0800][77797077ms] GC(25885) Metaspace: 305043K->305043K(1349632K)
[2023-11-10T12:09:53.445-0800][77797077ms] GC(25885) Pause Young (Normal) (G1 Evacuation Pause) 3232M->2930M(3602M) 5.949ms
[2023-11-10T12:09:53.446-0800][77797078ms] GC(25885) User=0.00s Sys=0.00s Real=0.01s
[2023-11-10T12:09:53.813-0800][77797445ms] GC(25886) Pause Young (Normal) (G1 Evacuation Pause)
[2023-11-10T12:09:53.813-0800][77797445ms] GC(25886) Using 10 workers of 10 for evacuation
[2023-11-10T12:09:53.819-0800][77797451ms] GC(25886)   Pre Evacuate Collection Set: 0.1ms
[2023-11-10T12:09:53.819-0800][77797451ms] GC(25886)   Evacuate Collection Set: 2.0ms
[2023-11-10T12:09:53.819-0800][77797451ms] GC(25886)   Post Evacuate Collection Set: 3.7ms
[2023-11-10T12:09:53.819-0800][77797451ms] GC(25886)   Other: 0.5ms
[2023-11-10T12:09:53.819-0800][77797451ms] GC(25886) Eden regions: 151->0(151)
[2023-11-10T12:09:53.819-0800][77797451ms] GC(25886) Survivor regions: 1->1(19)
[2023-11-10T12:09:53.819-0800][77797451ms] GC(25886) Old regions: 1461->1461
[2023-11-10T12:09:53.819-0800][77797451ms] GC(25886) Humongous regions: 5->5
[2023-11-10T12:09:53.819-0800][77797451ms] GC(25886) Metaspace: 305043K->305043K(1349632K)
[2023-11-10T12:09:53.819-0800][77797451ms] GC(25886) Pause Young (Normal) (G1 Evacuation Pause) 3232M->2930M(3602M) 6.353ms
[2023-11-10T12:09:53.819-0800][77797451ms] GC(25886) User=0.00s Sys=0.00s Real=0.01s
[2023-11-10T12:09:54.219-0800][77797851ms] GC(25887) Pause Young (Normal) (G1 Evacuation Pause)
[2023-11-10T12:09:54.220-0800][77797852ms] GC(25887) Using 10 workers of 10 for evacuation
[2023-11-10T12:09:54.225-0800][77797857ms] GC(25887)   Pre Evacuate Collection Set: 0.0ms
[2023-11-10T12:09:54.225-0800][77797857ms] GC(25887)   Evacuate Collection Set: 1.6ms
[2023-11-10T12:09:54.225-0800][77797857ms] GC(25887)   Post Evacuate Collection Set: 3.3ms
[2023-11-10T12:09:54.225-0800][77797857ms] GC(25887)   Other: 0.3ms
[2023-11-10T12:09:54.225-0800][77797857ms] GC(25887) Eden regions: 151->0(151)
[2023-11-10T12:09:54.225-0800][77797857ms] GC(25887) Survivor regions: 1->1(19)
[2023-11-10T12:09:54.225-0800][77797857ms] GC(25887) Old regions: 1461->1461
[2023-11-10T12:09:54.225-0800][77797857ms] GC(25887) Humongous regions: 5->5
[2023-11-10T12:09:54.225-0800][77797857ms] GC(25887) Metaspace: 305043K->305043K(1349632K)
[2023-11-10T12:09:54.225-0800][77797857ms] GC(25887) Pause Young (Normal) (G1 Evacuation Pause) 3232M->2930M(3602M) 5.326ms
[2023-11-10T12:09:54.225-0800][77797857ms] GC(25887) User=0.00s Sys=0.00s Real=0.01s
[2023-11-10T12:09:54.616-0800][77798248ms] GC(25888) Pause Young (Normal) (G1 Evacuation Pause)
[2023-11-10T12:09:54.616-0800][77798248ms] GC(25888) Using 10 workers of 10 for evacuation
[2023-11-10T12:09:54.621-0800][77798253ms] GC(25888)   Pre Evacuate Collection Set: 0.0ms
[2023-11-10T12:09:54.621-0800][77798253ms] GC(25888)   Evacuate Collection Set: 1.7ms
[2023-11-10T12:09:54.621-0800][77798253ms] GC(25888)   Post Evacuate Collection Set: 3.2ms
[2023-11-10T12:09:54.621-0800][77798253ms] GC(25888)   Other: 0.3ms
[2023-11-10T12:09:54.621-0800][77798253ms] GC(25888) Eden regions: 151->0(151)
[2023-11-10T12:09:54.621-0800][77798253ms] GC(25888) Survivor regions: 1->1(19)
[2023-11-10T12:09:54.621-0800][77798253ms] GC(25888) Old regions: 1461->1461
[2023-11-10T12:09:54.621-0800][77798253ms] GC(25888) Humongous regions: 5->5
[2023-11-10T12:09:54.621-0800][77798253ms] GC(25888) Metaspace: 305043K->305043K(1349632K)
[2023-11-10T12:09:54.621-0800][77798253ms] GC(25888) Pause Young (Normal) (G1 Evacuation Pause) 3232M->2930M(3602M) 5.250ms
[2023-11-10T12:09:54.621-0800][77798253ms] GC(25888) User=0.05s Sys=0.00s Real=0.01s
[2023-11-10T12:09:54.970-0800][77798602ms] GC(25889) Pause Young (Normal) (G1 Evacuation Pause)
[2023-11-10T12:09:54.970-0800][77798602ms] GC(25889) Using 10 workers of 10 for evacuation
[2023-11-10T12:09:54.975-0800][77798607ms] GC(25889)   Pre Evacuate Collection Set: 0.1ms
[2023-11-10T12:09:54.975-0800][77798607ms] GC(25889)   Evacuate Collection Set: 2.0ms
[2023-11-10T12:09:54.975-0800][77798607ms] GC(25889)   Post Evacuate Collection Set: 3.1ms
[2023-11-10T12:09:54.975-0800][77798607ms] GC(25889)   Other: 0.3ms
[2023-11-10T12:09:54.975-0800][77798607ms] GC(25889) Eden regions: 151->0(151)
[2023-11-10T12:09:54.975-0800][77798607ms] GC(25889) Survivor regions: 1->1(19)
[2023-11-10T12:09:54.975-0800][77798607ms] GC(25889) Old regions: 1461->1461
[2023-11-10T12:09:54.975-0800][77798607ms] GC(25889) Humongous regions: 5->5
[2023-11-10T12:09:54.975-0800][77798607ms] GC(25889) Metaspace: 305043K->305043K(1349632K)
[2023-11-10T12:09:54.975-0800][77798607ms] GC(25889) Pause Young (Normal) (G1 Evacuation Pause) 3232M->2931M(3602M) 5.569ms
[2023-11-10T12:09:54.975-0800][77798607ms] GC(25889) User=0.00s Sys=0.00s Real=0.00s
[2023-11-10T12:09:55.351-0800][77798983ms] GC(25890) Pause Young (Normal) (G1 Evacuation Pause)
[2023-11-10T12:09:55.351-0800][77798983ms] GC(25890) Using 10 workers of 10 for evacuation
[2023-11-10T12:09:55.357-0800][77798989ms] GC(25890)   Pre Evacuate Collection Set: 0.0ms
[2023-11-10T12:09:55.357-0800][77798989ms] GC(25890)   Evacuate Collection Set: 1.7ms
[2023-11-10T12:09:55.357-0800][77798989ms] GC(25890)   Post Evacuate Collection Set: 3.2ms
[2023-11-10T12:09:55.357-0800][77798989ms] GC(25890)   Other: 0.3ms
[2023-11-10T12:09:55.357-0800][77798989ms] GC(25890) Eden regions: 151->0(151)
[2023-11-10T12:09:55.357-0800][77798989ms] GC(25890) Survivor regions: 1->1(19)
[2023-11-10T12:09:55.357-0800][77798989ms] GC(25890) Old regions: 1461->1461
[2023-11-10T12:09:55.357-0800][77798989ms] GC(25890) Humongous regions: 5->5
[2023-11-10T12:09:55.357-0800][77798989ms] GC(25890) Metaspace: 305043K->305043K(1349632K)
[2023-11-10T12:09:55.357-0800][77798989ms] GC(25890) Pause Young (Normal) (G1 Evacuation Pause) 3233M->2930M(3602M) 5.258ms
[2023-11-10T12:09:55.357-0800][77798989ms] GC(25890) User=0.00s Sys=0.00s Real=0.01s
[2023-11-10T12:09:55.678-0800][77799310ms] GC(25891) Pause Young (Normal) (G1 Evacuation Pause)
[2023-11-10T12:09:55.678-0800][77799310ms] GC(25891) Using 10 workers of 10 for evacuation
[2023-11-10T12:09:55.682-0800][77799314ms] GC(25891)   Pre Evacuate Collection Set: 0.0ms
[2023-11-10T12:09:55.683-0800][77799315ms] GC(25891)   Evacuate Collection Set: 1.6ms
[2023-11-10T12:09:55.683-0800][77799315ms] GC(25891)   Post Evacuate Collection Set: 3.1ms
[2023-11-10T12:09:55.683-0800][77799315ms] GC(25891)   Other: 0.3ms
[2023-11-10T12:09:55.683-0800][77799315ms] GC(25891) Eden regions: 151->0(151)
[2023-11-10T12:09:55.683-0800][77799315ms] GC(25891) Survivor regions: 1->1(19)
[2023-11-10T12:09:55.683-0800][77799315ms] GC(25891) Old regions: 1461->1461
[2023-11-10T12:09:55.683-0800][77799315ms] GC(25891) Humongous regions: 5->5
[2023-11-10T12:09:55.683-0800][77799315ms] GC(25891) Metaspace: 305043K->305043K(1349632K)
[2023-11-10T12:09:55.683-0800][77799315ms] GC(25891) Pause Young (Normal) (G1 Evacuation Pause) 3232M->2930M(3602M) 5.110ms
[2023-11-10T12:09:55.683-0800][77799315ms] GC(25891) User=0.09s Sys=0.00s Real=0.01s
[2023-11-10T12:09:56.041-0800][77799673ms] GC(25892) Pause Young (Normal) (G1 Evacuation Pause)
[2023-11-10T12:09:56.041-0800][77799673ms] GC(25892) Using 10 workers of 10 for evacuation
[2023-11-10T12:09:56.045-0800][77799677ms] GC(25892)   Pre Evacuate Collection Set: 0.0ms
[2023-11-10T12:09:56.045-0800][77799677ms] GC(25892)   Evacuate Collection Set: 1.6ms
[2023-11-10T12:09:56.045-0800][77799677ms] GC(25892)   Post Evacuate Collection Set: 3.0ms
[2023-11-10T12:09:56.045-0800][77799677ms] GC(25892)   Other: 0.3ms
[2023-11-10T12:09:56.045-0800][77799677ms] GC(25892) Eden regions: 151->0(152)
[2023-11-10T12:09:56.045-0800][77799677ms] GC(25892) Survivor regions: 1->1(19)
[2023-11-10T12:09:56.045-0800][77799677ms] GC(25892) Old regions: 1461->1461
[2023-11-10T12:09:56.045-0800][77799677ms] GC(25892) Humongous regions: 5->5
[2023-11-10T12:09:56.045-0800][77799677ms] GC(25892) Metaspace: 305043K->305043K(1349632K)
[2023-11-10T12:09:56.045-0800][77799677ms] GC(25892) Pause Young (Normal) (G1 Evacuation Pause) 3232M->2930M(3602M) 5.031ms
[2023-11-10T12:09:56.045-0800][77799677ms] GC(25892) User=0.00s Sys=0.00s Real=0.00s
[2023-11-10T12:09:56.431-0800][77800063ms] GC(25893) Pause Young (Normal) (G1 Evacuation Pause)
[2023-11-10T12:09:56.431-0800][77800063ms] GC(25893) Using 10 workers of 10 for evacuation
[2023-11-10T12:09:56.436-0800][77800068ms] GC(25893)   Pre Evacuate Collection Set: 0.0ms
[2023-11-10T12:09:56.436-0800][77800068ms] GC(25893)   Evacuate Collection Set: 1.6ms
[2023-11-10T12:09:56.436-0800][77800068ms] GC(25893)   Post Evacuate Collection Set: 3.1ms
[2023-11-10T12:09:56.436-0800][77800068ms] GC(25893)   Other: 0.3ms
[2023-11-10T12:09:56.436-0800][77800068ms] GC(25893) Eden regions: 152->0(152)
[2023-11-10T12:09:56.436-0800][77800068ms] GC(25893) Survivor regions: 1->1(20)
[2023-11-10T12:09:56.436-0800][77800068ms] GC(25893) Old regions: 1461->1461
[2023-11-10T12:09:56.436-0800][77800068ms] GC(25893) Humongous regions: 5->5
[2023-11-10T12:09:56.436-0800][77800068ms] GC(25893) Metaspace: 305043K->305043K(1349632K)
[2023-11-10T12:09:56.436-0800][77800068ms] GC(25893) Pause Young (Normal) (G1 Evacuation Pause) 3234M->2930M(3602M) 5.102ms
[2023-11-10T12:09:56.436-0800][77800068ms] GC(25893) User=0.00s Sys=0.00s Real=0.01s
[2023-11-10T12:09:56.771-0800][77800403ms] GC(25894) Pause Young (Normal) (G1 Evacuation Pause)
[2023-11-10T12:09:56.771-0800][77800403ms] GC(25894) Using 10 workers of 10 for evacuation
[2023-11-10T12:09:56.776-0800][77800408ms] GC(25894)   Pre Evacuate Collection Set: 0.0ms
[2023-11-10T12:09:56.776-0800][77800408ms] GC(25894)   Evacuate Collection Set: 1.7ms
[2023-11-10T12:09:56.776-0800][77800408ms] GC(25894)   Post Evacuate Collection Set: 3.0ms
[2023-11-10T12:09:56.776-0800][77800408ms] GC(25894)   Other: 0.3ms
[2023-11-10T12:09:56.776-0800][77800408ms] GC(25894) Eden regions: 152->0(152)
[2023-11-10T12:09:56.776-0800][77800408ms] GC(25894) Survivor regions: 1->1(20)
[2023-11-10T12:09:56.776-0800][77800408ms] GC(25894) Old regions: 1461->1461
[2023-11-10T12:09:56.776-0800][77800408ms] GC(25894) Humongous regions: 5->5
[2023-11-10T12:09:56.776-0800][77800408ms] GC(25894) Metaspace: 305043K->305043K(1349632K)
[2023-11-10T12:09:56.776-0800][77800408ms] GC(25894) Pause Young (Normal) (G1 Evacuation Pause) 3234M->2931M(3602M) 5.101ms
[2023-11-10T12:09:56.776-0800][77800408ms] GC(25894) User=0.02s Sys=0.00s Real=0.01s
[2023-11-10T12:09:57.139-0800][77800771ms] GC(25895) Pause Young (Normal) (G1 Evacuation Pause)
[2023-11-10T12:09:57.139-0800][77800771ms] GC(25895) Using 10 workers of 10 for evacuation
[2023-11-10T12:09:57.145-0800][77800777ms] GC(25895)   Pre Evacuate Collection Set: 0.0ms
[2023-11-10T12:09:57.145-0800][77800777ms] GC(25895)   Evacuate Collection Set: 1.6ms
[2023-11-10T12:09:57.145-0800][77800777ms] GC(25895)   Post Evacuate Collection Set: 3.3ms
[2023-11-10T12:09:57.145-0800][77800777ms] GC(25895)   Other: 0.2ms
[2023-11-10T12:09:57.145-0800][77800777ms] GC(25895) Eden regions: 152->0(152)
[2023-11-10T12:09:57.145-0800][77800777ms] GC(25895) Survivor regions: 1->1(20)
[2023-11-10T12:09:57.145-0800][77800777ms] GC(25895) Old regions: 1461->1461
[2023-11-10T12:09:57.145-0800][77800777ms] GC(25895) Humongous regions: 5->5
[2023-11-10T12:09:57.145-0800][77800777ms] GC(25895) Metaspace: 305043K->305043K(1349632K)
[2023-11-10T12:09:57.145-0800][77800777ms] GC(25895) Pause Young (Normal) (G1 Evacuation Pause) 3235M->2930M(3602M) 5.390ms
[2023-11-10T12:09:57.145-0800][77800777ms] GC(25895) User=0.00s Sys=0.00s Real=0.01s
[2023-11-10T12:09:57.504-0800][77801136ms] GC(25896) Pause Young (Normal) (G1 Evacuation Pause)
[2023-11-10T12:09:57.504-0800][77801136ms] GC(25896) Using 10 workers of 10 for evacuation
[2023-11-10T12:09:57.510-0800][77801142ms] GC(25896)   Pre Evacuate Collection Set: 0.0ms
[2023-11-10T12:09:57.510-0800][77801142ms] GC(25896)   Evacuate Collection Set: 1.8ms
[2023-11-10T12:09:57.510-0800][77801142ms] GC(25896)   Post Evacuate Collection Set: 2.9ms
[2023-11-10T12:09:57.510-0800][77801142ms] GC(25896)   Other: 0.3ms
[2023-11-10T12:09:57.510-0800][77801142ms] GC(25896) Eden regions: 152->0(152)
[2023-11-10T12:09:57.510-0800][77801142ms] GC(25896) Survivor regions: 1->1(20)
[2023-11-10T12:09:57.510-0800][77801142ms] GC(25896) Old regions: 1461->1461
[2023-11-10T12:09:57.510-0800][77801142ms] GC(25896) Humongous regions: 5->5
[2023-11-10T12:09:57.510-0800][77801142ms] GC(25896) Metaspace: 305043K->305043K(1349632K)
[2023-11-10T12:09:57.510-0800][77801142ms] GC(25896) Pause Young (Normal) (G1 Evacuation Pause) 3234M->2930M(3602M) 5.103ms
[2023-11-10T12:09:57.510-0800][77801142ms] GC(25896) User=0.00s Sys=0.00s Real=0.01s
[2023-11-10T12:09:57.873-0800][77801505ms] GC(25897) Pause Young (Normal) (G1 Evacuation Pause)
[2023-11-10T12:09:57.873-0800][77801505ms] GC(25897) Using 10 workers of 10 for evacuation
[2023-11-10T12:09:57.878-0800][77801510ms] GC(25897)   Pre Evacuate Collection Set: 0.0ms
[2023-11-10T12:09:57.879-0800][77801511ms] GC(25897)   Evacuate Collection Set: 1.6ms
[2023-11-10T12:09:57.879-0800][77801511ms] GC(25897)   Post Evacuate Collection Set: 2.9ms
[2023-11-10T12:09:57.879-0800][77801511ms] GC(25897)   Other: 0.3ms
[2023-11-10T12:09:57.879-0800][77801511ms] GC(25897) Eden regions: 152->0(152)
[2023-11-10T12:09:57.879-0800][77801511ms] GC(25897) Survivor regions: 1->1(20)
[2023-11-10T12:09:57.879-0800][77801511ms] GC(25897) Old regions: 1461->1461
[2023-11-10T12:09:57.879-0800][77801511ms] GC(25897) Humongous regions: 5->5
[2023-11-10T12:09:57.879-0800][77801511ms] GC(25897) Metaspace: 305043K->305043K(1349632K)
[2023-11-10T12:09:57.879-0800][77801511ms] GC(25897) Pause Young (Normal) (G1 Evacuation Pause) 3234M->2930M(3602M) 4.945ms
[2023-11-10T12:09:57.879-0800][77801511ms] GC(25897) User=0.00s Sys=0.00s Real=0.01s
[2023-11-10T12:09:58.290-0800][77801922ms] GC(25898) Pause Young (Normal) (G1 Evacuation Pause)
[2023-11-10T12:09:58.290-0800][77801922ms] GC(25898) Using 10 workers of 10 for evacuation
[2023-11-10T12:09:58.295-0800][77801927ms] GC(25898)   Pre Evacuate Collection Set: 0.1ms
[2023-11-10T12:09:58.295-0800][77801927ms] GC(25898)   Evacuate Collection Set: 1.7ms
[2023-11-10T12:09:58.295-0800][77801927ms] GC(25898)   Post Evacuate Collection Set: 3.1ms
[2023-11-10T12:09:58.295-0800][77801927ms] GC(25898)   Other: 0.3ms
[2023-11-10T12:09:58.295-0800][77801927ms] GC(25898) Eden regions: 152->0(152)
[2023-11-10T12:09:58.295-0800][77801927ms] GC(25898) Survivor regions: 1->1(20)
[2023-11-10T12:09:58.295-0800][77801927ms] GC(25898) Old regions: 1461->1461
[2023-11-10T12:09:58.295-0800][77801927ms] GC(25898) Humongous regions: 5->5
[2023-11-10T12:09:58.295-0800][77801927ms] GC(25898) Metaspace: 305043K->305043K(1349632K)
[2023-11-10T12:09:58.295-0800][77801927ms] GC(25898) Pause Young (Normal) (G1 Evacuation Pause) 3234M->2930M(3602M) 5.307ms
[2023-11-10T12:09:58.295-0800][77801927ms] GC(25898) User=0.00s Sys=0.00s Real=0.01s
[2023-11-10T12:09:58.655-0800][77802287ms] GC(25899) Pause Young (Normal) (G1 Evacuation Pause)
[2023-11-10T12:09:58.655-0800][77802287ms] GC(25899) Using 10 workers of 10 for evacuation
[2023-11-10T12:09:58.660-0800][77802292ms] GC(25899)   Pre Evacuate Collection Set: 0.0ms
[2023-11-10T12:09:58.660-0800][77802292ms] GC(25899)   Evacuate Collection Set: 1.6ms
[2023-11-10T12:09:58.660-0800][77802292ms] GC(25899)   Post Evacuate Collection Set: 3.1ms
[2023-11-10T12:09:58.660-0800][77802292ms] GC(25899)   Other: 0.2ms
[2023-11-10T12:09:58.660-0800][77802292ms] GC(25899) Eden regions: 152->0(152)
[2023-11-10T12:09:58.660-0800][77802292ms] GC(25899) Survivor regions: 1->1(20)
[2023-11-10T12:09:58.660-0800][77802292ms] GC(25899) Old regions: 1461->1461
[2023-11-10T12:09:58.660-0800][77802292ms] GC(25899) Humongous regions: 5->5
[2023-11-10T12:09:58.660-0800][77802292ms] GC(25899) Metaspace: 305043K->305043K(1349632K)
[2023-11-10T12:09:58.660-0800][77802292ms] GC(25899) Pause Young (Normal) (G1 Evacuation Pause) 3234M->2930M(3602M) 5.058ms
[2023-11-10T12:09:58.660-0800][77802292ms] GC(25899) User=0.00s Sys=0.00s Real=0.01s
[2023-11-10T12:09:58.997-0800][77802629ms] GC(25900) Pause Young (Normal) (G1 Evacuation Pause)
[2023-11-10T12:09:58.997-0800][77802629ms] GC(25900) Using 10 workers of 10 for evacuation
[2023-11-10T12:09:59.003-0800][77802635ms] GC(25900)   Pre Evacuate Collection Set: 0.0ms
[2023-11-10T12:09:59.003-0800][77802635ms] GC(25900)   Evacuate Collection Set: 2.0ms
[2023-11-10T12:09:59.003-0800][77802635ms] GC(25900)   Post Evacuate Collection Set: 4.2ms
[2023-11-10T12:09:59.003-0800][77802635ms] GC(25900)   Other: 0.3ms
[2023-11-10T12:09:59.003-0800][77802635ms] GC(25900) Eden regions: 152->0(152)
[2023-11-10T12:09:59.003-0800][77802635ms] GC(25900) Survivor regions: 1->1(20)
[2023-11-10T12:09:59.003-0800][77802635ms] GC(25900) Old regions: 1461->1461
[2023-11-10T12:09:59.003-0800][77802635ms] GC(25900) Humongous regions: 5->5
[2023-11-10T12:09:59.003-0800][77802635ms] GC(25900) Metaspace: 305043K->305043K(1349632K)
[2023-11-10T12:09:59.003-0800][77802635ms] GC(25900) Pause Young (Normal) (G1 Evacuation Pause) 3234M->2930M(3602M) 6.565ms
[2023-11-10T12:09:59.003-0800][77802635ms] GC(25900) User=0.00s Sys=0.00s Real=0.01s
[2023-11-10T12:09:59.409-0800][77803041ms] GC(25901) Pause Young (Normal) (G1 Evacuation Pause)
[2023-11-10T12:09:59.409-0800][77803041ms] GC(25901) Using 10 workers of 10 for evacuation
[2023-11-10T12:09:59.414-0800][77803046ms] GC(25901)   Pre Evacuate Collection Set: 0.0ms
[2023-11-10T12:09:59.414-0800][77803046ms] GC(25901)   Evacuate Collection Set: 1.6ms
[2023-11-10T12:09:59.414-0800][77803046ms] GC(25901)   Post Evacuate Collection Set: 3.1ms
[2023-11-10T12:09:59.414-0800][77803046ms] GC(25901)   Other: 0.2ms
[2023-11-10T12:09:59.414-0800][77803046ms] GC(25901) Eden regions: 152->0(152)
[2023-11-10T12:09:59.414-0800][77803046ms] GC(25901) Survivor regions: 1->1(20)
[2023-11-10T12:09:59.414-0800][77803046ms] GC(25901) Old regions: 1461->1461
[2023-11-10T12:09:59.414-0800][77803046ms] GC(25901) Humongous regions: 5->5
[2023-11-10T12:09:59.414-0800][77803046ms] GC(25901) Metaspace: 305043K->305043K(1349632K)
[2023-11-10T12:09:59.414-0800][77803046ms] GC(25901) Pause Young (Normal) (G1 Evacuation Pause) 3234M->2930M(3602M) 5.221ms
[2023-11-10T12:09:59.414-0800][77803046ms] GC(25901) User=0.00s Sys=0.00s Real=0.01s
[2023-11-10T12:09:59.778-0800][77803410ms] GC(25902) Pause Young (Normal) (G1 Evacuation Pause)
[2023-11-10T12:09:59.778-0800][77803410ms] GC(25902) Using 10 workers of 10 for evacuation
[2023-11-10T12:09:59.783-0800][77803415ms] GC(25902)   Pre Evacuate Collection Set: 0.0ms
[2023-11-10T12:09:59.783-0800][77803415ms] GC(25902)   Evacuate Collection Set: 1.8ms
[2023-11-10T12:09:59.783-0800][77803415ms] GC(25902)   Post Evacuate Collection Set: 3.1ms
[2023-11-10T12:09:59.783-0800][77803415ms] GC(25902)   Other: 0.3ms
[2023-11-10T12:09:59.783-0800][77803415ms] GC(25902) Eden regions: 152->0(152)
[2023-11-10T12:09:59.783-0800][77803415ms] GC(25902) Survivor regions: 1->1(20)
[2023-11-10T12:09:59.783-0800][77803415ms] GC(25902) Old regions: 1461->1461
[2023-11-10T12:09:59.783-0800][77803415ms] GC(25902) Humongous regions: 5->5
[2023-11-10T12:09:59.783-0800][77803415ms] GC(25902) Metaspace: 305043K->305043K(1349632K)
[2023-11-10T12:09:59.783-0800][77803415ms] GC(25902) Pause Young (Normal) (G1 Evacuation Pause) 3234M->2931M(3602M) 5.349ms
[2023-11-10T12:09:59.784-0800][77803416ms] GC(25902) User=0.00s Sys=0.00s Real=0.01s
[2023-11-10T12:10:00.159-0800][77803791ms] GC(25903) Pause Young (Normal) (G1 Evacuation Pause)
[2023-11-10T12:10:00.159-0800][77803791ms] GC(25903) Using 10 workers of 10 for evacuation
[2023-11-10T12:10:00.163-0800][77803795ms] GC(25903)   Pre Evacuate Collection Set: 0.0ms
[2023-11-10T12:10:00.163-0800][77803795ms] GC(25903)   Evacuate Collection Set: 1.7ms
[2023-11-10T12:10:00.163-0800][77803795ms] GC(25903)   Post Evacuate Collection Set: 2.9ms
[2023-11-10T12:10:00.163-0800][77803795ms] GC(25903)   Other: 0.3ms
[2023-11-10T12:10:00.163-0800][77803795ms] GC(25903) Eden regions: 152->0(152)
[2023-11-10T12:10:00.163-0800][77803795ms] GC(25903) Survivor regions: 1->1(20)
[2023-11-10T12:10:00.163-0800][77803795ms] GC(25903) Old regions: 1461->1461
[2023-11-10T12:10:00.163-0800][77803795ms] GC(25903) Humongous regions: 5->5
[2023-11-10T12:10:00.163-0800][77803795ms] GC(25903) Metaspace: 305043K->305043K(1349632K)
[2023-11-10T12:10:00.163-0800][77803795ms] GC(25903) Pause Young (Normal) (G1 Evacuation Pause) 3235M->2930M(3602M) 4.948ms
[2023-11-10T12:10:00.163-0800][77803795ms] GC(25903) User=0.00s Sys=0.00s Real=0.00s
[2023-11-10T12:10:00.587-0800][77804219ms] GC(25904) Pause Young (Normal) (G1 Evacuation Pause)
[2023-11-10T12:10:00.587-0800][77804219ms] GC(25904) Using 10 workers of 10 for evacuation
[2023-11-10T12:10:00.592-0800][77804224ms] GC(25904)   Pre Evacuate Collection Set: 0.0ms
[2023-11-10T12:10:00.592-0800][77804224ms] GC(25904)   Evacuate Collection Set: 1.6ms
[2023-11-10T12:10:00.592-0800][77804224ms] GC(25904)   Post Evacuate Collection Set: 3.2ms
[2023-11-10T12:10:00.592-0800][77804224ms] GC(25904)   Other: 0.3ms
[2023-11-10T12:10:00.592-0800][77804224ms] GC(25904) Eden regions: 152->0(152)
[2023-11-10T12:10:00.592-0800][77804224ms] GC(25904) Survivor regions: 1->1(20)
[2023-11-10T12:10:00.592-0800][77804224ms] GC(25904) Old regions: 1461->1461
[2023-11-10T12:10:00.592-0800][77804224ms] GC(25904) Humongous regions: 5->5
[2023-11-10T12:10:00.592-0800][77804224ms] GC(25904) Metaspace: 305043K->305043K(1349632K)
[2023-11-10T12:10:00.592-0800][77804224ms] GC(25904) Pause Young (Normal) (G1 Evacuation Pause) 3234M->2930M(3602M) 5.286ms
[2023-11-10T12:10:00.592-0800][77804224ms] GC(25904) User=0.00s Sys=0.00s Real=0.01s
[2023-11-10T12:10:00.932-0800][77804564ms] GC(25905) Pause Young (Normal) (G1 Evacuation Pause)
[2023-11-10T12:10:00.932-0800][77804564ms] GC(25905) Using 10 workers of 10 for evacuation
[2023-11-10T12:10:00.939-0800][77804571ms] GC(25905)   Pre Evacuate Collection Set: 0.1ms
[2023-11-10T12:10:00.939-0800][77804571ms] GC(25905)   Evacuate Collection Set: 1.7ms
[2023-11-10T12:10:00.939-0800][77804571ms] GC(25905)   Post Evacuate Collection Set: 4.4ms
[2023-11-10T12:10:00.939-0800][77804571ms] GC(25905)   Other: 0.4ms
[2023-11-10T12:10:00.939-0800][77804571ms] GC(25905) Eden regions: 152->0(152)
[2023-11-10T12:10:00.939-0800][77804571ms] GC(25905) Survivor regions: 1->1(20)
[2023-11-10T12:10:00.939-0800][77804571ms] GC(25905) Old regions: 1461->1461
[2023-11-10T12:10:00.939-0800][77804571ms] GC(25905) Humongous regions: 5->5
[2023-11-10T12:10:00.939-0800][77804571ms] GC(25905) Metaspace: 305043K->305043K(1349632K)
[2023-11-10T12:10:00.939-0800][77804571ms] GC(25905) Pause Young (Normal) (G1 Evacuation Pause) 3234M->2931M(3602M) 6.617ms
[2023-11-10T12:10:00.939-0800][77804571ms] GC(25905) User=0.00s Sys=0.00s Real=0.01s
[2023-11-10T12:10:01.276-0800][77804908ms] GC(25906) Pause Young (Normal) (G1 Evacuation Pause)
[2023-11-10T12:10:01.276-0800][77804908ms] GC(25906) Using 10 workers of 10 for evacuation
[2023-11-10T12:10:01.282-0800][77804914ms] GC(25906)   Pre Evacuate Collection Set: 0.0ms
[2023-11-10T12:10:01.282-0800][77804914ms] GC(25906)   Evacuate Collection Set: 1.8ms
[2023-11-10T12:10:01.282-0800][77804914ms] GC(25906)   Post Evacuate Collection Set: 3.3ms
[2023-11-10T12:10:01.282-0800][77804914ms] GC(25906)   Other: 0.3ms
[2023-11-10T12:10:01.282-0800][77804914ms] GC(25906) Eden regions: 152->0(151)
[2023-11-10T12:10:01.282-0800][77804914ms] GC(25906) Survivor regions: 1->1(20)
[2023-11-10T12:10:01.282-0800][77804914ms] GC(25906) Old regions: 1461->1461
[2023-11-10T12:10:01.282-0800][77804914ms] GC(25906) Humongous regions: 5->5
[2023-11-10T12:10:01.282-0800][77804914ms] GC(25906) Metaspace: 305043K->305043K(1349632K)
[2023-11-10T12:10:01.282-0800][77804914ms] GC(25906) Pause Young (Normal) (G1 Evacuation Pause) 3235M->2931M(3602M) 5.483ms
[2023-11-10T12:10:01.282-0800][77804914ms] GC(25906) User=0.00s Sys=0.00s Real=0.01s
[2023-11-10T12:10:01.668-0800][77805300ms] GC(25907) Pause Young (Normal) (G1 Evacuation Pause)
[2023-11-10T12:10:01.668-0800][77805300ms] GC(25907) Using 10 workers of 10 for evacuation
[2023-11-10T12:10:01.673-0800][77805305ms] GC(25907)   Pre Evacuate Collection Set: 0.1ms
[2023-11-10T12:10:01.673-0800][77805305ms] GC(25907)   Evacuate Collection Set: 1.7ms
[2023-11-10T12:10:01.673-0800][77805305ms] GC(25907)   Post Evacuate Collection Set: 3.1ms
[2023-11-10T12:10:01.673-0800][77805305ms] GC(25907)   Other: 0.3ms
[2023-11-10T12:10:01.673-0800][77805305ms] GC(25907) Eden regions: 151->0(151)
[2023-11-10T12:10:01.673-0800][77805305ms] GC(25907) Survivor regions: 1->1(19)
[2023-11-10T12:10:01.673-0800][77805305ms] GC(25907) Old regions: 1461->1461
[2023-11-10T12:10:01.673-0800][77805305ms] GC(25907) Humongous regions: 5->5
[2023-11-10T12:10:01.673-0800][77805305ms] GC(25907) Metaspace: 305043K->305043K(1349632K)
[2023-11-10T12:10:01.673-0800][77805305ms] GC(25907) Pause Young (Normal) (G1 Evacuation Pause) 3233M->2930M(3602M) 5.251ms
[2023-11-10T12:10:01.673-0800][77805305ms] GC(25907) User=0.00s Sys=0.00s Real=0.01s
[2023-11-10T12:10:02.054-0800][77805686ms] GC(25908) Pause Young (Normal) (G1 Evacuation Pause)
[2023-11-10T12:10:02.054-0800][77805686ms] GC(25908) Using 10 workers of 10 for evacuation
[2023-11-10T12:10:02.059-0800][77805691ms] GC(25908)   Pre Evacuate Collection Set: 0.0ms
[2023-11-10T12:10:02.059-0800][77805691ms] GC(25908)   Evacuate Collection Set: 1.7ms
[2023-11-10T12:10:02.059-0800][77805691ms] GC(25908)   Post Evacuate Collection Set: 3.5ms
[2023-11-10T12:10:02.059-0800][77805691ms] GC(25908)   Other: 0.3ms
[2023-11-10T12:10:02.059-0800][77805691ms] GC(25908) Eden regions: 151->0(151)
[2023-11-10T12:10:02.059-0800][77805691ms] GC(25908) Survivor regions: 1->1(19)
[2023-11-10T12:10:02.059-0800][77805691ms] GC(25908) Old regions: 1461->1461
[2023-11-10T12:10:02.059-0800][77805691ms] GC(25908) Humongous regions: 5->5
[2023-11-10T12:10:02.059-0800][77805691ms] GC(25908) Metaspace: 305043K->305043K(1349632K)
[2023-11-10T12:10:02.059-0800][77805691ms] GC(25908) Pause Young (Normal) (G1 Evacuation Pause) 3232M->2930M(3602M) 5.588ms
[2023-11-10T12:10:02.060-0800][77805692ms] GC(25908) User=0.00s Sys=0.00s Real=0.01s
[2023-11-10T12:10:02.446-0800][77806078ms] GC(25909) Pause Young (Normal) (G1 Evacuation Pause)
[2023-11-10T12:10:02.446-0800][77806078ms] GC(25909) Using 10 workers of 10 for evacuation
[2023-11-10T12:10:02.451-0800][77806083ms] GC(25909)   Pre Evacuate Collection Set: 0.0ms
[2023-11-10T12:10:02.451-0800][77806083ms] GC(25909)   Evacuate Collection Set: 1.7ms
[2023-11-10T12:10:02.451-0800][77806083ms] GC(25909)   Post Evacuate Collection Set: 3.2ms
[2023-11-10T12:10:02.451-0800][77806083ms] GC(25909)   Other: 0.2ms
[2023-11-10T12:10:02.451-0800][77806083ms] GC(25909) Eden regions: 151->0(152)
[2023-11-10T12:10:02.451-0800][77806083ms] GC(25909) Survivor regions: 1->1(19)
[2023-11-10T12:10:02.451-0800][77806083ms] GC(25909) Old regions: 1461->1461
[2023-11-10T12:10:02.451-0800][77806083ms] GC(25909) Humongous regions: 5->5
[2023-11-10T12:10:02.451-0800][77806083ms] GC(25909) Metaspace: 305043K->305043K(1349632K)
[2023-11-10T12:10:02.451-0800][77806083ms] GC(25909) Pause Young (Normal) (G1 Evacuation Pause) 3232M->2930M(3602M) 5.340ms
[2023-11-10T12:10:02.451-0800][77806083ms] GC(25909) User=0.00s Sys=0.00s Real=0.00s
[2023-11-10T12:10:02.864-0800][77806496ms] GC(25910) Pause Young (Normal) (G1 Evacuation Pause)
[2023-11-10T12:10:02.864-0800][77806496ms] GC(25910) Using 10 workers of 10 for evacuation
[2023-11-10T12:10:02.869-0800][77806501ms] GC(25910)   Pre Evacuate Collection Set: 0.1ms
[2023-11-10T12:10:02.869-0800][77806501ms] GC(25910)   Evacuate Collection Set: 1.6ms
[2023-11-10T12:10:02.869-0800][77806501ms] GC(25910)   Post Evacuate Collection Set: 2.8ms
[2023-11-10T12:10:02.869-0800][77806501ms] GC(25910)   Other: 0.3ms
[2023-11-10T12:10:02.869-0800][77806501ms] GC(25910) Eden regions: 152->0(152)
[2023-11-10T12:10:02.869-0800][77806501ms] GC(25910) Survivor regions: 1->1(20)
[2023-11-10T12:10:02.869-0800][77806501ms] GC(25910) Old regions: 1461->1461
[2023-11-10T12:10:02.869-0800][77806501ms] GC(25910) Humongous regions: 5->5
[2023-11-10T12:10:02.869-0800][77806501ms] GC(25910) Metaspace: 305043K->305043K(1349632K)
[2023-11-10T12:10:02.869-0800][77806501ms] GC(25910) Pause Young (Normal) (G1 Evacuation Pause) 3234M->2930M(3602M) 4.862ms
[2023-11-10T12:10:02.869-0800][77806501ms] GC(25910) User=0.00s Sys=0.00s Real=0.00s
[2023-11-10T12:10:03.274-0800][77806906ms] GC(25911) Pause Young (Normal) (G1 Evacuation Pause)
[2023-11-10T12:10:03.274-0800][77806906ms] GC(25911) Using 10 workers of 10 for evacuation
[2023-11-10T12:10:03.279-0800][77806911ms] GC(25911)   Pre Evacuate Collection Set: 0.0ms
[2023-11-10T12:10:03.279-0800][77806911ms] GC(25911)   Evacuate Collection Set: 1.6ms
[2023-11-10T12:10:03.279-0800][77806911ms] GC(25911)   Post Evacuate Collection Set: 3.9ms
[2023-11-10T12:10:03.279-0800][77806911ms] GC(25911)   Other: 0.3ms
[2023-11-10T12:10:03.279-0800][77806911ms] GC(25911) Eden regions: 152->0(152)
[2023-11-10T12:10:03.279-0800][77806911ms] GC(25911) Survivor regions: 1->1(20)
[2023-11-10T12:10:03.279-0800][77806911ms] GC(25911) Old regions: 1461->1461
[2023-11-10T12:10:03.279-0800][77806911ms] GC(25911) Humongous regions: 5->5
[2023-11-10T12:10:03.280-0800][77806912ms] GC(25911) Metaspace: 305043K->305043K(1349632K)
[2023-11-10T12:10:03.280-0800][77806912ms] GC(25911) Pause Young (Normal) (G1 Evacuation Pause) 3234M->2930M(3602M) 5.913ms
[2023-11-10T12:10:03.280-0800][77806912ms] GC(25911) User=0.00s Sys=0.00s Real=0.01s
[2023-11-10T12:10:03.642-0800][77807274ms] GC(25912) Pause Young (Normal) (G1 Evacuation Pause)
[2023-11-10T12:10:03.642-0800][77807274ms] GC(25912) Using 10 workers of 10 for evacuation
[2023-11-10T12:10:03.647-0800][77807279ms] GC(25912)   Pre Evacuate Collection Set: 0.0ms
[2023-11-10T12:10:03.647-0800][77807279ms] GC(25912)   Evacuate Collection Set: 1.7ms
[2023-11-10T12:10:03.647-0800][77807279ms] GC(25912)   Post Evacuate Collection Set: 3.3ms
[2023-11-10T12:10:03.647-0800][77807279ms] GC(25912)   Other: 0.3ms
[2023-11-10T12:10:03.647-0800][77807279ms] GC(25912) Eden regions: 152->0(152)
[2023-11-10T12:10:03.647-0800][77807279ms] GC(25912) Survivor regions: 1->1(20)
[2023-11-10T12:10:03.647-0800][77807279ms] GC(25912) Old regions: 1461->1461
[2023-11-10T12:10:03.647-0800][77807279ms] GC(25912) Humongous regions: 5->5
[2023-11-10T12:10:03.647-0800][77807279ms] GC(25912) Metaspace: 305043K->305043K(1349632K)
[2023-11-10T12:10:03.647-0800][77807279ms] GC(25912) Pause Young (Normal) (G1 Evacuation Pause) 3234M->2930M(3602M) 5.558ms
[2023-11-10T12:10:03.647-0800][77807279ms] GC(25912) User=0.00s Sys=0.00s Real=0.01s
[2023-11-10T12:10:03.958-0800][77807590ms] GC(25913) Pause Young (Normal) (G1 Evacuation Pause)
[2023-11-10T12:10:03.958-0800][77807590ms] GC(25913) Using 10 workers of 10 for evacuation
[2023-11-10T12:10:03.963-0800][77807595ms] GC(25913)   Pre Evacuate Collection Set: 0.1ms
[2023-11-10T12:10:03.963-0800][77807595ms] GC(25913)   Evacuate Collection Set: 1.7ms
[2023-11-10T12:10:03.963-0800][77807595ms] GC(25913)   Post Evacuate Collection Set: 3.6ms
[2023-11-10T12:10:03.963-0800][77807595ms] GC(25913)   Other: 0.3ms
[2023-11-10T12:10:03.963-0800][77807595ms] GC(25913) Eden regions: 152->0(152)
[2023-11-10T12:10:03.963-0800][77807595ms] GC(25913) Survivor regions: 1->1(20)
[2023-11-10T12:10:03.963-0800][77807595ms] GC(25913) Old regions: 1461->1461
[2023-11-10T12:10:03.963-0800][77807595ms] GC(25913) Humongous regions: 5->5
[2023-11-10T12:10:03.964-0800][77807596ms] GC(25913) Metaspace: 305043K->305043K(1349632K)
[2023-11-10T12:10:03.964-0800][77807596ms] GC(25913) Pause Young (Normal) (G1 Evacuation Pause) 3234M->2930M(3602M) 5.736ms
[2023-11-10T12:10:03.964-0800][77807596ms] GC(25913) User=0.02s Sys=0.00s Real=0.01s
[2023-11-10T12:10:04.328-0800][77807960ms] GC(25914) Pause Young (Normal) (G1 Evacuation Pause)
[2023-11-10T12:10:04.328-0800][77807960ms] GC(25914) Using 10 workers of 10 for evacuation
[2023-11-10T12:10:04.334-0800][77807966ms] GC(25914)   Pre Evacuate Collection Set: 0.1ms
[2023-11-10T12:10:04.334-0800][77807966ms] GC(25914)   Evacuate Collection Set: 1.7ms
[2023-11-10T12:10:04.334-0800][77807966ms] GC(25914)   Post Evacuate Collection Set: 4.0ms
[2023-11-10T12:10:04.334-0800][77807966ms] GC(25914)   Other: 0.4ms
[2023-11-10T12:10:04.334-0800][77807966ms] GC(25914) Eden regions: 152->0(152)
[2023-11-10T12:10:04.334-0800][77807966ms] GC(25914) Survivor regions: 1->1(20)
[2023-11-10T12:10:04.334-0800][77807966ms] GC(25914) Old regions: 1461->1461
[2023-11-10T12:10:04.334-0800][77807966ms] GC(25914) Humongous regions: 5->5
[2023-11-10T12:10:04.334-0800][77807966ms] GC(25914) Metaspace: 305043K->305043K(1349632K)
[2023-11-10T12:10:04.334-0800][77807966ms] GC(25914) Pause Young (Normal) (G1 Evacuation Pause) 3234M->2930M(3602M) 6.357ms
[2023-11-10T12:10:04.334-0800][77807966ms] GC(25914) User=0.00s Sys=0.00s Real=0.01s
[2023-11-10T12:10:04.770-0800][77808402ms] GC(25915) Pause Young (Normal) (G1 Evacuation Pause)
[2023-11-10T12:10:04.770-0800][77808402ms] GC(25915) Using 10 workers of 10 for evacuation
[2023-11-10T12:10:04.775-0800][77808407ms] GC(25915)   Pre Evacuate Collection Set: 0.0ms
[2023-11-10T12:10:04.775-0800][77808407ms] GC(25915)   Evacuate Collection Set: 1.7ms
[2023-11-10T12:10:04.775-0800][77808407ms] GC(25915)   Post Evacuate Collection Set: 3.5ms
[2023-11-10T12:10:04.775-0800][77808407ms] GC(25915)   Other: 0.3ms
[2023-11-10T12:10:04.775-0800][77808407ms] GC(25915) Eden regions: 152->0(152)
[2023-11-10T12:10:04.775-0800][77808407ms] GC(25915) Survivor regions: 1->1(20)
[2023-11-10T12:10:04.775-0800][77808407ms] GC(25915) Old regions: 1461->1461
[2023-11-10T12:10:04.776-0800][77808408ms] GC(25915) Humongous regions: 5->5
[2023-11-10T12:10:04.776-0800][77808408ms] GC(25915) Metaspace: 305043K->305043K(1349632K)
[2023-11-10T12:10:04.776-0800][77808408ms] GC(25915) Pause Young (Normal) (G1 Evacuation Pause) 3234M->2930M(3602M) 5.727ms
[2023-11-10T12:10:04.776-0800][77808408ms] GC(25915) User=0.00s Sys=0.00s Real=0.01s
[2023-11-10T12:10:05.113-0800][77808745ms] GC(25916) Pause Young (Normal) (G1 Evacuation Pause)
[2023-11-10T12:10:05.113-0800][77808745ms] GC(25916) Using 10 workers of 10 for evacuation
[2023-11-10T12:10:05.119-0800][77808751ms] GC(25916)   Pre Evacuate Collection Set: 0.0ms
[2023-11-10T12:10:05.119-0800][77808751ms] GC(25916)   Evacuate Collection Set: 2.1ms
[2023-11-10T12:10:05.119-0800][77808751ms] GC(25916)   Post Evacuate Collection Set: 3.5ms
[2023-11-10T12:10:05.119-0800][77808751ms] GC(25916)   Other: 0.2ms
[2023-11-10T12:10:05.119-0800][77808751ms] GC(25916) Eden regions: 152->0(152)
[2023-11-10T12:10:05.119-0800][77808751ms] GC(25916) Survivor regions: 1->1(20)
[2023-11-10T12:10:05.119-0800][77808751ms] GC(25916) Old regions: 1461->1461
[2023-11-10T12:10:05.119-0800][77808751ms] GC(25916) Humongous regions: 5->5
[2023-11-10T12:10:05.119-0800][77808751ms] GC(25916) Metaspace: 305043K->305043K(1349632K)
[2023-11-10T12:10:05.119-0800][77808751ms] GC(25916) Pause Young (Normal) (G1 Evacuation Pause) 3234M->2930M(3602M) 5.964ms
[2023-11-10T12:10:05.119-0800][77808751ms] GC(25916) User=0.02s Sys=0.00s Real=0.01s
[2023-11-10T12:10:05.471-0800][77809103ms] GC(25917) Pause Young (Normal) (G1 Evacuation Pause)
[2023-11-10T12:10:05.471-0800][77809103ms] GC(25917) Using 10 workers of 10 for evacuation
[2023-11-10T12:10:05.476-0800][77809108ms] GC(25917)   Pre Evacuate Collection Set: 0.0ms
[2023-11-10T12:10:05.476-0800][77809108ms] GC(25917)   Evacuate Collection Set: 1.7ms
[2023-11-10T12:10:05.476-0800][77809108ms] GC(25917)   Post Evacuate Collection Set: 3.2ms
[2023-11-10T12:10:05.477-0800][77809109ms] GC(25917)   Other: 0.2ms
[2023-11-10T12:10:05.477-0800][77809109ms] GC(25917) Eden regions: 152->0(152)
[2023-11-10T12:10:05.477-0800][77809109ms] GC(25917) Survivor regions: 1->1(20)
[2023-11-10T12:10:05.477-0800][77809109ms] GC(25917) Old regions: 1461->1461
[2023-11-10T12:10:05.477-0800][77809109ms] GC(25917) Humongous regions: 5->5
[2023-11-10T12:10:05.477-0800][77809109ms] GC(25917) Metaspace: 305043K->305043K(1349632K)
[2023-11-10T12:10:05.477-0800][77809109ms] GC(25917) Pause Young (Normal) (G1 Evacuation Pause) 3234M->2930M(3602M) 5.245ms
[2023-11-10T12:10:05.477-0800][77809109ms] GC(25917) User=0.00s Sys=0.00s Real=0.01s
[2023-11-10T12:10:05.898-0800][77809530ms] GC(25918) Pause Young (Normal) (G1 Evacuation Pause)
[2023-11-10T12:10:05.898-0800][77809530ms] GC(25918) Using 10 workers of 10 for evacuation
[2023-11-10T12:10:05.904-0800][77809536ms] GC(25918)   Pre Evacuate Collection Set: 0.0ms
[2023-11-10T12:10:05.904-0800][77809536ms] GC(25918)   Evacuate Collection Set: 1.7ms
[2023-11-10T12:10:05.904-0800][77809536ms] GC(25918)   Post Evacuate Collection Set: 3.5ms
[2023-11-10T12:10:05.904-0800][77809536ms] GC(25918)   Other: 0.3ms
[2023-11-10T12:10:05.904-0800][77809536ms] GC(25918) Eden regions: 152->0(152)
[2023-11-10T12:10:05.904-0800][77809536ms] GC(25918) Survivor regions: 1->1(20)
[2023-11-10T12:10:05.904-0800][77809536ms] GC(25918) Old regions: 1461->1461
[2023-11-10T12:10:05.904-0800][77809536ms] GC(25918) Humongous regions: 5->5
[2023-11-10T12:10:05.904-0800][77809536ms] GC(25918) Metaspace: 305043K->305043K(1349632K)
[2023-11-10T12:10:05.904-0800][77809536ms] GC(25918) Pause Young (Normal) (G1 Evacuation Pause) 3234M->2930M(3602M) 5.661ms
[2023-11-10T12:10:05.904-0800][77809536ms] GC(25918) User=0.00s Sys=0.00s Real=0.01s
[2023-11-10T12:10:06.249-0800][77809881ms] GC(25919) Pause Young (Normal) (G1 Evacuation Pause)
[2023-11-10T12:10:06.249-0800][77809881ms] GC(25919) Using 10 workers of 10 for evacuation
[2023-11-10T12:10:06.254-0800][77809886ms] GC(25919)   Pre Evacuate Collection Set: 0.0ms
[2023-11-10T12:10:06.254-0800][77809886ms] GC(25919)   Evacuate Collection Set: 1.7ms
[2023-11-10T12:10:06.254-0800][77809886ms] GC(25919)   Post Evacuate Collection Set: 3.4ms
[2023-11-10T12:10:06.255-0800][77809887ms] GC(25919)   Other: 0.3ms
[2023-11-10T12:10:06.255-0800][77809887ms] GC(25919) Eden regions: 152->0(152)
[2023-11-10T12:10:06.255-0800][77809887ms] GC(25919) Survivor regions: 1->1(20)
[2023-11-10T12:10:06.255-0800][77809887ms] GC(25919) Old regions: 1461->1461
[2023-11-10T12:10:06.255-0800][77809887ms] GC(25919) Humongous regions: 5->5
[2023-11-10T12:10:06.255-0800][77809887ms] GC(25919) Metaspace: 305043K->305043K(1349632K)
[2023-11-10T12:10:06.255-0800][77809887ms] GC(25919) Pause Young (Normal) (G1 Evacuation Pause) 3234M->2931M(3602M) 5.638ms
[2023-11-10T12:10:06.255-0800][77809887ms] GC(25919) User=0.00s Sys=0.00s Real=0.01s
[2023-11-10T12:10:06.615-0800][77810247ms] GC(25920) Pause Young (Normal) (G1 Evacuation Pause)
[2023-11-10T12:10:06.615-0800][77810247ms] GC(25920) Using 10 workers of 10 for evacuation
[2023-11-10T12:10:06.621-0800][77810253ms] GC(25920)   Pre Evacuate Collection Set: 0.0ms
[2023-11-10T12:10:06.621-0800][77810253ms] GC(25920)   Evacuate Collection Set: 1.8ms
[2023-11-10T12:10:06.621-0800][77810253ms] GC(25920)   Post Evacuate Collection Set: 4.4ms
[2023-11-10T12:10:06.621-0800][77810253ms] GC(25920)   Other: 0.3ms
[2023-11-10T12:10:06.621-0800][77810253ms] GC(25920) Eden regions: 152->0(152)
[2023-11-10T12:10:06.621-0800][77810253ms] GC(25920) Survivor regions: 1->1(20)
[2023-11-10T12:10:06.621-0800][77810253ms] GC(25920) Old regions: 1461->1461
[2023-11-10T12:10:06.621-0800][77810253ms] GC(25920) Humongous regions: 5->5
[2023-11-10T12:10:06.621-0800][77810253ms] GC(25920) Metaspace: 305043K->305043K(1349632K)
[2023-11-10T12:10:06.621-0800][77810253ms] GC(25920) Pause Young (Normal) (G1 Evacuation Pause) 3235M->2931M(3602M) 6.617ms
[2023-11-10T12:10:06.621-0800][77810253ms] GC(25920) User=0.09s Sys=0.00s Real=0.01s
[2023-11-10T12:10:07.044-0800][77810676ms] GC(25921) Pause Young (Normal) (G1 Evacuation Pause)
[2023-11-10T12:10:07.044-0800][77810676ms] GC(25921) Using 10 workers of 10 for evacuation
[2023-11-10T12:10:07.049-0800][77810681ms] GC(25921)   Pre Evacuate Collection Set: 0.0ms
[2023-11-10T12:10:07.049-0800][77810681ms] GC(25921)   Evacuate Collection Set: 1.6ms
[2023-11-10T12:10:07.049-0800][77810681ms] GC(25921)   Post Evacuate Collection Set: 3.1ms
[2023-11-10T12:10:07.049-0800][77810681ms] GC(25921)   Other: 0.2ms
[2023-11-10T12:10:07.049-0800][77810681ms] GC(25921) Eden regions: 152->0(152)
[2023-11-10T12:10:07.049-0800][77810681ms] GC(25921) Survivor regions: 1->1(20)
[2023-11-10T12:10:07.049-0800][77810681ms] GC(25921) Old regions: 1461->1461
[2023-11-10T12:10:07.049-0800][77810681ms] GC(25921) Humongous regions: 5->5
[2023-11-10T12:10:07.049-0800][77810681ms] GC(25921) Metaspace: 305043K->305043K(1349632K)
[2023-11-10T12:10:07.049-0800][77810681ms] GC(25921) Pause Young (Normal) (G1 Evacuation Pause) 3235M->2931M(3602M) 5.043ms
[2023-11-10T12:10:07.049-0800][77810681ms] GC(25921) User=0.00s Sys=0.00s Real=0.01s
[2023-11-10T12:10:07.470-0800][77811102ms] GC(25922) Pause Young (Normal) (G1 Evacuation Pause)
[2023-11-10T12:10:07.470-0800][77811102ms] GC(25922) Using 10 workers of 10 for evacuation
[2023-11-10T12:10:07.476-0800][77811108ms] GC(25922)   Pre Evacuate Collection Set: 0.1ms
[2023-11-10T12:10:07.476-0800][77811108ms] GC(25922)   Evacuate Collection Set: 1.9ms
[2023-11-10T12:10:07.476-0800][77811108ms] GC(25922)   Post Evacuate Collection Set: 3.7ms
[2023-11-10T12:10:07.476-0800][77811108ms] GC(25922)   Other: 0.4ms
[2023-11-10T12:10:07.476-0800][77811108ms] GC(25922) Eden regions: 152->0(152)
[2023-11-10T12:10:07.476-0800][77811108ms] GC(25922) Survivor regions: 1->1(20)
[2023-11-10T12:10:07.476-0800][77811108ms] GC(25922) Old regions: 1461->1461
[2023-11-10T12:10:07.476-0800][77811108ms] GC(25922) Humongous regions: 5->5
[2023-11-10T12:10:07.476-0800][77811108ms] GC(25922) Metaspace: 305043K->305043K(1349632K)
[2023-11-10T12:10:07.476-0800][77811108ms] GC(25922) Pause Young (Normal) (G1 Evacuation Pause) 3235M->2931M(3602M) 6.166ms
[2023-11-10T12:10:07.476-0800][77811108ms] GC(25922) User=0.00s Sys=0.00s Real=0.01s
[2023-11-10T12:10:07.920-0800][77811552ms] GC(25923) Pause Young (Normal) (G1 Evacuation Pause)
[2023-11-10T12:10:07.920-0800][77811552ms] GC(25923) Using 10 workers of 10 for evacuation
[2023-11-10T12:10:07.928-0800][77811560ms] GC(25923)   Pre Evacuate Collection Set: 0.1ms
[2023-11-10T12:10:07.929-0800][77811561ms] GC(25923)   Evacuate Collection Set: 1.9ms
[2023-11-10T12:10:07.929-0800][77811561ms] GC(25923)   Post Evacuate Collection Set: 6.0ms
[2023-11-10T12:10:07.929-0800][77811561ms] GC(25923)   Other: 0.5ms
[2023-11-10T12:10:07.929-0800][77811561ms] GC(25923) Eden regions: 152->0(152)
[2023-11-10T12:10:07.929-0800][77811561ms] GC(25923) Survivor regions: 1->1(20)
[2023-11-10T12:10:07.929-0800][77811561ms] GC(25923) Old regions: 1461->1461
[2023-11-10T12:10:07.929-0800][77811561ms] GC(25923) Humongous regions: 5->5
[2023-11-10T12:10:07.929-0800][77811561ms] GC(25923) Metaspace: 305043K->305043K(1349632K)
[2023-11-10T12:10:07.929-0800][77811561ms] GC(25923) Pause Young (Normal) (G1 Evacuation Pause) 3235M->2931M(3602M) 8.629ms
[2023-11-10T12:10:07.929-0800][77811561ms] GC(25923) User=0.00s Sys=0.02s Real=0.01s
[2023-11-10T12:10:08.333-0800][77811965ms] GC(25924) Pause Young (Normal) (G1 Evacuation Pause)
[2023-11-10T12:10:08.333-0800][77811965ms] GC(25924) Using 10 workers of 10 for evacuation
[2023-11-10T12:10:08.338-0800][77811970ms] GC(25924)   Pre Evacuate Collection Set: 0.0ms
[2023-11-10T12:10:08.338-0800][77811970ms] GC(25924)   Evacuate Collection Set: 1.7ms
[2023-11-10T12:10:08.338-0800][77811970ms] GC(25924)   Post Evacuate Collection Set: 3.1ms
[2023-11-10T12:10:08.338-0800][77811970ms] GC(25924)   Other: 0.4ms
[2023-11-10T12:10:08.338-0800][77811970ms] GC(25924) Eden regions: 152->0(152)
[2023-11-10T12:10:08.338-0800][77811970ms] GC(25924) Survivor regions: 1->1(20)
[2023-11-10T12:10:08.338-0800][77811970ms] GC(25924) Old regions: 1461->1461
[2023-11-10T12:10:08.338-0800][77811970ms] GC(25924) Humongous regions: 5->5
[2023-11-10T12:10:08.338-0800][77811970ms] GC(25924) Metaspace: 305043K->305043K(1349632K)
[2023-11-10T12:10:08.338-0800][77811970ms] GC(25924) Pause Young (Normal) (G1 Evacuation Pause) 3235M->2931M(3602M) 5.298ms
[2023-11-10T12:10:08.338-0800][77811970ms] GC(25924) User=0.00s Sys=0.00s Real=0.01s
[2023-11-10T12:10:08.709-0800][77812341ms] GC(25925) Pause Young (Normal) (G1 Evacuation Pause)
[2023-11-10T12:10:08.709-0800][77812341ms] GC(25925) Using 10 workers of 10 for evacuation
[2023-11-10T12:10:08.715-0800][77812347ms] GC(25925)   Pre Evacuate Collection Set: 0.0ms
[2023-11-10T12:10:08.715-0800][77812347ms] GC(25925)   Evacuate Collection Set: 1.7ms
[2023-11-10T12:10:08.715-0800][77812347ms] GC(25925)   Post Evacuate Collection Set: 3.0ms
[2023-11-10T12:10:08.715-0800][77812347ms] GC(25925)   Other: 0.3ms
[2023-11-10T12:10:08.715-0800][77812347ms] GC(25925) Eden regions: 152->0(152)
[2023-11-10T12:10:08.715-0800][77812347ms] GC(25925) Survivor regions: 1->1(20)
[2023-11-10T12:10:08.715-0800][77812347ms] GC(25925) Old regions: 1461->1461
[2023-11-10T12:10:08.715-0800][77812347ms] GC(25925) Humongous regions: 5->5
[2023-11-10T12:10:08.715-0800][77812347ms] GC(25925) Metaspace: 305043K->305043K(1349632K)
[2023-11-10T12:10:08.715-0800][77812347ms] GC(25925) Pause Young (Normal) (G1 Evacuation Pause) 3235M->2931M(3602M) 5.151ms
[2023-11-10T12:10:08.715-0800][77812347ms] GC(25925) User=0.03s Sys=0.00s Real=0.01s
[2023-11-10T12:10:09.109-0800][77812741ms] GC(25926) Pause Young (Normal) (G1 Evacuation Pause)
[2023-11-10T12:10:09.109-0800][77812741ms] GC(25926) Using 10 workers of 10 for evacuation
[2023-11-10T12:10:09.115-0800][77812747ms] GC(25926)   Pre Evacuate Collection Set: 0.0ms
[2023-11-10T12:10:09.115-0800][77812747ms] GC(25926)   Evacuate Collection Set: 1.7ms
[2023-11-10T12:10:09.115-0800][77812747ms] GC(25926)   Post Evacuate Collection Set: 3.0ms
[2023-11-10T12:10:09.115-0800][77812747ms] GC(25926)   Other: 0.3ms
[2023-11-10T12:10:09.115-0800][77812747ms] GC(25926) Eden regions: 152->0(152)
[2023-11-10T12:10:09.115-0800][77812747ms] GC(25926) Survivor regions: 1->1(20)
[2023-11-10T12:10:09.115-0800][77812747ms] GC(25926) Old regions: 1461->1461
[2023-11-10T12:10:09.115-0800][77812747ms] GC(25926) Humongous regions: 5->5
[2023-11-10T12:10:09.115-0800][77812747ms] GC(25926) Metaspace: 305043K->305043K(1349632K)
[2023-11-10T12:10:09.115-0800][77812747ms] GC(25926) Pause Young (Normal) (G1 Evacuation Pause) 3235M->2931M(3602M) 5.169ms
[2023-11-10T12:10:09.115-0800][77812747ms] GC(25926) User=0.00s Sys=0.00s Real=0.01s
[2023-11-10T12:10:09.520-0800][77813152ms] GC(25927) Pause Young (Normal) (G1 Evacuation Pause)
[2023-11-10T12:10:09.520-0800][77813154ms] GC(25927) Using 10 workers of 10 for evacuation
[2023-11-10T12:10:09.526-0800][77813158ms] GC(25927)   Pre Evacuate Collection Set: 0.0ms
[2023-11-10T12:10:09.526-0800][77813158ms] GC(25927)   Evacuate Collection Set: 1.6ms
[2023-11-10T12:10:09.526-0800][77813158ms] GC(25927)   Post Evacuate Collection Set: 3.0ms
[2023-11-10T12:10:09.526-0800][77813158ms] GC(25927)   Other: 0.3ms
[2023-11-10T12:10:09.526-0800][77813158ms] GC(25927) Eden regions: 152->0(152)
[2023-11-10T12:10:09.526-0800][77813158ms] GC(25927) Survivor regions: 1->1(20)
[2023-11-10T12:10:09.526-0800][77813158ms] GC(25927) Old regions: 1461->1461
[2023-11-10T12:10:09.526-0800][77813158ms] GC(25927) Humongous regions: 5->5
[2023-11-10T12:10:09.526-0800][77813158ms] GC(25927) Metaspace: 305043K->305043K(1349632K)
[2023-11-10T12:10:09.526-0800][77813158ms] GC(25927) Pause Young (Normal) (G1 Evacuation Pause) 3235M->2931M(3602M) 5.100ms
[2023-11-10T12:10:09.526-0800][77813158ms] GC(25927) User=0.06s Sys=0.00s Real=0.01s
[2023-11-10T12:10:09.894-0800][77813526ms] GC(25928) Pause Young (Normal) (G1 Evacuation Pause)
[2023-11-10T12:10:09.894-0800][77813526ms] GC(25928) Using 10 workers of 10 for evacuation
[2023-11-10T12:10:09.900-0800][77813532ms] GC(25928)   Pre Evacuate Collection Set: 0.0ms
[2023-11-10T12:10:09.900-0800][77813532ms] GC(25928)   Evacuate Collection Set: 1.6ms
[2023-11-10T12:10:09.900-0800][77813532ms] GC(25928)   Post Evacuate Collection Set: 3.1ms
[2023-11-10T12:10:09.900-0800][77813532ms] GC(25928)   Other: 0.3ms
[2023-11-10T12:10:09.900-0800][77813532ms] GC(25928) Eden regions: 152->0(152)
[2023-11-10T12:10:09.900-0800][77813532ms] GC(25928) Survivor regions: 1->1(20)
[2023-11-10T12:10:09.900-0800][77813532ms] GC(25928) Old regions: 1461->1461
[2023-11-10T12:10:09.900-0800][77813532ms] GC(25928) Humongous regions: 5->5
[2023-11-10T12:10:09.900-0800][77813532ms] GC(25928) Metaspace: 305043K->305043K(1349632K)
[2023-11-10T12:10:09.900-0800][77813532ms] GC(25928) Pause Young (Normal) (G1 Evacuation Pause) 3235M->2931M(3602M) 5.201ms
[2023-11-10T12:10:09.900-0800][77813532ms] GC(25928) User=0.00s Sys=0.00s Real=0.01s
[2023-11-10T12:10:10.269-0800][77813901ms] GC(25929) Pause Young (Normal) (G1 Evacuation Pause)
[2023-11-10T12:10:10.269-0800][77813901ms] GC(25929) Using 10 workers of 10 for evacuation
[2023-11-10T12:10:10.274-0800][77813906ms] GC(25929)   Pre Evacuate Collection Set: 0.0ms
[2023-11-10T12:10:10.274-0800][77813906ms] GC(25929)   Evacuate Collection Set: 1.7ms
[2023-11-10T12:10:10.274-0800][77813906ms] GC(25929)   Post Evacuate Collection Set: 3.1ms
[2023-11-10T12:10:10.274-0800][77813906ms] GC(25929)   Other: 0.3ms
[2023-11-10T12:10:10.274-0800][77813906ms] GC(25929) Eden regions: 152->0(152)
[2023-11-10T12:10:10.274-0800][77813906ms] GC(25929) Survivor regions: 1->1(20)
[2023-11-10T12:10:10.274-0800][77813906ms] GC(25929) Old regions: 1461->1461
[2023-11-10T12:10:10.274-0800][77813906ms] GC(25929) Humongous regions: 5->5
[2023-11-10T12:10:10.274-0800][77813906ms] GC(25929) Metaspace: 305043K->305043K(1349632K)
[2023-11-10T12:10:10.274-0800][77813906ms] GC(25929) Pause Young (Normal) (G1 Evacuation Pause) 3235M->2931M(3602M) 5.228ms
[2023-11-10T12:10:10.274-0800][77813906ms] GC(25929) User=0.00s Sys=0.00s Real=0.00s
[2023-11-10T12:10:10.665-0800][77814297ms] GC(25930) Pause Young (Normal) (G1 Evacuation Pause)
[2023-11-10T12:10:10.665-0800][77814297ms] GC(25930) Using 10 workers of 10 for evacuation
[2023-11-10T12:10:10.670-0800][77814302ms] GC(25930)   Pre Evacuate Collection Set: 0.0ms
[2023-11-10T12:10:10.670-0800][77814302ms] GC(25930)   Evacuate Collection Set: 1.7ms
[2023-11-10T12:10:10.670-0800][77814302ms] GC(25930)   Post Evacuate Collection Set: 3.1ms
[2023-11-10T12:10:10.671-0800][77814303ms] GC(25930)   Other: 0.4ms
[2023-11-10T12:10:10.671-0800][77814303ms] GC(25930) Eden regions: 152->0(152)
[2023-11-10T12:10:10.671-0800][77814303ms] GC(25930) Survivor regions: 1->1(20)
[2023-11-10T12:10:10.671-0800][77814303ms] GC(25930) Old regions: 1461->1461
[2023-11-10T12:10:10.671-0800][77814303ms] GC(25930) Humongous regions: 5->5
[2023-11-10T12:10:10.671-0800][77814303ms] GC(25930) Metaspace: 305043K->305043K(1349632K)
[2023-11-10T12:10:10.671-0800][77814303ms] GC(25930) Pause Young (Normal) (G1 Evacuation Pause) 3235M->2931M(3602M) 5.275ms
[2023-11-10T12:10:10.671-0800][77814303ms] GC(25930) User=0.00s Sys=0.00s Real=0.01s
[2023-11-10T12:10:11.026-0800][77814658ms] GC(25931) Pause Young (Normal) (G1 Evacuation Pause)
[2023-11-10T12:10:11.026-0800][77814658ms] GC(25931) Using 10 workers of 10 for evacuation
[2023-11-10T12:10:11.031-0800][77814663ms] GC(25931)   Pre Evacuate Collection Set: 0.0ms
[2023-11-10T12:10:11.031-0800][77814663ms] GC(25931)   Evacuate Collection Set: 1.7ms
[2023-11-10T12:10:11.031-0800][77814663ms] GC(25931)   Post Evacuate Collection Set: 3.0ms
[2023-11-10T12:10:11.031-0800][77814663ms] GC(25931)   Other: 0.2ms
[2023-11-10T12:10:11.031-0800][77814663ms] GC(25931) Eden regions: 152->0(152)
[2023-11-10T12:10:11.031-0800][77814663ms] GC(25931) Survivor regions: 1->1(20)
[2023-11-10T12:10:11.031-0800][77814663ms] GC(25931) Old regions: 1461->1461
[2023-11-10T12:10:11.031-0800][77814663ms] GC(25931) Humongous regions: 5->5
[2023-11-10T12:10:11.031-0800][77814663ms] GC(25931) Metaspace: 305043K->305043K(1349632K)
[2023-11-10T12:10:11.031-0800][77814663ms] GC(25931) Pause Young (Normal) (G1 Evacuation Pause) 3235M->2931M(3602M) 5.063ms
[2023-11-10T12:10:11.031-0800][77814663ms] GC(25931) User=0.00s Sys=0.00s Real=0.00s
[2023-11-10T12:10:11.391-0800][77815023ms] GC(25932) Pause Young (Normal) (G1 Evacuation Pause)
[2023-11-10T12:10:11.391-0800][77815023ms] GC(25932) Using 10 workers of 10 for evacuation
[2023-11-10T12:10:11.395-0800][77815027ms] GC(25932)   Pre Evacuate Collection Set: 0.0ms
[2023-11-10T12:10:11.395-0800][77815027ms] GC(25932)   Evacuate Collection Set: 1.7ms
[2023-11-10T12:10:11.395-0800][77815027ms] GC(25932)   Post Evacuate Collection Set: 3.0ms
[2023-11-10T12:10:11.395-0800][77815027ms] GC(25932)   Other: 0.2ms
[2023-11-10T12:10:11.395-0800][77815027ms] GC(25932) Eden regions: 152->0(152)
[2023-11-10T12:10:11.395-0800][77815027ms] GC(25932) Survivor regions: 1->1(20)
[2023-11-10T12:10:11.395-0800][77815027ms] GC(25932) Old regions: 1461->1461
[2023-11-10T12:10:11.395-0800][77815027ms] GC(25932) Humongous regions: 5->5
[2023-11-10T12:10:11.395-0800][77815027ms] GC(25932) Metaspace: 305043K->305043K(1349632K)
[2023-11-10T12:10:11.395-0800][77815027ms] GC(25932) Pause Young (Normal) (G1 Evacuation Pause) 3235M->2931M(3602M) 5.104ms
[2023-11-10T12:10:11.395-0800][77815027ms] GC(25932) User=0.00s Sys=0.00s Real=0.00s
[2023-11-10T12:10:11.700-0800][77815332ms] GC(25933) Pause Young (Normal) (G1 Evacuation Pause)
[2023-11-10T12:10:11.700-0800][77815332ms] GC(25933) Using 10 workers of 10 for evacuation
[2023-11-10T12:10:11.708-0800][77815340ms] GC(25933)   Pre Evacuate Collection Set: 0.1ms
[2023-11-10T12:10:11.708-0800][77815340ms] GC(25933)   Evacuate Collection Set: 2.7ms
[2023-11-10T12:10:11.708-0800][77815340ms] GC(25933)   Post Evacuate Collection Set: 5.3ms
[2023-11-10T12:10:11.709-0800][77815341ms] GC(25933)   Other: 0.4ms
[2023-11-10T12:10:11.709-0800][77815341ms] GC(25933) Eden regions: 152->0(151)
[2023-11-10T12:10:11.709-0800][77815341ms] GC(25933) Survivor regions: 1->1(20)
[2023-11-10T12:10:11.709-0800][77815341ms] GC(25933) Old regions: 1461->1461
[2023-11-10T12:10:11.709-0800][77815341ms] GC(25933) Humongous regions: 5->5
[2023-11-10T12:10:11.709-0800][77815341ms] GC(25933) Metaspace: 305043K->305043K(1349632K)
[2023-11-10T12:10:11.709-0800][77815341ms] GC(25933) Pause Young (Normal) (G1 Evacuation Pause) 3235M->2932M(3602M) 8.837ms
[2023-11-10T12:10:11.709-0800][77815341ms] GC(25933) User=0.00s Sys=0.00s Real=0.01s
[2023-11-10T12:10:12.020-0800][77815652ms] GC(25934) Pause Young (Normal) (G1 Evacuation Pause)
[2023-11-10T12:10:12.020-0800][77815652ms] GC(25934) Using 10 workers of 10 for evacuation
[2023-11-10T12:10:12.025-0800][77815657ms] GC(25934)   Pre Evacuate Collection Set: 0.0ms
[2023-11-10T12:10:12.025-0800][77815657ms] GC(25934)   Evacuate Collection Set: 1.6ms
[2023-11-10T12:10:12.025-0800][77815657ms] GC(25934)   Post Evacuate Collection Set: 3.1ms
[2023-11-10T12:10:12.025-0800][77815657ms] GC(25934)   Other: 0.2ms
[2023-11-10T12:10:12.025-0800][77815657ms] GC(25934) Eden regions: 151->0(151)
[2023-11-10T12:10:12.025-0800][77815657ms] GC(25934) Survivor regions: 1->1(19)
[2023-11-10T12:10:12.025-0800][77815657ms] GC(25934) Old regions: 1461->1461
[2023-11-10T12:10:12.025-0800][77815657ms] GC(25934) Humongous regions: 5->5
[2023-11-10T12:10:12.025-0800][77815657ms] GC(25934) Metaspace: 305043K->305043K(1349632K)
[2023-11-10T12:10:12.025-0800][77815657ms] GC(25934) Pause Young (Normal) (G1 Evacuation Pause) 3234M->2931M(3602M) 5.089ms
[2023-11-10T12:10:12.025-0800][77815657ms] GC(25934) User=0.00s Sys=0.00s Real=0.01s
[2023-11-10T12:10:12.399-0800][77816031ms] GC(25935) Pause Young (Normal) (G1 Evacuation Pause)
[2023-11-10T12:10:12.399-0800][77816031ms] GC(25935) Using 10 workers of 10 for evacuation
[2023-11-10T12:10:12.404-0800][77816036ms] GC(25935)   Pre Evacuate Collection Set: 0.1ms
[2023-11-10T12:10:12.405-0800][77816037ms] GC(25935)   Evacuate Collection Set: 2.1ms
[2023-11-10T12:10:12.405-0800][77816037ms] GC(25935)   Post Evacuate Collection Set: 3.6ms
[2023-11-10T12:10:12.405-0800][77816037ms] GC(25935)   Other: 0.3ms
[2023-11-10T12:10:12.405-0800][77816037ms] GC(25935) Eden regions: 151->0(151)
[2023-11-10T12:10:12.405-0800][77816037ms] GC(25935) Survivor regions: 1->1(19)
[2023-11-10T12:10:12.405-0800][77816037ms] GC(25935) Old regions: 1461->1461
[2023-11-10T12:10:12.405-0800][77816037ms] GC(25935) Humongous regions: 5->5
[2023-11-10T12:10:12.405-0800][77816037ms] GC(25935) Metaspace: 305043K->305043K(1349632K)
[2023-11-10T12:10:12.405-0800][77816037ms] GC(25935) Pause Young (Normal) (G1 Evacuation Pause) 3233M->2931M(3602M) 6.138ms
[2023-11-10T12:10:12.405-0800][77816037ms] GC(25935) User=0.00s Sys=0.00s Real=0.01s
[2023-11-10T12:10:12.798-0800][77816430ms] GC(25936) Pause Young (Normal) (G1 Evacuation Pause)
[2023-11-10T12:10:12.798-0800][77816430ms] GC(25936) Using 10 workers of 10 for evacuation
[2023-11-10T12:10:12.803-0800][77816435ms] GC(25936)   Pre Evacuate Collection Set: 0.0ms
[2023-11-10T12:10:12.804-0800][77816436ms] GC(25936)   Evacuate Collection Set: 1.6ms
[2023-11-10T12:10:12.804-0800][77816436ms] GC(25936)   Post Evacuate Collection Set: 3.9ms
[2023-11-10T12:10:12.804-0800][77816436ms] GC(25936)   Other: 0.3ms
[2023-11-10T12:10:12.804-0800][77816436ms] GC(25936) Eden regions: 151->0(151)
[2023-11-10T12:10:12.804-0800][77816436ms] GC(25936) Survivor regions: 1->1(19)
[2023-11-10T12:10:12.804-0800][77816436ms] GC(25936) Old regions: 1461->1461
[2023-11-10T12:10:12.804-0800][77816436ms] GC(25936) Humongous regions: 5->5
[2023-11-10T12:10:12.804-0800][77816436ms] GC(25936) Metaspace: 305043K->305043K(1349632K)
[2023-11-10T12:10:12.804-0800][77816436ms] GC(25936) Pause Young (Normal) (G1 Evacuation Pause) 3233M->2931M(3602M) 6.017ms
[2023-11-10T12:10:12.804-0800][77816436ms] GC(25936) User=0.00s Sys=0.00s Real=0.01s
[2023-11-10T12:10:13.213-0800][77816845ms] GC(25937) Pause Young (Normal) (G1 Evacuation Pause)
[2023-11-10T12:10:13.213-0800][77816845ms] GC(25937) Using 10 workers of 10 for evacuation
[2023-11-10T12:10:13.218-0800][77816850ms] GC(25937)   Pre Evacuate Collection Set: 0.0ms
[2023-11-10T12:10:13.218-0800][77816850ms] GC(25937)   Evacuate Collection Set: 1.7ms
[2023-11-10T12:10:13.218-0800][77816850ms] GC(25937)   Post Evacuate Collection Set: 3.1ms
[2023-11-10T12:10:13.218-0800][77816850ms] GC(25937)   Other: 0.2ms
[2023-11-10T12:10:13.218-0800][77816850ms] GC(25937) Eden regions: 151->0(151)
[2023-11-10T12:10:13.218-0800][77816850ms] GC(25937) Survivor regions: 1->1(19)
[2023-11-10T12:10:13.218-0800][77816850ms] GC(25937) Old regions: 1461->1461
[2023-11-10T12:10:13.218-0800][77816850ms] GC(25937) Humongous regions: 5->5
[2023-11-10T12:10:13.218-0800][77816850ms] GC(25937) Metaspace: 305043K->305043K(1349632K)
[2023-11-10T12:10:13.218-0800][77816850ms] GC(25937) Pause Young (Normal) (G1 Evacuation Pause) 3233M->2931M(3602M) 5.159ms
[2023-11-10T12:10:13.218-0800][77816850ms] GC(25937) User=0.00s Sys=0.00s Real=0.00s
[2023-11-10T12:10:13.683-0800][77817315ms] GC(25938) Pause Young (Normal) (G1 Evacuation Pause)
[2023-11-10T12:10:13.683-0800][77817315ms] GC(25938) Using 10 workers of 10 for evacuation
[2023-11-10T12:10:13.690-0800][77817322ms] GC(25938)   Pre Evacuate Collection Set: 0.0ms
[2023-11-10T12:10:13.690-0800][77817322ms] GC(25938)   Evacuate Collection Set: 1.7ms
[2023-11-10T12:10:13.690-0800][77817322ms] GC(25938)   Post Evacuate Collection Set: 3.8ms
[2023-11-10T12:10:13.690-0800][77817322ms] GC(25938)   Other: 0.3ms
[2023-11-10T12:10:13.690-0800][77817322ms] GC(25938) Eden regions: 151->0(151)
[2023-11-10T12:10:13.690-0800][77817322ms] GC(25938) Survivor regions: 1->1(19)
[2023-11-10T12:10:13.690-0800][77817322ms] GC(25938) Old regions: 1461->1461
[2023-11-10T12:10:13.690-0800][77817322ms] GC(25938) Humongous regions: 5->5
[2023-11-10T12:10:13.690-0800][77817322ms] GC(25938) Metaspace: 305043K->305043K(1349632K)
[2023-11-10T12:10:13.690-0800][77817322ms] GC(25938) Pause Young (Normal) (G1 Evacuation Pause) 3233M->2931M(3602M) 5.877ms
[2023-11-10T12:10:13.690-0800][77817322ms] GC(25938) User=0.00s Sys=0.00s Real=0.01s
[2023-11-10T12:10:14.082-0800][77817714ms] GC(25939) Pause Young (Normal) (G1 Evacuation Pause)
[2023-11-10T12:10:14.082-0800][77817714ms] GC(25939) Using 10 workers of 10 for evacuation
[2023-11-10T12:10:14.087-0800][77817719ms] GC(25939)   Pre Evacuate Collection Set: 0.0ms
[2023-11-10T12:10:14.087-0800][77817719ms] GC(25939)   Evacuate Collection Set: 1.7ms
[2023-11-10T12:10:14.087-0800][77817719ms] GC(25939)   Post Evacuate Collection Set: 3.1ms
[2023-11-10T12:10:14.087-0800][77817719ms] GC(25939)   Other: 0.2ms
[2023-11-10T12:10:14.087-0800][77817719ms] GC(25939) Eden regions: 151->0(151)
[2023-11-10T12:10:14.087-0800][77817719ms] GC(25939) Survivor regions: 1->1(19)
[2023-11-10T12:10:14.087-0800][77817719ms] GC(25939) Old regions: 1461->1461
[2023-11-10T12:10:14.087-0800][77817719ms] GC(25939) Humongous regions: 5->5
[2023-11-10T12:10:14.087-0800][77817719ms] GC(25939) Metaspace: 305043K->305043K(1349632K)
[2023-11-10T12:10:14.087-0800][77817719ms] GC(25939) Pause Young (Normal) (G1 Evacuation Pause) 3233M->2931M(3602M) 5.090ms
[2023-11-10T12:10:14.087-0800][77817719ms] GC(25939) User=0.02s Sys=0.00s Real=0.00s
[2023-11-10T12:10:14.460-0800][77818092ms] GC(25940) Pause Young (Normal) (G1 Evacuation Pause)
[2023-11-10T12:10:14.460-0800][77818092ms] GC(25940) Using 10 workers of 10 for evacuation
[2023-11-10T12:10:14.466-0800][77818098ms] GC(25940)   Pre Evacuate Collection Set: 0.0ms
[2023-11-10T12:10:14.466-0800][77818098ms] GC(25940)   Evacuate Collection Set: 1.7ms
[2023-11-10T12:10:14.466-0800][77818098ms] GC(25940)   Post Evacuate Collection Set: 3.1ms
[2023-11-10T12:10:14.466-0800][77818098ms] GC(25940)   Other: 0.3ms
[2023-11-10T12:10:14.466-0800][77818098ms] GC(25940) Eden regions: 151->0(151)
[2023-11-10T12:10:14.466-0800][77818098ms] GC(25940) Survivor regions: 1->1(19)
[2023-11-10T12:10:14.466-0800][77818098ms] GC(25940) Old regions: 1461->1461
[2023-11-10T12:10:14.466-0800][77818098ms] GC(25940) Humongous regions: 5->5
[2023-11-10T12:10:14.466-0800][77818098ms] GC(25940) Metaspace: 305043K->305043K(1349632K)
[2023-11-10T12:10:14.466-0800][77818098ms] GC(25940) Pause Young (Normal) (G1 Evacuation Pause) 3233M->2931M(3602M) 5.138ms
[2023-11-10T12:10:14.466-0800][77818098ms] GC(25940) User=0.02s Sys=0.00s Real=0.01s
[2023-11-10T12:10:14.856-0800][77818488ms] GC(25941) Pause Young (Normal) (G1 Evacuation Pause)
[2023-11-10T12:10:14.856-0800][77818488ms] GC(25941) Using 10 workers of 10 for evacuation
[2023-11-10T12:10:14.861-0800][77818493ms] GC(25941)   Pre Evacuate Collection Set: 0.0ms
[2023-11-10T12:10:14.861-0800][77818493ms] GC(25941)   Evacuate Collection Set: 1.7ms
[2023-11-10T12:10:14.861-0800][77818493ms] GC(25941)   Post Evacuate Collection Set: 3.2ms
[2023-11-10T12:10:14.861-0800][77818493ms] GC(25941)   Other: 0.3ms
[2023-11-10T12:10:14.861-0800][77818493ms] GC(25941) Eden regions: 151->0(152)
[2023-11-10T12:10:14.861-0800][77818493ms] GC(25941) Survivor regions: 1->1(19)
[2023-11-10T12:10:14.861-0800][77818493ms] GC(25941) Old regions: 1461->1461
[2023-11-10T12:10:14.861-0800][77818493ms] GC(25941) Humongous regions: 5->5
[2023-11-10T12:10:14.861-0800][77818493ms] GC(25941) Metaspace: 305043K->305043K(1349632K)
[2023-11-10T12:10:14.861-0800][77818493ms] GC(25941) Pause Young (Normal) (G1 Evacuation Pause) 3233M->2931M(3602M) 5.332ms
[2023-11-10T12:10:14.861-0800][77818493ms] GC(25941) User=0.00s Sys=0.00s Real=0.01s
[2023-11-10T12:10:15.222-0800][77818854ms] GC(25942) Pause Young (Normal) (G1 Evacuation Pause)
[2023-11-10T12:10:15.222-0800][77818854ms] GC(25942) Using 10 workers of 10 for evacuation
[2023-11-10T12:10:15.226-0800][77818858ms] GC(25942)   Pre Evacuate Collection Set: 0.0ms
[2023-11-10T12:10:15.226-0800][77818858ms] GC(25942)   Evacuate Collection Set: 1.6ms
[2023-11-10T12:10:15.226-0800][77818858ms] GC(25942)   Post Evacuate Collection Set: 3.1ms
[2023-11-10T12:10:15.226-0800][77818858ms] GC(25942)   Other: 0.2ms
[2023-11-10T12:10:15.226-0800][77818858ms] GC(25942) Eden regions: 152->0(152)
[2023-11-10T12:10:15.226-0800][77818858ms] GC(25942) Survivor regions: 1->1(20)
[2023-11-10T12:10:15.226-0800][77818858ms] GC(25942) Old regions: 1461->1461
[2023-11-10T12:10:15.226-0800][77818858ms] GC(25942) Humongous regions: 5->5
[2023-11-10T12:10:15.226-0800][77818858ms] GC(25942) Metaspace: 305043K->305043K(1349632K)
[2023-11-10T12:10:15.226-0800][77818858ms] GC(25942) Pause Young (Normal) (G1 Evacuation Pause) 3235M->2931M(3602M) 5.110ms
[2023-11-10T12:10:15.226-0800][77818858ms] GC(25942) User=0.00s Sys=0.00s Real=0.00s
[2023-11-10T12:10:15.627-0800][77819259ms] GC(25943) Pause Young (Normal) (G1 Evacuation Pause)
[2023-11-10T12:10:15.627-0800][77819259ms] GC(25943) Using 10 workers of 10 for evacuation
[2023-11-10T12:10:15.632-0800][77819264ms] GC(25943)   Pre Evacuate Collection Set: 0.1ms
[2023-11-10T12:10:15.632-0800][77819264ms] GC(25943)   Evacuate Collection Set: 1.5ms
[2023-11-10T12:10:15.632-0800][77819264ms] GC(25943)   Post Evacuate Collection Set: 3.1ms
[2023-11-10T12:10:15.632-0800][77819264ms] GC(25943)   Other: 0.3ms
[2023-11-10T12:10:15.632-0800][77819264ms] GC(25943) Eden regions: 152->0(152)
[2023-11-10T12:10:15.632-0800][77819264ms] GC(25943) Survivor regions: 1->1(20)
[2023-11-10T12:10:15.632-0800][77819264ms] GC(25943) Old regions: 1461->1461
[2023-11-10T12:10:15.632-0800][77819264ms] GC(25943) Humongous regions: 5->5
[2023-11-10T12:10:15.632-0800][77819264ms] GC(25943) Metaspace: 305043K->305043K(1349632K)
[2023-11-10T12:10:15.632-0800][77819264ms] GC(25943) Pause Young (Normal) (G1 Evacuation Pause) 3235M->2931M(3602M) 5.161ms
[2023-11-10T12:10:15.632-0800][77819264ms] GC(25943) User=0.02s Sys=0.00s Real=0.00s
[2023-11-10T12:10:15.968-0800][77819600ms] GC(25944) Pause Young (Normal) (G1 Evacuation Pause)
[2023-11-10T12:10:15.969-0800][77819601ms] GC(25944) Using 10 workers of 10 for evacuation
[2023-11-10T12:10:15.974-0800][77819606ms] GC(25944)   Pre Evacuate Collection Set: 0.0ms
[2023-11-10T12:10:15.974-0800][77819606ms] GC(25944)   Evacuate Collection Set: 1.7ms
[2023-11-10T12:10:15.974-0800][77819606ms] GC(25944)   Post Evacuate Collection Set: 3.3ms
[2023-11-10T12:10:15.974-0800][77819606ms] GC(25944)   Other: 0.3ms
[2023-11-10T12:10:15.974-0800][77819606ms] GC(25944) Eden regions: 152->0(152)
[2023-11-10T12:10:15.974-0800][77819606ms] GC(25944) Survivor regions: 1->1(20)
[2023-11-10T12:10:15.974-0800][77819606ms] GC(25944) Old regions: 1461->1461
[2023-11-10T12:10:15.974-0800][77819606ms] GC(25944) Humongous regions: 5->5
[2023-11-10T12:10:15.974-0800][77819606ms] GC(25944) Metaspace: 305043K->305043K(1349632K)
[2023-11-10T12:10:15.974-0800][77819606ms] GC(25944) Pause Young (Normal) (G1 Evacuation Pause) 3235M->2931M(3602M) 5.400ms
[2023-11-10T12:10:15.974-0800][77819606ms] GC(25944) User=0.00s Sys=0.00s Real=0.01s
[2023-11-10T12:10:16.382-0800][77820014ms] GC(25945) Pause Young (Normal) (G1 Evacuation Pause)
[2023-11-10T12:10:16.382-0800][77820014ms] GC(25945) Using 10 workers of 10 for evacuation
[2023-11-10T12:10:16.387-0800][77820019ms] GC(25945)   Pre Evacuate Collection Set: 0.1ms
[2023-11-10T12:10:16.387-0800][77820019ms] GC(25945)   Evacuate Collection Set: 1.7ms
[2023-11-10T12:10:16.387-0800][77820019ms] GC(25945)   Post Evacuate Collection Set: 2.9ms
[2023-11-10T12:10:16.387-0800][77820019ms] GC(25945)   Other: 0.3ms
[2023-11-10T12:10:16.387-0800][77820019ms] GC(25945) Eden regions: 152->0(152)
[2023-11-10T12:10:16.387-0800][77820019ms] GC(25945) Survivor regions: 1->1(20)
[2023-11-10T12:10:16.387-0800][77820019ms] GC(25945) Old regions: 1461->1461
[2023-11-10T12:10:16.387-0800][77820019ms] GC(25945) Humongous regions: 5->5
[2023-11-10T12:10:16.387-0800][77820019ms] GC(25945) Metaspace: 305043K->305043K(1349632K)
[2023-11-10T12:10:16.387-0800][77820019ms] GC(25945) Pause Young (Normal) (G1 Evacuation Pause) 3235M->2931M(3602M) 4.997ms
[2023-11-10T12:10:16.387-0800][77820019ms] GC(25945) User=0.00s Sys=0.00s Real=0.01s
[2023-11-10T12:10:16.753-0800][77820385ms] GC(25946) Pause Young (Normal) (G1 Evacuation Pause)
[2023-11-10T12:10:16.753-0800][77820385ms] GC(25946) Using 10 workers of 10 for evacuation
[2023-11-10T12:10:16.757-0800][77820390ms] GC(25946)   Pre Evacuate Collection Set: 0.0ms
[2023-11-10T12:10:16.758-0800][77820390ms] GC(25946)   Evacuate Collection Set: 1.7ms
[2023-11-10T12:10:16.758-0800][77820390ms] GC(25946)   Post Evacuate Collection Set: 2.9ms
[2023-11-10T12:10:16.758-0800][77820390ms] GC(25946)   Other: 0.3ms
[2023-11-10T12:10:16.758-0800][77820390ms] GC(25946) Eden regions: 152->0(152)
[2023-11-10T12:10:16.758-0800][77820390ms] GC(25946) Survivor regions: 1->1(20)
[2023-11-10T12:10:16.758-0800][77820390ms] GC(25946) Old regions: 1461->1461
[2023-11-10T12:10:16.758-0800][77820390ms] GC(25946) Humongous regions: 5->5
[2023-11-10T12:10:16.758-0800][77820390ms] GC(25946) Metaspace: 305043K->305043K(1349632K)
[2023-11-10T12:10:16.758-0800][77820390ms] GC(25946) Pause Young (Normal) (G1 Evacuation Pause) 3235M->2931M(3602M) 4.982ms
[2023-11-10T12:10:16.758-0800][77820390ms] GC(25946) User=0.00s Sys=0.00s Real=0.00s
[2023-11-10T12:10:17.123-0800][77820755ms] GC(25947) Pause Young (Normal) (G1 Evacuation Pause)
[2023-11-10T12:10:17.123-0800][77820755ms] GC(25947) Using 10 workers of 10 for evacuation
[2023-11-10T12:10:17.129-0800][77820761ms] GC(25947)   Pre Evacuate Collection Set: 0.1ms
[2023-11-10T12:10:17.129-0800][77820761ms] GC(25947)   Evacuate Collection Set: 1.7ms
[2023-11-10T12:10:17.129-0800][77820761ms] GC(25947)   Post Evacuate Collection Set: 3.9ms
[2023-11-10T12:10:17.129-0800][77820761ms] GC(25947)   Other: 0.3ms
[2023-11-10T12:10:17.129-0800][77820761ms] GC(25947) Eden regions: 152->0(152)
[2023-11-10T12:10:17.129-0800][77820761ms] GC(25947) Survivor regions: 1->1(20)
[2023-11-10T12:10:17.129-0800][77820761ms] GC(25947) Old regions: 1461->1461
[2023-11-10T12:10:17.129-0800][77820761ms] GC(25947) Humongous regions: 5->5
[2023-11-10T12:10:17.129-0800][77820761ms] GC(25947) Metaspace: 305043K->305043K(1349632K)
[2023-11-10T12:10:17.129-0800][77820761ms] GC(25947) Pause Young (Normal) (G1 Evacuation Pause) 3235M->2932M(3602M) 6.126ms
[2023-11-10T12:10:17.129-0800][77820761ms] GC(25947) User=0.00s Sys=0.00s Real=0.01s
[2023-11-10T12:10:17.459-0800][77821091ms] GC(25948) Pause Young (Normal) (G1 Evacuation Pause)
[2023-11-10T12:10:17.459-0800][77821091ms] GC(25948) Using 10 workers of 10 for evacuation
[2023-11-10T12:10:17.464-0800][77821096ms] GC(25948)   Pre Evacuate Collection Set: 0.0ms
[2023-11-10T12:10:17.464-0800][77821096ms] GC(25948)   Evacuate Collection Set: 1.7ms
[2023-11-10T12:10:17.464-0800][77821096ms] GC(25948)   Post Evacuate Collection Set: 3.0ms
[2023-11-10T12:10:17.464-0800][77821096ms] GC(25948)   Other: 0.2ms
[2023-11-10T12:10:17.464-0800][77821096ms] GC(25948) Eden regions: 152->0(152)
[2023-11-10T12:10:17.464-0800][77821096ms] GC(25948) Survivor regions: 1->1(20)
[2023-11-10T12:10:17.464-0800][77821096ms] GC(25948) Old regions: 1461->1461
[2023-11-10T12:10:17.464-0800][77821096ms] GC(25948) Humongous regions: 5->5
[2023-11-10T12:10:17.464-0800][77821096ms] GC(25948) Metaspace: 305043K->305043K(1349632K)
[2023-11-10T12:10:17.464-0800][77821096ms] GC(25948) Pause Young (Normal) (G1 Evacuation Pause) 3236M->2931M(3602M) 5.085ms
[2023-11-10T12:10:17.465-0800][77821097ms] GC(25948) User=0.08s Sys=0.00s Real=0.01s
[2023-11-10T12:10:17.824-0800][77821456ms] GC(25949) Pause Young (Normal) (G1 Evacuation Pause)
[2023-11-10T12:10:17.824-0800][77821456ms] GC(25949) Using 10 workers of 10 for evacuation
[2023-11-10T12:10:17.830-0800][77821462ms] GC(25949)   Pre Evacuate Collection Set: 0.0ms
[2023-11-10T12:10:17.830-0800][77821462ms] GC(25949)   Evacuate Collection Set: 1.8ms
[2023-11-10T12:10:17.830-0800][77821462ms] GC(25949)   Post Evacuate Collection Set: 3.7ms
[2023-11-10T12:10:17.830-0800][77821462ms] GC(25949)   Other: 0.3ms
[2023-11-10T12:10:17.830-0800][77821462ms] GC(25949) Eden regions: 152->0(152)
[2023-11-10T12:10:17.830-0800][77821462ms] GC(25949) Survivor regions: 1->1(20)
[2023-11-10T12:10:17.830-0800][77821462ms] GC(25949) Old regions: 1461->1461
[2023-11-10T12:10:17.830-0800][77821462ms] GC(25949) Humongous regions: 5->5
[2023-11-10T12:10:17.830-0800][77821462ms] GC(25949) Metaspace: 305043K->305043K(1349632K)
[2023-11-10T12:10:17.830-0800][77821462ms] GC(25949) Pause Young (Normal) (G1 Evacuation Pause) 3235M->2932M(3602M) 5.981ms
[2023-11-10T12:10:17.830-0800][77821462ms] GC(25949) User=0.00s Sys=0.00s Real=0.01s
[2023-11-10T12:10:18.211-0800][77821843ms] GC(25950) Pause Young (Normal) (G1 Evacuation Pause)
[2023-11-10T12:10:18.211-0800][77821843ms] GC(25950) Using 10 workers of 10 for evacuation
[2023-11-10T12:10:18.217-0800][77821849ms] GC(25950)   Pre Evacuate Collection Set: 0.0ms
[2023-11-10T12:10:18.217-0800][77821849ms] GC(25950)   Evacuate Collection Set: 2.1ms
[2023-11-10T12:10:18.217-0800][77821849ms] GC(25950)   Post Evacuate Collection Set: 3.9ms
[2023-11-10T12:10:18.217-0800][77821849ms] GC(25950)   Other: 0.3ms
[2023-11-10T12:10:18.217-0800][77821849ms] GC(25950) Eden regions: 152->0(151)
[2023-11-10T12:10:18.217-0800][77821849ms] GC(25950) Survivor regions: 1->1(20)
[2023-11-10T12:10:18.217-0800][77821849ms] GC(25950) Old regions: 1461->1461
[2023-11-10T12:10:18.217-0800][77821849ms] GC(25950) Humongous regions: 5->5
[2023-11-10T12:10:18.217-0800][77821849ms] GC(25950) Metaspace: 305043K->305043K(1349632K)
[2023-11-10T12:10:18.217-0800][77821849ms] GC(25950) Pause Young (Normal) (G1 Evacuation Pause) 3236M->2932M(3602M) 6.348ms
[2023-11-10T12:10:18.218-0800][77821850ms] GC(25950) User=0.00s Sys=0.00s Real=0.01s
[2023-11-10T12:10:18.601-0800][77822233ms] GC(25951) Pause Young (Normal) (G1 Evacuation Pause)
[2023-11-10T12:10:18.601-0800][77822233ms] GC(25951) Using 10 workers of 10 for evacuation
[2023-11-10T12:10:18.606-0800][77822238ms] GC(25951)   Pre Evacuate Collection Set: 0.0ms
[2023-11-10T12:10:18.606-0800][77822238ms] GC(25951)   Evacuate Collection Set: 1.7ms
[2023-11-10T12:10:18.606-0800][77822238ms] GC(25951)   Post Evacuate Collection Set: 3.0ms
[2023-11-10T12:10:18.606-0800][77822238ms] GC(25951)   Other: 0.3ms
[2023-11-10T12:10:18.606-0800][77822238ms] GC(25951) Eden regions: 151->0(151)
[2023-11-10T12:10:18.606-0800][77822238ms] GC(25951) Survivor regions: 1->1(19)
[2023-11-10T12:10:18.606-0800][77822238ms] GC(25951) Old regions: 1461->1461
[2023-11-10T12:10:18.606-0800][77822238ms] GC(25951) Humongous regions: 5->5
[2023-11-10T12:10:18.606-0800][77822238ms] GC(25951) Metaspace: 305043K->305043K(1349632K)
[2023-11-10T12:10:18.606-0800][77822238ms] GC(25951) Pause Young (Normal) (G1 Evacuation Pause) 3234M->2931M(3602M) 5.130ms
[2023-11-10T12:10:18.606-0800][77822238ms] GC(25951) User=0.00s Sys=0.00s Real=0.00s
[2023-11-10T12:10:18.911-0800][77822543ms] GC(25952) Pause Young (Normal) (G1 Evacuation Pause)
[2023-11-10T12:10:18.911-0800][77822543ms] GC(25952) Using 10 workers of 10 for evacuation
[2023-11-10T12:10:18.915-0800][77822547ms] GC(25952)   Pre Evacuate Collection Set: 0.0ms
[2023-11-10T12:10:18.915-0800][77822547ms] GC(25952)   Evacuate Collection Set: 1.6ms
[2023-11-10T12:10:18.915-0800][77822547ms] GC(25952)   Post Evacuate Collection Set: 2.8ms
[2023-11-10T12:10:18.915-0800][77822547ms] GC(25952)   Other: 0.2ms
[2023-11-10T12:10:18.915-0800][77822547ms] GC(25952) Eden regions: 151->0(151)
[2023-11-10T12:10:18.915-0800][77822547ms] GC(25952) Survivor regions: 1->1(19)
[2023-11-10T12:10:18.915-0800][77822547ms] GC(25952) Old regions: 1461->1461
[2023-11-10T12:10:18.915-0800][77822547ms] GC(25952) Humongous regions: 5->5
[2023-11-10T12:10:18.915-0800][77822547ms] GC(25952) Metaspace: 305043K->305043K(1349632K)
[2023-11-10T12:10:18.915-0800][77822547ms] GC(25952) Pause Young (Normal) (G1 Evacuation Pause) 3233M->2931M(3602M) 4.793ms
[2023-11-10T12:10:18.916-0800][77822548ms] GC(25952) User=0.05s Sys=0.00s Real=0.00s
[2023-11-10T12:10:19.313-0800][77822945ms] GC(25953) Pause Young (Normal) (G1 Evacuation Pause)
[2023-11-10T12:10:19.313-0800][77822945ms] GC(25953) Using 10 workers of 10 for evacuation
[2023-11-10T12:10:19.318-0800][77822950ms] GC(25953)   Pre Evacuate Collection Set: 0.0ms
[2023-11-10T12:10:19.318-0800][77822950ms] GC(25953)   Evacuate Collection Set: 1.7ms
[2023-11-10T12:10:19.318-0800][77822950ms] GC(25953)   Post Evacuate Collection Set: 2.9ms
[2023-11-10T12:10:19.318-0800][77822950ms] GC(25953)   Other: 0.2ms
[2023-11-10T12:10:19.318-0800][77822950ms] GC(25953) Eden regions: 151->0(151)
[2023-11-10T12:10:19.318-0800][77822950ms] GC(25953) Survivor regions: 1->1(19)
[2023-11-10T12:10:19.318-0800][77822950ms] GC(25953) Old regions: 1461->1461
[2023-11-10T12:10:19.318-0800][77822950ms] GC(25953) Humongous regions: 5->5
[2023-11-10T12:10:19.318-0800][77822950ms] GC(25953) Metaspace: 305043K->305043K(1349632K)
[2023-11-10T12:10:19.318-0800][77822950ms] GC(25953) Pause Young (Normal) (G1 Evacuation Pause) 3233M->2931M(3602M) 4.958ms
[2023-11-10T12:10:19.318-0800][77822950ms] GC(25953) User=0.00s Sys=0.00s Real=0.01s
[2023-11-10T12:10:19.761-0800][77823393ms] GC(25954) Pause Young (Normal) (G1 Evacuation Pause)
[2023-11-10T12:10:19.761-0800][77823393ms] GC(25954) Using 10 workers of 10 for evacuation
[2023-11-10T12:10:19.767-0800][77823399ms] GC(25954)   Pre Evacuate Collection Set: 0.0ms
[2023-11-10T12:10:19.767-0800][77823399ms] GC(25954)   Evacuate Collection Set: 1.7ms
[2023-11-10T12:10:19.767-0800][77823399ms] GC(25954)   Post Evacuate Collection Set: 3.7ms
[2023-11-10T12:10:19.767-0800][77823399ms] GC(25954)   Other: 0.3ms
[2023-11-10T12:10:19.767-0800][77823399ms] GC(25954) Eden regions: 151->0(151)
[2023-11-10T12:10:19.767-0800][77823399ms] GC(25954) Survivor regions: 1->1(19)
[2023-11-10T12:10:19.767-0800][77823399ms] GC(25954) Old regions: 1461->1461
[2023-11-10T12:10:19.767-0800][77823399ms] GC(25954) Humongous regions: 5->5
[2023-11-10T12:10:19.767-0800][77823399ms] GC(25954) Metaspace: 305043K->305043K(1349632K)
[2023-11-10T12:10:19.768-0800][77823400ms] GC(25954) Pause Young (Normal) (G1 Evacuation Pause) 3233M->2931M(3602M) 5.925ms
[2023-11-10T12:10:19.768-0800][77823400ms] GC(25954) User=0.00s Sys=0.00s Real=0.01s
[2023-11-10T12:10:20.162-0800][77823794ms] GC(25955) Pause Young (Normal) (G1 Evacuation Pause)
[2023-11-10T12:10:20.162-0800][77823794ms] GC(25955) Using 10 workers of 10 for evacuation
[2023-11-10T12:10:20.166-0800][77823798ms] GC(25955)   Pre Evacuate Collection Set: 0.0ms
[2023-11-10T12:10:20.166-0800][77823798ms] GC(25955)   Evacuate Collection Set: 1.6ms
[2023-11-10T12:10:20.166-0800][77823798ms] GC(25955)   Post Evacuate Collection Set: 3.0ms
[2023-11-10T12:10:20.166-0800][77823798ms] GC(25955)   Other: 0.2ms
[2023-11-10T12:10:20.166-0800][77823798ms] GC(25955) Eden regions: 151->0(151)
[2023-11-10T12:10:20.166-0800][77823798ms] GC(25955) Survivor regions: 1->1(19)
[2023-11-10T12:10:20.166-0800][77823798ms] GC(25955) Old regions: 1461->1461
[2023-11-10T12:10:20.166-0800][77823798ms] GC(25955) Humongous regions: 5->5
[2023-11-10T12:10:20.166-0800][77823798ms] GC(25955) Metaspace: 305043K->305043K(1349632K)
[2023-11-10T12:10:20.166-0800][77823798ms] GC(25955) Pause Young (Normal) (G1 Evacuation Pause) 3233M->2931M(3602M) 5.017ms
[2023-11-10T12:10:20.166-0800][77823798ms] GC(25955) User=0.05s Sys=0.00s Real=0.00s
[2023-11-10T12:10:20.559-0800][77824191ms] GC(25956) Pause Young (Normal) (G1 Evacuation Pause)
[2023-11-10T12:10:20.559-0800][77824191ms] GC(25956) Using 10 workers of 10 for evacuation
[2023-11-10T12:10:20.564-0800][77824196ms] GC(25956)   Pre Evacuate Collection Set: 0.0ms
[2023-11-10T12:10:20.564-0800][77824196ms] GC(25956)   Evacuate Collection Set: 1.6ms
[2023-11-10T12:10:20.564-0800][77824196ms] GC(25956)   Post Evacuate Collection Set: 3.0ms
[2023-11-10T12:10:20.564-0800][77824196ms] GC(25956)   Other: 0.3ms
[2023-11-10T12:10:20.564-0800][77824196ms] GC(25956) Eden regions: 151->0(151)
[2023-11-10T12:10:20.564-0800][77824196ms] GC(25956) Survivor regions: 1->1(19)
[2023-11-10T12:10:20.564-0800][77824196ms] GC(25956) Old regions: 1461->1461
[2023-11-10T12:10:20.564-0800][77824196ms] GC(25956) Humongous regions: 5->5
[2023-11-10T12:10:20.564-0800][77824196ms] GC(25956) Metaspace: 305043K->305043K(1349632K)
[2023-11-10T12:10:20.564-0800][77824196ms] GC(25956) Pause Young (Normal) (G1 Evacuation Pause) 3233M->2931M(3602M) 5.090ms
[2023-11-10T12:10:20.564-0800][77824196ms] GC(25956) User=0.00s Sys=0.00s Real=0.00s
[2023-11-10T12:10:20.883-0800][77824515ms] GC(25957) Pause Young (Normal) (G1 Evacuation Pause)
[2023-11-10T12:10:20.883-0800][77824515ms] GC(25957) Using 10 workers of 10 for evacuation
[2023-11-10T12:10:20.889-0800][77824521ms] GC(25957)   Pre Evacuate Collection Set: 0.0ms
[2023-11-10T12:10:20.889-0800][77824521ms] GC(25957)   Evacuate Collection Set: 1.6ms
[2023-11-10T12:10:20.889-0800][77824521ms] GC(25957)   Post Evacuate Collection Set: 3.0ms
[2023-11-10T12:10:20.889-0800][77824521ms] GC(25957)   Other: 0.2ms
[2023-11-10T12:10:20.889-0800][77824521ms] GC(25957) Eden regions: 151->0(152)
[2023-11-10T12:10:20.889-0800][77824521ms] GC(25957) Survivor regions: 1->1(19)
[2023-11-10T12:10:20.889-0800][77824521ms] GC(25957) Old regions: 1461->1461
[2023-11-10T12:10:20.889-0800][77824521ms] GC(25957) Humongous regions: 5->5
[2023-11-10T12:10:20.889-0800][77824521ms] GC(25957) Metaspace: 305043K->305043K(1349632K)
[2023-11-10T12:10:20.889-0800][77824521ms] GC(25957) Pause Young (Normal) (G1 Evacuation Pause) 3233M->2931M(3602M) 5.023ms
[2023-11-10T12:10:20.889-0800][77824521ms] GC(25957) User=0.00s Sys=0.00s Real=0.01s
[2023-11-10T12:10:21.246-0800][77824878ms] GC(25958) Pause Young (Normal) (G1 Evacuation Pause)
[2023-11-10T12:10:21.246-0800][77824878ms] GC(25958) Using 10 workers of 10 for evacuation
[2023-11-10T12:10:21.250-0800][77824882ms] GC(25958)   Pre Evacuate Collection Set: 0.0ms
[2023-11-10T12:10:21.250-0800][77824882ms] GC(25958)   Evacuate Collection Set: 1.7ms
[2023-11-10T12:10:21.250-0800][77824882ms] GC(25958)   Post Evacuate Collection Set: 3.0ms
[2023-11-10T12:10:21.250-0800][77824882ms] GC(25958)   Other: 0.2ms
[2023-11-10T12:10:21.250-0800][77824882ms] GC(25958) Eden regions: 152->0(152)
[2023-11-10T12:10:21.250-0800][77824882ms] GC(25958) Survivor regions: 1->1(20)
[2023-11-10T12:10:21.250-0800][77824882ms] GC(25958) Old regions: 1461->1461
[2023-11-10T12:10:21.250-0800][77824882ms] GC(25958) Humongous regions: 5->5
[2023-11-10T12:10:21.250-0800][77824882ms] GC(25958) Metaspace: 305043K->305043K(1349632K)
[2023-11-10T12:10:21.250-0800][77824882ms] GC(25958) Pause Young (Normal) (G1 Evacuation Pause) 3235M->2931M(3602M) 5.078ms
[2023-11-10T12:10:21.250-0800][77824882ms] GC(25958) User=0.00s Sys=0.00s Real=0.00s
[2023-11-10T12:10:21.625-0800][77825257ms] GC(25959) Pause Young (Normal) (G1 Evacuation Pause)
[2023-11-10T12:10:21.625-0800][77825257ms] GC(25959) Using 10 workers of 10 for evacuation
[2023-11-10T12:10:21.632-0800][77825264ms] GC(25959)   Pre Evacuate Collection Set: 0.1ms
[2023-11-10T12:10:21.632-0800][77825264ms] GC(25959)   Evacuate Collection Set: 2.3ms
[2023-11-10T12:10:21.632-0800][77825264ms] GC(25959)   Post Evacuate Collection Set: 4.3ms
[2023-11-10T12:10:21.632-0800][77825264ms] GC(25959)   Other: 0.4ms
[2023-11-10T12:10:21.632-0800][77825264ms] GC(25959) Eden regions: 152->0(151)
[2023-11-10T12:10:21.632-0800][77825264ms] GC(25959) Survivor regions: 1->1(20)
[2023-11-10T12:10:21.632-0800][77825264ms] GC(25959) Old regions: 1461->1461
[2023-11-10T12:10:21.632-0800][77825264ms] GC(25959) Humongous regions: 5->5
[2023-11-10T12:10:21.632-0800][77825264ms] GC(25959) Metaspace: 305043K->305043K(1349632K)
[2023-11-10T12:10:21.633-0800][77825265ms] GC(25959) Pause Young (Normal) (G1 Evacuation Pause) 3235M->2932M(3602M) 7.156ms
[2023-11-10T12:10:21.634-0800][77825266ms] GC(25959) User=0.00s Sys=0.00s Real=0.01s
[2023-11-10T12:10:21.971-0800][77825603ms] GC(25960) Pause Young (Normal) (G1 Evacuation Pause)
[2023-11-10T12:10:21.971-0800][77825603ms] GC(25960) Using 10 workers of 10 for evacuation
[2023-11-10T12:10:21.978-0800][77825610ms] GC(25960)   Pre Evacuate Collection Set: 0.1ms
[2023-11-10T12:10:21.978-0800][77825610ms] GC(25960)   Evacuate Collection Set: 1.9ms
[2023-11-10T12:10:21.978-0800][77825610ms] GC(25960)   Post Evacuate Collection Set: 4.6ms
[2023-11-10T12:10:21.978-0800][77825610ms] GC(25960)   Other: 0.4ms
[2023-11-10T12:10:21.978-0800][77825610ms] GC(25960) Eden regions: 151->0(151)
[2023-11-10T12:10:21.978-0800][77825610ms] GC(25960) Survivor regions: 1->1(19)
[2023-11-10T12:10:21.978-0800][77825610ms] GC(25960) Old regions: 1461->1461
[2023-11-10T12:10:21.978-0800][77825610ms] GC(25960) Humongous regions: 5->5
[2023-11-10T12:10:21.978-0800][77825610ms] GC(25960) Metaspace: 305043K->305043K(1349632K)
[2023-11-10T12:10:21.978-0800][77825610ms] GC(25960) Pause Young (Normal) (G1 Evacuation Pause) 3234M->2932M(3602M) 7.100ms
[2023-11-10T12:10:21.978-0800][77825610ms] GC(25960) User=0.00s Sys=0.00s Real=0.01s
[2023-11-10T12:10:22.317-0800][77825949ms] GC(25961) Pause Young (Normal) (G1 Evacuation Pause)
[2023-11-10T12:10:22.317-0800][77825949ms] GC(25961) Using 10 workers of 10 for evacuation
[2023-11-10T12:10:22.327-0800][77825959ms] GC(25961)   Pre Evacuate Collection Set: 0.0ms
[2023-11-10T12:10:22.327-0800][77825959ms] GC(25961)   Evacuate Collection Set: 1.8ms
[2023-11-10T12:10:22.327-0800][77825959ms] GC(25961)   Post Evacuate Collection Set: 8.4ms
[2023-11-10T12:10:22.327-0800][77825959ms] GC(25961)   Other: 0.3ms
[2023-11-10T12:10:22.327-0800][77825959ms] GC(25961) Eden regions: 151->0(151)
[2023-11-10T12:10:22.327-0800][77825959ms] GC(25961) Survivor regions: 1->1(19)
[2023-11-10T12:10:22.327-0800][77825959ms] GC(25961) Old regions: 1461->1461
[2023-11-10T12:10:22.327-0800][77825959ms] GC(25961) Humongous regions: 5->5
[2023-11-10T12:10:22.327-0800][77825959ms] GC(25961) Metaspace: 305043K->305043K(1349632K)
[2023-11-10T12:10:22.327-0800][77825959ms] GC(25961) Pause Young (Normal) (G1 Evacuation Pause) 3234M->2932M(3602M) 10.606ms
[2023-11-10T12:10:22.328-0800][77825960ms] GC(25961) User=0.02s Sys=0.00s Real=0.01s
[2023-11-10T12:10:22.667-0800][77826299ms] GC(25962) Pause Young (Normal) (G1 Evacuation Pause)
[2023-11-10T12:10:22.667-0800][77826299ms] GC(25962) Using 10 workers of 10 for evacuation
[2023-11-10T12:10:22.672-0800][77826304ms] GC(25962)   Pre Evacuate Collection Set: 0.1ms
[2023-11-10T12:10:22.672-0800][77826304ms] GC(25962)   Evacuate Collection Set: 2.1ms
[2023-11-10T12:10:22.672-0800][77826304ms] GC(25962)   Post Evacuate Collection Set: 3.5ms
[2023-11-10T12:10:22.672-0800][77826304ms] GC(25962)   Other: 0.3ms
[2023-11-10T12:10:22.672-0800][77826304ms] GC(25962) Eden regions: 151->0(151)
[2023-11-10T12:10:22.673-0800][77826305ms] GC(25962) Survivor regions: 1->1(19)
[2023-11-10T12:10:22.673-0800][77826305ms] GC(25962) Old regions: 1461->1461
[2023-11-10T12:10:22.673-0800][77826305ms] GC(25962) Humongous regions: 5->5
[2023-11-10T12:10:22.673-0800][77826305ms] GC(25962) Metaspace: 305043K->305043K(1349632K)
[2023-11-10T12:10:22.673-0800][77826305ms] GC(25962) Pause Young (Normal) (G1 Evacuation Pause) 3234M->2932M(3602M) 6.010ms
[2023-11-10T12:10:22.673-0800][77826305ms] GC(25962) User=0.00s Sys=0.00s Real=0.01s
[2023-11-10T12:10:23.004-0800][77826636ms] GC(25963) Pause Young (Normal) (G1 Evacuation Pause)
[2023-11-10T12:10:23.004-0800][77826636ms] GC(25963) Using 10 workers of 10 for evacuation
[2023-11-10T12:10:23.008-0800][77826640ms] GC(25963)   Pre Evacuate Collection Set: 0.0ms
[2023-11-10T12:10:23.008-0800][77826640ms] GC(25963)   Evacuate Collection Set: 1.8ms
[2023-11-10T12:10:23.008-0800][77826640ms] GC(25963)   Post Evacuate Collection Set: 3.1ms
[2023-11-10T12:10:23.008-0800][77826640ms] GC(25963)   Other: 0.2ms
[2023-11-10T12:10:23.008-0800][77826640ms] GC(25963) Eden regions: 151->0(152)
[2023-11-10T12:10:23.008-0800][77826640ms] GC(25963) Survivor regions: 1->1(19)
[2023-11-10T12:10:23.009-0800][77826641ms] GC(25963) Old regions: 1461->1461
[2023-11-10T12:10:23.009-0800][77826641ms] GC(25963) Humongous regions: 5->5
[2023-11-10T12:10:23.009-0800][77826641ms] GC(25963) Metaspace: 305043K->305043K(1349632K)
[2023-11-10T12:10:23.009-0800][77826641ms] GC(25963) Pause Young (Normal) (G1 Evacuation Pause) 3234M->2932M(3602M) 5.292ms
[2023-11-10T12:10:23.009-0800][77826641ms] GC(25963) User=0.00s Sys=0.00s Real=0.01s
[2023-11-10T12:10:23.376-0800][77827008ms] GC(25964) Pause Young (Normal) (GCLocker Initiated GC)
[2023-11-10T12:10:23.376-0800][77827008ms] GC(25964) Using 10 workers of 10 for evacuation
[2023-11-10T12:10:23.382-0800][77827014ms] GC(25964)   Pre Evacuate Collection Set: 0.0ms
[2023-11-10T12:10:23.382-0800][77827014ms] GC(25964)   Evacuate Collection Set: 1.7ms
[2023-11-10T12:10:23.382-0800][77827014ms] GC(25964)   Post Evacuate Collection Set: 3.6ms
[2023-11-10T12:10:23.382-0800][77827014ms] GC(25964)   Other: 0.3ms
[2023-11-10T12:10:23.382-0800][77827014ms] GC(25964) Eden regions: 153->0(152)
[2023-11-10T12:10:23.382-0800][77827014ms] GC(25964) Survivor regions: 1->1(20)
[2023-11-10T12:10:23.382-0800][77827014ms] GC(25964) Old regions: 1461->1461
[2023-11-10T12:10:23.382-0800][77827014ms] GC(25964) Humongous regions: 5->5
[2023-11-10T12:10:23.382-0800][77827014ms] GC(25964) Metaspace: 305043K->305043K(1349632K)
[2023-11-10T12:10:23.382-0800][77827014ms] GC(25964) Pause Young (Normal) (GCLocker Initiated GC) 3237M->2932M(3602M) 5.771ms
[2023-11-10T12:10:23.382-0800][77827014ms] GC(25964) User=0.00s Sys=0.00s Real=0.01s
[2023-11-10T12:10:23.767-0800][77827399ms] GC(25965) Pause Young (Normal) (GCLocker Initiated GC)
[2023-11-10T12:10:23.767-0800][77827399ms] GC(25965) Using 10 workers of 10 for evacuation
[2023-11-10T12:10:23.772-0800][77827404ms] GC(25965)   Pre Evacuate Collection Set: 0.0ms
[2023-11-10T12:10:23.772-0800][77827404ms] GC(25965)   Evacuate Collection Set: 1.6ms
[2023-11-10T12:10:23.772-0800][77827404ms] GC(25965)   Post Evacuate Collection Set: 3.1ms
[2023-11-10T12:10:23.772-0800][77827404ms] GC(25965)   Other: 0.2ms
[2023-11-10T12:10:23.772-0800][77827404ms] GC(25965) Eden regions: 152->0(152)
[2023-11-10T12:10:23.772-0800][77827404ms] GC(25965) Survivor regions: 1->1(20)
[2023-11-10T12:10:23.772-0800][77827404ms] GC(25965) Old regions: 1461->1461
[2023-11-10T12:10:23.772-0800][77827404ms] GC(25965) Humongous regions: 5->5
[2023-11-10T12:10:23.772-0800][77827404ms] GC(25965) Metaspace: 305043K->305043K(1349632K)
[2023-11-10T12:10:23.772-0800][77827404ms] GC(25965) Pause Young (Normal) (GCLocker Initiated GC) 3236M->2932M(3602M) 5.128ms
[2023-11-10T12:10:23.772-0800][77827404ms] GC(25965) User=0.00s Sys=0.00s Real=0.01s
[2023-11-10T12:10:24.182-0800][77827814ms] GC(25966) Pause Young (Normal) (GCLocker Initiated GC)
[2023-11-10T12:10:24.182-0800][77827814ms] GC(25966) Using 10 workers of 10 for evacuation
[2023-11-10T12:10:24.189-0800][77827821ms] GC(25966)   Pre Evacuate Collection Set: 0.0ms
[2023-11-10T12:10:24.189-0800][77827821ms] GC(25966)   Evacuate Collection Set: 1.7ms
[2023-11-10T12:10:24.189-0800][77827821ms] GC(25966)   Post Evacuate Collection Set: 3.9ms
[2023-11-10T12:10:24.189-0800][77827821ms] GC(25966)   Other: 0.4ms
[2023-11-10T12:10:24.189-0800][77827821ms] GC(25966) Eden regions: 152->0(152)
[2023-11-10T12:10:24.189-0800][77827821ms] GC(25966) Survivor regions: 1->1(20)
[2023-11-10T12:10:24.189-0800][77827821ms] GC(25966) Old regions: 1461->1461
[2023-11-10T12:10:24.189-0800][77827821ms] GC(25966) Humongous regions: 5->5
[2023-11-10T12:10:24.189-0800][77827821ms] GC(25966) Metaspace: 305043K->305043K(1349632K)
[2023-11-10T12:10:24.189-0800][77827821ms] GC(25966) Pause Young (Normal) (GCLocker Initiated GC) 3236M->2932M(3602M) 6.228ms
[2023-11-10T12:10:24.189-0800][77827821ms] GC(25966) User=0.00s Sys=0.00s Real=0.01s
[2023-11-10T12:10:24.594-0800][77828226ms] GC(25967) Pause Young (Normal) (GCLocker Initiated GC)
[2023-11-10T12:10:24.594-0800][77828226ms] GC(25967) Using 10 workers of 10 for evacuation
[2023-11-10T12:10:24.601-0800][77828233ms] GC(25967)   Pre Evacuate Collection Set: 0.1ms
[2023-11-10T12:10:24.601-0800][77828233ms] GC(25967)   Evacuate Collection Set: 2.1ms
[2023-11-10T12:10:24.601-0800][77828233ms] GC(25967)   Post Evacuate Collection Set: 4.2ms
[2023-11-10T12:10:24.601-0800][77828233ms] GC(25967)   Other: 0.3ms
[2023-11-10T12:10:24.601-0800][77828233ms] GC(25967) Eden regions: 152->0(152)
[2023-11-10T12:10:24.601-0800][77828233ms] GC(25967) Survivor regions: 1->1(20)
[2023-11-10T12:10:24.601-0800][77828233ms] GC(25967) Old regions: 1461->1461
[2023-11-10T12:10:24.601-0800][77828233ms] GC(25967) Humongous regions: 5->5
[2023-11-10T12:10:24.601-0800][77828233ms] GC(25967) Metaspace: 305043K->305043K(1349632K)
[2023-11-10T12:10:24.601-0800][77828233ms] GC(25967) Pause Young (Normal) (GCLocker Initiated GC) 3236M->2932M(3602M) 6.725ms
[2023-11-10T12:10:24.601-0800][77828233ms] GC(25967) User=0.00s Sys=0.00s Real=0.01s
[2023-11-10T12:10:24.985-0800][77828617ms] GC(25968) Pause Young (Normal) (GCLocker Initiated GC)
[2023-11-10T12:10:24.985-0800][77828617ms] GC(25968) Using 10 workers of 10 for evacuation
[2023-11-10T12:10:24.990-0800][77828622ms] GC(25968)   Pre Evacuate Collection Set: 0.1ms
[2023-11-10T12:10:24.990-0800][77828622ms] GC(25968)   Evacuate Collection Set: 1.7ms
[2023-11-10T12:10:24.990-0800][77828622ms] GC(25968)   Post Evacuate Collection Set: 3.9ms
[2023-11-10T12:10:24.990-0800][77828622ms] GC(25968)   Other: 0.3ms
[2023-11-10T12:10:24.990-0800][77828622ms] GC(25968) Eden regions: 153->0(152)
[2023-11-10T12:10:24.990-0800][77828622ms] GC(25968) Survivor regions: 1->1(20)
[2023-11-10T12:10:24.990-0800][77828622ms] GC(25968) Old regions: 1461->1461
[2023-11-10T12:10:24.990-0800][77828622ms] GC(25968) Humongous regions: 5->5
[2023-11-10T12:10:24.990-0800][77828622ms] GC(25968) Metaspace: 305043K->305043K(1349632K)
[2023-11-10T12:10:24.990-0800][77828622ms] GC(25968) Pause Young (Normal) (GCLocker Initiated GC) 3236M->2932M(3602M) 6.069ms
[2023-11-10T12:10:24.990-0800][77828622ms] GC(25968) User=0.00s Sys=0.00s Real=0.01s
[2023-11-10T12:10:25.401-0800][77829033ms] GC(25969) Pause Young (Normal) (G1 Evacuation Pause)
[2023-11-10T12:10:25.401-0800][77829033ms] GC(25969) Using 10 workers of 10 for evacuation
[2023-11-10T12:10:25.407-0800][77829039ms] GC(25969)   Pre Evacuate Collection Set: 0.0ms
[2023-11-10T12:10:25.407-0800][77829039ms] GC(25969)   Evacuate Collection Set: 1.6ms
[2023-11-10T12:10:25.407-0800][77829039ms] GC(25969)   Post Evacuate Collection Set: 3.1ms
[2023-11-10T12:10:25.407-0800][77829039ms] GC(25969)   Other: 0.3ms
[2023-11-10T12:10:25.407-0800][77829039ms] GC(25969) Eden regions: 152->0(152)
[2023-11-10T12:10:25.407-0800][77829039ms] GC(25969) Survivor regions: 1->1(20)
[2023-11-10T12:10:25.407-0800][77829039ms] GC(25969) Old regions: 1461->1461
[2023-11-10T12:10:25.407-0800][77829039ms] GC(25969) Humongous regions: 5->5
[2023-11-10T12:10:25.407-0800][77829039ms] GC(25969) Metaspace: 305043K->305043K(1349632K)
[2023-11-10T12:10:25.407-0800][77829039ms] GC(25969) Pause Young (Normal) (G1 Evacuation Pause) 3236M->2932M(3602M) 5.088ms
[2023-11-10T12:10:25.407-0800][77829039ms] GC(25969) User=0.00s Sys=0.00s Real=0.01s
[2023-11-10T12:10:25.705-0800][77829337ms] GC(25970) Pause Young (Normal) (G1 Evacuation Pause)
[2023-11-10T12:10:25.705-0800][77829337ms] GC(25970) Using 10 workers of 10 for evacuation
[2023-11-10T12:10:25.710-0800][77829342ms] GC(25970)   Pre Evacuate Collection Set: 0.0ms
[2023-11-10T12:10:25.710-0800][77829342ms] GC(25970)   Evacuate Collection Set: 1.6ms
[2023-11-10T12:10:25.710-0800][77829342ms] GC(25970)   Post Evacuate Collection Set: 3.0ms
[2023-11-10T12:10:25.710-0800][77829342ms] GC(25970)   Other: 0.3ms
[2023-11-10T12:10:25.710-0800][77829342ms] GC(25970) Eden regions: 152->0(152)
[2023-11-10T12:10:25.710-0800][77829342ms] GC(25970) Survivor regions: 1->1(20)
[2023-11-10T12:10:25.710-0800][77829342ms] GC(25970) Old regions: 1461->1461
[2023-11-10T12:10:25.710-0800][77829342ms] GC(25970) Humongous regions: 5->5
[2023-11-10T12:10:25.710-0800][77829342ms] GC(25970) Metaspace: 305043K->305043K(1349632K)
[2023-11-10T12:10:25.710-0800][77829342ms] GC(25970) Pause Young (Normal) (G1 Evacuation Pause) 3236M->2932M(3602M) 4.993ms
[2023-11-10T12:10:25.710-0800][77829342ms] GC(25970) User=0.00s Sys=0.00s Real=0.01s
[2023-11-10T12:10:25.982-0800][77829614ms] GC(25971) Pause Young (Normal) (G1 Evacuation Pause)
[2023-11-10T12:10:25.982-0800][77829614ms] GC(25971) Using 10 workers of 10 for evacuation
[2023-11-10T12:10:25.987-0800][77829619ms] GC(25971)   Pre Evacuate Collection Set: 0.0ms
[2023-11-10T12:10:25.987-0800][77829619ms] GC(25971)   Evacuate Collection Set: 1.6ms
[2023-11-10T12:10:25.987-0800][77829619ms] GC(25971)   Post Evacuate Collection Set: 3.1ms
[2023-11-10T12:10:25.987-0800][77829619ms] GC(25971)   Other: 0.3ms
[2023-11-10T12:10:25.987-0800][77829619ms] GC(25971) Eden regions: 152->0(152)
[2023-11-10T12:10:25.987-0800][77829619ms] GC(25971) Survivor regions: 1->1(20)
[2023-11-10T12:10:25.987-0800][77829619ms] GC(25971) Old regions: 1461->1461
[2023-11-10T12:10:25.987-0800][77829619ms] GC(25971) Humongous regions: 5->5
[2023-11-10T12:10:25.987-0800][77829619ms] GC(25971) Metaspace: 305043K->305043K(1349632K)
[2023-11-10T12:10:25.987-0800][77829619ms] GC(25971) Pause Young (Normal) (G1 Evacuation Pause) 3236M->2932M(3602M) 5.128ms
[2023-11-10T12:10:25.987-0800][77829619ms] GC(25971) User=0.00s Sys=0.00s Real=0.00s
[2023-11-10T12:10:26.253-0800][77829885ms] GC(25972) Pause Young (Normal) (G1 Evacuation Pause)
[2023-11-10T12:10:26.253-0800][77829885ms] GC(25972) Using 10 workers of 10 for evacuation
[2023-11-10T12:10:26.259-0800][77829891ms] GC(25972)   Pre Evacuate Collection Set: 0.0ms
[2023-11-10T12:10:26.259-0800][77829891ms] GC(25972)   Evacuate Collection Set: 1.7ms
[2023-11-10T12:10:26.259-0800][77829891ms] GC(25972)   Post Evacuate Collection Set: 4.3ms
[2023-11-10T12:10:26.259-0800][77829891ms] GC(25972)   Other: 0.3ms
[2023-11-10T12:10:26.259-0800][77829891ms] GC(25972) Eden regions: 152->0(152)
[2023-11-10T12:10:26.259-0800][77829891ms] GC(25972) Survivor regions: 1->1(20)
[2023-11-10T12:10:26.259-0800][77829891ms] GC(25972) Old regions: 1461->1461
[2023-11-10T12:10:26.259-0800][77829891ms] GC(25972) Humongous regions: 5->5
[2023-11-10T12:10:26.259-0800][77829891ms] GC(25972) Metaspace: 305043K->305043K(1349632K)
[2023-11-10T12:10:26.259-0800][77829891ms] GC(25972) Pause Young (Normal) (G1 Evacuation Pause) 3236M->2932M(3602M) 6.473ms
[2023-11-10T12:10:26.259-0800][77829891ms] GC(25972) User=0.00s Sys=0.00s Real=0.01s
[2023-11-10T12:10:26.622-0800][77830254ms] GC(25973) Pause Young (Normal) (G1 Evacuation Pause)
[2023-11-10T12:10:26.622-0800][77830254ms] GC(25973) Using 10 workers of 10 for evacuation
[2023-11-10T12:10:26.627-0800][77830259ms] GC(25973)   Pre Evacuate Collection Set: 0.1ms
[2023-11-10T12:10:26.628-0800][77830260ms] GC(25973)   Evacuate Collection Set: 1.9ms
[2023-11-10T12:10:26.628-0800][77830260ms] GC(25973)   Post Evacuate Collection Set: 3.7ms
[2023-11-10T12:10:26.628-0800][77830260ms] GC(25973)   Other: 0.3ms
[2023-11-10T12:10:26.628-0800][77830260ms] GC(25973) Eden regions: 152->0(152)
[2023-11-10T12:10:26.628-0800][77830260ms] GC(25973) Survivor regions: 1->1(20)
[2023-11-10T12:10:26.628-0800][77830260ms] GC(25973) Old regions: 1461->1461
[2023-11-10T12:10:26.628-0800][77830260ms] GC(25973) Humongous regions: 5->5
[2023-11-10T12:10:26.628-0800][77830260ms] GC(25973) Metaspace: 305043K->305043K(1349632K)
[2023-11-10T12:10:26.628-0800][77830260ms] GC(25973) Pause Young (Normal) (G1 Evacuation Pause) 3236M->2932M(3602M) 6.010ms
[2023-11-10T12:10:26.628-0800][77830260ms] GC(25973) User=0.00s Sys=0.00s Real=0.01s
[2023-11-10T12:10:27.012-0800][77830644ms] GC(25974) Pause Young (Normal) (G1 Evacuation Pause)
[2023-11-10T12:10:27.012-0800][77830644ms] GC(25974) Using 10 workers of 10 for evacuation
[2023-11-10T12:10:27.019-0800][77830651ms] GC(25974)   Pre Evacuate Collection Set: 0.1ms
[2023-11-10T12:10:27.019-0800][77830651ms] GC(25974)   Evacuate Collection Set: 1.9ms
[2023-11-10T12:10:27.019-0800][77830651ms] GC(25974)   Post Evacuate Collection Set: 3.9ms
[2023-11-10T12:10:27.019-0800][77830651ms] GC(25974)   Other: 0.3ms
[2023-11-10T12:10:27.019-0800][77830651ms] GC(25974) Eden regions: 152->0(152)
[2023-11-10T12:10:27.019-0800][77830651ms] GC(25974) Survivor regions: 1->1(20)
[2023-11-10T12:10:27.019-0800][77830651ms] GC(25974) Old regions: 1461->1461
[2023-11-10T12:10:27.019-0800][77830651ms] GC(25974) Humongous regions: 5->5
[2023-11-10T12:10:27.019-0800][77830651ms] GC(25974) Metaspace: 305043K->305043K(1349632K)
[2023-11-10T12:10:27.019-0800][77830651ms] GC(25974) Pause Young (Normal) (G1 Evacuation Pause) 3236M->2932M(3602M) 6.277ms
[2023-11-10T12:10:27.019-0800][77830651ms] GC(25974) User=0.00s Sys=0.00s Real=0.01s
[2023-11-10T12:10:27.460-0800][77831092ms] GC(25975) Pause Young (Normal) (G1 Evacuation Pause)
[2023-11-10T12:10:27.460-0800][77831092ms] GC(25975) Using 10 workers of 10 for evacuation
[2023-11-10T12:10:27.464-0800][77831096ms] GC(25975)   Pre Evacuate Collection Set: 0.0ms
[2023-11-10T12:10:27.464-0800][77831096ms] GC(25975)   Evacuate Collection Set: 1.9ms
[2023-11-10T12:10:27.464-0800][77831096ms] GC(25975)   Post Evacuate Collection Set: 3.2ms
[2023-11-10T12:10:27.464-0800][77831096ms] GC(25975)   Other: 0.3ms
[2023-11-10T12:10:27.464-0800][77831096ms] GC(25975) Eden regions: 152->0(152)
[2023-11-10T12:10:27.464-0800][77831096ms] GC(25975) Survivor regions: 1->1(20)
[2023-11-10T12:10:27.464-0800][77831096ms] GC(25975) Old regions: 1461->1461
[2023-11-10T12:10:27.464-0800][77831096ms] GC(25975) Humongous regions: 5->5
[2023-11-10T12:10:27.464-0800][77831096ms] GC(25975) Metaspace: 305043K->305043K(1349632K)
[2023-11-10T12:10:27.464-0800][77831096ms] GC(25975) Pause Young (Normal) (G1 Evacuation Pause) 3236M->2932M(3602M) 5.522ms
[2023-11-10T12:10:27.464-0800][77831096ms] GC(25975) User=0.06s Sys=0.00s Real=0.00s
[2023-11-10T12:10:27.834-0800][77831466ms] GC(25976) Pause Young (Normal) (G1 Evacuation Pause)
[2023-11-10T12:10:27.834-0800][77831466ms] GC(25976) Using 10 workers of 10 for evacuation
[2023-11-10T12:10:27.841-0800][77831473ms] GC(25976)   Pre Evacuate Collection Set: 0.1ms
[2023-11-10T12:10:27.841-0800][77831473ms] GC(25976)   Evacuate Collection Set: 2.2ms
[2023-11-10T12:10:27.841-0800][77831473ms] GC(25976)   Post Evacuate Collection Set: 3.8ms
[2023-11-10T12:10:27.841-0800][77831473ms] GC(25976)   Other: 0.3ms
[2023-11-10T12:10:27.841-0800][77831473ms] GC(25976) Eden regions: 152->0(152)
[2023-11-10T12:10:27.841-0800][77831473ms] GC(25976) Survivor regions: 1->1(20)
[2023-11-10T12:10:27.841-0800][77831473ms] GC(25976) Old regions: 1461->1461
[2023-11-10T12:10:27.841-0800][77831473ms] GC(25976) Humongous regions: 5->5
[2023-11-10T12:10:27.841-0800][77831473ms] GC(25976) Metaspace: 305043K->305043K(1349632K)
[2023-11-10T12:10:27.841-0800][77831473ms] GC(25976) Pause Young (Normal) (G1 Evacuation Pause) 3236M->2932M(3602M) 6.450ms
[2023-11-10T12:10:27.841-0800][77831473ms] GC(25976) User=0.06s Sys=0.00s Real=0.01s
[2023-11-10T12:10:28.107-0800][77831739ms] GC(25977) Pause Young (Normal) (G1 Evacuation Pause)
[2023-11-10T12:10:28.107-0800][77831739ms] GC(25977) Using 10 workers of 10 for evacuation
[2023-11-10T12:10:28.113-0800][77831745ms] GC(25977)   Pre Evacuate Collection Set: 0.0ms
[2023-11-10T12:10:28.113-0800][77831745ms] GC(25977)   Evacuate Collection Set: 1.8ms
[2023-11-10T12:10:28.113-0800][77831745ms] GC(25977)   Post Evacuate Collection Set: 3.0ms
[2023-11-10T12:10:28.113-0800][77831745ms] GC(25977)   Other: 0.2ms
[2023-11-10T12:10:28.113-0800][77831745ms] GC(25977) Eden regions: 152->0(152)
[2023-11-10T12:10:28.113-0800][77831745ms] GC(25977) Survivor regions: 1->1(20)
[2023-11-10T12:10:28.113-0800][77831745ms] GC(25977) Old regions: 1461->1461
[2023-11-10T12:10:28.113-0800][77831745ms] GC(25977) Humongous regions: 5->5
[2023-11-10T12:10:28.113-0800][77831745ms] GC(25977) Metaspace: 305043K->305043K(1349632K)
[2023-11-10T12:10:28.113-0800][77831745ms] GC(25977) Pause Young (Normal) (G1 Evacuation Pause) 3236M->2932M(3602M) 5.193ms
[2023-11-10T12:10:28.113-0800][77831745ms] GC(25977) User=0.00s Sys=0.00s Real=0.01s
[2023-11-10T12:10:28.386-0800][77832018ms] GC(25978) Pause Young (Normal) (G1 Evacuation Pause)
[2023-11-10T12:10:28.386-0800][77832018ms] GC(25978) Using 10 workers of 10 for evacuation
[2023-11-10T12:10:28.392-0800][77832024ms] GC(25978)   Pre Evacuate Collection Set: 0.0ms
[2023-11-10T12:10:28.392-0800][77832024ms] GC(25978)   Evacuate Collection Set: 1.7ms
[2023-11-10T12:10:28.392-0800][77832024ms] GC(25978)   Post Evacuate Collection Set: 3.0ms
[2023-11-10T12:10:28.392-0800][77832024ms] GC(25978)   Other: 0.2ms
[2023-11-10T12:10:28.392-0800][77832024ms] GC(25978) Eden regions: 152->0(152)
[2023-11-10T12:10:28.392-0800][77832024ms] GC(25978) Survivor regions: 1->1(20)
[2023-11-10T12:10:28.392-0800][77832024ms] GC(25978) Old regions: 1461->1461
[2023-11-10T12:10:28.392-0800][77832024ms] GC(25978) Humongous regions: 5->5
[2023-11-10T12:10:28.392-0800][77832024ms] GC(25978) Metaspace: 305043K->305043K(1349632K)
[2023-11-10T12:10:28.392-0800][77832024ms] GC(25978) Pause Young (Normal) (G1 Evacuation Pause) 3236M->2932M(3602M) 5.172ms
[2023-11-10T12:10:28.392-0800][77832024ms] GC(25978) User=0.00s Sys=0.00s Real=0.01s
[2023-11-10T12:10:28.656-0800][77832288ms] GC(25979) Pause Young (Normal) (G1 Evacuation Pause)
[2023-11-10T12:10:28.656-0800][77832288ms] GC(25979) Using 10 workers of 10 for evacuation
[2023-11-10T12:10:28.662-0800][77832294ms] GC(25979)   Pre Evacuate Collection Set: 0.0ms
[2023-11-10T12:10:28.662-0800][77832294ms] GC(25979)   Evacuate Collection Set: 1.7ms
[2023-11-10T12:10:28.662-0800][77832294ms] GC(25979)   Post Evacuate Collection Set: 2.9ms
[2023-11-10T12:10:28.662-0800][77832294ms] GC(25979)   Other: 0.3ms
[2023-11-10T12:10:28.662-0800][77832294ms] GC(25979) Eden regions: 152->0(152)
[2023-11-10T12:10:28.662-0800][77832294ms] GC(25979) Survivor regions: 1->1(20)
[2023-11-10T12:10:28.662-0800][77832294ms] GC(25979) Old regions: 1461->1461
[2023-11-10T12:10:28.662-0800][77832294ms] GC(25979) Humongous regions: 5->5
[2023-11-10T12:10:28.662-0800][77832294ms] GC(25979) Metaspace: 305043K->305043K(1349632K)
[2023-11-10T12:10:28.662-0800][77832294ms] GC(25979) Pause Young (Normal) (G1 Evacuation Pause) 3236M->2932M(3602M) 5.058ms
[2023-11-10T12:10:28.662-0800][77832294ms] GC(25979) User=0.00s Sys=0.00s Real=0.01s
[2023-11-10T12:10:28.940-0800][77832572ms] GC(25980) Pause Young (Normal) (G1 Evacuation Pause)
[2023-11-10T12:10:28.940-0800][77832572ms] GC(25980) Using 10 workers of 10 for evacuation
[2023-11-10T12:10:28.945-0800][77832577ms] GC(25980)   Pre Evacuate Collection Set: 0.0ms
[2023-11-10T12:10:28.945-0800][77832577ms] GC(25980)   Evacuate Collection Set: 1.6ms
[2023-11-10T12:10:28.945-0800][77832577ms] GC(25980)   Post Evacuate Collection Set: 3.1ms
[2023-11-10T12:10:28.945-0800][77832577ms] GC(25980)   Other: 0.2ms
[2023-11-10T12:10:28.945-0800][77832577ms] GC(25980) Eden regions: 152->0(151)
[2023-11-10T12:10:28.945-0800][77832577ms] GC(25980) Survivor regions: 1->1(20)
[2023-11-10T12:10:28.945-0800][77832577ms] GC(25980) Old regions: 1461->1462
[2023-11-10T12:10:28.945-0800][77832577ms] GC(25980) Humongous regions: 5->5
[2023-11-10T12:10:28.945-0800][77832577ms] GC(25980) Metaspace: 305043K->305043K(1349632K)
[2023-11-10T12:10:28.945-0800][77832577ms] GC(25980) Pause Young (Normal) (G1 Evacuation Pause) 3236M->2932M(3602M) 5.064ms
[2023-11-10T12:10:28.945-0800][77832577ms] GC(25980) User=0.00s Sys=0.00s Real=0.00s
[2023-11-10T12:10:29.220-0800][77832852ms] GC(25981) Pause Young (Normal) (G1 Evacuation Pause)
[2023-11-10T12:10:29.220-0800][77832852ms] GC(25981) Using 10 workers of 10 for evacuation
[2023-11-10T12:10:29.224-0800][77832856ms] GC(25981)   Pre Evacuate Collection Set: 0.0ms
[2023-11-10T12:10:29.224-0800][77832856ms] GC(25981)   Evacuate Collection Set: 1.6ms
[2023-11-10T12:10:29.224-0800][77832856ms] GC(25981)   Post Evacuate Collection Set: 2.9ms
[2023-11-10T12:10:29.224-0800][77832856ms] GC(25981)   Other: 0.2ms
[2023-11-10T12:10:29.224-0800][77832856ms] GC(25981) Eden regions: 151->0(151)
[2023-11-10T12:10:29.224-0800][77832856ms] GC(25981) Survivor regions: 1->1(19)
[2023-11-10T12:10:29.224-0800][77832856ms] GC(25981) Old regions: 1462->1462
[2023-11-10T12:10:29.224-0800][77832856ms] GC(25981) Humongous regions: 5->5
[2023-11-10T12:10:29.224-0800][77832856ms] GC(25981) Metaspace: 305043K->305043K(1349632K)
[2023-11-10T12:10:29.224-0800][77832856ms] GC(25981) Pause Young (Normal) (G1 Evacuation Pause) 3234M->2932M(3602M) 4.894ms
[2023-11-10T12:10:29.224-0800][77832856ms] GC(25981) User=0.00s Sys=0.00s Real=0.00s
[2023-11-10T12:10:29.499-0800][77833131ms] GC(25982) Pause Young (Normal) (G1 Evacuation Pause)
[2023-11-10T12:10:29.499-0800][77833131ms] GC(25982) Using 10 workers of 10 for evacuation
[2023-11-10T12:10:29.504-0800][77833136ms] GC(25982)   Pre Evacuate Collection Set: 0.0ms
[2023-11-10T12:10:29.504-0800][77833136ms] GC(25982)   Evacuate Collection Set: 1.7ms
[2023-11-10T12:10:29.504-0800][77833136ms] GC(25982)   Post Evacuate Collection Set: 3.2ms
[2023-11-10T12:10:29.504-0800][77833136ms] GC(25982)   Other: 0.4ms
[2023-11-10T12:10:29.504-0800][77833136ms] GC(25982) Eden regions: 151->0(151)
[2023-11-10T12:10:29.504-0800][77833136ms] GC(25982) Survivor regions: 1->1(19)
[2023-11-10T12:10:29.504-0800][77833136ms] GC(25982) Old regions: 1462->1462
[2023-11-10T12:10:29.504-0800][77833136ms] GC(25982) Humongous regions: 5->5
[2023-11-10T12:10:29.504-0800][77833136ms] GC(25982) Metaspace: 305043K->305043K(1349632K)
[2023-11-10T12:10:29.504-0800][77833136ms] GC(25982) Pause Young (Normal) (G1 Evacuation Pause) 3234M->2932M(3602M) 5.378ms
[2023-11-10T12:10:29.505-0800][77833137ms] GC(25982) User=0.00s Sys=0.00s Real=0.01s
[2023-11-10T12:10:29.801-0800][77833433ms] GC(25983) Pause Young (Normal) (G1 Evacuation Pause)
[2023-11-10T12:10:29.801-0800][77833433ms] GC(25983) Using 10 workers of 10 for evacuation
[2023-11-10T12:10:29.806-0800][77833438ms] GC(25983)   Pre Evacuate Collection Set: 0.0ms
[2023-11-10T12:10:29.806-0800][77833438ms] GC(25983)   Evacuate Collection Set: 1.6ms
[2023-11-10T12:10:29.806-0800][77833438ms] GC(25983)   Post Evacuate Collection Set: 3.1ms
[2023-11-10T12:10:29.806-0800][77833438ms] GC(25983)   Other: 0.2ms
[2023-11-10T12:10:29.806-0800][77833438ms] GC(25983) Eden regions: 151->0(151)
[2023-11-10T12:10:29.806-0800][77833438ms] GC(25983) Survivor regions: 1->1(19)
[2023-11-10T12:10:29.806-0800][77833438ms] GC(25983) Old regions: 1462->1462
[2023-11-10T12:10:29.806-0800][77833438ms] GC(25983) Humongous regions: 5->5
[2023-11-10T12:10:29.806-0800][77833438ms] GC(25983) Metaspace: 305043K->305043K(1349632K)
[2023-11-10T12:10:29.806-0800][77833438ms] GC(25983) Pause Young (Normal) (G1 Evacuation Pause) 3234M->2932M(3602M) 5.092ms
[2023-11-10T12:10:29.806-0800][77833438ms] GC(25983) User=0.02s Sys=0.00s Real=0.00s
[2023-11-10T12:10:30.061-0800][77833693ms] GC(25984) Pause Young (Normal) (G1 Evacuation Pause)
[2023-11-10T12:10:30.061-0800][77833693ms] GC(25984) Using 10 workers of 10 for evacuation
[2023-11-10T12:10:30.065-0800][77833697ms] GC(25984)   Pre Evacuate Collection Set: 0.0ms
[2023-11-10T12:10:30.065-0800][77833697ms] GC(25984)   Evacuate Collection Set: 1.7ms
[2023-11-10T12:10:30.065-0800][77833697ms] GC(25984)   Post Evacuate Collection Set: 3.0ms
[2023-11-10T12:10:30.065-0800][77833697ms] GC(25984)   Other: 0.2ms
[2023-11-10T12:10:30.065-0800][77833697ms] GC(25984) Eden regions: 151->0(151)
[2023-11-10T12:10:30.065-0800][77833697ms] GC(25984) Survivor regions: 1->1(19)
[2023-11-10T12:10:30.065-0800][77833697ms] GC(25984) Old regions: 1462->1462
[2023-11-10T12:10:30.065-0800][77833697ms] GC(25984) Humongous regions: 5->5
[2023-11-10T12:10:30.065-0800][77833697ms] GC(25984) Metaspace: 305043K->305043K(1349632K)
[2023-11-10T12:10:30.065-0800][77833697ms] GC(25984) Pause Young (Normal) (G1 Evacuation Pause) 3234M->2932M(3602M) 5.109ms
[2023-11-10T12:10:30.065-0800][77833697ms] GC(25984) User=0.00s Sys=0.00s Real=0.00s
[2023-11-10T12:10:30.319-0800][77833951ms] GC(25985) Pause Young (Normal) (G1 Evacuation Pause)
[2023-11-10T12:10:30.319-0800][77833951ms] GC(25985) Using 10 workers of 10 for evacuation
[2023-11-10T12:10:30.324-0800][77833956ms] GC(25985)   Pre Evacuate Collection Set: 0.0ms
[2023-11-10T12:10:30.324-0800][77833956ms] GC(25985)   Evacuate Collection Set: 1.8ms
[2023-11-10T12:10:30.324-0800][77833956ms] GC(25985)   Post Evacuate Collection Set: 3.0ms
[2023-11-10T12:10:30.324-0800][77833956ms] GC(25985)   Other: 0.3ms
[2023-11-10T12:10:30.324-0800][77833956ms] GC(25985) Eden regions: 151->0(151)
[2023-11-10T12:10:30.324-0800][77833956ms] GC(25985) Survivor regions: 1->1(19)
[2023-11-10T12:10:30.324-0800][77833956ms] GC(25985) Old regions: 1462->1462
[2023-11-10T12:10:30.324-0800][77833956ms] GC(25985) Humongous regions: 5->5
[2023-11-10T12:10:30.324-0800][77833956ms] GC(25985) Metaspace: 305043K->305043K(1349632K)
[2023-11-10T12:10:30.324-0800][77833956ms] GC(25985) Pause Young (Normal) (G1 Evacuation Pause) 3234M->2932M(3602M) 5.236ms
[2023-11-10T12:10:30.325-0800][77833957ms] GC(25985) User=0.00s Sys=0.00s Real=0.01s
[2023-11-10T12:10:30.594-0800][77834226ms] GC(25986) Pause Young (Normal) (G1 Evacuation Pause)
[2023-11-10T12:10:30.594-0800][77834226ms] GC(25986) Using 10 workers of 10 for evacuation
[2023-11-10T12:10:30.601-0800][77834233ms] GC(25986)   Pre Evacuate Collection Set: 0.0ms
[2023-11-10T12:10:30.601-0800][77834233ms] GC(25986)   Evacuate Collection Set: 1.7ms
[2023-11-10T12:10:30.601-0800][77834233ms] GC(25986)   Post Evacuate Collection Set: 5.4ms
[2023-11-10T12:10:30.601-0800][77834233ms] GC(25986)   Other: 0.2ms
[2023-11-10T12:10:30.601-0800][77834233ms] GC(25986) Eden regions: 151->0(151)
[2023-11-10T12:10:30.601-0800][77834233ms] GC(25986) Survivor regions: 1->1(19)
[2023-11-10T12:10:30.601-0800][77834233ms] GC(25986) Old regions: 1462->1462
[2023-11-10T12:10:30.601-0800][77834233ms] GC(25986) Humongous regions: 5->5
[2023-11-10T12:10:30.601-0800][77834233ms] GC(25986) Metaspace: 305043K->305043K(1349632K)
[2023-11-10T12:10:30.601-0800][77834233ms] GC(25986) Pause Young (Normal) (G1 Evacuation Pause) 3234M->2932M(3602M) 7.435ms
[2023-11-10T12:10:30.601-0800][77834233ms] GC(25986) User=0.00s Sys=0.00s Real=0.01s
[2023-11-10T12:10:30.875-0800][77834507ms] GC(25987) Pause Young (Normal) (G1 Evacuation Pause)
[2023-11-10T12:10:30.875-0800][77834507ms] GC(25987) Using 10 workers of 10 for evacuation
[2023-11-10T12:10:30.880-0800][77834512ms] GC(25987)   Pre Evacuate Collection Set: 0.0ms
[2023-11-10T12:10:30.880-0800][77834512ms] GC(25987)   Evacuate Collection Set: 1.6ms
[2023-11-10T12:10:30.880-0800][77834512ms] GC(25987)   Post Evacuate Collection Set: 3.2ms
[2023-11-10T12:10:30.880-0800][77834512ms] GC(25987)   Other: 0.3ms
[2023-11-10T12:10:30.880-0800][77834512ms] GC(25987) Eden regions: 151->0(151)
[2023-11-10T12:10:30.880-0800][77834512ms] GC(25987) Survivor regions: 1->1(19)
[2023-11-10T12:10:30.880-0800][77834512ms] GC(25987) Old regions: 1462->1462
[2023-11-10T12:10:30.880-0800][77834512ms] GC(25987) Humongous regions: 5->5
[2023-11-10T12:10:30.880-0800][77834512ms] GC(25987) Metaspace: 305043K->305043K(1349632K)
[2023-11-10T12:10:30.880-0800][77834512ms] GC(25987) Pause Young (Normal) (G1 Evacuation Pause) 3234M->2932M(3602M) 5.157ms
[2023-11-10T12:10:30.880-0800][77834512ms] GC(25987) User=0.00s Sys=0.00s Real=0.01s
[2023-11-10T12:10:31.151-0800][77834783ms] GC(25988) Pause Young (Normal) (G1 Evacuation Pause)
[2023-11-10T12:10:31.152-0800][77834784ms] GC(25988) Using 10 workers of 10 for evacuation
[2023-11-10T12:10:31.157-0800][77834789ms] GC(25988)   Pre Evacuate Collection Set: 0.0ms
[2023-11-10T12:10:31.157-0800][77834789ms] GC(25988)   Evacuate Collection Set: 1.7ms
[2023-11-10T12:10:31.157-0800][77834789ms] GC(25988)   Post Evacuate Collection Set: 3.1ms
[2023-11-10T12:10:31.157-0800][77834789ms] GC(25988)   Other: 0.3ms
[2023-11-10T12:10:31.157-0800][77834789ms] GC(25988) Eden regions: 151->0(151)
[2023-11-10T12:10:31.157-0800][77834789ms] GC(25988) Survivor regions: 1->1(19)
[2023-11-10T12:10:31.157-0800][77834789ms] GC(25988) Old regions: 1462->1462
[2023-11-10T12:10:31.157-0800][77834789ms] GC(25988) Humongous regions: 5->5
[2023-11-10T12:10:31.157-0800][77834789ms] GC(25988) Metaspace: 305043K->305043K(1349632K)
[2023-11-10T12:10:31.157-0800][77834789ms] GC(25988) Pause Young (Normal) (G1 Evacuation Pause) 3234M->2932M(3602M) 5.160ms
[2023-11-10T12:10:31.157-0800][77834789ms] GC(25988) User=0.00s Sys=0.00s Real=0.01s
[2023-11-10T12:10:31.452-0800][77835084ms] GC(25989) Pause Young (Normal) (G1 Evacuation Pause)
[2023-11-10T12:10:31.452-0800][77835084ms] GC(25989) Using 10 workers of 10 for evacuation
[2023-11-10T12:10:31.456-0800][77835088ms] GC(25989)   Pre Evacuate Collection Set: 0.0ms
[2023-11-10T12:10:31.456-0800][77835088ms] GC(25989)   Evacuate Collection Set: 1.7ms
[2023-11-10T12:10:31.456-0800][77835088ms] GC(25989)   Post Evacuate Collection Set: 3.2ms
[2023-11-10T12:10:31.456-0800][77835088ms] GC(25989)   Other: 0.3ms
[2023-11-10T12:10:31.456-0800][77835088ms] GC(25989) Eden regions: 151->0(151)
[2023-11-10T12:10:31.456-0800][77835088ms] GC(25989) Survivor regions: 1->1(19)
[2023-11-10T12:10:31.456-0800][77835088ms] GC(25989) Old regions: 1462->1462
[2023-11-10T12:10:31.456-0800][77835088ms] GC(25989) Humongous regions: 5->5
[2023-11-10T12:10:31.456-0800][77835088ms] GC(25989) Metaspace: 305043K->305043K(1349632K)
[2023-11-10T12:10:31.456-0800][77835088ms] GC(25989) Pause Young (Normal) (G1 Evacuation Pause) 3234M->2932M(3602M) 5.289ms
[2023-11-10T12:10:31.456-0800][77835088ms] GC(25989) User=0.00s Sys=0.00s Real=0.01s
[2023-11-10T12:10:31.741-0800][77835373ms] GC(25990) Pause Young (Normal) (G1 Evacuation Pause)
[2023-11-10T12:10:31.741-0800][77835373ms] GC(25990) Using 10 workers of 10 for evacuation
[2023-11-10T12:10:31.748-0800][77835380ms] GC(25990)   Pre Evacuate Collection Set: 0.1ms
[2023-11-10T12:10:31.748-0800][77835380ms] GC(25990)   Evacuate Collection Set: 1.9ms
[2023-11-10T12:10:31.748-0800][77835380ms] GC(25990)   Post Evacuate Collection Set: 4.8ms
[2023-11-10T12:10:31.748-0800][77835380ms] GC(25990)   Other: 0.3ms
[2023-11-10T12:10:31.748-0800][77835380ms] GC(25990) Eden regions: 151->0(151)
[2023-11-10T12:10:31.748-0800][77835380ms] GC(25990) Survivor regions: 1->1(19)
[2023-11-10T12:10:31.748-0800][77835380ms] GC(25990) Old regions: 1462->1462
[2023-11-10T12:10:31.748-0800][77835380ms] GC(25990) Humongous regions: 5->5
[2023-11-10T12:10:31.748-0800][77835380ms] GC(25990) Metaspace: 305043K->305043K(1349632K)
[2023-11-10T12:10:31.748-0800][77835380ms] GC(25990) Pause Young (Normal) (G1 Evacuation Pause) 3234M->2932M(3602M) 7.205ms
[2023-11-10T12:10:31.748-0800][77835380ms] GC(25990) User=0.00s Sys=0.00s Real=0.01s
[2023-11-10T12:10:32.092-0800][77835724ms] GC(25991) Pause Young (Normal) (G1 Evacuation Pause)
[2023-11-10T12:10:32.092-0800][77835724ms] GC(25991) Using 10 workers of 10 for evacuation
[2023-11-10T12:10:32.097-0800][77835729ms] GC(25991)   Pre Evacuate Collection Set: 0.0ms
[2023-11-10T12:10:32.097-0800][77835729ms] GC(25991)   Evacuate Collection Set: 1.7ms
[2023-11-10T12:10:32.097-0800][77835729ms] GC(25991)   Post Evacuate Collection Set: 3.0ms
[2023-11-10T12:10:32.097-0800][77835729ms] GC(25991)   Other: 0.3ms
[2023-11-10T12:10:32.097-0800][77835729ms] GC(25991) Eden regions: 151->0(151)
[2023-11-10T12:10:32.097-0800][77835729ms] GC(25991) Survivor regions: 1->1(19)
[2023-11-10T12:10:32.097-0800][77835729ms] GC(25991) Old regions: 1462->1462
[2023-11-10T12:10:32.097-0800][77835729ms] GC(25991) Humongous regions: 5->5
[2023-11-10T12:10:32.097-0800][77835729ms] GC(25991) Metaspace: 305043K->305043K(1349632K)
[2023-11-10T12:10:32.097-0800][77835729ms] GC(25991) Pause Young (Normal) (G1 Evacuation Pause) 3234M->2932M(3602M) 5.089ms
[2023-11-10T12:10:32.097-0800][77835729ms] GC(25991) User=0.00s Sys=0.00s Real=0.00s
[2023-11-10T12:10:32.375-0800][77836007ms] GC(25992) Pause Young (Normal) (G1 Evacuation Pause)
[2023-11-10T12:10:32.375-0800][77836007ms] GC(25992) Using 10 workers of 10 for evacuation
[2023-11-10T12:10:32.380-0800][77836012ms] GC(25992)   Pre Evacuate Collection Set: 0.0ms
[2023-11-10T12:10:32.380-0800][77836012ms] GC(25992)   Evacuate Collection Set: 1.7ms
[2023-11-10T12:10:32.380-0800][77836012ms] GC(25992)   Post Evacuate Collection Set: 3.2ms
[2023-11-10T12:10:32.380-0800][77836012ms] GC(25992)   Other: 0.2ms
[2023-11-10T12:10:32.380-0800][77836012ms] GC(25992) Eden regions: 151->0(151)
[2023-11-10T12:10:32.380-0800][77836012ms] GC(25992) Survivor regions: 1->1(19)
[2023-11-10T12:10:32.380-0800][77836012ms] GC(25992) Old regions: 1462->1462
[2023-11-10T12:10:32.380-0800][77836012ms] GC(25992) Humongous regions: 5->5
[2023-11-10T12:10:32.380-0800][77836012ms] GC(25992) Metaspace: 305043K->305043K(1349632K)
[2023-11-10T12:10:32.380-0800][77836012ms] GC(25992) Pause Young (Normal) (G1 Evacuation Pause) 3234M->2932M(3602M) 5.255ms
[2023-11-10T12:10:32.380-0800][77836012ms] GC(25992) User=0.00s Sys=0.00s Real=0.01s
[2023-11-10T12:10:32.686-0800][77836318ms] GC(25993) Pause Young (Normal) (G1 Evacuation Pause)
[2023-11-10T12:10:32.686-0800][77836318ms] GC(25993) Using 10 workers of 10 for evacuation
[2023-11-10T12:10:32.691-0800][77836323ms] GC(25993)   Pre Evacuate Collection Set: 0.0ms
[2023-11-10T12:10:32.691-0800][77836323ms] GC(25993)   Evacuate Collection Set: 1.7ms
[2023-11-10T12:10:32.691-0800][77836323ms] GC(25993)   Post Evacuate Collection Set: 3.2ms
[2023-11-10T12:10:32.691-0800][77836323ms] GC(25993)   Other: 0.3ms
[2023-11-10T12:10:32.691-0800][77836323ms] GC(25993) Eden regions: 151->0(151)
[2023-11-10T12:10:32.691-0800][77836323ms] GC(25993) Survivor regions: 1->1(19)
[2023-11-10T12:10:32.691-0800][77836323ms] GC(25993) Old regions: 1462->1462
[2023-11-10T12:10:32.691-0800][77836323ms] GC(25993) Humongous regions: 5->5
[2023-11-10T12:10:32.691-0800][77836323ms] GC(25993) Metaspace: 305043K->305043K(1349632K)
[2023-11-10T12:10:32.691-0800][77836323ms] GC(25993) Pause Young (Normal) (G1 Evacuation Pause) 3234M->2932M(3602M) 5.327ms
[2023-11-10T12:10:32.691-0800][77836323ms] GC(25993) User=0.00s Sys=0.00s Real=0.00s
[2023-11-10T12:10:33.011-0800][77836643ms] GC(25994) Pause Young (Normal) (G1 Evacuation Pause)
[2023-11-10T12:10:33.011-0800][77836643ms] GC(25994) Using 10 workers of 10 for evacuation
[2023-11-10T12:10:33.017-0800][77836649ms] GC(25994)   Pre Evacuate Collection Set: 0.0ms
[2023-11-10T12:10:33.017-0800][77836649ms] GC(25994)   Evacuate Collection Set: 2.5ms
[2023-11-10T12:10:33.017-0800][77836649ms] GC(25994)   Post Evacuate Collection Set: 3.5ms
[2023-11-10T12:10:33.017-0800][77836649ms] GC(25994)   Other: 0.5ms
[2023-11-10T12:10:33.017-0800][77836649ms] GC(25994) Eden regions: 151->0(151)
[2023-11-10T12:10:33.017-0800][77836649ms] GC(25994) Survivor regions: 1->1(19)
[2023-11-10T12:10:33.017-0800][77836649ms] GC(25994) Old regions: 1462->1462
[2023-11-10T12:10:33.017-0800][77836649ms] GC(25994) Humongous regions: 5->5
[2023-11-10T12:10:33.017-0800][77836649ms] GC(25994) Metaspace: 305043K->305043K(1349632K)
[2023-11-10T12:10:33.017-0800][77836649ms] GC(25994) Pause Young (Normal) (G1 Evacuation Pause) 3234M->2932M(3602M) 6.612ms
[2023-11-10T12:10:33.017-0800][77836649ms] GC(25994) User=0.00s Sys=0.00s Real=0.01s
[2023-11-10T12:10:33.298-0800][77836930ms] GC(25995) Pause Young (Normal) (G1 Evacuation Pause)
[2023-11-10T12:10:33.298-0800][77836930ms] GC(25995) Using 10 workers of 10 for evacuation
[2023-11-10T12:10:33.307-0800][77836939ms] GC(25995)   Pre Evacuate Collection Set: 0.0ms
[2023-11-10T12:10:33.307-0800][77836939ms] GC(25995)   Evacuate Collection Set: 2.0ms
[2023-11-10T12:10:33.307-0800][77836939ms] GC(25995)   Post Evacuate Collection Set: 6.9ms
[2023-11-10T12:10:33.307-0800][77836939ms] GC(25995)   Other: 0.3ms
[2023-11-10T12:10:33.307-0800][77836939ms] GC(25995) Eden regions: 151->0(151)
[2023-11-10T12:10:33.307-0800][77836939ms] GC(25995) Survivor regions: 1->1(19)
[2023-11-10T12:10:33.307-0800][77836939ms] GC(25995) Old regions: 1462->1462
[2023-11-10T12:10:33.307-0800][77836939ms] GC(25995) Humongous regions: 5->5
[2023-11-10T12:10:33.307-0800][77836939ms] GC(25995) Metaspace: 305043K->305043K(1349632K)
[2023-11-10T12:10:33.307-0800][77836939ms] GC(25995) Pause Young (Normal) (G1 Evacuation Pause) 3234M->2932M(3602M) 9.250ms
[2023-11-10T12:10:33.307-0800][77836939ms] GC(25995) User=0.00s Sys=0.00s Real=0.01s
[2023-11-10T12:10:33.592-0800][77837224ms] GC(25996) Pause Young (Normal) (G1 Evacuation Pause)
[2023-11-10T12:10:33.593-0800][77837225ms] GC(25996) Using 10 workers of 10 for evacuation
[2023-11-10T12:10:33.599-0800][77837231ms] GC(25996)   Pre Evacuate Collection Set: 0.0ms
[2023-11-10T12:10:33.599-0800][77837231ms] GC(25996)   Evacuate Collection Set: 1.7ms
[2023-11-10T12:10:33.599-0800][77837231ms] GC(25996)   Post Evacuate Collection Set: 3.2ms
[2023-11-10T12:10:33.599-0800][77837231ms] GC(25996)   Other: 0.3ms
[2023-11-10T12:10:33.599-0800][77837231ms] GC(25996) Eden regions: 151->0(151)
[2023-11-10T12:10:33.599-0800][77837231ms] GC(25996) Survivor regions: 1->1(19)
[2023-11-10T12:10:33.599-0800][77837231ms] GC(25996) Old regions: 1462->1462
[2023-11-10T12:10:33.599-0800][77837231ms] GC(25996) Humongous regions: 5->5
[2023-11-10T12:10:33.599-0800][77837231ms] GC(25996) Metaspace: 305043K->305043K(1349632K)
[2023-11-10T12:10:33.599-0800][77837231ms] GC(25996) Pause Young (Normal) (G1 Evacuation Pause) 3234M->2932M(3602M) 5.217ms
[2023-11-10T12:10:33.599-0800][77837231ms] GC(25996) User=0.00s Sys=0.00s Real=0.01s
[2023-11-10T12:10:33.932-0800][77837564ms] GC(25997) Pause Young (Normal) (G1 Evacuation Pause)
[2023-11-10T12:10:33.932-0800][77837564ms] GC(25997) Using 10 workers of 10 for evacuation
[2023-11-10T12:10:33.936-0800][77837568ms] GC(25997)   Pre Evacuate Collection Set: 0.0ms
[2023-11-10T12:10:33.936-0800][77837568ms] GC(25997)   Evacuate Collection Set: 1.7ms
[2023-11-10T12:10:33.936-0800][77837568ms] GC(25997)   Post Evacuate Collection Set: 3.0ms
[2023-11-10T12:10:33.936-0800][77837568ms] GC(25997)   Other: 0.3ms
[2023-11-10T12:10:33.936-0800][77837568ms] GC(25997) Eden regions: 151->0(151)
[2023-11-10T12:10:33.936-0800][77837568ms] GC(25997) Survivor regions: 1->1(19)
[2023-11-10T12:10:33.936-0800][77837568ms] GC(25997) Old regions: 1462->1462
[2023-11-10T12:10:33.936-0800][77837568ms] GC(25997) Humongous regions: 5->5
[2023-11-10T12:10:33.936-0800][77837568ms] GC(25997) Metaspace: 305043K->305043K(1349632K)
[2023-11-10T12:10:33.936-0800][77837568ms] GC(25997) Pause Young (Normal) (G1 Evacuation Pause) 3234M->2932M(3602M) 5.069ms
[2023-11-10T12:10:33.936-0800][77837568ms] GC(25997) User=0.00s Sys=0.00s Real=0.00s
[2023-11-10T12:10:34.205-0800][77837837ms] GC(25998) Pause Young (Normal) (G1 Evacuation Pause)
[2023-11-10T12:10:34.206-0800][77837838ms] GC(25998) Using 10 workers of 10 for evacuation
[2023-11-10T12:10:34.211-0800][77837843ms] GC(25998)   Pre Evacuate Collection Set: 0.1ms
[2023-11-10T12:10:34.211-0800][77837843ms] GC(25998)   Evacuate Collection Set: 1.7ms
[2023-11-10T12:10:34.211-0800][77837843ms] GC(25998)   Post Evacuate Collection Set: 3.1ms
[2023-11-10T12:10:34.211-0800][77837843ms] GC(25998)   Other: 0.3ms
[2023-11-10T12:10:34.211-0800][77837843ms] GC(25998) Eden regions: 151->0(151)
[2023-11-10T12:10:34.211-0800][77837843ms] GC(25998) Survivor regions: 1->1(19)
[2023-11-10T12:10:34.211-0800][77837843ms] GC(25998) Old regions: 1462->1462
[2023-11-10T12:10:34.211-0800][77837843ms] GC(25998) Humongous regions: 5->5
[2023-11-10T12:10:34.211-0800][77837843ms] GC(25998) Metaspace: 305043K->305043K(1349632K)
[2023-11-10T12:10:34.211-0800][77837843ms] GC(25998) Pause Young (Normal) (G1 Evacuation Pause) 3234M->2932M(3602M) 5.291ms
[2023-11-10T12:10:34.211-0800][77837843ms] GC(25998) User=0.02s Sys=0.00s Real=0.01s
[2023-11-10T12:10:34.484-0800][77838116ms] GC(25999) Pause Young (Normal) (G1 Evacuation Pause)
[2023-11-10T12:10:34.484-0800][77838116ms] GC(25999) Using 10 workers of 10 for evacuation
[2023-11-10T12:10:34.489-0800][77838121ms] GC(25999)   Pre Evacuate Collection Set: 0.0ms
[2023-11-10T12:10:34.489-0800][77838121ms] GC(25999)   Evacuate Collection Set: 1.6ms
[2023-11-10T12:10:34.489-0800][77838121ms] GC(25999)   Post Evacuate Collection Set: 3.0ms
[2023-11-10T12:10:34.489-0800][77838121ms] GC(25999)   Other: 0.2ms
[2023-11-10T12:10:34.489-0800][77838121ms] GC(25999) Eden regions: 151->0(151)
[2023-11-10T12:10:34.489-0800][77838121ms] GC(25999) Survivor regions: 1->1(19)
[2023-11-10T12:10:34.489-0800][77838121ms] GC(25999) Old regions: 1462->1462
[2023-11-10T12:10:34.489-0800][77838121ms] GC(25999) Humongous regions: 5->5
[2023-11-10T12:10:34.489-0800][77838121ms] GC(25999) Metaspace: 305043K->305043K(1349632K)
[2023-11-10T12:10:34.489-0800][77838121ms] GC(25999) Pause Young (Normal) (G1 Evacuation Pause) 3234M->2932M(3602M) 5.120ms
[2023-11-10T12:10:34.489-0800][77838121ms] GC(25999) User=0.00s Sys=0.00s Real=0.01s
[2023-11-10T12:10:34.784-0800][77838416ms] GC(26000) Pause Young (Normal) (G1 Evacuation Pause)
[2023-11-10T12:10:34.784-0800][77838416ms] GC(26000) Using 10 workers of 10 for evacuation
[2023-11-10T12:10:34.792-0800][77838424ms] GC(26000)   Pre Evacuate Collection Set: 0.1ms
[2023-11-10T12:10:34.792-0800][77838424ms] GC(26000)   Evacuate Collection Set: 2.5ms
[2023-11-10T12:10:34.792-0800][77838424ms] GC(26000)   Post Evacuate Collection Set: 4.9ms
[2023-11-10T12:10:34.792-0800][77838424ms] GC(26000)   Other: 0.3ms
[2023-11-10T12:10:34.792-0800][77838424ms] GC(26000) Eden regions: 151->0(151)
[2023-11-10T12:10:34.792-0800][77838424ms] GC(26000) Survivor regions: 1->1(19)
[2023-11-10T12:10:34.792-0800][77838424ms] GC(26000) Old regions: 1462->1462
[2023-11-10T12:10:34.792-0800][77838424ms] GC(26000) Humongous regions: 5->5
[2023-11-10T12:10:34.792-0800][77838424ms] GC(26000) Metaspace: 305043K->305043K(1349632K)
[2023-11-10T12:10:34.792-0800][77838424ms] GC(26000) Pause Young (Normal) (G1 Evacuation Pause) 3234M->2932M(3602M) 7.914ms
[2023-11-10T12:10:34.792-0800][77838424ms] GC(26000) User=0.00s Sys=0.00s Real=0.01s
[2023-11-10T12:10:35.114-0800][77838746ms] GC(26001) Pause Young (Normal) (G1 Evacuation Pause)
[2023-11-10T12:10:35.114-0800][77838746ms] GC(26001) Using 10 workers of 10 for evacuation
[2023-11-10T12:10:35.119-0800][77838751ms] GC(26001)   Pre Evacuate Collection Set: 0.0ms
[2023-11-10T12:10:35.119-0800][77838751ms] GC(26001)   Evacuate Collection Set: 1.7ms
[2023-11-10T12:10:35.119-0800][77838751ms] GC(26001)   Post Evacuate Collection Set: 2.9ms
[2023-11-10T12:10:35.119-0800][77838751ms] GC(26001)   Other: 0.2ms
[2023-11-10T12:10:35.119-0800][77838751ms] GC(26001) Eden regions: 151->0(151)
[2023-11-10T12:10:35.119-0800][77838751ms] GC(26001) Survivor regions: 1->1(19)
[2023-11-10T12:10:35.119-0800][77838751ms] GC(26001) Old regions: 1462->1462
[2023-11-10T12:10:35.119-0800][77838751ms] GC(26001) Humongous regions: 5->5
[2023-11-10T12:10:35.119-0800][77838751ms] GC(26001) Metaspace: 305043K->305043K(1349632K)
[2023-11-10T12:10:35.119-0800][77838751ms] GC(26001) Pause Young (Normal) (G1 Evacuation Pause) 3234M->2932M(3602M) 5.048ms
[2023-11-10T12:10:35.119-0800][77838751ms] GC(26001) User=0.02s Sys=0.00s Real=0.00s
[2023-11-10T12:10:35.454-0800][77839086ms] GC(26002) Pause Young (Normal) (G1 Evacuation Pause)
[2023-11-10T12:10:35.454-0800][77839086ms] GC(26002) Using 10 workers of 10 for evacuation
[2023-11-10T12:10:35.459-0800][77839091ms] GC(26002)   Pre Evacuate Collection Set: 0.0ms
[2023-11-10T12:10:35.459-0800][77839091ms] GC(26002)   Evacuate Collection Set: 1.7ms
[2023-11-10T12:10:35.459-0800][77839091ms] GC(26002)   Post Evacuate Collection Set: 3.3ms
[2023-11-10T12:10:35.459-0800][77839091ms] GC(26002)   Other: 0.3ms
[2023-11-10T12:10:35.459-0800][77839091ms] GC(26002) Eden regions: 151->0(151)
[2023-11-10T12:10:35.459-0800][77839091ms] GC(26002) Survivor regions: 1->1(19)
[2023-11-10T12:10:35.459-0800][77839091ms] GC(26002) Old regions: 1462->1462
[2023-11-10T12:10:35.459-0800][77839091ms] GC(26002) Humongous regions: 5->5
[2023-11-10T12:10:35.459-0800][77839091ms] GC(26002) Metaspace: 305043K->305043K(1349632K)
[2023-11-10T12:10:35.459-0800][77839091ms] GC(26002) Pause Young (Normal) (G1 Evacuation Pause) 3234M->2932M(3602M) 5.424ms
[2023-11-10T12:10:35.459-0800][77839091ms] GC(26002) User=0.00s Sys=0.00s Real=0.01s
[2023-11-10T12:10:35.749-0800][77839381ms] GC(26003) Pause Young (Normal) (G1 Evacuation Pause)
[2023-11-10T12:10:35.749-0800][77839381ms] GC(26003) Using 10 workers of 10 for evacuation
[2023-11-10T12:10:35.755-0800][77839387ms] GC(26003)   Pre Evacuate Collection Set: 0.1ms
[2023-11-10T12:10:35.755-0800][77839387ms] GC(26003)   Evacuate Collection Set: 2.4ms
[2023-11-10T12:10:35.755-0800][77839387ms] GC(26003)   Post Evacuate Collection Set: 3.3ms
[2023-11-10T12:10:35.755-0800][77839387ms] GC(26003)   Other: 0.3ms
[2023-11-10T12:10:35.756-0800][77839388ms] GC(26003) Eden regions: 151->0(151)
[2023-11-10T12:10:35.756-0800][77839388ms] GC(26003) Survivor regions: 1->1(19)
[2023-11-10T12:10:35.756-0800][77839388ms] GC(26003) Old regions: 1462->1462
[2023-11-10T12:10:35.756-0800][77839388ms] GC(26003) Humongous regions: 5->5
[2023-11-10T12:10:35.756-0800][77839388ms] GC(26003) Metaspace: 305043K->305043K(1349632K)
[2023-11-10T12:10:35.756-0800][77839388ms] GC(26003) Pause Young (Normal) (G1 Evacuation Pause) 3234M->2932M(3602M) 6.243ms
[2023-11-10T12:10:35.756-0800][77839388ms] GC(26003) User=0.00s Sys=0.00s Real=0.01s
[2023-11-10T12:10:36.059-0800][77839691ms] GC(26004) Pause Young (Normal) (G1 Evacuation Pause)
[2023-11-10T12:10:36.059-0800][77839691ms] GC(26004) Using 10 workers of 10 for evacuation
[2023-11-10T12:10:36.065-0800][77839697ms] GC(26004)   Pre Evacuate Collection Set: 0.0ms
[2023-11-10T12:10:36.065-0800][77839697ms] GC(26004)   Evacuate Collection Set: 1.7ms
[2023-11-10T12:10:36.065-0800][77839697ms] GC(26004)   Post Evacuate Collection Set: 3.4ms
[2023-11-10T12:10:36.065-0800][77839697ms] GC(26004)   Other: 0.3ms
[2023-11-10T12:10:36.065-0800][77839697ms] GC(26004) Eden regions: 151->0(151)
[2023-11-10T12:10:36.065-0800][77839697ms] GC(26004) Survivor regions: 1->1(19)
[2023-11-10T12:10:36.065-0800][77839697ms] GC(26004) Old regions: 1462->1462
[2023-11-10T12:10:36.065-0800][77839697ms] GC(26004) Humongous regions: 5->5
[2023-11-10T12:10:36.065-0800][77839697ms] GC(26004) Metaspace: 305043K->305043K(1349632K)
[2023-11-10T12:10:36.065-0800][77839697ms] GC(26004) Pause Young (Normal) (G1 Evacuation Pause) 3234M->2932M(3602M) 5.583ms
[2023-11-10T12:10:36.065-0800][77839697ms] GC(26004) User=0.00s Sys=0.00s Real=0.01s
[2023-11-10T12:10:36.360-0800][77839992ms] GC(26005) Pause Young (Normal) (G1 Evacuation Pause)
[2023-11-10T12:10:36.360-0800][77839992ms] GC(26005) Using 10 workers of 10 for evacuation
[2023-11-10T12:10:36.366-0800][77839998ms] GC(26005)   Pre Evacuate Collection Set: 0.1ms
[2023-11-10T12:10:36.366-0800][77839998ms] GC(26005)   Evacuate Collection Set: 2.3ms
[2023-11-10T12:10:36.366-0800][77839998ms] GC(26005)   Post Evacuate Collection Set: 3.7ms
[2023-11-10T12:10:36.366-0800][77839998ms] GC(26005)   Other: 0.4ms
[2023-11-10T12:10:36.366-0800][77839998ms] GC(26005) Eden regions: 151->0(151)
[2023-11-10T12:10:36.366-0800][77839998ms] GC(26005) Survivor regions: 1->1(19)
[2023-11-10T12:10:36.366-0800][77839998ms] GC(26005) Old regions: 1462->1462
[2023-11-10T12:10:36.366-0800][77839998ms] GC(26005) Humongous regions: 5->5
[2023-11-10T12:10:36.366-0800][77839998ms] GC(26005) Metaspace: 305043K->305043K(1349632K)
[2023-11-10T12:10:36.366-0800][77839998ms] GC(26005) Pause Young (Normal) (G1 Evacuation Pause) 3234M->2932M(3602M) 6.519ms
[2023-11-10T12:10:36.366-0800][77839998ms] GC(26005) User=0.00s Sys=0.00s Real=0.01s
[2023-11-10T12:10:36.639-0800][77840271ms] GC(26006) Pause Young (Normal) (G1 Evacuation Pause)
[2023-11-10T12:10:36.639-0800][77840271ms] GC(26006) Using 10 workers of 10 for evacuation
[2023-11-10T12:10:36.644-0800][77840276ms] GC(26006)   Pre Evacuate Collection Set: 0.0ms
[2023-11-10T12:10:36.644-0800][77840276ms] GC(26006)   Evacuate Collection Set: 1.6ms
[2023-11-10T12:10:36.644-0800][77840276ms] GC(26006)   Post Evacuate Collection Set: 3.1ms
[2023-11-10T12:10:36.644-0800][77840276ms] GC(26006)   Other: 0.3ms
[2023-11-10T12:10:36.644-0800][77840276ms] GC(26006) Eden regions: 151->0(151)
[2023-11-10T12:10:36.644-0800][77840276ms] GC(26006) Survivor regions: 1->1(19)
[2023-11-10T12:10:36.644-0800][77840276ms] GC(26006) Old regions: 1462->1462
[2023-11-10T12:10:36.644-0800][77840276ms] GC(26006) Humongous regions: 5->5
[2023-11-10T12:10:36.644-0800][77840276ms] GC(26006) Metaspace: 305043K->305043K(1349632K)
[2023-11-10T12:10:36.644-0800][77840276ms] GC(26006) Pause Young (Normal) (G1 Evacuation Pause) 3234M->2932M(3602M) 5.118ms
[2023-11-10T12:10:36.644-0800][77840276ms] GC(26006) User=0.00s Sys=0.00s Real=0.01s
[2023-11-10T12:10:37.022-0800][77840654ms] GC(26007) Pause Young (Normal) (G1 Evacuation Pause)
[2023-11-10T12:10:37.022-0800][77840654ms] GC(26007) Using 10 workers of 10 for evacuation
[2023-11-10T12:10:37.029-0800][77840661ms] GC(26007)   Pre Evacuate Collection Set: 0.1ms
[2023-11-10T12:10:37.029-0800][77840661ms] GC(26007)   Evacuate Collection Set: 2.6ms
[2023-11-10T12:10:37.029-0800][77840661ms] GC(26007)   Post Evacuate Collection Set: 3.8ms
[2023-11-10T12:10:37.029-0800][77840661ms] GC(26007)   Other: 0.3ms
[2023-11-10T12:10:37.029-0800][77840661ms] GC(26007) Eden regions: 151->0(151)
[2023-11-10T12:10:37.029-0800][77840661ms] GC(26007) Survivor regions: 1->1(19)
[2023-11-10T12:10:37.029-0800][77840661ms] GC(26007) Old regions: 1462->1462
[2023-11-10T12:10:37.029-0800][77840661ms] GC(26007) Humongous regions: 5->5
[2023-11-10T12:10:37.029-0800][77840661ms] GC(26007) Metaspace: 305043K->305043K(1349632K)
[2023-11-10T12:10:37.030-0800][77840662ms] GC(26007) Pause Young (Normal) (G1 Evacuation Pause) 3234M->2932M(3602M) 6.865ms
[2023-11-10T12:10:37.030-0800][77840662ms] GC(26007) User=0.00s Sys=0.00s Real=0.01s
[2023-11-10T12:10:37.307-0800][77840939ms] GC(26008) Pause Young (Normal) (G1 Evacuation Pause)
[2023-11-10T12:10:37.307-0800][77840939ms] GC(26008) Using 10 workers of 10 for evacuation
[2023-11-10T12:10:37.314-0800][77840946ms] GC(26008)   Pre Evacuate Collection Set: 0.1ms
[2023-11-10T12:10:37.314-0800][77840946ms] GC(26008)   Evacuate Collection Set: 2.5ms
[2023-11-10T12:10:37.314-0800][77840946ms] GC(26008)   Post Evacuate Collection Set: 3.6ms
[2023-11-10T12:10:37.314-0800][77840946ms] GC(26008)   Other: 0.3ms
[2023-11-10T12:10:37.314-0800][77840946ms] GC(26008) Eden regions: 151->0(151)
[2023-11-10T12:10:37.314-0800][77840946ms] GC(26008) Survivor regions: 1->1(19)
[2023-11-10T12:10:37.314-0800][77840946ms] GC(26008) Old regions: 1462->1462
[2023-11-10T12:10:37.314-0800][77840946ms] GC(26008) Humongous regions: 5->5
[2023-11-10T12:10:37.314-0800][77840946ms] GC(26008) Metaspace: 305043K->305043K(1349632K)
[2023-11-10T12:10:37.314-0800][77840946ms] GC(26008) Pause Young (Normal) (G1 Evacuation Pause) 3234M->2932M(3602M) 6.634ms
[2023-11-10T12:10:37.314-0800][77840946ms] GC(26008) User=0.00s Sys=0.00s Real=0.01s
[2023-11-10T12:10:37.597-0800][77841229ms] GC(26009) Pause Young (Normal) (G1 Evacuation Pause)
[2023-11-10T12:10:37.597-0800][77841229ms] GC(26009) Using 10 workers of 10 for evacuation
[2023-11-10T12:10:37.604-0800][77841236ms] GC(26009)   Pre Evacuate Collection Set: 0.0ms
[2023-11-10T12:10:37.604-0800][77841236ms] GC(26009)   Evacuate Collection Set: 1.9ms
[2023-11-10T12:10:37.604-0800][77841236ms] GC(26009)   Post Evacuate Collection Set: 3.7ms
[2023-11-10T12:10:37.604-0800][77841236ms] GC(26009)   Other: 0.3ms
[2023-11-10T12:10:37.604-0800][77841236ms] GC(26009) Eden regions: 151->0(151)
[2023-11-10T12:10:37.604-0800][77841236ms] GC(26009) Survivor regions: 1->1(19)
[2023-11-10T12:10:37.604-0800][77841236ms] GC(26009) Old regions: 1462->1462
[2023-11-10T12:10:37.604-0800][77841236ms] GC(26009) Humongous regions: 5->5
[2023-11-10T12:10:37.604-0800][77841236ms] GC(26009) Metaspace: 305043K->305043K(1349632K)
[2023-11-10T12:10:37.604-0800][77841236ms] GC(26009) Pause Young (Normal) (G1 Evacuation Pause) 3234M->2933M(3602M) 6.104ms
[2023-11-10T12:10:37.604-0800][77841236ms] GC(26009) User=0.02s Sys=0.00s Real=0.01s
[2023-11-10T12:10:37.932-0800][77841564ms] GC(26010) Pause Young (Normal) (G1 Evacuation Pause)
[2023-11-10T12:10:37.932-0800][77841564ms] GC(26010) Using 10 workers of 10 for evacuation
[2023-11-10T12:10:37.938-0800][77841570ms] GC(26010)   Pre Evacuate Collection Set: 0.0ms
[2023-11-10T12:10:37.938-0800][77841570ms] GC(26010)   Evacuate Collection Set: 2.0ms
[2023-11-10T12:10:37.938-0800][77841570ms] GC(26010)   Post Evacuate Collection Set: 3.3ms
[2023-11-10T12:10:37.938-0800][77841570ms] GC(26010)   Other: 0.3ms
[2023-11-10T12:10:37.938-0800][77841570ms] GC(26010) Eden regions: 151->0(151)
[2023-11-10T12:10:37.938-0800][77841570ms] GC(26010) Survivor regions: 1->1(19)
[2023-11-10T12:10:37.938-0800][77841570ms] GC(26010) Old regions: 1462->1462
[2023-11-10T12:10:37.938-0800][77841570ms] GC(26010) Humongous regions: 5->5
[2023-11-10T12:10:37.938-0800][77841570ms] GC(26010) Metaspace: 305043K->305043K(1349632K)
[2023-11-10T12:10:37.938-0800][77841570ms] GC(26010) Pause Young (Normal) (G1 Evacuation Pause) 3235M->2932M(3602M) 5.714ms
[2023-11-10T12:10:37.938-0800][77841570ms] GC(26010) User=0.00s Sys=0.00s Real=0.01s
[2023-11-10T12:10:38.198-0800][77841830ms] GC(26011) Pause Young (Normal) (G1 Evacuation Pause)
[2023-11-10T12:10:38.198-0800][77841830ms] GC(26011) Using 10 workers of 10 for evacuation
[2023-11-10T12:10:38.202-0800][77841834ms] GC(26011)   Pre Evacuate Collection Set: 0.0ms
[2023-11-10T12:10:38.202-0800][77841834ms] GC(26011)   Evacuate Collection Set: 1.8ms
[2023-11-10T12:10:38.202-0800][77841834ms] GC(26011)   Post Evacuate Collection Set: 3.2ms
[2023-11-10T12:10:38.202-0800][77841834ms] GC(26011)   Other: 0.2ms
[2023-11-10T12:10:38.202-0800][77841834ms] GC(26011) Eden regions: 151->0(151)
[2023-11-10T12:10:38.202-0800][77841834ms] GC(26011) Survivor regions: 1->1(19)
[2023-11-10T12:10:38.202-0800][77841834ms] GC(26011) Old regions: 1462->1462
[2023-11-10T12:10:38.202-0800][77841834ms] GC(26011) Humongous regions: 5->5
[2023-11-10T12:10:38.202-0800][77841834ms] GC(26011) Metaspace: 305043K->305043K(1349632K)
[2023-11-10T12:10:38.202-0800][77841834ms] GC(26011) Pause Young (Normal) (G1 Evacuation Pause) 3234M->2932M(3602M) 5.356ms
[2023-11-10T12:10:38.202-0800][77841834ms] GC(26011) User=0.00s Sys=0.00s Real=0.00s
[2023-11-10T12:10:38.474-0800][77842106ms] GC(26012) Pause Young (Normal) (G1 Evacuation Pause)
[2023-11-10T12:10:38.474-0800][77842106ms] GC(26012) Using 10 workers of 10 for evacuation
[2023-11-10T12:10:38.479-0800][77842111ms] GC(26012)   Pre Evacuate Collection Set: 0.0ms
[2023-11-10T12:10:38.479-0800][77842111ms] GC(26012)   Evacuate Collection Set: 1.8ms
[2023-11-10T12:10:38.479-0800][77842111ms] GC(26012)   Post Evacuate Collection Set: 3.2ms
[2023-11-10T12:10:38.479-0800][77842111ms] GC(26012)   Other: 0.4ms
[2023-11-10T12:10:38.479-0800][77842111ms] GC(26012) Eden regions: 151->0(151)
[2023-11-10T12:10:38.479-0800][77842111ms] GC(26012) Survivor regions: 1->1(19)
[2023-11-10T12:10:38.479-0800][77842111ms] GC(26012) Old regions: 1462->1462
[2023-11-10T12:10:38.479-0800][77842111ms] GC(26012) Humongous regions: 5->5
[2023-11-10T12:10:38.479-0800][77842111ms] GC(26012) Metaspace: 305043K->305043K(1349632K)
[2023-11-10T12:10:38.479-0800][77842111ms] GC(26012) Pause Young (Normal) (G1 Evacuation Pause) 3234M->2933M(3602M) 5.600ms
[2023-11-10T12:10:38.479-0800][77842111ms] GC(26012) User=0.02s Sys=0.02s Real=0.01s
[2023-11-10T12:10:38.750-0800][77842382ms] GC(26013) Pause Young (Normal) (G1 Evacuation Pause)
[2023-11-10T12:10:38.750-0800][77842382ms] GC(26013) Using 10 workers of 10 for evacuation
[2023-11-10T12:10:38.755-0800][77842387ms] GC(26013)   Pre Evacuate Collection Set: 0.0ms
[2023-11-10T12:10:38.755-0800][77842387ms] GC(26013)   Evacuate Collection Set: 1.7ms
[2023-11-10T12:10:38.755-0800][77842387ms] GC(26013)   Post Evacuate Collection Set: 3.0ms
[2023-11-10T12:10:38.755-0800][77842387ms] GC(26013)   Other: 0.2ms
[2023-11-10T12:10:38.755-0800][77842387ms] GC(26013) Eden regions: 151->0(151)
[2023-11-10T12:10:38.755-0800][77842387ms] GC(26013) Survivor regions: 1->1(19)
[2023-11-10T12:10:38.755-0800][77842387ms] GC(26013) Old regions: 1462->1462
[2023-11-10T12:10:38.755-0800][77842387ms] GC(26013) Humongous regions: 5->5
[2023-11-10T12:10:38.755-0800][77842387ms] GC(26013) Metaspace: 305043K->305043K(1349632K)
[2023-11-10T12:10:38.755-0800][77842387ms] GC(26013) Pause Young (Normal) (G1 Evacuation Pause) 3235M->2933M(3602M) 5.062ms
[2023-11-10T12:10:38.755-0800][77842387ms] GC(26013) User=0.00s Sys=0.00s Real=0.01s
[2023-11-10T12:10:39.017-0800][77842649ms] GC(26014) Pause Young (Normal) (G1 Evacuation Pause)
[2023-11-10T12:10:39.017-0800][77842649ms] GC(26014) Using 10 workers of 10 for evacuation
[2023-11-10T12:10:39.021-0800][77842653ms] GC(26014)   Pre Evacuate Collection Set: 0.0ms
[2023-11-10T12:10:39.021-0800][77842654ms] GC(26014)   Evacuate Collection Set: 1.6ms
[2023-11-10T12:10:39.022-0800][77842654ms] GC(26014)   Post Evacuate Collection Set: 3.0ms
[2023-11-10T12:10:39.022-0800][77842654ms] GC(26014)   Other: 0.2ms
[2023-11-10T12:10:39.022-0800][77842654ms] GC(26014) Eden regions: 151->0(151)
[2023-11-10T12:10:39.022-0800][77842654ms] GC(26014) Survivor regions: 1->1(19)
[2023-11-10T12:10:39.022-0800][77842654ms] GC(26014) Old regions: 1462->1462
[2023-11-10T12:10:39.022-0800][77842654ms] GC(26014) Humongous regions: 5->5
[2023-11-10T12:10:39.022-0800][77842654ms] GC(26014) Metaspace: 305043K->305043K(1349632K)
[2023-11-10T12:10:39.023-0800][77842655ms] GC(26014) Pause Young (Normal) (G1 Evacuation Pause) 3235M->2933M(3602M) 5.015ms
[2023-11-10T12:10:39.023-0800][77842655ms] GC(26014) User=0.00s Sys=0.00s Real=0.01s
[2023-11-10T12:10:39.289-0800][77842921ms] GC(26015) Pause Young (Normal) (G1 Evacuation Pause)
[2023-11-10T12:10:39.289-0800][77842921ms] GC(26015) Using 10 workers of 10 for evacuation
[2023-11-10T12:10:39.295-0800][77842927ms] GC(26015)   Pre Evacuate Collection Set: 0.0ms
[2023-11-10T12:10:39.295-0800][77842927ms] GC(26015)   Evacuate Collection Set: 1.7ms
[2023-11-10T12:10:39.295-0800][77842927ms] GC(26015)   Post Evacuate Collection Set: 3.0ms
[2023-11-10T12:10:39.295-0800][77842927ms] GC(26015)   Other: 0.3ms
[2023-11-10T12:10:39.295-0800][77842927ms] GC(26015) Eden regions: 151->0(151)
[2023-11-10T12:10:39.295-0800][77842927ms] GC(26015) Survivor regions: 1->1(19)
[2023-11-10T12:10:39.295-0800][77842927ms] GC(26015) Old regions: 1462->1462
[2023-11-10T12:10:39.295-0800][77842927ms] GC(26015) Humongous regions: 5->5
[2023-11-10T12:10:39.295-0800][77842927ms] GC(26015) Metaspace: 305043K->305043K(1349632K)
[2023-11-10T12:10:39.295-0800][77842927ms] GC(26015) Pause Young (Normal) (G1 Evacuation Pause) 3235M->2933M(3602M) 5.114ms
[2023-11-10T12:10:39.295-0800][77842927ms] GC(26015) User=0.00s Sys=0.00s Real=0.01s
[2023-11-10T12:10:39.551-0800][77843183ms] GC(26016) Pause Young (Normal) (G1 Evacuation Pause)
[2023-11-10T12:10:39.551-0800][77843183ms] GC(26016) Using 10 workers of 10 for evacuation
[2023-11-10T12:10:39.557-0800][77843189ms] GC(26016)   Pre Evacuate Collection Set: 0.0ms
[2023-11-10T12:10:39.557-0800][77843189ms] GC(26016)   Evacuate Collection Set: 1.6ms
[2023-11-10T12:10:39.557-0800][77843189ms] GC(26016)   Post Evacuate Collection Set: 3.1ms
[2023-11-10T12:10:39.557-0800][77843189ms] GC(26016)   Other: 0.2ms
[2023-11-10T12:10:39.557-0800][77843189ms] GC(26016) Eden regions: 151->0(151)
[2023-11-10T12:10:39.557-0800][77843189ms] GC(26016) Survivor regions: 1->1(19)
[2023-11-10T12:10:39.557-0800][77843189ms] GC(26016) Old regions: 1462->1462
[2023-11-10T12:10:39.557-0800][77843189ms] GC(26016) Humongous regions: 5->5
[2023-11-10T12:10:39.557-0800][77843189ms] GC(26016) Metaspace: 305043K->305043K(1349632K)
[2023-11-10T12:10:39.557-0800][77843189ms] GC(26016) Pause Young (Normal) (G1 Evacuation Pause) 3235M->2933M(3602M) 4.984ms
[2023-11-10T12:10:39.557-0800][77843189ms] GC(26016) User=0.00s Sys=0.00s Real=0.01s
[2023-11-10T12:10:39.825-0800][77843457ms] GC(26017) Pause Young (Normal) (G1 Evacuation Pause)
[2023-11-10T12:10:39.825-0800][77843457ms] GC(26017) Using 10 workers of 10 for evacuation
[2023-11-10T12:10:39.829-0800][77843461ms] GC(26017)   Pre Evacuate Collection Set: 0.0ms
[2023-11-10T12:10:39.829-0800][77843461ms] GC(26017)   Evacuate Collection Set: 1.7ms
[2023-11-10T12:10:39.829-0800][77843461ms] GC(26017)   Post Evacuate Collection Set: 2.9ms
[2023-11-10T12:10:39.829-0800][77843461ms] GC(26017)   Other: 0.3ms
[2023-11-10T12:10:39.829-0800][77843461ms] GC(26017) Eden regions: 151->0(151)
[2023-11-10T12:10:39.830-0800][77843462ms] GC(26017) Survivor regions: 1->1(19)
[2023-11-10T12:10:39.830-0800][77843462ms] GC(26017) Old regions: 1462->1462
[2023-11-10T12:10:39.830-0800][77843462ms] GC(26017) Humongous regions: 5->5
[2023-11-10T12:10:39.830-0800][77843462ms] GC(26017) Metaspace: 305043K->305043K(1349632K)
[2023-11-10T12:10:39.830-0800][77843462ms] GC(26017) Pause Young (Normal) (G1 Evacuation Pause) 3235M->2933M(3602M) 5.060ms
[2023-11-10T12:10:39.830-0800][77843462ms] GC(26017) User=0.00s Sys=0.00s Real=0.00s
[2023-11-10T12:10:40.096-0800][77843728ms] GC(26018) Pause Young (Normal) (G1 Evacuation Pause)
[2023-11-10T12:10:40.096-0800][77843728ms] GC(26018) Using 10 workers of 10 for evacuation
[2023-11-10T12:10:40.100-0800][77843732ms] GC(26018)   Pre Evacuate Collection Set: 0.0ms
[2023-11-10T12:10:40.100-0800][77843732ms] GC(26018)   Evacuate Collection Set: 1.6ms
[2023-11-10T12:10:40.100-0800][77843732ms] GC(26018)   Post Evacuate Collection Set: 3.2ms
[2023-11-10T12:10:40.100-0800][77843732ms] GC(26018)   Other: 0.2ms
[2023-11-10T12:10:40.100-0800][77843732ms] GC(26018) Eden regions: 151->0(151)
[2023-11-10T12:10:40.100-0800][77843732ms] GC(26018) Survivor regions: 1->1(19)
[2023-11-10T12:10:40.100-0800][77843732ms] GC(26018) Old regions: 1462->1462
[2023-11-10T12:10:40.100-0800][77843732ms] GC(26018) Humongous regions: 5->5
[2023-11-10T12:10:40.100-0800][77843732ms] GC(26018) Metaspace: 305043K->305043K(1349632K)
[2023-11-10T12:10:40.100-0800][77843732ms] GC(26018) Pause Young (Normal) (G1 Evacuation Pause) 3235M->2933M(3602M) 5.141ms
[2023-11-10T12:10:40.100-0800][77843732ms] GC(26018) User=0.00s Sys=0.00s Real=0.00s
[2023-11-10T12:10:40.354-0800][77843986ms] GC(26019) Pause Young (Normal) (G1 Evacuation Pause)
[2023-11-10T12:10:40.354-0800][77843986ms] GC(26019) Using 10 workers of 10 for evacuation
[2023-11-10T12:10:40.359-0800][77843991ms] GC(26019)   Pre Evacuate Collection Set: 0.0ms
[2023-11-10T12:10:40.359-0800][77843991ms] GC(26019)   Evacuate Collection Set: 1.7ms
[2023-11-10T12:10:40.359-0800][77843991ms] GC(26019)   Post Evacuate Collection Set: 3.0ms
[2023-11-10T12:10:40.359-0800][77843991ms] GC(26019)   Other: 0.2ms
[2023-11-10T12:10:40.359-0800][77843991ms] GC(26019) Eden regions: 151->0(151)
[2023-11-10T12:10:40.359-0800][77843991ms] GC(26019) Survivor regions: 1->1(19)
[2023-11-10T12:10:40.359-0800][77843991ms] GC(26019) Old regions: 1462->1462
[2023-11-10T12:10:40.359-0800][77843991ms] GC(26019) Humongous regions: 5->5
[2023-11-10T12:10:40.359-0800][77843991ms] GC(26019) Metaspace: 305043K->305043K(1349632K)
[2023-11-10T12:10:40.359-0800][77843991ms] GC(26019) Pause Young (Normal) (G1 Evacuation Pause) 3235M->2933M(3602M) 5.096ms
[2023-11-10T12:10:40.359-0800][77843991ms] GC(26019) User=0.00s Sys=0.00s Real=0.00s
[2023-11-10T12:10:40.637-0800][77844269ms] GC(26020) Pause Young (Normal) (G1 Evacuation Pause)
[2023-11-10T12:10:40.637-0800][77844269ms] GC(26020) Using 10 workers of 10 for evacuation
[2023-11-10T12:10:40.642-0800][77844274ms] GC(26020)   Pre Evacuate Collection Set: 0.0ms
[2023-11-10T12:10:40.642-0800][77844274ms] GC(26020)   Evacuate Collection Set: 1.7ms
[2023-11-10T12:10:40.642-0800][77844274ms] GC(26020)   Post Evacuate Collection Set: 2.9ms
[2023-11-10T12:10:40.642-0800][77844274ms] GC(26020)   Other: 0.2ms
[2023-11-10T12:10:40.642-0800][77844274ms] GC(26020) Eden regions: 151->0(151)
[2023-11-10T12:10:40.642-0800][77844274ms] GC(26020) Survivor regions: 1->1(19)
[2023-11-10T12:10:40.642-0800][77844274ms] GC(26020) Old regions: 1462->1462
[2023-11-10T12:10:40.642-0800][77844274ms] GC(26020) Humongous regions: 5->5
[2023-11-10T12:10:40.642-0800][77844274ms] GC(26020) Metaspace: 305043K->305043K(1349632K)
[2023-11-10T12:10:40.642-0800][77844274ms] GC(26020) Pause Young (Normal) (G1 Evacuation Pause) 3235M->2933M(3602M) 4.937ms
[2023-11-10T12:10:40.643-0800][77844275ms] GC(26020) User=0.00s Sys=0.00s Real=0.01s
[2023-11-10T12:10:40.903-0800][77844535ms] GC(26021) Pause Young (Normal) (G1 Evacuation Pause)
[2023-11-10T12:10:40.903-0800][77844535ms] GC(26021) Using 10 workers of 10 for evacuation
[2023-11-10T12:10:40.908-0800][77844540ms] GC(26021)   Pre Evacuate Collection Set: 0.0ms
[2023-11-10T12:10:40.908-0800][77844540ms] GC(26021)   Evacuate Collection Set: 1.8ms
[2023-11-10T12:10:40.908-0800][77844540ms] GC(26021)   Post Evacuate Collection Set: 3.0ms
[2023-11-10T12:10:40.908-0800][77844540ms] GC(26021)   Other: 0.3ms
[2023-11-10T12:10:40.908-0800][77844540ms] GC(26021) Eden regions: 151->0(151)
[2023-11-10T12:10:40.908-0800][77844540ms] GC(26021) Survivor regions: 1->1(19)
[2023-11-10T12:10:40.908-0800][77844540ms] GC(26021) Old regions: 1462->1462
[2023-11-10T12:10:40.908-0800][77844540ms] GC(26021) Humongous regions: 5->5
[2023-11-10T12:10:40.908-0800][77844540ms] GC(26021) Metaspace: 305043K->305043K(1349632K)
[2023-11-10T12:10:40.908-0800][77844540ms] GC(26021) Pause Young (Normal) (G1 Evacuation Pause) 3235M->2933M(3602M) 5.271ms
[2023-11-10T12:10:40.908-0800][77844540ms] GC(26021) User=0.00s Sys=0.00s Real=0.00s
[2023-11-10T12:10:41.168-0800][77844800ms] GC(26022) Pause Young (Normal) (G1 Evacuation Pause)
[2023-11-10T12:10:41.168-0800][77844800ms] GC(26022) Using 10 workers of 10 for evacuation
[2023-11-10T12:10:41.173-0800][77844805ms] GC(26022)   Pre Evacuate Collection Set: 0.0ms
[2023-11-10T12:10:41.173-0800][77844805ms] GC(26022)   Evacuate Collection Set: 1.6ms
[2023-11-10T12:10:41.173-0800][77844805ms] GC(26022)   Post Evacuate Collection Set: 3.1ms
[2023-11-10T12:10:41.173-0800][77844805ms] GC(26022)   Other: 0.3ms
[2023-11-10T12:10:41.173-0800][77844805ms] GC(26022) Eden regions: 151->0(151)
[2023-11-10T12:10:41.173-0800][77844805ms] GC(26022) Survivor regions: 1->1(19)
[2023-11-10T12:10:41.173-0800][77844805ms] GC(26022) Old regions: 1462->1462
[2023-11-10T12:10:41.173-0800][77844805ms] GC(26022) Humongous regions: 5->5
[2023-11-10T12:10:41.173-0800][77844805ms] GC(26022) Metaspace: 305043K->305043K(1349632K)
[2023-11-10T12:10:41.173-0800][77844805ms] GC(26022) Pause Young (Normal) (G1 Evacuation Pause) 3235M->2933M(3602M) 5.162ms
[2023-11-10T12:10:41.173-0800][77844805ms] GC(26022) User=0.00s Sys=0.00s Real=0.01s
[2023-11-10T12:10:41.445-0800][77845077ms] GC(26023) Pause Young (Normal) (G1 Evacuation Pause)
[2023-11-10T12:10:41.445-0800][77845077ms] GC(26023) Using 10 workers of 10 for evacuation
[2023-11-10T12:10:41.449-0800][77845081ms] GC(26023)   Pre Evacuate Collection Set: 0.0ms
[2023-11-10T12:10:41.449-0800][77845081ms] GC(26023)   Evacuate Collection Set: 1.6ms
[2023-11-10T12:10:41.449-0800][77845081ms] GC(26023)   Post Evacuate Collection Set: 3.0ms
[2023-11-10T12:10:41.449-0800][77845081ms] GC(26023)   Other: 0.2ms
[2023-11-10T12:10:41.449-0800][77845081ms] GC(26023) Eden regions: 151->0(151)
[2023-11-10T12:10:41.449-0800][77845081ms] GC(26023) Survivor regions: 1->1(19)
[2023-11-10T12:10:41.449-0800][77845082ms] GC(26023) Old regions: 1462->1462
[2023-11-10T12:10:41.450-0800][77845082ms] GC(26023) Humongous regions: 5->5
[2023-11-10T12:10:41.450-0800][77845082ms] GC(26023) Metaspace: 305043K->305043K(1349632K)
[2023-11-10T12:10:41.450-0800][77845082ms] GC(26023) Pause Young (Normal) (G1 Evacuation Pause) 3235M->2933M(3602M) 4.947ms
[2023-11-10T12:10:41.450-0800][77845082ms] GC(26023) User=0.00s Sys=0.00s Real=0.01s
[2023-11-10T12:10:41.731-0800][77845363ms] GC(26024) Pause Young (Normal) (G1 Evacuation Pause)
[2023-11-10T12:10:41.731-0800][77845363ms] GC(26024) Using 10 workers of 10 for evacuation
[2023-11-10T12:10:41.737-0800][77845369ms] GC(26024)   Pre Evacuate Collection Set: 0.0ms
[2023-11-10T12:10:41.737-0800][77845369ms] GC(26024)   Evacuate Collection Set: 1.8ms
[2023-11-10T12:10:41.737-0800][77845369ms] GC(26024)   Post Evacuate Collection Set: 3.1ms
[2023-11-10T12:10:41.737-0800][77845369ms] GC(26024)   Other: 0.3ms
[2023-11-10T12:10:41.737-0800][77845369ms] GC(26024) Eden regions: 151->0(151)
[2023-11-10T12:10:41.737-0800][77845369ms] GC(26024) Survivor regions: 1->1(19)
[2023-11-10T12:10:41.737-0800][77845369ms] GC(26024) Old regions: 1462->1462
[2023-11-10T12:10:41.737-0800][77845369ms] GC(26024) Humongous regions: 5->5
[2023-11-10T12:10:41.737-0800][77845369ms] GC(26024) Metaspace: 305043K->305043K(1349632K)
[2023-11-10T12:10:41.737-0800][77845369ms] GC(26024) Pause Young (Normal) (G1 Evacuation Pause) 3235M->2933M(3602M) 5.195ms
[2023-11-10T12:10:41.737-0800][77845369ms] GC(26024) User=0.00s Sys=0.00s Real=0.01s
[2023-11-10T12:10:42.003-0800][77845635ms] GC(26025) Pause Young (Normal) (G1 Evacuation Pause)
[2023-11-10T12:10:42.003-0800][77845635ms] GC(26025) Using 10 workers of 10 for evacuation
[2023-11-10T12:10:42.008-0800][77845640ms] GC(26025)   Pre Evacuate Collection Set: 0.0ms
[2023-11-10T12:10:42.008-0800][77845640ms] GC(26025)   Evacuate Collection Set: 1.6ms
[2023-11-10T12:10:42.008-0800][77845640ms] GC(26025)   Post Evacuate Collection Set: 3.1ms
[2023-11-10T12:10:42.008-0800][77845640ms] GC(26025)   Other: 0.2ms
[2023-11-10T12:10:42.008-0800][77845640ms] GC(26025) Eden regions: 151->0(151)
[2023-11-10T12:10:42.008-0800][77845640ms] GC(26025) Survivor regions: 1->1(19)
[2023-11-10T12:10:42.008-0800][77845640ms] GC(26025) Old regions: 1462->1462
[2023-11-10T12:10:42.008-0800][77845640ms] GC(26025) Humongous regions: 5->5
[2023-11-10T12:10:42.008-0800][77845640ms] GC(26025) Metaspace: 305043K->305043K(1349632K)
[2023-11-10T12:10:42.008-0800][77845640ms] GC(26025) Pause Young (Normal) (G1 Evacuation Pause) 3235M->2933M(3602M) 5.031ms
[2023-11-10T12:10:42.008-0800][77845640ms] GC(26025) User=0.02s Sys=0.00s Real=0.00s
[2023-11-10T12:10:42.278-0800][77845910ms] GC(26026) Pause Young (Normal) (G1 Evacuation Pause)
[2023-11-10T12:10:42.278-0800][77845910ms] GC(26026) Using 10 workers of 10 for evacuation
[2023-11-10T12:10:42.284-0800][77845916ms] GC(26026)   Pre Evacuate Collection Set: 0.0ms
[2023-11-10T12:10:42.284-0800][77845916ms] GC(26026)   Evacuate Collection Set: 1.6ms
[2023-11-10T12:10:42.284-0800][77845916ms] GC(26026)   Post Evacuate Collection Set: 3.3ms
[2023-11-10T12:10:42.284-0800][77845916ms] GC(26026)   Other: 0.3ms
[2023-11-10T12:10:42.284-0800][77845916ms] GC(26026) Eden regions: 151->0(151)
[2023-11-10T12:10:42.284-0800][77845916ms] GC(26026) Survivor regions: 1->1(19)
[2023-11-10T12:10:42.284-0800][77845916ms] GC(26026) Old regions: 1462->1462
[2023-11-10T12:10:42.284-0800][77845916ms] GC(26026) Humongous regions: 5->5
[2023-11-10T12:10:42.284-0800][77845916ms] GC(26026) Metaspace: 305043K->305043K(1349632K)
[2023-11-10T12:10:42.284-0800][77845916ms] GC(26026) Pause Young (Normal) (G1 Evacuation Pause) 3235M->2933M(3602M) 5.405ms
[2023-11-10T12:10:42.284-0800][77845916ms] GC(26026) User=0.00s Sys=0.00s Real=0.01s
[2023-11-10T12:10:42.588-0800][77846220ms] GC(26027) Pause Young (Normal) (G1 Evacuation Pause)
[2023-11-10T12:10:42.588-0800][77846220ms] GC(26027) Using 10 workers of 10 for evacuation
[2023-11-10T12:10:42.595-0800][77846227ms] GC(26027)   Pre Evacuate Collection Set: 0.0ms
[2023-11-10T12:10:42.595-0800][77846227ms] GC(26027)   Evacuate Collection Set: 2.2ms
[2023-11-10T12:10:42.595-0800][77846227ms] GC(26027)   Post Evacuate Collection Set: 3.6ms
[2023-11-10T12:10:42.595-0800][77846227ms] GC(26027)   Other: 0.4ms
[2023-11-10T12:10:42.595-0800][77846227ms] GC(26027) Eden regions: 151->0(151)
[2023-11-10T12:10:42.595-0800][77846227ms] GC(26027) Survivor regions: 1->1(19)
[2023-11-10T12:10:42.595-0800][77846227ms] GC(26027) Old regions: 1462->1462
[2023-11-10T12:10:42.595-0800][77846227ms] GC(26027) Humongous regions: 5->5
[2023-11-10T12:10:42.595-0800][77846227ms] GC(26027) Metaspace: 305043K->305043K(1349632K)
[2023-11-10T12:10:42.595-0800][77846227ms] GC(26027) Pause Young (Normal) (G1 Evacuation Pause) 3235M->2933M(3602M) 6.469ms
[2023-11-10T12:10:42.595-0800][77846227ms] GC(26027) User=0.00s Sys=0.00s Real=0.01s
[2023-11-10T12:10:42.928-0800][77846560ms] GC(26028) Pause Young (Normal) (G1 Evacuation Pause)
[2023-11-10T12:10:42.929-0800][77846561ms] GC(26028) Using 10 workers of 10 for evacuation
[2023-11-10T12:10:42.934-0800][77846566ms] GC(26028)   Pre Evacuate Collection Set: 0.1ms
[2023-11-10T12:10:42.934-0800][77846566ms] GC(26028)   Evacuate Collection Set: 2.1ms
[2023-11-10T12:10:42.934-0800][77846566ms] GC(26028)   Post Evacuate Collection Set: 3.8ms
[2023-11-10T12:10:42.934-0800][77846566ms] GC(26028)   Other: 0.4ms
[2023-11-10T12:10:42.934-0800][77846566ms] GC(26028) Eden regions: 151->0(151)
[2023-11-10T12:10:42.934-0800][77846566ms] GC(26028) Survivor regions: 1->1(19)
[2023-11-10T12:10:42.934-0800][77846566ms] GC(26028) Old regions: 1462->1462
[2023-11-10T12:10:42.934-0800][77846566ms] GC(26028) Humongous regions: 5->5
[2023-11-10T12:10:42.934-0800][77846566ms] GC(26028) Metaspace: 305043K->305043K(1349632K)
[2023-11-10T12:10:42.934-0800][77846566ms] GC(26028) Pause Young (Normal) (G1 Evacuation Pause) 3235M->2933M(3602M) 6.491ms
[2023-11-10T12:10:42.935-0800][77846567ms] GC(26028) User=0.00s Sys=0.00s Real=0.01s
[2023-11-10T12:10:43.259-0800][77846891ms] GC(26029) Pause Young (Normal) (G1 Evacuation Pause)
[2023-11-10T12:10:43.259-0800][77846891ms] GC(26029) Using 10 workers of 10 for evacuation
[2023-11-10T12:10:43.265-0800][77846897ms] GC(26029)   Pre Evacuate Collection Set: 0.1ms
[2023-11-10T12:10:43.265-0800][77846897ms] GC(26029)   Evacuate Collection Set: 1.9ms
[2023-11-10T12:10:43.265-0800][77846897ms] GC(26029)   Post Evacuate Collection Set: 3.4ms
[2023-11-10T12:10:43.265-0800][77846897ms] GC(26029)   Other: 0.3ms
[2023-11-10T12:10:43.265-0800][77846897ms] GC(26029) Eden regions: 151->0(151)
[2023-11-10T12:10:43.265-0800][77846897ms] GC(26029) Survivor regions: 1->1(19)
[2023-11-10T12:10:43.265-0800][77846897ms] GC(26029) Old regions: 1462->1462
[2023-11-10T12:10:43.265-0800][77846897ms] GC(26029) Humongous regions: 5->5
[2023-11-10T12:10:43.265-0800][77846897ms] GC(26029) Metaspace: 305043K->305043K(1349632K)
[2023-11-10T12:10:43.265-0800][77846897ms] GC(26029) Pause Young (Normal) (G1 Evacuation Pause) 3235M->2933M(3602M) 5.722ms
[2023-11-10T12:10:43.265-0800][77846897ms] GC(26029) User=0.00s Sys=0.00s Real=0.01s
[2023-11-10T12:10:43.550-0800][77847182ms] GC(26030) Pause Young (Normal) (G1 Evacuation Pause)
[2023-11-10T12:10:43.550-0800][77847182ms] GC(26030) Using 10 workers of 10 for evacuation
[2023-11-10T12:10:43.555-0800][77847187ms] GC(26030)   Pre Evacuate Collection Set: 0.0ms
[2023-11-10T12:10:43.555-0800][77847187ms] GC(26030)   Evacuate Collection Set: 1.7ms
[2023-11-10T12:10:43.555-0800][77847187ms] GC(26030)   Post Evacuate Collection Set: 2.9ms
[2023-11-10T12:10:43.555-0800][77847187ms] GC(26030)   Other: 0.2ms
[2023-11-10T12:10:43.555-0800][77847187ms] GC(26030) Eden regions: 151->0(151)
[2023-11-10T12:10:43.555-0800][77847187ms] GC(26030) Survivor regions: 1->1(19)
[2023-11-10T12:10:43.555-0800][77847187ms] GC(26030) Old regions: 1462->1462
[2023-11-10T12:10:43.555-0800][77847187ms] GC(26030) Humongous regions: 5->5
[2023-11-10T12:10:43.555-0800][77847187ms] GC(26030) Metaspace: 305043K->305043K(1349632K)
[2023-11-10T12:10:43.555-0800][77847187ms] GC(26030) Pause Young (Normal) (G1 Evacuation Pause) 3235M->2933M(3602M) 5.021ms
[2023-11-10T12:10:43.555-0800][77847187ms] GC(26030) User=0.00s Sys=0.00s Real=0.01s
[2023-11-10T12:10:43.811-0800][77847443ms] GC(26031) Pause Young (Normal) (G1 Evacuation Pause)
[2023-11-10T12:10:43.811-0800][77847443ms] GC(26031) Using 10 workers of 10 for evacuation
[2023-11-10T12:10:43.816-0800][77847448ms] GC(26031)   Pre Evacuate Collection Set: 0.0ms
[2023-11-10T12:10:43.816-0800][77847448ms] GC(26031)   Evacuate Collection Set: 1.6ms
[2023-11-10T12:10:43.816-0800][77847448ms] GC(26031)   Post Evacuate Collection Set: 3.0ms
[2023-11-10T12:10:43.816-0800][77847448ms] GC(26031)   Other: 0.2ms
[2023-11-10T12:10:43.816-0800][77847448ms] GC(26031) Eden regions: 151->0(151)
[2023-11-10T12:10:43.816-0800][77847448ms] GC(26031) Survivor regions: 1->1(19)
[2023-11-10T12:10:43.816-0800][77847448ms] GC(26031) Old regions: 1462->1462
[2023-11-10T12:10:43.816-0800][77847448ms] GC(26031) Humongous regions: 5->5
[2023-11-10T12:10:43.816-0800][77847448ms] GC(26031) Metaspace: 305043K->305043K(1349632K)
[2023-11-10T12:10:43.816-0800][77847448ms] GC(26031) Pause Young (Normal) (G1 Evacuation Pause) 3235M->2934M(3602M) 4.996ms
[2023-11-10T12:10:43.817-0800][77847449ms] GC(26031) User=0.00s Sys=0.00s Real=0.01s
[2023-11-10T12:10:44.066-0800][77847698ms] GC(26032) Pause Young (Normal) (G1 Evacuation Pause)
[2023-11-10T12:10:44.066-0800][77847698ms] GC(26032) Using 10 workers of 10 for evacuation
[2023-11-10T12:10:44.072-0800][77847704ms] GC(26032)   Pre Evacuate Collection Set: 0.0ms
[2023-11-10T12:10:44.072-0800][77847704ms] GC(26032)   Evacuate Collection Set: 1.7ms
[2023-11-10T12:10:44.072-0800][77847704ms] GC(26032)   Post Evacuate Collection Set: 3.1ms
[2023-11-10T12:10:44.072-0800][77847704ms] GC(26032)   Other: 0.2ms
[2023-11-10T12:10:44.072-0800][77847704ms] GC(26032) Eden regions: 151->0(151)
[2023-11-10T12:10:44.072-0800][77847704ms] GC(26032) Survivor regions: 1->1(19)
[2023-11-10T12:10:44.072-0800][77847704ms] GC(26032) Old regions: 1462->1462
[2023-11-10T12:10:44.072-0800][77847704ms] GC(26032) Humongous regions: 5->5
[2023-11-10T12:10:44.072-0800][77847704ms] GC(26032) Metaspace: 305043K->305043K(1349632K)
[2023-11-10T12:10:44.072-0800][77847704ms] GC(26032) Pause Young (Normal) (G1 Evacuation Pause) 3236M->2933M(3602M) 5.094ms
[2023-11-10T12:10:44.072-0800][77847704ms] GC(26032) User=0.02s Sys=0.00s Real=0.01s
[2023-11-10T12:10:44.340-0800][77847972ms] GC(26033) Pause Young (Normal) (G1 Evacuation Pause)
[2023-11-10T12:10:44.340-0800][77847972ms] GC(26033) Using 10 workers of 10 for evacuation
[2023-11-10T12:10:44.345-0800][77847977ms] GC(26033)   Pre Evacuate Collection Set: 0.0ms
[2023-11-10T12:10:44.345-0800][77847977ms] GC(26033)   Evacuate Collection Set: 1.6ms
[2023-11-10T12:10:44.345-0800][77847977ms] GC(26033)   Post Evacuate Collection Set: 3.0ms
[2023-11-10T12:10:44.345-0800][77847977ms] GC(26033)   Other: 0.2ms
[2023-11-10T12:10:44.345-0800][77847977ms] GC(26033) Eden regions: 151->0(151)
[2023-11-10T12:10:44.345-0800][77847977ms] GC(26033) Survivor regions: 1->1(19)
[2023-11-10T12:10:44.345-0800][77847977ms] GC(26033) Old regions: 1462->1462
[2023-11-10T12:10:44.345-0800][77847977ms] GC(26033) Humongous regions: 5->5
[2023-11-10T12:10:44.345-0800][77847977ms] GC(26033) Metaspace: 305043K->305043K(1349632K)
[2023-11-10T12:10:44.345-0800][77847977ms] GC(26033) Pause Young (Normal) (G1 Evacuation Pause) 3235M->2933M(3602M) 4.990ms
[2023-11-10T12:10:44.345-0800][77847977ms] GC(26033) User=0.00s Sys=0.00s Real=0.01s
[2023-11-10T12:10:44.667-0800][77848299ms] GC(26034) Pause Young (Normal) (G1 Evacuation Pause)
[2023-11-10T12:10:44.667-0800][77848299ms] GC(26034) Using 10 workers of 10 for evacuation
[2023-11-10T12:10:44.677-0800][77848309ms] GC(26034)   Pre Evacuate Collection Set: 0.0ms
[2023-11-10T12:10:44.677-0800][77848309ms] GC(26034)   Evacuate Collection Set: 2.2ms
[2023-11-10T12:10:44.677-0800][77848309ms] GC(26034)   Post Evacuate Collection Set: 8.8ms
[2023-11-10T12:10:44.677-0800][77848309ms] GC(26034)   Other: 0.3ms
[2023-11-10T12:10:44.677-0800][77848309ms] GC(26034) Eden regions: 151->0(151)
[2023-11-10T12:10:44.677-0800][77848309ms] GC(26034) Survivor regions: 1->1(19)
[2023-11-10T12:10:44.677-0800][77848309ms] GC(26034) Old regions: 1462->1462
[2023-11-10T12:10:44.677-0800][77848309ms] GC(26034) Humongous regions: 5->5
[2023-11-10T12:10:44.677-0800][77848309ms] GC(26034) Metaspace: 305043K->305043K(1349632K)
[2023-11-10T12:10:44.677-0800][77848309ms] GC(26034) Pause Young (Normal) (G1 Evacuation Pause) 3235M->2933M(3602M) 11.510ms
[2023-11-10T12:10:44.679-0800][77848311ms] GC(26034) User=0.00s Sys=0.00s Real=0.01s
[2023-11-10T12:10:44.991-0800][77848623ms] GC(26035) Pause Young (Normal) (G1 Evacuation Pause)
[2023-11-10T12:10:44.991-0800][77848623ms] GC(26035) Using 10 workers of 10 for evacuation
[2023-11-10T12:10:44.996-0800][77848628ms] GC(26035)   Pre Evacuate Collection Set: 0.0ms
[2023-11-10T12:10:44.996-0800][77848628ms] GC(26035)   Evacuate Collection Set: 1.9ms
[2023-11-10T12:10:44.996-0800][77848628ms] GC(26035)   Post Evacuate Collection Set: 3.4ms
[2023-11-10T12:10:44.996-0800][77848628ms] GC(26035)   Other: 0.3ms
[2023-11-10T12:10:44.996-0800][77848628ms] GC(26035) Eden regions: 151->0(151)
[2023-11-10T12:10:44.996-0800][77848628ms] GC(26035) Survivor regions: 1->1(19)
[2023-11-10T12:10:44.996-0800][77848628ms] GC(26035) Old regions: 1462->1462
[2023-11-10T12:10:44.996-0800][77848628ms] GC(26035) Humongous regions: 5->5
[2023-11-10T12:10:44.996-0800][77848628ms] GC(26035) Metaspace: 305043K->305043K(1349632K)
[2023-11-10T12:10:44.996-0800][77848628ms] GC(26035) Pause Young (Normal) (G1 Evacuation Pause) 3235M->2933M(3602M) 5.673ms
[2023-11-10T12:10:44.996-0800][77848628ms] GC(26035) User=0.05s Sys=0.00s Real=0.01s
[2023-11-10T12:10:45.326-0800][77848958ms] GC(26036) Pause Young (Normal) (G1 Evacuation Pause)
[2023-11-10T12:10:45.326-0800][77848958ms] GC(26036) Using 10 workers of 10 for evacuation
[2023-11-10T12:10:45.331-0800][77848963ms] GC(26036)   Pre Evacuate Collection Set: 0.0ms
[2023-11-10T12:10:45.331-0800][77848963ms] GC(26036)   Evacuate Collection Set: 1.8ms
[2023-11-10T12:10:45.331-0800][77848963ms] GC(26036)   Post Evacuate Collection Set: 3.1ms
[2023-11-10T12:10:45.331-0800][77848963ms] GC(26036)   Other: 0.3ms
[2023-11-10T12:10:45.331-0800][77848963ms] GC(26036) Eden regions: 151->0(151)
[2023-11-10T12:10:45.331-0800][77848963ms] GC(26036) Survivor regions: 1->1(19)
[2023-11-10T12:10:45.331-0800][77848963ms] GC(26036) Old regions: 1462->1462
[2023-11-10T12:10:45.331-0800][77848963ms] GC(26036) Humongous regions: 5->5
[2023-11-10T12:10:45.331-0800][77848963ms] GC(26036) Metaspace: 305043K->305043K(1349632K)
[2023-11-10T12:10:45.331-0800][77848963ms] GC(26036) Pause Young (Normal) (G1 Evacuation Pause) 3235M->2933M(3602M) 5.336ms
[2023-11-10T12:10:45.331-0800][77848963ms] GC(26036) User=0.00s Sys=0.00s Real=0.01s
[2023-11-10T12:10:45.744-0800][77849376ms] GC(26037) Pause Young (Normal) (G1 Evacuation Pause)
[2023-11-10T12:10:45.744-0800][77849376ms] GC(26037) Using 10 workers of 10 for evacuation
[2023-11-10T12:10:45.750-0800][77849382ms] GC(26037)   Pre Evacuate Collection Set: 0.1ms
[2023-11-10T12:10:45.750-0800][77849382ms] GC(26037)   Evacuate Collection Set: 1.7ms
[2023-11-10T12:10:45.750-0800][77849382ms] GC(26037)   Post Evacuate Collection Set: 3.9ms
[2023-11-10T12:10:45.750-0800][77849382ms] GC(26037)   Other: 0.3ms
[2023-11-10T12:10:45.750-0800][77849382ms] GC(26037) Eden regions: 151->0(151)
[2023-11-10T12:10:45.750-0800][77849382ms] GC(26037) Survivor regions: 1->1(19)
[2023-11-10T12:10:45.750-0800][77849382ms] GC(26037) Old regions: 1462->1462
[2023-11-10T12:10:45.750-0800][77849382ms] GC(26037) Humongous regions: 5->5
[2023-11-10T12:10:45.750-0800][77849382ms] GC(26037) Metaspace: 305043K->305043K(1349632K)
[2023-11-10T12:10:45.750-0800][77849382ms] GC(26037) Pause Young (Normal) (G1 Evacuation Pause) 3235M->2933M(3602M) 6.144ms
[2023-11-10T12:10:45.750-0800][77849382ms] GC(26037) User=0.00s Sys=0.00s Real=0.01s
[2023-11-10T12:10:46.184-0800][77849816ms] GC(26038) Pause Young (Normal) (G1 Evacuation Pause)
[2023-11-10T12:10:46.184-0800][77849816ms] GC(26038) Using 10 workers of 10 for evacuation
[2023-11-10T12:10:46.189-0800][77849821ms] GC(26038)   Pre Evacuate Collection Set: 0.0ms
[2023-11-10T12:10:46.189-0800][77849821ms] GC(26038)   Evacuate Collection Set: 1.8ms
[2023-11-10T12:10:46.189-0800][77849821ms] GC(26038)   Post Evacuate Collection Set: 3.0ms
[2023-11-10T12:10:46.189-0800][77849821ms] GC(26038)   Other: 0.2ms
[2023-11-10T12:10:46.189-0800][77849821ms] GC(26038) Eden regions: 151->0(151)
[2023-11-10T12:10:46.189-0800][77849821ms] GC(26038) Survivor regions: 1->1(19)
[2023-11-10T12:10:46.189-0800][77849821ms] GC(26038) Old regions: 1462->1462
[2023-11-10T12:10:46.189-0800][77849821ms] GC(26038) Humongous regions: 5->5
[2023-11-10T12:10:46.189-0800][77849821ms] GC(26038) Metaspace: 305043K->305043K(1349632K)
[2023-11-10T12:10:46.189-0800][77849821ms] GC(26038) Pause Young (Normal) (G1 Evacuation Pause) 3235M->2933M(3602M) 5.287ms
[2023-11-10T12:10:46.190-0800][77849822ms] GC(26038) User=0.00s Sys=0.00s Real=0.01s
[2023-11-10T12:10:46.506-0800][77850138ms] GC(26039) Pause Young (Normal) (G1 Evacuation Pause)
[2023-11-10T12:10:46.506-0800][77850138ms] GC(26039) Using 10 workers of 10 for evacuation
[2023-11-10T12:10:46.512-0800][77850144ms] GC(26039)   Pre Evacuate Collection Set: 0.0ms
[2023-11-10T12:10:46.513-0800][77850145ms] GC(26039)   Evacuate Collection Set: 1.9ms
[2023-11-10T12:10:46.513-0800][77850145ms] GC(26039)   Post Evacuate Collection Set: 3.8ms
[2023-11-10T12:10:46.513-0800][77850145ms] GC(26039)   Other: 0.4ms
[2023-11-10T12:10:46.513-0800][77850145ms] GC(26039) Eden regions: 151->0(151)
[2023-11-10T12:10:46.513-0800][77850145ms] GC(26039) Survivor regions: 1->1(19)
[2023-11-10T12:10:46.513-0800][77850145ms] GC(26039) Old regions: 1462->1462
[2023-11-10T12:10:46.513-0800][77850145ms] GC(26039) Humongous regions: 5->5
[2023-11-10T12:10:46.513-0800][77850145ms] GC(26039) Metaspace: 305043K->305043K(1349632K)
[2023-11-10T12:10:46.513-0800][77850145ms] GC(26039) Pause Young (Normal) (G1 Evacuation Pause) 3235M->2933M(3602M) 6.254ms
[2023-11-10T12:10:46.513-0800][77850145ms] GC(26039) User=0.05s Sys=0.00s Real=0.01s
[2023-11-10T12:10:46.797-0800][77850429ms] GC(26040) Pause Young (Normal) (G1 Evacuation Pause)
[2023-11-10T12:10:46.797-0800][77850429ms] GC(26040) Using 10 workers of 10 for evacuation
[2023-11-10T12:10:46.803-0800][77850435ms] GC(26040)   Pre Evacuate Collection Set: 0.0ms
[2023-11-10T12:10:46.803-0800][77850435ms] GC(26040)   Evacuate Collection Set: 1.6ms
[2023-11-10T12:10:46.803-0800][77850435ms] GC(26040)   Post Evacuate Collection Set: 3.0ms
[2023-11-10T12:10:46.803-0800][77850435ms] GC(26040)   Other: 0.3ms
[2023-11-10T12:10:46.803-0800][77850435ms] GC(26040) Eden regions: 151->0(151)
[2023-11-10T12:10:46.803-0800][77850435ms] GC(26040) Survivor regions: 1->1(19)
[2023-11-10T12:10:46.803-0800][77850435ms] GC(26040) Old regions: 1462->1462
[2023-11-10T12:10:46.803-0800][77850435ms] GC(26040) Humongous regions: 5->5
[2023-11-10T12:10:46.803-0800][77850435ms] GC(26040) Metaspace: 305043K->305043K(1349632K)
[2023-11-10T12:10:46.803-0800][77850435ms] GC(26040) Pause Young (Normal) (G1 Evacuation Pause) 3235M->2933M(3602M) 5.050ms
[2023-11-10T12:10:46.803-0800][77850435ms] GC(26040) User=0.00s Sys=0.00s Real=0.01s
[2023-11-10T12:10:47.073-0800][77850705ms] GC(26041) Pause Young (Normal) (G1 Evacuation Pause)
[2023-11-10T12:10:47.073-0800][77850705ms] GC(26041) Using 10 workers of 10 for evacuation
[2023-11-10T12:10:47.078-0800][77850710ms] GC(26041)   Pre Evacuate Collection Set: 0.0ms
[2023-11-10T12:10:47.078-0800][77850710ms] GC(26041)   Evacuate Collection Set: 1.6ms
[2023-11-10T12:10:47.078-0800][77850710ms] GC(26041)   Post Evacuate Collection Set: 3.0ms
[2023-11-10T12:10:47.078-0800][77850710ms] GC(26041)   Other: 0.2ms
[2023-11-10T12:10:47.078-0800][77850710ms] GC(26041) Eden regions: 151->0(151)
[2023-11-10T12:10:47.078-0800][77850710ms] GC(26041) Survivor regions: 1->1(19)
[2023-11-10T12:10:47.078-0800][77850710ms] GC(26041) Old regions: 1462->1462
[2023-11-10T12:10:47.078-0800][77850710ms] GC(26041) Humongous regions: 5->5
[2023-11-10T12:10:47.078-0800][77850710ms] GC(26041) Metaspace: 305043K->305043K(1349632K)
[2023-11-10T12:10:47.078-0800][77850710ms] GC(26041) Pause Young (Normal) (G1 Evacuation Pause) 3235M->2933M(3602M) 5.027ms
[2023-11-10T12:10:47.078-0800][77850710ms] GC(26041) User=0.00s Sys=0.00s Real=0.01s
[2023-11-10T12:10:47.344-0800][77850976ms] GC(26042) Pause Young (Normal) (G1 Evacuation Pause)
[2023-11-10T12:10:47.344-0800][77850976ms] GC(26042) Using 10 workers of 10 for evacuation
[2023-11-10T12:10:47.349-0800][77850981ms] GC(26042)   Pre Evacuate Collection Set: 0.0ms
[2023-11-10T12:10:47.349-0800][77850981ms] GC(26042)   Evacuate Collection Set: 1.6ms
[2023-11-10T12:10:47.349-0800][77850981ms] GC(26042)   Post Evacuate Collection Set: 3.0ms
[2023-11-10T12:10:47.349-0800][77850981ms] GC(26042)   Other: 0.2ms
[2023-11-10T12:10:47.349-0800][77850981ms] GC(26042) Eden regions: 151->0(151)
[2023-11-10T12:10:47.349-0800][77850981ms] GC(26042) Survivor regions: 1->1(19)
[2023-11-10T12:10:47.349-0800][77850981ms] GC(26042) Old regions: 1462->1462
[2023-11-10T12:10:47.349-0800][77850981ms] GC(26042) Humongous regions: 5->5
[2023-11-10T12:10:47.349-0800][77850981ms] GC(26042) Metaspace: 305043K->305043K(1349632K)
[2023-11-10T12:10:47.349-0800][77850981ms] GC(26042) Pause Young (Normal) (G1 Evacuation Pause) 3235M->2934M(3602M) 4.983ms
[2023-11-10T12:10:47.349-0800][77850981ms] GC(26042) User=0.00s Sys=0.00s Real=0.00s
[2023-11-10T12:10:47.608-0800][77851240ms] GC(26043) Pause Young (Normal) (G1 Evacuation Pause)
[2023-11-10T12:10:47.608-0800][77851240ms] GC(26043) Using 10 workers of 10 for evacuation
[2023-11-10T12:10:47.612-0800][77851244ms] GC(26043)   Pre Evacuate Collection Set: 0.0ms
[2023-11-10T12:10:47.613-0800][77851245ms] GC(26043)   Evacuate Collection Set: 1.7ms
[2023-11-10T12:10:47.613-0800][77851245ms] GC(26043)   Post Evacuate Collection Set: 3.0ms
[2023-11-10T12:10:47.613-0800][77851245ms] GC(26043)   Other: 0.2ms
[2023-11-10T12:10:47.613-0800][77851245ms] GC(26043) Eden regions: 151->0(151)
[2023-11-10T12:10:47.613-0800][77851245ms] GC(26043) Survivor regions: 1->1(19)
[2023-11-10T12:10:47.613-0800][77851245ms] GC(26043) Old regions: 1462->1462
[2023-11-10T12:10:47.613-0800][77851245ms] GC(26043) Humongous regions: 5->5
[2023-11-10T12:10:47.613-0800][77851245ms] GC(26043) Metaspace: 305043K->305043K(1349632K)
[2023-11-10T12:10:47.613-0800][77851245ms] GC(26043) Pause Young (Normal) (G1 Evacuation Pause) 3236M->2933M(3602M) 5.027ms
[2023-11-10T12:10:47.613-0800][77851245ms] GC(26043) User=0.00s Sys=0.00s Real=0.00s
[2023-11-10T12:10:47.900-0800][77851532ms] GC(26044) Pause Young (Normal) (G1 Evacuation Pause)
[2023-11-10T12:10:47.900-0800][77851532ms] GC(26044) Using 10 workers of 10 for evacuation
[2023-11-10T12:10:47.904-0800][77851536ms] GC(26044)   Pre Evacuate Collection Set: 0.0ms
[2023-11-10T12:10:47.904-0800][77851536ms] GC(26044)   Evacuate Collection Set: 1.7ms
[2023-11-10T12:10:47.904-0800][77851536ms] GC(26044)   Post Evacuate Collection Set: 3.0ms
[2023-11-10T12:10:47.904-0800][77851536ms] GC(26044)   Other: 0.3ms
[2023-11-10T12:10:47.904-0800][77851536ms] GC(26044) Eden regions: 151->0(151)
[2023-11-10T12:10:47.904-0800][77851536ms] GC(26044) Survivor regions: 1->1(19)
[2023-11-10T12:10:47.904-0800][77851536ms] GC(26044) Old regions: 1462->1462
[2023-11-10T12:10:47.904-0800][77851536ms] GC(26044) Humongous regions: 5->5
[2023-11-10T12:10:47.904-0800][77851536ms] GC(26044) Metaspace: 305043K->305043K(1349632K)
[2023-11-10T12:10:47.904-0800][77851536ms] GC(26044) Pause Young (Normal) (G1 Evacuation Pause) 3235M->2933M(3602M) 5.084ms
[2023-11-10T12:10:47.904-0800][77851536ms] GC(26044) User=0.00s Sys=0.00s Real=0.00s
[2023-11-10T12:10:48.208-0800][77851840ms] GC(26045) Pause Young (Normal) (G1 Evacuation Pause)
[2023-11-10T12:10:48.208-0800][77851840ms] GC(26045) Using 10 workers of 10 for evacuation
[2023-11-10T12:10:48.215-0800][77851847ms] GC(26045)   Pre Evacuate Collection Set: 0.1ms
[2023-11-10T12:10:48.215-0800][77851847ms] GC(26045)   Evacuate Collection Set: 2.4ms
[2023-11-10T12:10:48.215-0800][77851847ms] GC(26045)   Post Evacuate Collection Set: 4.3ms
[2023-11-10T12:10:48.215-0800][77851847ms] GC(26045)   Other: 0.3ms
[2023-11-10T12:10:48.215-0800][77851847ms] GC(26045) Eden regions: 151->0(151)
[2023-11-10T12:10:48.215-0800][77851847ms] GC(26045) Survivor regions: 1->1(19)
[2023-11-10T12:10:48.215-0800][77851847ms] GC(26045) Old regions: 1462->1462
[2023-11-10T12:10:48.215-0800][77851847ms] GC(26045) Humongous regions: 5->5
[2023-11-10T12:10:48.215-0800][77851847ms] GC(26045) Metaspace: 305043K->305043K(1349632K)
[2023-11-10T12:10:48.215-0800][77851847ms] GC(26045) Pause Young (Normal) (G1 Evacuation Pause) 3235M->2933M(3602M) 7.172ms
[2023-11-10T12:10:48.215-0800][77851847ms] GC(26045) User=0.03s Sys=0.00s Real=0.01s
[2023-11-10T12:10:48.468-0800][77852100ms] GC(26046) Pause Young (Normal) (G1 Evacuation Pause)
[2023-11-10T12:10:48.468-0800][77852100ms] GC(26046) Using 10 workers of 10 for evacuation
[2023-11-10T12:10:48.474-0800][77852106ms] GC(26046)   Pre Evacuate Collection Set: 0.1ms
[2023-11-10T12:10:48.474-0800][77852106ms] GC(26046)   Evacuate Collection Set: 2.1ms
[2023-11-10T12:10:48.474-0800][77852106ms] GC(26046)   Post Evacuate Collection Set: 3.5ms
[2023-11-10T12:10:48.474-0800][77852106ms] GC(26046)   Other: 0.3ms
[2023-11-10T12:10:48.474-0800][77852106ms] GC(26046) Eden regions: 151->0(151)
[2023-11-10T12:10:48.474-0800][77852106ms] GC(26046) Survivor regions: 1->1(19)
[2023-11-10T12:10:48.474-0800][77852106ms] GC(26046) Old regions: 1462->1462
[2023-11-10T12:10:48.474-0800][77852106ms] GC(26046) Humongous regions: 5->5
[2023-11-10T12:10:48.474-0800][77852106ms] GC(26046) Metaspace: 305043K->305043K(1349632K)
[2023-11-10T12:10:48.474-0800][77852106ms] GC(26046) Pause Young (Normal) (G1 Evacuation Pause) 3235M->2933M(3602M) 6.049ms
[2023-11-10T12:10:48.474-0800][77852106ms] GC(26046) User=0.00s Sys=0.00s Real=0.01s
[2023-11-10T12:10:48.760-0800][77852392ms] GC(26047) Pause Young (Normal) (G1 Evacuation Pause)
[2023-11-10T12:10:48.760-0800][77852392ms] GC(26047) Using 10 workers of 10 for evacuation
[2023-11-10T12:10:48.765-0800][77852397ms] GC(26047)   Pre Evacuate Collection Set: 0.0ms
[2023-11-10T12:10:48.765-0800][77852397ms] GC(26047)   Evacuate Collection Set: 1.5ms
[2023-11-10T12:10:48.765-0800][77852397ms] GC(26047)   Post Evacuate Collection Set: 3.0ms
[2023-11-10T12:10:48.765-0800][77852397ms] GC(26047)   Other: 0.2ms
[2023-11-10T12:10:48.765-0800][77852397ms] GC(26047) Eden regions: 151->0(151)
[2023-11-10T12:10:48.765-0800][77852397ms] GC(26047) Survivor regions: 1->1(19)
[2023-11-10T12:10:48.765-0800][77852397ms] GC(26047) Old regions: 1462->1462
[2023-11-10T12:10:48.765-0800][77852397ms] GC(26047) Humongous regions: 5->5
[2023-11-10T12:10:48.765-0800][77852397ms] GC(26047) Metaspace: 305043K->305043K(1349632K)
[2023-11-10T12:10:48.765-0800][77852397ms] GC(26047) Pause Young (Normal) (G1 Evacuation Pause) 3235M->2933M(3602M) 4.891ms
[2023-11-10T12:10:48.765-0800][77852397ms] GC(26047) User=0.00s Sys=0.00s Real=0.01s
[2023-11-10T12:10:49.036-0800][77852668ms] GC(26048) Pause Young (Normal) (G1 Evacuation Pause)
[2023-11-10T12:10:49.036-0800][77852668ms] GC(26048) Using 10 workers of 10 for evacuation
[2023-11-10T12:10:49.041-0800][77852673ms] GC(26048)   Pre Evacuate Collection Set: 0.0ms
[2023-11-10T12:10:49.041-0800][77852673ms] GC(26048)   Evacuate Collection Set: 1.7ms
[2023-11-10T12:10:49.041-0800][77852673ms] GC(26048)   Post Evacuate Collection Set: 3.0ms
[2023-11-10T12:10:49.041-0800][77852673ms] GC(26048)   Other: 0.2ms
[2023-11-10T12:10:49.041-0800][77852673ms] GC(26048) Eden regions: 151->0(151)
[2023-11-10T12:10:49.041-0800][77852673ms] GC(26048) Survivor regions: 1->1(19)
[2023-11-10T12:10:49.041-0800][77852673ms] GC(26048) Old regions: 1462->1462
[2023-11-10T12:10:49.041-0800][77852673ms] GC(26048) Humongous regions: 5->5
[2023-11-10T12:10:49.041-0800][77852673ms] GC(26048) Metaspace: 305043K->305043K(1349632K)
[2023-11-10T12:10:49.041-0800][77852673ms] GC(26048) Pause Young (Normal) (G1 Evacuation Pause) 3235M->2933M(3602M) 5.090ms
[2023-11-10T12:10:49.041-0800][77852673ms] GC(26048) User=0.02s Sys=0.00s Real=0.00s
[2023-11-10T12:10:49.318-0800][77852950ms] GC(26049) Pause Young (Normal) (G1 Evacuation Pause)
[2023-11-10T12:10:49.319-0800][77852951ms] GC(26049) Using 10 workers of 10 for evacuation
[2023-11-10T12:10:49.324-0800][77852956ms] GC(26049)   Pre Evacuate Collection Set: 0.0ms
[2023-11-10T12:10:49.324-0800][77852956ms] GC(26049)   Evacuate Collection Set: 1.6ms
[2023-11-10T12:10:49.324-0800][77852956ms] GC(26049)   Post Evacuate Collection Set: 3.0ms
[2023-11-10T12:10:49.324-0800][77852956ms] GC(26049)   Other: 0.2ms
[2023-11-10T12:10:49.324-0800][77852956ms] GC(26049) Eden regions: 151->0(151)
[2023-11-10T12:10:49.324-0800][77852956ms] GC(26049) Survivor regions: 1->1(19)
[2023-11-10T12:10:49.324-0800][77852956ms] GC(26049) Old regions: 1462->1462
[2023-11-10T12:10:49.324-0800][77852956ms] GC(26049) Humongous regions: 5->5
[2023-11-10T12:10:49.324-0800][77852956ms] GC(26049) Metaspace: 305043K->305043K(1349632K)
[2023-11-10T12:10:49.324-0800][77852956ms] GC(26049) Pause Young (Normal) (G1 Evacuation Pause) 3235M->2933M(3602M) 4.968ms
[2023-11-10T12:10:49.324-0800][77852956ms] GC(26049) User=0.00s Sys=0.00s Real=0.01s
[2023-11-10T12:10:49.652-0800][77853284ms] GC(26050) Pause Young (Normal) (G1 Evacuation Pause)
[2023-11-10T12:10:49.652-0800][77853284ms] GC(26050) Using 10 workers of 10 for evacuation
[2023-11-10T12:10:49.657-0800][77853289ms] GC(26050)   Pre Evacuate Collection Set: 0.0ms
[2023-11-10T12:10:49.657-0800][77853289ms] GC(26050)   Evacuate Collection Set: 1.7ms
[2023-11-10T12:10:49.657-0800][77853289ms] GC(26050)   Post Evacuate Collection Set: 3.3ms
[2023-11-10T12:10:49.657-0800][77853289ms] GC(26050)   Other: 0.3ms
[2023-11-10T12:10:49.657-0800][77853289ms] GC(26050) Eden regions: 151->0(151)
[2023-11-10T12:10:49.657-0800][77853289ms] GC(26050) Survivor regions: 1->1(19)
[2023-11-10T12:10:49.657-0800][77853289ms] GC(26050) Old regions: 1462->1462
[2023-11-10T12:10:49.657-0800][77853289ms] GC(26050) Humongous regions: 5->5
[2023-11-10T12:10:49.657-0800][77853289ms] GC(26050) Metaspace: 305043K->305043K(1349632K)
[2023-11-10T12:10:49.657-0800][77853289ms] GC(26050) Pause Young (Normal) (G1 Evacuation Pause) 3235M->2933M(3602M) 5.400ms
[2023-11-10T12:10:49.657-0800][77853289ms] GC(26050) User=0.00s Sys=0.00s Real=0.01s
[2023-11-10T12:10:49.961-0800][77853593ms] GC(26051) Pause Young (Normal) (G1 Evacuation Pause)
[2023-11-10T12:10:49.961-0800][77853593ms] GC(26051) Using 10 workers of 10 for evacuation
[2023-11-10T12:10:49.967-0800][77853599ms] GC(26051)   Pre Evacuate Collection Set: 0.0ms
[2023-11-10T12:10:49.967-0800][77853599ms] GC(26051)   Evacuate Collection Set: 1.7ms
[2023-11-10T12:10:49.967-0800][77853599ms] GC(26051)   Post Evacuate Collection Set: 3.6ms
[2023-11-10T12:10:49.967-0800][77853599ms] GC(26051)   Other: 0.2ms
[2023-11-10T12:10:49.967-0800][77853599ms] GC(26051) Eden regions: 151->0(151)
[2023-11-10T12:10:49.967-0800][77853599ms] GC(26051) Survivor regions: 1->1(19)
[2023-11-10T12:10:49.967-0800][77853599ms] GC(26051) Old regions: 1462->1462
[2023-11-10T12:10:49.967-0800][77853599ms] GC(26051) Humongous regions: 5->5
[2023-11-10T12:10:49.967-0800][77853599ms] GC(26051) Metaspace: 305043K->305043K(1349632K)
[2023-11-10T12:10:49.967-0800][77853599ms] GC(26051) Pause Young (Normal) (G1 Evacuation Pause) 3235M->2933M(3602M) 5.711ms
[2023-11-10T12:10:49.967-0800][77853599ms] GC(26051) User=0.00s Sys=0.00s Real=0.01s
[2023-11-10T12:10:50.265-0800][77853897ms] GC(26052) Pause Young (Normal) (G1 Evacuation Pause)
[2023-11-10T12:10:50.265-0800][77853897ms] GC(26052) Using 10 workers of 10 for evacuation
[2023-11-10T12:10:50.271-0800][77853903ms] GC(26052)   Pre Evacuate Collection Set: 0.0ms
[2023-11-10T12:10:50.271-0800][77853903ms] GC(26052)   Evacuate Collection Set: 1.8ms
[2023-11-10T12:10:50.271-0800][77853903ms] GC(26052)   Post Evacuate Collection Set: 3.0ms
[2023-11-10T12:10:50.271-0800][77853903ms] GC(26052)   Other: 0.3ms
[2023-11-10T12:10:50.271-0800][77853903ms] GC(26052) Eden regions: 151->0(151)
[2023-11-10T12:10:50.271-0800][77853903ms] GC(26052) Survivor regions: 1->1(19)
[2023-11-10T12:10:50.271-0800][77853903ms] GC(26052) Old regions: 1462->1462
[2023-11-10T12:10:50.271-0800][77853903ms] GC(26052) Humongous regions: 5->5
[2023-11-10T12:10:50.271-0800][77853903ms] GC(26052) Metaspace: 305043K->305043K(1349632K)
[2023-11-10T12:10:50.271-0800][77853903ms] GC(26052) Pause Young (Normal) (G1 Evacuation Pause) 3235M->2933M(3602M) 5.258ms
[2023-11-10T12:10:50.271-0800][77853903ms] GC(26052) User=0.00s Sys=0.00s Real=0.01s
[2023-11-10T12:10:50.553-0800][77854185ms] GC(26053) Pause Young (Normal) (G1 Evacuation Pause)
[2023-11-10T12:10:50.553-0800][77854185ms] GC(26053) Using 10 workers of 10 for evacuation
[2023-11-10T12:10:50.558-0800][77854190ms] GC(26053)   Pre Evacuate Collection Set: 0.0ms
[2023-11-10T12:10:50.558-0800][77854190ms] GC(26053)   Evacuate Collection Set: 1.5ms
[2023-11-10T12:10:50.558-0800][77854190ms] GC(26053)   Post Evacuate Collection Set: 2.9ms
[2023-11-10T12:10:50.558-0800][77854190ms] GC(26053)   Other: 0.2ms
[2023-11-10T12:10:50.558-0800][77854190ms] GC(26053) Eden regions: 151->0(151)
[2023-11-10T12:10:50.558-0800][77854190ms] GC(26053) Survivor regions: 1->1(19)
[2023-11-10T12:10:50.558-0800][77854190ms] GC(26053) Old regions: 1462->1462
[2023-11-10T12:10:50.558-0800][77854190ms] GC(26053) Humongous regions: 5->5
[2023-11-10T12:10:50.558-0800][77854190ms] GC(26053) Metaspace: 305043K->305043K(1349632K)
[2023-11-10T12:10:50.558-0800][77854190ms] GC(26053) Pause Young (Normal) (G1 Evacuation Pause) 3235M->2933M(3602M) 4.807ms
[2023-11-10T12:10:50.558-0800][77854190ms] GC(26053) User=0.14s Sys=0.00s Real=0.01s
[2023-11-10T12:10:50.866-0800][77854498ms] GC(26054) Pause Young (Normal) (G1 Evacuation Pause)
[2023-11-10T12:10:50.866-0800][77854498ms] GC(26054) Using 10 workers of 10 for evacuation
[2023-11-10T12:10:50.870-0800][77854502ms] GC(26054)   Pre Evacuate Collection Set: 0.0ms
[2023-11-10T12:10:50.870-0800][77854502ms] GC(26054)   Evacuate Collection Set: 1.5ms
[2023-11-10T12:10:50.870-0800][77854502ms] GC(26054)   Post Evacuate Collection Set: 3.0ms
[2023-11-10T12:10:50.871-0800][77854503ms] GC(26054)   Other: 0.2ms
[2023-11-10T12:10:50.871-0800][77854503ms] GC(26054) Eden regions: 151->0(151)
[2023-11-10T12:10:50.871-0800][77854503ms] GC(26054) Survivor regions: 1->1(19)
[2023-11-10T12:10:50.871-0800][77854503ms] GC(26054) Old regions: 1462->1462
[2023-11-10T12:10:50.871-0800][77854503ms] GC(26054) Humongous regions: 5->5
[2023-11-10T12:10:50.871-0800][77854503ms] GC(26054) Metaspace: 305043K->305043K(1349632K)
[2023-11-10T12:10:50.871-0800][77854503ms] GC(26054) Pause Young (Normal) (G1 Evacuation Pause) 3235M->2933M(3602M) 4.856ms
[2023-11-10T12:10:50.871-0800][77854503ms] GC(26054) User=0.11s Sys=0.00s Real=0.01s
[2023-11-10T12:10:51.199-0800][77854831ms] GC(26055) Pause Young (Normal) (G1 Evacuation Pause)
[2023-11-10T12:10:51.199-0800][77854831ms] GC(26055) Using 10 workers of 10 for evacuation
[2023-11-10T12:10:51.205-0800][77854837ms] GC(26055)   Pre Evacuate Collection Set: 0.0ms
[2023-11-10T12:10:51.205-0800][77854837ms] GC(26055)   Evacuate Collection Set: 1.7ms
[2023-11-10T12:10:51.205-0800][77854837ms] GC(26055)   Post Evacuate Collection Set: 3.9ms
[2023-11-10T12:10:51.205-0800][77854837ms] GC(26055)   Other: 0.3ms
[2023-11-10T12:10:51.205-0800][77854837ms] GC(26055) Eden regions: 151->0(151)
[2023-11-10T12:10:51.205-0800][77854837ms] GC(26055) Survivor regions: 1->1(19)
[2023-11-10T12:10:51.205-0800][77854837ms] GC(26055) Old regions: 1462->1462
[2023-11-10T12:10:51.205-0800][77854837ms] GC(26055) Humongous regions: 5->5
[2023-11-10T12:10:51.205-0800][77854837ms] GC(26055) Metaspace: 305043K->305043K(1349632K)
[2023-11-10T12:10:51.205-0800][77854837ms] GC(26055) Pause Young (Normal) (G1 Evacuation Pause) 3235M->2933M(3602M) 6.016ms
[2023-11-10T12:10:51.205-0800][77854837ms] GC(26055) User=0.00s Sys=0.00s Real=0.01s
[2023-11-10T12:10:51.514-0800][77855146ms] GC(26056) Pause Young (Normal) (G1 Evacuation Pause)
[2023-11-10T12:10:51.514-0800][77855146ms] GC(26056) Using 10 workers of 10 for evacuation
[2023-11-10T12:10:51.519-0800][77855151ms] GC(26056)   Pre Evacuate Collection Set: 0.1ms
[2023-11-10T12:10:51.519-0800][77855151ms] GC(26056)   Evacuate Collection Set: 1.7ms
[2023-11-10T12:10:51.519-0800][77855151ms] GC(26056)   Post Evacuate Collection Set: 3.1ms
[2023-11-10T12:10:51.519-0800][77855151ms] GC(26056)   Other: 0.2ms
[2023-11-10T12:10:51.519-0800][77855151ms] GC(26056) Eden regions: 151->0(151)
[2023-11-10T12:10:51.519-0800][77855151ms] GC(26056) Survivor regions: 1->1(19)
[2023-11-10T12:10:51.519-0800][77855151ms] GC(26056) Old regions: 1462->1462
[2023-11-10T12:10:51.519-0800][77855151ms] GC(26056) Humongous regions: 5->5
[2023-11-10T12:10:51.519-0800][77855151ms] GC(26056) Metaspace: 305043K->305043K(1349632K)
[2023-11-10T12:10:51.519-0800][77855151ms] GC(26056) Pause Young (Normal) (G1 Evacuation Pause) 3235M->2933M(3602M) 5.164ms
[2023-11-10T12:10:51.519-0800][77855151ms] GC(26056) User=0.00s Sys=0.00s Real=0.01s
[2023-11-10T12:10:51.785-0800][77855417ms] GC(26057) Pause Young (Normal) (G1 Evacuation Pause)
[2023-11-10T12:10:51.785-0800][77855417ms] GC(26057) Using 10 workers of 10 for evacuation
[2023-11-10T12:10:51.790-0800][77855422ms] GC(26057)   Pre Evacuate Collection Set: 0.0ms
[2023-11-10T12:10:51.790-0800][77855422ms] GC(26057)   Evacuate Collection Set: 1.7ms
[2023-11-10T12:10:51.790-0800][77855422ms] GC(26057)   Post Evacuate Collection Set: 3.0ms
[2023-11-10T12:10:51.790-0800][77855422ms] GC(26057)   Other: 0.3ms
[2023-11-10T12:10:51.790-0800][77855422ms] GC(26057) Eden regions: 151->0(151)
[2023-11-10T12:10:51.790-0800][77855422ms] GC(26057) Survivor regions: 1->1(19)
[2023-11-10T12:10:51.790-0800][77855422ms] GC(26057) Old regions: 1462->1462
[2023-11-10T12:10:51.790-0800][77855422ms] GC(26057) Humongous regions: 5->5
[2023-11-10T12:10:51.790-0800][77855422ms] GC(26057) Metaspace: 305043K->305043K(1349632K)
[2023-11-10T12:10:51.790-0800][77855422ms] GC(26057) Pause Young (Normal) (G1 Evacuation Pause) 3235M->2933M(3602M) 5.053ms
[2023-11-10T12:10:51.790-0800][77855422ms] GC(26057) User=0.02s Sys=0.00s Real=0.00s
[2023-11-10T12:10:52.055-0800][77855687ms] GC(26058) Pause Young (Normal) (G1 Evacuation Pause)
[2023-11-10T12:10:52.055-0800][77855687ms] GC(26058) Using 10 workers of 10 for evacuation
[2023-11-10T12:10:52.061-0800][77855693ms] GC(26058)   Pre Evacuate Collection Set: 0.0ms
[2023-11-10T12:10:52.061-0800][77855693ms] GC(26058)   Evacuate Collection Set: 1.6ms
[2023-11-10T12:10:52.061-0800][77855693ms] GC(26058)   Post Evacuate Collection Set: 3.0ms
[2023-11-10T12:10:52.061-0800][77855693ms] GC(26058)   Other: 0.2ms
[2023-11-10T12:10:52.061-0800][77855693ms] GC(26058) Eden regions: 151->0(151)
[2023-11-10T12:10:52.061-0800][77855693ms] GC(26058) Survivor regions: 1->1(19)
[2023-11-10T12:10:52.061-0800][77855693ms] GC(26058) Old regions: 1462->1462
[2023-11-10T12:10:52.061-0800][77855693ms] GC(26058) Humongous regions: 5->5
[2023-11-10T12:10:52.061-0800][77855693ms] GC(26058) Metaspace: 305043K->305043K(1349632K)
[2023-11-10T12:10:52.061-0800][77855693ms] GC(26058) Pause Young (Normal) (G1 Evacuation Pause) 3235M->2933M(3602M) 5.011ms
[2023-11-10T12:10:52.061-0800][77855693ms] GC(26058) User=0.00s Sys=0.00s Real=0.01s
[2023-11-10T12:10:52.338-0800][77855970ms] GC(26059) Pause Young (Normal) (G1 Evacuation Pause)
[2023-11-10T12:10:52.338-0800][77855970ms] GC(26059) Using 10 workers of 10 for evacuation
[2023-11-10T12:10:52.343-0800][77855975ms] GC(26059)   Pre Evacuate Collection Set: 0.0ms
[2023-11-10T12:10:52.343-0800][77855975ms] GC(26059)   Evacuate Collection Set: 1.8ms
[2023-11-10T12:10:52.343-0800][77855975ms] GC(26059)   Post Evacuate Collection Set: 3.1ms
[2023-11-10T12:10:52.343-0800][77855975ms] GC(26059)   Other: 0.3ms
[2023-11-10T12:10:52.343-0800][77855975ms] GC(26059) Eden regions: 151->0(151)
[2023-11-10T12:10:52.344-0800][77855976ms] GC(26059) Survivor regions: 1->1(19)
[2023-11-10T12:10:52.344-0800][77855976ms] GC(26059) Old regions: 1462->1462
[2023-11-10T12:10:52.344-0800][77855976ms] GC(26059) Humongous regions: 5->5
[2023-11-10T12:10:52.344-0800][77855976ms] GC(26059) Metaspace: 305043K->305043K(1349632K)
[2023-11-10T12:10:52.344-0800][77855976ms] GC(26059) Pause Young (Normal) (G1 Evacuation Pause) 3235M->2933M(3602M) 5.250ms
[2023-11-10T12:10:52.344-0800][77855976ms] GC(26059) User=0.00s Sys=0.00s Real=0.01s
[2023-11-10T12:10:52.593-0800][77856225ms] GC(26060) Pause Young (Normal) (G1 Evacuation Pause)
[2023-11-10T12:10:52.593-0800][77856225ms] GC(26060) Using 10 workers of 10 for evacuation
[2023-11-10T12:10:52.599-0800][77856231ms] GC(26060)   Pre Evacuate Collection Set: 0.1ms
[2023-11-10T12:10:52.599-0800][77856231ms] GC(26060)   Evacuate Collection Set: 2.2ms
[2023-11-10T12:10:52.599-0800][77856231ms] GC(26060)   Post Evacuate Collection Set: 3.2ms
[2023-11-10T12:10:52.599-0800][77856231ms] GC(26060)   Other: 0.3ms
[2023-11-10T12:10:52.599-0800][77856231ms] GC(26060) Eden regions: 151->0(151)
[2023-11-10T12:10:52.599-0800][77856231ms] GC(26060) Survivor regions: 1->1(19)
[2023-11-10T12:10:52.599-0800][77856231ms] GC(26060) Old regions: 1462->1462
[2023-11-10T12:10:52.599-0800][77856231ms] GC(26060) Humongous regions: 5->5
[2023-11-10T12:10:52.599-0800][77856231ms] GC(26060) Metaspace: 305043K->305043K(1349632K)
[2023-11-10T12:10:52.599-0800][77856231ms] GC(26060) Pause Young (Normal) (G1 Evacuation Pause) 3235M->2933M(3602M) 5.857ms
[2023-11-10T12:10:52.599-0800][77856231ms] GC(26060) User=0.00s Sys=0.00s Real=0.01s
[2023-11-10T12:10:52.886-0800][77856518ms] GC(26061) Pause Young (Normal) (G1 Evacuation Pause)
[2023-11-10T12:10:52.886-0800][77856518ms] GC(26061) Using 10 workers of 10 for evacuation
[2023-11-10T12:10:52.892-0800][77856524ms] GC(26061)   Pre Evacuate Collection Set: 0.0ms
[2023-11-10T12:10:52.892-0800][77856524ms] GC(26061)   Evacuate Collection Set: 1.7ms
[2023-11-10T12:10:52.892-0800][77856524ms] GC(26061)   Post Evacuate Collection Set: 3.1ms
[2023-11-10T12:10:52.892-0800][77856524ms] GC(26061)   Other: 0.3ms
[2023-11-10T12:10:52.892-0800][77856524ms] GC(26061) Eden regions: 151->0(151)
[2023-11-10T12:10:52.892-0800][77856524ms] GC(26061) Survivor regions: 1->1(19)
[2023-11-10T12:10:52.892-0800][77856524ms] GC(26061) Old regions: 1462->1462
[2023-11-10T12:10:52.892-0800][77856524ms] GC(26061) Humongous regions: 5->5
[2023-11-10T12:10:52.892-0800][77856524ms] GC(26061) Metaspace: 305043K->305043K(1349632K)
[2023-11-10T12:10:52.892-0800][77856524ms] GC(26061) Pause Young (Normal) (G1 Evacuation Pause) 3235M->2933M(3602M) 5.190ms
[2023-11-10T12:10:52.892-0800][77856524ms] GC(26061) User=0.00s Sys=0.00s Real=0.01s
[2023-11-10T12:10:53.144-0800][77856776ms] GC(26062) Pause Young (Normal) (G1 Evacuation Pause)
[2023-11-10T12:10:53.144-0800][77856776ms] GC(26062) Using 10 workers of 10 for evacuation
[2023-11-10T12:10:53.149-0800][77856781ms] GC(26062)   Pre Evacuate Collection Set: 0.0ms
[2023-11-10T12:10:53.149-0800][77856781ms] GC(26062)   Evacuate Collection Set: 1.7ms
[2023-11-10T12:10:53.149-0800][77856781ms] GC(26062)   Post Evacuate Collection Set: 2.9ms
[2023-11-10T12:10:53.149-0800][77856781ms] GC(26062)   Other: 0.2ms
[2023-11-10T12:10:53.149-0800][77856781ms] GC(26062) Eden regions: 151->0(151)
[2023-11-10T12:10:53.149-0800][77856781ms] GC(26062) Survivor regions: 1->1(19)
[2023-11-10T12:10:53.149-0800][77856781ms] GC(26062) Old regions: 1462->1462
[2023-11-10T12:10:53.149-0800][77856781ms] GC(26062) Humongous regions: 5->5
[2023-11-10T12:10:53.149-0800][77856781ms] GC(26062) Metaspace: 305043K->305043K(1349632K)
[2023-11-10T12:10:53.149-0800][77856781ms] GC(26062) Pause Young (Normal) (G1 Evacuation Pause) 3235M->2933M(3602M) 4.990ms
[2023-11-10T12:10:53.149-0800][77856781ms] GC(26062) User=0.02s Sys=0.00s Real=0.00s
[2023-11-10T12:10:53.398-0800][77857030ms] GC(26063) Pause Young (Normal) (G1 Evacuation Pause)
[2023-11-10T12:10:53.398-0800][77857030ms] GC(26063) Using 10 workers of 10 for evacuation
[2023-11-10T12:10:53.402-0800][77857034ms] GC(26063)   Pre Evacuate Collection Set: 0.0ms
[2023-11-10T12:10:53.402-0800][77857034ms] GC(26063)   Evacuate Collection Set: 1.7ms
[2023-11-10T12:10:53.402-0800][77857034ms] GC(26063)   Post Evacuate Collection Set: 3.0ms
[2023-11-10T12:10:53.402-0800][77857034ms] GC(26063)   Other: 0.4ms
[2023-11-10T12:10:53.402-0800][77857034ms] GC(26063) Eden regions: 151->0(151)
[2023-11-10T12:10:53.402-0800][77857034ms] GC(26063) Survivor regions: 1->1(19)
[2023-11-10T12:10:53.402-0800][77857034ms] GC(26063) Old regions: 1462->1462
[2023-11-10T12:10:53.402-0800][77857034ms] GC(26063) Humongous regions: 5->5
[2023-11-10T12:10:53.402-0800][77857034ms] GC(26063) Metaspace: 305043K->305043K(1349632K)
[2023-11-10T12:10:53.402-0800][77857034ms] GC(26063) Pause Young (Normal) (G1 Evacuation Pause) 3235M->2933M(3602M) 5.093ms
[2023-11-10T12:10:53.402-0800][77857034ms] GC(26063) User=0.00s Sys=0.00s Real=0.00s
[2023-11-10T12:10:53.679-0800][77857311ms] GC(26064) Pause Young (Normal) (G1 Evacuation Pause)
[2023-11-10T12:10:53.679-0800][77857311ms] GC(26064) Using 10 workers of 10 for evacuation
[2023-11-10T12:10:53.684-0800][77857316ms] GC(26064)   Pre Evacuate Collection Set: 0.0ms
[2023-11-10T12:10:53.684-0800][77857316ms] GC(26064)   Evacuate Collection Set: 1.8ms
[2023-11-10T12:10:53.684-0800][77857316ms] GC(26064)   Post Evacuate Collection Set: 3.0ms
[2023-11-10T12:10:53.684-0800][77857316ms] GC(26064)   Other: 0.3ms
[2023-11-10T12:10:53.684-0800][77857316ms] GC(26064) Eden regions: 151->0(151)
[2023-11-10T12:10:53.684-0800][77857316ms] GC(26064) Survivor regions: 1->1(19)
[2023-11-10T12:10:53.684-0800][77857316ms] GC(26064) Old regions: 1462->1462
[2023-11-10T12:10:53.684-0800][77857316ms] GC(26064) Humongous regions: 5->5
[2023-11-10T12:10:53.684-0800][77857316ms] GC(26064) Metaspace: 305043K->305043K(1349632K)
[2023-11-10T12:10:53.684-0800][77857316ms] GC(26064) Pause Young (Normal) (G1 Evacuation Pause) 3235M->2933M(3602M) 5.181ms
[2023-11-10T12:10:53.684-0800][77857316ms] GC(26064) User=0.00s Sys=0.00s Real=0.01s
[2023-11-10T12:10:53.975-0800][77857607ms] GC(26065) Pause Young (Normal) (G1 Evacuation Pause)
[2023-11-10T12:10:53.975-0800][77857607ms] GC(26065) Using 10 workers of 10 for evacuation
[2023-11-10T12:10:53.980-0800][77857612ms] GC(26065)   Pre Evacuate Collection Set: 0.0ms
[2023-11-10T12:10:53.980-0800][77857612ms] GC(26065)   Evacuate Collection Set: 1.6ms
[2023-11-10T12:10:53.980-0800][77857612ms] GC(26065)   Post Evacuate Collection Set: 3.1ms
[2023-11-10T12:10:53.980-0800][77857612ms] GC(26065)   Other: 0.3ms
[2023-11-10T12:10:53.980-0800][77857612ms] GC(26065) Eden regions: 151->0(151)
[2023-11-10T12:10:53.980-0800][77857612ms] GC(26065) Survivor regions: 1->1(19)
[2023-11-10T12:10:53.980-0800][77857612ms] GC(26065) Old regions: 1462->1462
[2023-11-10T12:10:53.980-0800][77857612ms] GC(26065) Humongous regions: 5->5
[2023-11-10T12:10:53.980-0800][77857612ms] GC(26065) Metaspace: 305043K->305043K(1349632K)
[2023-11-10T12:10:53.980-0800][77857612ms] GC(26065) Pause Young (Normal) (G1 Evacuation Pause) 3235M->2933M(3602M) 5.074ms
[2023-11-10T12:10:53.980-0800][77857612ms] GC(26065) User=0.02s Sys=0.00s Real=0.01s
[2023-11-10T12:10:54.297-0800][77857929ms] GC(26066) Pause Young (Normal) (G1 Evacuation Pause)
[2023-11-10T12:10:54.297-0800][77857929ms] GC(26066) Using 10 workers of 10 for evacuation
[2023-11-10T12:10:54.302-0800][77857934ms] GC(26066)   Pre Evacuate Collection Set: 0.0ms
[2023-11-10T12:10:54.303-0800][77857935ms] GC(26066)   Evacuate Collection Set: 1.8ms
[2023-11-10T12:10:54.303-0800][77857935ms] GC(26066)   Post Evacuate Collection Set: 3.7ms
[2023-11-10T12:10:54.303-0800][77857935ms] GC(26066)   Other: 0.3ms
[2023-11-10T12:10:54.303-0800][77857935ms] GC(26066) Eden regions: 151->0(151)
[2023-11-10T12:10:54.303-0800][77857935ms] GC(26066) Survivor regions: 1->1(19)
[2023-11-10T12:10:54.303-0800][77857935ms] GC(26066) Old regions: 1462->1462
[2023-11-10T12:10:54.303-0800][77857935ms] GC(26066) Humongous regions: 5->5
[2023-11-10T12:10:54.303-0800][77857935ms] GC(26066) Metaspace: 305043K->305043K(1349632K)
[2023-11-10T12:10:54.303-0800][77857935ms] GC(26066) Pause Young (Normal) (G1 Evacuation Pause) 3235M->2933M(3602M) 5.916ms
[2023-11-10T12:10:54.303-0800][77857935ms] GC(26066) User=0.00s Sys=0.00s Real=0.01s
[2023-11-10T12:10:54.580-0800][77858212ms] GC(26067) Pause Young (Normal) (G1 Evacuation Pause)
[2023-11-10T12:10:54.580-0800][77858212ms] GC(26067) Using 10 workers of 10 for evacuation
[2023-11-10T12:10:54.584-0800][77858216ms] GC(26067)   Pre Evacuate Collection Set: 0.0ms
[2023-11-10T12:10:54.584-0800][77858216ms] GC(26067)   Evacuate Collection Set: 1.6ms
[2023-11-10T12:10:54.584-0800][77858216ms] GC(26067)   Post Evacuate Collection Set: 3.0ms
[2023-11-10T12:10:54.584-0800][77858216ms] GC(26067)   Other: 0.2ms
[2023-11-10T12:10:54.584-0800][77858216ms] GC(26067) Eden regions: 151->0(151)
[2023-11-10T12:10:54.584-0800][77858216ms] GC(26067) Survivor regions: 1->1(19)
[2023-11-10T12:10:54.584-0800][77858216ms] GC(26067) Old regions: 1462->1462
[2023-11-10T12:10:54.584-0800][77858216ms] GC(26067) Humongous regions: 5->5
[2023-11-10T12:10:54.584-0800][77858216ms] GC(26067) Metaspace: 305043K->305043K(1349632K)
[2023-11-10T12:10:54.584-0800][77858216ms] GC(26067) Pause Young (Normal) (G1 Evacuation Pause) 3235M->2933M(3602M) 4.936ms
[2023-11-10T12:10:54.584-0800][77858216ms] GC(26067) User=0.00s Sys=0.00s Real=0.00s
[2023-11-10T12:10:54.927-0800][77858559ms] GC(26068) Pause Young (Normal) (G1 Evacuation Pause)
[2023-11-10T12:10:54.927-0800][77858559ms] GC(26068) Using 10 workers of 10 for evacuation
[2023-11-10T12:10:54.933-0800][77858565ms] GC(26068)   Pre Evacuate Collection Set: 0.1ms
[2023-11-10T12:10:54.933-0800][77858565ms] GC(26068)   Evacuate Collection Set: 1.9ms
[2023-11-10T12:10:54.933-0800][77858565ms] GC(26068)   Post Evacuate Collection Set: 4.0ms
[2023-11-10T12:10:54.933-0800][77858565ms] GC(26068)   Other: 0.3ms
[2023-11-10T12:10:54.933-0800][77858565ms] GC(26068) Eden regions: 151->0(151)
[2023-11-10T12:10:54.933-0800][77858565ms] GC(26068) Survivor regions: 1->1(19)
[2023-11-10T12:10:54.933-0800][77858565ms] GC(26068) Old regions: 1462->1462
[2023-11-10T12:10:54.933-0800][77858565ms] GC(26068) Humongous regions: 5->5
[2023-11-10T12:10:54.933-0800][77858565ms] GC(26068) Metaspace: 305043K->305043K(1349632K)
[2023-11-10T12:10:54.933-0800][77858565ms] GC(26068) Pause Young (Normal) (G1 Evacuation Pause) 3235M->2933M(3602M) 6.468ms
[2023-11-10T12:10:54.933-0800][77858565ms] GC(26068) User=0.02s Sys=0.00s Real=0.01s
[2023-11-10T12:10:55.261-0800][77858893ms] GC(26069) Pause Young (Normal) (G1 Evacuation Pause)
[2023-11-10T12:10:55.261-0800][77858893ms] GC(26069) Using 10 workers of 10 for evacuation
[2023-11-10T12:10:55.266-0800][77858898ms] GC(26069)   Pre Evacuate Collection Set: 0.1ms
[2023-11-10T12:10:55.266-0800][77858898ms] GC(26069)   Evacuate Collection Set: 1.9ms
[2023-11-10T12:10:55.266-0800][77858898ms] GC(26069)   Post Evacuate Collection Set: 3.3ms
[2023-11-10T12:10:55.266-0800][77858898ms] GC(26069)   Other: 0.3ms
[2023-11-10T12:10:55.266-0800][77858898ms] GC(26069) Eden regions: 151->0(151)
[2023-11-10T12:10:55.266-0800][77858898ms] GC(26069) Survivor regions: 1->1(19)
[2023-11-10T12:10:55.266-0800][77858898ms] GC(26069) Old regions: 1462->1462
[2023-11-10T12:10:55.266-0800][77858898ms] GC(26069) Humongous regions: 5->5
[2023-11-10T12:10:55.266-0800][77858898ms] GC(26069) Metaspace: 305043K->305043K(1349632K)
[2023-11-10T12:10:55.266-0800][77858898ms] GC(26069) Pause Young (Normal) (G1 Evacuation Pause) 3235M->2933M(3602M) 5.717ms
[2023-11-10T12:10:55.267-0800][77858899ms] GC(26069) User=0.00s Sys=0.00s Real=0.01s
[2023-11-10T12:10:55.652-0800][77859284ms] GC(26070) Pause Young (Normal) (G1 Evacuation Pause)
[2023-11-10T12:10:55.652-0800][77859284ms] GC(26070) Using 10 workers of 10 for evacuation
[2023-11-10T12:10:55.657-0800][77859289ms] GC(26070)   Pre Evacuate Collection Set: 0.0ms
[2023-11-10T12:10:55.657-0800][77859289ms] GC(26070)   Evacuate Collection Set: 1.7ms
[2023-11-10T12:10:55.657-0800][77859289ms] GC(26070)   Post Evacuate Collection Set: 3.0ms
[2023-11-10T12:10:55.657-0800][77859289ms] GC(26070)   Other: 0.2ms
[2023-11-10T12:10:55.657-0800][77859289ms] GC(26070) Eden regions: 151->0(151)
[2023-11-10T12:10:55.657-0800][77859289ms] GC(26070) Survivor regions: 1->1(19)
[2023-11-10T12:10:55.657-0800][77859289ms] GC(26070) Old regions: 1462->1462
[2023-11-10T12:10:55.657-0800][77859289ms] GC(26070) Humongous regions: 5->5
[2023-11-10T12:10:55.657-0800][77859289ms] GC(26070) Metaspace: 305043K->305043K(1349632K)
[2023-11-10T12:10:55.657-0800][77859289ms] GC(26070) Pause Young (Normal) (G1 Evacuation Pause) 3235M->2933M(3602M) 5.036ms
[2023-11-10T12:10:55.657-0800][77859289ms] GC(26070) User=0.00s Sys=0.00s Real=0.01s
[2023-11-10T12:10:55.949-0800][77859581ms] GC(26071) Pause Young (Normal) (G1 Evacuation Pause)
[2023-11-10T12:10:55.949-0800][77859581ms] GC(26071) Using 10 workers of 10 for evacuation
[2023-11-10T12:10:55.954-0800][77859586ms] GC(26071)   Pre Evacuate Collection Set: 0.0ms
[2023-11-10T12:10:55.954-0800][77859586ms] GC(26071)   Evacuate Collection Set: 1.6ms
[2023-11-10T12:10:55.954-0800][77859586ms] GC(26071)   Post Evacuate Collection Set: 3.0ms
[2023-11-10T12:10:55.954-0800][77859586ms] GC(26071)   Other: 0.2ms
[2023-11-10T12:10:55.954-0800][77859586ms] GC(26071) Eden regions: 151->0(151)
[2023-11-10T12:10:55.954-0800][77859586ms] GC(26071) Survivor regions: 1->1(19)
[2023-11-10T12:10:55.954-0800][77859586ms] GC(26071) Old regions: 1462->1462
[2023-11-10T12:10:55.954-0800][77859586ms] GC(26071) Humongous regions: 5->5
[2023-11-10T12:10:55.954-0800][77859586ms] GC(26071) Metaspace: 305043K->305043K(1349632K)
[2023-11-10T12:10:55.954-0800][77859586ms] GC(26071) Pause Young (Normal) (G1 Evacuation Pause) 3235M->2933M(3602M) 4.980ms
[2023-11-10T12:10:55.954-0800][77859586ms] GC(26071) User=0.00s Sys=0.00s Real=0.01s
[2023-11-10T12:10:56.239-0800][77859871ms] GC(26072) Pause Young (Normal) (G1 Evacuation Pause)
[2023-11-10T12:10:56.239-0800][77859871ms] GC(26072) Using 10 workers of 10 for evacuation
[2023-11-10T12:10:56.244-0800][77859876ms] GC(26072)   Pre Evacuate Collection Set: 0.0ms
[2023-11-10T12:10:56.244-0800][77859876ms] GC(26072)   Evacuate Collection Set: 1.7ms
[2023-11-10T12:10:56.244-0800][77859876ms] GC(26072)   Post Evacuate Collection Set: 3.3ms
[2023-11-10T12:10:56.244-0800][77859876ms] GC(26072)   Other: 0.3ms
[2023-11-10T12:10:56.244-0800][77859876ms] GC(26072) Eden regions: 151->0(151)
[2023-11-10T12:10:56.244-0800][77859876ms] GC(26072) Survivor regions: 1->1(19)
[2023-11-10T12:10:56.244-0800][77859876ms] GC(26072) Old regions: 1462->1462
[2023-11-10T12:10:56.244-0800][77859876ms] GC(26072) Humongous regions: 5->5
[2023-11-10T12:10:56.244-0800][77859876ms] GC(26072) Metaspace: 305043K->305043K(1349632K)
[2023-11-10T12:10:56.244-0800][77859876ms] GC(26072) Pause Young (Normal) (G1 Evacuation Pause) 3235M->2933M(3602M) 5.403ms
[2023-11-10T12:10:56.244-0800][77859876ms] GC(26072) User=0.02s Sys=0.00s Real=0.00s
[2023-11-10T12:10:56.530-0800][77860162ms] GC(26073) Pause Young (Normal) (G1 Evacuation Pause)
[2023-11-10T12:10:56.530-0800][77860162ms] GC(26073) Using 10 workers of 10 for evacuation
[2023-11-10T12:10:56.534-0800][77860166ms] GC(26073)   Pre Evacuate Collection Set: 0.0ms
[2023-11-10T12:10:56.534-0800][77860166ms] GC(26073)   Evacuate Collection Set: 1.6ms
[2023-11-10T12:10:56.534-0800][77860166ms] GC(26073)   Post Evacuate Collection Set: 3.0ms
[2023-11-10T12:10:56.534-0800][77860166ms] GC(26073)   Other: 0.2ms
[2023-11-10T12:10:56.534-0800][77860166ms] GC(26073) Eden regions: 151->0(151)
[2023-11-10T12:10:56.534-0800][77860166ms] GC(26073) Survivor regions: 1->1(19)
[2023-11-10T12:10:56.534-0800][77860166ms] GC(26073) Old regions: 1462->1462
[2023-11-10T12:10:56.534-0800][77860166ms] GC(26073) Humongous regions: 5->5
[2023-11-10T12:10:56.534-0800][77860166ms] GC(26073) Metaspace: 305043K->305043K(1349632K)
[2023-11-10T12:10:56.534-0800][77860166ms] GC(26073) Pause Young (Normal) (G1 Evacuation Pause) 3235M->2933M(3602M) 4.980ms
[2023-11-10T12:10:56.534-0800][77860166ms] GC(26073) User=0.00s Sys=0.00s Real=0.00s
[2023-11-10T12:10:56.822-0800][77860454ms] GC(26074) Pause Young (Normal) (G1 Evacuation Pause)
[2023-11-10T12:10:56.822-0800][77860454ms] GC(26074) Using 10 workers of 10 for evacuation
[2023-11-10T12:10:56.827-0800][77860459ms] GC(26074)   Pre Evacuate Collection Set: 0.0ms
[2023-11-10T12:10:56.827-0800][77860459ms] GC(26074)   Evacuate Collection Set: 1.7ms
[2023-11-10T12:10:56.827-0800][77860459ms] GC(26074)   Post Evacuate Collection Set: 3.0ms
[2023-11-10T12:10:56.827-0800][77860459ms] GC(26074)   Other: 0.2ms
[2023-11-10T12:10:56.827-0800][77860459ms] GC(26074) Eden regions: 151->0(151)
[2023-11-10T12:10:56.827-0800][77860459ms] GC(26074) Survivor regions: 1->1(19)
[2023-11-10T12:10:56.827-0800][77860459ms] GC(26074) Old regions: 1462->1462
[2023-11-10T12:10:56.827-0800][77860459ms] GC(26074) Humongous regions: 5->5
[2023-11-10T12:10:56.827-0800][77860459ms] GC(26074) Metaspace: 305043K->305043K(1349632K)
[2023-11-10T12:10:56.827-0800][77860459ms] GC(26074) Pause Young (Normal) (G1 Evacuation Pause) 3235M->2933M(3602M) 5.041ms
[2023-11-10T12:10:56.827-0800][77860459ms] GC(26074) User=0.00s Sys=0.00s Real=0.00s
[2023-11-10T12:10:57.100-0800][77860732ms] GC(26075) Pause Young (Normal) (G1 Evacuation Pause)
[2023-11-10T12:10:57.100-0800][77860732ms] GC(26075) Using 10 workers of 10 for evacuation
[2023-11-10T12:10:57.106-0800][77860738ms] GC(26075)   Pre Evacuate Collection Set: 0.0ms
[2023-11-10T12:10:57.106-0800][77860738ms] GC(26075)   Evacuate Collection Set: 1.7ms
[2023-11-10T12:10:57.106-0800][77860738ms] GC(26075)   Post Evacuate Collection Set: 3.0ms
[2023-11-10T12:10:57.106-0800][77860738ms] GC(26075)   Other: 0.2ms
[2023-11-10T12:10:57.106-0800][77860738ms] GC(26075) Eden regions: 151->0(151)
[2023-11-10T12:10:57.106-0800][77860738ms] GC(26075) Survivor regions: 1->1(19)
[2023-11-10T12:10:57.106-0800][77860738ms] GC(26075) Old regions: 1462->1462
[2023-11-10T12:10:57.106-0800][77860738ms] GC(26075) Humongous regions: 5->5
[2023-11-10T12:10:57.106-0800][77860738ms] GC(26075) Metaspace: 305043K->305043K(1349632K)
[2023-11-10T12:10:57.106-0800][77860738ms] GC(26075) Pause Young (Normal) (G1 Evacuation Pause) 3235M->2933M(3602M) 5.079ms
[2023-11-10T12:10:57.106-0800][77860738ms] GC(26075) User=0.03s Sys=0.02s Real=0.01s
[2023-11-10T12:10:57.387-0800][77861019ms] GC(26076) Pause Young (Normal) (G1 Evacuation Pause)
[2023-11-10T12:10:57.387-0800][77861019ms] GC(26076) Using 10 workers of 10 for evacuation
[2023-11-10T12:10:57.392-0800][77861024ms] GC(26076)   Pre Evacuate Collection Set: 0.0ms
[2023-11-10T12:10:57.392-0800][77861024ms] GC(26076)   Evacuate Collection Set: 1.7ms
[2023-11-10T12:10:57.392-0800][77861024ms] GC(26076)   Post Evacuate Collection Set: 3.2ms
[2023-11-10T12:10:57.392-0800][77861024ms] GC(26076)   Other: 0.2ms
[2023-11-10T12:10:57.393-0800][77861025ms] GC(26076) Eden regions: 151->0(151)
[2023-11-10T12:10:57.393-0800][77861025ms] GC(26076) Survivor regions: 1->1(19)
[2023-11-10T12:10:57.393-0800][77861025ms] GC(26076) Old regions: 1462->1462
[2023-11-10T12:10:57.393-0800][77861025ms] GC(26076) Humongous regions: 5->5
[2023-11-10T12:10:57.393-0800][77861025ms] GC(26076) Metaspace: 305043K->305043K(1349632K)
[2023-11-10T12:10:57.393-0800][77861025ms] GC(26076) Pause Young (Normal) (G1 Evacuation Pause) 3235M->2933M(3602M) 5.330ms
[2023-11-10T12:10:57.393-0800][77861025ms] GC(26076) User=0.00s Sys=0.00s Real=0.01s
[2023-11-10T12:10:57.694-0800][77861326ms] GC(26077) Pause Young (Normal) (G1 Evacuation Pause)
[2023-11-10T12:10:57.694-0800][77861326ms] GC(26077) Using 10 workers of 10 for evacuation
[2023-11-10T12:10:57.700-0800][77861332ms] GC(26077)   Pre Evacuate Collection Set: 0.0ms
[2023-11-10T12:10:57.700-0800][77861332ms] GC(26077)   Evacuate Collection Set: 2.4ms
[2023-11-10T12:10:57.700-0800][77861332ms] GC(26077)   Post Evacuate Collection Set: 3.5ms
[2023-11-10T12:10:57.700-0800][77861332ms] GC(26077)   Other: 0.3ms
[2023-11-10T12:10:57.700-0800][77861332ms] GC(26077) Eden regions: 151->0(151)
[2023-11-10T12:10:57.700-0800][77861332ms] GC(26077) Survivor regions: 1->1(19)
[2023-11-10T12:10:57.700-0800][77861332ms] GC(26077) Old regions: 1462->1462
[2023-11-10T12:10:57.700-0800][77861332ms] GC(26077) Humongous regions: 5->5
[2023-11-10T12:10:57.700-0800][77861332ms] GC(26077) Metaspace: 305043K->305043K(1349632K)
[2023-11-10T12:10:57.700-0800][77861332ms] GC(26077) Pause Young (Normal) (G1 Evacuation Pause) 3235M->2934M(3602M) 6.395ms
[2023-11-10T12:10:57.700-0800][77861332ms] GC(26077) User=0.00s Sys=0.00s Real=0.01s
[2023-11-10T12:10:57.977-0800][77861609ms] GC(26078) Pause Young (Normal) (G1 Evacuation Pause)
[2023-11-10T12:10:57.977-0800][77861609ms] GC(26078) Using 10 workers of 10 for evacuation
[2023-11-10T12:10:57.982-0800][77861614ms] GC(26078)   Pre Evacuate Collection Set: 0.0ms
[2023-11-10T12:10:57.982-0800][77861614ms] GC(26078)   Evacuate Collection Set: 1.7ms
[2023-11-10T12:10:57.982-0800][77861614ms] GC(26078)   Post Evacuate Collection Set: 3.7ms
[2023-11-10T12:10:57.982-0800][77861614ms] GC(26078)   Other: 0.3ms
[2023-11-10T12:10:57.982-0800][77861614ms] GC(26078) Eden regions: 151->0(151)
[2023-11-10T12:10:57.982-0800][77861614ms] GC(26078) Survivor regions: 1->1(19)
[2023-11-10T12:10:57.982-0800][77861614ms] GC(26078) Old regions: 1462->1462
[2023-11-10T12:10:57.982-0800][77861614ms] GC(26078) Humongous regions: 5->5
[2023-11-10T12:10:57.982-0800][77861614ms] GC(26078) Metaspace: 305043K->305043K(1349632K)
[2023-11-10T12:10:57.982-0800][77861614ms] GC(26078) Pause Young (Normal) (G1 Evacuation Pause) 3236M->2934M(3602M) 5.752ms
[2023-11-10T12:10:57.982-0800][77861614ms] GC(26078) User=0.00s Sys=0.00s Real=0.01s
[2023-11-10T12:10:58.248-0800][77861880ms] GC(26079) Pause Young (Normal) (G1 Evacuation Pause)
[2023-11-10T12:10:58.248-0800][77861880ms] GC(26079) Using 10 workers of 10 for evacuation
[2023-11-10T12:10:58.253-0800][77861885ms] GC(26079)   Pre Evacuate Collection Set: 0.0ms
[2023-11-10T12:10:58.253-0800][77861885ms] GC(26079)   Evacuate Collection Set: 1.7ms
[2023-11-10T12:10:58.253-0800][77861885ms] GC(26079)   Post Evacuate Collection Set: 2.9ms
[2023-11-10T12:10:58.253-0800][77861885ms] GC(26079)   Other: 0.3ms
[2023-11-10T12:10:58.253-0800][77861885ms] GC(26079) Eden regions: 151->0(151)
[2023-11-10T12:10:58.253-0800][77861885ms] GC(26079) Survivor regions: 1->1(19)
[2023-11-10T12:10:58.253-0800][77861885ms] GC(26079) Old regions: 1462->1462
[2023-11-10T12:10:58.253-0800][77861885ms] GC(26079) Humongous regions: 5->5
[2023-11-10T12:10:58.253-0800][77861885ms] GC(26079) Metaspace: 305043K->305043K(1349632K)
[2023-11-10T12:10:58.253-0800][77861885ms] GC(26079) Pause Young (Normal) (G1 Evacuation Pause) 3236M->2933M(3602M) 5.031ms
[2023-11-10T12:10:58.253-0800][77861885ms] GC(26079) User=0.00s Sys=0.00s Real=0.01s
[2023-11-10T12:10:58.557-0800][77862189ms] GC(26080) Pause Young (Normal) (G1 Evacuation Pause)
[2023-11-10T12:10:58.558-0800][77862190ms] GC(26080) Using 10 workers of 10 for evacuation
[2023-11-10T12:10:58.562-0800][77862194ms] GC(26080)   Pre Evacuate Collection Set: 0.0ms
[2023-11-10T12:10:58.562-0800][77862194ms] GC(26080)   Evacuate Collection Set: 1.7ms
[2023-11-10T12:10:58.562-0800][77862194ms] GC(26080)   Post Evacuate Collection Set: 3.1ms
[2023-11-10T12:10:58.562-0800][77862194ms] GC(26080)   Other: 0.2ms
[2023-11-10T12:10:58.562-0800][77862194ms] GC(26080) Eden regions: 151->0(151)
[2023-11-10T12:10:58.563-0800][77862195ms] GC(26080) Survivor regions: 1->1(19)
[2023-11-10T12:10:58.563-0800][77862195ms] GC(26080) Old regions: 1462->1462
[2023-11-10T12:10:58.563-0800][77862195ms] GC(26080) Humongous regions: 5->5
[2023-11-10T12:10:58.563-0800][77862195ms] GC(26080) Metaspace: 305043K->305043K(1349632K)
[2023-11-10T12:10:58.563-0800][77862195ms] GC(26080) Pause Young (Normal) (G1 Evacuation Pause) 3235M->2934M(3602M) 5.304ms
[2023-11-10T12:10:58.563-0800][77862195ms] GC(26080) User=0.00s Sys=0.00s Real=0.01s
[2023-11-10T12:10:58.837-0800][77862469ms] GC(26081) Pause Young (Normal) (G1 Evacuation Pause)
[2023-11-10T12:10:58.837-0800][77862469ms] GC(26081) Using 10 workers of 10 for evacuation
[2023-11-10T12:10:58.843-0800][77862475ms] GC(26081)   Pre Evacuate Collection Set: 0.1ms
[2023-11-10T12:10:58.843-0800][77862475ms] GC(26081)   Evacuate Collection Set: 1.7ms
[2023-11-10T12:10:58.843-0800][77862475ms] GC(26081)   Post Evacuate Collection Set: 3.1ms
[2023-11-10T12:10:58.843-0800][77862475ms] GC(26081)   Other: 0.3ms
[2023-11-10T12:10:58.843-0800][77862475ms] GC(26081) Eden regions: 151->0(151)
[2023-11-10T12:10:58.843-0800][77862475ms] GC(26081) Survivor regions: 1->1(19)
[2023-11-10T12:10:58.843-0800][77862475ms] GC(26081) Old regions: 1462->1462
[2023-11-10T12:10:58.843-0800][77862475ms] GC(26081) Humongous regions: 5->5
[2023-11-10T12:10:58.843-0800][77862475ms] GC(26081) Metaspace: 305043K->305043K(1349632K)
[2023-11-10T12:10:58.843-0800][77862475ms] GC(26081) Pause Young (Normal) (G1 Evacuation Pause) 3236M->2934M(3602M) 5.218ms
[2023-11-10T12:10:58.843-0800][77862475ms] GC(26081) User=0.00s Sys=0.00s Real=0.01s
[2023-11-10T12:10:59.145-0800][77862777ms] GC(26082) Pause Young (Normal) (G1 Evacuation Pause)
[2023-11-10T12:10:59.145-0800][77862777ms] GC(26082) Using 10 workers of 10 for evacuation
[2023-11-10T12:10:59.150-0800][77862782ms] GC(26082)   Pre Evacuate Collection Set: 0.0ms
[2023-11-10T12:10:59.150-0800][77862782ms] GC(26082)   Evacuate Collection Set: 1.8ms
[2023-11-10T12:10:59.150-0800][77862782ms] GC(26082)   Post Evacuate Collection Set: 3.1ms
[2023-11-10T12:10:59.150-0800][77862782ms] GC(26082)   Other: 0.3ms
[2023-11-10T12:10:59.150-0800][77862782ms] GC(26082) Eden regions: 151->0(151)
[2023-11-10T12:10:59.150-0800][77862782ms] GC(26082) Survivor regions: 1->1(19)
[2023-11-10T12:10:59.150-0800][77862782ms] GC(26082) Old regions: 1462->1462
[2023-11-10T12:10:59.150-0800][77862782ms] GC(26082) Humongous regions: 5->5
[2023-11-10T12:10:59.150-0800][77862782ms] GC(26082) Metaspace: 305043K->305043K(1349632K)
[2023-11-10T12:10:59.150-0800][77862782ms] GC(26082) Pause Young (Normal) (G1 Evacuation Pause) 3236M->2934M(3602M) 5.323ms
[2023-11-10T12:10:59.150-0800][77862782ms] GC(26082) User=0.02s Sys=0.00s Real=0.01s
[2023-11-10T12:10:59.436-0800][77863068ms] GC(26083) Pause Young (Normal) (G1 Evacuation Pause)
[2023-11-10T12:10:59.436-0800][77863068ms] GC(26083) Using 10 workers of 10 for evacuation
[2023-11-10T12:10:59.441-0800][77863073ms] GC(26083)   Pre Evacuate Collection Set: 0.0ms
[2023-11-10T12:10:59.441-0800][77863073ms] GC(26083)   Evacuate Collection Set: 1.8ms
[2023-11-10T12:10:59.441-0800][77863073ms] GC(26083)   Post Evacuate Collection Set: 3.2ms
[2023-11-10T12:10:59.441-0800][77863073ms] GC(26083)   Other: 0.2ms
[2023-11-10T12:10:59.441-0800][77863073ms] GC(26083) Eden regions: 151->0(151)
[2023-11-10T12:10:59.441-0800][77863073ms] GC(26083) Survivor regions: 1->1(19)
[2023-11-10T12:10:59.441-0800][77863073ms] GC(26083) Old regions: 1462->1462
[2023-11-10T12:10:59.441-0800][77863073ms] GC(26083) Humongous regions: 5->5
[2023-11-10T12:10:59.441-0800][77863073ms] GC(26083) Metaspace: 305043K->305043K(1349632K)
[2023-11-10T12:10:59.441-0800][77863073ms] GC(26083) Pause Young (Normal) (G1 Evacuation Pause) 3236M->2934M(3602M) 5.324ms
[2023-11-10T12:10:59.441-0800][77863073ms] GC(26083) User=0.00s Sys=0.00s Real=0.00s
[2023-11-10T12:10:59.731-0800][77863363ms] GC(26084) Pause Young (Normal) (G1 Evacuation Pause)
[2023-11-10T12:10:59.732-0800][77863364ms] GC(26084) Using 10 workers of 10 for evacuation
[2023-11-10T12:10:59.736-0800][77863368ms] GC(26084)   Pre Evacuate Collection Set: 0.1ms
[2023-11-10T12:10:59.736-0800][77863368ms] GC(26084)   Evacuate Collection Set: 1.9ms
[2023-11-10T12:10:59.736-0800][77863368ms] GC(26084)   Post Evacuate Collection Set: 3.5ms
[2023-11-10T12:10:59.736-0800][77863368ms] GC(26084)   Other: 0.3ms
[2023-11-10T12:10:59.736-0800][77863368ms] GC(26084) Eden regions: 151->0(151)
[2023-11-10T12:10:59.736-0800][77863368ms] GC(26084) Survivor regions: 1->1(19)
[2023-11-10T12:10:59.736-0800][77863368ms] GC(26084) Old regions: 1462->1462
[2023-11-10T12:10:59.736-0800][77863368ms] GC(26084) Humongous regions: 5->5
[2023-11-10T12:10:59.736-0800][77863368ms] GC(26084) Metaspace: 305043K->305043K(1349632K)
[2023-11-10T12:10:59.736-0800][77863368ms] GC(26084) Pause Young (Normal) (G1 Evacuation Pause) 3236M->2934M(3602M) 5.889ms
[2023-11-10T12:10:59.736-0800][77863368ms] GC(26084) User=0.00s Sys=0.00s Real=0.01s
[2023-11-10T12:11:00.006-0800][77863638ms] GC(26085) Pause Young (Normal) (G1 Evacuation Pause)
[2023-11-10T12:11:00.006-0800][77863638ms] GC(26085) Using 10 workers of 10 for evacuation
[2023-11-10T12:11:00.012-0800][77863644ms] GC(26085)   Pre Evacuate Collection Set: 0.0ms
[2023-11-10T12:11:00.012-0800][77863644ms] GC(26085)   Evacuate Collection Set: 1.7ms
[2023-11-10T12:11:00.012-0800][77863644ms] GC(26085)   Post Evacuate Collection Set: 3.2ms
[2023-11-10T12:11:00.012-0800][77863644ms] GC(26085)   Other: 0.2ms
[2023-11-10T12:11:00.012-0800][77863644ms] GC(26085) Eden regions: 151->0(151)
[2023-11-10T12:11:00.012-0800][77863644ms] GC(26085) Survivor regions: 1->1(19)
[2023-11-10T12:11:00.012-0800][77863644ms] GC(26085) Old regions: 1462->1462
[2023-11-10T12:11:00.012-0800][77863644ms] GC(26085) Humongous regions: 5->5
[2023-11-10T12:11:00.012-0800][77863644ms] GC(26085) Metaspace: 305043K->305043K(1349632K)
[2023-11-10T12:11:00.012-0800][77863644ms] GC(26085) Pause Young (Normal) (G1 Evacuation Pause) 3236M->2934M(3602M) 5.423ms
[2023-11-10T12:11:00.012-0800][77863644ms] GC(26085) User=0.00s Sys=0.00s Real=0.01s
[2023-11-10T12:11:00.286-0800][77863918ms] GC(26086) Pause Young (Normal) (G1 Evacuation Pause)
[2023-11-10T12:11:00.286-0800][77863918ms] GC(26086) Using 10 workers of 10 for evacuation
[2023-11-10T12:11:00.291-0800][77863923ms] GC(26086)   Pre Evacuate Collection Set: 0.0ms
[2023-11-10T12:11:00.291-0800][77863923ms] GC(26086)   Evacuate Collection Set: 1.8ms
[2023-11-10T12:11:00.291-0800][77863923ms] GC(26086)   Post Evacuate Collection Set: 3.1ms
[2023-11-10T12:11:00.291-0800][77863923ms] GC(26086)   Other: 0.3ms
[2023-11-10T12:11:00.291-0800][77863923ms] GC(26086) Eden regions: 151->0(151)
[2023-11-10T12:11:00.291-0800][77863923ms] GC(26086) Survivor regions: 1->1(19)
[2023-11-10T12:11:00.291-0800][77863923ms] GC(26086) Old regions: 1462->1462
[2023-11-10T12:11:00.291-0800][77863923ms] GC(26086) Humongous regions: 5->5
[2023-11-10T12:11:00.291-0800][77863923ms] GC(26086) Metaspace: 305043K->305043K(1349632K)
[2023-11-10T12:11:00.291-0800][77863923ms] GC(26086) Pause Young (Normal) (G1 Evacuation Pause) 3236M->2934M(3602M) 5.281ms
[2023-11-10T12:11:00.291-0800][77863923ms] GC(26086) User=0.02s Sys=0.00s Real=0.00s
[2023-11-10T12:11:00.577-0800][77864209ms] GC(26087) Pause Young (Normal) (G1 Evacuation Pause)
[2023-11-10T12:11:00.577-0800][77864209ms] GC(26087) Using 10 workers of 10 for evacuation
[2023-11-10T12:11:00.583-0800][77864215ms] GC(26087)   Pre Evacuate Collection Set: 0.1ms
[2023-11-10T12:11:00.583-0800][77864215ms] GC(26087)   Evacuate Collection Set: 1.8ms
[2023-11-10T12:11:00.583-0800][77864215ms] GC(26087)   Post Evacuate Collection Set: 3.3ms
[2023-11-10T12:11:00.583-0800][77864215ms] GC(26087)   Other: 0.3ms
[2023-11-10T12:11:00.583-0800][77864215ms] GC(26087) Eden regions: 151->0(151)
[2023-11-10T12:11:00.583-0800][77864215ms] GC(26087) Survivor regions: 1->1(19)
[2023-11-10T12:11:00.583-0800][77864215ms] GC(26087) Old regions: 1462->1462
[2023-11-10T12:11:00.583-0800][77864215ms] GC(26087) Humongous regions: 5->5
[2023-11-10T12:11:00.583-0800][77864215ms] GC(26087) Metaspace: 305043K->305043K(1349632K)
[2023-11-10T12:11:00.583-0800][77864215ms] GC(26087) Pause Young (Normal) (G1 Evacuation Pause) 3236M->2934M(3602M) 5.480ms
[2023-11-10T12:11:00.583-0800][77864215ms] GC(26087) User=0.00s Sys=0.00s Real=0.01s
[2023-11-10T12:11:00.902-0800][77864534ms] GC(26088) Pause Young (Normal) (G1 Evacuation Pause)
[2023-11-10T12:11:00.902-0800][77864534ms] GC(26088) Using 10 workers of 10 for evacuation
[2023-11-10T12:11:00.907-0800][77864539ms] GC(26088)   Pre Evacuate Collection Set: 0.1ms
[2023-11-10T12:11:00.907-0800][77864539ms] GC(26088)   Evacuate Collection Set: 1.7ms
[2023-11-10T12:11:00.907-0800][77864539ms] GC(26088)   Post Evacuate Collection Set: 3.2ms
[2023-11-10T12:11:00.907-0800][77864539ms] GC(26088)   Other: 0.3ms
[2023-11-10T12:11:00.907-0800][77864539ms] GC(26088) Eden regions: 151->0(151)
[2023-11-10T12:11:00.907-0800][77864539ms] GC(26088) Survivor regions: 1->1(19)
[2023-11-10T12:11:00.907-0800][77864539ms] GC(26088) Old regions: 1462->1462
[2023-11-10T12:11:00.907-0800][77864539ms] GC(26088) Humongous regions: 5->5
[2023-11-10T12:11:00.907-0800][77864539ms] GC(26088) Metaspace: 305043K->305043K(1349632K)
[2023-11-10T12:11:00.907-0800][77864539ms] GC(26088) Pause Young (Normal) (G1 Evacuation Pause) 3236M->2934M(3602M) 5.332ms
[2023-11-10T12:11:00.907-0800][77864539ms] GC(26088) User=0.00s Sys=0.00s Real=0.01s
[2023-11-10T12:11:01.188-0800][77864820ms] GC(26089) Pause Young (Normal) (G1 Evacuation Pause)
[2023-11-10T12:11:01.188-0800][77864820ms] GC(26089) Using 10 workers of 10 for evacuation
[2023-11-10T12:11:01.192-0800][77864824ms] GC(26089)   Pre Evacuate Collection Set: 0.0ms
[2023-11-10T12:11:01.192-0800][77864824ms] GC(26089)   Evacuate Collection Set: 1.6ms
[2023-11-10T12:11:01.192-0800][77864824ms] GC(26089)   Post Evacuate Collection Set: 3.0ms
[2023-11-10T12:11:01.192-0800][77864824ms] GC(26089)   Other: 0.2ms
[2023-11-10T12:11:01.192-0800][77864824ms] GC(26089) Eden regions: 151->0(151)
[2023-11-10T12:11:01.192-0800][77864824ms] GC(26089) Survivor regions: 1->1(19)
[2023-11-10T12:11:01.192-0800][77864824ms] GC(26089) Old regions: 1462->1462
[2023-11-10T12:11:01.192-0800][77864824ms] GC(26089) Humongous regions: 5->5
[2023-11-10T12:11:01.192-0800][77864824ms] GC(26089) Metaspace: 305043K->305043K(1349632K)
[2023-11-10T12:11:01.192-0800][77864824ms] GC(26089) Pause Young (Normal) (G1 Evacuation Pause) 3236M->2934M(3602M) 4.952ms
[2023-11-10T12:11:01.192-0800][77864824ms] GC(26089) User=0.00s Sys=0.00s Real=0.00s
[2023-11-10T12:11:01.488-0800][77865120ms] GC(26090) Pause Young (Normal) (G1 Evacuation Pause)
[2023-11-10T12:11:01.488-0800][77865120ms] GC(26090) Using 10 workers of 10 for evacuation
[2023-11-10T12:11:01.493-0800][77865125ms] GC(26090)   Pre Evacuate Collection Set: 0.0ms
[2023-11-10T12:11:01.493-0800][77865125ms] GC(26090)   Evacuate Collection Set: 1.7ms
[2023-11-10T12:11:01.493-0800][77865125ms] GC(26090)   Post Evacuate Collection Set: 3.3ms
[2023-11-10T12:11:01.493-0800][77865125ms] GC(26090)   Other: 0.3ms
[2023-11-10T12:11:01.493-0800][77865125ms] GC(26090) Eden regions: 151->0(151)
[2023-11-10T12:11:01.493-0800][77865125ms] GC(26090) Survivor regions: 1->1(19)
[2023-11-10T12:11:01.493-0800][77865125ms] GC(26090) Old regions: 1462->1462
[2023-11-10T12:11:01.493-0800][77865125ms] GC(26090) Humongous regions: 5->5
[2023-11-10T12:11:01.493-0800][77865125ms] GC(26090) Metaspace: 305043K->305043K(1349632K)
[2023-11-10T12:11:01.493-0800][77865125ms] GC(26090) Pause Young (Normal) (G1 Evacuation Pause) 3236M->2934M(3602M) 5.422ms
[2023-11-10T12:11:01.493-0800][77865125ms] GC(26090) User=0.00s Sys=0.00s Real=0.01s
[2023-11-10T12:11:01.773-0800][77865405ms] GC(26091) Pause Young (Normal) (G1 Evacuation Pause)
[2023-11-10T12:11:01.773-0800][77865405ms] GC(26091) Using 10 workers of 10 for evacuation
[2023-11-10T12:11:01.779-0800][77865411ms] GC(26091)   Pre Evacuate Collection Set: 0.0ms
[2023-11-10T12:11:01.779-0800][77865411ms] GC(26091)   Evacuate Collection Set: 1.7ms
[2023-11-10T12:11:01.779-0800][77865411ms] GC(26091)   Post Evacuate Collection Set: 3.2ms
[2023-11-10T12:11:01.779-0800][77865411ms] GC(26091)   Other: 0.3ms
[2023-11-10T12:11:01.779-0800][77865411ms] GC(26091) Eden regions: 151->0(151)
[2023-11-10T12:11:01.779-0800][77865411ms] GC(26091) Survivor regions: 1->1(19)
[2023-11-10T12:11:01.779-0800][77865411ms] GC(26091) Old regions: 1462->1462
[2023-11-10T12:11:01.779-0800][77865411ms] GC(26091) Humongous regions: 5->5
[2023-11-10T12:11:01.779-0800][77865411ms] GC(26091) Metaspace: 305043K->305043K(1349632K)
[2023-11-10T12:11:01.779-0800][77865411ms] GC(26091) Pause Young (Normal) (G1 Evacuation Pause) 3236M->2934M(3602M) 5.359ms
[2023-11-10T12:11:01.779-0800][77865411ms] GC(26091) User=0.00s Sys=0.00s Real=0.01s
[2023-11-10T12:11:02.066-0800][77865698ms] GC(26092) Pause Young (Normal) (G1 Evacuation Pause)
[2023-11-10T12:11:02.066-0800][77865698ms] GC(26092) Using 10 workers of 10 for evacuation
[2023-11-10T12:11:02.071-0800][77865703ms] GC(26092)   Pre Evacuate Collection Set: 0.0ms
[2023-11-10T12:11:02.071-0800][77865703ms] GC(26092)   Evacuate Collection Set: 1.6ms
[2023-11-10T12:11:02.071-0800][77865703ms] GC(26092)   Post Evacuate Collection Set: 3.0ms
[2023-11-10T12:11:02.071-0800][77865703ms] GC(26092)   Other: 0.3ms
[2023-11-10T12:11:02.071-0800][77865703ms] GC(26092) Eden regions: 151->0(151)
[2023-11-10T12:11:02.071-0800][77865703ms] GC(26092) Survivor regions: 1->1(19)
[2023-11-10T12:11:02.071-0800][77865703ms] GC(26092) Old regions: 1462->1462
[2023-11-10T12:11:02.071-0800][77865703ms] GC(26092) Humongous regions: 5->5
[2023-11-10T12:11:02.071-0800][77865703ms] GC(26092) Metaspace: 305043K->305043K(1349632K)
[2023-11-10T12:11:02.071-0800][77865703ms] GC(26092) Pause Young (Normal) (G1 Evacuation Pause) 3236M->2934M(3602M) 4.996ms
[2023-11-10T12:11:02.071-0800][77865703ms] GC(26092) User=0.02s Sys=0.00s Real=0.01s
[2023-11-10T12:11:02.344-0800][77865976ms] GC(26093) Pause Young (Normal) (G1 Evacuation Pause)
[2023-11-10T12:11:02.344-0800][77865976ms] GC(26093) Using 10 workers of 10 for evacuation
[2023-11-10T12:11:02.349-0800][77865981ms] GC(26093)   Pre Evacuate Collection Set: 0.0ms
[2023-11-10T12:11:02.349-0800][77865981ms] GC(26093)   Evacuate Collection Set: 1.7ms
[2023-11-10T12:11:02.349-0800][77865981ms] GC(26093)   Post Evacuate Collection Set: 3.3ms
[2023-11-10T12:11:02.349-0800][77865981ms] GC(26093)   Other: 0.3ms
[2023-11-10T12:11:02.349-0800][77865981ms] GC(26093) Eden regions: 151->0(151)
[2023-11-10T12:11:02.349-0800][77865981ms] GC(26093) Survivor regions: 1->1(19)
[2023-11-10T12:11:02.349-0800][77865981ms] GC(26093) Old regions: 1462->1462
[2023-11-10T12:11:02.349-0800][77865981ms] GC(26093) Humongous regions: 5->5
[2023-11-10T12:11:02.349-0800][77865981ms] GC(26093) Metaspace: 305043K->305043K(1349632K)
[2023-11-10T12:11:02.349-0800][77865981ms] GC(26093) Pause Young (Normal) (G1 Evacuation Pause) 3236M->2934M(3602M) 5.380ms
[2023-11-10T12:11:02.349-0800][77865981ms] GC(26093) User=0.00s Sys=0.00s Real=0.00s
[2023-11-10T12:11:02.642-0800][77866274ms] GC(26094) Pause Young (Normal) (G1 Evacuation Pause)
[2023-11-10T12:11:02.642-0800][77866274ms] GC(26094) Using 10 workers of 10 for evacuation
[2023-11-10T12:11:02.646-0800][77866278ms] GC(26094)   Pre Evacuate Collection Set: 0.0ms
[2023-11-10T12:11:02.646-0800][77866278ms] GC(26094)   Evacuate Collection Set: 1.7ms
[2023-11-10T12:11:02.646-0800][77866278ms] GC(26094)   Post Evacuate Collection Set: 3.1ms
[2023-11-10T12:11:02.646-0800][77866278ms] GC(26094)   Other: 0.3ms
[2023-11-10T12:11:02.646-0800][77866278ms] GC(26094) Eden regions: 151->0(151)
[2023-11-10T12:11:02.646-0800][77866278ms] GC(26094) Survivor regions: 1->1(19)
[2023-11-10T12:11:02.646-0800][77866278ms] GC(26094) Old regions: 1462->1462
[2023-11-10T12:11:02.646-0800][77866278ms] GC(26094) Humongous regions: 5->5
[2023-11-10T12:11:02.646-0800][77866278ms] GC(26094) Metaspace: 305043K->305043K(1349632K)
[2023-11-10T12:11:02.646-0800][77866278ms] GC(26094) Pause Young (Normal) (G1 Evacuation Pause) 3236M->2934M(3602M) 5.198ms
[2023-11-10T12:11:02.646-0800][77866278ms] GC(26094) User=0.00s Sys=0.00s Real=0.00s
[2023-11-10T12:11:02.941-0800][77866573ms] GC(26095) Pause Young (Normal) (G1 Evacuation Pause)
[2023-11-10T12:11:02.941-0800][77866573ms] GC(26095) Using 10 workers of 10 for evacuation
[2023-11-10T12:11:02.946-0800][77866578ms] GC(26095)   Pre Evacuate Collection Set: 0.0ms
[2023-11-10T12:11:02.946-0800][77866578ms] GC(26095)   Evacuate Collection Set: 1.6ms
[2023-11-10T12:11:02.946-0800][77866578ms] GC(26095)   Post Evacuate Collection Set: 3.3ms
[2023-11-10T12:11:02.946-0800][77866578ms] GC(26095)   Other: 0.3ms
[2023-11-10T12:11:02.946-0800][77866578ms] GC(26095) Eden regions: 151->0(151)
[2023-11-10T12:11:02.946-0800][77866578ms] GC(26095) Survivor regions: 1->1(19)
[2023-11-10T12:11:02.946-0800][77866578ms] GC(26095) Old regions: 1462->1462
[2023-11-10T12:11:02.946-0800][77866578ms] GC(26095) Humongous regions: 5->5
[2023-11-10T12:11:02.946-0800][77866578ms] GC(26095) Metaspace: 305043K->305043K(1349632K)
[2023-11-10T12:11:02.946-0800][77866578ms] GC(26095) Pause Young (Normal) (G1 Evacuation Pause) 3236M->2934M(3602M) 5.262ms
[2023-11-10T12:11:02.946-0800][77866578ms] GC(26095) User=0.00s Sys=0.00s Real=0.01s
[2023-11-10T12:11:03.237-0800][77866869ms] GC(26096) Pause Young (Normal) (G1 Evacuation Pause)
[2023-11-10T12:11:03.237-0800][77866869ms] GC(26096) Using 10 workers of 10 for evacuation
[2023-11-10T12:11:03.242-0800][77866874ms] GC(26096)   Pre Evacuate Collection Set: 0.0ms
[2023-11-10T12:11:03.242-0800][77866874ms] GC(26096)   Evacuate Collection Set: 1.9ms
[2023-11-10T12:11:03.242-0800][77866874ms] GC(26096)   Post Evacuate Collection Set: 3.2ms
[2023-11-10T12:11:03.242-0800][77866874ms] GC(26096)   Other: 0.3ms
[2023-11-10T12:11:03.242-0800][77866874ms] GC(26096) Eden regions: 151->0(151)
[2023-11-10T12:11:03.242-0800][77866874ms] GC(26096) Survivor regions: 1->1(19)
[2023-11-10T12:11:03.242-0800][77866874ms] GC(26096) Old regions: 1462->1462
[2023-11-10T12:11:03.242-0800][77866874ms] GC(26096) Humongous regions: 5->5
[2023-11-10T12:11:03.242-0800][77866874ms] GC(26096) Metaspace: 305043K->305043K(1349632K)
[2023-11-10T12:11:03.242-0800][77866874ms] GC(26096) Pause Young (Normal) (G1 Evacuation Pause) 3236M->2934M(3602M) 5.489ms
[2023-11-10T12:11:03.242-0800][77866874ms] GC(26096) User=0.00s Sys=0.00s Real=0.01s
[2023-11-10T12:11:03.515-0800][77867147ms] GC(26097) Pause Young (Normal) (G1 Evacuation Pause)
[2023-11-10T12:11:03.515-0800][77867147ms] GC(26097) Using 10 workers of 10 for evacuation
[2023-11-10T12:11:03.521-0800][77867153ms] GC(26097)   Pre Evacuate Collection Set: 0.0ms
[2023-11-10T12:11:03.521-0800][77867153ms] GC(26097)   Evacuate Collection Set: 1.7ms
[2023-11-10T12:11:03.521-0800][77867153ms] GC(26097)   Post Evacuate Collection Set: 3.4ms
[2023-11-10T12:11:03.521-0800][77867153ms] GC(26097)   Other: 0.3ms
[2023-11-10T12:11:03.521-0800][77867153ms] GC(26097) Eden regions: 151->0(151)
[2023-11-10T12:11:03.521-0800][77867153ms] GC(26097) Survivor regions: 1->1(19)
[2023-11-10T12:11:03.521-0800][77867153ms] GC(26097) Old regions: 1462->1462
[2023-11-10T12:11:03.521-0800][77867153ms] GC(26097) Humongous regions: 5->5
[2023-11-10T12:11:03.521-0800][77867153ms] GC(26097) Metaspace: 305043K->305043K(1349632K)
[2023-11-10T12:11:03.521-0800][77867153ms] GC(26097) Pause Young (Normal) (G1 Evacuation Pause) 3236M->2934M(3602M) 5.459ms
[2023-11-10T12:11:03.521-0800][77867153ms] GC(26097) User=0.00s Sys=0.00s Real=0.01s
[2023-11-10T12:11:03.797-0800][77867429ms] GC(26098) Pause Young (Normal) (G1 Evacuation Pause)
[2023-11-10T12:11:03.797-0800][77867429ms] GC(26098) Using 10 workers of 10 for evacuation
[2023-11-10T12:11:03.802-0800][77867434ms] GC(26098)   Pre Evacuate Collection Set: 0.0ms
[2023-11-10T12:11:03.802-0800][77867434ms] GC(26098)   Evacuate Collection Set: 1.7ms
[2023-11-10T12:11:03.802-0800][77867434ms] GC(26098)   Post Evacuate Collection Set: 3.2ms
[2023-11-10T12:11:03.802-0800][77867434ms] GC(26098)   Other: 0.3ms
[2023-11-10T12:11:03.802-0800][77867434ms] GC(26098) Eden regions: 151->0(151)
[2023-11-10T12:11:03.802-0800][77867434ms] GC(26098) Survivor regions: 1->1(19)
[2023-11-10T12:11:03.802-0800][77867434ms] GC(26098) Old regions: 1462->1462
[2023-11-10T12:11:03.802-0800][77867434ms] GC(26098) Humongous regions: 5->5
[2023-11-10T12:11:03.802-0800][77867434ms] GC(26098) Metaspace: 305043K->305043K(1349632K)
[2023-11-10T12:11:03.802-0800][77867434ms] GC(26098) Pause Young (Normal) (G1 Evacuation Pause) 3236M->2934M(3602M) 5.335ms
[2023-11-10T12:11:03.802-0800][77867434ms] GC(26098) User=0.00s Sys=0.00s Real=0.01s
[2023-11-10T12:11:04.064-0800][77867696ms] GC(26099) Pause Young (Normal) (G1 Evacuation Pause)
[2023-11-10T12:11:04.064-0800][77867696ms] GC(26099) Using 10 workers of 10 for evacuation
[2023-11-10T12:11:04.069-0800][77867701ms] GC(26099)   Pre Evacuate Collection Set: 0.0ms
[2023-11-10T12:11:04.069-0800][77867701ms] GC(26099)   Evacuate Collection Set: 1.6ms
[2023-11-10T12:11:04.069-0800][77867701ms] GC(26099)   Post Evacuate Collection Set: 3.2ms
[2023-11-10T12:11:04.069-0800][77867701ms] GC(26099)   Other: 0.2ms
[2023-11-10T12:11:04.069-0800][77867701ms] GC(26099) Eden regions: 151->0(151)
[2023-11-10T12:11:04.069-0800][77867701ms] GC(26099) Survivor regions: 1->1(19)
[2023-11-10T12:11:04.069-0800][77867701ms] GC(26099) Old regions: 1462->1462
[2023-11-10T12:11:04.069-0800][77867701ms] GC(26099) Humongous regions: 5->5
[2023-11-10T12:11:04.069-0800][77867701ms] GC(26099) Metaspace: 305043K->305043K(1349632K)
[2023-11-10T12:11:04.069-0800][77867701ms] GC(26099) Pause Young (Normal) (G1 Evacuation Pause) 3236M->2934M(3602M) 5.161ms
[2023-11-10T12:11:04.069-0800][77867701ms] GC(26099) User=0.00s Sys=0.00s Real=0.01s
[2023-11-10T12:11:04.354-0800][77867986ms] GC(26100) Pause Young (Normal) (G1 Evacuation Pause)
[2023-11-10T12:11:04.354-0800][77867986ms] GC(26100) Using 10 workers of 10 for evacuation
[2023-11-10T12:11:04.359-0800][77867991ms] GC(26100)   Pre Evacuate Collection Set: 0.0ms
[2023-11-10T12:11:04.359-0800][77867991ms] GC(26100)   Evacuate Collection Set: 1.7ms
[2023-11-10T12:11:04.360-0800][77867992ms] GC(26100)   Post Evacuate Collection Set: 3.1ms
[2023-11-10T12:11:04.360-0800][77867992ms] GC(26100)   Other: 0.3ms
[2023-11-10T12:11:04.360-0800][77867992ms] GC(26100) Eden regions: 151->0(150)
[2023-11-10T12:11:04.360-0800][77867992ms] GC(26100) Survivor regions: 1->1(19)
[2023-11-10T12:11:04.360-0800][77867992ms] GC(26100) Old regions: 1462->1463
[2023-11-10T12:11:04.360-0800][77867992ms] GC(26100) Humongous regions: 5->5
[2023-11-10T12:11:04.360-0800][77867992ms] GC(26100) Metaspace: 305043K->305043K(1349632K)
[2023-11-10T12:11:04.360-0800][77867992ms] GC(26100) Pause Young (Normal) (G1 Evacuation Pause) 3236M->2934M(3602M) 5.160ms
[2023-11-10T12:11:04.360-0800][77867992ms] GC(26100) User=0.00s Sys=0.00s Real=0.01s
[2023-11-10T12:11:04.651-0800][77868283ms] GC(26101) Pause Young (Normal) (G1 Evacuation Pause)
[2023-11-10T12:11:04.651-0800][77868283ms] GC(26101) Using 10 workers of 10 for evacuation
[2023-11-10T12:11:04.656-0800][77868288ms] GC(26101)   Pre Evacuate Collection Set: 0.0ms
[2023-11-10T12:11:04.656-0800][77868288ms] GC(26101)   Evacuate Collection Set: 1.7ms
[2023-11-10T12:11:04.656-0800][77868288ms] GC(26101)   Post Evacuate Collection Set: 3.1ms
[2023-11-10T12:11:04.656-0800][77868288ms] GC(26101)   Other: 0.2ms
[2023-11-10T12:11:04.656-0800][77868288ms] GC(26101) Eden regions: 150->0(150)
[2023-11-10T12:11:04.656-0800][77868288ms] GC(26101) Survivor regions: 1->1(19)
[2023-11-10T12:11:04.656-0800][77868288ms] GC(26101) Old regions: 1463->1463
[2023-11-10T12:11:04.656-0800][77868288ms] GC(26101) Humongous regions: 5->5
[2023-11-10T12:11:04.656-0800][77868288ms] GC(26101) Metaspace: 305043K->305043K(1349632K)
[2023-11-10T12:11:04.656-0800][77868288ms] GC(26101) Pause Young (Normal) (G1 Evacuation Pause) 3234M->2934M(3602M) 5.237ms
[2023-11-10T12:11:04.656-0800][77868288ms] GC(26101) User=0.00s Sys=0.00s Real=0.00s
[2023-11-10T12:11:04.931-0800][77868563ms] GC(26102) Pause Young (Normal) (G1 Evacuation Pause)
[2023-11-10T12:11:04.931-0800][77868563ms] GC(26102) Using 10 workers of 10 for evacuation
[2023-11-10T12:11:04.936-0800][77868568ms] GC(26102)   Pre Evacuate Collection Set: 0.0ms
[2023-11-10T12:11:04.936-0800][77868568ms] GC(26102)   Evacuate Collection Set: 1.6ms
[2023-11-10T12:11:04.936-0800][77868568ms] GC(26102)   Post Evacuate Collection Set: 3.1ms
[2023-11-10T12:11:04.936-0800][77868568ms] GC(26102)   Other: 0.3ms
[2023-11-10T12:11:04.936-0800][77868568ms] GC(26102) Eden regions: 150->0(150)
[2023-11-10T12:11:04.936-0800][77868568ms] GC(26102) Survivor regions: 1->1(19)
[2023-11-10T12:11:04.936-0800][77868568ms] GC(26102) Old regions: 1463->1463
[2023-11-10T12:11:04.936-0800][77868568ms] GC(26102) Humongous regions: 5->5
[2023-11-10T12:11:04.936-0800][77868568ms] GC(26102) Metaspace: 305043K->305043K(1349632K)
[2023-11-10T12:11:04.936-0800][77868568ms] GC(26102) Pause Young (Normal) (G1 Evacuation Pause) 3234M->2934M(3602M) 5.144ms
[2023-11-10T12:11:04.936-0800][77868568ms] GC(26102) User=0.00s Sys=0.00s Real=0.01s
[2023-11-10T12:11:05.205-0800][77868837ms] GC(26103) Pause Young (Normal) (G1 Evacuation Pause)
[2023-11-10T12:11:05.205-0800][77868837ms] GC(26103) Using 10 workers of 10 for evacuation
[2023-11-10T12:11:05.209-0800][77868841ms] GC(26103)   Pre Evacuate Collection Set: 0.0ms
[2023-11-10T12:11:05.209-0800][77868841ms] GC(26103)   Evacuate Collection Set: 1.6ms
[2023-11-10T12:11:05.210-0800][77868842ms] GC(26103)   Post Evacuate Collection Set: 3.0ms
[2023-11-10T12:11:05.210-0800][77868842ms] GC(26103)   Other: 0.2ms
[2023-11-10T12:11:05.210-0800][77868842ms] GC(26103) Eden regions: 150->0(150)
[2023-11-10T12:11:05.210-0800][77868842ms] GC(26103) Survivor regions: 1->1(19)
[2023-11-10T12:11:05.210-0800][77868842ms] GC(26103) Old regions: 1463->1463
[2023-11-10T12:11:05.210-0800][77868842ms] GC(26103) Humongous regions: 5->5
[2023-11-10T12:11:05.210-0800][77868842ms] GC(26103) Metaspace: 305043K->305043K(1349632K)
[2023-11-10T12:11:05.210-0800][77868842ms] GC(26103) Pause Young (Normal) (G1 Evacuation Pause) 3234M->2934M(3602M) 4.990ms
[2023-11-10T12:11:05.210-0800][77868842ms] GC(26103) User=0.00s Sys=0.00s Real=0.01s
[2023-11-10T12:11:05.493-0800][77869125ms] GC(26104) Pause Young (Normal) (G1 Evacuation Pause)
[2023-11-10T12:11:05.493-0800][77869125ms] GC(26104) Using 10 workers of 10 for evacuation
[2023-11-10T12:11:05.498-0800][77869130ms] GC(26104)   Pre Evacuate Collection Set: 0.0ms
[2023-11-10T12:11:05.498-0800][77869130ms] GC(26104)   Evacuate Collection Set: 1.7ms
[2023-11-10T12:11:05.498-0800][77869130ms] GC(26104)   Post Evacuate Collection Set: 3.0ms
[2023-11-10T12:11:05.498-0800][77869130ms] GC(26104)   Other: 0.3ms
[2023-11-10T12:11:05.498-0800][77869130ms] GC(26104) Eden regions: 150->0(150)
[2023-11-10T12:11:05.498-0800][77869130ms] GC(26104) Survivor regions: 1->1(19)
[2023-11-10T12:11:05.498-0800][77869130ms] GC(26104) Old regions: 1463->1463
[2023-11-10T12:11:05.498-0800][77869130ms] GC(26104) Humongous regions: 5->5
[2023-11-10T12:11:05.498-0800][77869130ms] GC(26104) Metaspace: 305043K->305043K(1349632K)
[2023-11-10T12:11:05.498-0800][77869130ms] GC(26104) Pause Young (Normal) (G1 Evacuation Pause) 3234M->2934M(3602M) 5.116ms
[2023-11-10T12:11:05.498-0800][77869130ms] GC(26104) User=0.00s Sys=0.00s Real=0.00s
[2023-11-10T12:11:05.791-0800][77869423ms] GC(26105) Pause Young (Normal) (G1 Evacuation Pause)
[2023-11-10T12:11:05.791-0800][77869423ms] GC(26105) Using 10 workers of 10 for evacuation
[2023-11-10T12:11:05.795-0800][77869427ms] GC(26105)   Pre Evacuate Collection Set: 0.0ms
[2023-11-10T12:11:05.795-0800][77869427ms] GC(26105)   Evacuate Collection Set: 1.6ms
[2023-11-10T12:11:05.795-0800][77869427ms] GC(26105)   Post Evacuate Collection Set: 3.4ms
[2023-11-10T12:11:05.795-0800][77869427ms] GC(26105)   Other: 0.3ms
[2023-11-10T12:11:05.795-0800][77869427ms] GC(26105) Eden regions: 150->0(150)
[2023-11-10T12:11:05.795-0800][77869427ms] GC(26105) Survivor regions: 1->1(19)
[2023-11-10T12:11:05.795-0800][77869427ms] GC(26105) Old regions: 1463->1463
[2023-11-10T12:11:05.795-0800][77869427ms] GC(26105) Humongous regions: 5->5
[2023-11-10T12:11:05.795-0800][77869427ms] GC(26105) Metaspace: 305043K->305043K(1349632K)
[2023-11-10T12:11:05.795-0800][77869427ms] GC(26105) Pause Young (Normal) (G1 Evacuation Pause) 3234M->2934M(3602M) 5.348ms
[2023-11-10T12:11:05.795-0800][77869427ms] GC(26105) User=0.00s Sys=0.00s Real=0.00s
[2023-11-10T12:11:06.054-0800][77869686ms] GC(26106) Pause Young (Normal) (G1 Evacuation Pause)
[2023-11-10T12:11:06.054-0800][77869686ms] GC(26106) Using 10 workers of 10 for evacuation
[2023-11-10T12:11:06.058-0800][77869690ms] GC(26106)   Pre Evacuate Collection Set: 0.0ms
[2023-11-10T12:11:06.058-0800][77869690ms] GC(26106)   Evacuate Collection Set: 1.7ms
[2023-11-10T12:11:06.058-0800][77869690ms] GC(26106)   Post Evacuate Collection Set: 3.0ms
[2023-11-10T12:11:06.058-0800][77869690ms] GC(26106)   Other: 0.3ms
[2023-11-10T12:11:06.058-0800][77869690ms] GC(26106) Eden regions: 150->0(150)
[2023-11-10T12:11:06.058-0800][77869690ms] GC(26106) Survivor regions: 1->1(19)
[2023-11-10T12:11:06.058-0800][77869690ms] GC(26106) Old regions: 1463->1463
[2023-11-10T12:11:06.058-0800][77869690ms] GC(26106) Humongous regions: 5->5
[2023-11-10T12:11:06.058-0800][77869690ms] GC(26106) Metaspace: 305043K->305043K(1349632K)
[2023-11-10T12:11:06.058-0800][77869690ms] GC(26106) Pause Young (Normal) (G1 Evacuation Pause) 3234M->2934M(3602M) 5.213ms
[2023-11-10T12:11:06.059-0800][77869691ms] GC(26106) User=0.00s Sys=0.00s Real=0.01s
[2023-11-10T12:11:06.329-0800][77869961ms] GC(26107) Pause Young (Normal) (G1 Evacuation Pause)
[2023-11-10T12:11:06.329-0800][77869961ms] GC(26107) Using 10 workers of 10 for evacuation
[2023-11-10T12:11:06.335-0800][77869967ms] GC(26107)   Pre Evacuate Collection Set: 0.0ms
[2023-11-10T12:11:06.335-0800][77869967ms] GC(26107)   Evacuate Collection Set: 1.7ms
[2023-11-10T12:11:06.335-0800][77869967ms] GC(26107)   Post Evacuate Collection Set: 3.2ms
[2023-11-10T12:11:06.335-0800][77869967ms] GC(26107)   Other: 0.2ms
[2023-11-10T12:11:06.335-0800][77869967ms] GC(26107) Eden regions: 150->0(150)
[2023-11-10T12:11:06.335-0800][77869967ms] GC(26107) Survivor regions: 1->1(19)
[2023-11-10T12:11:06.335-0800][77869967ms] GC(26107) Old regions: 1463->1463
[2023-11-10T12:11:06.335-0800][77869967ms] GC(26107) Humongous regions: 5->5
[2023-11-10T12:11:06.335-0800][77869967ms] GC(26107) Metaspace: 305043K->305043K(1349632K)
[2023-11-10T12:11:06.335-0800][77869967ms] GC(26107) Pause Young (Normal) (G1 Evacuation Pause) 3234M->2934M(3602M) 5.244ms
[2023-11-10T12:11:06.335-0800][77869967ms] GC(26107) User=0.02s Sys=0.00s Real=0.01s
[2023-11-10T12:11:06.618-0800][77870250ms] GC(26108) Pause Young (Normal) (G1 Evacuation Pause)
[2023-11-10T12:11:06.618-0800][77870250ms] GC(26108) Using 10 workers of 10 for evacuation
[2023-11-10T12:11:06.623-0800][77870255ms] GC(26108)   Pre Evacuate Collection Set: 0.0ms
[2023-11-10T12:11:06.623-0800][77870255ms] GC(26108)   Evacuate Collection Set: 1.7ms
[2023-11-10T12:11:06.623-0800][77870255ms] GC(26108)   Post Evacuate Collection Set: 3.1ms
[2023-11-10T12:11:06.623-0800][77870255ms] GC(26108)   Other: 0.3ms
[2023-11-10T12:11:06.623-0800][77870255ms] GC(26108) Eden regions: 150->0(150)
[2023-11-10T12:11:06.623-0800][77870255ms] GC(26108) Survivor regions: 1->1(19)
[2023-11-10T12:11:06.623-0800][77870255ms] GC(26108) Old regions: 1463->1463
[2023-11-10T12:11:06.623-0800][77870255ms] GC(26108) Humongous regions: 5->5
[2023-11-10T12:11:06.623-0800][77870255ms] GC(26108) Metaspace: 305043K->305043K(1349632K)
[2023-11-10T12:11:06.623-0800][77870255ms] GC(26108) Pause Young (Normal) (G1 Evacuation Pause) 3234M->2934M(3602M) 5.236ms
[2023-11-10T12:11:06.623-0800][77870255ms] GC(26108) User=0.00s Sys=0.00s Real=0.00s
[2023-11-10T12:11:06.907-0800][77870539ms] GC(26109) Pause Young (Normal) (G1 Evacuation Pause)
[2023-11-10T12:11:06.907-0800][77870539ms] GC(26109) Using 10 workers of 10 for evacuation
[2023-11-10T12:11:06.911-0800][77870543ms] GC(26109)   Pre Evacuate Collection Set: 0.0ms
[2023-11-10T12:11:06.911-0800][77870543ms] GC(26109)   Evacuate Collection Set: 1.6ms
[2023-11-10T12:11:06.911-0800][77870543ms] GC(26109)   Post Evacuate Collection Set: 2.9ms
[2023-11-10T12:11:06.911-0800][77870543ms] GC(26109)   Other: 0.2ms
[2023-11-10T12:11:06.912-0800][77870544ms] GC(26109) Eden regions: 150->0(150)
[2023-11-10T12:11:06.912-0800][77870544ms] GC(26109) Survivor regions: 1->1(19)
[2023-11-10T12:11:06.912-0800][77870544ms] GC(26109) Old regions: 1463->1463
[2023-11-10T12:11:06.912-0800][77870544ms] GC(26109) Humongous regions: 5->5
[2023-11-10T12:11:06.912-0800][77870544ms] GC(26109) Metaspace: 305043K->305043K(1349632K)
[2023-11-10T12:11:06.912-0800][77870544ms] GC(26109) Pause Young (Normal) (G1 Evacuation Pause) 3234M->2934M(3602M) 4.856ms
[2023-11-10T12:11:06.912-0800][77870544ms] GC(26109) User=0.00s Sys=0.00s Real=0.00s
[2023-11-10T12:11:07.175-0800][77870807ms] GC(26110) Pause Young (Normal) (G1 Evacuation Pause)
[2023-11-10T12:11:07.175-0800][77870807ms] GC(26110) Using 10 workers of 10 for evacuation
[2023-11-10T12:11:07.179-0800][77870811ms] GC(26110)   Pre Evacuate Collection Set: 0.0ms
[2023-11-10T12:11:07.179-0800][77870811ms] GC(26110)   Evacuate Collection Set: 1.6ms
[2023-11-10T12:11:07.179-0800][77870811ms] GC(26110)   Post Evacuate Collection Set: 2.9ms
[2023-11-10T12:11:07.180-0800][77870812ms] GC(26110)   Other: 0.2ms
[2023-11-10T12:11:07.180-0800][77870812ms] GC(26110) Eden regions: 150->0(150)
[2023-11-10T12:11:07.180-0800][77870812ms] GC(26110) Survivor regions: 1->1(19)
[2023-11-10T12:11:07.180-0800][77870812ms] GC(26110) Old regions: 1463->1463
[2023-11-10T12:11:07.180-0800][77870812ms] GC(26110) Humongous regions: 5->5
[2023-11-10T12:11:07.180-0800][77870812ms] GC(26110) Metaspace: 305043K->305043K(1349632K)
[2023-11-10T12:11:07.180-0800][77870812ms] GC(26110) Pause Young (Normal) (G1 Evacuation Pause) 3234M->2934M(3602M) 4.928ms
[2023-11-10T12:11:07.180-0800][77870812ms] GC(26110) User=0.02s Sys=0.00s Real=0.01s
[2023-11-10T12:11:07.463-0800][77871095ms] GC(26111) Pause Young (Normal) (G1 Evacuation Pause)
[2023-11-10T12:11:07.463-0800][77871095ms] GC(26111) Using 10 workers of 10 for evacuation
[2023-11-10T12:11:07.469-0800][77871101ms] GC(26111)   Pre Evacuate Collection Set: 0.0ms
[2023-11-10T12:11:07.469-0800][77871101ms] GC(26111)   Evacuate Collection Set: 1.9ms
[2023-11-10T12:11:07.469-0800][77871101ms] GC(26111)   Post Evacuate Collection Set: 3.2ms
[2023-11-10T12:11:07.469-0800][77871101ms] GC(26111)   Other: 0.3ms
[2023-11-10T12:11:07.469-0800][77871101ms] GC(26111) Eden regions: 150->0(150)
[2023-11-10T12:11:07.469-0800][77871101ms] GC(26111) Survivor regions: 1->1(19)
[2023-11-10T12:11:07.469-0800][77871101ms] GC(26111) Old regions: 1463->1463
[2023-11-10T12:11:07.469-0800][77871101ms] GC(26111) Humongous regions: 5->5
[2023-11-10T12:11:07.469-0800][77871101ms] GC(26111) Metaspace: 305043K->305043K(1349632K)
[2023-11-10T12:11:07.469-0800][77871101ms] GC(26111) Pause Young (Normal) (G1 Evacuation Pause) 3234M->2934M(3602M) 5.550ms
[2023-11-10T12:11:07.469-0800][77871101ms] GC(26111) User=0.00s Sys=0.00s Real=0.01s
[2023-11-10T12:11:07.763-0800][77871395ms] GC(26112) Pause Young (Normal) (G1 Evacuation Pause)
[2023-11-10T12:11:07.763-0800][77871395ms] GC(26112) Using 10 workers of 10 for evacuation
[2023-11-10T12:11:07.768-0800][77871400ms] GC(26112)   Pre Evacuate Collection Set: 0.0ms
[2023-11-10T12:11:07.768-0800][77871400ms] GC(26112)   Evacuate Collection Set: 1.8ms
[2023-11-10T12:11:07.768-0800][77871400ms] GC(26112)   Post Evacuate Collection Set: 3.4ms
[2023-11-10T12:11:07.768-0800][77871400ms] GC(26112)   Other: 0.3ms
[2023-11-10T12:11:07.768-0800][77871400ms] GC(26112) Eden regions: 150->0(150)
[2023-11-10T12:11:07.768-0800][77871400ms] GC(26112) Survivor regions: 1->1(19)
[2023-11-10T12:11:07.768-0800][77871400ms] GC(26112) Old regions: 1463->1463
[2023-11-10T12:11:07.768-0800][77871400ms] GC(26112) Humongous regions: 5->5
[2023-11-10T12:11:07.768-0800][77871400ms] GC(26112) Metaspace: 305043K->305043K(1349632K)
[2023-11-10T12:11:07.768-0800][77871400ms] GC(26112) Pause Young (Normal) (G1 Evacuation Pause) 3234M->2934M(3602M) 5.558ms
[2023-11-10T12:11:07.768-0800][77871400ms] GC(26112) User=0.00s Sys=0.00s Real=0.00s
[2023-11-10T12:11:08.061-0800][77871693ms] GC(26113) Pause Young (Normal) (G1 Evacuation Pause)
[2023-11-10T12:11:08.061-0800][77871693ms] GC(26113) Using 10 workers of 10 for evacuation
[2023-11-10T12:11:08.066-0800][77871698ms] GC(26113)   Pre Evacuate Collection Set: 0.0ms
[2023-11-10T12:11:08.066-0800][77871698ms] GC(26113)   Evacuate Collection Set: 1.7ms
[2023-11-10T12:11:08.066-0800][77871698ms] GC(26113)   Post Evacuate Collection Set: 3.1ms
[2023-11-10T12:11:08.066-0800][77871698ms] GC(26113)   Other: 0.2ms
[2023-11-10T12:11:08.066-0800][77871698ms] GC(26113) Eden regions: 150->0(150)
[2023-11-10T12:11:08.066-0800][77871698ms] GC(26113) Survivor regions: 1->1(19)
[2023-11-10T12:11:08.066-0800][77871698ms] GC(26113) Old regions: 1463->1463
[2023-11-10T12:11:08.066-0800][77871698ms] GC(26113) Humongous regions: 5->5
[2023-11-10T12:11:08.066-0800][77871698ms] GC(26113) Metaspace: 305043K->305043K(1349632K)
[2023-11-10T12:11:08.066-0800][77871698ms] GC(26113) Pause Young (Normal) (G1 Evacuation Pause) 3234M->2934M(3602M) 5.206ms
[2023-11-10T12:11:08.066-0800][77871698ms] GC(26113) User=0.00s Sys=0.00s Real=0.00s
[2023-11-10T12:11:08.320-0800][77871952ms] GC(26114) Pause Young (Normal) (G1 Evacuation Pause)
[2023-11-10T12:11:08.320-0800][77871952ms] GC(26114) Using 10 workers of 10 for evacuation
[2023-11-10T12:11:08.325-0800][77871957ms] GC(26114)   Pre Evacuate Collection Set: 0.1ms
[2023-11-10T12:11:08.325-0800][77871957ms] GC(26114)   Evacuate Collection Set: 1.7ms
[2023-11-10T12:11:08.325-0800][77871957ms] GC(26114)   Post Evacuate Collection Set: 3.1ms
[2023-11-10T12:11:08.325-0800][77871957ms] GC(26114)   Other: 0.2ms
[2023-11-10T12:11:08.325-0800][77871957ms] GC(26114) Eden regions: 150->0(150)
[2023-11-10T12:11:08.325-0800][77871957ms] GC(26114) Survivor regions: 1->1(19)
[2023-11-10T12:11:08.325-0800][77871957ms] GC(26114) Old regions: 1463->1463
[2023-11-10T12:11:08.325-0800][77871957ms] GC(26114) Humongous regions: 5->5
[2023-11-10T12:11:08.325-0800][77871957ms] GC(26114) Metaspace: 305043K->305043K(1349632K)
[2023-11-10T12:11:08.325-0800][77871957ms] GC(26114) Pause Young (Normal) (G1 Evacuation Pause) 3234M->2934M(3602M) 5.192ms
[2023-11-10T12:11:08.325-0800][77871957ms] GC(26114) User=0.00s Sys=0.00s Real=0.01s
[2023-11-10T12:11:08.585-0800][77872217ms] GC(26115) Pause Young (Normal) (G1 Evacuation Pause)
[2023-11-10T12:11:08.585-0800][77872217ms] GC(26115) Using 10 workers of 10 for evacuation
[2023-11-10T12:11:08.589-0800][77872221ms] GC(26115)   Pre Evacuate Collection Set: 0.0ms
[2023-11-10T12:11:08.589-0800][77872222ms] GC(26115)   Evacuate Collection Set: 1.6ms
[2023-11-10T12:11:08.590-0800][77872222ms] GC(26115)   Post Evacuate Collection Set: 3.0ms
[2023-11-10T12:11:08.590-0800][77872222ms] GC(26115)   Other: 0.3ms
[2023-11-10T12:11:08.590-0800][77872222ms] GC(26115) Eden regions: 150->0(150)
[2023-11-10T12:11:08.590-0800][77872222ms] GC(26115) Survivor regions: 1->1(19)
[2023-11-10T12:11:08.590-0800][77872222ms] GC(26115) Old regions: 1463->1463
[2023-11-10T12:11:08.590-0800][77872222ms] GC(26115) Humongous regions: 5->5
[2023-11-10T12:11:08.590-0800][77872222ms] GC(26115) Metaspace: 305043K->305043K(1349632K)
[2023-11-10T12:11:08.590-0800][77872222ms] GC(26115) Pause Young (Normal) (G1 Evacuation Pause) 3234M->2934M(3602M) 4.973ms
[2023-11-10T12:11:08.590-0800][77872222ms] GC(26115) User=0.00s Sys=0.00s Real=0.00s
[2023-11-10T12:11:08.864-0800][77872496ms] GC(26116) Pause Young (Normal) (G1 Evacuation Pause)
[2023-11-10T12:11:08.864-0800][77872496ms] GC(26116) Using 10 workers of 10 for evacuation
[2023-11-10T12:11:08.870-0800][77872502ms] GC(26116)   Pre Evacuate Collection Set: 0.0ms
[2023-11-10T12:11:08.870-0800][77872502ms] GC(26116)   Evacuate Collection Set: 1.7ms
[2023-11-10T12:11:08.870-0800][77872502ms] GC(26116)   Post Evacuate Collection Set: 3.0ms
[2023-11-10T12:11:08.870-0800][77872502ms] GC(26116)   Other: 0.2ms
[2023-11-10T12:11:08.870-0800][77872502ms] GC(26116) Eden regions: 150->0(150)
[2023-11-10T12:11:08.870-0800][77872502ms] GC(26116) Survivor regions: 1->1(19)
[2023-11-10T12:11:08.870-0800][77872502ms] GC(26116) Old regions: 1463->1463
[2023-11-10T12:11:08.870-0800][77872502ms] GC(26116) Humongous regions: 5->5
[2023-11-10T12:11:08.870-0800][77872502ms] GC(26116) Metaspace: 305043K->305043K(1349632K)
[2023-11-10T12:11:08.870-0800][77872502ms] GC(26116) Pause Young (Normal) (G1 Evacuation Pause) 3234M->2934M(3602M) 5.079ms
[2023-11-10T12:11:08.870-0800][77872502ms] GC(26116) User=0.03s Sys=0.00s Real=0.01s
[2023-11-10T12:11:09.130-0800][77872762ms] GC(26117) Pause Young (Normal) (G1 Evacuation Pause)
[2023-11-10T12:11:09.130-0800][77872762ms] GC(26117) Using 10 workers of 10 for evacuation
[2023-11-10T12:11:09.135-0800][77872767ms] GC(26117)   Pre Evacuate Collection Set: 0.0ms
[2023-11-10T12:11:09.135-0800][77872767ms] GC(26117)   Evacuate Collection Set: 1.6ms
[2023-11-10T12:11:09.135-0800][77872767ms] GC(26117)   Post Evacuate Collection Set: 3.1ms
[2023-11-10T12:11:09.135-0800][77872767ms] GC(26117)   Other: 0.2ms
[2023-11-10T12:11:09.135-0800][77872767ms] GC(26117) Eden regions: 150->0(150)
[2023-11-10T12:11:09.135-0800][77872767ms] GC(26117) Survivor regions: 1->1(19)
[2023-11-10T12:11:09.135-0800][77872767ms] GC(26117) Old regions: 1463->1463
[2023-11-10T12:11:09.135-0800][77872767ms] GC(26117) Humongous regions: 5->5
[2023-11-10T12:11:09.135-0800][77872767ms] GC(26117) Metaspace: 305043K->305043K(1349632K)
[2023-11-10T12:11:09.135-0800][77872767ms] GC(26117) Pause Young (Normal) (G1 Evacuation Pause) 3234M->2934M(3602M) 5.007ms
[2023-11-10T12:11:09.135-0800][77872767ms] GC(26117) User=0.00s Sys=0.00s Real=0.00s
[2023-11-10T12:11:09.405-0800][77873037ms] GC(26118) Pause Young (Normal) (G1 Evacuation Pause)
[2023-11-10T12:11:09.405-0800][77873037ms] GC(26118) Using 10 workers of 10 for evacuation
[2023-11-10T12:11:09.411-0800][77873043ms] GC(26118)   Pre Evacuate Collection Set: 0.0ms
[2023-11-10T12:11:09.411-0800][77873043ms] GC(26118)   Evacuate Collection Set: 1.6ms
[2023-11-10T12:11:09.411-0800][77873043ms] GC(26118)   Post Evacuate Collection Set: 3.3ms
[2023-11-10T12:11:09.411-0800][77873043ms] GC(26118)   Other: 0.4ms
[2023-11-10T12:11:09.411-0800][77873043ms] GC(26118) Eden regions: 150->0(150)
[2023-11-10T12:11:09.411-0800][77873043ms] GC(26118) Survivor regions: 1->1(19)
[2023-11-10T12:11:09.411-0800][77873043ms] GC(26118) Old regions: 1463->1463
[2023-11-10T12:11:09.411-0800][77873043ms] GC(26118) Humongous regions: 5->5
[2023-11-10T12:11:09.411-0800][77873043ms] GC(26118) Metaspace: 305043K->305043K(1349632K)
[2023-11-10T12:11:09.411-0800][77873043ms] GC(26118) Pause Young (Normal) (G1 Evacuation Pause) 3234M->2934M(3602M) 5.427ms
[2023-11-10T12:11:09.411-0800][77873043ms] GC(26118) User=0.00s Sys=0.00s Real=0.01s
[2023-11-10T12:11:09.685-0800][77873317ms] GC(26119) Pause Young (Normal) (G1 Evacuation Pause)
[2023-11-10T12:11:09.685-0800][77873317ms] GC(26119) Using 10 workers of 10 for evacuation
[2023-11-10T12:11:09.690-0800][77873322ms] GC(26119)   Pre Evacuate Collection Set: 0.0ms
[2023-11-10T12:11:09.690-0800][77873322ms] GC(26119)   Evacuate Collection Set: 1.7ms
[2023-11-10T12:11:09.690-0800][77873322ms] GC(26119)   Post Evacuate Collection Set: 3.4ms
[2023-11-10T12:11:09.690-0800][77873322ms] GC(26119)   Other: 0.2ms
[2023-11-10T12:11:09.690-0800][77873322ms] GC(26119) Eden regions: 150->0(150)
[2023-11-10T12:11:09.690-0800][77873322ms] GC(26119) Survivor regions: 1->1(19)
[2023-11-10T12:11:09.690-0800][77873322ms] GC(26119) Old regions: 1463->1463
[2023-11-10T12:11:09.690-0800][77873322ms] GC(26119) Humongous regions: 5->5
[2023-11-10T12:11:09.690-0800][77873322ms] GC(26119) Metaspace: 305043K->305043K(1349632K)
[2023-11-10T12:11:09.690-0800][77873322ms] GC(26119) Pause Young (Normal) (G1 Evacuation Pause) 3234M->2934M(3602M) 5.447ms
[2023-11-10T12:11:09.690-0800][77873322ms] GC(26119) User=0.00s Sys=0.00s Real=0.01s
[2023-11-10T12:11:09.961-0800][77873593ms] GC(26120) Pause Young (Normal) (G1 Evacuation Pause)
[2023-11-10T12:11:09.961-0800][77873593ms] GC(26120) Using 10 workers of 10 for evacuation
[2023-11-10T12:11:09.967-0800][77873599ms] GC(26120)   Pre Evacuate Collection Set: 0.0ms
[2023-11-10T12:11:09.967-0800][77873599ms] GC(26120)   Evacuate Collection Set: 1.7ms
[2023-11-10T12:11:09.967-0800][77873599ms] GC(26120)   Post Evacuate Collection Set: 3.3ms
[2023-11-10T12:11:09.967-0800][77873599ms] GC(26120)   Other: 0.3ms
[2023-11-10T12:11:09.967-0800][77873599ms] GC(26120) Eden regions: 150->0(150)
[2023-11-10T12:11:09.967-0800][77873599ms] GC(26120) Survivor regions: 1->1(19)
[2023-11-10T12:11:09.967-0800][77873599ms] GC(26120) Old regions: 1463->1463
[2023-11-10T12:11:09.967-0800][77873599ms] GC(26120) Humongous regions: 5->5
[2023-11-10T12:11:09.967-0800][77873599ms] GC(26120) Metaspace: 305043K->305043K(1349632K)
[2023-11-10T12:11:09.967-0800][77873599ms] GC(26120) Pause Young (Normal) (G1 Evacuation Pause) 3234M->2934M(3602M) 5.404ms
[2023-11-10T12:11:09.967-0800][77873599ms] GC(26120) User=0.00s Sys=0.00s Real=0.01s
[2023-11-10T12:11:10.233-0800][77873865ms] GC(26121) Pause Young (Normal) (G1 Evacuation Pause)
[2023-11-10T12:11:10.233-0800][77873865ms] GC(26121) Using 10 workers of 10 for evacuation
[2023-11-10T12:11:10.238-0800][77873870ms] GC(26121)   Pre Evacuate Collection Set: 0.0ms
[2023-11-10T12:11:10.238-0800][77873870ms] GC(26121)   Evacuate Collection Set: 1.7ms
[2023-11-10T12:11:10.238-0800][77873870ms] GC(26121)   Post Evacuate Collection Set: 3.1ms
[2023-11-10T12:11:10.238-0800][77873870ms] GC(26121)   Other: 0.3ms
[2023-11-10T12:11:10.238-0800][77873870ms] GC(26121) Eden regions: 150->0(150)
[2023-11-10T12:11:10.238-0800][77873870ms] GC(26121) Survivor regions: 1->1(19)
[2023-11-10T12:11:10.238-0800][77873870ms] GC(26121) Old regions: 1463->1463
[2023-11-10T12:11:10.238-0800][77873870ms] GC(26121) Humongous regions: 5->5
[2023-11-10T12:11:10.238-0800][77873870ms] GC(26121) Metaspace: 305043K->305043K(1349632K)
[2023-11-10T12:11:10.238-0800][77873870ms] GC(26121) Pause Young (Normal) (G1 Evacuation Pause) 3234M->2934M(3602M) 5.255ms
[2023-11-10T12:11:10.238-0800][77873870ms] GC(26121) User=0.00s Sys=0.00s Real=0.00s
[2023-11-10T12:11:10.493-0800][77874125ms] GC(26122) Pause Young (Normal) (G1 Evacuation Pause)
[2023-11-10T12:11:10.493-0800][77874125ms] GC(26122) Using 10 workers of 10 for evacuation
[2023-11-10T12:11:10.499-0800][77874131ms] GC(26122)   Pre Evacuate Collection Set: 0.0ms
[2023-11-10T12:11:10.499-0800][77874131ms] GC(26122)   Evacuate Collection Set: 1.7ms
[2023-11-10T12:11:10.499-0800][77874131ms] GC(26122)   Post Evacuate Collection Set: 3.5ms
[2023-11-10T12:11:10.499-0800][77874131ms] GC(26122)   Other: 0.3ms
[2023-11-10T12:11:10.499-0800][77874131ms] GC(26122) Eden regions: 150->0(150)
[2023-11-10T12:11:10.499-0800][77874131ms] GC(26122) Survivor regions: 1->1(19)
[2023-11-10T12:11:10.499-0800][77874131ms] GC(26122) Old regions: 1463->1463
[2023-11-10T12:11:10.499-0800][77874131ms] GC(26122) Humongous regions: 5->5
[2023-11-10T12:11:10.499-0800][77874131ms] GC(26122) Metaspace: 305043K->305043K(1349632K)
[2023-11-10T12:11:10.499-0800][77874131ms] GC(26122) Pause Young (Normal) (G1 Evacuation Pause) 3234M->2934M(3602M) 5.613ms
[2023-11-10T12:11:10.499-0800][77874131ms] GC(26122) User=0.00s Sys=0.00s Real=0.01s
[2023-11-10T12:11:10.775-0800][77874407ms] GC(26123) Pause Young (Normal) (G1 Evacuation Pause)
[2023-11-10T12:11:10.775-0800][77874407ms] GC(26123) Using 10 workers of 10 for evacuation
[2023-11-10T12:11:10.780-0800][77874412ms] GC(26123)   Pre Evacuate Collection Set: 0.0ms
[2023-11-10T12:11:10.780-0800][77874412ms] GC(26123)   Evacuate Collection Set: 1.7ms
[2023-11-10T12:11:10.780-0800][77874412ms] GC(26123)   Post Evacuate Collection Set: 3.1ms
[2023-11-10T12:11:10.780-0800][77874412ms] GC(26123)   Other: 0.3ms
[2023-11-10T12:11:10.780-0800][77874412ms] GC(26123) Eden regions: 150->0(150)
[2023-11-10T12:11:10.780-0800][77874412ms] GC(26123) Survivor regions: 1->1(19)
[2023-11-10T12:11:10.780-0800][77874412ms] GC(26123) Old regions: 1463->1463
[2023-11-10T12:11:10.780-0800][77874412ms] GC(26123) Humongous regions: 5->5
[2023-11-10T12:11:10.780-0800][77874412ms] GC(26123) Metaspace: 305043K->305043K(1349632K)
[2023-11-10T12:11:10.780-0800][77874412ms] GC(26123) Pause Young (Normal) (G1 Evacuation Pause) 3234M->2934M(3602M) 5.158ms
[2023-11-10T12:11:10.780-0800][77874412ms] GC(26123) User=0.00s Sys=0.00s Real=0.00s
[2023-11-10T12:11:11.048-0800][77874680ms] GC(26124) Pause Young (Normal) (G1 Evacuation Pause)
[2023-11-10T12:11:11.048-0800][77874681ms] GC(26124) Using 10 workers of 10 for evacuation
[2023-11-10T12:11:11.053-0800][77874685ms] GC(26124)   Pre Evacuate Collection Set: 0.0ms
[2023-11-10T12:11:11.053-0800][77874685ms] GC(26124)   Evacuate Collection Set: 1.7ms
[2023-11-10T12:11:11.053-0800][77874685ms] GC(26124)   Post Evacuate Collection Set: 3.0ms
[2023-11-10T12:11:11.053-0800][77874685ms] GC(26124)   Other: 0.3ms
[2023-11-10T12:11:11.053-0800][77874685ms] GC(26124) Eden regions: 150->0(150)
[2023-11-10T12:11:11.054-0800][77874686ms] GC(26124) Survivor regions: 1->1(19)
[2023-11-10T12:11:11.054-0800][77874686ms] GC(26124) Old regions: 1463->1463
[2023-11-10T12:11:11.054-0800][77874686ms] GC(26124) Humongous regions: 5->5
[2023-11-10T12:11:11.054-0800][77874686ms] GC(26124) Metaspace: 305043K->305043K(1349632K)
[2023-11-10T12:11:11.054-0800][77874686ms] GC(26124) Pause Young (Normal) (G1 Evacuation Pause) 3234M->2934M(3602M) 5.087ms
[2023-11-10T12:11:11.054-0800][77874686ms] GC(26124) User=0.00s Sys=0.02s Real=0.01s
[2023-11-10T12:11:11.311-0800][77874943ms] GC(26125) Pause Young (Normal) (G1 Evacuation Pause)
[2023-11-10T12:11:11.311-0800][77874943ms] GC(26125) Using 10 workers of 10 for evacuation
[2023-11-10T12:11:11.317-0800][77874949ms] GC(26125)   Pre Evacuate Collection Set: 0.0ms
[2023-11-10T12:11:11.317-0800][77874949ms] GC(26125)   Evacuate Collection Set: 1.7ms
[2023-11-10T12:11:11.317-0800][77874949ms] GC(26125)   Post Evacuate Collection Set: 3.3ms
[2023-11-10T12:11:11.317-0800][77874949ms] GC(26125)   Other: 0.2ms
[2023-11-10T12:11:11.317-0800][77874949ms] GC(26125) Eden regions: 150->0(150)
[2023-11-10T12:11:11.317-0800][77874949ms] GC(26125) Survivor regions: 1->1(19)
[2023-11-10T12:11:11.317-0800][77874949ms] GC(26125) Old regions: 1463->1463
[2023-11-10T12:11:11.317-0800][77874949ms] GC(26125) Humongous regions: 5->5
[2023-11-10T12:11:11.317-0800][77874949ms] GC(26125) Metaspace: 305043K->305043K(1349632K)
[2023-11-10T12:11:11.317-0800][77874949ms] GC(26125) Pause Young (Normal) (G1 Evacuation Pause) 3234M->2934M(3602M) 5.410ms
[2023-11-10T12:11:11.317-0800][77874949ms] GC(26125) User=0.00s Sys=0.00s Real=0.01s
[2023-11-10T12:11:11.597-0800][77875229ms] GC(26126) Pause Young (Normal) (GCLocker Initiated GC)
[2023-11-10T12:11:11.597-0800][77875229ms] GC(26126) Using 10 workers of 10 for evacuation
[2023-11-10T12:11:11.602-0800][77875234ms] GC(26126)   Pre Evacuate Collection Set: 0.0ms
[2023-11-10T12:11:11.602-0800][77875234ms] GC(26126)   Evacuate Collection Set: 1.7ms
[2023-11-10T12:11:11.602-0800][77875234ms] GC(26126)   Post Evacuate Collection Set: 3.1ms
[2023-11-10T12:11:11.602-0800][77875234ms] GC(26126)   Other: 0.2ms
[2023-11-10T12:11:11.602-0800][77875234ms] GC(26126) Eden regions: 150->0(150)
[2023-11-10T12:11:11.602-0800][77875234ms] GC(26126) Survivor regions: 1->1(19)
[2023-11-10T12:11:11.602-0800][77875234ms] GC(26126) Old regions: 1463->1463
[2023-11-10T12:11:11.602-0800][77875234ms] GC(26126) Humongous regions: 5->5
[2023-11-10T12:11:11.602-0800][77875234ms] GC(26126) Metaspace: 305043K->305043K(1349632K)
[2023-11-10T12:11:11.602-0800][77875234ms] GC(26126) Pause Young (Normal) (GCLocker Initiated GC) 3234M->2934M(3602M) 5.208ms
[2023-11-10T12:11:11.602-0800][77875234ms] GC(26126) User=0.02s Sys=0.00s Real=0.01s
[2023-11-10T12:11:11.877-0800][77875509ms] GC(26127) Pause Young (Normal) (GCLocker Initiated GC)
[2023-11-10T12:11:11.877-0800][77875509ms] GC(26127) Using 10 workers of 10 for evacuation
[2023-11-10T12:11:11.882-0800][77875514ms] GC(26127)   Pre Evacuate Collection Set: 0.0ms
[2023-11-10T12:11:11.882-0800][77875514ms] GC(26127)   Evacuate Collection Set: 1.6ms
[2023-11-10T12:11:11.882-0800][77875514ms] GC(26127)   Post Evacuate Collection Set: 3.2ms
[2023-11-10T12:11:11.882-0800][77875514ms] GC(26127)   Other: 0.3ms
[2023-11-10T12:11:11.882-0800][77875514ms] GC(26127) Eden regions: 150->0(150)
[2023-11-10T12:11:11.882-0800][77875514ms] GC(26127) Survivor regions: 1->1(19)
[2023-11-10T12:11:11.882-0800][77875514ms] GC(26127) Old regions: 1463->1463
[2023-11-10T12:11:11.882-0800][77875514ms] GC(26127) Humongous regions: 5->5
[2023-11-10T12:11:11.882-0800][77875514ms] GC(26127) Metaspace: 305043K->305043K(1349632K)
[2023-11-10T12:11:11.882-0800][77875514ms] GC(26127) Pause Young (Normal) (GCLocker Initiated GC) 3234M->2935M(3602M) 5.209ms
[2023-11-10T12:11:11.883-0800][77875515ms] GC(26127) User=0.02s Sys=0.00s Real=0.01s
[2023-11-10T12:11:12.166-0800][77875798ms] GC(26128) Pause Young (Normal) (GCLocker Initiated GC)
[2023-11-10T12:11:12.166-0800][77875798ms] GC(26128) Using 10 workers of 10 for evacuation
[2023-11-10T12:11:12.171-0800][77875803ms] GC(26128)   Pre Evacuate Collection Set: 0.0ms
[2023-11-10T12:11:12.171-0800][77875803ms] GC(26128)   Evacuate Collection Set: 1.7ms
[2023-11-10T12:11:12.171-0800][77875803ms] GC(26128)   Post Evacuate Collection Set: 3.1ms
[2023-11-10T12:11:12.171-0800][77875803ms] GC(26128)   Other: 0.2ms
[2023-11-10T12:11:12.171-0800][77875803ms] GC(26128) Eden regions: 151->0(150)
[2023-11-10T12:11:12.171-0800][77875803ms] GC(26128) Survivor regions: 1->1(19)
[2023-11-10T12:11:12.171-0800][77875803ms] GC(26128) Old regions: 1463->1463
[2023-11-10T12:11:12.171-0800][77875803ms] GC(26128) Humongous regions: 5->5
[2023-11-10T12:11:12.171-0800][77875803ms] GC(26128) Metaspace: 305043K->305043K(1349632K)
[2023-11-10T12:11:12.171-0800][77875803ms] GC(26128) Pause Young (Normal) (GCLocker Initiated GC) 3235M->2935M(3602M) 5.155ms
[2023-11-10T12:11:12.171-0800][77875803ms] GC(26128) User=0.00s Sys=0.00s Real=0.01s
[2023-11-10T12:11:12.453-0800][77876085ms] GC(26129) Pause Young (Normal) (GCLocker Initiated GC)
[2023-11-10T12:11:12.453-0800][77876085ms] GC(26129) Using 10 workers of 10 for evacuation
[2023-11-10T12:11:12.458-0800][77876090ms] GC(26129)   Pre Evacuate Collection Set: 0.0ms
[2023-11-10T12:11:12.458-0800][77876090ms] GC(26129)   Evacuate Collection Set: 1.5ms
[2023-11-10T12:11:12.458-0800][77876090ms] GC(26129)   Post Evacuate Collection Set: 3.2ms
[2023-11-10T12:11:12.458-0800][77876090ms] GC(26129)   Other: 0.3ms
[2023-11-10T12:11:12.458-0800][77876090ms] GC(26129) Eden regions: 150->0(150)
[2023-11-10T12:11:12.458-0800][77876090ms] GC(26129) Survivor regions: 1->1(19)
[2023-11-10T12:11:12.458-0800][77876090ms] GC(26129) Old regions: 1463->1463
[2023-11-10T12:11:12.458-0800][77876090ms] GC(26129) Humongous regions: 5->5
[2023-11-10T12:11:12.458-0800][77876090ms] GC(26129) Metaspace: 305043K->305043K(1349632K)
[2023-11-10T12:11:12.458-0800][77876090ms] GC(26129) Pause Young (Normal) (GCLocker Initiated GC) 3235M->2935M(3602M) 5.043ms
[2023-11-10T12:11:12.458-0800][77876090ms] GC(26129) User=0.00s Sys=0.00s Real=0.00s
[2023-11-10T12:11:12.729-0800][77876361ms] GC(26130) Pause Young (Normal) (G1 Evacuation Pause)
[2023-11-10T12:11:12.729-0800][77876361ms] GC(26130) Using 10 workers of 10 for evacuation
[2023-11-10T12:11:12.734-0800][77876366ms] GC(26130)   Pre Evacuate Collection Set: 0.0ms
[2023-11-10T12:11:12.734-0800][77876366ms] GC(26130)   Evacuate Collection Set: 1.7ms
[2023-11-10T12:11:12.734-0800][77876366ms] GC(26130)   Post Evacuate Collection Set: 3.2ms
[2023-11-10T12:11:12.734-0800][77876366ms] GC(26130)   Other: 0.2ms
[2023-11-10T12:11:12.734-0800][77876366ms] GC(26130) Eden regions: 150->0(150)
[2023-11-10T12:11:12.734-0800][77876366ms] GC(26130) Survivor regions: 1->1(19)
[2023-11-10T12:11:12.734-0800][77876366ms] GC(26130) Old regions: 1463->1463
[2023-11-10T12:11:12.734-0800][77876366ms] GC(26130) Humongous regions: 5->5
[2023-11-10T12:11:12.734-0800][77876366ms] GC(26130) Metaspace: 305043K->305043K(1349632K)
[2023-11-10T12:11:12.734-0800][77876366ms] GC(26130) Pause Young (Normal) (G1 Evacuation Pause) 3235M->2935M(3602M) 5.244ms
[2023-11-10T12:11:12.734-0800][77876366ms] GC(26130) User=0.00s Sys=0.00s Real=0.00s
[2023-11-10T12:11:13.016-0800][77876648ms] GC(26131) Pause Young (Normal) (GCLocker Initiated GC)
[2023-11-10T12:11:13.016-0800][77876648ms] GC(26131) Using 10 workers of 10 for evacuation
[2023-11-10T12:11:13.021-0800][77876653ms] GC(26131)   Pre Evacuate Collection Set: 0.0ms
[2023-11-10T12:11:13.021-0800][77876653ms] GC(26131)   Evacuate Collection Set: 1.6ms
[2023-11-10T12:11:13.021-0800][77876653ms] GC(26131)   Post Evacuate Collection Set: 3.2ms
[2023-11-10T12:11:13.021-0800][77876653ms] GC(26131)   Other: 0.2ms
[2023-11-10T12:11:13.021-0800][77876653ms] GC(26131) Eden regions: 151->0(150)
[2023-11-10T12:11:13.021-0800][77876653ms] GC(26131) Survivor regions: 1->1(19)
[2023-11-10T12:11:13.021-0800][77876653ms] GC(26131) Old regions: 1463->1463
[2023-11-10T12:11:13.021-0800][77876653ms] GC(26131) Humongous regions: 5->5
[2023-11-10T12:11:13.021-0800][77876653ms] GC(26131) Metaspace: 305043K->305043K(1349632K)
[2023-11-10T12:11:13.021-0800][77876653ms] GC(26131) Pause Young (Normal) (GCLocker Initiated GC) 3235M->2935M(3602M) 5.191ms
[2023-11-10T12:11:13.021-0800][77876653ms] GC(26131) User=0.00s Sys=0.00s Real=0.00s
[2023-11-10T12:11:13.352-0800][77876984ms] GC(26132) Pause Young (Normal) (G1 Evacuation Pause)
[2023-11-10T12:11:13.352-0800][77876984ms] GC(26132) Using 10 workers of 10 for evacuation
[2023-11-10T12:11:13.357-0800][77876989ms] GC(26132)   Pre Evacuate Collection Set: 0.1ms
[2023-11-10T12:11:13.357-0800][77876989ms] GC(26132)   Evacuate Collection Set: 1.8ms
[2023-11-10T12:11:13.357-0800][77876989ms] GC(26132)   Post Evacuate Collection Set: 3.6ms
[2023-11-10T12:11:13.357-0800][77876989ms] GC(26132)   Other: 0.3ms
[2023-11-10T12:11:13.357-0800][77876989ms] GC(26132) Eden regions: 150->0(150)
[2023-11-10T12:11:13.357-0800][77876989ms] GC(26132) Survivor regions: 1->1(19)
[2023-11-10T12:11:13.357-0800][77876989ms] GC(26132) Old regions: 1463->1463
[2023-11-10T12:11:13.357-0800][77876989ms] GC(26132) Humongous regions: 5->5
[2023-11-10T12:11:13.357-0800][77876989ms] GC(26132) Metaspace: 305043K->305043K(1349632K)
[2023-11-10T12:11:13.357-0800][77876989ms] GC(26132) Pause Young (Normal) (G1 Evacuation Pause) 3235M->2935M(3602M) 5.783ms
[2023-11-10T12:11:13.357-0800][77876989ms] GC(26132) User=0.00s Sys=0.00s Real=0.01s
[2023-11-10T12:11:13.625-0800][77877257ms] GC(26133) Pause Young (Normal) (G1 Evacuation Pause)
[2023-11-10T12:11:13.625-0800][77877257ms] GC(26133) Using 10 workers of 10 for evacuation
[2023-11-10T12:11:13.630-0800][77877262ms] GC(26133)   Pre Evacuate Collection Set: 0.0ms
[2023-11-10T12:11:13.630-0800][77877262ms] GC(26133)   Evacuate Collection Set: 1.7ms
[2023-11-10T12:11:13.630-0800][77877262ms] GC(26133)   Post Evacuate Collection Set: 3.0ms
[2023-11-10T12:11:13.630-0800][77877262ms] GC(26133)   Other: 0.2ms
[2023-11-10T12:11:13.630-0800][77877262ms] GC(26133) Eden regions: 150->0(150)
[2023-11-10T12:11:13.630-0800][77877262ms] GC(26133) Survivor regions: 1->1(19)
[2023-11-10T12:11:13.630-0800][77877262ms] GC(26133) Old regions: 1463->1463
[2023-11-10T12:11:13.630-0800][77877262ms] GC(26133) Humongous regions: 5->5
[2023-11-10T12:11:13.630-0800][77877262ms] GC(26133) Metaspace: 305043K->305043K(1349632K)
[2023-11-10T12:11:13.630-0800][77877262ms] GC(26133) Pause Young (Normal) (G1 Evacuation Pause) 3235M->2935M(3602M) 5.128ms
[2023-11-10T12:11:13.630-0800][77877262ms] GC(26133) User=0.00s Sys=0.00s Real=0.01s
[2023-11-10T12:11:13.901-0800][77877533ms] GC(26134) Pause Young (Normal) (G1 Evacuation Pause)
[2023-11-10T12:11:13.901-0800][77877533ms] GC(26134) Using 10 workers of 10 for evacuation
[2023-11-10T12:11:13.905-0800][77877537ms] GC(26134)   Pre Evacuate Collection Set: 0.0ms
[2023-11-10T12:11:13.905-0800][77877537ms] GC(26134)   Evacuate Collection Set: 1.6ms
[2023-11-10T12:11:13.905-0800][77877537ms] GC(26134)   Post Evacuate Collection Set: 3.3ms
[2023-11-10T12:11:13.905-0800][77877537ms] GC(26134)   Other: 0.2ms
[2023-11-10T12:11:13.905-0800][77877537ms] GC(26134) Eden regions: 150->0(150)
[2023-11-10T12:11:13.905-0800][77877537ms] GC(26134) Survivor regions: 1->1(19)
[2023-11-10T12:11:13.905-0800][77877537ms] GC(26134) Old regions: 1463->1463
[2023-11-10T12:11:13.905-0800][77877537ms] GC(26134) Humongous regions: 5->5
[2023-11-10T12:11:13.905-0800][77877537ms] GC(26134) Metaspace: 305043K->305043K(1349632K)
[2023-11-10T12:11:13.905-0800][77877537ms] GC(26134) Pause Young (Normal) (G1 Evacuation Pause) 3235M->2935M(3602M) 5.333ms
[2023-11-10T12:11:13.905-0800][77877537ms] GC(26134) User=0.00s Sys=0.00s Real=0.00s
[2023-11-10T12:11:14.188-0800][77877820ms] GC(26135) Pause Young (Normal) (G1 Evacuation Pause)
[2023-11-10T12:11:14.189-0800][77877821ms] GC(26135) Using 10 workers of 10 for evacuation
[2023-11-10T12:11:14.195-0800][77877827ms] GC(26135)   Pre Evacuate Collection Set: 0.1ms
[2023-11-10T12:11:14.195-0800][77877827ms] GC(26135)   Evacuate Collection Set: 1.9ms
[2023-11-10T12:11:14.195-0800][77877827ms] GC(26135)   Post Evacuate Collection Set: 4.1ms
[2023-11-10T12:11:14.195-0800][77877827ms] GC(26135)   Other: 0.4ms
[2023-11-10T12:11:14.195-0800][77877827ms] GC(26135) Eden regions: 150->0(150)
[2023-11-10T12:11:14.195-0800][77877827ms] GC(26135) Survivor regions: 1->1(19)
[2023-11-10T12:11:14.195-0800][77877827ms] GC(26135) Old regions: 1463->1463
[2023-11-10T12:11:14.195-0800][77877827ms] GC(26135) Humongous regions: 5->5
[2023-11-10T12:11:14.195-0800][77877827ms] GC(26135) Metaspace: 305043K->305043K(1349632K)
[2023-11-10T12:11:14.195-0800][77877827ms] GC(26135) Pause Young (Normal) (G1 Evacuation Pause) 3235M->2935M(3602M) 6.584ms
[2023-11-10T12:11:14.195-0800][77877827ms] GC(26135) User=0.00s Sys=0.00s Real=0.01s
[2023-11-10T12:11:14.526-0800][77878158ms] GC(26136) Pause Young (Normal) (G1 Evacuation Pause)
[2023-11-10T12:11:14.526-0800][77878158ms] GC(26136) Using 10 workers of 10 for evacuation
[2023-11-10T12:11:14.532-0800][77878164ms] GC(26136)   Pre Evacuate Collection Set: 0.0ms
[2023-11-10T12:11:14.532-0800][77878164ms] GC(26136)   Evacuate Collection Set: 2.0ms
[2023-11-10T12:11:14.532-0800][77878164ms] GC(26136)   Post Evacuate Collection Set: 3.9ms
[2023-11-10T12:11:14.532-0800][77878164ms] GC(26136)   Other: 0.3ms
[2023-11-10T12:11:14.532-0800][77878164ms] GC(26136) Eden regions: 150->0(150)
[2023-11-10T12:11:14.532-0800][77878165ms] GC(26136) Survivor regions: 1->1(19)
[2023-11-10T12:11:14.533-0800][77878165ms] GC(26136) Old regions: 1463->1463
[2023-11-10T12:11:14.533-0800][77878165ms] GC(26136) Humongous regions: 5->5
[2023-11-10T12:11:14.533-0800][77878165ms] GC(26136) Metaspace: 305043K->305043K(1349632K)
[2023-11-10T12:11:14.533-0800][77878165ms] GC(26136) Pause Young (Normal) (G1 Evacuation Pause) 3235M->2935M(3602M) 6.336ms
[2023-11-10T12:11:14.533-0800][77878165ms] GC(26136) User=0.00s Sys=0.00s Real=0.01s
[2023-11-10T12:11:14.886-0800][77878518ms] GC(26137) Pause Young (Normal) (G1 Evacuation Pause)
[2023-11-10T12:11:14.886-0800][77878518ms] GC(26137) Using 10 workers of 10 for evacuation
[2023-11-10T12:11:14.892-0800][77878524ms] GC(26137)   Pre Evacuate Collection Set: 0.2ms
[2023-11-10T12:11:14.892-0800][77878524ms] GC(26137)   Evacuate Collection Set: 1.8ms
[2023-11-10T12:11:14.892-0800][77878524ms] GC(26137)   Post Evacuate Collection Set: 3.4ms
[2023-11-10T12:11:14.892-0800][77878524ms] GC(26137)   Other: 0.3ms
[2023-11-10T12:11:14.892-0800][77878524ms] GC(26137) Eden regions: 150->0(150)
[2023-11-10T12:11:14.892-0800][77878524ms] GC(26137) Survivor regions: 1->1(19)
[2023-11-10T12:11:14.892-0800][77878524ms] GC(26137) Old regions: 1463->1463
[2023-11-10T12:11:14.892-0800][77878524ms] GC(26137) Humongous regions: 5->5
[2023-11-10T12:11:14.892-0800][77878524ms] GC(26137) Metaspace: 305043K->305043K(1349632K)
[2023-11-10T12:11:14.892-0800][77878524ms] GC(26137) Pause Young (Normal) (G1 Evacuation Pause) 3235M->2935M(3602M) 5.737ms
[2023-11-10T12:11:14.892-0800][77878524ms] GC(26137) User=0.00s Sys=0.00s Real=0.01s
[2023-11-10T12:11:15.277-0800][77878911ms] GC(26138) Pause Young (Normal) (G1 Evacuation Pause)
[2023-11-10T12:11:15.279-0800][77878911ms] GC(26138) Using 10 workers of 10 for evacuation
[2023-11-10T12:11:15.284-0800][77878916ms] GC(26138)   Pre Evacuate Collection Set: 0.0ms
[2023-11-10T12:11:15.284-0800][77878916ms] GC(26138)   Evacuate Collection Set: 1.6ms
[2023-11-10T12:11:15.284-0800][77878916ms] GC(26138)   Post Evacuate Collection Set: 3.4ms
[2023-11-10T12:11:15.284-0800][77878916ms] GC(26138)   Other: 0.3ms
[2023-11-10T12:11:15.284-0800][77878916ms] GC(26138) Eden regions: 150->0(150)
[2023-11-10T12:11:15.284-0800][77878916ms] GC(26138) Survivor regions: 1->1(19)
[2023-11-10T12:11:15.284-0800][77878916ms] GC(26138) Old regions: 1463->1463
[2023-11-10T12:11:15.284-0800][77878916ms] GC(26138) Humongous regions: 5->5
[2023-11-10T12:11:15.284-0800][77878916ms] GC(26138) Metaspace: 305043K->305043K(1349632K)
[2023-11-10T12:11:15.284-0800][77878916ms] GC(26138) Pause Young (Normal) (G1 Evacuation Pause) 3235M->2935M(3602M) 5.382ms
[2023-11-10T12:11:15.284-0800][77878916ms] GC(26138) User=0.00s Sys=0.00s Real=0.01s
[2023-11-10T12:11:15.560-0800][77879192ms] GC(26139) Pause Young (Normal) (G1 Evacuation Pause)
[2023-11-10T12:11:15.560-0800][77879192ms] GC(26139) Using 10 workers of 10 for evacuation
[2023-11-10T12:11:15.565-0800][77879197ms] GC(26139)   Pre Evacuate Collection Set: 0.0ms
[2023-11-10T12:11:15.565-0800][77879197ms] GC(26139)   Evacuate Collection Set: 1.7ms
[2023-11-10T12:11:15.565-0800][77879197ms] GC(26139)   Post Evacuate Collection Set: 3.3ms
[2023-11-10T12:11:15.565-0800][77879197ms] GC(26139)   Other: 0.2ms
[2023-11-10T12:11:15.565-0800][77879197ms] GC(26139) Eden regions: 150->0(150)
[2023-11-10T12:11:15.565-0800][77879197ms] GC(26139) Survivor regions: 1->1(19)
[2023-11-10T12:11:15.565-0800][77879197ms] GC(26139) Old regions: 1463->1463
[2023-11-10T12:11:15.565-0800][77879197ms] GC(26139) Humongous regions: 5->5
[2023-11-10T12:11:15.565-0800][77879197ms] GC(26139) Metaspace: 305043K->305043K(1349632K)
[2023-11-10T12:11:15.565-0800][77879197ms] GC(26139) Pause Young (Normal) (G1 Evacuation Pause) 3235M->2935M(3602M) 5.446ms
[2023-11-10T12:11:15.565-0800][77879197ms] GC(26139) User=0.00s Sys=0.00s Real=0.01s
[2023-11-10T12:11:15.840-0800][77879472ms] GC(26140) Pause Young (Normal) (G1 Evacuation Pause)
[2023-11-10T12:11:15.840-0800][77879472ms] GC(26140) Using 10 workers of 10 for evacuation
[2023-11-10T12:11:15.845-0800][77879477ms] GC(26140)   Pre Evacuate Collection Set: 0.0ms
[2023-11-10T12:11:15.845-0800][77879477ms] GC(26140)   Evacuate Collection Set: 1.6ms
[2023-11-10T12:11:15.845-0800][77879477ms] GC(26140)   Post Evacuate Collection Set: 3.0ms
[2023-11-10T12:11:15.845-0800][77879477ms] GC(26140)   Other: 0.3ms
[2023-11-10T12:11:15.845-0800][77879477ms] GC(26140) Eden regions: 150->0(150)
[2023-11-10T12:11:15.845-0800][77879477ms] GC(26140) Survivor regions: 1->1(19)
[2023-11-10T12:11:15.845-0800][77879477ms] GC(26140) Old regions: 1463->1463
[2023-11-10T12:11:15.845-0800][77879477ms] GC(26140) Humongous regions: 5->5
[2023-11-10T12:11:15.845-0800][77879477ms] GC(26140) Metaspace: 305043K->305043K(1349632K)
[2023-11-10T12:11:15.845-0800][77879477ms] GC(26140) Pause Young (Normal) (G1 Evacuation Pause) 3235M->2935M(3602M) 5.078ms
[2023-11-10T12:11:15.845-0800][77879477ms] GC(26140) User=0.00s Sys=0.00s Real=0.01s
[2023-11-10T12:11:16.130-0800][77879762ms] GC(26141) Pause Young (Normal) (G1 Evacuation Pause)
[2023-11-10T12:11:16.130-0800][77879762ms] GC(26141) Using 10 workers of 10 for evacuation
[2023-11-10T12:11:16.135-0800][77879767ms] GC(26141)   Pre Evacuate Collection Set: 0.0ms
[2023-11-10T12:11:16.135-0800][77879767ms] GC(26141)   Evacuate Collection Set: 1.6ms
[2023-11-10T12:11:16.135-0800][77879767ms] GC(26141)   Post Evacuate Collection Set: 3.0ms
[2023-11-10T12:11:16.135-0800][77879767ms] GC(26141)   Other: 0.2ms
[2023-11-10T12:11:16.135-0800][77879767ms] GC(26141) Eden regions: 150->0(150)
[2023-11-10T12:11:16.135-0800][77879767ms] GC(26141) Survivor regions: 1->1(19)
[2023-11-10T12:11:16.135-0800][77879767ms] GC(26141) Old regions: 1463->1463
[2023-11-10T12:11:16.135-0800][77879767ms] GC(26141) Humongous regions: 5->5
[2023-11-10T12:11:16.135-0800][77879767ms] GC(26141) Metaspace: 305043K->305043K(1349632K)
[2023-11-10T12:11:16.135-0800][77879767ms] GC(26141) Pause Young (Normal) (G1 Evacuation Pause) 3235M->2935M(3602M) 4.992ms
[2023-11-10T12:11:16.135-0800][77879767ms] GC(26141) User=0.02s Sys=0.00s Real=0.00s
[2023-11-10T12:11:16.448-0800][77880080ms] GC(26142) Pause Young (Normal) (G1 Evacuation Pause)
[2023-11-10T12:11:16.448-0800][77880080ms] GC(26142) Using 10 workers of 10 for evacuation
[2023-11-10T12:11:16.452-0800][77880084ms] GC(26142)   Pre Evacuate Collection Set: 0.0ms
[2023-11-10T12:11:16.452-0800][77880084ms] GC(26142)   Evacuate Collection Set: 1.6ms
[2023-11-10T12:11:16.452-0800][77880084ms] GC(26142)   Post Evacuate Collection Set: 3.0ms
[2023-11-10T12:11:16.452-0800][77880084ms] GC(26142)   Other: 0.3ms
[2023-11-10T12:11:16.452-0800][77880084ms] GC(26142) Eden regions: 150->0(150)
[2023-11-10T12:11:16.452-0800][77880084ms] GC(26142) Survivor regions: 1->1(19)
[2023-11-10T12:11:16.452-0800][77880084ms] GC(26142) Old regions: 1463->1463
[2023-11-10T12:11:16.452-0800][77880084ms] GC(26142) Humongous regions: 5->5
[2023-11-10T12:11:16.452-0800][77880084ms] GC(26142) Metaspace: 305043K->305043K(1349632K)
[2023-11-10T12:11:16.452-0800][77880084ms] GC(26142) Pause Young (Normal) (G1 Evacuation Pause) 3235M->2935M(3602M) 5.069ms
[2023-11-10T12:11:16.452-0800][77880084ms] GC(26142) User=0.00s Sys=0.00s Real=0.00s
[2023-11-10T12:11:16.712-0800][77880344ms] GC(26143) Pause Young (Normal) (G1 Evacuation Pause)
[2023-11-10T12:11:16.712-0800][77880344ms] GC(26143) Using 10 workers of 10 for evacuation
[2023-11-10T12:11:16.717-0800][77880349ms] GC(26143)   Pre Evacuate Collection Set: 0.0ms
[2023-11-10T12:11:16.717-0800][77880349ms] GC(26143)   Evacuate Collection Set: 1.8ms
[2023-11-10T12:11:16.717-0800][77880349ms] GC(26143)   Post Evacuate Collection Set: 3.0ms
[2023-11-10T12:11:16.717-0800][77880349ms] GC(26143)   Other: 0.3ms
[2023-11-10T12:11:16.717-0800][77880349ms] GC(26143) Eden regions: 150->0(150)
[2023-11-10T12:11:16.717-0800][77880349ms] GC(26143) Survivor regions: 1->1(19)
[2023-11-10T12:11:16.717-0800][77880349ms] GC(26143) Old regions: 1463->1463
[2023-11-10T12:11:16.717-0800][77880349ms] GC(26143) Humongous regions: 5->5
[2023-11-10T12:11:16.717-0800][77880349ms] GC(26143) Metaspace: 305043K->305043K(1349632K)
[2023-11-10T12:11:16.717-0800][77880349ms] GC(26143) Pause Young (Normal) (G1 Evacuation Pause) 3235M->2936M(3602M) 5.137ms
[2023-11-10T12:11:16.717-0800][77880349ms] GC(26143) User=0.00s Sys=0.00s Real=0.01s
[2023-11-10T12:11:17.002-0800][77880634ms] GC(26144) Pause Young (Normal) (G1 Evacuation Pause)
[2023-11-10T12:11:17.002-0800][77880634ms] GC(26144) Using 10 workers of 10 for evacuation
[2023-11-10T12:11:17.007-0800][77880639ms] GC(26144)   Pre Evacuate Collection Set: 0.0ms
[2023-11-10T12:11:17.007-0800][77880639ms] GC(26144)   Evacuate Collection Set: 1.6ms
[2023-11-10T12:11:17.007-0800][77880639ms] GC(26144)   Post Evacuate Collection Set: 3.1ms
[2023-11-10T12:11:17.007-0800][77880639ms] GC(26144)   Other: 0.3ms
[2023-11-10T12:11:17.007-0800][77880639ms] GC(26144) Eden regions: 150->0(150)
[2023-11-10T12:11:17.007-0800][77880639ms] GC(26144) Survivor regions: 1->1(19)
[2023-11-10T12:11:17.007-0800][77880639ms] GC(26144) Old regions: 1463->1463
[2023-11-10T12:11:17.007-0800][77880639ms] GC(26144) Humongous regions: 5->5
[2023-11-10T12:11:17.007-0800][77880639ms] GC(26144) Metaspace: 305043K->305043K(1349632K)
[2023-11-10T12:11:17.007-0800][77880639ms] GC(26144) Pause Young (Normal) (G1 Evacuation Pause) 3236M->2935M(3602M) 5.158ms
[2023-11-10T12:11:17.007-0800][77880639ms] GC(26144) User=0.00s Sys=0.00s Real=0.00s
[2023-11-10T12:11:17.283-0800][77880915ms] GC(26145) Pause Young (Normal) (G1 Evacuation Pause)
[2023-11-10T12:11:17.283-0800][77880915ms] GC(26145) Using 10 workers of 10 for evacuation
[2023-11-10T12:11:17.289-0800][77880921ms] GC(26145)   Pre Evacuate Collection Set: 0.0ms
[2023-11-10T12:11:17.289-0800][77880921ms] GC(26145)   Evacuate Collection Set: 1.6ms
[2023-11-10T12:11:17.289-0800][77880921ms] GC(26145)   Post Evacuate Collection Set: 3.1ms
[2023-11-10T12:11:17.289-0800][77880921ms] GC(26145)   Other: 0.3ms
[2023-11-10T12:11:17.289-0800][77880921ms] GC(26145) Eden regions: 150->0(150)
[2023-11-10T12:11:17.289-0800][77880921ms] GC(26145) Survivor regions: 1->1(19)
[2023-11-10T12:11:17.289-0800][77880921ms] GC(26145) Old regions: 1463->1463
[2023-11-10T12:11:17.289-0800][77880921ms] GC(26145) Humongous regions: 5->5
[2023-11-10T12:11:17.289-0800][77880921ms] GC(26145) Metaspace: 305043K->305043K(1349632K)
[2023-11-10T12:11:17.289-0800][77880921ms] GC(26145) Pause Young (Normal) (G1 Evacuation Pause) 3235M->2935M(3602M) 5.121ms
[2023-11-10T12:11:17.289-0800][77880921ms] GC(26145) User=0.02s Sys=0.00s Real=0.01s
[2023-11-10T12:11:17.555-0800][77881187ms] GC(26146) Pause Young (Normal) (G1 Evacuation Pause)
[2023-11-10T12:11:17.555-0800][77881187ms] GC(26146) Using 10 workers of 10 for evacuation
[2023-11-10T12:11:17.560-0800][77881192ms] GC(26146)   Pre Evacuate Collection Set: 0.0ms
[2023-11-10T12:11:17.560-0800][77881192ms] GC(26146)   Evacuate Collection Set: 1.7ms
[2023-11-10T12:11:17.560-0800][77881192ms] GC(26146)   Post Evacuate Collection Set: 3.4ms
[2023-11-10T12:11:17.561-0800][77881193ms] GC(26146)   Other: 0.3ms
[2023-11-10T12:11:17.561-0800][77881193ms] GC(26146) Eden regions: 150->0(150)
[2023-11-10T12:11:17.561-0800][77881193ms] GC(26146) Survivor regions: 1->1(19)
[2023-11-10T12:11:17.561-0800][77881193ms] GC(26146) Old regions: 1463->1463
[2023-11-10T12:11:17.561-0800][77881193ms] GC(26146) Humongous regions: 5->5
[2023-11-10T12:11:17.561-0800][77881193ms] GC(26146) Metaspace: 305043K->305043K(1349632K)
[2023-11-10T12:11:17.561-0800][77881193ms] GC(26146) Pause Young (Normal) (G1 Evacuation Pause) 3235M->2935M(3602M) 5.572ms
[2023-11-10T12:11:17.561-0800][77881193ms] GC(26146) User=0.00s Sys=0.00s Real=0.01s
[2023-11-10T12:11:17.864-0800][77881496ms] GC(26147) Pause Young (Normal) (G1 Evacuation Pause)
[2023-11-10T12:11:17.864-0800][77881496ms] GC(26147) Using 10 workers of 10 for evacuation
[2023-11-10T12:11:17.869-0800][77881501ms] GC(26147)   Pre Evacuate Collection Set: 0.0ms
[2023-11-10T12:11:17.869-0800][77881501ms] GC(26147)   Evacuate Collection Set: 1.7ms
[2023-11-10T12:11:17.869-0800][77881501ms] GC(26147)   Post Evacuate Collection Set: 3.0ms
[2023-11-10T12:11:17.869-0800][77881501ms] GC(26147)   Other: 0.2ms
[2023-11-10T12:11:17.869-0800][77881501ms] GC(26147) Eden regions: 150->0(150)
[2023-11-10T12:11:17.869-0800][77881501ms] GC(26147) Survivor regions: 1->1(19)
[2023-11-10T12:11:17.869-0800][77881501ms] GC(26147) Old regions: 1463->1463
[2023-11-10T12:11:17.869-0800][77881501ms] GC(26147) Humongous regions: 5->5
[2023-11-10T12:11:17.869-0800][77881501ms] GC(26147) Metaspace: 305043K->305043K(1349632K)
[2023-11-10T12:11:17.869-0800][77881501ms] GC(26147) Pause Young (Normal) (G1 Evacuation Pause) 3235M->2935M(3602M) 5.131ms
[2023-11-10T12:11:17.869-0800][77881501ms] GC(26147) User=0.02s Sys=0.00s Real=0.00s
[2023-11-10T12:11:18.173-0800][77881805ms] GC(26148) Pause Young (Normal) (G1 Evacuation Pause)
[2023-11-10T12:11:18.173-0800][77881805ms] GC(26148) Using 10 workers of 10 for evacuation
[2023-11-10T12:11:18.179-0800][77881811ms] GC(26148)   Pre Evacuate Collection Set: 0.0ms
[2023-11-10T12:11:18.179-0800][77881811ms] GC(26148)   Evacuate Collection Set: 2.1ms
[2023-11-10T12:11:18.179-0800][77881811ms] GC(26148)   Post Evacuate Collection Set: 3.6ms
[2023-11-10T12:11:18.179-0800][77881811ms] GC(26148)   Other: 0.3ms
[2023-11-10T12:11:18.179-0800][77881811ms] GC(26148) Eden regions: 150->0(150)
[2023-11-10T12:11:18.179-0800][77881811ms] GC(26148) Survivor regions: 1->1(19)
[2023-11-10T12:11:18.179-0800][77881811ms] GC(26148) Old regions: 1463->1463
[2023-11-10T12:11:18.179-0800][77881811ms] GC(26148) Humongous regions: 5->5
[2023-11-10T12:11:18.179-0800][77881811ms] GC(26148) Metaspace: 305043K->305043K(1349632K)
[2023-11-10T12:11:18.179-0800][77881811ms] GC(26148) Pause Young (Normal) (G1 Evacuation Pause) 3235M->2935M(3602M) 6.079ms
[2023-11-10T12:11:18.179-0800][77881811ms] GC(26148) User=0.00s Sys=0.00s Real=0.01s
[2023-11-10T12:11:18.496-0800][77882128ms] GC(26149) Pause Young (Normal) (G1 Evacuation Pause)
[2023-11-10T12:11:18.496-0800][77882128ms] GC(26149) Using 10 workers of 10 for evacuation
[2023-11-10T12:11:18.501-0800][77882133ms] GC(26149)   Pre Evacuate Collection Set: 0.0ms
[2023-11-10T12:11:18.501-0800][77882133ms] GC(26149)   Evacuate Collection Set: 1.7ms
[2023-11-10T12:11:18.501-0800][77882133ms] GC(26149)   Post Evacuate Collection Set: 3.2ms
[2023-11-10T12:11:18.501-0800][77882133ms] GC(26149)   Other: 0.2ms
[2023-11-10T12:11:18.501-0800][77882133ms] GC(26149) Eden regions: 150->0(150)
[2023-11-10T12:11:18.501-0800][77882133ms] GC(26149) Survivor regions: 1->1(19)
[2023-11-10T12:11:18.501-0800][77882133ms] GC(26149) Old regions: 1463->1463
[2023-11-10T12:11:18.501-0800][77882133ms] GC(26149) Humongous regions: 5->5
[2023-11-10T12:11:18.501-0800][77882133ms] GC(26149) Metaspace: 305043K->305043K(1349632K)
[2023-11-10T12:11:18.501-0800][77882133ms] GC(26149) Pause Young (Normal) (G1 Evacuation Pause) 3235M->2935M(3602M) 5.263ms
[2023-11-10T12:11:18.501-0800][77882133ms] GC(26149) User=0.00s Sys=0.00s Real=0.00s
[2023-11-10T12:11:18.772-0800][77882404ms] GC(26150) Pause Young (Normal) (G1 Evacuation Pause)
[2023-11-10T12:11:18.772-0800][77882404ms] GC(26150) Using 10 workers of 10 for evacuation
[2023-11-10T12:11:18.777-0800][77882409ms] GC(26150)   Pre Evacuate Collection Set: 0.0ms
[2023-11-10T12:11:18.777-0800][77882409ms] GC(26150)   Evacuate Collection Set: 1.7ms
[2023-11-10T12:11:18.777-0800][77882409ms] GC(26150)   Post Evacuate Collection Set: 3.6ms
[2023-11-10T12:11:18.777-0800][77882409ms] GC(26150)   Other: 0.4ms
[2023-11-10T12:11:18.777-0800][77882409ms] GC(26150) Eden regions: 150->0(150)
[2023-11-10T12:11:18.777-0800][77882409ms] GC(26150) Survivor regions: 1->1(19)
[2023-11-10T12:11:18.777-0800][77882409ms] GC(26150) Old regions: 1463->1463
[2023-11-10T12:11:18.777-0800][77882409ms] GC(26150) Humongous regions: 5->5
[2023-11-10T12:11:18.777-0800][77882409ms] GC(26150) Metaspace: 305043K->305043K(1349632K)
[2023-11-10T12:11:18.777-0800][77882409ms] GC(26150) Pause Young (Normal) (G1 Evacuation Pause) 3235M->2935M(3602M) 5.641ms
[2023-11-10T12:11:18.777-0800][77882409ms] GC(26150) User=0.03s Sys=0.00s Real=0.00s
[2023-11-10T12:11:19.061-0800][77882693ms] GC(26151) Pause Young (Normal) (G1 Evacuation Pause)
[2023-11-10T12:11:19.061-0800][77882693ms] GC(26151) Using 10 workers of 10 for evacuation
[2023-11-10T12:11:19.065-0800][77882697ms] GC(26151)   Pre Evacuate Collection Set: 0.0ms
[2023-11-10T12:11:19.065-0800][77882697ms] GC(26151)   Evacuate Collection Set: 1.6ms
[2023-11-10T12:11:19.065-0800][77882697ms] GC(26151)   Post Evacuate Collection Set: 3.0ms
[2023-11-10T12:11:19.065-0800][77882697ms] GC(26151)   Other: 0.2ms
[2023-11-10T12:11:19.065-0800][77882697ms] GC(26151) Eden regions: 150->0(150)
[2023-11-10T12:11:19.065-0800][77882697ms] GC(26151) Survivor regions: 1->1(19)
[2023-11-10T12:11:19.065-0800][77882697ms] GC(26151) Old regions: 1463->1463
[2023-11-10T12:11:19.065-0800][77882697ms] GC(26151) Humongous regions: 5->5
[2023-11-10T12:11:19.065-0800][77882697ms] GC(26151) Metaspace: 305043K->305043K(1349632K)
[2023-11-10T12:11:19.065-0800][77882697ms] GC(26151) Pause Young (Normal) (G1 Evacuation Pause) 3235M->2935M(3602M) 4.968ms
[2023-11-10T12:11:19.065-0800][77882697ms] GC(26151) User=0.00s Sys=0.00s Real=0.00s
[2023-11-10T12:11:19.330-0800][77882962ms] GC(26152) Pause Young (Normal) (G1 Evacuation Pause)
[2023-11-10T12:11:19.330-0800][77882962ms] GC(26152) Using 10 workers of 10 for evacuation
[2023-11-10T12:11:19.336-0800][77882968ms] GC(26152)   Pre Evacuate Collection Set: 0.0ms
[2023-11-10T12:11:19.336-0800][77882968ms] GC(26152)   Evacuate Collection Set: 1.7ms
[2023-11-10T12:11:19.336-0800][77882968ms] GC(26152)   Post Evacuate Collection Set: 3.6ms
[2023-11-10T12:11:19.336-0800][77882968ms] GC(26152)   Other: 0.3ms
[2023-11-10T12:11:19.336-0800][77882968ms] GC(26152) Eden regions: 150->0(150)
[2023-11-10T12:11:19.336-0800][77882968ms] GC(26152) Survivor regions: 1->1(19)
[2023-11-10T12:11:19.336-0800][77882968ms] GC(26152) Old regions: 1463->1463
[2023-11-10T12:11:19.336-0800][77882968ms] GC(26152) Humongous regions: 5->5
[2023-11-10T12:11:19.336-0800][77882968ms] GC(26152) Metaspace: 305043K->305043K(1349632K)
[2023-11-10T12:11:19.336-0800][77882968ms] GC(26152) Pause Young (Normal) (G1 Evacuation Pause) 3235M->2935M(3602M) 5.638ms
[2023-11-10T12:11:19.336-0800][77882968ms] GC(26152) User=0.00s Sys=0.00s Real=0.01s
[2023-11-10T12:11:19.625-0800][77883257ms] GC(26153) Pause Young (Normal) (G1 Evacuation Pause)
[2023-11-10T12:11:19.625-0800][77883257ms] GC(26153) Using 10 workers of 10 for evacuation
[2023-11-10T12:11:19.630-0800][77883262ms] GC(26153)   Pre Evacuate Collection Set: 0.0ms
[2023-11-10T12:11:19.630-0800][77883262ms] GC(26153)   Evacuate Collection Set: 1.7ms
[2023-11-10T12:11:19.630-0800][77883262ms] GC(26153)   Post Evacuate Collection Set: 3.0ms
[2023-11-10T12:11:19.630-0800][77883262ms] GC(26153)   Other: 0.2ms
[2023-11-10T12:11:19.630-0800][77883262ms] GC(26153) Eden regions: 150->0(150)
[2023-11-10T12:11:19.630-0800][77883262ms] GC(26153) Survivor regions: 1->1(19)
[2023-11-10T12:11:19.630-0800][77883262ms] GC(26153) Old regions: 1463->1463
[2023-11-10T12:11:19.630-0800][77883262ms] GC(26153) Humongous regions: 5->5
[2023-11-10T12:11:19.630-0800][77883262ms] GC(26153) Metaspace: 305043K->305043K(1349632K)
[2023-11-10T12:11:19.630-0800][77883262ms] GC(26153) Pause Young (Normal) (G1 Evacuation Pause) 3235M->2935M(3602M) 5.086ms
[2023-11-10T12:11:19.630-0800][77883262ms] GC(26153) User=0.00s Sys=0.00s Real=0.01s
[2023-11-10T12:11:19.948-0800][77883580ms] GC(26154) Pause Young (Normal) (G1 Evacuation Pause)
[2023-11-10T12:11:19.948-0800][77883580ms] GC(26154) Using 10 workers of 10 for evacuation
[2023-11-10T12:11:19.954-0800][77883586ms] GC(26154)   Pre Evacuate Collection Set: 0.1ms
[2023-11-10T12:11:19.954-0800][77883586ms] GC(26154)   Evacuate Collection Set: 1.8ms
[2023-11-10T12:11:19.954-0800][77883586ms] GC(26154)   Post Evacuate Collection Set: 4.0ms
[2023-11-10T12:11:19.954-0800][77883586ms] GC(26154)   Other: 0.3ms
[2023-11-10T12:11:19.954-0800][77883586ms] GC(26154) Eden regions: 150->0(150)
[2023-11-10T12:11:19.954-0800][77883586ms] GC(26154) Survivor regions: 1->1(19)
[2023-11-10T12:11:19.954-0800][77883586ms] GC(26154) Old regions: 1463->1463
[2023-11-10T12:11:19.954-0800][77883586ms] GC(26154) Humongous regions: 5->5
[2023-11-10T12:11:19.954-0800][77883586ms] GC(26154) Metaspace: 305043K->305043K(1349632K)
[2023-11-10T12:11:19.954-0800][77883586ms] GC(26154) Pause Young (Normal) (G1 Evacuation Pause) 3235M->2935M(3602M) 6.348ms
[2023-11-10T12:11:19.954-0800][77883586ms] GC(26154) User=0.00s Sys=0.00s Real=0.01s
[2023-11-10T12:11:20.249-0800][77883881ms] GC(26155) Pause Young (Normal) (G1 Evacuation Pause)
[2023-11-10T12:11:20.249-0800][77883881ms] GC(26155) Using 10 workers of 10 for evacuation
[2023-11-10T12:11:20.255-0800][77883887ms] GC(26155)   Pre Evacuate Collection Set: 0.0ms
[2023-11-10T12:11:20.255-0800][77883887ms] GC(26155)   Evacuate Collection Set: 1.7ms
[2023-11-10T12:11:20.255-0800][77883887ms] GC(26155)   Post Evacuate Collection Set: 3.3ms
[2023-11-10T12:11:20.255-0800][77883887ms] GC(26155)   Other: 0.3ms
[2023-11-10T12:11:20.255-0800][77883887ms] GC(26155) Eden regions: 150->0(150)
[2023-11-10T12:11:20.255-0800][77883887ms] GC(26155) Survivor regions: 1->1(19)
[2023-11-10T12:11:20.255-0800][77883887ms] GC(26155) Old regions: 1463->1463
[2023-11-10T12:11:20.255-0800][77883887ms] GC(26155) Humongous regions: 5->5
[2023-11-10T12:11:20.255-0800][77883887ms] GC(26155) Metaspace: 305043K->305043K(1349632K)
[2023-11-10T12:11:20.255-0800][77883887ms] GC(26155) Pause Young (Normal) (G1 Evacuation Pause) 3235M->2935M(3602M) 5.403ms
[2023-11-10T12:11:20.255-0800][77883887ms] GC(26155) User=0.00s Sys=0.00s Real=0.01s
[2023-11-10T12:11:20.532-0800][77884164ms] GC(26156) Pause Young (Normal) (G1 Evacuation Pause)
[2023-11-10T12:11:20.532-0800][77884164ms] GC(26156) Using 10 workers of 10 for evacuation
[2023-11-10T12:11:20.538-0800][77884170ms] GC(26156)   Pre Evacuate Collection Set: 0.0ms
[2023-11-10T12:11:20.538-0800][77884170ms] GC(26156)   Evacuate Collection Set: 1.7ms
[2023-11-10T12:11:20.538-0800][77884170ms] GC(26156)   Post Evacuate Collection Set: 3.2ms
[2023-11-10T12:11:20.538-0800][77884170ms] GC(26156)   Other: 0.3ms
[2023-11-10T12:11:20.538-0800][77884170ms] GC(26156) Eden regions: 150->0(150)
[2023-11-10T12:11:20.538-0800][77884170ms] GC(26156) Survivor regions: 1->1(19)
[2023-11-10T12:11:20.538-0800][77884170ms] GC(26156) Old regions: 1463->1463
[2023-11-10T12:11:20.538-0800][77884170ms] GC(26156) Humongous regions: 5->5
[2023-11-10T12:11:20.538-0800][77884170ms] GC(26156) Metaspace: 305043K->305043K(1349632K)
[2023-11-10T12:11:20.538-0800][77884170ms] GC(26156) Pause Young (Normal) (G1 Evacuation Pause) 3235M->2935M(3602M) 5.444ms
[2023-11-10T12:11:20.538-0800][77884170ms] GC(26156) User=0.00s Sys=0.00s Real=0.01s
[2023-11-10T12:11:20.881-0800][77884513ms] GC(26157) Pause Young (Normal) (G1 Evacuation Pause)
[2023-11-10T12:11:20.881-0800][77884513ms] GC(26157) Using 10 workers of 10 for evacuation
[2023-11-10T12:11:20.886-0800][77884518ms] GC(26157)   Pre Evacuate Collection Set: 0.0ms
[2023-11-10T12:11:20.886-0800][77884518ms] GC(26157)   Evacuate Collection Set: 1.6ms
[2023-11-10T12:11:20.886-0800][77884518ms] GC(26157)   Post Evacuate Collection Set: 2.9ms
[2023-11-10T12:11:20.886-0800][77884518ms] GC(26157)   Other: 0.2ms
[2023-11-10T12:11:20.886-0800][77884518ms] GC(26157) Eden regions: 150->0(150)
[2023-11-10T12:11:20.886-0800][77884518ms] GC(26157) Survivor regions: 1->1(19)
[2023-11-10T12:11:20.886-0800][77884518ms] GC(26157) Old regions: 1463->1463
[2023-11-10T12:11:20.886-0800][77884518ms] GC(26157) Humongous regions: 5->5
[2023-11-10T12:11:20.886-0800][77884518ms] GC(26157) Metaspace: 305043K->305043K(1349632K)
[2023-11-10T12:11:20.886-0800][77884518ms] GC(26157) Pause Young (Normal) (G1 Evacuation Pause) 3235M->2935M(3602M) 4.835ms
[2023-11-10T12:11:20.886-0800][77884518ms] GC(26157) User=0.11s Sys=0.00s Real=0.00s
[2023-11-10T12:11:21.159-0800][77884791ms] GC(26158) Pause Young (Normal) (G1 Evacuation Pause)
[2023-11-10T12:11:21.159-0800][77884791ms] GC(26158) Using 10 workers of 10 for evacuation
[2023-11-10T12:11:21.165-0800][77884797ms] GC(26158)   Pre Evacuate Collection Set: 0.0ms
[2023-11-10T12:11:21.165-0800][77884797ms] GC(26158)   Evacuate Collection Set: 1.7ms
[2023-11-10T12:11:21.165-0800][77884797ms] GC(26158)   Post Evacuate Collection Set: 3.0ms
[2023-11-10T12:11:21.165-0800][77884797ms] GC(26158)   Other: 0.2ms
[2023-11-10T12:11:21.165-0800][77884797ms] GC(26158) Eden regions: 150->0(150)
[2023-11-10T12:11:21.165-0800][77884797ms] GC(26158) Survivor regions: 1->1(19)
[2023-11-10T12:11:21.165-0800][77884797ms] GC(26158) Old regions: 1463->1463
[2023-11-10T12:11:21.165-0800][77884797ms] GC(26158) Humongous regions: 5->5
[2023-11-10T12:11:21.165-0800][77884797ms] GC(26158) Metaspace: 305043K->305043K(1349632K)
[2023-11-10T12:11:21.165-0800][77884797ms] GC(26158) Pause Young (Normal) (G1 Evacuation Pause) 3235M->2935M(3602M) 5.090ms
[2023-11-10T12:11:21.165-0800][77884797ms] GC(26158) User=0.02s Sys=0.00s Real=0.01s
[2023-11-10T12:11:21.444-0800][77885076ms] GC(26159) Pause Young (Normal) (G1 Evacuation Pause)
[2023-11-10T12:11:21.444-0800][77885076ms] GC(26159) Using 10 workers of 10 for evacuation
[2023-11-10T12:11:21.449-0800][77885081ms] GC(26159)   Pre Evacuate Collection Set: 0.0ms
[2023-11-10T12:11:21.449-0800][77885081ms] GC(26159)   Evacuate Collection Set: 1.6ms
[2023-11-10T12:11:21.449-0800][77885081ms] GC(26159)   Post Evacuate Collection Set: 3.1ms
[2023-11-10T12:11:21.449-0800][77885081ms] GC(26159)   Other: 0.2ms
[2023-11-10T12:11:21.449-0800][77885081ms] GC(26159) Eden regions: 150->0(150)
[2023-11-10T12:11:21.449-0800][77885081ms] GC(26159) Survivor regions: 1->1(19)
[2023-11-10T12:11:21.449-0800][77885081ms] GC(26159) Old regions: 1463->1463
[2023-11-10T12:11:21.449-0800][77885081ms] GC(26159) Humongous regions: 5->5
[2023-11-10T12:11:21.449-0800][77885081ms] GC(26159) Metaspace: 305043K->305043K(1349632K)
[2023-11-10T12:11:21.449-0800][77885081ms] GC(26159) Pause Young (Normal) (G1 Evacuation Pause) 3235M->2935M(3602M) 5.003ms
[2023-11-10T12:11:21.449-0800][77885081ms] GC(26159) User=0.06s Sys=0.00s Real=0.00s
[2023-11-10T12:11:21.727-0800][77885359ms] GC(26160) Pause Young (Normal) (G1 Evacuation Pause)
[2023-11-10T12:11:21.727-0800][77885359ms] GC(26160) Using 10 workers of 10 for evacuation
[2023-11-10T12:11:21.732-0800][77885364ms] GC(26160)   Pre Evacuate Collection Set: 0.0ms
[2023-11-10T12:11:21.732-0800][77885364ms] GC(26160)   Evacuate Collection Set: 1.6ms
[2023-11-10T12:11:21.733-0800][77885365ms] GC(26160)   Post Evacuate Collection Set: 3.1ms
[2023-11-10T12:11:21.733-0800][77885365ms] GC(26160)   Other: 0.3ms
[2023-11-10T12:11:21.733-0800][77885365ms] GC(26160) Eden regions: 150->0(150)
[2023-11-10T12:11:21.733-0800][77885365ms] GC(26160) Survivor regions: 1->1(19)
[2023-11-10T12:11:21.733-0800][77885365ms] GC(26160) Old regions: 1463->1463
[2023-11-10T12:11:21.733-0800][77885365ms] GC(26160) Humongous regions: 5->5
[2023-11-10T12:11:21.733-0800][77885365ms] GC(26160) Metaspace: 305043K->305043K(1349632K)
[2023-11-10T12:11:21.733-0800][77885365ms] GC(26160) Pause Young (Normal) (G1 Evacuation Pause) 3235M->2935M(3602M) 5.151ms
[2023-11-10T12:11:21.733-0800][77885365ms] GC(26160) User=0.00s Sys=0.00s Real=0.01s
[2023-11-10T12:11:22.022-0800][77885654ms] GC(26161) Pause Young (Normal) (G1 Evacuation Pause)
[2023-11-10T12:11:22.022-0800][77885654ms] GC(26161) Using 10 workers of 10 for evacuation
[2023-11-10T12:11:22.026-0800][77885658ms] GC(26161)   Pre Evacuate Collection Set: 0.0ms
[2023-11-10T12:11:22.026-0800][77885658ms] GC(26161)   Evacuate Collection Set: 1.5ms
[2023-11-10T12:11:22.026-0800][77885658ms] GC(26161)   Post Evacuate Collection Set: 3.1ms
[2023-11-10T12:11:22.026-0800][77885658ms] GC(26161)   Other: 0.3ms
[2023-11-10T12:11:22.026-0800][77885658ms] GC(26161) Eden regions: 150->0(150)
[2023-11-10T12:11:22.026-0800][77885658ms] GC(26161) Survivor regions: 1->1(19)
[2023-11-10T12:11:22.026-0800][77885658ms] GC(26161) Old regions: 1463->1463
[2023-11-10T12:11:22.026-0800][77885658ms] GC(26161) Humongous regions: 5->5
[2023-11-10T12:11:22.026-0800][77885658ms] GC(26161) Metaspace: 305043K->305043K(1349632K)
[2023-11-10T12:11:22.026-0800][77885658ms] GC(26161) Pause Young (Normal) (G1 Evacuation Pause) 3235M->2935M(3602M) 5.000ms
[2023-11-10T12:11:22.026-0800][77885658ms] GC(26161) User=0.11s Sys=0.00s Real=0.00s
[2023-11-10T12:11:22.288-0800][77885920ms] GC(26162) Pause Young (Normal) (G1 Evacuation Pause)
[2023-11-10T12:11:22.288-0800][77885920ms] GC(26162) Using 10 workers of 10 for evacuation
[2023-11-10T12:11:22.292-0800][77885924ms] GC(26162)   Pre Evacuate Collection Set: 0.0ms
[2023-11-10T12:11:22.292-0800][77885924ms] GC(26162)   Evacuate Collection Set: 1.6ms
[2023-11-10T12:11:22.292-0800][77885924ms] GC(26162)   Post Evacuate Collection Set: 3.1ms
[2023-11-10T12:11:22.292-0800][77885924ms] GC(26162)   Other: 0.2ms
[2023-11-10T12:11:22.292-0800][77885924ms] GC(26162) Eden regions: 150->0(150)
[2023-11-10T12:11:22.292-0800][77885924ms] GC(26162) Survivor regions: 1->1(19)
[2023-11-10T12:11:22.292-0800][77885924ms] GC(26162) Old regions: 1463->1463
[2023-11-10T12:11:22.292-0800][77885924ms] GC(26162) Humongous regions: 5->5
[2023-11-10T12:11:22.292-0800][77885924ms] GC(26162) Metaspace: 305043K->305043K(1349632K)
[2023-11-10T12:11:22.292-0800][77885924ms] GC(26162) Pause Young (Normal) (G1 Evacuation Pause) 3235M->2935M(3602M) 5.092ms
[2023-11-10T12:11:22.292-0800][77885924ms] GC(26162) User=0.11s Sys=0.00s Real=0.00s
[2023-11-10T12:11:22.551-0800][77886183ms] GC(26163) Pause Young (Normal) (G1 Evacuation Pause)
[2023-11-10T12:11:22.551-0800][77886183ms] GC(26163) Using 10 workers of 10 for evacuation
[2023-11-10T12:11:22.556-0800][77886188ms] GC(26163)   Pre Evacuate Collection Set: 0.0ms
[2023-11-10T12:11:22.556-0800][77886188ms] GC(26163)   Evacuate Collection Set: 1.6ms
[2023-11-10T12:11:22.556-0800][77886188ms] GC(26163)   Post Evacuate Collection Set: 3.1ms
[2023-11-10T12:11:22.556-0800][77886188ms] GC(26163)   Other: 0.2ms
[2023-11-10T12:11:22.556-0800][77886188ms] GC(26163) Eden regions: 150->0(150)
[2023-11-10T12:11:22.556-0800][77886188ms] GC(26163) Survivor regions: 1->1(19)
[2023-11-10T12:11:22.556-0800][77886188ms] GC(26163) Old regions: 1463->1463
[2023-11-10T12:11:22.556-0800][77886188ms] GC(26163) Humongous regions: 5->5
[2023-11-10T12:11:22.556-0800][77886188ms] GC(26163) Metaspace: 305043K->305043K(1349632K)
[2023-11-10T12:11:22.556-0800][77886188ms] GC(26163) Pause Young (Normal) (G1 Evacuation Pause) 3235M->2935M(3602M) 5.183ms
[2023-11-10T12:11:22.556-0800][77886188ms] GC(26163) User=0.02s Sys=0.00s Real=0.00s
[2023-11-10T12:11:22.844-0800][77886476ms] GC(26164) Pause Young (Normal) (G1 Evacuation Pause)
[2023-11-10T12:11:22.844-0800][77886476ms] GC(26164) Using 10 workers of 10 for evacuation
[2023-11-10T12:11:22.849-0800][77886481ms] GC(26164)   Pre Evacuate Collection Set: 0.0ms
[2023-11-10T12:11:22.849-0800][77886481ms] GC(26164)   Evacuate Collection Set: 1.8ms
[2023-11-10T12:11:22.849-0800][77886481ms] GC(26164)   Post Evacuate Collection Set: 3.2ms
[2023-11-10T12:11:22.849-0800][77886481ms] GC(26164)   Other: 0.3ms
[2023-11-10T12:11:22.849-0800][77886481ms] GC(26164) Eden regions: 150->0(150)
[2023-11-10T12:11:22.849-0800][77886481ms] GC(26164) Survivor regions: 1->1(19)
[2023-11-10T12:11:22.849-0800][77886481ms] GC(26164) Old regions: 1463->1463
[2023-11-10T12:11:22.849-0800][77886481ms] GC(26164) Humongous regions: 5->5
[2023-11-10T12:11:22.849-0800][77886481ms] GC(26164) Metaspace: 305043K->305043K(1349632K)
[2023-11-10T12:11:22.849-0800][77886481ms] GC(26164) Pause Young (Normal) (G1 Evacuation Pause) 3235M->2935M(3602M) 5.409ms
[2023-11-10T12:11:22.849-0800][77886481ms] GC(26164) User=0.00s Sys=0.00s Real=0.00s
[2023-11-10T12:11:23.123-0800][77886755ms] GC(26165) Pause Young (Normal) (G1 Evacuation Pause)
[2023-11-10T12:11:23.123-0800][77886755ms] GC(26165) Using 10 workers of 10 for evacuation
[2023-11-10T12:11:23.127-0800][77886759ms] GC(26165)   Pre Evacuate Collection Set: 0.0ms
[2023-11-10T12:11:23.127-0800][77886759ms] GC(26165)   Evacuate Collection Set: 1.5ms
[2023-11-10T12:11:23.128-0800][77886760ms] GC(26165)   Post Evacuate Collection Set: 3.1ms
[2023-11-10T12:11:23.128-0800][77886760ms] GC(26165)   Other: 0.2ms
[2023-11-10T12:11:23.128-0800][77886760ms] GC(26165) Eden regions: 150->0(150)
[2023-11-10T12:11:23.128-0800][77886760ms] GC(26165) Survivor regions: 1->1(19)
[2023-11-10T12:11:23.128-0800][77886760ms] GC(26165) Old regions: 1463->1463
[2023-11-10T12:11:23.128-0800][77886760ms] GC(26165) Humongous regions: 5->5
[2023-11-10T12:11:23.128-0800][77886760ms] GC(26165) Metaspace: 305043K->305043K(1349632K)
[2023-11-10T12:11:23.128-0800][77886760ms] GC(26165) Pause Young (Normal) (G1 Evacuation Pause) 3235M->2935M(3602M) 5.021ms
[2023-11-10T12:11:23.128-0800][77886760ms] GC(26165) User=0.00s Sys=0.00s Real=0.01s
[2023-11-10T12:11:23.402-0800][77887034ms] GC(26166) Pause Young (Normal) (G1 Evacuation Pause)
[2023-11-10T12:11:23.402-0800][77887034ms] GC(26166) Using 10 workers of 10 for evacuation
[2023-11-10T12:11:23.407-0800][77887039ms] GC(26166)   Pre Evacuate Collection Set: 0.1ms
[2023-11-10T12:11:23.407-0800][77887039ms] GC(26166)   Evacuate Collection Set: 1.7ms
[2023-11-10T12:11:23.407-0800][77887039ms] GC(26166)   Post Evacuate Collection Set: 3.4ms
[2023-11-10T12:11:23.407-0800][77887039ms] GC(26166)   Other: 0.4ms
[2023-11-10T12:11:23.407-0800][77887039ms] GC(26166) Eden regions: 150->0(150)
[2023-11-10T12:11:23.407-0800][77887039ms] GC(26166) Survivor regions: 1->1(19)
[2023-11-10T12:11:23.407-0800][77887039ms] GC(26166) Old regions: 1463->1463
[2023-11-10T12:11:23.407-0800][77887039ms] GC(26166) Humongous regions: 5->5
[2023-11-10T12:11:23.407-0800][77887039ms] GC(26166) Metaspace: 305043K->305043K(1349632K)
[2023-11-10T12:11:23.407-0800][77887039ms] GC(26166) Pause Young (Normal) (G1 Evacuation Pause) 3235M->2935M(3602M) 5.692ms
[2023-11-10T12:11:23.407-0800][77887039ms] GC(26166) User=0.00s Sys=0.00s Real=0.01s
[2023-11-10T12:11:23.696-0800][77887328ms] GC(26167) Pause Young (Normal) (G1 Evacuation Pause)
[2023-11-10T12:11:23.696-0800][77887328ms] GC(26167) Using 10 workers of 10 for evacuation
[2023-11-10T12:11:23.702-0800][77887334ms] GC(26167)   Pre Evacuate Collection Set: 0.1ms
[2023-11-10T12:11:23.702-0800][77887334ms] GC(26167)   Evacuate Collection Set: 1.8ms
[2023-11-10T12:11:23.702-0800][77887334ms] GC(26167)   Post Evacuate Collection Set: 3.1ms
[2023-11-10T12:11:23.702-0800][77887334ms] GC(26167)   Other: 0.3ms
[2023-11-10T12:11:23.702-0800][77887334ms] GC(26167) Eden regions: 150->0(150)
[2023-11-10T12:11:23.702-0800][77887334ms] GC(26167) Survivor regions: 1->1(19)
[2023-11-10T12:11:23.702-0800][77887334ms] GC(26167) Old regions: 1463->1463
[2023-11-10T12:11:23.702-0800][77887334ms] GC(26167) Humongous regions: 5->5
[2023-11-10T12:11:23.702-0800][77887334ms] GC(26167) Metaspace: 305043K->305043K(1349632K)
[2023-11-10T12:11:23.702-0800][77887334ms] GC(26167) Pause Young (Normal) (G1 Evacuation Pause) 3235M->2935M(3602M) 5.296ms
[2023-11-10T12:11:23.702-0800][77887334ms] GC(26167) User=0.00s Sys=0.00s Real=0.01s
[2023-11-10T12:11:23.977-0800][77887609ms] GC(26168) Pause Young (Normal) (G1 Evacuation Pause)
[2023-11-10T12:11:23.977-0800][77887609ms] GC(26168) Using 10 workers of 10 for evacuation
[2023-11-10T12:11:23.982-0800][77887614ms] GC(26168)   Pre Evacuate Collection Set: 0.1ms
[2023-11-10T12:11:23.982-0800][77887614ms] GC(26168)   Evacuate Collection Set: 1.6ms
[2023-11-10T12:11:23.982-0800][77887614ms] GC(26168)   Post Evacuate Collection Set: 2.9ms
[2023-11-10T12:11:23.982-0800][77887614ms] GC(26168)   Other: 0.2ms
[2023-11-10T12:11:23.982-0800][77887614ms] GC(26168) Eden regions: 150->0(150)
[2023-11-10T12:11:23.982-0800][77887614ms] GC(26168) Survivor regions: 1->1(19)
[2023-11-10T12:11:23.982-0800][77887614ms] GC(26168) Old regions: 1463->1463
[2023-11-10T12:11:23.982-0800][77887614ms] GC(26168) Humongous regions: 5->5
[2023-11-10T12:11:23.982-0800][77887614ms] GC(26168) Metaspace: 305043K->305043K(1349632K)
[2023-11-10T12:11:23.982-0800][77887614ms] GC(26168) Pause Young (Normal) (G1 Evacuation Pause) 3235M->2935M(3602M) 4.844ms
[2023-11-10T12:11:23.982-0800][77887614ms] GC(26168) User=0.00s Sys=0.00s Real=0.01s
[2023-11-10T12:11:24.266-0800][77887898ms] GC(26169) Pause Young (Normal) (G1 Evacuation Pause)
[2023-11-10T12:11:24.266-0800][77887898ms] GC(26169) Using 10 workers of 10 for evacuation
[2023-11-10T12:11:24.270-0800][77887902ms] GC(26169)   Pre Evacuate Collection Set: 0.0ms
[2023-11-10T12:11:24.270-0800][77887902ms] GC(26169)   Evacuate Collection Set: 1.6ms
[2023-11-10T12:11:24.270-0800][77887902ms] GC(26169)   Post Evacuate Collection Set: 3.1ms
[2023-11-10T12:11:24.270-0800][77887902ms] GC(26169)   Other: 0.2ms
[2023-11-10T12:11:24.270-0800][77887902ms] GC(26169) Eden regions: 150->0(150)
[2023-11-10T12:11:24.270-0800][77887902ms] GC(26169) Survivor regions: 1->1(19)
[2023-11-10T12:11:24.270-0800][77887902ms] GC(26169) Old regions: 1463->1463
[2023-11-10T12:11:24.270-0800][77887902ms] GC(26169) Humongous regions: 5->5
[2023-11-10T12:11:24.270-0800][77887902ms] GC(26169) Metaspace: 305043K->305043K(1349632K)
[2023-11-10T12:11:24.270-0800][77887902ms] GC(26169) Pause Young (Normal) (G1 Evacuation Pause) 3235M->2935M(3602M) 5.060ms
[2023-11-10T12:11:24.270-0800][77887902ms] GC(26169) User=0.00s Sys=0.00s Real=0.00s
[2023-11-10T12:11:24.530-0800][77888162ms] GC(26170) Pause Young (Normal) (G1 Evacuation Pause)
[2023-11-10T12:11:24.530-0800][77888162ms] GC(26170) Using 10 workers of 10 for evacuation
[2023-11-10T12:11:24.535-0800][77888167ms] GC(26170)   Pre Evacuate Collection Set: 0.0ms
[2023-11-10T12:11:24.535-0800][77888167ms] GC(26170)   Evacuate Collection Set: 1.7ms
[2023-11-10T12:11:24.535-0800][77888167ms] GC(26170)   Post Evacuate Collection Set: 2.9ms
[2023-11-10T12:11:24.535-0800][77888167ms] GC(26170)   Other: 0.2ms
[2023-11-10T12:11:24.535-0800][77888167ms] GC(26170) Eden regions: 150->0(150)
[2023-11-10T12:11:24.535-0800][77888167ms] GC(26170) Survivor regions: 1->1(19)
[2023-11-10T12:11:24.535-0800][77888167ms] GC(26170) Old regions: 1463->1463
[2023-11-10T12:11:24.535-0800][77888167ms] GC(26170) Humongous regions: 5->5
[2023-11-10T12:11:24.535-0800][77888167ms] GC(26170) Metaspace: 305043K->305043K(1349632K)
[2023-11-10T12:11:24.535-0800][77888167ms] GC(26170) Pause Young (Normal) (G1 Evacuation Pause) 3235M->2935M(3602M) 4.903ms
[2023-11-10T12:11:24.535-0800][77888167ms] GC(26170) User=0.00s Sys=0.00s Real=0.01s
[2023-11-10T12:11:24.796-0800][77888428ms] GC(26171) Pause Young (Normal) (G1 Evacuation Pause)
[2023-11-10T12:11:24.797-0800][77888429ms] GC(26171) Using 10 workers of 10 for evacuation
[2023-11-10T12:11:24.801-0800][77888433ms] GC(26171)   Pre Evacuate Collection Set: 0.0ms
[2023-11-10T12:11:24.801-0800][77888433ms] GC(26171)   Evacuate Collection Set: 1.6ms
[2023-11-10T12:11:24.801-0800][77888433ms] GC(26171)   Post Evacuate Collection Set: 3.0ms
[2023-11-10T12:11:24.801-0800][77888433ms] GC(26171)   Other: 0.2ms
[2023-11-10T12:11:24.801-0800][77888433ms] GC(26171) Eden regions: 150->0(150)
[2023-11-10T12:11:24.801-0800][77888433ms] GC(26171) Survivor regions: 1->1(19)
[2023-11-10T12:11:24.801-0800][77888433ms] GC(26171) Old regions: 1463->1463
[2023-11-10T12:11:24.801-0800][77888433ms] GC(26171) Humongous regions: 5->5
[2023-11-10T12:11:24.801-0800][77888433ms] GC(26171) Metaspace: 305043K->305043K(1349632K)
[2023-11-10T12:11:24.801-0800][77888433ms] GC(26171) Pause Young (Normal) (G1 Evacuation Pause) 3235M->2935M(3602M) 4.997ms
[2023-11-10T12:11:24.801-0800][77888433ms] GC(26171) User=0.00s Sys=0.00s Real=0.01s
[2023-11-10T12:11:25.074-0800][77888706ms] GC(26172) Pause Young (Normal) (G1 Evacuation Pause)
[2023-11-10T12:11:25.074-0800][77888706ms] GC(26172) Using 10 workers of 10 for evacuation
[2023-11-10T12:11:25.079-0800][77888711ms] GC(26172)   Pre Evacuate Collection Set: 0.0ms
[2023-11-10T12:11:25.079-0800][77888711ms] GC(26172)   Evacuate Collection Set: 1.6ms
[2023-11-10T12:11:25.079-0800][77888711ms] GC(26172)   Post Evacuate Collection Set: 3.1ms
[2023-11-10T12:11:25.079-0800][77888711ms] GC(26172)   Other: 0.2ms
[2023-11-10T12:11:25.079-0800][77888711ms] GC(26172) Eden regions: 150->0(150)
[2023-11-10T12:11:25.079-0800][77888711ms] GC(26172) Survivor regions: 1->1(19)
[2023-11-10T12:11:25.079-0800][77888711ms] GC(26172) Old regions: 1463->1463
[2023-11-10T12:11:25.079-0800][77888711ms] GC(26172) Humongous regions: 5->5
[2023-11-10T12:11:25.079-0800][77888711ms] GC(26172) Metaspace: 305043K->305043K(1349632K)
[2023-11-10T12:11:25.079-0800][77888711ms] GC(26172) Pause Young (Normal) (G1 Evacuation Pause) 3235M->2935M(3602M) 5.052ms
[2023-11-10T12:11:25.079-0800][77888711ms] GC(26172) User=0.00s Sys=0.00s Real=0.01s
[2023-11-10T12:11:25.338-0800][77888970ms] GC(26173) Pause Young (Normal) (G1 Evacuation Pause)
[2023-11-10T12:11:25.338-0800][77888970ms] GC(26173) Using 10 workers of 10 for evacuation
[2023-11-10T12:11:25.342-0800][77888974ms] GC(26173)   Pre Evacuate Collection Set: 0.0ms
[2023-11-10T12:11:25.343-0800][77888975ms] GC(26173)   Evacuate Collection Set: 1.5ms
[2023-11-10T12:11:25.343-0800][77888975ms] GC(26173)   Post Evacuate Collection Set: 2.9ms
[2023-11-10T12:11:25.343-0800][77888975ms] GC(26173)   Other: 0.2ms
[2023-11-10T12:11:25.343-0800][77888975ms] GC(26173) Eden regions: 150->0(150)
[2023-11-10T12:11:25.343-0800][77888975ms] GC(26173) Survivor regions: 1->1(19)
[2023-11-10T12:11:25.343-0800][77888975ms] GC(26173) Old regions: 1463->1463
[2023-11-10T12:11:25.343-0800][77888975ms] GC(26173) Humongous regions: 5->5
[2023-11-10T12:11:25.343-0800][77888975ms] GC(26173) Metaspace: 305043K->305043K(1349632K)
[2023-11-10T12:11:25.343-0800][77888975ms] GC(26173) Pause Young (Normal) (G1 Evacuation Pause) 3235M->2935M(3602M) 4.908ms
[2023-11-10T12:11:25.343-0800][77888975ms] GC(26173) User=0.00s Sys=0.00s Real=0.00s
[2023-11-10T12:11:25.602-0800][77889234ms] GC(26174) Pause Young (Normal) (G1 Evacuation Pause)
[2023-11-10T12:11:25.602-0800][77889234ms] GC(26174) Using 10 workers of 10 for evacuation
[2023-11-10T12:11:25.608-0800][77889240ms] GC(26174)   Pre Evacuate Collection Set: 0.0ms
[2023-11-10T12:11:25.608-0800][77889240ms] GC(26174)   Evacuate Collection Set: 1.6ms
[2023-11-10T12:11:25.608-0800][77889240ms] GC(26174)   Post Evacuate Collection Set: 3.0ms
[2023-11-10T12:11:25.608-0800][77889240ms] GC(26174)   Other: 0.2ms
[2023-11-10T12:11:25.608-0800][77889240ms] GC(26174) Eden regions: 150->0(150)
[2023-11-10T12:11:25.608-0800][77889240ms] GC(26174) Survivor regions: 1->1(19)
[2023-11-10T12:11:25.608-0800][77889240ms] GC(26174) Old regions: 1463->1463
[2023-11-10T12:11:25.608-0800][77889240ms] GC(26174) Humongous regions: 5->5
[2023-11-10T12:11:25.608-0800][77889240ms] GC(26174) Metaspace: 305043K->305043K(1349632K)
[2023-11-10T12:11:25.608-0800][77889240ms] GC(26174) Pause Young (Normal) (G1 Evacuation Pause) 3235M->2935M(3602M) 4.934ms
[2023-11-10T12:11:25.608-0800][77889240ms] GC(26174) User=0.00s Sys=0.00s Real=0.01s
[2023-11-10T12:11:25.870-0800][77889502ms] GC(26175) Pause Young (Normal) (G1 Evacuation Pause)
[2023-11-10T12:11:25.870-0800][77889502ms] GC(26175) Using 10 workers of 10 for evacuation
[2023-11-10T12:11:25.875-0800][77889507ms] GC(26175)   Pre Evacuate Collection Set: 0.0ms
[2023-11-10T12:11:25.875-0800][77889507ms] GC(26175)   Evacuate Collection Set: 1.6ms
[2023-11-10T12:11:25.876-0800][77889508ms] GC(26175)   Post Evacuate Collection Set: 3.0ms
[2023-11-10T12:11:25.876-0800][77889508ms] GC(26175)   Other: 0.3ms
[2023-11-10T12:11:25.876-0800][77889508ms] GC(26175) Eden regions: 150->0(150)
[2023-11-10T12:11:25.876-0800][77889508ms] GC(26175) Survivor regions: 1->1(19)
[2023-11-10T12:11:25.876-0800][77889508ms] GC(26175) Old regions: 1463->1463
[2023-11-10T12:11:25.876-0800][77889508ms] GC(26175) Humongous regions: 5->5
[2023-11-10T12:11:25.876-0800][77889508ms] GC(26175) Metaspace: 305043K->305043K(1349632K)
[2023-11-10T12:11:25.876-0800][77889508ms] GC(26175) Pause Young (Normal) (G1 Evacuation Pause) 3235M->2935M(3602M) 5.169ms
[2023-11-10T12:11:25.876-0800][77889508ms] GC(26175) User=0.00s Sys=0.00s Real=0.01s
[2023-11-10T12:11:26.139-0800][77889771ms] GC(26176) Pause Young (Normal) (G1 Evacuation Pause)
[2023-11-10T12:11:26.139-0800][77889771ms] GC(26176) Using 10 workers of 10 for evacuation
[2023-11-10T12:11:26.144-0800][77889776ms] GC(26176)   Pre Evacuate Collection Set: 0.0ms
[2023-11-10T12:11:26.144-0800][77889776ms] GC(26176)   Evacuate Collection Set: 1.5ms
[2023-11-10T12:11:26.144-0800][77889776ms] GC(26176)   Post Evacuate Collection Set: 2.9ms
[2023-11-10T12:11:26.144-0800][77889776ms] GC(26176)   Other: 0.3ms
[2023-11-10T12:11:26.144-0800][77889776ms] GC(26176) Eden regions: 150->0(150)
[2023-11-10T12:11:26.144-0800][77889776ms] GC(26176) Survivor regions: 1->1(19)
[2023-11-10T12:11:26.144-0800][77889776ms] GC(26176) Old regions: 1463->1463
[2023-11-10T12:11:26.144-0800][77889776ms] GC(26176) Humongous regions: 5->5
[2023-11-10T12:11:26.144-0800][77889776ms] GC(26176) Metaspace: 305043K->305043K(1349632K)
[2023-11-10T12:11:26.144-0800][77889776ms] GC(26176) Pause Young (Normal) (G1 Evacuation Pause) 3235M->2935M(3602M) 4.822ms
[2023-11-10T12:11:26.144-0800][77889776ms] GC(26176) User=0.00s Sys=0.00s Real=0.01s
[2023-11-10T12:11:26.426-0800][77890058ms] GC(26177) Pause Young (Normal) (G1 Evacuation Pause)
[2023-11-10T12:11:26.426-0800][77890058ms] GC(26177) Using 10 workers of 10 for evacuation
[2023-11-10T12:11:26.431-0800][77890063ms] GC(26177)   Pre Evacuate Collection Set: 0.0ms
[2023-11-10T12:11:26.431-0800][77890063ms] GC(26177)   Evacuate Collection Set: 1.6ms
[2023-11-10T12:11:26.431-0800][77890063ms] GC(26177)   Post Evacuate Collection Set: 3.0ms
[2023-11-10T12:11:26.431-0800][77890063ms] GC(26177)   Other: 0.2ms
[2023-11-10T12:11:26.431-0800][77890063ms] GC(26177) Eden regions: 150->0(150)
[2023-11-10T12:11:26.431-0800][77890063ms] GC(26177) Survivor regions: 1->1(19)
[2023-11-10T12:11:26.431-0800][77890063ms] GC(26177) Old regions: 1463->1463
[2023-11-10T12:11:26.431-0800][77890063ms] GC(26177) Humongous regions: 5->5
[2023-11-10T12:11:26.431-0800][77890063ms] GC(26177) Metaspace: 305043K->305043K(1349632K)
[2023-11-10T12:11:26.431-0800][77890063ms] GC(26177) Pause Young (Normal) (G1 Evacuation Pause) 3235M->2935M(3602M) 4.999ms
[2023-11-10T12:11:26.431-0800][77890063ms] GC(26177) User=0.02s Sys=0.00s Real=0.00s
[2023-11-10T12:11:26.723-0800][77890355ms] GC(26178) Pause Young (Normal) (G1 Evacuation Pause)
[2023-11-10T12:11:26.723-0800][77890355ms] GC(26178) Using 10 workers of 10 for evacuation
[2023-11-10T12:11:26.729-0800][77890361ms] GC(26178)   Pre Evacuate Collection Set: 0.0ms
[2023-11-10T12:11:26.729-0800][77890361ms] GC(26178)   Evacuate Collection Set: 2.2ms
[2023-11-10T12:11:26.729-0800][77890361ms] GC(26178)   Post Evacuate Collection Set: 3.0ms
[2023-11-10T12:11:26.729-0800][77890361ms] GC(26178)   Other: 0.3ms
[2023-11-10T12:11:26.729-0800][77890361ms] GC(26178) Eden regions: 150->0(150)
[2023-11-10T12:11:26.729-0800][77890361ms] GC(26178) Survivor regions: 1->1(19)
[2023-11-10T12:11:26.729-0800][77890361ms] GC(26178) Old regions: 1463->1463
[2023-11-10T12:11:26.729-0800][77890361ms] GC(26178) Humongous regions: 5->5
[2023-11-10T12:11:26.729-0800][77890361ms] GC(26178) Metaspace: 305043K->305043K(1349632K)
[2023-11-10T12:11:26.729-0800][77890361ms] GC(26178) Pause Young (Normal) (G1 Evacuation Pause) 3235M->2935M(3602M) 5.628ms
[2023-11-10T12:11:26.729-0800][77890361ms] GC(26178) User=0.02s Sys=0.00s Real=0.01s
[2023-11-10T12:11:27.014-0800][77890646ms] GC(26179) Pause Young (Normal) (G1 Evacuation Pause)
[2023-11-10T12:11:27.014-0800][77890646ms] GC(26179) Using 10 workers of 10 for evacuation
[2023-11-10T12:11:27.018-0800][77890650ms] GC(26179)   Pre Evacuate Collection Set: 0.0ms
[2023-11-10T12:11:27.018-0800][77890650ms] GC(26179)   Evacuate Collection Set: 1.6ms
[2023-11-10T12:11:27.018-0800][77890650ms] GC(26179)   Post Evacuate Collection Set: 3.1ms
[2023-11-10T12:11:27.018-0800][77890650ms] GC(26179)   Other: 0.2ms
[2023-11-10T12:11:27.018-0800][77890650ms] GC(26179) Eden regions: 150->0(150)
[2023-11-10T12:11:27.018-0800][77890650ms] GC(26179) Survivor regions: 1->1(19)
[2023-11-10T12:11:27.018-0800][77890650ms] GC(26179) Old regions: 1463->1463
[2023-11-10T12:11:27.018-0800][77890650ms] GC(26179) Humongous regions: 5->5
[2023-11-10T12:11:27.018-0800][77890650ms] GC(26179) Metaspace: 305043K->305043K(1349632K)
[2023-11-10T12:11:27.018-0800][77890650ms] GC(26179) Pause Young (Normal) (G1 Evacuation Pause) 3235M->2935M(3602M) 5.051ms
[2023-11-10T12:11:27.018-0800][77890650ms] GC(26179) User=0.00s Sys=0.00s Real=0.00s
[2023-11-10T12:11:27.308-0800][77890940ms] GC(26180) Pause Young (Normal) (G1 Evacuation Pause)
[2023-11-10T12:11:27.308-0800][77890940ms] GC(26180) Using 10 workers of 10 for evacuation
[2023-11-10T12:11:27.312-0800][77890944ms] GC(26180)   Pre Evacuate Collection Set: 0.0ms
[2023-11-10T12:11:27.314-0800][77890946ms] GC(26180)   Evacuate Collection Set: 2.0ms
[2023-11-10T12:11:27.314-0800][77890946ms] GC(26180)   Post Evacuate Collection Set: 3.3ms
[2023-11-10T12:11:27.314-0800][77890946ms] GC(26180)   Other: 0.3ms
[2023-11-10T12:11:27.314-0800][77890946ms] GC(26180) Eden regions: 150->0(150)
[2023-11-10T12:11:27.314-0800][77890946ms] GC(26180) Survivor regions: 1->1(19)
[2023-11-10T12:11:27.314-0800][77890946ms] GC(26180) Old regions: 1463->1463
[2023-11-10T12:11:27.314-0800][77890946ms] GC(26180) Humongous regions: 5->5
[2023-11-10T12:11:27.314-0800][77890946ms] GC(26180) Metaspace: 305043K->305043K(1349632K)
[2023-11-10T12:11:27.314-0800][77890946ms] GC(26180) Pause Young (Normal) (G1 Evacuation Pause) 3235M->2935M(3602M) 5.695ms
[2023-11-10T12:11:27.314-0800][77890946ms] GC(26180) User=0.00s Sys=0.00s Real=0.01s
[2023-11-10T12:11:27.611-0800][77891243ms] GC(26181) Pause Young (Normal) (G1 Evacuation Pause)
[2023-11-10T12:11:27.611-0800][77891243ms] GC(26181) Using 10 workers of 10 for evacuation
[2023-11-10T12:11:27.616-0800][77891248ms] GC(26181)   Pre Evacuate Collection Set: 0.0ms
[2023-11-10T12:11:27.616-0800][77891248ms] GC(26181)   Evacuate Collection Set: 1.7ms
[2023-11-10T12:11:27.616-0800][77891248ms] GC(26181)   Post Evacuate Collection Set: 3.1ms
[2023-11-10T12:11:27.616-0800][77891248ms] GC(26181)   Other: 0.3ms
[2023-11-10T12:11:27.616-0800][77891248ms] GC(26181) Eden regions: 150->0(150)
[2023-11-10T12:11:27.616-0800][77891248ms] GC(26181) Survivor regions: 1->1(19)
[2023-11-10T12:11:27.616-0800][77891248ms] GC(26181) Old regions: 1463->1463
[2023-11-10T12:11:27.616-0800][77891248ms] GC(26181) Humongous regions: 5->5
[2023-11-10T12:11:27.616-0800][77891248ms] GC(26181) Metaspace: 305043K->305043K(1349632K)
[2023-11-10T12:11:27.616-0800][77891248ms] GC(26181) Pause Young (Normal) (G1 Evacuation Pause) 3235M->2935M(3602M) 5.242ms
[2023-11-10T12:11:27.616-0800][77891248ms] GC(26181) User=0.00s Sys=0.00s Real=0.00s
[2023-11-10T12:11:27.904-0800][77891536ms] GC(26182) Pause Young (Normal) (G1 Evacuation Pause)
[2023-11-10T12:11:27.904-0800][77891536ms] GC(26182) Using 10 workers of 10 for evacuation
[2023-11-10T12:11:27.909-0800][77891541ms] GC(26182)   Pre Evacuate Collection Set: 0.0ms
[2023-11-10T12:11:27.909-0800][77891541ms] GC(26182)   Evacuate Collection Set: 1.9ms
[2023-11-10T12:11:27.909-0800][77891541ms] GC(26182)   Post Evacuate Collection Set: 3.2ms
[2023-11-10T12:11:27.909-0800][77891541ms] GC(26182)   Other: 0.3ms
[2023-11-10T12:11:27.909-0800][77891541ms] GC(26182) Eden regions: 150->0(150)
[2023-11-10T12:11:27.909-0800][77891541ms] GC(26182) Survivor regions: 1->1(19)
[2023-11-10T12:11:27.909-0800][77891541ms] GC(26182) Old regions: 1463->1463
[2023-11-10T12:11:27.909-0800][77891541ms] GC(26182) Humongous regions: 5->5
[2023-11-10T12:11:27.909-0800][77891541ms] GC(26182) Metaspace: 305043K->305043K(1349632K)
[2023-11-10T12:11:27.909-0800][77891541ms] GC(26182) Pause Young (Normal) (G1 Evacuation Pause) 3235M->2936M(3602M) 5.557ms
[2023-11-10T12:11:27.909-0800][77891541ms] GC(26182) User=0.00s Sys=0.00s Real=0.00s
[2023-11-10T12:11:28.191-0800][77891823ms] GC(26183) Pause Young (Normal) (G1 Evacuation Pause)
[2023-11-10T12:11:28.191-0800][77891823ms] GC(26183) Using 10 workers of 10 for evacuation
[2023-11-10T12:11:28.196-0800][77891828ms] GC(26183)   Pre Evacuate Collection Set: 0.0ms
[2023-11-10T12:11:28.196-0800][77891828ms] GC(26183)   Evacuate Collection Set: 1.7ms
[2023-11-10T12:11:28.196-0800][77891828ms] GC(26183)   Post Evacuate Collection Set: 3.0ms
[2023-11-10T12:11:28.196-0800][77891828ms] GC(26183)   Other: 0.2ms
[2023-11-10T12:11:28.196-0800][77891828ms] GC(26183) Eden regions: 150->0(150)
[2023-11-10T12:11:28.196-0800][77891828ms] GC(26183) Survivor regions: 1->1(19)
[2023-11-10T12:11:28.196-0800][77891828ms] GC(26183) Old regions: 1463->1463
[2023-11-10T12:11:28.196-0800][77891828ms] GC(26183) Humongous regions: 5->5
[2023-11-10T12:11:28.196-0800][77891828ms] GC(26183) Metaspace: 305043K->305043K(1349632K)
[2023-11-10T12:11:28.196-0800][77891828ms] GC(26183) Pause Young (Normal) (G1 Evacuation Pause) 3236M->2935M(3602M) 5.199ms
[2023-11-10T12:11:28.196-0800][77891828ms] GC(26183) User=0.00s Sys=0.00s Real=0.01s
[2023-11-10T12:11:28.483-0800][77892115ms] GC(26184) Pause Young (Normal) (G1 Evacuation Pause)
[2023-11-10T12:11:28.483-0800][77892115ms] GC(26184) Using 10 workers of 10 for evacuation
[2023-11-10T12:11:28.487-0800][77892119ms] GC(26184)   Pre Evacuate Collection Set: 0.0ms
[2023-11-10T12:11:28.487-0800][77892119ms] GC(26184)   Evacuate Collection Set: 1.7ms
[2023-11-10T12:11:28.487-0800][77892119ms] GC(26184)   Post Evacuate Collection Set: 3.0ms
[2023-11-10T12:11:28.487-0800][77892119ms] GC(26184)   Other: 0.3ms
[2023-11-10T12:11:28.487-0800][77892119ms] GC(26184) Eden regions: 150->0(150)
[2023-11-10T12:11:28.487-0800][77892119ms] GC(26184) Survivor regions: 1->1(19)
[2023-11-10T12:11:28.487-0800][77892119ms] GC(26184) Old regions: 1463->1463
[2023-11-10T12:11:28.487-0800][77892119ms] GC(26184) Humongous regions: 5->5
[2023-11-10T12:11:28.487-0800][77892119ms] GC(26184) Metaspace: 305043K->305043K(1349632K)
[2023-11-10T12:11:28.487-0800][77892119ms] GC(26184) Pause Young (Normal) (G1 Evacuation Pause) 3235M->2935M(3602M) 5.127ms
[2023-11-10T12:11:28.487-0800][77892119ms] GC(26184) User=0.00s Sys=0.00s Real=0.00s
[2023-11-10T12:11:28.769-0800][77892401ms] GC(26185) Pause Young (Normal) (G1 Evacuation Pause)
[2023-11-10T12:11:28.769-0800][77892401ms] GC(26185) Using 10 workers of 10 for evacuation
[2023-11-10T12:11:28.773-0800][77892405ms] GC(26185)   Pre Evacuate Collection Set: 0.0ms
[2023-11-10T12:11:28.773-0800][77892405ms] GC(26185)   Evacuate Collection Set: 1.6ms
[2023-11-10T12:11:28.773-0800][77892405ms] GC(26185)   Post Evacuate Collection Set: 3.1ms
[2023-11-10T12:11:28.775-0800][77892407ms] GC(26185)   Other: 0.3ms
[2023-11-10T12:11:28.775-0800][77892407ms] GC(26185) Eden regions: 150->0(150)
[2023-11-10T12:11:28.775-0800][77892407ms] GC(26185) Survivor regions: 1->1(19)
[2023-11-10T12:11:28.775-0800][77892407ms] GC(26185) Old regions: 1463->1463
[2023-11-10T12:11:28.775-0800][77892407ms] GC(26185) Humongous regions: 5->5
[2023-11-10T12:11:28.775-0800][77892407ms] GC(26185) Metaspace: 305043K->305043K(1349632K)
[2023-11-10T12:11:28.775-0800][77892407ms] GC(26185) Pause Young (Normal) (G1 Evacuation Pause) 3235M->2935M(3602M) 5.281ms
[2023-11-10T12:11:28.775-0800][77892407ms] GC(26185) User=0.02s Sys=0.00s Real=0.01s
[2023-11-10T12:11:29.074-0800][77892706ms] GC(26186) Pause Young (Normal) (G1 Evacuation Pause)
[2023-11-10T12:11:29.074-0800][77892706ms] GC(26186) Using 10 workers of 10 for evacuation
[2023-11-10T12:11:29.080-0800][77892712ms] GC(26186)   Pre Evacuate Collection Set: 0.0ms
[2023-11-10T12:11:29.080-0800][77892712ms] GC(26186)   Evacuate Collection Set: 2.0ms
[2023-11-10T12:11:29.080-0800][77892712ms] GC(26186)   Post Evacuate Collection Set: 3.7ms
[2023-11-10T12:11:29.080-0800][77892712ms] GC(26186)   Other: 0.3ms
[2023-11-10T12:11:29.080-0800][77892712ms] GC(26186) Eden regions: 150->0(150)
[2023-11-10T12:11:29.080-0800][77892712ms] GC(26186) Survivor regions: 1->1(19)
[2023-11-10T12:11:29.080-0800][77892712ms] GC(26186) Old regions: 1463->1463
[2023-11-10T12:11:29.080-0800][77892712ms] GC(26186) Humongous regions: 5->5
[2023-11-10T12:11:29.080-0800][77892712ms] GC(26186) Metaspace: 305043K->305043K(1349632K)
[2023-11-10T12:11:29.080-0800][77892712ms] GC(26186) Pause Young (Normal) (G1 Evacuation Pause) 3235M->2935M(3602M) 6.225ms
[2023-11-10T12:11:29.080-0800][77892712ms] GC(26186) User=0.00s Sys=0.00s Real=0.01s
[2023-11-10T12:11:29.362-0800][77892994ms] GC(26187) Pause Young (Normal) (G1 Evacuation Pause)
[2023-11-10T12:11:29.362-0800][77892994ms] GC(26187) Using 10 workers of 10 for evacuation
[2023-11-10T12:11:29.367-0800][77892999ms] GC(26187)   Pre Evacuate Collection Set: 0.0ms
[2023-11-10T12:11:29.367-0800][77892999ms] GC(26187)   Evacuate Collection Set: 1.7ms
[2023-11-10T12:11:29.367-0800][77892999ms] GC(26187)   Post Evacuate Collection Set: 3.0ms
[2023-11-10T12:11:29.367-0800][77892999ms] GC(26187)   Other: 0.2ms
[2023-11-10T12:11:29.367-0800][77892999ms] GC(26187) Eden regions: 150->0(150)
[2023-11-10T12:11:29.367-0800][77892999ms] GC(26187) Survivor regions: 1->1(19)
[2023-11-10T12:11:29.367-0800][77892999ms] GC(26187) Old regions: 1463->1463
[2023-11-10T12:11:29.367-0800][77892999ms] GC(26187) Humongous regions: 5->5
[2023-11-10T12:11:29.367-0800][77892999ms] GC(26187) Metaspace: 305043K->305043K(1349632K)
[2023-11-10T12:11:29.367-0800][77892999ms] GC(26187) Pause Young (Normal) (G1 Evacuation Pause) 3235M->2935M(3602M) 4.973ms
[2023-11-10T12:11:29.367-0800][77892999ms] GC(26187) User=0.00s Sys=0.00s Real=0.01s
[2023-11-10T12:11:29.632-0800][77893264ms] GC(26188) Pause Young (Normal) (G1 Evacuation Pause)
[2023-11-10T12:11:29.632-0800][77893264ms] GC(26188) Using 10 workers of 10 for evacuation
[2023-11-10T12:11:29.637-0800][77893269ms] GC(26188)   Pre Evacuate Collection Set: 0.0ms
[2023-11-10T12:11:29.637-0800][77893269ms] GC(26188)   Evacuate Collection Set: 1.6ms
[2023-11-10T12:11:29.637-0800][77893269ms] GC(26188)   Post Evacuate Collection Set: 3.1ms
[2023-11-10T12:11:29.637-0800][77893269ms] GC(26188)   Other: 0.3ms
[2023-11-10T12:11:29.637-0800][77893269ms] GC(26188) Eden regions: 150->0(150)
[2023-11-10T12:11:29.637-0800][77893269ms] GC(26188) Survivor regions: 1->1(19)
[2023-11-10T12:11:29.637-0800][77893269ms] GC(26188) Old regions: 1463->1463
[2023-11-10T12:11:29.637-0800][77893269ms] GC(26188) Humongous regions: 5->5
[2023-11-10T12:11:29.637-0800][77893269ms] GC(26188) Metaspace: 305043K->305043K(1349632K)
[2023-11-10T12:11:29.637-0800][77893269ms] GC(26188) Pause Young (Normal) (G1 Evacuation Pause) 3235M->2935M(3602M) 5.034ms
[2023-11-10T12:11:29.637-0800][77893269ms] GC(26188) User=0.00s Sys=0.00s Real=0.01s
[2023-11-10T12:11:29.887-0800][77893519ms] GC(26189) Pause Young (Normal) (G1 Evacuation Pause)
[2023-11-10T12:11:29.887-0800][77893519ms] GC(26189) Using 10 workers of 10 for evacuation
[2023-11-10T12:11:29.893-0800][77893525ms] GC(26189)   Pre Evacuate Collection Set: 0.0ms
[2023-11-10T12:11:29.893-0800][77893525ms] GC(26189)   Evacuate Collection Set: 1.8ms
[2023-11-10T12:11:29.893-0800][77893525ms] GC(26189)   Post Evacuate Collection Set: 3.5ms
[2023-11-10T12:11:29.893-0800][77893525ms] GC(26189)   Other: 0.3ms
[2023-11-10T12:11:29.893-0800][77893525ms] GC(26189) Eden regions: 150->0(150)
[2023-11-10T12:11:29.893-0800][77893525ms] GC(26189) Survivor regions: 1->1(19)
[2023-11-10T12:11:29.893-0800][77893525ms] GC(26189) Old regions: 1463->1463
[2023-11-10T12:11:29.893-0800][77893525ms] GC(26189) Humongous regions: 5->5
[2023-11-10T12:11:29.893-0800][77893525ms] GC(26189) Metaspace: 305043K->305043K(1349632K)
[2023-11-10T12:11:29.893-0800][77893525ms] GC(26189) Pause Young (Normal) (G1 Evacuation Pause) 3235M->2936M(3602M) 5.615ms
[2023-11-10T12:11:29.893-0800][77893525ms] GC(26189) User=0.00s Sys=0.00s Real=0.01s
[2023-11-10T12:11:30.175-0800][77893807ms] GC(26190) Pause Young (Normal) (G1 Evacuation Pause)
[2023-11-10T12:11:30.175-0800][77893807ms] GC(26190) Using 10 workers of 10 for evacuation
[2023-11-10T12:11:30.180-0800][77893812ms] GC(26190)   Pre Evacuate Collection Set: 0.0ms
[2023-11-10T12:11:30.180-0800][77893812ms] GC(26190)   Evacuate Collection Set: 1.7ms
[2023-11-10T12:11:30.180-0800][77893812ms] GC(26190)   Post Evacuate Collection Set: 3.0ms
[2023-11-10T12:11:30.180-0800][77893812ms] GC(26190)   Other: 0.2ms
[2023-11-10T12:11:30.180-0800][77893812ms] GC(26190) Eden regions: 150->0(150)
[2023-11-10T12:11:30.180-0800][77893812ms] GC(26190) Survivor regions: 1->1(19)
[2023-11-10T12:11:30.180-0800][77893812ms] GC(26190) Old regions: 1463->1463
[2023-11-10T12:11:30.180-0800][77893812ms] GC(26190) Humongous regions: 5->5
[2023-11-10T12:11:30.180-0800][77893812ms] GC(26190) Metaspace: 305043K->305043K(1349632K)
[2023-11-10T12:11:30.180-0800][77893812ms] GC(26190) Pause Young (Normal) (G1 Evacuation Pause) 3236M->2935M(3602M) 5.178ms
[2023-11-10T12:11:30.180-0800][77893812ms] GC(26190) User=0.00s Sys=0.00s Real=0.01s
[2023-11-10T12:11:30.443-0800][77894075ms] GC(26191) Pause Young (Normal) (G1 Evacuation Pause)
[2023-11-10T12:11:30.443-0800][77894075ms] GC(26191) Using 10 workers of 10 for evacuation
[2023-11-10T12:11:30.448-0800][77894080ms] GC(26191)   Pre Evacuate Collection Set: 0.0ms
[2023-11-10T12:11:30.448-0800][77894080ms] GC(26191)   Evacuate Collection Set: 1.6ms
[2023-11-10T12:11:30.448-0800][77894080ms] GC(26191)   Post Evacuate Collection Set: 3.0ms
[2023-11-10T12:11:30.448-0800][77894080ms] GC(26191)   Other: 0.2ms
[2023-11-10T12:11:30.448-0800][77894080ms] GC(26191) Eden regions: 150->0(150)
[2023-11-10T12:11:30.448-0800][77894080ms] GC(26191) Survivor regions: 1->1(19)
[2023-11-10T12:11:30.448-0800][77894080ms] GC(26191) Old regions: 1463->1463
[2023-11-10T12:11:30.448-0800][77894080ms] GC(26191) Humongous regions: 5->5
[2023-11-10T12:11:30.448-0800][77894080ms] GC(26191) Metaspace: 305043K->305043K(1349632K)
[2023-11-10T12:11:30.448-0800][77894080ms] GC(26191) Pause Young (Normal) (G1 Evacuation Pause) 3235M->2935M(3602M) 5.003ms
[2023-11-10T12:11:30.448-0800][77894080ms] GC(26191) User=0.05s Sys=0.00s Real=0.00s
[2023-11-10T12:11:30.718-0800][77894350ms] GC(26192) Pause Young (Normal) (G1 Evacuation Pause)
[2023-11-10T12:11:30.718-0800][77894350ms] GC(26192) Using 10 workers of 10 for evacuation
[2023-11-10T12:11:30.723-0800][77894355ms] GC(26192)   Pre Evacuate Collection Set: 0.0ms
[2023-11-10T12:11:30.723-0800][77894355ms] GC(26192)   Evacuate Collection Set: 1.7ms
[2023-11-10T12:11:30.723-0800][77894355ms] GC(26192)   Post Evacuate Collection Set: 3.0ms
[2023-11-10T12:11:30.723-0800][77894355ms] GC(26192)   Other: 0.2ms
[2023-11-10T12:11:30.723-0800][77894355ms] GC(26192) Eden regions: 150->0(150)
[2023-11-10T12:11:30.723-0800][77894355ms] GC(26192) Survivor regions: 1->1(19)
[2023-11-10T12:11:30.723-0800][77894355ms] GC(26192) Old regions: 1463->1463
[2023-11-10T12:11:30.723-0800][77894355ms] GC(26192) Humongous regions: 5->5
[2023-11-10T12:11:30.723-0800][77894355ms] GC(26192) Metaspace: 305043K->305043K(1349632K)
[2023-11-10T12:11:30.723-0800][77894355ms] GC(26192) Pause Young (Normal) (G1 Evacuation Pause) 3235M->2935M(3602M) 5.082ms
[2023-11-10T12:11:30.723-0800][77894355ms] GC(26192) User=0.00s Sys=0.00s Real=0.01s
[2023-11-10T12:11:31.003-0800][77894635ms] GC(26193) Pause Young (Normal) (G1 Evacuation Pause)
[2023-11-10T12:11:31.003-0800][77894635ms] GC(26193) Using 10 workers of 10 for evacuation
[2023-11-10T12:11:31.009-0800][77894641ms] GC(26193)   Pre Evacuate Collection Set: 0.0ms
[2023-11-10T12:11:31.009-0800][77894641ms] GC(26193)   Evacuate Collection Set: 1.6ms
[2023-11-10T12:11:31.009-0800][77894641ms] GC(26193)   Post Evacuate Collection Set: 3.6ms
[2023-11-10T12:11:31.009-0800][77894641ms] GC(26193)   Other: 0.2ms
[2023-11-10T12:11:31.009-0800][77894641ms] GC(26193) Eden regions: 150->0(150)
[2023-11-10T12:11:31.009-0800][77894641ms] GC(26193) Survivor regions: 1->1(19)
[2023-11-10T12:11:31.009-0800][77894641ms] GC(26193) Old regions: 1463->1463
[2023-11-10T12:11:31.009-0800][77894641ms] GC(26193) Humongous regions: 5->5
[2023-11-10T12:11:31.009-0800][77894641ms] GC(26193) Metaspace: 305043K->305043K(1349632K)
[2023-11-10T12:11:31.009-0800][77894641ms] GC(26193) Pause Young (Normal) (G1 Evacuation Pause) 3235M->2935M(3602M) 5.656ms
[2023-11-10T12:11:31.009-0800][77894641ms] GC(26193) User=0.02s Sys=0.00s Real=0.01s
[2023-11-10T12:11:31.285-0800][77894917ms] GC(26194) Pause Young (Normal) (G1 Evacuation Pause)
[2023-11-10T12:11:31.285-0800][77894917ms] GC(26194) Using 10 workers of 10 for evacuation
[2023-11-10T12:11:31.291-0800][77894923ms] GC(26194)   Pre Evacuate Collection Set: 0.0ms
[2023-11-10T12:11:31.291-0800][77894923ms] GC(26194)   Evacuate Collection Set: 1.6ms
[2023-11-10T12:11:31.291-0800][77894923ms] GC(26194)   Post Evacuate Collection Set: 3.0ms
[2023-11-10T12:11:31.291-0800][77894923ms] GC(26194)   Other: 0.3ms
[2023-11-10T12:11:31.291-0800][77894923ms] GC(26194) Eden regions: 150->0(150)
[2023-11-10T12:11:31.291-0800][77894923ms] GC(26194) Survivor regions: 1->1(19)
[2023-11-10T12:11:31.291-0800][77894923ms] GC(26194) Old regions: 1463->1463
[2023-11-10T12:11:31.291-0800][77894923ms] GC(26194) Humongous regions: 5->5
[2023-11-10T12:11:31.291-0800][77894923ms] GC(26194) Metaspace: 305043K->305043K(1349632K)
[2023-11-10T12:11:31.291-0800][77894923ms] GC(26194) Pause Young (Normal) (G1 Evacuation Pause) 3235M->2935M(3602M) 5.054ms
[2023-11-10T12:11:31.291-0800][77894923ms] GC(26194) User=0.02s Sys=0.00s Real=0.01s
[2023-11-10T12:11:31.556-0800][77895188ms] GC(26195) Pause Young (Normal) (G1 Evacuation Pause)
[2023-11-10T12:11:31.556-0800][77895188ms] GC(26195) Using 10 workers of 10 for evacuation
[2023-11-10T12:11:31.561-0800][77895193ms] GC(26195)   Pre Evacuate Collection Set: 0.0ms
[2023-11-10T12:11:31.561-0800][77895193ms] GC(26195)   Evacuate Collection Set: 1.7ms
[2023-11-10T12:11:31.561-0800][77895193ms] GC(26195)   Post Evacuate Collection Set: 3.0ms
[2023-11-10T12:11:31.561-0800][77895193ms] GC(26195)   Other: 0.2ms
[2023-11-10T12:11:31.561-0800][77895193ms] GC(26195) Eden regions: 150->0(150)
[2023-11-10T12:11:31.561-0800][77895193ms] GC(26195) Survivor regions: 1->1(19)
[2023-11-10T12:11:31.561-0800][77895193ms] GC(26195) Old regions: 1463->1463
[2023-11-10T12:11:31.561-0800][77895193ms] GC(26195) Humongous regions: 5->5
[2023-11-10T12:11:31.561-0800][77895193ms] GC(26195) Metaspace: 305043K->305043K(1349632K)
[2023-11-10T12:11:31.561-0800][77895193ms] GC(26195) Pause Young (Normal) (G1 Evacuation Pause) 3235M->2935M(3602M) 4.995ms
[2023-11-10T12:11:31.561-0800][77895193ms] GC(26195) User=0.00s Sys=0.00s Real=0.01s
[2023-11-10T12:11:31.862-0800][77895494ms] GC(26196) Pause Young (Normal) (G1 Evacuation Pause)
[2023-11-10T12:11:31.862-0800][77895494ms] GC(26196) Using 10 workers of 10 for evacuation
[2023-11-10T12:11:31.867-0800][77895499ms] GC(26196)   Pre Evacuate Collection Set: 0.0ms
[2023-11-10T12:11:31.867-0800][77895499ms] GC(26196)   Evacuate Collection Set: 1.6ms
[2023-11-10T12:11:31.867-0800][77895499ms] GC(26196)   Post Evacuate Collection Set: 3.1ms
[2023-11-10T12:11:31.867-0800][77895499ms] GC(26196)   Other: 0.2ms
[2023-11-10T12:11:31.867-0800][77895499ms] GC(26196) Eden regions: 150->0(150)
[2023-11-10T12:11:31.867-0800][77895499ms] GC(26196) Survivor regions: 1->1(19)
[2023-11-10T12:11:31.867-0800][77895499ms] GC(26196) Old regions: 1463->1463
[2023-11-10T12:11:31.867-0800][77895499ms] GC(26196) Humongous regions: 5->5
[2023-11-10T12:11:31.867-0800][77895499ms] GC(26196) Metaspace: 305043K->305043K(1349632K)
[2023-11-10T12:11:31.868-0800][77895500ms] GC(26196) Pause Young (Normal) (G1 Evacuation Pause) 3235M->2935M(3602M) 5.155ms
[2023-11-10T12:11:31.868-0800][77895500ms] GC(26196) User=0.00s Sys=0.00s Real=0.01s
[2023-11-10T12:11:32.133-0800][77895765ms] GC(26197) Pause Young (Normal) (G1 Evacuation Pause)
[2023-11-10T12:11:32.133-0800][77895765ms] GC(26197) Using 10 workers of 10 for evacuation
[2023-11-10T12:11:32.139-0800][77895771ms] GC(26197)   Pre Evacuate Collection Set: 0.0ms
[2023-11-10T12:11:32.139-0800][77895771ms] GC(26197)   Evacuate Collection Set: 1.7ms
[2023-11-10T12:11:32.139-0800][77895771ms] GC(26197)   Post Evacuate Collection Set: 3.1ms
[2023-11-10T12:11:32.139-0800][77895771ms] GC(26197)   Other: 0.2ms
[2023-11-10T12:11:32.139-0800][77895771ms] GC(26197) Eden regions: 150->0(150)
[2023-11-10T12:11:32.139-0800][77895771ms] GC(26197) Survivor regions: 1->1(19)
[2023-11-10T12:11:32.139-0800][77895771ms] GC(26197) Old regions: 1463->1463
[2023-11-10T12:11:32.139-0800][77895771ms] GC(26197) Humongous regions: 5->5
[2023-11-10T12:11:32.139-0800][77895771ms] GC(26197) Metaspace: 305043K->305043K(1349632K)
[2023-11-10T12:11:32.139-0800][77895771ms] GC(26197) Pause Young (Normal) (G1 Evacuation Pause) 3235M->2936M(3602M) 5.197ms
[2023-11-10T12:11:32.139-0800][77895771ms] GC(26197) User=0.00s Sys=0.00s Real=0.01s
[2023-11-10T12:11:32.449-0800][77896081ms] GC(26198) Pause Young (Normal) (G1 Evacuation Pause)
[2023-11-10T12:11:32.449-0800][77896081ms] GC(26198) Using 10 workers of 10 for evacuation
[2023-11-10T12:11:32.456-0800][77896088ms] GC(26198)   Pre Evacuate Collection Set: 0.1ms
[2023-11-10T12:11:32.456-0800][77896088ms] GC(26198)   Evacuate Collection Set: 1.8ms
[2023-11-10T12:11:32.456-0800][77896088ms] GC(26198)   Post Evacuate Collection Set: 5.5ms
[2023-11-10T12:11:32.456-0800][77896088ms] GC(26198)   Other: 0.4ms
[2023-11-10T12:11:32.456-0800][77896088ms] GC(26198) Eden regions: 150->0(150)
[2023-11-10T12:11:32.456-0800][77896088ms] GC(26198) Survivor regions: 1->1(19)
[2023-11-10T12:11:32.457-0800][77896089ms] GC(26198) Old regions: 1463->1463
[2023-11-10T12:11:32.457-0800][77896089ms] GC(26198) Humongous regions: 5->5
[2023-11-10T12:11:32.457-0800][77896089ms] GC(26198) Metaspace: 305043K->305043K(1349632K)
[2023-11-10T12:11:32.457-0800][77896089ms] GC(26198) Pause Young (Normal) (G1 Evacuation Pause) 3236M->2935M(3602M) 7.889ms
[2023-11-10T12:11:32.457-0800][77896089ms] GC(26198) User=0.00s Sys=0.00s Real=0.01s
[2023-11-10T12:11:32.756-0800][77896388ms] GC(26199) Pause Young (Normal) (G1 Evacuation Pause)
[2023-11-10T12:11:32.756-0800][77896388ms] GC(26199) Using 10 workers of 10 for evacuation
[2023-11-10T12:11:32.761-0800][77896393ms] GC(26199)   Pre Evacuate Collection Set: 0.0ms
[2023-11-10T12:11:32.761-0800][77896393ms] GC(26199)   Evacuate Collection Set: 1.7ms
[2023-11-10T12:11:32.761-0800][77896393ms] GC(26199)   Post Evacuate Collection Set: 3.2ms
[2023-11-10T12:11:32.761-0800][77896393ms] GC(26199)   Other: 0.2ms
[2023-11-10T12:11:32.761-0800][77896393ms] GC(26199) Eden regions: 150->0(150)
[2023-11-10T12:11:32.761-0800][77896393ms] GC(26199) Survivor regions: 1->1(19)
[2023-11-10T12:11:32.761-0800][77896393ms] GC(26199) Old regions: 1463->1463
[2023-11-10T12:11:32.761-0800][77896393ms] GC(26199) Humongous regions: 5->5
[2023-11-10T12:11:32.761-0800][77896393ms] GC(26199) Metaspace: 305043K->305043K(1349632K)
[2023-11-10T12:11:32.761-0800][77896393ms] GC(26199) Pause Young (Normal) (G1 Evacuation Pause) 3235M->2935M(3602M) 5.249ms
[2023-11-10T12:11:32.761-0800][77896393ms] GC(26199) User=0.11s Sys=0.00s Real=0.00s
[2023-11-10T12:11:33.052-0800][77896684ms] GC(26200) Pause Young (Normal) (G1 Evacuation Pause)
[2023-11-10T12:11:33.052-0800][77896684ms] GC(26200) Using 10 workers of 10 for evacuation
[2023-11-10T12:11:33.057-0800][77896689ms] GC(26200)   Pre Evacuate Collection Set: 0.0ms
[2023-11-10T12:11:33.058-0800][77896690ms] GC(26200)   Evacuate Collection Set: 1.6ms
[2023-11-10T12:11:33.058-0800][77896690ms] GC(26200)   Post Evacuate Collection Set: 2.9ms
[2023-11-10T12:11:33.058-0800][77896690ms] GC(26200)   Other: 0.3ms
[2023-11-10T12:11:33.058-0800][77896690ms] GC(26200) Eden regions: 150->0(150)
[2023-11-10T12:11:33.058-0800][77896690ms] GC(26200) Survivor regions: 1->1(19)
[2023-11-10T12:11:33.058-0800][77896690ms] GC(26200) Old regions: 1463->1463
[2023-11-10T12:11:33.058-0800][77896690ms] GC(26200) Humongous regions: 5->5
[2023-11-10T12:11:33.058-0800][77896690ms] GC(26200) Metaspace: 305043K->305043K(1349632K)
[2023-11-10T12:11:33.058-0800][77896690ms] GC(26200) Pause Young (Normal) (G1 Evacuation Pause) 3235M->2936M(3602M) 4.923ms
[2023-11-10T12:11:33.058-0800][77896690ms] GC(26200) User=0.05s Sys=0.00s Real=0.01s
[2023-11-10T12:11:33.337-0800][77896969ms] GC(26201) Pause Young (Normal) (G1 Evacuation Pause)
[2023-11-10T12:11:33.337-0800][77896969ms] GC(26201) Using 10 workers of 10 for evacuation
[2023-11-10T12:11:33.343-0800][77896975ms] GC(26201)   Pre Evacuate Collection Set: 0.0ms
[2023-11-10T12:11:33.343-0800][77896975ms] GC(26201)   Evacuate Collection Set: 1.6ms
[2023-11-10T12:11:33.343-0800][77896975ms] GC(26201)   Post Evacuate Collection Set: 3.4ms
[2023-11-10T12:11:33.343-0800][77896975ms] GC(26201)   Other: 0.3ms
[2023-11-10T12:11:33.343-0800][77896975ms] GC(26201) Eden regions: 150->0(150)
[2023-11-10T12:11:33.343-0800][77896975ms] GC(26201) Survivor regions: 1->1(19)
[2023-11-10T12:11:33.343-0800][77896975ms] GC(26201) Old regions: 1463->1463
[2023-11-10T12:11:33.343-0800][77896975ms] GC(26201) Humongous regions: 5->5
[2023-11-10T12:11:33.343-0800][77896975ms] GC(26201) Metaspace: 305043K->305043K(1349632K)
[2023-11-10T12:11:33.343-0800][77896975ms] GC(26201) Pause Young (Normal) (G1 Evacuation Pause) 3236M->2936M(3602M) 5.438ms
[2023-11-10T12:11:33.343-0800][77896975ms] GC(26201) User=0.00s Sys=0.00s Real=0.01s
[2023-11-10T12:11:33.616-0800][77897248ms] GC(26202) Pause Young (Normal) (G1 Evacuation Pause)
[2023-11-10T12:11:33.616-0800][77897248ms] GC(26202) Using 10 workers of 10 for evacuation
[2023-11-10T12:11:33.622-0800][77897254ms] GC(26202)   Pre Evacuate Collection Set: 0.0ms
[2023-11-10T12:11:33.622-0800][77897254ms] GC(26202)   Evacuate Collection Set: 1.6ms
[2023-11-10T12:11:33.622-0800][77897254ms] GC(26202)   Post Evacuate Collection Set: 2.9ms
[2023-11-10T12:11:33.622-0800][77897254ms] GC(26202)   Other: 0.2ms
[2023-11-10T12:11:33.622-0800][77897254ms] GC(26202) Eden regions: 150->0(150)
[2023-11-10T12:11:33.622-0800][77897254ms] GC(26202) Survivor regions: 1->1(19)
[2023-11-10T12:11:33.622-0800][77897254ms] GC(26202) Old regions: 1463->1463
[2023-11-10T12:11:33.622-0800][77897254ms] GC(26202) Humongous regions: 5->5
[2023-11-10T12:11:33.622-0800][77897254ms] GC(26202) Metaspace: 305043K->305043K(1349632K)
[2023-11-10T12:11:33.622-0800][77897254ms] GC(26202) Pause Young (Normal) (G1 Evacuation Pause) 3236M->2936M(3602M) 4.809ms
[2023-11-10T12:11:33.622-0800][77897254ms] GC(26202) User=0.00s Sys=0.00s Real=0.01s
[2023-11-10T12:11:33.891-0800][77897523ms] GC(26203) Pause Young (Normal) (G1 Evacuation Pause)
[2023-11-10T12:11:33.891-0800][77897523ms] GC(26203) Using 10 workers of 10 for evacuation
[2023-11-10T12:11:33.896-0800][77897528ms] GC(26203)   Pre Evacuate Collection Set: 0.0ms
[2023-11-10T12:11:33.896-0800][77897528ms] GC(26203)   Evacuate Collection Set: 1.6ms
[2023-11-10T12:11:33.896-0800][77897528ms] GC(26203)   Post Evacuate Collection Set: 3.0ms
[2023-11-10T12:11:33.896-0800][77897528ms] GC(26203)   Other: 0.2ms
[2023-11-10T12:11:33.896-0800][77897528ms] GC(26203) Eden regions: 150->0(150)
[2023-11-10T12:11:33.896-0800][77897528ms] GC(26203) Survivor regions: 1->1(19)
[2023-11-10T12:11:33.896-0800][77897528ms] GC(26203) Old regions: 1463->1463
[2023-11-10T12:11:33.896-0800][77897528ms] GC(26203) Humongous regions: 5->5
[2023-11-10T12:11:33.896-0800][77897528ms] GC(26203) Metaspace: 305043K->305043K(1349632K)
[2023-11-10T12:11:33.896-0800][77897528ms] GC(26203) Pause Young (Normal) (G1 Evacuation Pause) 3236M->2936M(3602M) 4.983ms
[2023-11-10T12:11:33.896-0800][77897528ms] GC(26203) User=0.00s Sys=0.00s Real=0.00s
[2023-11-10T12:11:34.183-0800][77897815ms] GC(26204) Pause Young (Normal) (G1 Evacuation Pause)
[2023-11-10T12:11:34.183-0800][77897815ms] GC(26204) Using 10 workers of 10 for evacuation
[2023-11-10T12:11:34.188-0800][77897820ms] GC(26204)   Pre Evacuate Collection Set: 0.0ms
[2023-11-10T12:11:34.188-0800][77897820ms] GC(26204)   Evacuate Collection Set: 1.6ms
[2023-11-10T12:11:34.188-0800][77897820ms] GC(26204)   Post Evacuate Collection Set: 2.9ms
[2023-11-10T12:11:34.188-0800][77897820ms] GC(26204)   Other: 0.2ms
[2023-11-10T12:11:34.188-0800][77897820ms] GC(26204) Eden regions: 150->0(150)
[2023-11-10T12:11:34.188-0800][77897820ms] GC(26204) Survivor regions: 1->1(19)
[2023-11-10T12:11:34.188-0800][77897820ms] GC(26204) Old regions: 1463->1463
[2023-11-10T12:11:34.188-0800][77897820ms] GC(26204) Humongous regions: 5->5
[2023-11-10T12:11:34.188-0800][77897820ms] GC(26204) Metaspace: 305043K->305043K(1349632K)
[2023-11-10T12:11:34.188-0800][77897820ms] GC(26204) Pause Young (Normal) (G1 Evacuation Pause) 3236M->2936M(3602M) 4.878ms
[2023-11-10T12:11:34.188-0800][77897820ms] GC(26204) User=0.00s Sys=0.00s Real=0.00s
[2023-11-10T12:11:34.454-0800][77898086ms] GC(26205) Pause Young (Normal) (G1 Evacuation Pause)
[2023-11-10T12:11:34.454-0800][77898086ms] GC(26205) Using 10 workers of 10 for evacuation
[2023-11-10T12:11:34.459-0800][77898091ms] GC(26205)   Pre Evacuate Collection Set: 0.0ms
[2023-11-10T12:11:34.459-0800][77898091ms] GC(26205)   Evacuate Collection Set: 1.6ms
[2023-11-10T12:11:34.459-0800][77898091ms] GC(26205)   Post Evacuate Collection Set: 3.2ms
[2023-11-10T12:11:34.459-0800][77898091ms] GC(26205)   Other: 0.2ms
[2023-11-10T12:11:34.459-0800][77898091ms] GC(26205) Eden regions: 150->0(150)
[2023-11-10T12:11:34.459-0800][77898091ms] GC(26205) Survivor regions: 1->1(19)
[2023-11-10T12:11:34.459-0800][77898091ms] GC(26205) Old regions: 1463->1463
[2023-11-10T12:11:34.459-0800][77898091ms] GC(26205) Humongous regions: 5->5
[2023-11-10T12:11:34.459-0800][77898091ms] GC(26205) Metaspace: 305043K->305043K(1349632K)
[2023-11-10T12:11:34.459-0800][77898091ms] GC(26205) Pause Young (Normal) (G1 Evacuation Pause) 3236M->2936M(3602M) 5.208ms
[2023-11-10T12:11:34.459-0800][77898091ms] GC(26205) User=0.00s Sys=0.00s Real=0.01s
[2023-11-10T12:11:34.733-0800][77898365ms] GC(26206) Pause Young (Normal) (G1 Evacuation Pause)
[2023-11-10T12:11:34.733-0800][77898365ms] GC(26206) Using 10 workers of 10 for evacuation
[2023-11-10T12:11:34.739-0800][77898371ms] GC(26206)   Pre Evacuate Collection Set: 0.0ms
[2023-11-10T12:11:34.739-0800][77898371ms] GC(26206)   Evacuate Collection Set: 1.6ms
[2023-11-10T12:11:34.739-0800][77898371ms] GC(26206)   Post Evacuate Collection Set: 3.1ms
[2023-11-10T12:11:34.739-0800][77898371ms] GC(26206)   Other: 0.3ms
[2023-11-10T12:11:34.739-0800][77898371ms] GC(26206) Eden regions: 150->0(150)
[2023-11-10T12:11:34.739-0800][77898371ms] GC(26206) Survivor regions: 1->1(19)
[2023-11-10T12:11:34.739-0800][77898371ms] GC(26206) Old regions: 1463->1463
[2023-11-10T12:11:34.739-0800][77898371ms] GC(26206) Humongous regions: 5->5
[2023-11-10T12:11:34.739-0800][77898371ms] GC(26206) Metaspace: 305043K->305043K(1349632K)
[2023-11-10T12:11:34.739-0800][77898371ms] GC(26206) Pause Young (Normal) (G1 Evacuation Pause) 3236M->2936M(3602M) 5.137ms
[2023-11-10T12:11:34.739-0800][77898371ms] GC(26206) User=0.00s Sys=0.00s Real=0.01s
[2023-11-10T12:11:35.016-0800][77898648ms] GC(26207) Pause Young (Normal) (G1 Evacuation Pause)
[2023-11-10T12:11:35.016-0800][77898648ms] GC(26207) Using 10 workers of 10 for evacuation
[2023-11-10T12:11:35.021-0800][77898653ms] GC(26207)   Pre Evacuate Collection Set: 0.0ms
[2023-11-10T12:11:35.021-0800][77898653ms] GC(26207)   Evacuate Collection Set: 1.6ms
[2023-11-10T12:11:35.021-0800][77898653ms] GC(26207)   Post Evacuate Collection Set: 3.0ms
[2023-11-10T12:11:35.021-0800][77898653ms] GC(26207)   Other: 0.3ms
[2023-11-10T12:11:35.021-0800][77898653ms] GC(26207) Eden regions: 150->0(150)
[2023-11-10T12:11:35.021-0800][77898653ms] GC(26207) Survivor regions: 1->1(19)
[2023-11-10T12:11:35.021-0800][77898653ms] GC(26207) Old regions: 1463->1463
[2023-11-10T12:11:35.021-0800][77898653ms] GC(26207) Humongous regions: 5->5
[2023-11-10T12:11:35.021-0800][77898653ms] GC(26207) Metaspace: 305043K->305043K(1349632K)
[2023-11-10T12:11:35.021-0800][77898653ms] GC(26207) Pause Young (Normal) (G1 Evacuation Pause) 3236M->2936M(3602M) 5.040ms
[2023-11-10T12:11:35.021-0800][77898653ms] GC(26207) User=0.00s Sys=0.00s Real=0.00s
[2023-11-10T12:11:35.315-0800][77898947ms] GC(26208) Pause Young (Normal) (G1 Evacuation Pause)
[2023-11-10T12:11:35.315-0800][77898947ms] GC(26208) Using 10 workers of 10 for evacuation
[2023-11-10T12:11:35.321-0800][77898953ms] GC(26208)   Pre Evacuate Collection Set: 0.0ms
[2023-11-10T12:11:35.321-0800][77898953ms] GC(26208)   Evacuate Collection Set: 1.7ms
[2023-11-10T12:11:35.321-0800][77898953ms] GC(26208)   Post Evacuate Collection Set: 3.5ms
[2023-11-10T12:11:35.321-0800][77898953ms] GC(26208)   Other: 0.3ms
[2023-11-10T12:11:35.321-0800][77898953ms] GC(26208) Eden regions: 150->0(150)
[2023-11-10T12:11:35.321-0800][77898953ms] GC(26208) Survivor regions: 1->1(19)
[2023-11-10T12:11:35.321-0800][77898953ms] GC(26208) Old regions: 1463->1463
[2023-11-10T12:11:35.321-0800][77898953ms] GC(26208) Humongous regions: 5->5
[2023-11-10T12:11:35.321-0800][77898953ms] GC(26208) Metaspace: 305043K->305043K(1349632K)
[2023-11-10T12:11:35.321-0800][77898953ms] GC(26208) Pause Young (Normal) (G1 Evacuation Pause) 3236M->2936M(3602M) 5.643ms
[2023-11-10T12:11:35.321-0800][77898953ms] GC(26208) User=0.00s Sys=0.00s Real=0.01s
[2023-11-10T12:11:35.605-0800][77899237ms] GC(26209) Pause Young (Normal) (G1 Evacuation Pause)
[2023-11-10T12:11:35.605-0800][77899237ms] GC(26209) Using 10 workers of 10 for evacuation
[2023-11-10T12:11:35.609-0800][77899241ms] GC(26209)   Pre Evacuate Collection Set: 0.0ms
[2023-11-10T12:11:35.609-0800][77899241ms] GC(26209)   Evacuate Collection Set: 1.6ms
[2023-11-10T12:11:35.610-0800][77899242ms] GC(26209)   Post Evacuate Collection Set: 3.0ms
[2023-11-10T12:11:35.610-0800][77899242ms] GC(26209)   Other: 0.2ms
[2023-11-10T12:11:35.610-0800][77899242ms] GC(26209) Eden regions: 150->0(150)
[2023-11-10T12:11:35.610-0800][77899242ms] GC(26209) Survivor regions: 1->1(19)
[2023-11-10T12:11:35.610-0800][77899242ms] GC(26209) Old regions: 1463->1463
[2023-11-10T12:11:35.610-0800][77899242ms] GC(26209) Humongous regions: 5->5
[2023-11-10T12:11:35.610-0800][77899242ms] GC(26209) Metaspace: 305043K->305043K(1349632K)
[2023-11-10T12:11:35.610-0800][77899242ms] GC(26209) Pause Young (Normal) (G1 Evacuation Pause) 3236M->2936M(3602M) 4.986ms
[2023-11-10T12:11:35.610-0800][77899242ms] GC(26209) User=0.00s Sys=0.00s Real=0.00s
[2023-11-10T12:11:35.878-0800][77899510ms] GC(26210) Pause Young (Normal) (G1 Evacuation Pause)
[2023-11-10T12:11:35.878-0800][77899510ms] GC(26210) Using 10 workers of 10 for evacuation
[2023-11-10T12:11:35.884-0800][77899516ms] GC(26210)   Pre Evacuate Collection Set: 0.1ms
[2023-11-10T12:11:35.884-0800][77899516ms] GC(26210)   Evacuate Collection Set: 1.9ms
[2023-11-10T12:11:35.884-0800][77899516ms] GC(26210)   Post Evacuate Collection Set: 3.3ms
[2023-11-10T12:11:35.884-0800][77899516ms] GC(26210)   Other: 0.3ms
[2023-11-10T12:11:35.884-0800][77899516ms] GC(26210) Eden regions: 150->0(150)
[2023-11-10T12:11:35.884-0800][77899516ms] GC(26210) Survivor regions: 1->1(19)
[2023-11-10T12:11:35.884-0800][77899516ms] GC(26210) Old regions: 1463->1463
[2023-11-10T12:11:35.884-0800][77899516ms] GC(26210) Humongous regions: 5->5
[2023-11-10T12:11:35.884-0800][77899516ms] GC(26210) Metaspace: 305043K->305043K(1349632K)
[2023-11-10T12:11:35.884-0800][77899516ms] GC(26210) Pause Young (Normal) (G1 Evacuation Pause) 3236M->2936M(3602M) 5.669ms
[2023-11-10T12:11:35.884-0800][77899516ms] GC(26210) User=0.00s Sys=0.00s Real=0.01s
[2023-11-10T12:11:36.157-0800][77899789ms] GC(26211) Pause Young (Normal) (G1 Evacuation Pause)
[2023-11-10T12:11:36.157-0800][77899789ms] GC(26211) Using 10 workers of 10 for evacuation
[2023-11-10T12:11:36.162-0800][77899794ms] GC(26211)   Pre Evacuate Collection Set: 0.0ms
[2023-11-10T12:11:36.162-0800][77899794ms] GC(26211)   Evacuate Collection Set: 1.8ms
[2023-11-10T12:11:36.162-0800][77899794ms] GC(26211)   Post Evacuate Collection Set: 3.2ms
[2023-11-10T12:11:36.162-0800][77899794ms] GC(26211)   Other: 0.3ms
[2023-11-10T12:11:36.162-0800][77899794ms] GC(26211) Eden regions: 150->0(150)
[2023-11-10T12:11:36.162-0800][77899794ms] GC(26211) Survivor regions: 1->1(19)
[2023-11-10T12:11:36.162-0800][77899794ms] GC(26211) Old regions: 1463->1463
[2023-11-10T12:11:36.162-0800][77899794ms] GC(26211) Humongous regions: 5->5
[2023-11-10T12:11:36.162-0800][77899794ms] GC(26211) Metaspace: 305043K->305043K(1349632K)
[2023-11-10T12:11:36.162-0800][77899794ms] GC(26211) Pause Young (Normal) (G1 Evacuation Pause) 3236M->2936M(3602M) 5.333ms
[2023-11-10T12:11:36.162-0800][77899794ms] GC(26211) User=0.00s Sys=0.00s Real=0.00s
[2023-11-10T12:11:36.466-0800][77900098ms] GC(26212) Pause Young (Normal) (G1 Evacuation Pause)
[2023-11-10T12:11:36.466-0800][77900098ms] GC(26212) Using 10 workers of 10 for evacuation
[2023-11-10T12:11:36.471-0800][77900103ms] GC(26212)   Pre Evacuate Collection Set: 0.0ms
[2023-11-10T12:11:36.471-0800][77900103ms] GC(26212)   Evacuate Collection Set: 1.7ms
[2023-11-10T12:11:36.471-0800][77900103ms] GC(26212)   Post Evacuate Collection Set: 3.0ms
[2023-11-10T12:11:36.471-0800][77900103ms] GC(26212)   Other: 0.2ms
[2023-11-10T12:11:36.471-0800][77900103ms] GC(26212) Eden regions: 150->0(150)
[2023-11-10T12:11:36.471-0800][77900103ms] GC(26212) Survivor regions: 1->1(19)
[2023-11-10T12:11:36.471-0800][77900103ms] GC(26212) Old regions: 1463->1463
[2023-11-10T12:11:36.471-0800][77900103ms] GC(26212) Humongous regions: 5->5
[2023-11-10T12:11:36.471-0800][77900103ms] GC(26212) Metaspace: 305043K->305043K(1349632K)
[2023-11-10T12:11:36.471-0800][77900103ms] GC(26212) Pause Young (Normal) (G1 Evacuation Pause) 3236M->2936M(3602M) 5.092ms
[2023-11-10T12:11:36.471-0800][77900103ms] GC(26212) User=0.00s Sys=0.00s Real=0.00s
[2023-11-10T12:11:36.747-0800][77900379ms] GC(26213) Pause Young (Normal) (G1 Evacuation Pause)
[2023-11-10T12:11:36.747-0800][77900379ms] GC(26213) Using 10 workers of 10 for evacuation
[2023-11-10T12:11:36.753-0800][77900385ms] GC(26213)   Pre Evacuate Collection Set: 0.0ms
[2023-11-10T12:11:36.753-0800][77900385ms] GC(26213)   Evacuate Collection Set: 1.6ms
[2023-11-10T12:11:36.753-0800][77900385ms] GC(26213)   Post Evacuate Collection Set: 3.2ms
[2023-11-10T12:11:36.753-0800][77900385ms] GC(26213)   Other: 0.3ms
[2023-11-10T12:11:36.753-0800][77900385ms] GC(26213) Eden regions: 150->0(149)
[2023-11-10T12:11:36.753-0800][77900385ms] GC(26213) Survivor regions: 1->1(19)
[2023-11-10T12:11:36.753-0800][77900385ms] GC(26213) Old regions: 1463->1464
[2023-11-10T12:11:36.753-0800][77900385ms] GC(26213) Humongous regions: 5->5
[2023-11-10T12:11:36.753-0800][77900385ms] GC(26213) Metaspace: 305043K->305043K(1349632K)
[2023-11-10T12:11:36.753-0800][77900385ms] GC(26213) Pause Young (Normal) (G1 Evacuation Pause) 3236M->2936M(3602M) 5.199ms
[2023-11-10T12:11:36.753-0800][77900385ms] GC(26213) User=0.00s Sys=0.00s Real=0.01s
[2023-11-10T12:11:37.024-0800][77900656ms] GC(26214) Pause Young (Normal) (G1 Evacuation Pause)
[2023-11-10T12:11:37.024-0800][77900656ms] GC(26214) Using 10 workers of 10 for evacuation
[2023-11-10T12:11:37.028-0800][77900660ms] GC(26214)   Pre Evacuate Collection Set: 0.0ms
[2023-11-10T12:11:37.028-0800][77900660ms] GC(26214)   Evacuate Collection Set: 1.6ms
[2023-11-10T12:11:37.028-0800][77900660ms] GC(26214)   Post Evacuate Collection Set: 3.1ms
[2023-11-10T12:11:37.028-0800][77900660ms] GC(26214)   Other: 0.3ms
[2023-11-10T12:11:37.028-0800][77900660ms] GC(26214) Eden regions: 149->0(149)
[2023-11-10T12:11:37.028-0800][77900660ms] GC(26214) Survivor regions: 1->1(19)
[2023-11-10T12:11:37.028-0800][77900660ms] GC(26214) Old regions: 1464->1464
[2023-11-10T12:11:37.028-0800][77900660ms] GC(26214) Humongous regions: 5->5
[2023-11-10T12:11:37.028-0800][77900660ms] GC(26214) Metaspace: 305043K->305043K(1349632K)
[2023-11-10T12:11:37.028-0800][77900660ms] GC(26214) Pause Young (Normal) (G1 Evacuation Pause) 3234M->2936M(3602M) 5.208ms
[2023-11-10T12:11:37.028-0800][77900660ms] GC(26214) User=0.00s Sys=0.00s Real=0.00s
[2023-11-10T12:11:37.303-0800][77900935ms] GC(26215) Pause Young (Normal) (G1 Evacuation Pause)
[2023-11-10T12:11:37.303-0800][77900935ms] GC(26215) Using 10 workers of 10 for evacuation
[2023-11-10T12:11:37.307-0800][77900939ms] GC(26215)   Pre Evacuate Collection Set: 0.0ms
[2023-11-10T12:11:37.309-0800][77900941ms] GC(26215)   Evacuate Collection Set: 1.7ms
[2023-11-10T12:11:37.309-0800][77900941ms] GC(26215)   Post Evacuate Collection Set: 3.3ms
[2023-11-10T12:11:37.309-0800][77900941ms] GC(26215)   Other: 0.3ms
[2023-11-10T12:11:37.309-0800][77900941ms] GC(26215) Eden regions: 149->0(149)
[2023-11-10T12:11:37.309-0800][77900941ms] GC(26215) Survivor regions: 1->1(19)
[2023-11-10T12:11:37.309-0800][77900941ms] GC(26215) Old regions: 1464->1464
[2023-11-10T12:11:37.309-0800][77900941ms] GC(26215) Humongous regions: 5->5
[2023-11-10T12:11:37.309-0800][77900941ms] GC(26215) Metaspace: 305043K->305043K(1349632K)
[2023-11-10T12:11:37.309-0800][77900941ms] GC(26215) Pause Young (Normal) (G1 Evacuation Pause) 3234M->2936M(3602M) 5.448ms
[2023-11-10T12:11:37.309-0800][77900941ms] GC(26215) User=0.13s Sys=0.00s Real=0.01s
[2023-11-10T12:11:37.599-0800][77901231ms] GC(26216) Pause Young (Normal) (G1 Evacuation Pause)
[2023-11-10T12:11:37.599-0800][77901231ms] GC(26216) Using 10 workers of 10 for evacuation
[2023-11-10T12:11:37.604-0800][77901236ms] GC(26216)   Pre Evacuate Collection Set: 0.0ms
[2023-11-10T12:11:37.604-0800][77901236ms] GC(26216)   Evacuate Collection Set: 1.7ms
[2023-11-10T12:11:37.604-0800][77901236ms] GC(26216)   Post Evacuate Collection Set: 3.5ms
[2023-11-10T12:11:37.604-0800][77901236ms] GC(26216)   Other: 0.3ms
[2023-11-10T12:11:37.604-0800][77901236ms] GC(26216) Eden regions: 149->0(149)
[2023-11-10T12:11:37.604-0800][77901236ms] GC(26216) Survivor regions: 1->1(19)
[2023-11-10T12:11:37.604-0800][77901236ms] GC(26216) Old regions: 1464->1464
[2023-11-10T12:11:37.604-0800][77901236ms] GC(26216) Humongous regions: 5->5
[2023-11-10T12:11:37.604-0800][77901236ms] GC(26216) Metaspace: 305043K->305043K(1349632K)
[2023-11-10T12:11:37.605-0800][77901237ms] GC(26216) Pause Young (Normal) (G1 Evacuation Pause) 3234M->2936M(3602M) 5.599ms
[2023-11-10T12:11:37.605-0800][77901237ms] GC(26216) User=0.02s Sys=0.00s Real=0.01s
[2023-11-10T12:11:37.903-0800][77901535ms] GC(26217) Pause Young (Normal) (G1 Evacuation Pause)
[2023-11-10T12:11:37.903-0800][77901535ms] GC(26217) Using 10 workers of 10 for evacuation
[2023-11-10T12:11:37.908-0800][77901540ms] GC(26217)   Pre Evacuate Collection Set: 0.0ms
[2023-11-10T12:11:37.908-0800][77901540ms] GC(26217)   Evacuate Collection Set: 1.6ms
[2023-11-10T12:11:37.908-0800][77901540ms] GC(26217)   Post Evacuate Collection Set: 3.0ms
[2023-11-10T12:11:37.908-0800][77901540ms] GC(26217)   Other: 0.2ms
[2023-11-10T12:11:37.908-0800][77901540ms] GC(26217) Eden regions: 149->0(149)
[2023-11-10T12:11:37.908-0800][77901540ms] GC(26217) Survivor regions: 1->1(19)
[2023-11-10T12:11:37.908-0800][77901540ms] GC(26217) Old regions: 1464->1464
[2023-11-10T12:11:37.908-0800][77901540ms] GC(26217) Humongous regions: 5->5
[2023-11-10T12:11:37.908-0800][77901540ms] GC(26217) Metaspace: 305043K->305043K(1349632K)
[2023-11-10T12:11:37.908-0800][77901540ms] GC(26217) Pause Young (Normal) (G1 Evacuation Pause) 3234M->2936M(3602M) 5.012ms
[2023-11-10T12:11:37.908-0800][77901540ms] GC(26217) User=0.00s Sys=0.00s Real=0.00s
[2023-11-10T12:11:38.174-0800][77901806ms] GC(26218) Pause Young (Normal) (G1 Evacuation Pause)
[2023-11-10T12:11:38.174-0800][77901806ms] GC(26218) Using 10 workers of 10 for evacuation
[2023-11-10T12:11:38.179-0800][77901811ms] GC(26218)   Pre Evacuate Collection Set: 0.0ms
[2023-11-10T12:11:38.179-0800][77901811ms] GC(26218)   Evacuate Collection Set: 1.6ms
[2023-11-10T12:11:38.179-0800][77901811ms] GC(26218)   Post Evacuate Collection Set: 3.2ms
[2023-11-10T12:11:38.179-0800][77901811ms] GC(26218)   Other: 0.3ms
[2023-11-10T12:11:38.179-0800][77901811ms] GC(26218) Eden regions: 149->0(149)
[2023-11-10T12:11:38.179-0800][77901811ms] GC(26218) Survivor regions: 1->1(19)
[2023-11-10T12:11:38.179-0800][77901811ms] GC(26218) Old regions: 1464->1464
[2023-11-10T12:11:38.179-0800][77901811ms] GC(26218) Humongous regions: 5->5
[2023-11-10T12:11:38.179-0800][77901811ms] GC(26218) Metaspace: 305043K->305043K(1349632K)
[2023-11-10T12:11:38.179-0800][77901811ms] GC(26218) Pause Young (Normal) (G1 Evacuation Pause) 3234M->2936M(3602M) 5.161ms
[2023-11-10T12:11:38.179-0800][77901811ms] GC(26218) User=0.00s Sys=0.00s Real=0.00s
[2023-11-10T12:11:38.430-0800][77902062ms] GC(26219) Pause Young (Normal) (G1 Evacuation Pause)
[2023-11-10T12:11:38.430-0800][77902062ms] GC(26219) Using 10 workers of 10 for evacuation
[2023-11-10T12:11:38.435-0800][77902067ms] GC(26219)   Pre Evacuate Collection Set: 0.0ms
[2023-11-10T12:11:38.435-0800][77902067ms] GC(26219)   Evacuate Collection Set: 1.6ms
[2023-11-10T12:11:38.435-0800][77902067ms] GC(26219)   Post Evacuate Collection Set: 3.0ms
[2023-11-10T12:11:38.435-0800][77902067ms] GC(26219)   Other: 0.3ms
[2023-11-10T12:11:38.435-0800][77902067ms] GC(26219) Eden regions: 149->0(149)
[2023-11-10T12:11:38.435-0800][77902067ms] GC(26219) Survivor regions: 1->1(19)
[2023-11-10T12:11:38.435-0800][77902067ms] GC(26219) Old regions: 1464->1464
[2023-11-10T12:11:38.435-0800][77902067ms] GC(26219) Humongous regions: 5->5
[2023-11-10T12:11:38.435-0800][77902067ms] GC(26219) Metaspace: 305043K->305043K(1349632K)
[2023-11-10T12:11:38.435-0800][77902067ms] GC(26219) Pause Young (Normal) (G1 Evacuation Pause) 3234M->2936M(3602M) 4.962ms
[2023-11-10T12:11:38.435-0800][77902067ms] GC(26219) User=0.00s Sys=0.00s Real=0.00s
[2023-11-10T12:11:38.680-0800][77902312ms] GC(26220) Pause Young (Normal) (G1 Evacuation Pause)
[2023-11-10T12:11:38.680-0800][77902312ms] GC(26220) Using 10 workers of 10 for evacuation
[2023-11-10T12:11:38.685-0800][77902317ms] GC(26220)   Pre Evacuate Collection Set: 0.0ms
[2023-11-10T12:11:38.685-0800][77902317ms] GC(26220)   Evacuate Collection Set: 1.7ms
[2023-11-10T12:11:38.685-0800][77902317ms] GC(26220)   Post Evacuate Collection Set: 3.0ms
[2023-11-10T12:11:38.685-0800][77902317ms] GC(26220)   Other: 0.2ms
[2023-11-10T12:11:38.685-0800][77902317ms] GC(26220) Eden regions: 149->0(149)
[2023-11-10T12:11:38.685-0800][77902317ms] GC(26220) Survivor regions: 1->1(19)
[2023-11-10T12:11:38.685-0800][77902317ms] GC(26220) Old regions: 1464->1464
[2023-11-10T12:11:38.685-0800][77902317ms] GC(26220) Humongous regions: 5->5
[2023-11-10T12:11:38.685-0800][77902317ms] GC(26220) Metaspace: 305043K->305043K(1349632K)
[2023-11-10T12:11:38.685-0800][77902317ms] GC(26220) Pause Young (Normal) (G1 Evacuation Pause) 3234M->2936M(3602M) 5.075ms
[2023-11-10T12:11:38.685-0800][77902317ms] GC(26220) User=0.00s Sys=0.00s Real=0.00s
[2023-11-10T12:11:38.959-0800][77902591ms] GC(26221) Pause Young (Normal) (G1 Evacuation Pause)
[2023-11-10T12:11:38.959-0800][77902591ms] GC(26221) Using 10 workers of 10 for evacuation
[2023-11-10T12:11:38.964-0800][77902596ms] GC(26221)   Pre Evacuate Collection Set: 0.0ms
[2023-11-10T12:11:38.964-0800][77902596ms] GC(26221)   Evacuate Collection Set: 2.0ms
[2023-11-10T12:11:38.964-0800][77902597ms] GC(26221)   Post Evacuate Collection Set: 3.1ms
[2023-11-10T12:11:38.965-0800][77902597ms] GC(26221)   Other: 0.3ms
[2023-11-10T12:11:38.965-0800][77902597ms] GC(26221) Eden regions: 149->0(149)
[2023-11-10T12:11:38.965-0800][77902597ms] GC(26221) Survivor regions: 1->1(19)
[2023-11-10T12:11:38.965-0800][77902597ms] GC(26221) Old regions: 1464->1464
[2023-11-10T12:11:38.965-0800][77902597ms] GC(26221) Humongous regions: 5->5
[2023-11-10T12:11:38.965-0800][77902597ms] GC(26221) Metaspace: 305043K->305043K(1349632K)
[2023-11-10T12:11:38.965-0800][77902597ms] GC(26221) Pause Young (Normal) (G1 Evacuation Pause) 3234M->2936M(3602M) 5.536ms
[2023-11-10T12:11:38.965-0800][77902597ms] GC(26221) User=0.13s Sys=0.00s Real=0.01s
[2023-11-10T12:11:39.243-0800][77902875ms] GC(26222) Pause Young (Normal) (G1 Evacuation Pause)
[2023-11-10T12:11:39.243-0800][77902875ms] GC(26222) Using 10 workers of 10 for evacuation
[2023-11-10T12:11:39.248-0800][77902880ms] GC(26222)   Pre Evacuate Collection Set: 0.1ms
[2023-11-10T12:11:39.248-0800][77902880ms] GC(26222)   Evacuate Collection Set: 1.7ms
[2023-11-10T12:11:39.248-0800][77902880ms] GC(26222)   Post Evacuate Collection Set: 3.1ms
[2023-11-10T12:11:39.248-0800][77902880ms] GC(26222)   Other: 0.3ms
[2023-11-10T12:11:39.248-0800][77902880ms] GC(26222) Eden regions: 149->0(149)
[2023-11-10T12:11:39.248-0800][77902880ms] GC(26222) Survivor regions: 1->1(19)
[2023-11-10T12:11:39.248-0800][77902880ms] GC(26222) Old regions: 1464->1464
[2023-11-10T12:11:39.248-0800][77902880ms] GC(26222) Humongous regions: 5->5
[2023-11-10T12:11:39.248-0800][77902880ms] GC(26222) Metaspace: 305043K->305043K(1349632K)
[2023-11-10T12:11:39.248-0800][77902880ms] GC(26222) Pause Young (Normal) (G1 Evacuation Pause) 3234M->2936M(3602M) 5.205ms
[2023-11-10T12:11:39.248-0800][77902880ms] GC(26222) User=0.00s Sys=0.00s Real=0.00s
[2023-11-10T12:11:39.503-0800][77903135ms] GC(26223) Pause Young (Normal) (G1 Evacuation Pause)
[2023-11-10T12:11:39.503-0800][77903135ms] GC(26223) Using 10 workers of 10 for evacuation
[2023-11-10T12:11:39.508-0800][77903140ms] GC(26223)   Pre Evacuate Collection Set: 0.0ms
[2023-11-10T12:11:39.508-0800][77903140ms] GC(26223)   Evacuate Collection Set: 1.6ms
[2023-11-10T12:11:39.508-0800][77903140ms] GC(26223)   Post Evacuate Collection Set: 3.2ms
[2023-11-10T12:11:39.508-0800][77903140ms] GC(26223)   Other: 0.3ms
[2023-11-10T12:11:39.508-0800][77903140ms] GC(26223) Eden regions: 149->0(148)
[2023-11-10T12:11:39.508-0800][77903140ms] GC(26223) Survivor regions: 1->1(19)
[2023-11-10T12:11:39.508-0800][77903140ms] GC(26223) Old regions: 1464->1464
[2023-11-10T12:11:39.508-0800][77903140ms] GC(26223) Humongous regions: 5->5
[2023-11-10T12:11:39.508-0800][77903140ms] GC(26223) Metaspace: 305043K->305043K(1349632K)
[2023-11-10T12:11:39.508-0800][77903140ms] GC(26223) Pause Young (Normal) (G1 Evacuation Pause) 3234M->2937M(3602M) 5.137ms
[2023-11-10T12:11:39.508-0800][77903140ms] GC(26223) User=0.02s Sys=0.00s Real=0.00s
[2023-11-10T12:11:39.759-0800][77903391ms] GC(26224) Pause Young (Normal) (G1 Evacuation Pause)
[2023-11-10T12:11:39.759-0800][77903391ms] GC(26224) Using 10 workers of 10 for evacuation
[2023-11-10T12:11:39.765-0800][77903397ms] GC(26224)   Pre Evacuate Collection Set: 0.0ms
[2023-11-10T12:11:39.765-0800][77903397ms] GC(26224)   Evacuate Collection Set: 1.9ms
[2023-11-10T12:11:39.765-0800][77903397ms] GC(26224)   Post Evacuate Collection Set: 3.1ms
[2023-11-10T12:11:39.765-0800][77903397ms] GC(26224)   Other: 0.3ms
[2023-11-10T12:11:39.765-0800][77903397ms] GC(26224) Eden regions: 148->0(148)
[2023-11-10T12:11:39.765-0800][77903397ms] GC(26224) Survivor regions: 1->1(19)
[2023-11-10T12:11:39.765-0800][77903397ms] GC(26224) Old regions: 1464->1464
[2023-11-10T12:11:39.765-0800][77903397ms] GC(26224) Humongous regions: 5->5
[2023-11-10T12:11:39.765-0800][77903397ms] GC(26224) Metaspace: 305043K->305043K(1349632K)
[2023-11-10T12:11:39.765-0800][77903397ms] GC(26224) Pause Young (Normal) (G1 Evacuation Pause) 3233M->2936M(3602M) 5.343ms
[2023-11-10T12:11:39.765-0800][77903397ms] GC(26224) User=0.00s Sys=0.00s Real=0.01s
[2023-11-10T12:11:40.028-0800][77903660ms] GC(26225) Pause Young (Normal) (G1 Evacuation Pause)
[2023-11-10T12:11:40.028-0800][77903660ms] GC(26225) Using 10 workers of 10 for evacuation
[2023-11-10T12:11:40.033-0800][77903665ms] GC(26225)   Pre Evacuate Collection Set: 0.0ms
[2023-11-10T12:11:40.033-0800][77903665ms] GC(26225)   Evacuate Collection Set: 1.6ms
[2023-11-10T12:11:40.033-0800][77903665ms] GC(26225)   Post Evacuate Collection Set: 3.2ms
[2023-11-10T12:11:40.033-0800][77903665ms] GC(26225)   Other: 0.2ms
[2023-11-10T12:11:40.033-0800][77903665ms] GC(26225) Eden regions: 148->0(148)
[2023-11-10T12:11:40.033-0800][77903665ms] GC(26225) Survivor regions: 1->1(19)
[2023-11-10T12:11:40.033-0800][77903665ms] GC(26225) Old regions: 1464->1464
[2023-11-10T12:11:40.033-0800][77903665ms] GC(26225) Humongous regions: 5->5
[2023-11-10T12:11:40.033-0800][77903665ms] GC(26225) Metaspace: 305043K->305043K(1349632K)
[2023-11-10T12:11:40.033-0800][77903665ms] GC(26225) Pause Young (Normal) (G1 Evacuation Pause) 3232M->2936M(3602M) 5.110ms
[2023-11-10T12:11:40.033-0800][77903665ms] GC(26225) User=0.00s Sys=0.00s Real=0.00s
[2023-11-10T12:11:40.293-0800][77903925ms] GC(26226) Pause Young (Normal) (G1 Evacuation Pause)
[2023-11-10T12:11:40.293-0800][77903925ms] GC(26226) Using 10 workers of 10 for evacuation
[2023-11-10T12:11:40.297-0800][77903929ms] GC(26226)   Pre Evacuate Collection Set: 0.0ms
[2023-11-10T12:11:40.297-0800][77903929ms] GC(26226)   Evacuate Collection Set: 1.7ms
[2023-11-10T12:11:40.297-0800][77903929ms] GC(26226)   Post Evacuate Collection Set: 3.1ms
[2023-11-10T12:11:40.297-0800][77903929ms] GC(26226)   Other: 0.3ms
[2023-11-10T12:11:40.297-0800][77903929ms] GC(26226) Eden regions: 148->0(148)
[2023-11-10T12:11:40.297-0800][77903929ms] GC(26226) Survivor regions: 1->1(19)
[2023-11-10T12:11:40.297-0800][77903929ms] GC(26226) Old regions: 1464->1464
[2023-11-10T12:11:40.297-0800][77903929ms] GC(26226) Humongous regions: 5->5
[2023-11-10T12:11:40.297-0800][77903929ms] GC(26226) Metaspace: 305043K->305043K(1349632K)
[2023-11-10T12:11:40.297-0800][77903929ms] GC(26226) Pause Young (Normal) (G1 Evacuation Pause) 3232M->2936M(3602M) 5.207ms
[2023-11-10T12:11:40.297-0800][77903929ms] GC(26226) User=0.00s Sys=0.00s Real=0.00s
[2023-11-10T12:11:40.562-0800][77904194ms] GC(26227) Pause Young (Normal) (G1 Evacuation Pause)
[2023-11-10T12:11:40.562-0800][77904194ms] GC(26227) Using 10 workers of 10 for evacuation
[2023-11-10T12:11:40.567-0800][77904199ms] GC(26227)   Pre Evacuate Collection Set: 0.1ms
[2023-11-10T12:11:40.567-0800][77904199ms] GC(26227)   Evacuate Collection Set: 1.6ms
[2023-11-10T12:11:40.567-0800][77904199ms] GC(26227)   Post Evacuate Collection Set: 3.1ms
[2023-11-10T12:11:40.567-0800][77904199ms] GC(26227)   Other: 0.3ms
[2023-11-10T12:11:40.567-0800][77904199ms] GC(26227) Eden regions: 148->0(148)
[2023-11-10T12:11:40.567-0800][77904199ms] GC(26227) Survivor regions: 1->1(19)
[2023-11-10T12:11:40.567-0800][77904199ms] GC(26227) Old regions: 1464->1464
[2023-11-10T12:11:40.567-0800][77904199ms] GC(26227) Humongous regions: 5->5
[2023-11-10T12:11:40.567-0800][77904199ms] GC(26227) Metaspace: 305043K->305043K(1349632K)
[2023-11-10T12:11:40.567-0800][77904199ms] GC(26227) Pause Young (Normal) (G1 Evacuation Pause) 3232M->2936M(3602M) 5.200ms
[2023-11-10T12:11:40.567-0800][77904199ms] GC(26227) User=0.00s Sys=0.00s Real=0.00s
[2023-11-10T12:11:40.834-0800][77904466ms] GC(26228) Pause Young (Normal) (G1 Evacuation Pause)
[2023-11-10T12:11:40.834-0800][77904466ms] GC(26228) Using 10 workers of 10 for evacuation
[2023-11-10T12:11:40.840-0800][77904472ms] GC(26228)   Pre Evacuate Collection Set: 0.0ms
[2023-11-10T12:11:40.840-0800][77904472ms] GC(26228)   Evacuate Collection Set: 1.7ms
[2023-11-10T12:11:40.840-0800][77904472ms] GC(26228)   Post Evacuate Collection Set: 3.2ms
[2023-11-10T12:11:40.840-0800][77904472ms] GC(26228)   Other: 0.2ms
[2023-11-10T12:11:40.840-0800][77904472ms] GC(26228) Eden regions: 148->0(148)
[2023-11-10T12:11:40.840-0800][77904472ms] GC(26228) Survivor regions: 1->1(19)
[2023-11-10T12:11:40.840-0800][77904472ms] GC(26228) Old regions: 1464->1464
[2023-11-10T12:11:40.840-0800][77904472ms] GC(26228) Humongous regions: 5->5
[2023-11-10T12:11:40.840-0800][77904472ms] GC(26228) Metaspace: 305043K->305043K(1349632K)
[2023-11-10T12:11:40.840-0800][77904472ms] GC(26228) Pause Young (Normal) (G1 Evacuation Pause) 3232M->2936M(3602M) 5.341ms
[2023-11-10T12:11:40.840-0800][77904472ms] GC(26228) User=0.05s Sys=0.00s Real=0.01s
[2023-11-10T12:11:41.122-0800][77904754ms] GC(26229) Pause Young (Normal) (G1 Evacuation Pause)
[2023-11-10T12:11:41.122-0800][77904754ms] GC(26229) Using 10 workers of 10 for evacuation
[2023-11-10T12:11:41.126-0800][77904758ms] GC(26229)   Pre Evacuate Collection Set: 0.0ms
[2023-11-10T12:11:41.126-0800][77904758ms] GC(26229)   Evacuate Collection Set: 1.6ms
[2023-11-10T12:11:41.126-0800][77904758ms] GC(26229)   Post Evacuate Collection Set: 3.1ms
[2023-11-10T12:11:41.126-0800][77904758ms] GC(26229)   Other: 0.2ms
[2023-11-10T12:11:41.126-0800][77904758ms] GC(26229) Eden regions: 148->0(148)
[2023-11-10T12:11:41.126-0800][77904758ms] GC(26229) Survivor regions: 1->1(19)
[2023-11-10T12:11:41.126-0800][77904758ms] GC(26229) Old regions: 1464->1464
[2023-11-10T12:11:41.126-0800][77904758ms] GC(26229) Humongous regions: 5->5
[2023-11-10T12:11:41.126-0800][77904758ms] GC(26229) Metaspace: 305043K->305043K(1349632K)
[2023-11-10T12:11:41.126-0800][77904758ms] GC(26229) Pause Young (Normal) (G1 Evacuation Pause) 3232M->2936M(3602M) 5.159ms
[2023-11-10T12:11:41.126-0800][77904758ms] GC(26229) User=0.00s Sys=0.00s Real=0.00s
[2023-11-10T12:11:41.412-0800][77905044ms] GC(26230) Pause Young (Normal) (G1 Evacuation Pause)
[2023-11-10T12:11:41.412-0800][77905044ms] GC(26230) Using 10 workers of 10 for evacuation
[2023-11-10T12:11:41.417-0800][77905049ms] GC(26230)   Pre Evacuate Collection Set: 0.0ms
[2023-11-10T12:11:41.417-0800][77905049ms] GC(26230)   Evacuate Collection Set: 1.6ms
[2023-11-10T12:11:41.417-0800][77905049ms] GC(26230)   Post Evacuate Collection Set: 3.2ms
[2023-11-10T12:11:41.417-0800][77905049ms] GC(26230)   Other: 0.2ms
[2023-11-10T12:11:41.417-0800][77905049ms] GC(26230) Eden regions: 148->0(148)
[2023-11-10T12:11:41.417-0800][77905049ms] GC(26230) Survivor regions: 1->1(19)
[2023-11-10T12:11:41.417-0800][77905049ms] GC(26230) Old regions: 1464->1464
[2023-11-10T12:11:41.417-0800][77905049ms] GC(26230) Humongous regions: 5->5
[2023-11-10T12:11:41.417-0800][77905049ms] GC(26230) Metaspace: 305043K->305043K(1349632K)
[2023-11-10T12:11:41.417-0800][77905049ms] GC(26230) Pause Young (Normal) (G1 Evacuation Pause) 3232M->2936M(3602M) 5.075ms
[2023-11-10T12:11:41.417-0800][77905049ms] GC(26230) User=0.03s Sys=0.00s Real=0.01s
[2023-11-10T12:11:41.703-0800][77905335ms] GC(26231) Pause Young (Normal) (G1 Evacuation Pause)
[2023-11-10T12:11:41.703-0800][77905335ms] GC(26231) Using 10 workers of 10 for evacuation
[2023-11-10T12:11:41.711-0800][77905343ms] GC(26231)   Pre Evacuate Collection Set: 0.1ms
[2023-11-10T12:11:41.711-0800][77905343ms] GC(26231)   Evacuate Collection Set: 2.1ms
[2023-11-10T12:11:41.711-0800][77905343ms] GC(26231)   Post Evacuate Collection Set: 5.1ms
[2023-11-10T12:11:41.711-0800][77905343ms] GC(26231)   Other: 0.4ms
[2023-11-10T12:11:41.711-0800][77905343ms] GC(26231) Eden regions: 148->0(148)
[2023-11-10T12:11:41.711-0800][77905343ms] GC(26231) Survivor regions: 1->1(19)
[2023-11-10T12:11:41.711-0800][77905343ms] GC(26231) Old regions: 1464->1464
[2023-11-10T12:11:41.711-0800][77905343ms] GC(26231) Humongous regions: 5->5
[2023-11-10T12:11:41.711-0800][77905343ms] GC(26231) Metaspace: 305043K->305043K(1349632K)
[2023-11-10T12:11:41.711-0800][77905343ms] GC(26231) Pause Young (Normal) (G1 Evacuation Pause) 3232M->2936M(3602M) 7.808ms
[2023-11-10T12:11:41.711-0800][77905343ms] GC(26231) User=0.00s Sys=0.00s Real=0.01s
[2023-11-10T12:11:42.066-0800][77905698ms] GC(26232) Pause Young (Normal) (G1 Evacuation Pause)
[2023-11-10T12:11:42.066-0800][77905698ms] GC(26232) Using 10 workers of 10 for evacuation
[2023-11-10T12:11:42.071-0800][77905703ms] GC(26232)   Pre Evacuate Collection Set: 0.0ms
[2023-11-10T12:11:42.071-0800][77905703ms] GC(26232)   Evacuate Collection Set: 1.8ms
[2023-11-10T12:11:42.071-0800][77905703ms] GC(26232)   Post Evacuate Collection Set: 3.2ms
[2023-11-10T12:11:42.071-0800][77905703ms] GC(26232)   Other: 0.3ms
[2023-11-10T12:11:42.071-0800][77905703ms] GC(26232) Eden regions: 148->0(148)
[2023-11-10T12:11:42.071-0800][77905703ms] GC(26232) Survivor regions: 1->1(19)
[2023-11-10T12:11:42.071-0800][77905703ms] GC(26232) Old regions: 1464->1464
[2023-11-10T12:11:42.071-0800][77905703ms] GC(26232) Humongous regions: 5->5
[2023-11-10T12:11:42.071-0800][77905703ms] GC(26232) Metaspace: 305043K->305043K(1349632K)
[2023-11-10T12:11:42.071-0800][77905703ms] GC(26232) Pause Young (Normal) (G1 Evacuation Pause) 3232M->2936M(3602M) 5.486ms
[2023-11-10T12:11:42.071-0800][77905703ms] GC(26232) User=0.00s Sys=0.00s Real=0.01s
[2023-11-10T12:11:42.336-0800][77905968ms] GC(26233) Pause Young (Normal) (G1 Evacuation Pause)
[2023-11-10T12:11:42.336-0800][77905968ms] GC(26233) Using 10 workers of 10 for evacuation
[2023-11-10T12:11:42.341-0800][77905973ms] GC(26233)   Pre Evacuate Collection Set: 0.0ms
[2023-11-10T12:11:42.341-0800][77905973ms] GC(26233)   Evacuate Collection Set: 1.6ms
[2023-11-10T12:11:42.341-0800][77905973ms] GC(26233)   Post Evacuate Collection Set: 3.0ms
[2023-11-10T12:11:42.341-0800][77905973ms] GC(26233)   Other: 0.3ms
[2023-11-10T12:11:42.341-0800][77905973ms] GC(26233) Eden regions: 148->0(148)
[2023-11-10T12:11:42.341-0800][77905973ms] GC(26233) Survivor regions: 1->1(19)
[2023-11-10T12:11:42.341-0800][77905973ms] GC(26233) Old regions: 1464->1464
[2023-11-10T12:11:42.341-0800][77905973ms] GC(26233) Humongous regions: 5->5
[2023-11-10T12:11:42.341-0800][77905973ms] GC(26233) Metaspace: 305043K->305043K(1349632K)
[2023-11-10T12:11:42.341-0800][77905973ms] GC(26233) Pause Young (Normal) (G1 Evacuation Pause) 3232M->2936M(3602M) 5.123ms
[2023-11-10T12:11:42.342-0800][77905974ms] GC(26233) User=0.00s Sys=0.00s Real=0.01s
[2023-11-10T12:11:42.609-0800][77906241ms] GC(26234) Pause Young (Normal) (G1 Evacuation Pause)
[2023-11-10T12:11:42.609-0800][77906241ms] GC(26234) Using 10 workers of 10 for evacuation
[2023-11-10T12:11:42.614-0800][77906246ms] GC(26234)   Pre Evacuate Collection Set: 0.0ms
[2023-11-10T12:11:42.614-0800][77906246ms] GC(26234)   Evacuate Collection Set: 1.7ms
[2023-11-10T12:11:42.614-0800][77906246ms] GC(26234)   Post Evacuate Collection Set: 3.2ms
[2023-11-10T12:11:42.614-0800][77906246ms] GC(26234)   Other: 0.3ms
[2023-11-10T12:11:42.614-0800][77906246ms] GC(26234) Eden regions: 148->0(149)
[2023-11-10T12:11:42.614-0800][77906246ms] GC(26234) Survivor regions: 1->1(19)
[2023-11-10T12:11:42.614-0800][77906246ms] GC(26234) Old regions: 1464->1464
[2023-11-10T12:11:42.614-0800][77906246ms] GC(26234) Humongous regions: 5->5
[2023-11-10T12:11:42.614-0800][77906246ms] GC(26234) Metaspace: 305043K->305043K(1349632K)
[2023-11-10T12:11:42.614-0800][77906246ms] GC(26234) Pause Young (Normal) (G1 Evacuation Pause) 3232M->2936M(3602M) 5.264ms
[2023-11-10T12:11:42.614-0800][77906246ms] GC(26234) User=0.00s Sys=0.00s Real=0.01s
[2023-11-10T12:11:42.904-0800][77906536ms] GC(26235) Pause Young (Normal) (G1 Evacuation Pause)
[2023-11-10T12:11:42.904-0800][77906536ms] GC(26235) Using 10 workers of 10 for evacuation
[2023-11-10T12:11:42.909-0800][77906541ms] GC(26235)   Pre Evacuate Collection Set: 0.0ms
[2023-11-10T12:11:42.909-0800][77906541ms] GC(26235)   Evacuate Collection Set: 1.6ms
[2023-11-10T12:11:42.909-0800][77906541ms] GC(26235)   Post Evacuate Collection Set: 3.2ms
[2023-11-10T12:11:42.909-0800][77906541ms] GC(26235)   Other: 0.2ms
[2023-11-10T12:11:42.909-0800][77906541ms] GC(26235) Eden regions: 149->0(149)
[2023-11-10T12:11:42.909-0800][77906541ms] GC(26235) Survivor regions: 1->1(19)
[2023-11-10T12:11:42.909-0800][77906541ms] GC(26235) Old regions: 1464->1464
[2023-11-10T12:11:42.909-0800][77906541ms] GC(26235) Humongous regions: 5->5
[2023-11-10T12:11:42.909-0800][77906541ms] GC(26235) Metaspace: 305043K->305043K(1349632K)
[2023-11-10T12:11:42.909-0800][77906541ms] GC(26235) Pause Young (Normal) (G1 Evacuation Pause) 3234M->2936M(3602M) 5.142ms
[2023-11-10T12:11:42.909-0800][77906541ms] GC(26235) User=0.00s Sys=0.00s Real=0.00s
[2023-11-10T12:11:43.180-0800][77906812ms] GC(26236) Pause Young (Normal) (G1 Evacuation Pause)
[2023-11-10T12:11:43.180-0800][77906812ms] GC(26236) Using 10 workers of 10 for evacuation
[2023-11-10T12:11:43.185-0800][77906817ms] GC(26236)   Pre Evacuate Collection Set: 0.0ms
[2023-11-10T12:11:43.185-0800][77906817ms] GC(26236)   Evacuate Collection Set: 1.6ms
[2023-11-10T12:11:43.185-0800][77906817ms] GC(26236)   Post Evacuate Collection Set: 3.1ms
[2023-11-10T12:11:43.185-0800][77906817ms] GC(26236)   Other: 0.2ms
[2023-11-10T12:11:43.185-0800][77906817ms] GC(26236) Eden regions: 149->0(149)
[2023-11-10T12:11:43.185-0800][77906817ms] GC(26236) Survivor regions: 1->1(19)
[2023-11-10T12:11:43.185-0800][77906817ms] GC(26236) Old regions: 1464->1464
[2023-11-10T12:11:43.185-0800][77906817ms] GC(26236) Humongous regions: 5->5
[2023-11-10T12:11:43.185-0800][77906817ms] GC(26236) Metaspace: 305043K->305043K(1349632K)
[2023-11-10T12:11:43.185-0800][77906817ms] GC(26236) Pause Young (Normal) (G1 Evacuation Pause) 3234M->2936M(3602M) 5.070ms
[2023-11-10T12:11:43.185-0800][77906817ms] GC(26236) User=0.00s Sys=0.00s Real=0.00s
[2023-11-10T12:11:43.446-0800][77907078ms] GC(26237) Pause Young (Normal) (G1 Evacuation Pause)
[2023-11-10T12:11:43.446-0800][77907078ms] GC(26237) Using 10 workers of 10 for evacuation
[2023-11-10T12:11:43.451-0800][77907083ms] GC(26237)   Pre Evacuate Collection Set: 0.0ms
[2023-11-10T12:11:43.451-0800][77907083ms] GC(26237)   Evacuate Collection Set: 1.7ms
[2023-11-10T12:11:43.451-0800][77907083ms] GC(26237)   Post Evacuate Collection Set: 3.0ms
[2023-11-10T12:11:43.451-0800][77907083ms] GC(26237)   Other: 0.3ms
[2023-11-10T12:11:43.451-0800][77907083ms] GC(26237) Eden regions: 149->0(149)
[2023-11-10T12:11:43.451-0800][77907083ms] GC(26237) Survivor regions: 1->1(19)
[2023-11-10T12:11:43.451-0800][77907083ms] GC(26237) Old regions: 1464->1464
[2023-11-10T12:11:43.451-0800][77907083ms] GC(26237) Humongous regions: 5->5
[2023-11-10T12:11:43.451-0800][77907083ms] GC(26237) Metaspace: 305043K->305043K(1349632K)
[2023-11-10T12:11:43.451-0800][77907083ms] GC(26237) Pause Young (Normal) (G1 Evacuation Pause) 3234M->2936M(3602M) 5.112ms
[2023-11-10T12:11:43.451-0800][77907083ms] GC(26237) User=0.00s Sys=0.00s Real=0.00s
[2023-11-10T12:11:43.728-0800][77907361ms] GC(26238) Pause Young (Normal) (G1 Evacuation Pause)
[2023-11-10T12:11:43.729-0800][77907361ms] GC(26238) Using 10 workers of 10 for evacuation
[2023-11-10T12:11:43.734-0800][77907366ms] GC(26238)   Pre Evacuate Collection Set: 0.0ms
[2023-11-10T12:11:43.734-0800][77907366ms] GC(26238)   Evacuate Collection Set: 1.7ms
[2023-11-10T12:11:43.734-0800][77907366ms] GC(26238)   Post Evacuate Collection Set: 3.2ms
[2023-11-10T12:11:43.734-0800][77907366ms] GC(26238)   Other: 0.2ms
[2023-11-10T12:11:43.734-0800][77907366ms] GC(26238) Eden regions: 149->0(149)
[2023-11-10T12:11:43.734-0800][77907366ms] GC(26238) Survivor regions: 1->1(19)
[2023-11-10T12:11:43.734-0800][77907366ms] GC(26238) Old regions: 1464->1464
[2023-11-10T12:11:43.734-0800][77907366ms] GC(26238) Humongous regions: 5->5
[2023-11-10T12:11:43.734-0800][77907366ms] GC(26238) Metaspace: 305043K->305043K(1349632K)
[2023-11-10T12:11:43.734-0800][77907366ms] GC(26238) Pause Young (Normal) (G1 Evacuation Pause) 3234M->2937M(3602M) 5.246ms
[2023-11-10T12:11:43.734-0800][77907366ms] GC(26238) User=0.00s Sys=0.00s Real=0.01s
[2023-11-10T12:11:44.003-0800][77907635ms] GC(26239) Pause Young (Normal) (G1 Evacuation Pause)
[2023-11-10T12:11:44.003-0800][77907635ms] GC(26239) Using 10 workers of 10 for evacuation
[2023-11-10T12:11:44.008-0800][77907640ms] GC(26239)   Pre Evacuate Collection Set: 0.0ms
[2023-11-10T12:11:44.008-0800][77907640ms] GC(26239)   Evacuate Collection Set: 1.7ms
[2023-11-10T12:11:44.008-0800][77907640ms] GC(26239)   Post Evacuate Collection Set: 3.1ms
[2023-11-10T12:11:44.008-0800][77907640ms] GC(26239)   Other: 0.3ms
[2023-11-10T12:11:44.008-0800][77907640ms] GC(26239) Eden regions: 149->0(149)
[2023-11-10T12:11:44.008-0800][77907640ms] GC(26239) Survivor regions: 1->1(19)
[2023-11-10T12:11:44.008-0800][77907640ms] GC(26239) Old regions: 1464->1464
[2023-11-10T12:11:44.008-0800][77907640ms] GC(26239) Humongous regions: 5->5
[2023-11-10T12:11:44.008-0800][77907640ms] GC(26239) Metaspace: 305043K->305043K(1349632K)
[2023-11-10T12:11:44.008-0800][77907640ms] GC(26239) Pause Young (Normal) (G1 Evacuation Pause) 3235M->2937M(3602M) 5.201ms
[2023-11-10T12:11:44.008-0800][77907640ms] GC(26239) User=0.02s Sys=0.00s Real=0.00s
[2023-11-10T12:11:44.259-0800][77907891ms] GC(26240) Pause Young (Normal) (G1 Evacuation Pause)
[2023-11-10T12:11:44.259-0800][77907891ms] GC(26240) Using 10 workers of 10 for evacuation
[2023-11-10T12:11:44.265-0800][77907897ms] GC(26240)   Pre Evacuate Collection Set: 0.0ms
[2023-11-10T12:11:44.265-0800][77907897ms] GC(26240)   Evacuate Collection Set: 1.8ms
[2023-11-10T12:11:44.265-0800][77907897ms] GC(26240)   Post Evacuate Collection Set: 3.5ms
[2023-11-10T12:11:44.265-0800][77907897ms] GC(26240)   Other: 0.3ms
[2023-11-10T12:11:44.265-0800][77907897ms] GC(26240) Eden regions: 149->0(149)
[2023-11-10T12:11:44.265-0800][77907897ms] GC(26240) Survivor regions: 1->1(19)
[2023-11-10T12:11:44.265-0800][77907897ms] GC(26240) Old regions: 1464->1464
[2023-11-10T12:11:44.265-0800][77907897ms] GC(26240) Humongous regions: 5->5
[2023-11-10T12:11:44.265-0800][77907897ms] GC(26240) Metaspace: 305043K->305043K(1349632K)
[2023-11-10T12:11:44.265-0800][77907897ms] GC(26240) Pause Young (Normal) (G1 Evacuation Pause) 3235M->2937M(3602M) 5.732ms
[2023-11-10T12:11:44.265-0800][77907897ms] GC(26240) User=0.00s Sys=0.00s Real=0.01s
[2023-11-10T12:11:44.554-0800][77908186ms] GC(26241) Pause Young (Normal) (G1 Evacuation Pause)
[2023-11-10T12:11:44.554-0800][77908186ms] GC(26241) Using 10 workers of 10 for evacuation
[2023-11-10T12:11:44.559-0800][77908191ms] GC(26241)   Pre Evacuate Collection Set: 0.0ms
[2023-11-10T12:11:44.559-0800][77908191ms] GC(26241)   Evacuate Collection Set: 1.7ms
[2023-11-10T12:11:44.560-0800][77908192ms] GC(26241)   Post Evacuate Collection Set: 3.0ms
[2023-11-10T12:11:44.560-0800][77908192ms] GC(26241)   Other: 0.2ms
[2023-11-10T12:11:44.560-0800][77908192ms] GC(26241) Eden regions: 149->0(149)
[2023-11-10T12:11:44.560-0800][77908192ms] GC(26241) Survivor regions: 1->1(19)
[2023-11-10T12:11:44.560-0800][77908192ms] GC(26241) Old regions: 1464->1464
[2023-11-10T12:11:44.560-0800][77908192ms] GC(26241) Humongous regions: 5->5
[2023-11-10T12:11:44.560-0800][77908192ms] GC(26241) Metaspace: 305043K->305043K(1349632K)
[2023-11-10T12:11:44.560-0800][77908192ms] GC(26241) Pause Young (Normal) (G1 Evacuation Pause) 3235M->2937M(3602M) 5.039ms
[2023-11-10T12:11:44.560-0800][77908192ms] GC(26241) User=0.00s Sys=0.00s Real=0.01s
[2023-11-10T12:11:44.819-0800][77908451ms] GC(26242) Pause Young (Normal) (G1 Evacuation Pause)
[2023-11-10T12:11:44.819-0800][77908451ms] GC(26242) Using 10 workers of 10 for evacuation
[2023-11-10T12:11:44.823-0800][77908455ms] GC(26242)   Pre Evacuate Collection Set: 0.0ms
[2023-11-10T12:11:44.823-0800][77908455ms] GC(26242)   Evacuate Collection Set: 1.6ms
[2023-11-10T12:11:44.823-0800][77908455ms] GC(26242)   Post Evacuate Collection Set: 3.0ms
[2023-11-10T12:11:44.823-0800][77908455ms] GC(26242)   Other: 0.2ms
[2023-11-10T12:11:44.823-0800][77908455ms] GC(26242) Eden regions: 149->0(149)
[2023-11-10T12:11:44.823-0800][77908455ms] GC(26242) Survivor regions: 1->1(19)
[2023-11-10T12:11:44.824-0800][77908456ms] GC(26242) Old regions: 1464->1464
[2023-11-10T12:11:44.824-0800][77908456ms] GC(26242) Humongous regions: 5->5
[2023-11-10T12:11:44.824-0800][77908456ms] GC(26242) Metaspace: 305043K->305043K(1349632K)
[2023-11-10T12:11:44.824-0800][77908456ms] GC(26242) Pause Young (Normal) (G1 Evacuation Pause) 3235M->2937M(3602M) 4.951ms
[2023-11-10T12:11:44.824-0800][77908456ms] GC(26242) User=0.06s Sys=0.00s Real=0.00s
[2023-11-10T12:11:45.084-0800][77908716ms] GC(26243) Pause Young (Normal) (G1 Evacuation Pause)
[2023-11-10T12:11:45.084-0800][77908716ms] GC(26243) Using 10 workers of 10 for evacuation
[2023-11-10T12:11:45.089-0800][77908721ms] GC(26243)   Pre Evacuate Collection Set: 0.0ms
[2023-11-10T12:11:45.089-0800][77908721ms] GC(26243)   Evacuate Collection Set: 1.6ms
[2023-11-10T12:11:45.089-0800][77908721ms] GC(26243)   Post Evacuate Collection Set: 3.0ms
[2023-11-10T12:11:45.089-0800][77908721ms] GC(26243)   Other: 0.2ms
[2023-11-10T12:11:45.089-0800][77908721ms] GC(26243) Eden regions: 149->0(149)
[2023-11-10T12:11:45.089-0800][77908721ms] GC(26243) Survivor regions: 1->1(19)
[2023-11-10T12:11:45.089-0800][77908721ms] GC(26243) Old regions: 1464->1464
[2023-11-10T12:11:45.089-0800][77908721ms] GC(26243) Humongous regions: 5->5
[2023-11-10T12:11:45.089-0800][77908721ms] GC(26243) Metaspace: 305043K->305043K(1349632K)
[2023-11-10T12:11:45.089-0800][77908721ms] GC(26243) Pause Young (Normal) (G1 Evacuation Pause) 3235M->2937M(3602M) 4.977ms
[2023-11-10T12:11:45.089-0800][77908721ms] GC(26243) User=0.05s Sys=0.00s Real=0.00s
[2023-11-10T12:11:45.362-0800][77908994ms] GC(26244) Pause Young (Normal) (G1 Evacuation Pause)
[2023-11-10T12:11:45.362-0800][77908994ms] GC(26244) Using 10 workers of 10 for evacuation
[2023-11-10T12:11:45.367-0800][77908999ms] GC(26244)   Pre Evacuate Collection Set: 0.0ms
[2023-11-10T12:11:45.367-0800][77908999ms] GC(26244)   Evacuate Collection Set: 1.7ms
[2023-11-10T12:11:45.367-0800][77908999ms] GC(26244)   Post Evacuate Collection Set: 3.0ms
[2023-11-10T12:11:45.367-0800][77908999ms] GC(26244)   Other: 0.3ms
[2023-11-10T12:11:45.367-0800][77908999ms] GC(26244) Eden regions: 149->0(149)
[2023-11-10T12:11:45.367-0800][77908999ms] GC(26244) Survivor regions: 1->1(19)
[2023-11-10T12:11:45.367-0800][77908999ms] GC(26244) Old regions: 1464->1464
[2023-11-10T12:11:45.367-0800][77908999ms] GC(26244) Humongous regions: 5->5
[2023-11-10T12:11:45.367-0800][77908999ms] GC(26244) Metaspace: 305043K->305043K(1349632K)
[2023-11-10T12:11:45.367-0800][77908999ms] GC(26244) Pause Young (Normal) (G1 Evacuation Pause) 3235M->2937M(3602M) 5.090ms
[2023-11-10T12:11:45.367-0800][77908999ms] GC(26244) User=0.00s Sys=0.00s Real=0.01s
[2023-11-10T12:11:45.633-0800][77909265ms] GC(26245) Pause Young (Normal) (G1 Evacuation Pause)
[2023-11-10T12:11:45.633-0800][77909265ms] GC(26245) Using 10 workers of 10 for evacuation
[2023-11-10T12:11:45.637-0800][77909269ms] GC(26245)   Pre Evacuate Collection Set: 0.0ms
[2023-11-10T12:11:45.637-0800][77909269ms] GC(26245)   Evacuate Collection Set: 1.6ms
[2023-11-10T12:11:45.637-0800][77909269ms] GC(26245)   Post Evacuate Collection Set: 3.1ms
[2023-11-10T12:11:45.637-0800][77909269ms] GC(26245)   Other: 0.2ms
[2023-11-10T12:11:45.637-0800][77909269ms] GC(26245) Eden regions: 149->0(149)
[2023-11-10T12:11:45.637-0800][77909269ms] GC(26245) Survivor regions: 1->1(19)
[2023-11-10T12:11:45.637-0800][77909269ms] GC(26245) Old regions: 1464->1464
[2023-11-10T12:11:45.638-0800][77909270ms] GC(26245) Humongous regions: 5->5
[2023-11-10T12:11:45.638-0800][77909270ms] GC(26245) Metaspace: 305043K->305043K(1349632K)
[2023-11-10T12:11:45.638-0800][77909270ms] GC(26245) Pause Young (Normal) (G1 Evacuation Pause) 3235M->2937M(3602M) 5.113ms
[2023-11-10T12:11:45.638-0800][77909270ms] GC(26245) User=0.00s Sys=0.00s Real=0.01s
[2023-11-10T12:11:45.904-0800][77909536ms] GC(26246) Pause Young (Normal) (G1 Evacuation Pause)
[2023-11-10T12:11:45.904-0800][77909536ms] GC(26246) Using 10 workers of 10 for evacuation
[2023-11-10T12:11:45.910-0800][77909542ms] GC(26246)   Pre Evacuate Collection Set: 0.0ms
[2023-11-10T12:11:45.910-0800][77909542ms] GC(26246)   Evacuate Collection Set: 1.6ms
[2023-11-10T12:11:45.910-0800][77909542ms] GC(26246)   Post Evacuate Collection Set: 3.1ms
[2023-11-10T12:11:45.910-0800][77909542ms] GC(26246)   Other: 0.3ms
[2023-11-10T12:11:45.910-0800][77909542ms] GC(26246) Eden regions: 149->0(149)
[2023-11-10T12:11:45.910-0800][77909542ms] GC(26246) Survivor regions: 1->1(19)
[2023-11-10T12:11:45.910-0800][77909542ms] GC(26246) Old regions: 1464->1464
[2023-11-10T12:11:45.910-0800][77909542ms] GC(26246) Humongous regions: 5->5
[2023-11-10T12:11:45.910-0800][77909542ms] GC(26246) Metaspace: 305043K->305043K(1349632K)
[2023-11-10T12:11:45.910-0800][77909542ms] GC(26246) Pause Young (Normal) (G1 Evacuation Pause) 3235M->2937M(3602M) 5.174ms
[2023-11-10T12:11:45.910-0800][77909542ms] GC(26246) User=0.00s Sys=0.00s Real=0.01s
[2023-11-10T12:11:46.197-0800][77909829ms] GC(26247) Pause Young (Normal) (G1 Evacuation Pause)
[2023-11-10T12:11:46.198-0800][77909830ms] GC(26247) Using 10 workers of 10 for evacuation
[2023-11-10T12:11:46.202-0800][77909834ms] GC(26247)   Pre Evacuate Collection Set: 0.0ms
[2023-11-10T12:11:46.202-0800][77909834ms] GC(26247)   Evacuate Collection Set: 1.8ms
[2023-11-10T12:11:46.202-0800][77909834ms] GC(26247)   Post Evacuate Collection Set: 3.2ms
[2023-11-10T12:11:46.202-0800][77909834ms] GC(26247)   Other: 0.3ms
[2023-11-10T12:11:46.202-0800][77909834ms] GC(26247) Eden regions: 149->0(149)
[2023-11-10T12:11:46.202-0800][77909834ms] GC(26247) Survivor regions: 1->1(19)
[2023-11-10T12:11:46.202-0800][77909834ms] GC(26247) Old regions: 1464->1464
[2023-11-10T12:11:46.202-0800][77909834ms] GC(26247) Humongous regions: 5->5
[2023-11-10T12:11:46.202-0800][77909834ms] GC(26247) Metaspace: 305043K->305043K(1349632K)
[2023-11-10T12:11:46.202-0800][77909834ms] GC(26247) Pause Young (Normal) (G1 Evacuation Pause) 3235M->2937M(3602M) 5.406ms
[2023-11-10T12:11:46.202-0800][77909834ms] GC(26247) User=0.00s Sys=0.00s Real=0.00s
[2023-11-10T12:11:46.499-0800][77910131ms] GC(26248) Pause Young (Normal) (G1 Evacuation Pause)
[2023-11-10T12:11:46.500-0800][77910132ms] GC(26248) Using 10 workers of 10 for evacuation
[2023-11-10T12:11:46.505-0800][77910137ms] GC(26248)   Pre Evacuate Collection Set: 0.0ms
[2023-11-10T12:11:46.505-0800][77910137ms] GC(26248)   Evacuate Collection Set: 1.7ms
[2023-11-10T12:11:46.505-0800][77910137ms] GC(26248)   Post Evacuate Collection Set: 3.1ms
[2023-11-10T12:11:46.505-0800][77910137ms] GC(26248)   Other: 0.2ms
[2023-11-10T12:11:46.505-0800][77910137ms] GC(26248) Eden regions: 149->0(149)
[2023-11-10T12:11:46.505-0800][77910137ms] GC(26248) Survivor regions: 1->1(19)
[2023-11-10T12:11:46.505-0800][77910137ms] GC(26248) Old regions: 1464->1464
[2023-11-10T12:11:46.505-0800][77910137ms] GC(26248) Humongous regions: 5->5
[2023-11-10T12:11:46.505-0800][77910137ms] GC(26248) Metaspace: 305043K->305043K(1349632K)
[2023-11-10T12:11:46.505-0800][77910137ms] GC(26248) Pause Young (Normal) (G1 Evacuation Pause) 3235M->2937M(3602M) 5.189ms
[2023-11-10T12:11:46.505-0800][77910137ms] GC(26248) User=0.00s Sys=0.00s Real=0.01s
[2023-11-10T12:11:46.776-0800][77910408ms] GC(26249) Pause Young (Normal) (G1 Evacuation Pause)
[2023-11-10T12:11:46.776-0800][77910408ms] GC(26249) Using 10 workers of 10 for evacuation
[2023-11-10T12:11:46.781-0800][77910413ms] GC(26249)   Pre Evacuate Collection Set: 0.0ms
[2023-11-10T12:11:46.781-0800][77910413ms] GC(26249)   Evacuate Collection Set: 1.8ms
[2023-11-10T12:11:46.781-0800][77910413ms] GC(26249)   Post Evacuate Collection Set: 3.1ms
[2023-11-10T12:11:46.781-0800][77910413ms] GC(26249)   Other: 0.2ms
[2023-11-10T12:11:46.781-0800][77910413ms] GC(26249) Eden regions: 149->0(149)
[2023-11-10T12:11:46.781-0800][77910413ms] GC(26249) Survivor regions: 1->1(19)
[2023-11-10T12:11:46.781-0800][77910413ms] GC(26249) Old regions: 1464->1464
[2023-11-10T12:11:46.781-0800][77910413ms] GC(26249) Humongous regions: 5->5
[2023-11-10T12:11:46.781-0800][77910413ms] GC(26249) Metaspace: 305043K->305043K(1349632K)
[2023-11-10T12:11:46.781-0800][77910413ms] GC(26249) Pause Young (Normal) (G1 Evacuation Pause) 3235M->2937M(3602M) 5.253ms
[2023-11-10T12:11:46.781-0800][77910413ms] GC(26249) User=0.00s Sys=0.00s Real=0.00s
[2023-11-10T12:11:47.057-0800][77910689ms] GC(26250) Pause Young (Normal) (G1 Evacuation Pause)
[2023-11-10T12:11:47.057-0800][77910689ms] GC(26250) Using 10 workers of 10 for evacuation
[2023-11-10T12:11:47.062-0800][77910694ms] GC(26250)   Pre Evacuate Collection Set: 0.0ms
[2023-11-10T12:11:47.062-0800][77910694ms] GC(26250)   Evacuate Collection Set: 1.6ms
[2023-11-10T12:11:47.062-0800][77910694ms] GC(26250)   Post Evacuate Collection Set: 3.3ms
[2023-11-10T12:11:47.062-0800][77910694ms] GC(26250)   Other: 0.2ms
[2023-11-10T12:11:47.062-0800][77910694ms] GC(26250) Eden regions: 149->0(149)
[2023-11-10T12:11:47.062-0800][77910694ms] GC(26250) Survivor regions: 1->1(19)
[2023-11-10T12:11:47.062-0800][77910694ms] GC(26250) Old regions: 1464->1464
[2023-11-10T12:11:47.062-0800][77910694ms] GC(26250) Humongous regions: 5->5
[2023-11-10T12:11:47.062-0800][77910694ms] GC(26250) Metaspace: 305043K->305043K(1349632K)
[2023-11-10T12:11:47.062-0800][77910694ms] GC(26250) Pause Young (Normal) (G1 Evacuation Pause) 3235M->2937M(3602M) 5.299ms
[2023-11-10T12:11:47.062-0800][77910694ms] GC(26250) User=0.00s Sys=0.00s Real=0.01s
[2023-11-10T12:11:47.329-0800][77910961ms] GC(26251) Pause Young (Normal) (G1 Evacuation Pause)
[2023-11-10T12:11:47.329-0800][77910961ms] GC(26251) Using 10 workers of 10 for evacuation
[2023-11-10T12:11:47.334-0800][77910966ms] GC(26251)   Pre Evacuate Collection Set: 0.0ms
[2023-11-10T12:11:47.334-0800][77910966ms] GC(26251)   Evacuate Collection Set: 1.6ms
[2023-11-10T12:11:47.334-0800][77910966ms] GC(26251)   Post Evacuate Collection Set: 3.1ms
[2023-11-10T12:11:47.334-0800][77910966ms] GC(26251)   Other: 0.2ms
[2023-11-10T12:11:47.334-0800][77910966ms] GC(26251) Eden regions: 149->0(149)
[2023-11-10T12:11:47.334-0800][77910966ms] GC(26251) Survivor regions: 1->1(19)
[2023-11-10T12:11:47.334-0800][77910966ms] GC(26251) Old regions: 1464->1464
[2023-11-10T12:11:47.334-0800][77910966ms] GC(26251) Humongous regions: 5->5
[2023-11-10T12:11:47.334-0800][77910966ms] GC(26251) Metaspace: 305043K->305043K(1349632K)
[2023-11-10T12:11:47.334-0800][77910966ms] GC(26251) Pause Young (Normal) (G1 Evacuation Pause) 3235M->2937M(3602M) 5.066ms
[2023-11-10T12:11:47.334-0800][77910966ms] GC(26251) User=0.00s Sys=0.00s Real=0.01s
[2023-11-10T12:11:47.599-0800][77911231ms] GC(26252) Pause Young (Normal) (G1 Evacuation Pause)
[2023-11-10T12:11:47.599-0800][77911231ms] GC(26252) Using 10 workers of 10 for evacuation
[2023-11-10T12:11:47.603-0800][77911235ms] GC(26252)   Pre Evacuate Collection Set: 0.0ms
[2023-11-10T12:11:47.603-0800][77911235ms] GC(26252)   Evacuate Collection Set: 1.7ms
[2023-11-10T12:11:47.603-0800][77911235ms] GC(26252)   Post Evacuate Collection Set: 2.8ms
[2023-11-10T12:11:47.603-0800][77911235ms] GC(26252)   Other: 0.2ms
[2023-11-10T12:11:47.603-0800][77911235ms] GC(26252) Eden regions: 149->0(149)
[2023-11-10T12:11:47.603-0800][77911235ms] GC(26252) Survivor regions: 1->1(19)
[2023-11-10T12:11:47.603-0800][77911235ms] GC(26252) Old regions: 1464->1464
[2023-11-10T12:11:47.603-0800][77911235ms] GC(26252) Humongous regions: 5->5
[2023-11-10T12:11:47.603-0800][77911235ms] GC(26252) Metaspace: 305043K->305043K(1349632K)
[2023-11-10T12:11:47.603-0800][77911235ms] GC(26252) Pause Young (Normal) (G1 Evacuation Pause) 3235M->2937M(3602M) 4.885ms
[2023-11-10T12:11:47.603-0800][77911235ms] GC(26252) User=0.03s Sys=0.00s Real=0.00s
[2023-11-10T12:11:47.878-0800][77911510ms] GC(26253) Pause Young (Normal) (G1 Evacuation Pause)
[2023-11-10T12:11:47.878-0800][77911510ms] GC(26253) Using 10 workers of 10 for evacuation
[2023-11-10T12:11:47.884-0800][77911516ms] GC(26253)   Pre Evacuate Collection Set: 0.1ms
[2023-11-10T12:11:47.884-0800][77911516ms] GC(26253)   Evacuate Collection Set: 1.8ms
[2023-11-10T12:11:47.884-0800][77911516ms] GC(26253)   Post Evacuate Collection Set: 4.8ms
[2023-11-10T12:11:47.884-0800][77911516ms] GC(26253)   Other: 0.4ms
[2023-11-10T12:11:47.884-0800][77911516ms] GC(26253) Eden regions: 149->0(149)
[2023-11-10T12:11:47.884-0800][77911516ms] GC(26253) Survivor regions: 1->1(19)
[2023-11-10T12:11:47.884-0800][77911516ms] GC(26253) Old regions: 1464->1464
[2023-11-10T12:11:47.884-0800][77911516ms] GC(26253) Humongous regions: 5->5
[2023-11-10T12:11:47.884-0800][77911516ms] GC(26253) Metaspace: 305043K->305043K(1349632K)
[2023-11-10T12:11:47.884-0800][77911516ms] GC(26253) Pause Young (Normal) (G1 Evacuation Pause) 3235M->2937M(3602M) 7.103ms
[2023-11-10T12:11:47.884-0800][77911516ms] GC(26253) User=0.00s Sys=0.00s Real=0.01s
[2023-11-10T12:11:48.193-0800][77911825ms] GC(26254) Pause Young (Normal) (G1 Evacuation Pause)
[2023-11-10T12:11:48.193-0800][77911825ms] GC(26254) Using 10 workers of 10 for evacuation
[2023-11-10T12:11:48.199-0800][77911831ms] GC(26254)   Pre Evacuate Collection Set: 0.0ms
[2023-11-10T12:11:48.199-0800][77911831ms] GC(26254)   Evacuate Collection Set: 1.9ms
[2023-11-10T12:11:48.199-0800][77911831ms] GC(26254)   Post Evacuate Collection Set: 3.6ms
[2023-11-10T12:11:48.199-0800][77911831ms] GC(26254)   Other: 0.3ms
[2023-11-10T12:11:48.199-0800][77911831ms] GC(26254) Eden regions: 149->0(149)
[2023-11-10T12:11:48.199-0800][77911831ms] GC(26254) Survivor regions: 1->1(19)
[2023-11-10T12:11:48.199-0800][77911831ms] GC(26254) Old regions: 1464->1464
[2023-11-10T12:11:48.199-0800][77911831ms] GC(26254) Humongous regions: 5->5
[2023-11-10T12:11:48.199-0800][77911831ms] GC(26254) Metaspace: 305043K->305043K(1349632K)
[2023-11-10T12:11:48.199-0800][77911831ms] GC(26254) Pause Young (Normal) (G1 Evacuation Pause) 3235M->2937M(3602M) 5.845ms
[2023-11-10T12:11:48.199-0800][77911831ms] GC(26254) User=0.03s Sys=0.00s Real=0.01s
[2023-11-10T12:11:48.472-0800][77912104ms] GC(26255) Pause Young (Normal) (G1 Evacuation Pause)
[2023-11-10T12:11:48.472-0800][77912104ms] GC(26255) Using 10 workers of 10 for evacuation
[2023-11-10T12:11:48.478-0800][77912110ms] GC(26255)   Pre Evacuate Collection Set: 0.0ms
[2023-11-10T12:11:48.478-0800][77912110ms] GC(26255)   Evacuate Collection Set: 1.7ms
[2023-11-10T12:11:48.478-0800][77912110ms] GC(26255)   Post Evacuate Collection Set: 3.2ms
[2023-11-10T12:11:48.478-0800][77912110ms] GC(26255)   Other: 0.2ms
[2023-11-10T12:11:48.478-0800][77912110ms] GC(26255) Eden regions: 149->0(149)
[2023-11-10T12:11:48.478-0800][77912110ms] GC(26255) Survivor regions: 1->1(19)
[2023-11-10T12:11:48.478-0800][77912110ms] GC(26255) Old regions: 1464->1464
[2023-11-10T12:11:48.478-0800][77912110ms] GC(26255) Humongous regions: 5->5
[2023-11-10T12:11:48.478-0800][77912110ms] GC(26255) Metaspace: 305043K->305043K(1349632K)
[2023-11-10T12:11:48.478-0800][77912110ms] GC(26255) Pause Young (Normal) (G1 Evacuation Pause) 3235M->2937M(3602M) 5.218ms
[2023-11-10T12:11:48.478-0800][77912110ms] GC(26255) User=0.02s Sys=0.00s Real=0.01s
[2023-11-10T12:11:48.778-0800][77912410ms] GC(26256) Pause Young (Normal) (G1 Evacuation Pause)
[2023-11-10T12:11:48.778-0800][77912410ms] GC(26256) Using 10 workers of 10 for evacuation
[2023-11-10T12:11:48.784-0800][77912416ms] GC(26256)   Pre Evacuate Collection Set: 0.0ms
[2023-11-10T12:11:48.784-0800][77912416ms] GC(26256)   Evacuate Collection Set: 1.6ms
[2023-11-10T12:11:48.784-0800][77912416ms] GC(26256)   Post Evacuate Collection Set: 4.7ms
[2023-11-10T12:11:48.784-0800][77912416ms] GC(26256)   Other: 0.3ms
[2023-11-10T12:11:48.784-0800][77912416ms] GC(26256) Eden regions: 149->0(149)
[2023-11-10T12:11:48.784-0800][77912416ms] GC(26256) Survivor regions: 1->1(19)
[2023-11-10T12:11:48.784-0800][77912416ms] GC(26256) Old regions: 1464->1464
[2023-11-10T12:11:48.784-0800][77912416ms] GC(26256) Humongous regions: 5->5
[2023-11-10T12:11:48.784-0800][77912416ms] GC(26256) Metaspace: 305043K->305043K(1349632K)
[2023-11-10T12:11:48.785-0800][77912417ms] GC(26256) Pause Young (Normal) (G1 Evacuation Pause) 3235M->2937M(3602M) 6.784ms
[2023-11-10T12:11:48.785-0800][77912417ms] GC(26256) User=0.00s Sys=0.00s Real=0.01s
[2023-11-10T12:11:49.100-0800][77912732ms] GC(26257) Pause Young (Normal) (G1 Evacuation Pause)
[2023-11-10T12:11:49.100-0800][77912732ms] GC(26257) Using 10 workers of 10 for evacuation
[2023-11-10T12:11:49.107-0800][77912739ms] GC(26257)   Pre Evacuate Collection Set: 0.0ms
[2023-11-10T12:11:49.107-0800][77912739ms] GC(26257)   Evacuate Collection Set: 2.4ms
[2023-11-10T12:11:49.107-0800][77912739ms] GC(26257)   Post Evacuate Collection Set: 3.7ms
[2023-11-10T12:11:49.107-0800][77912739ms] GC(26257)   Other: 0.3ms
[2023-11-10T12:11:49.107-0800][77912739ms] GC(26257) Eden regions: 149->0(149)
[2023-11-10T12:11:49.107-0800][77912739ms] GC(26257) Survivor regions: 1->1(19)
[2023-11-10T12:11:49.107-0800][77912739ms] GC(26257) Old regions: 1464->1464
[2023-11-10T12:11:49.107-0800][77912739ms] GC(26257) Humongous regions: 5->5
[2023-11-10T12:11:49.107-0800][77912739ms] GC(26257) Metaspace: 305043K->305043K(1349632K)
[2023-11-10T12:11:49.107-0800][77912739ms] GC(26257) Pause Young (Normal) (G1 Evacuation Pause) 3235M->2937M(3602M) 6.564ms
[2023-11-10T12:11:49.107-0800][77912739ms] GC(26257) User=0.08s Sys=0.00s Real=0.01s
[2023-11-10T12:11:49.477-0800][77913109ms] GC(26258) Pause Young (Normal) (G1 Evacuation Pause)
[2023-11-10T12:11:49.477-0800][77913109ms] GC(26258) Using 10 workers of 10 for evacuation
[2023-11-10T12:11:49.484-0800][77913116ms] GC(26258)   Pre Evacuate Collection Set: 0.1ms
[2023-11-10T12:11:49.484-0800][77913117ms] GC(26258)   Evacuate Collection Set: 1.7ms
[2023-11-10T12:11:49.485-0800][77913117ms] GC(26258)   Post Evacuate Collection Set: 5.3ms
[2023-11-10T12:11:49.485-0800][77913117ms] GC(26258)   Other: 0.4ms
[2023-11-10T12:11:49.485-0800][77913117ms] GC(26258) Eden regions: 149->0(149)
[2023-11-10T12:11:49.485-0800][77913117ms] GC(26258) Survivor regions: 1->1(19)
[2023-11-10T12:11:49.485-0800][77913117ms] GC(26258) Old regions: 1464->1464
[2023-11-10T12:11:49.485-0800][77913117ms] GC(26258) Humongous regions: 5->5
[2023-11-10T12:11:49.485-0800][77913117ms] GC(26258) Metaspace: 305043K->305043K(1349632K)
[2023-11-10T12:11:49.485-0800][77913117ms] GC(26258) Pause Young (Normal) (G1 Evacuation Pause) 3235M->2937M(3602M) 7.596ms
[2023-11-10T12:11:49.485-0800][77913117ms] GC(26258) User=0.00s Sys=0.00s Real=0.01s
[2023-11-10T12:11:49.801-0800][77913433ms] GC(26259) Pause Young (Normal) (G1 Evacuation Pause)
[2023-11-10T12:11:49.801-0800][77913433ms] GC(26259) Using 10 workers of 10 for evacuation
[2023-11-10T12:11:49.807-0800][77913439ms] GC(26259)   Pre Evacuate Collection Set: 0.0ms
[2023-11-10T12:11:49.807-0800][77913439ms] GC(26259)   Evacuate Collection Set: 1.6ms
[2023-11-10T12:11:49.807-0800][77913439ms] GC(26259)   Post Evacuate Collection Set: 2.9ms
[2023-11-10T12:11:49.807-0800][77913439ms] GC(26259)   Other: 0.2ms
[2023-11-10T12:11:49.807-0800][77913439ms] GC(26259) Eden regions: 149->0(149)
[2023-11-10T12:11:49.807-0800][77913439ms] GC(26259) Survivor regions: 1->1(19)
[2023-11-10T12:11:49.807-0800][77913439ms] GC(26259) Old regions: 1464->1464
[2023-11-10T12:11:49.807-0800][77913439ms] GC(26259) Humongous regions: 5->5
[2023-11-10T12:11:49.807-0800][77913439ms] GC(26259) Metaspace: 305043K->305043K(1349632K)
[2023-11-10T12:11:49.807-0800][77913439ms] GC(26259) Pause Young (Normal) (G1 Evacuation Pause) 3235M->2937M(3602M) 4.921ms
[2023-11-10T12:11:49.807-0800][77913439ms] GC(26259) User=0.00s Sys=0.00s Real=0.01s
[2023-11-10T12:11:50.088-0800][77913720ms] GC(26260) Pause Young (Normal) (G1 Evacuation Pause)
[2023-11-10T12:11:50.088-0800][77913720ms] GC(26260) Using 10 workers of 10 for evacuation
[2023-11-10T12:11:50.093-0800][77913725ms] GC(26260)   Pre Evacuate Collection Set: 0.0ms
[2023-11-10T12:11:50.093-0800][77913725ms] GC(26260)   Evacuate Collection Set: 1.6ms
[2023-11-10T12:11:50.093-0800][77913725ms] GC(26260)   Post Evacuate Collection Set: 3.0ms
[2023-11-10T12:11:50.093-0800][77913725ms] GC(26260)   Other: 0.2ms
[2023-11-10T12:11:50.093-0800][77913725ms] GC(26260) Eden regions: 149->0(149)
[2023-11-10T12:11:50.093-0800][77913725ms] GC(26260) Survivor regions: 1->1(19)
[2023-11-10T12:11:50.093-0800][77913725ms] GC(26260) Old regions: 1464->1464
[2023-11-10T12:11:50.093-0800][77913725ms] GC(26260) Humongous regions: 5->5
[2023-11-10T12:11:50.093-0800][77913725ms] GC(26260) Metaspace: 305043K->305043K(1349632K)
[2023-11-10T12:11:50.093-0800][77913725ms] GC(26260) Pause Young (Normal) (G1 Evacuation Pause) 3235M->2937M(3602M) 4.987ms
[2023-11-10T12:11:50.093-0800][77913725ms] GC(26260) User=0.00s Sys=0.00s Real=0.00s
[2023-11-10T12:11:50.360-0800][77913992ms] GC(26261) Pause Young (Normal) (G1 Evacuation Pause)
[2023-11-10T12:11:50.360-0800][77913992ms] GC(26261) Using 10 workers of 10 for evacuation
[2023-11-10T12:11:50.365-0800][77913997ms] GC(26261)   Pre Evacuate Collection Set: 0.0ms
[2023-11-10T12:11:50.365-0800][77913997ms] GC(26261)   Evacuate Collection Set: 1.5ms
[2023-11-10T12:11:50.365-0800][77913997ms] GC(26261)   Post Evacuate Collection Set: 3.1ms
[2023-11-10T12:11:50.365-0800][77913997ms] GC(26261)   Other: 0.2ms
[2023-11-10T12:11:50.365-0800][77913997ms] GC(26261) Eden regions: 149->0(149)
[2023-11-10T12:11:50.365-0800][77913997ms] GC(26261) Survivor regions: 1->1(19)
[2023-11-10T12:11:50.365-0800][77913997ms] GC(26261) Old regions: 1464->1464
[2023-11-10T12:11:50.365-0800][77913997ms] GC(26261) Humongous regions: 5->5
[2023-11-10T12:11:50.365-0800][77913997ms] GC(26261) Metaspace: 305043K->305043K(1349632K)
[2023-11-10T12:11:50.365-0800][77913997ms] GC(26261) Pause Young (Normal) (G1 Evacuation Pause) 3235M->2937M(3602M) 4.989ms
[2023-11-10T12:11:50.365-0800][77913997ms] GC(26261) User=0.00s Sys=0.00s Real=0.01s
[2023-11-10T12:11:50.624-0800][77914256ms] GC(26262) Pause Young (Normal) (G1 Evacuation Pause)
[2023-11-10T12:11:50.624-0800][77914256ms] GC(26262) Using 10 workers of 10 for evacuation
[2023-11-10T12:11:50.630-0800][77914262ms] GC(26262)   Pre Evacuate Collection Set: 0.0ms
[2023-11-10T12:11:50.630-0800][77914262ms] GC(26262)   Evacuate Collection Set: 1.6ms
[2023-11-10T12:11:50.630-0800][77914262ms] GC(26262)   Post Evacuate Collection Set: 3.1ms
[2023-11-10T12:11:50.630-0800][77914262ms] GC(26262)   Other: 0.2ms
[2023-11-10T12:11:50.630-0800][77914262ms] GC(26262) Eden regions: 149->0(149)
[2023-11-10T12:11:50.630-0800][77914262ms] GC(26262) Survivor regions: 1->1(19)
[2023-11-10T12:11:50.630-0800][77914262ms] GC(26262) Old regions: 1464->1464
[2023-11-10T12:11:50.630-0800][77914262ms] GC(26262) Humongous regions: 5->5
[2023-11-10T12:11:50.630-0800][77914262ms] GC(26262) Metaspace: 305043K->305043K(1349632K)
[2023-11-10T12:11:50.630-0800][77914262ms] GC(26262) Pause Young (Normal) (G1 Evacuation Pause) 3235M->2937M(3602M) 5.056ms
[2023-11-10T12:11:50.630-0800][77914262ms] GC(26262) User=0.00s Sys=0.00s Real=0.01s
[2023-11-10T12:11:50.898-0800][77914530ms] GC(26263) Pause Young (Normal) (G1 Evacuation Pause)
[2023-11-10T12:11:50.898-0800][77914530ms] GC(26263) Using 10 workers of 10 for evacuation
[2023-11-10T12:11:50.902-0800][77914534ms] GC(26263)   Pre Evacuate Collection Set: 0.0ms
[2023-11-10T12:11:50.902-0800][77914534ms] GC(26263)   Evacuate Collection Set: 1.6ms
[2023-11-10T12:11:50.902-0800][77914534ms] GC(26263)   Post Evacuate Collection Set: 2.9ms
[2023-11-10T12:11:50.902-0800][77914534ms] GC(26263)   Other: 0.2ms
[2023-11-10T12:11:50.902-0800][77914534ms] GC(26263) Eden regions: 149->0(149)
[2023-11-10T12:11:50.902-0800][77914534ms] GC(26263) Survivor regions: 1->1(19)
[2023-11-10T12:11:50.902-0800][77914534ms] GC(26263) Old regions: 1464->1464
[2023-11-10T12:11:50.902-0800][77914534ms] GC(26263) Humongous regions: 5->5
[2023-11-10T12:11:50.903-0800][77914535ms] GC(26263) Metaspace: 305043K->305043K(1349632K)
[2023-11-10T12:11:50.903-0800][77914535ms] GC(26263) Pause Young (Normal) (G1 Evacuation Pause) 3235M->2937M(3602M) 4.954ms
[2023-11-10T12:11:50.903-0800][77914535ms] GC(26263) User=0.00s Sys=0.00s Real=0.01s
[2023-11-10T12:11:51.161-0800][77914793ms] GC(26264) Pause Young (Normal) (G1 Evacuation Pause)
[2023-11-10T12:11:51.161-0800][77914793ms] GC(26264) Using 10 workers of 10 for evacuation
[2023-11-10T12:11:51.166-0800][77914798ms] GC(26264)   Pre Evacuate Collection Set: 0.0ms
[2023-11-10T12:11:51.166-0800][77914798ms] GC(26264)   Evacuate Collection Set: 1.6ms
[2023-11-10T12:11:51.166-0800][77914798ms] GC(26264)   Post Evacuate Collection Set: 3.0ms
[2023-11-10T12:11:51.166-0800][77914798ms] GC(26264)   Other: 0.2ms
[2023-11-10T12:11:51.166-0800][77914798ms] GC(26264) Eden regions: 149->0(149)
[2023-11-10T12:11:51.166-0800][77914798ms] GC(26264) Survivor regions: 1->1(19)
[2023-11-10T12:11:51.166-0800][77914798ms] GC(26264) Old regions: 1464->1464
[2023-11-10T12:11:51.166-0800][77914798ms] GC(26264) Humongous regions: 5->5
[2023-11-10T12:11:51.166-0800][77914798ms] GC(26264) Metaspace: 305043K->305043K(1349632K)
[2023-11-10T12:11:51.166-0800][77914798ms] GC(26264) Pause Young (Normal) (G1 Evacuation Pause) 3235M->2937M(3602M) 5.037ms
[2023-11-10T12:11:51.166-0800][77914798ms] GC(26264) User=0.00s Sys=0.00s Real=0.00s
[2023-11-10T12:11:51.456-0800][77915088ms] GC(26265) Pause Young (Normal) (G1 Evacuation Pause)
[2023-11-10T12:11:51.456-0800][77915088ms] GC(26265) Using 10 workers of 10 for evacuation
[2023-11-10T12:11:51.460-0800][77915092ms] GC(26265)   Pre Evacuate Collection Set: 0.0ms
[2023-11-10T12:11:51.460-0800][77915092ms] GC(26265)   Evacuate Collection Set: 1.6ms
[2023-11-10T12:11:51.460-0800][77915092ms] GC(26265)   Post Evacuate Collection Set: 2.9ms
[2023-11-10T12:11:51.460-0800][77915092ms] GC(26265)   Other: 0.3ms
[2023-11-10T12:11:51.460-0800][77915092ms] GC(26265) Eden regions: 149->0(149)
[2023-11-10T12:11:51.460-0800][77915092ms] GC(26265) Survivor regions: 1->1(19)
[2023-11-10T12:11:51.460-0800][77915092ms] GC(26265) Old regions: 1464->1464
[2023-11-10T12:11:51.460-0800][77915092ms] GC(26265) Humongous regions: 5->5
[2023-11-10T12:11:51.460-0800][77915092ms] GC(26265) Metaspace: 305043K->305043K(1349632K)
[2023-11-10T12:11:51.460-0800][77915092ms] GC(26265) Pause Young (Normal) (G1 Evacuation Pause) 3235M->2937M(3602M) 4.854ms
[2023-11-10T12:11:51.460-0800][77915092ms] GC(26265) User=0.00s Sys=0.00s Real=0.00s
[2023-11-10T12:11:51.731-0800][77915363ms] GC(26266) Pause Young (Normal) (G1 Evacuation Pause)
[2023-11-10T12:11:51.731-0800][77915363ms] GC(26266) Using 10 workers of 10 for evacuation
[2023-11-10T12:11:51.736-0800][77915368ms] GC(26266)   Pre Evacuate Collection Set: 0.0ms
[2023-11-10T12:11:51.736-0800][77915368ms] GC(26266)   Evacuate Collection Set: 1.7ms
[2023-11-10T12:11:51.736-0800][77915368ms] GC(26266)   Post Evacuate Collection Set: 3.0ms
[2023-11-10T12:11:51.736-0800][77915368ms] GC(26266)   Other: 0.2ms
[2023-11-10T12:11:51.736-0800][77915368ms] GC(26266) Eden regions: 149->0(149)
[2023-11-10T12:11:51.736-0800][77915368ms] GC(26266) Survivor regions: 1->1(19)
[2023-11-10T12:11:51.736-0800][77915368ms] GC(26266) Old regions: 1464->1464
[2023-11-10T12:11:51.736-0800][77915368ms] GC(26266) Humongous regions: 5->5
[2023-11-10T12:11:51.736-0800][77915368ms] GC(26266) Metaspace: 305043K->305043K(1349632K)
[2023-11-10T12:11:51.736-0800][77915368ms] GC(26266) Pause Young (Normal) (G1 Evacuation Pause) 3235M->2937M(3602M) 5.064ms
[2023-11-10T12:11:51.737-0800][77915369ms] GC(26266) User=0.00s Sys=0.00s Real=0.01s
[2023-11-10T12:11:51.992-0800][77915624ms] GC(26267) Pause Young (Normal) (G1 Evacuation Pause)
[2023-11-10T12:11:51.992-0800][77915624ms] GC(26267) Using 10 workers of 10 for evacuation
[2023-11-10T12:11:51.996-0800][77915628ms] GC(26267)   Pre Evacuate Collection Set: 0.1ms
[2023-11-10T12:11:51.996-0800][77915628ms] GC(26267)   Evacuate Collection Set: 1.7ms
[2023-11-10T12:11:51.996-0800][77915628ms] GC(26267)   Post Evacuate Collection Set: 3.0ms
[2023-11-10T12:11:51.996-0800][77915628ms] GC(26267)   Other: 0.4ms
[2023-11-10T12:11:51.996-0800][77915628ms] GC(26267) Eden regions: 149->0(149)
[2023-11-10T12:11:51.996-0800][77915628ms] GC(26267) Survivor regions: 1->1(19)
[2023-11-10T12:11:51.996-0800][77915628ms] GC(26267) Old regions: 1464->1464
[2023-11-10T12:11:51.996-0800][77915628ms] GC(26267) Humongous regions: 5->5
[2023-11-10T12:11:51.996-0800][77915628ms] GC(26267) Metaspace: 305043K->305043K(1349632K)
[2023-11-10T12:11:51.996-0800][77915628ms] GC(26267) Pause Young (Normal) (G1 Evacuation Pause) 3235M->2937M(3602M) 5.317ms
[2023-11-10T12:11:51.997-0800][77915629ms] GC(26267) User=0.00s Sys=0.00s Real=0.00s
[2023-11-10T12:11:52.274-0800][77915906ms] GC(26268) Pause Young (Normal) (G1 Evacuation Pause)
[2023-11-10T12:11:52.274-0800][77915906ms] GC(26268) Using 10 workers of 10 for evacuation
[2023-11-10T12:11:52.279-0800][77915911ms] GC(26268)   Pre Evacuate Collection Set: 0.0ms
[2023-11-10T12:11:52.279-0800][77915911ms] GC(26268)   Evacuate Collection Set: 1.9ms
[2023-11-10T12:11:52.279-0800][77915911ms] GC(26268)   Post Evacuate Collection Set: 3.1ms
[2023-11-10T12:11:52.279-0800][77915911ms] GC(26268)   Other: 0.3ms
[2023-11-10T12:11:52.279-0800][77915911ms] GC(26268) Eden regions: 149->0(149)
[2023-11-10T12:11:52.279-0800][77915911ms] GC(26268) Survivor regions: 1->1(19)
[2023-11-10T12:11:52.279-0800][77915911ms] GC(26268) Old regions: 1464->1464
[2023-11-10T12:11:52.279-0800][77915911ms] GC(26268) Humongous regions: 5->5
[2023-11-10T12:11:52.279-0800][77915911ms] GC(26268) Metaspace: 305043K->305043K(1349632K)
[2023-11-10T12:11:52.279-0800][77915911ms] GC(26268) Pause Young (Normal) (G1 Evacuation Pause) 3235M->2937M(3602M) 5.396ms
[2023-11-10T12:11:52.279-0800][77915911ms] GC(26268) User=0.00s Sys=0.00s Real=0.01s
[2023-11-10T12:11:52.558-0800][77916190ms] GC(26269) Pause Young (Normal) (G1 Evacuation Pause)
[2023-11-10T12:11:52.558-0800][77916190ms] GC(26269) Using 10 workers of 10 for evacuation
[2023-11-10T12:11:52.563-0800][77916195ms] GC(26269)   Pre Evacuate Collection Set: 0.0ms
[2023-11-10T12:11:52.563-0800][77916195ms] GC(26269)   Evacuate Collection Set: 1.5ms
[2023-11-10T12:11:52.564-0800][77916196ms] GC(26269)   Post Evacuate Collection Set: 2.9ms
[2023-11-10T12:11:52.564-0800][77916196ms] GC(26269)   Other: 0.2ms
[2023-11-10T12:11:52.564-0800][77916196ms] GC(26269) Eden regions: 149->0(149)
[2023-11-10T12:11:52.564-0800][77916196ms] GC(26269) Survivor regions: 1->1(19)
[2023-11-10T12:11:52.564-0800][77916196ms] GC(26269) Old regions: 1464->1464
[2023-11-10T12:11:52.564-0800][77916196ms] GC(26269) Humongous regions: 5->5
[2023-11-10T12:11:52.564-0800][77916196ms] GC(26269) Metaspace: 305043K->305043K(1349632K)
[2023-11-10T12:11:52.564-0800][77916196ms] GC(26269) Pause Young (Normal) (G1 Evacuation Pause) 3235M->2937M(3602M) 4.829ms
[2023-11-10T12:11:52.564-0800][77916196ms] GC(26269) User=0.00s Sys=0.00s Real=0.01s
[2023-11-10T12:11:52.818-0800][77916450ms] GC(26270) Pause Young (Normal) (G1 Evacuation Pause)
[2023-11-10T12:11:52.818-0800][77916450ms] GC(26270) Using 10 workers of 10 for evacuation
[2023-11-10T12:11:52.822-0800][77916454ms] GC(26270)   Pre Evacuate Collection Set: 0.0ms
[2023-11-10T12:11:52.823-0800][77916455ms] GC(26270)   Evacuate Collection Set: 1.6ms
[2023-11-10T12:11:52.823-0800][77916455ms] GC(26270)   Post Evacuate Collection Set: 3.0ms
[2023-11-10T12:11:52.823-0800][77916455ms] GC(26270)   Other: 0.2ms
[2023-11-10T12:11:52.823-0800][77916455ms] GC(26270) Eden regions: 149->0(149)
[2023-11-10T12:11:52.823-0800][77916455ms] GC(26270) Survivor regions: 1->1(19)
[2023-11-10T12:11:52.823-0800][77916455ms] GC(26270) Old regions: 1464->1464
[2023-11-10T12:11:52.823-0800][77916455ms] GC(26270) Humongous regions: 5->5
[2023-11-10T12:11:52.823-0800][77916455ms] GC(26270) Metaspace: 305043K->305043K(1349632K)
[2023-11-10T12:11:52.823-0800][77916455ms] GC(26270) Pause Young (Normal) (G1 Evacuation Pause) 3235M->2937M(3602M) 5.041ms
[2023-11-10T12:11:52.823-0800][77916455ms] GC(26270) User=0.00s Sys=0.00s Real=0.00s
[2023-11-10T12:11:53.092-0800][77916724ms] GC(26271) Pause Young (Normal) (G1 Evacuation Pause)
[2023-11-10T12:11:53.092-0800][77916724ms] GC(26271) Using 10 workers of 10 for evacuation
[2023-11-10T12:11:53.097-0800][77916729ms] GC(26271)   Pre Evacuate Collection Set: 0.1ms
[2023-11-10T12:11:53.097-0800][77916729ms] GC(26271)   Evacuate Collection Set: 1.8ms
[2023-11-10T12:11:53.097-0800][77916729ms] GC(26271)   Post Evacuate Collection Set: 3.5ms
[2023-11-10T12:11:53.097-0800][77916729ms] GC(26271)   Other: 0.3ms
[2023-11-10T12:11:53.097-0800][77916729ms] GC(26271) Eden regions: 149->0(149)
[2023-11-10T12:11:53.097-0800][77916729ms] GC(26271) Survivor regions: 1->1(19)
[2023-11-10T12:11:53.097-0800][77916729ms] GC(26271) Old regions: 1464->1464
[2023-11-10T12:11:53.097-0800][77916729ms] GC(26271) Humongous regions: 5->5
[2023-11-10T12:11:53.097-0800][77916729ms] GC(26271) Metaspace: 305043K->305043K(1349632K)
[2023-11-10T12:11:53.097-0800][77916729ms] GC(26271) Pause Young (Normal) (G1 Evacuation Pause) 3235M->2937M(3602M) 5.825ms
[2023-11-10T12:11:53.097-0800][77916729ms] GC(26271) User=0.00s Sys=0.00s Real=0.00s
[2023-11-10T12:11:53.439-0800][77917071ms] GC(26272) Pause Young (Normal) (G1 Evacuation Pause)
[2023-11-10T12:11:53.439-0800][77917071ms] GC(26272) Using 10 workers of 10 for evacuation
[2023-11-10T12:11:53.444-0800][77917076ms] GC(26272)   Pre Evacuate Collection Set: 0.0ms
[2023-11-10T12:11:53.444-0800][77917076ms] GC(26272)   Evacuate Collection Set: 1.6ms
[2023-11-10T12:11:53.444-0800][77917076ms] GC(26272)   Post Evacuate Collection Set: 3.1ms
[2023-11-10T12:11:53.444-0800][77917076ms] GC(26272)   Other: 0.2ms
[2023-11-10T12:11:53.444-0800][77917076ms] GC(26272) Eden regions: 149->0(149)
[2023-11-10T12:11:53.444-0800][77917076ms] GC(26272) Survivor regions: 1->1(19)
[2023-11-10T12:11:53.444-0800][77917076ms] GC(26272) Old regions: 1464->1464
[2023-11-10T12:11:53.444-0800][77917076ms] GC(26272) Humongous regions: 5->5
[2023-11-10T12:11:53.444-0800][77917076ms] GC(26272) Metaspace: 305043K->305043K(1349632K)
[2023-11-10T12:11:53.444-0800][77917076ms] GC(26272) Pause Young (Normal) (G1 Evacuation Pause) 3235M->2937M(3602M) 5.120ms
[2023-11-10T12:11:53.444-0800][77917076ms] GC(26272) User=0.00s Sys=0.00s Real=0.01s
[2023-11-10T12:11:53.722-0800][77917354ms] GC(26273) Pause Young (Normal) (G1 Evacuation Pause)
[2023-11-10T12:11:53.722-0800][77917354ms] GC(26273) Using 10 workers of 10 for evacuation
[2023-11-10T12:11:53.727-0800][77917359ms] GC(26273)   Pre Evacuate Collection Set: 0.0ms
[2023-11-10T12:11:53.727-0800][77917359ms] GC(26273)   Evacuate Collection Set: 1.6ms
[2023-11-10T12:11:53.727-0800][77917359ms] GC(26273)   Post Evacuate Collection Set: 3.0ms
[2023-11-10T12:11:53.727-0800][77917359ms] GC(26273)   Other: 0.2ms
[2023-11-10T12:11:53.727-0800][77917359ms] GC(26273) Eden regions: 149->0(149)
[2023-11-10T12:11:53.727-0800][77917359ms] GC(26273) Survivor regions: 1->1(19)
[2023-11-10T12:11:53.727-0800][77917359ms] GC(26273) Old regions: 1464->1464
[2023-11-10T12:11:53.727-0800][77917359ms] GC(26273) Humongous regions: 5->5
[2023-11-10T12:11:53.727-0800][77917359ms] GC(26273) Metaspace: 305043K->305043K(1349632K)
[2023-11-10T12:11:53.727-0800][77917359ms] GC(26273) Pause Young (Normal) (G1 Evacuation Pause) 3235M->2937M(3602M) 4.968ms
[2023-11-10T12:11:53.727-0800][77917359ms] GC(26273) User=0.02s Sys=0.00s Real=0.01s
[2023-11-10T12:11:53.979-0800][77917611ms] GC(26274) Pause Young (Normal) (G1 Evacuation Pause)
[2023-11-10T12:11:53.979-0800][77917611ms] GC(26274) Using 10 workers of 10 for evacuation
[2023-11-10T12:11:53.984-0800][77917616ms] GC(26274)   Pre Evacuate Collection Set: 0.0ms
[2023-11-10T12:11:53.985-0800][77917617ms] GC(26274)   Evacuate Collection Set: 1.6ms
[2023-11-10T12:11:53.985-0800][77917617ms] GC(26274)   Post Evacuate Collection Set: 3.0ms
[2023-11-10T12:11:53.985-0800][77917617ms] GC(26274)   Other: 0.2ms
[2023-11-10T12:11:53.985-0800][77917617ms] GC(26274) Eden regions: 149->0(149)
[2023-11-10T12:11:53.985-0800][77917617ms] GC(26274) Survivor regions: 1->1(19)
[2023-11-10T12:11:53.985-0800][77917617ms] GC(26274) Old regions: 1464->1464
[2023-11-10T12:11:53.985-0800][77917617ms] GC(26274) Humongous regions: 5->5
[2023-11-10T12:11:53.985-0800][77917617ms] GC(26274) Metaspace: 305043K->305043K(1349632K)
[2023-11-10T12:11:53.985-0800][77917617ms] GC(26274) Pause Young (Normal) (G1 Evacuation Pause) 3235M->2937M(3602M) 4.989ms
[2023-11-10T12:11:53.985-0800][77917617ms] GC(26274) User=0.00s Sys=0.00s Real=0.01s
[2023-11-10T12:11:54.255-0800][77917887ms] GC(26275) Pause Young (Normal) (G1 Evacuation Pause)
[2023-11-10T12:11:54.255-0800][77917887ms] GC(26275) Using 10 workers of 10 for evacuation
[2023-11-10T12:11:54.259-0800][77917891ms] GC(26275)   Pre Evacuate Collection Set: 0.0ms
[2023-11-10T12:11:54.259-0800][77917891ms] GC(26275)   Evacuate Collection Set: 1.6ms
[2023-11-10T12:11:54.259-0800][77917891ms] GC(26275)   Post Evacuate Collection Set: 2.9ms
[2023-11-10T12:11:54.259-0800][77917891ms] GC(26275)   Other: 0.2ms
[2023-11-10T12:11:54.259-0800][77917891ms] GC(26275) Eden regions: 149->0(149)
[2023-11-10T12:11:54.259-0800][77917891ms] GC(26275) Survivor regions: 1->1(19)
[2023-11-10T12:11:54.259-0800][77917891ms] GC(26275) Old regions: 1464->1464
[2023-11-10T12:11:54.259-0800][77917891ms] GC(26275) Humongous regions: 5->5
[2023-11-10T12:11:54.259-0800][77917891ms] GC(26275) Metaspace: 305043K->305043K(1349632K)
[2023-11-10T12:11:54.260-0800][77917892ms] GC(26275) Pause Young (Normal) (G1 Evacuation Pause) 3235M->2937M(3602M) 4.912ms
[2023-11-10T12:11:54.260-0800][77917892ms] GC(26275) User=0.00s Sys=0.00s Real=0.00s
[2023-11-10T12:11:54.566-0800][77918198ms] GC(26276) Pause Young (Normal) (G1 Evacuation Pause)
[2023-11-10T12:11:54.566-0800][77918198ms] GC(26276) Using 10 workers of 10 for evacuation
[2023-11-10T12:11:54.572-0800][77918204ms] GC(26276)   Pre Evacuate Collection Set: 0.0ms
[2023-11-10T12:11:54.572-0800][77918204ms] GC(26276)   Evacuate Collection Set: 1.8ms
[2023-11-10T12:11:54.572-0800][77918204ms] GC(26276)   Post Evacuate Collection Set: 3.3ms
[2023-11-10T12:11:54.572-0800][77918204ms] GC(26276)   Other: 0.3ms
[2023-11-10T12:11:54.572-0800][77918204ms] GC(26276) Eden regions: 149->0(149)
[2023-11-10T12:11:54.572-0800][77918204ms] GC(26276) Survivor regions: 1->1(19)
[2023-11-10T12:11:54.572-0800][77918204ms] GC(26276) Old regions: 1464->1464
[2023-11-10T12:11:54.572-0800][77918204ms] GC(26276) Humongous regions: 5->5
[2023-11-10T12:11:54.572-0800][77918204ms] GC(26276) Metaspace: 305043K->305043K(1349632K)
[2023-11-10T12:11:54.572-0800][77918204ms] GC(26276) Pause Young (Normal) (G1 Evacuation Pause) 3235M->2937M(3602M) 5.594ms
[2023-11-10T12:11:54.572-0800][77918204ms] GC(26276) User=0.02s Sys=0.00s Real=0.01s
[2023-11-10T12:11:54.997-0800][77918629ms] GC(26277) Pause Young (Normal) (G1 Evacuation Pause)
[2023-11-10T12:11:54.997-0800][77918629ms] GC(26277) Using 10 workers of 10 for evacuation
[2023-11-10T12:11:55.001-0800][77918633ms] GC(26277)   Pre Evacuate Collection Set: 0.0ms
[2023-11-10T12:11:55.002-0800][77918634ms] GC(26277)   Evacuate Collection Set: 1.7ms
[2023-11-10T12:11:55.002-0800][77918634ms] GC(26277)   Post Evacuate Collection Set: 2.9ms
[2023-11-10T12:11:55.002-0800][77918634ms] GC(26277)   Other: 0.2ms
[2023-11-10T12:11:55.002-0800][77918634ms] GC(26277) Eden regions: 149->0(149)
[2023-11-10T12:11:55.002-0800][77918634ms] GC(26277) Survivor regions: 1->1(19)
[2023-11-10T12:11:55.002-0800][77918634ms] GC(26277) Old regions: 1464->1464
[2023-11-10T12:11:55.002-0800][77918634ms] GC(26277) Humongous regions: 5->5
[2023-11-10T12:11:55.002-0800][77918634ms] GC(26277) Metaspace: 305043K->305043K(1349632K)
[2023-11-10T12:11:55.002-0800][77918634ms] GC(26277) Pause Young (Normal) (G1 Evacuation Pause) 3235M->2937M(3602M) 5.002ms
[2023-11-10T12:11:55.002-0800][77918634ms] GC(26277) User=0.00s Sys=0.00s Real=0.01s
[2023-11-10T12:11:55.319-0800][77918951ms] GC(26278) Pause Young (Normal) (G1 Evacuation Pause)
[2023-11-10T12:11:55.319-0800][77918951ms] GC(26278) Using 10 workers of 10 for evacuation
[2023-11-10T12:11:55.326-0800][77918958ms] GC(26278)   Pre Evacuate Collection Set: 0.1ms
[2023-11-10T12:11:55.326-0800][77918958ms] GC(26278)   Evacuate Collection Set: 1.8ms
[2023-11-10T12:11:55.326-0800][77918958ms] GC(26278)   Post Evacuate Collection Set: 3.9ms
[2023-11-10T12:11:55.326-0800][77918958ms] GC(26278)   Other: 0.5ms
[2023-11-10T12:11:55.326-0800][77918958ms] GC(26278) Eden regions: 149->0(149)
[2023-11-10T12:11:55.326-0800][77918958ms] GC(26278) Survivor regions: 1->1(19)
[2023-11-10T12:11:55.326-0800][77918958ms] GC(26278) Old regions: 1464->1464
[2023-11-10T12:11:55.326-0800][77918958ms] GC(26278) Humongous regions: 5->5
[2023-11-10T12:11:55.326-0800][77918958ms] GC(26278) Metaspace: 305043K->305043K(1349632K)
[2023-11-10T12:11:55.326-0800][77918958ms] GC(26278) Pause Young (Normal) (G1 Evacuation Pause) 3235M->2937M(3602M) 6.378ms
[2023-11-10T12:11:55.326-0800][77918958ms] GC(26278) User=0.05s Sys=0.00s Real=0.01s
[2023-11-10T12:11:55.598-0800][77919230ms] GC(26279) Pause Young (Normal) (G1 Evacuation Pause)
[2023-11-10T12:11:55.598-0800][77919230ms] GC(26279) Using 10 workers of 10 for evacuation
[2023-11-10T12:11:55.603-0800][77919235ms] GC(26279)   Pre Evacuate Collection Set: 0.0ms
[2023-11-10T12:11:55.603-0800][77919235ms] GC(26279)   Evacuate Collection Set: 1.6ms
[2023-11-10T12:11:55.603-0800][77919235ms] GC(26279)   Post Evacuate Collection Set: 3.0ms
[2023-11-10T12:11:55.603-0800][77919235ms] GC(26279)   Other: 0.3ms
[2023-11-10T12:11:55.603-0800][77919235ms] GC(26279) Eden regions: 149->0(149)
[2023-11-10T12:11:55.603-0800][77919235ms] GC(26279) Survivor regions: 1->1(19)
[2023-11-10T12:11:55.603-0800][77919235ms] GC(26279) Old regions: 1464->1464
[2023-11-10T12:11:55.603-0800][77919235ms] GC(26279) Humongous regions: 5->5
[2023-11-10T12:11:55.603-0800][77919235ms] GC(26279) Metaspace: 305043K->305043K(1349632K)
[2023-11-10T12:11:55.603-0800][77919235ms] GC(26279) Pause Young (Normal) (G1 Evacuation Pause) 3235M->2937M(3602M) 5.077ms
[2023-11-10T12:11:55.603-0800][77919235ms] GC(26279) User=0.02s Sys=0.00s Real=0.00s
[2023-11-10T12:11:55.861-0800][77919494ms] GC(26280) Pause Young (Normal) (G1 Evacuation Pause)
[2023-11-10T12:11:55.862-0800][77919494ms] GC(26280) Using 10 workers of 10 for evacuation
[2023-11-10T12:11:55.867-0800][77919499ms] GC(26280)   Pre Evacuate Collection Set: 0.0ms
[2023-11-10T12:11:55.867-0800][77919499ms] GC(26280)   Evacuate Collection Set: 1.6ms
[2023-11-10T12:11:55.867-0800][77919499ms] GC(26280)   Post Evacuate Collection Set: 3.0ms
[2023-11-10T12:11:55.867-0800][77919499ms] GC(26280)   Other: 0.2ms
[2023-11-10T12:11:55.867-0800][77919499ms] GC(26280) Eden regions: 149->0(149)
[2023-11-10T12:11:55.867-0800][77919499ms] GC(26280) Survivor regions: 1->1(19)
[2023-11-10T12:11:55.867-0800][77919499ms] GC(26280) Old regions: 1464->1464
[2023-11-10T12:11:55.867-0800][77919499ms] GC(26280) Humongous regions: 5->5
[2023-11-10T12:11:55.867-0800][77919499ms] GC(26280) Metaspace: 305043K->305043K(1349632K)
[2023-11-10T12:11:55.867-0800][77919499ms] GC(26280) Pause Young (Normal) (G1 Evacuation Pause) 3235M->2937M(3602M) 4.952ms
[2023-11-10T12:11:55.867-0800][77919499ms] GC(26280) User=0.00s Sys=0.00s Real=0.01s
[2023-11-10T12:11:56.144-0800][77919776ms] GC(26281) Pause Young (Normal) (G1 Evacuation Pause)
[2023-11-10T12:11:56.144-0800][77919776ms] GC(26281) Using 10 workers of 10 for evacuation
[2023-11-10T12:11:56.149-0800][77919781ms] GC(26281)   Pre Evacuate Collection Set: 0.0ms
[2023-11-10T12:11:56.149-0800][77919781ms] GC(26281)   Evacuate Collection Set: 1.6ms
[2023-11-10T12:11:56.149-0800][77919781ms] GC(26281)   Post Evacuate Collection Set: 3.1ms
[2023-11-10T12:11:56.149-0800][77919781ms] GC(26281)   Other: 0.2ms
[2023-11-10T12:11:56.149-0800][77919781ms] GC(26281) Eden regions: 149->0(149)
[2023-11-10T12:11:56.149-0800][77919781ms] GC(26281) Survivor regions: 1->1(19)
[2023-11-10T12:11:56.149-0800][77919781ms] GC(26281) Old regions: 1464->1464
[2023-11-10T12:11:56.149-0800][77919781ms] GC(26281) Humongous regions: 5->5
[2023-11-10T12:11:56.149-0800][77919781ms] GC(26281) Metaspace: 305043K->305043K(1349632K)
[2023-11-10T12:11:56.149-0800][77919781ms] GC(26281) Pause Young (Normal) (G1 Evacuation Pause) 3235M->2937M(3602M) 5.074ms
[2023-11-10T12:11:56.149-0800][77919781ms] GC(26281) User=0.02s Sys=0.00s Real=0.00s
[2023-11-10T12:11:56.419-0800][77920051ms] GC(26282) Pause Young (Normal) (G1 Evacuation Pause)
[2023-11-10T12:11:56.419-0800][77920051ms] GC(26282) Using 10 workers of 10 for evacuation
[2023-11-10T12:11:56.423-0800][77920055ms] GC(26282)   Pre Evacuate Collection Set: 0.0ms
[2023-11-10T12:11:56.424-0800][77920056ms] GC(26282)   Evacuate Collection Set: 1.6ms
[2023-11-10T12:11:56.424-0800][77920056ms] GC(26282)   Post Evacuate Collection Set: 2.8ms
[2023-11-10T12:11:56.424-0800][77920056ms] GC(26282)   Other: 0.2ms
[2023-11-10T12:11:56.424-0800][77920056ms] GC(26282) Eden regions: 149->0(149)
[2023-11-10T12:11:56.424-0800][77920056ms] GC(26282) Survivor regions: 1->1(19)
[2023-11-10T12:11:56.424-0800][77920056ms] GC(26282) Old regions: 1464->1464
[2023-11-10T12:11:56.424-0800][77920056ms] GC(26282) Humongous regions: 5->5
[2023-11-10T12:11:56.424-0800][77920056ms] GC(26282) Metaspace: 305043K->305043K(1349632K)
[2023-11-10T12:11:56.424-0800][77920056ms] GC(26282) Pause Young (Normal) (G1 Evacuation Pause) 3235M->2937M(3602M) 4.838ms
[2023-11-10T12:11:56.424-0800][77920056ms] GC(26282) User=0.00s Sys=0.00s Real=0.01s
[2023-11-10T12:11:56.689-0800][77920321ms] GC(26283) Pause Young (Normal) (G1 Evacuation Pause)
[2023-11-10T12:11:56.689-0800][77920321ms] GC(26283) Using 10 workers of 10 for evacuation
[2023-11-10T12:11:56.696-0800][77920328ms] GC(26283)   Pre Evacuate Collection Set: 0.0ms
[2023-11-10T12:11:56.696-0800][77920328ms] GC(26283)   Evacuate Collection Set: 1.8ms
[2023-11-10T12:11:56.696-0800][77920328ms] GC(26283)   Post Evacuate Collection Set: 4.7ms
[2023-11-10T12:11:56.696-0800][77920328ms] GC(26283)   Other: 0.3ms
[2023-11-10T12:11:56.697-0800][77920329ms] GC(26283) Eden regions: 149->0(149)
[2023-11-10T12:11:56.697-0800][77920329ms] GC(26283) Survivor regions: 1->1(19)
[2023-11-10T12:11:56.697-0800][77920329ms] GC(26283) Old regions: 1464->1464
[2023-11-10T12:11:56.697-0800][77920329ms] GC(26283) Humongous regions: 5->5
[2023-11-10T12:11:56.697-0800][77920329ms] GC(26283) Metaspace: 305043K->305043K(1349632K)
[2023-11-10T12:11:56.697-0800][77920329ms] GC(26283) Pause Young (Normal) (G1 Evacuation Pause) 3235M->2937M(3602M) 6.973ms
[2023-11-10T12:11:56.697-0800][77920329ms] GC(26283) User=0.02s Sys=0.00s Real=0.01s
[2023-11-10T12:11:56.961-0800][77920593ms] GC(26284) Pause Young (Normal) (G1 Evacuation Pause)
[2023-11-10T12:11:56.961-0800][77920593ms] GC(26284) Using 10 workers of 10 for evacuation
[2023-11-10T12:11:56.966-0800][77920598ms] GC(26284)   Pre Evacuate Collection Set: 0.0ms
[2023-11-10T12:11:56.966-0800][77920598ms] GC(26284)   Evacuate Collection Set: 1.6ms
[2023-11-10T12:11:56.966-0800][77920598ms] GC(26284)   Post Evacuate Collection Set: 2.9ms
[2023-11-10T12:11:56.966-0800][77920598ms] GC(26284)   Other: 0.3ms
[2023-11-10T12:11:56.966-0800][77920598ms] GC(26284) Eden regions: 149->0(149)
[2023-11-10T12:11:56.966-0800][77920598ms] GC(26284) Survivor regions: 1->1(19)
[2023-11-10T12:11:56.966-0800][77920598ms] GC(26284) Old regions: 1464->1464
[2023-11-10T12:11:56.966-0800][77920598ms] GC(26284) Humongous regions: 5->5
[2023-11-10T12:11:56.966-0800][77920598ms] GC(26284) Metaspace: 305043K->305043K(1349632K)
[2023-11-10T12:11:56.966-0800][77920598ms] GC(26284) Pause Young (Normal) (G1 Evacuation Pause) 3235M->2937M(3602M) 4.998ms
[2023-11-10T12:11:56.966-0800][77920598ms] GC(26284) User=0.00s Sys=0.00s Real=0.01s
[2023-11-10T12:11:57.234-0800][77920866ms] GC(26285) Pause Young (Normal) (G1 Evacuation Pause)
[2023-11-10T12:11:57.234-0800][77920866ms] GC(26285) Using 10 workers of 10 for evacuation
[2023-11-10T12:11:57.240-0800][77920872ms] GC(26285)   Pre Evacuate Collection Set: 0.0ms
[2023-11-10T12:11:57.240-0800][77920872ms] GC(26285)   Evacuate Collection Set: 1.6ms
[2023-11-10T12:11:57.240-0800][77920872ms] GC(26285)   Post Evacuate Collection Set: 3.2ms
[2023-11-10T12:11:57.240-0800][77920872ms] GC(26285)   Other: 0.2ms
[2023-11-10T12:11:57.240-0800][77920872ms] GC(26285) Eden regions: 149->0(149)
[2023-11-10T12:11:57.240-0800][77920872ms] GC(26285) Survivor regions: 1->1(19)
[2023-11-10T12:11:57.240-0800][77920872ms] GC(26285) Old regions: 1464->1464
[2023-11-10T12:11:57.240-0800][77920872ms] GC(26285) Humongous regions: 5->5
[2023-11-10T12:11:57.240-0800][77920872ms] GC(26285) Metaspace: 305043K->305043K(1349632K)
[2023-11-10T12:11:57.240-0800][77920872ms] GC(26285) Pause Young (Normal) (G1 Evacuation Pause) 3235M->2937M(3602M) 5.136ms
[2023-11-10T12:11:57.240-0800][77920872ms] GC(26285) User=0.00s Sys=0.00s Real=0.01s
[2023-11-10T12:11:57.510-0800][77921142ms] GC(26286) Pause Young (Normal) (G1 Evacuation Pause)
[2023-11-10T12:11:57.510-0800][77921142ms] GC(26286) Using 10 workers of 10 for evacuation
[2023-11-10T12:11:57.514-0800][77921146ms] GC(26286)   Pre Evacuate Collection Set: 0.0ms
[2023-11-10T12:11:57.514-0800][77921146ms] GC(26286)   Evacuate Collection Set: 1.6ms
[2023-11-10T12:11:57.514-0800][77921146ms] GC(26286)   Post Evacuate Collection Set: 3.0ms
[2023-11-10T12:11:57.514-0800][77921146ms] GC(26286)   Other: 0.3ms
[2023-11-10T12:11:57.514-0800][77921146ms] GC(26286) Eden regions: 149->0(149)
[2023-11-10T12:11:57.514-0800][77921146ms] GC(26286) Survivor regions: 1->1(19)
[2023-11-10T12:11:57.514-0800][77921146ms] GC(26286) Old regions: 1464->1464
[2023-11-10T12:11:57.514-0800][77921146ms] GC(26286) Humongous regions: 5->5
[2023-11-10T12:11:57.514-0800][77921146ms] GC(26286) Metaspace: 305043K->305043K(1349632K)
[2023-11-10T12:11:57.514-0800][77921146ms] GC(26286) Pause Young (Normal) (G1 Evacuation Pause) 3235M->2937M(3602M) 4.998ms
[2023-11-10T12:11:57.514-0800][77921146ms] GC(26286) User=0.00s Sys=0.00s Real=0.00s
[2023-11-10T12:11:57.784-0800][77921416ms] GC(26287) Pause Young (Normal) (G1 Evacuation Pause)
[2023-11-10T12:11:57.784-0800][77921416ms] GC(26287) Using 10 workers of 10 for evacuation
[2023-11-10T12:11:57.789-0800][77921421ms] GC(26287)   Pre Evacuate Collection Set: 0.0ms
[2023-11-10T12:11:57.789-0800][77921421ms] GC(26287)   Evacuate Collection Set: 1.7ms
[2023-11-10T12:11:57.789-0800][77921421ms] GC(26287)   Post Evacuate Collection Set: 3.1ms
[2023-11-10T12:11:57.789-0800][77921421ms] GC(26287)   Other: 0.3ms
[2023-11-10T12:11:57.789-0800][77921421ms] GC(26287) Eden regions: 149->0(149)
[2023-11-10T12:11:57.789-0800][77921421ms] GC(26287) Survivor regions: 1->1(19)
[2023-11-10T12:11:57.789-0800][77921421ms] GC(26287) Old regions: 1464->1464
[2023-11-10T12:11:57.789-0800][77921421ms] GC(26287) Humongous regions: 5->5
[2023-11-10T12:11:57.789-0800][77921421ms] GC(26287) Metaspace: 305043K->305043K(1349632K)
[2023-11-10T12:11:57.789-0800][77921421ms] GC(26287) Pause Young (Normal) (G1 Evacuation Pause) 3235M->2937M(3602M) 5.227ms
[2023-11-10T12:11:57.789-0800][77921421ms] GC(26287) User=0.02s Sys=0.00s Real=0.01s
[2023-11-10T12:11:58.046-0800][77921678ms] GC(26288) Pause Young (Normal) (G1 Evacuation Pause)
[2023-11-10T12:11:58.046-0800][77921678ms] GC(26288) Using 10 workers of 10 for evacuation
[2023-11-10T12:11:58.051-0800][77921683ms] GC(26288)   Pre Evacuate Collection Set: 0.0ms
[2023-11-10T12:11:58.051-0800][77921683ms] GC(26288)   Evacuate Collection Set: 1.7ms
[2023-11-10T12:11:58.051-0800][77921683ms] GC(26288)   Post Evacuate Collection Set: 3.0ms
[2023-11-10T12:11:58.051-0800][77921683ms] GC(26288)   Other: 0.2ms
[2023-11-10T12:11:58.051-0800][77921683ms] GC(26288) Eden regions: 149->0(149)
[2023-11-10T12:11:58.051-0800][77921683ms] GC(26288) Survivor regions: 1->1(19)
[2023-11-10T12:11:58.051-0800][77921683ms] GC(26288) Old regions: 1464->1464
[2023-11-10T12:11:58.051-0800][77921683ms] GC(26288) Humongous regions: 5->5
[2023-11-10T12:11:58.051-0800][77921683ms] GC(26288) Metaspace: 305043K->305043K(1349632K)
[2023-11-10T12:11:58.051-0800][77921683ms] GC(26288) Pause Young (Normal) (G1 Evacuation Pause) 3235M->2937M(3602M) 4.994ms
[2023-11-10T12:11:58.051-0800][77921683ms] GC(26288) User=0.00s Sys=0.00s Real=0.01s
[2023-11-10T12:11:58.339-0800][77921971ms] GC(26289) Pause Young (Normal) (GCLocker Initiated GC)
[2023-11-10T12:11:58.339-0800][77921971ms] GC(26289) Using 10 workers of 10 for evacuation
[2023-11-10T12:11:58.344-0800][77921976ms] GC(26289)   Pre Evacuate Collection Set: 0.0ms
[2023-11-10T12:11:58.344-0800][77921976ms] GC(26289)   Evacuate Collection Set: 1.6ms
[2023-11-10T12:11:58.344-0800][77921976ms] GC(26289)   Post Evacuate Collection Set: 3.2ms
[2023-11-10T12:11:58.344-0800][77921976ms] GC(26289)   Other: 0.2ms
[2023-11-10T12:11:58.344-0800][77921976ms] GC(26289) Eden regions: 149->0(149)
[2023-11-10T12:11:58.344-0800][77921976ms] GC(26289) Survivor regions: 1->1(19)
[2023-11-10T12:11:58.344-0800][77921976ms] GC(26289) Old regions: 1464->1464
[2023-11-10T12:11:58.344-0800][77921976ms] GC(26289) Humongous regions: 5->5
[2023-11-10T12:11:58.344-0800][77921976ms] GC(26289) Metaspace: 305043K->305043K(1349632K)
[2023-11-10T12:11:58.344-0800][77921976ms] GC(26289) Pause Young (Normal) (GCLocker Initiated GC) 3235M->2937M(3602M) 5.259ms
[2023-11-10T12:11:58.344-0800][77921976ms] GC(26289) User=0.00s Sys=0.00s Real=0.01s
[2023-11-10T12:11:58.638-0800][77922270ms] GC(26290) Pause Young (Normal) (GCLocker Initiated GC)
[2023-11-10T12:11:58.638-0800][77922270ms] GC(26290) Using 10 workers of 10 for evacuation
[2023-11-10T12:11:58.643-0800][77922275ms] GC(26290)   Pre Evacuate Collection Set: 0.0ms
[2023-11-10T12:11:58.643-0800][77922275ms] GC(26290)   Evacuate Collection Set: 1.6ms
[2023-11-10T12:11:58.643-0800][77922275ms] GC(26290)   Post Evacuate Collection Set: 3.2ms
[2023-11-10T12:11:58.643-0800][77922275ms] GC(26290)   Other: 0.2ms
[2023-11-10T12:11:58.643-0800][77922275ms] GC(26290) Eden regions: 149->0(149)
[2023-11-10T12:11:58.643-0800][77922275ms] GC(26290) Survivor regions: 1->1(19)
[2023-11-10T12:11:58.643-0800][77922275ms] GC(26290) Old regions: 1464->1464
[2023-11-10T12:11:58.643-0800][77922275ms] GC(26290) Humongous regions: 5->5
[2023-11-10T12:11:58.643-0800][77922275ms] GC(26290) Metaspace: 305043K->305043K(1349632K)
[2023-11-10T12:11:58.643-0800][77922275ms] GC(26290) Pause Young (Normal) (GCLocker Initiated GC) 3235M->2937M(3602M) 5.191ms
[2023-11-10T12:11:58.643-0800][77922275ms] GC(26290) User=0.00s Sys=0.00s Real=0.00s
[2023-11-10T12:11:58.916-0800][77922548ms] GC(26291) Pause Young (Normal) (GCLocker Initiated GC)
[2023-11-10T12:11:58.916-0800][77922548ms] GC(26291) Using 10 workers of 10 for evacuation
[2023-11-10T12:11:58.920-0800][77922552ms] GC(26291)   Pre Evacuate Collection Set: 0.0ms
[2023-11-10T12:11:58.920-0800][77922552ms] GC(26291)   Evacuate Collection Set: 1.6ms
[2023-11-10T12:11:58.920-0800][77922552ms] GC(26291)   Post Evacuate Collection Set: 3.1ms
[2023-11-10T12:11:58.920-0800][77922552ms] GC(26291)   Other: 0.3ms
[2023-11-10T12:11:58.920-0800][77922552ms] GC(26291) Eden regions: 149->0(149)
[2023-11-10T12:11:58.920-0800][77922552ms] GC(26291) Survivor regions: 1->1(19)
[2023-11-10T12:11:58.920-0800][77922552ms] GC(26291) Old regions: 1464->1464
[2023-11-10T12:11:58.920-0800][77922552ms] GC(26291) Humongous regions: 5->5
[2023-11-10T12:11:58.920-0800][77922552ms] GC(26291) Metaspace: 305043K->305043K(1349632K)
[2023-11-10T12:11:58.920-0800][77922552ms] GC(26291) Pause Young (Normal) (GCLocker Initiated GC) 3235M->2937M(3602M) 5.141ms
[2023-11-10T12:11:58.920-0800][77922552ms] GC(26291) User=0.00s Sys=0.00s Real=0.00s
[2023-11-10T12:11:59.199-0800][77922831ms] GC(26292) Pause Young (Normal) (GCLocker Initiated GC)
[2023-11-10T12:11:59.199-0800][77922831ms] GC(26292) Using 10 workers of 10 for evacuation
[2023-11-10T12:11:59.204-0800][77922836ms] GC(26292)   Pre Evacuate Collection Set: 0.0ms
[2023-11-10T12:11:59.204-0800][77922836ms] GC(26292)   Evacuate Collection Set: 1.5ms
[2023-11-10T12:11:59.204-0800][77922836ms] GC(26292)   Post Evacuate Collection Set: 3.1ms
[2023-11-10T12:11:59.204-0800][77922836ms] GC(26292)   Other: 0.2ms
[2023-11-10T12:11:59.205-0800][77922837ms] GC(26292) Eden regions: 149->0(149)
[2023-11-10T12:11:59.205-0800][77922837ms] GC(26292) Survivor regions: 1->1(19)
[2023-11-10T12:11:59.205-0800][77922837ms] GC(26292) Old regions: 1464->1464
[2023-11-10T12:11:59.205-0800][77922837ms] GC(26292) Humongous regions: 5->5
[2023-11-10T12:11:59.205-0800][77922837ms] GC(26292) Metaspace: 305043K->305043K(1349632K)
[2023-11-10T12:11:59.205-0800][77922837ms] GC(26292) Pause Young (Normal) (GCLocker Initiated GC) 3235M->2937M(3602M) 5.018ms
[2023-11-10T12:11:59.205-0800][77922837ms] GC(26292) User=0.00s Sys=0.00s Real=0.01s
[2023-11-10T12:11:59.473-0800][77923105ms] GC(26293) Pause Young (Normal) (G1 Evacuation Pause)
[2023-11-10T12:11:59.473-0800][77923105ms] GC(26293) Using 10 workers of 10 for evacuation
[2023-11-10T12:11:59.479-0800][77923111ms] GC(26293)   Pre Evacuate Collection Set: 0.0ms
[2023-11-10T12:11:59.479-0800][77923111ms] GC(26293)   Evacuate Collection Set: 1.8ms
[2023-11-10T12:11:59.479-0800][77923111ms] GC(26293)   Post Evacuate Collection Set: 3.2ms
[2023-11-10T12:11:59.479-0800][77923111ms] GC(26293)   Other: 0.3ms
[2023-11-10T12:11:59.479-0800][77923111ms] GC(26293) Eden regions: 149->0(149)
[2023-11-10T12:11:59.479-0800][77923111ms] GC(26293) Survivor regions: 1->1(19)
[2023-11-10T12:11:59.479-0800][77923111ms] GC(26293) Old regions: 1464->1464
[2023-11-10T12:11:59.479-0800][77923111ms] GC(26293) Humongous regions: 5->5
[2023-11-10T12:11:59.479-0800][77923111ms] GC(26293) Metaspace: 305043K->305043K(1349632K)
[2023-11-10T12:11:59.479-0800][77923111ms] GC(26293) Pause Young (Normal) (G1 Evacuation Pause) 3235M->2937M(3602M) 5.441ms
[2023-11-10T12:11:59.479-0800][77923111ms] GC(26293) User=0.00s Sys=0.00s Real=0.01s
[2023-11-10T12:11:59.768-0800][77923400ms] GC(26294) Pause Young (Normal) (GCLocker Initiated GC)
[2023-11-10T12:11:59.768-0800][77923400ms] GC(26294) Using 10 workers of 10 for evacuation
[2023-11-10T12:11:59.773-0800][77923405ms] GC(26294)   Pre Evacuate Collection Set: 0.0ms
[2023-11-10T12:11:59.773-0800][77923405ms] GC(26294)   Evacuate Collection Set: 1.6ms
[2023-11-10T12:11:59.773-0800][77923405ms] GC(26294)   Post Evacuate Collection Set: 3.1ms
[2023-11-10T12:11:59.773-0800][77923405ms] GC(26294)   Other: 0.2ms
[2023-11-10T12:11:59.773-0800][77923405ms] GC(26294) Eden regions: 149->0(149)
[2023-11-10T12:11:59.773-0800][77923405ms] GC(26294) Survivor regions: 1->1(19)
[2023-11-10T12:11:59.773-0800][77923405ms] GC(26294) Old regions: 1464->1464
[2023-11-10T12:11:59.773-0800][77923405ms] GC(26294) Humongous regions: 5->5
[2023-11-10T12:11:59.773-0800][77923405ms] GC(26294) Metaspace: 305043K->305043K(1349632K)
[2023-11-10T12:11:59.773-0800][77923405ms] GC(26294) Pause Young (Normal) (GCLocker Initiated GC) 3235M->2937M(3602M) 5.189ms
[2023-11-10T12:11:59.773-0800][77923405ms] GC(26294) User=0.00s Sys=0.00s Real=0.01s
[2023-11-10T12:12:00.057-0800][77923689ms] GC(26295) Pause Young (Normal) (G1 Evacuation Pause)
[2023-11-10T12:12:00.057-0800][77923689ms] GC(26295) Using 10 workers of 10 for evacuation
[2023-11-10T12:12:00.062-0800][77923694ms] GC(26295)   Pre Evacuate Collection Set: 0.0ms
[2023-11-10T12:12:00.062-0800][77923694ms] GC(26295)   Evacuate Collection Set: 1.7ms
[2023-11-10T12:12:00.062-0800][77923694ms] GC(26295)   Post Evacuate Collection Set: 3.2ms
[2023-11-10T12:12:00.062-0800][77923694ms] GC(26295)   Other: 0.2ms
[2023-11-10T12:12:00.062-0800][77923694ms] GC(26295) Eden regions: 149->0(149)
[2023-11-10T12:12:00.062-0800][77923694ms] GC(26295) Survivor regions: 1->1(19)
[2023-11-10T12:12:00.062-0800][77923694ms] GC(26295) Old regions: 1464->1464
[2023-11-10T12:12:00.062-0800][77923694ms] GC(26295) Humongous regions: 5->5
[2023-11-10T12:12:00.062-0800][77923694ms] GC(26295) Metaspace: 305043K->305043K(1349632K)
[2023-11-10T12:12:00.062-0800][77923694ms] GC(26295) Pause Young (Normal) (G1 Evacuation Pause) 3235M->2937M(3602M) 5.212ms
[2023-11-10T12:12:00.062-0800][77923694ms] GC(26295) User=0.00s Sys=0.00s Real=0.01s
[2023-11-10T12:12:00.376-0800][77924008ms] GC(26296) Pause Young (Normal) (G1 Evacuation Pause)
[2023-11-10T12:12:00.376-0800][77924008ms] GC(26296) Using 10 workers of 10 for evacuation
[2023-11-10T12:12:00.381-0800][77924013ms] GC(26296)   Pre Evacuate Collection Set: 0.0ms
[2023-11-10T12:12:00.381-0800][77924013ms] GC(26296)   Evacuate Collection Set: 1.8ms
[2023-11-10T12:12:00.381-0800][77924013ms] GC(26296)   Post Evacuate Collection Set: 3.2ms
[2023-11-10T12:12:00.381-0800][77924013ms] GC(26296)   Other: 0.3ms
[2023-11-10T12:12:00.381-0800][77924013ms] GC(26296) Eden regions: 149->0(149)
[2023-11-10T12:12:00.381-0800][77924013ms] GC(26296) Survivor regions: 1->1(19)
[2023-11-10T12:12:00.381-0800][77924013ms] GC(26296) Old regions: 1464->1464
[2023-11-10T12:12:00.381-0800][77924013ms] GC(26296) Humongous regions: 5->5
[2023-11-10T12:12:00.381-0800][77924013ms] GC(26296) Metaspace: 305043K->305043K(1349632K)
[2023-11-10T12:12:00.381-0800][77924013ms] GC(26296) Pause Young (Normal) (G1 Evacuation Pause) 3235M->2937M(3602M) 5.344ms
[2023-11-10T12:12:00.381-0800][77924013ms] GC(26296) User=0.00s Sys=0.00s Real=0.01s
[2023-11-10T12:12:00.637-0800][77924269ms] GC(26297) Pause Young (Normal) (G1 Evacuation Pause)
[2023-11-10T12:12:00.637-0800][77924269ms] GC(26297) Using 10 workers of 10 for evacuation
[2023-11-10T12:12:00.642-0800][77924274ms] GC(26297)   Pre Evacuate Collection Set: 0.0ms
[2023-11-10T12:12:00.642-0800][77924274ms] GC(26297)   Evacuate Collection Set: 1.6ms
[2023-11-10T12:12:00.642-0800][77924274ms] GC(26297)   Post Evacuate Collection Set: 3.0ms
[2023-11-10T12:12:00.642-0800][77924274ms] GC(26297)   Other: 0.2ms
[2023-11-10T12:12:00.642-0800][77924274ms] GC(26297) Eden regions: 149->0(149)
[2023-11-10T12:12:00.642-0800][77924274ms] GC(26297) Survivor regions: 1->1(19)
[2023-11-10T12:12:00.642-0800][77924274ms] GC(26297) Old regions: 1464->1464
[2023-11-10T12:12:00.642-0800][77924274ms] GC(26297) Humongous regions: 5->5
[2023-11-10T12:12:00.642-0800][77924274ms] GC(26297) Metaspace: 305043K->305043K(1349632K)
[2023-11-10T12:12:00.642-0800][77924274ms] GC(26297) Pause Young (Normal) (G1 Evacuation Pause) 3235M->2937M(3602M) 5.018ms
[2023-11-10T12:12:00.642-0800][77924274ms] GC(26297) User=0.00s Sys=0.00s Real=0.00s
[2023-11-10T12:12:00.894-0800][77924526ms] GC(26298) Pause Young (Normal) (G1 Evacuation Pause)
[2023-11-10T12:12:00.894-0800][77924526ms] GC(26298) Using 10 workers of 10 for evacuation
[2023-11-10T12:12:00.900-0800][77924532ms] GC(26298)   Pre Evacuate Collection Set: 0.0ms
[2023-11-10T12:12:00.900-0800][77924532ms] GC(26298)   Evacuate Collection Set: 1.7ms
[2023-11-10T12:12:00.900-0800][77924532ms] GC(26298)   Post Evacuate Collection Set: 3.0ms
[2023-11-10T12:12:00.900-0800][77924532ms] GC(26298)   Other: 0.2ms
[2023-11-10T12:12:00.900-0800][77924532ms] GC(26298) Eden regions: 149->0(149)
[2023-11-10T12:12:00.900-0800][77924532ms] GC(26298) Survivor regions: 1->1(19)
[2023-11-10T12:12:00.900-0800][77924532ms] GC(26298) Old regions: 1464->1464
[2023-11-10T12:12:00.900-0800][77924532ms] GC(26298) Humongous regions: 5->5
[2023-11-10T12:12:00.900-0800][77924532ms] GC(26298) Metaspace: 305043K->305043K(1349632K)
[2023-11-10T12:12:00.900-0800][77924532ms] GC(26298) Pause Young (Normal) (G1 Evacuation Pause) 3235M->2937M(3602M) 5.103ms
[2023-11-10T12:12:00.900-0800][77924532ms] GC(26298) User=0.00s Sys=0.00s Real=0.01s
[2023-11-10T12:12:01.159-0800][77924791ms] GC(26299) Pause Young (Normal) (G1 Evacuation Pause)
[2023-11-10T12:12:01.159-0800][77924791ms] GC(26299) Using 10 workers of 10 for evacuation
[2023-11-10T12:12:01.165-0800][77924797ms] GC(26299)   Pre Evacuate Collection Set: 0.1ms
[2023-11-10T12:12:01.165-0800][77924797ms] GC(26299)   Evacuate Collection Set: 1.6ms
[2023-11-10T12:12:01.165-0800][77924797ms] GC(26299)   Post Evacuate Collection Set: 3.0ms
[2023-11-10T12:12:01.165-0800][77924797ms] GC(26299)   Other: 0.2ms
[2023-11-10T12:12:01.165-0800][77924797ms] GC(26299) Eden regions: 149->0(149)
[2023-11-10T12:12:01.165-0800][77924797ms] GC(26299) Survivor regions: 1->1(19)
[2023-11-10T12:12:01.165-0800][77924797ms] GC(26299) Old regions: 1464->1464
[2023-11-10T12:12:01.165-0800][77924797ms] GC(26299) Humongous regions: 5->5
[2023-11-10T12:12:01.165-0800][77924797ms] GC(26299) Metaspace: 305043K->305043K(1349632K)
[2023-11-10T12:12:01.165-0800][77924797ms] GC(26299) Pause Young (Normal) (G1 Evacuation Pause) 3235M->2937M(3602M) 5.011ms
[2023-11-10T12:12:01.165-0800][77924797ms] GC(26299) User=0.00s Sys=0.00s Real=0.01s
[2023-11-10T12:12:01.442-0800][77925074ms] GC(26300) Pause Young (Normal) (G1 Evacuation Pause)
[2023-11-10T12:12:01.442-0800][77925074ms] GC(26300) Using 10 workers of 10 for evacuation
[2023-11-10T12:12:01.446-0800][77925078ms] GC(26300)   Pre Evacuate Collection Set: 0.0ms
[2023-11-10T12:12:01.446-0800][77925078ms] GC(26300)   Evacuate Collection Set: 1.6ms
[2023-11-10T12:12:01.446-0800][77925078ms] GC(26300)   Post Evacuate Collection Set: 3.1ms
[2023-11-10T12:12:01.446-0800][77925078ms] GC(26300)   Other: 0.2ms
[2023-11-10T12:12:01.446-0800][77925078ms] GC(26300) Eden regions: 149->0(149)
[2023-11-10T12:12:01.446-0800][77925078ms] GC(26300) Survivor regions: 1->1(19)
[2023-11-10T12:12:01.446-0800][77925078ms] GC(26300) Old regions: 1464->1464
[2023-11-10T12:12:01.446-0800][77925078ms] GC(26300) Humongous regions: 5->5
[2023-11-10T12:12:01.446-0800][77925078ms] GC(26300) Metaspace: 305043K->305043K(1349632K)
[2023-11-10T12:12:01.446-0800][77925078ms] GC(26300) Pause Young (Normal) (G1 Evacuation Pause) 3235M->2937M(3602M) 5.046ms
[2023-11-10T12:12:01.446-0800][77925078ms] GC(26300) User=0.02s Sys=0.00s Real=0.00s
[2023-11-10T12:12:01.706-0800][77925338ms] GC(26301) Pause Young (Normal) (G1 Evacuation Pause)
[2023-11-10T12:12:01.706-0800][77925338ms] GC(26301) Using 10 workers of 10 for evacuation
[2023-11-10T12:12:01.712-0800][77925344ms] GC(26301)   Pre Evacuate Collection Set: 0.0ms
[2023-11-10T12:12:01.712-0800][77925344ms] GC(26301)   Evacuate Collection Set: 1.7ms
[2023-11-10T12:12:01.712-0800][77925344ms] GC(26301)   Post Evacuate Collection Set: 2.9ms
[2023-11-10T12:12:01.712-0800][77925344ms] GC(26301)   Other: 0.2ms
[2023-11-10T12:12:01.712-0800][77925344ms] GC(26301) Eden regions: 149->0(149)
[2023-11-10T12:12:01.712-0800][77925344ms] GC(26301) Survivor regions: 1->1(19)
[2023-11-10T12:12:01.712-0800][77925344ms] GC(26301) Old regions: 1464->1464
[2023-11-10T12:12:01.712-0800][77925344ms] GC(26301) Humongous regions: 5->5
[2023-11-10T12:12:01.712-0800][77925344ms] GC(26301) Metaspace: 305043K->305043K(1349632K)
[2023-11-10T12:12:01.712-0800][77925344ms] GC(26301) Pause Young (Normal) (G1 Evacuation Pause) 3235M->2937M(3602M) 4.947ms
[2023-11-10T12:12:01.712-0800][77925344ms] GC(26301) User=0.00s Sys=0.00s Real=0.01s
[2023-11-10T12:12:01.962-0800][77925594ms] GC(26302) Pause Young (Normal) (G1 Evacuation Pause)
[2023-11-10T12:12:01.962-0800][77925594ms] GC(26302) Using 10 workers of 10 for evacuation
[2023-11-10T12:12:01.966-0800][77925598ms] GC(26302)   Pre Evacuate Collection Set: 0.0ms
[2023-11-10T12:12:01.966-0800][77925598ms] GC(26302)   Evacuate Collection Set: 1.6ms
[2023-11-10T12:12:01.966-0800][77925598ms] GC(26302)   Post Evacuate Collection Set: 3.2ms
[2023-11-10T12:12:01.966-0800][77925598ms] GC(26302)   Other: 0.2ms
[2023-11-10T12:12:01.966-0800][77925598ms] GC(26302) Eden regions: 149->0(149)
[2023-11-10T12:12:01.966-0800][77925598ms] GC(26302) Survivor regions: 1->1(19)
[2023-11-10T12:12:01.966-0800][77925598ms] GC(26302) Old regions: 1464->1464
[2023-11-10T12:12:01.966-0800][77925598ms] GC(26302) Humongous regions: 5->5
[2023-11-10T12:12:01.966-0800][77925598ms] GC(26302) Metaspace: 305043K->305043K(1349632K)
[2023-11-10T12:12:01.966-0800][77925598ms] GC(26302) Pause Young (Normal) (G1 Evacuation Pause) 3235M->2937M(3602M) 5.140ms
[2023-11-10T12:12:01.966-0800][77925598ms] GC(26302) User=0.00s Sys=0.00s Real=0.00s
[2023-11-10T12:12:02.233-0800][77925865ms] GC(26303) Pause Young (Normal) (G1 Evacuation Pause)
[2023-11-10T12:12:02.233-0800][77925865ms] GC(26303) Using 10 workers of 10 for evacuation
[2023-11-10T12:12:02.237-0800][77925869ms] GC(26303)   Pre Evacuate Collection Set: 0.0ms
[2023-11-10T12:12:02.237-0800][77925869ms] GC(26303)   Evacuate Collection Set: 1.6ms
[2023-11-10T12:12:02.237-0800][77925869ms] GC(26303)   Post Evacuate Collection Set: 3.1ms
[2023-11-10T12:12:02.237-0800][77925869ms] GC(26303)   Other: 0.2ms
[2023-11-10T12:12:02.237-0800][77925869ms] GC(26303) Eden regions: 149->0(149)
[2023-11-10T12:12:02.237-0800][77925869ms] GC(26303) Survivor regions: 1->1(19)
[2023-11-10T12:12:02.237-0800][77925869ms] GC(26303) Old regions: 1464->1464
[2023-11-10T12:12:02.237-0800][77925869ms] GC(26303) Humongous regions: 5->5
[2023-11-10T12:12:02.237-0800][77925869ms] GC(26303) Metaspace: 305043K->305043K(1349632K)
[2023-11-10T12:12:02.237-0800][77925869ms] GC(26303) Pause Young (Normal) (G1 Evacuation Pause) 3235M->2937M(3602M) 5.130ms
[2023-11-10T12:12:02.237-0800][77925869ms] GC(26303) User=0.00s Sys=0.00s Real=0.00s
[2023-11-10T12:12:02.497-0800][77926129ms] GC(26304) Pause Young (Normal) (G1 Evacuation Pause)
[2023-11-10T12:12:02.497-0800][77926129ms] GC(26304) Using 10 workers of 10 for evacuation
[2023-11-10T12:12:02.502-0800][77926134ms] GC(26304)   Pre Evacuate Collection Set: 0.0ms
[2023-11-10T12:12:02.502-0800][77926134ms] GC(26304)   Evacuate Collection Set: 1.6ms
[2023-11-10T12:12:02.502-0800][77926134ms] GC(26304)   Post Evacuate Collection Set: 3.0ms
[2023-11-10T12:12:02.502-0800][77926134ms] GC(26304)   Other: 0.2ms
[2023-11-10T12:12:02.502-0800][77926134ms] GC(26304) Eden regions: 149->0(149)
[2023-11-10T12:12:02.502-0800][77926134ms] GC(26304) Survivor regions: 1->1(19)
[2023-11-10T12:12:02.503-0800][77926135ms] GC(26304) Old regions: 1464->1464
[2023-11-10T12:12:02.503-0800][77926135ms] GC(26304) Humongous regions: 5->5
[2023-11-10T12:12:02.503-0800][77926135ms] GC(26304) Metaspace: 305043K->305043K(1349632K)
[2023-11-10T12:12:02.503-0800][77926135ms] GC(26304) Pause Young (Normal) (G1 Evacuation Pause) 3235M->2937M(3602M) 5.065ms
[2023-11-10T12:12:02.503-0800][77926135ms] GC(26304) User=0.00s Sys=0.00s Real=0.01s
[2023-11-10T12:12:02.773-0800][77926405ms] GC(26305) Pause Young (Normal) (G1 Evacuation Pause)
[2023-11-10T12:12:02.773-0800][77926405ms] GC(26305) Using 10 workers of 10 for evacuation
[2023-11-10T12:12:02.777-0800][77926409ms] GC(26305)   Pre Evacuate Collection Set: 0.0ms
[2023-11-10T12:12:02.777-0800][77926409ms] GC(26305)   Evacuate Collection Set: 1.8ms
[2023-11-10T12:12:02.777-0800][77926409ms] GC(26305)   Post Evacuate Collection Set: 3.0ms
[2023-11-10T12:12:02.777-0800][77926409ms] GC(26305)   Other: 0.3ms
[2023-11-10T12:12:02.777-0800][77926409ms] GC(26305) Eden regions: 149->0(149)
[2023-11-10T12:12:02.777-0800][77926409ms] GC(26305) Survivor regions: 1->1(19)
[2023-11-10T12:12:02.777-0800][77926409ms] GC(26305) Old regions: 1464->1464
[2023-11-10T12:12:02.777-0800][77926409ms] GC(26305) Humongous regions: 5->5
[2023-11-10T12:12:02.777-0800][77926409ms] GC(26305) Metaspace: 305043K->305043K(1349632K)
[2023-11-10T12:12:02.777-0800][77926409ms] GC(26305) Pause Young (Normal) (G1 Evacuation Pause) 3235M->2937M(3602M) 5.188ms
[2023-11-10T12:12:02.777-0800][77926409ms] GC(26305) User=0.00s Sys=0.00s Real=0.00s
[2023-11-10T12:12:03.036-0800][77926668ms] GC(26306) Pause Young (Normal) (G1 Evacuation Pause)
[2023-11-10T12:12:03.036-0800][77926668ms] GC(26306) Using 10 workers of 10 for evacuation
[2023-11-10T12:12:03.041-0800][77926673ms] GC(26306)   Pre Evacuate Collection Set: 0.0ms
[2023-11-10T12:12:03.041-0800][77926673ms] GC(26306)   Evacuate Collection Set: 1.6ms
[2023-11-10T12:12:03.041-0800][77926673ms] GC(26306)   Post Evacuate Collection Set: 3.0ms
[2023-11-10T12:12:03.041-0800][77926673ms] GC(26306)   Other: 0.3ms
[2023-11-10T12:12:03.041-0800][77926673ms] GC(26306) Eden regions: 149->0(149)
[2023-11-10T12:12:03.041-0800][77926673ms] GC(26306) Survivor regions: 1->1(19)
[2023-11-10T12:12:03.041-0800][77926673ms] GC(26306) Old regions: 1464->1464
[2023-11-10T12:12:03.041-0800][77926673ms] GC(26306) Humongous regions: 5->5
[2023-11-10T12:12:03.041-0800][77926673ms] GC(26306) Metaspace: 305043K->305043K(1349632K)
[2023-11-10T12:12:03.041-0800][77926673ms] GC(26306) Pause Young (Normal) (G1 Evacuation Pause) 3235M->2937M(3602M) 5.096ms
[2023-11-10T12:12:03.041-0800][77926673ms] GC(26306) User=0.00s Sys=0.00s Real=0.00s
[2023-11-10T12:12:03.303-0800][77926935ms] GC(26307) Pause Young (Normal) (G1 Evacuation Pause)
[2023-11-10T12:12:03.303-0800][77926935ms] GC(26307) Using 10 workers of 10 for evacuation
[2023-11-10T12:12:03.307-0800][77926939ms] GC(26307)   Pre Evacuate Collection Set: 0.0ms
[2023-11-10T12:12:03.307-0800][77926939ms] GC(26307)   Evacuate Collection Set: 1.6ms
[2023-11-10T12:12:03.307-0800][77926939ms] GC(26307)   Post Evacuate Collection Set: 3.0ms
[2023-11-10T12:12:03.307-0800][77926939ms] GC(26307)   Other: 0.2ms
[2023-11-10T12:12:03.307-0800][77926939ms] GC(26307) Eden regions: 149->0(149)
[2023-11-10T12:12:03.307-0800][77926939ms] GC(26307) Survivor regions: 1->1(19)
[2023-11-10T12:12:03.307-0800][77926939ms] GC(26307) Old regions: 1464->1464
[2023-11-10T12:12:03.307-0800][77926939ms] GC(26307) Humongous regions: 5->5
[2023-11-10T12:12:03.307-0800][77926939ms] GC(26307) Metaspace: 305043K->305043K(1349632K)
[2023-11-10T12:12:03.307-0800][77926939ms] GC(26307) Pause Young (Normal) (G1 Evacuation Pause) 3235M->2937M(3602M) 4.998ms
[2023-11-10T12:12:03.307-0800][77926939ms] GC(26307) User=0.11s Sys=0.00s Real=0.00s
[2023-11-10T12:12:03.647-0800][77927279ms] GC(26308) Pause Young (Normal) (G1 Evacuation Pause)
[2023-11-10T12:12:03.647-0800][77927279ms] GC(26308) Using 10 workers of 10 for evacuation
[2023-11-10T12:12:03.652-0800][77927284ms] GC(26308)   Pre Evacuate Collection Set: 0.0ms
[2023-11-10T12:12:03.652-0800][77927284ms] GC(26308)   Evacuate Collection Set: 1.6ms
[2023-11-10T12:12:03.652-0800][77927284ms] GC(26308)   Post Evacuate Collection Set: 3.3ms
[2023-11-10T12:12:03.652-0800][77927284ms] GC(26308)   Other: 0.2ms
[2023-11-10T12:12:03.652-0800][77927284ms] GC(26308) Eden regions: 149->0(149)
[2023-11-10T12:12:03.652-0800][77927284ms] GC(26308) Survivor regions: 1->1(19)
[2023-11-10T12:12:03.652-0800][77927284ms] GC(26308) Old regions: 1464->1464
[2023-11-10T12:12:03.652-0800][77927284ms] GC(26308) Humongous regions: 5->5
[2023-11-10T12:12:03.652-0800][77927284ms] GC(26308) Metaspace: 305043K->305043K(1349632K)
[2023-11-10T12:12:03.652-0800][77927284ms] GC(26308) Pause Young (Normal) (G1 Evacuation Pause) 3235M->2937M(3602M) 5.339ms
[2023-11-10T12:12:03.652-0800][77927284ms] GC(26308) User=0.06s Sys=0.00s Real=0.00s
[2023-11-10T12:12:03.932-0800][77927564ms] GC(26309) Pause Young (Normal) (G1 Evacuation Pause)
[2023-11-10T12:12:03.932-0800][77927564ms] GC(26309) Using 10 workers of 10 for evacuation
[2023-11-10T12:12:03.937-0800][77927569ms] GC(26309)   Pre Evacuate Collection Set: 0.0ms
[2023-11-10T12:12:03.937-0800][77927569ms] GC(26309)   Evacuate Collection Set: 1.6ms
[2023-11-10T12:12:03.937-0800][77927569ms] GC(26309)   Post Evacuate Collection Set: 3.1ms
[2023-11-10T12:12:03.937-0800][77927569ms] GC(26309)   Other: 0.2ms
[2023-11-10T12:12:03.937-0800][77927569ms] GC(26309) Eden regions: 149->0(149)
[2023-11-10T12:12:03.937-0800][77927569ms] GC(26309) Survivor regions: 1->1(19)
[2023-11-10T12:12:03.937-0800][77927569ms] GC(26309) Old regions: 1464->1464
[2023-11-10T12:12:03.937-0800][77927569ms] GC(26309) Humongous regions: 5->5
[2023-11-10T12:12:03.937-0800][77927569ms] GC(26309) Metaspace: 305043K->305043K(1349632K)
[2023-11-10T12:12:03.937-0800][77927569ms] GC(26309) Pause Young (Normal) (G1 Evacuation Pause) 3235M->2937M(3602M) 5.010ms
[2023-11-10T12:12:03.937-0800][77927569ms] GC(26309) User=0.00s Sys=0.00s Real=0.01s
[2023-11-10T12:12:04.247-0800][77927879ms] GC(26310) Pause Young (Normal) (G1 Evacuation Pause)
[2023-11-10T12:12:04.247-0800][77927879ms] GC(26310) Using 10 workers of 10 for evacuation
[2023-11-10T12:12:04.252-0800][77927884ms] GC(26310)   Pre Evacuate Collection Set: 0.1ms
[2023-11-10T12:12:04.252-0800][77927884ms] GC(26310)   Evacuate Collection Set: 2.1ms
[2023-11-10T12:12:04.252-0800][77927884ms] GC(26310)   Post Evacuate Collection Set: 3.5ms
[2023-11-10T12:12:04.252-0800][77927884ms] GC(26310)   Other: 0.3ms
[2023-11-10T12:12:04.252-0800][77927884ms] GC(26310) Eden regions: 149->0(149)
[2023-11-10T12:12:04.252-0800][77927884ms] GC(26310) Survivor regions: 1->1(19)
[2023-11-10T12:12:04.252-0800][77927884ms] GC(26310) Old regions: 1464->1464
[2023-11-10T12:12:04.252-0800][77927884ms] GC(26310) Humongous regions: 5->5
[2023-11-10T12:12:04.252-0800][77927884ms] GC(26310) Metaspace: 305043K->305043K(1349632K)
[2023-11-10T12:12:04.252-0800][77927884ms] GC(26310) Pause Young (Normal) (G1 Evacuation Pause) 3235M->2937M(3602M) 6.110ms
[2023-11-10T12:12:04.252-0800][77927884ms] GC(26310) User=0.00s Sys=0.00s Real=0.01s
[2023-11-10T12:12:04.520-0800][77928152ms] GC(26311) Pause Young (Normal) (G1 Evacuation Pause)
[2023-11-10T12:12:04.520-0800][77928152ms] GC(26311) Using 10 workers of 10 for evacuation
[2023-11-10T12:12:04.526-0800][77928158ms] GC(26311)   Pre Evacuate Collection Set: 0.0ms
[2023-11-10T12:12:04.526-0800][77928158ms] GC(26311)   Evacuate Collection Set: 1.7ms
[2023-11-10T12:12:04.526-0800][77928158ms] GC(26311)   Post Evacuate Collection Set: 3.0ms
[2023-11-10T12:12:04.526-0800][77928158ms] GC(26311)   Other: 0.3ms
[2023-11-10T12:12:04.526-0800][77928158ms] GC(26311) Eden regions: 149->0(149)
[2023-11-10T12:12:04.526-0800][77928158ms] GC(26311) Survivor regions: 1->1(19)
[2023-11-10T12:12:04.526-0800][77928158ms] GC(26311) Old regions: 1464->1464
[2023-11-10T12:12:04.526-0800][77928158ms] GC(26311) Humongous regions: 5->5
[2023-11-10T12:12:04.526-0800][77928158ms] GC(26311) Metaspace: 305043K->305043K(1349632K)
[2023-11-10T12:12:04.526-0800][77928158ms] GC(26311) Pause Young (Normal) (G1 Evacuation Pause) 3235M->2937M(3602M) 5.032ms
[2023-11-10T12:12:04.526-0800][77928158ms] GC(26311) User=0.02s Sys=0.00s Real=0.01s
[2023-11-10T12:12:04.780-0800][77928412ms] GC(26312) Pause Young (Normal) (G1 Evacuation Pause)
[2023-11-10T12:12:04.780-0800][77928412ms] GC(26312) Using 10 workers of 10 for evacuation
[2023-11-10T12:12:04.785-0800][77928417ms] GC(26312)   Pre Evacuate Collection Set: 0.0ms
[2023-11-10T12:12:04.785-0800][77928417ms] GC(26312)   Evacuate Collection Set: 1.6ms
[2023-11-10T12:12:04.785-0800][77928417ms] GC(26312)   Post Evacuate Collection Set: 3.0ms
[2023-11-10T12:12:04.785-0800][77928417ms] GC(26312)   Other: 0.2ms
[2023-11-10T12:12:04.785-0800][77928417ms] GC(26312) Eden regions: 149->0(149)
[2023-11-10T12:12:04.785-0800][77928417ms] GC(26312) Survivor regions: 1->1(19)
[2023-11-10T12:12:04.785-0800][77928417ms] GC(26312) Old regions: 1464->1464
[2023-11-10T12:12:04.785-0800][77928417ms] GC(26312) Humongous regions: 5->5
[2023-11-10T12:12:04.785-0800][77928417ms] GC(26312) Metaspace: 305043K->305043K(1349632K)
[2023-11-10T12:12:04.785-0800][77928417ms] GC(26312) Pause Young (Normal) (G1 Evacuation Pause) 3235M->2937M(3602M) 5.034ms
[2023-11-10T12:12:04.785-0800][77928417ms] GC(26312) User=0.00s Sys=0.00s Real=0.01s
[2023-11-10T12:12:05.031-0800][77928663ms] GC(26313) Pause Young (Normal) (G1 Evacuation Pause)
[2023-11-10T12:12:05.031-0800][77928663ms] GC(26313) Using 10 workers of 10 for evacuation
[2023-11-10T12:12:05.036-0800][77928668ms] GC(26313)   Pre Evacuate Collection Set: 0.0ms
[2023-11-10T12:12:05.036-0800][77928668ms] GC(26313)   Evacuate Collection Set: 1.6ms
[2023-11-10T12:12:05.036-0800][77928668ms] GC(26313)   Post Evacuate Collection Set: 2.8ms
[2023-11-10T12:12:05.036-0800][77928668ms] GC(26313)   Other: 0.3ms
[2023-11-10T12:12:05.036-0800][77928668ms] GC(26313) Eden regions: 149->0(149)
[2023-11-10T12:12:05.036-0800][77928668ms] GC(26313) Survivor regions: 1->1(19)
[2023-11-10T12:12:05.036-0800][77928668ms] GC(26313) Old regions: 1464->1464
[2023-11-10T12:12:05.036-0800][77928668ms] GC(26313) Humongous regions: 5->5
[2023-11-10T12:12:05.036-0800][77928668ms] GC(26313) Metaspace: 305043K->305043K(1349632K)
[2023-11-10T12:12:05.036-0800][77928668ms] GC(26313) Pause Young (Normal) (G1 Evacuation Pause) 3235M->2937M(3602M) 4.825ms
[2023-11-10T12:12:05.036-0800][77928668ms] GC(26313) User=0.00s Sys=0.00s Real=0.01s
[2023-11-10T12:12:05.307-0800][77928939ms] GC(26314) Pause Young (Normal) (G1 Evacuation Pause)
[2023-11-10T12:12:05.307-0800][77928939ms] GC(26314) Using 10 workers of 10 for evacuation
[2023-11-10T12:12:05.313-0800][77928945ms] GC(26314)   Pre Evacuate Collection Set: 0.0ms
[2023-11-10T12:12:05.313-0800][77928945ms] GC(26314)   Evacuate Collection Set: 1.5ms
[2023-11-10T12:12:05.313-0800][77928945ms] GC(26314)   Post Evacuate Collection Set: 3.0ms
[2023-11-10T12:12:05.313-0800][77928945ms] GC(26314)   Other: 0.3ms
[2023-11-10T12:12:05.313-0800][77928945ms] GC(26314) Eden regions: 149->0(149)
[2023-11-10T12:12:05.313-0800][77928945ms] GC(26314) Survivor regions: 1->1(19)
[2023-11-10T12:12:05.313-0800][77928945ms] GC(26314) Old regions: 1464->1464
[2023-11-10T12:12:05.313-0800][77928945ms] GC(26314) Humongous regions: 5->5
[2023-11-10T12:12:05.313-0800][77928945ms] GC(26314) Metaspace: 305043K->305043K(1349632K)
[2023-11-10T12:12:05.313-0800][77928945ms] GC(26314) Pause Young (Normal) (G1 Evacuation Pause) 3235M->2937M(3602M) 4.938ms
[2023-11-10T12:12:05.313-0800][77928945ms] GC(26314) User=0.00s Sys=0.00s Real=0.01s
[2023-11-10T12:12:05.560-0800][77929192ms] GC(26315) Pause Young (Normal) (G1 Evacuation Pause)
[2023-11-10T12:12:05.560-0800][77929192ms] GC(26315) Using 10 workers of 10 for evacuation
[2023-11-10T12:12:05.565-0800][77929197ms] GC(26315)   Pre Evacuate Collection Set: 0.0ms
[2023-11-10T12:12:05.566-0800][77929198ms] GC(26315)   Evacuate Collection Set: 1.6ms
[2023-11-10T12:12:05.566-0800][77929198ms] GC(26315)   Post Evacuate Collection Set: 2.9ms
[2023-11-10T12:12:05.566-0800][77929198ms] GC(26315)   Other: 0.2ms
[2023-11-10T12:12:05.566-0800][77929198ms] GC(26315) Eden regions: 149->0(149)
[2023-11-10T12:12:05.566-0800][77929198ms] GC(26315) Survivor regions: 1->1(19)
[2023-11-10T12:12:05.566-0800][77929198ms] GC(26315) Old regions: 1464->1464
[2023-11-10T12:12:05.566-0800][77929198ms] GC(26315) Humongous regions: 5->5
[2023-11-10T12:12:05.566-0800][77929198ms] GC(26315) Metaspace: 305043K->305043K(1349632K)
[2023-11-10T12:12:05.566-0800][77929198ms] GC(26315) Pause Young (Normal) (G1 Evacuation Pause) 3235M->2937M(3602M) 4.942ms
[2023-11-10T12:12:05.566-0800][77929198ms] GC(26315) User=0.00s Sys=0.00s Real=0.01s
[2023-11-10T12:12:05.832-0800][77929464ms] GC(26316) Pause Young (Normal) (G1 Evacuation Pause)
[2023-11-10T12:12:05.832-0800][77929464ms] GC(26316) Using 10 workers of 10 for evacuation
[2023-11-10T12:12:05.837-0800][77929469ms] GC(26316)   Pre Evacuate Collection Set: 0.0ms
[2023-11-10T12:12:05.837-0800][77929469ms] GC(26316)   Evacuate Collection Set: 1.7ms
[2023-11-10T12:12:05.837-0800][77929469ms] GC(26316)   Post Evacuate Collection Set: 3.0ms
[2023-11-10T12:12:05.837-0800][77929469ms] GC(26316)   Other: 0.2ms
[2023-11-10T12:12:05.837-0800][77929469ms] GC(26316) Eden regions: 149->0(149)
[2023-11-10T12:12:05.837-0800][77929469ms] GC(26316) Survivor regions: 1->1(19)
[2023-11-10T12:12:05.837-0800][77929469ms] GC(26316) Old regions: 1464->1464
[2023-11-10T12:12:05.837-0800][77929469ms] GC(26316) Humongous regions: 5->5
[2023-11-10T12:12:05.837-0800][77929469ms] GC(26316) Metaspace: 305043K->305043K(1349632K)
[2023-11-10T12:12:05.837-0800][77929469ms] GC(26316) Pause Young (Normal) (G1 Evacuation Pause) 3235M->2937M(3602M) 5.045ms
[2023-11-10T12:12:05.837-0800][77929469ms] GC(26316) User=0.02s Sys=0.00s Real=0.00s
[2023-11-10T12:12:06.100-0800][77929732ms] GC(26317) Pause Young (Normal) (G1 Evacuation Pause)
[2023-11-10T12:12:06.100-0800][77929732ms] GC(26317) Using 10 workers of 10 for evacuation
[2023-11-10T12:12:06.105-0800][77929737ms] GC(26317)   Pre Evacuate Collection Set: 0.1ms
[2023-11-10T12:12:06.105-0800][77929737ms] GC(26317)   Evacuate Collection Set: 1.7ms
[2023-11-10T12:12:06.105-0800][77929737ms] GC(26317)   Post Evacuate Collection Set: 3.0ms
[2023-11-10T12:12:06.105-0800][77929737ms] GC(26317)   Other: 0.3ms
[2023-11-10T12:12:06.105-0800][77929737ms] GC(26317) Eden regions: 149->0(149)
[2023-11-10T12:12:06.105-0800][77929737ms] GC(26317) Survivor regions: 1->1(19)
[2023-11-10T12:12:06.105-0800][77929737ms] GC(26317) Old regions: 1464->1464
[2023-11-10T12:12:06.105-0800][77929737ms] GC(26317) Humongous regions: 5->5
[2023-11-10T12:12:06.105-0800][77929737ms] GC(26317) Metaspace: 305043K->305043K(1349632K)
[2023-11-10T12:12:06.105-0800][77929737ms] GC(26317) Pause Young (Normal) (G1 Evacuation Pause) 3235M->2938M(3602M) 5.181ms
[2023-11-10T12:12:06.105-0800][77929737ms] GC(26317) User=0.08s Sys=0.00s Real=0.01s
[2023-11-10T12:12:06.376-0800][77930008ms] GC(26318) Pause Young (Normal) (G1 Evacuation Pause)
[2023-11-10T12:12:06.376-0800][77930008ms] GC(26318) Using 10 workers of 10 for evacuation
[2023-11-10T12:12:06.380-0800][77930012ms] GC(26318)   Pre Evacuate Collection Set: 0.0ms
[2023-11-10T12:12:06.380-0800][77930012ms] GC(26318)   Evacuate Collection Set: 1.7ms
[2023-11-10T12:12:06.380-0800][77930012ms] GC(26318)   Post Evacuate Collection Set: 2.9ms
[2023-11-10T12:12:06.381-0800][77930013ms] GC(26318)   Other: 0.2ms
[2023-11-10T12:12:06.381-0800][77930013ms] GC(26318) Eden regions: 149->0(149)
[2023-11-10T12:12:06.381-0800][77930013ms] GC(26318) Survivor regions: 1->1(19)
[2023-11-10T12:12:06.381-0800][77930013ms] GC(26318) Old regions: 1464->1464
[2023-11-10T12:12:06.381-0800][77930013ms] GC(26318) Humongous regions: 5->5
[2023-11-10T12:12:06.381-0800][77930013ms] GC(26318) Metaspace: 305043K->305043K(1349632K)
[2023-11-10T12:12:06.381-0800][77930013ms] GC(26318) Pause Young (Normal) (G1 Evacuation Pause) 3236M->2937M(3602M) 4.997ms
[2023-11-10T12:12:06.381-0800][77930013ms] GC(26318) User=0.00s Sys=0.00s Real=0.01s
[2023-11-10T12:12:06.647-0800][77930279ms] GC(26319) Pause Young (Normal) (G1 Evacuation Pause)
[2023-11-10T12:12:06.647-0800][77930279ms] GC(26319) Using 10 workers of 10 for evacuation
[2023-11-10T12:12:06.652-0800][77930284ms] GC(26319)   Pre Evacuate Collection Set: 0.0ms
[2023-11-10T12:12:06.652-0800][77930284ms] GC(26319)   Evacuate Collection Set: 1.7ms
[2023-11-10T12:12:06.652-0800][77930284ms] GC(26319)   Post Evacuate Collection Set: 3.0ms
[2023-11-10T12:12:06.652-0800][77930284ms] GC(26319)   Other: 0.2ms
[2023-11-10T12:12:06.652-0800][77930284ms] GC(26319) Eden regions: 149->0(149)
[2023-11-10T12:12:06.652-0800][77930284ms] GC(26319) Survivor regions: 1->1(19)
[2023-11-10T12:12:06.652-0800][77930284ms] GC(26319) Old regions: 1464->1464
[2023-11-10T12:12:06.652-0800][77930284ms] GC(26319) Humongous regions: 5->5
[2023-11-10T12:12:06.652-0800][77930284ms] GC(26319) Metaspace: 305043K->305043K(1349632K)
[2023-11-10T12:12:06.652-0800][77930284ms] GC(26319) Pause Young (Normal) (G1 Evacuation Pause) 3235M->2938M(3602M) 5.034ms
[2023-11-10T12:12:06.652-0800][77930284ms] GC(26319) User=0.09s Sys=0.00s Real=0.00s
[2023-11-10T12:12:06.925-0800][77930557ms] GC(26320) Pause Young (Normal) (G1 Evacuation Pause)
[2023-11-10T12:12:06.926-0800][77930558ms] GC(26320) Using 10 workers of 10 for evacuation
[2023-11-10T12:12:06.930-0800][77930562ms] GC(26320)   Pre Evacuate Collection Set: 0.0ms
[2023-11-10T12:12:06.930-0800][77930562ms] GC(26320)   Evacuate Collection Set: 1.7ms
[2023-11-10T12:12:06.930-0800][77930562ms] GC(26320)   Post Evacuate Collection Set: 3.1ms
[2023-11-10T12:12:06.930-0800][77930562ms] GC(26320)   Other: 0.2ms
[2023-11-10T12:12:06.930-0800][77930562ms] GC(26320) Eden regions: 149->0(149)
[2023-11-10T12:12:06.930-0800][77930562ms] GC(26320) Survivor regions: 1->1(19)
[2023-11-10T12:12:06.930-0800][77930562ms] GC(26320) Old regions: 1464->1464
[2023-11-10T12:12:06.930-0800][77930563ms] GC(26320) Humongous regions: 5->5
[2023-11-10T12:12:06.931-0800][77930563ms] GC(26320) Metaspace: 305043K->305043K(1349632K)
[2023-11-10T12:12:06.931-0800][77930563ms] GC(26320) Pause Young (Normal) (G1 Evacuation Pause) 3236M->2938M(3602M) 5.119ms
[2023-11-10T12:12:06.931-0800][77930563ms] GC(26320) User=0.00s Sys=0.00s Real=0.01s
[2023-11-10T12:12:07.199-0800][77930831ms] GC(26321) Pause Young (Normal) (G1 Evacuation Pause)
[2023-11-10T12:12:07.199-0800][77930831ms] GC(26321) Using 10 workers of 10 for evacuation
[2023-11-10T12:12:07.204-0800][77930836ms] GC(26321)   Pre Evacuate Collection Set: 0.0ms
[2023-11-10T12:12:07.204-0800][77930836ms] GC(26321)   Evacuate Collection Set: 1.6ms
[2023-11-10T12:12:07.204-0800][77930836ms] GC(26321)   Post Evacuate Collection Set: 3.1ms
[2023-11-10T12:12:07.204-0800][77930836ms] GC(26321)   Other: 0.3ms
[2023-11-10T12:12:07.204-0800][77930836ms] GC(26321) Eden regions: 149->0(149)
[2023-11-10T12:12:07.204-0800][77930836ms] GC(26321) Survivor regions: 1->1(19)
[2023-11-10T12:12:07.204-0800][77930836ms] GC(26321) Old regions: 1464->1464
[2023-11-10T12:12:07.204-0800][77930836ms] GC(26321) Humongous regions: 5->5
[2023-11-10T12:12:07.204-0800][77930836ms] GC(26321) Metaspace: 305043K->305043K(1349632K)
[2023-11-10T12:12:07.204-0800][77930836ms] GC(26321) Pause Young (Normal) (G1 Evacuation Pause) 3236M->2938M(3602M) 5.181ms
[2023-11-10T12:12:07.204-0800][77930836ms] GC(26321) User=0.00s Sys=0.00s Real=0.01s
[2023-11-10T12:12:07.480-0800][77931112ms] GC(26322) Pause Young (Normal) (G1 Evacuation Pause)
[2023-11-10T12:12:07.480-0800][77931112ms] GC(26322) Using 10 workers of 10 for evacuation
[2023-11-10T12:12:07.484-0800][77931116ms] GC(26322)   Pre Evacuate Collection Set: 0.0ms
[2023-11-10T12:12:07.484-0800][77931116ms] GC(26322)   Evacuate Collection Set: 1.7ms
[2023-11-10T12:12:07.484-0800][77931116ms] GC(26322)   Post Evacuate Collection Set: 3.0ms
[2023-11-10T12:12:07.484-0800][77931116ms] GC(26322)   Other: 0.2ms
[2023-11-10T12:12:07.485-0800][77931117ms] GC(26322) Eden regions: 149->0(149)
[2023-11-10T12:12:07.485-0800][77931117ms] GC(26322) Survivor regions: 1->1(19)
[2023-11-10T12:12:07.485-0800][77931117ms] GC(26322) Old regions: 1464->1464
[2023-11-10T12:12:07.485-0800][77931117ms] GC(26322) Humongous regions: 5->5
[2023-11-10T12:12:07.485-0800][77931117ms] GC(26322) Metaspace: 305043K->305043K(1349632K)
[2023-11-10T12:12:07.485-0800][77931117ms] GC(26322) Pause Young (Normal) (G1 Evacuation Pause) 3236M->2938M(3602M) 5.094ms
[2023-11-10T12:12:07.485-0800][77931117ms] GC(26322) User=0.00s Sys=0.00s Real=0.00s
[2023-11-10T12:12:07.752-0800][77931384ms] GC(26323) Pause Young (Normal) (G1 Evacuation Pause)
[2023-11-10T12:12:07.752-0800][77931384ms] GC(26323) Using 10 workers of 10 for evacuation
[2023-11-10T12:12:07.757-0800][77931389ms] GC(26323)   Pre Evacuate Collection Set: 0.0ms
[2023-11-10T12:12:07.757-0800][77931389ms] GC(26323)   Evacuate Collection Set: 1.8ms
[2023-11-10T12:12:07.757-0800][77931389ms] GC(26323)   Post Evacuate Collection Set: 2.9ms
[2023-11-10T12:12:07.757-0800][77931389ms] GC(26323)   Other: 0.2ms
[2023-11-10T12:12:07.757-0800][77931389ms] GC(26323) Eden regions: 149->0(149)
[2023-11-10T12:12:07.757-0800][77931389ms] GC(26323) Survivor regions: 1->1(19)
[2023-11-10T12:12:07.757-0800][77931389ms] GC(26323) Old regions: 1464->1464
[2023-11-10T12:12:07.757-0800][77931389ms] GC(26323) Humongous regions: 5->5
[2023-11-10T12:12:07.757-0800][77931389ms] GC(26323) Metaspace: 305043K->305043K(1349632K)
[2023-11-10T12:12:07.757-0800][77931389ms] GC(26323) Pause Young (Normal) (G1 Evacuation Pause) 3236M->2938M(3602M) 5.149ms
[2023-11-10T12:12:07.757-0800][77931389ms] GC(26323) User=0.00s Sys=0.00s Real=0.00s
[2023-11-10T12:12:08.010-0800][77931642ms] GC(26324) Pause Young (Normal) (G1 Evacuation Pause)
[2023-11-10T12:12:08.010-0800][77931642ms] GC(26324) Using 10 workers of 10 for evacuation
[2023-11-10T12:12:08.020-0800][77931652ms] GC(26324)   Pre Evacuate Collection Set: 0.0ms
[2023-11-10T12:12:08.020-0800][77931652ms] GC(26324)   Evacuate Collection Set: 6.5ms
[2023-11-10T12:12:08.020-0800][77931652ms] GC(26324)   Post Evacuate Collection Set: 3.1ms
[2023-11-10T12:12:08.020-0800][77931652ms] GC(26324)   Other: 0.3ms
[2023-11-10T12:12:08.020-0800][77931652ms] GC(26324) Eden regions: 149->0(149)
[2023-11-10T12:12:08.020-0800][77931652ms] GC(26324) Survivor regions: 1->1(19)
[2023-11-10T12:12:08.020-0800][77931652ms] GC(26324) Old regions: 1464->1464
[2023-11-10T12:12:08.020-0800][77931652ms] GC(26324) Humongous regions: 5->5
[2023-11-10T12:12:08.020-0800][77931652ms] GC(26324) Metaspace: 305043K->305043K(1349632K)
[2023-11-10T12:12:08.020-0800][77931652ms] GC(26324) Pause Young (Normal) (G1 Evacuation Pause) 3236M->2938M(3602M) 10.003ms
[2023-11-10T12:12:08.020-0800][77931652ms] GC(26324) User=0.00s Sys=0.00s Real=0.01s
[2023-11-10T12:12:08.276-0800][77931908ms] GC(26325) Pause Young (Normal) (G1 Evacuation Pause)
[2023-11-10T12:12:08.276-0800][77931908ms] GC(26325) Using 10 workers of 10 for evacuation
[2023-11-10T12:12:08.281-0800][77931913ms] GC(26325)   Pre Evacuate Collection Set: 0.0ms
[2023-11-10T12:12:08.281-0800][77931913ms] GC(26325)   Evacuate Collection Set: 1.6ms
[2023-11-10T12:12:08.281-0800][77931913ms] GC(26325)   Post Evacuate Collection Set: 3.0ms
[2023-11-10T12:12:08.281-0800][77931913ms] GC(26325)   Other: 0.2ms
[2023-11-10T12:12:08.281-0800][77931913ms] GC(26325) Eden regions: 149->0(149)
[2023-11-10T12:12:08.281-0800][77931913ms] GC(26325) Survivor regions: 1->1(19)
[2023-11-10T12:12:08.281-0800][77931913ms] GC(26325) Old regions: 1464->1464
[2023-11-10T12:12:08.281-0800][77931913ms] GC(26325) Humongous regions: 5->5
[2023-11-10T12:12:08.281-0800][77931913ms] GC(26325) Metaspace: 305043K->305043K(1349632K)
[2023-11-10T12:12:08.281-0800][77931913ms] GC(26325) Pause Young (Normal) (G1 Evacuation Pause) 3236M->2938M(3602M) 4.978ms
[2023-11-10T12:12:08.281-0800][77931913ms] GC(26325) User=0.00s Sys=0.00s Real=0.00s
[2023-11-10T12:12:08.547-0800][77932179ms] GC(26326) Pause Young (Normal) (G1 Evacuation Pause)
[2023-11-10T12:12:08.547-0800][77932179ms] GC(26326) Using 10 workers of 10 for evacuation
[2023-11-10T12:12:08.553-0800][77932185ms] GC(26326)   Pre Evacuate Collection Set: 0.0ms
[2023-11-10T12:12:08.553-0800][77932185ms] GC(26326)   Evacuate Collection Set: 1.7ms
[2023-11-10T12:12:08.553-0800][77932185ms] GC(26326)   Post Evacuate Collection Set: 3.1ms
[2023-11-10T12:12:08.553-0800][77932185ms] GC(26326)   Other: 0.3ms
[2023-11-10T12:12:08.553-0800][77932185ms] GC(26326) Eden regions: 149->0(149)
[2023-11-10T12:12:08.553-0800][77932185ms] GC(26326) Survivor regions: 1->1(19)
[2023-11-10T12:12:08.553-0800][77932185ms] GC(26326) Old regions: 1464->1464
[2023-11-10T12:12:08.553-0800][77932185ms] GC(26326) Humongous regions: 5->5
[2023-11-10T12:12:08.553-0800][77932185ms] GC(26326) Metaspace: 305043K->305043K(1349632K)
[2023-11-10T12:12:08.553-0800][77932185ms] GC(26326) Pause Young (Normal) (G1 Evacuation Pause) 3236M->2938M(3602M) 5.160ms
[2023-11-10T12:12:08.553-0800][77932185ms] GC(26326) User=0.00s Sys=0.00s Real=0.01s
[2023-11-10T12:12:08.826-0800][77932458ms] GC(26327) Pause Young (Normal) (G1 Evacuation Pause)
[2023-11-10T12:12:08.826-0800][77932458ms] GC(26327) Using 10 workers of 10 for evacuation
[2023-11-10T12:12:08.831-0800][77932463ms] GC(26327)   Pre Evacuate Collection Set: 0.0ms
[2023-11-10T12:12:08.831-0800][77932463ms] GC(26327)   Evacuate Collection Set: 1.7ms
[2023-11-10T12:12:08.831-0800][77932463ms] GC(26327)   Post Evacuate Collection Set: 3.0ms
[2023-11-10T12:12:08.831-0800][77932463ms] GC(26327)   Other: 0.3ms
[2023-11-10T12:12:08.831-0800][77932463ms] GC(26327) Eden regions: 149->0(149)
[2023-11-10T12:12:08.831-0800][77932463ms] GC(26327) Survivor regions: 1->1(19)
[2023-11-10T12:12:08.831-0800][77932463ms] GC(26327) Old regions: 1464->1464
[2023-11-10T12:12:08.831-0800][77932463ms] GC(26327) Humongous regions: 5->5
[2023-11-10T12:12:08.831-0800][77932463ms] GC(26327) Metaspace: 305043K->305043K(1349632K)
[2023-11-10T12:12:08.831-0800][77932463ms] GC(26327) Pause Young (Normal) (G1 Evacuation Pause) 3236M->2938M(3602M) 5.103ms
[2023-11-10T12:12:08.831-0800][77932463ms] GC(26327) User=0.00s Sys=0.00s Real=0.01s
[2023-11-10T12:12:09.101-0800][77932733ms] GC(26328) Pause Young (Normal) (G1 Evacuation Pause)
[2023-11-10T12:12:09.101-0800][77932733ms] GC(26328) Using 10 workers of 10 for evacuation
[2023-11-10T12:12:09.106-0800][77932738ms] GC(26328)   Pre Evacuate Collection Set: 0.0ms
[2023-11-10T12:12:09.106-0800][77932738ms] GC(26328)   Evacuate Collection Set: 1.7ms
[2023-11-10T12:12:09.106-0800][77932738ms] GC(26328)   Post Evacuate Collection Set: 3.4ms
[2023-11-10T12:12:09.106-0800][77932738ms] GC(26328)   Other: 0.3ms
[2023-11-10T12:12:09.106-0800][77932738ms] GC(26328) Eden regions: 149->0(149)
[2023-11-10T12:12:09.106-0800][77932738ms] GC(26328) Survivor regions: 1->1(19)
[2023-11-10T12:12:09.106-0800][77932738ms] GC(26328) Old regions: 1464->1464
[2023-11-10T12:12:09.106-0800][77932738ms] GC(26328) Humongous regions: 5->5
[2023-11-10T12:12:09.106-0800][77932738ms] GC(26328) Metaspace: 305043K->305043K(1349632K)
[2023-11-10T12:12:09.106-0800][77932738ms] GC(26328) Pause Young (Normal) (G1 Evacuation Pause) 3236M->2938M(3602M) 5.468ms
[2023-11-10T12:12:09.106-0800][77932738ms] GC(26328) User=0.00s Sys=0.00s Real=0.00s
[2023-11-10T12:12:09.390-0800][77933022ms] GC(26329) Pause Young (Normal) (G1 Evacuation Pause)
[2023-11-10T12:12:09.390-0800][77933022ms] GC(26329) Using 10 workers of 10 for evacuation
[2023-11-10T12:12:09.394-0800][77933026ms] GC(26329)   Pre Evacuate Collection Set: 0.0ms
[2023-11-10T12:12:09.394-0800][77933026ms] GC(26329)   Evacuate Collection Set: 1.6ms
[2023-11-10T12:12:09.394-0800][77933026ms] GC(26329)   Post Evacuate Collection Set: 3.2ms
[2023-11-10T12:12:09.394-0800][77933026ms] GC(26329)   Other: 0.3ms
[2023-11-10T12:12:09.394-0800][77933026ms] GC(26329) Eden regions: 149->0(149)
[2023-11-10T12:12:09.394-0800][77933026ms] GC(26329) Survivor regions: 1->1(19)
[2023-11-10T12:12:09.394-0800][77933026ms] GC(26329) Old regions: 1464->1464
[2023-11-10T12:12:09.394-0800][77933026ms] GC(26329) Humongous regions: 5->5
[2023-11-10T12:12:09.395-0800][77933027ms] GC(26329) Metaspace: 305043K->305043K(1349632K)
[2023-11-10T12:12:09.395-0800][77933027ms] GC(26329) Pause Young (Normal) (G1 Evacuation Pause) 3236M->2938M(3602M) 5.249ms
[2023-11-10T12:12:09.395-0800][77933027ms] GC(26329) User=0.00s Sys=0.00s Real=0.00s
[2023-11-10T12:12:09.659-0800][77933291ms] GC(26330) Pause Young (Normal) (G1 Evacuation Pause)
[2023-11-10T12:12:09.659-0800][77933291ms] GC(26330) Using 10 workers of 10 for evacuation
[2023-11-10T12:12:09.664-0800][77933296ms] GC(26330)   Pre Evacuate Collection Set: 0.0ms
[2023-11-10T12:12:09.664-0800][77933296ms] GC(26330)   Evacuate Collection Set: 1.7ms
[2023-11-10T12:12:09.664-0800][77933296ms] GC(26330)   Post Evacuate Collection Set: 3.0ms
[2023-11-10T12:12:09.664-0800][77933296ms] GC(26330)   Other: 0.3ms
[2023-11-10T12:12:09.664-0800][77933296ms] GC(26330) Eden regions: 149->0(149)
[2023-11-10T12:12:09.664-0800][77933296ms] GC(26330) Survivor regions: 1->1(19)
[2023-11-10T12:12:09.664-0800][77933296ms] GC(26330) Old regions: 1464->1464
[2023-11-10T12:12:09.664-0800][77933296ms] GC(26330) Humongous regions: 5->5
[2023-11-10T12:12:09.664-0800][77933296ms] GC(26330) Metaspace: 305043K->305043K(1349632K)
[2023-11-10T12:12:09.664-0800][77933296ms] GC(26330) Pause Young (Normal) (G1 Evacuation Pause) 3236M->2938M(3602M) 5.092ms
[2023-11-10T12:12:09.664-0800][77933296ms] GC(26330) User=0.00s Sys=0.00s Real=0.01s
[2023-11-10T12:12:09.937-0800][77933569ms] GC(26331) Pause Young (Normal) (G1 Evacuation Pause)
[2023-11-10T12:12:09.937-0800][77933569ms] GC(26331) Using 10 workers of 10 for evacuation
[2023-11-10T12:12:09.942-0800][77933574ms] GC(26331)   Pre Evacuate Collection Set: 0.0ms
[2023-11-10T12:12:09.942-0800][77933574ms] GC(26331)   Evacuate Collection Set: 1.6ms
[2023-11-10T12:12:09.942-0800][77933574ms] GC(26331)   Post Evacuate Collection Set: 3.0ms
[2023-11-10T12:12:09.942-0800][77933574ms] GC(26331)   Other: 0.2ms
[2023-11-10T12:12:09.943-0800][77933575ms] GC(26331) Eden regions: 149->0(149)
[2023-11-10T12:12:09.943-0800][77933575ms] GC(26331) Survivor regions: 1->1(19)
[2023-11-10T12:12:09.943-0800][77933575ms] GC(26331) Old regions: 1464->1464
[2023-11-10T12:12:09.943-0800][77933575ms] GC(26331) Humongous regions: 5->5
[2023-11-10T12:12:09.943-0800][77933575ms] GC(26331) Metaspace: 305043K->305043K(1349632K)
[2023-11-10T12:12:09.943-0800][77933575ms] GC(26331) Pause Young (Normal) (G1 Evacuation Pause) 3236M->2938M(3602M) 4.983ms
[2023-11-10T12:12:09.943-0800][77933575ms] GC(26331) User=0.00s Sys=0.00s Real=0.01s
[2023-11-10T12:12:10.263-0800][77933895ms] GC(26332) Pause Young (Normal) (G1 Evacuation Pause)
[2023-11-10T12:12:10.263-0800][77933895ms] GC(26332) Using 10 workers of 10 for evacuation
[2023-11-10T12:12:10.267-0800][77933899ms] GC(26332)   Pre Evacuate Collection Set: 0.0ms
[2023-11-10T12:12:10.267-0800][77933899ms] GC(26332)   Evacuate Collection Set: 1.7ms
[2023-11-10T12:12:10.267-0800][77933899ms] GC(26332)   Post Evacuate Collection Set: 3.1ms
[2023-11-10T12:12:10.267-0800][77933899ms] GC(26332)   Other: 0.3ms
[2023-11-10T12:12:10.267-0800][77933899ms] GC(26332) Eden regions: 149->0(149)
[2023-11-10T12:12:10.267-0800][77933899ms] GC(26332) Survivor regions: 1->1(19)
[2023-11-10T12:12:10.267-0800][77933899ms] GC(26332) Old regions: 1464->1464
[2023-11-10T12:12:10.267-0800][77933899ms] GC(26332) Humongous regions: 5->5
[2023-11-10T12:12:10.267-0800][77933899ms] GC(26332) Metaspace: 305043K->305043K(1349632K)
[2023-11-10T12:12:10.267-0800][77933899ms] GC(26332) Pause Young (Normal) (G1 Evacuation Pause) 3236M->2938M(3602M) 5.092ms
[2023-11-10T12:12:10.267-0800][77933899ms] GC(26332) User=0.00s Sys=0.00s Real=0.00s
[2023-11-10T12:12:10.530-0800][77934162ms] GC(26333) Pause Young (Normal) (G1 Evacuation Pause)
[2023-11-10T12:12:10.530-0800][77934162ms] GC(26333) Using 10 workers of 10 for evacuation
[2023-11-10T12:12:10.535-0800][77934167ms] GC(26333)   Pre Evacuate Collection Set: 0.0ms
[2023-11-10T12:12:10.535-0800][77934167ms] GC(26333)   Evacuate Collection Set: 1.6ms
[2023-11-10T12:12:10.535-0800][77934167ms] GC(26333)   Post Evacuate Collection Set: 3.1ms
[2023-11-10T12:12:10.535-0800][77934167ms] GC(26333)   Other: 0.2ms
[2023-11-10T12:12:10.535-0800][77934167ms] GC(26333) Eden regions: 149->0(149)
[2023-11-10T12:12:10.535-0800][77934167ms] GC(26333) Survivor regions: 1->1(19)
[2023-11-10T12:12:10.535-0800][77934167ms] GC(26333) Old regions: 1464->1464
[2023-11-10T12:12:10.535-0800][77934167ms] GC(26333) Humongous regions: 5->5
[2023-11-10T12:12:10.535-0800][77934167ms] GC(26333) Metaspace: 305043K->305043K(1349632K)
[2023-11-10T12:12:10.535-0800][77934167ms] GC(26333) Pause Young (Normal) (G1 Evacuation Pause) 3236M->2938M(3602M) 5.106ms
[2023-11-10T12:12:10.535-0800][77934167ms] GC(26333) User=0.00s Sys=0.00s Real=0.01s
[2023-11-10T12:12:10.795-0800][77934427ms] GC(26334) Pause Young (Normal) (G1 Evacuation Pause)
[2023-11-10T12:12:10.795-0800][77934427ms] GC(26334) Using 10 workers of 10 for evacuation
[2023-11-10T12:12:10.800-0800][77934432ms] GC(26334)   Pre Evacuate Collection Set: 0.0ms
[2023-11-10T12:12:10.800-0800][77934432ms] GC(26334)   Evacuate Collection Set: 1.7ms
[2023-11-10T12:12:10.800-0800][77934432ms] GC(26334)   Post Evacuate Collection Set: 3.1ms
[2023-11-10T12:12:10.800-0800][77934432ms] GC(26334)   Other: 0.2ms
[2023-11-10T12:12:10.801-0800][77934433ms] GC(26334) Eden regions: 149->0(148)
[2023-11-10T12:12:10.801-0800][77934433ms] GC(26334) Survivor regions: 1->1(19)
[2023-11-10T12:12:10.801-0800][77934433ms] GC(26334) Old regions: 1464->1465
[2023-11-10T12:12:10.801-0800][77934433ms] GC(26334) Humongous regions: 5->5
[2023-11-10T12:12:10.801-0800][77934433ms] GC(26334) Metaspace: 305043K->305043K(1349632K)
[2023-11-10T12:12:10.801-0800][77934433ms] GC(26334) Pause Young (Normal) (G1 Evacuation Pause) 3236M->2938M(3602M) 5.120ms
[2023-11-10T12:12:10.801-0800][77934433ms] GC(26334) User=0.00s Sys=0.00s Real=0.01s
[2023-11-10T12:12:11.046-0800][77934678ms] GC(26335) Pause Young (Normal) (G1 Evacuation Pause)
[2023-11-10T12:12:11.046-0800][77934678ms] GC(26335) Using 10 workers of 10 for evacuation
[2023-11-10T12:12:11.052-0800][77934684ms] GC(26335)   Pre Evacuate Collection Set: 0.0ms
[2023-11-10T12:12:11.052-0800][77934684ms] GC(26335)   Evacuate Collection Set: 1.6ms
[2023-11-10T12:12:11.052-0800][77934684ms] GC(26335)   Post Evacuate Collection Set: 3.1ms
[2023-11-10T12:12:11.052-0800][77934684ms] GC(26335)   Other: 0.2ms
[2023-11-10T12:12:11.052-0800][77934684ms] GC(26335) Eden regions: 148->0(148)
[2023-11-10T12:12:11.052-0800][77934684ms] GC(26335) Survivor regions: 1->1(19)
[2023-11-10T12:12:11.052-0800][77934684ms] GC(26335) Old regions: 1465->1465
[2023-11-10T12:12:11.052-0800][77934684ms] GC(26335) Humongous regions: 5->5
[2023-11-10T12:12:11.052-0800][77934684ms] GC(26335) Metaspace: 305043K->305043K(1349632K)
[2023-11-10T12:12:11.052-0800][77934684ms] GC(26335) Pause Young (Normal) (G1 Evacuation Pause) 3234M->2938M(3602M) 5.114ms
[2023-11-10T12:12:11.052-0800][77934684ms] GC(26335) User=0.00s Sys=0.00s Real=0.01s
[2023-11-10T12:12:11.306-0800][77934938ms] GC(26336) Pause Young (Normal) (G1 Evacuation Pause)
[2023-11-10T12:12:11.306-0800][77934938ms] GC(26336) Using 10 workers of 10 for evacuation
[2023-11-10T12:12:11.311-0800][77934943ms] GC(26336)   Pre Evacuate Collection Set: 0.1ms
[2023-11-10T12:12:11.311-0800][77934943ms] GC(26336)   Evacuate Collection Set: 1.8ms
[2023-11-10T12:12:11.311-0800][77934943ms] GC(26336)   Post Evacuate Collection Set: 3.1ms
[2023-11-10T12:12:11.311-0800][77934943ms] GC(26336)   Other: 0.3ms
[2023-11-10T12:12:11.311-0800][77934943ms] GC(26336) Eden regions: 148->0(148)
[2023-11-10T12:12:11.311-0800][77934943ms] GC(26336) Survivor regions: 1->1(19)
[2023-11-10T12:12:11.311-0800][77934943ms] GC(26336) Old regions: 1465->1465
[2023-11-10T12:12:11.311-0800][77934943ms] GC(26336) Humongous regions: 5->5
[2023-11-10T12:12:11.311-0800][77934943ms] GC(26336) Metaspace: 305043K->305043K(1349632K)
[2023-11-10T12:12:11.311-0800][77934943ms] GC(26336) Pause Young (Normal) (G1 Evacuation Pause) 3234M->2938M(3602M) 5.312ms
[2023-11-10T12:12:11.311-0800][77934943ms] GC(26336) User=0.00s Sys=0.00s Real=0.01s
[2023-11-10T12:12:11.583-0800][77935215ms] GC(26337) Pause Young (Normal) (G1 Evacuation Pause)
[2023-11-10T12:12:11.583-0800][77935215ms] GC(26337) Using 10 workers of 10 for evacuation
[2023-11-10T12:12:11.588-0800][77935220ms] GC(26337)   Pre Evacuate Collection Set: 0.0ms
[2023-11-10T12:12:11.588-0800][77935220ms] GC(26337)   Evacuate Collection Set: 1.6ms
[2023-11-10T12:12:11.588-0800][77935220ms] GC(26337)   Post Evacuate Collection Set: 3.1ms
[2023-11-10T12:12:11.588-0800][77935220ms] GC(26337)   Other: 0.2ms
[2023-11-10T12:12:11.588-0800][77935220ms] GC(26337) Eden regions: 148->0(148)
[2023-11-10T12:12:11.588-0800][77935220ms] GC(26337) Survivor regions: 1->1(19)
[2023-11-10T12:12:11.588-0800][77935220ms] GC(26337) Old regions: 1465->1465
[2023-11-10T12:12:11.588-0800][77935220ms] GC(26337) Humongous regions: 5->5
[2023-11-10T12:12:11.588-0800][77935220ms] GC(26337) Metaspace: 305043K->305043K(1349632K)
[2023-11-10T12:12:11.588-0800][77935220ms] GC(26337) Pause Young (Normal) (G1 Evacuation Pause) 3234M->2938M(3602M) 5.113ms
[2023-11-10T12:12:11.588-0800][77935220ms] GC(26337) User=0.03s Sys=0.00s Real=0.01s
[2023-11-10T12:12:11.843-0800][77935475ms] GC(26338) Pause Young (Normal) (G1 Evacuation Pause)
[2023-11-10T12:12:11.843-0800][77935475ms] GC(26338) Using 10 workers of 10 for evacuation
[2023-11-10T12:12:11.847-0800][77935479ms] GC(26338)   Pre Evacuate Collection Set: 0.0ms
[2023-11-10T12:12:11.847-0800][77935479ms] GC(26338)   Evacuate Collection Set: 1.8ms
[2023-11-10T12:12:11.847-0800][77935479ms] GC(26338)   Post Evacuate Collection Set: 3.0ms
[2023-11-10T12:12:11.847-0800][77935479ms] GC(26338)   Other: 0.3ms
[2023-11-10T12:12:11.847-0800][77935479ms] GC(26338) Eden regions: 148->0(148)
[2023-11-10T12:12:11.847-0800][77935479ms] GC(26338) Survivor regions: 1->1(19)
[2023-11-10T12:12:11.847-0800][77935479ms] GC(26338) Old regions: 1465->1465
[2023-11-10T12:12:11.847-0800][77935479ms] GC(26338) Humongous regions: 5->5
[2023-11-10T12:12:11.847-0800][77935479ms] GC(26338) Metaspace: 305043K->305043K(1349632K)
[2023-11-10T12:12:11.847-0800][77935479ms] GC(26338) Pause Young (Normal) (G1 Evacuation Pause) 3234M->2938M(3602M) 5.200ms
[2023-11-10T12:12:11.847-0800][77935479ms] GC(26338) User=0.00s Sys=0.00s Real=0.00s
[2023-11-10T12:12:12.121-0800][77935753ms] GC(26339) Pause Young (Normal) (G1 Evacuation Pause)
[2023-11-10T12:12:12.121-0800][77935753ms] GC(26339) Using 10 workers of 10 for evacuation
[2023-11-10T12:12:12.126-0800][77935758ms] GC(26339)   Pre Evacuate Collection Set: 0.0ms
[2023-11-10T12:12:12.126-0800][77935758ms] GC(26339)   Evacuate Collection Set: 1.6ms
[2023-11-10T12:12:12.126-0800][77935758ms] GC(26339)   Post Evacuate Collection Set: 2.9ms
[2023-11-10T12:12:12.126-0800][77935758ms] GC(26339)   Other: 0.2ms
[2023-11-10T12:12:12.126-0800][77935758ms] GC(26339) Eden regions: 148->0(148)
[2023-11-10T12:12:12.126-0800][77935758ms] GC(26339) Survivor regions: 1->1(19)
[2023-11-10T12:12:12.126-0800][77935758ms] GC(26339) Old regions: 1465->1465
[2023-11-10T12:12:12.126-0800][77935758ms] GC(26339) Humongous regions: 5->5
[2023-11-10T12:12:12.126-0800][77935758ms] GC(26339) Metaspace: 305043K->305043K(1349632K)
[2023-11-10T12:12:12.126-0800][77935758ms] GC(26339) Pause Young (Normal) (G1 Evacuation Pause) 3234M->2938M(3602M) 4.935ms
[2023-11-10T12:12:12.127-0800][77935759ms] GC(26339) User=0.00s Sys=0.00s Real=0.01s
[2023-11-10T12:12:12.445-0800][77936077ms] GC(26340) Pause Young (Normal) (G1 Evacuation Pause)
[2023-11-10T12:12:12.445-0800][77936077ms] GC(26340) Using 10 workers of 10 for evacuation
[2023-11-10T12:12:12.450-0800][77936082ms] GC(26340)   Pre Evacuate Collection Set: 0.0ms
[2023-11-10T12:12:12.450-0800][77936082ms] GC(26340)   Evacuate Collection Set: 1.7ms
[2023-11-10T12:12:12.450-0800][77936082ms] GC(26340)   Post Evacuate Collection Set: 3.1ms
[2023-11-10T12:12:12.450-0800][77936082ms] GC(26340)   Other: 0.3ms
[2023-11-10T12:12:12.450-0800][77936082ms] GC(26340) Eden regions: 148->0(148)
[2023-11-10T12:12:12.450-0800][77936082ms] GC(26340) Survivor regions: 1->1(19)
[2023-11-10T12:12:12.450-0800][77936082ms] GC(26340) Old regions: 1465->1465
[2023-11-10T12:12:12.450-0800][77936082ms] GC(26340) Humongous regions: 5->5
[2023-11-10T12:12:12.450-0800][77936082ms] GC(26340) Metaspace: 305043K->305043K(1349632K)
[2023-11-10T12:12:12.450-0800][77936082ms] GC(26340) Pause Young (Normal) (G1 Evacuation Pause) 3234M->2938M(3602M) 5.245ms
[2023-11-10T12:12:12.450-0800][77936082ms] GC(26340) User=0.00s Sys=0.00s Real=0.01s
[2023-11-10T12:12:12.710-0800][77936342ms] GC(26341) Pause Young (Normal) (G1 Evacuation Pause)
[2023-11-10T12:12:12.710-0800][77936342ms] GC(26341) Using 10 workers of 10 for evacuation
[2023-11-10T12:12:12.715-0800][77936347ms] GC(26341)   Pre Evacuate Collection Set: 0.0ms
[2023-11-10T12:12:12.715-0800][77936347ms] GC(26341)   Evacuate Collection Set: 1.6ms
[2023-11-10T12:12:12.715-0800][77936347ms] GC(26341)   Post Evacuate Collection Set: 3.0ms
[2023-11-10T12:12:12.715-0800][77936347ms] GC(26341)   Other: 0.2ms
[2023-11-10T12:12:12.715-0800][77936347ms] GC(26341) Eden regions: 148->0(148)
[2023-11-10T12:12:12.715-0800][77936347ms] GC(26341) Survivor regions: 1->1(19)
[2023-11-10T12:12:12.715-0800][77936347ms] GC(26341) Old regions: 1465->1465
[2023-11-10T12:12:12.715-0800][77936347ms] GC(26341) Humongous regions: 5->5
[2023-11-10T12:12:12.715-0800][77936347ms] GC(26341) Metaspace: 305043K->305043K(1349632K)
[2023-11-10T12:12:12.715-0800][77936347ms] GC(26341) Pause Young (Normal) (G1 Evacuation Pause) 3234M->2938M(3602M) 5.006ms
[2023-11-10T12:12:12.715-0800][77936347ms] GC(26341) User=0.00s Sys=0.00s Real=0.00s
[2023-11-10T12:12:13.012-0800][77936644ms] GC(26342) Pause Young (Normal) (G1 Evacuation Pause)
[2023-11-10T12:12:13.012-0800][77936644ms] GC(26342) Using 10 workers of 10 for evacuation
[2023-11-10T12:12:13.016-0800][77936648ms] GC(26342)   Pre Evacuate Collection Set: 0.0ms
[2023-11-10T12:12:13.016-0800][77936648ms] GC(26342)   Evacuate Collection Set: 1.7ms
[2023-11-10T12:12:13.016-0800][77936648ms] GC(26342)   Post Evacuate Collection Set: 3.0ms
[2023-11-10T12:12:13.016-0800][77936648ms] GC(26342)   Other: 0.3ms
[2023-11-10T12:12:13.016-0800][77936648ms] GC(26342) Eden regions: 148->0(148)
[2023-11-10T12:12:13.016-0800][77936648ms] GC(26342) Survivor regions: 1->1(19)
[2023-11-10T12:12:13.016-0800][77936648ms] GC(26342) Old regions: 1465->1465
[2023-11-10T12:12:13.016-0800][77936649ms] GC(26342) Humongous regions: 5->5
[2023-11-10T12:12:13.017-0800][77936649ms] GC(26342) Metaspace: 305043K->305043K(1349632K)
[2023-11-10T12:12:13.017-0800][77936649ms] GC(26342) Pause Young (Normal) (G1 Evacuation Pause) 3234M->2938M(3602M) 5.075ms
[2023-11-10T12:12:13.017-0800][77936649ms] GC(26342) User=0.00s Sys=0.00s Real=0.00s
[2023-11-10T12:12:13.289-0800][77936921ms] GC(26343) Pause Young (Normal) (G1 Evacuation Pause)
[2023-11-10T12:12:13.289-0800][77936921ms] GC(26343) Using 10 workers of 10 for evacuation
[2023-11-10T12:12:13.294-0800][77936926ms] GC(26343)   Pre Evacuate Collection Set: 0.0ms
[2023-11-10T12:12:13.294-0800][77936926ms] GC(26343)   Evacuate Collection Set: 1.7ms
[2023-11-10T12:12:13.294-0800][77936926ms] GC(26343)   Post Evacuate Collection Set: 3.1ms
[2023-11-10T12:12:13.294-0800][77936926ms] GC(26343)   Other: 0.2ms
[2023-11-10T12:12:13.294-0800][77936926ms] GC(26343) Eden regions: 148->0(148)
[2023-11-10T12:12:13.294-0800][77936926ms] GC(26343) Survivor regions: 1->1(19)
[2023-11-10T12:12:13.294-0800][77936926ms] GC(26343) Old regions: 1465->1465
[2023-11-10T12:12:13.294-0800][77936926ms] GC(26343) Humongous regions: 5->5
[2023-11-10T12:12:13.294-0800][77936926ms] GC(26343) Metaspace: 305043K->305043K(1349632K)
[2023-11-10T12:12:13.294-0800][77936926ms] GC(26343) Pause Young (Normal) (G1 Evacuation Pause) 3234M->2938M(3602M) 5.100ms
[2023-11-10T12:12:13.294-0800][77936926ms] GC(26343) User=0.00s Sys=0.00s Real=0.00s
[2023-11-10T12:12:13.559-0800][77937191ms] GC(26344) Pause Young (Normal) (G1 Evacuation Pause)
[2023-11-10T12:12:13.559-0800][77937191ms] GC(26344) Using 10 workers of 10 for evacuation
[2023-11-10T12:12:13.564-0800][77937197ms] GC(26344)   Pre Evacuate Collection Set: 0.0ms
[2023-11-10T12:12:13.565-0800][77937197ms] GC(26344)   Evacuate Collection Set: 1.6ms
[2023-11-10T12:12:13.565-0800][77937197ms] GC(26344)   Post Evacuate Collection Set: 3.1ms
[2023-11-10T12:12:13.565-0800][77937197ms] GC(26344)   Other: 0.3ms
[2023-11-10T12:12:13.565-0800][77937197ms] GC(26344) Eden regions: 148->0(148)
[2023-11-10T12:12:13.565-0800][77937197ms] GC(26344) Survivor regions: 1->1(19)
[2023-11-10T12:12:13.565-0800][77937197ms] GC(26344) Old regions: 1465->1465
[2023-11-10T12:12:13.565-0800][77937197ms] GC(26344) Humongous regions: 5->5
[2023-11-10T12:12:13.565-0800][77937197ms] GC(26344) Metaspace: 305043K->305043K(1349632K)
[2023-11-10T12:12:13.565-0800][77937197ms] GC(26344) Pause Young (Normal) (G1 Evacuation Pause) 3234M->2938M(3602M) 5.100ms
[2023-11-10T12:12:13.565-0800][77937197ms] GC(26344) User=0.00s Sys=0.00s Real=0.01s
[2023-11-10T12:12:13.833-0800][77937465ms] GC(26345) Pause Young (Normal) (G1 Evacuation Pause)
[2023-11-10T12:12:13.833-0800][77937465ms] GC(26345) Using 10 workers of 10 for evacuation
[2023-11-10T12:12:13.838-0800][77937470ms] GC(26345)   Pre Evacuate Collection Set: 0.0ms
[2023-11-10T12:12:13.838-0800][77937470ms] GC(26345)   Evacuate Collection Set: 1.7ms
[2023-11-10T12:12:13.838-0800][77937470ms] GC(26345)   Post Evacuate Collection Set: 3.0ms
[2023-11-10T12:12:13.838-0800][77937470ms] GC(26345)   Other: 0.2ms
[2023-11-10T12:12:13.838-0800][77937470ms] GC(26345) Eden regions: 148->0(148)
[2023-11-10T12:12:13.838-0800][77937470ms] GC(26345) Survivor regions: 1->1(19)
[2023-11-10T12:12:13.838-0800][77937470ms] GC(26345) Old regions: 1465->1465
[2023-11-10T12:12:13.838-0800][77937470ms] GC(26345) Humongous regions: 5->5
[2023-11-10T12:12:13.838-0800][77937470ms] GC(26345) Metaspace: 305043K->305043K(1349632K)
[2023-11-10T12:12:13.838-0800][77937470ms] GC(26345) Pause Young (Normal) (G1 Evacuation Pause) 3234M->2938M(3602M) 5.081ms
[2023-11-10T12:12:13.838-0800][77937470ms] GC(26345) User=0.02s Sys=0.00s Real=0.01s
[2023-11-10T12:12:14.097-0800][77937729ms] GC(26346) Pause Young (Normal) (G1 Evacuation Pause)
[2023-11-10T12:12:14.097-0800][77937729ms] GC(26346) Using 10 workers of 10 for evacuation
[2023-11-10T12:12:14.103-0800][77937735ms] GC(26346)   Pre Evacuate Collection Set: 0.0ms
[2023-11-10T12:12:14.103-0800][77937735ms] GC(26346)   Evacuate Collection Set: 1.6ms
[2023-11-10T12:12:14.103-0800][77937735ms] GC(26346)   Post Evacuate Collection Set: 3.1ms
[2023-11-10T12:12:14.103-0800][77937735ms] GC(26346)   Other: 0.3ms
[2023-11-10T12:12:14.103-0800][77937735ms] GC(26346) Eden regions: 148->0(148)
[2023-11-10T12:12:14.103-0800][77937735ms] GC(26346) Survivor regions: 1->1(19)
[2023-11-10T12:12:14.103-0800][77937735ms] GC(26346) Old regions: 1465->1465
[2023-11-10T12:12:14.103-0800][77937735ms] GC(26346) Humongous regions: 5->5
[2023-11-10T12:12:14.103-0800][77937735ms] GC(26346) Metaspace: 305043K->305043K(1349632K)
[2023-11-10T12:12:14.103-0800][77937735ms] GC(26346) Pause Young (Normal) (G1 Evacuation Pause) 3234M->2938M(3602M) 5.120ms
[2023-11-10T12:12:14.103-0800][77937735ms] GC(26346) User=0.02s Sys=0.00s Real=0.01s
[2023-11-10T12:12:14.374-0800][77938006ms] GC(26347) Pause Young (Normal) (G1 Evacuation Pause)
[2023-11-10T12:12:14.374-0800][77938006ms] GC(26347) Using 10 workers of 10 for evacuation
[2023-11-10T12:12:14.378-0800][77938010ms] GC(26347)   Pre Evacuate Collection Set: 0.0ms
[2023-11-10T12:12:14.378-0800][77938010ms] GC(26347)   Evacuate Collection Set: 1.7ms
[2023-11-10T12:12:14.378-0800][77938010ms] GC(26347)   Post Evacuate Collection Set: 3.1ms
[2023-11-10T12:12:14.378-0800][77938010ms] GC(26347)   Other: 0.2ms
[2023-11-10T12:12:14.378-0800][77938010ms] GC(26347) Eden regions: 148->0(148)
[2023-11-10T12:12:14.378-0800][77938010ms] GC(26347) Survivor regions: 1->1(19)
[2023-11-10T12:12:14.378-0800][77938010ms] GC(26347) Old regions: 1465->1465
[2023-11-10T12:12:14.378-0800][77938010ms] GC(26347) Humongous regions: 5->5
[2023-11-10T12:12:14.378-0800][77938010ms] GC(26347) Metaspace: 305043K->305043K(1349632K)
[2023-11-10T12:12:14.378-0800][77938010ms] GC(26347) Pause Young (Normal) (G1 Evacuation Pause) 3234M->2938M(3602M) 5.151ms
[2023-11-10T12:12:14.379-0800][77938011ms] GC(26347) User=0.00s Sys=0.00s Real=0.00s
[2023-11-10T12:12:14.631-0800][77938263ms] GC(26348) Pause Young (Normal) (G1 Evacuation Pause)
[2023-11-10T12:12:14.631-0800][77938263ms] GC(26348) Using 10 workers of 10 for evacuation
[2023-11-10T12:12:14.636-0800][77938268ms] GC(26348)   Pre Evacuate Collection Set: 0.0ms
[2023-11-10T12:12:14.636-0800][77938268ms] GC(26348)   Evacuate Collection Set: 1.7ms
[2023-11-10T12:12:14.636-0800][77938268ms] GC(26348)   Post Evacuate Collection Set: 2.9ms
[2023-11-10T12:12:14.636-0800][77938268ms] GC(26348)   Other: 0.2ms
[2023-11-10T12:12:14.636-0800][77938268ms] GC(26348) Eden regions: 148->0(148)
[2023-11-10T12:12:14.636-0800][77938268ms] GC(26348) Survivor regions: 1->1(19)
[2023-11-10T12:12:14.636-0800][77938268ms] GC(26348) Old regions: 1465->1465
[2023-11-10T12:12:14.636-0800][77938268ms] GC(26348) Humongous regions: 5->5
[2023-11-10T12:12:14.636-0800][77938268ms] GC(26348) Metaspace: 305043K->305043K(1349632K)
[2023-11-10T12:12:14.636-0800][77938268ms] GC(26348) Pause Young (Normal) (G1 Evacuation Pause) 3234M->2938M(3602M) 4.954ms
[2023-11-10T12:12:14.636-0800][77938268ms] GC(26348) User=0.08s Sys=0.00s Real=0.00s
[2023-11-10T12:12:14.904-0800][77938536ms] GC(26349) Pause Young (Normal) (G1 Evacuation Pause)
[2023-11-10T12:12:14.904-0800][77938536ms] GC(26349) Using 10 workers of 10 for evacuation
[2023-11-10T12:12:14.909-0800][77938541ms] GC(26349)   Pre Evacuate Collection Set: 0.0ms
[2023-11-10T12:12:14.909-0800][77938541ms] GC(26349)   Evacuate Collection Set: 1.7ms
[2023-11-10T12:12:14.909-0800][77938541ms] GC(26349)   Post Evacuate Collection Set: 3.2ms
[2023-11-10T12:12:14.909-0800][77938541ms] GC(26349)   Other: 0.3ms
[2023-11-10T12:12:14.909-0800][77938541ms] GC(26349) Eden regions: 148->0(148)
[2023-11-10T12:12:14.909-0800][77938541ms] GC(26349) Survivor regions: 1->1(19)
[2023-11-10T12:12:14.909-0800][77938541ms] GC(26349) Old regions: 1465->1465
[2023-11-10T12:12:14.909-0800][77938541ms] GC(26349) Humongous regions: 5->5
[2023-11-10T12:12:14.909-0800][77938541ms] GC(26349) Metaspace: 305043K->305043K(1349632K)
[2023-11-10T12:12:14.909-0800][77938541ms] GC(26349) Pause Young (Normal) (G1 Evacuation Pause) 3234M->2938M(3602M) 5.316ms
[2023-11-10T12:12:14.909-0800][77938541ms] GC(26349) User=0.00s Sys=0.00s Real=0.00s
[2023-11-10T12:12:15.176-0800][77938808ms] GC(26350) Pause Young (Normal) (G1 Evacuation Pause)
[2023-11-10T12:12:15.176-0800][77938808ms] GC(26350) Using 10 workers of 10 for evacuation
[2023-11-10T12:12:15.181-0800][77938813ms] GC(26350)   Pre Evacuate Collection Set: 0.0ms
[2023-11-10T12:12:15.181-0800][77938813ms] GC(26350)   Evacuate Collection Set: 1.7ms
[2023-11-10T12:12:15.181-0800][77938813ms] GC(26350)   Post Evacuate Collection Set: 3.2ms
[2023-11-10T12:12:15.181-0800][77938813ms] GC(26350)   Other: 0.3ms
[2023-11-10T12:12:15.181-0800][77938813ms] GC(26350) Eden regions: 148->0(148)
[2023-11-10T12:12:15.181-0800][77938813ms] GC(26350) Survivor regions: 1->1(19)
[2023-11-10T12:12:15.181-0800][77938813ms] GC(26350) Old regions: 1465->1465
[2023-11-10T12:12:15.181-0800][77938813ms] GC(26350) Humongous regions: 5->5
[2023-11-10T12:12:15.181-0800][77938813ms] GC(26350) Metaspace: 305043K->305043K(1349632K)
[2023-11-10T12:12:15.181-0800][77938813ms] GC(26350) Pause Young (Normal) (G1 Evacuation Pause) 3234M->2938M(3602M) 5.279ms
[2023-11-10T12:12:15.181-0800][77938813ms] GC(26350) User=0.02s Sys=0.00s Real=0.00s
[2023-11-10T12:12:15.449-0800][77939081ms] GC(26351) Pause Young (Normal) (G1 Evacuation Pause)
[2023-11-10T12:12:15.449-0800][77939081ms] GC(26351) Using 10 workers of 10 for evacuation
[2023-11-10T12:12:15.455-0800][77939087ms] GC(26351)   Pre Evacuate Collection Set: 0.0ms
[2023-11-10T12:12:15.455-0800][77939087ms] GC(26351)   Evacuate Collection Set: 1.8ms
[2023-11-10T12:12:15.455-0800][77939087ms] GC(26351)   Post Evacuate Collection Set: 3.4ms
[2023-11-10T12:12:15.455-0800][77939087ms] GC(26351)   Other: 0.2ms
[2023-11-10T12:12:15.455-0800][77939087ms] GC(26351) Eden regions: 148->0(148)
[2023-11-10T12:12:15.455-0800][77939087ms] GC(26351) Survivor regions: 1->1(19)
[2023-11-10T12:12:15.455-0800][77939087ms] GC(26351) Old regions: 1465->1465
[2023-11-10T12:12:15.455-0800][77939087ms] GC(26351) Humongous regions: 5->5
[2023-11-10T12:12:15.455-0800][77939087ms] GC(26351) Metaspace: 305043K->305043K(1349632K)
[2023-11-10T12:12:15.455-0800][77939087ms] GC(26351) Pause Young (Normal) (G1 Evacuation Pause) 3234M->2938M(3602M) 5.574ms
[2023-11-10T12:12:15.455-0800][77939087ms] GC(26351) User=0.00s Sys=0.00s Real=0.01s
[2023-11-10T12:12:15.710-0800][77939342ms] GC(26352) Pause Young (Normal) (G1 Evacuation Pause)
[2023-11-10T12:12:15.710-0800][77939342ms] GC(26352) Using 10 workers of 10 for evacuation
[2023-11-10T12:12:15.715-0800][77939347ms] GC(26352)   Pre Evacuate Collection Set: 0.0ms
[2023-11-10T12:12:15.715-0800][77939347ms] GC(26352)   Evacuate Collection Set: 1.6ms
[2023-11-10T12:12:15.715-0800][77939347ms] GC(26352)   Post Evacuate Collection Set: 3.1ms
[2023-11-10T12:12:15.715-0800][77939347ms] GC(26352)   Other: 0.2ms
[2023-11-10T12:12:15.715-0800][77939347ms] GC(26352) Eden regions: 148->0(148)
[2023-11-10T12:12:15.715-0800][77939347ms] GC(26352) Survivor regions: 1->1(19)
[2023-11-10T12:12:15.715-0800][77939347ms] GC(26352) Old regions: 1465->1465
[2023-11-10T12:12:15.715-0800][77939347ms] GC(26352) Humongous regions: 5->5
[2023-11-10T12:12:15.715-0800][77939347ms] GC(26352) Metaspace: 305043K->305043K(1349632K)
[2023-11-10T12:12:15.715-0800][77939347ms] GC(26352) Pause Young (Normal) (G1 Evacuation Pause) 3234M->2938M(3602M) 5.121ms
[2023-11-10T12:12:15.715-0800][77939347ms] GC(26352) User=0.00s Sys=0.00s Real=0.00s
[2023-11-10T12:12:15.976-0800][77939608ms] GC(26353) Pause Young (Normal) (G1 Evacuation Pause)
[2023-11-10T12:12:15.976-0800][77939608ms] GC(26353) Using 10 workers of 10 for evacuation
[2023-11-10T12:12:15.981-0800][77939613ms] GC(26353)   Pre Evacuate Collection Set: 0.0ms
[2023-11-10T12:12:15.981-0800][77939613ms] GC(26353)   Evacuate Collection Set: 1.7ms
[2023-11-10T12:12:15.981-0800][77939613ms] GC(26353)   Post Evacuate Collection Set: 3.1ms
[2023-11-10T12:12:15.981-0800][77939613ms] GC(26353)   Other: 0.2ms
[2023-11-10T12:12:15.981-0800][77939613ms] GC(26353) Eden regions: 148->0(148)
[2023-11-10T12:12:15.981-0800][77939613ms] GC(26353) Survivor regions: 1->1(19)
[2023-11-10T12:12:15.981-0800][77939613ms] GC(26353) Old regions: 1465->1465
[2023-11-10T12:12:15.981-0800][77939613ms] GC(26353) Humongous regions: 5->5
[2023-11-10T12:12:15.981-0800][77939613ms] GC(26353) Metaspace: 305043K->305043K(1349632K)
[2023-11-10T12:12:15.981-0800][77939613ms] GC(26353) Pause Young (Normal) (G1 Evacuation Pause) 3234M->2938M(3602M) 5.169ms
[2023-11-10T12:12:15.981-0800][77939613ms] GC(26353) User=0.00s Sys=0.00s Real=0.00s
[2023-11-10T12:12:16.256-0800][77939888ms] GC(26354) Pause Young (Normal) (G1 Evacuation Pause)
[2023-11-10T12:12:16.256-0800][77939888ms] GC(26354) Using 10 workers of 10 for evacuation
[2023-11-10T12:12:16.262-0800][77939894ms] GC(26354)   Pre Evacuate Collection Set: 0.0ms
[2023-11-10T12:12:16.262-0800][77939894ms] GC(26354)   Evacuate Collection Set: 1.7ms
[2023-11-10T12:12:16.262-0800][77939894ms] GC(26354)   Post Evacuate Collection Set: 3.4ms
[2023-11-10T12:12:16.262-0800][77939894ms] GC(26354)   Other: 0.3ms
[2023-11-10T12:12:16.262-0800][77939894ms] GC(26354) Eden regions: 148->0(148)
[2023-11-10T12:12:16.262-0800][77939894ms] GC(26354) Survivor regions: 1->1(19)
[2023-11-10T12:12:16.262-0800][77939894ms] GC(26354) Old regions: 1465->1465
[2023-11-10T12:12:16.262-0800][77939894ms] GC(26354) Humongous regions: 5->5
[2023-11-10T12:12:16.262-0800][77939894ms] GC(26354) Metaspace: 305043K->305043K(1349632K)
[2023-11-10T12:12:16.262-0800][77939894ms] GC(26354) Pause Young (Normal) (G1 Evacuation Pause) 3234M->2938M(3602M) 5.550ms
[2023-11-10T12:12:16.262-0800][77939894ms] GC(26354) User=0.00s Sys=0.00s Real=0.01s
[2023-11-10T12:12:16.556-0800][77940188ms] GC(26355) Pause Young (Normal) (G1 Evacuation Pause)
[2023-11-10T12:12:16.556-0800][77940188ms] GC(26355) Using 10 workers of 10 for evacuation
[2023-11-10T12:12:16.562-0800][77940194ms] GC(26355)   Pre Evacuate Collection Set: 0.0ms
[2023-11-10T12:12:16.562-0800][77940194ms] GC(26355)   Evacuate Collection Set: 1.8ms
[2023-11-10T12:12:16.562-0800][77940194ms] GC(26355)   Post Evacuate Collection Set: 3.2ms
[2023-11-10T12:12:16.562-0800][77940194ms] GC(26355)   Other: 0.3ms
[2023-11-10T12:12:16.562-0800][77940194ms] GC(26355) Eden regions: 148->0(148)
[2023-11-10T12:12:16.562-0800][77940194ms] GC(26355) Survivor regions: 1->1(19)
[2023-11-10T12:12:16.562-0800][77940194ms] GC(26355) Old regions: 1465->1465
[2023-11-10T12:12:16.562-0800][77940194ms] GC(26355) Humongous regions: 5->5
[2023-11-10T12:12:16.562-0800][77940194ms] GC(26355) Metaspace: 305043K->305043K(1349632K)
[2023-11-10T12:12:16.562-0800][77940194ms] GC(26355) Pause Young (Normal) (G1 Evacuation Pause) 3234M->2938M(3602M) 5.384ms
[2023-11-10T12:12:16.562-0800][77940194ms] GC(26355) User=0.00s Sys=0.00s Real=0.01s
[2023-11-10T12:12:16.832-0800][77940464ms] GC(26356) Pause Young (Normal) (G1 Evacuation Pause)
[2023-11-10T12:12:16.832-0800][77940464ms] GC(26356) Using 10 workers of 10 for evacuation
[2023-11-10T12:12:16.838-0800][77940470ms] GC(26356)   Pre Evacuate Collection Set: 0.0ms
[2023-11-10T12:12:16.838-0800][77940470ms] GC(26356)   Evacuate Collection Set: 1.7ms
[2023-11-10T12:12:16.838-0800][77940470ms] GC(26356)   Post Evacuate Collection Set: 3.0ms
[2023-11-10T12:12:16.838-0800][77940470ms] GC(26356)   Other: 0.2ms
[2023-11-10T12:12:16.838-0800][77940470ms] GC(26356) Eden regions: 148->0(148)
[2023-11-10T12:12:16.838-0800][77940470ms] GC(26356) Survivor regions: 1->1(19)
[2023-11-10T12:12:16.838-0800][77940470ms] GC(26356) Old regions: 1465->1465
[2023-11-10T12:12:16.838-0800][77940470ms] GC(26356) Humongous regions: 5->5
[2023-11-10T12:12:16.838-0800][77940470ms] GC(26356) Metaspace: 305043K->305043K(1349632K)
[2023-11-10T12:12:16.838-0800][77940470ms] GC(26356) Pause Young (Normal) (G1 Evacuation Pause) 3234M->2938M(3602M) 5.081ms
[2023-11-10T12:12:16.838-0800][77940470ms] GC(26356) User=0.02s Sys=0.00s Real=0.01s
[2023-11-10T12:12:17.091-0800][77940723ms] GC(26357) Pause Young (Normal) (G1 Evacuation Pause)
[2023-11-10T12:12:17.091-0800][77940723ms] GC(26357) Using 10 workers of 10 for evacuation
[2023-11-10T12:12:17.096-0800][77940728ms] GC(26357)   Pre Evacuate Collection Set: 0.0ms
[2023-11-10T12:12:17.096-0800][77940728ms] GC(26357)   Evacuate Collection Set: 1.6ms
[2023-11-10T12:12:17.096-0800][77940728ms] GC(26357)   Post Evacuate Collection Set: 3.0ms
[2023-11-10T12:12:17.096-0800][77940728ms] GC(26357)   Other: 0.3ms
[2023-11-10T12:12:17.096-0800][77940728ms] GC(26357) Eden regions: 148->0(148)
[2023-11-10T12:12:17.096-0800][77940728ms] GC(26357) Survivor regions: 1->1(19)
[2023-11-10T12:12:17.096-0800][77940728ms] GC(26357) Old regions: 1465->1465
[2023-11-10T12:12:17.096-0800][77940728ms] GC(26357) Humongous regions: 5->5
[2023-11-10T12:12:17.096-0800][77940728ms] GC(26357) Metaspace: 305043K->305043K(1349632K)
[2023-11-10T12:12:17.096-0800][77940728ms] GC(26357) Pause Young (Normal) (G1 Evacuation Pause) 3234M->2938M(3602M) 4.983ms
[2023-11-10T12:12:17.096-0800][77940728ms] GC(26357) User=0.00s Sys=0.00s Real=0.00s
[2023-11-10T12:12:17.384-0800][77941016ms] GC(26358) Pause Young (Normal) (G1 Evacuation Pause)
[2023-11-10T12:12:17.384-0800][77941016ms] GC(26358) Using 10 workers of 10 for evacuation
[2023-11-10T12:12:17.388-0800][77941020ms] GC(26358)   Pre Evacuate Collection Set: 0.0ms
[2023-11-10T12:12:17.388-0800][77941020ms] GC(26358)   Evacuate Collection Set: 1.6ms
[2023-11-10T12:12:17.388-0800][77941020ms] GC(26358)   Post Evacuate Collection Set: 3.0ms
[2023-11-10T12:12:17.388-0800][77941020ms] GC(26358)   Other: 0.3ms
[2023-11-10T12:12:17.388-0800][77941020ms] GC(26358) Eden regions: 148->0(148)
[2023-11-10T12:12:17.388-0800][77941020ms] GC(26358) Survivor regions: 1->1(19)
[2023-11-10T12:12:17.388-0800][77941020ms] GC(26358) Old regions: 1465->1465
[2023-11-10T12:12:17.388-0800][77941020ms] GC(26358) Humongous regions: 5->5
[2023-11-10T12:12:17.388-0800][77941020ms] GC(26358) Metaspace: 305043K->305043K(1349632K)
[2023-11-10T12:12:17.388-0800][77941020ms] GC(26358) Pause Young (Normal) (G1 Evacuation Pause) 3234M->2938M(3602M) 5.104ms
[2023-11-10T12:12:17.388-0800][77941020ms] GC(26358) User=0.00s Sys=0.00s Real=0.00s
[2023-11-10T12:12:17.651-0800][77941283ms] GC(26359) Pause Young (Normal) (G1 Evacuation Pause)
[2023-11-10T12:12:17.651-0800][77941283ms] GC(26359) Using 10 workers of 10 for evacuation
[2023-11-10T12:12:17.656-0800][77941288ms] GC(26359)   Pre Evacuate Collection Set: 0.0ms
[2023-11-10T12:12:17.656-0800][77941288ms] GC(26359)   Evacuate Collection Set: 1.7ms
[2023-11-10T12:12:17.656-0800][77941288ms] GC(26359)   Post Evacuate Collection Set: 3.1ms
[2023-11-10T12:12:17.656-0800][77941288ms] GC(26359)   Other: 0.3ms
[2023-11-10T12:12:17.656-0800][77941288ms] GC(26359) Eden regions: 148->0(148)
[2023-11-10T12:12:17.656-0800][77941288ms] GC(26359) Survivor regions: 1->1(19)
[2023-11-10T12:12:17.656-0800][77941288ms] GC(26359) Old regions: 1465->1465
[2023-11-10T12:12:17.656-0800][77941288ms] GC(26359) Humongous regions: 5->5
[2023-11-10T12:12:17.656-0800][77941288ms] GC(26359) Metaspace: 305043K->305043K(1349632K)
[2023-11-10T12:12:17.656-0800][77941288ms] GC(26359) Pause Young (Normal) (G1 Evacuation Pause) 3234M->2938M(3602M) 5.211ms
[2023-11-10T12:12:17.656-0800][77941288ms] GC(26359) User=0.00s Sys=0.00s Real=0.00s
[2023-11-10T12:12:17.925-0800][77941557ms] GC(26360) Pause Young (Normal) (G1 Evacuation Pause)
[2023-11-10T12:12:17.925-0800][77941557ms] GC(26360) Using 10 workers of 10 for evacuation
[2023-11-10T12:12:17.930-0800][77941562ms] GC(26360)   Pre Evacuate Collection Set: 0.0ms
[2023-11-10T12:12:17.930-0800][77941562ms] GC(26360)   Evacuate Collection Set: 1.7ms
[2023-11-10T12:12:17.930-0800][77941562ms] GC(26360)   Post Evacuate Collection Set: 3.1ms
[2023-11-10T12:12:17.930-0800][77941562ms] GC(26360)   Other: 0.3ms
[2023-11-10T12:12:17.930-0800][77941562ms] GC(26360) Eden regions: 148->0(148)
[2023-11-10T12:12:17.930-0800][77941562ms] GC(26360) Survivor regions: 1->1(19)
[2023-11-10T12:12:17.930-0800][77941562ms] GC(26360) Old regions: 1465->1465
[2023-11-10T12:12:17.930-0800][77941562ms] GC(26360) Humongous regions: 5->5
[2023-11-10T12:12:17.930-0800][77941562ms] GC(26360) Metaspace: 305043K->305043K(1349632K)
[2023-11-10T12:12:17.930-0800][77941562ms] GC(26360) Pause Young (Normal) (G1 Evacuation Pause) 3234M->2938M(3602M) 5.190ms
[2023-11-10T12:12:17.930-0800][77941562ms] GC(26360) User=0.02s Sys=0.00s Real=0.01s
[2023-11-10T12:12:18.216-0800][77941848ms] GC(26361) Pause Young (Normal) (G1 Evacuation Pause)
[2023-11-10T12:12:18.216-0800][77941848ms] GC(26361) Using 10 workers of 10 for evacuation
[2023-11-10T12:12:18.221-0800][77941853ms] GC(26361)   Pre Evacuate Collection Set: 0.0ms
[2023-11-10T12:12:18.221-0800][77941853ms] GC(26361)   Evacuate Collection Set: 1.8ms
[2023-11-10T12:12:18.221-0800][77941853ms] GC(26361)   Post Evacuate Collection Set: 3.0ms
[2023-11-10T12:12:18.221-0800][77941853ms] GC(26361)   Other: 0.3ms
[2023-11-10T12:12:18.221-0800][77941853ms] GC(26361) Eden regions: 148->0(148)
[2023-11-10T12:12:18.221-0800][77941853ms] GC(26361) Survivor regions: 1->1(19)
[2023-11-10T12:12:18.221-0800][77941853ms] GC(26361) Old regions: 1465->1465
[2023-11-10T12:12:18.221-0800][77941853ms] GC(26361) Humongous regions: 5->5
[2023-11-10T12:12:18.221-0800][77941853ms] GC(26361) Metaspace: 305043K->305043K(1349632K)
[2023-11-10T12:12:18.221-0800][77941853ms] GC(26361) Pause Young (Normal) (G1 Evacuation Pause) 3234M->2938M(3602M) 5.333ms
[2023-11-10T12:12:18.222-0800][77941854ms] GC(26361) User=0.00s Sys=0.00s Real=0.01s
[2023-11-10T12:12:18.536-0800][77942168ms] GC(26362) Pause Young (Normal) (G1 Evacuation Pause)
[2023-11-10T12:12:18.536-0800][77942168ms] GC(26362) Using 10 workers of 10 for evacuation
[2023-11-10T12:12:18.542-0800][77942174ms] GC(26362)   Pre Evacuate Collection Set: 0.0ms
[2023-11-10T12:12:18.542-0800][77942174ms] GC(26362)   Evacuate Collection Set: 1.8ms
[2023-11-10T12:12:18.542-0800][77942174ms] GC(26362)   Post Evacuate Collection Set: 3.5ms
[2023-11-10T12:12:18.542-0800][77942174ms] GC(26362)   Other: 0.3ms
[2023-11-10T12:12:18.542-0800][77942174ms] GC(26362) Eden regions: 148->0(148)
[2023-11-10T12:12:18.542-0800][77942174ms] GC(26362) Survivor regions: 1->1(19)
[2023-11-10T12:12:18.542-0800][77942174ms] GC(26362) Old regions: 1465->1465
[2023-11-10T12:12:18.542-0800][77942174ms] GC(26362) Humongous regions: 5->5
[2023-11-10T12:12:18.542-0800][77942174ms] GC(26362) Metaspace: 305043K->305043K(1349632K)
[2023-11-10T12:12:18.542-0800][77942174ms] GC(26362) Pause Young (Normal) (G1 Evacuation Pause) 3234M->2938M(3602M) 5.699ms
[2023-11-10T12:12:18.542-0800][77942174ms] GC(26362) User=0.02s Sys=0.00s Real=0.01s
[2023-11-10T12:12:18.939-0800][77942571ms] GC(26363) Pause Young (Normal) (G1 Evacuation Pause)
[2023-11-10T12:12:18.939-0800][77942571ms] GC(26363) Using 10 workers of 10 for evacuation
[2023-11-10T12:12:18.944-0800][77942576ms] GC(26363)   Pre Evacuate Collection Set: 0.0ms
[2023-11-10T12:12:18.944-0800][77942576ms] GC(26363)   Evacuate Collection Set: 1.7ms
[2023-11-10T12:12:18.944-0800][77942576ms] GC(26363)   Post Evacuate Collection Set: 3.2ms
[2023-11-10T12:12:18.944-0800][77942576ms] GC(26363)   Other: 0.3ms
[2023-11-10T12:12:18.944-0800][77942576ms] GC(26363) Eden regions: 148->0(148)
[2023-11-10T12:12:18.944-0800][77942576ms] GC(26363) Survivor regions: 1->1(19)
[2023-11-10T12:12:18.944-0800][77942576ms] GC(26363) Old regions: 1465->1465
[2023-11-10T12:12:18.944-0800][77942576ms] GC(26363) Humongous regions: 5->5
[2023-11-10T12:12:18.944-0800][77942576ms] GC(26363) Metaspace: 305043K->305043K(1349632K)
[2023-11-10T12:12:18.944-0800][77942576ms] GC(26363) Pause Young (Normal) (G1 Evacuation Pause) 3234M->2939M(3602M) 5.305ms
[2023-11-10T12:12:18.944-0800][77942576ms] GC(26363) User=0.02s Sys=0.00s Real=0.01s
[2023-11-10T12:12:19.238-0800][77942870ms] GC(26364) Pause Young (Normal) (G1 Evacuation Pause)
[2023-11-10T12:12:19.238-0800][77942870ms] GC(26364) Using 10 workers of 10 for evacuation
[2023-11-10T12:12:19.242-0800][77942874ms] GC(26364)   Pre Evacuate Collection Set: 0.0ms
[2023-11-10T12:12:19.242-0800][77942874ms] GC(26364)   Evacuate Collection Set: 1.6ms
[2023-11-10T12:12:19.242-0800][77942874ms] GC(26364)   Post Evacuate Collection Set: 2.9ms
[2023-11-10T12:12:19.242-0800][77942874ms] GC(26364)   Other: 0.2ms
[2023-11-10T12:12:19.242-0800][77942874ms] GC(26364) Eden regions: 148->0(148)
[2023-11-10T12:12:19.242-0800][77942874ms] GC(26364) Survivor regions: 1->1(19)
[2023-11-10T12:12:19.242-0800][77942874ms] GC(26364) Old regions: 1465->1465
[2023-11-10T12:12:19.242-0800][77942874ms] GC(26364) Humongous regions: 5->5
[2023-11-10T12:12:19.242-0800][77942874ms] GC(26364) Metaspace: 305043K->305043K(1349632K)
[2023-11-10T12:12:19.242-0800][77942874ms] GC(26364) Pause Young (Normal) (G1 Evacuation Pause) 3235M->2939M(3602M) 4.800ms
[2023-11-10T12:12:19.243-0800][77942875ms] GC(26364) User=0.02s Sys=0.00s Real=0.01s
[2023-11-10T12:12:19.504-0800][77943136ms] GC(26365) Pause Young (Normal) (G1 Evacuation Pause)
[2023-11-10T12:12:19.504-0800][77943136ms] GC(26365) Using 10 workers of 10 for evacuation
[2023-11-10T12:12:19.510-0800][77943142ms] GC(26365)   Pre Evacuate Collection Set: 0.0ms
[2023-11-10T12:12:19.510-0800][77943142ms] GC(26365)   Evacuate Collection Set: 1.7ms
[2023-11-10T12:12:19.510-0800][77943142ms] GC(26365)   Post Evacuate Collection Set: 3.1ms
[2023-11-10T12:12:19.510-0800][77943142ms] GC(26365)   Other: 0.2ms
[2023-11-10T12:12:19.510-0800][77943142ms] GC(26365) Eden regions: 148->0(148)
[2023-11-10T12:12:19.510-0800][77943142ms] GC(26365) Survivor regions: 1->1(19)
[2023-11-10T12:12:19.510-0800][77943142ms] GC(26365) Old regions: 1465->1465
[2023-11-10T12:12:19.510-0800][77943142ms] GC(26365) Humongous regions: 5->5
[2023-11-10T12:12:19.510-0800][77943142ms] GC(26365) Metaspace: 305043K->305043K(1349632K)
[2023-11-10T12:12:19.510-0800][77943142ms] GC(26365) Pause Young (Normal) (G1 Evacuation Pause) 3235M->2939M(3602M) 5.149ms
[2023-11-10T12:12:19.510-0800][77943142ms] GC(26365) User=0.00s Sys=0.00s Real=0.01s
[2023-11-10T12:12:19.759-0800][77943391ms] GC(26366) Pause Young (Normal) (G1 Evacuation Pause)
[2023-11-10T12:12:19.759-0800][77943391ms] GC(26366) Using 10 workers of 10 for evacuation
[2023-11-10T12:12:19.764-0800][77943396ms] GC(26366)   Pre Evacuate Collection Set: 0.0ms
[2023-11-10T12:12:19.764-0800][77943396ms] GC(26366)   Evacuate Collection Set: 1.6ms
[2023-11-10T12:12:19.764-0800][77943396ms] GC(26366)   Post Evacuate Collection Set: 3.0ms
[2023-11-10T12:12:19.764-0800][77943396ms] GC(26366)   Other: 0.3ms
[2023-11-10T12:12:19.764-0800][77943396ms] GC(26366) Eden regions: 148->0(148)
[2023-11-10T12:12:19.764-0800][77943396ms] GC(26366) Survivor regions: 1->1(19)
[2023-11-10T12:12:19.764-0800][77943396ms] GC(26366) Old regions: 1465->1465
[2023-11-10T12:12:19.764-0800][77943396ms] GC(26366) Humongous regions: 5->5
[2023-11-10T12:12:19.764-0800][77943396ms] GC(26366) Metaspace: 305043K->305043K(1349632K)
[2023-11-10T12:12:19.764-0800][77943396ms] GC(26366) Pause Young (Normal) (G1 Evacuation Pause) 3235M->2939M(3602M) 5.114ms
[2023-11-10T12:12:19.764-0800][77943396ms] GC(26366) User=0.00s Sys=0.00s Real=0.00s
[2023-11-10T12:12:20.019-0800][77943651ms] GC(26367) Pause Young (Normal) (G1 Evacuation Pause)
[2023-11-10T12:12:20.019-0800][77943651ms] GC(26367) Using 10 workers of 10 for evacuation
[2023-11-10T12:12:20.023-0800][77943655ms] GC(26367)   Pre Evacuate Collection Set: 0.0ms
[2023-11-10T12:12:20.023-0800][77943655ms] GC(26367)   Evacuate Collection Set: 1.6ms
[2023-11-10T12:12:20.023-0800][77943655ms] GC(26367)   Post Evacuate Collection Set: 2.9ms
[2023-11-10T12:12:20.023-0800][77943655ms] GC(26367)   Other: 0.2ms
[2023-11-10T12:12:20.023-0800][77943655ms] GC(26367) Eden regions: 148->0(148)
[2023-11-10T12:12:20.023-0800][77943655ms] GC(26367) Survivor regions: 1->1(19)
[2023-11-10T12:12:20.023-0800][77943655ms] GC(26367) Old regions: 1465->1465
[2023-11-10T12:12:20.023-0800][77943655ms] GC(26367) Humongous regions: 5->5
[2023-11-10T12:12:20.023-0800][77943655ms] GC(26367) Metaspace: 305043K->305043K(1349632K)
[2023-11-10T12:12:20.023-0800][77943655ms] GC(26367) Pause Young (Normal) (G1 Evacuation Pause) 3235M->2939M(3602M) 4.889ms
[2023-11-10T12:12:20.023-0800][77943655ms] GC(26367) User=0.00s Sys=0.00s Real=0.00s
[2023-11-10T12:12:20.285-0800][77943917ms] GC(26368) Pause Young (Normal) (G1 Evacuation Pause)
[2023-11-10T12:12:20.285-0800][77943917ms] GC(26368) Using 10 workers of 10 for evacuation
[2023-11-10T12:12:20.290-0800][77943922ms] GC(26368)   Pre Evacuate Collection Set: 0.0ms
[2023-11-10T12:12:20.290-0800][77943922ms] GC(26368)   Evacuate Collection Set: 1.6ms
[2023-11-10T12:12:20.290-0800][77943922ms] GC(26368)   Post Evacuate Collection Set: 3.2ms
[2023-11-10T12:12:20.290-0800][77943922ms] GC(26368)   Other: 0.2ms
[2023-11-10T12:12:20.290-0800][77943922ms] GC(26368) Eden regions: 148->0(148)
[2023-11-10T12:12:20.290-0800][77943922ms] GC(26368) Survivor regions: 1->1(19)
[2023-11-10T12:12:20.290-0800][77943922ms] GC(26368) Old regions: 1465->1465
[2023-11-10T12:12:20.290-0800][77943922ms] GC(26368) Humongous regions: 5->5
[2023-11-10T12:12:20.290-0800][77943922ms] GC(26368) Metaspace: 305043K->305043K(1349632K)
[2023-11-10T12:12:20.290-0800][77943922ms] GC(26368) Pause Young (Normal) (G1 Evacuation Pause) 3235M->2939M(3602M) 5.199ms
[2023-11-10T12:12:20.290-0800][77943922ms] GC(26368) User=0.02s Sys=0.00s Real=0.00s
[2023-11-10T12:12:20.552-0800][77944184ms] GC(26369) Pause Young (Normal) (G1 Evacuation Pause)
[2023-11-10T12:12:20.552-0800][77944184ms] GC(26369) Using 10 workers of 10 for evacuation
[2023-11-10T12:12:20.557-0800][77944189ms] GC(26369)   Pre Evacuate Collection Set: 0.0ms
[2023-11-10T12:12:20.557-0800][77944189ms] GC(26369)   Evacuate Collection Set: 1.7ms
[2023-11-10T12:12:20.557-0800][77944189ms] GC(26369)   Post Evacuate Collection Set: 3.5ms
[2023-11-10T12:12:20.558-0800][77944190ms] GC(26369)   Other: 0.3ms
[2023-11-10T12:12:20.558-0800][77944190ms] GC(26369) Eden regions: 148->0(148)
[2023-11-10T12:12:20.558-0800][77944190ms] GC(26369) Survivor regions: 1->1(19)
[2023-11-10T12:12:20.558-0800][77944190ms] GC(26369) Old regions: 1465->1465
[2023-11-10T12:12:20.558-0800][77944190ms] GC(26369) Humongous regions: 5->5
[2023-11-10T12:12:20.558-0800][77944190ms] GC(26369) Metaspace: 305043K->305043K(1349632K)
[2023-11-10T12:12:20.558-0800][77944190ms] GC(26369) Pause Young (Normal) (G1 Evacuation Pause) 3235M->2939M(3602M) 5.656ms
[2023-11-10T12:12:20.558-0800][77944190ms] GC(26369) User=0.00s Sys=0.00s Real=0.01s
[2023-11-10T12:12:20.833-0800][77944465ms] GC(26370) Pause Young (Normal) (G1 Evacuation Pause)
[2023-11-10T12:12:20.833-0800][77944465ms] GC(26370) Using 10 workers of 10 for evacuation
[2023-11-10T12:12:20.838-0800][77944470ms] GC(26370)   Pre Evacuate Collection Set: 0.0ms
[2023-11-10T12:12:20.838-0800][77944470ms] GC(26370)   Evacuate Collection Set: 1.6ms
[2023-11-10T12:12:20.838-0800][77944470ms] GC(26370)   Post Evacuate Collection Set: 3.0ms
[2023-11-10T12:12:20.838-0800][77944470ms] GC(26370)   Other: 0.2ms
[2023-11-10T12:12:20.838-0800][77944470ms] GC(26370) Eden regions: 148->0(148)
[2023-11-10T12:12:20.838-0800][77944470ms] GC(26370) Survivor regions: 1->1(19)
[2023-11-10T12:12:20.838-0800][77944470ms] GC(26370) Old regions: 1465->1465
[2023-11-10T12:12:20.838-0800][77944470ms] GC(26370) Humongous regions: 5->5
[2023-11-10T12:12:20.838-0800][77944470ms] GC(26370) Metaspace: 305043K->305043K(1349632K)
[2023-11-10T12:12:20.838-0800][77944470ms] GC(26370) Pause Young (Normal) (G1 Evacuation Pause) 3235M->2939M(3602M) 4.906ms
[2023-11-10T12:12:20.838-0800][77944470ms] GC(26370) User=0.00s Sys=0.00s Real=0.01s
[2023-11-10T12:12:21.124-0800][77944756ms] GC(26371) Pause Young (Normal) (G1 Evacuation Pause)
[2023-11-10T12:12:21.124-0800][77944756ms] GC(26371) Using 10 workers of 10 for evacuation
[2023-11-10T12:12:21.128-0800][77944760ms] GC(26371)   Pre Evacuate Collection Set: 0.0ms
[2023-11-10T12:12:21.128-0800][77944760ms] GC(26371)   Evacuate Collection Set: 1.5ms
[2023-11-10T12:12:21.128-0800][77944760ms] GC(26371)   Post Evacuate Collection Set: 3.1ms
[2023-11-10T12:12:21.128-0800][77944760ms] GC(26371)   Other: 0.2ms
[2023-11-10T12:12:21.128-0800][77944760ms] GC(26371) Eden regions: 148->0(148)
[2023-11-10T12:12:21.128-0800][77944760ms] GC(26371) Survivor regions: 1->1(19)
[2023-11-10T12:12:21.128-0800][77944760ms] GC(26371) Old regions: 1465->1465
[2023-11-10T12:12:21.128-0800][77944760ms] GC(26371) Humongous regions: 5->5
[2023-11-10T12:12:21.128-0800][77944760ms] GC(26371) Metaspace: 305043K->305043K(1349632K)
[2023-11-10T12:12:21.128-0800][77944760ms] GC(26371) Pause Young (Normal) (G1 Evacuation Pause) 3235M->2939M(3602M) 4.979ms
[2023-11-10T12:12:21.128-0800][77944760ms] GC(26371) User=0.00s Sys=0.00s Real=0.00s
[2023-11-10T12:12:21.414-0800][77945046ms] GC(26372) Pause Young (Normal) (G1 Evacuation Pause)
[2023-11-10T12:12:21.414-0800][77945046ms] GC(26372) Using 10 workers of 10 for evacuation
[2023-11-10T12:12:21.419-0800][77945051ms] GC(26372)   Pre Evacuate Collection Set: 0.0ms
[2023-11-10T12:12:21.419-0800][77945051ms] GC(26372)   Evacuate Collection Set: 1.9ms
[2023-11-10T12:12:21.419-0800][77945051ms] GC(26372)   Post Evacuate Collection Set: 3.4ms
[2023-11-10T12:12:21.419-0800][77945051ms] GC(26372)   Other: 0.3ms
[2023-11-10T12:12:21.419-0800][77945051ms] GC(26372) Eden regions: 148->0(148)
[2023-11-10T12:12:21.419-0800][77945051ms] GC(26372) Survivor regions: 1->1(19)
[2023-11-10T12:12:21.419-0800][77945051ms] GC(26372) Old regions: 1465->1465
[2023-11-10T12:12:21.419-0800][77945051ms] GC(26372) Humongous regions: 5->5
[2023-11-10T12:12:21.419-0800][77945051ms] GC(26372) Metaspace: 305043K->305043K(1349632K)
[2023-11-10T12:12:21.419-0800][77945051ms] GC(26372) Pause Young (Normal) (G1 Evacuation Pause) 3235M->2939M(3602M) 5.794ms
[2023-11-10T12:12:21.419-0800][77945051ms] GC(26372) User=0.00s Sys=0.00s Real=0.00s
[2023-11-10T12:12:21.683-0800][77945315ms] GC(26373) Pause Young (Normal) (G1 Evacuation Pause)
[2023-11-10T12:12:21.683-0800][77945315ms] GC(26373) Using 10 workers of 10 for evacuation
[2023-11-10T12:12:21.688-0800][77945320ms] GC(26373)   Pre Evacuate Collection Set: 0.0ms
[2023-11-10T12:12:21.688-0800][77945320ms] GC(26373)   Evacuate Collection Set: 1.6ms
[2023-11-10T12:12:21.688-0800][77945320ms] GC(26373)   Post Evacuate Collection Set: 3.1ms
[2023-11-10T12:12:21.688-0800][77945320ms] GC(26373)   Other: 0.2ms
[2023-11-10T12:12:21.688-0800][77945320ms] GC(26373) Eden regions: 148->0(148)
[2023-11-10T12:12:21.688-0800][77945320ms] GC(26373) Survivor regions: 1->1(19)
[2023-11-10T12:12:21.688-0800][77945320ms] GC(26373) Old regions: 1465->1465
[2023-11-10T12:12:21.688-0800][77945320ms] GC(26373) Humongous regions: 5->5
[2023-11-10T12:12:21.688-0800][77945320ms] GC(26373) Metaspace: 305043K->305043K(1349632K)
[2023-11-10T12:12:21.688-0800][77945320ms] GC(26373) Pause Young (Normal) (G1 Evacuation Pause) 3235M->2939M(3602M) 5.092ms
[2023-11-10T12:12:21.688-0800][77945320ms] GC(26373) User=0.00s Sys=0.00s Real=0.00s
[2023-11-10T12:12:21.954-0800][77945586ms] GC(26374) Pause Young (Normal) (G1 Evacuation Pause)
[2023-11-10T12:12:21.954-0800][77945586ms] GC(26374) Using 10 workers of 10 for evacuation
[2023-11-10T12:12:21.959-0800][77945591ms] GC(26374)   Pre Evacuate Collection Set: 0.1ms
[2023-11-10T12:12:21.959-0800][77945591ms] GC(26374)   Evacuate Collection Set: 1.8ms
[2023-11-10T12:12:21.959-0800][77945591ms] GC(26374)   Post Evacuate Collection Set: 3.3ms
[2023-11-10T12:12:21.959-0800][77945591ms] GC(26374)   Other: 0.2ms
[2023-11-10T12:12:21.959-0800][77945591ms] GC(26374) Eden regions: 148->0(148)
[2023-11-10T12:12:21.959-0800][77945591ms] GC(26374) Survivor regions: 1->1(19)
[2023-11-10T12:12:21.959-0800][77945591ms] GC(26374) Old regions: 1465->1465
[2023-11-10T12:12:21.959-0800][77945591ms] GC(26374) Humongous regions: 5->5
[2023-11-10T12:12:21.959-0800][77945591ms] GC(26374) Metaspace: 305043K->305043K(1349632K)
[2023-11-10T12:12:21.959-0800][77945591ms] GC(26374) Pause Young (Normal) (G1 Evacuation Pause) 3235M->2939M(3602M) 5.449ms
[2023-11-10T12:12:21.959-0800][77945591ms] GC(26374) User=0.00s Sys=0.00s Real=0.01s
[2023-11-10T12:12:22.223-0800][77945855ms] GC(26375) Pause Young (Normal) (G1 Evacuation Pause)
[2023-11-10T12:12:22.223-0800][77945855ms] GC(26375) Using 10 workers of 10 for evacuation
[2023-11-10T12:12:22.228-0800][77945860ms] GC(26375)   Pre Evacuate Collection Set: 0.0ms
[2023-11-10T12:12:22.228-0800][77945860ms] GC(26375)   Evacuate Collection Set: 1.7ms
[2023-11-10T12:12:22.228-0800][77945860ms] GC(26375)   Post Evacuate Collection Set: 3.2ms
[2023-11-10T12:12:22.228-0800][77945860ms] GC(26375)   Other: 0.3ms
[2023-11-10T12:12:22.228-0800][77945860ms] GC(26375) Eden regions: 148->0(148)
[2023-11-10T12:12:22.228-0800][77945860ms] GC(26375) Survivor regions: 1->1(19)
[2023-11-10T12:12:22.228-0800][77945860ms] GC(26375) Old regions: 1465->1465
[2023-11-10T12:12:22.228-0800][77945860ms] GC(26375) Humongous regions: 5->5
[2023-11-10T12:12:22.228-0800][77945860ms] GC(26375) Metaspace: 305043K->305043K(1349632K)
[2023-11-10T12:12:22.228-0800][77945860ms] GC(26375) Pause Young (Normal) (G1 Evacuation Pause) 3235M->2939M(3602M) 5.282ms
[2023-11-10T12:12:22.228-0800][77945860ms] GC(26375) User=0.02s Sys=0.00s Real=0.00s
[2023-11-10T12:12:22.486-0800][77946118ms] GC(26376) Pause Young (Normal) (G1 Evacuation Pause)
[2023-11-10T12:12:22.486-0800][77946118ms] GC(26376) Using 10 workers of 10 for evacuation
[2023-11-10T12:12:22.491-0800][77946123ms] GC(26376)   Pre Evacuate Collection Set: 0.0ms
[2023-11-10T12:12:22.491-0800][77946123ms] GC(26376)   Evacuate Collection Set: 1.7ms
[2023-11-10T12:12:22.491-0800][77946123ms] GC(26376)   Post Evacuate Collection Set: 3.1ms
[2023-11-10T12:12:22.491-0800][77946123ms] GC(26376)   Other: 0.2ms
[2023-11-10T12:12:22.491-0800][77946123ms] GC(26376) Eden regions: 148->0(148)
[2023-11-10T12:12:22.491-0800][77946123ms] GC(26376) Survivor regions: 1->1(19)
[2023-11-10T12:12:22.491-0800][77946123ms] GC(26376) Old regions: 1465->1465
[2023-11-10T12:12:22.491-0800][77946123ms] GC(26376) Humongous regions: 5->5
[2023-11-10T12:12:22.491-0800][77946123ms] GC(26376) Metaspace: 305043K->305043K(1349632K)
[2023-11-10T12:12:22.491-0800][77946123ms] GC(26376) Pause Young (Normal) (G1 Evacuation Pause) 3235M->2939M(3602M) 5.147ms
[2023-11-10T12:12:22.491-0800][77946123ms] GC(26376) User=0.00s Sys=0.00s Real=0.00s
[2023-11-10T12:12:22.753-0800][77946385ms] GC(26377) Pause Young (Normal) (G1 Evacuation Pause)
[2023-11-10T12:12:22.753-0800][77946385ms] GC(26377) Using 10 workers of 10 for evacuation
[2023-11-10T12:12:22.758-0800][77946390ms] GC(26377)   Pre Evacuate Collection Set: 0.0ms
[2023-11-10T12:12:22.758-0800][77946390ms] GC(26377)   Evacuate Collection Set: 1.6ms
[2023-11-10T12:12:22.758-0800][77946390ms] GC(26377)   Post Evacuate Collection Set: 3.1ms
[2023-11-10T12:12:22.758-0800][77946390ms] GC(26377)   Other: 0.2ms
[2023-11-10T12:12:22.758-0800][77946390ms] GC(26377) Eden regions: 148->0(148)
[2023-11-10T12:12:22.758-0800][77946390ms] GC(26377) Survivor regions: 1->1(19)
[2023-11-10T12:12:22.758-0800][77946390ms] GC(26377) Old regions: 1465->1465
[2023-11-10T12:12:22.758-0800][77946390ms] GC(26377) Humongous regions: 5->5
[2023-11-10T12:12:22.758-0800][77946390ms] GC(26377) Metaspace: 305043K->305043K(1349632K)
[2023-11-10T12:12:22.758-0800][77946390ms] GC(26377) Pause Young (Normal) (G1 Evacuation Pause) 3235M->2939M(3602M) 5.089ms
[2023-11-10T12:12:22.758-0800][77946390ms] GC(26377) User=0.00s Sys=0.00s Real=0.00s
[2023-11-10T12:12:23.004-0800][77946636ms] GC(26378) Pause Young (Normal) (G1 Evacuation Pause)
[2023-11-10T12:12:23.004-0800][77946636ms] GC(26378) Using 10 workers of 10 for evacuation
[2023-11-10T12:12:23.008-0800][77946640ms] GC(26378)   Pre Evacuate Collection Set: 0.0ms
[2023-11-10T12:12:23.008-0800][77946640ms] GC(26378)   Evacuate Collection Set: 1.7ms
[2023-11-10T12:12:23.008-0800][77946640ms] GC(26378)   Post Evacuate Collection Set: 3.3ms
[2023-11-10T12:12:23.008-0800][77946640ms] GC(26378)   Other: 0.3ms
[2023-11-10T12:12:23.008-0800][77946640ms] GC(26378) Eden regions: 148->0(148)
[2023-11-10T12:12:23.008-0800][77946640ms] GC(26378) Survivor regions: 1->1(19)
[2023-11-10T12:12:23.008-0800][77946640ms] GC(26378) Old regions: 1465->1465
[2023-11-10T12:12:23.008-0800][77946640ms] GC(26378) Humongous regions: 5->5
[2023-11-10T12:12:23.008-0800][77946640ms] GC(26378) Metaspace: 305043K->305043K(1349632K)
[2023-11-10T12:12:23.008-0800][77946640ms] GC(26378) Pause Young (Normal) (G1 Evacuation Pause) 3235M->2939M(3602M) 5.330ms
[2023-11-10T12:12:23.008-0800][77946640ms] GC(26378) User=0.02s Sys=0.00s Real=0.00s
[2023-11-10T12:12:23.260-0800][77946892ms] GC(26379) Pause Young (Normal) (G1 Evacuation Pause)
[2023-11-10T12:12:23.260-0800][77946892ms] GC(26379) Using 10 workers of 10 for evacuation
[2023-11-10T12:12:23.265-0800][77946897ms] GC(26379)   Pre Evacuate Collection Set: 0.0ms
[2023-11-10T12:12:23.265-0800][77946897ms] GC(26379)   Evacuate Collection Set: 1.6ms
[2023-11-10T12:12:23.265-0800][77946897ms] GC(26379)   Post Evacuate Collection Set: 2.8ms
[2023-11-10T12:12:23.265-0800][77946897ms] GC(26379)   Other: 0.3ms
[2023-11-10T12:12:23.265-0800][77946897ms] GC(26379) Eden regions: 148->0(148)
[2023-11-10T12:12:23.265-0800][77946897ms] GC(26379) Survivor regions: 1->1(19)
[2023-11-10T12:12:23.265-0800][77946897ms] GC(26379) Old regions: 1465->1465
[2023-11-10T12:12:23.265-0800][77946897ms] GC(26379) Humongous regions: 5->5
[2023-11-10T12:12:23.265-0800][77946897ms] GC(26379) Metaspace: 305043K->305043K(1349632K)
[2023-11-10T12:12:23.266-0800][77946898ms] GC(26379) Pause Young (Normal) (G1 Evacuation Pause) 3235M->2939M(3602M) 4.806ms
[2023-11-10T12:12:23.266-0800][77946898ms] GC(26379) User=0.00s Sys=0.00s Real=0.01s
[2023-11-10T12:12:23.529-0800][77947161ms] GC(26380) Pause Young (Normal) (G1 Evacuation Pause)
[2023-11-10T12:12:23.529-0800][77947161ms] GC(26380) Using 10 workers of 10 for evacuation
[2023-11-10T12:12:23.534-0800][77947166ms] GC(26380)   Pre Evacuate Collection Set: 0.0ms
[2023-11-10T12:12:23.534-0800][77947166ms] GC(26380)   Evacuate Collection Set: 1.7ms
[2023-11-10T12:12:23.534-0800][77947166ms] GC(26380)   Post Evacuate Collection Set: 3.4ms
[2023-11-10T12:12:23.534-0800][77947166ms] GC(26380)   Other: 0.3ms
[2023-11-10T12:12:23.534-0800][77947166ms] GC(26380) Eden regions: 148->0(148)
[2023-11-10T12:12:23.534-0800][77947166ms] GC(26380) Survivor regions: 1->1(19)
[2023-11-10T12:12:23.534-0800][77947166ms] GC(26380) Old regions: 1465->1465
[2023-11-10T12:12:23.534-0800][77947166ms] GC(26380) Humongous regions: 5->5
[2023-11-10T12:12:23.534-0800][77947166ms] GC(26380) Metaspace: 305043K->305043K(1349632K)
[2023-11-10T12:12:23.534-0800][77947166ms] GC(26380) Pause Young (Normal) (G1 Evacuation Pause) 3235M->2939M(3602M) 5.555ms
[2023-11-10T12:12:23.534-0800][77947166ms] GC(26380) User=0.00s Sys=0.00s Real=0.00s
[2023-11-10T12:12:23.804-0800][77947436ms] GC(26381) Pause Young (Normal) (G1 Evacuation Pause)
[2023-11-10T12:12:23.804-0800][77947436ms] GC(26381) Using 10 workers of 10 for evacuation
[2023-11-10T12:12:23.810-0800][77947442ms] GC(26381)   Pre Evacuate Collection Set: 0.0ms
[2023-11-10T12:12:23.810-0800][77947442ms] GC(26381)   Evacuate Collection Set: 1.7ms
[2023-11-10T12:12:23.810-0800][77947442ms] GC(26381)   Post Evacuate Collection Set: 3.0ms
[2023-11-10T12:12:23.810-0800][77947442ms] GC(26381)   Other: 0.3ms
[2023-11-10T12:12:23.810-0800][77947442ms] GC(26381) Eden regions: 148->0(148)
[2023-11-10T12:12:23.810-0800][77947442ms] GC(26381) Survivor regions: 1->1(19)
[2023-11-10T12:12:23.810-0800][77947442ms] GC(26381) Old regions: 1465->1465
[2023-11-10T12:12:23.810-0800][77947442ms] GC(26381) Humongous regions: 5->5
[2023-11-10T12:12:23.810-0800][77947442ms] GC(26381) Metaspace: 305043K->305043K(1349632K)
[2023-11-10T12:12:23.810-0800][77947442ms] GC(26381) Pause Young (Normal) (G1 Evacuation Pause) 3235M->2939M(3602M) 5.082ms
[2023-11-10T12:12:23.810-0800][77947442ms] GC(26381) User=0.00s Sys=0.00s Real=0.01s
[2023-11-10T12:12:24.061-0800][77947693ms] GC(26382) Pause Young (Normal) (G1 Evacuation Pause)
[2023-11-10T12:12:24.061-0800][77947693ms] GC(26382) Using 10 workers of 10 for evacuation
[2023-11-10T12:12:24.065-0800][77947697ms] GC(26382)   Pre Evacuate Collection Set: 0.0ms
[2023-11-10T12:12:24.065-0800][77947697ms] GC(26382)   Evacuate Collection Set: 1.6ms
[2023-11-10T12:12:24.065-0800][77947697ms] GC(26382)   Post Evacuate Collection Set: 2.9ms
[2023-11-10T12:12:24.065-0800][77947697ms] GC(26382)   Other: 0.3ms
[2023-11-10T12:12:24.065-0800][77947697ms] GC(26382) Eden regions: 148->0(148)
[2023-11-10T12:12:24.065-0800][77947697ms] GC(26382) Survivor regions: 1->1(19)
[2023-11-10T12:12:24.065-0800][77947697ms] GC(26382) Old regions: 1465->1465
[2023-11-10T12:12:24.065-0800][77947697ms] GC(26382) Humongous regions: 5->5
[2023-11-10T12:12:24.065-0800][77947697ms] GC(26382) Metaspace: 305043K->305043K(1349632K)
[2023-11-10T12:12:24.065-0800][77947697ms] GC(26382) Pause Young (Normal) (G1 Evacuation Pause) 3235M->2939M(3602M) 4.958ms
[2023-11-10T12:12:24.065-0800][77947697ms] GC(26382) User=0.00s Sys=0.00s Real=0.00s
[2023-11-10T12:12:24.349-0800][77947981ms] GC(26383) Pause Young (Normal) (G1 Evacuation Pause)
[2023-11-10T12:12:24.349-0800][77947981ms] GC(26383) Using 10 workers of 10 for evacuation
[2023-11-10T12:12:24.355-0800][77947987ms] GC(26383)   Pre Evacuate Collection Set: 0.1ms
[2023-11-10T12:12:24.355-0800][77947987ms] GC(26383)   Evacuate Collection Set: 1.7ms
[2023-11-10T12:12:24.355-0800][77947987ms] GC(26383)   Post Evacuate Collection Set: 3.0ms
[2023-11-10T12:12:24.355-0800][77947987ms] GC(26383)   Other: 0.3ms
[2023-11-10T12:12:24.355-0800][77947987ms] GC(26383) Eden regions: 148->0(148)
[2023-11-10T12:12:24.355-0800][77947987ms] GC(26383) Survivor regions: 1->1(19)
[2023-11-10T12:12:24.355-0800][77947987ms] GC(26383) Old regions: 1465->1465
[2023-11-10T12:12:24.355-0800][77947987ms] GC(26383) Humongous regions: 5->5
[2023-11-10T12:12:24.355-0800][77947987ms] GC(26383) Metaspace: 305043K->305043K(1349632K)
[2023-11-10T12:12:24.355-0800][77947987ms] GC(26383) Pause Young (Normal) (G1 Evacuation Pause) 3235M->2939M(3602M) 5.103ms
[2023-11-10T12:12:24.355-0800][77947987ms] GC(26383) User=0.03s Sys=0.00s Real=0.01s
[2023-11-10T12:12:24.630-0800][77948262ms] GC(26384) Pause Young (Normal) (G1 Evacuation Pause)
[2023-11-10T12:12:24.630-0800][77948262ms] GC(26384) Using 10 workers of 10 for evacuation
[2023-11-10T12:12:24.635-0800][77948267ms] GC(26384)   Pre Evacuate Collection Set: 0.0ms
[2023-11-10T12:12:24.635-0800][77948267ms] GC(26384)   Evacuate Collection Set: 1.7ms
[2023-11-10T12:12:24.635-0800][77948267ms] GC(26384)   Post Evacuate Collection Set: 3.1ms
[2023-11-10T12:12:24.635-0800][77948267ms] GC(26384)   Other: 0.3ms
[2023-11-10T12:12:24.635-0800][77948267ms] GC(26384) Eden regions: 148->0(148)
[2023-11-10T12:12:24.635-0800][77948267ms] GC(26384) Survivor regions: 1->1(19)
[2023-11-10T12:12:24.635-0800][77948267ms] GC(26384) Old regions: 1465->1465
[2023-11-10T12:12:24.635-0800][77948267ms] GC(26384) Humongous regions: 5->5
[2023-11-10T12:12:24.635-0800][77948267ms] GC(26384) Metaspace: 305043K->305043K(1349632K)
[2023-11-10T12:12:24.635-0800][77948267ms] GC(26384) Pause Young (Normal) (G1 Evacuation Pause) 3235M->2939M(3602M) 5.189ms
[2023-11-10T12:12:24.635-0800][77948267ms] GC(26384) User=0.00s Sys=0.00s Real=0.00s
[2023-11-10T12:12:24.905-0800][77948537ms] GC(26385) Pause Young (Normal) (G1 Evacuation Pause)
[2023-11-10T12:12:24.905-0800][77948537ms] GC(26385) Using 10 workers of 10 for evacuation
[2023-11-10T12:12:24.910-0800][77948542ms] GC(26385)   Pre Evacuate Collection Set: 0.1ms
[2023-11-10T12:12:24.910-0800][77948542ms] GC(26385)   Evacuate Collection Set: 1.6ms
[2023-11-10T12:12:24.910-0800][77948542ms] GC(26385)   Post Evacuate Collection Set: 3.2ms
[2023-11-10T12:12:24.910-0800][77948542ms] GC(26385)   Other: 0.2ms
[2023-11-10T12:12:24.910-0800][77948542ms] GC(26385) Eden regions: 148->0(148)
[2023-11-10T12:12:24.910-0800][77948542ms] GC(26385) Survivor regions: 1->1(19)
[2023-11-10T12:12:24.910-0800][77948542ms] GC(26385) Old regions: 1465->1465
[2023-11-10T12:12:24.910-0800][77948542ms] GC(26385) Humongous regions: 5->5
[2023-11-10T12:12:24.910-0800][77948542ms] GC(26385) Metaspace: 305043K->305043K(1349632K)
[2023-11-10T12:12:24.910-0800][77948542ms] GC(26385) Pause Young (Normal) (G1 Evacuation Pause) 3235M->2939M(3602M) 5.161ms
[2023-11-10T12:12:24.910-0800][77948542ms] GC(26385) User=0.00s Sys=0.00s Real=0.01s
[2023-11-10T12:12:25.177-0800][77948809ms] GC(26386) Pause Young (Normal) (G1 Evacuation Pause)
[2023-11-10T12:12:25.177-0800][77948809ms] GC(26386) Using 10 workers of 10 for evacuation
[2023-11-10T12:12:25.182-0800][77948814ms] GC(26386)   Pre Evacuate Collection Set: 0.0ms
[2023-11-10T12:12:25.182-0800][77948814ms] GC(26386)   Evacuate Collection Set: 1.6ms
[2023-11-10T12:12:25.182-0800][77948814ms] GC(26386)   Post Evacuate Collection Set: 2.9ms
[2023-11-10T12:12:25.182-0800][77948814ms] GC(26386)   Other: 0.2ms
[2023-11-10T12:12:25.182-0800][77948814ms] GC(26386) Eden regions: 148->0(148)
[2023-11-10T12:12:25.182-0800][77948814ms] GC(26386) Survivor regions: 1->1(19)
[2023-11-10T12:12:25.182-0800][77948814ms] GC(26386) Old regions: 1465->1465
[2023-11-10T12:12:25.182-0800][77948814ms] GC(26386) Humongous regions: 5->5
[2023-11-10T12:12:25.182-0800][77948814ms] GC(26386) Metaspace: 305043K->305043K(1349632K)
[2023-11-10T12:12:25.182-0800][77948814ms] GC(26386) Pause Young (Normal) (G1 Evacuation Pause) 3235M->2939M(3602M) 4.843ms
[2023-11-10T12:12:25.182-0800][77948814ms] GC(26386) User=0.05s Sys=0.00s Real=0.00s
[2023-11-10T12:12:25.458-0800][77949090ms] GC(26387) Pause Young (Normal) (G1 Evacuation Pause)
[2023-11-10T12:12:25.458-0800][77949090ms] GC(26387) Using 10 workers of 10 for evacuation
[2023-11-10T12:12:25.462-0800][77949094ms] GC(26387)   Pre Evacuate Collection Set: 0.0ms
[2023-11-10T12:12:25.463-0800][77949095ms] GC(26387)   Evacuate Collection Set: 1.6ms
[2023-11-10T12:12:25.463-0800][77949095ms] GC(26387)   Post Evacuate Collection Set: 3.0ms
[2023-11-10T12:12:25.463-0800][77949095ms] GC(26387)   Other: 0.2ms
[2023-11-10T12:12:25.463-0800][77949095ms] GC(26387) Eden regions: 148->0(148)
[2023-11-10T12:12:25.463-0800][77949095ms] GC(26387) Survivor regions: 1->1(19)
[2023-11-10T12:12:25.463-0800][77949095ms] GC(26387) Old regions: 1465->1465
[2023-11-10T12:12:25.463-0800][77949095ms] GC(26387) Humongous regions: 5->5
[2023-11-10T12:12:25.463-0800][77949095ms] GC(26387) Metaspace: 305043K->305043K(1349632K)
[2023-11-10T12:12:25.463-0800][77949095ms] GC(26387) Pause Young (Normal) (G1 Evacuation Pause) 3235M->2939M(3602M) 4.970ms
[2023-11-10T12:12:25.463-0800][77949095ms] GC(26387) User=0.00s Sys=0.00s Real=0.01s
[2023-11-10T12:12:25.759-0800][77949391ms] GC(26388) Pause Young (Normal) (G1 Evacuation Pause)
[2023-11-10T12:12:25.759-0800][77949391ms] GC(26388) Using 10 workers of 10 for evacuation
[2023-11-10T12:12:25.765-0800][77949397ms] GC(26388)   Pre Evacuate Collection Set: 0.0ms
[2023-11-10T12:12:25.765-0800][77949397ms] GC(26388)   Evacuate Collection Set: 1.8ms
[2023-11-10T12:12:25.765-0800][77949397ms] GC(26388)   Post Evacuate Collection Set: 3.4ms
[2023-11-10T12:12:25.765-0800][77949397ms] GC(26388)   Other: 0.3ms
[2023-11-10T12:12:25.765-0800][77949397ms] GC(26388) Eden regions: 148->0(148)
[2023-11-10T12:12:25.765-0800][77949397ms] GC(26388) Survivor regions: 1->1(19)
[2023-11-10T12:12:25.765-0800][77949397ms] GC(26388) Old regions: 1465->1465
[2023-11-10T12:12:25.765-0800][77949397ms] GC(26388) Humongous regions: 5->5
[2023-11-10T12:12:25.765-0800][77949397ms] GC(26388) Metaspace: 305043K->305043K(1349632K)
[2023-11-10T12:12:25.765-0800][77949397ms] GC(26388) Pause Young (Normal) (G1 Evacuation Pause) 3235M->2939M(3602M) 5.609ms
[2023-11-10T12:12:25.765-0800][77949397ms] GC(26388) User=0.00s Sys=0.00s Real=0.01s
[2023-11-10T12:12:26.088-0800][77949720ms] GC(26389) Pause Young (Normal) (G1 Evacuation Pause)
[2023-11-10T12:12:26.088-0800][77949720ms] GC(26389) Using 10 workers of 10 for evacuation
[2023-11-10T12:12:26.095-0800][77949727ms] GC(26389)   Pre Evacuate Collection Set: 0.1ms
[2023-11-10T12:12:26.095-0800][77949727ms] GC(26389)   Evacuate Collection Set: 1.9ms
[2023-11-10T12:12:26.095-0800][77949727ms] GC(26389)   Post Evacuate Collection Set: 4.7ms
[2023-11-10T12:12:26.095-0800][77949727ms] GC(26389)   Other: 0.3ms
[2023-11-10T12:12:26.095-0800][77949727ms] GC(26389) Eden regions: 148->0(148)
[2023-11-10T12:12:26.095-0800][77949727ms] GC(26389) Survivor regions: 1->1(19)
[2023-11-10T12:12:26.095-0800][77949727ms] GC(26389) Old regions: 1465->1465
[2023-11-10T12:12:26.095-0800][77949727ms] GC(26389) Humongous regions: 5->5
[2023-11-10T12:12:26.096-0800][77949728ms] GC(26389) Metaspace: 305043K->305043K(1349632K)
[2023-11-10T12:12:26.096-0800][77949728ms] GC(26389) Pause Young (Normal) (G1 Evacuation Pause) 3235M->2939M(3602M) 7.229ms
[2023-11-10T12:12:26.096-0800][77949728ms] GC(26389) User=0.00s Sys=0.00s Real=0.01s
[2023-11-10T12:12:26.479-0800][77950111ms] GC(26390) Pause Young (Normal) (G1 Evacuation Pause)
[2023-11-10T12:12:26.479-0800][77950111ms] GC(26390) Using 10 workers of 10 for evacuation
[2023-11-10T12:12:26.485-0800][77950117ms] GC(26390)   Pre Evacuate Collection Set: 0.0ms
[2023-11-10T12:12:26.485-0800][77950117ms] GC(26390)   Evacuate Collection Set: 1.6ms
[2023-11-10T12:12:26.485-0800][77950117ms] GC(26390)   Post Evacuate Collection Set: 3.3ms
[2023-11-10T12:12:26.485-0800][77950117ms] GC(26390)   Other: 0.3ms
[2023-11-10T12:12:26.485-0800][77950117ms] GC(26390) Eden regions: 148->0(148)
[2023-11-10T12:12:26.485-0800][77950117ms] GC(26390) Survivor regions: 1->1(19)
[2023-11-10T12:12:26.485-0800][77950117ms] GC(26390) Old regions: 1465->1465
[2023-11-10T12:12:26.485-0800][77950117ms] GC(26390) Humongous regions: 5->5
[2023-11-10T12:12:26.485-0800][77950117ms] GC(26390) Metaspace: 305043K->305043K(1349632K)
[2023-11-10T12:12:26.485-0800][77950117ms] GC(26390) Pause Young (Normal) (G1 Evacuation Pause) 3235M->2939M(3602M) 5.378ms
[2023-11-10T12:12:26.485-0800][77950117ms] GC(26390) User=0.00s Sys=0.00s Real=0.01s
[2023-11-10T12:12:26.787-0800][77950419ms] GC(26391) Pause Young (Normal) (G1 Evacuation Pause)
[2023-11-10T12:12:26.787-0800][77950419ms] GC(26391) Using 10 workers of 10 for evacuation
[2023-11-10T12:12:26.791-0800][77950423ms] GC(26391)   Pre Evacuate Collection Set: 0.0ms
[2023-11-10T12:12:26.791-0800][77950423ms] GC(26391)   Evacuate Collection Set: 1.6ms
[2023-11-10T12:12:26.792-0800][77950424ms] GC(26391)   Post Evacuate Collection Set: 3.1ms
[2023-11-10T12:12:26.792-0800][77950424ms] GC(26391)   Other: 0.2ms
[2023-11-10T12:12:26.792-0800][77950424ms] GC(26391) Eden regions: 148->0(148)
[2023-11-10T12:12:26.792-0800][77950424ms] GC(26391) Survivor regions: 1->1(19)
[2023-11-10T12:12:26.792-0800][77950424ms] GC(26391) Old regions: 1465->1465
[2023-11-10T12:12:26.792-0800][77950424ms] GC(26391) Humongous regions: 5->5
[2023-11-10T12:12:26.792-0800][77950424ms] GC(26391) Metaspace: 305043K->305043K(1349632K)
[2023-11-10T12:12:26.792-0800][77950424ms] GC(26391) Pause Young (Normal) (G1 Evacuation Pause) 3235M->2939M(3602M) 5.139ms
[2023-11-10T12:12:26.792-0800][77950424ms] GC(26391) User=0.06s Sys=0.00s Real=0.01s
[2023-11-10T12:12:27.090-0800][77950722ms] GC(26392) Pause Young (Normal) (G1 Evacuation Pause)
[2023-11-10T12:12:27.090-0800][77950722ms] GC(26392) Using 10 workers of 10 for evacuation
[2023-11-10T12:12:27.094-0800][77950726ms] GC(26392)   Pre Evacuate Collection Set: 0.0ms
[2023-11-10T12:12:27.094-0800][77950726ms] GC(26392)   Evacuate Collection Set: 1.6ms
[2023-11-10T12:12:27.094-0800][77950726ms] GC(26392)   Post Evacuate Collection Set: 2.9ms
[2023-11-10T12:12:27.094-0800][77950726ms] GC(26392)   Other: 0.2ms
[2023-11-10T12:12:27.094-0800][77950726ms] GC(26392) Eden regions: 148->0(148)
[2023-11-10T12:12:27.094-0800][77950726ms] GC(26392) Survivor regions: 1->1(19)
[2023-11-10T12:12:27.094-0800][77950726ms] GC(26392) Old regions: 1465->1465
[2023-11-10T12:12:27.094-0800][77950726ms] GC(26392) Humongous regions: 5->5
[2023-11-10T12:12:27.094-0800][77950726ms] GC(26392) Metaspace: 305043K->305043K(1349632K)
[2023-11-10T12:12:27.094-0800][77950726ms] GC(26392) Pause Young (Normal) (G1 Evacuation Pause) 3235M->2939M(3602M) 4.831ms
[2023-11-10T12:12:27.094-0800][77950726ms] GC(26392) User=0.00s Sys=0.00s Real=0.00s
[2023-11-10T12:12:27.414-0800][77951046ms] GC(26393) Pause Young (Normal) (G1 Evacuation Pause)
[2023-11-10T12:12:27.414-0800][77951046ms] GC(26393) Using 10 workers of 10 for evacuation
[2023-11-10T12:12:27.419-0800][77951051ms] GC(26393)   Pre Evacuate Collection Set: 0.0ms
[2023-11-10T12:12:27.419-0800][77951051ms] GC(26393)   Evacuate Collection Set: 1.6ms
[2023-11-10T12:12:27.419-0800][77951051ms] GC(26393)   Post Evacuate Collection Set: 3.0ms
[2023-11-10T12:12:27.419-0800][77951051ms] GC(26393)   Other: 0.2ms
[2023-11-10T12:12:27.419-0800][77951051ms] GC(26393) Eden regions: 148->0(148)
[2023-11-10T12:12:27.419-0800][77951051ms] GC(26393) Survivor regions: 1->1(19)
[2023-11-10T12:12:27.419-0800][77951051ms] GC(26393) Old regions: 1465->1465
[2023-11-10T12:12:27.419-0800][77951051ms] GC(26393) Humongous regions: 5->5
[2023-11-10T12:12:27.419-0800][77951051ms] GC(26393) Metaspace: 305043K->305043K(1349632K)
[2023-11-10T12:12:27.419-0800][77951051ms] GC(26393) Pause Young (Normal) (G1 Evacuation Pause) 3235M->2939M(3602M) 4.993ms
[2023-11-10T12:12:27.419-0800][77951051ms] GC(26393) User=0.00s Sys=0.00s Real=0.00s
[2023-11-10T12:12:27.694-0800][77951326ms] GC(26394) Pause Young (Normal) (G1 Evacuation Pause)
[2023-11-10T12:12:27.694-0800][77951326ms] GC(26394) Using 10 workers of 10 for evacuation
[2023-11-10T12:12:27.699-0800][77951331ms] GC(26394)   Pre Evacuate Collection Set: 0.0ms
[2023-11-10T12:12:27.699-0800][77951331ms] GC(26394)   Evacuate Collection Set: 1.6ms
[2023-11-10T12:12:27.699-0800][77951331ms] GC(26394)   Post Evacuate Collection Set: 3.1ms
[2023-11-10T12:12:27.699-0800][77951331ms] GC(26394)   Other: 0.2ms
[2023-11-10T12:12:27.699-0800][77951331ms] GC(26394) Eden regions: 148->0(148)
[2023-11-10T12:12:27.699-0800][77951331ms] GC(26394) Survivor regions: 1->1(19)
[2023-11-10T12:12:27.699-0800][77951331ms] GC(26394) Old regions: 1465->1465
[2023-11-10T12:12:27.699-0800][77951331ms] GC(26394) Humongous regions: 5->5
[2023-11-10T12:12:27.699-0800][77951331ms] GC(26394) Metaspace: 305043K->305043K(1349632K)
[2023-11-10T12:12:27.699-0800][77951331ms] GC(26394) Pause Young (Normal) (G1 Evacuation Pause) 3235M->2939M(3602M) 5.096ms
[2023-11-10T12:12:27.699-0800][77951331ms] GC(26394) User=0.00s Sys=0.00s Real=0.00s
[2023-11-10T12:12:27.956-0800][77951588ms] GC(26395) Pause Young (Normal) (G1 Evacuation Pause)
[2023-11-10T12:12:27.956-0800][77951588ms] GC(26395) Using 10 workers of 10 for evacuation
[2023-11-10T12:12:27.960-0800][77951592ms] GC(26395)   Pre Evacuate Collection Set: 0.0ms
[2023-11-10T12:12:27.960-0800][77951592ms] GC(26395)   Evacuate Collection Set: 1.6ms
[2023-11-10T12:12:27.960-0800][77951592ms] GC(26395)   Post Evacuate Collection Set: 3.0ms
[2023-11-10T12:12:27.960-0800][77951592ms] GC(26395)   Other: 0.3ms
[2023-11-10T12:12:27.960-0800][77951592ms] GC(26395) Eden regions: 148->0(148)
[2023-11-10T12:12:27.960-0800][77951592ms] GC(26395) Survivor regions: 1->1(19)
[2023-11-10T12:12:27.960-0800][77951592ms] GC(26395) Old regions: 1465->1465
[2023-11-10T12:12:27.960-0800][77951592ms] GC(26395) Humongous regions: 5->5
[2023-11-10T12:12:27.960-0800][77951592ms] GC(26395) Metaspace: 305043K->305043K(1349632K)
[2023-11-10T12:12:27.960-0800][77951592ms] GC(26395) Pause Young (Normal) (G1 Evacuation Pause) 3235M->2939M(3602M) 5.037ms
[2023-11-10T12:12:27.960-0800][77951592ms] GC(26395) User=0.00s Sys=0.00s Real=0.00s
[2023-11-10T12:12:28.237-0800][77951869ms] GC(26396) Pause Young (Normal) (G1 Evacuation Pause)
[2023-11-10T12:12:28.237-0800][77951869ms] GC(26396) Using 10 workers of 10 for evacuation
[2023-11-10T12:12:28.243-0800][77951875ms] GC(26396)   Pre Evacuate Collection Set: 0.0ms
[2023-11-10T12:12:28.243-0800][77951875ms] GC(26396)   Evacuate Collection Set: 2.0ms
[2023-11-10T12:12:28.243-0800][77951875ms] GC(26396)   Post Evacuate Collection Set: 3.5ms
[2023-11-10T12:12:28.243-0800][77951875ms] GC(26396)   Other: 0.3ms
[2023-11-10T12:12:28.243-0800][77951875ms] GC(26396) Eden regions: 148->0(148)
[2023-11-10T12:12:28.243-0800][77951875ms] GC(26396) Survivor regions: 1->1(19)
[2023-11-10T12:12:28.243-0800][77951875ms] GC(26396) Old regions: 1465->1465
[2023-11-10T12:12:28.243-0800][77951875ms] GC(26396) Humongous regions: 5->5
[2023-11-10T12:12:28.243-0800][77951875ms] GC(26396) Metaspace: 305043K->305043K(1349632K)
[2023-11-10T12:12:28.243-0800][77951875ms] GC(26396) Pause Young (Normal) (G1 Evacuation Pause) 3235M->2939M(3602M) 5.896ms
[2023-11-10T12:12:28.243-0800][77951875ms] GC(26396) User=0.02s Sys=0.00s Real=0.01s
[2023-11-10T12:12:28.575-0800][77952207ms] GC(26397) Pause Young (Normal) (G1 Evacuation Pause)
[2023-11-10T12:12:28.575-0800][77952207ms] GC(26397) Using 10 workers of 10 for evacuation
[2023-11-10T12:12:28.583-0800][77952215ms] GC(26397)   Pre Evacuate Collection Set: 0.1ms
[2023-11-10T12:12:28.583-0800][77952215ms] GC(26397)   Evacuate Collection Set: 2.2ms
[2023-11-10T12:12:28.583-0800][77952215ms] GC(26397)   Post Evacuate Collection Set: 5.1ms
[2023-11-10T12:12:28.583-0800][77952215ms] GC(26397)   Other: 0.4ms
[2023-11-10T12:12:28.583-0800][77952215ms] GC(26397) Eden regions: 148->0(148)
[2023-11-10T12:12:28.583-0800][77952215ms] GC(26397) Survivor regions: 1->1(19)
[2023-11-10T12:12:28.583-0800][77952215ms] GC(26397) Old regions: 1465->1465
[2023-11-10T12:12:28.583-0800][77952215ms] GC(26397) Humongous regions: 5->5
[2023-11-10T12:12:28.583-0800][77952215ms] GC(26397) Metaspace: 305043K->305043K(1349632K)
[2023-11-10T12:12:28.583-0800][77952215ms] GC(26397) Pause Young (Normal) (G1 Evacuation Pause) 3235M->2939M(3602M) 7.893ms
[2023-11-10T12:12:28.583-0800][77952215ms] GC(26397) User=0.00s Sys=0.00s Real=0.01s
[2023-11-10T12:12:28.893-0800][77952525ms] GC(26398) Pause Young (Normal) (G1 Evacuation Pause)
[2023-11-10T12:12:28.893-0800][77952525ms] GC(26398) Using 10 workers of 10 for evacuation
[2023-11-10T12:12:28.898-0800][77952530ms] GC(26398)   Pre Evacuate Collection Set: 0.0ms
[2023-11-10T12:12:28.898-0800][77952530ms] GC(26398)   Evacuate Collection Set: 1.6ms
[2023-11-10T12:12:28.898-0800][77952530ms] GC(26398)   Post Evacuate Collection Set: 2.9ms
[2023-11-10T12:12:28.898-0800][77952530ms] GC(26398)   Other: 0.2ms
[2023-11-10T12:12:28.898-0800][77952530ms] GC(26398) Eden regions: 148->0(148)
[2023-11-10T12:12:28.898-0800][77952530ms] GC(26398) Survivor regions: 1->1(19)
[2023-11-10T12:12:28.898-0800][77952530ms] GC(26398) Old regions: 1465->1465
[2023-11-10T12:12:28.898-0800][77952530ms] GC(26398) Humongous regions: 5->5
[2023-11-10T12:12:28.898-0800][77952530ms] GC(26398) Metaspace: 305043K->305043K(1349632K)
[2023-11-10T12:12:28.898-0800][77952530ms] GC(26398) Pause Young (Normal) (G1 Evacuation Pause) 3235M->2939M(3602M) 4.886ms
[2023-11-10T12:12:28.898-0800][77952530ms] GC(26398) User=0.02s Sys=0.00s Real=0.01s
[2023-11-10T12:12:29.171-0800][77952803ms] GC(26399) Pause Young (Normal) (G1 Evacuation Pause)
[2023-11-10T12:12:29.171-0800][77952803ms] GC(26399) Using 10 workers of 10 for evacuation
[2023-11-10T12:12:29.178-0800][77952810ms] GC(26399)   Pre Evacuate Collection Set: 0.0ms
[2023-11-10T12:12:29.178-0800][77952810ms] GC(26399)   Evacuate Collection Set: 2.1ms
[2023-11-10T12:12:29.178-0800][77952810ms] GC(26399)   Post Evacuate Collection Set: 3.5ms
[2023-11-10T12:12:29.178-0800][77952810ms] GC(26399)   Other: 0.3ms
[2023-11-10T12:12:29.178-0800][77952810ms] GC(26399) Eden regions: 148->0(148)
[2023-11-10T12:12:29.178-0800][77952810ms] GC(26399) Survivor regions: 1->1(19)
[2023-11-10T12:12:29.178-0800][77952810ms] GC(26399) Old regions: 1465->1465
[2023-11-10T12:12:29.178-0800][77952810ms] GC(26399) Humongous regions: 5->5
[2023-11-10T12:12:29.178-0800][77952810ms] GC(26399) Metaspace: 305043K->305043K(1349632K)
[2023-11-10T12:12:29.178-0800][77952810ms] GC(26399) Pause Young (Normal) (G1 Evacuation Pause) 3235M->2939M(3602M) 6.057ms
[2023-11-10T12:12:29.178-0800][77952810ms] GC(26399) User=0.00s Sys=0.00s Real=0.01s
[2023-11-10T12:12:29.461-0800][77953093ms] GC(26400) Pause Young (Normal) (G1 Evacuation Pause)
[2023-11-10T12:12:29.461-0800][77953093ms] GC(26400) Using 10 workers of 10 for evacuation
[2023-11-10T12:12:29.467-0800][77953099ms] GC(26400)   Pre Evacuate Collection Set: 0.0ms
[2023-11-10T12:12:29.467-0800][77953099ms] GC(26400)   Evacuate Collection Set: 1.7ms
[2023-11-10T12:12:29.467-0800][77953099ms] GC(26400)   Post Evacuate Collection Set: 3.1ms
[2023-11-10T12:12:29.467-0800][77953099ms] GC(26400)   Other: 0.3ms
[2023-11-10T12:12:29.467-0800][77953099ms] GC(26400) Eden regions: 148->0(148)
[2023-11-10T12:12:29.467-0800][77953099ms] GC(26400) Survivor regions: 1->1(19)
[2023-11-10T12:12:29.467-0800][77953099ms] GC(26400) Old regions: 1465->1465
[2023-11-10T12:12:29.467-0800][77953099ms] GC(26400) Humongous regions: 5->5
[2023-11-10T12:12:29.467-0800][77953099ms] GC(26400) Metaspace: 305043K->305043K(1349632K)
[2023-11-10T12:12:29.467-0800][77953099ms] GC(26400) Pause Young (Normal) (G1 Evacuation Pause) 3235M->2939M(3602M) 5.142ms
[2023-11-10T12:12:29.467-0800][77953099ms] GC(26400) User=0.00s Sys=0.00s Real=0.01s
[2023-11-10T12:12:29.757-0800][77953389ms] GC(26401) Pause Young (Normal) (G1 Evacuation Pause)
[2023-11-10T12:12:29.757-0800][77953389ms] GC(26401) Using 10 workers of 10 for evacuation
[2023-11-10T12:12:29.762-0800][77953394ms] GC(26401)   Pre Evacuate Collection Set: 0.0ms
[2023-11-10T12:12:29.762-0800][77953394ms] GC(26401)   Evacuate Collection Set: 1.6ms
[2023-11-10T12:12:29.762-0800][77953394ms] GC(26401)   Post Evacuate Collection Set: 3.0ms
[2023-11-10T12:12:29.762-0800][77953394ms] GC(26401)   Other: 0.2ms
[2023-11-10T12:12:29.762-0800][77953394ms] GC(26401) Eden regions: 148->0(148)
[2023-11-10T12:12:29.762-0800][77953394ms] GC(26401) Survivor regions: 1->1(19)
[2023-11-10T12:12:29.762-0800][77953394ms] GC(26401) Old regions: 1465->1465
[2023-11-10T12:12:29.762-0800][77953394ms] GC(26401) Humongous regions: 5->5
[2023-11-10T12:12:29.762-0800][77953394ms] GC(26401) Metaspace: 305043K->305043K(1349632K)
[2023-11-10T12:12:29.762-0800][77953394ms] GC(26401) Pause Young (Normal) (G1 Evacuation Pause) 3235M->2939M(3602M) 4.939ms
[2023-11-10T12:12:29.762-0800][77953394ms] GC(26401) User=0.00s Sys=0.00s Real=0.01s
[2023-11-10T12:12:30.015-0800][77953647ms] GC(26402) Pause Young (Normal) (G1 Evacuation Pause)
[2023-11-10T12:12:30.015-0800][77953647ms] GC(26402) Using 10 workers of 10 for evacuation
[2023-11-10T12:12:30.021-0800][77953653ms] GC(26402)   Pre Evacuate Collection Set: 0.0ms
[2023-11-10T12:12:30.021-0800][77953653ms] GC(26402)   Evacuate Collection Set: 1.7ms
[2023-11-10T12:12:30.021-0800][77953653ms] GC(26402)   Post Evacuate Collection Set: 3.0ms
[2023-11-10T12:12:30.021-0800][77953653ms] GC(26402)   Other: 0.2ms
[2023-11-10T12:12:30.021-0800][77953653ms] GC(26402) Eden regions: 148->0(148)
[2023-11-10T12:12:30.021-0800][77953653ms] GC(26402) Survivor regions: 1->1(19)
[2023-11-10T12:12:30.021-0800][77953653ms] GC(26402) Old regions: 1465->1465
[2023-11-10T12:12:30.021-0800][77953653ms] GC(26402) Humongous regions: 5->5
[2023-11-10T12:12:30.021-0800][77953653ms] GC(26402) Metaspace: 305043K->305043K(1349632K)
[2023-11-10T12:12:30.021-0800][77953653ms] GC(26402) Pause Young (Normal) (G1 Evacuation Pause) 3235M->2939M(3602M) 5.063ms
[2023-11-10T12:12:30.021-0800][77953653ms] GC(26402) User=0.00s Sys=0.00s Real=0.01s
[2023-11-10T12:12:30.298-0800][77953930ms] GC(26403) Pause Young (Normal) (G1 Evacuation Pause)
[2023-11-10T12:12:30.298-0800][77953930ms] GC(26403) Using 10 workers of 10 for evacuation
[2023-11-10T12:12:30.302-0800][77953934ms] GC(26403)   Pre Evacuate Collection Set: 0.0ms
[2023-11-10T12:12:30.302-0800][77953934ms] GC(26403)   Evacuate Collection Set: 1.5ms
[2023-11-10T12:12:30.303-0800][77953935ms] GC(26403)   Post Evacuate Collection Set: 3.1ms
[2023-11-10T12:12:30.303-0800][77953935ms] GC(26403)   Other: 0.2ms
[2023-11-10T12:12:30.303-0800][77953935ms] GC(26403) Eden regions: 148->0(148)
[2023-11-10T12:12:30.303-0800][77953935ms] GC(26403) Survivor regions: 1->1(19)
[2023-11-10T12:12:30.303-0800][77953935ms] GC(26403) Old regions: 1465->1465
[2023-11-10T12:12:30.303-0800][77953935ms] GC(26403) Humongous regions: 5->5
[2023-11-10T12:12:30.303-0800][77953935ms] GC(26403) Metaspace: 305043K->305043K(1349632K)
[2023-11-10T12:12:30.303-0800][77953935ms] GC(26403) Pause Young (Normal) (G1 Evacuation Pause) 3235M->2939M(3602M) 5.027ms
[2023-11-10T12:12:30.303-0800][77953935ms] GC(26403) User=0.00s Sys=0.00s Real=0.00s
[2023-11-10T12:12:30.574-0800][77954206ms] GC(26404) Pause Young (Normal) (G1 Evacuation Pause)
[2023-11-10T12:12:30.574-0800][77954206ms] GC(26404) Using 10 workers of 10 for evacuation
[2023-11-10T12:12:30.578-0800][77954210ms] GC(26404)   Pre Evacuate Collection Set: 0.0ms
[2023-11-10T12:12:30.579-0800][77954211ms] GC(26404)   Evacuate Collection Set: 1.5ms
[2023-11-10T12:12:30.579-0800][77954211ms] GC(26404)   Post Evacuate Collection Set: 3.2ms
[2023-11-10T12:12:30.579-0800][77954211ms] GC(26404)   Other: 0.3ms
[2023-11-10T12:12:30.579-0800][77954211ms] GC(26404) Eden regions: 148->0(148)
[2023-11-10T12:12:30.579-0800][77954211ms] GC(26404) Survivor regions: 1->1(19)
[2023-11-10T12:12:30.579-0800][77954211ms] GC(26404) Old regions: 1465->1465
[2023-11-10T12:12:30.579-0800][77954211ms] GC(26404) Humongous regions: 5->5
[2023-11-10T12:12:30.579-0800][77954211ms] GC(26404) Metaspace: 305043K->305043K(1349632K)
[2023-11-10T12:12:30.579-0800][77954211ms] GC(26404) Pause Young (Normal) (G1 Evacuation Pause) 3235M->2940M(3602M) 5.102ms
[2023-11-10T12:12:30.579-0800][77954211ms] GC(26404) User=0.00s Sys=0.00s Real=0.01s
[2023-11-10T12:12:30.847-0800][77954479ms] GC(26405) Pause Young (Normal) (G1 Evacuation Pause)
[2023-11-10T12:12:30.848-0800][77954480ms] GC(26405) Using 10 workers of 10 for evacuation
[2023-11-10T12:12:30.852-0800][77954484ms] GC(26405)   Pre Evacuate Collection Set: 0.1ms
[2023-11-10T12:12:30.852-0800][77954484ms] GC(26405)   Evacuate Collection Set: 1.6ms
[2023-11-10T12:12:30.852-0800][77954484ms] GC(26405)   Post Evacuate Collection Set: 3.0ms
[2023-11-10T12:12:30.852-0800][77954484ms] GC(26405)   Other: 0.2ms
[2023-11-10T12:12:30.852-0800][77954484ms] GC(26405) Eden regions: 148->0(148)
[2023-11-10T12:12:30.852-0800][77954484ms] GC(26405) Survivor regions: 1->1(19)
[2023-11-10T12:12:30.852-0800][77954484ms] GC(26405) Old regions: 1465->1465
[2023-11-10T12:12:30.852-0800][77954484ms] GC(26405) Humongous regions: 5->5
[2023-11-10T12:12:30.852-0800][77954484ms] GC(26405) Metaspace: 305043K->305043K(1349632K)
[2023-11-10T12:12:30.852-0800][77954484ms] GC(26405) Pause Young (Normal) (G1 Evacuation Pause) 3236M->2939M(3602M) 4.911ms
[2023-11-10T12:12:30.852-0800][77954484ms] GC(26405) User=0.00s Sys=0.00s Real=0.01s
[2023-11-10T12:12:31.102-0800][77954734ms] GC(26406) Pause Young (Normal) (G1 Evacuation Pause)
[2023-11-10T12:12:31.103-0800][77954735ms] GC(26406) Using 10 workers of 10 for evacuation
[2023-11-10T12:12:31.108-0800][77954740ms] GC(26406)   Pre Evacuate Collection Set: 0.0ms
[2023-11-10T12:12:31.108-0800][77954740ms] GC(26406)   Evacuate Collection Set: 1.7ms
[2023-11-10T12:12:31.108-0800][77954740ms] GC(26406)   Post Evacuate Collection Set: 3.0ms
[2023-11-10T12:12:31.108-0800][77954740ms] GC(26406)   Other: 0.2ms
[2023-11-10T12:12:31.108-0800][77954740ms] GC(26406) Eden regions: 148->0(148)
[2023-11-10T12:12:31.108-0800][77954740ms] GC(26406) Survivor regions: 1->1(19)
[2023-11-10T12:12:31.108-0800][77954740ms] GC(26406) Old regions: 1465->1465
[2023-11-10T12:12:31.108-0800][77954740ms] GC(26406) Humongous regions: 5->5
[2023-11-10T12:12:31.108-0800][77954740ms] GC(26406) Metaspace: 305043K->305043K(1349632K)
[2023-11-10T12:12:31.108-0800][77954740ms] GC(26406) Pause Young (Normal) (G1 Evacuation Pause) 3235M->2939M(3602M) 5.064ms
[2023-11-10T12:12:31.108-0800][77954740ms] GC(26406) User=0.00s Sys=0.00s Real=0.01s
[2023-11-10T12:12:31.388-0800][77955020ms] GC(26407) Pause Young (Normal) (G1 Evacuation Pause)
[2023-11-10T12:12:31.388-0800][77955020ms] GC(26407) Using 10 workers of 10 for evacuation
[2023-11-10T12:12:31.394-0800][77955026ms] GC(26407)   Pre Evacuate Collection Set: 0.0ms
[2023-11-10T12:12:31.394-0800][77955026ms] GC(26407)   Evacuate Collection Set: 1.8ms
[2023-11-10T12:12:31.394-0800][77955026ms] GC(26407)   Post Evacuate Collection Set: 3.7ms
[2023-11-10T12:12:31.394-0800][77955026ms] GC(26407)   Other: 0.3ms
[2023-11-10T12:12:31.394-0800][77955026ms] GC(26407) Eden regions: 148->0(148)
[2023-11-10T12:12:31.394-0800][77955026ms] GC(26407) Survivor regions: 1->1(19)
[2023-11-10T12:12:31.394-0800][77955026ms] GC(26407) Old regions: 1465->1465
[2023-11-10T12:12:31.394-0800][77955026ms] GC(26407) Humongous regions: 5->5
[2023-11-10T12:12:31.394-0800][77955026ms] GC(26407) Metaspace: 305043K->305043K(1349632K)
[2023-11-10T12:12:31.394-0800][77955026ms] GC(26407) Pause Young (Normal) (G1 Evacuation Pause) 3235M->2939M(3602M) 5.978ms
[2023-11-10T12:12:31.394-0800][77955026ms] GC(26407) User=0.00s Sys=0.00s Real=0.01s
[2023-11-10T12:12:31.645-0800][77955277ms] GC(26408) Pause Young (Normal) (G1 Evacuation Pause)
[2023-11-10T12:12:31.645-0800][77955277ms] GC(26408) Using 10 workers of 10 for evacuation
[2023-11-10T12:12:31.650-0800][77955282ms] GC(26408)   Pre Evacuate Collection Set: 0.0ms
[2023-11-10T12:12:31.650-0800][77955282ms] GC(26408)   Evacuate Collection Set: 1.7ms
[2023-11-10T12:12:31.650-0800][77955282ms] GC(26408)   Post Evacuate Collection Set: 3.6ms
[2023-11-10T12:12:31.650-0800][77955282ms] GC(26408)   Other: 0.3ms
[2023-11-10T12:12:31.650-0800][77955282ms] GC(26408) Eden regions: 148->0(148)
[2023-11-10T12:12:31.650-0800][77955282ms] GC(26408) Survivor regions: 1->1(19)
[2023-11-10T12:12:31.650-0800][77955282ms] GC(26408) Old regions: 1465->1465
[2023-11-10T12:12:31.650-0800][77955282ms] GC(26408) Humongous regions: 5->5
[2023-11-10T12:12:31.650-0800][77955282ms] GC(26408) Metaspace: 305043K->305043K(1349632K)
[2023-11-10T12:12:31.650-0800][77955282ms] GC(26408) Pause Young (Normal) (G1 Evacuation Pause) 3235M->2940M(3602M) 5.654ms
[2023-11-10T12:12:31.650-0800][77955282ms] GC(26408) User=0.02s Sys=0.00s Real=0.01s
[2023-11-10T12:12:31.942-0800][77955574ms] GC(26409) Pause Young (Normal) (G1 Evacuation Pause)
[2023-11-10T12:12:31.942-0800][77955574ms] GC(26409) Using 10 workers of 10 for evacuation
[2023-11-10T12:12:31.946-0800][77955578ms] GC(26409)   Pre Evacuate Collection Set: 0.0ms
[2023-11-10T12:12:31.946-0800][77955578ms] GC(26409)   Evacuate Collection Set: 1.6ms
[2023-11-10T12:12:31.946-0800][77955578ms] GC(26409)   Post Evacuate Collection Set: 3.1ms
[2023-11-10T12:12:31.946-0800][77955578ms] GC(26409)   Other: 0.2ms
[2023-11-10T12:12:31.946-0800][77955578ms] GC(26409) Eden regions: 148->0(148)
[2023-11-10T12:12:31.946-0800][77955578ms] GC(26409) Survivor regions: 1->1(19)
[2023-11-10T12:12:31.946-0800][77955578ms] GC(26409) Old regions: 1465->1465
[2023-11-10T12:12:31.946-0800][77955578ms] GC(26409) Humongous regions: 5->5
[2023-11-10T12:12:31.946-0800][77955578ms] GC(26409) Metaspace: 305043K->305043K(1349632K)
[2023-11-10T12:12:31.946-0800][77955578ms] GC(26409) Pause Young (Normal) (G1 Evacuation Pause) 3236M->2939M(3602M) 5.071ms
[2023-11-10T12:12:31.946-0800][77955578ms] GC(26409) User=0.00s Sys=0.00s Real=0.00s
[2023-11-10T12:12:32.203-0800][77955835ms] GC(26410) Pause Young (Normal) (G1 Evacuation Pause)
[2023-11-10T12:12:32.203-0800][77955835ms] GC(26410) Using 10 workers of 10 for evacuation
[2023-11-10T12:12:32.207-0800][77955839ms] GC(26410)   Pre Evacuate Collection Set: 0.0ms
[2023-11-10T12:12:32.207-0800][77955839ms] GC(26410)   Evacuate Collection Set: 1.6ms
[2023-11-10T12:12:32.207-0800][77955839ms] GC(26410)   Post Evacuate Collection Set: 2.9ms
[2023-11-10T12:12:32.207-0800][77955839ms] GC(26410)   Other: 0.2ms
[2023-11-10T12:12:32.207-0800][77955839ms] GC(26410) Eden regions: 148->0(148)
[2023-11-10T12:12:32.207-0800][77955839ms] GC(26410) Survivor regions: 1->1(19)
[2023-11-10T12:12:32.207-0800][77955839ms] GC(26410) Old regions: 1465->1465
[2023-11-10T12:12:32.207-0800][77955839ms] GC(26410) Humongous regions: 5->5
[2023-11-10T12:12:32.207-0800][77955839ms] GC(26410) Metaspace: 305043K->305043K(1349632K)
[2023-11-10T12:12:32.207-0800][77955839ms] GC(26410) Pause Young (Normal) (G1 Evacuation Pause) 3235M->2939M(3602M) 4.983ms
[2023-11-10T12:12:32.207-0800][77955839ms] GC(26410) User=0.00s Sys=0.00s Real=0.00s
[2023-11-10T12:12:32.482-0800][77956114ms] GC(26411) Pause Young (Normal) (G1 Evacuation Pause)
[2023-11-10T12:12:32.482-0800][77956114ms] GC(26411) Using 10 workers of 10 for evacuation
[2023-11-10T12:12:32.487-0800][77956119ms] GC(26411)   Pre Evacuate Collection Set: 0.0ms
[2023-11-10T12:12:32.487-0800][77956119ms] GC(26411)   Evacuate Collection Set: 1.7ms
[2023-11-10T12:12:32.487-0800][77956119ms] GC(26411)   Post Evacuate Collection Set: 3.0ms
[2023-11-10T12:12:32.487-0800][77956119ms] GC(26411)   Other: 0.3ms
[2023-11-10T12:12:32.487-0800][77956119ms] GC(26411) Eden regions: 148->0(148)
[2023-11-10T12:12:32.487-0800][77956119ms] GC(26411) Survivor regions: 1->1(19)
[2023-11-10T12:12:32.487-0800][77956119ms] GC(26411) Old regions: 1465->1465
[2023-11-10T12:12:32.487-0800][77956119ms] GC(26411) Humongous regions: 5->5
[2023-11-10T12:12:32.487-0800][77956119ms] GC(26411) Metaspace: 305043K->305043K(1349632K)
[2023-11-10T12:12:32.487-0800][77956119ms] GC(26411) Pause Young (Normal) (G1 Evacuation Pause) 3235M->2939M(3602M) 5.126ms
[2023-11-10T12:12:32.487-0800][77956119ms] GC(26411) User=0.00s Sys=0.00s Real=0.00s
[2023-11-10T12:12:32.748-0800][77956380ms] GC(26412) Pause Young (Normal) (G1 Evacuation Pause)
[2023-11-10T12:12:32.748-0800][77956380ms] GC(26412) Using 10 workers of 10 for evacuation
[2023-11-10T12:12:32.753-0800][77956385ms] GC(26412)   Pre Evacuate Collection Set: 0.0ms
[2023-11-10T12:12:32.753-0800][77956385ms] GC(26412)   Evacuate Collection Set: 1.6ms
[2023-11-10T12:12:32.753-0800][77956385ms] GC(26412)   Post Evacuate Collection Set: 3.1ms
[2023-11-10T12:12:32.753-0800][77956385ms] GC(26412)   Other: 0.3ms
[2023-11-10T12:12:32.753-0800][77956385ms] GC(26412) Eden regions: 148->0(148)
[2023-11-10T12:12:32.753-0800][77956385ms] GC(26412) Survivor regions: 1->1(19)
[2023-11-10T12:12:32.753-0800][77956385ms] GC(26412) Old regions: 1465->1465
[2023-11-10T12:12:32.753-0800][77956385ms] GC(26412) Humongous regions: 5->5
[2023-11-10T12:12:32.753-0800][77956385ms] GC(26412) Metaspace: 305043K->305043K(1349632K)
[2023-11-10T12:12:32.753-0800][77956385ms] GC(26412) Pause Young (Normal) (G1 Evacuation Pause) 3235M->2939M(3602M) 5.039ms
[2023-11-10T12:12:32.753-0800][77956385ms] GC(26412) User=0.00s Sys=0.00s Real=0.01s
[2023-11-10T12:12:33.011-0800][77956643ms] GC(26413) Pause Young (Normal) (G1 Evacuation Pause)
[2023-11-10T12:12:33.012-0800][77956644ms] GC(26413) Using 10 workers of 10 for evacuation
[2023-11-10T12:12:33.017-0800][77956649ms] GC(26413)   Pre Evacuate Collection Set: 0.0ms
[2023-11-10T12:12:33.017-0800][77956649ms] GC(26413)   Evacuate Collection Set: 1.6ms
[2023-11-10T12:12:33.017-0800][77956649ms] GC(26413)   Post Evacuate Collection Set: 3.2ms
[2023-11-10T12:12:33.017-0800][77956649ms] GC(26413)   Other: 0.2ms
[2023-11-10T12:12:33.017-0800][77956649ms] GC(26413) Eden regions: 148->0(148)
[2023-11-10T12:12:33.017-0800][77956649ms] GC(26413) Survivor regions: 1->1(19)
[2023-11-10T12:12:33.017-0800][77956649ms] GC(26413) Old regions: 1465->1465
[2023-11-10T12:12:33.017-0800][77956649ms] GC(26413) Humongous regions: 5->5
[2023-11-10T12:12:33.017-0800][77956649ms] GC(26413) Metaspace: 305043K->305043K(1349632K)
[2023-11-10T12:12:33.017-0800][77956649ms] GC(26413) Pause Young (Normal) (G1 Evacuation Pause) 3235M->2939M(3602M) 5.177ms
[2023-11-10T12:12:33.017-0800][77956649ms] GC(26413) User=0.00s Sys=0.00s Real=0.01s
[2023-11-10T12:12:33.274-0800][77956906ms] GC(26414) Pause Young (Normal) (G1 Evacuation Pause)
[2023-11-10T12:12:33.274-0800][77956906ms] GC(26414) Using 10 workers of 10 for evacuation
[2023-11-10T12:12:33.279-0800][77956911ms] GC(26414)   Pre Evacuate Collection Set: 0.0ms
[2023-11-10T12:12:33.279-0800][77956911ms] GC(26414)   Evacuate Collection Set: 1.6ms
[2023-11-10T12:12:33.280-0800][77956912ms] GC(26414)   Post Evacuate Collection Set: 3.0ms
[2023-11-10T12:12:33.280-0800][77956912ms] GC(26414)   Other: 0.2ms
[2023-11-10T12:12:33.280-0800][77956912ms] GC(26414) Eden regions: 148->0(148)
[2023-11-10T12:12:33.280-0800][77956912ms] GC(26414) Survivor regions: 1->1(19)
[2023-11-10T12:12:33.280-0800][77956912ms] GC(26414) Old regions: 1465->1465
[2023-11-10T12:12:33.280-0800][77956912ms] GC(26414) Humongous regions: 5->5
[2023-11-10T12:12:33.280-0800][77956912ms] GC(26414) Metaspace: 305043K->305043K(1349632K)
[2023-11-10T12:12:33.280-0800][77956912ms] GC(26414) Pause Young (Normal) (G1 Evacuation Pause) 3235M->2939M(3602M) 5.066ms
[2023-11-10T12:12:33.280-0800][77956912ms] GC(26414) User=0.00s Sys=0.00s Real=0.01s
[2023-11-10T12:12:33.552-0800][77957184ms] GC(26415) Pause Young (Normal) (G1 Evacuation Pause)
[2023-11-10T12:12:33.552-0800][77957184ms] GC(26415) Using 10 workers of 10 for evacuation
[2023-11-10T12:12:33.557-0800][77957189ms] GC(26415)   Pre Evacuate Collection Set: 0.1ms
[2023-11-10T12:12:33.557-0800][77957189ms] GC(26415)   Evacuate Collection Set: 1.8ms
[2023-11-10T12:12:33.557-0800][77957189ms] GC(26415)   Post Evacuate Collection Set: 3.1ms
[2023-11-10T12:12:33.557-0800][77957189ms] GC(26415)   Other: 0.3ms
[2023-11-10T12:12:33.557-0800][77957189ms] GC(26415) Eden regions: 148->0(148)
[2023-11-10T12:12:33.557-0800][77957189ms] GC(26415) Survivor regions: 1->1(19)
[2023-11-10T12:12:33.557-0800][77957189ms] GC(26415) Old regions: 1465->1465
[2023-11-10T12:12:33.557-0800][77957189ms] GC(26415) Humongous regions: 5->5
[2023-11-10T12:12:33.557-0800][77957189ms] GC(26415) Metaspace: 305043K->305043K(1349632K)
[2023-11-10T12:12:33.557-0800][77957189ms] GC(26415) Pause Young (Normal) (G1 Evacuation Pause) 3235M->2940M(3602M) 5.334ms
[2023-11-10T12:12:33.558-0800][77957190ms] GC(26415) User=0.02s Sys=0.00s Real=0.01s
[2023-11-10T12:12:33.815-0800][77957447ms] GC(26416) Pause Young (Normal) (G1 Evacuation Pause)
[2023-11-10T12:12:33.815-0800][77957447ms] GC(26416) Using 10 workers of 10 for evacuation
[2023-11-10T12:12:33.819-0800][77957451ms] GC(26416)   Pre Evacuate Collection Set: 0.0ms
[2023-11-10T12:12:33.819-0800][77957451ms] GC(26416)   Evacuate Collection Set: 1.7ms
[2023-11-10T12:12:33.819-0800][77957451ms] GC(26416)   Post Evacuate Collection Set: 3.0ms
[2023-11-10T12:12:33.819-0800][77957451ms] GC(26416)   Other: 0.2ms
[2023-11-10T12:12:33.819-0800][77957451ms] GC(26416) Eden regions: 148->0(148)
[2023-11-10T12:12:33.819-0800][77957451ms] GC(26416) Survivor regions: 1->1(19)
[2023-11-10T12:12:33.819-0800][77957451ms] GC(26416) Old regions: 1465->1465
[2023-11-10T12:12:33.819-0800][77957451ms] GC(26416) Humongous regions: 5->5
[2023-11-10T12:12:33.819-0800][77957451ms] GC(26416) Metaspace: 305043K->305043K(1349632K)
[2023-11-10T12:12:33.819-0800][77957451ms] GC(26416) Pause Young (Normal) (G1 Evacuation Pause) 3236M->2939M(3602M) 5.033ms
[2023-11-10T12:12:33.819-0800][77957451ms] GC(26416) User=0.00s Sys=0.00s Real=0.00s
[2023-11-10T12:12:34.069-0800][77957701ms] GC(26417) Pause Young (Normal) (G1 Evacuation Pause)
[2023-11-10T12:12:34.069-0800][77957701ms] GC(26417) Using 10 workers of 10 for evacuation
[2023-11-10T12:12:34.074-0800][77957706ms] GC(26417)   Pre Evacuate Collection Set: 0.0ms
[2023-11-10T12:12:34.074-0800][77957706ms] GC(26417)   Evacuate Collection Set: 1.6ms
[2023-11-10T12:12:34.074-0800][77957706ms] GC(26417)   Post Evacuate Collection Set: 3.2ms
[2023-11-10T12:12:34.074-0800][77957706ms] GC(26417)   Other: 0.3ms
[2023-11-10T12:12:34.074-0800][77957706ms] GC(26417) Eden regions: 148->0(148)
[2023-11-10T12:12:34.074-0800][77957706ms] GC(26417) Survivor regions: 1->1(19)
[2023-11-10T12:12:34.074-0800][77957706ms] GC(26417) Old regions: 1465->1465
[2023-11-10T12:12:34.074-0800][77957706ms] GC(26417) Humongous regions: 5->5
[2023-11-10T12:12:34.074-0800][77957706ms] GC(26417) Metaspace: 305043K->305043K(1349632K)
[2023-11-10T12:12:34.074-0800][77957706ms] GC(26417) Pause Young (Normal) (G1 Evacuation Pause) 3235M->2939M(3602M) 5.247ms
[2023-11-10T12:12:34.074-0800][77957706ms] GC(26417) User=0.06s Sys=0.00s Real=0.00s
[2023-11-10T12:12:34.325-0800][77957957ms] GC(26418) Pause Young (Normal) (G1 Evacuation Pause)
[2023-11-10T12:12:34.325-0800][77957957ms] GC(26418) Using 10 workers of 10 for evacuation
[2023-11-10T12:12:34.330-0800][77957962ms] GC(26418)   Pre Evacuate Collection Set: 0.0ms
[2023-11-10T12:12:34.330-0800][77957962ms] GC(26418)   Evacuate Collection Set: 1.7ms
[2023-11-10T12:12:34.330-0800][77957962ms] GC(26418)   Post Evacuate Collection Set: 2.8ms
[2023-11-10T12:12:34.330-0800][77957962ms] GC(26418)   Other: 0.3ms
[2023-11-10T12:12:34.330-0800][77957962ms] GC(26418) Eden regions: 148->0(148)
[2023-11-10T12:12:34.330-0800][77957962ms] GC(26418) Survivor regions: 1->1(19)
[2023-11-10T12:12:34.330-0800][77957962ms] GC(26418) Old regions: 1465->1465
[2023-11-10T12:12:34.330-0800][77957962ms] GC(26418) Humongous regions: 5->5
[2023-11-10T12:12:34.330-0800][77957962ms] GC(26418) Metaspace: 305043K->305043K(1349632K)
[2023-11-10T12:12:34.330-0800][77957962ms] GC(26418) Pause Young (Normal) (G1 Evacuation Pause) 3235M->2939M(3602M) 4.942ms
[2023-11-10T12:12:34.330-0800][77957962ms] GC(26418) User=0.00s Sys=0.00s Real=0.00s
[2023-11-10T12:12:34.588-0800][77958220ms] GC(26419) Pause Young (Normal) (G1 Evacuation Pause)
[2023-11-10T12:12:34.588-0800][77958220ms] GC(26419) Using 10 workers of 10 for evacuation
[2023-11-10T12:12:34.592-0800][77958224ms] GC(26419)   Pre Evacuate Collection Set: 0.0ms
[2023-11-10T12:12:34.592-0800][77958224ms] GC(26419)   Evacuate Collection Set: 1.7ms
[2023-11-10T12:12:34.592-0800][77958224ms] GC(26419)   Post Evacuate Collection Set: 3.1ms
[2023-11-10T12:12:34.592-0800][77958224ms] GC(26419)   Other: 0.3ms
[2023-11-10T12:12:34.592-0800][77958224ms] GC(26419) Eden regions: 148->0(148)
[2023-11-10T12:12:34.592-0800][77958224ms] GC(26419) Survivor regions: 1->1(19)
[2023-11-10T12:12:34.592-0800][77958224ms] GC(26419) Old regions: 1465->1465
[2023-11-10T12:12:34.592-0800][77958224ms] GC(26419) Humongous regions: 5->5
[2023-11-10T12:12:34.592-0800][77958224ms] GC(26419) Metaspace: 305043K->305043K(1349632K)
[2023-11-10T12:12:34.594-0800][77958226ms] GC(26419) Pause Young (Normal) (G1 Evacuation Pause) 3235M->2939M(3602M) 5.203ms
[2023-11-10T12:12:34.594-0800][77958226ms] GC(26419) User=0.00s Sys=0.00s Real=0.01s
[2023-11-10T12:12:34.869-0800][77958501ms] GC(26420) Pause Young (Normal) (G1 Evacuation Pause)
[2023-11-10T12:12:34.869-0800][77958501ms] GC(26420) Using 10 workers of 10 for evacuation
[2023-11-10T12:12:34.875-0800][77958507ms] GC(26420)   Pre Evacuate Collection Set: 0.0ms
[2023-11-10T12:12:34.875-0800][77958507ms] GC(26420)   Evacuate Collection Set: 1.7ms
[2023-11-10T12:12:34.875-0800][77958507ms] GC(26420)   Post Evacuate Collection Set: 3.1ms
[2023-11-10T12:12:34.875-0800][77958507ms] GC(26420)   Other: 0.3ms
[2023-11-10T12:12:34.875-0800][77958507ms] GC(26420) Eden regions: 148->0(148)
[2023-11-10T12:12:34.875-0800][77958507ms] GC(26420) Survivor regions: 1->1(19)
[2023-11-10T12:12:34.875-0800][77958507ms] GC(26420) Old regions: 1465->1465
[2023-11-10T12:12:34.875-0800][77958507ms] GC(26420) Humongous regions: 5->5
[2023-11-10T12:12:34.875-0800][77958507ms] GC(26420) Metaspace: 305043K->305043K(1349632K)
[2023-11-10T12:12:34.875-0800][77958507ms] GC(26420) Pause Young (Normal) (G1 Evacuation Pause) 3235M->2939M(3602M) 5.104ms
[2023-11-10T12:12:34.875-0800][77958507ms] GC(26420) User=0.00s Sys=0.00s Real=0.01s
[2023-11-10T12:12:35.125-0800][77958757ms] GC(26421) Pause Young (Normal) (G1 Evacuation Pause)
[2023-11-10T12:12:35.125-0800][77958757ms] GC(26421) Using 10 workers of 10 for evacuation
[2023-11-10T12:12:35.131-0800][77958763ms] GC(26421)   Pre Evacuate Collection Set: 0.0ms
[2023-11-10T12:12:35.131-0800][77958763ms] GC(26421)   Evacuate Collection Set: 1.7ms
[2023-11-10T12:12:35.131-0800][77958763ms] GC(26421)   Post Evacuate Collection Set: 3.2ms
[2023-11-10T12:12:35.131-0800][77958763ms] GC(26421)   Other: 0.2ms
[2023-11-10T12:12:35.131-0800][77958763ms] GC(26421) Eden regions: 148->0(148)
[2023-11-10T12:12:35.131-0800][77958763ms] GC(26421) Survivor regions: 1->1(19)
[2023-11-10T12:12:35.131-0800][77958763ms] GC(26421) Old regions: 1465->1465
[2023-11-10T12:12:35.131-0800][77958763ms] GC(26421) Humongous regions: 5->5
[2023-11-10T12:12:35.131-0800][77958763ms] GC(26421) Metaspace: 305043K->305043K(1349632K)
[2023-11-10T12:12:35.131-0800][77958763ms] GC(26421) Pause Young (Normal) (G1 Evacuation Pause) 3235M->2939M(3602M) 5.232ms
[2023-11-10T12:12:35.131-0800][77958763ms] GC(26421) User=0.00s Sys=0.00s Real=0.01s
[2023-11-10T12:12:35.386-0800][77959018ms] GC(26422) Pause Young (Normal) (G1 Evacuation Pause)
[2023-11-10T12:12:35.386-0800][77959018ms] GC(26422) Using 10 workers of 10 for evacuation
[2023-11-10T12:12:35.392-0800][77959024ms] GC(26422)   Pre Evacuate Collection Set: 0.0ms
[2023-11-10T12:12:35.392-0800][77959024ms] GC(26422)   Evacuate Collection Set: 1.7ms
[2023-11-10T12:12:35.392-0800][77959024ms] GC(26422)   Post Evacuate Collection Set: 3.1ms
[2023-11-10T12:12:35.392-0800][77959024ms] GC(26422)   Other: 0.3ms
[2023-11-10T12:12:35.392-0800][77959024ms] GC(26422) Eden regions: 148->0(148)
[2023-11-10T12:12:35.392-0800][77959024ms] GC(26422) Survivor regions: 1->1(19)
[2023-11-10T12:12:35.392-0800][77959024ms] GC(26422) Old regions: 1465->1465
[2023-11-10T12:12:35.392-0800][77959024ms] GC(26422) Humongous regions: 5->5
[2023-11-10T12:12:35.392-0800][77959024ms] GC(26422) Metaspace: 305043K->305043K(1349632K)
[2023-11-10T12:12:35.392-0800][77959024ms] GC(26422) Pause Young (Normal) (G1 Evacuation Pause) 3235M->2939M(3602M) 5.227ms
[2023-11-10T12:12:35.392-0800][77959024ms] GC(26422) User=0.00s Sys=0.00s Real=0.01s
[2023-11-10T12:12:35.645-0800][77959277ms] GC(26423) Pause Young (Normal) (G1 Evacuation Pause)
[2023-11-10T12:12:35.645-0800][77959277ms] GC(26423) Using 10 workers of 10 for evacuation
[2023-11-10T12:12:35.650-0800][77959282ms] GC(26423)   Pre Evacuate Collection Set: 0.0ms
[2023-11-10T12:12:35.650-0800][77959282ms] GC(26423)   Evacuate Collection Set: 1.6ms
[2023-11-10T12:12:35.650-0800][77959282ms] GC(26423)   Post Evacuate Collection Set: 3.1ms
[2023-11-10T12:12:35.650-0800][77959282ms] GC(26423)   Other: 0.3ms
[2023-11-10T12:12:35.650-0800][77959282ms] GC(26423) Eden regions: 148->0(148)
[2023-11-10T12:12:35.650-0800][77959282ms] GC(26423) Survivor regions: 1->1(19)
[2023-11-10T12:12:35.650-0800][77959282ms] GC(26423) Old regions: 1465->1465
[2023-11-10T12:12:35.650-0800][77959282ms] GC(26423) Humongous regions: 5->5
[2023-11-10T12:12:35.650-0800][77959282ms] GC(26423) Metaspace: 305043K->305043K(1349632K)
[2023-11-10T12:12:35.650-0800][77959282ms] GC(26423) Pause Young (Normal) (G1 Evacuation Pause) 3235M->2939M(3602M) 5.180ms
[2023-11-10T12:12:35.650-0800][77959282ms] GC(26423) User=0.00s Sys=0.00s Real=0.01s
[2023-11-10T12:12:35.903-0800][77959535ms] GC(26424) Pause Young (Normal) (G1 Evacuation Pause)
[2023-11-10T12:12:35.903-0800][77959535ms] GC(26424) Using 10 workers of 10 for evacuation
[2023-11-10T12:12:35.908-0800][77959540ms] GC(26424)   Pre Evacuate Collection Set: 0.0ms
[2023-11-10T12:12:35.908-0800][77959540ms] GC(26424)   Evacuate Collection Set: 1.7ms
[2023-11-10T12:12:35.908-0800][77959540ms] GC(26424)   Post Evacuate Collection Set: 3.2ms
[2023-11-10T12:12:35.908-0800][77959540ms] GC(26424)   Other: 0.3ms
[2023-11-10T12:12:35.908-0800][77959540ms] GC(26424) Eden regions: 148->0(148)
[2023-11-10T12:12:35.908-0800][77959540ms] GC(26424) Survivor regions: 1->1(19)
[2023-11-10T12:12:35.908-0800][77959540ms] GC(26424) Old regions: 1465->1465
[2023-11-10T12:12:35.908-0800][77959540ms] GC(26424) Humongous regions: 5->5
[2023-11-10T12:12:35.908-0800][77959540ms] GC(26424) Metaspace: 305043K->305043K(1349632K)
[2023-11-10T12:12:35.908-0800][77959540ms] GC(26424) Pause Young (Normal) (G1 Evacuation Pause) 3235M->2939M(3602M) 5.265ms
[2023-11-10T12:12:35.908-0800][77959540ms] GC(26424) User=0.00s Sys=0.00s Real=0.00s
[2023-11-10T12:12:36.155-0800][77959787ms] GC(26425) Pause Young (Normal) (G1 Evacuation Pause)
[2023-11-10T12:12:36.155-0800][77959787ms] GC(26425) Using 10 workers of 10 for evacuation
[2023-11-10T12:12:36.160-0800][77959792ms] GC(26425)   Pre Evacuate Collection Set: 0.0ms
[2023-11-10T12:12:36.160-0800][77959792ms] GC(26425)   Evacuate Collection Set: 1.7ms
[2023-11-10T12:12:36.160-0800][77959792ms] GC(26425)   Post Evacuate Collection Set: 3.1ms
[2023-11-10T12:12:36.160-0800][77959792ms] GC(26425)   Other: 0.2ms
[2023-11-10T12:12:36.160-0800][77959792ms] GC(26425) Eden regions: 148->0(148)
[2023-11-10T12:12:36.160-0800][77959792ms] GC(26425) Survivor regions: 1->1(19)
[2023-11-10T12:12:36.160-0800][77959792ms] GC(26425) Old regions: 1465->1465
[2023-11-10T12:12:36.160-0800][77959792ms] GC(26425) Humongous regions: 5->5
[2023-11-10T12:12:36.160-0800][77959792ms] GC(26425) Metaspace: 305043K->305043K(1349632K)
[2023-11-10T12:12:36.160-0800][77959792ms] GC(26425) Pause Young (Normal) (G1 Evacuation Pause) 3235M->2939M(3602M) 5.139ms
[2023-11-10T12:12:36.161-0800][77959793ms] GC(26425) User=0.00s Sys=0.00s Real=0.01s
[2023-11-10T12:12:36.433-0800][77960065ms] GC(26426) Pause Young (Normal) (G1 Evacuation Pause)
[2023-11-10T12:12:36.433-0800][77960065ms] GC(26426) Using 10 workers of 10 for evacuation
[2023-11-10T12:12:36.439-0800][77960071ms] GC(26426)   Pre Evacuate Collection Set: 0.0ms
[2023-11-10T12:12:36.439-0800][77960071ms] GC(26426)   Evacuate Collection Set: 1.7ms
[2023-11-10T12:12:36.439-0800][77960071ms] GC(26426)   Post Evacuate Collection Set: 3.0ms
[2023-11-10T12:12:36.439-0800][77960071ms] GC(26426)   Other: 0.2ms
[2023-11-10T12:12:36.439-0800][77960071ms] GC(26426) Eden regions: 148->0(148)
[2023-11-10T12:12:36.439-0800][77960071ms] GC(26426) Survivor regions: 1->1(19)
[2023-11-10T12:12:36.439-0800][77960071ms] GC(26426) Old regions: 1465->1465
[2023-11-10T12:12:36.439-0800][77960071ms] GC(26426) Humongous regions: 5->5
[2023-11-10T12:12:36.439-0800][77960071ms] GC(26426) Metaspace: 305043K->305043K(1349632K)
[2023-11-10T12:12:36.439-0800][77960071ms] GC(26426) Pause Young (Normal) (G1 Evacuation Pause) 3235M->2939M(3602M) 5.013ms
[2023-11-10T12:12:36.439-0800][77960071ms] GC(26426) User=0.00s Sys=0.00s Real=0.01s
[2023-11-10T12:12:36.688-0800][77960320ms] GC(26427) Pause Young (Normal) (G1 Evacuation Pause)
[2023-11-10T12:12:36.688-0800][77960320ms] GC(26427) Using 10 workers of 10 for evacuation
[2023-11-10T12:12:36.693-0800][77960325ms] GC(26427)   Pre Evacuate Collection Set: 0.0ms
[2023-11-10T12:12:36.693-0800][77960325ms] GC(26427)   Evacuate Collection Set: 1.6ms
[2023-11-10T12:12:36.693-0800][77960325ms] GC(26427)   Post Evacuate Collection Set: 3.0ms
[2023-11-10T12:12:36.693-0800][77960325ms] GC(26427)   Other: 0.2ms
[2023-11-10T12:12:36.693-0800][77960325ms] GC(26427) Eden regions: 148->0(148)
[2023-11-10T12:12:36.693-0800][77960325ms] GC(26427) Survivor regions: 1->1(19)
[2023-11-10T12:12:36.693-0800][77960325ms] GC(26427) Old regions: 1465->1465
[2023-11-10T12:12:36.693-0800][77960325ms] GC(26427) Humongous regions: 5->5
[2023-11-10T12:12:36.693-0800][77960325ms] GC(26427) Metaspace: 305043K->305043K(1349632K)
[2023-11-10T12:12:36.694-0800][77960326ms] GC(26427) Pause Young (Normal) (G1 Evacuation Pause) 3235M->2939M(3602M) 4.965ms
[2023-11-10T12:12:36.694-0800][77960326ms] GC(26427) User=0.00s Sys=0.00s Real=0.01s
[2023-11-10T12:12:36.943-0800][77960575ms] GC(26428) Pause Young (Normal) (G1 Evacuation Pause)
[2023-11-10T12:12:36.943-0800][77960575ms] GC(26428) Using 10 workers of 10 for evacuation
[2023-11-10T12:12:36.948-0800][77960580ms] GC(26428)   Pre Evacuate Collection Set: 0.0ms
[2023-11-10T12:12:36.948-0800][77960580ms] GC(26428)   Evacuate Collection Set: 1.7ms
[2023-11-10T12:12:36.948-0800][77960580ms] GC(26428)   Post Evacuate Collection Set: 3.0ms
[2023-11-10T12:12:36.948-0800][77960580ms] GC(26428)   Other: 0.2ms
[2023-11-10T12:12:36.948-0800][77960580ms] GC(26428) Eden regions: 148->0(148)
[2023-11-10T12:12:36.948-0800][77960580ms] GC(26428) Survivor regions: 1->1(19)
[2023-11-10T12:12:36.948-0800][77960580ms] GC(26428) Old regions: 1465->1465
[2023-11-10T12:12:36.948-0800][77960580ms] GC(26428) Humongous regions: 5->5
[2023-11-10T12:12:36.948-0800][77960580ms] GC(26428) Metaspace: 305043K->305043K(1349632K)
[2023-11-10T12:12:36.948-0800][77960580ms] GC(26428) Pause Young (Normal) (G1 Evacuation Pause) 3235M->2939M(3602M) 5.082ms
[2023-11-10T12:12:36.948-0800][77960580ms] GC(26428) User=0.02s Sys=0.00s Real=0.00s
[2023-11-10T12:12:37.245-0800][77960877ms] GC(26429) Pause Young (Normal) (G1 Evacuation Pause)
[2023-11-10T12:12:37.245-0800][77960877ms] GC(26429) Using 10 workers of 10 for evacuation
[2023-11-10T12:12:37.250-0800][77960882ms] GC(26429)   Pre Evacuate Collection Set: 0.0ms
[2023-11-10T12:12:37.250-0800][77960882ms] GC(26429)   Evacuate Collection Set: 1.7ms
[2023-11-10T12:12:37.250-0800][77960882ms] GC(26429)   Post Evacuate Collection Set: 3.0ms
[2023-11-10T12:12:37.250-0800][77960882ms] GC(26429)   Other: 0.3ms
[2023-11-10T12:12:37.250-0800][77960882ms] GC(26429) Eden regions: 148->0(148)
[2023-11-10T12:12:37.250-0800][77960882ms] GC(26429) Survivor regions: 1->1(19)
[2023-11-10T12:12:37.250-0800][77960882ms] GC(26429) Old regions: 1465->1465
[2023-11-10T12:12:37.250-0800][77960882ms] GC(26429) Humongous regions: 5->5
[2023-11-10T12:12:37.250-0800][77960882ms] GC(26429) Metaspace: 305043K->305043K(1349632K)
[2023-11-10T12:12:37.250-0800][77960882ms] GC(26429) Pause Young (Normal) (G1 Evacuation Pause) 3235M->2939M(3602M) 5.091ms
[2023-11-10T12:12:37.250-0800][77960882ms] GC(26429) User=0.00s Sys=0.00s Real=0.01s
[2023-11-10T12:12:37.523-0800][77961155ms] GC(26430) Pause Young (Normal) (G1 Evacuation Pause)
[2023-11-10T12:12:37.523-0800][77961155ms] GC(26430) Using 10 workers of 10 for evacuation
[2023-11-10T12:12:37.528-0800][77961160ms] GC(26430)   Pre Evacuate Collection Set: 0.0ms
[2023-11-10T12:12:37.528-0800][77961160ms] GC(26430)   Evacuate Collection Set: 1.6ms
[2023-11-10T12:12:37.528-0800][77961160ms] GC(26430)   Post Evacuate Collection Set: 3.0ms
[2023-11-10T12:12:37.528-0800][77961160ms] GC(26430)   Other: 0.2ms
[2023-11-10T12:12:37.528-0800][77961160ms] GC(26430) Eden regions: 148->0(148)
[2023-11-10T12:12:37.528-0800][77961160ms] GC(26430) Survivor regions: 1->1(19)
[2023-11-10T12:12:37.528-0800][77961160ms] GC(26430) Old regions: 1465->1465
[2023-11-10T12:12:37.528-0800][77961160ms] GC(26430) Humongous regions: 5->5
[2023-11-10T12:12:37.528-0800][77961160ms] GC(26430) Metaspace: 305043K->305043K(1349632K)
[2023-11-10T12:12:37.528-0800][77961160ms] GC(26430) Pause Young (Normal) (G1 Evacuation Pause) 3235M->2939M(3602M) 4.992ms
[2023-11-10T12:12:37.528-0800][77961160ms] GC(26430) User=0.00s Sys=0.00s Real=0.01s
[2023-11-10T12:12:37.795-0800][77961427ms] GC(26431) Pause Young (Normal) (G1 Evacuation Pause)
[2023-11-10T12:12:37.795-0800][77961427ms] GC(26431) Using 10 workers of 10 for evacuation
[2023-11-10T12:12:37.799-0800][77961431ms] GC(26431)   Pre Evacuate Collection Set: 0.0ms
[2023-11-10T12:12:37.800-0800][77961432ms] GC(26431)   Evacuate Collection Set: 1.7ms
[2023-11-10T12:12:37.800-0800][77961432ms] GC(26431)   Post Evacuate Collection Set: 2.9ms
[2023-11-10T12:12:37.800-0800][77961432ms] GC(26431)   Other: 0.3ms
[2023-11-10T12:12:37.800-0800][77961432ms] GC(26431) Eden regions: 148->0(148)
[2023-11-10T12:12:37.800-0800][77961432ms] GC(26431) Survivor regions: 1->1(19)
[2023-11-10T12:12:37.800-0800][77961432ms] GC(26431) Old regions: 1465->1465
[2023-11-10T12:12:37.800-0800][77961432ms] GC(26431) Humongous regions: 5->5
[2023-11-10T12:12:37.800-0800][77961432ms] GC(26431) Metaspace: 305043K->305043K(1349632K)
[2023-11-10T12:12:37.800-0800][77961432ms] GC(26431) Pause Young (Normal) (G1 Evacuation Pause) 3235M->2939M(3602M) 4.972ms
[2023-11-10T12:12:37.800-0800][77961432ms] GC(26431) User=0.00s Sys=0.00s Real=0.00s
[2023-11-10T12:12:38.063-0800][77961695ms] GC(26432) Pause Young (Normal) (G1 Evacuation Pause)
[2023-11-10T12:12:38.063-0800][77961695ms] GC(26432) Using 10 workers of 10 for evacuation
[2023-11-10T12:12:38.068-0800][77961700ms] GC(26432)   Pre Evacuate Collection Set: 0.0ms
[2023-11-10T12:12:38.068-0800][77961700ms] GC(26432)   Evacuate Collection Set: 1.6ms
[2023-11-10T12:12:38.068-0800][77961700ms] GC(26432)   Post Evacuate Collection Set: 3.0ms
[2023-11-10T12:12:38.068-0800][77961700ms] GC(26432)   Other: 0.2ms
[2023-11-10T12:12:38.069-0800][77961701ms] GC(26432) Eden regions: 148->0(148)
[2023-11-10T12:12:38.069-0800][77961701ms] GC(26432) Survivor regions: 1->1(19)
[2023-11-10T12:12:38.069-0800][77961701ms] GC(26432) Old regions: 1465->1465
[2023-11-10T12:12:38.069-0800][77961701ms] GC(26432) Humongous regions: 5->5
[2023-11-10T12:12:38.069-0800][77961701ms] GC(26432) Metaspace: 305043K->305043K(1349632K)
[2023-11-10T12:12:38.069-0800][77961701ms] GC(26432) Pause Young (Normal) (G1 Evacuation Pause) 3235M->2939M(3602M) 5.028ms
[2023-11-10T12:12:38.069-0800][77961701ms] GC(26432) User=0.00s Sys=0.00s Real=0.01s
[2023-11-10T12:12:38.319-0800][77961951ms] GC(26433) Pause Young (Normal) (G1 Evacuation Pause)
[2023-11-10T12:12:38.319-0800][77961951ms] GC(26433) Using 10 workers of 10 for evacuation
[2023-11-10T12:12:38.324-0800][77961956ms] GC(26433)   Pre Evacuate Collection Set: 0.0ms
[2023-11-10T12:12:38.324-0800][77961956ms] GC(26433)   Evacuate Collection Set: 1.6ms
[2023-11-10T12:12:38.324-0800][77961956ms] GC(26433)   Post Evacuate Collection Set: 3.3ms
[2023-11-10T12:12:38.324-0800][77961956ms] GC(26433)   Other: 0.3ms
[2023-11-10T12:12:38.324-0800][77961956ms] GC(26433) Eden regions: 148->0(148)
[2023-11-10T12:12:38.324-0800][77961956ms] GC(26433) Survivor regions: 1->1(19)
[2023-11-10T12:12:38.324-0800][77961956ms] GC(26433) Old regions: 1465->1465
[2023-11-10T12:12:38.324-0800][77961956ms] GC(26433) Humongous regions: 5->5
[2023-11-10T12:12:38.324-0800][77961956ms] GC(26433) Metaspace: 305043K->305043K(1349632K)
[2023-11-10T12:12:38.324-0800][77961956ms] GC(26433) Pause Young (Normal) (G1 Evacuation Pause) 3235M->2939M(3602M) 5.350ms
[2023-11-10T12:12:38.324-0800][77961956ms] GC(26433) User=0.14s Sys=0.00s Real=0.00s
[2023-11-10T12:12:38.609-0800][77962241ms] GC(26434) Pause Young (Normal) (G1 Evacuation Pause)
[2023-11-10T12:12:38.609-0800][77962241ms] GC(26434) Using 10 workers of 10 for evacuation
[2023-11-10T12:12:38.614-0800][77962246ms] GC(26434)   Pre Evacuate Collection Set: 0.1ms
[2023-11-10T12:12:38.614-0800][77962246ms] GC(26434)   Evacuate Collection Set: 1.6ms
[2023-11-10T12:12:38.614-0800][77962246ms] GC(26434)   Post Evacuate Collection Set: 3.0ms
[2023-11-10T12:12:38.614-0800][77962246ms] GC(26434)   Other: 0.3ms
[2023-11-10T12:12:38.614-0800][77962246ms] GC(26434) Eden regions: 148->0(148)
[2023-11-10T12:12:38.614-0800][77962246ms] GC(26434) Survivor regions: 1->1(19)
[2023-11-10T12:12:38.614-0800][77962246ms] GC(26434) Old regions: 1465->1465
[2023-11-10T12:12:38.614-0800][77962246ms] GC(26434) Humongous regions: 5->5
[2023-11-10T12:12:38.614-0800][77962246ms] GC(26434) Metaspace: 305043K->305043K(1349632K)
[2023-11-10T12:12:38.614-0800][77962246ms] GC(26434) Pause Young (Normal) (G1 Evacuation Pause) 3235M->2940M(3602M) 5.049ms
[2023-11-10T12:12:38.614-0800][77962246ms] GC(26434) User=0.00s Sys=0.00s Real=0.01s
[2023-11-10T12:12:38.872-0800][77962504ms] GC(26435) Pause Young (Normal) (G1 Evacuation Pause)
[2023-11-10T12:12:38.872-0800][77962504ms] GC(26435) Using 10 workers of 10 for evacuation
[2023-11-10T12:12:38.877-0800][77962509ms] GC(26435)   Pre Evacuate Collection Set: 0.0ms
[2023-11-10T12:12:38.877-0800][77962509ms] GC(26435)   Evacuate Collection Set: 1.8ms
[2023-11-10T12:12:38.877-0800][77962509ms] GC(26435)   Post Evacuate Collection Set: 3.0ms
[2023-11-10T12:12:38.877-0800][77962509ms] GC(26435)   Other: 0.2ms
[2023-11-10T12:12:38.877-0800][77962509ms] GC(26435) Eden regions: 148->0(148)
[2023-11-10T12:12:38.877-0800][77962509ms] GC(26435) Survivor regions: 1->1(19)
[2023-11-10T12:12:38.877-0800][77962509ms] GC(26435) Old regions: 1465->1465
[2023-11-10T12:12:38.877-0800][77962509ms] GC(26435) Humongous regions: 5->5
[2023-11-10T12:12:38.877-0800][77962509ms] GC(26435) Metaspace: 305043K->305043K(1349632K)
[2023-11-10T12:12:38.877-0800][77962509ms] GC(26435) Pause Young (Normal) (G1 Evacuation Pause) 3236M->2940M(3602M) 5.180ms
[2023-11-10T12:12:38.877-0800][77962509ms] GC(26435) User=0.00s Sys=0.00s Real=0.01s
[2023-11-10T12:12:39.125-0800][77962757ms] GC(26436) Pause Young (Normal) (G1 Evacuation Pause)
[2023-11-10T12:12:39.125-0800][77962757ms] GC(26436) Using 10 workers of 10 for evacuation
[2023-11-10T12:12:39.130-0800][77962762ms] GC(26436)   Pre Evacuate Collection Set: 0.0ms
[2023-11-10T12:12:39.130-0800][77962762ms] GC(26436)   Evacuate Collection Set: 1.7ms
[2023-11-10T12:12:39.130-0800][77962762ms] GC(26436)   Post Evacuate Collection Set: 3.1ms
[2023-11-10T12:12:39.130-0800][77962762ms] GC(26436)   Other: 0.2ms
[2023-11-10T12:12:39.130-0800][77962762ms] GC(26436) Eden regions: 148->0(148)
[2023-11-10T12:12:39.130-0800][77962762ms] GC(26436) Survivor regions: 1->1(19)
[2023-11-10T12:12:39.130-0800][77962762ms] GC(26436) Old regions: 1465->1465
[2023-11-10T12:12:39.130-0800][77962762ms] GC(26436) Humongous regions: 5->5
[2023-11-10T12:12:39.130-0800][77962762ms] GC(26436) Metaspace: 305043K->305043K(1349632K)
[2023-11-10T12:12:39.130-0800][77962762ms] GC(26436) Pause Young (Normal) (G1 Evacuation Pause) 3236M->2940M(3602M) 5.309ms
[2023-11-10T12:12:39.130-0800][77962762ms] GC(26436) User=0.00s Sys=0.00s Real=0.01s
[2023-11-10T12:12:39.384-0800][77963016ms] GC(26437) Pause Young (Normal) (G1 Evacuation Pause)
[2023-11-10T12:12:39.384-0800][77963016ms] GC(26437) Using 10 workers of 10 for evacuation
[2023-11-10T12:12:39.389-0800][77963021ms] GC(26437)   Pre Evacuate Collection Set: 0.0ms
[2023-11-10T12:12:39.389-0800][77963021ms] GC(26437)   Evacuate Collection Set: 1.7ms
[2023-11-10T12:12:39.389-0800][77963021ms] GC(26437)   Post Evacuate Collection Set: 3.0ms
[2023-11-10T12:12:39.389-0800][77963021ms] GC(26437)   Other: 0.2ms
[2023-11-10T12:12:39.389-0800][77963021ms] GC(26437) Eden regions: 148->0(148)
[2023-11-10T12:12:39.389-0800][77963021ms] GC(26437) Survivor regions: 1->1(19)
[2023-11-10T12:12:39.389-0800][77963021ms] GC(26437) Old regions: 1465->1465
[2023-11-10T12:12:39.389-0800][77963021ms] GC(26437) Humongous regions: 5->5
[2023-11-10T12:12:39.389-0800][77963021ms] GC(26437) Metaspace: 305043K->305043K(1349632K)
[2023-11-10T12:12:39.389-0800][77963021ms] GC(26437) Pause Young (Normal) (G1 Evacuation Pause) 3236M->2940M(3602M) 5.109ms
[2023-11-10T12:12:39.390-0800][77963022ms] GC(26437) User=0.00s Sys=0.00s Real=0.00s
[2023-11-10T12:12:39.662-0800][77963294ms] GC(26438) Pause Young (Normal) (G1 Evacuation Pause)
[2023-11-10T12:12:39.662-0800][77963294ms] GC(26438) Using 10 workers of 10 for evacuation
[2023-11-10T12:12:39.667-0800][77963299ms] GC(26438)   Pre Evacuate Collection Set: 0.0ms
[2023-11-10T12:12:39.667-0800][77963299ms] GC(26438)   Evacuate Collection Set: 1.7ms
[2023-11-10T12:12:39.667-0800][77963299ms] GC(26438)   Post Evacuate Collection Set: 3.1ms
[2023-11-10T12:12:39.667-0800][77963299ms] GC(26438)   Other: 0.2ms
[2023-11-10T12:12:39.667-0800][77963299ms] GC(26438) Eden regions: 148->0(148)
[2023-11-10T12:12:39.667-0800][77963299ms] GC(26438) Survivor regions: 1->1(19)
[2023-11-10T12:12:39.667-0800][77963299ms] GC(26438) Old regions: 1465->1465
[2023-11-10T12:12:39.667-0800][77963299ms] GC(26438) Humongous regions: 5->5
[2023-11-10T12:12:39.667-0800][77963299ms] GC(26438) Metaspace: 305043K->305043K(1349632K)
[2023-11-10T12:12:39.667-0800][77963299ms] GC(26438) Pause Young (Normal) (G1 Evacuation Pause) 3236M->2940M(3602M) 5.265ms
[2023-11-10T12:12:39.667-0800][77963299ms] GC(26438) User=0.08s Sys=0.00s Real=0.01s
[2023-11-10T12:12:39.932-0800][77963564ms] GC(26439) Pause Young (Normal) (G1 Evacuation Pause)
[2023-11-10T12:12:39.932-0800][77963564ms] GC(26439) Using 10 workers of 10 for evacuation
[2023-11-10T12:12:39.937-0800][77963569ms] GC(26439)   Pre Evacuate Collection Set: 0.0ms
[2023-11-10T12:12:39.937-0800][77963569ms] GC(26439)   Evacuate Collection Set: 1.7ms
[2023-11-10T12:12:39.937-0800][77963569ms] GC(26439)   Post Evacuate Collection Set: 3.1ms
[2023-11-10T12:12:39.937-0800][77963569ms] GC(26439)   Other: 0.2ms
[2023-11-10T12:12:39.937-0800][77963569ms] GC(26439) Eden regions: 148->0(148)
[2023-11-10T12:12:39.937-0800][77963569ms] GC(26439) Survivor regions: 1->1(19)
[2023-11-10T12:12:39.937-0800][77963569ms] GC(26439) Old regions: 1465->1465
[2023-11-10T12:12:39.937-0800][77963569ms] GC(26439) Humongous regions: 5->5
[2023-11-10T12:12:39.937-0800][77963569ms] GC(26439) Metaspace: 305043K->305043K(1349632K)
[2023-11-10T12:12:39.937-0800][77963569ms] GC(26439) Pause Young (Normal) (G1 Evacuation Pause) 3236M->2940M(3602M) 5.136ms
[2023-11-10T12:12:39.937-0800][77963569ms] GC(26439) User=0.00s Sys=0.00s Real=0.01s
[2023-11-10T12:12:40.176-0800][77963808ms] GC(26440) Pause Young (Normal) (G1 Evacuation Pause)
[2023-11-10T12:12:40.176-0800][77963808ms] GC(26440) Using 10 workers of 10 for evacuation
[2023-11-10T12:12:40.181-0800][77963813ms] GC(26440)   Pre Evacuate Collection Set: 0.0ms
[2023-11-10T12:12:40.181-0800][77963813ms] GC(26440)   Evacuate Collection Set: 1.8ms
[2023-11-10T12:12:40.181-0800][77963813ms] GC(26440)   Post Evacuate Collection Set: 3.0ms
[2023-11-10T12:12:40.181-0800][77963813ms] GC(26440)   Other: 0.2ms
[2023-11-10T12:12:40.181-0800][77963813ms] GC(26440) Eden regions: 148->0(148)
[2023-11-10T12:12:40.181-0800][77963813ms] GC(26440) Survivor regions: 1->1(19)
[2023-11-10T12:12:40.181-0800][77963813ms] GC(26440) Old regions: 1465->1465
[2023-11-10T12:12:40.181-0800][77963813ms] GC(26440) Humongous regions: 5->5
[2023-11-10T12:12:40.181-0800][77963813ms] GC(26440) Metaspace: 305043K->305043K(1349632K)
[2023-11-10T12:12:40.181-0800][77963813ms] GC(26440) Pause Young (Normal) (G1 Evacuation Pause) 3236M->2940M(3602M) 5.196ms
[2023-11-10T12:12:40.181-0800][77963813ms] GC(26440) User=0.02s Sys=0.00s Real=0.00s
[2023-11-10T12:12:40.445-0800][77964077ms] GC(26441) Pause Young (Normal) (G1 Evacuation Pause)
[2023-11-10T12:12:40.445-0800][77964077ms] GC(26441) Using 10 workers of 10 for evacuation
[2023-11-10T12:12:40.450-0800][77964082ms] GC(26441)   Pre Evacuate Collection Set: 0.0ms
[2023-11-10T12:12:40.450-0800][77964082ms] GC(26441)   Evacuate Collection Set: 1.7ms
[2023-11-10T12:12:40.450-0800][77964082ms] GC(26441)   Post Evacuate Collection Set: 3.1ms
[2023-11-10T12:12:40.450-0800][77964082ms] GC(26441)   Other: 0.2ms
[2023-11-10T12:12:40.450-0800][77964082ms] GC(26441) Eden regions: 148->0(148)
[2023-11-10T12:12:40.450-0800][77964082ms] GC(26441) Survivor regions: 1->1(19)
[2023-11-10T12:12:40.450-0800][77964082ms] GC(26441) Old regions: 1465->1465
[2023-11-10T12:12:40.450-0800][77964082ms] GC(26441) Humongous regions: 5->5
[2023-11-10T12:12:40.450-0800][77964082ms] GC(26441) Metaspace: 305043K->305043K(1349632K)
[2023-11-10T12:12:40.450-0800][77964082ms] GC(26441) Pause Young (Normal) (G1 Evacuation Pause) 3236M->2940M(3602M) 5.138ms
[2023-11-10T12:12:40.450-0800][77964082ms] GC(26441) User=0.00s Sys=0.00s Real=0.01s
[2023-11-10T12:12:40.707-0800][77964339ms] GC(26442) Pause Young (Normal) (G1 Evacuation Pause)
[2023-11-10T12:12:40.707-0800][77964339ms] GC(26442) Using 10 workers of 10 for evacuation
[2023-11-10T12:12:40.711-0800][77964343ms] GC(26442)   Pre Evacuate Collection Set: 0.0ms
[2023-11-10T12:12:40.711-0800][77964343ms] GC(26442)   Evacuate Collection Set: 1.7ms
[2023-11-10T12:12:40.711-0800][77964343ms] GC(26442)   Post Evacuate Collection Set: 3.0ms
[2023-11-10T12:12:40.711-0800][77964343ms] GC(26442)   Other: 0.2ms
[2023-11-10T12:12:40.711-0800][77964343ms] GC(26442) Eden regions: 148->0(148)
[2023-11-10T12:12:40.711-0800][77964343ms] GC(26442) Survivor regions: 1->1(19)
[2023-11-10T12:12:40.711-0800][77964343ms] GC(26442) Old regions: 1465->1465
[2023-11-10T12:12:40.711-0800][77964343ms] GC(26442) Humongous regions: 5->5
[2023-11-10T12:12:40.711-0800][77964343ms] GC(26442) Metaspace: 305043K->305043K(1349632K)
[2023-11-10T12:12:40.712-0800][77964344ms] GC(26442) Pause Young (Normal) (G1 Evacuation Pause) 3236M->2940M(3602M) 5.086ms
[2023-11-10T12:12:40.712-0800][77964344ms] GC(26442) User=0.02s Sys=0.00s Real=0.00s
[2023-11-10T12:12:40.973-0800][77964605ms] GC(26443) Pause Young (Normal) (G1 Evacuation Pause)
[2023-11-10T12:12:40.973-0800][77964605ms] GC(26443) Using 10 workers of 10 for evacuation
[2023-11-10T12:12:40.978-0800][77964610ms] GC(26443)   Pre Evacuate Collection Set: 0.0ms
[2023-11-10T12:12:40.978-0800][77964610ms] GC(26443)   Evacuate Collection Set: 1.7ms
[2023-11-10T12:12:40.978-0800][77964610ms] GC(26443)   Post Evacuate Collection Set: 3.1ms
[2023-11-10T12:12:40.978-0800][77964610ms] GC(26443)   Other: 0.2ms
[2023-11-10T12:12:40.978-0800][77964610ms] GC(26443) Eden regions: 148->0(148)
[2023-11-10T12:12:40.978-0800][77964610ms] GC(26443) Survivor regions: 1->1(19)
[2023-11-10T12:12:40.978-0800][77964610ms] GC(26443) Old regions: 1465->1465
[2023-11-10T12:12:40.978-0800][77964610ms] GC(26443) Humongous regions: 5->5
[2023-11-10T12:12:40.978-0800][77964610ms] GC(26443) Metaspace: 305043K->305043K(1349632K)
[2023-11-10T12:12:40.978-0800][77964610ms] GC(26443) Pause Young (Normal) (G1 Evacuation Pause) 3236M->2940M(3602M) 5.088ms
[2023-11-10T12:12:40.978-0800][77964610ms] GC(26443) User=0.02s Sys=0.00s Real=0.00s
[2023-11-10T12:12:41.218-0800][77964850ms] GC(26444) Pause Young (Normal) (G1 Evacuation Pause)
[2023-11-10T12:12:41.218-0800][77964850ms] GC(26444) Using 10 workers of 10 for evacuation
[2023-11-10T12:12:41.223-0800][77964855ms] GC(26444)   Pre Evacuate Collection Set: 0.0ms
[2023-11-10T12:12:41.223-0800][77964855ms] GC(26444)   Evacuate Collection Set: 1.6ms
[2023-11-10T12:12:41.223-0800][77964855ms] GC(26444)   Post Evacuate Collection Set: 3.0ms
[2023-11-10T12:12:41.223-0800][77964855ms] GC(26444)   Other: 0.2ms
[2023-11-10T12:12:41.223-0800][77964855ms] GC(26444) Eden regions: 148->0(148)
[2023-11-10T12:12:41.223-0800][77964855ms] GC(26444) Survivor regions: 1->1(19)
[2023-11-10T12:12:41.223-0800][77964855ms] GC(26444) Old regions: 1465->1465
[2023-11-10T12:12:41.223-0800][77964855ms] GC(26444) Humongous regions: 5->5
[2023-11-10T12:12:41.223-0800][77964855ms] GC(26444) Metaspace: 305043K->305043K(1349632K)
[2023-11-10T12:12:41.223-0800][77964855ms] GC(26444) Pause Young (Normal) (G1 Evacuation Pause) 3236M->2940M(3602M) 4.992ms
[2023-11-10T12:12:41.223-0800][77964855ms] GC(26444) User=0.00s Sys=0.00s Real=0.01s
[2023-11-10T12:12:41.486-0800][77965118ms] GC(26445) Pause Young (Normal) (G1 Evacuation Pause)
[2023-11-10T12:12:41.486-0800][77965118ms] GC(26445) Using 10 workers of 10 for evacuation
[2023-11-10T12:12:41.490-0800][77965122ms] GC(26445)   Pre Evacuate Collection Set: 0.0ms
[2023-11-10T12:12:41.490-0800][77965122ms] GC(26445)   Evacuate Collection Set: 1.7ms
[2023-11-10T12:12:41.490-0800][77965122ms] GC(26445)   Post Evacuate Collection Set: 3.0ms
[2023-11-10T12:12:41.491-0800][77965123ms] GC(26445)   Other: 0.3ms
[2023-11-10T12:12:41.491-0800][77965123ms] GC(26445) Eden regions: 148->0(148)
[2023-11-10T12:12:41.491-0800][77965123ms] GC(26445) Survivor regions: 1->1(19)
[2023-11-10T12:12:41.491-0800][77965123ms] GC(26445) Old regions: 1465->1465
[2023-11-10T12:12:41.491-0800][77965123ms] GC(26445) Humongous regions: 5->5
[2023-11-10T12:12:41.491-0800][77965123ms] GC(26445) Metaspace: 305043K->305043K(1349632K)
[2023-11-10T12:12:41.491-0800][77965123ms] GC(26445) Pause Young (Normal) (G1 Evacuation Pause) 3236M->2940M(3602M) 5.051ms
[2023-11-10T12:12:41.491-0800][77965123ms] GC(26445) User=0.00s Sys=0.00s Real=0.00s
[2023-11-10T12:12:41.745-0800][77965377ms] GC(26446) Pause Young (Normal) (G1 Evacuation Pause)
[2023-11-10T12:12:41.745-0800][77965377ms] GC(26446) Using 10 workers of 10 for evacuation
[2023-11-10T12:12:41.750-0800][77965382ms] GC(26446)   Pre Evacuate Collection Set: 0.0ms
[2023-11-10T12:12:41.750-0800][77965382ms] GC(26446)   Evacuate Collection Set: 1.7ms
[2023-11-10T12:12:41.750-0800][77965382ms] GC(26446)   Post Evacuate Collection Set: 2.8ms
[2023-11-10T12:12:41.750-0800][77965382ms] GC(26446)   Other: 0.2ms
[2023-11-10T12:12:41.750-0800][77965382ms] GC(26446) Eden regions: 148->0(148)
[2023-11-10T12:12:41.750-0800][77965382ms] GC(26446) Survivor regions: 1->1(19)
[2023-11-10T12:12:41.750-0800][77965382ms] GC(26446) Old regions: 1465->1465
[2023-11-10T12:12:41.750-0800][77965382ms] GC(26446) Humongous regions: 5->5
[2023-11-10T12:12:41.750-0800][77965382ms] GC(26446) Metaspace: 305043K->305043K(1349632K)
[2023-11-10T12:12:41.750-0800][77965382ms] GC(26446) Pause Young (Normal) (G1 Evacuation Pause) 3236M->2940M(3602M) 4.816ms
[2023-11-10T12:12:41.750-0800][77965382ms] GC(26446) User=0.00s Sys=0.00s Real=0.01s
[2023-11-10T12:12:42.002-0800][77965634ms] GC(26447) Pause Young (Normal) (G1 Evacuation Pause)
[2023-11-10T12:12:42.002-0800][77965634ms] GC(26447) Using 10 workers of 10 for evacuation
[2023-11-10T12:12:42.007-0800][77965639ms] GC(26447)   Pre Evacuate Collection Set: 0.0ms
[2023-11-10T12:12:42.007-0800][77965639ms] GC(26447)   Evacuate Collection Set: 1.7ms
[2023-11-10T12:12:42.007-0800][77965639ms] GC(26447)   Post Evacuate Collection Set: 2.9ms
[2023-11-10T12:12:42.007-0800][77965639ms] GC(26447)   Other: 0.2ms
[2023-11-10T12:12:42.007-0800][77965639ms] GC(26447) Eden regions: 148->0(148)
[2023-11-10T12:12:42.007-0800][77965639ms] GC(26447) Survivor regions: 1->1(19)
[2023-11-10T12:12:42.007-0800][77965639ms] GC(26447) Old regions: 1465->1465
[2023-11-10T12:12:42.007-0800][77965639ms] GC(26447) Humongous regions: 5->5
[2023-11-10T12:12:42.007-0800][77965639ms] GC(26447) Metaspace: 305043K->305043K(1349632K)
[2023-11-10T12:12:42.007-0800][77965639ms] GC(26447) Pause Young (Normal) (G1 Evacuation Pause) 3236M->2940M(3602M) 4.986ms
[2023-11-10T12:12:42.007-0800][77965639ms] GC(26447) User=0.00s Sys=0.00s Real=0.00s
[2023-11-10T12:12:42.248-0800][77965880ms] GC(26448) Pause Young (Normal) (G1 Evacuation Pause)
[2023-11-10T12:12:42.248-0800][77965880ms] GC(26448) Using 10 workers of 10 for evacuation
[2023-11-10T12:12:42.253-0800][77965885ms] GC(26448)   Pre Evacuate Collection Set: 0.0ms
[2023-11-10T12:12:42.253-0800][77965885ms] GC(26448)   Evacuate Collection Set: 1.6ms
[2023-11-10T12:12:42.253-0800][77965885ms] GC(26448)   Post Evacuate Collection Set: 3.0ms
[2023-11-10T12:12:42.253-0800][77965885ms] GC(26448)   Other: 0.2ms
[2023-11-10T12:12:42.253-0800][77965885ms] GC(26448) Eden regions: 148->0(148)
[2023-11-10T12:12:42.253-0800][77965885ms] GC(26448) Survivor regions: 1->1(19)
[2023-11-10T12:12:42.253-0800][77965885ms] GC(26448) Old regions: 1465->1465
[2023-11-10T12:12:42.253-0800][77965885ms] GC(26448) Humongous regions: 5->5
[2023-11-10T12:12:42.253-0800][77965885ms] GC(26448) Metaspace: 305043K->305043K(1349632K)
[2023-11-10T12:12:42.253-0800][77965885ms] GC(26448) Pause Young (Normal) (G1 Evacuation Pause) 3236M->2940M(3602M) 4.923ms
[2023-11-10T12:12:42.253-0800][77965885ms] GC(26448) User=0.00s Sys=0.00s Real=0.01s
[2023-11-10T12:12:42.520-0800][77966152ms] GC(26449) Pause Young (Normal) (G1 Evacuation Pause)
[2023-11-10T12:12:42.520-0800][77966152ms] GC(26449) Using 10 workers of 10 for evacuation
[2023-11-10T12:12:42.526-0800][77966158ms] GC(26449)   Pre Evacuate Collection Set: 0.0ms
[2023-11-10T12:12:42.526-0800][77966158ms] GC(26449)   Evacuate Collection Set: 1.7ms
[2023-11-10T12:12:42.526-0800][77966158ms] GC(26449)   Post Evacuate Collection Set: 3.0ms
[2023-11-10T12:12:42.526-0800][77966158ms] GC(26449)   Other: 0.2ms
[2023-11-10T12:12:42.526-0800][77966158ms] GC(26449) Eden regions: 148->0(147)
[2023-11-10T12:12:42.526-0800][77966158ms] GC(26449) Survivor regions: 1->1(19)
[2023-11-10T12:12:42.526-0800][77966158ms] GC(26449) Old regions: 1465->1466
[2023-11-10T12:12:42.526-0800][77966158ms] GC(26449) Humongous regions: 5->5
[2023-11-10T12:12:42.526-0800][77966158ms] GC(26449) Metaspace: 305043K->305043K(1349632K)
[2023-11-10T12:12:42.526-0800][77966158ms] GC(26449) Pause Young (Normal) (G1 Evacuation Pause) 3236M->2940M(3602M) 5.127ms
[2023-11-10T12:12:42.526-0800][77966158ms] GC(26449) User=0.00s Sys=0.02s Real=0.01s
[2023-11-10T12:12:42.771-0800][77966403ms] GC(26450) Pause Young (Normal) (G1 Evacuation Pause)
[2023-11-10T12:12:42.771-0800][77966403ms] GC(26450) Using 10 workers of 10 for evacuation
[2023-11-10T12:12:42.777-0800][77966409ms] GC(26450)   Pre Evacuate Collection Set: 0.0ms
[2023-11-10T12:12:42.777-0800][77966409ms] GC(26450)   Evacuate Collection Set: 1.7ms
[2023-11-10T12:12:42.777-0800][77966409ms] GC(26450)   Post Evacuate Collection Set: 2.9ms
[2023-11-10T12:12:42.777-0800][77966409ms] GC(26450)   Other: 0.2ms
[2023-11-10T12:12:42.777-0800][77966409ms] GC(26450) Eden regions: 147->0(147)
[2023-11-10T12:12:42.777-0800][77966409ms] GC(26450) Survivor regions: 1->1(19)
[2023-11-10T12:12:42.777-0800][77966409ms] GC(26450) Old regions: 1466->1466
[2023-11-10T12:12:42.777-0800][77966409ms] GC(26450) Humongous regions: 5->5
[2023-11-10T12:12:42.777-0800][77966409ms] GC(26450) Metaspace: 305043K->305043K(1349632K)
[2023-11-10T12:12:42.777-0800][77966409ms] GC(26450) Pause Young (Normal) (G1 Evacuation Pause) 3234M->2940M(3602M) 5.032ms
[2023-11-10T12:12:42.777-0800][77966409ms] GC(26450) User=0.03s Sys=0.00s Real=0.01s
[2023-11-10T12:12:43.041-0800][77966673ms] GC(26451) Pause Young (Normal) (G1 Evacuation Pause)
[2023-11-10T12:12:43.041-0800][77966673ms] GC(26451) Using 10 workers of 10 for evacuation
[2023-11-10T12:12:43.046-0800][77966678ms] GC(26451)   Pre Evacuate Collection Set: 0.0ms
[2023-11-10T12:12:43.046-0800][77966678ms] GC(26451)   Evacuate Collection Set: 1.6ms
[2023-11-10T12:12:43.046-0800][77966678ms] GC(26451)   Post Evacuate Collection Set: 3.1ms
[2023-11-10T12:12:43.046-0800][77966678ms] GC(26451)   Other: 0.2ms
[2023-11-10T12:12:43.046-0800][77966678ms] GC(26451) Eden regions: 147->0(147)
[2023-11-10T12:12:43.046-0800][77966678ms] GC(26451) Survivor regions: 1->1(19)
[2023-11-10T12:12:43.046-0800][77966678ms] GC(26451) Old regions: 1466->1466
[2023-11-10T12:12:43.046-0800][77966678ms] GC(26451) Humongous regions: 5->5
[2023-11-10T12:12:43.046-0800][77966678ms] GC(26451) Metaspace: 305043K->305043K(1349632K)
[2023-11-10T12:12:43.046-0800][77966678ms] GC(26451) Pause Young (Normal) (G1 Evacuation Pause) 3234M->2940M(3602M) 5.074ms
[2023-11-10T12:12:43.046-0800][77966678ms] GC(26451) User=0.00s Sys=0.00s Real=0.01s
[2023-11-10T12:12:43.295-0800][77966927ms] GC(26452) Pause Young (Normal) (G1 Evacuation Pause)
[2023-11-10T12:12:43.295-0800][77966927ms] GC(26452) Using 10 workers of 10 for evacuation
[2023-11-10T12:12:43.301-0800][77966933ms] GC(26452)   Pre Evacuate Collection Set: 0.0ms
[2023-11-10T12:12:43.301-0800][77966933ms] GC(26452)   Evacuate Collection Set: 1.8ms
[2023-11-10T12:12:43.301-0800][77966933ms] GC(26452)   Post Evacuate Collection Set: 3.2ms
[2023-11-10T12:12:43.301-0800][77966933ms] GC(26452)   Other: 0.2ms
[2023-11-10T12:12:43.301-0800][77966933ms] GC(26452) Eden regions: 147->0(147)
[2023-11-10T12:12:43.301-0800][77966933ms] GC(26452) Survivor regions: 1->1(19)
[2023-11-10T12:12:43.301-0800][77966933ms] GC(26452) Old regions: 1466->1466
[2023-11-10T12:12:43.301-0800][77966933ms] GC(26452) Humongous regions: 5->5
[2023-11-10T12:12:43.301-0800][77966933ms] GC(26452) Metaspace: 305043K->305043K(1349632K)
[2023-11-10T12:12:43.301-0800][77966933ms] GC(26452) Pause Young (Normal) (G1 Evacuation Pause) 3234M->2940M(3602M) 5.294ms
[2023-11-10T12:12:43.301-0800][77966933ms] GC(26452) User=0.00s Sys=0.00s Real=0.01s
[2023-11-10T12:12:43.557-0800][77967189ms] GC(26453) Pause Young (Normal) (GCLocker Initiated GC)
[2023-11-10T12:12:43.557-0800][77967189ms] GC(26453) Using 10 workers of 10 for evacuation
[2023-11-10T12:12:43.562-0800][77967194ms] GC(26453)   Pre Evacuate Collection Set: 0.0ms
[2023-11-10T12:12:43.562-0800][77967194ms] GC(26453)   Evacuate Collection Set: 1.6ms
[2023-11-10T12:12:43.562-0800][77967194ms] GC(26453)   Post Evacuate Collection Set: 3.1ms
[2023-11-10T12:12:43.562-0800][77967194ms] GC(26453)   Other: 0.2ms
[2023-11-10T12:12:43.562-0800][77967194ms] GC(26453) Eden regions: 148->0(147)
[2023-11-10T12:12:43.562-0800][77967194ms] GC(26453) Survivor regions: 1->1(19)
[2023-11-10T12:12:43.562-0800][77967194ms] GC(26453) Old regions: 1466->1466
[2023-11-10T12:12:43.562-0800][77967194ms] GC(26453) Humongous regions: 5->5
[2023-11-10T12:12:43.562-0800][77967194ms] GC(26453) Metaspace: 305043K->305043K(1349632K)
[2023-11-10T12:12:43.562-0800][77967194ms] GC(26453) Pause Young (Normal) (GCLocker Initiated GC) 3235M->2940M(3602M) 5.028ms
[2023-11-10T12:12:43.563-0800][77967195ms] GC(26453) User=0.00s Sys=0.00s Real=0.01s
[2023-11-10T12:12:43.837-0800][77967469ms] GC(26454) Pause Young (Normal) (GCLocker Initiated GC)
[2023-11-10T12:12:43.837-0800][77967469ms] GC(26454) Using 10 workers of 10 for evacuation
[2023-11-10T12:12:43.843-0800][77967475ms] GC(26454)   Pre Evacuate Collection Set: 0.0ms
[2023-11-10T12:12:43.843-0800][77967475ms] GC(26454)   Evacuate Collection Set: 1.7ms
[2023-11-10T12:12:43.843-0800][77967475ms] GC(26454)   Post Evacuate Collection Set: 3.2ms
[2023-11-10T12:12:43.843-0800][77967475ms] GC(26454)   Other: 0.2ms
[2023-11-10T12:12:43.843-0800][77967475ms] GC(26454) Eden regions: 147->0(147)
[2023-11-10T12:12:43.843-0800][77967475ms] GC(26454) Survivor regions: 1->1(19)
[2023-11-10T12:12:43.843-0800][77967475ms] GC(26454) Old regions: 1466->1466
[2023-11-10T12:12:43.843-0800][77967475ms] GC(26454) Humongous regions: 5->5
[2023-11-10T12:12:43.843-0800][77967475ms] GC(26454) Metaspace: 305043K->305043K(1349632K)
[2023-11-10T12:12:43.843-0800][77967475ms] GC(26454) Pause Young (Normal) (GCLocker Initiated GC) 3234M->2940M(3602M) 5.270ms
[2023-11-10T12:12:43.843-0800][77967475ms] GC(26454) User=0.00s Sys=0.00s Real=0.01s
[2023-11-10T12:12:44.113-0800][77967745ms] GC(26455) Pause Young (Normal) (GCLocker Initiated GC)
[2023-11-10T12:12:44.113-0800][77967745ms] GC(26455) Using 10 workers of 10 for evacuation
[2023-11-10T12:12:44.118-0800][77967750ms] GC(26455)   Pre Evacuate Collection Set: 0.0ms
[2023-11-10T12:12:44.118-0800][77967750ms] GC(26455)   Evacuate Collection Set: 1.6ms
[2023-11-10T12:12:44.118-0800][77967750ms] GC(26455)   Post Evacuate Collection Set: 3.0ms
[2023-11-10T12:12:44.118-0800][77967750ms] GC(26455)   Other: 0.2ms
[2023-11-10T12:12:44.118-0800][77967750ms] GC(26455) Eden regions: 147->0(147)
[2023-11-10T12:12:44.118-0800][77967750ms] GC(26455) Survivor regions: 1->1(19)
[2023-11-10T12:12:44.118-0800][77967750ms] GC(26455) Old regions: 1466->1466
[2023-11-10T12:12:44.118-0800][77967750ms] GC(26455) Humongous regions: 5->5
[2023-11-10T12:12:44.118-0800][77967750ms] GC(26455) Metaspace: 305043K->305043K(1349632K)
[2023-11-10T12:12:44.118-0800][77967750ms] GC(26455) Pause Young (Normal) (GCLocker Initiated GC) 3234M->2940M(3602M) 5.071ms
[2023-11-10T12:12:44.118-0800][77967750ms] GC(26455) User=0.00s Sys=0.00s Real=0.01s
[2023-11-10T12:12:44.385-0800][77968018ms] GC(26456) Pause Young (Normal) (GCLocker Initiated GC)
[2023-11-10T12:12:44.386-0800][77968018ms] GC(26456) Using 10 workers of 10 for evacuation
[2023-11-10T12:12:44.391-0800][77968023ms] GC(26456)   Pre Evacuate Collection Set: 0.0ms
[2023-11-10T12:12:44.391-0800][77968023ms] GC(26456)   Evacuate Collection Set: 1.6ms
[2023-11-10T12:12:44.391-0800][77968023ms] GC(26456)   Post Evacuate Collection Set: 3.1ms
[2023-11-10T12:12:44.391-0800][77968023ms] GC(26456)   Other: 0.3ms
[2023-11-10T12:12:44.391-0800][77968023ms] GC(26456) Eden regions: 148->0(147)
[2023-11-10T12:12:44.391-0800][77968023ms] GC(26456) Survivor regions: 1->1(19)
[2023-11-10T12:12:44.391-0800][77968023ms] GC(26456) Old regions: 1466->1466
[2023-11-10T12:12:44.391-0800][77968023ms] GC(26456) Humongous regions: 5->5
[2023-11-10T12:12:44.391-0800][77968023ms] GC(26456) Metaspace: 305043K->305043K(1349632K)
[2023-11-10T12:12:44.391-0800][77968023ms] GC(26456) Pause Young (Normal) (GCLocker Initiated GC) 3235M->2940M(3602M) 5.185ms
[2023-11-10T12:12:44.391-0800][77968023ms] GC(26456) User=0.00s Sys=0.00s Real=0.01s
[2023-11-10T12:12:44.674-0800][77968306ms] GC(26457) Pause Young (Normal) (GCLocker Initiated GC)
[2023-11-10T12:12:44.674-0800][77968306ms] GC(26457) Using 10 workers of 10 for evacuation
[2023-11-10T12:12:44.679-0800][77968311ms] GC(26457)   Pre Evacuate Collection Set: 0.0ms
[2023-11-10T12:12:44.679-0800][77968311ms] GC(26457)   Evacuate Collection Set: 1.7ms
[2023-11-10T12:12:44.679-0800][77968311ms] GC(26457)   Post Evacuate Collection Set: 3.2ms
[2023-11-10T12:12:44.679-0800][77968311ms] GC(26457)   Other: 0.3ms
[2023-11-10T12:12:44.679-0800][77968311ms] GC(26457) Eden regions: 147->0(147)
[2023-11-10T12:12:44.679-0800][77968311ms] GC(26457) Survivor regions: 1->1(19)
[2023-11-10T12:12:44.679-0800][77968311ms] GC(26457) Old regions: 1466->1466
[2023-11-10T12:12:44.679-0800][77968311ms] GC(26457) Humongous regions: 5->5
[2023-11-10T12:12:44.679-0800][77968311ms] GC(26457) Metaspace: 305043K->305043K(1349632K)
[2023-11-10T12:12:44.679-0800][77968311ms] GC(26457) Pause Young (Normal) (GCLocker Initiated GC) 3234M->2940M(3602M) 5.271ms
[2023-11-10T12:12:44.679-0800][77968311ms] GC(26457) User=0.00s Sys=0.00s Real=0.00s
[2023-11-10T12:12:44.940-0800][77968572ms] GC(26458) Pause Young (Normal) (GCLocker Initiated GC)
[2023-11-10T12:12:44.940-0800][77968572ms] GC(26458) Using 10 workers of 10 for evacuation
[2023-11-10T12:12:44.946-0800][77968578ms] GC(26458)   Pre Evacuate Collection Set: 0.0ms
[2023-11-10T12:12:44.946-0800][77968578ms] GC(26458)   Evacuate Collection Set: 1.7ms
[2023-11-10T12:12:44.946-0800][77968578ms] GC(26458)   Post Evacuate Collection Set: 3.2ms
[2023-11-10T12:12:44.946-0800][77968578ms] GC(26458)   Other: 0.3ms
[2023-11-10T12:12:44.946-0800][77968578ms] GC(26458) Eden regions: 148->0(147)
[2023-11-10T12:12:44.946-0800][77968578ms] GC(26458) Survivor regions: 1->1(19)
[2023-11-10T12:12:44.946-0800][77968578ms] GC(26458) Old regions: 1466->1466
[2023-11-10T12:12:44.946-0800][77968578ms] GC(26458) Humongous regions: 5->5
[2023-11-10T12:12:44.946-0800][77968578ms] GC(26458) Metaspace: 305043K->305043K(1349632K)
[2023-11-10T12:12:44.946-0800][77968578ms] GC(26458) Pause Young (Normal) (GCLocker Initiated GC) 3235M->2940M(3602M) 5.331ms
[2023-11-10T12:12:44.946-0800][77968578ms] GC(26458) User=0.02s Sys=0.00s Real=0.01s
[2023-11-10T12:12:45.202-0800][77968834ms] GC(26459) Pause Young (Normal) (GCLocker Initiated GC)
[2023-11-10T12:12:45.202-0800][77968834ms] GC(26459) Using 10 workers of 10 for evacuation
[2023-11-10T12:12:45.207-0800][77968839ms] GC(26459)   Pre Evacuate Collection Set: 0.0ms
[2023-11-10T12:12:45.207-0800][77968839ms] GC(26459)   Evacuate Collection Set: 1.6ms
[2023-11-10T12:12:45.207-0800][77968839ms] GC(26459)   Post Evacuate Collection Set: 3.1ms
[2023-11-10T12:12:45.207-0800][77968839ms] GC(26459)   Other: 0.2ms
[2023-11-10T12:12:45.207-0800][77968839ms] GC(26459) Eden regions: 147->0(147)
[2023-11-10T12:12:45.207-0800][77968839ms] GC(26459) Survivor regions: 1->1(19)
[2023-11-10T12:12:45.207-0800][77968839ms] GC(26459) Old regions: 1466->1466
[2023-11-10T12:12:45.207-0800][77968839ms] GC(26459) Humongous regions: 5->5
[2023-11-10T12:12:45.207-0800][77968839ms] GC(26459) Metaspace: 305043K->305043K(1349632K)
[2023-11-10T12:12:45.207-0800][77968839ms] GC(26459) Pause Young (Normal) (GCLocker Initiated GC) 3234M->2940M(3602M) 5.189ms
[2023-11-10T12:12:45.207-0800][77968839ms] GC(26459) User=0.00s Sys=0.00s Real=0.01s
[2023-11-10T12:12:45.467-0800][77969099ms] GC(26460) Pause Young (Normal) (G1 Evacuation Pause)
[2023-11-10T12:12:45.467-0800][77969099ms] GC(26460) Using 10 workers of 10 for evacuation
[2023-11-10T12:12:45.472-0800][77969104ms] GC(26460)   Pre Evacuate Collection Set: 0.0ms
[2023-11-10T12:12:45.472-0800][77969104ms] GC(26460)   Evacuate Collection Set: 1.6ms
[2023-11-10T12:12:45.472-0800][77969104ms] GC(26460)   Post Evacuate Collection Set: 3.1ms
[2023-11-10T12:12:45.472-0800][77969104ms] GC(26460)   Other: 0.3ms
[2023-11-10T12:12:45.472-0800][77969104ms] GC(26460) Eden regions: 147->0(147)
[2023-11-10T12:12:45.472-0800][77969104ms] GC(26460) Survivor regions: 1->1(19)
[2023-11-10T12:12:45.472-0800][77969104ms] GC(26460) Old regions: 1466->1466
[2023-11-10T12:12:45.472-0800][77969104ms] GC(26460) Humongous regions: 5->5
[2023-11-10T12:12:45.472-0800][77969104ms] GC(26460) Metaspace: 305043K->305043K(1349632K)
[2023-11-10T12:12:45.472-0800][77969104ms] GC(26460) Pause Young (Normal) (G1 Evacuation Pause) 3234M->2940M(3602M) 5.112ms
[2023-11-10T12:12:45.472-0800][77969104ms] GC(26460) User=0.00s Sys=0.00s Real=0.00s
[2023-11-10T12:12:45.724-0800][77969356ms] GC(26461) Pause Young (Normal) (G1 Evacuation Pause)
[2023-11-10T12:12:45.724-0800][77969356ms] GC(26461) Using 10 workers of 10 for evacuation
[2023-11-10T12:12:45.729-0800][77969361ms] GC(26461)   Pre Evacuate Collection Set: 0.1ms
[2023-11-10T12:12:45.729-0800][77969361ms] GC(26461)   Evacuate Collection Set: 1.7ms
[2023-11-10T12:12:45.729-0800][77969361ms] GC(26461)   Post Evacuate Collection Set: 3.0ms
[2023-11-10T12:12:45.729-0800][77969361ms] GC(26461)   Other: 0.2ms
[2023-11-10T12:12:45.729-0800][77969361ms] GC(26461) Eden regions: 147->0(147)
[2023-11-10T12:12:45.729-0800][77969361ms] GC(26461) Survivor regions: 1->1(19)
[2023-11-10T12:12:45.729-0800][77969361ms] GC(26461) Old regions: 1466->1466
[2023-11-10T12:12:45.729-0800][77969361ms] GC(26461) Humongous regions: 5->5
[2023-11-10T12:12:45.729-0800][77969361ms] GC(26461) Metaspace: 305043K->305043K(1349632K)
[2023-11-10T12:12:45.729-0800][77969361ms] GC(26461) Pause Young (Normal) (G1 Evacuation Pause) 3234M->2940M(3602M) 5.080ms
[2023-11-10T12:12:45.729-0800][77969361ms] GC(26461) User=0.00s Sys=0.00s Real=0.01s
[2023-11-10T12:12:45.988-0800][77969620ms] GC(26462) Pause Young (Normal) (G1 Evacuation Pause)
[2023-11-10T12:12:45.988-0800][77969620ms] GC(26462) Using 10 workers of 10 for evacuation
[2023-11-10T12:12:45.994-0800][77969626ms] GC(26462)   Pre Evacuate Collection Set: 0.0ms
[2023-11-10T12:12:45.994-0800][77969626ms] GC(26462)   Evacuate Collection Set: 1.6ms
[2023-11-10T12:12:45.994-0800][77969626ms] GC(26462)   Post Evacuate Collection Set: 3.3ms
[2023-11-10T12:12:45.994-0800][77969626ms] GC(26462)   Other: 0.2ms
[2023-11-10T12:12:45.994-0800][77969626ms] GC(26462) Eden regions: 147->0(147)
[2023-11-10T12:12:45.994-0800][77969626ms] GC(26462) Survivor regions: 1->1(19)
[2023-11-10T12:12:45.994-0800][77969626ms] GC(26462) Old regions: 1466->1466
[2023-11-10T12:12:45.994-0800][77969626ms] GC(26462) Humongous regions: 5->5
[2023-11-10T12:12:45.994-0800][77969626ms] GC(26462) Metaspace: 305043K->305043K(1349632K)
[2023-11-10T12:12:45.994-0800][77969626ms] GC(26462) Pause Young (Normal) (G1 Evacuation Pause) 3234M->2940M(3602M) 5.242ms
[2023-11-10T12:12:45.994-0800][77969626ms] GC(26462) User=0.02s Sys=0.00s Real=0.01s
[2023-11-10T12:12:46.230-0800][77969862ms] GC(26463) Pause Young (Normal) (G1 Evacuation Pause)
[2023-11-10T12:12:46.231-0800][77969863ms] GC(26463) Using 10 workers of 10 for evacuation
[2023-11-10T12:12:46.235-0800][77969867ms] GC(26463)   Pre Evacuate Collection Set: 0.0ms
[2023-11-10T12:12:46.235-0800][77969867ms] GC(26463)   Evacuate Collection Set: 1.6ms
[2023-11-10T12:12:46.235-0800][77969867ms] GC(26463)   Post Evacuate Collection Set: 3.0ms
[2023-11-10T12:12:46.235-0800][77969867ms] GC(26463)   Other: 0.2ms
[2023-11-10T12:12:46.235-0800][77969867ms] GC(26463) Eden regions: 147->0(147)
[2023-11-10T12:12:46.235-0800][77969867ms] GC(26463) Survivor regions: 1->1(19)
[2023-11-10T12:12:46.235-0800][77969867ms] GC(26463) Old regions: 1466->1466
[2023-11-10T12:12:46.235-0800][77969867ms] GC(26463) Humongous regions: 5->5
[2023-11-10T12:12:46.235-0800][77969867ms] GC(26463) Metaspace: 305043K->305043K(1349632K)
[2023-11-10T12:12:46.235-0800][77969867ms] GC(26463) Pause Young (Normal) (G1 Evacuation Pause) 3234M->2941M(3602M) 5.030ms
[2023-11-10T12:12:46.235-0800][77969867ms] GC(26463) User=0.00s Sys=0.00s Real=0.00s
[2023-11-10T12:12:46.506-0800][77970138ms] GC(26464) Pause Young (Normal) (G1 Evacuation Pause)
[2023-11-10T12:12:46.506-0800][77970138ms] GC(26464) Using 10 workers of 10 for evacuation
[2023-11-10T12:12:46.511-0800][77970143ms] GC(26464)   Pre Evacuate Collection Set: 0.0ms
[2023-11-10T12:12:46.511-0800][77970143ms] GC(26464)   Evacuate Collection Set: 1.7ms
[2023-11-10T12:12:46.511-0800][77970143ms] GC(26464)   Post Evacuate Collection Set: 3.0ms
[2023-11-10T12:12:46.511-0800][77970143ms] GC(26464)   Other: 0.2ms
[2023-11-10T12:12:46.511-0800][77970143ms] GC(26464) Eden regions: 147->0(147)
[2023-11-10T12:12:46.511-0800][77970143ms] GC(26464) Survivor regions: 1->1(19)
[2023-11-10T12:12:46.511-0800][77970143ms] GC(26464) Old regions: 1466->1466
[2023-11-10T12:12:46.511-0800][77970143ms] GC(26464) Humongous regions: 5->5
[2023-11-10T12:12:46.511-0800][77970143ms] GC(26464) Metaspace: 305043K->305043K(1349632K)
[2023-11-10T12:12:46.511-0800][77970143ms] GC(26464) Pause Young (Normal) (G1 Evacuation Pause) 3235M->2940M(3602M) 5.007ms
[2023-11-10T12:12:46.511-0800][77970143ms] GC(26464) User=0.05s Sys=0.00s Real=0.00s
[2023-11-10T12:12:46.759-0800][77970391ms] GC(26465) Pause Young (Normal) (G1 Evacuation Pause)
[2023-11-10T12:12:46.759-0800][77970391ms] GC(26465) Using 10 workers of 10 for evacuation
[2023-11-10T12:12:46.765-0800][77970397ms] GC(26465)   Pre Evacuate Collection Set: 0.0ms
[2023-11-10T12:12:46.765-0800][77970397ms] GC(26465)   Evacuate Collection Set: 1.8ms
[2023-11-10T12:12:46.765-0800][77970397ms] GC(26465)   Post Evacuate Collection Set: 3.0ms
[2023-11-10T12:12:46.765-0800][77970397ms] GC(26465)   Other: 0.2ms
[2023-11-10T12:12:46.765-0800][77970397ms] GC(26465) Eden regions: 147->0(147)
[2023-11-10T12:12:46.765-0800][77970397ms] GC(26465) Survivor regions: 1->1(19)
[2023-11-10T12:12:46.765-0800][77970397ms] GC(26465) Old regions: 1466->1466
[2023-11-10T12:12:46.765-0800][77970397ms] GC(26465) Humongous regions: 5->5
[2023-11-10T12:12:46.765-0800][77970397ms] GC(26465) Metaspace: 305043K->305043K(1349632K)
[2023-11-10T12:12:46.765-0800][77970397ms] GC(26465) Pause Young (Normal) (G1 Evacuation Pause) 3234M->2940M(3602M) 5.127ms
[2023-11-10T12:12:46.765-0800][77970397ms] GC(26465) User=0.00s Sys=0.00s Real=0.01s
[2023-11-10T12:12:47.019-0800][77970651ms] GC(26466) Pause Young (Normal) (G1 Evacuation Pause)
[2023-11-10T12:12:47.019-0800][77970651ms] GC(26466) Using 10 workers of 10 for evacuation
[2023-11-10T12:12:47.023-0800][77970655ms] GC(26466)   Pre Evacuate Collection Set: 0.0ms
[2023-11-10T12:12:47.023-0800][77970655ms] GC(26466)   Evacuate Collection Set: 1.6ms
[2023-11-10T12:12:47.023-0800][77970655ms] GC(26466)   Post Evacuate Collection Set: 3.0ms
[2023-11-10T12:12:47.023-0800][77970655ms] GC(26466)   Other: 0.3ms
[2023-11-10T12:12:47.023-0800][77970655ms] GC(26466) Eden regions: 147->0(147)
[2023-11-10T12:12:47.023-0800][77970655ms] GC(26466) Survivor regions: 1->1(19)
[2023-11-10T12:12:47.023-0800][77970655ms] GC(26466) Old regions: 1466->1466
[2023-11-10T12:12:47.023-0800][77970655ms] GC(26466) Humongous regions: 5->5
[2023-11-10T12:12:47.023-0800][77970655ms] GC(26466) Metaspace: 305043K->305043K(1349632K)
[2023-11-10T12:12:47.024-0800][77970656ms] GC(26466) Pause Young (Normal) (G1 Evacuation Pause) 3234M->2940M(3602M) 4.967ms
[2023-11-10T12:12:47.024-0800][77970656ms] GC(26466) User=0.02s Sys=0.00s Real=0.00s
[2023-11-10T12:12:47.267-0800][77970899ms] GC(26467) Pause Young (Normal) (G1 Evacuation Pause)
[2023-11-10T12:12:47.267-0800][77970899ms] GC(26467) Using 10 workers of 10 for evacuation
[2023-11-10T12:12:47.272-0800][77970904ms] GC(26467)   Pre Evacuate Collection Set: 0.0ms
[2023-11-10T12:12:47.272-0800][77970904ms] GC(26467)   Evacuate Collection Set: 1.7ms
[2023-11-10T12:12:47.272-0800][77970904ms] GC(26467)   Post Evacuate Collection Set: 3.0ms
[2023-11-10T12:12:47.272-0800][77970904ms] GC(26467)   Other: 0.3ms
[2023-11-10T12:12:47.272-0800][77970904ms] GC(26467) Eden regions: 147->0(147)
[2023-11-10T12:12:47.272-0800][77970904ms] GC(26467) Survivor regions: 1->1(19)
[2023-11-10T12:12:47.272-0800][77970904ms] GC(26467) Old regions: 1466->1466
[2023-11-10T12:12:47.272-0800][77970904ms] GC(26467) Humongous regions: 5->5
[2023-11-10T12:12:47.272-0800][77970904ms] GC(26467) Metaspace: 305043K->305043K(1349632K)
[2023-11-10T12:12:47.272-0800][77970904ms] GC(26467) Pause Young (Normal) (G1 Evacuation Pause) 3234M->2940M(3602M) 5.089ms
[2023-11-10T12:12:47.272-0800][77970904ms] GC(26467) User=0.00s Sys=0.00s Real=0.01s
[2023-11-10T12:12:47.545-0800][77971177ms] GC(26468) Pause Young (Normal) (G1 Evacuation Pause)
[2023-11-10T12:12:47.545-0800][77971177ms] GC(26468) Using 10 workers of 10 for evacuation
[2023-11-10T12:12:47.550-0800][77971182ms] GC(26468)   Pre Evacuate Collection Set: 0.0ms
[2023-11-10T12:12:47.550-0800][77971182ms] GC(26468)   Evacuate Collection Set: 1.6ms
[2023-11-10T12:12:47.550-0800][77971182ms] GC(26468)   Post Evacuate Collection Set: 3.0ms
[2023-11-10T12:12:47.550-0800][77971182ms] GC(26468)   Other: 0.2ms
[2023-11-10T12:12:47.550-0800][77971182ms] GC(26468) Eden regions: 147->0(147)
[2023-11-10T12:12:47.550-0800][77971182ms] GC(26468) Survivor regions: 1->1(19)
[2023-11-10T12:12:47.550-0800][77971182ms] GC(26468) Old regions: 1466->1466
[2023-11-10T12:12:47.550-0800][77971182ms] GC(26468) Humongous regions: 5->5
[2023-11-10T12:12:47.550-0800][77971182ms] GC(26468) Metaspace: 305043K->305043K(1349632K)
[2023-11-10T12:12:47.550-0800][77971182ms] GC(26468) Pause Young (Normal) (G1 Evacuation Pause) 3234M->2940M(3602M) 5.127ms
[2023-11-10T12:12:47.550-0800][77971182ms] GC(26468) User=0.00s Sys=0.00s Real=0.00s
[2023-11-10T12:12:47.801-0800][77971433ms] GC(26469) Pause Young (Normal) (G1 Evacuation Pause)
[2023-11-10T12:12:47.801-0800][77971433ms] GC(26469) Using 10 workers of 10 for evacuation
[2023-11-10T12:12:47.806-0800][77971438ms] GC(26469)   Pre Evacuate Collection Set: 0.0ms
[2023-11-10T12:12:47.806-0800][77971438ms] GC(26469)   Evacuate Collection Set: 1.6ms
[2023-11-10T12:12:47.806-0800][77971438ms] GC(26469)   Post Evacuate Collection Set: 2.9ms
[2023-11-10T12:12:47.806-0800][77971438ms] GC(26469)   Other: 0.3ms
[2023-11-10T12:12:47.806-0800][77971438ms] GC(26469) Eden regions: 147->0(147)
[2023-11-10T12:12:47.806-0800][77971438ms] GC(26469) Survivor regions: 1->1(19)
[2023-11-10T12:12:47.806-0800][77971438ms] GC(26469) Old regions: 1466->1466
[2023-11-10T12:12:47.806-0800][77971438ms] GC(26469) Humongous regions: 5->5
[2023-11-10T12:12:47.806-0800][77971438ms] GC(26469) Metaspace: 305043K->305043K(1349632K)
[2023-11-10T12:12:47.806-0800][77971438ms] GC(26469) Pause Young (Normal) (G1 Evacuation Pause) 3234M->2941M(3602M) 4.932ms
[2023-11-10T12:12:47.806-0800][77971438ms] GC(26469) User=0.00s Sys=0.00s Real=0.00s
[2023-11-10T12:12:48.077-0800][77971709ms] GC(26470) Pause Young (Normal) (G1 Evacuation Pause)
[2023-11-10T12:12:48.077-0800][77971709ms] GC(26470) Using 10 workers of 10 for evacuation
[2023-11-10T12:12:48.082-0800][77971714ms] GC(26470)   Pre Evacuate Collection Set: 0.0ms
[2023-11-10T12:12:48.082-0800][77971714ms] GC(26470)   Evacuate Collection Set: 1.7ms
[2023-11-10T12:12:48.082-0800][77971714ms] GC(26470)   Post Evacuate Collection Set: 3.4ms
[2023-11-10T12:12:48.082-0800][77971714ms] GC(26470)   Other: 0.3ms
[2023-11-10T12:12:48.082-0800][77971714ms] GC(26470) Eden regions: 147->0(147)
[2023-11-10T12:12:48.082-0800][77971714ms] GC(26470) Survivor regions: 1->1(19)
[2023-11-10T12:12:48.082-0800][77971714ms] GC(26470) Old regions: 1466->1466
[2023-11-10T12:12:48.082-0800][77971714ms] GC(26470) Humongous regions: 5->5
[2023-11-10T12:12:48.082-0800][77971714ms] GC(26470) Metaspace: 305043K->305043K(1349632K)
[2023-11-10T12:12:48.082-0800][77971714ms] GC(26470) Pause Young (Normal) (G1 Evacuation Pause) 3235M->2940M(3602M) 5.417ms
[2023-11-10T12:12:48.082-0800][77971714ms] GC(26470) User=0.00s Sys=0.00s Real=0.01s
[2023-11-10T12:12:48.356-0800][77971988ms] GC(26471) Pause Young (Normal) (G1 Evacuation Pause)
[2023-11-10T12:12:48.356-0800][77971988ms] GC(26471) Using 10 workers of 10 for evacuation
[2023-11-10T12:12:48.367-0800][77971999ms] GC(26471)   Pre Evacuate Collection Set: 0.0ms
[2023-11-10T12:12:48.367-0800][77971999ms] GC(26471)   Evacuate Collection Set: 1.7ms
[2023-11-10T12:12:48.367-0800][77971999ms] GC(26471)   Post Evacuate Collection Set: 8.8ms
[2023-11-10T12:12:48.367-0800][77971999ms] GC(26471)   Other: 0.2ms
[2023-11-10T12:12:48.367-0800][77971999ms] GC(26471) Eden regions: 147->0(147)
[2023-11-10T12:12:48.367-0800][77971999ms] GC(26471) Survivor regions: 1->1(19)
[2023-11-10T12:12:48.367-0800][77971999ms] GC(26471) Old regions: 1466->1466
[2023-11-10T12:12:48.367-0800][77971999ms] GC(26471) Humongous regions: 5->5
[2023-11-10T12:12:48.367-0800][77971999ms] GC(26471) Metaspace: 305043K->305043K(1349632K)
[2023-11-10T12:12:48.367-0800][77971999ms] GC(26471) Pause Young (Normal) (G1 Evacuation Pause) 3234M->2940M(3602M) 10.860ms
[2023-11-10T12:12:48.367-0800][77971999ms] GC(26471) User=0.00s Sys=0.00s Real=0.01s
[2023-11-10T12:12:48.618-0800][77972250ms] GC(26472) Pause Young (Normal) (G1 Evacuation Pause)
[2023-11-10T12:12:48.618-0800][77972250ms] GC(26472) Using 10 workers of 10 for evacuation
[2023-11-10T12:12:48.623-0800][77972255ms] GC(26472)   Pre Evacuate Collection Set: 0.0ms
[2023-11-10T12:12:48.623-0800][77972255ms] GC(26472)   Evacuate Collection Set: 1.6ms
[2023-11-10T12:12:48.623-0800][77972255ms] GC(26472)   Post Evacuate Collection Set: 3.1ms
[2023-11-10T12:12:48.623-0800][77972255ms] GC(26472)   Other: 0.3ms
[2023-11-10T12:12:48.623-0800][77972255ms] GC(26472) Eden regions: 147->0(147)
[2023-11-10T12:12:48.623-0800][77972255ms] GC(26472) Survivor regions: 1->1(19)
[2023-11-10T12:12:48.623-0800][77972255ms] GC(26472) Old regions: 1466->1466
[2023-11-10T12:12:48.623-0800][77972255ms] GC(26472) Humongous regions: 5->5
[2023-11-10T12:12:48.623-0800][77972255ms] GC(26472) Metaspace: 305043K->305043K(1349632K)
[2023-11-10T12:12:48.623-0800][77972255ms] GC(26472) Pause Young (Normal) (G1 Evacuation Pause) 3234M->2940M(3602M) 5.163ms
[2023-11-10T12:12:48.623-0800][77972255ms] GC(26472) User=0.00s Sys=0.00s Real=0.00s
[2023-11-10T12:12:48.874-0800][77972506ms] GC(26473) Pause Young (Normal) (G1 Evacuation Pause)
[2023-11-10T12:12:48.874-0800][77972506ms] GC(26473) Using 10 workers of 10 for evacuation
[2023-11-10T12:12:48.879-0800][77972511ms] GC(26473)   Pre Evacuate Collection Set: 0.0ms
[2023-11-10T12:12:48.879-0800][77972511ms] GC(26473)   Evacuate Collection Set: 1.7ms
[2023-11-10T12:12:48.879-0800][77972511ms] GC(26473)   Post Evacuate Collection Set: 3.0ms
[2023-11-10T12:12:48.879-0800][77972511ms] GC(26473)   Other: 0.3ms
[2023-11-10T12:12:48.879-0800][77972511ms] GC(26473) Eden regions: 147->0(147)
[2023-11-10T12:12:48.879-0800][77972511ms] GC(26473) Survivor regions: 1->1(19)
[2023-11-10T12:12:48.879-0800][77972511ms] GC(26473) Old regions: 1466->1466
[2023-11-10T12:12:48.879-0800][77972511ms] GC(26473) Humongous regions: 5->5
[2023-11-10T12:12:48.879-0800][77972511ms] GC(26473) Metaspace: 305043K->305043K(1349632K)
[2023-11-10T12:12:48.879-0800][77972511ms] GC(26473) Pause Young (Normal) (G1 Evacuation Pause) 3234M->2940M(3602M) 5.085ms
[2023-11-10T12:12:48.879-0800][77972511ms] GC(26473) User=0.00s Sys=0.00s Real=0.00s
[2023-11-10T12:12:49.147-0800][77972779ms] GC(26474) Pause Young (Normal) (G1 Evacuation Pause)
[2023-11-10T12:12:49.147-0800][77972779ms] GC(26474) Using 10 workers of 10 for evacuation
[2023-11-10T12:12:49.152-0800][77972784ms] GC(26474)   Pre Evacuate Collection Set: 0.0ms
[2023-11-10T12:12:49.152-0800][77972784ms] GC(26474)   Evacuate Collection Set: 1.6ms
[2023-11-10T12:12:49.152-0800][77972784ms] GC(26474)   Post Evacuate Collection Set: 3.1ms
[2023-11-10T12:12:49.152-0800][77972784ms] GC(26474)   Other: 0.3ms
[2023-11-10T12:12:49.152-0800][77972784ms] GC(26474) Eden regions: 147->0(147)
[2023-11-10T12:12:49.152-0800][77972784ms] GC(26474) Survivor regions: 1->1(19)
[2023-11-10T12:12:49.152-0800][77972784ms] GC(26474) Old regions: 1466->1466
[2023-11-10T12:12:49.152-0800][77972784ms] GC(26474) Humongous regions: 5->5
[2023-11-10T12:12:49.152-0800][77972784ms] GC(26474) Metaspace: 305043K->305043K(1349632K)
[2023-11-10T12:12:49.152-0800][77972784ms] GC(26474) Pause Young (Normal) (G1 Evacuation Pause) 3234M->2940M(3602M) 5.111ms
[2023-11-10T12:12:49.152-0800][77972784ms] GC(26474) User=0.02s Sys=0.00s Real=0.00s
[2023-11-10T12:12:49.400-0800][77973032ms] GC(26475) Pause Young (Normal) (G1 Evacuation Pause)
[2023-11-10T12:12:49.400-0800][77973032ms] GC(26475) Using 10 workers of 10 for evacuation
[2023-11-10T12:12:49.405-0800][77973037ms] GC(26475)   Pre Evacuate Collection Set: 0.0ms
[2023-11-10T12:12:49.405-0800][77973037ms] GC(26475)   Evacuate Collection Set: 1.7ms
[2023-11-10T12:12:49.405-0800][77973037ms] GC(26475)   Post Evacuate Collection Set: 3.1ms
[2023-11-10T12:12:49.405-0800][77973037ms] GC(26475)   Other: 0.2ms
[2023-11-10T12:12:49.405-0800][77973037ms] GC(26475) Eden regions: 147->0(147)
[2023-11-10T12:12:49.405-0800][77973037ms] GC(26475) Survivor regions: 1->1(19)
[2023-11-10T12:12:49.405-0800][77973037ms] GC(26475) Old regions: 1466->1466
[2023-11-10T12:12:49.405-0800][77973037ms] GC(26475) Humongous regions: 5->5
[2023-11-10T12:12:49.405-0800][77973037ms] GC(26475) Metaspace: 305043K->305043K(1349632K)
[2023-11-10T12:12:49.405-0800][77973037ms] GC(26475) Pause Young (Normal) (G1 Evacuation Pause) 3234M->2940M(3602M) 5.139ms
[2023-11-10T12:12:49.405-0800][77973037ms] GC(26475) User=0.00s Sys=0.00s Real=0.00s
[2023-11-10T12:12:49.659-0800][77973291ms] GC(26476) Pause Young (Normal) (G1 Evacuation Pause)
[2023-11-10T12:12:49.659-0800][77973291ms] GC(26476) Using 10 workers of 10 for evacuation
[2023-11-10T12:12:49.664-0800][77973296ms] GC(26476)   Pre Evacuate Collection Set: 0.0ms
[2023-11-10T12:12:49.664-0800][77973296ms] GC(26476)   Evacuate Collection Set: 1.7ms
[2023-11-10T12:12:49.664-0800][77973296ms] GC(26476)   Post Evacuate Collection Set: 3.0ms
[2023-11-10T12:12:49.664-0800][77973296ms] GC(26476)   Other: 0.3ms
[2023-11-10T12:12:49.664-0800][77973296ms] GC(26476) Eden regions: 147->0(147)
[2023-11-10T12:12:49.664-0800][77973296ms] GC(26476) Survivor regions: 1->1(19)
[2023-11-10T12:12:49.664-0800][77973296ms] GC(26476) Old regions: 1466->1466
[2023-11-10T12:12:49.664-0800][77973296ms] GC(26476) Humongous regions: 5->5
[2023-11-10T12:12:49.664-0800][77973296ms] GC(26476) Metaspace: 305043K->305043K(1349632K)
[2023-11-10T12:12:49.664-0800][77973296ms] GC(26476) Pause Young (Normal) (G1 Evacuation Pause) 3234M->2940M(3602M) 5.193ms
[2023-11-10T12:12:49.664-0800][77973296ms] GC(26476) User=0.02s Sys=0.00s Real=0.01s
[2023-11-10T12:12:49.941-0800][77973573ms] GC(26477) Pause Young (Normal) (G1 Evacuation Pause)
[2023-11-10T12:12:49.941-0800][77973573ms] GC(26477) Using 10 workers of 10 for evacuation
[2023-11-10T12:12:49.946-0800][77973578ms] GC(26477)   Pre Evacuate Collection Set: 0.0ms
[2023-11-10T12:12:49.946-0800][77973578ms] GC(26477)   Evacuate Collection Set: 1.7ms
[2023-11-10T12:12:49.946-0800][77973578ms] GC(26477)   Post Evacuate Collection Set: 3.2ms
[2023-11-10T12:12:49.946-0800][77973578ms] GC(26477)   Other: 0.3ms
[2023-11-10T12:12:49.946-0800][77973578ms] GC(26477) Eden regions: 147->0(147)
[2023-11-10T12:12:49.946-0800][77973578ms] GC(26477) Survivor regions: 1->1(19)
[2023-11-10T12:12:49.946-0800][77973578ms] GC(26477) Old regions: 1466->1466
[2023-11-10T12:12:49.946-0800][77973578ms] GC(26477) Humongous regions: 5->5
[2023-11-10T12:12:49.946-0800][77973578ms] GC(26477) Metaspace: 305043K->305043K(1349632K)
[2023-11-10T12:12:49.946-0800][77973578ms] GC(26477) Pause Young (Normal) (G1 Evacuation Pause) 3234M->2940M(3602M) 5.317ms
[2023-11-10T12:12:49.946-0800][77973578ms] GC(26477) User=0.02s Sys=0.00s Real=0.01s
[2023-11-10T12:12:50.210-0800][77973842ms] GC(26478) Pause Young (Normal) (G1 Evacuation Pause)
[2023-11-10T12:12:50.210-0800][77973842ms] GC(26478) Using 10 workers of 10 for evacuation
[2023-11-10T12:12:50.215-0800][77973847ms] GC(26478)   Pre Evacuate Collection Set: 0.0ms
[2023-11-10T12:12:50.215-0800][77973847ms] GC(26478)   Evacuate Collection Set: 1.8ms
[2023-11-10T12:12:50.215-0800][77973847ms] GC(26478)   Post Evacuate Collection Set: 3.1ms
[2023-11-10T12:12:50.215-0800][77973847ms] GC(26478)   Other: 0.2ms
[2023-11-10T12:12:50.215-0800][77973847ms] GC(26478) Eden regions: 147->0(147)
[2023-11-10T12:12:50.215-0800][77973847ms] GC(26478) Survivor regions: 1->1(19)
[2023-11-10T12:12:50.215-0800][77973847ms] GC(26478) Old regions: 1466->1466
[2023-11-10T12:12:50.215-0800][77973847ms] GC(26478) Humongous regions: 5->5
[2023-11-10T12:12:50.215-0800][77973847ms] GC(26478) Metaspace: 305043K->305043K(1349632K)
[2023-11-10T12:12:50.215-0800][77973847ms] GC(26478) Pause Young (Normal) (G1 Evacuation Pause) 3234M->2940M(3602M) 5.242ms
[2023-11-10T12:12:50.215-0800][77973847ms] GC(26478) User=0.09s Sys=0.00s Real=0.00s
[2023-11-10T12:12:50.476-0800][77974108ms] GC(26479) Pause Young (Normal) (G1 Evacuation Pause)
[2023-11-10T12:12:50.476-0800][77974108ms] GC(26479) Using 10 workers of 10 for evacuation
[2023-11-10T12:12:50.480-0800][77974112ms] GC(26479)   Pre Evacuate Collection Set: 0.0ms
[2023-11-10T12:12:50.481-0800][77974113ms] GC(26479)   Evacuate Collection Set: 1.7ms
[2023-11-10T12:12:50.481-0800][77974113ms] GC(26479)   Post Evacuate Collection Set: 3.1ms
[2023-11-10T12:12:50.481-0800][77974113ms] GC(26479)   Other: 0.2ms
[2023-11-10T12:12:50.481-0800][77974113ms] GC(26479) Eden regions: 147->0(147)
[2023-11-10T12:12:50.481-0800][77974113ms] GC(26479) Survivor regions: 1->1(19)
[2023-11-10T12:12:50.481-0800][77974113ms] GC(26479) Old regions: 1466->1466
[2023-11-10T12:12:50.481-0800][77974113ms] GC(26479) Humongous regions: 5->5
[2023-11-10T12:12:50.481-0800][77974113ms] GC(26479) Metaspace: 305043K->305043K(1349632K)
[2023-11-10T12:12:50.481-0800][77974113ms] GC(26479) Pause Young (Normal) (G1 Evacuation Pause) 3234M->2940M(3602M) 5.168ms
[2023-11-10T12:12:50.481-0800][77974113ms] GC(26479) User=0.00s Sys=0.00s Real=0.00s
[2023-11-10T12:12:50.745-0800][77974377ms] GC(26480) Pause Young (Normal) (G1 Evacuation Pause)
[2023-11-10T12:12:50.745-0800][77974377ms] GC(26480) Using 10 workers of 10 for evacuation
[2023-11-10T12:12:50.750-0800][77974382ms] GC(26480)   Pre Evacuate Collection Set: 0.0ms
[2023-11-10T12:12:50.750-0800][77974382ms] GC(26480)   Evacuate Collection Set: 1.7ms
[2023-11-10T12:12:50.750-0800][77974382ms] GC(26480)   Post Evacuate Collection Set: 3.2ms
[2023-11-10T12:12:50.750-0800][77974382ms] GC(26480)   Other: 0.2ms
[2023-11-10T12:12:50.750-0800][77974382ms] GC(26480) Eden regions: 147->0(147)
[2023-11-10T12:12:50.750-0800][77974382ms] GC(26480) Survivor regions: 1->1(19)
[2023-11-10T12:12:50.750-0800][77974382ms] GC(26480) Old regions: 1466->1466
[2023-11-10T12:12:50.750-0800][77974382ms] GC(26480) Humongous regions: 5->5
[2023-11-10T12:12:50.750-0800][77974382ms] GC(26480) Metaspace: 305043K->305043K(1349632K)
[2023-11-10T12:12:50.750-0800][77974382ms] GC(26480) Pause Young (Normal) (G1 Evacuation Pause) 3234M->2940M(3602M) 5.191ms
[2023-11-10T12:12:50.750-0800][77974382ms] GC(26480) User=0.00s Sys=0.00s Real=0.01s
[2023-11-10T12:12:51.005-0800][77974637ms] GC(26481) Pause Young (Normal) (G1 Evacuation Pause)
[2023-11-10T12:12:51.005-0800][77974637ms] GC(26481) Using 10 workers of 10 for evacuation
[2023-11-10T12:12:51.009-0800][77974641ms] GC(26481)   Pre Evacuate Collection Set: 0.0ms
[2023-11-10T12:12:51.009-0800][77974641ms] GC(26481)   Evacuate Collection Set: 1.6ms
[2023-11-10T12:12:51.009-0800][77974641ms] GC(26481)   Post Evacuate Collection Set: 3.1ms
[2023-11-10T12:12:51.009-0800][77974641ms] GC(26481)   Other: 0.2ms
[2023-11-10T12:12:51.009-0800][77974641ms] GC(26481) Eden regions: 147->0(147)
[2023-11-10T12:12:51.009-0800][77974641ms] GC(26481) Survivor regions: 1->1(19)
[2023-11-10T12:12:51.009-0800][77974641ms] GC(26481) Old regions: 1466->1466
[2023-11-10T12:12:51.009-0800][77974641ms] GC(26481) Humongous regions: 5->5
[2023-11-10T12:12:51.009-0800][77974641ms] GC(26481) Metaspace: 305043K->305043K(1349632K)
[2023-11-10T12:12:51.009-0800][77974641ms] GC(26481) Pause Young (Normal) (G1 Evacuation Pause) 3234M->2940M(3602M) 5.044ms
[2023-11-10T12:12:51.009-0800][77974641ms] GC(26481) User=0.02s Sys=0.00s Real=0.00s
[2023-11-10T12:12:51.258-0800][77974890ms] GC(26482) Pause Young (Normal) (G1 Evacuation Pause)
[2023-11-10T12:12:51.258-0800][77974890ms] GC(26482) Using 10 workers of 10 for evacuation
[2023-11-10T12:12:51.263-0800][77974895ms] GC(26482)   Pre Evacuate Collection Set: 0.0ms
[2023-11-10T12:12:51.263-0800][77974895ms] GC(26482)   Evacuate Collection Set: 1.6ms
[2023-11-10T12:12:51.263-0800][77974895ms] GC(26482)   Post Evacuate Collection Set: 3.1ms
[2023-11-10T12:12:51.263-0800][77974895ms] GC(26482)   Other: 0.3ms
[2023-11-10T12:12:51.263-0800][77974895ms] GC(26482) Eden regions: 147->0(147)
[2023-11-10T12:12:51.263-0800][77974895ms] GC(26482) Survivor regions: 1->1(19)
[2023-11-10T12:12:51.263-0800][77974895ms] GC(26482) Old regions: 1466->1466
[2023-11-10T12:12:51.263-0800][77974895ms] GC(26482) Humongous regions: 5->5
[2023-11-10T12:12:51.263-0800][77974895ms] GC(26482) Metaspace: 305043K->305043K(1349632K)
[2023-11-10T12:12:51.263-0800][77974895ms] GC(26482) Pause Young (Normal) (G1 Evacuation Pause) 3234M->2940M(3602M) 5.151ms
[2023-11-10T12:12:51.263-0800][77974895ms] GC(26482) User=0.00s Sys=0.00s Real=0.01s
[2023-11-10T12:12:51.538-0800][77975170ms] GC(26483) Pause Young (Normal) (G1 Evacuation Pause)
[2023-11-10T12:12:51.538-0800][77975170ms] GC(26483) Using 10 workers of 10 for evacuation
[2023-11-10T12:12:51.542-0800][77975174ms] GC(26483)   Pre Evacuate Collection Set: 0.0ms
[2023-11-10T12:12:51.543-0800][77975175ms] GC(26483)   Evacuate Collection Set: 1.7ms
[2023-11-10T12:12:51.543-0800][77975175ms] GC(26483)   Post Evacuate Collection Set: 3.0ms
[2023-11-10T12:12:51.543-0800][77975175ms] GC(26483)   Other: 0.2ms
[2023-11-10T12:12:51.543-0800][77975175ms] GC(26483) Eden regions: 147->0(147)
[2023-11-10T12:12:51.543-0800][77975175ms] GC(26483) Survivor regions: 1->1(19)
[2023-11-10T12:12:51.543-0800][77975175ms] GC(26483) Old regions: 1466->1466
[2023-11-10T12:12:51.543-0800][77975175ms] GC(26483) Humongous regions: 5->5
[2023-11-10T12:12:51.543-0800][77975175ms] GC(26483) Metaspace: 305043K->305043K(1349632K)
[2023-11-10T12:12:51.543-0800][77975175ms] GC(26483) Pause Young (Normal) (G1 Evacuation Pause) 3234M->2940M(3602M) 5.011ms
[2023-11-10T12:12:51.543-0800][77975175ms] GC(26483) User=0.05s Sys=0.00s Real=0.00s
[2023-11-10T12:12:51.805-0800][77975437ms] GC(26484) Pause Young (Normal) (G1 Evacuation Pause)
[2023-11-10T12:12:51.805-0800][77975437ms] GC(26484) Using 10 workers of 10 for evacuation
[2023-11-10T12:12:51.810-0800][77975442ms] GC(26484)   Pre Evacuate Collection Set: 0.0ms
[2023-11-10T12:12:51.810-0800][77975442ms] GC(26484)   Evacuate Collection Set: 1.7ms
[2023-11-10T12:12:51.810-0800][77975442ms] GC(26484)   Post Evacuate Collection Set: 3.0ms
[2023-11-10T12:12:51.810-0800][77975442ms] GC(26484)   Other: 0.3ms
[2023-11-10T12:12:51.810-0800][77975442ms] GC(26484) Eden regions: 147->0(147)
[2023-11-10T12:12:51.810-0800][77975442ms] GC(26484) Survivor regions: 1->1(19)
[2023-11-10T12:12:51.810-0800][77975442ms] GC(26484) Old regions: 1466->1466
[2023-11-10T12:12:51.810-0800][77975442ms] GC(26484) Humongous regions: 5->5
[2023-11-10T12:12:51.810-0800][77975442ms] GC(26484) Metaspace: 305043K->305043K(1349632K)
[2023-11-10T12:12:51.810-0800][77975442ms] GC(26484) Pause Young (Normal) (G1 Evacuation Pause) 3234M->2940M(3602M) 5.092ms
[2023-11-10T12:12:51.810-0800][77975442ms] GC(26484) User=0.00s Sys=0.00s Real=0.00s
[2023-11-10T12:12:52.066-0800][77975698ms] GC(26485) Pause Young (Normal) (G1 Evacuation Pause)
[2023-11-10T12:12:52.066-0800][77975698ms] GC(26485) Using 10 workers of 10 for evacuation
[2023-11-10T12:12:52.071-0800][77975703ms] GC(26485)   Pre Evacuate Collection Set: 0.0ms
[2023-11-10T12:12:52.071-0800][77975703ms] GC(26485)   Evacuate Collection Set: 1.6ms
[2023-11-10T12:12:52.071-0800][77975703ms] GC(26485)   Post Evacuate Collection Set: 3.0ms
[2023-11-10T12:12:52.071-0800][77975703ms] GC(26485)   Other: 0.2ms
[2023-11-10T12:12:52.071-0800][77975703ms] GC(26485) Eden regions: 147->0(147)
[2023-11-10T12:12:52.071-0800][77975703ms] GC(26485) Survivor regions: 1->1(19)
[2023-11-10T12:12:52.071-0800][77975703ms] GC(26485) Old regions: 1466->1466
[2023-11-10T12:12:52.071-0800][77975703ms] GC(26485) Humongous regions: 5->5
[2023-11-10T12:12:52.071-0800][77975703ms] GC(26485) Metaspace: 305043K->305043K(1349632K)
[2023-11-10T12:12:52.071-0800][77975703ms] GC(26485) Pause Young (Normal) (G1 Evacuation Pause) 3234M->2940M(3602M) 5.063ms
[2023-11-10T12:12:52.071-0800][77975703ms] GC(26485) User=0.02s Sys=0.00s Real=0.01s
[2023-11-10T12:12:52.319-0800][77975951ms] GC(26486) Pause Young (Normal) (G1 Evacuation Pause)
[2023-11-10T12:12:52.319-0800][77975951ms] GC(26486) Using 10 workers of 10 for evacuation
[2023-11-10T12:12:52.324-0800][77975956ms] GC(26486)   Pre Evacuate Collection Set: 0.0ms
[2023-11-10T12:12:52.324-0800][77975956ms] GC(26486)   Evacuate Collection Set: 1.6ms
[2023-11-10T12:12:52.324-0800][77975956ms] GC(26486)   Post Evacuate Collection Set: 3.0ms
[2023-11-10T12:12:52.324-0800][77975956ms] GC(26486)   Other: 0.2ms
[2023-11-10T12:12:52.324-0800][77975956ms] GC(26486) Eden regions: 147->0(147)
[2023-11-10T12:12:52.324-0800][77975956ms] GC(26486) Survivor regions: 1->1(19)
[2023-11-10T12:12:52.324-0800][77975956ms] GC(26486) Old regions: 1466->1466
[2023-11-10T12:12:52.324-0800][77975956ms] GC(26486) Humongous regions: 5->5
[2023-11-10T12:12:52.324-0800][77975956ms] GC(26486) Metaspace: 305043K->305043K(1349632K)
[2023-11-10T12:12:52.324-0800][77975956ms] GC(26486) Pause Young (Normal) (G1 Evacuation Pause) 3234M->2940M(3602M) 5.026ms
[2023-11-10T12:12:52.324-0800][77975956ms] GC(26486) User=0.09s Sys=0.00s Real=0.00s
[2023-11-10T12:12:52.678-0800][77976310ms] GC(26487) Pause Young (Normal) (G1 Evacuation Pause)
[2023-11-10T12:12:52.678-0800][77976310ms] GC(26487) Using 10 workers of 10 for evacuation
[2023-11-10T12:12:52.684-0800][77976316ms] GC(26487)   Pre Evacuate Collection Set: 0.1ms
[2023-11-10T12:12:52.684-0800][77976316ms] GC(26487)   Evacuate Collection Set: 2.2ms
[2023-11-10T12:12:52.684-0800][77976316ms] GC(26487)   Post Evacuate Collection Set: 3.8ms
[2023-11-10T12:12:52.684-0800][77976316ms] GC(26487)   Other: 0.4ms
[2023-11-10T12:12:52.684-0800][77976316ms] GC(26487) Eden regions: 147->0(147)
[2023-11-10T12:12:52.684-0800][77976316ms] GC(26487) Survivor regions: 1->1(19)
[2023-11-10T12:12:52.684-0800][77976316ms] GC(26487) Old regions: 1466->1466
[2023-11-10T12:12:52.684-0800][77976316ms] GC(26487) Humongous regions: 5->5
[2023-11-10T12:12:52.684-0800][77976316ms] GC(26487) Metaspace: 305043K->305043K(1349632K)
[2023-11-10T12:12:52.684-0800][77976316ms] GC(26487) Pause Young (Normal) (G1 Evacuation Pause) 3234M->2940M(3602M) 6.539ms
[2023-11-10T12:12:52.684-0800][77976316ms] GC(26487) User=0.06s Sys=0.00s Real=0.01s
[2023-11-10T12:12:52.967-0800][77976599ms] GC(26488) Pause Young (Normal) (G1 Evacuation Pause)
[2023-11-10T12:12:52.967-0800][77976599ms] GC(26488) Using 10 workers of 10 for evacuation
[2023-11-10T12:12:52.973-0800][77976605ms] GC(26488)   Pre Evacuate Collection Set: 0.0ms
[2023-11-10T12:12:52.973-0800][77976605ms] GC(26488)   Evacuate Collection Set: 1.7ms
[2023-11-10T12:12:52.973-0800][77976605ms] GC(26488)   Post Evacuate Collection Set: 3.1ms
[2023-11-10T12:12:52.973-0800][77976605ms] GC(26488)   Other: 0.3ms
[2023-11-10T12:12:52.973-0800][77976605ms] GC(26488) Eden regions: 147->0(147)
[2023-11-10T12:12:52.973-0800][77976605ms] GC(26488) Survivor regions: 1->1(19)
[2023-11-10T12:12:52.973-0800][77976605ms] GC(26488) Old regions: 1466->1466
[2023-11-10T12:12:52.973-0800][77976605ms] GC(26488) Humongous regions: 5->5
[2023-11-10T12:12:52.973-0800][77976605ms] GC(26488) Metaspace: 305043K->305043K(1349632K)
[2023-11-10T12:12:52.973-0800][77976605ms] GC(26488) Pause Young (Normal) (G1 Evacuation Pause) 3234M->2940M(3602M) 5.174ms
[2023-11-10T12:12:52.973-0800][77976605ms] GC(26488) User=0.00s Sys=0.00s Real=0.01s
[2023-11-10T12:12:53.232-0800][77976864ms] GC(26489) Pause Young (Normal) (G1 Evacuation Pause)
[2023-11-10T12:12:53.232-0800][77976864ms] GC(26489) Using 10 workers of 10 for evacuation
[2023-11-10T12:12:53.236-0800][77976868ms] GC(26489)   Pre Evacuate Collection Set: 0.0ms
[2023-11-10T12:12:53.236-0800][77976868ms] GC(26489)   Evacuate Collection Set: 1.6ms
[2023-11-10T12:12:53.236-0800][77976868ms] GC(26489)   Post Evacuate Collection Set: 3.0ms
[2023-11-10T12:12:53.236-0800][77976868ms] GC(26489)   Other: 0.3ms
[2023-11-10T12:12:53.236-0800][77976868ms] GC(26489) Eden regions: 147->0(147)
[2023-11-10T12:12:53.236-0800][77976868ms] GC(26489) Survivor regions: 1->1(19)
[2023-11-10T12:12:53.236-0800][77976868ms] GC(26489) Old regions: 1466->1466
[2023-11-10T12:12:53.236-0800][77976868ms] GC(26489) Humongous regions: 5->5
[2023-11-10T12:12:53.236-0800][77976868ms] GC(26489) Metaspace: 305043K->305043K(1349632K)
[2023-11-10T12:12:53.236-0800][77976868ms] GC(26489) Pause Young (Normal) (G1 Evacuation Pause) 3234M->2941M(3602M) 5.128ms
[2023-11-10T12:12:53.236-0800][77976868ms] GC(26489) User=0.00s Sys=0.00s Real=0.00s
[2023-11-10T12:12:53.509-0800][77977141ms] GC(26490) Pause Young (Normal) (G1 Evacuation Pause)
[2023-11-10T12:12:53.509-0800][77977141ms] GC(26490) Using 10 workers of 10 for evacuation
[2023-11-10T12:12:53.513-0800][77977145ms] GC(26490)   Pre Evacuate Collection Set: 0.0ms
[2023-11-10T12:12:53.513-0800][77977145ms] GC(26490)   Evacuate Collection Set: 1.6ms
[2023-11-10T12:12:53.513-0800][77977145ms] GC(26490)   Post Evacuate Collection Set: 3.0ms
[2023-11-10T12:12:53.513-0800][77977145ms] GC(26490)   Other: 0.3ms
[2023-11-10T12:12:53.513-0800][77977145ms] GC(26490) Eden regions: 147->0(147)
[2023-11-10T12:12:53.513-0800][77977145ms] GC(26490) Survivor regions: 1->1(19)
[2023-11-10T12:12:53.513-0800][77977145ms] GC(26490) Old regions: 1466->1466
[2023-11-10T12:12:53.513-0800][77977145ms] GC(26490) Humongous regions: 5->5
[2023-11-10T12:12:53.513-0800][77977145ms] GC(26490) Metaspace: 305043K->305043K(1349632K)
[2023-11-10T12:12:53.513-0800][77977145ms] GC(26490) Pause Young (Normal) (G1 Evacuation Pause) 3235M->2941M(3602M) 5.048ms
[2023-11-10T12:12:53.513-0800][77977145ms] GC(26490) User=0.00s Sys=0.00s Real=0.00s
[2023-11-10T12:12:53.763-0800][77977395ms] GC(26491) Pause Young (Normal) (G1 Evacuation Pause)
[2023-11-10T12:12:53.763-0800][77977395ms] GC(26491) Using 10 workers of 10 for evacuation
[2023-11-10T12:12:53.768-0800][77977400ms] GC(26491)   Pre Evacuate Collection Set: 0.0ms
[2023-11-10T12:12:53.768-0800][77977400ms] GC(26491)   Evacuate Collection Set: 1.7ms
[2023-11-10T12:12:53.768-0800][77977400ms] GC(26491)   Post Evacuate Collection Set: 3.1ms
[2023-11-10T12:12:53.768-0800][77977400ms] GC(26491)   Other: 0.3ms
[2023-11-10T12:12:53.768-0800][77977400ms] GC(26491) Eden regions: 147->0(147)
[2023-11-10T12:12:53.768-0800][77977400ms] GC(26491) Survivor regions: 1->1(19)
[2023-11-10T12:12:53.768-0800][77977400ms] GC(26491) Old regions: 1466->1466
[2023-11-10T12:12:53.768-0800][77977400ms] GC(26491) Humongous regions: 5->5
[2023-11-10T12:12:53.768-0800][77977400ms] GC(26491) Metaspace: 305043K->305043K(1349632K)
[2023-11-10T12:12:53.768-0800][77977400ms] GC(26491) Pause Young (Normal) (G1 Evacuation Pause) 3235M->2941M(3602M) 5.180ms
[2023-11-10T12:12:53.768-0800][77977400ms] GC(26491) User=0.00s Sys=0.00s Real=0.00s
[2023-11-10T12:12:54.017-0800][77977649ms] GC(26492) Pause Young (Normal) (G1 Evacuation Pause)
[2023-11-10T12:12:54.017-0800][77977649ms] GC(26492) Using 10 workers of 10 for evacuation
[2023-11-10T12:12:54.022-0800][77977654ms] GC(26492)   Pre Evacuate Collection Set: 0.0ms
[2023-11-10T12:12:54.022-0800][77977654ms] GC(26492)   Evacuate Collection Set: 1.7ms
[2023-11-10T12:12:54.022-0800][77977654ms] GC(26492)   Post Evacuate Collection Set: 3.1ms
[2023-11-10T12:12:54.022-0800][77977654ms] GC(26492)   Other: 0.2ms
[2023-11-10T12:12:54.022-0800][77977654ms] GC(26492) Eden regions: 147->0(147)
[2023-11-10T12:12:54.022-0800][77977654ms] GC(26492) Survivor regions: 1->1(19)
[2023-11-10T12:12:54.022-0800][77977654ms] GC(26492) Old regions: 1466->1466
[2023-11-10T12:12:54.022-0800][77977654ms] GC(26492) Humongous regions: 5->5
[2023-11-10T12:12:54.022-0800][77977654ms] GC(26492) Metaspace: 305043K->305043K(1349632K)
[2023-11-10T12:12:54.022-0800][77977654ms] GC(26492) Pause Young (Normal) (G1 Evacuation Pause) 3235M->2941M(3602M) 5.183ms
[2023-11-10T12:12:54.022-0800][77977654ms] GC(26492) User=0.00s Sys=0.00s Real=0.01s
[2023-11-10T12:12:54.290-0800][77977922ms] GC(26493) Pause Young (Normal) (G1 Evacuation Pause)
[2023-11-10T12:12:54.290-0800][77977922ms] GC(26493) Using 10 workers of 10 for evacuation
[2023-11-10T12:12:54.295-0800][77977927ms] GC(26493)   Pre Evacuate Collection Set: 0.0ms
[2023-11-10T12:12:54.295-0800][77977927ms] GC(26493)   Evacuate Collection Set: 1.6ms
[2023-11-10T12:12:54.295-0800][77977927ms] GC(26493)   Post Evacuate Collection Set: 3.1ms
[2023-11-10T12:12:54.295-0800][77977927ms] GC(26493)   Other: 0.2ms
[2023-11-10T12:12:54.295-0800][77977927ms] GC(26493) Eden regions: 147->0(147)
[2023-11-10T12:12:54.295-0800][77977927ms] GC(26493) Survivor regions: 1->1(19)
[2023-11-10T12:12:54.295-0800][77977927ms] GC(26493) Old regions: 1466->1466
[2023-11-10T12:12:54.295-0800][77977927ms] GC(26493) Humongous regions: 5->5
[2023-11-10T12:12:54.295-0800][77977927ms] GC(26493) Metaspace: 305043K->305043K(1349632K)
[2023-11-10T12:12:54.295-0800][77977927ms] GC(26493) Pause Young (Normal) (G1 Evacuation Pause) 3235M->2941M(3602M) 5.101ms
[2023-11-10T12:12:54.295-0800][77977927ms] GC(26493) User=0.00s Sys=0.00s Real=0.01s
[2023-11-10T12:12:54.591-0800][77978223ms] GC(26494) Pause Young (Normal) (G1 Evacuation Pause)
[2023-11-10T12:12:54.591-0800][77978223ms] GC(26494) Using 10 workers of 10 for evacuation
[2023-11-10T12:12:54.600-0800][77978232ms] GC(26494)   Pre Evacuate Collection Set: 0.0ms
[2023-11-10T12:12:54.600-0800][77978232ms] GC(26494)   Evacuate Collection Set: 1.7ms
[2023-11-10T12:12:54.600-0800][77978232ms] GC(26494)   Post Evacuate Collection Set: 6.7ms
[2023-11-10T12:12:54.600-0800][77978232ms] GC(26494)   Other: 0.3ms
[2023-11-10T12:12:54.600-0800][77978232ms] GC(26494) Eden regions: 147->0(147)
[2023-11-10T12:12:54.600-0800][77978232ms] GC(26494) Survivor regions: 1->1(19)
[2023-11-10T12:12:54.600-0800][77978232ms] GC(26494) Old regions: 1466->1466
[2023-11-10T12:12:54.600-0800][77978232ms] GC(26494) Humongous regions: 5->5
[2023-11-10T12:12:54.600-0800][77978232ms] GC(26494) Metaspace: 305043K->305043K(1349632K)
[2023-11-10T12:12:54.600-0800][77978232ms] GC(26494) Pause Young (Normal) (G1 Evacuation Pause) 3235M->2941M(3602M) 8.827ms
[2023-11-10T12:12:54.600-0800][77978232ms] GC(26494) User=0.00s Sys=0.00s Real=0.01s
[2023-11-10T12:12:54.859-0800][77978491ms] GC(26495) Pause Young (Normal) (G1 Evacuation Pause)
[2023-11-10T12:12:54.859-0800][77978491ms] GC(26495) Using 10 workers of 10 for evacuation
[2023-11-10T12:12:54.863-0800][77978495ms] GC(26495)   Pre Evacuate Collection Set: 0.0ms
[2023-11-10T12:12:54.863-0800][77978495ms] GC(26495)   Evacuate Collection Set: 1.6ms
[2023-11-10T12:12:54.863-0800][77978495ms] GC(26495)   Post Evacuate Collection Set: 3.1ms
[2023-11-10T12:12:54.863-0800][77978495ms] GC(26495)   Other: 0.3ms
[2023-11-10T12:12:54.863-0800][77978495ms] GC(26495) Eden regions: 147->0(147)
[2023-11-10T12:12:54.863-0800][77978495ms] GC(26495) Survivor regions: 1->1(19)
[2023-11-10T12:12:54.863-0800][77978495ms] GC(26495) Old regions: 1466->1466
[2023-11-10T12:12:54.863-0800][77978495ms] GC(26495) Humongous regions: 5->5
[2023-11-10T12:12:54.863-0800][77978495ms] GC(26495) Metaspace: 305043K->305043K(1349632K)
[2023-11-10T12:12:54.863-0800][77978495ms] GC(26495) Pause Young (Normal) (G1 Evacuation Pause) 3235M->2941M(3602M) 5.034ms
[2023-11-10T12:12:54.863-0800][77978495ms] GC(26495) User=0.00s Sys=0.00s Real=0.00s
[2023-11-10T12:12:55.117-0800][77978749ms] GC(26496) Pause Young (Normal) (G1 Evacuation Pause)
[2023-11-10T12:12:55.117-0800][77978749ms] GC(26496) Using 10 workers of 10 for evacuation
[2023-11-10T12:12:55.121-0800][77978753ms] GC(26496)   Pre Evacuate Collection Set: 0.0ms
[2023-11-10T12:12:55.121-0800][77978753ms] GC(26496)   Evacuate Collection Set: 1.6ms
[2023-11-10T12:12:55.121-0800][77978753ms] GC(26496)   Post Evacuate Collection Set: 2.9ms
[2023-11-10T12:12:55.121-0800][77978753ms] GC(26496)   Other: 0.2ms
[2023-11-10T12:12:55.121-0800][77978753ms] GC(26496) Eden regions: 147->0(147)
[2023-11-10T12:12:55.121-0800][77978753ms] GC(26496) Survivor regions: 1->1(19)
[2023-11-10T12:12:55.122-0800][77978754ms] GC(26496) Old regions: 1466->1466
[2023-11-10T12:12:55.122-0800][77978754ms] GC(26496) Humongous regions: 5->5
[2023-11-10T12:12:55.122-0800][77978754ms] GC(26496) Metaspace: 305043K->305043K(1349632K)
[2023-11-10T12:12:55.122-0800][77978754ms] GC(26496) Pause Young (Normal) (G1 Evacuation Pause) 3235M->2941M(3602M) 4.873ms
[2023-11-10T12:12:55.122-0800][77978754ms] GC(26496) User=0.00s Sys=0.00s Real=0.00s
[2023-11-10T12:12:55.390-0800][77979022ms] GC(26497) Pause Young (Normal) (G1 Evacuation Pause)
[2023-11-10T12:12:55.390-0800][77979022ms] GC(26497) Using 10 workers of 10 for evacuation
[2023-11-10T12:12:55.395-0800][77979027ms] GC(26497)   Pre Evacuate Collection Set: 0.0ms
[2023-11-10T12:12:55.395-0800][77979027ms] GC(26497)   Evacuate Collection Set: 1.7ms
[2023-11-10T12:12:55.395-0800][77979027ms] GC(26497)   Post Evacuate Collection Set: 3.0ms
[2023-11-10T12:12:55.395-0800][77979027ms] GC(26497)   Other: 0.2ms
[2023-11-10T12:12:55.395-0800][77979027ms] GC(26497) Eden regions: 147->0(147)
[2023-11-10T12:12:55.395-0800][77979027ms] GC(26497) Survivor regions: 1->1(19)
[2023-11-10T12:12:55.395-0800][77979027ms] GC(26497) Old regions: 1466->1466
[2023-11-10T12:12:55.395-0800][77979027ms] GC(26497) Humongous regions: 5->5
[2023-11-10T12:12:55.395-0800][77979027ms] GC(26497) Metaspace: 305043K->305043K(1349632K)
[2023-11-10T12:12:55.395-0800][77979027ms] GC(26497) Pause Young (Normal) (G1 Evacuation Pause) 3235M->2941M(3602M) 5.058ms
[2023-11-10T12:12:55.395-0800][77979027ms] GC(26497) User=0.00s Sys=0.00s Real=0.00s
[2023-11-10T12:12:55.652-0800][77979284ms] GC(26498) Pause Young (Normal) (G1 Evacuation Pause)
[2023-11-10T12:12:55.652-0800][77979284ms] GC(26498) Using 10 workers of 10 for evacuation
[2023-11-10T12:12:55.661-0800][77979293ms] GC(26498)   Pre Evacuate Collection Set: 0.0ms
[2023-11-10T12:12:55.661-0800][77979293ms] GC(26498)   Evacuate Collection Set: 5.4ms
[2023-11-10T12:12:55.661-0800][77979293ms] GC(26498)   Post Evacuate Collection Set: 3.2ms
[2023-11-10T12:12:55.661-0800][77979293ms] GC(26498)   Other: 0.3ms
[2023-11-10T12:12:55.661-0800][77979293ms] GC(26498) Eden regions: 147->0(147)
[2023-11-10T12:12:55.661-0800][77979293ms] GC(26498) Survivor regions: 1->1(19)
[2023-11-10T12:12:55.661-0800][77979293ms] GC(26498) Old regions: 1466->1466
[2023-11-10T12:12:55.661-0800][77979293ms] GC(26498) Humongous regions: 5->5
[2023-11-10T12:12:55.661-0800][77979293ms] GC(26498) Metaspace: 305043K->305043K(1349632K)
[2023-11-10T12:12:55.661-0800][77979293ms] GC(26498) Pause Young (Normal) (G1 Evacuation Pause) 3235M->2941M(3602M) 8.970ms
[2023-11-10T12:12:55.661-0800][77979293ms] GC(26498) User=0.00s Sys=0.00s Real=0.01s
[2023-11-10T12:12:55.918-0800][77979550ms] GC(26499) Pause Young (Normal) (G1 Evacuation Pause)
[2023-11-10T12:12:55.918-0800][77979550ms] GC(26499) Using 10 workers of 10 for evacuation
[2023-11-10T12:12:55.923-0800][77979555ms] GC(26499)   Pre Evacuate Collection Set: 0.0ms
[2023-11-10T12:12:55.923-0800][77979555ms] GC(26499)   Evacuate Collection Set: 1.7ms
[2023-11-10T12:12:55.923-0800][77979555ms] GC(26499)   Post Evacuate Collection Set: 3.3ms
[2023-11-10T12:12:55.923-0800][77979555ms] GC(26499)   Other: 0.3ms
[2023-11-10T12:12:55.923-0800][77979555ms] GC(26499) Eden regions: 147->0(147)
[2023-11-10T12:12:55.924-0800][77979556ms] GC(26499) Survivor regions: 1->1(19)
[2023-11-10T12:12:55.924-0800][77979556ms] GC(26499) Old regions: 1466->1466
[2023-11-10T12:12:55.924-0800][77979556ms] GC(26499) Humongous regions: 5->5
[2023-11-10T12:12:55.924-0800][77979556ms] GC(26499) Metaspace: 305043K->305043K(1349632K)
[2023-11-10T12:12:55.924-0800][77979556ms] GC(26499) Pause Young (Normal) (G1 Evacuation Pause) 3235M->2941M(3602M) 5.452ms
[2023-11-10T12:12:55.924-0800][77979556ms] GC(26499) User=0.00s Sys=0.00s Real=0.01s
[2023-11-10T12:12:56.228-0800][77979860ms] GC(26500) Pause Young (Normal) (G1 Evacuation Pause)
[2023-11-10T12:12:56.228-0800][77979860ms] GC(26500) Using 10 workers of 10 for evacuation
[2023-11-10T12:12:56.233-0800][77979865ms] GC(26500)   Pre Evacuate Collection Set: 0.0ms
[2023-11-10T12:12:56.233-0800][77979865ms] GC(26500)   Evacuate Collection Set: 1.7ms
[2023-11-10T12:12:56.233-0800][77979865ms] GC(26500)   Post Evacuate Collection Set: 3.3ms
[2023-11-10T12:12:56.234-0800][77979866ms] GC(26500)   Other: 0.2ms
[2023-11-10T12:12:56.234-0800][77979866ms] GC(26500) Eden regions: 147->0(147)
[2023-11-10T12:12:56.234-0800][77979866ms] GC(26500) Survivor regions: 1->1(19)
[2023-11-10T12:12:56.234-0800][77979866ms] GC(26500) Old regions: 1466->1466
[2023-11-10T12:12:56.234-0800][77979866ms] GC(26500) Humongous regions: 5->5
[2023-11-10T12:12:56.234-0800][77979866ms] GC(26500) Metaspace: 305043K->305043K(1349632K)
[2023-11-10T12:12:56.234-0800][77979866ms] GC(26500) Pause Young (Normal) (G1 Evacuation Pause) 3235M->2941M(3602M) 5.415ms
[2023-11-10T12:12:56.234-0800][77979866ms] GC(26500) User=0.00s Sys=0.00s Real=0.01s
[2023-11-10T12:12:56.506-0800][77980138ms] GC(26501) Pause Young (Normal) (G1 Evacuation Pause)
[2023-11-10T12:12:56.506-0800][77980138ms] GC(26501) Using 10 workers of 10 for evacuation
[2023-11-10T12:12:56.511-0800][77980143ms] GC(26501)   Pre Evacuate Collection Set: 0.0ms
[2023-11-10T12:12:56.511-0800][77980143ms] GC(26501)   Evacuate Collection Set: 2.2ms
[2023-11-10T12:12:56.511-0800][77980143ms] GC(26501)   Post Evacuate Collection Set: 3.5ms
[2023-11-10T12:12:56.511-0800][77980143ms] GC(26501)   Other: 0.3ms
[2023-11-10T12:12:56.511-0800][77980143ms] GC(26501) Eden regions: 147->0(147)
[2023-11-10T12:12:56.511-0800][77980143ms] GC(26501) Survivor regions: 1->1(19)
[2023-11-10T12:12:56.511-0800][77980143ms] GC(26501) Old regions: 1466->1466
[2023-11-10T12:12:56.511-0800][77980143ms] GC(26501) Humongous regions: 5->5
[2023-11-10T12:12:56.511-0800][77980143ms] GC(26501) Metaspace: 305043K->305043K(1349632K)
[2023-11-10T12:12:56.511-0800][77980143ms] GC(26501) Pause Young (Normal) (G1 Evacuation Pause) 3235M->2941M(3602M) 6.036ms
[2023-11-10T12:12:56.511-0800][77980143ms] GC(26501) User=0.02s Sys=0.00s Real=0.00s
[2023-11-10T12:12:56.787-0800][77980419ms] GC(26502) Pause Young (Normal) (G1 Evacuation Pause)
[2023-11-10T12:12:56.787-0800][77980419ms] GC(26502) Using 10 workers of 10 for evacuation
[2023-11-10T12:12:56.791-0800][77980423ms] GC(26502)   Pre Evacuate Collection Set: 0.0ms
[2023-11-10T12:12:56.791-0800][77980423ms] GC(26502)   Evacuate Collection Set: 1.6ms
[2023-11-10T12:12:56.791-0800][77980423ms] GC(26502)   Post Evacuate Collection Set: 3.0ms
[2023-11-10T12:12:56.791-0800][77980423ms] GC(26502)   Other: 0.3ms
[2023-11-10T12:12:56.792-0800][77980424ms] GC(26502) Eden regions: 147->0(147)
[2023-11-10T12:12:56.792-0800][77980424ms] GC(26502) Survivor regions: 1->1(19)
[2023-11-10T12:12:56.792-0800][77980424ms] GC(26502) Old regions: 1466->1466
[2023-11-10T12:12:56.792-0800][77980424ms] GC(26502) Humongous regions: 5->5
[2023-11-10T12:12:56.792-0800][77980424ms] GC(26502) Metaspace: 305043K->305043K(1349632K)
[2023-11-10T12:12:56.792-0800][77980424ms] GC(26502) Pause Young (Normal) (G1 Evacuation Pause) 3235M->2941M(3602M) 4.988ms
[2023-11-10T12:12:56.792-0800][77980424ms] GC(26502) User=0.09s Sys=0.00s Real=0.01s
[2023-11-10T12:12:57.102-0800][77980734ms] GC(26503) Pause Young (Normal) (G1 Evacuation Pause)
[2023-11-10T12:12:57.102-0800][77980734ms] GC(26503) Using 10 workers of 10 for evacuation
[2023-11-10T12:12:57.106-0800][77980738ms] GC(26503)   Pre Evacuate Collection Set: 0.0ms
[2023-11-10T12:12:57.106-0800][77980739ms] GC(26503)   Evacuate Collection Set: 1.7ms
[2023-11-10T12:12:57.107-0800][77980739ms] GC(26503)   Post Evacuate Collection Set: 3.1ms
[2023-11-10T12:12:57.107-0800][77980739ms] GC(26503)   Other: 0.2ms
[2023-11-10T12:12:57.107-0800][77980739ms] GC(26503) Eden regions: 147->0(147)
[2023-11-10T12:12:57.107-0800][77980739ms] GC(26503) Survivor regions: 1->1(19)
[2023-11-10T12:12:57.107-0800][77980739ms] GC(26503) Old regions: 1466->1466
[2023-11-10T12:12:57.107-0800][77980739ms] GC(26503) Humongous regions: 5->5
[2023-11-10T12:12:57.107-0800][77980739ms] GC(26503) Metaspace: 305043K->305043K(1349632K)
[2023-11-10T12:12:57.107-0800][77980739ms] GC(26503) Pause Young (Normal) (G1 Evacuation Pause) 3235M->2941M(3602M) 5.130ms
[2023-11-10T12:12:57.107-0800][77980739ms] GC(26503) User=0.00s Sys=0.00s Real=0.01s
[2023-11-10T12:12:57.374-0800][77981006ms] GC(26504) Pause Young (Normal) (G1 Evacuation Pause)
[2023-11-10T12:12:57.374-0800][77981006ms] GC(26504) Using 10 workers of 10 for evacuation
[2023-11-10T12:12:57.379-0800][77981011ms] GC(26504)   Pre Evacuate Collection Set: 0.0ms
[2023-11-10T12:12:57.379-0800][77981011ms] GC(26504)   Evacuate Collection Set: 1.6ms
[2023-11-10T12:12:57.379-0800][77981011ms] GC(26504)   Post Evacuate Collection Set: 3.0ms
[2023-11-10T12:12:57.380-0800][77981012ms] GC(26504)   Other: 0.2ms
[2023-11-10T12:12:57.380-0800][77981012ms] GC(26504) Eden regions: 147->0(147)
[2023-11-10T12:12:57.380-0800][77981012ms] GC(26504) Survivor regions: 1->1(19)
[2023-11-10T12:12:57.380-0800][77981012ms] GC(26504) Old regions: 1466->1466
[2023-11-10T12:12:57.380-0800][77981012ms] GC(26504) Humongous regions: 5->5
[2023-11-10T12:12:57.380-0800][77981012ms] GC(26504) Metaspace: 305043K->305043K(1349632K)
[2023-11-10T12:12:57.380-0800][77981012ms] GC(26504) Pause Young (Normal) (G1 Evacuation Pause) 3235M->2941M(3602M) 5.042ms
[2023-11-10T12:12:57.380-0800][77981012ms] GC(26504) User=0.00s Sys=0.00s Real=0.01s
[2023-11-10T12:12:57.628-0800][77981260ms] GC(26505) Pause Young (Normal) (G1 Evacuation Pause)
[2023-11-10T12:12:57.628-0800][77981260ms] GC(26505) Using 10 workers of 10 for evacuation
[2023-11-10T12:12:57.633-0800][77981265ms] GC(26505)   Pre Evacuate Collection Set: 0.0ms
[2023-11-10T12:12:57.633-0800][77981265ms] GC(26505)   Evacuate Collection Set: 1.7ms
[2023-11-10T12:12:57.633-0800][77981265ms] GC(26505)   Post Evacuate Collection Set: 3.2ms
[2023-11-10T12:12:57.633-0800][77981265ms] GC(26505)   Other: 0.3ms
[2023-11-10T12:12:57.633-0800][77981265ms] GC(26505) Eden regions: 147->0(147)
[2023-11-10T12:12:57.633-0800][77981265ms] GC(26505) Survivor regions: 1->1(19)
[2023-11-10T12:12:57.633-0800][77981265ms] GC(26505) Old regions: 1466->1466
[2023-11-10T12:12:57.633-0800][77981265ms] GC(26505) Humongous regions: 5->5
[2023-11-10T12:12:57.633-0800][77981265ms] GC(26505) Metaspace: 305043K->305043K(1349632K)
[2023-11-10T12:12:57.633-0800][77981265ms] GC(26505) Pause Young (Normal) (G1 Evacuation Pause) 3235M->2941M(3602M) 5.245ms
[2023-11-10T12:12:57.633-0800][77981265ms] GC(26505) User=0.02s Sys=0.00s Real=0.00s
[2023-11-10T12:12:57.891-0800][77981523ms] GC(26506) Pause Young (Normal) (G1 Evacuation Pause)
[2023-11-10T12:12:57.891-0800][77981523ms] GC(26506) Using 10 workers of 10 for evacuation
[2023-11-10T12:12:57.896-0800][77981528ms] GC(26506)   Pre Evacuate Collection Set: 0.0ms
[2023-11-10T12:12:57.896-0800][77981528ms] GC(26506)   Evacuate Collection Set: 1.7ms
[2023-11-10T12:12:57.896-0800][77981528ms] GC(26506)   Post Evacuate Collection Set: 3.2ms
[2023-11-10T12:12:57.896-0800][77981528ms] GC(26506)   Other: 0.2ms
[2023-11-10T12:12:57.896-0800][77981528ms] GC(26506) Eden regions: 147->0(147)
[2023-11-10T12:12:57.896-0800][77981528ms] GC(26506) Survivor regions: 1->1(19)
[2023-11-10T12:12:57.896-0800][77981528ms] GC(26506) Old regions: 1466->1466
[2023-11-10T12:12:57.896-0800][77981528ms] GC(26506) Humongous regions: 5->5
[2023-11-10T12:12:57.896-0800][77981528ms] GC(26506) Metaspace: 305043K->305043K(1349632K)
[2023-11-10T12:12:57.896-0800][77981528ms] GC(26506) Pause Young (Normal) (G1 Evacuation Pause) 3235M->2941M(3602M) 5.241ms
[2023-11-10T12:12:57.896-0800][77981528ms] GC(26506) User=0.00s Sys=0.00s Real=0.00s
[2023-11-10T12:12:58.148-0800][77981780ms] GC(26507) Pause Young (Normal) (G1 Evacuation Pause)
[2023-11-10T12:12:58.148-0800][77981780ms] GC(26507) Using 10 workers of 10 for evacuation
[2023-11-10T12:12:58.152-0800][77981784ms] GC(26507)   Pre Evacuate Collection Set: 0.0ms
[2023-11-10T12:12:58.152-0800][77981784ms] GC(26507)   Evacuate Collection Set: 1.7ms
[2023-11-10T12:12:58.153-0800][77981785ms] GC(26507)   Post Evacuate Collection Set: 2.9ms
[2023-11-10T12:12:58.153-0800][77981785ms] GC(26507)   Other: 0.2ms
[2023-11-10T12:12:58.153-0800][77981785ms] GC(26507) Eden regions: 147->0(147)
[2023-11-10T12:12:58.153-0800][77981785ms] GC(26507) Survivor regions: 1->1(19)
[2023-11-10T12:12:58.153-0800][77981785ms] GC(26507) Old regions: 1466->1466
[2023-11-10T12:12:58.153-0800][77981785ms] GC(26507) Humongous regions: 5->5
[2023-11-10T12:12:58.153-0800][77981785ms] GC(26507) Metaspace: 305043K->305043K(1349632K)
[2023-11-10T12:12:58.153-0800][77981785ms] GC(26507) Pause Young (Normal) (G1 Evacuation Pause) 3235M->2941M(3602M) 5.012ms
[2023-11-10T12:12:58.153-0800][77981785ms] GC(26507) User=0.00s Sys=0.00s Real=0.01s
[2023-11-10T12:12:58.413-0800][77982045ms] GC(26508) Pause Young (Normal) (G1 Evacuation Pause)
[2023-11-10T12:12:58.413-0800][77982045ms] GC(26508) Using 10 workers of 10 for evacuation
[2023-11-10T12:12:58.418-0800][77982050ms] GC(26508)   Pre Evacuate Collection Set: 0.0ms
[2023-11-10T12:12:58.418-0800][77982050ms] GC(26508)   Evacuate Collection Set: 1.7ms
[2023-11-10T12:12:58.418-0800][77982050ms] GC(26508)   Post Evacuate Collection Set: 3.1ms
[2023-11-10T12:12:58.418-0800][77982050ms] GC(26508)   Other: 0.3ms
[2023-11-10T12:12:58.418-0800][77982050ms] GC(26508) Eden regions: 147->0(147)
[2023-11-10T12:12:58.418-0800][77982050ms] GC(26508) Survivor regions: 1->1(19)
[2023-11-10T12:12:58.418-0800][77982050ms] GC(26508) Old regions: 1466->1466
[2023-11-10T12:12:58.418-0800][77982050ms] GC(26508) Humongous regions: 5->5
[2023-11-10T12:12:58.418-0800][77982050ms] GC(26508) Metaspace: 305043K->305043K(1349632K)
[2023-11-10T12:12:58.418-0800][77982050ms] GC(26508) Pause Young (Normal) (G1 Evacuation Pause) 3235M->2941M(3602M) 5.247ms
[2023-11-10T12:12:58.418-0800][77982050ms] GC(26508) User=0.00s Sys=0.00s Real=0.00s
[2023-11-10T12:12:58.666-0800][77982298ms] GC(26509) Pause Young (Normal) (G1 Evacuation Pause)
[2023-11-10T12:12:58.666-0800][77982298ms] GC(26509) Using 10 workers of 10 for evacuation
[2023-11-10T12:12:58.671-0800][77982303ms] GC(26509)   Pre Evacuate Collection Set: 0.0ms
[2023-11-10T12:12:58.671-0800][77982303ms] GC(26509)   Evacuate Collection Set: 1.6ms
[2023-11-10T12:12:58.672-0800][77982304ms] GC(26509)   Post Evacuate Collection Set: 2.9ms
[2023-11-10T12:12:58.672-0800][77982304ms] GC(26509)   Other: 0.2ms
[2023-11-10T12:12:58.672-0800][77982304ms] GC(26509) Eden regions: 147->0(147)
[2023-11-10T12:12:58.672-0800][77982304ms] GC(26509) Survivor regions: 1->1(19)
[2023-11-10T12:12:58.672-0800][77982304ms] GC(26509) Old regions: 1466->1466
[2023-11-10T12:12:58.672-0800][77982304ms] GC(26509) Humongous regions: 5->5
[2023-11-10T12:12:58.672-0800][77982304ms] GC(26509) Metaspace: 305043K->305043K(1349632K)
[2023-11-10T12:12:58.672-0800][77982304ms] GC(26509) Pause Young (Normal) (G1 Evacuation Pause) 3235M->2941M(3602M) 4.945ms
[2023-11-10T12:12:58.672-0800][77982304ms] GC(26509) User=0.00s Sys=0.00s Real=0.01s
[2023-11-10T12:12:58.925-0800][77982557ms] GC(26510) Pause Young (Normal) (G1 Evacuation Pause)
[2023-11-10T12:12:58.925-0800][77982557ms] GC(26510) Using 10 workers of 10 for evacuation
[2023-11-10T12:12:58.931-0800][77982563ms] GC(26510)   Pre Evacuate Collection Set: 0.0ms
[2023-11-10T12:12:58.931-0800][77982563ms] GC(26510)   Evacuate Collection Set: 1.6ms
[2023-11-10T12:12:58.931-0800][77982563ms] GC(26510)   Post Evacuate Collection Set: 3.1ms
[2023-11-10T12:12:58.931-0800][77982563ms] GC(26510)   Other: 0.2ms
[2023-11-10T12:12:58.931-0800][77982563ms] GC(26510) Eden regions: 147->0(147)
[2023-11-10T12:12:58.931-0800][77982563ms] GC(26510) Survivor regions: 1->1(19)
[2023-11-10T12:12:58.931-0800][77982563ms] GC(26510) Old regions: 1466->1466
[2023-11-10T12:12:58.931-0800][77982563ms] GC(26510) Humongous regions: 5->5
[2023-11-10T12:12:58.931-0800][77982563ms] GC(26510) Metaspace: 305043K->305043K(1349632K)
[2023-11-10T12:12:58.931-0800][77982563ms] GC(26510) Pause Young (Normal) (G1 Evacuation Pause) 3235M->2941M(3602M) 5.095ms
[2023-11-10T12:12:58.931-0800][77982563ms] GC(26510) User=0.02s Sys=0.00s Real=0.01s
[2023-11-10T12:12:59.169-0800][77982801ms] GC(26511) Pause Young (Normal) (G1 Evacuation Pause)
[2023-11-10T12:12:59.169-0800][77982801ms] GC(26511) Using 10 workers of 10 for evacuation
[2023-11-10T12:12:59.174-0800][77982806ms] GC(26511)   Pre Evacuate Collection Set: 0.0ms
[2023-11-10T12:12:59.174-0800][77982806ms] GC(26511)   Evacuate Collection Set: 1.6ms
[2023-11-10T12:12:59.174-0800][77982806ms] GC(26511)   Post Evacuate Collection Set: 3.0ms
[2023-11-10T12:12:59.174-0800][77982806ms] GC(26511)   Other: 0.2ms
[2023-11-10T12:12:59.174-0800][77982806ms] GC(26511) Eden regions: 147->0(147)
[2023-11-10T12:12:59.174-0800][77982806ms] GC(26511) Survivor regions: 1->1(19)
[2023-11-10T12:12:59.174-0800][77982806ms] GC(26511) Old regions: 1466->1466
[2023-11-10T12:12:59.174-0800][77982806ms] GC(26511) Humongous regions: 5->5
[2023-11-10T12:12:59.174-0800][77982806ms] GC(26511) Metaspace: 305043K->305043K(1349632K)
[2023-11-10T12:12:59.174-0800][77982806ms] GC(26511) Pause Young (Normal) (G1 Evacuation Pause) 3235M->2941M(3602M) 4.990ms
[2023-11-10T12:12:59.174-0800][77982806ms] GC(26511) User=0.00s Sys=0.00s Real=0.01s
[2023-11-10T12:12:59.432-0800][77983064ms] GC(26512) Pause Young (Normal) (G1 Evacuation Pause)
[2023-11-10T12:12:59.432-0800][77983064ms] GC(26512) Using 10 workers of 10 for evacuation
[2023-11-10T12:12:59.438-0800][77983070ms] GC(26512)   Pre Evacuate Collection Set: 0.0ms
[2023-11-10T12:12:59.438-0800][77983070ms] GC(26512)   Evacuate Collection Set: 1.7ms
[2023-11-10T12:12:59.438-0800][77983070ms] GC(26512)   Post Evacuate Collection Set: 3.0ms
[2023-11-10T12:12:59.438-0800][77983070ms] GC(26512)   Other: 0.2ms
[2023-11-10T12:12:59.438-0800][77983070ms] GC(26512) Eden regions: 147->0(147)
[2023-11-10T12:12:59.438-0800][77983070ms] GC(26512) Survivor regions: 1->1(19)
[2023-11-10T12:12:59.438-0800][77983070ms] GC(26512) Old regions: 1466->1466
[2023-11-10T12:12:59.438-0800][77983070ms] GC(26512) Humongous regions: 5->5
[2023-11-10T12:12:59.438-0800][77983070ms] GC(26512) Metaspace: 305043K->305043K(1349632K)
[2023-11-10T12:12:59.438-0800][77983070ms] GC(26512) Pause Young (Normal) (G1 Evacuation Pause) 3235M->2941M(3602M) 5.032ms
[2023-11-10T12:12:59.438-0800][77983070ms] GC(26512) User=0.00s Sys=0.00s Real=0.01s
[2023-11-10T12:12:59.680-0800][77983312ms] GC(26513) Pause Young (Normal) (G1 Evacuation Pause)
[2023-11-10T12:12:59.680-0800][77983312ms] GC(26513) Using 10 workers of 10 for evacuation
[2023-11-10T12:12:59.686-0800][77983318ms] GC(26513)   Pre Evacuate Collection Set: 0.0ms
[2023-11-10T12:12:59.686-0800][77983318ms] GC(26513)   Evacuate Collection Set: 1.7ms
[2023-11-10T12:12:59.686-0800][77983318ms] GC(26513)   Post Evacuate Collection Set: 3.0ms
[2023-11-10T12:12:59.686-0800][77983318ms] GC(26513)   Other: 0.2ms
[2023-11-10T12:12:59.686-0800][77983318ms] GC(26513) Eden regions: 147->0(147)
[2023-11-10T12:12:59.686-0800][77983318ms] GC(26513) Survivor regions: 1->1(19)
[2023-11-10T12:12:59.686-0800][77983318ms] GC(26513) Old regions: 1466->1466
[2023-11-10T12:12:59.686-0800][77983318ms] GC(26513) Humongous regions: 5->5
[2023-11-10T12:12:59.686-0800][77983318ms] GC(26513) Metaspace: 305043K->305043K(1349632K)
[2023-11-10T12:12:59.686-0800][77983318ms] GC(26513) Pause Young (Normal) (G1 Evacuation Pause) 3235M->2941M(3602M) 4.997ms
[2023-11-10T12:12:59.686-0800][77983318ms] GC(26513) User=0.00s Sys=0.00s Real=0.01s
[2023-11-10T12:12:59.948-0800][77983580ms] GC(26514) Pause Young (Normal) (G1 Evacuation Pause)
[2023-11-10T12:12:59.948-0800][77983580ms] GC(26514) Using 10 workers of 10 for evacuation
[2023-11-10T12:12:59.954-0800][77983586ms] GC(26514)   Pre Evacuate Collection Set: 0.0ms
[2023-11-10T12:12:59.954-0800][77983586ms] GC(26514)   Evacuate Collection Set: 1.7ms
[2023-11-10T12:12:59.954-0800][77983586ms] GC(26514)   Post Evacuate Collection Set: 3.4ms
[2023-11-10T12:12:59.954-0800][77983586ms] GC(26514)   Other: 0.3ms
[2023-11-10T12:12:59.954-0800][77983586ms] GC(26514) Eden regions: 147->0(147)
[2023-11-10T12:12:59.954-0800][77983586ms] GC(26514) Survivor regions: 1->1(19)
[2023-11-10T12:12:59.954-0800][77983586ms] GC(26514) Old regions: 1466->1466
[2023-11-10T12:12:59.954-0800][77983586ms] GC(26514) Humongous regions: 5->5
[2023-11-10T12:12:59.954-0800][77983586ms] GC(26514) Metaspace: 305043K->305043K(1349632K)
[2023-11-10T12:12:59.954-0800][77983586ms] GC(26514) Pause Young (Normal) (G1 Evacuation Pause) 3235M->2941M(3602M) 5.524ms
[2023-11-10T12:12:59.954-0800][77983586ms] GC(26514) User=0.00s Sys=0.00s Real=0.01s
[2023-11-10T12:13:00.216-0800][77983848ms] GC(26515) Pause Young (Normal) (G1 Evacuation Pause)
[2023-11-10T12:13:00.216-0800][77983848ms] GC(26515) Using 10 workers of 10 for evacuation
[2023-11-10T12:13:00.221-0800][77983853ms] GC(26515)   Pre Evacuate Collection Set: 0.0ms
[2023-11-10T12:13:00.221-0800][77983853ms] GC(26515)   Evacuate Collection Set: 1.7ms
[2023-11-10T12:13:00.221-0800][77983853ms] GC(26515)   Post Evacuate Collection Set: 3.8ms
[2023-11-10T12:13:00.221-0800][77983853ms] GC(26515)   Other: 0.3ms
[2023-11-10T12:13:00.221-0800][77983853ms] GC(26515) Eden regions: 147->0(147)
[2023-11-10T12:13:00.221-0800][77983853ms] GC(26515) Survivor regions: 1->1(19)
[2023-11-10T12:13:00.221-0800][77983853ms] GC(26515) Old regions: 1466->1466
[2023-11-10T12:13:00.221-0800][77983853ms] GC(26515) Humongous regions: 5->5
[2023-11-10T12:13:00.221-0800][77983853ms] GC(26515) Metaspace: 305043K->305043K(1349632K)
[2023-11-10T12:13:00.221-0800][77983853ms] GC(26515) Pause Young (Normal) (G1 Evacuation Pause) 3235M->2941M(3602M) 5.962ms
[2023-11-10T12:13:00.221-0800][77983853ms] GC(26515) User=0.00s Sys=0.00s Real=0.00s
[2023-11-10T12:13:00.489-0800][77984121ms] GC(26516) Pause Young (Normal) (G1 Evacuation Pause)
[2023-11-10T12:13:00.489-0800][77984121ms] GC(26516) Using 10 workers of 10 for evacuation
[2023-11-10T12:13:00.494-0800][77984126ms] GC(26516)   Pre Evacuate Collection Set: 0.0ms
[2023-11-10T12:13:00.494-0800][77984126ms] GC(26516)   Evacuate Collection Set: 1.7ms
[2023-11-10T12:13:00.494-0800][77984126ms] GC(26516)   Post Evacuate Collection Set: 3.2ms
[2023-11-10T12:13:00.494-0800][77984127ms] GC(26516)   Other: 0.2ms
[2023-11-10T12:13:00.495-0800][77984127ms] GC(26516) Eden regions: 147->0(147)
[2023-11-10T12:13:00.495-0800][77984127ms] GC(26516) Survivor regions: 1->1(19)
[2023-11-10T12:13:00.495-0800][77984127ms] GC(26516) Old regions: 1466->1466
[2023-11-10T12:13:00.495-0800][77984127ms] GC(26516) Humongous regions: 5->5
[2023-11-10T12:13:00.495-0800][77984127ms] GC(26516) Metaspace: 305043K->305043K(1349632K)
[2023-11-10T12:13:00.495-0800][77984127ms] GC(26516) Pause Young (Normal) (G1 Evacuation Pause) 3235M->2941M(3602M) 5.242ms
[2023-11-10T12:13:00.495-0800][77984127ms] GC(26516) User=0.00s Sys=0.00s Real=0.01s
[2023-11-10T12:13:00.740-0800][77984372ms] GC(26517) Pause Young (Normal) (G1 Evacuation Pause)
[2023-11-10T12:13:00.740-0800][77984372ms] GC(26517) Using 10 workers of 10 for evacuation
[2023-11-10T12:13:00.745-0800][77984377ms] GC(26517)   Pre Evacuate Collection Set: 0.0ms
[2023-11-10T12:13:00.745-0800][77984377ms] GC(26517)   Evacuate Collection Set: 1.6ms
[2023-11-10T12:13:00.745-0800][77984377ms] GC(26517)   Post Evacuate Collection Set: 3.1ms
[2023-11-10T12:13:00.745-0800][77984377ms] GC(26517)   Other: 0.3ms
[2023-11-10T12:13:00.745-0800][77984377ms] GC(26517) Eden regions: 147->0(147)
[2023-11-10T12:13:00.745-0800][77984377ms] GC(26517) Survivor regions: 1->1(19)
[2023-11-10T12:13:00.745-0800][77984377ms] GC(26517) Old regions: 1466->1466
[2023-11-10T12:13:00.745-0800][77984377ms] GC(26517) Humongous regions: 5->5
[2023-11-10T12:13:00.745-0800][77984377ms] GC(26517) Metaspace: 305043K->305043K(1349632K)
[2023-11-10T12:13:00.745-0800][77984377ms] GC(26517) Pause Young (Normal) (G1 Evacuation Pause) 3235M->2941M(3602M) 5.136ms
[2023-11-10T12:13:00.745-0800][77984377ms] GC(26517) User=0.02s Sys=0.00s Real=0.00s
[2023-11-10T12:13:01.007-0800][77984639ms] GC(26518) Pause Young (Normal) (G1 Evacuation Pause)
[2023-11-10T12:13:01.007-0800][77984639ms] GC(26518) Using 10 workers of 10 for evacuation
[2023-11-10T12:13:01.013-0800][77984645ms] GC(26518)   Pre Evacuate Collection Set: 0.0ms
[2023-11-10T12:13:01.013-0800][77984645ms] GC(26518)   Evacuate Collection Set: 1.7ms
[2023-11-10T12:13:01.013-0800][77984645ms] GC(26518)   Post Evacuate Collection Set: 3.0ms
[2023-11-10T12:13:01.013-0800][77984645ms] GC(26518)   Other: 0.2ms
[2023-11-10T12:13:01.013-0800][77984645ms] GC(26518) Eden regions: 147->0(147)
[2023-11-10T12:13:01.013-0800][77984645ms] GC(26518) Survivor regions: 1->1(19)
[2023-11-10T12:13:01.013-0800][77984645ms] GC(26518) Old regions: 1466->1466
[2023-11-10T12:13:01.013-0800][77984645ms] GC(26518) Humongous regions: 5->5
[2023-11-10T12:13:01.013-0800][77984645ms] GC(26518) Metaspace: 305043K->305043K(1349632K)
[2023-11-10T12:13:01.013-0800][77984645ms] GC(26518) Pause Young (Normal) (G1 Evacuation Pause) 3235M->2941M(3602M) 5.059ms
[2023-11-10T12:13:01.013-0800][77984645ms] GC(26518) User=0.00s Sys=0.00s Real=0.01s
[2023-11-10T12:13:01.291-0800][77984923ms] GC(26519) Pause Young (Normal) (G1 Evacuation Pause)
[2023-11-10T12:13:01.291-0800][77984923ms] GC(26519) Using 10 workers of 10 for evacuation
[2023-11-10T12:13:01.296-0800][77984928ms] GC(26519)   Pre Evacuate Collection Set: 0.1ms
[2023-11-10T12:13:01.296-0800][77984928ms] GC(26519)   Evacuate Collection Set: 1.6ms
[2023-11-10T12:13:01.296-0800][77984928ms] GC(26519)   Post Evacuate Collection Set: 3.0ms
[2023-11-10T12:13:01.296-0800][77984928ms] GC(26519)   Other: 0.2ms
[2023-11-10T12:13:01.296-0800][77984928ms] GC(26519) Eden regions: 147->0(147)
[2023-11-10T12:13:01.296-0800][77984928ms] GC(26519) Survivor regions: 1->1(19)
[2023-11-10T12:13:01.296-0800][77984928ms] GC(26519) Old regions: 1466->1466
[2023-11-10T12:13:01.296-0800][77984928ms] GC(26519) Humongous regions: 5->5
[2023-11-10T12:13:01.296-0800][77984928ms] GC(26519) Metaspace: 305043K->305043K(1349632K)
[2023-11-10T12:13:01.296-0800][77984928ms] GC(26519) Pause Young (Normal) (G1 Evacuation Pause) 3235M->2941M(3602M) 4.945ms
[2023-11-10T12:13:01.296-0800][77984928ms] GC(26519) User=0.00s Sys=0.00s Real=0.01s
[2023-11-10T12:13:01.564-0800][77985196ms] GC(26520) Pause Young (Normal) (G1 Evacuation Pause)
[2023-11-10T12:13:01.564-0800][77985196ms] GC(26520) Using 10 workers of 10 for evacuation
[2023-11-10T12:13:01.568-0800][77985200ms] GC(26520)   Pre Evacuate Collection Set: 0.0ms
[2023-11-10T12:13:01.568-0800][77985200ms] GC(26520)   Evacuate Collection Set: 1.6ms
[2023-11-10T12:13:01.568-0800][77985200ms] GC(26520)   Post Evacuate Collection Set: 2.9ms
[2023-11-10T12:13:01.568-0800][77985200ms] GC(26520)   Other: 0.3ms
[2023-11-10T12:13:01.568-0800][77985200ms] GC(26520) Eden regions: 147->0(147)
[2023-11-10T12:13:01.568-0800][77985200ms] GC(26520) Survivor regions: 1->1(19)
[2023-11-10T12:13:01.568-0800][77985200ms] GC(26520) Old regions: 1466->1466
[2023-11-10T12:13:01.568-0800][77985200ms] GC(26520) Humongous regions: 5->5
[2023-11-10T12:13:01.568-0800][77985200ms] GC(26520) Metaspace: 305043K->305043K(1349632K)
[2023-11-10T12:13:01.568-0800][77985200ms] GC(26520) Pause Young (Normal) (G1 Evacuation Pause) 3235M->2941M(3602M) 4.927ms
[2023-11-10T12:13:01.568-0800][77985200ms] GC(26520) User=0.00s Sys=0.00s Real=0.00s
[2023-11-10T12:13:01.841-0800][77985473ms] GC(26521) Pause Young (Normal) (G1 Evacuation Pause)
[2023-11-10T12:13:01.841-0800][77985473ms] GC(26521) Using 10 workers of 10 for evacuation
[2023-11-10T12:13:01.846-0800][77985478ms] GC(26521)   Pre Evacuate Collection Set: 0.0ms
[2023-11-10T12:13:01.846-0800][77985478ms] GC(26521)   Evacuate Collection Set: 1.6ms
[2023-11-10T12:13:01.846-0800][77985478ms] GC(26521)   Post Evacuate Collection Set: 2.9ms
[2023-11-10T12:13:01.846-0800][77985478ms] GC(26521)   Other: 0.2ms
[2023-11-10T12:13:01.846-0800][77985478ms] GC(26521) Eden regions: 147->0(147)
[2023-11-10T12:13:01.846-0800][77985478ms] GC(26521) Survivor regions: 1->1(19)
[2023-11-10T12:13:01.846-0800][77985478ms] GC(26521) Old regions: 1466->1466
[2023-11-10T12:13:01.846-0800][77985478ms] GC(26521) Humongous regions: 5->5
[2023-11-10T12:13:01.846-0800][77985478ms] GC(26521) Metaspace: 305043K->305043K(1349632K)
[2023-11-10T12:13:01.846-0800][77985478ms] GC(26521) Pause Young (Normal) (G1 Evacuation Pause) 3235M->2941M(3602M) 4.904ms
[2023-11-10T12:13:01.846-0800][77985478ms] GC(26521) User=0.00s Sys=0.00s Real=0.00s
[2023-11-10T12:13:02.114-0800][77985746ms] GC(26522) Pause Young (Normal) (G1 Evacuation Pause)
[2023-11-10T12:13:02.114-0800][77985746ms] GC(26522) Using 10 workers of 10 for evacuation
[2023-11-10T12:13:02.120-0800][77985752ms] GC(26522)   Pre Evacuate Collection Set: 0.0ms
[2023-11-10T12:13:02.120-0800][77985752ms] GC(26522)   Evacuate Collection Set: 1.6ms
[2023-11-10T12:13:02.120-0800][77985752ms] GC(26522)   Post Evacuate Collection Set: 3.1ms
[2023-11-10T12:13:02.120-0800][77985752ms] GC(26522)   Other: 0.3ms
[2023-11-10T12:13:02.120-0800][77985752ms] GC(26522) Eden regions: 147->0(147)
[2023-11-10T12:13:02.120-0800][77985752ms] GC(26522) Survivor regions: 1->1(19)
[2023-11-10T12:13:02.120-0800][77985752ms] GC(26522) Old regions: 1466->1466
[2023-11-10T12:13:02.120-0800][77985752ms] GC(26522) Humongous regions: 5->5
[2023-11-10T12:13:02.120-0800][77985752ms] GC(26522) Metaspace: 305043K->305043K(1349632K)
[2023-11-10T12:13:02.120-0800][77985752ms] GC(26522) Pause Young (Normal) (G1 Evacuation Pause) 3235M->2941M(3602M) 5.154ms
[2023-11-10T12:13:02.120-0800][77985752ms] GC(26522) User=0.06s Sys=0.00s Real=0.01s
[2023-11-10T12:13:02.383-0800][77986015ms] GC(26523) Pause Young (Normal) (G1 Evacuation Pause)
[2023-11-10T12:13:02.383-0800][77986015ms] GC(26523) Using 10 workers of 10 for evacuation
[2023-11-10T12:13:02.387-0800][77986019ms] GC(26523)   Pre Evacuate Collection Set: 0.0ms
[2023-11-10T12:13:02.387-0800][77986019ms] GC(26523)   Evacuate Collection Set: 1.7ms
[2023-11-10T12:13:02.387-0800][77986019ms] GC(26523)   Post Evacuate Collection Set: 3.0ms
[2023-11-10T12:13:02.387-0800][77986019ms] GC(26523)   Other: 0.3ms
[2023-11-10T12:13:02.388-0800][77986020ms] GC(26523) Eden regions: 147->0(147)
[2023-11-10T12:13:02.388-0800][77986020ms] GC(26523) Survivor regions: 1->1(19)
[2023-11-10T12:13:02.388-0800][77986020ms] GC(26523) Old regions: 1466->1466
[2023-11-10T12:13:02.388-0800][77986020ms] GC(26523) Humongous regions: 5->5
[2023-11-10T12:13:02.388-0800][77986020ms] GC(26523) Metaspace: 305043K->305043K(1349632K)
[2023-11-10T12:13:02.388-0800][77986020ms] GC(26523) Pause Young (Normal) (G1 Evacuation Pause) 3235M->2941M(3602M) 5.086ms
[2023-11-10T12:13:02.388-0800][77986020ms] GC(26523) User=0.00s Sys=0.00s Real=0.01s
[2023-11-10T12:13:02.642-0800][77986274ms] GC(26524) Pause Young (Normal) (G1 Evacuation Pause)
[2023-11-10T12:13:02.642-0800][77986274ms] GC(26524) Using 10 workers of 10 for evacuation
[2023-11-10T12:13:02.646-0800][77986278ms] GC(26524)   Pre Evacuate Collection Set: 0.0ms
[2023-11-10T12:13:02.646-0800][77986278ms] GC(26524)   Evacuate Collection Set: 1.7ms
[2023-11-10T12:13:02.646-0800][77986278ms] GC(26524)   Post Evacuate Collection Set: 3.0ms
[2023-11-10T12:13:02.646-0800][77986278ms] GC(26524)   Other: 0.2ms
[2023-11-10T12:13:02.646-0800][77986278ms] GC(26524) Eden regions: 147->0(147)
[2023-11-10T12:13:02.646-0800][77986278ms] GC(26524) Survivor regions: 1->1(19)
[2023-11-10T12:13:02.646-0800][77986278ms] GC(26524) Old regions: 1466->1466
[2023-11-10T12:13:02.646-0800][77986278ms] GC(26524) Humongous regions: 5->5
[2023-11-10T12:13:02.646-0800][77986278ms] GC(26524) Metaspace: 305043K->305043K(1349632K)
[2023-11-10T12:13:02.646-0800][77986278ms] GC(26524) Pause Young (Normal) (G1 Evacuation Pause) 3235M->2941M(3602M) 5.072ms
[2023-11-10T12:13:02.646-0800][77986278ms] GC(26524) User=0.00s Sys=0.00s Real=0.00s
[2023-11-10T12:13:02.901-0800][77986533ms] GC(26525) Pause Young (Normal) (G1 Evacuation Pause)
[2023-11-10T12:13:02.901-0800][77986533ms] GC(26525) Using 10 workers of 10 for evacuation
[2023-11-10T12:13:02.906-0800][77986538ms] GC(26525)   Pre Evacuate Collection Set: 0.0ms
[2023-11-10T12:13:02.906-0800][77986538ms] GC(26525)   Evacuate Collection Set: 1.6ms
[2023-11-10T12:13:02.906-0800][77986538ms] GC(26525)   Post Evacuate Collection Set: 3.1ms
[2023-11-10T12:13:02.906-0800][77986538ms] GC(26525)   Other: 0.2ms
[2023-11-10T12:13:02.906-0800][77986538ms] GC(26525) Eden regions: 147->0(147)
[2023-11-10T12:13:02.906-0800][77986538ms] GC(26525) Survivor regions: 1->1(19)
[2023-11-10T12:13:02.906-0800][77986538ms] GC(26525) Old regions: 1466->1466
[2023-11-10T12:13:02.906-0800][77986538ms] GC(26525) Humongous regions: 5->5
[2023-11-10T12:13:02.906-0800][77986538ms] GC(26525) Metaspace: 305043K->305043K(1349632K)
[2023-11-10T12:13:02.906-0800][77986538ms] GC(26525) Pause Young (Normal) (G1 Evacuation Pause) 3235M->2941M(3602M) 5.125ms
[2023-11-10T12:13:02.906-0800][77986538ms] GC(26525) User=0.00s Sys=0.00s Real=0.00s
[2023-11-10T12:13:03.170-0800][77986802ms] GC(26526) Pause Young (Normal) (G1 Evacuation Pause)
[2023-11-10T12:13:03.170-0800][77986802ms] GC(26526) Using 10 workers of 10 for evacuation
[2023-11-10T12:13:03.175-0800][77986807ms] GC(26526)   Pre Evacuate Collection Set: 0.0ms
[2023-11-10T12:13:03.175-0800][77986807ms] GC(26526)   Evacuate Collection Set: 1.6ms
[2023-11-10T12:13:03.175-0800][77986807ms] GC(26526)   Post Evacuate Collection Set: 3.1ms
[2023-11-10T12:13:03.175-0800][77986807ms] GC(26526)   Other: 0.2ms
[2023-11-10T12:13:03.175-0800][77986807ms] GC(26526) Eden regions: 147->0(147)
[2023-11-10T12:13:03.175-0800][77986807ms] GC(26526) Survivor regions: 1->1(19)
[2023-11-10T12:13:03.175-0800][77986807ms] GC(26526) Old regions: 1466->1466
[2023-11-10T12:13:03.175-0800][77986807ms] GC(26526) Humongous regions: 5->5
[2023-11-10T12:13:03.175-0800][77986807ms] GC(26526) Metaspace: 305043K->305043K(1349632K)
[2023-11-10T12:13:03.175-0800][77986807ms] GC(26526) Pause Young (Normal) (G1 Evacuation Pause) 3235M->2941M(3602M) 5.041ms
[2023-11-10T12:13:03.175-0800][77986807ms] GC(26526) User=0.00s Sys=0.00s Real=0.00s
[2023-11-10T12:13:03.437-0800][77987069ms] GC(26527) Pause Young (Normal) (G1 Evacuation Pause)
[2023-11-10T12:13:03.437-0800][77987069ms] GC(26527) Using 10 workers of 10 for evacuation
[2023-11-10T12:13:03.441-0800][77987073ms] GC(26527)   Pre Evacuate Collection Set: 0.0ms
[2023-11-10T12:13:03.441-0800][77987073ms] GC(26527)   Evacuate Collection Set: 1.6ms
[2023-11-10T12:13:03.441-0800][77987073ms] GC(26527)   Post Evacuate Collection Set: 2.9ms
[2023-11-10T12:13:03.441-0800][77987073ms] GC(26527)   Other: 0.3ms
[2023-11-10T12:13:03.441-0800][77987073ms] GC(26527) Eden regions: 147->0(147)
[2023-11-10T12:13:03.441-0800][77987073ms] GC(26527) Survivor regions: 1->1(19)
[2023-11-10T12:13:03.441-0800][77987073ms] GC(26527) Old regions: 1466->1466
[2023-11-10T12:13:03.441-0800][77987073ms] GC(26527) Humongous regions: 5->5
[2023-11-10T12:13:03.441-0800][77987073ms] GC(26527) Metaspace: 305043K->305043K(1349632K)
[2023-11-10T12:13:03.441-0800][77987073ms] GC(26527) Pause Young (Normal) (G1 Evacuation Pause) 3235M->2941M(3602M) 4.892ms
[2023-11-10T12:13:03.441-0800][77987073ms] GC(26527) User=0.00s Sys=0.00s Real=0.00s
[2023-11-10T12:13:03.700-0800][77987332ms] GC(26528) Pause Young (Normal) (G1 Evacuation Pause)
[2023-11-10T12:13:03.700-0800][77987332ms] GC(26528) Using 10 workers of 10 for evacuation
[2023-11-10T12:13:03.704-0800][77987337ms] GC(26528)   Pre Evacuate Collection Set: 0.0ms
[2023-11-10T12:13:03.705-0800][77987337ms] GC(26528)   Evacuate Collection Set: 1.6ms
[2023-11-10T12:13:03.705-0800][77987337ms] GC(26528)   Post Evacuate Collection Set: 2.9ms
[2023-11-10T12:13:03.705-0800][77987337ms] GC(26528)   Other: 0.3ms
[2023-11-10T12:13:03.705-0800][77987337ms] GC(26528) Eden regions: 147->0(147)
[2023-11-10T12:13:03.705-0800][77987337ms] GC(26528) Survivor regions: 1->1(19)
[2023-11-10T12:13:03.705-0800][77987337ms] GC(26528) Old regions: 1466->1466
[2023-11-10T12:13:03.705-0800][77987337ms] GC(26528) Humongous regions: 5->5
[2023-11-10T12:13:03.705-0800][77987337ms] GC(26528) Metaspace: 305043K->305043K(1349632K)
[2023-11-10T12:13:03.705-0800][77987337ms] GC(26528) Pause Young (Normal) (G1 Evacuation Pause) 3235M->2941M(3602M) 4.904ms
[2023-11-10T12:13:03.705-0800][77987337ms] GC(26528) User=0.00s Sys=0.00s Real=0.00s
[2023-11-10T12:13:03.964-0800][77987596ms] GC(26529) Pause Young (Normal) (G1 Evacuation Pause)
[2023-11-10T12:13:03.964-0800][77987596ms] GC(26529) Using 10 workers of 10 for evacuation
[2023-11-10T12:13:03.969-0800][77987601ms] GC(26529)   Pre Evacuate Collection Set: 0.0ms
[2023-11-10T12:13:03.969-0800][77987601ms] GC(26529)   Evacuate Collection Set: 1.6ms
[2023-11-10T12:13:03.969-0800][77987601ms] GC(26529)   Post Evacuate Collection Set: 3.1ms
[2023-11-10T12:13:03.969-0800][77987601ms] GC(26529)   Other: 0.2ms
[2023-11-10T12:13:03.969-0800][77987601ms] GC(26529) Eden regions: 147->0(147)
[2023-11-10T12:13:03.969-0800][77987601ms] GC(26529) Survivor regions: 1->1(19)
[2023-11-10T12:13:03.969-0800][77987601ms] GC(26529) Old regions: 1466->1466
[2023-11-10T12:13:03.969-0800][77987601ms] GC(26529) Humongous regions: 5->5
[2023-11-10T12:13:03.969-0800][77987601ms] GC(26529) Metaspace: 305043K->305043K(1349632K)
[2023-11-10T12:13:03.969-0800][77987601ms] GC(26529) Pause Young (Normal) (G1 Evacuation Pause) 3235M->2941M(3602M) 5.054ms
[2023-11-10T12:13:03.969-0800][77987601ms] GC(26529) User=0.00s Sys=0.00s Real=0.01s
[2023-11-10T12:13:04.214-0800][77987846ms] GC(26530) Pause Young (Normal) (G1 Evacuation Pause)
[2023-11-10T12:13:04.214-0800][77987846ms] GC(26530) Using 10 workers of 10 for evacuation
[2023-11-10T12:13:04.219-0800][77987851ms] GC(26530)   Pre Evacuate Collection Set: 0.0ms
[2023-11-10T12:13:04.219-0800][77987851ms] GC(26530)   Evacuate Collection Set: 1.7ms
[2023-11-10T12:13:04.219-0800][77987851ms] GC(26530)   Post Evacuate Collection Set: 2.8ms
[2023-11-10T12:13:04.219-0800][77987851ms] GC(26530)   Other: 0.2ms
[2023-11-10T12:13:04.219-0800][77987851ms] GC(26530) Eden regions: 147->0(147)
[2023-11-10T12:13:04.219-0800][77987851ms] GC(26530) Survivor regions: 1->1(19)
[2023-11-10T12:13:04.219-0800][77987851ms] GC(26530) Old regions: 1466->1466
[2023-11-10T12:13:04.219-0800][77987851ms] GC(26530) Humongous regions: 5->5
[2023-11-10T12:13:04.219-0800][77987851ms] GC(26530) Metaspace: 305043K->305043K(1349632K)
[2023-11-10T12:13:04.219-0800][77987851ms] GC(26530) Pause Young (Normal) (G1 Evacuation Pause) 3235M->2942M(3602M) 4.823ms
[2023-11-10T12:13:04.219-0800][77987851ms] GC(26530) User=0.00s Sys=0.00s Real=0.01s
[2023-11-10T12:13:04.465-0800][77988097ms] GC(26531) Pause Young (Normal) (G1 Evacuation Pause)
[2023-11-10T12:13:04.465-0800][77988097ms] GC(26531) Using 10 workers of 10 for evacuation
[2023-11-10T12:13:04.469-0800][77988101ms] GC(26531)   Pre Evacuate Collection Set: 0.0ms
[2023-11-10T12:13:04.469-0800][77988101ms] GC(26531)   Evacuate Collection Set: 1.6ms
[2023-11-10T12:13:04.469-0800][77988101ms] GC(26531)   Post Evacuate Collection Set: 3.0ms
[2023-11-10T12:13:04.470-0800][77988102ms] GC(26531)   Other: 0.3ms
[2023-11-10T12:13:04.470-0800][77988102ms] GC(26531) Eden regions: 147->0(147)
[2023-11-10T12:13:04.470-0800][77988102ms] GC(26531) Survivor regions: 1->1(19)
[2023-11-10T12:13:04.470-0800][77988102ms] GC(26531) Old regions: 1466->1466
[2023-11-10T12:13:04.470-0800][77988102ms] GC(26531) Humongous regions: 5->5
[2023-11-10T12:13:04.470-0800][77988102ms] GC(26531) Metaspace: 305043K->305043K(1349632K)
[2023-11-10T12:13:04.470-0800][77988102ms] GC(26531) Pause Young (Normal) (G1 Evacuation Pause) 3236M->2941M(3602M) 5.030ms
[2023-11-10T12:13:04.470-0800][77988102ms] GC(26531) User=0.00s Sys=0.00s Real=0.01s
[2023-11-10T12:13:04.739-0800][77988371ms] GC(26532) Pause Young (Normal) (G1 Evacuation Pause)
[2023-11-10T12:13:04.739-0800][77988371ms] GC(26532) Using 10 workers of 10 for evacuation
[2023-11-10T12:13:04.744-0800][77988376ms] GC(26532)   Pre Evacuate Collection Set: 0.0ms
[2023-11-10T12:13:04.744-0800][77988376ms] GC(26532)   Evacuate Collection Set: 1.6ms
[2023-11-10T12:13:04.744-0800][77988376ms] GC(26532)   Post Evacuate Collection Set: 2.8ms
[2023-11-10T12:13:04.744-0800][77988376ms] GC(26532)   Other: 0.2ms
[2023-11-10T12:13:04.744-0800][77988376ms] GC(26532) Eden regions: 147->0(147)
[2023-11-10T12:13:04.744-0800][77988376ms] GC(26532) Survivor regions: 1->1(19)
[2023-11-10T12:13:04.744-0800][77988376ms] GC(26532) Old regions: 1466->1466
[2023-11-10T12:13:04.744-0800][77988376ms] GC(26532) Humongous regions: 5->5
[2023-11-10T12:13:04.744-0800][77988376ms] GC(26532) Metaspace: 305043K->305043K(1349632K)
[2023-11-10T12:13:04.744-0800][77988376ms] GC(26532) Pause Young (Normal) (G1 Evacuation Pause) 3235M->2941M(3602M) 4.770ms
[2023-11-10T12:13:04.744-0800][77988376ms] GC(26532) User=0.02s Sys=0.00s Real=0.00s
[2023-11-10T12:13:05.005-0800][77988637ms] GC(26533) Pause Young (Normal) (G1 Evacuation Pause)
[2023-11-10T12:13:05.005-0800][77988637ms] GC(26533) Using 10 workers of 10 for evacuation
[2023-11-10T12:13:05.010-0800][77988642ms] GC(26533)   Pre Evacuate Collection Set: 0.0ms
[2023-11-10T12:13:05.010-0800][77988642ms] GC(26533)   Evacuate Collection Set: 1.6ms
[2023-11-10T12:13:05.010-0800][77988642ms] GC(26533)   Post Evacuate Collection Set: 3.1ms
[2023-11-10T12:13:05.010-0800][77988642ms] GC(26533)   Other: 0.3ms
[2023-11-10T12:13:05.010-0800][77988642ms] GC(26533) Eden regions: 147->0(147)
[2023-11-10T12:13:05.010-0800][77988642ms] GC(26533) Survivor regions: 1->1(19)
[2023-11-10T12:13:05.010-0800][77988642ms] GC(26533) Old regions: 1466->1466
[2023-11-10T12:13:05.010-0800][77988642ms] GC(26533) Humongous regions: 5->5
[2023-11-10T12:13:05.010-0800][77988642ms] GC(26533) Metaspace: 305043K->305043K(1349632K)
[2023-11-10T12:13:05.010-0800][77988642ms] GC(26533) Pause Young (Normal) (G1 Evacuation Pause) 3235M->2941M(3602M) 5.189ms
[2023-11-10T12:13:05.010-0800][77988642ms] GC(26533) User=0.02s Sys=0.00s Real=0.00s
[2023-11-10T12:13:05.269-0800][77988901ms] GC(26534) Pause Young (Normal) (G1 Evacuation Pause)
[2023-11-10T12:13:05.269-0800][77988901ms] GC(26534) Using 10 workers of 10 for evacuation
[2023-11-10T12:13:05.274-0800][77988906ms] GC(26534)   Pre Evacuate Collection Set: 0.0ms
[2023-11-10T12:13:05.274-0800][77988906ms] GC(26534)   Evacuate Collection Set: 1.7ms
[2023-11-10T12:13:05.274-0800][77988906ms] GC(26534)   Post Evacuate Collection Set: 3.0ms
[2023-11-10T12:13:05.274-0800][77988906ms] GC(26534)   Other: 0.3ms
[2023-11-10T12:13:05.274-0800][77988906ms] GC(26534) Eden regions: 147->0(147)
[2023-11-10T12:13:05.274-0800][77988906ms] GC(26534) Survivor regions: 1->1(19)
[2023-11-10T12:13:05.274-0800][77988906ms] GC(26534) Old regions: 1466->1466
[2023-11-10T12:13:05.274-0800][77988906ms] GC(26534) Humongous regions: 5->5
[2023-11-10T12:13:05.274-0800][77988906ms] GC(26534) Metaspace: 305043K->305043K(1349632K)
[2023-11-10T12:13:05.274-0800][77988906ms] GC(26534) Pause Young (Normal) (G1 Evacuation Pause) 3235M->2941M(3602M) 5.025ms
[2023-11-10T12:13:05.274-0800][77988906ms] GC(26534) User=0.02s Sys=0.00s Real=0.00s
[2023-11-10T12:13:05.541-0800][77989173ms] GC(26535) Pause Young (Normal) (G1 Evacuation Pause)
[2023-11-10T12:13:05.541-0800][77989173ms] GC(26535) Using 10 workers of 10 for evacuation
[2023-11-10T12:13:05.546-0800][77989178ms] GC(26535)   Pre Evacuate Collection Set: 0.0ms
[2023-11-10T12:13:05.546-0800][77989178ms] GC(26535)   Evacuate Collection Set: 1.7ms
[2023-11-10T12:13:05.546-0800][77989178ms] GC(26535)   Post Evacuate Collection Set: 3.1ms
[2023-11-10T12:13:05.546-0800][77989178ms] GC(26535)   Other: 0.2ms
[2023-11-10T12:13:05.546-0800][77989178ms] GC(26535) Eden regions: 147->0(147)
[2023-11-10T12:13:05.546-0800][77989178ms] GC(26535) Survivor regions: 1->1(19)
[2023-11-10T12:13:05.546-0800][77989178ms] GC(26535) Old regions: 1466->1466
[2023-11-10T12:13:05.546-0800][77989178ms] GC(26535) Humongous regions: 5->5
[2023-11-10T12:13:05.546-0800][77989178ms] GC(26535) Metaspace: 305043K->305043K(1349632K)
[2023-11-10T12:13:05.546-0800][77989178ms] GC(26535) Pause Young (Normal) (G1 Evacuation Pause) 3235M->2941M(3602M) 5.208ms
[2023-11-10T12:13:05.546-0800][77989178ms] GC(26535) User=0.00s Sys=0.00s Real=0.01s
[2023-11-10T12:13:05.820-0800][77989452ms] GC(26536) Pause Young (Normal) (G1 Evacuation Pause)
[2023-11-10T12:13:05.820-0800][77989452ms] GC(26536) Using 10 workers of 10 for evacuation
[2023-11-10T12:13:05.825-0800][77989457ms] GC(26536)   Pre Evacuate Collection Set: 0.0ms
[2023-11-10T12:13:05.825-0800][77989457ms] GC(26536)   Evacuate Collection Set: 1.5ms
[2023-11-10T12:13:05.825-0800][77989457ms] GC(26536)   Post Evacuate Collection Set: 3.1ms
[2023-11-10T12:13:05.825-0800][77989457ms] GC(26536)   Other: 0.3ms
[2023-11-10T12:13:05.825-0800][77989457ms] GC(26536) Eden regions: 147->0(147)
[2023-11-10T12:13:05.825-0800][77989457ms] GC(26536) Survivor regions: 1->1(19)
[2023-11-10T12:13:05.825-0800][77989457ms] GC(26536) Old regions: 1466->1466
[2023-11-10T12:13:05.825-0800][77989457ms] GC(26536) Humongous regions: 5->5
[2023-11-10T12:13:05.825-0800][77989457ms] GC(26536) Metaspace: 305043K->305043K(1349632K)
[2023-11-10T12:13:05.825-0800][77989457ms] GC(26536) Pause Young (Normal) (G1 Evacuation Pause) 3235M->2941M(3602M) 5.060ms
[2023-11-10T12:13:05.825-0800][77989457ms] GC(26536) User=0.00s Sys=0.00s Real=0.01s
[2023-11-10T12:13:06.088-0800][77989720ms] GC(26537) Pause Young (Normal) (G1 Evacuation Pause)
[2023-11-10T12:13:06.089-0800][77989721ms] GC(26537) Using 10 workers of 10 for evacuation
[2023-11-10T12:13:06.093-0800][77989725ms] GC(26537)   Pre Evacuate Collection Set: 0.0ms
[2023-11-10T12:13:06.093-0800][77989725ms] GC(26537)   Evacuate Collection Set: 1.6ms
[2023-11-10T12:13:06.093-0800][77989725ms] GC(26537)   Post Evacuate Collection Set: 3.0ms
[2023-11-10T12:13:06.093-0800][77989725ms] GC(26537)   Other: 0.2ms
[2023-11-10T12:13:06.093-0800][77989725ms] GC(26537) Eden regions: 147->0(147)
[2023-11-10T12:13:06.093-0800][77989725ms] GC(26537) Survivor regions: 1->1(19)
[2023-11-10T12:13:06.093-0800][77989725ms] GC(26537) Old regions: 1466->1466
[2023-11-10T12:13:06.093-0800][77989725ms] GC(26537) Humongous regions: 5->5
[2023-11-10T12:13:06.093-0800][77989725ms] GC(26537) Metaspace: 305043K->305043K(1349632K)
[2023-11-10T12:13:06.093-0800][77989725ms] GC(26537) Pause Young (Normal) (G1 Evacuation Pause) 3235M->2941M(3602M) 4.962ms
[2023-11-10T12:13:06.093-0800][77989725ms] GC(26537) User=0.00s Sys=0.00s Real=0.00s
[2023-11-10T12:13:06.353-0800][77989985ms] GC(26538) Pause Young (Normal) (G1 Evacuation Pause)
[2023-11-10T12:13:06.353-0800][77989985ms] GC(26538) Using 10 workers of 10 for evacuation
[2023-11-10T12:13:06.357-0800][77989989ms] GC(26538)   Pre Evacuate Collection Set: 0.1ms
[2023-11-10T12:13:06.357-0800][77989989ms] GC(26538)   Evacuate Collection Set: 1.6ms
[2023-11-10T12:13:06.357-0800][77989989ms] GC(26538)   Post Evacuate Collection Set: 2.9ms
[2023-11-10T12:13:06.357-0800][77989989ms] GC(26538)   Other: 0.3ms
[2023-11-10T12:13:06.357-0800][77989989ms] GC(26538) Eden regions: 147->0(147)
[2023-11-10T12:13:06.357-0800][77989989ms] GC(26538) Survivor regions: 1->1(19)
[2023-11-10T12:13:06.357-0800][77989989ms] GC(26538) Old regions: 1466->1466
[2023-11-10T12:13:06.357-0800][77989989ms] GC(26538) Humongous regions: 5->5
[2023-11-10T12:13:06.358-0800][77989990ms] GC(26538) Metaspace: 305043K->305043K(1349632K)
[2023-11-10T12:13:06.358-0800][77989990ms] GC(26538) Pause Young (Normal) (G1 Evacuation Pause) 3235M->2941M(3602M) 5.033ms
[2023-11-10T12:13:06.358-0800][77989990ms] GC(26538) User=0.00s Sys=0.00s Real=0.01s
[2023-11-10T12:13:06.629-0800][77990261ms] GC(26539) Pause Young (Normal) (G1 Evacuation Pause)
[2023-11-10T12:13:06.629-0800][77990261ms] GC(26539) Using 10 workers of 10 for evacuation
[2023-11-10T12:13:06.634-0800][77990266ms] GC(26539)   Pre Evacuate Collection Set: 0.0ms
[2023-11-10T12:13:06.634-0800][77990266ms] GC(26539)   Evacuate Collection Set: 1.7ms
[2023-11-10T12:13:06.634-0800][77990266ms] GC(26539)   Post Evacuate Collection Set: 3.1ms
[2023-11-10T12:13:06.634-0800][77990266ms] GC(26539)   Other: 0.3ms
[2023-11-10T12:13:06.634-0800][77990266ms] GC(26539) Eden regions: 147->0(147)
[2023-11-10T12:13:06.634-0800][77990266ms] GC(26539) Survivor regions: 1->1(19)
[2023-11-10T12:13:06.634-0800][77990266ms] GC(26539) Old regions: 1466->1466
[2023-11-10T12:13:06.634-0800][77990266ms] GC(26539) Humongous regions: 5->5
[2023-11-10T12:13:06.634-0800][77990266ms] GC(26539) Metaspace: 305043K->305043K(1349632K)
[2023-11-10T12:13:06.634-0800][77990266ms] GC(26539) Pause Young (Normal) (G1 Evacuation Pause) 3235M->2941M(3602M) 5.267ms
[2023-11-10T12:13:06.634-0800][77990266ms] GC(26539) User=0.02s Sys=0.00s Real=0.01s
[2023-11-10T12:13:06.894-0800][77990526ms] GC(26540) Pause Young (Normal) (G1 Evacuation Pause)
[2023-11-10T12:13:06.894-0800][77990526ms] GC(26540) Using 10 workers of 10 for evacuation
[2023-11-10T12:13:06.899-0800][77990531ms] GC(26540)   Pre Evacuate Collection Set: 0.0ms
[2023-11-10T12:13:06.899-0800][77990531ms] GC(26540)   Evacuate Collection Set: 1.7ms
[2023-11-10T12:13:06.899-0800][77990531ms] GC(26540)   Post Evacuate Collection Set: 3.0ms
[2023-11-10T12:13:06.899-0800][77990531ms] GC(26540)   Other: 0.2ms
[2023-11-10T12:13:06.899-0800][77990531ms] GC(26540) Eden regions: 147->0(147)
[2023-11-10T12:13:06.899-0800][77990531ms] GC(26540) Survivor regions: 1->1(19)
[2023-11-10T12:13:06.899-0800][77990531ms] GC(26540) Old regions: 1466->1466
[2023-11-10T12:13:06.899-0800][77990531ms] GC(26540) Humongous regions: 5->5
[2023-11-10T12:13:06.899-0800][77990531ms] GC(26540) Metaspace: 305043K->305043K(1349632K)
[2023-11-10T12:13:06.899-0800][77990531ms] GC(26540) Pause Young (Normal) (G1 Evacuation Pause) 3235M->2941M(3602M) 5.075ms
[2023-11-10T12:13:06.899-0800][77990531ms] GC(26540) User=0.00s Sys=0.00s Real=0.00s
[2023-11-10T12:13:07.167-0800][77990799ms] GC(26541) Pause Young (Normal) (G1 Evacuation Pause)
[2023-11-10T12:13:07.167-0800][77990799ms] GC(26541) Using 10 workers of 10 for evacuation
[2023-11-10T12:13:07.172-0800][77990804ms] GC(26541)   Pre Evacuate Collection Set: 0.0ms
[2023-11-10T12:13:07.172-0800][77990804ms] GC(26541)   Evacuate Collection Set: 1.6ms
[2023-11-10T12:13:07.172-0800][77990804ms] GC(26541)   Post Evacuate Collection Set: 3.0ms
[2023-11-10T12:13:07.172-0800][77990804ms] GC(26541)   Other: 0.3ms
[2023-11-10T12:13:07.172-0800][77990804ms] GC(26541) Eden regions: 147->0(147)
[2023-11-10T12:13:07.172-0800][77990804ms] GC(26541) Survivor regions: 1->1(19)
[2023-11-10T12:13:07.172-0800][77990804ms] GC(26541) Old regions: 1466->1466
[2023-11-10T12:13:07.172-0800][77990804ms] GC(26541) Humongous regions: 5->5
[2023-11-10T12:13:07.172-0800][77990804ms] GC(26541) Metaspace: 305043K->305043K(1349632K)
[2023-11-10T12:13:07.172-0800][77990804ms] GC(26541) Pause Young (Normal) (G1 Evacuation Pause) 3235M->2941M(3602M) 5.034ms
[2023-11-10T12:13:07.172-0800][77990804ms] GC(26541) User=0.00s Sys=0.00s Real=0.00s
[2023-11-10T12:13:07.434-0800][77991066ms] GC(26542) Pause Young (Normal) (G1 Evacuation Pause)
[2023-11-10T12:13:07.434-0800][77991066ms] GC(26542) Using 10 workers of 10 for evacuation
[2023-11-10T12:13:07.444-0800][77991076ms] GC(26542)   Pre Evacuate Collection Set: 0.1ms
[2023-11-10T12:13:07.444-0800][77991076ms] GC(26542)   Evacuate Collection Set: 1.7ms
[2023-11-10T12:13:07.444-0800][77991076ms] GC(26542)   Post Evacuate Collection Set: 7.8ms
[2023-11-10T12:13:07.444-0800][77991076ms] GC(26542)   Other: 0.2ms
[2023-11-10T12:13:07.444-0800][77991076ms] GC(26542) Eden regions: 147->0(147)
[2023-11-10T12:13:07.444-0800][77991076ms] GC(26542) Survivor regions: 1->1(19)
[2023-11-10T12:13:07.444-0800][77991076ms] GC(26542) Old regions: 1466->1466
[2023-11-10T12:13:07.444-0800][77991076ms] GC(26542) Humongous regions: 5->5
[2023-11-10T12:13:07.444-0800][77991076ms] GC(26542) Metaspace: 305043K->305043K(1349632K)
[2023-11-10T12:13:07.444-0800][77991076ms] GC(26542) Pause Young (Normal) (G1 Evacuation Pause) 3235M->2941M(3602M) 9.885ms
[2023-11-10T12:13:07.444-0800][77991076ms] GC(26542) User=0.00s Sys=0.00s Real=0.01s
[2023-11-10T12:13:07.705-0800][77991337ms] GC(26543) Pause Young (Normal) (G1 Evacuation Pause)
[2023-11-10T12:13:07.705-0800][77991337ms] GC(26543) Using 10 workers of 10 for evacuation
[2023-11-10T12:13:07.710-0800][77991342ms] GC(26543)   Pre Evacuate Collection Set: 0.0ms
[2023-11-10T12:13:07.710-0800][77991342ms] GC(26543)   Evacuate Collection Set: 1.6ms
[2023-11-10T12:13:07.710-0800][77991342ms] GC(26543)   Post Evacuate Collection Set: 3.0ms
[2023-11-10T12:13:07.710-0800][77991342ms] GC(26543)   Other: 0.2ms
[2023-11-10T12:13:07.710-0800][77991342ms] GC(26543) Eden regions: 147->0(147)
[2023-11-10T12:13:07.710-0800][77991342ms] GC(26543) Survivor regions: 1->1(19)
[2023-11-10T12:13:07.710-0800][77991342ms] GC(26543) Old regions: 1466->1466
[2023-11-10T12:13:07.710-0800][77991342ms] GC(26543) Humongous regions: 5->5
[2023-11-10T12:13:07.710-0800][77991342ms] GC(26543) Metaspace: 305043K->305043K(1349632K)
[2023-11-10T12:13:07.710-0800][77991342ms] GC(26543) Pause Young (Normal) (G1 Evacuation Pause) 3235M->2941M(3602M) 4.985ms
[2023-11-10T12:13:07.710-0800][77991342ms] GC(26543) User=0.00s Sys=0.00s Real=0.01s
[2023-11-10T12:13:07.975-0800][77991607ms] GC(26544) Pause Young (Normal) (G1 Evacuation Pause)
[2023-11-10T12:13:07.975-0800][77991607ms] GC(26544) Using 10 workers of 10 for evacuation
[2023-11-10T12:13:07.980-0800][77991612ms] GC(26544)   Pre Evacuate Collection Set: 0.0ms
[2023-11-10T12:13:07.980-0800][77991612ms] GC(26544)   Evacuate Collection Set: 1.6ms
[2023-11-10T12:13:07.980-0800][77991612ms] GC(26544)   Post Evacuate Collection Set: 3.3ms
[2023-11-10T12:13:07.980-0800][77991612ms] GC(26544)   Other: 0.3ms
[2023-11-10T12:13:07.980-0800][77991612ms] GC(26544) Eden regions: 147->0(147)
[2023-11-10T12:13:07.980-0800][77991612ms] GC(26544) Survivor regions: 1->1(19)
[2023-11-10T12:13:07.980-0800][77991612ms] GC(26544) Old regions: 1466->1466
[2023-11-10T12:13:07.980-0800][77991612ms] GC(26544) Humongous regions: 5->5
[2023-11-10T12:13:07.980-0800][77991612ms] GC(26544) Metaspace: 305043K->305043K(1349632K)
[2023-11-10T12:13:07.980-0800][77991612ms] GC(26544) Pause Young (Normal) (G1 Evacuation Pause) 3235M->2941M(3602M) 5.332ms
[2023-11-10T12:13:07.980-0800][77991612ms] GC(26544) User=0.03s Sys=0.00s Real=0.01s
[2023-11-10T12:13:08.243-0800][77991875ms] GC(26545) Pause Young (Normal) (G1 Evacuation Pause)
[2023-11-10T12:13:08.243-0800][77991875ms] GC(26545) Using 10 workers of 10 for evacuation
[2023-11-10T12:13:08.248-0800][77991880ms] GC(26545)   Pre Evacuate Collection Set: 0.1ms
[2023-11-10T12:13:08.248-0800][77991880ms] GC(26545)   Evacuate Collection Set: 1.7ms
[2023-11-10T12:13:08.248-0800][77991880ms] GC(26545)   Post Evacuate Collection Set: 3.1ms
[2023-11-10T12:13:08.248-0800][77991880ms] GC(26545)   Other: 0.3ms
[2023-11-10T12:13:08.248-0800][77991880ms] GC(26545) Eden regions: 147->0(147)
[2023-11-10T12:13:08.248-0800][77991880ms] GC(26545) Survivor regions: 1->1(19)
[2023-11-10T12:13:08.248-0800][77991880ms] GC(26545) Old regions: 1466->1466
[2023-11-10T12:13:08.248-0800][77991880ms] GC(26545) Humongous regions: 5->5
[2023-11-10T12:13:08.248-0800][77991880ms] GC(26545) Metaspace: 305043K->305043K(1349632K)
[2023-11-10T12:13:08.248-0800][77991880ms] GC(26545) Pause Young (Normal) (G1 Evacuation Pause) 3235M->2941M(3602M) 5.213ms
[2023-11-10T12:13:08.248-0800][77991880ms] GC(26545) User=0.00s Sys=0.00s Real=0.00s
[2023-11-10T12:13:08.543-0800][77992175ms] GC(26546) Pause Young (Normal) (G1 Evacuation Pause)
[2023-11-10T12:13:08.543-0800][77992175ms] GC(26546) Using 10 workers of 10 for evacuation
[2023-11-10T12:13:08.548-0800][77992180ms] GC(26546)   Pre Evacuate Collection Set: 0.0ms
[2023-11-10T12:13:08.548-0800][77992180ms] GC(26546)   Evacuate Collection Set: 1.8ms
[2023-11-10T12:13:08.548-0800][77992180ms] GC(26546)   Post Evacuate Collection Set: 3.2ms
[2023-11-10T12:13:08.548-0800][77992180ms] GC(26546)   Other: 0.3ms
[2023-11-10T12:13:08.548-0800][77992180ms] GC(26546) Eden regions: 147->0(147)
[2023-11-10T12:13:08.548-0800][77992180ms] GC(26546) Survivor regions: 1->1(19)
[2023-11-10T12:13:08.548-0800][77992180ms] GC(26546) Old regions: 1466->1466
[2023-11-10T12:13:08.548-0800][77992180ms] GC(26546) Humongous regions: 5->5
[2023-11-10T12:13:08.548-0800][77992180ms] GC(26546) Metaspace: 305043K->305043K(1349632K)
[2023-11-10T12:13:08.548-0800][77992180ms] GC(26546) Pause Young (Normal) (G1 Evacuation Pause) 3235M->2941M(3602M) 5.346ms
[2023-11-10T12:13:08.548-0800][77992180ms] GC(26546) User=0.00s Sys=0.00s Real=0.01s
[2023-11-10T12:13:08.811-0800][77992443ms] GC(26547) Pause Young (Normal) (G1 Evacuation Pause)
[2023-11-10T12:13:08.811-0800][77992443ms] GC(26547) Using 10 workers of 10 for evacuation
[2023-11-10T12:13:08.816-0800][77992448ms] GC(26547)   Pre Evacuate Collection Set: 0.0ms
[2023-11-10T12:13:08.816-0800][77992448ms] GC(26547)   Evacuate Collection Set: 1.7ms
[2023-11-10T12:13:08.816-0800][77992448ms] GC(26547)   Post Evacuate Collection Set: 3.0ms
[2023-11-10T12:13:08.816-0800][77992448ms] GC(26547)   Other: 0.3ms
[2023-11-10T12:13:08.816-0800][77992448ms] GC(26547) Eden regions: 147->0(147)
[2023-11-10T12:13:08.816-0800][77992448ms] GC(26547) Survivor regions: 1->1(19)
[2023-11-10T12:13:08.816-0800][77992448ms] GC(26547) Old regions: 1466->1466
[2023-11-10T12:13:08.816-0800][77992448ms] GC(26547) Humongous regions: 5->5
[2023-11-10T12:13:08.816-0800][77992448ms] GC(26547) Metaspace: 305043K->305043K(1349632K)
[2023-11-10T12:13:08.816-0800][77992448ms] GC(26547) Pause Young (Normal) (G1 Evacuation Pause) 3235M->2941M(3602M) 5.176ms
[2023-11-10T12:13:08.816-0800][77992448ms] GC(26547) User=0.00s Sys=0.00s Real=0.00s
[2023-11-10T12:13:09.080-0800][77992712ms] GC(26548) Pause Young (Normal) (G1 Evacuation Pause)
[2023-11-10T12:13:09.080-0800][77992712ms] GC(26548) Using 10 workers of 10 for evacuation
[2023-11-10T12:13:09.084-0800][77992716ms] GC(26548)   Pre Evacuate Collection Set: 0.0ms
[2023-11-10T12:13:09.084-0800][77992716ms] GC(26548)   Evacuate Collection Set: 1.7ms
[2023-11-10T12:13:09.084-0800][77992716ms] GC(26548)   Post Evacuate Collection Set: 3.0ms
[2023-11-10T12:13:09.084-0800][77992716ms] GC(26548)   Other: 0.2ms
[2023-11-10T12:13:09.084-0800][77992716ms] GC(26548) Eden regions: 147->0(147)
[2023-11-10T12:13:09.084-0800][77992716ms] GC(26548) Survivor regions: 1->1(19)
[2023-11-10T12:13:09.084-0800][77992716ms] GC(26548) Old regions: 1466->1466
[2023-11-10T12:13:09.084-0800][77992716ms] GC(26548) Humongous regions: 5->5
[2023-11-10T12:13:09.084-0800][77992716ms] GC(26548) Metaspace: 305043K->305043K(1349632K)
[2023-11-10T12:13:09.084-0800][77992716ms] GC(26548) Pause Young (Normal) (G1 Evacuation Pause) 3235M->2941M(3602M) 5.107ms
[2023-11-10T12:13:09.084-0800][77992716ms] GC(26548) User=0.00s Sys=0.00s Real=0.00s
[2023-11-10T12:13:09.336-0800][77992968ms] GC(26549) Pause Young (Normal) (G1 Evacuation Pause)
[2023-11-10T12:13:09.336-0800][77992968ms] GC(26549) Using 10 workers of 10 for evacuation
[2023-11-10T12:13:09.341-0800][77992973ms] GC(26549)   Pre Evacuate Collection Set: 0.0ms
[2023-11-10T12:13:09.342-0800][77992974ms] GC(26549)   Evacuate Collection Set: 1.7ms
[2023-11-10T12:13:09.342-0800][77992974ms] GC(26549)   Post Evacuate Collection Set: 2.9ms
[2023-11-10T12:13:09.342-0800][77992974ms] GC(26549)   Other: 0.3ms
[2023-11-10T12:13:09.342-0800][77992974ms] GC(26549) Eden regions: 147->0(147)
[2023-11-10T12:13:09.342-0800][77992974ms] GC(26549) Survivor regions: 1->1(19)
[2023-11-10T12:13:09.342-0800][77992974ms] GC(26549) Old regions: 1466->1466
[2023-11-10T12:13:09.342-0800][77992974ms] GC(26549) Humongous regions: 5->5
[2023-11-10T12:13:09.342-0800][77992974ms] GC(26549) Metaspace: 305043K->305043K(1349632K)
[2023-11-10T12:13:09.342-0800][77992974ms] GC(26549) Pause Young (Normal) (G1 Evacuation Pause) 3235M->2941M(3602M) 5.195ms
[2023-11-10T12:13:09.342-0800][77992974ms] GC(26549) User=0.00s Sys=0.00s Real=0.01s
[2023-11-10T12:13:09.591-0800][77993223ms] GC(26550) Pause Young (Normal) (G1 Evacuation Pause)
[2023-11-10T12:13:09.591-0800][77993223ms] GC(26550) Using 10 workers of 10 for evacuation
[2023-11-10T12:13:09.596-0800][77993228ms] GC(26550)   Pre Evacuate Collection Set: 0.1ms
[2023-11-10T12:13:09.596-0800][77993228ms] GC(26550)   Evacuate Collection Set: 1.7ms
[2023-11-10T12:13:09.596-0800][77993228ms] GC(26550)   Post Evacuate Collection Set: 3.0ms
[2023-11-10T12:13:09.596-0800][77993228ms] GC(26550)   Other: 0.3ms
[2023-11-10T12:13:09.596-0800][77993228ms] GC(26550) Eden regions: 147->0(147)
[2023-11-10T12:13:09.596-0800][77993228ms] GC(26550) Survivor regions: 1->1(19)
[2023-11-10T12:13:09.596-0800][77993228ms] GC(26550) Old regions: 1466->1466
[2023-11-10T12:13:09.596-0800][77993228ms] GC(26550) Humongous regions: 5->5
[2023-11-10T12:13:09.596-0800][77993228ms] GC(26550) Metaspace: 305043K->305043K(1349632K)
[2023-11-10T12:13:09.596-0800][77993228ms] GC(26550) Pause Young (Normal) (G1 Evacuation Pause) 3235M->2941M(3602M) 5.130ms
[2023-11-10T12:13:09.596-0800][77993228ms] GC(26550) User=0.00s Sys=0.00s Real=0.00s
[2023-11-10T12:13:09.850-0800][77993482ms] GC(26551) Pause Young (Normal) (G1 Evacuation Pause)
[2023-11-10T12:13:09.850-0800][77993482ms] GC(26551) Using 10 workers of 10 for evacuation
[2023-11-10T12:13:09.854-0800][77993486ms] GC(26551)   Pre Evacuate Collection Set: 0.0ms
[2023-11-10T12:13:09.855-0800][77993487ms] GC(26551)   Evacuate Collection Set: 1.7ms
[2023-11-10T12:13:09.855-0800][77993487ms] GC(26551)   Post Evacuate Collection Set: 3.0ms
[2023-11-10T12:13:09.855-0800][77993487ms] GC(26551)   Other: 0.3ms
[2023-11-10T12:13:09.855-0800][77993487ms] GC(26551) Eden regions: 147->0(147)
[2023-11-10T12:13:09.855-0800][77993487ms] GC(26551) Survivor regions: 1->1(19)
[2023-11-10T12:13:09.855-0800][77993487ms] GC(26551) Old regions: 1466->1466
[2023-11-10T12:13:09.855-0800][77993487ms] GC(26551) Humongous regions: 5->5
[2023-11-10T12:13:09.855-0800][77993487ms] GC(26551) Metaspace: 305043K->305043K(1349632K)
[2023-11-10T12:13:09.855-0800][77993487ms] GC(26551) Pause Young (Normal) (G1 Evacuation Pause) 3235M->2941M(3602M) 5.078ms
[2023-11-10T12:13:09.855-0800][77993487ms] GC(26551) User=0.13s Sys=0.00s Real=0.01s
[2023-11-10T12:13:10.123-0800][77993755ms] GC(26552) Pause Young (Normal) (G1 Evacuation Pause)
[2023-11-10T12:13:10.123-0800][77993755ms] GC(26552) Using 10 workers of 10 for evacuation
[2023-11-10T12:13:10.126-0800][77993758ms] GC(26552)   Pre Evacuate Collection Set: 0.0ms
[2023-11-10T12:13:10.128-0800][77993760ms] GC(26552)   Evacuate Collection Set: 1.7ms
[2023-11-10T12:13:10.128-0800][77993760ms] GC(26552)   Post Evacuate Collection Set: 3.0ms
[2023-11-10T12:13:10.128-0800][77993760ms] GC(26552)   Other: 0.3ms
[2023-11-10T12:13:10.128-0800][77993760ms] GC(26552) Eden regions: 147->0(147)
[2023-11-10T12:13:10.128-0800][77993760ms] GC(26552) Survivor regions: 1->1(19)
[2023-11-10T12:13:10.128-0800][77993760ms] GC(26552) Old regions: 1466->1466
[2023-11-10T12:13:10.128-0800][77993760ms] GC(26552) Humongous regions: 5->5
[2023-11-10T12:13:10.128-0800][77993760ms] GC(26552) Metaspace: 305043K->305043K(1349632K)
[2023-11-10T12:13:10.128-0800][77993760ms] GC(26552) Pause Young (Normal) (G1 Evacuation Pause) 3235M->2941M(3602M) 5.138ms
[2023-11-10T12:13:10.128-0800][77993760ms] GC(26552) User=0.00s Sys=0.00s Real=0.01s
[2023-11-10T12:13:10.484-0800][77994116ms] GC(26553) Pause Young (Normal) (G1 Evacuation Pause)
[2023-11-10T12:13:10.484-0800][77994116ms] GC(26553) Using 10 workers of 10 for evacuation
[2023-11-10T12:13:10.490-0800][77994122ms] GC(26553)   Pre Evacuate Collection Set: 0.0ms
[2023-11-10T12:13:10.490-0800][77994122ms] GC(26553)   Evacuate Collection Set: 1.8ms
[2023-11-10T12:13:10.490-0800][77994122ms] GC(26553)   Post Evacuate Collection Set: 3.5ms
[2023-11-10T12:13:10.490-0800][77994122ms] GC(26553)   Other: 0.3ms
[2023-11-10T12:13:10.490-0800][77994122ms] GC(26553) Eden regions: 147->0(147)
[2023-11-10T12:13:10.490-0800][77994122ms] GC(26553) Survivor regions: 1->1(19)
[2023-11-10T12:13:10.490-0800][77994122ms] GC(26553) Old regions: 1466->1466
[2023-11-10T12:13:10.490-0800][77994122ms] GC(26553) Humongous regions: 5->5
[2023-11-10T12:13:10.490-0800][77994122ms] GC(26553) Metaspace: 305043K->305043K(1349632K)
[2023-11-10T12:13:10.490-0800][77994122ms] GC(26553) Pause Young (Normal) (G1 Evacuation Pause) 3235M->2941M(3602M) 5.741ms
[2023-11-10T12:13:10.490-0800][77994122ms] GC(26553) User=0.00s Sys=0.00s Real=0.01s
[2023-11-10T12:13:10.795-0800][77994427ms] GC(26554) Pause Young (Normal) (G1 Evacuation Pause)
[2023-11-10T12:13:10.795-0800][77994427ms] GC(26554) Using 10 workers of 10 for evacuation
[2023-11-10T12:13:10.800-0800][77994432ms] GC(26554)   Pre Evacuate Collection Set: 0.0ms
[2023-11-10T12:13:10.800-0800][77994432ms] GC(26554)   Evacuate Collection Set: 1.9ms
[2023-11-10T12:13:10.800-0800][77994432ms] GC(26554)   Post Evacuate Collection Set: 3.1ms
[2023-11-10T12:13:10.800-0800][77994432ms] GC(26554)   Other: 0.3ms
[2023-11-10T12:13:10.801-0800][77994433ms] GC(26554) Eden regions: 147->0(147)
[2023-11-10T12:13:10.801-0800][77994433ms] GC(26554) Survivor regions: 1->1(19)
[2023-11-10T12:13:10.801-0800][77994433ms] GC(26554) Old regions: 1466->1466
[2023-11-10T12:13:10.801-0800][77994433ms] GC(26554) Humongous regions: 5->5
[2023-11-10T12:13:10.801-0800][77994433ms] GC(26554) Metaspace: 305043K->305043K(1349632K)
[2023-11-10T12:13:10.801-0800][77994433ms] GC(26554) Pause Young (Normal) (G1 Evacuation Pause) 3235M->2941M(3602M) 5.378ms
[2023-11-10T12:13:10.801-0800][77994433ms] GC(26554) User=0.00s Sys=0.00s Real=0.01s
[2023-11-10T12:13:11.064-0800][77994696ms] GC(26555) Pause Young (Normal) (G1 Evacuation Pause)
[2023-11-10T12:13:11.064-0800][77994696ms] GC(26555) Using 10 workers of 10 for evacuation
[2023-11-10T12:13:11.070-0800][77994702ms] GC(26555)   Pre Evacuate Collection Set: 0.0ms
[2023-11-10T12:13:11.070-0800][77994702ms] GC(26555)   Evacuate Collection Set: 1.7ms
[2023-11-10T12:13:11.070-0800][77994702ms] GC(26555)   Post Evacuate Collection Set: 3.3ms
[2023-11-10T12:13:11.070-0800][77994702ms] GC(26555)   Other: 0.3ms
[2023-11-10T12:13:11.070-0800][77994702ms] GC(26555) Eden regions: 147->0(147)
[2023-11-10T12:13:11.070-0800][77994702ms] GC(26555) Survivor regions: 1->1(19)
[2023-11-10T12:13:11.070-0800][77994702ms] GC(26555) Old regions: 1466->1466
[2023-11-10T12:13:11.070-0800][77994702ms] GC(26555) Humongous regions: 5->5
[2023-11-10T12:13:11.070-0800][77994702ms] GC(26555) Metaspace: 305043K->305043K(1349632K)
[2023-11-10T12:13:11.070-0800][77994702ms] GC(26555) Pause Young (Normal) (G1 Evacuation Pause) 3235M->2941M(3602M) 5.402ms
[2023-11-10T12:13:11.070-0800][77994702ms] GC(26555) User=0.02s Sys=0.00s Real=0.01s
[2023-11-10T12:13:11.356-0800][77994988ms] GC(26556) Pause Young (Normal) (G1 Evacuation Pause)
[2023-11-10T12:13:11.356-0800][77994988ms] GC(26556) Using 10 workers of 10 for evacuation
[2023-11-10T12:13:11.362-0800][77994994ms] GC(26556)   Pre Evacuate Collection Set: 0.1ms
[2023-11-10T12:13:11.362-0800][77994994ms] GC(26556)   Evacuate Collection Set: 2.2ms
[2023-11-10T12:13:11.362-0800][77994994ms] GC(26556)   Post Evacuate Collection Set: 4.0ms
[2023-11-10T12:13:11.362-0800][77994994ms] GC(26556)   Other: 0.4ms
[2023-11-10T12:13:11.362-0800][77994994ms] GC(26556) Eden regions: 147->0(147)
[2023-11-10T12:13:11.362-0800][77994994ms] GC(26556) Survivor regions: 1->1(19)
[2023-11-10T12:13:11.362-0800][77994994ms] GC(26556) Old regions: 1466->1466
[2023-11-10T12:13:11.362-0800][77994994ms] GC(26556) Humongous regions: 5->5
[2023-11-10T12:13:11.362-0800][77994994ms] GC(26556) Metaspace: 305043K->305043K(1349632K)
[2023-11-10T12:13:11.362-0800][77994994ms] GC(26556) Pause Young (Normal) (G1 Evacuation Pause) 3235M->2941M(3602M) 6.660ms
[2023-11-10T12:13:11.362-0800][77994994ms] GC(26556) User=0.00s Sys=0.00s Real=0.01s
[2023-11-10T12:13:11.650-0800][77995282ms] GC(26557) Pause Young (Normal) (G1 Evacuation Pause)
[2023-11-10T12:13:11.650-0800][77995282ms] GC(26557) Using 10 workers of 10 for evacuation
[2023-11-10T12:13:11.654-0800][77995286ms] GC(26557)   Pre Evacuate Collection Set: 0.0ms
[2023-11-10T12:13:11.655-0800][77995287ms] GC(26557)   Evacuate Collection Set: 1.7ms
[2023-11-10T12:13:11.655-0800][77995287ms] GC(26557)   Post Evacuate Collection Set: 3.0ms
[2023-11-10T12:13:11.655-0800][77995287ms] GC(26557)   Other: 0.2ms
[2023-11-10T12:13:11.655-0800][77995287ms] GC(26557) Eden regions: 147->0(147)
[2023-11-10T12:13:11.655-0800][77995287ms] GC(26557) Survivor regions: 1->1(19)
[2023-11-10T12:13:11.655-0800][77995287ms] GC(26557) Old regions: 1466->1466
[2023-11-10T12:13:11.655-0800][77995287ms] GC(26557) Humongous regions: 5->5
[2023-11-10T12:13:11.655-0800][77995287ms] GC(26557) Metaspace: 305043K->305043K(1349632K)
[2023-11-10T12:13:11.655-0800][77995287ms] GC(26557) Pause Young (Normal) (G1 Evacuation Pause) 3235M->2941M(3602M) 5.012ms
[2023-11-10T12:13:11.655-0800][77995287ms] GC(26557) User=0.00s Sys=0.00s Real=0.00s
[2023-11-10T12:13:11.946-0800][77995578ms] GC(26558) Pause Young (Normal) (G1 Evacuation Pause)
[2023-11-10T12:13:11.946-0800][77995578ms] GC(26558) Using 10 workers of 10 for evacuation
[2023-11-10T12:13:11.953-0800][77995585ms] GC(26558)   Pre Evacuate Collection Set: 0.0ms
[2023-11-10T12:13:11.953-0800][77995585ms] GC(26558)   Evacuate Collection Set: 2.5ms
[2023-11-10T12:13:11.953-0800][77995585ms] GC(26558)   Post Evacuate Collection Set: 4.4ms
[2023-11-10T12:13:11.953-0800][77995585ms] GC(26558)   Other: 0.3ms
[2023-11-10T12:13:11.953-0800][77995585ms] GC(26558) Eden regions: 147->0(147)
[2023-11-10T12:13:11.953-0800][77995585ms] GC(26558) Survivor regions: 1->1(19)
[2023-11-10T12:13:11.953-0800][77995585ms] GC(26558) Old regions: 1466->1466
[2023-11-10T12:13:11.953-0800][77995585ms] GC(26558) Humongous regions: 5->5
[2023-11-10T12:13:11.953-0800][77995585ms] GC(26558) Metaspace: 305043K->305043K(1349632K)
[2023-11-10T12:13:11.953-0800][77995585ms] GC(26558) Pause Young (Normal) (G1 Evacuation Pause) 3235M->2941M(3602M) 7.397ms
[2023-11-10T12:13:11.953-0800][77995585ms] GC(26558) User=0.00s Sys=0.00s Real=0.01s
[2023-11-10T12:13:12.317-0800][77995949ms] GC(26559) Pause Young (Normal) (G1 Evacuation Pause)
[2023-11-10T12:13:12.317-0800][77995949ms] GC(26559) Using 10 workers of 10 for evacuation
[2023-11-10T12:13:12.324-0800][77995956ms] GC(26559)   Pre Evacuate Collection Set: 0.1ms
[2023-11-10T12:13:12.324-0800][77995956ms] GC(26559)   Evacuate Collection Set: 1.9ms
[2023-11-10T12:13:12.324-0800][77995956ms] GC(26559)   Post Evacuate Collection Set: 5.3ms
[2023-11-10T12:13:12.324-0800][77995956ms] GC(26559)   Other: 0.4ms
[2023-11-10T12:13:12.324-0800][77995956ms] GC(26559) Eden regions: 147->0(147)
[2023-11-10T12:13:12.324-0800][77995956ms] GC(26559) Survivor regions: 1->1(19)
[2023-11-10T12:13:12.324-0800][77995956ms] GC(26559) Old regions: 1466->1466
[2023-11-10T12:13:12.324-0800][77995956ms] GC(26559) Humongous regions: 5->5
[2023-11-10T12:13:12.324-0800][77995956ms] GC(26559) Metaspace: 305043K->305043K(1349632K)
[2023-11-10T12:13:12.324-0800][77995956ms] GC(26559) Pause Young (Normal) (G1 Evacuation Pause) 3235M->2941M(3602M) 7.963ms
[2023-11-10T12:13:12.325-0800][77995957ms] GC(26559) User=0.00s Sys=0.00s Real=0.01s
[2023-11-10T12:13:12.640-0800][77996272ms] GC(26560) Pause Young (Normal) (G1 Evacuation Pause)
[2023-11-10T12:13:12.640-0800][77996272ms] GC(26560) Using 10 workers of 10 for evacuation
[2023-11-10T12:13:12.645-0800][77996277ms] GC(26560)   Pre Evacuate Collection Set: 0.1ms
[2023-11-10T12:13:12.646-0800][77996278ms] GC(26560)   Evacuate Collection Set: 1.7ms
[2023-11-10T12:13:12.646-0800][77996278ms] GC(26560)   Post Evacuate Collection Set: 3.0ms
[2023-11-10T12:13:12.646-0800][77996278ms] GC(26560)   Other: 0.3ms
[2023-11-10T12:13:12.646-0800][77996278ms] GC(26560) Eden regions: 147->0(147)
[2023-11-10T12:13:12.646-0800][77996278ms] GC(26560) Survivor regions: 1->1(19)
[2023-11-10T12:13:12.646-0800][77996278ms] GC(26560) Old regions: 1466->1466
[2023-11-10T12:13:12.646-0800][77996278ms] GC(26560) Humongous regions: 5->5
[2023-11-10T12:13:12.646-0800][77996278ms] GC(26560) Metaspace: 305043K->305043K(1349632K)
[2023-11-10T12:13:12.646-0800][77996278ms] GC(26560) Pause Young (Normal) (G1 Evacuation Pause) 3235M->2941M(3602M) 5.167ms
[2023-11-10T12:13:12.646-0800][77996278ms] GC(26560) User=0.00s Sys=0.00s Real=0.01s
[2023-11-10T12:13:12.915-0800][77996547ms] GC(26561) Pause Young (Normal) (G1 Evacuation Pause)
[2023-11-10T12:13:12.915-0800][77996547ms] GC(26561) Using 10 workers of 10 for evacuation
[2023-11-10T12:13:12.921-0800][77996553ms] GC(26561)   Pre Evacuate Collection Set: 0.0ms
[2023-11-10T12:13:12.921-0800][77996553ms] GC(26561)   Evacuate Collection Set: 1.6ms
[2023-11-10T12:13:12.921-0800][77996553ms] GC(26561)   Post Evacuate Collection Set: 3.0ms
[2023-11-10T12:13:12.921-0800][77996553ms] GC(26561)   Other: 0.3ms
[2023-11-10T12:13:12.921-0800][77996553ms] GC(26561) Eden regions: 147->0(147)
[2023-11-10T12:13:12.921-0800][77996553ms] GC(26561) Survivor regions: 1->1(19)
[2023-11-10T12:13:12.921-0800][77996553ms] GC(26561) Old regions: 1466->1466
[2023-11-10T12:13:12.921-0800][77996553ms] GC(26561) Humongous regions: 5->5
[2023-11-10T12:13:12.921-0800][77996553ms] GC(26561) Metaspace: 305043K->305043K(1349632K)
[2023-11-10T12:13:12.921-0800][77996553ms] GC(26561) Pause Young (Normal) (G1 Evacuation Pause) 3235M->2941M(3602M) 4.926ms
[2023-11-10T12:13:12.921-0800][77996553ms] GC(26561) User=0.00s Sys=0.00s Real=0.01s
[2023-11-10T12:13:13.193-0800][77996825ms] GC(26562) Pause Young (Normal) (G1 Evacuation Pause)
[2023-11-10T12:13:13.194-0800][77996826ms] GC(26562) Using 10 workers of 10 for evacuation
[2023-11-10T12:13:13.199-0800][77996831ms] GC(26562)   Pre Evacuate Collection Set: 0.1ms
[2023-11-10T12:13:13.199-0800][77996831ms] GC(26562)   Evacuate Collection Set: 1.7ms
[2023-11-10T12:13:13.199-0800][77996831ms] GC(26562)   Post Evacuate Collection Set: 3.7ms
[2023-11-10T12:13:13.199-0800][77996831ms] GC(26562)   Other: 0.4ms
[2023-11-10T12:13:13.199-0800][77996831ms] GC(26562) Eden regions: 147->0(147)
[2023-11-10T12:13:13.199-0800][77996831ms] GC(26562) Survivor regions: 1->1(19)
[2023-11-10T12:13:13.199-0800][77996831ms] GC(26562) Old regions: 1466->1466
[2023-11-10T12:13:13.199-0800][77996831ms] GC(26562) Humongous regions: 5->5
[2023-11-10T12:13:13.199-0800][77996831ms] GC(26562) Metaspace: 305043K->305043K(1349632K)
[2023-11-10T12:13:13.199-0800][77996831ms] GC(26562) Pause Young (Normal) (G1 Evacuation Pause) 3235M->2941M(3602M) 5.960ms
[2023-11-10T12:13:13.199-0800][77996831ms] GC(26562) User=0.02s Sys=0.00s Real=0.01s
[2023-11-10T12:13:13.507-0800][77997139ms] GC(26563) Pause Young (Normal) (G1 Evacuation Pause)
[2023-11-10T12:13:13.507-0800][77997139ms] GC(26563) Using 10 workers of 10 for evacuation
[2023-11-10T12:13:13.512-0800][77997144ms] GC(26563)   Pre Evacuate Collection Set: 0.0ms
[2023-11-10T12:13:13.512-0800][77997144ms] GC(26563)   Evacuate Collection Set: 1.7ms
[2023-11-10T12:13:13.512-0800][77997144ms] GC(26563)   Post Evacuate Collection Set: 3.3ms
[2023-11-10T12:13:13.512-0800][77997144ms] GC(26563)   Other: 0.3ms
[2023-11-10T12:13:13.512-0800][77997144ms] GC(26563) Eden regions: 147->0(147)
[2023-11-10T12:13:13.512-0800][77997144ms] GC(26563) Survivor regions: 1->1(19)
[2023-11-10T12:13:13.512-0800][77997144ms] GC(26563) Old regions: 1466->1466
[2023-11-10T12:13:13.512-0800][77997144ms] GC(26563) Humongous regions: 5->5
[2023-11-10T12:13:13.512-0800][77997144ms] GC(26563) Metaspace: 305043K->305043K(1349632K)
[2023-11-10T12:13:13.512-0800][77997144ms] GC(26563) Pause Young (Normal) (G1 Evacuation Pause) 3235M->2941M(3602M) 5.389ms
[2023-11-10T12:13:13.513-0800][77997145ms] GC(26563) User=0.00s Sys=0.00s Real=0.01s
[2023-11-10T12:13:13.773-0800][77997405ms] GC(26564) Pause Young (Normal) (G1 Evacuation Pause)
[2023-11-10T12:13:13.773-0800][77997405ms] GC(26564) Using 10 workers of 10 for evacuation
[2023-11-10T12:13:13.778-0800][77997410ms] GC(26564)   Pre Evacuate Collection Set: 0.1ms
[2023-11-10T12:13:13.779-0800][77997411ms] GC(26564)   Evacuate Collection Set: 2.0ms
[2023-11-10T12:13:13.779-0800][77997411ms] GC(26564)   Post Evacuate Collection Set: 3.0ms
[2023-11-10T12:13:13.779-0800][77997411ms] GC(26564)   Other: 0.3ms
[2023-11-10T12:13:13.779-0800][77997411ms] GC(26564) Eden regions: 147->0(147)
[2023-11-10T12:13:13.779-0800][77997411ms] GC(26564) Survivor regions: 1->1(19)
[2023-11-10T12:13:13.779-0800][77997411ms] GC(26564) Old regions: 1466->1466
[2023-11-10T12:13:13.779-0800][77997411ms] GC(26564) Humongous regions: 5->5
[2023-11-10T12:13:13.779-0800][77997411ms] GC(26564) Metaspace: 305043K->305043K(1349632K)
[2023-11-10T12:13:13.779-0800][77997411ms] GC(26564) Pause Young (Normal) (G1 Evacuation Pause) 3235M->2942M(3602M) 5.462ms
[2023-11-10T12:13:13.779-0800][77997411ms] GC(26564) User=0.00s Sys=0.00s Real=0.01s
[2023-11-10T12:13:14.050-0800][77997682ms] GC(26565) Pause Young (Normal) (G1 Evacuation Pause)
[2023-11-10T12:13:14.050-0800][77997682ms] GC(26565) Using 10 workers of 10 for evacuation
[2023-11-10T12:13:14.057-0800][77997689ms] GC(26565)   Pre Evacuate Collection Set: 0.1ms
[2023-11-10T12:13:14.057-0800][77997689ms] GC(26565)   Evacuate Collection Set: 2.6ms
[2023-11-10T12:13:14.057-0800][77997689ms] GC(26565)   Post Evacuate Collection Set: 4.0ms
[2023-11-10T12:13:14.057-0800][77997689ms] GC(26565)   Other: 0.3ms
[2023-11-10T12:13:14.057-0800][77997689ms] GC(26565) Eden regions: 147->0(147)
[2023-11-10T12:13:14.057-0800][77997689ms] GC(26565) Survivor regions: 1->1(19)
[2023-11-10T12:13:14.057-0800][77997689ms] GC(26565) Old regions: 1466->1466
[2023-11-10T12:13:14.057-0800][77997689ms] GC(26565) Humongous regions: 5->5
[2023-11-10T12:13:14.057-0800][77997689ms] GC(26565) Metaspace: 305043K->305043K(1349632K)
[2023-11-10T12:13:14.057-0800][77997689ms] GC(26565) Pause Young (Normal) (G1 Evacuation Pause) 3236M->2942M(3602M) 7.016ms
[2023-11-10T12:13:14.057-0800][77997689ms] GC(26565) User=0.02s Sys=0.00s Real=0.01s
[2023-11-10T12:13:14.324-0800][77997956ms] GC(26566) Pause Young (Normal) (G1 Evacuation Pause)
[2023-11-10T12:13:14.324-0800][77997956ms] GC(26566) Using 10 workers of 10 for evacuation
[2023-11-10T12:13:14.330-0800][77997962ms] GC(26566)   Pre Evacuate Collection Set: 0.0ms
[2023-11-10T12:13:14.330-0800][77997962ms] GC(26566)   Evacuate Collection Set: 1.7ms
[2023-11-10T12:13:14.330-0800][77997962ms] GC(26566)   Post Evacuate Collection Set: 3.2ms
[2023-11-10T12:13:14.330-0800][77997962ms] GC(26566)   Other: 0.3ms
[2023-11-10T12:13:14.330-0800][77997962ms] GC(26566) Eden regions: 147->0(147)
[2023-11-10T12:13:14.330-0800][77997962ms] GC(26566) Survivor regions: 1->1(19)
[2023-11-10T12:13:14.330-0800][77997962ms] GC(26566) Old regions: 1466->1466
[2023-11-10T12:13:14.330-0800][77997962ms] GC(26566) Humongous regions: 5->5
[2023-11-10T12:13:14.330-0800][77997962ms] GC(26566) Metaspace: 305043K->305043K(1349632K)
[2023-11-10T12:13:14.330-0800][77997962ms] GC(26566) Pause Young (Normal) (G1 Evacuation Pause) 3236M->2942M(3602M) 5.248ms
[2023-11-10T12:13:14.330-0800][77997962ms] GC(26566) User=0.00s Sys=0.00s Real=0.01s
[2023-11-10T12:13:14.582-0800][77998214ms] GC(26567) Pause Young (Normal) (G1 Evacuation Pause)
[2023-11-10T12:13:14.582-0800][77998214ms] GC(26567) Using 10 workers of 10 for evacuation
[2023-11-10T12:13:14.588-0800][77998220ms] GC(26567)   Pre Evacuate Collection Set: 0.0ms
[2023-11-10T12:13:14.588-0800][77998220ms] GC(26567)   Evacuate Collection Set: 1.7ms
[2023-11-10T12:13:14.588-0800][77998220ms] GC(26567)   Post Evacuate Collection Set: 3.0ms
[2023-11-10T12:13:14.588-0800][77998220ms] GC(26567)   Other: 0.3ms
[2023-11-10T12:13:14.588-0800][77998220ms] GC(26567) Eden regions: 147->0(147)
[2023-11-10T12:13:14.588-0800][77998220ms] GC(26567) Survivor regions: 1->1(19)
[2023-11-10T12:13:14.588-0800][77998220ms] GC(26567) Old regions: 1466->1466
[2023-11-10T12:13:14.588-0800][77998220ms] GC(26567) Humongous regions: 5->5
[2023-11-10T12:13:14.588-0800][77998220ms] GC(26567) Metaspace: 305043K->305043K(1349632K)
[2023-11-10T12:13:14.588-0800][77998220ms] GC(26567) Pause Young (Normal) (G1 Evacuation Pause) 3236M->2942M(3602M) 5.208ms
[2023-11-10T12:13:14.588-0800][77998220ms] GC(26567) User=0.00s Sys=0.00s Real=0.01s
[2023-11-10T12:13:14.853-0800][77998485ms] GC(26568) Pause Young (Normal) (G1 Evacuation Pause)
[2023-11-10T12:13:14.853-0800][77998485ms] GC(26568) Using 10 workers of 10 for evacuation
[2023-11-10T12:13:14.859-0800][77998491ms] GC(26568)   Pre Evacuate Collection Set: 0.1ms
[2023-11-10T12:13:14.859-0800][77998491ms] GC(26568)   Evacuate Collection Set: 2.4ms
[2023-11-10T12:13:14.859-0800][77998491ms] GC(26568)   Post Evacuate Collection Set: 4.2ms
[2023-11-10T12:13:14.859-0800][77998491ms] GC(26568)   Other: 0.3ms
[2023-11-10T12:13:14.859-0800][77998491ms] GC(26568) Eden regions: 147->0(147)
[2023-11-10T12:13:14.859-0800][77998491ms] GC(26568) Survivor regions: 1->1(19)
[2023-11-10T12:13:14.859-0800][77998491ms] GC(26568) Old regions: 1466->1466
[2023-11-10T12:13:14.859-0800][77998491ms] GC(26568) Humongous regions: 5->5
[2023-11-10T12:13:14.859-0800][77998491ms] GC(26568) Metaspace: 305043K->305043K(1349632K)
[2023-11-10T12:13:14.859-0800][77998491ms] GC(26568) Pause Young (Normal) (G1 Evacuation Pause) 3236M->2942M(3602M) 7.120ms
[2023-11-10T12:13:14.859-0800][77998491ms] GC(26568) User=0.00s Sys=0.00s Real=0.01s
[2023-11-10T12:13:15.191-0800][77998823ms] GC(26569) Pause Young (Normal) (G1 Evacuation Pause)
[2023-11-10T12:13:15.191-0800][77998823ms] GC(26569) Using 10 workers of 10 for evacuation
[2023-11-10T12:13:15.196-0800][77998828ms] GC(26569)   Pre Evacuate Collection Set: 0.0ms
[2023-11-10T12:13:15.196-0800][77998828ms] GC(26569)   Evacuate Collection Set: 1.7ms
[2023-11-10T12:13:15.196-0800][77998828ms] GC(26569)   Post Evacuate Collection Set: 3.0ms
[2023-11-10T12:13:15.196-0800][77998828ms] GC(26569)   Other: 0.2ms
[2023-11-10T12:13:15.196-0800][77998828ms] GC(26569) Eden regions: 147->0(147)
[2023-11-10T12:13:15.196-0800][77998828ms] GC(26569) Survivor regions: 1->1(19)
[2023-11-10T12:13:15.196-0800][77998828ms] GC(26569) Old regions: 1466->1466
[2023-11-10T12:13:15.196-0800][77998828ms] GC(26569) Humongous regions: 5->5
[2023-11-10T12:13:15.196-0800][77998828ms] GC(26569) Metaspace: 305043K->305043K(1349632K)
[2023-11-10T12:13:15.196-0800][77998828ms] GC(26569) Pause Young (Normal) (G1 Evacuation Pause) 3236M->2942M(3602M) 5.105ms
[2023-11-10T12:13:15.196-0800][77998828ms] GC(26569) User=0.02s Sys=0.00s Real=0.01s
[2023-11-10T12:13:15.528-0800][77999160ms] GC(26570) Pause Young (Normal) (G1 Evacuation Pause)
[2023-11-10T12:13:15.528-0800][77999160ms] GC(26570) Using 10 workers of 10 for evacuation
[2023-11-10T12:13:15.535-0800][77999167ms] GC(26570)   Pre Evacuate Collection Set: 0.1ms
[2023-11-10T12:13:15.535-0800][77999167ms] GC(26570)   Evacuate Collection Set: 2.9ms
[2023-11-10T12:13:15.535-0800][77999167ms] GC(26570)   Post Evacuate Collection Set: 4.1ms
[2023-11-10T12:13:15.535-0800][77999167ms] GC(26570)   Other: 0.3ms
[2023-11-10T12:13:15.535-0800][77999167ms] GC(26570) Eden regions: 147->0(146)
[2023-11-10T12:13:15.535-0800][77999167ms] GC(26570) Survivor regions: 1->1(19)
[2023-11-10T12:13:15.535-0800][77999167ms] GC(26570) Old regions: 1466->1466
[2023-11-10T12:13:15.535-0800][77999167ms] GC(26570) Humongous regions: 5->5
[2023-11-10T12:13:15.535-0800][77999167ms] GC(26570) Metaspace: 305043K->305043K(1349632K)
[2023-11-10T12:13:15.535-0800][77999167ms] GC(26570) Pause Young (Normal) (G1 Evacuation Pause) 3236M->2943M(3602M) 7.461ms
[2023-11-10T12:13:15.535-0800][77999167ms] GC(26570) User=0.00s Sys=0.00s Real=0.01s
[2023-11-10T12:13:15.806-0800][77999438ms] GC(26571) Pause Young (Normal) (G1 Evacuation Pause)
[2023-11-10T12:13:15.806-0800][77999438ms] GC(26571) Using 10 workers of 10 for evacuation
[2023-11-10T12:13:15.812-0800][77999444ms] GC(26571)   Pre Evacuate Collection Set: 0.0ms
[2023-11-10T12:13:15.812-0800][77999444ms] GC(26571)   Evacuate Collection Set: 1.8ms
[2023-11-10T12:13:15.812-0800][77999444ms] GC(26571)   Post Evacuate Collection Set: 3.3ms
[2023-11-10T12:13:15.812-0800][77999444ms] GC(26571)   Other: 0.3ms
[2023-11-10T12:13:15.812-0800][77999444ms] GC(26571) Eden regions: 146->0(146)
[2023-11-10T12:13:15.812-0800][77999444ms] GC(26571) Survivor regions: 1->1(19)
[2023-11-10T12:13:15.812-0800][77999444ms] GC(26571) Old regions: 1466->1466
[2023-11-10T12:13:15.812-0800][77999444ms] GC(26571) Humongous regions: 5->5
[2023-11-10T12:13:15.812-0800][77999444ms] GC(26571) Metaspace: 305043K->305043K(1349632K)
[2023-11-10T12:13:15.812-0800][77999444ms] GC(26571) Pause Young (Normal) (G1 Evacuation Pause) 3235M->2942M(3602M) 5.564ms
[2023-11-10T12:13:15.812-0800][77999444ms] GC(26571) User=0.00s Sys=0.00s Real=0.01s
[2023-11-10T12:13:16.092-0800][77999724ms] GC(26572) Pause Young (Normal) (G1 Evacuation Pause)
[2023-11-10T12:13:16.092-0800][77999724ms] GC(26572) Using 10 workers of 10 for evacuation
[2023-11-10T12:13:16.098-0800][77999730ms] GC(26572)   Pre Evacuate Collection Set: 0.0ms
[2023-11-10T12:13:16.098-0800][77999730ms] GC(26572)   Evacuate Collection Set: 1.6ms
[2023-11-10T12:13:16.098-0800][77999730ms] GC(26572)   Post Evacuate Collection Set: 3.6ms
[2023-11-10T12:13:16.098-0800][77999730ms] GC(26572)   Other: 0.2ms
[2023-11-10T12:13:16.098-0800][77999730ms] GC(26572) Eden regions: 146->0(146)
[2023-11-10T12:13:16.098-0800][77999730ms] GC(26572) Survivor regions: 1->1(19)
[2023-11-10T12:13:16.098-0800][77999730ms] GC(26572) Old regions: 1466->1466
[2023-11-10T12:13:16.098-0800][77999730ms] GC(26572) Humongous regions: 5->5
[2023-11-10T12:13:16.098-0800][77999730ms] GC(26572) Metaspace: 305043K->305043K(1349632K)
[2023-11-10T12:13:16.098-0800][77999730ms] GC(26572) Pause Young (Normal) (G1 Evacuation Pause) 3234M->2942M(3602M) 5.575ms
[2023-11-10T12:13:16.098-0800][77999730ms] GC(26572) User=0.00s Sys=0.00s Real=0.01s
[2023-11-10T12:13:16.372-0800][78000004ms] GC(26573) Pause Young (Normal) (G1 Evacuation Pause)
[2023-11-10T12:13:16.372-0800][78000004ms] GC(26573) Using 10 workers of 10 for evacuation
[2023-11-10T12:13:16.376-0800][78000008ms] GC(26573)   Pre Evacuate Collection Set: 0.0ms
[2023-11-10T12:13:16.376-0800][78000008ms] GC(26573)   Evacuate Collection Set: 1.8ms
[2023-11-10T12:13:16.376-0800][78000008ms] GC(26573)   Post Evacuate Collection Set: 3.4ms
[2023-11-10T12:13:16.376-0800][78000008ms] GC(26573)   Other: 0.3ms
[2023-11-10T12:13:16.378-0800][78000010ms] GC(26573) Eden regions: 146->0(146)
[2023-11-10T12:13:16.378-0800][78000010ms] GC(26573) Survivor regions: 1->1(19)
[2023-11-10T12:13:16.378-0800][78000010ms] GC(26573) Old regions: 1466->1466
[2023-11-10T12:13:16.378-0800][78000010ms] GC(26573) Humongous regions: 5->5
[2023-11-10T12:13:16.378-0800][78000010ms] GC(26573) Metaspace: 305043K->305043K(1349632K)
[2023-11-10T12:13:16.378-0800][78000010ms] GC(26573) Pause Young (Normal) (G1 Evacuation Pause) 3234M->2942M(3602M) 5.655ms
[2023-11-10T12:13:16.378-0800][78000010ms] GC(26573) User=0.00s Sys=0.00s Real=0.01s
[2023-11-10T12:13:16.719-0800][78000351ms] GC(26574) Pause Young (Normal) (G1 Evacuation Pause)
[2023-11-10T12:13:16.719-0800][78000351ms] GC(26574) Using 10 workers of 10 for evacuation
[2023-11-10T12:13:16.728-0800][78000360ms] GC(26574)   Pre Evacuate Collection Set: 0.0ms
[2023-11-10T12:13:16.728-0800][78000360ms] GC(26574)   Evacuate Collection Set: 1.7ms
[2023-11-10T12:13:16.728-0800][78000360ms] GC(26574)   Post Evacuate Collection Set: 6.6ms
[2023-11-10T12:13:16.728-0800][78000360ms] GC(26574)   Other: 0.3ms
[2023-11-10T12:13:16.728-0800][78000360ms] GC(26574) Eden regions: 146->0(146)
[2023-11-10T12:13:16.728-0800][78000360ms] GC(26574) Survivor regions: 1->1(19)
[2023-11-10T12:13:16.728-0800][78000360ms] GC(26574) Old regions: 1466->1466
[2023-11-10T12:13:16.728-0800][78000360ms] GC(26574) Humongous regions: 5->5
[2023-11-10T12:13:16.728-0800][78000360ms] GC(26574) Metaspace: 305043K->305043K(1349632K)
[2023-11-10T12:13:16.728-0800][78000360ms] GC(26574) Pause Young (Normal) (G1 Evacuation Pause) 3234M->2942M(3602M) 8.746ms
[2023-11-10T12:13:16.728-0800][78000360ms] GC(26574) User=0.00s Sys=0.00s Real=0.01s
[2023-11-10T12:13:17.070-0800][78000702ms] GC(26575) Pause Young (Normal) (G1 Evacuation Pause)
[2023-11-10T12:13:17.070-0800][78000702ms] GC(26575) Using 10 workers of 10 for evacuation
[2023-11-10T12:13:17.075-0800][78000707ms] GC(26575)   Pre Evacuate Collection Set: 0.1ms
[2023-11-10T12:13:17.075-0800][78000707ms] GC(26575)   Evacuate Collection Set: 2.1ms
[2023-11-10T12:13:17.075-0800][78000707ms] GC(26575)   Post Evacuate Collection Set: 3.3ms
[2023-11-10T12:13:17.075-0800][78000707ms] GC(26575)   Other: 0.3ms
[2023-11-10T12:13:17.075-0800][78000707ms] GC(26575) Eden regions: 146->0(146)
[2023-11-10T12:13:17.075-0800][78000707ms] GC(26575) Survivor regions: 1->1(19)
[2023-11-10T12:13:17.075-0800][78000707ms] GC(26575) Old regions: 1466->1466
[2023-11-10T12:13:17.075-0800][78000707ms] GC(26575) Humongous regions: 5->5
[2023-11-10T12:13:17.075-0800][78000707ms] GC(26575) Metaspace: 305043K->305043K(1349632K)
[2023-11-10T12:13:17.075-0800][78000707ms] GC(26575) Pause Young (Normal) (G1 Evacuation Pause) 3234M->2942M(3602M) 5.878ms
[2023-11-10T12:13:17.075-0800][78000707ms] GC(26575) User=0.00s Sys=0.00s Real=0.01s
[2023-11-10T12:13:17.360-0800][78000992ms] GC(26576) Pause Young (Normal) (G1 Evacuation Pause)
[2023-11-10T12:13:17.360-0800][78000992ms] GC(26576) Using 10 workers of 10 for evacuation
[2023-11-10T12:13:17.365-0800][78000997ms] GC(26576)   Pre Evacuate Collection Set: 0.0ms
[2023-11-10T12:13:17.365-0800][78000997ms] GC(26576)   Evacuate Collection Set: 1.7ms
[2023-11-10T12:13:17.365-0800][78000997ms] GC(26576)   Post Evacuate Collection Set: 3.0ms
[2023-11-10T12:13:17.365-0800][78000997ms] GC(26576)   Other: 0.2ms
[2023-11-10T12:13:17.365-0800][78000997ms] GC(26576) Eden regions: 146->0(146)
[2023-11-10T12:13:17.365-0800][78000997ms] GC(26576) Survivor regions: 1->1(19)
[2023-11-10T12:13:17.365-0800][78000997ms] GC(26576) Old regions: 1466->1466
[2023-11-10T12:13:17.365-0800][78000997ms] GC(26576) Humongous regions: 5->5
[2023-11-10T12:13:17.365-0800][78000997ms] GC(26576) Metaspace: 305043K->305043K(1349632K)
[2023-11-10T12:13:17.365-0800][78000997ms] GC(26576) Pause Young (Normal) (G1 Evacuation Pause) 3234M->2942M(3602M) 5.099ms
[2023-11-10T12:13:17.365-0800][78000997ms] GC(26576) User=0.00s Sys=0.00s Real=0.01s
[2023-11-10T12:13:17.691-0800][78001323ms] GC(26577) Pause Young (Normal) (G1 Evacuation Pause)
[2023-11-10T12:13:17.691-0800][78001323ms] GC(26577) Using 10 workers of 10 for evacuation
[2023-11-10T12:13:17.696-0800][78001328ms] GC(26577)   Pre Evacuate Collection Set: 0.0ms
[2023-11-10T12:13:17.696-0800][78001328ms] GC(26577)   Evacuate Collection Set: 2.0ms
[2023-11-10T12:13:17.696-0800][78001328ms] GC(26577)   Post Evacuate Collection Set: 3.1ms
[2023-11-10T12:13:17.696-0800][78001328ms] GC(26577)   Other: 0.3ms
[2023-11-10T12:13:17.696-0800][78001328ms] GC(26577) Eden regions: 146->0(146)
[2023-11-10T12:13:17.696-0800][78001328ms] GC(26577) Survivor regions: 1->1(19)
[2023-11-10T12:13:17.696-0800][78001328ms] GC(26577) Old regions: 1466->1466
[2023-11-10T12:13:17.696-0800][78001328ms] GC(26577) Humongous regions: 5->5
[2023-11-10T12:13:17.696-0800][78001328ms] GC(26577) Metaspace: 305043K->305043K(1349632K)
[2023-11-10T12:13:17.696-0800][78001328ms] GC(26577) Pause Young (Normal) (G1 Evacuation Pause) 3234M->2942M(3602M) 5.567ms
[2023-11-10T12:13:17.696-0800][78001328ms] GC(26577) User=0.00s Sys=0.00s Real=0.01s
[2023-11-10T12:13:17.957-0800][78001589ms] GC(26578) Pause Young (Normal) (G1 Evacuation Pause)
[2023-11-10T12:13:17.957-0800][78001589ms] GC(26578) Using 10 workers of 10 for evacuation
[2023-11-10T12:13:17.962-0800][78001594ms] GC(26578)   Pre Evacuate Collection Set: 0.0ms
[2023-11-10T12:13:17.962-0800][78001594ms] GC(26578)   Evacuate Collection Set: 1.7ms
[2023-11-10T12:13:17.962-0800][78001594ms] GC(26578)   Post Evacuate Collection Set: 3.2ms
[2023-11-10T12:13:17.962-0800][78001594ms] GC(26578)   Other: 0.3ms
[2023-11-10T12:13:17.962-0800][78001594ms] GC(26578) Eden regions: 146->0(146)
[2023-11-10T12:13:17.962-0800][78001594ms] GC(26578) Survivor regions: 1->1(19)
[2023-11-10T12:13:17.962-0800][78001594ms] GC(26578) Old regions: 1466->1466
[2023-11-10T12:13:17.962-0800][78001594ms] GC(26578) Humongous regions: 5->5
[2023-11-10T12:13:17.962-0800][78001594ms] GC(26578) Metaspace: 305043K->305043K(1349632K)
[2023-11-10T12:13:17.962-0800][78001594ms] GC(26578) Pause Young (Normal) (G1 Evacuation Pause) 3234M->2942M(3602M) 5.252ms
[2023-11-10T12:13:17.962-0800][78001594ms] GC(26578) User=0.02s Sys=0.00s Real=0.00s
[2023-11-10T12:13:18.230-0800][78001862ms] GC(26579) Pause Young (Normal) (G1 Evacuation Pause)
[2023-11-10T12:13:18.230-0800][78001862ms] GC(26579) Using 10 workers of 10 for evacuation
[2023-11-10T12:13:18.235-0800][78001867ms] GC(26579)   Pre Evacuate Collection Set: 0.0ms
[2023-11-10T12:13:18.235-0800][78001867ms] GC(26579)   Evacuate Collection Set: 1.7ms
[2023-11-10T12:13:18.235-0800][78001867ms] GC(26579)   Post Evacuate Collection Set: 3.2ms
[2023-11-10T12:13:18.235-0800][78001867ms] GC(26579)   Other: 0.2ms
[2023-11-10T12:13:18.235-0800][78001867ms] GC(26579) Eden regions: 146->0(146)
[2023-11-10T12:13:18.235-0800][78001867ms] GC(26579) Survivor regions: 1->1(19)
[2023-11-10T12:13:18.235-0800][78001867ms] GC(26579) Old regions: 1466->1467
[2023-11-10T12:13:18.235-0800][78001867ms] GC(26579) Humongous regions: 5->5
[2023-11-10T12:13:18.235-0800][78001867ms] GC(26579) Metaspace: 305043K->305043K(1349632K)
[2023-11-10T12:13:18.235-0800][78001867ms] GC(26579) Pause Young (Normal) (G1 Evacuation Pause) 3234M->2942M(3602M) 5.205ms
[2023-11-10T12:13:18.235-0800][78001867ms] GC(26579) User=0.00s Sys=0.00s Real=0.00s
[2023-11-10T12:13:18.512-0800][78002144ms] GC(26580) Pause Young (Normal) (G1 Evacuation Pause)
[2023-11-10T12:13:18.512-0800][78002144ms] GC(26580) Using 10 workers of 10 for evacuation
[2023-11-10T12:13:18.518-0800][78002150ms] GC(26580)   Pre Evacuate Collection Set: 0.0ms
[2023-11-10T12:13:18.518-0800][78002150ms] GC(26580)   Evacuate Collection Set: 1.6ms
[2023-11-10T12:13:18.518-0800][78002150ms] GC(26580)   Post Evacuate Collection Set: 3.1ms
[2023-11-10T12:13:18.518-0800][78002150ms] GC(26580)   Other: 0.2ms
[2023-11-10T12:13:18.518-0800][78002150ms] GC(26580) Eden regions: 146->0(146)
[2023-11-10T12:13:18.518-0800][78002150ms] GC(26580) Survivor regions: 1->1(19)
[2023-11-10T12:13:18.518-0800][78002150ms] GC(26580) Old regions: 1467->1467
[2023-11-10T12:13:18.518-0800][78002150ms] GC(26580) Humongous regions: 5->5
[2023-11-10T12:13:18.518-0800][78002150ms] GC(26580) Metaspace: 305043K->305043K(1349632K)
[2023-11-10T12:13:18.518-0800][78002150ms] GC(26580) Pause Young (Normal) (G1 Evacuation Pause) 3234M->2942M(3602M) 5.109ms
[2023-11-10T12:13:18.518-0800][78002150ms] GC(26580) User=0.00s Sys=0.00s Real=0.01s
[2023-11-10T12:13:18.777-0800][78002409ms] GC(26581) Pause Young (Normal) (G1 Evacuation Pause)
[2023-11-10T12:13:18.777-0800][78002409ms] GC(26581) Using 10 workers of 10 for evacuation
[2023-11-10T12:13:18.782-0800][78002414ms] GC(26581)   Pre Evacuate Collection Set: 0.0ms
[2023-11-10T12:13:18.782-0800][78002414ms] GC(26581)   Evacuate Collection Set: 1.7ms
[2023-11-10T12:13:18.782-0800][78002414ms] GC(26581)   Post Evacuate Collection Set: 3.0ms
[2023-11-10T12:13:18.782-0800][78002414ms] GC(26581)   Other: 0.2ms
[2023-11-10T12:13:18.782-0800][78002414ms] GC(26581) Eden regions: 146->0(146)
[2023-11-10T12:13:18.782-0800][78002414ms] GC(26581) Survivor regions: 1->1(19)
[2023-11-10T12:13:18.782-0800][78002414ms] GC(26581) Old regions: 1467->1467
[2023-11-10T12:13:18.782-0800][78002414ms] GC(26581) Humongous regions: 5->5
[2023-11-10T12:13:18.782-0800][78002414ms] GC(26581) Metaspace: 305043K->305043K(1349632K)
[2023-11-10T12:13:18.782-0800][78002414ms] GC(26581) Pause Young (Normal) (G1 Evacuation Pause) 3234M->2942M(3602M) 5.002ms
[2023-11-10T12:13:18.782-0800][78002414ms] GC(26581) User=0.00s Sys=0.00s Real=0.01s
[2023-11-10T12:13:19.054-0800][78002686ms] GC(26582) Pause Young (Normal) (G1 Evacuation Pause)
[2023-11-10T12:13:19.054-0800][78002686ms] GC(26582) Using 10 workers of 10 for evacuation
[2023-11-10T12:13:19.059-0800][78002691ms] GC(26582)   Pre Evacuate Collection Set: 0.0ms
[2023-11-10T12:13:19.059-0800][78002691ms] GC(26582)   Evacuate Collection Set: 1.6ms
[2023-11-10T12:13:19.059-0800][78002691ms] GC(26582)   Post Evacuate Collection Set: 3.0ms
[2023-11-10T12:13:19.059-0800][78002691ms] GC(26582)   Other: 0.2ms
[2023-11-10T12:13:19.059-0800][78002691ms] GC(26582) Eden regions: 146->0(146)
[2023-11-10T12:13:19.059-0800][78002691ms] GC(26582) Survivor regions: 1->1(19)
[2023-11-10T12:13:19.059-0800][78002691ms] GC(26582) Old regions: 1467->1467
[2023-11-10T12:13:19.059-0800][78002691ms] GC(26582) Humongous regions: 5->5
[2023-11-10T12:13:19.059-0800][78002691ms] GC(26582) Metaspace: 305043K->305043K(1349632K)
[2023-11-10T12:13:19.059-0800][78002691ms] GC(26582) Pause Young (Normal) (G1 Evacuation Pause) 3234M->2942M(3602M) 4.991ms
[2023-11-10T12:13:19.059-0800][78002691ms] GC(26582) User=0.00s Sys=0.00s Real=0.01s
[2023-11-10T12:13:19.322-0800][78002954ms] GC(26583) Pause Young (Normal) (G1 Evacuation Pause)
[2023-11-10T12:13:19.322-0800][78002954ms] GC(26583) Using 10 workers of 10 for evacuation
[2023-11-10T12:13:19.326-0800][78002958ms] GC(26583)   Pre Evacuate Collection Set: 0.0ms
[2023-11-10T12:13:19.326-0800][78002958ms] GC(26583)   Evacuate Collection Set: 1.6ms
[2023-11-10T12:13:19.326-0800][78002958ms] GC(26583)   Post Evacuate Collection Set: 3.0ms
[2023-11-10T12:13:19.326-0800][78002958ms] GC(26583)   Other: 0.2ms
[2023-11-10T12:13:19.326-0800][78002958ms] GC(26583) Eden regions: 146->0(146)
[2023-11-10T12:13:19.326-0800][78002958ms] GC(26583) Survivor regions: 1->1(19)
[2023-11-10T12:13:19.326-0800][78002958ms] GC(26583) Old regions: 1467->1467
[2023-11-10T12:13:19.326-0800][78002958ms] GC(26583) Humongous regions: 5->5
[2023-11-10T12:13:19.326-0800][78002958ms] GC(26583) Metaspace: 305043K->305043K(1349632K)
[2023-11-10T12:13:19.326-0800][78002958ms] GC(26583) Pause Young (Normal) (G1 Evacuation Pause) 3234M->2942M(3602M) 5.011ms
[2023-11-10T12:13:19.326-0800][78002958ms] GC(26583) User=0.00s Sys=0.00s Real=0.00s
[2023-11-10T12:13:19.589-0800][78003221ms] GC(26584) Pause Young (Normal) (G1 Evacuation Pause)
[2023-11-10T12:13:19.589-0800][78003221ms] GC(26584) Using 10 workers of 10 for evacuation
[2023-11-10T12:13:19.594-0800][78003226ms] GC(26584)   Pre Evacuate Collection Set: 0.0ms
[2023-11-10T12:13:19.594-0800][78003226ms] GC(26584)   Evacuate Collection Set: 1.6ms
[2023-11-10T12:13:19.594-0800][78003226ms] GC(26584)   Post Evacuate Collection Set: 3.0ms
[2023-11-10T12:13:19.594-0800][78003226ms] GC(26584)   Other: 0.3ms
[2023-11-10T12:13:19.594-0800][78003226ms] GC(26584) Eden regions: 146->0(146)
[2023-11-10T12:13:19.594-0800][78003226ms] GC(26584) Survivor regions: 1->1(19)
[2023-11-10T12:13:19.594-0800][78003226ms] GC(26584) Old regions: 1467->1467
[2023-11-10T12:13:19.594-0800][78003226ms] GC(26584) Humongous regions: 5->5
[2023-11-10T12:13:19.594-0800][78003226ms] GC(26584) Metaspace: 305043K->305043K(1349632K)
[2023-11-10T12:13:19.594-0800][78003226ms] GC(26584) Pause Young (Normal) (G1 Evacuation Pause) 3234M->2942M(3602M) 4.966ms
[2023-11-10T12:13:19.594-0800][78003226ms] GC(26584) User=0.00s Sys=0.00s Real=0.01s
[2023-11-10T12:13:19.860-0800][78003492ms] GC(26585) Pause Young (Normal) (G1 Evacuation Pause)
[2023-11-10T12:13:19.860-0800][78003492ms] GC(26585) Using 10 workers of 10 for evacuation
[2023-11-10T12:13:19.864-0800][78003496ms] GC(26585)   Pre Evacuate Collection Set: 0.0ms
[2023-11-10T12:13:19.864-0800][78003496ms] GC(26585)   Evacuate Collection Set: 1.6ms
[2023-11-10T12:13:19.864-0800][78003496ms] GC(26585)   Post Evacuate Collection Set: 2.8ms
[2023-11-10T12:13:19.864-0800][78003496ms] GC(26585)   Other: 0.2ms
[2023-11-10T12:13:19.864-0800][78003496ms] GC(26585) Eden regions: 146->0(146)
[2023-11-10T12:13:19.864-0800][78003496ms] GC(26585) Survivor regions: 1->1(19)
[2023-11-10T12:13:19.864-0800][78003496ms] GC(26585) Old regions: 1467->1467
[2023-11-10T12:13:19.864-0800][78003496ms] GC(26585) Humongous regions: 5->5
[2023-11-10T12:13:19.864-0800][78003496ms] GC(26585) Metaspace: 305043K->305043K(1349632K)
[2023-11-10T12:13:19.864-0800][78003496ms] GC(26585) Pause Young (Normal) (G1 Evacuation Pause) 3234M->2942M(3602M) 4.695ms
[2023-11-10T12:13:19.864-0800][78003496ms] GC(26585) User=0.00s Sys=0.00s Real=0.00s
[2023-11-10T12:13:20.149-0800][78003781ms] GC(26586) Pause Young (Normal) (G1 Evacuation Pause)
[2023-11-10T12:13:20.149-0800][78003781ms] GC(26586) Using 10 workers of 10 for evacuation
[2023-11-10T12:13:20.155-0800][78003787ms] GC(26586)   Pre Evacuate Collection Set: 0.0ms
[2023-11-10T12:13:20.155-0800][78003787ms] GC(26586)   Evacuate Collection Set: 1.7ms
[2023-11-10T12:13:20.155-0800][78003787ms] GC(26586)   Post Evacuate Collection Set: 3.1ms
[2023-11-10T12:13:20.155-0800][78003787ms] GC(26586)   Other: 0.2ms
[2023-11-10T12:13:20.155-0800][78003787ms] GC(26586) Eden regions: 146->0(146)
[2023-11-10T12:13:20.155-0800][78003787ms] GC(26586) Survivor regions: 1->1(19)
[2023-11-10T12:13:20.155-0800][78003787ms] GC(26586) Old regions: 1467->1467
[2023-11-10T12:13:20.155-0800][78003787ms] GC(26586) Humongous regions: 5->5
[2023-11-10T12:13:20.155-0800][78003787ms] GC(26586) Metaspace: 305043K->305043K(1349632K)
[2023-11-10T12:13:20.155-0800][78003787ms] GC(26586) Pause Young (Normal) (G1 Evacuation Pause) 3234M->2942M(3602M) 5.133ms
[2023-11-10T12:13:20.155-0800][78003787ms] GC(26586) User=0.00s Sys=0.00s Real=0.01s
[2023-11-10T12:13:20.420-0800][78004052ms] GC(26587) Pause Young (Normal) (G1 Evacuation Pause)
[2023-11-10T12:13:20.420-0800][78004052ms] GC(26587) Using 10 workers of 10 for evacuation
[2023-11-10T12:13:20.424-0800][78004056ms] GC(26587)   Pre Evacuate Collection Set: 0.0ms
[2023-11-10T12:13:20.424-0800][78004056ms] GC(26587)   Evacuate Collection Set: 1.6ms
[2023-11-10T12:13:20.424-0800][78004056ms] GC(26587)   Post Evacuate Collection Set: 3.1ms
[2023-11-10T12:13:20.424-0800][78004056ms] GC(26587)   Other: 0.3ms
[2023-11-10T12:13:20.424-0800][78004056ms] GC(26587) Eden regions: 146->0(146)
[2023-11-10T12:13:20.424-0800][78004056ms] GC(26587) Survivor regions: 1->1(19)
[2023-11-10T12:13:20.424-0800][78004056ms] GC(26587) Old regions: 1467->1467
[2023-11-10T12:13:20.424-0800][78004056ms] GC(26587) Humongous regions: 5->5
[2023-11-10T12:13:20.424-0800][78004056ms] GC(26587) Metaspace: 305043K->305043K(1349632K)
[2023-11-10T12:13:20.424-0800][78004056ms] GC(26587) Pause Young (Normal) (G1 Evacuation Pause) 3234M->2942M(3602M) 5.153ms
[2023-11-10T12:13:20.424-0800][78004056ms] GC(26587) User=0.00s Sys=0.00s Real=0.00s
[2023-11-10T12:13:20.680-0800][78004312ms] GC(26588) Pause Young (Normal) (G1 Evacuation Pause)
[2023-11-10T12:13:20.680-0800][78004312ms] GC(26588) Using 10 workers of 10 for evacuation
[2023-11-10T12:13:20.686-0800][78004318ms] GC(26588)   Pre Evacuate Collection Set: 0.0ms
[2023-11-10T12:13:20.686-0800][78004318ms] GC(26588)   Evacuate Collection Set: 1.6ms
[2023-11-10T12:13:20.686-0800][78004318ms] GC(26588)   Post Evacuate Collection Set: 4.7ms
[2023-11-10T12:13:20.686-0800][78004318ms] GC(26588)   Other: 0.3ms
[2023-11-10T12:13:20.686-0800][78004318ms] GC(26588) Eden regions: 146->0(146)
[2023-11-10T12:13:20.686-0800][78004318ms] GC(26588) Survivor regions: 1->1(19)
[2023-11-10T12:13:20.686-0800][78004318ms] GC(26588) Old regions: 1467->1467
[2023-11-10T12:13:20.686-0800][78004318ms] GC(26588) Humongous regions: 5->5
[2023-11-10T12:13:20.686-0800][78004318ms] GC(26588) Metaspace: 305043K->305043K(1349632K)
[2023-11-10T12:13:20.686-0800][78004318ms] GC(26588) Pause Young (Normal) (G1 Evacuation Pause) 3234M->2942M(3602M) 6.709ms
[2023-11-10T12:13:20.686-0800][78004318ms] GC(26588) User=0.00s Sys=0.00s Real=0.01s
[2023-11-10T12:13:20.968-0800][78004600ms] GC(26589) Pause Young (Normal) (G1 Evacuation Pause)
[2023-11-10T12:13:20.968-0800][78004600ms] GC(26589) Using 10 workers of 10 for evacuation
[2023-11-10T12:13:20.973-0800][78004605ms] GC(26589)   Pre Evacuate Collection Set: 0.0ms
[2023-11-10T12:13:20.973-0800][78004605ms] GC(26589)   Evacuate Collection Set: 1.7ms
[2023-11-10T12:13:20.973-0800][78004605ms] GC(26589)   Post Evacuate Collection Set: 2.9ms
[2023-11-10T12:13:20.973-0800][78004605ms] GC(26589)   Other: 0.2ms
[2023-11-10T12:13:20.973-0800][78004605ms] GC(26589) Eden regions: 146->0(146)
[2023-11-10T12:13:20.973-0800][78004605ms] GC(26589) Survivor regions: 1->1(19)
[2023-11-10T12:13:20.973-0800][78004605ms] GC(26589) Old regions: 1467->1467
[2023-11-10T12:13:20.973-0800][78004605ms] GC(26589) Humongous regions: 5->5
[2023-11-10T12:13:20.973-0800][78004605ms] GC(26589) Metaspace: 305043K->305043K(1349632K)
[2023-11-10T12:13:20.973-0800][78004605ms] GC(26589) Pause Young (Normal) (G1 Evacuation Pause) 3234M->2942M(3602M) 4.975ms
[2023-11-10T12:13:20.973-0800][78004605ms] GC(26589) User=0.00s Sys=0.00s Real=0.01s
[2023-11-10T12:13:21.239-0800][78004871ms] GC(26590) Pause Young (Normal) (G1 Evacuation Pause)
[2023-11-10T12:13:21.239-0800][78004871ms] GC(26590) Using 10 workers of 10 for evacuation
[2023-11-10T12:13:21.248-0800][78004880ms] GC(26590)   Pre Evacuate Collection Set: 0.0ms
[2023-11-10T12:13:21.248-0800][78004880ms] GC(26590)   Evacuate Collection Set: 6.2ms
[2023-11-10T12:13:21.248-0800][78004880ms] GC(26590)   Post Evacuate Collection Set: 3.1ms
[2023-11-10T12:13:21.248-0800][78004880ms] GC(26590)   Other: 0.3ms
[2023-11-10T12:13:21.248-0800][78004880ms] GC(26590) Eden regions: 146->0(146)
[2023-11-10T12:13:21.248-0800][78004880ms] GC(26590) Survivor regions: 1->1(19)
[2023-11-10T12:13:21.248-0800][78004880ms] GC(26590) Old regions: 1467->1467
[2023-11-10T12:13:21.248-0800][78004880ms] GC(26590) Humongous regions: 5->5
[2023-11-10T12:13:21.248-0800][78004880ms] GC(26590) Metaspace: 305043K->305043K(1349632K)
[2023-11-10T12:13:21.248-0800][78004880ms] GC(26590) Pause Young (Normal) (G1 Evacuation Pause) 3234M->2942M(3602M) 9.746ms
[2023-11-10T12:13:21.248-0800][78004880ms] GC(26590) User=0.00s Sys=0.00s Real=0.01s
[2023-11-10T12:13:21.536-0800][78005168ms] GC(26591) Pause Young (Normal) (G1 Evacuation Pause)
[2023-11-10T12:13:21.536-0800][78005168ms] GC(26591) Using 10 workers of 10 for evacuation
[2023-11-10T12:13:21.541-0800][78005173ms] GC(26591)   Pre Evacuate Collection Set: 0.0ms
[2023-11-10T12:13:21.541-0800][78005173ms] GC(26591)   Evacuate Collection Set: 1.6ms
[2023-11-10T12:13:21.541-0800][78005173ms] GC(26591)   Post Evacuate Collection Set: 3.0ms
[2023-11-10T12:13:21.541-0800][78005173ms] GC(26591)   Other: 0.2ms
[2023-11-10T12:13:21.541-0800][78005173ms] GC(26591) Eden regions: 146->0(146)
[2023-11-10T12:13:21.541-0800][78005173ms] GC(26591) Survivor regions: 1->1(19)
[2023-11-10T12:13:21.541-0800][78005173ms] GC(26591) Old regions: 1467->1467
[2023-11-10T12:13:21.541-0800][78005173ms] GC(26591) Humongous regions: 5->5
[2023-11-10T12:13:21.541-0800][78005173ms] GC(26591) Metaspace: 305043K->305043K(1349632K)
[2023-11-10T12:13:21.541-0800][78005173ms] GC(26591) Pause Young (Normal) (G1 Evacuation Pause) 3234M->2942M(3602M) 4.967ms
[2023-11-10T12:13:21.541-0800][78005173ms] GC(26591) User=0.02s Sys=0.00s Real=0.00s
[2023-11-10T12:13:21.788-0800][78005420ms] GC(26592) Pause Young (Normal) (G1 Evacuation Pause)
[2023-11-10T12:13:21.789-0800][78005421ms] GC(26592) Using 10 workers of 10 for evacuation
[2023-11-10T12:13:21.794-0800][78005426ms] GC(26592)   Pre Evacuate Collection Set: 0.0ms
[2023-11-10T12:13:21.794-0800][78005426ms] GC(26592)   Evacuate Collection Set: 1.7ms
[2023-11-10T12:13:21.794-0800][78005426ms] GC(26592)   Post Evacuate Collection Set: 3.0ms
[2023-11-10T12:13:21.794-0800][78005426ms] GC(26592)   Other: 0.3ms
[2023-11-10T12:13:21.794-0800][78005426ms] GC(26592) Eden regions: 146->0(146)
[2023-11-10T12:13:21.794-0800][78005426ms] GC(26592) Survivor regions: 1->1(19)
[2023-11-10T12:13:21.794-0800][78005426ms] GC(26592) Old regions: 1467->1467
[2023-11-10T12:13:21.794-0800][78005426ms] GC(26592) Humongous regions: 5->5
[2023-11-10T12:13:21.794-0800][78005426ms] GC(26592) Metaspace: 305043K->305043K(1349632K)
[2023-11-10T12:13:21.794-0800][78005426ms] GC(26592) Pause Young (Normal) (G1 Evacuation Pause) 3234M->2942M(3602M) 5.035ms
[2023-11-10T12:13:21.794-0800][78005426ms] GC(26592) User=0.00s Sys=0.00s Real=0.01s
[2023-11-10T12:13:22.063-0800][78005695ms] GC(26593) Pause Young (Normal) (G1 Evacuation Pause)
[2023-11-10T12:13:22.063-0800][78005695ms] GC(26593) Using 10 workers of 10 for evacuation
[2023-11-10T12:13:22.068-0800][78005700ms] GC(26593)   Pre Evacuate Collection Set: 0.0ms
[2023-11-10T12:13:22.068-0800][78005700ms] GC(26593)   Evacuate Collection Set: 1.7ms
[2023-11-10T12:13:22.068-0800][78005700ms] GC(26593)   Post Evacuate Collection Set: 3.2ms
[2023-11-10T12:13:22.068-0800][78005700ms] GC(26593)   Other: 0.2ms
[2023-11-10T12:13:22.068-0800][78005700ms] GC(26593) Eden regions: 146->0(146)
[2023-11-10T12:13:22.068-0800][78005700ms] GC(26593) Survivor regions: 1->1(19)
[2023-11-10T12:13:22.068-0800][78005700ms] GC(26593) Old regions: 1467->1467
[2023-11-10T12:13:22.068-0800][78005700ms] GC(26593) Humongous regions: 5->5
[2023-11-10T12:13:22.068-0800][78005700ms] GC(26593) Metaspace: 305043K->305043K(1349632K)
[2023-11-10T12:13:22.068-0800][78005700ms] GC(26593) Pause Young (Normal) (G1 Evacuation Pause) 3234M->2943M(3602M) 5.173ms
[2023-11-10T12:13:22.068-0800][78005700ms] GC(26593) User=0.00s Sys=0.00s Real=0.01s
[2023-11-10T12:13:22.328-0800][78005960ms] GC(26594) Pause Young (Normal) (G1 Evacuation Pause)
[2023-11-10T12:13:22.328-0800][78005960ms] GC(26594) Using 10 workers of 10 for evacuation
[2023-11-10T12:13:22.333-0800][78005965ms] GC(26594)   Pre Evacuate Collection Set: 0.0ms
[2023-11-10T12:13:22.333-0800][78005965ms] GC(26594)   Evacuate Collection Set: 1.7ms
[2023-11-10T12:13:22.333-0800][78005965ms] GC(26594)   Post Evacuate Collection Set: 3.1ms
[2023-11-10T12:13:22.333-0800][78005965ms] GC(26594)   Other: 0.2ms
[2023-11-10T12:13:22.333-0800][78005965ms] GC(26594) Eden regions: 146->0(146)
[2023-11-10T12:13:22.333-0800][78005965ms] GC(26594) Survivor regions: 1->1(19)
[2023-11-10T12:13:22.333-0800][78005965ms] GC(26594) Old regions: 1467->1467
[2023-11-10T12:13:22.333-0800][78005965ms] GC(26594) Humongous regions: 5->5
[2023-11-10T12:13:22.333-0800][78005965ms] GC(26594) Metaspace: 305043K->305043K(1349632K)
[2023-11-10T12:13:22.333-0800][78005965ms] GC(26594) Pause Young (Normal) (G1 Evacuation Pause) 3235M->2942M(3602M) 5.094ms
[2023-11-10T12:13:22.333-0800][78005965ms] GC(26594) User=0.00s Sys=0.00s Real=0.00s
[2023-11-10T12:13:22.598-0800][78006230ms] GC(26595) Pause Young (Normal) (G1 Evacuation Pause)
[2023-11-10T12:13:22.598-0800][78006230ms] GC(26595) Using 10 workers of 10 for evacuation
[2023-11-10T12:13:22.603-0800][78006235ms] GC(26595)   Pre Evacuate Collection Set: 0.0ms
[2023-11-10T12:13:22.603-0800][78006235ms] GC(26595)   Evacuate Collection Set: 1.6ms
[2023-11-10T12:13:22.603-0800][78006235ms] GC(26595)   Post Evacuate Collection Set: 3.0ms
[2023-11-10T12:13:22.603-0800][78006235ms] GC(26595)   Other: 0.2ms
[2023-11-10T12:13:22.603-0800][78006235ms] GC(26595) Eden regions: 146->0(146)
[2023-11-10T12:13:22.603-0800][78006235ms] GC(26595) Survivor regions: 1->1(19)
[2023-11-10T12:13:22.603-0800][78006235ms] GC(26595) Old regions: 1467->1467
[2023-11-10T12:13:22.603-0800][78006235ms] GC(26595) Humongous regions: 5->5
[2023-11-10T12:13:22.603-0800][78006235ms] GC(26595) Metaspace: 305043K->305043K(1349632K)
[2023-11-10T12:13:22.603-0800][78006235ms] GC(26595) Pause Young (Normal) (G1 Evacuation Pause) 3234M->2942M(3602M) 5.017ms
[2023-11-10T12:13:22.603-0800][78006235ms] GC(26595) User=0.02s Sys=0.00s Real=0.00s
[2023-11-10T12:13:22.864-0800][78006496ms] GC(26596) Pause Young (Normal) (G1 Evacuation Pause)
[2023-11-10T12:13:22.864-0800][78006496ms] GC(26596) Using 10 workers of 10 for evacuation
[2023-11-10T12:13:22.868-0800][78006500ms] GC(26596)   Pre Evacuate Collection Set: 0.0ms
[2023-11-10T12:13:22.868-0800][78006500ms] GC(26596)   Evacuate Collection Set: 1.6ms
[2023-11-10T12:13:22.868-0800][78006500ms] GC(26596)   Post Evacuate Collection Set: 2.9ms
[2023-11-10T12:13:22.868-0800][78006500ms] GC(26596)   Other: 0.2ms
[2023-11-10T12:13:22.868-0800][78006500ms] GC(26596) Eden regions: 146->0(146)
[2023-11-10T12:13:22.868-0800][78006500ms] GC(26596) Survivor regions: 1->1(19)
[2023-11-10T12:13:22.868-0800][78006500ms] GC(26596) Old regions: 1467->1467
[2023-11-10T12:13:22.868-0800][78006500ms] GC(26596) Humongous regions: 5->5
[2023-11-10T12:13:22.868-0800][78006500ms] GC(26596) Metaspace: 305043K->305043K(1349632K)
[2023-11-10T12:13:22.868-0800][78006500ms] GC(26596) Pause Young (Normal) (G1 Evacuation Pause) 3234M->2942M(3602M) 4.901ms
[2023-11-10T12:13:22.868-0800][78006500ms] GC(26596) User=0.00s Sys=0.00s Real=0.00s
[2023-11-10T12:13:23.121-0800][78006753ms] GC(26597) Pause Young (Normal) (G1 Evacuation Pause)
[2023-11-10T12:13:23.121-0800][78006753ms] GC(26597) Using 10 workers of 10 for evacuation
[2023-11-10T12:13:23.126-0800][78006758ms] GC(26597)   Pre Evacuate Collection Set: 0.0ms
[2023-11-10T12:13:23.126-0800][78006758ms] GC(26597)   Evacuate Collection Set: 1.6ms
[2023-11-10T12:13:23.126-0800][78006758ms] GC(26597)   Post Evacuate Collection Set: 3.1ms
[2023-11-10T12:13:23.126-0800][78006758ms] GC(26597)   Other: 0.3ms
[2023-11-10T12:13:23.126-0800][78006758ms] GC(26597) Eden regions: 146->0(146)
[2023-11-10T12:13:23.126-0800][78006758ms] GC(26597) Survivor regions: 1->1(19)
[2023-11-10T12:13:23.126-0800][78006758ms] GC(26597) Old regions: 1467->1467
[2023-11-10T12:13:23.126-0800][78006758ms] GC(26597) Humongous regions: 5->5
[2023-11-10T12:13:23.126-0800][78006758ms] GC(26597) Metaspace: 305043K->305043K(1349632K)
[2023-11-10T12:13:23.126-0800][78006758ms] GC(26597) Pause Young (Normal) (G1 Evacuation Pause) 3234M->2943M(3602M) 5.204ms
[2023-11-10T12:13:23.126-0800][78006758ms] GC(26597) User=0.00s Sys=0.00s Real=0.00s
[2023-11-10T12:13:23.395-0800][78007027ms] GC(26598) Pause Young (Normal) (G1 Evacuation Pause)
[2023-11-10T12:13:23.395-0800][78007027ms] GC(26598) Using 10 workers of 10 for evacuation
[2023-11-10T12:13:23.399-0800][78007031ms] GC(26598)   Pre Evacuate Collection Set: 0.0ms
[2023-11-10T12:13:23.399-0800][78007031ms] GC(26598)   Evacuate Collection Set: 1.7ms
[2023-11-10T12:13:23.399-0800][78007031ms] GC(26598)   Post Evacuate Collection Set: 3.2ms
[2023-11-10T12:13:23.399-0800][78007031ms] GC(26598)   Other: 0.2ms
[2023-11-10T12:13:23.399-0800][78007031ms] GC(26598) Eden regions: 146->0(146)
[2023-11-10T12:13:23.399-0800][78007031ms] GC(26598) Survivor regions: 1->1(19)
[2023-11-10T12:13:23.399-0800][78007031ms] GC(26598) Old regions: 1467->1467
[2023-11-10T12:13:23.399-0800][78007031ms] GC(26598) Humongous regions: 5->5
[2023-11-10T12:13:23.399-0800][78007031ms] GC(26598) Metaspace: 305043K->305043K(1349632K)
[2023-11-10T12:13:23.399-0800][78007031ms] GC(26598) Pause Young (Normal) (G1 Evacuation Pause) 3235M->2942M(3602M) 5.334ms
[2023-11-10T12:13:23.399-0800][78007031ms] GC(26598) User=0.00s Sys=0.00s Real=0.00s
[2023-11-10T12:13:23.670-0800][78007302ms] GC(26599) Pause Young (Normal) (G1 Evacuation Pause)
[2023-11-10T12:13:23.670-0800][78007302ms] GC(26599) Using 10 workers of 10 for evacuation
[2023-11-10T12:13:23.675-0800][78007307ms] GC(26599)   Pre Evacuate Collection Set: 0.0ms
[2023-11-10T12:13:23.675-0800][78007307ms] GC(26599)   Evacuate Collection Set: 1.6ms
[2023-11-10T12:13:23.675-0800][78007307ms] GC(26599)   Post Evacuate Collection Set: 3.0ms
[2023-11-10T12:13:23.675-0800][78007307ms] GC(26599)   Other: 0.4ms
[2023-11-10T12:13:23.675-0800][78007307ms] GC(26599) Eden regions: 146->0(146)
[2023-11-10T12:13:23.675-0800][78007307ms] GC(26599) Survivor regions: 1->1(19)
[2023-11-10T12:13:23.675-0800][78007307ms] GC(26599) Old regions: 1467->1467
[2023-11-10T12:13:23.675-0800][78007307ms] GC(26599) Humongous regions: 5->5
[2023-11-10T12:13:23.675-0800][78007307ms] GC(26599) Metaspace: 305043K->305043K(1349632K)
[2023-11-10T12:13:23.675-0800][78007307ms] GC(26599) Pause Young (Normal) (G1 Evacuation Pause) 3234M->2942M(3602M) 5.131ms
[2023-11-10T12:13:23.675-0800][78007307ms] GC(26599) User=0.00s Sys=0.00s Real=0.00s
[2023-11-10T12:13:23.925-0800][78007557ms] GC(26600) Pause Young (Normal) (G1 Evacuation Pause)
[2023-11-10T12:13:23.925-0800][78007557ms] GC(26600) Using 10 workers of 10 for evacuation
[2023-11-10T12:13:23.929-0800][78007561ms] GC(26600)   Pre Evacuate Collection Set: 0.1ms
[2023-11-10T12:13:23.929-0800][78007561ms] GC(26600)   Evacuate Collection Set: 1.6ms
[2023-11-10T12:13:23.929-0800][78007561ms] GC(26600)   Post Evacuate Collection Set: 3.0ms
[2023-11-10T12:13:23.929-0800][78007561ms] GC(26600)   Other: 0.3ms
[2023-11-10T12:13:23.929-0800][78007561ms] GC(26600) Eden regions: 146->0(146)
[2023-11-10T12:13:23.929-0800][78007561ms] GC(26600) Survivor regions: 1->1(19)
[2023-11-10T12:13:23.929-0800][78007561ms] GC(26600) Old regions: 1467->1467
[2023-11-10T12:13:23.929-0800][78007561ms] GC(26600) Humongous regions: 5->5
[2023-11-10T12:13:23.929-0800][78007561ms] GC(26600) Metaspace: 305043K->305043K(1349632K)
[2023-11-10T12:13:23.929-0800][78007561ms] GC(26600) Pause Young (Normal) (G1 Evacuation Pause) 3234M->2942M(3602M) 4.984ms
[2023-11-10T12:13:23.929-0800][78007561ms] GC(26600) User=0.02s Sys=0.00s Real=0.00s
[2023-11-10T12:13:24.208-0800][78007840ms] GC(26601) Pause Young (Normal) (G1 Evacuation Pause)
[2023-11-10T12:13:24.208-0800][78007840ms] GC(26601) Using 10 workers of 10 for evacuation
[2023-11-10T12:13:24.215-0800][78007847ms] GC(26601)   Pre Evacuate Collection Set: 0.1ms
[2023-11-10T12:13:24.215-0800][78007847ms] GC(26601)   Evacuate Collection Set: 2.4ms
[2023-11-10T12:13:24.215-0800][78007847ms] GC(26601)   Post Evacuate Collection Set: 4.1ms
[2023-11-10T12:13:24.215-0800][78007847ms] GC(26601)   Other: 0.3ms
[2023-11-10T12:13:24.215-0800][78007847ms] GC(26601) Eden regions: 146->0(146)
[2023-11-10T12:13:24.215-0800][78007847ms] GC(26601) Survivor regions: 1->1(19)
[2023-11-10T12:13:24.215-0800][78007847ms] GC(26601) Old regions: 1467->1467
[2023-11-10T12:13:24.215-0800][78007847ms] GC(26601) Humongous regions: 5->5
[2023-11-10T12:13:24.215-0800][78007847ms] GC(26601) Metaspace: 305043K->305043K(1349632K)
[2023-11-10T12:13:24.215-0800][78007847ms] GC(26601) Pause Young (Normal) (G1 Evacuation Pause) 3234M->2942M(3602M) 6.970ms
[2023-11-10T12:13:24.215-0800][78007847ms] GC(26601) User=0.05s Sys=0.02s Real=0.01s
[2023-11-10T12:13:24.487-0800][78008119ms] GC(26602) Pause Young (Normal) (G1 Evacuation Pause)
[2023-11-10T12:13:24.487-0800][78008119ms] GC(26602) Using 10 workers of 10 for evacuation
[2023-11-10T12:13:24.493-0800][78008125ms] GC(26602)   Pre Evacuate Collection Set: 0.0ms
[2023-11-10T12:13:24.493-0800][78008125ms] GC(26602)   Evacuate Collection Set: 2.1ms
[2023-11-10T12:13:24.493-0800][78008125ms] GC(26602)   Post Evacuate Collection Set: 3.2ms
[2023-11-10T12:13:24.493-0800][78008125ms] GC(26602)   Other: 0.3ms
[2023-11-10T12:13:24.493-0800][78008125ms] GC(26602) Eden regions: 146->0(146)
[2023-11-10T12:13:24.493-0800][78008125ms] GC(26602) Survivor regions: 1->1(19)
[2023-11-10T12:13:24.493-0800][78008125ms] GC(26602) Old regions: 1467->1467
[2023-11-10T12:13:24.493-0800][78008125ms] GC(26602) Humongous regions: 5->5
[2023-11-10T12:13:24.493-0800][78008125ms] GC(26602) Metaspace: 305045K->305045K(1349632K)
[2023-11-10T12:13:24.493-0800][78008125ms] GC(26602) Pause Young (Normal) (G1 Evacuation Pause) 3234M->2942M(3602M) 5.768ms
[2023-11-10T12:13:24.493-0800][78008125ms] GC(26602) User=0.02s Sys=0.00s Real=0.01s
[2023-11-10T12:13:24.760-0800][78008392ms] GC(26603) Pause Young (Normal) (G1 Evacuation Pause)
[2023-11-10T12:13:24.760-0800][78008392ms] GC(26603) Using 10 workers of 10 for evacuation
[2023-11-10T12:13:24.765-0800][78008397ms] GC(26603)   Pre Evacuate Collection Set: 0.0ms
[2023-11-10T12:13:24.765-0800][78008397ms] GC(26603)   Evacuate Collection Set: 1.7ms
[2023-11-10T12:13:24.765-0800][78008397ms] GC(26603)   Post Evacuate Collection Set: 2.8ms
[2023-11-10T12:13:24.765-0800][78008397ms] GC(26603)   Other: 0.2ms
[2023-11-10T12:13:24.765-0800][78008397ms] GC(26603) Eden regions: 146->0(146)
[2023-11-10T12:13:24.765-0800][78008397ms] GC(26603) Survivor regions: 1->1(19)
[2023-11-10T12:13:24.765-0800][78008397ms] GC(26603) Old regions: 1467->1467
[2023-11-10T12:13:24.765-0800][78008397ms] GC(26603) Humongous regions: 5->5
[2023-11-10T12:13:24.765-0800][78008397ms] GC(26603) Metaspace: 305045K->305045K(1349632K)
[2023-11-10T12:13:24.765-0800][78008397ms] GC(26603) Pause Young (Normal) (G1 Evacuation Pause) 3234M->2942M(3602M) 4.856ms
[2023-11-10T12:13:24.766-0800][78008398ms] GC(26603) User=0.00s Sys=0.00s Real=0.01s
[2023-11-10T12:13:25.022-0800][78008654ms] GC(26604) Pause Young (Normal) (G1 Evacuation Pause)
[2023-11-10T12:13:25.022-0800][78008654ms] GC(26604) Using 10 workers of 10 for evacuation
[2023-11-10T12:13:25.028-0800][78008660ms] GC(26604)   Pre Evacuate Collection Set: 0.1ms
[2023-11-10T12:13:25.028-0800][78008660ms] GC(26604)   Evacuate Collection Set: 1.6ms
[2023-11-10T12:13:25.028-0800][78008660ms] GC(26604)   Post Evacuate Collection Set: 3.0ms
[2023-11-10T12:13:25.028-0800][78008660ms] GC(26604)   Other: 0.3ms
[2023-11-10T12:13:25.028-0800][78008660ms] GC(26604) Eden regions: 146->0(146)
[2023-11-10T12:13:25.028-0800][78008660ms] GC(26604) Survivor regions: 1->1(19)
[2023-11-10T12:13:25.028-0800][78008660ms] GC(26604) Old regions: 1467->1467
[2023-11-10T12:13:25.028-0800][78008660ms] GC(26604) Humongous regions: 5->5
[2023-11-10T12:13:25.028-0800][78008660ms] GC(26604) Metaspace: 305045K->305045K(1349632K)
[2023-11-10T12:13:25.028-0800][78008660ms] GC(26604) Pause Young (Normal) (G1 Evacuation Pause) 3234M->2942M(3602M) 5.070ms
[2023-11-10T12:13:25.028-0800][78008660ms] GC(26604) User=0.00s Sys=0.00s Real=0.01s
[2023-11-10T12:13:25.277-0800][78008909ms] GC(26605) Pause Young (Normal) (G1 Evacuation Pause)
[2023-11-10T12:13:25.277-0800][78008909ms] GC(26605) Using 10 workers of 10 for evacuation
[2023-11-10T12:13:25.282-0800][78008914ms] GC(26605)   Pre Evacuate Collection Set: 0.0ms
[2023-11-10T12:13:25.282-0800][78008914ms] GC(26605)   Evacuate Collection Set: 1.6ms
[2023-11-10T12:13:25.282-0800][78008914ms] GC(26605)   Post Evacuate Collection Set: 3.1ms
[2023-11-10T12:13:25.282-0800][78008914ms] GC(26605)   Other: 0.2ms
[2023-11-10T12:13:25.282-0800][78008914ms] GC(26605) Eden regions: 146->0(146)
[2023-11-10T12:13:25.282-0800][78008914ms] GC(26605) Survivor regions: 1->1(19)
[2023-11-10T12:13:25.282-0800][78008914ms] GC(26605) Old regions: 1467->1467
[2023-11-10T12:13:25.282-0800][78008914ms] GC(26605) Humongous regions: 5->5
[2023-11-10T12:13:25.282-0800][78008914ms] GC(26605) Metaspace: 305045K->305045K(1349632K)
[2023-11-10T12:13:25.282-0800][78008914ms] GC(26605) Pause Young (Normal) (G1 Evacuation Pause) 3234M->2942M(3602M) 5.100ms
[2023-11-10T12:13:25.282-0800][78008914ms] GC(26605) User=0.00s Sys=0.00s Real=0.01s
[2023-11-10T12:13:25.559-0800][78009191ms] GC(26606) Pause Young (Normal) (G1 Evacuation Pause)
[2023-11-10T12:13:25.559-0800][78009191ms] GC(26606) Using 10 workers of 10 for evacuation
[2023-11-10T12:13:25.564-0800][78009196ms] GC(26606)   Pre Evacuate Collection Set: 0.0ms
[2023-11-10T12:13:25.564-0800][78009196ms] GC(26606)   Evacuate Collection Set: 1.7ms
[2023-11-10T12:13:25.564-0800][78009196ms] GC(26606)   Post Evacuate Collection Set: 3.0ms
[2023-11-10T12:13:25.564-0800][78009196ms] GC(26606)   Other: 0.3ms
[2023-11-10T12:13:25.564-0800][78009196ms] GC(26606) Eden regions: 146->0(146)
[2023-11-10T12:13:25.564-0800][78009196ms] GC(26606) Survivor regions: 1->1(19)
[2023-11-10T12:13:25.564-0800][78009196ms] GC(26606) Old regions: 1467->1467
[2023-11-10T12:13:25.564-0800][78009196ms] GC(26606) Humongous regions: 5->5
[2023-11-10T12:13:25.564-0800][78009196ms] GC(26606) Metaspace: 305045K->305045K(1349632K)
[2023-11-10T12:13:25.564-0800][78009196ms] GC(26606) Pause Young (Normal) (G1 Evacuation Pause) 3234M->2942M(3602M) 5.004ms
[2023-11-10T12:13:25.564-0800][78009196ms] GC(26606) User=0.00s Sys=0.00s Real=0.00s
[2023-11-10T12:13:25.810-0800][78009442ms] GC(26607) Pause Young (Normal) (G1 Evacuation Pause)
[2023-11-10T12:13:25.810-0800][78009442ms] GC(26607) Using 10 workers of 10 for evacuation
[2023-11-10T12:13:25.815-0800][78009447ms] GC(26607)   Pre Evacuate Collection Set: 0.0ms
[2023-11-10T12:13:25.815-0800][78009447ms] GC(26607)   Evacuate Collection Set: 1.6ms
[2023-11-10T12:13:25.815-0800][78009447ms] GC(26607)   Post Evacuate Collection Set: 3.0ms
[2023-11-10T12:13:25.815-0800][78009447ms] GC(26607)   Other: 0.2ms
[2023-11-10T12:13:25.815-0800][78009447ms] GC(26607) Eden regions: 146->0(146)
[2023-11-10T12:13:25.815-0800][78009447ms] GC(26607) Survivor regions: 1->1(19)
[2023-11-10T12:13:25.815-0800][78009447ms] GC(26607) Old regions: 1467->1467
[2023-11-10T12:13:25.815-0800][78009447ms] GC(26607) Humongous regions: 5->5
[2023-11-10T12:13:25.815-0800][78009447ms] GC(26607) Metaspace: 305045K->305045K(1349632K)
[2023-11-10T12:13:25.815-0800][78009447ms] GC(26607) Pause Young (Normal) (G1 Evacuation Pause) 3234M->2942M(3602M) 5.070ms
[2023-11-10T12:13:25.815-0800][78009447ms] GC(26607) User=0.00s Sys=0.00s Real=0.01s
[2023-11-10T12:13:26.063-0800][78009695ms] GC(26608) Pause Young (Normal) (G1 Evacuation Pause)
[2023-11-10T12:13:26.063-0800][78009695ms] GC(26608) Using 10 workers of 10 for evacuation
[2023-11-10T12:13:26.068-0800][78009700ms] GC(26608)   Pre Evacuate Collection Set: 0.0ms
[2023-11-10T12:13:26.068-0800][78009700ms] GC(26608)   Evacuate Collection Set: 1.7ms
[2023-11-10T12:13:26.068-0800][78009700ms] GC(26608)   Post Evacuate Collection Set: 3.2ms
[2023-11-10T12:13:26.068-0800][78009700ms] GC(26608)   Other: 0.2ms
[2023-11-10T12:13:26.068-0800][78009700ms] GC(26608) Eden regions: 146->0(146)
[2023-11-10T12:13:26.068-0800][78009700ms] GC(26608) Survivor regions: 1->1(19)
[2023-11-10T12:13:26.068-0800][78009700ms] GC(26608) Old regions: 1467->1467
[2023-11-10T12:13:26.068-0800][78009700ms] GC(26608) Humongous regions: 5->5
[2023-11-10T12:13:26.068-0800][78009700ms] GC(26608) Metaspace: 305045K->305045K(1349632K)
[2023-11-10T12:13:26.068-0800][78009700ms] GC(26608) Pause Young (Normal) (G1 Evacuation Pause) 3234M->2942M(3602M) 5.260ms
[2023-11-10T12:13:26.069-0800][78009701ms] GC(26608) User=0.00s Sys=0.00s Real=0.01s
[2023-11-10T12:13:26.320-0800][78009952ms] GC(26609) Pause Young (Normal) (G1 Evacuation Pause)
[2023-11-10T12:13:26.320-0800][78009952ms] GC(26609) Using 10 workers of 10 for evacuation
[2023-11-10T12:13:26.325-0800][78009957ms] GC(26609)   Pre Evacuate Collection Set: 0.0ms
[2023-11-10T12:13:26.325-0800][78009957ms] GC(26609)   Evacuate Collection Set: 1.7ms
[2023-11-10T12:13:26.325-0800][78009957ms] GC(26609)   Post Evacuate Collection Set: 3.1ms
[2023-11-10T12:13:26.325-0800][78009957ms] GC(26609)   Other: 0.3ms
[2023-11-10T12:13:26.325-0800][78009957ms] GC(26609) Eden regions: 146->0(146)
[2023-11-10T12:13:26.325-0800][78009957ms] GC(26609) Survivor regions: 1->1(19)
[2023-11-10T12:13:26.325-0800][78009957ms] GC(26609) Old regions: 1467->1467
[2023-11-10T12:13:26.325-0800][78009957ms] GC(26609) Humongous regions: 5->5
[2023-11-10T12:13:26.325-0800][78009957ms] GC(26609) Metaspace: 305045K->305045K(1349632K)
[2023-11-10T12:13:26.325-0800][78009957ms] GC(26609) Pause Young (Normal) (G1 Evacuation Pause) 3234M->2942M(3602M) 5.125ms
[2023-11-10T12:13:26.325-0800][78009957ms] GC(26609) User=0.00s Sys=0.00s Real=0.01s
[2023-11-10T12:13:26.588-0800][78010220ms] GC(26610) Pause Young (Normal) (G1 Evacuation Pause)
[2023-11-10T12:13:26.588-0800][78010220ms] GC(26610) Using 10 workers of 10 for evacuation
[2023-11-10T12:13:26.593-0800][78010225ms] GC(26610)   Pre Evacuate Collection Set: 0.0ms
[2023-11-10T12:13:26.593-0800][78010225ms] GC(26610)   Evacuate Collection Set: 1.6ms
[2023-11-10T12:13:26.593-0800][78010225ms] GC(26610)   Post Evacuate Collection Set: 3.0ms
[2023-11-10T12:13:26.593-0800][78010225ms] GC(26610)   Other: 0.3ms
[2023-11-10T12:13:26.593-0800][78010225ms] GC(26610) Eden regions: 146->0(146)
[2023-11-10T12:13:26.593-0800][78010225ms] GC(26610) Survivor regions: 1->1(19)
[2023-11-10T12:13:26.593-0800][78010225ms] GC(26610) Old regions: 1467->1467
[2023-11-10T12:13:26.593-0800][78010225ms] GC(26610) Humongous regions: 5->5
[2023-11-10T12:13:26.593-0800][78010225ms] GC(26610) Metaspace: 305045K->305045K(1349632K)
[2023-11-10T12:13:26.593-0800][78010225ms] GC(26610) Pause Young (Normal) (G1 Evacuation Pause) 3234M->2942M(3602M) 5.111ms
[2023-11-10T12:13:26.593-0800][78010225ms] GC(26610) User=0.00s Sys=0.00s Real=0.00s
[2023-11-10T12:13:26.849-0800][78010481ms] GC(26611) Pause Young (Normal) (G1 Evacuation Pause)
[2023-11-10T12:13:26.849-0800][78010481ms] GC(26611) Using 10 workers of 10 for evacuation
[2023-11-10T12:13:26.854-0800][78010486ms] GC(26611)   Pre Evacuate Collection Set: 0.0ms
[2023-11-10T12:13:26.854-0800][78010486ms] GC(26611)   Evacuate Collection Set: 1.7ms
[2023-11-10T12:13:26.854-0800][78010486ms] GC(26611)   Post Evacuate Collection Set: 3.0ms
[2023-11-10T12:13:26.854-0800][78010486ms] GC(26611)   Other: 0.2ms
[2023-11-10T12:13:26.854-0800][78010486ms] GC(26611) Eden regions: 146->0(146)
[2023-11-10T12:13:26.854-0800][78010486ms] GC(26611) Survivor regions: 1->1(19)
[2023-11-10T12:13:26.854-0800][78010486ms] GC(26611) Old regions: 1467->1467
[2023-11-10T12:13:26.854-0800][78010486ms] GC(26611) Humongous regions: 5->5
[2023-11-10T12:13:26.854-0800][78010486ms] GC(26611) Metaspace: 305045K->305045K(1349632K)
[2023-11-10T12:13:26.854-0800][78010486ms] GC(26611) Pause Young (Normal) (G1 Evacuation Pause) 3234M->2942M(3602M) 5.078ms
[2023-11-10T12:13:26.854-0800][78010486ms] GC(26611) User=0.02s Sys=0.00s Real=0.01s
[2023-11-10T12:13:27.129-0800][78010761ms] GC(26612) Pause Young (Normal) (G1 Evacuation Pause)
[2023-11-10T12:13:27.129-0800][78010761ms] GC(26612) Using 10 workers of 10 for evacuation
[2023-11-10T12:13:27.133-0800][78010765ms] GC(26612)   Pre Evacuate Collection Set: 0.0ms
[2023-11-10T12:13:27.133-0800][78010765ms] GC(26612)   Evacuate Collection Set: 1.6ms
[2023-11-10T12:13:27.133-0800][78010765ms] GC(26612)   Post Evacuate Collection Set: 3.2ms
[2023-11-10T12:13:27.133-0800][78010765ms] GC(26612)   Other: 0.3ms
[2023-11-10T12:13:27.133-0800][78010765ms] GC(26612) Eden regions: 146->0(146)
[2023-11-10T12:13:27.133-0800][78010765ms] GC(26612) Survivor regions: 1->1(19)
[2023-11-10T12:13:27.133-0800][78010765ms] GC(26612) Old regions: 1467->1467
[2023-11-10T12:13:27.133-0800][78010765ms] GC(26612) Humongous regions: 5->5
[2023-11-10T12:13:27.133-0800][78010765ms] GC(26612) Metaspace: 305045K->305045K(1349632K)
[2023-11-10T12:13:27.133-0800][78010765ms] GC(26612) Pause Young (Normal) (G1 Evacuation Pause) 3234M->2942M(3602M) 5.263ms
[2023-11-10T12:13:27.133-0800][78010765ms] GC(26612) User=0.00s Sys=0.00s Real=0.00s
[2023-11-10T12:13:27.402-0800][78011034ms] GC(26613) Pause Young (Normal) (G1 Evacuation Pause)
[2023-11-10T12:13:27.402-0800][78011034ms] GC(26613) Using 10 workers of 10 for evacuation
[2023-11-10T12:13:27.407-0800][78011039ms] GC(26613)   Pre Evacuate Collection Set: 0.0ms
[2023-11-10T12:13:27.407-0800][78011039ms] GC(26613)   Evacuate Collection Set: 1.7ms
[2023-11-10T12:13:27.407-0800][78011039ms] GC(26613)   Post Evacuate Collection Set: 3.1ms
[2023-11-10T12:13:27.407-0800][78011039ms] GC(26613)   Other: 0.3ms
[2023-11-10T12:13:27.407-0800][78011039ms] GC(26613) Eden regions: 146->0(146)
[2023-11-10T12:13:27.407-0800][78011039ms] GC(26613) Survivor regions: 1->1(19)
[2023-11-10T12:13:27.407-0800][78011039ms] GC(26613) Old regions: 1467->1467
[2023-11-10T12:13:27.407-0800][78011039ms] GC(26613) Humongous regions: 5->5
[2023-11-10T12:13:27.407-0800][78011039ms] GC(26613) Metaspace: 305045K->305045K(1349632K)
[2023-11-10T12:13:27.407-0800][78011039ms] GC(26613) Pause Young (Normal) (G1 Evacuation Pause) 3234M->2942M(3602M) 5.220ms
[2023-11-10T12:13:27.407-0800][78011039ms] GC(26613) User=0.00s Sys=0.00s Real=0.01s
[2023-11-10T12:13:27.666-0800][78011298ms] GC(26614) Pause Young (Normal) (G1 Evacuation Pause)
[2023-11-10T12:13:27.666-0800][78011298ms] GC(26614) Using 10 workers of 10 for evacuation
[2023-11-10T12:13:27.671-0800][78011303ms] GC(26614)   Pre Evacuate Collection Set: 0.0ms
[2023-11-10T12:13:27.671-0800][78011303ms] GC(26614)   Evacuate Collection Set: 1.6ms
[2023-11-10T12:13:27.671-0800][78011303ms] GC(26614)   Post Evacuate Collection Set: 2.9ms
[2023-11-10T12:13:27.671-0800][78011303ms] GC(26614)   Other: 0.3ms
[2023-11-10T12:13:27.671-0800][78011303ms] GC(26614) Eden regions: 146->0(146)
[2023-11-10T12:13:27.671-0800][78011303ms] GC(26614) Survivor regions: 1->1(19)
[2023-11-10T12:13:27.671-0800][78011303ms] GC(26614) Old regions: 1467->1467
[2023-11-10T12:13:27.671-0800][78011303ms] GC(26614) Humongous regions: 5->5
[2023-11-10T12:13:27.671-0800][78011303ms] GC(26614) Metaspace: 305045K->305045K(1349632K)
[2023-11-10T12:13:27.671-0800][78011303ms] GC(26614) Pause Young (Normal) (G1 Evacuation Pause) 3234M->2942M(3602M) 4.879ms
[2023-11-10T12:13:27.671-0800][78011303ms] GC(26614) User=0.00s Sys=0.00s Real=0.01s
[2023-11-10T12:13:27.939-0800][78011571ms] GC(26615) Pause Young (Normal) (G1 Evacuation Pause)
[2023-11-10T12:13:27.939-0800][78011571ms] GC(26615) Using 10 workers of 10 for evacuation
[2023-11-10T12:13:27.943-0800][78011575ms] GC(26615)   Pre Evacuate Collection Set: 0.0ms
[2023-11-10T12:13:27.943-0800][78011575ms] GC(26615)   Evacuate Collection Set: 1.6ms
[2023-11-10T12:13:27.943-0800][78011575ms] GC(26615)   Post Evacuate Collection Set: 2.8ms
[2023-11-10T12:13:27.943-0800][78011575ms] GC(26615)   Other: 0.2ms
[2023-11-10T12:13:27.943-0800][78011575ms] GC(26615) Eden regions: 146->0(146)
[2023-11-10T12:13:27.943-0800][78011575ms] GC(26615) Survivor regions: 1->1(19)
[2023-11-10T12:13:27.943-0800][78011575ms] GC(26615) Old regions: 1467->1467
[2023-11-10T12:13:27.943-0800][78011575ms] GC(26615) Humongous regions: 5->5
[2023-11-10T12:13:27.943-0800][78011575ms] GC(26615) Metaspace: 305045K->305045K(1349632K)
[2023-11-10T12:13:27.943-0800][78011575ms] GC(26615) Pause Young (Normal) (G1 Evacuation Pause) 3234M->2942M(3602M) 4.840ms
[2023-11-10T12:13:27.943-0800][78011575ms] GC(26615) User=0.00s Sys=0.00s Real=0.00s
[2023-11-10T12:13:28.218-0800][78011850ms] GC(26616) Pause Young (Normal) (G1 Evacuation Pause)
[2023-11-10T12:13:28.218-0800][78011850ms] GC(26616) Using 10 workers of 10 for evacuation
[2023-11-10T12:13:28.223-0800][78011855ms] GC(26616)   Pre Evacuate Collection Set: 0.0ms
[2023-11-10T12:13:28.223-0800][78011855ms] GC(26616)   Evacuate Collection Set: 1.8ms
[2023-11-10T12:13:28.223-0800][78011855ms] GC(26616)   Post Evacuate Collection Set: 3.8ms
[2023-11-10T12:13:28.223-0800][78011855ms] GC(26616)   Other: 0.3ms
[2023-11-10T12:13:28.223-0800][78011855ms] GC(26616) Eden regions: 146->0(146)
[2023-11-10T12:13:28.223-0800][78011855ms] GC(26616) Survivor regions: 1->1(19)
[2023-11-10T12:13:28.223-0800][78011855ms] GC(26616) Old regions: 1467->1467
[2023-11-10T12:13:28.223-0800][78011855ms] GC(26616) Humongous regions: 5->5
[2023-11-10T12:13:28.223-0800][78011855ms] GC(26616) Metaspace: 305045K->305045K(1349632K)
[2023-11-10T12:13:28.223-0800][78011855ms] GC(26616) Pause Young (Normal) (G1 Evacuation Pause) 3234M->2943M(3602M) 6.060ms
[2023-11-10T12:13:28.224-0800][78011856ms] GC(26616) User=0.00s Sys=0.00s Real=0.01s
[2023-11-10T12:13:28.505-0800][78012137ms] GC(26617) Pause Young (Normal) (G1 Evacuation Pause)
[2023-11-10T12:13:28.505-0800][78012137ms] GC(26617) Using 10 workers of 10 for evacuation
[2023-11-10T12:13:28.511-0800][78012143ms] GC(26617)   Pre Evacuate Collection Set: 0.0ms
[2023-11-10T12:13:28.511-0800][78012143ms] GC(26617)   Evacuate Collection Set: 1.7ms
[2023-11-10T12:13:28.511-0800][78012143ms] GC(26617)   Post Evacuate Collection Set: 3.0ms
[2023-11-10T12:13:28.511-0800][78012143ms] GC(26617)   Other: 0.2ms
[2023-11-10T12:13:28.511-0800][78012143ms] GC(26617) Eden regions: 146->0(146)
[2023-11-10T12:13:28.511-0800][78012143ms] GC(26617) Survivor regions: 1->1(19)
[2023-11-10T12:13:28.511-0800][78012143ms] GC(26617) Old regions: 1467->1467
[2023-11-10T12:13:28.511-0800][78012143ms] GC(26617) Humongous regions: 5->5
[2023-11-10T12:13:28.511-0800][78012143ms] GC(26617) Metaspace: 305045K->305045K(1349632K)
[2023-11-10T12:13:28.511-0800][78012143ms] GC(26617) Pause Young (Normal) (G1 Evacuation Pause) 3235M->2943M(3602M) 5.133ms
[2023-11-10T12:13:28.511-0800][78012143ms] GC(26617) User=0.02s Sys=0.00s Real=0.01s
[2023-11-10T12:13:28.779-0800][78012411ms] GC(26618) Pause Young (Normal) (G1 Evacuation Pause)
[2023-11-10T12:13:28.780-0800][78012412ms] GC(26618) Using 10 workers of 10 for evacuation
[2023-11-10T12:13:28.785-0800][78012417ms] GC(26618)   Pre Evacuate Collection Set: 0.1ms
[2023-11-10T12:13:28.785-0800][78012417ms] GC(26618)   Evacuate Collection Set: 1.8ms
[2023-11-10T12:13:28.785-0800][78012417ms] GC(26618)   Post Evacuate Collection Set: 3.1ms
[2023-11-10T12:13:28.785-0800][78012417ms] GC(26618)   Other: 0.4ms
[2023-11-10T12:13:28.785-0800][78012417ms] GC(26618) Eden regions: 146->0(146)
[2023-11-10T12:13:28.785-0800][78012417ms] GC(26618) Survivor regions: 1->1(19)
[2023-11-10T12:13:28.785-0800][78012417ms] GC(26618) Old regions: 1467->1467
[2023-11-10T12:13:28.785-0800][78012417ms] GC(26618) Humongous regions: 5->5
[2023-11-10T12:13:28.785-0800][78012417ms] GC(26618) Metaspace: 305045K->305045K(1349632K)
[2023-11-10T12:13:28.785-0800][78012417ms] GC(26618) Pause Young (Normal) (G1 Evacuation Pause) 3235M->2943M(3602M) 5.373ms
[2023-11-10T12:13:28.785-0800][78012417ms] GC(26618) User=0.00s Sys=0.00s Real=0.01s
[2023-11-10T12:13:29.040-0800][78012672ms] GC(26619) Pause Young (Normal) (G1 Evacuation Pause)
[2023-11-10T12:13:29.040-0800][78012672ms] GC(26619) Using 10 workers of 10 for evacuation
[2023-11-10T12:13:29.045-0800][78012677ms] GC(26619)   Pre Evacuate Collection Set: 0.0ms
[2023-11-10T12:13:29.045-0800][78012677ms] GC(26619)   Evacuate Collection Set: 1.7ms
[2023-11-10T12:13:29.045-0800][78012677ms] GC(26619)   Post Evacuate Collection Set: 3.1ms
[2023-11-10T12:13:29.045-0800][78012677ms] GC(26619)   Other: 0.2ms
[2023-11-10T12:13:29.045-0800][78012677ms] GC(26619) Eden regions: 146->0(146)
[2023-11-10T12:13:29.045-0800][78012677ms] GC(26619) Survivor regions: 1->1(19)
[2023-11-10T12:13:29.045-0800][78012677ms] GC(26619) Old regions: 1467->1467
[2023-11-10T12:13:29.045-0800][78012677ms] GC(26619) Humongous regions: 5->5
[2023-11-10T12:13:29.045-0800][78012677ms] GC(26619) Metaspace: 305045K->305045K(1349632K)
[2023-11-10T12:13:29.045-0800][78012677ms] GC(26619) Pause Young (Normal) (G1 Evacuation Pause) 3235M->2943M(3602M) 5.117ms
[2023-11-10T12:13:29.045-0800][78012677ms] GC(26619) User=0.00s Sys=0.00s Real=0.01s
[2023-11-10T12:13:29.313-0800][78012945ms] GC(26620) Pause Young (Normal) (G1 Evacuation Pause)
[2023-11-10T12:13:29.313-0800][78012945ms] GC(26620) Using 10 workers of 10 for evacuation
[2023-11-10T12:13:29.318-0800][78012950ms] GC(26620)   Pre Evacuate Collection Set: 0.0ms
[2023-11-10T12:13:29.318-0800][78012950ms] GC(26620)   Evacuate Collection Set: 1.7ms
[2023-11-10T12:13:29.318-0800][78012950ms] GC(26620)   Post Evacuate Collection Set: 3.3ms
[2023-11-10T12:13:29.318-0800][78012950ms] GC(26620)   Other: 0.3ms
[2023-11-10T12:13:29.318-0800][78012950ms] GC(26620) Eden regions: 146->0(146)
[2023-11-10T12:13:29.318-0800][78012950ms] GC(26620) Survivor regions: 1->1(19)
[2023-11-10T12:13:29.318-0800][78012950ms] GC(26620) Old regions: 1467->1467
[2023-11-10T12:13:29.318-0800][78012950ms] GC(26620) Humongous regions: 5->5
[2023-11-10T12:13:29.318-0800][78012950ms] GC(26620) Metaspace: 305045K->305045K(1349632K)
[2023-11-10T12:13:29.318-0800][78012950ms] GC(26620) Pause Young (Normal) (G1 Evacuation Pause) 3235M->2943M(3602M) 5.346ms
[2023-11-10T12:13:29.318-0800][78012950ms] GC(26620) User=0.00s Sys=0.00s Real=0.01s
[2023-11-10T12:13:29.615-0800][78013247ms] GC(26621) Pause Young (Normal) (GCLocker Initiated GC)
[2023-11-10T12:13:29.615-0800][78013247ms] GC(26621) Using 10 workers of 10 for evacuation
[2023-11-10T12:13:29.621-0800][78013253ms] GC(26621)   Pre Evacuate Collection Set: 0.0ms
[2023-11-10T12:13:29.621-0800][78013253ms] GC(26621)   Evacuate Collection Set: 1.7ms
[2023-11-10T12:13:29.621-0800][78013253ms] GC(26621)   Post Evacuate Collection Set: 3.5ms
[2023-11-10T12:13:29.621-0800][78013253ms] GC(26621)   Other: 0.3ms
[2023-11-10T12:13:29.621-0800][78013253ms] GC(26621) Eden regions: 147->0(146)
[2023-11-10T12:13:29.621-0800][78013253ms] GC(26621) Survivor regions: 1->1(19)
[2023-11-10T12:13:29.621-0800][78013253ms] GC(26621) Old regions: 1467->1467
[2023-11-10T12:13:29.621-0800][78013253ms] GC(26621) Humongous regions: 5->5
[2023-11-10T12:13:29.621-0800][78013253ms] GC(26621) Metaspace: 305045K->305045K(1349632K)
[2023-11-10T12:13:29.621-0800][78013253ms] GC(26621) Pause Young (Normal) (GCLocker Initiated GC) 3236M->2943M(3602M) 5.566ms
[2023-11-10T12:13:29.621-0800][78013253ms] GC(26621) User=0.13s Sys=0.00s Real=0.01s
[2023-11-10T12:13:29.946-0800][78013578ms] GC(26622) Pause Young (Normal) (GCLocker Initiated GC)
[2023-11-10T12:13:29.947-0800][78013579ms] GC(26622) Using 10 workers of 10 for evacuation
[2023-11-10T12:13:29.952-0800][78013584ms] GC(26622)   Pre Evacuate Collection Set: 0.0ms
[2023-11-10T12:13:29.952-0800][78013584ms] GC(26622)   Evacuate Collection Set: 1.7ms
[2023-11-10T12:13:29.952-0800][78013584ms] GC(26622)   Post Evacuate Collection Set: 3.1ms
[2023-11-10T12:13:29.952-0800][78013584ms] GC(26622)   Other: 0.3ms
[2023-11-10T12:13:29.952-0800][78013584ms] GC(26622) Eden regions: 147->0(146)
[2023-11-10T12:13:29.952-0800][78013584ms] GC(26622) Survivor regions: 1->1(19)
[2023-11-10T12:13:29.952-0800][78013584ms] GC(26622) Old regions: 1467->1467
[2023-11-10T12:13:29.952-0800][78013584ms] GC(26622) Humongous regions: 5->5
[2023-11-10T12:13:29.952-0800][78013584ms] GC(26622) Metaspace: 305045K->305045K(1349632K)
[2023-11-10T12:13:29.952-0800][78013584ms] GC(26622) Pause Young (Normal) (GCLocker Initiated GC) 3235M->2943M(3602M) 5.207ms
[2023-11-10T12:13:29.952-0800][78013584ms] GC(26622) User=0.00s Sys=0.00s Real=0.01s
[2023-11-10T12:13:30.238-0800][78013870ms] GC(26623) Pause Young (Normal) (GCLocker Initiated GC)
[2023-11-10T12:13:30.238-0800][78013870ms] GC(26623) Using 10 workers of 10 for evacuation
[2023-11-10T12:13:30.243-0800][78013875ms] GC(26623)   Pre Evacuate Collection Set: 0.0ms
[2023-11-10T12:13:30.243-0800][78013875ms] GC(26623)   Evacuate Collection Set: 1.6ms
[2023-11-10T12:13:30.243-0800][78013875ms] GC(26623)   Post Evacuate Collection Set: 3.0ms
[2023-11-10T12:13:30.243-0800][78013875ms] GC(26623)   Other: 0.2ms
[2023-11-10T12:13:30.243-0800][78013875ms] GC(26623) Eden regions: 146->0(146)
[2023-11-10T12:13:30.243-0800][78013875ms] GC(26623) Survivor regions: 1->1(19)
[2023-11-10T12:13:30.243-0800][78013875ms] GC(26623) Old regions: 1467->1467
[2023-11-10T12:13:30.243-0800][78013875ms] GC(26623) Humongous regions: 5->5
[2023-11-10T12:13:30.243-0800][78013875ms] GC(26623) Metaspace: 305045K->305045K(1349632K)
[2023-11-10T12:13:30.243-0800][78013875ms] GC(26623) Pause Young (Normal) (GCLocker Initiated GC) 3235M->2943M(3602M) 4.969ms
[2023-11-10T12:13:30.243-0800][78013875ms] GC(26623) User=0.00s Sys=0.00s Real=0.01s
[2023-11-10T12:13:30.504-0800][78014136ms] GC(26624) Pause Young (Normal) (G1 Evacuation Pause)
[2023-11-10T12:13:30.504-0800][78014136ms] GC(26624) Using 10 workers of 10 for evacuation
[2023-11-10T12:13:30.509-0800][78014141ms] GC(26624)   Pre Evacuate Collection Set: 0.0ms
[2023-11-10T12:13:30.509-0800][78014141ms] GC(26624)   Evacuate Collection Set: 1.6ms
[2023-11-10T12:13:30.509-0800][78014141ms] GC(26624)   Post Evacuate Collection Set: 2.9ms
[2023-11-10T12:13:30.509-0800][78014141ms] GC(26624)   Other: 0.3ms
[2023-11-10T12:13:30.509-0800][78014141ms] GC(26624) Eden regions: 146->0(146)
[2023-11-10T12:13:30.509-0800][78014141ms] GC(26624) Survivor regions: 1->1(19)
[2023-11-10T12:13:30.509-0800][78014141ms] GC(26624) Old regions: 1467->1467
[2023-11-10T12:13:30.509-0800][78014141ms] GC(26624) Humongous regions: 5->5
[2023-11-10T12:13:30.509-0800][78014141ms] GC(26624) Metaspace: 305045K->305045K(1349632K)
[2023-11-10T12:13:30.509-0800][78014141ms] GC(26624) Pause Young (Normal) (G1 Evacuation Pause) 3235M->2943M(3602M) 4.909ms
[2023-11-10T12:13:30.510-0800][78014142ms] GC(26624) User=0.00s Sys=0.00s Real=0.01s
[2023-11-10T12:13:30.806-0800][78014438ms] GC(26625) Pause Young (Normal) (GCLocker Initiated GC)
[2023-11-10T12:13:30.806-0800][78014438ms] GC(26625) Using 10 workers of 10 for evacuation
[2023-11-10T12:13:30.812-0800][78014444ms] GC(26625)   Pre Evacuate Collection Set: 0.0ms
[2023-11-10T12:13:30.812-0800][78014444ms] GC(26625)   Evacuate Collection Set: 1.6ms
[2023-11-10T12:13:30.812-0800][78014444ms] GC(26625)   Post Evacuate Collection Set: 3.0ms
[2023-11-10T12:13:30.812-0800][78014444ms] GC(26625)   Other: 0.2ms
[2023-11-10T12:13:30.812-0800][78014444ms] GC(26625) Eden regions: 146->0(146)
[2023-11-10T12:13:30.812-0800][78014444ms] GC(26625) Survivor regions: 1->1(19)
[2023-11-10T12:13:30.812-0800][78014444ms] GC(26625) Old regions: 1467->1467
[2023-11-10T12:13:30.812-0800][78014444ms] GC(26625) Humongous regions: 5->5
[2023-11-10T12:13:30.812-0800][78014444ms] GC(26625) Metaspace: 305045K->305045K(1349632K)
[2023-11-10T12:13:30.812-0800][78014444ms] GC(26625) Pause Young (Normal) (GCLocker Initiated GC) 3235M->2943M(3602M) 4.970ms
[2023-11-10T12:13:30.812-0800][78014444ms] GC(26625) User=0.00s Sys=0.00s Real=0.01s
[2023-11-10T12:13:31.082-0800][78014714ms] GC(26626) Pause Young (Normal) (G1 Evacuation Pause)
[2023-11-10T12:13:31.082-0800][78014714ms] GC(26626) Using 10 workers of 10 for evacuation
[2023-11-10T12:13:31.088-0800][78014720ms] GC(26626)   Pre Evacuate Collection Set: 0.0ms
[2023-11-10T12:13:31.088-0800][78014720ms] GC(26626)   Evacuate Collection Set: 1.6ms
[2023-11-10T12:13:31.088-0800][78014720ms] GC(26626)   Post Evacuate Collection Set: 3.0ms
[2023-11-10T12:13:31.088-0800][78014720ms] GC(26626)   Other: 0.2ms
[2023-11-10T12:13:31.088-0800][78014720ms] GC(26626) Eden regions: 146->0(146)
[2023-11-10T12:13:31.088-0800][78014720ms] GC(26626) Survivor regions: 1->1(19)
[2023-11-10T12:13:31.088-0800][78014720ms] GC(26626) Old regions: 1467->1467
[2023-11-10T12:13:31.088-0800][78014720ms] GC(26626) Humongous regions: 5->5
[2023-11-10T12:13:31.088-0800][78014720ms] GC(26626) Metaspace: 305045K->305045K(1349632K)
[2023-11-10T12:13:31.088-0800][78014720ms] GC(26626) Pause Young (Normal) (G1 Evacuation Pause) 3235M->2943M(3602M) 5.043ms
[2023-11-10T12:13:31.088-0800][78014720ms] GC(26626) User=0.02s Sys=0.00s Real=0.01s
[2023-11-10T12:13:31.350-0800][78014982ms] GC(26627) Pause Young (Normal) (G1 Evacuation Pause)
[2023-11-10T12:13:31.350-0800][78014982ms] GC(26627) Using 10 workers of 10 for evacuation
[2023-11-10T12:13:31.356-0800][78014988ms] GC(26627)   Pre Evacuate Collection Set: 0.0ms
[2023-11-10T12:13:31.356-0800][78014988ms] GC(26627)   Evacuate Collection Set: 2.1ms
[2023-11-10T12:13:31.356-0800][78014988ms] GC(26627)   Post Evacuate Collection Set: 3.4ms
[2023-11-10T12:13:31.356-0800][78014988ms] GC(26627)   Other: 0.3ms
[2023-11-10T12:13:31.356-0800][78014988ms] GC(26627) Eden regions: 146->0(146)
[2023-11-10T12:13:31.356-0800][78014988ms] GC(26627) Survivor regions: 1->1(19)
[2023-11-10T12:13:31.356-0800][78014988ms] GC(26627) Old regions: 1467->1467
[2023-11-10T12:13:31.356-0800][78014988ms] GC(26627) Humongous regions: 5->5
[2023-11-10T12:13:31.356-0800][78014988ms] GC(26627) Metaspace: 305045K->305045K(1349632K)
[2023-11-10T12:13:31.356-0800][78014988ms] GC(26627) Pause Young (Normal) (G1 Evacuation Pause) 3235M->2943M(3602M) 5.825ms
[2023-11-10T12:13:31.356-0800][78014988ms] GC(26627) User=0.00s Sys=0.00s Real=0.01s
[2023-11-10T12:13:31.626-0800][78015258ms] GC(26628) Pause Young (Normal) (G1 Evacuation Pause)
[2023-11-10T12:13:31.626-0800][78015258ms] GC(26628) Using 10 workers of 10 for evacuation
[2023-11-10T12:13:31.631-0800][78015263ms] GC(26628)   Pre Evacuate Collection Set: 0.0ms
[2023-11-10T12:13:31.631-0800][78015263ms] GC(26628)   Evacuate Collection Set: 1.5ms
[2023-11-10T12:13:31.632-0800][78015264ms] GC(26628)   Post Evacuate Collection Set: 3.0ms
[2023-11-10T12:13:31.632-0800][78015264ms] GC(26628)   Other: 0.2ms
[2023-11-10T12:13:31.632-0800][78015264ms] GC(26628) Eden regions: 146->0(146)
[2023-11-10T12:13:31.632-0800][78015264ms] GC(26628) Survivor regions: 1->1(19)
[2023-11-10T12:13:31.632-0800][78015264ms] GC(26628) Old regions: 1467->1467
[2023-11-10T12:13:31.632-0800][78015264ms] GC(26628) Humongous regions: 5->5
[2023-11-10T12:13:31.632-0800][78015264ms] GC(26628) Metaspace: 305045K->305045K(1349632K)
[2023-11-10T12:13:31.632-0800][78015264ms] GC(26628) Pause Young (Normal) (G1 Evacuation Pause) 3235M->2943M(3602M) 4.927ms
[2023-11-10T12:13:31.632-0800][78015264ms] GC(26628) User=0.00s Sys=0.00s Real=0.01s
[2023-11-10T12:13:31.880-0800][78015513ms] GC(26629) Pause Young (Normal) (G1 Evacuation Pause)
[2023-11-10T12:13:31.881-0800][78015513ms] GC(26629) Using 10 workers of 10 for evacuation
[2023-11-10T12:13:31.885-0800][78015517ms] GC(26629)   Pre Evacuate Collection Set: 0.0ms
[2023-11-10T12:13:31.886-0800][78015518ms] GC(26629)   Evacuate Collection Set: 1.7ms
[2023-11-10T12:13:31.886-0800][78015518ms] GC(26629)   Post Evacuate Collection Set: 3.0ms
[2023-11-10T12:13:31.886-0800][78015518ms] GC(26629)   Other: 0.3ms
[2023-11-10T12:13:31.886-0800][78015518ms] GC(26629) Eden regions: 146->0(146)
[2023-11-10T12:13:31.886-0800][78015518ms] GC(26629) Survivor regions: 1->1(19)
[2023-11-10T12:13:31.886-0800][78015518ms] GC(26629) Old regions: 1467->1467
[2023-11-10T12:13:31.886-0800][78015518ms] GC(26629) Humongous regions: 5->5
[2023-11-10T12:13:31.886-0800][78015518ms] GC(26629) Metaspace: 305045K->305045K(1349632K)
[2023-11-10T12:13:31.886-0800][78015518ms] GC(26629) Pause Young (Normal) (G1 Evacuation Pause) 3235M->2943M(3602M) 5.160ms
[2023-11-10T12:13:31.886-0800][78015518ms] GC(26629) User=0.06s Sys=0.00s Real=0.01s
[2023-11-10T12:13:32.153-0800][78015785ms] GC(26630) Pause Young (Normal) (G1 Evacuation Pause)
[2023-11-10T12:13:32.153-0800][78015785ms] GC(26630) Using 10 workers of 10 for evacuation
[2023-11-10T12:13:32.157-0800][78015790ms] GC(26630)   Pre Evacuate Collection Set: 0.0ms
[2023-11-10T12:13:32.158-0800][78015790ms] GC(26630)   Evacuate Collection Set: 1.7ms
[2023-11-10T12:13:32.158-0800][78015790ms] GC(26630)   Post Evacuate Collection Set: 3.1ms
[2023-11-10T12:13:32.158-0800][78015790ms] GC(26630)   Other: 0.3ms
[2023-11-10T12:13:32.158-0800][78015790ms] GC(26630) Eden regions: 146->0(146)
[2023-11-10T12:13:32.158-0800][78015790ms] GC(26630) Survivor regions: 1->1(19)
[2023-11-10T12:13:32.158-0800][78015790ms] GC(26630) Old regions: 1467->1467
[2023-11-10T12:13:32.158-0800][78015790ms] GC(26630) Humongous regions: 5->5
[2023-11-10T12:13:32.158-0800][78015790ms] GC(26630) Metaspace: 305045K->305045K(1349632K)
[2023-11-10T12:13:32.158-0800][78015790ms] GC(26630) Pause Young (Normal) (G1 Evacuation Pause) 3235M->2943M(3602M) 5.254ms
[2023-11-10T12:13:32.158-0800][78015790ms] GC(26630) User=0.00s Sys=0.00s Real=0.00s
[2023-11-10T12:13:32.412-0800][78016044ms] GC(26631) Pause Young (Normal) (G1 Evacuation Pause)
[2023-11-10T12:13:32.412-0800][78016044ms] GC(26631) Using 10 workers of 10 for evacuation
[2023-11-10T12:13:32.417-0800][78016049ms] GC(26631)   Pre Evacuate Collection Set: 0.0ms
[2023-11-10T12:13:32.417-0800][78016049ms] GC(26631)   Evacuate Collection Set: 1.7ms
[2023-11-10T12:13:32.417-0800][78016049ms] GC(26631)   Post Evacuate Collection Set: 3.0ms
[2023-11-10T12:13:32.417-0800][78016049ms] GC(26631)   Other: 0.3ms
[2023-11-10T12:13:32.417-0800][78016049ms] GC(26631) Eden regions: 146->0(146)
[2023-11-10T12:13:32.417-0800][78016049ms] GC(26631) Survivor regions: 1->1(19)
[2023-11-10T12:13:32.417-0800][78016049ms] GC(26631) Old regions: 1467->1467
[2023-11-10T12:13:32.417-0800][78016049ms] GC(26631) Humongous regions: 5->5
[2023-11-10T12:13:32.417-0800][78016049ms] GC(26631) Metaspace: 305045K->305045K(1349632K)
[2023-11-10T12:13:32.417-0800][78016049ms] GC(26631) Pause Young (Normal) (G1 Evacuation Pause) 3235M->2943M(3602M) 5.189ms
[2023-11-10T12:13:32.417-0800][78016049ms] GC(26631) User=0.03s Sys=0.00s Real=0.01s
[2023-11-10T12:13:32.670-0800][78016302ms] GC(26632) Pause Young (Normal) (G1 Evacuation Pause)
[2023-11-10T12:13:32.670-0800][78016302ms] GC(26632) Using 10 workers of 10 for evacuation
[2023-11-10T12:13:32.675-0800][78016307ms] GC(26632)   Pre Evacuate Collection Set: 0.0ms
[2023-11-10T12:13:32.675-0800][78016307ms] GC(26632)   Evacuate Collection Set: 1.7ms
[2023-11-10T12:13:32.675-0800][78016307ms] GC(26632)   Post Evacuate Collection Set: 3.0ms
[2023-11-10T12:13:32.675-0800][78016307ms] GC(26632)   Other: 0.3ms
[2023-11-10T12:13:32.675-0800][78016307ms] GC(26632) Eden regions: 146->0(146)
[2023-11-10T12:13:32.675-0800][78016307ms] GC(26632) Survivor regions: 1->1(19)
[2023-11-10T12:13:32.675-0800][78016307ms] GC(26632) Old regions: 1467->1467
[2023-11-10T12:13:32.675-0800][78016307ms] GC(26632) Humongous regions: 5->5
[2023-11-10T12:13:32.675-0800][78016307ms] GC(26632) Metaspace: 305045K->305045K(1349632K)
[2023-11-10T12:13:32.675-0800][78016307ms] GC(26632) Pause Young (Normal) (G1 Evacuation Pause) 3235M->2943M(3602M) 5.068ms
[2023-11-10T12:13:32.675-0800][78016307ms] GC(26632) User=0.00s Sys=0.00s Real=0.00s
[2023-11-10T12:13:32.928-0800][78016560ms] GC(26633) Pause Young (Normal) (G1 Evacuation Pause)
[2023-11-10T12:13:32.928-0800][78016560ms] GC(26633) Using 10 workers of 10 for evacuation
[2023-11-10T12:13:32.934-0800][78016566ms] GC(26633)   Pre Evacuate Collection Set: 0.0ms
[2023-11-10T12:13:32.934-0800][78016566ms] GC(26633)   Evacuate Collection Set: 1.7ms
[2023-11-10T12:13:32.934-0800][78016566ms] GC(26633)   Post Evacuate Collection Set: 3.1ms
[2023-11-10T12:13:32.934-0800][78016566ms] GC(26633)   Other: 0.2ms
[2023-11-10T12:13:32.934-0800][78016566ms] GC(26633) Eden regions: 146->0(146)
[2023-11-10T12:13:32.934-0800][78016566ms] GC(26633) Survivor regions: 1->1(19)
[2023-11-10T12:13:32.934-0800][78016566ms] GC(26633) Old regions: 1467->1467
[2023-11-10T12:13:32.934-0800][78016566ms] GC(26633) Humongous regions: 5->5
[2023-11-10T12:13:32.934-0800][78016566ms] GC(26633) Metaspace: 305045K->305045K(1349632K)
[2023-11-10T12:13:32.934-0800][78016566ms] GC(26633) Pause Young (Normal) (G1 Evacuation Pause) 3235M->2943M(3602M) 5.111ms
[2023-11-10T12:13:32.934-0800][78016566ms] GC(26633) User=0.08s Sys=0.00s Real=0.01s
[2023-11-10T12:13:33.189-0800][78016821ms] GC(26634) Pause Young (Normal) (G1 Evacuation Pause)
[2023-11-10T12:13:33.189-0800][78016821ms] GC(26634) Using 10 workers of 10 for evacuation
[2023-11-10T12:13:33.194-0800][78016826ms] GC(26634)   Pre Evacuate Collection Set: 0.0ms
[2023-11-10T12:13:33.194-0800][78016826ms] GC(26634)   Evacuate Collection Set: 1.6ms
[2023-11-10T12:13:33.194-0800][78016826ms] GC(26634)   Post Evacuate Collection Set: 3.1ms
[2023-11-10T12:13:33.194-0800][78016826ms] GC(26634)   Other: 0.3ms
[2023-11-10T12:13:33.194-0800][78016826ms] GC(26634) Eden regions: 146->0(146)
[2023-11-10T12:13:33.194-0800][78016826ms] GC(26634) Survivor regions: 1->1(19)
[2023-11-10T12:13:33.194-0800][78016826ms] GC(26634) Old regions: 1467->1467
[2023-11-10T12:13:33.194-0800][78016826ms] GC(26634) Humongous regions: 5->5
[2023-11-10T12:13:33.194-0800][78016826ms] GC(26634) Metaspace: 305045K->305045K(1349632K)
[2023-11-10T12:13:33.194-0800][78016826ms] GC(26634) Pause Young (Normal) (G1 Evacuation Pause) 3235M->2943M(3602M) 5.123ms
[2023-11-10T12:13:33.194-0800][78016826ms] GC(26634) User=0.00s Sys=0.00s Real=0.01s
[2023-11-10T12:13:33.445-0800][78017077ms] GC(26635) Pause Young (Normal) (G1 Evacuation Pause)
[2023-11-10T12:13:33.445-0800][78017077ms] GC(26635) Using 10 workers of 10 for evacuation
[2023-11-10T12:13:33.450-0800][78017082ms] GC(26635)   Pre Evacuate Collection Set: 0.0ms
[2023-11-10T12:13:33.450-0800][78017082ms] GC(26635)   Evacuate Collection Set: 1.7ms
[2023-11-10T12:13:33.450-0800][78017082ms] GC(26635)   Post Evacuate Collection Set: 3.0ms
[2023-11-10T12:13:33.450-0800][78017082ms] GC(26635)   Other: 0.2ms
[2023-11-10T12:13:33.450-0800][78017082ms] GC(26635) Eden regions: 146->0(146)
[2023-11-10T12:13:33.450-0800][78017082ms] GC(26635) Survivor regions: 1->1(19)
[2023-11-10T12:13:33.450-0800][78017082ms] GC(26635) Old regions: 1467->1467
[2023-11-10T12:13:33.450-0800][78017082ms] GC(26635) Humongous regions: 5->5
[2023-11-10T12:13:33.450-0800][78017082ms] GC(26635) Metaspace: 305045K->305045K(1349632K)
[2023-11-10T12:13:33.450-0800][78017082ms] GC(26635) Pause Young (Normal) (G1 Evacuation Pause) 3235M->2943M(3602M) 5.116ms
[2023-11-10T12:13:33.450-0800][78017082ms] GC(26635) User=0.00s Sys=0.00s Real=0.01s
[2023-11-10T12:13:33.707-0800][78017339ms] GC(26636) Pause Young (Normal) (G1 Evacuation Pause)
[2023-11-10T12:13:33.707-0800][78017339ms] GC(26636) Using 10 workers of 10 for evacuation
[2023-11-10T12:13:33.713-0800][78017345ms] GC(26636)   Pre Evacuate Collection Set: 0.0ms
[2023-11-10T12:13:33.713-0800][78017345ms] GC(26636)   Evacuate Collection Set: 1.6ms
[2023-11-10T12:13:33.713-0800][78017345ms] GC(26636)   Post Evacuate Collection Set: 2.9ms
[2023-11-10T12:13:33.713-0800][78017345ms] GC(26636)   Other: 0.4ms
[2023-11-10T12:13:33.713-0800][78017345ms] GC(26636) Eden regions: 146->0(146)
[2023-11-10T12:13:33.713-0800][78017345ms] GC(26636) Survivor regions: 1->1(19)
[2023-11-10T12:13:33.713-0800][78017345ms] GC(26636) Old regions: 1467->1467
[2023-11-10T12:13:33.713-0800][78017345ms] GC(26636) Humongous regions: 5->5
[2023-11-10T12:13:33.713-0800][78017345ms] GC(26636) Metaspace: 305045K->305045K(1349632K)
[2023-11-10T12:13:33.713-0800][78017345ms] GC(26636) Pause Young (Normal) (G1 Evacuation Pause) 3235M->2943M(3602M) 5.198ms
[2023-11-10T12:13:33.713-0800][78017345ms] GC(26636) User=0.02s Sys=0.00s Real=0.01s
[2023-11-10T12:13:33.962-0800][78017594ms] GC(26637) Pause Young (Normal) (G1 Evacuation Pause)
[2023-11-10T12:13:33.962-0800][78017594ms] GC(26637) Using 10 workers of 10 for evacuation
[2023-11-10T12:13:33.965-0800][78017597ms] GC(26637)   Pre Evacuate Collection Set: 0.0ms
[2023-11-10T12:13:33.965-0800][78017597ms] GC(26637)   Evacuate Collection Set: 1.6ms
[2023-11-10T12:13:33.965-0800][78017597ms] GC(26637)   Post Evacuate Collection Set: 3.4ms
[2023-11-10T12:13:33.965-0800][78017597ms] GC(26637)   Other: 0.2ms
[2023-11-10T12:13:33.965-0800][78017597ms] GC(26637) Eden regions: 146->0(146)
[2023-11-10T12:13:33.965-0800][78017597ms] GC(26637) Survivor regions: 1->1(19)
[2023-11-10T12:13:33.965-0800][78017597ms] GC(26637) Old regions: 1467->1467
[2023-11-10T12:13:33.965-0800][78017597ms] GC(26637) Humongous regions: 5->5
[2023-11-10T12:13:33.965-0800][78017597ms] GC(26637) Metaspace: 305045K->305045K(1349632K)
[2023-11-10T12:13:33.965-0800][78017597ms] GC(26637) Pause Young (Normal) (G1 Evacuation Pause) 3235M->2943M(3602M) 5.386ms
[2023-11-10T12:13:33.965-0800][78017597ms] GC(26637) User=0.00s Sys=0.00s Real=0.00s
[2023-11-10T12:13:34.220-0800][78017852ms] GC(26638) Pause Young (Normal) (G1 Evacuation Pause)
[2023-11-10T12:13:34.220-0800][78017852ms] GC(26638) Using 10 workers of 10 for evacuation
[2023-11-10T12:13:34.226-0800][78017858ms] GC(26638)   Pre Evacuate Collection Set: 0.0ms
[2023-11-10T12:13:34.226-0800][78017858ms] GC(26638)   Evacuate Collection Set: 1.7ms
[2023-11-10T12:13:34.226-0800][78017858ms] GC(26638)   Post Evacuate Collection Set: 3.0ms
[2023-11-10T12:13:34.226-0800][78017858ms] GC(26638)   Other: 0.2ms
[2023-11-10T12:13:34.226-0800][78017858ms] GC(26638) Eden regions: 146->0(146)
[2023-11-10T12:13:34.226-0800][78017858ms] GC(26638) Survivor regions: 1->1(19)
[2023-11-10T12:13:34.226-0800][78017858ms] GC(26638) Old regions: 1467->1467
[2023-11-10T12:13:34.226-0800][78017858ms] GC(26638) Humongous regions: 5->5
[2023-11-10T12:13:34.226-0800][78017858ms] GC(26638) Metaspace: 305045K->305045K(1349632K)
[2023-11-10T12:13:34.226-0800][78017858ms] GC(26638) Pause Young (Normal) (G1 Evacuation Pause) 3235M->2943M(3602M) 5.040ms
[2023-11-10T12:13:34.226-0800][78017858ms] GC(26638) User=0.00s Sys=0.00s Real=0.01s
[2023-11-10T12:13:34.474-0800][78018106ms] GC(26639) Pause Young (Normal) (G1 Evacuation Pause)
[2023-11-10T12:13:34.474-0800][78018106ms] GC(26639) Using 10 workers of 10 for evacuation
[2023-11-10T12:13:34.478-0800][78018110ms] GC(26639)   Pre Evacuate Collection Set: 0.0ms
[2023-11-10T12:13:34.478-0800][78018110ms] GC(26639)   Evacuate Collection Set: 1.6ms
[2023-11-10T12:13:34.478-0800][78018110ms] GC(26639)   Post Evacuate Collection Set: 3.0ms
[2023-11-10T12:13:34.478-0800][78018110ms] GC(26639)   Other: 0.2ms
[2023-11-10T12:13:34.478-0800][78018110ms] GC(26639) Eden regions: 146->0(146)
[2023-11-10T12:13:34.479-0800][78018111ms] GC(26639) Survivor regions: 1->1(19)
[2023-11-10T12:13:34.479-0800][78018111ms] GC(26639) Old regions: 1467->1467
[2023-11-10T12:13:34.479-0800][78018111ms] GC(26639) Humongous regions: 5->5
[2023-11-10T12:13:34.479-0800][78018111ms] GC(26639) Metaspace: 305045K->305045K(1349632K)
[2023-11-10T12:13:34.479-0800][78018111ms] GC(26639) Pause Young (Normal) (G1 Evacuation Pause) 3235M->2943M(3602M) 5.037ms
[2023-11-10T12:13:34.479-0800][78018111ms] GC(26639) User=0.02s Sys=0.00s Real=0.01s
[2023-11-10T12:13:34.745-0800][78018377ms] GC(26640) Pause Young (Normal) (G1 Evacuation Pause)
[2023-11-10T12:13:34.745-0800][78018377ms] GC(26640) Using 10 workers of 10 for evacuation
[2023-11-10T12:13:34.750-0800][78018382ms] GC(26640)   Pre Evacuate Collection Set: 0.0ms
[2023-11-10T12:13:34.750-0800][78018382ms] GC(26640)   Evacuate Collection Set: 1.7ms
[2023-11-10T12:13:34.750-0800][78018382ms] GC(26640)   Post Evacuate Collection Set: 3.0ms
[2023-11-10T12:13:34.750-0800][78018382ms] GC(26640)   Other: 0.2ms
[2023-11-10T12:13:34.750-0800][78018382ms] GC(26640) Eden regions: 146->0(146)
[2023-11-10T12:13:34.750-0800][78018382ms] GC(26640) Survivor regions: 1->1(19)
[2023-11-10T12:13:34.750-0800][78018382ms] GC(26640) Old regions: 1467->1467
[2023-11-10T12:13:34.750-0800][78018382ms] GC(26640) Humongous regions: 5->5
[2023-11-10T12:13:34.750-0800][78018382ms] GC(26640) Metaspace: 305045K->305045K(1349632K)
[2023-11-10T12:13:34.750-0800][78018382ms] GC(26640) Pause Young (Normal) (G1 Evacuation Pause) 3235M->2943M(3602M) 5.034ms
[2023-11-10T12:13:34.750-0800][78018382ms] GC(26640) User=0.00s Sys=0.00s Real=0.01s
[2023-11-10T12:13:35.015-0800][78018647ms] GC(26641) Pause Young (Normal) (G1 Evacuation Pause)
[2023-11-10T12:13:35.015-0800][78018647ms] GC(26641) Using 10 workers of 10 for evacuation
[2023-11-10T12:13:35.020-0800][78018652ms] GC(26641)   Pre Evacuate Collection Set: 0.0ms
[2023-11-10T12:13:35.020-0800][78018652ms] GC(26641)   Evacuate Collection Set: 1.7ms
[2023-11-10T12:13:35.020-0800][78018652ms] GC(26641)   Post Evacuate Collection Set: 3.1ms
[2023-11-10T12:13:35.020-0800][78018652ms] GC(26641)   Other: 0.3ms
[2023-11-10T12:13:35.020-0800][78018652ms] GC(26641) Eden regions: 146->0(146)
[2023-11-10T12:13:35.020-0800][78018652ms] GC(26641) Survivor regions: 1->1(19)
[2023-11-10T12:13:35.020-0800][78018652ms] GC(26641) Old regions: 1467->1467
[2023-11-10T12:13:35.020-0800][78018652ms] GC(26641) Humongous regions: 5->5
[2023-11-10T12:13:35.020-0800][78018652ms] GC(26641) Metaspace: 305049K->305049K(1349632K)
[2023-11-10T12:13:35.020-0800][78018652ms] GC(26641) Pause Young (Normal) (G1 Evacuation Pause) 3235M->2943M(3602M) 5.237ms
[2023-11-10T12:13:35.020-0800][78018652ms] GC(26641) User=0.00s Sys=0.00s Real=0.00s
[2023-11-10T12:13:35.287-0800][78018919ms] GC(26642) Pause Young (Normal) (G1 Evacuation Pause)
[2023-11-10T12:13:35.287-0800][78018919ms] GC(26642) Using 10 workers of 10 for evacuation
[2023-11-10T12:13:35.293-0800][78018925ms] GC(26642)   Pre Evacuate Collection Set: 0.0ms
[2023-11-10T12:13:35.293-0800][78018925ms] GC(26642)   Evacuate Collection Set: 1.7ms
[2023-11-10T12:13:35.293-0800][78018925ms] GC(26642)   Post Evacuate Collection Set: 3.5ms
[2023-11-10T12:13:35.293-0800][78018925ms] GC(26642)   Other: 0.2ms
[2023-11-10T12:13:35.293-0800][78018925ms] GC(26642) Eden regions: 146->0(146)
[2023-11-10T12:13:35.293-0800][78018925ms] GC(26642) Survivor regions: 1->1(19)
[2023-11-10T12:13:35.293-0800][78018925ms] GC(26642) Old regions: 1467->1467
[2023-11-10T12:13:35.293-0800][78018925ms] GC(26642) Humongous regions: 5->5
[2023-11-10T12:13:35.293-0800][78018925ms] GC(26642) Metaspace: 305050K->305050K(1349632K)
[2023-11-10T12:13:35.293-0800][78018925ms] GC(26642) Pause Young (Normal) (G1 Evacuation Pause) 3235M->2943M(3602M) 5.678ms
[2023-11-10T12:13:35.293-0800][78018925ms] GC(26642) User=0.06s Sys=0.00s Real=0.01s
[2023-11-10T12:13:35.541-0800][78019173ms] GC(26643) Pause Young (Normal) (G1 Evacuation Pause)
[2023-11-10T12:13:35.541-0800][78019173ms] GC(26643) Using 10 workers of 10 for evacuation
[2023-11-10T12:13:35.547-0800][78019179ms] GC(26643)   Pre Evacuate Collection Set: 0.0ms
[2023-11-10T12:13:35.547-0800][78019179ms] GC(26643)   Evacuate Collection Set: 1.6ms
[2023-11-10T12:13:35.547-0800][78019179ms] GC(26643)   Post Evacuate Collection Set: 3.2ms
[2023-11-10T12:13:35.547-0800][78019179ms] GC(26643)   Other: 0.3ms
[2023-11-10T12:13:35.547-0800][78019179ms] GC(26643) Eden regions: 146->0(146)
[2023-11-10T12:13:35.547-0800][78019179ms] GC(26643) Survivor regions: 1->1(19)
[2023-11-10T12:13:35.547-0800][78019179ms] GC(26643) Old regions: 1467->1467
[2023-11-10T12:13:35.547-0800][78019179ms] GC(26643) Humongous regions: 5->5
[2023-11-10T12:13:35.547-0800][78019179ms] GC(26643) Metaspace: 305050K->305050K(1349632K)
[2023-11-10T12:13:35.547-0800][78019179ms] GC(26643) Pause Young (Normal) (G1 Evacuation Pause) 3235M->2943M(3602M) 5.300ms
[2023-11-10T12:13:35.547-0800][78019179ms] GC(26643) User=0.00s Sys=0.00s Real=0.01s
[2023-11-10T12:13:35.852-0800][78019484ms] GC(26644) Pause Young (Normal) (G1 Evacuation Pause)
[2023-11-10T12:13:35.852-0800][78019484ms] GC(26644) Using 10 workers of 10 for evacuation
[2023-11-10T12:13:35.857-0800][78019489ms] GC(26644)   Pre Evacuate Collection Set: 0.0ms
[2023-11-10T12:13:35.857-0800][78019489ms] GC(26644)   Evacuate Collection Set: 1.7ms
[2023-11-10T12:13:35.857-0800][78019489ms] GC(26644)   Post Evacuate Collection Set: 3.3ms
[2023-11-10T12:13:35.857-0800][78019489ms] GC(26644)   Other: 0.2ms
[2023-11-10T12:13:35.857-0800][78019489ms] GC(26644) Eden regions: 146->0(146)
[2023-11-10T12:13:35.857-0800][78019489ms] GC(26644) Survivor regions: 1->1(19)
[2023-11-10T12:13:35.857-0800][78019489ms] GC(26644) Old regions: 1467->1467
[2023-11-10T12:13:35.857-0800][78019489ms] GC(26644) Humongous regions: 5->5
[2023-11-10T12:13:35.857-0800][78019489ms] GC(26644) Metaspace: 305050K->305050K(1349632K)
[2023-11-10T12:13:35.857-0800][78019489ms] GC(26644) Pause Young (Normal) (G1 Evacuation Pause) 3235M->2943M(3602M) 5.341ms
[2023-11-10T12:13:35.857-0800][78019489ms] GC(26644) User=0.00s Sys=0.00s Real=0.01s
[2023-11-10T12:13:36.121-0800][78019753ms] GC(26645) Pause Young (Normal) (G1 Evacuation Pause)
[2023-11-10T12:13:36.121-0800][78019753ms] GC(26645) Using 10 workers of 10 for evacuation
[2023-11-10T12:13:36.126-0800][78019758ms] GC(26645)   Pre Evacuate Collection Set: 0.1ms
[2023-11-10T12:13:36.126-0800][78019758ms] GC(26645)   Evacuate Collection Set: 2.0ms
[2023-11-10T12:13:36.126-0800][78019758ms] GC(26645)   Post Evacuate Collection Set: 3.2ms
[2023-11-10T12:13:36.126-0800][78019758ms] GC(26645)   Other: 0.3ms
[2023-11-10T12:13:36.126-0800][78019758ms] GC(26645) Eden regions: 146->0(146)
[2023-11-10T12:13:36.126-0800][78019758ms] GC(26645) Survivor regions: 1->1(19)
[2023-11-10T12:13:36.126-0800][78019758ms] GC(26645) Old regions: 1467->1467
[2023-11-10T12:13:36.126-0800][78019758ms] GC(26645) Humongous regions: 5->5
[2023-11-10T12:13:36.126-0800][78019758ms] GC(26645) Metaspace: 305050K->305050K(1349632K)
[2023-11-10T12:13:36.126-0800][78019758ms] GC(26645) Pause Young (Normal) (G1 Evacuation Pause) 3235M->2943M(3602M) 5.682ms
[2023-11-10T12:13:36.126-0800][78019758ms] GC(26645) User=0.00s Sys=0.00s Real=0.00s
[2023-11-10T12:13:36.379-0800][78020011ms] GC(26646) Pause Young (Normal) (G1 Evacuation Pause)
[2023-11-10T12:13:36.379-0800][78020011ms] GC(26646) Using 10 workers of 10 for evacuation
[2023-11-10T12:13:36.384-0800][78020016ms] GC(26646)   Pre Evacuate Collection Set: 0.0ms
[2023-11-10T12:13:36.384-0800][78020016ms] GC(26646)   Evacuate Collection Set: 1.7ms
[2023-11-10T12:13:36.384-0800][78020016ms] GC(26646)   Post Evacuate Collection Set: 3.1ms
[2023-11-10T12:13:36.384-0800][78020016ms] GC(26646)   Other: 0.2ms
[2023-11-10T12:13:36.384-0800][78020016ms] GC(26646) Eden regions: 146->0(146)
[2023-11-10T12:13:36.384-0800][78020016ms] GC(26646) Survivor regions: 1->1(19)
[2023-11-10T12:13:36.384-0800][78020016ms] GC(26646) Old regions: 1467->1467
[2023-11-10T12:13:36.384-0800][78020017ms] GC(26646) Humongous regions: 5->5
[2023-11-10T12:13:36.385-0800][78020017ms] GC(26646) Metaspace: 305050K->305050K(1349632K)
[2023-11-10T12:13:36.385-0800][78020017ms] GC(26646) Pause Young (Normal) (G1 Evacuation Pause) 3235M->2943M(3602M) 5.170ms
[2023-11-10T12:13:36.385-0800][78020017ms] GC(26646) User=0.00s Sys=0.00s Real=0.01s
[2023-11-10T12:13:36.656-0800][78020288ms] GC(26647) Pause Young (Normal) (G1 Evacuation Pause)
[2023-11-10T12:13:36.656-0800][78020288ms] GC(26647) Using 10 workers of 10 for evacuation
[2023-11-10T12:13:36.661-0800][78020293ms] GC(26647)   Pre Evacuate Collection Set: 0.0ms
[2023-11-10T12:13:36.661-0800][78020293ms] GC(26647)   Evacuate Collection Set: 1.6ms
[2023-11-10T12:13:36.661-0800][78020293ms] GC(26647)   Post Evacuate Collection Set: 3.0ms
[2023-11-10T12:13:36.661-0800][78020293ms] GC(26647)   Other: 0.3ms
[2023-11-10T12:13:36.661-0800][78020293ms] GC(26647) Eden regions: 146->0(146)
[2023-11-10T12:13:36.661-0800][78020293ms] GC(26647) Survivor regions: 1->1(19)
[2023-11-10T12:13:36.661-0800][78020293ms] GC(26647) Old regions: 1467->1467
[2023-11-10T12:13:36.661-0800][78020293ms] GC(26647) Humongous regions: 5->5
[2023-11-10T12:13:36.661-0800][78020293ms] GC(26647) Metaspace: 305050K->305050K(1349632K)
[2023-11-10T12:13:36.661-0800][78020293ms] GC(26647) Pause Young (Normal) (G1 Evacuation Pause) 3235M->2943M(3602M) 5.112ms
[2023-11-10T12:13:36.661-0800][78020293ms] GC(26647) User=0.00s Sys=0.00s Real=0.01s
[2023-11-10T12:13:36.948-0800][78020580ms] GC(26648) Pause Young (Normal) (G1 Evacuation Pause)
[2023-11-10T12:13:36.948-0800][78020580ms] GC(26648) Using 10 workers of 10 for evacuation
[2023-11-10T12:13:36.953-0800][78020585ms] GC(26648)   Pre Evacuate Collection Set: 0.0ms
[2023-11-10T12:13:36.953-0800][78020585ms] GC(26648)   Evacuate Collection Set: 1.6ms
[2023-11-10T12:13:36.953-0800][78020585ms] GC(26648)   Post Evacuate Collection Set: 3.5ms
[2023-11-10T12:13:36.953-0800][78020585ms] GC(26648)   Other: 0.3ms
[2023-11-10T12:13:36.953-0800][78020585ms] GC(26648) Eden regions: 146->0(146)
[2023-11-10T12:13:36.953-0800][78020585ms] GC(26648) Survivor regions: 1->1(19)
[2023-11-10T12:13:36.953-0800][78020585ms] GC(26648) Old regions: 1467->1467
[2023-11-10T12:13:36.953-0800][78020585ms] GC(26648) Humongous regions: 5->5
[2023-11-10T12:13:36.953-0800][78020585ms] GC(26648) Metaspace: 305050K->305050K(1349632K)
[2023-11-10T12:13:36.953-0800][78020585ms] GC(26648) Pause Young (Normal) (G1 Evacuation Pause) 3235M->2943M(3602M) 5.556ms
[2023-11-10T12:13:36.953-0800][78020585ms] GC(26648) User=0.00s Sys=0.00s Real=0.01s
[2023-11-10T12:13:37.209-0800][78020841ms] GC(26649) Pause Young (Normal) (G1 Evacuation Pause)
[2023-11-10T12:13:37.209-0800][78020841ms] GC(26649) Using 10 workers of 10 for evacuation
[2023-11-10T12:13:37.214-0800][78020846ms] GC(26649)   Pre Evacuate Collection Set: 0.0ms
[2023-11-10T12:13:37.214-0800][78020846ms] GC(26649)   Evacuate Collection Set: 1.7ms
[2023-11-10T12:13:37.214-0800][78020846ms] GC(26649)   Post Evacuate Collection Set: 3.0ms
[2023-11-10T12:13:37.214-0800][78020846ms] GC(26649)   Other: 0.2ms
[2023-11-10T12:13:37.214-0800][78020846ms] GC(26649) Eden regions: 146->0(146)
[2023-11-10T12:13:37.214-0800][78020846ms] GC(26649) Survivor regions: 1->1(19)
[2023-11-10T12:13:37.214-0800][78020846ms] GC(26649) Old regions: 1467->1467
[2023-11-10T12:13:37.214-0800][78020846ms] GC(26649) Humongous regions: 5->5
[2023-11-10T12:13:37.214-0800][78020846ms] GC(26649) Metaspace: 305050K->305050K(1349632K)
[2023-11-10T12:13:37.214-0800][78020846ms] GC(26649) Pause Young (Normal) (G1 Evacuation Pause) 3235M->2944M(3602M) 5.033ms
[2023-11-10T12:13:37.214-0800][78020846ms] GC(26649) User=0.11s Sys=0.00s Real=0.00s
[2023-11-10T12:13:37.469-0800][78021101ms] GC(26650) Pause Young (Normal) (G1 Evacuation Pause)
[2023-11-10T12:13:37.469-0800][78021101ms] GC(26650) Using 10 workers of 10 for evacuation
[2023-11-10T12:13:37.474-0800][78021106ms] GC(26650)   Pre Evacuate Collection Set: 0.0ms
[2023-11-10T12:13:37.474-0800][78021106ms] GC(26650)   Evacuate Collection Set: 1.9ms
[2023-11-10T12:13:37.474-0800][78021106ms] GC(26650)   Post Evacuate Collection Set: 3.2ms
[2023-11-10T12:13:37.474-0800][78021106ms] GC(26650)   Other: 0.2ms
[2023-11-10T12:13:37.474-0800][78021106ms] GC(26650) Eden regions: 146->0(146)
[2023-11-10T12:13:37.474-0800][78021106ms] GC(26650) Survivor regions: 1->1(19)
[2023-11-10T12:13:37.474-0800][78021106ms] GC(26650) Old regions: 1467->1467
[2023-11-10T12:13:37.474-0800][78021106ms] GC(26650) Humongous regions: 5->5
[2023-11-10T12:13:37.474-0800][78021106ms] GC(26650) Metaspace: 305050K->305050K(1349632K)
[2023-11-10T12:13:37.474-0800][78021106ms] GC(26650) Pause Young (Normal) (G1 Evacuation Pause) 3236M->2943M(3602M) 5.478ms
[2023-11-10T12:13:37.475-0800][78021107ms] GC(26650) User=0.00s Sys=0.00s Real=0.01s
[2023-11-10T12:13:37.746-0800][78021378ms] GC(26651) Pause Young (Normal) (G1 Evacuation Pause)
[2023-11-10T12:13:37.746-0800][78021378ms] GC(26651) Using 10 workers of 10 for evacuation
[2023-11-10T12:13:37.750-0800][78021382ms] GC(26651)   Pre Evacuate Collection Set: 0.0ms
[2023-11-10T12:13:37.750-0800][78021382ms] GC(26651)   Evacuate Collection Set: 1.7ms
[2023-11-10T12:13:37.750-0800][78021382ms] GC(26651)   Post Evacuate Collection Set: 3.1ms
[2023-11-10T12:13:37.750-0800][78021382ms] GC(26651)   Other: 0.3ms
[2023-11-10T12:13:37.750-0800][78021382ms] GC(26651) Eden regions: 146->0(146)
[2023-11-10T12:13:37.750-0800][78021382ms] GC(26651) Survivor regions: 1->1(19)
[2023-11-10T12:13:37.750-0800][78021382ms] GC(26651) Old regions: 1467->1467
[2023-11-10T12:13:37.750-0800][78021382ms] GC(26651) Humongous regions: 5->5
[2023-11-10T12:13:37.750-0800][78021382ms] GC(26651) Metaspace: 305050K->305050K(1349632K)
[2023-11-10T12:13:37.750-0800][78021382ms] GC(26651) Pause Young (Normal) (G1 Evacuation Pause) 3235M->2943M(3602M) 5.117ms
[2023-11-10T12:13:37.750-0800][78021382ms] GC(26651) User=0.00s Sys=0.00s Real=0.01s
[2023-11-10T12:13:38.012-0800][78021644ms] GC(26652) Pause Young (Normal) (G1 Evacuation Pause)
[2023-11-10T12:13:38.012-0800][78021644ms] GC(26652) Using 10 workers of 10 for evacuation
[2023-11-10T12:13:38.017-0800][78021649ms] GC(26652)   Pre Evacuate Collection Set: 0.0ms
[2023-11-10T12:13:38.017-0800][78021649ms] GC(26652)   Evacuate Collection Set: 1.6ms
[2023-11-10T12:13:38.017-0800][78021649ms] GC(26652)   Post Evacuate Collection Set: 3.0ms
[2023-11-10T12:13:38.017-0800][78021649ms] GC(26652)   Other: 0.2ms
[2023-11-10T12:13:38.017-0800][78021649ms] GC(26652) Eden regions: 146->0(146)
[2023-11-10T12:13:38.017-0800][78021649ms] GC(26652) Survivor regions: 1->1(19)
[2023-11-10T12:13:38.017-0800][78021649ms] GC(26652) Old regions: 1467->1467
[2023-11-10T12:13:38.017-0800][78021649ms] GC(26652) Humongous regions: 5->5
[2023-11-10T12:13:38.017-0800][78021649ms] GC(26652) Metaspace: 305050K->305050K(1349632K)
[2023-11-10T12:13:38.017-0800][78021649ms] GC(26652) Pause Young (Normal) (G1 Evacuation Pause) 3235M->2943M(3602M) 4.963ms
[2023-11-10T12:13:38.017-0800][78021649ms] GC(26652) User=0.00s Sys=0.00s Real=0.00s
[2023-11-10T12:13:38.277-0800][78021909ms] GC(26653) Pause Young (Normal) (G1 Evacuation Pause)
[2023-11-10T12:13:38.277-0800][78021909ms] GC(26653) Using 10 workers of 10 for evacuation
[2023-11-10T12:13:38.282-0800][78021914ms] GC(26653)   Pre Evacuate Collection Set: 0.0ms
[2023-11-10T12:13:38.282-0800][78021914ms] GC(26653)   Evacuate Collection Set: 1.6ms
[2023-11-10T12:13:38.282-0800][78021914ms] GC(26653)   Post Evacuate Collection Set: 3.1ms
[2023-11-10T12:13:38.282-0800][78021914ms] GC(26653)   Other: 0.2ms
[2023-11-10T12:13:38.282-0800][78021914ms] GC(26653) Eden regions: 146->0(146)
[2023-11-10T12:13:38.282-0800][78021914ms] GC(26653) Survivor regions: 1->1(19)
[2023-11-10T12:13:38.282-0800][78021914ms] GC(26653) Old regions: 1467->1467
[2023-11-10T12:13:38.282-0800][78021914ms] GC(26653) Humongous regions: 5->5
[2023-11-10T12:13:38.282-0800][78021914ms] GC(26653) Metaspace: 305050K->305050K(1349632K)
[2023-11-10T12:13:38.282-0800][78021914ms] GC(26653) Pause Young (Normal) (G1 Evacuation Pause) 3235M->2943M(3602M) 5.136ms
[2023-11-10T12:13:38.282-0800][78021914ms] GC(26653) User=0.00s Sys=0.00s Real=0.01s
[2023-11-10T12:13:38.527-0800][78022159ms] GC(26654) Pause Young (Normal) (G1 Evacuation Pause)
[2023-11-10T12:13:38.527-0800][78022159ms] GC(26654) Using 10 workers of 10 for evacuation
[2023-11-10T12:13:38.532-0800][78022164ms] GC(26654)   Pre Evacuate Collection Set: 0.0ms
[2023-11-10T12:13:38.532-0800][78022164ms] GC(26654)   Evacuate Collection Set: 1.5ms
[2023-11-10T12:13:38.532-0800][78022164ms] GC(26654)   Post Evacuate Collection Set: 3.1ms
[2023-11-10T12:13:38.532-0800][78022164ms] GC(26654)   Other: 0.3ms
[2023-11-10T12:13:38.532-0800][78022164ms] GC(26654) Eden regions: 146->0(145)
[2023-11-10T12:13:38.532-0800][78022164ms] GC(26654) Survivor regions: 1->1(19)
[2023-11-10T12:13:38.532-0800][78022164ms] GC(26654) Old regions: 1467->1467
[2023-11-10T12:13:38.532-0800][78022164ms] GC(26654) Humongous regions: 5->5
[2023-11-10T12:13:38.532-0800][78022164ms] GC(26654) Metaspace: 305050K->305050K(1349632K)
[2023-11-10T12:13:38.532-0800][78022164ms] GC(26654) Pause Young (Normal) (G1 Evacuation Pause) 3235M->2944M(3602M) 5.152ms
[2023-11-10T12:13:38.532-0800][78022164ms] GC(26654) User=0.00s Sys=0.00s Real=0.01s
[2023-11-10T12:13:38.788-0800][78022420ms] GC(26655) Pause Young (Normal) (G1 Evacuation Pause)
[2023-11-10T12:13:38.788-0800][78022420ms] GC(26655) Using 10 workers of 10 for evacuation
[2023-11-10T12:13:38.794-0800][78022426ms] GC(26655)   Pre Evacuate Collection Set: 0.0ms
[2023-11-10T12:13:38.794-0800][78022426ms] GC(26655)   Evacuate Collection Set: 1.7ms
[2023-11-10T12:13:38.794-0800][78022426ms] GC(26655)   Post Evacuate Collection Set: 3.0ms
[2023-11-10T12:13:38.794-0800][78022426ms] GC(26655)   Other: 0.2ms
[2023-11-10T12:13:38.794-0800][78022426ms] GC(26655) Eden regions: 145->0(145)
[2023-11-10T12:13:38.794-0800][78022426ms] GC(26655) Survivor regions: 1->1(19)
[2023-11-10T12:13:38.794-0800][78022426ms] GC(26655) Old regions: 1467->1467
[2023-11-10T12:13:38.794-0800][78022426ms] GC(26655) Humongous regions: 5->5
[2023-11-10T12:13:38.794-0800][78022426ms] GC(26655) Metaspace: 305050K->305050K(1349632K)
[2023-11-10T12:13:38.794-0800][78022426ms] GC(26655) Pause Young (Normal) (G1 Evacuation Pause) 3234M->2943M(3602M) 5.077ms
[2023-11-10T12:13:38.794-0800][78022426ms] GC(26655) User=0.00s Sys=0.00s Real=0.01s
[2023-11-10T12:13:39.063-0800][78022695ms] GC(26656) Pause Young (Normal) (G1 Evacuation Pause)
[2023-11-10T12:13:39.063-0800][78022695ms] GC(26656) Using 10 workers of 10 for evacuation
[2023-11-10T12:13:39.068-0800][78022700ms] GC(26656)   Pre Evacuate Collection Set: 0.0ms
[2023-11-10T12:13:39.068-0800][78022700ms] GC(26656)   Evacuate Collection Set: 1.6ms
[2023-11-10T12:13:39.068-0800][78022700ms] GC(26656)   Post Evacuate Collection Set: 3.5ms
[2023-11-10T12:13:39.068-0800][78022700ms] GC(26656)   Other: 0.2ms
[2023-11-10T12:13:39.068-0800][78022700ms] GC(26656) Eden regions: 145->0(145)
[2023-11-10T12:13:39.068-0800][78022700ms] GC(26656) Survivor regions: 1->1(19)
[2023-11-10T12:13:39.068-0800][78022700ms] GC(26656) Old regions: 1467->1467
[2023-11-10T12:13:39.068-0800][78022700ms] GC(26656) Humongous regions: 5->5
[2023-11-10T12:13:39.068-0800][78022700ms] GC(26656) Metaspace: 305050K->305050K(1349632K)
[2023-11-10T12:13:39.068-0800][78022700ms] GC(26656) Pause Young (Normal) (G1 Evacuation Pause) 3233M->2943M(3602M) 5.491ms
[2023-11-10T12:13:39.068-0800][78022700ms] GC(26656) User=0.00s Sys=0.00s Real=0.01s
[2023-11-10T12:13:39.324-0800][78022956ms] GC(26657) Pause Young (Normal) (G1 Evacuation Pause)
[2023-11-10T12:13:39.324-0800][78022956ms] GC(26657) Using 10 workers of 10 for evacuation
[2023-11-10T12:13:39.331-0800][78022963ms] GC(26657)   Pre Evacuate Collection Set: 0.1ms
[2023-11-10T12:13:39.331-0800][78022963ms] GC(26657)   Evacuate Collection Set: 2.2ms
[2023-11-10T12:13:39.331-0800][78022963ms] GC(26657)   Post Evacuate Collection Set: 3.8ms
[2023-11-10T12:13:39.331-0800][78022963ms] GC(26657)   Other: 0.3ms
[2023-11-10T12:13:39.331-0800][78022963ms] GC(26657) Eden regions: 145->0(145)
[2023-11-10T12:13:39.331-0800][78022963ms] GC(26657) Survivor regions: 1->1(19)
[2023-11-10T12:13:39.331-0800][78022963ms] GC(26657) Old regions: 1467->1467
[2023-11-10T12:13:39.331-0800][78022963ms] GC(26657) Humongous regions: 5->5
[2023-11-10T12:13:39.331-0800][78022963ms] GC(26657) Metaspace: 305050K->305050K(1349632K)
[2023-11-10T12:13:39.331-0800][78022963ms] GC(26657) Pause Young (Normal) (G1 Evacuation Pause) 3233M->2944M(3602M) 6.662ms
[2023-11-10T12:13:39.331-0800][78022963ms] GC(26657) User=0.00s Sys=0.00s Real=0.01s
[2023-11-10T12:13:39.588-0800][78023220ms] GC(26658) Pause Young (Normal) (G1 Evacuation Pause)
[2023-11-10T12:13:39.588-0800][78023220ms] GC(26658) Using 10 workers of 10 for evacuation
[2023-11-10T12:13:39.592-0800][78023224ms] GC(26658)   Pre Evacuate Collection Set: 0.0ms
[2023-11-10T12:13:39.592-0800][78023224ms] GC(26658)   Evacuate Collection Set: 1.7ms
[2023-11-10T12:13:39.592-0800][78023224ms] GC(26658)   Post Evacuate Collection Set: 3.0ms
[2023-11-10T12:13:39.592-0800][78023224ms] GC(26658)   Other: 0.3ms
[2023-11-10T12:13:39.592-0800][78023224ms] GC(26658) Eden regions: 145->0(145)
[2023-11-10T12:13:39.592-0800][78023224ms] GC(26658) Survivor regions: 1->1(19)
[2023-11-10T12:13:39.592-0800][78023224ms] GC(26658) Old regions: 1467->1467
[2023-11-10T12:13:39.592-0800][78023224ms] GC(26658) Humongous regions: 5->5
[2023-11-10T12:13:39.592-0800][78023224ms] GC(26658) Metaspace: 305050K->305050K(1349632K)
[2023-11-10T12:13:39.592-0800][78023224ms] GC(26658) Pause Young (Normal) (G1 Evacuation Pause) 3234M->2944M(3602M) 5.084ms
[2023-11-10T12:13:39.592-0800][78023224ms] GC(26658) User=0.00s Sys=0.00s Real=0.00s
[2023-11-10T12:13:39.854-0800][78023486ms] GC(26659) Pause Young (Normal) (G1 Evacuation Pause)
[2023-11-10T12:13:39.854-0800][78023486ms] GC(26659) Using 10 workers of 10 for evacuation
[2023-11-10T12:13:39.860-0800][78023492ms] GC(26659)   Pre Evacuate Collection Set: 0.0ms
[2023-11-10T12:13:39.860-0800][78023492ms] GC(26659)   Evacuate Collection Set: 1.7ms
[2023-11-10T12:13:39.860-0800][78023492ms] GC(26659)   Post Evacuate Collection Set: 3.3ms
[2023-11-10T12:13:39.860-0800][78023492ms] GC(26659)   Other: 0.2ms
[2023-11-10T12:13:39.860-0800][78023492ms] GC(26659) Eden regions: 145->0(145)
[2023-11-10T12:13:39.860-0800][78023492ms] GC(26659) Survivor regions: 1->1(19)
[2023-11-10T12:13:39.860-0800][78023492ms] GC(26659) Old regions: 1467->1467
[2023-11-10T12:13:39.860-0800][78023492ms] GC(26659) Humongous regions: 5->5
[2023-11-10T12:13:39.860-0800][78023492ms] GC(26659) Metaspace: 305050K->305050K(1349632K)
[2023-11-10T12:13:39.860-0800][78023492ms] GC(26659) Pause Young (Normal) (G1 Evacuation Pause) 3234M->2943M(3602M) 5.337ms
[2023-11-10T12:13:39.860-0800][78023492ms] GC(26659) User=0.00s Sys=0.00s Real=0.01s
[2023-11-10T12:13:40.138-0800][78023770ms] GC(26660) Pause Young (Normal) (G1 Evacuation Pause)
[2023-11-10T12:13:40.138-0800][78023770ms] GC(26660) Using 10 workers of 10 for evacuation
[2023-11-10T12:13:40.143-0800][78023775ms] GC(26660)   Pre Evacuate Collection Set: 0.0ms
[2023-11-10T12:13:40.143-0800][78023775ms] GC(26660)   Evacuate Collection Set: 2.1ms
[2023-11-10T12:13:40.143-0800][78023775ms] GC(26660)   Post Evacuate Collection Set: 3.8ms
[2023-11-10T12:13:40.143-0800][78023775ms] GC(26660)   Other: 0.3ms
[2023-11-10T12:13:40.143-0800][78023775ms] GC(26660) Eden regions: 145->0(145)
[2023-11-10T12:13:40.143-0800][78023775ms] GC(26660) Survivor regions: 1->1(19)
[2023-11-10T12:13:40.143-0800][78023775ms] GC(26660) Old regions: 1467->1467
[2023-11-10T12:13:40.143-0800][78023775ms] GC(26660) Humongous regions: 5->5
[2023-11-10T12:13:40.143-0800][78023775ms] GC(26660) Metaspace: 305050K->305050K(1349632K)
[2023-11-10T12:13:40.144-0800][78023776ms] GC(26660) Pause Young (Normal) (G1 Evacuation Pause) 3233M->2943M(3602M) 6.360ms
[2023-11-10T12:13:40.144-0800][78023776ms] GC(26660) User=0.00s Sys=0.00s Real=0.01s
[2023-11-10T12:13:40.390-0800][78024022ms] GC(26661) Pause Young (Normal) (G1 Evacuation Pause)
[2023-11-10T12:13:40.390-0800][78024022ms] GC(26661) Using 10 workers of 10 for evacuation
[2023-11-10T12:13:40.395-0800][78024027ms] GC(26661)   Pre Evacuate Collection Set: 0.0ms
[2023-11-10T12:13:40.395-0800][78024027ms] GC(26661)   Evacuate Collection Set: 1.7ms
[2023-11-10T12:13:40.395-0800][78024027ms] GC(26661)   Post Evacuate Collection Set: 3.0ms
[2023-11-10T12:13:40.395-0800][78024027ms] GC(26661)   Other: 0.2ms
[2023-11-10T12:13:40.395-0800][78024027ms] GC(26661) Eden regions: 145->0(145)
[2023-11-10T12:13:40.395-0800][78024027ms] GC(26661) Survivor regions: 1->1(19)
[2023-11-10T12:13:40.395-0800][78024027ms] GC(26661) Old regions: 1467->1467
[2023-11-10T12:13:40.395-0800][78024027ms] GC(26661) Humongous regions: 5->5
[2023-11-10T12:13:40.395-0800][78024027ms] GC(26661) Metaspace: 305050K->305050K(1349632K)
[2023-11-10T12:13:40.395-0800][78024027ms] GC(26661) Pause Young (Normal) (G1 Evacuation Pause) 3233M->2943M(3602M) 5.154ms
[2023-11-10T12:13:40.396-0800][78024028ms] GC(26661) User=0.00s Sys=0.00s Real=0.01s
[2023-11-10T12:13:40.652-0800][78024284ms] GC(26662) Pause Young (Normal) (G1 Evacuation Pause)
[2023-11-10T12:13:40.652-0800][78024284ms] GC(26662) Using 10 workers of 10 for evacuation
[2023-11-10T12:13:40.656-0800][78024288ms] GC(26662)   Pre Evacuate Collection Set: 0.0ms
[2023-11-10T12:13:40.656-0800][78024288ms] GC(26662)   Evacuate Collection Set: 1.7ms
[2023-11-10T12:13:40.656-0800][78024288ms] GC(26662)   Post Evacuate Collection Set: 3.0ms
[2023-11-10T12:13:40.656-0800][78024288ms] GC(26662)   Other: 0.2ms
[2023-11-10T12:13:40.656-0800][78024288ms] GC(26662) Eden regions: 145->0(145)
[2023-11-10T12:13:40.656-0800][78024288ms] GC(26662) Survivor regions: 1->1(19)
[2023-11-10T12:13:40.656-0800][78024288ms] GC(26662) Old regions: 1467->1467
[2023-11-10T12:13:40.656-0800][78024288ms] GC(26662) Humongous regions: 5->5
[2023-11-10T12:13:40.656-0800][78024288ms] GC(26662) Metaspace: 305050K->305050K(1349632K)
[2023-11-10T12:13:40.656-0800][78024288ms] GC(26662) Pause Young (Normal) (G1 Evacuation Pause) 3233M->2944M(3602M) 5.081ms
[2023-11-10T12:13:40.656-0800][78024288ms] GC(26662) User=0.00s Sys=0.00s Real=0.00s
[2023-11-10T12:13:40.919-0800][78024551ms] GC(26663) Pause Young (Normal) (G1 Evacuation Pause)
[2023-11-10T12:13:40.919-0800][78024551ms] GC(26663) Using 10 workers of 10 for evacuation
[2023-11-10T12:13:40.923-0800][78024555ms] GC(26663)   Pre Evacuate Collection Set: 0.0ms
[2023-11-10T12:13:40.924-0800][78024556ms] GC(26663)   Evacuate Collection Set: 1.7ms
[2023-11-10T12:13:40.924-0800][78024556ms] GC(26663)   Post Evacuate Collection Set: 3.0ms
[2023-11-10T12:13:40.924-0800][78024556ms] GC(26663)   Other: 0.2ms
[2023-11-10T12:13:40.924-0800][78024556ms] GC(26663) Eden regions: 145->0(145)
[2023-11-10T12:13:40.924-0800][78024556ms] GC(26663) Survivor regions: 1->1(19)
[2023-11-10T12:13:40.924-0800][78024556ms] GC(26663) Old regions: 1467->1467
[2023-11-10T12:13:40.924-0800][78024556ms] GC(26663) Humongous regions: 5->5
[2023-11-10T12:13:40.924-0800][78024556ms] GC(26663) Metaspace: 305050K->305050K(1349632K)
[2023-11-10T12:13:40.924-0800][78024556ms] GC(26663) Pause Young (Normal) (G1 Evacuation Pause) 3234M->2944M(3602M) 5.002ms
[2023-11-10T12:13:40.924-0800][78024556ms] GC(26663) User=0.00s Sys=0.00s Real=0.01s
[2023-11-10T12:13:41.179-0800][78024811ms] GC(26664) Pause Young (Normal) (G1 Evacuation Pause)
[2023-11-10T12:13:41.179-0800][78024811ms] GC(26664) Using 10 workers of 10 for evacuation
[2023-11-10T12:13:41.183-0800][78024815ms] GC(26664)   Pre Evacuate Collection Set: 0.0ms
[2023-11-10T12:13:41.183-0800][78024815ms] GC(26664)   Evacuate Collection Set: 1.7ms
[2023-11-10T12:13:41.183-0800][78024815ms] GC(26664)   Post Evacuate Collection Set: 3.2ms
[2023-11-10T12:13:41.183-0800][78024815ms] GC(26664)   Other: 0.2ms
[2023-11-10T12:13:41.183-0800][78024815ms] GC(26664) Eden regions: 145->0(145)
[2023-11-10T12:13:41.183-0800][78024815ms] GC(26664) Survivor regions: 1->1(19)
[2023-11-10T12:13:41.183-0800][78024815ms] GC(26664) Old regions: 1467->1467
[2023-11-10T12:13:41.183-0800][78024815ms] GC(26664) Humongous regions: 5->5
[2023-11-10T12:13:41.183-0800][78024815ms] GC(26664) Metaspace: 305050K->305050K(1349632K)
[2023-11-10T12:13:41.184-0800][78024816ms] GC(26664) Pause Young (Normal) (G1 Evacuation Pause) 3234M->2944M(3602M) 5.241ms
[2023-11-10T12:13:41.184-0800][78024816ms] GC(26664) User=0.00s Sys=0.00s Real=0.01s
[2023-11-10T12:13:41.447-0800][78025079ms] GC(26665) Pause Young (Normal) (G1 Evacuation Pause)
[2023-11-10T12:13:41.447-0800][78025079ms] GC(26665) Using 10 workers of 10 for evacuation
[2023-11-10T12:13:41.453-0800][78025085ms] GC(26665)   Pre Evacuate Collection Set: 0.0ms
[2023-11-10T12:13:41.453-0800][78025085ms] GC(26665)   Evacuate Collection Set: 2.3ms
[2023-11-10T12:13:41.453-0800][78025085ms] GC(26665)   Post Evacuate Collection Set: 3.9ms
[2023-11-10T12:13:41.453-0800][78025085ms] GC(26665)   Other: 0.3ms
[2023-11-10T12:13:41.453-0800][78025085ms] GC(26665) Eden regions: 145->0(145)
[2023-11-10T12:13:41.453-0800][78025085ms] GC(26665) Survivor regions: 1->1(19)
[2023-11-10T12:13:41.453-0800][78025085ms] GC(26665) Old regions: 1467->1467
[2023-11-10T12:13:41.453-0800][78025085ms] GC(26665) Humongous regions: 5->5
[2023-11-10T12:13:41.453-0800][78025085ms] GC(26665) Metaspace: 305050K->305050K(1349632K)
[2023-11-10T12:13:41.453-0800][78025085ms] GC(26665) Pause Young (Normal) (G1 Evacuation Pause) 3234M->2944M(3602M) 6.566ms
[2023-11-10T12:13:41.453-0800][78025085ms] GC(26665) User=0.00s Sys=0.00s Real=0.01s
[2023-11-10T12:13:41.743-0800][78025375ms] GC(26666) Pause Young (Normal) (G1 Evacuation Pause)
[2023-11-10T12:13:41.743-0800][78025375ms] GC(26666) Using 10 workers of 10 for evacuation
[2023-11-10T12:13:41.748-0800][78025380ms] GC(26666)   Pre Evacuate Collection Set: 0.0ms
[2023-11-10T12:13:41.748-0800][78025380ms] GC(26666)   Evacuate Collection Set: 1.6ms
[2023-11-10T12:13:41.748-0800][78025380ms] GC(26666)   Post Evacuate Collection Set: 3.2ms
[2023-11-10T12:13:41.748-0800][78025380ms] GC(26666)   Other: 0.3ms
[2023-11-10T12:13:41.748-0800][78025380ms] GC(26666) Eden regions: 145->0(145)
[2023-11-10T12:13:41.748-0800][78025380ms] GC(26666) Survivor regions: 1->1(19)
[2023-11-10T12:13:41.748-0800][78025380ms] GC(26666) Old regions: 1467->1467
[2023-11-10T12:13:41.748-0800][78025380ms] GC(26666) Humongous regions: 5->5
[2023-11-10T12:13:41.748-0800][78025380ms] GC(26666) Metaspace: 305050K->305050K(1349632K)
[2023-11-10T12:13:41.748-0800][78025380ms] GC(26666) Pause Young (Normal) (G1 Evacuation Pause) 3234M->2944M(3602M) 5.170ms
[2023-11-10T12:13:41.748-0800][78025380ms] GC(26666) User=0.00s Sys=0.00s Real=0.00s
[2023-11-10T12:13:42.003-0800][78025635ms] GC(26667) Pause Young (Normal) (G1 Evacuation Pause)
[2023-11-10T12:13:42.003-0800][78025635ms] GC(26667) Using 10 workers of 10 for evacuation
[2023-11-10T12:13:42.007-0800][78025639ms] GC(26667)   Pre Evacuate Collection Set: 0.0ms
[2023-11-10T12:13:42.007-0800][78025639ms] GC(26667)   Evacuate Collection Set: 1.7ms
[2023-11-10T12:13:42.007-0800][78025639ms] GC(26667)   Post Evacuate Collection Set: 3.0ms
[2023-11-10T12:13:42.007-0800][78025639ms] GC(26667)   Other: 0.2ms
[2023-11-10T12:13:42.007-0800][78025639ms] GC(26667) Eden regions: 145->0(145)
[2023-11-10T12:13:42.007-0800][78025639ms] GC(26667) Survivor regions: 1->1(19)
[2023-11-10T12:13:42.007-0800][78025639ms] GC(26667) Old regions: 1467->1467
[2023-11-10T12:13:42.007-0800][78025639ms] GC(26667) Humongous regions: 5->5
[2023-11-10T12:13:42.007-0800][78025639ms] GC(26667) Metaspace: 305050K->305050K(1349632K)
[2023-11-10T12:13:42.007-0800][78025639ms] GC(26667) Pause Young (Normal) (G1 Evacuation Pause) 3234M->2944M(3602M) 5.011ms
[2023-11-10T12:13:42.008-0800][78025640ms] GC(26667) User=0.02s Sys=0.00s Real=0.00s
[2023-11-10T12:13:42.253-0800][78025885ms] GC(26668) Pause Young (Normal) (G1 Evacuation Pause)
[2023-11-10T12:13:42.253-0800][78025885ms] GC(26668) Using 10 workers of 10 for evacuation
[2023-11-10T12:13:42.257-0800][78025889ms] GC(26668)   Pre Evacuate Collection Set: 0.0ms
[2023-11-10T12:13:42.259-0800][78025891ms] GC(26668)   Evacuate Collection Set: 1.6ms
[2023-11-10T12:13:42.259-0800][78025891ms] GC(26668)   Post Evacuate Collection Set: 2.8ms
[2023-11-10T12:13:42.259-0800][78025891ms] GC(26668)   Other: 0.3ms
[2023-11-10T12:13:42.259-0800][78025891ms] GC(26668) Eden regions: 145->0(145)
[2023-11-10T12:13:42.259-0800][78025891ms] GC(26668) Survivor regions: 1->1(19)
[2023-11-10T12:13:42.259-0800][78025891ms] GC(26668) Old regions: 1467->1467
[2023-11-10T12:13:42.259-0800][78025891ms] GC(26668) Humongous regions: 5->5
[2023-11-10T12:13:42.259-0800][78025891ms] GC(26668) Metaspace: 305050K->305050K(1349632K)
[2023-11-10T12:13:42.259-0800][78025891ms] GC(26668) Pause Young (Normal) (G1 Evacuation Pause) 3234M->2944M(3602M) 4.842ms
[2023-11-10T12:13:42.259-0800][78025891ms] GC(26668) User=0.02s Sys=0.00s Real=0.01s
[2023-11-10T12:13:42.509-0800][78026141ms] GC(26669) Pause Young (Normal) (G1 Evacuation Pause)
[2023-11-10T12:13:42.509-0800][78026141ms] GC(26669) Using 10 workers of 10 for evacuation
[2023-11-10T12:13:42.514-0800][78026146ms] GC(26669)   Pre Evacuate Collection Set: 0.0ms
[2023-11-10T12:13:42.514-0800][78026146ms] GC(26669)   Evacuate Collection Set: 1.7ms
[2023-11-10T12:13:42.514-0800][78026146ms] GC(26669)   Post Evacuate Collection Set: 3.0ms
[2023-11-10T12:13:42.514-0800][78026146ms] GC(26669)   Other: 0.3ms
[2023-11-10T12:13:42.514-0800][78026146ms] GC(26669) Eden regions: 145->0(145)
[2023-11-10T12:13:42.514-0800][78026146ms] GC(26669) Survivor regions: 1->1(19)
[2023-11-10T12:13:42.514-0800][78026146ms] GC(26669) Old regions: 1467->1467
[2023-11-10T12:13:42.514-0800][78026146ms] GC(26669) Humongous regions: 5->5
[2023-11-10T12:13:42.514-0800][78026146ms] GC(26669) Metaspace: 305050K->305050K(1349632K)
[2023-11-10T12:13:42.514-0800][78026146ms] GC(26669) Pause Young (Normal) (G1 Evacuation Pause) 3234M->2944M(3602M) 5.039ms
[2023-11-10T12:13:42.514-0800][78026146ms] GC(26669) User=0.00s Sys=0.00s Real=0.00s
[2023-11-10T12:13:42.771-0800][78026403ms] GC(26670) Pause Young (Normal) (G1 Evacuation Pause)
[2023-11-10T12:13:42.771-0800][78026403ms] GC(26670) Using 10 workers of 10 for evacuation
[2023-11-10T12:13:42.777-0800][78026409ms] GC(26670)   Pre Evacuate Collection Set: 0.1ms
[2023-11-10T12:13:42.777-0800][78026409ms] GC(26670)   Evacuate Collection Set: 1.6ms
[2023-11-10T12:13:42.777-0800][78026409ms] GC(26670)   Post Evacuate Collection Set: 3.3ms
[2023-11-10T12:13:42.777-0800][78026409ms] GC(26670)   Other: 0.3ms
[2023-11-10T12:13:42.777-0800][78026409ms] GC(26670) Eden regions: 145->0(146)
[2023-11-10T12:13:42.777-0800][78026409ms] GC(26670) Survivor regions: 1->1(19)
[2023-11-10T12:13:42.777-0800][78026409ms] GC(26670) Old regions: 1467->1467
[2023-11-10T12:13:42.777-0800][78026409ms] GC(26670) Humongous regions: 5->5
[2023-11-10T12:13:42.777-0800][78026409ms] GC(26670) Metaspace: 305050K->305050K(1349632K)
[2023-11-10T12:13:42.777-0800][78026409ms] GC(26670) Pause Young (Normal) (G1 Evacuation Pause) 3234M->2944M(3602M) 5.332ms
[2023-11-10T12:13:42.777-0800][78026409ms] GC(26670) User=0.02s Sys=0.00s Real=0.01s
[2023-11-10T12:13:43.039-0800][78026671ms] GC(26671) Pause Young (Normal) (G1 Evacuation Pause)
[2023-11-10T12:13:43.039-0800][78026671ms] GC(26671) Using 10 workers of 10 for evacuation
[2023-11-10T12:13:43.044-0800][78026676ms] GC(26671)   Pre Evacuate Collection Set: 0.0ms
[2023-11-10T12:13:43.044-0800][78026676ms] GC(26671)   Evacuate Collection Set: 1.6ms
[2023-11-10T12:13:43.044-0800][78026676ms] GC(26671)   Post Evacuate Collection Set: 3.0ms
[2023-11-10T12:13:43.044-0800][78026676ms] GC(26671)   Other: 0.2ms
[2023-11-10T12:13:43.044-0800][78026676ms] GC(26671) Eden regions: 146->0(146)
[2023-11-10T12:13:43.044-0800][78026676ms] GC(26671) Survivor regions: 1->1(19)
[2023-11-10T12:13:43.044-0800][78026676ms] GC(26671) Old regions: 1467->1467
[2023-11-10T12:13:43.044-0800][78026676ms] GC(26671) Humongous regions: 5->5
[2023-11-10T12:13:43.044-0800][78026676ms] GC(26671) Metaspace: 305050K->305050K(1349632K)
[2023-11-10T12:13:43.044-0800][78026676ms] GC(26671) Pause Young (Normal) (G1 Evacuation Pause) 3236M->2944M(3602M) 4.947ms
[2023-11-10T12:13:43.044-0800][78026676ms] GC(26671) User=0.00s Sys=0.00s Real=0.00s
[2023-11-10T12:13:43.291-0800][78026923ms] GC(26672) Pause Young (Normal) (G1 Evacuation Pause)
[2023-11-10T12:13:43.291-0800][78026923ms] GC(26672) Using 10 workers of 10 for evacuation
[2023-11-10T12:13:43.295-0800][78026927ms] GC(26672)   Pre Evacuate Collection Set: 0.0ms
[2023-11-10T12:13:43.295-0800][78026927ms] GC(26672)   Evacuate Collection Set: 1.7ms
[2023-11-10T12:13:43.295-0800][78026927ms] GC(26672)   Post Evacuate Collection Set: 3.2ms
[2023-11-10T12:13:43.295-0800][78026927ms] GC(26672)   Other: 0.3ms
[2023-11-10T12:13:43.295-0800][78026927ms] GC(26672) Eden regions: 146->0(146)
[2023-11-10T12:13:43.295-0800][78026927ms] GC(26672) Survivor regions: 1->1(19)
[2023-11-10T12:13:43.295-0800][78026927ms] GC(26672) Old regions: 1467->1467
[2023-11-10T12:13:43.295-0800][78026927ms] GC(26672) Humongous regions: 5->5
[2023-11-10T12:13:43.295-0800][78026927ms] GC(26672) Metaspace: 305050K->305050K(1349632K)
[2023-11-10T12:13:43.295-0800][78026927ms] GC(26672) Pause Young (Normal) (G1 Evacuation Pause) 3236M->2944M(3602M) 5.253ms
[2023-11-10T12:13:43.295-0800][78026927ms] GC(26672) User=0.00s Sys=0.00s Real=0.00s
[2023-11-10T12:13:43.541-0800][78027173ms] GC(26673) Pause Young (Normal) (G1 Evacuation Pause)
[2023-11-10T12:13:43.541-0800][78027173ms] GC(26673) Using 10 workers of 10 for evacuation
[2023-11-10T12:13:43.543-0800][78027175ms] GC(26673)   Pre Evacuate Collection Set: 0.0ms
[2023-11-10T12:13:43.543-0800][78027175ms] GC(26673)   Evacuate Collection Set: 1.7ms
[2023-11-10T12:13:43.543-0800][78027175ms] GC(26673)   Post Evacuate Collection Set: 3.2ms
[2023-11-10T12:13:43.543-0800][78027175ms] GC(26673)   Other: 0.2ms
[2023-11-10T12:13:43.543-0800][78027175ms] GC(26673) Eden regions: 146->0(146)
[2023-11-10T12:13:43.543-0800][78027175ms] GC(26673) Survivor regions: 1->1(19)
[2023-11-10T12:13:43.543-0800][78027175ms] GC(26673) Old regions: 1467->1467
[2023-11-10T12:13:43.543-0800][78027175ms] GC(26673) Humongous regions: 5->5
[2023-11-10T12:13:43.543-0800][78027175ms] GC(26673) Metaspace: 305050K->305050K(1349632K)
[2023-11-10T12:13:43.543-0800][78027175ms] GC(26673) Pause Young (Normal) (G1 Evacuation Pause) 3236M->2944M(3602M) 5.175ms
[2023-11-10T12:13:43.543-0800][78027175ms] GC(26673) User=0.00s Sys=0.00s Real=0.00s
[2023-11-10T12:13:43.815-0800][78027447ms] GC(26674) Pause Young (Normal) (G1 Evacuation Pause)
[2023-11-10T12:13:43.815-0800][78027447ms] GC(26674) Using 10 workers of 10 for evacuation
[2023-11-10T12:13:43.821-0800][78027453ms] GC(26674)   Pre Evacuate Collection Set: 0.0ms
[2023-11-10T12:13:43.821-0800][78027453ms] GC(26674)   Evacuate Collection Set: 1.7ms
[2023-11-10T12:13:43.821-0800][78027453ms] GC(26674)   Post Evacuate Collection Set: 3.0ms
[2023-11-10T12:13:43.821-0800][78027453ms] GC(26674)   Other: 0.2ms
[2023-11-10T12:13:43.821-0800][78027453ms] GC(26674) Eden regions: 146->0(146)
[2023-11-10T12:13:43.821-0800][78027453ms] GC(26674) Survivor regions: 1->1(19)
[2023-11-10T12:13:43.821-0800][78027453ms] GC(26674) Old regions: 1467->1467
[2023-11-10T12:13:43.821-0800][78027453ms] GC(26674) Humongous regions: 5->5
[2023-11-10T12:13:43.821-0800][78027453ms] GC(26674) Metaspace: 305050K->305050K(1349632K)
[2023-11-10T12:13:43.821-0800][78027453ms] GC(26674) Pause Young (Normal) (G1 Evacuation Pause) 3236M->2944M(3602M) 4.999ms
[2023-11-10T12:13:43.821-0800][78027453ms] GC(26674) User=0.02s Sys=0.00s Real=0.01s
[2023-11-10T12:13:44.072-0800][78027704ms] GC(26675) Pause Young (Normal) (G1 Evacuation Pause)
[2023-11-10T12:13:44.072-0800][78027704ms] GC(26675) Using 10 workers of 10 for evacuation
[2023-11-10T12:13:44.077-0800][78027709ms] GC(26675)   Pre Evacuate Collection Set: 0.0ms
[2023-11-10T12:13:44.077-0800][78027709ms] GC(26675)   Evacuate Collection Set: 1.7ms
[2023-11-10T12:13:44.077-0800][78027709ms] GC(26675)   Post Evacuate Collection Set: 3.2ms
[2023-11-10T12:13:44.077-0800][78027709ms] GC(26675)   Other: 0.3ms
[2023-11-10T12:13:44.077-0800][78027709ms] GC(26675) Eden regions: 146->0(146)
[2023-11-10T12:13:44.078-0800][78027710ms] GC(26675) Survivor regions: 1->1(19)
[2023-11-10T12:13:44.078-0800][78027710ms] GC(26675) Old regions: 1467->1467
[2023-11-10T12:13:44.078-0800][78027710ms] GC(26675) Humongous regions: 5->5
[2023-11-10T12:13:44.078-0800][78027710ms] GC(26675) Metaspace: 305050K->305050K(1349632K)
[2023-11-10T12:13:44.078-0800][78027710ms] GC(26675) Pause Young (Normal) (G1 Evacuation Pause) 3236M->2944M(3602M) 5.307ms
[2023-11-10T12:13:44.078-0800][78027710ms] GC(26675) User=0.00s Sys=0.00s Real=0.01s
[2023-11-10T12:13:44.331-0800][78027963ms] GC(26676) Pause Young (Normal) (G1 Evacuation Pause)
[2023-11-10T12:13:44.331-0800][78027963ms] GC(26676) Using 10 workers of 10 for evacuation
[2023-11-10T12:13:44.337-0800][78027969ms] GC(26676)   Pre Evacuate Collection Set: 0.0ms
[2023-11-10T12:13:44.337-0800][78027969ms] GC(26676)   Evacuate Collection Set: 1.8ms
[2023-11-10T12:13:44.337-0800][78027969ms] GC(26676)   Post Evacuate Collection Set: 3.2ms
[2023-11-10T12:13:44.337-0800][78027969ms] GC(26676)   Other: 0.3ms
[2023-11-10T12:13:44.337-0800][78027969ms] GC(26676) Eden regions: 146->0(146)
[2023-11-10T12:13:44.337-0800][78027969ms] GC(26676) Survivor regions: 1->1(19)
[2023-11-10T12:13:44.337-0800][78027969ms] GC(26676) Old regions: 1467->1467
[2023-11-10T12:13:44.337-0800][78027969ms] GC(26676) Humongous regions: 5->5
[2023-11-10T12:13:44.337-0800][78027969ms] GC(26676) Metaspace: 305050K->305050K(1349632K)
[2023-11-10T12:13:44.337-0800][78027969ms] GC(26676) Pause Young (Normal) (G1 Evacuation Pause) 3236M->2944M(3602M) 5.446ms
[2023-11-10T12:13:44.337-0800][78027969ms] GC(26676) User=0.00s Sys=0.00s Real=0.01s
[2023-11-10T12:13:44.587-0800][78028219ms] GC(26677) Pause Young (Normal) (G1 Evacuation Pause)
[2023-11-10T12:13:44.587-0800][78028219ms] GC(26677) Using 10 workers of 10 for evacuation
[2023-11-10T12:13:44.592-0800][78028224ms] GC(26677)   Pre Evacuate Collection Set: 0.0ms
[2023-11-10T12:13:44.592-0800][78028224ms] GC(26677)   Evacuate Collection Set: 1.6ms
[2023-11-10T12:13:44.592-0800][78028224ms] GC(26677)   Post Evacuate Collection Set: 3.0ms
[2023-11-10T12:13:44.592-0800][78028224ms] GC(26677)   Other: 0.3ms
[2023-11-10T12:13:44.592-0800][78028224ms] GC(26677) Eden regions: 146->0(146)
[2023-11-10T12:13:44.592-0800][78028224ms] GC(26677) Survivor regions: 1->1(19)
[2023-11-10T12:13:44.592-0800][78028224ms] GC(26677) Old regions: 1467->1467
[2023-11-10T12:13:44.592-0800][78028224ms] GC(26677) Humongous regions: 5->5
[2023-11-10T12:13:44.592-0800][78028224ms] GC(26677) Metaspace: 305050K->305050K(1349632K)
[2023-11-10T12:13:44.592-0800][78028224ms] GC(26677) Pause Young (Normal) (G1 Evacuation Pause) 3236M->2944M(3602M) 5.050ms
[2023-11-10T12:13:44.592-0800][78028224ms] GC(26677) User=0.00s Sys=0.00s Real=0.01s
[2023-11-10T12:13:44.848-0800][78028480ms] GC(26678) Pause Young (Normal) (G1 Evacuation Pause)
[2023-11-10T12:13:44.848-0800][78028480ms] GC(26678) Using 10 workers of 10 for evacuation
[2023-11-10T12:13:44.853-0800][78028485ms] GC(26678)   Pre Evacuate Collection Set: 0.0ms
[2023-11-10T12:13:44.853-0800][78028485ms] GC(26678)   Evacuate Collection Set: 1.7ms
[2023-11-10T12:13:44.853-0800][78028485ms] GC(26678)   Post Evacuate Collection Set: 3.0ms
[2023-11-10T12:13:44.853-0800][78028485ms] GC(26678)   Other: 0.2ms
[2023-11-10T12:13:44.853-0800][78028485ms] GC(26678) Eden regions: 146->0(146)
[2023-11-10T12:13:44.853-0800][78028485ms] GC(26678) Survivor regions: 1->1(19)
[2023-11-10T12:13:44.853-0800][78028485ms] GC(26678) Old regions: 1467->1467
[2023-11-10T12:13:44.853-0800][78028485ms] GC(26678) Humongous regions: 5->5
[2023-11-10T12:13:44.853-0800][78028485ms] GC(26678) Metaspace: 305050K->305050K(1349632K)
[2023-11-10T12:13:44.853-0800][78028485ms] GC(26678) Pause Young (Normal) (G1 Evacuation Pause) 3236M->2944M(3602M) 5.116ms
[2023-11-10T12:13:44.853-0800][78028485ms] GC(26678) User=0.00s Sys=0.00s Real=0.00s
[2023-11-10T12:13:45.107-0800][78028739ms] GC(26679) Pause Young (Normal) (G1 Evacuation Pause)
[2023-11-10T12:13:45.107-0800][78028739ms] GC(26679) Using 10 workers of 10 for evacuation
[2023-11-10T12:13:45.112-0800][78028744ms] GC(26679)   Pre Evacuate Collection Set: 0.0ms
[2023-11-10T12:13:45.112-0800][78028744ms] GC(26679)   Evacuate Collection Set: 1.6ms
[2023-11-10T12:13:45.112-0800][78028744ms] GC(26679)   Post Evacuate Collection Set: 3.0ms
[2023-11-10T12:13:45.112-0800][78028744ms] GC(26679)   Other: 0.2ms
[2023-11-10T12:13:45.112-0800][78028744ms] GC(26679) Eden regions: 146->0(146)
[2023-11-10T12:13:45.112-0800][78028744ms] GC(26679) Survivor regions: 1->1(19)
[2023-11-10T12:13:45.112-0800][78028744ms] GC(26679) Old regions: 1467->1467
[2023-11-10T12:13:45.112-0800][78028744ms] GC(26679) Humongous regions: 5->5
[2023-11-10T12:13:45.112-0800][78028744ms] GC(26679) Metaspace: 305050K->305050K(1349632K)
[2023-11-10T12:13:45.112-0800][78028744ms] GC(26679) Pause Young (Normal) (G1 Evacuation Pause) 3236M->2944M(3602M) 4.933ms
[2023-11-10T12:13:45.112-0800][78028744ms] GC(26679) User=0.00s Sys=0.00s Real=0.00s
[2023-11-10T12:13:45.362-0800][78028994ms] GC(26680) Pause Young (Normal) (G1 Evacuation Pause)
[2023-11-10T12:13:45.362-0800][78028994ms] GC(26680) Using 10 workers of 10 for evacuation
[2023-11-10T12:13:45.367-0800][78028999ms] GC(26680)   Pre Evacuate Collection Set: 0.1ms
[2023-11-10T12:13:45.367-0800][78028999ms] GC(26680)   Evacuate Collection Set: 1.7ms
[2023-11-10T12:13:45.367-0800][78028999ms] GC(26680)   Post Evacuate Collection Set: 3.1ms
[2023-11-10T12:13:45.367-0800][78028999ms] GC(26680)   Other: 0.2ms
[2023-11-10T12:13:45.367-0800][78028999ms] GC(26680) Eden regions: 146->0(146)
[2023-11-10T12:13:45.367-0800][78028999ms] GC(26680) Survivor regions: 1->1(19)
[2023-11-10T12:13:45.367-0800][78028999ms] GC(26680) Old regions: 1467->1467
[2023-11-10T12:13:45.367-0800][78028999ms] GC(26680) Humongous regions: 5->5
[2023-11-10T12:13:45.367-0800][78028999ms] GC(26680) Metaspace: 305050K->305050K(1349632K)
[2023-11-10T12:13:45.367-0800][78028999ms] GC(26680) Pause Young (Normal) (G1 Evacuation Pause) 3236M->2944M(3602M) 5.173ms
[2023-11-10T12:13:45.368-0800][78029000ms] GC(26680) User=0.02s Sys=0.00s Real=0.01s
[2023-11-10T12:13:45.619-0800][78029251ms] GC(26681) Pause Young (Normal) (G1 Evacuation Pause)
[2023-11-10T12:13:45.620-0800][78029252ms] GC(26681) Using 10 workers of 10 for evacuation
[2023-11-10T12:13:45.625-0800][78029257ms] GC(26681)   Pre Evacuate Collection Set: 0.0ms
[2023-11-10T12:13:45.625-0800][78029257ms] GC(26681)   Evacuate Collection Set: 2.2ms
[2023-11-10T12:13:45.625-0800][78029257ms] GC(26681)   Post Evacuate Collection Set: 3.1ms
[2023-11-10T12:13:45.625-0800][78029257ms] GC(26681)   Other: 0.2ms
[2023-11-10T12:13:45.625-0800][78029257ms] GC(26681) Eden regions: 146->0(146)
[2023-11-10T12:13:45.625-0800][78029257ms] GC(26681) Survivor regions: 1->1(19)
[2023-11-10T12:13:45.625-0800][78029257ms] GC(26681) Old regions: 1467->1467
[2023-11-10T12:13:45.625-0800][78029257ms] GC(26681) Humongous regions: 5->5
[2023-11-10T12:13:45.625-0800][78029257ms] GC(26681) Metaspace: 305050K->305050K(1349632K)
[2023-11-10T12:13:45.625-0800][78029257ms] GC(26681) Pause Young (Normal) (G1 Evacuation Pause) 3236M->2944M(3602M) 5.637ms
[2023-11-10T12:13:45.625-0800][78029257ms] GC(26681) User=0.00s Sys=0.00s Real=0.01s
[2023-11-10T12:13:45.873-0800][78029505ms] GC(26682) Pause Young (Normal) (G1 Evacuation Pause)
[2023-11-10T12:13:45.873-0800][78029505ms] GC(26682) Using 10 workers of 10 for evacuation
[2023-11-10T12:13:45.878-0800][78029510ms] GC(26682)   Pre Evacuate Collection Set: 0.0ms
[2023-11-10T12:13:45.878-0800][78029510ms] GC(26682)   Evacuate Collection Set: 1.7ms
[2023-11-10T12:13:45.878-0800][78029510ms] GC(26682)   Post Evacuate Collection Set: 2.9ms
[2023-11-10T12:13:45.878-0800][78029510ms] GC(26682)   Other: 0.2ms
[2023-11-10T12:13:45.878-0800][78029510ms] GC(26682) Eden regions: 146->0(146)
[2023-11-10T12:13:45.878-0800][78029510ms] GC(26682) Survivor regions: 1->1(19)
[2023-11-10T12:13:45.878-0800][78029510ms] GC(26682) Old regions: 1467->1467
[2023-11-10T12:13:45.878-0800][78029510ms] GC(26682) Humongous regions: 5->5
[2023-11-10T12:13:45.878-0800][78029510ms] GC(26682) Metaspace: 305050K->305050K(1349632K)
[2023-11-10T12:13:45.878-0800][78029510ms] GC(26682) Pause Young (Normal) (G1 Evacuation Pause) 3236M->2944M(3602M) 5.037ms
[2023-11-10T12:13:45.878-0800][78029510ms] GC(26682) User=0.00s Sys=0.00s Real=0.01s
[2023-11-10T12:13:46.122-0800][78029754ms] GC(26683) Pause Young (Normal) (G1 Evacuation Pause)
[2023-11-10T12:13:46.122-0800][78029754ms] GC(26683) Using 10 workers of 10 for evacuation
[2023-11-10T12:13:46.127-0800][78029759ms] GC(26683)   Pre Evacuate Collection Set: 0.0ms
[2023-11-10T12:13:46.127-0800][78029759ms] GC(26683)   Evacuate Collection Set: 1.7ms
[2023-11-10T12:13:46.127-0800][78029759ms] GC(26683)   Post Evacuate Collection Set: 3.1ms
[2023-11-10T12:13:46.127-0800][78029759ms] GC(26683)   Other: 0.3ms
[2023-11-10T12:13:46.127-0800][78029759ms] GC(26683) Eden regions: 146->0(146)
[2023-11-10T12:13:46.127-0800][78029759ms] GC(26683) Survivor regions: 1->1(19)
[2023-11-10T12:13:46.127-0800][78029759ms] GC(26683) Old regions: 1467->1467
[2023-11-10T12:13:46.127-0800][78029759ms] GC(26683) Humongous regions: 5->5
[2023-11-10T12:13:46.127-0800][78029759ms] GC(26683) Metaspace: 305050K->305050K(1349632K)
[2023-11-10T12:13:46.127-0800][78029759ms] GC(26683) Pause Young (Normal) (G1 Evacuation Pause) 3236M->2944M(3602M) 5.222ms
[2023-11-10T12:13:46.127-0800][78029759ms] GC(26683) User=0.00s Sys=0.00s Real=0.01s
[2023-11-10T12:13:46.382-0800][78030014ms] GC(26684) Pause Young (Normal) (G1 Evacuation Pause)
[2023-11-10T12:13:46.382-0800][78030014ms] GC(26684) Using 10 workers of 10 for evacuation
[2023-11-10T12:13:46.387-0800][78030019ms] GC(26684)   Pre Evacuate Collection Set: 0.0ms
[2023-11-10T12:13:46.387-0800][78030019ms] GC(26684)   Evacuate Collection Set: 1.6ms
[2023-11-10T12:13:46.387-0800][78030019ms] GC(26684)   Post Evacuate Collection Set: 3.1ms
[2023-11-10T12:13:46.387-0800][78030019ms] GC(26684)   Other: 0.3ms
[2023-11-10T12:13:46.387-0800][78030019ms] GC(26684) Eden regions: 146->0(146)
[2023-11-10T12:13:46.387-0800][78030019ms] GC(26684) Survivor regions: 1->1(19)
[2023-11-10T12:13:46.387-0800][78030019ms] GC(26684) Old regions: 1467->1467
[2023-11-10T12:13:46.387-0800][78030019ms] GC(26684) Humongous regions: 5->5
[2023-11-10T12:13:46.387-0800][78030019ms] GC(26684) Metaspace: 305050K->305050K(1349632K)
[2023-11-10T12:13:46.387-0800][78030019ms] GC(26684) Pause Young (Normal) (G1 Evacuation Pause) 3236M->2944M(3602M) 5.113ms
[2023-11-10T12:13:46.387-0800][78030019ms] GC(26684) User=0.00s Sys=0.00s Real=0.01s
[2023-11-10T12:13:46.629-0800][78030261ms] GC(26685) Pause Young (Normal) (G1 Evacuation Pause)
[2023-11-10T12:13:46.629-0800][78030261ms] GC(26685) Using 10 workers of 10 for evacuation
[2023-11-10T12:13:46.634-0800][78030266ms] GC(26685)   Pre Evacuate Collection Set: 0.0ms
[2023-11-10T12:13:46.634-0800][78030266ms] GC(26685)   Evacuate Collection Set: 2.0ms
[2023-11-10T12:13:46.634-0800][78030266ms] GC(26685)   Post Evacuate Collection Set: 3.1ms
[2023-11-10T12:13:46.634-0800][78030266ms] GC(26685)   Other: 0.2ms
[2023-11-10T12:13:46.634-0800][78030266ms] GC(26685) Eden regions: 146->0(146)
[2023-11-10T12:13:46.634-0800][78030266ms] GC(26685) Survivor regions: 1->1(19)
[2023-11-10T12:13:46.634-0800][78030266ms] GC(26685) Old regions: 1467->1467
[2023-11-10T12:13:46.634-0800][78030266ms] GC(26685) Humongous regions: 5->5
[2023-11-10T12:13:46.634-0800][78030266ms] GC(26685) Metaspace: 305050K->305050K(1349632K)
[2023-11-10T12:13:46.634-0800][78030266ms] GC(26685) Pause Young (Normal) (G1 Evacuation Pause) 3236M->2944M(3602M) 5.509ms
[2023-11-10T12:13:46.634-0800][78030266ms] GC(26685) User=0.02s Sys=0.00s Real=0.01s
[2023-11-10T12:13:46.884-0800][78030516ms] GC(26686) Pause Young (Normal) (G1 Evacuation Pause)
[2023-11-10T12:13:46.884-0800][78030516ms] GC(26686) Using 10 workers of 10 for evacuation
[2023-11-10T12:13:46.889-0800][78030521ms] GC(26686)   Pre Evacuate Collection Set: 0.0ms
[2023-11-10T12:13:46.889-0800][78030521ms] GC(26686)   Evacuate Collection Set: 1.7ms
[2023-11-10T12:13:46.889-0800][78030521ms] GC(26686)   Post Evacuate Collection Set: 3.2ms
[2023-11-10T12:13:46.889-0800][78030521ms] GC(26686)   Other: 0.2ms
[2023-11-10T12:13:46.889-0800][78030521ms] GC(26686) Eden regions: 146->0(145)
[2023-11-10T12:13:46.889-0800][78030521ms] GC(26686) Survivor regions: 1->1(19)
[2023-11-10T12:13:46.889-0800][78030521ms] GC(26686) Old regions: 1467->1468
[2023-11-10T12:13:46.889-0800][78030521ms] GC(26686) Humongous regions: 5->5
[2023-11-10T12:13:46.889-0800][78030521ms] GC(26686) Metaspace: 305050K->305050K(1349632K)
[2023-11-10T12:13:46.889-0800][78030521ms] GC(26686) Pause Young (Normal) (G1 Evacuation Pause) 3236M->2944M(3602M) 5.300ms
[2023-11-10T12:13:46.889-0800][78030521ms] GC(26686) User=0.00s Sys=0.00s Real=0.00s
[2023-11-10T12:13:47.135-0800][78030767ms] GC(26687) Pause Young (Normal) (G1 Evacuation Pause)
[2023-11-10T12:13:47.135-0800][78030767ms] GC(26687) Using 10 workers of 10 for evacuation
[2023-11-10T12:13:47.141-0800][78030773ms] GC(26687)   Pre Evacuate Collection Set: 0.0ms
[2023-11-10T12:13:47.141-0800][78030773ms] GC(26687)   Evacuate Collection Set: 1.8ms
[2023-11-10T12:13:47.141-0800][78030773ms] GC(26687)   Post Evacuate Collection Set: 3.4ms
[2023-11-10T12:13:47.141-0800][78030773ms] GC(26687)   Other: 0.3ms
[2023-11-10T12:13:47.141-0800][78030773ms] GC(26687) Eden regions: 145->0(145)
[2023-11-10T12:13:47.141-0800][78030773ms] GC(26687) Survivor regions: 1->1(19)
[2023-11-10T12:13:47.141-0800][78030773ms] GC(26687) Old regions: 1468->1468
[2023-11-10T12:13:47.141-0800][78030773ms] GC(26687) Humongous regions: 5->5
[2023-11-10T12:13:47.141-0800][78030773ms] GC(26687) Metaspace: 305050K->305050K(1349632K)
[2023-11-10T12:13:47.141-0800][78030773ms] GC(26687) Pause Young (Normal) (G1 Evacuation Pause) 3234M->2944M(3602M) 5.650ms
[2023-11-10T12:13:47.141-0800][78030773ms] GC(26687) User=0.00s Sys=0.00s Real=0.01s
[2023-11-10T12:13:47.389-0800][78031021ms] GC(26688) Pause Young (Normal) (G1 Evacuation Pause)
[2023-11-10T12:13:47.389-0800][78031021ms] GC(26688) Using 10 workers of 10 for evacuation
[2023-11-10T12:13:47.395-0800][78031027ms] GC(26688)   Pre Evacuate Collection Set: 0.0ms
[2023-11-10T12:13:47.395-0800][78031027ms] GC(26688)   Evacuate Collection Set: 1.7ms
[2023-11-10T12:13:47.395-0800][78031027ms] GC(26688)   Post Evacuate Collection Set: 3.0ms
[2023-11-10T12:13:47.395-0800][78031027ms] GC(26688)   Other: 0.2ms
[2023-11-10T12:13:47.395-0800][78031027ms] GC(26688) Eden regions: 145->0(145)
[2023-11-10T12:13:47.395-0800][78031027ms] GC(26688) Survivor regions: 1->1(19)
[2023-11-10T12:13:47.395-0800][78031027ms] GC(26688) Old regions: 1468->1468
[2023-11-10T12:13:47.395-0800][78031027ms] GC(26688) Humongous regions: 5->5
[2023-11-10T12:13:47.395-0800][78031027ms] GC(26688) Metaspace: 305050K->305050K(1349632K)
[2023-11-10T12:13:47.395-0800][78031027ms] GC(26688) Pause Young (Normal) (G1 Evacuation Pause) 3234M->2944M(3602M) 5.083ms
[2023-11-10T12:13:47.395-0800][78031027ms] GC(26688) User=0.00s Sys=0.00s Real=0.01s
[2023-11-10T12:13:47.635-0800][78031267ms] GC(26689) Pause Young (Normal) (G1 Evacuation Pause)
[2023-11-10T12:13:47.635-0800][78031267ms] GC(26689) Using 10 workers of 10 for evacuation
[2023-11-10T12:13:47.640-0800][78031272ms] GC(26689)   Pre Evacuate Collection Set: 0.0ms
[2023-11-10T12:13:47.640-0800][78031272ms] GC(26689)   Evacuate Collection Set: 1.7ms
[2023-11-10T12:13:47.640-0800][78031272ms] GC(26689)   Post Evacuate Collection Set: 2.8ms
[2023-11-10T12:13:47.640-0800][78031272ms] GC(26689)   Other: 0.3ms
[2023-11-10T12:13:47.640-0800][78031272ms] GC(26689) Eden regions: 145->0(145)
[2023-11-10T12:13:47.640-0800][78031272ms] GC(26689) Survivor regions: 1->1(19)
[2023-11-10T12:13:47.640-0800][78031272ms] GC(26689) Old regions: 1468->1468
[2023-11-10T12:13:47.640-0800][78031272ms] GC(26689) Humongous regions: 5->5
[2023-11-10T12:13:47.640-0800][78031272ms] GC(26689) Metaspace: 305050K->305050K(1349632K)
[2023-11-10T12:13:47.640-0800][78031272ms] GC(26689) Pause Young (Normal) (G1 Evacuation Pause) 3234M->2944M(3602M) 4.862ms
[2023-11-10T12:13:47.640-0800][78031272ms] GC(26689) User=0.00s Sys=0.00s Real=0.01s
[2023-11-10T12:13:47.884-0800][78031516ms] GC(26690) Pause Young (Normal) (G1 Evacuation Pause)
[2023-11-10T12:13:47.884-0800][78031516ms] GC(26690) Using 10 workers of 10 for evacuation
[2023-11-10T12:13:47.890-0800][78031522ms] GC(26690)   Pre Evacuate Collection Set: 0.0ms
[2023-11-10T12:13:47.890-0800][78031522ms] GC(26690)   Evacuate Collection Set: 1.7ms
[2023-11-10T12:13:47.890-0800][78031522ms] GC(26690)   Post Evacuate Collection Set: 3.0ms
[2023-11-10T12:13:47.890-0800][78031522ms] GC(26690)   Other: 0.2ms
[2023-11-10T12:13:47.890-0800][78031522ms] GC(26690) Eden regions: 145->0(145)
[2023-11-10T12:13:47.890-0800][78031522ms] GC(26690) Survivor regions: 1->1(19)
[2023-11-10T12:13:47.890-0800][78031522ms] GC(26690) Old regions: 1468->1468
[2023-11-10T12:13:47.890-0800][78031522ms] GC(26690) Humongous regions: 5->5
[2023-11-10T12:13:47.890-0800][78031522ms] GC(26690) Metaspace: 305050K->305050K(1349632K)
[2023-11-10T12:13:47.890-0800][78031522ms] GC(26690) Pause Young (Normal) (G1 Evacuation Pause) 3234M->2944M(3602M) 5.079ms
[2023-11-10T12:13:47.890-0800][78031522ms] GC(26690) User=0.00s Sys=0.00s Real=0.01s
[2023-11-10T12:13:48.145-0800][78031777ms] GC(26691) Pause Young (Normal) (G1 Evacuation Pause)
[2023-11-10T12:13:48.145-0800][78031777ms] GC(26691) Using 10 workers of 10 for evacuation
[2023-11-10T12:13:48.150-0800][78031782ms] GC(26691)   Pre Evacuate Collection Set: 0.0ms
[2023-11-10T12:13:48.150-0800][78031782ms] GC(26691)   Evacuate Collection Set: 1.7ms
[2023-11-10T12:13:48.150-0800][78031782ms] GC(26691)   Post Evacuate Collection Set: 3.0ms
[2023-11-10T12:13:48.150-0800][78031782ms] GC(26691)   Other: 0.3ms
[2023-11-10T12:13:48.150-0800][78031782ms] GC(26691) Eden regions: 145->0(145)
[2023-11-10T12:13:48.150-0800][78031782ms] GC(26691) Survivor regions: 1->1(19)
[2023-11-10T12:13:48.150-0800][78031782ms] GC(26691) Old regions: 1468->1468
[2023-11-10T12:13:48.150-0800][78031782ms] GC(26691) Humongous regions: 5->5
[2023-11-10T12:13:48.150-0800][78031782ms] GC(26691) Metaspace: 305050K->305050K(1349632K)
[2023-11-10T12:13:48.150-0800][78031782ms] GC(26691) Pause Young (Normal) (G1 Evacuation Pause) 3234M->2944M(3602M) 5.122ms
[2023-11-10T12:13:48.150-0800][78031782ms] GC(26691) User=0.02s Sys=0.00s Real=0.01s
[2023-11-10T12:13:48.401-0800][78032033ms] GC(26692) Pause Young (Normal) (G1 Evacuation Pause)
[2023-11-10T12:13:48.401-0800][78032033ms] GC(26692) Using 10 workers of 10 for evacuation
[2023-11-10T12:13:48.405-0800][78032037ms] GC(26692)   Pre Evacuate Collection Set: 0.0ms
[2023-11-10T12:13:48.405-0800][78032037ms] GC(26692)   Evacuate Collection Set: 1.7ms
[2023-11-10T12:13:48.405-0800][78032037ms] GC(26692)   Post Evacuate Collection Set: 3.0ms
[2023-11-10T12:13:48.405-0800][78032037ms] GC(26692)   Other: 0.2ms
[2023-11-10T12:13:48.405-0800][78032037ms] GC(26692) Eden regions: 145->0(145)
[2023-11-10T12:13:48.405-0800][78032037ms] GC(26692) Survivor regions: 1->1(19)
[2023-11-10T12:13:48.405-0800][78032037ms] GC(26692) Old regions: 1468->1468
[2023-11-10T12:13:48.405-0800][78032037ms] GC(26692) Humongous regions: 5->5
[2023-11-10T12:13:48.405-0800][78032037ms] GC(26692) Metaspace: 305050K->305050K(1349632K)
[2023-11-10T12:13:48.405-0800][78032037ms] GC(26692) Pause Young (Normal) (G1 Evacuation Pause) 3234M->2944M(3602M) 5.021ms
[2023-11-10T12:13:48.405-0800][78032037ms] GC(26692) User=0.00s Sys=0.00s Real=0.00s
[2023-11-10T12:13:48.639-0800][78032271ms] GC(26693) Pause Young (Normal) (G1 Evacuation Pause)
[2023-11-10T12:13:48.639-0800][78032271ms] GC(26693) Using 10 workers of 10 for evacuation
[2023-11-10T12:13:48.644-0800][78032276ms] GC(26693)   Pre Evacuate Collection Set: 0.0ms
[2023-11-10T12:13:48.644-0800][78032276ms] GC(26693)   Evacuate Collection Set: 1.7ms
[2023-11-10T12:13:48.644-0800][78032276ms] GC(26693)   Post Evacuate Collection Set: 2.8ms
[2023-11-10T12:13:48.644-0800][78032276ms] GC(26693)   Other: 0.2ms
[2023-11-10T12:13:48.644-0800][78032276ms] GC(26693) Eden regions: 145->0(145)
[2023-11-10T12:13:48.644-0800][78032276ms] GC(26693) Survivor regions: 1->1(19)
[2023-11-10T12:13:48.644-0800][78032276ms] GC(26693) Old regions: 1468->1468
[2023-11-10T12:13:48.644-0800][78032276ms] GC(26693) Humongous regions: 5->5
[2023-11-10T12:13:48.644-0800][78032276ms] GC(26693) Metaspace: 305050K->305050K(1349632K)
[2023-11-10T12:13:48.644-0800][78032276ms] GC(26693) Pause Young (Normal) (G1 Evacuation Pause) 3234M->2944M(3602M) 4.849ms
[2023-11-10T12:13:48.645-0800][78032277ms] GC(26693) User=0.00s Sys=0.00s Real=0.01s
[2023-11-10T12:13:48.909-0800][78032541ms] GC(26694) Pause Young (Normal) (G1 Evacuation Pause)
[2023-11-10T12:13:48.909-0800][78032541ms] GC(26694) Using 10 workers of 10 for evacuation
[2023-11-10T12:13:48.914-0800][78032546ms] GC(26694)   Pre Evacuate Collection Set: 0.0ms
[2023-11-10T12:13:48.914-0800][78032546ms] GC(26694)   Evacuate Collection Set: 1.6ms
[2023-11-10T12:13:48.914-0800][78032546ms] GC(26694)   Post Evacuate Collection Set: 3.3ms
[2023-11-10T12:13:48.914-0800][78032546ms] GC(26694)   Other: 0.2ms
[2023-11-10T12:13:48.914-0800][78032546ms] GC(26694) Eden regions: 145->0(145)
[2023-11-10T12:13:48.914-0800][78032546ms] GC(26694) Survivor regions: 1->1(19)
[2023-11-10T12:13:48.914-0800][78032546ms] GC(26694) Old regions: 1468->1468
[2023-11-10T12:13:48.914-0800][78032546ms] GC(26694) Humongous regions: 5->5
[2023-11-10T12:13:48.914-0800][78032546ms] GC(26694) Metaspace: 305050K->305050K(1349632K)
[2023-11-10T12:13:48.914-0800][78032546ms] GC(26694) Pause Young (Normal) (G1 Evacuation Pause) 3234M->2944M(3602M) 5.298ms
[2023-11-10T12:13:48.914-0800][78032546ms] GC(26694) User=0.02s Sys=0.00s Real=0.01s
[2023-11-10T12:13:49.210-0800][78032842ms] GC(26695) Pause Young (Normal) (G1 Evacuation Pause)
[2023-11-10T12:13:49.210-0800][78032842ms] GC(26695) Using 10 workers of 10 for evacuation
[2023-11-10T12:13:49.215-0800][78032847ms] GC(26695)   Pre Evacuate Collection Set: 0.0ms
[2023-11-10T12:13:49.215-0800][78032847ms] GC(26695)   Evacuate Collection Set: 1.7ms
[2023-11-10T12:13:49.215-0800][78032847ms] GC(26695)   Post Evacuate Collection Set: 3.0ms
[2023-11-10T12:13:49.215-0800][78032847ms] GC(26695)   Other: 0.2ms
[2023-11-10T12:13:49.215-0800][78032847ms] GC(26695) Eden regions: 145->0(145)
[2023-11-10T12:13:49.215-0800][78032847ms] GC(26695) Survivor regions: 1->1(19)
[2023-11-10T12:13:49.215-0800][78032847ms] GC(26695) Old regions: 1468->1468
[2023-11-10T12:13:49.215-0800][78032847ms] GC(26695) Humongous regions: 5->5
[2023-11-10T12:13:49.215-0800][78032847ms] GC(26695) Metaspace: 305050K->305050K(1349632K)
[2023-11-10T12:13:49.215-0800][78032847ms] GC(26695) Pause Young (Normal) (G1 Evacuation Pause) 3234M->2944M(3602M) 5.023ms
[2023-11-10T12:13:49.215-0800][78032847ms] GC(26695) User=0.00s Sys=0.00s Real=0.00s
[2023-11-10T12:13:49.466-0800][78033098ms] GC(26696) Pause Young (Normal) (G1 Evacuation Pause)
[2023-11-10T12:13:49.466-0800][78033098ms] GC(26696) Using 10 workers of 10 for evacuation
[2023-11-10T12:13:49.472-0800][78033104ms] GC(26696)   Pre Evacuate Collection Set: 0.0ms
[2023-11-10T12:13:49.472-0800][78033104ms] GC(26696)   Evacuate Collection Set: 1.8ms
[2023-11-10T12:13:49.472-0800][78033104ms] GC(26696)   Post Evacuate Collection Set: 3.2ms
[2023-11-10T12:13:49.472-0800][78033104ms] GC(26696)   Other: 0.2ms
[2023-11-10T12:13:49.472-0800][78033104ms] GC(26696) Eden regions: 145->0(145)
[2023-11-10T12:13:49.472-0800][78033104ms] GC(26696) Survivor regions: 1->1(19)
[2023-11-10T12:13:49.472-0800][78033104ms] GC(26696) Old regions: 1468->1468
[2023-11-10T12:13:49.472-0800][78033104ms] GC(26696) Humongous regions: 5->5
[2023-11-10T12:13:49.472-0800][78033104ms] GC(26696) Metaspace: 305050K->305050K(1349632K)
[2023-11-10T12:13:49.472-0800][78033104ms] GC(26696) Pause Young (Normal) (G1 Evacuation Pause) 3234M->2944M(3602M) 5.457ms
[2023-11-10T12:13:49.472-0800][78033104ms] GC(26696) User=0.00s Sys=0.00s Real=0.01s
[2023-11-10T12:13:49.717-0800][78033349ms] GC(26697) Pause Young (Normal) (G1 Evacuation Pause)
[2023-11-10T12:13:49.719-0800][78033351ms] GC(26697) Using 10 workers of 10 for evacuation
[2023-11-10T12:13:49.723-0800][78033355ms] GC(26697)   Pre Evacuate Collection Set: 0.1ms
[2023-11-10T12:13:49.723-0800][78033355ms] GC(26697)   Evacuate Collection Set: 1.7ms
[2023-11-10T12:13:49.723-0800][78033355ms] GC(26697)   Post Evacuate Collection Set: 3.0ms
[2023-11-10T12:13:49.723-0800][78033355ms] GC(26697)   Other: 0.3ms
[2023-11-10T12:13:49.723-0800][78033355ms] GC(26697) Eden regions: 145->0(145)
[2023-11-10T12:13:49.723-0800][78033355ms] GC(26697) Survivor regions: 1->1(19)
[2023-11-10T12:13:49.723-0800][78033355ms] GC(26697) Old regions: 1468->1468
[2023-11-10T12:13:49.723-0800][78033355ms] GC(26697) Humongous regions: 5->5
[2023-11-10T12:13:49.723-0800][78033355ms] GC(26697) Metaspace: 305050K->305050K(1349632K)
[2023-11-10T12:13:49.723-0800][78033355ms] GC(26697) Pause Young (Normal) (G1 Evacuation Pause) 3234M->2944M(3602M) 5.224ms
[2023-11-10T12:13:49.724-0800][78033356ms] GC(26697) User=0.00s Sys=0.00s Real=0.01s
[2023-11-10T12:13:49.966-0800][78033598ms] GC(26698) Pause Young (Normal) (G1 Evacuation Pause)
[2023-11-10T12:13:49.966-0800][78033598ms] GC(26698) Using 10 workers of 10 for evacuation
[2023-11-10T12:13:49.971-0800][78033603ms] GC(26698)   Pre Evacuate Collection Set: 0.0ms
[2023-11-10T12:13:49.971-0800][78033603ms] GC(26698)   Evacuate Collection Set: 1.7ms
[2023-11-10T12:13:49.971-0800][78033603ms] GC(26698)   Post Evacuate Collection Set: 3.1ms
[2023-11-10T12:13:49.971-0800][78033603ms] GC(26698)   Other: 0.2ms
[2023-11-10T12:13:49.971-0800][78033603ms] GC(26698) Eden regions: 145->0(145)
[2023-11-10T12:13:49.971-0800][78033603ms] GC(26698) Survivor regions: 1->1(19)
[2023-11-10T12:13:49.971-0800][78033603ms] GC(26698) Old regions: 1468->1468
[2023-11-10T12:13:49.971-0800][78033603ms] GC(26698) Humongous regions: 5->5
[2023-11-10T12:13:49.971-0800][78033603ms] GC(26698) Metaspace: 305050K->305050K(1349632K)
[2023-11-10T12:13:49.971-0800][78033603ms] GC(26698) Pause Young (Normal) (G1 Evacuation Pause) 3234M->2944M(3602M) 5.095ms
[2023-11-10T12:13:49.972-0800][78033604ms] GC(26698) User=0.00s Sys=0.00s Real=0.01s
[2023-11-10T12:13:50.214-0800][78033846ms] GC(26699) Pause Young (Normal) (G1 Evacuation Pause)
[2023-11-10T12:13:50.214-0800][78033846ms] GC(26699) Using 10 workers of 10 for evacuation
[2023-11-10T12:13:50.219-0800][78033851ms] GC(26699)   Pre Evacuate Collection Set: 0.0ms
[2023-11-10T12:13:50.219-0800][78033851ms] GC(26699)   Evacuate Collection Set: 1.7ms
[2023-11-10T12:13:50.219-0800][78033851ms] GC(26699)   Post Evacuate Collection Set: 3.0ms
[2023-11-10T12:13:50.219-0800][78033851ms] GC(26699)   Other: 0.2ms
[2023-11-10T12:13:50.219-0800][78033851ms] GC(26699) Eden regions: 145->0(145)
[2023-11-10T12:13:50.219-0800][78033851ms] GC(26699) Survivor regions: 1->1(19)
[2023-11-10T12:13:50.219-0800][78033851ms] GC(26699) Old regions: 1468->1468
[2023-11-10T12:13:50.219-0800][78033851ms] GC(26699) Humongous regions: 5->5
[2023-11-10T12:13:50.219-0800][78033851ms] GC(26699) Metaspace: 305050K->305050K(1349632K)
[2023-11-10T12:13:50.219-0800][78033851ms] GC(26699) Pause Young (Normal) (G1 Evacuation Pause) 3234M->2944M(3602M) 5.007ms
[2023-11-10T12:13:50.219-0800][78033851ms] GC(26699) User=0.00s Sys=0.00s Real=0.01s
[2023-11-10T12:13:50.477-0800][78034109ms] GC(26700) Pause Young (Normal) (G1 Evacuation Pause)
[2023-11-10T12:13:50.477-0800][78034109ms] GC(26700) Using 10 workers of 10 for evacuation
[2023-11-10T12:13:50.482-0800][78034114ms] GC(26700)   Pre Evacuate Collection Set: 0.0ms
[2023-11-10T12:13:50.482-0800][78034114ms] GC(26700)   Evacuate Collection Set: 1.7ms
[2023-11-10T12:13:50.482-0800][78034114ms] GC(26700)   Post Evacuate Collection Set: 3.1ms
[2023-11-10T12:13:50.482-0800][78034114ms] GC(26700)   Other: 0.2ms
[2023-11-10T12:13:50.482-0800][78034114ms] GC(26700) Eden regions: 145->0(145)
[2023-11-10T12:13:50.482-0800][78034114ms] GC(26700) Survivor regions: 1->1(19)
[2023-11-10T12:13:50.482-0800][78034114ms] GC(26700) Old regions: 1468->1468
[2023-11-10T12:13:50.482-0800][78034114ms] GC(26700) Humongous regions: 5->5
[2023-11-10T12:13:50.482-0800][78034114ms] GC(26700) Metaspace: 305050K->305050K(1349632K)
[2023-11-10T12:13:50.482-0800][78034114ms] GC(26700) Pause Young (Normal) (G1 Evacuation Pause) 3234M->2945M(3602M) 5.147ms
[2023-11-10T12:13:50.482-0800][78034114ms] GC(26700) User=0.00s Sys=0.00s Real=0.01s
[2023-11-10T12:13:50.735-0800][78034367ms] GC(26701) Pause Young (Normal) (G1 Evacuation Pause)
[2023-11-10T12:13:50.735-0800][78034367ms] GC(26701) Using 10 workers of 10 for evacuation
[2023-11-10T12:13:50.739-0800][78034371ms] GC(26701)   Pre Evacuate Collection Set: 0.0ms
[2023-11-10T12:13:50.739-0800][78034371ms] GC(26701)   Evacuate Collection Set: 1.6ms
[2023-11-10T12:13:50.739-0800][78034371ms] GC(26701)   Post Evacuate Collection Set: 3.0ms
[2023-11-10T12:13:50.739-0800][78034371ms] GC(26701)   Other: 0.2ms
[2023-11-10T12:13:50.739-0800][78034371ms] GC(26701) Eden regions: 145->0(145)
[2023-11-10T12:13:50.739-0800][78034371ms] GC(26701) Survivor regions: 1->1(19)
[2023-11-10T12:13:50.739-0800][78034371ms] GC(26701) Old regions: 1468->1468
[2023-11-10T12:13:50.739-0800][78034371ms] GC(26701) Humongous regions: 5->5
[2023-11-10T12:13:50.739-0800][78034371ms] GC(26701) Metaspace: 305050K->305050K(1349632K)
[2023-11-10T12:13:50.739-0800][78034371ms] GC(26701) Pause Young (Normal) (G1 Evacuation Pause) 3235M->2945M(3602M) 5.001ms
[2023-11-10T12:13:50.739-0800][78034371ms] GC(26701) User=0.00s Sys=0.00s Real=0.00s
[2023-11-10T12:13:50.989-0800][78034621ms] GC(26702) Pause Young (Normal) (G1 Evacuation Pause)
[2023-11-10T12:13:50.989-0800][78034621ms] GC(26702) Using 10 workers of 10 for evacuation
[2023-11-10T12:13:50.994-0800][78034626ms] GC(26702)   Pre Evacuate Collection Set: 0.0ms
[2023-11-10T12:13:50.994-0800][78034626ms] GC(26702)   Evacuate Collection Set: 1.7ms
[2023-11-10T12:13:50.994-0800][78034626ms] GC(26702)   Post Evacuate Collection Set: 3.2ms
[2023-11-10T12:13:50.994-0800][78034626ms] GC(26702)   Other: 0.3ms
[2023-11-10T12:13:50.994-0800][78034626ms] GC(26702) Eden regions: 145->0(145)
[2023-11-10T12:13:50.994-0800][78034626ms] GC(26702) Survivor regions: 1->1(19)
[2023-11-10T12:13:50.994-0800][78034626ms] GC(26702) Old regions: 1468->1468
[2023-11-10T12:13:50.994-0800][78034626ms] GC(26702) Humongous regions: 5->5
[2023-11-10T12:13:50.994-0800][78034626ms] GC(26702) Metaspace: 305050K->305050K(1349632K)
[2023-11-10T12:13:50.994-0800][78034626ms] GC(26702) Pause Young (Normal) (G1 Evacuation Pause) 3235M->2944M(3602M) 5.289ms
[2023-11-10T12:13:50.994-0800][78034626ms] GC(26702) User=0.02s Sys=0.00s Real=0.00s
[2023-11-10T12:13:51.237-0800][78034869ms] GC(26703) Pause Young (Normal) (G1 Evacuation Pause)
[2023-11-10T12:13:51.237-0800][78034869ms] GC(26703) Using 10 workers of 10 for evacuation
[2023-11-10T12:13:51.242-0800][78034874ms] GC(26703)   Pre Evacuate Collection Set: 0.0ms
[2023-11-10T12:13:51.242-0800][78034874ms] GC(26703)   Evacuate Collection Set: 1.7ms
[2023-11-10T12:13:51.242-0800][78034874ms] GC(26703)   Post Evacuate Collection Set: 3.0ms
[2023-11-10T12:13:51.242-0800][78034874ms] GC(26703)   Other: 0.3ms
[2023-11-10T12:13:51.242-0800][78034874ms] GC(26703) Eden regions: 145->0(145)
[2023-11-10T12:13:51.242-0800][78034874ms] GC(26703) Survivor regions: 1->1(19)
[2023-11-10T12:13:51.242-0800][78034874ms] GC(26703) Old regions: 1468->1468
[2023-11-10T12:13:51.242-0800][78034874ms] GC(26703) Humongous regions: 5->5
[2023-11-10T12:13:51.242-0800][78034874ms] GC(26703) Metaspace: 305050K->305050K(1349632K)
[2023-11-10T12:13:51.242-0800][78034874ms] GC(26703) Pause Young (Normal) (G1 Evacuation Pause) 3234M->2944M(3602M) 5.038ms
[2023-11-10T12:13:51.243-0800][78034875ms] GC(26703) User=0.00s Sys=0.00s Real=0.01s
[2023-11-10T12:13:51.544-0800][78035176ms] GC(26704) Pause Young (Normal) (G1 Evacuation Pause)
[2023-11-10T12:13:51.544-0800][78035176ms] GC(26704) Using 10 workers of 10 for evacuation
[2023-11-10T12:13:51.551-0800][78035183ms] GC(26704)   Pre Evacuate Collection Set: 0.1ms
[2023-11-10T12:13:51.551-0800][78035183ms] GC(26704)   Evacuate Collection Set: 2.3ms
[2023-11-10T12:13:51.551-0800][78035183ms] GC(26704)   Post Evacuate Collection Set: 4.2ms
[2023-11-10T12:13:51.551-0800][78035183ms] GC(26704)   Other: 0.3ms
[2023-11-10T12:13:51.551-0800][78035183ms] GC(26704) Eden regions: 145->0(145)
[2023-11-10T12:13:51.551-0800][78035183ms] GC(26704) Survivor regions: 1->1(19)
[2023-11-10T12:13:51.551-0800][78035183ms] GC(26704) Old regions: 1468->1468
[2023-11-10T12:13:51.551-0800][78035183ms] GC(26704) Humongous regions: 5->5
[2023-11-10T12:13:51.551-0800][78035183ms] GC(26704) Metaspace: 305050K->305050K(1349632K)
[2023-11-10T12:13:51.551-0800][78035183ms] GC(26704) Pause Young (Normal) (G1 Evacuation Pause) 3234M->2944M(3602M) 7.016ms
[2023-11-10T12:13:51.551-0800][78035183ms] GC(26704) User=0.00s Sys=0.00s Real=0.01s
[2023-11-10T12:13:51.865-0800][78035497ms] GC(26705) Pause Young (Normal) (G1 Evacuation Pause)
[2023-11-10T12:13:51.865-0800][78035497ms] GC(26705) Using 10 workers of 10 for evacuation
[2023-11-10T12:13:51.870-0800][78035502ms] GC(26705)   Pre Evacuate Collection Set: 0.0ms
[2023-11-10T12:13:51.870-0800][78035502ms] GC(26705)   Evacuate Collection Set: 1.7ms
[2023-11-10T12:13:51.870-0800][78035502ms] GC(26705)   Post Evacuate Collection Set: 3.2ms
[2023-11-10T12:13:51.870-0800][78035502ms] GC(26705)   Other: 0.3ms
[2023-11-10T12:13:51.870-0800][78035502ms] GC(26705) Eden regions: 145->0(145)
[2023-11-10T12:13:51.870-0800][78035502ms] GC(26705) Survivor regions: 1->1(19)
[2023-11-10T12:13:51.870-0800][78035502ms] GC(26705) Old regions: 1468->1468
[2023-11-10T12:13:51.870-0800][78035502ms] GC(26705) Humongous regions: 5->5
[2023-11-10T12:13:51.870-0800][78035502ms] GC(26705) Metaspace: 305050K->305050K(1349632K)
[2023-11-10T12:13:51.870-0800][78035502ms] GC(26705) Pause Young (Normal) (G1 Evacuation Pause) 3234M->2944M(3602M) 5.358ms
[2023-11-10T12:13:51.870-0800][78035502ms] GC(26705) User=0.08s Sys=0.00s Real=0.00s
[2023-11-10T12:13:52.164-0800][78035796ms] GC(26706) Pause Young (Normal) (G1 Evacuation Pause)
[2023-11-10T12:13:52.164-0800][78035796ms] GC(26706) Using 10 workers of 10 for evacuation
[2023-11-10T12:13:52.169-0800][78035801ms] GC(26706)   Pre Evacuate Collection Set: 0.0ms
[2023-11-10T12:13:52.169-0800][78035801ms] GC(26706)   Evacuate Collection Set: 1.7ms
[2023-11-10T12:13:52.169-0800][78035801ms] GC(26706)   Post Evacuate Collection Set: 3.0ms
[2023-11-10T12:13:52.169-0800][78035801ms] GC(26706)   Other: 0.2ms
[2023-11-10T12:13:52.169-0800][78035801ms] GC(26706) Eden regions: 145->0(145)
[2023-11-10T12:13:52.169-0800][78035801ms] GC(26706) Survivor regions: 1->1(19)
[2023-11-10T12:13:52.169-0800][78035801ms] GC(26706) Old regions: 1468->1468
[2023-11-10T12:13:52.169-0800][78035801ms] GC(26706) Humongous regions: 5->5
[2023-11-10T12:13:52.169-0800][78035801ms] GC(26706) Metaspace: 305050K->305050K(1349632K)
[2023-11-10T12:13:52.169-0800][78035801ms] GC(26706) Pause Young (Normal) (G1 Evacuation Pause) 3234M->2944M(3602M) 5.001ms
[2023-11-10T12:13:52.169-0800][78035801ms] GC(26706) User=0.00s Sys=0.00s Real=0.00s
[2023-11-10T12:13:52.426-0800][78036058ms] GC(26707) Pause Young (Normal) (G1 Evacuation Pause)
[2023-11-10T12:13:52.426-0800][78036058ms] GC(26707) Using 10 workers of 10 for evacuation
[2023-11-10T12:13:52.431-0800][78036063ms] GC(26707)   Pre Evacuate Collection Set: 0.0ms
[2023-11-10T12:13:52.431-0800][78036063ms] GC(26707)   Evacuate Collection Set: 1.6ms
[2023-11-10T12:13:52.431-0800][78036063ms] GC(26707)   Post Evacuate Collection Set: 3.0ms
[2023-11-10T12:13:52.431-0800][78036063ms] GC(26707)   Other: 0.2ms
[2023-11-10T12:13:52.431-0800][78036063ms] GC(26707) Eden regions: 145->0(145)
[2023-11-10T12:13:52.431-0800][78036063ms] GC(26707) Survivor regions: 1->1(19)
[2023-11-10T12:13:52.431-0800][78036063ms] GC(26707) Old regions: 1468->1468
[2023-11-10T12:13:52.431-0800][78036063ms] GC(26707) Humongous regions: 5->5
[2023-11-10T12:13:52.431-0800][78036063ms] GC(26707) Metaspace: 305050K->305050K(1349632K)
[2023-11-10T12:13:52.431-0800][78036063ms] GC(26707) Pause Young (Normal) (G1 Evacuation Pause) 3234M->2944M(3602M) 4.936ms
[2023-11-10T12:13:52.431-0800][78036063ms] GC(26707) User=0.02s Sys=0.00s Real=0.00s
[2023-11-10T12:13:52.681-0800][78036313ms] GC(26708) Pause Young (Normal) (G1 Evacuation Pause)
[2023-11-10T12:13:52.681-0800][78036313ms] GC(26708) Using 10 workers of 10 for evacuation
[2023-11-10T12:13:52.685-0800][78036317ms] GC(26708)   Pre Evacuate Collection Set: 0.0ms
[2023-11-10T12:13:52.685-0800][78036317ms] GC(26708)   Evacuate Collection Set: 1.7ms
[2023-11-10T12:13:52.685-0800][78036317ms] GC(26708)   Post Evacuate Collection Set: 3.0ms
[2023-11-10T12:13:52.685-0800][78036317ms] GC(26708)   Other: 0.2ms
[2023-11-10T12:13:52.685-0800][78036317ms] GC(26708) Eden regions: 145->0(145)
[2023-11-10T12:13:52.685-0800][78036317ms] GC(26708) Survivor regions: 1->1(19)
[2023-11-10T12:13:52.685-0800][78036317ms] GC(26708) Old regions: 1468->1468
[2023-11-10T12:13:52.685-0800][78036317ms] GC(26708) Humongous regions: 5->5
[2023-11-10T12:13:52.685-0800][78036317ms] GC(26708) Metaspace: 305050K->305050K(1349632K)
[2023-11-10T12:13:52.685-0800][78036317ms] GC(26708) Pause Young (Normal) (G1 Evacuation Pause) 3234M->2944M(3602M) 5.049ms
[2023-11-10T12:13:52.685-0800][78036317ms] GC(26708) User=0.00s Sys=0.00s Real=0.00s
[2023-11-10T12:13:52.944-0800][78036576ms] GC(26709) Pause Young (Normal) (G1 Evacuation Pause)
[2023-11-10T12:13:52.944-0800][78036576ms] GC(26709) Using 10 workers of 10 for evacuation
[2023-11-10T12:13:52.949-0800][78036581ms] GC(26709)   Pre Evacuate Collection Set: 0.0ms
[2023-11-10T12:13:52.949-0800][78036581ms] GC(26709)   Evacuate Collection Set: 1.7ms
[2023-11-10T12:13:52.949-0800][78036581ms] GC(26709)   Post Evacuate Collection Set: 3.0ms
[2023-11-10T12:13:52.949-0800][78036581ms] GC(26709)   Other: 0.2ms
[2023-11-10T12:13:52.949-0800][78036581ms] GC(26709) Eden regions: 145->0(145)
[2023-11-10T12:13:52.949-0800][78036581ms] GC(26709) Survivor regions: 1->1(19)
[2023-11-10T12:13:52.949-0800][78036581ms] GC(26709) Old regions: 1468->1468
[2023-11-10T12:13:52.949-0800][78036581ms] GC(26709) Humongous regions: 5->5
[2023-11-10T12:13:52.949-0800][78036581ms] GC(26709) Metaspace: 305050K->305050K(1349632K)
[2023-11-10T12:13:52.949-0800][78036581ms] GC(26709) Pause Young (Normal) (G1 Evacuation Pause) 3234M->2944M(3602M) 5.047ms
[2023-11-10T12:13:52.949-0800][78036581ms] GC(26709) User=0.03s Sys=0.00s Real=0.00s
[2023-11-10T12:13:53.214-0800][78036846ms] GC(26710) Pause Young (Normal) (G1 Evacuation Pause)
[2023-11-10T12:13:53.214-0800][78036846ms] GC(26710) Using 10 workers of 10 for evacuation
[2023-11-10T12:13:53.218-0800][78036850ms] GC(26710)   Pre Evacuate Collection Set: 0.0ms
[2023-11-10T12:13:53.218-0800][78036850ms] GC(26710)   Evacuate Collection Set: 1.7ms
[2023-11-10T12:13:53.218-0800][78036850ms] GC(26710)   Post Evacuate Collection Set: 2.9ms
[2023-11-10T12:13:53.218-0800][78036850ms] GC(26710)   Other: 0.2ms
[2023-11-10T12:13:53.218-0800][78036850ms] GC(26710) Eden regions: 145->0(145)
[2023-11-10T12:13:53.218-0800][78036850ms] GC(26710) Survivor regions: 1->1(19)
[2023-11-10T12:13:53.218-0800][78036850ms] GC(26710) Old regions: 1468->1468
[2023-11-10T12:13:53.218-0800][78036850ms] GC(26710) Humongous regions: 5->5
[2023-11-10T12:13:53.218-0800][78036850ms] GC(26710) Metaspace: 305050K->305050K(1349632K)
[2023-11-10T12:13:53.218-0800][78036850ms] GC(26710) Pause Young (Normal) (G1 Evacuation Pause) 3234M->2944M(3602M) 4.997ms
[2023-11-10T12:13:53.219-0800][78036851ms] GC(26710) User=0.00s Sys=0.00s Real=0.01s
[2023-11-10T12:13:53.475-0800][78037107ms] GC(26711) Pause Young (Normal) (G1 Evacuation Pause)
[2023-11-10T12:13:53.475-0800][78037107ms] GC(26711) Using 10 workers of 10 for evacuation
[2023-11-10T12:13:53.480-0800][78037112ms] GC(26711)   Pre Evacuate Collection Set: 0.1ms
[2023-11-10T12:13:53.480-0800][78037112ms] GC(26711)   Evacuate Collection Set: 1.6ms
[2023-11-10T12:13:53.480-0800][78037112ms] GC(26711)   Post Evacuate Collection Set: 3.0ms
[2023-11-10T12:13:53.480-0800][78037112ms] GC(26711)   Other: 0.3ms
[2023-11-10T12:13:53.480-0800][78037112ms] GC(26711) Eden regions: 145->0(145)
[2023-11-10T12:13:53.481-0800][78037113ms] GC(26711) Survivor regions: 1->1(19)
[2023-11-10T12:13:53.481-0800][78037113ms] GC(26711) Old regions: 1468->1468
[2023-11-10T12:13:53.481-0800][78037113ms] GC(26711) Humongous regions: 5->5
[2023-11-10T12:13:53.481-0800][78037113ms] GC(26711) Metaspace: 305050K->305050K(1349632K)
[2023-11-10T12:13:53.481-0800][78037113ms] GC(26711) Pause Young (Normal) (G1 Evacuation Pause) 3234M->2944M(3602M) 5.091ms
[2023-11-10T12:13:53.481-0800][78037113ms] GC(26711) User=0.02s Sys=0.00s Real=0.01s
[2023-11-10T12:13:53.750-0800][78037382ms] GC(26712) Pause Young (Normal) (G1 Evacuation Pause)
[2023-11-10T12:13:53.750-0800][78037382ms] GC(26712) Using 10 workers of 10 for evacuation
[2023-11-10T12:13:53.754-0800][78037386ms] GC(26712)   Pre Evacuate Collection Set: 0.0ms
[2023-11-10T12:13:53.755-0800][78037387ms] GC(26712)   Evacuate Collection Set: 1.6ms
[2023-11-10T12:13:53.755-0800][78037387ms] GC(26712)   Post Evacuate Collection Set: 3.1ms
[2023-11-10T12:13:53.755-0800][78037387ms] GC(26712)   Other: 0.2ms
[2023-11-10T12:13:53.755-0800][78037387ms] GC(26712) Eden regions: 145->0(145)
[2023-11-10T12:13:53.755-0800][78037387ms] GC(26712) Survivor regions: 1->1(19)
[2023-11-10T12:13:53.755-0800][78037387ms] GC(26712) Old regions: 1468->1468
[2023-11-10T12:13:53.755-0800][78037387ms] GC(26712) Humongous regions: 5->5
[2023-11-10T12:13:53.755-0800][78037387ms] GC(26712) Metaspace: 305050K->305050K(1349632K)
[2023-11-10T12:13:53.755-0800][78037387ms] GC(26712) Pause Young (Normal) (G1 Evacuation Pause) 3234M->2944M(3602M) 5.049ms
[2023-11-10T12:13:53.755-0800][78037387ms] GC(26712) User=0.00s Sys=0.00s Real=0.01s
[2023-11-10T12:13:54.006-0800][78037638ms] GC(26713) Pause Young (Normal) (G1 Evacuation Pause)
[2023-11-10T12:13:54.006-0800][78037638ms] GC(26713) Using 10 workers of 10 for evacuation
[2023-11-10T12:13:54.011-0800][78037643ms] GC(26713)   Pre Evacuate Collection Set: 0.0ms
[2023-11-10T12:13:54.011-0800][78037643ms] GC(26713)   Evacuate Collection Set: 1.9ms
[2023-11-10T12:13:54.011-0800][78037643ms] GC(26713)   Post Evacuate Collection Set: 3.1ms
[2023-11-10T12:13:54.011-0800][78037643ms] GC(26713)   Other: 0.3ms
[2023-11-10T12:13:54.011-0800][78037643ms] GC(26713) Eden regions: 145->0(145)
[2023-11-10T12:13:54.011-0800][78037643ms] GC(26713) Survivor regions: 1->1(19)
[2023-11-10T12:13:54.011-0800][78037643ms] GC(26713) Old regions: 1468->1468
[2023-11-10T12:13:54.011-0800][78037643ms] GC(26713) Humongous regions: 5->5
[2023-11-10T12:13:54.011-0800][78037643ms] GC(26713) Metaspace: 305050K->305050K(1349632K)
[2023-11-10T12:13:54.011-0800][78037643ms] GC(26713) Pause Young (Normal) (G1 Evacuation Pause) 3234M->2944M(3602M) 5.449ms
[2023-11-10T12:13:54.011-0800][78037643ms] GC(26713) User=0.06s Sys=0.00s Real=0.00s
[2023-11-10T12:13:54.264-0800][78037896ms] GC(26714) Pause Young (Normal) (G1 Evacuation Pause)
[2023-11-10T12:13:54.264-0800][78037896ms] GC(26714) Using 10 workers of 10 for evacuation
[2023-11-10T12:13:54.269-0800][78037901ms] GC(26714)   Pre Evacuate Collection Set: 0.0ms
[2023-11-10T12:13:54.269-0800][78037901ms] GC(26714)   Evacuate Collection Set: 1.6ms
[2023-11-10T12:13:54.269-0800][78037901ms] GC(26714)   Post Evacuate Collection Set: 3.0ms
[2023-11-10T12:13:54.269-0800][78037901ms] GC(26714)   Other: 0.2ms
[2023-11-10T12:13:54.269-0800][78037901ms] GC(26714) Eden regions: 145->0(145)
[2023-11-10T12:13:54.269-0800][78037901ms] GC(26714) Survivor regions: 1->1(19)
[2023-11-10T12:13:54.269-0800][78037901ms] GC(26714) Old regions: 1468->1468
[2023-11-10T12:13:54.269-0800][78037901ms] GC(26714) Humongous regions: 5->5
[2023-11-10T12:13:54.269-0800][78037901ms] GC(26714) Metaspace: 305050K->305050K(1349632K)
[2023-11-10T12:13:54.269-0800][78037901ms] GC(26714) Pause Young (Normal) (G1 Evacuation Pause) 3234M->2944M(3602M) 4.950ms
[2023-11-10T12:13:54.269-0800][78037901ms] GC(26714) User=0.00s Sys=0.00s Real=0.01s
[2023-11-10T12:13:54.567-0800][78038199ms] GC(26715) Pause Young (Normal) (G1 Evacuation Pause)
[2023-11-10T12:13:54.567-0800][78038199ms] GC(26715) Using 10 workers of 10 for evacuation
[2023-11-10T12:13:54.573-0800][78038205ms] GC(26715)   Pre Evacuate Collection Set: 0.0ms
[2023-11-10T12:13:54.573-0800][78038205ms] GC(26715)   Evacuate Collection Set: 1.7ms
[2023-11-10T12:13:54.573-0800][78038205ms] GC(26715)   Post Evacuate Collection Set: 3.1ms
[2023-11-10T12:13:54.573-0800][78038205ms] GC(26715)   Other: 0.2ms
[2023-11-10T12:13:54.573-0800][78038205ms] GC(26715) Eden regions: 145->0(145)
[2023-11-10T12:13:54.573-0800][78038205ms] GC(26715) Survivor regions: 1->1(19)
[2023-11-10T12:13:54.573-0800][78038205ms] GC(26715) Old regions: 1468->1468
[2023-11-10T12:13:54.573-0800][78038205ms] GC(26715) Humongous regions: 5->5
[2023-11-10T12:13:54.573-0800][78038205ms] GC(26715) Metaspace: 305050K->305050K(1349632K)
[2023-11-10T12:13:54.573-0800][78038205ms] GC(26715) Pause Young (Normal) (G1 Evacuation Pause) 3234M->2945M(3602M) 5.212ms
[2023-11-10T12:13:54.573-0800][78038205ms] GC(26715) User=0.02s Sys=0.00s Real=0.01s
[2023-11-10T12:13:54.842-0800][78038474ms] GC(26716) Pause Young (Normal) (G1 Evacuation Pause)
[2023-11-10T12:13:54.842-0800][78038474ms] GC(26716) Using 10 workers of 10 for evacuation
[2023-11-10T12:13:54.847-0800][78038479ms] GC(26716)   Pre Evacuate Collection Set: 0.0ms
[2023-11-10T12:13:54.847-0800][78038479ms] GC(26716)   Evacuate Collection Set: 1.7ms
[2023-11-10T12:13:54.847-0800][78038479ms] GC(26716)   Post Evacuate Collection Set: 3.0ms
[2023-11-10T12:13:54.847-0800][78038479ms] GC(26716)   Other: 0.2ms
[2023-11-10T12:13:54.847-0800][78038479ms] GC(26716) Eden regions: 145->0(145)
[2023-11-10T12:13:54.847-0800][78038479ms] GC(26716) Survivor regions: 1->1(19)
[2023-11-10T12:13:54.847-0800][78038479ms] GC(26716) Old regions: 1468->1468
[2023-11-10T12:13:54.847-0800][78038479ms] GC(26716) Humongous regions: 5->5
[2023-11-10T12:13:54.847-0800][78038479ms] GC(26716) Metaspace: 305050K->305050K(1349632K)
[2023-11-10T12:13:54.847-0800][78038479ms] GC(26716) Pause Young (Normal) (G1 Evacuation Pause) 3235M->2945M(3602M) 5.065ms
[2023-11-10T12:13:54.847-0800][78038479ms] GC(26716) User=0.00s Sys=0.00s Real=0.00s
[2023-11-10T12:13:55.105-0800][78038737ms] GC(26717) Pause Young (Normal) (G1 Evacuation Pause)
[2023-11-10T12:13:55.105-0800][78038737ms] GC(26717) Using 10 workers of 10 for evacuation
[2023-11-10T12:13:55.110-0800][78038742ms] GC(26717)   Pre Evacuate Collection Set: 0.0ms
[2023-11-10T12:13:55.110-0800][78038742ms] GC(26717)   Evacuate Collection Set: 1.6ms
[2023-11-10T12:13:55.110-0800][78038742ms] GC(26717)   Post Evacuate Collection Set: 3.1ms
[2023-11-10T12:13:55.110-0800][78038742ms] GC(26717)   Other: 0.2ms
[2023-11-10T12:13:55.110-0800][78038742ms] GC(26717) Eden regions: 145->0(145)
[2023-11-10T12:13:55.110-0800][78038742ms] GC(26717) Survivor regions: 1->1(19)
[2023-11-10T12:13:55.110-0800][78038742ms] GC(26717) Old regions: 1468->1468
[2023-11-10T12:13:55.110-0800][78038742ms] GC(26717) Humongous regions: 5->5
[2023-11-10T12:13:55.110-0800][78038742ms] GC(26717) Metaspace: 305050K->305050K(1349632K)
[2023-11-10T12:13:55.110-0800][78038742ms] GC(26717) Pause Young (Normal) (G1 Evacuation Pause) 3235M->2945M(3602M) 5.132ms
[2023-11-10T12:13:55.110-0800][78038742ms] GC(26717) User=0.00s Sys=0.00s Real=0.00s
[2023-11-10T12:13:55.363-0800][78038995ms] GC(26718) Pause Young (Normal) (G1 Evacuation Pause)
[2023-11-10T12:13:55.363-0800][78038995ms] GC(26718) Using 10 workers of 10 for evacuation
[2023-11-10T12:13:55.368-0800][78039000ms] GC(26718)   Pre Evacuate Collection Set: 0.0ms
[2023-11-10T12:13:55.368-0800][78039000ms] GC(26718)   Evacuate Collection Set: 1.7ms
[2023-11-10T12:13:55.368-0800][78039000ms] GC(26718)   Post Evacuate Collection Set: 3.1ms
[2023-11-10T12:13:55.368-0800][78039000ms] GC(26718)   Other: 0.2ms
[2023-11-10T12:13:55.368-0800][78039000ms] GC(26718) Eden regions: 145->0(145)
[2023-11-10T12:13:55.368-0800][78039000ms] GC(26718) Survivor regions: 1->1(19)
[2023-11-10T12:13:55.368-0800][78039000ms] GC(26718) Old regions: 1468->1468
[2023-11-10T12:13:55.368-0800][78039000ms] GC(26718) Humongous regions: 5->5
[2023-11-10T12:13:55.368-0800][78039000ms] GC(26718) Metaspace: 305050K->305050K(1349632K)
[2023-11-10T12:13:55.368-0800][78039000ms] GC(26718) Pause Young (Normal) (G1 Evacuation Pause) 3235M->2945M(3602M) 5.169ms
[2023-11-10T12:13:55.368-0800][78039000ms] GC(26718) User=0.00s Sys=0.00s Real=0.01s
[2023-11-10T12:13:55.633-0800][78039265ms] GC(26719) Pause Young (Normal) (G1 Evacuation Pause)
[2023-11-10T12:13:55.633-0800][78039265ms] GC(26719) Using 10 workers of 10 for evacuation
[2023-11-10T12:13:55.637-0800][78039269ms] GC(26719)   Pre Evacuate Collection Set: 0.0ms
[2023-11-10T12:13:55.639-0800][78039271ms] GC(26719)   Evacuate Collection Set: 1.8ms
[2023-11-10T12:13:55.639-0800][78039271ms] GC(26719)   Post Evacuate Collection Set: 3.3ms
[2023-11-10T12:13:55.639-0800][78039271ms] GC(26719)   Other: 0.3ms
[2023-11-10T12:13:55.639-0800][78039271ms] GC(26719) Eden regions: 145->0(145)
[2023-11-10T12:13:55.639-0800][78039271ms] GC(26719) Survivor regions: 1->1(19)
[2023-11-10T12:13:55.639-0800][78039271ms] GC(26719) Old regions: 1468->1468
[2023-11-10T12:13:55.639-0800][78039271ms] GC(26719) Humongous regions: 5->5
[2023-11-10T12:13:55.639-0800][78039271ms] GC(26719) Metaspace: 305050K->305050K(1349632K)
[2023-11-10T12:13:55.639-0800][78039271ms] GC(26719) Pause Young (Normal) (G1 Evacuation Pause) 3235M->2945M(3602M) 5.468ms
[2023-11-10T12:13:55.639-0800][78039271ms] GC(26719) User=0.00s Sys=0.00s Real=0.01s
[2023-11-10T12:13:55.907-0800][78039539ms] GC(26720) Pause Young (Normal) (G1 Evacuation Pause)
[2023-11-10T12:13:55.907-0800][78039539ms] GC(26720) Using 10 workers of 10 for evacuation
[2023-11-10T12:13:55.912-0800][78039544ms] GC(26720)   Pre Evacuate Collection Set: 0.0ms
[2023-11-10T12:13:55.912-0800][78039544ms] GC(26720)   Evacuate Collection Set: 1.7ms
[2023-11-10T12:13:55.912-0800][78039544ms] GC(26720)   Post Evacuate Collection Set: 3.1ms
[2023-11-10T12:13:55.912-0800][78039544ms] GC(26720)   Other: 0.2ms
[2023-11-10T12:13:55.912-0800][78039544ms] GC(26720) Eden regions: 145->0(145)
[2023-11-10T12:13:55.912-0800][78039544ms] GC(26720) Survivor regions: 1->1(19)
[2023-11-10T12:13:55.912-0800][78039544ms] GC(26720) Old regions: 1468->1468
[2023-11-10T12:13:55.912-0800][78039544ms] GC(26720) Humongous regions: 5->5
[2023-11-10T12:13:55.912-0800][78039544ms] GC(26720) Metaspace: 305050K->305050K(1349632K)
[2023-11-10T12:13:55.912-0800][78039544ms] GC(26720) Pause Young (Normal) (G1 Evacuation Pause) 3235M->2945M(3602M) 5.110ms
[2023-11-10T12:13:55.912-0800][78039544ms] GC(26720) User=0.00s Sys=0.00s Real=0.00s
[2023-11-10T12:13:56.152-0800][78039784ms] GC(26721) Pause Young (Normal) (G1 Evacuation Pause)
[2023-11-10T12:13:56.152-0800][78039784ms] GC(26721) Using 10 workers of 10 for evacuation
[2023-11-10T12:13:56.157-0800][78039789ms] GC(26721)   Pre Evacuate Collection Set: 0.0ms
[2023-11-10T12:13:56.157-0800][78039789ms] GC(26721)   Evacuate Collection Set: 1.7ms
[2023-11-10T12:13:56.157-0800][78039789ms] GC(26721)   Post Evacuate Collection Set: 3.1ms
[2023-11-10T12:13:56.157-0800][78039789ms] GC(26721)   Other: 0.2ms
[2023-11-10T12:13:56.157-0800][78039789ms] GC(26721) Eden regions: 145->0(145)
[2023-11-10T12:13:56.157-0800][78039789ms] GC(26721) Survivor regions: 1->1(19)
[2023-11-10T12:13:56.157-0800][78039789ms] GC(26721) Old regions: 1468->1468
[2023-11-10T12:13:56.157-0800][78039789ms] GC(26721) Humongous regions: 5->5
[2023-11-10T12:13:56.157-0800][78039789ms] GC(26721) Metaspace: 305050K->305050K(1349632K)
[2023-11-10T12:13:56.157-0800][78039789ms] GC(26721) Pause Young (Normal) (G1 Evacuation Pause) 3235M->2945M(3602M) 5.127ms
[2023-11-10T12:13:56.157-0800][78039789ms] GC(26721) User=0.00s Sys=0.00s Real=0.01s
[2023-11-10T12:13:56.430-0800][78040062ms] GC(26722) Pause Young (Normal) (G1 Evacuation Pause)
[2023-11-10T12:13:56.430-0800][78040062ms] GC(26722) Using 10 workers of 10 for evacuation
[2023-11-10T12:13:56.436-0800][78040068ms] GC(26722)   Pre Evacuate Collection Set: 0.1ms
[2023-11-10T12:13:56.436-0800][78040068ms] GC(26722)   Evacuate Collection Set: 2.1ms
[2023-11-10T12:13:56.436-0800][78040068ms] GC(26722)   Post Evacuate Collection Set: 4.0ms
[2023-11-10T12:13:56.437-0800][78040069ms] GC(26722)   Other: 0.3ms
[2023-11-10T12:13:56.437-0800][78040069ms] GC(26722) Eden regions: 145->0(145)
[2023-11-10T12:13:56.437-0800][78040069ms] GC(26722) Survivor regions: 1->1(19)
[2023-11-10T12:13:56.437-0800][78040069ms] GC(26722) Old regions: 1468->1468
[2023-11-10T12:13:56.437-0800][78040069ms] GC(26722) Humongous regions: 5->5
[2023-11-10T12:13:56.437-0800][78040069ms] GC(26722) Metaspace: 305050K->305050K(1349632K)
[2023-11-10T12:13:56.437-0800][78040069ms] GC(26722) Pause Young (Normal) (G1 Evacuation Pause) 3235M->2945M(3602M) 6.686ms
[2023-11-10T12:13:56.437-0800][78040069ms] GC(26722) User=0.00s Sys=0.00s Real=0.01s
[2023-11-10T12:13:56.781-0800][78040413ms] GC(26723) Pause Young (Normal) (G1 Evacuation Pause)
[2023-11-10T12:13:56.781-0800][78040413ms] GC(26723) Using 10 workers of 10 for evacuation
[2023-11-10T12:13:56.787-0800][78040419ms] GC(26723)   Pre Evacuate Collection Set: 0.0ms
[2023-11-10T12:13:56.787-0800][78040419ms] GC(26723)   Evacuate Collection Set: 1.8ms
[2023-11-10T12:13:56.787-0800][78040419ms] GC(26723)   Post Evacuate Collection Set: 4.2ms
[2023-11-10T12:13:56.787-0800][78040419ms] GC(26723)   Other: 0.3ms
[2023-11-10T12:13:56.787-0800][78040419ms] GC(26723) Eden regions: 145->0(145)
[2023-11-10T12:13:56.787-0800][78040419ms] GC(26723) Survivor regions: 1->1(19)
[2023-11-10T12:13:56.788-0800][78040420ms] GC(26723) Old regions: 1468->1468
[2023-11-10T12:13:56.788-0800][78040420ms] GC(26723) Humongous regions: 5->5
[2023-11-10T12:13:56.788-0800][78040420ms] GC(26723) Metaspace: 305050K->305050K(1349632K)
[2023-11-10T12:13:56.788-0800][78040420ms] GC(26723) Pause Young (Normal) (G1 Evacuation Pause) 3235M->2945M(3602M) 6.408ms
[2023-11-10T12:13:56.788-0800][78040420ms] GC(26723) User=0.00s Sys=0.00s Real=0.01s
[2023-11-10T12:13:57.067-0800][78040699ms] GC(26724) Pause Young (Normal) (G1 Evacuation Pause)
[2023-11-10T12:13:57.067-0800][78040699ms] GC(26724) Using 10 workers of 10 for evacuation
[2023-11-10T12:13:57.072-0800][78040704ms] GC(26724)   Pre Evacuate Collection Set: 0.0ms
[2023-11-10T12:13:57.072-0800][78040704ms] GC(26724)   Evacuate Collection Set: 1.6ms
[2023-11-10T12:13:57.072-0800][78040704ms] GC(26724)   Post Evacuate Collection Set: 3.1ms
[2023-11-10T12:13:57.072-0800][78040704ms] GC(26724)   Other: 0.2ms
[2023-11-10T12:13:57.072-0800][78040704ms] GC(26724) Eden regions: 145->0(145)
[2023-11-10T12:13:57.072-0800][78040704ms] GC(26724) Survivor regions: 1->1(19)
[2023-11-10T12:13:57.072-0800][78040704ms] GC(26724) Old regions: 1468->1468
[2023-11-10T12:13:57.072-0800][78040704ms] GC(26724) Humongous regions: 5->5
[2023-11-10T12:13:57.072-0800][78040704ms] GC(26724) Metaspace: 305050K->305050K(1349632K)
[2023-11-10T12:13:57.072-0800][78040704ms] GC(26724) Pause Young (Normal) (G1 Evacuation Pause) 3235M->2945M(3602M) 5.112ms
[2023-11-10T12:13:57.072-0800][78040704ms] GC(26724) User=0.02s Sys=0.00s Real=0.01s
[2023-11-10T12:13:57.329-0800][78040961ms] GC(26725) Pause Young (Normal) (G1 Evacuation Pause)
[2023-11-10T12:13:57.329-0800][78040961ms] GC(26725) Using 10 workers of 10 for evacuation
[2023-11-10T12:13:57.334-0800][78040966ms] GC(26725)   Pre Evacuate Collection Set: 0.0ms
[2023-11-10T12:13:57.334-0800][78040966ms] GC(26725)   Evacuate Collection Set: 1.7ms
[2023-11-10T12:13:57.334-0800][78040966ms] GC(26725)   Post Evacuate Collection Set: 3.0ms
[2023-11-10T12:13:57.334-0800][78040966ms] GC(26725)   Other: 0.2ms
[2023-11-10T12:13:57.334-0800][78040966ms] GC(26725) Eden regions: 145->0(145)
[2023-11-10T12:13:57.334-0800][78040966ms] GC(26725) Survivor regions: 1->1(19)
[2023-11-10T12:13:57.334-0800][78040966ms] GC(26725) Old regions: 1468->1468
[2023-11-10T12:13:57.334-0800][78040966ms] GC(26725) Humongous regions: 5->5
[2023-11-10T12:13:57.334-0800][78040966ms] GC(26725) Metaspace: 305050K->305050K(1349632K)
[2023-11-10T12:13:57.334-0800][78040966ms] GC(26725) Pause Young (Normal) (G1 Evacuation Pause) 3235M->2945M(3602M) 5.037ms
[2023-11-10T12:13:57.334-0800][78040966ms] GC(26725) User=0.00s Sys=0.00s Real=0.01s
[2023-11-10T12:13:57.641-0800][78041273ms] GC(26726) Pause Young (Normal) (G1 Evacuation Pause)
[2023-11-10T12:13:57.641-0800][78041273ms] GC(26726) Using 10 workers of 10 for evacuation
[2023-11-10T12:13:57.646-0800][78041278ms] GC(26726)   Pre Evacuate Collection Set: 0.0ms
[2023-11-10T12:13:57.646-0800][78041278ms] GC(26726)   Evacuate Collection Set: 1.6ms
[2023-11-10T12:13:57.646-0800][78041278ms] GC(26726)   Post Evacuate Collection Set: 3.0ms
[2023-11-10T12:13:57.646-0800][78041278ms] GC(26726)   Other: 0.3ms
[2023-11-10T12:13:57.646-0800][78041278ms] GC(26726) Eden regions: 145->0(145)
[2023-11-10T12:13:57.646-0800][78041278ms] GC(26726) Survivor regions: 1->1(19)
[2023-11-10T12:13:57.646-0800][78041278ms] GC(26726) Old regions: 1468->1468
[2023-11-10T12:13:57.646-0800][78041278ms] GC(26726) Humongous regions: 5->5
[2023-11-10T12:13:57.646-0800][78041278ms] GC(26726) Metaspace: 305050K->305050K(1349632K)
[2023-11-10T12:13:57.647-0800][78041279ms] GC(26726) Pause Young (Normal) (G1 Evacuation Pause) 3235M->2945M(3602M) 5.047ms
[2023-11-10T12:13:57.647-0800][78041279ms] GC(26726) User=0.00s Sys=0.00s Real=0.01s
[2023-11-10T12:13:57.912-0800][78041544ms] GC(26727) Pause Young (Normal) (G1 Evacuation Pause)
[2023-11-10T12:13:57.912-0800][78041544ms] GC(26727) Using 10 workers of 10 for evacuation
[2023-11-10T12:13:57.917-0800][78041549ms] GC(26727)   Pre Evacuate Collection Set: 0.0ms
[2023-11-10T12:13:57.917-0800][78041549ms] GC(26727)   Evacuate Collection Set: 1.7ms
[2023-11-10T12:13:57.917-0800][78041549ms] GC(26727)   Post Evacuate Collection Set: 3.0ms
[2023-11-10T12:13:57.917-0800][78041549ms] GC(26727)   Other: 0.2ms
[2023-11-10T12:13:57.917-0800][78041549ms] GC(26727) Eden regions: 145->0(145)
[2023-11-10T12:13:57.917-0800][78041549ms] GC(26727) Survivor regions: 1->1(19)
[2023-11-10T12:13:57.917-0800][78041549ms] GC(26727) Old regions: 1468->1468
[2023-11-10T12:13:57.917-0800][78041549ms] GC(26727) Humongous regions: 5->5
[2023-11-10T12:13:57.917-0800][78041549ms] GC(26727) Metaspace: 305050K->305050K(1349632K)
[2023-11-10T12:13:57.917-0800][78041549ms] GC(26727) Pause Young (Normal) (G1 Evacuation Pause) 3235M->2945M(3602M) 5.069ms
[2023-11-10T12:13:57.917-0800][78041549ms] GC(26727) User=0.02s Sys=0.00s Real=0.01s
[2023-11-10T12:13:58.171-0800][78041803ms] GC(26728) Pause Young (Normal) (G1 Evacuation Pause)
[2023-11-10T12:13:58.171-0800][78041803ms] GC(26728) Using 10 workers of 10 for evacuation
[2023-11-10T12:13:58.176-0800][78041808ms] GC(26728)   Pre Evacuate Collection Set: 0.0ms
[2023-11-10T12:13:58.176-0800][78041808ms] GC(26728)   Evacuate Collection Set: 1.6ms
[2023-11-10T12:13:58.176-0800][78041808ms] GC(26728)   Post Evacuate Collection Set: 3.1ms
[2023-11-10T12:13:58.176-0800][78041808ms] GC(26728)   Other: 0.2ms
[2023-11-10T12:13:58.176-0800][78041808ms] GC(26728) Eden regions: 145->0(145)
[2023-11-10T12:13:58.176-0800][78041808ms] GC(26728) Survivor regions: 1->1(19)
[2023-11-10T12:13:58.176-0800][78041808ms] GC(26728) Old regions: 1468->1468
[2023-11-10T12:13:58.176-0800][78041808ms] GC(26728) Humongous regions: 5->5
[2023-11-10T12:13:58.176-0800][78041808ms] GC(26728) Metaspace: 305050K->305050K(1349632K)
[2023-11-10T12:13:58.176-0800][78041808ms] GC(26728) Pause Young (Normal) (G1 Evacuation Pause) 3235M->2945M(3602M) 5.059ms
[2023-11-10T12:13:58.176-0800][78041808ms] GC(26728) User=0.00s Sys=0.00s Real=0.01s
[2023-11-10T12:13:58.429-0800][78042061ms] GC(26729) Pause Young (Normal) (G1 Evacuation Pause)
[2023-11-10T12:13:58.429-0800][78042061ms] GC(26729) Using 10 workers of 10 for evacuation
[2023-11-10T12:13:58.435-0800][78042067ms] GC(26729)   Pre Evacuate Collection Set: 0.1ms
[2023-11-10T12:13:58.435-0800][78042067ms] GC(26729)   Evacuate Collection Set: 1.8ms
[2023-11-10T12:13:58.435-0800][78042067ms] GC(26729)   Post Evacuate Collection Set: 3.1ms
[2023-11-10T12:13:58.435-0800][78042067ms] GC(26729)   Other: 0.3ms
[2023-11-10T12:13:58.435-0800][78042067ms] GC(26729) Eden regions: 145->0(145)
[2023-11-10T12:13:58.435-0800][78042067ms] GC(26729) Survivor regions: 1->1(19)
[2023-11-10T12:13:58.435-0800][78042067ms] GC(26729) Old regions: 1468->1468
[2023-11-10T12:13:58.435-0800][78042067ms] GC(26729) Humongous regions: 5->5
[2023-11-10T12:13:58.435-0800][78042067ms] GC(26729) Metaspace: 305050K->305050K(1349632K)
[2023-11-10T12:13:58.435-0800][78042067ms] GC(26729) Pause Young (Normal) (G1 Evacuation Pause) 3235M->2945M(3602M) 5.296ms
[2023-11-10T12:13:58.435-0800][78042067ms] GC(26729) User=0.00s Sys=0.00s Real=0.01s
[2023-11-10T12:13:58.711-0800][78042343ms] GC(26730) Pause Young (Normal) (G1 Evacuation Pause)
[2023-11-10T12:13:58.711-0800][78042343ms] GC(26730) Using 10 workers of 10 for evacuation
[2023-11-10T12:13:58.717-0800][78042349ms] GC(26730)   Pre Evacuate Collection Set: 0.0ms
[2023-11-10T12:13:58.717-0800][78042349ms] GC(26730)   Evacuate Collection Set: 1.7ms
[2023-11-10T12:13:58.717-0800][78042349ms] GC(26730)   Post Evacuate Collection Set: 3.1ms
[2023-11-10T12:13:58.717-0800][78042349ms] GC(26730)   Other: 0.2ms
[2023-11-10T12:13:58.717-0800][78042349ms] GC(26730) Eden regions: 145->0(145)
[2023-11-10T12:13:58.717-0800][78042349ms] GC(26730) Survivor regions: 1->1(19)
[2023-11-10T12:13:58.717-0800][78042349ms] GC(26730) Old regions: 1468->1468
[2023-11-10T12:13:58.717-0800][78042349ms] GC(26730) Humongous regions: 5->5
[2023-11-10T12:13:58.717-0800][78042349ms] GC(26730) Metaspace: 305050K->305050K(1349632K)
[2023-11-10T12:13:58.717-0800][78042349ms] GC(26730) Pause Young (Normal) (G1 Evacuation Pause) 3235M->2945M(3602M) 5.152ms
[2023-11-10T12:13:58.717-0800][78042349ms] GC(26730) User=0.00s Sys=0.00s Real=0.01s
[2023-11-10T12:13:58.987-0800][78042619ms] GC(26731) Pause Young (Normal) (G1 Evacuation Pause)
[2023-11-10T12:13:58.987-0800][78042619ms] GC(26731) Using 10 workers of 10 for evacuation
[2023-11-10T12:13:58.992-0800][78042624ms] GC(26731)   Pre Evacuate Collection Set: 0.0ms
[2023-11-10T12:13:58.992-0800][78042624ms] GC(26731)   Evacuate Collection Set: 1.6ms
[2023-11-10T12:13:58.992-0800][78042624ms] GC(26731)   Post Evacuate Collection Set: 3.0ms
[2023-11-10T12:13:58.992-0800][78042624ms] GC(26731)   Other: 0.2ms
[2023-11-10T12:13:58.992-0800][78042624ms] GC(26731) Eden regions: 145->0(145)
[2023-11-10T12:13:58.992-0800][78042624ms] GC(26731) Survivor regions: 1->1(19)
[2023-11-10T12:13:58.992-0800][78042624ms] GC(26731) Old regions: 1468->1468
[2023-11-10T12:13:58.992-0800][78042624ms] GC(26731) Humongous regions: 5->5
[2023-11-10T12:13:58.992-0800][78042624ms] GC(26731) Metaspace: 305050K->305050K(1349632K)
[2023-11-10T12:13:58.992-0800][78042624ms] GC(26731) Pause Young (Normal) (G1 Evacuation Pause) 3235M->2945M(3602M) 5.006ms
[2023-11-10T12:13:58.992-0800][78042624ms] GC(26731) User=0.00s Sys=0.00s Real=0.01s
[2023-11-10T12:13:59.232-0800][78042864ms] GC(26732) Pause Young (Normal) (G1 Evacuation Pause)
[2023-11-10T12:13:59.232-0800][78042864ms] GC(26732) Using 10 workers of 10 for evacuation
[2023-11-10T12:13:59.237-0800][78042869ms] GC(26732)   Pre Evacuate Collection Set: 0.0ms
[2023-11-10T12:13:59.237-0800][78042869ms] GC(26732)   Evacuate Collection Set: 1.7ms
[2023-11-10T12:13:59.237-0800][78042869ms] GC(26732)   Post Evacuate Collection Set: 3.1ms
[2023-11-10T12:13:59.237-0800][78042869ms] GC(26732)   Other: 0.2ms
[2023-11-10T12:13:59.237-0800][78042869ms] GC(26732) Eden regions: 145->0(145)
[2023-11-10T12:13:59.237-0800][78042869ms] GC(26732) Survivor regions: 1->1(19)
[2023-11-10T12:13:59.237-0800][78042869ms] GC(26732) Old regions: 1468->1468
[2023-11-10T12:13:59.237-0800][78042869ms] GC(26732) Humongous regions: 5->5
[2023-11-10T12:13:59.237-0800][78042869ms] GC(26732) Metaspace: 305050K->305050K(1349632K)
[2023-11-10T12:13:59.237-0800][78042869ms] GC(26732) Pause Young (Normal) (G1 Evacuation Pause) 3235M->2945M(3602M) 5.150ms
[2023-11-10T12:13:59.237-0800][78042869ms] GC(26732) User=0.00s Sys=0.00s Real=0.00s
[2023-11-10T12:13:59.487-0800][78043119ms] GC(26733) Pause Young (Normal) (G1 Evacuation Pause)
[2023-11-10T12:13:59.487-0800][78043119ms] GC(26733) Using 10 workers of 10 for evacuation
[2023-11-10T12:13:59.491-0800][78043123ms] GC(26733)   Pre Evacuate Collection Set: 0.0ms
[2023-11-10T12:13:59.491-0800][78043123ms] GC(26733)   Evacuate Collection Set: 1.6ms
[2023-11-10T12:13:59.491-0800][78043123ms] GC(26733)   Post Evacuate Collection Set: 3.0ms
[2023-11-10T12:13:59.491-0800][78043123ms] GC(26733)   Other: 0.2ms
[2023-11-10T12:13:59.491-0800][78043123ms] GC(26733) Eden regions: 145->0(145)
[2023-11-10T12:13:59.491-0800][78043123ms] GC(26733) Survivor regions: 1->1(19)
[2023-11-10T12:13:59.491-0800][78043123ms] GC(26733) Old regions: 1468->1468
[2023-11-10T12:13:59.491-0800][78043123ms] GC(26733) Humongous regions: 5->5
[2023-11-10T12:13:59.491-0800][78043123ms] GC(26733) Metaspace: 305050K->305050K(1349632K)
[2023-11-10T12:13:59.491-0800][78043123ms] GC(26733) Pause Young (Normal) (G1 Evacuation Pause) 3235M->2945M(3602M) 4.901ms
[2023-11-10T12:13:59.491-0800][78043123ms] GC(26733) User=0.00s Sys=0.00s Real=0.00s
[2023-11-10T12:13:59.746-0800][78043378ms] GC(26734) Pause Young (Normal) (G1 Evacuation Pause)
[2023-11-10T12:13:59.746-0800][78043378ms] GC(26734) Using 10 workers of 10 for evacuation
[2023-11-10T12:13:59.751-0800][78043383ms] GC(26734)   Pre Evacuate Collection Set: 0.0ms
[2023-11-10T12:13:59.751-0800][78043383ms] GC(26734)   Evacuate Collection Set: 1.6ms
[2023-11-10T12:13:59.751-0800][78043383ms] GC(26734)   Post Evacuate Collection Set: 3.0ms
[2023-11-10T12:13:59.751-0800][78043383ms] GC(26734)   Other: 0.2ms
[2023-11-10T12:13:59.751-0800][78043383ms] GC(26734) Eden regions: 145->0(145)
[2023-11-10T12:13:59.751-0800][78043383ms] GC(26734) Survivor regions: 1->1(19)
[2023-11-10T12:13:59.751-0800][78043383ms] GC(26734) Old regions: 1468->1468
[2023-11-10T12:13:59.751-0800][78043383ms] GC(26734) Humongous regions: 5->5
[2023-11-10T12:13:59.751-0800][78043383ms] GC(26734) Metaspace: 305050K->305050K(1349632K)
[2023-11-10T12:13:59.751-0800][78043383ms] GC(26734) Pause Young (Normal) (G1 Evacuation Pause) 3235M->2946M(3602M) 4.927ms
[2023-11-10T12:13:59.751-0800][78043383ms] GC(26734) User=0.00s Sys=0.00s Real=0.00s
[2023-11-10T12:14:00.001-0800][78043633ms] GC(26735) Pause Young (Normal) (G1 Evacuation Pause)
[2023-11-10T12:14:00.002-0800][78043634ms] GC(26735) Using 10 workers of 10 for evacuation
[2023-11-10T12:14:00.006-0800][78043638ms] GC(26735)   Pre Evacuate Collection Set: 0.0ms
[2023-11-10T12:14:00.006-0800][78043638ms] GC(26735)   Evacuate Collection Set: 1.6ms
[2023-11-10T12:14:00.006-0800][78043638ms] GC(26735)   Post Evacuate Collection Set: 3.0ms
[2023-11-10T12:14:00.006-0800][78043638ms] GC(26735)   Other: 0.2ms
[2023-11-10T12:14:00.006-0800][78043638ms] GC(26735) Eden regions: 145->0(145)
[2023-11-10T12:14:00.006-0800][78043638ms] GC(26735) Survivor regions: 1->1(19)
[2023-11-10T12:14:00.006-0800][78043638ms] GC(26735) Old regions: 1468->1468
[2023-11-10T12:14:00.006-0800][78043638ms] GC(26735) Humongous regions: 5->5
[2023-11-10T12:14:00.006-0800][78043638ms] GC(26735) Metaspace: 305050K->305050K(1349632K)
[2023-11-10T12:14:00.006-0800][78043638ms] GC(26735) Pause Young (Normal) (G1 Evacuation Pause) 3236M->2945M(3602M) 4.905ms
[2023-11-10T12:14:00.006-0800][78043638ms] GC(26735) User=0.00s Sys=0.00s Real=0.01s
[2023-11-10T12:14:00.256-0800][78043888ms] GC(26736) Pause Young (Normal) (G1 Evacuation Pause)
[2023-11-10T12:14:00.256-0800][78043888ms] GC(26736) Using 10 workers of 10 for evacuation
[2023-11-10T12:14:00.260-0800][78043892ms] GC(26736)   Pre Evacuate Collection Set: 0.0ms
[2023-11-10T12:14:00.260-0800][78043892ms] GC(26736)   Evacuate Collection Set: 1.7ms
[2023-11-10T12:14:00.260-0800][78043892ms] GC(26736)   Post Evacuate Collection Set: 3.0ms
[2023-11-10T12:14:00.260-0800][78043892ms] GC(26736)   Other: 0.2ms
[2023-11-10T12:14:00.260-0800][78043892ms] GC(26736) Eden regions: 145->0(145)
[2023-11-10T12:14:00.260-0800][78043892ms] GC(26736) Survivor regions: 1->1(19)
[2023-11-10T12:14:00.260-0800][78043892ms] GC(26736) Old regions: 1468->1468
[2023-11-10T12:14:00.260-0800][78043892ms] GC(26736) Humongous regions: 5->5
[2023-11-10T12:14:00.260-0800][78043892ms] GC(26736) Metaspace: 305050K->305050K(1349632K)
[2023-11-10T12:14:00.260-0800][78043892ms] GC(26736) Pause Young (Normal) (G1 Evacuation Pause) 3235M->2946M(3602M) 5.049ms
[2023-11-10T12:14:00.260-0800][78043892ms] GC(26736) User=0.02s Sys=0.00s Real=0.00s
[2023-11-10T12:14:00.507-0800][78044139ms] GC(26737) Pause Young (Normal) (G1 Evacuation Pause)
[2023-11-10T12:14:00.507-0800][78044139ms] GC(26737) Using 10 workers of 10 for evacuation
[2023-11-10T12:14:00.512-0800][78044144ms] GC(26737)   Pre Evacuate Collection Set: 0.1ms
[2023-11-10T12:14:00.512-0800][78044144ms] GC(26737)   Evacuate Collection Set: 1.7ms
[2023-11-10T12:14:00.512-0800][78044144ms] GC(26737)   Post Evacuate Collection Set: 3.3ms
[2023-11-10T12:14:00.512-0800][78044144ms] GC(26737)   Other: 0.2ms
[2023-11-10T12:14:00.512-0800][78044144ms] GC(26737) Eden regions: 145->0(145)
[2023-11-10T12:14:00.512-0800][78044144ms] GC(26737) Survivor regions: 1->1(19)
[2023-11-10T12:14:00.512-0800][78044144ms] GC(26737) Old regions: 1468->1468
[2023-11-10T12:14:00.512-0800][78044144ms] GC(26737) Humongous regions: 5->5
[2023-11-10T12:14:00.512-0800][78044144ms] GC(26737) Metaspace: 305050K->305050K(1349632K)
[2023-11-10T12:14:00.512-0800][78044144ms] GC(26737) Pause Young (Normal) (G1 Evacuation Pause) 3236M->2945M(3602M) 5.373ms
[2023-11-10T12:14:00.512-0800][78044144ms] GC(26737) User=0.00s Sys=0.00s Real=0.01s
[2023-11-10T12:14:00.768-0800][78044400ms] GC(26738) Pause Young (Normal) (G1 Evacuation Pause)
[2023-11-10T12:14:00.768-0800][78044400ms] GC(26738) Using 10 workers of 10 for evacuation
[2023-11-10T12:14:00.773-0800][78044405ms] GC(26738)   Pre Evacuate Collection Set: 0.0ms
[2023-11-10T12:14:00.773-0800][78044405ms] GC(26738)   Evacuate Collection Set: 1.6ms
[2023-11-10T12:14:00.773-0800][78044405ms] GC(26738)   Post Evacuate Collection Set: 3.0ms
[2023-11-10T12:14:00.773-0800][78044405ms] GC(26738)   Other: 0.3ms
[2023-11-10T12:14:00.773-0800][78044405ms] GC(26738) Eden regions: 145->0(145)
[2023-11-10T12:14:00.773-0800][78044405ms] GC(26738) Survivor regions: 1->1(19)
[2023-11-10T12:14:00.773-0800][78044405ms] GC(26738) Old regions: 1468->1468
[2023-11-10T12:14:00.773-0800][78044405ms] GC(26738) Humongous regions: 5->5
[2023-11-10T12:14:00.773-0800][78044405ms] GC(26738) Metaspace: 305050K->305050K(1349632K)
[2023-11-10T12:14:00.773-0800][78044405ms] GC(26738) Pause Young (Normal) (G1 Evacuation Pause) 3235M->2945M(3602M) 5.066ms
[2023-11-10T12:14:00.773-0800][78044405ms] GC(26738) User=0.00s Sys=0.00s Real=0.01s
[2023-11-10T12:14:01.024-0800][78044656ms] GC(26739) Pause Young (Normal) (G1 Evacuation Pause)
[2023-11-10T12:14:01.024-0800][78044656ms] GC(26739) Using 10 workers of 10 for evacuation
[2023-11-10T12:14:01.029-0800][78044661ms] GC(26739)   Pre Evacuate Collection Set: 0.0ms
[2023-11-10T12:14:01.029-0800][78044661ms] GC(26739)   Evacuate Collection Set: 1.7ms
[2023-11-10T12:14:01.029-0800][78044661ms] GC(26739)   Post Evacuate Collection Set: 3.2ms
[2023-11-10T12:14:01.029-0800][78044661ms] GC(26739)   Other: 0.2ms
[2023-11-10T12:14:01.029-0800][78044661ms] GC(26739) Eden regions: 145->0(145)
[2023-11-10T12:14:01.029-0800][78044661ms] GC(26739) Survivor regions: 1->1(19)
[2023-11-10T12:14:01.029-0800][78044661ms] GC(26739) Old regions: 1468->1468
[2023-11-10T12:14:01.029-0800][78044661ms] GC(26739) Humongous regions: 5->5
[2023-11-10T12:14:01.029-0800][78044661ms] GC(26739) Metaspace: 305050K->305050K(1349632K)
[2023-11-10T12:14:01.029-0800][78044661ms] GC(26739) Pause Young (Normal) (G1 Evacuation Pause) 3235M->2945M(3602M) 5.208ms
[2023-11-10T12:14:01.029-0800][78044661ms] GC(26739) User=0.00s Sys=0.00s Real=0.01s
[2023-11-10T12:14:01.274-0800][78044906ms] GC(26740) Pause Young (Normal) (G1 Evacuation Pause)
[2023-11-10T12:14:01.274-0800][78044906ms] GC(26740) Using 10 workers of 10 for evacuation
[2023-11-10T12:14:01.281-0800][78044913ms] GC(26740)   Pre Evacuate Collection Set: 0.0ms
[2023-11-10T12:14:01.281-0800][78044913ms] GC(26740)   Evacuate Collection Set: 1.7ms
[2023-11-10T12:14:01.281-0800][78044913ms] GC(26740)   Post Evacuate Collection Set: 4.8ms
[2023-11-10T12:14:01.281-0800][78044913ms] GC(26740)   Other: 0.2ms
[2023-11-10T12:14:01.281-0800][78044913ms] GC(26740) Eden regions: 145->0(145)
[2023-11-10T12:14:01.281-0800][78044913ms] GC(26740) Survivor regions: 1->1(19)
[2023-11-10T12:14:01.281-0800][78044913ms] GC(26740) Old regions: 1468->1468
[2023-11-10T12:14:01.281-0800][78044913ms] GC(26740) Humongous regions: 5->5
[2023-11-10T12:14:01.282-0800][78044914ms] GC(26740) Metaspace: 305050K->305050K(1349632K)
[2023-11-10T12:14:01.282-0800][78044914ms] GC(26740) Pause Young (Normal) (G1 Evacuation Pause) 3235M->2945M(3602M) 6.936ms
[2023-11-10T12:14:01.282-0800][78044914ms] GC(26740) User=0.00s Sys=0.00s Real=0.01s
[2023-11-10T12:14:01.549-0800][78045181ms] GC(26741) Pause Young (Normal) (G1 Evacuation Pause)
[2023-11-10T12:14:01.549-0800][78045181ms] GC(26741) Using 10 workers of 10 for evacuation
[2023-11-10T12:14:01.554-0800][78045186ms] GC(26741)   Pre Evacuate Collection Set: 0.0ms
[2023-11-10T12:14:01.554-0800][78045186ms] GC(26741)   Evacuate Collection Set: 1.7ms
[2023-11-10T12:14:01.554-0800][78045186ms] GC(26741)   Post Evacuate Collection Set: 3.3ms
[2023-11-10T12:14:01.554-0800][78045186ms] GC(26741)   Other: 0.2ms
[2023-11-10T12:14:01.554-0800][78045186ms] GC(26741) Eden regions: 145->0(145)
[2023-11-10T12:14:01.555-0800][78045187ms] GC(26741) Survivor regions: 1->1(19)
[2023-11-10T12:14:01.555-0800][78045187ms] GC(26741) Old regions: 1468->1468
[2023-11-10T12:14:01.555-0800][78045187ms] GC(26741) Humongous regions: 5->5
[2023-11-10T12:14:01.555-0800][78045187ms] GC(26741) Metaspace: 305050K->305050K(1349632K)
[2023-11-10T12:14:01.555-0800][78045187ms] GC(26741) Pause Young (Normal) (G1 Evacuation Pause) 3235M->2945M(3602M) 5.400ms
[2023-11-10T12:14:01.555-0800][78045187ms] GC(26741) User=0.02s Sys=0.00s Real=0.01s
[2023-11-10T12:14:01.813-0800][78045445ms] GC(26742) Pause Young (Normal) (G1 Evacuation Pause)
[2023-11-10T12:14:01.813-0800][78045445ms] GC(26742) Using 10 workers of 10 for evacuation
[2023-11-10T12:14:01.818-0800][78045450ms] GC(26742)   Pre Evacuate Collection Set: 0.0ms
[2023-11-10T12:14:01.818-0800][78045450ms] GC(26742)   Evacuate Collection Set: 1.6ms
[2023-11-10T12:14:01.818-0800][78045450ms] GC(26742)   Post Evacuate Collection Set: 3.0ms
[2023-11-10T12:14:01.818-0800][78045450ms] GC(26742)   Other: 0.2ms
[2023-11-10T12:14:01.818-0800][78045450ms] GC(26742) Eden regions: 145->0(145)
[2023-11-10T12:14:01.818-0800][78045450ms] GC(26742) Survivor regions: 1->1(19)
[2023-11-10T12:14:01.818-0800][78045450ms] GC(26742) Old regions: 1468->1468
[2023-11-10T12:14:01.818-0800][78045450ms] GC(26742) Humongous regions: 5->5
[2023-11-10T12:14:01.818-0800][78045450ms] GC(26742) Metaspace: 305050K->305050K(1349632K)
[2023-11-10T12:14:01.818-0800][78045450ms] GC(26742) Pause Young (Normal) (G1 Evacuation Pause) 3235M->2945M(3602M) 5.057ms
[2023-11-10T12:14:01.818-0800][78045450ms] GC(26742) User=0.00s Sys=0.00s Real=0.01s
[2023-11-10T12:14:02.080-0800][78045712ms] GC(26743) Pause Young (Normal) (G1 Evacuation Pause)
[2023-11-10T12:14:02.080-0800][78045712ms] GC(26743) Using 10 workers of 10 for evacuation
[2023-11-10T12:14:02.084-0800][78045716ms] GC(26743)   Pre Evacuate Collection Set: 0.0ms
[2023-11-10T12:14:02.084-0800][78045716ms] GC(26743)   Evacuate Collection Set: 1.7ms
[2023-11-10T12:14:02.084-0800][78045716ms] GC(26743)   Post Evacuate Collection Set: 3.1ms
[2023-11-10T12:14:02.084-0800][78045716ms] GC(26743)   Other: 0.2ms
[2023-11-10T12:14:02.084-0800][78045716ms] GC(26743) Eden regions: 145->0(145)
[2023-11-10T12:14:02.084-0800][78045716ms] GC(26743) Survivor regions: 1->1(19)
[2023-11-10T12:14:02.084-0800][78045716ms] GC(26743) Old regions: 1468->1468
[2023-11-10T12:14:02.084-0800][78045716ms] GC(26743) Humongous regions: 5->5
[2023-11-10T12:14:02.084-0800][78045716ms] GC(26743) Metaspace: 305050K->305050K(1349632K)
[2023-11-10T12:14:02.084-0800][78045716ms] GC(26743) Pause Young (Normal) (G1 Evacuation Pause) 3235M->2945M(3602M) 5.197ms
[2023-11-10T12:14:02.085-0800][78045717ms] GC(26743) User=0.00s Sys=0.00s Real=0.01s
[2023-11-10T12:14:02.353-0800][78045985ms] GC(26744) Pause Young (Normal) (G1 Evacuation Pause)
[2023-11-10T12:14:02.353-0800][78045985ms] GC(26744) Using 10 workers of 10 for evacuation
[2023-11-10T12:14:02.358-0800][78045990ms] GC(26744)   Pre Evacuate Collection Set: 0.0ms
[2023-11-10T12:14:02.358-0800][78045990ms] GC(26744)   Evacuate Collection Set: 1.8ms
[2023-11-10T12:14:02.358-0800][78045990ms] GC(26744)   Post Evacuate Collection Set: 2.9ms
[2023-11-10T12:14:02.358-0800][78045990ms] GC(26744)   Other: 0.3ms
[2023-11-10T12:14:02.358-0800][78045990ms] GC(26744) Eden regions: 145->0(145)
[2023-11-10T12:14:02.358-0800][78045990ms] GC(26744) Survivor regions: 1->1(19)
[2023-11-10T12:14:02.358-0800][78045990ms] GC(26744) Old regions: 1468->1468
[2023-11-10T12:14:02.358-0800][78045990ms] GC(26744) Humongous regions: 5->5
[2023-11-10T12:14:02.358-0800][78045990ms] GC(26744) Metaspace: 305050K->305050K(1349632K)
[2023-11-10T12:14:02.358-0800][78045990ms] GC(26744) Pause Young (Normal) (G1 Evacuation Pause) 3235M->2946M(3602M) 5.139ms
[2023-11-10T12:14:02.358-0800][78045990ms] GC(26744) User=0.00s Sys=0.00s Real=0.01s
[2023-11-10T12:14:02.606-0800][78046238ms] GC(26745) Pause Young (Normal) (G1 Evacuation Pause)
[2023-11-10T12:14:02.606-0800][78046238ms] GC(26745) Using 10 workers of 10 for evacuation
[2023-11-10T12:14:02.611-0800][78046243ms] GC(26745)   Pre Evacuate Collection Set: 0.0ms
[2023-11-10T12:14:02.611-0800][78046243ms] GC(26745)   Evacuate Collection Set: 1.6ms
[2023-11-10T12:14:02.611-0800][78046243ms] GC(26745)   Post Evacuate Collection Set: 3.1ms
[2023-11-10T12:14:02.611-0800][78046243ms] GC(26745)   Other: 0.2ms
[2023-11-10T12:14:02.611-0800][78046243ms] GC(26745) Eden regions: 145->0(145)
[2023-11-10T12:14:02.611-0800][78046243ms] GC(26745) Survivor regions: 1->1(19)
[2023-11-10T12:14:02.611-0800][78046243ms] GC(26745) Old regions: 1468->1468
[2023-11-10T12:14:02.611-0800][78046243ms] GC(26745) Humongous regions: 5->5
[2023-11-10T12:14:02.611-0800][78046243ms] GC(26745) Metaspace: 305050K->305050K(1349632K)
[2023-11-10T12:14:02.611-0800][78046243ms] GC(26745) Pause Young (Normal) (G1 Evacuation Pause) 3236M->2945M(3602M) 5.124ms
[2023-11-10T12:14:02.611-0800][78046243ms] GC(26745) User=0.00s Sys=0.00s Real=0.01s
[2023-11-10T12:14:02.878-0800][78046510ms] GC(26746) Pause Young (Normal) (G1 Evacuation Pause)
[2023-11-10T12:14:02.878-0800][78046510ms] GC(26746) Using 10 workers of 10 for evacuation
[2023-11-10T12:14:02.882-0800][78046514ms] GC(26746)   Pre Evacuate Collection Set: 0.0ms
[2023-11-10T12:14:02.882-0800][78046514ms] GC(26746)   Evacuate Collection Set: 1.7ms
[2023-11-10T12:14:02.882-0800][78046514ms] GC(26746)   Post Evacuate Collection Set: 3.1ms
[2023-11-10T12:14:02.882-0800][78046514ms] GC(26746)   Other: 0.2ms
[2023-11-10T12:14:02.882-0800][78046514ms] GC(26746) Eden regions: 145->0(145)
[2023-11-10T12:14:02.882-0800][78046514ms] GC(26746) Survivor regions: 1->1(19)
[2023-11-10T12:14:02.882-0800][78046514ms] GC(26746) Old regions: 1468->1468
[2023-11-10T12:14:02.882-0800][78046514ms] GC(26746) Humongous regions: 5->5
[2023-11-10T12:14:02.882-0800][78046514ms] GC(26746) Metaspace: 305050K->305050K(1349632K)
[2023-11-10T12:14:02.882-0800][78046514ms] GC(26746) Pause Young (Normal) (G1 Evacuation Pause) 3235M->2945M(3602M) 5.090ms
[2023-11-10T12:14:02.882-0800][78046514ms] GC(26746) User=0.00s Sys=0.00s Real=0.00s
[2023-11-10T12:14:03.136-0800][78046768ms] GC(26747) Pause Young (Normal) (G1 Evacuation Pause)
[2023-11-10T12:14:03.136-0800][78046768ms] GC(26747) Using 10 workers of 10 for evacuation
[2023-11-10T12:14:03.141-0800][78046773ms] GC(26747)   Pre Evacuate Collection Set: 0.0ms
[2023-11-10T12:14:03.141-0800][78046773ms] GC(26747)   Evacuate Collection Set: 1.7ms
[2023-11-10T12:14:03.142-0800][78046774ms] GC(26747)   Post Evacuate Collection Set: 3.1ms
[2023-11-10T12:14:03.142-0800][78046774ms] GC(26747)   Other: 0.3ms
[2023-11-10T12:14:03.142-0800][78046774ms] GC(26747) Eden regions: 145->0(145)
[2023-11-10T12:14:03.142-0800][78046774ms] GC(26747) Survivor regions: 1->1(19)
[2023-11-10T12:14:03.142-0800][78046774ms] GC(26747) Old regions: 1468->1468
[2023-11-10T12:14:03.142-0800][78046774ms] GC(26747) Humongous regions: 5->5
[2023-11-10T12:14:03.142-0800][78046774ms] GC(26747) Metaspace: 305050K->305050K(1349632K)
[2023-11-10T12:14:03.142-0800][78046774ms] GC(26747) Pause Young (Normal) (G1 Evacuation Pause) 3235M->2945M(3602M) 5.278ms
[2023-11-10T12:14:03.142-0800][78046774ms] GC(26747) User=0.00s Sys=0.00s Real=0.01s
[2023-11-10T12:14:03.389-0800][78047021ms] GC(26748) Pause Young (Normal) (G1 Evacuation Pause)
[2023-11-10T12:14:03.389-0800][78047021ms] GC(26748) Using 10 workers of 10 for evacuation
[2023-11-10T12:14:03.394-0800][78047026ms] GC(26748)   Pre Evacuate Collection Set: 0.0ms
[2023-11-10T12:14:03.394-0800][78047026ms] GC(26748)   Evacuate Collection Set: 2.1ms
[2023-11-10T12:14:03.394-0800][78047026ms] GC(26748)   Post Evacuate Collection Set: 3.1ms
[2023-11-10T12:14:03.394-0800][78047026ms] GC(26748)   Other: 0.3ms
[2023-11-10T12:14:03.394-0800][78047026ms] GC(26748) Eden regions: 145->0(145)
[2023-11-10T12:14:03.394-0800][78047026ms] GC(26748) Survivor regions: 1->1(19)
[2023-11-10T12:14:03.394-0800][78047026ms] GC(26748) Old regions: 1468->1468
[2023-11-10T12:14:03.394-0800][78047026ms] GC(26748) Humongous regions: 5->5
[2023-11-10T12:14:03.394-0800][78047026ms] GC(26748) Metaspace: 305050K->305050K(1349632K)
[2023-11-10T12:14:03.394-0800][78047026ms] GC(26748) Pause Young (Normal) (G1 Evacuation Pause) 3235M->2945M(3602M) 5.616ms
[2023-11-10T12:14:03.394-0800][78047026ms] GC(26748) User=0.00s Sys=0.00s Real=0.01s
[2023-11-10T12:14:03.644-0800][78047276ms] GC(26749) Pause Young (Normal) (G1 Evacuation Pause)
[2023-11-10T12:14:03.644-0800][78047276ms] GC(26749) Using 10 workers of 10 for evacuation
[2023-11-10T12:14:03.649-0800][78047281ms] GC(26749)   Pre Evacuate Collection Set: 0.1ms
[2023-11-10T12:14:03.649-0800][78047281ms] GC(26749)   Evacuate Collection Set: 1.8ms
[2023-11-10T12:14:03.649-0800][78047281ms] GC(26749)   Post Evacuate Collection Set: 3.4ms
[2023-11-10T12:14:03.649-0800][78047281ms] GC(26749)   Other: 0.3ms
[2023-11-10T12:14:03.649-0800][78047281ms] GC(26749) Eden regions: 145->0(145)
[2023-11-10T12:14:03.649-0800][78047281ms] GC(26749) Survivor regions: 1->1(19)
[2023-11-10T12:14:03.649-0800][78047281ms] GC(26749) Old regions: 1468->1468
[2023-11-10T12:14:03.649-0800][78047281ms] GC(26749) Humongous regions: 5->5
[2023-11-10T12:14:03.649-0800][78047281ms] GC(26749) Metaspace: 305050K->305050K(1349632K)
[2023-11-10T12:14:03.649-0800][78047281ms] GC(26749) Pause Young (Normal) (G1 Evacuation Pause) 3235M->2945M(3602M) 5.571ms
[2023-11-10T12:14:03.649-0800][78047281ms] GC(26749) User=0.00s Sys=0.00s Real=0.00s
[2023-11-10T12:14:03.911-0800][78047543ms] GC(26750) Pause Young (Normal) (G1 Evacuation Pause)
[2023-11-10T12:14:03.912-0800][78047544ms] GC(26750) Using 10 workers of 10 for evacuation
[2023-11-10T12:14:03.916-0800][78047548ms] GC(26750)   Pre Evacuate Collection Set: 0.1ms
[2023-11-10T12:14:03.916-0800][78047548ms] GC(26750)   Evacuate Collection Set: 1.7ms
[2023-11-10T12:14:03.916-0800][78047548ms] GC(26750)   Post Evacuate Collection Set: 3.1ms
[2023-11-10T12:14:03.916-0800][78047548ms] GC(26750)   Other: 0.3ms
[2023-11-10T12:14:03.916-0800][78047548ms] GC(26750) Eden regions: 145->0(145)
[2023-11-10T12:14:03.916-0800][78047548ms] GC(26750) Survivor regions: 1->1(19)
[2023-11-10T12:14:03.916-0800][78047548ms] GC(26750) Old regions: 1468->1468
[2023-11-10T12:14:03.916-0800][78047548ms] GC(26750) Humongous regions: 5->5
[2023-11-10T12:14:03.916-0800][78047548ms] GC(26750) Metaspace: 305050K->305050K(1349632K)
[2023-11-10T12:14:03.916-0800][78047548ms] GC(26750) Pause Young (Normal) (G1 Evacuation Pause) 3235M->2945M(3602M) 5.225ms
[2023-11-10T12:14:03.916-0800][78047548ms] GC(26750) User=0.06s Sys=0.00s Real=0.00s
[2023-11-10T12:14:04.194-0800][78047826ms] GC(26751) Pause Young (Normal) (G1 Evacuation Pause)
[2023-11-10T12:14:04.194-0800][78047826ms] GC(26751) Using 10 workers of 10 for evacuation
[2023-11-10T12:14:04.199-0800][78047831ms] GC(26751)   Pre Evacuate Collection Set: 0.0ms
[2023-11-10T12:14:04.199-0800][78047831ms] GC(26751)   Evacuate Collection Set: 1.6ms
[2023-11-10T12:14:04.199-0800][78047831ms] GC(26751)   Post Evacuate Collection Set: 3.0ms
[2023-11-10T12:14:04.199-0800][78047831ms] GC(26751)   Other: 0.3ms
[2023-11-10T12:14:04.199-0800][78047831ms] GC(26751) Eden regions: 145->0(145)
[2023-11-10T12:14:04.199-0800][78047831ms] GC(26751) Survivor regions: 1->1(19)
[2023-11-10T12:14:04.199-0800][78047831ms] GC(26751) Old regions: 1468->1468
[2023-11-10T12:14:04.199-0800][78047831ms] GC(26751) Humongous regions: 5->5
[2023-11-10T12:14:04.199-0800][78047831ms] GC(26751) Metaspace: 305050K->305050K(1349632K)
[2023-11-10T12:14:04.199-0800][78047831ms] GC(26751) Pause Young (Normal) (G1 Evacuation Pause) 3235M->2945M(3602M) 5.067ms
[2023-11-10T12:14:04.199-0800][78047831ms] GC(26751) User=0.00s Sys=0.00s Real=0.00s
[2023-11-10T12:14:04.467-0800][78048099ms] GC(26752) Pause Young (Normal) (G1 Evacuation Pause)
[2023-11-10T12:14:04.467-0800][78048099ms] GC(26752) Using 10 workers of 10 for evacuation
[2023-11-10T12:14:04.471-0800][78048103ms] GC(26752)   Pre Evacuate Collection Set: 0.0ms
[2023-11-10T12:14:04.471-0800][78048103ms] GC(26752)   Evacuate Collection Set: 1.8ms
[2023-11-10T12:14:04.471-0800][78048103ms] GC(26752)   Post Evacuate Collection Set: 3.2ms
[2023-11-10T12:14:04.471-0800][78048103ms] GC(26752)   Other: 0.3ms
[2023-11-10T12:14:04.471-0800][78048103ms] GC(26752) Eden regions: 145->0(145)
[2023-11-10T12:14:04.471-0800][78048103ms] GC(26752) Survivor regions: 1->1(19)
[2023-11-10T12:14:04.471-0800][78048103ms] GC(26752) Old regions: 1468->1468
[2023-11-10T12:14:04.471-0800][78048103ms] GC(26752) Humongous regions: 5->5
[2023-11-10T12:14:04.471-0800][78048103ms] GC(26752) Metaspace: 305050K->305050K(1349632K)
[2023-11-10T12:14:04.471-0800][78048103ms] GC(26752) Pause Young (Normal) (G1 Evacuation Pause) 3235M->2946M(3602M) 5.423ms
[2023-11-10T12:14:04.472-0800][78048104ms] GC(26752) User=0.00s Sys=0.00s Real=0.00s
[2023-11-10T12:14:04.805-0800][78048437ms] GC(26753) Pause Young (Normal) (G1 Evacuation Pause)
[2023-11-10T12:14:04.805-0800][78048437ms] GC(26753) Using 10 workers of 10 for evacuation
[2023-11-10T12:14:04.809-0800][78048441ms] GC(26753)   Pre Evacuate Collection Set: 0.0ms
[2023-11-10T12:14:04.809-0800][78048441ms] GC(26753)   Evacuate Collection Set: 1.7ms
[2023-11-10T12:14:04.809-0800][78048441ms] GC(26753)   Post Evacuate Collection Set: 3.3ms
[2023-11-10T12:14:04.809-0800][78048441ms] GC(26753)   Other: 0.3ms
[2023-11-10T12:14:04.809-0800][78048441ms] GC(26753) Eden regions: 145->0(145)
[2023-11-10T12:14:04.809-0800][78048441ms] GC(26753) Survivor regions: 1->1(19)
[2023-11-10T12:14:04.809-0800][78048441ms] GC(26753) Old regions: 1468->1468
[2023-11-10T12:14:04.809-0800][78048441ms] GC(26753) Humongous regions: 5->5
[2023-11-10T12:14:04.809-0800][78048441ms] GC(26753) Metaspace: 305050K->305050K(1349632K)
[2023-11-10T12:14:04.809-0800][78048442ms] GC(26753) Pause Young (Normal) (G1 Evacuation Pause) 3236M->2945M(3602M) 5.402ms
[2023-11-10T12:14:04.810-0800][78048442ms] GC(26753) User=0.00s Sys=0.00s Real=0.00s
[2023-11-10T12:14:05.081-0800][78048713ms] GC(26754) Pause Young (Normal) (G1 Evacuation Pause)
[2023-11-10T12:14:05.082-0800][78048714ms] GC(26754) Using 10 workers of 10 for evacuation
[2023-11-10T12:14:05.087-0800][78048719ms] GC(26754)   Pre Evacuate Collection Set: 0.0ms
[2023-11-10T12:14:05.087-0800][78048719ms] GC(26754)   Evacuate Collection Set: 1.8ms
[2023-11-10T12:14:05.087-0800][78048719ms] GC(26754)   Post Evacuate Collection Set: 3.1ms
[2023-11-10T12:14:05.087-0800][78048719ms] GC(26754)   Other: 0.3ms
[2023-11-10T12:14:05.087-0800][78048719ms] GC(26754) Eden regions: 145->0(145)
[2023-11-10T12:14:05.087-0800][78048719ms] GC(26754) Survivor regions: 1->1(19)
[2023-11-10T12:14:05.087-0800][78048719ms] GC(26754) Old regions: 1468->1468
[2023-11-10T12:14:05.087-0800][78048719ms] GC(26754) Humongous regions: 5->5
[2023-11-10T12:14:05.087-0800][78048719ms] GC(26754) Metaspace: 305050K->305050K(1349632K)
[2023-11-10T12:14:05.087-0800][78048719ms] GC(26754) Pause Young (Normal) (G1 Evacuation Pause) 3235M->2945M(3602M) 5.252ms
[2023-11-10T12:14:05.088-0800][78048720ms] GC(26754) User=0.00s Sys=0.00s Real=0.01s
[2023-11-10T12:14:05.335-0800][78048967ms] GC(26755) Pause Young (Normal) (G1 Evacuation Pause)
[2023-11-10T12:14:05.335-0800][78048967ms] GC(26755) Using 10 workers of 10 for evacuation
[2023-11-10T12:14:05.339-0800][78048971ms] GC(26755)   Pre Evacuate Collection Set: 0.0ms
[2023-11-10T12:14:05.339-0800][78048971ms] GC(26755)   Evacuate Collection Set: 1.7ms
[2023-11-10T12:14:05.339-0800][78048971ms] GC(26755)   Post Evacuate Collection Set: 3.1ms
[2023-11-10T12:14:05.339-0800][78048971ms] GC(26755)   Other: 0.3ms
[2023-11-10T12:14:05.339-0800][78048971ms] GC(26755) Eden regions: 145->0(145)
[2023-11-10T12:14:05.339-0800][78048971ms] GC(26755) Survivor regions: 1->1(19)
[2023-11-10T12:14:05.339-0800][78048971ms] GC(26755) Old regions: 1468->1468
[2023-11-10T12:14:05.339-0800][78048971ms] GC(26755) Humongous regions: 5->5
[2023-11-10T12:14:05.339-0800][78048971ms] GC(26755) Metaspace: 305050K->305050K(1349632K)
[2023-11-10T12:14:05.339-0800][78048971ms] GC(26755) Pause Young (Normal) (G1 Evacuation Pause) 3235M->2946M(3602M) 5.119ms
[2023-11-10T12:14:05.339-0800][78048971ms] GC(26755) User=0.00s Sys=0.00s Real=0.00s
[2023-11-10T12:14:05.595-0800][78049227ms] GC(26756) Pause Young (Normal) (G1 Evacuation Pause)
[2023-11-10T12:14:05.595-0800][78049227ms] GC(26756) Using 10 workers of 10 for evacuation
[2023-11-10T12:14:05.599-0800][78049231ms] GC(26756)   Pre Evacuate Collection Set: 0.0ms
[2023-11-10T12:14:05.599-0800][78049231ms] GC(26756)   Evacuate Collection Set: 1.6ms
[2023-11-10T12:14:05.599-0800][78049231ms] GC(26756)   Post Evacuate Collection Set: 3.0ms
[2023-11-10T12:14:05.599-0800][78049231ms] GC(26756)   Other: 0.2ms
[2023-11-10T12:14:05.599-0800][78049231ms] GC(26756) Eden regions: 145->0(145)
[2023-11-10T12:14:05.599-0800][78049231ms] GC(26756) Survivor regions: 1->1(19)
[2023-11-10T12:14:05.599-0800][78049231ms] GC(26756) Old regions: 1468->1468
[2023-11-10T12:14:05.599-0800][78049231ms] GC(26756) Humongous regions: 5->5
[2023-11-10T12:14:05.599-0800][78049231ms] GC(26756) Metaspace: 305050K->305050K(1349632K)
[2023-11-10T12:14:05.599-0800][78049231ms] GC(26756) Pause Young (Normal) (G1 Evacuation Pause) 3236M->2945M(3602M) 4.947ms
[2023-11-10T12:14:05.599-0800][78049231ms] GC(26756) User=0.00s Sys=0.00s Real=0.00s
[2023-11-10T12:14:05.864-0800][78049496ms] GC(26757) Pause Young (Normal) (G1 Evacuation Pause)
[2023-11-10T12:14:05.864-0800][78049496ms] GC(26757) Using 10 workers of 10 for evacuation
[2023-11-10T12:14:05.870-0800][78049502ms] GC(26757)   Pre Evacuate Collection Set: 0.0ms
[2023-11-10T12:14:05.870-0800][78049502ms] GC(26757)   Evacuate Collection Set: 1.9ms
[2023-11-10T12:14:05.870-0800][78049502ms] GC(26757)   Post Evacuate Collection Set: 3.4ms
[2023-11-10T12:14:05.870-0800][78049502ms] GC(26757)   Other: 0.3ms
[2023-11-10T12:14:05.870-0800][78049502ms] GC(26757) Eden regions: 145->0(145)
[2023-11-10T12:14:05.870-0800][78049502ms] GC(26757) Survivor regions: 1->1(19)
[2023-11-10T12:14:05.870-0800][78049502ms] GC(26757) Old regions: 1468->1468
[2023-11-10T12:14:05.870-0800][78049502ms] GC(26757) Humongous regions: 5->5
[2023-11-10T12:14:05.870-0800][78049502ms] GC(26757) Metaspace: 305050K->305050K(1349632K)
[2023-11-10T12:14:05.870-0800][78049502ms] GC(26757) Pause Young (Normal) (G1 Evacuation Pause) 3235M->2945M(3602M) 5.826ms
[2023-11-10T12:14:05.870-0800][78049502ms] GC(26757) User=0.02s Sys=0.00s Real=0.01s
[2023-11-10T12:14:06.140-0800][78049772ms] GC(26758) Pause Young (Normal) (G1 Evacuation Pause)
[2023-11-10T12:14:06.140-0800][78049772ms] GC(26758) Using 10 workers of 10 for evacuation
[2023-11-10T12:14:06.148-0800][78049780ms] GC(26758)   Pre Evacuate Collection Set: 0.0ms
[2023-11-10T12:14:06.148-0800][78049780ms] GC(26758)   Evacuate Collection Set: 1.6ms
[2023-11-10T12:14:06.148-0800][78049780ms] GC(26758)   Post Evacuate Collection Set: 3.1ms
[2023-11-10T12:14:06.148-0800][78049780ms] GC(26758)   Other: 0.3ms
[2023-11-10T12:14:06.148-0800][78049780ms] GC(26758) Eden regions: 145->0(145)
[2023-11-10T12:14:06.148-0800][78049780ms] GC(26758) Survivor regions: 1->1(19)
[2023-11-10T12:14:06.148-0800][78049780ms] GC(26758) Old regions: 1468->1468
[2023-11-10T12:14:06.148-0800][78049780ms] GC(26758) Humongous regions: 5->5
[2023-11-10T12:14:06.148-0800][78049780ms] GC(26758) Metaspace: 305050K->305050K(1349632K)
[2023-11-10T12:14:06.148-0800][78049780ms] GC(26758) Pause Young (Normal) (G1 Evacuation Pause) 3235M->2945M(3602M) 5.168ms
[2023-11-10T12:14:06.148-0800][78049780ms] GC(26758) User=0.00s Sys=0.00s Real=0.01s
[2023-11-10T12:14:06.396-0800][78050028ms] GC(26759) Pause Young (Normal) (G1 Evacuation Pause)
[2023-11-10T12:14:06.396-0800][78050028ms] GC(26759) Using 10 workers of 10 for evacuation
[2023-11-10T12:14:06.401-0800][78050033ms] GC(26759)   Pre Evacuate Collection Set: 0.0ms
[2023-11-10T12:14:06.401-0800][78050033ms] GC(26759)   Evacuate Collection Set: 1.7ms
[2023-11-10T12:14:06.401-0800][78050033ms] GC(26759)   Post Evacuate Collection Set: 3.1ms
[2023-11-10T12:14:06.401-0800][78050033ms] GC(26759)   Other: 0.3ms
[2023-11-10T12:14:06.401-0800][78050033ms] GC(26759) Eden regions: 145->0(145)
[2023-11-10T12:14:06.401-0800][78050033ms] GC(26759) Survivor regions: 1->1(19)
[2023-11-10T12:14:06.401-0800][78050033ms] GC(26759) Old regions: 1468->1468
[2023-11-10T12:14:06.401-0800][78050033ms] GC(26759) Humongous regions: 5->5
[2023-11-10T12:14:06.401-0800][78050033ms] GC(26759) Metaspace: 305050K->305050K(1349632K)
[2023-11-10T12:14:06.401-0800][78050033ms] GC(26759) Pause Young (Normal) (G1 Evacuation Pause) 3235M->2945M(3602M) 5.187ms
[2023-11-10T12:14:06.401-0800][78050033ms] GC(26759) User=0.06s Sys=0.00s Real=0.01s
[2023-11-10T12:14:06.662-0800][78050294ms] GC(26760) Pause Young (Normal) (G1 Evacuation Pause)
[2023-11-10T12:14:06.662-0800][78050294ms] GC(26760) Using 10 workers of 10 for evacuation
[2023-11-10T12:14:06.667-0800][78050299ms] GC(26760)   Pre Evacuate Collection Set: 0.0ms
[2023-11-10T12:14:06.667-0800][78050299ms] GC(26760)   Evacuate Collection Set: 1.7ms
[2023-11-10T12:14:06.667-0800][78050299ms] GC(26760)   Post Evacuate Collection Set: 3.2ms
[2023-11-10T12:14:06.667-0800][78050299ms] GC(26760)   Other: 0.2ms
[2023-11-10T12:14:06.667-0800][78050299ms] GC(26760) Eden regions: 145->0(145)
[2023-11-10T12:14:06.667-0800][78050299ms] GC(26760) Survivor regions: 1->1(19)
[2023-11-10T12:14:06.667-0800][78050299ms] GC(26760) Old regions: 1468->1468
[2023-11-10T12:14:06.667-0800][78050299ms] GC(26760) Humongous regions: 5->5
[2023-11-10T12:14:06.667-0800][78050299ms] GC(26760) Metaspace: 305050K->305050K(1349632K)
[2023-11-10T12:14:06.667-0800][78050299ms] GC(26760) Pause Young (Normal) (G1 Evacuation Pause) 3235M->2945M(3602M) 5.329ms
[2023-11-10T12:14:06.667-0800][78050299ms] GC(26760) User=0.02s Sys=0.00s Real=0.01s
[2023-11-10T12:14:06.925-0800][78050557ms] GC(26761) Pause Young (Normal) (G1 Evacuation Pause)
[2023-11-10T12:14:06.925-0800][78050557ms] GC(26761) Using 10 workers of 10 for evacuation
[2023-11-10T12:14:06.929-0800][78050561ms] GC(26761)   Pre Evacuate Collection Set: 0.0ms
[2023-11-10T12:14:06.929-0800][78050561ms] GC(26761)   Evacuate Collection Set: 1.6ms
[2023-11-10T12:14:06.929-0800][78050561ms] GC(26761)   Post Evacuate Collection Set: 3.0ms
[2023-11-10T12:14:06.929-0800][78050561ms] GC(26761)   Other: 0.3ms
[2023-11-10T12:14:06.929-0800][78050561ms] GC(26761) Eden regions: 145->0(145)
[2023-11-10T12:14:06.929-0800][78050561ms] GC(26761) Survivor regions: 1->1(19)
[2023-11-10T12:14:06.929-0800][78050561ms] GC(26761) Old regions: 1468->1468
[2023-11-10T12:14:06.929-0800][78050561ms] GC(26761) Humongous regions: 5->5
[2023-11-10T12:14:06.929-0800][78050561ms] GC(26761) Metaspace: 305050K->305050K(1349632K)
[2023-11-10T12:14:06.929-0800][78050561ms] GC(26761) Pause Young (Normal) (G1 Evacuation Pause) 3235M->2945M(3602M) 4.939ms
[2023-11-10T12:14:06.929-0800][78050561ms] GC(26761) User=0.00s Sys=0.00s Real=0.00s
[2023-11-10T12:14:07.196-0800][78050828ms] GC(26762) Pause Young (Normal) (G1 Evacuation Pause)
[2023-11-10T12:14:07.196-0800][78050828ms] GC(26762) Using 10 workers of 10 for evacuation
[2023-11-10T12:14:07.201-0800][78050833ms] GC(26762)   Pre Evacuate Collection Set: 0.0ms
[2023-11-10T12:14:07.201-0800][78050833ms] GC(26762)   Evacuate Collection Set: 1.7ms
[2023-11-10T12:14:07.201-0800][78050833ms] GC(26762)   Post Evacuate Collection Set: 3.0ms
[2023-11-10T12:14:07.201-0800][78050833ms] GC(26762)   Other: 0.2ms
[2023-11-10T12:14:07.201-0800][78050833ms] GC(26762) Eden regions: 145->0(145)
[2023-11-10T12:14:07.201-0800][78050833ms] GC(26762) Survivor regions: 1->1(19)
[2023-11-10T12:14:07.201-0800][78050833ms] GC(26762) Old regions: 1468->1468
[2023-11-10T12:14:07.201-0800][78050833ms] GC(26762) Humongous regions: 5->5
[2023-11-10T12:14:07.201-0800][78050833ms] GC(26762) Metaspace: 305050K->305050K(1349632K)
[2023-11-10T12:14:07.201-0800][78050833ms] GC(26762) Pause Young (Normal) (G1 Evacuation Pause) 3235M->2945M(3602M) 5.086ms
[2023-11-10T12:14:07.201-0800][78050833ms] GC(26762) User=0.00s Sys=0.00s Real=0.00s
[2023-11-10T12:14:07.488-0800][78051120ms] GC(26763) Pause Young (Normal) (G1 Evacuation Pause)
[2023-11-10T12:14:07.488-0800][78051120ms] GC(26763) Using 10 workers of 10 for evacuation
[2023-11-10T12:14:07.493-0800][78051125ms] GC(26763)   Pre Evacuate Collection Set: 0.1ms
[2023-11-10T12:14:07.493-0800][78051125ms] GC(26763)   Evacuate Collection Set: 2.1ms
[2023-11-10T12:14:07.493-0800][78051125ms] GC(26763)   Post Evacuate Collection Set: 3.1ms
[2023-11-10T12:14:07.493-0800][78051125ms] GC(26763)   Other: 0.3ms
[2023-11-10T12:14:07.493-0800][78051125ms] GC(26763) Eden regions: 145->0(145)
[2023-11-10T12:14:07.493-0800][78051125ms] GC(26763) Survivor regions: 1->1(19)
[2023-11-10T12:14:07.493-0800][78051125ms] GC(26763) Old regions: 1468->1468
[2023-11-10T12:14:07.493-0800][78051125ms] GC(26763) Humongous regions: 5->5
[2023-11-10T12:14:07.493-0800][78051125ms] GC(26763) Metaspace: 305050K->305050K(1349632K)
[2023-11-10T12:14:07.493-0800][78051125ms] GC(26763) Pause Young (Normal) (G1 Evacuation Pause) 3235M->2945M(3602M) 5.662ms
[2023-11-10T12:14:07.493-0800][78051125ms] GC(26763) User=0.00s Sys=0.00s Real=0.01s
[2023-11-10T12:14:07.772-0800][78051404ms] GC(26764) Pause Young (Normal) (G1 Evacuation Pause)
[2023-11-10T12:14:07.772-0800][78051404ms] GC(26764) Using 10 workers of 10 for evacuation
[2023-11-10T12:14:07.778-0800][78051410ms] GC(26764)   Pre Evacuate Collection Set: 0.1ms
[2023-11-10T12:14:07.778-0800][78051410ms] GC(26764)   Evacuate Collection Set: 1.8ms
[2023-11-10T12:14:07.778-0800][78051410ms] GC(26764)   Post Evacuate Collection Set: 4.3ms
[2023-11-10T12:14:07.778-0800][78051410ms] GC(26764)   Other: 0.3ms
[2023-11-10T12:14:07.778-0800][78051410ms] GC(26764) Eden regions: 145->0(145)
[2023-11-10T12:14:07.778-0800][78051410ms] GC(26764) Survivor regions: 1->1(19)
[2023-11-10T12:14:07.778-0800][78051410ms] GC(26764) Old regions: 1468->1468
[2023-11-10T12:14:07.778-0800][78051410ms] GC(26764) Humongous regions: 5->5
[2023-11-10T12:14:07.778-0800][78051410ms] GC(26764) Metaspace: 305050K->305050K(1349632K)
[2023-11-10T12:14:07.778-0800][78051410ms] GC(26764) Pause Young (Normal) (G1 Evacuation Pause) 3235M->2945M(3602M) 6.681ms
[2023-11-10T12:14:07.778-0800][78051410ms] GC(26764) User=0.16s Sys=0.00s Real=0.01s
[2023-11-10T12:14:08.078-0800][78051710ms] GC(26765) Pause Young (Normal) (G1 Evacuation Pause)
[2023-11-10T12:14:08.078-0800][78051710ms] GC(26765) Using 10 workers of 10 for evacuation
[2023-11-10T12:14:08.083-0800][78051715ms] GC(26765)   Pre Evacuate Collection Set: 0.0ms
[2023-11-10T12:14:08.083-0800][78051715ms] GC(26765)   Evacuate Collection Set: 1.6ms
[2023-11-10T12:14:08.083-0800][78051715ms] GC(26765)   Post Evacuate Collection Set: 3.1ms
[2023-11-10T12:14:08.083-0800][78051715ms] GC(26765)   Other: 0.3ms
[2023-11-10T12:14:08.083-0800][78051715ms] GC(26765) Eden regions: 145->0(145)
[2023-11-10T12:14:08.083-0800][78051715ms] GC(26765) Survivor regions: 1->1(19)
[2023-11-10T12:14:08.083-0800][78051715ms] GC(26765) Old regions: 1468->1468
[2023-11-10T12:14:08.083-0800][78051715ms] GC(26765) Humongous regions: 5->5
[2023-11-10T12:14:08.083-0800][78051715ms] GC(26765) Metaspace: 305050K->305050K(1349632K)
[2023-11-10T12:14:08.083-0800][78051715ms] GC(26765) Pause Young (Normal) (G1 Evacuation Pause) 3235M->2945M(3602M) 5.067ms
[2023-11-10T12:14:08.083-0800][78051715ms] GC(26765) User=0.00s Sys=0.00s Real=0.00s
[2023-11-10T12:14:08.324-0800][78051956ms] GC(26766) Pause Young (Normal) (G1 Evacuation Pause)
[2023-11-10T12:14:08.324-0800][78051956ms] GC(26766) Using 10 workers of 10 for evacuation
[2023-11-10T12:14:08.328-0800][78051960ms] GC(26766)   Pre Evacuate Collection Set: 0.0ms
[2023-11-10T12:14:08.328-0800][78051960ms] GC(26766)   Evacuate Collection Set: 1.7ms
[2023-11-10T12:14:08.328-0800][78051960ms] GC(26766)   Post Evacuate Collection Set: 3.1ms
[2023-11-10T12:14:08.328-0800][78051960ms] GC(26766)   Other: 0.3ms
[2023-11-10T12:14:08.328-0800][78051960ms] GC(26766) Eden regions: 145->0(145)
[2023-11-10T12:14:08.328-0800][78051960ms] GC(26766) Survivor regions: 1->1(19)
[2023-11-10T12:14:08.328-0800][78051960ms] GC(26766) Old regions: 1468->1468
[2023-11-10T12:14:08.328-0800][78051960ms] GC(26766) Humongous regions: 5->5
[2023-11-10T12:14:08.328-0800][78051960ms] GC(26766) Metaspace: 305050K->305050K(1349632K)
[2023-11-10T12:14:08.328-0800][78051960ms] GC(26766) Pause Young (Normal) (G1 Evacuation Pause) 3235M->2946M(3602M) 5.106ms
[2023-11-10T12:14:08.328-0800][78051960ms] GC(26766) User=0.00s Sys=0.00s Real=0.00s
[2023-11-10T12:14:08.600-0800][78052232ms] GC(26767) Pause Young (Normal) (G1 Evacuation Pause)
[2023-11-10T12:14:08.600-0800][78052232ms] GC(26767) Using 10 workers of 10 for evacuation
[2023-11-10T12:14:08.605-0800][78052237ms] GC(26767)   Pre Evacuate Collection Set: 0.0ms
[2023-11-10T12:14:08.605-0800][78052237ms] GC(26767)   Evacuate Collection Set: 1.6ms
[2023-11-10T12:14:08.605-0800][78052237ms] GC(26767)   Post Evacuate Collection Set: 3.0ms
[2023-11-10T12:14:08.605-0800][78052237ms] GC(26767)   Other: 0.3ms
[2023-11-10T12:14:08.605-0800][78052237ms] GC(26767) Eden regions: 145->0(145)
[2023-11-10T12:14:08.605-0800][78052237ms] GC(26767) Survivor regions: 1->1(19)
[2023-11-10T12:14:08.605-0800][78052237ms] GC(26767) Old regions: 1468->1468
[2023-11-10T12:14:08.605-0800][78052237ms] GC(26767) Humongous regions: 5->5
[2023-11-10T12:14:08.605-0800][78052237ms] GC(26767) Metaspace: 305050K->305050K(1349632K)
[2023-11-10T12:14:08.605-0800][78052237ms] GC(26767) Pause Young (Normal) (G1 Evacuation Pause) 3236M->2946M(3602M) 5.019ms
[2023-11-10T12:14:08.605-0800][78052237ms] GC(26767) User=0.00s Sys=0.00s Real=0.01s
[2023-11-10T12:14:08.896-0800][78052528ms] GC(26768) Pause Young (Normal) (G1 Evacuation Pause)
[2023-11-10T12:14:08.896-0800][78052528ms] GC(26768) Using 10 workers of 10 for evacuation
[2023-11-10T12:14:08.901-0800][78052533ms] GC(26768)   Pre Evacuate Collection Set: 0.0ms
[2023-11-10T12:14:08.901-0800][78052533ms] GC(26768)   Evacuate Collection Set: 1.7ms
[2023-11-10T12:14:08.901-0800][78052533ms] GC(26768)   Post Evacuate Collection Set: 3.0ms
[2023-11-10T12:14:08.901-0800][78052533ms] GC(26768)   Other: 0.3ms
[2023-11-10T12:14:08.901-0800][78052533ms] GC(26768) Eden regions: 145->0(145)
[2023-11-10T12:14:08.901-0800][78052533ms] GC(26768) Survivor regions: 1->1(19)
[2023-11-10T12:14:08.901-0800][78052533ms] GC(26768) Old regions: 1468->1468
[2023-11-10T12:14:08.901-0800][78052533ms] GC(26768) Humongous regions: 5->5
[2023-11-10T12:14:08.901-0800][78052533ms] GC(26768) Metaspace: 305050K->305050K(1349632K)
[2023-11-10T12:14:08.901-0800][78052533ms] GC(26768) Pause Young (Normal) (G1 Evacuation Pause) 3236M->2946M(3602M) 5.124ms
[2023-11-10T12:14:08.901-0800][78052533ms] GC(26768) User=0.08s Sys=0.02s Real=0.01s
[2023-11-10T12:14:09.246-0800][78052878ms] GC(26769) Pause Young (Normal) (G1 Evacuation Pause)
[2023-11-10T12:14:09.246-0800][78052878ms] GC(26769) Using 10 workers of 10 for evacuation
[2023-11-10T12:14:09.253-0800][78052885ms] GC(26769)   Pre Evacuate Collection Set: 0.1ms
[2023-11-10T12:14:09.253-0800][78052885ms] GC(26769)   Evacuate Collection Set: 3.1ms
[2023-11-10T12:14:09.253-0800][78052885ms] GC(26769)   Post Evacuate Collection Set: 3.9ms
[2023-11-10T12:14:09.253-0800][78052885ms] GC(26769)   Other: 0.3ms
[2023-11-10T12:14:09.253-0800][78052885ms] GC(26769) Eden regions: 145->0(145)
[2023-11-10T12:14:09.253-0800][78052885ms] GC(26769) Survivor regions: 1->1(19)
[2023-11-10T12:14:09.253-0800][78052885ms] GC(26769) Old regions: 1468->1468
[2023-11-10T12:14:09.253-0800][78052885ms] GC(26769) Humongous regions: 5->5
[2023-11-10T12:14:09.253-0800][78052885ms] GC(26769) Metaspace: 305050K->305050K(1349632K)
[2023-11-10T12:14:09.253-0800][78052885ms] GC(26769) Pause Young (Normal) (G1 Evacuation Pause) 3236M->2946M(3602M) 7.438ms
[2023-11-10T12:14:09.253-0800][78052885ms] GC(26769) User=0.00s Sys=0.00s Real=0.01s
[2023-11-10T12:14:09.559-0800][78053191ms] GC(26770) Pause Young (Normal) (G1 Evacuation Pause)
[2023-11-10T12:14:09.559-0800][78053191ms] GC(26770) Using 10 workers of 10 for evacuation
[2023-11-10T12:14:09.564-0800][78053196ms] GC(26770)   Pre Evacuate Collection Set: 0.0ms
[2023-11-10T12:14:09.564-0800][78053196ms] GC(26770)   Evacuate Collection Set: 1.6ms
[2023-11-10T12:14:09.564-0800][78053196ms] GC(26770)   Post Evacuate Collection Set: 3.0ms
[2023-11-10T12:14:09.564-0800][78053196ms] GC(26770)   Other: 0.2ms
[2023-11-10T12:14:09.564-0800][78053196ms] GC(26770) Eden regions: 145->0(145)
[2023-11-10T12:14:09.564-0800][78053196ms] GC(26770) Survivor regions: 1->1(19)
[2023-11-10T12:14:09.564-0800][78053196ms] GC(26770) Old regions: 1468->1468
[2023-11-10T12:14:09.564-0800][78053196ms] GC(26770) Humongous regions: 5->5
[2023-11-10T12:14:09.564-0800][78053196ms] GC(26770) Metaspace: 305050K->305050K(1349632K)
[2023-11-10T12:14:09.564-0800][78053196ms] GC(26770) Pause Young (Normal) (G1 Evacuation Pause) 3236M->2946M(3602M) 5.038ms
[2023-11-10T12:14:09.564-0800][78053196ms] GC(26770) User=0.00s Sys=0.00s Real=0.00s
[2023-11-10T12:14:09.842-0800][78053474ms] GC(26771) Pause Young (Normal) (G1 Evacuation Pause)
[2023-11-10T12:14:09.842-0800][78053474ms] GC(26771) Using 10 workers of 10 for evacuation
[2023-11-10T12:14:09.847-0800][78053479ms] GC(26771)   Pre Evacuate Collection Set: 0.1ms
[2023-11-10T12:14:09.847-0800][78053479ms] GC(26771)   Evacuate Collection Set: 2.0ms
[2023-11-10T12:14:09.847-0800][78053479ms] GC(26771)   Post Evacuate Collection Set: 3.4ms
[2023-11-10T12:14:09.847-0800][78053479ms] GC(26771)   Other: 0.3ms
[2023-11-10T12:14:09.847-0800][78053479ms] GC(26771) Eden regions: 145->0(145)
[2023-11-10T12:14:09.847-0800][78053479ms] GC(26771) Survivor regions: 1->1(19)
[2023-11-10T12:14:09.847-0800][78053479ms] GC(26771) Old regions: 1468->1468
[2023-11-10T12:14:09.847-0800][78053479ms] GC(26771) Humongous regions: 5->5
[2023-11-10T12:14:09.847-0800][78053479ms] GC(26771) Metaspace: 305050K->305050K(1349632K)
[2023-11-10T12:14:09.847-0800][78053479ms] GC(26771) Pause Young (Normal) (G1 Evacuation Pause) 3236M->2946M(3602M) 5.837ms
[2023-11-10T12:14:09.847-0800][78053479ms] GC(26771) User=0.00s Sys=0.00s Real=0.00s
[2023-11-10T12:14:10.156-0800][78053788ms] GC(26772) Pause Young (Normal) (G1 Evacuation Pause)
[2023-11-10T12:14:10.156-0800][78053788ms] GC(26772) Using 10 workers of 10 for evacuation
[2023-11-10T12:14:10.162-0800][78053794ms] GC(26772)   Pre Evacuate Collection Set: 0.0ms
[2023-11-10T12:14:10.162-0800][78053794ms] GC(26772)   Evacuate Collection Set: 2.1ms
[2023-11-10T12:14:10.162-0800][78053794ms] GC(26772)   Post Evacuate Collection Set: 3.2ms
[2023-11-10T12:14:10.162-0800][78053794ms] GC(26772)   Other: 0.2ms
[2023-11-10T12:14:10.162-0800][78053794ms] GC(26772) Eden regions: 145->0(145)
[2023-11-10T12:14:10.162-0800][78053794ms] GC(26772) Survivor regions: 1->1(19)
[2023-11-10T12:14:10.162-0800][78053794ms] GC(26772) Old regions: 1468->1468
[2023-11-10T12:14:10.162-0800][78053794ms] GC(26772) Humongous regions: 5->5
[2023-11-10T12:14:10.162-0800][78053794ms] GC(26772) Metaspace: 305050K->305050K(1349632K)
[2023-11-10T12:14:10.162-0800][78053794ms] GC(26772) Pause Young (Normal) (G1 Evacuation Pause) 3236M->2946M(3602M) 5.665ms
[2023-11-10T12:14:10.162-0800][78053794ms] GC(26772) User=0.00s Sys=0.00s Real=0.01s
[2023-11-10T12:14:10.417-0800][78054049ms] GC(26773) Pause Young (Normal) (G1 Evacuation Pause)
[2023-11-10T12:14:10.417-0800][78054049ms] GC(26773) Using 10 workers of 10 for evacuation
[2023-11-10T12:14:10.423-0800][78054055ms] GC(26773)   Pre Evacuate Collection Set: 0.0ms
[2023-11-10T12:14:10.423-0800][78054055ms] GC(26773)   Evacuate Collection Set: 1.7ms
[2023-11-10T12:14:10.423-0800][78054055ms] GC(26773)   Post Evacuate Collection Set: 3.2ms
[2023-11-10T12:14:10.423-0800][78054055ms] GC(26773)   Other: 0.3ms
[2023-11-10T12:14:10.423-0800][78054055ms] GC(26773) Eden regions: 145->0(145)
[2023-11-10T12:14:10.423-0800][78054055ms] GC(26773) Survivor regions: 1->1(19)
[2023-11-10T12:14:10.423-0800][78054055ms] GC(26773) Old regions: 1468->1468
[2023-11-10T12:14:10.423-0800][78054055ms] GC(26773) Humongous regions: 5->5
[2023-11-10T12:14:10.423-0800][78054055ms] GC(26773) Metaspace: 305050K->305050K(1349632K)
[2023-11-10T12:14:10.423-0800][78054055ms] GC(26773) Pause Young (Normal) (G1 Evacuation Pause) 3236M->2946M(3602M) 5.278ms
[2023-11-10T12:14:10.423-0800][78054055ms] GC(26773) User=0.00s Sys=0.00s Real=0.01s
[2023-11-10T12:14:10.701-0800][78054333ms] GC(26774) Pause Young (Normal) (G1 Evacuation Pause)
[2023-11-10T12:14:10.701-0800][78054333ms] GC(26774) Using 10 workers of 10 for evacuation
[2023-11-10T12:14:10.706-0800][78054338ms] GC(26774)   Pre Evacuate Collection Set: 0.0ms
[2023-11-10T12:14:10.706-0800][78054338ms] GC(26774)   Evacuate Collection Set: 1.7ms
[2023-11-10T12:14:10.706-0800][78054338ms] GC(26774)   Post Evacuate Collection Set: 3.0ms
[2023-11-10T12:14:10.706-0800][78054338ms] GC(26774)   Other: 0.2ms
[2023-11-10T12:14:10.706-0800][78054338ms] GC(26774) Eden regions: 145->0(145)
[2023-11-10T12:14:10.706-0800][78054338ms] GC(26774) Survivor regions: 1->1(19)
[2023-11-10T12:14:10.706-0800][78054338ms] GC(26774) Old regions: 1468->1468
[2023-11-10T12:14:10.706-0800][78054338ms] GC(26774) Humongous regions: 5->5
[2023-11-10T12:14:10.706-0800][78054338ms] GC(26774) Metaspace: 305050K->305050K(1349632K)
[2023-11-10T12:14:10.706-0800][78054338ms] GC(26774) Pause Young (Normal) (G1 Evacuation Pause) 3236M->2946M(3602M) 5.160ms
[2023-11-10T12:14:10.706-0800][78054338ms] GC(26774) User=0.00s Sys=0.00s Real=0.01s
[2023-11-10T12:14:10.972-0800][78054604ms] GC(26775) Pause Young (Normal) (G1 Evacuation Pause)
[2023-11-10T12:14:10.972-0800][78054604ms] GC(26775) Using 10 workers of 10 for evacuation
[2023-11-10T12:14:10.977-0800][78054609ms] GC(26775)   Pre Evacuate Collection Set: 0.0ms
[2023-11-10T12:14:10.977-0800][78054609ms] GC(26775)   Evacuate Collection Set: 1.6ms
[2023-11-10T12:14:10.977-0800][78054609ms] GC(26775)   Post Evacuate Collection Set: 3.0ms
[2023-11-10T12:14:10.977-0800][78054609ms] GC(26775)   Other: 0.2ms
[2023-11-10T12:14:10.977-0800][78054609ms] GC(26775) Eden regions: 145->0(145)
[2023-11-10T12:14:10.977-0800][78054609ms] GC(26775) Survivor regions: 1->1(19)
[2023-11-10T12:14:10.977-0800][78054609ms] GC(26775) Old regions: 1468->1468
[2023-11-10T12:14:10.977-0800][78054609ms] GC(26775) Humongous regions: 5->5
[2023-11-10T12:14:10.977-0800][78054609ms] GC(26775) Metaspace: 305050K->305050K(1349632K)
[2023-11-10T12:14:10.977-0800][78054609ms] GC(26775) Pause Young (Normal) (G1 Evacuation Pause) 3236M->2946M(3602M) 4.917ms
[2023-11-10T12:14:10.977-0800][78054609ms] GC(26775) User=0.00s Sys=0.00s Real=0.01s
[2023-11-10T12:14:11.296-0800][78054928ms] GC(26776) Pause Young (Normal) (G1 Evacuation Pause)
[2023-11-10T12:14:11.296-0800][78054928ms] GC(26776) Using 10 workers of 10 for evacuation
[2023-11-10T12:14:11.302-0800][78054934ms] GC(26776)   Pre Evacuate Collection Set: 0.1ms
[2023-11-10T12:14:11.302-0800][78054934ms] GC(26776)   Evacuate Collection Set: 1.7ms
[2023-11-10T12:14:11.302-0800][78054934ms] GC(26776)   Post Evacuate Collection Set: 3.0ms
[2023-11-10T12:14:11.302-0800][78054934ms] GC(26776)   Other: 0.2ms
[2023-11-10T12:14:11.302-0800][78054934ms] GC(26776) Eden regions: 145->0(145)
[2023-11-10T12:14:11.302-0800][78054934ms] GC(26776) Survivor regions: 1->1(19)
[2023-11-10T12:14:11.302-0800][78054934ms] GC(26776) Old regions: 1468->1468
[2023-11-10T12:14:11.302-0800][78054934ms] GC(26776) Humongous regions: 5->5
[2023-11-10T12:14:11.302-0800][78054934ms] GC(26776) Metaspace: 305050K->305050K(1349632K)
[2023-11-10T12:14:11.302-0800][78054934ms] GC(26776) Pause Young (Normal) (G1 Evacuation Pause) 3236M->2946M(3602M) 5.063ms
[2023-11-10T12:14:11.302-0800][78054934ms] GC(26776) User=0.00s Sys=0.00s Real=0.01s
[2023-11-10T12:14:11.582-0800][78055214ms] GC(26777) Pause Young (Normal) (G1 Evacuation Pause)
[2023-11-10T12:14:11.582-0800][78055214ms] GC(26777) Using 10 workers of 10 for evacuation
[2023-11-10T12:14:11.587-0800][78055219ms] GC(26777)   Pre Evacuate Collection Set: 0.0ms
[2023-11-10T12:14:11.587-0800][78055219ms] GC(26777)   Evacuate Collection Set: 1.7ms
[2023-11-10T12:14:11.587-0800][78055219ms] GC(26777)   Post Evacuate Collection Set: 3.1ms
[2023-11-10T12:14:11.587-0800][78055219ms] GC(26777)   Other: 0.2ms
[2023-11-10T12:14:11.587-0800][78055219ms] GC(26777) Eden regions: 145->0(145)
[2023-11-10T12:14:11.587-0800][78055219ms] GC(26777) Survivor regions: 1->1(19)
[2023-11-10T12:14:11.587-0800][78055219ms] GC(26777) Old regions: 1468->1468
[2023-11-10T12:14:11.587-0800][78055219ms] GC(26777) Humongous regions: 5->5
[2023-11-10T12:14:11.587-0800][78055219ms] GC(26777) Metaspace: 305050K->305050K(1349632K)
[2023-11-10T12:14:11.587-0800][78055219ms] GC(26777) Pause Young (Normal) (G1 Evacuation Pause) 3236M->2946M(3602M) 5.200ms
[2023-11-10T12:14:11.587-0800][78055219ms] GC(26777) User=0.02s Sys=0.00s Real=0.00s
[2023-11-10T12:14:11.854-0800][78055486ms] GC(26778) Pause Young (Normal) (G1 Evacuation Pause)
[2023-11-10T12:14:11.854-0800][78055486ms] GC(26778) Using 10 workers of 10 for evacuation
[2023-11-10T12:14:11.859-0800][78055491ms] GC(26778)   Pre Evacuate Collection Set: 0.1ms
[2023-11-10T12:14:11.859-0800][78055491ms] GC(26778)   Evacuate Collection Set: 2.0ms
[2023-11-10T12:14:11.859-0800][78055491ms] GC(26778)   Post Evacuate Collection Set: 3.0ms
[2023-11-10T12:14:11.859-0800][78055491ms] GC(26778)   Other: 0.3ms
[2023-11-10T12:14:11.859-0800][78055491ms] GC(26778) Eden regions: 145->0(145)
[2023-11-10T12:14:11.859-0800][78055491ms] GC(26778) Survivor regions: 1->1(19)
[2023-11-10T12:14:11.859-0800][78055491ms] GC(26778) Old regions: 1468->1468
[2023-11-10T12:14:11.859-0800][78055491ms] GC(26778) Humongous regions: 5->5
[2023-11-10T12:14:11.859-0800][78055491ms] GC(26778) Metaspace: 305050K->305050K(1349632K)
[2023-11-10T12:14:11.859-0800][78055491ms] GC(26778) Pause Young (Normal) (G1 Evacuation Pause) 3236M->2946M(3602M) 5.354ms
[2023-11-10T12:14:11.859-0800][78055491ms] GC(26778) User=0.00s Sys=0.00s Real=0.00s
[2023-11-10T12:14:12.213-0800][78055845ms] GC(26779) Pause Young (Normal) (G1 Evacuation Pause)
[2023-11-10T12:14:12.213-0800][78055845ms] GC(26779) Using 10 workers of 10 for evacuation
[2023-11-10T12:14:12.218-0800][78055850ms] GC(26779)   Pre Evacuate Collection Set: 0.0ms
[2023-11-10T12:14:12.218-0800][78055850ms] GC(26779)   Evacuate Collection Set: 1.7ms
[2023-11-10T12:14:12.218-0800][78055850ms] GC(26779)   Post Evacuate Collection Set: 3.1ms
[2023-11-10T12:14:12.218-0800][78055850ms] GC(26779)   Other: 0.2ms
[2023-11-10T12:14:12.218-0800][78055850ms] GC(26779) Eden regions: 145->0(145)
[2023-11-10T12:14:12.218-0800][78055850ms] GC(26779) Survivor regions: 1->1(19)
[2023-11-10T12:14:12.218-0800][78055850ms] GC(26779) Old regions: 1468->1468
[2023-11-10T12:14:12.218-0800][78055850ms] GC(26779) Humongous regions: 5->5
[2023-11-10T12:14:12.218-0800][78055850ms] GC(26779) Metaspace: 305050K->305050K(1349632K)
[2023-11-10T12:14:12.218-0800][78055850ms] GC(26779) Pause Young (Normal) (G1 Evacuation Pause) 3236M->2946M(3602M) 5.144ms
[2023-11-10T12:14:12.218-0800][78055850ms] GC(26779) User=0.00s Sys=0.00s Real=0.00s
[2023-11-10T12:14:12.535-0800][78056167ms] GC(26780) Pause Young (Normal) (G1 Evacuation Pause)
[2023-11-10T12:14:12.535-0800][78056167ms] GC(26780) Using 10 workers of 10 for evacuation
[2023-11-10T12:14:12.540-0800][78056172ms] GC(26780)   Pre Evacuate Collection Set: 0.0ms
[2023-11-10T12:14:12.540-0800][78056172ms] GC(26780)   Evacuate Collection Set: 1.9ms
[2023-11-10T12:14:12.540-0800][78056172ms] GC(26780)   Post Evacuate Collection Set: 3.5ms
[2023-11-10T12:14:12.540-0800][78056172ms] GC(26780)   Other: 0.3ms
[2023-11-10T12:14:12.540-0800][78056172ms] GC(26780) Eden regions: 145->0(145)
[2023-11-10T12:14:12.540-0800][78056172ms] GC(26780) Survivor regions: 1->1(19)
[2023-11-10T12:14:12.540-0800][78056172ms] GC(26780) Old regions: 1468->1468
[2023-11-10T12:14:12.540-0800][78056172ms] GC(26780) Humongous regions: 5->5
[2023-11-10T12:14:12.540-0800][78056172ms] GC(26780) Metaspace: 305050K->305050K(1349632K)
[2023-11-10T12:14:12.540-0800][78056172ms] GC(26780) Pause Young (Normal) (G1 Evacuation Pause) 3236M->2946M(3602M) 5.856ms
[2023-11-10T12:14:12.540-0800][78056172ms] GC(26780) User=0.02s Sys=0.00s Real=0.00s
[2023-11-10T12:14:12.910-0800][78056542ms] GC(26781) Pause Young (Normal) (G1 Evacuation Pause)
[2023-11-10T12:14:12.910-0800][78056542ms] GC(26781) Using 10 workers of 10 for evacuation
[2023-11-10T12:14:12.915-0800][78056547ms] GC(26781)   Pre Evacuate Collection Set: 0.0ms
[2023-11-10T12:14:12.915-0800][78056547ms] GC(26781)   Evacuate Collection Set: 1.8ms
[2023-11-10T12:14:12.915-0800][78056547ms] GC(26781)   Post Evacuate Collection Set: 3.2ms
[2023-11-10T12:14:12.915-0800][78056547ms] GC(26781)   Other: 0.3ms
[2023-11-10T12:14:12.915-0800][78056547ms] GC(26781) Eden regions: 145->0(145)
[2023-11-10T12:14:12.915-0800][78056547ms] GC(26781) Survivor regions: 1->1(19)
[2023-11-10T12:14:12.915-0800][78056547ms] GC(26781) Old regions: 1468->1468
[2023-11-10T12:14:12.915-0800][78056547ms] GC(26781) Humongous regions: 5->5
[2023-11-10T12:14:12.915-0800][78056547ms] GC(26781) Metaspace: 305050K->305050K(1349632K)
[2023-11-10T12:14:12.915-0800][78056547ms] GC(26781) Pause Young (Normal) (G1 Evacuation Pause) 3236M->2946M(3602M) 5.495ms
[2023-11-10T12:14:12.915-0800][78056547ms] GC(26781) User=0.02s Sys=0.00s Real=0.00s
[2023-11-10T12:14:13.313-0800][78056945ms] GC(26782) Pause Young (Normal) (G1 Evacuation Pause)
[2023-11-10T12:14:13.313-0800][78056945ms] GC(26782) Using 10 workers of 10 for evacuation
[2023-11-10T12:14:13.318-0800][78056950ms] GC(26782)   Pre Evacuate Collection Set: 0.0ms
[2023-11-10T12:14:13.318-0800][78056950ms] GC(26782)   Evacuate Collection Set: 1.8ms
[2023-11-10T12:14:13.318-0800][78056950ms] GC(26782)   Post Evacuate Collection Set: 3.2ms
[2023-11-10T12:14:13.318-0800][78056950ms] GC(26782)   Other: 0.2ms
[2023-11-10T12:14:13.318-0800][78056950ms] GC(26782) Eden regions: 145->0(145)
[2023-11-10T12:14:13.318-0800][78056950ms] GC(26782) Survivor regions: 1->1(19)
[2023-11-10T12:14:13.318-0800][78056950ms] GC(26782) Old regions: 1468->1468
[2023-11-10T12:14:13.318-0800][78056950ms] GC(26782) Humongous regions: 5->5
[2023-11-10T12:14:13.318-0800][78056950ms] GC(26782) Metaspace: 305050K->305050K(1349632K)
[2023-11-10T12:14:13.318-0800][78056950ms] GC(26782) Pause Young (Normal) (G1 Evacuation Pause) 3236M->2946M(3602M) 5.362ms
[2023-11-10T12:14:13.318-0800][78056950ms] GC(26782) User=0.00s Sys=0.00s Real=0.01s
[2023-11-10T12:14:13.612-0800][78057244ms] GC(26783) Pause Young (Normal) (G1 Evacuation Pause)
[2023-11-10T12:14:13.612-0800][78057244ms] GC(26783) Using 10 workers of 10 for evacuation
[2023-11-10T12:14:13.617-0800][78057249ms] GC(26783)   Pre Evacuate Collection Set: 0.0ms
[2023-11-10T12:14:13.617-0800][78057249ms] GC(26783)   Evacuate Collection Set: 1.8ms
[2023-11-10T12:14:13.617-0800][78057249ms] GC(26783)   Post Evacuate Collection Set: 3.1ms
[2023-11-10T12:14:13.617-0800][78057249ms] GC(26783)   Other: 0.3ms
[2023-11-10T12:14:13.617-0800][78057249ms] GC(26783) Eden regions: 145->0(145)
[2023-11-10T12:14:13.617-0800][78057249ms] GC(26783) Survivor regions: 1->1(19)
[2023-11-10T12:14:13.617-0800][78057249ms] GC(26783) Old regions: 1468->1468
[2023-11-10T12:14:13.617-0800][78057249ms] GC(26783) Humongous regions: 5->5
[2023-11-10T12:14:13.617-0800][78057249ms] GC(26783) Metaspace: 305050K->305050K(1349632K)
[2023-11-10T12:14:13.617-0800][78057249ms] GC(26783) Pause Young (Normal) (G1 Evacuation Pause) 3236M->2946M(3602M) 5.243ms
[2023-11-10T12:14:13.617-0800][78057249ms] GC(26783) User=0.00s Sys=0.00s Real=0.01s
[2023-11-10T12:14:13.879-0800][78057511ms] GC(26784) Pause Young (Normal) (G1 Evacuation Pause)
[2023-11-10T12:14:13.879-0800][78057511ms] GC(26784) Using 10 workers of 10 for evacuation
[2023-11-10T12:14:13.884-0800][78057516ms] GC(26784)   Pre Evacuate Collection Set: 0.0ms
[2023-11-10T12:14:13.884-0800][78057516ms] GC(26784)   Evacuate Collection Set: 1.6ms
[2023-11-10T12:14:13.884-0800][78057516ms] GC(26784)   Post Evacuate Collection Set: 3.0ms
[2023-11-10T12:14:13.885-0800][78057517ms] GC(26784)   Other: 0.2ms
[2023-11-10T12:14:13.885-0800][78057517ms] GC(26784) Eden regions: 145->0(145)
[2023-11-10T12:14:13.885-0800][78057517ms] GC(26784) Survivor regions: 1->1(19)
[2023-11-10T12:14:13.885-0800][78057517ms] GC(26784) Old regions: 1468->1468
[2023-11-10T12:14:13.885-0800][78057517ms] GC(26784) Humongous regions: 5->5
[2023-11-10T12:14:13.885-0800][78057517ms] GC(26784) Metaspace: 305050K->305050K(1349632K)
[2023-11-10T12:14:13.885-0800][78057517ms] GC(26784) Pause Young (Normal) (G1 Evacuation Pause) 3236M->2946M(3602M) 4.963ms
[2023-11-10T12:14:13.885-0800][78057517ms] GC(26784) User=0.02s Sys=0.00s Real=0.01s
[2023-11-10T12:14:14.157-0800][78057789ms] GC(26785) Pause Young (Normal) (G1 Evacuation Pause)
[2023-11-10T12:14:14.157-0800][78057789ms] GC(26785) Using 10 workers of 10 for evacuation
[2023-11-10T12:14:14.162-0800][78057794ms] GC(26785)   Pre Evacuate Collection Set: 0.0ms
[2023-11-10T12:14:14.162-0800][78057794ms] GC(26785)   Evacuate Collection Set: 1.6ms
[2023-11-10T12:14:14.162-0800][78057794ms] GC(26785)   Post Evacuate Collection Set: 3.1ms
[2023-11-10T12:14:14.162-0800][78057794ms] GC(26785)   Other: 0.2ms
[2023-11-10T12:14:14.162-0800][78057794ms] GC(26785) Eden regions: 145->0(144)
[2023-11-10T12:14:14.162-0800][78057794ms] GC(26785) Survivor regions: 1->1(19)
[2023-11-10T12:14:14.162-0800][78057794ms] GC(26785) Old regions: 1468->1469
[2023-11-10T12:14:14.162-0800][78057794ms] GC(26785) Humongous regions: 5->5
[2023-11-10T12:14:14.162-0800][78057794ms] GC(26785) Metaspace: 305050K->305050K(1349632K)
[2023-11-10T12:14:14.162-0800][78057794ms] GC(26785) Pause Young (Normal) (G1 Evacuation Pause) 3236M->2946M(3602M) 5.013ms
[2023-11-10T12:14:14.162-0800][78057794ms] GC(26785) User=0.00s Sys=0.00s Real=0.00s
[2023-11-10T12:14:14.424-0800][78058056ms] GC(26786) Pause Young (Normal) (G1 Evacuation Pause)
[2023-11-10T12:14:14.424-0800][78058056ms] GC(26786) Using 10 workers of 10 for evacuation
[2023-11-10T12:14:14.429-0800][78058061ms] GC(26786)   Pre Evacuate Collection Set: 0.0ms
[2023-11-10T12:14:14.429-0800][78058061ms] GC(26786)   Evacuate Collection Set: 1.6ms
[2023-11-10T12:14:14.429-0800][78058061ms] GC(26786)   Post Evacuate Collection Set: 3.2ms
[2023-11-10T12:14:14.429-0800][78058061ms] GC(26786)   Other: 0.4ms
[2023-11-10T12:14:14.429-0800][78058061ms] GC(26786) Eden regions: 144->0(144)
[2023-11-10T12:14:14.429-0800][78058061ms] GC(26786) Survivor regions: 1->1(19)
[2023-11-10T12:14:14.429-0800][78058061ms] GC(26786) Old regions: 1469->1469
[2023-11-10T12:14:14.429-0800][78058061ms] GC(26786) Humongous regions: 5->5
[2023-11-10T12:14:14.429-0800][78058061ms] GC(26786) Metaspace: 305050K->305050K(1349632K)
[2023-11-10T12:14:14.429-0800][78058061ms] GC(26786) Pause Young (Normal) (G1 Evacuation Pause) 3234M->2946M(3602M) 5.277ms
[2023-11-10T12:14:14.429-0800][78058061ms] GC(26786) User=0.00s Sys=0.00s Real=0.00s
[2023-11-10T12:14:14.717-0800][78058349ms] GC(26787) Pause Young (Normal) (G1 Evacuation Pause)
[2023-11-10T12:14:14.717-0800][78058349ms] GC(26787) Using 10 workers of 10 for evacuation
[2023-11-10T12:14:14.724-0800][78058356ms] GC(26787)   Pre Evacuate Collection Set: 0.0ms
[2023-11-10T12:14:14.724-0800][78058356ms] GC(26787)   Evacuate Collection Set: 2.1ms
[2023-11-10T12:14:14.724-0800][78058356ms] GC(26787)   Post Evacuate Collection Set: 4.0ms
[2023-11-10T12:14:14.724-0800][78058356ms] GC(26787)   Other: 0.3ms
[2023-11-10T12:14:14.724-0800][78058356ms] GC(26787) Eden regions: 144->0(144)
[2023-11-10T12:14:14.724-0800][78058356ms] GC(26787) Survivor regions: 1->1(19)
[2023-11-10T12:14:14.724-0800][78058356ms] GC(26787) Old regions: 1469->1469
[2023-11-10T12:14:14.724-0800][78058356ms] GC(26787) Humongous regions: 5->5
[2023-11-10T12:14:14.724-0800][78058356ms] GC(26787) Metaspace: 305050K->305050K(1349632K)
[2023-11-10T12:14:14.724-0800][78058356ms] GC(26787) Pause Young (Normal) (G1 Evacuation Pause) 3234M->2946M(3602M) 6.509ms
[2023-11-10T12:14:14.724-0800][78058356ms] GC(26787) User=0.00s Sys=0.00s Real=0.01s
[2023-11-10T12:14:15.092-0800][78058724ms] GC(26788) Pause Young (Normal) (G1 Evacuation Pause)
[2023-11-10T12:14:15.092-0800][78058724ms] GC(26788) Using 10 workers of 10 for evacuation
[2023-11-10T12:14:15.097-0800][78058729ms] GC(26788)   Pre Evacuate Collection Set: 0.1ms
[2023-11-10T12:14:15.098-0800][78058730ms] GC(26788)   Evacuate Collection Set: 1.9ms
[2023-11-10T12:14:15.098-0800][78058730ms] GC(26788)   Post Evacuate Collection Set: 3.2ms
[2023-11-10T12:14:15.098-0800][78058730ms] GC(26788)   Other: 0.4ms
[2023-11-10T12:14:15.098-0800][78058730ms] GC(26788) Eden regions: 144->0(144)
[2023-11-10T12:14:15.098-0800][78058730ms] GC(26788) Survivor regions: 1->1(19)
[2023-11-10T12:14:15.098-0800][78058730ms] GC(26788) Old regions: 1469->1469
[2023-11-10T12:14:15.098-0800][78058730ms] GC(26788) Humongous regions: 5->5
[2023-11-10T12:14:15.098-0800][78058730ms] GC(26788) Metaspace: 305050K->305050K(1349632K)
[2023-11-10T12:14:15.098-0800][78058730ms] GC(26788) Pause Young (Normal) (G1 Evacuation Pause) 3234M->2946M(3602M) 5.580ms
[2023-11-10T12:14:15.098-0800][78058730ms] GC(26788) User=0.00s Sys=0.00s Real=0.01s
[2023-11-10T12:14:15.408-0800][78059040ms] GC(26789) Pause Young (Normal) (GCLocker Initiated GC)
[2023-11-10T12:14:15.408-0800][78059040ms] GC(26789) Using 10 workers of 10 for evacuation
[2023-11-10T12:14:15.413-0800][78059045ms] GC(26789)   Pre Evacuate Collection Set: 0.0ms
[2023-11-10T12:14:15.413-0800][78059045ms] GC(26789)   Evacuate Collection Set: 1.6ms
[2023-11-10T12:14:15.413-0800][78059045ms] GC(26789)   Post Evacuate Collection Set: 3.1ms
[2023-11-10T12:14:15.413-0800][78059045ms] GC(26789)   Other: 0.3ms
[2023-11-10T12:14:15.413-0800][78059045ms] GC(26789) Eden regions: 144->0(144)
[2023-11-10T12:14:15.413-0800][78059045ms] GC(26789) Survivor regions: 1->1(19)
[2023-11-10T12:14:15.413-0800][78059045ms] GC(26789) Old regions: 1469->1469
[2023-11-10T12:14:15.413-0800][78059045ms] GC(26789) Humongous regions: 5->5
[2023-11-10T12:14:15.413-0800][78059045ms] GC(26789) Metaspace: 305050K->305050K(1349632K)
[2023-11-10T12:14:15.413-0800][78059045ms] GC(26789) Pause Young (Normal) (GCLocker Initiated GC) 3234M->2946M(3602M) 5.133ms
[2023-11-10T12:14:15.413-0800][78059045ms] GC(26789) User=0.00s Sys=0.00s Real=0.01s
[2023-11-10T12:14:15.700-0800][78059332ms] GC(26790) Pause Young (Normal) (GCLocker Initiated GC)
[2023-11-10T12:14:15.700-0800][78059332ms] GC(26790) Using 10 workers of 10 for evacuation
[2023-11-10T12:14:15.706-0800][78059338ms] GC(26790)   Pre Evacuate Collection Set: 0.0ms
[2023-11-10T12:14:15.706-0800][78059338ms] GC(26790)   Evacuate Collection Set: 1.6ms
[2023-11-10T12:14:15.706-0800][78059338ms] GC(26790)   Post Evacuate Collection Set: 3.2ms
[2023-11-10T12:14:15.706-0800][78059338ms] GC(26790)   Other: 0.3ms
[2023-11-10T12:14:15.706-0800][78059338ms] GC(26790) Eden regions: 144->0(144)
[2023-11-10T12:14:15.706-0800][78059338ms] GC(26790) Survivor regions: 1->1(19)
[2023-11-10T12:14:15.706-0800][78059338ms] GC(26790) Old regions: 1469->1469
[2023-11-10T12:14:15.706-0800][78059338ms] GC(26790) Humongous regions: 5->5
[2023-11-10T12:14:15.706-0800][78059338ms] GC(26790) Metaspace: 305050K->305050K(1349632K)
[2023-11-10T12:14:15.706-0800][78059338ms] GC(26790) Pause Young (Normal) (GCLocker Initiated GC) 3234M->2946M(3602M) 5.350ms
[2023-11-10T12:14:15.706-0800][78059338ms] GC(26790) User=0.00s Sys=0.00s Real=0.01s
[2023-11-10T12:14:16.002-0800][78059634ms] GC(26791) Pause Young (Normal) (GCLocker Initiated GC)
[2023-11-10T12:14:16.002-0800][78059634ms] GC(26791) Using 10 workers of 10 for evacuation
[2023-11-10T12:14:16.007-0800][78059639ms] GC(26791)   Pre Evacuate Collection Set: 0.0ms
[2023-11-10T12:14:16.007-0800][78059639ms] GC(26791)   Evacuate Collection Set: 1.8ms
[2023-11-10T12:14:16.007-0800][78059639ms] GC(26791)   Post Evacuate Collection Set: 3.4ms
[2023-11-10T12:14:16.007-0800][78059639ms] GC(26791)   Other: 0.3ms
[2023-11-10T12:14:16.007-0800][78059639ms] GC(26791) Eden regions: 145->0(144)
[2023-11-10T12:14:16.007-0800][78059639ms] GC(26791) Survivor regions: 1->1(19)
[2023-11-10T12:14:16.007-0800][78059639ms] GC(26791) Old regions: 1469->1469
[2023-11-10T12:14:16.007-0800][78059639ms] GC(26791) Humongous regions: 5->5
[2023-11-10T12:14:16.007-0800][78059639ms] GC(26791) Metaspace: 305050K->305050K(1349632K)
[2023-11-10T12:14:16.007-0800][78059639ms] GC(26791) Pause Young (Normal) (GCLocker Initiated GC) 3234M->2946M(3602M) 5.607ms
[2023-11-10T12:14:16.007-0800][78059639ms] GC(26791) User=0.00s Sys=0.00s Real=0.00s
[2023-11-10T12:14:16.300-0800][78059932ms] GC(26792) Pause Young (Normal) (G1 Evacuation Pause)
[2023-11-10T12:14:16.300-0800][78059932ms] GC(26792) Using 10 workers of 10 for evacuation
[2023-11-10T12:14:16.305-0800][78059937ms] GC(26792)   Pre Evacuate Collection Set: 0.0ms
[2023-11-10T12:14:16.305-0800][78059937ms] GC(26792)   Evacuate Collection Set: 1.7ms
[2023-11-10T12:14:16.305-0800][78059937ms] GC(26792)   Post Evacuate Collection Set: 3.1ms
[2023-11-10T12:14:16.305-0800][78059937ms] GC(26792)   Other: 0.2ms
[2023-11-10T12:14:16.305-0800][78059937ms] GC(26792) Eden regions: 144->0(144)
[2023-11-10T12:14:16.305-0800][78059937ms] GC(26792) Survivor regions: 1->1(19)
[2023-11-10T12:14:16.305-0800][78059937ms] GC(26792) Old regions: 1469->1469
[2023-11-10T12:14:16.305-0800][78059937ms] GC(26792) Humongous regions: 5->5
[2023-11-10T12:14:16.305-0800][78059937ms] GC(26792) Metaspace: 305050K->305050K(1349632K)
[2023-11-10T12:14:16.305-0800][78059937ms] GC(26792) Pause Young (Normal) (G1 Evacuation Pause) 3234M->2946M(3602M) 5.285ms
[2023-11-10T12:14:16.305-0800][78059937ms] GC(26792) User=0.02s Sys=0.00s Real=0.01s
[2023-11-10T12:14:16.596-0800][78060228ms] GC(26793) Pause Young (Normal) (GCLocker Initiated GC)
[2023-11-10T12:14:16.596-0800][78060228ms] GC(26793) Using 10 workers of 10 for evacuation
[2023-11-10T12:14:16.601-0800][78060233ms] GC(26793)   Pre Evacuate Collection Set: 0.0ms
[2023-11-10T12:14:16.601-0800][78060233ms] GC(26793)   Evacuate Collection Set: 1.7ms
[2023-11-10T12:14:16.601-0800][78060233ms] GC(26793)   Post Evacuate Collection Set: 3.2ms
[2023-11-10T12:14:16.601-0800][78060233ms] GC(26793)   Other: 0.2ms
[2023-11-10T12:14:16.601-0800][78060233ms] GC(26793) Eden regions: 144->0(144)
[2023-11-10T12:14:16.601-0800][78060233ms] GC(26793) Survivor regions: 1->1(19)
[2023-11-10T12:14:16.601-0800][78060233ms] GC(26793) Old regions: 1469->1469
[2023-11-10T12:14:16.601-0800][78060233ms] GC(26793) Humongous regions: 5->5
[2023-11-10T12:14:16.601-0800][78060233ms] GC(26793) Metaspace: 305050K->305050K(1349632K)
[2023-11-10T12:14:16.601-0800][78060233ms] GC(26793) Pause Young (Normal) (GCLocker Initiated GC) 3234M->2946M(3602M) 5.252ms
[2023-11-10T12:14:16.602-0800][78060234ms] GC(26793) User=0.00s Sys=0.00s Real=0.01s
[2023-11-10T12:14:16.891-0800][78060523ms] GC(26794) Pause Young (Normal) (G1 Evacuation Pause)
[2023-11-10T12:14:16.891-0800][78060523ms] GC(26794) Using 10 workers of 10 for evacuation
[2023-11-10T12:14:16.895-0800][78060527ms] GC(26794)   Pre Evacuate Collection Set: 0.0ms
[2023-11-10T12:14:16.895-0800][78060527ms] GC(26794)   Evacuate Collection Set: 1.7ms
[2023-11-10T12:14:16.895-0800][78060527ms] GC(26794)   Post Evacuate Collection Set: 3.0ms
[2023-11-10T12:14:16.895-0800][78060527ms] GC(26794)   Other: 0.2ms
[2023-11-10T12:14:16.895-0800][78060527ms] GC(26794) Eden regions: 144->0(144)
[2023-11-10T12:14:16.895-0800][78060527ms] GC(26794) Survivor regions: 1->1(19)
[2023-11-10T12:14:16.895-0800][78060527ms] GC(26794) Old regions: 1469->1469
[2023-11-10T12:14:16.895-0800][78060527ms] GC(26794) Humongous regions: 5->5
[2023-11-10T12:14:16.895-0800][78060527ms] GC(26794) Metaspace: 305050K->305050K(1349632K)
[2023-11-10T12:14:16.895-0800][78060527ms] GC(26794) Pause Young (Normal) (G1 Evacuation Pause) 3234M->2946M(3602M) 5.082ms
[2023-11-10T12:14:16.896-0800][78060528ms] GC(26794) User=0.00s Sys=0.00s Real=0.00s
[2023-11-10T12:14:17.174-0800][78060806ms] GC(26795) Pause Young (Normal) (G1 Evacuation Pause)
[2023-11-10T12:14:17.174-0800][78060806ms] GC(26795) Using 10 workers of 10 for evacuation
[2023-11-10T12:14:17.179-0800][78060811ms] GC(26795)   Pre Evacuate Collection Set: 0.0ms
[2023-11-10T12:14:17.179-0800][78060811ms] GC(26795)   Evacuate Collection Set: 1.7ms
[2023-11-10T12:14:17.179-0800][78060811ms] GC(26795)   Post Evacuate Collection Set: 3.2ms
[2023-11-10T12:14:17.179-0800][78060811ms] GC(26795)   Other: 0.3ms
[2023-11-10T12:14:17.179-0800][78060811ms] GC(26795) Eden regions: 144->0(144)
[2023-11-10T12:14:17.179-0800][78060811ms] GC(26795) Survivor regions: 1->1(19)
[2023-11-10T12:14:17.179-0800][78060811ms] GC(26795) Old regions: 1469->1469
[2023-11-10T12:14:17.179-0800][78060811ms] GC(26795) Humongous regions: 5->5
[2023-11-10T12:14:17.179-0800][78060811ms] GC(26795) Metaspace: 305050K->305050K(1349632K)
[2023-11-10T12:14:17.179-0800][78060811ms] GC(26795) Pause Young (Normal) (G1 Evacuation Pause) 3234M->2947M(3602M) 5.321ms
[2023-11-10T12:14:17.179-0800][78060811ms] GC(26795) User=0.02s Sys=0.00s Real=0.00s
[2023-11-10T12:14:17.482-0800][78061114ms] GC(26796) Pause Young (Normal) (G1 Evacuation Pause)
[2023-11-10T12:14:17.482-0800][78061114ms] GC(26796) Using 10 workers of 10 for evacuation
[2023-11-10T12:14:17.487-0800][78061119ms] GC(26796)   Pre Evacuate Collection Set: 0.1ms
[2023-11-10T12:14:17.488-0800][78061120ms] GC(26796)   Evacuate Collection Set: 1.7ms
[2023-11-10T12:14:17.488-0800][78061120ms] GC(26796)   Post Evacuate Collection Set: 3.2ms
[2023-11-10T12:14:17.488-0800][78061120ms] GC(26796)   Other: 0.2ms
[2023-11-10T12:14:17.488-0800][78061120ms] GC(26796) Eden regions: 144->0(144)
[2023-11-10T12:14:17.488-0800][78061120ms] GC(26796) Survivor regions: 1->1(19)
[2023-11-10T12:14:17.488-0800][78061120ms] GC(26796) Old regions: 1469->1469
[2023-11-10T12:14:17.488-0800][78061120ms] GC(26796) Humongous regions: 5->5
[2023-11-10T12:14:17.488-0800][78061120ms] GC(26796) Metaspace: 305050K->305050K(1349632K)
[2023-11-10T12:14:17.488-0800][78061120ms] GC(26796) Pause Young (Normal) (G1 Evacuation Pause) 3235M->2946M(3602M) 5.232ms
[2023-11-10T12:14:17.488-0800][78061120ms] GC(26796) User=0.00s Sys=0.00s Real=0.01s
[2023-11-10T12:14:17.752-0800][78061384ms] GC(26797) Pause Young (Normal) (G1 Evacuation Pause)
[2023-11-10T12:14:17.752-0800][78061384ms] GC(26797) Using 10 workers of 10 for evacuation
[2023-11-10T12:14:17.757-0800][78061389ms] GC(26797)   Pre Evacuate Collection Set: 0.0ms
[2023-11-10T12:14:17.757-0800][78061389ms] GC(26797)   Evacuate Collection Set: 1.7ms
[2023-11-10T12:14:17.757-0800][78061389ms] GC(26797)   Post Evacuate Collection Set: 3.2ms
[2023-11-10T12:14:17.757-0800][78061389ms] GC(26797)   Other: 0.3ms
[2023-11-10T12:14:17.757-0800][78061389ms] GC(26797) Eden regions: 144->0(144)
[2023-11-10T12:14:17.757-0800][78061389ms] GC(26797) Survivor regions: 1->1(19)
[2023-11-10T12:14:17.757-0800][78061389ms] GC(26797) Old regions: 1469->1469
[2023-11-10T12:14:17.757-0800][78061389ms] GC(26797) Humongous regions: 5->5
[2023-11-10T12:14:17.757-0800][78061389ms] GC(26797) Metaspace: 305050K->305050K(1349632K)
[2023-11-10T12:14:17.757-0800][78061389ms] GC(26797) Pause Young (Normal) (G1 Evacuation Pause) 3234M->2946M(3602M) 5.358ms
[2023-11-10T12:14:17.757-0800][78061389ms] GC(26797) User=0.00s Sys=0.00s Real=0.00s
[2023-11-10T12:14:18.024-0800][78061656ms] GC(26798) Pause Young (Normal) (G1 Evacuation Pause)
[2023-11-10T12:14:18.024-0800][78061656ms] GC(26798) Using 10 workers of 10 for evacuation
[2023-11-10T12:14:18.029-0800][78061661ms] GC(26798)   Pre Evacuate Collection Set: 0.0ms
[2023-11-10T12:14:18.029-0800][78061661ms] GC(26798)   Evacuate Collection Set: 1.7ms
[2023-11-10T12:14:18.029-0800][78061661ms] GC(26798)   Post Evacuate Collection Set: 3.2ms
[2023-11-10T12:14:18.029-0800][78061661ms] GC(26798)   Other: 0.3ms
[2023-11-10T12:14:18.029-0800][78061661ms] GC(26798) Eden regions: 144->0(144)
[2023-11-10T12:14:18.029-0800][78061661ms] GC(26798) Survivor regions: 1->1(19)
[2023-11-10T12:14:18.029-0800][78061661ms] GC(26798) Old regions: 1469->1469
[2023-11-10T12:14:18.029-0800][78061661ms] GC(26798) Humongous regions: 5->5
[2023-11-10T12:14:18.029-0800][78061661ms] GC(26798) Metaspace: 305050K->305050K(1349632K)
[2023-11-10T12:14:18.029-0800][78061661ms] GC(26798) Pause Young (Normal) (G1 Evacuation Pause) 3234M->2946M(3602M) 5.333ms
[2023-11-10T12:14:18.029-0800][78061661ms] GC(26798) User=0.00s Sys=0.00s Real=0.01s
[2023-11-10T12:14:18.339-0800][78061971ms] GC(26799) Pause Young (Normal) (G1 Evacuation Pause)
[2023-11-10T12:14:18.339-0800][78061971ms] GC(26799) Using 10 workers of 10 for evacuation
[2023-11-10T12:14:18.345-0800][78061977ms] GC(26799)   Pre Evacuate Collection Set: 0.1ms
[2023-11-10T12:14:18.345-0800][78061977ms] GC(26799)   Evacuate Collection Set: 1.8ms
[2023-11-10T12:14:18.345-0800][78061977ms] GC(26799)   Post Evacuate Collection Set: 3.5ms
[2023-11-10T12:14:18.345-0800][78061977ms] GC(26799)   Other: 0.3ms
[2023-11-10T12:14:18.345-0800][78061977ms] GC(26799) Eden regions: 144->0(144)
[2023-11-10T12:14:18.345-0800][78061977ms] GC(26799) Survivor regions: 1->1(19)
[2023-11-10T12:14:18.345-0800][78061977ms] GC(26799) Old regions: 1469->1469
[2023-11-10T12:14:18.346-0800][78061978ms] GC(26799) Humongous regions: 5->5
[2023-11-10T12:14:18.346-0800][78061978ms] GC(26799) Metaspace: 305050K->305050K(1349632K)
[2023-11-10T12:14:18.346-0800][78061978ms] GC(26799) Pause Young (Normal) (G1 Evacuation Pause) 3234M->2946M(3602M) 5.806ms
[2023-11-10T12:14:18.346-0800][78061978ms] GC(26799) User=0.00s Sys=0.00s Real=0.01s
[2023-11-10T12:14:18.635-0800][78062267ms] GC(26800) Pause Young (Normal) (G1 Evacuation Pause)
[2023-11-10T12:14:18.635-0800][78062267ms] GC(26800) Using 10 workers of 10 for evacuation
[2023-11-10T12:14:18.639-0800][78062271ms] GC(26800)   Pre Evacuate Collection Set: 0.0ms
[2023-11-10T12:14:18.639-0800][78062271ms] GC(26800)   Evacuate Collection Set: 1.6ms
[2023-11-10T12:14:18.639-0800][78062271ms] GC(26800)   Post Evacuate Collection Set: 3.0ms
[2023-11-10T12:14:18.639-0800][78062271ms] GC(26800)   Other: 0.3ms
[2023-11-10T12:14:18.639-0800][78062271ms] GC(26800) Eden regions: 144->0(144)
[2023-11-10T12:14:18.639-0800][78062271ms] GC(26800) Survivor regions: 1->1(19)
[2023-11-10T12:14:18.639-0800][78062271ms] GC(26800) Old regions: 1469->1469
[2023-11-10T12:14:18.639-0800][78062271ms] GC(26800) Humongous regions: 5->5
[2023-11-10T12:14:18.639-0800][78062271ms] GC(26800) Metaspace: 305050K->305050K(1349632K)
[2023-11-10T12:14:18.639-0800][78062271ms] GC(26800) Pause Young (Normal) (G1 Evacuation Pause) 3234M->2946M(3602M) 5.006ms
[2023-11-10T12:14:18.639-0800][78062271ms] GC(26800) User=0.00s Sys=0.00s Real=0.00s
[2023-11-10T12:14:18.906-0800][78062538ms] GC(26801) Pause Young (Normal) (G1 Evacuation Pause)
[2023-11-10T12:14:18.906-0800][78062538ms] GC(26801) Using 10 workers of 10 for evacuation
[2023-11-10T12:14:18.912-0800][78062544ms] GC(26801)   Pre Evacuate Collection Set: 0.0ms
[2023-11-10T12:14:18.912-0800][78062544ms] GC(26801)   Evacuate Collection Set: 1.6ms
[2023-11-10T12:14:18.912-0800][78062544ms] GC(26801)   Post Evacuate Collection Set: 3.2ms
[2023-11-10T12:14:18.912-0800][78062544ms] GC(26801)   Other: 0.3ms
[2023-11-10T12:14:18.912-0800][78062544ms] GC(26801) Eden regions: 144->0(144)
[2023-11-10T12:14:18.912-0800][78062544ms] GC(26801) Survivor regions: 1->1(19)
[2023-11-10T12:14:18.912-0800][78062544ms] GC(26801) Old regions: 1469->1469
[2023-11-10T12:14:18.912-0800][78062544ms] GC(26801) Humongous regions: 5->5
[2023-11-10T12:14:18.912-0800][78062544ms] GC(26801) Metaspace: 305050K->305050K(1349632K)
[2023-11-10T12:14:18.912-0800][78062544ms] GC(26801) Pause Young (Normal) (G1 Evacuation Pause) 3234M->2946M(3602M) 5.220ms
[2023-11-10T12:14:18.912-0800][78062544ms] GC(26801) User=0.00s Sys=0.00s Real=0.01s
[2023-11-10T12:14:19.183-0800][78062815ms] GC(26802) Pause Young (Normal) (G1 Evacuation Pause)
[2023-11-10T12:14:19.183-0800][78062815ms] GC(26802) Using 10 workers of 10 for evacuation
[2023-11-10T12:14:19.187-0800][78062819ms] GC(26802)   Pre Evacuate Collection Set: 0.0ms
[2023-11-10T12:14:19.187-0800][78062819ms] GC(26802)   Evacuate Collection Set: 1.6ms
[2023-11-10T12:14:19.187-0800][78062819ms] GC(26802)   Post Evacuate Collection Set: 3.1ms
[2023-11-10T12:14:19.187-0800][78062819ms] GC(26802)   Other: 0.3ms
[2023-11-10T12:14:19.187-0800][78062819ms] GC(26802) Eden regions: 144->0(144)
[2023-11-10T12:14:19.187-0800][78062819ms] GC(26802) Survivor regions: 1->1(19)
[2023-11-10T12:14:19.187-0800][78062819ms] GC(26802) Old regions: 1469->1469
[2023-11-10T12:14:19.187-0800][78062819ms] GC(26802) Humongous regions: 5->5
[2023-11-10T12:14:19.187-0800][78062819ms] GC(26802) Metaspace: 305050K->305050K(1349632K)
[2023-11-10T12:14:19.187-0800][78062819ms] GC(26802) Pause Young (Normal) (G1 Evacuation Pause) 3234M->2946M(3602M) 5.111ms
[2023-11-10T12:14:19.188-0800][78062820ms] GC(26802) User=0.00s Sys=0.00s Real=0.00s
[2023-11-10T12:14:19.443-0800][78063075ms] GC(26803) Pause Young (Normal) (G1 Evacuation Pause)
[2023-11-10T12:14:19.443-0800][78063075ms] GC(26803) Using 10 workers of 10 for evacuation
[2023-11-10T12:14:19.447-0800][78063079ms] GC(26803)   Pre Evacuate Collection Set: 0.0ms
[2023-11-10T12:14:19.447-0800][78063079ms] GC(26803)   Evacuate Collection Set: 1.6ms
[2023-11-10T12:14:19.448-0800][78063080ms] GC(26803)   Post Evacuate Collection Set: 3.0ms
[2023-11-10T12:14:19.448-0800][78063080ms] GC(26803)   Other: 0.2ms
[2023-11-10T12:14:19.448-0800][78063080ms] GC(26803) Eden regions: 144->0(144)
[2023-11-10T12:14:19.448-0800][78063080ms] GC(26803) Survivor regions: 1->1(19)
[2023-11-10T12:14:19.448-0800][78063080ms] GC(26803) Old regions: 1469->1469
[2023-11-10T12:14:19.448-0800][78063080ms] GC(26803) Humongous regions: 5->5
[2023-11-10T12:14:19.448-0800][78063080ms] GC(26803) Metaspace: 305050K->305050K(1349632K)
[2023-11-10T12:14:19.448-0800][78063080ms] GC(26803) Pause Young (Normal) (G1 Evacuation Pause) 3234M->2946M(3602M) 5.015ms
[2023-11-10T12:14:19.448-0800][78063080ms] GC(26803) User=0.02s Sys=0.00s Real=0.00s
[2023-11-10T12:14:19.700-0800][78063332ms] GC(26804) Pause Young (Normal) (G1 Evacuation Pause)
[2023-11-10T12:14:19.700-0800][78063332ms] GC(26804) Using 10 workers of 10 for evacuation
[2023-11-10T12:14:19.705-0800][78063337ms] GC(26804)   Pre Evacuate Collection Set: 0.0ms
[2023-11-10T12:14:19.705-0800][78063337ms] GC(26804)   Evacuate Collection Set: 1.7ms
[2023-11-10T12:14:19.705-0800][78063337ms] GC(26804)   Post Evacuate Collection Set: 3.0ms
[2023-11-10T12:14:19.705-0800][78063337ms] GC(26804)   Other: 0.3ms
[2023-11-10T12:14:19.705-0800][78063337ms] GC(26804) Eden regions: 144->0(144)
[2023-11-10T12:14:19.705-0800][78063337ms] GC(26804) Survivor regions: 1->1(19)
[2023-11-10T12:14:19.705-0800][78063337ms] GC(26804) Old regions: 1469->1469
[2023-11-10T12:14:19.705-0800][78063337ms] GC(26804) Humongous regions: 5->5
[2023-11-10T12:14:19.705-0800][78063337ms] GC(26804) Metaspace: 305050K->305050K(1349632K)
[2023-11-10T12:14:19.705-0800][78063337ms] GC(26804) Pause Young (Normal) (G1 Evacuation Pause) 3234M->2946M(3602M) 5.107ms
[2023-11-10T12:14:19.705-0800][78063337ms] GC(26804) User=0.00s Sys=0.00s Real=0.00s
[2023-11-10T12:14:20.014-0800][78063646ms] GC(26805) Pause Young (Normal) (G1 Evacuation Pause)
[2023-11-10T12:14:20.014-0800][78063646ms] GC(26805) Using 10 workers of 10 for evacuation
[2023-11-10T12:14:20.018-0800][78063650ms] GC(26805)   Pre Evacuate Collection Set: 0.0ms
[2023-11-10T12:14:20.018-0800][78063650ms] GC(26805)   Evacuate Collection Set: 1.9ms
[2023-11-10T12:14:20.018-0800][78063650ms] GC(26805)   Post Evacuate Collection Set: 3.6ms
[2023-11-10T12:14:20.018-0800][78063650ms] GC(26805)   Other: 0.3ms
[2023-11-10T12:14:20.020-0800][78063652ms] GC(26805) Eden regions: 144->0(144)
[2023-11-10T12:14:20.020-0800][78063652ms] GC(26805) Survivor regions: 1->1(19)
[2023-11-10T12:14:20.020-0800][78063652ms] GC(26805) Old regions: 1469->1469
[2023-11-10T12:14:20.020-0800][78063652ms] GC(26805) Humongous regions: 5->5
[2023-11-10T12:14:20.020-0800][78063652ms] GC(26805) Metaspace: 305050K->305050K(1349632K)
[2023-11-10T12:14:20.020-0800][78063652ms] GC(26805) Pause Young (Normal) (G1 Evacuation Pause) 3234M->2946M(3602M) 5.880ms
[2023-11-10T12:14:20.020-0800][78063652ms] GC(26805) User=0.00s Sys=0.00s Real=0.01s
[2023-11-10T12:14:20.318-0800][78063950ms] GC(26806) Pause Young (Normal) (G1 Evacuation Pause)
[2023-11-10T12:14:20.318-0800][78063950ms] GC(26806) Using 10 workers of 10 for evacuation
[2023-11-10T12:14:20.322-0800][78063954ms] GC(26806)   Pre Evacuate Collection Set: 0.0ms
[2023-11-10T12:14:20.322-0800][78063954ms] GC(26806)   Evacuate Collection Set: 1.6ms
[2023-11-10T12:14:20.322-0800][78063954ms] GC(26806)   Post Evacuate Collection Set: 3.1ms
[2023-11-10T12:14:20.323-0800][78063955ms] GC(26806)   Other: 0.2ms
[2023-11-10T12:14:20.323-0800][78063955ms] GC(26806) Eden regions: 144->0(144)
[2023-11-10T12:14:20.323-0800][78063955ms] GC(26806) Survivor regions: 1->1(19)
[2023-11-10T12:14:20.323-0800][78063955ms] GC(26806) Old regions: 1469->1469
[2023-11-10T12:14:20.323-0800][78063955ms] GC(26806) Humongous regions: 5->5
[2023-11-10T12:14:20.323-0800][78063955ms] GC(26806) Metaspace: 305050K->305050K(1349632K)
[2023-11-10T12:14:20.323-0800][78063955ms] GC(26806) Pause Young (Normal) (G1 Evacuation Pause) 3234M->2946M(3602M) 5.070ms
[2023-11-10T12:14:20.323-0800][78063955ms] GC(26806) User=0.09s Sys=0.00s Real=0.00s
[2023-11-10T12:14:20.586-0800][78064218ms] GC(26807) Pause Young (Normal) (G1 Evacuation Pause)
[2023-11-10T12:14:20.586-0800][78064218ms] GC(26807) Using 10 workers of 10 for evacuation
[2023-11-10T12:14:20.590-0800][78064222ms] GC(26807)   Pre Evacuate Collection Set: 0.0ms
[2023-11-10T12:14:20.590-0800][78064222ms] GC(26807)   Evacuate Collection Set: 1.6ms
[2023-11-10T12:14:20.590-0800][78064222ms] GC(26807)   Post Evacuate Collection Set: 2.9ms
[2023-11-10T12:14:20.590-0800][78064222ms] GC(26807)   Other: 0.2ms
[2023-11-10T12:14:20.590-0800][78064222ms] GC(26807) Eden regions: 144->0(144)
[2023-11-10T12:14:20.590-0800][78064222ms] GC(26807) Survivor regions: 1->1(19)
[2023-11-10T12:14:20.590-0800][78064222ms] GC(26807) Old regions: 1469->1469
[2023-11-10T12:14:20.590-0800][78064222ms] GC(26807) Humongous regions: 5->5
[2023-11-10T12:14:20.590-0800][78064222ms] GC(26807) Metaspace: 305050K->305050K(1349632K)
[2023-11-10T12:14:20.590-0800][78064222ms] GC(26807) Pause Young (Normal) (G1 Evacuation Pause) 3234M->2946M(3602M) 4.895ms
[2023-11-10T12:14:20.590-0800][78064222ms] GC(26807) User=0.00s Sys=0.00s Real=0.00s
[2023-11-10T12:14:20.854-0800][78064486ms] GC(26808) Pause Young (Normal) (G1 Evacuation Pause)
[2023-11-10T12:14:20.854-0800][78064486ms] GC(26808) Using 10 workers of 10 for evacuation
[2023-11-10T12:14:20.860-0800][78064492ms] GC(26808)   Pre Evacuate Collection Set: 0.0ms
[2023-11-10T12:14:20.860-0800][78064492ms] GC(26808)   Evacuate Collection Set: 1.6ms
[2023-11-10T12:14:20.860-0800][78064492ms] GC(26808)   Post Evacuate Collection Set: 3.2ms
[2023-11-10T12:14:20.860-0800][78064492ms] GC(26808)   Other: 0.2ms
[2023-11-10T12:14:20.860-0800][78064492ms] GC(26808) Eden regions: 144->0(144)
[2023-11-10T12:14:20.860-0800][78064492ms] GC(26808) Survivor regions: 1->1(19)
[2023-11-10T12:14:20.860-0800][78064492ms] GC(26808) Old regions: 1469->1469
[2023-11-10T12:14:20.860-0800][78064492ms] GC(26808) Humongous regions: 5->5
[2023-11-10T12:14:20.860-0800][78064492ms] GC(26808) Metaspace: 305050K->305050K(1349632K)
[2023-11-10T12:14:20.860-0800][78064492ms] GC(26808) Pause Young (Normal) (G1 Evacuation Pause) 3234M->2946M(3602M) 5.175ms
[2023-11-10T12:14:20.860-0800][78064492ms] GC(26808) User=0.00s Sys=0.00s Real=0.01s
[2023-11-10T12:14:21.124-0800][78064756ms] GC(26809) Pause Young (Normal) (G1 Evacuation Pause)
[2023-11-10T12:14:21.124-0800][78064756ms] GC(26809) Using 10 workers of 10 for evacuation
[2023-11-10T12:14:21.128-0800][78064760ms] GC(26809)   Pre Evacuate Collection Set: 0.0ms
[2023-11-10T12:14:21.128-0800][78064760ms] GC(26809)   Evacuate Collection Set: 1.6ms
[2023-11-10T12:14:21.128-0800][78064760ms] GC(26809)   Post Evacuate Collection Set: 2.9ms
[2023-11-10T12:14:21.128-0800][78064760ms] GC(26809)   Other: 0.2ms
[2023-11-10T12:14:21.128-0800][78064760ms] GC(26809) Eden regions: 144->0(144)
[2023-11-10T12:14:21.128-0800][78064760ms] GC(26809) Survivor regions: 1->1(19)
[2023-11-10T12:14:21.129-0800][78064761ms] GC(26809) Old regions: 1469->1469
[2023-11-10T12:14:21.129-0800][78064761ms] GC(26809) Humongous regions: 5->5
[2023-11-10T12:14:21.129-0800][78064761ms] GC(26809) Metaspace: 305050K->305050K(1349632K)
[2023-11-10T12:14:21.129-0800][78064761ms] GC(26809) Pause Young (Normal) (G1 Evacuation Pause) 3234M->2946M(3602M) 4.947ms
[2023-11-10T12:14:21.129-0800][78064761ms] GC(26809) User=0.00s Sys=0.00s Real=0.00s
[2023-11-10T12:14:21.391-0800][78065023ms] GC(26810) Pause Young (Normal) (G1 Evacuation Pause)
[2023-11-10T12:14:21.391-0800][78065023ms] GC(26810) Using 10 workers of 10 for evacuation
[2023-11-10T12:14:21.396-0800][78065028ms] GC(26810)   Pre Evacuate Collection Set: 0.0ms
[2023-11-10T12:14:21.396-0800][78065028ms] GC(26810)   Evacuate Collection Set: 1.7ms
[2023-11-10T12:14:21.396-0800][78065028ms] GC(26810)   Post Evacuate Collection Set: 3.2ms
[2023-11-10T12:14:21.396-0800][78065028ms] GC(26810)   Other: 0.3ms
[2023-11-10T12:14:21.396-0800][78065028ms] GC(26810) Eden regions: 144->0(144)
[2023-11-10T12:14:21.396-0800][78065028ms] GC(26810) Survivor regions: 1->1(19)
[2023-11-10T12:14:21.396-0800][78065028ms] GC(26810) Old regions: 1469->1469
[2023-11-10T12:14:21.396-0800][78065028ms] GC(26810) Humongous regions: 5->5
[2023-11-10T12:14:21.396-0800][78065028ms] GC(26810) Metaspace: 305050K->305050K(1349632K)
[2023-11-10T12:14:21.396-0800][78065028ms] GC(26810) Pause Young (Normal) (G1 Evacuation Pause) 3234M->2947M(3602M) 5.306ms
[2023-11-10T12:14:21.396-0800][78065028ms] GC(26810) User=0.00s Sys=0.00s Real=0.00s
[2023-11-10T12:14:21.681-0800][78065313ms] GC(26811) Pause Young (Normal) (G1 Evacuation Pause)
[2023-11-10T12:14:21.681-0800][78065313ms] GC(26811) Using 10 workers of 10 for evacuation
[2023-11-10T12:14:21.686-0800][78065318ms] GC(26811)   Pre Evacuate Collection Set: 0.1ms
[2023-11-10T12:14:21.686-0800][78065318ms] GC(26811)   Evacuate Collection Set: 1.7ms
[2023-11-10T12:14:21.686-0800][78065318ms] GC(26811)   Post Evacuate Collection Set: 3.0ms
[2023-11-10T12:14:21.686-0800][78065318ms] GC(26811)   Other: 0.3ms
[2023-11-10T12:14:21.686-0800][78065318ms] GC(26811) Eden regions: 144->0(144)
[2023-11-10T12:14:21.686-0800][78065318ms] GC(26811) Survivor regions: 1->1(19)
[2023-11-10T12:14:21.686-0800][78065318ms] GC(26811) Old regions: 1469->1469
[2023-11-10T12:14:21.686-0800][78065318ms] GC(26811) Humongous regions: 5->5
[2023-11-10T12:14:21.686-0800][78065318ms] GC(26811) Metaspace: 305050K->305050K(1349632K)
[2023-11-10T12:14:21.686-0800][78065318ms] GC(26811) Pause Young (Normal) (G1 Evacuation Pause) 3235M->2946M(3602M) 5.219ms
[2023-11-10T12:14:21.686-0800][78065318ms] GC(26811) User=0.00s Sys=0.00s Real=0.01s
[2023-11-10T12:14:21.957-0800][78065589ms] GC(26812) Pause Young (Normal) (G1 Evacuation Pause)
[2023-11-10T12:14:21.957-0800][78065589ms] GC(26812) Using 10 workers of 10 for evacuation
[2023-11-10T12:14:21.962-0800][78065594ms] GC(26812)   Pre Evacuate Collection Set: 0.0ms
[2023-11-10T12:14:21.962-0800][78065594ms] GC(26812)   Evacuate Collection Set: 1.7ms
[2023-11-10T12:14:21.962-0800][78065594ms] GC(26812)   Post Evacuate Collection Set: 2.9ms
[2023-11-10T12:14:21.962-0800][78065594ms] GC(26812)   Other: 0.2ms
[2023-11-10T12:14:21.962-0800][78065594ms] GC(26812) Eden regions: 144->0(144)
[2023-11-10T12:14:21.962-0800][78065594ms] GC(26812) Survivor regions: 1->1(19)
[2023-11-10T12:14:21.962-0800][78065594ms] GC(26812) Old regions: 1469->1469
[2023-11-10T12:14:21.962-0800][78065594ms] GC(26812) Humongous regions: 5->5
[2023-11-10T12:14:21.962-0800][78065594ms] GC(26812) Metaspace: 305050K->305050K(1349632K)
[2023-11-10T12:14:21.962-0800][78065594ms] GC(26812) Pause Young (Normal) (G1 Evacuation Pause) 3234M->2946M(3602M) 4.958ms
[2023-11-10T12:14:21.962-0800][78065594ms] GC(26812) User=0.02s Sys=0.00s Real=0.00s
[2023-11-10T12:14:22.209-0800][78065841ms] GC(26813) Pause Young (Normal) (G1 Evacuation Pause)
[2023-11-10T12:14:22.209-0800][78065841ms] GC(26813) Using 10 workers of 10 for evacuation
[2023-11-10T12:14:22.215-0800][78065847ms] GC(26813)   Pre Evacuate Collection Set: 0.1ms
[2023-11-10T12:14:22.215-0800][78065847ms] GC(26813)   Evacuate Collection Set: 2.4ms
[2023-11-10T12:14:22.215-0800][78065847ms] GC(26813)   Post Evacuate Collection Set: 4.2ms
[2023-11-10T12:14:22.215-0800][78065847ms] GC(26813)   Other: 0.3ms
[2023-11-10T12:14:22.215-0800][78065847ms] GC(26813) Eden regions: 144->0(144)
[2023-11-10T12:14:22.215-0800][78065847ms] GC(26813) Survivor regions: 1->1(19)
[2023-11-10T12:14:22.215-0800][78065847ms] GC(26813) Old regions: 1469->1469
[2023-11-10T12:14:22.215-0800][78065847ms] GC(26813) Humongous regions: 5->5
[2023-11-10T12:14:22.215-0800][78065847ms] GC(26813) Metaspace: 305050K->305050K(1349632K)
[2023-11-10T12:14:22.215-0800][78065847ms] GC(26813) Pause Young (Normal) (G1 Evacuation Pause) 3234M->2946M(3602M) 7.101ms
[2023-11-10T12:14:22.215-0800][78065847ms] GC(26813) User=0.08s Sys=0.02s Real=0.01s
[2023-11-10T12:14:22.548-0800][78066180ms] GC(26814) Pause Young (Normal) (G1 Evacuation Pause)
[2023-11-10T12:14:22.548-0800][78066180ms] GC(26814) Using 10 workers of 10 for evacuation
[2023-11-10T12:14:22.557-0800][78066189ms] GC(26814)   Pre Evacuate Collection Set: 0.1ms
[2023-11-10T12:14:22.557-0800][78066189ms] GC(26814)   Evacuate Collection Set: 2.3ms
[2023-11-10T12:14:22.557-0800][78066189ms] GC(26814)   Post Evacuate Collection Set: 5.0ms
[2023-11-10T12:14:22.557-0800][78066189ms] GC(26814)   Other: 0.4ms
[2023-11-10T12:14:22.557-0800][78066189ms] GC(26814) Eden regions: 144->0(144)
[2023-11-10T12:14:22.557-0800][78066189ms] GC(26814) Survivor regions: 1->1(19)
[2023-11-10T12:14:22.557-0800][78066189ms] GC(26814) Old regions: 1469->1469
[2023-11-10T12:14:22.557-0800][78066189ms] GC(26814) Humongous regions: 5->5
[2023-11-10T12:14:22.557-0800][78066189ms] GC(26814) Metaspace: 305050K->305050K(1349632K)
[2023-11-10T12:14:22.557-0800][78066189ms] GC(26814) Pause Young (Normal) (G1 Evacuation Pause) 3234M->2946M(3602M) 7.987ms
[2023-11-10T12:14:22.557-0800][78066189ms] GC(26814) User=0.00s Sys=0.00s Real=0.01s
[2023-11-10T12:14:23.025-0800][78066657ms] GC(26815) Pause Young (Normal) (G1 Evacuation Pause)
[2023-11-10T12:14:23.025-0800][78066657ms] GC(26815) Using 10 workers of 10 for evacuation
[2023-11-10T12:14:23.031-0800][78066664ms] GC(26815)   Pre Evacuate Collection Set: 0.0ms
[2023-11-10T12:14:23.032-0800][78066664ms] GC(26815)   Evacuate Collection Set: 2.2ms
[2023-11-10T12:14:23.032-0800][78066664ms] GC(26815)   Post Evacuate Collection Set: 4.2ms
[2023-11-10T12:14:23.032-0800][78066664ms] GC(26815)   Other: 0.3ms
[2023-11-10T12:14:23.032-0800][78066664ms] GC(26815) Eden regions: 144->0(144)
[2023-11-10T12:14:23.032-0800][78066664ms] GC(26815) Survivor regions: 1->1(19)
[2023-11-10T12:14:23.032-0800][78066664ms] GC(26815) Old regions: 1469->1469
[2023-11-10T12:14:23.032-0800][78066664ms] GC(26815) Humongous regions: 5->5
[2023-11-10T12:14:23.032-0800][78066664ms] GC(26815) Metaspace: 305050K->305050K(1349632K)
[2023-11-10T12:14:23.032-0800][78066664ms] GC(26815) Pause Young (Normal) (G1 Evacuation Pause) 3234M->2946M(3602M) 6.872ms
[2023-11-10T12:14:23.032-0800][78066664ms] GC(26815) User=0.00s Sys=0.00s Real=0.01s
[2023-11-10T12:14:23.316-0800][78066948ms] GC(26816) Pause Young (Normal) (G1 Evacuation Pause)
[2023-11-10T12:14:23.316-0800][78066948ms] GC(26816) Using 10 workers of 10 for evacuation
[2023-11-10T12:14:23.321-0800][78066953ms] GC(26816)   Pre Evacuate Collection Set: 0.1ms
[2023-11-10T12:14:23.321-0800][78066953ms] GC(26816)   Evacuate Collection Set: 1.7ms
[2023-11-10T12:14:23.321-0800][78066953ms] GC(26816)   Post Evacuate Collection Set: 3.0ms
[2023-11-10T12:14:23.321-0800][78066953ms] GC(26816)   Other: 0.3ms
[2023-11-10T12:14:23.321-0800][78066953ms] GC(26816) Eden regions: 144->0(144)
[2023-11-10T12:14:23.321-0800][78066953ms] GC(26816) Survivor regions: 1->1(19)
[2023-11-10T12:14:23.321-0800][78066953ms] GC(26816) Old regions: 1469->1469
[2023-11-10T12:14:23.321-0800][78066953ms] GC(26816) Humongous regions: 5->5
[2023-11-10T12:14:23.321-0800][78066953ms] GC(26816) Metaspace: 305050K->305050K(1349632K)
[2023-11-10T12:14:23.321-0800][78066953ms] GC(26816) Pause Young (Normal) (G1 Evacuation Pause) 3234M->2946M(3602M) 5.100ms
[2023-11-10T12:14:23.322-0800][78066954ms] GC(26816) User=0.02s Sys=0.00s Real=0.01s
[2023-11-10T12:14:23.581-0800][78067213ms] GC(26817) Pause Young (Normal) (G1 Evacuation Pause)
[2023-11-10T12:14:23.581-0800][78067213ms] GC(26817) Using 10 workers of 10 for evacuation
[2023-11-10T12:14:23.586-0800][78067218ms] GC(26817)   Pre Evacuate Collection Set: 0.0ms
[2023-11-10T12:14:23.586-0800][78067218ms] GC(26817)   Evacuate Collection Set: 1.7ms
[2023-11-10T12:14:23.586-0800][78067218ms] GC(26817)   Post Evacuate Collection Set: 3.1ms
[2023-11-10T12:14:23.586-0800][78067218ms] GC(26817)   Other: 0.2ms
[2023-11-10T12:14:23.586-0800][78067218ms] GC(26817) Eden regions: 144->0(144)
[2023-11-10T12:14:23.586-0800][78067218ms] GC(26817) Survivor regions: 1->1(19)
[2023-11-10T12:14:23.586-0800][78067218ms] GC(26817) Old regions: 1469->1469
[2023-11-10T12:14:23.586-0800][78067218ms] GC(26817) Humongous regions: 5->5
[2023-11-10T12:14:23.586-0800][78067218ms] GC(26817) Metaspace: 305050K->305050K(1349632K)
[2023-11-10T12:14:23.586-0800][78067218ms] GC(26817) Pause Young (Normal) (G1 Evacuation Pause) 3234M->2946M(3602M) 5.091ms
[2023-11-10T12:14:23.586-0800][78067218ms] GC(26817) User=0.02s Sys=0.00s Real=0.00s
[2023-11-10T12:14:23.866-0800][78067498ms] GC(26818) Pause Young (Normal) (G1 Evacuation Pause)
[2023-11-10T12:14:23.866-0800][78067498ms] GC(26818) Using 10 workers of 10 for evacuation
[2023-11-10T12:14:23.870-0800][78067502ms] GC(26818)   Pre Evacuate Collection Set: 0.1ms
[2023-11-10T12:14:23.870-0800][78067502ms] GC(26818)   Evacuate Collection Set: 1.6ms
[2023-11-10T12:14:23.870-0800][78067502ms] GC(26818)   Post Evacuate Collection Set: 3.0ms
[2023-11-10T12:14:23.870-0800][78067502ms] GC(26818)   Other: 0.2ms
[2023-11-10T12:14:23.870-0800][78067502ms] GC(26818) Eden regions: 144->0(144)
[2023-11-10T12:14:23.870-0800][78067502ms] GC(26818) Survivor regions: 1->1(19)
[2023-11-10T12:14:23.870-0800][78067502ms] GC(26818) Old regions: 1469->1469
[2023-11-10T12:14:23.870-0800][78067502ms] GC(26818) Humongous regions: 5->5
[2023-11-10T12:14:23.870-0800][78067502ms] GC(26818) Metaspace: 305050K->305050K(1349632K)
[2023-11-10T12:14:23.870-0800][78067502ms] GC(26818) Pause Young (Normal) (G1 Evacuation Pause) 3234M->2946M(3602M) 5.035ms
[2023-11-10T12:14:23.870-0800][78067502ms] GC(26818) User=0.00s Sys=0.00s Real=0.00s
[2023-11-10T12:14:24.156-0800][78067788ms] GC(26819) Pause Young (Normal) (G1 Evacuation Pause)
[2023-11-10T12:14:24.156-0800][78067788ms] GC(26819) Using 10 workers of 10 for evacuation
[2023-11-10T12:14:24.161-0800][78067793ms] GC(26819)   Pre Evacuate Collection Set: 0.0ms
[2023-11-10T12:14:24.161-0800][78067793ms] GC(26819)   Evacuate Collection Set: 1.7ms
[2023-11-10T12:14:24.161-0800][78067793ms] GC(26819)   Post Evacuate Collection Set: 3.2ms
[2023-11-10T12:14:24.161-0800][78067793ms] GC(26819)   Other: 0.2ms
[2023-11-10T12:14:24.161-0800][78067793ms] GC(26819) Eden regions: 144->0(144)
[2023-11-10T12:14:24.161-0800][78067793ms] GC(26819) Survivor regions: 1->1(19)
[2023-11-10T12:14:24.161-0800][78067793ms] GC(26819) Old regions: 1469->1469
[2023-11-10T12:14:24.161-0800][78067793ms] GC(26819) Humongous regions: 5->5
[2023-11-10T12:14:24.161-0800][78067793ms] GC(26819) Metaspace: 305050K->305050K(1349632K)
[2023-11-10T12:14:24.161-0800][78067793ms] GC(26819) Pause Young (Normal) (G1 Evacuation Pause) 3234M->2946M(3602M) 5.176ms
[2023-11-10T12:14:24.161-0800][78067793ms] GC(26819) User=0.00s Sys=0.00s Real=0.01s
[2023-11-10T12:14:24.470-0800][78068102ms] GC(26820) Pause Young (Normal) (G1 Evacuation Pause)
[2023-11-10T12:14:24.470-0800][78068102ms] GC(26820) Using 10 workers of 10 for evacuation
[2023-11-10T12:14:24.476-0800][78068108ms] GC(26820)   Pre Evacuate Collection Set: 0.0ms
[2023-11-10T12:14:24.476-0800][78068108ms] GC(26820)   Evacuate Collection Set: 1.8ms
[2023-11-10T12:14:24.476-0800][78068108ms] GC(26820)   Post Evacuate Collection Set: 3.2ms
[2023-11-10T12:14:24.476-0800][78068108ms] GC(26820)   Other: 0.3ms
[2023-11-10T12:14:24.476-0800][78068108ms] GC(26820) Eden regions: 144->0(144)
[2023-11-10T12:14:24.476-0800][78068108ms] GC(26820) Survivor regions: 1->1(19)
[2023-11-10T12:14:24.476-0800][78068108ms] GC(26820) Old regions: 1469->1469
[2023-11-10T12:14:24.476-0800][78068108ms] GC(26820) Humongous regions: 5->5
[2023-11-10T12:14:24.476-0800][78068108ms] GC(26820) Metaspace: 305050K->305050K(1349632K)
[2023-11-10T12:14:24.476-0800][78068108ms] GC(26820) Pause Young (Normal) (G1 Evacuation Pause) 3234M->2946M(3602M) 5.438ms
[2023-11-10T12:14:24.476-0800][78068108ms] GC(26820) User=0.02s Sys=0.00s Real=0.01s
[2023-11-10T12:14:24.810-0800][78068442ms] GC(26821) Pause Young (Normal) (G1 Evacuation Pause)
[2023-11-10T12:14:24.811-0800][78068443ms] GC(26821) Using 10 workers of 10 for evacuation
[2023-11-10T12:14:24.816-0800][78068448ms] GC(26821)   Pre Evacuate Collection Set: 0.0ms
[2023-11-10T12:14:24.816-0800][78068448ms] GC(26821)   Evacuate Collection Set: 1.7ms
[2023-11-10T12:14:24.816-0800][78068448ms] GC(26821)   Post Evacuate Collection Set: 4.3ms
[2023-11-10T12:14:24.816-0800][78068448ms] GC(26821)   Other: 0.3ms
[2023-11-10T12:14:24.816-0800][78068448ms] GC(26821) Eden regions: 144->0(144)
[2023-11-10T12:14:24.816-0800][78068448ms] GC(26821) Survivor regions: 1->1(19)
[2023-11-10T12:14:24.816-0800][78068448ms] GC(26821) Old regions: 1469->1469
[2023-11-10T12:14:24.816-0800][78068448ms] GC(26821) Humongous regions: 5->5
[2023-11-10T12:14:24.816-0800][78068448ms] GC(26821) Metaspace: 305050K->305050K(1349632K)
[2023-11-10T12:14:24.816-0800][78068448ms] GC(26821) Pause Young (Normal) (G1 Evacuation Pause) 3234M->2946M(3602M) 6.545ms
[2023-11-10T12:14:24.816-0800][78068448ms] GC(26821) User=0.00s Sys=0.00s Real=0.01s
[2023-11-10T12:14:25.151-0800][78068783ms] GC(26822) Pause Young (Normal) (G1 Evacuation Pause)
[2023-11-10T12:14:25.151-0800][78068783ms] GC(26822) Using 10 workers of 10 for evacuation
[2023-11-10T12:14:25.159-0800][78068791ms] GC(26822)   Pre Evacuate Collection Set: 0.1ms
[2023-11-10T12:14:25.159-0800][78068791ms] GC(26822)   Evacuate Collection Set: 2.5ms
[2023-11-10T12:14:25.159-0800][78068791ms] GC(26822)   Post Evacuate Collection Set: 5.0ms
[2023-11-10T12:14:25.159-0800][78068791ms] GC(26822)   Other: 0.3ms
[2023-11-10T12:14:25.159-0800][78068791ms] GC(26822) Eden regions: 144->0(144)
[2023-11-10T12:14:25.159-0800][78068791ms] GC(26822) Survivor regions: 1->1(19)
[2023-11-10T12:14:25.159-0800][78068791ms] GC(26822) Old regions: 1469->1469
[2023-11-10T12:14:25.159-0800][78068791ms] GC(26822) Humongous regions: 5->5
[2023-11-10T12:14:25.159-0800][78068791ms] GC(26822) Metaspace: 305050K->305050K(1349632K)
[2023-11-10T12:14:25.159-0800][78068791ms] GC(26822) Pause Young (Normal) (G1 Evacuation Pause) 3234M->2946M(3602M) 8.038ms
[2023-11-10T12:14:25.159-0800][78068791ms] GC(26822) User=0.00s Sys=0.00s Real=0.01s
[2023-11-10T12:14:25.546-0800][78069178ms] GC(26823) Pause Young (Normal) (G1 Evacuation Pause)
[2023-11-10T12:14:25.546-0800][78069178ms] GC(26823) Using 10 workers of 10 for evacuation
[2023-11-10T12:14:25.552-0800][78069184ms] GC(26823)   Pre Evacuate Collection Set: 0.1ms
[2023-11-10T12:14:25.553-0800][78069185ms] GC(26823)   Evacuate Collection Set: 1.8ms
[2023-11-10T12:14:25.553-0800][78069185ms] GC(26823)   Post Evacuate Collection Set: 3.6ms
[2023-11-10T12:14:25.553-0800][78069185ms] GC(26823)   Other: 0.3ms
[2023-11-10T12:14:25.553-0800][78069185ms] GC(26823) Eden regions: 144->0(144)
[2023-11-10T12:14:25.553-0800][78069185ms] GC(26823) Survivor regions: 1->1(19)
[2023-11-10T12:14:25.553-0800][78069185ms] GC(26823) Old regions: 1469->1469
[2023-11-10T12:14:25.553-0800][78069185ms] GC(26823) Humongous regions: 5->5
[2023-11-10T12:14:25.553-0800][78069185ms] GC(26823) Metaspace: 305050K->305050K(1349632K)
[2023-11-10T12:14:25.553-0800][78069185ms] GC(26823) Pause Young (Normal) (G1 Evacuation Pause) 3234M->2946M(3602M) 5.847ms
[2023-11-10T12:14:25.553-0800][78069185ms] GC(26823) User=0.00s Sys=0.00s Real=0.01s
[2023-11-10T12:14:25.922-0800][78069554ms] GC(26824) Pause Young (Normal) (G1 Evacuation Pause)
[2023-11-10T12:14:25.922-0800][78069554ms] GC(26824) Using 10 workers of 10 for evacuation
[2023-11-10T12:14:25.928-0800][78069560ms] GC(26824)   Pre Evacuate Collection Set: 0.1ms
[2023-11-10T12:14:25.928-0800][78069560ms] GC(26824)   Evacuate Collection Set: 2.0ms
[2023-11-10T12:14:25.928-0800][78069560ms] GC(26824)   Post Evacuate Collection Set: 3.6ms
[2023-11-10T12:14:25.928-0800][78069560ms] GC(26824)   Other: 0.4ms
[2023-11-10T12:14:25.928-0800][78069560ms] GC(26824) Eden regions: 144->0(144)
[2023-11-10T12:14:25.928-0800][78069560ms] GC(26824) Survivor regions: 1->1(19)
[2023-11-10T12:14:25.928-0800][78069560ms] GC(26824) Old regions: 1469->1469
[2023-11-10T12:14:25.928-0800][78069560ms] GC(26824) Humongous regions: 5->5
[2023-11-10T12:14:25.928-0800][78069560ms] GC(26824) Metaspace: 305050K->305050K(1349632K)
[2023-11-10T12:14:25.928-0800][78069560ms] GC(26824) Pause Young (Normal) (G1 Evacuation Pause) 3234M->2946M(3602M) 6.171ms
[2023-11-10T12:14:25.928-0800][78069560ms] GC(26824) User=0.00s Sys=0.00s Real=0.01s
[2023-11-10T12:14:26.388-0800][78070020ms] GC(26825) Pause Young (Normal) (G1 Evacuation Pause)
[2023-11-10T12:14:26.388-0800][78070020ms] GC(26825) Using 10 workers of 10 for evacuation
[2023-11-10T12:14:26.393-0800][78070025ms] GC(26825)   Pre Evacuate Collection Set: 0.0ms
[2023-11-10T12:14:26.393-0800][78070025ms] GC(26825)   Evacuate Collection Set: 1.7ms
[2023-11-10T12:14:26.393-0800][78070025ms] GC(26825)   Post Evacuate Collection Set: 3.2ms
[2023-11-10T12:14:26.393-0800][78070025ms] GC(26825)   Other: 0.3ms
[2023-11-10T12:14:26.393-0800][78070025ms] GC(26825) Eden regions: 144->0(144)
[2023-11-10T12:14:26.393-0800][78070025ms] GC(26825) Survivor regions: 1->1(19)
[2023-11-10T12:14:26.393-0800][78070025ms] GC(26825) Old regions: 1469->1469
[2023-11-10T12:14:26.393-0800][78070025ms] GC(26825) Humongous regions: 5->5
[2023-11-10T12:14:26.393-0800][78070025ms] GC(26825) Metaspace: 305050K->305050K(1349632K)
[2023-11-10T12:14:26.393-0800][78070025ms] GC(26825) Pause Young (Normal) (G1 Evacuation Pause) 3234M->2946M(3602M) 5.431ms
[2023-11-10T12:14:26.393-0800][78070025ms] GC(26825) User=0.00s Sys=0.00s Real=0.00s
[2023-11-10T12:14:26.662-0800][78070294ms] GC(26826) Pause Young (Normal) (G1 Evacuation Pause)
[2023-11-10T12:14:26.662-0800][78070294ms] GC(26826) Using 10 workers of 10 for evacuation
[2023-11-10T12:14:26.667-0800][78070299ms] GC(26826)   Pre Evacuate Collection Set: 0.0ms
[2023-11-10T12:14:26.667-0800][78070299ms] GC(26826)   Evacuate Collection Set: 1.7ms
[2023-11-10T12:14:26.667-0800][78070299ms] GC(26826)   Post Evacuate Collection Set: 3.0ms
[2023-11-10T12:14:26.667-0800][78070299ms] GC(26826)   Other: 0.2ms
[2023-11-10T12:14:26.667-0800][78070299ms] GC(26826) Eden regions: 144->0(144)
[2023-11-10T12:14:26.667-0800][78070299ms] GC(26826) Survivor regions: 1->1(19)
[2023-11-10T12:14:26.667-0800][78070299ms] GC(26826) Old regions: 1469->1469
[2023-11-10T12:14:26.667-0800][78070299ms] GC(26826) Humongous regions: 5->5
[2023-11-10T12:14:26.667-0800][78070299ms] GC(26826) Metaspace: 305050K->305050K(1349632K)
[2023-11-10T12:14:26.667-0800][78070299ms] GC(26826) Pause Young (Normal) (G1 Evacuation Pause) 3234M->2947M(3602M) 5.111ms
[2023-11-10T12:14:26.667-0800][78070299ms] GC(26826) User=0.05s Sys=0.00s Real=0.01s
[2023-11-10T12:14:26.942-0800][78070575ms] GC(26827) Pause Young (Normal) (G1 Evacuation Pause)
[2023-11-10T12:14:26.943-0800][78070575ms] GC(26827) Using 10 workers of 10 for evacuation
[2023-11-10T12:14:26.947-0800][78070579ms] GC(26827)   Pre Evacuate Collection Set: 0.0ms
[2023-11-10T12:14:26.948-0800][78070580ms] GC(26827)   Evacuate Collection Set: 1.6ms
[2023-11-10T12:14:26.948-0800][78070580ms] GC(26827)   Post Evacuate Collection Set: 3.2ms
[2023-11-10T12:14:26.948-0800][78070580ms] GC(26827)   Other: 0.2ms
[2023-11-10T12:14:26.948-0800][78070580ms] GC(26827) Eden regions: 144->0(144)
[2023-11-10T12:14:26.948-0800][78070580ms] GC(26827) Survivor regions: 1->1(19)
[2023-11-10T12:14:26.948-0800][78070580ms] GC(26827) Old regions: 1469->1469
[2023-11-10T12:14:26.948-0800][78070580ms] GC(26827) Humongous regions: 5->5
[2023-11-10T12:14:26.948-0800][78070580ms] GC(26827) Metaspace: 305050K->305050K(1349632K)
[2023-11-10T12:14:26.948-0800][78070580ms] GC(26827) Pause Young (Normal) (G1 Evacuation Pause) 3235M->2946M(3602M) 5.107ms
[2023-11-10T12:14:26.948-0800][78070580ms] GC(26827) User=0.02s Sys=0.00s Real=0.01s
[2023-11-10T12:14:27.224-0800][78070856ms] GC(26828) Pause Young (Normal) (G1 Evacuation Pause)
[2023-11-10T12:14:27.224-0800][78070856ms] GC(26828) Using 10 workers of 10 for evacuation
[2023-11-10T12:14:27.228-0800][78070860ms] GC(26828)   Pre Evacuate Collection Set: 0.0ms
[2023-11-10T12:14:27.228-0800][78070860ms] GC(26828)   Evacuate Collection Set: 1.7ms
[2023-11-10T12:14:27.228-0800][78070860ms] GC(26828)   Post Evacuate Collection Set: 3.0ms
[2023-11-10T12:14:27.228-0800][78070860ms] GC(26828)   Other: 0.2ms
[2023-11-10T12:14:27.228-0800][78070860ms] GC(26828) Eden regions: 144->0(144)
[2023-11-10T12:14:27.228-0800][78070860ms] GC(26828) Survivor regions: 1->1(19)
[2023-11-10T12:14:27.228-0800][78070860ms] GC(26828) Old regions: 1469->1469
[2023-11-10T12:14:27.228-0800][78070860ms] GC(26828) Humongous regions: 5->5
[2023-11-10T12:14:27.228-0800][78070860ms] GC(26828) Metaspace: 305050K->305050K(1349632K)
[2023-11-10T12:14:27.228-0800][78070860ms] GC(26828) Pause Young (Normal) (G1 Evacuation Pause) 3234M->2946M(3602M) 5.057ms
[2023-11-10T12:14:27.228-0800][78070860ms] GC(26828) User=0.02s Sys=0.00s Real=0.00s
[2023-11-10T12:14:27.491-0800][78071123ms] GC(26829) Pause Young (Normal) (G1 Evacuation Pause)
[2023-11-10T12:14:27.491-0800][78071123ms] GC(26829) Using 10 workers of 10 for evacuation
[2023-11-10T12:14:27.496-0800][78071128ms] GC(26829)   Pre Evacuate Collection Set: 0.0ms
[2023-11-10T12:14:27.496-0800][78071128ms] GC(26829)   Evacuate Collection Set: 1.6ms
[2023-11-10T12:14:27.496-0800][78071128ms] GC(26829)   Post Evacuate Collection Set: 3.1ms
[2023-11-10T12:14:27.496-0800][78071128ms] GC(26829)   Other: 0.2ms
[2023-11-10T12:14:27.496-0800][78071128ms] GC(26829) Eden regions: 144->0(144)
[2023-11-10T12:14:27.496-0800][78071128ms] GC(26829) Survivor regions: 1->1(19)
[2023-11-10T12:14:27.496-0800][78071128ms] GC(26829) Old regions: 1469->1469
[2023-11-10T12:14:27.496-0800][78071128ms] GC(26829) Humongous regions: 5->5
[2023-11-10T12:14:27.496-0800][78071128ms] GC(26829) Metaspace: 305050K->305050K(1349632K)
[2023-11-10T12:14:27.496-0800][78071128ms] GC(26829) Pause Young (Normal) (G1 Evacuation Pause) 3234M->2946M(3602M) 5.050ms
[2023-11-10T12:14:27.496-0800][78071128ms] GC(26829) User=0.00s Sys=0.00s Real=0.01s
[2023-11-10T12:14:27.752-0800][78071384ms] GC(26830) Pause Young (Normal) (G1 Evacuation Pause)
[2023-11-10T12:14:27.752-0800][78071384ms] GC(26830) Using 10 workers of 10 for evacuation
[2023-11-10T12:14:27.758-0800][78071390ms] GC(26830)   Pre Evacuate Collection Set: 0.0ms
[2023-11-10T12:14:27.758-0800][78071390ms] GC(26830)   Evacuate Collection Set: 1.8ms
[2023-11-10T12:14:27.758-0800][78071390ms] GC(26830)   Post Evacuate Collection Set: 3.1ms
[2023-11-10T12:14:27.758-0800][78071390ms] GC(26830)   Other: 0.3ms
[2023-11-10T12:14:27.758-0800][78071390ms] GC(26830) Eden regions: 144->0(144)
[2023-11-10T12:14:27.758-0800][78071390ms] GC(26830) Survivor regions: 1->1(19)
[2023-11-10T12:14:27.758-0800][78071390ms] GC(26830) Old regions: 1469->1469
[2023-11-10T12:14:27.758-0800][78071390ms] GC(26830) Humongous regions: 5->5
[2023-11-10T12:14:27.758-0800][78071390ms] GC(26830) Metaspace: 305050K->305050K(1349632K)
[2023-11-10T12:14:27.758-0800][78071390ms] GC(26830) Pause Young (Normal) (G1 Evacuation Pause) 3234M->2946M(3602M) 5.341ms
[2023-11-10T12:14:27.758-0800][78071390ms] GC(26830) User=0.02s Sys=0.00s Real=0.01s
[2023-11-10T12:14:28.006-0800][78071638ms] GC(26831) Pause Young (Normal) (G1 Evacuation Pause)
[2023-11-10T12:14:28.006-0800][78071638ms] GC(26831) Using 10 workers of 10 for evacuation
[2023-11-10T12:14:28.011-0800][78071643ms] GC(26831)   Pre Evacuate Collection Set: 0.0ms
[2023-11-10T12:14:28.011-0800][78071643ms] GC(26831)   Evacuate Collection Set: 1.7ms
[2023-11-10T12:14:28.011-0800][78071643ms] GC(26831)   Post Evacuate Collection Set: 3.1ms
[2023-11-10T12:14:28.011-0800][78071643ms] GC(26831)   Other: 0.3ms
[2023-11-10T12:14:28.011-0800][78071643ms] GC(26831) Eden regions: 144->0(143)
[2023-11-10T12:14:28.011-0800][78071643ms] GC(26831) Survivor regions: 1->1(19)
[2023-11-10T12:14:28.011-0800][78071643ms] GC(26831) Old regions: 1469->1469
[2023-11-10T12:14:28.011-0800][78071643ms] GC(26831) Humongous regions: 5->5
[2023-11-10T12:14:28.011-0800][78071643ms] GC(26831) Metaspace: 305050K->305050K(1349632K)
[2023-11-10T12:14:28.011-0800][78071643ms] GC(26831) Pause Young (Normal) (G1 Evacuation Pause) 3234M->2948M(3602M) 5.181ms
[2023-11-10T12:14:28.011-0800][78071643ms] GC(26831) User=0.09s Sys=0.00s Real=0.00s
[2023-11-10T12:14:28.275-0800][78071907ms] GC(26832) Pause Young (Normal) (G1 Evacuation Pause)
[2023-11-10T12:14:28.275-0800][78071907ms] GC(26832) Using 10 workers of 10 for evacuation
[2023-11-10T12:14:28.280-0800][78071912ms] GC(26832)   Pre Evacuate Collection Set: 0.0ms
[2023-11-10T12:14:28.280-0800][78071912ms] GC(26832)   Evacuate Collection Set: 1.6ms
[2023-11-10T12:14:28.280-0800][78071912ms] GC(26832)   Post Evacuate Collection Set: 3.1ms
[2023-11-10T12:14:28.280-0800][78071912ms] GC(26832)   Other: 0.2ms
[2023-11-10T12:14:28.280-0800][78071912ms] GC(26832) Eden regions: 143->0(143)
[2023-11-10T12:14:28.280-0800][78071912ms] GC(26832) Survivor regions: 1->1(18)
[2023-11-10T12:14:28.280-0800][78071912ms] GC(26832) Old regions: 1469->1469
[2023-11-10T12:14:28.280-0800][78071912ms] GC(26832) Humongous regions: 5->5
[2023-11-10T12:14:28.280-0800][78071912ms] GC(26832) Metaspace: 305050K->305050K(1349632K)
[2023-11-10T12:14:28.280-0800][78071912ms] GC(26832) Pause Young (Normal) (G1 Evacuation Pause) 3234M->2946M(3602M) 5.056ms
[2023-11-10T12:14:28.280-0800][78071912ms] GC(26832) User=0.00s Sys=0.00s Real=0.00s
[2023-11-10T12:14:28.544-0800][78072176ms] GC(26833) Pause Young (Normal) (G1 Evacuation Pause)
[2023-11-10T12:14:28.544-0800][78072176ms] GC(26833) Using 10 workers of 10 for evacuation
[2023-11-10T12:14:28.549-0800][78072181ms] GC(26833)   Pre Evacuate Collection Set: 0.0ms
[2023-11-10T12:14:28.549-0800][78072181ms] GC(26833)   Evacuate Collection Set: 1.7ms
[2023-11-10T12:14:28.549-0800][78072181ms] GC(26833)   Post Evacuate Collection Set: 3.3ms
[2023-11-10T12:14:28.549-0800][78072181ms] GC(26833)   Other: 0.2ms
[2023-11-10T12:14:28.549-0800][78072181ms] GC(26833) Eden regions: 143->0(143)
[2023-11-10T12:14:28.549-0800][78072181ms] GC(26833) Survivor regions: 1->1(18)
[2023-11-10T12:14:28.549-0800][78072181ms] GC(26833) Old regions: 1469->1469
[2023-11-10T12:14:28.549-0800][78072181ms] GC(26833) Humongous regions: 5->5
[2023-11-10T12:14:28.549-0800][78072181ms] GC(26833) Metaspace: 305050K->305050K(1349632K)
[2023-11-10T12:14:28.549-0800][78072181ms] GC(26833) Pause Young (Normal) (G1 Evacuation Pause) 3232M->2946M(3602M) 5.367ms
[2023-11-10T12:14:28.550-0800][78072182ms] GC(26833) User=0.00s Sys=0.00s Real=0.01s
[2023-11-10T12:14:28.787-0800][78072419ms] GC(26834) Pause Young (Normal) (G1 Evacuation Pause)
[2023-11-10T12:14:28.787-0800][78072419ms] GC(26834) Using 10 workers of 10 for evacuation
[2023-11-10T12:14:28.792-0800][78072424ms] GC(26834)   Pre Evacuate Collection Set: 0.0ms
[2023-11-10T12:14:28.792-0800][78072424ms] GC(26834)   Evacuate Collection Set: 1.6ms
[2023-11-10T12:14:28.792-0800][78072424ms] GC(26834)   Post Evacuate Collection Set: 3.2ms
[2023-11-10T12:14:28.792-0800][78072424ms] GC(26834)   Other: 0.3ms
[2023-11-10T12:14:28.792-0800][78072424ms] GC(26834) Eden regions: 143->0(143)
[2023-11-10T12:14:28.792-0800][78072424ms] GC(26834) Survivor regions: 1->1(18)
[2023-11-10T12:14:28.792-0800][78072424ms] GC(26834) Old regions: 1469->1469
[2023-11-10T12:14:28.792-0800][78072424ms] GC(26834) Humongous regions: 5->5
[2023-11-10T12:14:28.792-0800][78072424ms] GC(26834) Metaspace: 305050K->305050K(1349632K)
[2023-11-10T12:14:28.792-0800][78072424ms] GC(26834) Pause Young (Normal) (G1 Evacuation Pause) 3232M->2946M(3602M) 5.187ms
[2023-11-10T12:14:28.793-0800][78072425ms] GC(26834) User=0.06s Sys=0.00s Real=0.01s
[2023-11-10T12:14:29.033-0800][78072665ms] GC(26835) Pause Young (Normal) (G1 Evacuation Pause)
[2023-11-10T12:14:29.033-0800][78072665ms] GC(26835) Using 10 workers of 10 for evacuation
[2023-11-10T12:14:29.038-0800][78072670ms] GC(26835)   Pre Evacuate Collection Set: 0.0ms
[2023-11-10T12:14:29.038-0800][78072670ms] GC(26835)   Evacuate Collection Set: 1.6ms
[2023-11-10T12:14:29.038-0800][78072670ms] GC(26835)   Post Evacuate Collection Set: 3.1ms
[2023-11-10T12:14:29.038-0800][78072670ms] GC(26835)   Other: 0.2ms
[2023-11-10T12:14:29.038-0800][78072670ms] GC(26835) Eden regions: 143->0(144)
[2023-11-10T12:14:29.038-0800][78072670ms] GC(26835) Survivor regions: 1->1(18)
[2023-11-10T12:14:29.038-0800][78072670ms] GC(26835) Old regions: 1469->1469
[2023-11-10T12:14:29.038-0800][78072670ms] GC(26835) Humongous regions: 5->5
[2023-11-10T12:14:29.038-0800][78072670ms] GC(26835) Metaspace: 305050K->305050K(1349632K)
[2023-11-10T12:14:29.038-0800][78072670ms] GC(26835) Pause Young (Normal) (G1 Evacuation Pause) 3232M->2946M(3602M) 5.067ms
[2023-11-10T12:14:29.038-0800][78072670ms] GC(26835) User=0.00s Sys=0.00s Real=0.01s
[2023-11-10T12:14:29.292-0800][78072924ms] GC(26836) Pause Young (Normal) (G1 Evacuation Pause)
[2023-11-10T12:14:29.292-0800][78072924ms] GC(26836) Using 10 workers of 10 for evacuation
[2023-11-10T12:14:29.296-0800][78072928ms] GC(26836)   Pre Evacuate Collection Set: 0.0ms
[2023-11-10T12:14:29.296-0800][78072928ms] GC(26836)   Evacuate Collection Set: 1.7ms
[2023-11-10T12:14:29.296-0800][78072928ms] GC(26836)   Post Evacuate Collection Set: 3.1ms
[2023-11-10T12:14:29.296-0800][78072928ms] GC(26836)   Other: 0.3ms
[2023-11-10T12:14:29.296-0800][78072928ms] GC(26836) Eden regions: 144->0(144)
[2023-11-10T12:14:29.296-0800][78072928ms] GC(26836) Survivor regions: 1->1(19)
[2023-11-10T12:14:29.296-0800][78072928ms] GC(26836) Old regions: 1469->1469
[2023-11-10T12:14:29.296-0800][78072928ms] GC(26836) Humongous regions: 5->5
[2023-11-10T12:14:29.296-0800][78072928ms] GC(26836) Metaspace: 305050K->305050K(1349632K)
[2023-11-10T12:14:29.296-0800][78072928ms] GC(26836) Pause Young (Normal) (G1 Evacuation Pause) 3234M->2946M(3602M) 5.197ms
[2023-11-10T12:14:29.296-0800][78072928ms] GC(26836) User=0.00s Sys=0.00s Real=0.00s
[2023-11-10T12:14:29.543-0800][78073175ms] GC(26837) Pause Young (Normal) (G1 Evacuation Pause)
[2023-11-10T12:14:29.543-0800][78073175ms] GC(26837) Using 10 workers of 10 for evacuation
[2023-11-10T12:14:29.548-0800][78073180ms] GC(26837)   Pre Evacuate Collection Set: 0.0ms
[2023-11-10T12:14:29.548-0800][78073180ms] GC(26837)   Evacuate Collection Set: 1.6ms
[2023-11-10T12:14:29.548-0800][78073180ms] GC(26837)   Post Evacuate Collection Set: 3.1ms
[2023-11-10T12:14:29.548-0800][78073180ms] GC(26837)   Other: 0.2ms
[2023-11-10T12:14:29.548-0800][78073180ms] GC(26837) Eden regions: 144->0(144)
[2023-11-10T12:14:29.548-0800][78073180ms] GC(26837) Survivor regions: 1->1(19)
[2023-11-10T12:14:29.548-0800][78073180ms] GC(26837) Old regions: 1469->1469
[2023-11-10T12:14:29.548-0800][78073180ms] GC(26837) Humongous regions: 5->5
[2023-11-10T12:14:29.548-0800][78073180ms] GC(26837) Metaspace: 305050K->305050K(1349632K)
[2023-11-10T12:14:29.548-0800][78073180ms] GC(26837) Pause Young (Normal) (G1 Evacuation Pause) 3234M->2946M(3602M) 5.041ms
[2023-11-10T12:14:29.548-0800][78073180ms] GC(26837) User=0.00s Sys=0.00s Real=0.01s
[2023-11-10T12:14:29.797-0800][78073429ms] GC(26838) Pause Young (Normal) (G1 Evacuation Pause)
[2023-11-10T12:14:29.797-0800][78073429ms] GC(26838) Using 10 workers of 10 for evacuation
[2023-11-10T12:14:29.801-0800][78073433ms] GC(26838)   Pre Evacuate Collection Set: 0.0ms
[2023-11-10T12:14:29.801-0800][78073433ms] GC(26838)   Evacuate Collection Set: 1.6ms
[2023-11-10T12:14:29.801-0800][78073433ms] GC(26838)   Post Evacuate Collection Set: 2.9ms
[2023-11-10T12:14:29.801-0800][78073433ms] GC(26838)   Other: 0.2ms
[2023-11-10T12:14:29.801-0800][78073433ms] GC(26838) Eden regions: 144->0(144)
[2023-11-10T12:14:29.801-0800][78073433ms] GC(26838) Survivor regions: 1->1(19)
[2023-11-10T12:14:29.801-0800][78073433ms] GC(26838) Old regions: 1469->1469
[2023-11-10T12:14:29.801-0800][78073433ms] GC(26838) Humongous regions: 5->5
[2023-11-10T12:14:29.801-0800][78073433ms] GC(26838) Metaspace: 305050K->305050K(1349632K)
[2023-11-10T12:14:29.801-0800][78073433ms] GC(26838) Pause Young (Normal) (G1 Evacuation Pause) 3234M->2946M(3602M) 4.848ms
[2023-11-10T12:14:29.801-0800][78073433ms] GC(26838) User=0.00s Sys=0.00s Real=0.00s
[2023-11-10T12:14:30.046-0800][78073678ms] GC(26839) Pause Young (Normal) (G1 Evacuation Pause)
[2023-11-10T12:14:30.046-0800][78073678ms] GC(26839) Using 10 workers of 10 for evacuation
[2023-11-10T12:14:30.051-0800][78073683ms] GC(26839)   Pre Evacuate Collection Set: 0.0ms
[2023-11-10T12:14:30.051-0800][78073683ms] GC(26839)   Evacuate Collection Set: 1.7ms
[2023-11-10T12:14:30.051-0800][78073683ms] GC(26839)   Post Evacuate Collection Set: 3.0ms
[2023-11-10T12:14:30.051-0800][78073683ms] GC(26839)   Other: 0.3ms
[2023-11-10T12:14:30.051-0800][78073683ms] GC(26839) Eden regions: 144->0(144)
[2023-11-10T12:14:30.051-0800][78073683ms] GC(26839) Survivor regions: 1->1(19)
[2023-11-10T12:14:30.051-0800][78073683ms] GC(26839) Old regions: 1469->1469
[2023-11-10T12:14:30.051-0800][78073683ms] GC(26839) Humongous regions: 5->5
[2023-11-10T12:14:30.051-0800][78073683ms] GC(26839) Metaspace: 305050K->305050K(1349632K)
[2023-11-10T12:14:30.051-0800][78073683ms] GC(26839) Pause Young (Normal) (G1 Evacuation Pause) 3234M->2946M(3602M) 5.112ms
[2023-11-10T12:14:30.051-0800][78073683ms] GC(26839) User=0.00s Sys=0.00s Real=0.01s
[2023-11-10T12:14:30.300-0800][78073932ms] GC(26840) Pause Young (Normal) (G1 Evacuation Pause)
[2023-11-10T12:14:30.300-0800][78073932ms] GC(26840) Using 10 workers of 10 for evacuation
[2023-11-10T12:14:30.306-0800][78073938ms] GC(26840)   Pre Evacuate Collection Set: 0.0ms
[2023-11-10T12:14:30.306-0800][78073938ms] GC(26840)   Evacuate Collection Set: 1.6ms
[2023-11-10T12:14:30.306-0800][78073938ms] GC(26840)   Post Evacuate Collection Set: 3.0ms
[2023-11-10T12:14:30.306-0800][78073938ms] GC(26840)   Other: 0.2ms
[2023-11-10T12:14:30.306-0800][78073938ms] GC(26840) Eden regions: 144->0(144)
[2023-11-10T12:14:30.306-0800][78073938ms] GC(26840) Survivor regions: 1->1(19)
[2023-11-10T12:14:30.306-0800][78073938ms] GC(26840) Old regions: 1469->1469
[2023-11-10T12:14:30.306-0800][78073938ms] GC(26840) Humongous regions: 5->5
[2023-11-10T12:14:30.306-0800][78073938ms] GC(26840) Metaspace: 305050K->305050K(1349632K)
[2023-11-10T12:14:30.306-0800][78073938ms] GC(26840) Pause Young (Normal) (G1 Evacuation Pause) 3234M->2946M(3602M) 5.058ms
[2023-11-10T12:14:30.306-0800][78073938ms] GC(26840) User=0.02s Sys=0.00s Real=0.01s
[2023-11-10T12:14:30.551-0800][78074183ms] GC(26841) Pause Young (Normal) (G1 Evacuation Pause)
[2023-11-10T12:14:30.551-0800][78074183ms] GC(26841) Using 10 workers of 10 for evacuation
[2023-11-10T12:14:30.556-0800][78074188ms] GC(26841)   Pre Evacuate Collection Set: 0.0ms
[2023-11-10T12:14:30.556-0800][78074188ms] GC(26841)   Evacuate Collection Set: 1.7ms
[2023-11-10T12:14:30.556-0800][78074188ms] GC(26841)   Post Evacuate Collection Set: 3.0ms
[2023-11-10T12:14:30.556-0800][78074188ms] GC(26841)   Other: 0.3ms
[2023-11-10T12:14:30.556-0800][78074188ms] GC(26841) Eden regions: 144->0(144)
[2023-11-10T12:14:30.556-0800][78074188ms] GC(26841) Survivor regions: 1->1(19)
[2023-11-10T12:14:30.556-0800][78074188ms] GC(26841) Old regions: 1469->1469
[2023-11-10T12:14:30.556-0800][78074188ms] GC(26841) Humongous regions: 5->5
[2023-11-10T12:14:30.556-0800][78074188ms] GC(26841) Metaspace: 305050K->305050K(1349632K)
[2023-11-10T12:14:30.556-0800][78074188ms] GC(26841) Pause Young (Normal) (G1 Evacuation Pause) 3234M->2946M(3602M) 5.152ms
[2023-11-10T12:14:30.556-0800][78074188ms] GC(26841) User=0.02s Sys=0.00s Real=0.00s
[2023-11-10T12:14:30.802-0800][78074434ms] GC(26842) Pause Young (Normal) (G1 Evacuation Pause)
[2023-11-10T12:14:30.803-0800][78074435ms] GC(26842) Using 10 workers of 10 for evacuation
[2023-11-10T12:14:30.808-0800][78074440ms] GC(26842)   Pre Evacuate Collection Set: 0.0ms
[2023-11-10T12:14:30.808-0800][78074440ms] GC(26842)   Evacuate Collection Set: 1.6ms
[2023-11-10T12:14:30.808-0800][78074440ms] GC(26842)   Post Evacuate Collection Set: 2.9ms
[2023-11-10T12:14:30.808-0800][78074440ms] GC(26842)   Other: 0.3ms
[2023-11-10T12:14:30.808-0800][78074440ms] GC(26842) Eden regions: 144->0(144)
[2023-11-10T12:14:30.808-0800][78074440ms] GC(26842) Survivor regions: 1->1(19)
[2023-11-10T12:14:30.808-0800][78074440ms] GC(26842) Old regions: 1469->1469
[2023-11-10T12:14:30.808-0800][78074440ms] GC(26842) Humongous regions: 5->5
[2023-11-10T12:14:30.808-0800][78074440ms] GC(26842) Metaspace: 305050K->305050K(1349632K)
[2023-11-10T12:14:30.808-0800][78074440ms] GC(26842) Pause Young (Normal) (G1 Evacuation Pause) 3234M->2946M(3602M) 4.873ms
[2023-11-10T12:14:30.808-0800][78074440ms] GC(26842) User=0.08s Sys=0.00s Real=0.01s
[2023-11-10T12:14:31.050-0800][78074682ms] GC(26843) Pause Young (Normal) (G1 Evacuation Pause)
[2023-11-10T12:14:31.050-0800][78074682ms] GC(26843) Using 10 workers of 10 for evacuation
[2023-11-10T12:14:31.055-0800][78074687ms] GC(26843)   Pre Evacuate Collection Set: 0.0ms
[2023-11-10T12:14:31.055-0800][78074687ms] GC(26843)   Evacuate Collection Set: 1.6ms
[2023-11-10T12:14:31.055-0800][78074687ms] GC(26843)   Post Evacuate Collection Set: 3.0ms
[2023-11-10T12:14:31.055-0800][78074687ms] GC(26843)   Other: 0.3ms
[2023-11-10T12:14:31.055-0800][78074687ms] GC(26843) Eden regions: 144->0(144)
[2023-11-10T12:14:31.055-0800][78074687ms] GC(26843) Survivor regions: 1->1(19)
[2023-11-10T12:14:31.055-0800][78074687ms] GC(26843) Old regions: 1469->1469
[2023-11-10T12:14:31.055-0800][78074687ms] GC(26843) Humongous regions: 5->5
[2023-11-10T12:14:31.055-0800][78074687ms] GC(26843) Metaspace: 305050K->305050K(1349632K)
[2023-11-10T12:14:31.055-0800][78074687ms] GC(26843) Pause Young (Normal) (G1 Evacuation Pause) 3234M->2946M(3602M) 5.104ms
[2023-11-10T12:14:31.055-0800][78074687ms] GC(26843) User=0.02s Sys=0.00s Real=0.01s
[2023-11-10T12:14:31.308-0800][78074940ms] GC(26844) Pause Young (Normal) (G1 Evacuation Pause)
[2023-11-10T12:14:31.308-0800][78074940ms] GC(26844) Using 10 workers of 10 for evacuation
[2023-11-10T12:14:31.314-0800][78074946ms] GC(26844)   Pre Evacuate Collection Set: 0.0ms
[2023-11-10T12:14:31.314-0800][78074946ms] GC(26844)   Evacuate Collection Set: 1.7ms
[2023-11-10T12:14:31.314-0800][78074946ms] GC(26844)   Post Evacuate Collection Set: 2.9ms
[2023-11-10T12:14:31.314-0800][78074946ms] GC(26844)   Other: 0.2ms
[2023-11-10T12:14:31.314-0800][78074946ms] GC(26844) Eden regions: 144->0(144)
[2023-11-10T12:14:31.314-0800][78074946ms] GC(26844) Survivor regions: 1->1(19)
[2023-11-10T12:14:31.314-0800][78074946ms] GC(26844) Old regions: 1469->1469
[2023-11-10T12:14:31.314-0800][78074946ms] GC(26844) Humongous regions: 5->5
[2023-11-10T12:14:31.314-0800][78074946ms] GC(26844) Metaspace: 305050K->305050K(1349632K)
[2023-11-10T12:14:31.314-0800][78074946ms] GC(26844) Pause Young (Normal) (G1 Evacuation Pause) 3234M->2946M(3602M) 5.040ms
[2023-11-10T12:14:31.314-0800][78074946ms] GC(26844) User=0.00s Sys=0.00s Real=0.01s
[2023-11-10T12:14:31.587-0800][78075219ms] GC(26845) Pause Young (Normal) (G1 Evacuation Pause)
[2023-11-10T12:14:31.587-0800][78075219ms] GC(26845) Using 10 workers of 10 for evacuation
[2023-11-10T12:14:31.592-0800][78075224ms] GC(26845)   Pre Evacuate Collection Set: 0.0ms
[2023-11-10T12:14:31.592-0800][78075224ms] GC(26845)   Evacuate Collection Set: 1.8ms
[2023-11-10T12:14:31.592-0800][78075224ms] GC(26845)   Post Evacuate Collection Set: 3.0ms
[2023-11-10T12:14:31.592-0800][78075224ms] GC(26845)   Other: 0.3ms
[2023-11-10T12:14:31.592-0800][78075224ms] GC(26845) Eden regions: 144->0(144)
[2023-11-10T12:14:31.592-0800][78075224ms] GC(26845) Survivor regions: 1->1(19)
[2023-11-10T12:14:31.592-0800][78075224ms] GC(26845) Old regions: 1469->1469
[2023-11-10T12:14:31.592-0800][78075224ms] GC(26845) Humongous regions: 5->5
[2023-11-10T12:14:31.592-0800][78075224ms] GC(26845) Metaspace: 305050K->305050K(1349632K)
[2023-11-10T12:14:31.592-0800][78075224ms] GC(26845) Pause Young (Normal) (G1 Evacuation Pause) 3234M->2946M(3602M) 5.186ms
[2023-11-10T12:14:31.592-0800][78075224ms] GC(26845) User=0.00s Sys=0.00s Real=0.01s
[2023-11-10T12:14:31.852-0800][78075484ms] GC(26846) Pause Young (Normal) (G1 Evacuation Pause)
[2023-11-10T12:14:31.852-0800][78075484ms] GC(26846) Using 10 workers of 10 for evacuation
[2023-11-10T12:14:31.857-0800][78075489ms] GC(26846)   Pre Evacuate Collection Set: 0.0ms
[2023-11-10T12:14:31.857-0800][78075489ms] GC(26846)   Evacuate Collection Set: 1.5ms
[2023-11-10T12:14:31.857-0800][78075489ms] GC(26846)   Post Evacuate Collection Set: 2.9ms
[2023-11-10T12:14:31.857-0800][78075489ms] GC(26846)   Other: 0.3ms
[2023-11-10T12:14:31.857-0800][78075489ms] GC(26846) Eden regions: 144->0(144)
[2023-11-10T12:14:31.857-0800][78075489ms] GC(26846) Survivor regions: 1->1(19)
[2023-11-10T12:14:31.857-0800][78075489ms] GC(26846) Old regions: 1469->1469
[2023-11-10T12:14:31.857-0800][78075489ms] GC(26846) Humongous regions: 5->5
[2023-11-10T12:14:31.857-0800][78075489ms] GC(26846) Metaspace: 305050K->305050K(1349632K)
[2023-11-10T12:14:31.857-0800][78075489ms] GC(26846) Pause Young (Normal) (G1 Evacuation Pause) 3234M->2946M(3602M) 4.815ms
[2023-11-10T12:14:31.857-0800][78075489ms] GC(26846) User=0.00s Sys=0.00s Real=0.01s
[2023-11-10T12:14:32.135-0800][78075767ms] GC(26847) Pause Young (Normal) (G1 Evacuation Pause)
[2023-11-10T12:14:32.135-0800][78075767ms] GC(26847) Using 10 workers of 10 for evacuation
[2023-11-10T12:14:32.140-0800][78075772ms] GC(26847)   Pre Evacuate Collection Set: 0.0ms
[2023-11-10T12:14:32.140-0800][78075772ms] GC(26847)   Evacuate Collection Set: 1.6ms
[2023-11-10T12:14:32.140-0800][78075772ms] GC(26847)   Post Evacuate Collection Set: 3.0ms
[2023-11-10T12:14:32.140-0800][78075772ms] GC(26847)   Other: 0.2ms
[2023-11-10T12:14:32.140-0800][78075772ms] GC(26847) Eden regions: 144->0(144)
[2023-11-10T12:14:32.140-0800][78075772ms] GC(26847) Survivor regions: 1->1(19)
[2023-11-10T12:14:32.140-0800][78075772ms] GC(26847) Old regions: 1469->1469
[2023-11-10T12:14:32.140-0800][78075772ms] GC(26847) Humongous regions: 5->5
[2023-11-10T12:14:32.140-0800][78075772ms] GC(26847) Metaspace: 305050K->305050K(1349632K)
[2023-11-10T12:14:32.140-0800][78075772ms] GC(26847) Pause Young (Normal) (G1 Evacuation Pause) 3234M->2946M(3602M) 5.034ms
[2023-11-10T12:14:32.140-0800][78075772ms] GC(26847) User=0.00s Sys=0.00s Real=0.01s
[2023-11-10T12:14:32.412-0800][78076044ms] GC(26848) Pause Young (Normal) (G1 Evacuation Pause)
[2023-11-10T12:14:32.412-0800][78076044ms] GC(26848) Using 10 workers of 10 for evacuation
[2023-11-10T12:14:32.417-0800][78076049ms] GC(26848)   Pre Evacuate Collection Set: 0.0ms
[2023-11-10T12:14:32.418-0800][78076050ms] GC(26848)   Evacuate Collection Set: 1.6ms
[2023-11-10T12:14:32.418-0800][78076050ms] GC(26848)   Post Evacuate Collection Set: 2.9ms
[2023-11-10T12:14:32.418-0800][78076050ms] GC(26848)   Other: 0.2ms
[2023-11-10T12:14:32.418-0800][78076050ms] GC(26848) Eden regions: 144->0(144)
[2023-11-10T12:14:32.418-0800][78076050ms] GC(26848) Survivor regions: 1->1(19)
[2023-11-10T12:14:32.418-0800][78076050ms] GC(26848) Old regions: 1469->1469
[2023-11-10T12:14:32.418-0800][78076050ms] GC(26848) Humongous regions: 5->5
[2023-11-10T12:14:32.418-0800][78076050ms] GC(26848) Metaspace: 305050K->305050K(1349632K)
[2023-11-10T12:14:32.418-0800][78076050ms] GC(26848) Pause Young (Normal) (G1 Evacuation Pause) 3234M->2946M(3602M) 4.937ms
[2023-11-10T12:14:32.418-0800][78076050ms] GC(26848) User=0.08s Sys=0.00s Real=0.01s
[2023-11-10T12:14:32.668-0800][78076300ms] GC(26849) Pause Young (Normal) (G1 Evacuation Pause)
[2023-11-10T12:14:32.668-0800][78076300ms] GC(26849) Using 10 workers of 10 for evacuation
[2023-11-10T12:14:32.673-0800][78076305ms] GC(26849)   Pre Evacuate Collection Set: 0.0ms
[2023-11-10T12:14:32.673-0800][78076305ms] GC(26849)   Evacuate Collection Set: 1.6ms
[2023-11-10T12:14:32.673-0800][78076305ms] GC(26849)   Post Evacuate Collection Set: 2.9ms
[2023-11-10T12:14:32.673-0800][78076305ms] GC(26849)   Other: 0.2ms
[2023-11-10T12:14:32.673-0800][78076305ms] GC(26849) Eden regions: 144->0(144)
[2023-11-10T12:14:32.673-0800][78076305ms] GC(26849) Survivor regions: 1->1(19)
[2023-11-10T12:14:32.673-0800][78076305ms] GC(26849) Old regions: 1469->1469
[2023-11-10T12:14:32.673-0800][78076305ms] GC(26849) Humongous regions: 5->5
[2023-11-10T12:14:32.673-0800][78076305ms] GC(26849) Metaspace: 305050K->305050K(1349632K)
[2023-11-10T12:14:32.673-0800][78076305ms] GC(26849) Pause Young (Normal) (G1 Evacuation Pause) 3234M->2946M(3602M) 4.856ms
[2023-11-10T12:14:32.674-0800][78076306ms] GC(26849) User=0.00s Sys=0.00s Real=0.01s
[2023-11-10T12:14:32.932-0800][78076564ms] GC(26850) Pause Young (Normal) (G1 Evacuation Pause)
[2023-11-10T12:14:32.932-0800][78076564ms] GC(26850) Using 10 workers of 10 for evacuation
[2023-11-10T12:14:32.937-0800][78076569ms] GC(26850)   Pre Evacuate Collection Set: 0.0ms
[2023-11-10T12:14:32.937-0800][78076569ms] GC(26850)   Evacuate Collection Set: 1.6ms
[2023-11-10T12:14:32.937-0800][78076569ms] GC(26850)   Post Evacuate Collection Set: 3.0ms
[2023-11-10T12:14:32.937-0800][78076569ms] GC(26850)   Other: 0.2ms
[2023-11-10T12:14:32.937-0800][78076569ms] GC(26850) Eden regions: 144->0(144)
[2023-11-10T12:14:32.937-0800][78076569ms] GC(26850) Survivor regions: 1->1(19)
[2023-11-10T12:14:32.937-0800][78076569ms] GC(26850) Old regions: 1469->1469
[2023-11-10T12:14:32.937-0800][78076569ms] GC(26850) Humongous regions: 5->5
[2023-11-10T12:14:32.937-0800][78076569ms] GC(26850) Metaspace: 305050K->305050K(1349632K)
[2023-11-10T12:14:32.937-0800][78076569ms] GC(26850) Pause Young (Normal) (G1 Evacuation Pause) 3234M->2946M(3602M) 5.084ms
[2023-11-10T12:14:32.937-0800][78076569ms] GC(26850) User=0.00s Sys=0.00s Real=0.01s
[2023-11-10T12:14:33.210-0800][78076842ms] GC(26851) Pause Young (Normal) (G1 Evacuation Pause)
[2023-11-10T12:14:33.210-0800][78076842ms] GC(26851) Using 10 workers of 10 for evacuation
[2023-11-10T12:14:33.216-0800][78076848ms] GC(26851)   Pre Evacuate Collection Set: 0.0ms
[2023-11-10T12:14:33.216-0800][78076848ms] GC(26851)   Evacuate Collection Set: 1.6ms
[2023-11-10T12:14:33.216-0800][78076848ms] GC(26851)   Post Evacuate Collection Set: 3.1ms
[2023-11-10T12:14:33.216-0800][78076848ms] GC(26851)   Other: 0.3ms
[2023-11-10T12:14:33.216-0800][78076848ms] GC(26851) Eden regions: 144->0(144)
[2023-11-10T12:14:33.216-0800][78076848ms] GC(26851) Survivor regions: 1->1(19)
[2023-11-10T12:14:33.216-0800][78076848ms] GC(26851) Old regions: 1469->1469
[2023-11-10T12:14:33.216-0800][78076848ms] GC(26851) Humongous regions: 5->5
[2023-11-10T12:14:33.216-0800][78076848ms] GC(26851) Metaspace: 305050K->305050K(1349632K)
[2023-11-10T12:14:33.216-0800][78076848ms] GC(26851) Pause Young (Normal) (G1 Evacuation Pause) 3234M->2946M(3602M) 5.121ms
[2023-11-10T12:14:33.216-0800][78076848ms] GC(26851) User=0.00s Sys=0.00s Real=0.01s
[2023-11-10T12:14:33.485-0800][78077117ms] GC(26852) Pause Young (Normal) (G1 Evacuation Pause)
[2023-11-10T12:14:33.485-0800][78077117ms] GC(26852) Using 10 workers of 10 for evacuation
[2023-11-10T12:14:33.490-0800][78077122ms] GC(26852)   Pre Evacuate Collection Set: 0.0ms
[2023-11-10T12:14:33.490-0800][78077122ms] GC(26852)   Evacuate Collection Set: 1.6ms
[2023-11-10T12:14:33.490-0800][78077122ms] GC(26852)   Post Evacuate Collection Set: 3.1ms
[2023-11-10T12:14:33.490-0800][78077122ms] GC(26852)   Other: 0.2ms
[2023-11-10T12:14:33.490-0800][78077122ms] GC(26852) Eden regions: 144->0(144)
[2023-11-10T12:14:33.490-0800][78077122ms] GC(26852) Survivor regions: 1->1(19)
[2023-11-10T12:14:33.490-0800][78077122ms] GC(26852) Old regions: 1469->1469
[2023-11-10T12:14:33.490-0800][78077122ms] GC(26852) Humongous regions: 5->5
[2023-11-10T12:14:33.490-0800][78077122ms] GC(26852) Metaspace: 305050K->305050K(1349632K)
[2023-11-10T12:14:33.490-0800][78077122ms] GC(26852) Pause Young (Normal) (G1 Evacuation Pause) 3234M->2946M(3602M) 5.029ms
[2023-11-10T12:14:33.490-0800][78077122ms] GC(26852) User=0.00s Sys=0.00s Real=0.01s
[2023-11-10T12:14:33.743-0800][78077375ms] GC(26853) Pause Young (Normal) (G1 Evacuation Pause)
[2023-11-10T12:14:33.743-0800][78077375ms] GC(26853) Using 10 workers of 10 for evacuation
[2023-11-10T12:14:33.749-0800][78077381ms] GC(26853)   Pre Evacuate Collection Set: 0.0ms
[2023-11-10T12:14:33.749-0800][78077381ms] GC(26853)   Evacuate Collection Set: 1.7ms
[2023-11-10T12:14:33.749-0800][78077381ms] GC(26853)   Post Evacuate Collection Set: 3.3ms
[2023-11-10T12:14:33.749-0800][78077381ms] GC(26853)   Other: 0.3ms
[2023-11-10T12:14:33.749-0800][78077381ms] GC(26853) Eden regions: 144->0(144)
[2023-11-10T12:14:33.749-0800][78077381ms] GC(26853) Survivor regions: 1->1(19)
[2023-11-10T12:14:33.749-0800][78077381ms] GC(26853) Old regions: 1469->1469
[2023-11-10T12:14:33.749-0800][78077381ms] GC(26853) Humongous regions: 5->5
[2023-11-10T12:14:33.749-0800][78077381ms] GC(26853) Metaspace: 305050K->305050K(1349632K)
[2023-11-10T12:14:33.749-0800][78077381ms] GC(26853) Pause Young (Normal) (G1 Evacuation Pause) 3234M->2947M(3602M) 5.303ms
[2023-11-10T12:14:33.749-0800][78077381ms] GC(26853) User=0.00s Sys=0.00s Real=0.01s
[2023-11-10T12:14:34.018-0800][78077650ms] GC(26854) Pause Young (Normal) (G1 Evacuation Pause)
[2023-11-10T12:14:34.018-0800][78077650ms] GC(26854) Using 10 workers of 10 for evacuation
[2023-11-10T12:14:34.023-0800][78077655ms] GC(26854)   Pre Evacuate Collection Set: 0.0ms
[2023-11-10T12:14:34.023-0800][78077655ms] GC(26854)   Evacuate Collection Set: 1.7ms
[2023-11-10T12:14:34.023-0800][78077655ms] GC(26854)   Post Evacuate Collection Set: 3.0ms
[2023-11-10T12:14:34.023-0800][78077655ms] GC(26854)   Other: 0.3ms
[2023-11-10T12:14:34.023-0800][78077655ms] GC(26854) Eden regions: 144->0(144)
[2023-11-10T12:14:34.023-0800][78077655ms] GC(26854) Survivor regions: 1->1(19)
[2023-11-10T12:14:34.023-0800][78077655ms] GC(26854) Old regions: 1469->1469
[2023-11-10T12:14:34.023-0800][78077655ms] GC(26854) Humongous regions: 5->5
[2023-11-10T12:14:34.023-0800][78077655ms] GC(26854) Metaspace: 305050K->305050K(1349632K)
[2023-11-10T12:14:34.023-0800][78077655ms] GC(26854) Pause Young (Normal) (G1 Evacuation Pause) 3235M->2947M(3602M) 5.147ms
[2023-11-10T12:14:34.023-0800][78077655ms] GC(26854) User=0.02s Sys=0.00s Real=0.01s
[2023-11-10T12:14:34.279-0800][78077911ms] GC(26855) Pause Young (Normal) (G1 Evacuation Pause)
[2023-11-10T12:14:34.279-0800][78077911ms] GC(26855) Using 10 workers of 10 for evacuation
[2023-11-10T12:14:34.284-0800][78077916ms] GC(26855)   Pre Evacuate Collection Set: 0.0ms
[2023-11-10T12:14:34.284-0800][78077916ms] GC(26855)   Evacuate Collection Set: 1.6ms
[2023-11-10T12:14:34.284-0800][78077916ms] GC(26855)   Post Evacuate Collection Set: 3.0ms
[2023-11-10T12:14:34.284-0800][78077916ms] GC(26855)   Other: 0.3ms
[2023-11-10T12:14:34.284-0800][78077916ms] GC(26855) Eden regions: 144->0(144)
[2023-11-10T12:14:34.284-0800][78077916ms] GC(26855) Survivor regions: 1->1(19)
[2023-11-10T12:14:34.284-0800][78077916ms] GC(26855) Old regions: 1469->1469
[2023-11-10T12:14:34.284-0800][78077916ms] GC(26855) Humongous regions: 5->5
[2023-11-10T12:14:34.284-0800][78077916ms] GC(26855) Metaspace: 305050K->305050K(1349632K)
[2023-11-10T12:14:34.284-0800][78077916ms] GC(26855) Pause Young (Normal) (G1 Evacuation Pause) 3235M->2947M(3602M) 4.999ms
[2023-11-10T12:14:34.284-0800][78077916ms] GC(26855) User=0.00s Sys=0.00s Real=0.00s
[2023-11-10T12:14:34.555-0800][78078187ms] GC(26856) Pause Young (Normal) (G1 Evacuation Pause)
[2023-11-10T12:14:34.555-0800][78078187ms] GC(26856) Using 10 workers of 10 for evacuation
[2023-11-10T12:14:34.560-0800][78078192ms] GC(26856)   Pre Evacuate Collection Set: 0.0ms
[2023-11-10T12:14:34.560-0800][78078192ms] GC(26856)   Evacuate Collection Set: 1.6ms
[2023-11-10T12:14:34.560-0800][78078192ms] GC(26856)   Post Evacuate Collection Set: 3.1ms
[2023-11-10T12:14:34.560-0800][78078192ms] GC(26856)   Other: 0.3ms
[2023-11-10T12:14:34.560-0800][78078192ms] GC(26856) Eden regions: 144->0(144)
[2023-11-10T12:14:34.560-0800][78078192ms] GC(26856) Survivor regions: 1->1(19)
[2023-11-10T12:14:34.560-0800][78078192ms] GC(26856) Old regions: 1469->1469
[2023-11-10T12:14:34.560-0800][78078192ms] GC(26856) Humongous regions: 5->5
[2023-11-10T12:14:34.560-0800][78078192ms] GC(26856) Metaspace: 305050K->305050K(1349632K)
[2023-11-10T12:14:34.560-0800][78078192ms] GC(26856) Pause Young (Normal) (G1 Evacuation Pause) 3235M->2947M(3602M) 5.040ms
[2023-11-10T12:14:34.561-0800][78078193ms] GC(26856) User=0.00s Sys=0.00s Real=0.01s
[2023-11-10T12:14:34.809-0800][78078441ms] GC(26857) Pause Young (Normal) (G1 Evacuation Pause)
[2023-11-10T12:14:34.809-0800][78078441ms] GC(26857) Using 10 workers of 10 for evacuation
[2023-11-10T12:14:34.813-0800][78078445ms] GC(26857)   Pre Evacuate Collection Set: 0.0ms
[2023-11-10T12:14:34.813-0800][78078445ms] GC(26857)   Evacuate Collection Set: 1.6ms
[2023-11-10T12:14:34.813-0800][78078445ms] GC(26857)   Post Evacuate Collection Set: 3.0ms
[2023-11-10T12:14:34.813-0800][78078445ms] GC(26857)   Other: 0.2ms
[2023-11-10T12:14:34.813-0800][78078445ms] GC(26857) Eden regions: 144->0(144)
[2023-11-10T12:14:34.813-0800][78078445ms] GC(26857) Survivor regions: 1->1(19)
[2023-11-10T12:14:34.813-0800][78078445ms] GC(26857) Old regions: 1469->1469
[2023-11-10T12:14:34.813-0800][78078445ms] GC(26857) Humongous regions: 5->5
[2023-11-10T12:14:34.813-0800][78078445ms] GC(26857) Metaspace: 305050K->305050K(1349632K)
[2023-11-10T12:14:34.813-0800][78078445ms] GC(26857) Pause Young (Normal) (G1 Evacuation Pause) 3235M->2947M(3602M) 4.933ms
[2023-11-10T12:14:34.813-0800][78078445ms] GC(26857) User=0.00s Sys=0.00s Real=0.00s
[2023-11-10T12:14:35.066-0800][78078698ms] GC(26858) Pause Young (Normal) (G1 Evacuation Pause)
[2023-11-10T12:14:35.066-0800][78078698ms] GC(26858) Using 10 workers of 10 for evacuation
[2023-11-10T12:14:35.070-0800][78078702ms] GC(26858)   Pre Evacuate Collection Set: 0.0ms
[2023-11-10T12:14:35.070-0800][78078702ms] GC(26858)   Evacuate Collection Set: 1.7ms
[2023-11-10T12:14:35.070-0800][78078702ms] GC(26858)   Post Evacuate Collection Set: 2.9ms
[2023-11-10T12:14:35.070-0800][78078702ms] GC(26858)   Other: 0.2ms
[2023-11-10T12:14:35.071-0800][78078703ms] GC(26858) Eden regions: 144->0(144)
[2023-11-10T12:14:35.071-0800][78078703ms] GC(26858) Survivor regions: 1->1(19)
[2023-11-10T12:14:35.071-0800][78078703ms] GC(26858) Old regions: 1469->1469
[2023-11-10T12:14:35.071-0800][78078703ms] GC(26858) Humongous regions: 5->5
[2023-11-10T12:14:35.071-0800][78078703ms] GC(26858) Metaspace: 305050K->305050K(1349632K)
[2023-11-10T12:14:35.071-0800][78078703ms] GC(26858) Pause Young (Normal) (G1 Evacuation Pause) 3235M->2947M(3602M) 4.938ms
[2023-11-10T12:14:35.071-0800][78078703ms] GC(26858) User=0.02s Sys=0.00s Real=0.01s
[2023-11-10T12:14:35.329-0800][78078961ms] GC(26859) Pause Young (Normal) (G1 Evacuation Pause)
[2023-11-10T12:14:35.329-0800][78078961ms] GC(26859) Using 10 workers of 10 for evacuation
[2023-11-10T12:14:35.335-0800][78078967ms] GC(26859)   Pre Evacuate Collection Set: 0.0ms
[2023-11-10T12:14:35.335-0800][78078967ms] GC(26859)   Evacuate Collection Set: 1.8ms
[2023-11-10T12:14:35.335-0800][78078967ms] GC(26859)   Post Evacuate Collection Set: 3.3ms
[2023-11-10T12:14:35.335-0800][78078967ms] GC(26859)   Other: 0.3ms
[2023-11-10T12:14:35.335-0800][78078967ms] GC(26859) Eden regions: 144->0(144)
[2023-11-10T12:14:35.335-0800][78078967ms] GC(26859) Survivor regions: 1->1(19)
[2023-11-10T12:14:35.335-0800][78078967ms] GC(26859) Old regions: 1469->1469
[2023-11-10T12:14:35.335-0800][78078967ms] GC(26859) Humongous regions: 5->5
[2023-11-10T12:14:35.335-0800][78078967ms] GC(26859) Metaspace: 305050K->305050K(1349632K)
[2023-11-10T12:14:35.335-0800][78078967ms] GC(26859) Pause Young (Normal) (G1 Evacuation Pause) 3235M->2947M(3602M) 5.561ms
[2023-11-10T12:14:35.335-0800][78078967ms] GC(26859) User=0.00s Sys=0.00s Real=0.01s
[2023-11-10T12:14:35.610-0800][78079242ms] GC(26860) Pause Young (Normal) (G1 Evacuation Pause)
[2023-11-10T12:14:35.610-0800][78079242ms] GC(26860) Using 10 workers of 10 for evacuation
[2023-11-10T12:14:35.614-0800][78079246ms] GC(26860)   Pre Evacuate Collection Set: 0.0ms
[2023-11-10T12:14:35.615-0800][78079247ms] GC(26860)   Evacuate Collection Set: 1.6ms
[2023-11-10T12:14:35.615-0800][78079247ms] GC(26860)   Post Evacuate Collection Set: 3.0ms
[2023-11-10T12:14:35.615-0800][78079247ms] GC(26860)   Other: 0.2ms
[2023-11-10T12:14:35.615-0800][78079247ms] GC(26860) Eden regions: 144->0(144)
[2023-11-10T12:14:35.615-0800][78079247ms] GC(26860) Survivor regions: 1->1(19)
[2023-11-10T12:14:35.615-0800][78079247ms] GC(26860) Old regions: 1469->1469
