[2023-11-10T11:44:11.815-0800][76255447ms] GC(22327) Old regions: 1419->1419
[2023-11-10T11:44:11.815-0800][76255447ms] GC(22327) Humongous regions: 5->5
[2023-11-10T11:44:11.815-0800][76255447ms] GC(22327) Metaspace: 304918K->304918K(1349632K)
[2023-11-10T11:44:11.815-0800][76255447ms] GC(22327) Pause Young (Normal) (G1 Evacuation Pause) 3234M->2846M(3602M) 7.614ms
[2023-11-10T11:44:11.815-0800][76255447ms] GC(22327) User=0.00s Sys=0.00s Real=0.01s
[2023-11-10T11:44:12.247-0800][76255879ms] GC(22328) Pause Young (Normal) (G1 Evacuation Pause)
[2023-11-10T11:44:12.247-0800][76255879ms] GC(22328) Using 10 workers of 10 for evacuation
[2023-11-10T11:44:12.252-0800][76255884ms] GC(22328)   Pre Evacuate Collection Set: 0.0ms
[2023-11-10T11:44:12.298-0800][76255930ms] GC(22328)   Evacuate Collection Set: 1.7ms
[2023-11-10T11:44:12.298-0800][76255930ms] GC(22328)   Post Evacuate Collection Set: 3.2ms
[2023-11-10T11:44:12.298-0800][76255930ms] GC(22328)   Other: 0.3ms
[2023-11-10T11:44:12.298-0800][76255930ms] GC(22328) Eden regions: 194->0(194)
[2023-11-10T11:44:12.298-0800][76255930ms] GC(22328) Survivor regions: 1->1(25)
[2023-11-10T11:44:12.298-0800][76255930ms] GC(22328) Old regions: 1419->1419
[2023-11-10T11:44:12.298-0800][76255930ms] GC(22328) Humongous regions: 5->5
[2023-11-10T11:44:12.298-0800][76255930ms] GC(22328) Metaspace: 304918K->304918K(1349632K)
[2023-11-10T11:44:12.298-0800][76255930ms] GC(22328) Pause Young (Normal) (G1 Evacuation Pause) 3234M->2846M(3602M) 51.033ms
[2023-11-10T11:44:12.298-0800][76255930ms] GC(22328) User=0.00s Sys=0.00s Real=0.05s
[2023-11-10T11:44:12.720-0800][76256352ms] GC(22329) Pause Young (Normal) (G1 Evacuation Pause)
[2023-11-10T11:44:12.720-0800][76256352ms] GC(22329) Using 10 workers of 10 for evacuation
[2023-11-10T11:44:12.725-0800][76256357ms] GC(22329)   Pre Evacuate Collection Set: 0.0ms
[2023-11-10T11:44:12.725-0800][76256357ms] GC(22329)   Evacuate Collection Set: 1.7ms
[2023-11-10T11:44:12.725-0800][76256357ms] GC(22329)   Post Evacuate Collection Set: 3.5ms
[2023-11-10T11:44:12.725-0800][76256357ms] GC(22329)   Other: 0.3ms
[2023-11-10T11:44:12.725-0800][76256357ms] GC(22329) Eden regions: 194->0(194)
[2023-11-10T11:44:12.725-0800][76256357ms] GC(22329) Survivor regions: 1->1(25)
[2023-11-10T11:44:12.725-0800][76256357ms] GC(22329) Old regions: 1419->1419
[2023-11-10T11:44:12.725-0800][76256357ms] GC(22329) Humongous regions: 5->5
[2023-11-10T11:44:12.725-0800][76256357ms] GC(22329) Metaspace: 304918K->304918K(1349632K)
[2023-11-10T11:44:12.725-0800][76256357ms] GC(22329) Pause Young (Normal) (G1 Evacuation Pause) 3234M->2846M(3602M) 5.660ms
[2023-11-10T11:44:12.725-0800][76256357ms] GC(22329) User=0.00s Sys=0.00s Real=0.00s
[2023-11-10T11:44:13.221-0800][76256853ms] GC(22330) Pause Young (Normal) (G1 Evacuation Pause)
[2023-11-10T11:44:13.222-0800][76256854ms] GC(22330) Using 10 workers of 10 for evacuation
[2023-11-10T11:44:13.227-0800][76256859ms] GC(22330)   Pre Evacuate Collection Set: 0.0ms
[2023-11-10T11:44:13.227-0800][76256859ms] GC(22330)   Evacuate Collection Set: 1.6ms
[2023-11-10T11:44:13.227-0800][76256859ms] GC(22330)   Post Evacuate Collection Set: 4.2ms
[2023-11-10T11:44:13.227-0800][76256859ms] GC(22330)   Other: 0.3ms
[2023-11-10T11:44:13.227-0800][76256859ms] GC(22330) Eden regions: 194->0(194)
[2023-11-10T11:44:13.227-0800][76256860ms] GC(22330) Survivor regions: 1->1(25)
[2023-11-10T11:44:13.228-0800][76256860ms] GC(22330) Old regions: 1419->1419
[2023-11-10T11:44:13.228-0800][76256860ms] GC(22330) Humongous regions: 5->5
[2023-11-10T11:44:13.228-0800][76256860ms] GC(22330) Metaspace: 304918K->304918K(1349632K)
[2023-11-10T11:44:13.228-0800][76256860ms] GC(22330) Pause Young (Normal) (G1 Evacuation Pause) 3234M->2846M(3602M) 6.275ms
[2023-11-10T11:44:13.228-0800][76256860ms] GC(22330) User=0.00s Sys=0.00s Real=0.01s
[2023-11-10T11:44:13.671-0800][76257303ms] GC(22331) Pause Young (Normal) (G1 Evacuation Pause)
[2023-11-10T11:44:13.671-0800][76257303ms] GC(22331) Using 10 workers of 10 for evacuation
[2023-11-10T11:44:13.680-0800][76257312ms] GC(22331)   Pre Evacuate Collection Set: 0.1ms
[2023-11-10T11:44:13.694-0800][76257326ms] GC(22331)   Evacuate Collection Set: 2.4ms
[2023-11-10T11:44:13.694-0800][76257326ms] GC(22331)   Post Evacuate Collection Set: 6.5ms
[2023-11-10T11:44:13.694-0800][76257326ms] GC(22331)   Other: 0.3ms
[2023-11-10T11:44:13.694-0800][76257326ms] GC(22331) Eden regions: 194->0(194)
[2023-11-10T11:44:13.694-0800][76257326ms] GC(22331) Survivor regions: 1->1(25)
[2023-11-10T11:44:13.694-0800][76257326ms] GC(22331) Old regions: 1419->1419
[2023-11-10T11:44:13.694-0800][76257326ms] GC(22331) Humongous regions: 5->5
[2023-11-10T11:44:13.694-0800][76257326ms] GC(22331) Metaspace: 304918K->304918K(1349632K)
[2023-11-10T11:44:13.694-0800][76257326ms] GC(22331) Pause Young (Normal) (G1 Evacuation Pause) 3234M->2846M(3602M) 23.603ms
[2023-11-10T11:44:13.694-0800][76257326ms] GC(22331) User=0.00s Sys=0.00s Real=0.02s
[2023-11-10T11:44:14.167-0800][76257799ms] GC(22332) Pause Young (Normal) (G1 Evacuation Pause)
[2023-11-10T11:44:14.167-0800][76257799ms] GC(22332) Using 10 workers of 10 for evacuation
[2023-11-10T11:44:14.172-0800][76257804ms] GC(22332)   Pre Evacuate Collection Set: 0.0ms
[2023-11-10T11:44:14.172-0800][76257804ms] GC(22332)   Evacuate Collection Set: 1.6ms
[2023-11-10T11:44:14.172-0800][76257804ms] GC(22332)   Post Evacuate Collection Set: 3.1ms
[2023-11-10T11:44:14.172-0800][76257804ms] GC(22332)   Other: 0.3ms
[2023-11-10T11:44:14.172-0800][76257804ms] GC(22332) Eden regions: 194->0(194)
[2023-11-10T11:44:14.172-0800][76257804ms] GC(22332) Survivor regions: 1->1(25)
[2023-11-10T11:44:14.172-0800][76257804ms] GC(22332) Old regions: 1419->1419
[2023-11-10T11:44:14.172-0800][76257804ms] GC(22332) Humongous regions: 5->5
[2023-11-10T11:44:14.172-0800][76257804ms] GC(22332) Metaspace: 304918K->304918K(1349632K)
[2023-11-10T11:44:14.172-0800][76257804ms] GC(22332) Pause Young (Normal) (G1 Evacuation Pause) 3234M->2846M(3602M) 5.151ms
[2023-11-10T11:44:14.172-0800][76257804ms] GC(22332) User=0.00s Sys=0.00s Real=0.00s
[2023-11-10T11:44:14.707-0800][76258339ms] GC(22333) Pause Young (Normal) (G1 Evacuation Pause)
[2023-11-10T11:44:14.707-0800][76258339ms] GC(22333) Using 10 workers of 10 for evacuation
[2023-11-10T11:44:14.714-0800][76258346ms] GC(22333)   Pre Evacuate Collection Set: 0.2ms
[2023-11-10T11:44:14.714-0800][76258346ms] GC(22333)   Evacuate Collection Set: 2.5ms
[2023-11-10T11:44:14.714-0800][76258346ms] GC(22333)   Post Evacuate Collection Set: 4.2ms
[2023-11-10T11:44:14.714-0800][76258346ms] GC(22333)   Other: 0.5ms
[2023-11-10T11:44:14.714-0800][76258346ms] GC(22333) Eden regions: 194->0(194)
[2023-11-10T11:44:14.714-0800][76258346ms] GC(22333) Survivor regions: 1->1(25)
[2023-11-10T11:44:14.714-0800][76258346ms] GC(22333) Old regions: 1419->1419
[2023-11-10T11:44:14.714-0800][76258346ms] GC(22333) Humongous regions: 5->5
[2023-11-10T11:44:14.714-0800][76258346ms] GC(22333) Metaspace: 304918K->304918K(1349632K)
[2023-11-10T11:44:14.714-0800][76258346ms] GC(22333) Pause Young (Normal) (G1 Evacuation Pause) 3234M->2846M(3602M) 7.402ms
[2023-11-10T11:44:14.714-0800][76258346ms] GC(22333) User=0.00s Sys=0.00s Real=0.01s
[2023-11-10T11:44:15.191-0800][76258823ms] GC(22334) Pause Young (Normal) (G1 Evacuation Pause)
[2023-11-10T11:44:15.191-0800][76258823ms] GC(22334) Using 10 workers of 10 for evacuation
[2023-11-10T11:44:15.197-0800][76258829ms] GC(22334)   Pre Evacuate Collection Set: 0.0ms
[2023-11-10T11:44:15.197-0800][76258829ms] GC(22334)   Evacuate Collection Set: 1.7ms
[2023-11-10T11:44:15.197-0800][76258829ms] GC(22334)   Post Evacuate Collection Set: 3.3ms
[2023-11-10T11:44:15.197-0800][76258829ms] GC(22334)   Other: 0.3ms
[2023-11-10T11:44:15.197-0800][76258829ms] GC(22334) Eden regions: 194->0(194)
[2023-11-10T11:44:15.197-0800][76258829ms] GC(22334) Survivor regions: 1->1(25)
[2023-11-10T11:44:15.197-0800][76258829ms] GC(22334) Old regions: 1419->1419
[2023-11-10T11:44:15.197-0800][76258829ms] GC(22334) Humongous regions: 5->5
[2023-11-10T11:44:15.197-0800][76258829ms] GC(22334) Metaspace: 304918K->304918K(1349632K)
[2023-11-10T11:44:15.197-0800][76258829ms] GC(22334) Pause Young (Normal) (G1 Evacuation Pause) 3234M->2846M(3602M) 5.474ms
[2023-11-10T11:44:15.197-0800][76258829ms] GC(22334) User=0.02s Sys=0.00s Real=0.01s
[2023-11-10T11:44:15.650-0800][76259282ms] GC(22335) Pause Young (Normal) (G1 Evacuation Pause)
[2023-11-10T11:44:15.650-0800][76259282ms] GC(22335) Using 10 workers of 10 for evacuation
[2023-11-10T11:44:15.656-0800][76259288ms] GC(22335)   Pre Evacuate Collection Set: 0.1ms
[2023-11-10T11:44:15.656-0800][76259288ms] GC(22335)   Evacuate Collection Set: 1.8ms
[2023-11-10T11:44:15.656-0800][76259288ms] GC(22335)   Post Evacuate Collection Set: 3.6ms
[2023-11-10T11:44:15.656-0800][76259288ms] GC(22335)   Other: 0.3ms
[2023-11-10T11:44:15.656-0800][76259288ms] GC(22335) Eden regions: 194->0(194)
[2023-11-10T11:44:15.656-0800][76259288ms] GC(22335) Survivor regions: 1->1(25)
[2023-11-10T11:44:15.656-0800][76259288ms] GC(22335) Old regions: 1419->1419
[2023-11-10T11:44:15.656-0800][76259288ms] GC(22335) Humongous regions: 5->5
[2023-11-10T11:44:15.656-0800][76259288ms] GC(22335) Metaspace: 304918K->304918K(1349632K)
[2023-11-10T11:44:15.656-0800][76259288ms] GC(22335) Pause Young (Normal) (G1 Evacuation Pause) 3234M->2847M(3602M) 5.827ms
[2023-11-10T11:44:15.656-0800][76259288ms] GC(22335) User=0.00s Sys=0.00s Real=0.01s
[2023-11-10T11:44:16.091-0800][76259723ms] GC(22336) Pause Young (Normal) (G1 Evacuation Pause)
[2023-11-10T11:44:16.091-0800][76259723ms] GC(22336) Using 10 workers of 10 for evacuation
[2023-11-10T11:44:16.096-0800][76259728ms] GC(22336)   Pre Evacuate Collection Set: 0.0ms
[2023-11-10T11:44:16.096-0800][76259728ms] GC(22336)   Evacuate Collection Set: 1.7ms
[2023-11-10T11:44:16.096-0800][76259728ms] GC(22336)   Post Evacuate Collection Set: 4.2ms
[2023-11-10T11:44:16.097-0800][76259729ms] GC(22336)   Other: 0.3ms
[2023-11-10T11:44:16.097-0800][76259729ms] GC(22336) Eden regions: 194->0(194)
[2023-11-10T11:44:16.097-0800][76259729ms] GC(22336) Survivor regions: 1->1(25)
[2023-11-10T11:44:16.097-0800][76259729ms] GC(22336) Old regions: 1419->1419
[2023-11-10T11:44:16.097-0800][76259729ms] GC(22336) Humongous regions: 5->5
[2023-11-10T11:44:16.097-0800][76259729ms] GC(22336) Metaspace: 304918K->304918K(1349632K)
[2023-11-10T11:44:16.097-0800][76259729ms] GC(22336) Pause Young (Normal) (G1 Evacuation Pause) 3235M->2847M(3602M) 6.304ms
[2023-11-10T11:44:16.097-0800][76259729ms] GC(22336) User=0.00s Sys=0.00s Real=0.01s
[2023-11-10T11:44:16.544-0800][76260176ms] GC(22337) Pause Young (Normal) (G1 Evacuation Pause)
[2023-11-10T11:44:16.544-0800][76260176ms] GC(22337) Using 10 workers of 10 for evacuation
[2023-11-10T11:44:16.553-0800][76260185ms] GC(22337)   Pre Evacuate Collection Set: 0.1ms
[2023-11-10T11:44:16.553-0800][76260185ms] GC(22337)   Evacuate Collection Set: 5.7ms
[2023-11-10T11:44:16.553-0800][76260185ms] GC(22337)   Post Evacuate Collection Set: 3.7ms
[2023-11-10T11:44:16.553-0800][76260185ms] GC(22337)   Other: 0.3ms
[2023-11-10T11:44:16.553-0800][76260185ms] GC(22337) Eden regions: 194->0(194)
[2023-11-10T11:44:16.553-0800][76260185ms] GC(22337) Survivor regions: 1->1(25)
[2023-11-10T11:44:16.553-0800][76260185ms] GC(22337) Old regions: 1419->1419
[2023-11-10T11:44:16.553-0800][76260185ms] GC(22337) Humongous regions: 5->5
[2023-11-10T11:44:16.553-0800][76260185ms] GC(22337) Metaspace: 304918K->304918K(1349632K)
[2023-11-10T11:44:16.553-0800][76260185ms] GC(22337) Pause Young (Normal) (G1 Evacuation Pause) 3235M->2847M(3602M) 9.864ms
[2023-11-10T11:44:16.553-0800][76260185ms] GC(22337) User=0.00s Sys=0.00s Real=0.01s
[2023-11-10T11:44:17.053-0800][76260685ms] GC(22338) Pause Young (Normal) (G1 Evacuation Pause)
[2023-11-10T11:44:17.053-0800][76260685ms] GC(22338) Using 10 workers of 10 for evacuation
[2023-11-10T11:44:17.059-0800][76260691ms] GC(22338)   Pre Evacuate Collection Set: 0.1ms
[2023-11-10T11:44:17.059-0800][76260691ms] GC(22338)   Evacuate Collection Set: 1.8ms
[2023-11-10T11:44:17.059-0800][76260691ms] GC(22338)   Post Evacuate Collection Set: 4.5ms
[2023-11-10T11:44:17.059-0800][76260691ms] GC(22338)   Other: 0.3ms
[2023-11-10T11:44:17.059-0800][76260691ms] GC(22338) Eden regions: 194->0(194)
[2023-11-10T11:44:17.059-0800][76260691ms] GC(22338) Survivor regions: 1->1(25)
[2023-11-10T11:44:17.059-0800][76260691ms] GC(22338) Old regions: 1419->1419
[2023-11-10T11:44:17.059-0800][76260691ms] GC(22338) Humongous regions: 5->5
[2023-11-10T11:44:17.059-0800][76260691ms] GC(22338) Metaspace: 304918K->304918K(1349632K)
[2023-11-10T11:44:17.059-0800][76260691ms] GC(22338) Pause Young (Normal) (G1 Evacuation Pause) 3235M->2847M(3602M) 6.753ms
[2023-11-10T11:44:17.059-0800][76260691ms] GC(22338) User=0.09s Sys=0.00s Real=0.01s
[2023-11-10T11:44:17.526-0800][76261158ms] GC(22339) Pause Young (Normal) (G1 Evacuation Pause)
[2023-11-10T11:44:17.526-0800][76261158ms] GC(22339) Using 10 workers of 10 for evacuation
[2023-11-10T11:44:17.533-0800][76261165ms] GC(22339)   Pre Evacuate Collection Set: 0.1ms
[2023-11-10T11:44:17.533-0800][76261165ms] GC(22339)   Evacuate Collection Set: 1.7ms
[2023-11-10T11:44:17.533-0800][76261165ms] GC(22339)   Post Evacuate Collection Set: 5.0ms
[2023-11-10T11:44:17.533-0800][76261165ms] GC(22339)   Other: 0.4ms
[2023-11-10T11:44:17.533-0800][76261165ms] GC(22339) Eden regions: 194->0(194)
[2023-11-10T11:44:17.533-0800][76261165ms] GC(22339) Survivor regions: 1->1(25)
[2023-11-10T11:44:17.533-0800][76261165ms] GC(22339) Old regions: 1419->1419
[2023-11-10T11:44:17.533-0800][76261165ms] GC(22339) Humongous regions: 5->5
[2023-11-10T11:44:17.533-0800][76261165ms] GC(22339) Metaspace: 304918K->304918K(1349632K)
[2023-11-10T11:44:17.533-0800][76261165ms] GC(22339) Pause Young (Normal) (G1 Evacuation Pause) 3235M->2847M(3602M) 7.288ms
[2023-11-10T11:44:17.533-0800][76261165ms] GC(22339) User=0.00s Sys=0.00s Real=0.01s
[2023-11-10T11:44:18.000-0800][76261632ms] GC(22340) Pause Young (Normal) (G1 Evacuation Pause)
[2023-11-10T11:44:18.000-0800][76261632ms] GC(22340) Using 10 workers of 10 for evacuation
[2023-11-10T11:44:18.006-0800][76261638ms] GC(22340)   Pre Evacuate Collection Set: 0.0ms
[2023-11-10T11:44:18.006-0800][76261638ms] GC(22340)   Evacuate Collection Set: 2.0ms
[2023-11-10T11:44:18.006-0800][76261638ms] GC(22340)   Post Evacuate Collection Set: 3.0ms
[2023-11-10T11:44:18.006-0800][76261638ms] GC(22340)   Other: 0.3ms
[2023-11-10T11:44:18.006-0800][76261638ms] GC(22340) Eden regions: 194->0(194)
[2023-11-10T11:44:18.006-0800][76261638ms] GC(22340) Survivor regions: 1->1(25)
[2023-11-10T11:44:18.006-0800][76261638ms] GC(22340) Old regions: 1419->1419
[2023-11-10T11:44:18.006-0800][76261638ms] GC(22340) Humongous regions: 5->5
[2023-11-10T11:44:18.006-0800][76261638ms] GC(22340) Metaspace: 304918K->304918K(1349632K)
[2023-11-10T11:44:18.006-0800][76261638ms] GC(22340) Pause Young (Normal) (G1 Evacuation Pause) 3235M->2847M(3602M) 5.386ms
[2023-11-10T11:44:18.006-0800][76261638ms] GC(22340) User=0.00s Sys=0.00s Real=0.01s
[2023-11-10T11:44:18.451-0800][76262083ms] GC(22341) Pause Young (Normal) (G1 Evacuation Pause)
[2023-11-10T11:44:18.451-0800][76262083ms] GC(22341) Using 10 workers of 10 for evacuation
[2023-11-10T11:44:18.457-0800][76262089ms] GC(22341)   Pre Evacuate Collection Set: 0.0ms
[2023-11-10T11:44:18.457-0800][76262089ms] GC(22341)   Evacuate Collection Set: 1.7ms
[2023-11-10T11:44:18.457-0800][76262089ms] GC(22341)   Post Evacuate Collection Set: 3.0ms
[2023-11-10T11:44:18.457-0800][76262089ms] GC(22341)   Other: 0.3ms
[2023-11-10T11:44:18.457-0800][76262089ms] GC(22341) Eden regions: 194->0(194)
[2023-11-10T11:44:18.457-0800][76262089ms] GC(22341) Survivor regions: 1->1(25)
[2023-11-10T11:44:18.457-0800][76262089ms] GC(22341) Old regions: 1419->1419
[2023-11-10T11:44:18.457-0800][76262089ms] GC(22341) Humongous regions: 5->5
[2023-11-10T11:44:18.457-0800][76262089ms] GC(22341) Metaspace: 304918K->304918K(1349632K)
[2023-11-10T11:44:18.457-0800][76262089ms] GC(22341) Pause Young (Normal) (G1 Evacuation Pause) 3235M->2847M(3602M) 5.152ms
[2023-11-10T11:44:18.457-0800][76262089ms] GC(22341) User=0.00s Sys=0.00s Real=0.01s
[2023-11-10T11:44:18.930-0800][76262562ms] GC(22342) Pause Young (Normal) (G1 Evacuation Pause)
[2023-11-10T11:44:18.930-0800][76262562ms] GC(22342) Using 10 workers of 10 for evacuation
[2023-11-10T11:44:18.936-0800][76262568ms] GC(22342)   Pre Evacuate Collection Set: 0.1ms
[2023-11-10T11:44:18.936-0800][76262568ms] GC(22342)   Evacuate Collection Set: 1.8ms
[2023-11-10T11:44:18.936-0800][76262568ms] GC(22342)   Post Evacuate Collection Set: 3.8ms
[2023-11-10T11:44:18.936-0800][76262568ms] GC(22342)   Other: 0.3ms
[2023-11-10T11:44:18.936-0800][76262568ms] GC(22342) Eden regions: 194->0(193)
[2023-11-10T11:44:18.936-0800][76262568ms] GC(22342) Survivor regions: 1->1(25)
[2023-11-10T11:44:18.936-0800][76262568ms] GC(22342) Old regions: 1419->1419
[2023-11-10T11:44:18.936-0800][76262568ms] GC(22342) Humongous regions: 5->5
[2023-11-10T11:44:18.936-0800][76262568ms] GC(22342) Metaspace: 304918K->304918K(1349632K)
[2023-11-10T11:44:18.936-0800][76262568ms] GC(22342) Pause Young (Normal) (G1 Evacuation Pause) 3235M->2847M(3602M) 6.048ms
[2023-11-10T11:44:18.936-0800][76262568ms] GC(22342) User=0.00s Sys=0.00s Real=0.01s
[2023-11-10T11:44:19.366-0800][76262998ms] GC(22343) Pause Young (Normal) (G1 Evacuation Pause)
[2023-11-10T11:44:19.366-0800][76262998ms] GC(22343) Using 10 workers of 10 for evacuation
[2023-11-10T11:44:19.371-0800][76263003ms] GC(22343)   Pre Evacuate Collection Set: 0.0ms
[2023-11-10T11:44:19.371-0800][76263003ms] GC(22343)   Evacuate Collection Set: 1.8ms
[2023-11-10T11:44:19.371-0800][76263003ms] GC(22343)   Post Evacuate Collection Set: 3.2ms
[2023-11-10T11:44:19.371-0800][76263003ms] GC(22343)   Other: 0.2ms
[2023-11-10T11:44:19.371-0800][76263003ms] GC(22343) Eden regions: 193->0(193)
[2023-11-10T11:44:19.371-0800][76263003ms] GC(22343) Survivor regions: 1->1(25)
[2023-11-10T11:44:19.371-0800][76263003ms] GC(22343) Old regions: 1419->1419
[2023-11-10T11:44:19.371-0800][76263003ms] GC(22343) Humongous regions: 5->5
[2023-11-10T11:44:19.371-0800][76263003ms] GC(22343) Metaspace: 304918K->304918K(1349632K)
[2023-11-10T11:44:19.371-0800][76263003ms] GC(22343) Pause Young (Normal) (G1 Evacuation Pause) 3233M->2847M(3602M) 5.439ms
[2023-11-10T11:44:19.371-0800][76263003ms] GC(22343) User=0.00s Sys=0.00s Real=0.01s
[2023-11-10T11:44:19.857-0800][76263489ms] GC(22344) Pause Young (Normal) (G1 Evacuation Pause)
[2023-11-10T11:44:19.857-0800][76263489ms] GC(22344) Using 10 workers of 10 for evacuation
[2023-11-10T11:44:19.863-0800][76263495ms] GC(22344)   Pre Evacuate Collection Set: 0.0ms
[2023-11-10T11:44:19.863-0800][76263495ms] GC(22344)   Evacuate Collection Set: 1.7ms
[2023-11-10T11:44:19.863-0800][76263495ms] GC(22344)   Post Evacuate Collection Set: 3.3ms
[2023-11-10T11:44:19.863-0800][76263495ms] GC(22344)   Other: 0.3ms
[2023-11-10T11:44:19.863-0800][76263495ms] GC(22344) Eden regions: 193->0(193)
[2023-11-10T11:44:19.863-0800][76263495ms] GC(22344) Survivor regions: 1->1(25)
[2023-11-10T11:44:19.863-0800][76263495ms] GC(22344) Old regions: 1419->1419
[2023-11-10T11:44:19.863-0800][76263495ms] GC(22344) Humongous regions: 5->5
[2023-11-10T11:44:19.863-0800][76263495ms] GC(22344) Metaspace: 304918K->304918K(1349632K)
[2023-11-10T11:44:19.863-0800][76263495ms] GC(22344) Pause Young (Normal) (G1 Evacuation Pause) 3233M->2847M(3602M) 5.351ms
[2023-11-10T11:44:19.863-0800][76263495ms] GC(22344) User=0.00s Sys=0.00s Real=0.01s
[2023-11-10T11:44:20.279-0800][76263911ms] GC(22345) Pause Young (Normal) (G1 Evacuation Pause)
[2023-11-10T11:44:20.279-0800][76263911ms] GC(22345) Using 10 workers of 10 for evacuation
[2023-11-10T11:44:20.285-0800][76263917ms] GC(22345)   Pre Evacuate Collection Set: 0.0ms
[2023-11-10T11:44:20.285-0800][76263917ms] GC(22345)   Evacuate Collection Set: 1.7ms
[2023-11-10T11:44:20.285-0800][76263917ms] GC(22345)   Post Evacuate Collection Set: 3.7ms
[2023-11-10T11:44:20.285-0800][76263917ms] GC(22345)   Other: 0.3ms
[2023-11-10T11:44:20.285-0800][76263917ms] GC(22345) Eden regions: 193->0(193)
[2023-11-10T11:44:20.285-0800][76263917ms] GC(22345) Survivor regions: 1->1(25)
[2023-11-10T11:44:20.285-0800][76263917ms] GC(22345) Old regions: 1419->1419
[2023-11-10T11:44:20.285-0800][76263917ms] GC(22345) Humongous regions: 5->5
[2023-11-10T11:44:20.285-0800][76263917ms] GC(22345) Metaspace: 304918K->304918K(1349632K)
[2023-11-10T11:44:20.285-0800][76263917ms] GC(22345) Pause Young (Normal) (G1 Evacuation Pause) 3233M->2847M(3602M) 5.794ms
[2023-11-10T11:44:20.285-0800][76263917ms] GC(22345) User=0.00s Sys=0.00s Real=0.01s
[2023-11-10T11:44:20.822-0800][76264454ms] GC(22346) Pause Young (Normal) (G1 Evacuation Pause)
[2023-11-10T11:44:20.822-0800][76264454ms] GC(22346) Using 10 workers of 10 for evacuation
[2023-11-10T11:44:20.829-0800][76264461ms] GC(22346)   Pre Evacuate Collection Set: 0.1ms
[2023-11-10T11:44:20.829-0800][76264461ms] GC(22346)   Evacuate Collection Set: 2.6ms
[2023-11-10T11:44:20.829-0800][76264461ms] GC(22346)   Post Evacuate Collection Set: 3.4ms
[2023-11-10T11:44:20.829-0800][76264461ms] GC(22346)   Other: 0.3ms
[2023-11-10T11:44:20.829-0800][76264461ms] GC(22346) Eden regions: 193->0(193)
[2023-11-10T11:44:20.829-0800][76264461ms] GC(22346) Survivor regions: 1->1(25)
[2023-11-10T11:44:20.829-0800][76264461ms] GC(22346) Old regions: 1419->1419
[2023-11-10T11:44:20.829-0800][76264461ms] GC(22346) Humongous regions: 5->5
[2023-11-10T11:44:20.829-0800][76264461ms] GC(22346) Metaspace: 304918K->304918K(1349632K)
[2023-11-10T11:44:20.829-0800][76264461ms] GC(22346) Pause Young (Normal) (G1 Evacuation Pause) 3233M->2847M(3602M) 6.490ms
[2023-11-10T11:44:20.829-0800][76264461ms] GC(22346) User=0.00s Sys=0.00s Real=0.01s
[2023-11-10T11:44:21.399-0800][76265031ms] GC(22347) Pause Young (Normal) (G1 Evacuation Pause)
[2023-11-10T11:44:21.399-0800][76265031ms] GC(22347) Using 10 workers of 10 for evacuation
[2023-11-10T11:44:21.404-0800][76265036ms] GC(22347)   Pre Evacuate Collection Set: 0.0ms
[2023-11-10T11:44:21.404-0800][76265036ms] GC(22347)   Evacuate Collection Set: 1.8ms
[2023-11-10T11:44:21.404-0800][76265036ms] GC(22347)   Post Evacuate Collection Set: 3.6ms
[2023-11-10T11:44:21.404-0800][76265036ms] GC(22347)   Other: 0.3ms
[2023-11-10T11:44:21.404-0800][76265036ms] GC(22347) Eden regions: 193->0(193)
[2023-11-10T11:44:21.404-0800][76265036ms] GC(22347) Survivor regions: 1->1(25)
[2023-11-10T11:44:21.404-0800][76265036ms] GC(22347) Old regions: 1419->1419
[2023-11-10T11:44:21.404-0800][76265036ms] GC(22347) Humongous regions: 5->5
[2023-11-10T11:44:21.404-0800][76265036ms] GC(22347) Metaspace: 304918K->304918K(1349632K)
[2023-11-10T11:44:21.404-0800][76265036ms] GC(22347) Pause Young (Normal) (G1 Evacuation Pause) 3233M->2847M(3602M) 5.847ms
[2023-11-10T11:44:21.405-0800][76265037ms] GC(22347) User=0.00s Sys=0.00s Real=0.01s
[2023-11-10T11:44:21.921-0800][76265553ms] GC(22348) Pause Young (Normal) (G1 Evacuation Pause)
[2023-11-10T11:44:21.921-0800][76265553ms] GC(22348) Using 10 workers of 10 for evacuation
[2023-11-10T11:44:21.926-0800][76265558ms] GC(22348)   Pre Evacuate Collection Set: 0.1ms
[2023-11-10T11:44:21.926-0800][76265558ms] GC(22348)   Evacuate Collection Set: 1.9ms
[2023-11-10T11:44:21.926-0800][76265558ms] GC(22348)   Post Evacuate Collection Set: 3.1ms
[2023-11-10T11:44:21.927-0800][76265559ms] GC(22348)   Other: 0.3ms
[2023-11-10T11:44:21.927-0800][76265559ms] GC(22348) Eden regions: 193->0(193)
[2023-11-10T11:44:21.927-0800][76265559ms] GC(22348) Survivor regions: 1->1(25)
[2023-11-10T11:44:21.927-0800][76265559ms] GC(22348) Old regions: 1419->1419
[2023-11-10T11:44:21.927-0800][76265559ms] GC(22348) Humongous regions: 5->5
[2023-11-10T11:44:21.927-0800][76265559ms] GC(22348) Metaspace: 304918K->304918K(1349632K)
[2023-11-10T11:44:21.927-0800][76265559ms] GC(22348) Pause Young (Normal) (G1 Evacuation Pause) 3233M->2847M(3602M) 5.358ms
[2023-11-10T11:44:21.927-0800][76265559ms] GC(22348) User=0.00s Sys=0.00s Real=0.01s
[2023-11-10T11:44:22.463-0800][76266095ms] GC(22349) Pause Young (Normal) (G1 Evacuation Pause)
[2023-11-10T11:44:22.463-0800][76266095ms] GC(22349) Using 10 workers of 10 for evacuation
[2023-11-10T11:44:22.469-0800][76266101ms] GC(22349)   Pre Evacuate Collection Set: 0.0ms
[2023-11-10T11:44:22.469-0800][76266101ms] GC(22349)   Evacuate Collection Set: 1.7ms
[2023-11-10T11:44:22.469-0800][76266101ms] GC(22349)   Post Evacuate Collection Set: 3.7ms
[2023-11-10T11:44:22.469-0800][76266101ms] GC(22349)   Other: 0.3ms
[2023-11-10T11:44:22.469-0800][76266101ms] GC(22349) Eden regions: 193->0(193)
[2023-11-10T11:44:22.469-0800][76266101ms] GC(22349) Survivor regions: 1->1(25)
[2023-11-10T11:44:22.469-0800][76266101ms] GC(22349) Old regions: 1419->1419
[2023-11-10T11:44:22.469-0800][76266101ms] GC(22349) Humongous regions: 5->5
[2023-11-10T11:44:22.469-0800][76266101ms] GC(22349) Metaspace: 304918K->304918K(1349632K)
[2023-11-10T11:44:22.469-0800][76266101ms] GC(22349) Pause Young (Normal) (G1 Evacuation Pause) 3233M->2847M(3602M) 5.842ms
[2023-11-10T11:44:22.469-0800][76266101ms] GC(22349) User=0.00s Sys=0.00s Real=0.01s
[2023-11-10T11:44:22.956-0800][76266588ms] GC(22350) Pause Young (Normal) (G1 Evacuation Pause)
[2023-11-10T11:44:22.956-0800][76266588ms] GC(22350) Using 10 workers of 10 for evacuation
[2023-11-10T11:44:22.962-0800][76266594ms] GC(22350)   Pre Evacuate Collection Set: 0.1ms
[2023-11-10T11:44:22.962-0800][76266594ms] GC(22350)   Evacuate Collection Set: 2.2ms
[2023-11-10T11:44:22.962-0800][76266594ms] GC(22350)   Post Evacuate Collection Set: 3.9ms
[2023-11-10T11:44:22.962-0800][76266594ms] GC(22350)   Other: 0.3ms
[2023-11-10T11:44:22.962-0800][76266594ms] GC(22350) Eden regions: 193->0(193)
[2023-11-10T11:44:22.962-0800][76266594ms] GC(22350) Survivor regions: 1->1(25)
[2023-11-10T11:44:22.962-0800][76266594ms] GC(22350) Old regions: 1419->1419
[2023-11-10T11:44:22.962-0800][76266594ms] GC(22350) Humongous regions: 5->5
[2023-11-10T11:44:22.962-0800][76266594ms] GC(22350) Metaspace: 304918K->304918K(1349632K)
[2023-11-10T11:44:22.962-0800][76266594ms] GC(22350) Pause Young (Normal) (G1 Evacuation Pause) 3233M->2847M(3602M) 6.636ms
[2023-11-10T11:44:22.962-0800][76266594ms] GC(22350) User=0.00s Sys=0.00s Real=0.01s
[2023-11-10T11:44:23.411-0800][76267043ms] GC(22351) Pause Young (Normal) (G1 Evacuation Pause)
[2023-11-10T11:44:23.411-0800][76267043ms] GC(22351) Using 10 workers of 10 for evacuation
[2023-11-10T11:44:23.418-0800][76267050ms] GC(22351)   Pre Evacuate Collection Set: 0.1ms
[2023-11-10T11:44:23.418-0800][76267050ms] GC(22351)   Evacuate Collection Set: 1.9ms
[2023-11-10T11:44:23.418-0800][76267050ms] GC(22351)   Post Evacuate Collection Set: 4.4ms
[2023-11-10T11:44:23.418-0800][76267050ms] GC(22351)   Other: 0.3ms
[2023-11-10T11:44:23.418-0800][76267050ms] GC(22351) Eden regions: 193->0(193)
[2023-11-10T11:44:23.418-0800][76267050ms] GC(22351) Survivor regions: 1->1(25)
[2023-11-10T11:44:23.418-0800][76267050ms] GC(22351) Old regions: 1419->1419
[2023-11-10T11:44:23.418-0800][76267050ms] GC(22351) Humongous regions: 5->5
[2023-11-10T11:44:23.418-0800][76267050ms] GC(22351) Metaspace: 304918K->304918K(1349632K)
[2023-11-10T11:44:23.418-0800][76267050ms] GC(22351) Pause Young (Normal) (G1 Evacuation Pause) 3233M->2847M(3602M) 6.793ms
[2023-11-10T11:44:23.418-0800][76267050ms] GC(22351) User=0.02s Sys=0.00s Real=0.01s
[2023-11-10T11:44:23.920-0800][76267552ms] GC(22352) Pause Young (Normal) (G1 Evacuation Pause)
[2023-11-10T11:44:23.920-0800][76267552ms] GC(22352) Using 10 workers of 10 for evacuation
[2023-11-10T11:44:23.927-0800][76267559ms] GC(22352)   Pre Evacuate Collection Set: 0.0ms
[2023-11-10T11:44:23.927-0800][76267559ms] GC(22352)   Evacuate Collection Set: 1.8ms
[2023-11-10T11:44:23.927-0800][76267559ms] GC(22352)   Post Evacuate Collection Set: 4.0ms
[2023-11-10T11:44:23.927-0800][76267559ms] GC(22352)   Other: 0.3ms
[2023-11-10T11:44:23.927-0800][76267559ms] GC(22352) Eden regions: 193->0(193)
[2023-11-10T11:44:23.927-0800][76267559ms] GC(22352) Survivor regions: 1->1(25)
[2023-11-10T11:44:23.927-0800][76267559ms] GC(22352) Old regions: 1419->1419
[2023-11-10T11:44:23.927-0800][76267559ms] GC(22352) Humongous regions: 5->5
[2023-11-10T11:44:23.927-0800][76267559ms] GC(22352) Metaspace: 304918K->304918K(1349632K)
[2023-11-10T11:44:23.927-0800][76267559ms] GC(22352) Pause Young (Normal) (G1 Evacuation Pause) 3233M->2847M(3602M) 6.250ms
[2023-11-10T11:44:23.927-0800][76267559ms] GC(22352) User=0.00s Sys=0.00s Real=0.01s
[2023-11-10T11:44:24.489-0800][76268121ms] GC(22353) Pause Young (Normal) (G1 Evacuation Pause)
[2023-11-10T11:44:24.489-0800][76268121ms] GC(22353) Using 10 workers of 10 for evacuation
[2023-11-10T11:44:24.495-0800][76268127ms] GC(22353)   Pre Evacuate Collection Set: 0.1ms
[2023-11-10T11:44:24.495-0800][76268127ms] GC(22353)   Evacuate Collection Set: 2.5ms
[2023-11-10T11:44:24.495-0800][76268127ms] GC(22353)   Post Evacuate Collection Set: 3.3ms
[2023-11-10T11:44:24.495-0800][76268127ms] GC(22353)   Other: 0.3ms
[2023-11-10T11:44:24.495-0800][76268127ms] GC(22353) Eden regions: 193->0(194)
[2023-11-10T11:44:24.495-0800][76268127ms] GC(22353) Survivor regions: 1->1(25)
[2023-11-10T11:44:24.495-0800][76268127ms] GC(22353) Old regions: 1419->1419
[2023-11-10T11:44:24.495-0800][76268127ms] GC(22353) Humongous regions: 5->5
[2023-11-10T11:44:24.495-0800][76268127ms] GC(22353) Metaspace: 304918K->304918K(1349632K)
[2023-11-10T11:44:24.495-0800][76268127ms] GC(22353) Pause Young (Normal) (G1 Evacuation Pause) 3233M->2847M(3602M) 6.322ms
[2023-11-10T11:44:24.495-0800][76268127ms] GC(22353) User=0.02s Sys=0.00s Real=0.01s
[2023-11-10T11:44:25.004-0800][76268636ms] GC(22354) Pause Young (Normal) (G1 Evacuation Pause)
[2023-11-10T11:44:25.004-0800][76268636ms] GC(22354) Using 10 workers of 10 for evacuation
[2023-11-10T11:44:25.011-0800][76268643ms] GC(22354)   Pre Evacuate Collection Set: 0.1ms
[2023-11-10T11:44:25.012-0800][76268644ms] GC(22354)   Evacuate Collection Set: 2.4ms
[2023-11-10T11:44:25.012-0800][76268644ms] GC(22354)   Post Evacuate Collection Set: 4.8ms
[2023-11-10T11:44:25.012-0800][76268644ms] GC(22354)   Other: 0.3ms
[2023-11-10T11:44:25.012-0800][76268644ms] GC(22354) Eden regions: 194->0(194)
[2023-11-10T11:44:25.012-0800][76268644ms] GC(22354) Survivor regions: 1->1(25)
[2023-11-10T11:44:25.012-0800][76268644ms] GC(22354) Old regions: 1419->1419
[2023-11-10T11:44:25.012-0800][76268644ms] GC(22354) Humongous regions: 5->5
[2023-11-10T11:44:25.012-0800][76268644ms] GC(22354) Metaspace: 304918K->304918K(1349632K)
[2023-11-10T11:44:25.012-0800][76268644ms] GC(22354) Pause Young (Normal) (G1 Evacuation Pause) 3235M->2847M(3602M) 7.713ms
[2023-11-10T11:44:25.012-0800][76268644ms] GC(22354) User=0.02s Sys=0.00s Real=0.01s
[2023-11-10T11:44:25.547-0800][76269179ms] GC(22355) Pause Young (Normal) (G1 Evacuation Pause)
[2023-11-10T11:44:25.548-0800][76269180ms] GC(22355) Using 10 workers of 10 for evacuation
[2023-11-10T11:44:25.554-0800][76269186ms] GC(22355)   Pre Evacuate Collection Set: 0.1ms
[2023-11-10T11:44:25.554-0800][76269186ms] GC(22355)   Evacuate Collection Set: 1.9ms
[2023-11-10T11:44:25.554-0800][76269186ms] GC(22355)   Post Evacuate Collection Set: 3.9ms
[2023-11-10T11:44:25.554-0800][76269186ms] GC(22355)   Other: 0.4ms
[2023-11-10T11:44:25.554-0800][76269186ms] GC(22355) Eden regions: 194->0(194)
[2023-11-10T11:44:25.554-0800][76269186ms] GC(22355) Survivor regions: 1->1(25)
[2023-11-10T11:44:25.554-0800][76269186ms] GC(22355) Old regions: 1419->1419
[2023-11-10T11:44:25.554-0800][76269186ms] GC(22355) Humongous regions: 5->5
[2023-11-10T11:44:25.554-0800][76269186ms] GC(22355) Metaspace: 304918K->304918K(1349632K)
[2023-11-10T11:44:25.554-0800][76269186ms] GC(22355) Pause Young (Normal) (G1 Evacuation Pause) 3235M->2847M(3602M) 6.331ms
[2023-11-10T11:44:25.554-0800][76269186ms] GC(22355) User=0.00s Sys=0.02s Real=0.01s
[2023-11-10T11:44:26.172-0800][76269804ms] GC(22356) Pause Young (Normal) (G1 Evacuation Pause)
[2023-11-10T11:44:26.172-0800][76269804ms] GC(22356) Using 10 workers of 10 for evacuation
[2023-11-10T11:44:26.178-0800][76269810ms] GC(22356)   Pre Evacuate Collection Set: 0.0ms
[2023-11-10T11:44:26.178-0800][76269810ms] GC(22356)   Evacuate Collection Set: 2.0ms
[2023-11-10T11:44:26.178-0800][76269810ms] GC(22356)   Post Evacuate Collection Set: 3.2ms
[2023-11-10T11:44:26.178-0800][76269810ms] GC(22356)   Other: 0.3ms
[2023-11-10T11:44:26.178-0800][76269810ms] GC(22356) Eden regions: 194->0(194)
[2023-11-10T11:44:26.178-0800][76269810ms] GC(22356) Survivor regions: 1->1(25)
[2023-11-10T11:44:26.178-0800][76269810ms] GC(22356) Old regions: 1419->1419
[2023-11-10T11:44:26.178-0800][76269810ms] GC(22356) Humongous regions: 5->5
[2023-11-10T11:44:26.178-0800][76269810ms] GC(22356) Metaspace: 304918K->304918K(1349632K)
[2023-11-10T11:44:26.178-0800][76269810ms] GC(22356) Pause Young (Normal) (G1 Evacuation Pause) 3235M->2847M(3602M) 5.574ms
[2023-11-10T11:44:26.178-0800][76269810ms] GC(22356) User=0.00s Sys=0.00s Real=0.01s
[2023-11-10T11:44:26.652-0800][76270284ms] GC(22357) Pause Young (Normal) (G1 Evacuation Pause)
[2023-11-10T11:44:26.652-0800][76270284ms] GC(22357) Using 10 workers of 10 for evacuation
[2023-11-10T11:44:26.657-0800][76270289ms] GC(22357)   Pre Evacuate Collection Set: 0.0ms
[2023-11-10T11:44:26.657-0800][76270289ms] GC(22357)   Evacuate Collection Set: 1.7ms
[2023-11-10T11:44:26.657-0800][76270289ms] GC(22357)   Post Evacuate Collection Set: 3.3ms
[2023-11-10T11:44:26.657-0800][76270289ms] GC(22357)   Other: 0.3ms
[2023-11-10T11:44:26.657-0800][76270289ms] GC(22357) Eden regions: 194->0(194)
[2023-11-10T11:44:26.657-0800][76270289ms] GC(22357) Survivor regions: 1->1(25)
[2023-11-10T11:44:26.657-0800][76270289ms] GC(22357) Old regions: 1419->1419
[2023-11-10T11:44:26.657-0800][76270289ms] GC(22357) Humongous regions: 5->5
[2023-11-10T11:44:26.657-0800][76270289ms] GC(22357) Metaspace: 304918K->304918K(1349632K)
[2023-11-10T11:44:26.657-0800][76270289ms] GC(22357) Pause Young (Normal) (G1 Evacuation Pause) 3235M->2847M(3602M) 5.488ms
[2023-11-10T11:44:26.657-0800][76270289ms] GC(22357) User=0.00s Sys=0.00s Real=0.01s
[2023-11-10T11:44:27.135-0800][76270767ms] GC(22358) Pause Young (Normal) (G1 Evacuation Pause)
[2023-11-10T11:44:27.135-0800][76270767ms] GC(22358) Using 10 workers of 10 for evacuation
[2023-11-10T11:44:27.140-0800][76270772ms] GC(22358)   Pre Evacuate Collection Set: 0.0ms
[2023-11-10T11:44:27.140-0800][76270772ms] GC(22358)   Evacuate Collection Set: 1.8ms
[2023-11-10T11:44:27.140-0800][76270772ms] GC(22358)   Post Evacuate Collection Set: 3.1ms
[2023-11-10T11:44:27.140-0800][76270772ms] GC(22358)   Other: 0.3ms
[2023-11-10T11:44:27.140-0800][76270772ms] GC(22358) Eden regions: 194->0(194)
[2023-11-10T11:44:27.140-0800][76270772ms] GC(22358) Survivor regions: 1->1(25)
[2023-11-10T11:44:27.140-0800][76270772ms] GC(22358) Old regions: 1419->1419
[2023-11-10T11:44:27.140-0800][76270772ms] GC(22358) Humongous regions: 5->5
[2023-11-10T11:44:27.140-0800][76270772ms] GC(22358) Metaspace: 304918K->304918K(1349632K)
[2023-11-10T11:44:27.140-0800][76270772ms] GC(22358) Pause Young (Normal) (G1 Evacuation Pause) 3235M->2847M(3602M) 5.313ms
[2023-11-10T11:44:27.140-0800][76270772ms] GC(22358) User=0.00s Sys=0.00s Real=0.01s
[2023-11-10T11:44:27.644-0800][76271276ms] GC(22359) Pause Young (Normal) (G1 Evacuation Pause)
[2023-11-10T11:44:27.644-0800][76271276ms] GC(22359) Using 10 workers of 10 for evacuation
[2023-11-10T11:44:27.649-0800][76271281ms] GC(22359)   Pre Evacuate Collection Set: 0.0ms
[2023-11-10T11:44:27.649-0800][76271281ms] GC(22359)   Evacuate Collection Set: 1.7ms
[2023-11-10T11:44:27.649-0800][76271281ms] GC(22359)   Post Evacuate Collection Set: 3.6ms
[2023-11-10T11:44:27.649-0800][76271281ms] GC(22359)   Other: 0.3ms
[2023-11-10T11:44:27.649-0800][76271281ms] GC(22359) Eden regions: 194->0(194)
[2023-11-10T11:44:27.649-0800][76271281ms] GC(22359) Survivor regions: 1->1(25)
[2023-11-10T11:44:27.649-0800][76271281ms] GC(22359) Old regions: 1419->1419
[2023-11-10T11:44:27.649-0800][76271281ms] GC(22359) Humongous regions: 5->5
[2023-11-10T11:44:27.649-0800][76271281ms] GC(22359) Metaspace: 304918K->304918K(1349632K)
[2023-11-10T11:44:27.649-0800][76271281ms] GC(22359) Pause Young (Normal) (G1 Evacuation Pause) 3235M->2847M(3602M) 5.652ms
[2023-11-10T11:44:27.649-0800][76271281ms] GC(22359) User=0.00s Sys=0.00s Real=0.00s
[2023-11-10T11:44:28.033-0800][76271665ms] GC(22360) Pause Young (Normal) (G1 Evacuation Pause)
[2023-11-10T11:44:28.033-0800][76271665ms] GC(22360) Using 10 workers of 10 for evacuation
[2023-11-10T11:44:28.038-0800][76271670ms] GC(22360)   Pre Evacuate Collection Set: 0.0ms
[2023-11-10T11:44:28.038-0800][76271670ms] GC(22360)   Evacuate Collection Set: 1.7ms
[2023-11-10T11:44:28.038-0800][76271670ms] GC(22360)   Post Evacuate Collection Set: 3.1ms
[2023-11-10T11:44:28.038-0800][76271670ms] GC(22360)   Other: 0.3ms
[2023-11-10T11:44:28.038-0800][76271670ms] GC(22360) Eden regions: 194->0(194)
[2023-11-10T11:44:28.038-0800][76271670ms] GC(22360) Survivor regions: 1->1(25)
[2023-11-10T11:44:28.038-0800][76271670ms] GC(22360) Old regions: 1419->1419
[2023-11-10T11:44:28.038-0800][76271670ms] GC(22360) Humongous regions: 5->5
[2023-11-10T11:44:28.038-0800][76271670ms] GC(22360) Metaspace: 304918K->304918K(1349632K)
[2023-11-10T11:44:28.038-0800][76271670ms] GC(22360) Pause Young (Normal) (G1 Evacuation Pause) 3235M->2847M(3602M) 5.208ms
[2023-11-10T11:44:28.038-0800][76271670ms] GC(22360) User=0.00s Sys=0.00s Real=0.01s
[2023-11-10T11:44:28.497-0800][76272130ms] GC(22361) Pause Young (Normal) (G1 Evacuation Pause)
[2023-11-10T11:44:28.498-0800][76272130ms] GC(22361) Using 10 workers of 10 for evacuation
[2023-11-10T11:44:28.503-0800][76272135ms] GC(22361)   Pre Evacuate Collection Set: 0.0ms
[2023-11-10T11:44:28.503-0800][76272135ms] GC(22361)   Evacuate Collection Set: 1.6ms
[2023-11-10T11:44:28.503-0800][76272135ms] GC(22361)   Post Evacuate Collection Set: 3.1ms
[2023-11-10T11:44:28.503-0800][76272135ms] GC(22361)   Other: 0.3ms
[2023-11-10T11:44:28.503-0800][76272135ms] GC(22361) Eden regions: 194->0(194)
[2023-11-10T11:44:28.503-0800][76272135ms] GC(22361) Survivor regions: 1->1(25)
[2023-11-10T11:44:28.503-0800][76272135ms] GC(22361) Old regions: 1419->1419
[2023-11-10T11:44:28.503-0800][76272135ms] GC(22361) Humongous regions: 5->5
[2023-11-10T11:44:28.503-0800][76272135ms] GC(22361) Metaspace: 304918K->304918K(1349632K)
[2023-11-10T11:44:28.503-0800][76272135ms] GC(22361) Pause Young (Normal) (G1 Evacuation Pause) 3235M->2847M(3602M) 5.140ms
[2023-11-10T11:44:28.503-0800][76272135ms] GC(22361) User=0.00s Sys=0.00s Real=0.01s
[2023-11-10T11:44:28.940-0800][76272572ms] GC(22362) Pause Young (Normal) (G1 Evacuation Pause)
[2023-11-10T11:44:28.940-0800][76272572ms] GC(22362) Using 10 workers of 10 for evacuation
[2023-11-10T11:44:28.945-0800][76272577ms] GC(22362)   Pre Evacuate Collection Set: 0.0ms
[2023-11-10T11:44:28.945-0800][76272577ms] GC(22362)   Evacuate Collection Set: 1.7ms
[2023-11-10T11:44:28.945-0800][76272577ms] GC(22362)   Post Evacuate Collection Set: 3.1ms
[2023-11-10T11:44:28.945-0800][76272577ms] GC(22362)   Other: 0.2ms
[2023-11-10T11:44:28.945-0800][76272577ms] GC(22362) Eden regions: 194->0(194)
[2023-11-10T11:44:28.945-0800][76272577ms] GC(22362) Survivor regions: 1->1(25)
[2023-11-10T11:44:28.945-0800][76272577ms] GC(22362) Old regions: 1419->1419
[2023-11-10T11:44:28.945-0800][76272577ms] GC(22362) Humongous regions: 5->5
[2023-11-10T11:44:28.945-0800][76272577ms] GC(22362) Metaspace: 304918K->304918K(1349632K)
[2023-11-10T11:44:28.945-0800][76272577ms] GC(22362) Pause Young (Normal) (G1 Evacuation Pause) 3235M->2847M(3602M) 5.153ms
[2023-11-10T11:44:28.945-0800][76272577ms] GC(22362) User=0.00s Sys=0.00s Real=0.00s
[2023-11-10T11:44:29.445-0800][76273077ms] GC(22363) Pause Young (Normal) (G1 Evacuation Pause)
[2023-11-10T11:44:29.445-0800][76273077ms] GC(22363) Using 10 workers of 10 for evacuation
[2023-11-10T11:44:29.450-0800][76273082ms] GC(22363)   Pre Evacuate Collection Set: 0.1ms
[2023-11-10T11:44:29.450-0800][76273082ms] GC(22363)   Evacuate Collection Set: 1.7ms
[2023-11-10T11:44:29.450-0800][76273082ms] GC(22363)   Post Evacuate Collection Set: 3.2ms
[2023-11-10T11:44:29.450-0800][76273082ms] GC(22363)   Other: 0.5ms
[2023-11-10T11:44:29.450-0800][76273082ms] GC(22363) Eden regions: 194->0(194)
[2023-11-10T11:44:29.450-0800][76273082ms] GC(22363) Survivor regions: 1->1(25)
[2023-11-10T11:44:29.450-0800][76273082ms] GC(22363) Old regions: 1419->1419
[2023-11-10T11:44:29.450-0800][76273082ms] GC(22363) Humongous regions: 5->5
[2023-11-10T11:44:29.450-0800][76273082ms] GC(22363) Metaspace: 304918K->304918K(1349632K)
[2023-11-10T11:44:29.450-0800][76273082ms] GC(22363) Pause Young (Normal) (G1 Evacuation Pause) 3235M->2847M(3602M) 5.528ms
[2023-11-10T11:44:29.450-0800][76273082ms] GC(22363) User=0.00s Sys=0.00s Real=0.01s
[2023-11-10T11:44:29.904-0800][76273536ms] GC(22364) Pause Young (Normal) (G1 Evacuation Pause)
[2023-11-10T11:44:29.904-0800][76273536ms] GC(22364) Using 10 workers of 10 for evacuation
[2023-11-10T11:44:29.909-0800][76273541ms] GC(22364)   Pre Evacuate Collection Set: 0.0ms
[2023-11-10T11:44:29.909-0800][76273541ms] GC(22364)   Evacuate Collection Set: 1.7ms
[2023-11-10T11:44:29.909-0800][76273541ms] GC(22364)   Post Evacuate Collection Set: 3.0ms
[2023-11-10T11:44:29.909-0800][76273541ms] GC(22364)   Other: 0.2ms
[2023-11-10T11:44:29.909-0800][76273541ms] GC(22364) Eden regions: 194->0(194)
[2023-11-10T11:44:29.909-0800][76273541ms] GC(22364) Survivor regions: 1->1(25)
[2023-11-10T11:44:29.909-0800][76273541ms] GC(22364) Old regions: 1419->1419
[2023-11-10T11:44:29.909-0800][76273541ms] GC(22364) Humongous regions: 5->5
[2023-11-10T11:44:29.909-0800][76273541ms] GC(22364) Metaspace: 304918K->304918K(1349632K)
[2023-11-10T11:44:29.909-0800][76273541ms] GC(22364) Pause Young (Normal) (G1 Evacuation Pause) 3235M->2847M(3602M) 5.046ms
[2023-11-10T11:44:29.909-0800][76273541ms] GC(22364) User=0.00s Sys=0.00s Real=0.00s
[2023-11-10T11:44:30.387-0800][76274019ms] GC(22365) Pause Young (Normal) (G1 Evacuation Pause)
[2023-11-10T11:44:30.387-0800][76274019ms] GC(22365) Using 10 workers of 10 for evacuation
[2023-11-10T11:44:30.394-0800][76274026ms] GC(22365)   Pre Evacuate Collection Set: 0.0ms
[2023-11-10T11:44:30.394-0800][76274026ms] GC(22365)   Evacuate Collection Set: 1.7ms
[2023-11-10T11:44:30.394-0800][76274026ms] GC(22365)   Post Evacuate Collection Set: 3.6ms
[2023-11-10T11:44:30.394-0800][76274026ms] GC(22365)   Other: 0.3ms
[2023-11-10T11:44:30.394-0800][76274026ms] GC(22365) Eden regions: 194->0(194)
[2023-11-10T11:44:30.394-0800][76274026ms] GC(22365) Survivor regions: 1->1(25)
[2023-11-10T11:44:30.394-0800][76274026ms] GC(22365) Old regions: 1419->1419
[2023-11-10T11:44:30.394-0800][76274026ms] GC(22365) Humongous regions: 5->5
[2023-11-10T11:44:30.394-0800][76274026ms] GC(22365) Metaspace: 304918K->304918K(1349632K)
[2023-11-10T11:44:30.394-0800][76274026ms] GC(22365) Pause Young (Normal) (G1 Evacuation Pause) 3235M->2847M(3602M) 5.725ms
[2023-11-10T11:44:30.394-0800][76274026ms] GC(22365) User=0.00s Sys=0.00s Real=0.01s
[2023-11-10T11:44:30.880-0800][76274512ms] GC(22366) Pause Young (Normal) (G1 Evacuation Pause)
[2023-11-10T11:44:30.880-0800][76274512ms] GC(22366) Using 10 workers of 10 for evacuation
[2023-11-10T11:44:30.886-0800][76274518ms] GC(22366)   Pre Evacuate Collection Set: 0.1ms
[2023-11-10T11:44:30.886-0800][76274518ms] GC(22366)   Evacuate Collection Set: 2.1ms
[2023-11-10T11:44:30.886-0800][76274518ms] GC(22366)   Post Evacuate Collection Set: 3.2ms
[2023-11-10T11:44:30.886-0800][76274518ms] GC(22366)   Other: 0.4ms
[2023-11-10T11:44:30.886-0800][76274518ms] GC(22366) Eden regions: 194->0(194)
[2023-11-10T11:44:30.886-0800][76274518ms] GC(22366) Survivor regions: 1->1(25)
[2023-11-10T11:44:30.886-0800][76274518ms] GC(22366) Old regions: 1419->1419
[2023-11-10T11:44:30.886-0800][76274518ms] GC(22366) Humongous regions: 5->5
[2023-11-10T11:44:30.886-0800][76274518ms] GC(22366) Metaspace: 304918K->304918K(1349632K)
[2023-11-10T11:44:30.886-0800][76274518ms] GC(22366) Pause Young (Normal) (G1 Evacuation Pause) 3235M->2847M(3602M) 5.879ms
[2023-11-10T11:44:30.886-0800][76274518ms] GC(22366) User=0.02s Sys=0.00s Real=0.01s
[2023-11-10T11:44:31.360-0800][76274992ms] GC(22367) Pause Young (Normal) (G1 Evacuation Pause)
[2023-11-10T11:44:31.360-0800][76274992ms] GC(22367) Using 10 workers of 10 for evacuation
[2023-11-10T11:44:31.366-0800][76274998ms] GC(22367)   Pre Evacuate Collection Set: 0.0ms
[2023-11-10T11:44:31.366-0800][76274998ms] GC(22367)   Evacuate Collection Set: 2.1ms
[2023-11-10T11:44:31.366-0800][76274998ms] GC(22367)   Post Evacuate Collection Set: 3.5ms
[2023-11-10T11:44:31.366-0800][76274998ms] GC(22367)   Other: 0.3ms
[2023-11-10T11:44:31.366-0800][76274998ms] GC(22367) Eden regions: 194->0(194)
[2023-11-10T11:44:31.366-0800][76274998ms] GC(22367) Survivor regions: 1->1(25)
[2023-11-10T11:44:31.366-0800][76274998ms] GC(22367) Old regions: 1419->1419
[2023-11-10T11:44:31.366-0800][76274998ms] GC(22367) Humongous regions: 5->5
[2023-11-10T11:44:31.366-0800][76274998ms] GC(22367) Metaspace: 304918K->304918K(1349632K)
[2023-11-10T11:44:31.366-0800][76274998ms] GC(22367) Pause Young (Normal) (G1 Evacuation Pause) 3235M->2847M(3602M) 6.015ms
[2023-11-10T11:44:31.366-0800][76274998ms] GC(22367) User=0.00s Sys=0.00s Real=0.01s
[2023-11-10T11:44:31.913-0800][76275545ms] GC(22368) Pause Young (Normal) (G1 Evacuation Pause)
[2023-11-10T11:44:31.913-0800][76275545ms] GC(22368) Using 10 workers of 10 for evacuation
[2023-11-10T11:44:31.919-0800][76275551ms] GC(22368)   Pre Evacuate Collection Set: 0.1ms
[2023-11-10T11:44:31.919-0800][76275551ms] GC(22368)   Evacuate Collection Set: 2.5ms
[2023-11-10T11:44:31.919-0800][76275551ms] GC(22368)   Post Evacuate Collection Set: 3.3ms
[2023-11-10T11:44:31.919-0800][76275551ms] GC(22368)   Other: 0.3ms
[2023-11-10T11:44:31.919-0800][76275551ms] GC(22368) Eden regions: 194->0(194)
[2023-11-10T11:44:31.919-0800][76275551ms] GC(22368) Survivor regions: 1->1(25)
[2023-11-10T11:44:31.919-0800][76275551ms] GC(22368) Old regions: 1419->1419
[2023-11-10T11:44:31.919-0800][76275551ms] GC(22368) Humongous regions: 5->5
[2023-11-10T11:44:31.919-0800][76275551ms] GC(22368) Metaspace: 304918K->304918K(1349632K)
[2023-11-10T11:44:31.919-0800][76275551ms] GC(22368) Pause Young (Normal) (G1 Evacuation Pause) 3235M->2847M(3602M) 6.220ms
[2023-11-10T11:44:31.919-0800][76275551ms] GC(22368) User=0.05s Sys=0.00s Real=0.01s
[2023-11-10T11:44:32.430-0800][76276062ms] GC(22369) Pause Young (Normal) (G1 Evacuation Pause)
[2023-11-10T11:44:32.430-0800][76276062ms] GC(22369) Using 10 workers of 10 for evacuation
[2023-11-10T11:44:32.439-0800][76276071ms] GC(22369)   Pre Evacuate Collection Set: 0.2ms
[2023-11-10T11:44:32.439-0800][76276071ms] GC(22369)   Evacuate Collection Set: 2.4ms
[2023-11-10T11:44:32.439-0800][76276071ms] GC(22369)   Post Evacuate Collection Set: 5.9ms
[2023-11-10T11:44:32.439-0800][76276071ms] GC(22369)   Other: 0.5ms
[2023-11-10T11:44:32.439-0800][76276071ms] GC(22369) Eden regions: 194->0(194)
[2023-11-10T11:44:32.439-0800][76276071ms] GC(22369) Survivor regions: 1->1(25)
[2023-11-10T11:44:32.439-0800][76276071ms] GC(22369) Old regions: 1419->1419
[2023-11-10T11:44:32.439-0800][76276071ms] GC(22369) Humongous regions: 5->5
[2023-11-10T11:44:32.439-0800][76276071ms] GC(22369) Metaspace: 304918K->304918K(1349632K)
[2023-11-10T11:44:32.439-0800][76276071ms] GC(22369) Pause Young (Normal) (G1 Evacuation Pause) 3235M->2847M(3602M) 9.035ms
[2023-11-10T11:44:32.439-0800][76276071ms] GC(22369) User=0.00s Sys=0.00s Real=0.01s
[2023-11-10T11:44:32.942-0800][76276574ms] GC(22370) Pause Young (Normal) (G1 Evacuation Pause)
[2023-11-10T11:44:32.942-0800][76276574ms] GC(22370) Using 10 workers of 10 for evacuation
[2023-11-10T11:44:32.948-0800][76276580ms] GC(22370)   Pre Evacuate Collection Set: 0.1ms
[2023-11-10T11:44:32.948-0800][76276580ms] GC(22370)   Evacuate Collection Set: 2.1ms
[2023-11-10T11:44:32.948-0800][76276580ms] GC(22370)   Post Evacuate Collection Set: 4.0ms
[2023-11-10T11:44:32.948-0800][76276580ms] GC(22370)   Other: 0.3ms
[2023-11-10T11:44:32.948-0800][76276580ms] GC(22370) Eden regions: 194->0(194)
[2023-11-10T11:44:32.948-0800][76276580ms] GC(22370) Survivor regions: 1->1(25)
[2023-11-10T11:44:32.948-0800][76276580ms] GC(22370) Old regions: 1419->1419
[2023-11-10T11:44:32.948-0800][76276580ms] GC(22370) Humongous regions: 5->5
[2023-11-10T11:44:32.948-0800][76276580ms] GC(22370) Metaspace: 304918K->304918K(1349632K)
[2023-11-10T11:44:32.948-0800][76276580ms] GC(22370) Pause Young (Normal) (G1 Evacuation Pause) 3235M->2847M(3602M) 6.602ms
[2023-11-10T11:44:32.948-0800][76276580ms] GC(22370) User=0.02s Sys=0.00s Real=0.01s
[2023-11-10T11:44:33.413-0800][76277045ms] GC(22371) Pause Young (Normal) (G1 Evacuation Pause)
[2023-11-10T11:44:33.413-0800][76277045ms] GC(22371) Using 10 workers of 10 for evacuation
[2023-11-10T11:44:33.420-0800][76277052ms] GC(22371)   Pre Evacuate Collection Set: 0.1ms
[2023-11-10T11:44:33.420-0800][76277052ms] GC(22371)   Evacuate Collection Set: 2.4ms
[2023-11-10T11:44:33.420-0800][76277052ms] GC(22371)   Post Evacuate Collection Set: 5.0ms
[2023-11-10T11:44:33.420-0800][76277052ms] GC(22371)   Other: 0.4ms
[2023-11-10T11:44:33.420-0800][76277052ms] GC(22371) Eden regions: 194->0(194)
[2023-11-10T11:44:33.420-0800][76277052ms] GC(22371) Survivor regions: 1->1(25)
[2023-11-10T11:44:33.420-0800][76277052ms] GC(22371) Old regions: 1419->1419
[2023-11-10T11:44:33.420-0800][76277052ms] GC(22371) Humongous regions: 5->5
[2023-11-10T11:44:33.420-0800][76277052ms] GC(22371) Metaspace: 304918K->304918K(1349632K)
[2023-11-10T11:44:33.421-0800][76277053ms] GC(22371) Pause Young (Normal) (G1 Evacuation Pause) 3235M->2847M(3602M) 7.861ms
[2023-11-10T11:44:33.421-0800][76277053ms] GC(22371) User=0.00s Sys=0.00s Real=0.01s
[2023-11-10T11:44:33.874-0800][76277506ms] GC(22372) Pause Young (Normal) (G1 Evacuation Pause)
[2023-11-10T11:44:33.874-0800][76277506ms] GC(22372) Using 10 workers of 10 for evacuation
[2023-11-10T11:44:33.879-0800][76277511ms] GC(22372)   Pre Evacuate Collection Set: 0.0ms
[2023-11-10T11:44:33.879-0800][76277511ms] GC(22372)   Evacuate Collection Set: 1.9ms
[2023-11-10T11:44:33.879-0800][76277511ms] GC(22372)   Post Evacuate Collection Set: 3.2ms
[2023-11-10T11:44:33.879-0800][76277511ms] GC(22372)   Other: 0.3ms
[2023-11-10T11:44:33.879-0800][76277511ms] GC(22372) Eden regions: 194->0(194)
[2023-11-10T11:44:33.879-0800][76277511ms] GC(22372) Survivor regions: 1->1(25)
[2023-11-10T11:44:33.879-0800][76277511ms] GC(22372) Old regions: 1419->1419
[2023-11-10T11:44:33.879-0800][76277511ms] GC(22372) Humongous regions: 5->5
[2023-11-10T11:44:33.879-0800][76277511ms] GC(22372) Metaspace: 304918K->304918K(1349632K)
[2023-11-10T11:44:33.879-0800][76277511ms] GC(22372) Pause Young (Normal) (G1 Evacuation Pause) 3235M->2848M(3602M) 5.606ms
[2023-11-10T11:44:33.879-0800][76277511ms] GC(22372) User=0.00s Sys=0.00s Real=0.00s
[2023-11-10T11:44:34.378-0800][76278010ms] GC(22373) Pause Young (Normal) (G1 Evacuation Pause)
[2023-11-10T11:44:34.378-0800][76278010ms] GC(22373) Using 10 workers of 10 for evacuation
[2023-11-10T11:44:34.384-0800][76278016ms] GC(22373)   Pre Evacuate Collection Set: 0.1ms
[2023-11-10T11:44:34.384-0800][76278016ms] GC(22373)   Evacuate Collection Set: 2.0ms
[2023-11-10T11:44:34.384-0800][76278016ms] GC(22373)   Post Evacuate Collection Set: 3.1ms
[2023-11-10T11:44:34.384-0800][76278016ms] GC(22373)   Other: 0.5ms
[2023-11-10T11:44:34.384-0800][76278016ms] GC(22373) Eden regions: 194->0(194)
[2023-11-10T11:44:34.384-0800][76278016ms] GC(22373) Survivor regions: 1->1(25)
[2023-11-10T11:44:34.384-0800][76278016ms] GC(22373) Old regions: 1419->1419
[2023-11-10T11:44:34.384-0800][76278016ms] GC(22373) Humongous regions: 5->5
[2023-11-10T11:44:34.384-0800][76278016ms] GC(22373) Metaspace: 304918K->304918K(1349632K)
[2023-11-10T11:44:34.384-0800][76278016ms] GC(22373) Pause Young (Normal) (G1 Evacuation Pause) 3236M->2847M(3602M) 5.786ms
[2023-11-10T11:44:34.384-0800][76278016ms] GC(22373) User=0.00s Sys=0.00s Real=0.01s
[2023-11-10T11:44:34.923-0800][76278555ms] GC(22374) Pause Young (Normal) (G1 Evacuation Pause)
[2023-11-10T11:44:34.923-0800][76278555ms] GC(22374) Using 10 workers of 10 for evacuation
[2023-11-10T11:44:34.931-0800][76278563ms] GC(22374)   Pre Evacuate Collection Set: 0.1ms
[2023-11-10T11:44:34.931-0800][76278563ms] GC(22374)   Evacuate Collection Set: 2.9ms
[2023-11-10T11:44:34.931-0800][76278563ms] GC(22374)   Post Evacuate Collection Set: 4.2ms
[2023-11-10T11:44:34.931-0800][76278563ms] GC(22374)   Other: 0.6ms
[2023-11-10T11:44:34.931-0800][76278563ms] GC(22374) Eden regions: 194->0(194)
[2023-11-10T11:44:34.931-0800][76278563ms] GC(22374) Survivor regions: 1->1(25)
[2023-11-10T11:44:34.931-0800][76278563ms] GC(22374) Old regions: 1419->1419
[2023-11-10T11:44:34.931-0800][76278563ms] GC(22374) Humongous regions: 5->5
[2023-11-10T11:44:34.931-0800][76278563ms] GC(22374) Metaspace: 304918K->304918K(1349632K)
[2023-11-10T11:44:34.931-0800][76278563ms] GC(22374) Pause Young (Normal) (G1 Evacuation Pause) 3235M->2848M(3602M) 7.857ms
[2023-11-10T11:44:34.931-0800][76278563ms] GC(22374) User=0.00s Sys=0.00s Real=0.01s
[2023-11-10T11:44:35.441-0800][76279073ms] GC(22375) Pause Young (Normal) (G1 Evacuation Pause)
[2023-11-10T11:44:35.441-0800][76279073ms] GC(22375) Using 10 workers of 10 for evacuation
[2023-11-10T11:44:35.447-0800][76279079ms] GC(22375)   Pre Evacuate Collection Set: 0.0ms
[2023-11-10T11:44:35.447-0800][76279079ms] GC(22375)   Evacuate Collection Set: 1.7ms
[2023-11-10T11:44:35.447-0800][76279079ms] GC(22375)   Post Evacuate Collection Set: 3.3ms
[2023-11-10T11:44:35.447-0800][76279079ms] GC(22375)   Other: 0.3ms
[2023-11-10T11:44:35.447-0800][76279079ms] GC(22375) Eden regions: 194->0(194)
[2023-11-10T11:44:35.447-0800][76279079ms] GC(22375) Survivor regions: 1->1(25)
[2023-11-10T11:44:35.447-0800][76279079ms] GC(22375) Old regions: 1419->1419
[2023-11-10T11:44:35.447-0800][76279079ms] GC(22375) Humongous regions: 5->5
[2023-11-10T11:44:35.447-0800][76279079ms] GC(22375) Metaspace: 304918K->304918K(1349632K)
[2023-11-10T11:44:35.447-0800][76279079ms] GC(22375) Pause Young (Normal) (G1 Evacuation Pause) 3236M->2847M(3602M) 5.377ms
[2023-11-10T11:44:35.447-0800][76279079ms] GC(22375) User=0.02s Sys=0.00s Real=0.01s
[2023-11-10T11:44:35.901-0800][76279533ms] GC(22376) Pause Young (Normal) (G1 Evacuation Pause)
[2023-11-10T11:44:35.901-0800][76279533ms] GC(22376) Using 10 workers of 10 for evacuation
[2023-11-10T11:44:35.907-0800][76279539ms] GC(22376)   Pre Evacuate Collection Set: 0.1ms
[2023-11-10T11:44:35.907-0800][76279539ms] GC(22376)   Evacuate Collection Set: 1.5ms
[2023-11-10T11:44:35.907-0800][76279539ms] GC(22376)   Post Evacuate Collection Set: 4.4ms
[2023-11-10T11:44:35.907-0800][76279539ms] GC(22376)   Other: 0.3ms
[2023-11-10T11:44:35.907-0800][76279539ms] GC(22376) Eden regions: 194->0(194)
[2023-11-10T11:44:35.907-0800][76279539ms] GC(22376) Survivor regions: 1->1(25)
[2023-11-10T11:44:35.907-0800][76279539ms] GC(22376) Old regions: 1419->1419
[2023-11-10T11:44:35.907-0800][76279539ms] GC(22376) Humongous regions: 5->5
[2023-11-10T11:44:35.907-0800][76279539ms] GC(22376) Metaspace: 304918K->304918K(1349632K)
[2023-11-10T11:44:35.907-0800][76279539ms] GC(22376) Pause Young (Normal) (G1 Evacuation Pause) 3235M->2847M(3602M) 6.495ms
[2023-11-10T11:44:35.907-0800][76279539ms] GC(22376) User=0.00s Sys=0.00s Real=0.01s
[2023-11-10T11:44:36.393-0800][76280025ms] GC(22377) Pause Young (Normal) (G1 Evacuation Pause)
[2023-11-10T11:44:36.393-0800][76280025ms] GC(22377) Using 10 workers of 10 for evacuation
[2023-11-10T11:44:36.398-0800][76280030ms] GC(22377)   Pre Evacuate Collection Set: 0.1ms
[2023-11-10T11:44:36.398-0800][76280030ms] GC(22377)   Evacuate Collection Set: 1.9ms
[2023-11-10T11:44:36.398-0800][76280030ms] GC(22377)   Post Evacuate Collection Set: 3.2ms
[2023-11-10T11:44:36.398-0800][76280030ms] GC(22377)   Other: 0.3ms
[2023-11-10T11:44:36.398-0800][76280030ms] GC(22377) Eden regions: 194->0(194)
[2023-11-10T11:44:36.398-0800][76280030ms] GC(22377) Survivor regions: 1->1(25)
[2023-11-10T11:44:36.398-0800][76280030ms] GC(22377) Old regions: 1419->1419
[2023-11-10T11:44:36.398-0800][76280030ms] GC(22377) Humongous regions: 5->5
[2023-11-10T11:44:36.398-0800][76280030ms] GC(22377) Metaspace: 304918K->304918K(1349632K)
[2023-11-10T11:44:36.398-0800][76280030ms] GC(22377) Pause Young (Normal) (G1 Evacuation Pause) 3235M->2847M(3602M) 5.625ms
[2023-11-10T11:44:36.398-0800][76280030ms] GC(22377) User=0.00s Sys=0.00s Real=0.01s
[2023-11-10T11:44:36.844-0800][76280476ms] GC(22378) Pause Young (Normal) (G1 Evacuation Pause)
[2023-11-10T11:44:36.844-0800][76280476ms] GC(22378) Using 10 workers of 10 for evacuation
[2023-11-10T11:44:36.849-0800][76280481ms] GC(22378)   Pre Evacuate Collection Set: 0.0ms
[2023-11-10T11:44:36.849-0800][76280481ms] GC(22378)   Evacuate Collection Set: 1.8ms
[2023-11-10T11:44:36.849-0800][76280481ms] GC(22378)   Post Evacuate Collection Set: 3.9ms
[2023-11-10T11:44:36.849-0800][76280481ms] GC(22378)   Other: 0.3ms
[2023-11-10T11:44:36.849-0800][76280481ms] GC(22378) Eden regions: 194->0(194)
[2023-11-10T11:44:36.849-0800][76280481ms] GC(22378) Survivor regions: 1->1(25)
[2023-11-10T11:44:36.849-0800][76280481ms] GC(22378) Old regions: 1419->1419
[2023-11-10T11:44:36.849-0800][76280481ms] GC(22378) Humongous regions: 5->5
[2023-11-10T11:44:36.849-0800][76280481ms] GC(22378) Metaspace: 304918K->304918K(1349632K)
[2023-11-10T11:44:36.849-0800][76280481ms] GC(22378) Pause Young (Normal) (G1 Evacuation Pause) 3235M->2847M(3602M) 6.166ms
[2023-11-10T11:44:36.849-0800][76280481ms] GC(22378) User=0.00s Sys=0.00s Real=0.00s
[2023-11-10T11:44:37.283-0800][76280915ms] GC(22379) Pause Young (Normal) (G1 Evacuation Pause)
[2023-11-10T11:44:37.283-0800][76280915ms] GC(22379) Using 10 workers of 10 for evacuation
[2023-11-10T11:44:37.288-0800][76280920ms] GC(22379)   Pre Evacuate Collection Set: 0.0ms
[2023-11-10T11:44:37.288-0800][76280920ms] GC(22379)   Evacuate Collection Set: 1.7ms
[2023-11-10T11:44:37.288-0800][76280920ms] GC(22379)   Post Evacuate Collection Set: 3.1ms
[2023-11-10T11:44:37.288-0800][76280920ms] GC(22379)   Other: 0.3ms
[2023-11-10T11:44:37.288-0800][76280920ms] GC(22379) Eden regions: 194->0(194)
[2023-11-10T11:44:37.288-0800][76280920ms] GC(22379) Survivor regions: 1->1(25)
[2023-11-10T11:44:37.288-0800][76280920ms] GC(22379) Old regions: 1419->1419
[2023-11-10T11:44:37.288-0800][76280920ms] GC(22379) Humongous regions: 5->5
[2023-11-10T11:44:37.288-0800][76280920ms] GC(22379) Metaspace: 304918K->304918K(1349632K)
[2023-11-10T11:44:37.288-0800][76280920ms] GC(22379) Pause Young (Normal) (G1 Evacuation Pause) 3235M->2847M(3602M) 5.102ms
[2023-11-10T11:44:37.288-0800][76280920ms] GC(22379) User=0.00s Sys=0.00s Real=0.01s
[2023-11-10T11:44:37.794-0800][76281426ms] GC(22380) Pause Young (Normal) (G1 Evacuation Pause)
[2023-11-10T11:44:37.794-0800][76281426ms] GC(22380) Using 10 workers of 10 for evacuation
[2023-11-10T11:44:37.799-0800][76281431ms] GC(22380)   Pre Evacuate Collection Set: 0.1ms
[2023-11-10T11:44:37.799-0800][76281431ms] GC(22380)   Evacuate Collection Set: 1.7ms
[2023-11-10T11:44:37.799-0800][76281431ms] GC(22380)   Post Evacuate Collection Set: 3.2ms
[2023-11-10T11:44:37.799-0800][76281431ms] GC(22380)   Other: 0.3ms
[2023-11-10T11:44:37.799-0800][76281431ms] GC(22380) Eden regions: 194->0(194)
[2023-11-10T11:44:37.799-0800][76281431ms] GC(22380) Survivor regions: 1->1(25)
[2023-11-10T11:44:37.799-0800][76281431ms] GC(22380) Old regions: 1419->1419
[2023-11-10T11:44:37.799-0800][76281431ms] GC(22380) Humongous regions: 5->5
[2023-11-10T11:44:37.799-0800][76281431ms] GC(22380) Metaspace: 304918K->304918K(1349632K)
[2023-11-10T11:44:37.799-0800][76281431ms] GC(22380) Pause Young (Normal) (G1 Evacuation Pause) 3235M->2847M(3602M) 5.331ms
[2023-11-10T11:44:37.799-0800][76281431ms] GC(22380) User=0.00s Sys=0.00s Real=0.01s
[2023-11-10T11:44:38.221-0800][76281853ms] GC(22381) Pause Young (Normal) (G1 Evacuation Pause)
[2023-11-10T11:44:38.221-0800][76281853ms] GC(22381) Using 10 workers of 10 for evacuation
[2023-11-10T11:44:38.227-0800][76281859ms] GC(22381)   Pre Evacuate Collection Set: 0.0ms
[2023-11-10T11:44:38.227-0800][76281859ms] GC(22381)   Evacuate Collection Set: 1.7ms
[2023-11-10T11:44:38.227-0800][76281859ms] GC(22381)   Post Evacuate Collection Set: 3.0ms
[2023-11-10T11:44:38.227-0800][76281859ms] GC(22381)   Other: 0.3ms
[2023-11-10T11:44:38.227-0800][76281859ms] GC(22381) Eden regions: 194->0(194)
[2023-11-10T11:44:38.227-0800][76281859ms] GC(22381) Survivor regions: 1->1(25)
[2023-11-10T11:44:38.227-0800][76281859ms] GC(22381) Old regions: 1419->1419
[2023-11-10T11:44:38.227-0800][76281859ms] GC(22381) Humongous regions: 5->5
[2023-11-10T11:44:38.227-0800][76281859ms] GC(22381) Metaspace: 304918K->304918K(1349632K)
[2023-11-10T11:44:38.227-0800][76281859ms] GC(22381) Pause Young (Normal) (G1 Evacuation Pause) 3235M->2847M(3602M) 5.061ms
[2023-11-10T11:44:38.227-0800][76281859ms] GC(22381) User=0.00s Sys=0.00s Real=0.01s
[2023-11-10T11:44:38.670-0800][76282302ms] GC(22382) Pause Young (Normal) (G1 Evacuation Pause)
[2023-11-10T11:44:38.670-0800][76282302ms] GC(22382) Using 10 workers of 10 for evacuation
[2023-11-10T11:44:38.676-0800][76282308ms] GC(22382)   Pre Evacuate Collection Set: 0.0ms
[2023-11-10T11:44:38.676-0800][76282308ms] GC(22382)   Evacuate Collection Set: 1.7ms
[2023-11-10T11:44:38.676-0800][76282308ms] GC(22382)   Post Evacuate Collection Set: 3.8ms
[2023-11-10T11:44:38.676-0800][76282308ms] GC(22382)   Other: 0.3ms
[2023-11-10T11:44:38.676-0800][76282308ms] GC(22382) Eden regions: 194->0(194)
[2023-11-10T11:44:38.676-0800][76282308ms] GC(22382) Survivor regions: 1->1(25)
[2023-11-10T11:44:38.676-0800][76282308ms] GC(22382) Old regions: 1419->1419
[2023-11-10T11:44:38.676-0800][76282308ms] GC(22382) Humongous regions: 5->5
[2023-11-10T11:44:38.676-0800][76282308ms] GC(22382) Metaspace: 304918K->304918K(1349632K)
[2023-11-10T11:44:38.676-0800][76282308ms] GC(22382) Pause Young (Normal) (G1 Evacuation Pause) 3235M->2847M(3602M) 6.021ms
[2023-11-10T11:44:38.676-0800][76282308ms] GC(22382) User=0.00s Sys=0.00s Real=0.01s
[2023-11-10T11:44:39.083-0800][76282715ms] GC(22383) Pause Young (Normal) (G1 Evacuation Pause)
[2023-11-10T11:44:39.083-0800][76282715ms] GC(22383) Using 10 workers of 10 for evacuation
[2023-11-10T11:44:39.089-0800][76282721ms] GC(22383)   Pre Evacuate Collection Set: 0.0ms
[2023-11-10T11:44:39.089-0800][76282721ms] GC(22383)   Evacuate Collection Set: 1.7ms
[2023-11-10T11:44:39.089-0800][76282721ms] GC(22383)   Post Evacuate Collection Set: 3.0ms
[2023-11-10T11:44:39.089-0800][76282721ms] GC(22383)   Other: 0.3ms
[2023-11-10T11:44:39.089-0800][76282721ms] GC(22383) Eden regions: 194->0(194)
[2023-11-10T11:44:39.089-0800][76282721ms] GC(22383) Survivor regions: 1->1(25)
[2023-11-10T11:44:39.089-0800][76282721ms] GC(22383) Old regions: 1419->1419
[2023-11-10T11:44:39.089-0800][76282721ms] GC(22383) Humongous regions: 5->5
[2023-11-10T11:44:39.089-0800][76282721ms] GC(22383) Metaspace: 304918K->304918K(1349632K)
[2023-11-10T11:44:39.089-0800][76282721ms] GC(22383) Pause Young (Normal) (G1 Evacuation Pause) 3235M->2848M(3602M) 5.092ms
[2023-11-10T11:44:39.089-0800][76282721ms] GC(22383) User=0.05s Sys=0.00s Real=0.01s
[2023-11-10T11:44:39.540-0800][76283172ms] GC(22384) Pause Young (Normal) (G1 Evacuation Pause)
[2023-11-10T11:44:39.540-0800][76283172ms] GC(22384) Using 10 workers of 10 for evacuation
[2023-11-10T11:44:39.545-0800][76283177ms] GC(22384)   Pre Evacuate Collection Set: 0.0ms
[2023-11-10T11:44:39.545-0800][76283177ms] GC(22384)   Evacuate Collection Set: 1.7ms
[2023-11-10T11:44:39.545-0800][76283177ms] GC(22384)   Post Evacuate Collection Set: 3.1ms
[2023-11-10T11:44:39.545-0800][76283177ms] GC(22384)   Other: 0.2ms
[2023-11-10T11:44:39.545-0800][76283177ms] GC(22384) Eden regions: 194->0(194)
[2023-11-10T11:44:39.545-0800][76283177ms] GC(22384) Survivor regions: 1->1(25)
[2023-11-10T11:44:39.545-0800][76283177ms] GC(22384) Old regions: 1419->1419
[2023-11-10T11:44:39.545-0800][76283177ms] GC(22384) Humongous regions: 5->5
[2023-11-10T11:44:39.545-0800][76283177ms] GC(22384) Metaspace: 304918K->304918K(1349632K)
[2023-11-10T11:44:39.545-0800][76283177ms] GC(22384) Pause Young (Normal) (G1 Evacuation Pause) 3236M->2847M(3602M) 5.185ms
[2023-11-10T11:44:39.545-0800][76283177ms] GC(22384) User=0.00s Sys=0.00s Real=0.01s
[2023-11-10T11:44:39.986-0800][76283618ms] GC(22385) Pause Young (Normal) (G1 Evacuation Pause)
[2023-11-10T11:44:39.986-0800][76283618ms] GC(22385) Using 10 workers of 10 for evacuation
[2023-11-10T11:44:39.991-0800][76283623ms] GC(22385)   Pre Evacuate Collection Set: 0.0ms
[2023-11-10T11:44:39.991-0800][76283623ms] GC(22385)   Evacuate Collection Set: 1.6ms
[2023-11-10T11:44:39.991-0800][76283623ms] GC(22385)   Post Evacuate Collection Set: 3.4ms
[2023-11-10T11:44:39.991-0800][76283623ms] GC(22385)   Other: 0.3ms
[2023-11-10T11:44:39.991-0800][76283623ms] GC(22385) Eden regions: 194->0(194)
[2023-11-10T11:44:39.991-0800][76283623ms] GC(22385) Survivor regions: 1->1(25)
[2023-11-10T11:44:39.991-0800][76283623ms] GC(22385) Old regions: 1419->1419
[2023-11-10T11:44:39.991-0800][76283623ms] GC(22385) Humongous regions: 5->5
[2023-11-10T11:44:39.991-0800][76283623ms] GC(22385) Metaspace: 304918K->304918K(1349632K)
[2023-11-10T11:44:39.991-0800][76283623ms] GC(22385) Pause Young (Normal) (G1 Evacuation Pause) 3235M->2847M(3602M) 5.444ms
[2023-11-10T11:44:39.991-0800][76283623ms] GC(22385) User=0.00s Sys=0.00s Real=0.00s
[2023-11-10T11:44:40.452-0800][76284084ms] GC(22386) Pause Young (Normal) (G1 Evacuation Pause)
[2023-11-10T11:44:40.452-0800][76284084ms] GC(22386) Using 10 workers of 10 for evacuation
[2023-11-10T11:44:40.457-0800][76284089ms] GC(22386)   Pre Evacuate Collection Set: 0.0ms
[2023-11-10T11:44:40.457-0800][76284089ms] GC(22386)   Evacuate Collection Set: 1.9ms
[2023-11-10T11:44:40.457-0800][76284089ms] GC(22386)   Post Evacuate Collection Set: 3.2ms
[2023-11-10T11:44:40.457-0800][76284089ms] GC(22386)   Other: 0.3ms
[2023-11-10T11:44:40.457-0800][76284089ms] GC(22386) Eden regions: 194->0(194)
[2023-11-10T11:44:40.457-0800][76284089ms] GC(22386) Survivor regions: 1->1(25)
[2023-11-10T11:44:40.457-0800][76284089ms] GC(22386) Old regions: 1419->1419
[2023-11-10T11:44:40.457-0800][76284089ms] GC(22386) Humongous regions: 5->5
[2023-11-10T11:44:40.457-0800][76284089ms] GC(22386) Metaspace: 304918K->304918K(1349632K)
[2023-11-10T11:44:40.457-0800][76284089ms] GC(22386) Pause Young (Normal) (G1 Evacuation Pause) 3235M->2848M(3602M) 5.495ms
[2023-11-10T11:44:40.457-0800][76284089ms] GC(22386) User=0.00s Sys=0.00s Real=0.01s
[2023-11-10T11:44:40.966-0800][76284598ms] GC(22387) Pause Young (Normal) (G1 Evacuation Pause)
[2023-11-10T11:44:40.966-0800][76284598ms] GC(22387) Using 10 workers of 10 for evacuation
[2023-11-10T11:44:40.973-0800][76284605ms] GC(22387)   Pre Evacuate Collection Set: 0.1ms
[2023-11-10T11:44:40.973-0800][76284605ms] GC(22387)   Evacuate Collection Set: 2.4ms
[2023-11-10T11:44:40.973-0800][76284605ms] GC(22387)   Post Evacuate Collection Set: 3.9ms
[2023-11-10T11:44:40.973-0800][76284605ms] GC(22387)   Other: 0.3ms
[2023-11-10T11:44:40.973-0800][76284605ms] GC(22387) Eden regions: 194->0(194)
[2023-11-10T11:44:40.973-0800][76284605ms] GC(22387) Survivor regions: 1->1(25)
[2023-11-10T11:44:40.973-0800][76284605ms] GC(22387) Old regions: 1419->1419
[2023-11-10T11:44:40.973-0800][76284605ms] GC(22387) Humongous regions: 5->5
[2023-11-10T11:44:40.973-0800][76284605ms] GC(22387) Metaspace: 304918K->304918K(1349632K)
[2023-11-10T11:44:40.973-0800][76284605ms] GC(22387) Pause Young (Normal) (G1 Evacuation Pause) 3236M->2848M(3602M) 6.696ms
[2023-11-10T11:44:40.973-0800][76284605ms] GC(22387) User=0.00s Sys=0.00s Real=0.01s
[2023-11-10T11:44:41.433-0800][76285065ms] GC(22388) Pause Young (Normal) (G1 Evacuation Pause)
[2023-11-10T11:44:41.433-0800][76285065ms] GC(22388) Using 10 workers of 10 for evacuation
[2023-11-10T11:44:41.439-0800][76285071ms] GC(22388)   Pre Evacuate Collection Set: 0.1ms
[2023-11-10T11:44:41.439-0800][76285071ms] GC(22388)   Evacuate Collection Set: 2.1ms
[2023-11-10T11:44:41.439-0800][76285071ms] GC(22388)   Post Evacuate Collection Set: 4.0ms
[2023-11-10T11:44:41.439-0800][76285071ms] GC(22388)   Other: 0.3ms
[2023-11-10T11:44:41.439-0800][76285071ms] GC(22388) Eden regions: 194->0(194)
[2023-11-10T11:44:41.439-0800][76285071ms] GC(22388) Survivor regions: 1->1(25)
[2023-11-10T11:44:41.439-0800][76285071ms] GC(22388) Old regions: 1419->1419
[2023-11-10T11:44:41.439-0800][76285071ms] GC(22388) Humongous regions: 5->5
[2023-11-10T11:44:41.439-0800][76285071ms] GC(22388) Metaspace: 304918K->304918K(1349632K)
[2023-11-10T11:44:41.439-0800][76285071ms] GC(22388) Pause Young (Normal) (G1 Evacuation Pause) 3236M->2848M(3602M) 6.512ms
[2023-11-10T11:44:41.439-0800][76285071ms] GC(22388) User=0.00s Sys=0.00s Real=0.01s
[2023-11-10T11:44:41.875-0800][76285507ms] GC(22389) Pause Young (Normal) (G1 Evacuation Pause)
[2023-11-10T11:44:41.875-0800][76285507ms] GC(22389) Using 10 workers of 10 for evacuation
[2023-11-10T11:44:41.881-0800][76285513ms] GC(22389)   Pre Evacuate Collection Set: 0.1ms
[2023-11-10T11:44:41.881-0800][76285513ms] GC(22389)   Evacuate Collection Set: 1.8ms
[2023-11-10T11:44:41.881-0800][76285513ms] GC(22389)   Post Evacuate Collection Set: 3.7ms
[2023-11-10T11:44:41.881-0800][76285513ms] GC(22389)   Other: 0.4ms
[2023-11-10T11:44:41.881-0800][76285513ms] GC(22389) Eden regions: 194->0(194)
[2023-11-10T11:44:41.881-0800][76285513ms] GC(22389) Survivor regions: 1->1(25)
[2023-11-10T11:44:41.881-0800][76285513ms] GC(22389) Old regions: 1419->1419
[2023-11-10T11:44:41.881-0800][76285513ms] GC(22389) Humongous regions: 5->5
[2023-11-10T11:44:41.881-0800][76285513ms] GC(22389) Metaspace: 304918K->304918K(1349632K)
[2023-11-10T11:44:41.881-0800][76285513ms] GC(22389) Pause Young (Normal) (G1 Evacuation Pause) 3236M->2848M(3602M) 6.006ms
[2023-11-10T11:44:41.881-0800][76285513ms] GC(22389) User=0.00s Sys=0.00s Real=0.01s
[2023-11-10T11:44:42.349-0800][76285981ms] GC(22390) Pause Young (Normal) (G1 Evacuation Pause)
[2023-11-10T11:44:42.349-0800][76285981ms] GC(22390) Using 10 workers of 10 for evacuation
[2023-11-10T11:44:42.354-0800][76285986ms] GC(22390)   Pre Evacuate Collection Set: 0.1ms
[2023-11-10T11:44:42.354-0800][76285986ms] GC(22390)   Evacuate Collection Set: 1.7ms
[2023-11-10T11:44:42.354-0800][76285986ms] GC(22390)   Post Evacuate Collection Set: 3.1ms
[2023-11-10T11:44:42.354-0800][76285986ms] GC(22390)   Other: 0.4ms
[2023-11-10T11:44:42.354-0800][76285986ms] GC(22390) Eden regions: 194->0(193)
[2023-11-10T11:44:42.354-0800][76285986ms] GC(22390) Survivor regions: 1->1(25)
[2023-11-10T11:44:42.354-0800][76285986ms] GC(22390) Old regions: 1419->1419
[2023-11-10T11:44:42.354-0800][76285986ms] GC(22390) Humongous regions: 5->5
[2023-11-10T11:44:42.354-0800][76285986ms] GC(22390) Metaspace: 304918K->304918K(1349632K)
[2023-11-10T11:44:42.354-0800][76285986ms] GC(22390) Pause Young (Normal) (G1 Evacuation Pause) 3236M->2848M(3602M) 5.435ms
[2023-11-10T11:44:42.354-0800][76285986ms] GC(22390) User=0.02s Sys=0.00s Real=0.01s
[2023-11-10T11:44:42.789-0800][76286421ms] GC(22391) Pause Young (Normal) (G1 Evacuation Pause)
[2023-11-10T11:44:42.789-0800][76286421ms] GC(22391) Using 10 workers of 10 for evacuation
[2023-11-10T11:44:42.794-0800][76286426ms] GC(22391)   Pre Evacuate Collection Set: 0.0ms
[2023-11-10T11:44:42.794-0800][76286426ms] GC(22391)   Evacuate Collection Set: 1.7ms
[2023-11-10T11:44:42.794-0800][76286426ms] GC(22391)   Post Evacuate Collection Set: 3.5ms
[2023-11-10T11:44:42.794-0800][76286426ms] GC(22391)   Other: 0.3ms
[2023-11-10T11:44:42.794-0800][76286426ms] GC(22391) Eden regions: 193->0(193)
[2023-11-10T11:44:42.794-0800][76286426ms] GC(22391) Survivor regions: 1->1(25)
[2023-11-10T11:44:42.794-0800][76286426ms] GC(22391) Old regions: 1419->1419
[2023-11-10T11:44:42.794-0800][76286426ms] GC(22391) Humongous regions: 5->5
[2023-11-10T11:44:42.794-0800][76286426ms] GC(22391) Metaspace: 304918K->304918K(1349632K)
[2023-11-10T11:44:42.794-0800][76286426ms] GC(22391) Pause Young (Normal) (G1 Evacuation Pause) 3234M->2848M(3602M) 5.661ms
[2023-11-10T11:44:42.794-0800][76286426ms] GC(22391) User=0.00s Sys=0.00s Real=0.00s
[2023-11-10T11:44:43.249-0800][76286881ms] GC(22392) Pause Young (Normal) (G1 Evacuation Pause)
[2023-11-10T11:44:43.249-0800][76286881ms] GC(22392) Using 10 workers of 10 for evacuation
[2023-11-10T11:44:43.255-0800][76286887ms] GC(22392)   Pre Evacuate Collection Set: 0.0ms
[2023-11-10T11:44:43.255-0800][76286887ms] GC(22392)   Evacuate Collection Set: 1.8ms
[2023-11-10T11:44:43.255-0800][76286887ms] GC(22392)   Post Evacuate Collection Set: 4.4ms
[2023-11-10T11:44:43.255-0800][76286887ms] GC(22392)   Other: 0.3ms
[2023-11-10T11:44:43.255-0800][76286887ms] GC(22392) Eden regions: 193->0(193)
[2023-11-10T11:44:43.255-0800][76286887ms] GC(22392) Survivor regions: 1->1(25)
[2023-11-10T11:44:43.255-0800][76286887ms] GC(22392) Old regions: 1419->1419
[2023-11-10T11:44:43.255-0800][76286887ms] GC(22392) Humongous regions: 5->5
[2023-11-10T11:44:43.255-0800][76286887ms] GC(22392) Metaspace: 304918K->304918K(1349632K)
[2023-11-10T11:44:43.255-0800][76286887ms] GC(22392) Pause Young (Normal) (G1 Evacuation Pause) 3234M->2848M(3602M) 6.625ms
[2023-11-10T11:44:43.255-0800][76286887ms] GC(22392) User=0.00s Sys=0.00s Real=0.01s
[2023-11-10T11:44:43.771-0800][76287403ms] GC(22393) Pause Young (Normal) (G1 Evacuation Pause)
[2023-11-10T11:44:43.771-0800][76287403ms] GC(22393) Using 10 workers of 10 for evacuation
[2023-11-10T11:44:43.776-0800][76287408ms] GC(22393)   Pre Evacuate Collection Set: 0.1ms
[2023-11-10T11:44:43.776-0800][76287408ms] GC(22393)   Evacuate Collection Set: 2.1ms
[2023-11-10T11:44:43.776-0800][76287408ms] GC(22393)   Post Evacuate Collection Set: 3.3ms
[2023-11-10T11:44:43.777-0800][76287409ms] GC(22393)   Other: 0.4ms
[2023-11-10T11:44:43.777-0800][76287409ms] GC(22393) Eden regions: 193->0(193)
[2023-11-10T11:44:43.777-0800][76287409ms] GC(22393) Survivor regions: 1->1(25)
[2023-11-10T11:44:43.777-0800][76287409ms] GC(22393) Old regions: 1419->1419
[2023-11-10T11:44:43.777-0800][76287409ms] GC(22393) Humongous regions: 5->5
[2023-11-10T11:44:43.777-0800][76287409ms] GC(22393) Metaspace: 304918K->304918K(1349632K)
[2023-11-10T11:44:43.777-0800][76287409ms] GC(22393) Pause Young (Normal) (G1 Evacuation Pause) 3234M->2848M(3602M) 6.032ms
[2023-11-10T11:44:43.777-0800][76287409ms] GC(22393) User=0.02s Sys=0.00s Real=0.01s
[2023-11-10T11:44:44.191-0800][76287823ms] GC(22394) Pause Young (Normal) (G1 Evacuation Pause)
[2023-11-10T11:44:44.191-0800][76287823ms] GC(22394) Using 10 workers of 10 for evacuation
[2023-11-10T11:44:44.196-0800][76287828ms] GC(22394)   Pre Evacuate Collection Set: 0.0ms
[2023-11-10T11:44:44.196-0800][76287828ms] GC(22394)   Evacuate Collection Set: 1.6ms
[2023-11-10T11:44:44.196-0800][76287828ms] GC(22394)   Post Evacuate Collection Set: 3.1ms
[2023-11-10T11:44:44.196-0800][76287828ms] GC(22394)   Other: 0.3ms
[2023-11-10T11:44:44.196-0800][76287828ms] GC(22394) Eden regions: 193->0(193)
[2023-11-10T11:44:44.196-0800][76287828ms] GC(22394) Survivor regions: 1->1(25)
[2023-11-10T11:44:44.196-0800][76287828ms] GC(22394) Old regions: 1419->1419
[2023-11-10T11:44:44.196-0800][76287828ms] GC(22394) Humongous regions: 5->5
[2023-11-10T11:44:44.196-0800][76287828ms] GC(22394) Metaspace: 304918K->304918K(1349632K)
[2023-11-10T11:44:44.196-0800][76287828ms] GC(22394) Pause Young (Normal) (G1 Evacuation Pause) 3234M->2848M(3602M) 5.178ms
[2023-11-10T11:44:44.196-0800][76287828ms] GC(22394) User=0.00s Sys=0.00s Real=0.01s
[2023-11-10T11:44:44.654-0800][76288286ms] GC(22395) Pause Young (Normal) (G1 Evacuation Pause)
[2023-11-10T11:44:44.654-0800][76288286ms] GC(22395) Using 10 workers of 10 for evacuation
[2023-11-10T11:44:44.658-0800][76288290ms] GC(22395)   Pre Evacuate Collection Set: 0.0ms
[2023-11-10T11:44:44.658-0800][76288290ms] GC(22395)   Evacuate Collection Set: 1.7ms
[2023-11-10T11:44:44.658-0800][76288290ms] GC(22395)   Post Evacuate Collection Set: 3.0ms
[2023-11-10T11:44:44.658-0800][76288290ms] GC(22395)   Other: 0.3ms
[2023-11-10T11:44:44.658-0800][76288290ms] GC(22395) Eden regions: 193->0(194)
[2023-11-10T11:44:44.658-0800][76288290ms] GC(22395) Survivor regions: 1->1(25)
[2023-11-10T11:44:44.658-0800][76288290ms] GC(22395) Old regions: 1419->1419
[2023-11-10T11:44:44.658-0800][76288290ms] GC(22395) Humongous regions: 5->5
[2023-11-10T11:44:44.658-0800][76288290ms] GC(22395) Metaspace: 304918K->304918K(1349632K)
[2023-11-10T11:44:44.658-0800][76288290ms] GC(22395) Pause Young (Normal) (G1 Evacuation Pause) 3234M->2848M(3602M) 5.053ms
[2023-11-10T11:44:44.658-0800][76288290ms] GC(22395) User=0.00s Sys=0.00s Real=0.00s
[2023-11-10T11:44:45.146-0800][76288778ms] GC(22396) Pause Young (Normal) (G1 Evacuation Pause)
[2023-11-10T11:44:45.146-0800][76288778ms] GC(22396) Using 10 workers of 10 for evacuation
[2023-11-10T11:44:45.151-0800][76288783ms] GC(22396)   Pre Evacuate Collection Set: 0.0ms
[2023-11-10T11:44:45.151-0800][76288783ms] GC(22396)   Evacuate Collection Set: 2.1ms
[2023-11-10T11:44:45.151-0800][76288783ms] GC(22396)   Post Evacuate Collection Set: 3.1ms
[2023-11-10T11:44:45.151-0800][76288783ms] GC(22396)   Other: 0.3ms
[2023-11-10T11:44:45.151-0800][76288783ms] GC(22396) Eden regions: 194->0(194)
[2023-11-10T11:44:45.151-0800][76288783ms] GC(22396) Survivor regions: 1->1(25)
[2023-11-10T11:44:45.151-0800][76288783ms] GC(22396) Old regions: 1419->1419
[2023-11-10T11:44:45.151-0800][76288783ms] GC(22396) Humongous regions: 5->5
[2023-11-10T11:44:45.151-0800][76288783ms] GC(22396) Metaspace: 304918K->304918K(1349632K)
[2023-11-10T11:44:45.151-0800][76288783ms] GC(22396) Pause Young (Normal) (G1 Evacuation Pause) 3236M->2848M(3602M) 5.667ms
[2023-11-10T11:44:45.151-0800][76288783ms] GC(22396) User=0.02s Sys=0.00s Real=0.01s
[2023-11-10T11:44:45.611-0800][76289243ms] GC(22397) Pause Young (Normal) (G1 Evacuation Pause)
[2023-11-10T11:44:45.611-0800][76289243ms] GC(22397) Using 10 workers of 10 for evacuation
[2023-11-10T11:44:45.615-0800][76289247ms] GC(22397)   Pre Evacuate Collection Set: 0.1ms
[2023-11-10T11:44:45.615-0800][76289247ms] GC(22397)   Evacuate Collection Set: 1.7ms
[2023-11-10T11:44:45.615-0800][76289247ms] GC(22397)   Post Evacuate Collection Set: 3.1ms
[2023-11-10T11:44:45.615-0800][76289247ms] GC(22397)   Other: 0.2ms
[2023-11-10T11:44:45.615-0800][76289247ms] GC(22397) Eden regions: 194->0(194)
[2023-11-10T11:44:45.615-0800][76289247ms] GC(22397) Survivor regions: 1->1(25)
[2023-11-10T11:44:45.615-0800][76289247ms] GC(22397) Old regions: 1419->1419
[2023-11-10T11:44:45.615-0800][76289247ms] GC(22397) Humongous regions: 5->5
[2023-11-10T11:44:45.615-0800][76289247ms] GC(22397) Metaspace: 304918K->304918K(1349632K)
[2023-11-10T11:44:45.615-0800][76289247ms] GC(22397) Pause Young (Normal) (G1 Evacuation Pause) 3236M->2848M(3602M) 5.213ms
[2023-11-10T11:44:45.615-0800][76289247ms] GC(22397) User=0.00s Sys=0.00s Real=0.00s
[2023-11-10T11:44:46.130-0800][76289762ms] GC(22398) Pause Young (Normal) (G1 Evacuation Pause)
[2023-11-10T11:44:46.130-0800][76289762ms] GC(22398) Using 10 workers of 10 for evacuation
[2023-11-10T11:44:46.136-0800][76289768ms] GC(22398)   Pre Evacuate Collection Set: 0.0ms
[2023-11-10T11:44:46.136-0800][76289768ms] GC(22398)   Evacuate Collection Set: 1.8ms
[2023-11-10T11:44:46.136-0800][76289768ms] GC(22398)   Post Evacuate Collection Set: 3.5ms
[2023-11-10T11:44:46.136-0800][76289768ms] GC(22398)   Other: 0.3ms
[2023-11-10T11:44:46.136-0800][76289768ms] GC(22398) Eden regions: 194->0(194)
[2023-11-10T11:44:46.136-0800][76289768ms] GC(22398) Survivor regions: 1->1(25)
[2023-11-10T11:44:46.136-0800][76289768ms] GC(22398) Old regions: 1419->1419
[2023-11-10T11:44:46.136-0800][76289768ms] GC(22398) Humongous regions: 5->5
[2023-11-10T11:44:46.136-0800][76289768ms] GC(22398) Metaspace: 304918K->304918K(1349632K)
[2023-11-10T11:44:46.136-0800][76289768ms] GC(22398) Pause Young (Normal) (G1 Evacuation Pause) 3236M->2848M(3602M) 5.748ms
[2023-11-10T11:44:46.136-0800][76289768ms] GC(22398) User=0.00s Sys=0.00s Real=0.01s
[2023-11-10T11:44:46.571-0800][76290203ms] GC(22399) Pause Young (Normal) (G1 Evacuation Pause)
[2023-11-10T11:44:46.571-0800][76290203ms] GC(22399) Using 10 workers of 10 for evacuation
[2023-11-10T11:44:46.578-0800][76290210ms] GC(22399)   Pre Evacuate Collection Set: 0.0ms
[2023-11-10T11:44:46.578-0800][76290210ms] GC(22399)   Evacuate Collection Set: 1.7ms
[2023-11-10T11:44:46.578-0800][76290210ms] GC(22399)   Post Evacuate Collection Set: 4.3ms
[2023-11-10T11:44:46.578-0800][76290210ms] GC(22399)   Other: 0.3ms
[2023-11-10T11:44:46.578-0800][76290210ms] GC(22399) Eden regions: 194->0(194)
[2023-11-10T11:44:46.578-0800][76290210ms] GC(22399) Survivor regions: 1->1(25)
[2023-11-10T11:44:46.578-0800][76290210ms] GC(22399) Old regions: 1419->1419
[2023-11-10T11:44:46.578-0800][76290210ms] GC(22399) Humongous regions: 5->5
[2023-11-10T11:44:46.578-0800][76290210ms] GC(22399) Metaspace: 304918K->304918K(1349632K)
[2023-11-10T11:44:46.578-0800][76290210ms] GC(22399) Pause Young (Normal) (G1 Evacuation Pause) 3236M->2848M(3602M) 6.491ms
[2023-11-10T11:44:46.578-0800][76290210ms] GC(22399) User=0.00s Sys=0.00s Real=0.01s
[2023-11-10T11:44:47.019-0800][76290651ms] GC(22400) Pause Young (Normal) (GCLocker Initiated GC)
[2023-11-10T11:44:47.019-0800][76290651ms] GC(22400) Using 10 workers of 10 for evacuation
[2023-11-10T11:44:47.024-0800][76290656ms] GC(22400)   Pre Evacuate Collection Set: 0.0ms
[2023-11-10T11:44:47.024-0800][76290656ms] GC(22400)   Evacuate Collection Set: 1.7ms
[2023-11-10T11:44:47.024-0800][76290656ms] GC(22400)   Post Evacuate Collection Set: 3.2ms
[2023-11-10T11:44:47.024-0800][76290656ms] GC(22400)   Other: 0.3ms
[2023-11-10T11:44:47.024-0800][76290656ms] GC(22400) Eden regions: 195->0(194)
[2023-11-10T11:44:47.024-0800][76290656ms] GC(22400) Survivor regions: 1->1(25)
[2023-11-10T11:44:47.024-0800][76290656ms] GC(22400) Old regions: 1419->1419
[2023-11-10T11:44:47.024-0800][76290656ms] GC(22400) Humongous regions: 5->5
[2023-11-10T11:44:47.024-0800][76290656ms] GC(22400) Metaspace: 304918K->304918K(1349632K)
[2023-11-10T11:44:47.024-0800][76290656ms] GC(22400) Pause Young (Normal) (GCLocker Initiated GC) 3236M->2848M(3602M) 5.229ms
[2023-11-10T11:44:47.025-0800][76290657ms] GC(22400) User=0.00s Sys=0.00s Real=0.01s
[2023-11-10T11:44:47.489-0800][76291121ms] GC(22401) Pause Young (Normal) (GCLocker Initiated GC)
[2023-11-10T11:44:47.489-0800][76291121ms] GC(22401) Using 10 workers of 10 for evacuation
[2023-11-10T11:44:47.494-0800][76291126ms] GC(22401)   Pre Evacuate Collection Set: 0.1ms
[2023-11-10T11:44:47.494-0800][76291126ms] GC(22401)   Evacuate Collection Set: 1.8ms
[2023-11-10T11:44:47.494-0800][76291126ms] GC(22401)   Post Evacuate Collection Set: 3.1ms
[2023-11-10T11:44:47.494-0800][76291126ms] GC(22401)   Other: 0.3ms
[2023-11-10T11:44:47.494-0800][76291126ms] GC(22401) Eden regions: 194->0(194)
[2023-11-10T11:44:47.494-0800][76291126ms] GC(22401) Survivor regions: 1->1(25)
[2023-11-10T11:44:47.494-0800][76291126ms] GC(22401) Old regions: 1419->1419
[2023-11-10T11:44:47.494-0800][76291126ms] GC(22401) Humongous regions: 5->5
[2023-11-10T11:44:47.494-0800][76291126ms] GC(22401) Metaspace: 304918K->304918K(1349632K)
[2023-11-10T11:44:47.495-0800][76291127ms] GC(22401) Pause Young (Normal) (GCLocker Initiated GC) 3236M->2848M(3602M) 5.380ms
[2023-11-10T11:44:47.495-0800][76291127ms] GC(22401) User=0.02s Sys=0.00s Real=0.01s
[2023-11-10T11:44:48.010-0800][76291642ms] GC(22402) Pause Young (Normal) (GCLocker Initiated GC)
[2023-11-10T11:44:48.010-0800][76291642ms] GC(22402) Using 10 workers of 10 for evacuation
[2023-11-10T11:44:48.015-0800][76291647ms] GC(22402)   Pre Evacuate Collection Set: 0.0ms
[2023-11-10T11:44:48.015-0800][76291647ms] GC(22402)   Evacuate Collection Set: 1.6ms
[2023-11-10T11:44:48.015-0800][76291647ms] GC(22402)   Post Evacuate Collection Set: 3.4ms
[2023-11-10T11:44:48.015-0800][76291647ms] GC(22402)   Other: 0.3ms
[2023-11-10T11:44:48.015-0800][76291647ms] GC(22402) Eden regions: 195->0(194)
[2023-11-10T11:44:48.015-0800][76291647ms] GC(22402) Survivor regions: 1->1(25)
[2023-11-10T11:44:48.015-0800][76291647ms] GC(22402) Old regions: 1419->1419
[2023-11-10T11:44:48.015-0800][76291647ms] GC(22402) Humongous regions: 5->5
[2023-11-10T11:44:48.015-0800][76291647ms] GC(22402) Metaspace: 304918K->304918K(1349632K)
[2023-11-10T11:44:48.016-0800][76291648ms] GC(22402) Pause Young (Normal) (GCLocker Initiated GC) 3237M->2848M(3602M) 5.436ms
[2023-11-10T11:44:48.016-0800][76291648ms] GC(22402) User=0.00s Sys=0.00s Real=0.01s
[2023-11-10T11:44:48.508-0800][76292140ms] GC(22403) Pause Young (Normal) (GCLocker Initiated GC)
[2023-11-10T11:44:48.508-0800][76292140ms] GC(22403) Using 10 workers of 10 for evacuation
[2023-11-10T11:44:48.513-0800][76292145ms] GC(22403)   Pre Evacuate Collection Set: 0.0ms
[2023-11-10T11:44:48.513-0800][76292145ms] GC(22403)   Evacuate Collection Set: 1.6ms
[2023-11-10T11:44:48.513-0800][76292145ms] GC(22403)   Post Evacuate Collection Set: 3.4ms
[2023-11-10T11:44:48.513-0800][76292145ms] GC(22403)   Other: 0.2ms
[2023-11-10T11:44:48.513-0800][76292145ms] GC(22403) Eden regions: 194->0(193)
[2023-11-10T11:44:48.513-0800][76292145ms] GC(22403) Survivor regions: 1->1(25)
[2023-11-10T11:44:48.513-0800][76292145ms] GC(22403) Old regions: 1419->1420
[2023-11-10T11:44:48.513-0800][76292145ms] GC(22403) Humongous regions: 5->5
[2023-11-10T11:44:48.513-0800][76292145ms] GC(22403) Metaspace: 304918K->304918K(1349632K)
[2023-11-10T11:44:48.513-0800][76292145ms] GC(22403) Pause Young (Normal) (GCLocker Initiated GC) 3236M->2848M(3602M) 5.456ms
[2023-11-10T11:44:48.513-0800][76292145ms] GC(22403) User=0.00s Sys=0.00s Real=0.01s
[2023-11-10T11:44:49.072-0800][76292704ms] GC(22404) Pause Young (Normal) (G1 Evacuation Pause)
[2023-11-10T11:44:49.072-0800][76292704ms] GC(22404) Using 10 workers of 10 for evacuation
[2023-11-10T11:44:49.079-0800][76292711ms] GC(22404)   Pre Evacuate Collection Set: 0.0ms
[2023-11-10T11:44:49.079-0800][76292711ms] GC(22404)   Evacuate Collection Set: 1.7ms
[2023-11-10T11:44:49.079-0800][76292711ms] GC(22404)   Post Evacuate Collection Set: 4.4ms
[2023-11-10T11:44:49.079-0800][76292711ms] GC(22404)   Other: 0.4ms
[2023-11-10T11:44:49.079-0800][76292711ms] GC(22404) Eden regions: 193->0(193)
[2023-11-10T11:44:49.079-0800][76292711ms] GC(22404) Survivor regions: 1->1(25)
[2023-11-10T11:44:49.079-0800][76292711ms] GC(22404) Old regions: 1420->1420
[2023-11-10T11:44:49.079-0800][76292711ms] GC(22404) Humongous regions: 5->5
[2023-11-10T11:44:49.079-0800][76292711ms] GC(22404) Metaspace: 304918K->304918K(1349632K)
[2023-11-10T11:44:49.079-0800][76292711ms] GC(22404) Pause Young (Normal) (G1 Evacuation Pause) 3234M->2848M(3602M) 6.766ms
[2023-11-10T11:44:49.079-0800][76292711ms] GC(22404) User=0.00s Sys=0.00s Real=0.01s
[2023-11-10T11:44:49.604-0800][76293236ms] GC(22405) Pause Young (Normal) (G1 Evacuation Pause)
[2023-11-10T11:44:49.604-0800][76293236ms] GC(22405) Using 10 workers of 10 for evacuation
[2023-11-10T11:44:49.612-0800][76293244ms] GC(22405)   Pre Evacuate Collection Set: 0.1ms
[2023-11-10T11:44:49.612-0800][76293244ms] GC(22405)   Evacuate Collection Set: 1.8ms
[2023-11-10T11:44:49.612-0800][76293244ms] GC(22405)   Post Evacuate Collection Set: 4.7ms
[2023-11-10T11:44:49.612-0800][76293244ms] GC(22405)   Other: 0.4ms
[2023-11-10T11:44:49.612-0800][76293244ms] GC(22405) Eden regions: 193->0(193)
[2023-11-10T11:44:49.612-0800][76293244ms] GC(22405) Survivor regions: 1->1(25)
[2023-11-10T11:44:49.612-0800][76293244ms] GC(22405) Old regions: 1420->1420
[2023-11-10T11:44:49.612-0800][76293244ms] GC(22405) Humongous regions: 5->5
[2023-11-10T11:44:49.612-0800][76293244ms] GC(22405) Metaspace: 304918K->304918K(1349632K)
[2023-11-10T11:44:49.612-0800][76293244ms] GC(22405) Pause Young (Normal) (G1 Evacuation Pause) 3234M->2848M(3602M) 7.047ms
[2023-11-10T11:44:49.612-0800][76293244ms] GC(22405) User=0.00s Sys=0.00s Real=0.01s
[2023-11-10T11:44:50.248-0800][76293880ms] GC(22406) Pause Young (Normal) (G1 Evacuation Pause)
[2023-11-10T11:44:50.248-0800][76293880ms] GC(22406) Using 10 workers of 10 for evacuation
[2023-11-10T11:44:50.254-0800][76293886ms] GC(22406)   Pre Evacuate Collection Set: 0.1ms
[2023-11-10T11:44:50.254-0800][76293886ms] GC(22406)   Evacuate Collection Set: 1.7ms
[2023-11-10T11:44:50.254-0800][76293886ms] GC(22406)   Post Evacuate Collection Set: 4.6ms
[2023-11-10T11:44:50.254-0800][76293886ms] GC(22406)   Other: 0.3ms
[2023-11-10T11:44:50.254-0800][76293886ms] GC(22406) Eden regions: 193->0(193)
[2023-11-10T11:44:50.254-0800][76293886ms] GC(22406) Survivor regions: 1->1(25)
[2023-11-10T11:44:50.254-0800][76293886ms] GC(22406) Old regions: 1420->1420
[2023-11-10T11:44:50.254-0800][76293886ms] GC(22406) Humongous regions: 5->5
[2023-11-10T11:44:50.254-0800][76293886ms] GC(22406) Metaspace: 304918K->304918K(1349632K)
[2023-11-10T11:44:50.254-0800][76293886ms] GC(22406) Pause Young (Normal) (G1 Evacuation Pause) 3234M->2848M(3602M) 6.838ms
[2023-11-10T11:44:50.254-0800][76293886ms] GC(22406) User=0.00s Sys=0.00s Real=0.01s
[2023-11-10T11:44:50.747-0800][76294379ms] GC(22407) Pause Young (Normal) (G1 Evacuation Pause)
[2023-11-10T11:44:50.747-0800][76294379ms] GC(22407) Using 10 workers of 10 for evacuation
[2023-11-10T11:44:50.752-0800][76294384ms] GC(22407)   Pre Evacuate Collection Set: 0.1ms
[2023-11-10T11:44:50.752-0800][76294384ms] GC(22407)   Evacuate Collection Set: 1.7ms
[2023-11-10T11:44:50.752-0800][76294384ms] GC(22407)   Post Evacuate Collection Set: 3.1ms
[2023-11-10T11:44:50.752-0800][76294384ms] GC(22407)   Other: 0.3ms
[2023-11-10T11:44:50.752-0800][76294384ms] GC(22407) Eden regions: 193->0(193)
[2023-11-10T11:44:50.752-0800][76294384ms] GC(22407) Survivor regions: 1->1(25)
[2023-11-10T11:44:50.752-0800][76294384ms] GC(22407) Old regions: 1420->1420
[2023-11-10T11:44:50.752-0800][76294384ms] GC(22407) Humongous regions: 5->5
[2023-11-10T11:44:50.752-0800][76294384ms] GC(22407) Metaspace: 304918K->304918K(1349632K)
[2023-11-10T11:44:50.752-0800][76294384ms] GC(22407) Pause Young (Normal) (G1 Evacuation Pause) 3234M->2848M(3602M) 5.248ms
[2023-11-10T11:44:50.752-0800][76294384ms] GC(22407) User=0.00s Sys=0.00s Real=0.01s
[2023-11-10T11:44:51.270-0800][76294902ms] GC(22408) Pause Young (Normal) (G1 Evacuation Pause)
[2023-11-10T11:44:51.270-0800][76294902ms] GC(22408) Using 10 workers of 10 for evacuation
[2023-11-10T11:44:51.275-0800][76294907ms] GC(22408)   Pre Evacuate Collection Set: 0.0ms
[2023-11-10T11:44:51.275-0800][76294907ms] GC(22408)   Evacuate Collection Set: 1.8ms
[2023-11-10T11:44:51.275-0800][76294907ms] GC(22408)   Post Evacuate Collection Set: 3.6ms
[2023-11-10T11:44:51.275-0800][76294907ms] GC(22408)   Other: 0.3ms
[2023-11-10T11:44:51.275-0800][76294907ms] GC(22408) Eden regions: 193->0(193)
[2023-11-10T11:44:51.275-0800][76294907ms] GC(22408) Survivor regions: 1->1(25)
[2023-11-10T11:44:51.275-0800][76294907ms] GC(22408) Old regions: 1420->1420
[2023-11-10T11:44:51.275-0800][76294907ms] GC(22408) Humongous regions: 5->5
[2023-11-10T11:44:51.275-0800][76294907ms] GC(22408) Metaspace: 304918K->304918K(1349632K)
[2023-11-10T11:44:51.275-0800][76294907ms] GC(22408) Pause Young (Normal) (G1 Evacuation Pause) 3234M->2848M(3602M) 5.835ms
[2023-11-10T11:44:51.275-0800][76294907ms] GC(22408) User=0.02s Sys=0.00s Real=0.01s
[2023-11-10T11:44:51.775-0800][76295407ms] GC(22409) Pause Young (Normal) (G1 Evacuation Pause)
[2023-11-10T11:44:51.775-0800][76295407ms] GC(22409) Using 10 workers of 10 for evacuation
[2023-11-10T11:44:51.780-0800][76295412ms] GC(22409)   Pre Evacuate Collection Set: 0.0ms
[2023-11-10T11:44:51.780-0800][76295412ms] GC(22409)   Evacuate Collection Set: 1.7ms
[2023-11-10T11:44:51.780-0800][76295412ms] GC(22409)   Post Evacuate Collection Set: 3.1ms
[2023-11-10T11:44:51.780-0800][76295412ms] GC(22409)   Other: 0.3ms
[2023-11-10T11:44:51.780-0800][76295412ms] GC(22409) Eden regions: 193->0(193)
[2023-11-10T11:44:51.780-0800][76295412ms] GC(22409) Survivor regions: 1->1(25)
[2023-11-10T11:44:51.780-0800][76295412ms] GC(22409) Old regions: 1420->1420
[2023-11-10T11:44:51.780-0800][76295412ms] GC(22409) Humongous regions: 5->5
[2023-11-10T11:44:51.780-0800][76295412ms] GC(22409) Metaspace: 304918K->304918K(1349632K)
[2023-11-10T11:44:51.780-0800][76295412ms] GC(22409) Pause Young (Normal) (G1 Evacuation Pause) 3234M->2848M(3602M) 5.177ms
[2023-11-10T11:44:51.780-0800][76295412ms] GC(22409) User=0.00s Sys=0.00s Real=0.00s
[2023-11-10T11:44:52.285-0800][76295917ms] GC(22410) Pause Young (Normal) (G1 Evacuation Pause)
[2023-11-10T11:44:52.285-0800][76295917ms] GC(22410) Using 10 workers of 10 for evacuation
[2023-11-10T11:44:52.289-0800][76295921ms] GC(22410)   Pre Evacuate Collection Set: 0.0ms
[2023-11-10T11:44:52.289-0800][76295921ms] GC(22410)   Evacuate Collection Set: 1.6ms
[2023-11-10T11:44:52.289-0800][76295921ms] GC(22410)   Post Evacuate Collection Set: 3.3ms
[2023-11-10T11:44:52.289-0800][76295921ms] GC(22410)   Other: 0.2ms
[2023-11-10T11:44:52.289-0800][76295921ms] GC(22410) Eden regions: 193->0(193)
[2023-11-10T11:44:52.289-0800][76295921ms] GC(22410) Survivor regions: 1->1(25)
[2023-11-10T11:44:52.289-0800][76295921ms] GC(22410) Old regions: 1420->1420
[2023-11-10T11:44:52.289-0800][76295921ms] GC(22410) Humongous regions: 5->5
[2023-11-10T11:44:52.289-0800][76295921ms] GC(22410) Metaspace: 304918K->304918K(1349632K)
[2023-11-10T11:44:52.289-0800][76295921ms] GC(22410) Pause Young (Normal) (G1 Evacuation Pause) 3234M->2848M(3602M) 5.348ms
[2023-11-10T11:44:52.290-0800][76295922ms] GC(22410) User=0.00s Sys=0.00s Real=0.00s
[2023-11-10T11:44:52.755-0800][76296387ms] GC(22411) Pause Young (Normal) (G1 Evacuation Pause)
[2023-11-10T11:44:52.755-0800][76296387ms] GC(22411) Using 10 workers of 10 for evacuation
[2023-11-10T11:44:52.762-0800][76296394ms] GC(22411)   Pre Evacuate Collection Set: 0.1ms
[2023-11-10T11:44:52.762-0800][76296394ms] GC(22411)   Evacuate Collection Set: 2.6ms
[2023-11-10T11:44:52.762-0800][76296394ms] GC(22411)   Post Evacuate Collection Set: 4.3ms
[2023-11-10T11:44:52.762-0800][76296394ms] GC(22411)   Other: 0.4ms
[2023-11-10T11:44:52.762-0800][76296394ms] GC(22411) Eden regions: 193->0(193)
[2023-11-10T11:44:52.762-0800][76296394ms] GC(22411) Survivor regions: 1->1(25)
[2023-11-10T11:44:52.762-0800][76296394ms] GC(22411) Old regions: 1420->1420
[2023-11-10T11:44:52.762-0800][76296394ms] GC(22411) Humongous regions: 5->5
[2023-11-10T11:44:52.762-0800][76296394ms] GC(22411) Metaspace: 304918K->304918K(1349632K)
[2023-11-10T11:44:52.762-0800][76296394ms] GC(22411) Pause Young (Normal) (G1 Evacuation Pause) 3234M->2848M(3602M) 7.423ms
[2023-11-10T11:44:52.762-0800][76296394ms] GC(22411) User=0.02s Sys=0.00s Real=0.01s
[2023-11-10T11:44:53.205-0800][76296837ms] GC(22412) Pause Young (Normal) (G1 Evacuation Pause)
[2023-11-10T11:44:53.205-0800][76296837ms] GC(22412) Using 10 workers of 10 for evacuation
[2023-11-10T11:44:53.210-0800][76296842ms] GC(22412)   Pre Evacuate Collection Set: 0.0ms
[2023-11-10T11:44:53.211-0800][76296843ms] GC(22412)   Evacuate Collection Set: 1.6ms
[2023-11-10T11:44:53.211-0800][76296843ms] GC(22412)   Post Evacuate Collection Set: 3.4ms
[2023-11-10T11:44:53.211-0800][76296843ms] GC(22412)   Other: 0.3ms
[2023-11-10T11:44:53.211-0800][76296843ms] GC(22412) Eden regions: 193->0(193)
[2023-11-10T11:44:53.211-0800][76296843ms] GC(22412) Survivor regions: 1->1(25)
[2023-11-10T11:44:53.211-0800][76296843ms] GC(22412) Old regions: 1420->1420
[2023-11-10T11:44:53.211-0800][76296843ms] GC(22412) Humongous regions: 5->5
[2023-11-10T11:44:53.211-0800][76296843ms] GC(22412) Metaspace: 304918K->304918K(1349632K)
[2023-11-10T11:44:53.211-0800][76296843ms] GC(22412) Pause Young (Normal) (G1 Evacuation Pause) 3234M->2848M(3602M) 5.508ms
[2023-11-10T11:44:53.211-0800][76296843ms] GC(22412) User=0.00s Sys=0.00s Real=0.01s
[2023-11-10T11:44:53.664-0800][76297296ms] GC(22413) Pause Young (Normal) (G1 Evacuation Pause)
[2023-11-10T11:44:53.664-0800][76297296ms] GC(22413) Using 10 workers of 10 for evacuation
[2023-11-10T11:44:53.672-0800][76297304ms] GC(22413)   Pre Evacuate Collection Set: 0.1ms
[2023-11-10T11:44:53.672-0800][76297304ms] GC(22413)   Evacuate Collection Set: 2.3ms
[2023-11-10T11:44:53.672-0800][76297304ms] GC(22413)   Post Evacuate Collection Set: 5.7ms
[2023-11-10T11:44:53.672-0800][76297304ms] GC(22413)   Other: 0.3ms
[2023-11-10T11:44:53.672-0800][76297304ms] GC(22413) Eden regions: 193->0(193)
[2023-11-10T11:44:53.672-0800][76297304ms] GC(22413) Survivor regions: 1->1(25)
[2023-11-10T11:44:53.672-0800][76297304ms] GC(22413) Old regions: 1420->1420
[2023-11-10T11:44:53.672-0800][76297304ms] GC(22413) Humongous regions: 5->5
[2023-11-10T11:44:53.672-0800][76297304ms] GC(22413) Metaspace: 304918K->304918K(1349632K)
[2023-11-10T11:44:53.672-0800][76297304ms] GC(22413) Pause Young (Normal) (G1 Evacuation Pause) 3234M->2848M(3602M) 8.504ms
[2023-11-10T11:44:53.672-0800][76297304ms] GC(22413) User=0.00s Sys=0.00s Real=0.01s
[2023-11-10T11:44:54.152-0800][76297784ms] GC(22414) Pause Young (Normal) (G1 Evacuation Pause)
[2023-11-10T11:44:54.152-0800][76297784ms] GC(22414) Using 10 workers of 10 for evacuation
[2023-11-10T11:44:54.156-0800][76297789ms] GC(22414)   Pre Evacuate Collection Set: 0.0ms
[2023-11-10T11:44:54.157-0800][76297789ms] GC(22414)   Evacuate Collection Set: 1.7ms
[2023-11-10T11:44:54.157-0800][76297789ms] GC(22414)   Post Evacuate Collection Set: 3.0ms
[2023-11-10T11:44:54.157-0800][76297789ms] GC(22414)   Other: 0.3ms
[2023-11-10T11:44:54.157-0800][76297789ms] GC(22414) Eden regions: 193->0(193)
[2023-11-10T11:44:54.157-0800][76297789ms] GC(22414) Survivor regions: 1->1(25)
[2023-11-10T11:44:54.157-0800][76297789ms] GC(22414) Old regions: 1420->1420
[2023-11-10T11:44:54.157-0800][76297789ms] GC(22414) Humongous regions: 5->5
[2023-11-10T11:44:54.157-0800][76297789ms] GC(22414) Metaspace: 304918K->304918K(1349632K)
[2023-11-10T11:44:54.157-0800][76297789ms] GC(22414) Pause Young (Normal) (G1 Evacuation Pause) 3234M->2848M(3602M) 5.198ms
[2023-11-10T11:44:54.157-0800][76297789ms] GC(22414) User=0.00s Sys=0.00s Real=0.01s
[2023-11-10T11:44:54.646-0800][76298278ms] GC(22415) Pause Young (Normal) (G1 Evacuation Pause)
[2023-11-10T11:44:54.646-0800][76298278ms] GC(22415) Using 10 workers of 10 for evacuation
[2023-11-10T11:44:54.652-0800][76298285ms] GC(22415)   Pre Evacuate Collection Set: 0.0ms
[2023-11-10T11:44:54.653-0800][76298285ms] GC(22415)   Evacuate Collection Set: 1.7ms
[2023-11-10T11:44:54.653-0800][76298285ms] GC(22415)   Post Evacuate Collection Set: 4.7ms
[2023-11-10T11:44:54.653-0800][76298285ms] GC(22415)   Other: 0.3ms
[2023-11-10T11:44:54.653-0800][76298285ms] GC(22415) Eden regions: 193->0(193)
[2023-11-10T11:44:54.653-0800][76298285ms] GC(22415) Survivor regions: 1->1(25)
[2023-11-10T11:44:54.653-0800][76298285ms] GC(22415) Old regions: 1420->1420
[2023-11-10T11:44:54.653-0800][76298285ms] GC(22415) Humongous regions: 5->5
[2023-11-10T11:44:54.653-0800][76298285ms] GC(22415) Metaspace: 304918K->304918K(1349632K)
[2023-11-10T11:44:54.653-0800][76298285ms] GC(22415) Pause Young (Normal) (G1 Evacuation Pause) 3234M->2848M(3602M) 6.864ms
[2023-11-10T11:44:54.653-0800][76298285ms] GC(22415) User=0.11s Sys=0.00s Real=0.01s
[2023-11-10T11:44:55.199-0800][76298831ms] GC(22416) Pause Young (Normal) (G1 Evacuation Pause)
[2023-11-10T11:44:55.199-0800][76298831ms] GC(22416) Using 10 workers of 10 for evacuation
[2023-11-10T11:44:55.206-0800][76298838ms] GC(22416)   Pre Evacuate Collection Set: 0.1ms
[2023-11-10T11:44:55.206-0800][76298838ms] GC(22416)   Evacuate Collection Set: 2.2ms
[2023-11-10T11:44:55.206-0800][76298838ms] GC(22416)   Post Evacuate Collection Set: 3.4ms
[2023-11-10T11:44:55.206-0800][76298838ms] GC(22416)   Other: 0.4ms
[2023-11-10T11:44:55.206-0800][76298838ms] GC(22416) Eden regions: 193->0(193)
[2023-11-10T11:44:55.206-0800][76298838ms] GC(22416) Survivor regions: 1->1(25)
[2023-11-10T11:44:55.206-0800][76298838ms] GC(22416) Old regions: 1420->1420
[2023-11-10T11:44:55.206-0800][76298838ms] GC(22416) Humongous regions: 5->5
[2023-11-10T11:44:55.206-0800][76298838ms] GC(22416) Metaspace: 304918K->304918K(1349632K)
[2023-11-10T11:44:55.206-0800][76298838ms] GC(22416) Pause Young (Normal) (G1 Evacuation Pause) 3234M->2848M(3602M) 6.037ms
[2023-11-10T11:44:55.206-0800][76298838ms] GC(22416) User=0.00s Sys=0.00s Real=0.01s
[2023-11-10T11:44:55.727-0800][76299359ms] GC(22417) Pause Young (Normal) (G1 Evacuation Pause)
[2023-11-10T11:44:55.727-0800][76299359ms] GC(22417) Using 10 workers of 10 for evacuation
[2023-11-10T11:44:55.732-0800][76299364ms] GC(22417)   Pre Evacuate Collection Set: 0.0ms
[2023-11-10T11:44:55.732-0800][76299364ms] GC(22417)   Evacuate Collection Set: 1.7ms
[2023-11-10T11:44:55.732-0800][76299364ms] GC(22417)   Post Evacuate Collection Set: 3.1ms
[2023-11-10T11:44:55.732-0800][76299364ms] GC(22417)   Other: 0.3ms
[2023-11-10T11:44:55.732-0800][76299364ms] GC(22417) Eden regions: 193->0(193)
[2023-11-10T11:44:55.732-0800][76299364ms] GC(22417) Survivor regions: 1->1(25)
[2023-11-10T11:44:55.732-0800][76299364ms] GC(22417) Old regions: 1420->1420
[2023-11-10T11:44:55.732-0800][76299364ms] GC(22417) Humongous regions: 5->5
[2023-11-10T11:44:55.732-0800][76299364ms] GC(22417) Metaspace: 304918K->304918K(1349632K)
[2023-11-10T11:44:55.732-0800][76299364ms] GC(22417) Pause Young (Normal) (G1 Evacuation Pause) 3234M->2848M(3602M) 5.126ms
[2023-11-10T11:44:55.732-0800][76299364ms] GC(22417) User=0.00s Sys=0.00s Real=0.01s
[2023-11-10T11:44:56.178-0800][76299811ms] GC(22418) Pause Young (Normal) (G1 Evacuation Pause)
[2023-11-10T11:44:56.179-0800][76299811ms] GC(22418) Using 10 workers of 10 for evacuation
[2023-11-10T11:44:56.184-0800][76299816ms] GC(22418)   Pre Evacuate Collection Set: 0.0ms
[2023-11-10T11:44:56.184-0800][76299816ms] GC(22418)   Evacuate Collection Set: 1.7ms
[2023-11-10T11:44:56.184-0800][76299816ms] GC(22418)   Post Evacuate Collection Set: 3.4ms
[2023-11-10T11:44:56.184-0800][76299816ms] GC(22418)   Other: 0.3ms
[2023-11-10T11:44:56.184-0800][76299816ms] GC(22418) Eden regions: 193->0(193)
[2023-11-10T11:44:56.184-0800][76299816ms] GC(22418) Survivor regions: 1->1(25)
[2023-11-10T11:44:56.184-0800][76299816ms] GC(22418) Old regions: 1420->1420
[2023-11-10T11:44:56.184-0800][76299816ms] GC(22418) Humongous regions: 5->5
[2023-11-10T11:44:56.184-0800][76299816ms] GC(22418) Metaspace: 304918K->304918K(1349632K)
[2023-11-10T11:44:56.184-0800][76299816ms] GC(22418) Pause Young (Normal) (G1 Evacuation Pause) 3234M->2848M(3602M) 5.476ms
[2023-11-10T11:44:56.184-0800][76299816ms] GC(22418) User=0.00s Sys=0.00s Real=0.01s
[2023-11-10T11:44:56.621-0800][76300253ms] GC(22419) Pause Young (Normal) (G1 Evacuation Pause)
[2023-11-10T11:44:56.621-0800][76300253ms] GC(22419) Using 10 workers of 10 for evacuation
[2023-11-10T11:44:56.627-0800][76300259ms] GC(22419)   Pre Evacuate Collection Set: 0.0ms
[2023-11-10T11:44:56.627-0800][76300259ms] GC(22419)   Evacuate Collection Set: 2.0ms
[2023-11-10T11:44:56.627-0800][76300259ms] GC(22419)   Post Evacuate Collection Set: 3.1ms
[2023-11-10T11:44:56.627-0800][76300259ms] GC(22419)   Other: 0.3ms
[2023-11-10T11:44:56.627-0800][76300259ms] GC(22419) Eden regions: 193->0(193)
[2023-11-10T11:44:56.627-0800][76300259ms] GC(22419) Survivor regions: 1->1(25)
[2023-11-10T11:44:56.627-0800][76300259ms] GC(22419) Old regions: 1420->1420
[2023-11-10T11:44:56.627-0800][76300259ms] GC(22419) Humongous regions: 5->5
[2023-11-10T11:44:56.627-0800][76300259ms] GC(22419) Metaspace: 304918K->304918K(1349632K)
[2023-11-10T11:44:56.627-0800][76300259ms] GC(22419) Pause Young (Normal) (G1 Evacuation Pause) 3234M->2849M(3602M) 5.541ms
[2023-11-10T11:44:56.627-0800][76300259ms] GC(22419) User=0.00s Sys=0.00s Real=0.01s
[2023-11-10T11:44:57.153-0800][76300785ms] GC(22420) Pause Young (Normal) (G1 Evacuation Pause)
[2023-11-10T11:44:57.153-0800][76300785ms] GC(22420) Using 10 workers of 10 for evacuation
[2023-11-10T11:44:57.158-0800][76300790ms] GC(22420)   Pre Evacuate Collection Set: 0.0ms
[2023-11-10T11:44:57.158-0800][76300790ms] GC(22420)   Evacuate Collection Set: 1.8ms
[2023-11-10T11:44:57.158-0800][76300790ms] GC(22420)   Post Evacuate Collection Set: 3.2ms
[2023-11-10T11:44:57.158-0800][76300790ms] GC(22420)   Other: 0.3ms
[2023-11-10T11:44:57.158-0800][76300790ms] GC(22420) Eden regions: 193->0(193)
[2023-11-10T11:44:57.158-0800][76300790ms] GC(22420) Survivor regions: 1->1(25)
[2023-11-10T11:44:57.158-0800][76300790ms] GC(22420) Old regions: 1420->1420
[2023-11-10T11:44:57.158-0800][76300790ms] GC(22420) Humongous regions: 5->5
[2023-11-10T11:44:57.158-0800][76300790ms] GC(22420) Metaspace: 304918K->304918K(1349632K)
[2023-11-10T11:44:57.158-0800][76300790ms] GC(22420) Pause Young (Normal) (G1 Evacuation Pause) 3235M->2848M(3602M) 5.494ms
[2023-11-10T11:44:57.158-0800][76300790ms] GC(22420) User=0.00s Sys=0.00s Real=0.00s
[2023-11-10T11:44:57.627-0800][76301259ms] GC(22421) Pause Young (Normal) (G1 Evacuation Pause)
[2023-11-10T11:44:57.627-0800][76301259ms] GC(22421) Using 10 workers of 10 for evacuation
[2023-11-10T11:44:57.632-0800][76301264ms] GC(22421)   Pre Evacuate Collection Set: 0.0ms
[2023-11-10T11:44:57.632-0800][76301264ms] GC(22421)   Evacuate Collection Set: 1.6ms
[2023-11-10T11:44:57.632-0800][76301264ms] GC(22421)   Post Evacuate Collection Set: 3.1ms
[2023-11-10T11:44:57.632-0800][76301264ms] GC(22421)   Other: 0.3ms
[2023-11-10T11:44:57.632-0800][76301264ms] GC(22421) Eden regions: 193->0(193)
[2023-11-10T11:44:57.632-0800][76301264ms] GC(22421) Survivor regions: 1->1(25)
[2023-11-10T11:44:57.632-0800][76301264ms] GC(22421) Old regions: 1420->1420
[2023-11-10T11:44:57.632-0800][76301264ms] GC(22421) Humongous regions: 5->5
[2023-11-10T11:44:57.632-0800][76301264ms] GC(22421) Metaspace: 304918K->304918K(1349632K)
[2023-11-10T11:44:57.632-0800][76301264ms] GC(22421) Pause Young (Normal) (G1 Evacuation Pause) 3234M->2848M(3602M) 5.109ms
[2023-11-10T11:44:57.632-0800][76301264ms] GC(22421) User=0.00s Sys=0.00s Real=0.00s
[2023-11-10T11:44:58.193-0800][76301825ms] GC(22422) Pause Young (Normal) (G1 Evacuation Pause)
[2023-11-10T11:44:58.193-0800][76301825ms] GC(22422) Using 10 workers of 10 for evacuation
[2023-11-10T11:44:58.199-0800][76301831ms] GC(22422)   Pre Evacuate Collection Set: 0.1ms
[2023-11-10T11:44:58.199-0800][76301831ms] GC(22422)   Evacuate Collection Set: 1.8ms
[2023-11-10T11:44:58.199-0800][76301831ms] GC(22422)   Post Evacuate Collection Set: 3.2ms
[2023-11-10T11:44:58.199-0800][76301831ms] GC(22422)   Other: 0.3ms
[2023-11-10T11:44:58.199-0800][76301831ms] GC(22422) Eden regions: 193->0(193)
[2023-11-10T11:44:58.199-0800][76301831ms] GC(22422) Survivor regions: 1->1(25)
[2023-11-10T11:44:58.199-0800][76301831ms] GC(22422) Old regions: 1420->1420
[2023-11-10T11:44:58.199-0800][76301831ms] GC(22422) Humongous regions: 5->5
[2023-11-10T11:44:58.199-0800][76301831ms] GC(22422) Metaspace: 304918K->304918K(1349632K)
[2023-11-10T11:44:58.199-0800][76301831ms] GC(22422) Pause Young (Normal) (G1 Evacuation Pause) 3234M->2848M(3602M) 5.525ms
[2023-11-10T11:44:58.199-0800][76301831ms] GC(22422) User=0.13s Sys=0.00s Real=0.01s
[2023-11-10T11:44:58.685-0800][76302317ms] GC(22423) Pause Young (Normal) (G1 Evacuation Pause)
[2023-11-10T11:44:58.685-0800][76302317ms] GC(22423) Using 10 workers of 10 for evacuation
[2023-11-10T11:44:58.691-0800][76302323ms] GC(22423)   Pre Evacuate Collection Set: 0.1ms
[2023-11-10T11:44:58.691-0800][76302323ms] GC(22423)   Evacuate Collection Set: 2.1ms
[2023-11-10T11:44:58.691-0800][76302323ms] GC(22423)   Post Evacuate Collection Set: 3.8ms
[2023-11-10T11:44:58.691-0800][76302323ms] GC(22423)   Other: 0.3ms
[2023-11-10T11:44:58.691-0800][76302323ms] GC(22423) Eden regions: 193->0(193)
[2023-11-10T11:44:58.692-0800][76302324ms] GC(22423) Survivor regions: 1->1(25)
[2023-11-10T11:44:58.692-0800][76302324ms] GC(22423) Old regions: 1420->1420
[2023-11-10T11:44:58.692-0800][76302324ms] GC(22423) Humongous regions: 5->5
[2023-11-10T11:44:58.692-0800][76302324ms] GC(22423) Metaspace: 304918K->304918K(1349632K)
[2023-11-10T11:44:58.692-0800][76302324ms] GC(22423) Pause Young (Normal) (G1 Evacuation Pause) 3234M->2848M(3602M) 6.474ms
[2023-11-10T11:44:58.692-0800][76302324ms] GC(22423) User=0.00s Sys=0.00s Real=0.01s
[2023-11-10T11:44:59.175-0800][76302807ms] GC(22424) Pause Young (Normal) (G1 Evacuation Pause)
[2023-11-10T11:44:59.175-0800][76302807ms] GC(22424) Using 10 workers of 10 for evacuation
[2023-11-10T11:44:59.180-0800][76302812ms] GC(22424)   Pre Evacuate Collection Set: 0.0ms
[2023-11-10T11:44:59.180-0800][76302812ms] GC(22424)   Evacuate Collection Set: 1.6ms
[2023-11-10T11:44:59.180-0800][76302812ms] GC(22424)   Post Evacuate Collection Set: 3.2ms
[2023-11-10T11:44:59.180-0800][76302812ms] GC(22424)   Other: 0.3ms
[2023-11-10T11:44:59.180-0800][76302812ms] GC(22424) Eden regions: 193->0(193)
[2023-11-10T11:44:59.180-0800][76302812ms] GC(22424) Survivor regions: 1->1(25)
[2023-11-10T11:44:59.180-0800][76302812ms] GC(22424) Old regions: 1420->1420
[2023-11-10T11:44:59.180-0800][76302812ms] GC(22424) Humongous regions: 5->5
[2023-11-10T11:44:59.180-0800][76302812ms] GC(22424) Metaspace: 304918K->304918K(1349632K)
[2023-11-10T11:44:59.180-0800][76302812ms] GC(22424) Pause Young (Normal) (G1 Evacuation Pause) 3234M->2848M(3602M) 5.254ms
[2023-11-10T11:44:59.180-0800][76302812ms] GC(22424) User=0.00s Sys=0.00s Real=0.01s
[2023-11-10T11:44:59.683-0800][76303315ms] GC(22425) Pause Young (Normal) (G1 Evacuation Pause)
[2023-11-10T11:44:59.683-0800][76303315ms] GC(22425) Using 10 workers of 10 for evacuation
[2023-11-10T11:44:59.689-0800][76303321ms] GC(22425)   Pre Evacuate Collection Set: 0.0ms
[2023-11-10T11:44:59.689-0800][76303321ms] GC(22425)   Evacuate Collection Set: 1.8ms
[2023-11-10T11:44:59.689-0800][76303321ms] GC(22425)   Post Evacuate Collection Set: 3.3ms
[2023-11-10T11:44:59.689-0800][76303321ms] GC(22425)   Other: 0.3ms
[2023-11-10T11:44:59.689-0800][76303321ms] GC(22425) Eden regions: 193->0(193)
[2023-11-10T11:44:59.689-0800][76303321ms] GC(22425) Survivor regions: 1->1(25)
[2023-11-10T11:44:59.689-0800][76303321ms] GC(22425) Old regions: 1420->1420
[2023-11-10T11:44:59.689-0800][76303321ms] GC(22425) Humongous regions: 5->5
[2023-11-10T11:44:59.689-0800][76303321ms] GC(22425) Metaspace: 304918K->304918K(1349632K)
[2023-11-10T11:44:59.689-0800][76303321ms] GC(22425) Pause Young (Normal) (G1 Evacuation Pause) 3234M->2849M(3602M) 5.568ms
[2023-11-10T11:44:59.689-0800][76303321ms] GC(22425) User=0.00s Sys=0.00s Real=0.01s
[2023-11-10T11:45:00.156-0800][76303788ms] GC(22426) Pause Young (Normal) (G1 Evacuation Pause)
[2023-11-10T11:45:00.156-0800][76303788ms] GC(22426) Using 10 workers of 10 for evacuation
[2023-11-10T11:45:00.162-0800][76303794ms] GC(22426)   Pre Evacuate Collection Set: 0.1ms
[2023-11-10T11:45:00.162-0800][76303794ms] GC(22426)   Evacuate Collection Set: 1.8ms
[2023-11-10T11:45:00.162-0800][76303794ms] GC(22426)   Post Evacuate Collection Set: 3.9ms
[2023-11-10T11:45:00.162-0800][76303794ms] GC(22426)   Other: 0.3ms
[2023-11-10T11:45:00.162-0800][76303794ms] GC(22426) Eden regions: 193->0(192)
[2023-11-10T11:45:00.162-0800][76303794ms] GC(22426) Survivor regions: 1->1(25)
[2023-11-10T11:45:00.162-0800][76303794ms] GC(22426) Old regions: 1420->1420
[2023-11-10T11:45:00.162-0800][76303794ms] GC(22426) Humongous regions: 5->5
[2023-11-10T11:45:00.162-0800][76303794ms] GC(22426) Metaspace: 304918K->304918K(1349632K)
[2023-11-10T11:45:00.162-0800][76303794ms] GC(22426) Pause Young (Normal) (G1 Evacuation Pause) 3235M->2849M(3602M) 6.254ms
[2023-11-10T11:45:00.162-0800][76303794ms] GC(22426) User=0.00s Sys=0.00s Real=0.01s
[2023-11-10T11:45:00.649-0800][76304281ms] GC(22427) Pause Young (Normal) (G1 Evacuation Pause)
[2023-11-10T11:45:00.649-0800][76304281ms] GC(22427) Using 10 workers of 10 for evacuation
[2023-11-10T11:45:00.655-0800][76304287ms] GC(22427)   Pre Evacuate Collection Set: 0.0ms
[2023-11-10T11:45:00.655-0800][76304287ms] GC(22427)   Evacuate Collection Set: 2.0ms
[2023-11-10T11:45:00.655-0800][76304287ms] GC(22427)   Post Evacuate Collection Set: 3.4ms
[2023-11-10T11:45:00.655-0800][76304287ms] GC(22427)   Other: 0.3ms
[2023-11-10T11:45:00.655-0800][76304287ms] GC(22427) Eden regions: 192->0(192)
[2023-11-10T11:45:00.655-0800][76304287ms] GC(22427) Survivor regions: 1->1(25)
[2023-11-10T11:45:00.655-0800][76304287ms] GC(22427) Old regions: 1420->1420
[2023-11-10T11:45:00.655-0800][76304287ms] GC(22427) Humongous regions: 5->5
[2023-11-10T11:45:00.655-0800][76304287ms] GC(22427) Metaspace: 304918K->304918K(1349632K)
[2023-11-10T11:45:00.655-0800][76304287ms] GC(22427) Pause Young (Normal) (G1 Evacuation Pause) 3233M->2849M(3602M) 5.872ms
[2023-11-10T11:45:00.655-0800][76304287ms] GC(22427) User=0.00s Sys=0.00s Real=0.01s
[2023-11-10T11:45:01.145-0800][76304777ms] GC(22428) Pause Young (Normal) (G1 Evacuation Pause)
[2023-11-10T11:45:01.145-0800][76304777ms] GC(22428) Using 10 workers of 10 for evacuation
[2023-11-10T11:45:01.150-0800][76304782ms] GC(22428)   Pre Evacuate Collection Set: 0.0ms
[2023-11-10T11:45:01.150-0800][76304782ms] GC(22428)   Evacuate Collection Set: 1.7ms
[2023-11-10T11:45:01.150-0800][76304782ms] GC(22428)   Post Evacuate Collection Set: 3.3ms
[2023-11-10T11:45:01.150-0800][76304782ms] GC(22428)   Other: 0.3ms
[2023-11-10T11:45:01.150-0800][76304782ms] GC(22428) Eden regions: 192->0(192)
[2023-11-10T11:45:01.150-0800][76304782ms] GC(22428) Survivor regions: 1->1(25)
[2023-11-10T11:45:01.150-0800][76304782ms] GC(22428) Old regions: 1420->1420
[2023-11-10T11:45:01.150-0800][76304782ms] GC(22428) Humongous regions: 5->5
[2023-11-10T11:45:01.150-0800][76304782ms] GC(22428) Metaspace: 304918K->304918K(1349632K)
[2023-11-10T11:45:01.150-0800][76304782ms] GC(22428) Pause Young (Normal) (G1 Evacuation Pause) 3233M->2849M(3602M) 5.461ms
[2023-11-10T11:45:01.150-0800][76304782ms] GC(22428) User=0.00s Sys=0.00s Real=0.01s
[2023-11-10T11:45:01.687-0800][76305319ms] GC(22429) Pause Young (Normal) (G1 Evacuation Pause)
[2023-11-10T11:45:01.687-0800][76305319ms] GC(22429) Using 10 workers of 10 for evacuation
[2023-11-10T11:45:01.693-0800][76305325ms] GC(22429)   Pre Evacuate Collection Set: 0.0ms
[2023-11-10T11:45:01.693-0800][76305325ms] GC(22429)   Evacuate Collection Set: 2.2ms
[2023-11-10T11:45:01.693-0800][76305325ms] GC(22429)   Post Evacuate Collection Set: 3.5ms
[2023-11-10T11:45:01.693-0800][76305325ms] GC(22429)   Other: 0.3ms
[2023-11-10T11:45:01.693-0800][76305325ms] GC(22429) Eden regions: 192->0(192)
[2023-11-10T11:45:01.693-0800][76305325ms] GC(22429) Survivor regions: 1->1(25)
[2023-11-10T11:45:01.693-0800][76305325ms] GC(22429) Old regions: 1420->1420
[2023-11-10T11:45:01.693-0800][76305325ms] GC(22429) Humongous regions: 5->5
[2023-11-10T11:45:01.693-0800][76305325ms] GC(22429) Metaspace: 304918K->304918K(1349632K)
[2023-11-10T11:45:01.693-0800][76305325ms] GC(22429) Pause Young (Normal) (G1 Evacuation Pause) 3233M->2849M(3602M) 6.105ms
[2023-11-10T11:45:01.693-0800][76305325ms] GC(22429) User=0.00s Sys=0.00s Real=0.01s
[2023-11-10T11:45:02.209-0800][76305841ms] GC(22430) Pause Young (Normal) (G1 Evacuation Pause)
[2023-11-10T11:45:02.209-0800][76305841ms] GC(22430) Using 10 workers of 10 for evacuation
[2023-11-10T11:45:02.216-0800][76305848ms] GC(22430)   Pre Evacuate Collection Set: 0.1ms
[2023-11-10T11:45:02.216-0800][76305848ms] GC(22430)   Evacuate Collection Set: 2.6ms
[2023-11-10T11:45:02.216-0800][76305848ms] GC(22430)   Post Evacuate Collection Set: 3.4ms
[2023-11-10T11:45:02.216-0800][76305848ms] GC(22430)   Other: 0.4ms
[2023-11-10T11:45:02.216-0800][76305848ms] GC(22430) Eden regions: 192->0(192)
[2023-11-10T11:45:02.216-0800][76305848ms] GC(22430) Survivor regions: 1->1(25)
[2023-11-10T11:45:02.216-0800][76305848ms] GC(22430) Old regions: 1420->1420
[2023-11-10T11:45:02.216-0800][76305848ms] GC(22430) Humongous regions: 5->5
[2023-11-10T11:45:02.216-0800][76305848ms] GC(22430) Metaspace: 304918K->304918K(1349632K)
[2023-11-10T11:45:02.216-0800][76305848ms] GC(22430) Pause Young (Normal) (G1 Evacuation Pause) 3233M->2849M(3602M) 6.491ms
[2023-11-10T11:45:02.216-0800][76305848ms] GC(22430) User=0.09s Sys=0.00s Real=0.01s
[2023-11-10T11:45:02.651-0800][76306283ms] GC(22431) Pause Young (Normal) (G1 Evacuation Pause)
[2023-11-10T11:45:02.651-0800][76306283ms] GC(22431) Using 10 workers of 10 for evacuation
[2023-11-10T11:45:02.658-0800][76306290ms] GC(22431)   Pre Evacuate Collection Set: 0.1ms
[2023-11-10T11:45:02.659-0800][76306291ms] GC(22431)   Evacuate Collection Set: 2.2ms
[2023-11-10T11:45:02.659-0800][76306291ms] GC(22431)   Post Evacuate Collection Set: 4.0ms
[2023-11-10T11:45:02.659-0800][76306291ms] GC(22431)   Other: 0.4ms
[2023-11-10T11:45:02.659-0800][76306291ms] GC(22431) Eden regions: 192->0(192)
[2023-11-10T11:45:02.659-0800][76306291ms] GC(22431) Survivor regions: 1->1(25)
[2023-11-10T11:45:02.659-0800][76306291ms] GC(22431) Old regions: 1420->1420
[2023-11-10T11:45:02.659-0800][76306291ms] GC(22431) Humongous regions: 5->5
[2023-11-10T11:45:02.659-0800][76306291ms] GC(22431) Metaspace: 304918K->304918K(1349632K)
[2023-11-10T11:45:02.659-0800][76306291ms] GC(22431) Pause Young (Normal) (G1 Evacuation Pause) 3233M->2849M(3602M) 6.820ms
[2023-11-10T11:45:02.659-0800][76306291ms] GC(22431) User=0.00s Sys=0.00s Real=0.01s
[2023-11-10T11:45:03.128-0800][76306760ms] GC(22432) Pause Young (Normal) (G1 Evacuation Pause)
[2023-11-10T11:45:03.128-0800][76306760ms] GC(22432) Using 10 workers of 10 for evacuation
[2023-11-10T11:45:03.136-0800][76306768ms] GC(22432)   Pre Evacuate Collection Set: 0.1ms
[2023-11-10T11:45:03.136-0800][76306768ms] GC(22432)   Evacuate Collection Set: 2.5ms
[2023-11-10T11:45:03.136-0800][76306768ms] GC(22432)   Post Evacuate Collection Set: 5.0ms
[2023-11-10T11:45:03.136-0800][76306768ms] GC(22432)   Other: 0.4ms
[2023-11-10T11:45:03.136-0800][76306768ms] GC(22432) Eden regions: 192->0(192)
[2023-11-10T11:45:03.136-0800][76306768ms] GC(22432) Survivor regions: 1->1(25)
[2023-11-10T11:45:03.136-0800][76306768ms] GC(22432) Old regions: 1420->1420
[2023-11-10T11:45:03.136-0800][76306768ms] GC(22432) Humongous regions: 5->5
[2023-11-10T11:45:03.136-0800][76306768ms] GC(22432) Metaspace: 304918K->304918K(1349632K)
[2023-11-10T11:45:03.136-0800][76306768ms] GC(22432) Pause Young (Normal) (G1 Evacuation Pause) 3233M->2849M(3602M) 8.054ms
[2023-11-10T11:45:03.136-0800][76306768ms] GC(22432) User=0.02s Sys=0.00s Real=0.01s
[2023-11-10T11:45:03.616-0800][76307248ms] GC(22433) Pause Young (Normal) (G1 Evacuation Pause)
[2023-11-10T11:45:03.616-0800][76307248ms] GC(22433) Using 10 workers of 10 for evacuation
[2023-11-10T11:45:03.623-0800][76307255ms] GC(22433)   Pre Evacuate Collection Set: 0.2ms
[2023-11-10T11:45:03.623-0800][76307255ms] GC(22433)   Evacuate Collection Set: 2.0ms
[2023-11-10T11:45:03.623-0800][76307255ms] GC(22433)   Post Evacuate Collection Set: 3.6ms
[2023-11-10T11:45:03.623-0800][76307255ms] GC(22433)   Other: 0.4ms
[2023-11-10T11:45:03.623-0800][76307255ms] GC(22433) Eden regions: 192->0(192)
[2023-11-10T11:45:03.623-0800][76307255ms] GC(22433) Survivor regions: 1->1(25)
[2023-11-10T11:45:03.623-0800][76307255ms] GC(22433) Old regions: 1420->1420
[2023-11-10T11:45:03.623-0800][76307255ms] GC(22433) Humongous regions: 5->5
[2023-11-10T11:45:03.623-0800][76307255ms] GC(22433) Metaspace: 304918K->304918K(1349632K)
[2023-11-10T11:45:03.623-0800][76307255ms] GC(22433) Pause Young (Normal) (G1 Evacuation Pause) 3233M->2849M(3602M) 6.261ms
[2023-11-10T11:45:03.623-0800][76307255ms] GC(22433) User=0.00s Sys=0.00s Real=0.01s
[2023-11-10T11:45:04.067-0800][76307699ms] GC(22434) Pause Young (Normal) (G1 Evacuation Pause)
[2023-11-10T11:45:04.067-0800][76307699ms] GC(22434) Using 10 workers of 10 for evacuation
[2023-11-10T11:45:04.073-0800][76307705ms] GC(22434)   Pre Evacuate Collection Set: 0.1ms
[2023-11-10T11:45:04.073-0800][76307705ms] GC(22434)   Evacuate Collection Set: 2.2ms
[2023-11-10T11:45:04.073-0800][76307705ms] GC(22434)   Post Evacuate Collection Set: 3.1ms
[2023-11-10T11:45:04.073-0800][76307705ms] GC(22434)   Other: 0.4ms
[2023-11-10T11:45:04.073-0800][76307705ms] GC(22434) Eden regions: 192->0(192)
[2023-11-10T11:45:04.073-0800][76307705ms] GC(22434) Survivor regions: 1->1(25)
[2023-11-10T11:45:04.073-0800][76307705ms] GC(22434) Old regions: 1420->1420
[2023-11-10T11:45:04.073-0800][76307705ms] GC(22434) Humongous regions: 5->5
[2023-11-10T11:45:04.073-0800][76307705ms] GC(22434) Metaspace: 304918K->304918K(1349632K)
[2023-11-10T11:45:04.073-0800][76307705ms] GC(22434) Pause Young (Normal) (G1 Evacuation Pause) 3233M->2849M(3602M) 5.812ms
[2023-11-10T11:45:04.073-0800][76307705ms] GC(22434) User=0.00s Sys=0.02s Real=0.01s
[2023-11-10T11:45:04.599-0800][76308231ms] GC(22435) Pause Young (Normal) (G1 Evacuation Pause)
[2023-11-10T11:45:04.599-0800][76308231ms] GC(22435) Using 10 workers of 10 for evacuation
[2023-11-10T11:45:04.606-0800][76308238ms] GC(22435)   Pre Evacuate Collection Set: 0.1ms
[2023-11-10T11:45:04.606-0800][76308238ms] GC(22435)   Evacuate Collection Set: 2.2ms
[2023-11-10T11:45:04.606-0800][76308238ms] GC(22435)   Post Evacuate Collection Set: 3.4ms
[2023-11-10T11:45:04.606-0800][76308238ms] GC(22435)   Other: 0.4ms
[2023-11-10T11:45:04.606-0800][76308238ms] GC(22435) Eden regions: 192->0(192)
[2023-11-10T11:45:04.606-0800][76308238ms] GC(22435) Survivor regions: 1->1(25)
[2023-11-10T11:45:04.606-0800][76308238ms] GC(22435) Old regions: 1420->1420
[2023-11-10T11:45:04.606-0800][76308238ms] GC(22435) Humongous regions: 5->5
[2023-11-10T11:45:04.606-0800][76308238ms] GC(22435) Metaspace: 304918K->304918K(1349632K)
[2023-11-10T11:45:04.606-0800][76308238ms] GC(22435) Pause Young (Normal) (G1 Evacuation Pause) 3233M->2849M(3602M) 6.230ms
[2023-11-10T11:45:04.606-0800][76308238ms] GC(22435) User=0.09s Sys=0.02s Real=0.01s
[2023-11-10T11:45:05.054-0800][76308686ms] GC(22436) Pause Young (Normal) (G1 Evacuation Pause)
[2023-11-10T11:45:05.054-0800][76308686ms] GC(22436) Using 10 workers of 10 for evacuation
[2023-11-10T11:45:05.061-0800][76308693ms] GC(22436)   Pre Evacuate Collection Set: 0.1ms
[2023-11-10T11:45:05.061-0800][76308693ms] GC(22436)   Evacuate Collection Set: 1.8ms
[2023-11-10T11:45:05.061-0800][76308693ms] GC(22436)   Post Evacuate Collection Set: 4.3ms
[2023-11-10T11:45:05.061-0800][76308693ms] GC(22436)   Other: 0.4ms
[2023-11-10T11:45:05.061-0800][76308693ms] GC(22436) Eden regions: 192->0(192)
[2023-11-10T11:45:05.061-0800][76308693ms] GC(22436) Survivor regions: 1->1(25)
[2023-11-10T11:45:05.061-0800][76308693ms] GC(22436) Old regions: 1420->1420
[2023-11-10T11:45:05.061-0800][76308693ms] GC(22436) Humongous regions: 5->5
[2023-11-10T11:45:05.061-0800][76308693ms] GC(22436) Metaspace: 304918K->304918K(1349632K)
[2023-11-10T11:45:05.061-0800][76308693ms] GC(22436) Pause Young (Normal) (G1 Evacuation Pause) 3233M->2849M(3602M) 6.680ms
[2023-11-10T11:45:05.061-0800][76308693ms] GC(22436) User=0.00s Sys=0.00s Real=0.01s
[2023-11-10T11:45:05.542-0800][76309174ms] GC(22437) Pause Young (Normal) (G1 Evacuation Pause)
[2023-11-10T11:45:05.542-0800][76309174ms] GC(22437) Using 10 workers of 10 for evacuation
[2023-11-10T11:45:05.549-0800][76309181ms] GC(22437)   Pre Evacuate Collection Set: 0.0ms
[2023-11-10T11:45:05.549-0800][76309181ms] GC(22437)   Evacuate Collection Set: 2.4ms
[2023-11-10T11:45:05.549-0800][76309181ms] GC(22437)   Post Evacuate Collection Set: 3.5ms
[2023-11-10T11:45:05.549-0800][76309181ms] GC(22437)   Other: 0.3ms
[2023-11-10T11:45:05.549-0800][76309181ms] GC(22437) Eden regions: 192->0(192)
[2023-11-10T11:45:05.549-0800][76309181ms] GC(22437) Survivor regions: 1->1(25)
[2023-11-10T11:45:05.549-0800][76309181ms] GC(22437) Old regions: 1420->1420
[2023-11-10T11:45:05.549-0800][76309181ms] GC(22437) Humongous regions: 5->5
[2023-11-10T11:45:05.549-0800][76309181ms] GC(22437) Metaspace: 304918K->304918K(1349632K)
[2023-11-10T11:45:05.549-0800][76309181ms] GC(22437) Pause Young (Normal) (G1 Evacuation Pause) 3233M->2849M(3602M) 6.403ms
[2023-11-10T11:45:05.549-0800][76309181ms] GC(22437) User=0.00s Sys=0.00s Real=0.01s
[2023-11-10T11:45:06.033-0800][76309665ms] GC(22438) Pause Young (Normal) (G1 Evacuation Pause)
[2023-11-10T11:45:06.033-0800][76309665ms] GC(22438) Using 10 workers of 10 for evacuation
[2023-11-10T11:45:06.038-0800][76309670ms] GC(22438)   Pre Evacuate Collection Set: 0.0ms
[2023-11-10T11:45:06.038-0800][76309670ms] GC(22438)   Evacuate Collection Set: 1.7ms
[2023-11-10T11:45:06.038-0800][76309670ms] GC(22438)   Post Evacuate Collection Set: 2.9ms
[2023-11-10T11:45:06.038-0800][76309670ms] GC(22438)   Other: 0.2ms
[2023-11-10T11:45:06.038-0800][76309670ms] GC(22438) Eden regions: 192->0(192)
[2023-11-10T11:45:06.038-0800][76309670ms] GC(22438) Survivor regions: 1->1(25)
[2023-11-10T11:45:06.038-0800][76309670ms] GC(22438) Old regions: 1420->1420
[2023-11-10T11:45:06.039-0800][76309671ms] GC(22438) Humongous regions: 5->5
[2023-11-10T11:45:06.039-0800][76309671ms] GC(22438) Metaspace: 304918K->304918K(1349632K)
[2023-11-10T11:45:06.039-0800][76309671ms] GC(22438) Pause Young (Normal) (G1 Evacuation Pause) 3233M->2849M(3602M) 5.019ms
[2023-11-10T11:45:06.039-0800][76309671ms] GC(22438) User=0.00s Sys=0.00s Real=0.01s
[2023-11-10T11:45:06.491-0800][76310123ms] GC(22439) Pause Young (Normal) (G1 Evacuation Pause)
[2023-11-10T11:45:06.491-0800][76310123ms] GC(22439) Using 10 workers of 10 for evacuation
[2023-11-10T11:45:06.497-0800][76310129ms] GC(22439)   Pre Evacuate Collection Set: 0.0ms
[2023-11-10T11:45:06.497-0800][76310129ms] GC(22439)   Evacuate Collection Set: 1.8ms
[2023-11-10T11:45:06.497-0800][76310129ms] GC(22439)   Post Evacuate Collection Set: 3.1ms
[2023-11-10T11:45:06.498-0800][76310130ms] GC(22439)   Other: 0.2ms
[2023-11-10T11:45:06.498-0800][76310130ms] GC(22439) Eden regions: 192->0(192)
[2023-11-10T11:45:06.498-0800][76310130ms] GC(22439) Survivor regions: 1->1(25)
[2023-11-10T11:45:06.498-0800][76310130ms] GC(22439) Old regions: 1420->1420
[2023-11-10T11:45:06.498-0800][76310130ms] GC(22439) Humongous regions: 5->5
[2023-11-10T11:45:06.498-0800][76310130ms] GC(22439) Metaspace: 304918K->304918K(1349632K)
[2023-11-10T11:45:06.498-0800][76310130ms] GC(22439) Pause Young (Normal) (G1 Evacuation Pause) 3233M->2849M(3602M) 5.272ms
[2023-11-10T11:45:06.498-0800][76310130ms] GC(22439) User=0.00s Sys=0.00s Real=0.01s
[2023-11-10T11:45:06.977-0800][76310609ms] GC(22440) Pause Young (Normal) (G1 Evacuation Pause)
[2023-11-10T11:45:06.977-0800][76310609ms] GC(22440) Using 10 workers of 10 for evacuation
[2023-11-10T11:45:06.982-0800][76310614ms] GC(22440)   Pre Evacuate Collection Set: 0.0ms
[2023-11-10T11:45:06.982-0800][76310614ms] GC(22440)   Evacuate Collection Set: 1.7ms
[2023-11-10T11:45:06.982-0800][76310614ms] GC(22440)   Post Evacuate Collection Set: 3.1ms
[2023-11-10T11:45:06.982-0800][76310614ms] GC(22440)   Other: 0.4ms
[2023-11-10T11:45:06.982-0800][76310614ms] GC(22440) Eden regions: 192->0(192)
[2023-11-10T11:45:06.982-0800][76310614ms] GC(22440) Survivor regions: 1->1(25)
[2023-11-10T11:45:06.982-0800][76310614ms] GC(22440) Old regions: 1420->1420
[2023-11-10T11:45:06.982-0800][76310614ms] GC(22440) Humongous regions: 5->5
[2023-11-10T11:45:06.982-0800][76310614ms] GC(22440) Metaspace: 304918K->304918K(1349632K)
[2023-11-10T11:45:06.982-0800][76310614ms] GC(22440) Pause Young (Normal) (G1 Evacuation Pause) 3233M->2849M(3602M) 5.316ms
[2023-11-10T11:45:06.982-0800][76310614ms] GC(22440) User=0.00s Sys=0.00s Real=0.01s
[2023-11-10T11:45:07.455-0800][76311087ms] GC(22441) Pause Young (Normal) (G1 Evacuation Pause)
[2023-11-10T11:45:07.455-0800][76311087ms] GC(22441) Using 10 workers of 10 for evacuation
[2023-11-10T11:45:07.461-0800][76311093ms] GC(22441)   Pre Evacuate Collection Set: 0.1ms
[2023-11-10T11:45:07.461-0800][76311093ms] GC(22441)   Evacuate Collection Set: 1.8ms
[2023-11-10T11:45:07.461-0800][76311093ms] GC(22441)   Post Evacuate Collection Set: 3.2ms
[2023-11-10T11:45:07.461-0800][76311093ms] GC(22441)   Other: 0.3ms
[2023-11-10T11:45:07.461-0800][76311093ms] GC(22441) Eden regions: 192->0(192)
[2023-11-10T11:45:07.461-0800][76311093ms] GC(22441) Survivor regions: 1->1(25)
[2023-11-10T11:45:07.461-0800][76311093ms] GC(22441) Old regions: 1420->1420
[2023-11-10T11:45:07.461-0800][76311093ms] GC(22441) Humongous regions: 5->5
[2023-11-10T11:45:07.461-0800][76311093ms] GC(22441) Metaspace: 304918K->304918K(1349632K)
[2023-11-10T11:45:07.461-0800][76311093ms] GC(22441) Pause Young (Normal) (G1 Evacuation Pause) 3233M->2849M(3602M) 5.531ms
[2023-11-10T11:45:07.461-0800][76311093ms] GC(22441) User=0.00s Sys=0.00s Real=0.01s
[2023-11-10T11:45:07.891-0800][76311523ms] GC(22442) Pause Young (Normal) (G1 Evacuation Pause)
[2023-11-10T11:45:07.891-0800][76311523ms] GC(22442) Using 10 workers of 10 for evacuation
[2023-11-10T11:45:07.896-0800][76311528ms] GC(22442)   Pre Evacuate Collection Set: 0.0ms
[2023-11-10T11:45:07.896-0800][76311528ms] GC(22442)   Evacuate Collection Set: 1.8ms
[2023-11-10T11:45:07.896-0800][76311528ms] GC(22442)   Post Evacuate Collection Set: 3.3ms
[2023-11-10T11:45:07.896-0800][76311528ms] GC(22442)   Other: 0.3ms
[2023-11-10T11:45:07.896-0800][76311528ms] GC(22442) Eden regions: 192->0(192)
[2023-11-10T11:45:07.896-0800][76311528ms] GC(22442) Survivor regions: 1->1(25)
[2023-11-10T11:45:07.896-0800][76311528ms] GC(22442) Old regions: 1420->1420
[2023-11-10T11:45:07.896-0800][76311528ms] GC(22442) Humongous regions: 5->5
[2023-11-10T11:45:07.896-0800][76311528ms] GC(22442) Metaspace: 304918K->304918K(1349632K)
[2023-11-10T11:45:07.896-0800][76311528ms] GC(22442) Pause Young (Normal) (G1 Evacuation Pause) 3233M->2849M(3602M) 5.510ms
[2023-11-10T11:45:07.896-0800][76311528ms] GC(22442) User=0.00s Sys=0.00s Real=0.00s
[2023-11-10T11:45:08.308-0800][76311940ms] GC(22443) Pause Young (Normal) (G1 Evacuation Pause)
[2023-11-10T11:45:08.308-0800][76311940ms] GC(22443) Using 10 workers of 10 for evacuation
[2023-11-10T11:45:08.312-0800][76311944ms] GC(22443)   Pre Evacuate Collection Set: 0.0ms
[2023-11-10T11:45:08.312-0800][76311944ms] GC(22443)   Evacuate Collection Set: 1.7ms
[2023-11-10T11:45:08.312-0800][76311944ms] GC(22443)   Post Evacuate Collection Set: 3.1ms
[2023-11-10T11:45:08.312-0800][76311944ms] GC(22443)   Other: 0.3ms
[2023-11-10T11:45:08.312-0800][76311944ms] GC(22443) Eden regions: 192->0(192)
[2023-11-10T11:45:08.312-0800][76311944ms] GC(22443) Survivor regions: 1->1(25)
[2023-11-10T11:45:08.312-0800][76311944ms] GC(22443) Old regions: 1420->1420
[2023-11-10T11:45:08.312-0800][76311944ms] GC(22443) Humongous regions: 5->5
[2023-11-10T11:45:08.312-0800][76311944ms] GC(22443) Metaspace: 304918K->304918K(1349632K)
[2023-11-10T11:45:08.312-0800][76311944ms] GC(22443) Pause Young (Normal) (G1 Evacuation Pause) 3233M->2849M(3602M) 5.174ms
[2023-11-10T11:45:08.312-0800][76311944ms] GC(22443) User=0.00s Sys=0.00s Real=0.00s
[2023-11-10T11:45:08.757-0800][76312389ms] GC(22444) Pause Young (Normal) (G1 Evacuation Pause)
[2023-11-10T11:45:08.757-0800][76312389ms] GC(22444) Using 10 workers of 10 for evacuation
[2023-11-10T11:45:08.763-0800][76312395ms] GC(22444)   Pre Evacuate Collection Set: 0.1ms
[2023-11-10T11:45:08.763-0800][76312395ms] GC(22444)   Evacuate Collection Set: 1.7ms
[2023-11-10T11:45:08.763-0800][76312395ms] GC(22444)   Post Evacuate Collection Set: 4.4ms
[2023-11-10T11:45:08.763-0800][76312395ms] GC(22444)   Other: 0.4ms
[2023-11-10T11:45:08.763-0800][76312395ms] GC(22444) Eden regions: 192->0(192)
[2023-11-10T11:45:08.763-0800][76312395ms] GC(22444) Survivor regions: 1->1(25)
[2023-11-10T11:45:08.763-0800][76312395ms] GC(22444) Old regions: 1420->1420
[2023-11-10T11:45:08.763-0800][76312395ms] GC(22444) Humongous regions: 5->5
[2023-11-10T11:45:08.764-0800][76312396ms] GC(22444) Metaspace: 304918K->304918K(1349632K)
[2023-11-10T11:45:08.764-0800][76312396ms] GC(22444) Pause Young (Normal) (G1 Evacuation Pause) 3233M->2850M(3602M) 6.713ms
[2023-11-10T11:45:08.764-0800][76312396ms] GC(22444) User=0.02s Sys=0.00s Real=0.01s
[2023-11-10T11:45:09.226-0800][76312858ms] GC(22445) Pause Young (Normal) (G1 Evacuation Pause)
[2023-11-10T11:45:09.226-0800][76312858ms] GC(22445) Using 10 workers of 10 for evacuation
[2023-11-10T11:45:09.230-0800][76312862ms] GC(22445)   Pre Evacuate Collection Set: 0.0ms
[2023-11-10T11:45:09.230-0800][76312862ms] GC(22445)   Evacuate Collection Set: 1.9ms
[2023-11-10T11:45:09.230-0800][76312862ms] GC(22445)   Post Evacuate Collection Set: 3.3ms
[2023-11-10T11:45:09.230-0800][76312862ms] GC(22445)   Other: 0.3ms
[2023-11-10T11:45:09.230-0800][76312862ms] GC(22445) Eden regions: 192->0(192)
[2023-11-10T11:45:09.230-0800][76312862ms] GC(22445) Survivor regions: 1->1(25)
[2023-11-10T11:45:09.230-0800][76312862ms] GC(22445) Old regions: 1420->1420
[2023-11-10T11:45:09.230-0800][76312862ms] GC(22445) Humongous regions: 5->5
[2023-11-10T11:45:09.230-0800][76312862ms] GC(22445) Metaspace: 304918K->304918K(1349632K)
[2023-11-10T11:45:09.230-0800][76312862ms] GC(22445) Pause Young (Normal) (G1 Evacuation Pause) 3234M->2849M(3602M) 5.684ms
[2023-11-10T11:45:09.231-0800][76312863ms] GC(22445) User=0.00s Sys=0.00s Real=0.00s
[2023-11-10T11:45:09.694-0800][76313326ms] GC(22446) Pause Young (Normal) (G1 Evacuation Pause)
[2023-11-10T11:45:09.694-0800][76313326ms] GC(22446) Using 10 workers of 10 for evacuation
[2023-11-10T11:45:09.699-0800][76313331ms] GC(22446)   Pre Evacuate Collection Set: 0.1ms
[2023-11-10T11:45:09.699-0800][76313331ms] GC(22446)   Evacuate Collection Set: 1.7ms
[2023-11-10T11:45:09.699-0800][76313331ms] GC(22446)   Post Evacuate Collection Set: 3.0ms
[2023-11-10T11:45:09.699-0800][76313331ms] GC(22446)   Other: 0.3ms
[2023-11-10T11:45:09.699-0800][76313331ms] GC(22446) Eden regions: 192->0(192)
[2023-11-10T11:45:09.699-0800][76313331ms] GC(22446) Survivor regions: 1->1(25)
[2023-11-10T11:45:09.699-0800][76313331ms] GC(22446) Old regions: 1420->1420
[2023-11-10T11:45:09.699-0800][76313331ms] GC(22446) Humongous regions: 5->5
[2023-11-10T11:45:09.699-0800][76313331ms] GC(22446) Metaspace: 304918K->304918K(1349632K)
[2023-11-10T11:45:09.699-0800][76313331ms] GC(22446) Pause Young (Normal) (G1 Evacuation Pause) 3233M->2849M(3602M) 5.077ms
[2023-11-10T11:45:09.700-0800][76313332ms] GC(22446) User=0.00s Sys=0.00s Real=0.01s
[2023-11-10T11:45:10.165-0800][76313797ms] GC(22447) Pause Young (Normal) (G1 Evacuation Pause)
[2023-11-10T11:45:10.165-0800][76313797ms] GC(22447) Using 10 workers of 10 for evacuation
[2023-11-10T11:45:10.171-0800][76313803ms] GC(22447)   Pre Evacuate Collection Set: 0.1ms
[2023-11-10T11:45:10.171-0800][76313803ms] GC(22447)   Evacuate Collection Set: 1.6ms
[2023-11-10T11:45:10.171-0800][76313803ms] GC(22447)   Post Evacuate Collection Set: 3.9ms
[2023-11-10T11:45:10.171-0800][76313803ms] GC(22447)   Other: 0.3ms
[2023-11-10T11:45:10.171-0800][76313803ms] GC(22447) Eden regions: 192->0(192)
[2023-11-10T11:45:10.171-0800][76313803ms] GC(22447) Survivor regions: 1->1(25)
[2023-11-10T11:45:10.171-0800][76313803ms] GC(22447) Old regions: 1420->1420
[2023-11-10T11:45:10.171-0800][76313803ms] GC(22447) Humongous regions: 5->5
[2023-11-10T11:45:10.171-0800][76313803ms] GC(22447) Metaspace: 304918K->304918K(1349632K)
[2023-11-10T11:45:10.171-0800][76313803ms] GC(22447) Pause Young (Normal) (G1 Evacuation Pause) 3233M->2849M(3602M) 5.984ms
[2023-11-10T11:45:10.171-0800][76313803ms] GC(22447) User=0.00s Sys=0.00s Real=0.01s
[2023-11-10T11:45:10.627-0800][76314259ms] GC(22448) Pause Young (Normal) (G1 Evacuation Pause)
[2023-11-10T11:45:10.627-0800][76314259ms] GC(22448) Using 10 workers of 10 for evacuation
[2023-11-10T11:45:10.632-0800][76314264ms] GC(22448)   Pre Evacuate Collection Set: 0.0ms
[2023-11-10T11:45:10.632-0800][76314264ms] GC(22448)   Evacuate Collection Set: 1.7ms
[2023-11-10T11:45:10.632-0800][76314264ms] GC(22448)   Post Evacuate Collection Set: 3.2ms
[2023-11-10T11:45:10.632-0800][76314264ms] GC(22448)   Other: 0.3ms
[2023-11-10T11:45:10.633-0800][76314265ms] GC(22448) Eden regions: 192->0(192)
[2023-11-10T11:45:10.633-0800][76314265ms] GC(22448) Survivor regions: 1->1(25)
[2023-11-10T11:45:10.633-0800][76314265ms] GC(22448) Old regions: 1420->1420
[2023-11-10T11:45:10.633-0800][76314265ms] GC(22448) Humongous regions: 5->5
[2023-11-10T11:45:10.633-0800][76314265ms] GC(22448) Metaspace: 304918K->304918K(1349632K)
[2023-11-10T11:45:10.633-0800][76314265ms] GC(22448) Pause Young (Normal) (G1 Evacuation Pause) 3233M->2849M(3602M) 5.281ms
[2023-11-10T11:45:10.633-0800][76314265ms] GC(22448) User=0.00s Sys=0.00s Real=0.01s
[2023-11-10T11:45:11.085-0800][76314717ms] GC(22449) Pause Young (Normal) (G1 Evacuation Pause)
[2023-11-10T11:45:11.085-0800][76314717ms] GC(22449) Using 10 workers of 10 for evacuation
[2023-11-10T11:45:11.091-0800][76314723ms] GC(22449)   Pre Evacuate Collection Set: 0.1ms
[2023-11-10T11:45:11.091-0800][76314723ms] GC(22449)   Evacuate Collection Set: 2.1ms
[2023-11-10T11:45:11.091-0800][76314723ms] GC(22449)   Post Evacuate Collection Set: 3.8ms
[2023-11-10T11:45:11.091-0800][76314723ms] GC(22449)   Other: 0.4ms
[2023-11-10T11:45:11.091-0800][76314723ms] GC(22449) Eden regions: 192->0(192)
[2023-11-10T11:45:11.091-0800][76314723ms] GC(22449) Survivor regions: 1->1(25)
[2023-11-10T11:45:11.091-0800][76314723ms] GC(22449) Old regions: 1420->1420
[2023-11-10T11:45:11.091-0800][76314723ms] GC(22449) Humongous regions: 5->5
[2023-11-10T11:45:11.091-0800][76314723ms] GC(22449) Metaspace: 304918K->304918K(1349632K)
[2023-11-10T11:45:11.091-0800][76314723ms] GC(22449) Pause Young (Normal) (G1 Evacuation Pause) 3233M->2850M(3602M) 6.424ms
[2023-11-10T11:45:11.091-0800][76314723ms] GC(22449) User=0.00s Sys=0.00s Real=0.01s
[2023-11-10T11:45:11.565-0800][76315197ms] GC(22450) Pause Young (Normal) (G1 Evacuation Pause)
[2023-11-10T11:45:11.565-0800][76315197ms] GC(22450) Using 10 workers of 10 for evacuation
[2023-11-10T11:45:11.571-0800][76315203ms] GC(22450)   Pre Evacuate Collection Set: 0.1ms
[2023-11-10T11:45:11.571-0800][76315203ms] GC(22450)   Evacuate Collection Set: 2.4ms
[2023-11-10T11:45:11.571-0800][76315203ms] GC(22450)   Post Evacuate Collection Set: 3.6ms
[2023-11-10T11:45:11.571-0800][76315203ms] GC(22450)   Other: 0.4ms
[2023-11-10T11:45:11.571-0800][76315203ms] GC(22450) Eden regions: 192->0(192)
[2023-11-10T11:45:11.571-0800][76315203ms] GC(22450) Survivor regions: 1->1(25)
[2023-11-10T11:45:11.571-0800][76315203ms] GC(22450) Old regions: 1420->1420
[2023-11-10T11:45:11.571-0800][76315203ms] GC(22450) Humongous regions: 5->5
[2023-11-10T11:45:11.571-0800][76315203ms] GC(22450) Metaspace: 304918K->304918K(1349632K)
[2023-11-10T11:45:11.571-0800][76315203ms] GC(22450) Pause Young (Normal) (G1 Evacuation Pause) 3234M->2849M(3602M) 6.602ms
[2023-11-10T11:45:11.571-0800][76315203ms] GC(22450) User=0.00s Sys=0.00s Real=0.01s
[2023-11-10T11:45:11.986-0800][76315618ms] GC(22451) Pause Young (Normal) (G1 Evacuation Pause)
[2023-11-10T11:45:11.986-0800][76315618ms] GC(22451) Using 10 workers of 10 for evacuation
[2023-11-10T11:45:11.992-0800][76315624ms] GC(22451)   Pre Evacuate Collection Set: 0.1ms
[2023-11-10T11:45:11.992-0800][76315624ms] GC(22451)   Evacuate Collection Set: 2.1ms
[2023-11-10T11:45:11.992-0800][76315624ms] GC(22451)   Post Evacuate Collection Set: 3.2ms
[2023-11-10T11:45:11.992-0800][76315624ms] GC(22451)   Other: 0.3ms
[2023-11-10T11:45:11.992-0800][76315624ms] GC(22451) Eden regions: 192->0(192)
[2023-11-10T11:45:11.992-0800][76315624ms] GC(22451) Survivor regions: 1->1(25)
[2023-11-10T11:45:11.992-0800][76315624ms] GC(22451) Old regions: 1420->1420
[2023-11-10T11:45:11.992-0800][76315624ms] GC(22451) Humongous regions: 5->5
[2023-11-10T11:45:11.992-0800][76315624ms] GC(22451) Metaspace: 304918K->304918K(1349632K)
[2023-11-10T11:45:11.992-0800][76315624ms] GC(22451) Pause Young (Normal) (G1 Evacuation Pause) 3233M->2849M(3602M) 5.683ms
[2023-11-10T11:45:11.992-0800][76315624ms] GC(22451) User=0.02s Sys=0.00s Real=0.01s
[2023-11-10T11:45:12.464-0800][76316096ms] GC(22452) Pause Young (Normal) (G1 Evacuation Pause)
[2023-11-10T11:45:12.464-0800][76316096ms] GC(22452) Using 10 workers of 10 for evacuation
[2023-11-10T11:45:12.469-0800][76316101ms] GC(22452)   Pre Evacuate Collection Set: 0.1ms
[2023-11-10T11:45:12.469-0800][76316101ms] GC(22452)   Evacuate Collection Set: 2.1ms
[2023-11-10T11:45:12.469-0800][76316101ms] GC(22452)   Post Evacuate Collection Set: 3.2ms
[2023-11-10T11:45:12.469-0800][76316101ms] GC(22452)   Other: 0.3ms
[2023-11-10T11:45:12.469-0800][76316101ms] GC(22452) Eden regions: 192->0(192)
[2023-11-10T11:45:12.469-0800][76316101ms] GC(22452) Survivor regions: 1->1(25)
[2023-11-10T11:45:12.469-0800][76316101ms] GC(22452) Old regions: 1420->1420
[2023-11-10T11:45:12.469-0800][76316101ms] GC(22452) Humongous regions: 5->5
[2023-11-10T11:45:12.469-0800][76316101ms] GC(22452) Metaspace: 304918K->304918K(1349632K)
[2023-11-10T11:45:12.469-0800][76316101ms] GC(22452) Pause Young (Normal) (G1 Evacuation Pause) 3233M->2849M(3602M) 5.825ms
[2023-11-10T11:45:12.469-0800][76316101ms] GC(22452) User=0.00s Sys=0.00s Real=0.01s
[2023-11-10T11:45:12.898-0800][76316530ms] GC(22453) Pause Young (Normal) (G1 Evacuation Pause)
[2023-11-10T11:45:12.898-0800][76316530ms] GC(22453) Using 10 workers of 10 for evacuation
[2023-11-10T11:45:12.904-0800][76316536ms] GC(22453)   Pre Evacuate Collection Set: 0.1ms
[2023-11-10T11:45:12.904-0800][76316536ms] GC(22453)   Evacuate Collection Set: 2.2ms
[2023-11-10T11:45:12.904-0800][76316536ms] GC(22453)   Post Evacuate Collection Set: 3.4ms
[2023-11-10T11:45:12.904-0800][76316536ms] GC(22453)   Other: 0.3ms
[2023-11-10T11:45:12.904-0800][76316536ms] GC(22453) Eden regions: 192->0(192)
[2023-11-10T11:45:12.904-0800][76316536ms] GC(22453) Survivor regions: 1->1(25)
[2023-11-10T11:45:12.904-0800][76316536ms] GC(22453) Old regions: 1420->1420
[2023-11-10T11:45:12.904-0800][76316536ms] GC(22453) Humongous regions: 5->5
[2023-11-10T11:45:12.904-0800][76316536ms] GC(22453) Metaspace: 304918K->304918K(1349632K)
[2023-11-10T11:45:12.904-0800][76316536ms] GC(22453) Pause Young (Normal) (G1 Evacuation Pause) 3233M->2849M(3602M) 6.085ms
[2023-11-10T11:45:12.904-0800][76316536ms] GC(22453) User=0.00s Sys=0.00s Real=0.01s
[2023-11-10T11:45:13.392-0800][76317024ms] GC(22454) Pause Young (Normal) (G1 Evacuation Pause)
[2023-11-10T11:45:13.392-0800][76317024ms] GC(22454) Using 10 workers of 10 for evacuation
[2023-11-10T11:45:13.396-0800][76317028ms] GC(22454)   Pre Evacuate Collection Set: 0.0ms
[2023-11-10T11:45:13.396-0800][76317028ms] GC(22454)   Evacuate Collection Set: 1.7ms
[2023-11-10T11:45:13.396-0800][76317028ms] GC(22454)   Post Evacuate Collection Set: 3.2ms
[2023-11-10T11:45:13.396-0800][76317028ms] GC(22454)   Other: 0.3ms
[2023-11-10T11:45:13.396-0800][76317028ms] GC(22454) Eden regions: 192->0(192)
[2023-11-10T11:45:13.396-0800][76317028ms] GC(22454) Survivor regions: 1->1(25)
[2023-11-10T11:45:13.396-0800][76317028ms] GC(22454) Old regions: 1420->1420
[2023-11-10T11:45:13.396-0800][76317028ms] GC(22454) Humongous regions: 5->5
[2023-11-10T11:45:13.396-0800][76317028ms] GC(22454) Metaspace: 304918K->304918K(1349632K)
[2023-11-10T11:45:13.396-0800][76317028ms] GC(22454) Pause Young (Normal) (G1 Evacuation Pause) 3233M->2849M(3602M) 5.254ms
[2023-11-10T11:45:13.396-0800][76317028ms] GC(22454) User=0.00s Sys=0.00s Real=0.00s
[2023-11-10T11:45:13.883-0800][76317515ms] GC(22455) Pause Young (Normal) (G1 Evacuation Pause)
[2023-11-10T11:45:13.883-0800][76317515ms] GC(22455) Using 10 workers of 10 for evacuation
[2023-11-10T11:45:13.888-0800][76317520ms] GC(22455)   Pre Evacuate Collection Set: 0.1ms
[2023-11-10T11:45:13.888-0800][76317520ms] GC(22455)   Evacuate Collection Set: 1.9ms
[2023-11-10T11:45:13.888-0800][76317520ms] GC(22455)   Post Evacuate Collection Set: 4.0ms
[2023-11-10T11:45:13.889-0800][76317521ms] GC(22455)   Other: 0.3ms
[2023-11-10T11:45:13.889-0800][76317521ms] GC(22455) Eden regions: 192->0(192)
[2023-11-10T11:45:13.889-0800][76317521ms] GC(22455) Survivor regions: 1->1(25)
[2023-11-10T11:45:13.889-0800][76317521ms] GC(22455) Old regions: 1420->1420
[2023-11-10T11:45:13.889-0800][76317521ms] GC(22455) Humongous regions: 5->5
[2023-11-10T11:45:13.889-0800][76317521ms] GC(22455) Metaspace: 304918K->304918K(1349632K)
[2023-11-10T11:45:13.889-0800][76317521ms] GC(22455) Pause Young (Normal) (G1 Evacuation Pause) 3233M->2849M(3602M) 6.282ms
[2023-11-10T11:45:13.889-0800][76317521ms] GC(22455) User=0.00s Sys=0.00s Real=0.01s
[2023-11-10T11:45:14.287-0800][76317919ms] GC(22456) Pause Young (Normal) (G1 Evacuation Pause)
[2023-11-10T11:45:14.287-0800][76317919ms] GC(22456) Using 10 workers of 10 for evacuation
[2023-11-10T11:45:14.292-0800][76317924ms] GC(22456)   Pre Evacuate Collection Set: 0.0ms
[2023-11-10T11:45:14.292-0800][76317924ms] GC(22456)   Evacuate Collection Set: 2.0ms
[2023-11-10T11:45:14.292-0800][76317924ms] GC(22456)   Post Evacuate Collection Set: 3.2ms
[2023-11-10T11:45:14.292-0800][76317924ms] GC(22456)   Other: 0.3ms
[2023-11-10T11:45:14.292-0800][76317924ms] GC(22456) Eden regions: 192->0(192)
[2023-11-10T11:45:14.292-0800][76317924ms] GC(22456) Survivor regions: 1->1(25)
[2023-11-10T11:45:14.292-0800][76317924ms] GC(22456) Old regions: 1420->1420
[2023-11-10T11:45:14.292-0800][76317924ms] GC(22456) Humongous regions: 5->5
[2023-11-10T11:45:14.292-0800][76317924ms] GC(22456) Metaspace: 304918K->304918K(1349632K)
[2023-11-10T11:45:14.292-0800][76317924ms] GC(22456) Pause Young (Normal) (G1 Evacuation Pause) 3233M->2850M(3602M) 5.677ms
[2023-11-10T11:45:14.292-0800][76317924ms] GC(22456) User=0.08s Sys=0.02s Real=0.01s
[2023-11-10T11:45:14.761-0800][76318393ms] GC(22457) Pause Young (Normal) (G1 Evacuation Pause)
[2023-11-10T11:45:14.761-0800][76318393ms] GC(22457) Using 10 workers of 10 for evacuation
[2023-11-10T11:45:14.770-0800][76318402ms] GC(22457)   Pre Evacuate Collection Set: 0.1ms
[2023-11-10T11:45:14.770-0800][76318402ms] GC(22457)   Evacuate Collection Set: 2.7ms
[2023-11-10T11:45:14.770-0800][76318402ms] GC(22457)   Post Evacuate Collection Set: 5.9ms
[2023-11-10T11:45:14.770-0800][76318402ms] GC(22457)   Other: 0.4ms
[2023-11-10T11:45:14.770-0800][76318402ms] GC(22457) Eden regions: 192->0(192)
[2023-11-10T11:45:14.770-0800][76318402ms] GC(22457) Survivor regions: 1->1(25)
[2023-11-10T11:45:14.770-0800][76318402ms] GC(22457) Old regions: 1420->1420
[2023-11-10T11:45:14.770-0800][76318402ms] GC(22457) Humongous regions: 5->5
[2023-11-10T11:45:14.770-0800][76318402ms] GC(22457) Metaspace: 304918K->304918K(1349632K)
[2023-11-10T11:45:14.770-0800][76318402ms] GC(22457) Pause Young (Normal) (G1 Evacuation Pause) 3234M->2850M(3602M) 9.213ms
[2023-11-10T11:45:14.770-0800][76318402ms] GC(22457) User=0.00s Sys=0.00s Real=0.01s
[2023-11-10T11:45:15.220-0800][76318852ms] GC(22458) Pause Young (Normal) (G1 Evacuation Pause)
[2023-11-10T11:45:15.220-0800][76318852ms] GC(22458) Using 10 workers of 10 for evacuation
[2023-11-10T11:45:15.226-0800][76318858ms] GC(22458)   Pre Evacuate Collection Set: 0.1ms
[2023-11-10T11:45:15.226-0800][76318858ms] GC(22458)   Evacuate Collection Set: 1.7ms
[2023-11-10T11:45:15.226-0800][76318858ms] GC(22458)   Post Evacuate Collection Set: 3.1ms
[2023-11-10T11:45:15.226-0800][76318858ms] GC(22458)   Other: 0.3ms
[2023-11-10T11:45:15.226-0800][76318858ms] GC(22458) Eden regions: 192->0(192)
[2023-11-10T11:45:15.226-0800][76318858ms] GC(22458) Survivor regions: 1->1(25)
[2023-11-10T11:45:15.226-0800][76318858ms] GC(22458) Old regions: 1420->1420
[2023-11-10T11:45:15.226-0800][76318858ms] GC(22458) Humongous regions: 5->5
[2023-11-10T11:45:15.226-0800][76318858ms] GC(22458) Metaspace: 304918K->304918K(1349632K)
[2023-11-10T11:45:15.226-0800][76318858ms] GC(22458) Pause Young (Normal) (G1 Evacuation Pause) 3234M->2849M(3602M) 5.266ms
[2023-11-10T11:45:15.226-0800][76318858ms] GC(22458) User=0.02s Sys=0.00s Real=0.01s
[2023-11-10T11:45:15.685-0800][76319317ms] GC(22459) Pause Young (Normal) (G1 Evacuation Pause)
[2023-11-10T11:45:15.685-0800][76319317ms] GC(22459) Using 10 workers of 10 for evacuation
[2023-11-10T11:45:15.690-0800][76319322ms] GC(22459)   Pre Evacuate Collection Set: 0.0ms
[2023-11-10T11:45:15.690-0800][76319322ms] GC(22459)   Evacuate Collection Set: 2.1ms
[2023-11-10T11:45:15.690-0800][76319322ms] GC(22459)   Post Evacuate Collection Set: 3.1ms
[2023-11-10T11:45:15.691-0800][76319323ms] GC(22459)   Other: 0.3ms
[2023-11-10T11:45:15.691-0800][76319323ms] GC(22459) Eden regions: 192->0(192)
[2023-11-10T11:45:15.691-0800][76319323ms] GC(22459) Survivor regions: 1->1(25)
[2023-11-10T11:45:15.691-0800][76319323ms] GC(22459) Old regions: 1420->1420
[2023-11-10T11:45:15.691-0800][76319323ms] GC(22459) Humongous regions: 5->5
[2023-11-10T11:45:15.691-0800][76319323ms] GC(22459) Metaspace: 304918K->304918K(1349632K)
[2023-11-10T11:45:15.691-0800][76319323ms] GC(22459) Pause Young (Normal) (G1 Evacuation Pause) 3233M->2849M(3602M) 5.599ms
[2023-11-10T11:45:15.691-0800][76319323ms] GC(22459) User=0.00s Sys=0.00s Real=0.01s
[2023-11-10T11:45:16.185-0800][76319817ms] GC(22460) Pause Young (Normal) (G1 Evacuation Pause)
[2023-11-10T11:45:16.185-0800][76319817ms] GC(22460) Using 10 workers of 10 for evacuation
[2023-11-10T11:45:16.191-0800][76319823ms] GC(22460)   Pre Evacuate Collection Set: 0.0ms
[2023-11-10T11:45:16.191-0800][76319823ms] GC(22460)   Evacuate Collection Set: 2.0ms
[2023-11-10T11:45:16.191-0800][76319823ms] GC(22460)   Post Evacuate Collection Set: 3.4ms
[2023-11-10T11:45:16.191-0800][76319823ms] GC(22460)   Other: 0.2ms
[2023-11-10T11:45:16.191-0800][76319823ms] GC(22460) Eden regions: 192->0(193)
[2023-11-10T11:45:16.191-0800][76319823ms] GC(22460) Survivor regions: 1->1(25)
[2023-11-10T11:45:16.191-0800][76319823ms] GC(22460) Old regions: 1420->1420
[2023-11-10T11:45:16.191-0800][76319823ms] GC(22460) Humongous regions: 5->5
[2023-11-10T11:45:16.191-0800][76319823ms] GC(22460) Metaspace: 304918K->304918K(1349632K)
[2023-11-10T11:45:16.191-0800][76319823ms] GC(22460) Pause Young (Normal) (G1 Evacuation Pause) 3233M->2849M(3602M) 5.821ms
[2023-11-10T11:45:16.191-0800][76319823ms] GC(22460) User=0.00s Sys=0.00s Real=0.01s
[2023-11-10T11:45:16.715-0800][76320347ms] GC(22461) Pause Young (Normal) (G1 Evacuation Pause)
[2023-11-10T11:45:16.715-0800][76320347ms] GC(22461) Using 10 workers of 10 for evacuation
[2023-11-10T11:45:16.719-0800][76320351ms] GC(22461)   Pre Evacuate Collection Set: 0.0ms
[2023-11-10T11:45:16.719-0800][76320351ms] GC(22461)   Evacuate Collection Set: 1.7ms
[2023-11-10T11:45:16.719-0800][76320351ms] GC(22461)   Post Evacuate Collection Set: 2.9ms
[2023-11-10T11:45:16.719-0800][76320351ms] GC(22461)   Other: 0.3ms
[2023-11-10T11:45:16.719-0800][76320351ms] GC(22461) Eden regions: 193->0(192)
[2023-11-10T11:45:16.719-0800][76320351ms] GC(22461) Survivor regions: 1->1(25)
[2023-11-10T11:45:16.719-0800][76320351ms] GC(22461) Old regions: 1420->1420
[2023-11-10T11:45:16.719-0800][76320351ms] GC(22461) Humongous regions: 5->5
[2023-11-10T11:45:16.719-0800][76320351ms] GC(22461) Metaspace: 304918K->304918K(1349632K)
[2023-11-10T11:45:16.719-0800][76320351ms] GC(22461) Pause Young (Normal) (G1 Evacuation Pause) 3235M->2850M(3602M) 5.036ms
[2023-11-10T11:45:16.720-0800][76320352ms] GC(22461) User=0.00s Sys=0.00s Real=0.01s
[2023-11-10T11:45:17.187-0800][76320819ms] GC(22462) Pause Young (Normal) (G1 Evacuation Pause)
[2023-11-10T11:45:17.187-0800][76320819ms] GC(22462) Using 10 workers of 10 for evacuation
[2023-11-10T11:45:17.191-0800][76320823ms] GC(22462)   Pre Evacuate Collection Set: 0.0ms
[2023-11-10T11:45:17.191-0800][76320823ms] GC(22462)   Evacuate Collection Set: 1.7ms
[2023-11-10T11:45:17.191-0800][76320823ms] GC(22462)   Post Evacuate Collection Set: 3.1ms
[2023-11-10T11:45:17.191-0800][76320823ms] GC(22462)   Other: 0.3ms
[2023-11-10T11:45:17.191-0800][76320823ms] GC(22462) Eden regions: 192->0(192)
[2023-11-10T11:45:17.191-0800][76320823ms] GC(22462) Survivor regions: 1->1(25)
[2023-11-10T11:45:17.191-0800][76320823ms] GC(22462) Old regions: 1420->1420
[2023-11-10T11:45:17.191-0800][76320823ms] GC(22462) Humongous regions: 5->5
[2023-11-10T11:45:17.191-0800][76320823ms] GC(22462) Metaspace: 304918K->304918K(1349632K)
[2023-11-10T11:45:17.191-0800][76320823ms] GC(22462) Pause Young (Normal) (G1 Evacuation Pause) 3234M->2850M(3602M) 5.145ms
[2023-11-10T11:45:17.191-0800][76320823ms] GC(22462) User=0.00s Sys=0.00s Real=0.00s
[2023-11-10T11:45:17.658-0800][76321290ms] GC(22463) Pause Young (Normal) (G1 Evacuation Pause)
[2023-11-10T11:45:17.658-0800][76321290ms] GC(22463) Using 10 workers of 10 for evacuation
[2023-11-10T11:45:17.663-0800][76321295ms] GC(22463)   Pre Evacuate Collection Set: 0.0ms
[2023-11-10T11:45:17.663-0800][76321295ms] GC(22463)   Evacuate Collection Set: 1.7ms
[2023-11-10T11:45:17.663-0800][76321295ms] GC(22463)   Post Evacuate Collection Set: 3.6ms
[2023-11-10T11:45:17.664-0800][76321296ms] GC(22463)   Other: 0.3ms
[2023-11-10T11:45:17.664-0800][76321296ms] GC(22463) Eden regions: 192->0(192)
[2023-11-10T11:45:17.664-0800][76321296ms] GC(22463) Survivor regions: 1->1(25)
[2023-11-10T11:45:17.664-0800][76321296ms] GC(22463) Old regions: 1420->1420
[2023-11-10T11:45:17.664-0800][76321296ms] GC(22463) Humongous regions: 5->5
[2023-11-10T11:45:17.664-0800][76321296ms] GC(22463) Metaspace: 304918K->304918K(1349632K)
[2023-11-10T11:45:17.664-0800][76321296ms] GC(22463) Pause Young (Normal) (G1 Evacuation Pause) 3234M->2850M(3602M) 5.720ms
[2023-11-10T11:45:17.664-0800][76321296ms] GC(22463) User=0.00s Sys=0.00s Real=0.01s
[2023-11-10T11:45:18.171-0800][76321803ms] GC(22464) Pause Young (Normal) (G1 Evacuation Pause)
[2023-11-10T11:45:18.171-0800][76321803ms] GC(22464) Using 10 workers of 10 for evacuation
[2023-11-10T11:45:18.175-0800][76321807ms] GC(22464)   Pre Evacuate Collection Set: 0.0ms
[2023-11-10T11:45:18.175-0800][76321807ms] GC(22464)   Evacuate Collection Set: 1.6ms
[2023-11-10T11:45:18.175-0800][76321807ms] GC(22464)   Post Evacuate Collection Set: 3.1ms
[2023-11-10T11:45:18.175-0800][76321807ms] GC(22464)   Other: 0.2ms
[2023-11-10T11:45:18.175-0800][76321808ms] GC(22464) Eden regions: 192->0(192)
[2023-11-10T11:45:18.176-0800][76321808ms] GC(22464) Survivor regions: 1->1(25)
[2023-11-10T11:45:18.176-0800][76321808ms] GC(22464) Old regions: 1420->1420
[2023-11-10T11:45:18.176-0800][76321808ms] GC(22464) Humongous regions: 5->5
[2023-11-10T11:45:18.176-0800][76321808ms] GC(22464) Metaspace: 304918K->304918K(1349632K)
[2023-11-10T11:45:18.176-0800][76321808ms] GC(22464) Pause Young (Normal) (G1 Evacuation Pause) 3234M->2850M(3602M) 5.158ms
[2023-11-10T11:45:18.176-0800][76321808ms] GC(22464) User=0.00s Sys=0.00s Real=0.01s
[2023-11-10T11:45:18.651-0800][76322283ms] GC(22465) Pause Young (Normal) (G1 Evacuation Pause)
[2023-11-10T11:45:18.651-0800][76322283ms] GC(22465) Using 10 workers of 10 for evacuation
[2023-11-10T11:45:18.657-0800][76322289ms] GC(22465)   Pre Evacuate Collection Set: 0.0ms
[2023-11-10T11:45:18.657-0800][76322289ms] GC(22465)   Evacuate Collection Set: 1.8ms
[2023-11-10T11:45:18.657-0800][76322289ms] GC(22465)   Post Evacuate Collection Set: 3.4ms
[2023-11-10T11:45:18.657-0800][76322289ms] GC(22465)   Other: 0.3ms
[2023-11-10T11:45:18.657-0800][76322289ms] GC(22465) Eden regions: 192->0(192)
[2023-11-10T11:45:18.657-0800][76322289ms] GC(22465) Survivor regions: 1->1(25)
[2023-11-10T11:45:18.657-0800][76322289ms] GC(22465) Old regions: 1420->1420
[2023-11-10T11:45:18.657-0800][76322289ms] GC(22465) Humongous regions: 5->5
[2023-11-10T11:45:18.657-0800][76322289ms] GC(22465) Metaspace: 304918K->304918K(1349632K)
[2023-11-10T11:45:18.657-0800][76322289ms] GC(22465) Pause Young (Normal) (G1 Evacuation Pause) 3234M->2850M(3602M) 5.652ms
[2023-11-10T11:45:18.657-0800][76322289ms] GC(22465) User=0.00s Sys=0.00s Real=0.01s
[2023-11-10T11:45:19.166-0800][76322798ms] GC(22466) Pause Young (Normal) (G1 Evacuation Pause)
[2023-11-10T11:45:19.166-0800][76322798ms] GC(22466) Using 10 workers of 10 for evacuation
[2023-11-10T11:45:19.171-0800][76322803ms] GC(22466)   Pre Evacuate Collection Set: 0.0ms
[2023-11-10T11:45:19.171-0800][76322803ms] GC(22466)   Evacuate Collection Set: 1.6ms
[2023-11-10T11:45:19.171-0800][76322803ms] GC(22466)   Post Evacuate Collection Set: 3.6ms
[2023-11-10T11:45:19.171-0800][76322803ms] GC(22466)   Other: 0.3ms
[2023-11-10T11:45:19.171-0800][76322803ms] GC(22466) Eden regions: 192->0(192)
[2023-11-10T11:45:19.171-0800][76322803ms] GC(22466) Survivor regions: 1->1(25)
[2023-11-10T11:45:19.171-0800][76322804ms] GC(22466) Old regions: 1420->1420
[2023-11-10T11:45:19.172-0800][76322804ms] GC(22466) Humongous regions: 5->5
[2023-11-10T11:45:19.172-0800][76322804ms] GC(22466) Metaspace: 304918K->304918K(1349632K)
[2023-11-10T11:45:19.172-0800][76322804ms] GC(22466) Pause Young (Normal) (G1 Evacuation Pause) 3234M->2850M(3602M) 5.617ms
[2023-11-10T11:45:19.172-0800][76322804ms] GC(22466) User=0.00s Sys=0.00s Real=0.01s
[2023-11-10T11:45:19.636-0800][76323268ms] GC(22467) Pause Young (Normal) (G1 Evacuation Pause)
[2023-11-10T11:45:19.636-0800][76323268ms] GC(22467) Using 10 workers of 10 for evacuation
[2023-11-10T11:45:19.642-0800][76323274ms] GC(22467)   Pre Evacuate Collection Set: 0.0ms
[2023-11-10T11:45:19.642-0800][76323274ms] GC(22467)   Evacuate Collection Set: 1.9ms
[2023-11-10T11:45:19.642-0800][76323274ms] GC(22467)   Post Evacuate Collection Set: 3.2ms
[2023-11-10T11:45:19.642-0800][76323274ms] GC(22467)   Other: 0.3ms
[2023-11-10T11:45:19.642-0800][76323274ms] GC(22467) Eden regions: 192->0(192)
[2023-11-10T11:45:19.642-0800][76323274ms] GC(22467) Survivor regions: 1->1(25)
[2023-11-10T11:45:19.642-0800][76323274ms] GC(22467) Old regions: 1420->1420
[2023-11-10T11:45:19.642-0800][76323274ms] GC(22467) Humongous regions: 5->5
[2023-11-10T11:45:19.642-0800][76323274ms] GC(22467) Metaspace: 304918K->304918K(1349632K)
[2023-11-10T11:45:19.642-0800][76323274ms] GC(22467) Pause Young (Normal) (G1 Evacuation Pause) 3234M->2850M(3602M) 5.631ms
[2023-11-10T11:45:19.642-0800][76323274ms] GC(22467) User=0.00s Sys=0.00s Real=0.01s
[2023-11-10T11:45:20.109-0800][76323741ms] GC(22468) Pause Young (Normal) (G1 Evacuation Pause)
[2023-11-10T11:45:20.109-0800][76323741ms] GC(22468) Using 10 workers of 10 for evacuation
[2023-11-10T11:45:20.114-0800][76323746ms] GC(22468)   Pre Evacuate Collection Set: 0.0ms
[2023-11-10T11:45:20.114-0800][76323746ms] GC(22468)   Evacuate Collection Set: 1.7ms
[2023-11-10T11:45:20.114-0800][76323746ms] GC(22468)   Post Evacuate Collection Set: 3.0ms
[2023-11-10T11:45:20.114-0800][76323746ms] GC(22468)   Other: 0.3ms
[2023-11-10T11:45:20.114-0800][76323746ms] GC(22468) Eden regions: 192->0(192)
[2023-11-10T11:45:20.114-0800][76323746ms] GC(22468) Survivor regions: 1->1(25)
[2023-11-10T11:45:20.114-0800][76323746ms] GC(22468) Old regions: 1420->1420
[2023-11-10T11:45:20.114-0800][76323746ms] GC(22468) Humongous regions: 5->5
[2023-11-10T11:45:20.114-0800][76323746ms] GC(22468) Metaspace: 304918K->304918K(1349632K)
[2023-11-10T11:45:20.114-0800][76323746ms] GC(22468) Pause Young (Normal) (G1 Evacuation Pause) 3234M->2850M(3602M) 5.147ms
[2023-11-10T11:45:20.115-0800][76323747ms] GC(22468) User=0.00s Sys=0.00s Real=0.01s
[2023-11-10T11:45:20.617-0800][76324249ms] GC(22469) Pause Young (Normal) (G1 Evacuation Pause)
[2023-11-10T11:45:20.617-0800][76324249ms] GC(22469) Using 10 workers of 10 for evacuation
[2023-11-10T11:45:20.623-0800][76324255ms] GC(22469)   Pre Evacuate Collection Set: 0.0ms
[2023-11-10T11:45:20.623-0800][76324255ms] GC(22469)   Evacuate Collection Set: 2.1ms
[2023-11-10T11:45:20.623-0800][76324255ms] GC(22469)   Post Evacuate Collection Set: 3.0ms
[2023-11-10T11:45:20.623-0800][76324255ms] GC(22469)   Other: 0.3ms
[2023-11-10T11:45:20.623-0800][76324255ms] GC(22469) Eden regions: 192->0(192)
[2023-11-10T11:45:20.623-0800][76324255ms] GC(22469) Survivor regions: 1->1(25)
[2023-11-10T11:45:20.623-0800][76324255ms] GC(22469) Old regions: 1420->1420
[2023-11-10T11:45:20.623-0800][76324255ms] GC(22469) Humongous regions: 5->5
[2023-11-10T11:45:20.623-0800][76324255ms] GC(22469) Metaspace: 304918K->304918K(1349632K)
[2023-11-10T11:45:20.623-0800][76324255ms] GC(22469) Pause Young (Normal) (G1 Evacuation Pause) 3234M->2850M(3602M) 5.571ms
[2023-11-10T11:45:20.623-0800][76324255ms] GC(22469) User=0.00s Sys=0.00s Real=0.01s
[2023-11-10T11:45:21.067-0800][76324699ms] GC(22470) Pause Young (Normal) (G1 Evacuation Pause)
[2023-11-10T11:45:21.067-0800][76324699ms] GC(22470) Using 10 workers of 10 for evacuation
[2023-11-10T11:45:21.072-0800][76324704ms] GC(22470)   Pre Evacuate Collection Set: 0.0ms
[2023-11-10T11:45:21.072-0800][76324704ms] GC(22470)   Evacuate Collection Set: 1.9ms
[2023-11-10T11:45:21.072-0800][76324704ms] GC(22470)   Post Evacuate Collection Set: 3.4ms
[2023-11-10T11:45:21.072-0800][76324704ms] GC(22470)   Other: 0.3ms
[2023-11-10T11:45:21.072-0800][76324704ms] GC(22470) Eden regions: 192->0(192)
[2023-11-10T11:45:21.072-0800][76324704ms] GC(22470) Survivor regions: 1->1(25)
[2023-11-10T11:45:21.072-0800][76324704ms] GC(22470) Old regions: 1420->1420
[2023-11-10T11:45:21.072-0800][76324704ms] GC(22470) Humongous regions: 5->5
[2023-11-10T11:45:21.072-0800][76324704ms] GC(22470) Metaspace: 304918K->304918K(1349632K)
[2023-11-10T11:45:21.072-0800][76324704ms] GC(22470) Pause Young (Normal) (G1 Evacuation Pause) 3234M->2851M(3602M) 5.825ms
[2023-11-10T11:45:21.072-0800][76324704ms] GC(22470) User=0.00s Sys=0.00s Real=0.01s
[2023-11-10T11:45:21.505-0800][76325137ms] GC(22471) Pause Young (Normal) (G1 Evacuation Pause)
[2023-11-10T11:45:21.505-0800][76325137ms] GC(22471) Using 10 workers of 10 for evacuation
[2023-11-10T11:45:21.510-0800][76325142ms] GC(22471)   Pre Evacuate Collection Set: 0.0ms
[2023-11-10T11:45:21.510-0800][76325142ms] GC(22471)   Evacuate Collection Set: 1.7ms
[2023-11-10T11:45:21.510-0800][76325142ms] GC(22471)   Post Evacuate Collection Set: 3.0ms
[2023-11-10T11:45:21.510-0800][76325142ms] GC(22471)   Other: 0.2ms
[2023-11-10T11:45:21.510-0800][76325142ms] GC(22471) Eden regions: 192->0(192)
[2023-11-10T11:45:21.510-0800][76325142ms] GC(22471) Survivor regions: 1->1(25)
[2023-11-10T11:45:21.510-0800][76325142ms] GC(22471) Old regions: 1420->1420
[2023-11-10T11:45:21.510-0800][76325142ms] GC(22471) Humongous regions: 5->5
[2023-11-10T11:45:21.510-0800][76325142ms] GC(22471) Metaspace: 304918K->304918K(1349632K)
[2023-11-10T11:45:21.510-0800][76325142ms] GC(22471) Pause Young (Normal) (G1 Evacuation Pause) 3235M->2850M(3602M) 5.041ms
[2023-11-10T11:45:21.510-0800][76325142ms] GC(22471) User=0.03s Sys=0.00s Real=0.00s
[2023-11-10T11:45:21.968-0800][76325600ms] GC(22472) Pause Young (Normal) (G1 Evacuation Pause)
[2023-11-10T11:45:21.968-0800][76325600ms] GC(22472) Using 10 workers of 10 for evacuation
[2023-11-10T11:45:21.973-0800][76325605ms] GC(22472)   Pre Evacuate Collection Set: 0.0ms
[2023-11-10T11:45:21.973-0800][76325605ms] GC(22472)   Evacuate Collection Set: 1.7ms
[2023-11-10T11:45:21.973-0800][76325605ms] GC(22472)   Post Evacuate Collection Set: 3.2ms
[2023-11-10T11:45:21.973-0800][76325605ms] GC(22472)   Other: 0.3ms
[2023-11-10T11:45:21.973-0800][76325605ms] GC(22472) Eden regions: 192->0(192)
[2023-11-10T11:45:21.973-0800][76325605ms] GC(22472) Survivor regions: 1->1(25)
[2023-11-10T11:45:21.973-0800][76325605ms] GC(22472) Old regions: 1420->1420
[2023-11-10T11:45:21.973-0800][76325605ms] GC(22472) Humongous regions: 5->5
[2023-11-10T11:45:21.973-0800][76325605ms] GC(22472) Metaspace: 304918K->304918K(1349632K)
[2023-11-10T11:45:21.973-0800][76325605ms] GC(22472) Pause Young (Normal) (G1 Evacuation Pause) 3234M->2850M(3602M) 5.375ms
[2023-11-10T11:45:21.973-0800][76325605ms] GC(22472) User=0.00s Sys=0.00s Real=0.01s
[2023-11-10T11:45:22.512-0800][76326144ms] GC(22473) Pause Young (Normal) (G1 Evacuation Pause)
[2023-11-10T11:45:22.512-0800][76326144ms] GC(22473) Using 10 workers of 10 for evacuation
[2023-11-10T11:45:22.518-0800][76326150ms] GC(22473)   Pre Evacuate Collection Set: 0.1ms
[2023-11-10T11:45:22.518-0800][76326150ms] GC(22473)   Evacuate Collection Set: 1.8ms
[2023-11-10T11:45:22.518-0800][76326150ms] GC(22473)   Post Evacuate Collection Set: 3.5ms
[2023-11-10T11:45:22.518-0800][76326150ms] GC(22473)   Other: 0.4ms
[2023-11-10T11:45:22.518-0800][76326150ms] GC(22473) Eden regions: 192->0(192)
[2023-11-10T11:45:22.518-0800][76326150ms] GC(22473) Survivor regions: 1->1(25)
[2023-11-10T11:45:22.518-0800][76326150ms] GC(22473) Old regions: 1420->1420
[2023-11-10T11:45:22.518-0800][76326150ms] GC(22473) Humongous regions: 5->5
[2023-11-10T11:45:22.518-0800][76326150ms] GC(22473) Metaspace: 304918K->304918K(1349632K)
[2023-11-10T11:45:22.518-0800][76326150ms] GC(22473) Pause Young (Normal) (G1 Evacuation Pause) 3234M->2850M(3602M) 5.824ms
[2023-11-10T11:45:22.518-0800][76326150ms] GC(22473) User=0.00s Sys=0.00s Real=0.01s
[2023-11-10T11:45:23.009-0800][76326641ms] GC(22474) Pause Young (Normal) (G1 Evacuation Pause)
[2023-11-10T11:45:23.009-0800][76326641ms] GC(22474) Using 10 workers of 10 for evacuation
[2023-11-10T11:45:23.015-0800][76326647ms] GC(22474)   Pre Evacuate Collection Set: 0.1ms
[2023-11-10T11:45:23.015-0800][76326647ms] GC(22474)   Evacuate Collection Set: 1.6ms
[2023-11-10T11:45:23.015-0800][76326647ms] GC(22474)   Post Evacuate Collection Set: 3.1ms
[2023-11-10T11:45:23.015-0800][76326647ms] GC(22474)   Other: 0.4ms
[2023-11-10T11:45:23.015-0800][76326647ms] GC(22474) Eden regions: 192->0(192)
[2023-11-10T11:45:23.015-0800][76326647ms] GC(22474) Survivor regions: 1->1(25)
[2023-11-10T11:45:23.015-0800][76326647ms] GC(22474) Old regions: 1420->1420
[2023-11-10T11:45:23.015-0800][76326647ms] GC(22474) Humongous regions: 5->5
[2023-11-10T11:45:23.015-0800][76326647ms] GC(22474) Metaspace: 304918K->304918K(1349632K)
[2023-11-10T11:45:23.015-0800][76326647ms] GC(22474) Pause Young (Normal) (G1 Evacuation Pause) 3234M->2850M(3602M) 5.239ms
[2023-11-10T11:45:23.015-0800][76326647ms] GC(22474) User=0.00s Sys=0.00s Real=0.01s
[2023-11-10T11:45:23.494-0800][76327126ms] GC(22475) Pause Young (Normal) (G1 Evacuation Pause)
[2023-11-10T11:45:23.494-0800][76327126ms] GC(22475) Using 10 workers of 10 for evacuation
[2023-11-10T11:45:23.499-0800][76327131ms] GC(22475)   Pre Evacuate Collection Set: 0.0ms
[2023-11-10T11:45:23.499-0800][76327131ms] GC(22475)   Evacuate Collection Set: 1.7ms
[2023-11-10T11:45:23.499-0800][76327131ms] GC(22475)   Post Evacuate Collection Set: 3.7ms
[2023-11-10T11:45:23.499-0800][76327131ms] GC(22475)   Other: 0.3ms
[2023-11-10T11:45:23.499-0800][76327131ms] GC(22475) Eden regions: 192->0(192)
[2023-11-10T11:45:23.499-0800][76327131ms] GC(22475) Survivor regions: 1->1(25)
[2023-11-10T11:45:23.499-0800][76327131ms] GC(22475) Old regions: 1420->1420
[2023-11-10T11:45:23.499-0800][76327131ms] GC(22475) Humongous regions: 5->5
[2023-11-10T11:45:23.499-0800][76327131ms] GC(22475) Metaspace: 304918K->304918K(1349632K)
[2023-11-10T11:45:23.499-0800][76327131ms] GC(22475) Pause Young (Normal) (G1 Evacuation Pause) 3234M->2850M(3602M) 5.863ms
[2023-11-10T11:45:23.499-0800][76327131ms] GC(22475) User=0.00s Sys=0.00s Real=0.01s
[2023-11-10T11:45:23.969-0800][76327601ms] GC(22476) Pause Young (Normal) (G1 Evacuation Pause)
[2023-11-10T11:45:23.970-0800][76327602ms] GC(22476) Using 10 workers of 10 for evacuation
[2023-11-10T11:45:23.976-0800][76327608ms] GC(22476)   Pre Evacuate Collection Set: 0.1ms
[2023-11-10T11:45:23.976-0800][76327608ms] GC(22476)   Evacuate Collection Set: 1.8ms
[2023-11-10T11:45:23.976-0800][76327608ms] GC(22476)   Post Evacuate Collection Set: 4.2ms
[2023-11-10T11:45:23.976-0800][76327608ms] GC(22476)   Other: 0.4ms
[2023-11-10T11:45:23.976-0800][76327608ms] GC(22476) Eden regions: 192->0(192)
[2023-11-10T11:45:23.976-0800][76327608ms] GC(22476) Survivor regions: 1->1(25)
[2023-11-10T11:45:23.976-0800][76327608ms] GC(22476) Old regions: 1420->1421
[2023-11-10T11:45:23.976-0800][76327608ms] GC(22476) Humongous regions: 5->5
[2023-11-10T11:45:23.976-0800][76327608ms] GC(22476) Metaspace: 304918K->304918K(1349632K)
[2023-11-10T11:45:23.976-0800][76327608ms] GC(22476) Pause Young (Normal) (G1 Evacuation Pause) 3234M->2850M(3602M) 6.640ms
[2023-11-10T11:45:23.977-0800][76327609ms] GC(22476) User=0.02s Sys=0.00s Real=0.01s
[2023-11-10T11:45:24.506-0800][76328138ms] GC(22477) Pause Young (Normal) (G1 Evacuation Pause)
[2023-11-10T11:45:24.506-0800][76328138ms] GC(22477) Using 10 workers of 10 for evacuation
[2023-11-10T11:45:24.512-0800][76328144ms] GC(22477)   Pre Evacuate Collection Set: 0.1ms
[2023-11-10T11:45:24.512-0800][76328144ms] GC(22477)   Evacuate Collection Set: 2.0ms
[2023-11-10T11:45:24.512-0800][76328144ms] GC(22477)   Post Evacuate Collection Set: 3.2ms
[2023-11-10T11:45:24.512-0800][76328144ms] GC(22477)   Other: 0.4ms
[2023-11-10T11:45:24.512-0800][76328144ms] GC(22477) Eden regions: 192->0(192)
[2023-11-10T11:45:24.512-0800][76328144ms] GC(22477) Survivor regions: 1->1(25)
[2023-11-10T11:45:24.512-0800][76328144ms] GC(22477) Old regions: 1421->1421
[2023-11-10T11:45:24.512-0800][76328144ms] GC(22477) Humongous regions: 5->5
[2023-11-10T11:45:24.512-0800][76328144ms] GC(22477) Metaspace: 304918K->304918K(1349632K)
[2023-11-10T11:45:24.512-0800][76328144ms] GC(22477) Pause Young (Normal) (G1 Evacuation Pause) 3234M->2850M(3602M) 5.803ms
[2023-11-10T11:45:24.512-0800][76328144ms] GC(22477) User=0.03s Sys=0.00s Real=0.01s
[2023-11-10T11:45:25.021-0800][76328653ms] GC(22478) Pause Young (Normal) (G1 Evacuation Pause)
[2023-11-10T11:45:25.021-0800][76328653ms] GC(22478) Using 10 workers of 10 for evacuation
[2023-11-10T11:45:25.028-0800][76328660ms] GC(22478)   Pre Evacuate Collection Set: 0.1ms
[2023-11-10T11:45:25.028-0800][76328660ms] GC(22478)   Evacuate Collection Set: 2.5ms
[2023-11-10T11:45:25.028-0800][76328660ms] GC(22478)   Post Evacuate Collection Set: 4.9ms
[2023-11-10T11:45:25.028-0800][76328660ms] GC(22478)   Other: 0.4ms
[2023-11-10T11:45:25.028-0800][76328660ms] GC(22478) Eden regions: 192->0(192)
[2023-11-10T11:45:25.028-0800][76328660ms] GC(22478) Survivor regions: 1->1(25)
[2023-11-10T11:45:25.028-0800][76328660ms] GC(22478) Old regions: 1421->1421
[2023-11-10T11:45:25.028-0800][76328660ms] GC(22478) Humongous regions: 5->5
[2023-11-10T11:45:25.028-0800][76328660ms] GC(22478) Metaspace: 304918K->304918K(1349632K)
[2023-11-10T11:45:25.028-0800][76328660ms] GC(22478) Pause Young (Normal) (G1 Evacuation Pause) 3234M->2850M(3602M) 7.995ms
[2023-11-10T11:45:25.028-0800][76328660ms] GC(22478) User=0.03s Sys=0.00s Real=0.01s
[2023-11-10T11:45:25.461-0800][76329093ms] GC(22479) Pause Young (Normal) (G1 Evacuation Pause)
[2023-11-10T11:45:25.461-0800][76329093ms] GC(22479) Using 10 workers of 10 for evacuation
[2023-11-10T11:45:25.467-0800][76329099ms] GC(22479)   Pre Evacuate Collection Set: 0.0ms
[2023-11-10T11:45:25.467-0800][76329099ms] GC(22479)   Evacuate Collection Set: 1.9ms
[2023-11-10T11:45:25.467-0800][76329099ms] GC(22479)   Post Evacuate Collection Set: 4.6ms
[2023-11-10T11:45:25.467-0800][76329099ms] GC(22479)   Other: 0.3ms
[2023-11-10T11:45:25.467-0800][76329099ms] GC(22479) Eden regions: 192->0(192)
[2023-11-10T11:45:25.467-0800][76329099ms] GC(22479) Survivor regions: 1->1(25)
[2023-11-10T11:45:25.467-0800][76329099ms] GC(22479) Old regions: 1421->1421
[2023-11-10T11:45:25.467-0800][76329099ms] GC(22479) Humongous regions: 5->5
[2023-11-10T11:45:25.467-0800][76329099ms] GC(22479) Metaspace: 304918K->304918K(1349632K)
[2023-11-10T11:45:25.467-0800][76329099ms] GC(22479) Pause Young (Normal) (G1 Evacuation Pause) 3234M->2850M(3602M) 7.010ms
[2023-11-10T11:45:25.467-0800][76329099ms] GC(22479) User=0.00s Sys=0.00s Real=0.01s
[2023-11-10T11:45:25.932-0800][76329564ms] GC(22480) Pause Young (Normal) (G1 Evacuation Pause)
[2023-11-10T11:45:25.932-0800][76329564ms] GC(22480) Using 10 workers of 10 for evacuation
[2023-11-10T11:45:25.938-0800][76329570ms] GC(22480)   Pre Evacuate Collection Set: 0.0ms
[2023-11-10T11:45:25.938-0800][76329570ms] GC(22480)   Evacuate Collection Set: 1.8ms
[2023-11-10T11:45:25.939-0800][76329571ms] GC(22480)   Post Evacuate Collection Set: 4.4ms
[2023-11-10T11:45:25.939-0800][76329571ms] GC(22480)   Other: 0.3ms
[2023-11-10T11:45:25.939-0800][76329571ms] GC(22480) Eden regions: 192->0(192)
[2023-11-10T11:45:25.939-0800][76329571ms] GC(22480) Survivor regions: 1->1(25)
[2023-11-10T11:45:25.939-0800][76329571ms] GC(22480) Old regions: 1421->1421
[2023-11-10T11:45:25.939-0800][76329571ms] GC(22480) Humongous regions: 5->5
[2023-11-10T11:45:25.939-0800][76329571ms] GC(22480) Metaspace: 304918K->304918K(1349632K)
[2023-11-10T11:45:25.939-0800][76329571ms] GC(22480) Pause Young (Normal) (G1 Evacuation Pause) 3234M->2850M(3602M) 6.631ms
[2023-11-10T11:45:25.939-0800][76329571ms] GC(22480) User=0.00s Sys=0.00s Real=0.01s
[2023-11-10T11:45:26.428-0800][76330060ms] GC(22481) Pause Young (Normal) (G1 Evacuation Pause)
[2023-11-10T11:45:26.428-0800][76330060ms] GC(22481) Using 10 workers of 10 for evacuation
[2023-11-10T11:45:26.434-0800][76330066ms] GC(22481)   Pre Evacuate Collection Set: 0.0ms
[2023-11-10T11:45:26.434-0800][76330066ms] GC(22481)   Evacuate Collection Set: 1.9ms
[2023-11-10T11:45:26.434-0800][76330066ms] GC(22481)   Post Evacuate Collection Set: 4.5ms
[2023-11-10T11:45:26.435-0800][76330067ms] GC(22481)   Other: 0.3ms
[2023-11-10T11:45:26.435-0800][76330067ms] GC(22481) Eden regions: 192->0(192)
[2023-11-10T11:45:26.435-0800][76330067ms] GC(22481) Survivor regions: 1->1(25)
[2023-11-10T11:45:26.435-0800][76330067ms] GC(22481) Old regions: 1421->1421
[2023-11-10T11:45:26.435-0800][76330067ms] GC(22481) Humongous regions: 5->5
[2023-11-10T11:45:26.435-0800][76330067ms] GC(22481) Metaspace: 304918K->304918K(1349632K)
[2023-11-10T11:45:26.435-0800][76330067ms] GC(22481) Pause Young (Normal) (G1 Evacuation Pause) 3234M->2850M(3602M) 6.945ms
[2023-11-10T11:45:26.435-0800][76330067ms] GC(22481) User=0.03s Sys=0.00s Real=0.01s
[2023-11-10T11:45:26.864-0800][76330496ms] GC(22482) Pause Young (Normal) (G1 Evacuation Pause)
[2023-11-10T11:45:26.864-0800][76330496ms] GC(22482) Using 10 workers of 10 for evacuation
[2023-11-10T11:45:26.869-0800][76330501ms] GC(22482)   Pre Evacuate Collection Set: 0.0ms
[2023-11-10T11:45:26.869-0800][76330501ms] GC(22482)   Evacuate Collection Set: 1.8ms
[2023-11-10T11:45:26.869-0800][76330501ms] GC(22482)   Post Evacuate Collection Set: 3.6ms
[2023-11-10T11:45:26.870-0800][76330502ms] GC(22482)   Other: 0.3ms
[2023-11-10T11:45:26.870-0800][76330502ms] GC(22482) Eden regions: 192->0(192)
[2023-11-10T11:45:26.870-0800][76330502ms] GC(22482) Survivor regions: 1->1(25)
[2023-11-10T11:45:26.870-0800][76330502ms] GC(22482) Old regions: 1421->1421
[2023-11-10T11:45:26.870-0800][76330502ms] GC(22482) Humongous regions: 5->5
[2023-11-10T11:45:26.870-0800][76330502ms] GC(22482) Metaspace: 304918K->304918K(1349632K)
[2023-11-10T11:45:26.870-0800][76330502ms] GC(22482) Pause Young (Normal) (G1 Evacuation Pause) 3234M->2850M(3602M) 5.853ms
[2023-11-10T11:45:26.870-0800][76330502ms] GC(22482) User=0.00s Sys=0.00s Real=0.01s
[2023-11-10T11:45:27.338-0800][76330970ms] GC(22483) Pause Young (Normal) (G1 Evacuation Pause)
[2023-11-10T11:45:27.338-0800][76330970ms] GC(22483) Using 10 workers of 10 for evacuation
[2023-11-10T11:45:27.344-0800][76330976ms] GC(22483)   Pre Evacuate Collection Set: 0.0ms
[2023-11-10T11:45:27.344-0800][76330976ms] GC(22483)   Evacuate Collection Set: 1.7ms
[2023-11-10T11:45:27.344-0800][76330976ms] GC(22483)   Post Evacuate Collection Set: 3.6ms
[2023-11-10T11:45:27.344-0800][76330976ms] GC(22483)   Other: 0.3ms
[2023-11-10T11:45:27.344-0800][76330976ms] GC(22483) Eden regions: 192->0(192)
[2023-11-10T11:45:27.344-0800][76330976ms] GC(22483) Survivor regions: 1->1(25)
[2023-11-10T11:45:27.344-0800][76330976ms] GC(22483) Old regions: 1421->1421
[2023-11-10T11:45:27.344-0800][76330976ms] GC(22483) Humongous regions: 5->5
[2023-11-10T11:45:27.344-0800][76330976ms] GC(22483) Metaspace: 304918K->304918K(1349632K)
[2023-11-10T11:45:27.344-0800][76330976ms] GC(22483) Pause Young (Normal) (G1 Evacuation Pause) 3234M->2850M(3602M) 5.715ms
[2023-11-10T11:45:27.344-0800][76330976ms] GC(22483) User=0.00s Sys=0.00s Real=0.01s
[2023-11-10T11:45:27.833-0800][76331465ms] GC(22484) Pause Young (Normal) (G1 Evacuation Pause)
[2023-11-10T11:45:27.833-0800][76331465ms] GC(22484) Using 10 workers of 10 for evacuation
[2023-11-10T11:45:27.840-0800][76331472ms] GC(22484)   Pre Evacuate Collection Set: 0.1ms
[2023-11-10T11:45:27.840-0800][76331472ms] GC(22484)   Evacuate Collection Set: 1.8ms
[2023-11-10T11:45:27.840-0800][76331472ms] GC(22484)   Post Evacuate Collection Set: 4.3ms
[2023-11-10T11:45:27.840-0800][76331472ms] GC(22484)   Other: 0.3ms
[2023-11-10T11:45:27.840-0800][76331472ms] GC(22484) Eden regions: 192->0(192)
[2023-11-10T11:45:27.840-0800][76331472ms] GC(22484) Survivor regions: 1->1(25)
[2023-11-10T11:45:27.840-0800][76331472ms] GC(22484) Old regions: 1421->1421
[2023-11-10T11:45:27.840-0800][76331472ms] GC(22484) Humongous regions: 5->5
[2023-11-10T11:45:27.840-0800][76331472ms] GC(22484) Metaspace: 304918K->304918K(1349632K)
[2023-11-10T11:45:27.840-0800][76331472ms] GC(22484) Pause Young (Normal) (G1 Evacuation Pause) 3234M->2850M(3602M) 6.643ms
[2023-11-10T11:45:27.840-0800][76331472ms] GC(22484) User=0.03s Sys=0.00s Real=0.01s
[2023-11-10T11:45:28.286-0800][76331918ms] GC(22485) Pause Young (Normal) (G1 Evacuation Pause)
[2023-11-10T11:45:28.286-0800][76331918ms] GC(22485) Using 10 workers of 10 for evacuation
[2023-11-10T11:45:28.291-0800][76331923ms] GC(22485)   Pre Evacuate Collection Set: 0.0ms
[2023-11-10T11:45:28.291-0800][76331923ms] GC(22485)   Evacuate Collection Set: 1.6ms
[2023-11-10T11:45:28.291-0800][76331923ms] GC(22485)   Post Evacuate Collection Set: 3.1ms
[2023-11-10T11:45:28.291-0800][76331923ms] GC(22485)   Other: 0.2ms
[2023-11-10T11:45:28.291-0800][76331923ms] GC(22485) Eden regions: 192->0(192)
[2023-11-10T11:45:28.291-0800][76331923ms] GC(22485) Survivor regions: 1->1(25)
[2023-11-10T11:45:28.291-0800][76331923ms] GC(22485) Old regions: 1421->1421
[2023-11-10T11:45:28.291-0800][76331923ms] GC(22485) Humongous regions: 5->5
[2023-11-10T11:45:28.291-0800][76331923ms] GC(22485) Metaspace: 304918K->304918K(1349632K)
[2023-11-10T11:45:28.291-0800][76331923ms] GC(22485) Pause Young (Normal) (G1 Evacuation Pause) 3234M->2850M(3602M) 5.070ms
[2023-11-10T11:45:28.291-0800][76331923ms] GC(22485) User=0.08s Sys=0.00s Real=0.00s
[2023-11-10T11:45:28.785-0800][76332417ms] GC(22486) Pause Young (Normal) (G1 Evacuation Pause)
[2023-11-10T11:45:28.785-0800][76332417ms] GC(22486) Using 10 workers of 10 for evacuation
[2023-11-10T11:45:28.789-0800][76332421ms] GC(22486)   Pre Evacuate Collection Set: 0.0ms
[2023-11-10T11:45:28.790-0800][76332422ms] GC(22486)   Evacuate Collection Set: 1.7ms
[2023-11-10T11:45:28.790-0800][76332422ms] GC(22486)   Post Evacuate Collection Set: 3.0ms
[2023-11-10T11:45:28.790-0800][76332422ms] GC(22486)   Other: 0.3ms
[2023-11-10T11:45:28.790-0800][76332422ms] GC(22486) Eden regions: 192->0(192)
[2023-11-10T11:45:28.790-0800][76332422ms] GC(22486) Survivor regions: 1->1(25)
[2023-11-10T11:45:28.790-0800][76332422ms] GC(22486) Old regions: 1421->1421
[2023-11-10T11:45:28.790-0800][76332422ms] GC(22486) Humongous regions: 5->5
[2023-11-10T11:45:28.790-0800][76332422ms] GC(22486) Metaspace: 304918K->304918K(1349632K)
[2023-11-10T11:45:28.790-0800][76332422ms] GC(22486) Pause Young (Normal) (G1 Evacuation Pause) 3234M->2850M(3602M) 5.129ms
[2023-11-10T11:45:28.790-0800][76332422ms] GC(22486) User=0.00s Sys=0.00s Real=0.00s
[2023-11-10T11:45:29.247-0800][76332879ms] GC(22487) Pause Young (Normal) (G1 Evacuation Pause)
[2023-11-10T11:45:29.247-0800][76332879ms] GC(22487) Using 10 workers of 10 for evacuation
[2023-11-10T11:45:29.254-0800][76332886ms] GC(22487)   Pre Evacuate Collection Set: 0.0ms
[2023-11-10T11:45:29.254-0800][76332886ms] GC(22487)   Evacuate Collection Set: 1.7ms
[2023-11-10T11:45:29.254-0800][76332886ms] GC(22487)   Post Evacuate Collection Set: 4.2ms
[2023-11-10T11:45:29.254-0800][76332886ms] GC(22487)   Other: 0.4ms
[2023-11-10T11:45:29.254-0800][76332886ms] GC(22487) Eden regions: 192->0(192)
[2023-11-10T11:45:29.254-0800][76332886ms] GC(22487) Survivor regions: 1->1(25)
[2023-11-10T11:45:29.254-0800][76332886ms] GC(22487) Old regions: 1421->1421
[2023-11-10T11:45:29.254-0800][76332886ms] GC(22487) Humongous regions: 5->5
[2023-11-10T11:45:29.254-0800][76332886ms] GC(22487) Metaspace: 304918K->304918K(1349632K)
[2023-11-10T11:45:29.254-0800][76332886ms] GC(22487) Pause Young (Normal) (G1 Evacuation Pause) 3234M->2850M(3602M) 6.427ms
[2023-11-10T11:45:29.254-0800][76332886ms] GC(22487) User=0.00s Sys=0.00s Real=0.01s
[2023-11-10T11:45:29.728-0800][76333360ms] GC(22488) Pause Young (Normal) (G1 Evacuation Pause)
[2023-11-10T11:45:29.728-0800][76333360ms] GC(22488) Using 10 workers of 10 for evacuation
[2023-11-10T11:45:29.734-0800][76333366ms] GC(22488)   Pre Evacuate Collection Set: 0.1ms
[2023-11-10T11:45:29.734-0800][76333366ms] GC(22488)   Evacuate Collection Set: 1.7ms
[2023-11-10T11:45:29.734-0800][76333366ms] GC(22488)   Post Evacuate Collection Set: 3.7ms
[2023-11-10T11:45:29.734-0800][76333366ms] GC(22488)   Other: 0.3ms
[2023-11-10T11:45:29.734-0800][76333366ms] GC(22488) Eden regions: 192->0(192)
[2023-11-10T11:45:29.734-0800][76333366ms] GC(22488) Survivor regions: 1->1(25)
[2023-11-10T11:45:29.734-0800][76333366ms] GC(22488) Old regions: 1421->1421
[2023-11-10T11:45:29.734-0800][76333366ms] GC(22488) Humongous regions: 5->5
[2023-11-10T11:45:29.734-0800][76333366ms] GC(22488) Metaspace: 304918K->304918K(1349632K)
[2023-11-10T11:45:29.734-0800][76333366ms] GC(22488) Pause Young (Normal) (G1 Evacuation Pause) 3234M->2850M(3602M) 5.959ms
[2023-11-10T11:45:29.734-0800][76333366ms] GC(22488) User=0.00s Sys=0.00s Real=0.01s
[2023-11-10T11:45:30.194-0800][76333826ms] GC(22489) Pause Young (Normal) (G1 Evacuation Pause)
[2023-11-10T11:45:30.194-0800][76333826ms] GC(22489) Using 10 workers of 10 for evacuation
[2023-11-10T11:45:30.199-0800][76333831ms] GC(22489)   Pre Evacuate Collection Set: 0.0ms
[2023-11-10T11:45:30.199-0800][76333831ms] GC(22489)   Evacuate Collection Set: 1.6ms
[2023-11-10T11:45:30.199-0800][76333831ms] GC(22489)   Post Evacuate Collection Set: 3.0ms
[2023-11-10T11:45:30.199-0800][76333831ms] GC(22489)   Other: 0.2ms
[2023-11-10T11:45:30.199-0800][76333831ms] GC(22489) Eden regions: 192->0(192)
[2023-11-10T11:45:30.199-0800][76333831ms] GC(22489) Survivor regions: 1->1(25)
[2023-11-10T11:45:30.199-0800][76333831ms] GC(22489) Old regions: 1421->1421
[2023-11-10T11:45:30.199-0800][76333831ms] GC(22489) Humongous regions: 5->5
[2023-11-10T11:45:30.199-0800][76333831ms] GC(22489) Metaspace: 304918K->304918K(1349632K)
[2023-11-10T11:45:30.199-0800][76333831ms] GC(22489) Pause Young (Normal) (G1 Evacuation Pause) 3234M->2850M(3602M) 5.024ms
[2023-11-10T11:45:30.199-0800][76333831ms] GC(22489) User=0.00s Sys=0.00s Real=0.00s
[2023-11-10T11:45:30.543-0800][76334175ms] GC(22490) Pause Young (Normal) (G1 Evacuation Pause)
[2023-11-10T11:45:30.543-0800][76334175ms] GC(22490) Using 10 workers of 10 for evacuation
[2023-11-10T11:45:30.548-0800][76334180ms] GC(22490)   Pre Evacuate Collection Set: 0.1ms
[2023-11-10T11:45:30.548-0800][76334180ms] GC(22490)   Evacuate Collection Set: 1.6ms
[2023-11-10T11:45:30.548-0800][76334180ms] GC(22490)   Post Evacuate Collection Set: 3.3ms
[2023-11-10T11:45:30.548-0800][76334180ms] GC(22490)   Other: 0.3ms
[2023-11-10T11:45:30.548-0800][76334180ms] GC(22490) Eden regions: 192->0(192)
[2023-11-10T11:45:30.548-0800][76334180ms] GC(22490) Survivor regions: 1->1(25)
[2023-11-10T11:45:30.548-0800][76334180ms] GC(22490) Old regions: 1421->1421
[2023-11-10T11:45:30.548-0800][76334180ms] GC(22490) Humongous regions: 5->5
[2023-11-10T11:45:30.548-0800][76334180ms] GC(22490) Metaspace: 304918K->304918K(1349632K)
[2023-11-10T11:45:30.548-0800][76334180ms] GC(22490) Pause Young (Normal) (G1 Evacuation Pause) 3234M->2850M(3602M) 5.337ms
[2023-11-10T11:45:30.548-0800][76334180ms] GC(22490) User=0.00s Sys=0.00s Real=0.01s
[2023-11-10T11:45:31.037-0800][76334669ms] GC(22491) Pause Young (Normal) (G1 Evacuation Pause)
[2023-11-10T11:45:31.037-0800][76334669ms] GC(22491) Using 10 workers of 10 for evacuation
[2023-11-10T11:45:31.042-0800][76334674ms] GC(22491)   Pre Evacuate Collection Set: 0.1ms
[2023-11-10T11:45:31.042-0800][76334674ms] GC(22491)   Evacuate Collection Set: 1.8ms
[2023-11-10T11:45:31.042-0800][76334674ms] GC(22491)   Post Evacuate Collection Set: 2.9ms
[2023-11-10T11:45:31.042-0800][76334674ms] GC(22491)   Other: 0.3ms
[2023-11-10T11:45:31.042-0800][76334674ms] GC(22491) Eden regions: 192->0(192)
[2023-11-10T11:45:31.042-0800][76334674ms] GC(22491) Survivor regions: 1->1(25)
[2023-11-10T11:45:31.042-0800][76334674ms] GC(22491) Old regions: 1421->1421
[2023-11-10T11:45:31.042-0800][76334674ms] GC(22491) Humongous regions: 5->5
[2023-11-10T11:45:31.042-0800][76334674ms] GC(22491) Metaspace: 304918K->304918K(1349632K)
[2023-11-10T11:45:31.042-0800][76334674ms] GC(22491) Pause Young (Normal) (G1 Evacuation Pause) 3234M->2850M(3602M) 5.115ms
[2023-11-10T11:45:31.042-0800][76334674ms] GC(22491) User=0.11s Sys=0.00s Real=0.01s
[2023-11-10T11:45:31.565-0800][76335197ms] GC(22492) Pause Young (Normal) (G1 Evacuation Pause)
[2023-11-10T11:45:31.567-0800][76335199ms] GC(22492) Using 10 workers of 10 for evacuation
[2023-11-10T11:45:31.572-0800][76335204ms] GC(22492)   Pre Evacuate Collection Set: 0.0ms
[2023-11-10T11:45:31.572-0800][76335204ms] GC(22492)   Evacuate Collection Set: 1.7ms
[2023-11-10T11:45:31.572-0800][76335204ms] GC(22492)   Post Evacuate Collection Set: 4.0ms
[2023-11-10T11:45:31.572-0800][76335204ms] GC(22492)   Other: 0.4ms
[2023-11-10T11:45:31.572-0800][76335204ms] GC(22492) Eden regions: 192->0(192)
[2023-11-10T11:45:31.572-0800][76335204ms] GC(22492) Survivor regions: 1->1(25)
[2023-11-10T11:45:31.572-0800][76335204ms] GC(22492) Old regions: 1421->1421
[2023-11-10T11:45:31.572-0800][76335204ms] GC(22492) Humongous regions: 5->5
[2023-11-10T11:45:31.572-0800][76335204ms] GC(22492) Metaspace: 304918K->304918K(1349632K)
[2023-11-10T11:45:31.572-0800][76335204ms] GC(22492) Pause Young (Normal) (G1 Evacuation Pause) 3234M->2850M(3602M) 6.231ms
[2023-11-10T11:45:31.572-0800][76335204ms] GC(22492) User=0.02s Sys=0.00s Real=0.01s
[2023-11-10T11:45:32.082-0800][76335714ms] GC(22493) Pause Young (Normal) (G1 Evacuation Pause)
[2023-11-10T11:45:32.082-0800][76335714ms] GC(22493) Using 10 workers of 10 for evacuation
[2023-11-10T11:45:32.089-0800][76335721ms] GC(22493)   Pre Evacuate Collection Set: 0.1ms
[2023-11-10T11:45:32.089-0800][76335721ms] GC(22493)   Evacuate Collection Set: 2.4ms
[2023-11-10T11:45:32.089-0800][76335721ms] GC(22493)   Post Evacuate Collection Set: 3.5ms
[2023-11-10T11:45:32.089-0800][76335721ms] GC(22493)   Other: 0.4ms
[2023-11-10T11:45:32.089-0800][76335721ms] GC(22493) Eden regions: 192->0(192)
[2023-11-10T11:45:32.089-0800][76335721ms] GC(22493) Survivor regions: 1->1(25)
[2023-11-10T11:45:32.089-0800][76335721ms] GC(22493) Old regions: 1421->1421
[2023-11-10T11:45:32.089-0800][76335721ms] GC(22493) Humongous regions: 5->5
[2023-11-10T11:45:32.089-0800][76335721ms] GC(22493) Metaspace: 304918K->304918K(1349632K)
[2023-11-10T11:45:32.089-0800][76335721ms] GC(22493) Pause Young (Normal) (G1 Evacuation Pause) 3234M->2850M(3602M) 6.347ms
[2023-11-10T11:45:32.089-0800][76335721ms] GC(22493) User=0.02s Sys=0.00s Real=0.01s
[2023-11-10T11:45:32.507-0800][76336139ms] GC(22494) Pause Young (Normal) (G1 Evacuation Pause)
[2023-11-10T11:45:32.507-0800][76336139ms] GC(22494) Using 10 workers of 10 for evacuation
[2023-11-10T11:45:32.514-0800][76336146ms] GC(22494)   Pre Evacuate Collection Set: 0.1ms
[2023-11-10T11:45:32.514-0800][76336146ms] GC(22494)   Evacuate Collection Set: 2.4ms
[2023-11-10T11:45:32.514-0800][76336146ms] GC(22494)   Post Evacuate Collection Set: 4.3ms
[2023-11-10T11:45:32.514-0800][76336146ms] GC(22494)   Other: 0.3ms
[2023-11-10T11:45:32.514-0800][76336146ms] GC(22494) Eden regions: 192->0(192)
[2023-11-10T11:45:32.514-0800][76336146ms] GC(22494) Survivor regions: 1->1(25)
[2023-11-10T11:45:32.514-0800][76336146ms] GC(22494) Old regions: 1421->1421
[2023-11-10T11:45:32.514-0800][76336146ms] GC(22494) Humongous regions: 5->5
[2023-11-10T11:45:32.514-0800][76336146ms] GC(22494) Metaspace: 304918K->304918K(1349632K)
[2023-11-10T11:45:32.514-0800][76336146ms] GC(22494) Pause Young (Normal) (G1 Evacuation Pause) 3234M->2850M(3602M) 7.189ms
[2023-11-10T11:45:32.514-0800][76336146ms] GC(22494) User=0.00s Sys=0.00s Real=0.01s
[2023-11-10T11:45:32.936-0800][76336568ms] GC(22495) Pause Young (Normal) (G1 Evacuation Pause)
[2023-11-10T11:45:32.936-0800][76336568ms] GC(22495) Using 10 workers of 10 for evacuation
[2023-11-10T11:45:32.942-0800][76336574ms] GC(22495)   Pre Evacuate Collection Set: 0.0ms
[2023-11-10T11:45:32.942-0800][76336574ms] GC(22495)   Evacuate Collection Set: 1.9ms
[2023-11-10T11:45:32.942-0800][76336574ms] GC(22495)   Post Evacuate Collection Set: 3.5ms
[2023-11-10T11:45:32.942-0800][76336574ms] GC(22495)   Other: 0.3ms
[2023-11-10T11:45:32.942-0800][76336574ms] GC(22495) Eden regions: 192->0(192)
[2023-11-10T11:45:32.942-0800][76336574ms] GC(22495) Survivor regions: 1->1(25)
[2023-11-10T11:45:32.942-0800][76336574ms] GC(22495) Old regions: 1421->1421
[2023-11-10T11:45:32.942-0800][76336574ms] GC(22495) Humongous regions: 5->5
[2023-11-10T11:45:32.942-0800][76336574ms] GC(22495) Metaspace: 304918K->304918K(1349632K)
[2023-11-10T11:45:32.942-0800][76336574ms] GC(22495) Pause Young (Normal) (G1 Evacuation Pause) 3234M->2850M(3602M) 5.902ms
[2023-11-10T11:45:32.942-0800][76336574ms] GC(22495) User=0.00s Sys=0.00s Real=0.01s
[2023-11-10T11:45:33.400-0800][76337032ms] GC(22496) Pause Young (Normal) (G1 Evacuation Pause)
[2023-11-10T11:45:33.400-0800][76337032ms] GC(22496) Using 10 workers of 10 for evacuation
[2023-11-10T11:45:33.407-0800][76337039ms] GC(22496)   Pre Evacuate Collection Set: 0.1ms
[2023-11-10T11:45:33.407-0800][76337039ms] GC(22496)   Evacuate Collection Set: 2.3ms
[2023-11-10T11:45:33.407-0800][76337039ms] GC(22496)   Post Evacuate Collection Set: 3.4ms
[2023-11-10T11:45:33.407-0800][76337039ms] GC(22496)   Other: 0.3ms
[2023-11-10T11:45:33.407-0800][76337039ms] GC(22496) Eden regions: 192->0(192)
[2023-11-10T11:45:33.407-0800][76337039ms] GC(22496) Survivor regions: 1->1(25)
[2023-11-10T11:45:33.407-0800][76337039ms] GC(22496) Old regions: 1421->1421
[2023-11-10T11:45:33.407-0800][76337039ms] GC(22496) Humongous regions: 5->5
[2023-11-10T11:45:33.407-0800][76337039ms] GC(22496) Metaspace: 304918K->304918K(1349632K)
[2023-11-10T11:45:33.407-0800][76337039ms] GC(22496) Pause Young (Normal) (G1 Evacuation Pause) 3234M->2850M(3602M) 6.182ms
[2023-11-10T11:45:33.407-0800][76337039ms] GC(22496) User=0.00s Sys=0.00s Real=0.01s
[2023-11-10T11:45:33.884-0800][76337516ms] GC(22497) Pause Young (Normal) (G1 Evacuation Pause)
[2023-11-10T11:45:33.884-0800][76337516ms] GC(22497) Using 10 workers of 10 for evacuation
[2023-11-10T11:45:33.889-0800][76337521ms] GC(22497)   Pre Evacuate Collection Set: 0.0ms
[2023-11-10T11:45:33.890-0800][76337522ms] GC(22497)   Evacuate Collection Set: 1.7ms
[2023-11-10T11:45:33.890-0800][76337522ms] GC(22497)   Post Evacuate Collection Set: 3.4ms
[2023-11-10T11:45:33.890-0800][76337522ms] GC(22497)   Other: 0.3ms
[2023-11-10T11:45:33.890-0800][76337522ms] GC(22497) Eden regions: 192->0(192)
[2023-11-10T11:45:33.890-0800][76337522ms] GC(22497) Survivor regions: 1->1(25)
[2023-11-10T11:45:33.890-0800][76337522ms] GC(22497) Old regions: 1421->1421
[2023-11-10T11:45:33.890-0800][76337522ms] GC(22497) Humongous regions: 5->5
[2023-11-10T11:45:33.890-0800][76337522ms] GC(22497) Metaspace: 304918K->304918K(1349632K)
[2023-11-10T11:45:33.890-0800][76337522ms] GC(22497) Pause Young (Normal) (G1 Evacuation Pause) 3234M->2850M(3602M) 5.658ms
[2023-11-10T11:45:33.890-0800][76337522ms] GC(22497) User=0.00s Sys=0.00s Real=0.01s
[2023-11-10T11:45:34.355-0800][76337987ms] GC(22498) Pause Young (Normal) (G1 Evacuation Pause)
[2023-11-10T11:45:34.355-0800][76337987ms] GC(22498) Using 10 workers of 10 for evacuation
[2023-11-10T11:45:34.361-0800][76337993ms] GC(22498)   Pre Evacuate Collection Set: 0.1ms
[2023-11-10T11:45:34.361-0800][76337993ms] GC(22498)   Evacuate Collection Set: 2.0ms
[2023-11-10T11:45:34.361-0800][76337993ms] GC(22498)   Post Evacuate Collection Set: 3.7ms
[2023-11-10T11:45:34.361-0800][76337993ms] GC(22498)   Other: 0.4ms
[2023-11-10T11:45:34.361-0800][76337993ms] GC(22498) Eden regions: 192->0(192)
[2023-11-10T11:45:34.361-0800][76337993ms] GC(22498) Survivor regions: 1->1(25)
[2023-11-10T11:45:34.361-0800][76337993ms] GC(22498) Old regions: 1421->1421
[2023-11-10T11:45:34.361-0800][76337993ms] GC(22498) Humongous regions: 5->5
[2023-11-10T11:45:34.361-0800][76337993ms] GC(22498) Metaspace: 304918K->304918K(1349632K)
[2023-11-10T11:45:34.361-0800][76337993ms] GC(22498) Pause Young (Normal) (G1 Evacuation Pause) 3234M->2850M(3602M) 6.275ms
[2023-11-10T11:45:34.361-0800][76337993ms] GC(22498) User=0.00s Sys=0.00s Real=0.01s
[2023-11-10T11:45:34.786-0800][76338418ms] GC(22499) Pause Young (Normal) (G1 Evacuation Pause)
[2023-11-10T11:45:34.786-0800][76338418ms] GC(22499) Using 10 workers of 10 for evacuation
[2023-11-10T11:45:34.792-0800][76338424ms] GC(22499)   Pre Evacuate Collection Set: 0.0ms
[2023-11-10T11:45:34.792-0800][76338424ms] GC(22499)   Evacuate Collection Set: 1.7ms
[2023-11-10T11:45:34.792-0800][76338424ms] GC(22499)   Post Evacuate Collection Set: 4.1ms
[2023-11-10T11:45:34.792-0800][76338424ms] GC(22499)   Other: 0.3ms
[2023-11-10T11:45:34.792-0800][76338424ms] GC(22499) Eden regions: 192->0(192)
[2023-11-10T11:45:34.792-0800][76338424ms] GC(22499) Survivor regions: 1->1(25)
[2023-11-10T11:45:34.792-0800][76338424ms] GC(22499) Old regions: 1421->1421
[2023-11-10T11:45:34.792-0800][76338424ms] GC(22499) Humongous regions: 5->5
[2023-11-10T11:45:34.792-0800][76338424ms] GC(22499) Metaspace: 304918K->304918K(1349632K)
[2023-11-10T11:45:34.792-0800][76338424ms] GC(22499) Pause Young (Normal) (G1 Evacuation Pause) 3234M->2850M(3602M) 6.286ms
[2023-11-10T11:45:34.792-0800][76338424ms] GC(22499) User=0.02s Sys=0.00s Real=0.01s
[2023-11-10T11:45:35.308-0800][76338940ms] GC(22500) Pause Young (Normal) (G1 Evacuation Pause)
[2023-11-10T11:45:35.308-0800][76338940ms] GC(22500) Using 10 workers of 10 for evacuation
[2023-11-10T11:45:35.314-0800][76338946ms] GC(22500)   Pre Evacuate Collection Set: 0.1ms
[2023-11-10T11:45:35.314-0800][76338946ms] GC(22500)   Evacuate Collection Set: 2.3ms
[2023-11-10T11:45:35.314-0800][76338946ms] GC(22500)   Post Evacuate Collection Set: 3.8ms
[2023-11-10T11:45:35.314-0800][76338946ms] GC(22500)   Other: 0.3ms
[2023-11-10T11:45:35.314-0800][76338946ms] GC(22500) Eden regions: 192->0(192)
[2023-11-10T11:45:35.314-0800][76338946ms] GC(22500) Survivor regions: 1->1(25)
[2023-11-10T11:45:35.314-0800][76338946ms] GC(22500) Old regions: 1421->1421
[2023-11-10T11:45:35.314-0800][76338946ms] GC(22500) Humongous regions: 5->5
[2023-11-10T11:45:35.314-0800][76338946ms] GC(22500) Metaspace: 304918K->304918K(1349632K)
[2023-11-10T11:45:35.314-0800][76338946ms] GC(22500) Pause Young (Normal) (G1 Evacuation Pause) 3234M->2850M(3602M) 6.628ms
[2023-11-10T11:45:35.314-0800][76338946ms] GC(22500) User=0.00s Sys=0.00s Real=0.01s
[2023-11-10T11:45:35.809-0800][76339441ms] GC(22501) Pause Young (Normal) (G1 Evacuation Pause)
[2023-11-10T11:45:35.810-0800][76339442ms] GC(22501) Using 10 workers of 10 for evacuation
[2023-11-10T11:45:35.817-0800][76339449ms] GC(22501)   Pre Evacuate Collection Set: 0.0ms
[2023-11-10T11:45:35.817-0800][76339449ms] GC(22501)   Evacuate Collection Set: 2.8ms
[2023-11-10T11:45:35.817-0800][76339449ms] GC(22501)   Post Evacuate Collection Set: 4.4ms
[2023-11-10T11:45:35.817-0800][76339449ms] GC(22501)   Other: 0.4ms
[2023-11-10T11:45:35.817-0800][76339449ms] GC(22501) Eden regions: 192->0(192)
[2023-11-10T11:45:35.817-0800][76339449ms] GC(22501) Survivor regions: 1->1(25)
[2023-11-10T11:45:35.817-0800][76339449ms] GC(22501) Old regions: 1421->1421
[2023-11-10T11:45:35.817-0800][76339449ms] GC(22501) Humongous regions: 5->5
[2023-11-10T11:45:35.817-0800][76339449ms] GC(22501) Metaspace: 304918K->304918K(1349632K)
[2023-11-10T11:45:35.817-0800][76339449ms] GC(22501) Pause Young (Normal) (G1 Evacuation Pause) 3234M->2850M(3602M) 7.683ms
[2023-11-10T11:45:35.817-0800][76339449ms] GC(22501) User=0.00s Sys=0.00s Real=0.01s
[2023-11-10T11:45:36.267-0800][76339899ms] GC(22502) Pause Young (Normal) (G1 Evacuation Pause)
[2023-11-10T11:45:36.267-0800][76339899ms] GC(22502) Using 10 workers of 10 for evacuation
[2023-11-10T11:45:36.274-0800][76339906ms] GC(22502)   Pre Evacuate Collection Set: 0.1ms
[2023-11-10T11:45:36.274-0800][76339906ms] GC(22502)   Evacuate Collection Set: 2.9ms
[2023-11-10T11:45:36.274-0800][76339906ms] GC(22502)   Post Evacuate Collection Set: 3.6ms
[2023-11-10T11:45:36.274-0800][76339906ms] GC(22502)   Other: 0.4ms
[2023-11-10T11:45:36.274-0800][76339906ms] GC(22502) Eden regions: 192->0(192)
[2023-11-10T11:45:36.274-0800][76339906ms] GC(22502) Survivor regions: 1->1(25)
[2023-11-10T11:45:36.274-0800][76339906ms] GC(22502) Old regions: 1421->1421
[2023-11-10T11:45:36.274-0800][76339906ms] GC(22502) Humongous regions: 5->5
[2023-11-10T11:45:36.274-0800][76339906ms] GC(22502) Metaspace: 304918K->304918K(1349632K)
[2023-11-10T11:45:36.274-0800][76339906ms] GC(22502) Pause Young (Normal) (G1 Evacuation Pause) 3234M->2851M(3602M) 7.121ms
[2023-11-10T11:45:36.274-0800][76339906ms] GC(22502) User=0.00s Sys=0.00s Real=0.01s
[2023-11-10T11:45:36.717-0800][76340349ms] GC(22503) Pause Young (Normal) (G1 Evacuation Pause)
[2023-11-10T11:45:36.719-0800][76340351ms] GC(22503) Using 10 workers of 10 for evacuation
[2023-11-10T11:45:36.723-0800][76340355ms] GC(22503)   Pre Evacuate Collection Set: 0.0ms
[2023-11-10T11:45:36.723-0800][76340355ms] GC(22503)   Evacuate Collection Set: 1.9ms
[2023-11-10T11:45:36.723-0800][76340355ms] GC(22503)   Post Evacuate Collection Set: 3.2ms
[2023-11-10T11:45:36.723-0800][76340355ms] GC(22503)   Other: 0.3ms
[2023-11-10T11:45:36.723-0800][76340355ms] GC(22503) Eden regions: 192->0(191)
[2023-11-10T11:45:36.723-0800][76340355ms] GC(22503) Survivor regions: 1->1(25)
[2023-11-10T11:45:36.723-0800][76340355ms] GC(22503) Old regions: 1421->1421
[2023-11-10T11:45:36.723-0800][76340355ms] GC(22503) Humongous regions: 5->5
[2023-11-10T11:45:36.723-0800][76340355ms] GC(22503) Metaspace: 304918K->304918K(1349632K)
[2023-11-10T11:45:36.723-0800][76340355ms] GC(22503) Pause Young (Normal) (G1 Evacuation Pause) 3235M->2851M(3602M) 5.504ms
[2023-11-10T11:45:36.723-0800][76340355ms] GC(22503) User=0.00s Sys=0.00s Real=0.01s
[2023-11-10T11:45:37.136-0800][76340768ms] GC(22504) Pause Young (Normal) (G1 Evacuation Pause)
[2023-11-10T11:45:37.136-0800][76340768ms] GC(22504) Using 10 workers of 10 for evacuation
[2023-11-10T11:45:37.141-0800][76340773ms] GC(22504)   Pre Evacuate Collection Set: 0.0ms
[2023-11-10T11:45:37.141-0800][76340773ms] GC(22504)   Evacuate Collection Set: 1.7ms
[2023-11-10T11:45:37.141-0800][76340773ms] GC(22504)   Post Evacuate Collection Set: 3.1ms
[2023-11-10T11:45:37.141-0800][76340773ms] GC(22504)   Other: 0.3ms
[2023-11-10T11:45:37.141-0800][76340773ms] GC(22504) Eden regions: 191->0(191)
[2023-11-10T11:45:37.141-0800][76340773ms] GC(22504) Survivor regions: 1->1(24)
[2023-11-10T11:45:37.141-0800][76340773ms] GC(22504) Old regions: 1421->1421
[2023-11-10T11:45:37.141-0800][76340773ms] GC(22504) Humongous regions: 5->5
[2023-11-10T11:45:37.141-0800][76340773ms] GC(22504) Metaspace: 304918K->304918K(1349632K)
[2023-11-10T11:45:37.141-0800][76340773ms] GC(22504) Pause Young (Normal) (G1 Evacuation Pause) 3233M->2851M(3602M) 5.246ms
[2023-11-10T11:45:37.141-0800][76340773ms] GC(22504) User=0.00s Sys=0.00s Real=0.01s
[2023-11-10T11:45:37.635-0800][76341267ms] GC(22505) Pause Young (Normal) (G1 Evacuation Pause)
[2023-11-10T11:45:37.635-0800][76341267ms] GC(22505) Using 10 workers of 10 for evacuation
[2023-11-10T11:45:37.640-0800][76341272ms] GC(22505)   Pre Evacuate Collection Set: 0.0ms
[2023-11-10T11:45:37.640-0800][76341272ms] GC(22505)   Evacuate Collection Set: 1.7ms
[2023-11-10T11:45:37.640-0800][76341272ms] GC(22505)   Post Evacuate Collection Set: 3.0ms
[2023-11-10T11:45:37.640-0800][76341272ms] GC(22505)   Other: 0.3ms
[2023-11-10T11:45:37.640-0800][76341272ms] GC(22505) Eden regions: 191->0(191)
[2023-11-10T11:45:37.640-0800][76341272ms] GC(22505) Survivor regions: 1->1(24)
[2023-11-10T11:45:37.640-0800][76341272ms] GC(22505) Old regions: 1421->1421
[2023-11-10T11:45:37.640-0800][76341272ms] GC(22505) Humongous regions: 5->5
[2023-11-10T11:45:37.640-0800][76341272ms] GC(22505) Metaspace: 304918K->304918K(1349632K)
[2023-11-10T11:45:37.640-0800][76341272ms] GC(22505) Pause Young (Normal) (G1 Evacuation Pause) 3233M->2851M(3602M) 5.128ms
[2023-11-10T11:45:37.640-0800][76341272ms] GC(22505) User=0.00s Sys=0.00s Real=0.01s
[2023-11-10T11:45:38.075-0800][76341707ms] GC(22506) Pause Young (Normal) (G1 Evacuation Pause)
[2023-11-10T11:45:38.075-0800][76341707ms] GC(22506) Using 10 workers of 10 for evacuation
[2023-11-10T11:45:38.080-0800][76341712ms] GC(22506)   Pre Evacuate Collection Set: 0.0ms
[2023-11-10T11:45:38.080-0800][76341712ms] GC(22506)   Evacuate Collection Set: 1.7ms
[2023-11-10T11:45:38.080-0800][76341712ms] GC(22506)   Post Evacuate Collection Set: 3.0ms
[2023-11-10T11:45:38.080-0800][76341712ms] GC(22506)   Other: 0.2ms
[2023-11-10T11:45:38.080-0800][76341712ms] GC(22506) Eden regions: 191->0(191)
[2023-11-10T11:45:38.080-0800][76341712ms] GC(22506) Survivor regions: 1->1(24)
[2023-11-10T11:45:38.080-0800][76341712ms] GC(22506) Old regions: 1421->1421
[2023-11-10T11:45:38.080-0800][76341712ms] GC(22506) Humongous regions: 5->5
[2023-11-10T11:45:38.080-0800][76341712ms] GC(22506) Metaspace: 304918K->304918K(1349632K)
[2023-11-10T11:45:38.080-0800][76341712ms] GC(22506) Pause Young (Normal) (G1 Evacuation Pause) 3233M->2851M(3602M) 5.061ms
[2023-11-10T11:45:38.080-0800][76341712ms] GC(22506) User=0.00s Sys=0.00s Real=0.00s
[2023-11-10T11:45:38.511-0800][76342143ms] GC(22507) Pause Young (Normal) (G1 Evacuation Pause)
[2023-11-10T11:45:38.512-0800][76342144ms] GC(22507) Using 10 workers of 10 for evacuation
[2023-11-10T11:45:38.517-0800][76342149ms] GC(22507)   Pre Evacuate Collection Set: 0.1ms
[2023-11-10T11:45:38.517-0800][76342149ms] GC(22507)   Evacuate Collection Set: 1.7ms
[2023-11-10T11:45:38.517-0800][76342149ms] GC(22507)   Post Evacuate Collection Set: 3.1ms
[2023-11-10T11:45:38.517-0800][76342149ms] GC(22507)   Other: 0.3ms
[2023-11-10T11:45:38.517-0800][76342149ms] GC(22507) Eden regions: 191->0(191)
[2023-11-10T11:45:38.517-0800][76342149ms] GC(22507) Survivor regions: 1->1(24)
[2023-11-10T11:45:38.517-0800][76342149ms] GC(22507) Old regions: 1421->1421
[2023-11-10T11:45:38.517-0800][76342149ms] GC(22507) Humongous regions: 5->5
[2023-11-10T11:45:38.517-0800][76342149ms] GC(22507) Metaspace: 304918K->304918K(1349632K)
[2023-11-10T11:45:38.517-0800][76342149ms] GC(22507) Pause Young (Normal) (G1 Evacuation Pause) 3233M->2851M(3602M) 5.190ms
[2023-11-10T11:45:38.517-0800][76342149ms] GC(22507) User=0.00s Sys=0.00s Real=0.01s
[2023-11-10T11:45:39.019-0800][76342651ms] GC(22508) Pause Young (Normal) (G1 Evacuation Pause)
[2023-11-10T11:45:39.019-0800][76342651ms] GC(22508) Using 10 workers of 10 for evacuation
[2023-11-10T11:45:39.025-0800][76342657ms] GC(22508)   Pre Evacuate Collection Set: 0.0ms
[2023-11-10T11:45:39.025-0800][76342657ms] GC(22508)   Evacuate Collection Set: 1.8ms
[2023-11-10T11:45:39.025-0800][76342657ms] GC(22508)   Post Evacuate Collection Set: 3.3ms
[2023-11-10T11:45:39.025-0800][76342657ms] GC(22508)   Other: 0.4ms
[2023-11-10T11:45:39.025-0800][76342657ms] GC(22508) Eden regions: 191->0(191)
[2023-11-10T11:45:39.025-0800][76342657ms] GC(22508) Survivor regions: 1->1(24)
[2023-11-10T11:45:39.025-0800][76342657ms] GC(22508) Old regions: 1421->1421
[2023-11-10T11:45:39.025-0800][76342657ms] GC(22508) Humongous regions: 5->5
[2023-11-10T11:45:39.025-0800][76342657ms] GC(22508) Metaspace: 304918K->304918K(1349632K)
[2023-11-10T11:45:39.025-0800][76342657ms] GC(22508) Pause Young (Normal) (G1 Evacuation Pause) 3233M->2851M(3602M) 5.631ms
[2023-11-10T11:45:39.025-0800][76342657ms] GC(22508) User=0.00s Sys=0.00s Real=0.01s
[2023-11-10T11:45:39.505-0800][76343137ms] GC(22509) Pause Young (Normal) (G1 Evacuation Pause)
[2023-11-10T11:45:39.505-0800][76343137ms] GC(22509) Using 10 workers of 10 for evacuation
[2023-11-10T11:45:39.511-0800][76343143ms] GC(22509)   Pre Evacuate Collection Set: 0.0ms
[2023-11-10T11:45:39.511-0800][76343143ms] GC(22509)   Evacuate Collection Set: 1.7ms
[2023-11-10T11:45:39.511-0800][76343143ms] GC(22509)   Post Evacuate Collection Set: 3.6ms
[2023-11-10T11:45:39.511-0800][76343143ms] GC(22509)   Other: 0.3ms
[2023-11-10T11:45:39.511-0800][76343143ms] GC(22509) Eden regions: 191->0(191)
[2023-11-10T11:45:39.511-0800][76343143ms] GC(22509) Survivor regions: 1->1(24)
[2023-11-10T11:45:39.511-0800][76343143ms] GC(22509) Old regions: 1421->1421
[2023-11-10T11:45:39.511-0800][76343143ms] GC(22509) Humongous regions: 5->5
[2023-11-10T11:45:39.511-0800][76343143ms] GC(22509) Metaspace: 304918K->304918K(1349632K)
[2023-11-10T11:45:39.511-0800][76343143ms] GC(22509) Pause Young (Normal) (G1 Evacuation Pause) 3233M->2851M(3602M) 5.828ms
[2023-11-10T11:45:39.511-0800][76343143ms] GC(22509) User=0.08s Sys=0.00s Real=0.01s
[2023-11-10T11:45:39.950-0800][76343582ms] GC(22510) Pause Young (Normal) (G1 Evacuation Pause)
[2023-11-10T11:45:39.950-0800][76343582ms] GC(22510) Using 10 workers of 10 for evacuation
[2023-11-10T11:45:39.954-0800][76343586ms] GC(22510)   Pre Evacuate Collection Set: 0.0ms
[2023-11-10T11:45:39.954-0800][76343586ms] GC(22510)   Evacuate Collection Set: 1.8ms
[2023-11-10T11:45:39.954-0800][76343586ms] GC(22510)   Post Evacuate Collection Set: 3.1ms
[2023-11-10T11:45:39.954-0800][76343586ms] GC(22510)   Other: 0.3ms
[2023-11-10T11:45:39.954-0800][76343586ms] GC(22510) Eden regions: 191->0(191)
[2023-11-10T11:45:39.954-0800][76343586ms] GC(22510) Survivor regions: 1->1(24)
[2023-11-10T11:45:39.954-0800][76343586ms] GC(22510) Old regions: 1421->1421
[2023-11-10T11:45:39.954-0800][76343586ms] GC(22510) Humongous regions: 5->5
[2023-11-10T11:45:39.954-0800][76343586ms] GC(22510) Metaspace: 304918K->304918K(1349632K)
[2023-11-10T11:45:39.954-0800][76343586ms] GC(22510) Pause Young (Normal) (G1 Evacuation Pause) 3233M->2851M(3602M) 5.268ms
[2023-11-10T11:45:39.954-0800][76343586ms] GC(22510) User=0.00s Sys=0.00s Real=0.00s
[2023-11-10T11:45:40.450-0800][76344082ms] GC(22511) Pause Young (Normal) (G1 Evacuation Pause)
[2023-11-10T11:45:40.450-0800][76344082ms] GC(22511) Using 10 workers of 10 for evacuation
[2023-11-10T11:45:40.454-0800][76344086ms] GC(22511)   Pre Evacuate Collection Set: 0.0ms
[2023-11-10T11:45:40.454-0800][76344086ms] GC(22511)   Evacuate Collection Set: 1.7ms
[2023-11-10T11:45:40.454-0800][76344086ms] GC(22511)   Post Evacuate Collection Set: 3.2ms
[2023-11-10T11:45:40.454-0800][76344086ms] GC(22511)   Other: 0.3ms
[2023-11-10T11:45:40.455-0800][76344087ms] GC(22511) Eden regions: 191->0(191)
[2023-11-10T11:45:40.455-0800][76344087ms] GC(22511) Survivor regions: 1->1(24)
[2023-11-10T11:45:40.455-0800][76344087ms] GC(22511) Old regions: 1421->1421
[2023-11-10T11:45:40.455-0800][76344087ms] GC(22511) Humongous regions: 5->5
[2023-11-10T11:45:40.455-0800][76344087ms] GC(22511) Metaspace: 304918K->304918K(1349632K)
[2023-11-10T11:45:40.455-0800][76344087ms] GC(22511) Pause Young (Normal) (G1 Evacuation Pause) 3233M->2851M(3602M) 5.255ms
[2023-11-10T11:45:40.455-0800][76344087ms] GC(22511) User=0.00s Sys=0.00s Real=0.00s
[2023-11-10T11:45:40.891-0800][76344523ms] GC(22512) Pause Young (Normal) (G1 Evacuation Pause)
[2023-11-10T11:45:40.891-0800][76344523ms] GC(22512) Using 10 workers of 10 for evacuation
[2023-11-10T11:45:40.896-0800][76344528ms] GC(22512)   Pre Evacuate Collection Set: 0.1ms
[2023-11-10T11:45:40.897-0800][76344529ms] GC(22512)   Evacuate Collection Set: 2.1ms
[2023-11-10T11:45:40.897-0800][76344529ms] GC(22512)   Post Evacuate Collection Set: 3.4ms
[2023-11-10T11:45:40.897-0800][76344529ms] GC(22512)   Other: 0.3ms
[2023-11-10T11:45:40.897-0800][76344529ms] GC(22512) Eden regions: 191->0(191)
[2023-11-10T11:45:40.897-0800][76344529ms] GC(22512) Survivor regions: 1->1(24)
[2023-11-10T11:45:40.897-0800][76344529ms] GC(22512) Old regions: 1421->1421
[2023-11-10T11:45:40.897-0800][76344529ms] GC(22512) Humongous regions: 5->5
[2023-11-10T11:45:40.897-0800][76344529ms] GC(22512) Metaspace: 304918K->304918K(1349632K)
[2023-11-10T11:45:40.897-0800][76344529ms] GC(22512) Pause Young (Normal) (G1 Evacuation Pause) 3233M->2851M(3602M) 5.956ms
[2023-11-10T11:45:40.897-0800][76344529ms] GC(22512) User=0.00s Sys=0.00s Real=0.01s
[2023-11-10T11:45:41.325-0800][76344957ms] GC(22513) Pause Young (Normal) (G1 Evacuation Pause)
[2023-11-10T11:45:41.325-0800][76344957ms] GC(22513) Using 10 workers of 10 for evacuation
[2023-11-10T11:45:41.331-0800][76344963ms] GC(22513)   Pre Evacuate Collection Set: 0.0ms
[2023-11-10T11:45:41.331-0800][76344963ms] GC(22513)   Evacuate Collection Set: 1.7ms
[2023-11-10T11:45:41.331-0800][76344963ms] GC(22513)   Post Evacuate Collection Set: 3.1ms
[2023-11-10T11:45:41.331-0800][76344963ms] GC(22513)   Other: 0.3ms
[2023-11-10T11:45:41.331-0800][76344963ms] GC(22513) Eden regions: 191->0(191)
[2023-11-10T11:45:41.331-0800][76344963ms] GC(22513) Survivor regions: 1->1(24)
[2023-11-10T11:45:41.331-0800][76344963ms] GC(22513) Old regions: 1421->1421
[2023-11-10T11:45:41.331-0800][76344963ms] GC(22513) Humongous regions: 5->5
[2023-11-10T11:45:41.331-0800][76344963ms] GC(22513) Metaspace: 304918K->304918K(1349632K)
[2023-11-10T11:45:41.331-0800][76344963ms] GC(22513) Pause Young (Normal) (G1 Evacuation Pause) 3233M->2851M(3602M) 5.222ms
[2023-11-10T11:45:41.331-0800][76344963ms] GC(22513) User=0.00s Sys=0.00s Real=0.01s
[2023-11-10T11:45:41.866-0800][76345498ms] GC(22514) Pause Young (Normal) (G1 Evacuation Pause)
[2023-11-10T11:45:41.866-0800][76345498ms] GC(22514) Using 10 workers of 10 for evacuation
[2023-11-10T11:45:41.871-0800][76345503ms] GC(22514)   Pre Evacuate Collection Set: 0.1ms
[2023-11-10T11:45:41.871-0800][76345503ms] GC(22514)   Evacuate Collection Set: 2.2ms
[2023-11-10T11:45:41.871-0800][76345503ms] GC(22514)   Post Evacuate Collection Set: 3.7ms
[2023-11-10T11:45:41.871-0800][76345503ms] GC(22514)   Other: 0.5ms
[2023-11-10T11:45:41.871-0800][76345503ms] GC(22514) Eden regions: 191->0(191)
[2023-11-10T11:45:41.871-0800][76345503ms] GC(22514) Survivor regions: 1->1(24)
[2023-11-10T11:45:41.871-0800][76345503ms] GC(22514) Old regions: 1421->1421
[2023-11-10T11:45:41.871-0800][76345503ms] GC(22514) Humongous regions: 5->5
[2023-11-10T11:45:41.871-0800][76345503ms] GC(22514) Metaspace: 304918K->304918K(1349632K)
[2023-11-10T11:45:41.871-0800][76345503ms] GC(22514) Pause Young (Normal) (G1 Evacuation Pause) 3233M->2851M(3602M) 6.573ms
[2023-11-10T11:45:41.871-0800][76345503ms] GC(22514) User=0.08s Sys=0.00s Real=0.01s
[2023-11-10T11:45:42.352-0800][76345984ms] GC(22515) Pause Young (Normal) (G1 Evacuation Pause)
[2023-11-10T11:45:42.353-0800][76345985ms] GC(22515) Using 10 workers of 10 for evacuation
[2023-11-10T11:45:42.358-0800][76345990ms] GC(22515)   Pre Evacuate Collection Set: 0.1ms
[2023-11-10T11:45:42.358-0800][76345990ms] GC(22515)   Evacuate Collection Set: 1.7ms
[2023-11-10T11:45:42.358-0800][76345990ms] GC(22515)   Post Evacuate Collection Set: 4.1ms
[2023-11-10T11:45:42.358-0800][76345990ms] GC(22515)   Other: 0.4ms
[2023-11-10T11:45:42.358-0800][76345990ms] GC(22515) Eden regions: 191->0(191)
[2023-11-10T11:45:42.358-0800][76345990ms] GC(22515) Survivor regions: 1->1(24)
[2023-11-10T11:45:42.358-0800][76345990ms] GC(22515) Old regions: 1421->1421
[2023-11-10T11:45:42.358-0800][76345990ms] GC(22515) Humongous regions: 5->5
[2023-11-10T11:45:42.358-0800][76345990ms] GC(22515) Metaspace: 304918K->304918K(1349632K)
[2023-11-10T11:45:42.358-0800][76345990ms] GC(22515) Pause Young (Normal) (G1 Evacuation Pause) 3233M->2851M(3602M) 6.480ms
[2023-11-10T11:45:42.358-0800][76345990ms] GC(22515) User=0.00s Sys=0.00s Real=0.01s
[2023-11-10T11:45:42.869-0800][76346501ms] GC(22516) Pause Young (Normal) (G1 Evacuation Pause)
[2023-11-10T11:45:42.869-0800][76346501ms] GC(22516) Using 10 workers of 10 for evacuation
[2023-11-10T11:45:42.877-0800][76346509ms] GC(22516)   Pre Evacuate Collection Set: 0.0ms
[2023-11-10T11:45:42.877-0800][76346509ms] GC(22516)   Evacuate Collection Set: 2.3ms
[2023-11-10T11:45:42.877-0800][76346509ms] GC(22516)   Post Evacuate Collection Set: 4.2ms
[2023-11-10T11:45:42.877-0800][76346509ms] GC(22516)   Other: 0.3ms
[2023-11-10T11:45:42.877-0800][76346509ms] GC(22516) Eden regions: 191->0(191)
[2023-11-10T11:45:42.877-0800][76346509ms] GC(22516) Survivor regions: 1->1(24)
[2023-11-10T11:45:42.877-0800][76346509ms] GC(22516) Old regions: 1421->1421
[2023-11-10T11:45:42.877-0800][76346509ms] GC(22516) Humongous regions: 5->5
[2023-11-10T11:45:42.877-0800][76346509ms] GC(22516) Metaspace: 304918K->304918K(1349632K)
[2023-11-10T11:45:42.877-0800][76346509ms] GC(22516) Pause Young (Normal) (G1 Evacuation Pause) 3233M->2851M(3602M) 6.979ms
[2023-11-10T11:45:42.877-0800][76346509ms] GC(22516) User=0.00s Sys=0.00s Real=0.01s
[2023-11-10T11:45:43.391-0800][76347023ms] GC(22517) Pause Young (Normal) (G1 Evacuation Pause)
[2023-11-10T11:45:43.391-0800][76347023ms] GC(22517) Using 10 workers of 10 for evacuation
[2023-11-10T11:45:43.398-0800][76347030ms] GC(22517)   Pre Evacuate Collection Set: 0.0ms
[2023-11-10T11:45:43.398-0800][76347030ms] GC(22517)   Evacuate Collection Set: 1.9ms
[2023-11-10T11:45:43.398-0800][76347030ms] GC(22517)   Post Evacuate Collection Set: 3.6ms
[2023-11-10T11:45:43.398-0800][76347030ms] GC(22517)   Other: 0.3ms
[2023-11-10T11:45:43.398-0800][76347030ms] GC(22517) Eden regions: 191->0(191)
[2023-11-10T11:45:43.398-0800][76347030ms] GC(22517) Survivor regions: 1->1(24)
[2023-11-10T11:45:43.398-0800][76347030ms] GC(22517) Old regions: 1421->1421
[2023-11-10T11:45:43.398-0800][76347030ms] GC(22517) Humongous regions: 5->5
[2023-11-10T11:45:43.398-0800][76347030ms] GC(22517) Metaspace: 304918K->304918K(1349632K)
[2023-11-10T11:45:43.398-0800][76347030ms] GC(22517) Pause Young (Normal) (G1 Evacuation Pause) 3233M->2851M(3602M) 5.854ms
[2023-11-10T11:45:43.398-0800][76347030ms] GC(22517) User=0.00s Sys=0.00s Real=0.01s
[2023-11-10T11:45:43.886-0800][76347518ms] GC(22518) Pause Young (Normal) (G1 Evacuation Pause)
[2023-11-10T11:45:43.886-0800][76347518ms] GC(22518) Using 10 workers of 10 for evacuation
[2023-11-10T11:45:43.892-0800][76347524ms] GC(22518)   Pre Evacuate Collection Set: 0.0ms
[2023-11-10T11:45:43.892-0800][76347524ms] GC(22518)   Evacuate Collection Set: 1.7ms
[2023-11-10T11:45:43.892-0800][76347524ms] GC(22518)   Post Evacuate Collection Set: 3.9ms
[2023-11-10T11:45:43.892-0800][76347524ms] GC(22518)   Other: 0.3ms
[2023-11-10T11:45:43.892-0800][76347524ms] GC(22518) Eden regions: 191->0(191)
[2023-11-10T11:45:43.892-0800][76347524ms] GC(22518) Survivor regions: 1->1(24)
[2023-11-10T11:45:43.892-0800][76347524ms] GC(22518) Old regions: 1421->1421
[2023-11-10T11:45:43.892-0800][76347524ms] GC(22518) Humongous regions: 5->5
[2023-11-10T11:45:43.892-0800][76347524ms] GC(22518) Metaspace: 304918K->304918K(1349632K)
[2023-11-10T11:45:43.892-0800][76347524ms] GC(22518) Pause Young (Normal) (G1 Evacuation Pause) 3233M->2851M(3602M) 5.922ms
[2023-11-10T11:45:43.892-0800][76347524ms] GC(22518) User=0.00s Sys=0.00s Real=0.01s
[2023-11-10T11:45:44.362-0800][76347994ms] GC(22519) Pause Young (Normal) (G1 Evacuation Pause)
[2023-11-10T11:45:44.362-0800][76347994ms] GC(22519) Using 10 workers of 10 for evacuation
[2023-11-10T11:45:44.370-0800][76348002ms] GC(22519)   Pre Evacuate Collection Set: 0.1ms
[2023-11-10T11:45:44.370-0800][76348002ms] GC(22519)   Evacuate Collection Set: 2.2ms
[2023-11-10T11:45:44.370-0800][76348002ms] GC(22519)   Post Evacuate Collection Set: 5.5ms
[2023-11-10T11:45:44.370-0800][76348002ms] GC(22519)   Other: 0.3ms
[2023-11-10T11:45:44.370-0800][76348002ms] GC(22519) Eden regions: 191->0(191)
[2023-11-10T11:45:44.370-0800][76348002ms] GC(22519) Survivor regions: 1->1(24)
[2023-11-10T11:45:44.370-0800][76348002ms] GC(22519) Old regions: 1421->1421
[2023-11-10T11:45:44.370-0800][76348002ms] GC(22519) Humongous regions: 5->5
[2023-11-10T11:45:44.370-0800][76348002ms] GC(22519) Metaspace: 304918K->304918K(1349632K)
[2023-11-10T11:45:44.370-0800][76348002ms] GC(22519) Pause Young (Normal) (G1 Evacuation Pause) 3233M->2851M(3602M) 8.300ms
[2023-11-10T11:45:44.370-0800][76348002ms] GC(22519) User=0.02s Sys=0.00s Real=0.01s
[2023-11-10T11:45:44.840-0800][76348472ms] GC(22520) Pause Young (Normal) (G1 Evacuation Pause)
[2023-11-10T11:45:44.840-0800][76348472ms] GC(22520) Using 10 workers of 10 for evacuation
[2023-11-10T11:45:44.848-0800][76348480ms] GC(22520)   Pre Evacuate Collection Set: 0.1ms
[2023-11-10T11:45:44.848-0800][76348480ms] GC(22520)   Evacuate Collection Set: 3.0ms
[2023-11-10T11:45:44.848-0800][76348480ms] GC(22520)   Post Evacuate Collection Set: 4.4ms
[2023-11-10T11:45:44.848-0800][76348480ms] GC(22520)   Other: 0.3ms
[2023-11-10T11:45:44.848-0800][76348480ms] GC(22520) Eden regions: 191->0(191)
[2023-11-10T11:45:44.848-0800][76348480ms] GC(22520) Survivor regions: 1->1(24)
[2023-11-10T11:45:44.848-0800][76348480ms] GC(22520) Old regions: 1421->1421
[2023-11-10T11:45:44.848-0800][76348480ms] GC(22520) Humongous regions: 5->5
[2023-11-10T11:45:44.848-0800][76348480ms] GC(22520) Metaspace: 304918K->304918K(1349632K)
[2023-11-10T11:45:44.848-0800][76348480ms] GC(22520) Pause Young (Normal) (G1 Evacuation Pause) 3233M->2851M(3602M) 7.829ms
[2023-11-10T11:45:44.849-0800][76348481ms] GC(22520) User=0.00s Sys=0.00s Real=0.01s
[2023-11-10T11:45:45.335-0800][76348967ms] GC(22521) Pause Young (Normal) (G1 Evacuation Pause)
[2023-11-10T11:45:45.335-0800][76348967ms] GC(22521) Using 10 workers of 10 for evacuation
[2023-11-10T11:45:45.340-0800][76348972ms] GC(22521)   Pre Evacuate Collection Set: 0.1ms
[2023-11-10T11:45:45.340-0800][76348972ms] GC(22521)   Evacuate Collection Set: 1.7ms
[2023-11-10T11:45:45.340-0800][76348972ms] GC(22521)   Post Evacuate Collection Set: 3.3ms
[2023-11-10T11:45:45.340-0800][76348972ms] GC(22521)   Other: 0.2ms
[2023-11-10T11:45:45.340-0800][76348972ms] GC(22521) Eden regions: 191->0(191)
[2023-11-10T11:45:45.340-0800][76348972ms] GC(22521) Survivor regions: 1->1(24)
[2023-11-10T11:45:45.340-0800][76348972ms] GC(22521) Old regions: 1421->1421
[2023-11-10T11:45:45.340-0800][76348972ms] GC(22521) Humongous regions: 5->5
[2023-11-10T11:45:45.340-0800][76348972ms] GC(22521) Metaspace: 304918K->304918K(1349632K)
[2023-11-10T11:45:45.340-0800][76348972ms] GC(22521) Pause Young (Normal) (G1 Evacuation Pause) 3233M->2851M(3602M) 5.323ms
[2023-11-10T11:45:45.340-0800][76348972ms] GC(22521) User=0.00s Sys=0.00s Real=0.00s
[2023-11-10T11:45:45.830-0800][76349462ms] GC(22522) Pause Young (Normal) (G1 Evacuation Pause)
[2023-11-10T11:45:45.830-0800][76349462ms] GC(22522) Using 10 workers of 10 for evacuation
[2023-11-10T11:45:45.835-0800][76349467ms] GC(22522)   Pre Evacuate Collection Set: 0.1ms
[2023-11-10T11:45:45.835-0800][76349467ms] GC(22522)   Evacuate Collection Set: 1.8ms
[2023-11-10T11:45:45.835-0800][76349467ms] GC(22522)   Post Evacuate Collection Set: 3.2ms
[2023-11-10T11:45:45.835-0800][76349467ms] GC(22522)   Other: 0.3ms
[2023-11-10T11:45:45.835-0800][76349467ms] GC(22522) Eden regions: 191->0(191)
[2023-11-10T11:45:45.835-0800][76349467ms] GC(22522) Survivor regions: 1->1(24)
[2023-11-10T11:45:45.835-0800][76349467ms] GC(22522) Old regions: 1421->1421
[2023-11-10T11:45:45.835-0800][76349467ms] GC(22522) Humongous regions: 5->5
[2023-11-10T11:45:45.835-0800][76349467ms] GC(22522) Metaspace: 304918K->304918K(1349632K)
[2023-11-10T11:45:45.835-0800][76349467ms] GC(22522) Pause Young (Normal) (G1 Evacuation Pause) 3233M->2851M(3602M) 5.338ms
[2023-11-10T11:45:45.835-0800][76349467ms] GC(22522) User=0.00s Sys=0.02s Real=0.01s
[2023-11-10T11:45:46.338-0800][76349970ms] GC(22523) Pause Young (Normal) (G1 Evacuation Pause)
[2023-11-10T11:45:46.338-0800][76349970ms] GC(22523) Using 10 workers of 10 for evacuation
[2023-11-10T11:45:46.345-0800][76349977ms] GC(22523)   Pre Evacuate Collection Set: 0.1ms
[2023-11-10T11:45:46.345-0800][76349977ms] GC(22523)   Evacuate Collection Set: 2.2ms
[2023-11-10T11:45:46.345-0800][76349977ms] GC(22523)   Post Evacuate Collection Set: 3.7ms
[2023-11-10T11:45:46.345-0800][76349977ms] GC(22523)   Other: 0.4ms
[2023-11-10T11:45:46.345-0800][76349977ms] GC(22523) Eden regions: 191->0(191)
[2023-11-10T11:45:46.345-0800][76349977ms] GC(22523) Survivor regions: 1->1(24)
[2023-11-10T11:45:46.345-0800][76349977ms] GC(22523) Old regions: 1421->1421
[2023-11-10T11:45:46.345-0800][76349977ms] GC(22523) Humongous regions: 5->5
[2023-11-10T11:45:46.345-0800][76349977ms] GC(22523) Metaspace: 304918K->304918K(1349632K)
[2023-11-10T11:45:46.345-0800][76349977ms] GC(22523) Pause Young (Normal) (G1 Evacuation Pause) 3233M->2851M(3602M) 6.502ms
[2023-11-10T11:45:46.345-0800][76349977ms] GC(22523) User=0.00s Sys=0.00s Real=0.01s
[2023-11-10T11:45:46.816-0800][76350448ms] GC(22524) Pause Young (Normal) (G1 Evacuation Pause)
[2023-11-10T11:45:46.816-0800][76350448ms] GC(22524) Using 10 workers of 10 for evacuation
[2023-11-10T11:45:46.822-0800][76350454ms] GC(22524)   Pre Evacuate Collection Set: 0.0ms
[2023-11-10T11:45:46.822-0800][76350454ms] GC(22524)   Evacuate Collection Set: 1.6ms
[2023-11-10T11:45:46.822-0800][76350454ms] GC(22524)   Post Evacuate Collection Set: 3.2ms
[2023-11-10T11:45:46.822-0800][76350454ms] GC(22524)   Other: 0.4ms
[2023-11-10T11:45:46.822-0800][76350454ms] GC(22524) Eden regions: 191->0(191)
[2023-11-10T11:45:46.822-0800][76350454ms] GC(22524) Survivor regions: 1->1(24)
[2023-11-10T11:45:46.822-0800][76350454ms] GC(22524) Old regions: 1421->1421
[2023-11-10T11:45:46.822-0800][76350454ms] GC(22524) Humongous regions: 5->5
[2023-11-10T11:45:46.822-0800][76350454ms] GC(22524) Metaspace: 304918K->304918K(1349632K)
[2023-11-10T11:45:46.822-0800][76350454ms] GC(22524) Pause Young (Normal) (G1 Evacuation Pause) 3233M->2851M(3602M) 5.402ms
[2023-11-10T11:45:46.822-0800][76350454ms] GC(22524) User=0.00s Sys=0.00s Real=0.01s
[2023-11-10T11:45:47.248-0800][76350880ms] GC(22525) Pause Young (Normal) (G1 Evacuation Pause)
[2023-11-10T11:45:47.248-0800][76350880ms] GC(22525) Using 10 workers of 10 for evacuation
[2023-11-10T11:45:47.252-0800][76350884ms] GC(22525)   Pre Evacuate Collection Set: 0.0ms
[2023-11-10T11:45:47.253-0800][76350885ms] GC(22525)   Evacuate Collection Set: 1.6ms
[2023-11-10T11:45:47.253-0800][76350885ms] GC(22525)   Post Evacuate Collection Set: 3.1ms
[2023-11-10T11:45:47.253-0800][76350885ms] GC(22525)   Other: 0.2ms
[2023-11-10T11:45:47.253-0800][76350885ms] GC(22525) Eden regions: 191->0(191)
[2023-11-10T11:45:47.253-0800][76350885ms] GC(22525) Survivor regions: 1->1(24)
[2023-11-10T11:45:47.253-0800][76350885ms] GC(22525) Old regions: 1421->1421
[2023-11-10T11:45:47.253-0800][76350885ms] GC(22525) Humongous regions: 5->5
[2023-11-10T11:45:47.253-0800][76350885ms] GC(22525) Metaspace: 304918K->304918K(1349632K)
[2023-11-10T11:45:47.253-0800][76350885ms] GC(22525) Pause Young (Normal) (G1 Evacuation Pause) 3233M->2851M(3602M) 5.070ms
[2023-11-10T11:45:47.253-0800][76350885ms] GC(22525) User=0.00s Sys=0.00s Real=0.01s
[2023-11-10T11:45:47.681-0800][76351313ms] GC(22526) Pause Young (Normal) (G1 Evacuation Pause)
[2023-11-10T11:45:47.681-0800][76351313ms] GC(22526) Using 10 workers of 10 for evacuation
[2023-11-10T11:45:47.688-0800][76351320ms] GC(22526)   Pre Evacuate Collection Set: 0.0ms
[2023-11-10T11:45:47.688-0800][76351320ms] GC(22526)   Evacuate Collection Set: 2.0ms
[2023-11-10T11:45:47.688-0800][76351320ms] GC(22526)   Post Evacuate Collection Set: 3.8ms
[2023-11-10T11:45:47.688-0800][76351320ms] GC(22526)   Other: 0.3ms
[2023-11-10T11:45:47.688-0800][76351320ms] GC(22526) Eden regions: 191->0(192)
[2023-11-10T11:45:47.688-0800][76351320ms] GC(22526) Survivor regions: 1->1(24)
[2023-11-10T11:45:47.688-0800][76351320ms] GC(22526) Old regions: 1421->1421
[2023-11-10T11:45:47.688-0800][76351320ms] GC(22526) Humongous regions: 5->5
[2023-11-10T11:45:47.688-0800][76351320ms] GC(22526) Metaspace: 304918K->304918K(1349632K)
[2023-11-10T11:45:47.688-0800][76351320ms] GC(22526) Pause Young (Normal) (G1 Evacuation Pause) 3233M->2851M(3602M) 6.266ms
[2023-11-10T11:45:47.688-0800][76351320ms] GC(22526) User=0.00s Sys=0.00s Real=0.01s
[2023-11-10T11:45:48.130-0800][76351762ms] GC(22527) Pause Young (Normal) (G1 Evacuation Pause)
[2023-11-10T11:45:48.130-0800][76351762ms] GC(22527) Using 10 workers of 10 for evacuation
[2023-11-10T11:45:48.136-0800][76351768ms] GC(22527)   Pre Evacuate Collection Set: 0.0ms
[2023-11-10T11:45:48.136-0800][76351768ms] GC(22527)   Evacuate Collection Set: 1.8ms
[2023-11-10T11:45:48.136-0800][76351768ms] GC(22527)   Post Evacuate Collection Set: 3.4ms
[2023-11-10T11:45:48.136-0800][76351768ms] GC(22527)   Other: 0.3ms
[2023-11-10T11:45:48.136-0800][76351768ms] GC(22527) Eden regions: 192->0(191)
[2023-11-10T11:45:48.136-0800][76351768ms] GC(22527) Survivor regions: 1->1(25)
[2023-11-10T11:45:48.136-0800][76351768ms] GC(22527) Old regions: 1421->1421
[2023-11-10T11:45:48.136-0800][76351768ms] GC(22527) Humongous regions: 5->5
[2023-11-10T11:45:48.136-0800][76351768ms] GC(22527) Metaspace: 304918K->304918K(1349632K)
[2023-11-10T11:45:48.136-0800][76351768ms] GC(22527) Pause Young (Normal) (G1 Evacuation Pause) 3235M->2852M(3602M) 5.609ms
[2023-11-10T11:45:48.137-0800][76351769ms] GC(22527) User=0.05s Sys=0.00s Real=0.01s
[2023-11-10T11:45:48.565-0800][76352197ms] GC(22528) Pause Young (Normal) (GCLocker Initiated GC)
[2023-11-10T11:45:48.565-0800][76352197ms] GC(22528) Using 10 workers of 10 for evacuation
[2023-11-10T11:45:48.571-0800][76352203ms] GC(22528)   Pre Evacuate Collection Set: 0.1ms
[2023-11-10T11:45:48.571-0800][76352203ms] GC(22528)   Evacuate Collection Set: 1.9ms
[2023-11-10T11:45:48.571-0800][76352203ms] GC(22528)   Post Evacuate Collection Set: 3.6ms
[2023-11-10T11:45:48.571-0800][76352203ms] GC(22528)   Other: 0.3ms
[2023-11-10T11:45:48.571-0800][76352203ms] GC(22528) Eden regions: 191->0(191)
[2023-11-10T11:45:48.571-0800][76352203ms] GC(22528) Survivor regions: 1->1(24)
[2023-11-10T11:45:48.571-0800][76352203ms] GC(22528) Old regions: 1421->1421
[2023-11-10T11:45:48.571-0800][76352203ms] GC(22528) Humongous regions: 5->5
[2023-11-10T11:45:48.571-0800][76352203ms] GC(22528) Metaspace: 304918K->304918K(1349632K)
[2023-11-10T11:45:48.571-0800][76352203ms] GC(22528) Pause Young (Normal) (GCLocker Initiated GC) 3234M->2851M(3602M) 5.905ms
[2023-11-10T11:45:48.571-0800][76352203ms] GC(22528) User=0.00s Sys=0.00s Real=0.01s
[2023-11-10T11:45:49.095-0800][76352727ms] GC(22529) Pause Young (Normal) (GCLocker Initiated GC)
[2023-11-10T11:45:49.095-0800][76352727ms] GC(22529) Using 10 workers of 10 for evacuation
[2023-11-10T11:45:49.103-0800][76352735ms] GC(22529)   Pre Evacuate Collection Set: 0.1ms
[2023-11-10T11:45:49.103-0800][76352735ms] GC(22529)   Evacuate Collection Set: 1.8ms
[2023-11-10T11:45:49.103-0800][76352735ms] GC(22529)   Post Evacuate Collection Set: 5.2ms
[2023-11-10T11:45:49.103-0800][76352735ms] GC(22529)   Other: 0.3ms
[2023-11-10T11:45:49.103-0800][76352735ms] GC(22529) Eden regions: 192->0(192)
[2023-11-10T11:45:49.103-0800][76352735ms] GC(22529) Survivor regions: 1->1(24)
[2023-11-10T11:45:49.103-0800][76352735ms] GC(22529) Old regions: 1421->1421
[2023-11-10T11:45:49.103-0800][76352735ms] GC(22529) Humongous regions: 5->5
[2023-11-10T11:45:49.103-0800][76352735ms] GC(22529) Metaspace: 304918K->304918K(1349632K)
[2023-11-10T11:45:49.103-0800][76352735ms] GC(22529) Pause Young (Normal) (GCLocker Initiated GC) 3233M->2851M(3602M) 7.656ms
[2023-11-10T11:45:49.103-0800][76352735ms] GC(22529) User=0.00s Sys=0.00s Real=0.01s
[2023-11-10T11:45:49.588-0800][76353220ms] GC(22530) Pause Young (Normal) (GCLocker Initiated GC)
[2023-11-10T11:45:49.588-0800][76353220ms] GC(22530) Using 10 workers of 10 for evacuation
[2023-11-10T11:45:49.594-0800][76353226ms] GC(22530)   Pre Evacuate Collection Set: 0.0ms
[2023-11-10T11:45:49.594-0800][76353226ms] GC(22530)   Evacuate Collection Set: 1.8ms
[2023-11-10T11:45:49.594-0800][76353226ms] GC(22530)   Post Evacuate Collection Set: 3.8ms
[2023-11-10T11:45:49.594-0800][76353226ms] GC(22530)   Other: 0.3ms
[2023-11-10T11:45:49.594-0800][76353226ms] GC(22530) Eden regions: 192->0(192)
[2023-11-10T11:45:49.594-0800][76353226ms] GC(22530) Survivor regions: 1->1(25)
[2023-11-10T11:45:49.594-0800][76353226ms] GC(22530) Old regions: 1421->1421
[2023-11-10T11:45:49.594-0800][76353226ms] GC(22530) Humongous regions: 5->5
[2023-11-10T11:45:49.594-0800][76353226ms] GC(22530) Metaspace: 304918K->304918K(1349632K)
[2023-11-10T11:45:49.594-0800][76353226ms] GC(22530) Pause Young (Normal) (GCLocker Initiated GC) 3235M->2851M(3602M) 6.053ms
[2023-11-10T11:45:49.594-0800][76353226ms] GC(22530) User=0.00s Sys=0.00s Real=0.01s
[2023-11-10T11:45:50.089-0800][76353721ms] GC(22531) Pause Young (Normal) (GCLocker Initiated GC)
[2023-11-10T11:45:50.089-0800][76353721ms] GC(22531) Using 10 workers of 10 for evacuation
[2023-11-10T11:45:50.095-0800][76353727ms] GC(22531)   Pre Evacuate Collection Set: 0.0ms
[2023-11-10T11:45:50.095-0800][76353727ms] GC(22531)   Evacuate Collection Set: 1.8ms
[2023-11-10T11:45:50.095-0800][76353727ms] GC(22531)   Post Evacuate Collection Set: 3.2ms
[2023-11-10T11:45:50.095-0800][76353727ms] GC(22531)   Other: 0.3ms
[2023-11-10T11:45:50.095-0800][76353727ms] GC(22531) Eden regions: 192->0(192)
[2023-11-10T11:45:50.095-0800][76353727ms] GC(22531) Survivor regions: 1->1(25)
[2023-11-10T11:45:50.095-0800][76353727ms] GC(22531) Old regions: 1421->1421
[2023-11-10T11:45:50.095-0800][76353727ms] GC(22531) Humongous regions: 5->5
[2023-11-10T11:45:50.095-0800][76353727ms] GC(22531) Metaspace: 304918K->304918K(1349632K)
[2023-11-10T11:45:50.095-0800][76353727ms] GC(22531) Pause Young (Normal) (GCLocker Initiated GC) 3235M->2851M(3602M) 5.421ms
[2023-11-10T11:45:50.095-0800][76353727ms] GC(22531) User=0.00s Sys=0.00s Real=0.01s
[2023-11-10T11:45:50.511-0800][76354143ms] GC(22532) Pause Young (Normal) (G1 Evacuation Pause)
[2023-11-10T11:45:50.511-0800][76354143ms] GC(22532) Using 10 workers of 10 for evacuation
[2023-11-10T11:45:50.516-0800][76354148ms] GC(22532)   Pre Evacuate Collection Set: 0.0ms
[2023-11-10T11:45:50.516-0800][76354148ms] GC(22532)   Evacuate Collection Set: 1.7ms
[2023-11-10T11:45:50.516-0800][76354148ms] GC(22532)   Post Evacuate Collection Set: 3.0ms
[2023-11-10T11:45:50.516-0800][76354148ms] GC(22532)   Other: 0.3ms
[2023-11-10T11:45:50.516-0800][76354148ms] GC(22532) Eden regions: 192->0(192)
[2023-11-10T11:45:50.516-0800][76354148ms] GC(22532) Survivor regions: 1->1(25)
[2023-11-10T11:45:50.516-0800][76354148ms] GC(22532) Old regions: 1421->1421
[2023-11-10T11:45:50.516-0800][76354148ms] GC(22532) Humongous regions: 5->5
[2023-11-10T11:45:50.516-0800][76354148ms] GC(22532) Metaspace: 304918K->304918K(1349632K)
[2023-11-10T11:45:50.516-0800][76354148ms] GC(22532) Pause Young (Normal) (G1 Evacuation Pause) 3235M->2851M(3602M) 5.198ms
[2023-11-10T11:45:50.516-0800][76354148ms] GC(22532) User=0.00s Sys=0.00s Real=0.01s
[2023-11-10T11:45:50.945-0800][76354577ms] GC(22533) Pause Young (Normal) (G1 Evacuation Pause)
[2023-11-10T11:45:50.945-0800][76354577ms] GC(22533) Using 10 workers of 10 for evacuation
[2023-11-10T11:45:50.949-0800][76354581ms] GC(22533)   Pre Evacuate Collection Set: 0.0ms
[2023-11-10T11:45:50.950-0800][76354582ms] GC(22533)   Evacuate Collection Set: 1.8ms
[2023-11-10T11:45:50.950-0800][76354582ms] GC(22533)   Post Evacuate Collection Set: 3.3ms
[2023-11-10T11:45:50.950-0800][76354582ms] GC(22533)   Other: 0.3ms
[2023-11-10T11:45:50.950-0800][76354582ms] GC(22533) Eden regions: 192->0(192)
[2023-11-10T11:45:50.950-0800][76354582ms] GC(22533) Survivor regions: 1->1(25)
[2023-11-10T11:45:50.950-0800][76354582ms] GC(22533) Old regions: 1421->1421
[2023-11-10T11:45:50.950-0800][76354582ms] GC(22533) Humongous regions: 5->5
[2023-11-10T11:45:50.950-0800][76354582ms] GC(22533) Metaspace: 304918K->304918K(1349632K)
[2023-11-10T11:45:50.950-0800][76354582ms] GC(22533) Pause Young (Normal) (G1 Evacuation Pause) 3235M->2851M(3602M) 5.541ms
[2023-11-10T11:45:50.950-0800][76354582ms] GC(22533) User=0.00s Sys=0.00s Real=0.01s
[2023-11-10T11:45:51.367-0800][76354999ms] GC(22534) Pause Young (Normal) (G1 Evacuation Pause)
[2023-11-10T11:45:51.367-0800][76354999ms] GC(22534) Using 10 workers of 10 for evacuation
[2023-11-10T11:45:51.372-0800][76355004ms] GC(22534)   Pre Evacuate Collection Set: 0.0ms
[2023-11-10T11:45:51.372-0800][76355004ms] GC(22534)   Evacuate Collection Set: 1.6ms
[2023-11-10T11:45:51.372-0800][76355004ms] GC(22534)   Post Evacuate Collection Set: 3.4ms
[2023-11-10T11:45:51.372-0800][76355004ms] GC(22534)   Other: 0.2ms
[2023-11-10T11:45:51.372-0800][76355004ms] GC(22534) Eden regions: 192->0(192)
[2023-11-10T11:45:51.372-0800][76355004ms] GC(22534) Survivor regions: 1->1(25)
[2023-11-10T11:45:51.372-0800][76355004ms] GC(22534) Old regions: 1421->1421
[2023-11-10T11:45:51.372-0800][76355004ms] GC(22534) Humongous regions: 5->5
[2023-11-10T11:45:51.372-0800][76355004ms] GC(22534) Metaspace: 304918K->304918K(1349632K)
[2023-11-10T11:45:51.372-0800][76355004ms] GC(22534) Pause Young (Normal) (G1 Evacuation Pause) 3235M->2851M(3602M) 5.496ms
[2023-11-10T11:45:51.372-0800][76355004ms] GC(22534) User=0.00s Sys=0.00s Real=0.00s
[2023-11-10T11:45:51.877-0800][76355509ms] GC(22535) Pause Young (Normal) (G1 Evacuation Pause)
[2023-11-10T11:45:51.877-0800][76355509ms] GC(22535) Using 10 workers of 10 for evacuation
[2023-11-10T11:45:51.884-0800][76355516ms] GC(22535)   Pre Evacuate Collection Set: 0.0ms
[2023-11-10T11:45:51.884-0800][76355516ms] GC(22535)   Evacuate Collection Set: 1.6ms
[2023-11-10T11:45:51.884-0800][76355516ms] GC(22535)   Post Evacuate Collection Set: 4.6ms
[2023-11-10T11:45:51.884-0800][76355516ms] GC(22535)   Other: 0.3ms
[2023-11-10T11:45:51.884-0800][76355516ms] GC(22535) Eden regions: 192->0(192)
[2023-11-10T11:45:51.884-0800][76355516ms] GC(22535) Survivor regions: 1->1(25)
[2023-11-10T11:45:51.884-0800][76355516ms] GC(22535) Old regions: 1421->1421
[2023-11-10T11:45:51.884-0800][76355516ms] GC(22535) Humongous regions: 5->5
[2023-11-10T11:45:51.884-0800][76355516ms] GC(22535) Metaspace: 304918K->304918K(1349632K)
[2023-11-10T11:45:51.884-0800][76355516ms] GC(22535) Pause Young (Normal) (G1 Evacuation Pause) 3235M->2851M(3602M) 6.642ms
[2023-11-10T11:45:51.884-0800][76355516ms] GC(22535) User=0.02s Sys=0.00s Real=0.01s
[2023-11-10T11:45:52.377-0800][76356009ms] GC(22536) Pause Young (Normal) (G1 Evacuation Pause)
[2023-11-10T11:45:52.377-0800][76356009ms] GC(22536) Using 10 workers of 10 for evacuation
[2023-11-10T11:45:52.383-0800][76356015ms] GC(22536)   Pre Evacuate Collection Set: 0.0ms
[2023-11-10T11:45:52.383-0800][76356015ms] GC(22536)   Evacuate Collection Set: 2.6ms
[2023-11-10T11:45:52.383-0800][76356015ms] GC(22536)   Post Evacuate Collection Set: 3.9ms
[2023-11-10T11:45:52.383-0800][76356015ms] GC(22536)   Other: 0.3ms
[2023-11-10T11:45:52.383-0800][76356015ms] GC(22536) Eden regions: 192->0(192)
[2023-11-10T11:45:52.383-0800][76356015ms] GC(22536) Survivor regions: 1->1(25)
[2023-11-10T11:45:52.383-0800][76356015ms] GC(22536) Old regions: 1421->1421
[2023-11-10T11:45:52.383-0800][76356015ms] GC(22536) Humongous regions: 5->5
[2023-11-10T11:45:52.383-0800][76356015ms] GC(22536) Metaspace: 304918K->304918K(1349632K)
[2023-11-10T11:45:52.383-0800][76356015ms] GC(22536) Pause Young (Normal) (G1 Evacuation Pause) 3235M->2851M(3602M) 6.933ms
[2023-11-10T11:45:52.383-0800][76356015ms] GC(22536) User=0.02s Sys=0.00s Real=0.01s
[2023-11-10T11:45:52.923-0800][76356555ms] GC(22537) Pause Young (Normal) (G1 Evacuation Pause)
[2023-11-10T11:45:52.923-0800][76356555ms] GC(22537) Using 10 workers of 10 for evacuation
[2023-11-10T11:45:52.929-0800][76356561ms] GC(22537)   Pre Evacuate Collection Set: 0.1ms
[2023-11-10T11:45:52.929-0800][76356561ms] GC(22537)   Evacuate Collection Set: 1.8ms
[2023-11-10T11:45:52.929-0800][76356561ms] GC(22537)   Post Evacuate Collection Set: 3.1ms
[2023-11-10T11:45:52.929-0800][76356561ms] GC(22537)   Other: 0.6ms
[2023-11-10T11:45:52.929-0800][76356561ms] GC(22537) Eden regions: 192->0(192)
[2023-11-10T11:45:52.929-0800][76356561ms] GC(22537) Survivor regions: 1->1(25)
[2023-11-10T11:45:52.929-0800][76356561ms] GC(22537) Old regions: 1421->1421
[2023-11-10T11:45:52.929-0800][76356561ms] GC(22537) Humongous regions: 5->5
[2023-11-10T11:45:52.929-0800][76356561ms] GC(22537) Metaspace: 304918K->304918K(1349632K)
[2023-11-10T11:45:52.929-0800][76356561ms] GC(22537) Pause Young (Normal) (G1 Evacuation Pause) 3235M->2851M(3602M) 5.642ms
[2023-11-10T11:45:52.929-0800][76356561ms] GC(22537) User=0.02s Sys=0.00s Real=0.01s
[2023-11-10T11:45:53.412-0800][76357044ms] GC(22538) Pause Young (Normal) (G1 Evacuation Pause)
[2023-11-10T11:45:53.412-0800][76357044ms] GC(22538) Using 10 workers of 10 for evacuation
[2023-11-10T11:45:53.418-0800][76357050ms] GC(22538)   Pre Evacuate Collection Set: 0.1ms
[2023-11-10T11:45:53.419-0800][76357051ms] GC(22538)   Evacuate Collection Set: 1.8ms
[2023-11-10T11:45:53.419-0800][76357051ms] GC(22538)   Post Evacuate Collection Set: 4.7ms
[2023-11-10T11:45:53.419-0800][76357051ms] GC(22538)   Other: 0.4ms
[2023-11-10T11:45:53.419-0800][76357051ms] GC(22538) Eden regions: 192->0(192)
[2023-11-10T11:45:53.419-0800][76357051ms] GC(22538) Survivor regions: 1->1(25)
[2023-11-10T11:45:53.419-0800][76357051ms] GC(22538) Old regions: 1421->1421
[2023-11-10T11:45:53.419-0800][76357051ms] GC(22538) Humongous regions: 5->5
[2023-11-10T11:45:53.419-0800][76357051ms] GC(22538) Metaspace: 304918K->304918K(1349632K)
[2023-11-10T11:45:53.419-0800][76357051ms] GC(22538) Pause Young (Normal) (G1 Evacuation Pause) 3235M->2851M(3602M) 7.014ms
[2023-11-10T11:45:53.419-0800][76357051ms] GC(22538) User=0.14s Sys=0.00s Real=0.01s
[2023-11-10T11:45:53.975-0800][76357607ms] GC(22539) Pause Young (Normal) (G1 Evacuation Pause)
[2023-11-10T11:45:53.975-0800][76357607ms] GC(22539) Using 10 workers of 10 for evacuation
[2023-11-10T11:45:53.986-0800][76357618ms] GC(22539)   Pre Evacuate Collection Set: 0.1ms
[2023-11-10T11:45:53.986-0800][76357618ms] GC(22539)   Evacuate Collection Set: 6.6ms
[2023-11-10T11:45:53.986-0800][76357618ms] GC(22539)   Post Evacuate Collection Set: 3.6ms
[2023-11-10T11:45:53.986-0800][76357618ms] GC(22539)   Other: 0.4ms
[2023-11-10T11:45:53.986-0800][76357618ms] GC(22539) Eden regions: 192->0(192)
[2023-11-10T11:45:53.986-0800][76357618ms] GC(22539) Survivor regions: 1->1(25)
[2023-11-10T11:45:53.986-0800][76357618ms] GC(22539) Old regions: 1421->1421
[2023-11-10T11:45:53.986-0800][76357618ms] GC(22539) Humongous regions: 5->5
[2023-11-10T11:45:53.986-0800][76357618ms] GC(22539) Metaspace: 304918K->304918K(1349632K)
[2023-11-10T11:45:53.986-0800][76357618ms] GC(22539) Pause Young (Normal) (G1 Evacuation Pause) 3235M->2851M(3602M) 10.742ms
[2023-11-10T11:45:53.986-0800][76357618ms] GC(22539) User=0.00s Sys=0.00s Real=0.01s
[2023-11-10T11:45:54.459-0800][76358091ms] GC(22540) Pause Young (Normal) (G1 Evacuation Pause)
[2023-11-10T11:45:54.459-0800][76358091ms] GC(22540) Using 10 workers of 10 for evacuation
[2023-11-10T11:45:54.465-0800][76358097ms] GC(22540)   Pre Evacuate Collection Set: 0.0ms
[2023-11-10T11:45:54.465-0800][76358097ms] GC(22540)   Evacuate Collection Set: 2.3ms
[2023-11-10T11:45:54.465-0800][76358097ms] GC(22540)   Post Evacuate Collection Set: 3.2ms
[2023-11-10T11:45:54.465-0800][76358097ms] GC(22540)   Other: 0.3ms
[2023-11-10T11:45:54.465-0800][76358097ms] GC(22540) Eden regions: 192->0(192)
[2023-11-10T11:45:54.465-0800][76358097ms] GC(22540) Survivor regions: 1->1(25)
[2023-11-10T11:45:54.465-0800][76358097ms] GC(22540) Old regions: 1421->1421
[2023-11-10T11:45:54.465-0800][76358097ms] GC(22540) Humongous regions: 5->5
[2023-11-10T11:45:54.465-0800][76358097ms] GC(22540) Metaspace: 304918K->304918K(1349632K)
[2023-11-10T11:45:54.465-0800][76358097ms] GC(22540) Pause Young (Normal) (G1 Evacuation Pause) 3235M->2851M(3602M) 5.949ms
[2023-11-10T11:45:54.465-0800][76358097ms] GC(22540) User=0.08s Sys=0.00s Real=0.01s
[2023-11-10T11:45:54.902-0800][76358534ms] GC(22541) Pause Young (Normal) (G1 Evacuation Pause)
[2023-11-10T11:45:54.902-0800][76358534ms] GC(22541) Using 10 workers of 10 for evacuation
[2023-11-10T11:45:54.909-0800][76358541ms] GC(22541)   Pre Evacuate Collection Set: 0.1ms
[2023-11-10T11:45:54.909-0800][76358541ms] GC(22541)   Evacuate Collection Set: 2.4ms
[2023-11-10T11:45:54.909-0800][76358541ms] GC(22541)   Post Evacuate Collection Set: 3.5ms
[2023-11-10T11:45:54.909-0800][76358541ms] GC(22541)   Other: 0.3ms
[2023-11-10T11:45:54.909-0800][76358541ms] GC(22541) Eden regions: 192->0(192)
[2023-11-10T11:45:54.909-0800][76358541ms] GC(22541) Survivor regions: 1->1(25)
[2023-11-10T11:45:54.909-0800][76358541ms] GC(22541) Old regions: 1421->1421
[2023-11-10T11:45:54.909-0800][76358541ms] GC(22541) Humongous regions: 5->5
[2023-11-10T11:45:54.909-0800][76358541ms] GC(22541) Metaspace: 304918K->304918K(1349632K)
[2023-11-10T11:45:54.909-0800][76358541ms] GC(22541) Pause Young (Normal) (G1 Evacuation Pause) 3235M->2851M(3602M) 6.372ms
[2023-11-10T11:45:54.909-0800][76358541ms] GC(22541) User=0.00s Sys=0.00s Real=0.01s
[2023-11-10T11:45:55.440-0800][76359072ms] GC(22542) Pause Young (Normal) (G1 Evacuation Pause)
[2023-11-10T11:45:55.440-0800][76359072ms] GC(22542) Using 10 workers of 10 for evacuation
[2023-11-10T11:45:55.446-0800][76359078ms] GC(22542)   Pre Evacuate Collection Set: 0.0ms
[2023-11-10T11:45:55.446-0800][76359078ms] GC(22542)   Evacuate Collection Set: 1.8ms
[2023-11-10T11:45:55.447-0800][76359079ms] GC(22542)   Post Evacuate Collection Set: 4.8ms
[2023-11-10T11:45:55.447-0800][76359079ms] GC(22542)   Other: 0.3ms
[2023-11-10T11:45:55.447-0800][76359079ms] GC(22542) Eden regions: 192->0(192)
[2023-11-10T11:45:55.447-0800][76359079ms] GC(22542) Survivor regions: 1->1(25)
[2023-11-10T11:45:55.447-0800][76359079ms] GC(22542) Old regions: 1421->1421
[2023-11-10T11:45:55.447-0800][76359079ms] GC(22542) Humongous regions: 5->5
[2023-11-10T11:45:55.447-0800][76359079ms] GC(22542) Metaspace: 304918K->304918K(1349632K)
[2023-11-10T11:45:55.447-0800][76359079ms] GC(22542) Pause Young (Normal) (G1 Evacuation Pause) 3235M->2851M(3602M) 6.972ms
[2023-11-10T11:45:55.447-0800][76359079ms] GC(22542) User=0.00s Sys=0.00s Real=0.01s
[2023-11-10T11:45:55.883-0800][76359515ms] GC(22543) Pause Young (Normal) (G1 Evacuation Pause)
[2023-11-10T11:45:55.883-0800][76359515ms] GC(22543) Using 10 workers of 10 for evacuation
[2023-11-10T11:45:55.890-0800][76359522ms] GC(22543)   Pre Evacuate Collection Set: 0.1ms
[2023-11-10T11:45:55.890-0800][76359522ms] GC(22543)   Evacuate Collection Set: 2.2ms
[2023-11-10T11:45:55.890-0800][76359522ms] GC(22543)   Post Evacuate Collection Set: 4.8ms
[2023-11-10T11:45:55.890-0800][76359522ms] GC(22543)   Other: 0.3ms
[2023-11-10T11:45:55.890-0800][76359522ms] GC(22543) Eden regions: 192->0(192)
[2023-11-10T11:45:55.890-0800][76359522ms] GC(22543) Survivor regions: 1->1(25)
[2023-11-10T11:45:55.890-0800][76359522ms] GC(22543) Old regions: 1421->1421
[2023-11-10T11:45:55.890-0800][76359522ms] GC(22543) Humongous regions: 5->5
[2023-11-10T11:45:55.890-0800][76359522ms] GC(22543) Metaspace: 304918K->304918K(1349632K)
[2023-11-10T11:45:55.891-0800][76359523ms] GC(22543) Pause Young (Normal) (G1 Evacuation Pause) 3235M->2851M(3602M) 7.532ms
[2023-11-10T11:45:55.891-0800][76359523ms] GC(22543) User=0.00s Sys=0.00s Real=0.01s
[2023-11-10T11:45:56.331-0800][76359963ms] GC(22544) Pause Young (Normal) (G1 Evacuation Pause)
[2023-11-10T11:45:56.331-0800][76359963ms] GC(22544) Using 10 workers of 10 for evacuation
[2023-11-10T11:45:56.337-0800][76359969ms] GC(22544)   Pre Evacuate Collection Set: 0.1ms
[2023-11-10T11:45:56.337-0800][76359969ms] GC(22544)   Evacuate Collection Set: 2.1ms
[2023-11-10T11:45:56.337-0800][76359969ms] GC(22544)   Post Evacuate Collection Set: 3.8ms
[2023-11-10T11:45:56.337-0800][76359969ms] GC(22544)   Other: 0.4ms
[2023-11-10T11:45:56.337-0800][76359969ms] GC(22544) Eden regions: 192->0(192)
[2023-11-10T11:45:56.337-0800][76359969ms] GC(22544) Survivor regions: 1->1(25)
[2023-11-10T11:45:56.337-0800][76359969ms] GC(22544) Old regions: 1421->1421
[2023-11-10T11:45:56.337-0800][76359969ms] GC(22544) Humongous regions: 5->5
[2023-11-10T11:45:56.337-0800][76359969ms] GC(22544) Metaspace: 304918K->304918K(1349632K)
[2023-11-10T11:45:56.337-0800][76359969ms] GC(22544) Pause Young (Normal) (G1 Evacuation Pause) 3235M->2851M(3602M) 6.431ms
[2023-11-10T11:45:56.338-0800][76359970ms] GC(22544) User=0.02s Sys=0.00s Real=0.01s
[2023-11-10T11:45:56.806-0800][76360438ms] GC(22545) Pause Young (Normal) (G1 Evacuation Pause)
[2023-11-10T11:45:56.806-0800][76360438ms] GC(22545) Using 10 workers of 10 for evacuation
[2023-11-10T11:45:56.812-0800][76360444ms] GC(22545)   Pre Evacuate Collection Set: 0.1ms
[2023-11-10T11:45:56.812-0800][76360444ms] GC(22545)   Evacuate Collection Set: 2.1ms
[2023-11-10T11:45:56.812-0800][76360444ms] GC(22545)   Post Evacuate Collection Set: 3.1ms
[2023-11-10T11:45:56.812-0800][76360444ms] GC(22545)   Other: 0.3ms
[2023-11-10T11:45:56.812-0800][76360444ms] GC(22545) Eden regions: 192->0(192)
[2023-11-10T11:45:56.812-0800][76360444ms] GC(22545) Survivor regions: 1->1(25)
[2023-11-10T11:45:56.812-0800][76360444ms] GC(22545) Old regions: 1421->1421
[2023-11-10T11:45:56.812-0800][76360444ms] GC(22545) Humongous regions: 5->5
[2023-11-10T11:45:56.812-0800][76360444ms] GC(22545) Metaspace: 304918K->304918K(1349632K)
[2023-11-10T11:45:56.812-0800][76360444ms] GC(22545) Pause Young (Normal) (G1 Evacuation Pause) 3235M->2851M(3602M) 5.580ms
[2023-11-10T11:45:56.812-0800][76360444ms] GC(22545) User=0.00s Sys=0.00s Real=0.01s
[2023-11-10T11:45:57.281-0800][76360913ms] GC(22546) Pause Young (Normal) (G1 Evacuation Pause)
[2023-11-10T11:45:57.281-0800][76360913ms] GC(22546) Using 10 workers of 10 for evacuation
[2023-11-10T11:45:57.287-0800][76360919ms] GC(22546)   Pre Evacuate Collection Set: 0.1ms
[2023-11-10T11:45:57.287-0800][76360919ms] GC(22546)   Evacuate Collection Set: 1.8ms
[2023-11-10T11:45:57.287-0800][76360919ms] GC(22546)   Post Evacuate Collection Set: 3.1ms
[2023-11-10T11:45:57.287-0800][76360919ms] GC(22546)   Other: 0.3ms
[2023-11-10T11:45:57.287-0800][76360919ms] GC(22546) Eden regions: 192->0(192)
[2023-11-10T11:45:57.287-0800][76360919ms] GC(22546) Survivor regions: 1->1(25)
[2023-11-10T11:45:57.287-0800][76360919ms] GC(22546) Old regions: 1421->1421
[2023-11-10T11:45:57.287-0800][76360919ms] GC(22546) Humongous regions: 5->5
[2023-11-10T11:45:57.287-0800][76360919ms] GC(22546) Metaspace: 304918K->304918K(1349632K)
[2023-11-10T11:45:57.287-0800][76360919ms] GC(22546) Pause Young (Normal) (G1 Evacuation Pause) 3235M->2852M(3602M) 5.379ms
[2023-11-10T11:45:57.287-0800][76360919ms] GC(22546) User=0.00s Sys=0.00s Real=0.01s
[2023-11-10T11:45:57.757-0800][76361389ms] GC(22547) Pause Young (Normal) (G1 Evacuation Pause)
[2023-11-10T11:45:57.757-0800][76361389ms] GC(22547) Using 10 workers of 10 for evacuation
[2023-11-10T11:45:57.763-0800][76361395ms] GC(22547)   Pre Evacuate Collection Set: 0.0ms
[2023-11-10T11:45:57.763-0800][76361395ms] GC(22547)   Evacuate Collection Set: 1.7ms
[2023-11-10T11:45:57.763-0800][76361395ms] GC(22547)   Post Evacuate Collection Set: 3.4ms
[2023-11-10T11:45:57.763-0800][76361395ms] GC(22547)   Other: 0.3ms
[2023-11-10T11:45:57.763-0800][76361395ms] GC(22547) Eden regions: 192->0(192)
[2023-11-10T11:45:57.763-0800][76361395ms] GC(22547) Survivor regions: 1->1(25)
[2023-11-10T11:45:57.763-0800][76361395ms] GC(22547) Old regions: 1421->1421
[2023-11-10T11:45:57.763-0800][76361395ms] GC(22547) Humongous regions: 5->5
[2023-11-10T11:45:57.763-0800][76361395ms] GC(22547) Metaspace: 304918K->304918K(1349632K)
[2023-11-10T11:45:57.763-0800][76361395ms] GC(22547) Pause Young (Normal) (G1 Evacuation Pause) 3236M->2851M(3602M) 5.549ms
[2023-11-10T11:45:57.763-0800][76361395ms] GC(22547) User=0.00s Sys=0.00s Real=0.01s
[2023-11-10T11:45:58.162-0800][76361794ms] GC(22548) Pause Young (Normal) (G1 Evacuation Pause)
[2023-11-10T11:45:58.162-0800][76361794ms] GC(22548) Using 10 workers of 10 for evacuation
[2023-11-10T11:45:58.166-0800][76361798ms] GC(22548)   Pre Evacuate Collection Set: 0.0ms
[2023-11-10T11:45:58.166-0800][76361798ms] GC(22548)   Evacuate Collection Set: 1.6ms
[2023-11-10T11:45:58.166-0800][76361798ms] GC(22548)   Post Evacuate Collection Set: 3.2ms
[2023-11-10T11:45:58.166-0800][76361798ms] GC(22548)   Other: 0.2ms
[2023-11-10T11:45:58.166-0800][76361798ms] GC(22548) Eden regions: 192->0(192)
[2023-11-10T11:45:58.166-0800][76361798ms] GC(22548) Survivor regions: 1->1(25)
[2023-11-10T11:45:58.166-0800][76361798ms] GC(22548) Old regions: 1421->1421
[2023-11-10T11:45:58.166-0800][76361798ms] GC(22548) Humongous regions: 5->5
[2023-11-10T11:45:58.166-0800][76361798ms] GC(22548) Metaspace: 304918K->304918K(1349632K)
[2023-11-10T11:45:58.167-0800][76361799ms] GC(22548) Pause Young (Normal) (G1 Evacuation Pause) 3235M->2851M(3602M) 5.582ms
[2023-11-10T11:45:58.167-0800][76361799ms] GC(22548) User=0.02s Sys=0.00s Real=0.01s
[2023-11-10T11:45:58.717-0800][76362349ms] GC(22549) Pause Young (Normal) (G1 Evacuation Pause)
[2023-11-10T11:45:58.717-0800][76362349ms] GC(22549) Using 10 workers of 10 for evacuation
[2023-11-10T11:45:58.722-0800][76362354ms] GC(22549)   Pre Evacuate Collection Set: 0.0ms
[2023-11-10T11:45:58.722-0800][76362354ms] GC(22549)   Evacuate Collection Set: 1.7ms
[2023-11-10T11:45:58.723-0800][76362355ms] GC(22549)   Post Evacuate Collection Set: 3.2ms
[2023-11-10T11:45:58.723-0800][76362355ms] GC(22549)   Other: 0.3ms
[2023-11-10T11:45:58.723-0800][76362355ms] GC(22549) Eden regions: 192->0(192)
[2023-11-10T11:45:58.723-0800][76362355ms] GC(22549) Survivor regions: 1->1(25)
[2023-11-10T11:45:58.723-0800][76362355ms] GC(22549) Old regions: 1421->1421
[2023-11-10T11:45:58.723-0800][76362355ms] GC(22549) Humongous regions: 5->5
[2023-11-10T11:45:58.723-0800][76362355ms] GC(22549) Metaspace: 304918K->304918K(1349632K)
[2023-11-10T11:45:58.723-0800][76362355ms] GC(22549) Pause Young (Normal) (G1 Evacuation Pause) 3235M->2851M(3602M) 5.360ms
[2023-11-10T11:45:58.723-0800][76362355ms] GC(22549) User=0.00s Sys=0.00s Real=0.01s
[2023-11-10T11:45:59.166-0800][76362798ms] GC(22550) Pause Young (Normal) (G1 Evacuation Pause)
[2023-11-10T11:45:59.166-0800][76362798ms] GC(22550) Using 10 workers of 10 for evacuation
[2023-11-10T11:45:59.171-0800][76362803ms] GC(22550)   Pre Evacuate Collection Set: 0.0ms
[2023-11-10T11:45:59.171-0800][76362803ms] GC(22550)   Evacuate Collection Set: 1.7ms
[2023-11-10T11:45:59.171-0800][76362803ms] GC(22550)   Post Evacuate Collection Set: 3.5ms
[2023-11-10T11:45:59.171-0800][76362803ms] GC(22550)   Other: 0.3ms
[2023-11-10T11:45:59.171-0800][76362803ms] GC(22550) Eden regions: 192->0(192)
[2023-11-10T11:45:59.171-0800][76362803ms] GC(22550) Survivor regions: 1->1(25)
[2023-11-10T11:45:59.171-0800][76362803ms] GC(22550) Old regions: 1421->1421
[2023-11-10T11:45:59.171-0800][76362803ms] GC(22550) Humongous regions: 5->5
[2023-11-10T11:45:59.171-0800][76362803ms] GC(22550) Metaspace: 304918K->304918K(1349632K)
[2023-11-10T11:45:59.171-0800][76362803ms] GC(22550) Pause Young (Normal) (G1 Evacuation Pause) 3235M->2851M(3602M) 5.694ms
[2023-11-10T11:45:59.171-0800][76362803ms] GC(22550) User=0.00s Sys=0.00s Real=0.01s
[2023-11-10T11:45:59.689-0800][76363321ms] GC(22551) Pause Young (Normal) (G1 Evacuation Pause)
[2023-11-10T11:45:59.689-0800][76363321ms] GC(22551) Using 10 workers of 10 for evacuation
[2023-11-10T11:45:59.696-0800][76363328ms] GC(22551)   Pre Evacuate Collection Set: 0.0ms
[2023-11-10T11:45:59.696-0800][76363328ms] GC(22551)   Evacuate Collection Set: 2.1ms
[2023-11-10T11:45:59.696-0800][76363328ms] GC(22551)   Post Evacuate Collection Set: 4.4ms
[2023-11-10T11:45:59.697-0800][76363329ms] GC(22551)   Other: 0.3ms
[2023-11-10T11:45:59.697-0800][76363329ms] GC(22551) Eden regions: 192->0(192)
[2023-11-10T11:45:59.697-0800][76363329ms] GC(22551) Survivor regions: 1->1(25)
[2023-11-10T11:45:59.697-0800][76363329ms] GC(22551) Old regions: 1421->1421
[2023-11-10T11:45:59.697-0800][76363329ms] GC(22551) Humongous regions: 5->5
[2023-11-10T11:45:59.697-0800][76363329ms] GC(22551) Metaspace: 304918K->304918K(1349632K)
[2023-11-10T11:45:59.697-0800][76363329ms] GC(22551) Pause Young (Normal) (G1 Evacuation Pause) 3235M->2851M(3602M) 6.984ms
[2023-11-10T11:45:59.697-0800][76363329ms] GC(22551) User=0.00s Sys=0.00s Real=0.01s
[2023-11-10T11:46:00.136-0800][76363768ms] GC(22552) Pause Young (Normal) (G1 Evacuation Pause)
[2023-11-10T11:46:00.136-0800][76363768ms] GC(22552) Using 10 workers of 10 for evacuation
[2023-11-10T11:46:00.142-0800][76363774ms] GC(22552)   Pre Evacuate Collection Set: 0.0ms
[2023-11-10T11:46:00.142-0800][76363774ms] GC(22552)   Evacuate Collection Set: 2.0ms
[2023-11-10T11:46:00.142-0800][76363774ms] GC(22552)   Post Evacuate Collection Set: 3.8ms
[2023-11-10T11:46:00.142-0800][76363774ms] GC(22552)   Other: 0.3ms
[2023-11-10T11:46:00.142-0800][76363774ms] GC(22552) Eden regions: 192->0(192)
[2023-11-10T11:46:00.142-0800][76363774ms] GC(22552) Survivor regions: 1->1(25)
[2023-11-10T11:46:00.142-0800][76363774ms] GC(22552) Old regions: 1421->1421
[2023-11-10T11:46:00.142-0800][76363774ms] GC(22552) Humongous regions: 5->5
[2023-11-10T11:46:00.142-0800][76363774ms] GC(22552) Metaspace: 304918K->304918K(1349632K)
[2023-11-10T11:46:00.142-0800][76363774ms] GC(22552) Pause Young (Normal) (G1 Evacuation Pause) 3235M->2851M(3602M) 6.278ms
[2023-11-10T11:46:00.142-0800][76363774ms] GC(22552) User=0.00s Sys=0.00s Real=0.01s
[2023-11-10T11:46:00.592-0800][76364224ms] GC(22553) Pause Young (Normal) (G1 Evacuation Pause)
[2023-11-10T11:46:00.592-0800][76364224ms] GC(22553) Using 10 workers of 10 for evacuation
[2023-11-10T11:46:00.598-0800][76364230ms] GC(22553)   Pre Evacuate Collection Set: 0.0ms
[2023-11-10T11:46:00.598-0800][76364230ms] GC(22553)   Evacuate Collection Set: 1.7ms
[2023-11-10T11:46:00.598-0800][76364230ms] GC(22553)   Post Evacuate Collection Set: 3.3ms
[2023-11-10T11:46:00.598-0800][76364230ms] GC(22553)   Other: 0.3ms
[2023-11-10T11:46:00.598-0800][76364230ms] GC(22553) Eden regions: 192->0(192)
[2023-11-10T11:46:00.598-0800][76364230ms] GC(22553) Survivor regions: 1->1(25)
[2023-11-10T11:46:00.598-0800][76364230ms] GC(22553) Old regions: 1421->1421
[2023-11-10T11:46:00.598-0800][76364230ms] GC(22553) Humongous regions: 5->5
[2023-11-10T11:46:00.598-0800][76364230ms] GC(22553) Metaspace: 304918K->304918K(1349632K)
[2023-11-10T11:46:00.598-0800][76364230ms] GC(22553) Pause Young (Normal) (G1 Evacuation Pause) 3235M->2852M(3602M) 5.432ms
[2023-11-10T11:46:00.598-0800][76364230ms] GC(22553) User=0.00s Sys=0.00s Real=0.01s
[2023-11-10T11:46:01.051-0800][76364683ms] GC(22554) Pause Young (Normal) (G1 Evacuation Pause)
[2023-11-10T11:46:01.051-0800][76364683ms] GC(22554) Using 10 workers of 10 for evacuation
[2023-11-10T11:46:01.057-0800][76364689ms] GC(22554)   Pre Evacuate Collection Set: 0.1ms
[2023-11-10T11:46:01.057-0800][76364689ms] GC(22554)   Evacuate Collection Set: 1.8ms
[2023-11-10T11:46:01.057-0800][76364689ms] GC(22554)   Post Evacuate Collection Set: 4.3ms
[2023-11-10T11:46:01.057-0800][76364689ms] GC(22554)   Other: 0.3ms
[2023-11-10T11:46:01.057-0800][76364689ms] GC(22554) Eden regions: 192->0(192)
[2023-11-10T11:46:01.057-0800][76364689ms] GC(22554) Survivor regions: 1->1(25)
[2023-11-10T11:46:01.057-0800][76364689ms] GC(22554) Old regions: 1421->1421
[2023-11-10T11:46:01.057-0800][76364689ms] GC(22554) Humongous regions: 5->5
[2023-11-10T11:46:01.057-0800][76364689ms] GC(22554) Metaspace: 304918K->304918K(1349632K)
[2023-11-10T11:46:01.057-0800][76364689ms] GC(22554) Pause Young (Normal) (G1 Evacuation Pause) 3236M->2852M(3602M) 6.610ms
[2023-11-10T11:46:01.058-0800][76364690ms] GC(22554) User=0.02s Sys=0.00s Real=0.01s
[2023-11-10T11:46:01.487-0800][76365119ms] GC(22555) Pause Young (Normal) (G1 Evacuation Pause)
[2023-11-10T11:46:01.487-0800][76365119ms] GC(22555) Using 10 workers of 10 for evacuation
[2023-11-10T11:46:01.492-0800][76365124ms] GC(22555)   Pre Evacuate Collection Set: 0.0ms
[2023-11-10T11:46:01.492-0800][76365124ms] GC(22555)   Evacuate Collection Set: 1.7ms
[2023-11-10T11:46:01.492-0800][76365124ms] GC(22555)   Post Evacuate Collection Set: 2.9ms
[2023-11-10T11:46:01.493-0800][76365125ms] GC(22555)   Other: 0.3ms
[2023-11-10T11:46:01.493-0800][76365125ms] GC(22555) Eden regions: 192->0(192)
[2023-11-10T11:46:01.493-0800][76365125ms] GC(22555) Survivor regions: 1->1(25)
[2023-11-10T11:46:01.493-0800][76365125ms] GC(22555) Old regions: 1421->1421
[2023-11-10T11:46:01.493-0800][76365125ms] GC(22555) Humongous regions: 5->5
[2023-11-10T11:46:01.493-0800][76365125ms] GC(22555) Metaspace: 304918K->304918K(1349632K)
[2023-11-10T11:46:01.493-0800][76365125ms] GC(22555) Pause Young (Normal) (G1 Evacuation Pause) 3236M->2852M(3602M) 5.003ms
[2023-11-10T11:46:01.493-0800][76365125ms] GC(22555) User=0.00s Sys=0.00s Real=0.01s
[2023-11-10T11:46:01.966-0800][76365598ms] GC(22556) Pause Young (Normal) (G1 Evacuation Pause)
[2023-11-10T11:46:01.966-0800][76365598ms] GC(22556) Using 10 workers of 10 for evacuation
[2023-11-10T11:46:01.973-0800][76365605ms] GC(22556)   Pre Evacuate Collection Set: 0.1ms
[2023-11-10T11:46:01.973-0800][76365605ms] GC(22556)   Evacuate Collection Set: 2.0ms
[2023-11-10T11:46:01.973-0800][76365605ms] GC(22556)   Post Evacuate Collection Set: 3.7ms
[2023-11-10T11:46:01.973-0800][76365605ms] GC(22556)   Other: 0.3ms
[2023-11-10T11:46:01.973-0800][76365605ms] GC(22556) Eden regions: 192->0(192)
[2023-11-10T11:46:01.973-0800][76365605ms] GC(22556) Survivor regions: 1->1(25)
[2023-11-10T11:46:01.973-0800][76365605ms] GC(22556) Old regions: 1421->1421
[2023-11-10T11:46:01.973-0800][76365605ms] GC(22556) Humongous regions: 5->5
[2023-11-10T11:46:01.973-0800][76365605ms] GC(22556) Metaspace: 304918K->304918K(1349632K)
[2023-11-10T11:46:01.973-0800][76365605ms] GC(22556) Pause Young (Normal) (G1 Evacuation Pause) 3236M->2852M(3602M) 6.179ms
[2023-11-10T11:46:01.973-0800][76365605ms] GC(22556) User=0.00s Sys=0.00s Real=0.01s
[2023-11-10T11:46:02.430-0800][76366062ms] GC(22557) Pause Young (Normal) (G1 Evacuation Pause)
[2023-11-10T11:46:02.430-0800][76366062ms] GC(22557) Using 10 workers of 10 for evacuation
[2023-11-10T11:46:02.437-0800][76366069ms] GC(22557)   Pre Evacuate Collection Set: 0.0ms
[2023-11-10T11:46:02.437-0800][76366069ms] GC(22557)   Evacuate Collection Set: 2.2ms
[2023-11-10T11:46:02.437-0800][76366069ms] GC(22557)   Post Evacuate Collection Set: 3.6ms
[2023-11-10T11:46:02.437-0800][76366069ms] GC(22557)   Other: 0.3ms
[2023-11-10T11:46:02.437-0800][76366069ms] GC(22557) Eden regions: 192->0(192)
[2023-11-10T11:46:02.437-0800][76366069ms] GC(22557) Survivor regions: 1->1(25)
[2023-11-10T11:46:02.437-0800][76366069ms] GC(22557) Old regions: 1421->1421
[2023-11-10T11:46:02.437-0800][76366069ms] GC(22557) Humongous regions: 5->5
[2023-11-10T11:46:02.437-0800][76366069ms] GC(22557) Metaspace: 304918K->304918K(1349632K)
[2023-11-10T11:46:02.437-0800][76366069ms] GC(22557) Pause Young (Normal) (G1 Evacuation Pause) 3236M->2852M(3602M) 6.250ms
[2023-11-10T11:46:02.437-0800][76366069ms] GC(22557) User=0.00s Sys=0.00s Real=0.01s
[2023-11-10T11:46:02.920-0800][76366552ms] GC(22558) Pause Young (Normal) (G1 Evacuation Pause)
[2023-11-10T11:46:02.920-0800][76366552ms] GC(22558) Using 10 workers of 10 for evacuation
[2023-11-10T11:46:02.926-0800][76366558ms] GC(22558)   Pre Evacuate Collection Set: 0.0ms
[2023-11-10T11:46:02.926-0800][76366558ms] GC(22558)   Evacuate Collection Set: 2.0ms
[2023-11-10T11:46:02.926-0800][76366558ms] GC(22558)   Post Evacuate Collection Set: 3.8ms
[2023-11-10T11:46:02.926-0800][76366558ms] GC(22558)   Other: 0.3ms
[2023-11-10T11:46:02.926-0800][76366558ms] GC(22558) Eden regions: 192->0(192)
[2023-11-10T11:46:02.926-0800][76366558ms] GC(22558) Survivor regions: 1->1(25)
[2023-11-10T11:46:02.926-0800][76366558ms] GC(22558) Old regions: 1421->1421
[2023-11-10T11:46:02.926-0800][76366558ms] GC(22558) Humongous regions: 5->5
[2023-11-10T11:46:02.926-0800][76366558ms] GC(22558) Metaspace: 304918K->304918K(1349632K)
[2023-11-10T11:46:02.926-0800][76366558ms] GC(22558) Pause Young (Normal) (G1 Evacuation Pause) 3236M->2852M(3602M) 6.253ms
[2023-11-10T11:46:02.926-0800][76366558ms] GC(22558) User=0.00s Sys=0.00s Real=0.01s
[2023-11-10T11:46:03.406-0800][76367038ms] GC(22559) Pause Young (Normal) (G1 Evacuation Pause)
[2023-11-10T11:46:03.406-0800][76367038ms] GC(22559) Using 10 workers of 10 for evacuation
[2023-11-10T11:46:03.413-0800][76367045ms] GC(22559)   Pre Evacuate Collection Set: 0.1ms
[2023-11-10T11:46:03.413-0800][76367045ms] GC(22559)   Evacuate Collection Set: 2.6ms
[2023-11-10T11:46:03.413-0800][76367045ms] GC(22559)   Post Evacuate Collection Set: 3.9ms
[2023-11-10T11:46:03.413-0800][76367045ms] GC(22559)   Other: 0.4ms
[2023-11-10T11:46:03.413-0800][76367045ms] GC(22559) Eden regions: 192->0(192)
[2023-11-10T11:46:03.413-0800][76367045ms] GC(22559) Survivor regions: 1->1(25)
[2023-11-10T11:46:03.413-0800][76367045ms] GC(22559) Old regions: 1421->1421
[2023-11-10T11:46:03.413-0800][76367045ms] GC(22559) Humongous regions: 5->5
[2023-11-10T11:46:03.413-0800][76367045ms] GC(22559) Metaspace: 304918K->304918K(1349632K)
[2023-11-10T11:46:03.413-0800][76367045ms] GC(22559) Pause Young (Normal) (G1 Evacuation Pause) 3236M->2852M(3602M) 7.074ms
[2023-11-10T11:46:03.413-0800][76367045ms] GC(22559) User=0.00s Sys=0.00s Real=0.01s
[2023-11-10T11:46:03.887-0800][76367519ms] GC(22560) Pause Young (Normal) (G1 Evacuation Pause)
[2023-11-10T11:46:03.887-0800][76367519ms] GC(22560) Using 10 workers of 10 for evacuation
[2023-11-10T11:46:03.894-0800][76367526ms] GC(22560)   Pre Evacuate Collection Set: 0.1ms
[2023-11-10T11:46:03.894-0800][76367526ms] GC(22560)   Evacuate Collection Set: 2.3ms
[2023-11-10T11:46:03.894-0800][76367526ms] GC(22560)   Post Evacuate Collection Set: 4.0ms
[2023-11-10T11:46:03.895-0800][76367527ms] GC(22560)   Other: 0.3ms
[2023-11-10T11:46:03.895-0800][76367527ms] GC(22560) Eden regions: 192->0(192)
[2023-11-10T11:46:03.895-0800][76367527ms] GC(22560) Survivor regions: 1->1(25)
[2023-11-10T11:46:03.895-0800][76367527ms] GC(22560) Old regions: 1421->1421
[2023-11-10T11:46:03.895-0800][76367527ms] GC(22560) Humongous regions: 5->5
[2023-11-10T11:46:03.895-0800][76367527ms] GC(22560) Metaspace: 304918K->304918K(1349632K)
[2023-11-10T11:46:03.895-0800][76367527ms] GC(22560) Pause Young (Normal) (G1 Evacuation Pause) 3236M->2852M(3602M) 6.835ms
[2023-11-10T11:46:03.895-0800][76367527ms] GC(22560) User=0.00s Sys=0.00s Real=0.01s
[2023-11-10T11:46:04.391-0800][76368023ms] GC(22561) Pause Young (Normal) (G1 Evacuation Pause)
[2023-11-10T11:46:04.391-0800][76368023ms] GC(22561) Using 10 workers of 10 for evacuation
[2023-11-10T11:46:04.400-0800][76368032ms] GC(22561)   Pre Evacuate Collection Set: 0.1ms
[2023-11-10T11:46:04.400-0800][76368032ms] GC(22561)   Evacuate Collection Set: 2.7ms
[2023-11-10T11:46:04.400-0800][76368032ms] GC(22561)   Post Evacuate Collection Set: 5.3ms
[2023-11-10T11:46:04.400-0800][76368032ms] GC(22561)   Other: 0.3ms
[2023-11-10T11:46:04.400-0800][76368032ms] GC(22561) Eden regions: 192->0(192)
[2023-11-10T11:46:04.400-0800][76368032ms] GC(22561) Survivor regions: 1->1(25)
[2023-11-10T11:46:04.400-0800][76368032ms] GC(22561) Old regions: 1421->1421
[2023-11-10T11:46:04.400-0800][76368032ms] GC(22561) Humongous regions: 5->5
[2023-11-10T11:46:04.400-0800][76368032ms] GC(22561) Metaspace: 304918K->304918K(1349632K)
[2023-11-10T11:46:04.400-0800][76368032ms] GC(22561) Pause Young (Normal) (G1 Evacuation Pause) 3236M->2852M(3602M) 8.508ms
[2023-11-10T11:46:04.400-0800][76368032ms] GC(22561) User=0.00s Sys=0.00s Real=0.01s
[2023-11-10T11:46:04.823-0800][76368455ms] GC(22562) Pause Young (Normal) (G1 Evacuation Pause)
[2023-11-10T11:46:04.824-0800][76368456ms] GC(22562) Using 10 workers of 10 for evacuation
[2023-11-10T11:46:04.830-0800][76368462ms] GC(22562)   Pre Evacuate Collection Set: 0.1ms
[2023-11-10T11:46:04.830-0800][76368462ms] GC(22562)   Evacuate Collection Set: 2.2ms
[2023-11-10T11:46:04.830-0800][76368462ms] GC(22562)   Post Evacuate Collection Set: 3.7ms
[2023-11-10T11:46:04.830-0800][76368462ms] GC(22562)   Other: 0.3ms
[2023-11-10T11:46:04.830-0800][76368462ms] GC(22562) Eden regions: 192->0(192)
[2023-11-10T11:46:04.830-0800][76368462ms] GC(22562) Survivor regions: 1->1(25)
[2023-11-10T11:46:04.830-0800][76368462ms] GC(22562) Old regions: 1421->1421
[2023-11-10T11:46:04.830-0800][76368462ms] GC(22562) Humongous regions: 5->5
[2023-11-10T11:46:04.830-0800][76368462ms] GC(22562) Metaspace: 304918K->304918K(1349632K)
[2023-11-10T11:46:04.830-0800][76368462ms] GC(22562) Pause Young (Normal) (G1 Evacuation Pause) 3236M->2852M(3602M) 6.309ms
[2023-11-10T11:46:04.830-0800][76368462ms] GC(22562) User=0.00s Sys=0.00s Real=0.01s
[2023-11-10T11:46:05.351-0800][76368983ms] GC(22563) Pause Young (Normal) (G1 Evacuation Pause)
[2023-11-10T11:46:05.351-0800][76368983ms] GC(22563) Using 10 workers of 10 for evacuation
[2023-11-10T11:46:05.356-0800][76368988ms] GC(22563)   Pre Evacuate Collection Set: 0.1ms
[2023-11-10T11:46:05.356-0800][76368988ms] GC(22563)   Evacuate Collection Set: 1.9ms
[2023-11-10T11:46:05.356-0800][76368988ms] GC(22563)   Post Evacuate Collection Set: 3.2ms
[2023-11-10T11:46:05.356-0800][76368988ms] GC(22563)   Other: 0.4ms
[2023-11-10T11:46:05.356-0800][76368988ms] GC(22563) Eden regions: 192->0(192)
[2023-11-10T11:46:05.356-0800][76368988ms] GC(22563) Survivor regions: 1->1(25)
[2023-11-10T11:46:05.356-0800][76368988ms] GC(22563) Old regions: 1421->1421
[2023-11-10T11:46:05.356-0800][76368988ms] GC(22563) Humongous regions: 5->5
[2023-11-10T11:46:05.356-0800][76368988ms] GC(22563) Metaspace: 304918K->304918K(1349632K)
[2023-11-10T11:46:05.356-0800][76368988ms] GC(22563) Pause Young (Normal) (G1 Evacuation Pause) 3236M->2852M(3602M) 5.586ms
[2023-11-10T11:46:05.356-0800][76368988ms] GC(22563) User=0.00s Sys=0.00s Real=0.00s
[2023-11-10T11:46:05.842-0800][76369474ms] GC(22564) Pause Young (Normal) (G1 Evacuation Pause)
[2023-11-10T11:46:05.842-0800][76369474ms] GC(22564) Using 10 workers of 10 for evacuation
[2023-11-10T11:46:05.847-0800][76369479ms] GC(22564)   Pre Evacuate Collection Set: 0.0ms
[2023-11-10T11:46:05.848-0800][76369480ms] GC(22564)   Evacuate Collection Set: 1.9ms
[2023-11-10T11:46:05.848-0800][76369480ms] GC(22564)   Post Evacuate Collection Set: 3.2ms
[2023-11-10T11:46:05.848-0800][76369480ms] GC(22564)   Other: 0.3ms
[2023-11-10T11:46:05.848-0800][76369480ms] GC(22564) Eden regions: 192->0(192)
[2023-11-10T11:46:05.848-0800][76369480ms] GC(22564) Survivor regions: 1->1(25)
[2023-11-10T11:46:05.848-0800][76369480ms] GC(22564) Old regions: 1421->1421
[2023-11-10T11:46:05.848-0800][76369480ms] GC(22564) Humongous regions: 5->5
[2023-11-10T11:46:05.848-0800][76369480ms] GC(22564) Metaspace: 304918K->304918K(1349632K)
[2023-11-10T11:46:05.848-0800][76369480ms] GC(22564) Pause Young (Normal) (G1 Evacuation Pause) 3236M->2852M(3602M) 5.537ms
[2023-11-10T11:46:05.848-0800][76369480ms] GC(22564) User=0.00s Sys=0.00s Real=0.01s
[2023-11-10T11:46:06.331-0800][76369963ms] GC(22565) Pause Young (Normal) (G1 Evacuation Pause)
[2023-11-10T11:46:06.331-0800][76369963ms] GC(22565) Using 10 workers of 10 for evacuation
[2023-11-10T11:46:06.338-0800][76369970ms] GC(22565)   Pre Evacuate Collection Set: 0.1ms
[2023-11-10T11:46:06.338-0800][76369970ms] GC(22565)   Evacuate Collection Set: 2.3ms
[2023-11-10T11:46:06.338-0800][76369970ms] GC(22565)   Post Evacuate Collection Set: 4.4ms
[2023-11-10T11:46:06.338-0800][76369970ms] GC(22565)   Other: 0.4ms
[2023-11-10T11:46:06.338-0800][76369970ms] GC(22565) Eden regions: 192->0(192)
[2023-11-10T11:46:06.338-0800][76369970ms] GC(22565) Survivor regions: 1->1(25)
[2023-11-10T11:46:06.338-0800][76369970ms] GC(22565) Old regions: 1421->1421
[2023-11-10T11:46:06.338-0800][76369970ms] GC(22565) Humongous regions: 5->5
[2023-11-10T11:46:06.338-0800][76369970ms] GC(22565) Metaspace: 304918K->304918K(1349632K)
[2023-11-10T11:46:06.338-0800][76369970ms] GC(22565) Pause Young (Normal) (G1 Evacuation Pause) 3236M->2852M(3602M) 7.212ms
[2023-11-10T11:46:06.338-0800][76369970ms] GC(22565) User=0.02s Sys=0.00s Real=0.01s
[2023-11-10T11:46:06.845-0800][76370477ms] GC(22566) Pause Young (Normal) (G1 Evacuation Pause)
[2023-11-10T11:46:06.845-0800][76370477ms] GC(22566) Using 10 workers of 10 for evacuation
[2023-11-10T11:46:06.852-0800][76370484ms] GC(22566)   Pre Evacuate Collection Set: 0.1ms
[2023-11-10T11:46:06.852-0800][76370484ms] GC(22566)   Evacuate Collection Set: 2.2ms
[2023-11-10T11:46:06.852-0800][76370484ms] GC(22566)   Post Evacuate Collection Set: 3.7ms
[2023-11-10T11:46:06.852-0800][76370484ms] GC(22566)   Other: 0.3ms
[2023-11-10T11:46:06.852-0800][76370484ms] GC(22566) Eden regions: 192->0(192)
[2023-11-10T11:46:06.852-0800][76370484ms] GC(22566) Survivor regions: 1->1(25)
[2023-11-10T11:46:06.852-0800][76370484ms] GC(22566) Old regions: 1421->1421
[2023-11-10T11:46:06.852-0800][76370484ms] GC(22566) Humongous regions: 5->5
[2023-11-10T11:46:06.852-0800][76370484ms] GC(22566) Metaspace: 304918K->304918K(1349632K)
[2023-11-10T11:46:06.852-0800][76370484ms] GC(22566) Pause Young (Normal) (G1 Evacuation Pause) 3236M->2852M(3602M) 6.440ms
[2023-11-10T11:46:06.852-0800][76370484ms] GC(22566) User=0.00s Sys=0.00s Real=0.01s
[2023-11-10T11:46:07.323-0800][76370955ms] GC(22567) Pause Young (Normal) (G1 Evacuation Pause)
[2023-11-10T11:46:07.323-0800][76370955ms] GC(22567) Using 10 workers of 10 for evacuation
[2023-11-10T11:46:07.328-0800][76370960ms] GC(22567)   Pre Evacuate Collection Set: 0.0ms
[2023-11-10T11:46:07.328-0800][76370960ms] GC(22567)   Evacuate Collection Set: 1.7ms
[2023-11-10T11:46:07.328-0800][76370960ms] GC(22567)   Post Evacuate Collection Set: 3.1ms
[2023-11-10T11:46:07.328-0800][76370960ms] GC(22567)   Other: 0.2ms
[2023-11-10T11:46:07.328-0800][76370960ms] GC(22567) Eden regions: 192->0(192)
[2023-11-10T11:46:07.328-0800][76370960ms] GC(22567) Survivor regions: 1->1(25)
[2023-11-10T11:46:07.328-0800][76370960ms] GC(22567) Old regions: 1421->1421
[2023-11-10T11:46:07.328-0800][76370960ms] GC(22567) Humongous regions: 5->5
[2023-11-10T11:46:07.328-0800][76370960ms] GC(22567) Metaspace: 304918K->304918K(1349632K)
[2023-11-10T11:46:07.328-0800][76370960ms] GC(22567) Pause Young (Normal) (G1 Evacuation Pause) 3236M->2852M(3602M) 5.171ms
[2023-11-10T11:46:07.328-0800][76370960ms] GC(22567) User=0.00s Sys=0.00s Real=0.01s
[2023-11-10T11:46:07.777-0800][76371409ms] GC(22568) Pause Young (Normal) (G1 Evacuation Pause)
[2023-11-10T11:46:07.777-0800][76371409ms] GC(22568) Using 10 workers of 10 for evacuation
[2023-11-10T11:46:07.782-0800][76371414ms] GC(22568)   Pre Evacuate Collection Set: 0.1ms
[2023-11-10T11:46:07.782-0800][76371414ms] GC(22568)   Evacuate Collection Set: 1.8ms
[2023-11-10T11:46:07.782-0800][76371414ms] GC(22568)   Post Evacuate Collection Set: 3.0ms
[2023-11-10T11:46:07.782-0800][76371414ms] GC(22568)   Other: 0.3ms
[2023-11-10T11:46:07.782-0800][76371414ms] GC(22568) Eden regions: 192->0(192)
[2023-11-10T11:46:07.782-0800][76371414ms] GC(22568) Survivor regions: 1->1(25)
[2023-11-10T11:46:07.782-0800][76371414ms] GC(22568) Old regions: 1421->1421
[2023-11-10T11:46:07.782-0800][76371414ms] GC(22568) Humongous regions: 5->5
[2023-11-10T11:46:07.782-0800][76371414ms] GC(22568) Metaspace: 304918K->304918K(1349632K)
[2023-11-10T11:46:07.782-0800][76371414ms] GC(22568) Pause Young (Normal) (G1 Evacuation Pause) 3236M->2852M(3602M) 5.277ms
[2023-11-10T11:46:07.782-0800][76371414ms] GC(22568) User=0.00s Sys=0.00s Real=0.01s
[2023-11-10T11:46:08.279-0800][76371911ms] GC(22569) Pause Young (Normal) (G1 Evacuation Pause)
[2023-11-10T11:46:08.279-0800][76371911ms] GC(22569) Using 10 workers of 10 for evacuation
[2023-11-10T11:46:08.285-0800][76371917ms] GC(22569)   Pre Evacuate Collection Set: 0.0ms
[2023-11-10T11:46:08.285-0800][76371917ms] GC(22569)   Evacuate Collection Set: 1.8ms
[2023-11-10T11:46:08.285-0800][76371917ms] GC(22569)   Post Evacuate Collection Set: 4.4ms
[2023-11-10T11:46:08.285-0800][76371917ms] GC(22569)   Other: 0.3ms
[2023-11-10T11:46:08.285-0800][76371917ms] GC(22569) Eden regions: 192->0(191)
[2023-11-10T11:46:08.285-0800][76371917ms] GC(22569) Survivor regions: 1->1(25)
[2023-11-10T11:46:08.285-0800][76371917ms] GC(22569) Old regions: 1421->1422
[2023-11-10T11:46:08.285-0800][76371917ms] GC(22569) Humongous regions: 5->5
[2023-11-10T11:46:08.285-0800][76371917ms] GC(22569) Metaspace: 304918K->304918K(1349632K)
[2023-11-10T11:46:08.285-0800][76371917ms] GC(22569) Pause Young (Normal) (G1 Evacuation Pause) 3236M->2853M(3602M) 6.735ms
[2023-11-10T11:46:08.285-0800][76371917ms] GC(22569) User=0.00s Sys=0.00s Real=0.01s
[2023-11-10T11:46:08.665-0800][76372297ms] GC(22570) Pause Young (Normal) (G1 Evacuation Pause)
[2023-11-10T11:46:08.665-0800][76372297ms] GC(22570) Using 10 workers of 10 for evacuation
[2023-11-10T11:46:08.671-0800][76372303ms] GC(22570)   Pre Evacuate Collection Set: 0.0ms
[2023-11-10T11:46:08.672-0800][76372304ms] GC(22570)   Evacuate Collection Set: 1.7ms
[2023-11-10T11:46:08.672-0800][76372304ms] GC(22570)   Post Evacuate Collection Set: 4.1ms
[2023-11-10T11:46:08.672-0800][76372304ms] GC(22570)   Other: 0.3ms
[2023-11-10T11:46:08.672-0800][76372304ms] GC(22570) Eden regions: 191->0(191)
[2023-11-10T11:46:08.672-0800][76372304ms] GC(22570) Survivor regions: 1->1(24)
[2023-11-10T11:46:08.672-0800][76372304ms] GC(22570) Old regions: 1422->1422
[2023-11-10T11:46:08.672-0800][76372304ms] GC(22570) Humongous regions: 5->5
[2023-11-10T11:46:08.672-0800][76372304ms] GC(22570) Metaspace: 304918K->304918K(1349632K)
[2023-11-10T11:46:08.672-0800][76372304ms] GC(22570) Pause Young (Normal) (G1 Evacuation Pause) 3235M->2852M(3602M) 6.305ms
[2023-11-10T11:46:08.672-0800][76372304ms] GC(22570) User=0.00s Sys=0.00s Real=0.01s
[2023-11-10T11:46:09.151-0800][76372783ms] GC(22571) Pause Young (Normal) (G1 Evacuation Pause)
[2023-11-10T11:46:09.151-0800][76372783ms] GC(22571) Using 10 workers of 10 for evacuation
[2023-11-10T11:46:09.157-0800][76372789ms] GC(22571)   Pre Evacuate Collection Set: 0.0ms
[2023-11-10T11:46:09.157-0800][76372789ms] GC(22571)   Evacuate Collection Set: 1.7ms
[2023-11-10T11:46:09.157-0800][76372789ms] GC(22571)   Post Evacuate Collection Set: 3.1ms
[2023-11-10T11:46:09.157-0800][76372789ms] GC(22571)   Other: 0.3ms
[2023-11-10T11:46:09.157-0800][76372789ms] GC(22571) Eden regions: 191->0(191)
[2023-11-10T11:46:09.157-0800][76372789ms] GC(22571) Survivor regions: 1->1(24)
[2023-11-10T11:46:09.157-0800][76372789ms] GC(22571) Old regions: 1422->1422
[2023-11-10T11:46:09.157-0800][76372789ms] GC(22571) Humongous regions: 5->5
[2023-11-10T11:46:09.157-0800][76372789ms] GC(22571) Metaspace: 304918K->304918K(1349632K)
[2023-11-10T11:46:09.157-0800][76372789ms] GC(22571) Pause Young (Normal) (G1 Evacuation Pause) 3234M->2852M(3602M) 5.306ms
[2023-11-10T11:46:09.157-0800][76372789ms] GC(22571) User=0.00s Sys=0.00s Real=0.01s
[2023-11-10T11:46:09.630-0800][76373262ms] GC(22572) Pause Young (Normal) (G1 Evacuation Pause)
[2023-11-10T11:46:09.630-0800][76373262ms] GC(22572) Using 10 workers of 10 for evacuation
[2023-11-10T11:46:09.636-0800][76373268ms] GC(22572)   Pre Evacuate Collection Set: 0.1ms
[2023-11-10T11:46:09.636-0800][76373268ms] GC(22572)   Evacuate Collection Set: 1.6ms
[2023-11-10T11:46:09.636-0800][76373268ms] GC(22572)   Post Evacuate Collection Set: 3.8ms
[2023-11-10T11:46:09.636-0800][76373268ms] GC(22572)   Other: 0.3ms
[2023-11-10T11:46:09.636-0800][76373268ms] GC(22572) Eden regions: 191->0(191)
[2023-11-10T11:46:09.636-0800][76373268ms] GC(22572) Survivor regions: 1->1(24)
[2023-11-10T11:46:09.636-0800][76373268ms] GC(22572) Old regions: 1422->1422
[2023-11-10T11:46:09.636-0800][76373268ms] GC(22572) Humongous regions: 5->5
[2023-11-10T11:46:09.636-0800][76373268ms] GC(22572) Metaspace: 304918K->304918K(1349632K)
[2023-11-10T11:46:09.636-0800][76373268ms] GC(22572) Pause Young (Normal) (G1 Evacuation Pause) 3234M->2852M(3602M) 5.837ms
[2023-11-10T11:46:09.636-0800][76373268ms] GC(22572) User=0.02s Sys=0.00s Real=0.01s
[2023-11-10T11:46:10.117-0800][76373749ms] GC(22573) Pause Young (Normal) (G1 Evacuation Pause)
[2023-11-10T11:46:10.117-0800][76373749ms] GC(22573) Using 10 workers of 10 for evacuation
[2023-11-10T11:46:10.123-0800][76373755ms] GC(22573)   Pre Evacuate Collection Set: 0.0ms
[2023-11-10T11:46:10.123-0800][76373755ms] GC(22573)   Evacuate Collection Set: 1.7ms
[2023-11-10T11:46:10.123-0800][76373755ms] GC(22573)   Post Evacuate Collection Set: 3.3ms
[2023-11-10T11:46:10.123-0800][76373755ms] GC(22573)   Other: 0.3ms
[2023-11-10T11:46:10.123-0800][76373755ms] GC(22573) Eden regions: 191->0(191)
[2023-11-10T11:46:10.123-0800][76373755ms] GC(22573) Survivor regions: 1->1(24)
[2023-11-10T11:46:10.123-0800][76373755ms] GC(22573) Old regions: 1422->1422
[2023-11-10T11:46:10.123-0800][76373755ms] GC(22573) Humongous regions: 5->5
[2023-11-10T11:46:10.123-0800][76373755ms] GC(22573) Metaspace: 304918K->304918K(1349632K)
[2023-11-10T11:46:10.123-0800][76373755ms] GC(22573) Pause Young (Normal) (G1 Evacuation Pause) 3234M->2852M(3602M) 5.398ms
[2023-11-10T11:46:10.123-0800][76373755ms] GC(22573) User=0.00s Sys=0.00s Real=0.01s
[2023-11-10T11:46:10.596-0800][76374228ms] GC(22574) Pause Young (Normal) (G1 Evacuation Pause)
[2023-11-10T11:46:10.596-0800][76374228ms] GC(22574) Using 10 workers of 10 for evacuation
[2023-11-10T11:46:10.601-0800][76374233ms] GC(22574)   Pre Evacuate Collection Set: 0.1ms
[2023-11-10T11:46:10.601-0800][76374233ms] GC(22574)   Evacuate Collection Set: 1.6ms
[2023-11-10T11:46:10.601-0800][76374233ms] GC(22574)   Post Evacuate Collection Set: 3.1ms
[2023-11-10T11:46:10.601-0800][76374233ms] GC(22574)   Other: 0.3ms
[2023-11-10T11:46:10.601-0800][76374233ms] GC(22574) Eden regions: 191->0(191)
[2023-11-10T11:46:10.601-0800][76374233ms] GC(22574) Survivor regions: 1->1(24)
[2023-11-10T11:46:10.601-0800][76374233ms] GC(22574) Old regions: 1422->1422
[2023-11-10T11:46:10.601-0800][76374233ms] GC(22574) Humongous regions: 5->5
[2023-11-10T11:46:10.601-0800][76374233ms] GC(22574) Metaspace: 304918K->304918K(1349632K)
[2023-11-10T11:46:10.601-0800][76374233ms] GC(22574) Pause Young (Normal) (G1 Evacuation Pause) 3234M->2852M(3602M) 5.146ms
[2023-11-10T11:46:10.601-0800][76374233ms] GC(22574) User=0.00s Sys=0.00s Real=0.01s
[2023-11-10T11:46:11.050-0800][76374682ms] GC(22575) Pause Young (Normal) (G1 Evacuation Pause)
[2023-11-10T11:46:11.050-0800][76374682ms] GC(22575) Using 10 workers of 10 for evacuation
[2023-11-10T11:46:11.055-0800][76374687ms] GC(22575)   Pre Evacuate Collection Set: 0.0ms
[2023-11-10T11:46:11.055-0800][76374687ms] GC(22575)   Evacuate Collection Set: 1.6ms
[2023-11-10T11:46:11.055-0800][76374687ms] GC(22575)   Post Evacuate Collection Set: 3.2ms
[2023-11-10T11:46:11.055-0800][76374687ms] GC(22575)   Other: 0.2ms
[2023-11-10T11:46:11.055-0800][76374687ms] GC(22575) Eden regions: 191->0(191)
[2023-11-10T11:46:11.055-0800][76374687ms] GC(22575) Survivor regions: 1->1(24)
[2023-11-10T11:46:11.055-0800][76374687ms] GC(22575) Old regions: 1422->1422
[2023-11-10T11:46:11.055-0800][76374687ms] GC(22575) Humongous regions: 5->5
[2023-11-10T11:46:11.055-0800][76374687ms] GC(22575) Metaspace: 304918K->304918K(1349632K)
[2023-11-10T11:46:11.055-0800][76374687ms] GC(22575) Pause Young (Normal) (G1 Evacuation Pause) 3234M->2852M(3602M) 5.142ms
[2023-11-10T11:46:11.055-0800][76374687ms] GC(22575) User=0.00s Sys=0.00s Real=0.01s
[2023-11-10T11:46:11.496-0800][76375128ms] GC(22576) Pause Young (Normal) (G1 Evacuation Pause)
[2023-11-10T11:46:11.496-0800][76375128ms] GC(22576) Using 10 workers of 10 for evacuation
[2023-11-10T11:46:11.501-0800][76375133ms] GC(22576)   Pre Evacuate Collection Set: 0.0ms
[2023-11-10T11:46:11.501-0800][76375133ms] GC(22576)   Evacuate Collection Set: 2.1ms
[2023-11-10T11:46:11.501-0800][76375133ms] GC(22576)   Post Evacuate Collection Set: 3.2ms
[2023-11-10T11:46:11.501-0800][76375133ms] GC(22576)   Other: 0.3ms
[2023-11-10T11:46:11.501-0800][76375133ms] GC(22576) Eden regions: 191->0(190)
[2023-11-10T11:46:11.501-0800][76375133ms] GC(22576) Survivor regions: 1->1(24)
[2023-11-10T11:46:11.501-0800][76375133ms] GC(22576) Old regions: 1422->1422
[2023-11-10T11:46:11.501-0800][76375133ms] GC(22576) Humongous regions: 5->5
[2023-11-10T11:46:11.501-0800][76375133ms] GC(22576) Metaspace: 304918K->304918K(1349632K)
[2023-11-10T11:46:11.501-0800][76375133ms] GC(22576) Pause Young (Normal) (G1 Evacuation Pause) 3234M->2853M(3602M) 5.713ms
[2023-11-10T11:46:11.502-0800][76375134ms] GC(22576) User=0.00s Sys=0.00s Real=0.01s
[2023-11-10T11:46:11.911-0800][76375543ms] GC(22577) Pause Young (Normal) (G1 Evacuation Pause)
[2023-11-10T11:46:11.911-0800][76375543ms] GC(22577) Using 10 workers of 10 for evacuation
[2023-11-10T11:46:11.917-0800][76375549ms] GC(22577)   Pre Evacuate Collection Set: 0.0ms
[2023-11-10T11:46:11.917-0800][76375549ms] GC(22577)   Evacuate Collection Set: 1.8ms
[2023-11-10T11:46:11.917-0800][76375549ms] GC(22577)   Post Evacuate Collection Set: 3.0ms
[2023-11-10T11:46:11.917-0800][76375549ms] GC(22577)   Other: 0.2ms
[2023-11-10T11:46:11.917-0800][76375549ms] GC(22577) Eden regions: 190->0(190)
[2023-11-10T11:46:11.917-0800][76375549ms] GC(22577) Survivor regions: 1->1(24)
[2023-11-10T11:46:11.917-0800][76375549ms] GC(22577) Old regions: 1422->1422
[2023-11-10T11:46:11.917-0800][76375549ms] GC(22577) Humongous regions: 5->5
[2023-11-10T11:46:11.917-0800][76375549ms] GC(22577) Metaspace: 304918K->304918K(1349632K)
[2023-11-10T11:46:11.917-0800][76375549ms] GC(22577) Pause Young (Normal) (G1 Evacuation Pause) 3233M->2852M(3602M) 5.281ms
[2023-11-10T11:46:11.917-0800][76375549ms] GC(22577) User=0.02s Sys=0.00s Real=0.01s
[2023-11-10T11:46:12.378-0800][76376010ms] GC(22578) Pause Young (Normal) (G1 Evacuation Pause)
[2023-11-10T11:46:12.378-0800][76376010ms] GC(22578) Using 10 workers of 10 for evacuation
[2023-11-10T11:46:12.384-0800][76376016ms] GC(22578)   Pre Evacuate Collection Set: 0.1ms
[2023-11-10T11:46:12.384-0800][76376016ms] GC(22578)   Evacuate Collection Set: 2.3ms
[2023-11-10T11:46:12.384-0800][76376016ms] GC(22578)   Post Evacuate Collection Set: 3.4ms
[2023-11-10T11:46:12.384-0800][76376016ms] GC(22578)   Other: 0.4ms
[2023-11-10T11:46:12.384-0800][76376016ms] GC(22578) Eden regions: 190->0(190)
[2023-11-10T11:46:12.384-0800][76376016ms] GC(22578) Survivor regions: 1->1(24)
[2023-11-10T11:46:12.384-0800][76376016ms] GC(22578) Old regions: 1422->1422
[2023-11-10T11:46:12.384-0800][76376016ms] GC(22578) Humongous regions: 5->5
[2023-11-10T11:46:12.384-0800][76376016ms] GC(22578) Metaspace: 304918K->304918K(1349632K)
[2023-11-10T11:46:12.384-0800][76376016ms] GC(22578) Pause Young (Normal) (G1 Evacuation Pause) 3232M->2852M(3602M) 6.115ms
[2023-11-10T11:46:12.384-0800][76376016ms] GC(22578) User=0.02s Sys=0.00s Real=0.01s
[2023-11-10T11:46:12.838-0800][76376470ms] GC(22579) Pause Young (Normal) (G1 Evacuation Pause)
[2023-11-10T11:46:12.838-0800][76376470ms] GC(22579) Using 10 workers of 10 for evacuation
[2023-11-10T11:46:12.844-0800][76376476ms] GC(22579)   Pre Evacuate Collection Set: 0.0ms
[2023-11-10T11:46:12.844-0800][76376476ms] GC(22579)   Evacuate Collection Set: 1.7ms
[2023-11-10T11:46:12.844-0800][76376476ms] GC(22579)   Post Evacuate Collection Set: 3.9ms
[2023-11-10T11:46:12.844-0800][76376476ms] GC(22579)   Other: 0.3ms
[2023-11-10T11:46:12.844-0800][76376476ms] GC(22579) Eden regions: 190->0(190)
[2023-11-10T11:46:12.844-0800][76376476ms] GC(22579) Survivor regions: 1->1(24)
[2023-11-10T11:46:12.844-0800][76376476ms] GC(22579) Old regions: 1422->1422
[2023-11-10T11:46:12.844-0800][76376476ms] GC(22579) Humongous regions: 5->5
[2023-11-10T11:46:12.844-0800][76376476ms] GC(22579) Metaspace: 304918K->304918K(1349632K)
[2023-11-10T11:46:12.844-0800][76376476ms] GC(22579) Pause Young (Normal) (G1 Evacuation Pause) 3232M->2852M(3602M) 6.058ms
[2023-11-10T11:46:12.844-0800][76376476ms] GC(22579) User=0.00s Sys=0.00s Real=0.01s
[2023-11-10T11:46:13.337-0800][76376969ms] GC(22580) Pause Young (Normal) (G1 Evacuation Pause)
[2023-11-10T11:46:13.337-0800][76376969ms] GC(22580) Using 10 workers of 10 for evacuation
[2023-11-10T11:46:13.344-0800][76376976ms] GC(22580)   Pre Evacuate Collection Set: 0.1ms
[2023-11-10T11:46:13.344-0800][76376976ms] GC(22580)   Evacuate Collection Set: 2.5ms
[2023-11-10T11:46:13.344-0800][76376976ms] GC(22580)   Post Evacuate Collection Set: 3.9ms
[2023-11-10T11:46:13.344-0800][76376976ms] GC(22580)   Other: 0.3ms
[2023-11-10T11:46:13.344-0800][76376976ms] GC(22580) Eden regions: 190->0(190)
[2023-11-10T11:46:13.344-0800][76376976ms] GC(22580) Survivor regions: 1->1(24)
[2023-11-10T11:46:13.344-0800][76376976ms] GC(22580) Old regions: 1422->1422
[2023-11-10T11:46:13.344-0800][76376976ms] GC(22580) Humongous regions: 5->5
[2023-11-10T11:46:13.344-0800][76376976ms] GC(22580) Metaspace: 304918K->304918K(1349632K)
[2023-11-10T11:46:13.344-0800][76376976ms] GC(22580) Pause Young (Normal) (G1 Evacuation Pause) 3232M->2852M(3602M) 6.865ms
[2023-11-10T11:46:13.344-0800][76376976ms] GC(22580) User=0.00s Sys=0.00s Real=0.01s
[2023-11-10T11:46:13.761-0800][76377393ms] GC(22581) Pause Young (Normal) (G1 Evacuation Pause)
[2023-11-10T11:46:13.761-0800][76377393ms] GC(22581) Using 10 workers of 10 for evacuation
[2023-11-10T11:46:13.767-0800][76377399ms] GC(22581)   Pre Evacuate Collection Set: 0.1ms
[2023-11-10T11:46:13.767-0800][76377399ms] GC(22581)   Evacuate Collection Set: 2.2ms
[2023-11-10T11:46:13.767-0800][76377399ms] GC(22581)   Post Evacuate Collection Set: 3.5ms
[2023-11-10T11:46:13.767-0800][76377399ms] GC(22581)   Other: 0.3ms
[2023-11-10T11:46:13.767-0800][76377399ms] GC(22581) Eden regions: 190->0(190)
[2023-11-10T11:46:13.767-0800][76377399ms] GC(22581) Survivor regions: 1->1(24)
[2023-11-10T11:46:13.767-0800][76377399ms] GC(22581) Old regions: 1422->1422
[2023-11-10T11:46:13.767-0800][76377399ms] GC(22581) Humongous regions: 5->5
[2023-11-10T11:46:13.767-0800][76377399ms] GC(22581) Metaspace: 304918K->304918K(1349632K)
[2023-11-10T11:46:13.767-0800][76377399ms] GC(22581) Pause Young (Normal) (G1 Evacuation Pause) 3232M->2852M(3602M) 6.180ms
[2023-11-10T11:46:13.767-0800][76377399ms] GC(22581) User=0.00s Sys=0.00s Real=0.01s
[2023-11-10T11:46:14.269-0800][76377901ms] GC(22582) Pause Young (Normal) (G1 Evacuation Pause)
[2023-11-10T11:46:14.269-0800][76377901ms] GC(22582) Using 10 workers of 10 for evacuation
[2023-11-10T11:46:14.275-0800][76377907ms] GC(22582)   Pre Evacuate Collection Set: 0.1ms
[2023-11-10T11:46:14.275-0800][76377907ms] GC(22582)   Evacuate Collection Set: 2.1ms
[2023-11-10T11:46:14.275-0800][76377907ms] GC(22582)   Post Evacuate Collection Set: 3.2ms
[2023-11-10T11:46:14.275-0800][76377907ms] GC(22582)   Other: 0.4ms
[2023-11-10T11:46:14.275-0800][76377907ms] GC(22582) Eden regions: 190->0(191)
[2023-11-10T11:46:14.275-0800][76377907ms] GC(22582) Survivor regions: 1->1(24)
[2023-11-10T11:46:14.275-0800][76377907ms] GC(22582) Old regions: 1422->1422
[2023-11-10T11:46:14.275-0800][76377907ms] GC(22582) Humongous regions: 5->5
[2023-11-10T11:46:14.275-0800][76377907ms] GC(22582) Metaspace: 304918K->304918K(1349632K)
[2023-11-10T11:46:14.275-0800][76377907ms] GC(22582) Pause Young (Normal) (G1 Evacuation Pause) 3232M->2852M(3602M) 5.846ms
[2023-11-10T11:46:14.275-0800][76377907ms] GC(22582) User=0.00s Sys=0.00s Real=0.01s
[2023-11-10T11:46:14.786-0800][76378418ms] GC(22583) Pause Young (Normal) (G1 Evacuation Pause)
[2023-11-10T11:46:14.786-0800][76378418ms] GC(22583) Using 10 workers of 10 for evacuation
[2023-11-10T11:46:14.792-0800][76378424ms] GC(22583)   Pre Evacuate Collection Set: 0.1ms
[2023-11-10T11:46:14.792-0800][76378424ms] GC(22583)   Evacuate Collection Set: 1.9ms
[2023-11-10T11:46:14.792-0800][76378424ms] GC(22583)   Post Evacuate Collection Set: 3.4ms
[2023-11-10T11:46:14.792-0800][76378424ms] GC(22583)   Other: 0.3ms
[2023-11-10T11:46:14.792-0800][76378424ms] GC(22583) Eden regions: 191->0(191)
[2023-11-10T11:46:14.792-0800][76378424ms] GC(22583) Survivor regions: 1->1(24)
[2023-11-10T11:46:14.792-0800][76378424ms] GC(22583) Old regions: 1422->1422
[2023-11-10T11:46:14.792-0800][76378424ms] GC(22583) Humongous regions: 5->5
[2023-11-10T11:46:14.792-0800][76378424ms] GC(22583) Metaspace: 304918K->304918K(1349632K)
[2023-11-10T11:46:14.792-0800][76378424ms] GC(22583) Pause Young (Normal) (G1 Evacuation Pause) 3234M->2852M(3602M) 5.719ms
[2023-11-10T11:46:14.792-0800][76378424ms] GC(22583) User=0.00s Sys=0.00s Real=0.01s
[2023-11-10T11:46:15.291-0800][76378923ms] GC(22584) Pause Young (Normal) (G1 Evacuation Pause)
[2023-11-10T11:46:15.291-0800][76378923ms] GC(22584) Using 10 workers of 10 for evacuation
[2023-11-10T11:46:15.298-0800][76378930ms] GC(22584)   Pre Evacuate Collection Set: 0.1ms
[2023-11-10T11:46:15.298-0800][76378930ms] GC(22584)   Evacuate Collection Set: 2.9ms
[2023-11-10T11:46:15.298-0800][76378930ms] GC(22584)   Post Evacuate Collection Set: 4.2ms
[2023-11-10T11:46:15.298-0800][76378930ms] GC(22584)   Other: 0.4ms
[2023-11-10T11:46:15.298-0800][76378930ms] GC(22584) Eden regions: 191->0(191)
[2023-11-10T11:46:15.298-0800][76378930ms] GC(22584) Survivor regions: 1->1(24)
[2023-11-10T11:46:15.298-0800][76378930ms] GC(22584) Old regions: 1422->1422
[2023-11-10T11:46:15.298-0800][76378930ms] GC(22584) Humongous regions: 5->5
[2023-11-10T11:46:15.298-0800][76378930ms] GC(22584) Metaspace: 304918K->304918K(1349632K)
[2023-11-10T11:46:15.298-0800][76378930ms] GC(22584) Pause Young (Normal) (G1 Evacuation Pause) 3234M->2852M(3602M) 7.705ms
[2023-11-10T11:46:15.298-0800][76378930ms] GC(22584) User=0.00s Sys=0.00s Real=0.01s
[2023-11-10T11:46:15.750-0800][76379382ms] GC(22585) Pause Young (Normal) (G1 Evacuation Pause)
[2023-11-10T11:46:15.750-0800][76379382ms] GC(22585) Using 10 workers of 10 for evacuation
[2023-11-10T11:46:15.758-0800][76379390ms] GC(22585)   Pre Evacuate Collection Set: 0.1ms
[2023-11-10T11:46:15.758-0800][76379390ms] GC(22585)   Evacuate Collection Set: 2.4ms
[2023-11-10T11:46:15.758-0800][76379390ms] GC(22585)   Post Evacuate Collection Set: 4.6ms
[2023-11-10T11:46:15.758-0800][76379390ms] GC(22585)   Other: 0.3ms
[2023-11-10T11:46:15.758-0800][76379390ms] GC(22585) Eden regions: 191->0(191)
[2023-11-10T11:46:15.758-0800][76379390ms] GC(22585) Survivor regions: 1->1(24)
[2023-11-10T11:46:15.758-0800][76379390ms] GC(22585) Old regions: 1422->1422
[2023-11-10T11:46:15.758-0800][76379390ms] GC(22585) Humongous regions: 5->5
[2023-11-10T11:46:15.758-0800][76379390ms] GC(22585) Metaspace: 304918K->304918K(1349632K)
[2023-11-10T11:46:15.758-0800][76379390ms] GC(22585) Pause Young (Normal) (G1 Evacuation Pause) 3234M->2852M(3602M) 7.523ms
[2023-11-10T11:46:15.758-0800][76379390ms] GC(22585) User=0.02s Sys=0.00s Real=0.01s
[2023-11-10T11:46:16.270-0800][76379902ms] GC(22586) Pause Young (Normal) (G1 Evacuation Pause)
[2023-11-10T11:46:16.270-0800][76379902ms] GC(22586) Using 10 workers of 10 for evacuation
[2023-11-10T11:46:16.275-0800][76379907ms] GC(22586)   Pre Evacuate Collection Set: 0.0ms
[2023-11-10T11:46:16.275-0800][76379907ms] GC(22586)   Evacuate Collection Set: 1.8ms
[2023-11-10T11:46:16.275-0800][76379907ms] GC(22586)   Post Evacuate Collection Set: 4.1ms
[2023-11-10T11:46:16.275-0800][76379907ms] GC(22586)   Other: 0.3ms
[2023-11-10T11:46:16.275-0800][76379907ms] GC(22586) Eden regions: 191->0(191)
[2023-11-10T11:46:16.275-0800][76379907ms] GC(22586) Survivor regions: 1->1(24)
[2023-11-10T11:46:16.275-0800][76379907ms] GC(22586) Old regions: 1422->1422
[2023-11-10T11:46:16.275-0800][76379907ms] GC(22586) Humongous regions: 5->5
[2023-11-10T11:46:16.275-0800][76379907ms] GC(22586) Metaspace: 304918K->304918K(1349632K)
[2023-11-10T11:46:16.275-0800][76379907ms] GC(22586) Pause Young (Normal) (G1 Evacuation Pause) 3234M->2853M(3602M) 6.372ms
[2023-11-10T11:46:16.275-0800][76379907ms] GC(22586) User=0.02s Sys=0.00s Real=0.01s
[2023-11-10T11:46:16.748-0800][76380380ms] GC(22587) Pause Young (Normal) (G1 Evacuation Pause)
[2023-11-10T11:46:16.748-0800][76380380ms] GC(22587) Using 10 workers of 10 for evacuation
[2023-11-10T11:46:16.752-0800][76380384ms] GC(22587)   Pre Evacuate Collection Set: 0.0ms
[2023-11-10T11:46:16.752-0800][76380384ms] GC(22587)   Evacuate Collection Set: 1.7ms
[2023-11-10T11:46:16.752-0800][76380384ms] GC(22587)   Post Evacuate Collection Set: 3.1ms
[2023-11-10T11:46:16.752-0800][76380384ms] GC(22587)   Other: 0.3ms
[2023-11-10T11:46:16.752-0800][76380384ms] GC(22587) Eden regions: 191->0(191)
[2023-11-10T11:46:16.752-0800][76380384ms] GC(22587) Survivor regions: 1->1(24)
[2023-11-10T11:46:16.752-0800][76380384ms] GC(22587) Old regions: 1422->1422
[2023-11-10T11:46:16.752-0800][76380384ms] GC(22587) Humongous regions: 5->5
[2023-11-10T11:46:16.752-0800][76380384ms] GC(22587) Metaspace: 304918K->304918K(1349632K)
[2023-11-10T11:46:16.752-0800][76380384ms] GC(22587) Pause Young (Normal) (G1 Evacuation Pause) 3235M->2853M(3602M) 5.238ms
[2023-11-10T11:46:16.752-0800][76380384ms] GC(22587) User=0.00s Sys=0.00s Real=0.00s
[2023-11-10T11:46:17.238-0800][76380870ms] GC(22588) Pause Young (Normal) (G1 Evacuation Pause)
[2023-11-10T11:46:17.238-0800][76380870ms] GC(22588) Using 10 workers of 10 for evacuation
[2023-11-10T11:46:17.243-0800][76380875ms] GC(22588)   Pre Evacuate Collection Set: 0.0ms
[2023-11-10T11:46:17.244-0800][76380876ms] GC(22588)   Evacuate Collection Set: 1.9ms
[2023-11-10T11:46:17.244-0800][76380876ms] GC(22588)   Post Evacuate Collection Set: 3.0ms
[2023-11-10T11:46:17.244-0800][76380876ms] GC(22588)   Other: 0.3ms
[2023-11-10T11:46:17.244-0800][76380876ms] GC(22588) Eden regions: 191->0(191)
[2023-11-10T11:46:17.244-0800][76380876ms] GC(22588) Survivor regions: 1->1(24)
[2023-11-10T11:46:17.244-0800][76380876ms] GC(22588) Old regions: 1422->1422
[2023-11-10T11:46:17.244-0800][76380876ms] GC(22588) Humongous regions: 5->5
[2023-11-10T11:46:17.244-0800][76380876ms] GC(22588) Metaspace: 304918K->304918K(1349632K)
[2023-11-10T11:46:17.244-0800][76380876ms] GC(22588) Pause Young (Normal) (G1 Evacuation Pause) 3235M->2853M(3602M) 5.338ms
[2023-11-10T11:46:17.244-0800][76380876ms] GC(22588) User=0.00s Sys=0.00s Real=0.01s
[2023-11-10T11:46:17.714-0800][76381346ms] GC(22589) Pause Young (Normal) (G1 Evacuation Pause)
[2023-11-10T11:46:17.714-0800][76381346ms] GC(22589) Using 10 workers of 10 for evacuation
[2023-11-10T11:46:17.719-0800][76381351ms] GC(22589)   Pre Evacuate Collection Set: 0.0ms
[2023-11-10T11:46:17.719-0800][76381351ms] GC(22589)   Evacuate Collection Set: 1.8ms
[2023-11-10T11:46:17.719-0800][76381351ms] GC(22589)   Post Evacuate Collection Set: 3.8ms
[2023-11-10T11:46:17.719-0800][76381351ms] GC(22589)   Other: 0.3ms
[2023-11-10T11:46:17.719-0800][76381351ms] GC(22589) Eden regions: 191->0(191)
[2023-11-10T11:46:17.719-0800][76381351ms] GC(22589) Survivor regions: 1->1(24)
[2023-11-10T11:46:17.719-0800][76381351ms] GC(22589) Old regions: 1422->1422
[2023-11-10T11:46:17.719-0800][76381351ms] GC(22589) Humongous regions: 5->5
[2023-11-10T11:46:17.719-0800][76381351ms] GC(22589) Metaspace: 304918K->304918K(1349632K)
[2023-11-10T11:46:17.719-0800][76381351ms] GC(22589) Pause Young (Normal) (G1 Evacuation Pause) 3235M->2853M(3602M) 5.944ms
[2023-11-10T11:46:17.719-0800][76381351ms] GC(22589) User=0.00s Sys=0.00s Real=0.01s
[2023-11-10T11:46:18.238-0800][76381870ms] GC(22590) Pause Young (Normal) (G1 Evacuation Pause)
[2023-11-10T11:46:18.238-0800][76381870ms] GC(22590) Using 10 workers of 10 for evacuation
[2023-11-10T11:46:18.244-0800][76381876ms] GC(22590)   Pre Evacuate Collection Set: 0.0ms
[2023-11-10T11:46:18.244-0800][76381876ms] GC(22590)   Evacuate Collection Set: 2.0ms
[2023-11-10T11:46:18.244-0800][76381876ms] GC(22590)   Post Evacuate Collection Set: 3.6ms
[2023-11-10T11:46:18.244-0800][76381876ms] GC(22590)   Other: 0.3ms
[2023-11-10T11:46:18.244-0800][76381876ms] GC(22590) Eden regions: 191->0(191)
[2023-11-10T11:46:18.244-0800][76381876ms] GC(22590) Survivor regions: 1->1(24)
[2023-11-10T11:46:18.244-0800][76381876ms] GC(22590) Old regions: 1422->1422
[2023-11-10T11:46:18.244-0800][76381876ms] GC(22590) Humongous regions: 5->5
[2023-11-10T11:46:18.244-0800][76381876ms] GC(22590) Metaspace: 304918K->304918K(1349632K)
[2023-11-10T11:46:18.244-0800][76381876ms] GC(22590) Pause Young (Normal) (G1 Evacuation Pause) 3235M->2853M(3602M) 5.920ms
[2023-11-10T11:46:18.244-0800][76381876ms] GC(22590) User=0.00s Sys=0.00s Real=0.01s
[2023-11-10T11:46:18.704-0800][76382336ms] GC(22591) Pause Young (Normal) (G1 Evacuation Pause)
[2023-11-10T11:46:18.704-0800][76382336ms] GC(22591) Using 10 workers of 10 for evacuation
[2023-11-10T11:46:18.712-0800][76382344ms] GC(22591)   Pre Evacuate Collection Set: 0.1ms
[2023-11-10T11:46:18.712-0800][76382344ms] GC(22591)   Evacuate Collection Set: 1.9ms
[2023-11-10T11:46:18.712-0800][76382344ms] GC(22591)   Post Evacuate Collection Set: 4.6ms
[2023-11-10T11:46:18.712-0800][76382344ms] GC(22591)   Other: 0.4ms
[2023-11-10T11:46:18.712-0800][76382344ms] GC(22591) Eden regions: 191->0(191)
[2023-11-10T11:46:18.712-0800][76382344ms] GC(22591) Survivor regions: 1->1(24)
[2023-11-10T11:46:18.712-0800][76382344ms] GC(22591) Old regions: 1422->1422
[2023-11-10T11:46:18.712-0800][76382344ms] GC(22591) Humongous regions: 5->5
[2023-11-10T11:46:18.712-0800][76382344ms] GC(22591) Metaspace: 304918K->304918K(1349632K)
[2023-11-10T11:46:18.712-0800][76382344ms] GC(22591) Pause Young (Normal) (G1 Evacuation Pause) 3235M->2853M(3602M) 7.067ms
[2023-11-10T11:46:18.712-0800][76382344ms] GC(22591) User=0.00s Sys=0.00s Real=0.01s
[2023-11-10T11:46:19.194-0800][76382826ms] GC(22592) Pause Young (Normal) (G1 Evacuation Pause)
[2023-11-10T11:46:19.194-0800][76382826ms] GC(22592) Using 10 workers of 10 for evacuation
[2023-11-10T11:46:19.200-0800][76382832ms] GC(22592)   Pre Evacuate Collection Set: 0.0ms
[2023-11-10T11:46:19.200-0800][76382832ms] GC(22592)   Evacuate Collection Set: 1.6ms
[2023-11-10T11:46:19.200-0800][76382832ms] GC(22592)   Post Evacuate Collection Set: 3.1ms
[2023-11-10T11:46:19.200-0800][76382832ms] GC(22592)   Other: 0.3ms
[2023-11-10T11:46:19.200-0800][76382832ms] GC(22592) Eden regions: 191->0(191)
[2023-11-10T11:46:19.200-0800][76382832ms] GC(22592) Survivor regions: 1->1(24)
[2023-11-10T11:46:19.200-0800][76382832ms] GC(22592) Old regions: 1422->1422
[2023-11-10T11:46:19.200-0800][76382832ms] GC(22592) Humongous regions: 5->5
[2023-11-10T11:46:19.200-0800][76382832ms] GC(22592) Metaspace: 304918K->304918K(1349632K)
[2023-11-10T11:46:19.200-0800][76382832ms] GC(22592) Pause Young (Normal) (G1 Evacuation Pause) 3235M->2853M(3602M) 5.172ms
[2023-11-10T11:46:19.200-0800][76382832ms] GC(22592) User=0.08s Sys=0.02s Real=0.01s
[2023-11-10T11:46:19.636-0800][76383268ms] GC(22593) Pause Young (Normal) (G1 Evacuation Pause)
[2023-11-10T11:46:19.636-0800][76383268ms] GC(22593) Using 10 workers of 10 for evacuation
[2023-11-10T11:46:19.641-0800][76383273ms] GC(22593)   Pre Evacuate Collection Set: 0.0ms
[2023-11-10T11:46:19.641-0800][76383273ms] GC(22593)   Evacuate Collection Set: 1.7ms
[2023-11-10T11:46:19.641-0800][76383273ms] GC(22593)   Post Evacuate Collection Set: 3.2ms
[2023-11-10T11:46:19.641-0800][76383273ms] GC(22593)   Other: 0.3ms
[2023-11-10T11:46:19.641-0800][76383273ms] GC(22593) Eden regions: 191->0(191)
[2023-11-10T11:46:19.642-0800][76383274ms] GC(22593) Survivor regions: 1->1(24)
[2023-11-10T11:46:19.642-0800][76383274ms] GC(22593) Old regions: 1422->1422
[2023-11-10T11:46:19.642-0800][76383274ms] GC(22593) Humongous regions: 5->5
[2023-11-10T11:46:19.642-0800][76383274ms] GC(22593) Metaspace: 304918K->304918K(1349632K)
[2023-11-10T11:46:19.642-0800][76383274ms] GC(22593) Pause Young (Normal) (G1 Evacuation Pause) 3235M->2853M(3602M) 5.277ms
[2023-11-10T11:46:19.642-0800][76383274ms] GC(22593) User=0.00s Sys=0.00s Real=0.01s
[2023-11-10T11:46:20.150-0800][76383782ms] GC(22594) Pause Young (Normal) (G1 Evacuation Pause)
[2023-11-10T11:46:20.150-0800][76383782ms] GC(22594) Using 10 workers of 10 for evacuation
[2023-11-10T11:46:20.156-0800][76383788ms] GC(22594)   Pre Evacuate Collection Set: 0.1ms
[2023-11-10T11:46:20.156-0800][76383788ms] GC(22594)   Evacuate Collection Set: 1.8ms
[2023-11-10T11:46:20.156-0800][76383788ms] GC(22594)   Post Evacuate Collection Set: 3.2ms
[2023-11-10T11:46:20.156-0800][76383788ms] GC(22594)   Other: 0.3ms
[2023-11-10T11:46:20.156-0800][76383788ms] GC(22594) Eden regions: 191->0(191)
[2023-11-10T11:46:20.156-0800][76383788ms] GC(22594) Survivor regions: 1->1(24)
[2023-11-10T11:46:20.156-0800][76383788ms] GC(22594) Old regions: 1422->1422
[2023-11-10T11:46:20.156-0800][76383788ms] GC(22594) Humongous regions: 5->5
[2023-11-10T11:46:20.156-0800][76383788ms] GC(22594) Metaspace: 304918K->304918K(1349632K)
[2023-11-10T11:46:20.156-0800][76383788ms] GC(22594) Pause Young (Normal) (G1 Evacuation Pause) 3235M->2853M(3602M) 5.539ms
[2023-11-10T11:46:20.156-0800][76383788ms] GC(22594) User=0.00s Sys=0.00s Real=0.01s
[2023-11-10T11:46:20.619-0800][76384251ms] GC(22595) Pause Young (Normal) (G1 Evacuation Pause)
[2023-11-10T11:46:20.619-0800][76384251ms] GC(22595) Using 10 workers of 10 for evacuation
[2023-11-10T11:46:20.624-0800][76384256ms] GC(22595)   Pre Evacuate Collection Set: 0.0ms
[2023-11-10T11:46:20.624-0800][76384256ms] GC(22595)   Evacuate Collection Set: 1.7ms
[2023-11-10T11:46:20.624-0800][76384256ms] GC(22595)   Post Evacuate Collection Set: 3.4ms
[2023-11-10T11:46:20.624-0800][76384256ms] GC(22595)   Other: 0.3ms
[2023-11-10T11:46:20.624-0800][76384256ms] GC(22595) Eden regions: 191->0(191)
[2023-11-10T11:46:20.624-0800][76384256ms] GC(22595) Survivor regions: 1->1(24)
[2023-11-10T11:46:20.624-0800][76384256ms] GC(22595) Old regions: 1422->1422
[2023-11-10T11:46:20.624-0800][76384256ms] GC(22595) Humongous regions: 5->5
[2023-11-10T11:46:20.624-0800][76384256ms] GC(22595) Metaspace: 304918K->304918K(1349632K)
[2023-11-10T11:46:20.624-0800][76384256ms] GC(22595) Pause Young (Normal) (G1 Evacuation Pause) 3235M->2853M(3602M) 5.494ms
[2023-11-10T11:46:20.624-0800][76384256ms] GC(22595) User=0.00s Sys=0.00s Real=0.01s
[2023-11-10T11:46:21.071-0800][76384703ms] GC(22596) Pause Young (Normal) (G1 Evacuation Pause)
[2023-11-10T11:46:21.071-0800][76384703ms] GC(22596) Using 10 workers of 10 for evacuation
[2023-11-10T11:46:21.077-0800][76384709ms] GC(22596)   Pre Evacuate Collection Set: 0.0ms
[2023-11-10T11:46:21.077-0800][76384709ms] GC(22596)   Evacuate Collection Set: 1.7ms
[2023-11-10T11:46:21.077-0800][76384709ms] GC(22596)   Post Evacuate Collection Set: 3.0ms
[2023-11-10T11:46:21.077-0800][76384709ms] GC(22596)   Other: 0.2ms
[2023-11-10T11:46:21.077-0800][76384709ms] GC(22596) Eden regions: 191->0(191)
[2023-11-10T11:46:21.077-0800][76384709ms] GC(22596) Survivor regions: 1->1(24)
[2023-11-10T11:46:21.077-0800][76384709ms] GC(22596) Old regions: 1422->1422
[2023-11-10T11:46:21.077-0800][76384709ms] GC(22596) Humongous regions: 5->5
[2023-11-10T11:46:21.077-0800][76384709ms] GC(22596) Metaspace: 304918K->304918K(1349632K)
[2023-11-10T11:46:21.077-0800][76384709ms] GC(22596) Pause Young (Normal) (G1 Evacuation Pause) 3235M->2853M(3602M) 5.113ms
[2023-11-10T11:46:21.077-0800][76384709ms] GC(22596) User=0.00s Sys=0.00s Real=0.01s
[2023-11-10T11:46:21.518-0800][76385150ms] GC(22597) Pause Young (Normal) (G1 Evacuation Pause)
[2023-11-10T11:46:21.518-0800][76385150ms] GC(22597) Using 10 workers of 10 for evacuation
[2023-11-10T11:46:21.524-0800][76385156ms] GC(22597)   Pre Evacuate Collection Set: 0.0ms
[2023-11-10T11:46:21.524-0800][76385156ms] GC(22597)   Evacuate Collection Set: 1.8ms
[2023-11-10T11:46:21.524-0800][76385156ms] GC(22597)   Post Evacuate Collection Set: 3.5ms
[2023-11-10T11:46:21.524-0800][76385156ms] GC(22597)   Other: 0.3ms
[2023-11-10T11:46:21.525-0800][76385157ms] GC(22597) Eden regions: 191->0(190)
[2023-11-10T11:46:21.525-0800][76385157ms] GC(22597) Survivor regions: 1->1(24)
[2023-11-10T11:46:21.525-0800][76385157ms] GC(22597) Old regions: 1422->1422
[2023-11-10T11:46:21.525-0800][76385157ms] GC(22597) Humongous regions: 5->5
[2023-11-10T11:46:21.525-0800][76385157ms] GC(22597) Metaspace: 304918K->304918K(1349632K)
[2023-11-10T11:46:21.525-0800][76385157ms] GC(22597) Pause Young (Normal) (G1 Evacuation Pause) 3235M->2853M(3602M) 5.773ms
[2023-11-10T11:46:21.525-0800][76385157ms] GC(22597) User=0.00s Sys=0.00s Real=0.01s
[2023-11-10T11:46:21.987-0800][76385619ms] GC(22598) Pause Young (Normal) (G1 Evacuation Pause)
[2023-11-10T11:46:21.987-0800][76385619ms] GC(22598) Using 10 workers of 10 for evacuation
[2023-11-10T11:46:22.008-0800][76385640ms] GC(22598)   Pre Evacuate Collection Set: 0.0ms
[2023-11-10T11:46:22.008-0800][76385640ms] GC(22598)   Evacuate Collection Set: 1.8ms
[2023-11-10T11:46:22.008-0800][76385640ms] GC(22598)   Post Evacuate Collection Set: 19.2ms
[2023-11-10T11:46:22.008-0800][76385640ms] GC(22598)   Other: 0.3ms
[2023-11-10T11:46:22.008-0800][76385640ms] GC(22598) Eden regions: 190->0(190)
[2023-11-10T11:46:22.008-0800][76385640ms] GC(22598) Survivor regions: 1->1(24)
[2023-11-10T11:46:22.008-0800][76385640ms] GC(22598) Old regions: 1422->1422
[2023-11-10T11:46:22.008-0800][76385640ms] GC(22598) Humongous regions: 5->5
[2023-11-10T11:46:22.008-0800][76385640ms] GC(22598) Metaspace: 304918K->304918K(1349632K)
[2023-11-10T11:46:22.008-0800][76385640ms] GC(22598) Pause Young (Normal) (G1 Evacuation Pause) 3233M->2853M(3602M) 21.401ms
[2023-11-10T11:46:22.008-0800][76385640ms] GC(22598) User=0.00s Sys=0.00s Real=0.02s
[2023-11-10T11:46:22.470-0800][76386102ms] GC(22599) Pause Young (Normal) (G1 Evacuation Pause)
[2023-11-10T11:46:22.470-0800][76386102ms] GC(22599) Using 10 workers of 10 for evacuation
[2023-11-10T11:46:22.476-0800][76386108ms] GC(22599)   Pre Evacuate Collection Set: 0.0ms
[2023-11-10T11:46:22.476-0800][76386108ms] GC(22599)   Evacuate Collection Set: 1.7ms
[2023-11-10T11:46:22.476-0800][76386108ms] GC(22599)   Post Evacuate Collection Set: 3.2ms
[2023-11-10T11:46:22.476-0800][76386108ms] GC(22599)   Other: 0.4ms
[2023-11-10T11:46:22.476-0800][76386108ms] GC(22599) Eden regions: 190->0(190)
[2023-11-10T11:46:22.476-0800][76386108ms] GC(22599) Survivor regions: 1->1(24)
[2023-11-10T11:46:22.476-0800][76386108ms] GC(22599) Old regions: 1422->1422
[2023-11-10T11:46:22.476-0800][76386108ms] GC(22599) Humongous regions: 5->5
[2023-11-10T11:46:22.476-0800][76386108ms] GC(22599) Metaspace: 304918K->304918K(1349632K)
[2023-11-10T11:46:22.476-0800][76386108ms] GC(22599) Pause Young (Normal) (G1 Evacuation Pause) 3233M->2853M(3602M) 5.406ms
[2023-11-10T11:46:22.477-0800][76386109ms] GC(22599) User=0.00s Sys=0.00s Real=0.01s
[2023-11-10T11:46:22.940-0800][76386572ms] GC(22600) Pause Young (Normal) (G1 Evacuation Pause)
[2023-11-10T11:46:22.940-0800][76386572ms] GC(22600) Using 10 workers of 10 for evacuation
[2023-11-10T11:46:22.946-0800][76386578ms] GC(22600)   Pre Evacuate Collection Set: 0.0ms
[2023-11-10T11:46:22.946-0800][76386578ms] GC(22600)   Evacuate Collection Set: 1.7ms
[2023-11-10T11:46:22.946-0800][76386578ms] GC(22600)   Post Evacuate Collection Set: 3.4ms
[2023-11-10T11:46:22.946-0800][76386578ms] GC(22600)   Other: 0.3ms
[2023-11-10T11:46:22.946-0800][76386578ms] GC(22600) Eden regions: 190->0(190)
[2023-11-10T11:46:22.946-0800][76386578ms] GC(22600) Survivor regions: 1->1(24)
[2023-11-10T11:46:22.946-0800][76386578ms] GC(22600) Old regions: 1422->1422
[2023-11-10T11:46:22.946-0800][76386578ms] GC(22600) Humongous regions: 5->5
[2023-11-10T11:46:22.946-0800][76386578ms] GC(22600) Metaspace: 304918K->304918K(1349632K)
[2023-11-10T11:46:22.946-0800][76386578ms] GC(22600) Pause Young (Normal) (G1 Evacuation Pause) 3233M->2853M(3602M) 5.429ms
[2023-11-10T11:46:22.946-0800][76386578ms] GC(22600) User=0.00s Sys=0.00s Real=0.01s
[2023-11-10T11:46:23.417-0800][76387049ms] GC(22601) Pause Young (Normal) (G1 Evacuation Pause)
[2023-11-10T11:46:23.417-0800][76387049ms] GC(22601) Using 10 workers of 10 for evacuation
[2023-11-10T11:46:23.422-0800][76387054ms] GC(22601)   Pre Evacuate Collection Set: 0.0ms
[2023-11-10T11:46:23.422-0800][76387054ms] GC(22601)   Evacuate Collection Set: 1.6ms
[2023-11-10T11:46:23.422-0800][76387054ms] GC(22601)   Post Evacuate Collection Set: 3.3ms
[2023-11-10T11:46:23.422-0800][76387054ms] GC(22601)   Other: 0.3ms
[2023-11-10T11:46:23.422-0800][76387054ms] GC(22601) Eden regions: 190->0(190)
[2023-11-10T11:46:23.422-0800][76387054ms] GC(22601) Survivor regions: 1->1(24)
[2023-11-10T11:46:23.422-0800][76387054ms] GC(22601) Old regions: 1422->1422
[2023-11-10T11:46:23.422-0800][76387054ms] GC(22601) Humongous regions: 5->5
[2023-11-10T11:46:23.422-0800][76387054ms] GC(22601) Metaspace: 304918K->304918K(1349632K)
[2023-11-10T11:46:23.422-0800][76387054ms] GC(22601) Pause Young (Normal) (G1 Evacuation Pause) 3233M->2853M(3602M) 5.352ms
[2023-11-10T11:46:23.422-0800][76387054ms] GC(22601) User=0.00s Sys=0.00s Real=0.00s
[2023-11-10T11:46:23.910-0800][76387542ms] GC(22602) Pause Young (Normal) (G1 Evacuation Pause)
[2023-11-10T11:46:23.910-0800][76387542ms] GC(22602) Using 10 workers of 10 for evacuation
[2023-11-10T11:46:23.917-0800][76387549ms] GC(22602)   Pre Evacuate Collection Set: 0.0ms
[2023-11-10T11:46:23.917-0800][76387549ms] GC(22602)   Evacuate Collection Set: 1.8ms
[2023-11-10T11:46:23.917-0800][76387549ms] GC(22602)   Post Evacuate Collection Set: 3.7ms
[2023-11-10T11:46:23.917-0800][76387549ms] GC(22602)   Other: 0.5ms
[2023-11-10T11:46:23.917-0800][76387549ms] GC(22602) Eden regions: 190->0(190)
[2023-11-10T11:46:23.917-0800][76387549ms] GC(22602) Survivor regions: 1->1(24)
[2023-11-10T11:46:23.917-0800][76387549ms] GC(22602) Old regions: 1422->1422
[2023-11-10T11:46:23.917-0800][76387549ms] GC(22602) Humongous regions: 5->5
[2023-11-10T11:46:23.917-0800][76387549ms] GC(22602) Metaspace: 304918K->304918K(1349632K)
[2023-11-10T11:46:23.917-0800][76387549ms] GC(22602) Pause Young (Normal) (G1 Evacuation Pause) 3233M->2853M(3602M) 6.082ms
[2023-11-10T11:46:23.917-0800][76387549ms] GC(22602) User=0.02s Sys=0.00s Real=0.01s
[2023-11-10T11:46:24.363-0800][76387995ms] GC(22603) Pause Young (Normal) (G1 Evacuation Pause)
[2023-11-10T11:46:24.363-0800][76387995ms] GC(22603) Using 10 workers of 10 for evacuation
[2023-11-10T11:46:24.369-0800][76388001ms] GC(22603)   Pre Evacuate Collection Set: 0.1ms
[2023-11-10T11:46:24.369-0800][76388001ms] GC(22603)   Evacuate Collection Set: 2.1ms
[2023-11-10T11:46:24.369-0800][76388001ms] GC(22603)   Post Evacuate Collection Set: 3.5ms
[2023-11-10T11:46:24.369-0800][76388001ms] GC(22603)   Other: 0.3ms
[2023-11-10T11:46:24.369-0800][76388001ms] GC(22603) Eden regions: 190->0(190)
[2023-11-10T11:46:24.369-0800][76388001ms] GC(22603) Survivor regions: 1->1(24)
[2023-11-10T11:46:24.369-0800][76388001ms] GC(22603) Old regions: 1422->1422
[2023-11-10T11:46:24.369-0800][76388001ms] GC(22603) Humongous regions: 5->5
[2023-11-10T11:46:24.369-0800][76388001ms] GC(22603) Metaspace: 304918K->304918K(1349632K)
[2023-11-10T11:46:24.369-0800][76388001ms] GC(22603) Pause Young (Normal) (G1 Evacuation Pause) 3233M->2853M(3602M) 5.991ms
[2023-11-10T11:46:24.369-0800][76388001ms] GC(22603) User=0.00s Sys=0.00s Real=0.01s
[2023-11-10T11:46:24.859-0800][76388491ms] GC(22604) Pause Young (Normal) (G1 Evacuation Pause)
[2023-11-10T11:46:24.859-0800][76388491ms] GC(22604) Using 10 workers of 10 for evacuation
[2023-11-10T11:46:24.865-0800][76388497ms] GC(22604)   Pre Evacuate Collection Set: 0.0ms
[2023-11-10T11:46:24.865-0800][76388497ms] GC(22604)   Evacuate Collection Set: 1.8ms
[2023-11-10T11:46:24.865-0800][76388497ms] GC(22604)   Post Evacuate Collection Set: 3.5ms
[2023-11-10T11:46:24.865-0800][76388497ms] GC(22604)   Other: 0.3ms
[2023-11-10T11:46:24.865-0800][76388497ms] GC(22604) Eden regions: 190->0(190)
[2023-11-10T11:46:24.865-0800][76388497ms] GC(22604) Survivor regions: 1->1(24)
[2023-11-10T11:46:24.865-0800][76388497ms] GC(22604) Old regions: 1422->1422
[2023-11-10T11:46:24.865-0800][76388497ms] GC(22604) Humongous regions: 5->5
[2023-11-10T11:46:24.865-0800][76388497ms] GC(22604) Metaspace: 304918K->304918K(1349632K)
[2023-11-10T11:46:24.865-0800][76388497ms] GC(22604) Pause Young (Normal) (G1 Evacuation Pause) 3233M->2853M(3602M) 5.709ms
[2023-11-10T11:46:24.865-0800][76388497ms] GC(22604) User=0.00s Sys=0.00s Real=0.01s
[2023-11-10T11:46:25.271-0800][76388903ms] GC(22605) Pause Young (Normal) (G1 Evacuation Pause)
[2023-11-10T11:46:25.271-0800][76388903ms] GC(22605) Using 10 workers of 10 for evacuation
[2023-11-10T11:46:25.277-0800][76388909ms] GC(22605)   Pre Evacuate Collection Set: 0.0ms
[2023-11-10T11:46:25.277-0800][76388909ms] GC(22605)   Evacuate Collection Set: 1.9ms
[2023-11-10T11:46:25.277-0800][76388909ms] GC(22605)   Post Evacuate Collection Set: 3.1ms
[2023-11-10T11:46:25.277-0800][76388909ms] GC(22605)   Other: 0.3ms
[2023-11-10T11:46:25.277-0800][76388909ms] GC(22605) Eden regions: 190->0(190)
[2023-11-10T11:46:25.277-0800][76388909ms] GC(22605) Survivor regions: 1->1(24)
[2023-11-10T11:46:25.277-0800][76388909ms] GC(22605) Old regions: 1422->1422
[2023-11-10T11:46:25.277-0800][76388909ms] GC(22605) Humongous regions: 5->5
[2023-11-10T11:46:25.277-0800][76388909ms] GC(22605) Metaspace: 304918K->304918K(1349632K)
[2023-11-10T11:46:25.277-0800][76388909ms] GC(22605) Pause Young (Normal) (G1 Evacuation Pause) 3233M->2853M(3602M) 5.526ms
[2023-11-10T11:46:25.277-0800][76388909ms] GC(22605) User=0.13s Sys=0.00s Real=0.01s
[2023-11-10T11:46:25.773-0800][76389405ms] GC(22606) Pause Young (Normal) (G1 Evacuation Pause)
[2023-11-10T11:46:25.773-0800][76389405ms] GC(22606) Using 10 workers of 10 for evacuation
[2023-11-10T11:46:25.780-0800][76389412ms] GC(22606)   Pre Evacuate Collection Set: 0.1ms
[2023-11-10T11:46:25.780-0800][76389412ms] GC(22606)   Evacuate Collection Set: 2.0ms
[2023-11-10T11:46:25.780-0800][76389412ms] GC(22606)   Post Evacuate Collection Set: 3.6ms
[2023-11-10T11:46:25.780-0800][76389412ms] GC(22606)   Other: 0.3ms
[2023-11-10T11:46:25.780-0800][76389412ms] GC(22606) Eden regions: 190->0(190)
[2023-11-10T11:46:25.780-0800][76389412ms] GC(22606) Survivor regions: 1->1(24)
[2023-11-10T11:46:25.780-0800][76389412ms] GC(22606) Old regions: 1422->1422
[2023-11-10T11:46:25.780-0800][76389412ms] GC(22606) Humongous regions: 5->5
[2023-11-10T11:46:25.780-0800][76389412ms] GC(22606) Metaspace: 304918K->304918K(1349632K)
[2023-11-10T11:46:25.780-0800][76389412ms] GC(22606) Pause Young (Normal) (G1 Evacuation Pause) 3233M->2853M(3602M) 6.114ms
[2023-11-10T11:46:25.780-0800][76389412ms] GC(22606) User=0.00s Sys=0.00s Real=0.01s
[2023-11-10T11:46:26.232-0800][76389864ms] GC(22607) Pause Young (Normal) (G1 Evacuation Pause)
[2023-11-10T11:46:26.232-0800][76389864ms] GC(22607) Using 10 workers of 10 for evacuation
[2023-11-10T11:46:26.238-0800][76389870ms] GC(22607)   Pre Evacuate Collection Set: 0.1ms
[2023-11-10T11:46:26.238-0800][76389870ms] GC(22607)   Evacuate Collection Set: 2.5ms
[2023-11-10T11:46:26.238-0800][76389870ms] GC(22607)   Post Evacuate Collection Set: 3.7ms
[2023-11-10T11:46:26.238-0800][76389870ms] GC(22607)   Other: 0.3ms
[2023-11-10T11:46:26.238-0800][76389870ms] GC(22607) Eden regions: 190->0(190)
[2023-11-10T11:46:26.238-0800][76389870ms] GC(22607) Survivor regions: 1->1(24)
[2023-11-10T11:46:26.238-0800][76389870ms] GC(22607) Old regions: 1422->1422
[2023-11-10T11:46:26.238-0800][76389870ms] GC(22607) Humongous regions: 5->5
[2023-11-10T11:46:26.238-0800][76389870ms] GC(22607) Metaspace: 304918K->304918K(1349632K)
[2023-11-10T11:46:26.238-0800][76389870ms] GC(22607) Pause Young (Normal) (G1 Evacuation Pause) 3233M->2853M(3602M) 6.653ms
[2023-11-10T11:46:26.238-0800][76389870ms] GC(22607) User=0.00s Sys=0.00s Real=0.01s
[2023-11-10T11:46:26.677-0800][76390309ms] GC(22608) Pause Young (Normal) (G1 Evacuation Pause)
[2023-11-10T11:46:26.677-0800][76390309ms] GC(22608) Using 10 workers of 10 for evacuation
[2023-11-10T11:46:26.684-0800][76390316ms] GC(22608)   Pre Evacuate Collection Set: 0.0ms
[2023-11-10T11:46:26.684-0800][76390316ms] GC(22608)   Evacuate Collection Set: 1.9ms
[2023-11-10T11:46:26.684-0800][76390316ms] GC(22608)   Post Evacuate Collection Set: 4.2ms
[2023-11-10T11:46:26.684-0800][76390316ms] GC(22608)   Other: 0.3ms
[2023-11-10T11:46:26.684-0800][76390316ms] GC(22608) Eden regions: 190->0(190)
[2023-11-10T11:46:26.684-0800][76390316ms] GC(22608) Survivor regions: 1->1(24)
[2023-11-10T11:46:26.684-0800][76390316ms] GC(22608) Old regions: 1422->1422
[2023-11-10T11:46:26.684-0800][76390316ms] GC(22608) Humongous regions: 5->5
[2023-11-10T11:46:26.684-0800][76390316ms] GC(22608) Metaspace: 304918K->304918K(1349632K)
[2023-11-10T11:46:26.684-0800][76390316ms] GC(22608) Pause Young (Normal) (G1 Evacuation Pause) 3233M->2853M(3602M) 6.604ms
[2023-11-10T11:46:26.684-0800][76390316ms] GC(22608) User=0.03s Sys=0.00s Real=0.01s
[2023-11-10T11:46:27.136-0800][76390768ms] GC(22609) Pause Young (Normal) (G1 Evacuation Pause)
[2023-11-10T11:46:27.136-0800][76390768ms] GC(22609) Using 10 workers of 10 for evacuation
[2023-11-10T11:46:27.142-0800][76390774ms] GC(22609)   Pre Evacuate Collection Set: 0.1ms
[2023-11-10T11:46:27.142-0800][76390774ms] GC(22609)   Evacuate Collection Set: 2.4ms
[2023-11-10T11:46:27.142-0800][76390774ms] GC(22609)   Post Evacuate Collection Set: 3.7ms
[2023-11-10T11:46:27.142-0800][76390774ms] GC(22609)   Other: 0.3ms
[2023-11-10T11:46:27.142-0800][76390774ms] GC(22609) Eden regions: 190->0(190)
[2023-11-10T11:46:27.142-0800][76390774ms] GC(22609) Survivor regions: 1->1(24)
[2023-11-10T11:46:27.142-0800][76390774ms] GC(22609) Old regions: 1422->1422
[2023-11-10T11:46:27.142-0800][76390774ms] GC(22609) Humongous regions: 5->5
[2023-11-10T11:46:27.142-0800][76390774ms] GC(22609) Metaspace: 304918K->304918K(1349632K)
[2023-11-10T11:46:27.142-0800][76390774ms] GC(22609) Pause Young (Normal) (G1 Evacuation Pause) 3233M->2854M(3602M) 6.519ms
[2023-11-10T11:46:27.142-0800][76390774ms] GC(22609) User=0.00s Sys=0.00s Real=0.01s
[2023-11-10T11:46:27.595-0800][76391227ms] GC(22610) Pause Young (Normal) (G1 Evacuation Pause)
[2023-11-10T11:46:27.595-0800][76391227ms] GC(22610) Using 10 workers of 10 for evacuation
[2023-11-10T11:46:27.601-0800][76391233ms] GC(22610)   Pre Evacuate Collection Set: 0.0ms
[2023-11-10T11:46:27.601-0800][76391233ms] GC(22610)   Evacuate Collection Set: 1.7ms
[2023-11-10T11:46:27.601-0800][76391233ms] GC(22610)   Post Evacuate Collection Set: 3.3ms
[2023-11-10T11:46:27.601-0800][76391233ms] GC(22610)   Other: 0.2ms
[2023-11-10T11:46:27.601-0800][76391233ms] GC(22610) Eden regions: 190->0(190)
[2023-11-10T11:46:27.601-0800][76391233ms] GC(22610) Survivor regions: 1->1(24)
[2023-11-10T11:46:27.601-0800][76391233ms] GC(22610) Old regions: 1422->1422
[2023-11-10T11:46:27.601-0800][76391233ms] GC(22610) Humongous regions: 5->5
[2023-11-10T11:46:27.601-0800][76391233ms] GC(22610) Metaspace: 304918K->304918K(1349632K)
[2023-11-10T11:46:27.601-0800][76391233ms] GC(22610) Pause Young (Normal) (G1 Evacuation Pause) 3234M->2853M(3602M) 5.306ms
[2023-11-10T11:46:27.601-0800][76391233ms] GC(22610) User=0.00s Sys=0.00s Real=0.01s
[2023-11-10T11:46:28.072-0800][76391704ms] GC(22611) Pause Young (Normal) (G1 Evacuation Pause)
[2023-11-10T11:46:28.072-0800][76391704ms] GC(22611) Using 10 workers of 10 for evacuation
[2023-11-10T11:46:28.083-0800][76391715ms] GC(22611)   Pre Evacuate Collection Set: 0.0ms
[2023-11-10T11:46:28.083-0800][76391715ms] GC(22611)   Evacuate Collection Set: 5.7ms
[2023-11-10T11:46:28.083-0800][76391715ms] GC(22611)   Post Evacuate Collection Set: 4.9ms
[2023-11-10T11:46:28.083-0800][76391715ms] GC(22611)   Other: 0.3ms
[2023-11-10T11:46:28.083-0800][76391715ms] GC(22611) Eden regions: 190->0(190)
[2023-11-10T11:46:28.083-0800][76391715ms] GC(22611) Survivor regions: 1->1(24)
[2023-11-10T11:46:28.083-0800][76391715ms] GC(22611) Old regions: 1422->1422
[2023-11-10T11:46:28.083-0800][76391715ms] GC(22611) Humongous regions: 5->5
[2023-11-10T11:46:28.083-0800][76391715ms] GC(22611) Metaspace: 304918K->304918K(1349632K)
[2023-11-10T11:46:28.083-0800][76391715ms] GC(22611) Pause Young (Normal) (G1 Evacuation Pause) 3233M->2853M(3602M) 11.060ms
[2023-11-10T11:46:28.083-0800][76391715ms] GC(22611) User=0.00s Sys=0.00s Real=0.01s
[2023-11-10T11:46:28.523-0800][76392155ms] GC(22612) Pause Young (Normal) (G1 Evacuation Pause)
[2023-11-10T11:46:28.523-0800][76392155ms] GC(22612) Using 10 workers of 10 for evacuation
[2023-11-10T11:46:28.529-0800][76392161ms] GC(22612)   Pre Evacuate Collection Set: 0.0ms
[2023-11-10T11:46:28.529-0800][76392161ms] GC(22612)   Evacuate Collection Set: 1.7ms
[2023-11-10T11:46:28.529-0800][76392161ms] GC(22612)   Post Evacuate Collection Set: 3.4ms
[2023-11-10T11:46:28.529-0800][76392161ms] GC(22612)   Other: 0.3ms
[2023-11-10T11:46:28.529-0800][76392161ms] GC(22612) Eden regions: 190->0(190)
[2023-11-10T11:46:28.529-0800][76392161ms] GC(22612) Survivor regions: 1->1(24)
[2023-11-10T11:46:28.529-0800][76392161ms] GC(22612) Old regions: 1422->1422
[2023-11-10T11:46:28.529-0800][76392161ms] GC(22612) Humongous regions: 5->5
[2023-11-10T11:46:28.529-0800][76392161ms] GC(22612) Metaspace: 304918K->304918K(1349632K)
[2023-11-10T11:46:28.529-0800][76392161ms] GC(22612) Pause Young (Normal) (G1 Evacuation Pause) 3233M->2853M(3602M) 5.498ms
[2023-11-10T11:46:28.529-0800][76392161ms] GC(22612) User=0.00s Sys=0.00s Real=0.01s
[2023-11-10T11:46:29.014-0800][76392646ms] GC(22613) Pause Young (Normal) (G1 Evacuation Pause)
[2023-11-10T11:46:29.014-0800][76392646ms] GC(22613) Using 10 workers of 10 for evacuation
[2023-11-10T11:46:29.019-0800][76392651ms] GC(22613)   Pre Evacuate Collection Set: 0.0ms
[2023-11-10T11:46:29.019-0800][76392651ms] GC(22613)   Evacuate Collection Set: 1.6ms
[2023-11-10T11:46:29.019-0800][76392651ms] GC(22613)   Post Evacuate Collection Set: 3.4ms
[2023-11-10T11:46:29.019-0800][76392651ms] GC(22613)   Other: 0.3ms
[2023-11-10T11:46:29.019-0800][76392651ms] GC(22613) Eden regions: 190->0(191)
[2023-11-10T11:46:29.019-0800][76392651ms] GC(22613) Survivor regions: 1->1(24)
[2023-11-10T11:46:29.019-0800][76392651ms] GC(22613) Old regions: 1422->1422
[2023-11-10T11:46:29.019-0800][76392651ms] GC(22613) Humongous regions: 5->5
[2023-11-10T11:46:29.019-0800][76392651ms] GC(22613) Metaspace: 304918K->304918K(1349632K)
[2023-11-10T11:46:29.019-0800][76392651ms] GC(22613) Pause Young (Normal) (G1 Evacuation Pause) 3233M->2853M(3602M) 5.373ms
[2023-11-10T11:46:29.019-0800][76392651ms] GC(22613) User=0.00s Sys=0.00s Real=0.01s
[2023-11-10T11:46:29.410-0800][76393042ms] GC(22614) Pause Young (Normal) (G1 Evacuation Pause)
[2023-11-10T11:46:29.410-0800][76393042ms] GC(22614) Using 10 workers of 10 for evacuation
[2023-11-10T11:46:29.416-0800][76393048ms] GC(22614)   Pre Evacuate Collection Set: 0.1ms
[2023-11-10T11:46:29.416-0800][76393048ms] GC(22614)   Evacuate Collection Set: 1.8ms
[2023-11-10T11:46:29.416-0800][76393048ms] GC(22614)   Post Evacuate Collection Set: 3.3ms
[2023-11-10T11:46:29.416-0800][76393048ms] GC(22614)   Other: 0.3ms
[2023-11-10T11:46:29.416-0800][76393048ms] GC(22614) Eden regions: 191->0(191)
[2023-11-10T11:46:29.416-0800][76393048ms] GC(22614) Survivor regions: 1->1(24)
[2023-11-10T11:46:29.416-0800][76393048ms] GC(22614) Old regions: 1422->1422
[2023-11-10T11:46:29.416-0800][76393048ms] GC(22614) Humongous regions: 5->5
[2023-11-10T11:46:29.416-0800][76393048ms] GC(22614) Metaspace: 304918K->304918K(1349632K)
[2023-11-10T11:46:29.416-0800][76393048ms] GC(22614) Pause Young (Normal) (G1 Evacuation Pause) 3235M->2853M(3602M) 5.613ms
[2023-11-10T11:46:29.416-0800][76393048ms] GC(22614) User=0.00s Sys=0.00s Real=0.01s
[2023-11-10T11:46:29.828-0800][76393460ms] GC(22615) Pause Young (Normal) (G1 Evacuation Pause)
[2023-11-10T11:46:29.828-0800][76393460ms] GC(22615) Using 10 workers of 10 for evacuation
[2023-11-10T11:46:29.833-0800][76393465ms] GC(22615)   Pre Evacuate Collection Set: 0.0ms
[2023-11-10T11:46:29.833-0800][76393465ms] GC(22615)   Evacuate Collection Set: 1.8ms
[2023-11-10T11:46:29.833-0800][76393465ms] GC(22615)   Post Evacuate Collection Set: 3.0ms
[2023-11-10T11:46:29.833-0800][76393465ms] GC(22615)   Other: 0.3ms
[2023-11-10T11:46:29.833-0800][76393465ms] GC(22615) Eden regions: 191->0(191)
[2023-11-10T11:46:29.833-0800][76393465ms] GC(22615) Survivor regions: 1->1(24)
[2023-11-10T11:46:29.833-0800][76393465ms] GC(22615) Old regions: 1422->1422
[2023-11-10T11:46:29.833-0800][76393465ms] GC(22615) Humongous regions: 5->5
[2023-11-10T11:46:29.833-0800][76393465ms] GC(22615) Metaspace: 304918K->304918K(1349632K)
[2023-11-10T11:46:29.833-0800][76393465ms] GC(22615) Pause Young (Normal) (G1 Evacuation Pause) 3235M->2853M(3602M) 5.262ms
[2023-11-10T11:46:29.833-0800][76393465ms] GC(22615) User=0.00s Sys=0.00s Real=0.00s
[2023-11-10T11:46:30.309-0800][76393941ms] GC(22616) Pause Young (Normal) (G1 Evacuation Pause)
[2023-11-10T11:46:30.309-0800][76393941ms] GC(22616) Using 10 workers of 10 for evacuation
[2023-11-10T11:46:30.314-0800][76393946ms] GC(22616)   Pre Evacuate Collection Set: 0.0ms
[2023-11-10T11:46:30.314-0800][76393946ms] GC(22616)   Evacuate Collection Set: 1.7ms
[2023-11-10T11:46:30.314-0800][76393946ms] GC(22616)   Post Evacuate Collection Set: 3.3ms
[2023-11-10T11:46:30.314-0800][76393946ms] GC(22616)   Other: 0.4ms
[2023-11-10T11:46:30.314-0800][76393946ms] GC(22616) Eden regions: 191->0(191)
[2023-11-10T11:46:30.314-0800][76393946ms] GC(22616) Survivor regions: 1->1(24)
[2023-11-10T11:46:30.314-0800][76393946ms] GC(22616) Old regions: 1422->1422
[2023-11-10T11:46:30.314-0800][76393946ms] GC(22616) Humongous regions: 5->5
[2023-11-10T11:46:30.314-0800][76393946ms] GC(22616) Metaspace: 304918K->304918K(1349632K)
[2023-11-10T11:46:30.314-0800][76393946ms] GC(22616) Pause Young (Normal) (G1 Evacuation Pause) 3235M->2853M(3602M) 5.546ms
[2023-11-10T11:46:30.314-0800][76393946ms] GC(22616) User=0.00s Sys=0.00s Real=0.00s
[2023-11-10T11:46:30.766-0800][76394398ms] GC(22617) Pause Young (Normal) (G1 Evacuation Pause)
[2023-11-10T11:46:30.766-0800][76394398ms] GC(22617) Using 10 workers of 10 for evacuation
[2023-11-10T11:46:30.770-0800][76394402ms] GC(22617)   Pre Evacuate Collection Set: 0.0ms
[2023-11-10T11:46:30.770-0800][76394402ms] GC(22617)   Evacuate Collection Set: 1.6ms
[2023-11-10T11:46:30.770-0800][76394402ms] GC(22617)   Post Evacuate Collection Set: 3.4ms
[2023-11-10T11:46:30.770-0800][76394402ms] GC(22617)   Other: 0.3ms
[2023-11-10T11:46:30.770-0800][76394402ms] GC(22617) Eden regions: 191->0(191)
[2023-11-10T11:46:30.770-0800][76394402ms] GC(22617) Survivor regions: 1->1(24)
[2023-11-10T11:46:30.770-0800][76394402ms] GC(22617) Old regions: 1422->1422
[2023-11-10T11:46:30.770-0800][76394402ms] GC(22617) Humongous regions: 5->5
[2023-11-10T11:46:30.770-0800][76394402ms] GC(22617) Metaspace: 304918K->304918K(1349632K)
[2023-11-10T11:46:30.770-0800][76394402ms] GC(22617) Pause Young (Normal) (G1 Evacuation Pause) 3235M->2853M(3602M) 5.452ms
[2023-11-10T11:46:30.770-0800][76394402ms] GC(22617) User=0.00s Sys=0.00s Real=0.00s
[2023-11-10T11:46:31.225-0800][76394857ms] GC(22618) Pause Young (Normal) (G1 Evacuation Pause)
[2023-11-10T11:46:31.225-0800][76394857ms] GC(22618) Using 10 workers of 10 for evacuation
[2023-11-10T11:46:31.229-0800][76394861ms] GC(22618)   Pre Evacuate Collection Set: 0.0ms
[2023-11-10T11:46:31.229-0800][76394861ms] GC(22618)   Evacuate Collection Set: 1.7ms
[2023-11-10T11:46:31.229-0800][76394861ms] GC(22618)   Post Evacuate Collection Set: 3.6ms
[2023-11-10T11:46:31.230-0800][76394862ms] GC(22618)   Other: 0.3ms
[2023-11-10T11:46:31.230-0800][76394862ms] GC(22618) Eden regions: 191->0(191)
[2023-11-10T11:46:31.230-0800][76394862ms] GC(22618) Survivor regions: 1->1(24)
[2023-11-10T11:46:31.230-0800][76394862ms] GC(22618) Old regions: 1422->1422
[2023-11-10T11:46:31.230-0800][76394862ms] GC(22618) Humongous regions: 5->5
[2023-11-10T11:46:31.230-0800][76394862ms] GC(22618) Metaspace: 304918K->304918K(1349632K)
[2023-11-10T11:46:31.230-0800][76394862ms] GC(22618) Pause Young (Normal) (G1 Evacuation Pause) 3235M->2853M(3602M) 5.733ms
[2023-11-10T11:46:31.230-0800][76394862ms] GC(22618) User=0.13s Sys=0.00s Real=0.01s
[2023-11-10T11:46:31.696-0800][76395328ms] GC(22619) Pause Young (Normal) (G1 Evacuation Pause)
[2023-11-10T11:46:31.696-0800][76395328ms] GC(22619) Using 10 workers of 10 for evacuation
[2023-11-10T11:46:31.702-0800][76395334ms] GC(22619)   Pre Evacuate Collection Set: 0.0ms
[2023-11-10T11:46:31.702-0800][76395334ms] GC(22619)   Evacuate Collection Set: 1.7ms
[2023-11-10T11:46:31.702-0800][76395334ms] GC(22619)   Post Evacuate Collection Set: 3.2ms
[2023-11-10T11:46:31.702-0800][76395334ms] GC(22619)   Other: 0.3ms
[2023-11-10T11:46:31.702-0800][76395334ms] GC(22619) Eden regions: 191->0(191)
[2023-11-10T11:46:31.702-0800][76395334ms] GC(22619) Survivor regions: 1->1(24)
[2023-11-10T11:46:31.702-0800][76395334ms] GC(22619) Old regions: 1422->1422
[2023-11-10T11:46:31.702-0800][76395334ms] GC(22619) Humongous regions: 5->5
[2023-11-10T11:46:31.702-0800][76395334ms] GC(22619) Metaspace: 304918K->304918K(1349632K)
[2023-11-10T11:46:31.702-0800][76395334ms] GC(22619) Pause Young (Normal) (G1 Evacuation Pause) 3235M->2853M(3602M) 5.387ms
[2023-11-10T11:46:31.702-0800][76395334ms] GC(22619) User=0.00s Sys=0.00s Real=0.01s
[2023-11-10T11:46:32.186-0800][76395818ms] GC(22620) Pause Young (Normal) (G1 Evacuation Pause)
[2023-11-10T11:46:32.186-0800][76395818ms] GC(22620) Using 10 workers of 10 for evacuation
[2023-11-10T11:46:32.191-0800][76395823ms] GC(22620)   Pre Evacuate Collection Set: 0.0ms
[2023-11-10T11:46:32.191-0800][76395823ms] GC(22620)   Evacuate Collection Set: 1.6ms
[2023-11-10T11:46:32.191-0800][76395823ms] GC(22620)   Post Evacuate Collection Set: 3.1ms
[2023-11-10T11:46:32.191-0800][76395823ms] GC(22620)   Other: 0.3ms
[2023-11-10T11:46:32.191-0800][76395823ms] GC(22620) Eden regions: 191->0(191)
[2023-11-10T11:46:32.191-0800][76395823ms] GC(22620) Survivor regions: 1->1(24)
[2023-11-10T11:46:32.191-0800][76395823ms] GC(22620) Old regions: 1422->1422
[2023-11-10T11:46:32.191-0800][76395823ms] GC(22620) Humongous regions: 5->5
[2023-11-10T11:46:32.191-0800][76395823ms] GC(22620) Metaspace: 304918K->304918K(1349632K)
[2023-11-10T11:46:32.191-0800][76395823ms] GC(22620) Pause Young (Normal) (G1 Evacuation Pause) 3235M->2853M(3602M) 5.184ms
[2023-11-10T11:46:32.191-0800][76395823ms] GC(22620) User=0.00s Sys=0.00s Real=0.00s
[2023-11-10T11:46:32.591-0800][76396223ms] GC(22621) Pause Young (Normal) (G1 Evacuation Pause)
[2023-11-10T11:46:32.591-0800][76396223ms] GC(22621) Using 10 workers of 10 for evacuation
[2023-11-10T11:46:32.598-0800][76396230ms] GC(22621)   Pre Evacuate Collection Set: 0.1ms
[2023-11-10T11:46:32.598-0800][76396230ms] GC(22621)   Evacuate Collection Set: 2.3ms
[2023-11-10T11:46:32.598-0800][76396230ms] GC(22621)   Post Evacuate Collection Set: 3.9ms
[2023-11-10T11:46:32.598-0800][76396230ms] GC(22621)   Other: 0.4ms
[2023-11-10T11:46:32.598-0800][76396230ms] GC(22621) Eden regions: 191->0(191)
[2023-11-10T11:46:32.598-0800][76396230ms] GC(22621) Survivor regions: 1->1(24)
[2023-11-10T11:46:32.598-0800][76396230ms] GC(22621) Old regions: 1422->1422
[2023-11-10T11:46:32.598-0800][76396230ms] GC(22621) Humongous regions: 5->5
[2023-11-10T11:46:32.598-0800][76396230ms] GC(22621) Metaspace: 304918K->304918K(1349632K)
[2023-11-10T11:46:32.598-0800][76396230ms] GC(22621) Pause Young (Normal) (G1 Evacuation Pause) 3235M->2854M(3602M) 6.686ms
[2023-11-10T11:46:32.598-0800][76396230ms] GC(22621) User=0.00s Sys=0.00s Real=0.01s
[2023-11-10T11:46:33.110-0800][76396742ms] GC(22622) Pause Young (Normal) (G1 Evacuation Pause)
[2023-11-10T11:46:33.110-0800][76396742ms] GC(22622) Using 10 workers of 10 for evacuation
[2023-11-10T11:46:33.115-0800][76396747ms] GC(22622)   Pre Evacuate Collection Set: 0.0ms
[2023-11-10T11:46:33.115-0800][76396747ms] GC(22622)   Evacuate Collection Set: 1.7ms
[2023-11-10T11:46:33.115-0800][76396747ms] GC(22622)   Post Evacuate Collection Set: 3.9ms
[2023-11-10T11:46:33.115-0800][76396747ms] GC(22622)   Other: 0.3ms
[2023-11-10T11:46:33.115-0800][76396747ms] GC(22622) Eden regions: 191->0(191)
[2023-11-10T11:46:33.115-0800][76396747ms] GC(22622) Survivor regions: 1->1(24)
[2023-11-10T11:46:33.115-0800][76396747ms] GC(22622) Old regions: 1422->1422
[2023-11-10T11:46:33.115-0800][76396747ms] GC(22622) Humongous regions: 5->5
[2023-11-10T11:46:33.115-0800][76396747ms] GC(22622) Metaspace: 304918K->304918K(1349632K)
[2023-11-10T11:46:33.115-0800][76396747ms] GC(22622) Pause Young (Normal) (G1 Evacuation Pause) 3236M->2853M(3602M) 5.985ms
[2023-11-10T11:46:33.115-0800][76396747ms] GC(22622) User=0.00s Sys=0.00s Real=0.01s
[2023-11-10T11:46:33.597-0800][76397229ms] GC(22623) Pause Young (Normal) (G1 Evacuation Pause)
[2023-11-10T11:46:33.597-0800][76397229ms] GC(22623) Using 10 workers of 10 for evacuation
[2023-11-10T11:46:33.603-0800][76397235ms] GC(22623)   Pre Evacuate Collection Set: 0.1ms
[2023-11-10T11:46:33.603-0800][76397235ms] GC(22623)   Evacuate Collection Set: 1.7ms
[2023-11-10T11:46:33.603-0800][76397235ms] GC(22623)   Post Evacuate Collection Set: 3.2ms
[2023-11-10T11:46:33.603-0800][76397235ms] GC(22623)   Other: 0.3ms
[2023-11-10T11:46:33.603-0800][76397235ms] GC(22623) Eden regions: 191->0(191)
[2023-11-10T11:46:33.603-0800][76397235ms] GC(22623) Survivor regions: 1->1(24)
[2023-11-10T11:46:33.603-0800][76397235ms] GC(22623) Old regions: 1422->1422
[2023-11-10T11:46:33.603-0800][76397235ms] GC(22623) Humongous regions: 5->5
[2023-11-10T11:46:33.603-0800][76397235ms] GC(22623) Metaspace: 304918K->304918K(1349632K)
[2023-11-10T11:46:33.603-0800][76397235ms] GC(22623) Pause Young (Normal) (G1 Evacuation Pause) 3235M->2853M(3602M) 5.490ms
[2023-11-10T11:46:33.603-0800][76397235ms] GC(22623) User=0.00s Sys=0.00s Real=0.01s
[2023-11-10T11:46:34.090-0800][76397722ms] GC(22624) Pause Young (Normal) (G1 Evacuation Pause)
[2023-11-10T11:46:34.090-0800][76397722ms] GC(22624) Using 10 workers of 10 for evacuation
[2023-11-10T11:46:34.097-0800][76397729ms] GC(22624)   Pre Evacuate Collection Set: 0.0ms
[2023-11-10T11:46:34.097-0800][76397729ms] GC(22624)   Evacuate Collection Set: 2.7ms
[2023-11-10T11:46:34.097-0800][76397729ms] GC(22624)   Post Evacuate Collection Set: 4.0ms
[2023-11-10T11:46:34.097-0800][76397729ms] GC(22624)   Other: 0.3ms
[2023-11-10T11:46:34.097-0800][76397729ms] GC(22624) Eden regions: 191->0(191)
[2023-11-10T11:46:34.097-0800][76397729ms] GC(22624) Survivor regions: 1->1(24)
[2023-11-10T11:46:34.097-0800][76397729ms] GC(22624) Old regions: 1422->1422
[2023-11-10T11:46:34.097-0800][76397729ms] GC(22624) Humongous regions: 5->5
[2023-11-10T11:46:34.097-0800][76397729ms] GC(22624) Metaspace: 304918K->304918K(1349632K)
[2023-11-10T11:46:34.097-0800][76397729ms] GC(22624) Pause Young (Normal) (G1 Evacuation Pause) 3235M->2853M(3602M) 7.038ms
[2023-11-10T11:46:34.098-0800][76397730ms] GC(22624) User=0.00s Sys=0.00s Real=0.01s
[2023-11-10T11:46:34.540-0800][76398172ms] GC(22625) Pause Young (Normal) (G1 Evacuation Pause)
[2023-11-10T11:46:34.540-0800][76398172ms] GC(22625) Using 10 workers of 10 for evacuation
[2023-11-10T11:46:34.546-0800][76398178ms] GC(22625)   Pre Evacuate Collection Set: 0.1ms
[2023-11-10T11:46:34.546-0800][76398178ms] GC(22625)   Evacuate Collection Set: 2.1ms
[2023-11-10T11:46:34.546-0800][76398178ms] GC(22625)   Post Evacuate Collection Set: 3.4ms
[2023-11-10T11:46:34.546-0800][76398178ms] GC(22625)   Other: 0.5ms
[2023-11-10T11:46:34.546-0800][76398178ms] GC(22625) Eden regions: 191->0(191)
[2023-11-10T11:46:34.546-0800][76398178ms] GC(22625) Survivor regions: 1->1(24)
[2023-11-10T11:46:34.546-0800][76398178ms] GC(22625) Old regions: 1422->1422
[2023-11-10T11:46:34.546-0800][76398178ms] GC(22625) Humongous regions: 5->5
[2023-11-10T11:46:34.546-0800][76398178ms] GC(22625) Metaspace: 304918K->304918K(1349632K)
[2023-11-10T11:46:34.546-0800][76398178ms] GC(22625) Pause Young (Normal) (G1 Evacuation Pause) 3235M->2853M(3602M) 6.065ms
[2023-11-10T11:46:34.546-0800][76398178ms] GC(22625) User=0.00s Sys=0.00s Real=0.01s
[2023-11-10T11:46:34.994-0800][76398626ms] GC(22626) Pause Young (Normal) (G1 Evacuation Pause)
[2023-11-10T11:46:34.995-0800][76398627ms] GC(22626) Using 10 workers of 10 for evacuation
[2023-11-10T11:46:34.999-0800][76398631ms] GC(22626)   Pre Evacuate Collection Set: 0.0ms
[2023-11-10T11:46:34.999-0800][76398631ms] GC(22626)   Evacuate Collection Set: 1.6ms
[2023-11-10T11:46:34.999-0800][76398631ms] GC(22626)   Post Evacuate Collection Set: 3.1ms
[2023-11-10T11:46:34.999-0800][76398631ms] GC(22626)   Other: 0.3ms
[2023-11-10T11:46:34.999-0800][76398631ms] GC(22626) Eden regions: 191->0(191)
[2023-11-10T11:46:34.999-0800][76398631ms] GC(22626) Survivor regions: 1->1(24)
[2023-11-10T11:46:34.999-0800][76398631ms] GC(22626) Old regions: 1422->1422
[2023-11-10T11:46:34.999-0800][76398631ms] GC(22626) Humongous regions: 5->5
[2023-11-10T11:46:34.999-0800][76398631ms] GC(22626) Metaspace: 304918K->304918K(1349632K)
[2023-11-10T11:46:34.999-0800][76398631ms] GC(22626) Pause Young (Normal) (G1 Evacuation Pause) 3235M->2853M(3602M) 5.102ms
[2023-11-10T11:46:35.000-0800][76398632ms] GC(22626) User=0.00s Sys=0.00s Real=0.01s
[2023-11-10T11:46:35.473-0800][76399105ms] GC(22627) Pause Young (Normal) (G1 Evacuation Pause)
[2023-11-10T11:46:35.473-0800][76399105ms] GC(22627) Using 10 workers of 10 for evacuation
[2023-11-10T11:46:35.478-0800][76399110ms] GC(22627)   Pre Evacuate Collection Set: 0.0ms
[2023-11-10T11:46:35.478-0800][76399110ms] GC(22627)   Evacuate Collection Set: 1.7ms
[2023-11-10T11:46:35.478-0800][76399110ms] GC(22627)   Post Evacuate Collection Set: 3.3ms
[2023-11-10T11:46:35.478-0800][76399110ms] GC(22627)   Other: 0.3ms
[2023-11-10T11:46:35.478-0800][76399110ms] GC(22627) Eden regions: 191->0(191)
[2023-11-10T11:46:35.478-0800][76399110ms] GC(22627) Survivor regions: 1->1(24)
[2023-11-10T11:46:35.478-0800][76399110ms] GC(22627) Old regions: 1422->1422
[2023-11-10T11:46:35.478-0800][76399110ms] GC(22627) Humongous regions: 5->5
[2023-11-10T11:46:35.478-0800][76399110ms] GC(22627) Metaspace: 304918K->304918K(1349632K)
[2023-11-10T11:46:35.478-0800][76399110ms] GC(22627) Pause Young (Normal) (G1 Evacuation Pause) 3235M->2853M(3602M) 5.541ms
[2023-11-10T11:46:35.478-0800][76399110ms] GC(22627) User=0.00s Sys=0.00s Real=0.00s
[2023-11-10T11:46:35.930-0800][76399562ms] GC(22628) Pause Young (Normal) (G1 Evacuation Pause)
[2023-11-10T11:46:35.930-0800][76399562ms] GC(22628) Using 10 workers of 10 for evacuation
[2023-11-10T11:46:35.936-0800][76399568ms] GC(22628)   Pre Evacuate Collection Set: 0.1ms
[2023-11-10T11:46:35.936-0800][76399568ms] GC(22628)   Evacuate Collection Set: 2.1ms
[2023-11-10T11:46:35.936-0800][76399568ms] GC(22628)   Post Evacuate Collection Set: 3.1ms
[2023-11-10T11:46:35.936-0800][76399568ms] GC(22628)   Other: 0.3ms
[2023-11-10T11:46:35.936-0800][76399568ms] GC(22628) Eden regions: 191->0(191)
[2023-11-10T11:46:35.936-0800][76399568ms] GC(22628) Survivor regions: 1->1(24)
[2023-11-10T11:46:35.936-0800][76399568ms] GC(22628) Old regions: 1422->1422
[2023-11-10T11:46:35.936-0800][76399568ms] GC(22628) Humongous regions: 5->5
[2023-11-10T11:46:35.936-0800][76399568ms] GC(22628) Metaspace: 304918K->304918K(1349632K)
[2023-11-10T11:46:35.936-0800][76399568ms] GC(22628) Pause Young (Normal) (G1 Evacuation Pause) 3235M->2853M(3602M) 5.636ms
[2023-11-10T11:46:35.936-0800][76399568ms] GC(22628) User=0.00s Sys=0.00s Real=0.01s
[2023-11-10T11:46:36.439-0800][76400071ms] GC(22629) Pause Young (Normal) (G1 Evacuation Pause)
[2023-11-10T11:46:36.439-0800][76400071ms] GC(22629) Using 10 workers of 10 for evacuation
[2023-11-10T11:46:36.446-0800][76400078ms] GC(22629)   Pre Evacuate Collection Set: 0.1ms
[2023-11-10T11:46:36.446-0800][76400078ms] GC(22629)   Evacuate Collection Set: 3.0ms
[2023-11-10T11:46:36.446-0800][76400078ms] GC(22629)   Post Evacuate Collection Set: 4.2ms
[2023-11-10T11:46:36.446-0800][76400078ms] GC(22629)   Other: 0.4ms
[2023-11-10T11:46:36.446-0800][76400078ms] GC(22629) Eden regions: 191->0(191)
[2023-11-10T11:46:36.446-0800][76400078ms] GC(22629) Survivor regions: 1->1(24)
[2023-11-10T11:46:36.446-0800][76400078ms] GC(22629) Old regions: 1422->1422
[2023-11-10T11:46:36.446-0800][76400078ms] GC(22629) Humongous regions: 5->5
[2023-11-10T11:46:36.446-0800][76400078ms] GC(22629) Metaspace: 304918K->304918K(1349632K)
[2023-11-10T11:46:36.446-0800][76400078ms] GC(22629) Pause Young (Normal) (G1 Evacuation Pause) 3235M->2853M(3602M) 7.704ms
[2023-11-10T11:46:36.446-0800][76400078ms] GC(22629) User=0.00s Sys=0.00s Real=0.01s
[2023-11-10T11:46:36.926-0800][76400558ms] GC(22630) Pause Young (Normal) (G1 Evacuation Pause)
[2023-11-10T11:46:36.926-0800][76400558ms] GC(22630) Using 10 workers of 10 for evacuation
[2023-11-10T11:46:36.931-0800][76400563ms] GC(22630)   Pre Evacuate Collection Set: 0.0ms
[2023-11-10T11:46:36.931-0800][76400563ms] GC(22630)   Evacuate Collection Set: 1.7ms
[2023-11-10T11:46:36.931-0800][76400563ms] GC(22630)   Post Evacuate Collection Set: 4.2ms
[2023-11-10T11:46:36.931-0800][76400563ms] GC(22630)   Other: 0.3ms
[2023-11-10T11:46:36.931-0800][76400563ms] GC(22630) Eden regions: 191->0(191)
[2023-11-10T11:46:36.931-0800][76400563ms] GC(22630) Survivor regions: 1->1(24)
[2023-11-10T11:46:36.931-0800][76400563ms] GC(22630) Old regions: 1422->1422
[2023-11-10T11:46:36.931-0800][76400563ms] GC(22630) Humongous regions: 5->5
[2023-11-10T11:46:36.931-0800][76400563ms] GC(22630) Metaspace: 304918K->304918K(1349632K)
[2023-11-10T11:46:36.931-0800][76400563ms] GC(22630) Pause Young (Normal) (G1 Evacuation Pause) 3235M->2854M(3602M) 6.387ms
[2023-11-10T11:46:36.931-0800][76400563ms] GC(22630) User=0.00s Sys=0.00s Real=0.00s
[2023-11-10T11:46:37.490-0800][76401122ms] GC(22631) Pause Young (Normal) (G1 Evacuation Pause)
[2023-11-10T11:46:37.490-0800][76401122ms] GC(22631) Using 10 workers of 10 for evacuation
[2023-11-10T11:46:37.495-0800][76401127ms] GC(22631)   Pre Evacuate Collection Set: 0.0ms
[2023-11-10T11:46:37.495-0800][76401127ms] GC(22631)   Evacuate Collection Set: 2.2ms
[2023-11-10T11:46:37.495-0800][76401127ms] GC(22631)   Post Evacuate Collection Set: 3.3ms
[2023-11-10T11:46:37.495-0800][76401127ms] GC(22631)   Other: 0.3ms
[2023-11-10T11:46:37.495-0800][76401127ms] GC(22631) Eden regions: 191->0(191)
[2023-11-10T11:46:37.495-0800][76401127ms] GC(22631) Survivor regions: 1->1(24)
[2023-11-10T11:46:37.495-0800][76401127ms] GC(22631) Old regions: 1422->1422
[2023-11-10T11:46:37.495-0800][76401127ms] GC(22631) Humongous regions: 5->5
[2023-11-10T11:46:37.495-0800][76401127ms] GC(22631) Metaspace: 304918K->304918K(1349632K)
[2023-11-10T11:46:37.496-0800][76401128ms] GC(22631) Pause Young (Normal) (G1 Evacuation Pause) 3236M->2854M(3602M) 5.930ms
[2023-11-10T11:46:37.496-0800][76401128ms] GC(22631) User=0.02s Sys=0.00s Real=0.01s
[2023-11-10T11:46:38.002-0800][76401634ms] GC(22632) Pause Young (Normal) (G1 Evacuation Pause)
[2023-11-10T11:46:38.002-0800][76401634ms] GC(22632) Using 10 workers of 10 for evacuation
[2023-11-10T11:46:38.007-0800][76401639ms] GC(22632)   Pre Evacuate Collection Set: 0.0ms
[2023-11-10T11:46:38.007-0800][76401639ms] GC(22632)   Evacuate Collection Set: 1.6ms
[2023-11-10T11:46:38.007-0800][76401639ms] GC(22632)   Post Evacuate Collection Set: 3.1ms
[2023-11-10T11:46:38.007-0800][76401639ms] GC(22632)   Other: 0.2ms
[2023-11-10T11:46:38.007-0800][76401639ms] GC(22632) Eden regions: 191->0(191)
[2023-11-10T11:46:38.007-0800][76401639ms] GC(22632) Survivor regions: 1->1(24)
[2023-11-10T11:46:38.007-0800][76401639ms] GC(22632) Old regions: 1422->1422
[2023-11-10T11:46:38.007-0800][76401639ms] GC(22632) Humongous regions: 5->5
[2023-11-10T11:46:38.007-0800][76401639ms] GC(22632) Metaspace: 304918K->304918K(1349632K)
[2023-11-10T11:46:38.007-0800][76401639ms] GC(22632) Pause Young (Normal) (G1 Evacuation Pause) 3236M->2854M(3602M) 5.034ms
[2023-11-10T11:46:38.007-0800][76401639ms] GC(22632) User=0.00s Sys=0.00s Real=0.00s
[2023-11-10T11:46:38.430-0800][76402062ms] GC(22633) Pause Young (Normal) (G1 Evacuation Pause)
[2023-11-10T11:46:38.430-0800][76402062ms] GC(22633) Using 10 workers of 10 for evacuation
[2023-11-10T11:46:38.435-0800][76402067ms] GC(22633)   Pre Evacuate Collection Set: 0.0ms
[2023-11-10T11:46:38.435-0800][76402067ms] GC(22633)   Evacuate Collection Set: 1.7ms
[2023-11-10T11:46:38.435-0800][76402067ms] GC(22633)   Post Evacuate Collection Set: 2.9ms
[2023-11-10T11:46:38.435-0800][76402067ms] GC(22633)   Other: 0.3ms
[2023-11-10T11:46:38.435-0800][76402067ms] GC(22633) Eden regions: 191->0(191)
[2023-11-10T11:46:38.435-0800][76402067ms] GC(22633) Survivor regions: 1->1(24)
[2023-11-10T11:46:38.435-0800][76402067ms] GC(22633) Old regions: 1422->1422
[2023-11-10T11:46:38.435-0800][76402067ms] GC(22633) Humongous regions: 5->5
[2023-11-10T11:46:38.435-0800][76402067ms] GC(22633) Metaspace: 304918K->304918K(1349632K)
[2023-11-10T11:46:38.435-0800][76402067ms] GC(22633) Pause Young (Normal) (G1 Evacuation Pause) 3236M->2854M(3602M) 4.915ms
[2023-11-10T11:46:38.435-0800][76402067ms] GC(22633) User=0.00s Sys=0.00s Real=0.00s
[2023-11-10T11:46:38.844-0800][76402476ms] GC(22634) Pause Young (Normal) (G1 Evacuation Pause)
[2023-11-10T11:46:38.844-0800][76402476ms] GC(22634) Using 10 workers of 10 for evacuation
[2023-11-10T11:46:38.850-0800][76402482ms] GC(22634)   Pre Evacuate Collection Set: 0.1ms
[2023-11-10T11:46:38.850-0800][76402482ms] GC(22634)   Evacuate Collection Set: 1.9ms
[2023-11-10T11:46:38.850-0800][76402482ms] GC(22634)   Post Evacuate Collection Set: 4.4ms
[2023-11-10T11:46:38.850-0800][76402482ms] GC(22634)   Other: 0.4ms
[2023-11-10T11:46:38.850-0800][76402482ms] GC(22634) Eden regions: 191->0(191)
[2023-11-10T11:46:38.850-0800][76402482ms] GC(22634) Survivor regions: 1->1(24)
[2023-11-10T11:46:38.850-0800][76402482ms] GC(22634) Old regions: 1422->1422
[2023-11-10T11:46:38.850-0800][76402482ms] GC(22634) Humongous regions: 5->5
[2023-11-10T11:46:38.850-0800][76402482ms] GC(22634) Metaspace: 304918K->304918K(1349632K)
[2023-11-10T11:46:38.850-0800][76402482ms] GC(22634) Pause Young (Normal) (G1 Evacuation Pause) 3236M->2854M(3602M) 6.948ms
[2023-11-10T11:46:38.850-0800][76402482ms] GC(22634) User=0.00s Sys=0.00s Real=0.01s
[2023-11-10T11:46:39.301-0800][76402933ms] GC(22635) Pause Young (Normal) (G1 Evacuation Pause)
[2023-11-10T11:46:39.301-0800][76402933ms] GC(22635) Using 10 workers of 10 for evacuation
[2023-11-10T11:46:39.308-0800][76402940ms] GC(22635)   Pre Evacuate Collection Set: 0.1ms
[2023-11-10T11:46:39.308-0800][76402940ms] GC(22635)   Evacuate Collection Set: 1.8ms
[2023-11-10T11:46:39.308-0800][76402940ms] GC(22635)   Post Evacuate Collection Set: 3.2ms
[2023-11-10T11:46:39.308-0800][76402940ms] GC(22635)   Other: 0.3ms
[2023-11-10T11:46:39.308-0800][76402940ms] GC(22635) Eden regions: 191->0(191)
[2023-11-10T11:46:39.308-0800][76402940ms] GC(22635) Survivor regions: 1->1(24)
[2023-11-10T11:46:39.308-0800][76402940ms] GC(22635) Old regions: 1422->1422
[2023-11-10T11:46:39.308-0800][76402940ms] GC(22635) Humongous regions: 5->5
[2023-11-10T11:46:39.308-0800][76402940ms] GC(22635) Metaspace: 304918K->304918K(1349632K)
[2023-11-10T11:46:39.308-0800][76402940ms] GC(22635) Pause Young (Normal) (G1 Evacuation Pause) 3236M->2854M(3602M) 5.483ms
[2023-11-10T11:46:39.308-0800][76402940ms] GC(22635) User=0.14s Sys=0.00s Real=0.01s
[2023-11-10T11:46:39.818-0800][76403450ms] GC(22636) Pause Young (Normal) (G1 Evacuation Pause)
[2023-11-10T11:46:39.818-0800][76403450ms] GC(22636) Using 10 workers of 10 for evacuation
[2023-11-10T11:46:39.822-0800][76403454ms] GC(22636)   Pre Evacuate Collection Set: 0.0ms
[2023-11-10T11:46:39.822-0800][76403454ms] GC(22636)   Evacuate Collection Set: 1.7ms
[2023-11-10T11:46:39.822-0800][76403454ms] GC(22636)   Post Evacuate Collection Set: 3.2ms
[2023-11-10T11:46:39.823-0800][76403455ms] GC(22636)   Other: 0.2ms
[2023-11-10T11:46:39.823-0800][76403455ms] GC(22636) Eden regions: 191->0(191)
[2023-11-10T11:46:39.823-0800][76403455ms] GC(22636) Survivor regions: 1->1(24)
[2023-11-10T11:46:39.823-0800][76403455ms] GC(22636) Old regions: 1422->1422
[2023-11-10T11:46:39.823-0800][76403455ms] GC(22636) Humongous regions: 5->5
[2023-11-10T11:46:39.823-0800][76403455ms] GC(22636) Metaspace: 304918K->304918K(1349632K)
[2023-11-10T11:46:39.823-0800][76403455ms] GC(22636) Pause Young (Normal) (G1 Evacuation Pause) 3236M->2854M(3602M) 5.281ms
[2023-11-10T11:46:39.823-0800][76403455ms] GC(22636) User=0.00s Sys=0.00s Real=0.00s
[2023-11-10T11:46:40.276-0800][76403908ms] GC(22637) Pause Young (Normal) (G1 Evacuation Pause)
[2023-11-10T11:46:40.276-0800][76403908ms] GC(22637) Using 10 workers of 10 for evacuation
[2023-11-10T11:46:40.281-0800][76403913ms] GC(22637)   Pre Evacuate Collection Set: 0.1ms
[2023-11-10T11:46:40.281-0800][76403913ms] GC(22637)   Evacuate Collection Set: 1.9ms
[2023-11-10T11:46:40.281-0800][76403913ms] GC(22637)   Post Evacuate Collection Set: 3.3ms
[2023-11-10T11:46:40.281-0800][76403914ms] GC(22637)   Other: 0.3ms
[2023-11-10T11:46:40.282-0800][76403914ms] GC(22637) Eden regions: 191->0(191)
[2023-11-10T11:46:40.282-0800][76403914ms] GC(22637) Survivor regions: 1->1(24)
[2023-11-10T11:46:40.282-0800][76403914ms] GC(22637) Old regions: 1422->1422
[2023-11-10T11:46:40.282-0800][76403914ms] GC(22637) Humongous regions: 5->5
[2023-11-10T11:46:40.282-0800][76403914ms] GC(22637) Metaspace: 304918K->304918K(1349632K)
[2023-11-10T11:46:40.282-0800][76403914ms] GC(22637) Pause Young (Normal) (G1 Evacuation Pause) 3236M->2854M(3602M) 5.587ms
[2023-11-10T11:46:40.282-0800][76403914ms] GC(22637) User=0.00s Sys=0.00s Real=0.01s
[2023-11-10T11:46:40.779-0800][76404412ms] GC(22638) Pause Young (Normal) (G1 Evacuation Pause)
[2023-11-10T11:46:40.780-0800][76404412ms] GC(22638) Using 10 workers of 10 for evacuation
[2023-11-10T11:46:40.785-0800][76404417ms] GC(22638)   Pre Evacuate Collection Set: 0.1ms
[2023-11-10T11:46:40.785-0800][76404417ms] GC(22638)   Evacuate Collection Set: 1.7ms
[2023-11-10T11:46:40.785-0800][76404417ms] GC(22638)   Post Evacuate Collection Set: 3.7ms
[2023-11-10T11:46:40.785-0800][76404417ms] GC(22638)   Other: 0.4ms
[2023-11-10T11:46:40.785-0800][76404417ms] GC(22638) Eden regions: 191->0(191)
[2023-11-10T11:46:40.785-0800][76404417ms] GC(22638) Survivor regions: 1->1(24)
[2023-11-10T11:46:40.785-0800][76404417ms] GC(22638) Old regions: 1422->1422
[2023-11-10T11:46:40.785-0800][76404417ms] GC(22638) Humongous regions: 5->5
[2023-11-10T11:46:40.785-0800][76404417ms] GC(22638) Metaspace: 304918K->304918K(1349632K)
[2023-11-10T11:46:40.785-0800][76404417ms] GC(22638) Pause Young (Normal) (G1 Evacuation Pause) 3236M->2854M(3602M) 5.918ms
[2023-11-10T11:46:40.785-0800][76404417ms] GC(22638) User=0.00s Sys=0.00s Real=0.01s
[2023-11-10T11:46:41.277-0800][76404909ms] GC(22639) Pause Young (Normal) (G1 Evacuation Pause)
[2023-11-10T11:46:41.277-0800][76404909ms] GC(22639) Using 10 workers of 10 for evacuation
[2023-11-10T11:46:41.284-0800][76404916ms] GC(22639)   Pre Evacuate Collection Set: 0.1ms
[2023-11-10T11:46:41.284-0800][76404916ms] GC(22639)   Evacuate Collection Set: 2.1ms
[2023-11-10T11:46:41.284-0800][76404916ms] GC(22639)   Post Evacuate Collection Set: 4.5ms
[2023-11-10T11:46:41.284-0800][76404916ms] GC(22639)   Other: 0.5ms
[2023-11-10T11:46:41.284-0800][76404916ms] GC(22639) Eden regions: 191->0(191)
[2023-11-10T11:46:41.284-0800][76404916ms] GC(22639) Survivor regions: 1->1(24)
[2023-11-10T11:46:41.284-0800][76404916ms] GC(22639) Old regions: 1422->1422
[2023-11-10T11:46:41.284-0800][76404916ms] GC(22639) Humongous regions: 5->5
[2023-11-10T11:46:41.284-0800][76404916ms] GC(22639) Metaspace: 304918K->304918K(1349632K)
[2023-11-10T11:46:41.284-0800][76404916ms] GC(22639) Pause Young (Normal) (G1 Evacuation Pause) 3236M->2854M(3602M) 7.326ms
[2023-11-10T11:46:41.284-0800][76404916ms] GC(22639) User=0.00s Sys=0.00s Real=0.01s
[2023-11-10T11:46:41.757-0800][76405389ms] GC(22640) Pause Young (Normal) (G1 Evacuation Pause)
[2023-11-10T11:46:41.757-0800][76405389ms] GC(22640) Using 10 workers of 10 for evacuation
[2023-11-10T11:46:41.764-0800][76405396ms] GC(22640)   Pre Evacuate Collection Set: 0.1ms
[2023-11-10T11:46:41.764-0800][76405396ms] GC(22640)   Evacuate Collection Set: 1.7ms
[2023-11-10T11:46:41.764-0800][76405396ms] GC(22640)   Post Evacuate Collection Set: 4.4ms
[2023-11-10T11:46:41.764-0800][76405396ms] GC(22640)   Other: 0.3ms
[2023-11-10T11:46:41.764-0800][76405396ms] GC(22640) Eden regions: 191->0(191)
[2023-11-10T11:46:41.764-0800][76405396ms] GC(22640) Survivor regions: 1->1(24)
[2023-11-10T11:46:41.764-0800][76405396ms] GC(22640) Old regions: 1422->1422
[2023-11-10T11:46:41.764-0800][76405396ms] GC(22640) Humongous regions: 5->5
[2023-11-10T11:46:41.764-0800][76405396ms] GC(22640) Metaspace: 304918K->304918K(1349632K)
[2023-11-10T11:46:41.764-0800][76405396ms] GC(22640) Pause Young (Normal) (G1 Evacuation Pause) 3236M->2854M(3602M) 6.587ms
[2023-11-10T11:46:41.764-0800][76405396ms] GC(22640) User=0.00s Sys=0.00s Real=0.01s
[2023-11-10T11:46:42.233-0800][76405865ms] GC(22641) Pause Young (Normal) (G1 Evacuation Pause)
[2023-11-10T11:46:42.233-0800][76405865ms] GC(22641) Using 10 workers of 10 for evacuation
[2023-11-10T11:46:42.239-0800][76405871ms] GC(22641)   Pre Evacuate Collection Set: 0.0ms
[2023-11-10T11:46:42.239-0800][76405871ms] GC(22641)   Evacuate Collection Set: 1.8ms
[2023-11-10T11:46:42.239-0800][76405871ms] GC(22641)   Post Evacuate Collection Set: 3.4ms
[2023-11-10T11:46:42.239-0800][76405871ms] GC(22641)   Other: 0.2ms
[2023-11-10T11:46:42.239-0800][76405871ms] GC(22641) Eden regions: 191->0(191)
[2023-11-10T11:46:42.239-0800][76405871ms] GC(22641) Survivor regions: 1->1(24)
[2023-11-10T11:46:42.239-0800][76405871ms] GC(22641) Old regions: 1422->1422
[2023-11-10T11:46:42.239-0800][76405871ms] GC(22641) Humongous regions: 5->5
[2023-11-10T11:46:42.239-0800][76405871ms] GC(22641) Metaspace: 304918K->304918K(1349632K)
[2023-11-10T11:46:42.239-0800][76405871ms] GC(22641) Pause Young (Normal) (G1 Evacuation Pause) 3236M->2854M(3602M) 5.643ms
[2023-11-10T11:46:42.239-0800][76405871ms] GC(22641) User=0.00s Sys=0.00s Real=0.01s
[2023-11-10T11:46:42.702-0800][76406334ms] GC(22642) Pause Young (Normal) (G1 Evacuation Pause)
[2023-11-10T11:46:42.702-0800][76406334ms] GC(22642) Using 10 workers of 10 for evacuation
[2023-11-10T11:46:42.707-0800][76406339ms] GC(22642)   Pre Evacuate Collection Set: 0.1ms
[2023-11-10T11:46:42.707-0800][76406339ms] GC(22642)   Evacuate Collection Set: 2.2ms
[2023-11-10T11:46:42.707-0800][76406339ms] GC(22642)   Post Evacuate Collection Set: 3.3ms
[2023-11-10T11:46:42.707-0800][76406339ms] GC(22642)   Other: 0.4ms
[2023-11-10T11:46:42.707-0800][76406339ms] GC(22642) Eden regions: 191->0(191)
[2023-11-10T11:46:42.707-0800][76406339ms] GC(22642) Survivor regions: 1->1(24)
[2023-11-10T11:46:42.707-0800][76406339ms] GC(22642) Old regions: 1422->1422
[2023-11-10T11:46:42.707-0800][76406339ms] GC(22642) Humongous regions: 5->5
[2023-11-10T11:46:42.707-0800][76406339ms] GC(22642) Metaspace: 304918K->304918K(1349632K)
[2023-11-10T11:46:42.707-0800][76406339ms] GC(22642) Pause Young (Normal) (G1 Evacuation Pause) 3236M->2854M(3602M) 6.023ms
[2023-11-10T11:46:42.707-0800][76406339ms] GC(22642) User=0.00s Sys=0.00s Real=0.01s
[2023-11-10T11:46:43.300-0800][76406932ms] GC(22643) Pause Young (Normal) (G1 Evacuation Pause)
[2023-11-10T11:46:43.301-0800][76406933ms] GC(22643) Using 10 workers of 10 for evacuation
[2023-11-10T11:46:43.306-0800][76406938ms] GC(22643)   Pre Evacuate Collection Set: 0.0ms
[2023-11-10T11:46:43.306-0800][76406938ms] GC(22643)   Evacuate Collection Set: 1.7ms
[2023-11-10T11:46:43.306-0800][76406938ms] GC(22643)   Post Evacuate Collection Set: 3.2ms
[2023-11-10T11:46:43.306-0800][76406938ms] GC(22643)   Other: 0.3ms
[2023-11-10T11:46:43.306-0800][76406938ms] GC(22643) Eden regions: 191->0(191)
[2023-11-10T11:46:43.306-0800][76406938ms] GC(22643) Survivor regions: 1->1(24)
[2023-11-10T11:46:43.306-0800][76406938ms] GC(22643) Old regions: 1422->1422
[2023-11-10T11:46:43.306-0800][76406938ms] GC(22643) Humongous regions: 5->5
[2023-11-10T11:46:43.306-0800][76406938ms] GC(22643) Metaspace: 304918K->304918K(1349632K)
[2023-11-10T11:46:43.306-0800][76406938ms] GC(22643) Pause Young (Normal) (G1 Evacuation Pause) 3236M->2854M(3602M) 5.275ms
[2023-11-10T11:46:43.306-0800][76406938ms] GC(22643) User=0.00s Sys=0.00s Real=0.01s
[2023-11-10T11:46:43.730-0800][76407362ms] GC(22644) Pause Young (Normal) (G1 Evacuation Pause)
[2023-11-10T11:46:43.730-0800][76407362ms] GC(22644) Using 10 workers of 10 for evacuation
[2023-11-10T11:46:43.738-0800][76407370ms] GC(22644)   Pre Evacuate Collection Set: 0.0ms
[2023-11-10T11:46:43.738-0800][76407370ms] GC(22644)   Evacuate Collection Set: 1.9ms
[2023-11-10T11:46:43.738-0800][76407370ms] GC(22644)   Post Evacuate Collection Set: 4.9ms
[2023-11-10T11:46:43.738-0800][76407370ms] GC(22644)   Other: 0.3ms
[2023-11-10T11:46:43.738-0800][76407370ms] GC(22644) Eden regions: 191->0(191)
[2023-11-10T11:46:43.738-0800][76407370ms] GC(22644) Survivor regions: 1->1(24)
[2023-11-10T11:46:43.738-0800][76407370ms] GC(22644) Old regions: 1422->1422
[2023-11-10T11:46:43.738-0800][76407370ms] GC(22644) Humongous regions: 5->5
[2023-11-10T11:46:43.738-0800][76407370ms] GC(22644) Metaspace: 304918K->304918K(1349632K)
[2023-11-10T11:46:43.738-0800][76407370ms] GC(22644) Pause Young (Normal) (G1 Evacuation Pause) 3236M->2854M(3602M) 7.236ms
[2023-11-10T11:46:43.738-0800][76407370ms] GC(22644) User=0.00s Sys=0.00s Real=0.01s
[2023-11-10T11:46:44.204-0800][76407836ms] GC(22645) Pause Young (Normal) (G1 Evacuation Pause)
[2023-11-10T11:46:44.204-0800][76407836ms] GC(22645) Using 10 workers of 10 for evacuation
[2023-11-10T11:46:44.210-0800][76407842ms] GC(22645)   Pre Evacuate Collection Set: 0.0ms
[2023-11-10T11:46:44.210-0800][76407842ms] GC(22645)   Evacuate Collection Set: 2.1ms
[2023-11-10T11:46:44.210-0800][76407842ms] GC(22645)   Post Evacuate Collection Set: 3.8ms
[2023-11-10T11:46:44.210-0800][76407842ms] GC(22645)   Other: 0.3ms
[2023-11-10T11:46:44.210-0800][76407842ms] GC(22645) Eden regions: 191->0(191)
[2023-11-10T11:46:44.210-0800][76407842ms] GC(22645) Survivor regions: 1->1(24)
[2023-11-10T11:46:44.210-0800][76407842ms] GC(22645) Old regions: 1422->1422
[2023-11-10T11:46:44.210-0800][76407842ms] GC(22645) Humongous regions: 5->5
[2023-11-10T11:46:44.210-0800][76407842ms] GC(22645) Metaspace: 304918K->304918K(1349632K)
[2023-11-10T11:46:44.210-0800][76407842ms] GC(22645) Pause Young (Normal) (G1 Evacuation Pause) 3236M->2854M(3602M) 6.335ms
[2023-11-10T11:46:44.210-0800][76407842ms] GC(22645) User=0.00s Sys=0.00s Real=0.01s
[2023-11-10T11:46:44.722-0800][76408354ms] GC(22646) Pause Young (Normal) (G1 Evacuation Pause)
[2023-11-10T11:46:44.722-0800][76408354ms] GC(22646) Using 10 workers of 10 for evacuation
[2023-11-10T11:46:44.729-0800][76408361ms] GC(22646)   Pre Evacuate Collection Set: 0.0ms
[2023-11-10T11:46:44.729-0800][76408361ms] GC(22646)   Evacuate Collection Set: 2.2ms
[2023-11-10T11:46:44.729-0800][76408361ms] GC(22646)   Post Evacuate Collection Set: 4.0ms
[2023-11-10T11:46:44.729-0800][76408361ms] GC(22646)   Other: 0.3ms
[2023-11-10T11:46:44.729-0800][76408361ms] GC(22646) Eden regions: 191->0(191)
[2023-11-10T11:46:44.729-0800][76408361ms] GC(22646) Survivor regions: 1->1(24)
[2023-11-10T11:46:44.729-0800][76408361ms] GC(22646) Old regions: 1422->1422
[2023-11-10T11:46:44.729-0800][76408361ms] GC(22646) Humongous regions: 5->5
[2023-11-10T11:46:44.729-0800][76408361ms] GC(22646) Metaspace: 304918K->304918K(1349632K)
[2023-11-10T11:46:44.729-0800][76408361ms] GC(22646) Pause Young (Normal) (G1 Evacuation Pause) 3236M->2854M(3602M) 6.659ms
[2023-11-10T11:46:44.729-0800][76408361ms] GC(22646) User=0.00s Sys=0.00s Real=0.01s
[2023-11-10T11:46:45.206-0800][76408838ms] GC(22647) Pause Young (Normal) (G1 Evacuation Pause)
[2023-11-10T11:46:45.206-0800][76408838ms] GC(22647) Using 10 workers of 10 for evacuation
[2023-11-10T11:46:45.211-0800][76408843ms] GC(22647)   Pre Evacuate Collection Set: 0.1ms
[2023-11-10T11:46:45.211-0800][76408843ms] GC(22647)   Evacuate Collection Set: 1.8ms
[2023-11-10T11:46:45.211-0800][76408843ms] GC(22647)   Post Evacuate Collection Set: 3.9ms
[2023-11-10T11:46:45.211-0800][76408843ms] GC(22647)   Other: 0.3ms
[2023-11-10T11:46:45.211-0800][76408843ms] GC(22647) Eden regions: 191->0(191)
[2023-11-10T11:46:45.211-0800][76408843ms] GC(22647) Survivor regions: 1->1(24)
[2023-11-10T11:46:45.211-0800][76408843ms] GC(22647) Old regions: 1422->1422
[2023-11-10T11:46:45.211-0800][76408843ms] GC(22647) Humongous regions: 5->5
[2023-11-10T11:46:45.211-0800][76408843ms] GC(22647) Metaspace: 304918K->304918K(1349632K)
[2023-11-10T11:46:45.211-0800][76408843ms] GC(22647) Pause Young (Normal) (G1 Evacuation Pause) 3236M->2854M(3602M) 6.178ms
[2023-11-10T11:46:45.211-0800][76408843ms] GC(22647) User=0.00s Sys=0.00s Real=0.00s
[2023-11-10T11:46:45.615-0800][76409247ms] GC(22648) Pause Young (Normal) (G1 Evacuation Pause)
[2023-11-10T11:46:45.615-0800][76409247ms] GC(22648) Using 10 workers of 10 for evacuation
[2023-11-10T11:46:45.622-0800][76409254ms] GC(22648)   Pre Evacuate Collection Set: 0.1ms
[2023-11-10T11:46:45.622-0800][76409254ms] GC(22648)   Evacuate Collection Set: 2.7ms
[2023-11-10T11:46:45.622-0800][76409254ms] GC(22648)   Post Evacuate Collection Set: 4.0ms
[2023-11-10T11:46:45.622-0800][76409254ms] GC(22648)   Other: 0.4ms
[2023-11-10T11:46:45.622-0800][76409254ms] GC(22648) Eden regions: 191->0(190)
[2023-11-10T11:46:45.622-0800][76409254ms] GC(22648) Survivor regions: 1->1(24)
[2023-11-10T11:46:45.622-0800][76409254ms] GC(22648) Old regions: 1422->1423
[2023-11-10T11:46:45.622-0800][76409254ms] GC(22648) Humongous regions: 5->5
[2023-11-10T11:46:45.622-0800][76409254ms] GC(22648) Metaspace: 304918K->304918K(1349632K)
[2023-11-10T11:46:45.622-0800][76409254ms] GC(22648) Pause Young (Normal) (G1 Evacuation Pause) 3236M->2854M(3602M) 7.233ms
[2023-11-10T11:46:45.622-0800][76409254ms] GC(22648) User=0.11s Sys=0.02s Real=0.01s
[2023-11-10T11:46:46.043-0800][76409675ms] GC(22649) Pause Young (Normal) (G1 Evacuation Pause)
[2023-11-10T11:46:46.043-0800][76409675ms] GC(22649) Using 10 workers of 10 for evacuation
[2023-11-10T11:46:46.049-0800][76409681ms] GC(22649)   Pre Evacuate Collection Set: 0.1ms
[2023-11-10T11:46:46.049-0800][76409681ms] GC(22649)   Evacuate Collection Set: 2.0ms
[2023-11-10T11:46:46.049-0800][76409681ms] GC(22649)   Post Evacuate Collection Set: 3.1ms
[2023-11-10T11:46:46.049-0800][76409681ms] GC(22649)   Other: 0.3ms
[2023-11-10T11:46:46.049-0800][76409681ms] GC(22649) Eden regions: 190->0(190)
[2023-11-10T11:46:46.049-0800][76409681ms] GC(22649) Survivor regions: 1->1(24)
[2023-11-10T11:46:46.049-0800][76409681ms] GC(22649) Old regions: 1423->1423
[2023-11-10T11:46:46.049-0800][76409681ms] GC(22649) Humongous regions: 5->5
[2023-11-10T11:46:46.049-0800][76409681ms] GC(22649) Metaspace: 304918K->304918K(1349632K)
[2023-11-10T11:46:46.049-0800][76409681ms] GC(22649) Pause Young (Normal) (G1 Evacuation Pause) 3234M->2854M(3602M) 5.563ms
[2023-11-10T11:46:46.049-0800][76409681ms] GC(22649) User=0.00s Sys=0.00s Real=0.01s
[2023-11-10T11:46:46.552-0800][76410184ms] GC(22650) Pause Young (Normal) (G1 Evacuation Pause)
[2023-11-10T11:46:46.552-0800][76410184ms] GC(22650) Using 10 workers of 10 for evacuation
[2023-11-10T11:46:46.559-0800][76410191ms] GC(22650)   Pre Evacuate Collection Set: 0.0ms
[2023-11-10T11:46:46.559-0800][76410191ms] GC(22650)   Evacuate Collection Set: 1.7ms
[2023-11-10T11:46:46.559-0800][76410191ms] GC(22650)   Post Evacuate Collection Set: 4.5ms
[2023-11-10T11:46:46.559-0800][76410191ms] GC(22650)   Other: 0.3ms
[2023-11-10T11:46:46.559-0800][76410191ms] GC(22650) Eden regions: 190->0(190)
[2023-11-10T11:46:46.559-0800][76410191ms] GC(22650) Survivor regions: 1->1(24)
[2023-11-10T11:46:46.559-0800][76410191ms] GC(22650) Old regions: 1423->1423
[2023-11-10T11:46:46.559-0800][76410191ms] GC(22650) Humongous regions: 5->5
[2023-11-10T11:46:46.559-0800][76410191ms] GC(22650) Metaspace: 304918K->304918K(1349632K)
[2023-11-10T11:46:46.559-0800][76410191ms] GC(22650) Pause Young (Normal) (G1 Evacuation Pause) 3234M->2854M(3602M) 6.543ms
[2023-11-10T11:46:46.559-0800][76410191ms] GC(22650) User=0.02s Sys=0.00s Real=0.01s
[2023-11-10T11:46:47.009-0800][76410641ms] GC(22651) Pause Young (Normal) (G1 Evacuation Pause)
[2023-11-10T11:46:47.009-0800][76410641ms] GC(22651) Using 10 workers of 10 for evacuation
[2023-11-10T11:46:47.016-0800][76410648ms] GC(22651)   Pre Evacuate Collection Set: 0.1ms
[2023-11-10T11:46:47.016-0800][76410648ms] GC(22651)   Evacuate Collection Set: 2.4ms
[2023-11-10T11:46:47.016-0800][76410648ms] GC(22651)   Post Evacuate Collection Set: 4.0ms
[2023-11-10T11:46:47.016-0800][76410648ms] GC(22651)   Other: 0.4ms
[2023-11-10T11:46:47.016-0800][76410648ms] GC(22651) Eden regions: 190->0(190)
[2023-11-10T11:46:47.016-0800][76410648ms] GC(22651) Survivor regions: 1->1(24)
[2023-11-10T11:46:47.016-0800][76410648ms] GC(22651) Old regions: 1423->1423
[2023-11-10T11:46:47.016-0800][76410648ms] GC(22651) Humongous regions: 5->5
[2023-11-10T11:46:47.016-0800][76410648ms] GC(22651) Metaspace: 304918K->304918K(1349632K)
[2023-11-10T11:46:47.016-0800][76410648ms] GC(22651) Pause Young (Normal) (G1 Evacuation Pause) 3234M->2854M(3602M) 6.976ms
[2023-11-10T11:46:47.016-0800][76410648ms] GC(22651) User=0.00s Sys=0.00s Real=0.01s
[2023-11-10T11:46:47.517-0800][76411149ms] GC(22652) Pause Young (Normal) (G1 Evacuation Pause)
[2023-11-10T11:46:47.517-0800][76411149ms] GC(22652) Using 10 workers of 10 for evacuation
[2023-11-10T11:46:47.523-0800][76411155ms] GC(22652)   Pre Evacuate Collection Set: 0.1ms
[2023-11-10T11:46:47.523-0800][76411155ms] GC(22652)   Evacuate Collection Set: 2.4ms
[2023-11-10T11:46:47.523-0800][76411155ms] GC(22652)   Post Evacuate Collection Set: 3.5ms
[2023-11-10T11:46:47.523-0800][76411155ms] GC(22652)   Other: 0.4ms
[2023-11-10T11:46:47.523-0800][76411155ms] GC(22652) Eden regions: 190->0(190)
[2023-11-10T11:46:47.523-0800][76411155ms] GC(22652) Survivor regions: 1->1(24)
[2023-11-10T11:46:47.523-0800][76411155ms] GC(22652) Old regions: 1423->1423
[2023-11-10T11:46:47.523-0800][76411155ms] GC(22652) Humongous regions: 5->5
[2023-11-10T11:46:47.523-0800][76411155ms] GC(22652) Metaspace: 304918K->304918K(1349632K)
[2023-11-10T11:46:47.523-0800][76411155ms] GC(22652) Pause Young (Normal) (G1 Evacuation Pause) 3234M->2854M(3602M) 6.394ms
[2023-11-10T11:46:47.523-0800][76411155ms] GC(22652) User=0.02s Sys=0.00s Real=0.01s
[2023-11-10T11:46:47.983-0800][76411615ms] GC(22653) Pause Young (Normal) (G1 Evacuation Pause)
[2023-11-10T11:46:47.983-0800][76411615ms] GC(22653) Using 10 workers of 10 for evacuation
[2023-11-10T11:46:47.988-0800][76411620ms] GC(22653)   Pre Evacuate Collection Set: 0.0ms
[2023-11-10T11:46:47.988-0800][76411620ms] GC(22653)   Evacuate Collection Set: 1.6ms
[2023-11-10T11:46:47.988-0800][76411620ms] GC(22653)   Post Evacuate Collection Set: 3.5ms
[2023-11-10T11:46:47.988-0800][76411620ms] GC(22653)   Other: 0.3ms
[2023-11-10T11:46:47.988-0800][76411620ms] GC(22653) Eden regions: 190->0(190)
[2023-11-10T11:46:47.988-0800][76411620ms] GC(22653) Survivor regions: 1->1(24)
[2023-11-10T11:46:47.988-0800][76411620ms] GC(22653) Old regions: 1423->1423
[2023-11-10T11:46:47.988-0800][76411620ms] GC(22653) Humongous regions: 5->5
[2023-11-10T11:46:47.988-0800][76411620ms] GC(22653) Metaspace: 304918K->304918K(1349632K)
[2023-11-10T11:46:47.988-0800][76411620ms] GC(22653) Pause Young (Normal) (G1 Evacuation Pause) 3234M->2854M(3602M) 5.532ms
[2023-11-10T11:46:47.989-0800][76411621ms] GC(22653) User=0.00s Sys=0.00s Real=0.01s
[2023-11-10T11:46:48.410-0800][76412042ms] GC(22654) Pause Young (Normal) (G1 Evacuation Pause)
[2023-11-10T11:46:48.410-0800][76412042ms] GC(22654) Using 10 workers of 10 for evacuation
[2023-11-10T11:46:48.415-0800][76412047ms] GC(22654)   Pre Evacuate Collection Set: 0.0ms
[2023-11-10T11:46:48.415-0800][76412047ms] GC(22654)   Evacuate Collection Set: 1.6ms
[2023-11-10T11:46:48.415-0800][76412047ms] GC(22654)   Post Evacuate Collection Set: 3.2ms
[2023-11-10T11:46:48.415-0800][76412047ms] GC(22654)   Other: 0.3ms
[2023-11-10T11:46:48.415-0800][76412047ms] GC(22654) Eden regions: 190->0(190)
[2023-11-10T11:46:48.415-0800][76412047ms] GC(22654) Survivor regions: 1->1(24)
[2023-11-10T11:46:48.415-0800][76412047ms] GC(22654) Old regions: 1423->1423
[2023-11-10T11:46:48.415-0800][76412047ms] GC(22654) Humongous regions: 5->5
[2023-11-10T11:46:48.415-0800][76412047ms] GC(22654) Metaspace: 304918K->304918K(1349632K)
[2023-11-10T11:46:48.415-0800][76412047ms] GC(22654) Pause Young (Normal) (G1 Evacuation Pause) 3234M->2854M(3602M) 5.178ms
[2023-11-10T11:46:48.415-0800][76412047ms] GC(22654) User=0.02s Sys=0.00s Real=0.00s
[2023-11-10T11:46:48.850-0800][76412482ms] GC(22655) Pause Young (Normal) (GCLocker Initiated GC)
[2023-11-10T11:46:48.850-0800][76412482ms] GC(22655) Using 10 workers of 10 for evacuation
[2023-11-10T11:46:48.856-0800][76412488ms] GC(22655)   Pre Evacuate Collection Set: 0.0ms
[2023-11-10T11:46:48.856-0800][76412488ms] GC(22655)   Evacuate Collection Set: 1.7ms
[2023-11-10T11:46:48.856-0800][76412488ms] GC(22655)   Post Evacuate Collection Set: 3.4ms
[2023-11-10T11:46:48.856-0800][76412488ms] GC(22655)   Other: 0.3ms
[2023-11-10T11:46:48.856-0800][76412488ms] GC(22655) Eden regions: 191->0(189)
[2023-11-10T11:46:48.856-0800][76412488ms] GC(22655) Survivor regions: 1->1(24)
[2023-11-10T11:46:48.856-0800][76412488ms] GC(22655) Old regions: 1423->1423
[2023-11-10T11:46:48.856-0800][76412488ms] GC(22655) Humongous regions: 5->5
[2023-11-10T11:46:48.856-0800][76412488ms] GC(22655) Metaspace: 304918K->304918K(1349632K)
[2023-11-10T11:46:48.856-0800][76412488ms] GC(22655) Pause Young (Normal) (GCLocker Initiated GC) 3234M->2855M(3602M) 5.554ms
[2023-11-10T11:46:48.856-0800][76412488ms] GC(22655) User=0.00s Sys=0.00s Real=0.01s
[2023-11-10T11:46:49.364-0800][76412996ms] GC(22656) Pause Young (Normal) (GCLocker Initiated GC)
[2023-11-10T11:46:49.364-0800][76412996ms] GC(22656) Using 10 workers of 10 for evacuation
[2023-11-10T11:46:49.370-0800][76413002ms] GC(22656)   Pre Evacuate Collection Set: 0.0ms
[2023-11-10T11:46:49.370-0800][76413002ms] GC(22656)   Evacuate Collection Set: 1.6ms
[2023-11-10T11:46:49.370-0800][76413002ms] GC(22656)   Post Evacuate Collection Set: 3.1ms
[2023-11-10T11:46:49.370-0800][76413002ms] GC(22656)   Other: 0.3ms
[2023-11-10T11:46:49.370-0800][76413002ms] GC(22656) Eden regions: 189->0(190)
[2023-11-10T11:46:49.370-0800][76413002ms] GC(22656) Survivor regions: 1->1(24)
[2023-11-10T11:46:49.370-0800][76413002ms] GC(22656) Old regions: 1423->1423
[2023-11-10T11:46:49.370-0800][76413002ms] GC(22656) Humongous regions: 5->5
[2023-11-10T11:46:49.370-0800][76413002ms] GC(22656) Metaspace: 304918K->304918K(1349632K)
[2023-11-10T11:46:49.370-0800][76413002ms] GC(22656) Pause Young (Normal) (GCLocker Initiated GC) 3233M->2854M(3602M) 5.109ms
[2023-11-10T11:46:49.370-0800][76413002ms] GC(22656) User=0.02s Sys=0.00s Real=0.01s
[2023-11-10T11:46:49.826-0800][76413458ms] GC(22657) Pause Young (Normal) (GCLocker Initiated GC)
[2023-11-10T11:46:49.826-0800][76413458ms] GC(22657) Using 10 workers of 10 for evacuation
[2023-11-10T11:46:49.831-0800][76413463ms] GC(22657)   Pre Evacuate Collection Set: 0.1ms
[2023-11-10T11:46:49.831-0800][76413463ms] GC(22657)   Evacuate Collection Set: 1.6ms
[2023-11-10T11:46:49.831-0800][76413463ms] GC(22657)   Post Evacuate Collection Set: 3.6ms
[2023-11-10T11:46:49.831-0800][76413463ms] GC(22657)   Other: 0.3ms
[2023-11-10T11:46:49.831-0800][76413463ms] GC(22657) Eden regions: 190->0(190)
[2023-11-10T11:46:49.831-0800][76413463ms] GC(22657) Survivor regions: 1->1(24)
[2023-11-10T11:46:49.831-0800][76413463ms] GC(22657) Old regions: 1423->1423
[2023-11-10T11:46:49.831-0800][76413463ms] GC(22657) Humongous regions: 5->5
[2023-11-10T11:46:49.831-0800][76413463ms] GC(22657) Metaspace: 304918K->304918K(1349632K)
[2023-11-10T11:46:49.831-0800][76413463ms] GC(22657) Pause Young (Normal) (GCLocker Initiated GC) 3234M->2854M(3602M) 5.804ms
[2023-11-10T11:46:49.831-0800][76413463ms] GC(22657) User=0.00s Sys=0.00s Real=0.01s
[2023-11-10T11:46:50.324-0800][76413956ms] GC(22658) Pause Young (Normal) (GCLocker Initiated GC)
[2023-11-10T11:46:50.324-0800][76413956ms] GC(22658) Using 10 workers of 10 for evacuation
[2023-11-10T11:46:50.329-0800][76413961ms] GC(22658)   Pre Evacuate Collection Set: 0.0ms
[2023-11-10T11:46:50.329-0800][76413961ms] GC(22658)   Evacuate Collection Set: 1.6ms
[2023-11-10T11:46:50.329-0800][76413961ms] GC(22658)   Post Evacuate Collection Set: 3.2ms
[2023-11-10T11:46:50.329-0800][76413961ms] GC(22658)   Other: 0.3ms
[2023-11-10T11:46:50.329-0800][76413961ms] GC(22658) Eden regions: 191->0(190)
[2023-11-10T11:46:50.329-0800][76413961ms] GC(22658) Survivor regions: 1->1(24)
[2023-11-10T11:46:50.329-0800][76413961ms] GC(22658) Old regions: 1423->1423
[2023-11-10T11:46:50.329-0800][76413961ms] GC(22658) Humongous regions: 5->5
[2023-11-10T11:46:50.329-0800][76413961ms] GC(22658) Metaspace: 304918K->304918K(1349632K)
[2023-11-10T11:46:50.329-0800][76413961ms] GC(22658) Pause Young (Normal) (GCLocker Initiated GC) 3234M->2854M(3602M) 5.200ms
[2023-11-10T11:46:50.329-0800][76413961ms] GC(22658) User=0.00s Sys=0.00s Real=0.01s
[2023-11-10T11:46:50.819-0800][76414451ms] GC(22659) Pause Young (Normal) (GCLocker Initiated GC)
[2023-11-10T11:46:50.819-0800][76414451ms] GC(22659) Using 10 workers of 10 for evacuation
[2023-11-10T11:46:50.825-0800][76414457ms] GC(22659)   Pre Evacuate Collection Set: 0.1ms
[2023-11-10T11:46:50.825-0800][76414457ms] GC(22659)   Evacuate Collection Set: 1.7ms
[2023-11-10T11:46:50.825-0800][76414457ms] GC(22659)   Post Evacuate Collection Set: 3.4ms
[2023-11-10T11:46:50.825-0800][76414457ms] GC(22659)   Other: 0.3ms
[2023-11-10T11:46:50.825-0800][76414457ms] GC(22659) Eden regions: 190->0(190)
[2023-11-10T11:46:50.825-0800][76414457ms] GC(22659) Survivor regions: 1->1(24)
[2023-11-10T11:46:50.825-0800][76414457ms] GC(22659) Old regions: 1423->1423
[2023-11-10T11:46:50.825-0800][76414457ms] GC(22659) Humongous regions: 5->5
[2023-11-10T11:46:50.825-0800][76414457ms] GC(22659) Metaspace: 304918K->304918K(1349632K)
[2023-11-10T11:46:50.825-0800][76414457ms] GC(22659) Pause Young (Normal) (GCLocker Initiated GC) 3234M->2854M(3602M) 5.585ms
[2023-11-10T11:46:50.825-0800][76414457ms] GC(22659) User=0.00s Sys=0.00s Real=0.01s
[2023-11-10T11:46:51.340-0800][76414972ms] GC(22660) Pause Young (Normal) (G1 Evacuation Pause)
[2023-11-10T11:46:51.340-0800][76414972ms] GC(22660) Using 10 workers of 10 for evacuation
[2023-11-10T11:46:51.345-0800][76414977ms] GC(22660)   Pre Evacuate Collection Set: 0.0ms
[2023-11-10T11:46:51.345-0800][76414977ms] GC(22660)   Evacuate Collection Set: 1.7ms
[2023-11-10T11:46:51.345-0800][76414977ms] GC(22660)   Post Evacuate Collection Set: 3.3ms
[2023-11-10T11:46:51.345-0800][76414977ms] GC(22660)   Other: 0.3ms
[2023-11-10T11:46:51.345-0800][76414977ms] GC(22660) Eden regions: 190->0(190)
[2023-11-10T11:46:51.345-0800][76414977ms] GC(22660) Survivor regions: 1->1(24)
[2023-11-10T11:46:51.345-0800][76414977ms] GC(22660) Old regions: 1423->1423
[2023-11-10T11:46:51.345-0800][76414977ms] GC(22660) Humongous regions: 5->5
[2023-11-10T11:46:51.345-0800][76414977ms] GC(22660) Metaspace: 304918K->304918K(1349632K)
[2023-11-10T11:46:51.345-0800][76414977ms] GC(22660) Pause Young (Normal) (G1 Evacuation Pause) 3234M->2854M(3602M) 5.424ms
[2023-11-10T11:46:51.345-0800][76414977ms] GC(22660) User=0.00s Sys=0.00s Real=0.01s
[2023-11-10T11:46:51.780-0800][76415412ms] GC(22661) Pause Young (Normal) (G1 Evacuation Pause)
[2023-11-10T11:46:51.780-0800][76415412ms] GC(22661) Using 10 workers of 10 for evacuation
[2023-11-10T11:46:51.784-0800][76415416ms] GC(22661)   Pre Evacuate Collection Set: 0.0ms
[2023-11-10T11:46:51.784-0800][76415416ms] GC(22661)   Evacuate Collection Set: 1.6ms
[2023-11-10T11:46:51.784-0800][76415416ms] GC(22661)   Post Evacuate Collection Set: 3.1ms
[2023-11-10T11:46:51.784-0800][76415416ms] GC(22661)   Other: 0.2ms
[2023-11-10T11:46:51.784-0800][76415416ms] GC(22661) Eden regions: 190->0(190)
[2023-11-10T11:46:51.784-0800][76415416ms] GC(22661) Survivor regions: 1->1(24)
[2023-11-10T11:46:51.784-0800][76415416ms] GC(22661) Old regions: 1423->1423
[2023-11-10T11:46:51.784-0800][76415416ms] GC(22661) Humongous regions: 5->5
[2023-11-10T11:46:51.784-0800][76415416ms] GC(22661) Metaspace: 304918K->304918K(1349632K)
[2023-11-10T11:46:51.784-0800][76415416ms] GC(22661) Pause Young (Normal) (G1 Evacuation Pause) 3234M->2854M(3602M) 5.135ms
[2023-11-10T11:46:51.784-0800][76415416ms] GC(22661) User=0.00s Sys=0.00s Real=0.00s
[2023-11-10T11:46:52.269-0800][76415901ms] GC(22662) Pause Young (Normal) (G1 Evacuation Pause)
[2023-11-10T11:46:52.269-0800][76415901ms] GC(22662) Using 10 workers of 10 for evacuation
[2023-11-10T11:46:52.273-0800][76415905ms] GC(22662)   Pre Evacuate Collection Set: 0.1ms
[2023-11-10T11:46:52.273-0800][76415905ms] GC(22662)   Evacuate Collection Set: 1.7ms
[2023-11-10T11:46:52.273-0800][76415905ms] GC(22662)   Post Evacuate Collection Set: 3.0ms
[2023-11-10T11:46:52.273-0800][76415905ms] GC(22662)   Other: 0.3ms
[2023-11-10T11:46:52.273-0800][76415905ms] GC(22662) Eden regions: 190->0(190)
[2023-11-10T11:46:52.273-0800][76415905ms] GC(22662) Survivor regions: 1->1(24)
[2023-11-10T11:46:52.273-0800][76415905ms] GC(22662) Old regions: 1423->1423
[2023-11-10T11:46:52.273-0800][76415905ms] GC(22662) Humongous regions: 5->5
[2023-11-10T11:46:52.273-0800][76415905ms] GC(22662) Metaspace: 304918K->304918K(1349632K)
[2023-11-10T11:46:52.273-0800][76415905ms] GC(22662) Pause Young (Normal) (G1 Evacuation Pause) 3234M->2854M(3602M) 5.154ms
[2023-11-10T11:46:52.273-0800][76415905ms] GC(22662) User=0.00s Sys=0.00s Real=0.00s
[2023-11-10T11:46:52.778-0800][76416410ms] GC(22663) Pause Young (Normal) (G1 Evacuation Pause)
[2023-11-10T11:46:52.778-0800][76416410ms] GC(22663) Using 10 workers of 10 for evacuation
[2023-11-10T11:46:52.783-0800][76416415ms] GC(22663)   Pre Evacuate Collection Set: 0.0ms
[2023-11-10T11:46:52.783-0800][76416415ms] GC(22663)   Evacuate Collection Set: 2.1ms
[2023-11-10T11:46:52.783-0800][76416415ms] GC(22663)   Post Evacuate Collection Set: 3.5ms
[2023-11-10T11:46:52.783-0800][76416415ms] GC(22663)   Other: 0.3ms
[2023-11-10T11:46:52.783-0800][76416415ms] GC(22663) Eden regions: 190->0(190)
[2023-11-10T11:46:52.784-0800][76416416ms] GC(22663) Survivor regions: 1->1(24)
[2023-11-10T11:46:52.784-0800][76416416ms] GC(22663) Old regions: 1423->1423
[2023-11-10T11:46:52.784-0800][76416416ms] GC(22663) Humongous regions: 5->5
[2023-11-10T11:46:52.784-0800][76416416ms] GC(22663) Metaspace: 304918K->304918K(1349632K)
[2023-11-10T11:46:52.784-0800][76416416ms] GC(22663) Pause Young (Normal) (G1 Evacuation Pause) 3234M->2854M(3602M) 6.017ms
[2023-11-10T11:46:52.784-0800][76416416ms] GC(22663) User=0.00s Sys=0.00s Real=0.01s
[2023-11-10T11:46:53.259-0800][76416891ms] GC(22664) Pause Young (Normal) (G1 Evacuation Pause)
[2023-11-10T11:46:53.259-0800][76416891ms] GC(22664) Using 10 workers of 10 for evacuation
[2023-11-10T11:46:53.264-0800][76416896ms] GC(22664)   Pre Evacuate Collection Set: 0.0ms
[2023-11-10T11:46:53.264-0800][76416896ms] GC(22664)   Evacuate Collection Set: 2.2ms
[2023-11-10T11:46:53.264-0800][76416896ms] GC(22664)   Post Evacuate Collection Set: 3.5ms
[2023-11-10T11:46:53.264-0800][76416896ms] GC(22664)   Other: 0.3ms
[2023-11-10T11:46:53.264-0800][76416896ms] GC(22664) Eden regions: 190->0(190)
[2023-11-10T11:46:53.264-0800][76416896ms] GC(22664) Survivor regions: 1->1(24)
[2023-11-10T11:46:53.264-0800][76416896ms] GC(22664) Old regions: 1423->1423
[2023-11-10T11:46:53.264-0800][76416896ms] GC(22664) Humongous regions: 5->5
[2023-11-10T11:46:53.264-0800][76416896ms] GC(22664) Metaspace: 304918K->304918K(1349632K)
[2023-11-10T11:46:53.264-0800][76416896ms] GC(22664) Pause Young (Normal) (G1 Evacuation Pause) 3234M->2854M(3602M) 6.093ms
[2023-11-10T11:46:53.264-0800][76416896ms] GC(22664) User=0.00s Sys=0.00s Real=0.00s
[2023-11-10T11:46:53.737-0800][76417369ms] GC(22665) Pause Young (Normal) (G1 Evacuation Pause)
[2023-11-10T11:46:53.737-0800][76417369ms] GC(22665) Using 10 workers of 10 for evacuation
[2023-11-10T11:46:53.743-0800][76417375ms] GC(22665)   Pre Evacuate Collection Set: 0.0ms
[2023-11-10T11:46:53.743-0800][76417375ms] GC(22665)   Evacuate Collection Set: 1.7ms
[2023-11-10T11:46:53.743-0800][76417375ms] GC(22665)   Post Evacuate Collection Set: 3.6ms
[2023-11-10T11:46:53.743-0800][76417375ms] GC(22665)   Other: 0.3ms
[2023-11-10T11:46:53.743-0800][76417375ms] GC(22665) Eden regions: 190->0(190)
[2023-11-10T11:46:53.743-0800][76417375ms] GC(22665) Survivor regions: 1->1(24)
[2023-11-10T11:46:53.743-0800][76417375ms] GC(22665) Old regions: 1423->1423
[2023-11-10T11:46:53.743-0800][76417375ms] GC(22665) Humongous regions: 5->5
[2023-11-10T11:46:53.743-0800][76417375ms] GC(22665) Metaspace: 304918K->304918K(1349632K)
[2023-11-10T11:46:53.743-0800][76417375ms] GC(22665) Pause Young (Normal) (G1 Evacuation Pause) 3234M->2854M(3602M) 5.653ms
[2023-11-10T11:46:53.743-0800][76417375ms] GC(22665) User=0.00s Sys=0.00s Real=0.01s
[2023-11-10T11:46:54.250-0800][76417882ms] GC(22666) Pause Young (Normal) (G1 Evacuation Pause)
[2023-11-10T11:46:54.250-0800][76417882ms] GC(22666) Using 10 workers of 10 for evacuation
[2023-11-10T11:46:54.255-0800][76417887ms] GC(22666)   Pre Evacuate Collection Set: 0.1ms
[2023-11-10T11:46:54.255-0800][76417887ms] GC(22666)   Evacuate Collection Set: 1.7ms
[2023-11-10T11:46:54.255-0800][76417887ms] GC(22666)   Post Evacuate Collection Set: 3.2ms
[2023-11-10T11:46:54.255-0800][76417887ms] GC(22666)   Other: 0.4ms
[2023-11-10T11:46:54.255-0800][76417887ms] GC(22666) Eden regions: 190->0(190)
[2023-11-10T11:46:54.255-0800][76417887ms] GC(22666) Survivor regions: 1->1(24)
[2023-11-10T11:46:54.255-0800][76417887ms] GC(22666) Old regions: 1423->1423
[2023-11-10T11:46:54.255-0800][76417887ms] GC(22666) Humongous regions: 5->5
[2023-11-10T11:46:54.255-0800][76417887ms] GC(22666) Metaspace: 304918K->304918K(1349632K)
[2023-11-10T11:46:54.255-0800][76417887ms] GC(22666) Pause Young (Normal) (G1 Evacuation Pause) 3234M->2854M(3602M) 5.566ms
[2023-11-10T11:46:54.256-0800][76417888ms] GC(22666) User=0.00s Sys=0.00s Real=0.01s
[2023-11-10T11:46:54.700-0800][76418332ms] GC(22667) Pause Young (Normal) (G1 Evacuation Pause)
[2023-11-10T11:46:54.700-0800][76418332ms] GC(22667) Using 10 workers of 10 for evacuation
[2023-11-10T11:46:54.707-0800][76418339ms] GC(22667)   Pre Evacuate Collection Set: 0.0ms
[2023-11-10T11:46:54.707-0800][76418339ms] GC(22667)   Evacuate Collection Set: 2.4ms
[2023-11-10T11:46:54.707-0800][76418339ms] GC(22667)   Post Evacuate Collection Set: 3.1ms
[2023-11-10T11:46:54.707-0800][76418339ms] GC(22667)   Other: 0.2ms
[2023-11-10T11:46:54.707-0800][76418339ms] GC(22667) Eden regions: 190->0(190)
[2023-11-10T11:46:54.707-0800][76418339ms] GC(22667) Survivor regions: 1->1(24)
[2023-11-10T11:46:54.707-0800][76418339ms] GC(22667) Old regions: 1423->1423
[2023-11-10T11:46:54.707-0800][76418339ms] GC(22667) Humongous regions: 5->5
[2023-11-10T11:46:54.707-0800][76418339ms] GC(22667) Metaspace: 304918K->304918K(1349632K)
[2023-11-10T11:46:54.707-0800][76418339ms] GC(22667) Pause Young (Normal) (G1 Evacuation Pause) 3234M->2854M(3602M) 5.766ms
[2023-11-10T11:46:54.707-0800][76418339ms] GC(22667) User=0.00s Sys=0.00s Real=0.01s
[2023-11-10T11:46:55.102-0800][76418734ms] GC(22668) Pause Young (Normal) (G1 Evacuation Pause)
[2023-11-10T11:46:55.102-0800][76418734ms] GC(22668) Using 10 workers of 10 for evacuation
[2023-11-10T11:46:55.107-0800][76418739ms] GC(22668)   Pre Evacuate Collection Set: 0.0ms
[2023-11-10T11:46:55.107-0800][76418739ms] GC(22668)   Evacuate Collection Set: 1.7ms
[2023-11-10T11:46:55.107-0800][76418739ms] GC(22668)   Post Evacuate Collection Set: 3.2ms
[2023-11-10T11:46:55.107-0800][76418739ms] GC(22668)   Other: 0.3ms
[2023-11-10T11:46:55.107-0800][76418739ms] GC(22668) Eden regions: 190->0(190)
[2023-11-10T11:46:55.107-0800][76418739ms] GC(22668) Survivor regions: 1->1(24)
[2023-11-10T11:46:55.107-0800][76418739ms] GC(22668) Old regions: 1423->1423
[2023-11-10T11:46:55.107-0800][76418739ms] GC(22668) Humongous regions: 5->5
[2023-11-10T11:46:55.107-0800][76418739ms] GC(22668) Metaspace: 304918K->304918K(1349632K)
[2023-11-10T11:46:55.107-0800][76418739ms] GC(22668) Pause Young (Normal) (G1 Evacuation Pause) 3234M->2854M(3602M) 5.394ms
[2023-11-10T11:46:55.107-0800][76418739ms] GC(22668) User=0.00s Sys=0.00s Real=0.01s
[2023-11-10T11:46:55.623-0800][76419255ms] GC(22669) Pause Young (Normal) (G1 Evacuation Pause)
[2023-11-10T11:46:55.623-0800][76419255ms] GC(22669) Using 10 workers of 10 for evacuation
[2023-11-10T11:46:55.630-0800][76419262ms] GC(22669)   Pre Evacuate Collection Set: 0.1ms
[2023-11-10T11:46:55.630-0800][76419262ms] GC(22669)   Evacuate Collection Set: 1.9ms
[2023-11-10T11:46:55.630-0800][76419262ms] GC(22669)   Post Evacuate Collection Set: 4.8ms
[2023-11-10T11:46:55.630-0800][76419262ms] GC(22669)   Other: 0.4ms
[2023-11-10T11:46:55.630-0800][76419262ms] GC(22669) Eden regions: 190->0(190)
[2023-11-10T11:46:55.630-0800][76419262ms] GC(22669) Survivor regions: 1->1(24)
[2023-11-10T11:46:55.630-0800][76419262ms] GC(22669) Old regions: 1423->1423
[2023-11-10T11:46:55.630-0800][76419262ms] GC(22669) Humongous regions: 5->5
[2023-11-10T11:46:55.630-0800][76419262ms] GC(22669) Metaspace: 304918K->304918K(1349632K)
[2023-11-10T11:46:55.630-0800][76419262ms] GC(22669) Pause Young (Normal) (G1 Evacuation Pause) 3234M->2854M(3602M) 7.259ms
[2023-11-10T11:46:55.630-0800][76419262ms] GC(22669) User=0.00s Sys=0.00s Real=0.01s
[2023-11-10T11:46:56.097-0800][76419729ms] GC(22670) Pause Young (Normal) (G1 Evacuation Pause)
[2023-11-10T11:46:56.097-0800][76419729ms] GC(22670) Using 10 workers of 10 for evacuation
[2023-11-10T11:46:56.104-0800][76419736ms] GC(22670)   Pre Evacuate Collection Set: 0.1ms
[2023-11-10T11:46:56.104-0800][76419736ms] GC(22670)   Evacuate Collection Set: 2.4ms
[2023-11-10T11:46:56.104-0800][76419736ms] GC(22670)   Post Evacuate Collection Set: 4.7ms
[2023-11-10T11:46:56.104-0800][76419736ms] GC(22670)   Other: 0.3ms
[2023-11-10T11:46:56.104-0800][76419736ms] GC(22670) Eden regions: 190->0(190)
[2023-11-10T11:46:56.104-0800][76419736ms] GC(22670) Survivor regions: 1->1(24)
[2023-11-10T11:46:56.104-0800][76419736ms] GC(22670) Old regions: 1423->1423
[2023-11-10T11:46:56.104-0800][76419736ms] GC(22670) Humongous regions: 5->5
[2023-11-10T11:46:56.104-0800][76419736ms] GC(22670) Metaspace: 304918K->304918K(1349632K)
[2023-11-10T11:46:56.104-0800][76419736ms] GC(22670) Pause Young (Normal) (G1 Evacuation Pause) 3234M->2854M(3602M) 7.681ms
[2023-11-10T11:46:56.104-0800][76419736ms] GC(22670) User=0.00s Sys=0.00s Real=0.01s
[2023-11-10T11:46:56.545-0800][76420177ms] GC(22671) Pause Young (Normal) (G1 Evacuation Pause)
[2023-11-10T11:46:56.545-0800][76420177ms] GC(22671) Using 10 workers of 10 for evacuation
[2023-11-10T11:46:56.552-0800][76420184ms] GC(22671)   Pre Evacuate Collection Set: 0.1ms
[2023-11-10T11:46:56.552-0800][76420184ms] GC(22671)   Evacuate Collection Set: 2.6ms
[2023-11-10T11:46:56.552-0800][76420184ms] GC(22671)   Post Evacuate Collection Set: 3.9ms
[2023-11-10T11:46:56.552-0800][76420184ms] GC(22671)   Other: 0.5ms
[2023-11-10T11:46:56.552-0800][76420184ms] GC(22671) Eden regions: 190->0(190)
[2023-11-10T11:46:56.552-0800][76420184ms] GC(22671) Survivor regions: 1->1(24)
[2023-11-10T11:46:56.552-0800][76420184ms] GC(22671) Old regions: 1423->1423
[2023-11-10T11:46:56.552-0800][76420184ms] GC(22671) Humongous regions: 5->5
[2023-11-10T11:46:56.552-0800][76420184ms] GC(22671) Metaspace: 304918K->304918K(1349632K)
[2023-11-10T11:46:56.552-0800][76420184ms] GC(22671) Pause Young (Normal) (G1 Evacuation Pause) 3234M->2855M(3602M) 7.119ms
[2023-11-10T11:46:56.552-0800][76420184ms] GC(22671) User=0.00s Sys=0.00s Real=0.01s
[2023-11-10T11:46:57.025-0800][76420657ms] GC(22672) Pause Young (Normal) (G1 Evacuation Pause)
[2023-11-10T11:46:57.025-0800][76420657ms] GC(22672) Using 10 workers of 10 for evacuation
[2023-11-10T11:46:57.031-0800][76420663ms] GC(22672)   Pre Evacuate Collection Set: 0.1ms
[2023-11-10T11:46:57.031-0800][76420663ms] GC(22672)   Evacuate Collection Set: 1.7ms
[2023-11-10T11:46:57.031-0800][76420663ms] GC(22672)   Post Evacuate Collection Set: 4.1ms
[2023-11-10T11:46:57.031-0800][76420663ms] GC(22672)   Other: 0.3ms
[2023-11-10T11:46:57.031-0800][76420663ms] GC(22672) Eden regions: 190->0(190)
[2023-11-10T11:46:57.031-0800][76420663ms] GC(22672) Survivor regions: 1->1(24)
[2023-11-10T11:46:57.031-0800][76420663ms] GC(22672) Old regions: 1423->1423
[2023-11-10T11:46:57.031-0800][76420663ms] GC(22672) Humongous regions: 5->5
[2023-11-10T11:46:57.031-0800][76420663ms] GC(22672) Metaspace: 304918K->304918K(1349632K)
[2023-11-10T11:46:57.032-0800][76420664ms] GC(22672) Pause Young (Normal) (G1 Evacuation Pause) 3235M->2854M(3602M) 6.321ms
[2023-11-10T11:46:57.032-0800][76420664ms] GC(22672) User=0.00s Sys=0.00s Real=0.01s
[2023-11-10T11:46:57.605-0800][76421237ms] GC(22673) Pause Young (Normal) (G1 Evacuation Pause)
[2023-11-10T11:46:57.605-0800][76421237ms] GC(22673) Using 10 workers of 10 for evacuation
[2023-11-10T11:46:57.612-0800][76421244ms] GC(22673)   Pre Evacuate Collection Set: 0.1ms
[2023-11-10T11:46:57.612-0800][76421244ms] GC(22673)   Evacuate Collection Set: 2.2ms
[2023-11-10T11:46:57.612-0800][76421244ms] GC(22673)   Post Evacuate Collection Set: 5.4ms
[2023-11-10T11:46:57.612-0800][76421244ms] GC(22673)   Other: 0.4ms
[2023-11-10T11:46:57.612-0800][76421244ms] GC(22673) Eden regions: 190->0(190)
[2023-11-10T11:46:57.612-0800][76421245ms] GC(22673) Survivor regions: 1->1(24)
[2023-11-10T11:46:57.613-0800][76421245ms] GC(22673) Old regions: 1423->1423
[2023-11-10T11:46:57.613-0800][76421245ms] GC(22673) Humongous regions: 5->5
[2023-11-10T11:46:57.613-0800][76421245ms] GC(22673) Metaspace: 304918K->304918K(1349632K)
[2023-11-10T11:46:57.613-0800][76421245ms] GC(22673) Pause Young (Normal) (G1 Evacuation Pause) 3234M->2854M(3602M) 8.223ms
[2023-11-10T11:46:57.613-0800][76421245ms] GC(22673) User=0.00s Sys=0.00s Real=0.01s
[2023-11-10T11:46:58.127-0800][76421759ms] GC(22674) Pause Young (Normal) (G1 Evacuation Pause)
[2023-11-10T11:46:58.127-0800][76421759ms] GC(22674) Using 10 workers of 10 for evacuation
[2023-11-10T11:46:58.132-0800][76421764ms] GC(22674)   Pre Evacuate Collection Set: 0.0ms
[2023-11-10T11:46:58.132-0800][76421764ms] GC(22674)   Evacuate Collection Set: 1.9ms
[2023-11-10T11:46:58.132-0800][76421764ms] GC(22674)   Post Evacuate Collection Set: 3.5ms
[2023-11-10T11:46:58.132-0800][76421764ms] GC(22674)   Other: 0.4ms
[2023-11-10T11:46:58.132-0800][76421764ms] GC(22674) Eden regions: 190->0(190)
[2023-11-10T11:46:58.132-0800][76421764ms] GC(22674) Survivor regions: 1->1(24)
[2023-11-10T11:46:58.132-0800][76421764ms] GC(22674) Old regions: 1423->1423
[2023-11-10T11:46:58.132-0800][76421764ms] GC(22674) Humongous regions: 5->5
[2023-11-10T11:46:58.132-0800][76421764ms] GC(22674) Metaspace: 304918K->304918K(1349632K)
[2023-11-10T11:46:58.132-0800][76421764ms] GC(22674) Pause Young (Normal) (G1 Evacuation Pause) 3234M->2855M(3602M) 6.021ms
[2023-11-10T11:46:58.132-0800][76421764ms] GC(22674) User=0.00s Sys=0.00s Real=0.00s
[2023-11-10T11:46:58.599-0800][76422231ms] GC(22675) Pause Young (Normal) (G1 Evacuation Pause)
[2023-11-10T11:46:58.599-0800][76422231ms] GC(22675) Using 10 workers of 10 for evacuation
[2023-11-10T11:46:58.604-0800][76422236ms] GC(22675)   Pre Evacuate Collection Set: 0.0ms
[2023-11-10T11:46:58.604-0800][76422236ms] GC(22675)   Evacuate Collection Set: 1.8ms
[2023-11-10T11:46:58.604-0800][76422236ms] GC(22675)   Post Evacuate Collection Set: 3.6ms
[2023-11-10T11:46:58.604-0800][76422236ms] GC(22675)   Other: 0.3ms
[2023-11-10T11:46:58.604-0800][76422236ms] GC(22675) Eden regions: 190->0(190)
[2023-11-10T11:46:58.604-0800][76422236ms] GC(22675) Survivor regions: 1->1(24)
[2023-11-10T11:46:58.604-0800][76422236ms] GC(22675) Old regions: 1423->1423
[2023-11-10T11:46:58.604-0800][76422236ms] GC(22675) Humongous regions: 5->5
[2023-11-10T11:46:58.604-0800][76422236ms] GC(22675) Metaspace: 304918K->304918K(1349632K)
[2023-11-10T11:46:58.604-0800][76422236ms] GC(22675) Pause Young (Normal) (G1 Evacuation Pause) 3235M->2854M(3602M) 5.841ms
[2023-11-10T11:46:58.604-0800][76422236ms] GC(22675) User=0.11s Sys=0.00s Real=0.01s
[2023-11-10T11:46:59.047-0800][76422679ms] GC(22676) Pause Young (Normal) (G1 Evacuation Pause)
[2023-11-10T11:46:59.047-0800][76422679ms] GC(22676) Using 10 workers of 10 for evacuation
[2023-11-10T11:46:59.052-0800][76422684ms] GC(22676)   Pre Evacuate Collection Set: 0.0ms
[2023-11-10T11:46:59.052-0800][76422684ms] GC(22676)   Evacuate Collection Set: 1.7ms
[2023-11-10T11:46:59.052-0800][76422684ms] GC(22676)   Post Evacuate Collection Set: 3.0ms
[2023-11-10T11:46:59.052-0800][76422684ms] GC(22676)   Other: 0.3ms
[2023-11-10T11:46:59.052-0800][76422684ms] GC(22676) Eden regions: 190->0(190)
[2023-11-10T11:46:59.052-0800][76422684ms] GC(22676) Survivor regions: 1->1(24)
[2023-11-10T11:46:59.052-0800][76422684ms] GC(22676) Old regions: 1423->1423
[2023-11-10T11:46:59.052-0800][76422684ms] GC(22676) Humongous regions: 5->5
[2023-11-10T11:46:59.052-0800][76422684ms] GC(22676) Metaspace: 304918K->304918K(1349632K)
[2023-11-10T11:46:59.052-0800][76422684ms] GC(22676) Pause Young (Normal) (G1 Evacuation Pause) 3234M->2855M(3602M) 5.079ms
[2023-11-10T11:46:59.052-0800][76422684ms] GC(22676) User=0.00s Sys=0.00s Real=0.01s
[2023-11-10T11:46:59.525-0800][76423157ms] GC(22677) Pause Young (Normal) (G1 Evacuation Pause)
[2023-11-10T11:46:59.525-0800][76423157ms] GC(22677) Using 10 workers of 10 for evacuation
[2023-11-10T11:46:59.531-0800][76423163ms] GC(22677)   Pre Evacuate Collection Set: 0.0ms
[2023-11-10T11:46:59.531-0800][76423163ms] GC(22677)   Evacuate Collection Set: 1.8ms
[2023-11-10T11:46:59.531-0800][76423163ms] GC(22677)   Post Evacuate Collection Set: 3.3ms
[2023-11-10T11:46:59.531-0800][76423163ms] GC(22677)   Other: 0.3ms
[2023-11-10T11:46:59.531-0800][76423163ms] GC(22677) Eden regions: 190->0(190)
[2023-11-10T11:46:59.531-0800][76423163ms] GC(22677) Survivor regions: 1->1(24)
[2023-11-10T11:46:59.531-0800][76423163ms] GC(22677) Old regions: 1423->1423
[2023-11-10T11:46:59.531-0800][76423163ms] GC(22677) Humongous regions: 5->5
[2023-11-10T11:46:59.531-0800][76423163ms] GC(22677) Metaspace: 304918K->304918K(1349632K)
[2023-11-10T11:46:59.531-0800][76423163ms] GC(22677) Pause Young (Normal) (G1 Evacuation Pause) 3235M->2854M(3602M) 5.487ms
[2023-11-10T11:46:59.531-0800][76423163ms] GC(22677) User=0.00s Sys=0.00s Real=0.01s
[2023-11-10T11:47:00.042-0800][76423674ms] GC(22678) Pause Young (Normal) (G1 Evacuation Pause)
[2023-11-10T11:47:00.042-0800][76423674ms] GC(22678) Using 10 workers of 10 for evacuation
[2023-11-10T11:47:00.049-0800][76423681ms] GC(22678)   Pre Evacuate Collection Set: 0.1ms
[2023-11-10T11:47:00.050-0800][76423682ms] GC(22678)   Evacuate Collection Set: 2.0ms
[2023-11-10T11:47:00.050-0800][76423682ms] GC(22678)   Post Evacuate Collection Set: 4.8ms
[2023-11-10T11:47:00.050-0800][76423682ms] GC(22678)   Other: 0.4ms
[2023-11-10T11:47:00.050-0800][76423682ms] GC(22678) Eden regions: 190->0(190)
[2023-11-10T11:47:00.050-0800][76423682ms] GC(22678) Survivor regions: 1->1(24)
[2023-11-10T11:47:00.050-0800][76423682ms] GC(22678) Old regions: 1423->1423
[2023-11-10T11:47:00.050-0800][76423682ms] GC(22678) Humongous regions: 5->5
[2023-11-10T11:47:00.050-0800][76423682ms] GC(22678) Metaspace: 304918K->304918K(1349632K)
[2023-11-10T11:47:00.050-0800][76423682ms] GC(22678) Pause Young (Normal) (G1 Evacuation Pause) 3234M->2854M(3602M) 7.379ms
[2023-11-10T11:47:00.050-0800][76423682ms] GC(22678) User=0.00s Sys=0.00s Real=0.01s
[2023-11-10T11:47:00.568-0800][76424200ms] GC(22679) Pause Young (Normal) (G1 Evacuation Pause)
[2023-11-10T11:47:00.568-0800][76424200ms] GC(22679) Using 10 workers of 10 for evacuation
[2023-11-10T11:47:00.574-0800][76424206ms] GC(22679)   Pre Evacuate Collection Set: 0.0ms
[2023-11-10T11:47:00.574-0800][76424206ms] GC(22679)   Evacuate Collection Set: 1.7ms
[2023-11-10T11:47:00.574-0800][76424206ms] GC(22679)   Post Evacuate Collection Set: 3.1ms
[2023-11-10T11:47:00.574-0800][76424206ms] GC(22679)   Other: 0.3ms
[2023-11-10T11:47:00.574-0800][76424206ms] GC(22679) Eden regions: 190->0(190)
[2023-11-10T11:47:00.574-0800][76424206ms] GC(22679) Survivor regions: 1->1(24)
[2023-11-10T11:47:00.574-0800][76424206ms] GC(22679) Old regions: 1423->1423
[2023-11-10T11:47:00.574-0800][76424206ms] GC(22679) Humongous regions: 5->5
[2023-11-10T11:47:00.574-0800][76424206ms] GC(22679) Metaspace: 304918K->304918K(1349632K)
[2023-11-10T11:47:00.574-0800][76424206ms] GC(22679) Pause Young (Normal) (G1 Evacuation Pause) 3234M->2854M(3602M) 5.174ms
[2023-11-10T11:47:00.574-0800][76424206ms] GC(22679) User=0.09s Sys=0.00s Real=0.01s
[2023-11-10T11:47:01.081-0800][76424713ms] GC(22680) Pause Young (Normal) (G1 Evacuation Pause)
[2023-11-10T11:47:01.081-0800][76424713ms] GC(22680) Using 10 workers of 10 for evacuation
[2023-11-10T11:47:01.085-0800][76424717ms] GC(22680)   Pre Evacuate Collection Set: 0.1ms
[2023-11-10T11:47:01.085-0800][76424717ms] GC(22680)   Evacuate Collection Set: 1.6ms
[2023-11-10T11:47:01.085-0800][76424717ms] GC(22680)   Post Evacuate Collection Set: 3.2ms
[2023-11-10T11:47:01.085-0800][76424717ms] GC(22680)   Other: 0.3ms
[2023-11-10T11:47:01.085-0800][76424717ms] GC(22680) Eden regions: 190->0(190)
[2023-11-10T11:47:01.085-0800][76424717ms] GC(22680) Survivor regions: 1->1(24)
[2023-11-10T11:47:01.085-0800][76424717ms] GC(22680) Old regions: 1423->1423
[2023-11-10T11:47:01.085-0800][76424717ms] GC(22680) Humongous regions: 5->5
[2023-11-10T11:47:01.085-0800][76424717ms] GC(22680) Metaspace: 304918K->304918K(1349632K)
[2023-11-10T11:47:01.085-0800][76424717ms] GC(22680) Pause Young (Normal) (G1 Evacuation Pause) 3234M->2855M(3602M) 5.124ms
[2023-11-10T11:47:01.085-0800][76424717ms] GC(22680) User=0.00s Sys=0.00s Real=0.00s
[2023-11-10T11:47:01.579-0800][76425211ms] GC(22681) Pause Young (Normal) (G1 Evacuation Pause)
[2023-11-10T11:47:01.579-0800][76425211ms] GC(22681) Using 10 workers of 10 for evacuation
[2023-11-10T11:47:01.586-0800][76425218ms] GC(22681)   Pre Evacuate Collection Set: 0.1ms
[2023-11-10T11:47:01.586-0800][76425218ms] GC(22681)   Evacuate Collection Set: 1.7ms
[2023-11-10T11:47:01.586-0800][76425218ms] GC(22681)   Post Evacuate Collection Set: 4.4ms
[2023-11-10T11:47:01.586-0800][76425218ms] GC(22681)   Other: 0.3ms
[2023-11-10T11:47:01.586-0800][76425218ms] GC(22681) Eden regions: 190->0(190)
[2023-11-10T11:47:01.586-0800][76425218ms] GC(22681) Survivor regions: 1->1(24)
[2023-11-10T11:47:01.586-0800][76425218ms] GC(22681) Old regions: 1423->1423
[2023-11-10T11:47:01.586-0800][76425218ms] GC(22681) Humongous regions: 5->5
[2023-11-10T11:47:01.586-0800][76425218ms] GC(22681) Metaspace: 304918K->304918K(1349632K)
[2023-11-10T11:47:01.586-0800][76425218ms] GC(22681) Pause Young (Normal) (G1 Evacuation Pause) 3235M->2855M(3602M) 6.727ms
[2023-11-10T11:47:01.586-0800][76425218ms] GC(22681) User=0.02s Sys=0.00s Real=0.01s
[2023-11-10T11:47:02.106-0800][76425738ms] GC(22682) Pause Young (Normal) (G1 Evacuation Pause)
[2023-11-10T11:47:02.106-0800][76425738ms] GC(22682) Using 10 workers of 10 for evacuation
[2023-11-10T11:47:02.111-0800][76425743ms] GC(22682)   Pre Evacuate Collection Set: 0.0ms
[2023-11-10T11:47:02.111-0800][76425743ms] GC(22682)   Evacuate Collection Set: 1.7ms
[2023-11-10T11:47:02.111-0800][76425743ms] GC(22682)   Post Evacuate Collection Set: 3.5ms
[2023-11-10T11:47:02.111-0800][76425743ms] GC(22682)   Other: 0.3ms
[2023-11-10T11:47:02.112-0800][76425744ms] GC(22682) Eden regions: 190->0(190)
[2023-11-10T11:47:02.112-0800][76425744ms] GC(22682) Survivor regions: 1->1(24)
[2023-11-10T11:47:02.112-0800][76425744ms] GC(22682) Old regions: 1423->1423
[2023-11-10T11:47:02.112-0800][76425744ms] GC(22682) Humongous regions: 5->5
[2023-11-10T11:47:02.112-0800][76425744ms] GC(22682) Metaspace: 304918K->304918K(1349632K)
[2023-11-10T11:47:02.112-0800][76425744ms] GC(22682) Pause Young (Normal) (G1 Evacuation Pause) 3235M->2855M(3602M) 5.637ms
[2023-11-10T11:47:02.112-0800][76425744ms] GC(22682) User=0.00s Sys=0.00s Real=0.01s
[2023-11-10T11:47:02.560-0800][76426192ms] GC(22683) Pause Young (Normal) (G1 Evacuation Pause)
[2023-11-10T11:47:02.560-0800][76426192ms] GC(22683) Using 10 workers of 10 for evacuation
[2023-11-10T11:47:02.566-0800][76426198ms] GC(22683)   Pre Evacuate Collection Set: 0.0ms
[2023-11-10T11:47:02.566-0800][76426198ms] GC(22683)   Evacuate Collection Set: 1.7ms
[2023-11-10T11:47:02.566-0800][76426198ms] GC(22683)   Post Evacuate Collection Set: 4.2ms
[2023-11-10T11:47:02.566-0800][76426198ms] GC(22683)   Other: 0.3ms
[2023-11-10T11:47:02.566-0800][76426198ms] GC(22683) Eden regions: 190->0(190)
[2023-11-10T11:47:02.566-0800][76426198ms] GC(22683) Survivor regions: 1->1(24)
[2023-11-10T11:47:02.566-0800][76426198ms] GC(22683) Old regions: 1423->1423
[2023-11-10T11:47:02.566-0800][76426198ms] GC(22683) Humongous regions: 5->5
[2023-11-10T11:47:02.566-0800][76426198ms] GC(22683) Metaspace: 304918K->304918K(1349632K)
[2023-11-10T11:47:02.566-0800][76426198ms] GC(22683) Pause Young (Normal) (G1 Evacuation Pause) 3235M->2855M(3602M) 6.436ms
[2023-11-10T11:47:02.566-0800][76426198ms] GC(22683) User=0.00s Sys=0.00s Real=0.01s
[2023-11-10T11:47:03.018-0800][76426650ms] GC(22684) Pause Young (Normal) (G1 Evacuation Pause)
[2023-11-10T11:47:03.018-0800][76426650ms] GC(22684) Using 10 workers of 10 for evacuation
[2023-11-10T11:47:03.024-0800][76426656ms] GC(22684)   Pre Evacuate Collection Set: 0.1ms
[2023-11-10T11:47:03.025-0800][76426657ms] GC(22684)   Evacuate Collection Set: 1.9ms
[2023-11-10T11:47:03.025-0800][76426657ms] GC(22684)   Post Evacuate Collection Set: 3.1ms
[2023-11-10T11:47:03.025-0800][76426657ms] GC(22684)   Other: 0.3ms
[2023-11-10T11:47:03.025-0800][76426657ms] GC(22684) Eden regions: 190->0(190)
[2023-11-10T11:47:03.025-0800][76426657ms] GC(22684) Survivor regions: 1->1(24)
[2023-11-10T11:47:03.025-0800][76426657ms] GC(22684) Old regions: 1423->1423
[2023-11-10T11:47:03.025-0800][76426657ms] GC(22684) Humongous regions: 5->5
[2023-11-10T11:47:03.025-0800][76426657ms] GC(22684) Metaspace: 304918K->304918K(1349632K)
[2023-11-10T11:47:03.025-0800][76426657ms] GC(22684) Pause Young (Normal) (G1 Evacuation Pause) 3235M->2855M(3602M) 5.467ms
[2023-11-10T11:47:03.025-0800][76426657ms] GC(22684) User=0.00s Sys=0.00s Real=0.01s
[2023-11-10T11:47:03.540-0800][76427172ms] GC(22685) Pause Young (Normal) (G1 Evacuation Pause)
[2023-11-10T11:47:03.540-0800][76427172ms] GC(22685) Using 10 workers of 10 for evacuation
[2023-11-10T11:47:03.546-0800][76427178ms] GC(22685)   Pre Evacuate Collection Set: 0.0ms
[2023-11-10T11:47:03.546-0800][76427178ms] GC(22685)   Evacuate Collection Set: 1.8ms
[2023-11-10T11:47:03.546-0800][76427178ms] GC(22685)   Post Evacuate Collection Set: 3.8ms
[2023-11-10T11:47:03.546-0800][76427178ms] GC(22685)   Other: 0.3ms
[2023-11-10T11:47:03.546-0800][76427178ms] GC(22685) Eden regions: 190->0(190)
[2023-11-10T11:47:03.546-0800][76427178ms] GC(22685) Survivor regions: 1->1(24)
[2023-11-10T11:47:03.546-0800][76427178ms] GC(22685) Old regions: 1423->1423
[2023-11-10T11:47:03.546-0800][76427178ms] GC(22685) Humongous regions: 5->5
[2023-11-10T11:47:03.546-0800][76427178ms] GC(22685) Metaspace: 304918K->304918K(1349632K)
[2023-11-10T11:47:03.546-0800][76427178ms] GC(22685) Pause Young (Normal) (G1 Evacuation Pause) 3235M->2855M(3602M) 6.040ms
[2023-11-10T11:47:03.546-0800][76427178ms] GC(22685) User=0.00s Sys=0.00s Real=0.01s
[2023-11-10T11:47:04.023-0800][76427655ms] GC(22686) Pause Young (Normal) (G1 Evacuation Pause)
[2023-11-10T11:47:04.023-0800][76427655ms] GC(22686) Using 10 workers of 10 for evacuation
[2023-11-10T11:47:04.029-0800][76427661ms] GC(22686)   Pre Evacuate Collection Set: 0.1ms
[2023-11-10T11:47:04.029-0800][76427661ms] GC(22686)   Evacuate Collection Set: 2.2ms
[2023-11-10T11:47:04.029-0800][76427661ms] GC(22686)   Post Evacuate Collection Set: 3.1ms
[2023-11-10T11:47:04.029-0800][76427661ms] GC(22686)   Other: 0.3ms
[2023-11-10T11:47:04.029-0800][76427661ms] GC(22686) Eden regions: 190->0(190)
[2023-11-10T11:47:04.029-0800][76427661ms] GC(22686) Survivor regions: 1->1(24)
[2023-11-10T11:47:04.029-0800][76427661ms] GC(22686) Old regions: 1423->1423
[2023-11-10T11:47:04.029-0800][76427661ms] GC(22686) Humongous regions: 5->5
[2023-11-10T11:47:04.029-0800][76427661ms] GC(22686) Metaspace: 304918K->304918K(1349632K)
[2023-11-10T11:47:04.029-0800][76427661ms] GC(22686) Pause Young (Normal) (G1 Evacuation Pause) 3235M->2855M(3602M) 5.850ms
[2023-11-10T11:47:04.029-0800][76427661ms] GC(22686) User=0.00s Sys=0.00s Real=0.01s
[2023-11-10T11:47:04.491-0800][76428123ms] GC(22687) Pause Young (Normal) (G1 Evacuation Pause)
[2023-11-10T11:47:04.491-0800][76428123ms] GC(22687) Using 10 workers of 10 for evacuation
[2023-11-10T11:47:04.500-0800][76428132ms] GC(22687)   Pre Evacuate Collection Set: 0.1ms
[2023-11-10T11:47:04.500-0800][76428132ms] GC(22687)   Evacuate Collection Set: 2.8ms
[2023-11-10T11:47:04.501-0800][76428133ms] GC(22687)   Post Evacuate Collection Set: 6.4ms
[2023-11-10T11:47:04.501-0800][76428133ms] GC(22687)   Other: 0.4ms
[2023-11-10T11:47:04.501-0800][76428133ms] GC(22687) Eden regions: 190->0(190)
[2023-11-10T11:47:04.501-0800][76428133ms] GC(22687) Survivor regions: 1->1(24)
[2023-11-10T11:47:04.501-0800][76428133ms] GC(22687) Old regions: 1423->1423
[2023-11-10T11:47:04.501-0800][76428133ms] GC(22687) Humongous regions: 5->5
[2023-11-10T11:47:04.501-0800][76428133ms] GC(22687) Metaspace: 304918K->304918K(1349632K)
[2023-11-10T11:47:04.501-0800][76428133ms] GC(22687) Pause Young (Normal) (G1 Evacuation Pause) 3235M->2855M(3602M) 9.790ms
[2023-11-10T11:47:04.501-0800][76428133ms] GC(22687) User=0.11s Sys=0.00s Real=0.01s
[2023-11-10T11:47:05.029-0800][76428661ms] GC(22688) Pause Young (Normal) (G1 Evacuation Pause)
[2023-11-10T11:47:05.029-0800][76428661ms] GC(22688) Using 10 workers of 10 for evacuation
[2023-11-10T11:47:05.039-0800][76428671ms] GC(22688)   Pre Evacuate Collection Set: 0.1ms
[2023-11-10T11:47:05.039-0800][76428671ms] GC(22688)   Evacuate Collection Set: 2.9ms
[2023-11-10T11:47:05.039-0800][76428671ms] GC(22688)   Post Evacuate Collection Set: 5.4ms
[2023-11-10T11:47:05.039-0800][76428671ms] GC(22688)   Other: 0.5ms
[2023-11-10T11:47:05.039-0800][76428671ms] GC(22688) Eden regions: 190->0(190)
[2023-11-10T11:47:05.039-0800][76428671ms] GC(22688) Survivor regions: 1->1(24)
[2023-11-10T11:47:05.039-0800][76428671ms] GC(22688) Old regions: 1423->1423
[2023-11-10T11:47:05.039-0800][76428671ms] GC(22688) Humongous regions: 5->5
[2023-11-10T11:47:05.039-0800][76428671ms] GC(22688) Metaspace: 304918K->304918K(1349632K)
[2023-11-10T11:47:05.039-0800][76428671ms] GC(22688) Pause Young (Normal) (G1 Evacuation Pause) 3235M->2855M(3602M) 9.111ms
[2023-11-10T11:47:05.039-0800][76428671ms] GC(22688) User=0.00s Sys=0.00s Real=0.01s
[2023-11-10T11:47:05.495-0800][76429127ms] GC(22689) Pause Young (Normal) (G1 Evacuation Pause)
[2023-11-10T11:47:05.495-0800][76429127ms] GC(22689) Using 10 workers of 10 for evacuation
[2023-11-10T11:47:05.502-0800][76429134ms] GC(22689)   Pre Evacuate Collection Set: 0.0ms
[2023-11-10T11:47:05.502-0800][76429134ms] GC(22689)   Evacuate Collection Set: 1.7ms
[2023-11-10T11:47:05.502-0800][76429134ms] GC(22689)   Post Evacuate Collection Set: 4.2ms
[2023-11-10T11:47:05.502-0800][76429134ms] GC(22689)   Other: 0.3ms
[2023-11-10T11:47:05.502-0800][76429134ms] GC(22689) Eden regions: 190->0(189)
[2023-11-10T11:47:05.502-0800][76429134ms] GC(22689) Survivor regions: 1->1(24)
[2023-11-10T11:47:05.502-0800][76429134ms] GC(22689) Old regions: 1423->1423
[2023-11-10T11:47:05.502-0800][76429134ms] GC(22689) Humongous regions: 5->5
[2023-11-10T11:47:05.502-0800][76429134ms] GC(22689) Metaspace: 304918K->304918K(1349632K)
[2023-11-10T11:47:05.502-0800][76429134ms] GC(22689) Pause Young (Normal) (G1 Evacuation Pause) 3235M->2856M(3602M) 6.420ms
[2023-11-10T11:47:05.502-0800][76429134ms] GC(22689) User=0.00s Sys=0.00s Real=0.01s
[2023-11-10T11:47:05.962-0800][76429594ms] GC(22690) Pause Young (Normal) (G1 Evacuation Pause)
[2023-11-10T11:47:05.962-0800][76429594ms] GC(22690) Using 10 workers of 10 for evacuation
[2023-11-10T11:47:05.968-0800][76429600ms] GC(22690)   Pre Evacuate Collection Set: 0.1ms
[2023-11-10T11:47:05.968-0800][76429600ms] GC(22690)   Evacuate Collection Set: 2.8ms
[2023-11-10T11:47:05.968-0800][76429600ms] GC(22690)   Post Evacuate Collection Set: 3.9ms
[2023-11-10T11:47:05.968-0800][76429600ms] GC(22690)   Other: 0.3ms
[2023-11-10T11:47:05.969-0800][76429601ms] GC(22690) Eden regions: 189->0(189)
[2023-11-10T11:47:05.969-0800][76429601ms] GC(22690) Survivor regions: 1->1(24)
[2023-11-10T11:47:05.969-0800][76429601ms] GC(22690) Old regions: 1423->1423
[2023-11-10T11:47:05.969-0800][76429601ms] GC(22690) Humongous regions: 5->5
[2023-11-10T11:47:05.969-0800][76429601ms] GC(22690) Metaspace: 304918K->304918K(1349632K)
[2023-11-10T11:47:05.969-0800][76429601ms] GC(22690) Pause Young (Normal) (G1 Evacuation Pause) 3234M->2855M(3602M) 7.164ms
[2023-11-10T11:47:05.969-0800][76429601ms] GC(22690) User=0.00s Sys=0.00s Real=0.01s
[2023-11-10T11:47:06.502-0800][76430134ms] GC(22691) Pause Young (Normal) (G1 Evacuation Pause)
[2023-11-10T11:47:06.502-0800][76430134ms] GC(22691) Using 10 workers of 10 for evacuation
[2023-11-10T11:47:06.508-0800][76430140ms] GC(22691)   Pre Evacuate Collection Set: 0.1ms
[2023-11-10T11:47:06.508-0800][76430140ms] GC(22691)   Evacuate Collection Set: 2.2ms
[2023-11-10T11:47:06.508-0800][76430140ms] GC(22691)   Post Evacuate Collection Set: 4.2ms
[2023-11-10T11:47:06.508-0800][76430140ms] GC(22691)   Other: 0.3ms
[2023-11-10T11:47:06.508-0800][76430140ms] GC(22691) Eden regions: 189->0(189)
[2023-11-10T11:47:06.508-0800][76430140ms] GC(22691) Survivor regions: 1->1(24)
[2023-11-10T11:47:06.508-0800][76430140ms] GC(22691) Old regions: 1423->1423
[2023-11-10T11:47:06.508-0800][76430140ms] GC(22691) Humongous regions: 5->5
[2023-11-10T11:47:06.508-0800][76430140ms] GC(22691) Metaspace: 304918K->304918K(1349632K)
[2023-11-10T11:47:06.508-0800][76430140ms] GC(22691) Pause Young (Normal) (G1 Evacuation Pause) 3233M->2855M(3602M) 6.877ms
[2023-11-10T11:47:06.508-0800][76430140ms] GC(22691) User=0.02s Sys=0.00s Real=0.01s
[2023-11-10T11:47:06.998-0800][76430630ms] GC(22692) Pause Young (Normal) (G1 Evacuation Pause)
[2023-11-10T11:47:06.998-0800][76430630ms] GC(22692) Using 10 workers of 10 for evacuation
[2023-11-10T11:47:07.004-0800][76430636ms] GC(22692)   Pre Evacuate Collection Set: 0.0ms
[2023-11-10T11:47:07.004-0800][76430636ms] GC(22692)   Evacuate Collection Set: 1.8ms
[2023-11-10T11:47:07.004-0800][76430636ms] GC(22692)   Post Evacuate Collection Set: 3.7ms
[2023-11-10T11:47:07.004-0800][76430636ms] GC(22692)   Other: 0.4ms
[2023-11-10T11:47:07.004-0800][76430636ms] GC(22692) Eden regions: 189->0(189)
[2023-11-10T11:47:07.004-0800][76430636ms] GC(22692) Survivor regions: 1->1(24)
[2023-11-10T11:47:07.004-0800][76430636ms] GC(22692) Old regions: 1423->1423
[2023-11-10T11:47:07.004-0800][76430636ms] GC(22692) Humongous regions: 5->5
[2023-11-10T11:47:07.004-0800][76430636ms] GC(22692) Metaspace: 304918K->304918K(1349632K)
[2023-11-10T11:47:07.004-0800][76430636ms] GC(22692) Pause Young (Normal) (G1 Evacuation Pause) 3233M->2855M(3602M) 6.129ms
[2023-11-10T11:47:07.004-0800][76430636ms] GC(22692) User=0.00s Sys=0.00s Real=0.01s
[2023-11-10T11:47:07.534-0800][76431166ms] GC(22693) Pause Young (Normal) (G1 Evacuation Pause)
[2023-11-10T11:47:07.534-0800][76431166ms] GC(22693) Using 10 workers of 10 for evacuation
[2023-11-10T11:47:07.542-0800][76431174ms] GC(22693)   Pre Evacuate Collection Set: 0.1ms
[2023-11-10T11:47:07.542-0800][76431174ms] GC(22693)   Evacuate Collection Set: 2.6ms
[2023-11-10T11:47:07.542-0800][76431174ms] GC(22693)   Post Evacuate Collection Set: 4.5ms
[2023-11-10T11:47:07.542-0800][76431174ms] GC(22693)   Other: 0.4ms
[2023-11-10T11:47:07.542-0800][76431174ms] GC(22693) Eden regions: 189->0(189)
[2023-11-10T11:47:07.542-0800][76431174ms] GC(22693) Survivor regions: 1->1(24)
[2023-11-10T11:47:07.542-0800][76431174ms] GC(22693) Old regions: 1423->1423
[2023-11-10T11:47:07.542-0800][76431174ms] GC(22693) Humongous regions: 5->5
[2023-11-10T11:47:07.542-0800][76431174ms] GC(22693) Metaspace: 304918K->304918K(1349632K)
[2023-11-10T11:47:07.542-0800][76431174ms] GC(22693) Pause Young (Normal) (G1 Evacuation Pause) 3233M->2855M(3602M) 7.629ms
[2023-11-10T11:47:07.542-0800][76431174ms] GC(22693) User=0.02s Sys=0.00s Real=0.01s
[2023-11-10T11:47:08.035-0800][76431667ms] GC(22694) Pause Young (Normal) (G1 Evacuation Pause)
[2023-11-10T11:47:08.035-0800][76431667ms] GC(22694) Using 10 workers of 10 for evacuation
[2023-11-10T11:47:08.040-0800][76431672ms] GC(22694)   Pre Evacuate Collection Set: 0.0ms
[2023-11-10T11:47:08.040-0800][76431672ms] GC(22694)   Evacuate Collection Set: 1.7ms
[2023-11-10T11:47:08.040-0800][76431672ms] GC(22694)   Post Evacuate Collection Set: 3.2ms
[2023-11-10T11:47:08.040-0800][76431672ms] GC(22694)   Other: 0.3ms
[2023-11-10T11:47:08.040-0800][76431672ms] GC(22694) Eden regions: 189->0(189)
[2023-11-10T11:47:08.040-0800][76431672ms] GC(22694) Survivor regions: 1->1(24)
[2023-11-10T11:47:08.040-0800][76431672ms] GC(22694) Old regions: 1423->1423
[2023-11-10T11:47:08.040-0800][76431672ms] GC(22694) Humongous regions: 5->5
[2023-11-10T11:47:08.040-0800][76431672ms] GC(22694) Metaspace: 304918K->304918K(1349632K)
[2023-11-10T11:47:08.040-0800][76431672ms] GC(22694) Pause Young (Normal) (G1 Evacuation Pause) 3233M->2856M(3602M) 5.291ms
[2023-11-10T11:47:08.040-0800][76431672ms] GC(22694) User=0.00s Sys=0.00s Real=0.00s
[2023-11-10T11:47:08.511-0800][76432143ms] GC(22695) Pause Young (Normal) (G1 Evacuation Pause)
[2023-11-10T11:47:08.511-0800][76432143ms] GC(22695) Using 10 workers of 10 for evacuation
[2023-11-10T11:47:08.515-0800][76432147ms] GC(22695)   Pre Evacuate Collection Set: 0.0ms
[2023-11-10T11:47:08.515-0800][76432147ms] GC(22695)   Evacuate Collection Set: 1.7ms
[2023-11-10T11:47:08.515-0800][76432147ms] GC(22695)   Post Evacuate Collection Set: 3.1ms
[2023-11-10T11:47:08.515-0800][76432147ms] GC(22695)   Other: 0.3ms
[2023-11-10T11:47:08.515-0800][76432147ms] GC(22695) Eden regions: 189->0(189)
[2023-11-10T11:47:08.515-0800][76432147ms] GC(22695) Survivor regions: 1->1(24)
[2023-11-10T11:47:08.515-0800][76432147ms] GC(22695) Old regions: 1423->1423
[2023-11-10T11:47:08.515-0800][76432147ms] GC(22695) Humongous regions: 5->5
[2023-11-10T11:47:08.515-0800][76432147ms] GC(22695) Metaspace: 304918K->304918K(1349632K)
[2023-11-10T11:47:08.515-0800][76432147ms] GC(22695) Pause Young (Normal) (G1 Evacuation Pause) 3234M->2856M(3602M) 5.284ms
[2023-11-10T11:47:08.515-0800][76432147ms] GC(22695) User=0.00s Sys=0.00s Real=0.00s
[2023-11-10T11:47:08.951-0800][76432583ms] GC(22696) Pause Young (Normal) (G1 Evacuation Pause)
[2023-11-10T11:47:08.951-0800][76432583ms] GC(22696) Using 10 workers of 10 for evacuation
[2023-11-10T11:47:08.955-0800][76432587ms] GC(22696)   Pre Evacuate Collection Set: 0.1ms
[2023-11-10T11:47:08.955-0800][76432587ms] GC(22696)   Evacuate Collection Set: 1.8ms
[2023-11-10T11:47:08.955-0800][76432587ms] GC(22696)   Post Evacuate Collection Set: 3.2ms
[2023-11-10T11:47:08.955-0800][76432587ms] GC(22696)   Other: 0.4ms
[2023-11-10T11:47:08.955-0800][76432587ms] GC(22696) Eden regions: 189->0(189)
[2023-11-10T11:47:08.955-0800][76432587ms] GC(22696) Survivor regions: 1->1(24)
[2023-11-10T11:47:08.955-0800][76432587ms] GC(22696) Old regions: 1423->1423
[2023-11-10T11:47:08.955-0800][76432587ms] GC(22696) Humongous regions: 5->5
[2023-11-10T11:47:08.955-0800][76432587ms] GC(22696) Metaspace: 304918K->304918K(1349632K)
[2023-11-10T11:47:08.955-0800][76432587ms] GC(22696) Pause Young (Normal) (G1 Evacuation Pause) 3234M->2855M(3602M) 5.575ms
[2023-11-10T11:47:08.957-0800][76432589ms] GC(22696) User=0.00s Sys=0.00s Real=0.01s
[2023-11-10T11:47:09.397-0800][76433029ms] GC(22697) Pause Young (Normal) (G1 Evacuation Pause)
[2023-11-10T11:47:09.397-0800][76433029ms] GC(22697) Using 10 workers of 10 for evacuation
[2023-11-10T11:47:09.403-0800][76433035ms] GC(22697)   Pre Evacuate Collection Set: 0.0ms
[2023-11-10T11:47:09.403-0800][76433035ms] GC(22697)   Evacuate Collection Set: 1.8ms
[2023-11-10T11:47:09.403-0800][76433035ms] GC(22697)   Post Evacuate Collection Set: 4.2ms
[2023-11-10T11:47:09.403-0800][76433035ms] GC(22697)   Other: 0.3ms
[2023-11-10T11:47:09.403-0800][76433035ms] GC(22697) Eden regions: 189->0(189)
[2023-11-10T11:47:09.403-0800][76433035ms] GC(22697) Survivor regions: 1->1(24)
[2023-11-10T11:47:09.403-0800][76433035ms] GC(22697) Old regions: 1423->1423
[2023-11-10T11:47:09.403-0800][76433035ms] GC(22697) Humongous regions: 5->5
[2023-11-10T11:47:09.403-0800][76433035ms] GC(22697) Metaspace: 304918K->304918K(1349632K)
[2023-11-10T11:47:09.403-0800][76433035ms] GC(22697) Pause Young (Normal) (G1 Evacuation Pause) 3233M->2856M(3602M) 6.407ms
[2023-11-10T11:47:09.403-0800][76433035ms] GC(22697) User=0.11s Sys=0.00s Real=0.01s
[2023-11-10T11:47:09.836-0800][76433468ms] GC(22698) Pause Young (Normal) (G1 Evacuation Pause)
[2023-11-10T11:47:09.836-0800][76433468ms] GC(22698) Using 10 workers of 10 for evacuation
[2023-11-10T11:47:09.841-0800][76433473ms] GC(22698)   Pre Evacuate Collection Set: 0.0ms
[2023-11-10T11:47:09.841-0800][76433473ms] GC(22698)   Evacuate Collection Set: 2.0ms
[2023-11-10T11:47:09.841-0800][76433473ms] GC(22698)   Post Evacuate Collection Set: 3.5ms
[2023-11-10T11:47:09.841-0800][76433473ms] GC(22698)   Other: 0.3ms
[2023-11-10T11:47:09.841-0800][76433473ms] GC(22698) Eden regions: 189->0(189)
[2023-11-10T11:47:09.841-0800][76433473ms] GC(22698) Survivor regions: 1->1(24)
[2023-11-10T11:47:09.841-0800][76433473ms] GC(22698) Old regions: 1423->1423
[2023-11-10T11:47:09.841-0800][76433473ms] GC(22698) Humongous regions: 5->5
[2023-11-10T11:47:09.841-0800][76433473ms] GC(22698) Metaspace: 304918K->304918K(1349632K)
[2023-11-10T11:47:09.841-0800][76433473ms] GC(22698) Pause Young (Normal) (G1 Evacuation Pause) 3234M->2855M(3602M) 5.928ms
[2023-11-10T11:47:09.841-0800][76433473ms] GC(22698) User=0.00s Sys=0.00s Real=0.01s
[2023-11-10T11:47:10.328-0800][76433960ms] GC(22699) Pause Young (Normal) (G1 Evacuation Pause)
[2023-11-10T11:47:10.328-0800][76433960ms] GC(22699) Using 10 workers of 10 for evacuation
[2023-11-10T11:47:10.335-0800][76433967ms] GC(22699)   Pre Evacuate Collection Set: 0.1ms
[2023-11-10T11:47:10.335-0800][76433967ms] GC(22699)   Evacuate Collection Set: 2.1ms
[2023-11-10T11:47:10.335-0800][76433967ms] GC(22699)   Post Evacuate Collection Set: 4.9ms
[2023-11-10T11:47:10.335-0800][76433967ms] GC(22699)   Other: 0.4ms
[2023-11-10T11:47:10.335-0800][76433967ms] GC(22699) Eden regions: 189->0(189)
[2023-11-10T11:47:10.335-0800][76433967ms] GC(22699) Survivor regions: 1->1(24)
[2023-11-10T11:47:10.335-0800][76433967ms] GC(22699) Old regions: 1423->1423
[2023-11-10T11:47:10.335-0800][76433967ms] GC(22699) Humongous regions: 5->5
[2023-11-10T11:47:10.335-0800][76433967ms] GC(22699) Metaspace: 304918K->304918K(1349632K)
[2023-11-10T11:47:10.335-0800][76433967ms] GC(22699) Pause Young (Normal) (G1 Evacuation Pause) 3233M->2855M(3602M) 7.604ms
[2023-11-10T11:47:10.335-0800][76433967ms] GC(22699) User=0.02s Sys=0.00s Real=0.01s
[2023-11-10T11:47:10.838-0800][76434470ms] GC(22700) Pause Young (Normal) (G1 Evacuation Pause)
[2023-11-10T11:47:10.838-0800][76434470ms] GC(22700) Using 10 workers of 10 for evacuation
[2023-11-10T11:47:10.846-0800][76434478ms] GC(22700)   Pre Evacuate Collection Set: 0.1ms
[2023-11-10T11:47:10.846-0800][76434478ms] GC(22700)   Evacuate Collection Set: 2.9ms
[2023-11-10T11:47:10.846-0800][76434478ms] GC(22700)   Post Evacuate Collection Set: 5.9ms
[2023-11-10T11:47:10.846-0800][76434478ms] GC(22700)   Other: 0.4ms
[2023-11-10T11:47:10.846-0800][76434478ms] GC(22700) Eden regions: 189->0(189)
[2023-11-10T11:47:10.846-0800][76434478ms] GC(22700) Survivor regions: 1->1(24)
[2023-11-10T11:47:10.846-0800][76434478ms] GC(22700) Old regions: 1423->1423
[2023-11-10T11:47:10.846-0800][76434478ms] GC(22700) Humongous regions: 5->5
[2023-11-10T11:47:10.846-0800][76434478ms] GC(22700) Metaspace: 304918K->304918K(1349632K)
[2023-11-10T11:47:10.846-0800][76434478ms] GC(22700) Pause Young (Normal) (G1 Evacuation Pause) 3233M->2855M(3602M) 9.356ms
[2023-11-10T11:47:10.847-0800][76434479ms] GC(22700) User=0.00s Sys=0.00s Real=0.01s
[2023-11-10T11:47:11.328-0800][76434960ms] GC(22701) Pause Young (Normal) (G1 Evacuation Pause)
[2023-11-10T11:47:11.328-0800][76434960ms] GC(22701) Using 10 workers of 10 for evacuation
[2023-11-10T11:47:11.333-0800][76434965ms] GC(22701)   Pre Evacuate Collection Set: 0.0ms
[2023-11-10T11:47:11.333-0800][76434965ms] GC(22701)   Evacuate Collection Set: 1.6ms
[2023-11-10T11:47:11.333-0800][76434965ms] GC(22701)   Post Evacuate Collection Set: 3.4ms
[2023-11-10T11:47:11.333-0800][76434965ms] GC(22701)   Other: 0.3ms
[2023-11-10T11:47:11.333-0800][76434965ms] GC(22701) Eden regions: 189->0(189)
[2023-11-10T11:47:11.333-0800][76434965ms] GC(22701) Survivor regions: 1->1(24)
[2023-11-10T11:47:11.333-0800][76434965ms] GC(22701) Old regions: 1423->1423
[2023-11-10T11:47:11.333-0800][76434965ms] GC(22701) Humongous regions: 5->5
[2023-11-10T11:47:11.333-0800][76434965ms] GC(22701) Metaspace: 304918K->304918K(1349632K)
[2023-11-10T11:47:11.333-0800][76434965ms] GC(22701) Pause Young (Normal) (G1 Evacuation Pause) 3233M->2855M(3602M) 5.463ms
[2023-11-10T11:47:11.333-0800][76434965ms] GC(22701) User=0.00s Sys=0.00s Real=0.00s
[2023-11-10T11:47:11.713-0800][76435345ms] GC(22702) Pause Young (Normal) (G1 Evacuation Pause)
[2023-11-10T11:47:11.713-0800][76435345ms] GC(22702) Using 10 workers of 10 for evacuation
[2023-11-10T11:47:11.719-0800][76435351ms] GC(22702)   Pre Evacuate Collection Set: 0.1ms
[2023-11-10T11:47:11.719-0800][76435351ms] GC(22702)   Evacuate Collection Set: 2.0ms
[2023-11-10T11:47:11.719-0800][76435351ms] GC(22702)   Post Evacuate Collection Set: 3.9ms
[2023-11-10T11:47:11.719-0800][76435351ms] GC(22702)   Other: 0.4ms
[2023-11-10T11:47:11.719-0800][76435351ms] GC(22702) Eden regions: 189->0(189)
[2023-11-10T11:47:11.719-0800][76435351ms] GC(22702) Survivor regions: 1->1(24)
[2023-11-10T11:47:11.719-0800][76435351ms] GC(22702) Old regions: 1423->1423
[2023-11-10T11:47:11.719-0800][76435351ms] GC(22702) Humongous regions: 5->5
[2023-11-10T11:47:11.719-0800][76435351ms] GC(22702) Metaspace: 304918K->304918K(1349632K)
[2023-11-10T11:47:11.719-0800][76435351ms] GC(22702) Pause Young (Normal) (G1 Evacuation Pause) 3233M->2855M(3602M) 6.457ms
[2023-11-10T11:47:11.719-0800][76435351ms] GC(22702) User=0.00s Sys=0.00s Real=0.01s
[2023-11-10T11:47:12.148-0800][76435780ms] GC(22703) Pause Young (Normal) (G1 Evacuation Pause)
[2023-11-10T11:47:12.148-0800][76435780ms] GC(22703) Using 10 workers of 10 for evacuation
[2023-11-10T11:47:12.155-0800][76435787ms] GC(22703)   Pre Evacuate Collection Set: 0.0ms
[2023-11-10T11:47:12.155-0800][76435787ms] GC(22703)   Evacuate Collection Set: 1.8ms
[2023-11-10T11:47:12.155-0800][76435787ms] GC(22703)   Post Evacuate Collection Set: 4.3ms
[2023-11-10T11:47:12.155-0800][76435787ms] GC(22703)   Other: 0.3ms
[2023-11-10T11:47:12.155-0800][76435787ms] GC(22703) Eden regions: 189->0(189)
[2023-11-10T11:47:12.155-0800][76435787ms] GC(22703) Survivor regions: 1->1(24)
[2023-11-10T11:47:12.155-0800][76435787ms] GC(22703) Old regions: 1423->1423
[2023-11-10T11:47:12.155-0800][76435787ms] GC(22703) Humongous regions: 5->5
[2023-11-10T11:47:12.155-0800][76435787ms] GC(22703) Metaspace: 304918K->304918K(1349632K)
[2023-11-10T11:47:12.155-0800][76435787ms] GC(22703) Pause Young (Normal) (G1 Evacuation Pause) 3233M->2855M(3602M) 6.427ms
[2023-11-10T11:47:12.155-0800][76435787ms] GC(22703) User=0.00s Sys=0.00s Real=0.01s
[2023-11-10T11:47:12.655-0800][76436287ms] GC(22704) Pause Young (Normal) (G1 Evacuation Pause)
[2023-11-10T11:47:12.655-0800][76436287ms] GC(22704) Using 10 workers of 10 for evacuation
[2023-11-10T11:47:12.660-0800][76436292ms] GC(22704)   Pre Evacuate Collection Set: 0.0ms
[2023-11-10T11:47:12.660-0800][76436292ms] GC(22704)   Evacuate Collection Set: 1.8ms
[2023-11-10T11:47:12.660-0800][76436292ms] GC(22704)   Post Evacuate Collection Set: 3.3ms
[2023-11-10T11:47:12.660-0800][76436292ms] GC(22704)   Other: 0.3ms
[2023-11-10T11:47:12.660-0800][76436292ms] GC(22704) Eden regions: 189->0(189)
[2023-11-10T11:47:12.660-0800][76436292ms] GC(22704) Survivor regions: 1->1(24)
[2023-11-10T11:47:12.660-0800][76436292ms] GC(22704) Old regions: 1423->1423
[2023-11-10T11:47:12.660-0800][76436292ms] GC(22704) Humongous regions: 5->5
[2023-11-10T11:47:12.660-0800][76436292ms] GC(22704) Metaspace: 304918K->304918K(1349632K)
[2023-11-10T11:47:12.660-0800][76436292ms] GC(22704) Pause Young (Normal) (G1 Evacuation Pause) 3233M->2855M(3602M) 5.502ms
[2023-11-10T11:47:12.660-0800][76436292ms] GC(22704) User=0.00s Sys=0.00s Real=0.01s
[2023-11-10T11:47:13.097-0800][76436729ms] GC(22705) Pause Young (Normal) (G1 Evacuation Pause)
[2023-11-10T11:47:13.097-0800][76436729ms] GC(22705) Using 10 workers of 10 for evacuation
[2023-11-10T11:47:13.103-0800][76436735ms] GC(22705)   Pre Evacuate Collection Set: 0.0ms
[2023-11-10T11:47:13.103-0800][76436735ms] GC(22705)   Evacuate Collection Set: 1.7ms
[2023-11-10T11:47:13.103-0800][76436735ms] GC(22705)   Post Evacuate Collection Set: 3.6ms
[2023-11-10T11:47:13.103-0800][76436735ms] GC(22705)   Other: 0.3ms
[2023-11-10T11:47:13.103-0800][76436735ms] GC(22705) Eden regions: 189->0(189)
[2023-11-10T11:47:13.103-0800][76436735ms] GC(22705) Survivor regions: 1->1(24)
[2023-11-10T11:47:13.103-0800][76436735ms] GC(22705) Old regions: 1423->1423
[2023-11-10T11:47:13.103-0800][76436735ms] GC(22705) Humongous regions: 5->5
[2023-11-10T11:47:13.103-0800][76436735ms] GC(22705) Metaspace: 304918K->304918K(1349632K)
[2023-11-10T11:47:13.103-0800][76436735ms] GC(22705) Pause Young (Normal) (G1 Evacuation Pause) 3233M->2855M(3602M) 5.706ms
[2023-11-10T11:47:13.103-0800][76436735ms] GC(22705) User=0.00s Sys=0.00s Real=0.01s
[2023-11-10T11:47:13.600-0800][76437232ms] GC(22706) Pause Young (Normal) (G1 Evacuation Pause)
[2023-11-10T11:47:13.600-0800][76437232ms] GC(22706) Using 10 workers of 10 for evacuation
[2023-11-10T11:47:13.606-0800][76437238ms] GC(22706)   Pre Evacuate Collection Set: 0.0ms
[2023-11-10T11:47:13.606-0800][76437238ms] GC(22706)   Evacuate Collection Set: 2.5ms
[2023-11-10T11:47:13.606-0800][76437238ms] GC(22706)   Post Evacuate Collection Set: 3.4ms
[2023-11-10T11:47:13.606-0800][76437238ms] GC(22706)   Other: 0.3ms
[2023-11-10T11:47:13.607-0800][76437239ms] GC(22706) Eden regions: 189->0(189)
[2023-11-10T11:47:13.607-0800][76437239ms] GC(22706) Survivor regions: 1->1(24)
[2023-11-10T11:47:13.607-0800][76437239ms] GC(22706) Old regions: 1423->1423
[2023-11-10T11:47:13.607-0800][76437239ms] GC(22706) Humongous regions: 5->5
[2023-11-10T11:47:13.607-0800][76437239ms] GC(22706) Metaspace: 304918K->304918K(1349632K)
[2023-11-10T11:47:13.607-0800][76437239ms] GC(22706) Pause Young (Normal) (G1 Evacuation Pause) 3233M->2855M(3602M) 6.330ms
[2023-11-10T11:47:13.607-0800][76437239ms] GC(22706) User=0.05s Sys=0.00s Real=0.01s
[2023-11-10T11:47:14.118-0800][76437750ms] GC(22707) Pause Young (Normal) (G1 Evacuation Pause)
[2023-11-10T11:47:14.118-0800][76437750ms] GC(22707) Using 10 workers of 10 for evacuation
[2023-11-10T11:47:14.125-0800][76437757ms] GC(22707)   Pre Evacuate Collection Set: 0.0ms
[2023-11-10T11:47:14.125-0800][76437757ms] GC(22707)   Evacuate Collection Set: 1.7ms
[2023-11-10T11:47:14.125-0800][76437757ms] GC(22707)   Post Evacuate Collection Set: 3.7ms
[2023-11-10T11:47:14.125-0800][76437757ms] GC(22707)   Other: 0.3ms
[2023-11-10T11:47:14.125-0800][76437757ms] GC(22707) Eden regions: 189->0(189)
[2023-11-10T11:47:14.125-0800][76437757ms] GC(22707) Survivor regions: 1->1(24)
[2023-11-10T11:47:14.125-0800][76437757ms] GC(22707) Old regions: 1423->1423
[2023-11-10T11:47:14.125-0800][76437757ms] GC(22707) Humongous regions: 5->5
[2023-11-10T11:47:14.125-0800][76437757ms] GC(22707) Metaspace: 304918K->304918K(1349632K)
[2023-11-10T11:47:14.125-0800][76437757ms] GC(22707) Pause Young (Normal) (G1 Evacuation Pause) 3233M->2855M(3602M) 5.864ms
[2023-11-10T11:47:14.125-0800][76437757ms] GC(22707) User=0.00s Sys=0.00s Real=0.01s
[2023-11-10T11:47:14.635-0800][76438267ms] GC(22708) Pause Young (Normal) (G1 Evacuation Pause)
[2023-11-10T11:47:14.635-0800][76438267ms] GC(22708) Using 10 workers of 10 for evacuation
[2023-11-10T11:47:14.645-0800][76438277ms] GC(22708)   Pre Evacuate Collection Set: 0.1ms
[2023-11-10T11:47:14.645-0800][76438277ms] GC(22708)   Evacuate Collection Set: 1.9ms
[2023-11-10T11:47:14.645-0800][76438277ms] GC(22708)   Post Evacuate Collection Set: 7.2ms
[2023-11-10T11:47:14.645-0800][76438277ms] GC(22708)   Other: 0.3ms
[2023-11-10T11:47:14.645-0800][76438277ms] GC(22708) Eden regions: 189->0(189)
[2023-11-10T11:47:14.645-0800][76438277ms] GC(22708) Survivor regions: 1->1(24)
[2023-11-10T11:47:14.645-0800][76438277ms] GC(22708) Old regions: 1423->1423
[2023-11-10T11:47:14.645-0800][76438277ms] GC(22708) Humongous regions: 5->5
[2023-11-10T11:47:14.645-0800][76438277ms] GC(22708) Metaspace: 304918K->304918K(1349632K)
[2023-11-10T11:47:14.645-0800][76438277ms] GC(22708) Pause Young (Normal) (G1 Evacuation Pause) 3233M->2855M(3602M) 9.640ms
[2023-11-10T11:47:14.645-0800][76438277ms] GC(22708) User=0.00s Sys=0.00s Real=0.01s
[2023-11-10T11:47:15.083-0800][76438715ms] GC(22709) Pause Young (Normal) (G1 Evacuation Pause)
[2023-11-10T11:47:15.083-0800][76438715ms] GC(22709) Using 10 workers of 10 for evacuation
[2023-11-10T11:47:15.088-0800][76438720ms] GC(22709)   Pre Evacuate Collection Set: 0.0ms
[2023-11-10T11:47:15.088-0800][76438720ms] GC(22709)   Evacuate Collection Set: 1.7ms
[2023-11-10T11:47:15.088-0800][76438720ms] GC(22709)   Post Evacuate Collection Set: 3.8ms
[2023-11-10T11:47:15.088-0800][76438720ms] GC(22709)   Other: 0.3ms
[2023-11-10T11:47:15.088-0800][76438720ms] GC(22709) Eden regions: 189->0(189)
[2023-11-10T11:47:15.088-0800][76438720ms] GC(22709) Survivor regions: 1->1(24)
[2023-11-10T11:47:15.088-0800][76438720ms] GC(22709) Old regions: 1423->1423
[2023-11-10T11:47:15.088-0800][76438720ms] GC(22709) Humongous regions: 5->5
[2023-11-10T11:47:15.088-0800][76438720ms] GC(22709) Metaspace: 304918K->304918K(1349632K)
[2023-11-10T11:47:15.088-0800][76438720ms] GC(22709) Pause Young (Normal) (G1 Evacuation Pause) 3233M->2856M(3602M) 5.976ms
[2023-11-10T11:47:15.088-0800][76438720ms] GC(22709) User=0.05s Sys=0.00s Real=0.01s
[2023-11-10T11:47:15.539-0800][76439171ms] GC(22710) Pause Young (Normal) (G1 Evacuation Pause)
[2023-11-10T11:47:15.539-0800][76439171ms] GC(22710) Using 10 workers of 10 for evacuation
[2023-11-10T11:47:15.545-0800][76439177ms] GC(22710)   Pre Evacuate Collection Set: 0.1ms
[2023-11-10T11:47:15.545-0800][76439177ms] GC(22710)   Evacuate Collection Set: 2.3ms
[2023-11-10T11:47:15.545-0800][76439177ms] GC(22710)   Post Evacuate Collection Set: 3.8ms
[2023-11-10T11:47:15.545-0800][76439177ms] GC(22710)   Other: 0.3ms
[2023-11-10T11:47:15.545-0800][76439177ms] GC(22710) Eden regions: 189->0(189)
[2023-11-10T11:47:15.545-0800][76439177ms] GC(22710) Survivor regions: 1->1(24)
[2023-11-10T11:47:15.545-0800][76439177ms] GC(22710) Old regions: 1423->1423
[2023-11-10T11:47:15.545-0800][76439177ms] GC(22710) Humongous regions: 5->5
[2023-11-10T11:47:15.545-0800][76439177ms] GC(22710) Metaspace: 304918K->304918K(1349632K)
[2023-11-10T11:47:15.545-0800][76439177ms] GC(22710) Pause Young (Normal) (G1 Evacuation Pause) 3234M->2855M(3602M) 6.536ms
[2023-11-10T11:47:15.545-0800][76439177ms] GC(22710) User=0.00s Sys=0.00s Real=0.01s
[2023-11-10T11:47:16.032-0800][76439664ms] GC(22711) Pause Young (Normal) (G1 Evacuation Pause)
[2023-11-10T11:47:16.032-0800][76439664ms] GC(22711) Using 10 workers of 10 for evacuation
[2023-11-10T11:47:16.039-0800][76439671ms] GC(22711)   Pre Evacuate Collection Set: 0.1ms
[2023-11-10T11:47:16.039-0800][76439671ms] GC(22711)   Evacuate Collection Set: 1.7ms
[2023-11-10T11:47:16.039-0800][76439671ms] GC(22711)   Post Evacuate Collection Set: 4.5ms
[2023-11-10T11:47:16.039-0800][76439671ms] GC(22711)   Other: 0.4ms
[2023-11-10T11:47:16.039-0800][76439671ms] GC(22711) Eden regions: 189->0(189)
[2023-11-10T11:47:16.039-0800][76439671ms] GC(22711) Survivor regions: 1->1(24)
[2023-11-10T11:47:16.039-0800][76439671ms] GC(22711) Old regions: 1423->1423
[2023-11-10T11:47:16.039-0800][76439671ms] GC(22711) Humongous regions: 5->5
[2023-11-10T11:47:16.039-0800][76439671ms] GC(22711) Metaspace: 304918K->304918K(1349632K)
[2023-11-10T11:47:16.039-0800][76439671ms] GC(22711) Pause Young (Normal) (G1 Evacuation Pause) 3233M->2855M(3602M) 6.761ms
[2023-11-10T11:47:16.039-0800][76439671ms] GC(22711) User=0.02s Sys=0.00s Real=0.01s
[2023-11-10T11:47:16.511-0800][76440143ms] GC(22712) Pause Young (Normal) (G1 Evacuation Pause)
[2023-11-10T11:47:16.511-0800][76440143ms] GC(22712) Using 10 workers of 10 for evacuation
[2023-11-10T11:47:16.517-0800][76440149ms] GC(22712)   Pre Evacuate Collection Set: 0.1ms
[2023-11-10T11:47:16.517-0800][76440149ms] GC(22712)   Evacuate Collection Set: 2.1ms
[2023-11-10T11:47:16.517-0800][76440149ms] GC(22712)   Post Evacuate Collection Set: 3.9ms
[2023-11-10T11:47:16.517-0800][76440149ms] GC(22712)   Other: 0.3ms
[2023-11-10T11:47:16.517-0800][76440149ms] GC(22712) Eden regions: 189->0(190)
[2023-11-10T11:47:16.517-0800][76440149ms] GC(22712) Survivor regions: 1->1(24)
[2023-11-10T11:47:16.517-0800][76440149ms] GC(22712) Old regions: 1423->1423
[2023-11-10T11:47:16.517-0800][76440149ms] GC(22712) Humongous regions: 5->5
[2023-11-10T11:47:16.517-0800][76440149ms] GC(22712) Metaspace: 304918K->304918K(1349632K)
[2023-11-10T11:47:16.517-0800][76440149ms] GC(22712) Pause Young (Normal) (G1 Evacuation Pause) 3233M->2855M(3602M) 6.552ms
[2023-11-10T11:47:16.517-0800][76440149ms] GC(22712) User=0.00s Sys=0.00s Real=0.01s
[2023-11-10T11:47:17.013-0800][76440645ms] GC(22713) Pause Young (Normal) (G1 Evacuation Pause)
[2023-11-10T11:47:17.013-0800][76440645ms] GC(22713) Using 10 workers of 10 for evacuation
[2023-11-10T11:47:17.018-0800][76440650ms] GC(22713)   Pre Evacuate Collection Set: 0.1ms
[2023-11-10T11:47:17.018-0800][76440650ms] GC(22713)   Evacuate Collection Set: 2.1ms
[2023-11-10T11:47:17.018-0800][76440650ms] GC(22713)   Post Evacuate Collection Set: 3.3ms
[2023-11-10T11:47:17.018-0800][76440650ms] GC(22713)   Other: 0.3ms
[2023-11-10T11:47:17.018-0800][76440650ms] GC(22713) Eden regions: 190->0(189)
[2023-11-10T11:47:17.018-0800][76440650ms] GC(22713) Survivor regions: 1->1(24)
[2023-11-10T11:47:17.018-0800][76440650ms] GC(22713) Old regions: 1423->1423
[2023-11-10T11:47:17.018-0800][76440650ms] GC(22713) Humongous regions: 5->5
[2023-11-10T11:47:17.018-0800][76440650ms] GC(22713) Metaspace: 304918K->304918K(1349632K)
[2023-11-10T11:47:17.018-0800][76440650ms] GC(22713) Pause Young (Normal) (G1 Evacuation Pause) 3235M->2856M(3602M) 5.835ms
[2023-11-10T11:47:17.018-0800][76440650ms] GC(22713) User=0.00s Sys=0.00s Real=0.00s
[2023-11-10T11:47:17.516-0800][76441148ms] GC(22714) Pause Young (Normal) (G1 Evacuation Pause)
[2023-11-10T11:47:17.516-0800][76441148ms] GC(22714) Using 10 workers of 10 for evacuation
[2023-11-10T11:47:17.526-0800][76441158ms] GC(22714)   Pre Evacuate Collection Set: 0.1ms
[2023-11-10T11:47:17.526-0800][76441158ms] GC(22714)   Evacuate Collection Set: 2.7ms
[2023-11-10T11:47:17.526-0800][76441158ms] GC(22714)   Post Evacuate Collection Set: 6.3ms
[2023-11-10T11:47:17.526-0800][76441158ms] GC(22714)   Other: 0.4ms
[2023-11-10T11:47:17.526-0800][76441158ms] GC(22714) Eden regions: 189->0(189)
[2023-11-10T11:47:17.526-0800][76441158ms] GC(22714) Survivor regions: 1->1(24)
[2023-11-10T11:47:17.526-0800][76441158ms] GC(22714) Old regions: 1423->1423
[2023-11-10T11:47:17.526-0800][76441158ms] GC(22714) Humongous regions: 5->5
[2023-11-10T11:47:17.526-0800][76441158ms] GC(22714) Metaspace: 304918K->304918K(1349632K)
[2023-11-10T11:47:17.526-0800][76441158ms] GC(22714) Pause Young (Normal) (G1 Evacuation Pause) 3234M->2856M(3602M) 9.554ms
[2023-11-10T11:47:17.526-0800][76441158ms] GC(22714) User=0.00s Sys=0.00s Real=0.01s
[2023-11-10T11:47:17.980-0800][76441612ms] GC(22715) Pause Young (Normal) (G1 Evacuation Pause)
[2023-11-10T11:47:17.980-0800][76441612ms] GC(22715) Using 10 workers of 10 for evacuation
[2023-11-10T11:47:17.985-0800][76441617ms] GC(22715)   Pre Evacuate Collection Set: 0.0ms
[2023-11-10T11:47:17.985-0800][76441617ms] GC(22715)   Evacuate Collection Set: 1.9ms
[2023-11-10T11:47:17.985-0800][76441617ms] GC(22715)   Post Evacuate Collection Set: 3.3ms
[2023-11-10T11:47:17.986-0800][76441618ms] GC(22715)   Other: 0.3ms
[2023-11-10T11:47:17.986-0800][76441618ms] GC(22715) Eden regions: 189->0(189)
[2023-11-10T11:47:17.986-0800][76441618ms] GC(22715) Survivor regions: 1->1(24)
[2023-11-10T11:47:17.986-0800][76441618ms] GC(22715) Old regions: 1423->1423
[2023-11-10T11:47:17.986-0800][76441618ms] GC(22715) Humongous regions: 5->5
[2023-11-10T11:47:17.986-0800][76441618ms] GC(22715) Metaspace: 304918K->304918K(1349632K)
[2023-11-10T11:47:17.986-0800][76441618ms] GC(22715) Pause Young (Normal) (G1 Evacuation Pause) 3234M->2856M(3602M) 5.534ms
[2023-11-10T11:47:17.986-0800][76441618ms] GC(22715) User=0.00s Sys=0.00s Real=0.01s
[2023-11-10T11:47:18.427-0800][76442059ms] GC(22716) Pause Young (Normal) (G1 Evacuation Pause)
[2023-11-10T11:47:18.427-0800][76442059ms] GC(22716) Using 10 workers of 10 for evacuation
[2023-11-10T11:47:18.432-0800][76442064ms] GC(22716)   Pre Evacuate Collection Set: 0.1ms
[2023-11-10T11:47:18.432-0800][76442064ms] GC(22716)   Evacuate Collection Set: 1.7ms
[2023-11-10T11:47:18.432-0800][76442064ms] GC(22716)   Post Evacuate Collection Set: 3.1ms
[2023-11-10T11:47:18.432-0800][76442064ms] GC(22716)   Other: 0.2ms
[2023-11-10T11:47:18.432-0800][76442064ms] GC(22716) Eden regions: 189->0(189)
[2023-11-10T11:47:18.432-0800][76442064ms] GC(22716) Survivor regions: 1->1(24)
[2023-11-10T11:47:18.432-0800][76442064ms] GC(22716) Old regions: 1423->1423
[2023-11-10T11:47:18.432-0800][76442064ms] GC(22716) Humongous regions: 5->5
[2023-11-10T11:47:18.432-0800][76442064ms] GC(22716) Metaspace: 304918K->304918K(1349632K)
[2023-11-10T11:47:18.432-0800][76442064ms] GC(22716) Pause Young (Normal) (G1 Evacuation Pause) 3234M->2856M(3602M) 5.138ms
[2023-11-10T11:47:18.432-0800][76442064ms] GC(22716) User=0.05s Sys=0.00s Real=0.00s
[2023-11-10T11:47:18.884-0800][76442516ms] GC(22717) Pause Young (Normal) (G1 Evacuation Pause)
[2023-11-10T11:47:18.884-0800][76442516ms] GC(22717) Using 10 workers of 10 for evacuation
[2023-11-10T11:47:18.889-0800][76442521ms] GC(22717)   Pre Evacuate Collection Set: 0.0ms
[2023-11-10T11:47:18.889-0800][76442521ms] GC(22717)   Evacuate Collection Set: 1.7ms
[2023-11-10T11:47:18.889-0800][76442521ms] GC(22717)   Post Evacuate Collection Set: 3.3ms
[2023-11-10T11:47:18.889-0800][76442521ms] GC(22717)   Other: 0.3ms
[2023-11-10T11:47:18.889-0800][76442521ms] GC(22717) Eden regions: 189->0(189)
[2023-11-10T11:47:18.889-0800][76442521ms] GC(22717) Survivor regions: 1->1(24)
[2023-11-10T11:47:18.889-0800][76442521ms] GC(22717) Old regions: 1423->1423
[2023-11-10T11:47:18.890-0800][76442522ms] GC(22717) Humongous regions: 5->5
[2023-11-10T11:47:18.890-0800][76442522ms] GC(22717) Metaspace: 304918K->304918K(1349632K)
[2023-11-10T11:47:18.890-0800][76442522ms] GC(22717) Pause Young (Normal) (G1 Evacuation Pause) 3234M->2856M(3602M) 5.504ms
[2023-11-10T11:47:18.890-0800][76442522ms] GC(22717) User=0.00s Sys=0.00s Real=0.01s
[2023-11-10T11:47:19.449-0800][76443081ms] GC(22718) Pause Young (Normal) (G1 Evacuation Pause)
[2023-11-10T11:47:19.449-0800][76443081ms] GC(22718) Using 10 workers of 10 for evacuation
[2023-11-10T11:47:19.455-0800][76443087ms] GC(22718)   Pre Evacuate Collection Set: 0.0ms
[2023-11-10T11:47:19.455-0800][76443087ms] GC(22718)   Evacuate Collection Set: 1.8ms
[2023-11-10T11:47:19.455-0800][76443087ms] GC(22718)   Post Evacuate Collection Set: 3.4ms
[2023-11-10T11:47:19.455-0800][76443087ms] GC(22718)   Other: 0.3ms
[2023-11-10T11:47:19.455-0800][76443087ms] GC(22718) Eden regions: 189->0(189)
[2023-11-10T11:47:19.455-0800][76443087ms] GC(22718) Survivor regions: 1->1(24)
[2023-11-10T11:47:19.455-0800][76443087ms] GC(22718) Old regions: 1423->1423
[2023-11-10T11:47:19.455-0800][76443087ms] GC(22718) Humongous regions: 5->5
[2023-11-10T11:47:19.455-0800][76443087ms] GC(22718) Metaspace: 304918K->304918K(1349632K)
[2023-11-10T11:47:19.455-0800][76443087ms] GC(22718) Pause Young (Normal) (G1 Evacuation Pause) 3234M->2856M(3602M) 5.620ms
[2023-11-10T11:47:19.455-0800][76443087ms] GC(22718) User=0.00s Sys=0.00s Real=0.01s
[2023-11-10T11:47:19.901-0800][76443533ms] GC(22719) Pause Young (Normal) (G1 Evacuation Pause)
[2023-11-10T11:47:19.901-0800][76443533ms] GC(22719) Using 10 workers of 10 for evacuation
[2023-11-10T11:47:19.906-0800][76443538ms] GC(22719)   Pre Evacuate Collection Set: 0.0ms
[2023-11-10T11:47:19.906-0800][76443538ms] GC(22719)   Evacuate Collection Set: 1.8ms
[2023-11-10T11:47:19.906-0800][76443538ms] GC(22719)   Post Evacuate Collection Set: 3.1ms
[2023-11-10T11:47:19.906-0800][76443538ms] GC(22719)   Other: 0.3ms
[2023-11-10T11:47:19.906-0800][76443538ms] GC(22719) Eden regions: 189->0(189)
[2023-11-10T11:47:19.906-0800][76443538ms] GC(22719) Survivor regions: 1->1(24)
[2023-11-10T11:47:19.906-0800][76443538ms] GC(22719) Old regions: 1423->1423
[2023-11-10T11:47:19.906-0800][76443538ms] GC(22719) Humongous regions: 5->5
[2023-11-10T11:47:19.906-0800][76443538ms] GC(22719) Metaspace: 304918K->304918K(1349632K)
[2023-11-10T11:47:19.906-0800][76443538ms] GC(22719) Pause Young (Normal) (G1 Evacuation Pause) 3234M->2856M(3602M) 5.302ms
[2023-11-10T11:47:19.906-0800][76443538ms] GC(22719) User=0.00s Sys=0.00s Real=0.00s
[2023-11-10T11:47:20.342-0800][76443974ms] GC(22720) Pause Young (Normal) (G1 Evacuation Pause)
[2023-11-10T11:47:20.342-0800][76443974ms] GC(22720) Using 10 workers of 10 for evacuation
[2023-11-10T11:47:20.347-0800][76443979ms] GC(22720)   Pre Evacuate Collection Set: 0.0ms
[2023-11-10T11:47:20.347-0800][76443979ms] GC(22720)   Evacuate Collection Set: 1.6ms
[2023-11-10T11:47:20.347-0800][76443979ms] GC(22720)   Post Evacuate Collection Set: 3.1ms
[2023-11-10T11:47:20.347-0800][76443979ms] GC(22720)   Other: 0.3ms
[2023-11-10T11:47:20.347-0800][76443979ms] GC(22720) Eden regions: 189->0(189)
[2023-11-10T11:47:20.347-0800][76443979ms] GC(22720) Survivor regions: 1->1(24)
[2023-11-10T11:47:20.347-0800][76443979ms] GC(22720) Old regions: 1423->1423
[2023-11-10T11:47:20.347-0800][76443979ms] GC(22720) Humongous regions: 5->5
[2023-11-10T11:47:20.347-0800][76443979ms] GC(22720) Metaspace: 304918K->304918K(1349632K)
[2023-11-10T11:47:20.347-0800][76443979ms] GC(22720) Pause Young (Normal) (G1 Evacuation Pause) 3234M->2856M(3602M) 5.217ms
[2023-11-10T11:47:20.347-0800][76443979ms] GC(22720) User=0.00s Sys=0.00s Real=0.00s
[2023-11-10T11:47:20.790-0800][76444422ms] GC(22721) Pause Young (Normal) (G1 Evacuation Pause)
[2023-11-10T11:47:20.790-0800][76444422ms] GC(22721) Using 10 workers of 10 for evacuation
[2023-11-10T11:47:20.796-0800][76444428ms] GC(22721)   Pre Evacuate Collection Set: 0.0ms
[2023-11-10T11:47:20.796-0800][76444428ms] GC(22721)   Evacuate Collection Set: 1.7ms
[2023-11-10T11:47:20.796-0800][76444428ms] GC(22721)   Post Evacuate Collection Set: 3.7ms
[2023-11-10T11:47:20.796-0800][76444428ms] GC(22721)   Other: 0.3ms
[2023-11-10T11:47:20.796-0800][76444428ms] GC(22721) Eden regions: 189->0(189)
[2023-11-10T11:47:20.796-0800][76444428ms] GC(22721) Survivor regions: 1->1(24)
[2023-11-10T11:47:20.796-0800][76444428ms] GC(22721) Old regions: 1423->1423
[2023-11-10T11:47:20.796-0800][76444428ms] GC(22721) Humongous regions: 5->5
[2023-11-10T11:47:20.796-0800][76444428ms] GC(22721) Metaspace: 304918K->304918K(1349632K)
[2023-11-10T11:47:20.796-0800][76444428ms] GC(22721) Pause Young (Normal) (G1 Evacuation Pause) 3234M->2856M(3602M) 5.788ms
[2023-11-10T11:47:20.796-0800][76444428ms] GC(22721) User=0.00s Sys=0.00s Real=0.01s
[2023-11-10T11:47:21.234-0800][76444866ms] GC(22722) Pause Young (Normal) (G1 Evacuation Pause)
[2023-11-10T11:47:21.234-0800][76444866ms] GC(22722) Using 10 workers of 10 for evacuation
[2023-11-10T11:47:21.240-0800][76444872ms] GC(22722)   Pre Evacuate Collection Set: 0.0ms
[2023-11-10T11:47:21.240-0800][76444872ms] GC(22722)   Evacuate Collection Set: 1.7ms
[2023-11-10T11:47:21.240-0800][76444872ms] GC(22722)   Post Evacuate Collection Set: 3.3ms
[2023-11-10T11:47:21.240-0800][76444872ms] GC(22722)   Other: 0.2ms
[2023-11-10T11:47:21.240-0800][76444872ms] GC(22722) Eden regions: 189->0(189)
[2023-11-10T11:47:21.240-0800][76444872ms] GC(22722) Survivor regions: 1->1(24)
[2023-11-10T11:47:21.240-0800][76444872ms] GC(22722) Old regions: 1423->1423
[2023-11-10T11:47:21.240-0800][76444872ms] GC(22722) Humongous regions: 5->5
[2023-11-10T11:47:21.240-0800][76444872ms] GC(22722) Metaspace: 304918K->304918K(1349632K)
[2023-11-10T11:47:21.240-0800][76444872ms] GC(22722) Pause Young (Normal) (G1 Evacuation Pause) 3234M->2856M(3602M) 5.359ms
[2023-11-10T11:47:21.240-0800][76444872ms] GC(22722) User=0.00s Sys=0.00s Real=0.01s
[2023-11-10T11:47:21.732-0800][76445364ms] GC(22723) Pause Young (Normal) (G1 Evacuation Pause)
[2023-11-10T11:47:21.732-0800][76445364ms] GC(22723) Using 10 workers of 10 for evacuation
[2023-11-10T11:47:21.740-0800][76445372ms] GC(22723)   Pre Evacuate Collection Set: 0.2ms
[2023-11-10T11:47:21.740-0800][76445372ms] GC(22723)   Evacuate Collection Set: 2.1ms
[2023-11-10T11:47:21.740-0800][76445372ms] GC(22723)   Post Evacuate Collection Set: 4.6ms
[2023-11-10T11:47:21.740-0800][76445372ms] GC(22723)   Other: 0.6ms
[2023-11-10T11:47:21.740-0800][76445372ms] GC(22723) Eden regions: 189->0(189)
[2023-11-10T11:47:21.740-0800][76445372ms] GC(22723) Survivor regions: 1->1(24)
[2023-11-10T11:47:21.740-0800][76445372ms] GC(22723) Old regions: 1423->1423
[2023-11-10T11:47:21.740-0800][76445372ms] GC(22723) Humongous regions: 5->5
[2023-11-10T11:47:21.740-0800][76445372ms] GC(22723) Metaspace: 304918K->304918K(1349632K)
[2023-11-10T11:47:21.740-0800][76445372ms] GC(22723) Pause Young (Normal) (G1 Evacuation Pause) 3234M->2856M(3602M) 7.443ms
[2023-11-10T11:47:21.740-0800][76445372ms] GC(22723) User=0.00s Sys=0.00s Real=0.01s
[2023-11-10T11:47:22.215-0800][76445847ms] GC(22724) Pause Young (Normal) (G1 Evacuation Pause)
[2023-11-10T11:47:22.215-0800][76445847ms] GC(22724) Using 10 workers of 10 for evacuation
[2023-11-10T11:47:22.221-0800][76445853ms] GC(22724)   Pre Evacuate Collection Set: 0.1ms
[2023-11-10T11:47:22.221-0800][76445853ms] GC(22724)   Evacuate Collection Set: 2.0ms
[2023-11-10T11:47:22.221-0800][76445853ms] GC(22724)   Post Evacuate Collection Set: 3.2ms
[2023-11-10T11:47:22.221-0800][76445853ms] GC(22724)   Other: 0.4ms
[2023-11-10T11:47:22.221-0800][76445853ms] GC(22724) Eden regions: 189->0(189)
[2023-11-10T11:47:22.221-0800][76445853ms] GC(22724) Survivor regions: 1->1(24)
[2023-11-10T11:47:22.221-0800][76445853ms] GC(22724) Old regions: 1423->1423
[2023-11-10T11:47:22.221-0800][76445853ms] GC(22724) Humongous regions: 5->5
[2023-11-10T11:47:22.221-0800][76445853ms] GC(22724) Metaspace: 304921K->304921K(1349632K)
[2023-11-10T11:47:22.221-0800][76445853ms] GC(22724) Pause Young (Normal) (G1 Evacuation Pause) 3234M->2856M(3602M) 5.779ms
[2023-11-10T11:47:22.221-0800][76445853ms] GC(22724) User=0.00s Sys=0.00s Real=0.01s
[2023-11-10T11:47:22.709-0800][76446341ms] GC(22725) Pause Young (Normal) (G1 Evacuation Pause)
[2023-11-10T11:47:22.709-0800][76446341ms] GC(22725) Using 10 workers of 10 for evacuation
[2023-11-10T11:47:22.714-0800][76446346ms] GC(22725)   Pre Evacuate Collection Set: 0.0ms
[2023-11-10T11:47:22.714-0800][76446346ms] GC(22725)   Evacuate Collection Set: 1.7ms
[2023-11-10T11:47:22.714-0800][76446346ms] GC(22725)   Post Evacuate Collection Set: 3.2ms
[2023-11-10T11:47:22.714-0800][76446346ms] GC(22725)   Other: 0.3ms
[2023-11-10T11:47:22.714-0800][76446346ms] GC(22725) Eden regions: 189->0(189)
[2023-11-10T11:47:22.714-0800][76446346ms] GC(22725) Survivor regions: 1->1(24)
[2023-11-10T11:47:22.714-0800][76446346ms] GC(22725) Old regions: 1423->1423
[2023-11-10T11:47:22.714-0800][76446346ms] GC(22725) Humongous regions: 5->5
[2023-11-10T11:47:22.714-0800][76446346ms] GC(22725) Metaspace: 304921K->304921K(1349632K)
[2023-11-10T11:47:22.714-0800][76446346ms] GC(22725) Pause Young (Normal) (G1 Evacuation Pause) 3234M->2856M(3602M) 5.261ms
[2023-11-10T11:47:22.714-0800][76446346ms] GC(22725) User=0.14s Sys=0.00s Real=0.00s
[2023-11-10T11:47:23.176-0800][76446808ms] GC(22726) Pause Young (Normal) (G1 Evacuation Pause)
[2023-11-10T11:47:23.176-0800][76446808ms] GC(22726) Using 10 workers of 10 for evacuation
[2023-11-10T11:47:23.182-0800][76446814ms] GC(22726)   Pre Evacuate Collection Set: 0.0ms
[2023-11-10T11:47:23.182-0800][76446814ms] GC(22726)   Evacuate Collection Set: 2.2ms
[2023-11-10T11:47:23.182-0800][76446814ms] GC(22726)   Post Evacuate Collection Set: 3.2ms
[2023-11-10T11:47:23.182-0800][76446814ms] GC(22726)   Other: 0.3ms
[2023-11-10T11:47:23.182-0800][76446814ms] GC(22726) Eden regions: 189->0(189)
[2023-11-10T11:47:23.182-0800][76446814ms] GC(22726) Survivor regions: 1->1(24)
[2023-11-10T11:47:23.182-0800][76446814ms] GC(22726) Old regions: 1423->1423
[2023-11-10T11:47:23.182-0800][76446814ms] GC(22726) Humongous regions: 5->5
[2023-11-10T11:47:23.182-0800][76446814ms] GC(22726) Metaspace: 304921K->304921K(1349632K)
[2023-11-10T11:47:23.182-0800][76446814ms] GC(22726) Pause Young (Normal) (G1 Evacuation Pause) 3234M->2857M(3602M) 5.915ms
[2023-11-10T11:47:23.182-0800][76446814ms] GC(22726) User=0.02s Sys=0.00s Real=0.01s
[2023-11-10T11:47:23.626-0800][76447259ms] GC(22727) Pause Young (Normal) (G1 Evacuation Pause)
[2023-11-10T11:47:23.627-0800][76447259ms] GC(22727) Using 10 workers of 10 for evacuation
[2023-11-10T11:47:23.633-0800][76447265ms] GC(22727)   Pre Evacuate Collection Set: 0.1ms
[2023-11-10T11:47:23.633-0800][76447265ms] GC(22727)   Evacuate Collection Set: 2.1ms
[2023-11-10T11:47:23.633-0800][76447265ms] GC(22727)   Post Evacuate Collection Set: 3.1ms
[2023-11-10T11:47:23.633-0800][76447265ms] GC(22727)   Other: 0.4ms
[2023-11-10T11:47:23.633-0800][76447265ms] GC(22727) Eden regions: 189->0(189)
[2023-11-10T11:47:23.633-0800][76447265ms] GC(22727) Survivor regions: 1->1(24)
[2023-11-10T11:47:23.633-0800][76447265ms] GC(22727) Old regions: 1423->1423
[2023-11-10T11:47:23.633-0800][76447265ms] GC(22727) Humongous regions: 5->5
[2023-11-10T11:47:23.633-0800][76447265ms] GC(22727) Metaspace: 304921K->304921K(1349632K)
[2023-11-10T11:47:23.633-0800][76447265ms] GC(22727) Pause Young (Normal) (G1 Evacuation Pause) 3235M->2856M(3602M) 5.737ms
[2023-11-10T11:47:23.633-0800][76447265ms] GC(22727) User=0.00s Sys=0.00s Real=0.01s
[2023-11-10T11:47:24.120-0800][76447752ms] GC(22728) Pause Young (Normal) (G1 Evacuation Pause)
[2023-11-10T11:47:24.120-0800][76447752ms] GC(22728) Using 10 workers of 10 for evacuation
[2023-11-10T11:47:24.125-0800][76447757ms] GC(22728)   Pre Evacuate Collection Set: 0.0ms
[2023-11-10T11:47:24.125-0800][76447757ms] GC(22728)   Evacuate Collection Set: 1.7ms
[2023-11-10T11:47:24.125-0800][76447757ms] GC(22728)   Post Evacuate Collection Set: 3.5ms
[2023-11-10T11:47:24.125-0800][76447757ms] GC(22728)   Other: 0.3ms
[2023-11-10T11:47:24.125-0800][76447757ms] GC(22728) Eden regions: 189->0(189)
[2023-11-10T11:47:24.125-0800][76447757ms] GC(22728) Survivor regions: 1->1(24)
[2023-11-10T11:47:24.125-0800][76447757ms] GC(22728) Old regions: 1423->1423
[2023-11-10T11:47:24.125-0800][76447757ms] GC(22728) Humongous regions: 5->5
[2023-11-10T11:47:24.125-0800][76447757ms] GC(22728) Metaspace: 304921K->304921K(1349632K)
[2023-11-10T11:47:24.125-0800][76447757ms] GC(22728) Pause Young (Normal) (G1 Evacuation Pause) 3234M->2856M(3602M) 5.608ms
[2023-11-10T11:47:24.125-0800][76447757ms] GC(22728) User=0.00s Sys=0.00s Real=0.01s
[2023-11-10T11:47:24.523-0800][76448155ms] GC(22729) Pause Young (Normal) (G1 Evacuation Pause)
[2023-11-10T11:47:24.523-0800][76448155ms] GC(22729) Using 10 workers of 10 for evacuation
[2023-11-10T11:47:24.530-0800][76448162ms] GC(22729)   Pre Evacuate Collection Set: 0.1ms
[2023-11-10T11:47:24.530-0800][76448162ms] GC(22729)   Evacuate Collection Set: 2.6ms
[2023-11-10T11:47:24.530-0800][76448162ms] GC(22729)   Post Evacuate Collection Set: 4.3ms
[2023-11-10T11:47:24.530-0800][76448162ms] GC(22729)   Other: 0.5ms
[2023-11-10T11:47:24.530-0800][76448162ms] GC(22729) Eden regions: 189->0(189)
[2023-11-10T11:47:24.530-0800][76448162ms] GC(22729) Survivor regions: 1->1(24)
[2023-11-10T11:47:24.530-0800][76448162ms] GC(22729) Old regions: 1423->1424
[2023-11-10T11:47:24.530-0800][76448162ms] GC(22729) Humongous regions: 5->5
[2023-11-10T11:47:24.530-0800][76448162ms] GC(22729) Metaspace: 304921K->304921K(1349632K)
[2023-11-10T11:47:24.530-0800][76448162ms] GC(22729) Pause Young (Normal) (G1 Evacuation Pause) 3234M->2856M(3602M) 7.691ms
[2023-11-10T11:47:24.530-0800][76448162ms] GC(22729) User=0.00s Sys=0.00s Real=0.01s
[2023-11-10T11:47:24.997-0800][76448629ms] GC(22730) Pause Young (Normal) (G1 Evacuation Pause)
[2023-11-10T11:47:24.997-0800][76448629ms] GC(22730) Using 10 workers of 10 for evacuation
[2023-11-10T11:47:25.003-0800][76448635ms] GC(22730)   Pre Evacuate Collection Set: 0.0ms
[2023-11-10T11:47:25.003-0800][76448635ms] GC(22730)   Evacuate Collection Set: 1.6ms
[2023-11-10T11:47:25.003-0800][76448635ms] GC(22730)   Post Evacuate Collection Set: 3.3ms
[2023-11-10T11:47:25.003-0800][76448635ms] GC(22730)   Other: 0.3ms
[2023-11-10T11:47:25.003-0800][76448635ms] GC(22730) Eden regions: 189->0(189)
[2023-11-10T11:47:25.003-0800][76448635ms] GC(22730) Survivor regions: 1->1(24)
[2023-11-10T11:47:25.003-0800][76448635ms] GC(22730) Old regions: 1424->1424
[2023-11-10T11:47:25.003-0800][76448635ms] GC(22730) Humongous regions: 5->5
[2023-11-10T11:47:25.003-0800][76448635ms] GC(22730) Metaspace: 304921K->304921K(1349632K)
[2023-11-10T11:47:25.003-0800][76448635ms] GC(22730) Pause Young (Normal) (G1 Evacuation Pause) 3234M->2856M(3602M) 5.397ms
[2023-11-10T11:47:25.003-0800][76448635ms] GC(22730) User=0.00s Sys=0.00s Real=0.01s
[2023-11-10T11:47:25.418-0800][76449050ms] GC(22731) Pause Young (Normal) (G1 Evacuation Pause)
[2023-11-10T11:47:25.418-0800][76449050ms] GC(22731) Using 10 workers of 10 for evacuation
[2023-11-10T11:47:25.424-0800][76449056ms] GC(22731)   Pre Evacuate Collection Set: 0.1ms
[2023-11-10T11:47:25.424-0800][76449056ms] GC(22731)   Evacuate Collection Set: 1.8ms
[2023-11-10T11:47:25.424-0800][76449056ms] GC(22731)   Post Evacuate Collection Set: 3.0ms
[2023-11-10T11:47:25.424-0800][76449056ms] GC(22731)   Other: 0.3ms
[2023-11-10T11:47:25.424-0800][76449056ms] GC(22731) Eden regions: 189->0(189)
[2023-11-10T11:47:25.424-0800][76449056ms] GC(22731) Survivor regions: 1->1(24)
[2023-11-10T11:47:25.424-0800][76449056ms] GC(22731) Old regions: 1424->1424
[2023-11-10T11:47:25.424-0800][76449056ms] GC(22731) Humongous regions: 5->5
[2023-11-10T11:47:25.424-0800][76449056ms] GC(22731) Metaspace: 304921K->304921K(1349632K)
[2023-11-10T11:47:25.424-0800][76449056ms] GC(22731) Pause Young (Normal) (G1 Evacuation Pause) 3234M->2856M(3602M) 5.211ms
[2023-11-10T11:47:25.424-0800][76449056ms] GC(22731) User=0.00s Sys=0.00s Real=0.01s
[2023-11-10T11:47:25.909-0800][76449541ms] GC(22732) Pause Young (Normal) (G1 Evacuation Pause)
[2023-11-10T11:47:25.909-0800][76449541ms] GC(22732) Using 10 workers of 10 for evacuation
[2023-11-10T11:47:25.916-0800][76449548ms] GC(22732)   Pre Evacuate Collection Set: 0.0ms
[2023-11-10T11:47:25.916-0800][76449548ms] GC(22732)   Evacuate Collection Set: 2.3ms
[2023-11-10T11:47:25.916-0800][76449548ms] GC(22732)   Post Evacuate Collection Set: 3.7ms
[2023-11-10T11:47:25.916-0800][76449548ms] GC(22732)   Other: 0.3ms
[2023-11-10T11:47:25.916-0800][76449548ms] GC(22732) Eden regions: 189->0(189)
[2023-11-10T11:47:25.916-0800][76449548ms] GC(22732) Survivor regions: 1->1(24)
[2023-11-10T11:47:25.916-0800][76449548ms] GC(22732) Old regions: 1424->1424
[2023-11-10T11:47:25.916-0800][76449548ms] GC(22732) Humongous regions: 5->5
[2023-11-10T11:47:25.916-0800][76449548ms] GC(22732) Metaspace: 304921K->304921K(1349632K)
[2023-11-10T11:47:25.916-0800][76449548ms] GC(22732) Pause Young (Normal) (G1 Evacuation Pause) 3234M->2856M(3602M) 6.381ms
[2023-11-10T11:47:25.916-0800][76449548ms] GC(22732) User=0.00s Sys=0.00s Real=0.01s
[2023-11-10T11:47:26.422-0800][76450054ms] GC(22733) Pause Young (Normal) (G1 Evacuation Pause)
[2023-11-10T11:47:26.422-0800][76450054ms] GC(22733) Using 10 workers of 10 for evacuation
[2023-11-10T11:47:26.430-0800][76450062ms] GC(22733)   Pre Evacuate Collection Set: 0.0ms
[2023-11-10T11:47:26.430-0800][76450062ms] GC(22733)   Evacuate Collection Set: 1.7ms
[2023-11-10T11:47:26.430-0800][76450062ms] GC(22733)   Post Evacuate Collection Set: 5.1ms
[2023-11-10T11:47:26.430-0800][76450062ms] GC(22733)   Other: 0.3ms
[2023-11-10T11:47:26.430-0800][76450062ms] GC(22733) Eden regions: 189->0(188)
[2023-11-10T11:47:26.430-0800][76450062ms] GC(22733) Survivor regions: 1->1(24)
[2023-11-10T11:47:26.430-0800][76450062ms] GC(22733) Old regions: 1424->1424
[2023-11-10T11:47:26.430-0800][76450062ms] GC(22733) Humongous regions: 5->5
[2023-11-10T11:47:26.430-0800][76450062ms] GC(22733) Metaspace: 304921K->304921K(1349632K)
[2023-11-10T11:47:26.430-0800][76450062ms] GC(22733) Pause Young (Normal) (G1 Evacuation Pause) 3234M->2857M(3602M) 7.227ms
[2023-11-10T11:47:26.430-0800][76450062ms] GC(22733) User=0.00s Sys=0.00s Real=0.01s
[2023-11-10T11:47:26.907-0800][76450539ms] GC(22734) Pause Young (Normal) (G1 Evacuation Pause)
[2023-11-10T11:47:26.907-0800][76450539ms] GC(22734) Using 10 workers of 10 for evacuation
[2023-11-10T11:47:26.914-0800][76450546ms] GC(22734)   Pre Evacuate Collection Set: 0.1ms
[2023-11-10T11:47:26.914-0800][76450546ms] GC(22734)   Evacuate Collection Set: 2.2ms
[2023-11-10T11:47:26.914-0800][76450546ms] GC(22734)   Post Evacuate Collection Set: 3.9ms
[2023-11-10T11:47:26.914-0800][76450546ms] GC(22734)   Other: 0.3ms
[2023-11-10T11:47:26.914-0800][76450546ms] GC(22734) Eden regions: 188->0(188)
[2023-11-10T11:47:26.914-0800][76450546ms] GC(22734) Survivor regions: 1->1(24)
[2023-11-10T11:47:26.914-0800][76450546ms] GC(22734) Old regions: 1424->1424
[2023-11-10T11:47:26.914-0800][76450546ms] GC(22734) Humongous regions: 5->5
[2023-11-10T11:47:26.914-0800][76450546ms] GC(22734) Metaspace: 304921K->304921K(1349632K)
[2023-11-10T11:47:26.914-0800][76450546ms] GC(22734) Pause Young (Normal) (G1 Evacuation Pause) 3233M->2856M(3602M) 6.563ms
[2023-11-10T11:47:26.914-0800][76450546ms] GC(22734) User=0.00s Sys=0.00s Real=0.01s
[2023-11-10T11:47:27.366-0800][76450998ms] GC(22735) Pause Young (Normal) (G1 Evacuation Pause)
[2023-11-10T11:47:27.366-0800][76450998ms] GC(22735) Using 10 workers of 10 for evacuation
[2023-11-10T11:47:27.371-0800][76451003ms] GC(22735)   Pre Evacuate Collection Set: 0.0ms
[2023-11-10T11:47:27.371-0800][76451003ms] GC(22735)   Evacuate Collection Set: 1.7ms
[2023-11-10T11:47:27.371-0800][76451003ms] GC(22735)   Post Evacuate Collection Set: 3.1ms
[2023-11-10T11:47:27.371-0800][76451003ms] GC(22735)   Other: 0.2ms
[2023-11-10T11:47:27.371-0800][76451003ms] GC(22735) Eden regions: 188->0(188)
[2023-11-10T11:47:27.371-0800][76451003ms] GC(22735) Survivor regions: 1->1(24)
[2023-11-10T11:47:27.371-0800][76451003ms] GC(22735) Old regions: 1424->1424
[2023-11-10T11:47:27.371-0800][76451003ms] GC(22735) Humongous regions: 5->5
[2023-11-10T11:47:27.371-0800][76451003ms] GC(22735) Metaspace: 304921K->304921K(1349632K)
[2023-11-10T11:47:27.371-0800][76451003ms] GC(22735) Pause Young (Normal) (G1 Evacuation Pause) 3232M->2856M(3602M) 5.148ms
[2023-11-10T11:47:27.371-0800][76451003ms] GC(22735) User=0.00s Sys=0.00s Real=0.01s
[2023-11-10T11:47:27.794-0800][76451426ms] GC(22736) Pause Young (Normal) (G1 Evacuation Pause)
[2023-11-10T11:47:27.794-0800][76451426ms] GC(22736) Using 10 workers of 10 for evacuation
[2023-11-10T11:47:27.802-0800][76451434ms] GC(22736)   Pre Evacuate Collection Set: 0.1ms
[2023-11-10T11:47:27.802-0800][76451434ms] GC(22736)   Evacuate Collection Set: 2.2ms
[2023-11-10T11:47:27.802-0800][76451434ms] GC(22736)   Post Evacuate Collection Set: 4.3ms
[2023-11-10T11:47:27.802-0800][76451434ms] GC(22736)   Other: 0.4ms
[2023-11-10T11:47:27.802-0800][76451434ms] GC(22736) Eden regions: 188->0(188)
[2023-11-10T11:47:27.802-0800][76451434ms] GC(22736) Survivor regions: 1->1(24)
[2023-11-10T11:47:27.802-0800][76451434ms] GC(22736) Old regions: 1424->1424
[2023-11-10T11:47:27.802-0800][76451434ms] GC(22736) Humongous regions: 5->5
[2023-11-10T11:47:27.802-0800][76451434ms] GC(22736) Metaspace: 304921K->304921K(1349632K)
[2023-11-10T11:47:27.802-0800][76451434ms] GC(22736) Pause Young (Normal) (G1 Evacuation Pause) 3232M->2856M(3602M) 7.157ms
[2023-11-10T11:47:27.802-0800][76451434ms] GC(22736) User=0.00s Sys=0.00s Real=0.01s
[2023-11-10T11:47:28.235-0800][76451867ms] GC(22737) Pause Young (Normal) (G1 Evacuation Pause)
[2023-11-10T11:47:28.235-0800][76451867ms] GC(22737) Using 10 workers of 10 for evacuation
[2023-11-10T11:47:28.240-0800][76451872ms] GC(22737)   Pre Evacuate Collection Set: 0.0ms
[2023-11-10T11:47:28.240-0800][76451872ms] GC(22737)   Evacuate Collection Set: 1.7ms
[2023-11-10T11:47:28.240-0800][76451872ms] GC(22737)   Post Evacuate Collection Set: 3.2ms
[2023-11-10T11:47:28.240-0800][76451872ms] GC(22737)   Other: 0.3ms
[2023-11-10T11:47:28.240-0800][76451872ms] GC(22737) Eden regions: 188->0(188)
[2023-11-10T11:47:28.240-0800][76451872ms] GC(22737) Survivor regions: 1->1(24)
[2023-11-10T11:47:28.240-0800][76451872ms] GC(22737) Old regions: 1424->1424
[2023-11-10T11:47:28.240-0800][76451872ms] GC(22737) Humongous regions: 5->5
[2023-11-10T11:47:28.240-0800][76451872ms] GC(22737) Metaspace: 304921K->304921K(1349632K)
[2023-11-10T11:47:28.240-0800][76451872ms] GC(22737) Pause Young (Normal) (G1 Evacuation Pause) 3232M->2856M(3602M) 5.330ms
[2023-11-10T11:47:28.240-0800][76451872ms] GC(22737) User=0.00s Sys=0.00s Real=0.01s
[2023-11-10T11:47:28.658-0800][76452290ms] GC(22738) Pause Young (Normal) (G1 Evacuation Pause)
[2023-11-10T11:47:28.658-0800][76452290ms] GC(22738) Using 10 workers of 10 for evacuation
[2023-11-10T11:47:28.663-0800][76452295ms] GC(22738)   Pre Evacuate Collection Set: 0.0ms
[2023-11-10T11:47:28.663-0800][76452295ms] GC(22738)   Evacuate Collection Set: 1.7ms
[2023-11-10T11:47:28.663-0800][76452295ms] GC(22738)   Post Evacuate Collection Set: 3.3ms
[2023-11-10T11:47:28.663-0800][76452295ms] GC(22738)   Other: 0.3ms
[2023-11-10T11:47:28.663-0800][76452295ms] GC(22738) Eden regions: 188->0(188)
[2023-11-10T11:47:28.663-0800][76452295ms] GC(22738) Survivor regions: 1->1(24)
[2023-11-10T11:47:28.663-0800][76452295ms] GC(22738) Old regions: 1424->1424
[2023-11-10T11:47:28.663-0800][76452295ms] GC(22738) Humongous regions: 5->5
[2023-11-10T11:47:28.663-0800][76452295ms] GC(22738) Metaspace: 304921K->304921K(1349632K)
[2023-11-10T11:47:28.663-0800][76452295ms] GC(22738) Pause Young (Normal) (G1 Evacuation Pause) 3232M->2856M(3602M) 5.475ms
[2023-11-10T11:47:28.663-0800][76452295ms] GC(22738) User=0.00s Sys=0.00s Real=0.01s
[2023-11-10T11:47:29.099-0800][76452731ms] GC(22739) Pause Young (Normal) (G1 Evacuation Pause)
[2023-11-10T11:47:29.099-0800][76452731ms] GC(22739) Using 10 workers of 10 for evacuation
[2023-11-10T11:47:29.104-0800][76452736ms] GC(22739)   Pre Evacuate Collection Set: 0.0ms
[2023-11-10T11:47:29.104-0800][76452736ms] GC(22739)   Evacuate Collection Set: 1.8ms
[2023-11-10T11:47:29.104-0800][76452736ms] GC(22739)   Post Evacuate Collection Set: 3.3ms
[2023-11-10T11:47:29.104-0800][76452736ms] GC(22739)   Other: 0.3ms
[2023-11-10T11:47:29.104-0800][76452736ms] GC(22739) Eden regions: 188->0(188)
[2023-11-10T11:47:29.104-0800][76452736ms] GC(22739) Survivor regions: 1->1(24)
[2023-11-10T11:47:29.104-0800][76452736ms] GC(22739) Old regions: 1424->1424
[2023-11-10T11:47:29.104-0800][76452736ms] GC(22739) Humongous regions: 5->5
[2023-11-10T11:47:29.104-0800][76452736ms] GC(22739) Metaspace: 304921K->304921K(1349632K)
[2023-11-10T11:47:29.104-0800][76452736ms] GC(22739) Pause Young (Normal) (G1 Evacuation Pause) 3232M->2856M(3602M) 5.522ms
[2023-11-10T11:47:29.104-0800][76452736ms] GC(22739) User=0.00s Sys=0.00s Real=0.01s
[2023-11-10T11:47:29.546-0800][76453178ms] GC(22740) Pause Young (Normal) (G1 Evacuation Pause)
[2023-11-10T11:47:29.546-0800][76453178ms] GC(22740) Using 10 workers of 10 for evacuation
[2023-11-10T11:47:29.552-0800][76453184ms] GC(22740)   Pre Evacuate Collection Set: 0.1ms
[2023-11-10T11:47:29.552-0800][76453184ms] GC(22740)   Evacuate Collection Set: 1.7ms
[2023-11-10T11:47:29.552-0800][76453184ms] GC(22740)   Post Evacuate Collection Set: 3.8ms
[2023-11-10T11:47:29.552-0800][76453184ms] GC(22740)   Other: 0.3ms
[2023-11-10T11:47:29.552-0800][76453184ms] GC(22740) Eden regions: 188->0(189)
[2023-11-10T11:47:29.552-0800][76453184ms] GC(22740) Survivor regions: 1->1(24)
[2023-11-10T11:47:29.552-0800][76453184ms] GC(22740) Old regions: 1424->1424
[2023-11-10T11:47:29.552-0800][76453184ms] GC(22740) Humongous regions: 5->5
[2023-11-10T11:47:29.552-0800][76453184ms] GC(22740) Metaspace: 304921K->304921K(1349632K)
[2023-11-10T11:47:29.552-0800][76453184ms] GC(22740) Pause Young (Normal) (G1 Evacuation Pause) 3232M->2856M(3602M) 5.962ms
[2023-11-10T11:47:29.552-0800][76453184ms] GC(22740) User=0.00s Sys=0.00s Real=0.01s
[2023-11-10T11:47:29.971-0800][76453603ms] GC(22741) Pause Young (Normal) (G1 Evacuation Pause)
[2023-11-10T11:47:29.971-0800][76453603ms] GC(22741) Using 10 workers of 10 for evacuation
[2023-11-10T11:47:29.975-0800][76453607ms] GC(22741)   Pre Evacuate Collection Set: 0.0ms
[2023-11-10T11:47:29.975-0800][76453607ms] GC(22741)   Evacuate Collection Set: 1.7ms
[2023-11-10T11:47:29.975-0800][76453607ms] GC(22741)   Post Evacuate Collection Set: 3.0ms
[2023-11-10T11:47:29.975-0800][76453607ms] GC(22741)   Other: 0.3ms
[2023-11-10T11:47:29.976-0800][76453608ms] GC(22741) Eden regions: 189->0(189)
[2023-11-10T11:47:29.976-0800][76453608ms] GC(22741) Survivor regions: 1->1(24)
[2023-11-10T11:47:29.976-0800][76453608ms] GC(22741) Old regions: 1424->1424
[2023-11-10T11:47:29.976-0800][76453608ms] GC(22741) Humongous regions: 5->5
[2023-11-10T11:47:29.976-0800][76453608ms] GC(22741) Metaspace: 304921K->304921K(1349632K)
[2023-11-10T11:47:29.976-0800][76453608ms] GC(22741) Pause Young (Normal) (G1 Evacuation Pause) 3234M->2856M(3602M) 5.261ms
[2023-11-10T11:47:29.976-0800][76453608ms] GC(22741) User=0.00s Sys=0.00s Real=0.01s
[2023-11-10T11:47:30.453-0800][76454085ms] GC(22742) Pause Young (Normal) (G1 Evacuation Pause)
[2023-11-10T11:47:30.453-0800][76454085ms] GC(22742) Using 10 workers of 10 for evacuation
[2023-11-10T11:47:30.457-0800][76454089ms] GC(22742)   Pre Evacuate Collection Set: 0.0ms
[2023-11-10T11:47:30.457-0800][76454089ms] GC(22742)   Evacuate Collection Set: 1.6ms
[2023-11-10T11:47:30.457-0800][76454089ms] GC(22742)   Post Evacuate Collection Set: 3.2ms
[2023-11-10T11:47:30.457-0800][76454089ms] GC(22742)   Other: 0.2ms
[2023-11-10T11:47:30.458-0800][76454090ms] GC(22742) Eden regions: 189->0(189)
[2023-11-10T11:47:30.458-0800][76454090ms] GC(22742) Survivor regions: 1->1(24)
[2023-11-10T11:47:30.458-0800][76454090ms] GC(22742) Old regions: 1424->1424
[2023-11-10T11:47:30.458-0800][76454090ms] GC(22742) Humongous regions: 5->5
[2023-11-10T11:47:30.458-0800][76454090ms] GC(22742) Metaspace: 304921K->304921K(1349632K)
[2023-11-10T11:47:30.458-0800][76454090ms] GC(22742) Pause Young (Normal) (G1 Evacuation Pause) 3234M->2856M(3602M) 5.236ms
[2023-11-10T11:47:30.458-0800][76454090ms] GC(22742) User=0.00s Sys=0.00s Real=0.00s
[2023-11-10T11:47:30.952-0800][76454584ms] GC(22743) Pause Young (Normal) (G1 Evacuation Pause)
[2023-11-10T11:47:30.952-0800][76454584ms] GC(22743) Using 10 workers of 10 for evacuation
[2023-11-10T11:47:30.958-0800][76454590ms] GC(22743)   Pre Evacuate Collection Set: 0.1ms
[2023-11-10T11:47:30.958-0800][76454590ms] GC(22743)   Evacuate Collection Set: 1.7ms
[2023-11-10T11:47:30.958-0800][76454590ms] GC(22743)   Post Evacuate Collection Set: 2.9ms
[2023-11-10T11:47:30.958-0800][76454590ms] GC(22743)   Other: 0.2ms
[2023-11-10T11:47:30.958-0800][76454590ms] GC(22743) Eden regions: 189->0(189)
[2023-11-10T11:47:30.958-0800][76454590ms] GC(22743) Survivor regions: 1->1(24)
[2023-11-10T11:47:30.958-0800][76454590ms] GC(22743) Old regions: 1424->1424
[2023-11-10T11:47:30.958-0800][76454590ms] GC(22743) Humongous regions: 5->5
[2023-11-10T11:47:30.958-0800][76454590ms] GC(22743) Metaspace: 304921K->304921K(1349632K)
[2023-11-10T11:47:30.958-0800][76454590ms] GC(22743) Pause Young (Normal) (G1 Evacuation Pause) 3234M->2856M(3602M) 4.984ms
[2023-11-10T11:47:30.958-0800][76454590ms] GC(22743) User=0.00s Sys=0.00s Real=0.01s
[2023-11-10T11:47:31.383-0800][76455015ms] GC(22744) Pause Young (Normal) (G1 Evacuation Pause)
[2023-11-10T11:47:31.383-0800][76455015ms] GC(22744) Using 10 workers of 10 for evacuation
[2023-11-10T11:47:31.389-0800][76455021ms] GC(22744)   Pre Evacuate Collection Set: 0.0ms
[2023-11-10T11:47:31.389-0800][76455021ms] GC(22744)   Evacuate Collection Set: 2.1ms
[2023-11-10T11:47:31.389-0800][76455021ms] GC(22744)   Post Evacuate Collection Set: 3.2ms
[2023-11-10T11:47:31.389-0800][76455021ms] GC(22744)   Other: 0.3ms
[2023-11-10T11:47:31.389-0800][76455021ms] GC(22744) Eden regions: 189->0(189)
[2023-11-10T11:47:31.389-0800][76455021ms] GC(22744) Survivor regions: 1->1(24)
[2023-11-10T11:47:31.389-0800][76455021ms] GC(22744) Old regions: 1424->1424
[2023-11-10T11:47:31.389-0800][76455021ms] GC(22744) Humongous regions: 5->5
[2023-11-10T11:47:31.389-0800][76455021ms] GC(22744) Metaspace: 304921K->304921K(1349632K)
[2023-11-10T11:47:31.389-0800][76455021ms] GC(22744) Pause Young (Normal) (G1 Evacuation Pause) 3234M->2856M(3602M) 5.677ms
[2023-11-10T11:47:31.389-0800][76455021ms] GC(22744) User=0.00s Sys=0.00s Real=0.01s
[2023-11-10T11:47:31.837-0800][76455469ms] GC(22745) Pause Young (Normal) (G1 Evacuation Pause)
[2023-11-10T11:47:31.837-0800][76455469ms] GC(22745) Using 10 workers of 10 for evacuation
[2023-11-10T11:47:31.842-0800][76455474ms] GC(22745)   Pre Evacuate Collection Set: 0.1ms
[2023-11-10T11:47:31.842-0800][76455474ms] GC(22745)   Evacuate Collection Set: 1.8ms
[2023-11-10T11:47:31.842-0800][76455474ms] GC(22745)   Post Evacuate Collection Set: 3.4ms
[2023-11-10T11:47:31.842-0800][76455474ms] GC(22745)   Other: 0.4ms
[2023-11-10T11:47:31.842-0800][76455474ms] GC(22745) Eden regions: 189->0(189)
[2023-11-10T11:47:31.842-0800][76455474ms] GC(22745) Survivor regions: 1->1(24)
[2023-11-10T11:47:31.842-0800][76455474ms] GC(22745) Old regions: 1424->1424
[2023-11-10T11:47:31.842-0800][76455474ms] GC(22745) Humongous regions: 5->5
[2023-11-10T11:47:31.842-0800][76455474ms] GC(22745) Metaspace: 304921K->304921K(1349632K)
[2023-11-10T11:47:31.842-0800][76455474ms] GC(22745) Pause Young (Normal) (G1 Evacuation Pause) 3234M->2856M(3602M) 5.726ms
[2023-11-10T11:47:31.842-0800][76455474ms] GC(22745) User=0.00s Sys=0.00s Real=0.01s
[2023-11-10T11:47:32.292-0800][76455924ms] GC(22746) Pause Young (Normal) (G1 Evacuation Pause)
[2023-11-10T11:47:32.292-0800][76455924ms] GC(22746) Using 10 workers of 10 for evacuation
[2023-11-10T11:47:32.298-0800][76455930ms] GC(22746)   Pre Evacuate Collection Set: 0.1ms
[2023-11-10T11:47:32.298-0800][76455930ms] GC(22746)   Evacuate Collection Set: 1.7ms
[2023-11-10T11:47:32.298-0800][76455930ms] GC(22746)   Post Evacuate Collection Set: 3.1ms
[2023-11-10T11:47:32.298-0800][76455930ms] GC(22746)   Other: 0.3ms
[2023-11-10T11:47:32.298-0800][76455930ms] GC(22746) Eden regions: 189->0(189)
[2023-11-10T11:47:32.298-0800][76455930ms] GC(22746) Survivor regions: 1->1(24)
[2023-11-10T11:47:32.298-0800][76455930ms] GC(22746) Old regions: 1424->1424
[2023-11-10T11:47:32.298-0800][76455930ms] GC(22746) Humongous regions: 5->5
[2023-11-10T11:47:32.298-0800][76455930ms] GC(22746) Metaspace: 304921K->304921K(1349632K)
[2023-11-10T11:47:32.298-0800][76455930ms] GC(22746) Pause Young (Normal) (G1 Evacuation Pause) 3234M->2856M(3602M) 5.289ms
[2023-11-10T11:47:32.298-0800][76455930ms] GC(22746) User=0.00s Sys=0.00s Real=0.01s
[2023-11-10T11:47:32.748-0800][76456380ms] GC(22747) Pause Young (Normal) (G1 Evacuation Pause)
[2023-11-10T11:47:32.748-0800][76456380ms] GC(22747) Using 10 workers of 10 for evacuation
[2023-11-10T11:47:32.755-0800][76456387ms] GC(22747)   Pre Evacuate Collection Set: 0.1ms
[2023-11-10T11:47:32.755-0800][76456387ms] GC(22747)   Evacuate Collection Set: 1.9ms
[2023-11-10T11:47:32.755-0800][76456387ms] GC(22747)   Post Evacuate Collection Set: 4.2ms
[2023-11-10T11:47:32.755-0800][76456387ms] GC(22747)   Other: 0.4ms
[2023-11-10T11:47:32.755-0800][76456387ms] GC(22747) Eden regions: 189->0(189)
[2023-11-10T11:47:32.755-0800][76456387ms] GC(22747) Survivor regions: 1->1(24)
[2023-11-10T11:47:32.755-0800][76456387ms] GC(22747) Old regions: 1424->1424
[2023-11-10T11:47:32.755-0800][76456387ms] GC(22747) Humongous regions: 5->5
[2023-11-10T11:47:32.755-0800][76456387ms] GC(22747) Metaspace: 304921K->304921K(1349632K)
[2023-11-10T11:47:32.755-0800][76456387ms] GC(22747) Pause Young (Normal) (G1 Evacuation Pause) 3234M->2857M(3602M) 6.763ms
[2023-11-10T11:47:32.755-0800][76456387ms] GC(22747) User=0.00s Sys=0.00s Real=0.01s
[2023-11-10T11:47:33.186-0800][76456818ms] GC(22748) Pause Young (Normal) (G1 Evacuation Pause)
[2023-11-10T11:47:33.186-0800][76456818ms] GC(22748) Using 10 workers of 10 for evacuation
[2023-11-10T11:47:33.192-0800][76456824ms] GC(22748)   Pre Evacuate Collection Set: 0.0ms
[2023-11-10T11:47:33.192-0800][76456824ms] GC(22748)   Evacuate Collection Set: 2.0ms
[2023-11-10T11:47:33.192-0800][76456824ms] GC(22748)   Post Evacuate Collection Set: 3.6ms
[2023-11-10T11:47:33.192-0800][76456824ms] GC(22748)   Other: 0.3ms
[2023-11-10T11:47:33.192-0800][76456824ms] GC(22748) Eden regions: 189->0(189)
[2023-11-10T11:47:33.192-0800][76456824ms] GC(22748) Survivor regions: 1->1(24)
[2023-11-10T11:47:33.192-0800][76456824ms] GC(22748) Old regions: 1424->1424
[2023-11-10T11:47:33.193-0800][76456825ms] GC(22748) Humongous regions: 5->5
[2023-11-10T11:47:33.193-0800][76456825ms] GC(22748) Metaspace: 304921K->304921K(1349632K)
[2023-11-10T11:47:33.193-0800][76456825ms] GC(22748) Pause Young (Normal) (G1 Evacuation Pause) 3235M->2856M(3602M) 6.049ms
[2023-11-10T11:47:33.193-0800][76456825ms] GC(22748) User=0.00s Sys=0.00s Real=0.01s
[2023-11-10T11:47:33.716-0800][76457348ms] GC(22749) Pause Young (Normal) (G1 Evacuation Pause)
[2023-11-10T11:47:33.716-0800][76457348ms] GC(22749) Using 10 workers of 10 for evacuation
[2023-11-10T11:47:33.722-0800][76457354ms] GC(22749)   Pre Evacuate Collection Set: 0.1ms
[2023-11-10T11:47:33.722-0800][76457354ms] GC(22749)   Evacuate Collection Set: 2.0ms
[2023-11-10T11:47:33.722-0800][76457354ms] GC(22749)   Post Evacuate Collection Set: 3.2ms
[2023-11-10T11:47:33.722-0800][76457354ms] GC(22749)   Other: 0.3ms
[2023-11-10T11:47:33.722-0800][76457354ms] GC(22749) Eden regions: 189->0(189)
[2023-11-10T11:47:33.722-0800][76457354ms] GC(22749) Survivor regions: 1->1(24)
[2023-11-10T11:47:33.722-0800][76457354ms] GC(22749) Old regions: 1424->1424
[2023-11-10T11:47:33.722-0800][76457354ms] GC(22749) Humongous regions: 5->5
[2023-11-10T11:47:33.722-0800][76457354ms] GC(22749) Metaspace: 304921K->304921K(1349632K)
[2023-11-10T11:47:33.722-0800][76457354ms] GC(22749) Pause Young (Normal) (G1 Evacuation Pause) 3234M->2856M(3602M) 5.612ms
[2023-11-10T11:47:33.722-0800][76457354ms] GC(22749) User=0.00s Sys=0.00s Real=0.01s
[2023-11-10T11:47:34.184-0800][76457816ms] GC(22750) Pause Young (Normal) (G1 Evacuation Pause)
[2023-11-10T11:47:34.184-0800][76457816ms] GC(22750) Using 10 workers of 10 for evacuation
[2023-11-10T11:47:34.191-0800][76457823ms] GC(22750)   Pre Evacuate Collection Set: 0.1ms
[2023-11-10T11:47:34.191-0800][76457823ms] GC(22750)   Evacuate Collection Set: 2.1ms
[2023-11-10T11:47:34.191-0800][76457823ms] GC(22750)   Post Evacuate Collection Set: 3.4ms
[2023-11-10T11:47:34.191-0800][76457823ms] GC(22750)   Other: 0.3ms
[2023-11-10T11:47:34.191-0800][76457823ms] GC(22750) Eden regions: 189->0(189)
[2023-11-10T11:47:34.191-0800][76457823ms] GC(22750) Survivor regions: 1->1(24)
[2023-11-10T11:47:34.191-0800][76457823ms] GC(22750) Old regions: 1424->1424
[2023-11-10T11:47:34.191-0800][76457823ms] GC(22750) Humongous regions: 5->5
[2023-11-10T11:47:34.191-0800][76457823ms] GC(22750) Metaspace: 304921K->304921K(1349632K)
[2023-11-10T11:47:34.191-0800][76457823ms] GC(22750) Pause Young (Normal) (G1 Evacuation Pause) 3234M->2856M(3602M) 5.954ms
[2023-11-10T11:47:34.191-0800][76457823ms] GC(22750) User=0.00s Sys=0.00s Real=0.01s
[2023-11-10T11:47:34.666-0800][76458298ms] GC(22751) Pause Young (Normal) (G1 Evacuation Pause)
[2023-11-10T11:47:34.666-0800][76458298ms] GC(22751) Using 10 workers of 10 for evacuation
[2023-11-10T11:47:34.672-0800][76458304ms] GC(22751)   Pre Evacuate Collection Set: 0.0ms
[2023-11-10T11:47:34.672-0800][76458304ms] GC(22751)   Evacuate Collection Set: 1.8ms
[2023-11-10T11:47:34.672-0800][76458304ms] GC(22751)   Post Evacuate Collection Set: 3.7ms
[2023-11-10T11:47:34.672-0800][76458304ms] GC(22751)   Other: 0.3ms
[2023-11-10T11:47:34.672-0800][76458304ms] GC(22751) Eden regions: 189->0(189)
[2023-11-10T11:47:34.672-0800][76458304ms] GC(22751) Survivor regions: 1->1(24)
[2023-11-10T11:47:34.672-0800][76458304ms] GC(22751) Old regions: 1424->1424
[2023-11-10T11:47:34.672-0800][76458304ms] GC(22751) Humongous regions: 5->5
[2023-11-10T11:47:34.672-0800][76458304ms] GC(22751) Metaspace: 304921K->304921K(1349632K)
[2023-11-10T11:47:34.672-0800][76458304ms] GC(22751) Pause Young (Normal) (G1 Evacuation Pause) 3234M->2856M(3602M) 5.921ms
[2023-11-10T11:47:34.672-0800][76458304ms] GC(22751) User=0.00s Sys=0.00s Real=0.01s
[2023-11-10T11:47:35.199-0800][76458831ms] GC(22752) Pause Young (Normal) (G1 Evacuation Pause)
[2023-11-10T11:47:35.199-0800][76458831ms] GC(22752) Using 10 workers of 10 for evacuation
[2023-11-10T11:47:35.206-0800][76458838ms] GC(22752)   Pre Evacuate Collection Set: 0.1ms
[2023-11-10T11:47:35.206-0800][76458838ms] GC(22752)   Evacuate Collection Set: 2.3ms
[2023-11-10T11:47:35.206-0800][76458838ms] GC(22752)   Post Evacuate Collection Set: 4.6ms
[2023-11-10T11:47:35.206-0800][76458838ms] GC(22752)   Other: 0.4ms
[2023-11-10T11:47:35.206-0800][76458838ms] GC(22752) Eden regions: 189->0(189)
[2023-11-10T11:47:35.206-0800][76458838ms] GC(22752) Survivor regions: 1->1(24)
[2023-11-10T11:47:35.206-0800][76458838ms] GC(22752) Old regions: 1424->1424
[2023-11-10T11:47:35.206-0800][76458838ms] GC(22752) Humongous regions: 5->5
[2023-11-10T11:47:35.206-0800][76458838ms] GC(22752) Metaspace: 304921K->304921K(1349632K)
[2023-11-10T11:47:35.207-0800][76458839ms] GC(22752) Pause Young (Normal) (G1 Evacuation Pause) 3234M->2856M(3602M) 7.493ms
[2023-11-10T11:47:35.207-0800][76458839ms] GC(22752) User=0.00s Sys=0.00s Real=0.01s
[2023-11-10T11:47:35.710-0800][76459342ms] GC(22753) Pause Young (Normal) (G1 Evacuation Pause)
[2023-11-10T11:47:35.710-0800][76459342ms] GC(22753) Using 10 workers of 10 for evacuation
[2023-11-10T11:47:35.715-0800][76459347ms] GC(22753)   Pre Evacuate Collection Set: 0.1ms
[2023-11-10T11:47:35.715-0800][76459347ms] GC(22753)   Evacuate Collection Set: 2.0ms
[2023-11-10T11:47:35.715-0800][76459347ms] GC(22753)   Post Evacuate Collection Set: 4.0ms
[2023-11-10T11:47:35.715-0800][76459347ms] GC(22753)   Other: 0.3ms
[2023-11-10T11:47:35.715-0800][76459347ms] GC(22753) Eden regions: 189->0(189)
[2023-11-10T11:47:35.715-0800][76459347ms] GC(22753) Survivor regions: 1->1(24)
[2023-11-10T11:47:35.716-0800][76459348ms] GC(22753) Old regions: 1424->1424
[2023-11-10T11:47:35.716-0800][76459348ms] GC(22753) Humongous regions: 5->5
[2023-11-10T11:47:35.716-0800][76459348ms] GC(22753) Metaspace: 304921K->304921K(1349632K)
[2023-11-10T11:47:35.716-0800][76459348ms] GC(22753) Pause Young (Normal) (G1 Evacuation Pause) 3234M->2856M(3602M) 6.438ms
[2023-11-10T11:47:35.716-0800][76459348ms] GC(22753) User=0.05s Sys=0.00s Real=0.01s
[2023-11-10T11:47:36.177-0800][76459809ms] GC(22754) Pause Young (Normal) (G1 Evacuation Pause)
[2023-11-10T11:47:36.177-0800][76459809ms] GC(22754) Using 10 workers of 10 for evacuation
[2023-11-10T11:47:36.184-0800][76459816ms] GC(22754)   Pre Evacuate Collection Set: 0.1ms
[2023-11-10T11:47:36.184-0800][76459816ms] GC(22754)   Evacuate Collection Set: 1.7ms
[2023-11-10T11:47:36.184-0800][76459816ms] GC(22754)   Post Evacuate Collection Set: 4.2ms
[2023-11-10T11:47:36.184-0800][76459816ms] GC(22754)   Other: 0.3ms
[2023-11-10T11:47:36.184-0800][76459816ms] GC(22754) Eden regions: 189->0(189)
[2023-11-10T11:47:36.184-0800][76459816ms] GC(22754) Survivor regions: 1->1(24)
[2023-11-10T11:47:36.184-0800][76459816ms] GC(22754) Old regions: 1424->1424
[2023-11-10T11:47:36.184-0800][76459816ms] GC(22754) Humongous regions: 5->5
[2023-11-10T11:47:36.184-0800][76459816ms] GC(22754) Metaspace: 304921K->304921K(1349632K)
[2023-11-10T11:47:36.184-0800][76459816ms] GC(22754) Pause Young (Normal) (G1 Evacuation Pause) 3234M->2856M(3602M) 6.383ms
[2023-11-10T11:47:36.184-0800][76459816ms] GC(22754) User=0.08s Sys=0.00s Real=0.01s
[2023-11-10T11:47:36.673-0800][76460305ms] GC(22755) Pause Young (Normal) (G1 Evacuation Pause)
[2023-11-10T11:47:36.673-0800][76460305ms] GC(22755) Using 10 workers of 10 for evacuation
[2023-11-10T11:47:36.678-0800][76460310ms] GC(22755)   Pre Evacuate Collection Set: 0.0ms
[2023-11-10T11:47:36.678-0800][76460310ms] GC(22755)   Evacuate Collection Set: 1.8ms
[2023-11-10T11:47:36.678-0800][76460310ms] GC(22755)   Post Evacuate Collection Set: 3.5ms
[2023-11-10T11:47:36.678-0800][76460310ms] GC(22755)   Other: 0.3ms
[2023-11-10T11:47:36.678-0800][76460310ms] GC(22755) Eden regions: 189->0(189)
[2023-11-10T11:47:36.678-0800][76460310ms] GC(22755) Survivor regions: 1->1(24)
[2023-11-10T11:47:36.678-0800][76460310ms] GC(22755) Old regions: 1424->1424
[2023-11-10T11:47:36.678-0800][76460310ms] GC(22755) Humongous regions: 5->5
[2023-11-10T11:47:36.678-0800][76460310ms] GC(22755) Metaspace: 304921K->304921K(1349632K)
[2023-11-10T11:47:36.678-0800][76460310ms] GC(22755) Pause Young (Normal) (G1 Evacuation Pause) 3234M->2856M(3602M) 5.779ms
[2023-11-10T11:47:36.678-0800][76460310ms] GC(22755) User=0.00s Sys=0.00s Real=0.00s
[2023-11-10T11:47:37.122-0800][76460754ms] GC(22756) Pause Young (Normal) (G1 Evacuation Pause)
[2023-11-10T11:47:37.122-0800][76460754ms] GC(22756) Using 10 workers of 10 for evacuation
[2023-11-10T11:47:37.128-0800][76460760ms] GC(22756)   Pre Evacuate Collection Set: 0.0ms
[2023-11-10T11:47:37.128-0800][76460760ms] GC(22756)   Evacuate Collection Set: 1.9ms
[2023-11-10T11:47:37.128-0800][76460760ms] GC(22756)   Post Evacuate Collection Set: 3.8ms
[2023-11-10T11:47:37.128-0800][76460760ms] GC(22756)   Other: 0.3ms
[2023-11-10T11:47:37.128-0800][76460760ms] GC(22756) Eden regions: 189->0(189)
[2023-11-10T11:47:37.128-0800][76460760ms] GC(22756) Survivor regions: 1->1(24)
[2023-11-10T11:47:37.128-0800][76460760ms] GC(22756) Old regions: 1424->1424
[2023-11-10T11:47:37.128-0800][76460760ms] GC(22756) Humongous regions: 5->5
[2023-11-10T11:47:37.128-0800][76460760ms] GC(22756) Metaspace: 304921K->304921K(1349632K)
[2023-11-10T11:47:37.128-0800][76460760ms] GC(22756) Pause Young (Normal) (G1 Evacuation Pause) 3234M->2857M(3602M) 6.103ms
[2023-11-10T11:47:37.128-0800][76460760ms] GC(22756) User=0.00s Sys=0.00s Real=0.01s
[2023-11-10T11:47:37.598-0800][76461230ms] GC(22757) Pause Young (Normal) (G1 Evacuation Pause)
[2023-11-10T11:47:37.598-0800][76461230ms] GC(22757) Using 10 workers of 10 for evacuation
[2023-11-10T11:47:37.604-0800][76461236ms] GC(22757)   Pre Evacuate Collection Set: 0.0ms
[2023-11-10T11:47:37.604-0800][76461236ms] GC(22757)   Evacuate Collection Set: 2.1ms
[2023-11-10T11:47:37.604-0800][76461236ms] GC(22757)   Post Evacuate Collection Set: 4.2ms
[2023-11-10T11:47:37.604-0800][76461236ms] GC(22757)   Other: 0.3ms
[2023-11-10T11:47:37.604-0800][76461236ms] GC(22757) Eden regions: 189->0(189)
[2023-11-10T11:47:37.604-0800][76461236ms] GC(22757) Survivor regions: 1->1(24)
[2023-11-10T11:47:37.604-0800][76461236ms] GC(22757) Old regions: 1424->1424
[2023-11-10T11:47:37.604-0800][76461236ms] GC(22757) Humongous regions: 5->5
[2023-11-10T11:47:37.604-0800][76461236ms] GC(22757) Metaspace: 304921K->304921K(1349632K)
[2023-11-10T11:47:37.604-0800][76461236ms] GC(22757) Pause Young (Normal) (G1 Evacuation Pause) 3235M->2857M(3602M) 6.711ms
[2023-11-10T11:47:37.604-0800][76461236ms] GC(22757) User=0.00s Sys=0.00s Real=0.01s
[2023-11-10T11:47:38.105-0800][76461737ms] GC(22758) Pause Young (Normal) (G1 Evacuation Pause)
[2023-11-10T11:47:38.105-0800][76461737ms] GC(22758) Using 10 workers of 10 for evacuation
[2023-11-10T11:47:38.112-0800][76461744ms] GC(22758)   Pre Evacuate Collection Set: 0.1ms
[2023-11-10T11:47:38.112-0800][76461744ms] GC(22758)   Evacuate Collection Set: 2.1ms
[2023-11-10T11:47:38.112-0800][76461744ms] GC(22758)   Post Evacuate Collection Set: 3.2ms
[2023-11-10T11:47:38.112-0800][76461744ms] GC(22758)   Other: 0.5ms
[2023-11-10T11:47:38.112-0800][76461744ms] GC(22758) Eden regions: 189->0(189)
[2023-11-10T11:47:38.112-0800][76461744ms] GC(22758) Survivor regions: 1->1(24)
[2023-11-10T11:47:38.112-0800][76461744ms] GC(22758) Old regions: 1424->1424
[2023-11-10T11:47:38.112-0800][76461744ms] GC(22758) Humongous regions: 5->5
[2023-11-10T11:47:38.112-0800][76461744ms] GC(22758) Metaspace: 304921K->304921K(1349632K)
[2023-11-10T11:47:38.112-0800][76461744ms] GC(22758) Pause Young (Normal) (G1 Evacuation Pause) 3235M->2857M(3602M) 6.023ms
[2023-11-10T11:47:38.112-0800][76461744ms] GC(22758) User=0.00s Sys=0.00s Real=0.01s
[2023-11-10T11:47:38.571-0800][76462203ms] GC(22759) Pause Young (Normal) (G1 Evacuation Pause)
[2023-11-10T11:47:38.572-0800][76462204ms] GC(22759) Using 10 workers of 10 for evacuation
[2023-11-10T11:47:38.576-0800][76462208ms] GC(22759)   Pre Evacuate Collection Set: 0.0ms
[2023-11-10T11:47:38.576-0800][76462208ms] GC(22759)   Evacuate Collection Set: 1.7ms
[2023-11-10T11:47:38.576-0800][76462208ms] GC(22759)   Post Evacuate Collection Set: 3.2ms
[2023-11-10T11:47:38.576-0800][76462208ms] GC(22759)   Other: 0.3ms
[2023-11-10T11:47:38.576-0800][76462208ms] GC(22759) Eden regions: 189->0(188)
[2023-11-10T11:47:38.576-0800][76462208ms] GC(22759) Survivor regions: 1->1(24)
[2023-11-10T11:47:38.576-0800][76462208ms] GC(22759) Old regions: 1424->1424
[2023-11-10T11:47:38.576-0800][76462208ms] GC(22759) Humongous regions: 5->5
[2023-11-10T11:47:38.576-0800][76462208ms] GC(22759) Metaspace: 304921K->304921K(1349632K)
[2023-11-10T11:47:38.576-0800][76462208ms] GC(22759) Pause Young (Normal) (G1 Evacuation Pause) 3235M->2857M(3602M) 5.335ms
[2023-11-10T11:47:38.576-0800][76462208ms] GC(22759) User=0.00s Sys=0.00s Real=0.00s
[2023-11-10T11:47:39.046-0800][76462678ms] GC(22760) Pause Young (Normal) (G1 Evacuation Pause)
[2023-11-10T11:47:39.046-0800][76462678ms] GC(22760) Using 10 workers of 10 for evacuation
[2023-11-10T11:47:39.053-0800][76462685ms] GC(22760)   Pre Evacuate Collection Set: 0.1ms
[2023-11-10T11:47:39.053-0800][76462685ms] GC(22760)   Evacuate Collection Set: 2.3ms
[2023-11-10T11:47:39.053-0800][76462685ms] GC(22760)   Post Evacuate Collection Set: 3.6ms
[2023-11-10T11:47:39.053-0800][76462685ms] GC(22760)   Other: 0.4ms
[2023-11-10T11:47:39.053-0800][76462685ms] GC(22760) Eden regions: 188->0(188)
[2023-11-10T11:47:39.053-0800][76462685ms] GC(22760) Survivor regions: 1->1(24)
[2023-11-10T11:47:39.053-0800][76462685ms] GC(22760) Old regions: 1424->1424
[2023-11-10T11:47:39.053-0800][76462685ms] GC(22760) Humongous regions: 5->5
[2023-11-10T11:47:39.053-0800][76462685ms] GC(22760) Metaspace: 304921K->304921K(1349632K)
[2023-11-10T11:47:39.053-0800][76462685ms] GC(22760) Pause Young (Normal) (G1 Evacuation Pause) 3233M->2857M(3602M) 6.527ms
[2023-11-10T11:47:39.053-0800][76462685ms] GC(22760) User=0.00s Sys=0.00s Real=0.01s
[2023-11-10T11:47:39.496-0800][76463128ms] GC(22761) Pause Young (Normal) (G1 Evacuation Pause)
[2023-11-10T11:47:39.496-0800][76463128ms] GC(22761) Using 10 workers of 10 for evacuation
[2023-11-10T11:47:39.502-0800][76463134ms] GC(22761)   Pre Evacuate Collection Set: 0.0ms
[2023-11-10T11:47:39.502-0800][76463134ms] GC(22761)   Evacuate Collection Set: 1.9ms
[2023-11-10T11:47:39.502-0800][76463134ms] GC(22761)   Post Evacuate Collection Set: 3.2ms
[2023-11-10T11:47:39.502-0800][76463134ms] GC(22761)   Other: 0.3ms
[2023-11-10T11:47:39.502-0800][76463134ms] GC(22761) Eden regions: 188->0(188)
[2023-11-10T11:47:39.502-0800][76463134ms] GC(22761) Survivor regions: 1->1(24)
[2023-11-10T11:47:39.502-0800][76463134ms] GC(22761) Old regions: 1424->1424
[2023-11-10T11:47:39.502-0800][76463134ms] GC(22761) Humongous regions: 5->5
[2023-11-10T11:47:39.502-0800][76463134ms] GC(22761) Metaspace: 304921K->304921K(1349632K)
[2023-11-10T11:47:39.502-0800][76463134ms] GC(22761) Pause Young (Normal) (G1 Evacuation Pause) 3233M->2857M(3602M) 5.420ms
[2023-11-10T11:47:39.503-0800][76463135ms] GC(22761) User=0.00s Sys=0.00s Real=0.01s
[2023-11-10T11:47:39.962-0800][76463594ms] GC(22762) Pause Young (Normal) (G1 Evacuation Pause)
[2023-11-10T11:47:39.962-0800][76463594ms] GC(22762) Using 10 workers of 10 for evacuation
[2023-11-10T11:47:39.966-0800][76463598ms] GC(22762)   Pre Evacuate Collection Set: 0.0ms
[2023-11-10T11:47:39.966-0800][76463598ms] GC(22762)   Evacuate Collection Set: 1.8ms
[2023-11-10T11:47:39.966-0800][76463598ms] GC(22762)   Post Evacuate Collection Set: 3.3ms
[2023-11-10T11:47:39.966-0800][76463598ms] GC(22762)   Other: 0.3ms
[2023-11-10T11:47:39.966-0800][76463598ms] GC(22762) Eden regions: 188->0(188)
[2023-11-10T11:47:39.966-0800][76463598ms] GC(22762) Survivor regions: 1->1(24)
[2023-11-10T11:47:39.966-0800][76463598ms] GC(22762) Old regions: 1424->1424
[2023-11-10T11:47:39.966-0800][76463598ms] GC(22762) Humongous regions: 5->5
[2023-11-10T11:47:39.966-0800][76463598ms] GC(22762) Metaspace: 304921K->304921K(1349632K)
[2023-11-10T11:47:39.966-0800][76463598ms] GC(22762) Pause Young (Normal) (G1 Evacuation Pause) 3233M->2857M(3602M) 5.484ms
[2023-11-10T11:47:39.966-0800][76463598ms] GC(22762) User=0.00s Sys=0.00s Real=0.00s
[2023-11-10T11:47:40.373-0800][76464005ms] GC(22763) Pause Young (Normal) (G1 Evacuation Pause)
[2023-11-10T11:47:40.373-0800][76464005ms] GC(22763) Using 10 workers of 10 for evacuation
[2023-11-10T11:47:40.378-0800][76464010ms] GC(22763)   Pre Evacuate Collection Set: 0.0ms
[2023-11-10T11:47:40.378-0800][76464010ms] GC(22763)   Evacuate Collection Set: 1.7ms
[2023-11-10T11:47:40.378-0800][76464010ms] GC(22763)   Post Evacuate Collection Set: 3.2ms
[2023-11-10T11:47:40.378-0800][76464010ms] GC(22763)   Other: 0.3ms
[2023-11-10T11:47:40.378-0800][76464010ms] GC(22763) Eden regions: 188->0(188)
[2023-11-10T11:47:40.378-0800][76464010ms] GC(22763) Survivor regions: 1->1(24)
[2023-11-10T11:47:40.378-0800][76464010ms] GC(22763) Old regions: 1424->1424
[2023-11-10T11:47:40.378-0800][76464010ms] GC(22763) Humongous regions: 5->5
[2023-11-10T11:47:40.378-0800][76464010ms] GC(22763) Metaspace: 304921K->304921K(1349632K)
[2023-11-10T11:47:40.378-0800][76464010ms] GC(22763) Pause Young (Normal) (G1 Evacuation Pause) 3233M->2857M(3602M) 5.284ms
[2023-11-10T11:47:40.378-0800][76464010ms] GC(22763) User=0.00s Sys=0.00s Real=0.01s
[2023-11-10T11:47:40.864-0800][76464496ms] GC(22764) Pause Young (Normal) (G1 Evacuation Pause)
[2023-11-10T11:47:40.864-0800][76464496ms] GC(22764) Using 10 workers of 10 for evacuation
[2023-11-10T11:47:40.869-0800][76464501ms] GC(22764)   Pre Evacuate Collection Set: 0.0ms
[2023-11-10T11:47:40.869-0800][76464501ms] GC(22764)   Evacuate Collection Set: 1.6ms
[2023-11-10T11:47:40.869-0800][76464501ms] GC(22764)   Post Evacuate Collection Set: 3.1ms
[2023-11-10T11:47:40.869-0800][76464501ms] GC(22764)   Other: 0.3ms
[2023-11-10T11:47:40.869-0800][76464501ms] GC(22764) Eden regions: 188->0(188)
[2023-11-10T11:47:40.869-0800][76464501ms] GC(22764) Survivor regions: 1->1(24)
[2023-11-10T11:47:40.869-0800][76464501ms] GC(22764) Old regions: 1424->1424
[2023-11-10T11:47:40.869-0800][76464501ms] GC(22764) Humongous regions: 5->5
[2023-11-10T11:47:40.869-0800][76464501ms] GC(22764) Metaspace: 304921K->304921K(1349632K)
[2023-11-10T11:47:40.869-0800][76464501ms] GC(22764) Pause Young (Normal) (G1 Evacuation Pause) 3233M->2857M(3602M) 5.143ms
[2023-11-10T11:47:40.869-0800][76464501ms] GC(22764) User=0.00s Sys=0.00s Real=0.00s
[2023-11-10T11:47:41.330-0800][76464962ms] GC(22765) Pause Young (Normal) (G1 Evacuation Pause)
[2023-11-10T11:47:41.330-0800][76464962ms] GC(22765) Using 10 workers of 10 for evacuation
[2023-11-10T11:47:41.335-0800][76464967ms] GC(22765)   Pre Evacuate Collection Set: 0.0ms
[2023-11-10T11:47:41.335-0800][76464967ms] GC(22765)   Evacuate Collection Set: 1.8ms
[2023-11-10T11:47:41.335-0800][76464967ms] GC(22765)   Post Evacuate Collection Set: 3.1ms
[2023-11-10T11:47:41.335-0800][76464967ms] GC(22765)   Other: 0.2ms
[2023-11-10T11:47:41.335-0800][76464967ms] GC(22765) Eden regions: 188->0(188)
[2023-11-10T11:47:41.335-0800][76464967ms] GC(22765) Survivor regions: 1->1(24)
[2023-11-10T11:47:41.335-0800][76464967ms] GC(22765) Old regions: 1424->1424
[2023-11-10T11:47:41.335-0800][76464967ms] GC(22765) Humongous regions: 5->5
[2023-11-10T11:47:41.335-0800][76464967ms] GC(22765) Metaspace: 304921K->304921K(1349632K)
[2023-11-10T11:47:41.335-0800][76464967ms] GC(22765) Pause Young (Normal) (G1 Evacuation Pause) 3233M->2857M(3602M) 5.256ms
[2023-11-10T11:47:41.335-0800][76464967ms] GC(22765) User=0.00s Sys=0.00s Real=0.01s
[2023-11-10T11:47:41.781-0800][76465413ms] GC(22766) Pause Young (Normal) (G1 Evacuation Pause)
[2023-11-10T11:47:41.781-0800][76465413ms] GC(22766) Using 10 workers of 10 for evacuation
[2023-11-10T11:47:41.787-0800][76465419ms] GC(22766)   Pre Evacuate Collection Set: 0.1ms
[2023-11-10T11:47:41.787-0800][76465419ms] GC(22766)   Evacuate Collection Set: 1.9ms
[2023-11-10T11:47:41.787-0800][76465419ms] GC(22766)   Post Evacuate Collection Set: 3.9ms
[2023-11-10T11:47:41.787-0800][76465419ms] GC(22766)   Other: 0.3ms
[2023-11-10T11:47:41.787-0800][76465419ms] GC(22766) Eden regions: 188->0(188)
[2023-11-10T11:47:41.787-0800][76465419ms] GC(22766) Survivor regions: 1->1(24)
[2023-11-10T11:47:41.787-0800][76465419ms] GC(22766) Old regions: 1424->1424
[2023-11-10T11:47:41.787-0800][76465419ms] GC(22766) Humongous regions: 5->5
[2023-11-10T11:47:41.787-0800][76465419ms] GC(22766) Metaspace: 304921K->304921K(1349632K)
[2023-11-10T11:47:41.787-0800][76465419ms] GC(22766) Pause Young (Normal) (G1 Evacuation Pause) 3233M->2857M(3602M) 6.370ms
[2023-11-10T11:47:41.787-0800][76465419ms] GC(22766) User=0.00s Sys=0.00s Real=0.01s
[2023-11-10T11:47:42.276-0800][76465908ms] GC(22767) Pause Young (Normal) (G1 Evacuation Pause)
[2023-11-10T11:47:42.276-0800][76465908ms] GC(22767) Using 10 workers of 10 for evacuation
[2023-11-10T11:47:42.281-0800][76465913ms] GC(22767)   Pre Evacuate Collection Set: 0.0ms
[2023-11-10T11:47:42.282-0800][76465914ms] GC(22767)   Evacuate Collection Set: 1.8ms
[2023-11-10T11:47:42.282-0800][76465914ms] GC(22767)   Post Evacuate Collection Set: 3.4ms
[2023-11-10T11:47:42.282-0800][76465914ms] GC(22767)   Other: 0.3ms
[2023-11-10T11:47:42.282-0800][76465914ms] GC(22767) Eden regions: 188->0(188)
[2023-11-10T11:47:42.282-0800][76465914ms] GC(22767) Survivor regions: 1->1(24)
[2023-11-10T11:47:42.282-0800][76465914ms] GC(22767) Old regions: 1424->1424
[2023-11-10T11:47:42.282-0800][76465914ms] GC(22767) Humongous regions: 5->5
[2023-11-10T11:47:42.282-0800][76465914ms] GC(22767) Metaspace: 304921K->304921K(1349632K)
[2023-11-10T11:47:42.282-0800][76465914ms] GC(22767) Pause Young (Normal) (G1 Evacuation Pause) 3233M->2857M(3602M) 5.577ms
[2023-11-10T11:47:42.282-0800][76465914ms] GC(22767) User=0.00s Sys=0.00s Real=0.01s
[2023-11-10T11:47:42.720-0800][76466352ms] GC(22768) Pause Young (Normal) (G1 Evacuation Pause)
[2023-11-10T11:47:42.720-0800][76466352ms] GC(22768) Using 10 workers of 10 for evacuation
[2023-11-10T11:47:42.725-0800][76466357ms] GC(22768)   Pre Evacuate Collection Set: 0.0ms
[2023-11-10T11:47:42.725-0800][76466357ms] GC(22768)   Evacuate Collection Set: 1.7ms
[2023-11-10T11:47:42.725-0800][76466357ms] GC(22768)   Post Evacuate Collection Set: 3.1ms
[2023-11-10T11:47:42.726-0800][76466358ms] GC(22768)   Other: 0.3ms
[2023-11-10T11:47:42.726-0800][76466358ms] GC(22768) Eden regions: 188->0(188)
[2023-11-10T11:47:42.726-0800][76466358ms] GC(22768) Survivor regions: 1->1(24)
[2023-11-10T11:47:42.726-0800][76466358ms] GC(22768) Old regions: 1424->1424
[2023-11-10T11:47:42.726-0800][76466358ms] GC(22768) Humongous regions: 5->5
[2023-11-10T11:47:42.726-0800][76466358ms] GC(22768) Metaspace: 304921K->304921K(1349632K)
[2023-11-10T11:47:42.726-0800][76466358ms] GC(22768) Pause Young (Normal) (G1 Evacuation Pause) 3233M->2857M(3602M) 5.211ms
[2023-11-10T11:47:42.726-0800][76466358ms] GC(22768) User=0.00s Sys=0.00s Real=0.01s
[2023-11-10T11:47:43.170-0800][76466802ms] GC(22769) Pause Young (Normal) (G1 Evacuation Pause)
[2023-11-10T11:47:43.170-0800][76466802ms] GC(22769) Using 10 workers of 10 for evacuation
[2023-11-10T11:47:43.178-0800][76466810ms] GC(22769)   Pre Evacuate Collection Set: 0.1ms
[2023-11-10T11:47:43.178-0800][76466810ms] GC(22769)   Evacuate Collection Set: 2.5ms
[2023-11-10T11:47:43.178-0800][76466810ms] GC(22769)   Post Evacuate Collection Set: 4.7ms
[2023-11-10T11:47:43.178-0800][76466810ms] GC(22769)   Other: 0.3ms
[2023-11-10T11:47:43.178-0800][76466810ms] GC(22769) Eden regions: 188->0(188)
[2023-11-10T11:47:43.178-0800][76466810ms] GC(22769) Survivor regions: 1->1(24)
[2023-11-10T11:47:43.178-0800][76466810ms] GC(22769) Old regions: 1424->1424
[2023-11-10T11:47:43.178-0800][76466810ms] GC(22769) Humongous regions: 5->5
[2023-11-10T11:47:43.178-0800][76466810ms] GC(22769) Metaspace: 304921K->304921K(1349632K)
[2023-11-10T11:47:43.178-0800][76466810ms] GC(22769) Pause Young (Normal) (G1 Evacuation Pause) 3233M->2857M(3602M) 7.649ms
[2023-11-10T11:47:43.178-0800][76466810ms] GC(22769) User=0.00s Sys=0.00s Real=0.01s
[2023-11-10T11:47:43.660-0800][76467292ms] GC(22770) Pause Young (Normal) (G1 Evacuation Pause)
[2023-11-10T11:47:43.660-0800][76467292ms] GC(22770) Using 10 workers of 10 for evacuation
[2023-11-10T11:47:43.667-0800][76467299ms] GC(22770)   Pre Evacuate Collection Set: 0.1ms
[2023-11-10T11:47:43.667-0800][76467299ms] GC(22770)   Evacuate Collection Set: 2.3ms
[2023-11-10T11:47:43.667-0800][76467299ms] GC(22770)   Post Evacuate Collection Set: 5.0ms
[2023-11-10T11:47:43.667-0800][76467299ms] GC(22770)   Other: 0.4ms
[2023-11-10T11:47:43.667-0800][76467299ms] GC(22770) Eden regions: 188->0(188)
[2023-11-10T11:47:43.667-0800][76467299ms] GC(22770) Survivor regions: 1->1(24)
[2023-11-10T11:47:43.667-0800][76467299ms] GC(22770) Old regions: 1424->1424
[2023-11-10T11:47:43.667-0800][76467299ms] GC(22770) Humongous regions: 5->5
[2023-11-10T11:47:43.667-0800][76467299ms] GC(22770) Metaspace: 304921K->304921K(1349632K)
[2023-11-10T11:47:43.667-0800][76467299ms] GC(22770) Pause Young (Normal) (G1 Evacuation Pause) 3233M->2857M(3602M) 7.973ms
[2023-11-10T11:47:43.669-0800][76467301ms] GC(22770) User=0.02s Sys=0.00s Real=0.01s
[2023-11-10T11:47:44.150-0800][76467782ms] GC(22771) Pause Young (Normal) (G1 Evacuation Pause)
[2023-11-10T11:47:44.150-0800][76467782ms] GC(22771) Using 10 workers of 10 for evacuation
[2023-11-10T11:47:44.156-0800][76467788ms] GC(22771)   Pre Evacuate Collection Set: 0.1ms
[2023-11-10T11:47:44.156-0800][76467788ms] GC(22771)   Evacuate Collection Set: 2.4ms
[2023-11-10T11:47:44.156-0800][76467788ms] GC(22771)   Post Evacuate Collection Set: 4.0ms
[2023-11-10T11:47:44.156-0800][76467788ms] GC(22771)   Other: 0.4ms
[2023-11-10T11:47:44.156-0800][76467788ms] GC(22771) Eden regions: 188->0(188)
[2023-11-10T11:47:44.156-0800][76467788ms] GC(22771) Survivor regions: 1->1(24)
[2023-11-10T11:47:44.156-0800][76467788ms] GC(22771) Old regions: 1424->1424
[2023-11-10T11:47:44.156-0800][76467788ms] GC(22771) Humongous regions: 5->5
[2023-11-10T11:47:44.156-0800][76467788ms] GC(22771) Metaspace: 304921K->304921K(1349632K)
[2023-11-10T11:47:44.156-0800][76467788ms] GC(22771) Pause Young (Normal) (G1 Evacuation Pause) 3233M->2857M(3602M) 7.026ms
[2023-11-10T11:47:44.156-0800][76467788ms] GC(22771) User=0.00s Sys=0.00s Real=0.01s
[2023-11-10T11:47:44.692-0800][76468324ms] GC(22772) Pause Young (Normal) (G1 Evacuation Pause)
[2023-11-10T11:47:44.692-0800][76468324ms] GC(22772) Using 10 workers of 10 for evacuation
[2023-11-10T11:47:44.699-0800][76468331ms] GC(22772)   Pre Evacuate Collection Set: 0.0ms
[2023-11-10T11:47:44.699-0800][76468331ms] GC(22772)   Evacuate Collection Set: 2.4ms
[2023-11-10T11:47:44.700-0800][76468332ms] GC(22772)   Post Evacuate Collection Set: 4.3ms
[2023-11-10T11:47:44.700-0800][76468332ms] GC(22772)   Other: 0.3ms
[2023-11-10T11:47:44.700-0800][76468332ms] GC(22772) Eden regions: 188->0(188)
[2023-11-10T11:47:44.700-0800][76468332ms] GC(22772) Survivor regions: 1->1(24)
[2023-11-10T11:47:44.700-0800][76468332ms] GC(22772) Old regions: 1424->1424
[2023-11-10T11:47:44.700-0800][76468332ms] GC(22772) Humongous regions: 5->5
[2023-11-10T11:47:44.700-0800][76468332ms] GC(22772) Metaspace: 304921K->304921K(1349632K)
[2023-11-10T11:47:44.700-0800][76468332ms] GC(22772) Pause Young (Normal) (G1 Evacuation Pause) 3233M->2857M(3602M) 7.105ms
[2023-11-10T11:47:44.700-0800][76468332ms] GC(22772) User=0.02s Sys=0.00s Real=0.01s
[2023-11-10T11:47:45.162-0800][76468794ms] GC(22773) Pause Young (Normal) (G1 Evacuation Pause)
[2023-11-10T11:47:45.162-0800][76468794ms] GC(22773) Using 10 workers of 10 for evacuation
[2023-11-10T11:47:45.168-0800][76468800ms] GC(22773)   Pre Evacuate Collection Set: 0.0ms
[2023-11-10T11:47:45.168-0800][76468800ms] GC(22773)   Evacuate Collection Set: 1.7ms
[2023-11-10T11:47:45.168-0800][76468800ms] GC(22773)   Post Evacuate Collection Set: 3.9ms
[2023-11-10T11:47:45.168-0800][76468800ms] GC(22773)   Other: 0.3ms
[2023-11-10T11:47:45.168-0800][76468800ms] GC(22773) Eden regions: 188->0(188)
[2023-11-10T11:47:45.168-0800][76468800ms] GC(22773) Survivor regions: 1->1(24)
[2023-11-10T11:47:45.168-0800][76468800ms] GC(22773) Old regions: 1424->1424
[2023-11-10T11:47:45.168-0800][76468800ms] GC(22773) Humongous regions: 5->5
[2023-11-10T11:47:45.168-0800][76468800ms] GC(22773) Metaspace: 304921K->304921K(1349632K)
[2023-11-10T11:47:45.168-0800][76468800ms] GC(22773) Pause Young (Normal) (G1 Evacuation Pause) 3233M->2857M(3602M) 6.152ms
[2023-11-10T11:47:45.168-0800][76468800ms] GC(22773) User=0.00s Sys=0.00s Real=0.01s
[2023-11-10T11:47:45.637-0800][76469269ms] GC(22774) Pause Young (Normal) (G1 Evacuation Pause)
[2023-11-10T11:47:45.638-0800][76469270ms] GC(22774) Using 10 workers of 10 for evacuation
[2023-11-10T11:47:45.643-0800][76469275ms] GC(22774)   Pre Evacuate Collection Set: 0.0ms
[2023-11-10T11:47:45.643-0800][76469275ms] GC(22774)   Evacuate Collection Set: 1.9ms
[2023-11-10T11:47:45.643-0800][76469275ms] GC(22774)   Post Evacuate Collection Set: 3.6ms
[2023-11-10T11:47:45.643-0800][76469275ms] GC(22774)   Other: 0.3ms
[2023-11-10T11:47:45.643-0800][76469275ms] GC(22774) Eden regions: 188->0(188)
[2023-11-10T11:47:45.643-0800][76469275ms] GC(22774) Survivor regions: 1->1(24)
[2023-11-10T11:47:45.643-0800][76469275ms] GC(22774) Old regions: 1424->1424
[2023-11-10T11:47:45.643-0800][76469275ms] GC(22774) Humongous regions: 5->5
[2023-11-10T11:47:45.643-0800][76469275ms] GC(22774) Metaspace: 304921K->304921K(1349632K)
[2023-11-10T11:47:45.643-0800][76469275ms] GC(22774) Pause Young (Normal) (G1 Evacuation Pause) 3233M->2857M(3602M) 5.886ms
[2023-11-10T11:47:45.643-0800][76469275ms] GC(22774) User=0.00s Sys=0.00s Real=0.01s
[2023-11-10T11:47:46.103-0800][76469735ms] GC(22775) Pause Young (Normal) (G1 Evacuation Pause)
[2023-11-10T11:47:46.103-0800][76469735ms] GC(22775) Using 10 workers of 10 for evacuation
[2023-11-10T11:47:46.109-0800][76469741ms] GC(22775)   Pre Evacuate Collection Set: 0.1ms
[2023-11-10T11:47:46.109-0800][76469741ms] GC(22775)   Evacuate Collection Set: 2.2ms
[2023-11-10T11:47:46.109-0800][76469741ms] GC(22775)   Post Evacuate Collection Set: 3.6ms
[2023-11-10T11:47:46.109-0800][76469741ms] GC(22775)   Other: 0.3ms
[2023-11-10T11:47:46.109-0800][76469741ms] GC(22775) Eden regions: 188->0(188)
[2023-11-10T11:47:46.109-0800][76469741ms] GC(22775) Survivor regions: 1->1(24)
[2023-11-10T11:47:46.109-0800][76469741ms] GC(22775) Old regions: 1424->1424
[2023-11-10T11:47:46.109-0800][76469741ms] GC(22775) Humongous regions: 5->5
[2023-11-10T11:47:46.109-0800][76469741ms] GC(22775) Metaspace: 304921K->304921K(1349632K)
[2023-11-10T11:47:46.109-0800][76469741ms] GC(22775) Pause Young (Normal) (G1 Evacuation Pause) 3233M->2857M(3602M) 6.240ms
[2023-11-10T11:47:46.109-0800][76469741ms] GC(22775) User=0.00s Sys=0.00s Real=0.01s
[2023-11-10T11:47:46.559-0800][76470191ms] GC(22776) Pause Young (Normal) (G1 Evacuation Pause)
[2023-11-10T11:47:46.559-0800][76470191ms] GC(22776) Using 10 workers of 10 for evacuation
[2023-11-10T11:47:46.565-0800][76470197ms] GC(22776)   Pre Evacuate Collection Set: 0.1ms
[2023-11-10T11:47:46.566-0800][76470198ms] GC(22776)   Evacuate Collection Set: 2.7ms
[2023-11-10T11:47:46.566-0800][76470198ms] GC(22776)   Post Evacuate Collection Set: 3.5ms
[2023-11-10T11:47:46.566-0800][76470198ms] GC(22776)   Other: 0.4ms
[2023-11-10T11:47:46.566-0800][76470198ms] GC(22776) Eden regions: 188->0(188)
[2023-11-10T11:47:46.566-0800][76470198ms] GC(22776) Survivor regions: 1->1(24)
[2023-11-10T11:47:46.566-0800][76470198ms] GC(22776) Old regions: 1424->1424
[2023-11-10T11:47:46.566-0800][76470198ms] GC(22776) Humongous regions: 5->5
[2023-11-10T11:47:46.566-0800][76470198ms] GC(22776) Metaspace: 304921K->304921K(1349632K)
[2023-11-10T11:47:46.566-0800][76470198ms] GC(22776) Pause Young (Normal) (G1 Evacuation Pause) 3233M->2857M(3602M) 6.641ms
[2023-11-10T11:47:46.566-0800][76470198ms] GC(22776) User=0.00s Sys=0.00s Real=0.01s
[2023-11-10T11:47:46.997-0800][76470629ms] GC(22777) Pause Young (Normal) (G1 Evacuation Pause)
[2023-11-10T11:47:46.997-0800][76470629ms] GC(22777) Using 10 workers of 10 for evacuation
[2023-11-10T11:47:47.002-0800][76470634ms] GC(22777)   Pre Evacuate Collection Set: 0.1ms
[2023-11-10T11:47:47.002-0800][76470634ms] GC(22777)   Evacuate Collection Set: 2.2ms
[2023-11-10T11:47:47.002-0800][76470634ms] GC(22777)   Post Evacuate Collection Set: 3.5ms
[2023-11-10T11:47:47.002-0800][76470634ms] GC(22777)   Other: 0.4ms
[2023-11-10T11:47:47.002-0800][76470634ms] GC(22777) Eden regions: 188->0(188)
[2023-11-10T11:47:47.002-0800][76470634ms] GC(22777) Survivor regions: 1->1(24)
[2023-11-10T11:47:47.002-0800][76470634ms] GC(22777) Old regions: 1424->1424
[2023-11-10T11:47:47.002-0800][76470634ms] GC(22777) Humongous regions: 5->5
[2023-11-10T11:47:47.002-0800][76470634ms] GC(22777) Metaspace: 304921K->304921K(1349632K)
[2023-11-10T11:47:47.002-0800][76470634ms] GC(22777) Pause Young (Normal) (G1 Evacuation Pause) 3233M->2857M(3602M) 6.187ms
[2023-11-10T11:47:47.002-0800][76470634ms] GC(22777) User=0.00s Sys=0.00s Real=0.01s
[2023-11-10T11:47:47.435-0800][76471067ms] GC(22778) Pause Young (Normal) (G1 Evacuation Pause)
[2023-11-10T11:47:47.435-0800][76471067ms] GC(22778) Using 10 workers of 10 for evacuation
[2023-11-10T11:47:47.441-0800][76471073ms] GC(22778)   Pre Evacuate Collection Set: 0.1ms
[2023-11-10T11:47:47.441-0800][76471073ms] GC(22778)   Evacuate Collection Set: 2.5ms
[2023-11-10T11:47:47.441-0800][76471073ms] GC(22778)   Post Evacuate Collection Set: 3.5ms
[2023-11-10T11:47:47.441-0800][76471073ms] GC(22778)   Other: 0.3ms
[2023-11-10T11:47:47.441-0800][76471073ms] GC(22778) Eden regions: 188->0(188)
[2023-11-10T11:47:47.441-0800][76471073ms] GC(22778) Survivor regions: 1->1(24)
[2023-11-10T11:47:47.441-0800][76471073ms] GC(22778) Old regions: 1424->1424
[2023-11-10T11:47:47.441-0800][76471073ms] GC(22778) Humongous regions: 5->5
[2023-11-10T11:47:47.441-0800][76471073ms] GC(22778) Metaspace: 304921K->304921K(1349632K)
[2023-11-10T11:47:47.441-0800][76471073ms] GC(22778) Pause Young (Normal) (G1 Evacuation Pause) 3233M->2857M(3602M) 6.485ms
[2023-11-10T11:47:47.441-0800][76471073ms] GC(22778) User=0.00s Sys=0.00s Real=0.01s
[2023-11-10T11:47:47.958-0800][76471590ms] GC(22779) Pause Young (Normal) (G1 Evacuation Pause)
[2023-11-10T11:47:47.958-0800][76471590ms] GC(22779) Using 10 workers of 10 for evacuation
[2023-11-10T11:47:47.964-0800][76471596ms] GC(22779)   Pre Evacuate Collection Set: 0.0ms
[2023-11-10T11:47:47.965-0800][76471597ms] GC(22779)   Evacuate Collection Set: 2.2ms
[2023-11-10T11:47:47.965-0800][76471597ms] GC(22779)   Post Evacuate Collection Set: 4.4ms
[2023-11-10T11:47:47.965-0800][76471597ms] GC(22779)   Other: 0.3ms
[2023-11-10T11:47:47.965-0800][76471597ms] GC(22779) Eden regions: 188->0(189)
[2023-11-10T11:47:47.965-0800][76471597ms] GC(22779) Survivor regions: 1->1(24)
[2023-11-10T11:47:47.965-0800][76471597ms] GC(22779) Old regions: 1424->1424
[2023-11-10T11:47:47.965-0800][76471597ms] GC(22779) Humongous regions: 5->5
[2023-11-10T11:47:47.965-0800][76471597ms] GC(22779) Metaspace: 304921K->304921K(1349632K)
[2023-11-10T11:47:47.965-0800][76471597ms] GC(22779) Pause Young (Normal) (G1 Evacuation Pause) 3233M->2857M(3602M) 7.132ms
[2023-11-10T11:47:47.965-0800][76471597ms] GC(22779) User=0.02s Sys=0.00s Real=0.01s
[2023-11-10T11:47:48.434-0800][76472066ms] GC(22780) Pause Young (Normal) (G1 Evacuation Pause)
[2023-11-10T11:47:48.434-0800][76472066ms] GC(22780) Using 10 workers of 10 for evacuation
[2023-11-10T11:47:48.440-0800][76472072ms] GC(22780)   Pre Evacuate Collection Set: 0.0ms
[2023-11-10T11:47:48.440-0800][76472072ms] GC(22780)   Evacuate Collection Set: 2.0ms
[2023-11-10T11:47:48.440-0800][76472072ms] GC(22780)   Post Evacuate Collection Set: 3.2ms
[2023-11-10T11:47:48.440-0800][76472072ms] GC(22780)   Other: 0.3ms
[2023-11-10T11:47:48.440-0800][76472072ms] GC(22780) Eden regions: 189->0(189)
[2023-11-10T11:47:48.440-0800][76472072ms] GC(22780) Survivor regions: 1->1(24)
[2023-11-10T11:47:48.440-0800][76472072ms] GC(22780) Old regions: 1424->1424
[2023-11-10T11:47:48.440-0800][76472072ms] GC(22780) Humongous regions: 5->5
[2023-11-10T11:47:48.440-0800][76472072ms] GC(22780) Metaspace: 304921K->304921K(1349632K)
[2023-11-10T11:47:48.440-0800][76472072ms] GC(22780) Pause Young (Normal) (G1 Evacuation Pause) 3235M->2857M(3602M) 5.769ms
[2023-11-10T11:47:48.440-0800][76472072ms] GC(22780) User=0.00s Sys=0.00s Real=0.01s
[2023-11-10T11:47:48.922-0800][76472554ms] GC(22781) Pause Young (Normal) (G1 Evacuation Pause)
[2023-11-10T11:47:48.922-0800][76472554ms] GC(22781) Using 10 workers of 10 for evacuation
[2023-11-10T11:47:48.926-0800][76472558ms] GC(22781)   Pre Evacuate Collection Set: 0.1ms
[2023-11-10T11:47:48.926-0800][76472558ms] GC(22781)   Evacuate Collection Set: 1.6ms
[2023-11-10T11:47:48.926-0800][76472558ms] GC(22781)   Post Evacuate Collection Set: 3.0ms
[2023-11-10T11:47:48.926-0800][76472558ms] GC(22781)   Other: 0.3ms
[2023-11-10T11:47:48.926-0800][76472558ms] GC(22781) Eden regions: 189->0(189)
[2023-11-10T11:47:48.926-0800][76472558ms] GC(22781) Survivor regions: 1->1(24)
[2023-11-10T11:47:48.926-0800][76472558ms] GC(22781) Old regions: 1424->1424
[2023-11-10T11:47:48.926-0800][76472558ms] GC(22781) Humongous regions: 5->5
[2023-11-10T11:47:48.926-0800][76472558ms] GC(22781) Metaspace: 304921K->304921K(1349632K)
[2023-11-10T11:47:48.926-0800][76472558ms] GC(22781) Pause Young (Normal) (G1 Evacuation Pause) 3235M->2857M(3602M) 5.025ms
[2023-11-10T11:47:48.926-0800][76472558ms] GC(22781) User=0.00s Sys=0.00s Real=0.00s
[2023-11-10T11:47:49.366-0800][76472998ms] GC(22782) Pause Young (Normal) (G1 Evacuation Pause)
[2023-11-10T11:47:49.366-0800][76472998ms] GC(22782) Using 10 workers of 10 for evacuation
[2023-11-10T11:47:49.372-0800][76473004ms] GC(22782)   Pre Evacuate Collection Set: 0.0ms
[2023-11-10T11:47:49.372-0800][76473004ms] GC(22782)   Evacuate Collection Set: 1.7ms
[2023-11-10T11:47:49.372-0800][76473004ms] GC(22782)   Post Evacuate Collection Set: 3.1ms
[2023-11-10T11:47:49.372-0800][76473004ms] GC(22782)   Other: 0.2ms
[2023-11-10T11:47:49.372-0800][76473004ms] GC(22782) Eden regions: 189->0(189)
[2023-11-10T11:47:49.372-0800][76473004ms] GC(22782) Survivor regions: 1->1(24)
[2023-11-10T11:47:49.372-0800][76473004ms] GC(22782) Old regions: 1424->1424
[2023-11-10T11:47:49.372-0800][76473004ms] GC(22782) Humongous regions: 5->5
[2023-11-10T11:47:49.372-0800][76473004ms] GC(22782) Metaspace: 304921K->304921K(1349632K)
[2023-11-10T11:47:49.372-0800][76473004ms] GC(22782) Pause Young (Normal) (G1 Evacuation Pause) 3235M->2857M(3602M) 5.165ms
[2023-11-10T11:47:49.372-0800][76473004ms] GC(22782) User=0.00s Sys=0.00s Real=0.01s
[2023-11-10T11:47:49.839-0800][76473471ms] GC(22783) Pause Young (Normal) (G1 Evacuation Pause)
[2023-11-10T11:47:49.839-0800][76473471ms] GC(22783) Using 10 workers of 10 for evacuation
[2023-11-10T11:47:49.844-0800][76473476ms] GC(22783)   Pre Evacuate Collection Set: 0.0ms
[2023-11-10T11:47:49.844-0800][76473476ms] GC(22783)   Evacuate Collection Set: 1.6ms
[2023-11-10T11:47:49.844-0800][76473476ms] GC(22783)   Post Evacuate Collection Set: 3.0ms
[2023-11-10T11:47:49.844-0800][76473476ms] GC(22783)   Other: 0.2ms
[2023-11-10T11:47:49.844-0800][76473476ms] GC(22783) Eden regions: 189->0(189)
[2023-11-10T11:47:49.844-0800][76473476ms] GC(22783) Survivor regions: 1->1(24)
[2023-11-10T11:47:49.844-0800][76473476ms] GC(22783) Old regions: 1424->1424
[2023-11-10T11:47:49.844-0800][76473476ms] GC(22783) Humongous regions: 5->5
[2023-11-10T11:47:49.844-0800][76473476ms] GC(22783) Metaspace: 304921K->304921K(1349632K)
[2023-11-10T11:47:49.844-0800][76473476ms] GC(22783) Pause Young (Normal) (G1 Evacuation Pause) 3235M->2857M(3602M) 4.975ms
[2023-11-10T11:47:49.844-0800][76473476ms] GC(22783) User=0.00s Sys=0.00s Real=0.01s
[2023-11-10T11:47:50.273-0800][76473905ms] GC(22784) Pause Young (Normal) (G1 Evacuation Pause)
[2023-11-10T11:47:50.273-0800][76473905ms] GC(22784) Using 10 workers of 10 for evacuation
[2023-11-10T11:47:50.278-0800][76473910ms] GC(22784)   Pre Evacuate Collection Set: 0.0ms
[2023-11-10T11:47:50.278-0800][76473910ms] GC(22784)   Evacuate Collection Set: 1.8ms
[2023-11-10T11:47:50.278-0800][76473910ms] GC(22784)   Post Evacuate Collection Set: 3.1ms
[2023-11-10T11:47:50.278-0800][76473910ms] GC(22784)   Other: 0.3ms
[2023-11-10T11:47:50.278-0800][76473910ms] GC(22784) Eden regions: 189->0(189)
[2023-11-10T11:47:50.278-0800][76473910ms] GC(22784) Survivor regions: 1->1(24)
[2023-11-10T11:47:50.278-0800][76473910ms] GC(22784) Old regions: 1424->1424
[2023-11-10T11:47:50.278-0800][76473910ms] GC(22784) Humongous regions: 5->5
[2023-11-10T11:47:50.278-0800][76473910ms] GC(22784) Metaspace: 304921K->304921K(1349632K)
[2023-11-10T11:47:50.278-0800][76473910ms] GC(22784) Pause Young (Normal) (G1 Evacuation Pause) 3235M->2857M(3602M) 5.371ms
[2023-11-10T11:47:50.279-0800][76473911ms] GC(22784) User=0.00s Sys=0.00s Real=0.01s
[2023-11-10T11:47:50.720-0800][76474352ms] GC(22785) Pause Young (Normal) (GCLocker Initiated GC)
[2023-11-10T11:47:50.720-0800][76474352ms] GC(22785) Using 10 workers of 10 for evacuation
[2023-11-10T11:47:50.724-0800][76474356ms] GC(22785)   Pre Evacuate Collection Set: 0.0ms
[2023-11-10T11:47:50.724-0800][76474356ms] GC(22785)   Evacuate Collection Set: 1.7ms
[2023-11-10T11:47:50.724-0800][76474356ms] GC(22785)   Post Evacuate Collection Set: 3.2ms
[2023-11-10T11:47:50.724-0800][76474356ms] GC(22785)   Other: 0.3ms
[2023-11-10T11:47:50.724-0800][76474356ms] GC(22785) Eden regions: 189->0(189)
[2023-11-10T11:47:50.724-0800][76474356ms] GC(22785) Survivor regions: 1->1(24)
[2023-11-10T11:47:50.724-0800][76474356ms] GC(22785) Old regions: 1424->1424
[2023-11-10T11:47:50.724-0800][76474356ms] GC(22785) Humongous regions: 5->5
[2023-11-10T11:47:50.724-0800][76474356ms] GC(22785) Metaspace: 304921K->304921K(1349632K)
[2023-11-10T11:47:50.724-0800][76474356ms] GC(22785) Pause Young (Normal) (GCLocker Initiated GC) 3235M->2857M(3602M) 5.198ms
[2023-11-10T11:47:50.725-0800][76474357ms] GC(22785) User=0.00s Sys=0.00s Real=0.00s
[2023-11-10T11:47:51.130-0800][76474762ms] GC(22786) Pause Young (Normal) (GCLocker Initiated GC)
[2023-11-10T11:47:51.130-0800][76474762ms] GC(22786) Using 10 workers of 10 for evacuation
[2023-11-10T11:47:51.136-0800][76474768ms] GC(22786)   Pre Evacuate Collection Set: 0.0ms
[2023-11-10T11:47:51.136-0800][76474768ms] GC(22786)   Evacuate Collection Set: 1.6ms
[2023-11-10T11:47:51.136-0800][76474768ms] GC(22786)   Post Evacuate Collection Set: 3.4ms
[2023-11-10T11:47:51.136-0800][76474768ms] GC(22786)   Other: 0.3ms
[2023-11-10T11:47:51.136-0800][76474768ms] GC(22786) Eden regions: 190->0(189)
[2023-11-10T11:47:51.136-0800][76474768ms] GC(22786) Survivor regions: 1->1(24)
[2023-11-10T11:47:51.136-0800][76474768ms] GC(22786) Old regions: 1424->1424
[2023-11-10T11:47:51.136-0800][76474768ms] GC(22786) Humongous regions: 5->5
[2023-11-10T11:47:51.136-0800][76474768ms] GC(22786) Metaspace: 304921K->304921K(1349632K)
[2023-11-10T11:47:51.136-0800][76474768ms] GC(22786) Pause Young (Normal) (GCLocker Initiated GC) 3236M->2857M(3602M) 5.453ms
[2023-11-10T11:47:51.136-0800][76474768ms] GC(22786) User=0.00s Sys=0.00s Real=0.01s
[2023-11-10T11:47:51.623-0800][76475255ms] GC(22787) Pause Young (Normal) (GCLocker Initiated GC)
[2023-11-10T11:47:51.623-0800][76475255ms] GC(22787) Using 10 workers of 10 for evacuation
[2023-11-10T11:47:51.629-0800][76475261ms] GC(22787)   Pre Evacuate Collection Set: 0.0ms
[2023-11-10T11:47:51.629-0800][76475261ms] GC(22787)   Evacuate Collection Set: 2.0ms
[2023-11-10T11:47:51.629-0800][76475261ms] GC(22787)   Post Evacuate Collection Set: 3.2ms
[2023-11-10T11:47:51.629-0800][76475261ms] GC(22787)   Other: 0.3ms
[2023-11-10T11:47:51.629-0800][76475261ms] GC(22787) Eden regions: 190->0(189)
[2023-11-10T11:47:51.629-0800][76475261ms] GC(22787) Survivor regions: 1->1(24)
[2023-11-10T11:47:51.629-0800][76475261ms] GC(22787) Old regions: 1424->1424
[2023-11-10T11:47:51.629-0800][76475261ms] GC(22787) Humongous regions: 5->5
[2023-11-10T11:47:51.629-0800][76475261ms] GC(22787) Metaspace: 304921K->304921K(1349632K)
[2023-11-10T11:47:51.629-0800][76475261ms] GC(22787) Pause Young (Normal) (GCLocker Initiated GC) 3236M->2857M(3602M) 5.644ms
[2023-11-10T11:47:51.629-0800][76475261ms] GC(22787) User=0.00s Sys=0.00s Real=0.01s
[2023-11-10T11:47:52.103-0800][76475735ms] GC(22788) Pause Young (Normal) (GCLocker Initiated GC)
[2023-11-10T11:47:52.103-0800][76475735ms] GC(22788) Using 10 workers of 10 for evacuation
[2023-11-10T11:47:52.108-0800][76475740ms] GC(22788)   Pre Evacuate Collection Set: 0.0ms
[2023-11-10T11:47:52.108-0800][76475740ms] GC(22788)   Evacuate Collection Set: 1.7ms
[2023-11-10T11:47:52.108-0800][76475740ms] GC(22788)   Post Evacuate Collection Set: 3.1ms
[2023-11-10T11:47:52.108-0800][76475740ms] GC(22788)   Other: 0.3ms
[2023-11-10T11:47:52.108-0800][76475740ms] GC(22788) Eden regions: 190->0(189)
[2023-11-10T11:47:52.108-0800][76475740ms] GC(22788) Survivor regions: 1->1(24)
[2023-11-10T11:47:52.108-0800][76475740ms] GC(22788) Old regions: 1424->1424
[2023-11-10T11:47:52.108-0800][76475740ms] GC(22788) Humongous regions: 5->5
[2023-11-10T11:47:52.108-0800][76475740ms] GC(22788) Metaspace: 304921K->304921K(1349632K)
[2023-11-10T11:47:52.108-0800][76475740ms] GC(22788) Pause Young (Normal) (GCLocker Initiated GC) 3235M->2857M(3602M) 5.158ms
[2023-11-10T11:47:52.108-0800][76475740ms] GC(22788) User=0.00s Sys=0.00s Real=0.01s
[2023-11-10T11:47:52.605-0800][76476237ms] GC(22789) Pause Young (Normal) (G1 Evacuation Pause)
[2023-11-10T11:47:52.605-0800][76476237ms] GC(22789) Using 10 workers of 10 for evacuation
[2023-11-10T11:47:52.610-0800][76476242ms] GC(22789)   Pre Evacuate Collection Set: 0.0ms
[2023-11-10T11:47:52.610-0800][76476242ms] GC(22789)   Evacuate Collection Set: 1.7ms
[2023-11-10T11:47:52.610-0800][76476242ms] GC(22789)   Post Evacuate Collection Set: 3.2ms
[2023-11-10T11:47:52.610-0800][76476242ms] GC(22789)   Other: 0.3ms
[2023-11-10T11:47:52.610-0800][76476242ms] GC(22789) Eden regions: 189->0(189)
[2023-11-10T11:47:52.610-0800][76476242ms] GC(22789) Survivor regions: 1->1(24)
[2023-11-10T11:47:52.610-0800][76476242ms] GC(22789) Old regions: 1424->1424
[2023-11-10T11:47:52.610-0800][76476242ms] GC(22789) Humongous regions: 5->5
[2023-11-10T11:47:52.610-0800][76476242ms] GC(22789) Metaspace: 304921K->304921K(1349632K)
[2023-11-10T11:47:52.610-0800][76476242ms] GC(22789) Pause Young (Normal) (G1 Evacuation Pause) 3235M->2857M(3602M) 5.355ms
[2023-11-10T11:47:52.610-0800][76476242ms] GC(22789) User=0.00s Sys=0.00s Real=0.00s
[2023-11-10T11:47:53.047-0800][76476679ms] GC(22790) Pause Young (Normal) (G1 Evacuation Pause)
[2023-11-10T11:47:53.047-0800][76476679ms] GC(22790) Using 10 workers of 10 for evacuation
[2023-11-10T11:47:53.052-0800][76476684ms] GC(22790)   Pre Evacuate Collection Set: 0.0ms
[2023-11-10T11:47:53.053-0800][76476685ms] GC(22790)   Evacuate Collection Set: 1.7ms
[2023-11-10T11:47:53.053-0800][76476685ms] GC(22790)   Post Evacuate Collection Set: 3.2ms
[2023-11-10T11:47:53.053-0800][76476685ms] GC(22790)   Other: 0.3ms
[2023-11-10T11:47:53.053-0800][76476685ms] GC(22790) Eden regions: 189->0(189)
[2023-11-10T11:47:53.053-0800][76476685ms] GC(22790) Survivor regions: 1->1(24)
[2023-11-10T11:47:53.053-0800][76476685ms] GC(22790) Old regions: 1424->1424
[2023-11-10T11:47:53.053-0800][76476685ms] GC(22790) Humongous regions: 5->5
[2023-11-10T11:47:53.053-0800][76476685ms] GC(22790) Metaspace: 304921K->304921K(1349632K)
[2023-11-10T11:47:53.053-0800][76476685ms] GC(22790) Pause Young (Normal) (G1 Evacuation Pause) 3235M->2857M(3602M) 5.235ms
[2023-11-10T11:47:53.053-0800][76476685ms] GC(22790) User=0.00s Sys=0.00s Real=0.01s
[2023-11-10T11:47:53.564-0800][76477196ms] GC(22791) Pause Young (Normal) (G1 Evacuation Pause)
[2023-11-10T11:47:53.564-0800][76477196ms] GC(22791) Using 10 workers of 10 for evacuation
[2023-11-10T11:47:53.571-0800][76477203ms] GC(22791)   Pre Evacuate Collection Set: 0.0ms
[2023-11-10T11:47:53.571-0800][76477203ms] GC(22791)   Evacuate Collection Set: 2.3ms
[2023-11-10T11:47:53.571-0800][76477203ms] GC(22791)   Post Evacuate Collection Set: 5.3ms
[2023-11-10T11:47:53.571-0800][76477203ms] GC(22791)   Other: 0.3ms
[2023-11-10T11:47:53.571-0800][76477203ms] GC(22791) Eden regions: 189->0(189)
[2023-11-10T11:47:53.571-0800][76477203ms] GC(22791) Survivor regions: 1->1(24)
[2023-11-10T11:47:53.571-0800][76477203ms] GC(22791) Old regions: 1424->1424
[2023-11-10T11:47:53.571-0800][76477203ms] GC(22791) Humongous regions: 5->5
[2023-11-10T11:47:53.571-0800][76477203ms] GC(22791) Metaspace: 304921K->304921K(1349632K)
[2023-11-10T11:47:53.571-0800][76477203ms] GC(22791) Pause Young (Normal) (G1 Evacuation Pause) 3235M->2857M(3602M) 8.091ms
[2023-11-10T11:47:53.571-0800][76477203ms] GC(22791) User=0.00s Sys=0.00s Real=0.01s
[2023-11-10T11:47:54.136-0800][76477768ms] GC(22792) Pause Young (Normal) (G1 Evacuation Pause)
[2023-11-10T11:47:54.136-0800][76477768ms] GC(22792) Using 10 workers of 10 for evacuation
[2023-11-10T11:47:54.142-0800][76477774ms] GC(22792)   Pre Evacuate Collection Set: 0.1ms
[2023-11-10T11:47:54.142-0800][76477774ms] GC(22792)   Evacuate Collection Set: 2.2ms
[2023-11-10T11:47:54.142-0800][76477774ms] GC(22792)   Post Evacuate Collection Set: 3.8ms
[2023-11-10T11:47:54.142-0800][76477774ms] GC(22792)   Other: 0.4ms
[2023-11-10T11:47:54.142-0800][76477774ms] GC(22792) Eden regions: 189->0(189)
[2023-11-10T11:47:54.142-0800][76477774ms] GC(22792) Survivor regions: 1->1(24)
[2023-11-10T11:47:54.142-0800][76477774ms] GC(22792) Old regions: 1424->1424
[2023-11-10T11:47:54.142-0800][76477774ms] GC(22792) Humongous regions: 5->5
[2023-11-10T11:47:54.142-0800][76477774ms] GC(22792) Metaspace: 304921K->304921K(1349632K)
[2023-11-10T11:47:54.142-0800][76477774ms] GC(22792) Pause Young (Normal) (G1 Evacuation Pause) 3235M->2857M(3602M) 6.502ms
[2023-11-10T11:47:54.142-0800][76477774ms] GC(22792) User=0.00s Sys=0.00s Real=0.01s
[2023-11-10T11:47:54.625-0800][76478257ms] GC(22793) Pause Young (Normal) (G1 Evacuation Pause)
[2023-11-10T11:47:54.625-0800][76478257ms] GC(22793) Using 10 workers of 10 for evacuation
[2023-11-10T11:47:54.630-0800][76478262ms] GC(22793)   Pre Evacuate Collection Set: 0.1ms
[2023-11-10T11:47:54.630-0800][76478262ms] GC(22793)   Evacuate Collection Set: 1.8ms
[2023-11-10T11:47:54.630-0800][76478262ms] GC(22793)   Post Evacuate Collection Set: 3.0ms
[2023-11-10T11:47:54.630-0800][76478262ms] GC(22793)   Other: 0.3ms
[2023-11-10T11:47:54.630-0800][76478262ms] GC(22793) Eden regions: 189->0(189)
[2023-11-10T11:47:54.630-0800][76478262ms] GC(22793) Survivor regions: 1->1(24)
[2023-11-10T11:47:54.630-0800][76478262ms] GC(22793) Old regions: 1424->1424
[2023-11-10T11:47:54.630-0800][76478262ms] GC(22793) Humongous regions: 5->5
[2023-11-10T11:47:54.630-0800][76478262ms] GC(22793) Metaspace: 304921K->304921K(1349632K)
[2023-11-10T11:47:54.630-0800][76478262ms] GC(22793) Pause Young (Normal) (G1 Evacuation Pause) 3235M->2857M(3602M) 5.276ms
[2023-11-10T11:47:54.630-0800][76478262ms] GC(22793) User=0.00s Sys=0.00s Real=0.01s
[2023-11-10T11:47:55.080-0800][76478712ms] GC(22794) Pause Young (Normal) (G1 Evacuation Pause)
[2023-11-10T11:47:55.080-0800][76478712ms] GC(22794) Using 10 workers of 10 for evacuation
[2023-11-10T11:47:55.085-0800][76478717ms] GC(22794)   Pre Evacuate Collection Set: 0.1ms
[2023-11-10T11:47:55.085-0800][76478717ms] GC(22794)   Evacuate Collection Set: 1.9ms
[2023-11-10T11:47:55.085-0800][76478717ms] GC(22794)   Post Evacuate Collection Set: 3.1ms
[2023-11-10T11:47:55.085-0800][76478717ms] GC(22794)   Other: 0.3ms
[2023-11-10T11:47:55.085-0800][76478717ms] GC(22794) Eden regions: 189->0(189)
[2023-11-10T11:47:55.085-0800][76478717ms] GC(22794) Survivor regions: 1->1(24)
[2023-11-10T11:47:55.085-0800][76478717ms] GC(22794) Old regions: 1424->1424
[2023-11-10T11:47:55.085-0800][76478717ms] GC(22794) Humongous regions: 5->5
[2023-11-10T11:47:55.085-0800][76478717ms] GC(22794) Metaspace: 304921K->304921K(1349632K)
[2023-11-10T11:47:55.085-0800][76478717ms] GC(22794) Pause Young (Normal) (G1 Evacuation Pause) 3235M->2857M(3602M) 5.404ms
[2023-11-10T11:47:55.085-0800][76478717ms] GC(22794) User=0.00s Sys=0.00s Real=0.01s
[2023-11-10T11:47:55.551-0800][76479183ms] GC(22795) Pause Young (Normal) (G1 Evacuation Pause)
[2023-11-10T11:47:55.551-0800][76479183ms] GC(22795) Using 10 workers of 10 for evacuation
[2023-11-10T11:47:55.557-0800][76479189ms] GC(22795)   Pre Evacuate Collection Set: 0.0ms
[2023-11-10T11:47:55.557-0800][76479189ms] GC(22795)   Evacuate Collection Set: 1.7ms
[2023-11-10T11:47:55.557-0800][76479189ms] GC(22795)   Post Evacuate Collection Set: 3.7ms
[2023-11-10T11:47:55.557-0800][76479189ms] GC(22795)   Other: 0.3ms
[2023-11-10T11:47:55.557-0800][76479189ms] GC(22795) Eden regions: 189->0(189)
[2023-11-10T11:47:55.557-0800][76479189ms] GC(22795) Survivor regions: 1->1(24)
[2023-11-10T11:47:55.557-0800][76479189ms] GC(22795) Old regions: 1424->1424
[2023-11-10T11:47:55.557-0800][76479189ms] GC(22795) Humongous regions: 5->5
[2023-11-10T11:47:55.557-0800][76479189ms] GC(22795) Metaspace: 304921K->304921K(1349632K)
[2023-11-10T11:47:55.557-0800][76479189ms] GC(22795) Pause Young (Normal) (G1 Evacuation Pause) 3235M->2857M(3602M) 5.738ms
[2023-11-10T11:47:55.557-0800][76479189ms] GC(22795) User=0.02s Sys=0.00s Real=0.01s
[2023-11-10T11:47:56.016-0800][76479648ms] GC(22796) Pause Young (Normal) (G1 Evacuation Pause)
[2023-11-10T11:47:56.016-0800][76479648ms] GC(22796) Using 10 workers of 10 for evacuation
[2023-11-10T11:47:56.021-0800][76479653ms] GC(22796)   Pre Evacuate Collection Set: 0.0ms
[2023-11-10T11:47:56.021-0800][76479653ms] GC(22796)   Evacuate Collection Set: 1.7ms
[2023-11-10T11:47:56.021-0800][76479653ms] GC(22796)   Post Evacuate Collection Set: 3.5ms
[2023-11-10T11:47:56.021-0800][76479653ms] GC(22796)   Other: 0.3ms
[2023-11-10T11:47:56.021-0800][76479653ms] GC(22796) Eden regions: 189->0(189)
[2023-11-10T11:47:56.021-0800][76479653ms] GC(22796) Survivor regions: 1->1(24)
[2023-11-10T11:47:56.021-0800][76479653ms] GC(22796) Old regions: 1424->1424
[2023-11-10T11:47:56.021-0800][76479653ms] GC(22796) Humongous regions: 5->5
[2023-11-10T11:47:56.021-0800][76479653ms] GC(22796) Metaspace: 304921K->304921K(1349632K)
[2023-11-10T11:47:56.021-0800][76479653ms] GC(22796) Pause Young (Normal) (G1 Evacuation Pause) 3235M->2857M(3602M) 5.692ms
[2023-11-10T11:47:56.021-0800][76479653ms] GC(22796) User=0.00s Sys=0.00s Real=0.00s
[2023-11-10T11:47:56.503-0800][76480135ms] GC(22797) Pause Young (Normal) (G1 Evacuation Pause)
[2023-11-10T11:47:56.503-0800][76480135ms] GC(22797) Using 10 workers of 10 for evacuation
[2023-11-10T11:47:56.509-0800][76480141ms] GC(22797)   Pre Evacuate Collection Set: 0.0ms
[2023-11-10T11:47:56.509-0800][76480141ms] GC(22797)   Evacuate Collection Set: 1.6ms
[2023-11-10T11:47:56.509-0800][76480141ms] GC(22797)   Post Evacuate Collection Set: 3.3ms
[2023-11-10T11:47:56.509-0800][76480141ms] GC(22797)   Other: 0.3ms
[2023-11-10T11:47:56.509-0800][76480141ms] GC(22797) Eden regions: 189->0(189)
[2023-11-10T11:47:56.509-0800][76480141ms] GC(22797) Survivor regions: 1->1(24)
[2023-11-10T11:47:56.509-0800][76480141ms] GC(22797) Old regions: 1424->1424
[2023-11-10T11:47:56.509-0800][76480141ms] GC(22797) Humongous regions: 5->5
[2023-11-10T11:47:56.509-0800][76480141ms] GC(22797) Metaspace: 304921K->304921K(1349632K)
[2023-11-10T11:47:56.509-0800][76480141ms] GC(22797) Pause Young (Normal) (G1 Evacuation Pause) 3235M->2857M(3602M) 5.434ms
[2023-11-10T11:47:56.509-0800][76480141ms] GC(22797) User=0.00s Sys=0.00s Real=0.01s
[2023-11-10T11:47:56.975-0800][76480607ms] GC(22798) Pause Young (Normal) (G1 Evacuation Pause)
[2023-11-10T11:47:56.975-0800][76480607ms] GC(22798) Using 10 workers of 10 for evacuation
[2023-11-10T11:47:56.981-0800][76480613ms] GC(22798)   Pre Evacuate Collection Set: 0.1ms
[2023-11-10T11:47:56.981-0800][76480613ms] GC(22798)   Evacuate Collection Set: 2.1ms
[2023-11-10T11:47:56.981-0800][76480613ms] GC(22798)   Post Evacuate Collection Set: 3.3ms
[2023-11-10T11:47:56.981-0800][76480613ms] GC(22798)   Other: 0.4ms
[2023-11-10T11:47:56.981-0800][76480613ms] GC(22798) Eden regions: 189->0(189)
[2023-11-10T11:47:56.981-0800][76480613ms] GC(22798) Survivor regions: 1->1(24)
[2023-11-10T11:47:56.981-0800][76480613ms] GC(22798) Old regions: 1424->1424
[2023-11-10T11:47:56.981-0800][76480613ms] GC(22798) Humongous regions: 5->5
[2023-11-10T11:47:56.981-0800][76480613ms] GC(22798) Metaspace: 304921K->304921K(1349632K)
[2023-11-10T11:47:56.981-0800][76480613ms] GC(22798) Pause Young (Normal) (G1 Evacuation Pause) 3235M->2857M(3602M) 5.926ms
[2023-11-10T11:47:56.981-0800][76480613ms] GC(22798) User=0.09s Sys=0.00s Real=0.01s
[2023-11-10T11:47:57.453-0800][76481085ms] GC(22799) Pause Young (Normal) (G1 Evacuation Pause)
[2023-11-10T11:47:57.453-0800][76481085ms] GC(22799) Using 10 workers of 10 for evacuation
[2023-11-10T11:47:57.459-0800][76481091ms] GC(22799)   Pre Evacuate Collection Set: 0.1ms
[2023-11-10T11:47:57.459-0800][76481091ms] GC(22799)   Evacuate Collection Set: 2.7ms
[2023-11-10T11:47:57.459-0800][76481091ms] GC(22799)   Post Evacuate Collection Set: 3.8ms
[2023-11-10T11:47:57.459-0800][76481091ms] GC(22799)   Other: 0.3ms
[2023-11-10T11:47:57.459-0800][76481091ms] GC(22799) Eden regions: 189->0(189)
[2023-11-10T11:47:57.459-0800][76481091ms] GC(22799) Survivor regions: 1->1(24)
[2023-11-10T11:47:57.459-0800][76481091ms] GC(22799) Old regions: 1424->1424
[2023-11-10T11:47:57.459-0800][76481091ms] GC(22799) Humongous regions: 5->5
[2023-11-10T11:47:57.459-0800][76481091ms] GC(22799) Metaspace: 304921K->304921K(1349632K)
[2023-11-10T11:47:57.459-0800][76481091ms] GC(22799) Pause Young (Normal) (G1 Evacuation Pause) 3235M->2858M(3602M) 6.904ms
[2023-11-10T11:47:57.459-0800][76481091ms] GC(22799) User=0.00s Sys=0.00s Real=0.01s
[2023-11-10T11:47:57.981-0800][76481613ms] GC(22800) Pause Young (Normal) (G1 Evacuation Pause)
[2023-11-10T11:47:57.981-0800][76481613ms] GC(22800) Using 10 workers of 10 for evacuation
[2023-11-10T11:47:57.988-0800][76481620ms] GC(22800)   Pre Evacuate Collection Set: 0.0ms
[2023-11-10T11:47:57.988-0800][76481620ms] GC(22800)   Evacuate Collection Set: 1.8ms
[2023-11-10T11:47:57.988-0800][76481620ms] GC(22800)   Post Evacuate Collection Set: 3.9ms
[2023-11-10T11:47:57.988-0800][76481620ms] GC(22800)   Other: 0.3ms
[2023-11-10T11:47:57.988-0800][76481620ms] GC(22800) Eden regions: 189->0(189)
[2023-11-10T11:47:57.988-0800][76481620ms] GC(22800) Survivor regions: 1->1(24)
[2023-11-10T11:47:57.988-0800][76481620ms] GC(22800) Old regions: 1424->1424
[2023-11-10T11:47:57.988-0800][76481620ms] GC(22800) Humongous regions: 5->5
[2023-11-10T11:47:57.988-0800][76481620ms] GC(22800) Metaspace: 304921K->304921K(1349632K)
[2023-11-10T11:47:57.988-0800][76481620ms] GC(22800) Pause Young (Normal) (G1 Evacuation Pause) 3236M->2857M(3602M) 6.108ms
[2023-11-10T11:47:57.988-0800][76481620ms] GC(22800) User=0.00s Sys=0.00s Real=0.01s
[2023-11-10T11:47:58.454-0800][76482086ms] GC(22801) Pause Young (Normal) (G1 Evacuation Pause)
[2023-11-10T11:47:58.454-0800][76482086ms] GC(22801) Using 10 workers of 10 for evacuation
[2023-11-10T11:47:58.459-0800][76482091ms] GC(22801)   Pre Evacuate Collection Set: 0.0ms
[2023-11-10T11:47:58.459-0800][76482091ms] GC(22801)   Evacuate Collection Set: 1.7ms
[2023-11-10T11:47:58.459-0800][76482091ms] GC(22801)   Post Evacuate Collection Set: 4.2ms
[2023-11-10T11:47:58.459-0800][76482091ms] GC(22801)   Other: 0.3ms
[2023-11-10T11:47:58.459-0800][76482091ms] GC(22801) Eden regions: 189->0(189)
[2023-11-10T11:47:58.459-0800][76482091ms] GC(22801) Survivor regions: 1->1(24)
[2023-11-10T11:47:58.459-0800][76482091ms] GC(22801) Old regions: 1424->1424
[2023-11-10T11:47:58.459-0800][76482091ms] GC(22801) Humongous regions: 5->5
[2023-11-10T11:47:58.459-0800][76482091ms] GC(22801) Metaspace: 304921K->304921K(1349632K)
[2023-11-10T11:47:58.459-0800][76482091ms] GC(22801) Pause Young (Normal) (G1 Evacuation Pause) 3235M->2858M(3602M) 6.280ms
[2023-11-10T11:47:58.460-0800][76482092ms] GC(22801) User=0.00s Sys=0.00s Real=0.01s
[2023-11-10T11:47:58.899-0800][76482531ms] GC(22802) Pause Young (Normal) (G1 Evacuation Pause)
[2023-11-10T11:47:58.899-0800][76482531ms] GC(22802) Using 10 workers of 10 for evacuation
[2023-11-10T11:47:58.904-0800][76482536ms] GC(22802)   Pre Evacuate Collection Set: 0.1ms
[2023-11-10T11:47:58.904-0800][76482536ms] GC(22802)   Evacuate Collection Set: 1.7ms
[2023-11-10T11:47:58.904-0800][76482536ms] GC(22802)   Post Evacuate Collection Set: 3.2ms
[2023-11-10T11:47:58.904-0800][76482536ms] GC(22802)   Other: 0.3ms
[2023-11-10T11:47:58.904-0800][76482536ms] GC(22802) Eden regions: 189->0(189)
[2023-11-10T11:47:58.904-0800][76482536ms] GC(22802) Survivor regions: 1->1(24)
[2023-11-10T11:47:58.904-0800][76482536ms] GC(22802) Old regions: 1424->1424
[2023-11-10T11:47:58.904-0800][76482536ms] GC(22802) Humongous regions: 5->5
[2023-11-10T11:47:58.904-0800][76482536ms] GC(22802) Metaspace: 304921K->304921K(1349632K)
[2023-11-10T11:47:58.904-0800][76482536ms] GC(22802) Pause Young (Normal) (G1 Evacuation Pause) 3236M->2858M(3602M) 5.306ms
[2023-11-10T11:47:58.904-0800][76482536ms] GC(22802) User=0.00s Sys=0.00s Real=0.01s
[2023-11-10T11:47:59.360-0800][76482992ms] GC(22803) Pause Young (Normal) (G1 Evacuation Pause)
[2023-11-10T11:47:59.360-0800][76482992ms] GC(22803) Using 10 workers of 10 for evacuation
[2023-11-10T11:47:59.366-0800][76482998ms] GC(22803)   Pre Evacuate Collection Set: 0.1ms
[2023-11-10T11:47:59.366-0800][76482998ms] GC(22803)   Evacuate Collection Set: 1.7ms
[2023-11-10T11:47:59.366-0800][76482998ms] GC(22803)   Post Evacuate Collection Set: 4.6ms
[2023-11-10T11:47:59.366-0800][76482998ms] GC(22803)   Other: 0.3ms
[2023-11-10T11:47:59.366-0800][76482998ms] GC(22803) Eden regions: 189->0(189)
[2023-11-10T11:47:59.366-0800][76482998ms] GC(22803) Survivor regions: 1->1(24)
[2023-11-10T11:47:59.366-0800][76482998ms] GC(22803) Old regions: 1424->1424
[2023-11-10T11:47:59.366-0800][76482998ms] GC(22803) Humongous regions: 5->5
[2023-11-10T11:47:59.366-0800][76482998ms] GC(22803) Metaspace: 304921K->304921K(1349632K)
[2023-11-10T11:47:59.366-0800][76482998ms] GC(22803) Pause Young (Normal) (G1 Evacuation Pause) 3236M->2858M(3602M) 6.887ms
[2023-11-10T11:47:59.366-0800][76482998ms] GC(22803) User=0.00s Sys=0.00s Real=0.01s
[2023-11-10T11:47:59.836-0800][76483468ms] GC(22804) Pause Young (Normal) (G1 Evacuation Pause)
[2023-11-10T11:47:59.836-0800][76483468ms] GC(22804) Using 10 workers of 10 for evacuation
[2023-11-10T11:47:59.841-0800][76483473ms] GC(22804)   Pre Evacuate Collection Set: 0.0ms
[2023-11-10T11:47:59.841-0800][76483473ms] GC(22804)   Evacuate Collection Set: 1.6ms
[2023-11-10T11:47:59.841-0800][76483473ms] GC(22804)   Post Evacuate Collection Set: 3.5ms
[2023-11-10T11:47:59.841-0800][76483473ms] GC(22804)   Other: 0.3ms
[2023-11-10T11:47:59.841-0800][76483473ms] GC(22804) Eden regions: 189->0(189)
[2023-11-10T11:47:59.841-0800][76483473ms] GC(22804) Survivor regions: 1->1(24)
[2023-11-10T11:47:59.841-0800][76483473ms] GC(22804) Old regions: 1424->1424
[2023-11-10T11:47:59.841-0800][76483473ms] GC(22804) Humongous regions: 5->5
[2023-11-10T11:47:59.841-0800][76483473ms] GC(22804) Metaspace: 304921K->304921K(1349632K)
[2023-11-10T11:47:59.841-0800][76483473ms] GC(22804) Pause Young (Normal) (G1 Evacuation Pause) 3236M->2858M(3602M) 5.484ms
[2023-11-10T11:47:59.841-0800][76483473ms] GC(22804) User=0.00s Sys=0.00s Real=0.01s
[2023-11-10T11:48:00.314-0800][76483946ms] GC(22805) Pause Young (Normal) (G1 Evacuation Pause)
[2023-11-10T11:48:00.314-0800][76483946ms] GC(22805) Using 10 workers of 10 for evacuation
[2023-11-10T11:48:00.319-0800][76483951ms] GC(22805)   Pre Evacuate Collection Set: 0.0ms
[2023-11-10T11:48:00.319-0800][76483951ms] GC(22805)   Evacuate Collection Set: 1.6ms
[2023-11-10T11:48:00.319-0800][76483951ms] GC(22805)   Post Evacuate Collection Set: 3.1ms
[2023-11-10T11:48:00.319-0800][76483951ms] GC(22805)   Other: 0.3ms
[2023-11-10T11:48:00.319-0800][76483951ms] GC(22805) Eden regions: 189->0(189)
[2023-11-10T11:48:00.319-0800][76483951ms] GC(22805) Survivor regions: 1->1(24)
[2023-11-10T11:48:00.319-0800][76483951ms] GC(22805) Old regions: 1424->1424
[2023-11-10T11:48:00.319-0800][76483951ms] GC(22805) Humongous regions: 5->5
[2023-11-10T11:48:00.319-0800][76483951ms] GC(22805) Metaspace: 304921K->304921K(1349632K)
[2023-11-10T11:48:00.319-0800][76483951ms] GC(22805) Pause Young (Normal) (G1 Evacuation Pause) 3236M->2858M(3602M) 5.157ms
[2023-11-10T11:48:00.319-0800][76483951ms] GC(22805) User=0.00s Sys=0.00s Real=0.01s
[2023-11-10T11:48:00.776-0800][76484408ms] GC(22806) Pause Young (Normal) (G1 Evacuation Pause)
[2023-11-10T11:48:00.776-0800][76484408ms] GC(22806) Using 10 workers of 10 for evacuation
[2023-11-10T11:48:00.782-0800][76484414ms] GC(22806)   Pre Evacuate Collection Set: 0.1ms
[2023-11-10T11:48:00.782-0800][76484414ms] GC(22806)   Evacuate Collection Set: 2.0ms
[2023-11-10T11:48:00.782-0800][76484414ms] GC(22806)   Post Evacuate Collection Set: 3.3ms
[2023-11-10T11:48:00.782-0800][76484414ms] GC(22806)   Other: 0.4ms
[2023-11-10T11:48:00.782-0800][76484414ms] GC(22806) Eden regions: 189->0(189)
[2023-11-10T11:48:00.782-0800][76484414ms] GC(22806) Survivor regions: 1->1(24)
[2023-11-10T11:48:00.782-0800][76484414ms] GC(22806) Old regions: 1424->1424
[2023-11-10T11:48:00.782-0800][76484414ms] GC(22806) Humongous regions: 5->5
[2023-11-10T11:48:00.782-0800][76484414ms] GC(22806) Metaspace: 304921K->304921K(1349632K)
[2023-11-10T11:48:00.782-0800][76484414ms] GC(22806) Pause Young (Normal) (G1 Evacuation Pause) 3236M->2858M(3602M) 5.799ms
[2023-11-10T11:48:00.782-0800][76484414ms] GC(22806) User=0.00s Sys=0.00s Real=0.01s
[2023-11-10T11:48:01.287-0800][76484919ms] GC(22807) Pause Young (Normal) (G1 Evacuation Pause)
[2023-11-10T11:48:01.287-0800][76484919ms] GC(22807) Using 10 workers of 10 for evacuation
[2023-11-10T11:48:01.293-0800][76484925ms] GC(22807)   Pre Evacuate Collection Set: 0.0ms
[2023-11-10T11:48:01.293-0800][76484925ms] GC(22807)   Evacuate Collection Set: 1.7ms
[2023-11-10T11:48:01.293-0800][76484925ms] GC(22807)   Post Evacuate Collection Set: 3.4ms
[2023-11-10T11:48:01.293-0800][76484925ms] GC(22807)   Other: 0.3ms
[2023-11-10T11:48:01.293-0800][76484925ms] GC(22807) Eden regions: 189->0(189)
[2023-11-10T11:48:01.293-0800][76484925ms] GC(22807) Survivor regions: 1->1(24)
[2023-11-10T11:48:01.293-0800][76484925ms] GC(22807) Old regions: 1424->1424
[2023-11-10T11:48:01.293-0800][76484925ms] GC(22807) Humongous regions: 5->5
[2023-11-10T11:48:01.293-0800][76484925ms] GC(22807) Metaspace: 304921K->304921K(1349632K)
[2023-11-10T11:48:01.293-0800][76484925ms] GC(22807) Pause Young (Normal) (G1 Evacuation Pause) 3236M->2858M(3602M) 5.510ms
[2023-11-10T11:48:01.293-0800][76484925ms] GC(22807) User=0.00s Sys=0.00s Real=0.01s
[2023-11-10T11:48:01.744-0800][76485376ms] GC(22808) Pause Young (Normal) (G1 Evacuation Pause)
[2023-11-10T11:48:01.744-0800][76485376ms] GC(22808) Using 10 workers of 10 for evacuation
[2023-11-10T11:48:01.750-0800][76485382ms] GC(22808)   Pre Evacuate Collection Set: 0.0ms
[2023-11-10T11:48:01.750-0800][76485382ms] GC(22808)   Evacuate Collection Set: 2.3ms
[2023-11-10T11:48:01.750-0800][76485382ms] GC(22808)   Post Evacuate Collection Set: 3.3ms
[2023-11-10T11:48:01.750-0800][76485382ms] GC(22808)   Other: 0.3ms
[2023-11-10T11:48:01.750-0800][76485382ms] GC(22808) Eden regions: 189->0(189)
[2023-11-10T11:48:01.750-0800][76485382ms] GC(22808) Survivor regions: 1->1(24)
[2023-11-10T11:48:01.750-0800][76485382ms] GC(22808) Old regions: 1424->1424
[2023-11-10T11:48:01.750-0800][76485382ms] GC(22808) Humongous regions: 5->5
[2023-11-10T11:48:01.750-0800][76485382ms] GC(22808) Metaspace: 304921K->304921K(1349632K)
[2023-11-10T11:48:01.750-0800][76485382ms] GC(22808) Pause Young (Normal) (G1 Evacuation Pause) 3236M->2858M(3602M) 5.994ms
[2023-11-10T11:48:01.750-0800][76485382ms] GC(22808) User=0.00s Sys=0.00s Real=0.01s
[2023-11-10T11:48:02.207-0800][76485839ms] GC(22809) Pause Young (Normal) (G1 Evacuation Pause)
[2023-11-10T11:48:02.207-0800][76485839ms] GC(22809) Using 10 workers of 10 for evacuation
[2023-11-10T11:48:02.212-0800][76485844ms] GC(22809)   Pre Evacuate Collection Set: 0.0ms
[2023-11-10T11:48:02.212-0800][76485844ms] GC(22809)   Evacuate Collection Set: 1.7ms
[2023-11-10T11:48:02.212-0800][76485844ms] GC(22809)   Post Evacuate Collection Set: 3.4ms
[2023-11-10T11:48:02.212-0800][76485844ms] GC(22809)   Other: 0.3ms
[2023-11-10T11:48:02.212-0800][76485844ms] GC(22809) Eden regions: 189->0(189)
[2023-11-10T11:48:02.212-0800][76485844ms] GC(22809) Survivor regions: 1->1(24)
[2023-11-10T11:48:02.212-0800][76485844ms] GC(22809) Old regions: 1424->1424
[2023-11-10T11:48:02.212-0800][76485844ms] GC(22809) Humongous regions: 5->5
[2023-11-10T11:48:02.212-0800][76485844ms] GC(22809) Metaspace: 304921K->304921K(1349632K)
[2023-11-10T11:48:02.212-0800][76485844ms] GC(22809) Pause Young (Normal) (G1 Evacuation Pause) 3236M->2858M(3602M) 5.566ms
[2023-11-10T11:48:02.212-0800][76485844ms] GC(22809) User=0.00s Sys=0.00s Real=0.00s
[2023-11-10T11:48:02.698-0800][76486330ms] GC(22810) Pause Young (Normal) (G1 Evacuation Pause)
[2023-11-10T11:48:02.698-0800][76486330ms] GC(22810) Using 10 workers of 10 for evacuation
[2023-11-10T11:48:02.704-0800][76486336ms] GC(22810)   Pre Evacuate Collection Set: 0.0ms
[2023-11-10T11:48:02.704-0800][76486336ms] GC(22810)   Evacuate Collection Set: 1.9ms
[2023-11-10T11:48:02.704-0800][76486336ms] GC(22810)   Post Evacuate Collection Set: 3.8ms
[2023-11-10T11:48:02.704-0800][76486336ms] GC(22810)   Other: 0.3ms
[2023-11-10T11:48:02.704-0800][76486336ms] GC(22810) Eden regions: 189->0(189)
[2023-11-10T11:48:02.704-0800][76486336ms] GC(22810) Survivor regions: 1->1(24)
[2023-11-10T11:48:02.704-0800][76486336ms] GC(22810) Old regions: 1424->1424
[2023-11-10T11:48:02.704-0800][76486336ms] GC(22810) Humongous regions: 5->5
[2023-11-10T11:48:02.704-0800][76486336ms] GC(22810) Metaspace: 304921K->304921K(1349632K)
[2023-11-10T11:48:02.704-0800][76486336ms] GC(22810) Pause Young (Normal) (G1 Evacuation Pause) 3236M->2858M(3602M) 6.094ms
[2023-11-10T11:48:02.704-0800][76486336ms] GC(22810) User=0.00s Sys=0.00s Real=0.01s
[2023-11-10T11:48:03.198-0800][76486830ms] GC(22811) Pause Young (Normal) (G1 Evacuation Pause)
[2023-11-10T11:48:03.198-0800][76486830ms] GC(22811) Using 10 workers of 10 for evacuation
[2023-11-10T11:48:03.203-0800][76486835ms] GC(22811)   Pre Evacuate Collection Set: 0.0ms
[2023-11-10T11:48:03.203-0800][76486835ms] GC(22811)   Evacuate Collection Set: 1.9ms
[2023-11-10T11:48:03.203-0800][76486835ms] GC(22811)   Post Evacuate Collection Set: 3.0ms
[2023-11-10T11:48:03.203-0800][76486835ms] GC(22811)   Other: 0.3ms
[2023-11-10T11:48:03.203-0800][76486835ms] GC(22811) Eden regions: 189->0(189)
[2023-11-10T11:48:03.203-0800][76486835ms] GC(22811) Survivor regions: 1->1(24)
[2023-11-10T11:48:03.203-0800][76486835ms] GC(22811) Old regions: 1424->1424
[2023-11-10T11:48:03.203-0800][76486835ms] GC(22811) Humongous regions: 5->5
[2023-11-10T11:48:03.203-0800][76486835ms] GC(22811) Metaspace: 304921K->304921K(1349632K)
[2023-11-10T11:48:03.203-0800][76486835ms] GC(22811) Pause Young (Normal) (G1 Evacuation Pause) 3236M->2858M(3602M) 5.239ms
[2023-11-10T11:48:03.203-0800][76486835ms] GC(22811) User=0.00s Sys=0.00s Real=0.01s
[2023-11-10T11:48:03.643-0800][76487275ms] GC(22812) Pause Young (Normal) (G1 Evacuation Pause)
[2023-11-10T11:48:03.643-0800][76487275ms] GC(22812) Using 10 workers of 10 for evacuation
[2023-11-10T11:48:03.649-0800][76487281ms] GC(22812)   Pre Evacuate Collection Set: 0.0ms
[2023-11-10T11:48:03.649-0800][76487281ms] GC(22812)   Evacuate Collection Set: 1.7ms
[2023-11-10T11:48:03.649-0800][76487281ms] GC(22812)   Post Evacuate Collection Set: 3.2ms
[2023-11-10T11:48:03.649-0800][76487281ms] GC(22812)   Other: 0.3ms
[2023-11-10T11:48:03.649-0800][76487281ms] GC(22812) Eden regions: 189->0(189)
[2023-11-10T11:48:03.649-0800][76487281ms] GC(22812) Survivor regions: 1->1(24)
[2023-11-10T11:48:03.649-0800][76487281ms] GC(22812) Old regions: 1424->1424
[2023-11-10T11:48:03.649-0800][76487281ms] GC(22812) Humongous regions: 5->5
[2023-11-10T11:48:03.649-0800][76487281ms] GC(22812) Metaspace: 304921K->304921K(1349632K)
[2023-11-10T11:48:03.649-0800][76487281ms] GC(22812) Pause Young (Normal) (G1 Evacuation Pause) 3236M->2858M(3602M) 5.322ms
[2023-11-10T11:48:03.649-0800][76487281ms] GC(22812) User=0.00s Sys=0.00s Real=0.01s
[2023-11-10T11:48:04.142-0800][76487774ms] GC(22813) Pause Young (Normal) (G1 Evacuation Pause)
[2023-11-10T11:48:04.142-0800][76487774ms] GC(22813) Using 10 workers of 10 for evacuation
[2023-11-10T11:48:04.149-0800][76487781ms] GC(22813)   Pre Evacuate Collection Set: 0.1ms
[2023-11-10T11:48:04.149-0800][76487781ms] GC(22813)   Evacuate Collection Set: 2.6ms
[2023-11-10T11:48:04.149-0800][76487781ms] GC(22813)   Post Evacuate Collection Set: 3.8ms
[2023-11-10T11:48:04.149-0800][76487781ms] GC(22813)   Other: 0.4ms
[2023-11-10T11:48:04.149-0800][76487781ms] GC(22813) Eden regions: 189->0(189)
[2023-11-10T11:48:04.149-0800][76487781ms] GC(22813) Survivor regions: 1->1(24)
[2023-11-10T11:48:04.149-0800][76487781ms] GC(22813) Old regions: 1424->1424
[2023-11-10T11:48:04.149-0800][76487781ms] GC(22813) Humongous regions: 5->5
[2023-11-10T11:48:04.149-0800][76487781ms] GC(22813) Metaspace: 304921K->304921K(1349632K)
[2023-11-10T11:48:04.149-0800][76487781ms] GC(22813) Pause Young (Normal) (G1 Evacuation Pause) 3236M->2858M(3602M) 7.009ms
[2023-11-10T11:48:04.149-0800][76487781ms] GC(22813) User=0.00s Sys=0.00s Real=0.01s
[2023-11-10T11:48:04.621-0800][76488253ms] GC(22814) Pause Young (Normal) (G1 Evacuation Pause)
[2023-11-10T11:48:04.621-0800][76488253ms] GC(22814) Using 10 workers of 10 for evacuation
[2023-11-10T11:48:04.626-0800][76488258ms] GC(22814)   Pre Evacuate Collection Set: 0.0ms
[2023-11-10T11:48:04.626-0800][76488258ms] GC(22814)   Evacuate Collection Set: 1.6ms
[2023-11-10T11:48:04.626-0800][76488258ms] GC(22814)   Post Evacuate Collection Set: 3.0ms
[2023-11-10T11:48:04.626-0800][76488258ms] GC(22814)   Other: 0.2ms
[2023-11-10T11:48:04.626-0800][76488258ms] GC(22814) Eden regions: 189->0(189)
[2023-11-10T11:48:04.626-0800][76488258ms] GC(22814) Survivor regions: 1->1(24)
[2023-11-10T11:48:04.626-0800][76488258ms] GC(22814) Old regions: 1424->1424
[2023-11-10T11:48:04.626-0800][76488258ms] GC(22814) Humongous regions: 5->5
[2023-11-10T11:48:04.626-0800][76488258ms] GC(22814) Metaspace: 304921K->304921K(1349632K)
[2023-11-10T11:48:04.626-0800][76488258ms] GC(22814) Pause Young (Normal) (G1 Evacuation Pause) 3236M->2858M(3602M) 5.000ms
[2023-11-10T11:48:04.626-0800][76488258ms] GC(22814) User=0.00s Sys=0.00s Real=0.00s
[2023-11-10T11:48:05.141-0800][76488773ms] GC(22815) Pause Young (Normal) (G1 Evacuation Pause)
[2023-11-10T11:48:05.141-0800][76488773ms] GC(22815) Using 10 workers of 10 for evacuation
[2023-11-10T11:48:05.148-0800][76488780ms] GC(22815)   Pre Evacuate Collection Set: 0.1ms
[2023-11-10T11:48:05.148-0800][76488780ms] GC(22815)   Evacuate Collection Set: 2.0ms
[2023-11-10T11:48:05.148-0800][76488780ms] GC(22815)   Post Evacuate Collection Set: 3.7ms
[2023-11-10T11:48:05.148-0800][76488780ms] GC(22815)   Other: 0.5ms
[2023-11-10T11:48:05.148-0800][76488780ms] GC(22815) Eden regions: 189->0(189)
[2023-11-10T11:48:05.148-0800][76488780ms] GC(22815) Survivor regions: 1->1(24)
[2023-11-10T11:48:05.148-0800][76488780ms] GC(22815) Old regions: 1424->1424
[2023-11-10T11:48:05.148-0800][76488780ms] GC(22815) Humongous regions: 5->5
[2023-11-10T11:48:05.148-0800][76488780ms] GC(22815) Metaspace: 304921K->304921K(1349632K)
[2023-11-10T11:48:05.148-0800][76488780ms] GC(22815) Pause Young (Normal) (G1 Evacuation Pause) 3236M->2858M(3602M) 6.371ms
[2023-11-10T11:48:05.148-0800][76488780ms] GC(22815) User=0.00s Sys=0.00s Real=0.01s
[2023-11-10T11:48:05.619-0800][76489251ms] GC(22816) Pause Young (Normal) (G1 Evacuation Pause)
[2023-11-10T11:48:05.619-0800][76489251ms] GC(22816) Using 10 workers of 10 for evacuation
[2023-11-10T11:48:05.624-0800][76489256ms] GC(22816)   Pre Evacuate Collection Set: 0.1ms
[2023-11-10T11:48:05.624-0800][76489256ms] GC(22816)   Evacuate Collection Set: 1.7ms
[2023-11-10T11:48:05.624-0800][76489256ms] GC(22816)   Post Evacuate Collection Set: 3.1ms
[2023-11-10T11:48:05.624-0800][76489256ms] GC(22816)   Other: 0.3ms
[2023-11-10T11:48:05.624-0800][76489256ms] GC(22816) Eden regions: 189->0(189)
[2023-11-10T11:48:05.624-0800][76489256ms] GC(22816) Survivor regions: 1->1(24)
[2023-11-10T11:48:05.624-0800][76489256ms] GC(22816) Old regions: 1424->1424
[2023-11-10T11:48:05.624-0800][76489256ms] GC(22816) Humongous regions: 5->5
[2023-11-10T11:48:05.624-0800][76489256ms] GC(22816) Metaspace: 304921K->304921K(1349632K)
[2023-11-10T11:48:05.624-0800][76489256ms] GC(22816) Pause Young (Normal) (G1 Evacuation Pause) 3236M->2858M(3602M) 5.291ms
[2023-11-10T11:48:05.626-0800][76489258ms] GC(22816) User=0.00s Sys=0.00s Real=0.01s
[2023-11-10T11:48:06.127-0800][76489759ms] GC(22817) Pause Young (Normal) (G1 Evacuation Pause)
[2023-11-10T11:48:06.127-0800][76489759ms] GC(22817) Using 10 workers of 10 for evacuation
[2023-11-10T11:48:06.132-0800][76489764ms] GC(22817)   Pre Evacuate Collection Set: 0.0ms
[2023-11-10T11:48:06.132-0800][76489764ms] GC(22817)   Evacuate Collection Set: 2.2ms
[2023-11-10T11:48:06.132-0800][76489764ms] GC(22817)   Post Evacuate Collection Set: 3.0ms
[2023-11-10T11:48:06.132-0800][76489764ms] GC(22817)   Other: 0.3ms
[2023-11-10T11:48:06.132-0800][76489764ms] GC(22817) Eden regions: 189->0(189)
[2023-11-10T11:48:06.132-0800][76489764ms] GC(22817) Survivor regions: 1->1(24)
[2023-11-10T11:48:06.132-0800][76489764ms] GC(22817) Old regions: 1424->1424
[2023-11-10T11:48:06.132-0800][76489764ms] GC(22817) Humongous regions: 5->5
[2023-11-10T11:48:06.132-0800][76489764ms] GC(22817) Metaspace: 304921K->304921K(1349632K)
[2023-11-10T11:48:06.132-0800][76489764ms] GC(22817) Pause Young (Normal) (G1 Evacuation Pause) 3236M->2858M(3602M) 5.634ms
[2023-11-10T11:48:06.132-0800][76489764ms] GC(22817) User=0.00s Sys=0.00s Real=0.00s
[2023-11-10T11:48:06.557-0800][76490189ms] GC(22818) Pause Young (Normal) (G1 Evacuation Pause)
[2023-11-10T11:48:06.557-0800][76490189ms] GC(22818) Using 10 workers of 10 for evacuation
[2023-11-10T11:48:06.562-0800][76490194ms] GC(22818)   Pre Evacuate Collection Set: 0.1ms
[2023-11-10T11:48:06.562-0800][76490194ms] GC(22818)   Evacuate Collection Set: 1.9ms
[2023-11-10T11:48:06.562-0800][76490194ms] GC(22818)   Post Evacuate Collection Set: 3.2ms
[2023-11-10T11:48:06.562-0800][76490194ms] GC(22818)   Other: 0.3ms
[2023-11-10T11:48:06.562-0800][76490194ms] GC(22818) Eden regions: 189->0(189)
[2023-11-10T11:48:06.562-0800][76490194ms] GC(22818) Survivor regions: 1->1(24)
[2023-11-10T11:48:06.562-0800][76490194ms] GC(22818) Old regions: 1424->1424
[2023-11-10T11:48:06.562-0800][76490194ms] GC(22818) Humongous regions: 5->5
[2023-11-10T11:48:06.562-0800][76490194ms] GC(22818) Metaspace: 304921K->304921K(1349632K)
[2023-11-10T11:48:06.562-0800][76490194ms] GC(22818) Pause Young (Normal) (G1 Evacuation Pause) 3236M->2858M(3602M) 5.568ms
[2023-11-10T11:48:06.562-0800][76490194ms] GC(22818) User=0.00s Sys=0.00s Real=0.01s
[2023-11-10T11:48:07.033-0800][76490665ms] GC(22819) Pause Young (Normal) (G1 Evacuation Pause)
[2023-11-10T11:48:07.033-0800][76490665ms] GC(22819) Using 10 workers of 10 for evacuation
[2023-11-10T11:48:07.039-0800][76490671ms] GC(22819)   Pre Evacuate Collection Set: 0.1ms
[2023-11-10T11:48:07.040-0800][76490672ms] GC(22819)   Evacuate Collection Set: 1.8ms
[2023-11-10T11:48:07.040-0800][76490672ms] GC(22819)   Post Evacuate Collection Set: 4.2ms
[2023-11-10T11:48:07.040-0800][76490672ms] GC(22819)   Other: 0.3ms
[2023-11-10T11:48:07.040-0800][76490672ms] GC(22819) Eden regions: 189->0(189)
[2023-11-10T11:48:07.040-0800][76490672ms] GC(22819) Survivor regions: 1->1(24)
[2023-11-10T11:48:07.040-0800][76490672ms] GC(22819) Old regions: 1424->1424
[2023-11-10T11:48:07.040-0800][76490672ms] GC(22819) Humongous regions: 5->5
[2023-11-10T11:48:07.040-0800][76490672ms] GC(22819) Metaspace: 304921K->304921K(1349632K)
[2023-11-10T11:48:07.040-0800][76490672ms] GC(22819) Pause Young (Normal) (G1 Evacuation Pause) 3236M->2858M(3602M) 6.506ms
[2023-11-10T11:48:07.040-0800][76490672ms] GC(22819) User=0.00s Sys=0.00s Real=0.01s
[2023-11-10T11:48:07.555-0800][76491187ms] GC(22820) Pause Young (Normal) (G1 Evacuation Pause)
[2023-11-10T11:48:07.555-0800][76491187ms] GC(22820) Using 10 workers of 10 for evacuation
[2023-11-10T11:48:07.561-0800][76491193ms] GC(22820)   Pre Evacuate Collection Set: 0.1ms
[2023-11-10T11:48:07.561-0800][76491193ms] GC(22820)   Evacuate Collection Set: 2.1ms
[2023-11-10T11:48:07.561-0800][76491193ms] GC(22820)   Post Evacuate Collection Set: 3.4ms
[2023-11-10T11:48:07.561-0800][76491193ms] GC(22820)   Other: 0.3ms
[2023-11-10T11:48:07.561-0800][76491193ms] GC(22820) Eden regions: 189->0(189)
[2023-11-10T11:48:07.561-0800][76491193ms] GC(22820) Survivor regions: 1->1(24)
[2023-11-10T11:48:07.561-0800][76491193ms] GC(22820) Old regions: 1424->1424
[2023-11-10T11:48:07.561-0800][76491193ms] GC(22820) Humongous regions: 5->5
[2023-11-10T11:48:07.561-0800][76491193ms] GC(22820) Metaspace: 304921K->304921K(1349632K)
[2023-11-10T11:48:07.561-0800][76491193ms] GC(22820) Pause Young (Normal) (G1 Evacuation Pause) 3236M->2858M(3602M) 5.936ms
[2023-11-10T11:48:07.561-0800][76491193ms] GC(22820) User=0.00s Sys=0.00s Real=0.01s
[2023-11-10T11:48:08.034-0800][76491666ms] GC(22821) Pause Young (Normal) (G1 Evacuation Pause)
[2023-11-10T11:48:08.034-0800][76491666ms] GC(22821) Using 10 workers of 10 for evacuation
[2023-11-10T11:48:08.039-0800][76491671ms] GC(22821)   Pre Evacuate Collection Set: 0.0ms
[2023-11-10T11:48:08.039-0800][76491671ms] GC(22821)   Evacuate Collection Set: 1.7ms
[2023-11-10T11:48:08.039-0800][76491671ms] GC(22821)   Post Evacuate Collection Set: 3.1ms
[2023-11-10T11:48:08.040-0800][76491672ms] GC(22821)   Other: 0.3ms
[2023-11-10T11:48:08.040-0800][76491672ms] GC(22821) Eden regions: 189->0(189)
[2023-11-10T11:48:08.040-0800][76491672ms] GC(22821) Survivor regions: 1->1(24)
[2023-11-10T11:48:08.040-0800][76491672ms] GC(22821) Old regions: 1424->1424
[2023-11-10T11:48:08.040-0800][76491672ms] GC(22821) Humongous regions: 5->5
[2023-11-10T11:48:08.040-0800][76491672ms] GC(22821) Metaspace: 304921K->304921K(1349632K)
[2023-11-10T11:48:08.040-0800][76491672ms] GC(22821) Pause Young (Normal) (G1 Evacuation Pause) 3236M->2858M(3602M) 5.171ms
[2023-11-10T11:48:08.040-0800][76491672ms] GC(22821) User=0.00s Sys=0.00s Real=0.01s
[2023-11-10T11:48:08.512-0800][76492144ms] GC(22822) Pause Young (Normal) (G1 Evacuation Pause)
[2023-11-10T11:48:08.512-0800][76492144ms] GC(22822) Using 10 workers of 10 for evacuation
[2023-11-10T11:48:08.517-0800][76492149ms] GC(22822)   Pre Evacuate Collection Set: 0.1ms
[2023-11-10T11:48:08.517-0800][76492149ms] GC(22822)   Evacuate Collection Set: 2.5ms
[2023-11-10T11:48:08.517-0800][76492149ms] GC(22822)   Post Evacuate Collection Set: 3.4ms
[2023-11-10T11:48:08.517-0800][76492149ms] GC(22822)   Other: 0.3ms
[2023-11-10T11:48:08.517-0800][76492149ms] GC(22822) Eden regions: 189->0(188)
[2023-11-10T11:48:08.517-0800][76492149ms] GC(22822) Survivor regions: 1->1(24)
[2023-11-10T11:48:08.517-0800][76492149ms] GC(22822) Old regions: 1424->1424
[2023-11-10T11:48:08.517-0800][76492149ms] GC(22822) Humongous regions: 5->5
[2023-11-10T11:48:08.517-0800][76492149ms] GC(22822) Metaspace: 304921K->304921K(1349632K)
[2023-11-10T11:48:08.517-0800][76492149ms] GC(22822) Pause Young (Normal) (G1 Evacuation Pause) 3236M->2859M(3602M) 6.221ms
[2023-11-10T11:48:08.517-0800][76492149ms] GC(22822) User=0.00s Sys=0.00s Real=0.00s
[2023-11-10T11:48:08.996-0800][76492628ms] GC(22823) Pause Young (Normal) (G1 Evacuation Pause)
[2023-11-10T11:48:08.996-0800][76492628ms] GC(22823) Using 10 workers of 10 for evacuation
[2023-11-10T11:48:09.003-0800][76492635ms] GC(22823)   Pre Evacuate Collection Set: 0.1ms
[2023-11-10T11:48:09.003-0800][76492635ms] GC(22823)   Evacuate Collection Set: 1.8ms
[2023-11-10T11:48:09.003-0800][76492635ms] GC(22823)   Post Evacuate Collection Set: 4.3ms
[2023-11-10T11:48:09.003-0800][76492635ms] GC(22823)   Other: 0.4ms
[2023-11-10T11:48:09.003-0800][76492635ms] GC(22823) Eden regions: 188->0(188)
[2023-11-10T11:48:09.003-0800][76492635ms] GC(22823) Survivor regions: 1->1(24)
[2023-11-10T11:48:09.003-0800][76492635ms] GC(22823) Old regions: 1424->1424
[2023-11-10T11:48:09.003-0800][76492635ms] GC(22823) Humongous regions: 5->5
[2023-11-10T11:48:09.003-0800][76492635ms] GC(22823) Metaspace: 304921K->304921K(1349632K)
[2023-11-10T11:48:09.003-0800][76492635ms] GC(22823) Pause Young (Normal) (G1 Evacuation Pause) 3235M->2858M(3602M) 6.676ms
[2023-11-10T11:48:09.004-0800][76492636ms] GC(22823) User=0.00s Sys=0.00s Real=0.01s
[2023-11-10T11:48:09.478-0800][76493110ms] GC(22824) Pause Young (Normal) (G1 Evacuation Pause)
[2023-11-10T11:48:09.478-0800][76493110ms] GC(22824) Using 10 workers of 10 for evacuation
[2023-11-10T11:48:09.484-0800][76493116ms] GC(22824)   Pre Evacuate Collection Set: 0.0ms
[2023-11-10T11:48:09.484-0800][76493116ms] GC(22824)   Evacuate Collection Set: 1.8ms
[2023-11-10T11:48:09.484-0800][76493116ms] GC(22824)   Post Evacuate Collection Set: 3.1ms
[2023-11-10T11:48:09.484-0800][76493116ms] GC(22824)   Other: 0.3ms
[2023-11-10T11:48:09.484-0800][76493116ms] GC(22824) Eden regions: 188->0(188)
[2023-11-10T11:48:09.484-0800][76493116ms] GC(22824) Survivor regions: 1->1(24)
[2023-11-10T11:48:09.484-0800][76493116ms] GC(22824) Old regions: 1424->1425
[2023-11-10T11:48:09.484-0800][76493116ms] GC(22824) Humongous regions: 5->5
[2023-11-10T11:48:09.484-0800][76493116ms] GC(22824) Metaspace: 304921K->304921K(1349632K)
[2023-11-10T11:48:09.484-0800][76493116ms] GC(22824) Pause Young (Normal) (G1 Evacuation Pause) 3234M->2858M(3602M) 5.254ms
[2023-11-10T11:48:09.484-0800][76493116ms] GC(22824) User=0.00s Sys=0.00s Real=0.01s
[2023-11-10T11:48:09.886-0800][76493518ms] GC(22825) Pause Young (Normal) (G1 Evacuation Pause)
[2023-11-10T11:48:09.886-0800][76493518ms] GC(22825) Using 10 workers of 10 for evacuation
[2023-11-10T11:48:09.891-0800][76493523ms] GC(22825)   Pre Evacuate Collection Set: 0.0ms
[2023-11-10T11:48:09.891-0800][76493523ms] GC(22825)   Evacuate Collection Set: 1.7ms
[2023-11-10T11:48:09.891-0800][76493523ms] GC(22825)   Post Evacuate Collection Set: 3.1ms
[2023-11-10T11:48:09.891-0800][76493523ms] GC(22825)   Other: 0.2ms
[2023-11-10T11:48:09.891-0800][76493523ms] GC(22825) Eden regions: 188->0(188)
[2023-11-10T11:48:09.891-0800][76493523ms] GC(22825) Survivor regions: 1->1(24)
[2023-11-10T11:48:09.891-0800][76493523ms] GC(22825) Old regions: 1425->1425
[2023-11-10T11:48:09.891-0800][76493523ms] GC(22825) Humongous regions: 5->5
[2023-11-10T11:48:09.891-0800][76493523ms] GC(22825) Metaspace: 304921K->304921K(1349632K)
[2023-11-10T11:48:09.891-0800][76493523ms] GC(22825) Pause Young (Normal) (G1 Evacuation Pause) 3234M->2858M(3602M) 5.074ms
[2023-11-10T11:48:09.891-0800][76493523ms] GC(22825) User=0.00s Sys=0.00s Real=0.01s
[2023-11-10T11:48:10.337-0800][76493969ms] GC(22826) Pause Young (Normal) (G1 Evacuation Pause)
[2023-11-10T11:48:10.337-0800][76493969ms] GC(22826) Using 10 workers of 10 for evacuation
[2023-11-10T11:48:10.343-0800][76493975ms] GC(22826)   Pre Evacuate Collection Set: 0.0ms
[2023-11-10T11:48:10.343-0800][76493975ms] GC(22826)   Evacuate Collection Set: 1.6ms
[2023-11-10T11:48:10.343-0800][76493975ms] GC(22826)   Post Evacuate Collection Set: 3.6ms
[2023-11-10T11:48:10.343-0800][76493975ms] GC(22826)   Other: 0.2ms
[2023-11-10T11:48:10.343-0800][76493975ms] GC(22826) Eden regions: 188->0(188)
[2023-11-10T11:48:10.343-0800][76493975ms] GC(22826) Survivor regions: 1->1(24)
[2023-11-10T11:48:10.343-0800][76493975ms] GC(22826) Old regions: 1425->1425
[2023-11-10T11:48:10.343-0800][76493975ms] GC(22826) Humongous regions: 5->5
[2023-11-10T11:48:10.343-0800][76493975ms] GC(22826) Metaspace: 304921K->304921K(1349632K)
[2023-11-10T11:48:10.343-0800][76493975ms] GC(22826) Pause Young (Normal) (G1 Evacuation Pause) 3234M->2858M(3602M) 5.607ms
[2023-11-10T11:48:10.343-0800][76493975ms] GC(22826) User=0.00s Sys=0.00s Real=0.01s
[2023-11-10T11:48:10.798-0800][76494430ms] GC(22827) Pause Young (Normal) (G1 Evacuation Pause)
[2023-11-10T11:48:10.798-0800][76494430ms] GC(22827) Using 10 workers of 10 for evacuation
[2023-11-10T11:48:10.802-0800][76494434ms] GC(22827)   Pre Evacuate Collection Set: 0.1ms
[2023-11-10T11:48:10.802-0800][76494434ms] GC(22827)   Evacuate Collection Set: 2.0ms
[2023-11-10T11:48:10.802-0800][76494434ms] GC(22827)   Post Evacuate Collection Set: 3.2ms
[2023-11-10T11:48:10.802-0800][76494434ms] GC(22827)   Other: 0.3ms
[2023-11-10T11:48:10.802-0800][76494434ms] GC(22827) Eden regions: 188->0(188)
[2023-11-10T11:48:10.802-0800][76494434ms] GC(22827) Survivor regions: 1->1(24)
[2023-11-10T11:48:10.804-0800][76494436ms] GC(22827) Old regions: 1425->1425
[2023-11-10T11:48:10.804-0800][76494436ms] GC(22827) Humongous regions: 5->5
[2023-11-10T11:48:10.804-0800][76494436ms] GC(22827) Metaspace: 304921K->304921K(1349632K)
[2023-11-10T11:48:10.804-0800][76494436ms] GC(22827) Pause Young (Normal) (G1 Evacuation Pause) 3234M->2858M(3602M) 5.677ms
[2023-11-10T11:48:10.804-0800][76494436ms] GC(22827) User=0.00s Sys=0.00s Real=0.01s
[2023-11-10T11:48:11.300-0800][76494932ms] GC(22828) Pause Young (Normal) (G1 Evacuation Pause)
[2023-11-10T11:48:11.300-0800][76494932ms] GC(22828) Using 10 workers of 10 for evacuation
[2023-11-10T11:48:11.305-0800][76494937ms] GC(22828)   Pre Evacuate Collection Set: 0.0ms
[2023-11-10T11:48:11.305-0800][76494937ms] GC(22828)   Evacuate Collection Set: 1.7ms
[2023-11-10T11:48:11.305-0800][76494937ms] GC(22828)   Post Evacuate Collection Set: 3.0ms
[2023-11-10T11:48:11.305-0800][76494937ms] GC(22828)   Other: 0.3ms
[2023-11-10T11:48:11.305-0800][76494937ms] GC(22828) Eden regions: 188->0(188)
[2023-11-10T11:48:11.305-0800][76494937ms] GC(22828) Survivor regions: 1->1(24)
[2023-11-10T11:48:11.305-0800][76494937ms] GC(22828) Old regions: 1425->1425
[2023-11-10T11:48:11.305-0800][76494937ms] GC(22828) Humongous regions: 5->5
[2023-11-10T11:48:11.305-0800][76494937ms] GC(22828) Metaspace: 304921K->304921K(1349632K)
[2023-11-10T11:48:11.305-0800][76494937ms] GC(22828) Pause Young (Normal) (G1 Evacuation Pause) 3234M->2858M(3602M) 5.091ms
[2023-11-10T11:48:11.305-0800][76494937ms] GC(22828) User=0.00s Sys=0.00s Real=0.01s
[2023-11-10T11:48:11.745-0800][76495377ms] GC(22829) Pause Young (Normal) (G1 Evacuation Pause)
[2023-11-10T11:48:11.745-0800][76495377ms] GC(22829) Using 10 workers of 10 for evacuation
[2023-11-10T11:48:11.749-0800][76495381ms] GC(22829)   Pre Evacuate Collection Set: 0.0ms
[2023-11-10T11:48:11.750-0800][76495382ms] GC(22829)   Evacuate Collection Set: 1.7ms
[2023-11-10T11:48:11.750-0800][76495382ms] GC(22829)   Post Evacuate Collection Set: 3.2ms
[2023-11-10T11:48:11.750-0800][76495382ms] GC(22829)   Other: 0.3ms
[2023-11-10T11:48:11.750-0800][76495382ms] GC(22829) Eden regions: 188->0(188)
[2023-11-10T11:48:11.750-0800][76495382ms] GC(22829) Survivor regions: 1->1(24)
[2023-11-10T11:48:11.750-0800][76495382ms] GC(22829) Old regions: 1425->1425
[2023-11-10T11:48:11.750-0800][76495382ms] GC(22829) Humongous regions: 5->5
[2023-11-10T11:48:11.750-0800][76495382ms] GC(22829) Metaspace: 304921K->304921K(1349632K)
[2023-11-10T11:48:11.750-0800][76495382ms] GC(22829) Pause Young (Normal) (G1 Evacuation Pause) 3234M->2859M(3602M) 5.337ms
[2023-11-10T11:48:11.750-0800][76495382ms] GC(22829) User=0.00s Sys=0.00s Real=0.01s
[2023-11-10T11:48:12.193-0800][76495825ms] GC(22830) Pause Young (Normal) (G1 Evacuation Pause)
[2023-11-10T11:48:12.194-0800][76495826ms] GC(22830) Using 10 workers of 10 for evacuation
[2023-11-10T11:48:12.199-0800][76495831ms] GC(22830)   Pre Evacuate Collection Set: 0.0ms
[2023-11-10T11:48:12.199-0800][76495831ms] GC(22830)   Evacuate Collection Set: 2.2ms
[2023-11-10T11:48:12.199-0800][76495831ms] GC(22830)   Post Evacuate Collection Set: 3.4ms
[2023-11-10T11:48:12.199-0800][76495831ms] GC(22830)   Other: 0.3ms
[2023-11-10T11:48:12.199-0800][76495831ms] GC(22830) Eden regions: 188->0(187)
[2023-11-10T11:48:12.199-0800][76495831ms] GC(22830) Survivor regions: 1->1(24)
[2023-11-10T11:48:12.199-0800][76495831ms] GC(22830) Old regions: 1425->1425
[2023-11-10T11:48:12.199-0800][76495831ms] GC(22830) Humongous regions: 5->5
[2023-11-10T11:48:12.199-0800][76495831ms] GC(22830) Metaspace: 304921K->304921K(1349632K)
[2023-11-10T11:48:12.199-0800][76495831ms] GC(22830) Pause Young (Normal) (G1 Evacuation Pause) 3235M->2860M(3602M) 6.124ms
[2023-11-10T11:48:12.199-0800][76495831ms] GC(22830) User=0.03s Sys=0.00s Real=0.01s
[2023-11-10T11:48:12.590-0800][76496222ms] GC(22831) Pause Young (Normal) (G1 Evacuation Pause)
[2023-11-10T11:48:12.590-0800][76496222ms] GC(22831) Using 10 workers of 10 for evacuation
[2023-11-10T11:48:12.595-0800][76496227ms] GC(22831)   Pre Evacuate Collection Set: 0.0ms
[2023-11-10T11:48:12.595-0800][76496227ms] GC(22831)   Evacuate Collection Set: 1.7ms
[2023-11-10T11:48:12.595-0800][76496227ms] GC(22831)   Post Evacuate Collection Set: 3.1ms
[2023-11-10T11:48:12.595-0800][76496227ms] GC(22831)   Other: 0.3ms
[2023-11-10T11:48:12.595-0800][76496227ms] GC(22831) Eden regions: 187->0(187)
[2023-11-10T11:48:12.595-0800][76496227ms] GC(22831) Survivor regions: 1->1(24)
[2023-11-10T11:48:12.595-0800][76496227ms] GC(22831) Old regions: 1425->1425
[2023-11-10T11:48:12.595-0800][76496227ms] GC(22831) Humongous regions: 5->5
[2023-11-10T11:48:12.595-0800][76496227ms] GC(22831) Metaspace: 304921K->304921K(1349632K)
[2023-11-10T11:48:12.595-0800][76496227ms] GC(22831) Pause Young (Normal) (G1 Evacuation Pause) 3234M->2859M(3602M) 5.163ms
[2023-11-10T11:48:12.595-0800][76496227ms] GC(22831) User=0.00s Sys=0.00s Real=0.01s
[2023-11-10T11:48:13.015-0800][76496647ms] GC(22832) Pause Young (Normal) (G1 Evacuation Pause)
[2023-11-10T11:48:13.015-0800][76496647ms] GC(22832) Using 10 workers of 10 for evacuation
[2023-11-10T11:48:13.019-0800][76496651ms] GC(22832)   Pre Evacuate Collection Set: 0.1ms
[2023-11-10T11:48:13.019-0800][76496651ms] GC(22832)   Evacuate Collection Set: 1.7ms
[2023-11-10T11:48:13.019-0800][76496651ms] GC(22832)   Post Evacuate Collection Set: 3.2ms
[2023-11-10T11:48:13.019-0800][76496651ms] GC(22832)   Other: 0.3ms
[2023-11-10T11:48:13.019-0800][76496651ms] GC(22832) Eden regions: 187->0(187)
[2023-11-10T11:48:13.019-0800][76496651ms] GC(22832) Survivor regions: 1->1(24)
[2023-11-10T11:48:13.019-0800][76496651ms] GC(22832) Old regions: 1425->1425
[2023-11-10T11:48:13.020-0800][76496652ms] GC(22832) Humongous regions: 5->5
[2023-11-10T11:48:13.020-0800][76496652ms] GC(22832) Metaspace: 304921K->304921K(1349632K)
[2023-11-10T11:48:13.020-0800][76496652ms] GC(22832) Pause Young (Normal) (G1 Evacuation Pause) 3233M->2859M(3602M) 5.423ms
[2023-11-10T11:48:13.020-0800][76496652ms] GC(22832) User=0.00s Sys=0.00s Real=0.00s
[2023-11-10T11:48:13.472-0800][76497104ms] GC(22833) Pause Young (Normal) (G1 Evacuation Pause)
[2023-11-10T11:48:13.472-0800][76497104ms] GC(22833) Using 10 workers of 10 for evacuation
[2023-11-10T11:48:13.478-0800][76497110ms] GC(22833)   Pre Evacuate Collection Set: 0.0ms
[2023-11-10T11:48:13.478-0800][76497110ms] GC(22833)   Evacuate Collection Set: 1.7ms
[2023-11-10T11:48:13.478-0800][76497110ms] GC(22833)   Post Evacuate Collection Set: 4.3ms
[2023-11-10T11:48:13.479-0800][76497111ms] GC(22833)   Other: 0.3ms
[2023-11-10T11:48:13.479-0800][76497111ms] GC(22833) Eden regions: 187->0(187)
[2023-11-10T11:48:13.479-0800][76497111ms] GC(22833) Survivor regions: 1->1(24)
[2023-11-10T11:48:13.479-0800][76497111ms] GC(22833) Old regions: 1425->1425
[2023-11-10T11:48:13.479-0800][76497111ms] GC(22833) Humongous regions: 5->5
[2023-11-10T11:48:13.479-0800][76497111ms] GC(22833) Metaspace: 304921K->304921K(1349632K)
[2023-11-10T11:48:13.479-0800][76497111ms] GC(22833) Pause Young (Normal) (G1 Evacuation Pause) 3233M->2859M(3602M) 6.403ms
[2023-11-10T11:48:13.479-0800][76497111ms] GC(22833) User=0.00s Sys=0.00s Real=0.01s
[2023-11-10T11:48:13.927-0800][76497559ms] GC(22834) Pause Young (Normal) (G1 Evacuation Pause)
[2023-11-10T11:48:13.927-0800][76497559ms] GC(22834) Using 10 workers of 10 for evacuation
[2023-11-10T11:48:13.935-0800][76497567ms] GC(22834)   Pre Evacuate Collection Set: 0.0ms
[2023-11-10T11:48:13.935-0800][76497567ms] GC(22834)   Evacuate Collection Set: 2.0ms
[2023-11-10T11:48:13.935-0800][76497567ms] GC(22834)   Post Evacuate Collection Set: 4.0ms
[2023-11-10T11:48:13.935-0800][76497567ms] GC(22834)   Other: 0.3ms
[2023-11-10T11:48:13.935-0800][76497567ms] GC(22834) Eden regions: 187->0(187)
[2023-11-10T11:48:13.935-0800][76497567ms] GC(22834) Survivor regions: 1->1(24)
[2023-11-10T11:48:13.935-0800][76497567ms] GC(22834) Old regions: 1425->1425
[2023-11-10T11:48:13.935-0800][76497567ms] GC(22834) Humongous regions: 5->5
[2023-11-10T11:48:13.935-0800][76497567ms] GC(22834) Metaspace: 304921K->304921K(1349632K)
[2023-11-10T11:48:13.935-0800][76497567ms] GC(22834) Pause Young (Normal) (G1 Evacuation Pause) 3233M->2859M(3602M) 6.496ms
[2023-11-10T11:48:13.935-0800][76497567ms] GC(22834) User=0.05s Sys=0.00s Real=0.01s
[2023-11-10T11:48:14.431-0800][76498063ms] GC(22835) Pause Young (Normal) (G1 Evacuation Pause)
[2023-11-10T11:48:14.432-0800][76498064ms] GC(22835) Using 10 workers of 10 for evacuation
[2023-11-10T11:48:14.439-0800][76498071ms] GC(22835)   Pre Evacuate Collection Set: 0.1ms
[2023-11-10T11:48:14.439-0800][76498071ms] GC(22835)   Evacuate Collection Set: 2.3ms
[2023-11-10T11:48:14.439-0800][76498071ms] GC(22835)   Post Evacuate Collection Set: 4.6ms
[2023-11-10T11:48:14.439-0800][76498071ms] GC(22835)   Other: 0.4ms
[2023-11-10T11:48:14.439-0800][76498071ms] GC(22835) Eden regions: 187->0(187)
[2023-11-10T11:48:14.439-0800][76498071ms] GC(22835) Survivor regions: 1->1(24)
[2023-11-10T11:48:14.439-0800][76498071ms] GC(22835) Old regions: 1425->1425
[2023-11-10T11:48:14.439-0800][76498071ms] GC(22835) Humongous regions: 5->5
[2023-11-10T11:48:14.439-0800][76498071ms] GC(22835) Metaspace: 304921K->304921K(1349632K)
[2023-11-10T11:48:14.439-0800][76498071ms] GC(22835) Pause Young (Normal) (G1 Evacuation Pause) 3233M->2859M(3602M) 7.462ms
[2023-11-10T11:48:14.439-0800][76498071ms] GC(22835) User=0.00s Sys=0.00s Real=0.01s
[2023-11-10T11:48:14.944-0800][76498576ms] GC(22836) Pause Young (Normal) (G1 Evacuation Pause)
[2023-11-10T11:48:14.944-0800][76498576ms] GC(22836) Using 10 workers of 10 for evacuation
[2023-11-10T11:48:14.949-0800][76498581ms] GC(22836)   Pre Evacuate Collection Set: 0.0ms
[2023-11-10T11:48:14.949-0800][76498581ms] GC(22836)   Evacuate Collection Set: 1.6ms
[2023-11-10T11:48:14.949-0800][76498581ms] GC(22836)   Post Evacuate Collection Set: 3.4ms
[2023-11-10T11:48:14.949-0800][76498581ms] GC(22836)   Other: 0.3ms
[2023-11-10T11:48:14.949-0800][76498581ms] GC(22836) Eden regions: 187->0(187)
[2023-11-10T11:48:14.949-0800][76498581ms] GC(22836) Survivor regions: 1->1(24)
[2023-11-10T11:48:14.949-0800][76498581ms] GC(22836) Old regions: 1425->1425
[2023-11-10T11:48:14.949-0800][76498581ms] GC(22836) Humongous regions: 5->5
[2023-11-10T11:48:14.949-0800][76498581ms] GC(22836) Metaspace: 304921K->304921K(1349632K)
[2023-11-10T11:48:14.949-0800][76498581ms] GC(22836) Pause Young (Normal) (G1 Evacuation Pause) 3233M->2859M(3602M) 5.529ms
[2023-11-10T11:48:14.949-0800][76498581ms] GC(22836) User=0.13s Sys=0.00s Real=0.00s
[2023-11-10T11:48:15.462-0800][76499094ms] GC(22837) Pause Young (Normal) (G1 Evacuation Pause)
[2023-11-10T11:48:15.462-0800][76499094ms] GC(22837) Using 10 workers of 10 for evacuation
[2023-11-10T11:48:15.467-0800][76499099ms] GC(22837)   Pre Evacuate Collection Set: 0.0ms
[2023-11-10T11:48:15.467-0800][76499099ms] GC(22837)   Evacuate Collection Set: 1.7ms
[2023-11-10T11:48:15.467-0800][76499099ms] GC(22837)   Post Evacuate Collection Set: 3.3ms
[2023-11-10T11:48:15.467-0800][76499099ms] GC(22837)   Other: 0.3ms
[2023-11-10T11:48:15.467-0800][76499099ms] GC(22837) Eden regions: 187->0(188)
[2023-11-10T11:48:15.467-0800][76499099ms] GC(22837) Survivor regions: 1->1(24)
[2023-11-10T11:48:15.467-0800][76499099ms] GC(22837) Old regions: 1425->1425
[2023-11-10T11:48:15.467-0800][76499099ms] GC(22837) Humongous regions: 5->5
[2023-11-10T11:48:15.467-0800][76499099ms] GC(22837) Metaspace: 304921K->304921K(1349632K)
[2023-11-10T11:48:15.467-0800][76499099ms] GC(22837) Pause Young (Normal) (G1 Evacuation Pause) 3233M->2859M(3602M) 5.468ms
[2023-11-10T11:48:15.467-0800][76499099ms] GC(22837) User=0.00s Sys=0.00s Real=0.01s
[2023-11-10T11:48:15.963-0800][76499595ms] GC(22838) Pause Young (Normal) (G1 Evacuation Pause)
[2023-11-10T11:48:15.963-0800][76499595ms] GC(22838) Using 10 workers of 10 for evacuation
[2023-11-10T11:48:15.971-0800][76499603ms] GC(22838)   Pre Evacuate Collection Set: 0.0ms
[2023-11-10T11:48:15.971-0800][76499603ms] GC(22838)   Evacuate Collection Set: 2.7ms
[2023-11-10T11:48:15.971-0800][76499603ms] GC(22838)   Post Evacuate Collection Set: 4.3ms
[2023-11-10T11:48:15.971-0800][76499603ms] GC(22838)   Other: 0.3ms
[2023-11-10T11:48:15.971-0800][76499603ms] GC(22838) Eden regions: 188->0(188)
[2023-11-10T11:48:15.971-0800][76499603ms] GC(22838) Survivor regions: 1->1(24)
[2023-11-10T11:48:15.971-0800][76499603ms] GC(22838) Old regions: 1425->1425
[2023-11-10T11:48:15.971-0800][76499603ms] GC(22838) Humongous regions: 5->5
[2023-11-10T11:48:15.971-0800][76499603ms] GC(22838) Metaspace: 304921K->304921K(1349632K)
[2023-11-10T11:48:15.971-0800][76499603ms] GC(22838) Pause Young (Normal) (G1 Evacuation Pause) 3235M->2859M(3602M) 7.410ms
[2023-11-10T11:48:15.971-0800][76499603ms] GC(22838) User=0.00s Sys=0.00s Real=0.01s
[2023-11-10T11:48:16.457-0800][76500089ms] GC(22839) Pause Young (Normal) (G1 Evacuation Pause)
[2023-11-10T11:48:16.457-0800][76500089ms] GC(22839) Using 10 workers of 10 for evacuation
[2023-11-10T11:48:16.463-0800][76500095ms] GC(22839)   Pre Evacuate Collection Set: 0.0ms
[2023-11-10T11:48:16.463-0800][76500095ms] GC(22839)   Evacuate Collection Set: 1.8ms
[2023-11-10T11:48:16.463-0800][76500095ms] GC(22839)   Post Evacuate Collection Set: 3.1ms
[2023-11-10T11:48:16.463-0800][76500095ms] GC(22839)   Other: 0.3ms
[2023-11-10T11:48:16.463-0800][76500095ms] GC(22839) Eden regions: 188->0(188)
[2023-11-10T11:48:16.463-0800][76500095ms] GC(22839) Survivor regions: 1->1(24)
[2023-11-10T11:48:16.463-0800][76500095ms] GC(22839) Old regions: 1425->1425
[2023-11-10T11:48:16.463-0800][76500095ms] GC(22839) Humongous regions: 5->5
[2023-11-10T11:48:16.463-0800][76500095ms] GC(22839) Metaspace: 304921K->304921K(1349632K)
[2023-11-10T11:48:16.463-0800][76500095ms] GC(22839) Pause Young (Normal) (G1 Evacuation Pause) 3235M->2859M(3602M) 5.364ms
[2023-11-10T11:48:16.463-0800][76500095ms] GC(22839) User=0.02s Sys=0.00s Real=0.01s
[2023-11-10T11:48:16.970-0800][76500602ms] GC(22840) Pause Young (Normal) (G1 Evacuation Pause)
[2023-11-10T11:48:16.970-0800][76500602ms] GC(22840) Using 10 workers of 10 for evacuation
[2023-11-10T11:48:16.977-0800][76500609ms] GC(22840)   Pre Evacuate Collection Set: 0.1ms
[2023-11-10T11:48:16.977-0800][76500609ms] GC(22840)   Evacuate Collection Set: 2.5ms
[2023-11-10T11:48:16.977-0800][76500609ms] GC(22840)   Post Evacuate Collection Set: 3.5ms
[2023-11-10T11:48:16.977-0800][76500609ms] GC(22840)   Other: 0.3ms
[2023-11-10T11:48:16.977-0800][76500609ms] GC(22840) Eden regions: 188->0(188)
[2023-11-10T11:48:16.977-0800][76500609ms] GC(22840) Survivor regions: 1->1(24)
[2023-11-10T11:48:16.977-0800][76500609ms] GC(22840) Old regions: 1425->1425
[2023-11-10T11:48:16.977-0800][76500609ms] GC(22840) Humongous regions: 5->5
[2023-11-10T11:48:16.977-0800][76500609ms] GC(22840) Metaspace: 304921K->304921K(1349632K)
[2023-11-10T11:48:16.977-0800][76500609ms] GC(22840) Pause Young (Normal) (G1 Evacuation Pause) 3235M->2859M(3602M) 6.500ms
[2023-11-10T11:48:16.977-0800][76500609ms] GC(22840) User=0.00s Sys=0.00s Real=0.01s
[2023-11-10T11:48:17.413-0800][76501045ms] GC(22841) Pause Young (Normal) (G1 Evacuation Pause)
[2023-11-10T11:48:17.413-0800][76501045ms] GC(22841) Using 10 workers of 10 for evacuation
[2023-11-10T11:48:17.419-0800][76501051ms] GC(22841)   Pre Evacuate Collection Set: 0.0ms
[2023-11-10T11:48:17.419-0800][76501051ms] GC(22841)   Evacuate Collection Set: 1.7ms
[2023-11-10T11:48:17.419-0800][76501051ms] GC(22841)   Post Evacuate Collection Set: 3.4ms
[2023-11-10T11:48:17.419-0800][76501051ms] GC(22841)   Other: 0.3ms
[2023-11-10T11:48:17.419-0800][76501051ms] GC(22841) Eden regions: 188->0(188)
[2023-11-10T11:48:17.419-0800][76501051ms] GC(22841) Survivor regions: 1->1(24)
[2023-11-10T11:48:17.419-0800][76501051ms] GC(22841) Old regions: 1425->1425
[2023-11-10T11:48:17.419-0800][76501051ms] GC(22841) Humongous regions: 5->5
[2023-11-10T11:48:17.419-0800][76501051ms] GC(22841) Metaspace: 304921K->304921K(1349632K)
[2023-11-10T11:48:17.419-0800][76501051ms] GC(22841) Pause Young (Normal) (G1 Evacuation Pause) 3235M->2859M(3602M) 5.551ms
[2023-11-10T11:48:17.419-0800][76501051ms] GC(22841) User=0.00s Sys=0.00s Real=0.01s
[2023-11-10T11:48:17.917-0800][76501549ms] GC(22842) Pause Young (Normal) (G1 Evacuation Pause)
[2023-11-10T11:48:17.917-0800][76501549ms] GC(22842) Using 10 workers of 10 for evacuation
[2023-11-10T11:48:17.923-0800][76501555ms] GC(22842)   Pre Evacuate Collection Set: 0.1ms
[2023-11-10T11:48:17.923-0800][76501555ms] GC(22842)   Evacuate Collection Set: 2.0ms
[2023-11-10T11:48:17.923-0800][76501555ms] GC(22842)   Post Evacuate Collection Set: 3.7ms
[2023-11-10T11:48:17.923-0800][76501555ms] GC(22842)   Other: 0.3ms
[2023-11-10T11:48:17.923-0800][76501555ms] GC(22842) Eden regions: 188->0(188)
[2023-11-10T11:48:17.923-0800][76501555ms] GC(22842) Survivor regions: 1->1(24)
[2023-11-10T11:48:17.923-0800][76501555ms] GC(22842) Old regions: 1425->1425
[2023-11-10T11:48:17.923-0800][76501555ms] GC(22842) Humongous regions: 5->5
[2023-11-10T11:48:17.923-0800][76501555ms] GC(22842) Metaspace: 304921K->304921K(1349632K)
[2023-11-10T11:48:17.923-0800][76501555ms] GC(22842) Pause Young (Normal) (G1 Evacuation Pause) 3235M->2859M(3602M) 6.105ms
[2023-11-10T11:48:17.923-0800][76501555ms] GC(22842) User=0.00s Sys=0.00s Real=0.01s
[2023-11-10T11:48:18.427-0800][76502059ms] GC(22843) Pause Young (Normal) (G1 Evacuation Pause)
[2023-11-10T11:48:18.427-0800][76502059ms] GC(22843) Using 10 workers of 10 for evacuation
[2023-11-10T11:48:18.433-0800][76502065ms] GC(22843)   Pre Evacuate Collection Set: 0.0ms
[2023-11-10T11:48:18.433-0800][76502065ms] GC(22843)   Evacuate Collection Set: 2.1ms
[2023-11-10T11:48:18.433-0800][76502065ms] GC(22843)   Post Evacuate Collection Set: 3.6ms
[2023-11-10T11:48:18.433-0800][76502065ms] GC(22843)   Other: 0.3ms
[2023-11-10T11:48:18.433-0800][76502065ms] GC(22843) Eden regions: 188->0(188)
[2023-11-10T11:48:18.433-0800][76502065ms] GC(22843) Survivor regions: 1->1(24)
[2023-11-10T11:48:18.433-0800][76502065ms] GC(22843) Old regions: 1425->1425
[2023-11-10T11:48:18.433-0800][76502065ms] GC(22843) Humongous regions: 5->5
[2023-11-10T11:48:18.433-0800][76502065ms] GC(22843) Metaspace: 304921K->304921K(1349632K)
[2023-11-10T11:48:18.433-0800][76502065ms] GC(22843) Pause Young (Normal) (G1 Evacuation Pause) 3235M->2859M(3602M) 6.098ms
[2023-11-10T11:48:18.433-0800][76502065ms] GC(22843) User=0.05s Sys=0.00s Real=0.01s
[2023-11-10T11:48:18.905-0800][76502537ms] GC(22844) Pause Young (Normal) (G1 Evacuation Pause)
[2023-11-10T11:48:18.905-0800][76502537ms] GC(22844) Using 10 workers of 10 for evacuation
[2023-11-10T11:48:18.911-0800][76502543ms] GC(22844)   Pre Evacuate Collection Set: 0.0ms
[2023-11-10T11:48:18.911-0800][76502543ms] GC(22844)   Evacuate Collection Set: 1.7ms
[2023-11-10T11:48:18.911-0800][76502543ms] GC(22844)   Post Evacuate Collection Set: 3.0ms
[2023-11-10T11:48:18.911-0800][76502543ms] GC(22844)   Other: 0.3ms
[2023-11-10T11:48:18.911-0800][76502543ms] GC(22844) Eden regions: 188->0(188)
[2023-11-10T11:48:18.911-0800][76502543ms] GC(22844) Survivor regions: 1->1(24)
[2023-11-10T11:48:18.911-0800][76502543ms] GC(22844) Old regions: 1425->1425
[2023-11-10T11:48:18.911-0800][76502543ms] GC(22844) Humongous regions: 5->5
[2023-11-10T11:48:18.911-0800][76502543ms] GC(22844) Metaspace: 304921K->304921K(1349632K)
[2023-11-10T11:48:18.911-0800][76502543ms] GC(22844) Pause Young (Normal) (G1 Evacuation Pause) 3235M->2859M(3602M) 5.093ms
[2023-11-10T11:48:18.911-0800][76502543ms] GC(22844) User=0.00s Sys=0.00s Real=0.01s
[2023-11-10T11:48:19.340-0800][76502972ms] GC(22845) Pause Young (Normal) (G1 Evacuation Pause)
[2023-11-10T11:48:19.340-0800][76502972ms] GC(22845) Using 10 workers of 10 for evacuation
[2023-11-10T11:48:19.345-0800][76502977ms] GC(22845)   Pre Evacuate Collection Set: 0.1ms
[2023-11-10T11:48:19.345-0800][76502977ms] GC(22845)   Evacuate Collection Set: 1.6ms
[2023-11-10T11:48:19.345-0800][76502977ms] GC(22845)   Post Evacuate Collection Set: 3.1ms
[2023-11-10T11:48:19.345-0800][76502977ms] GC(22845)   Other: 0.2ms
[2023-11-10T11:48:19.345-0800][76502977ms] GC(22845) Eden regions: 188->0(188)
[2023-11-10T11:48:19.345-0800][76502977ms] GC(22845) Survivor regions: 1->1(24)
[2023-11-10T11:48:19.345-0800][76502977ms] GC(22845) Old regions: 1425->1425
[2023-11-10T11:48:19.345-0800][76502977ms] GC(22845) Humongous regions: 5->5
[2023-11-10T11:48:19.345-0800][76502977ms] GC(22845) Metaspace: 304921K->304921K(1349632K)
[2023-11-10T11:48:19.345-0800][76502977ms] GC(22845) Pause Young (Normal) (G1 Evacuation Pause) 3235M->2859M(3602M) 5.155ms
[2023-11-10T11:48:19.345-0800][76502977ms] GC(22845) User=0.00s Sys=0.00s Real=0.01s
[2023-11-10T11:48:19.816-0800][76503448ms] GC(22846) Pause Young (Normal) (G1 Evacuation Pause)
[2023-11-10T11:48:19.816-0800][76503448ms] GC(22846) Using 10 workers of 10 for evacuation
[2023-11-10T11:48:19.825-0800][76503457ms] GC(22846)   Pre Evacuate Collection Set: 0.0ms
[2023-11-10T11:48:19.825-0800][76503457ms] GC(22846)   Evacuate Collection Set: 1.9ms
[2023-11-10T11:48:19.825-0800][76503457ms] GC(22846)   Post Evacuate Collection Set: 6.9ms
[2023-11-10T11:48:19.825-0800][76503457ms] GC(22846)   Other: 0.2ms
[2023-11-10T11:48:19.825-0800][76503457ms] GC(22846) Eden regions: 188->0(188)
[2023-11-10T11:48:19.825-0800][76503457ms] GC(22846) Survivor regions: 1->1(24)
[2023-11-10T11:48:19.825-0800][76503457ms] GC(22846) Old regions: 1425->1425
[2023-11-10T11:48:19.825-0800][76503457ms] GC(22846) Humongous regions: 5->5
[2023-11-10T11:48:19.825-0800][76503457ms] GC(22846) Metaspace: 304921K->304921K(1349632K)
[2023-11-10T11:48:19.825-0800][76503457ms] GC(22846) Pause Young (Normal) (G1 Evacuation Pause) 3235M->2859M(3602M) 9.331ms
[2023-11-10T11:48:19.825-0800][76503457ms] GC(22846) User=0.00s Sys=0.00s Real=0.01s
[2023-11-10T11:48:20.258-0800][76503890ms] GC(22847) Pause Young (Normal) (G1 Evacuation Pause)
[2023-11-10T11:48:20.258-0800][76503890ms] GC(22847) Using 10 workers of 10 for evacuation
[2023-11-10T11:48:20.263-0800][76503895ms] GC(22847)   Pre Evacuate Collection Set: 0.0ms
[2023-11-10T11:48:20.263-0800][76503895ms] GC(22847)   Evacuate Collection Set: 1.7ms
[2023-11-10T11:48:20.263-0800][76503895ms] GC(22847)   Post Evacuate Collection Set: 3.1ms
[2023-11-10T11:48:20.263-0800][76503895ms] GC(22847)   Other: 0.3ms
[2023-11-10T11:48:20.263-0800][76503895ms] GC(22847) Eden regions: 188->0(188)
[2023-11-10T11:48:20.263-0800][76503895ms] GC(22847) Survivor regions: 1->1(24)
[2023-11-10T11:48:20.263-0800][76503895ms] GC(22847) Old regions: 1425->1425
[2023-11-10T11:48:20.263-0800][76503895ms] GC(22847) Humongous regions: 5->5
[2023-11-10T11:48:20.263-0800][76503895ms] GC(22847) Metaspace: 304921K->304921K(1349632K)
[2023-11-10T11:48:20.263-0800][76503895ms] GC(22847) Pause Young (Normal) (G1 Evacuation Pause) 3235M->2859M(3602M) 5.210ms
[2023-11-10T11:48:20.263-0800][76503895ms] GC(22847) User=0.00s Sys=0.00s Real=0.01s
[2023-11-10T11:48:20.762-0800][76504394ms] GC(22848) Pause Young (Normal) (G1 Evacuation Pause)
[2023-11-10T11:48:20.762-0800][76504394ms] GC(22848) Using 10 workers of 10 for evacuation
[2023-11-10T11:48:20.766-0800][76504398ms] GC(22848)   Pre Evacuate Collection Set: 0.0ms
[2023-11-10T11:48:20.766-0800][76504398ms] GC(22848)   Evacuate Collection Set: 1.6ms
[2023-11-10T11:48:20.766-0800][76504398ms] GC(22848)   Post Evacuate Collection Set: 3.3ms
[2023-11-10T11:48:20.766-0800][76504398ms] GC(22848)   Other: 0.3ms
[2023-11-10T11:48:20.766-0800][76504398ms] GC(22848) Eden regions: 188->0(187)
[2023-11-10T11:48:20.767-0800][76504399ms] GC(22848) Survivor regions: 1->1(24)
[2023-11-10T11:48:20.767-0800][76504399ms] GC(22848) Old regions: 1425->1425
[2023-11-10T11:48:20.767-0800][76504399ms] GC(22848) Humongous regions: 5->5
[2023-11-10T11:48:20.767-0800][76504399ms] GC(22848) Metaspace: 304921K->304921K(1349632K)
[2023-11-10T11:48:20.767-0800][76504399ms] GC(22848) Pause Young (Normal) (G1 Evacuation Pause) 3235M->2860M(3602M) 5.452ms
[2023-11-10T11:48:20.767-0800][76504399ms] GC(22848) User=0.00s Sys=0.00s Real=0.00s
[2023-11-10T11:48:21.169-0800][76504801ms] GC(22849) Pause Young (Normal) (G1 Evacuation Pause)
[2023-11-10T11:48:21.169-0800][76504801ms] GC(22849) Using 10 workers of 10 for evacuation
[2023-11-10T11:48:21.174-0800][76504806ms] GC(22849)   Pre Evacuate Collection Set: 0.0ms
[2023-11-10T11:48:21.174-0800][76504806ms] GC(22849)   Evacuate Collection Set: 1.7ms
[2023-11-10T11:48:21.174-0800][76504806ms] GC(22849)   Post Evacuate Collection Set: 3.2ms
[2023-11-10T11:48:21.174-0800][76504806ms] GC(22849)   Other: 0.3ms
[2023-11-10T11:48:21.174-0800][76504806ms] GC(22849) Eden regions: 187->0(187)
[2023-11-10T11:48:21.174-0800][76504806ms] GC(22849) Survivor regions: 1->1(24)
[2023-11-10T11:48:21.174-0800][76504806ms] GC(22849) Old regions: 1425->1425
[2023-11-10T11:48:21.174-0800][76504806ms] GC(22849) Humongous regions: 5->5
[2023-11-10T11:48:21.174-0800][76504806ms] GC(22849) Metaspace: 304921K->304921K(1349632K)
[2023-11-10T11:48:21.174-0800][76504806ms] GC(22849) Pause Young (Normal) (G1 Evacuation Pause) 3234M->2860M(3602M) 5.403ms
[2023-11-10T11:48:21.174-0800][76504806ms] GC(22849) User=0.00s Sys=0.00s Real=0.01s
[2023-11-10T11:48:21.610-0800][76505242ms] GC(22850) Pause Young (Normal) (G1 Evacuation Pause)
[2023-11-10T11:48:21.610-0800][76505242ms] GC(22850) Using 10 workers of 10 for evacuation
[2023-11-10T11:48:21.615-0800][76505247ms] GC(22850)   Pre Evacuate Collection Set: 0.0ms
[2023-11-10T11:48:21.615-0800][76505247ms] GC(22850)   Evacuate Collection Set: 1.6ms
[2023-11-10T11:48:21.615-0800][76505247ms] GC(22850)   Post Evacuate Collection Set: 3.1ms
[2023-11-10T11:48:21.615-0800][76505247ms] GC(22850)   Other: 0.2ms
[2023-11-10T11:48:21.615-0800][76505247ms] GC(22850) Eden regions: 187->0(187)
[2023-11-10T11:48:21.615-0800][76505247ms] GC(22850) Survivor regions: 1->1(24)
[2023-11-10T11:48:21.615-0800][76505247ms] GC(22850) Old regions: 1425->1425
[2023-11-10T11:48:21.615-0800][76505247ms] GC(22850) Humongous regions: 5->5
[2023-11-10T11:48:21.615-0800][76505247ms] GC(22850) Metaspace: 304921K->304921K(1349632K)
[2023-11-10T11:48:21.615-0800][76505247ms] GC(22850) Pause Young (Normal) (G1 Evacuation Pause) 3234M->2859M(3602M) 5.104ms
[2023-11-10T11:48:21.615-0800][76505247ms] GC(22850) User=0.00s Sys=0.00s Real=0.01s
[2023-11-10T11:48:22.074-0800][76505706ms] GC(22851) Pause Young (Normal) (G1 Evacuation Pause)
[2023-11-10T11:48:22.074-0800][76505706ms] GC(22851) Using 10 workers of 10 for evacuation
[2023-11-10T11:48:22.080-0800][76505712ms] GC(22851)   Pre Evacuate Collection Set: 0.1ms
[2023-11-10T11:48:22.080-0800][76505712ms] GC(22851)   Evacuate Collection Set: 1.8ms
[2023-11-10T11:48:22.080-0800][76505712ms] GC(22851)   Post Evacuate Collection Set: 4.3ms
[2023-11-10T11:48:22.080-0800][76505712ms] GC(22851)   Other: 0.3ms
[2023-11-10T11:48:22.080-0800][76505712ms] GC(22851) Eden regions: 187->0(187)
[2023-11-10T11:48:22.080-0800][76505712ms] GC(22851) Survivor regions: 1->1(24)
[2023-11-10T11:48:22.080-0800][76505712ms] GC(22851) Old regions: 1425->1425
[2023-11-10T11:48:22.080-0800][76505712ms] GC(22851) Humongous regions: 5->5
[2023-11-10T11:48:22.080-0800][76505712ms] GC(22851) Metaspace: 304921K->304921K(1349632K)
[2023-11-10T11:48:22.080-0800][76505712ms] GC(22851) Pause Young (Normal) (G1 Evacuation Pause) 3233M->2859M(3602M) 6.590ms
[2023-11-10T11:48:22.080-0800][76505712ms] GC(22851) User=0.00s Sys=0.00s Real=0.01s
[2023-11-10T11:48:22.555-0800][76506187ms] GC(22852) Pause Young (Normal) (G1 Evacuation Pause)
[2023-11-10T11:48:22.555-0800][76506187ms] GC(22852) Using 10 workers of 10 for evacuation
[2023-11-10T11:48:22.560-0800][76506192ms] GC(22852)   Pre Evacuate Collection Set: 0.0ms
[2023-11-10T11:48:22.560-0800][76506192ms] GC(22852)   Evacuate Collection Set: 1.9ms
[2023-11-10T11:48:22.560-0800][76506192ms] GC(22852)   Post Evacuate Collection Set: 3.4ms
[2023-11-10T11:48:22.560-0800][76506192ms] GC(22852)   Other: 0.3ms
[2023-11-10T11:48:22.560-0800][76506192ms] GC(22852) Eden regions: 187->0(187)
[2023-11-10T11:48:22.560-0800][76506192ms] GC(22852) Survivor regions: 1->1(24)
[2023-11-10T11:48:22.560-0800][76506192ms] GC(22852) Old regions: 1425->1425
[2023-11-10T11:48:22.560-0800][76506192ms] GC(22852) Humongous regions: 5->5
[2023-11-10T11:48:22.560-0800][76506192ms] GC(22852) Metaspace: 304921K->304921K(1349632K)
[2023-11-10T11:48:22.560-0800][76506192ms] GC(22852) Pause Young (Normal) (G1 Evacuation Pause) 3233M->2859M(3602M) 5.778ms
[2023-11-10T11:48:22.561-0800][76506193ms] GC(22852) User=0.00s Sys=0.00s Real=0.01s
[2023-11-10T11:48:22.968-0800][76506600ms] GC(22853) Pause Young (Normal) (G1 Evacuation Pause)
[2023-11-10T11:48:22.968-0800][76506600ms] GC(22853) Using 10 workers of 10 for evacuation
[2023-11-10T11:48:22.974-0800][76506606ms] GC(22853)   Pre Evacuate Collection Set: 0.1ms
[2023-11-10T11:48:22.974-0800][76506606ms] GC(22853)   Evacuate Collection Set: 1.7ms
[2023-11-10T11:48:22.974-0800][76506606ms] GC(22853)   Post Evacuate Collection Set: 3.2ms
[2023-11-10T11:48:22.974-0800][76506606ms] GC(22853)   Other: 0.3ms
[2023-11-10T11:48:22.974-0800][76506606ms] GC(22853) Eden regions: 187->0(187)
[2023-11-10T11:48:22.974-0800][76506606ms] GC(22853) Survivor regions: 1->1(24)
[2023-11-10T11:48:22.974-0800][76506606ms] GC(22853) Old regions: 1425->1425
[2023-11-10T11:48:22.974-0800][76506606ms] GC(22853) Humongous regions: 5->5
[2023-11-10T11:48:22.974-0800][76506606ms] GC(22853) Metaspace: 304921K->304921K(1349632K)
[2023-11-10T11:48:22.974-0800][76506606ms] GC(22853) Pause Young (Normal) (G1 Evacuation Pause) 3233M->2859M(3602M) 5.291ms
[2023-11-10T11:48:22.974-0800][76506606ms] GC(22853) User=0.00s Sys=0.00s Real=0.01s
[2023-11-10T11:48:23.433-0800][76507065ms] GC(22854) Pause Young (Normal) (G1 Evacuation Pause)
[2023-11-10T11:48:23.433-0800][76507065ms] GC(22854) Using 10 workers of 10 for evacuation
[2023-11-10T11:48:23.439-0800][76507071ms] GC(22854)   Pre Evacuate Collection Set: 0.0ms
[2023-11-10T11:48:23.439-0800][76507071ms] GC(22854)   Evacuate Collection Set: 1.6ms
[2023-11-10T11:48:23.439-0800][76507071ms] GC(22854)   Post Evacuate Collection Set: 2.9ms
[2023-11-10T11:48:23.439-0800][76507071ms] GC(22854)   Other: 0.2ms
[2023-11-10T11:48:23.439-0800][76507071ms] GC(22854) Eden regions: 187->0(187)
[2023-11-10T11:48:23.439-0800][76507071ms] GC(22854) Survivor regions: 1->1(24)
[2023-11-10T11:48:23.439-0800][76507071ms] GC(22854) Old regions: 1425->1425
[2023-11-10T11:48:23.439-0800][76507071ms] GC(22854) Humongous regions: 5->5
[2023-11-10T11:48:23.439-0800][76507071ms] GC(22854) Metaspace: 304921K->304921K(1349632K)
[2023-11-10T11:48:23.439-0800][76507071ms] GC(22854) Pause Young (Normal) (G1 Evacuation Pause) 3233M->2859M(3602M) 4.971ms
[2023-11-10T11:48:23.439-0800][76507071ms] GC(22854) User=0.00s Sys=0.00s Real=0.01s
[2023-11-10T11:48:23.897-0800][76507529ms] GC(22855) Pause Young (Normal) (G1 Evacuation Pause)
[2023-11-10T11:48:23.897-0800][76507529ms] GC(22855) Using 10 workers of 10 for evacuation
[2023-11-10T11:48:23.904-0800][76507536ms] GC(22855)   Pre Evacuate Collection Set: 0.0ms
[2023-11-10T11:48:23.904-0800][76507536ms] GC(22855)   Evacuate Collection Set: 1.7ms
[2023-11-10T11:48:23.904-0800][76507536ms] GC(22855)   Post Evacuate Collection Set: 4.2ms
[2023-11-10T11:48:23.904-0800][76507536ms] GC(22855)   Other: 0.3ms
[2023-11-10T11:48:23.904-0800][76507536ms] GC(22855) Eden regions: 187->0(187)
[2023-11-10T11:48:23.904-0800][76507536ms] GC(22855) Survivor regions: 1->1(24)
[2023-11-10T11:48:23.904-0800][76507536ms] GC(22855) Old regions: 1425->1425
[2023-11-10T11:48:23.904-0800][76507536ms] GC(22855) Humongous regions: 5->5
[2023-11-10T11:48:23.904-0800][76507536ms] GC(22855) Metaspace: 304921K->304921K(1349632K)
[2023-11-10T11:48:23.904-0800][76507536ms] GC(22855) Pause Young (Normal) (G1 Evacuation Pause) 3233M->2859M(3602M) 6.263ms
[2023-11-10T11:48:23.904-0800][76507536ms] GC(22855) User=0.00s Sys=0.00s Real=0.01s
[2023-11-10T11:48:24.394-0800][76508026ms] GC(22856) Pause Young (Normal) (G1 Evacuation Pause)
[2023-11-10T11:48:24.394-0800][76508026ms] GC(22856) Using 10 workers of 10 for evacuation
[2023-11-10T11:48:24.400-0800][76508032ms] GC(22856)   Pre Evacuate Collection Set: 0.0ms
[2023-11-10T11:48:24.400-0800][76508032ms] GC(22856)   Evacuate Collection Set: 1.9ms
[2023-11-10T11:48:24.400-0800][76508032ms] GC(22856)   Post Evacuate Collection Set: 3.0ms
[2023-11-10T11:48:24.400-0800][76508032ms] GC(22856)   Other: 0.2ms
[2023-11-10T11:48:24.400-0800][76508032ms] GC(22856) Eden regions: 187->0(187)
[2023-11-10T11:48:24.400-0800][76508032ms] GC(22856) Survivor regions: 1->1(24)
[2023-11-10T11:48:24.400-0800][76508032ms] GC(22856) Old regions: 1425->1425
[2023-11-10T11:48:24.400-0800][76508032ms] GC(22856) Humongous regions: 5->5
[2023-11-10T11:48:24.400-0800][76508032ms] GC(22856) Metaspace: 304921K->304921K(1349632K)
[2023-11-10T11:48:24.400-0800][76508032ms] GC(22856) Pause Young (Normal) (G1 Evacuation Pause) 3233M->2859M(3602M) 5.259ms
[2023-11-10T11:48:24.400-0800][76508032ms] GC(22856) User=0.00s Sys=0.00s Real=0.01s
[2023-11-10T11:48:24.834-0800][76508466ms] GC(22857) Pause Young (Normal) (G1 Evacuation Pause)
[2023-11-10T11:48:24.834-0800][76508466ms] GC(22857) Using 10 workers of 10 for evacuation
[2023-11-10T11:48:24.840-0800][76508472ms] GC(22857)   Pre Evacuate Collection Set: 0.1ms
[2023-11-10T11:48:24.841-0800][76508473ms] GC(22857)   Evacuate Collection Set: 1.8ms
[2023-11-10T11:48:24.841-0800][76508473ms] GC(22857)   Post Evacuate Collection Set: 4.7ms
[2023-11-10T11:48:24.841-0800][76508473ms] GC(22857)   Other: 0.3ms
[2023-11-10T11:48:24.841-0800][76508473ms] GC(22857) Eden regions: 187->0(187)
[2023-11-10T11:48:24.841-0800][76508473ms] GC(22857) Survivor regions: 1->1(24)
[2023-11-10T11:48:24.841-0800][76508473ms] GC(22857) Old regions: 1425->1425
[2023-11-10T11:48:24.841-0800][76508473ms] GC(22857) Humongous regions: 5->5
[2023-11-10T11:48:24.841-0800][76508473ms] GC(22857) Metaspace: 304921K->304921K(1349632K)
[2023-11-10T11:48:24.841-0800][76508473ms] GC(22857) Pause Young (Normal) (G1 Evacuation Pause) 3233M->2859M(3602M) 7.028ms
[2023-11-10T11:48:24.841-0800][76508473ms] GC(22857) User=0.06s Sys=0.00s Real=0.01s
[2023-11-10T11:48:25.386-0800][76509018ms] GC(22858) Pause Young (Normal) (G1 Evacuation Pause)
[2023-11-10T11:48:25.386-0800][76509018ms] GC(22858) Using 10 workers of 10 for evacuation
[2023-11-10T11:48:25.392-0800][76509024ms] GC(22858)   Pre Evacuate Collection Set: 0.1ms
[2023-11-10T11:48:25.392-0800][76509024ms] GC(22858)   Evacuate Collection Set: 2.1ms
[2023-11-10T11:48:25.392-0800][76509024ms] GC(22858)   Post Evacuate Collection Set: 3.7ms
[2023-11-10T11:48:25.392-0800][76509024ms] GC(22858)   Other: 0.3ms
[2023-11-10T11:48:25.392-0800][76509024ms] GC(22858) Eden regions: 187->0(187)
[2023-11-10T11:48:25.392-0800][76509024ms] GC(22858) Survivor regions: 1->1(24)
[2023-11-10T11:48:25.392-0800][76509024ms] GC(22858) Old regions: 1425->1425
[2023-11-10T11:48:25.392-0800][76509024ms] GC(22858) Humongous regions: 5->5
[2023-11-10T11:48:25.392-0800][76509024ms] GC(22858) Metaspace: 304921K->304921K(1349632K)
[2023-11-10T11:48:25.392-0800][76509024ms] GC(22858) Pause Young (Normal) (G1 Evacuation Pause) 3233M->2859M(3602M) 6.236ms
[2023-11-10T11:48:25.392-0800][76509024ms] GC(22858) User=0.00s Sys=0.00s Real=0.01s
[2023-11-10T11:48:25.841-0800][76509473ms] GC(22859) Pause Young (Normal) (G1 Evacuation Pause)
[2023-11-10T11:48:25.841-0800][76509473ms] GC(22859) Using 10 workers of 10 for evacuation
[2023-11-10T11:48:25.846-0800][76509478ms] GC(22859)   Pre Evacuate Collection Set: 0.1ms
[2023-11-10T11:48:25.846-0800][76509478ms] GC(22859)   Evacuate Collection Set: 1.7ms
[2023-11-10T11:48:25.846-0800][76509478ms] GC(22859)   Post Evacuate Collection Set: 3.9ms
[2023-11-10T11:48:25.846-0800][76509478ms] GC(22859)   Other: 0.3ms
[2023-11-10T11:48:25.846-0800][76509478ms] GC(22859) Eden regions: 187->0(187)
[2023-11-10T11:48:25.846-0800][76509478ms] GC(22859) Survivor regions: 1->1(24)
[2023-11-10T11:48:25.846-0800][76509478ms] GC(22859) Old regions: 1425->1425
[2023-11-10T11:48:25.846-0800][76509478ms] GC(22859) Humongous regions: 5->5
[2023-11-10T11:48:25.846-0800][76509478ms] GC(22859) Metaspace: 304921K->304921K(1349632K)
[2023-11-10T11:48:25.846-0800][76509478ms] GC(22859) Pause Young (Normal) (G1 Evacuation Pause) 3233M->2859M(3602M) 6.048ms
[2023-11-10T11:48:25.846-0800][76509478ms] GC(22859) User=0.00s Sys=0.00s Real=0.00s
[2023-11-10T11:48:26.329-0800][76509961ms] GC(22860) Pause Young (Normal) (G1 Evacuation Pause)
[2023-11-10T11:48:26.329-0800][76509961ms] GC(22860) Using 10 workers of 10 for evacuation
[2023-11-10T11:48:26.333-0800][76509965ms] GC(22860)   Pre Evacuate Collection Set: 0.0ms
[2023-11-10T11:48:26.334-0800][76509966ms] GC(22860)   Evacuate Collection Set: 1.7ms
[2023-11-10T11:48:26.334-0800][76509966ms] GC(22860)   Post Evacuate Collection Set: 3.0ms
[2023-11-10T11:48:26.334-0800][76509966ms] GC(22860)   Other: 0.3ms
[2023-11-10T11:48:26.334-0800][76509966ms] GC(22860) Eden regions: 187->0(188)
[2023-11-10T11:48:26.334-0800][76509966ms] GC(22860) Survivor regions: 1->1(24)
[2023-11-10T11:48:26.334-0800][76509966ms] GC(22860) Old regions: 1425->1425
[2023-11-10T11:48:26.334-0800][76509966ms] GC(22860) Humongous regions: 5->5
[2023-11-10T11:48:26.334-0800][76509966ms] GC(22860) Metaspace: 304921K->304921K(1349632K)
[2023-11-10T11:48:26.334-0800][76509966ms] GC(22860) Pause Young (Normal) (G1 Evacuation Pause) 3233M->2859M(3602M) 5.057ms
[2023-11-10T11:48:26.334-0800][76509966ms] GC(22860) User=0.00s Sys=0.00s Real=0.01s
[2023-11-10T11:48:26.740-0800][76510372ms] GC(22861) Pause Young (Normal) (G1 Evacuation Pause)
[2023-11-10T11:48:26.740-0800][76510372ms] GC(22861) Using 10 workers of 10 for evacuation
[2023-11-10T11:48:26.746-0800][76510378ms] GC(22861)   Pre Evacuate Collection Set: 0.1ms
[2023-11-10T11:48:26.746-0800][76510378ms] GC(22861)   Evacuate Collection Set: 2.1ms
[2023-11-10T11:48:26.746-0800][76510378ms] GC(22861)   Post Evacuate Collection Set: 4.1ms
[2023-11-10T11:48:26.746-0800][76510378ms] GC(22861)   Other: 0.3ms
[2023-11-10T11:48:26.746-0800][76510378ms] GC(22861) Eden regions: 188->0(188)
[2023-11-10T11:48:26.746-0800][76510378ms] GC(22861) Survivor regions: 1->1(24)
[2023-11-10T11:48:26.746-0800][76510378ms] GC(22861) Old regions: 1425->1425
[2023-11-10T11:48:26.746-0800][76510378ms] GC(22861) Humongous regions: 5->5
[2023-11-10T11:48:26.746-0800][76510378ms] GC(22861) Metaspace: 304921K->304921K(1349632K)
[2023-11-10T11:48:26.746-0800][76510378ms] GC(22861) Pause Young (Normal) (G1 Evacuation Pause) 3235M->2859M(3602M) 6.765ms
[2023-11-10T11:48:26.746-0800][76510378ms] GC(22861) User=0.03s Sys=0.02s Real=0.01s
[2023-11-10T11:48:27.226-0800][76510858ms] GC(22862) Pause Young (Normal) (G1 Evacuation Pause)
[2023-11-10T11:48:27.226-0800][76510858ms] GC(22862) Using 10 workers of 10 for evacuation
[2023-11-10T11:48:27.231-0800][76510863ms] GC(22862)   Pre Evacuate Collection Set: 0.0ms
[2023-11-10T11:48:27.231-0800][76510863ms] GC(22862)   Evacuate Collection Set: 1.8ms
[2023-11-10T11:48:27.231-0800][76510863ms] GC(22862)   Post Evacuate Collection Set: 3.1ms
[2023-11-10T11:48:27.231-0800][76510863ms] GC(22862)   Other: 0.3ms
[2023-11-10T11:48:27.231-0800][76510863ms] GC(22862) Eden regions: 188->0(188)
[2023-11-10T11:48:27.231-0800][76510863ms] GC(22862) Survivor regions: 1->1(24)
[2023-11-10T11:48:27.231-0800][76510863ms] GC(22862) Old regions: 1425->1425
[2023-11-10T11:48:27.231-0800][76510863ms] GC(22862) Humongous regions: 5->5
[2023-11-10T11:48:27.231-0800][76510863ms] GC(22862) Metaspace: 304921K->304921K(1349632K)
[2023-11-10T11:48:27.231-0800][76510863ms] GC(22862) Pause Young (Normal) (G1 Evacuation Pause) 3235M->2859M(3602M) 5.374ms
[2023-11-10T11:48:27.232-0800][76510864ms] GC(22862) User=0.00s Sys=0.00s Real=0.01s
[2023-11-10T11:48:27.687-0800][76511319ms] GC(22863) Pause Young (Normal) (G1 Evacuation Pause)
[2023-11-10T11:48:27.687-0800][76511319ms] GC(22863) Using 10 workers of 10 for evacuation
[2023-11-10T11:48:27.693-0800][76511325ms] GC(22863)   Pre Evacuate Collection Set: 0.1ms
[2023-11-10T11:48:27.693-0800][76511325ms] GC(22863)   Evacuate Collection Set: 2.1ms
[2023-11-10T11:48:27.693-0800][76511325ms] GC(22863)   Post Evacuate Collection Set: 4.2ms
[2023-11-10T11:48:27.693-0800][76511325ms] GC(22863)   Other: 0.3ms
[2023-11-10T11:48:27.693-0800][76511325ms] GC(22863) Eden regions: 188->0(188)
[2023-11-10T11:48:27.693-0800][76511325ms] GC(22863) Survivor regions: 1->1(24)
[2023-11-10T11:48:27.693-0800][76511325ms] GC(22863) Old regions: 1425->1425
[2023-11-10T11:48:27.693-0800][76511325ms] GC(22863) Humongous regions: 5->5
[2023-11-10T11:48:27.693-0800][76511325ms] GC(22863) Metaspace: 304921K->304921K(1349632K)
[2023-11-10T11:48:27.693-0800][76511325ms] GC(22863) Pause Young (Normal) (G1 Evacuation Pause) 3235M->2859M(3602M) 6.874ms
[2023-11-10T11:48:27.693-0800][76511325ms] GC(22863) User=0.00s Sys=0.00s Real=0.01s
[2023-11-10T11:48:28.127-0800][76511759ms] GC(22864) Pause Young (Normal) (G1 Evacuation Pause)
[2023-11-10T11:48:28.127-0800][76511759ms] GC(22864) Using 10 workers of 10 for evacuation
[2023-11-10T11:48:28.133-0800][76511765ms] GC(22864)   Pre Evacuate Collection Set: 0.1ms
[2023-11-10T11:48:28.133-0800][76511765ms] GC(22864)   Evacuate Collection Set: 1.9ms
[2023-11-10T11:48:28.133-0800][76511765ms] GC(22864)   Post Evacuate Collection Set: 3.3ms
[2023-11-10T11:48:28.133-0800][76511765ms] GC(22864)   Other: 0.5ms
[2023-11-10T11:48:28.133-0800][76511765ms] GC(22864) Eden regions: 188->0(188)
[2023-11-10T11:48:28.133-0800][76511765ms] GC(22864) Survivor regions: 1->1(24)
[2023-11-10T11:48:28.133-0800][76511765ms] GC(22864) Old regions: 1425->1425
[2023-11-10T11:48:28.133-0800][76511765ms] GC(22864) Humongous regions: 5->5
[2023-11-10T11:48:28.133-0800][76511765ms] GC(22864) Metaspace: 304921K->304921K(1349632K)
[2023-11-10T11:48:28.133-0800][76511765ms] GC(22864) Pause Young (Normal) (G1 Evacuation Pause) 3235M->2859M(3602M) 5.831ms
[2023-11-10T11:48:28.133-0800][76511765ms] GC(22864) User=0.00s Sys=0.00s Real=0.01s
[2023-11-10T11:48:28.609-0800][76512241ms] GC(22865) Pause Young (Normal) (G1 Evacuation Pause)
[2023-11-10T11:48:28.609-0800][76512241ms] GC(22865) Using 10 workers of 10 for evacuation
[2023-11-10T11:48:28.615-0800][76512247ms] GC(22865)   Pre Evacuate Collection Set: 0.0ms
[2023-11-10T11:48:28.615-0800][76512247ms] GC(22865)   Evacuate Collection Set: 1.7ms
[2023-11-10T11:48:28.615-0800][76512247ms] GC(22865)   Post Evacuate Collection Set: 3.8ms
[2023-11-10T11:48:28.615-0800][76512247ms] GC(22865)   Other: 0.2ms
[2023-11-10T11:48:28.615-0800][76512247ms] GC(22865) Eden regions: 188->0(188)
[2023-11-10T11:48:28.615-0800][76512247ms] GC(22865) Survivor regions: 1->1(24)
[2023-11-10T11:48:28.615-0800][76512247ms] GC(22865) Old regions: 1425->1425
[2023-11-10T11:48:28.615-0800][76512247ms] GC(22865) Humongous regions: 5->5
[2023-11-10T11:48:28.615-0800][76512247ms] GC(22865) Metaspace: 304921K->304921K(1349632K)
[2023-11-10T11:48:28.615-0800][76512247ms] GC(22865) Pause Young (Normal) (G1 Evacuation Pause) 3235M->2859M(3602M) 5.878ms
[2023-11-10T11:48:28.615-0800][76512247ms] GC(22865) User=0.00s Sys=0.00s Real=0.01s
[2023-11-10T11:48:29.068-0800][76512700ms] GC(22866) Pause Young (Normal) (G1 Evacuation Pause)
[2023-11-10T11:48:29.068-0800][76512700ms] GC(22866) Using 10 workers of 10 for evacuation
[2023-11-10T11:48:29.074-0800][76512706ms] GC(22866)   Pre Evacuate Collection Set: 0.0ms
[2023-11-10T11:48:29.074-0800][76512706ms] GC(22866)   Evacuate Collection Set: 1.9ms
[2023-11-10T11:48:29.074-0800][76512706ms] GC(22866)   Post Evacuate Collection Set: 3.8ms
[2023-11-10T11:48:29.074-0800][76512706ms] GC(22866)   Other: 0.3ms
[2023-11-10T11:48:29.074-0800][76512706ms] GC(22866) Eden regions: 188->0(188)
[2023-11-10T11:48:29.074-0800][76512706ms] GC(22866) Survivor regions: 1->1(24)
[2023-11-10T11:48:29.074-0800][76512706ms] GC(22866) Old regions: 1425->1425
[2023-11-10T11:48:29.074-0800][76512706ms] GC(22866) Humongous regions: 5->5
[2023-11-10T11:48:29.074-0800][76512706ms] GC(22866) Metaspace: 304921K->304921K(1349632K)
[2023-11-10T11:48:29.074-0800][76512706ms] GC(22866) Pause Young (Normal) (G1 Evacuation Pause) 3235M->2859M(3602M) 6.024ms
[2023-11-10T11:48:29.074-0800][76512706ms] GC(22866) User=0.06s Sys=0.00s Real=0.01s
[2023-11-10T11:48:29.534-0800][76513166ms] GC(22867) Pause Young (Normal) (G1 Evacuation Pause)
[2023-11-10T11:48:29.534-0800][76513166ms] GC(22867) Using 10 workers of 10 for evacuation
[2023-11-10T11:48:29.539-0800][76513171ms] GC(22867)   Pre Evacuate Collection Set: 0.0ms
[2023-11-10T11:48:29.539-0800][76513171ms] GC(22867)   Evacuate Collection Set: 1.7ms
[2023-11-10T11:48:29.539-0800][76513171ms] GC(22867)   Post Evacuate Collection Set: 3.1ms
[2023-11-10T11:48:29.539-0800][76513171ms] GC(22867)   Other: 0.3ms
[2023-11-10T11:48:29.539-0800][76513171ms] GC(22867) Eden regions: 188->0(188)
[2023-11-10T11:48:29.539-0800][76513171ms] GC(22867) Survivor regions: 1->1(24)
[2023-11-10T11:48:29.539-0800][76513171ms] GC(22867) Old regions: 1425->1425
[2023-11-10T11:48:29.539-0800][76513171ms] GC(22867) Humongous regions: 5->5
[2023-11-10T11:48:29.539-0800][76513171ms] GC(22867) Metaspace: 304921K->304921K(1349632K)
[2023-11-10T11:48:29.539-0800][76513171ms] GC(22867) Pause Young (Normal) (G1 Evacuation Pause) 3235M->2859M(3602M) 5.221ms
[2023-11-10T11:48:29.539-0800][76513171ms] GC(22867) User=0.00s Sys=0.00s Real=0.01s
[2023-11-10T11:48:30.035-0800][76513667ms] GC(22868) Pause Young (Normal) (G1 Evacuation Pause)
[2023-11-10T11:48:30.035-0800][76513667ms] GC(22868) Using 10 workers of 10 for evacuation
[2023-11-10T11:48:30.040-0800][76513672ms] GC(22868)   Pre Evacuate Collection Set: 0.0ms
[2023-11-10T11:48:30.041-0800][76513673ms] GC(22868)   Evacuate Collection Set: 1.9ms
[2023-11-10T11:48:30.041-0800][76513673ms] GC(22868)   Post Evacuate Collection Set: 3.5ms
[2023-11-10T11:48:30.041-0800][76513673ms] GC(22868)   Other: 0.3ms
[2023-11-10T11:48:30.041-0800][76513673ms] GC(22868) Eden regions: 188->0(188)
[2023-11-10T11:48:30.041-0800][76513673ms] GC(22868) Survivor regions: 1->1(24)
[2023-11-10T11:48:30.041-0800][76513673ms] GC(22868) Old regions: 1425->1425
[2023-11-10T11:48:30.041-0800][76513673ms] GC(22868) Humongous regions: 5->5
[2023-11-10T11:48:30.041-0800][76513673ms] GC(22868) Metaspace: 304921K->304921K(1349632K)
[2023-11-10T11:48:30.041-0800][76513673ms] GC(22868) Pause Young (Normal) (G1 Evacuation Pause) 3235M->2859M(3602M) 5.808ms
[2023-11-10T11:48:30.041-0800][76513673ms] GC(22868) User=0.02s Sys=0.00s Real=0.01s
[2023-11-10T11:48:30.529-0800][76514161ms] GC(22869) Pause Young (Normal) (G1 Evacuation Pause)
[2023-11-10T11:48:30.529-0800][76514161ms] GC(22869) Using 10 workers of 10 for evacuation
[2023-11-10T11:48:30.534-0800][76514166ms] GC(22869)   Pre Evacuate Collection Set: 0.1ms
[2023-11-10T11:48:30.534-0800][76514166ms] GC(22869)   Evacuate Collection Set: 1.6ms
[2023-11-10T11:48:30.534-0800][76514166ms] GC(22869)   Post Evacuate Collection Set: 3.1ms
[2023-11-10T11:48:30.534-0800][76514166ms] GC(22869)   Other: 0.3ms
[2023-11-10T11:48:30.534-0800][76514166ms] GC(22869) Eden regions: 188->0(188)
[2023-11-10T11:48:30.534-0800][76514166ms] GC(22869) Survivor regions: 1->1(24)
[2023-11-10T11:48:30.534-0800][76514166ms] GC(22869) Old regions: 1425->1425
[2023-11-10T11:48:30.534-0800][76514166ms] GC(22869) Humongous regions: 5->5
[2023-11-10T11:48:30.534-0800][76514166ms] GC(22869) Metaspace: 304921K->304921K(1349632K)
[2023-11-10T11:48:30.534-0800][76514167ms] GC(22869) Pause Young (Normal) (G1 Evacuation Pause) 3235M->2859M(3602M) 5.202ms
[2023-11-10T11:48:30.535-0800][76514167ms] GC(22869) User=0.00s Sys=0.00s Real=0.01s
[2023-11-10T11:48:30.974-0800][76514606ms] GC(22870) Pause Young (Normal) (G1 Evacuation Pause)
[2023-11-10T11:48:30.974-0800][76514606ms] GC(22870) Using 10 workers of 10 for evacuation
[2023-11-10T11:48:30.979-0800][76514611ms] GC(22870)   Pre Evacuate Collection Set: 0.0ms
[2023-11-10T11:48:30.979-0800][76514611ms] GC(22870)   Evacuate Collection Set: 1.7ms
[2023-11-10T11:48:30.979-0800][76514611ms] GC(22870)   Post Evacuate Collection Set: 3.2ms
[2023-11-10T11:48:30.979-0800][76514611ms] GC(22870)   Other: 0.3ms
[2023-11-10T11:48:30.979-0800][76514611ms] GC(22870) Eden regions: 188->0(188)
[2023-11-10T11:48:30.979-0800][76514611ms] GC(22870) Survivor regions: 1->1(24)
[2023-11-10T11:48:30.979-0800][76514611ms] GC(22870) Old regions: 1425->1425
[2023-11-10T11:48:30.979-0800][76514611ms] GC(22870) Humongous regions: 5->5
[2023-11-10T11:48:30.979-0800][76514611ms] GC(22870) Metaspace: 304921K->304921K(1349632K)
[2023-11-10T11:48:30.979-0800][76514611ms] GC(22870) Pause Young (Normal) (G1 Evacuation Pause) 3235M->2859M(3602M) 5.306ms
[2023-11-10T11:48:30.979-0800][76514611ms] GC(22870) User=0.02s Sys=0.00s Real=0.01s
[2023-11-10T11:48:31.409-0800][76515041ms] GC(22871) Pause Young (Normal) (G1 Evacuation Pause)
[2023-11-10T11:48:31.409-0800][76515041ms] GC(22871) Using 10 workers of 10 for evacuation
[2023-11-10T11:48:31.416-0800][76515048ms] GC(22871)   Pre Evacuate Collection Set: 0.1ms
[2023-11-10T11:48:31.416-0800][76515048ms] GC(22871)   Evacuate Collection Set: 1.9ms
[2023-11-10T11:48:31.416-0800][76515048ms] GC(22871)   Post Evacuate Collection Set: 4.4ms
[2023-11-10T11:48:31.416-0800][76515048ms] GC(22871)   Other: 0.3ms
[2023-11-10T11:48:31.416-0800][76515048ms] GC(22871) Eden regions: 188->0(188)
[2023-11-10T11:48:31.416-0800][76515048ms] GC(22871) Survivor regions: 1->1(24)
[2023-11-10T11:48:31.416-0800][76515048ms] GC(22871) Old regions: 1425->1425
[2023-11-10T11:48:31.416-0800][76515048ms] GC(22871) Humongous regions: 5->5
[2023-11-10T11:48:31.416-0800][76515048ms] GC(22871) Metaspace: 304921K->304921K(1349632K)
[2023-11-10T11:48:31.416-0800][76515048ms] GC(22871) Pause Young (Normal) (G1 Evacuation Pause) 3235M->2859M(3602M) 6.813ms
[2023-11-10T11:48:31.416-0800][76515048ms] GC(22871) User=0.00s Sys=0.00s Real=0.01s
[2023-11-10T11:48:31.954-0800][76515586ms] GC(22872) Pause Young (Normal) (G1 Evacuation Pause)
[2023-11-10T11:48:31.954-0800][76515586ms] GC(22872) Using 10 workers of 10 for evacuation
[2023-11-10T11:48:31.960-0800][76515592ms] GC(22872)   Pre Evacuate Collection Set: 0.1ms
[2023-11-10T11:48:31.960-0800][76515592ms] GC(22872)   Evacuate Collection Set: 1.7ms
[2023-11-10T11:48:31.960-0800][76515592ms] GC(22872)   Post Evacuate Collection Set: 3.1ms
[2023-11-10T11:48:31.960-0800][76515592ms] GC(22872)   Other: 0.4ms
[2023-11-10T11:48:31.960-0800][76515592ms] GC(22872) Eden regions: 188->0(188)
[2023-11-10T11:48:31.960-0800][76515592ms] GC(22872) Survivor regions: 1->1(24)
[2023-11-10T11:48:31.960-0800][76515592ms] GC(22872) Old regions: 1425->1425
[2023-11-10T11:48:31.960-0800][76515592ms] GC(22872) Humongous regions: 5->5
[2023-11-10T11:48:31.960-0800][76515592ms] GC(22872) Metaspace: 304921K->304921K(1349632K)
[2023-11-10T11:48:31.960-0800][76515592ms] GC(22872) Pause Young (Normal) (G1 Evacuation Pause) 3235M->2859M(3602M) 5.338ms
[2023-11-10T11:48:31.960-0800][76515592ms] GC(22872) User=0.00s Sys=0.00s Real=0.01s
[2023-11-10T11:48:32.392-0800][76516024ms] GC(22873) Pause Young (Normal) (G1 Evacuation Pause)
[2023-11-10T11:48:32.392-0800][76516024ms] GC(22873) Using 10 workers of 10 for evacuation
[2023-11-10T11:48:32.398-0800][76516030ms] GC(22873)   Pre Evacuate Collection Set: 0.0ms
[2023-11-10T11:48:32.398-0800][76516030ms] GC(22873)   Evacuate Collection Set: 1.8ms
[2023-11-10T11:48:32.398-0800][76516030ms] GC(22873)   Post Evacuate Collection Set: 3.1ms
[2023-11-10T11:48:32.398-0800][76516030ms] GC(22873)   Other: 0.3ms
[2023-11-10T11:48:32.398-0800][76516030ms] GC(22873) Eden regions: 188->0(188)
[2023-11-10T11:48:32.398-0800][76516030ms] GC(22873) Survivor regions: 1->1(24)
[2023-11-10T11:48:32.398-0800][76516030ms] GC(22873) Old regions: 1425->1425
[2023-11-10T11:48:32.398-0800][76516030ms] GC(22873) Humongous regions: 5->5
[2023-11-10T11:48:32.398-0800][76516030ms] GC(22873) Metaspace: 304921K->304921K(1349632K)
[2023-11-10T11:48:32.398-0800][76516030ms] GC(22873) Pause Young (Normal) (G1 Evacuation Pause) 3235M->2859M(3602M) 5.317ms
[2023-11-10T11:48:32.398-0800][76516030ms] GC(22873) User=0.00s Sys=0.00s Real=0.01s
[2023-11-10T11:48:32.811-0800][76516443ms] GC(22874) Pause Young (Normal) (G1 Evacuation Pause)
[2023-11-10T11:48:32.811-0800][76516443ms] GC(22874) Using 10 workers of 10 for evacuation
[2023-11-10T11:48:32.816-0800][76516449ms] GC(22874)   Pre Evacuate Collection Set: 0.0ms
[2023-11-10T11:48:32.817-0800][76516449ms] GC(22874)   Evacuate Collection Set: 1.6ms
[2023-11-10T11:48:32.817-0800][76516449ms] GC(22874)   Post Evacuate Collection Set: 3.0ms
[2023-11-10T11:48:32.817-0800][76516449ms] GC(22874)   Other: 0.2ms
[2023-11-10T11:48:32.817-0800][76516449ms] GC(22874) Eden regions: 188->0(188)
[2023-11-10T11:48:32.817-0800][76516449ms] GC(22874) Survivor regions: 1->1(24)
[2023-11-10T11:48:32.817-0800][76516449ms] GC(22874) Old regions: 1425->1425
[2023-11-10T11:48:32.817-0800][76516449ms] GC(22874) Humongous regions: 5->5
[2023-11-10T11:48:32.817-0800][76516449ms] GC(22874) Metaspace: 304921K->304921K(1349632K)
[2023-11-10T11:48:32.817-0800][76516449ms] GC(22874) Pause Young (Normal) (G1 Evacuation Pause) 3235M->2859M(3602M) 4.994ms
[2023-11-10T11:48:32.817-0800][76516449ms] GC(22874) User=0.00s Sys=0.00s Real=0.01s
[2023-11-10T11:48:33.257-0800][76516889ms] GC(22875) Pause Young (Normal) (G1 Evacuation Pause)
[2023-11-10T11:48:33.257-0800][76516889ms] GC(22875) Using 10 workers of 10 for evacuation
[2023-11-10T11:48:33.263-0800][76516895ms] GC(22875)   Pre Evacuate Collection Set: 0.0ms
[2023-11-10T11:48:33.263-0800][76516895ms] GC(22875)   Evacuate Collection Set: 1.6ms
[2023-11-10T11:48:33.263-0800][76516895ms] GC(22875)   Post Evacuate Collection Set: 3.2ms
[2023-11-10T11:48:33.263-0800][76516895ms] GC(22875)   Other: 0.3ms
[2023-11-10T11:48:33.263-0800][76516895ms] GC(22875) Eden regions: 188->0(188)
[2023-11-10T11:48:33.263-0800][76516895ms] GC(22875) Survivor regions: 1->1(24)
[2023-11-10T11:48:33.263-0800][76516895ms] GC(22875) Old regions: 1425->1425
[2023-11-10T11:48:33.263-0800][76516895ms] GC(22875) Humongous regions: 5->5
[2023-11-10T11:48:33.263-0800][76516895ms] GC(22875) Metaspace: 304921K->304921K(1349632K)
[2023-11-10T11:48:33.263-0800][76516895ms] GC(22875) Pause Young (Normal) (G1 Evacuation Pause) 3235M->2859M(3602M) 5.254ms
[2023-11-10T11:48:33.263-0800][76516895ms] GC(22875) User=0.00s Sys=0.00s Real=0.01s
[2023-11-10T11:48:33.704-0800][76517336ms] GC(22876) Pause Young (Normal) (G1 Evacuation Pause)
[2023-11-10T11:48:33.704-0800][76517336ms] GC(22876) Using 10 workers of 10 for evacuation
[2023-11-10T11:48:33.709-0800][76517341ms] GC(22876)   Pre Evacuate Collection Set: 0.0ms
[2023-11-10T11:48:33.709-0800][76517341ms] GC(22876)   Evacuate Collection Set: 1.7ms
[2023-11-10T11:48:33.709-0800][76517341ms] GC(22876)   Post Evacuate Collection Set: 3.3ms
[2023-11-10T11:48:33.709-0800][76517341ms] GC(22876)   Other: 0.3ms
[2023-11-10T11:48:33.709-0800][76517341ms] GC(22876) Eden regions: 188->0(188)
[2023-11-10T11:48:33.709-0800][76517341ms] GC(22876) Survivor regions: 1->1(24)
[2023-11-10T11:48:33.709-0800][76517341ms] GC(22876) Old regions: 1425->1425
[2023-11-10T11:48:33.709-0800][76517341ms] GC(22876) Humongous regions: 5->5
[2023-11-10T11:48:33.709-0800][76517341ms] GC(22876) Metaspace: 304921K->304921K(1349632K)
[2023-11-10T11:48:33.709-0800][76517341ms] GC(22876) Pause Young (Normal) (G1 Evacuation Pause) 3235M->2859M(3602M) 5.319ms
[2023-11-10T11:48:33.709-0800][76517341ms] GC(22876) User=0.00s Sys=0.00s Real=0.01s
[2023-11-10T11:48:34.149-0800][76517781ms] GC(22877) Pause Young (Normal) (G1 Evacuation Pause)
[2023-11-10T11:48:34.149-0800][76517781ms] GC(22877) Using 10 workers of 10 for evacuation
[2023-11-10T11:48:34.154-0800][76517786ms] GC(22877)   Pre Evacuate Collection Set: 0.0ms
[2023-11-10T11:48:34.154-0800][76517786ms] GC(22877)   Evacuate Collection Set: 1.6ms
[2023-11-10T11:48:34.154-0800][76517786ms] GC(22877)   Post Evacuate Collection Set: 3.1ms
[2023-11-10T11:48:34.154-0800][76517786ms] GC(22877)   Other: 0.2ms
[2023-11-10T11:48:34.154-0800][76517786ms] GC(22877) Eden regions: 188->0(188)
[2023-11-10T11:48:34.154-0800][76517786ms] GC(22877) Survivor regions: 1->1(24)
[2023-11-10T11:48:34.154-0800][76517786ms] GC(22877) Old regions: 1425->1425
[2023-11-10T11:48:34.154-0800][76517786ms] GC(22877) Humongous regions: 5->5
[2023-11-10T11:48:34.154-0800][76517786ms] GC(22877) Metaspace: 304921K->304921K(1349632K)
[2023-11-10T11:48:34.154-0800][76517786ms] GC(22877) Pause Young (Normal) (G1 Evacuation Pause) 3235M->2859M(3602M) 5.016ms
[2023-11-10T11:48:34.154-0800][76517786ms] GC(22877) User=0.00s Sys=0.00s Real=0.01s
[2023-11-10T11:48:34.671-0800][76518303ms] GC(22878) Pause Young (Normal) (G1 Evacuation Pause)
[2023-11-10T11:48:34.671-0800][76518303ms] GC(22878) Using 10 workers of 10 for evacuation
[2023-11-10T11:48:34.676-0800][76518308ms] GC(22878)   Pre Evacuate Collection Set: 0.0ms
[2023-11-10T11:48:34.676-0800][76518308ms] GC(22878)   Evacuate Collection Set: 1.6ms
[2023-11-10T11:48:34.676-0800][76518308ms] GC(22878)   Post Evacuate Collection Set: 3.5ms
[2023-11-10T11:48:34.676-0800][76518308ms] GC(22878)   Other: 0.3ms
[2023-11-10T11:48:34.676-0800][76518308ms] GC(22878) Eden regions: 188->0(188)
[2023-11-10T11:48:34.676-0800][76518308ms] GC(22878) Survivor regions: 1->1(24)
[2023-11-10T11:48:34.676-0800][76518308ms] GC(22878) Old regions: 1425->1425
[2023-11-10T11:48:34.676-0800][76518308ms] GC(22878) Humongous regions: 5->5
[2023-11-10T11:48:34.676-0800][76518308ms] GC(22878) Metaspace: 304921K->304921K(1349632K)
[2023-11-10T11:48:34.676-0800][76518308ms] GC(22878) Pause Young (Normal) (G1 Evacuation Pause) 3235M->2859M(3602M) 5.472ms
[2023-11-10T11:48:34.676-0800][76518308ms] GC(22878) User=0.00s Sys=0.00s Real=0.01s
[2023-11-10T11:48:35.128-0800][76518760ms] GC(22879) Pause Young (Normal) (G1 Evacuation Pause)
[2023-11-10T11:48:35.128-0800][76518760ms] GC(22879) Using 10 workers of 10 for evacuation
[2023-11-10T11:48:35.134-0800][76518766ms] GC(22879)   Pre Evacuate Collection Set: 0.1ms
[2023-11-10T11:48:35.134-0800][76518766ms] GC(22879)   Evacuate Collection Set: 2.0ms
[2023-11-10T11:48:35.134-0800][76518766ms] GC(22879)   Post Evacuate Collection Set: 3.2ms
[2023-11-10T11:48:35.134-0800][76518766ms] GC(22879)   Other: 0.3ms
[2023-11-10T11:48:35.134-0800][76518766ms] GC(22879) Eden regions: 188->0(188)
[2023-11-10T11:48:35.134-0800][76518766ms] GC(22879) Survivor regions: 1->1(24)
[2023-11-10T11:48:35.134-0800][76518766ms] GC(22879) Old regions: 1425->1425
[2023-11-10T11:48:35.134-0800][76518766ms] GC(22879) Humongous regions: 5->5
[2023-11-10T11:48:35.134-0800][76518766ms] GC(22879) Metaspace: 304921K->304921K(1349632K)
[2023-11-10T11:48:35.134-0800][76518766ms] GC(22879) Pause Young (Normal) (G1 Evacuation Pause) 3235M->2859M(3602M) 5.692ms
[2023-11-10T11:48:35.134-0800][76518766ms] GC(22879) User=0.00s Sys=0.00s Real=0.01s
[2023-11-10T11:48:35.580-0800][76519212ms] GC(22880) Pause Young (Normal) (G1 Evacuation Pause)
[2023-11-10T11:48:35.580-0800][76519212ms] GC(22880) Using 10 workers of 10 for evacuation
[2023-11-10T11:48:35.585-0800][76519217ms] GC(22880)   Pre Evacuate Collection Set: 0.0ms
[2023-11-10T11:48:35.585-0800][76519217ms] GC(22880)   Evacuate Collection Set: 1.9ms
[2023-11-10T11:48:35.586-0800][76519218ms] GC(22880)   Post Evacuate Collection Set: 3.2ms
[2023-11-10T11:48:35.586-0800][76519218ms] GC(22880)   Other: 0.3ms
[2023-11-10T11:48:35.586-0800][76519218ms] GC(22880) Eden regions: 188->0(188)
[2023-11-10T11:48:35.586-0800][76519218ms] GC(22880) Survivor regions: 1->1(24)
[2023-11-10T11:48:35.586-0800][76519218ms] GC(22880) Old regions: 1425->1425
[2023-11-10T11:48:35.586-0800][76519218ms] GC(22880) Humongous regions: 5->5
[2023-11-10T11:48:35.586-0800][76519218ms] GC(22880) Metaspace: 304921K->304921K(1349632K)
[2023-11-10T11:48:35.586-0800][76519218ms] GC(22880) Pause Young (Normal) (G1 Evacuation Pause) 3235M->2859M(3602M) 5.561ms
[2023-11-10T11:48:35.586-0800][76519218ms] GC(22880) User=0.00s Sys=0.00s Real=0.01s
[2023-11-10T11:48:36.025-0800][76519657ms] GC(22881) Pause Young (Normal) (G1 Evacuation Pause)
[2023-11-10T11:48:36.025-0800][76519657ms] GC(22881) Using 10 workers of 10 for evacuation
[2023-11-10T11:48:36.030-0800][76519662ms] GC(22881)   Pre Evacuate Collection Set: 0.0ms
[2023-11-10T11:48:36.030-0800][76519662ms] GC(22881)   Evacuate Collection Set: 1.8ms
[2023-11-10T11:48:36.030-0800][76519662ms] GC(22881)   Post Evacuate Collection Set: 3.5ms
[2023-11-10T11:48:36.030-0800][76519662ms] GC(22881)   Other: 0.3ms
[2023-11-10T11:48:36.030-0800][76519662ms] GC(22881) Eden regions: 188->0(188)
[2023-11-10T11:48:36.030-0800][76519662ms] GC(22881) Survivor regions: 1->1(24)
[2023-11-10T11:48:36.030-0800][76519662ms] GC(22881) Old regions: 1425->1425
[2023-11-10T11:48:36.030-0800][76519662ms] GC(22881) Humongous regions: 5->5
[2023-11-10T11:48:36.030-0800][76519662ms] GC(22881) Metaspace: 304921K->304921K(1349632K)
[2023-11-10T11:48:36.030-0800][76519662ms] GC(22881) Pause Young (Normal) (G1 Evacuation Pause) 3235M->2859M(3602M) 5.743ms
[2023-11-10T11:48:36.030-0800][76519662ms] GC(22881) User=0.00s Sys=0.00s Real=0.00s
[2023-11-10T11:48:36.484-0800][76520116ms] GC(22882) Pause Young (Normal) (G1 Evacuation Pause)
[2023-11-10T11:48:36.484-0800][76520116ms] GC(22882) Using 10 workers of 10 for evacuation
[2023-11-10T11:48:36.491-0800][76520123ms] GC(22882)   Pre Evacuate Collection Set: 0.1ms
[2023-11-10T11:48:36.491-0800][76520123ms] GC(22882)   Evacuate Collection Set: 2.3ms
[2023-11-10T11:48:36.491-0800][76520123ms] GC(22882)   Post Evacuate Collection Set: 3.8ms
[2023-11-10T11:48:36.491-0800][76520123ms] GC(22882)   Other: 0.3ms
[2023-11-10T11:48:36.491-0800][76520123ms] GC(22882) Eden regions: 188->0(188)
[2023-11-10T11:48:36.491-0800][76520123ms] GC(22882) Survivor regions: 1->1(24)
[2023-11-10T11:48:36.491-0800][76520123ms] GC(22882) Old regions: 1425->1425
[2023-11-10T11:48:36.491-0800][76520123ms] GC(22882) Humongous regions: 5->5
[2023-11-10T11:48:36.491-0800][76520123ms] GC(22882) Metaspace: 304921K->304921K(1349632K)
[2023-11-10T11:48:36.491-0800][76520123ms] GC(22882) Pause Young (Normal) (G1 Evacuation Pause) 3235M->2859M(3602M) 6.641ms
[2023-11-10T11:48:36.491-0800][76520123ms] GC(22882) User=0.00s Sys=0.00s Real=0.01s
[2023-11-10T11:48:36.921-0800][76520553ms] GC(22883) Pause Young (Normal) (G1 Evacuation Pause)
[2023-11-10T11:48:36.921-0800][76520553ms] GC(22883) Using 10 workers of 10 for evacuation
[2023-11-10T11:48:36.927-0800][76520559ms] GC(22883)   Pre Evacuate Collection Set: 0.0ms
[2023-11-10T11:48:36.927-0800][76520559ms] GC(22883)   Evacuate Collection Set: 1.9ms
[2023-11-10T11:48:36.927-0800][76520559ms] GC(22883)   Post Evacuate Collection Set: 3.2ms
[2023-11-10T11:48:36.927-0800][76520559ms] GC(22883)   Other: 0.3ms
[2023-11-10T11:48:36.927-0800][76520559ms] GC(22883) Eden regions: 188->0(188)
[2023-11-10T11:48:36.927-0800][76520559ms] GC(22883) Survivor regions: 1->1(24)
[2023-11-10T11:48:36.927-0800][76520559ms] GC(22883) Old regions: 1425->1425
[2023-11-10T11:48:36.927-0800][76520559ms] GC(22883) Humongous regions: 5->5
[2023-11-10T11:48:36.927-0800][76520559ms] GC(22883) Metaspace: 304921K->304921K(1349632K)
[2023-11-10T11:48:36.927-0800][76520559ms] GC(22883) Pause Young (Normal) (G1 Evacuation Pause) 3235M->2859M(3602M) 5.565ms
[2023-11-10T11:48:36.927-0800][76520559ms] GC(22883) User=0.00s Sys=0.00s Real=0.01s
[2023-11-10T11:48:37.409-0800][76521041ms] GC(22884) Pause Young (Normal) (G1 Evacuation Pause)
[2023-11-10T11:48:37.409-0800][76521041ms] GC(22884) Using 10 workers of 10 for evacuation
[2023-11-10T11:48:37.416-0800][76521048ms] GC(22884)   Pre Evacuate Collection Set: 0.0ms
[2023-11-10T11:48:37.416-0800][76521048ms] GC(22884)   Evacuate Collection Set: 2.4ms
[2023-11-10T11:48:37.416-0800][76521048ms] GC(22884)   Post Evacuate Collection Set: 3.5ms
[2023-11-10T11:48:37.416-0800][76521048ms] GC(22884)   Other: 0.3ms
[2023-11-10T11:48:37.416-0800][76521048ms] GC(22884) Eden regions: 188->0(188)
[2023-11-10T11:48:37.416-0800][76521048ms] GC(22884) Survivor regions: 1->1(24)
[2023-11-10T11:48:37.416-0800][76521048ms] GC(22884) Old regions: 1425->1425
[2023-11-10T11:48:37.416-0800][76521048ms] GC(22884) Humongous regions: 5->5
[2023-11-10T11:48:37.416-0800][76521048ms] GC(22884) Metaspace: 304921K->304921K(1349632K)
[2023-11-10T11:48:37.416-0800][76521048ms] GC(22884) Pause Young (Normal) (G1 Evacuation Pause) 3235M->2860M(3602M) 6.356ms
[2023-11-10T11:48:37.416-0800][76521048ms] GC(22884) User=0.00s Sys=0.00s Real=0.01s
[2023-11-10T11:48:37.870-0800][76521502ms] GC(22885) Pause Young (Normal) (G1 Evacuation Pause)
[2023-11-10T11:48:37.870-0800][76521502ms] GC(22885) Using 10 workers of 10 for evacuation
[2023-11-10T11:48:37.875-0800][76521507ms] GC(22885)   Pre Evacuate Collection Set: 0.0ms
[2023-11-10T11:48:37.875-0800][76521507ms] GC(22885)   Evacuate Collection Set: 1.7ms
[2023-11-10T11:48:37.875-0800][76521507ms] GC(22885)   Post Evacuate Collection Set: 3.2ms
[2023-11-10T11:48:37.875-0800][76521507ms] GC(22885)   Other: 0.3ms
[2023-11-10T11:48:37.875-0800][76521507ms] GC(22885) Eden regions: 188->0(188)
[2023-11-10T11:48:37.875-0800][76521507ms] GC(22885) Survivor regions: 1->1(24)
[2023-11-10T11:48:37.875-0800][76521507ms] GC(22885) Old regions: 1425->1425
[2023-11-10T11:48:37.875-0800][76521507ms] GC(22885) Humongous regions: 5->5
[2023-11-10T11:48:37.875-0800][76521507ms] GC(22885) Metaspace: 304921K->304921K(1349632K)
[2023-11-10T11:48:37.875-0800][76521507ms] GC(22885) Pause Young (Normal) (G1 Evacuation Pause) 3236M->2860M(3602M) 5.390ms
[2023-11-10T11:48:37.875-0800][76521507ms] GC(22885) User=0.00s Sys=0.00s Real=0.01s
[2023-11-10T11:48:38.382-0800][76522014ms] GC(22886) Pause Young (Normal) (G1 Evacuation Pause)
[2023-11-10T11:48:38.382-0800][76522014ms] GC(22886) Using 10 workers of 10 for evacuation
[2023-11-10T11:48:38.388-0800][76522020ms] GC(22886)   Pre Evacuate Collection Set: 0.0ms
[2023-11-10T11:48:38.388-0800][76522020ms] GC(22886)   Evacuate Collection Set: 1.9ms
[2023-11-10T11:48:38.388-0800][76522020ms] GC(22886)   Post Evacuate Collection Set: 3.9ms
[2023-11-10T11:48:38.388-0800][76522020ms] GC(22886)   Other: 0.3ms
[2023-11-10T11:48:38.388-0800][76522020ms] GC(22886) Eden regions: 188->0(188)
[2023-11-10T11:48:38.388-0800][76522020ms] GC(22886) Survivor regions: 1->1(24)
[2023-11-10T11:48:38.388-0800][76522020ms] GC(22886) Old regions: 1425->1425
[2023-11-10T11:48:38.388-0800][76522020ms] GC(22886) Humongous regions: 5->5
[2023-11-10T11:48:38.388-0800][76522020ms] GC(22886) Metaspace: 304921K->304921K(1349632K)
[2023-11-10T11:48:38.388-0800][76522020ms] GC(22886) Pause Young (Normal) (G1 Evacuation Pause) 3236M->2860M(3602M) 6.143ms
[2023-11-10T11:48:38.388-0800][76522020ms] GC(22886) User=0.00s Sys=0.00s Real=0.01s
[2023-11-10T11:48:38.836-0800][76522468ms] GC(22887) Pause Young (Normal) (G1 Evacuation Pause)
[2023-11-10T11:48:38.836-0800][76522468ms] GC(22887) Using 10 workers of 10 for evacuation
[2023-11-10T11:48:38.842-0800][76522474ms] GC(22887)   Pre Evacuate Collection Set: 0.1ms
[2023-11-10T11:48:38.842-0800][76522474ms] GC(22887)   Evacuate Collection Set: 2.0ms
[2023-11-10T11:48:38.842-0800][76522474ms] GC(22887)   Post Evacuate Collection Set: 3.3ms
[2023-11-10T11:48:38.842-0800][76522474ms] GC(22887)   Other: 0.3ms
[2023-11-10T11:48:38.842-0800][76522474ms] GC(22887) Eden regions: 188->0(188)
[2023-11-10T11:48:38.842-0800][76522474ms] GC(22887) Survivor regions: 1->1(24)
[2023-11-10T11:48:38.842-0800][76522474ms] GC(22887) Old regions: 1425->1425
[2023-11-10T11:48:38.842-0800][76522474ms] GC(22887) Humongous regions: 5->5
[2023-11-10T11:48:38.842-0800][76522474ms] GC(22887) Metaspace: 304921K->304921K(1349632K)
[2023-11-10T11:48:38.842-0800][76522474ms] GC(22887) Pause Young (Normal) (G1 Evacuation Pause) 3236M->2860M(3602M) 5.812ms
[2023-11-10T11:48:38.842-0800][76522474ms] GC(22887) User=0.00s Sys=0.00s Real=0.01s
[2023-11-10T11:48:39.316-0800][76522948ms] GC(22888) Pause Young (Normal) (G1 Evacuation Pause)
[2023-11-10T11:48:39.316-0800][76522948ms] GC(22888) Using 10 workers of 10 for evacuation
[2023-11-10T11:48:39.321-0800][76522953ms] GC(22888)   Pre Evacuate Collection Set: 0.0ms
[2023-11-10T11:48:39.321-0800][76522953ms] GC(22888)   Evacuate Collection Set: 1.7ms
[2023-11-10T11:48:39.321-0800][76522953ms] GC(22888)   Post Evacuate Collection Set: 3.1ms
[2023-11-10T11:48:39.321-0800][76522953ms] GC(22888)   Other: 0.2ms
[2023-11-10T11:48:39.321-0800][76522953ms] GC(22888) Eden regions: 188->0(188)
[2023-11-10T11:48:39.321-0800][76522953ms] GC(22888) Survivor regions: 1->1(24)
[2023-11-10T11:48:39.321-0800][76522953ms] GC(22888) Old regions: 1425->1425
[2023-11-10T11:48:39.321-0800][76522953ms] GC(22888) Humongous regions: 5->5
[2023-11-10T11:48:39.321-0800][76522953ms] GC(22888) Metaspace: 304921K->304921K(1349632K)
[2023-11-10T11:48:39.321-0800][76522953ms] GC(22888) Pause Young (Normal) (G1 Evacuation Pause) 3236M->2860M(3602M) 5.175ms
[2023-11-10T11:48:39.321-0800][76522953ms] GC(22888) User=0.00s Sys=0.00s Real=0.01s
[2023-11-10T11:48:39.798-0800][76523430ms] GC(22889) Pause Young (Normal) (G1 Evacuation Pause)
[2023-11-10T11:48:39.798-0800][76523430ms] GC(22889) Using 10 workers of 10 for evacuation
[2023-11-10T11:48:39.803-0800][76523435ms] GC(22889)   Pre Evacuate Collection Set: 0.1ms
[2023-11-10T11:48:39.803-0800][76523435ms] GC(22889)   Evacuate Collection Set: 1.7ms
[2023-11-10T11:48:39.803-0800][76523435ms] GC(22889)   Post Evacuate Collection Set: 3.0ms
[2023-11-10T11:48:39.803-0800][76523435ms] GC(22889)   Other: 0.3ms
[2023-11-10T11:48:39.803-0800][76523435ms] GC(22889) Eden regions: 188->0(188)
[2023-11-10T11:48:39.803-0800][76523435ms] GC(22889) Survivor regions: 1->1(24)
[2023-11-10T11:48:39.803-0800][76523435ms] GC(22889) Old regions: 1425->1425
[2023-11-10T11:48:39.803-0800][76523435ms] GC(22889) Humongous regions: 5->5
[2023-11-10T11:48:39.803-0800][76523435ms] GC(22889) Metaspace: 304921K->304921K(1349632K)
[2023-11-10T11:48:39.803-0800][76523435ms] GC(22889) Pause Young (Normal) (G1 Evacuation Pause) 3236M->2860M(3602M) 5.124ms
[2023-11-10T11:48:39.803-0800][76523435ms] GC(22889) User=0.00s Sys=0.00s Real=0.00s
[2023-11-10T11:48:40.170-0800][76523802ms] GC(22890) Pause Young (Normal) (G1 Evacuation Pause)
[2023-11-10T11:48:40.170-0800][76523802ms] GC(22890) Using 10 workers of 10 for evacuation
[2023-11-10T11:48:40.175-0800][76523807ms] GC(22890)   Pre Evacuate Collection Set: 0.0ms
[2023-11-10T11:48:40.175-0800][76523807ms] GC(22890)   Evacuate Collection Set: 1.7ms
[2023-11-10T11:48:40.175-0800][76523807ms] GC(22890)   Post Evacuate Collection Set: 3.6ms
[2023-11-10T11:48:40.175-0800][76523807ms] GC(22890)   Other: 0.2ms
[2023-11-10T11:48:40.175-0800][76523807ms] GC(22890) Eden regions: 188->0(187)
[2023-11-10T11:48:40.175-0800][76523807ms] GC(22890) Survivor regions: 1->1(24)
[2023-11-10T11:48:40.176-0800][76523808ms] GC(22890) Old regions: 1425->1425
[2023-11-10T11:48:40.176-0800][76523808ms] GC(22890) Humongous regions: 5->5
[2023-11-10T11:48:40.176-0800][76523808ms] GC(22890) Metaspace: 304921K->304921K(1349632K)
[2023-11-10T11:48:40.176-0800][76523808ms] GC(22890) Pause Young (Normal) (G1 Evacuation Pause) 3236M->2861M(3602M) 5.671ms
[2023-11-10T11:48:40.176-0800][76523808ms] GC(22890) User=0.00s Sys=0.00s Real=0.01s
[2023-11-10T11:48:40.603-0800][76524235ms] GC(22891) Pause Young (Normal) (G1 Evacuation Pause)
[2023-11-10T11:48:40.603-0800][76524235ms] GC(22891) Using 10 workers of 10 for evacuation
[2023-11-10T11:48:40.608-0800][76524240ms] GC(22891)   Pre Evacuate Collection Set: 0.0ms
[2023-11-10T11:48:40.608-0800][76524240ms] GC(22891)   Evacuate Collection Set: 1.8ms
[2023-11-10T11:48:40.608-0800][76524240ms] GC(22891)   Post Evacuate Collection Set: 3.1ms
[2023-11-10T11:48:40.608-0800][76524240ms] GC(22891)   Other: 0.3ms
[2023-11-10T11:48:40.608-0800][76524240ms] GC(22891) Eden regions: 187->0(187)
[2023-11-10T11:48:40.608-0800][76524240ms] GC(22891) Survivor regions: 1->1(24)
[2023-11-10T11:48:40.608-0800][76524240ms] GC(22891) Old regions: 1425->1425
[2023-11-10T11:48:40.608-0800][76524240ms] GC(22891) Humongous regions: 5->5
[2023-11-10T11:48:40.608-0800][76524240ms] GC(22891) Metaspace: 304921K->304921K(1349632K)
[2023-11-10T11:48:40.608-0800][76524240ms] GC(22891) Pause Young (Normal) (G1 Evacuation Pause) 3235M->2860M(3602M) 5.337ms
[2023-11-10T11:48:40.608-0800][76524240ms] GC(22891) User=0.00s Sys=0.00s Real=0.01s
[2023-11-10T11:48:41.078-0800][76524710ms] GC(22892) Pause Young (Normal) (G1 Evacuation Pause)
[2023-11-10T11:48:41.079-0800][76524711ms] GC(22892) Using 10 workers of 10 for evacuation
[2023-11-10T11:48:41.084-0800][76524716ms] GC(22892)   Pre Evacuate Collection Set: 0.0ms
[2023-11-10T11:48:41.084-0800][76524716ms] GC(22892)   Evacuate Collection Set: 1.7ms
[2023-11-10T11:48:41.084-0800][76524716ms] GC(22892)   Post Evacuate Collection Set: 3.1ms
[2023-11-10T11:48:41.084-0800][76524716ms] GC(22892)   Other: 0.4ms
[2023-11-10T11:48:41.084-0800][76524716ms] GC(22892) Eden regions: 187->0(187)
[2023-11-10T11:48:41.084-0800][76524716ms] GC(22892) Survivor regions: 1->1(24)
[2023-11-10T11:48:41.084-0800][76524716ms] GC(22892) Old regions: 1425->1425
[2023-11-10T11:48:41.084-0800][76524716ms] GC(22892) Humongous regions: 5->5
[2023-11-10T11:48:41.084-0800][76524716ms] GC(22892) Metaspace: 304921K->304921K(1349632K)
[2023-11-10T11:48:41.084-0800][76524716ms] GC(22892) Pause Young (Normal) (G1 Evacuation Pause) 3234M->2860M(3602M) 5.202ms
[2023-11-10T11:48:41.084-0800][76524716ms] GC(22892) User=0.00s Sys=0.00s Real=0.01s
[2023-11-10T11:48:41.475-0800][76525107ms] GC(22893) Pause Young (Normal) (G1 Evacuation Pause)
[2023-11-10T11:48:41.475-0800][76525107ms] GC(22893) Using 10 workers of 10 for evacuation
[2023-11-10T11:48:41.480-0800][76525112ms] GC(22893)   Pre Evacuate Collection Set: 0.0ms
[2023-11-10T11:48:41.480-0800][76525112ms] GC(22893)   Evacuate Collection Set: 1.8ms
[2023-11-10T11:48:41.480-0800][76525112ms] GC(22893)   Post Evacuate Collection Set: 3.1ms
[2023-11-10T11:48:41.480-0800][76525112ms] GC(22893)   Other: 0.3ms
[2023-11-10T11:48:41.480-0800][76525112ms] GC(22893) Eden regions: 187->0(187)
[2023-11-10T11:48:41.480-0800][76525112ms] GC(22893) Survivor regions: 1->1(24)
[2023-11-10T11:48:41.480-0800][76525112ms] GC(22893) Old regions: 1425->1425
[2023-11-10T11:48:41.480-0800][76525112ms] GC(22893) Humongous regions: 5->5
[2023-11-10T11:48:41.480-0800][76525112ms] GC(22893) Metaspace: 304921K->304921K(1349632K)
[2023-11-10T11:48:41.480-0800][76525112ms] GC(22893) Pause Young (Normal) (G1 Evacuation Pause) 3234M->2860M(3602M) 5.262ms
[2023-11-10T11:48:41.480-0800][76525112ms] GC(22893) User=0.06s Sys=0.00s Real=0.01s
[2023-11-10T11:48:41.938-0800][76525570ms] GC(22894) Pause Young (Normal) (G1 Evacuation Pause)
[2023-11-10T11:48:41.938-0800][76525570ms] GC(22894) Using 10 workers of 10 for evacuation
[2023-11-10T11:48:41.942-0800][76525574ms] GC(22894)   Pre Evacuate Collection Set: 0.0ms
[2023-11-10T11:48:41.942-0800][76525574ms] GC(22894)   Evacuate Collection Set: 1.7ms
[2023-11-10T11:48:41.942-0800][76525574ms] GC(22894)   Post Evacuate Collection Set: 3.3ms
[2023-11-10T11:48:41.942-0800][76525574ms] GC(22894)   Other: 0.3ms
[2023-11-10T11:48:41.942-0800][76525574ms] GC(22894) Eden regions: 187->0(187)
[2023-11-10T11:48:41.942-0800][76525574ms] GC(22894) Survivor regions: 1->1(24)
[2023-11-10T11:48:41.942-0800][76525574ms] GC(22894) Old regions: 1425->1425
[2023-11-10T11:48:41.942-0800][76525574ms] GC(22894) Humongous regions: 5->5
[2023-11-10T11:48:41.942-0800][76525574ms] GC(22894) Metaspace: 304921K->304921K(1349632K)
[2023-11-10T11:48:41.942-0800][76525574ms] GC(22894) Pause Young (Normal) (G1 Evacuation Pause) 3234M->2860M(3602M) 5.365ms
[2023-11-10T11:48:41.942-0800][76525574ms] GC(22894) User=0.00s Sys=0.00s Real=0.00s
[2023-11-10T11:48:42.425-0800][76526057ms] GC(22895) Pause Young (Normal) (G1 Evacuation Pause)
[2023-11-10T11:48:42.425-0800][76526057ms] GC(22895) Using 10 workers of 10 for evacuation
[2023-11-10T11:48:42.430-0800][76526062ms] GC(22895)   Pre Evacuate Collection Set: 0.0ms
[2023-11-10T11:48:42.430-0800][76526062ms] GC(22895)   Evacuate Collection Set: 1.8ms
[2023-11-10T11:48:42.430-0800][76526062ms] GC(22895)   Post Evacuate Collection Set: 3.1ms
[2023-11-10T11:48:42.430-0800][76526062ms] GC(22895)   Other: 0.3ms
[2023-11-10T11:48:42.430-0800][76526062ms] GC(22895) Eden regions: 187->0(187)
[2023-11-10T11:48:42.430-0800][76526062ms] GC(22895) Survivor regions: 1->1(24)
[2023-11-10T11:48:42.430-0800][76526062ms] GC(22895) Old regions: 1425->1425
[2023-11-10T11:48:42.430-0800][76526062ms] GC(22895) Humongous regions: 5->5
[2023-11-10T11:48:42.430-0800][76526062ms] GC(22895) Metaspace: 304921K->304921K(1349632K)
[2023-11-10T11:48:42.430-0800][76526062ms] GC(22895) Pause Young (Normal) (G1 Evacuation Pause) 3234M->2860M(3602M) 5.300ms
[2023-11-10T11:48:42.430-0800][76526062ms] GC(22895) User=0.00s Sys=0.00s Real=0.01s
[2023-11-10T11:48:42.858-0800][76526490ms] GC(22896) Pause Young (Normal) (G1 Evacuation Pause)
[2023-11-10T11:48:42.858-0800][76526490ms] GC(22896) Using 10 workers of 10 for evacuation
[2023-11-10T11:48:42.863-0800][76526495ms] GC(22896)   Pre Evacuate Collection Set: 0.0ms
[2023-11-10T11:48:42.863-0800][76526495ms] GC(22896)   Evacuate Collection Set: 1.7ms
[2023-11-10T11:48:42.863-0800][76526495ms] GC(22896)   Post Evacuate Collection Set: 3.3ms
[2023-11-10T11:48:42.863-0800][76526495ms] GC(22896)   Other: 0.2ms
[2023-11-10T11:48:42.863-0800][76526495ms] GC(22896) Eden regions: 187->0(187)
[2023-11-10T11:48:42.863-0800][76526495ms] GC(22896) Survivor regions: 1->1(24)
[2023-11-10T11:48:42.863-0800][76526495ms] GC(22896) Old regions: 1425->1425
[2023-11-10T11:48:42.863-0800][76526495ms] GC(22896) Humongous regions: 5->5
[2023-11-10T11:48:42.863-0800][76526495ms] GC(22896) Metaspace: 304921K->304921K(1349632K)
[2023-11-10T11:48:42.863-0800][76526495ms] GC(22896) Pause Young (Normal) (G1 Evacuation Pause) 3234M->2860M(3602M) 5.373ms
[2023-11-10T11:48:42.863-0800][76526495ms] GC(22896) User=0.00s Sys=0.00s Real=0.00s
[2023-11-10T11:48:43.335-0800][76526967ms] GC(22897) Pause Young (Normal) (G1 Evacuation Pause)
[2023-11-10T11:48:43.335-0800][76526967ms] GC(22897) Using 10 workers of 10 for evacuation
[2023-11-10T11:48:43.339-0800][76526971ms] GC(22897)   Pre Evacuate Collection Set: 0.0ms
[2023-11-10T11:48:43.340-0800][76526972ms] GC(22897)   Evacuate Collection Set: 1.7ms
[2023-11-10T11:48:43.340-0800][76526972ms] GC(22897)   Post Evacuate Collection Set: 3.1ms
[2023-11-10T11:48:43.340-0800][76526972ms] GC(22897)   Other: 0.3ms
[2023-11-10T11:48:43.340-0800][76526972ms] GC(22897) Eden regions: 187->0(187)
[2023-11-10T11:48:43.340-0800][76526972ms] GC(22897) Survivor regions: 1->1(24)
[2023-11-10T11:48:43.340-0800][76526972ms] GC(22897) Old regions: 1425->1425
[2023-11-10T11:48:43.340-0800][76526972ms] GC(22897) Humongous regions: 5->5
[2023-11-10T11:48:43.340-0800][76526972ms] GC(22897) Metaspace: 304921K->304921K(1349632K)
[2023-11-10T11:48:43.340-0800][76526972ms] GC(22897) Pause Young (Normal) (G1 Evacuation Pause) 3234M->2860M(3602M) 5.198ms
[2023-11-10T11:48:43.340-0800][76526972ms] GC(22897) User=0.00s Sys=0.00s Real=0.00s
[2023-11-10T11:48:43.782-0800][76527414ms] GC(22898) Pause Young (Normal) (G1 Evacuation Pause)
[2023-11-10T11:48:43.782-0800][76527414ms] GC(22898) Using 10 workers of 10 for evacuation
[2023-11-10T11:48:43.787-0800][76527419ms] GC(22898)   Pre Evacuate Collection Set: 0.0ms
[2023-11-10T11:48:43.788-0800][76527420ms] GC(22898)   Evacuate Collection Set: 1.6ms
[2023-11-10T11:48:43.788-0800][76527420ms] GC(22898)   Post Evacuate Collection Set: 2.8ms
[2023-11-10T11:48:43.788-0800][76527420ms] GC(22898)   Other: 0.3ms
[2023-11-10T11:48:43.788-0800][76527420ms] GC(22898) Eden regions: 187->0(187)
[2023-11-10T11:48:43.788-0800][76527420ms] GC(22898) Survivor regions: 1->1(24)
[2023-11-10T11:48:43.788-0800][76527420ms] GC(22898) Old regions: 1425->1425
[2023-11-10T11:48:43.788-0800][76527420ms] GC(22898) Humongous regions: 5->5
[2023-11-10T11:48:43.788-0800][76527420ms] GC(22898) Metaspace: 304921K->304921K(1349632K)
[2023-11-10T11:48:43.788-0800][76527420ms] GC(22898) Pause Young (Normal) (G1 Evacuation Pause) 3234M->2860M(3602M) 4.951ms
[2023-11-10T11:48:43.788-0800][76527420ms] GC(22898) User=0.00s Sys=0.00s Real=0.01s
[2023-11-10T11:48:44.254-0800][76527886ms] GC(22899) Pause Young (Normal) (G1 Evacuation Pause)
[2023-11-10T11:48:44.254-0800][76527886ms] GC(22899) Using 10 workers of 10 for evacuation
[2023-11-10T11:48:44.258-0800][76527891ms] GC(22899)   Pre Evacuate Collection Set: 0.0ms
[2023-11-10T11:48:44.259-0800][76527891ms] GC(22899)   Evacuate Collection Set: 1.9ms
[2023-11-10T11:48:44.259-0800][76527891ms] GC(22899)   Post Evacuate Collection Set: 2.9ms
[2023-11-10T11:48:44.259-0800][76527891ms] GC(22899)   Other: 0.2ms
[2023-11-10T11:48:44.259-0800][76527891ms] GC(22899) Eden regions: 187->0(187)
[2023-11-10T11:48:44.259-0800][76527891ms] GC(22899) Survivor regions: 1->1(24)
[2023-11-10T11:48:44.259-0800][76527891ms] GC(22899) Old regions: 1425->1425
[2023-11-10T11:48:44.259-0800][76527891ms] GC(22899) Humongous regions: 5->5
[2023-11-10T11:48:44.259-0800][76527891ms] GC(22899) Metaspace: 304921K->304921K(1349632K)
[2023-11-10T11:48:44.259-0800][76527891ms] GC(22899) Pause Young (Normal) (G1 Evacuation Pause) 3234M->2860M(3602M) 5.255ms
[2023-11-10T11:48:44.259-0800][76527891ms] GC(22899) User=0.00s Sys=0.00s Real=0.01s
[2023-11-10T11:48:44.767-0800][76528399ms] GC(22900) Pause Young (Normal) (G1 Evacuation Pause)
[2023-11-10T11:48:44.767-0800][76528399ms] GC(22900) Using 10 workers of 10 for evacuation
[2023-11-10T11:48:44.773-0800][76528405ms] GC(22900)   Pre Evacuate Collection Set: 0.1ms
[2023-11-10T11:48:44.773-0800][76528405ms] GC(22900)   Evacuate Collection Set: 1.9ms
[2023-11-10T11:48:44.773-0800][76528405ms] GC(22900)   Post Evacuate Collection Set: 3.7ms
[2023-11-10T11:48:44.773-0800][76528405ms] GC(22900)   Other: 0.4ms
[2023-11-10T11:48:44.773-0800][76528405ms] GC(22900) Eden regions: 187->0(186)
[2023-11-10T11:48:44.773-0800][76528405ms] GC(22900) Survivor regions: 1->1(24)
[2023-11-10T11:48:44.773-0800][76528405ms] GC(22900) Old regions: 1425->1426
[2023-11-10T11:48:44.773-0800][76528405ms] GC(22900) Humongous regions: 5->5
[2023-11-10T11:48:44.773-0800][76528405ms] GC(22900) Metaspace: 304921K->304921K(1349632K)
[2023-11-10T11:48:44.773-0800][76528405ms] GC(22900) Pause Young (Normal) (G1 Evacuation Pause) 3234M->2861M(3602M) 6.218ms
[2023-11-10T11:48:44.773-0800][76528405ms] GC(22900) User=0.00s Sys=0.00s Real=0.01s
[2023-11-10T11:48:45.195-0800][76528827ms] GC(22901) Pause Young (Normal) (G1 Evacuation Pause)
[2023-11-10T11:48:45.195-0800][76528827ms] GC(22901) Using 10 workers of 10 for evacuation
[2023-11-10T11:48:45.200-0800][76528832ms] GC(22901)   Pre Evacuate Collection Set: 0.0ms
[2023-11-10T11:48:45.200-0800][76528832ms] GC(22901)   Evacuate Collection Set: 1.8ms
[2023-11-10T11:48:45.200-0800][76528832ms] GC(22901)   Post Evacuate Collection Set: 3.9ms
[2023-11-10T11:48:45.200-0800][76528832ms] GC(22901)   Other: 0.3ms
[2023-11-10T11:48:45.200-0800][76528832ms] GC(22901) Eden regions: 186->0(186)
[2023-11-10T11:48:45.200-0800][76528832ms] GC(22901) Survivor regions: 1->1(24)
[2023-11-10T11:48:45.200-0800][76528832ms] GC(22901) Old regions: 1426->1426
[2023-11-10T11:48:45.200-0800][76528832ms] GC(22901) Humongous regions: 5->5
[2023-11-10T11:48:45.200-0800][76528832ms] GC(22901) Metaspace: 304921K->304921K(1349632K)
[2023-11-10T11:48:45.200-0800][76528832ms] GC(22901) Pause Young (Normal) (G1 Evacuation Pause) 3233M->2860M(3602M) 6.099ms
[2023-11-10T11:48:45.200-0800][76528832ms] GC(22901) User=0.00s Sys=0.00s Real=0.01s
[2023-11-10T11:48:45.591-0800][76529223ms] GC(22902) Pause Young (Normal) (G1 Evacuation Pause)
[2023-11-10T11:48:45.591-0800][76529223ms] GC(22902) Using 10 workers of 10 for evacuation
[2023-11-10T11:48:45.598-0800][76529230ms] GC(22902)   Pre Evacuate Collection Set: 0.1ms
[2023-11-10T11:48:45.598-0800][76529230ms] GC(22902)   Evacuate Collection Set: 1.6ms
[2023-11-10T11:48:45.598-0800][76529230ms] GC(22902)   Post Evacuate Collection Set: 5.3ms
[2023-11-10T11:48:45.598-0800][76529230ms] GC(22902)   Other: 0.4ms
[2023-11-10T11:48:45.598-0800][76529230ms] GC(22902) Eden regions: 186->0(186)
[2023-11-10T11:48:45.598-0800][76529230ms] GC(22902) Survivor regions: 1->1(24)
[2023-11-10T11:48:45.598-0800][76529230ms] GC(22902) Old regions: 1426->1426
[2023-11-10T11:48:45.598-0800][76529230ms] GC(22902) Humongous regions: 5->5
[2023-11-10T11:48:45.598-0800][76529230ms] GC(22902) Metaspace: 304921K->304921K(1349632K)
[2023-11-10T11:48:45.598-0800][76529230ms] GC(22902) Pause Young (Normal) (G1 Evacuation Pause) 3232M->2860M(3602M) 7.540ms
[2023-11-10T11:48:45.598-0800][76529230ms] GC(22902) User=0.00s Sys=0.00s Real=0.01s
[2023-11-10T11:48:46.045-0800][76529677ms] GC(22903) Pause Young (Normal) (G1 Evacuation Pause)
[2023-11-10T11:48:46.045-0800][76529677ms] GC(22903) Using 10 workers of 10 for evacuation
[2023-11-10T11:48:46.051-0800][76529683ms] GC(22903)   Pre Evacuate Collection Set: 0.1ms
[2023-11-10T11:48:46.051-0800][76529683ms] GC(22903)   Evacuate Collection Set: 1.7ms
[2023-11-10T11:48:46.051-0800][76529683ms] GC(22903)   Post Evacuate Collection Set: 3.9ms
[2023-11-10T11:48:46.051-0800][76529683ms] GC(22903)   Other: 0.4ms
[2023-11-10T11:48:46.051-0800][76529683ms] GC(22903) Eden regions: 186->0(187)
[2023-11-10T11:48:46.051-0800][76529683ms] GC(22903) Survivor regions: 1->1(24)
[2023-11-10T11:48:46.051-0800][76529683ms] GC(22903) Old regions: 1426->1426
[2023-11-10T11:48:46.051-0800][76529683ms] GC(22903) Humongous regions: 5->5
[2023-11-10T11:48:46.051-0800][76529683ms] GC(22903) Metaspace: 304921K->304921K(1349632K)
[2023-11-10T11:48:46.051-0800][76529683ms] GC(22903) Pause Young (Normal) (G1 Evacuation Pause) 3232M->2860M(3602M) 6.212ms
[2023-11-10T11:48:46.051-0800][76529683ms] GC(22903) User=0.00s Sys=0.00s Real=0.01s
[2023-11-10T11:48:46.475-0800][76530107ms] GC(22904) Pause Young (Normal) (G1 Evacuation Pause)
[2023-11-10T11:48:46.475-0800][76530107ms] GC(22904) Using 10 workers of 10 for evacuation
[2023-11-10T11:48:46.481-0800][76530113ms] GC(22904)   Pre Evacuate Collection Set: 0.0ms
[2023-11-10T11:48:46.481-0800][76530113ms] GC(22904)   Evacuate Collection Set: 2.0ms
[2023-11-10T11:48:46.481-0800][76530113ms] GC(22904)   Post Evacuate Collection Set: 3.3ms
[2023-11-10T11:48:46.481-0800][76530113ms] GC(22904)   Other: 0.3ms
[2023-11-10T11:48:46.481-0800][76530113ms] GC(22904) Eden regions: 187->0(187)
[2023-11-10T11:48:46.481-0800][76530113ms] GC(22904) Survivor regions: 1->1(24)
[2023-11-10T11:48:46.481-0800][76530113ms] GC(22904) Old regions: 1426->1426
[2023-11-10T11:48:46.482-0800][76530114ms] GC(22904) Humongous regions: 5->5
[2023-11-10T11:48:46.482-0800][76530114ms] GC(22904) Metaspace: 304921K->304921K(1349632K)
[2023-11-10T11:48:46.482-0800][76530114ms] GC(22904) Pause Young (Normal) (G1 Evacuation Pause) 3234M->2860M(3602M) 5.813ms
[2023-11-10T11:48:46.482-0800][76530114ms] GC(22904) User=0.00s Sys=0.00s Real=0.01s
[2023-11-10T11:48:46.928-0800][76530560ms] GC(22905) Pause Young (Normal) (G1 Evacuation Pause)
[2023-11-10T11:48:46.928-0800][76530560ms] GC(22905) Using 10 workers of 10 for evacuation
[2023-11-10T11:48:46.934-0800][76530566ms] GC(22905)   Pre Evacuate Collection Set: 0.1ms
[2023-11-10T11:48:46.934-0800][76530566ms] GC(22905)   Evacuate Collection Set: 2.0ms
[2023-11-10T11:48:46.934-0800][76530566ms] GC(22905)   Post Evacuate Collection Set: 3.8ms
[2023-11-10T11:48:46.934-0800][76530566ms] GC(22905)   Other: 0.4ms
[2023-11-10T11:48:46.934-0800][76530566ms] GC(22905) Eden regions: 187->0(187)
[2023-11-10T11:48:46.934-0800][76530566ms] GC(22905) Survivor regions: 1->1(24)
[2023-11-10T11:48:46.934-0800][76530566ms] GC(22905) Old regions: 1426->1426
[2023-11-10T11:48:46.934-0800][76530566ms] GC(22905) Humongous regions: 5->5
[2023-11-10T11:48:46.934-0800][76530566ms] GC(22905) Metaspace: 304921K->304921K(1349632K)
[2023-11-10T11:48:46.934-0800][76530566ms] GC(22905) Pause Young (Normal) (G1 Evacuation Pause) 3234M->2860M(3602M) 6.477ms
[2023-11-10T11:48:46.934-0800][76530566ms] GC(22905) User=0.09s Sys=0.00s Real=0.01s
[2023-11-10T11:48:47.354-0800][76530986ms] GC(22906) Pause Young (Normal) (G1 Evacuation Pause)
[2023-11-10T11:48:47.354-0800][76530986ms] GC(22906) Using 10 workers of 10 for evacuation
[2023-11-10T11:48:47.360-0800][76530992ms] GC(22906)   Pre Evacuate Collection Set: 0.1ms
[2023-11-10T11:48:47.360-0800][76530992ms] GC(22906)   Evacuate Collection Set: 1.7ms
[2023-11-10T11:48:47.360-0800][76530992ms] GC(22906)   Post Evacuate Collection Set: 3.5ms
[2023-11-10T11:48:47.360-0800][76530992ms] GC(22906)   Other: 0.3ms
[2023-11-10T11:48:47.360-0800][76530992ms] GC(22906) Eden regions: 187->0(187)
[2023-11-10T11:48:47.360-0800][76530992ms] GC(22906) Survivor regions: 1->1(24)
[2023-11-10T11:48:47.360-0800][76530992ms] GC(22906) Old regions: 1426->1426
[2023-11-10T11:48:47.360-0800][76530992ms] GC(22906) Humongous regions: 5->5
[2023-11-10T11:48:47.360-0800][76530992ms] GC(22906) Metaspace: 304921K->304921K(1349632K)
[2023-11-10T11:48:47.360-0800][76530992ms] GC(22906) Pause Young (Normal) (G1 Evacuation Pause) 3234M->2860M(3602M) 5.583ms
[2023-11-10T11:48:47.360-0800][76530992ms] GC(22906) User=0.00s Sys=0.00s Real=0.01s
[2023-11-10T11:48:47.834-0800][76531466ms] GC(22907) Pause Young (Normal) (G1 Evacuation Pause)
[2023-11-10T11:48:47.834-0800][76531466ms] GC(22907) Using 10 workers of 10 for evacuation
[2023-11-10T11:48:47.839-0800][76531471ms] GC(22907)   Pre Evacuate Collection Set: 0.0ms
[2023-11-10T11:48:47.839-0800][76531471ms] GC(22907)   Evacuate Collection Set: 2.3ms
[2023-11-10T11:48:47.839-0800][76531471ms] GC(22907)   Post Evacuate Collection Set: 3.6ms
[2023-11-10T11:48:47.839-0800][76531471ms] GC(22907)   Other: 0.3ms
[2023-11-10T11:48:47.839-0800][76531471ms] GC(22907) Eden regions: 187->0(187)
[2023-11-10T11:48:47.839-0800][76531471ms] GC(22907) Survivor regions: 1->1(24)
[2023-11-10T11:48:47.839-0800][76531471ms] GC(22907) Old regions: 1426->1426
[2023-11-10T11:48:47.839-0800][76531471ms] GC(22907) Humongous regions: 5->5
[2023-11-10T11:48:47.839-0800][76531471ms] GC(22907) Metaspace: 304921K->304921K(1349632K)
[2023-11-10T11:48:47.839-0800][76531471ms] GC(22907) Pause Young (Normal) (G1 Evacuation Pause) 3234M->2860M(3602M) 6.359ms
[2023-11-10T11:48:47.839-0800][76531471ms] GC(22907) User=0.00s Sys=0.00s Real=0.00s
[2023-11-10T11:48:48.328-0800][76531960ms] GC(22908) Pause Young (Normal) (G1 Evacuation Pause)
[2023-11-10T11:48:48.328-0800][76531960ms] GC(22908) Using 10 workers of 10 for evacuation
[2023-11-10T11:48:48.336-0800][76531968ms] GC(22908)   Pre Evacuate Collection Set: 0.1ms
[2023-11-10T11:48:48.336-0800][76531968ms] GC(22908)   Evacuate Collection Set: 2.2ms
[2023-11-10T11:48:48.336-0800][76531968ms] GC(22908)   Post Evacuate Collection Set: 4.7ms
[2023-11-10T11:48:48.336-0800][76531968ms] GC(22908)   Other: 0.4ms
[2023-11-10T11:48:48.336-0800][76531968ms] GC(22908) Eden regions: 187->0(187)
[2023-11-10T11:48:48.336-0800][76531968ms] GC(22908) Survivor regions: 1->1(24)
[2023-11-10T11:48:48.336-0800][76531968ms] GC(22908) Old regions: 1426->1426
[2023-11-10T11:48:48.336-0800][76531968ms] GC(22908) Humongous regions: 5->5
[2023-11-10T11:48:48.336-0800][76531968ms] GC(22908) Metaspace: 304921K->304921K(1349632K)
[2023-11-10T11:48:48.336-0800][76531968ms] GC(22908) Pause Young (Normal) (G1 Evacuation Pause) 3234M->2860M(3602M) 7.506ms
[2023-11-10T11:48:48.336-0800][76531968ms] GC(22908) User=0.00s Sys=0.00s Real=0.01s
[2023-11-10T11:48:48.796-0800][76532428ms] GC(22909) Pause Young (Normal) (G1 Evacuation Pause)
[2023-11-10T11:48:48.796-0800][76532428ms] GC(22909) Using 10 workers of 10 for evacuation
[2023-11-10T11:48:48.804-0800][76532436ms] GC(22909)   Pre Evacuate Collection Set: 0.0ms
[2023-11-10T11:48:48.804-0800][76532436ms] GC(22909)   Evacuate Collection Set: 2.7ms
[2023-11-10T11:48:48.804-0800][76532436ms] GC(22909)   Post Evacuate Collection Set: 5.1ms
[2023-11-10T11:48:48.804-0800][76532436ms] GC(22909)   Other: 0.3ms
[2023-11-10T11:48:48.804-0800][76532436ms] GC(22909) Eden regions: 187->0(187)
[2023-11-10T11:48:48.804-0800][76532436ms] GC(22909) Survivor regions: 1->1(24)
[2023-11-10T11:48:48.804-0800][76532436ms] GC(22909) Old regions: 1426->1426
[2023-11-10T11:48:48.804-0800][76532436ms] GC(22909) Humongous regions: 5->5
[2023-11-10T11:48:48.804-0800][76532436ms] GC(22909) Metaspace: 304921K->304921K(1349632K)
[2023-11-10T11:48:48.804-0800][76532436ms] GC(22909) Pause Young (Normal) (G1 Evacuation Pause) 3234M->2860M(3602M) 8.312ms
[2023-11-10T11:48:48.804-0800][76532436ms] GC(22909) User=0.00s Sys=0.00s Real=0.01s
[2023-11-10T11:48:49.262-0800][76532894ms] GC(22910) Pause Young (Normal) (G1 Evacuation Pause)
[2023-11-10T11:48:49.262-0800][76532894ms] GC(22910) Using 10 workers of 10 for evacuation
[2023-11-10T11:48:49.268-0800][76532900ms] GC(22910)   Pre Evacuate Collection Set: 0.0ms
[2023-11-10T11:48:49.268-0800][76532900ms] GC(22910)   Evacuate Collection Set: 1.9ms
[2023-11-10T11:48:49.268-0800][76532900ms] GC(22910)   Post Evacuate Collection Set: 3.5ms
[2023-11-10T11:48:49.268-0800][76532900ms] GC(22910)   Other: 0.3ms
[2023-11-10T11:48:49.268-0800][76532900ms] GC(22910) Eden regions: 187->0(187)
[2023-11-10T11:48:49.268-0800][76532900ms] GC(22910) Survivor regions: 1->1(24)
[2023-11-10T11:48:49.268-0800][76532900ms] GC(22910) Old regions: 1426->1426
[2023-11-10T11:48:49.268-0800][76532900ms] GC(22910) Humongous regions: 5->5
[2023-11-10T11:48:49.268-0800][76532900ms] GC(22910) Metaspace: 304921K->304921K(1349632K)
[2023-11-10T11:48:49.268-0800][76532900ms] GC(22910) Pause Young (Normal) (G1 Evacuation Pause) 3234M->2860M(3602M) 5.837ms
[2023-11-10T11:48:49.268-0800][76532900ms] GC(22910) User=0.00s Sys=0.00s Real=0.01s
[2023-11-10T11:48:49.748-0800][76533380ms] GC(22911) Pause Young (Normal) (G1 Evacuation Pause)
[2023-11-10T11:48:49.748-0800][76533380ms] GC(22911) Using 10 workers of 10 for evacuation
[2023-11-10T11:48:49.756-0800][76533388ms] GC(22911)   Pre Evacuate Collection Set: 0.0ms
[2023-11-10T11:48:49.756-0800][76533388ms] GC(22911)   Evacuate Collection Set: 1.7ms
[2023-11-10T11:48:49.756-0800][76533388ms] GC(22911)   Post Evacuate Collection Set: 6.2ms
[2023-11-10T11:48:49.756-0800][76533388ms] GC(22911)   Other: 0.3ms
[2023-11-10T11:48:49.756-0800][76533388ms] GC(22911) Eden regions: 187->0(187)
[2023-11-10T11:48:49.756-0800][76533388ms] GC(22911) Survivor regions: 1->1(24)
[2023-11-10T11:48:49.756-0800][76533388ms] GC(22911) Old regions: 1426->1426
[2023-11-10T11:48:49.756-0800][76533388ms] GC(22911) Humongous regions: 5->5
[2023-11-10T11:48:49.756-0800][76533388ms] GC(22911) Metaspace: 304921K->304921K(1349632K)
[2023-11-10T11:48:49.756-0800][76533388ms] GC(22911) Pause Young (Normal) (G1 Evacuation Pause) 3234M->2861M(3602M) 8.257ms
[2023-11-10T11:48:49.756-0800][76533388ms] GC(22911) User=0.00s Sys=0.00s Real=0.01s
[2023-11-10T11:48:50.172-0800][76533804ms] GC(22912) Pause Young (Normal) (G1 Evacuation Pause)
[2023-11-10T11:48:50.172-0800][76533804ms] GC(22912) Using 10 workers of 10 for evacuation
[2023-11-10T11:48:50.176-0800][76533808ms] GC(22912)   Pre Evacuate Collection Set: 0.0ms
[2023-11-10T11:48:50.176-0800][76533808ms] GC(22912)   Evacuate Collection Set: 1.6ms
[2023-11-10T11:48:50.176-0800][76533808ms] GC(22912)   Post Evacuate Collection Set: 2.8ms
[2023-11-10T11:48:50.176-0800][76533808ms] GC(22912)   Other: 0.2ms
[2023-11-10T11:48:50.176-0800][76533808ms] GC(22912) Eden regions: 187->0(187)
[2023-11-10T11:48:50.176-0800][76533808ms] GC(22912) Survivor regions: 1->1(24)
[2023-11-10T11:48:50.176-0800][76533808ms] GC(22912) Old regions: 1426->1426
[2023-11-10T11:48:50.176-0800][76533808ms] GC(22912) Humongous regions: 5->5
[2023-11-10T11:48:50.176-0800][76533808ms] GC(22912) Metaspace: 304921K->304921K(1349632K)
[2023-11-10T11:48:50.176-0800][76533808ms] GC(22912) Pause Young (Normal) (G1 Evacuation Pause) 3235M->2860M(3602M) 4.810ms
[2023-11-10T11:48:50.176-0800][76533808ms] GC(22912) User=0.00s Sys=0.00s Real=0.00s
[2023-11-10T11:48:50.578-0800][76534210ms] GC(22913) Pause Young (Normal) (G1 Evacuation Pause)
[2023-11-10T11:48:50.578-0800][76534210ms] GC(22913) Using 10 workers of 10 for evacuation
[2023-11-10T11:48:50.583-0800][76534215ms] GC(22913)   Pre Evacuate Collection Set: 0.0ms
[2023-11-10T11:48:50.583-0800][76534215ms] GC(22913)   Evacuate Collection Set: 1.7ms
[2023-11-10T11:48:50.583-0800][76534215ms] GC(22913)   Post Evacuate Collection Set: 3.6ms
[2023-11-10T11:48:50.583-0800][76534215ms] GC(22913)   Other: 0.3ms
[2023-11-10T11:48:50.583-0800][76534215ms] GC(22913) Eden regions: 187->0(187)
[2023-11-10T11:48:50.583-0800][76534215ms] GC(22913) Survivor regions: 1->1(24)
[2023-11-10T11:48:50.583-0800][76534215ms] GC(22913) Old regions: 1426->1426
[2023-11-10T11:48:50.583-0800][76534215ms] GC(22913) Humongous regions: 5->5
[2023-11-10T11:48:50.583-0800][76534215ms] GC(22913) Metaspace: 304921K->304921K(1349632K)
[2023-11-10T11:48:50.583-0800][76534215ms] GC(22913) Pause Young (Normal) (G1 Evacuation Pause) 3234M->2860M(3602M) 5.634ms
[2023-11-10T11:48:50.583-0800][76534215ms] GC(22913) User=0.00s Sys=0.00s Real=0.00s
[2023-11-10T11:48:51.013-0800][76534645ms] GC(22914) Pause Young (Normal) (G1 Evacuation Pause)
[2023-11-10T11:48:51.013-0800][76534645ms] GC(22914) Using 10 workers of 10 for evacuation
[2023-11-10T11:48:51.018-0800][76534650ms] GC(22914)   Pre Evacuate Collection Set: 0.0ms
[2023-11-10T11:48:51.018-0800][76534650ms] GC(22914)   Evacuate Collection Set: 1.7ms
[2023-11-10T11:48:51.018-0800][76534650ms] GC(22914)   Post Evacuate Collection Set: 3.3ms
[2023-11-10T11:48:51.018-0800][76534650ms] GC(22914)   Other: 0.3ms
[2023-11-10T11:48:51.018-0800][76534650ms] GC(22914) Eden regions: 187->0(187)
[2023-11-10T11:48:51.018-0800][76534650ms] GC(22914) Survivor regions: 1->1(24)
[2023-11-10T11:48:51.018-0800][76534650ms] GC(22914) Old regions: 1426->1426
[2023-11-10T11:48:51.018-0800][76534650ms] GC(22914) Humongous regions: 5->5
[2023-11-10T11:48:51.018-0800][76534650ms] GC(22914) Metaspace: 304921K->304921K(1349632K)
[2023-11-10T11:48:51.018-0800][76534650ms] GC(22914) Pause Young (Normal) (G1 Evacuation Pause) 3234M->2860M(3602M) 5.357ms
[2023-11-10T11:48:51.018-0800][76534650ms] GC(22914) User=0.00s Sys=0.00s Real=0.00s
[2023-11-10T11:48:51.518-0800][76535150ms] GC(22915) Pause Young (Normal) (GCLocker Initiated GC)
[2023-11-10T11:48:51.518-0800][76535150ms] GC(22915) Using 10 workers of 10 for evacuation
[2023-11-10T11:48:51.524-0800][76535156ms] GC(22915)   Pre Evacuate Collection Set: 0.0ms
[2023-11-10T11:48:51.524-0800][76535156ms] GC(22915)   Evacuate Collection Set: 1.6ms
[2023-11-10T11:48:51.524-0800][76535156ms] GC(22915)   Post Evacuate Collection Set: 3.4ms
[2023-11-10T11:48:51.524-0800][76535156ms] GC(22915)   Other: 0.2ms
[2023-11-10T11:48:51.524-0800][76535156ms] GC(22915) Eden regions: 188->0(187)
[2023-11-10T11:48:51.524-0800][76535156ms] GC(22915) Survivor regions: 1->1(24)
[2023-11-10T11:48:51.524-0800][76535156ms] GC(22915) Old regions: 1426->1426
[2023-11-10T11:48:51.524-0800][76535156ms] GC(22915) Humongous regions: 5->5
[2023-11-10T11:48:51.524-0800][76535156ms] GC(22915) Metaspace: 304921K->304921K(1349632K)
[2023-11-10T11:48:51.524-0800][76535156ms] GC(22915) Pause Young (Normal) (GCLocker Initiated GC) 3235M->2860M(3602M) 5.439ms
[2023-11-10T11:48:51.524-0800][76535156ms] GC(22915) User=0.02s Sys=0.00s Real=0.01s
[2023-11-10T11:48:52.029-0800][76535661ms] GC(22916) Pause Young (Normal) (GCLocker Initiated GC)
[2023-11-10T11:48:52.029-0800][76535661ms] GC(22916) Using 10 workers of 10 for evacuation
[2023-11-10T11:48:52.035-0800][76535667ms] GC(22916)   Pre Evacuate Collection Set: 0.0ms
[2023-11-10T11:48:52.035-0800][76535667ms] GC(22916)   Evacuate Collection Set: 1.7ms
[2023-11-10T11:48:52.035-0800][76535667ms] GC(22916)   Post Evacuate Collection Set: 3.1ms
[2023-11-10T11:48:52.035-0800][76535667ms] GC(22916)   Other: 0.3ms
[2023-11-10T11:48:52.035-0800][76535667ms] GC(22916) Eden regions: 188->0(187)
[2023-11-10T11:48:52.035-0800][76535667ms] GC(22916) Survivor regions: 1->1(24)
[2023-11-10T11:48:52.035-0800][76535667ms] GC(22916) Old regions: 1426->1426
[2023-11-10T11:48:52.035-0800][76535667ms] GC(22916) Humongous regions: 5->5
[2023-11-10T11:48:52.035-0800][76535667ms] GC(22916) Metaspace: 304921K->304921K(1349632K)
[2023-11-10T11:48:52.036-0800][76535668ms] GC(22916) Pause Young (Normal) (GCLocker Initiated GC) 3235M->2860M(3602M) 5.290ms
[2023-11-10T11:48:52.036-0800][76535668ms] GC(22916) User=0.00s Sys=0.00s Real=0.01s
[2023-11-10T11:48:52.573-0800][76536205ms] GC(22917) Pause Young (Normal) (GCLocker Initiated GC)
[2023-11-10T11:48:52.580-0800][76536212ms] GC(22917) Using 10 workers of 10 for evacuation
[2023-11-10T11:48:52.586-0800][76536218ms] GC(22917)   Pre Evacuate Collection Set: 0.0ms
[2023-11-10T11:48:52.586-0800][76536218ms] GC(22917)   Evacuate Collection Set: 1.7ms
[2023-11-10T11:48:52.586-0800][76536218ms] GC(22917)   Post Evacuate Collection Set: 3.6ms
[2023-11-10T11:48:52.586-0800][76536218ms] GC(22917)   Other: 7.6ms
[2023-11-10T11:48:52.586-0800][76536218ms] GC(22917) Eden regions: 188->0(187)
[2023-11-10T11:48:52.586-0800][76536218ms] GC(22917) Survivor regions: 1->1(24)
[2023-11-10T11:48:52.586-0800][76536218ms] GC(22917) Old regions: 1426->1426
[2023-11-10T11:48:52.586-0800][76536218ms] GC(22917) Humongous regions: 5->5
[2023-11-10T11:48:52.586-0800][76536218ms] GC(22917) Metaspace: 304921K->304921K(1349632K)
[2023-11-10T11:48:52.586-0800][76536218ms] GC(22917) Pause Young (Normal) (GCLocker Initiated GC) 3235M->2860M(3602M) 13.039ms
[2023-11-10T11:48:52.586-0800][76536218ms] GC(22917) User=0.00s Sys=0.00s Real=0.01s
[2023-11-10T11:48:53.051-0800][76536683ms] GC(22918) Pause Young (Normal) (GCLocker Initiated GC)
[2023-11-10T11:48:53.051-0800][76536683ms] GC(22918) Using 10 workers of 10 for evacuation
[2023-11-10T11:48:53.058-0800][76536690ms] GC(22918)   Pre Evacuate Collection Set: 0.1ms
[2023-11-10T11:48:53.058-0800][76536690ms] GC(22918)   Evacuate Collection Set: 1.7ms
[2023-11-10T11:48:53.058-0800][76536690ms] GC(22918)   Post Evacuate Collection Set: 4.4ms
[2023-11-10T11:48:53.058-0800][76536690ms] GC(22918)   Other: 0.3ms
[2023-11-10T11:48:53.058-0800][76536690ms] GC(22918) Eden regions: 188->0(187)
[2023-11-10T11:48:53.058-0800][76536690ms] GC(22918) Survivor regions: 1->1(24)
[2023-11-10T11:48:53.058-0800][76536690ms] GC(22918) Old regions: 1426->1426
[2023-11-10T11:48:53.058-0800][76536690ms] GC(22918) Humongous regions: 5->5
[2023-11-10T11:48:53.058-0800][76536690ms] GC(22918) Metaspace: 304921K->304921K(1349632K)
[2023-11-10T11:48:53.058-0800][76536690ms] GC(22918) Pause Young (Normal) (GCLocker Initiated GC) 3235M->2860M(3602M) 6.699ms
[2023-11-10T11:48:53.058-0800][76536690ms] GC(22918) User=0.02s Sys=0.00s Real=0.01s
[2023-11-10T11:48:53.507-0800][76537139ms] GC(22919) Pause Young (Normal) (GCLocker Initiated GC)
[2023-11-10T11:48:53.507-0800][76537139ms] GC(22919) Using 10 workers of 10 for evacuation
[2023-11-10T11:48:53.513-0800][76537145ms] GC(22919)   Pre Evacuate Collection Set: 0.0ms
[2023-11-10T11:48:53.513-0800][76537145ms] GC(22919)   Evacuate Collection Set: 1.7ms
[2023-11-10T11:48:53.513-0800][76537145ms] GC(22919)   Post Evacuate Collection Set: 3.2ms
[2023-11-10T11:48:53.513-0800][76537145ms] GC(22919)   Other: 0.3ms
[2023-11-10T11:48:53.513-0800][76537145ms] GC(22919) Eden regions: 188->0(187)
[2023-11-10T11:48:53.513-0800][76537145ms] GC(22919) Survivor regions: 1->1(24)
[2023-11-10T11:48:53.513-0800][76537145ms] GC(22919) Old regions: 1426->1426
[2023-11-10T11:48:53.513-0800][76537145ms] GC(22919) Humongous regions: 5->5
[2023-11-10T11:48:53.513-0800][76537145ms] GC(22919) Metaspace: 304921K->304921K(1349632K)
[2023-11-10T11:48:53.513-0800][76537145ms] GC(22919) Pause Young (Normal) (GCLocker Initiated GC) 3235M->2861M(3602M) 5.341ms
[2023-11-10T11:48:53.513-0800][76537145ms] GC(22919) User=0.00s Sys=0.00s Real=0.01s
[2023-11-10T11:48:53.965-0800][76537597ms] GC(22920) Pause Young (Normal) (G1 Evacuation Pause)
[2023-11-10T11:48:53.965-0800][76537597ms] GC(22920) Using 10 workers of 10 for evacuation
[2023-11-10T11:48:53.971-0800][76537603ms] GC(22920)   Pre Evacuate Collection Set: 0.0ms
[2023-11-10T11:48:53.971-0800][76537603ms] GC(22920)   Evacuate Collection Set: 1.7ms
[2023-11-10T11:48:53.971-0800][76537603ms] GC(22920)   Post Evacuate Collection Set: 3.2ms
[2023-11-10T11:48:53.971-0800][76537603ms] GC(22920)   Other: 0.3ms
[2023-11-10T11:48:53.971-0800][76537603ms] GC(22920) Eden regions: 187->0(187)
[2023-11-10T11:48:53.971-0800][76537603ms] GC(22920) Survivor regions: 1->1(24)
[2023-11-10T11:48:53.971-0800][76537603ms] GC(22920) Old regions: 1426->1426
[2023-11-10T11:48:53.971-0800][76537603ms] GC(22920) Humongous regions: 5->5
[2023-11-10T11:48:53.971-0800][76537603ms] GC(22920) Metaspace: 304921K->304921K(1349632K)
[2023-11-10T11:48:53.971-0800][76537603ms] GC(22920) Pause Young (Normal) (G1 Evacuation Pause) 3235M->2860M(3602M) 5.359ms
[2023-11-10T11:48:53.971-0800][76537603ms] GC(22920) User=0.00s Sys=0.00s Real=0.01s
[2023-11-10T11:48:54.417-0800][76538049ms] GC(22921) Pause Young (Normal) (G1 Evacuation Pause)
[2023-11-10T11:48:54.417-0800][76538049ms] GC(22921) Using 10 workers of 10 for evacuation
[2023-11-10T11:48:54.422-0800][76538054ms] GC(22921)   Pre Evacuate Collection Set: 0.0ms
[2023-11-10T11:48:54.422-0800][76538054ms] GC(22921)   Evacuate Collection Set: 1.8ms
[2023-11-10T11:48:54.422-0800][76538054ms] GC(22921)   Post Evacuate Collection Set: 3.0ms
[2023-11-10T11:48:54.422-0800][76538054ms] GC(22921)   Other: 0.3ms
[2023-11-10T11:48:54.422-0800][76538054ms] GC(22921) Eden regions: 187->0(187)
[2023-11-10T11:48:54.422-0800][76538054ms] GC(22921) Survivor regions: 1->1(24)
[2023-11-10T11:48:54.422-0800][76538054ms] GC(22921) Old regions: 1426->1426
[2023-11-10T11:48:54.422-0800][76538054ms] GC(22921) Humongous regions: 5->5
[2023-11-10T11:48:54.422-0800][76538054ms] GC(22921) Metaspace: 304921K->304921K(1349632K)
[2023-11-10T11:48:54.422-0800][76538054ms] GC(22921) Pause Young (Normal) (G1 Evacuation Pause) 3234M->2860M(3602M) 5.206ms
[2023-11-10T11:48:54.422-0800][76538054ms] GC(22921) User=0.00s Sys=0.00s Real=0.00s
[2023-11-10T11:48:54.907-0800][76538539ms] GC(22922) Pause Young (Normal) (G1 Evacuation Pause)
[2023-11-10T11:48:54.907-0800][76538539ms] GC(22922) Using 10 workers of 10 for evacuation
[2023-11-10T11:48:54.914-0800][76538546ms] GC(22922)   Pre Evacuate Collection Set: 0.1ms
[2023-11-10T11:48:54.915-0800][76538547ms] GC(22922)   Evacuate Collection Set: 2.1ms
[2023-11-10T11:48:54.915-0800][76538547ms] GC(22922)   Post Evacuate Collection Set: 4.8ms
[2023-11-10T11:48:54.915-0800][76538547ms] GC(22922)   Other: 0.3ms
[2023-11-10T11:48:54.915-0800][76538547ms] GC(22922) Eden regions: 187->0(187)
[2023-11-10T11:48:54.915-0800][76538547ms] GC(22922) Survivor regions: 1->1(24)
[2023-11-10T11:48:54.915-0800][76538547ms] GC(22922) Old regions: 1426->1426
[2023-11-10T11:48:54.915-0800][76538547ms] GC(22922) Humongous regions: 5->5
[2023-11-10T11:48:54.915-0800][76538547ms] GC(22922) Metaspace: 304921K->304921K(1349632K)
[2023-11-10T11:48:54.915-0800][76538547ms] GC(22922) Pause Young (Normal) (G1 Evacuation Pause) 3234M->2860M(3602M) 7.288ms
[2023-11-10T11:48:54.915-0800][76538547ms] GC(22922) User=0.00s Sys=0.00s Real=0.01s
[2023-11-10T11:48:55.366-0800][76538998ms] GC(22923) Pause Young (Normal) (G1 Evacuation Pause)
[2023-11-10T11:48:55.366-0800][76538998ms] GC(22923) Using 10 workers of 10 for evacuation
[2023-11-10T11:48:55.372-0800][76539004ms] GC(22923)   Pre Evacuate Collection Set: 0.1ms
[2023-11-10T11:48:55.372-0800][76539004ms] GC(22923)   Evacuate Collection Set: 2.3ms
[2023-11-10T11:48:55.373-0800][76539005ms] GC(22923)   Post Evacuate Collection Set: 3.7ms
[2023-11-10T11:48:55.373-0800][76539005ms] GC(22923)   Other: 0.5ms
[2023-11-10T11:48:55.373-0800][76539005ms] GC(22923) Eden regions: 187->0(187)
[2023-11-10T11:48:55.373-0800][76539005ms] GC(22923) Survivor regions: 1->1(24)
[2023-11-10T11:48:55.373-0800][76539005ms] GC(22923) Old regions: 1426->1426
[2023-11-10T11:48:55.373-0800][76539005ms] GC(22923) Humongous regions: 5->5
[2023-11-10T11:48:55.373-0800][76539005ms] GC(22923) Metaspace: 304921K->304921K(1349632K)
[2023-11-10T11:48:55.373-0800][76539005ms] GC(22923) Pause Young (Normal) (G1 Evacuation Pause) 3234M->2860M(3602M) 6.584ms
[2023-11-10T11:48:55.373-0800][76539005ms] GC(22923) User=0.05s Sys=0.00s Real=0.01s
[2023-11-10T11:48:55.817-0800][76539449ms] GC(22924) Pause Young (Normal) (G1 Evacuation Pause)
[2023-11-10T11:48:55.817-0800][76539449ms] GC(22924) Using 10 workers of 10 for evacuation
[2023-11-10T11:48:55.822-0800][76539454ms] GC(22924)   Pre Evacuate Collection Set: 0.1ms
[2023-11-10T11:48:55.823-0800][76539455ms] GC(22924)   Evacuate Collection Set: 1.7ms
[2023-11-10T11:48:55.823-0800][76539455ms] GC(22924)   Post Evacuate Collection Set: 4.2ms
[2023-11-10T11:48:55.823-0800][76539455ms] GC(22924)   Other: 0.3ms
[2023-11-10T11:48:55.823-0800][76539455ms] GC(22924) Eden regions: 187->0(187)
[2023-11-10T11:48:55.823-0800][76539455ms] GC(22924) Survivor regions: 1->1(24)
[2023-11-10T11:48:55.823-0800][76539455ms] GC(22924) Old regions: 1426->1426
[2023-11-10T11:48:55.823-0800][76539455ms] GC(22924) Humongous regions: 5->5
[2023-11-10T11:48:55.823-0800][76539455ms] GC(22924) Metaspace: 304921K->304921K(1349632K)
[2023-11-10T11:48:55.823-0800][76539455ms] GC(22924) Pause Young (Normal) (G1 Evacuation Pause) 3234M->2860M(3602M) 6.475ms
[2023-11-10T11:48:55.823-0800][76539455ms] GC(22924) User=0.02s Sys=0.00s Real=0.01s
[2023-11-10T11:48:56.349-0800][76539981ms] GC(22925) Pause Young (Normal) (G1 Evacuation Pause)
[2023-11-10T11:48:56.350-0800][76539982ms] GC(22925) Using 10 workers of 10 for evacuation
[2023-11-10T11:48:56.356-0800][76539988ms] GC(22925)   Pre Evacuate Collection Set: 0.1ms
[2023-11-10T11:48:56.356-0800][76539988ms] GC(22925)   Evacuate Collection Set: 2.7ms
[2023-11-10T11:48:56.356-0800][76539988ms] GC(22925)   Post Evacuate Collection Set: 3.7ms
[2023-11-10T11:48:56.356-0800][76539988ms] GC(22925)   Other: 0.4ms
[2023-11-10T11:48:56.356-0800][76539988ms] GC(22925) Eden regions: 187->0(187)
[2023-11-10T11:48:56.356-0800][76539988ms] GC(22925) Survivor regions: 1->1(24)
[2023-11-10T11:48:56.356-0800][76539988ms] GC(22925) Old regions: 1426->1426
[2023-11-10T11:48:56.356-0800][76539988ms] GC(22925) Humongous regions: 5->5
[2023-11-10T11:48:56.356-0800][76539988ms] GC(22925) Metaspace: 304921K->304921K(1349632K)
[2023-11-10T11:48:56.356-0800][76539988ms] GC(22925) Pause Young (Normal) (G1 Evacuation Pause) 3234M->2861M(3602M) 7.010ms
[2023-11-10T11:48:56.356-0800][76539988ms] GC(22925) User=0.06s Sys=0.00s Real=0.01s
[2023-11-10T11:48:56.777-0800][76540409ms] GC(22926) Pause Young (Normal) (G1 Evacuation Pause)
[2023-11-10T11:48:56.777-0800][76540409ms] GC(22926) Using 10 workers of 10 for evacuation
[2023-11-10T11:48:56.784-0800][76540416ms] GC(22926)   Pre Evacuate Collection Set: 0.1ms
[2023-11-10T11:48:56.784-0800][76540416ms] GC(22926)   Evacuate Collection Set: 2.4ms
[2023-11-10T11:48:56.784-0800][76540416ms] GC(22926)   Post Evacuate Collection Set: 3.4ms
[2023-11-10T11:48:56.784-0800][76540416ms] GC(22926)   Other: 0.3ms
[2023-11-10T11:48:56.784-0800][76540416ms] GC(22926) Eden regions: 187->0(187)
[2023-11-10T11:48:56.784-0800][76540416ms] GC(22926) Survivor regions: 1->1(24)
[2023-11-10T11:48:56.784-0800][76540416ms] GC(22926) Old regions: 1426->1426
[2023-11-10T11:48:56.784-0800][76540416ms] GC(22926) Humongous regions: 5->5
[2023-11-10T11:48:56.784-0800][76540416ms] GC(22926) Metaspace: 304921K->304921K(1349632K)
[2023-11-10T11:48:56.784-0800][76540416ms] GC(22926) Pause Young (Normal) (G1 Evacuation Pause) 3235M->2860M(3602M) 6.310ms
[2023-11-10T11:48:56.784-0800][76540416ms] GC(22926) User=0.00s Sys=0.00s Real=0.01s
[2023-11-10T11:48:57.279-0800][76540911ms] GC(22927) Pause Young (Normal) (G1 Evacuation Pause)
[2023-11-10T11:48:57.279-0800][76540911ms] GC(22927) Using 10 workers of 10 for evacuation
[2023-11-10T11:48:57.284-0800][76540916ms] GC(22927)   Pre Evacuate Collection Set: 0.0ms
[2023-11-10T11:48:57.284-0800][76540916ms] GC(22927)   Evacuate Collection Set: 1.8ms
[2023-11-10T11:48:57.284-0800][76540916ms] GC(22927)   Post Evacuate Collection Set: 3.3ms
[2023-11-10T11:48:57.284-0800][76540916ms] GC(22927)   Other: 0.3ms
[2023-11-10T11:48:57.284-0800][76540916ms] GC(22927) Eden regions: 187->0(187)
[2023-11-10T11:48:57.284-0800][76540916ms] GC(22927) Survivor regions: 1->1(24)
[2023-11-10T11:48:57.284-0800][76540916ms] GC(22927) Old regions: 1426->1426
[2023-11-10T11:48:57.284-0800][76540916ms] GC(22927) Humongous regions: 5->5
[2023-11-10T11:48:57.284-0800][76540916ms] GC(22927) Metaspace: 304921K->304921K(1349632K)
[2023-11-10T11:48:57.284-0800][76540916ms] GC(22927) Pause Young (Normal) (G1 Evacuation Pause) 3234M->2860M(3602M) 5.565ms
[2023-11-10T11:48:57.285-0800][76540917ms] GC(22927) User=0.00s Sys=0.00s Real=0.00s
[2023-11-10T11:48:57.764-0800][76541396ms] GC(22928) Pause Young (Normal) (G1 Evacuation Pause)
[2023-11-10T11:48:57.764-0800][76541396ms] GC(22928) Using 10 workers of 10 for evacuation
[2023-11-10T11:48:57.770-0800][76541402ms] GC(22928)   Pre Evacuate Collection Set: 0.1ms
[2023-11-10T11:48:57.770-0800][76541402ms] GC(22928)   Evacuate Collection Set: 1.8ms
[2023-11-10T11:48:57.770-0800][76541402ms] GC(22928)   Post Evacuate Collection Set: 3.3ms
[2023-11-10T11:48:57.770-0800][76541402ms] GC(22928)   Other: 0.3ms
[2023-11-10T11:48:57.770-0800][76541402ms] GC(22928) Eden regions: 187->0(187)
[2023-11-10T11:48:57.770-0800][76541402ms] GC(22928) Survivor regions: 1->1(24)
[2023-11-10T11:48:57.770-0800][76541402ms] GC(22928) Old regions: 1426->1426
[2023-11-10T11:48:57.770-0800][76541402ms] GC(22928) Humongous regions: 5->5
[2023-11-10T11:48:57.770-0800][76541402ms] GC(22928) Metaspace: 304921K->304921K(1349632K)
[2023-11-10T11:48:57.770-0800][76541402ms] GC(22928) Pause Young (Normal) (G1 Evacuation Pause) 3234M->2861M(3602M) 5.537ms
[2023-11-10T11:48:57.770-0800][76541402ms] GC(22928) User=0.00s Sys=0.00s Real=0.01s
[2023-11-10T11:48:58.249-0800][76541881ms] GC(22929) Pause Young (Normal) (G1 Evacuation Pause)
[2023-11-10T11:48:58.249-0800][76541881ms] GC(22929) Using 10 workers of 10 for evacuation
[2023-11-10T11:48:58.256-0800][76541888ms] GC(22929)   Pre Evacuate Collection Set: 0.1ms
[2023-11-10T11:48:58.256-0800][76541888ms] GC(22929)   Evacuate Collection Set: 2.8ms
[2023-11-10T11:48:58.256-0800][76541888ms] GC(22929)   Post Evacuate Collection Set: 4.2ms
[2023-11-10T11:48:58.256-0800][76541888ms] GC(22929)   Other: 0.5ms
[2023-11-10T11:48:58.256-0800][76541888ms] GC(22929) Eden regions: 187->0(187)
[2023-11-10T11:48:58.256-0800][76541888ms] GC(22929) Survivor regions: 1->1(24)
[2023-11-10T11:48:58.256-0800][76541888ms] GC(22929) Old regions: 1426->1426
[2023-11-10T11:48:58.256-0800][76541888ms] GC(22929) Humongous regions: 5->5
[2023-11-10T11:48:58.256-0800][76541888ms] GC(22929) Metaspace: 304921K->304921K(1349632K)
[2023-11-10T11:48:58.256-0800][76541888ms] GC(22929) Pause Young (Normal) (G1 Evacuation Pause) 3235M->2861M(3602M) 7.666ms
[2023-11-10T11:48:58.256-0800][76541888ms] GC(22929) User=0.00s Sys=0.00s Real=0.01s
[2023-11-10T11:48:58.747-0800][76542379ms] GC(22930) Pause Young (Normal) (GCLocker Initiated GC)
[2023-11-10T11:48:58.747-0800][76542379ms] GC(22930) Using 10 workers of 10 for evacuation
[2023-11-10T11:48:58.752-0800][76542384ms] GC(22930)   Pre Evacuate Collection Set: 0.0ms
[2023-11-10T11:48:58.752-0800][76542384ms] GC(22930)   Evacuate Collection Set: 2.0ms
[2023-11-10T11:48:58.752-0800][76542384ms] GC(22930)   Post Evacuate Collection Set: 3.8ms
[2023-11-10T11:48:58.752-0800][76542384ms] GC(22930)   Other: 0.3ms
[2023-11-10T11:48:58.752-0800][76542384ms] GC(22930) Eden regions: 187->0(187)
[2023-11-10T11:48:58.752-0800][76542384ms] GC(22930) Survivor regions: 1->1(24)
[2023-11-10T11:48:58.752-0800][76542384ms] GC(22930) Old regions: 1426->1426
[2023-11-10T11:48:58.752-0800][76542384ms] GC(22930) Humongous regions: 5->5
[2023-11-10T11:48:58.752-0800][76542384ms] GC(22930) Metaspace: 304921K->304921K(1349632K)
[2023-11-10T11:48:58.752-0800][76542384ms] GC(22930) Pause Young (Normal) (GCLocker Initiated GC) 3235M->2861M(3602M) 6.247ms
[2023-11-10T11:48:58.752-0800][76542384ms] GC(22930) User=0.00s Sys=0.00s Real=0.01s
[2023-11-10T11:48:59.263-0800][76542895ms] GC(22931) Pause Young (Normal) (GCLocker Initiated GC)
[2023-11-10T11:48:59.263-0800][76542895ms] GC(22931) Using 10 workers of 10 for evacuation
[2023-11-10T11:48:59.270-0800][76542902ms] GC(22931)   Pre Evacuate Collection Set: 0.1ms
[2023-11-10T11:48:59.270-0800][76542902ms] GC(22931)   Evacuate Collection Set: 2.6ms
[2023-11-10T11:48:59.270-0800][76542902ms] GC(22931)   Post Evacuate Collection Set: 3.4ms
[2023-11-10T11:48:59.270-0800][76542902ms] GC(22931)   Other: 0.3ms
[2023-11-10T11:48:59.270-0800][76542902ms] GC(22931) Eden regions: 187->0(187)
[2023-11-10T11:48:59.270-0800][76542902ms] GC(22931) Survivor regions: 1->1(24)
[2023-11-10T11:48:59.270-0800][76542902ms] GC(22931) Old regions: 1426->1426
[2023-11-10T11:48:59.270-0800][76542902ms] GC(22931) Humongous regions: 5->5
[2023-11-10T11:48:59.270-0800][76542902ms] GC(22931) Metaspace: 304921K->304921K(1349632K)
[2023-11-10T11:48:59.270-0800][76542902ms] GC(22931) Pause Young (Normal) (GCLocker Initiated GC) 3235M->2861M(3602M) 6.485ms
[2023-11-10T11:48:59.270-0800][76542902ms] GC(22931) User=0.00s Sys=0.00s Real=0.01s
[2023-11-10T11:48:59.792-0800][76543424ms] GC(22932) Pause Young (Normal) (GCLocker Initiated GC)
[2023-11-10T11:48:59.792-0800][76543424ms] GC(22932) Using 10 workers of 10 for evacuation
[2023-11-10T11:48:59.796-0800][76543428ms] GC(22932)   Pre Evacuate Collection Set: 0.0ms
[2023-11-10T11:48:59.797-0800][76543429ms] GC(22932)   Evacuate Collection Set: 1.7ms
[2023-11-10T11:48:59.797-0800][76543429ms] GC(22932)   Post Evacuate Collection Set: 3.1ms
[2023-11-10T11:48:59.797-0800][76543429ms] GC(22932)   Other: 0.3ms
[2023-11-10T11:48:59.797-0800][76543429ms] GC(22932) Eden regions: 187->0(187)
[2023-11-10T11:48:59.797-0800][76543429ms] GC(22932) Survivor regions: 1->1(24)
[2023-11-10T11:48:59.797-0800][76543429ms] GC(22932) Old regions: 1426->1426
[2023-11-10T11:48:59.797-0800][76543429ms] GC(22932) Humongous regions: 5->5
[2023-11-10T11:48:59.797-0800][76543429ms] GC(22932) Metaspace: 304921K->304921K(1349632K)
[2023-11-10T11:48:59.797-0800][76543429ms] GC(22932) Pause Young (Normal) (GCLocker Initiated GC) 3235M->2861M(3602M) 5.140ms
[2023-11-10T11:48:59.797-0800][76543429ms] GC(22932) User=0.00s Sys=0.00s Real=0.00s
[2023-11-10T11:49:00.192-0800][76543824ms] GC(22933) Pause Young (Normal) (GCLocker Initiated GC)
[2023-11-10T11:49:00.192-0800][76543824ms] GC(22933) Using 10 workers of 10 for evacuation
[2023-11-10T11:49:00.198-0800][76543830ms] GC(22933)   Pre Evacuate Collection Set: 0.0ms
[2023-11-10T11:49:00.198-0800][76543830ms] GC(22933)   Evacuate Collection Set: 1.9ms
[2023-11-10T11:49:00.198-0800][76543830ms] GC(22933)   Post Evacuate Collection Set: 3.1ms
[2023-11-10T11:49:00.198-0800][76543830ms] GC(22933)   Other: 0.2ms
[2023-11-10T11:49:00.198-0800][76543830ms] GC(22933) Eden regions: 188->0(187)
[2023-11-10T11:49:00.198-0800][76543830ms] GC(22933) Survivor regions: 1->1(24)
[2023-11-10T11:49:00.198-0800][76543830ms] GC(22933) Old regions: 1426->1426
[2023-11-10T11:49:00.198-0800][76543830ms] GC(22933) Humongous regions: 5->5
[2023-11-10T11:49:00.198-0800][76543830ms] GC(22933) Metaspace: 304921K->304921K(1349632K)
[2023-11-10T11:49:00.198-0800][76543830ms] GC(22933) Pause Young (Normal) (GCLocker Initiated GC) 3235M->2861M(3602M) 5.358ms
[2023-11-10T11:49:00.198-0800][76543830ms] GC(22933) User=0.02s Sys=0.00s Real=0.01s
[2023-11-10T11:49:00.650-0800][76544282ms] GC(22934) Pause Young (Normal) (GCLocker Initiated GC)
[2023-11-10T11:49:00.650-0800][76544282ms] GC(22934) Using 10 workers of 10 for evacuation
[2023-11-10T11:49:00.654-0800][76544286ms] GC(22934)   Pre Evacuate Collection Set: 0.0ms
[2023-11-10T11:49:00.654-0800][76544286ms] GC(22934)   Evacuate Collection Set: 1.6ms
[2023-11-10T11:49:00.654-0800][76544286ms] GC(22934)   Post Evacuate Collection Set: 3.1ms
[2023-11-10T11:49:00.654-0800][76544286ms] GC(22934)   Other: 0.3ms
[2023-11-10T11:49:00.654-0800][76544286ms] GC(22934) Eden regions: 188->0(187)
[2023-11-10T11:49:00.654-0800][76544286ms] GC(22934) Survivor regions: 1->1(24)
[2023-11-10T11:49:00.654-0800][76544286ms] GC(22934) Old regions: 1426->1426
[2023-11-10T11:49:00.654-0800][76544286ms] GC(22934) Humongous regions: 5->5
[2023-11-10T11:49:00.654-0800][76544286ms] GC(22934) Metaspace: 304921K->304921K(1349632K)
[2023-11-10T11:49:00.654-0800][76544286ms] GC(22934) Pause Young (Normal) (GCLocker Initiated GC) 3235M->2861M(3602M) 5.152ms
[2023-11-10T11:49:00.654-0800][76544286ms] GC(22934) User=0.00s Sys=0.00s Real=0.00s
[2023-11-10T11:49:01.103-0800][76544735ms] GC(22935) Pause Young (Normal) (G1 Evacuation Pause)
[2023-11-10T11:49:01.103-0800][76544735ms] GC(22935) Using 10 workers of 10 for evacuation
[2023-11-10T11:49:01.109-0800][76544741ms] GC(22935)   Pre Evacuate Collection Set: 0.1ms
[2023-11-10T11:49:01.109-0800][76544741ms] GC(22935)   Evacuate Collection Set: 2.0ms
[2023-11-10T11:49:01.109-0800][76544741ms] GC(22935)   Post Evacuate Collection Set: 3.1ms
[2023-11-10T11:49:01.109-0800][76544741ms] GC(22935)   Other: 0.3ms
[2023-11-10T11:49:01.109-0800][76544741ms] GC(22935) Eden regions: 187->0(187)
[2023-11-10T11:49:01.109-0800][76544741ms] GC(22935) Survivor regions: 1->1(24)
[2023-11-10T11:49:01.109-0800][76544741ms] GC(22935) Old regions: 1426->1426
[2023-11-10T11:49:01.109-0800][76544741ms] GC(22935) Humongous regions: 5->5
[2023-11-10T11:49:01.109-0800][76544741ms] GC(22935) Metaspace: 304921K->304921K(1349632K)
[2023-11-10T11:49:01.109-0800][76544741ms] GC(22935) Pause Young (Normal) (G1 Evacuation Pause) 3235M->2861M(3602M) 5.510ms
[2023-11-10T11:49:01.109-0800][76544741ms] GC(22935) User=0.00s Sys=0.00s Real=0.01s
[2023-11-10T11:49:01.506-0800][76545138ms] GC(22936) Pause Young (Normal) (G1 Evacuation Pause)
[2023-11-10T11:49:01.506-0800][76545138ms] GC(22936) Using 10 workers of 10 for evacuation
[2023-11-10T11:49:01.512-0800][76545144ms] GC(22936)   Pre Evacuate Collection Set: 0.1ms
[2023-11-10T11:49:01.512-0800][76545144ms] GC(22936)   Evacuate Collection Set: 1.8ms
[2023-11-10T11:49:01.512-0800][76545144ms] GC(22936)   Post Evacuate Collection Set: 3.1ms
[2023-11-10T11:49:01.512-0800][76545144ms] GC(22936)   Other: 0.3ms
[2023-11-10T11:49:01.512-0800][76545144ms] GC(22936) Eden regions: 187->0(187)
[2023-11-10T11:49:01.512-0800][76545144ms] GC(22936) Survivor regions: 1->1(24)
[2023-11-10T11:49:01.512-0800][76545144ms] GC(22936) Old regions: 1426->1426
[2023-11-10T11:49:01.512-0800][76545144ms] GC(22936) Humongous regions: 5->5
[2023-11-10T11:49:01.512-0800][76545144ms] GC(22936) Metaspace: 304921K->304921K(1349632K)
[2023-11-10T11:49:01.512-0800][76545144ms] GC(22936) Pause Young (Normal) (G1 Evacuation Pause) 3235M->2861M(3602M) 5.323ms
[2023-11-10T11:49:01.512-0800][76545144ms] GC(22936) User=0.11s Sys=0.00s Real=0.01s
[2023-11-10T11:49:01.995-0800][76545627ms] GC(22937) Pause Young (Normal) (G1 Evacuation Pause)
[2023-11-10T11:49:01.995-0800][76545627ms] GC(22937) Using 10 workers of 10 for evacuation
[2023-11-10T11:49:02.001-0800][76545633ms] GC(22937)   Pre Evacuate Collection Set: 0.0ms
[2023-11-10T11:49:02.001-0800][76545633ms] GC(22937)   Evacuate Collection Set: 1.7ms
[2023-11-10T11:49:02.001-0800][76545633ms] GC(22937)   Post Evacuate Collection Set: 3.1ms
[2023-11-10T11:49:02.001-0800][76545633ms] GC(22937)   Other: 0.2ms
[2023-11-10T11:49:02.001-0800][76545633ms] GC(22937) Eden regions: 187->0(187)
[2023-11-10T11:49:02.001-0800][76545633ms] GC(22937) Survivor regions: 1->1(24)
[2023-11-10T11:49:02.001-0800][76545633ms] GC(22937) Old regions: 1426->1426
[2023-11-10T11:49:02.001-0800][76545633ms] GC(22937) Humongous regions: 5->5
[2023-11-10T11:49:02.001-0800][76545633ms] GC(22937) Metaspace: 304921K->304921K(1349632K)
[2023-11-10T11:49:02.001-0800][76545633ms] GC(22937) Pause Young (Normal) (G1 Evacuation Pause) 3235M->2861M(3602M) 5.196ms
[2023-11-10T11:49:02.001-0800][76545633ms] GC(22937) User=0.00s Sys=0.00s Real=0.01s
[2023-11-10T11:49:02.461-0800][76546093ms] GC(22938) Pause Young (Normal) (G1 Evacuation Pause)
[2023-11-10T11:49:02.461-0800][76546093ms] GC(22938) Using 10 workers of 10 for evacuation
[2023-11-10T11:49:02.466-0800][76546098ms] GC(22938)   Pre Evacuate Collection Set: 0.0ms
[2023-11-10T11:49:02.466-0800][76546098ms] GC(22938)   Evacuate Collection Set: 1.8ms
[2023-11-10T11:49:02.466-0800][76546099ms] GC(22938)   Post Evacuate Collection Set: 3.1ms
[2023-11-10T11:49:02.467-0800][76546099ms] GC(22938)   Other: 0.3ms
[2023-11-10T11:49:02.467-0800][76546099ms] GC(22938) Eden regions: 187->0(187)
[2023-11-10T11:49:02.467-0800][76546099ms] GC(22938) Survivor regions: 1->1(24)
[2023-11-10T11:49:02.467-0800][76546099ms] GC(22938) Old regions: 1426->1426
[2023-11-10T11:49:02.467-0800][76546099ms] GC(22938) Humongous regions: 5->5
[2023-11-10T11:49:02.467-0800][76546099ms] GC(22938) Metaspace: 304921K->304921K(1349632K)
[2023-11-10T11:49:02.467-0800][76546099ms] GC(22938) Pause Young (Normal) (G1 Evacuation Pause) 3235M->2861M(3602M) 5.309ms
[2023-11-10T11:49:02.467-0800][76546099ms] GC(22938) User=0.00s Sys=0.00s Real=0.01s
[2023-11-10T11:49:02.912-0800][76546544ms] GC(22939) Pause Young (Normal) (G1 Evacuation Pause)
[2023-11-10T11:49:02.912-0800][76546544ms] GC(22939) Using 10 workers of 10 for evacuation
[2023-11-10T11:49:02.917-0800][76546549ms] GC(22939)   Pre Evacuate Collection Set: 0.0ms
[2023-11-10T11:49:02.917-0800][76546549ms] GC(22939)   Evacuate Collection Set: 1.6ms
[2023-11-10T11:49:02.917-0800][76546549ms] GC(22939)   Post Evacuate Collection Set: 3.3ms
[2023-11-10T11:49:02.917-0800][76546549ms] GC(22939)   Other: 0.3ms
[2023-11-10T11:49:02.917-0800][76546549ms] GC(22939) Eden regions: 187->0(187)
[2023-11-10T11:49:02.917-0800][76546549ms] GC(22939) Survivor regions: 1->1(24)
[2023-11-10T11:49:02.917-0800][76546549ms] GC(22939) Old regions: 1426->1426
[2023-11-10T11:49:02.917-0800][76546549ms] GC(22939) Humongous regions: 5->5
[2023-11-10T11:49:02.917-0800][76546549ms] GC(22939) Metaspace: 304921K->304921K(1349632K)
[2023-11-10T11:49:02.917-0800][76546549ms] GC(22939) Pause Young (Normal) (G1 Evacuation Pause) 3235M->2861M(3602M) 5.275ms
[2023-11-10T11:49:02.917-0800][76546549ms] GC(22939) User=0.09s Sys=0.00s Real=0.01s
[2023-11-10T11:49:03.415-0800][76547047ms] GC(22940) Pause Young (Normal) (G1 Evacuation Pause)
[2023-11-10T11:49:03.416-0800][76547048ms] GC(22940) Using 10 workers of 10 for evacuation
[2023-11-10T11:49:03.421-0800][76547053ms] GC(22940)   Pre Evacuate Collection Set: 0.1ms
[2023-11-10T11:49:03.421-0800][76547053ms] GC(22940)   Evacuate Collection Set: 1.7ms
[2023-11-10T11:49:03.421-0800][76547053ms] GC(22940)   Post Evacuate Collection Set: 3.6ms
[2023-11-10T11:49:03.421-0800][76547053ms] GC(22940)   Other: 0.3ms
[2023-11-10T11:49:03.421-0800][76547053ms] GC(22940) Eden regions: 187->0(187)
[2023-11-10T11:49:03.421-0800][76547053ms] GC(22940) Survivor regions: 1->1(24)
[2023-11-10T11:49:03.421-0800][76547053ms] GC(22940) Old regions: 1426->1426
[2023-11-10T11:49:03.421-0800][76547053ms] GC(22940) Humongous regions: 5->5
[2023-11-10T11:49:03.421-0800][76547053ms] GC(22940) Metaspace: 304921K->304921K(1349632K)
[2023-11-10T11:49:03.421-0800][76547053ms] GC(22940) Pause Young (Normal) (G1 Evacuation Pause) 3235M->2861M(3602M) 5.734ms
[2023-11-10T11:49:03.421-0800][76547053ms] GC(22940) User=0.00s Sys=0.00s Real=0.01s
[2023-11-10T11:49:03.884-0800][76547516ms] GC(22941) Pause Young (Normal) (G1 Evacuation Pause)
[2023-11-10T11:49:03.886-0800][76547518ms] GC(22941) Using 10 workers of 10 for evacuation
[2023-11-10T11:49:03.891-0800][76547523ms] GC(22941)   Pre Evacuate Collection Set: 0.0ms
[2023-11-10T11:49:03.891-0800][76547523ms] GC(22941)   Evacuate Collection Set: 1.7ms
[2023-11-10T11:49:03.891-0800][76547523ms] GC(22941)   Post Evacuate Collection Set: 3.3ms
[2023-11-10T11:49:03.891-0800][76547523ms] GC(22941)   Other: 0.3ms
[2023-11-10T11:49:03.891-0800][76547523ms] GC(22941) Eden regions: 187->0(187)
[2023-11-10T11:49:03.891-0800][76547523ms] GC(22941) Survivor regions: 1->1(24)
[2023-11-10T11:49:03.891-0800][76547523ms] GC(22941) Old regions: 1426->1426
[2023-11-10T11:49:03.891-0800][76547523ms] GC(22941) Humongous regions: 5->5
[2023-11-10T11:49:03.891-0800][76547523ms] GC(22941) Metaspace: 304921K->304921K(1349632K)
[2023-11-10T11:49:03.891-0800][76547523ms] GC(22941) Pause Young (Normal) (G1 Evacuation Pause) 3235M->2861M(3602M) 5.499ms
[2023-11-10T11:49:03.891-0800][76547523ms] GC(22941) User=0.00s Sys=0.00s Real=0.01s
[2023-11-10T11:49:04.430-0800][76548062ms] GC(22942) Pause Young (Normal) (G1 Evacuation Pause)
[2023-11-10T11:49:04.430-0800][76548062ms] GC(22942) Using 10 workers of 10 for evacuation
[2023-11-10T11:49:04.435-0800][76548067ms] GC(22942)   Pre Evacuate Collection Set: 0.0ms
[2023-11-10T11:49:04.435-0800][76548067ms] GC(22942)   Evacuate Collection Set: 1.7ms
[2023-11-10T11:49:04.435-0800][76548067ms] GC(22942)   Post Evacuate Collection Set: 3.2ms
[2023-11-10T11:49:04.435-0800][76548067ms] GC(22942)   Other: 0.3ms
[2023-11-10T11:49:04.435-0800][76548067ms] GC(22942) Eden regions: 187->0(187)
[2023-11-10T11:49:04.435-0800][76548067ms] GC(22942) Survivor regions: 1->1(24)
[2023-11-10T11:49:04.435-0800][76548067ms] GC(22942) Old regions: 1426->1426
[2023-11-10T11:49:04.435-0800][76548067ms] GC(22942) Humongous regions: 5->5
[2023-11-10T11:49:04.435-0800][76548067ms] GC(22942) Metaspace: 304921K->304921K(1349632K)
[2023-11-10T11:49:04.435-0800][76548067ms] GC(22942) Pause Young (Normal) (G1 Evacuation Pause) 3235M->2861M(3602M) 5.302ms
[2023-11-10T11:49:04.435-0800][76548067ms] GC(22942) User=0.00s Sys=0.00s Real=0.00s
[2023-11-10T11:49:04.857-0800][76548489ms] GC(22943) Pause Young (Normal) (G1 Evacuation Pause)
[2023-11-10T11:49:04.857-0800][76548489ms] GC(22943) Using 10 workers of 10 for evacuation
[2023-11-10T11:49:04.863-0800][76548495ms] GC(22943)   Pre Evacuate Collection Set: 0.1ms
[2023-11-10T11:49:04.863-0800][76548495ms] GC(22943)   Evacuate Collection Set: 2.0ms
[2023-11-10T11:49:04.863-0800][76548495ms] GC(22943)   Post Evacuate Collection Set: 4.1ms
[2023-11-10T11:49:04.863-0800][76548495ms] GC(22943)   Other: 0.3ms
[2023-11-10T11:49:04.863-0800][76548495ms] GC(22943) Eden regions: 187->0(185)
[2023-11-10T11:49:04.863-0800][76548495ms] GC(22943) Survivor regions: 1->2(24)
[2023-11-10T11:49:04.863-0800][76548495ms] GC(22943) Old regions: 1426->1426
[2023-11-10T11:49:04.863-0800][76548495ms] GC(22943) Humongous regions: 5->5
[2023-11-10T11:49:04.863-0800][76548495ms] GC(22943) Metaspace: 304921K->304921K(1349632K)
[2023-11-10T11:49:04.863-0800][76548495ms] GC(22943) Pause Young (Normal) (G1 Evacuation Pause) 3235M->2862M(3602M) 6.720ms
[2023-11-10T11:49:04.863-0800][76548495ms] GC(22943) User=0.00s Sys=0.00s Real=0.01s
[2023-11-10T11:49:05.305-0800][76548937ms] GC(22944) Pause Young (Normal) (G1 Evacuation Pause)
[2023-11-10T11:49:05.305-0800][76548937ms] GC(22944) Using 10 workers of 10 for evacuation
[2023-11-10T11:49:05.311-0800][76548943ms] GC(22944)   Pre Evacuate Collection Set: 0.0ms
[2023-11-10T11:49:05.311-0800][76548943ms] GC(22944)   Evacuate Collection Set: 1.7ms
[2023-11-10T11:49:05.311-0800][76548943ms] GC(22944)   Post Evacuate Collection Set: 3.8ms
[2023-11-10T11:49:05.311-0800][76548943ms] GC(22944)   Other: 0.3ms
[2023-11-10T11:49:05.311-0800][76548943ms] GC(22944) Eden regions: 185->0(186)
[2023-11-10T11:49:05.311-0800][76548943ms] GC(22944) Survivor regions: 2->1(24)
[2023-11-10T11:49:05.311-0800][76548943ms] GC(22944) Old regions: 1426->1426
[2023-11-10T11:49:05.311-0800][76548943ms] GC(22944) Humongous regions: 5->5
[2023-11-10T11:49:05.311-0800][76548943ms] GC(22944) Metaspace: 304921K->304921K(1349632K)
[2023-11-10T11:49:05.311-0800][76548943ms] GC(22944) Pause Young (Normal) (G1 Evacuation Pause) 3232M->2861M(3602M) 5.984ms
[2023-11-10T11:49:05.311-0800][76548943ms] GC(22944) User=0.00s Sys=0.00s Real=0.01s
[2023-11-10T11:49:05.703-0800][76549335ms] GC(22945) Pause Young (Normal) (G1 Evacuation Pause)
[2023-11-10T11:49:05.703-0800][76549335ms] GC(22945) Using 10 workers of 10 for evacuation
[2023-11-10T11:49:05.712-0800][76549344ms] GC(22945)   Pre Evacuate Collection Set: 0.1ms
[2023-11-10T11:49:05.712-0800][76549344ms] GC(22945)   Evacuate Collection Set: 2.8ms
[2023-11-10T11:49:05.712-0800][76549344ms] GC(22945)   Post Evacuate Collection Set: 5.5ms
[2023-11-10T11:49:05.712-0800][76549344ms] GC(22945)   Other: 0.4ms
[2023-11-10T11:49:05.712-0800][76549344ms] GC(22945) Eden regions: 186->0(186)
[2023-11-10T11:49:05.712-0800][76549344ms] GC(22945) Survivor regions: 1->1(24)
[2023-11-10T11:49:05.712-0800][76549344ms] GC(22945) Old regions: 1426->1426
[2023-11-10T11:49:05.712-0800][76549344ms] GC(22945) Humongous regions: 5->5
[2023-11-10T11:49:05.712-0800][76549344ms] GC(22945) Metaspace: 304921K->304921K(1349632K)
[2023-11-10T11:49:05.712-0800][76549344ms] GC(22945) Pause Young (Normal) (G1 Evacuation Pause) 3233M->2861M(3602M) 8.963ms
[2023-11-10T11:49:05.712-0800][76549344ms] GC(22945) User=0.00s Sys=0.00s Real=0.01s
[2023-11-10T11:49:06.195-0800][76549827ms] GC(22946) Pause Young (Normal) (G1 Evacuation Pause)
[2023-11-10T11:49:06.195-0800][76549827ms] GC(22946) Using 10 workers of 10 for evacuation
[2023-11-10T11:49:06.204-0800][76549836ms] GC(22946)   Pre Evacuate Collection Set: 0.0ms
[2023-11-10T11:49:06.204-0800][76549836ms] GC(22946)   Evacuate Collection Set: 2.5ms
[2023-11-10T11:49:06.204-0800][76549836ms] GC(22946)   Post Evacuate Collection Set: 5.8ms
[2023-11-10T11:49:06.204-0800][76549836ms] GC(22946)   Other: 0.4ms
[2023-11-10T11:49:06.204-0800][76549836ms] GC(22946) Eden regions: 186->0(186)
[2023-11-10T11:49:06.204-0800][76549836ms] GC(22946) Survivor regions: 1->1(24)
[2023-11-10T11:49:06.204-0800][76549836ms] GC(22946) Old regions: 1426->1426
[2023-11-10T11:49:06.204-0800][76549836ms] GC(22946) Humongous regions: 5->5
[2023-11-10T11:49:06.204-0800][76549836ms] GC(22946) Metaspace: 304921K->304921K(1349632K)
[2023-11-10T11:49:06.204-0800][76549836ms] GC(22946) Pause Young (Normal) (G1 Evacuation Pause) 3233M->2861M(3602M) 8.919ms
[2023-11-10T11:49:06.204-0800][76549836ms] GC(22946) User=0.00s Sys=0.00s Real=0.01s
[2023-11-10T11:49:06.738-0800][76550370ms] GC(22947) Pause Young (Normal) (G1 Evacuation Pause)
[2023-11-10T11:49:06.738-0800][76550370ms] GC(22947) Using 10 workers of 10 for evacuation
[2023-11-10T11:49:06.746-0800][76550378ms] GC(22947)   Pre Evacuate Collection Set: 0.1ms
[2023-11-10T11:49:06.746-0800][76550378ms] GC(22947)   Evacuate Collection Set: 2.6ms
[2023-11-10T11:49:06.746-0800][76550378ms] GC(22947)   Post Evacuate Collection Set: 5.0ms
[2023-11-10T11:49:06.746-0800][76550378ms] GC(22947)   Other: 0.5ms
[2023-11-10T11:49:06.746-0800][76550378ms] GC(22947) Eden regions: 186->0(186)
[2023-11-10T11:49:06.746-0800][76550378ms] GC(22947) Survivor regions: 1->1(24)
[2023-11-10T11:49:06.746-0800][76550378ms] GC(22947) Old regions: 1426->1426
[2023-11-10T11:49:06.746-0800][76550378ms] GC(22947) Humongous regions: 5->5
[2023-11-10T11:49:06.746-0800][76550378ms] GC(22947) Metaspace: 304921K->304921K(1349632K)
[2023-11-10T11:49:06.746-0800][76550378ms] GC(22947) Pause Young (Normal) (G1 Evacuation Pause) 3233M->2861M(3602M) 8.301ms
[2023-11-10T11:49:06.746-0800][76550378ms] GC(22947) User=0.00s Sys=0.00s Real=0.01s
[2023-11-10T11:49:07.306-0800][76550938ms] GC(22948) Pause Young (Normal) (G1 Evacuation Pause)
[2023-11-10T11:49:07.306-0800][76550938ms] GC(22948) Using 10 workers of 10 for evacuation
[2023-11-10T11:49:07.313-0800][76550945ms] GC(22948)   Pre Evacuate Collection Set: 0.1ms
[2023-11-10T11:49:07.313-0800][76550945ms] GC(22948)   Evacuate Collection Set: 2.8ms
[2023-11-10T11:49:07.313-0800][76550945ms] GC(22948)   Post Evacuate Collection Set: 3.8ms
[2023-11-10T11:49:07.313-0800][76550945ms] GC(22948)   Other: 0.4ms
[2023-11-10T11:49:07.313-0800][76550945ms] GC(22948) Eden regions: 186->0(186)
[2023-11-10T11:49:07.313-0800][76550945ms] GC(22948) Survivor regions: 1->1(24)
[2023-11-10T11:49:07.313-0800][76550945ms] GC(22948) Old regions: 1426->1426
[2023-11-10T11:49:07.313-0800][76550945ms] GC(22948) Humongous regions: 5->5
[2023-11-10T11:49:07.313-0800][76550945ms] GC(22948) Metaspace: 304921K->304921K(1349632K)
[2023-11-10T11:49:07.313-0800][76550945ms] GC(22948) Pause Young (Normal) (G1 Evacuation Pause) 3233M->2861M(3602M) 7.144ms
[2023-11-10T11:49:07.313-0800][76550945ms] GC(22948) User=0.00s Sys=0.00s Real=0.01s
[2023-11-10T11:49:07.776-0800][76551408ms] GC(22949) Pause Young (Normal) (G1 Evacuation Pause)
[2023-11-10T11:49:07.776-0800][76551408ms] GC(22949) Using 10 workers of 10 for evacuation
[2023-11-10T11:49:07.783-0800][76551415ms] GC(22949)   Pre Evacuate Collection Set: 0.1ms
[2023-11-10T11:49:07.783-0800][76551415ms] GC(22949)   Evacuate Collection Set: 2.4ms
[2023-11-10T11:49:07.783-0800][76551415ms] GC(22949)   Post Evacuate Collection Set: 4.4ms
[2023-11-10T11:49:07.783-0800][76551415ms] GC(22949)   Other: 0.4ms
[2023-11-10T11:49:07.783-0800][76551415ms] GC(22949) Eden regions: 186->0(186)
[2023-11-10T11:49:07.783-0800][76551415ms] GC(22949) Survivor regions: 1->1(24)
[2023-11-10T11:49:07.783-0800][76551415ms] GC(22949) Old regions: 1426->1426
[2023-11-10T11:49:07.783-0800][76551415ms] GC(22949) Humongous regions: 5->5
[2023-11-10T11:49:07.783-0800][76551415ms] GC(22949) Metaspace: 304921K->304921K(1349632K)
[2023-11-10T11:49:07.783-0800][76551415ms] GC(22949) Pause Young (Normal) (G1 Evacuation Pause) 3233M->2861M(3602M) 7.333ms
[2023-11-10T11:49:07.783-0800][76551415ms] GC(22949) User=0.00s Sys=0.00s Real=0.01s
[2023-11-10T11:49:08.327-0800][76551959ms] GC(22950) Pause Young (Normal) (G1 Evacuation Pause)
[2023-11-10T11:49:08.327-0800][76551959ms] GC(22950) Using 10 workers of 10 for evacuation
[2023-11-10T11:49:08.333-0800][76551965ms] GC(22950)   Pre Evacuate Collection Set: 0.0ms
[2023-11-10T11:49:08.333-0800][76551965ms] GC(22950)   Evacuate Collection Set: 1.8ms
[2023-11-10T11:49:08.333-0800][76551965ms] GC(22950)   Post Evacuate Collection Set: 4.2ms
[2023-11-10T11:49:08.333-0800][76551965ms] GC(22950)   Other: 0.3ms
[2023-11-10T11:49:08.333-0800][76551965ms] GC(22950) Eden regions: 186->0(186)
[2023-11-10T11:49:08.333-0800][76551965ms] GC(22950) Survivor regions: 1->1(24)
[2023-11-10T11:49:08.333-0800][76551965ms] GC(22950) Old regions: 1426->1426
[2023-11-10T11:49:08.333-0800][76551965ms] GC(22950) Humongous regions: 5->5
[2023-11-10T11:49:08.333-0800][76551965ms] GC(22950) Metaspace: 304921K->304921K(1349632K)
[2023-11-10T11:49:08.333-0800][76551965ms] GC(22950) Pause Young (Normal) (G1 Evacuation Pause) 3233M->2861M(3602M) 6.446ms
[2023-11-10T11:49:08.333-0800][76551965ms] GC(22950) User=0.00s Sys=0.00s Real=0.01s
[2023-11-10T11:49:08.781-0800][76552413ms] GC(22951) Pause Young (Normal) (G1 Evacuation Pause)
[2023-11-10T11:49:08.781-0800][76552413ms] GC(22951) Using 10 workers of 10 for evacuation
[2023-11-10T11:49:08.788-0800][76552420ms] GC(22951)   Pre Evacuate Collection Set: 0.0ms
[2023-11-10T11:49:08.789-0800][76552421ms] GC(22951)   Evacuate Collection Set: 1.8ms
[2023-11-10T11:49:08.789-0800][76552421ms] GC(22951)   Post Evacuate Collection Set: 4.7ms
[2023-11-10T11:49:08.789-0800][76552421ms] GC(22951)   Other: 0.3ms
[2023-11-10T11:49:08.789-0800][76552421ms] GC(22951) Eden regions: 186->0(186)
[2023-11-10T11:49:08.789-0800][76552421ms] GC(22951) Survivor regions: 1->1(24)
[2023-11-10T11:49:08.789-0800][76552421ms] GC(22951) Old regions: 1426->1426
[2023-11-10T11:49:08.789-0800][76552421ms] GC(22951) Humongous regions: 5->5
[2023-11-10T11:49:08.789-0800][76552421ms] GC(22951) Metaspace: 304921K->304921K(1349632K)
[2023-11-10T11:49:08.789-0800][76552421ms] GC(22951) Pause Young (Normal) (G1 Evacuation Pause) 3233M->2862M(3602M) 6.957ms
[2023-11-10T11:49:08.789-0800][76552421ms] GC(22951) User=0.00s Sys=0.00s Real=0.01s
[2023-11-10T11:49:09.238-0800][76552870ms] GC(22952) Pause Young (Normal) (G1 Evacuation Pause)
[2023-11-10T11:49:09.238-0800][76552870ms] GC(22952) Using 10 workers of 10 for evacuation
[2023-11-10T11:49:09.247-0800][76552879ms] GC(22952)   Pre Evacuate Collection Set: 0.0ms
[2023-11-10T11:49:09.247-0800][76552879ms] GC(22952)   Evacuate Collection Set: 1.9ms
[2023-11-10T11:49:09.247-0800][76552879ms] GC(22952)   Post Evacuate Collection Set: 5.9ms
[2023-11-10T11:49:09.247-0800][76552879ms] GC(22952)   Other: 0.3ms
[2023-11-10T11:49:09.247-0800][76552879ms] GC(22952) Eden regions: 186->0(186)
[2023-11-10T11:49:09.247-0800][76552879ms] GC(22952) Survivor regions: 1->1(24)
[2023-11-10T11:49:09.247-0800][76552879ms] GC(22952) Old regions: 1426->1426
[2023-11-10T11:49:09.247-0800][76552879ms] GC(22952) Humongous regions: 5->5
[2023-11-10T11:49:09.247-0800][76552879ms] GC(22952) Metaspace: 304921K->304921K(1349632K)
[2023-11-10T11:49:09.247-0800][76552879ms] GC(22952) Pause Young (Normal) (G1 Evacuation Pause) 3234M->2862M(3602M) 8.212ms
[2023-11-10T11:49:09.247-0800][76552879ms] GC(22952) User=0.00s Sys=0.00s Real=0.01s
[2023-11-10T11:49:09.692-0800][76553324ms] GC(22953) Pause Young (Normal) (G1 Evacuation Pause)
[2023-11-10T11:49:09.692-0800][76553324ms] GC(22953) Using 10 workers of 10 for evacuation
[2023-11-10T11:49:09.698-0800][76553330ms] GC(22953)   Pre Evacuate Collection Set: 0.1ms
[2023-11-10T11:49:09.699-0800][76553331ms] GC(22953)   Evacuate Collection Set: 2.0ms
[2023-11-10T11:49:09.699-0800][76553331ms] GC(22953)   Post Evacuate Collection Set: 4.1ms
[2023-11-10T11:49:09.699-0800][76553331ms] GC(22953)   Other: 0.3ms
[2023-11-10T11:49:09.699-0800][76553331ms] GC(22953) Eden regions: 186->0(186)
[2023-11-10T11:49:09.699-0800][76553331ms] GC(22953) Survivor regions: 1->1(24)
[2023-11-10T11:49:09.699-0800][76553331ms] GC(22953) Old regions: 1426->1426
[2023-11-10T11:49:09.699-0800][76553331ms] GC(22953) Humongous regions: 5->5
[2023-11-10T11:49:09.699-0800][76553331ms] GC(22953) Metaspace: 304921K->304921K(1349632K)
[2023-11-10T11:49:09.699-0800][76553331ms] GC(22953) Pause Young (Normal) (G1 Evacuation Pause) 3234M->2861M(3602M) 6.594ms
[2023-11-10T11:49:09.699-0800][76553331ms] GC(22953) User=0.00s Sys=0.00s Real=0.01s
[2023-11-10T11:49:10.231-0800][76553863ms] GC(22954) Pause Young (Normal) (G1 Evacuation Pause)
[2023-11-10T11:49:10.231-0800][76553863ms] GC(22954) Using 10 workers of 10 for evacuation
[2023-11-10T11:49:10.235-0800][76553867ms] GC(22954)   Pre Evacuate Collection Set: 0.0ms
[2023-11-10T11:49:10.235-0800][76553867ms] GC(22954)   Evacuate Collection Set: 1.7ms
[2023-11-10T11:49:10.235-0800][76553867ms] GC(22954)   Post Evacuate Collection Set: 3.1ms
[2023-11-10T11:49:10.235-0800][76553867ms] GC(22954)   Other: 0.2ms
[2023-11-10T11:49:10.235-0800][76553867ms] GC(22954) Eden regions: 186->0(186)
[2023-11-10T11:49:10.235-0800][76553867ms] GC(22954) Survivor regions: 1->1(24)
[2023-11-10T11:49:10.235-0800][76553867ms] GC(22954) Old regions: 1426->1426
[2023-11-10T11:49:10.235-0800][76553867ms] GC(22954) Humongous regions: 5->5
[2023-11-10T11:49:10.235-0800][76553867ms] GC(22954) Metaspace: 304921K->304921K(1349632K)
[2023-11-10T11:49:10.235-0800][76553867ms] GC(22954) Pause Young (Normal) (G1 Evacuation Pause) 3233M->2861M(3602M) 5.192ms
[2023-11-10T11:49:10.235-0800][76553867ms] GC(22954) User=0.00s Sys=0.00s Real=0.00s
[2023-11-10T11:49:10.729-0800][76554361ms] GC(22955) Pause Young (Normal) (G1 Evacuation Pause)
[2023-11-10T11:49:10.729-0800][76554361ms] GC(22955) Using 10 workers of 10 for evacuation
[2023-11-10T11:49:10.734-0800][76554366ms] GC(22955)   Pre Evacuate Collection Set: 0.1ms
[2023-11-10T11:49:10.734-0800][76554366ms] GC(22955)   Evacuate Collection Set: 1.7ms
[2023-11-10T11:49:10.734-0800][76554366ms] GC(22955)   Post Evacuate Collection Set: 3.2ms
[2023-11-10T11:49:10.734-0800][76554366ms] GC(22955)   Other: 0.3ms
[2023-11-10T11:49:10.734-0800][76554366ms] GC(22955) Eden regions: 186->0(186)
[2023-11-10T11:49:10.734-0800][76554366ms] GC(22955) Survivor regions: 1->1(24)
[2023-11-10T11:49:10.734-0800][76554366ms] GC(22955) Old regions: 1426->1426
[2023-11-10T11:49:10.734-0800][76554366ms] GC(22955) Humongous regions: 5->5
[2023-11-10T11:49:10.734-0800][76554366ms] GC(22955) Metaspace: 304921K->304921K(1349632K)
[2023-11-10T11:49:10.734-0800][76554366ms] GC(22955) Pause Young (Normal) (G1 Evacuation Pause) 3233M->2861M(3602M) 5.351ms
[2023-11-10T11:49:10.734-0800][76554366ms] GC(22955) User=0.00s Sys=0.00s Real=0.00s
[2023-11-10T11:49:11.204-0800][76554836ms] GC(22956) Pause Young (Normal) (G1 Evacuation Pause)
[2023-11-10T11:49:11.204-0800][76554836ms] GC(22956) Using 10 workers of 10 for evacuation
[2023-11-10T11:49:11.209-0800][76554841ms] GC(22956)   Pre Evacuate Collection Set: 0.0ms
[2023-11-10T11:49:11.209-0800][76554841ms] GC(22956)   Evacuate Collection Set: 1.7ms
[2023-11-10T11:49:11.209-0800][76554841ms] GC(22956)   Post Evacuate Collection Set: 3.3ms
[2023-11-10T11:49:11.209-0800][76554841ms] GC(22956)   Other: 0.3ms
[2023-11-10T11:49:11.209-0800][76554841ms] GC(22956) Eden regions: 186->0(186)
[2023-11-10T11:49:11.209-0800][76554841ms] GC(22956) Survivor regions: 1->1(24)
[2023-11-10T11:49:11.209-0800][76554841ms] GC(22956) Old regions: 1426->1426
[2023-11-10T11:49:11.209-0800][76554841ms] GC(22956) Humongous regions: 5->5
[2023-11-10T11:49:11.209-0800][76554841ms] GC(22956) Metaspace: 304921K->304921K(1349632K)
[2023-11-10T11:49:11.209-0800][76554841ms] GC(22956) Pause Young (Normal) (G1 Evacuation Pause) 3233M->2861M(3602M) 5.419ms
[2023-11-10T11:49:11.209-0800][76554841ms] GC(22956) User=0.00s Sys=0.00s Real=0.01s
[2023-11-10T11:49:11.674-0800][76555306ms] GC(22957) Pause Young (Normal) (G1 Evacuation Pause)
[2023-11-10T11:49:11.674-0800][76555306ms] GC(22957) Using 10 workers of 10 for evacuation
[2023-11-10T11:49:11.678-0800][76555310ms] GC(22957)   Pre Evacuate Collection Set: 0.0ms
[2023-11-10T11:49:11.678-0800][76555310ms] GC(22957)   Evacuate Collection Set: 1.7ms
[2023-11-10T11:49:11.678-0800][76555310ms] GC(22957)   Post Evacuate Collection Set: 2.9ms
[2023-11-10T11:49:11.678-0800][76555310ms] GC(22957)   Other: 0.2ms
[2023-11-10T11:49:11.678-0800][76555310ms] GC(22957) Eden regions: 186->0(186)
[2023-11-10T11:49:11.678-0800][76555310ms] GC(22957) Survivor regions: 1->1(24)
[2023-11-10T11:49:11.678-0800][76555310ms] GC(22957) Old regions: 1426->1426
[2023-11-10T11:49:11.678-0800][76555310ms] GC(22957) Humongous regions: 5->5
[2023-11-10T11:49:11.678-0800][76555310ms] GC(22957) Metaspace: 304921K->304921K(1349632K)
[2023-11-10T11:49:11.678-0800][76555310ms] GC(22957) Pause Young (Normal) (G1 Evacuation Pause) 3233M->2861M(3602M) 4.936ms
[2023-11-10T11:49:11.678-0800][76555310ms] GC(22957) User=0.00s Sys=0.00s Real=0.00s
[2023-11-10T11:49:12.167-0800][76555799ms] GC(22958) Pause Young (Normal) (G1 Evacuation Pause)
[2023-11-10T11:49:12.167-0800][76555799ms] GC(22958) Using 10 workers of 10 for evacuation
[2023-11-10T11:49:12.172-0800][76555804ms] GC(22958)   Pre Evacuate Collection Set: 0.0ms
[2023-11-10T11:49:12.172-0800][76555804ms] GC(22958)   Evacuate Collection Set: 1.8ms
[2023-11-10T11:49:12.172-0800][76555804ms] GC(22958)   Post Evacuate Collection Set: 3.0ms
[2023-11-10T11:49:12.172-0800][76555804ms] GC(22958)   Other: 0.3ms
[2023-11-10T11:49:12.172-0800][76555804ms] GC(22958) Eden regions: 186->0(186)
[2023-11-10T11:49:12.172-0800][76555804ms] GC(22958) Survivor regions: 1->1(24)
[2023-11-10T11:49:12.172-0800][76555804ms] GC(22958) Old regions: 1426->1426
[2023-11-10T11:49:12.172-0800][76555804ms] GC(22958) Humongous regions: 5->5
[2023-11-10T11:49:12.172-0800][76555804ms] GC(22958) Metaspace: 304921K->304921K(1349632K)
[2023-11-10T11:49:12.172-0800][76555804ms] GC(22958) Pause Young (Normal) (G1 Evacuation Pause) 3233M->2861M(3602M) 5.284ms
[2023-11-10T11:49:12.172-0800][76555804ms] GC(22958) User=0.00s Sys=0.00s Real=0.00s
[2023-11-10T11:49:12.658-0800][76556290ms] GC(22959) Pause Young (Normal) (G1 Evacuation Pause)
[2023-11-10T11:49:12.658-0800][76556290ms] GC(22959) Using 10 workers of 10 for evacuation
[2023-11-10T11:49:12.663-0800][76556295ms] GC(22959)   Pre Evacuate Collection Set: 0.0ms
[2023-11-10T11:49:12.663-0800][76556295ms] GC(22959)   Evacuate Collection Set: 2.0ms
[2023-11-10T11:49:12.663-0800][76556295ms] GC(22959)   Post Evacuate Collection Set: 3.0ms
[2023-11-10T11:49:12.663-0800][76556295ms] GC(22959)   Other: 0.4ms
[2023-11-10T11:49:12.663-0800][76556295ms] GC(22959) Eden regions: 186->0(186)
[2023-11-10T11:49:12.663-0800][76556295ms] GC(22959) Survivor regions: 1->1(24)
[2023-11-10T11:49:12.663-0800][76556295ms] GC(22959) Old regions: 1426->1426
[2023-11-10T11:49:12.663-0800][76556295ms] GC(22959) Humongous regions: 5->5
[2023-11-10T11:49:12.663-0800][76556295ms] GC(22959) Metaspace: 304921K->304921K(1349632K)
[2023-11-10T11:49:12.663-0800][76556295ms] GC(22959) Pause Young (Normal) (G1 Evacuation Pause) 3233M->2861M(3602M) 5.457ms
[2023-11-10T11:49:12.665-0800][76556297ms] GC(22959) User=0.00s Sys=0.00s Real=0.01s
[2023-11-10T11:49:13.013-0800][76556645ms] GC(22960) Pause Young (Normal) (G1 Evacuation Pause)
[2023-11-10T11:49:13.013-0800][76556645ms] GC(22960) Using 10 workers of 10 for evacuation
[2023-11-10T11:49:13.018-0800][76556650ms] GC(22960)   Pre Evacuate Collection Set: 0.1ms
[2023-11-10T11:49:13.018-0800][76556650ms] GC(22960)   Evacuate Collection Set: 1.9ms
[2023-11-10T11:49:13.018-0800][76556650ms] GC(22960)   Post Evacuate Collection Set: 3.3ms
[2023-11-10T11:49:13.018-0800][76556650ms] GC(22960)   Other: 0.3ms
[2023-11-10T11:49:13.018-0800][76556650ms] GC(22960) Eden regions: 186->0(186)
[2023-11-10T11:49:13.018-0800][76556650ms] GC(22960) Survivor regions: 1->1(24)
[2023-11-10T11:49:13.018-0800][76556650ms] GC(22960) Old regions: 1426->1426
[2023-11-10T11:49:13.018-0800][76556650ms] GC(22960) Humongous regions: 5->5
[2023-11-10T11:49:13.018-0800][76556650ms] GC(22960) Metaspace: 304921K->304921K(1349632K)
[2023-11-10T11:49:13.018-0800][76556650ms] GC(22960) Pause Young (Normal) (G1 Evacuation Pause) 3233M->2861M(3602M) 5.589ms
[2023-11-10T11:49:13.018-0800][76556650ms] GC(22960) User=0.00s Sys=0.00s Real=0.00s
[2023-11-10T11:49:13.487-0800][76557119ms] GC(22961) Pause Young (Normal) (G1 Evacuation Pause)
[2023-11-10T11:49:13.487-0800][76557119ms] GC(22961) Using 10 workers of 10 for evacuation
[2023-11-10T11:49:13.493-0800][76557125ms] GC(22961)   Pre Evacuate Collection Set: 0.0ms
[2023-11-10T11:49:13.493-0800][76557125ms] GC(22961)   Evacuate Collection Set: 1.6ms
[2023-11-10T11:49:13.493-0800][76557125ms] GC(22961)   Post Evacuate Collection Set: 3.3ms
[2023-11-10T11:49:13.493-0800][76557125ms] GC(22961)   Other: 0.3ms
[2023-11-10T11:49:13.493-0800][76557125ms] GC(22961) Eden regions: 186->0(186)
[2023-11-10T11:49:13.493-0800][76557125ms] GC(22961) Survivor regions: 1->1(24)
[2023-11-10T11:49:13.493-0800][76557125ms] GC(22961) Old regions: 1426->1426
[2023-11-10T11:49:13.493-0800][76557125ms] GC(22961) Humongous regions: 5->5
[2023-11-10T11:49:13.493-0800][76557125ms] GC(22961) Metaspace: 304921K->304921K(1349632K)
[2023-11-10T11:49:13.493-0800][76557125ms] GC(22961) Pause Young (Normal) (G1 Evacuation Pause) 3233M->2861M(3602M) 5.260ms
[2023-11-10T11:49:13.493-0800][76557125ms] GC(22961) User=0.00s Sys=0.00s Real=0.01s
[2023-11-10T11:49:13.934-0800][76557566ms] GC(22962) Pause Young (Normal) (G1 Evacuation Pause)
[2023-11-10T11:49:13.934-0800][76557566ms] GC(22962) Using 10 workers of 10 for evacuation
[2023-11-10T11:49:13.939-0800][76557571ms] GC(22962)   Pre Evacuate Collection Set: 0.0ms
[2023-11-10T11:49:13.939-0800][76557571ms] GC(22962)   Evacuate Collection Set: 1.6ms
[2023-11-10T11:49:13.939-0800][76557571ms] GC(22962)   Post Evacuate Collection Set: 3.2ms
[2023-11-10T11:49:13.939-0800][76557571ms] GC(22962)   Other: 0.2ms
[2023-11-10T11:49:13.939-0800][76557571ms] GC(22962) Eden regions: 186->0(186)
[2023-11-10T11:49:13.939-0800][76557571ms] GC(22962) Survivor regions: 1->1(24)
[2023-11-10T11:49:13.939-0800][76557571ms] GC(22962) Old regions: 1426->1426
[2023-11-10T11:49:13.939-0800][76557571ms] GC(22962) Humongous regions: 5->5
[2023-11-10T11:49:13.939-0800][76557571ms] GC(22962) Metaspace: 304921K->304921K(1349632K)
[2023-11-10T11:49:13.939-0800][76557571ms] GC(22962) Pause Young (Normal) (G1 Evacuation Pause) 3233M->2861M(3602M) 5.203ms
[2023-11-10T11:49:13.939-0800][76557571ms] GC(22962) User=0.00s Sys=0.00s Real=0.00s
[2023-11-10T11:49:14.414-0800][76558046ms] GC(22963) Pause Young (Normal) (G1 Evacuation Pause)
[2023-11-10T11:49:14.414-0800][76558046ms] GC(22963) Using 10 workers of 10 for evacuation
[2023-11-10T11:49:14.419-0800][76558051ms] GC(22963)   Pre Evacuate Collection Set: 0.0ms
[2023-11-10T11:49:14.419-0800][76558051ms] GC(22963)   Evacuate Collection Set: 1.6ms
[2023-11-10T11:49:14.419-0800][76558051ms] GC(22963)   Post Evacuate Collection Set: 3.0ms
[2023-11-10T11:49:14.419-0800][76558051ms] GC(22963)   Other: 0.3ms
[2023-11-10T11:49:14.419-0800][76558051ms] GC(22963) Eden regions: 186->0(186)
[2023-11-10T11:49:14.419-0800][76558051ms] GC(22963) Survivor regions: 1->1(24)
[2023-11-10T11:49:14.419-0800][76558051ms] GC(22963) Old regions: 1426->1426
[2023-11-10T11:49:14.419-0800][76558051ms] GC(22963) Humongous regions: 5->5
[2023-11-10T11:49:14.419-0800][76558051ms] GC(22963) Metaspace: 304921K->304921K(1349632K)
[2023-11-10T11:49:14.419-0800][76558051ms] GC(22963) Pause Young (Normal) (G1 Evacuation Pause) 3233M->2861M(3602M) 5.026ms
[2023-11-10T11:49:14.419-0800][76558051ms] GC(22963) User=0.00s Sys=0.00s Real=0.00s
[2023-11-10T11:49:14.855-0800][76558487ms] GC(22964) Pause Young (Normal) (G1 Evacuation Pause)
[2023-11-10T11:49:14.855-0800][76558487ms] GC(22964) Using 10 workers of 10 for evacuation
[2023-11-10T11:49:14.861-0800][76558493ms] GC(22964)   Pre Evacuate Collection Set: 0.1ms
[2023-11-10T11:49:14.861-0800][76558493ms] GC(22964)   Evacuate Collection Set: 2.7ms
[2023-11-10T11:49:14.861-0800][76558493ms] GC(22964)   Post Evacuate Collection Set: 4.0ms
[2023-11-10T11:49:14.861-0800][76558493ms] GC(22964)   Other: 0.4ms
[2023-11-10T11:49:14.861-0800][76558493ms] GC(22964) Eden regions: 186->0(186)
[2023-11-10T11:49:14.861-0800][76558493ms] GC(22964) Survivor regions: 1->1(24)
[2023-11-10T11:49:14.861-0800][76558493ms] GC(22964) Old regions: 1426->1426
[2023-11-10T11:49:14.861-0800][76558493ms] GC(22964) Humongous regions: 5->5
[2023-11-10T11:49:14.861-0800][76558493ms] GC(22964) Metaspace: 304921K->304921K(1349632K)
[2023-11-10T11:49:14.862-0800][76558494ms] GC(22964) Pause Young (Normal) (G1 Evacuation Pause) 3233M->2861M(3602M) 7.191ms
[2023-11-10T11:49:14.862-0800][76558494ms] GC(22964) User=0.00s Sys=0.00s Real=0.01s
[2023-11-10T11:49:15.320-0800][76558952ms] GC(22965) Pause Young (Normal) (G1 Evacuation Pause)
[2023-11-10T11:49:15.320-0800][76558952ms] GC(22965) Using 10 workers of 10 for evacuation
[2023-11-10T11:49:15.326-0800][76558958ms] GC(22965)   Pre Evacuate Collection Set: 0.0ms
[2023-11-10T11:49:15.326-0800][76558958ms] GC(22965)   Evacuate Collection Set: 1.6ms
[2023-11-10T11:49:15.326-0800][76558958ms] GC(22965)   Post Evacuate Collection Set: 3.1ms
[2023-11-10T11:49:15.326-0800][76558958ms] GC(22965)   Other: 0.2ms
[2023-11-10T11:49:15.326-0800][76558958ms] GC(22965) Eden regions: 186->0(186)
[2023-11-10T11:49:15.326-0800][76558958ms] GC(22965) Survivor regions: 1->1(24)
[2023-11-10T11:49:15.326-0800][76558958ms] GC(22965) Old regions: 1426->1426
[2023-11-10T11:49:15.326-0800][76558958ms] GC(22965) Humongous regions: 5->5
[2023-11-10T11:49:15.326-0800][76558958ms] GC(22965) Metaspace: 304921K->304921K(1349632K)
[2023-11-10T11:49:15.326-0800][76558958ms] GC(22965) Pause Young (Normal) (G1 Evacuation Pause) 3233M->2861M(3602M) 5.057ms
[2023-11-10T11:49:15.326-0800][76558958ms] GC(22965) User=0.00s Sys=0.00s Real=0.01s
[2023-11-10T11:49:15.802-0800][76559434ms] GC(22966) Pause Young (Normal) (G1 Evacuation Pause)
[2023-11-10T11:49:15.802-0800][76559434ms] GC(22966) Using 10 workers of 10 for evacuation
[2023-11-10T11:49:15.808-0800][76559440ms] GC(22966)   Pre Evacuate Collection Set: 0.1ms
[2023-11-10T11:49:15.808-0800][76559440ms] GC(22966)   Evacuate Collection Set: 2.3ms
[2023-11-10T11:49:15.808-0800][76559440ms] GC(22966)   Post Evacuate Collection Set: 3.8ms
[2023-11-10T11:49:15.808-0800][76559440ms] GC(22966)   Other: 0.4ms
[2023-11-10T11:49:15.808-0800][76559440ms] GC(22966) Eden regions: 186->0(186)
[2023-11-10T11:49:15.808-0800][76559440ms] GC(22966) Survivor regions: 1->1(24)
[2023-11-10T11:49:15.808-0800][76559440ms] GC(22966) Old regions: 1426->1426
[2023-11-10T11:49:15.808-0800][76559440ms] GC(22966) Humongous regions: 5->5
[2023-11-10T11:49:15.808-0800][76559440ms] GC(22966) Metaspace: 304921K->304921K(1349632K)
[2023-11-10T11:49:15.808-0800][76559440ms] GC(22966) Pause Young (Normal) (G1 Evacuation Pause) 3233M->2862M(3602M) 6.765ms
[2023-11-10T11:49:15.808-0800][76559440ms] GC(22966) User=0.00s Sys=0.00s Real=0.01s
[2023-11-10T11:49:16.223-0800][76559855ms] GC(22967) Pause Young (Normal) (G1 Evacuation Pause)
[2023-11-10T11:49:16.223-0800][76559855ms] GC(22967) Using 10 workers of 10 for evacuation
[2023-11-10T11:49:16.230-0800][76559862ms] GC(22967)   Pre Evacuate Collection Set: 0.1ms
[2023-11-10T11:49:16.230-0800][76559862ms] GC(22967)   Evacuate Collection Set: 2.5ms
[2023-11-10T11:49:16.230-0800][76559862ms] GC(22967)   Post Evacuate Collection Set: 3.9ms
[2023-11-10T11:49:16.230-0800][76559862ms] GC(22967)   Other: 0.3ms
[2023-11-10T11:49:16.230-0800][76559862ms] GC(22967) Eden regions: 186->0(187)
[2023-11-10T11:49:16.230-0800][76559862ms] GC(22967) Survivor regions: 1->1(24)
[2023-11-10T11:49:16.230-0800][76559862ms] GC(22967) Old regions: 1426->1426
[2023-11-10T11:49:16.230-0800][76559862ms] GC(22967) Humongous regions: 5->5
[2023-11-10T11:49:16.230-0800][76559862ms] GC(22967) Metaspace: 304921K->304921K(1349632K)
[2023-11-10T11:49:16.230-0800][76559862ms] GC(22967) Pause Young (Normal) (G1 Evacuation Pause) 3234M->2862M(3602M) 6.915ms
[2023-11-10T11:49:16.230-0800][76559862ms] GC(22967) User=0.05s Sys=0.00s Real=0.01s
[2023-11-10T11:49:16.704-0800][76560336ms] GC(22968) Pause Young (Normal) (G1 Evacuation Pause)
[2023-11-10T11:49:16.704-0800][76560336ms] GC(22968) Using 10 workers of 10 for evacuation
[2023-11-10T11:49:16.712-0800][76560344ms] GC(22968)   Pre Evacuate Collection Set: 0.1ms
[2023-11-10T11:49:16.712-0800][76560344ms] GC(22968)   Evacuate Collection Set: 2.3ms
[2023-11-10T11:49:16.712-0800][76560344ms] GC(22968)   Post Evacuate Collection Set: 4.8ms
[2023-11-10T11:49:16.712-0800][76560344ms] GC(22968)   Other: 0.4ms
[2023-11-10T11:49:16.712-0800][76560344ms] GC(22968) Eden regions: 187->0(187)
[2023-11-10T11:49:16.712-0800][76560344ms] GC(22968) Survivor regions: 1->1(24)
[2023-11-10T11:49:16.712-0800][76560344ms] GC(22968) Old regions: 1426->1426
[2023-11-10T11:49:16.712-0800][76560344ms] GC(22968) Humongous regions: 5->5
[2023-11-10T11:49:16.712-0800][76560344ms] GC(22968) Metaspace: 304921K->304921K(1349632K)
[2023-11-10T11:49:16.712-0800][76560344ms] GC(22968) Pause Young (Normal) (G1 Evacuation Pause) 3236M->2862M(3602M) 7.662ms
[2023-11-10T11:49:16.712-0800][76560344ms] GC(22968) User=0.00s Sys=0.00s Real=0.01s
[2023-11-10T11:49:17.230-0800][76560862ms] GC(22969) Pause Young (Normal) (G1 Evacuation Pause)
[2023-11-10T11:49:17.230-0800][76560862ms] GC(22969) Using 10 workers of 10 for evacuation
[2023-11-10T11:49:17.237-0800][76560869ms] GC(22969)   Pre Evacuate Collection Set: 0.1ms
[2023-11-10T11:49:17.237-0800][76560869ms] GC(22969)   Evacuate Collection Set: 2.3ms
[2023-11-10T11:49:17.237-0800][76560869ms] GC(22969)   Post Evacuate Collection Set: 5.2ms
[2023-11-10T11:49:17.237-0800][76560869ms] GC(22969)   Other: 0.4ms
[2023-11-10T11:49:17.237-0800][76560869ms] GC(22969) Eden regions: 187->0(187)
[2023-11-10T11:49:17.237-0800][76560869ms] GC(22969) Survivor regions: 1->1(24)
[2023-11-10T11:49:17.237-0800][76560869ms] GC(22969) Old regions: 1426->1426
[2023-11-10T11:49:17.237-0800][76560869ms] GC(22969) Humongous regions: 5->5
[2023-11-10T11:49:17.237-0800][76560869ms] GC(22969) Metaspace: 304921K->304921K(1349632K)
[2023-11-10T11:49:17.237-0800][76560869ms] GC(22969) Pause Young (Normal) (G1 Evacuation Pause) 3236M->2862M(3602M) 8.031ms
[2023-11-10T11:49:17.237-0800][76560869ms] GC(22969) User=0.00s Sys=0.00s Real=0.01s
[2023-11-10T11:49:17.699-0800][76561331ms] GC(22970) Pause Young (Normal) (G1 Evacuation Pause)
[2023-11-10T11:49:17.699-0800][76561331ms] GC(22970) Using 10 workers of 10 for evacuation
[2023-11-10T11:49:17.710-0800][76561342ms] GC(22970)   Pre Evacuate Collection Set: 0.1ms
[2023-11-10T11:49:17.710-0800][76561342ms] GC(22970)   Evacuate Collection Set: 2.8ms
[2023-11-10T11:49:17.710-0800][76561342ms] GC(22970)   Post Evacuate Collection Set: 6.4ms
[2023-11-10T11:49:17.710-0800][76561342ms] GC(22970)   Other: 0.4ms
[2023-11-10T11:49:17.710-0800][76561342ms] GC(22970) Eden regions: 187->0(187)
[2023-11-10T11:49:17.710-0800][76561342ms] GC(22970) Survivor regions: 1->1(24)
[2023-11-10T11:49:17.710-0800][76561342ms] GC(22970) Old regions: 1426->1426
[2023-11-10T11:49:17.710-0800][76561342ms] GC(22970) Humongous regions: 5->5
[2023-11-10T11:49:17.710-0800][76561342ms] GC(22970) Metaspace: 304921K->304921K(1349632K)
[2023-11-10T11:49:17.710-0800][76561342ms] GC(22970) Pause Young (Normal) (G1 Evacuation Pause) 3236M->2862M(3602M) 9.855ms
[2023-11-10T11:49:17.710-0800][76561342ms] GC(22970) User=0.00s Sys=0.00s Real=0.01s
[2023-11-10T11:49:18.236-0800][76561868ms] GC(22971) Pause Young (Normal) (G1 Evacuation Pause)
[2023-11-10T11:49:18.236-0800][76561868ms] GC(22971) Using 10 workers of 10 for evacuation
[2023-11-10T11:49:18.244-0800][76561876ms] GC(22971)   Pre Evacuate Collection Set: 0.1ms
[2023-11-10T11:49:18.244-0800][76561876ms] GC(22971)   Evacuate Collection Set: 2.3ms
[2023-11-10T11:49:18.244-0800][76561876ms] GC(22971)   Post Evacuate Collection Set: 5.3ms
[2023-11-10T11:49:18.244-0800][76561876ms] GC(22971)   Other: 0.4ms
[2023-11-10T11:49:18.244-0800][76561876ms] GC(22971) Eden regions: 187->0(187)
[2023-11-10T11:49:18.244-0800][76561876ms] GC(22971) Survivor regions: 1->1(24)
[2023-11-10T11:49:18.244-0800][76561876ms] GC(22971) Old regions: 1426->1426
[2023-11-10T11:49:18.244-0800][76561876ms] GC(22971) Humongous regions: 5->5
[2023-11-10T11:49:18.244-0800][76561876ms] GC(22971) Metaspace: 304921K->304921K(1349632K)
[2023-11-10T11:49:18.245-0800][76561877ms] GC(22971) Pause Young (Normal) (G1 Evacuation Pause) 3236M->2862M(3602M) 8.247ms
[2023-11-10T11:49:18.245-0800][76561877ms] GC(22971) User=0.00s Sys=0.00s Real=0.01s
[2023-11-10T11:49:18.760-0800][76562392ms] GC(22972) Pause Young (Normal) (G1 Evacuation Pause)
[2023-11-10T11:49:18.760-0800][76562392ms] GC(22972) Using 10 workers of 10 for evacuation
[2023-11-10T11:49:18.766-0800][76562398ms] GC(22972)   Pre Evacuate Collection Set: 0.1ms
[2023-11-10T11:49:18.766-0800][76562398ms] GC(22972)   Evacuate Collection Set: 2.1ms
[2023-11-10T11:49:18.766-0800][76562398ms] GC(22972)   Post Evacuate Collection Set: 3.3ms
[2023-11-10T11:49:18.766-0800][76562398ms] GC(22972)   Other: 0.3ms
[2023-11-10T11:49:18.766-0800][76562398ms] GC(22972) Eden regions: 187->0(187)
[2023-11-10T11:49:18.766-0800][76562398ms] GC(22972) Survivor regions: 1->1(24)
[2023-11-10T11:49:18.766-0800][76562398ms] GC(22972) Old regions: 1426->1426
[2023-11-10T11:49:18.766-0800][76562398ms] GC(22972) Humongous regions: 5->5
[2023-11-10T11:49:18.766-0800][76562398ms] GC(22972) Metaspace: 304921K->304921K(1349632K)
[2023-11-10T11:49:18.766-0800][76562398ms] GC(22972) Pause Young (Normal) (G1 Evacuation Pause) 3236M->2862M(3602M) 5.913ms
[2023-11-10T11:49:18.766-0800][76562398ms] GC(22972) User=0.00s Sys=0.00s Real=0.01s
[2023-11-10T11:49:19.207-0800][76562839ms] GC(22973) Pause Young (Normal) (G1 Evacuation Pause)
[2023-11-10T11:49:19.207-0800][76562839ms] GC(22973) Using 10 workers of 10 for evacuation
[2023-11-10T11:49:19.213-0800][76562845ms] GC(22973)   Pre Evacuate Collection Set: 0.0ms
[2023-11-10T11:49:19.213-0800][76562845ms] GC(22973)   Evacuate Collection Set: 1.7ms
[2023-11-10T11:49:19.213-0800][76562845ms] GC(22973)   Post Evacuate Collection Set: 3.9ms
[2023-11-10T11:49:19.213-0800][76562845ms] GC(22973)   Other: 0.2ms
[2023-11-10T11:49:19.213-0800][76562845ms] GC(22973) Eden regions: 187->0(187)
[2023-11-10T11:49:19.213-0800][76562845ms] GC(22973) Survivor regions: 1->1(24)
[2023-11-10T11:49:19.213-0800][76562845ms] GC(22973) Old regions: 1426->1426
[2023-11-10T11:49:19.213-0800][76562845ms] GC(22973) Humongous regions: 5->5
[2023-11-10T11:49:19.213-0800][76562845ms] GC(22973) Metaspace: 304921K->304921K(1349632K)
[2023-11-10T11:49:19.213-0800][76562845ms] GC(22973) Pause Young (Normal) (G1 Evacuation Pause) 3236M->2862M(3602M) 6.004ms
[2023-11-10T11:49:19.213-0800][76562845ms] GC(22973) User=0.02s Sys=0.00s Real=0.01s
[2023-11-10T11:49:19.676-0800][76563308ms] GC(22974) Pause Young (Normal) (G1 Evacuation Pause)
[2023-11-10T11:49:19.676-0800][76563308ms] GC(22974) Using 10 workers of 10 for evacuation
[2023-11-10T11:49:19.687-0800][76563319ms] GC(22974)   Pre Evacuate Collection Set: 0.1ms
[2023-11-10T11:49:19.687-0800][76563319ms] GC(22974)   Evacuate Collection Set: 1.9ms
[2023-11-10T11:49:19.687-0800][76563319ms] GC(22974)   Post Evacuate Collection Set: 9.2ms
[2023-11-10T11:49:19.687-0800][76563319ms] GC(22974)   Other: 0.4ms
[2023-11-10T11:49:19.687-0800][76563319ms] GC(22974) Eden regions: 187->0(187)
[2023-11-10T11:49:19.687-0800][76563319ms] GC(22974) Survivor regions: 1->1(24)
[2023-11-10T11:49:19.687-0800][76563319ms] GC(22974) Old regions: 1426->1426
[2023-11-10T11:49:19.687-0800][76563319ms] GC(22974) Humongous regions: 5->5
[2023-11-10T11:49:19.687-0800][76563319ms] GC(22974) Metaspace: 304921K->304921K(1349632K)
[2023-11-10T11:49:19.687-0800][76563319ms] GC(22974) Pause Young (Normal) (G1 Evacuation Pause) 3236M->2862M(3602M) 11.610ms
[2023-11-10T11:49:19.687-0800][76563319ms] GC(22974) User=0.02s Sys=0.00s Real=0.01s
[2023-11-10T11:49:20.210-0800][76563842ms] GC(22975) Pause Young (Normal) (G1 Evacuation Pause)
[2023-11-10T11:49:20.210-0800][76563842ms] GC(22975) Using 10 workers of 10 for evacuation
[2023-11-10T11:49:20.216-0800][76563848ms] GC(22975)   Pre Evacuate Collection Set: 0.0ms
[2023-11-10T11:49:20.216-0800][76563848ms] GC(22975)   Evacuate Collection Set: 1.9ms
[2023-11-10T11:49:20.216-0800][76563848ms] GC(22975)   Post Evacuate Collection Set: 3.2ms
[2023-11-10T11:49:20.216-0800][76563848ms] GC(22975)   Other: 0.3ms
[2023-11-10T11:49:20.216-0800][76563848ms] GC(22975) Eden regions: 187->0(187)
[2023-11-10T11:49:20.216-0800][76563848ms] GC(22975) Survivor regions: 1->1(24)
[2023-11-10T11:49:20.216-0800][76563848ms] GC(22975) Old regions: 1426->1426
[2023-11-10T11:49:20.216-0800][76563848ms] GC(22975) Humongous regions: 5->5
[2023-11-10T11:49:20.216-0800][76563848ms] GC(22975) Metaspace: 304921K->304921K(1349632K)
[2023-11-10T11:49:20.216-0800][76563848ms] GC(22975) Pause Young (Normal) (G1 Evacuation Pause) 3236M->2862M(3602M) 5.512ms
[2023-11-10T11:49:20.216-0800][76563848ms] GC(22975) User=0.00s Sys=0.00s Real=0.01s
[2023-11-10T11:49:20.690-0800][76564322ms] GC(22976) Pause Young (Normal) (G1 Evacuation Pause)
[2023-11-10T11:49:20.690-0800][76564322ms] GC(22976) Using 10 workers of 10 for evacuation
[2023-11-10T11:49:20.694-0800][76564326ms] GC(22976)   Pre Evacuate Collection Set: 0.0ms
[2023-11-10T11:49:20.694-0800][76564326ms] GC(22976)   Evacuate Collection Set: 1.7ms
[2023-11-10T11:49:20.694-0800][76564326ms] GC(22976)   Post Evacuate Collection Set: 3.2ms
[2023-11-10T11:49:20.694-0800][76564326ms] GC(22976)   Other: 0.2ms
[2023-11-10T11:49:20.694-0800][76564326ms] GC(22976) Eden regions: 187->0(187)
[2023-11-10T11:49:20.694-0800][76564326ms] GC(22976) Survivor regions: 1->1(24)
[2023-11-10T11:49:20.694-0800][76564326ms] GC(22976) Old regions: 1426->1426
[2023-11-10T11:49:20.694-0800][76564326ms] GC(22976) Humongous regions: 5->5
[2023-11-10T11:49:20.694-0800][76564326ms] GC(22976) Metaspace: 304921K->304921K(1349632K)
[2023-11-10T11:49:20.694-0800][76564326ms] GC(22976) Pause Young (Normal) (G1 Evacuation Pause) 3236M->2862M(3602M) 5.248ms
[2023-11-10T11:49:20.694-0800][76564326ms] GC(22976) User=0.00s Sys=0.00s Real=0.00s
[2023-11-10T11:49:21.117-0800][76564749ms] GC(22977) Pause Young (Normal) (G1 Evacuation Pause)
[2023-11-10T11:49:21.117-0800][76564749ms] GC(22977) Using 10 workers of 10 for evacuation
[2023-11-10T11:49:21.123-0800][76564755ms] GC(22977)   Pre Evacuate Collection Set: 0.1ms
[2023-11-10T11:49:21.123-0800][76564755ms] GC(22977)   Evacuate Collection Set: 1.6ms
[2023-11-10T11:49:21.123-0800][76564755ms] GC(22977)   Post Evacuate Collection Set: 3.1ms
[2023-11-10T11:49:21.123-0800][76564755ms] GC(22977)   Other: 0.3ms
[2023-11-10T11:49:21.123-0800][76564755ms] GC(22977) Eden regions: 187->0(187)
[2023-11-10T11:49:21.123-0800][76564755ms] GC(22977) Survivor regions: 1->1(24)
[2023-11-10T11:49:21.123-0800][76564755ms] GC(22977) Old regions: 1426->1426
[2023-11-10T11:49:21.123-0800][76564755ms] GC(22977) Humongous regions: 5->5
[2023-11-10T11:49:21.123-0800][76564755ms] GC(22977) Metaspace: 304921K->304921K(1349632K)
[2023-11-10T11:49:21.123-0800][76564755ms] GC(22977) Pause Young (Normal) (G1 Evacuation Pause) 3236M->2862M(3602M) 5.122ms
[2023-11-10T11:49:21.123-0800][76564755ms] GC(22977) User=0.00s Sys=0.00s Real=0.01s
[2023-11-10T11:49:21.598-0800][76565230ms] GC(22978) Pause Young (Normal) (G1 Evacuation Pause)
[2023-11-10T11:49:21.598-0800][76565230ms] GC(22978) Using 10 workers of 10 for evacuation
[2023-11-10T11:49:21.604-0800][76565236ms] GC(22978)   Pre Evacuate Collection Set: 0.0ms
[2023-11-10T11:49:21.604-0800][76565236ms] GC(22978)   Evacuate Collection Set: 1.7ms
[2023-11-10T11:49:21.604-0800][76565236ms] GC(22978)   Post Evacuate Collection Set: 3.5ms
[2023-11-10T11:49:21.604-0800][76565236ms] GC(22978)   Other: 0.3ms
[2023-11-10T11:49:21.604-0800][76565236ms] GC(22978) Eden regions: 187->0(187)
[2023-11-10T11:49:21.604-0800][76565236ms] GC(22978) Survivor regions: 1->1(24)
[2023-11-10T11:49:21.604-0800][76565236ms] GC(22978) Old regions: 1426->1426
[2023-11-10T11:49:21.604-0800][76565236ms] GC(22978) Humongous regions: 5->5
[2023-11-10T11:49:21.604-0800][76565236ms] GC(22978) Metaspace: 304921K->304921K(1349632K)
[2023-11-10T11:49:21.604-0800][76565236ms] GC(22978) Pause Young (Normal) (G1 Evacuation Pause) 3236M->2862M(3602M) 5.616ms
[2023-11-10T11:49:21.604-0800][76565236ms] GC(22978) User=0.02s Sys=0.00s Real=0.01s
[2023-11-10T11:49:21.969-0800][76565601ms] GC(22979) Pause Young (Normal) (G1 Evacuation Pause)
[2023-11-10T11:49:21.969-0800][76565601ms] GC(22979) Using 10 workers of 10 for evacuation
[2023-11-10T11:49:21.974-0800][76565606ms] GC(22979)   Pre Evacuate Collection Set: 0.0ms
[2023-11-10T11:49:21.974-0800][76565606ms] GC(22979)   Evacuate Collection Set: 1.7ms
[2023-11-10T11:49:21.974-0800][76565606ms] GC(22979)   Post Evacuate Collection Set: 3.0ms
[2023-11-10T11:49:21.974-0800][76565606ms] GC(22979)   Other: 0.2ms
[2023-11-10T11:49:21.974-0800][76565606ms] GC(22979) Eden regions: 187->0(187)
[2023-11-10T11:49:21.974-0800][76565606ms] GC(22979) Survivor regions: 1->1(24)
[2023-11-10T11:49:21.974-0800][76565606ms] GC(22979) Old regions: 1426->1426
[2023-11-10T11:49:21.974-0800][76565606ms] GC(22979) Humongous regions: 5->5
[2023-11-10T11:49:21.974-0800][76565606ms] GC(22979) Metaspace: 304921K->304921K(1349632K)
[2023-11-10T11:49:21.974-0800][76565606ms] GC(22979) Pause Young (Normal) (G1 Evacuation Pause) 3236M->2862M(3602M) 5.074ms
[2023-11-10T11:49:21.974-0800][76565606ms] GC(22979) User=0.00s Sys=0.00s Real=0.00s
[2023-11-10T11:49:22.424-0800][76566056ms] GC(22980) Pause Young (Normal) (G1 Evacuation Pause)
[2023-11-10T11:49:22.424-0800][76566056ms] GC(22980) Using 10 workers of 10 for evacuation
[2023-11-10T11:49:22.430-0800][76566062ms] GC(22980)   Pre Evacuate Collection Set: 0.0ms
[2023-11-10T11:49:22.430-0800][76566062ms] GC(22980)   Evacuate Collection Set: 1.7ms
[2023-11-10T11:49:22.430-0800][76566062ms] GC(22980)   Post Evacuate Collection Set: 3.1ms
[2023-11-10T11:49:22.430-0800][76566062ms] GC(22980)   Other: 0.2ms
[2023-11-10T11:49:22.430-0800][76566062ms] GC(22980) Eden regions: 187->0(187)
[2023-11-10T11:49:22.430-0800][76566062ms] GC(22980) Survivor regions: 1->1(24)
[2023-11-10T11:49:22.430-0800][76566062ms] GC(22980) Old regions: 1426->1426
[2023-11-10T11:49:22.430-0800][76566062ms] GC(22980) Humongous regions: 5->5
[2023-11-10T11:49:22.430-0800][76566062ms] GC(22980) Metaspace: 304921K->304921K(1349632K)
[2023-11-10T11:49:22.430-0800][76566062ms] GC(22980) Pause Young (Normal) (G1 Evacuation Pause) 3236M->2862M(3602M) 5.121ms
[2023-11-10T11:49:22.430-0800][76566062ms] GC(22980) User=0.00s Sys=0.00s Real=0.01s
[2023-11-10T11:49:22.904-0800][76566536ms] GC(22981) Pause Young (Normal) (G1 Evacuation Pause)
[2023-11-10T11:49:22.904-0800][76566536ms] GC(22981) Using 10 workers of 10 for evacuation
[2023-11-10T11:49:22.909-0800][76566541ms] GC(22981)   Pre Evacuate Collection Set: 0.0ms
[2023-11-10T11:49:22.909-0800][76566541ms] GC(22981)   Evacuate Collection Set: 1.7ms
[2023-11-10T11:49:22.909-0800][76566541ms] GC(22981)   Post Evacuate Collection Set: 3.1ms
[2023-11-10T11:49:22.909-0800][76566541ms] GC(22981)   Other: 0.2ms
[2023-11-10T11:49:22.909-0800][76566541ms] GC(22981) Eden regions: 187->0(187)
[2023-11-10T11:49:22.909-0800][76566541ms] GC(22981) Survivor regions: 1->1(24)
[2023-11-10T11:49:22.909-0800][76566541ms] GC(22981) Old regions: 1426->1426
[2023-11-10T11:49:22.909-0800][76566541ms] GC(22981) Humongous regions: 5->5
[2023-11-10T11:49:22.909-0800][76566541ms] GC(22981) Metaspace: 304921K->304921K(1349632K)
[2023-11-10T11:49:22.909-0800][76566541ms] GC(22981) Pause Young (Normal) (G1 Evacuation Pause) 3236M->2862M(3602M) 5.140ms
[2023-11-10T11:49:22.909-0800][76566541ms] GC(22981) User=0.00s Sys=0.00s Real=0.00s
[2023-11-10T11:49:23.412-0800][76567044ms] GC(22982) Pause Young (Normal) (G1 Evacuation Pause)
[2023-11-10T11:49:23.412-0800][76567044ms] GC(22982) Using 10 workers of 10 for evacuation
[2023-11-10T11:49:23.418-0800][76567050ms] GC(22982)   Pre Evacuate Collection Set: 0.0ms
[2023-11-10T11:49:23.418-0800][76567050ms] GC(22982)   Evacuate Collection Set: 1.9ms
[2023-11-10T11:49:23.418-0800][76567050ms] GC(22982)   Post Evacuate Collection Set: 3.1ms
[2023-11-10T11:49:23.418-0800][76567050ms] GC(22982)   Other: 0.3ms
[2023-11-10T11:49:23.418-0800][76567050ms] GC(22982) Eden regions: 187->0(187)
[2023-11-10T11:49:23.418-0800][76567050ms] GC(22982) Survivor regions: 1->1(24)
[2023-11-10T11:49:23.418-0800][76567050ms] GC(22982) Old regions: 1426->1426
[2023-11-10T11:49:23.418-0800][76567050ms] GC(22982) Humongous regions: 5->5
[2023-11-10T11:49:23.418-0800][76567050ms] GC(22982) Metaspace: 304921K->304921K(1349632K)
[2023-11-10T11:49:23.418-0800][76567050ms] GC(22982) Pause Young (Normal) (G1 Evacuation Pause) 3236M->2862M(3602M) 5.369ms
[2023-11-10T11:49:23.418-0800][76567050ms] GC(22982) User=0.00s Sys=0.00s Real=0.01s
[2023-11-10T11:49:23.838-0800][76567470ms] GC(22983) Pause Young (Normal) (G1 Evacuation Pause)
[2023-11-10T11:49:23.838-0800][76567470ms] GC(22983) Using 10 workers of 10 for evacuation
[2023-11-10T11:49:23.842-0800][76567474ms] GC(22983)   Pre Evacuate Collection Set: 0.0ms
[2023-11-10T11:49:23.842-0800][76567474ms] GC(22983)   Evacuate Collection Set: 1.9ms
[2023-11-10T11:49:23.842-0800][76567474ms] GC(22983)   Post Evacuate Collection Set: 3.0ms
[2023-11-10T11:49:23.842-0800][76567474ms] GC(22983)   Other: 0.3ms
[2023-11-10T11:49:23.842-0800][76567474ms] GC(22983) Eden regions: 187->0(187)
[2023-11-10T11:49:23.842-0800][76567474ms] GC(22983) Survivor regions: 1->1(24)
[2023-11-10T11:49:23.842-0800][76567474ms] GC(22983) Old regions: 1426->1426
[2023-11-10T11:49:23.842-0800][76567474ms] GC(22983) Humongous regions: 5->5
[2023-11-10T11:49:23.842-0800][76567474ms] GC(22983) Metaspace: 304921K->304921K(1349632K)
[2023-11-10T11:49:23.842-0800][76567474ms] GC(22983) Pause Young (Normal) (G1 Evacuation Pause) 3236M->2862M(3602M) 5.220ms
[2023-11-10T11:49:23.842-0800][76567474ms] GC(22983) User=0.00s Sys=0.00s Real=0.00s
[2023-11-10T11:49:24.294-0800][76567926ms] GC(22984) Pause Young (Normal) (G1 Evacuation Pause)
[2023-11-10T11:49:24.294-0800][76567926ms] GC(22984) Using 10 workers of 10 for evacuation
[2023-11-10T11:49:24.299-0800][76567931ms] GC(22984)   Pre Evacuate Collection Set: 0.0ms
[2023-11-10T11:49:24.299-0800][76567931ms] GC(22984)   Evacuate Collection Set: 1.8ms
[2023-11-10T11:49:24.299-0800][76567931ms] GC(22984)   Post Evacuate Collection Set: 3.8ms
[2023-11-10T11:49:24.299-0800][76567931ms] GC(22984)   Other: 0.3ms
[2023-11-10T11:49:24.299-0800][76567931ms] GC(22984) Eden regions: 187->0(187)
[2023-11-10T11:49:24.299-0800][76567931ms] GC(22984) Survivor regions: 1->1(24)
[2023-11-10T11:49:24.299-0800][76567931ms] GC(22984) Old regions: 1426->1426
[2023-11-10T11:49:24.299-0800][76567931ms] GC(22984) Humongous regions: 5->5
[2023-11-10T11:49:24.299-0800][76567931ms] GC(22984) Metaspace: 304921K->304921K(1349632K)
[2023-11-10T11:49:24.299-0800][76567931ms] GC(22984) Pause Young (Normal) (G1 Evacuation Pause) 3236M->2862M(3602M) 5.995ms
[2023-11-10T11:49:24.300-0800][76567932ms] GC(22984) User=0.00s Sys=0.00s Real=0.01s
[2023-11-10T11:49:24.772-0800][76568404ms] GC(22985) Pause Young (Normal) (G1 Evacuation Pause)
[2023-11-10T11:49:24.772-0800][76568404ms] GC(22985) Using 10 workers of 10 for evacuation
[2023-11-10T11:49:24.778-0800][76568410ms] GC(22985)   Pre Evacuate Collection Set: 0.0ms
[2023-11-10T11:49:24.778-0800][76568410ms] GC(22985)   Evacuate Collection Set: 1.7ms
[2023-11-10T11:49:24.778-0800][76568410ms] GC(22985)   Post Evacuate Collection Set: 3.1ms
[2023-11-10T11:49:24.778-0800][76568410ms] GC(22985)   Other: 0.2ms
[2023-11-10T11:49:24.778-0800][76568410ms] GC(22985) Eden regions: 187->0(187)
[2023-11-10T11:49:24.778-0800][76568410ms] GC(22985) Survivor regions: 1->1(24)
[2023-11-10T11:49:24.778-0800][76568410ms] GC(22985) Old regions: 1426->1426
[2023-11-10T11:49:24.778-0800][76568410ms] GC(22985) Humongous regions: 5->5
[2023-11-10T11:49:24.778-0800][76568410ms] GC(22985) Metaspace: 304921K->304921K(1349632K)
[2023-11-10T11:49:24.778-0800][76568410ms] GC(22985) Pause Young (Normal) (G1 Evacuation Pause) 3236M->2862M(3602M) 5.154ms
[2023-11-10T11:49:24.778-0800][76568410ms] GC(22985) User=0.00s Sys=0.00s Real=0.01s
[2023-11-10T11:49:25.274-0800][76568906ms] GC(22986) Pause Young (Normal) (G1 Evacuation Pause)
[2023-11-10T11:49:25.274-0800][76568906ms] GC(22986) Using 10 workers of 10 for evacuation
[2023-11-10T11:49:25.280-0800][76568912ms] GC(22986)   Pre Evacuate Collection Set: 0.1ms
[2023-11-10T11:49:25.280-0800][76568912ms] GC(22986)   Evacuate Collection Set: 2.1ms
[2023-11-10T11:49:25.280-0800][76568912ms] GC(22986)   Post Evacuate Collection Set: 3.5ms
[2023-11-10T11:49:25.280-0800][76568912ms] GC(22986)   Other: 0.3ms
[2023-11-10T11:49:25.280-0800][76568912ms] GC(22986) Eden regions: 187->0(187)
[2023-11-10T11:49:25.280-0800][76568912ms] GC(22986) Survivor regions: 1->1(24)
[2023-11-10T11:49:25.280-0800][76568912ms] GC(22986) Old regions: 1426->1426
[2023-11-10T11:49:25.280-0800][76568912ms] GC(22986) Humongous regions: 5->5
[2023-11-10T11:49:25.280-0800][76568912ms] GC(22986) Metaspace: 304921K->304921K(1349632K)
[2023-11-10T11:49:25.280-0800][76568912ms] GC(22986) Pause Young (Normal) (G1 Evacuation Pause) 3236M->2862M(3602M) 6.040ms
[2023-11-10T11:49:25.280-0800][76568912ms] GC(22986) User=0.00s Sys=0.00s Real=0.01s
[2023-11-10T11:49:25.721-0800][76569353ms] GC(22987) Pause Young (Normal) (G1 Evacuation Pause)
[2023-11-10T11:49:25.721-0800][76569353ms] GC(22987) Using 10 workers of 10 for evacuation
[2023-11-10T11:49:25.728-0800][76569360ms] GC(22987)   Pre Evacuate Collection Set: 0.0ms
[2023-11-10T11:49:25.728-0800][76569360ms] GC(22987)   Evacuate Collection Set: 2.0ms
[2023-11-10T11:49:25.728-0800][76569360ms] GC(22987)   Post Evacuate Collection Set: 4.3ms
[2023-11-10T11:49:25.728-0800][76569360ms] GC(22987)   Other: 0.3ms
[2023-11-10T11:49:25.728-0800][76569360ms] GC(22987) Eden regions: 187->0(186)
[2023-11-10T11:49:25.728-0800][76569360ms] GC(22987) Survivor regions: 1->1(24)
[2023-11-10T11:49:25.728-0800][76569360ms] GC(22987) Old regions: 1426->1427
[2023-11-10T11:49:25.728-0800][76569360ms] GC(22987) Humongous regions: 5->5
[2023-11-10T11:49:25.728-0800][76569360ms] GC(22987) Metaspace: 304921K->304921K(1349632K)
[2023-11-10T11:49:25.728-0800][76569360ms] GC(22987) Pause Young (Normal) (G1 Evacuation Pause) 3236M->2862M(3602M) 6.775ms
[2023-11-10T11:49:25.728-0800][76569360ms] GC(22987) User=0.00s Sys=0.00s Real=0.01s
[2023-11-10T11:49:26.166-0800][76569798ms] GC(22988) Pause Young (Normal) (G1 Evacuation Pause)
[2023-11-10T11:49:26.166-0800][76569798ms] GC(22988) Using 10 workers of 10 for evacuation
[2023-11-10T11:49:26.172-0800][76569804ms] GC(22988)   Pre Evacuate Collection Set: 0.1ms
[2023-11-10T11:49:26.172-0800][76569804ms] GC(22988)   Evacuate Collection Set: 2.3ms
[2023-11-10T11:49:26.172-0800][76569804ms] GC(22988)   Post Evacuate Collection Set: 3.5ms
[2023-11-10T11:49:26.172-0800][76569804ms] GC(22988)   Other: 0.3ms
[2023-11-10T11:49:26.172-0800][76569804ms] GC(22988) Eden regions: 186->0(186)
[2023-11-10T11:49:26.172-0800][76569804ms] GC(22988) Survivor regions: 1->1(24)
[2023-11-10T11:49:26.172-0800][76569804ms] GC(22988) Old regions: 1427->1427
[2023-11-10T11:49:26.172-0800][76569804ms] GC(22988) Humongous regions: 5->5
[2023-11-10T11:49:26.172-0800][76569804ms] GC(22988) Metaspace: 304921K->304921K(1349632K)
[2023-11-10T11:49:26.172-0800][76569804ms] GC(22988) Pause Young (Normal) (G1 Evacuation Pause) 3234M->2862M(3602M) 6.183ms
[2023-11-10T11:49:26.172-0800][76569804ms] GC(22988) User=0.00s Sys=0.00s Real=0.01s
[2023-11-10T11:49:26.619-0800][76570251ms] GC(22989) Pause Young (Normal) (G1 Evacuation Pause)
[2023-11-10T11:49:26.619-0800][76570251ms] GC(22989) Using 10 workers of 10 for evacuation
[2023-11-10T11:49:26.626-0800][76570258ms] GC(22989)   Pre Evacuate Collection Set: 0.0ms
[2023-11-10T11:49:26.626-0800][76570258ms] GC(22989)   Evacuate Collection Set: 2.0ms
[2023-11-10T11:49:26.626-0800][76570258ms] GC(22989)   Post Evacuate Collection Set: 4.4ms
[2023-11-10T11:49:26.626-0800][76570258ms] GC(22989)   Other: 0.3ms
[2023-11-10T11:49:26.626-0800][76570258ms] GC(22989) Eden regions: 186->0(186)
[2023-11-10T11:49:26.626-0800][76570258ms] GC(22989) Survivor regions: 1->1(24)
[2023-11-10T11:49:26.626-0800][76570258ms] GC(22989) Old regions: 1427->1427
[2023-11-10T11:49:26.626-0800][76570258ms] GC(22989) Humongous regions: 5->5
[2023-11-10T11:49:26.626-0800][76570258ms] GC(22989) Metaspace: 304921K->304921K(1349632K)
[2023-11-10T11:49:26.626-0800][76570258ms] GC(22989) Pause Young (Normal) (G1 Evacuation Pause) 3234M->2862M(3602M) 6.929ms
[2023-11-10T11:49:26.626-0800][76570258ms] GC(22989) User=0.00s Sys=0.00s Real=0.01s
[2023-11-10T11:49:27.090-0800][76570722ms] GC(22990) Pause Young (Normal) (G1 Evacuation Pause)
[2023-11-10T11:49:27.090-0800][76570722ms] GC(22990) Using 10 workers of 10 for evacuation
[2023-11-10T11:49:27.100-0800][76570732ms] GC(22990)   Pre Evacuate Collection Set: 0.1ms
[2023-11-10T11:49:27.100-0800][76570732ms] GC(22990)   Evacuate Collection Set: 2.9ms
[2023-11-10T11:49:27.100-0800][76570732ms] GC(22990)   Post Evacuate Collection Set: 6.3ms
[2023-11-10T11:49:27.100-0800][76570732ms] GC(22990)   Other: 0.4ms
[2023-11-10T11:49:27.100-0800][76570732ms] GC(22990) Eden regions: 186->0(186)
[2023-11-10T11:49:27.100-0800][76570732ms] GC(22990) Survivor regions: 1->1(24)
[2023-11-10T11:49:27.100-0800][76570732ms] GC(22990) Old regions: 1427->1427
[2023-11-10T11:49:27.100-0800][76570732ms] GC(22990) Humongous regions: 5->5
[2023-11-10T11:49:27.100-0800][76570732ms] GC(22990) Metaspace: 304921K->304921K(1349632K)
[2023-11-10T11:49:27.100-0800][76570732ms] GC(22990) Pause Young (Normal) (G1 Evacuation Pause) 3234M->2862M(3602M) 9.821ms
[2023-11-10T11:49:27.100-0800][76570732ms] GC(22990) User=0.00s Sys=0.00s Real=0.01s
[2023-11-10T11:49:27.630-0800][76571262ms] GC(22991) Pause Young (Normal) (G1 Evacuation Pause)
[2023-11-10T11:49:27.630-0800][76571262ms] GC(22991) Using 10 workers of 10 for evacuation
[2023-11-10T11:49:27.636-0800][76571268ms] GC(22991)   Pre Evacuate Collection Set: 0.0ms
[2023-11-10T11:49:27.636-0800][76571268ms] GC(22991)   Evacuate Collection Set: 1.7ms
[2023-11-10T11:49:27.636-0800][76571268ms] GC(22991)   Post Evacuate Collection Set: 3.8ms
[2023-11-10T11:49:27.636-0800][76571268ms] GC(22991)   Other: 0.3ms
[2023-11-10T11:49:27.636-0800][76571268ms] GC(22991) Eden regions: 186->0(186)
[2023-11-10T11:49:27.636-0800][76571268ms] GC(22991) Survivor regions: 1->1(24)
[2023-11-10T11:49:27.636-0800][76571268ms] GC(22991) Old regions: 1427->1427
[2023-11-10T11:49:27.636-0800][76571268ms] GC(22991) Humongous regions: 5->5
[2023-11-10T11:49:27.636-0800][76571268ms] GC(22991) Metaspace: 304921K->304921K(1349632K)
[2023-11-10T11:49:27.636-0800][76571268ms] GC(22991) Pause Young (Normal) (G1 Evacuation Pause) 3234M->2862M(3602M) 5.911ms
[2023-11-10T11:49:27.636-0800][76571268ms] GC(22991) User=0.02s Sys=0.00s Real=0.01s
[2023-11-10T11:49:28.074-0800][76571706ms] GC(22992) Pause Young (Normal) (G1 Evacuation Pause)
[2023-11-10T11:49:28.074-0800][76571706ms] GC(22992) Using 10 workers of 10 for evacuation
[2023-11-10T11:49:28.079-0800][76571711ms] GC(22992)   Pre Evacuate Collection Set: 0.1ms
[2023-11-10T11:49:28.079-0800][76571711ms] GC(22992)   Evacuate Collection Set: 2.0ms
[2023-11-10T11:49:28.079-0800][76571711ms] GC(22992)   Post Evacuate Collection Set: 3.2ms
[2023-11-10T11:49:28.079-0800][76571711ms] GC(22992)   Other: 0.3ms
[2023-11-10T11:49:28.079-0800][76571711ms] GC(22992) Eden regions: 186->0(186)
[2023-11-10T11:49:28.079-0800][76571711ms] GC(22992) Survivor regions: 1->1(24)
[2023-11-10T11:49:28.079-0800][76571711ms] GC(22992) Old regions: 1427->1427
[2023-11-10T11:49:28.079-0800][76571711ms] GC(22992) Humongous regions: 5->5
[2023-11-10T11:49:28.079-0800][76571711ms] GC(22992) Metaspace: 304921K->304921K(1349632K)
[2023-11-10T11:49:28.079-0800][76571711ms] GC(22992) Pause Young (Normal) (G1 Evacuation Pause) 3234M->2862M(3602M) 5.692ms
[2023-11-10T11:49:28.079-0800][76571711ms] GC(22992) User=0.00s Sys=0.00s Real=0.01s
[2023-11-10T11:49:28.524-0800][76572156ms] GC(22993) Pause Young (Normal) (G1 Evacuation Pause)
[2023-11-10T11:49:28.524-0800][76572156ms] GC(22993) Using 10 workers of 10 for evacuation
[2023-11-10T11:49:28.532-0800][76572164ms] GC(22993)   Pre Evacuate Collection Set: 0.1ms
[2023-11-10T11:49:28.532-0800][76572164ms] GC(22993)   Evacuate Collection Set: 2.5ms
[2023-11-10T11:49:28.532-0800][76572164ms] GC(22993)   Post Evacuate Collection Set: 3.8ms
[2023-11-10T11:49:28.532-0800][76572164ms] GC(22993)   Other: 0.5ms
[2023-11-10T11:49:28.532-0800][76572164ms] GC(22993) Eden regions: 186->0(186)
[2023-11-10T11:49:28.532-0800][76572164ms] GC(22993) Survivor regions: 1->1(24)
[2023-11-10T11:49:28.532-0800][76572164ms] GC(22993) Old regions: 1427->1427
[2023-11-10T11:49:28.532-0800][76572164ms] GC(22993) Humongous regions: 5->5
[2023-11-10T11:49:28.532-0800][76572164ms] GC(22993) Metaspace: 304921K->304921K(1349632K)
[2023-11-10T11:49:28.532-0800][76572164ms] GC(22993) Pause Young (Normal) (G1 Evacuation Pause) 3234M->2862M(3602M) 7.005ms
[2023-11-10T11:49:28.532-0800][76572164ms] GC(22993) User=0.00s Sys=0.00s Real=0.01s
[2023-11-10T11:49:28.995-0800][76572627ms] GC(22994) Pause Young (Normal) (G1 Evacuation Pause)
[2023-11-10T11:49:28.995-0800][76572627ms] GC(22994) Using 10 workers of 10 for evacuation
[2023-11-10T11:49:29.003-0800][76572635ms] GC(22994)   Pre Evacuate Collection Set: 0.0ms
[2023-11-10T11:49:29.003-0800][76572635ms] GC(22994)   Evacuate Collection Set: 2.8ms
[2023-11-10T11:49:29.003-0800][76572635ms] GC(22994)   Post Evacuate Collection Set: 4.8ms
[2023-11-10T11:49:29.003-0800][76572635ms] GC(22994)   Other: 0.3ms
[2023-11-10T11:49:29.003-0800][76572635ms] GC(22994) Eden regions: 186->0(186)
[2023-11-10T11:49:29.003-0800][76572635ms] GC(22994) Survivor regions: 1->1(24)
[2023-11-10T11:49:29.003-0800][76572635ms] GC(22994) Old regions: 1427->1427
[2023-11-10T11:49:29.003-0800][76572635ms] GC(22994) Humongous regions: 5->5
[2023-11-10T11:49:29.003-0800][76572635ms] GC(22994) Metaspace: 304921K->304921K(1349632K)
[2023-11-10T11:49:29.003-0800][76572635ms] GC(22994) Pause Young (Normal) (G1 Evacuation Pause) 3234M->2862M(3602M) 8.002ms
[2023-11-10T11:49:29.003-0800][76572635ms] GC(22994) User=0.00s Sys=0.00s Real=0.01s
[2023-11-10T11:49:29.508-0800][76573140ms] GC(22995) Pause Young (Normal) (G1 Evacuation Pause)
[2023-11-10T11:49:29.508-0800][76573140ms] GC(22995) Using 10 workers of 10 for evacuation
[2023-11-10T11:49:29.513-0800][76573145ms] GC(22995)   Pre Evacuate Collection Set: 0.1ms
[2023-11-10T11:49:29.513-0800][76573145ms] GC(22995)   Evacuate Collection Set: 2.0ms
[2023-11-10T11:49:29.513-0800][76573145ms] GC(22995)   Post Evacuate Collection Set: 3.3ms
[2023-11-10T11:49:29.513-0800][76573145ms] GC(22995)   Other: 0.3ms
[2023-11-10T11:49:29.513-0800][76573145ms] GC(22995) Eden regions: 186->0(186)
[2023-11-10T11:49:29.513-0800][76573145ms] GC(22995) Survivor regions: 1->1(24)
[2023-11-10T11:49:29.513-0800][76573145ms] GC(22995) Old regions: 1427->1427
[2023-11-10T11:49:29.513-0800][76573145ms] GC(22995) Humongous regions: 5->5
[2023-11-10T11:49:29.513-0800][76573145ms] GC(22995) Metaspace: 304921K->304921K(1349632K)
[2023-11-10T11:49:29.513-0800][76573145ms] GC(22995) Pause Young (Normal) (G1 Evacuation Pause) 3234M->2862M(3602M) 5.728ms
[2023-11-10T11:49:29.513-0800][76573145ms] GC(22995) User=0.00s Sys=0.00s Real=0.01s
[2023-11-10T11:49:29.975-0800][76573607ms] GC(22996) Pause Young (Normal) (G1 Evacuation Pause)
[2023-11-10T11:49:29.975-0800][76573607ms] GC(22996) Using 10 workers of 10 for evacuation
[2023-11-10T11:49:29.980-0800][76573612ms] GC(22996)   Pre Evacuate Collection Set: 0.1ms
[2023-11-10T11:49:29.980-0800][76573612ms] GC(22996)   Evacuate Collection Set: 2.1ms
[2023-11-10T11:49:29.980-0800][76573612ms] GC(22996)   Post Evacuate Collection Set: 3.3ms
[2023-11-10T11:49:29.980-0800][76573612ms] GC(22996)   Other: 0.3ms
[2023-11-10T11:49:29.980-0800][76573612ms] GC(22996) Eden regions: 186->0(186)
[2023-11-10T11:49:29.980-0800][76573612ms] GC(22996) Survivor regions: 1->1(24)
[2023-11-10T11:49:29.980-0800][76573612ms] GC(22996) Old regions: 1427->1427
[2023-11-10T11:49:29.980-0800][76573612ms] GC(22996) Humongous regions: 5->5
[2023-11-10T11:49:29.980-0800][76573612ms] GC(22996) Metaspace: 304921K->304921K(1349632K)
[2023-11-10T11:49:29.980-0800][76573612ms] GC(22996) Pause Young (Normal) (G1 Evacuation Pause) 3234M->2862M(3602M) 5.793ms
[2023-11-10T11:49:29.980-0800][76573612ms] GC(22996) User=0.02s Sys=0.00s Real=0.01s
[2023-11-10T11:49:30.487-0800][76574119ms] GC(22997) Pause Young (Normal) (G1 Evacuation Pause)
[2023-11-10T11:49:30.487-0800][76574119ms] GC(22997) Using 10 workers of 10 for evacuation
[2023-11-10T11:49:30.491-0800][76574123ms] GC(22997)   Pre Evacuate Collection Set: 0.0ms
[2023-11-10T11:49:30.491-0800][76574123ms] GC(22997)   Evacuate Collection Set: 1.7ms
[2023-11-10T11:49:30.491-0800][76574123ms] GC(22997)   Post Evacuate Collection Set: 3.2ms
[2023-11-10T11:49:30.491-0800][76574123ms] GC(22997)   Other: 0.3ms
[2023-11-10T11:49:30.493-0800][76574125ms] GC(22997) Eden regions: 186->0(186)
[2023-11-10T11:49:30.493-0800][76574125ms] GC(22997) Survivor regions: 1->1(24)
[2023-11-10T11:49:30.493-0800][76574125ms] GC(22997) Old regions: 1427->1427
[2023-11-10T11:49:30.493-0800][76574125ms] GC(22997) Humongous regions: 5->5
[2023-11-10T11:49:30.493-0800][76574125ms] GC(22997) Metaspace: 304921K->304921K(1349632K)
[2023-11-10T11:49:30.493-0800][76574125ms] GC(22997) Pause Young (Normal) (G1 Evacuation Pause) 3234M->2862M(3602M) 5.327ms
[2023-11-10T11:49:30.493-0800][76574125ms] GC(22997) User=0.00s Sys=0.00s Real=0.01s
[2023-11-10T11:49:30.914-0800][76574546ms] GC(22998) Pause Young (Normal) (G1 Evacuation Pause)
[2023-11-10T11:49:30.914-0800][76574546ms] GC(22998) Using 10 workers of 10 for evacuation
[2023-11-10T11:49:30.918-0800][76574550ms] GC(22998)   Pre Evacuate Collection Set: 0.0ms
[2023-11-10T11:49:30.919-0800][76574551ms] GC(22998)   Evacuate Collection Set: 1.7ms
[2023-11-10T11:49:30.919-0800][76574551ms] GC(22998)   Post Evacuate Collection Set: 3.0ms
[2023-11-10T11:49:30.919-0800][76574551ms] GC(22998)   Other: 0.3ms
[2023-11-10T11:49:30.919-0800][76574551ms] GC(22998) Eden regions: 186->0(186)
[2023-11-10T11:49:30.919-0800][76574551ms] GC(22998) Survivor regions: 1->1(24)
[2023-11-10T11:49:30.919-0800][76574551ms] GC(22998) Old regions: 1427->1427
[2023-11-10T11:49:30.919-0800][76574551ms] GC(22998) Humongous regions: 5->5
[2023-11-10T11:49:30.919-0800][76574551ms] GC(22998) Metaspace: 304921K->304921K(1349632K)
[2023-11-10T11:49:30.919-0800][76574551ms] GC(22998) Pause Young (Normal) (G1 Evacuation Pause) 3234M->2862M(3602M) 5.162ms
[2023-11-10T11:49:30.919-0800][76574551ms] GC(22998) User=0.00s Sys=0.00s Real=0.00s
[2023-11-10T11:49:31.410-0800][76575042ms] GC(22999) Pause Young (Normal) (G1 Evacuation Pause)
[2023-11-10T11:49:31.410-0800][76575042ms] GC(22999) Using 10 workers of 10 for evacuation
[2023-11-10T11:49:31.415-0800][76575047ms] GC(22999)   Pre Evacuate Collection Set: 0.0ms
[2023-11-10T11:49:31.415-0800][76575047ms] GC(22999)   Evacuate Collection Set: 1.7ms
[2023-11-10T11:49:31.415-0800][76575047ms] GC(22999)   Post Evacuate Collection Set: 3.0ms
[2023-11-10T11:49:31.415-0800][76575047ms] GC(22999)   Other: 0.2ms
[2023-11-10T11:49:31.415-0800][76575047ms] GC(22999) Eden regions: 186->0(186)
[2023-11-10T11:49:31.415-0800][76575047ms] GC(22999) Survivor regions: 1->1(24)
[2023-11-10T11:49:31.415-0800][76575047ms] GC(22999) Old regions: 1427->1427
[2023-11-10T11:49:31.415-0800][76575047ms] GC(22999) Humongous regions: 5->5
[2023-11-10T11:49:31.415-0800][76575047ms] GC(22999) Metaspace: 304921K->304921K(1349632K)
[2023-11-10T11:49:31.415-0800][76575047ms] GC(22999) Pause Young (Normal) (G1 Evacuation Pause) 3234M->2862M(3602M) 5.074ms
[2023-11-10T11:49:31.415-0800][76575047ms] GC(22999) User=0.00s Sys=0.00s Real=0.00s
[2023-11-10T11:49:31.902-0800][76575534ms] GC(23000) Pause Young (Normal) (G1 Evacuation Pause)
[2023-11-10T11:49:31.902-0800][76575534ms] GC(23000) Using 10 workers of 10 for evacuation
[2023-11-10T11:49:31.907-0800][76575539ms] GC(23000)   Pre Evacuate Collection Set: 0.0ms
[2023-11-10T11:49:31.907-0800][76575539ms] GC(23000)   Evacuate Collection Set: 1.8ms
[2023-11-10T11:49:31.907-0800][76575539ms] GC(23000)   Post Evacuate Collection Set: 3.0ms
[2023-11-10T11:49:31.907-0800][76575539ms] GC(23000)   Other: 0.3ms
[2023-11-10T11:49:31.907-0800][76575539ms] GC(23000) Eden regions: 186->0(186)
[2023-11-10T11:49:31.907-0800][76575539ms] GC(23000) Survivor regions: 1->1(24)
[2023-11-10T11:49:31.907-0800][76575539ms] GC(23000) Old regions: 1427->1427
[2023-11-10T11:49:31.907-0800][76575539ms] GC(23000) Humongous regions: 5->5
[2023-11-10T11:49:31.907-0800][76575539ms] GC(23000) Metaspace: 304921K->304921K(1349632K)
[2023-11-10T11:49:31.907-0800][76575539ms] GC(23000) Pause Young (Normal) (G1 Evacuation Pause) 3234M->2862M(3602M) 5.216ms
[2023-11-10T11:49:31.907-0800][76575539ms] GC(23000) User=0.00s Sys=0.00s Real=0.01s
[2023-11-10T11:49:32.335-0800][76575967ms] GC(23001) Pause Young (Normal) (G1 Evacuation Pause)
[2023-11-10T11:49:32.335-0800][76575967ms] GC(23001) Using 10 workers of 10 for evacuation
[2023-11-10T11:49:32.339-0800][76575971ms] GC(23001)   Pre Evacuate Collection Set: 0.0ms
[2023-11-10T11:49:32.339-0800][76575971ms] GC(23001)   Evacuate Collection Set: 1.8ms
[2023-11-10T11:49:32.339-0800][76575971ms] GC(23001)   Post Evacuate Collection Set: 3.2ms
[2023-11-10T11:49:32.339-0800][76575971ms] GC(23001)   Other: 0.3ms
[2023-11-10T11:49:32.339-0800][76575971ms] GC(23001) Eden regions: 186->0(186)
[2023-11-10T11:49:32.339-0800][76575971ms] GC(23001) Survivor regions: 1->1(24)
[2023-11-10T11:49:32.339-0800][76575971ms] GC(23001) Old regions: 1427->1427
[2023-11-10T11:49:32.339-0800][76575971ms] GC(23001) Humongous regions: 5->5
[2023-11-10T11:49:32.339-0800][76575971ms] GC(23001) Metaspace: 304921K->304921K(1349632K)
[2023-11-10T11:49:32.339-0800][76575971ms] GC(23001) Pause Young (Normal) (G1 Evacuation Pause) 3234M->2862M(3602M) 5.387ms
[2023-11-10T11:49:32.339-0800][76575971ms] GC(23001) User=0.00s Sys=0.00s Real=0.00s
[2023-11-10T11:49:32.802-0800][76576434ms] GC(23002) Pause Young (Normal) (G1 Evacuation Pause)
[2023-11-10T11:49:32.802-0800][76576434ms] GC(23002) Using 10 workers of 10 for evacuation
[2023-11-10T11:49:32.807-0800][76576439ms] GC(23002)   Pre Evacuate Collection Set: 0.0ms
[2023-11-10T11:49:32.807-0800][76576439ms] GC(23002)   Evacuate Collection Set: 1.6ms
[2023-11-10T11:49:32.807-0800][76576439ms] GC(23002)   Post Evacuate Collection Set: 3.2ms
[2023-11-10T11:49:32.807-0800][76576439ms] GC(23002)   Other: 0.2ms
[2023-11-10T11:49:32.807-0800][76576439ms] GC(23002) Eden regions: 186->0(186)
[2023-11-10T11:49:32.807-0800][76576439ms] GC(23002) Survivor regions: 1->1(24)
[2023-11-10T11:49:32.807-0800][76576439ms] GC(23002) Old regions: 1427->1427
[2023-11-10T11:49:32.807-0800][76576439ms] GC(23002) Humongous regions: 5->5
[2023-11-10T11:49:32.807-0800][76576439ms] GC(23002) Metaspace: 304921K->304921K(1349632K)
[2023-11-10T11:49:32.807-0800][76576439ms] GC(23002) Pause Young (Normal) (G1 Evacuation Pause) 3234M->2862M(3602M) 5.154ms
[2023-11-10T11:49:32.807-0800][76576439ms] GC(23002) User=0.00s Sys=0.00s Real=0.00s
[2023-11-10T11:49:33.202-0800][76576834ms] GC(23003) Pause Young (Normal) (G1 Evacuation Pause)
[2023-11-10T11:49:33.202-0800][76576834ms] GC(23003) Using 10 workers of 10 for evacuation
[2023-11-10T11:49:33.207-0800][76576839ms] GC(23003)   Pre Evacuate Collection Set: 0.1ms
[2023-11-10T11:49:33.207-0800][76576839ms] GC(23003)   Evacuate Collection Set: 1.8ms
[2023-11-10T11:49:33.207-0800][76576839ms] GC(23003)   Post Evacuate Collection Set: 3.1ms
[2023-11-10T11:49:33.207-0800][76576839ms] GC(23003)   Other: 0.3ms
[2023-11-10T11:49:33.207-0800][76576839ms] GC(23003) Eden regions: 186->0(186)
[2023-11-10T11:49:33.207-0800][76576839ms] GC(23003) Survivor regions: 1->1(24)
[2023-11-10T11:49:33.207-0800][76576839ms] GC(23003) Old regions: 1427->1427
[2023-11-10T11:49:33.207-0800][76576839ms] GC(23003) Humongous regions: 5->5
[2023-11-10T11:49:33.207-0800][76576839ms] GC(23003) Metaspace: 304921K->304921K(1349632K)
[2023-11-10T11:49:33.207-0800][76576839ms] GC(23003) Pause Young (Normal) (G1 Evacuation Pause) 3234M->2862M(3602M) 5.216ms
[2023-11-10T11:49:33.207-0800][76576839ms] GC(23003) User=0.00s Sys=0.00s Real=0.01s
[2023-11-10T11:49:33.690-0800][76577322ms] GC(23004) Pause Young (Normal) (G1 Evacuation Pause)
[2023-11-10T11:49:33.690-0800][76577322ms] GC(23004) Using 10 workers of 10 for evacuation
[2023-11-10T11:49:33.696-0800][76577328ms] GC(23004)   Pre Evacuate Collection Set: 0.0ms
[2023-11-10T11:49:33.696-0800][76577328ms] GC(23004)   Evacuate Collection Set: 1.7ms
[2023-11-10T11:49:33.696-0800][76577328ms] GC(23004)   Post Evacuate Collection Set: 3.6ms
[2023-11-10T11:49:33.696-0800][76577328ms] GC(23004)   Other: 0.2ms
[2023-11-10T11:49:33.696-0800][76577328ms] GC(23004) Eden regions: 186->0(186)
[2023-11-10T11:49:33.696-0800][76577328ms] GC(23004) Survivor regions: 1->1(24)
[2023-11-10T11:49:33.696-0800][76577328ms] GC(23004) Old regions: 1427->1427
[2023-11-10T11:49:33.696-0800][76577328ms] GC(23004) Humongous regions: 5->5
[2023-11-10T11:49:33.696-0800][76577328ms] GC(23004) Metaspace: 304921K->304921K(1349632K)
[2023-11-10T11:49:33.696-0800][76577328ms] GC(23004) Pause Young (Normal) (G1 Evacuation Pause) 3234M->2862M(3602M) 5.686ms
[2023-11-10T11:49:33.696-0800][76577328ms] GC(23004) User=0.00s Sys=0.00s Real=0.01s
[2023-11-10T11:49:34.059-0800][76577691ms] GC(23005) Pause Young (Normal) (G1 Evacuation Pause)
[2023-11-10T11:49:34.059-0800][76577691ms] GC(23005) Using 10 workers of 10 for evacuation
[2023-11-10T11:49:34.065-0800][76577697ms] GC(23005)   Pre Evacuate Collection Set: 0.1ms
[2023-11-10T11:49:34.065-0800][76577697ms] GC(23005)   Evacuate Collection Set: 2.3ms
[2023-11-10T11:49:34.065-0800][76577697ms] GC(23005)   Post Evacuate Collection Set: 3.5ms
[2023-11-10T11:49:34.065-0800][76577697ms] GC(23005)   Other: 0.3ms
[2023-11-10T11:49:34.065-0800][76577697ms] GC(23005) Eden regions: 186->0(186)
[2023-11-10T11:49:34.065-0800][76577697ms] GC(23005) Survivor regions: 1->1(24)
[2023-11-10T11:49:34.065-0800][76577697ms] GC(23005) Old regions: 1427->1427
[2023-11-10T11:49:34.065-0800][76577697ms] GC(23005) Humongous regions: 5->5
[2023-11-10T11:49:34.065-0800][76577697ms] GC(23005) Metaspace: 304921K->304921K(1349632K)
[2023-11-10T11:49:34.065-0800][76577697ms] GC(23005) Pause Young (Normal) (G1 Evacuation Pause) 3234M->2862M(3602M) 6.225ms
[2023-11-10T11:49:34.065-0800][76577697ms] GC(23005) User=0.00s Sys=0.00s Real=0.01s
[2023-11-10T11:49:34.555-0800][76578187ms] GC(23006) Pause Young (Normal) (G1 Evacuation Pause)
[2023-11-10T11:49:34.555-0800][76578187ms] GC(23006) Using 10 workers of 10 for evacuation
[2023-11-10T11:49:34.560-0800][76578192ms] GC(23006)   Pre Evacuate Collection Set: 0.0ms
[2023-11-10T11:49:34.561-0800][76578193ms] GC(23006)   Evacuate Collection Set: 1.7ms
[2023-11-10T11:49:34.561-0800][76578193ms] GC(23006)   Post Evacuate Collection Set: 3.6ms
[2023-11-10T11:49:34.561-0800][76578193ms] GC(23006)   Other: 0.3ms
[2023-11-10T11:49:34.561-0800][76578193ms] GC(23006) Eden regions: 186->0(186)
[2023-11-10T11:49:34.561-0800][76578193ms] GC(23006) Survivor regions: 1->1(24)
[2023-11-10T11:49:34.561-0800][76578193ms] GC(23006) Old regions: 1427->1427
[2023-11-10T11:49:34.561-0800][76578193ms] GC(23006) Humongous regions: 5->5
[2023-11-10T11:49:34.561-0800][76578193ms] GC(23006) Metaspace: 304921K->304921K(1349632K)
[2023-11-10T11:49:34.561-0800][76578193ms] GC(23006) Pause Young (Normal) (G1 Evacuation Pause) 3234M->2862M(3602M) 5.582ms
[2023-11-10T11:49:34.561-0800][76578193ms] GC(23006) User=0.00s Sys=0.00s Real=0.01s
[2023-11-10T11:49:35.001-0800][76578633ms] GC(23007) Pause Young (Normal) (G1 Evacuation Pause)
[2023-11-10T11:49:35.001-0800][76578633ms] GC(23007) Using 10 workers of 10 for evacuation
[2023-11-10T11:49:35.006-0800][76578638ms] GC(23007)   Pre Evacuate Collection Set: 0.0ms
[2023-11-10T11:49:35.006-0800][76578638ms] GC(23007)   Evacuate Collection Set: 1.8ms
[2023-11-10T11:49:35.006-0800][76578638ms] GC(23007)   Post Evacuate Collection Set: 3.2ms
[2023-11-10T11:49:35.006-0800][76578638ms] GC(23007)   Other: 0.3ms
[2023-11-10T11:49:35.006-0800][76578638ms] GC(23007) Eden regions: 186->0(186)
[2023-11-10T11:49:35.006-0800][76578638ms] GC(23007) Survivor regions: 1->1(24)
[2023-11-10T11:49:35.006-0800][76578638ms] GC(23007) Old regions: 1427->1427
[2023-11-10T11:49:35.006-0800][76578638ms] GC(23007) Humongous regions: 5->5
[2023-11-10T11:49:35.006-0800][76578638ms] GC(23007) Metaspace: 304921K->304921K(1349632K)
[2023-11-10T11:49:35.006-0800][76578638ms] GC(23007) Pause Young (Normal) (G1 Evacuation Pause) 3234M->2862M(3602M) 5.469ms
[2023-11-10T11:49:35.006-0800][76578638ms] GC(23007) User=0.00s Sys=0.00s Real=0.01s
[2023-11-10T11:49:35.438-0800][76579070ms] GC(23008) Pause Young (Normal) (G1 Evacuation Pause)
[2023-11-10T11:49:35.438-0800][76579070ms] GC(23008) Using 10 workers of 10 for evacuation
[2023-11-10T11:49:35.445-0800][76579077ms] GC(23008)   Pre Evacuate Collection Set: 0.0ms
[2023-11-10T11:49:35.445-0800][76579077ms] GC(23008)   Evacuate Collection Set: 2.4ms
[2023-11-10T11:49:35.445-0800][76579077ms] GC(23008)   Post Evacuate Collection Set: 3.9ms
[2023-11-10T11:49:35.445-0800][76579077ms] GC(23008)   Other: 0.3ms
[2023-11-10T11:49:35.445-0800][76579077ms] GC(23008) Eden regions: 186->0(186)
[2023-11-10T11:49:35.445-0800][76579077ms] GC(23008) Survivor regions: 1->1(24)
[2023-11-10T11:49:35.445-0800][76579077ms] GC(23008) Old regions: 1427->1427
[2023-11-10T11:49:35.445-0800][76579077ms] GC(23008) Humongous regions: 5->5
[2023-11-10T11:49:35.445-0800][76579077ms] GC(23008) Metaspace: 304921K->304921K(1349632K)
[2023-11-10T11:49:35.445-0800][76579077ms] GC(23008) Pause Young (Normal) (G1 Evacuation Pause) 3234M->2862M(3602M) 6.698ms
[2023-11-10T11:49:35.445-0800][76579077ms] GC(23008) User=0.00s Sys=0.00s Real=0.01s
[2023-11-10T11:49:35.924-0800][76579556ms] GC(23009) Pause Young (Normal) (G1 Evacuation Pause)
[2023-11-10T11:49:35.924-0800][76579556ms] GC(23009) Using 10 workers of 10 for evacuation
[2023-11-10T11:49:35.931-0800][76579563ms] GC(23009)   Pre Evacuate Collection Set: 0.0ms
[2023-11-10T11:49:35.931-0800][76579563ms] GC(23009)   Evacuate Collection Set: 2.2ms
[2023-11-10T11:49:35.931-0800][76579563ms] GC(23009)   Post Evacuate Collection Set: 3.8ms
[2023-11-10T11:49:35.931-0800][76579563ms] GC(23009)   Other: 0.3ms
[2023-11-10T11:49:35.931-0800][76579563ms] GC(23009) Eden regions: 186->0(186)
[2023-11-10T11:49:35.931-0800][76579563ms] GC(23009) Survivor regions: 1->1(24)
[2023-11-10T11:49:35.931-0800][76579563ms] GC(23009) Old regions: 1427->1427
[2023-11-10T11:49:35.931-0800][76579563ms] GC(23009) Humongous regions: 5->5
[2023-11-10T11:49:35.931-0800][76579563ms] GC(23009) Metaspace: 304921K->304921K(1349632K)
[2023-11-10T11:49:35.931-0800][76579563ms] GC(23009) Pause Young (Normal) (G1 Evacuation Pause) 3234M->2862M(3602M) 6.518ms
[2023-11-10T11:49:35.931-0800][76579563ms] GC(23009) User=0.00s Sys=0.00s Real=0.01s
[2023-11-10T11:49:36.356-0800][76579988ms] GC(23010) Pause Young (Normal) (G1 Evacuation Pause)
[2023-11-10T11:49:36.356-0800][76579988ms] GC(23010) Using 10 workers of 10 for evacuation
[2023-11-10T11:49:36.364-0800][76579996ms] GC(23010)   Pre Evacuate Collection Set: 0.1ms
[2023-11-10T11:49:36.364-0800][76579996ms] GC(23010)   Evacuate Collection Set: 2.4ms
[2023-11-10T11:49:36.364-0800][76579996ms] GC(23010)   Post Evacuate Collection Set: 4.5ms
[2023-11-10T11:49:36.364-0800][76579996ms] GC(23010)   Other: 0.5ms
[2023-11-10T11:49:36.364-0800][76579996ms] GC(23010) Eden regions: 186->0(186)
[2023-11-10T11:49:36.364-0800][76579996ms] GC(23010) Survivor regions: 1->1(24)
[2023-11-10T11:49:36.364-0800][76579996ms] GC(23010) Old regions: 1427->1427
[2023-11-10T11:49:36.364-0800][76579996ms] GC(23010) Humongous regions: 5->5
[2023-11-10T11:49:36.364-0800][76579996ms] GC(23010) Metaspace: 304921K->304921K(1349632K)
[2023-11-10T11:49:36.364-0800][76579996ms] GC(23010) Pause Young (Normal) (G1 Evacuation Pause) 3234M->2862M(3602M) 7.563ms
[2023-11-10T11:49:36.364-0800][76579996ms] GC(23010) User=0.00s Sys=0.00s Real=0.01s
[2023-11-10T11:49:36.875-0800][76580507ms] GC(23011) Pause Young (Normal) (G1 Evacuation Pause)
[2023-11-10T11:49:36.875-0800][76580507ms] GC(23011) Using 10 workers of 10 for evacuation
[2023-11-10T11:49:36.881-0800][76580513ms] GC(23011)   Pre Evacuate Collection Set: 0.1ms
[2023-11-10T11:49:36.881-0800][76580513ms] GC(23011)   Evacuate Collection Set: 1.9ms
[2023-11-10T11:49:36.881-0800][76580513ms] GC(23011)   Post Evacuate Collection Set: 4.0ms
[2023-11-10T11:49:36.881-0800][76580513ms] GC(23011)   Other: 0.3ms
[2023-11-10T11:49:36.881-0800][76580513ms] GC(23011) Eden regions: 186->0(186)
[2023-11-10T11:49:36.881-0800][76580513ms] GC(23011) Survivor regions: 1->1(24)
[2023-11-10T11:49:36.881-0800][76580513ms] GC(23011) Old regions: 1427->1427
[2023-11-10T11:49:36.881-0800][76580513ms] GC(23011) Humongous regions: 5->5
[2023-11-10T11:49:36.881-0800][76580513ms] GC(23011) Metaspace: 304921K->304921K(1349632K)
[2023-11-10T11:49:36.881-0800][76580513ms] GC(23011) Pause Young (Normal) (G1 Evacuation Pause) 3234M->2862M(3602M) 6.409ms
[2023-11-10T11:49:36.881-0800][76580513ms] GC(23011) User=0.00s Sys=0.00s Real=0.01s
[2023-11-10T11:49:37.341-0800][76580973ms] GC(23012) Pause Young (Normal) (G1 Evacuation Pause)
[2023-11-10T11:49:37.341-0800][76580973ms] GC(23012) Using 10 workers of 10 for evacuation
[2023-11-10T11:49:37.347-0800][76580979ms] GC(23012)   Pre Evacuate Collection Set: 0.0ms
[2023-11-10T11:49:37.347-0800][76580979ms] GC(23012)   Evacuate Collection Set: 1.9ms
[2023-11-10T11:49:37.347-0800][76580979ms] GC(23012)   Post Evacuate Collection Set: 4.1ms
[2023-11-10T11:49:37.347-0800][76580979ms] GC(23012)   Other: 0.3ms
[2023-11-10T11:49:37.347-0800][76580979ms] GC(23012) Eden regions: 186->0(186)
[2023-11-10T11:49:37.347-0800][76580979ms] GC(23012) Survivor regions: 1->1(24)
[2023-11-10T11:49:37.352-0800][76580984ms] GC(23012) Old regions: 1427->1427
[2023-11-10T11:49:37.352-0800][76580984ms] GC(23012) Humongous regions: 5->5
[2023-11-10T11:49:37.352-0800][76580984ms] GC(23012) Metaspace: 304921K->304921K(1349632K)
[2023-11-10T11:49:37.352-0800][76580984ms] GC(23012) Pause Young (Normal) (G1 Evacuation Pause) 3234M->2863M(3602M) 11.204ms
[2023-11-10T11:49:37.352-0800][76580984ms] GC(23012) User=0.00s Sys=0.02s Real=0.01s
[2023-11-10T11:49:37.808-0800][76581440ms] GC(23013) Pause Young (Normal) (G1 Evacuation Pause)
[2023-11-10T11:49:37.808-0800][76581440ms] GC(23013) Using 10 workers of 10 for evacuation
[2023-11-10T11:49:37.815-0800][76581447ms] GC(23013)   Pre Evacuate Collection Set: 0.1ms
[2023-11-10T11:49:37.815-0800][76581447ms] GC(23013)   Evacuate Collection Set: 2.5ms
[2023-11-10T11:49:37.815-0800][76581447ms] GC(23013)   Post Evacuate Collection Set: 4.6ms
[2023-11-10T11:49:37.815-0800][76581447ms] GC(23013)   Other: 0.4ms
[2023-11-10T11:49:37.815-0800][76581447ms] GC(23013) Eden regions: 186->0(186)
[2023-11-10T11:49:37.815-0800][76581447ms] GC(23013) Survivor regions: 1->1(24)
[2023-11-10T11:49:37.816-0800][76581448ms] GC(23013) Old regions: 1427->1427
[2023-11-10T11:49:37.816-0800][76581448ms] GC(23013) Humongous regions: 5->5
[2023-11-10T11:49:37.816-0800][76581448ms] GC(23013) Metaspace: 304921K->304921K(1349632K)
[2023-11-10T11:49:37.816-0800][76581448ms] GC(23013) Pause Young (Normal) (G1 Evacuation Pause) 3235M->2863M(3602M) 7.842ms
[2023-11-10T11:49:37.816-0800][76581448ms] GC(23013) User=0.00s Sys=0.00s Real=0.01s
[2023-11-10T11:49:38.269-0800][76581901ms] GC(23014) Pause Young (Normal) (G1 Evacuation Pause)
[2023-11-10T11:49:38.269-0800][76581901ms] GC(23014) Using 10 workers of 10 for evacuation
[2023-11-10T11:49:38.275-0800][76581907ms] GC(23014)   Pre Evacuate Collection Set: 0.0ms
[2023-11-10T11:49:38.275-0800][76581907ms] GC(23014)   Evacuate Collection Set: 1.7ms
[2023-11-10T11:49:38.275-0800][76581907ms] GC(23014)   Post Evacuate Collection Set: 3.6ms
[2023-11-10T11:49:38.275-0800][76581907ms] GC(23014)   Other: 0.3ms
[2023-11-10T11:49:38.275-0800][76581907ms] GC(23014) Eden regions: 186->0(186)
[2023-11-10T11:49:38.275-0800][76581907ms] GC(23014) Survivor regions: 1->1(24)
[2023-11-10T11:49:38.275-0800][76581907ms] GC(23014) Old regions: 1427->1427
[2023-11-10T11:49:38.275-0800][76581907ms] GC(23014) Humongous regions: 5->5
[2023-11-10T11:49:38.275-0800][76581907ms] GC(23014) Metaspace: 304921K->304921K(1349632K)
[2023-11-10T11:49:38.275-0800][76581907ms] GC(23014) Pause Young (Normal) (G1 Evacuation Pause) 3235M->2863M(3602M) 5.701ms
[2023-11-10T11:49:38.275-0800][76581907ms] GC(23014) User=0.02s Sys=0.00s Real=0.01s
[2023-11-10T11:49:38.727-0800][76582359ms] GC(23015) Pause Young (Normal) (G1 Evacuation Pause)
[2023-11-10T11:49:38.727-0800][76582359ms] GC(23015) Using 10 workers of 10 for evacuation
[2023-11-10T11:49:38.732-0800][76582364ms] GC(23015)   Pre Evacuate Collection Set: 0.1ms
[2023-11-10T11:49:38.732-0800][76582364ms] GC(23015)   Evacuate Collection Set: 2.1ms
[2023-11-10T11:49:38.732-0800][76582364ms] GC(23015)   Post Evacuate Collection Set: 3.3ms
[2023-11-10T11:49:38.732-0800][76582364ms] GC(23015)   Other: 0.3ms
[2023-11-10T11:49:38.732-0800][76582364ms] GC(23015) Eden regions: 186->0(186)
[2023-11-10T11:49:38.732-0800][76582364ms] GC(23015) Survivor regions: 1->1(24)
[2023-11-10T11:49:38.732-0800][76582364ms] GC(23015) Old regions: 1427->1427
[2023-11-10T11:49:38.732-0800][76582364ms] GC(23015) Humongous regions: 5->5
[2023-11-10T11:49:38.732-0800][76582364ms] GC(23015) Metaspace: 304921K->304921K(1349632K)
[2023-11-10T11:49:38.734-0800][76582366ms] GC(23015) Pause Young (Normal) (G1 Evacuation Pause) 3235M->2863M(3602M) 5.780ms
[2023-11-10T11:49:38.734-0800][76582366ms] GC(23015) User=0.00s Sys=0.00s Real=0.01s
[2023-11-10T11:49:39.224-0800][76582856ms] GC(23016) Pause Young (Normal) (G1 Evacuation Pause)
[2023-11-10T11:49:39.224-0800][76582856ms] GC(23016) Using 10 workers of 10 for evacuation
[2023-11-10T11:49:39.231-0800][76582863ms] GC(23016)   Pre Evacuate Collection Set: 0.1ms
[2023-11-10T11:49:39.231-0800][76582863ms] GC(23016)   Evacuate Collection Set: 2.0ms
[2023-11-10T11:49:39.231-0800][76582863ms] GC(23016)   Post Evacuate Collection Set: 4.9ms
[2023-11-10T11:49:39.232-0800][76582864ms] GC(23016)   Other: 0.5ms
[2023-11-10T11:49:39.232-0800][76582864ms] GC(23016) Eden regions: 186->0(185)
[2023-11-10T11:49:39.232-0800][76582864ms] GC(23016) Survivor regions: 1->1(24)
[2023-11-10T11:49:39.232-0800][76582864ms] GC(23016) Old regions: 1427->1427
[2023-11-10T11:49:39.232-0800][76582864ms] GC(23016) Humongous regions: 5->5
[2023-11-10T11:49:39.232-0800][76582864ms] GC(23016) Metaspace: 304921K->304921K(1349632K)
[2023-11-10T11:49:39.232-0800][76582864ms] GC(23016) Pause Young (Normal) (G1 Evacuation Pause) 3235M->2863M(3602M) 7.662ms
[2023-11-10T11:49:39.232-0800][76582864ms] GC(23016) User=0.06s Sys=0.00s Real=0.01s
[2023-11-10T11:49:39.718-0800][76583350ms] GC(23017) Pause Young (Normal) (G1 Evacuation Pause)
[2023-11-10T11:49:39.718-0800][76583350ms] GC(23017) Using 10 workers of 10 for evacuation
[2023-11-10T11:49:39.725-0800][76583357ms] GC(23017)   Pre Evacuate Collection Set: 0.1ms
[2023-11-10T11:49:39.725-0800][76583357ms] GC(23017)   Evacuate Collection Set: 2.1ms
[2023-11-10T11:49:39.725-0800][76583357ms] GC(23017)   Post Evacuate Collection Set: 4.3ms
[2023-11-10T11:49:39.725-0800][76583357ms] GC(23017)   Other: 0.3ms
[2023-11-10T11:49:39.725-0800][76583357ms] GC(23017) Eden regions: 185->0(185)
[2023-11-10T11:49:39.725-0800][76583357ms] GC(23017) Survivor regions: 1->1(24)
[2023-11-10T11:49:39.725-0800][76583357ms] GC(23017) Old regions: 1427->1427
[2023-11-10T11:49:39.725-0800][76583357ms] GC(23017) Humongous regions: 5->5
[2023-11-10T11:49:39.725-0800][76583357ms] GC(23017) Metaspace: 304921K->304921K(1349632K)
[2023-11-10T11:49:39.725-0800][76583357ms] GC(23017) Pause Young (Normal) (G1 Evacuation Pause) 3233M->2863M(3602M) 6.875ms
[2023-11-10T11:49:39.726-0800][76583358ms] GC(23017) User=0.00s Sys=0.00s Real=0.01s
[2023-11-10T11:49:40.165-0800][76583797ms] GC(23018) Pause Young (Normal) (G1 Evacuation Pause)
[2023-11-10T11:49:40.165-0800][76583797ms] GC(23018) Using 10 workers of 10 for evacuation
[2023-11-10T11:49:40.171-0800][76583803ms] GC(23018)   Pre Evacuate Collection Set: 0.1ms
[2023-11-10T11:49:40.171-0800][76583803ms] GC(23018)   Evacuate Collection Set: 2.0ms
[2023-11-10T11:49:40.171-0800][76583803ms] GC(23018)   Post Evacuate Collection Set: 3.8ms
[2023-11-10T11:49:40.171-0800][76583803ms] GC(23018)   Other: 0.4ms
[2023-11-10T11:49:40.171-0800][76583803ms] GC(23018) Eden regions: 185->0(185)
[2023-11-10T11:49:40.171-0800][76583803ms] GC(23018) Survivor regions: 1->1(24)
[2023-11-10T11:49:40.171-0800][76583803ms] GC(23018) Old regions: 1427->1427
[2023-11-10T11:49:40.171-0800][76583803ms] GC(23018) Humongous regions: 5->5
[2023-11-10T11:49:40.171-0800][76583803ms] GC(23018) Metaspace: 304921K->304921K(1349632K)
[2023-11-10T11:49:40.171-0800][76583803ms] GC(23018) Pause Young (Normal) (G1 Evacuation Pause) 3233M->2863M(3602M) 6.335ms
[2023-11-10T11:49:40.171-0800][76583803ms] GC(23018) User=0.00s Sys=0.00s Real=0.01s
[2023-11-10T11:49:40.584-0800][76584216ms] GC(23019) Pause Young (Normal) (G1 Evacuation Pause)
[2023-11-10T11:49:40.584-0800][76584216ms] GC(23019) Using 10 workers of 10 for evacuation
[2023-11-10T11:49:40.589-0800][76584221ms] GC(23019)   Pre Evacuate Collection Set: 0.0ms
[2023-11-10T11:49:40.589-0800][76584221ms] GC(23019)   Evacuate Collection Set: 1.7ms
[2023-11-10T11:49:40.589-0800][76584221ms] GC(23019)   Post Evacuate Collection Set: 3.0ms
[2023-11-10T11:49:40.589-0800][76584221ms] GC(23019)   Other: 0.3ms
[2023-11-10T11:49:40.589-0800][76584221ms] GC(23019) Eden regions: 185->0(185)
[2023-11-10T11:49:40.589-0800][76584221ms] GC(23019) Survivor regions: 1->1(24)
[2023-11-10T11:49:40.589-0800][76584221ms] GC(23019) Old regions: 1427->1427
[2023-11-10T11:49:40.589-0800][76584221ms] GC(23019) Humongous regions: 5->5
[2023-11-10T11:49:40.589-0800][76584221ms] GC(23019) Metaspace: 304921K->304921K(1349632K)
[2023-11-10T11:49:40.589-0800][76584221ms] GC(23019) Pause Young (Normal) (G1 Evacuation Pause) 3233M->2863M(3602M) 5.108ms
[2023-11-10T11:49:40.589-0800][76584221ms] GC(23019) User=0.06s Sys=0.00s Real=0.00s
[2023-11-10T11:49:41.088-0800][76584720ms] GC(23020) Pause Young (Normal) (G1 Evacuation Pause)
[2023-11-10T11:49:41.088-0800][76584720ms] GC(23020) Using 10 workers of 10 for evacuation
[2023-11-10T11:49:41.093-0800][76584725ms] GC(23020)   Pre Evacuate Collection Set: 0.1ms
[2023-11-10T11:49:41.093-0800][76584725ms] GC(23020)   Evacuate Collection Set: 1.9ms
[2023-11-10T11:49:41.093-0800][76584725ms] GC(23020)   Post Evacuate Collection Set: 3.3ms
[2023-11-10T11:49:41.093-0800][76584725ms] GC(23020)   Other: 0.3ms
[2023-11-10T11:49:41.093-0800][76584725ms] GC(23020) Eden regions: 185->0(185)
[2023-11-10T11:49:41.093-0800][76584725ms] GC(23020) Survivor regions: 1->1(24)
[2023-11-10T11:49:41.093-0800][76584725ms] GC(23020) Old regions: 1427->1427
[2023-11-10T11:49:41.093-0800][76584725ms] GC(23020) Humongous regions: 5->5
[2023-11-10T11:49:41.093-0800][76584725ms] GC(23020) Metaspace: 304921K->304921K(1349632K)
[2023-11-10T11:49:41.093-0800][76584725ms] GC(23020) Pause Young (Normal) (G1 Evacuation Pause) 3233M->2863M(3602M) 5.631ms
[2023-11-10T11:49:41.093-0800][76584725ms] GC(23020) User=0.00s Sys=0.00s Real=0.00s
[2023-11-10T11:49:41.495-0800][76585127ms] GC(23021) Pause Young (Normal) (G1 Evacuation Pause)
[2023-11-10T11:49:41.495-0800][76585127ms] GC(23021) Using 10 workers of 10 for evacuation
[2023-11-10T11:49:41.499-0800][76585131ms] GC(23021)   Pre Evacuate Collection Set: 0.0ms
[2023-11-10T11:49:41.501-0800][76585133ms] GC(23021)   Evacuate Collection Set: 1.6ms
[2023-11-10T11:49:41.501-0800][76585133ms] GC(23021)   Post Evacuate Collection Set: 3.1ms
[2023-11-10T11:49:41.501-0800][76585133ms] GC(23021)   Other: 0.2ms
[2023-11-10T11:49:41.501-0800][76585133ms] GC(23021) Eden regions: 185->0(185)
[2023-11-10T11:49:41.501-0800][76585133ms] GC(23021) Survivor regions: 1->1(24)
[2023-11-10T11:49:41.501-0800][76585133ms] GC(23021) Old regions: 1427->1427
[2023-11-10T11:49:41.501-0800][76585133ms] GC(23021) Humongous regions: 5->5
[2023-11-10T11:49:41.501-0800][76585133ms] GC(23021) Metaspace: 304921K->304921K(1349632K)
[2023-11-10T11:49:41.501-0800][76585133ms] GC(23021) Pause Young (Normal) (G1 Evacuation Pause) 3233M->2863M(3602M) 5.150ms
[2023-11-10T11:49:41.501-0800][76585133ms] GC(23021) User=0.00s Sys=0.00s Real=0.01s
[2023-11-10T11:49:41.974-0800][76585606ms] GC(23022) Pause Young (Normal) (G1 Evacuation Pause)
[2023-11-10T11:49:41.974-0800][76585606ms] GC(23022) Using 10 workers of 10 for evacuation
[2023-11-10T11:49:41.981-0800][76585613ms] GC(23022)   Pre Evacuate Collection Set: 0.1ms
[2023-11-10T11:49:41.981-0800][76585613ms] GC(23022)   Evacuate Collection Set: 2.3ms
[2023-11-10T11:49:41.981-0800][76585613ms] GC(23022)   Post Evacuate Collection Set: 3.6ms
[2023-11-10T11:49:41.981-0800][76585613ms] GC(23022)   Other: 0.3ms
[2023-11-10T11:49:41.981-0800][76585613ms] GC(23022) Eden regions: 185->0(185)
[2023-11-10T11:49:41.981-0800][76585613ms] GC(23022) Survivor regions: 1->1(24)
[2023-11-10T11:49:41.981-0800][76585613ms] GC(23022) Old regions: 1427->1427
[2023-11-10T11:49:41.981-0800][76585613ms] GC(23022) Humongous regions: 5->5
[2023-11-10T11:49:41.981-0800][76585613ms] GC(23022) Metaspace: 304921K->304921K(1349632K)
[2023-11-10T11:49:41.981-0800][76585613ms] GC(23022) Pause Young (Normal) (G1 Evacuation Pause) 3233M->2863M(3602M) 6.299ms
[2023-11-10T11:49:41.981-0800][76585613ms] GC(23022) User=0.08s Sys=0.02s Real=0.01s
[2023-11-10T11:49:42.502-0800][76586134ms] GC(23023) Pause Young (Normal) (G1 Evacuation Pause)
[2023-11-10T11:49:42.502-0800][76586134ms] GC(23023) Using 10 workers of 10 for evacuation
[2023-11-10T11:49:42.507-0800][76586139ms] GC(23023)   Pre Evacuate Collection Set: 0.0ms
[2023-11-10T11:49:42.507-0800][76586139ms] GC(23023)   Evacuate Collection Set: 1.7ms
[2023-11-10T11:49:42.507-0800][76586139ms] GC(23023)   Post Evacuate Collection Set: 3.5ms
[2023-11-10T11:49:42.507-0800][76586139ms] GC(23023)   Other: 0.3ms
[2023-11-10T11:49:42.507-0800][76586139ms] GC(23023) Eden regions: 185->0(185)
[2023-11-10T11:49:42.507-0800][76586139ms] GC(23023) Survivor regions: 1->1(24)
[2023-11-10T11:49:42.507-0800][76586139ms] GC(23023) Old regions: 1427->1427
[2023-11-10T11:49:42.507-0800][76586139ms] GC(23023) Humongous regions: 5->5
[2023-11-10T11:49:42.507-0800][76586139ms] GC(23023) Metaspace: 304921K->304921K(1349632K)
[2023-11-10T11:49:42.507-0800][76586139ms] GC(23023) Pause Young (Normal) (G1 Evacuation Pause) 3233M->2863M(3602M) 5.639ms
[2023-11-10T11:49:42.507-0800][76586139ms] GC(23023) User=0.00s Sys=0.00s Real=0.00s
[2023-11-10T11:49:42.979-0800][76586611ms] GC(23024) Pause Young (Normal) (G1 Evacuation Pause)
[2023-11-10T11:49:42.979-0800][76586611ms] GC(23024) Using 10 workers of 10 for evacuation
[2023-11-10T11:49:42.985-0800][76586617ms] GC(23024)   Pre Evacuate Collection Set: 0.1ms
[2023-11-10T11:49:42.985-0800][76586617ms] GC(23024)   Evacuate Collection Set: 1.7ms
[2023-11-10T11:49:42.985-0800][76586617ms] GC(23024)   Post Evacuate Collection Set: 3.2ms
[2023-11-10T11:49:42.985-0800][76586617ms] GC(23024)   Other: 0.3ms
[2023-11-10T11:49:42.985-0800][76586617ms] GC(23024) Eden regions: 185->0(185)
[2023-11-10T11:49:42.985-0800][76586617ms] GC(23024) Survivor regions: 1->1(24)
[2023-11-10T11:49:42.985-0800][76586617ms] GC(23024) Old regions: 1427->1427
[2023-11-10T11:49:42.985-0800][76586617ms] GC(23024) Humongous regions: 5->5
[2023-11-10T11:49:42.985-0800][76586617ms] GC(23024) Metaspace: 304921K->304921K(1349632K)
[2023-11-10T11:49:42.985-0800][76586617ms] GC(23024) Pause Young (Normal) (G1 Evacuation Pause) 3233M->2863M(3602M) 5.289ms
[2023-11-10T11:49:42.985-0800][76586617ms] GC(23024) User=0.00s Sys=0.00s Real=0.01s
[2023-11-10T11:49:43.454-0800][76587086ms] GC(23025) Pause Young (Normal) (G1 Evacuation Pause)
[2023-11-10T11:49:43.454-0800][76587086ms] GC(23025) Using 10 workers of 10 for evacuation
[2023-11-10T11:49:43.459-0800][76587091ms] GC(23025)   Pre Evacuate Collection Set: 0.0ms
[2023-11-10T11:49:43.459-0800][76587091ms] GC(23025)   Evacuate Collection Set: 1.7ms
[2023-11-10T11:49:43.459-0800][76587091ms] GC(23025)   Post Evacuate Collection Set: 3.3ms
[2023-11-10T11:49:43.459-0800][76587091ms] GC(23025)   Other: 0.2ms
[2023-11-10T11:49:43.459-0800][76587091ms] GC(23025) Eden regions: 185->0(185)
[2023-11-10T11:49:43.459-0800][76587091ms] GC(23025) Survivor regions: 1->1(24)
[2023-11-10T11:49:43.459-0800][76587091ms] GC(23025) Old regions: 1427->1427
[2023-11-10T11:49:43.459-0800][76587091ms] GC(23025) Humongous regions: 5->5
[2023-11-10T11:49:43.459-0800][76587091ms] GC(23025) Metaspace: 304921K->304921K(1349632K)
[2023-11-10T11:49:43.459-0800][76587091ms] GC(23025) Pause Young (Normal) (G1 Evacuation Pause) 3233M->2863M(3602M) 5.329ms
[2023-11-10T11:49:43.459-0800][76587091ms] GC(23025) User=0.00s Sys=0.00s Real=0.01s
[2023-11-10T11:49:43.912-0800][76587544ms] GC(23026) Pause Young (Normal) (G1 Evacuation Pause)
[2023-11-10T11:49:43.912-0800][76587544ms] GC(23026) Using 10 workers of 10 for evacuation
[2023-11-10T11:49:43.916-0800][76587548ms] GC(23026)   Pre Evacuate Collection Set: 0.0ms
[2023-11-10T11:49:43.916-0800][76587548ms] GC(23026)   Evacuate Collection Set: 1.8ms
[2023-11-10T11:49:43.916-0800][76587548ms] GC(23026)   Post Evacuate Collection Set: 3.1ms
[2023-11-10T11:49:43.916-0800][76587548ms] GC(23026)   Other: 0.3ms
[2023-11-10T11:49:43.916-0800][76587548ms] GC(23026) Eden regions: 185->0(185)
[2023-11-10T11:49:43.916-0800][76587548ms] GC(23026) Survivor regions: 1->1(24)
[2023-11-10T11:49:43.917-0800][76587549ms] GC(23026) Old regions: 1427->1427
[2023-11-10T11:49:43.917-0800][76587549ms] GC(23026) Humongous regions: 5->5
[2023-11-10T11:49:43.917-0800][76587549ms] GC(23026) Metaspace: 304921K->304921K(1349632K)
[2023-11-10T11:49:43.917-0800][76587549ms] GC(23026) Pause Young (Normal) (G1 Evacuation Pause) 3233M->2863M(3602M) 5.324ms
[2023-11-10T11:49:43.917-0800][76587549ms] GC(23026) User=0.03s Sys=0.02s Real=0.01s
[2023-11-10T11:49:44.343-0800][76587975ms] GC(23027) Pause Young (Normal) (G1 Evacuation Pause)
[2023-11-10T11:49:44.343-0800][76587975ms] GC(23027) Using 10 workers of 10 for evacuation
[2023-11-10T11:49:44.349-0800][76587981ms] GC(23027)   Pre Evacuate Collection Set: 0.1ms
[2023-11-10T11:49:44.349-0800][76587981ms] GC(23027)   Evacuate Collection Set: 2.0ms
[2023-11-10T11:49:44.349-0800][76587981ms] GC(23027)   Post Evacuate Collection Set: 3.8ms
[2023-11-10T11:49:44.349-0800][76587981ms] GC(23027)   Other: 0.3ms
[2023-11-10T11:49:44.349-0800][76587981ms] GC(23027) Eden regions: 185->0(185)
[2023-11-10T11:49:44.349-0800][76587981ms] GC(23027) Survivor regions: 1->1(24)
[2023-11-10T11:49:44.349-0800][76587981ms] GC(23027) Old regions: 1427->1427
[2023-11-10T11:49:44.349-0800][76587981ms] GC(23027) Humongous regions: 5->5
[2023-11-10T11:49:44.349-0800][76587981ms] GC(23027) Metaspace: 304921K->304921K(1349632K)
[2023-11-10T11:49:44.349-0800][76587981ms] GC(23027) Pause Young (Normal) (G1 Evacuation Pause) 3233M->2863M(3602M) 6.300ms
[2023-11-10T11:49:44.349-0800][76587981ms] GC(23027) User=0.00s Sys=0.00s Real=0.01s
[2023-11-10T11:49:44.773-0800][76588405ms] GC(23028) Pause Young (Normal) (G1 Evacuation Pause)
[2023-11-10T11:49:44.773-0800][76588405ms] GC(23028) Using 10 workers of 10 for evacuation
[2023-11-10T11:49:44.779-0800][76588411ms] GC(23028)   Pre Evacuate Collection Set: 0.0ms
[2023-11-10T11:49:44.779-0800][76588411ms] GC(23028)   Evacuate Collection Set: 1.7ms
[2023-11-10T11:49:44.779-0800][76588411ms] GC(23028)   Post Evacuate Collection Set: 3.4ms
[2023-11-10T11:49:44.779-0800][76588411ms] GC(23028)   Other: 0.2ms
[2023-11-10T11:49:44.779-0800][76588411ms] GC(23028) Eden regions: 185->0(185)
[2023-11-10T11:49:44.779-0800][76588411ms] GC(23028) Survivor regions: 1->1(24)
[2023-11-10T11:49:44.779-0800][76588411ms] GC(23028) Old regions: 1427->1427
[2023-11-10T11:49:44.779-0800][76588411ms] GC(23028) Humongous regions: 5->5
[2023-11-10T11:49:44.779-0800][76588411ms] GC(23028) Metaspace: 304921K->304921K(1349632K)
[2023-11-10T11:49:44.779-0800][76588411ms] GC(23028) Pause Young (Normal) (G1 Evacuation Pause) 3233M->2863M(3602M) 5.508ms
[2023-11-10T11:49:44.779-0800][76588411ms] GC(23028) User=0.00s Sys=0.00s Real=0.01s
[2023-11-10T11:49:45.182-0800][76588814ms] GC(23029) Pause Young (Normal) (G1 Evacuation Pause)
[2023-11-10T11:49:45.182-0800][76588814ms] GC(23029) Using 10 workers of 10 for evacuation
[2023-11-10T11:49:45.188-0800][76588820ms] GC(23029)   Pre Evacuate Collection Set: 0.0ms
[2023-11-10T11:49:45.188-0800][76588820ms] GC(23029)   Evacuate Collection Set: 1.7ms
[2023-11-10T11:49:45.188-0800][76588820ms] GC(23029)   Post Evacuate Collection Set: 3.2ms
[2023-11-10T11:49:45.188-0800][76588820ms] GC(23029)   Other: 0.4ms
[2023-11-10T11:49:45.188-0800][76588820ms] GC(23029) Eden regions: 185->0(185)
[2023-11-10T11:49:45.188-0800][76588820ms] GC(23029) Survivor regions: 1->1(24)
[2023-11-10T11:49:45.188-0800][76588820ms] GC(23029) Old regions: 1427->1427
[2023-11-10T11:49:45.188-0800][76588820ms] GC(23029) Humongous regions: 5->5
[2023-11-10T11:49:45.188-0800][76588820ms] GC(23029) Metaspace: 304921K->304921K(1349632K)
[2023-11-10T11:49:45.188-0800][76588820ms] GC(23029) Pause Young (Normal) (G1 Evacuation Pause) 3233M->2863M(3602M) 5.427ms
[2023-11-10T11:49:45.188-0800][76588820ms] GC(23029) User=0.00s Sys=0.00s Real=0.01s
[2023-11-10T11:49:45.638-0800][76589270ms] GC(23030) Pause Young (Normal) (G1 Evacuation Pause)
[2023-11-10T11:49:45.638-0800][76589270ms] GC(23030) Using 10 workers of 10 for evacuation
[2023-11-10T11:49:45.644-0800][76589276ms] GC(23030)   Pre Evacuate Collection Set: 0.1ms
[2023-11-10T11:49:45.644-0800][76589276ms] GC(23030)   Evacuate Collection Set: 2.1ms
[2023-11-10T11:49:45.644-0800][76589276ms] GC(23030)   Post Evacuate Collection Set: 3.3ms
[2023-11-10T11:49:45.644-0800][76589276ms] GC(23030)   Other: 0.3ms
[2023-11-10T11:49:45.644-0800][76589276ms] GC(23030) Eden regions: 185->0(185)
[2023-11-10T11:49:45.644-0800][76589276ms] GC(23030) Survivor regions: 1->1(24)
[2023-11-10T11:49:45.644-0800][76589276ms] GC(23030) Old regions: 1427->1427
[2023-11-10T11:49:45.644-0800][76589276ms] GC(23030) Humongous regions: 5->5
[2023-11-10T11:49:45.644-0800][76589276ms] GC(23030) Metaspace: 304921K->304921K(1349632K)
[2023-11-10T11:49:45.644-0800][76589276ms] GC(23030) Pause Young (Normal) (G1 Evacuation Pause) 3233M->2863M(3602M) 5.868ms
[2023-11-10T11:49:45.644-0800][76589276ms] GC(23030) User=0.00s Sys=0.00s Real=0.01s
[2023-11-10T11:49:46.103-0800][76589735ms] GC(23031) Pause Young (Normal) (G1 Evacuation Pause)
[2023-11-10T11:49:46.103-0800][76589735ms] GC(23031) Using 10 workers of 10 for evacuation
[2023-11-10T11:49:46.107-0800][76589739ms] GC(23031)   Pre Evacuate Collection Set: 0.1ms
[2023-11-10T11:49:46.107-0800][76589739ms] GC(23031)   Evacuate Collection Set: 1.8ms
[2023-11-10T11:49:46.107-0800][76589739ms] GC(23031)   Post Evacuate Collection Set: 3.0ms
[2023-11-10T11:49:46.107-0800][76589740ms] GC(23031)   Other: 0.3ms
[2023-11-10T11:49:46.108-0800][76589740ms] GC(23031) Eden regions: 185->0(185)
[2023-11-10T11:49:46.108-0800][76589740ms] GC(23031) Survivor regions: 1->1(24)
[2023-11-10T11:49:46.108-0800][76589740ms] GC(23031) Old regions: 1427->1427
[2023-11-10T11:49:46.108-0800][76589740ms] GC(23031) Humongous regions: 5->5
[2023-11-10T11:49:46.108-0800][76589740ms] GC(23031) Metaspace: 304921K->304921K(1349632K)
[2023-11-10T11:49:46.108-0800][76589740ms] GC(23031) Pause Young (Normal) (G1 Evacuation Pause) 3233M->2863M(3602M) 5.206ms
[2023-11-10T11:49:46.108-0800][76589740ms] GC(23031) User=0.00s Sys=0.00s Real=0.01s
[2023-11-10T11:49:46.557-0800][76590189ms] GC(23032) Pause Young (Normal) (G1 Evacuation Pause)
[2023-11-10T11:49:46.557-0800][76590189ms] GC(23032) Using 10 workers of 10 for evacuation
[2023-11-10T11:49:46.563-0800][76590195ms] GC(23032)   Pre Evacuate Collection Set: 0.0ms
[2023-11-10T11:49:46.563-0800][76590195ms] GC(23032)   Evacuate Collection Set: 2.0ms
[2023-11-10T11:49:46.563-0800][76590195ms] GC(23032)   Post Evacuate Collection Set: 3.3ms
[2023-11-10T11:49:46.563-0800][76590195ms] GC(23032)   Other: 0.3ms
[2023-11-10T11:49:46.563-0800][76590195ms] GC(23032) Eden regions: 185->0(185)
[2023-11-10T11:49:46.563-0800][76590195ms] GC(23032) Survivor regions: 1->1(24)
[2023-11-10T11:49:46.563-0800][76590195ms] GC(23032) Old regions: 1427->1427
[2023-11-10T11:49:46.563-0800][76590195ms] GC(23032) Humongous regions: 5->5
[2023-11-10T11:49:46.563-0800][76590195ms] GC(23032) Metaspace: 304921K->304921K(1349632K)
[2023-11-10T11:49:46.563-0800][76590195ms] GC(23032) Pause Young (Normal) (G1 Evacuation Pause) 3233M->2863M(3602M) 5.773ms
[2023-11-10T11:49:46.563-0800][76590195ms] GC(23032) User=0.00s Sys=0.00s Real=0.01s
[2023-11-10T11:49:47.063-0800][76590695ms] GC(23033) Pause Young (Normal) (G1 Evacuation Pause)
[2023-11-10T11:49:47.063-0800][76590695ms] GC(23033) Using 10 workers of 10 for evacuation
[2023-11-10T11:49:47.070-0800][76590702ms] GC(23033)   Pre Evacuate Collection Set: 0.0ms
[2023-11-10T11:49:47.070-0800][76590702ms] GC(23033)   Evacuate Collection Set: 1.9ms
[2023-11-10T11:49:47.070-0800][76590702ms] GC(23033)   Post Evacuate Collection Set: 4.2ms
[2023-11-10T11:49:47.070-0800][76590702ms] GC(23033)   Other: 0.3ms
[2023-11-10T11:49:47.070-0800][76590702ms] GC(23033) Eden regions: 185->0(185)
[2023-11-10T11:49:47.070-0800][76590702ms] GC(23033) Survivor regions: 1->1(24)
[2023-11-10T11:49:47.070-0800][76590702ms] GC(23033) Old regions: 1427->1427
[2023-11-10T11:49:47.070-0800][76590702ms] GC(23033) Humongous regions: 5->5
[2023-11-10T11:49:47.070-0800][76590702ms] GC(23033) Metaspace: 304921K->304921K(1349632K)
[2023-11-10T11:49:47.070-0800][76590702ms] GC(23033) Pause Young (Normal) (G1 Evacuation Pause) 3233M->2863M(3602M) 6.571ms
[2023-11-10T11:49:47.070-0800][76590702ms] GC(23033) User=0.00s Sys=0.00s Real=0.01s
[2023-11-10T11:49:47.527-0800][76591159ms] GC(23034) Pause Young (Normal) (G1 Evacuation Pause)
[2023-11-10T11:49:47.527-0800][76591159ms] GC(23034) Using 10 workers of 10 for evacuation
[2023-11-10T11:49:47.531-0800][76591163ms] GC(23034)   Pre Evacuate Collection Set: 0.1ms
[2023-11-10T11:49:47.531-0800][76591163ms] GC(23034)   Evacuate Collection Set: 1.8ms
[2023-11-10T11:49:47.531-0800][76591163ms] GC(23034)   Post Evacuate Collection Set: 3.1ms
[2023-11-10T11:49:47.531-0800][76591163ms] GC(23034)   Other: 0.3ms
[2023-11-10T11:49:47.531-0800][76591163ms] GC(23034) Eden regions: 185->0(185)
[2023-11-10T11:49:47.531-0800][76591163ms] GC(23034) Survivor regions: 1->1(24)
[2023-11-10T11:49:47.531-0800][76591163ms] GC(23034) Old regions: 1427->1427
[2023-11-10T11:49:47.531-0800][76591163ms] GC(23034) Humongous regions: 5->5
[2023-11-10T11:49:47.531-0800][76591163ms] GC(23034) Metaspace: 304921K->304921K(1349632K)
[2023-11-10T11:49:47.531-0800][76591163ms] GC(23034) Pause Young (Normal) (G1 Evacuation Pause) 3233M->2863M(3602M) 5.278ms
[2023-11-10T11:49:47.531-0800][76591163ms] GC(23034) User=0.00s Sys=0.00s Real=0.00s
[2023-11-10T11:49:48.012-0800][76591644ms] GC(23035) Pause Young (Normal) (G1 Evacuation Pause)
[2023-11-10T11:49:48.012-0800][76591644ms] GC(23035) Using 10 workers of 10 for evacuation
[2023-11-10T11:49:48.020-0800][76591652ms] GC(23035)   Pre Evacuate Collection Set: 0.1ms
[2023-11-10T11:49:48.020-0800][76591652ms] GC(23035)   Evacuate Collection Set: 2.2ms
[2023-11-10T11:49:48.020-0800][76591652ms] GC(23035)   Post Evacuate Collection Set: 4.7ms
[2023-11-10T11:49:48.020-0800][76591652ms] GC(23035)   Other: 0.3ms
[2023-11-10T11:49:48.020-0800][76591652ms] GC(23035) Eden regions: 185->0(185)
[2023-11-10T11:49:48.020-0800][76591652ms] GC(23035) Survivor regions: 1->1(24)
[2023-11-10T11:49:48.020-0800][76591652ms] GC(23035) Old regions: 1427->1427
[2023-11-10T11:49:48.020-0800][76591652ms] GC(23035) Humongous regions: 5->5
[2023-11-10T11:49:48.020-0800][76591652ms] GC(23035) Metaspace: 304921K->304921K(1349632K)
[2023-11-10T11:49:48.020-0800][76591652ms] GC(23035) Pause Young (Normal) (G1 Evacuation Pause) 3233M->2863M(3602M) 7.427ms
[2023-11-10T11:49:48.020-0800][76591652ms] GC(23035) User=0.00s Sys=0.00s Real=0.01s
[2023-11-10T11:49:48.515-0800][76592147ms] GC(23036) Pause Young (Normal) (G1 Evacuation Pause)
[2023-11-10T11:49:48.515-0800][76592147ms] GC(23036) Using 10 workers of 10 for evacuation
[2023-11-10T11:49:48.522-0800][76592154ms] GC(23036)   Pre Evacuate Collection Set: 0.0ms
[2023-11-10T11:49:48.522-0800][76592154ms] GC(23036)   Evacuate Collection Set: 2.1ms
[2023-11-10T11:49:48.522-0800][76592154ms] GC(23036)   Post Evacuate Collection Set: 4.0ms
[2023-11-10T11:49:48.522-0800][76592154ms] GC(23036)   Other: 0.3ms
[2023-11-10T11:49:48.522-0800][76592154ms] GC(23036) Eden regions: 185->0(185)
[2023-11-10T11:49:48.522-0800][76592154ms] GC(23036) Survivor regions: 1->1(24)
[2023-11-10T11:49:48.522-0800][76592154ms] GC(23036) Old regions: 1427->1427
[2023-11-10T11:49:48.522-0800][76592154ms] GC(23036) Humongous regions: 5->5
[2023-11-10T11:49:48.522-0800][76592154ms] GC(23036) Metaspace: 304921K->304921K(1349632K)
[2023-11-10T11:49:48.522-0800][76592154ms] GC(23036) Pause Young (Normal) (G1 Evacuation Pause) 3233M->2863M(3602M) 6.575ms
[2023-11-10T11:49:48.522-0800][76592154ms] GC(23036) User=0.00s Sys=0.00s Real=0.01s
[2023-11-10T11:49:48.945-0800][76592577ms] GC(23037) Pause Young (Normal) (G1 Evacuation Pause)
[2023-11-10T11:49:48.945-0800][76592577ms] GC(23037) Using 10 workers of 10 for evacuation
[2023-11-10T11:49:48.951-0800][76592583ms] GC(23037)   Pre Evacuate Collection Set: 0.1ms
[2023-11-10T11:49:48.951-0800][76592583ms] GC(23037)   Evacuate Collection Set: 1.9ms
[2023-11-10T11:49:48.951-0800][76592583ms] GC(23037)   Post Evacuate Collection Set: 4.1ms
[2023-11-10T11:49:48.951-0800][76592583ms] GC(23037)   Other: 0.4ms
[2023-11-10T11:49:48.951-0800][76592583ms] GC(23037) Eden regions: 185->0(185)
[2023-11-10T11:49:48.951-0800][76592583ms] GC(23037) Survivor regions: 1->1(24)
[2023-11-10T11:49:48.951-0800][76592583ms] GC(23037) Old regions: 1427->1427
[2023-11-10T11:49:48.951-0800][76592583ms] GC(23037) Humongous regions: 5->5
[2023-11-10T11:49:48.951-0800][76592583ms] GC(23037) Metaspace: 304921K->304921K(1349632K)
[2023-11-10T11:49:48.951-0800][76592583ms] GC(23037) Pause Young (Normal) (G1 Evacuation Pause) 3233M->2863M(3602M) 6.565ms
[2023-11-10T11:49:48.951-0800][76592583ms] GC(23037) User=0.00s Sys=0.00s Real=0.01s
[2023-11-10T11:49:49.412-0800][76593044ms] GC(23038) Pause Young (Normal) (G1 Evacuation Pause)
[2023-11-10T11:49:49.412-0800][76593044ms] GC(23038) Using 10 workers of 10 for evacuation
[2023-11-10T11:49:49.417-0800][76593049ms] GC(23038)   Pre Evacuate Collection Set: 0.0ms
[2023-11-10T11:49:49.417-0800][76593049ms] GC(23038)   Evacuate Collection Set: 1.7ms
[2023-11-10T11:49:49.417-0800][76593049ms] GC(23038)   Post Evacuate Collection Set: 3.0ms
[2023-11-10T11:49:49.417-0800][76593049ms] GC(23038)   Other: 0.3ms
[2023-11-10T11:49:49.417-0800][76593049ms] GC(23038) Eden regions: 185->0(186)
[2023-11-10T11:49:49.417-0800][76593049ms] GC(23038) Survivor regions: 1->1(24)
[2023-11-10T11:49:49.417-0800][76593049ms] GC(23038) Old regions: 1427->1427
[2023-11-10T11:49:49.417-0800][76593049ms] GC(23038) Humongous regions: 5->5
[2023-11-10T11:49:49.417-0800][76593049ms] GC(23038) Metaspace: 304921K->304921K(1349632K)
[2023-11-10T11:49:49.417-0800][76593049ms] GC(23038) Pause Young (Normal) (G1 Evacuation Pause) 3233M->2863M(3602M) 5.021ms
[2023-11-10T11:49:49.417-0800][76593049ms] GC(23038) User=0.05s Sys=0.00s Real=0.01s
[2023-11-10T11:49:49.842-0800][76593474ms] GC(23039) Pause Young (Normal) (G1 Evacuation Pause)
[2023-11-10T11:49:49.842-0800][76593474ms] GC(23039) Using 10 workers of 10 for evacuation
[2023-11-10T11:49:49.849-0800][76593481ms] GC(23039)   Pre Evacuate Collection Set: 0.1ms
[2023-11-10T11:49:49.849-0800][76593481ms] GC(23039)   Evacuate Collection Set: 3.0ms
[2023-11-10T11:49:49.849-0800][76593481ms] GC(23039)   Post Evacuate Collection Set: 4.3ms
[2023-11-10T11:49:49.849-0800][76593481ms] GC(23039)   Other: 0.4ms
[2023-11-10T11:49:49.849-0800][76593481ms] GC(23039) Eden regions: 186->0(185)
[2023-11-10T11:49:49.849-0800][76593481ms] GC(23039) Survivor regions: 1->1(24)
[2023-11-10T11:49:49.849-0800][76593481ms] GC(23039) Old regions: 1427->1427
[2023-11-10T11:49:49.849-0800][76593481ms] GC(23039) Humongous regions: 5->5
[2023-11-10T11:49:49.849-0800][76593481ms] GC(23039) Metaspace: 304921K->304921K(1349632K)
[2023-11-10T11:49:49.849-0800][76593481ms] GC(23039) Pause Young (Normal) (G1 Evacuation Pause) 3235M->2864M(3602M) 7.877ms
[2023-11-10T11:49:49.849-0800][76593481ms] GC(23039) User=0.00s Sys=0.00s Real=0.01s
[2023-11-10T11:49:50.289-0800][76593921ms] GC(23040) Pause Young (Normal) (G1 Evacuation Pause)
[2023-11-10T11:49:50.289-0800][76593921ms] GC(23040) Using 10 workers of 10 for evacuation
[2023-11-10T11:49:50.295-0800][76593927ms] GC(23040)   Pre Evacuate Collection Set: 0.1ms
[2023-11-10T11:49:50.295-0800][76593927ms] GC(23040)   Evacuate Collection Set: 2.3ms
[2023-11-10T11:49:50.295-0800][76593927ms] GC(23040)   Post Evacuate Collection Set: 3.7ms
[2023-11-10T11:49:50.295-0800][76593927ms] GC(23040)   Other: 0.4ms
[2023-11-10T11:49:50.295-0800][76593927ms] GC(23040) Eden regions: 185->0(186)
[2023-11-10T11:49:50.295-0800][76593927ms] GC(23040) Survivor regions: 1->1(24)
[2023-11-10T11:49:50.295-0800][76593927ms] GC(23040) Old regions: 1427->1427
[2023-11-10T11:49:50.295-0800][76593927ms] GC(23040) Humongous regions: 5->5
[2023-11-10T11:49:50.295-0800][76593927ms] GC(23040) Metaspace: 304921K->304921K(1349632K)
[2023-11-10T11:49:50.295-0800][76593927ms] GC(23040) Pause Young (Normal) (G1 Evacuation Pause) 3234M->2863M(3602M) 6.563ms
[2023-11-10T11:49:50.295-0800][76593927ms] GC(23040) User=0.00s Sys=0.00s Real=0.01s
[2023-11-10T11:49:50.714-0800][76594346ms] GC(23041) Pause Young (Normal) (G1 Evacuation Pause)
[2023-11-10T11:49:50.714-0800][76594346ms] GC(23041) Using 10 workers of 10 for evacuation
[2023-11-10T11:49:50.719-0800][76594351ms] GC(23041)   Pre Evacuate Collection Set: 0.0ms
[2023-11-10T11:49:50.719-0800][76594351ms] GC(23041)   Evacuate Collection Set: 1.8ms
[2023-11-10T11:49:50.719-0800][76594351ms] GC(23041)   Post Evacuate Collection Set: 3.0ms
[2023-11-10T11:49:50.719-0800][76594351ms] GC(23041)   Other: 0.3ms
[2023-11-10T11:49:50.719-0800][76594351ms] GC(23041) Eden regions: 186->0(186)
[2023-11-10T11:49:50.719-0800][76594351ms] GC(23041) Survivor regions: 1->1(24)
[2023-11-10T11:49:50.719-0800][76594351ms] GC(23041) Old regions: 1427->1427
[2023-11-10T11:49:50.719-0800][76594351ms] GC(23041) Humongous regions: 5->5
[2023-11-10T11:49:50.719-0800][76594351ms] GC(23041) Metaspace: 304921K->304921K(1349632K)
[2023-11-10T11:49:50.719-0800][76594351ms] GC(23041) Pause Young (Normal) (G1 Evacuation Pause) 3235M->2864M(3602M) 5.181ms
[2023-11-10T11:49:50.720-0800][76594352ms] GC(23041) User=0.00s Sys=0.00s Real=0.01s
[2023-11-10T11:49:51.203-0800][76594835ms] GC(23042) Pause Young (Normal) (G1 Evacuation Pause)
[2023-11-10T11:49:51.203-0800][76594835ms] GC(23042) Using 10 workers of 10 for evacuation
[2023-11-10T11:49:51.209-0800][76594841ms] GC(23042)   Pre Evacuate Collection Set: 0.0ms
[2023-11-10T11:49:51.209-0800][76594841ms] GC(23042)   Evacuate Collection Set: 1.7ms
[2023-11-10T11:49:51.209-0800][76594841ms] GC(23042)   Post Evacuate Collection Set: 3.0ms
[2023-11-10T11:49:51.209-0800][76594841ms] GC(23042)   Other: 0.2ms
[2023-11-10T11:49:51.209-0800][76594841ms] GC(23042) Eden regions: 186->0(186)
[2023-11-10T11:49:51.209-0800][76594841ms] GC(23042) Survivor regions: 1->1(24)
[2023-11-10T11:49:51.209-0800][76594841ms] GC(23042) Old regions: 1427->1427
[2023-11-10T11:49:51.209-0800][76594841ms] GC(23042) Humongous regions: 5->5
[2023-11-10T11:49:51.209-0800][76594841ms] GC(23042) Metaspace: 304921K->304921K(1349632K)
[2023-11-10T11:49:51.209-0800][76594841ms] GC(23042) Pause Young (Normal) (G1 Evacuation Pause) 3236M->2863M(3602M) 5.127ms
[2023-11-10T11:49:51.209-0800][76594841ms] GC(23042) User=0.00s Sys=0.00s Real=0.01s
[2023-11-10T11:49:51.672-0800][76595304ms] GC(23043) Pause Young (Normal) (G1 Evacuation Pause)
[2023-11-10T11:49:51.672-0800][76595304ms] GC(23043) Using 10 workers of 10 for evacuation
[2023-11-10T11:49:51.677-0800][76595309ms] GC(23043)   Pre Evacuate Collection Set: 0.0ms
[2023-11-10T11:49:51.677-0800][76595309ms] GC(23043)   Evacuate Collection Set: 1.6ms
[2023-11-10T11:49:51.677-0800][76595309ms] GC(23043)   Post Evacuate Collection Set: 3.2ms
[2023-11-10T11:49:51.677-0800][76595309ms] GC(23043)   Other: 0.2ms
[2023-11-10T11:49:51.677-0800][76595309ms] GC(23043) Eden regions: 186->0(186)
[2023-11-10T11:49:51.677-0800][76595309ms] GC(23043) Survivor regions: 1->1(24)
[2023-11-10T11:49:51.677-0800][76595309ms] GC(23043) Old regions: 1427->1427
[2023-11-10T11:49:51.677-0800][76595309ms] GC(23043) Humongous regions: 5->5
[2023-11-10T11:49:51.677-0800][76595309ms] GC(23043) Metaspace: 304921K->304921K(1349632K)
[2023-11-10T11:49:51.677-0800][76595309ms] GC(23043) Pause Young (Normal) (G1 Evacuation Pause) 3235M->2863M(3602M) 5.211ms
[2023-11-10T11:49:51.677-0800][76595309ms] GC(23043) User=0.00s Sys=0.00s Real=0.01s
[2023-11-10T11:49:52.132-0800][76595764ms] GC(23044) Pause Young (Normal) (G1 Evacuation Pause)
[2023-11-10T11:49:52.132-0800][76595764ms] GC(23044) Using 10 workers of 10 for evacuation
[2023-11-10T11:49:52.137-0800][76595769ms] GC(23044)   Pre Evacuate Collection Set: 0.0ms
[2023-11-10T11:49:52.137-0800][76595769ms] GC(23044)   Evacuate Collection Set: 1.6ms
[2023-11-10T11:49:52.137-0800][76595769ms] GC(23044)   Post Evacuate Collection Set: 3.2ms
[2023-11-10T11:49:52.137-0800][76595769ms] GC(23044)   Other: 0.3ms
[2023-11-10T11:49:52.137-0800][76595769ms] GC(23044) Eden regions: 186->0(186)
[2023-11-10T11:49:52.137-0800][76595769ms] GC(23044) Survivor regions: 1->1(24)
[2023-11-10T11:49:52.137-0800][76595769ms] GC(23044) Old regions: 1427->1427
[2023-11-10T11:49:52.137-0800][76595769ms] GC(23044) Humongous regions: 5->5
[2023-11-10T11:49:52.137-0800][76595769ms] GC(23044) Metaspace: 304921K->304921K(1349632K)
[2023-11-10T11:49:52.137-0800][76595769ms] GC(23044) Pause Young (Normal) (G1 Evacuation Pause) 3235M->2863M(3602M) 5.211ms
[2023-11-10T11:49:52.137-0800][76595769ms] GC(23044) User=0.00s Sys=0.00s Real=0.01s
[2023-11-10T11:49:52.589-0800][76596221ms] GC(23045) Pause Young (Normal) (G1 Evacuation Pause)
[2023-11-10T11:49:52.589-0800][76596221ms] GC(23045) Using 10 workers of 10 for evacuation
[2023-11-10T11:49:52.595-0800][76596227ms] GC(23045)   Pre Evacuate Collection Set: 0.0ms
[2023-11-10T11:49:52.595-0800][76596227ms] GC(23045)   Evacuate Collection Set: 1.8ms
[2023-11-10T11:49:52.595-0800][76596227ms] GC(23045)   Post Evacuate Collection Set: 3.0ms
[2023-11-10T11:49:52.595-0800][76596227ms] GC(23045)   Other: 0.2ms
[2023-11-10T11:49:52.595-0800][76596227ms] GC(23045) Eden regions: 186->0(186)
[2023-11-10T11:49:52.595-0800][76596227ms] GC(23045) Survivor regions: 1->1(24)
[2023-11-10T11:49:52.595-0800][76596227ms] GC(23045) Old regions: 1427->1427
[2023-11-10T11:49:52.595-0800][76596227ms] GC(23045) Humongous regions: 5->5
[2023-11-10T11:49:52.595-0800][76596227ms] GC(23045) Metaspace: 304921K->304921K(1349632K)
[2023-11-10T11:49:52.595-0800][76596227ms] GC(23045) Pause Young (Normal) (G1 Evacuation Pause) 3235M->2863M(3602M) 5.190ms
[2023-11-10T11:49:52.595-0800][76596227ms] GC(23045) User=0.00s Sys=0.00s Real=0.01s
[2023-11-10T11:49:53.093-0800][76596725ms] GC(23046) Pause Young (Normal) (G1 Evacuation Pause)
[2023-11-10T11:49:53.093-0800][76596725ms] GC(23046) Using 10 workers of 10 for evacuation
[2023-11-10T11:49:53.099-0800][76596731ms] GC(23046)   Pre Evacuate Collection Set: 0.1ms
[2023-11-10T11:49:53.099-0800][76596731ms] GC(23046)   Evacuate Collection Set: 1.7ms
[2023-11-10T11:49:53.099-0800][76596731ms] GC(23046)   Post Evacuate Collection Set: 3.1ms
[2023-11-10T11:49:53.099-0800][76596731ms] GC(23046)   Other: 0.3ms
[2023-11-10T11:49:53.099-0800][76596731ms] GC(23046) Eden regions: 186->0(186)
[2023-11-10T11:49:53.099-0800][76596731ms] GC(23046) Survivor regions: 1->1(24)
[2023-11-10T11:49:53.099-0800][76596731ms] GC(23046) Old regions: 1427->1427
[2023-11-10T11:49:53.099-0800][76596731ms] GC(23046) Humongous regions: 5->5
[2023-11-10T11:49:53.099-0800][76596731ms] GC(23046) Metaspace: 304921K->304921K(1349632K)
[2023-11-10T11:49:53.099-0800][76596731ms] GC(23046) Pause Young (Normal) (G1 Evacuation Pause) 3235M->2864M(3602M) 5.241ms
[2023-11-10T11:49:53.099-0800][76596731ms] GC(23046) User=0.00s Sys=0.00s Real=0.01s
[2023-11-10T11:49:53.493-0800][76597125ms] GC(23047) Pause Young (Normal) (GCLocker Initiated GC)
[2023-11-10T11:49:53.493-0800][76597125ms] GC(23047) Using 10 workers of 10 for evacuation
[2023-11-10T11:49:53.499-0800][76597131ms] GC(23047)   Pre Evacuate Collection Set: 0.1ms
[2023-11-10T11:49:53.499-0800][76597131ms] GC(23047)   Evacuate Collection Set: 1.7ms
[2023-11-10T11:49:53.499-0800][76597131ms] GC(23047)   Post Evacuate Collection Set: 3.3ms
[2023-11-10T11:49:53.499-0800][76597131ms] GC(23047)   Other: 0.3ms
[2023-11-10T11:49:53.499-0800][76597131ms] GC(23047) Eden regions: 186->0(186)
[2023-11-10T11:49:53.499-0800][76597131ms] GC(23047) Survivor regions: 1->1(24)
[2023-11-10T11:49:53.499-0800][76597131ms] GC(23047) Old regions: 1427->1427
[2023-11-10T11:49:53.499-0800][76597131ms] GC(23047) Humongous regions: 5->5
[2023-11-10T11:49:53.499-0800][76597131ms] GC(23047) Metaspace: 304921K->304921K(1349632K)
[2023-11-10T11:49:53.499-0800][76597131ms] GC(23047) Pause Young (Normal) (GCLocker Initiated GC) 3236M->2863M(3602M) 5.496ms
[2023-11-10T11:49:53.499-0800][76597131ms] GC(23047) User=0.00s Sys=0.00s Real=0.01s
[2023-11-10T11:49:53.937-0800][76597569ms] GC(23048) Pause Young (Normal) (GCLocker Initiated GC)
[2023-11-10T11:49:53.937-0800][76597569ms] GC(23048) Using 10 workers of 10 for evacuation
[2023-11-10T11:49:53.941-0800][76597573ms] GC(23048)   Pre Evacuate Collection Set: 0.0ms
[2023-11-10T11:49:53.941-0800][76597573ms] GC(23048)   Evacuate Collection Set: 1.6ms
[2023-11-10T11:49:53.941-0800][76597573ms] GC(23048)   Post Evacuate Collection Set: 3.0ms
[2023-11-10T11:49:53.941-0800][76597573ms] GC(23048)   Other: 0.2ms
[2023-11-10T11:49:53.941-0800][76597573ms] GC(23048) Eden regions: 186->0(186)
[2023-11-10T11:49:53.941-0800][76597573ms] GC(23048) Survivor regions: 1->1(24)
[2023-11-10T11:49:53.941-0800][76597573ms] GC(23048) Old regions: 1427->1427
[2023-11-10T11:49:53.941-0800][76597573ms] GC(23048) Humongous regions: 5->5
[2023-11-10T11:49:53.941-0800][76597573ms] GC(23048) Metaspace: 304921K->304921K(1349632K)
[2023-11-10T11:49:53.941-0800][76597573ms] GC(23048) Pause Young (Normal) (GCLocker Initiated GC) 3235M->2863M(3602M) 5.046ms
[2023-11-10T11:49:53.941-0800][76597573ms] GC(23048) User=0.00s Sys=0.00s Real=0.00s
[2023-11-10T11:49:54.425-0800][76598057ms] GC(23049) Pause Young (Normal) (GCLocker Initiated GC)
[2023-11-10T11:49:54.425-0800][76598057ms] GC(23049) Using 10 workers of 10 for evacuation
[2023-11-10T11:49:54.431-0800][76598063ms] GC(23049)   Pre Evacuate Collection Set: 0.0ms
[2023-11-10T11:49:54.431-0800][76598063ms] GC(23049)   Evacuate Collection Set: 2.0ms
[2023-11-10T11:49:54.431-0800][76598063ms] GC(23049)   Post Evacuate Collection Set: 3.4ms
[2023-11-10T11:49:54.431-0800][76598063ms] GC(23049)   Other: 0.3ms
[2023-11-10T11:49:54.431-0800][76598063ms] GC(23049) Eden regions: 187->0(186)
[2023-11-10T11:49:54.431-0800][76598063ms] GC(23049) Survivor regions: 1->1(24)
[2023-11-10T11:49:54.431-0800][76598063ms] GC(23049) Old regions: 1427->1427
[2023-11-10T11:49:54.431-0800][76598063ms] GC(23049) Humongous regions: 5->5
[2023-11-10T11:49:54.431-0800][76598063ms] GC(23049) Metaspace: 304921K->304921K(1349632K)
[2023-11-10T11:49:54.431-0800][76598063ms] GC(23049) Pause Young (Normal) (GCLocker Initiated GC) 3236M->2864M(3602M) 5.893ms
[2023-11-10T11:49:54.431-0800][76598063ms] GC(23049) User=0.00s Sys=0.00s Real=0.01s
[2023-11-10T11:49:54.890-0800][76598522ms] GC(23050) Pause Young (Normal) (GCLocker Initiated GC)
[2023-11-10T11:49:54.890-0800][76598522ms] GC(23050) Using 10 workers of 10 for evacuation
[2023-11-10T11:49:54.896-0800][76598528ms] GC(23050)   Pre Evacuate Collection Set: 0.1ms
[2023-11-10T11:49:54.896-0800][76598528ms] GC(23050)   Evacuate Collection Set: 1.8ms
[2023-11-10T11:49:54.896-0800][76598528ms] GC(23050)   Post Evacuate Collection Set: 3.3ms
[2023-11-10T11:49:54.896-0800][76598528ms] GC(23050)   Other: 0.4ms
[2023-11-10T11:49:54.896-0800][76598528ms] GC(23050) Eden regions: 186->0(186)
[2023-11-10T11:49:54.896-0800][76598528ms] GC(23050) Survivor regions: 1->1(24)
[2023-11-10T11:49:54.896-0800][76598528ms] GC(23050) Old regions: 1427->1427
[2023-11-10T11:49:54.896-0800][76598528ms] GC(23050) Humongous regions: 5->5
[2023-11-10T11:49:54.896-0800][76598528ms] GC(23050) Metaspace: 304921K->304921K(1349632K)
[2023-11-10T11:49:54.896-0800][76598528ms] GC(23050) Pause Young (Normal) (GCLocker Initiated GC) 3236M->2864M(3602M) 5.662ms
[2023-11-10T11:49:54.896-0800][76598528ms] GC(23050) User=0.00s Sys=0.00s Real=0.01s
[2023-11-10T11:49:55.361-0800][76598993ms] GC(23051) Pause Young (Normal) (G1 Evacuation Pause)
[2023-11-10T11:49:55.361-0800][76598993ms] GC(23051) Using 10 workers of 10 for evacuation
[2023-11-10T11:49:55.366-0800][76598998ms] GC(23051)   Pre Evacuate Collection Set: 0.0ms
[2023-11-10T11:49:55.366-0800][76598998ms] GC(23051)   Evacuate Collection Set: 1.8ms
[2023-11-10T11:49:55.366-0800][76598998ms] GC(23051)   Post Evacuate Collection Set: 3.3ms
[2023-11-10T11:49:55.366-0800][76598998ms] GC(23051)   Other: 0.3ms
[2023-11-10T11:49:55.366-0800][76598998ms] GC(23051) Eden regions: 186->0(186)
[2023-11-10T11:49:55.366-0800][76598998ms] GC(23051) Survivor regions: 1->1(24)
[2023-11-10T11:49:55.366-0800][76598998ms] GC(23051) Old regions: 1427->1427
[2023-11-10T11:49:55.366-0800][76598998ms] GC(23051) Humongous regions: 5->5
[2023-11-10T11:49:55.366-0800][76598998ms] GC(23051) Metaspace: 304921K->304921K(1349632K)
[2023-11-10T11:49:55.366-0800][76598998ms] GC(23051) Pause Young (Normal) (G1 Evacuation Pause) 3236M->2864M(3602M) 5.526ms
[2023-11-10T11:49:55.366-0800][76598998ms] GC(23051) User=0.00s Sys=0.00s Real=0.00s
[2023-11-10T11:49:55.842-0800][76599474ms] GC(23052) Pause Young (Normal) (G1 Evacuation Pause)
[2023-11-10T11:49:55.842-0800][76599474ms] GC(23052) Using 10 workers of 10 for evacuation
[2023-11-10T11:49:55.848-0800][76599480ms] GC(23052)   Pre Evacuate Collection Set: 0.1ms
[2023-11-10T11:49:55.848-0800][76599480ms] GC(23052)   Evacuate Collection Set: 2.1ms
[2023-11-10T11:49:55.848-0800][76599480ms] GC(23052)   Post Evacuate Collection Set: 4.0ms
[2023-11-10T11:49:55.848-0800][76599480ms] GC(23052)   Other: 0.3ms
[2023-11-10T11:49:55.848-0800][76599480ms] GC(23052) Eden regions: 186->0(186)
[2023-11-10T11:49:55.848-0800][76599480ms] GC(23052) Survivor regions: 1->1(24)
[2023-11-10T11:49:55.848-0800][76599480ms] GC(23052) Old regions: 1427->1427
[2023-11-10T11:49:55.848-0800][76599480ms] GC(23052) Humongous regions: 5->5
[2023-11-10T11:49:55.848-0800][76599480ms] GC(23052) Metaspace: 304921K->304921K(1349632K)
[2023-11-10T11:49:55.848-0800][76599480ms] GC(23052) Pause Young (Normal) (G1 Evacuation Pause) 3236M->2864M(3602M) 6.592ms
[2023-11-10T11:49:55.848-0800][76599480ms] GC(23052) User=0.00s Sys=0.00s Real=0.01s
[2023-11-10T11:49:56.298-0800][76599930ms] GC(23053) Pause Young (Normal) (G1 Evacuation Pause)
[2023-11-10T11:49:56.298-0800][76599930ms] GC(23053) Using 10 workers of 10 for evacuation
[2023-11-10T11:49:56.305-0800][76599937ms] GC(23053)   Pre Evacuate Collection Set: 0.1ms
[2023-11-10T11:49:56.305-0800][76599937ms] GC(23053)   Evacuate Collection Set: 2.3ms
[2023-11-10T11:49:56.305-0800][76599937ms] GC(23053)   Post Evacuate Collection Set: 4.6ms
[2023-11-10T11:49:56.305-0800][76599937ms] GC(23053)   Other: 0.3ms
[2023-11-10T11:49:56.305-0800][76599937ms] GC(23053) Eden regions: 186->0(186)
[2023-11-10T11:49:56.305-0800][76599937ms] GC(23053) Survivor regions: 1->1(24)
[2023-11-10T11:49:56.305-0800][76599937ms] GC(23053) Old regions: 1427->1427
[2023-11-10T11:49:56.305-0800][76599937ms] GC(23053) Humongous regions: 5->5
[2023-11-10T11:49:56.305-0800][76599937ms] GC(23053) Metaspace: 304921K->304921K(1349632K)
[2023-11-10T11:49:56.306-0800][76599938ms] GC(23053) Pause Young (Normal) (G1 Evacuation Pause) 3236M->2864M(3602M) 7.327ms
[2023-11-10T11:49:56.306-0800][76599938ms] GC(23053) User=0.00s Sys=0.00s Real=0.01s
[2023-11-10T11:49:56.784-0800][76600417ms] GC(23054) Pause Young (Normal) (G1 Evacuation Pause)
[2023-11-10T11:49:56.785-0800][76600417ms] GC(23054) Using 10 workers of 10 for evacuation
[2023-11-10T11:49:56.791-0800][76600423ms] GC(23054)   Pre Evacuate Collection Set: 0.1ms
[2023-11-10T11:49:56.791-0800][76600423ms] GC(23054)   Evacuate Collection Set: 1.9ms
[2023-11-10T11:49:56.791-0800][76600423ms] GC(23054)   Post Evacuate Collection Set: 4.9ms
[2023-11-10T11:49:56.791-0800][76600423ms] GC(23054)   Other: 0.3ms
[2023-11-10T11:49:56.791-0800][76600423ms] GC(23054) Eden regions: 186->0(186)
[2023-11-10T11:49:56.791-0800][76600423ms] GC(23054) Survivor regions: 1->1(24)
[2023-11-10T11:49:56.791-0800][76600423ms] GC(23054) Old regions: 1427->1427
[2023-11-10T11:49:56.791-0800][76600423ms] GC(23054) Humongous regions: 5->5
[2023-11-10T11:49:56.791-0800][76600423ms] GC(23054) Metaspace: 304921K->304921K(1349632K)
[2023-11-10T11:49:56.792-0800][76600424ms] GC(23054) Pause Young (Normal) (G1 Evacuation Pause) 3236M->2864M(3602M) 7.270ms
[2023-11-10T11:49:56.792-0800][76600424ms] GC(23054) User=0.00s Sys=0.00s Real=0.01s
[2023-11-10T11:49:57.291-0800][76600923ms] GC(23055) Pause Young (Normal) (G1 Evacuation Pause)
[2023-11-10T11:49:57.291-0800][76600923ms] GC(23055) Using 10 workers of 10 for evacuation
[2023-11-10T11:49:57.302-0800][76600934ms] GC(23055)   Pre Evacuate Collection Set: 0.1ms
[2023-11-10T11:49:57.302-0800][76600934ms] GC(23055)   Evacuate Collection Set: 2.5ms
[2023-11-10T11:49:57.302-0800][76600934ms] GC(23055)   Post Evacuate Collection Set: 5.5ms
[2023-11-10T11:49:57.303-0800][76600935ms] GC(23055)   Other: 0.4ms
[2023-11-10T11:49:57.303-0800][76600935ms] GC(23055) Eden regions: 186->0(186)
[2023-11-10T11:49:57.303-0800][76600935ms] GC(23055) Survivor regions: 1->1(24)
[2023-11-10T11:49:57.303-0800][76600935ms] GC(23055) Old regions: 1427->1427
[2023-11-10T11:49:57.303-0800][76600935ms] GC(23055) Humongous regions: 5->5
[2023-11-10T11:49:57.303-0800][76600935ms] GC(23055) Metaspace: 304921K->304921K(1349632K)
[2023-11-10T11:49:57.303-0800][76600935ms] GC(23055) Pause Young (Normal) (G1 Evacuation Pause) 3236M->2864M(3602M) 8.728ms
[2023-11-10T11:49:57.303-0800][76600935ms] GC(23055) User=0.00s Sys=0.00s Real=0.01s
[2023-11-10T11:49:57.748-0800][76601380ms] GC(23056) Pause Young (Normal) (G1 Evacuation Pause)
[2023-11-10T11:49:57.748-0800][76601380ms] GC(23056) Using 10 workers of 10 for evacuation
[2023-11-10T11:49:57.755-0800][76601387ms] GC(23056)   Pre Evacuate Collection Set: 0.0ms
[2023-11-10T11:49:57.755-0800][76601387ms] GC(23056)   Evacuate Collection Set: 1.9ms
[2023-11-10T11:49:57.755-0800][76601387ms] GC(23056)   Post Evacuate Collection Set: 4.3ms
[2023-11-10T11:49:57.755-0800][76601387ms] GC(23056)   Other: 0.3ms
[2023-11-10T11:49:57.755-0800][76601387ms] GC(23056) Eden regions: 186->0(186)
[2023-11-10T11:49:57.755-0800][76601387ms] GC(23056) Survivor regions: 1->1(24)
[2023-11-10T11:49:57.755-0800][76601387ms] GC(23056) Old regions: 1427->1427
[2023-11-10T11:49:57.755-0800][76601387ms] GC(23056) Humongous regions: 5->5
[2023-11-10T11:49:57.755-0800][76601387ms] GC(23056) Metaspace: 304921K->304921K(1349632K)
[2023-11-10T11:49:57.755-0800][76601387ms] GC(23056) Pause Young (Normal) (G1 Evacuation Pause) 3236M->2864M(3602M) 6.615ms
[2023-11-10T11:49:57.755-0800][76601387ms] GC(23056) User=0.00s Sys=0.00s Real=0.01s
[2023-11-10T11:49:58.231-0800][76601863ms] GC(23057) Pause Young (Normal) (G1 Evacuation Pause)
[2023-11-10T11:49:58.231-0800][76601863ms] GC(23057) Using 10 workers of 10 for evacuation
[2023-11-10T11:49:58.239-0800][76601871ms] GC(23057)   Pre Evacuate Collection Set: 0.0ms
[2023-11-10T11:49:58.239-0800][76601871ms] GC(23057)   Evacuate Collection Set: 2.9ms
[2023-11-10T11:49:58.239-0800][76601871ms] GC(23057)   Post Evacuate Collection Set: 5.0ms
[2023-11-10T11:49:58.239-0800][76601871ms] GC(23057)   Other: 0.3ms
[2023-11-10T11:49:58.239-0800][76601871ms] GC(23057) Eden regions: 186->0(186)
[2023-11-10T11:49:58.239-0800][76601871ms] GC(23057) Survivor regions: 1->1(24)
[2023-11-10T11:49:58.239-0800][76601871ms] GC(23057) Old regions: 1427->1427
[2023-11-10T11:49:58.239-0800][76601871ms] GC(23057) Humongous regions: 5->5
[2023-11-10T11:49:58.239-0800][76601871ms] GC(23057) Metaspace: 304921K->304921K(1349632K)
[2023-11-10T11:49:58.239-0800][76601871ms] GC(23057) Pause Young (Normal) (G1 Evacuation Pause) 3236M->2864M(3602M) 8.433ms
[2023-11-10T11:49:58.240-0800][76601872ms] GC(23057) User=0.00s Sys=0.00s Real=0.01s
[2023-11-10T11:49:58.709-0800][76602341ms] GC(23058) Pause Young (Normal) (G1 Evacuation Pause)
[2023-11-10T11:49:58.710-0800][76602342ms] GC(23058) Using 10 workers of 10 for evacuation
[2023-11-10T11:49:58.716-0800][76602348ms] GC(23058)   Pre Evacuate Collection Set: 0.1ms
[2023-11-10T11:49:58.716-0800][76602348ms] GC(23058)   Evacuate Collection Set: 2.4ms
[2023-11-10T11:49:58.716-0800][76602348ms] GC(23058)   Post Evacuate Collection Set: 4.6ms
[2023-11-10T11:49:58.716-0800][76602348ms] GC(23058)   Other: 0.4ms
[2023-11-10T11:49:58.716-0800][76602348ms] GC(23058) Eden regions: 186->0(186)
[2023-11-10T11:49:58.716-0800][76602348ms] GC(23058) Survivor regions: 1->1(24)
[2023-11-10T11:49:58.716-0800][76602348ms] GC(23058) Old regions: 1427->1427
[2023-11-10T11:49:58.716-0800][76602348ms] GC(23058) Humongous regions: 5->5
[2023-11-10T11:49:58.716-0800][76602348ms] GC(23058) Metaspace: 304921K->304921K(1349632K)
[2023-11-10T11:49:58.716-0800][76602348ms] GC(23058) Pause Young (Normal) (G1 Evacuation Pause) 3236M->2864M(3602M) 7.551ms
[2023-11-10T11:49:58.716-0800][76602348ms] GC(23058) User=0.05s Sys=0.00s Real=0.01s
[2023-11-10T11:49:59.210-0800][76602842ms] GC(23059) Pause Young (Normal) (G1 Evacuation Pause)
[2023-11-10T11:49:59.210-0800][76602842ms] GC(23059) Using 10 workers of 10 for evacuation
[2023-11-10T11:49:59.217-0800][76602849ms] GC(23059)   Pre Evacuate Collection Set: 0.0ms
[2023-11-10T11:49:59.217-0800][76602849ms] GC(23059)   Evacuate Collection Set: 2.2ms
[2023-11-10T11:49:59.217-0800][76602849ms] GC(23059)   Post Evacuate Collection Set: 3.9ms
[2023-11-10T11:49:59.217-0800][76602849ms] GC(23059)   Other: 0.3ms
[2023-11-10T11:49:59.217-0800][76602849ms] GC(23059) Eden regions: 186->0(186)
[2023-11-10T11:49:59.217-0800][76602849ms] GC(23059) Survivor regions: 1->1(24)
[2023-11-10T11:49:59.217-0800][76602849ms] GC(23059) Old regions: 1427->1427
[2023-11-10T11:49:59.217-0800][76602849ms] GC(23059) Humongous regions: 5->5
[2023-11-10T11:49:59.217-0800][76602849ms] GC(23059) Metaspace: 304921K->304921K(1349632K)
[2023-11-10T11:49:59.217-0800][76602849ms] GC(23059) Pause Young (Normal) (G1 Evacuation Pause) 3236M->2864M(3602M) 6.635ms
[2023-11-10T11:49:59.217-0800][76602849ms] GC(23059) User=0.00s Sys=0.00s Real=0.01s
[2023-11-10T11:49:59.790-0800][76603422ms] GC(23060) Pause Young (Normal) (G1 Evacuation Pause)
[2023-11-10T11:49:59.790-0800][76603422ms] GC(23060) Using 10 workers of 10 for evacuation
[2023-11-10T11:49:59.797-0800][76603429ms] GC(23060)   Pre Evacuate Collection Set: 0.1ms
[2023-11-10T11:49:59.797-0800][76603429ms] GC(23060)   Evacuate Collection Set: 1.9ms
[2023-11-10T11:49:59.797-0800][76603429ms] GC(23060)   Post Evacuate Collection Set: 4.7ms
[2023-11-10T11:49:59.797-0800][76603429ms] GC(23060)   Other: 0.4ms
[2023-11-10T11:49:59.797-0800][76603429ms] GC(23060) Eden regions: 186->0(186)
[2023-11-10T11:49:59.797-0800][76603429ms] GC(23060) Survivor regions: 1->1(24)
[2023-11-10T11:49:59.797-0800][76603429ms] GC(23060) Old regions: 1427->1427
[2023-11-10T11:49:59.797-0800][76603429ms] GC(23060) Humongous regions: 5->5
[2023-11-10T11:49:59.797-0800][76603429ms] GC(23060) Metaspace: 304921K->304921K(1349632K)
[2023-11-10T11:49:59.797-0800][76603429ms] GC(23060) Pause Young (Normal) (G1 Evacuation Pause) 3236M->2864M(3602M) 7.228ms
[2023-11-10T11:49:59.797-0800][76603429ms] GC(23060) User=0.00s Sys=0.00s Real=0.01s
[2023-11-10T11:50:00.308-0800][76603940ms] GC(23061) Pause Young (Normal) (G1 Evacuation Pause)
[2023-11-10T11:50:00.308-0800][76603940ms] GC(23061) Using 10 workers of 10 for evacuation
[2023-11-10T11:50:00.313-0800][76603945ms] GC(23061)   Pre Evacuate Collection Set: 0.0ms
[2023-11-10T11:50:00.313-0800][76603945ms] GC(23061)   Evacuate Collection Set: 1.7ms
[2023-11-10T11:50:00.313-0800][76603945ms] GC(23061)   Post Evacuate Collection Set: 3.2ms
[2023-11-10T11:50:00.313-0800][76603945ms] GC(23061)   Other: 0.3ms
[2023-11-10T11:50:00.313-0800][76603945ms] GC(23061) Eden regions: 186->0(186)
[2023-11-10T11:50:00.313-0800][76603945ms] GC(23061) Survivor regions: 1->1(24)
[2023-11-10T11:50:00.313-0800][76603945ms] GC(23061) Old regions: 1427->1427
[2023-11-10T11:50:00.313-0800][76603945ms] GC(23061) Humongous regions: 5->5
[2023-11-10T11:50:00.313-0800][76603945ms] GC(23061) Metaspace: 304921K->304921K(1349632K)
[2023-11-10T11:50:00.313-0800][76603945ms] GC(23061) Pause Young (Normal) (G1 Evacuation Pause) 3236M->2864M(3602M) 5.445ms
[2023-11-10T11:50:00.314-0800][76603946ms] GC(23061) User=0.00s Sys=0.00s Real=0.01s
[2023-11-10T11:50:00.810-0800][76604442ms] GC(23062) Pause Young (Normal) (G1 Evacuation Pause)
[2023-11-10T11:50:00.810-0800][76604442ms] GC(23062) Using 10 workers of 10 for evacuation
[2023-11-10T11:50:00.816-0800][76604448ms] GC(23062)   Pre Evacuate Collection Set: 0.0ms
[2023-11-10T11:50:00.816-0800][76604448ms] GC(23062)   Evacuate Collection Set: 1.7ms
[2023-11-10T11:50:00.816-0800][76604448ms] GC(23062)   Post Evacuate Collection Set: 3.0ms
[2023-11-10T11:50:00.816-0800][76604448ms] GC(23062)   Other: 0.2ms
[2023-11-10T11:50:00.816-0800][76604448ms] GC(23062) Eden regions: 186->0(186)
[2023-11-10T11:50:00.816-0800][76604448ms] GC(23062) Survivor regions: 1->1(24)
[2023-11-10T11:50:00.816-0800][76604448ms] GC(23062) Old regions: 1427->1427
[2023-11-10T11:50:00.816-0800][76604448ms] GC(23062) Humongous regions: 5->5
[2023-11-10T11:50:00.816-0800][76604448ms] GC(23062) Metaspace: 304921K->304921K(1349632K)
[2023-11-10T11:50:00.816-0800][76604448ms] GC(23062) Pause Young (Normal) (G1 Evacuation Pause) 3236M->2864M(3602M) 5.003ms
[2023-11-10T11:50:00.816-0800][76604448ms] GC(23062) User=0.00s Sys=0.00s Real=0.01s
[2023-11-10T11:50:01.255-0800][76604887ms] GC(23063) Pause Young (Normal) (G1 Evacuation Pause)
[2023-11-10T11:50:01.255-0800][76604887ms] GC(23063) Using 10 workers of 10 for evacuation
[2023-11-10T11:50:01.260-0800][76604892ms] GC(23063)   Pre Evacuate Collection Set: 0.0ms
[2023-11-10T11:50:01.260-0800][76604892ms] GC(23063)   Evacuate Collection Set: 1.6ms
[2023-11-10T11:50:01.260-0800][76604892ms] GC(23063)   Post Evacuate Collection Set: 3.0ms
[2023-11-10T11:50:01.260-0800][76604892ms] GC(23063)   Other: 0.2ms
[2023-11-10T11:50:01.260-0800][76604892ms] GC(23063) Eden regions: 186->0(186)
[2023-11-10T11:50:01.260-0800][76604892ms] GC(23063) Survivor regions: 1->1(24)
[2023-11-10T11:50:01.260-0800][76604892ms] GC(23063) Old regions: 1427->1427
[2023-11-10T11:50:01.260-0800][76604892ms] GC(23063) Humongous regions: 5->5
[2023-11-10T11:50:01.260-0800][76604892ms] GC(23063) Metaspace: 304921K->304921K(1349632K)
[2023-11-10T11:50:01.260-0800][76604892ms] GC(23063) Pause Young (Normal) (G1 Evacuation Pause) 3236M->2864M(3602M) 5.018ms
[2023-11-10T11:50:01.260-0800][76604892ms] GC(23063) User=0.00s Sys=0.00s Real=0.00s
[2023-11-10T11:50:01.709-0800][76605341ms] GC(23064) Pause Young (Normal) (G1 Evacuation Pause)
[2023-11-10T11:50:01.709-0800][76605341ms] GC(23064) Using 10 workers of 10 for evacuation
[2023-11-10T11:50:01.715-0800][76605347ms] GC(23064)   Pre Evacuate Collection Set: 0.0ms
[2023-11-10T11:50:01.715-0800][76605347ms] GC(23064)   Evacuate Collection Set: 1.7ms
[2023-11-10T11:50:01.715-0800][76605347ms] GC(23064)   Post Evacuate Collection Set: 4.3ms
[2023-11-10T11:50:01.715-0800][76605347ms] GC(23064)   Other: 0.3ms
[2023-11-10T11:50:01.715-0800][76605347ms] GC(23064) Eden regions: 186->0(185)
[2023-11-10T11:50:01.715-0800][76605347ms] GC(23064) Survivor regions: 1->1(24)
[2023-11-10T11:50:01.715-0800][76605347ms] GC(23064) Old regions: 1427->1428
[2023-11-10T11:50:01.715-0800][76605347ms] GC(23064) Humongous regions: 5->5
[2023-11-10T11:50:01.715-0800][76605347ms] GC(23064) Metaspace: 304921K->304921K(1349632K)
[2023-11-10T11:50:01.715-0800][76605347ms] GC(23064) Pause Young (Normal) (G1 Evacuation Pause) 3236M->2864M(3602M) 6.475ms
[2023-11-10T11:50:01.715-0800][76605347ms] GC(23064) User=0.03s Sys=0.00s Real=0.01s
[2023-11-10T11:50:02.193-0800][76605825ms] GC(23065) Pause Young (Normal) (G1 Evacuation Pause)
[2023-11-10T11:50:02.193-0800][76605825ms] GC(23065) Using 10 workers of 10 for evacuation
[2023-11-10T11:50:02.198-0800][76605830ms] GC(23065)   Pre Evacuate Collection Set: 0.0ms
[2023-11-10T11:50:02.198-0800][76605830ms] GC(23065)   Evacuate Collection Set: 1.7ms
[2023-11-10T11:50:02.198-0800][76605830ms] GC(23065)   Post Evacuate Collection Set: 3.2ms
[2023-11-10T11:50:02.198-0800][76605830ms] GC(23065)   Other: 0.2ms
[2023-11-10T11:50:02.198-0800][76605830ms] GC(23065) Eden regions: 185->0(185)
[2023-11-10T11:50:02.198-0800][76605830ms] GC(23065) Survivor regions: 1->1(24)
[2023-11-10T11:50:02.198-0800][76605830ms] GC(23065) Old regions: 1428->1428
[2023-11-10T11:50:02.198-0800][76605830ms] GC(23065) Humongous regions: 5->5
[2023-11-10T11:50:02.198-0800][76605830ms] GC(23065) Metaspace: 304921K->304921K(1349632K)
[2023-11-10T11:50:02.198-0800][76605830ms] GC(23065) Pause Young (Normal) (G1 Evacuation Pause) 3234M->2864M(3602M) 5.316ms
[2023-11-10T11:50:02.198-0800][76605830ms] GC(23065) User=0.00s Sys=0.00s Real=0.00s
[2023-11-10T11:50:02.606-0800][76606238ms] GC(23066) Pause Young (Normal) (G1 Evacuation Pause)
[2023-11-10T11:50:02.606-0800][76606238ms] GC(23066) Using 10 workers of 10 for evacuation
[2023-11-10T11:50:02.610-0800][76606242ms] GC(23066)   Pre Evacuate Collection Set: 0.0ms
[2023-11-10T11:50:02.610-0800][76606242ms] GC(23066)   Evacuate Collection Set: 1.6ms
[2023-11-10T11:50:02.610-0800][76606242ms] GC(23066)   Post Evacuate Collection Set: 3.0ms
[2023-11-10T11:50:02.610-0800][76606242ms] GC(23066)   Other: 0.2ms
[2023-11-10T11:50:02.610-0800][76606242ms] GC(23066) Eden regions: 185->0(185)
[2023-11-10T11:50:02.610-0800][76606242ms] GC(23066) Survivor regions: 1->1(24)
[2023-11-10T11:50:02.610-0800][76606242ms] GC(23066) Old regions: 1428->1428
[2023-11-10T11:50:02.610-0800][76606242ms] GC(23066) Humongous regions: 5->5
[2023-11-10T11:50:02.610-0800][76606242ms] GC(23066) Metaspace: 304921K->304921K(1349632K)
[2023-11-10T11:50:02.610-0800][76606242ms] GC(23066) Pause Young (Normal) (G1 Evacuation Pause) 3234M->2865M(3602M) 4.980ms
[2023-11-10T11:50:02.610-0800][76606242ms] GC(23066) User=0.00s Sys=0.00s Real=0.00s
[2023-11-10T11:50:03.084-0800][76606716ms] GC(23067) Pause Young (Normal) (G1 Evacuation Pause)
[2023-11-10T11:50:03.085-0800][76606717ms] GC(23067) Using 10 workers of 10 for evacuation
[2023-11-10T11:50:03.089-0800][76606721ms] GC(23067)   Pre Evacuate Collection Set: 0.0ms
[2023-11-10T11:50:03.089-0800][76606721ms] GC(23067)   Evacuate Collection Set: 1.7ms
[2023-11-10T11:50:03.089-0800][76606721ms] GC(23067)   Post Evacuate Collection Set: 3.1ms
[2023-11-10T11:50:03.089-0800][76606721ms] GC(23067)   Other: 0.4ms
[2023-11-10T11:50:03.089-0800][76606721ms] GC(23067) Eden regions: 185->0(185)
[2023-11-10T11:50:03.089-0800][76606721ms] GC(23067) Survivor regions: 1->1(24)
[2023-11-10T11:50:03.089-0800][76606721ms] GC(23067) Old regions: 1428->1428
[2023-11-10T11:50:03.089-0800][76606721ms] GC(23067) Humongous regions: 5->5
[2023-11-10T11:50:03.089-0800][76606721ms] GC(23067) Metaspace: 304921K->304921K(1349632K)
[2023-11-10T11:50:03.089-0800][76606721ms] GC(23067) Pause Young (Normal) (G1 Evacuation Pause) 3235M->2864M(3602M) 5.322ms
[2023-11-10T11:50:03.090-0800][76606722ms] GC(23067) User=0.00s Sys=0.02s Real=0.01s
[2023-11-10T11:50:03.505-0800][76607137ms] GC(23068) Pause Young (Normal) (G1 Evacuation Pause)
[2023-11-10T11:50:03.505-0800][76607137ms] GC(23068) Using 10 workers of 10 for evacuation
[2023-11-10T11:50:03.510-0800][76607142ms] GC(23068)   Pre Evacuate Collection Set: 0.0ms
[2023-11-10T11:50:03.510-0800][76607142ms] GC(23068)   Evacuate Collection Set: 1.6ms
[2023-11-10T11:50:03.510-0800][76607142ms] GC(23068)   Post Evacuate Collection Set: 3.1ms
[2023-11-10T11:50:03.510-0800][76607142ms] GC(23068)   Other: 0.2ms
[2023-11-10T11:50:03.510-0800][76607142ms] GC(23068) Eden regions: 185->0(185)
[2023-11-10T11:50:03.510-0800][76607142ms] GC(23068) Survivor regions: 1->1(24)
[2023-11-10T11:50:03.510-0800][76607142ms] GC(23068) Old regions: 1428->1428
[2023-11-10T11:50:03.510-0800][76607142ms] GC(23068) Humongous regions: 5->5
[2023-11-10T11:50:03.510-0800][76607142ms] GC(23068) Metaspace: 304921K->304921K(1349632K)
[2023-11-10T11:50:03.510-0800][76607142ms] GC(23068) Pause Young (Normal) (G1 Evacuation Pause) 3234M->2864M(3602M) 5.108ms
[2023-11-10T11:50:03.510-0800][76607142ms] GC(23068) User=0.00s Sys=0.00s Real=0.00s
[2023-11-10T11:50:03.928-0800][76607560ms] GC(23069) Pause Young (Normal) (G1 Evacuation Pause)
[2023-11-10T11:50:03.928-0800][76607560ms] GC(23069) Using 10 workers of 10 for evacuation
[2023-11-10T11:50:03.936-0800][76607568ms] GC(23069)   Pre Evacuate Collection Set: 0.1ms
[2023-11-10T11:50:03.936-0800][76607568ms] GC(23069)   Evacuate Collection Set: 2.2ms
[2023-11-10T11:50:03.936-0800][76607568ms] GC(23069)   Post Evacuate Collection Set: 5.2ms
[2023-11-10T11:50:03.936-0800][76607568ms] GC(23069)   Other: 0.4ms
[2023-11-10T11:50:03.936-0800][76607568ms] GC(23069) Eden regions: 185->0(185)
[2023-11-10T11:50:03.936-0800][76607568ms] GC(23069) Survivor regions: 1->1(24)
[2023-11-10T11:50:03.936-0800][76607568ms] GC(23069) Old regions: 1428->1428
[2023-11-10T11:50:03.936-0800][76607568ms] GC(23069) Humongous regions: 5->5
[2023-11-10T11:50:03.936-0800][76607568ms] GC(23069) Metaspace: 304921K->304921K(1349632K)
[2023-11-10T11:50:03.936-0800][76607568ms] GC(23069) Pause Young (Normal) (G1 Evacuation Pause) 3234M->2864M(3602M) 8.147ms
[2023-11-10T11:50:03.936-0800][76607568ms] GC(23069) User=0.02s Sys=0.00s Real=0.01s
[2023-11-10T11:50:04.424-0800][76608056ms] GC(23070) Pause Young (Normal) (G1 Evacuation Pause)
[2023-11-10T11:50:04.424-0800][76608056ms] GC(23070) Using 10 workers of 10 for evacuation
[2023-11-10T11:50:04.430-0800][76608062ms] GC(23070)   Pre Evacuate Collection Set: 0.0ms
[2023-11-10T11:50:04.430-0800][76608062ms] GC(23070)   Evacuate Collection Set: 2.2ms
[2023-11-10T11:50:04.430-0800][76608062ms] GC(23070)   Post Evacuate Collection Set: 4.0ms
[2023-11-10T11:50:04.430-0800][76608062ms] GC(23070)   Other: 0.2ms
[2023-11-10T11:50:04.430-0800][76608062ms] GC(23070) Eden regions: 185->0(185)
[2023-11-10T11:50:04.430-0800][76608062ms] GC(23070) Survivor regions: 1->1(24)
[2023-11-10T11:50:04.430-0800][76608062ms] GC(23070) Old regions: 1428->1428
[2023-11-10T11:50:04.430-0800][76608062ms] GC(23070) Humongous regions: 5->5
[2023-11-10T11:50:04.430-0800][76608062ms] GC(23070) Metaspace: 304921K->304921K(1349632K)
[2023-11-10T11:50:04.430-0800][76608062ms] GC(23070) Pause Young (Normal) (G1 Evacuation Pause) 3234M->2864M(3602M) 6.568ms
[2023-11-10T11:50:04.431-0800][76608063ms] GC(23070) User=0.00s Sys=0.00s Real=0.01s
[2023-11-10T11:50:04.855-0800][76608487ms] GC(23071) Pause Young (Normal) (G1 Evacuation Pause)
[2023-11-10T11:50:04.855-0800][76608487ms] GC(23071) Using 10 workers of 10 for evacuation
[2023-11-10T11:50:04.862-0800][76608494ms] GC(23071)   Pre Evacuate Collection Set: 0.1ms
[2023-11-10T11:50:04.862-0800][76608494ms] GC(23071)   Evacuate Collection Set: 2.0ms
[2023-11-10T11:50:04.862-0800][76608494ms] GC(23071)   Post Evacuate Collection Set: 4.6ms
[2023-11-10T11:50:04.862-0800][76608494ms] GC(23071)   Other: 0.4ms
[2023-11-10T11:50:04.862-0800][76608494ms] GC(23071) Eden regions: 185->0(185)
[2023-11-10T11:50:04.862-0800][76608494ms] GC(23071) Survivor regions: 1->1(24)
[2023-11-10T11:50:04.862-0800][76608494ms] GC(23071) Old regions: 1428->1428
[2023-11-10T11:50:04.862-0800][76608494ms] GC(23071) Humongous regions: 5->5
[2023-11-10T11:50:04.862-0800][76608494ms] GC(23071) Metaspace: 304921K->304921K(1349632K)
[2023-11-10T11:50:04.862-0800][76608494ms] GC(23071) Pause Young (Normal) (G1 Evacuation Pause) 3234M->2864M(3602M) 7.312ms
[2023-11-10T11:50:04.862-0800][76608494ms] GC(23071) User=0.05s Sys=0.00s Real=0.01s
[2023-11-10T11:50:05.320-0800][76608952ms] GC(23072) Pause Young (Normal) (G1 Evacuation Pause)
[2023-11-10T11:50:05.320-0800][76608952ms] GC(23072) Using 10 workers of 10 for evacuation
[2023-11-10T11:50:05.325-0800][76608957ms] GC(23072)   Pre Evacuate Collection Set: 0.0ms
[2023-11-10T11:50:05.325-0800][76608957ms] GC(23072)   Evacuate Collection Set: 1.6ms
[2023-11-10T11:50:05.325-0800][76608957ms] GC(23072)   Post Evacuate Collection Set: 3.0ms
[2023-11-10T11:50:05.325-0800][76608957ms] GC(23072)   Other: 0.3ms
[2023-11-10T11:50:05.325-0800][76608957ms] GC(23072) Eden regions: 185->0(185)
[2023-11-10T11:50:05.325-0800][76608957ms] GC(23072) Survivor regions: 1->1(24)
[2023-11-10T11:50:05.325-0800][76608957ms] GC(23072) Old regions: 1428->1428
[2023-11-10T11:50:05.325-0800][76608957ms] GC(23072) Humongous regions: 5->5
[2023-11-10T11:50:05.325-0800][76608957ms] GC(23072) Metaspace: 304921K->304921K(1349632K)
[2023-11-10T11:50:05.325-0800][76608957ms] GC(23072) Pause Young (Normal) (G1 Evacuation Pause) 3234M->2864M(3602M) 4.988ms
[2023-11-10T11:50:05.325-0800][76608957ms] GC(23072) User=0.00s Sys=0.00s Real=0.01s
[2023-11-10T11:50:05.800-0800][76609432ms] GC(23073) Pause Young (Normal) (G1 Evacuation Pause)
[2023-11-10T11:50:05.800-0800][76609432ms] GC(23073) Using 10 workers of 10 for evacuation
[2023-11-10T11:50:05.805-0800][76609437ms] GC(23073)   Pre Evacuate Collection Set: 0.1ms
[2023-11-10T11:50:05.805-0800][76609437ms] GC(23073)   Evacuate Collection Set: 1.8ms
[2023-11-10T11:50:05.805-0800][76609437ms] GC(23073)   Post Evacuate Collection Set: 3.8ms
[2023-11-10T11:50:05.805-0800][76609437ms] GC(23073)   Other: 0.4ms
[2023-11-10T11:50:05.805-0800][76609437ms] GC(23073) Eden regions: 185->0(185)
[2023-11-10T11:50:05.805-0800][76609437ms] GC(23073) Survivor regions: 1->1(24)
[2023-11-10T11:50:05.805-0800][76609437ms] GC(23073) Old regions: 1428->1428
[2023-11-10T11:50:05.805-0800][76609437ms] GC(23073) Humongous regions: 5->5
[2023-11-10T11:50:05.805-0800][76609437ms] GC(23073) Metaspace: 304921K->304921K(1349632K)
[2023-11-10T11:50:05.805-0800][76609437ms] GC(23073) Pause Young (Normal) (G1 Evacuation Pause) 3234M->2864M(3602M) 6.189ms
[2023-11-10T11:50:05.805-0800][76609437ms] GC(23073) User=0.00s Sys=0.00s Real=0.01s
[2023-11-10T11:50:06.323-0800][76609955ms] GC(23074) Pause Young (Normal) (G1 Evacuation Pause)
[2023-11-10T11:50:06.323-0800][76609955ms] GC(23074) Using 10 workers of 10 for evacuation
[2023-11-10T11:50:06.332-0800][76609964ms] GC(23074)   Pre Evacuate Collection Set: 0.0ms
[2023-11-10T11:50:06.332-0800][76609964ms] GC(23074)   Evacuate Collection Set: 2.4ms
[2023-11-10T11:50:06.332-0800][76609964ms] GC(23074)   Post Evacuate Collection Set: 5.3ms
[2023-11-10T11:50:06.332-0800][76609964ms] GC(23074)   Other: 0.3ms
[2023-11-10T11:50:06.332-0800][76609964ms] GC(23074) Eden regions: 185->0(185)
[2023-11-10T11:50:06.332-0800][76609964ms] GC(23074) Survivor regions: 1->1(24)
[2023-11-10T11:50:06.332-0800][76609964ms] GC(23074) Old regions: 1428->1428
[2023-11-10T11:50:06.332-0800][76609964ms] GC(23074) Humongous regions: 5->5
[2023-11-10T11:50:06.332-0800][76609964ms] GC(23074) Metaspace: 304921K->304921K(1349632K)
[2023-11-10T11:50:06.332-0800][76609964ms] GC(23074) Pause Young (Normal) (G1 Evacuation Pause) 3234M->2864M(3602M) 8.167ms
[2023-11-10T11:50:06.332-0800][76609964ms] GC(23074) User=0.00s Sys=0.00s Real=0.01s
[2023-11-10T11:50:06.745-0800][76610377ms] GC(23075) Pause Young (Normal) (G1 Evacuation Pause)
[2023-11-10T11:50:06.745-0800][76610377ms] GC(23075) Using 10 workers of 10 for evacuation
[2023-11-10T11:50:06.753-0800][76610385ms] GC(23075)   Pre Evacuate Collection Set: 0.1ms
[2023-11-10T11:50:06.753-0800][76610385ms] GC(23075)   Evacuate Collection Set: 1.9ms
[2023-11-10T11:50:06.753-0800][76610385ms] GC(23075)   Post Evacuate Collection Set: 5.2ms
[2023-11-10T11:50:06.753-0800][76610385ms] GC(23075)   Other: 0.4ms
[2023-11-10T11:50:06.753-0800][76610385ms] GC(23075) Eden regions: 185->0(185)
[2023-11-10T11:50:06.753-0800][76610385ms] GC(23075) Survivor regions: 1->1(24)
[2023-11-10T11:50:06.753-0800][76610385ms] GC(23075) Old regions: 1428->1428
[2023-11-10T11:50:06.753-0800][76610385ms] GC(23075) Humongous regions: 5->5
[2023-11-10T11:50:06.753-0800][76610385ms] GC(23075) Metaspace: 304921K->304921K(1349632K)
[2023-11-10T11:50:06.753-0800][76610385ms] GC(23075) Pause Young (Normal) (G1 Evacuation Pause) 3234M->2864M(3602M) 7.747ms
[2023-11-10T11:50:06.753-0800][76610385ms] GC(23075) User=0.00s Sys=0.00s Real=0.01s
[2023-11-10T11:50:07.252-0800][76610884ms] GC(23076) Pause Young (Normal) (G1 Evacuation Pause)
[2023-11-10T11:50:07.252-0800][76610884ms] GC(23076) Using 10 workers of 10 for evacuation
[2023-11-10T11:50:07.258-0800][76610890ms] GC(23076)   Pre Evacuate Collection Set: 0.0ms
[2023-11-10T11:50:07.258-0800][76610890ms] GC(23076)   Evacuate Collection Set: 2.2ms
[2023-11-10T11:50:07.258-0800][76610890ms] GC(23076)   Post Evacuate Collection Set: 3.4ms
[2023-11-10T11:50:07.258-0800][76610890ms] GC(23076)   Other: 0.3ms
[2023-11-10T11:50:07.258-0800][76610890ms] GC(23076) Eden regions: 185->0(185)
[2023-11-10T11:50:07.258-0800][76610890ms] GC(23076) Survivor regions: 1->1(24)
[2023-11-10T11:50:07.258-0800][76610890ms] GC(23076) Old regions: 1428->1428
[2023-11-10T11:50:07.258-0800][76610890ms] GC(23076) Humongous regions: 5->5
[2023-11-10T11:50:07.258-0800][76610890ms] GC(23076) Metaspace: 304921K->304921K(1349632K)
[2023-11-10T11:50:07.258-0800][76610890ms] GC(23076) Pause Young (Normal) (G1 Evacuation Pause) 3234M->2864M(3602M) 6.010ms
[2023-11-10T11:50:07.258-0800][76610890ms] GC(23076) User=0.00s Sys=0.00s Real=0.01s
[2023-11-10T11:50:07.724-0800][76611356ms] GC(23077) Pause Young (Normal) (G1 Evacuation Pause)
[2023-11-10T11:50:07.724-0800][76611356ms] GC(23077) Using 10 workers of 10 for evacuation
[2023-11-10T11:50:07.730-0800][76611362ms] GC(23077)   Pre Evacuate Collection Set: 0.0ms
[2023-11-10T11:50:07.730-0800][76611362ms] GC(23077)   Evacuate Collection Set: 1.9ms
[2023-11-10T11:50:07.730-0800][76611362ms] GC(23077)   Post Evacuate Collection Set: 3.2ms
[2023-11-10T11:50:07.730-0800][76611362ms] GC(23077)   Other: 0.3ms
[2023-11-10T11:50:07.730-0800][76611362ms] GC(23077) Eden regions: 185->0(185)
[2023-11-10T11:50:07.730-0800][76611362ms] GC(23077) Survivor regions: 1->1(24)
[2023-11-10T11:50:07.730-0800][76611362ms] GC(23077) Old regions: 1428->1428
[2023-11-10T11:50:07.730-0800][76611362ms] GC(23077) Humongous regions: 5->5
[2023-11-10T11:50:07.730-0800][76611362ms] GC(23077) Metaspace: 304921K->304921K(1349632K)
[2023-11-10T11:50:07.730-0800][76611362ms] GC(23077) Pause Young (Normal) (G1 Evacuation Pause) 3234M->2864M(3602M) 5.489ms
[2023-11-10T11:50:07.730-0800][76611362ms] GC(23077) User=0.02s Sys=0.00s Real=0.01s
[2023-11-10T11:50:08.185-0800][76611817ms] GC(23078) Pause Young (Normal) (G1 Evacuation Pause)
[2023-11-10T11:50:08.186-0800][76611818ms] GC(23078) Using 10 workers of 10 for evacuation
[2023-11-10T11:50:08.193-0800][76611825ms] GC(23078)   Pre Evacuate Collection Set: 0.0ms
[2023-11-10T11:50:08.193-0800][76611825ms] GC(23078)   Evacuate Collection Set: 2.3ms
[2023-11-10T11:50:08.193-0800][76611825ms] GC(23078)   Post Evacuate Collection Set: 4.3ms
[2023-11-10T11:50:08.193-0800][76611825ms] GC(23078)   Other: 0.4ms
[2023-11-10T11:50:08.193-0800][76611825ms] GC(23078) Eden regions: 185->0(185)
[2023-11-10T11:50:08.193-0800][76611825ms] GC(23078) Survivor regions: 1->1(24)
[2023-11-10T11:50:08.193-0800][76611825ms] GC(23078) Old regions: 1428->1428
[2023-11-10T11:50:08.193-0800][76611825ms] GC(23078) Humongous regions: 5->5
[2023-11-10T11:50:08.193-0800][76611825ms] GC(23078) Metaspace: 304921K->304921K(1349632K)
[2023-11-10T11:50:08.193-0800][76611825ms] GC(23078) Pause Young (Normal) (G1 Evacuation Pause) 3234M->2864M(3602M) 7.143ms
[2023-11-10T11:50:08.193-0800][76611825ms] GC(23078) User=0.00s Sys=0.00s Real=0.01s
[2023-11-10T11:50:08.670-0800][76612302ms] GC(23079) Pause Young (Normal) (G1 Evacuation Pause)
[2023-11-10T11:50:08.670-0800][76612302ms] GC(23079) Using 10 workers of 10 for evacuation
[2023-11-10T11:50:08.676-0800][76612308ms] GC(23079)   Pre Evacuate Collection Set: 0.1ms
[2023-11-10T11:50:08.676-0800][76612308ms] GC(23079)   Evacuate Collection Set: 1.9ms
[2023-11-10T11:50:08.676-0800][76612308ms] GC(23079)   Post Evacuate Collection Set: 3.1ms
[2023-11-10T11:50:08.676-0800][76612308ms] GC(23079)   Other: 0.4ms
[2023-11-10T11:50:08.676-0800][76612308ms] GC(23079) Eden regions: 185->0(185)
[2023-11-10T11:50:08.676-0800][76612308ms] GC(23079) Survivor regions: 1->1(24)
[2023-11-10T11:50:08.676-0800][76612308ms] GC(23079) Old regions: 1428->1428
[2023-11-10T11:50:08.676-0800][76612308ms] GC(23079) Humongous regions: 5->5
[2023-11-10T11:50:08.676-0800][76612308ms] GC(23079) Metaspace: 304921K->304921K(1349632K)
[2023-11-10T11:50:08.676-0800][76612308ms] GC(23079) Pause Young (Normal) (G1 Evacuation Pause) 3234M->2864M(3602M) 5.469ms
[2023-11-10T11:50:08.676-0800][76612308ms] GC(23079) User=0.00s Sys=0.00s Real=0.01s
[2023-11-10T11:50:09.153-0800][76612785ms] GC(23080) Pause Young (Normal) (G1 Evacuation Pause)
[2023-11-10T11:50:09.153-0800][76612785ms] GC(23080) Using 10 workers of 10 for evacuation
[2023-11-10T11:50:09.160-0800][76612792ms] GC(23080)   Pre Evacuate Collection Set: 0.1ms
[2023-11-10T11:50:09.160-0800][76612792ms] GC(23080)   Evacuate Collection Set: 2.3ms
[2023-11-10T11:50:09.160-0800][76612792ms] GC(23080)   Post Evacuate Collection Set: 4.9ms
[2023-11-10T11:50:09.160-0800][76612792ms] GC(23080)   Other: 0.4ms
[2023-11-10T11:50:09.160-0800][76612792ms] GC(23080) Eden regions: 185->0(185)
[2023-11-10T11:50:09.160-0800][76612792ms] GC(23080) Survivor regions: 1->1(24)
[2023-11-10T11:50:09.160-0800][76612792ms] GC(23080) Old regions: 1428->1428
[2023-11-10T11:50:09.160-0800][76612792ms] GC(23080) Humongous regions: 5->5
[2023-11-10T11:50:09.160-0800][76612792ms] GC(23080) Metaspace: 304921K->304921K(1349632K)
[2023-11-10T11:50:09.160-0800][76612792ms] GC(23080) Pause Young (Normal) (G1 Evacuation Pause) 3234M->2864M(3602M) 7.775ms
[2023-11-10T11:50:09.160-0800][76612792ms] GC(23080) User=0.00s Sys=0.00s Real=0.01s
[2023-11-10T11:50:09.663-0800][76613295ms] GC(23081) Pause Young (Normal) (G1 Evacuation Pause)
[2023-11-10T11:50:09.663-0800][76613295ms] GC(23081) Using 10 workers of 10 for evacuation
[2023-11-10T11:50:09.669-0800][76613301ms] GC(23081)   Pre Evacuate Collection Set: 0.1ms
[2023-11-10T11:50:09.669-0800][76613301ms] GC(23081)   Evacuate Collection Set: 1.7ms
[2023-11-10T11:50:09.669-0800][76613301ms] GC(23081)   Post Evacuate Collection Set: 4.0ms
[2023-11-10T11:50:09.669-0800][76613302ms] GC(23081)   Other: 0.3ms
[2023-11-10T11:50:09.670-0800][76613302ms] GC(23081) Eden regions: 185->0(185)
[2023-11-10T11:50:09.670-0800][76613302ms] GC(23081) Survivor regions: 1->1(24)
[2023-11-10T11:50:09.670-0800][76613302ms] GC(23081) Old regions: 1428->1428
[2023-11-10T11:50:09.670-0800][76613302ms] GC(23081) Humongous regions: 5->5
[2023-11-10T11:50:09.670-0800][76613302ms] GC(23081) Metaspace: 304921K->304921K(1349632K)
[2023-11-10T11:50:09.670-0800][76613302ms] GC(23081) Pause Young (Normal) (G1 Evacuation Pause) 3234M->2864M(3602M) 6.105ms
[2023-11-10T11:50:09.670-0800][76613302ms] GC(23081) User=0.00s Sys=0.00s Real=0.01s
[2023-11-10T11:50:10.164-0800][76613796ms] GC(23082) Pause Young (Normal) (G1 Evacuation Pause)
[2023-11-10T11:50:10.164-0800][76613796ms] GC(23082) Using 10 workers of 10 for evacuation
[2023-11-10T11:50:10.170-0800][76613802ms] GC(23082)   Pre Evacuate Collection Set: 0.0ms
[2023-11-10T11:50:10.170-0800][76613802ms] GC(23082)   Evacuate Collection Set: 1.9ms
[2023-11-10T11:50:10.170-0800][76613802ms] GC(23082)   Post Evacuate Collection Set: 3.2ms
[2023-11-10T11:50:10.170-0800][76613802ms] GC(23082)   Other: 0.3ms
[2023-11-10T11:50:10.170-0800][76613802ms] GC(23082) Eden regions: 185->0(185)
[2023-11-10T11:50:10.170-0800][76613802ms] GC(23082) Survivor regions: 1->1(24)
[2023-11-10T11:50:10.170-0800][76613802ms] GC(23082) Old regions: 1428->1428
[2023-11-10T11:50:10.170-0800][76613802ms] GC(23082) Humongous regions: 5->5
[2023-11-10T11:50:10.170-0800][76613802ms] GC(23082) Metaspace: 304921K->304921K(1349632K)
[2023-11-10T11:50:10.170-0800][76613802ms] GC(23082) Pause Young (Normal) (G1 Evacuation Pause) 3234M->2864M(3602M) 5.535ms
[2023-11-10T11:50:10.170-0800][76613802ms] GC(23082) User=0.00s Sys=0.00s Real=0.01s
[2023-11-10T11:50:10.606-0800][76614238ms] GC(23083) Pause Young (Normal) (G1 Evacuation Pause)
[2023-11-10T11:50:10.606-0800][76614238ms] GC(23083) Using 10 workers of 10 for evacuation
[2023-11-10T11:50:10.614-0800][76614246ms] GC(23083)   Pre Evacuate Collection Set: 0.1ms
[2023-11-10T11:50:10.614-0800][76614246ms] GC(23083)   Evacuate Collection Set: 2.5ms
[2023-11-10T11:50:10.614-0800][76614246ms] GC(23083)   Post Evacuate Collection Set: 4.1ms
[2023-11-10T11:50:10.614-0800][76614246ms] GC(23083)   Other: 0.4ms
[2023-11-10T11:50:10.614-0800][76614246ms] GC(23083) Eden regions: 185->0(185)
[2023-11-10T11:50:10.614-0800][76614246ms] GC(23083) Survivor regions: 1->1(24)
[2023-11-10T11:50:10.614-0800][76614246ms] GC(23083) Old regions: 1428->1428
[2023-11-10T11:50:10.614-0800][76614246ms] GC(23083) Humongous regions: 5->5
[2023-11-10T11:50:10.614-0800][76614246ms] GC(23083) Metaspace: 304921K->304921K(1349632K)
[2023-11-10T11:50:10.614-0800][76614246ms] GC(23083) Pause Young (Normal) (G1 Evacuation Pause) 3234M->2864M(3602M) 7.059ms
[2023-11-10T11:50:10.614-0800][76614246ms] GC(23083) User=0.00s Sys=0.00s Real=0.01s
[2023-11-10T11:50:11.093-0800][76614725ms] GC(23084) Pause Young (Normal) (G1 Evacuation Pause)
[2023-11-10T11:50:11.093-0800][76614725ms] GC(23084) Using 10 workers of 10 for evacuation
[2023-11-10T11:50:11.098-0800][76614730ms] GC(23084)   Pre Evacuate Collection Set: 0.0ms
[2023-11-10T11:50:11.098-0800][76614730ms] GC(23084)   Evacuate Collection Set: 1.6ms
[2023-11-10T11:50:11.098-0800][76614730ms] GC(23084)   Post Evacuate Collection Set: 3.5ms
[2023-11-10T11:50:11.098-0800][76614730ms] GC(23084)   Other: 0.3ms
[2023-11-10T11:50:11.098-0800][76614730ms] GC(23084) Eden regions: 185->0(185)
[2023-11-10T11:50:11.098-0800][76614730ms] GC(23084) Survivor regions: 1->1(24)
[2023-11-10T11:50:11.098-0800][76614730ms] GC(23084) Old regions: 1428->1428
[2023-11-10T11:50:11.098-0800][76614730ms] GC(23084) Humongous regions: 5->5
[2023-11-10T11:50:11.098-0800][76614730ms] GC(23084) Metaspace: 304925K->304925K(1349632K)
[2023-11-10T11:50:11.098-0800][76614730ms] GC(23084) Pause Young (Normal) (G1 Evacuation Pause) 3234M->2865M(3602M) 5.613ms
[2023-11-10T11:50:11.098-0800][76614730ms] GC(23084) User=0.00s Sys=0.00s Real=0.01s
[2023-11-10T11:50:11.553-0800][76615185ms] GC(23085) Pause Young (Normal) (G1 Evacuation Pause)
[2023-11-10T11:50:11.553-0800][76615185ms] GC(23085) Using 10 workers of 10 for evacuation
[2023-11-10T11:50:11.557-0800][76615189ms] GC(23085)   Pre Evacuate Collection Set: 0.0ms
[2023-11-10T11:50:11.557-0800][76615189ms] GC(23085)   Evacuate Collection Set: 1.6ms
[2023-11-10T11:50:11.557-0800][76615189ms] GC(23085)   Post Evacuate Collection Set: 3.1ms
[2023-11-10T11:50:11.557-0800][76615189ms] GC(23085)   Other: 0.2ms
[2023-11-10T11:50:11.557-0800][76615189ms] GC(23085) Eden regions: 185->0(185)
[2023-11-10T11:50:11.558-0800][76615190ms] GC(23085) Survivor regions: 1->1(24)
[2023-11-10T11:50:11.558-0800][76615190ms] GC(23085) Old regions: 1428->1428
[2023-11-10T11:50:11.558-0800][76615190ms] GC(23085) Humongous regions: 5->5
[2023-11-10T11:50:11.558-0800][76615190ms] GC(23085) Metaspace: 304925K->304925K(1349632K)
[2023-11-10T11:50:11.558-0800][76615190ms] GC(23085) Pause Young (Normal) (G1 Evacuation Pause) 3235M->2865M(3602M) 5.131ms
[2023-11-10T11:50:11.558-0800][76615190ms] GC(23085) User=0.14s Sys=0.00s Real=0.01s
[2023-11-10T11:50:11.972-0800][76615604ms] GC(23086) Pause Young (Normal) (G1 Evacuation Pause)
[2023-11-10T11:50:11.973-0800][76615605ms] GC(23086) Using 10 workers of 10 for evacuation
[2023-11-10T11:50:11.979-0800][76615611ms] GC(23086)   Pre Evacuate Collection Set: 0.1ms
[2023-11-10T11:50:11.979-0800][76615611ms] GC(23086)   Evacuate Collection Set: 2.7ms
[2023-11-10T11:50:11.979-0800][76615611ms] GC(23086)   Post Evacuate Collection Set: 4.1ms
[2023-11-10T11:50:11.979-0800][76615611ms] GC(23086)   Other: 0.4ms
[2023-11-10T11:50:11.979-0800][76615611ms] GC(23086) Eden regions: 185->0(184)
[2023-11-10T11:50:11.979-0800][76615611ms] GC(23086) Survivor regions: 1->1(24)
[2023-11-10T11:50:11.979-0800][76615611ms] GC(23086) Old regions: 1428->1428
[2023-11-10T11:50:11.979-0800][76615611ms] GC(23086) Humongous regions: 5->5
[2023-11-10T11:50:11.979-0800][76615611ms] GC(23086) Metaspace: 304925K->304925K(1349632K)
[2023-11-10T11:50:11.979-0800][76615611ms] GC(23086) Pause Young (Normal) (G1 Evacuation Pause) 3235M->2865M(3602M) 7.271ms
[2023-11-10T11:50:11.980-0800][76615612ms] GC(23086) User=0.00s Sys=0.00s Real=0.01s
[2023-11-10T11:50:12.471-0800][76616103ms] GC(23087) Pause Young (Normal) (G1 Evacuation Pause)
[2023-11-10T11:50:12.472-0800][76616104ms] GC(23087) Using 10 workers of 10 for evacuation
[2023-11-10T11:50:12.477-0800][76616109ms] GC(23087)   Pre Evacuate Collection Set: 0.0ms
[2023-11-10T11:50:12.477-0800][76616109ms] GC(23087)   Evacuate Collection Set: 2.0ms
[2023-11-10T11:50:12.477-0800][76616109ms] GC(23087)   Post Evacuate Collection Set: 3.5ms
[2023-11-10T11:50:12.477-0800][76616109ms] GC(23087)   Other: 0.3ms
[2023-11-10T11:50:12.477-0800][76616109ms] GC(23087) Eden regions: 184->0(184)
[2023-11-10T11:50:12.477-0800][76616109ms] GC(23087) Survivor regions: 1->1(24)
[2023-11-10T11:50:12.477-0800][76616109ms] GC(23087) Old regions: 1428->1428
[2023-11-10T11:50:12.477-0800][76616109ms] GC(23087) Humongous regions: 5->5
[2023-11-10T11:50:12.477-0800][76616109ms] GC(23087) Metaspace: 304925K->304925K(1349632K)
[2023-11-10T11:50:12.477-0800][76616109ms] GC(23087) Pause Young (Normal) (G1 Evacuation Pause) 3233M->2865M(3602M) 5.939ms
[2023-11-10T11:50:12.477-0800][76616109ms] GC(23087) User=0.00s Sys=0.00s Real=0.01s
[2023-11-10T11:50:12.945-0800][76616577ms] GC(23088) Pause Young (Normal) (G1 Evacuation Pause)
[2023-11-10T11:50:12.945-0800][76616577ms] GC(23088) Using 10 workers of 10 for evacuation
[2023-11-10T11:50:12.951-0800][76616583ms] GC(23088)   Pre Evacuate Collection Set: 0.0ms
[2023-11-10T11:50:12.951-0800][76616583ms] GC(23088)   Evacuate Collection Set: 1.7ms
[2023-11-10T11:50:12.951-0800][76616583ms] GC(23088)   Post Evacuate Collection Set: 3.6ms
[2023-11-10T11:50:12.951-0800][76616583ms] GC(23088)   Other: 0.3ms
[2023-11-10T11:50:12.951-0800][76616583ms] GC(23088) Eden regions: 184->0(184)
[2023-11-10T11:50:12.951-0800][76616583ms] GC(23088) Survivor regions: 1->1(24)
[2023-11-10T11:50:12.951-0800][76616583ms] GC(23088) Old regions: 1428->1428
[2023-11-10T11:50:12.951-0800][76616583ms] GC(23088) Humongous regions: 5->5
[2023-11-10T11:50:12.951-0800][76616583ms] GC(23088) Metaspace: 304925K->304925K(1349632K)
[2023-11-10T11:50:12.951-0800][76616583ms] GC(23088) Pause Young (Normal) (G1 Evacuation Pause) 3233M->2865M(3602M) 5.797ms
[2023-11-10T11:50:12.951-0800][76616583ms] GC(23088) User=0.00s Sys=0.00s Real=0.01s
[2023-11-10T11:50:13.414-0800][76617046ms] GC(23089) Pause Young (Normal) (G1 Evacuation Pause)
[2023-11-10T11:50:13.414-0800][76617046ms] GC(23089) Using 10 workers of 10 for evacuation
[2023-11-10T11:50:13.419-0800][76617051ms] GC(23089)   Pre Evacuate Collection Set: 0.0ms
[2023-11-10T11:50:13.419-0800][76617051ms] GC(23089)   Evacuate Collection Set: 1.7ms
[2023-11-10T11:50:13.419-0800][76617051ms] GC(23089)   Post Evacuate Collection Set: 2.9ms
[2023-11-10T11:50:13.419-0800][76617051ms] GC(23089)   Other: 0.3ms
[2023-11-10T11:50:13.419-0800][76617051ms] GC(23089) Eden regions: 184->0(184)
[2023-11-10T11:50:13.419-0800][76617051ms] GC(23089) Survivor regions: 1->1(24)
[2023-11-10T11:50:13.419-0800][76617051ms] GC(23089) Old regions: 1428->1428
[2023-11-10T11:50:13.419-0800][76617051ms] GC(23089) Humongous regions: 5->5
[2023-11-10T11:50:13.419-0800][76617051ms] GC(23089) Metaspace: 304925K->304925K(1349632K)
[2023-11-10T11:50:13.419-0800][76617051ms] GC(23089) Pause Young (Normal) (G1 Evacuation Pause) 3233M->2865M(3602M) 4.935ms
[2023-11-10T11:50:13.419-0800][76617051ms] GC(23089) User=0.00s Sys=0.00s Real=0.00s
[2023-11-10T11:50:13.820-0800][76617452ms] GC(23090) Pause Young (Normal) (G1 Evacuation Pause)
[2023-11-10T11:50:13.822-0800][76617454ms] GC(23090) Using 10 workers of 10 for evacuation
[2023-11-10T11:50:13.827-0800][76617459ms] GC(23090)   Pre Evacuate Collection Set: 0.0ms
[2023-11-10T11:50:13.827-0800][76617459ms] GC(23090)   Evacuate Collection Set: 1.8ms
[2023-11-10T11:50:13.827-0800][76617459ms] GC(23090)   Post Evacuate Collection Set: 3.4ms
[2023-11-10T11:50:13.827-0800][76617459ms] GC(23090)   Other: 0.3ms
[2023-11-10T11:50:13.827-0800][76617459ms] GC(23090) Eden regions: 184->0(184)
[2023-11-10T11:50:13.827-0800][76617459ms] GC(23090) Survivor regions: 1->1(24)
[2023-11-10T11:50:13.827-0800][76617459ms] GC(23090) Old regions: 1428->1428
[2023-11-10T11:50:13.827-0800][76617459ms] GC(23090) Humongous regions: 5->5
[2023-11-10T11:50:13.827-0800][76617459ms] GC(23090) Metaspace: 304925K->304925K(1349632K)
[2023-11-10T11:50:13.827-0800][76617459ms] GC(23090) Pause Young (Normal) (G1 Evacuation Pause) 3233M->2865M(3602M) 5.611ms
[2023-11-10T11:50:13.827-0800][76617459ms] GC(23090) User=0.00s Sys=0.00s Real=0.01s
[2023-11-10T11:50:14.259-0800][76617891ms] GC(23091) Pause Young (Normal) (G1 Evacuation Pause)
[2023-11-10T11:50:14.259-0800][76617891ms] GC(23091) Using 10 workers of 10 for evacuation
[2023-11-10T11:50:14.264-0800][76617896ms] GC(23091)   Pre Evacuate Collection Set: 0.0ms
[2023-11-10T11:50:14.264-0800][76617896ms] GC(23091)   Evacuate Collection Set: 1.6ms
[2023-11-10T11:50:14.264-0800][76617896ms] GC(23091)   Post Evacuate Collection Set: 3.0ms
[2023-11-10T11:50:14.264-0800][76617896ms] GC(23091)   Other: 0.3ms
[2023-11-10T11:50:14.264-0800][76617896ms] GC(23091) Eden regions: 184->0(184)
[2023-11-10T11:50:14.264-0800][76617896ms] GC(23091) Survivor regions: 1->1(24)
[2023-11-10T11:50:14.264-0800][76617896ms] GC(23091) Old regions: 1428->1428
[2023-11-10T11:50:14.264-0800][76617896ms] GC(23091) Humongous regions: 5->5
[2023-11-10T11:50:14.264-0800][76617896ms] GC(23091) Metaspace: 304925K->304925K(1349632K)
[2023-11-10T11:50:14.264-0800][76617896ms] GC(23091) Pause Young (Normal) (G1 Evacuation Pause) 3233M->2865M(3602M) 4.999ms
[2023-11-10T11:50:14.264-0800][76617896ms] GC(23091) User=0.00s Sys=0.00s Real=0.00s
[2023-11-10T11:50:14.699-0800][76618331ms] GC(23092) Pause Young (Normal) (G1 Evacuation Pause)
[2023-11-10T11:50:14.699-0800][76618331ms] GC(23092) Using 10 workers of 10 for evacuation
[2023-11-10T11:50:14.705-0800][76618337ms] GC(23092)   Pre Evacuate Collection Set: 0.0ms
[2023-11-10T11:50:14.706-0800][76618338ms] GC(23092)   Evacuate Collection Set: 1.7ms
[2023-11-10T11:50:14.706-0800][76618338ms] GC(23092)   Post Evacuate Collection Set: 4.7ms
[2023-11-10T11:50:14.706-0800][76618338ms] GC(23092)   Other: 0.3ms
[2023-11-10T11:50:14.706-0800][76618338ms] GC(23092) Eden regions: 184->0(184)
[2023-11-10T11:50:14.706-0800][76618338ms] GC(23092) Survivor regions: 1->1(24)
[2023-11-10T11:50:14.706-0800][76618338ms] GC(23092) Old regions: 1428->1428
[2023-11-10T11:50:14.706-0800][76618338ms] GC(23092) Humongous regions: 5->5
[2023-11-10T11:50:14.706-0800][76618338ms] GC(23092) Metaspace: 304925K->304925K(1349632K)
[2023-11-10T11:50:14.706-0800][76618338ms] GC(23092) Pause Young (Normal) (G1 Evacuation Pause) 3233M->2865M(3602M) 6.888ms
[2023-11-10T11:50:14.706-0800][76618338ms] GC(23092) User=0.00s Sys=0.00s Real=0.01s
[2023-11-10T11:50:15.170-0800][76618802ms] GC(23093) Pause Young (Normal) (G1 Evacuation Pause)
[2023-11-10T11:50:15.170-0800][76618802ms] GC(23093) Using 10 workers of 10 for evacuation
[2023-11-10T11:50:15.176-0800][76618808ms] GC(23093)   Pre Evacuate Collection Set: 0.0ms
[2023-11-10T11:50:15.176-0800][76618808ms] GC(23093)   Evacuate Collection Set: 1.7ms
[2023-11-10T11:50:15.176-0800][76618808ms] GC(23093)   Post Evacuate Collection Set: 3.4ms
[2023-11-10T11:50:15.176-0800][76618808ms] GC(23093)   Other: 0.3ms
[2023-11-10T11:50:15.176-0800][76618808ms] GC(23093) Eden regions: 184->0(184)
[2023-11-10T11:50:15.176-0800][76618808ms] GC(23093) Survivor regions: 1->1(24)
[2023-11-10T11:50:15.176-0800][76618808ms] GC(23093) Old regions: 1428->1428
[2023-11-10T11:50:15.176-0800][76618808ms] GC(23093) Humongous regions: 5->5
[2023-11-10T11:50:15.176-0800][76618808ms] GC(23093) Metaspace: 304925K->304925K(1349632K)
[2023-11-10T11:50:15.176-0800][76618808ms] GC(23093) Pause Young (Normal) (G1 Evacuation Pause) 3233M->2865M(3602M) 5.529ms
[2023-11-10T11:50:15.176-0800][76618808ms] GC(23093) User=0.00s Sys=0.00s Real=0.01s
[2023-11-10T11:50:15.608-0800][76619240ms] GC(23094) Pause Young (Normal) (G1 Evacuation Pause)
[2023-11-10T11:50:15.608-0800][76619240ms] GC(23094) Using 10 workers of 10 for evacuation
[2023-11-10T11:50:15.613-0800][76619245ms] GC(23094)   Pre Evacuate Collection Set: 0.0ms
[2023-11-10T11:50:15.613-0800][76619245ms] GC(23094)   Evacuate Collection Set: 1.7ms
[2023-11-10T11:50:15.613-0800][76619245ms] GC(23094)   Post Evacuate Collection Set: 3.1ms
[2023-11-10T11:50:15.613-0800][76619245ms] GC(23094)   Other: 0.2ms
[2023-11-10T11:50:15.613-0800][76619245ms] GC(23094) Eden regions: 184->0(184)
[2023-11-10T11:50:15.613-0800][76619245ms] GC(23094) Survivor regions: 1->1(24)
[2023-11-10T11:50:15.613-0800][76619245ms] GC(23094) Old regions: 1428->1428
[2023-11-10T11:50:15.613-0800][76619245ms] GC(23094) Humongous regions: 5->5
[2023-11-10T11:50:15.613-0800][76619245ms] GC(23094) Metaspace: 304925K->304925K(1349632K)
[2023-11-10T11:50:15.613-0800][76619245ms] GC(23094) Pause Young (Normal) (G1 Evacuation Pause) 3233M->2865M(3602M) 5.142ms
[2023-11-10T11:50:15.613-0800][76619245ms] GC(23094) User=0.00s Sys=0.00s Real=0.00s
[2023-11-10T11:50:16.040-0800][76619672ms] GC(23095) Pause Young (Normal) (G1 Evacuation Pause)
[2023-11-10T11:50:16.040-0800][76619672ms] GC(23095) Using 10 workers of 10 for evacuation
[2023-11-10T11:50:16.045-0800][76619677ms] GC(23095)   Pre Evacuate Collection Set: 0.1ms
[2023-11-10T11:50:16.045-0800][76619677ms] GC(23095)   Evacuate Collection Set: 1.8ms
[2023-11-10T11:50:16.045-0800][76619677ms] GC(23095)   Post Evacuate Collection Set: 3.3ms
[2023-11-10T11:50:16.045-0800][76619677ms] GC(23095)   Other: 0.3ms
[2023-11-10T11:50:16.045-0800][76619677ms] GC(23095) Eden regions: 184->0(184)
[2023-11-10T11:50:16.045-0800][76619677ms] GC(23095) Survivor regions: 1->1(24)
[2023-11-10T11:50:16.045-0800][76619677ms] GC(23095) Old regions: 1428->1428
[2023-11-10T11:50:16.045-0800][76619677ms] GC(23095) Humongous regions: 5->5
[2023-11-10T11:50:16.045-0800][76619677ms] GC(23095) Metaspace: 304925K->304925K(1349632K)
[2023-11-10T11:50:16.045-0800][76619677ms] GC(23095) Pause Young (Normal) (G1 Evacuation Pause) 3233M->2865M(3602M) 5.417ms
[2023-11-10T11:50:16.045-0800][76619677ms] GC(23095) User=0.00s Sys=0.00s Real=0.01s
[2023-11-10T11:50:16.505-0800][76620137ms] GC(23096) Pause Young (Normal) (G1 Evacuation Pause)
[2023-11-10T11:50:16.505-0800][76620137ms] GC(23096) Using 10 workers of 10 for evacuation
[2023-11-10T11:50:16.511-0800][76620143ms] GC(23096)   Pre Evacuate Collection Set: 0.0ms
[2023-11-10T11:50:16.511-0800][76620143ms] GC(23096)   Evacuate Collection Set: 1.7ms
[2023-11-10T11:50:16.511-0800][76620143ms] GC(23096)   Post Evacuate Collection Set: 3.8ms
[2023-11-10T11:50:16.511-0800][76620143ms] GC(23096)   Other: 0.3ms
[2023-11-10T11:50:16.511-0800][76620143ms] GC(23096) Eden regions: 184->0(184)
[2023-11-10T11:50:16.511-0800][76620143ms] GC(23096) Survivor regions: 1->1(24)
[2023-11-10T11:50:16.511-0800][76620143ms] GC(23096) Old regions: 1428->1428
[2023-11-10T11:50:16.511-0800][76620143ms] GC(23096) Humongous regions: 5->5
[2023-11-10T11:50:16.511-0800][76620143ms] GC(23096) Metaspace: 304925K->304925K(1349632K)
[2023-11-10T11:50:16.511-0800][76620143ms] GC(23096) Pause Young (Normal) (G1 Evacuation Pause) 3233M->2865M(3602M) 5.951ms
[2023-11-10T11:50:16.512-0800][76620144ms] GC(23096) User=0.05s Sys=0.02s Real=0.01s
[2023-11-10T11:50:16.959-0800][76620591ms] GC(23097) Pause Young (Normal) (G1 Evacuation Pause)
[2023-11-10T11:50:16.959-0800][76620591ms] GC(23097) Using 10 workers of 10 for evacuation
[2023-11-10T11:50:16.965-0800][76620597ms] GC(23097)   Pre Evacuate Collection Set: 0.0ms
[2023-11-10T11:50:16.965-0800][76620597ms] GC(23097)   Evacuate Collection Set: 2.1ms
[2023-11-10T11:50:16.965-0800][76620597ms] GC(23097)   Post Evacuate Collection Set: 3.8ms
[2023-11-10T11:50:16.965-0800][76620597ms] GC(23097)   Other: 0.3ms
[2023-11-10T11:50:16.965-0800][76620597ms] GC(23097) Eden regions: 184->0(184)
[2023-11-10T11:50:16.966-0800][76620598ms] GC(23097) Survivor regions: 1->1(24)
[2023-11-10T11:50:16.966-0800][76620598ms] GC(23097) Old regions: 1428->1428
[2023-11-10T11:50:16.966-0800][76620598ms] GC(23097) Humongous regions: 5->5
[2023-11-10T11:50:16.966-0800][76620598ms] GC(23097) Metaspace: 304925K->304925K(1349632K)
[2023-11-10T11:50:16.966-0800][76620598ms] GC(23097) Pause Young (Normal) (G1 Evacuation Pause) 3233M->2865M(3602M) 6.371ms
[2023-11-10T11:50:16.966-0800][76620598ms] GC(23097) User=0.08s Sys=0.00s Real=0.01s
[2023-11-10T11:50:17.428-0800][76621060ms] GC(23098) Pause Young (Normal) (G1 Evacuation Pause)
[2023-11-10T11:50:17.428-0800][76621060ms] GC(23098) Using 10 workers of 10 for evacuation
[2023-11-10T11:50:17.434-0800][76621066ms] GC(23098)   Pre Evacuate Collection Set: 0.0ms
[2023-11-10T11:50:17.434-0800][76621066ms] GC(23098)   Evacuate Collection Set: 1.6ms
[2023-11-10T11:50:17.434-0800][76621066ms] GC(23098)   Post Evacuate Collection Set: 3.7ms
[2023-11-10T11:50:17.434-0800][76621066ms] GC(23098)   Other: 0.3ms
[2023-11-10T11:50:17.434-0800][76621066ms] GC(23098) Eden regions: 184->0(184)
[2023-11-10T11:50:17.434-0800][76621066ms] GC(23098) Survivor regions: 1->1(24)
[2023-11-10T11:50:17.434-0800][76621066ms] GC(23098) Old regions: 1428->1428
[2023-11-10T11:50:17.434-0800][76621066ms] GC(23098) Humongous regions: 5->5
[2023-11-10T11:50:17.434-0800][76621066ms] GC(23098) Metaspace: 304925K->304925K(1349632K)
[2023-11-10T11:50:17.434-0800][76621066ms] GC(23098) Pause Young (Normal) (G1 Evacuation Pause) 3233M->2865M(3602M) 5.818ms
[2023-11-10T11:50:17.434-0800][76621066ms] GC(23098) User=0.08s Sys=0.00s Real=0.01s
[2023-11-10T11:50:17.836-0800][76621468ms] GC(23099) Pause Young (Normal) (G1 Evacuation Pause)
[2023-11-10T11:50:17.836-0800][76621468ms] GC(23099) Using 10 workers of 10 for evacuation
[2023-11-10T11:50:17.842-0800][76621474ms] GC(23099)   Pre Evacuate Collection Set: 0.1ms
[2023-11-10T11:50:17.842-0800][76621474ms] GC(23099)   Evacuate Collection Set: 2.3ms
[2023-11-10T11:50:17.842-0800][76621474ms] GC(23099)   Post Evacuate Collection Set: 3.8ms
[2023-11-10T11:50:17.842-0800][76621474ms] GC(23099)   Other: 0.3ms
[2023-11-10T11:50:17.842-0800][76621474ms] GC(23099) Eden regions: 184->0(184)
[2023-11-10T11:50:17.842-0800][76621474ms] GC(23099) Survivor regions: 1->1(24)
[2023-11-10T11:50:17.842-0800][76621474ms] GC(23099) Old regions: 1428->1428
[2023-11-10T11:50:17.842-0800][76621474ms] GC(23099) Humongous regions: 5->5
[2023-11-10T11:50:17.842-0800][76621474ms] GC(23099) Metaspace: 304925K->304925K(1349632K)
[2023-11-10T11:50:17.842-0800][76621474ms] GC(23099) Pause Young (Normal) (G1 Evacuation Pause) 3233M->2865M(3602M) 6.634ms
[2023-11-10T11:50:17.842-0800][76621474ms] GC(23099) User=0.00s Sys=0.00s Real=0.01s
[2023-11-10T11:50:18.310-0800][76621942ms] GC(23100) Pause Young (Normal) (G1 Evacuation Pause)
[2023-11-10T11:50:18.310-0800][76621942ms] GC(23100) Using 10 workers of 10 for evacuation
[2023-11-10T11:50:18.317-0800][76621949ms] GC(23100)   Pre Evacuate Collection Set: 0.1ms
[2023-11-10T11:50:18.317-0800][76621949ms] GC(23100)   Evacuate Collection Set: 2.3ms
[2023-11-10T11:50:18.317-0800][76621949ms] GC(23100)   Post Evacuate Collection Set: 4.0ms
[2023-11-10T11:50:18.317-0800][76621949ms] GC(23100)   Other: 0.3ms
[2023-11-10T11:50:18.317-0800][76621949ms] GC(23100) Eden regions: 184->0(184)
[2023-11-10T11:50:18.317-0800][76621949ms] GC(23100) Survivor regions: 1->1(24)
[2023-11-10T11:50:18.317-0800][76621949ms] GC(23100) Old regions: 1428->1428
[2023-11-10T11:50:18.317-0800][76621949ms] GC(23100) Humongous regions: 5->5
[2023-11-10T11:50:18.317-0800][76621949ms] GC(23100) Metaspace: 304925K->304925K(1349632K)
[2023-11-10T11:50:18.317-0800][76621949ms] GC(23100) Pause Young (Normal) (G1 Evacuation Pause) 3233M->2865M(3602M) 6.747ms
[2023-11-10T11:50:18.317-0800][76621949ms] GC(23100) User=0.00s Sys=0.00s Real=0.01s
[2023-11-10T11:50:18.740-0800][76622372ms] GC(23101) Pause Young (Normal) (G1 Evacuation Pause)
[2023-11-10T11:50:18.740-0800][76622372ms] GC(23101) Using 10 workers of 10 for evacuation
[2023-11-10T11:50:18.747-0800][76622379ms] GC(23101)   Pre Evacuate Collection Set: 0.0ms
[2023-11-10T11:50:18.747-0800][76622379ms] GC(23101)   Evacuate Collection Set: 1.8ms
[2023-11-10T11:50:18.747-0800][76622379ms] GC(23101)   Post Evacuate Collection Set: 3.6ms
[2023-11-10T11:50:18.747-0800][76622379ms] GC(23101)   Other: 0.4ms
[2023-11-10T11:50:18.747-0800][76622379ms] GC(23101) Eden regions: 184->0(184)
[2023-11-10T11:50:18.747-0800][76622379ms] GC(23101) Survivor regions: 1->1(24)
[2023-11-10T11:50:18.747-0800][76622379ms] GC(23101) Old regions: 1428->1428
[2023-11-10T11:50:18.747-0800][76622379ms] GC(23101) Humongous regions: 5->5
[2023-11-10T11:50:18.747-0800][76622379ms] GC(23101) Metaspace: 304925K->304925K(1349632K)
[2023-11-10T11:50:18.747-0800][76622379ms] GC(23101) Pause Young (Normal) (G1 Evacuation Pause) 3233M->2865M(3602M) 5.956ms
[2023-11-10T11:50:18.747-0800][76622379ms] GC(23101) User=0.11s Sys=0.00s Real=0.01s
[2023-11-10T11:50:19.278-0800][76622910ms] GC(23102) Pause Young (Normal) (G1 Evacuation Pause)
[2023-11-10T11:50:19.278-0800][76622910ms] GC(23102) Using 10 workers of 10 for evacuation
[2023-11-10T11:50:19.286-0800][76622918ms] GC(23102)   Pre Evacuate Collection Set: 0.1ms
[2023-11-10T11:50:19.286-0800][76622918ms] GC(23102)   Evacuate Collection Set: 2.2ms
[2023-11-10T11:50:19.286-0800][76622918ms] GC(23102)   Post Evacuate Collection Set: 4.8ms
[2023-11-10T11:50:19.286-0800][76622918ms] GC(23102)   Other: 0.3ms
[2023-11-10T11:50:19.286-0800][76622918ms] GC(23102) Eden regions: 184->0(184)
[2023-11-10T11:50:19.286-0800][76622918ms] GC(23102) Survivor regions: 1->1(24)
[2023-11-10T11:50:19.286-0800][76622918ms] GC(23102) Old regions: 1428->1428
[2023-11-10T11:50:19.286-0800][76622918ms] GC(23102) Humongous regions: 5->5
[2023-11-10T11:50:19.286-0800][76622918ms] GC(23102) Metaspace: 304925K->304925K(1349632K)
[2023-11-10T11:50:19.286-0800][76622918ms] GC(23102) Pause Young (Normal) (G1 Evacuation Pause) 3233M->2865M(3602M) 7.555ms
[2023-11-10T11:50:19.286-0800][76622918ms] GC(23102) User=0.00s Sys=0.00s Real=0.01s
[2023-11-10T11:50:19.844-0800][76623476ms] GC(23103) Pause Young (Normal) (G1 Evacuation Pause)
[2023-11-10T11:50:19.844-0800][76623477ms] GC(23103) Using 10 workers of 10 for evacuation
[2023-11-10T11:50:19.854-0800][76623486ms] GC(23103)   Pre Evacuate Collection Set: 0.1ms
[2023-11-10T11:50:19.854-0800][76623486ms] GC(23103)   Evacuate Collection Set: 2.5ms
[2023-11-10T11:50:19.854-0800][76623486ms] GC(23103)   Post Evacuate Collection Set: 6.3ms
[2023-11-10T11:50:19.854-0800][76623486ms] GC(23103)   Other: 0.4ms
[2023-11-10T11:50:19.854-0800][76623486ms] GC(23103) Eden regions: 184->0(184)
[2023-11-10T11:50:19.854-0800][76623486ms] GC(23103) Survivor regions: 1->1(24)
[2023-11-10T11:50:19.854-0800][76623486ms] GC(23103) Old regions: 1428->1428
[2023-11-10T11:50:19.854-0800][76623486ms] GC(23103) Humongous regions: 5->5
[2023-11-10T11:50:19.854-0800][76623486ms] GC(23103) Metaspace: 304925K->304925K(1349632K)
[2023-11-10T11:50:19.854-0800][76623486ms] GC(23103) Pause Young (Normal) (G1 Evacuation Pause) 3233M->2865M(3602M) 9.502ms
[2023-11-10T11:50:19.854-0800][76623486ms] GC(23103) User=0.00s Sys=0.00s Real=0.01s
[2023-11-10T11:50:20.217-0800][76623849ms] GC(23104) Pause Young (Normal) (G1 Evacuation Pause)
[2023-11-10T11:50:20.217-0800][76623849ms] GC(23104) Using 10 workers of 10 for evacuation
[2023-11-10T11:50:20.224-0800][76623856ms] GC(23104)   Pre Evacuate Collection Set: 0.1ms
[2023-11-10T11:50:20.224-0800][76623856ms] GC(23104)   Evacuate Collection Set: 2.7ms
[2023-11-10T11:50:20.224-0800][76623856ms] GC(23104)   Post Evacuate Collection Set: 3.3ms
[2023-11-10T11:50:20.224-0800][76623856ms] GC(23104)   Other: 0.4ms
[2023-11-10T11:50:20.224-0800][76623856ms] GC(23104) Eden regions: 184->0(184)
[2023-11-10T11:50:20.224-0800][76623856ms] GC(23104) Survivor regions: 1->1(24)
[2023-11-10T11:50:20.224-0800][76623856ms] GC(23104) Old regions: 1428->1428
[2023-11-10T11:50:20.224-0800][76623856ms] GC(23104) Humongous regions: 5->5
[2023-11-10T11:50:20.224-0800][76623856ms] GC(23104) Metaspace: 304925K->304925K(1349632K)
[2023-11-10T11:50:20.224-0800][76623856ms] GC(23104) Pause Young (Normal) (G1 Evacuation Pause) 3233M->2865M(3602M) 6.621ms
[2023-11-10T11:50:20.224-0800][76623856ms] GC(23104) User=0.00s Sys=0.00s Real=0.01s
[2023-11-10T11:50:20.727-0800][76624359ms] GC(23105) Pause Young (Normal) (G1 Evacuation Pause)
[2023-11-10T11:50:20.727-0800][76624359ms] GC(23105) Using 10 workers of 10 for evacuation
[2023-11-10T11:50:20.735-0800][76624367ms] GC(23105)   Pre Evacuate Collection Set: 0.1ms
[2023-11-10T11:50:20.735-0800][76624367ms] GC(23105)   Evacuate Collection Set: 2.7ms
[2023-11-10T11:50:20.735-0800][76624367ms] GC(23105)   Post Evacuate Collection Set: 3.8ms
[2023-11-10T11:50:20.735-0800][76624367ms] GC(23105)   Other: 0.4ms
[2023-11-10T11:50:20.735-0800][76624367ms] GC(23105) Eden regions: 184->0(184)
[2023-11-10T11:50:20.735-0800][76624367ms] GC(23105) Survivor regions: 1->1(24)
[2023-11-10T11:50:20.735-0800][76624367ms] GC(23105) Old regions: 1428->1428
[2023-11-10T11:50:20.735-0800][76624367ms] GC(23105) Humongous regions: 5->5
[2023-11-10T11:50:20.735-0800][76624367ms] GC(23105) Metaspace: 304925K->304925K(1349632K)
[2023-11-10T11:50:20.735-0800][76624367ms] GC(23105) Pause Young (Normal) (G1 Evacuation Pause) 3233M->2865M(3602M) 7.153ms
[2023-11-10T11:50:20.735-0800][76624367ms] GC(23105) User=0.00s Sys=0.00s Real=0.01s
[2023-11-10T11:50:21.144-0800][76624776ms] GC(23106) Pause Young (Normal) (G1 Evacuation Pause)
[2023-11-10T11:50:21.144-0800][76624776ms] GC(23106) Using 10 workers of 10 for evacuation
[2023-11-10T11:50:21.150-0800][76624782ms] GC(23106)   Pre Evacuate Collection Set: 0.0ms
[2023-11-10T11:50:21.150-0800][76624782ms] GC(23106)   Evacuate Collection Set: 1.8ms
[2023-11-10T11:50:21.150-0800][76624782ms] GC(23106)   Post Evacuate Collection Set: 3.8ms
[2023-11-10T11:50:21.150-0800][76624782ms] GC(23106)   Other: 0.3ms
[2023-11-10T11:50:21.150-0800][76624782ms] GC(23106) Eden regions: 184->0(184)
[2023-11-10T11:50:21.150-0800][76624782ms] GC(23106) Survivor regions: 1->1(24)
[2023-11-10T11:50:21.150-0800][76624782ms] GC(23106) Old regions: 1428->1428
[2023-11-10T11:50:21.150-0800][76624782ms] GC(23106) Humongous regions: 5->5
[2023-11-10T11:50:21.150-0800][76624782ms] GC(23106) Metaspace: 304925K->304925K(1349632K)
[2023-11-10T11:50:21.150-0800][76624782ms] GC(23106) Pause Young (Normal) (G1 Evacuation Pause) 3233M->2865M(3602M) 6.082ms
[2023-11-10T11:50:21.150-0800][76624782ms] GC(23106) User=0.00s Sys=0.00s Real=0.01s
[2023-11-10T11:50:21.584-0800][76625216ms] GC(23107) Pause Young (Normal) (G1 Evacuation Pause)
[2023-11-10T11:50:21.584-0800][76625216ms] GC(23107) Using 10 workers of 10 for evacuation
[2023-11-10T11:50:21.590-0800][76625222ms] GC(23107)   Pre Evacuate Collection Set: 0.0ms
[2023-11-10T11:50:21.590-0800][76625222ms] GC(23107)   Evacuate Collection Set: 1.7ms
[2023-11-10T11:50:21.590-0800][76625222ms] GC(23107)   Post Evacuate Collection Set: 3.1ms
[2023-11-10T11:50:21.590-0800][76625222ms] GC(23107)   Other: 0.3ms
[2023-11-10T11:50:21.590-0800][76625222ms] GC(23107) Eden regions: 184->0(184)
[2023-11-10T11:50:21.590-0800][76625222ms] GC(23107) Survivor regions: 1->1(24)
[2023-11-10T11:50:21.590-0800][76625222ms] GC(23107) Old regions: 1428->1428
[2023-11-10T11:50:21.590-0800][76625222ms] GC(23107) Humongous regions: 5->5
[2023-11-10T11:50:21.590-0800][76625222ms] GC(23107) Metaspace: 304925K->304925K(1349632K)
[2023-11-10T11:50:21.590-0800][76625222ms] GC(23107) Pause Young (Normal) (G1 Evacuation Pause) 3233M->2866M(3602M) 5.136ms
[2023-11-10T11:50:21.590-0800][76625222ms] GC(23107) User=0.03s Sys=0.00s Real=0.01s
[2023-11-10T11:50:22.054-0800][76625686ms] GC(23108) Pause Young (Normal) (G1 Evacuation Pause)
[2023-11-10T11:50:22.054-0800][76625686ms] GC(23108) Using 10 workers of 10 for evacuation
[2023-11-10T11:50:22.060-0800][76625692ms] GC(23108)   Pre Evacuate Collection Set: 0.0ms
[2023-11-10T11:50:22.060-0800][76625692ms] GC(23108)   Evacuate Collection Set: 1.7ms
[2023-11-10T11:50:22.060-0800][76625692ms] GC(23108)   Post Evacuate Collection Set: 3.2ms
[2023-11-10T11:50:22.060-0800][76625692ms] GC(23108)   Other: 0.3ms
[2023-11-10T11:50:22.060-0800][76625692ms] GC(23108) Eden regions: 184->0(184)
[2023-11-10T11:50:22.060-0800][76625692ms] GC(23108) Survivor regions: 1->1(24)
[2023-11-10T11:50:22.060-0800][76625692ms] GC(23108) Old regions: 1428->1428
[2023-11-10T11:50:22.060-0800][76625692ms] GC(23108) Humongous regions: 5->5
[2023-11-10T11:50:22.060-0800][76625692ms] GC(23108) Metaspace: 304925K->304925K(1349632K)
[2023-11-10T11:50:22.060-0800][76625692ms] GC(23108) Pause Young (Normal) (G1 Evacuation Pause) 3234M->2865M(3602M) 5.303ms
[2023-11-10T11:50:22.060-0800][76625692ms] GC(23108) User=0.00s Sys=0.00s Real=0.01s
[2023-11-10T11:50:22.494-0800][76626126ms] GC(23109) Pause Young (Normal) (G1 Evacuation Pause)
[2023-11-10T11:50:22.494-0800][76626126ms] GC(23109) Using 10 workers of 10 for evacuation
[2023-11-10T11:50:22.504-0800][76626136ms] GC(23109)   Pre Evacuate Collection Set: 0.0ms
[2023-11-10T11:50:22.504-0800][76626136ms] GC(23109)   Evacuate Collection Set: 1.8ms
[2023-11-10T11:50:22.504-0800][76626136ms] GC(23109)   Post Evacuate Collection Set: 7.2ms
[2023-11-10T11:50:22.504-0800][76626136ms] GC(23109)   Other: 0.3ms
[2023-11-10T11:50:22.504-0800][76626136ms] GC(23109) Eden regions: 184->0(184)
[2023-11-10T11:50:22.504-0800][76626136ms] GC(23109) Survivor regions: 1->1(24)
[2023-11-10T11:50:22.504-0800][76626136ms] GC(23109) Old regions: 1428->1428
[2023-11-10T11:50:22.504-0800][76626136ms] GC(23109) Humongous regions: 5->5
[2023-11-10T11:50:22.504-0800][76626136ms] GC(23109) Metaspace: 304925K->304925K(1349632K)
[2023-11-10T11:50:22.504-0800][76626136ms] GC(23109) Pause Young (Normal) (G1 Evacuation Pause) 3233M->2865M(3602M) 9.448ms
[2023-11-10T11:50:22.504-0800][76626136ms] GC(23109) User=0.00s Sys=0.00s Real=0.01s
[2023-11-10T11:50:22.962-0800][76626594ms] GC(23110) Pause Young (Normal) (G1 Evacuation Pause)
[2023-11-10T11:50:22.962-0800][76626594ms] GC(23110) Using 10 workers of 10 for evacuation
[2023-11-10T11:50:22.969-0800][76626601ms] GC(23110)   Pre Evacuate Collection Set: 0.1ms
[2023-11-10T11:50:22.969-0800][76626601ms] GC(23110)   Evacuate Collection Set: 2.6ms
[2023-11-10T11:50:22.969-0800][76626601ms] GC(23110)   Post Evacuate Collection Set: 4.1ms
[2023-11-10T11:50:22.969-0800][76626601ms] GC(23110)   Other: 0.3ms
[2023-11-10T11:50:22.969-0800][76626601ms] GC(23110) Eden regions: 184->0(184)
[2023-11-10T11:50:22.969-0800][76626601ms] GC(23110) Survivor regions: 1->1(24)
[2023-11-10T11:50:22.969-0800][76626601ms] GC(23110) Old regions: 1428->1428
[2023-11-10T11:50:22.969-0800][76626601ms] GC(23110) Humongous regions: 5->5
[2023-11-10T11:50:22.969-0800][76626601ms] GC(23110) Metaspace: 304926K->304926K(1349632K)
[2023-11-10T11:50:22.969-0800][76626601ms] GC(23110) Pause Young (Normal) (G1 Evacuation Pause) 3233M->2865M(3602M) 7.296ms
[2023-11-10T11:50:22.969-0800][76626601ms] GC(23110) User=0.00s Sys=0.00s Real=0.01s
[2023-11-10T11:50:23.469-0800][76627101ms] GC(23111) Pause Young (Normal) (G1 Evacuation Pause)
[2023-11-10T11:50:23.469-0800][76627101ms] GC(23111) Using 10 workers of 10 for evacuation
[2023-11-10T11:50:23.474-0800][76627106ms] GC(23111)   Pre Evacuate Collection Set: 0.0ms
[2023-11-10T11:50:23.474-0800][76627106ms] GC(23111)   Evacuate Collection Set: 1.7ms
[2023-11-10T11:50:23.474-0800][76627106ms] GC(23111)   Post Evacuate Collection Set: 2.9ms
[2023-11-10T11:50:23.474-0800][76627106ms] GC(23111)   Other: 0.2ms
[2023-11-10T11:50:23.474-0800][76627106ms] GC(23111) Eden regions: 184->0(184)
[2023-11-10T11:50:23.474-0800][76627106ms] GC(23111) Survivor regions: 1->1(24)
[2023-11-10T11:50:23.474-0800][76627106ms] GC(23111) Old regions: 1428->1428
[2023-11-10T11:50:23.474-0800][76627106ms] GC(23111) Humongous regions: 5->5
[2023-11-10T11:50:23.474-0800][76627106ms] GC(23111) Metaspace: 304926K->304926K(1349632K)
[2023-11-10T11:50:23.474-0800][76627106ms] GC(23111) Pause Young (Normal) (G1 Evacuation Pause) 3233M->2865M(3602M) 5.086ms
[2023-11-10T11:50:23.474-0800][76627106ms] GC(23111) User=0.00s Sys=0.00s Real=0.00s
[2023-11-10T11:50:23.923-0800][76627555ms] GC(23112) Pause Young (Normal) (G1 Evacuation Pause)
[2023-11-10T11:50:23.924-0800][76627556ms] GC(23112) Using 10 workers of 10 for evacuation
[2023-11-10T11:50:23.928-0800][76627560ms] GC(23112)   Pre Evacuate Collection Set: 0.0ms
[2023-11-10T11:50:23.928-0800][76627560ms] GC(23112)   Evacuate Collection Set: 1.7ms
[2023-11-10T11:50:23.928-0800][76627560ms] GC(23112)   Post Evacuate Collection Set: 3.0ms
[2023-11-10T11:50:23.928-0800][76627560ms] GC(23112)   Other: 0.3ms
[2023-11-10T11:50:23.929-0800][76627561ms] GC(23112) Eden regions: 184->0(184)
[2023-11-10T11:50:23.929-0800][76627561ms] GC(23112) Survivor regions: 1->1(24)
[2023-11-10T11:50:23.929-0800][76627561ms] GC(23112) Old regions: 1428->1428
[2023-11-10T11:50:23.929-0800][76627561ms] GC(23112) Humongous regions: 5->5
[2023-11-10T11:50:23.929-0800][76627561ms] GC(23112) Metaspace: 304926K->304926K(1349632K)
[2023-11-10T11:50:23.929-0800][76627561ms] GC(23112) Pause Young (Normal) (G1 Evacuation Pause) 3233M->2865M(3602M) 5.119ms
[2023-11-10T11:50:23.929-0800][76627561ms] GC(23112) User=0.00s Sys=0.00s Real=0.01s
[2023-11-10T11:50:24.377-0800][76628009ms] GC(23113) Pause Young (Normal) (G1 Evacuation Pause)
[2023-11-10T11:50:24.377-0800][76628009ms] GC(23113) Using 10 workers of 10 for evacuation
[2023-11-10T11:50:24.382-0800][76628014ms] GC(23113)   Pre Evacuate Collection Set: 0.0ms
[2023-11-10T11:50:24.382-0800][76628014ms] GC(23113)   Evacuate Collection Set: 1.9ms
[2023-11-10T11:50:24.382-0800][76628014ms] GC(23113)   Post Evacuate Collection Set: 3.1ms
[2023-11-10T11:50:24.382-0800][76628014ms] GC(23113)   Other: 0.3ms
[2023-11-10T11:50:24.382-0800][76628014ms] GC(23113) Eden regions: 184->0(184)
[2023-11-10T11:50:24.382-0800][76628014ms] GC(23113) Survivor regions: 1->1(24)
[2023-11-10T11:50:24.382-0800][76628014ms] GC(23113) Old regions: 1428->1428
[2023-11-10T11:50:24.382-0800][76628014ms] GC(23113) Humongous regions: 5->5
[2023-11-10T11:50:24.382-0800][76628014ms] GC(23113) Metaspace: 304926K->304926K(1349632K)
[2023-11-10T11:50:24.382-0800][76628014ms] GC(23113) Pause Young (Normal) (G1 Evacuation Pause) 3233M->2865M(3602M) 5.444ms
[2023-11-10T11:50:24.382-0800][76628014ms] GC(23113) User=0.00s Sys=0.00s Real=0.00s
[2023-11-10T11:50:24.838-0800][76628470ms] GC(23114) Pause Young (Normal) (G1 Evacuation Pause)
[2023-11-10T11:50:24.838-0800][76628470ms] GC(23114) Using 10 workers of 10 for evacuation
[2023-11-10T11:50:24.843-0800][76628475ms] GC(23114)   Pre Evacuate Collection Set: 0.0ms
[2023-11-10T11:50:24.843-0800][76628475ms] GC(23114)   Evacuate Collection Set: 1.7ms
[2023-11-10T11:50:24.843-0800][76628475ms] GC(23114)   Post Evacuate Collection Set: 3.1ms
[2023-11-10T11:50:24.843-0800][76628475ms] GC(23114)   Other: 0.4ms
[2023-11-10T11:50:24.843-0800][76628475ms] GC(23114) Eden regions: 184->0(184)
[2023-11-10T11:50:24.843-0800][76628475ms] GC(23114) Survivor regions: 1->1(24)
[2023-11-10T11:50:24.843-0800][76628475ms] GC(23114) Old regions: 1428->1428
[2023-11-10T11:50:24.843-0800][76628475ms] GC(23114) Humongous regions: 5->5
[2023-11-10T11:50:24.843-0800][76628475ms] GC(23114) Metaspace: 304926K->304926K(1349632K)
[2023-11-10T11:50:24.843-0800][76628475ms] GC(23114) Pause Young (Normal) (G1 Evacuation Pause) 3233M->2865M(3602M) 5.291ms
[2023-11-10T11:50:24.843-0800][76628475ms] GC(23114) User=0.00s Sys=0.00s Real=0.00s
[2023-11-10T11:50:25.323-0800][76628955ms] GC(23115) Pause Young (Normal) (G1 Evacuation Pause)
[2023-11-10T11:50:25.323-0800][76628955ms] GC(23115) Using 10 workers of 10 for evacuation
[2023-11-10T11:50:25.327-0800][76628959ms] GC(23115)   Pre Evacuate Collection Set: 0.0ms
[2023-11-10T11:50:25.327-0800][76628959ms] GC(23115)   Evacuate Collection Set: 1.7ms
[2023-11-10T11:50:25.327-0800][76628959ms] GC(23115)   Post Evacuate Collection Set: 3.4ms
[2023-11-10T11:50:25.327-0800][76628959ms] GC(23115)   Other: 0.3ms
[2023-11-10T11:50:25.327-0800][76628959ms] GC(23115) Eden regions: 184->0(184)
[2023-11-10T11:50:25.327-0800][76628959ms] GC(23115) Survivor regions: 1->1(24)
[2023-11-10T11:50:25.327-0800][76628959ms] GC(23115) Old regions: 1428->1428
[2023-11-10T11:50:25.327-0800][76628959ms] GC(23115) Humongous regions: 5->5
[2023-11-10T11:50:25.327-0800][76628959ms] GC(23115) Metaspace: 304926K->304926K(1349632K)
[2023-11-10T11:50:25.327-0800][76628959ms] GC(23115) Pause Young (Normal) (G1 Evacuation Pause) 3233M->2865M(3602M) 5.493ms
[2023-11-10T11:50:25.327-0800][76628959ms] GC(23115) User=0.00s Sys=0.00s Real=0.00s
[2023-11-10T11:50:25.763-0800][76629395ms] GC(23116) Pause Young (Normal) (G1 Evacuation Pause)
[2023-11-10T11:50:25.763-0800][76629395ms] GC(23116) Using 10 workers of 10 for evacuation
[2023-11-10T11:50:25.768-0800][76629400ms] GC(23116)   Pre Evacuate Collection Set: 0.1ms
[2023-11-10T11:50:25.768-0800][76629400ms] GC(23116)   Evacuate Collection Set: 1.8ms
[2023-11-10T11:50:25.768-0800][76629400ms] GC(23116)   Post Evacuate Collection Set: 3.0ms
[2023-11-10T11:50:25.768-0800][76629400ms] GC(23116)   Other: 0.3ms
[2023-11-10T11:50:25.768-0800][76629400ms] GC(23116) Eden regions: 184->0(184)
[2023-11-10T11:50:25.769-0800][76629401ms] GC(23116) Survivor regions: 1->1(24)
[2023-11-10T11:50:25.769-0800][76629401ms] GC(23116) Old regions: 1428->1428
[2023-11-10T11:50:25.769-0800][76629401ms] GC(23116) Humongous regions: 5->5
[2023-11-10T11:50:25.769-0800][76629401ms] GC(23116) Metaspace: 304926K->304926K(1349632K)
[2023-11-10T11:50:25.769-0800][76629401ms] GC(23116) Pause Young (Normal) (G1 Evacuation Pause) 3233M->2865M(3602M) 5.402ms
[2023-11-10T11:50:25.769-0800][76629401ms] GC(23116) User=0.00s Sys=0.00s Real=0.01s
[2023-11-10T11:50:26.203-0800][76629835ms] GC(23117) Pause Young (Normal) (G1 Evacuation Pause)
[2023-11-10T11:50:26.203-0800][76629835ms] GC(23117) Using 10 workers of 10 for evacuation
[2023-11-10T11:50:26.209-0800][76629841ms] GC(23117)   Pre Evacuate Collection Set: 0.0ms
[2023-11-10T11:50:26.209-0800][76629841ms] GC(23117)   Evacuate Collection Set: 1.9ms
[2023-11-10T11:50:26.209-0800][76629841ms] GC(23117)   Post Evacuate Collection Set: 4.1ms
[2023-11-10T11:50:26.209-0800][76629841ms] GC(23117)   Other: 0.3ms
[2023-11-10T11:50:26.209-0800][76629841ms] GC(23117) Eden regions: 184->0(184)
[2023-11-10T11:50:26.209-0800][76629841ms] GC(23117) Survivor regions: 1->1(24)
[2023-11-10T11:50:26.209-0800][76629841ms] GC(23117) Old regions: 1428->1428
[2023-11-10T11:50:26.209-0800][76629841ms] GC(23117) Humongous regions: 5->5
[2023-11-10T11:50:26.209-0800][76629841ms] GC(23117) Metaspace: 304926K->304926K(1349632K)
[2023-11-10T11:50:26.209-0800][76629841ms] GC(23117) Pause Young (Normal) (G1 Evacuation Pause) 3233M->2865M(3602M) 6.402ms
[2023-11-10T11:50:26.209-0800][76629841ms] GC(23117) User=0.00s Sys=0.00s Real=0.01s
[2023-11-10T11:50:26.702-0800][76630334ms] GC(23118) Pause Young (Normal) (G1 Evacuation Pause)
[2023-11-10T11:50:26.702-0800][76630334ms] GC(23118) Using 10 workers of 10 for evacuation
[2023-11-10T11:50:26.710-0800][76630342ms] GC(23118)   Pre Evacuate Collection Set: 0.1ms
[2023-11-10T11:50:26.710-0800][76630342ms] GC(23118)   Evacuate Collection Set: 1.9ms
[2023-11-10T11:50:26.710-0800][76630342ms] GC(23118)   Post Evacuate Collection Set: 5.0ms
[2023-11-10T11:50:26.710-0800][76630342ms] GC(23118)   Other: 0.4ms
[2023-11-10T11:50:26.710-0800][76630342ms] GC(23118) Eden regions: 184->0(184)
[2023-11-10T11:50:26.710-0800][76630342ms] GC(23118) Survivor regions: 1->1(24)
[2023-11-10T11:50:26.710-0800][76630342ms] GC(23118) Old regions: 1428->1428
[2023-11-10T11:50:26.710-0800][76630342ms] GC(23118) Humongous regions: 5->5
[2023-11-10T11:50:26.710-0800][76630342ms] GC(23118) Metaspace: 304926K->304926K(1349632K)
[2023-11-10T11:50:26.710-0800][76630342ms] GC(23118) Pause Young (Normal) (G1 Evacuation Pause) 3233M->2865M(3602M) 7.542ms
[2023-11-10T11:50:26.710-0800][76630342ms] GC(23118) User=0.00s Sys=0.00s Real=0.01s
[2023-11-10T11:50:27.099-0800][76630731ms] GC(23119) Pause Young (Normal) (G1 Evacuation Pause)
[2023-11-10T11:50:27.099-0800][76630731ms] GC(23119) Using 10 workers of 10 for evacuation
[2023-11-10T11:50:27.108-0800][76630740ms] GC(23119)   Pre Evacuate Collection Set: 0.1ms
[2023-11-10T11:50:27.108-0800][76630740ms] GC(23119)   Evacuate Collection Set: 2.2ms
[2023-11-10T11:50:27.108-0800][76630740ms] GC(23119)   Post Evacuate Collection Set: 5.7ms
[2023-11-10T11:50:27.108-0800][76630740ms] GC(23119)   Other: 0.4ms
[2023-11-10T11:50:27.108-0800][76630740ms] GC(23119) Eden regions: 184->0(184)
[2023-11-10T11:50:27.108-0800][76630740ms] GC(23119) Survivor regions: 1->1(24)
[2023-11-10T11:50:27.108-0800][76630740ms] GC(23119) Old regions: 1428->1428
[2023-11-10T11:50:27.108-0800][76630740ms] GC(23119) Humongous regions: 5->5
[2023-11-10T11:50:27.108-0800][76630740ms] GC(23119) Metaspace: 304926K->304926K(1349632K)
[2023-11-10T11:50:27.108-0800][76630740ms] GC(23119) Pause Young (Normal) (G1 Evacuation Pause) 3233M->2867M(3602M) 8.495ms
[2023-11-10T11:50:27.108-0800][76630740ms] GC(23119) User=0.08s Sys=0.00s Real=0.01s
[2023-11-10T11:50:27.613-0800][76631245ms] GC(23120) Pause Young (Normal) (G1 Evacuation Pause)
[2023-11-10T11:50:27.613-0800][76631245ms] GC(23120) Using 10 workers of 10 for evacuation
[2023-11-10T11:50:27.618-0800][76631250ms] GC(23120)   Pre Evacuate Collection Set: 0.1ms
[2023-11-10T11:50:27.618-0800][76631250ms] GC(23120)   Evacuate Collection Set: 2.4ms
[2023-11-10T11:50:27.618-0800][76631250ms] GC(23120)   Post Evacuate Collection Set: 3.3ms
[2023-11-10T11:50:27.618-0800][76631250ms] GC(23120)   Other: 0.3ms
[2023-11-10T11:50:27.618-0800][76631250ms] GC(23120) Eden regions: 184->0(184)
[2023-11-10T11:50:27.618-0800][76631250ms] GC(23120) Survivor regions: 1->1(24)
[2023-11-10T11:50:27.618-0800][76631250ms] GC(23120) Old regions: 1428->1428
[2023-11-10T11:50:27.618-0800][76631250ms] GC(23120) Humongous regions: 5->5
[2023-11-10T11:50:27.618-0800][76631250ms] GC(23120) Metaspace: 304928K->304928K(1349632K)
[2023-11-10T11:50:27.618-0800][76631250ms] GC(23120) Pause Young (Normal) (G1 Evacuation Pause) 3235M->2866M(3602M) 6.117ms
[2023-11-10T11:50:27.618-0800][76631250ms] GC(23120) User=0.02s Sys=0.00s Real=0.01s
[2023-11-10T11:50:28.085-0800][76631717ms] GC(23121) Pause Young (Normal) (G1 Evacuation Pause)
[2023-11-10T11:50:28.086-0800][76631718ms] GC(23121) Using 10 workers of 10 for evacuation
[2023-11-10T11:50:28.091-0800][76631723ms] GC(23121)   Pre Evacuate Collection Set: 0.0ms
[2023-11-10T11:50:28.091-0800][76631723ms] GC(23121)   Evacuate Collection Set: 1.6ms
[2023-11-10T11:50:28.091-0800][76631723ms] GC(23121)   Post Evacuate Collection Set: 3.3ms
[2023-11-10T11:50:28.091-0800][76631723ms] GC(23121)   Other: 0.3ms
[2023-11-10T11:50:28.091-0800][76631723ms] GC(23121) Eden regions: 184->0(184)
[2023-11-10T11:50:28.091-0800][76631723ms] GC(23121) Survivor regions: 1->1(24)
[2023-11-10T11:50:28.091-0800][76631723ms] GC(23121) Old regions: 1428->1428
[2023-11-10T11:50:28.091-0800][76631723ms] GC(23121) Humongous regions: 5->5
[2023-11-10T11:50:28.091-0800][76631723ms] GC(23121) Metaspace: 304928K->304928K(1349632K)
[2023-11-10T11:50:28.091-0800][76631723ms] GC(23121) Pause Young (Normal) (G1 Evacuation Pause) 3234M->2866M(3602M) 5.311ms
[2023-11-10T11:50:28.091-0800][76631723ms] GC(23121) User=0.00s Sys=0.00s Real=0.01s
[2023-11-10T11:50:28.554-0800][76632186ms] GC(23122) Pause Young (Normal) (G1 Evacuation Pause)
[2023-11-10T11:50:28.554-0800][76632186ms] GC(23122) Using 10 workers of 10 for evacuation
[2023-11-10T11:50:28.559-0800][76632191ms] GC(23122)   Pre Evacuate Collection Set: 0.1ms
[2023-11-10T11:50:28.559-0800][76632191ms] GC(23122)   Evacuate Collection Set: 1.8ms
[2023-11-10T11:50:28.559-0800][76632191ms] GC(23122)   Post Evacuate Collection Set: 3.1ms
[2023-11-10T11:50:28.559-0800][76632191ms] GC(23122)   Other: 0.3ms
[2023-11-10T11:50:28.559-0800][76632191ms] GC(23122) Eden regions: 184->0(184)
[2023-11-10T11:50:28.559-0800][76632191ms] GC(23122) Survivor regions: 1->1(24)
[2023-11-10T11:50:28.559-0800][76632191ms] GC(23122) Old regions: 1428->1428
[2023-11-10T11:50:28.559-0800][76632191ms] GC(23122) Humongous regions: 5->5
[2023-11-10T11:50:28.559-0800][76632191ms] GC(23122) Metaspace: 304928K->304928K(1349632K)
[2023-11-10T11:50:28.559-0800][76632191ms] GC(23122) Pause Young (Normal) (G1 Evacuation Pause) 3234M->2865M(3602M) 5.378ms
[2023-11-10T11:50:28.559-0800][76632191ms] GC(23122) User=0.00s Sys=0.00s Real=0.01s
[2023-11-10T11:50:28.983-0800][76632615ms] GC(23123) Pause Young (Normal) (G1 Evacuation Pause)
[2023-11-10T11:50:28.983-0800][76632615ms] GC(23123) Using 10 workers of 10 for evacuation
[2023-11-10T11:50:28.989-0800][76632621ms] GC(23123)   Pre Evacuate Collection Set: 0.1ms
[2023-11-10T11:50:28.989-0800][76632621ms] GC(23123)   Evacuate Collection Set: 2.2ms
[2023-11-10T11:50:28.989-0800][76632621ms] GC(23123)   Post Evacuate Collection Set: 3.0ms
[2023-11-10T11:50:28.989-0800][76632621ms] GC(23123)   Other: 0.3ms
[2023-11-10T11:50:28.989-0800][76632621ms] GC(23123) Eden regions: 184->0(184)
[2023-11-10T11:50:28.989-0800][76632621ms] GC(23123) Survivor regions: 1->1(24)
[2023-11-10T11:50:28.989-0800][76632621ms] GC(23123) Old regions: 1428->1428
[2023-11-10T11:50:28.989-0800][76632621ms] GC(23123) Humongous regions: 5->5
[2023-11-10T11:50:28.989-0800][76632621ms] GC(23123) Metaspace: 304928K->304928K(1349632K)
[2023-11-10T11:50:28.989-0800][76632621ms] GC(23123) Pause Young (Normal) (G1 Evacuation Pause) 3233M->2865M(3602M) 5.745ms
[2023-11-10T11:50:28.989-0800][76632621ms] GC(23123) User=0.00s Sys=0.00s Real=0.01s
[2023-11-10T11:50:29.483-0800][76633115ms] GC(23124) Pause Young (Normal) (G1 Evacuation Pause)
[2023-11-10T11:50:29.483-0800][76633115ms] GC(23124) Using 10 workers of 10 for evacuation
[2023-11-10T11:50:29.490-0800][76633122ms] GC(23124)   Pre Evacuate Collection Set: 0.1ms
[2023-11-10T11:50:29.490-0800][76633122ms] GC(23124)   Evacuate Collection Set: 2.3ms
[2023-11-10T11:50:29.490-0800][76633122ms] GC(23124)   Post Evacuate Collection Set: 4.6ms
[2023-11-10T11:50:29.491-0800][76633123ms] GC(23124)   Other: 0.4ms
[2023-11-10T11:50:29.491-0800][76633123ms] GC(23124) Eden regions: 184->0(185)
[2023-11-10T11:50:29.491-0800][76633123ms] GC(23124) Survivor regions: 1->1(24)
[2023-11-10T11:50:29.491-0800][76633123ms] GC(23124) Old regions: 1428->1428
[2023-11-10T11:50:29.491-0800][76633123ms] GC(23124) Humongous regions: 5->5
[2023-11-10T11:50:29.491-0800][76633123ms] GC(23124) Metaspace: 304928K->304928K(1349632K)
[2023-11-10T11:50:29.491-0800][76633123ms] GC(23124) Pause Young (Normal) (G1 Evacuation Pause) 3233M->2865M(3602M) 7.610ms
[2023-11-10T11:50:29.491-0800][76633123ms] GC(23124) User=0.00s Sys=0.00s Real=0.01s
[2023-11-10T11:50:29.972-0800][76633604ms] GC(23125) Pause Young (Normal) (G1 Evacuation Pause)
[2023-11-10T11:50:29.972-0800][76633604ms] GC(23125) Using 10 workers of 10 for evacuation
[2023-11-10T11:50:29.979-0800][76633611ms] GC(23125)   Pre Evacuate Collection Set: 0.1ms
[2023-11-10T11:50:29.979-0800][76633611ms] GC(23125)   Evacuate Collection Set: 2.1ms
[2023-11-10T11:50:29.979-0800][76633611ms] GC(23125)   Post Evacuate Collection Set: 4.1ms
[2023-11-10T11:50:29.979-0800][76633611ms] GC(23125)   Other: 0.5ms
[2023-11-10T11:50:29.979-0800][76633611ms] GC(23125) Eden regions: 185->0(185)
[2023-11-10T11:50:29.979-0800][76633611ms] GC(23125) Survivor regions: 1->1(24)
[2023-11-10T11:50:29.979-0800][76633611ms] GC(23125) Old regions: 1428->1428
[2023-11-10T11:50:29.979-0800][76633611ms] GC(23125) Humongous regions: 5->5
[2023-11-10T11:50:29.979-0800][76633611ms] GC(23125) Metaspace: 304928K->304928K(1349632K)
[2023-11-10T11:50:29.979-0800][76633611ms] GC(23125) Pause Young (Normal) (G1 Evacuation Pause) 3235M->2865M(3602M) 6.854ms
[2023-11-10T11:50:29.979-0800][76633611ms] GC(23125) User=0.00s Sys=0.00s Real=0.01s
[2023-11-10T11:50:30.568-0800][76634200ms] GC(23126) Pause Young (Normal) (G1 Evacuation Pause)
[2023-11-10T11:50:30.568-0800][76634200ms] GC(23126) Using 10 workers of 10 for evacuation
[2023-11-10T11:50:30.576-0800][76634208ms] GC(23126)   Pre Evacuate Collection Set: 0.1ms
[2023-11-10T11:50:30.576-0800][76634208ms] GC(23126)   Evacuate Collection Set: 2.3ms
[2023-11-10T11:50:30.576-0800][76634208ms] GC(23126)   Post Evacuate Collection Set: 5.2ms
[2023-11-10T11:50:30.576-0800][76634208ms] GC(23126)   Other: 0.5ms
[2023-11-10T11:50:30.576-0800][76634208ms] GC(23126) Eden regions: 185->0(185)
[2023-11-10T11:50:30.576-0800][76634208ms] GC(23126) Survivor regions: 1->1(24)
[2023-11-10T11:50:30.576-0800][76634208ms] GC(23126) Old regions: 1428->1428
[2023-11-10T11:50:30.576-0800][76634208ms] GC(23126) Humongous regions: 5->5
[2023-11-10T11:50:30.576-0800][76634208ms] GC(23126) Metaspace: 304928K->304928K(1349632K)
[2023-11-10T11:50:30.576-0800][76634208ms] GC(23126) Pause Young (Normal) (G1 Evacuation Pause) 3235M->2865M(3602M) 8.285ms
[2023-11-10T11:50:30.576-0800][76634208ms] GC(23126) User=0.05s Sys=0.00s Real=0.01s
[2023-11-10T11:50:31.085-0800][76634717ms] GC(23127) Pause Young (Normal) (G1 Evacuation Pause)
[2023-11-10T11:50:31.085-0800][76634717ms] GC(23127) Using 10 workers of 10 for evacuation
[2023-11-10T11:50:31.090-0800][76634722ms] GC(23127)   Pre Evacuate Collection Set: 0.0ms
[2023-11-10T11:50:31.090-0800][76634722ms] GC(23127)   Evacuate Collection Set: 1.7ms
[2023-11-10T11:50:31.090-0800][76634722ms] GC(23127)   Post Evacuate Collection Set: 3.1ms
[2023-11-10T11:50:31.090-0800][76634722ms] GC(23127)   Other: 0.2ms
[2023-11-10T11:50:31.090-0800][76634722ms] GC(23127) Eden regions: 185->0(185)
[2023-11-10T11:50:31.090-0800][76634722ms] GC(23127) Survivor regions: 1->1(24)
[2023-11-10T11:50:31.090-0800][76634722ms] GC(23127) Old regions: 1428->1428
[2023-11-10T11:50:31.090-0800][76634722ms] GC(23127) Humongous regions: 5->5
[2023-11-10T11:50:31.090-0800][76634722ms] GC(23127) Metaspace: 304929K->304929K(1349632K)
[2023-11-10T11:50:31.090-0800][76634722ms] GC(23127) Pause Young (Normal) (G1 Evacuation Pause) 3235M->2865M(3602M) 5.182ms
[2023-11-10T11:50:31.090-0800][76634722ms] GC(23127) User=0.06s Sys=0.00s Real=0.00s
[2023-11-10T11:50:31.554-0800][76635186ms] GC(23128) Pause Young (Normal) (G1 Evacuation Pause)
[2023-11-10T11:50:31.554-0800][76635186ms] GC(23128) Using 10 workers of 10 for evacuation
[2023-11-10T11:50:31.559-0800][76635191ms] GC(23128)   Pre Evacuate Collection Set: 0.0ms
[2023-11-10T11:50:31.559-0800][76635191ms] GC(23128)   Evacuate Collection Set: 1.6ms
[2023-11-10T11:50:31.559-0800][76635191ms] GC(23128)   Post Evacuate Collection Set: 3.2ms
[2023-11-10T11:50:31.559-0800][76635191ms] GC(23128)   Other: 0.3ms
[2023-11-10T11:50:31.559-0800][76635191ms] GC(23128) Eden regions: 185->0(185)
[2023-11-10T11:50:31.559-0800][76635191ms] GC(23128) Survivor regions: 1->1(24)
[2023-11-10T11:50:31.559-0800][76635191ms] GC(23128) Old regions: 1428->1428
[2023-11-10T11:50:31.559-0800][76635191ms] GC(23128) Humongous regions: 5->5
[2023-11-10T11:50:31.559-0800][76635191ms] GC(23128) Metaspace: 304930K->304930K(1349632K)
[2023-11-10T11:50:31.559-0800][76635191ms] GC(23128) Pause Young (Normal) (G1 Evacuation Pause) 3235M->2866M(3602M) 5.241ms
[2023-11-10T11:50:31.559-0800][76635191ms] GC(23128) User=0.00s Sys=0.00s Real=0.01s
[2023-11-10T11:50:32.031-0800][76635663ms] GC(23129) Pause Young (Normal) (G1 Evacuation Pause)
[2023-11-10T11:50:32.031-0800][76635663ms] GC(23129) Using 10 workers of 10 for evacuation
[2023-11-10T11:50:32.049-0800][76635681ms] GC(23129)   Pre Evacuate Collection Set: 0.0ms
[2023-11-10T11:50:32.049-0800][76635681ms] GC(23129)   Evacuate Collection Set: 1.7ms
[2023-11-10T11:50:32.049-0800][76635681ms] GC(23129)   Post Evacuate Collection Set: 16.1ms
[2023-11-10T11:50:32.049-0800][76635681ms] GC(23129)   Other: 0.3ms
[2023-11-10T11:50:32.049-0800][76635681ms] GC(23129) Eden regions: 185->0(185)
[2023-11-10T11:50:32.049-0800][76635681ms] GC(23129) Survivor regions: 1->1(24)
[2023-11-10T11:50:32.049-0800][76635681ms] GC(23129) Old regions: 1428->1428
[2023-11-10T11:50:32.049-0800][76635681ms] GC(23129) Humongous regions: 5->5
[2023-11-10T11:50:32.049-0800][76635681ms] GC(23129) Metaspace: 304930K->304930K(1349632K)
[2023-11-10T11:50:32.049-0800][76635681ms] GC(23129) Pause Young (Normal) (G1 Evacuation Pause) 3236M->2866M(3602M) 18.176ms
[2023-11-10T11:50:32.049-0800][76635681ms] GC(23129) User=0.00s Sys=0.00s Real=0.02s
[2023-11-10T11:50:32.514-0800][76636146ms] GC(23130) Pause Young (Normal) (G1 Evacuation Pause)
[2023-11-10T11:50:32.514-0800][76636146ms] GC(23130) Using 10 workers of 10 for evacuation
[2023-11-10T11:50:32.518-0800][76636150ms] GC(23130)   Pre Evacuate Collection Set: 0.0ms
[2023-11-10T11:50:32.518-0800][76636150ms] GC(23130)   Evacuate Collection Set: 1.6ms
[2023-11-10T11:50:32.518-0800][76636150ms] GC(23130)   Post Evacuate Collection Set: 3.0ms
[2023-11-10T11:50:32.518-0800][76636150ms] GC(23130)   Other: 0.2ms
[2023-11-10T11:50:32.518-0800][76636150ms] GC(23130) Eden regions: 185->0(185)
[2023-11-10T11:50:32.518-0800][76636150ms] GC(23130) Survivor regions: 1->1(24)
[2023-11-10T11:50:32.518-0800][76636150ms] GC(23130) Old regions: 1428->1428
[2023-11-10T11:50:32.518-0800][76636150ms] GC(23130) Humongous regions: 5->5
[2023-11-10T11:50:32.518-0800][76636150ms] GC(23130) Metaspace: 304930K->304930K(1349632K)
[2023-11-10T11:50:32.518-0800][76636150ms] GC(23130) Pause Young (Normal) (G1 Evacuation Pause) 3236M->2866M(3602M) 4.988ms
[2023-11-10T11:50:32.518-0800][76636150ms] GC(23130) User=0.00s Sys=0.00s Real=0.00s
[2023-11-10T11:50:32.920-0800][76636552ms] GC(23131) Pause Young (Normal) (G1 Evacuation Pause)
[2023-11-10T11:50:32.920-0800][76636552ms] GC(23131) Using 10 workers of 10 for evacuation
[2023-11-10T11:50:32.924-0800][76636556ms] GC(23131)   Pre Evacuate Collection Set: 0.0ms
[2023-11-10T11:50:32.924-0800][76636556ms] GC(23131)   Evacuate Collection Set: 1.7ms
[2023-11-10T11:50:32.924-0800][76636556ms] GC(23131)   Post Evacuate Collection Set: 3.2ms
[2023-11-10T11:50:32.924-0800][76636556ms] GC(23131)   Other: 0.3ms
[2023-11-10T11:50:32.924-0800][76636556ms] GC(23131) Eden regions: 185->0(185)
[2023-11-10T11:50:32.924-0800][76636556ms] GC(23131) Survivor regions: 1->1(24)
[2023-11-10T11:50:32.924-0800][76636556ms] GC(23131) Old regions: 1428->1428
[2023-11-10T11:50:32.924-0800][76636556ms] GC(23131) Humongous regions: 5->5
[2023-11-10T11:50:32.924-0800][76636556ms] GC(23131) Metaspace: 304930K->304930K(1349632K)
[2023-11-10T11:50:32.924-0800][76636556ms] GC(23131) Pause Young (Normal) (G1 Evacuation Pause) 3236M->2866M(3602M) 5.269ms
[2023-11-10T11:50:32.924-0800][76636556ms] GC(23131) User=0.00s Sys=0.00s Real=0.00s
[2023-11-10T11:50:33.349-0800][76636981ms] GC(23132) Pause Young (Normal) (G1 Evacuation Pause)
[2023-11-10T11:50:33.350-0800][76636982ms] GC(23132) Using 10 workers of 10 for evacuation
[2023-11-10T11:50:33.355-0800][76636987ms] GC(23132)   Pre Evacuate Collection Set: 0.0ms
[2023-11-10T11:50:33.355-0800][76636987ms] GC(23132)   Evacuate Collection Set: 1.7ms
[2023-11-10T11:50:33.355-0800][76636987ms] GC(23132)   Post Evacuate Collection Set: 4.0ms
[2023-11-10T11:50:33.355-0800][76636987ms] GC(23132)   Other: 0.3ms
[2023-11-10T11:50:33.355-0800][76636987ms] GC(23132) Eden regions: 185->0(185)
[2023-11-10T11:50:33.355-0800][76636987ms] GC(23132) Survivor regions: 1->1(24)
[2023-11-10T11:50:33.355-0800][76636987ms] GC(23132) Old regions: 1428->1428
[2023-11-10T11:50:33.355-0800][76636987ms] GC(23132) Humongous regions: 5->5
[2023-11-10T11:50:33.355-0800][76636987ms] GC(23132) Metaspace: 304930K->304930K(1349632K)
[2023-11-10T11:50:33.355-0800][76636987ms] GC(23132) Pause Young (Normal) (G1 Evacuation Pause) 3236M->2866M(3602M) 6.196ms
[2023-11-10T11:50:33.355-0800][76636987ms] GC(23132) User=0.08s Sys=0.00s Real=0.01s
[2023-11-10T11:50:33.830-0800][76637462ms] GC(23133) Pause Young (Normal) (G1 Evacuation Pause)
[2023-11-10T11:50:33.830-0800][76637462ms] GC(23133) Using 10 workers of 10 for evacuation
[2023-11-10T11:50:33.836-0800][76637468ms] GC(23133)   Pre Evacuate Collection Set: 0.0ms
[2023-11-10T11:50:33.836-0800][76637468ms] GC(23133)   Evacuate Collection Set: 2.3ms
[2023-11-10T11:50:33.836-0800][76637468ms] GC(23133)   Post Evacuate Collection Set: 3.3ms
[2023-11-10T11:50:33.836-0800][76637468ms] GC(23133)   Other: 0.3ms
[2023-11-10T11:50:33.836-0800][76637468ms] GC(23133) Eden regions: 185->0(185)
[2023-11-10T11:50:33.836-0800][76637468ms] GC(23133) Survivor regions: 1->1(24)
[2023-11-10T11:50:33.836-0800][76637468ms] GC(23133) Old regions: 1428->1428
[2023-11-10T11:50:33.836-0800][76637468ms] GC(23133) Humongous regions: 5->5
[2023-11-10T11:50:33.836-0800][76637468ms] GC(23133) Metaspace: 304930K->304930K(1349632K)
[2023-11-10T11:50:33.836-0800][76637468ms] GC(23133) Pause Young (Normal) (G1 Evacuation Pause) 3236M->2866M(3602M) 6.023ms
[2023-11-10T11:50:33.836-0800][76637468ms] GC(23133) User=0.00s Sys=0.00s Real=0.01s
[2023-11-10T11:50:34.313-0800][76637945ms] GC(23134) Pause Young (Normal) (G1 Evacuation Pause)
[2023-11-10T11:50:34.313-0800][76637945ms] GC(23134) Using 10 workers of 10 for evacuation
[2023-11-10T11:50:34.319-0800][76637951ms] GC(23134)   Pre Evacuate Collection Set: 0.1ms
[2023-11-10T11:50:34.319-0800][76637951ms] GC(23134)   Evacuate Collection Set: 1.8ms
[2023-11-10T11:50:34.319-0800][76637951ms] GC(23134)   Post Evacuate Collection Set: 3.1ms
[2023-11-10T11:50:34.319-0800][76637951ms] GC(23134)   Other: 0.3ms
[2023-11-10T11:50:34.319-0800][76637951ms] GC(23134) Eden regions: 185->0(185)
[2023-11-10T11:50:34.319-0800][76637951ms] GC(23134) Survivor regions: 1->1(24)
[2023-11-10T11:50:34.319-0800][76637951ms] GC(23134) Old regions: 1428->1428
[2023-11-10T11:50:34.319-0800][76637951ms] GC(23134) Humongous regions: 5->5
[2023-11-10T11:50:34.319-0800][76637951ms] GC(23134) Metaspace: 304930K->304930K(1349632K)
[2023-11-10T11:50:34.319-0800][76637951ms] GC(23134) Pause Young (Normal) (G1 Evacuation Pause) 3236M->2866M(3602M) 5.354ms
[2023-11-10T11:50:34.319-0800][76637951ms] GC(23134) User=0.00s Sys=0.00s Real=0.01s
[2023-11-10T11:50:34.805-0800][76638437ms] GC(23135) Pause Young (Normal) (G1 Evacuation Pause)
[2023-11-10T11:50:34.805-0800][76638437ms] GC(23135) Using 10 workers of 10 for evacuation
[2023-11-10T11:50:34.811-0800][76638443ms] GC(23135)   Pre Evacuate Collection Set: 0.1ms
[2023-11-10T11:50:34.811-0800][76638443ms] GC(23135)   Evacuate Collection Set: 1.7ms
[2023-11-10T11:50:34.811-0800][76638443ms] GC(23135)   Post Evacuate Collection Set: 4.1ms
[2023-11-10T11:50:34.811-0800][76638443ms] GC(23135)   Other: 0.3ms
[2023-11-10T11:50:34.811-0800][76638443ms] GC(23135) Eden regions: 185->0(185)
[2023-11-10T11:50:34.811-0800][76638443ms] GC(23135) Survivor regions: 1->1(24)
[2023-11-10T11:50:34.811-0800][76638443ms] GC(23135) Old regions: 1428->1428
[2023-11-10T11:50:34.811-0800][76638443ms] GC(23135) Humongous regions: 5->5
[2023-11-10T11:50:34.811-0800][76638443ms] GC(23135) Metaspace: 304930K->304930K(1349632K)
[2023-11-10T11:50:34.811-0800][76638443ms] GC(23135) Pause Young (Normal) (G1 Evacuation Pause) 3236M->2866M(3602M) 6.322ms
[2023-11-10T11:50:34.811-0800][76638443ms] GC(23135) User=0.00s Sys=0.00s Real=0.01s
[2023-11-10T11:50:35.288-0800][76638920ms] GC(23136) Pause Young (Normal) (G1 Evacuation Pause)
[2023-11-10T11:50:35.288-0800][76638920ms] GC(23136) Using 10 workers of 10 for evacuation
[2023-11-10T11:50:35.293-0800][76638925ms] GC(23136)   Pre Evacuate Collection Set: 0.0ms
[2023-11-10T11:50:35.293-0800][76638925ms] GC(23136)   Evacuate Collection Set: 1.7ms
[2023-11-10T11:50:35.293-0800][76638925ms] GC(23136)   Post Evacuate Collection Set: 3.4ms
[2023-11-10T11:50:35.293-0800][76638925ms] GC(23136)   Other: 0.3ms
[2023-11-10T11:50:35.293-0800][76638925ms] GC(23136) Eden regions: 185->0(185)
[2023-11-10T11:50:35.293-0800][76638925ms] GC(23136) Survivor regions: 1->1(24)
[2023-11-10T11:50:35.293-0800][76638925ms] GC(23136) Old regions: 1428->1428
[2023-11-10T11:50:35.293-0800][76638925ms] GC(23136) Humongous regions: 5->5
[2023-11-10T11:50:35.293-0800][76638925ms] GC(23136) Metaspace: 304930K->304930K(1349632K)
[2023-11-10T11:50:35.293-0800][76638925ms] GC(23136) Pause Young (Normal) (G1 Evacuation Pause) 3236M->2866M(3602M) 5.508ms
[2023-11-10T11:50:35.294-0800][76638926ms] GC(23136) User=0.00s Sys=0.00s Real=0.01s
[2023-11-10T11:50:35.685-0800][76639317ms] GC(23137) Pause Young (Normal) (G1 Evacuation Pause)
[2023-11-10T11:50:35.685-0800][76639317ms] GC(23137) Using 10 workers of 10 for evacuation
[2023-11-10T11:50:35.689-0800][76639321ms] GC(23137)   Pre Evacuate Collection Set: 0.0ms
[2023-11-10T11:50:35.690-0800][76639322ms] GC(23137)   Evacuate Collection Set: 1.6ms
[2023-11-10T11:50:35.690-0800][76639322ms] GC(23137)   Post Evacuate Collection Set: 3.1ms
[2023-11-10T11:50:35.690-0800][76639322ms] GC(23137)   Other: 0.2ms
[2023-11-10T11:50:35.690-0800][76639322ms] GC(23137) Eden regions: 185->0(185)
[2023-11-10T11:50:35.690-0800][76639322ms] GC(23137) Survivor regions: 1->1(24)
[2023-11-10T11:50:35.690-0800][76639322ms] GC(23137) Old regions: 1428->1428
[2023-11-10T11:50:35.690-0800][76639322ms] GC(23137) Humongous regions: 5->5
[2023-11-10T11:50:35.690-0800][76639322ms] GC(23137) Metaspace: 304930K->304930K(1349632K)
[2023-11-10T11:50:35.690-0800][76639322ms] GC(23137) Pause Young (Normal) (G1 Evacuation Pause) 3236M->2866M(3602M) 5.172ms
[2023-11-10T11:50:35.690-0800][76639322ms] GC(23137) User=0.00s Sys=0.00s Real=0.01s
[2023-11-10T11:50:36.099-0800][76639731ms] GC(23138) Pause Young (Normal) (G1 Evacuation Pause)
[2023-11-10T11:50:36.099-0800][76639731ms] GC(23138) Using 10 workers of 10 for evacuation
[2023-11-10T11:50:36.108-0800][76639740ms] GC(23138)   Pre Evacuate Collection Set: 0.1ms
[2023-11-10T11:50:36.108-0800][76639740ms] GC(23138)   Evacuate Collection Set: 2.4ms
[2023-11-10T11:50:36.108-0800][76639740ms] GC(23138)   Post Evacuate Collection Set: 5.5ms
[2023-11-10T11:50:36.108-0800][76639740ms] GC(23138)   Other: 0.4ms
[2023-11-10T11:50:36.109-0800][76639741ms] GC(23138) Eden regions: 185->0(185)
[2023-11-10T11:50:36.109-0800][76639741ms] GC(23138) Survivor regions: 1->1(24)
[2023-11-10T11:50:36.109-0800][76639741ms] GC(23138) Old regions: 1428->1428
[2023-11-10T11:50:36.109-0800][76639741ms] GC(23138) Humongous regions: 5->5
[2023-11-10T11:50:36.109-0800][76639741ms] GC(23138) Metaspace: 304930K->304930K(1349632K)
[2023-11-10T11:50:36.109-0800][76639741ms] GC(23138) Pause Young (Normal) (G1 Evacuation Pause) 3236M->2866M(3602M) 8.594ms
[2023-11-10T11:50:36.109-0800][76639741ms] GC(23138) User=0.02s Sys=0.00s Real=0.01s
[2023-11-10T11:50:36.581-0800][76640213ms] GC(23139) Pause Young (Normal) (G1 Evacuation Pause)
[2023-11-10T11:50:36.581-0800][76640213ms] GC(23139) Using 10 workers of 10 for evacuation
[2023-11-10T11:50:36.587-0800][76640219ms] GC(23139)   Pre Evacuate Collection Set: 0.0ms
[2023-11-10T11:50:36.587-0800][76640219ms] GC(23139)   Evacuate Collection Set: 1.9ms
[2023-11-10T11:50:36.587-0800][76640219ms] GC(23139)   Post Evacuate Collection Set: 3.5ms
[2023-11-10T11:50:36.587-0800][76640219ms] GC(23139)   Other: 0.2ms
[2023-11-10T11:50:36.587-0800][76640219ms] GC(23139) Eden regions: 185->0(185)
[2023-11-10T11:50:36.587-0800][76640219ms] GC(23139) Survivor regions: 1->1(24)
[2023-11-10T11:50:36.587-0800][76640219ms] GC(23139) Old regions: 1428->1428
[2023-11-10T11:50:36.587-0800][76640219ms] GC(23139) Humongous regions: 5->5
[2023-11-10T11:50:36.587-0800][76640219ms] GC(23139) Metaspace: 304930K->304930K(1349632K)
[2023-11-10T11:50:36.587-0800][76640219ms] GC(23139) Pause Young (Normal) (G1 Evacuation Pause) 3236M->2866M(3602M) 5.797ms
[2023-11-10T11:50:36.587-0800][76640219ms] GC(23139) User=0.02s Sys=0.00s Real=0.01s
[2023-11-10T11:50:37.026-0800][76640658ms] GC(23140) Pause Young (Normal) (G1 Evacuation Pause)
[2023-11-10T11:50:37.026-0800][76640658ms] GC(23140) Using 10 workers of 10 for evacuation
[2023-11-10T11:50:37.032-0800][76640664ms] GC(23140)   Pre Evacuate Collection Set: 0.0ms
[2023-11-10T11:50:37.032-0800][76640664ms] GC(23140)   Evacuate Collection Set: 1.6ms
[2023-11-10T11:50:37.032-0800][76640664ms] GC(23140)   Post Evacuate Collection Set: 3.4ms
[2023-11-10T11:50:37.032-0800][76640664ms] GC(23140)   Other: 0.3ms
[2023-11-10T11:50:37.032-0800][76640664ms] GC(23140) Eden regions: 185->0(185)
[2023-11-10T11:50:37.032-0800][76640664ms] GC(23140) Survivor regions: 1->1(24)
[2023-11-10T11:50:37.032-0800][76640664ms] GC(23140) Old regions: 1428->1428
[2023-11-10T11:50:37.032-0800][76640664ms] GC(23140) Humongous regions: 5->5
[2023-11-10T11:50:37.032-0800][76640664ms] GC(23140) Metaspace: 304930K->304930K(1349632K)
[2023-11-10T11:50:37.032-0800][76640664ms] GC(23140) Pause Young (Normal) (G1 Evacuation Pause) 3236M->2866M(3602M) 5.520ms
[2023-11-10T11:50:37.032-0800][76640664ms] GC(23140) User=0.00s Sys=0.00s Real=0.01s
[2023-11-10T11:50:37.513-0800][76641145ms] GC(23141) Pause Young (Normal) (G1 Evacuation Pause)
[2023-11-10T11:50:37.513-0800][76641145ms] GC(23141) Using 10 workers of 10 for evacuation
[2023-11-10T11:50:37.521-0800][76641153ms] GC(23141)   Pre Evacuate Collection Set: 0.1ms
[2023-11-10T11:50:37.521-0800][76641153ms] GC(23141)   Evacuate Collection Set: 1.9ms
[2023-11-10T11:50:37.521-0800][76641153ms] GC(23141)   Post Evacuate Collection Set: 4.6ms
[2023-11-10T11:50:37.521-0800][76641153ms] GC(23141)   Other: 0.4ms
[2023-11-10T11:50:37.521-0800][76641153ms] GC(23141) Eden regions: 185->0(185)
[2023-11-10T11:50:37.521-0800][76641153ms] GC(23141) Survivor regions: 1->1(24)
[2023-11-10T11:50:37.521-0800][76641153ms] GC(23141) Old regions: 1428->1428
[2023-11-10T11:50:37.521-0800][76641153ms] GC(23141) Humongous regions: 5->5
[2023-11-10T11:50:37.521-0800][76641153ms] GC(23141) Metaspace: 304930K->304930K(1349632K)
[2023-11-10T11:50:37.521-0800][76641153ms] GC(23141) Pause Young (Normal) (G1 Evacuation Pause) 3236M->2866M(3602M) 7.054ms
[2023-11-10T11:50:37.521-0800][76641153ms] GC(23141) User=0.00s Sys=0.00s Real=0.01s
[2023-11-10T11:50:37.991-0800][76641623ms] GC(23142) Pause Young (Normal) (G1 Evacuation Pause)
[2023-11-10T11:50:37.991-0800][76641623ms] GC(23142) Using 10 workers of 10 for evacuation
[2023-11-10T11:50:37.997-0800][76641629ms] GC(23142)   Pre Evacuate Collection Set: 0.0ms
[2023-11-10T11:50:37.997-0800][76641629ms] GC(23142)   Evacuate Collection Set: 1.7ms
[2023-11-10T11:50:37.997-0800][76641629ms] GC(23142)   Post Evacuate Collection Set: 3.2ms
[2023-11-10T11:50:37.997-0800][76641629ms] GC(23142)   Other: 0.3ms
[2023-11-10T11:50:37.997-0800][76641629ms] GC(23142) Eden regions: 185->0(185)
[2023-11-10T11:50:37.997-0800][76641629ms] GC(23142) Survivor regions: 1->1(24)
[2023-11-10T11:50:37.997-0800][76641629ms] GC(23142) Old regions: 1428->1428
[2023-11-10T11:50:37.997-0800][76641629ms] GC(23142) Humongous regions: 5->5
[2023-11-10T11:50:37.997-0800][76641629ms] GC(23142) Metaspace: 304930K->304930K(1349632K)
[2023-11-10T11:50:37.997-0800][76641629ms] GC(23142) Pause Young (Normal) (G1 Evacuation Pause) 3236M->2866M(3602M) 5.262ms
[2023-11-10T11:50:37.997-0800][76641629ms] GC(23142) User=0.11s Sys=0.00s Real=0.01s
[2023-11-10T11:50:38.444-0800][76642076ms] GC(23143) Pause Young (Normal) (G1 Evacuation Pause)
[2023-11-10T11:50:38.444-0800][76642076ms] GC(23143) Using 10 workers of 10 for evacuation
[2023-11-10T11:50:38.449-0800][76642081ms] GC(23143)   Pre Evacuate Collection Set: 0.0ms
[2023-11-10T11:50:38.449-0800][76642081ms] GC(23143)   Evacuate Collection Set: 1.7ms
[2023-11-10T11:50:38.449-0800][76642081ms] GC(23143)   Post Evacuate Collection Set: 3.1ms
[2023-11-10T11:50:38.449-0800][76642081ms] GC(23143)   Other: 0.3ms
[2023-11-10T11:50:38.449-0800][76642081ms] GC(23143) Eden regions: 185->0(185)
[2023-11-10T11:50:38.449-0800][76642081ms] GC(23143) Survivor regions: 1->1(24)
[2023-11-10T11:50:38.449-0800][76642081ms] GC(23143) Old regions: 1428->1428
[2023-11-10T11:50:38.449-0800][76642081ms] GC(23143) Humongous regions: 5->5
[2023-11-10T11:50:38.449-0800][76642081ms] GC(23143) Metaspace: 304930K->304930K(1349632K)
[2023-11-10T11:50:38.449-0800][76642081ms] GC(23143) Pause Young (Normal) (G1 Evacuation Pause) 3236M->2866M(3602M) 5.145ms
[2023-11-10T11:50:38.449-0800][76642081ms] GC(23143) User=0.00s Sys=0.00s Real=0.00s
[2023-11-10T11:50:38.945-0800][76642577ms] GC(23144) Pause Young (Normal) (G1 Evacuation Pause)
[2023-11-10T11:50:38.945-0800][76642577ms] GC(23144) Using 10 workers of 10 for evacuation
[2023-11-10T11:50:38.951-0800][76642583ms] GC(23144)   Pre Evacuate Collection Set: 0.0ms
[2023-11-10T11:50:38.951-0800][76642583ms] GC(23144)   Evacuate Collection Set: 2.0ms
[2023-11-10T11:50:38.951-0800][76642583ms] GC(23144)   Post Evacuate Collection Set: 3.4ms
[2023-11-10T11:50:38.951-0800][76642583ms] GC(23144)   Other: 0.3ms
[2023-11-10T11:50:38.951-0800][76642583ms] GC(23144) Eden regions: 185->0(185)
[2023-11-10T11:50:38.951-0800][76642583ms] GC(23144) Survivor regions: 1->1(24)
[2023-11-10T11:50:38.951-0800][76642583ms] GC(23144) Old regions: 1428->1428
[2023-11-10T11:50:38.951-0800][76642583ms] GC(23144) Humongous regions: 5->5
[2023-11-10T11:50:38.951-0800][76642583ms] GC(23144) Metaspace: 304930K->304930K(1349632K)
[2023-11-10T11:50:38.951-0800][76642583ms] GC(23144) Pause Young (Normal) (G1 Evacuation Pause) 3236M->2866M(3602M) 5.795ms
[2023-11-10T11:50:38.951-0800][76642583ms] GC(23144) User=0.00s Sys=0.00s Real=0.01s
[2023-11-10T11:50:39.493-0800][76643125ms] GC(23145) Pause Young (Normal) (G1 Evacuation Pause)
[2023-11-10T11:50:39.493-0800][76643125ms] GC(23145) Using 10 workers of 10 for evacuation
[2023-11-10T11:50:39.499-0800][76643131ms] GC(23145)   Pre Evacuate Collection Set: 0.1ms
[2023-11-10T11:50:39.499-0800][76643131ms] GC(23145)   Evacuate Collection Set: 2.4ms
[2023-11-10T11:50:39.499-0800][76643131ms] GC(23145)   Post Evacuate Collection Set: 4.3ms
[2023-11-10T11:50:39.499-0800][76643131ms] GC(23145)   Other: 0.3ms
[2023-11-10T11:50:39.500-0800][76643132ms] GC(23145) Eden regions: 185->0(185)
[2023-11-10T11:50:39.500-0800][76643132ms] GC(23145) Survivor regions: 1->1(24)
[2023-11-10T11:50:39.500-0800][76643132ms] GC(23145) Old regions: 1428->1428
[2023-11-10T11:50:39.500-0800][76643132ms] GC(23145) Humongous regions: 5->5
[2023-11-10T11:50:39.500-0800][76643132ms] GC(23145) Metaspace: 304930K->304930K(1349632K)
[2023-11-10T11:50:39.500-0800][76643132ms] GC(23145) Pause Young (Normal) (G1 Evacuation Pause) 3236M->2866M(3602M) 7.133ms
[2023-11-10T11:50:39.500-0800][76643132ms] GC(23145) User=0.00s Sys=0.00s Real=0.01s
[2023-11-10T11:50:39.999-0800][76643631ms] GC(23146) Pause Young (Normal) (G1 Evacuation Pause)
[2023-11-10T11:50:39.999-0800][76643631ms] GC(23146) Using 10 workers of 10 for evacuation
[2023-11-10T11:50:40.005-0800][76643637ms] GC(23146)   Pre Evacuate Collection Set: 0.1ms
[2023-11-10T11:50:40.006-0800][76643638ms] GC(23146)   Evacuate Collection Set: 3.0ms
[2023-11-10T11:50:40.006-0800][76643638ms] GC(23146)   Post Evacuate Collection Set: 4.0ms
[2023-11-10T11:50:40.006-0800][76643638ms] GC(23146)   Other: 0.5ms
[2023-11-10T11:50:40.006-0800][76643638ms] GC(23146) Eden regions: 185->0(184)
[2023-11-10T11:50:40.006-0800][76643638ms] GC(23146) Survivor regions: 1->1(24)
[2023-11-10T11:50:40.006-0800][76643638ms] GC(23146) Old regions: 1428->1429
[2023-11-10T11:50:40.006-0800][76643638ms] GC(23146) Humongous regions: 5->5
[2023-11-10T11:50:40.006-0800][76643638ms] GC(23146) Metaspace: 304930K->304930K(1349632K)
[2023-11-10T11:50:40.006-0800][76643638ms] GC(23146) Pause Young (Normal) (G1 Evacuation Pause) 3236M->2867M(3602M) 7.624ms
[2023-11-10T11:50:40.006-0800][76643638ms] GC(23146) User=0.00s Sys=0.00s Real=0.01s
[2023-11-10T11:50:40.540-0800][76644172ms] GC(23147) Pause Young (Normal) (G1 Evacuation Pause)
[2023-11-10T11:50:40.540-0800][76644172ms] GC(23147) Using 10 workers of 10 for evacuation
[2023-11-10T11:50:40.548-0800][76644180ms] GC(23147)   Pre Evacuate Collection Set: 0.1ms
[2023-11-10T11:50:40.548-0800][76644180ms] GC(23147)   Evacuate Collection Set: 2.6ms
[2023-11-10T11:50:40.548-0800][76644180ms] GC(23147)   Post Evacuate Collection Set: 4.7ms
[2023-11-10T11:50:40.548-0800][76644180ms] GC(23147)   Other: 0.4ms
[2023-11-10T11:50:40.548-0800][76644180ms] GC(23147) Eden regions: 184->0(183)
[2023-11-10T11:50:40.548-0800][76644180ms] GC(23147) Survivor regions: 1->1(24)
[2023-11-10T11:50:40.548-0800][76644180ms] GC(23147) Old regions: 1429->1429
[2023-11-10T11:50:40.548-0800][76644180ms] GC(23147) Humongous regions: 5->5
[2023-11-10T11:50:40.548-0800][76644180ms] GC(23147) Metaspace: 304930K->304930K(1349632K)
[2023-11-10T11:50:40.548-0800][76644180ms] GC(23147) Pause Young (Normal) (G1 Evacuation Pause) 3235M->2867M(3602M) 7.994ms
[2023-11-10T11:50:40.548-0800][76644180ms] GC(23147) User=0.00s Sys=0.00s Real=0.01s
[2023-11-10T11:50:41.030-0800][76644662ms] GC(23148) Pause Young (Normal) (G1 Evacuation Pause)
[2023-11-10T11:50:41.030-0800][76644662ms] GC(23148) Using 10 workers of 10 for evacuation
[2023-11-10T11:50:41.037-0800][76644669ms] GC(23148)   Pre Evacuate Collection Set: 0.0ms
[2023-11-10T11:50:41.037-0800][76644669ms] GC(23148)   Evacuate Collection Set: 2.1ms
[2023-11-10T11:50:41.037-0800][76644669ms] GC(23148)   Post Evacuate Collection Set: 4.6ms
[2023-11-10T11:50:41.037-0800][76644669ms] GC(23148)   Other: 0.4ms
[2023-11-10T11:50:41.037-0800][76644669ms] GC(23148) Eden regions: 183->0(182)
[2023-11-10T11:50:41.037-0800][76644669ms] GC(23148) Survivor regions: 1->2(23)
[2023-11-10T11:50:41.037-0800][76644669ms] GC(23148) Old regions: 1429->1429
[2023-11-10T11:50:41.037-0800][76644669ms] GC(23148) Humongous regions: 5->5
[2023-11-10T11:50:41.037-0800][76644669ms] GC(23148) Metaspace: 304930K->304930K(1349632K)
[2023-11-10T11:50:41.037-0800][76644669ms] GC(23148) Pause Young (Normal) (G1 Evacuation Pause) 3233M->2868M(3602M) 7.282ms
[2023-11-10T11:50:41.037-0800][76644669ms] GC(23148) User=0.00s Sys=0.00s Real=0.01s
[2023-11-10T11:50:41.485-0800][76645117ms] GC(23149) Pause Young (Normal) (G1 Evacuation Pause)
[2023-11-10T11:50:41.485-0800][76645117ms] GC(23149) Using 10 workers of 10 for evacuation
[2023-11-10T11:50:41.491-0800][76645123ms] GC(23149)   Pre Evacuate Collection Set: 0.1ms
[2023-11-10T11:50:41.491-0800][76645123ms] GC(23149)   Evacuate Collection Set: 1.8ms
[2023-11-10T11:50:41.491-0800][76645123ms] GC(23149)   Post Evacuate Collection Set: 3.4ms
[2023-11-10T11:50:41.491-0800][76645123ms] GC(23149)   Other: 0.3ms
[2023-11-10T11:50:41.491-0800][76645123ms] GC(23149) Eden regions: 182->0(183)
[2023-11-10T11:50:41.491-0800][76645123ms] GC(23149) Survivor regions: 2->1(23)
[2023-11-10T11:50:41.491-0800][76645123ms] GC(23149) Old regions: 1429->1429
[2023-11-10T11:50:41.491-0800][76645123ms] GC(23149) Humongous regions: 5->5
[2023-11-10T11:50:41.491-0800][76645123ms] GC(23149) Metaspace: 304930K->304930K(1349632K)
[2023-11-10T11:50:41.491-0800][76645123ms] GC(23149) Pause Young (Normal) (G1 Evacuation Pause) 3232M->2867M(3602M) 5.640ms
[2023-11-10T11:50:41.491-0800][76645123ms] GC(23149) User=0.00s Sys=0.00s Real=0.01s
[2023-11-10T11:50:41.981-0800][76645613ms] GC(23150) Pause Young (Normal) (G1 Evacuation Pause)
[2023-11-10T11:50:41.981-0800][76645613ms] GC(23150) Using 10 workers of 10 for evacuation
[2023-11-10T11:50:41.988-0800][76645620ms] GC(23150)   Pre Evacuate Collection Set: 0.1ms
[2023-11-10T11:50:41.988-0800][76645620ms] GC(23150)   Evacuate Collection Set: 2.1ms
[2023-11-10T11:50:41.988-0800][76645620ms] GC(23150)   Post Evacuate Collection Set: 4.7ms
[2023-11-10T11:50:41.988-0800][76645620ms] GC(23150)   Other: 0.4ms
[2023-11-10T11:50:41.988-0800][76645620ms] GC(23150) Eden regions: 183->0(183)
[2023-11-10T11:50:41.988-0800][76645620ms] GC(23150) Survivor regions: 1->1(23)
[2023-11-10T11:50:41.988-0800][76645620ms] GC(23150) Old regions: 1429->1429
[2023-11-10T11:50:41.988-0800][76645620ms] GC(23150) Humongous regions: 5->5
[2023-11-10T11:50:41.988-0800][76645620ms] GC(23150) Metaspace: 304930K->304930K(1349632K)
[2023-11-10T11:50:41.988-0800][76645620ms] GC(23150) Pause Young (Normal) (G1 Evacuation Pause) 3233M->2867M(3602M) 7.440ms
[2023-11-10T11:50:41.988-0800][76645620ms] GC(23150) User=0.00s Sys=0.00s Real=0.01s
[2023-11-10T11:50:42.458-0800][76646090ms] GC(23151) Pause Young (Normal) (G1 Evacuation Pause)
[2023-11-10T11:50:42.458-0800][76646090ms] GC(23151) Using 10 workers of 10 for evacuation
[2023-11-10T11:50:42.466-0800][76646098ms] GC(23151)   Pre Evacuate Collection Set: 0.0ms
[2023-11-10T11:50:42.466-0800][76646098ms] GC(23151)   Evacuate Collection Set: 2.2ms
[2023-11-10T11:50:42.466-0800][76646098ms] GC(23151)   Post Evacuate Collection Set: 5.2ms
[2023-11-10T11:50:42.466-0800][76646098ms] GC(23151)   Other: 0.3ms
[2023-11-10T11:50:42.466-0800][76646098ms] GC(23151) Eden regions: 183->0(182)
[2023-11-10T11:50:42.466-0800][76646098ms] GC(23151) Survivor regions: 1->2(23)
[2023-11-10T11:50:42.466-0800][76646098ms] GC(23151) Old regions: 1429->1429
[2023-11-10T11:50:42.466-0800][76646098ms] GC(23151) Humongous regions: 5->5
[2023-11-10T11:50:42.466-0800][76646098ms] GC(23151) Metaspace: 304930K->304930K(1349632K)
[2023-11-10T11:50:42.466-0800][76646098ms] GC(23151) Pause Young (Normal) (G1 Evacuation Pause) 3233M->2868M(3602M) 7.966ms
[2023-11-10T11:50:42.466-0800][76646098ms] GC(23151) User=0.06s Sys=0.00s Real=0.01s
[2023-11-10T11:50:42.930-0800][76646562ms] GC(23152) Pause Young (Normal) (G1 Evacuation Pause)
[2023-11-10T11:50:42.930-0800][76646562ms] GC(23152) Using 10 workers of 10 for evacuation
[2023-11-10T11:50:42.935-0800][76646567ms] GC(23152)   Pre Evacuate Collection Set: 0.0ms
[2023-11-10T11:50:42.935-0800][76646567ms] GC(23152)   Evacuate Collection Set: 1.8ms
[2023-11-10T11:50:42.935-0800][76646567ms] GC(23152)   Post Evacuate Collection Set: 3.5ms
[2023-11-10T11:50:42.935-0800][76646567ms] GC(23152)   Other: 0.3ms
[2023-11-10T11:50:42.935-0800][76646567ms] GC(23152) Eden regions: 182->0(182)
[2023-11-10T11:50:42.936-0800][76646568ms] GC(23152) Survivor regions: 2->1(23)
[2023-11-10T11:50:42.936-0800][76646568ms] GC(23152) Old regions: 1429->1429
[2023-11-10T11:50:42.936-0800][76646568ms] GC(23152) Humongous regions: 5->5
[2023-11-10T11:50:42.936-0800][76646568ms] GC(23152) Metaspace: 304930K->304930K(1349632K)
[2023-11-10T11:50:42.936-0800][76646568ms] GC(23152) Pause Young (Normal) (G1 Evacuation Pause) 3232M->2868M(3602M) 5.721ms
[2023-11-10T11:50:42.936-0800][76646568ms] GC(23152) User=0.00s Sys=0.00s Real=0.01s
[2023-11-10T11:50:43.357-0800][76646989ms] GC(23153) Pause Young (Normal) (G1 Evacuation Pause)
[2023-11-10T11:50:43.357-0800][76646989ms] GC(23153) Using 10 workers of 10 for evacuation
[2023-11-10T11:50:43.362-0800][76646994ms] GC(23153)   Pre Evacuate Collection Set: 0.0ms
[2023-11-10T11:50:43.362-0800][76646994ms] GC(23153)   Evacuate Collection Set: 2.1ms
[2023-11-10T11:50:43.362-0800][76646994ms] GC(23153)   Post Evacuate Collection Set: 3.2ms
[2023-11-10T11:50:43.362-0800][76646994ms] GC(23153)   Other: 0.4ms
[2023-11-10T11:50:43.362-0800][76646994ms] GC(23153) Eden regions: 182->0(182)
[2023-11-10T11:50:43.362-0800][76646994ms] GC(23153) Survivor regions: 1->1(23)
[2023-11-10T11:50:43.362-0800][76646994ms] GC(23153) Old regions: 1429->1429
[2023-11-10T11:50:43.362-0800][76646994ms] GC(23153) Humongous regions: 5->5
[2023-11-10T11:50:43.362-0800][76646994ms] GC(23153) Metaspace: 304930K->304930K(1349632K)
[2023-11-10T11:50:43.362-0800][76646994ms] GC(23153) Pause Young (Normal) (G1 Evacuation Pause) 3232M->2867M(3602M) 5.900ms
[2023-11-10T11:50:43.362-0800][76646994ms] GC(23153) User=0.00s Sys=0.00s Real=0.00s
[2023-11-10T11:50:43.825-0800][76647457ms] GC(23154) Pause Young (Normal) (G1 Evacuation Pause)
[2023-11-10T11:50:43.825-0800][76647457ms] GC(23154) Using 10 workers of 10 for evacuation
[2023-11-10T11:50:43.831-0800][76647463ms] GC(23154)   Pre Evacuate Collection Set: 0.0ms
[2023-11-10T11:50:43.831-0800][76647463ms] GC(23154)   Evacuate Collection Set: 1.8ms
[2023-11-10T11:50:43.831-0800][76647463ms] GC(23154)   Post Evacuate Collection Set: 3.4ms
[2023-11-10T11:50:43.831-0800][76647463ms] GC(23154)   Other: 0.3ms
[2023-11-10T11:50:43.831-0800][76647463ms] GC(23154) Eden regions: 182->0(182)
[2023-11-10T11:50:43.831-0800][76647463ms] GC(23154) Survivor regions: 1->1(23)
[2023-11-10T11:50:43.831-0800][76647463ms] GC(23154) Old regions: 1429->1429
[2023-11-10T11:50:43.831-0800][76647463ms] GC(23154) Humongous regions: 5->5
[2023-11-10T11:50:43.831-0800][76647463ms] GC(23154) Metaspace: 304930K->304930K(1349632K)
[2023-11-10T11:50:43.831-0800][76647463ms] GC(23154) Pause Young (Normal) (G1 Evacuation Pause) 3231M->2868M(3602M) 5.621ms
[2023-11-10T11:50:43.831-0800][76647463ms] GC(23154) User=0.00s Sys=0.00s Real=0.01s
[2023-11-10T11:50:44.308-0800][76647940ms] GC(23155) Pause Young (Normal) (G1 Evacuation Pause)
[2023-11-10T11:50:44.308-0800][76647940ms] GC(23155) Using 10 workers of 10 for evacuation
[2023-11-10T11:50:44.314-0800][76647946ms] GC(23155)   Pre Evacuate Collection Set: 0.0ms
[2023-11-10T11:50:44.315-0800][76647947ms] GC(23155)   Evacuate Collection Set: 1.9ms
[2023-11-10T11:50:44.315-0800][76647947ms] GC(23155)   Post Evacuate Collection Set: 4.6ms
[2023-11-10T11:50:44.315-0800][76647947ms] GC(23155)   Other: 0.3ms
[2023-11-10T11:50:44.315-0800][76647947ms] GC(23155) Eden regions: 182->0(182)
[2023-11-10T11:50:44.315-0800][76647947ms] GC(23155) Survivor regions: 1->1(23)
[2023-11-10T11:50:44.315-0800][76647947ms] GC(23155) Old regions: 1429->1429
[2023-11-10T11:50:44.315-0800][76647947ms] GC(23155) Humongous regions: 5->5
[2023-11-10T11:50:44.315-0800][76647947ms] GC(23155) Metaspace: 304930K->304930K(1349632K)
[2023-11-10T11:50:44.315-0800][76647947ms] GC(23155) Pause Young (Normal) (G1 Evacuation Pause) 3232M->2868M(3602M) 7.008ms
[2023-11-10T11:50:44.315-0800][76647947ms] GC(23155) User=0.00s Sys=0.00s Real=0.01s
[2023-11-10T11:50:44.792-0800][76648424ms] GC(23156) Pause Young (Normal) (G1 Evacuation Pause)
[2023-11-10T11:50:44.792-0800][76648424ms] GC(23156) Using 10 workers of 10 for evacuation
[2023-11-10T11:50:44.798-0800][76648430ms] GC(23156)   Pre Evacuate Collection Set: 0.0ms
[2023-11-10T11:50:44.798-0800][76648430ms] GC(23156)   Evacuate Collection Set: 1.9ms
[2023-11-10T11:50:44.798-0800][76648430ms] GC(23156)   Post Evacuate Collection Set: 3.7ms
[2023-11-10T11:50:44.798-0800][76648430ms] GC(23156)   Other: 0.3ms
[2023-11-10T11:50:44.798-0800][76648430ms] GC(23156) Eden regions: 182->0(182)
[2023-11-10T11:50:44.798-0800][76648430ms] GC(23156) Survivor regions: 1->1(23)
[2023-11-10T11:50:44.798-0800][76648430ms] GC(23156) Old regions: 1429->1429
[2023-11-10T11:50:44.798-0800][76648430ms] GC(23156) Humongous regions: 5->5
[2023-11-10T11:50:44.798-0800][76648430ms] GC(23156) Metaspace: 304930K->304930K(1349632K)
[2023-11-10T11:50:44.798-0800][76648430ms] GC(23156) Pause Young (Normal) (G1 Evacuation Pause) 3232M->2867M(3602M) 6.057ms
[2023-11-10T11:50:44.798-0800][76648430ms] GC(23156) User=0.00s Sys=0.00s Real=0.01s
[2023-11-10T11:50:45.225-0800][76648857ms] GC(23157) Pause Young (Normal) (G1 Evacuation Pause)
[2023-11-10T11:50:45.225-0800][76648857ms] GC(23157) Using 10 workers of 10 for evacuation
[2023-11-10T11:50:45.230-0800][76648862ms] GC(23157)   Pre Evacuate Collection Set: 0.1ms
[2023-11-10T11:50:45.230-0800][76648862ms] GC(23157)   Evacuate Collection Set: 1.9ms
[2023-11-10T11:50:45.230-0800][76648862ms] GC(23157)   Post Evacuate Collection Set: 3.0ms
[2023-11-10T11:50:45.230-0800][76648862ms] GC(23157)   Other: 0.3ms
[2023-11-10T11:50:45.230-0800][76648862ms] GC(23157) Eden regions: 182->0(182)
[2023-11-10T11:50:45.230-0800][76648862ms] GC(23157) Survivor regions: 1->1(23)
[2023-11-10T11:50:45.230-0800][76648862ms] GC(23157) Old regions: 1429->1429
[2023-11-10T11:50:45.230-0800][76648862ms] GC(23157) Humongous regions: 5->5
[2023-11-10T11:50:45.230-0800][76648862ms] GC(23157) Metaspace: 304930K->304930K(1349632K)
[2023-11-10T11:50:45.230-0800][76648862ms] GC(23157) Pause Young (Normal) (G1 Evacuation Pause) 3231M->2867M(3602M) 5.488ms
[2023-11-10T11:50:45.230-0800][76648862ms] GC(23157) User=0.08s Sys=0.00s Real=0.01s
[2023-11-10T11:50:45.680-0800][76649312ms] GC(23158) Pause Young (Normal) (G1 Evacuation Pause)
[2023-11-10T11:50:45.680-0800][76649312ms] GC(23158) Using 10 workers of 10 for evacuation
[2023-11-10T11:50:45.686-0800][76649318ms] GC(23158)   Pre Evacuate Collection Set: 0.1ms
[2023-11-10T11:50:45.686-0800][76649318ms] GC(23158)   Evacuate Collection Set: 2.3ms
[2023-11-10T11:50:45.686-0800][76649318ms] GC(23158)   Post Evacuate Collection Set: 3.9ms
[2023-11-10T11:50:45.686-0800][76649318ms] GC(23158)   Other: 0.3ms
[2023-11-10T11:50:45.686-0800][76649318ms] GC(23158) Eden regions: 182->0(182)
[2023-11-10T11:50:45.686-0800][76649318ms] GC(23158) Survivor regions: 1->1(23)
[2023-11-10T11:50:45.686-0800][76649318ms] GC(23158) Old regions: 1429->1429
[2023-11-10T11:50:45.686-0800][76649318ms] GC(23158) Humongous regions: 5->5
[2023-11-10T11:50:45.686-0800][76649318ms] GC(23158) Metaspace: 304930K->304930K(1349632K)
[2023-11-10T11:50:45.686-0800][76649318ms] GC(23158) Pause Young (Normal) (G1 Evacuation Pause) 3231M->2867M(3602M) 6.707ms
[2023-11-10T11:50:45.686-0800][76649318ms] GC(23158) User=0.00s Sys=0.00s Real=0.01s
[2023-11-10T11:50:46.194-0800][76649826ms] GC(23159) Pause Young (Normal) (G1 Evacuation Pause)
[2023-11-10T11:50:46.194-0800][76649826ms] GC(23159) Using 10 workers of 10 for evacuation
[2023-11-10T11:50:46.199-0800][76649831ms] GC(23159)   Pre Evacuate Collection Set: 0.1ms
[2023-11-10T11:50:46.199-0800][76649831ms] GC(23159)   Evacuate Collection Set: 1.8ms
[2023-11-10T11:50:46.199-0800][76649831ms] GC(23159)   Post Evacuate Collection Set: 3.3ms
[2023-11-10T11:50:46.199-0800][76649831ms] GC(23159)   Other: 0.3ms
[2023-11-10T11:50:46.199-0800][76649831ms] GC(23159) Eden regions: 182->0(182)
[2023-11-10T11:50:46.199-0800][76649831ms] GC(23159) Survivor regions: 1->1(23)
[2023-11-10T11:50:46.199-0800][76649831ms] GC(23159) Old regions: 1429->1429
[2023-11-10T11:50:46.199-0800][76649831ms] GC(23159) Humongous regions: 5->5
[2023-11-10T11:50:46.199-0800][76649831ms] GC(23159) Metaspace: 304930K->304930K(1349632K)
[2023-11-10T11:50:46.199-0800][76649831ms] GC(23159) Pause Young (Normal) (G1 Evacuation Pause) 3231M->2867M(3602M) 5.561ms
[2023-11-10T11:50:46.199-0800][76649831ms] GC(23159) User=0.13s Sys=0.00s Real=0.00s
[2023-11-10T11:50:46.686-0800][76650318ms] GC(23160) Pause Young (Normal) (G1 Evacuation Pause)
[2023-11-10T11:50:46.686-0800][76650318ms] GC(23160) Using 10 workers of 10 for evacuation
[2023-11-10T11:50:46.694-0800][76650326ms] GC(23160)   Pre Evacuate Collection Set: 0.1ms
[2023-11-10T11:50:46.694-0800][76650326ms] GC(23160)   Evacuate Collection Set: 2.6ms
[2023-11-10T11:50:46.694-0800][76650326ms] GC(23160)   Post Evacuate Collection Set: 4.4ms
[2023-11-10T11:50:46.694-0800][76650326ms] GC(23160)   Other: 0.4ms
[2023-11-10T11:50:46.694-0800][76650326ms] GC(23160) Eden regions: 182->0(182)
[2023-11-10T11:50:46.694-0800][76650326ms] GC(23160) Survivor regions: 1->1(23)
[2023-11-10T11:50:46.694-0800][76650326ms] GC(23160) Old regions: 1429->1429
[2023-11-10T11:50:46.694-0800][76650326ms] GC(23160) Humongous regions: 5->5
[2023-11-10T11:50:46.694-0800][76650326ms] GC(23160) Metaspace: 304930K->304930K(1349632K)
[2023-11-10T11:50:46.694-0800][76650326ms] GC(23160) Pause Young (Normal) (G1 Evacuation Pause) 3231M->2867M(3602M) 7.484ms
[2023-11-10T11:50:46.694-0800][76650326ms] GC(23160) User=0.00s Sys=0.00s Real=0.01s
[2023-11-10T11:50:47.127-0800][76650759ms] GC(23161) Pause Young (Normal) (G1 Evacuation Pause)
[2023-11-10T11:50:47.127-0800][76650759ms] GC(23161) Using 10 workers of 10 for evacuation
[2023-11-10T11:50:47.135-0800][76650767ms] GC(23161)   Pre Evacuate Collection Set: 0.1ms
[2023-11-10T11:50:47.135-0800][76650767ms] GC(23161)   Evacuate Collection Set: 2.8ms
[2023-11-10T11:50:47.135-0800][76650767ms] GC(23161)   Post Evacuate Collection Set: 4.5ms
[2023-11-10T11:50:47.135-0800][76650767ms] GC(23161)   Other: 0.4ms
[2023-11-10T11:50:47.135-0800][76650767ms] GC(23161) Eden regions: 182->0(182)
[2023-11-10T11:50:47.135-0800][76650767ms] GC(23161) Survivor regions: 1->1(23)
[2023-11-10T11:50:47.135-0800][76650767ms] GC(23161) Old regions: 1429->1429
[2023-11-10T11:50:47.135-0800][76650767ms] GC(23161) Humongous regions: 5->5
[2023-11-10T11:50:47.135-0800][76650767ms] GC(23161) Metaspace: 304930K->304930K(1349632K)
[2023-11-10T11:50:47.135-0800][76650767ms] GC(23161) Pause Young (Normal) (G1 Evacuation Pause) 3231M->2867M(3602M) 7.771ms
[2023-11-10T11:50:47.135-0800][76650767ms] GC(23161) User=0.00s Sys=0.00s Real=0.01s
[2023-11-10T11:50:47.566-0800][76651198ms] GC(23162) Pause Young (Normal) (G1 Evacuation Pause)
[2023-11-10T11:50:47.566-0800][76651198ms] GC(23162) Using 10 workers of 10 for evacuation
[2023-11-10T11:50:47.572-0800][76651204ms] GC(23162)   Pre Evacuate Collection Set: 0.0ms
[2023-11-10T11:50:47.572-0800][76651204ms] GC(23162)   Evacuate Collection Set: 2.0ms
[2023-11-10T11:50:47.572-0800][76651204ms] GC(23162)   Post Evacuate Collection Set: 4.2ms
[2023-11-10T11:50:47.572-0800][76651204ms] GC(23162)   Other: 0.3ms
[2023-11-10T11:50:47.572-0800][76651204ms] GC(23162) Eden regions: 182->0(182)
[2023-11-10T11:50:47.572-0800][76651204ms] GC(23162) Survivor regions: 1->1(23)
[2023-11-10T11:50:47.572-0800][76651204ms] GC(23162) Old regions: 1429->1429
[2023-11-10T11:50:47.572-0800][76651204ms] GC(23162) Humongous regions: 5->5
[2023-11-10T11:50:47.572-0800][76651204ms] GC(23162) Metaspace: 304930K->304930K(1349632K)
[2023-11-10T11:50:47.572-0800][76651204ms] GC(23162) Pause Young (Normal) (G1 Evacuation Pause) 3231M->2867M(3602M) 6.742ms
[2023-11-10T11:50:47.572-0800][76651204ms] GC(23162) User=0.02s Sys=0.00s Real=0.01s
[2023-11-10T11:50:48.033-0800][76651665ms] GC(23163) Pause Young (Normal) (G1 Evacuation Pause)
[2023-11-10T11:50:48.033-0800][76651665ms] GC(23163) Using 10 workers of 10 for evacuation
[2023-11-10T11:50:48.038-0800][76651670ms] GC(23163)   Pre Evacuate Collection Set: 0.1ms
[2023-11-10T11:50:48.038-0800][76651670ms] GC(23163)   Evacuate Collection Set: 2.3ms
[2023-11-10T11:50:48.038-0800][76651670ms] GC(23163)   Post Evacuate Collection Set: 3.6ms
[2023-11-10T11:50:48.038-0800][76651670ms] GC(23163)   Other: 0.4ms
[2023-11-10T11:50:48.038-0800][76651670ms] GC(23163) Eden regions: 182->0(182)
[2023-11-10T11:50:48.038-0800][76651670ms] GC(23163) Survivor regions: 1->1(23)
[2023-11-10T11:50:48.038-0800][76651670ms] GC(23163) Old regions: 1429->1429
[2023-11-10T11:50:48.038-0800][76651670ms] GC(23163) Humongous regions: 5->5
[2023-11-10T11:50:48.038-0800][76651670ms] GC(23163) Metaspace: 304930K->304930K(1349632K)
[2023-11-10T11:50:48.038-0800][76651670ms] GC(23163) Pause Young (Normal) (G1 Evacuation Pause) 3231M->2868M(3602M) 6.375ms
[2023-11-10T11:50:48.038-0800][76651670ms] GC(23163) User=0.00s Sys=0.00s Real=0.01s
[2023-11-10T11:50:48.510-0800][76652142ms] GC(23164) Pause Young (Normal) (G1 Evacuation Pause)
[2023-11-10T11:50:48.510-0800][76652142ms] GC(23164) Using 10 workers of 10 for evacuation
[2023-11-10T11:50:48.516-0800][76652148ms] GC(23164)   Pre Evacuate Collection Set: 0.0ms
[2023-11-10T11:50:48.516-0800][76652148ms] GC(23164)   Evacuate Collection Set: 2.1ms
[2023-11-10T11:50:48.516-0800][76652148ms] GC(23164)   Post Evacuate Collection Set: 4.1ms
[2023-11-10T11:50:48.516-0800][76652148ms] GC(23164)   Other: 0.3ms
[2023-11-10T11:50:48.516-0800][76652148ms] GC(23164) Eden regions: 182->0(182)
[2023-11-10T11:50:48.516-0800][76652148ms] GC(23164) Survivor regions: 1->1(23)
[2023-11-10T11:50:48.516-0800][76652148ms] GC(23164) Old regions: 1429->1429
[2023-11-10T11:50:48.516-0800][76652148ms] GC(23164) Humongous regions: 5->5
[2023-11-10T11:50:48.516-0800][76652148ms] GC(23164) Metaspace: 304930K->304930K(1349632K)
[2023-11-10T11:50:48.516-0800][76652148ms] GC(23164) Pause Young (Normal) (G1 Evacuation Pause) 3232M->2867M(3602M) 6.666ms
[2023-11-10T11:50:48.516-0800][76652148ms] GC(23164) User=0.00s Sys=0.00s Real=0.01s
[2023-11-10T11:50:49.009-0800][76652641ms] GC(23165) Pause Young (Normal) (G1 Evacuation Pause)
[2023-11-10T11:50:49.009-0800][76652641ms] GC(23165) Using 10 workers of 10 for evacuation
[2023-11-10T11:50:49.014-0800][76652646ms] GC(23165)   Pre Evacuate Collection Set: 0.1ms
[2023-11-10T11:50:49.014-0800][76652646ms] GC(23165)   Evacuate Collection Set: 1.9ms
[2023-11-10T11:50:49.014-0800][76652646ms] GC(23165)   Post Evacuate Collection Set: 3.1ms
[2023-11-10T11:50:49.014-0800][76652646ms] GC(23165)   Other: 0.3ms
[2023-11-10T11:50:49.014-0800][76652646ms] GC(23165) Eden regions: 182->0(182)
[2023-11-10T11:50:49.014-0800][76652646ms] GC(23165) Survivor regions: 1->1(23)
[2023-11-10T11:50:49.014-0800][76652646ms] GC(23165) Old regions: 1429->1429
[2023-11-10T11:50:49.015-0800][76652647ms] GC(23165) Humongous regions: 5->5
[2023-11-10T11:50:49.015-0800][76652647ms] GC(23165) Metaspace: 304930K->304930K(1349632K)
[2023-11-10T11:50:49.015-0800][76652647ms] GC(23165) Pause Young (Normal) (G1 Evacuation Pause) 3231M->2867M(3602M) 5.398ms
[2023-11-10T11:50:49.015-0800][76652647ms] GC(23165) User=0.00s Sys=0.00s Real=0.01s
[2023-11-10T11:50:49.531-0800][76653163ms] GC(23166) Pause Young (Normal) (G1 Evacuation Pause)
[2023-11-10T11:50:49.531-0800][76653163ms] GC(23166) Using 10 workers of 10 for evacuation
[2023-11-10T11:50:49.536-0800][76653168ms] GC(23166)   Pre Evacuate Collection Set: 0.0ms
[2023-11-10T11:50:49.536-0800][76653168ms] GC(23166)   Evacuate Collection Set: 1.7ms
[2023-11-10T11:50:49.536-0800][76653168ms] GC(23166)   Post Evacuate Collection Set: 3.5ms
[2023-11-10T11:50:49.536-0800][76653168ms] GC(23166)   Other: 0.3ms
[2023-11-10T11:50:49.536-0800][76653168ms] GC(23166) Eden regions: 182->0(182)
[2023-11-10T11:50:49.536-0800][76653168ms] GC(23166) Survivor regions: 1->1(23)
[2023-11-10T11:50:49.536-0800][76653168ms] GC(23166) Old regions: 1429->1429
[2023-11-10T11:50:49.536-0800][76653168ms] GC(23166) Humongous regions: 5->5
[2023-11-10T11:50:49.536-0800][76653168ms] GC(23166) Metaspace: 304930K->304930K(1349632K)
[2023-11-10T11:50:49.536-0800][76653168ms] GC(23166) Pause Young (Normal) (G1 Evacuation Pause) 3231M->2867M(3602M) 5.662ms
[2023-11-10T11:50:49.536-0800][76653168ms] GC(23166) User=0.00s Sys=0.00s Real=0.01s
[2023-11-10T11:50:50.051-0800][76653683ms] GC(23167) Pause Young (Normal) (G1 Evacuation Pause)
[2023-11-10T11:50:50.051-0800][76653683ms] GC(23167) Using 10 workers of 10 for evacuation
[2023-11-10T11:50:50.056-0800][76653688ms] GC(23167)   Pre Evacuate Collection Set: 0.0ms
[2023-11-10T11:50:50.056-0800][76653688ms] GC(23167)   Evacuate Collection Set: 1.6ms
[2023-11-10T11:50:50.057-0800][76653689ms] GC(23167)   Post Evacuate Collection Set: 3.1ms
[2023-11-10T11:50:50.057-0800][76653689ms] GC(23167)   Other: 0.3ms
[2023-11-10T11:50:50.057-0800][76653689ms] GC(23167) Eden regions: 182->0(183)
[2023-11-10T11:50:50.057-0800][76653689ms] GC(23167) Survivor regions: 1->1(23)
[2023-11-10T11:50:50.057-0800][76653689ms] GC(23167) Old regions: 1429->1429
[2023-11-10T11:50:50.057-0800][76653689ms] GC(23167) Humongous regions: 5->5
[2023-11-10T11:50:50.057-0800][76653689ms] GC(23167) Metaspace: 304930K->304930K(1349632K)
[2023-11-10T11:50:50.057-0800][76653689ms] GC(23167) Pause Young (Normal) (G1 Evacuation Pause) 3231M->2867M(3602M) 5.133ms
[2023-11-10T11:50:50.057-0800][76653689ms] GC(23167) User=0.00s Sys=0.00s Real=0.01s
[2023-11-10T11:50:50.495-0800][76654127ms] GC(23168) Pause Young (Normal) (G1 Evacuation Pause)
[2023-11-10T11:50:50.495-0800][76654127ms] GC(23168) Using 10 workers of 10 for evacuation
[2023-11-10T11:50:50.502-0800][76654134ms] GC(23168)   Pre Evacuate Collection Set: 0.1ms
[2023-11-10T11:50:50.502-0800][76654134ms] GC(23168)   Evacuate Collection Set: 2.3ms
[2023-11-10T11:50:50.502-0800][76654134ms] GC(23168)   Post Evacuate Collection Set: 3.9ms
[2023-11-10T11:50:50.502-0800][76654134ms] GC(23168)   Other: 0.3ms
[2023-11-10T11:50:50.502-0800][76654134ms] GC(23168) Eden regions: 183->0(183)
[2023-11-10T11:50:50.502-0800][76654134ms] GC(23168) Survivor regions: 1->1(23)
[2023-11-10T11:50:50.502-0800][76654134ms] GC(23168) Old regions: 1429->1429
[2023-11-10T11:50:50.502-0800][76654134ms] GC(23168) Humongous regions: 5->5
[2023-11-10T11:50:50.502-0800][76654134ms] GC(23168) Metaspace: 304930K->304930K(1349632K)
[2023-11-10T11:50:50.502-0800][76654134ms] GC(23168) Pause Young (Normal) (G1 Evacuation Pause) 3233M->2867M(3602M) 6.681ms
[2023-11-10T11:50:50.502-0800][76654134ms] GC(23168) User=0.00s Sys=0.00s Real=0.01s
[2023-11-10T11:50:51.041-0800][76654673ms] GC(23169) Pause Young (Normal) (G1 Evacuation Pause)
[2023-11-10T11:50:51.041-0800][76654673ms] GC(23169) Using 10 workers of 10 for evacuation
[2023-11-10T11:50:51.048-0800][76654680ms] GC(23169)   Pre Evacuate Collection Set: 0.1ms
[2023-11-10T11:50:51.048-0800][76654680ms] GC(23169)   Evacuate Collection Set: 2.4ms
[2023-11-10T11:50:51.048-0800][76654680ms] GC(23169)   Post Evacuate Collection Set: 4.5ms
[2023-11-10T11:50:51.048-0800][76654680ms] GC(23169)   Other: 0.3ms
[2023-11-10T11:50:51.048-0800][76654680ms] GC(23169) Eden regions: 183->0(183)
[2023-11-10T11:50:51.048-0800][76654680ms] GC(23169) Survivor regions: 1->1(23)
[2023-11-10T11:50:51.048-0800][76654680ms] GC(23169) Old regions: 1429->1429
[2023-11-10T11:50:51.048-0800][76654680ms] GC(23169) Humongous regions: 5->5
[2023-11-10T11:50:51.048-0800][76654680ms] GC(23169) Metaspace: 304930K->304930K(1349632K)
[2023-11-10T11:50:51.048-0800][76654680ms] GC(23169) Pause Young (Normal) (G1 Evacuation Pause) 3233M->2867M(3602M) 7.401ms
[2023-11-10T11:50:51.048-0800][76654680ms] GC(23169) User=0.00s Sys=0.00s Real=0.01s
[2023-11-10T11:50:51.506-0800][76655138ms] GC(23170) Pause Young (Normal) (G1 Evacuation Pause)
[2023-11-10T11:50:51.506-0800][76655138ms] GC(23170) Using 10 workers of 10 for evacuation
[2023-11-10T11:50:51.511-0800][76655143ms] GC(23170)   Pre Evacuate Collection Set: 0.0ms
[2023-11-10T11:50:51.511-0800][76655143ms] GC(23170)   Evacuate Collection Set: 1.8ms
[2023-11-10T11:50:51.511-0800][76655143ms] GC(23170)   Post Evacuate Collection Set: 3.1ms
[2023-11-10T11:50:51.511-0800][76655143ms] GC(23170)   Other: 0.3ms
[2023-11-10T11:50:51.511-0800][76655143ms] GC(23170) Eden regions: 183->0(183)
[2023-11-10T11:50:51.511-0800][76655143ms] GC(23170) Survivor regions: 1->1(23)
[2023-11-10T11:50:51.511-0800][76655143ms] GC(23170) Old regions: 1429->1429
[2023-11-10T11:50:51.511-0800][76655143ms] GC(23170) Humongous regions: 5->5
[2023-11-10T11:50:51.511-0800][76655143ms] GC(23170) Metaspace: 304930K->304930K(1349632K)
[2023-11-10T11:50:51.511-0800][76655143ms] GC(23170) Pause Young (Normal) (G1 Evacuation Pause) 3233M->2867M(3602M) 5.315ms
[2023-11-10T11:50:51.511-0800][76655143ms] GC(23170) User=0.02s Sys=0.00s Real=0.00s
[2023-11-10T11:50:51.965-0800][76655597ms] GC(23171) Pause Young (Normal) (G1 Evacuation Pause)
[2023-11-10T11:50:51.965-0800][76655597ms] GC(23171) Using 10 workers of 10 for evacuation
[2023-11-10T11:50:51.970-0800][76655602ms] GC(23171)   Pre Evacuate Collection Set: 0.1ms
[2023-11-10T11:50:51.970-0800][76655602ms] GC(23171)   Evacuate Collection Set: 1.8ms
[2023-11-10T11:50:51.970-0800][76655602ms] GC(23171)   Post Evacuate Collection Set: 3.7ms
[2023-11-10T11:50:51.970-0800][76655602ms] GC(23171)   Other: 0.3ms
[2023-11-10T11:50:51.970-0800][76655602ms] GC(23171) Eden regions: 183->0(183)
[2023-11-10T11:50:51.970-0800][76655602ms] GC(23171) Survivor regions: 1->1(23)
[2023-11-10T11:50:51.970-0800][76655602ms] GC(23171) Old regions: 1429->1429
[2023-11-10T11:50:51.970-0800][76655602ms] GC(23171) Humongous regions: 5->5
[2023-11-10T11:50:51.970-0800][76655602ms] GC(23171) Metaspace: 304930K->304930K(1349632K)
[2023-11-10T11:50:51.970-0800][76655602ms] GC(23171) Pause Young (Normal) (G1 Evacuation Pause) 3233M->2867M(3602M) 5.981ms
[2023-11-10T11:50:51.970-0800][76655602ms] GC(23171) User=0.00s Sys=0.00s Real=0.01s
[2023-11-10T11:50:52.420-0800][76656052ms] GC(23172) Pause Young (Normal) (G1 Evacuation Pause)
[2023-11-10T11:50:52.420-0800][76656052ms] GC(23172) Using 10 workers of 10 for evacuation
[2023-11-10T11:50:52.424-0800][76656056ms] GC(23172)   Pre Evacuate Collection Set: 0.0ms
[2023-11-10T11:50:52.424-0800][76656056ms] GC(23172)   Evacuate Collection Set: 1.7ms
[2023-11-10T11:50:52.424-0800][76656056ms] GC(23172)   Post Evacuate Collection Set: 3.1ms
[2023-11-10T11:50:52.424-0800][76656056ms] GC(23172)   Other: 0.3ms
[2023-11-10T11:50:52.424-0800][76656056ms] GC(23172) Eden regions: 183->0(183)
[2023-11-10T11:50:52.424-0800][76656056ms] GC(23172) Survivor regions: 1->1(23)
[2023-11-10T11:50:52.424-0800][76656056ms] GC(23172) Old regions: 1429->1429
[2023-11-10T11:50:52.424-0800][76656056ms] GC(23172) Humongous regions: 5->5
[2023-11-10T11:50:52.424-0800][76656056ms] GC(23172) Metaspace: 304930K->304930K(1349632K)
[2023-11-10T11:50:52.425-0800][76656057ms] GC(23172) Pause Young (Normal) (G1 Evacuation Pause) 3233M->2867M(3602M) 5.149ms
[2023-11-10T11:50:52.425-0800][76656057ms] GC(23172) User=0.00s Sys=0.00s Real=0.00s
[2023-11-10T11:50:52.856-0800][76656488ms] GC(23173) Pause Young (Normal) (G1 Evacuation Pause)
[2023-11-10T11:50:52.856-0800][76656488ms] GC(23173) Using 10 workers of 10 for evacuation
[2023-11-10T11:50:52.862-0800][76656494ms] GC(23173)   Pre Evacuate Collection Set: 0.0ms
[2023-11-10T11:50:52.862-0800][76656494ms] GC(23173)   Evacuate Collection Set: 1.8ms
[2023-11-10T11:50:52.862-0800][76656494ms] GC(23173)   Post Evacuate Collection Set: 3.0ms
[2023-11-10T11:50:52.862-0800][76656494ms] GC(23173)   Other: 0.3ms
[2023-11-10T11:50:52.862-0800][76656494ms] GC(23173) Eden regions: 183->0(183)
[2023-11-10T11:50:52.862-0800][76656494ms] GC(23173) Survivor regions: 1->1(23)
[2023-11-10T11:50:52.862-0800][76656494ms] GC(23173) Old regions: 1429->1429
[2023-11-10T11:50:52.862-0800][76656494ms] GC(23173) Humongous regions: 5->5
[2023-11-10T11:50:52.862-0800][76656494ms] GC(23173) Metaspace: 304930K->304930K(1349632K)
[2023-11-10T11:50:52.862-0800][76656494ms] GC(23173) Pause Young (Normal) (G1 Evacuation Pause) 3233M->2867M(3602M) 5.262ms
[2023-11-10T11:50:52.862-0800][76656494ms] GC(23173) User=0.00s Sys=0.00s Real=0.01s
[2023-11-10T11:50:53.321-0800][76656953ms] GC(23174) Pause Young (Normal) (G1 Evacuation Pause)
[2023-11-10T11:50:53.321-0800][76656953ms] GC(23174) Using 10 workers of 10 for evacuation
[2023-11-10T11:50:53.328-0800][76656960ms] GC(23174)   Pre Evacuate Collection Set: 0.0ms
[2023-11-10T11:50:53.329-0800][76656961ms] GC(23174)   Evacuate Collection Set: 1.7ms
[2023-11-10T11:50:53.329-0800][76656961ms] GC(23174)   Post Evacuate Collection Set: 5.3ms
[2023-11-10T11:50:53.329-0800][76656961ms] GC(23174)   Other: 0.3ms
[2023-11-10T11:50:53.329-0800][76656961ms] GC(23174) Eden regions: 183->0(183)
[2023-11-10T11:50:53.329-0800][76656961ms] GC(23174) Survivor regions: 1->1(23)
[2023-11-10T11:50:53.329-0800][76656961ms] GC(23174) Old regions: 1429->1429
[2023-11-10T11:50:53.329-0800][76656961ms] GC(23174) Humongous regions: 5->5
[2023-11-10T11:50:53.329-0800][76656961ms] GC(23174) Metaspace: 304930K->304930K(1349632K)
[2023-11-10T11:50:53.329-0800][76656961ms] GC(23174) Pause Young (Normal) (G1 Evacuation Pause) 3233M->2867M(3602M) 7.335ms
[2023-11-10T11:50:53.329-0800][76656961ms] GC(23174) User=0.00s Sys=0.00s Real=0.01s
[2023-11-10T11:50:53.773-0800][76657405ms] GC(23175) Pause Young (Normal) (G1 Evacuation Pause)
[2023-11-10T11:50:53.773-0800][76657405ms] GC(23175) Using 10 workers of 10 for evacuation
[2023-11-10T11:50:53.780-0800][76657412ms] GC(23175)   Pre Evacuate Collection Set: 0.1ms
[2023-11-10T11:50:53.780-0800][76657412ms] GC(23175)   Evacuate Collection Set: 2.2ms
[2023-11-10T11:50:53.780-0800][76657412ms] GC(23175)   Post Evacuate Collection Set: 3.7ms
[2023-11-10T11:50:53.780-0800][76657412ms] GC(23175)   Other: 0.4ms
[2023-11-10T11:50:53.780-0800][76657412ms] GC(23175) Eden regions: 183->0(183)
[2023-11-10T11:50:53.780-0800][76657412ms] GC(23175) Survivor regions: 1->1(23)
[2023-11-10T11:50:53.780-0800][76657412ms] GC(23175) Old regions: 1429->1429
[2023-11-10T11:50:53.780-0800][76657412ms] GC(23175) Humongous regions: 5->5
[2023-11-10T11:50:53.780-0800][76657412ms] GC(23175) Metaspace: 304930K->304930K(1349632K)
[2023-11-10T11:50:53.780-0800][76657412ms] GC(23175) Pause Young (Normal) (G1 Evacuation Pause) 3233M->2868M(3602M) 6.425ms
[2023-11-10T11:50:53.780-0800][76657412ms] GC(23175) User=0.00s Sys=0.00s Real=0.01s
[2023-11-10T11:50:54.212-0800][76657844ms] GC(23176) Pause Young (Normal) (G1 Evacuation Pause)
[2023-11-10T11:50:54.212-0800][76657844ms] GC(23176) Using 10 workers of 10 for evacuation
[2023-11-10T11:50:54.217-0800][76657849ms] GC(23176)   Pre Evacuate Collection Set: 0.1ms
[2023-11-10T11:50:54.217-0800][76657849ms] GC(23176)   Evacuate Collection Set: 1.7ms
[2023-11-10T11:50:54.217-0800][76657849ms] GC(23176)   Post Evacuate Collection Set: 3.3ms
[2023-11-10T11:50:54.218-0800][76657850ms] GC(23176)   Other: 0.3ms
[2023-11-10T11:50:54.218-0800][76657850ms] GC(23176) Eden regions: 183->0(184)
[2023-11-10T11:50:54.218-0800][76657850ms] GC(23176) Survivor regions: 1->1(23)
[2023-11-10T11:50:54.218-0800][76657850ms] GC(23176) Old regions: 1429->1429
[2023-11-10T11:50:54.218-0800][76657850ms] GC(23176) Humongous regions: 5->5
[2023-11-10T11:50:54.218-0800][76657850ms] GC(23176) Metaspace: 304930K->304930K(1349632K)
[2023-11-10T11:50:54.218-0800][76657850ms] GC(23176) Pause Young (Normal) (G1 Evacuation Pause) 3234M->2867M(3602M) 5.429ms
[2023-11-10T11:50:54.218-0800][76657850ms] GC(23176) User=0.00s Sys=0.00s Real=0.01s
[2023-11-10T11:50:54.670-0800][76658302ms] GC(23177) Pause Young (Normal) (G1 Evacuation Pause)
[2023-11-10T11:50:54.670-0800][76658302ms] GC(23177) Using 10 workers of 10 for evacuation
[2023-11-10T11:50:54.675-0800][76658307ms] GC(23177)   Pre Evacuate Collection Set: 0.0ms
[2023-11-10T11:50:54.675-0800][76658307ms] GC(23177)   Evacuate Collection Set: 1.8ms
[2023-11-10T11:50:54.675-0800][76658307ms] GC(23177)   Post Evacuate Collection Set: 3.2ms
[2023-11-10T11:50:54.675-0800][76658307ms] GC(23177)   Other: 0.2ms
[2023-11-10T11:50:54.675-0800][76658307ms] GC(23177) Eden regions: 184->0(184)
[2023-11-10T11:50:54.675-0800][76658307ms] GC(23177) Survivor regions: 1->1(24)
[2023-11-10T11:50:54.675-0800][76658307ms] GC(23177) Old regions: 1429->1429
[2023-11-10T11:50:54.675-0800][76658307ms] GC(23177) Humongous regions: 5->5
[2023-11-10T11:50:54.675-0800][76658307ms] GC(23177) Metaspace: 304930K->304930K(1349632K)
[2023-11-10T11:50:54.675-0800][76658307ms] GC(23177) Pause Young (Normal) (G1 Evacuation Pause) 3235M->2867M(3602M) 5.281ms
[2023-11-10T11:50:54.675-0800][76658307ms] GC(23177) User=0.00s Sys=0.00s Real=0.00s
[2023-11-10T11:50:55.153-0800][76658785ms] GC(23178) Pause Young (Normal) (G1 Evacuation Pause)
[2023-11-10T11:50:55.153-0800][76658785ms] GC(23178) Using 10 workers of 10 for evacuation
[2023-11-10T11:50:55.158-0800][76658790ms] GC(23178)   Pre Evacuate Collection Set: 0.0ms
[2023-11-10T11:50:55.158-0800][76658790ms] GC(23178)   Evacuate Collection Set: 1.7ms
[2023-11-10T11:50:55.158-0800][76658790ms] GC(23178)   Post Evacuate Collection Set: 3.2ms
[2023-11-10T11:50:55.158-0800][76658790ms] GC(23178)   Other: 0.2ms
[2023-11-10T11:50:55.158-0800][76658790ms] GC(23178) Eden regions: 184->0(184)
[2023-11-10T11:50:55.158-0800][76658790ms] GC(23178) Survivor regions: 1->1(24)
[2023-11-10T11:50:55.158-0800][76658790ms] GC(23178) Old regions: 1429->1429
[2023-11-10T11:50:55.158-0800][76658790ms] GC(23178) Humongous regions: 5->5
[2023-11-10T11:50:55.158-0800][76658790ms] GC(23178) Metaspace: 304930K->304930K(1349632K)
[2023-11-10T11:50:55.158-0800][76658790ms] GC(23178) Pause Young (Normal) (G1 Evacuation Pause) 3235M->2868M(3602M) 5.319ms
[2023-11-10T11:50:55.158-0800][76658790ms] GC(23178) User=0.00s Sys=0.00s Real=0.00s
[2023-11-10T11:50:55.654-0800][76659286ms] GC(23179) Pause Young (Normal) (G1 Evacuation Pause)
[2023-11-10T11:50:55.654-0800][76659286ms] GC(23179) Using 10 workers of 10 for evacuation
[2023-11-10T11:50:55.658-0800][76659290ms] GC(23179)   Pre Evacuate Collection Set: 0.0ms
[2023-11-10T11:50:55.658-0800][76659290ms] GC(23179)   Evacuate Collection Set: 1.6ms
[2023-11-10T11:50:55.658-0800][76659290ms] GC(23179)   Post Evacuate Collection Set: 3.1ms
[2023-11-10T11:50:55.658-0800][76659290ms] GC(23179)   Other: 0.3ms
[2023-11-10T11:50:55.658-0800][76659290ms] GC(23179) Eden regions: 184->0(184)
[2023-11-10T11:50:55.658-0800][76659290ms] GC(23179) Survivor regions: 1->1(24)
[2023-11-10T11:50:55.658-0800][76659290ms] GC(23179) Old regions: 1429->1429
[2023-11-10T11:50:55.658-0800][76659290ms] GC(23179) Humongous regions: 5->5
[2023-11-10T11:50:55.658-0800][76659290ms] GC(23179) Metaspace: 304930K->304930K(1349632K)
[2023-11-10T11:50:55.658-0800][76659290ms] GC(23179) Pause Young (Normal) (G1 Evacuation Pause) 3236M->2868M(3602M) 5.135ms
[2023-11-10T11:50:55.658-0800][76659290ms] GC(23179) User=0.00s Sys=0.00s Real=0.00s
[2023-11-10T11:50:56.092-0800][76659724ms] GC(23180) Pause Young (Normal) (GCLocker Initiated GC)
[2023-11-10T11:50:56.092-0800][76659724ms] GC(23180) Using 10 workers of 10 for evacuation
[2023-11-10T11:50:56.097-0800][76659729ms] GC(23180)   Pre Evacuate Collection Set: 0.1ms
[2023-11-10T11:50:56.097-0800][76659729ms] GC(23180)   Evacuate Collection Set: 1.8ms
[2023-11-10T11:50:56.097-0800][76659729ms] GC(23180)   Post Evacuate Collection Set: 3.3ms
[2023-11-10T11:50:56.097-0800][76659729ms] GC(23180)   Other: 0.3ms
[2023-11-10T11:50:56.097-0800][76659729ms] GC(23180) Eden regions: 185->0(184)
[2023-11-10T11:50:56.097-0800][76659729ms] GC(23180) Survivor regions: 1->1(24)
[2023-11-10T11:50:56.097-0800][76659729ms] GC(23180) Old regions: 1429->1429
[2023-11-10T11:50:56.097-0800][76659729ms] GC(23180) Humongous regions: 5->5
[2023-11-10T11:50:56.097-0800][76659729ms] GC(23180) Metaspace: 304930K->304930K(1349632K)
[2023-11-10T11:50:56.097-0800][76659729ms] GC(23180) Pause Young (Normal) (GCLocker Initiated GC) 3237M->2868M(3602M) 5.628ms
[2023-11-10T11:50:56.097-0800][76659729ms] GC(23180) User=0.00s Sys=0.00s Real=0.00s
[2023-11-10T11:50:56.623-0800][76660255ms] GC(23181) Pause Young (Normal) (GCLocker Initiated GC)
[2023-11-10T11:50:56.623-0800][76660255ms] GC(23181) Using 10 workers of 10 for evacuation
[2023-11-10T11:50:56.630-0800][76660262ms] GC(23181)   Pre Evacuate Collection Set: 0.1ms
[2023-11-10T11:50:56.630-0800][76660262ms] GC(23181)   Evacuate Collection Set: 2.5ms
[2023-11-10T11:50:56.630-0800][76660262ms] GC(23181)   Post Evacuate Collection Set: 4.9ms
[2023-11-10T11:50:56.630-0800][76660262ms] GC(23181)   Other: 0.3ms
[2023-11-10T11:50:56.630-0800][76660262ms] GC(23181) Eden regions: 184->0(184)
[2023-11-10T11:50:56.630-0800][76660262ms] GC(23181) Survivor regions: 1->1(24)
[2023-11-10T11:50:56.630-0800][76660262ms] GC(23181) Old regions: 1429->1429
[2023-11-10T11:50:56.630-0800][76660262ms] GC(23181) Humongous regions: 5->5
[2023-11-10T11:50:56.631-0800][76660263ms] GC(23181) Metaspace: 304930K->304930K(1349632K)
[2023-11-10T11:50:56.631-0800][76660263ms] GC(23181) Pause Young (Normal) (GCLocker Initiated GC) 3236M->2868M(3602M) 7.827ms
[2023-11-10T11:50:56.631-0800][76660263ms] GC(23181) User=0.00s Sys=0.00s Real=0.01s
[2023-11-10T11:50:57.097-0800][76660729ms] GC(23182) Pause Young (Normal) (GCLocker Initiated GC)
[2023-11-10T11:50:57.097-0800][76660729ms] GC(23182) Using 10 workers of 10 for evacuation
[2023-11-10T11:50:57.103-0800][76660735ms] GC(23182)   Pre Evacuate Collection Set: 0.0ms
[2023-11-10T11:50:57.104-0800][76660736ms] GC(23182)   Evacuate Collection Set: 2.4ms
[2023-11-10T11:50:57.104-0800][76660736ms] GC(23182)   Post Evacuate Collection Set: 3.6ms
[2023-11-10T11:50:57.104-0800][76660736ms] GC(23182)   Other: 0.3ms
[2023-11-10T11:50:57.104-0800][76660736ms] GC(23182) Eden regions: 184->0(184)
[2023-11-10T11:50:57.104-0800][76660736ms] GC(23182) Survivor regions: 1->1(24)
[2023-11-10T11:50:57.104-0800][76660736ms] GC(23182) Old regions: 1429->1429
[2023-11-10T11:50:57.104-0800][76660736ms] GC(23182) Humongous regions: 5->5
[2023-11-10T11:50:57.104-0800][76660736ms] GC(23182) Metaspace: 304930K->304930K(1349632K)
[2023-11-10T11:50:57.104-0800][76660736ms] GC(23182) Pause Young (Normal) (GCLocker Initiated GC) 3236M->2868M(3602M) 6.421ms
[2023-11-10T11:50:57.104-0800][76660736ms] GC(23182) User=0.02s Sys=0.00s Real=0.01s
[2023-11-10T11:50:57.582-0800][76661214ms] GC(23183) Pause Young (Normal) (GCLocker Initiated GC)
[2023-11-10T11:50:57.582-0800][76661214ms] GC(23183) Using 10 workers of 10 for evacuation
[2023-11-10T11:50:57.590-0800][76661222ms] GC(23183)   Pre Evacuate Collection Set: 0.1ms
[2023-11-10T11:50:57.590-0800][76661222ms] GC(23183)   Evacuate Collection Set: 2.4ms
[2023-11-10T11:50:57.590-0800][76661222ms] GC(23183)   Post Evacuate Collection Set: 4.9ms
[2023-11-10T11:50:57.590-0800][76661222ms] GC(23183)   Other: 0.3ms
[2023-11-10T11:50:57.590-0800][76661222ms] GC(23183) Eden regions: 185->0(184)
[2023-11-10T11:50:57.590-0800][76661222ms] GC(23183) Survivor regions: 1->1(24)
[2023-11-10T11:50:57.590-0800][76661222ms] GC(23183) Old regions: 1429->1429
[2023-11-10T11:50:57.590-0800][76661222ms] GC(23183) Humongous regions: 5->5
[2023-11-10T11:50:57.590-0800][76661222ms] GC(23183) Metaspace: 304931K->304931K(1349632K)
[2023-11-10T11:50:57.590-0800][76661222ms] GC(23183) Pause Young (Normal) (GCLocker Initiated GC) 3236M->2868M(3602M) 7.902ms
[2023-11-10T11:50:57.590-0800][76661222ms] GC(23183) User=0.02s Sys=0.00s Real=0.01s
[2023-11-10T11:50:58.069-0800][76661701ms] GC(23184) Pause Young (Normal) (GCLocker Initiated GC)
[2023-11-10T11:50:58.069-0800][76661701ms] GC(23184) Using 10 workers of 10 for evacuation
[2023-11-10T11:50:58.075-0800][76661707ms] GC(23184)   Pre Evacuate Collection Set: 0.1ms
[2023-11-10T11:50:58.075-0800][76661707ms] GC(23184)   Evacuate Collection Set: 1.9ms
[2023-11-10T11:50:58.075-0800][76661707ms] GC(23184)   Post Evacuate Collection Set: 3.7ms
[2023-11-10T11:50:58.075-0800][76661707ms] GC(23184)   Other: 0.3ms
[2023-11-10T11:50:58.075-0800][76661707ms] GC(23184) Eden regions: 184->0(184)
[2023-11-10T11:50:58.075-0800][76661707ms] GC(23184) Survivor regions: 1->1(24)
[2023-11-10T11:50:58.075-0800][76661707ms] GC(23184) Old regions: 1429->1429
[2023-11-10T11:50:58.075-0800][76661707ms] GC(23184) Humongous regions: 5->5
[2023-11-10T11:50:58.075-0800][76661707ms] GC(23184) Metaspace: 304931K->304931K(1349632K)
[2023-11-10T11:50:58.075-0800][76661707ms] GC(23184) Pause Young (Normal) (GCLocker Initiated GC) 3236M->2868M(3602M) 6.035ms
[2023-11-10T11:50:58.075-0800][76661707ms] GC(23184) User=0.13s Sys=0.00s Real=0.01s
[2023-11-10T11:50:58.576-0800][76662208ms] GC(23185) Pause Young (Normal) (G1 Evacuation Pause)
[2023-11-10T11:50:58.576-0800][76662208ms] GC(23185) Using 10 workers of 10 for evacuation
[2023-11-10T11:50:58.581-0800][76662213ms] GC(23185)   Pre Evacuate Collection Set: 0.0ms
[2023-11-10T11:50:58.581-0800][76662213ms] GC(23185)   Evacuate Collection Set: 1.7ms
[2023-11-10T11:50:58.581-0800][76662213ms] GC(23185)   Post Evacuate Collection Set: 3.5ms
[2023-11-10T11:50:58.581-0800][76662213ms] GC(23185)   Other: 0.3ms
[2023-11-10T11:50:58.581-0800][76662213ms] GC(23185) Eden regions: 184->0(184)
[2023-11-10T11:50:58.581-0800][76662213ms] GC(23185) Survivor regions: 1->1(24)
[2023-11-10T11:50:58.581-0800][76662213ms] GC(23185) Old regions: 1429->1429
[2023-11-10T11:50:58.581-0800][76662213ms] GC(23185) Humongous regions: 5->5
[2023-11-10T11:50:58.581-0800][76662213ms] GC(23185) Metaspace: 304931K->304931K(1349632K)
[2023-11-10T11:50:58.581-0800][76662213ms] GC(23185) Pause Young (Normal) (G1 Evacuation Pause) 3236M->2868M(3602M) 5.753ms
[2023-11-10T11:50:58.581-0800][76662213ms] GC(23185) User=0.00s Sys=0.00s Real=0.01s
[2023-11-10T11:50:59.030-0800][76662662ms] GC(23186) Pause Young (Normal) (G1 Evacuation Pause)
[2023-11-10T11:50:59.030-0800][76662662ms] GC(23186) Using 10 workers of 10 for evacuation
[2023-11-10T11:50:59.038-0800][76662670ms] GC(23186)   Pre Evacuate Collection Set: 0.1ms
[2023-11-10T11:50:59.038-0800][76662670ms] GC(23186)   Evacuate Collection Set: 2.2ms
[2023-11-10T11:50:59.038-0800][76662670ms] GC(23186)   Post Evacuate Collection Set: 5.7ms
[2023-11-10T11:50:59.038-0800][76662670ms] GC(23186)   Other: 0.3ms
[2023-11-10T11:50:59.038-0800][76662670ms] GC(23186) Eden regions: 184->0(184)
[2023-11-10T11:50:59.038-0800][76662670ms] GC(23186) Survivor regions: 1->1(24)
[2023-11-10T11:50:59.038-0800][76662670ms] GC(23186) Old regions: 1429->1429
[2023-11-10T11:50:59.038-0800][76662670ms] GC(23186) Humongous regions: 5->5
[2023-11-10T11:50:59.038-0800][76662670ms] GC(23186) Metaspace: 304931K->304931K(1349632K)
[2023-11-10T11:50:59.038-0800][76662670ms] GC(23186) Pause Young (Normal) (G1 Evacuation Pause) 3236M->2868M(3602M) 8.440ms
[2023-11-10T11:50:59.038-0800][76662670ms] GC(23186) User=0.02s Sys=0.00s Real=0.01s
[2023-11-10T11:50:59.595-0800][76663227ms] GC(23187) Pause Young (Normal) (G1 Evacuation Pause)
[2023-11-10T11:50:59.595-0800][76663227ms] GC(23187) Using 10 workers of 10 for evacuation
[2023-11-10T11:50:59.605-0800][76663237ms] GC(23187)   Pre Evacuate Collection Set: 0.1ms
[2023-11-10T11:50:59.605-0800][76663237ms] GC(23187)   Evacuate Collection Set: 3.1ms
[2023-11-10T11:50:59.605-0800][76663237ms] GC(23187)   Post Evacuate Collection Set: 6.4ms
[2023-11-10T11:50:59.606-0800][76663238ms] GC(23187)   Other: 0.5ms
[2023-11-10T11:50:59.606-0800][76663238ms] GC(23187) Eden regions: 184->0(184)
[2023-11-10T11:50:59.606-0800][76663238ms] GC(23187) Survivor regions: 1->1(24)
[2023-11-10T11:50:59.606-0800][76663238ms] GC(23187) Old regions: 1429->1429
[2023-11-10T11:50:59.606-0800][76663238ms] GC(23187) Humongous regions: 5->5
[2023-11-10T11:50:59.606-0800][76663238ms] GC(23187) Metaspace: 304931K->304931K(1349632K)
[2023-11-10T11:50:59.606-0800][76663238ms] GC(23187) Pause Young (Normal) (G1 Evacuation Pause) 3236M->2868M(3602M) 10.405ms
[2023-11-10T11:50:59.606-0800][76663238ms] GC(23187) User=0.02s Sys=0.00s Real=0.01s
[2023-11-10T11:51:00.074-0800][76663706ms] GC(23188) Pause Young (Normal) (G1 Evacuation Pause)
[2023-11-10T11:51:00.074-0800][76663706ms] GC(23188) Using 10 workers of 10 for evacuation
[2023-11-10T11:51:00.083-0800][76663715ms] GC(23188)   Pre Evacuate Collection Set: 0.1ms
[2023-11-10T11:51:00.083-0800][76663715ms] GC(23188)   Evacuate Collection Set: 2.4ms
[2023-11-10T11:51:00.083-0800][76663715ms] GC(23188)   Post Evacuate Collection Set: 5.4ms
[2023-11-10T11:51:00.083-0800][76663715ms] GC(23188)   Other: 0.4ms
[2023-11-10T11:51:00.083-0800][76663715ms] GC(23188) Eden regions: 184->0(184)
[2023-11-10T11:51:00.083-0800][76663715ms] GC(23188) Survivor regions: 1->1(24)
[2023-11-10T11:51:00.083-0800][76663715ms] GC(23188) Old regions: 1429->1429
[2023-11-10T11:51:00.083-0800][76663715ms] GC(23188) Humongous regions: 5->5
[2023-11-10T11:51:00.083-0800][76663715ms] GC(23188) Metaspace: 304931K->304931K(1349632K)
[2023-11-10T11:51:00.083-0800][76663715ms] GC(23188) Pause Young (Normal) (G1 Evacuation Pause) 3236M->2868M(3602M) 8.471ms
[2023-11-10T11:51:00.083-0800][76663715ms] GC(23188) User=0.00s Sys=0.00s Real=0.01s
[2023-11-10T11:51:00.546-0800][76664178ms] GC(23189) Pause Young (Normal) (G1 Evacuation Pause)
[2023-11-10T11:51:00.546-0800][76664178ms] GC(23189) Using 10 workers of 10 for evacuation
[2023-11-10T11:51:00.553-0800][76664185ms] GC(23189)   Pre Evacuate Collection Set: 0.1ms
[2023-11-10T11:51:00.553-0800][76664185ms] GC(23189)   Evacuate Collection Set: 2.2ms
[2023-11-10T11:51:00.553-0800][76664185ms] GC(23189)   Post Evacuate Collection Set: 3.5ms
[2023-11-10T11:51:00.553-0800][76664185ms] GC(23189)   Other: 0.3ms
[2023-11-10T11:51:00.553-0800][76664185ms] GC(23189) Eden regions: 184->0(184)
[2023-11-10T11:51:00.553-0800][76664185ms] GC(23189) Survivor regions: 1->1(24)
[2023-11-10T11:51:00.553-0800][76664185ms] GC(23189) Old regions: 1429->1429
[2023-11-10T11:51:00.553-0800][76664185ms] GC(23189) Humongous regions: 5->5
[2023-11-10T11:51:00.553-0800][76664185ms] GC(23189) Metaspace: 304931K->304931K(1349632K)
[2023-11-10T11:51:00.553-0800][76664185ms] GC(23189) Pause Young (Normal) (G1 Evacuation Pause) 3236M->2868M(3602M) 6.125ms
[2023-11-10T11:51:00.553-0800][76664185ms] GC(23189) User=0.00s Sys=0.00s Real=0.01s
[2023-11-10T11:51:00.993-0800][76664625ms] GC(23190) Pause Young (Normal) (G1 Evacuation Pause)
[2023-11-10T11:51:00.994-0800][76664626ms] GC(23190) Using 10 workers of 10 for evacuation
[2023-11-10T11:51:00.998-0800][76664630ms] GC(23190)   Pre Evacuate Collection Set: 0.0ms
[2023-11-10T11:51:00.999-0800][76664631ms] GC(23190)   Evacuate Collection Set: 1.6ms
[2023-11-10T11:51:00.999-0800][76664631ms] GC(23190)   Post Evacuate Collection Set: 3.1ms
[2023-11-10T11:51:00.999-0800][76664631ms] GC(23190)   Other: 0.2ms
[2023-11-10T11:51:00.999-0800][76664631ms] GC(23190) Eden regions: 184->0(184)
[2023-11-10T11:51:00.999-0800][76664631ms] GC(23190) Survivor regions: 1->1(24)
[2023-11-10T11:51:00.999-0800][76664631ms] GC(23190) Old regions: 1429->1429
[2023-11-10T11:51:00.999-0800][76664631ms] GC(23190) Humongous regions: 5->5
[2023-11-10T11:51:00.999-0800][76664631ms] GC(23190) Metaspace: 304931K->304931K(1349632K)
[2023-11-10T11:51:00.999-0800][76664631ms] GC(23190) Pause Young (Normal) (G1 Evacuation Pause) 3236M->2868M(3602M) 5.125ms
[2023-11-10T11:51:00.999-0800][76664631ms] GC(23190) User=0.00s Sys=0.00s Real=0.01s
[2023-11-10T11:51:01.492-0800][76665124ms] GC(23191) Pause Young (Normal) (G1 Evacuation Pause)
[2023-11-10T11:51:01.492-0800][76665124ms] GC(23191) Using 10 workers of 10 for evacuation
[2023-11-10T11:51:01.496-0800][76665128ms] GC(23191)   Pre Evacuate Collection Set: 0.0ms
[2023-11-10T11:51:01.496-0800][76665128ms] GC(23191)   Evacuate Collection Set: 1.7ms
[2023-11-10T11:51:01.496-0800][76665128ms] GC(23191)   Post Evacuate Collection Set: 3.1ms
[2023-11-10T11:51:01.496-0800][76665128ms] GC(23191)   Other: 0.3ms
[2023-11-10T11:51:01.496-0800][76665128ms] GC(23191) Eden regions: 184->0(184)
[2023-11-10T11:51:01.496-0800][76665128ms] GC(23191) Survivor regions: 1->1(24)
[2023-11-10T11:51:01.496-0800][76665128ms] GC(23191) Old regions: 1429->1429
[2023-11-10T11:51:01.496-0800][76665128ms] GC(23191) Humongous regions: 5->5
[2023-11-10T11:51:01.496-0800][76665128ms] GC(23191) Metaspace: 304931K->304931K(1349632K)
[2023-11-10T11:51:01.496-0800][76665128ms] GC(23191) Pause Young (Normal) (G1 Evacuation Pause) 3236M->2868M(3602M) 5.217ms
[2023-11-10T11:51:01.496-0800][76665128ms] GC(23191) User=0.00s Sys=0.00s Real=0.00s
[2023-11-10T11:51:02.010-0800][76665642ms] GC(23192) Pause Young (Normal) (G1 Evacuation Pause)
[2023-11-10T11:51:02.010-0800][76665642ms] GC(23192) Using 10 workers of 10 for evacuation
[2023-11-10T11:51:02.015-0800][76665647ms] GC(23192)   Pre Evacuate Collection Set: 0.0ms
[2023-11-10T11:51:02.015-0800][76665647ms] GC(23192)   Evacuate Collection Set: 1.7ms
[2023-11-10T11:51:02.015-0800][76665647ms] GC(23192)   Post Evacuate Collection Set: 3.1ms
[2023-11-10T11:51:02.015-0800][76665647ms] GC(23192)   Other: 0.2ms
[2023-11-10T11:51:02.015-0800][76665647ms] GC(23192) Eden regions: 184->0(184)
[2023-11-10T11:51:02.015-0800][76665647ms] GC(23192) Survivor regions: 1->1(24)
[2023-11-10T11:51:02.015-0800][76665647ms] GC(23192) Old regions: 1429->1429
[2023-11-10T11:51:02.015-0800][76665647ms] GC(23192) Humongous regions: 5->5
[2023-11-10T11:51:02.015-0800][76665647ms] GC(23192) Metaspace: 304931K->304931K(1349632K)
[2023-11-10T11:51:02.015-0800][76665647ms] GC(23192) Pause Young (Normal) (G1 Evacuation Pause) 3236M->2868M(3602M) 5.201ms
[2023-11-10T11:51:02.015-0800][76665647ms] GC(23192) User=0.00s Sys=0.00s Real=0.01s
[2023-11-10T11:51:02.479-0800][76666111ms] GC(23193) Pause Young (Normal) (G1 Evacuation Pause)
[2023-11-10T11:51:02.479-0800][76666111ms] GC(23193) Using 10 workers of 10 for evacuation
[2023-11-10T11:51:02.490-0800][76666122ms] GC(23193)   Pre Evacuate Collection Set: 0.0ms
[2023-11-10T11:51:02.490-0800][76666122ms] GC(23193)   Evacuate Collection Set: 1.7ms
[2023-11-10T11:51:02.490-0800][76666122ms] GC(23193)   Post Evacuate Collection Set: 7.9ms
[2023-11-10T11:51:02.490-0800][76666122ms] GC(23193)   Other: 0.3ms
[2023-11-10T11:51:02.490-0800][76666122ms] GC(23193) Eden regions: 184->0(184)
[2023-11-10T11:51:02.490-0800][76666122ms] GC(23193) Survivor regions: 1->1(24)
[2023-11-10T11:51:02.490-0800][76666122ms] GC(23193) Old regions: 1429->1429
[2023-11-10T11:51:02.490-0800][76666122ms] GC(23193) Humongous regions: 5->5
[2023-11-10T11:51:02.490-0800][76666122ms] GC(23193) Metaspace: 304931K->304931K(1349632K)
[2023-11-10T11:51:02.490-0800][76666122ms] GC(23193) Pause Young (Normal) (G1 Evacuation Pause) 3236M->2868M(3602M) 10.096ms
[2023-11-10T11:51:02.490-0800][76666122ms] GC(23193) User=0.00s Sys=0.00s Real=0.01s
[2023-11-10T11:51:03.018-0800][76666650ms] GC(23194) Pause Young (Normal) (G1 Evacuation Pause)
[2023-11-10T11:51:03.018-0800][76666650ms] GC(23194) Using 10 workers of 10 for evacuation
[2023-11-10T11:51:03.028-0800][76666660ms] GC(23194)   Pre Evacuate Collection Set: 0.1ms
[2023-11-10T11:51:03.028-0800][76666660ms] GC(23194)   Evacuate Collection Set: 2.5ms
[2023-11-10T11:51:03.028-0800][76666660ms] GC(23194)   Post Evacuate Collection Set: 6.2ms
[2023-11-10T11:51:03.028-0800][76666660ms] GC(23194)   Other: 0.5ms
[2023-11-10T11:51:03.028-0800][76666660ms] GC(23194) Eden regions: 184->0(184)
[2023-11-10T11:51:03.028-0800][76666660ms] GC(23194) Survivor regions: 1->1(24)
[2023-11-10T11:51:03.028-0800][76666660ms] GC(23194) Old regions: 1429->1429
[2023-11-10T11:51:03.028-0800][76666660ms] GC(23194) Humongous regions: 5->5
[2023-11-10T11:51:03.028-0800][76666660ms] GC(23194) Metaspace: 304932K->304932K(1349632K)
[2023-11-10T11:51:03.028-0800][76666660ms] GC(23194) Pause Young (Normal) (G1 Evacuation Pause) 3236M->2868M(3602M) 9.324ms
[2023-11-10T11:51:03.028-0800][76666660ms] GC(23194) User=0.00s Sys=0.00s Real=0.01s
[2023-11-10T11:51:03.517-0800][76667149ms] GC(23195) Pause Young (Normal) (G1 Evacuation Pause)
[2023-11-10T11:51:03.517-0800][76667149ms] GC(23195) Using 10 workers of 10 for evacuation
[2023-11-10T11:51:03.523-0800][76667155ms] GC(23195)   Pre Evacuate Collection Set: 0.0ms
[2023-11-10T11:51:03.523-0800][76667155ms] GC(23195)   Evacuate Collection Set: 1.7ms
[2023-11-10T11:51:03.523-0800][76667155ms] GC(23195)   Post Evacuate Collection Set: 3.1ms
[2023-11-10T11:51:03.523-0800][76667155ms] GC(23195)   Other: 0.2ms
[2023-11-10T11:51:03.523-0800][76667155ms] GC(23195) Eden regions: 184->0(184)
[2023-11-10T11:51:03.523-0800][76667155ms] GC(23195) Survivor regions: 1->1(24)
[2023-11-10T11:51:03.523-0800][76667155ms] GC(23195) Old regions: 1429->1429
[2023-11-10T11:51:03.523-0800][76667155ms] GC(23195) Humongous regions: 5->5
[2023-11-10T11:51:03.523-0800][76667155ms] GC(23195) Metaspace: 304932K->304932K(1349632K)
[2023-11-10T11:51:03.523-0800][76667155ms] GC(23195) Pause Young (Normal) (G1 Evacuation Pause) 3236M->2868M(3602M) 5.232ms
[2023-11-10T11:51:03.523-0800][76667155ms] GC(23195) User=0.00s Sys=0.00s Real=0.01s
[2023-11-10T11:51:03.965-0800][76667598ms] GC(23196) Pause Young (Normal) (G1 Evacuation Pause)
[2023-11-10T11:51:03.966-0800][76667598ms] GC(23196) Using 10 workers of 10 for evacuation
[2023-11-10T11:51:03.972-0800][76667604ms] GC(23196)   Pre Evacuate Collection Set: 0.1ms
[2023-11-10T11:51:03.972-0800][76667604ms] GC(23196)   Evacuate Collection Set: 1.7ms
[2023-11-10T11:51:03.972-0800][76667604ms] GC(23196)   Post Evacuate Collection Set: 3.5ms
[2023-11-10T11:51:03.972-0800][76667604ms] GC(23196)   Other: 0.4ms
[2023-11-10T11:51:03.972-0800][76667604ms] GC(23196) Eden regions: 184->0(184)
[2023-11-10T11:51:03.972-0800][76667604ms] GC(23196) Survivor regions: 1->1(24)
[2023-11-10T11:51:03.972-0800][76667604ms] GC(23196) Old regions: 1429->1429
[2023-11-10T11:51:03.972-0800][76667604ms] GC(23196) Humongous regions: 5->5
[2023-11-10T11:51:03.972-0800][76667604ms] GC(23196) Metaspace: 304932K->304932K(1349632K)
[2023-11-10T11:51:03.972-0800][76667604ms] GC(23196) Pause Young (Normal) (G1 Evacuation Pause) 3236M->2868M(3602M) 5.778ms
[2023-11-10T11:51:03.972-0800][76667604ms] GC(23196) User=0.00s Sys=0.00s Real=0.01s
[2023-11-10T11:51:04.428-0800][76668060ms] GC(23197) Pause Young (Normal) (G1 Evacuation Pause)
[2023-11-10T11:51:04.428-0800][76668060ms] GC(23197) Using 10 workers of 10 for evacuation
[2023-11-10T11:51:04.433-0800][76668065ms] GC(23197)   Pre Evacuate Collection Set: 0.0ms
[2023-11-10T11:51:04.433-0800][76668065ms] GC(23197)   Evacuate Collection Set: 1.8ms
[2023-11-10T11:51:04.433-0800][76668065ms] GC(23197)   Post Evacuate Collection Set: 3.2ms
[2023-11-10T11:51:04.433-0800][76668065ms] GC(23197)   Other: 0.3ms
[2023-11-10T11:51:04.433-0800][76668065ms] GC(23197) Eden regions: 184->0(184)
[2023-11-10T11:51:04.433-0800][76668065ms] GC(23197) Survivor regions: 1->1(24)
[2023-11-10T11:51:04.433-0800][76668065ms] GC(23197) Old regions: 1429->1429
[2023-11-10T11:51:04.433-0800][76668065ms] GC(23197) Humongous regions: 5->5
[2023-11-10T11:51:04.433-0800][76668065ms] GC(23197) Metaspace: 304932K->304932K(1349632K)
[2023-11-10T11:51:04.433-0800][76668065ms] GC(23197) Pause Young (Normal) (G1 Evacuation Pause) 3236M->2868M(3602M) 5.412ms
[2023-11-10T11:51:04.433-0800][76668065ms] GC(23197) User=0.00s Sys=0.00s Real=0.01s
[2023-11-10T11:51:04.946-0800][76668578ms] GC(23198) Pause Young (Normal) (G1 Evacuation Pause)
[2023-11-10T11:51:04.946-0800][76668578ms] GC(23198) Using 10 workers of 10 for evacuation
[2023-11-10T11:51:04.951-0800][76668583ms] GC(23198)   Pre Evacuate Collection Set: 0.0ms
[2023-11-10T11:51:04.951-0800][76668583ms] GC(23198)   Evacuate Collection Set: 1.6ms
[2023-11-10T11:51:04.951-0800][76668583ms] GC(23198)   Post Evacuate Collection Set: 2.9ms
[2023-11-10T11:51:04.952-0800][76668584ms] GC(23198)   Other: 0.3ms
[2023-11-10T11:51:04.952-0800][76668584ms] GC(23198) Eden regions: 184->0(184)
[2023-11-10T11:51:04.952-0800][76668584ms] GC(23198) Survivor regions: 1->1(24)
[2023-11-10T11:51:04.952-0800][76668584ms] GC(23198) Old regions: 1429->1429
[2023-11-10T11:51:04.952-0800][76668584ms] GC(23198) Humongous regions: 5->5
[2023-11-10T11:51:04.952-0800][76668584ms] GC(23198) Metaspace: 304932K->304932K(1349632K)
[2023-11-10T11:51:04.952-0800][76668584ms] GC(23198) Pause Young (Normal) (G1 Evacuation Pause) 3236M->2868M(3602M) 4.937ms
[2023-11-10T11:51:04.952-0800][76668584ms] GC(23198) User=0.00s Sys=0.00s Real=0.01s
[2023-11-10T11:51:05.421-0800][76669053ms] GC(23199) Pause Young (Normal) (G1 Evacuation Pause)
[2023-11-10T11:51:05.421-0800][76669053ms] GC(23199) Using 10 workers of 10 for evacuation
[2023-11-10T11:51:05.426-0800][76669058ms] GC(23199)   Pre Evacuate Collection Set: 0.0ms
[2023-11-10T11:51:05.427-0800][76669059ms] GC(23199)   Evacuate Collection Set: 1.7ms
[2023-11-10T11:51:05.427-0800][76669059ms] GC(23199)   Post Evacuate Collection Set: 3.2ms
[2023-11-10T11:51:05.427-0800][76669059ms] GC(23199)   Other: 0.3ms
[2023-11-10T11:51:05.427-0800][76669059ms] GC(23199) Eden regions: 184->0(184)
[2023-11-10T11:51:05.427-0800][76669059ms] GC(23199) Survivor regions: 1->1(24)
[2023-11-10T11:51:05.427-0800][76669059ms] GC(23199) Old regions: 1429->1429
[2023-11-10T11:51:05.427-0800][76669059ms] GC(23199) Humongous regions: 5->5
[2023-11-10T11:51:05.427-0800][76669059ms] GC(23199) Metaspace: 304944K->304944K(1349632K)
[2023-11-10T11:51:05.427-0800][76669059ms] GC(23199) Pause Young (Normal) (G1 Evacuation Pause) 3236M->2868M(3602M) 5.409ms
[2023-11-10T11:51:05.427-0800][76669059ms] GC(23199) User=0.00s Sys=0.00s Real=0.01s
[2023-11-10T11:51:05.926-0800][76669558ms] GC(23200) Pause Young (Normal) (G1 Evacuation Pause)
[2023-11-10T11:51:05.926-0800][76669558ms] GC(23200) Using 10 workers of 10 for evacuation
[2023-11-10T11:51:05.933-0800][76669565ms] GC(23200)   Pre Evacuate Collection Set: 0.1ms
[2023-11-10T11:51:05.933-0800][76669565ms] GC(23200)   Evacuate Collection Set: 2.4ms
[2023-11-10T11:51:05.933-0800][76669565ms] GC(23200)   Post Evacuate Collection Set: 4.7ms
[2023-11-10T11:51:05.933-0800][76669565ms] GC(23200)   Other: 0.4ms
[2023-11-10T11:51:05.933-0800][76669565ms] GC(23200) Eden regions: 184->0(184)
[2023-11-10T11:51:05.933-0800][76669565ms] GC(23200) Survivor regions: 1->1(24)
[2023-11-10T11:51:05.933-0800][76669565ms] GC(23200) Old regions: 1429->1429
[2023-11-10T11:51:05.933-0800][76669565ms] GC(23200) Humongous regions: 5->5
[2023-11-10T11:51:05.933-0800][76669565ms] GC(23200) Metaspace: 304945K->304945K(1349632K)
[2023-11-10T11:51:05.933-0800][76669565ms] GC(23200) Pause Young (Normal) (G1 Evacuation Pause) 3236M->2868M(3602M) 7.594ms
[2023-11-10T11:51:05.933-0800][76669565ms] GC(23200) User=0.02s Sys=0.00s Real=0.01s
[2023-11-10T11:51:06.403-0800][76670035ms] GC(23201) Pause Young (Normal) (G1 Evacuation Pause)
[2023-11-10T11:51:06.403-0800][76670035ms] GC(23201) Using 10 workers of 10 for evacuation
[2023-11-10T11:51:06.407-0800][76670039ms] GC(23201)   Pre Evacuate Collection Set: 0.0ms
[2023-11-10T11:51:06.407-0800][76670039ms] GC(23201)   Evacuate Collection Set: 1.7ms
[2023-11-10T11:51:06.407-0800][76670039ms] GC(23201)   Post Evacuate Collection Set: 3.1ms
[2023-11-10T11:51:06.407-0800][76670039ms] GC(23201)   Other: 0.3ms
[2023-11-10T11:51:06.407-0800][76670039ms] GC(23201) Eden regions: 184->0(184)
[2023-11-10T11:51:06.407-0800][76670039ms] GC(23201) Survivor regions: 1->1(24)
[2023-11-10T11:51:06.407-0800][76670039ms] GC(23201) Old regions: 1429->1429
[2023-11-10T11:51:06.407-0800][76670039ms] GC(23201) Humongous regions: 5->5
[2023-11-10T11:51:06.407-0800][76670039ms] GC(23201) Metaspace: 304945K->304945K(1349632K)
[2023-11-10T11:51:06.407-0800][76670039ms] GC(23201) Pause Young (Normal) (G1 Evacuation Pause) 3236M->2868M(3602M) 5.177ms
[2023-11-10T11:51:06.407-0800][76670039ms] GC(23201) User=0.00s Sys=0.00s Real=0.00s
[2023-11-10T11:51:06.904-0800][76670536ms] GC(23202) Pause Young (Normal) (G1 Evacuation Pause)
[2023-11-10T11:51:06.904-0800][76670536ms] GC(23202) Using 10 workers of 10 for evacuation
[2023-11-10T11:51:06.910-0800][76670542ms] GC(23202)   Pre Evacuate Collection Set: 0.0ms
[2023-11-10T11:51:06.911-0800][76670543ms] GC(23202)   Evacuate Collection Set: 2.2ms
[2023-11-10T11:51:06.911-0800][76670543ms] GC(23202)   Post Evacuate Collection Set: 3.3ms
[2023-11-10T11:51:06.911-0800][76670543ms] GC(23202)   Other: 0.3ms
[2023-11-10T11:51:06.911-0800][76670543ms] GC(23202) Eden regions: 184->0(184)
[2023-11-10T11:51:06.911-0800][76670543ms] GC(23202) Survivor regions: 1->1(24)
[2023-11-10T11:51:06.911-0800][76670543ms] GC(23202) Old regions: 1429->1429
[2023-11-10T11:51:06.911-0800][76670543ms] GC(23202) Humongous regions: 5->5
[2023-11-10T11:51:06.911-0800][76670543ms] GC(23202) Metaspace: 304945K->304945K(1349632K)
[2023-11-10T11:51:06.911-0800][76670543ms] GC(23202) Pause Young (Normal) (G1 Evacuation Pause) 3236M->2868M(3602M) 5.972ms
[2023-11-10T11:51:06.911-0800][76670543ms] GC(23202) User=0.00s Sys=0.00s Real=0.01s
[2023-11-10T11:51:07.352-0800][76670984ms] GC(23203) Pause Young (Normal) (G1 Evacuation Pause)
[2023-11-10T11:51:07.352-0800][76670984ms] GC(23203) Using 10 workers of 10 for evacuation
[2023-11-10T11:51:07.358-0800][76670990ms] GC(23203)   Pre Evacuate Collection Set: 0.1ms
[2023-11-10T11:51:07.358-0800][76670990ms] GC(23203)   Evacuate Collection Set: 1.9ms
[2023-11-10T11:51:07.358-0800][76670990ms] GC(23203)   Post Evacuate Collection Set: 4.5ms
[2023-11-10T11:51:07.358-0800][76670990ms] GC(23203)   Other: 0.3ms
[2023-11-10T11:51:07.358-0800][76670990ms] GC(23203) Eden regions: 184->0(184)
[2023-11-10T11:51:07.358-0800][76670990ms] GC(23203) Survivor regions: 1->1(24)
[2023-11-10T11:51:07.358-0800][76670990ms] GC(23203) Old regions: 1429->1429
[2023-11-10T11:51:07.358-0800][76670990ms] GC(23203) Humongous regions: 5->5
[2023-11-10T11:51:07.358-0800][76670990ms] GC(23203) Metaspace: 304945K->304945K(1349632K)
[2023-11-10T11:51:07.358-0800][76670990ms] GC(23203) Pause Young (Normal) (G1 Evacuation Pause) 3236M->2868M(3602M) 6.947ms
[2023-11-10T11:51:07.358-0800][76670990ms] GC(23203) User=0.00s Sys=0.00s Real=0.01s
[2023-11-10T11:51:07.831-0800][76671463ms] GC(23204) Pause Young (Normal) (G1 Evacuation Pause)
[2023-11-10T11:51:07.831-0800][76671463ms] GC(23204) Using 10 workers of 10 for evacuation
[2023-11-10T11:51:07.837-0800][76671469ms] GC(23204)   Pre Evacuate Collection Set: 0.0ms
[2023-11-10T11:51:07.837-0800][76671469ms] GC(23204)   Evacuate Collection Set: 1.7ms
[2023-11-10T11:51:07.837-0800][76671469ms] GC(23204)   Post Evacuate Collection Set: 3.8ms
[2023-11-10T11:51:07.837-0800][76671469ms] GC(23204)   Other: 0.3ms
[2023-11-10T11:51:07.837-0800][76671469ms] GC(23204) Eden regions: 184->0(183)
[2023-11-10T11:51:07.837-0800][76671469ms] GC(23204) Survivor regions: 1->1(24)
[2023-11-10T11:51:07.837-0800][76671469ms] GC(23204) Old regions: 1429->1430
[2023-11-10T11:51:07.837-0800][76671469ms] GC(23204) Humongous regions: 5->5
[2023-11-10T11:51:07.837-0800][76671469ms] GC(23204) Metaspace: 304945K->304945K(1349632K)
[2023-11-10T11:51:07.838-0800][76671470ms] GC(23204) Pause Young (Normal) (G1 Evacuation Pause) 3236M->2868M(3602M) 5.947ms
[2023-11-10T11:51:07.838-0800][76671470ms] GC(23204) User=0.02s Sys=0.00s Real=0.01s
[2023-11-10T11:51:08.354-0800][76671986ms] GC(23205) Pause Young (Normal) (G1 Evacuation Pause)
[2023-11-10T11:51:08.354-0800][76671986ms] GC(23205) Using 10 workers of 10 for evacuation
[2023-11-10T11:51:08.362-0800][76671994ms] GC(23205)   Pre Evacuate Collection Set: 0.1ms
[2023-11-10T11:51:08.362-0800][76671994ms] GC(23205)   Evacuate Collection Set: 2.4ms
[2023-11-10T11:51:08.362-0800][76671994ms] GC(23205)   Post Evacuate Collection Set: 4.6ms
[2023-11-10T11:51:08.362-0800][76671994ms] GC(23205)   Other: 0.4ms
[2023-11-10T11:51:08.362-0800][76671994ms] GC(23205) Eden regions: 183->0(183)
[2023-11-10T11:51:08.362-0800][76671994ms] GC(23205) Survivor regions: 1->1(23)
[2023-11-10T11:51:08.362-0800][76671994ms] GC(23205) Old regions: 1430->1430
[2023-11-10T11:51:08.362-0800][76671994ms] GC(23205) Humongous regions: 5->5
[2023-11-10T11:51:08.362-0800][76671994ms] GC(23205) Metaspace: 304955K->304955K(1349632K)
[2023-11-10T11:51:08.362-0800][76671994ms] GC(23205) Pause Young (Normal) (G1 Evacuation Pause) 3234M->2868M(3602M) 7.515ms
[2023-11-10T11:51:08.362-0800][76671994ms] GC(23205) User=0.00s Sys=0.00s Real=0.01s
[2023-11-10T11:51:08.821-0800][76672453ms] GC(23206) Pause Young (Normal) (G1 Evacuation Pause)
[2023-11-10T11:51:08.821-0800][76672453ms] GC(23206) Using 10 workers of 10 for evacuation
[2023-11-10T11:51:08.827-0800][76672459ms] GC(23206)   Pre Evacuate Collection Set: 0.1ms
[2023-11-10T11:51:08.827-0800][76672459ms] GC(23206)   Evacuate Collection Set: 2.0ms
[2023-11-10T11:51:08.827-0800][76672459ms] GC(23206)   Post Evacuate Collection Set: 3.1ms
[2023-11-10T11:51:08.827-0800][76672459ms] GC(23206)   Other: 0.4ms
[2023-11-10T11:51:08.827-0800][76672459ms] GC(23206) Eden regions: 183->0(183)
[2023-11-10T11:51:08.827-0800][76672459ms] GC(23206) Survivor regions: 1->1(23)
[2023-11-10T11:51:08.827-0800][76672459ms] GC(23206) Old regions: 1430->1430
[2023-11-10T11:51:08.827-0800][76672459ms] GC(23206) Humongous regions: 5->5
[2023-11-10T11:51:08.827-0800][76672459ms] GC(23206) Metaspace: 304955K->304955K(1349632K)
[2023-11-10T11:51:08.827-0800][76672459ms] GC(23206) Pause Young (Normal) (G1 Evacuation Pause) 3234M->2868M(3602M) 5.718ms
[2023-11-10T11:51:08.827-0800][76672459ms] GC(23206) User=0.00s Sys=0.00s Real=0.01s
[2023-11-10T11:51:09.228-0800][76672860ms] GC(23207) Pause Young (Normal) (G1 Evacuation Pause)
[2023-11-10T11:51:09.228-0800][76672860ms] GC(23207) Using 10 workers of 10 for evacuation
[2023-11-10T11:51:09.234-0800][76672866ms] GC(23207)   Pre Evacuate Collection Set: 0.1ms
[2023-11-10T11:51:09.234-0800][76672866ms] GC(23207)   Evacuate Collection Set: 2.1ms
[2023-11-10T11:51:09.234-0800][76672866ms] GC(23207)   Post Evacuate Collection Set: 3.8ms
[2023-11-10T11:51:09.234-0800][76672866ms] GC(23207)   Other: 0.3ms
[2023-11-10T11:51:09.234-0800][76672866ms] GC(23207) Eden regions: 183->0(183)
[2023-11-10T11:51:09.234-0800][76672866ms] GC(23207) Survivor regions: 1->1(23)
[2023-11-10T11:51:09.234-0800][76672866ms] GC(23207) Old regions: 1430->1430
[2023-11-10T11:51:09.234-0800][76672866ms] GC(23207) Humongous regions: 5->5
[2023-11-10T11:51:09.234-0800][76672866ms] GC(23207) Metaspace: 304955K->304955K(1349632K)
[2023-11-10T11:51:09.234-0800][76672866ms] GC(23207) Pause Young (Normal) (G1 Evacuation Pause) 3234M->2868M(3602M) 6.388ms
[2023-11-10T11:51:09.234-0800][76672866ms] GC(23207) User=0.00s Sys=0.00s Real=0.01s
[2023-11-10T11:51:09.723-0800][76673355ms] GC(23208) Pause Young (Normal) (G1 Evacuation Pause)
[2023-11-10T11:51:09.723-0800][76673355ms] GC(23208) Using 10 workers of 10 for evacuation
[2023-11-10T11:51:09.727-0800][76673359ms] GC(23208)   Pre Evacuate Collection Set: 0.1ms
[2023-11-10T11:51:09.727-0800][76673359ms] GC(23208)   Evacuate Collection Set: 1.7ms
[2023-11-10T11:51:09.727-0800][76673359ms] GC(23208)   Post Evacuate Collection Set: 3.2ms
[2023-11-10T11:51:09.727-0800][76673359ms] GC(23208)   Other: 0.3ms
[2023-11-10T11:51:09.727-0800][76673359ms] GC(23208) Eden regions: 183->0(183)
[2023-11-10T11:51:09.727-0800][76673359ms] GC(23208) Survivor regions: 1->1(23)
[2023-11-10T11:51:09.727-0800][76673359ms] GC(23208) Old regions: 1430->1430
[2023-11-10T11:51:09.728-0800][76673360ms] GC(23208) Humongous regions: 5->5
[2023-11-10T11:51:09.728-0800][76673360ms] GC(23208) Metaspace: 304955K->304955K(1349632K)
[2023-11-10T11:51:09.728-0800][76673360ms] GC(23208) Pause Young (Normal) (G1 Evacuation Pause) 3234M->2868M(3602M) 5.330ms
[2023-11-10T11:51:09.728-0800][76673360ms] GC(23208) User=0.02s Sys=0.00s Real=0.00s
[2023-11-10T11:51:10.225-0800][76673857ms] GC(23209) Pause Young (Normal) (G1 Evacuation Pause)
[2023-11-10T11:51:10.225-0800][76673857ms] GC(23209) Using 10 workers of 10 for evacuation
[2023-11-10T11:51:10.231-0800][76673863ms] GC(23209)   Pre Evacuate Collection Set: 0.1ms
[2023-11-10T11:51:10.232-0800][76673864ms] GC(23209)   Evacuate Collection Set: 2.2ms
[2023-11-10T11:51:10.232-0800][76673864ms] GC(23209)   Post Evacuate Collection Set: 4.1ms
[2023-11-10T11:51:10.232-0800][76673864ms] GC(23209)   Other: 0.3ms
[2023-11-10T11:51:10.232-0800][76673864ms] GC(23209) Eden regions: 183->0(183)
[2023-11-10T11:51:10.232-0800][76673864ms] GC(23209) Survivor regions: 1->1(23)
[2023-11-10T11:51:10.232-0800][76673864ms] GC(23209) Old regions: 1430->1430
[2023-11-10T11:51:10.232-0800][76673864ms] GC(23209) Humongous regions: 5->5
[2023-11-10T11:51:10.232-0800][76673864ms] GC(23209) Metaspace: 304955K->304955K(1349632K)
[2023-11-10T11:51:10.232-0800][76673864ms] GC(23209) Pause Young (Normal) (G1 Evacuation Pause) 3234M->2868M(3602M) 6.896ms
[2023-11-10T11:51:10.232-0800][76673864ms] GC(23209) User=0.05s Sys=0.00s Real=0.01s
[2023-11-10T11:51:10.662-0800][76674294ms] GC(23210) Pause Young (Normal) (G1 Evacuation Pause)
[2023-11-10T11:51:10.662-0800][76674294ms] GC(23210) Using 10 workers of 10 for evacuation
[2023-11-10T11:51:10.666-0800][76674298ms] GC(23210)   Pre Evacuate Collection Set: 0.0ms
[2023-11-10T11:51:10.666-0800][76674298ms] GC(23210)   Evacuate Collection Set: 1.6ms
[2023-11-10T11:51:10.666-0800][76674298ms] GC(23210)   Post Evacuate Collection Set: 3.2ms
[2023-11-10T11:51:10.666-0800][76674298ms] GC(23210)   Other: 0.2ms
[2023-11-10T11:51:10.666-0800][76674298ms] GC(23210) Eden regions: 183->0(183)
[2023-11-10T11:51:10.666-0800][76674298ms] GC(23210) Survivor regions: 1->1(23)
[2023-11-10T11:51:10.666-0800][76674298ms] GC(23210) Old regions: 1430->1430
[2023-11-10T11:51:10.666-0800][76674298ms] GC(23210) Humongous regions: 5->5
[2023-11-10T11:51:10.666-0800][76674298ms] GC(23210) Metaspace: 304955K->304955K(1349632K)
[2023-11-10T11:51:10.666-0800][76674298ms] GC(23210) Pause Young (Normal) (G1 Evacuation Pause) 3234M->2868M(3602M) 5.097ms
[2023-11-10T11:51:10.667-0800][76674299ms] GC(23210) User=0.06s Sys=0.00s Real=0.01s
[2023-11-10T11:51:11.111-0800][76674743ms] GC(23211) Pause Young (Normal) (G1 Evacuation Pause)
[2023-11-10T11:51:11.111-0800][76674743ms] GC(23211) Using 10 workers of 10 for evacuation
[2023-11-10T11:51:11.118-0800][76674750ms] GC(23211)   Pre Evacuate Collection Set: 0.1ms
[2023-11-10T11:51:11.118-0800][76674750ms] GC(23211)   Evacuate Collection Set: 2.5ms
[2023-11-10T11:51:11.118-0800][76674750ms] GC(23211)   Post Evacuate Collection Set: 3.5ms
[2023-11-10T11:51:11.118-0800][76674750ms] GC(23211)   Other: 0.5ms
[2023-11-10T11:51:11.118-0800][76674750ms] GC(23211) Eden regions: 183->0(183)
[2023-11-10T11:51:11.118-0800][76674750ms] GC(23211) Survivor regions: 1->1(23)
[2023-11-10T11:51:11.118-0800][76674750ms] GC(23211) Old regions: 1430->1430
[2023-11-10T11:51:11.118-0800][76674750ms] GC(23211) Humongous regions: 5->5
[2023-11-10T11:51:11.118-0800][76674750ms] GC(23211) Metaspace: 304955K->304955K(1349632K)
[2023-11-10T11:51:11.118-0800][76674750ms] GC(23211) Pause Young (Normal) (G1 Evacuation Pause) 3234M->2868M(3602M) 6.636ms
[2023-11-10T11:51:11.118-0800][76674750ms] GC(23211) User=0.02s Sys=0.00s Real=0.01s
[2023-11-10T11:51:11.586-0800][76675218ms] GC(23212) Pause Young (Normal) (G1 Evacuation Pause)
[2023-11-10T11:51:11.586-0800][76675218ms] GC(23212) Using 10 workers of 10 for evacuation
[2023-11-10T11:51:11.593-0800][76675225ms] GC(23212)   Pre Evacuate Collection Set: 0.0ms
[2023-11-10T11:51:11.593-0800][76675225ms] GC(23212)   Evacuate Collection Set: 2.1ms
[2023-11-10T11:51:11.593-0800][76675225ms] GC(23212)   Post Evacuate Collection Set: 4.3ms
[2023-11-10T11:51:11.593-0800][76675225ms] GC(23212)   Other: 0.3ms
[2023-11-10T11:51:11.593-0800][76675225ms] GC(23212) Eden regions: 183->0(183)
[2023-11-10T11:51:11.593-0800][76675225ms] GC(23212) Survivor regions: 1->1(23)
[2023-11-10T11:51:11.593-0800][76675225ms] GC(23212) Old regions: 1430->1430
[2023-11-10T11:51:11.593-0800][76675225ms] GC(23212) Humongous regions: 5->5
[2023-11-10T11:51:11.593-0800][76675225ms] GC(23212) Metaspace: 304955K->304955K(1349632K)
[2023-11-10T11:51:11.593-0800][76675225ms] GC(23212) Pause Young (Normal) (G1 Evacuation Pause) 3234M->2868M(3602M) 6.877ms
[2023-11-10T11:51:11.593-0800][76675225ms] GC(23212) User=0.00s Sys=0.00s Real=0.01s
[2023-11-10T11:51:12.078-0800][76675710ms] GC(23213) Pause Young (Normal) (G1 Evacuation Pause)
[2023-11-10T11:51:12.078-0800][76675710ms] GC(23213) Using 10 workers of 10 for evacuation
[2023-11-10T11:51:12.084-0800][76675716ms] GC(23213)   Pre Evacuate Collection Set: 0.0ms
[2023-11-10T11:51:12.084-0800][76675716ms] GC(23213)   Evacuate Collection Set: 1.9ms
[2023-11-10T11:51:12.084-0800][76675716ms] GC(23213)   Post Evacuate Collection Set: 3.5ms
[2023-11-10T11:51:12.084-0800][76675716ms] GC(23213)   Other: 0.3ms
[2023-11-10T11:51:12.084-0800][76675716ms] GC(23213) Eden regions: 183->0(182)
[2023-11-10T11:51:12.084-0800][76675716ms] GC(23213) Survivor regions: 1->1(23)
[2023-11-10T11:51:12.084-0800][76675716ms] GC(23213) Old regions: 1430->1430
[2023-11-10T11:51:12.084-0800][76675716ms] GC(23213) Humongous regions: 5->5
[2023-11-10T11:51:12.084-0800][76675716ms] GC(23213) Metaspace: 304955K->304955K(1349632K)
[2023-11-10T11:51:12.084-0800][76675716ms] GC(23213) Pause Young (Normal) (G1 Evacuation Pause) 3234M->2869M(3602M) 5.860ms
[2023-11-10T11:51:12.084-0800][76675716ms] GC(23213) User=0.00s Sys=0.00s Real=0.01s
[2023-11-10T11:51:12.550-0800][76676182ms] GC(23214) Pause Young (Normal) (G1 Evacuation Pause)
[2023-11-10T11:51:12.550-0800][76676182ms] GC(23214) Using 10 workers of 10 for evacuation
[2023-11-10T11:51:12.556-0800][76676188ms] GC(23214)   Pre Evacuate Collection Set: 0.0ms
[2023-11-10T11:51:12.556-0800][76676188ms] GC(23214)   Evacuate Collection Set: 1.9ms
[2023-11-10T11:51:12.556-0800][76676188ms] GC(23214)   Post Evacuate Collection Set: 3.6ms
[2023-11-10T11:51:12.556-0800][76676188ms] GC(23214)   Other: 0.3ms
[2023-11-10T11:51:12.556-0800][76676188ms] GC(23214) Eden regions: 182->0(182)
[2023-11-10T11:51:12.556-0800][76676188ms] GC(23214) Survivor regions: 1->1(23)
[2023-11-10T11:51:12.556-0800][76676188ms] GC(23214) Old regions: 1430->1430
[2023-11-10T11:51:12.556-0800][76676188ms] GC(23214) Humongous regions: 5->5
[2023-11-10T11:51:12.556-0800][76676188ms] GC(23214) Metaspace: 304955K->304955K(1349632K)
[2023-11-10T11:51:12.556-0800][76676188ms] GC(23214) Pause Young (Normal) (G1 Evacuation Pause) 3233M->2868M(3602M) 5.886ms
[2023-11-10T11:51:12.556-0800][76676188ms] GC(23214) User=0.00s Sys=0.00s Real=0.01s
[2023-11-10T11:51:13.052-0800][76676684ms] GC(23215) Pause Young (Normal) (G1 Evacuation Pause)
[2023-11-10T11:51:13.052-0800][76676684ms] GC(23215) Using 10 workers of 10 for evacuation
[2023-11-10T11:51:13.058-0800][76676690ms] GC(23215)   Pre Evacuate Collection Set: 0.0ms
[2023-11-10T11:51:13.058-0800][76676690ms] GC(23215)   Evacuate Collection Set: 2.2ms
[2023-11-10T11:51:13.058-0800][76676690ms] GC(23215)   Post Evacuate Collection Set: 3.2ms
[2023-11-10T11:51:13.058-0800][76676690ms] GC(23215)   Other: 0.2ms
[2023-11-10T11:51:13.058-0800][76676690ms] GC(23215) Eden regions: 182->0(182)
[2023-11-10T11:51:13.058-0800][76676690ms] GC(23215) Survivor regions: 1->1(23)
[2023-11-10T11:51:13.058-0800][76676690ms] GC(23215) Old regions: 1430->1430
[2023-11-10T11:51:13.058-0800][76676690ms] GC(23215) Humongous regions: 5->5
[2023-11-10T11:51:13.058-0800][76676690ms] GC(23215) Metaspace: 304955K->304955K(1349632K)
[2023-11-10T11:51:13.058-0800][76676690ms] GC(23215) Pause Young (Normal) (G1 Evacuation Pause) 3232M->2868M(3602M) 5.787ms
[2023-11-10T11:51:13.058-0800][76676690ms] GC(23215) User=0.02s Sys=0.02s Real=0.01s
[2023-11-10T11:51:13.477-0800][76677109ms] GC(23216) Pause Young (Normal) (G1 Evacuation Pause)
[2023-11-10T11:51:13.477-0800][76677109ms] GC(23216) Using 10 workers of 10 for evacuation
[2023-11-10T11:51:13.482-0800][76677114ms] GC(23216)   Pre Evacuate Collection Set: 0.0ms
[2023-11-10T11:51:13.482-0800][76677114ms] GC(23216)   Evacuate Collection Set: 1.6ms
[2023-11-10T11:51:13.482-0800][76677114ms] GC(23216)   Post Evacuate Collection Set: 3.0ms
[2023-11-10T11:51:13.482-0800][76677114ms] GC(23216)   Other: 0.3ms
[2023-11-10T11:51:13.482-0800][76677114ms] GC(23216) Eden regions: 182->0(182)
[2023-11-10T11:51:13.482-0800][76677114ms] GC(23216) Survivor regions: 1->1(23)
[2023-11-10T11:51:13.482-0800][76677114ms] GC(23216) Old regions: 1430->1430
[2023-11-10T11:51:13.482-0800][76677114ms] GC(23216) Humongous regions: 5->5
[2023-11-10T11:51:13.482-0800][76677114ms] GC(23216) Metaspace: 304955K->304955K(1349632K)
[2023-11-10T11:51:13.482-0800][76677114ms] GC(23216) Pause Young (Normal) (G1 Evacuation Pause) 3232M->2868M(3602M) 5.101ms
[2023-11-10T11:51:13.482-0800][76677114ms] GC(23216) User=0.00s Sys=0.00s Real=0.01s
[2023-11-10T11:51:13.973-0800][76677605ms] GC(23217) Pause Young (Normal) (G1 Evacuation Pause)
[2023-11-10T11:51:13.973-0800][76677605ms] GC(23217) Using 10 workers of 10 for evacuation
[2023-11-10T11:51:13.978-0800][76677610ms] GC(23217)   Pre Evacuate Collection Set: 0.0ms
[2023-11-10T11:51:13.978-0800][76677610ms] GC(23217)   Evacuate Collection Set: 1.7ms
[2023-11-10T11:51:13.978-0800][76677610ms] GC(23217)   Post Evacuate Collection Set: 3.0ms
[2023-11-10T11:51:13.978-0800][76677610ms] GC(23217)   Other: 0.3ms
[2023-11-10T11:51:13.978-0800][76677610ms] GC(23217) Eden regions: 182->0(182)
[2023-11-10T11:51:13.978-0800][76677610ms] GC(23217) Survivor regions: 1->1(23)
[2023-11-10T11:51:13.978-0800][76677610ms] GC(23217) Old regions: 1430->1430
[2023-11-10T11:51:13.978-0800][76677610ms] GC(23217) Humongous regions: 5->5
[2023-11-10T11:51:13.978-0800][76677610ms] GC(23217) Metaspace: 304955K->304955K(1349632K)
[2023-11-10T11:51:13.978-0800][76677610ms] GC(23217) Pause Young (Normal) (G1 Evacuation Pause) 3232M->2868M(3602M) 5.069ms
[2023-11-10T11:51:13.978-0800][76677610ms] GC(23217) User=0.02s Sys=0.00s Real=0.00s
[2023-11-10T11:51:14.398-0800][76678030ms] GC(23218) Pause Young (Normal) (G1 Evacuation Pause)
[2023-11-10T11:51:14.398-0800][76678030ms] GC(23218) Using 10 workers of 10 for evacuation
[2023-11-10T11:51:14.403-0800][76678035ms] GC(23218)   Pre Evacuate Collection Set: 0.0ms
[2023-11-10T11:51:14.403-0800][76678035ms] GC(23218)   Evacuate Collection Set: 1.7ms
[2023-11-10T11:51:14.403-0800][76678035ms] GC(23218)   Post Evacuate Collection Set: 3.1ms
[2023-11-10T11:51:14.403-0800][76678035ms] GC(23218)   Other: 0.3ms
[2023-11-10T11:51:14.403-0800][76678035ms] GC(23218) Eden regions: 182->0(182)
[2023-11-10T11:51:14.403-0800][76678035ms] GC(23218) Survivor regions: 1->1(23)
[2023-11-10T11:51:14.403-0800][76678035ms] GC(23218) Old regions: 1430->1430
[2023-11-10T11:51:14.403-0800][76678035ms] GC(23218) Humongous regions: 5->5
[2023-11-10T11:51:14.403-0800][76678035ms] GC(23218) Metaspace: 304955K->304955K(1349632K)
[2023-11-10T11:51:14.403-0800][76678035ms] GC(23218) Pause Young (Normal) (G1 Evacuation Pause) 3232M->2868M(3602M) 5.124ms
[2023-11-10T11:51:14.403-0800][76678035ms] GC(23218) User=0.00s Sys=0.00s Real=0.01s
[2023-11-10T11:51:14.898-0800][76678530ms] GC(23219) Pause Young (Normal) (G1 Evacuation Pause)
[2023-11-10T11:51:14.898-0800][76678530ms] GC(23219) Using 10 workers of 10 for evacuation
[2023-11-10T11:51:14.903-0800][76678535ms] GC(23219)   Pre Evacuate Collection Set: 0.1ms
[2023-11-10T11:51:14.903-0800][76678535ms] GC(23219)   Evacuate Collection Set: 1.8ms
[2023-11-10T11:51:14.903-0800][76678535ms] GC(23219)   Post Evacuate Collection Set: 3.5ms
[2023-11-10T11:51:14.903-0800][76678535ms] GC(23219)   Other: 0.3ms
[2023-11-10T11:51:14.903-0800][76678535ms] GC(23219) Eden regions: 182->0(182)
[2023-11-10T11:51:14.903-0800][76678535ms] GC(23219) Survivor regions: 1->1(23)
[2023-11-10T11:51:14.903-0800][76678535ms] GC(23219) Old regions: 1430->1430
[2023-11-10T11:51:14.903-0800][76678535ms] GC(23219) Humongous regions: 5->5
[2023-11-10T11:51:14.903-0800][76678535ms] GC(23219) Metaspace: 304955K->304955K(1349632K)
[2023-11-10T11:51:14.903-0800][76678535ms] GC(23219) Pause Young (Normal) (G1 Evacuation Pause) 3232M->2868M(3602M) 5.825ms
[2023-11-10T11:51:14.903-0800][76678535ms] GC(23219) User=0.00s Sys=0.00s Real=0.01s
[2023-11-10T11:51:15.322-0800][76678954ms] GC(23220) Pause Young (Normal) (G1 Evacuation Pause)
[2023-11-10T11:51:15.322-0800][76678954ms] GC(23220) Using 10 workers of 10 for evacuation
[2023-11-10T11:51:15.328-0800][76678960ms] GC(23220)   Pre Evacuate Collection Set: 0.1ms
[2023-11-10T11:51:15.328-0800][76678960ms] GC(23220)   Evacuate Collection Set: 2.0ms
[2023-11-10T11:51:15.328-0800][76678960ms] GC(23220)   Post Evacuate Collection Set: 3.3ms
[2023-11-10T11:51:15.328-0800][76678960ms] GC(23220)   Other: 0.3ms
[2023-11-10T11:51:15.328-0800][76678960ms] GC(23220) Eden regions: 182->0(182)
[2023-11-10T11:51:15.328-0800][76678960ms] GC(23220) Survivor regions: 1->1(23)
[2023-11-10T11:51:15.328-0800][76678960ms] GC(23220) Old regions: 1430->1430
[2023-11-10T11:51:15.328-0800][76678960ms] GC(23220) Humongous regions: 5->5
[2023-11-10T11:51:15.328-0800][76678960ms] GC(23220) Metaspace: 304955K->304955K(1349632K)
[2023-11-10T11:51:15.328-0800][76678960ms] GC(23220) Pause Young (Normal) (G1 Evacuation Pause) 3232M->2869M(3602M) 5.778ms
[2023-11-10T11:51:15.328-0800][76678960ms] GC(23220) User=0.00s Sys=0.00s Real=0.01s
[2023-11-10T11:51:15.769-0800][76679401ms] GC(23221) Pause Young (Normal) (G1 Evacuation Pause)
[2023-11-10T11:51:15.769-0800][76679401ms] GC(23221) Using 10 workers of 10 for evacuation
[2023-11-10T11:51:15.775-0800][76679407ms] GC(23221)   Pre Evacuate Collection Set: 0.0ms
[2023-11-10T11:51:15.775-0800][76679407ms] GC(23221)   Evacuate Collection Set: 1.7ms
[2023-11-10T11:51:15.775-0800][76679407ms] GC(23221)   Post Evacuate Collection Set: 3.2ms
[2023-11-10T11:51:15.775-0800][76679407ms] GC(23221)   Other: 0.3ms
[2023-11-10T11:51:15.775-0800][76679407ms] GC(23221) Eden regions: 182->0(182)
[2023-11-10T11:51:15.775-0800][76679407ms] GC(23221) Survivor regions: 1->1(23)
[2023-11-10T11:51:15.775-0800][76679407ms] GC(23221) Old regions: 1430->1430
[2023-11-10T11:51:15.775-0800][76679407ms] GC(23221) Humongous regions: 5->5
[2023-11-10T11:51:15.775-0800][76679407ms] GC(23221) Metaspace: 304955K->304955K(1349632K)
[2023-11-10T11:51:15.775-0800][76679407ms] GC(23221) Pause Young (Normal) (G1 Evacuation Pause) 3233M->2869M(3602M) 5.273ms
[2023-11-10T11:51:15.775-0800][76679407ms] GC(23221) User=0.02s Sys=0.00s Real=0.01s
[2023-11-10T11:51:16.188-0800][76679820ms] GC(23222) Pause Young (Normal) (G1 Evacuation Pause)
[2023-11-10T11:51:16.188-0800][76679820ms] GC(23222) Using 10 workers of 10 for evacuation
[2023-11-10T11:51:16.192-0800][76679824ms] GC(23222)   Pre Evacuate Collection Set: 0.0ms
[2023-11-10T11:51:16.192-0800][76679824ms] GC(23222)   Evacuate Collection Set: 1.7ms
[2023-11-10T11:51:16.192-0800][76679825ms] GC(23222)   Post Evacuate Collection Set: 3.0ms
[2023-11-10T11:51:16.193-0800][76679825ms] GC(23222)   Other: 0.2ms
[2023-11-10T11:51:16.193-0800][76679825ms] GC(23222) Eden regions: 182->0(182)
[2023-11-10T11:51:16.193-0800][76679825ms] GC(23222) Survivor regions: 1->1(23)
[2023-11-10T11:51:16.193-0800][76679825ms] GC(23222) Old regions: 1430->1430
[2023-11-10T11:51:16.193-0800][76679825ms] GC(23222) Humongous regions: 5->5
[2023-11-10T11:51:16.193-0800][76679825ms] GC(23222) Metaspace: 304955K->304955K(1349632K)
[2023-11-10T11:51:16.193-0800][76679825ms] GC(23222) Pause Young (Normal) (G1 Evacuation Pause) 3233M->2869M(3602M) 5.038ms
[2023-11-10T11:51:16.193-0800][76679825ms] GC(23222) User=0.00s Sys=0.00s Real=0.01s
[2023-11-10T11:51:16.631-0800][76680263ms] GC(23223) Pause Young (Normal) (G1 Evacuation Pause)
[2023-11-10T11:51:16.631-0800][76680263ms] GC(23223) Using 10 workers of 10 for evacuation
[2023-11-10T11:51:16.637-0800][76680269ms] GC(23223)   Pre Evacuate Collection Set: 0.0ms
[2023-11-10T11:51:16.637-0800][76680269ms] GC(23223)   Evacuate Collection Set: 1.7ms
[2023-11-10T11:51:16.637-0800][76680269ms] GC(23223)   Post Evacuate Collection Set: 3.5ms
[2023-11-10T11:51:16.637-0800][76680269ms] GC(23223)   Other: 0.3ms
[2023-11-10T11:51:16.637-0800][76680269ms] GC(23223) Eden regions: 182->0(182)
[2023-11-10T11:51:16.637-0800][76680269ms] GC(23223) Survivor regions: 1->1(23)
[2023-11-10T11:51:16.637-0800][76680269ms] GC(23223) Old regions: 1430->1430
[2023-11-10T11:51:16.637-0800][76680269ms] GC(23223) Humongous regions: 5->5
[2023-11-10T11:51:16.637-0800][76680269ms] GC(23223) Metaspace: 304955K->304955K(1349632K)
[2023-11-10T11:51:16.637-0800][76680269ms] GC(23223) Pause Young (Normal) (G1 Evacuation Pause) 3233M->2869M(3602M) 5.591ms
[2023-11-10T11:51:16.637-0800][76680269ms] GC(23223) User=0.00s Sys=0.00s Real=0.01s
[2023-11-10T11:51:17.125-0800][76680757ms] GC(23224) Pause Young (Normal) (G1 Evacuation Pause)
[2023-11-10T11:51:17.125-0800][76680757ms] GC(23224) Using 10 workers of 10 for evacuation
[2023-11-10T11:51:17.130-0800][76680762ms] GC(23224)   Pre Evacuate Collection Set: 0.0ms
[2023-11-10T11:51:17.130-0800][76680762ms] GC(23224)   Evacuate Collection Set: 2.0ms
[2023-11-10T11:51:17.130-0800][76680762ms] GC(23224)   Post Evacuate Collection Set: 3.3ms
[2023-11-10T11:51:17.130-0800][76680762ms] GC(23224)   Other: 0.3ms
[2023-11-10T11:51:17.130-0800][76680762ms] GC(23224) Eden regions: 182->0(182)
[2023-11-10T11:51:17.130-0800][76680762ms] GC(23224) Survivor regions: 1->1(23)
[2023-11-10T11:51:17.130-0800][76680762ms] GC(23224) Old regions: 1430->1430
[2023-11-10T11:51:17.130-0800][76680762ms] GC(23224) Humongous regions: 5->5
[2023-11-10T11:51:17.130-0800][76680762ms] GC(23224) Metaspace: 304955K->304955K(1349632K)
[2023-11-10T11:51:17.130-0800][76680762ms] GC(23224) Pause Young (Normal) (G1 Evacuation Pause) 3233M->2869M(3602M) 5.632ms
[2023-11-10T11:51:17.130-0800][76680762ms] GC(23224) User=0.00s Sys=0.00s Real=0.01s
[2023-11-10T11:51:17.547-0800][76681179ms] GC(23225) Pause Young (Normal) (G1 Evacuation Pause)
[2023-11-10T11:51:17.547-0800][76681179ms] GC(23225) Using 10 workers of 10 for evacuation
[2023-11-10T11:51:17.552-0800][76681184ms] GC(23225)   Pre Evacuate Collection Set: 0.0ms
[2023-11-10T11:51:17.552-0800][76681184ms] GC(23225)   Evacuate Collection Set: 1.8ms
[2023-11-10T11:51:17.552-0800][76681184ms] GC(23225)   Post Evacuate Collection Set: 3.2ms
[2023-11-10T11:51:17.552-0800][76681184ms] GC(23225)   Other: 0.4ms
[2023-11-10T11:51:17.552-0800][76681184ms] GC(23225) Eden regions: 182->0(182)
[2023-11-10T11:51:17.552-0800][76681184ms] GC(23225) Survivor regions: 1->1(23)
[2023-11-10T11:51:17.552-0800][76681184ms] GC(23225) Old regions: 1430->1430
[2023-11-10T11:51:17.552-0800][76681184ms] GC(23225) Humongous regions: 5->5
[2023-11-10T11:51:17.552-0800][76681184ms] GC(23225) Metaspace: 304955K->304955K(1349632K)
[2023-11-10T11:51:17.553-0800][76681185ms] GC(23225) Pause Young (Normal) (G1 Evacuation Pause) 3233M->2869M(3602M) 5.487ms
[2023-11-10T11:51:17.553-0800][76681185ms] GC(23225) User=0.00s Sys=0.00s Real=0.01s
[2023-11-10T11:51:18.049-0800][76681681ms] GC(23226) Pause Young (Normal) (G1 Evacuation Pause)
[2023-11-10T11:51:18.049-0800][76681681ms] GC(23226) Using 10 workers of 10 for evacuation
[2023-11-10T11:51:18.055-0800][76681687ms] GC(23226)   Pre Evacuate Collection Set: 0.0ms
[2023-11-10T11:51:18.055-0800][76681687ms] GC(23226)   Evacuate Collection Set: 2.1ms
[2023-11-10T11:51:18.055-0800][76681687ms] GC(23226)   Post Evacuate Collection Set: 4.5ms
[2023-11-10T11:51:18.055-0800][76681687ms] GC(23226)   Other: 0.3ms
[2023-11-10T11:51:18.055-0800][76681687ms] GC(23226) Eden regions: 182->0(182)
[2023-11-10T11:51:18.055-0800][76681687ms] GC(23226) Survivor regions: 1->1(23)
[2023-11-10T11:51:18.055-0800][76681687ms] GC(23226) Old regions: 1430->1430
[2023-11-10T11:51:18.055-0800][76681687ms] GC(23226) Humongous regions: 5->5
[2023-11-10T11:51:18.055-0800][76681687ms] GC(23226) Metaspace: 304957K->304957K(1349632K)
[2023-11-10T11:51:18.055-0800][76681687ms] GC(23226) Pause Young (Normal) (G1 Evacuation Pause) 3233M->2869M(3602M) 7.044ms
[2023-11-10T11:51:18.055-0800][76681687ms] GC(23226) User=0.00s Sys=0.00s Real=0.01s
[2023-11-10T11:51:18.566-0800][76682198ms] GC(23227) Pause Young (Normal) (G1 Evacuation Pause)
[2023-11-10T11:51:18.567-0800][76682199ms] GC(23227) Using 10 workers of 10 for evacuation
[2023-11-10T11:51:18.573-0800][76682205ms] GC(23227)   Pre Evacuate Collection Set: 0.1ms
[2023-11-10T11:51:18.573-0800][76682205ms] GC(23227)   Evacuate Collection Set: 2.5ms
[2023-11-10T11:51:18.573-0800][76682205ms] GC(23227)   Post Evacuate Collection Set: 4.7ms
[2023-11-10T11:51:18.573-0800][76682205ms] GC(23227)   Other: 0.4ms
[2023-11-10T11:51:18.573-0800][76682205ms] GC(23227) Eden regions: 182->0(182)
[2023-11-10T11:51:18.573-0800][76682205ms] GC(23227) Survivor regions: 1->1(23)
[2023-11-10T11:51:18.573-0800][76682205ms] GC(23227) Old regions: 1430->1430
[2023-11-10T11:51:18.573-0800][76682205ms] GC(23227) Humongous regions: 5->5
[2023-11-10T11:51:18.573-0800][76682205ms] GC(23227) Metaspace: 304982K->304982K(1349632K)
[2023-11-10T11:51:18.573-0800][76682205ms] GC(23227) Pause Young (Normal) (G1 Evacuation Pause) 3233M->2869M(3602M) 7.829ms
[2023-11-10T11:51:18.575-0800][76682207ms] GC(23227) User=0.00s Sys=0.00s Real=0.01s
[2023-11-10T11:51:19.059-0800][76682691ms] GC(23228) Pause Young (Normal) (G1 Evacuation Pause)
[2023-11-10T11:51:19.059-0800][76682691ms] GC(23228) Using 10 workers of 10 for evacuation
[2023-11-10T11:51:19.065-0800][76682697ms] GC(23228)   Pre Evacuate Collection Set: 0.0ms
[2023-11-10T11:51:19.065-0800][76682697ms] GC(23228)   Evacuate Collection Set: 3.1ms
[2023-11-10T11:51:19.065-0800][76682697ms] GC(23228)   Post Evacuate Collection Set: 4.0ms
[2023-11-10T11:51:19.065-0800][76682697ms] GC(23228)   Other: 0.3ms
[2023-11-10T11:51:19.066-0800][76682698ms] GC(23228) Eden regions: 182->0(182)
[2023-11-10T11:51:19.066-0800][76682698ms] GC(23228) Survivor regions: 1->1(23)
[2023-11-10T11:51:19.066-0800][76682698ms] GC(23228) Old regions: 1430->1430
[2023-11-10T11:51:19.066-0800][76682698ms] GC(23228) Humongous regions: 5->5
[2023-11-10T11:51:19.066-0800][76682698ms] GC(23228) Metaspace: 304982K->304982K(1349632K)
[2023-11-10T11:51:19.066-0800][76682698ms] GC(23228) Pause Young (Normal) (G1 Evacuation Pause) 3233M->2869M(3602M) 7.524ms
[2023-11-10T11:51:19.066-0800][76682698ms] GC(23228) User=0.00s Sys=0.00s Real=0.01s
[2023-11-10T11:51:19.542-0800][76683174ms] GC(23229) Pause Young (Normal) (G1 Evacuation Pause)
[2023-11-10T11:51:19.542-0800][76683174ms] GC(23229) Using 10 workers of 10 for evacuation
[2023-11-10T11:51:19.549-0800][76683181ms] GC(23229)   Pre Evacuate Collection Set: 0.0ms
[2023-11-10T11:51:19.549-0800][76683181ms] GC(23229)   Evacuate Collection Set: 2.2ms
[2023-11-10T11:51:19.549-0800][76683181ms] GC(23229)   Post Evacuate Collection Set: 3.8ms
[2023-11-10T11:51:19.549-0800][76683181ms] GC(23229)   Other: 0.3ms
[2023-11-10T11:51:19.549-0800][76683181ms] GC(23229) Eden regions: 182->0(182)
[2023-11-10T11:51:19.549-0800][76683181ms] GC(23229) Survivor regions: 1->1(23)
[2023-11-10T11:51:19.549-0800][76683181ms] GC(23229) Old regions: 1430->1430
[2023-11-10T11:51:19.549-0800][76683181ms] GC(23229) Humongous regions: 5->5
[2023-11-10T11:51:19.549-0800][76683181ms] GC(23229) Metaspace: 304982K->304982K(1349632K)
[2023-11-10T11:51:19.549-0800][76683181ms] GC(23229) Pause Young (Normal) (G1 Evacuation Pause) 3233M->2869M(3602M) 6.463ms
[2023-11-10T11:51:19.549-0800][76683181ms] GC(23229) User=0.00s Sys=0.00s Real=0.01s
[2023-11-10T11:51:20.032-0800][76683664ms] GC(23230) Pause Young (Normal) (G1 Evacuation Pause)
[2023-11-10T11:51:20.032-0800][76683664ms] GC(23230) Using 10 workers of 10 for evacuation
[2023-11-10T11:51:20.038-0800][76683670ms] GC(23230)   Pre Evacuate Collection Set: 0.0ms
[2023-11-10T11:51:20.038-0800][76683670ms] GC(23230)   Evacuate Collection Set: 2.1ms
[2023-11-10T11:51:20.038-0800][76683670ms] GC(23230)   Post Evacuate Collection Set: 3.4ms
[2023-11-10T11:51:20.038-0800][76683670ms] GC(23230)   Other: 0.3ms
[2023-11-10T11:51:20.038-0800][76683670ms] GC(23230) Eden regions: 182->0(182)
[2023-11-10T11:51:20.038-0800][76683670ms] GC(23230) Survivor regions: 1->1(23)
[2023-11-10T11:51:20.038-0800][76683670ms] GC(23230) Old regions: 1430->1430
[2023-11-10T11:51:20.038-0800][76683670ms] GC(23230) Humongous regions: 5->5
[2023-11-10T11:51:20.038-0800][76683670ms] GC(23230) Metaspace: 304982K->304982K(1349632K)
[2023-11-10T11:51:20.038-0800][76683670ms] GC(23230) Pause Young (Normal) (G1 Evacuation Pause) 3233M->2869M(3602M) 5.930ms
[2023-11-10T11:51:20.038-0800][76683670ms] GC(23230) User=0.02s Sys=0.00s Real=0.01s
[2023-11-10T11:51:20.452-0800][76684084ms] GC(23231) Pause Young (Normal) (G1 Evacuation Pause)
[2023-11-10T11:51:20.452-0800][76684084ms] GC(23231) Using 10 workers of 10 for evacuation
[2023-11-10T11:51:20.458-0800][76684090ms] GC(23231)   Pre Evacuate Collection Set: 0.0ms
[2023-11-10T11:51:20.458-0800][76684090ms] GC(23231)   Evacuate Collection Set: 2.0ms
[2023-11-10T11:51:20.458-0800][76684090ms] GC(23231)   Post Evacuate Collection Set: 4.8ms
[2023-11-10T11:51:20.458-0800][76684090ms] GC(23231)   Other: 0.3ms
[2023-11-10T11:51:20.458-0800][76684090ms] GC(23231) Eden regions: 182->0(182)
[2023-11-10T11:51:20.458-0800][76684090ms] GC(23231) Survivor regions: 1->1(23)
[2023-11-10T11:51:20.458-0800][76684090ms] GC(23231) Old regions: 1430->1430
[2023-11-10T11:51:20.458-0800][76684090ms] GC(23231) Humongous regions: 5->5
[2023-11-10T11:51:20.459-0800][76684091ms] GC(23231) Metaspace: 304982K->304982K(1349632K)
[2023-11-10T11:51:20.459-0800][76684091ms] GC(23231) Pause Young (Normal) (G1 Evacuation Pause) 3233M->2869M(3602M) 7.365ms
[2023-11-10T11:51:20.459-0800][76684091ms] GC(23231) User=0.00s Sys=0.00s Real=0.01s
[2023-11-10T11:51:20.998-0800][76684630ms] GC(23232) Pause Young (Normal) (G1 Evacuation Pause)
[2023-11-10T11:51:20.998-0800][76684630ms] GC(23232) Using 10 workers of 10 for evacuation
[2023-11-10T11:51:21.004-0800][76684636ms] GC(23232)   Pre Evacuate Collection Set: 0.1ms
[2023-11-10T11:51:21.004-0800][76684636ms] GC(23232)   Evacuate Collection Set: 2.0ms
[2023-11-10T11:51:21.004-0800][76684636ms] GC(23232)   Post Evacuate Collection Set: 3.5ms
[2023-11-10T11:51:21.004-0800][76684636ms] GC(23232)   Other: 0.3ms
[2023-11-10T11:51:21.004-0800][76684636ms] GC(23232) Eden regions: 182->0(182)
[2023-11-10T11:51:21.004-0800][76684636ms] GC(23232) Survivor regions: 1->1(23)
[2023-11-10T11:51:21.004-0800][76684636ms] GC(23232) Old regions: 1430->1430
[2023-11-10T11:51:21.004-0800][76684636ms] GC(23232) Humongous regions: 5->5
[2023-11-10T11:51:21.004-0800][76684636ms] GC(23232) Metaspace: 304982K->304982K(1349632K)
[2023-11-10T11:51:21.004-0800][76684636ms] GC(23232) Pause Young (Normal) (G1 Evacuation Pause) 3233M->2869M(3602M) 6.081ms
[2023-11-10T11:51:21.004-0800][76684636ms] GC(23232) User=0.00s Sys=0.00s Real=0.01s
[2023-11-10T11:51:21.436-0800][76685068ms] GC(23233) Pause Young (Normal) (G1 Evacuation Pause)
[2023-11-10T11:51:21.436-0800][76685068ms] GC(23233) Using 10 workers of 10 for evacuation
[2023-11-10T11:51:21.442-0800][76685074ms] GC(23233)   Pre Evacuate Collection Set: 0.1ms
[2023-11-10T11:51:21.442-0800][76685074ms] GC(23233)   Evacuate Collection Set: 1.9ms
[2023-11-10T11:51:21.442-0800][76685074ms] GC(23233)   Post Evacuate Collection Set: 4.0ms
[2023-11-10T11:51:21.442-0800][76685074ms] GC(23233)   Other: 0.3ms
[2023-11-10T11:51:21.442-0800][76685074ms] GC(23233) Eden regions: 182->0(182)
[2023-11-10T11:51:21.442-0800][76685074ms] GC(23233) Survivor regions: 1->1(23)
[2023-11-10T11:51:21.442-0800][76685074ms] GC(23233) Old regions: 1430->1430
[2023-11-10T11:51:21.442-0800][76685074ms] GC(23233) Humongous regions: 5->5
[2023-11-10T11:51:21.442-0800][76685074ms] GC(23233) Metaspace: 304982K->304982K(1349632K)
[2023-11-10T11:51:21.442-0800][76685074ms] GC(23233) Pause Young (Normal) (G1 Evacuation Pause) 3233M->2869M(3602M) 6.433ms
[2023-11-10T11:51:21.442-0800][76685074ms] GC(23233) User=0.00s Sys=0.00s Real=0.01s
[2023-11-10T11:51:21.858-0800][76685490ms] GC(23234) Pause Young (Normal) (G1 Evacuation Pause)
[2023-11-10T11:51:21.858-0800][76685490ms] GC(23234) Using 10 workers of 10 for evacuation
[2023-11-10T11:51:21.864-0800][76685496ms] GC(23234)   Pre Evacuate Collection Set: 0.0ms
[2023-11-10T11:51:21.864-0800][76685496ms] GC(23234)   Evacuate Collection Set: 2.0ms
[2023-11-10T11:51:21.864-0800][76685496ms] GC(23234)   Post Evacuate Collection Set: 3.7ms
[2023-11-10T11:51:21.864-0800][76685496ms] GC(23234)   Other: 0.3ms
[2023-11-10T11:51:21.864-0800][76685496ms] GC(23234) Eden regions: 182->0(182)
[2023-11-10T11:51:21.864-0800][76685496ms] GC(23234) Survivor regions: 1->1(23)
[2023-11-10T11:51:21.864-0800][76685496ms] GC(23234) Old regions: 1430->1430
[2023-11-10T11:51:21.864-0800][76685496ms] GC(23234) Humongous regions: 5->5
[2023-11-10T11:51:21.864-0800][76685496ms] GC(23234) Metaspace: 304982K->304982K(1349632K)
[2023-11-10T11:51:21.864-0800][76685496ms] GC(23234) Pause Young (Normal) (G1 Evacuation Pause) 3233M->2869M(3602M) 6.105ms
[2023-11-10T11:51:21.865-0800][76685497ms] GC(23234) User=0.00s Sys=0.00s Real=0.01s
[2023-11-10T11:51:22.348-0800][76685980ms] GC(23235) Pause Young (Normal) (G1 Evacuation Pause)
[2023-11-10T11:51:22.348-0800][76685980ms] GC(23235) Using 10 workers of 10 for evacuation
[2023-11-10T11:51:22.355-0800][76685987ms] GC(23235)   Pre Evacuate Collection Set: 0.1ms
[2023-11-10T11:51:22.355-0800][76685987ms] GC(23235)   Evacuate Collection Set: 2.3ms
[2023-11-10T11:51:22.355-0800][76685987ms] GC(23235)   Post Evacuate Collection Set: 4.1ms
[2023-11-10T11:51:22.355-0800][76685987ms] GC(23235)   Other: 0.4ms
[2023-11-10T11:51:22.355-0800][76685987ms] GC(23235) Eden regions: 182->0(182)
[2023-11-10T11:51:22.355-0800][76685987ms] GC(23235) Survivor regions: 1->1(23)
[2023-11-10T11:51:22.355-0800][76685987ms] GC(23235) Old regions: 1430->1430
[2023-11-10T11:51:22.355-0800][76685987ms] GC(23235) Humongous regions: 5->5
[2023-11-10T11:51:22.355-0800][76685987ms] GC(23235) Metaspace: 304982K->304982K(1349632K)
[2023-11-10T11:51:22.355-0800][76685987ms] GC(23235) Pause Young (Normal) (G1 Evacuation Pause) 3233M->2869M(3602M) 7.028ms
[2023-11-10T11:51:22.355-0800][76685987ms] GC(23235) User=0.02s Sys=0.00s Real=0.01s
[2023-11-10T11:51:22.806-0800][76686438ms] GC(23236) Pause Young (Normal) (G1 Evacuation Pause)
[2023-11-10T11:51:22.806-0800][76686438ms] GC(23236) Using 10 workers of 10 for evacuation
[2023-11-10T11:51:22.812-0800][76686444ms] GC(23236)   Pre Evacuate Collection Set: 0.0ms
[2023-11-10T11:51:22.812-0800][76686444ms] GC(23236)   Evacuate Collection Set: 1.9ms
[2023-11-10T11:51:22.812-0800][76686444ms] GC(23236)   Post Evacuate Collection Set: 3.0ms
[2023-11-10T11:51:22.812-0800][76686444ms] GC(23236)   Other: 0.3ms
[2023-11-10T11:51:22.812-0800][76686444ms] GC(23236) Eden regions: 182->0(182)
[2023-11-10T11:51:22.812-0800][76686444ms] GC(23236) Survivor regions: 1->1(23)
[2023-11-10T11:51:22.812-0800][76686444ms] GC(23236) Old regions: 1430->1430
[2023-11-10T11:51:22.812-0800][76686444ms] GC(23236) Humongous regions: 5->5
[2023-11-10T11:51:22.812-0800][76686444ms] GC(23236) Metaspace: 304982K->304982K(1349632K)
[2023-11-10T11:51:22.812-0800][76686444ms] GC(23236) Pause Young (Normal) (G1 Evacuation Pause) 3233M->2869M(3602M) 5.281ms
[2023-11-10T11:51:22.812-0800][76686444ms] GC(23236) User=0.00s Sys=0.00s Real=0.01s
[2023-11-10T11:51:23.280-0800][76686912ms] GC(23237) Pause Young (Normal) (G1 Evacuation Pause)
[2023-11-10T11:51:23.280-0800][76686912ms] GC(23237) Using 10 workers of 10 for evacuation
[2023-11-10T11:51:23.286-0800][76686918ms] GC(23237)   Pre Evacuate Collection Set: 0.0ms
[2023-11-10T11:51:23.286-0800][76686918ms] GC(23237)   Evacuate Collection Set: 1.9ms
[2023-11-10T11:51:23.286-0800][76686918ms] GC(23237)   Post Evacuate Collection Set: 3.1ms
[2023-11-10T11:51:23.286-0800][76686918ms] GC(23237)   Other: 0.2ms
[2023-11-10T11:51:23.286-0800][76686918ms] GC(23237) Eden regions: 182->0(182)
[2023-11-10T11:51:23.286-0800][76686918ms] GC(23237) Survivor regions: 1->1(23)
[2023-11-10T11:51:23.286-0800][76686918ms] GC(23237) Old regions: 1430->1430
[2023-11-10T11:51:23.286-0800][76686918ms] GC(23237) Humongous regions: 5->5
[2023-11-10T11:51:23.286-0800][76686918ms] GC(23237) Metaspace: 304982K->304982K(1349632K)
[2023-11-10T11:51:23.286-0800][76686918ms] GC(23237) Pause Young (Normal) (G1 Evacuation Pause) 3233M->2869M(3602M) 5.377ms
[2023-11-10T11:51:23.286-0800][76686918ms] GC(23237) User=0.00s Sys=0.00s Real=0.01s
[2023-11-10T11:51:23.668-0800][76687300ms] GC(23238) Pause Young (Normal) (G1 Evacuation Pause)
[2023-11-10T11:51:23.668-0800][76687300ms] GC(23238) Using 10 workers of 10 for evacuation
[2023-11-10T11:51:23.673-0800][76687305ms] GC(23238)   Pre Evacuate Collection Set: 0.0ms
[2023-11-10T11:51:23.673-0800][76687305ms] GC(23238)   Evacuate Collection Set: 2.0ms
[2023-11-10T11:51:23.673-0800][76687305ms] GC(23238)   Post Evacuate Collection Set: 3.0ms
[2023-11-10T11:51:23.673-0800][76687305ms] GC(23238)   Other: 0.3ms
[2023-11-10T11:51:23.673-0800][76687305ms] GC(23238) Eden regions: 182->0(182)
[2023-11-10T11:51:23.673-0800][76687305ms] GC(23238) Survivor regions: 1->1(23)
[2023-11-10T11:51:23.673-0800][76687305ms] GC(23238) Old regions: 1430->1430
[2023-11-10T11:51:23.673-0800][76687305ms] GC(23238) Humongous regions: 5->5
[2023-11-10T11:51:23.673-0800][76687305ms] GC(23238) Metaspace: 304982K->304982K(1349632K)
[2023-11-10T11:51:23.673-0800][76687305ms] GC(23238) Pause Young (Normal) (G1 Evacuation Pause) 3233M->2869M(3602M) 5.390ms
[2023-11-10T11:51:23.673-0800][76687305ms] GC(23238) User=0.00s Sys=0.00s Real=0.01s
[2023-11-10T11:51:24.145-0800][76687777ms] GC(23239) Pause Young (Normal) (G1 Evacuation Pause)
[2023-11-10T11:51:24.145-0800][76687777ms] GC(23239) Using 10 workers of 10 for evacuation
[2023-11-10T11:51:24.150-0800][76687782ms] GC(23239)   Pre Evacuate Collection Set: 0.0ms
[2023-11-10T11:51:24.150-0800][76687782ms] GC(23239)   Evacuate Collection Set: 2.1ms
[2023-11-10T11:51:24.150-0800][76687782ms] GC(23239)   Post Evacuate Collection Set: 3.1ms
[2023-11-10T11:51:24.150-0800][76687782ms] GC(23239)   Other: 0.3ms
[2023-11-10T11:51:24.150-0800][76687782ms] GC(23239) Eden regions: 182->0(182)
[2023-11-10T11:51:24.150-0800][76687782ms] GC(23239) Survivor regions: 1->1(23)
[2023-11-10T11:51:24.150-0800][76687782ms] GC(23239) Old regions: 1430->1430
[2023-11-10T11:51:24.150-0800][76687782ms] GC(23239) Humongous regions: 5->5
[2023-11-10T11:51:24.150-0800][76687782ms] GC(23239) Metaspace: 304982K->304982K(1349632K)
[2023-11-10T11:51:24.150-0800][76687782ms] GC(23239) Pause Young (Normal) (G1 Evacuation Pause) 3233M->2869M(3602M) 5.557ms
[2023-11-10T11:51:24.150-0800][76687782ms] GC(23239) User=0.02s Sys=0.00s Real=0.01s
[2023-11-10T11:51:24.559-0800][76688192ms] GC(23240) Pause Young (Normal) (G1 Evacuation Pause)
[2023-11-10T11:51:24.560-0800][76688192ms] GC(23240) Using 10 workers of 10 for evacuation
[2023-11-10T11:51:24.565-0800][76688197ms] GC(23240)   Pre Evacuate Collection Set: 0.0ms
[2023-11-10T11:51:24.565-0800][76688197ms] GC(23240)   Evacuate Collection Set: 1.9ms
[2023-11-10T11:51:24.565-0800][76688197ms] GC(23240)   Post Evacuate Collection Set: 3.3ms
[2023-11-10T11:51:24.565-0800][76688197ms] GC(23240)   Other: 0.3ms
[2023-11-10T11:51:24.565-0800][76688197ms] GC(23240) Eden regions: 182->0(182)
[2023-11-10T11:51:24.565-0800][76688197ms] GC(23240) Survivor regions: 1->1(23)
[2023-11-10T11:51:24.566-0800][76688198ms] GC(23240) Old regions: 1430->1430
[2023-11-10T11:51:24.566-0800][76688198ms] GC(23240) Humongous regions: 5->5
[2023-11-10T11:51:24.566-0800][76688198ms] GC(23240) Metaspace: 304982K->304982K(1349632K)
[2023-11-10T11:51:24.566-0800][76688198ms] GC(23240) Pause Young (Normal) (G1 Evacuation Pause) 3233M->2869M(3602M) 5.566ms
[2023-11-10T11:51:24.566-0800][76688198ms] GC(23240) User=0.00s Sys=0.00s Real=0.01s
[2023-11-10T11:51:24.992-0800][76688624ms] GC(23241) Pause Young (Normal) (G1 Evacuation Pause)
[2023-11-10T11:51:24.992-0800][76688624ms] GC(23241) Using 10 workers of 10 for evacuation
[2023-11-10T11:51:24.997-0800][76688629ms] GC(23241)   Pre Evacuate Collection Set: 0.0ms
[2023-11-10T11:51:24.997-0800][76688629ms] GC(23241)   Evacuate Collection Set: 1.9ms
[2023-11-10T11:51:24.997-0800][76688629ms] GC(23241)   Post Evacuate Collection Set: 3.1ms
[2023-11-10T11:51:24.997-0800][76688629ms] GC(23241)   Other: 0.2ms
[2023-11-10T11:51:24.997-0800][76688629ms] GC(23241) Eden regions: 182->0(182)
[2023-11-10T11:51:24.997-0800][76688629ms] GC(23241) Survivor regions: 1->1(23)
[2023-11-10T11:51:24.997-0800][76688629ms] GC(23241) Old regions: 1430->1430
[2023-11-10T11:51:24.997-0800][76688629ms] GC(23241) Humongous regions: 5->5
[2023-11-10T11:51:24.997-0800][76688629ms] GC(23241) Metaspace: 304982K->304982K(1349632K)
[2023-11-10T11:51:24.997-0800][76688629ms] GC(23241) Pause Young (Normal) (G1 Evacuation Pause) 3233M->2869M(3602M) 5.303ms
[2023-11-10T11:51:24.997-0800][76688629ms] GC(23241) User=0.00s Sys=0.00s Real=0.00s
[2023-11-10T11:51:25.424-0800][76689056ms] GC(23242) Pause Young (Normal) (G1 Evacuation Pause)
[2023-11-10T11:51:25.424-0800][76689056ms] GC(23242) Using 10 workers of 10 for evacuation
[2023-11-10T11:51:25.430-0800][76689062ms] GC(23242)   Pre Evacuate Collection Set: 0.0ms
[2023-11-10T11:51:25.430-0800][76689062ms] GC(23242)   Evacuate Collection Set: 2.1ms
[2023-11-10T11:51:25.430-0800][76689062ms] GC(23242)   Post Evacuate Collection Set: 3.5ms
[2023-11-10T11:51:25.430-0800][76689062ms] GC(23242)   Other: 0.3ms
[2023-11-10T11:51:25.430-0800][76689062ms] GC(23242) Eden regions: 182->0(182)
[2023-11-10T11:51:25.430-0800][76689062ms] GC(23242) Survivor regions: 1->1(23)
[2023-11-10T11:51:25.430-0800][76689062ms] GC(23242) Old regions: 1430->1430
[2023-11-10T11:51:25.430-0800][76689062ms] GC(23242) Humongous regions: 5->5
[2023-11-10T11:51:25.430-0800][76689062ms] GC(23242) Metaspace: 304982K->304982K(1349632K)
[2023-11-10T11:51:25.430-0800][76689062ms] GC(23242) Pause Young (Normal) (G1 Evacuation Pause) 3233M->2869M(3602M) 6.079ms
[2023-11-10T11:51:25.430-0800][76689062ms] GC(23242) User=0.02s Sys=0.00s Real=0.01s
[2023-11-10T11:51:25.855-0800][76689487ms] GC(23243) Pause Young (Normal) (G1 Evacuation Pause)
[2023-11-10T11:51:25.855-0800][76689487ms] GC(23243) Using 10 workers of 10 for evacuation
[2023-11-10T11:51:25.861-0800][76689493ms] GC(23243)   Pre Evacuate Collection Set: 0.0ms
[2023-11-10T11:51:25.861-0800][76689493ms] GC(23243)   Evacuate Collection Set: 1.7ms
[2023-11-10T11:51:25.861-0800][76689493ms] GC(23243)   Post Evacuate Collection Set: 3.3ms
[2023-11-10T11:51:25.861-0800][76689493ms] GC(23243)   Other: 0.3ms
[2023-11-10T11:51:25.861-0800][76689493ms] GC(23243) Eden regions: 182->0(183)
[2023-11-10T11:51:25.861-0800][76689493ms] GC(23243) Survivor regions: 1->1(23)
[2023-11-10T11:51:25.861-0800][76689493ms] GC(23243) Old regions: 1430->1430
[2023-11-10T11:51:25.861-0800][76689493ms] GC(23243) Humongous regions: 5->5
[2023-11-10T11:51:25.861-0800][76689493ms] GC(23243) Metaspace: 304982K->304982K(1349632K)
[2023-11-10T11:51:25.861-0800][76689493ms] GC(23243) Pause Young (Normal) (G1 Evacuation Pause) 3233M->2869M(3602M) 5.413ms
[2023-11-10T11:51:25.861-0800][76689493ms] GC(23243) User=0.00s Sys=0.00s Real=0.01s
[2023-11-10T11:51:26.315-0800][76689947ms] GC(23244) Pause Young (Normal) (G1 Evacuation Pause)
[2023-11-10T11:51:26.315-0800][76689947ms] GC(23244) Using 10 workers of 10 for evacuation
[2023-11-10T11:51:26.320-0800][76689952ms] GC(23244)   Pre Evacuate Collection Set: 0.0ms
[2023-11-10T11:51:26.320-0800][76689952ms] GC(23244)   Evacuate Collection Set: 1.8ms
[2023-11-10T11:51:26.320-0800][76689952ms] GC(23244)   Post Evacuate Collection Set: 3.0ms
[2023-11-10T11:51:26.320-0800][76689952ms] GC(23244)   Other: 0.3ms
[2023-11-10T11:51:26.320-0800][76689952ms] GC(23244) Eden regions: 183->0(183)
[2023-11-10T11:51:26.320-0800][76689952ms] GC(23244) Survivor regions: 1->1(23)
[2023-11-10T11:51:26.320-0800][76689952ms] GC(23244) Old regions: 1430->1430
[2023-11-10T11:51:26.320-0800][76689952ms] GC(23244) Humongous regions: 5->5
[2023-11-10T11:51:26.320-0800][76689952ms] GC(23244) Metaspace: 304982K->304982K(1349632K)
[2023-11-10T11:51:26.321-0800][76689953ms] GC(23244) Pause Young (Normal) (G1 Evacuation Pause) 3235M->2869M(3602M) 5.260ms
[2023-11-10T11:51:26.321-0800][76689953ms] GC(23244) User=0.02s Sys=0.00s Real=0.01s
[2023-11-10T11:51:26.769-0800][76690401ms] GC(23245) Pause Young (Normal) (G1 Evacuation Pause)
[2023-11-10T11:51:26.769-0800][76690401ms] GC(23245) Using 10 workers of 10 for evacuation
[2023-11-10T11:51:26.774-0800][76690406ms] GC(23245)   Pre Evacuate Collection Set: 0.0ms
[2023-11-10T11:51:26.774-0800][76690406ms] GC(23245)   Evacuate Collection Set: 1.7ms
[2023-11-10T11:51:26.774-0800][76690406ms] GC(23245)   Post Evacuate Collection Set: 3.2ms
[2023-11-10T11:51:26.774-0800][76690406ms] GC(23245)   Other: 0.3ms
[2023-11-10T11:51:26.774-0800][76690406ms] GC(23245) Eden regions: 183->0(183)
[2023-11-10T11:51:26.774-0800][76690406ms] GC(23245) Survivor regions: 1->1(23)
[2023-11-10T11:51:26.774-0800][76690406ms] GC(23245) Old regions: 1430->1430
[2023-11-10T11:51:26.774-0800][76690406ms] GC(23245) Humongous regions: 5->5
[2023-11-10T11:51:26.774-0800][76690406ms] GC(23245) Metaspace: 304982K->304982K(1349632K)
[2023-11-10T11:51:26.774-0800][76690406ms] GC(23245) Pause Young (Normal) (G1 Evacuation Pause) 3235M->2869M(3602M) 5.306ms
[2023-11-10T11:51:26.774-0800][76690406ms] GC(23245) User=0.00s Sys=0.00s Real=0.00s
[2023-11-10T11:51:27.228-0800][76690860ms] GC(23246) Pause Young (Normal) (G1 Evacuation Pause)
[2023-11-10T11:51:27.228-0800][76690860ms] GC(23246) Using 10 workers of 10 for evacuation
[2023-11-10T11:51:27.234-0800][76690866ms] GC(23246)   Pre Evacuate Collection Set: 0.1ms
[2023-11-10T11:51:27.234-0800][76690866ms] GC(23246)   Evacuate Collection Set: 1.8ms
[2023-11-10T11:51:27.234-0800][76690866ms] GC(23246)   Post Evacuate Collection Set: 3.4ms
[2023-11-10T11:51:27.234-0800][76690866ms] GC(23246)   Other: 0.3ms
[2023-11-10T11:51:27.234-0800][76690866ms] GC(23246) Eden regions: 183->0(183)
[2023-11-10T11:51:27.234-0800][76690866ms] GC(23246) Survivor regions: 1->1(23)
[2023-11-10T11:51:27.234-0800][76690866ms] GC(23246) Old regions: 1430->1430
[2023-11-10T11:51:27.234-0800][76690866ms] GC(23246) Humongous regions: 5->5
[2023-11-10T11:51:27.234-0800][76690866ms] GC(23246) Metaspace: 304982K->304982K(1349632K)
[2023-11-10T11:51:27.234-0800][76690866ms] GC(23246) Pause Young (Normal) (G1 Evacuation Pause) 3235M->2869M(3602M) 5.727ms
[2023-11-10T11:51:27.235-0800][76690867ms] GC(23246) User=0.00s Sys=0.00s Real=0.01s
[2023-11-10T11:51:27.723-0800][76691355ms] GC(23247) Pause Young (Normal) (G1 Evacuation Pause)
[2023-11-10T11:51:27.723-0800][76691355ms] GC(23247) Using 10 workers of 10 for evacuation
[2023-11-10T11:51:27.729-0800][76691361ms] GC(23247)   Pre Evacuate Collection Set: 0.0ms
[2023-11-10T11:51:27.729-0800][76691361ms] GC(23247)   Evacuate Collection Set: 1.6ms
[2023-11-10T11:51:27.729-0800][76691361ms] GC(23247)   Post Evacuate Collection Set: 3.1ms
[2023-11-10T11:51:27.729-0800][76691361ms] GC(23247)   Other: 0.3ms
[2023-11-10T11:51:27.729-0800][76691361ms] GC(23247) Eden regions: 183->0(183)
[2023-11-10T11:51:27.729-0800][76691361ms] GC(23247) Survivor regions: 1->1(23)
[2023-11-10T11:51:27.729-0800][76691361ms] GC(23247) Old regions: 1430->1430
[2023-11-10T11:51:27.729-0800][76691361ms] GC(23247) Humongous regions: 5->5
[2023-11-10T11:51:27.729-0800][76691361ms] GC(23247) Metaspace: 304982K->304982K(1349632K)
[2023-11-10T11:51:27.729-0800][76691361ms] GC(23247) Pause Young (Normal) (G1 Evacuation Pause) 3235M->2869M(3602M) 5.163ms
[2023-11-10T11:51:27.729-0800][76691361ms] GC(23247) User=0.02s Sys=0.00s Real=0.01s
[2023-11-10T11:51:28.196-0800][76691828ms] GC(23248) Pause Young (Normal) (G1 Evacuation Pause)
[2023-11-10T11:51:28.196-0800][76691828ms] GC(23248) Using 10 workers of 10 for evacuation
[2023-11-10T11:51:28.204-0800][76691836ms] GC(23248)   Pre Evacuate Collection Set: 0.1ms
[2023-11-10T11:51:28.204-0800][76691836ms] GC(23248)   Evacuate Collection Set: 2.8ms
[2023-11-10T11:51:28.204-0800][76691836ms] GC(23248)   Post Evacuate Collection Set: 5.0ms
[2023-11-10T11:51:28.204-0800][76691836ms] GC(23248)   Other: 0.4ms
[2023-11-10T11:51:28.204-0800][76691836ms] GC(23248) Eden regions: 183->0(183)
[2023-11-10T11:51:28.204-0800][76691836ms] GC(23248) Survivor regions: 1->1(23)
[2023-11-10T11:51:28.204-0800][76691836ms] GC(23248) Old regions: 1430->1430
[2023-11-10T11:51:28.204-0800][76691836ms] GC(23248) Humongous regions: 5->5
[2023-11-10T11:51:28.204-0800][76691836ms] GC(23248) Metaspace: 304982K->304982K(1349632K)
[2023-11-10T11:51:28.204-0800][76691836ms] GC(23248) Pause Young (Normal) (G1 Evacuation Pause) 3235M->2869M(3602M) 8.284ms
[2023-11-10T11:51:28.204-0800][76691836ms] GC(23248) User=0.00s Sys=0.00s Real=0.01s
[2023-11-10T11:51:28.703-0800][76692335ms] GC(23249) Pause Young (Normal) (G1 Evacuation Pause)
[2023-11-10T11:51:28.703-0800][76692335ms] GC(23249) Using 10 workers of 10 for evacuation
[2023-11-10T11:51:28.710-0800][76692342ms] GC(23249)   Pre Evacuate Collection Set: 0.2ms
[2023-11-10T11:51:28.710-0800][76692342ms] GC(23249)   Evacuate Collection Set: 2.3ms
[2023-11-10T11:51:28.711-0800][76692343ms] GC(23249)   Post Evacuate Collection Set: 4.2ms
[2023-11-10T11:51:28.711-0800][76692343ms] GC(23249)   Other: 0.5ms
[2023-11-10T11:51:28.711-0800][76692343ms] GC(23249) Eden regions: 183->0(183)
[2023-11-10T11:51:28.711-0800][76692343ms] GC(23249) Survivor regions: 1->1(23)
[2023-11-10T11:51:28.711-0800][76692343ms] GC(23249) Old regions: 1430->1430
[2023-11-10T11:51:28.711-0800][76692343ms] GC(23249) Humongous regions: 5->5
[2023-11-10T11:51:28.711-0800][76692343ms] GC(23249) Metaspace: 304982K->304982K(1349632K)
[2023-11-10T11:51:28.711-0800][76692343ms] GC(23249) Pause Young (Normal) (G1 Evacuation Pause) 3235M->2869M(3602M) 7.239ms
[2023-11-10T11:51:28.711-0800][76692343ms] GC(23249) User=0.02s Sys=0.00s Real=0.01s
[2023-11-10T11:51:29.189-0800][76692821ms] GC(23250) Pause Young (Normal) (G1 Evacuation Pause)
[2023-11-10T11:51:29.189-0800][76692821ms] GC(23250) Using 10 workers of 10 for evacuation
[2023-11-10T11:51:29.195-0800][76692827ms] GC(23250)   Pre Evacuate Collection Set: 0.0ms
[2023-11-10T11:51:29.195-0800][76692827ms] GC(23250)   Evacuate Collection Set: 2.0ms
[2023-11-10T11:51:29.195-0800][76692827ms] GC(23250)   Post Evacuate Collection Set: 3.7ms
[2023-11-10T11:51:29.195-0800][76692827ms] GC(23250)   Other: 0.3ms
[2023-11-10T11:51:29.195-0800][76692827ms] GC(23250) Eden regions: 183->0(183)
[2023-11-10T11:51:29.195-0800][76692827ms] GC(23250) Survivor regions: 1->1(23)
[2023-11-10T11:51:29.195-0800][76692827ms] GC(23250) Old regions: 1430->1430
[2023-11-10T11:51:29.195-0800][76692827ms] GC(23250) Humongous regions: 5->5
[2023-11-10T11:51:29.195-0800][76692827ms] GC(23250) Metaspace: 304982K->304982K(1349632K)
[2023-11-10T11:51:29.195-0800][76692827ms] GC(23250) Pause Young (Normal) (G1 Evacuation Pause) 3235M->2869M(3602M) 6.167ms
[2023-11-10T11:51:29.195-0800][76692827ms] GC(23250) User=0.02s Sys=0.00s Real=0.01s
[2023-11-10T11:51:29.659-0800][76693291ms] GC(23251) Pause Young (Normal) (G1 Evacuation Pause)
[2023-11-10T11:51:29.659-0800][76693291ms] GC(23251) Using 10 workers of 10 for evacuation
[2023-11-10T11:51:29.667-0800][76693299ms] GC(23251)   Pre Evacuate Collection Set: 0.1ms
[2023-11-10T11:51:29.667-0800][76693299ms] GC(23251)   Evacuate Collection Set: 1.9ms
[2023-11-10T11:51:29.667-0800][76693299ms] GC(23251)   Post Evacuate Collection Set: 5.1ms
[2023-11-10T11:51:29.667-0800][76693299ms] GC(23251)   Other: 0.3ms
[2023-11-10T11:51:29.667-0800][76693299ms] GC(23251) Eden regions: 183->0(183)
[2023-11-10T11:51:29.667-0800][76693299ms] GC(23251) Survivor regions: 1->1(23)
[2023-11-10T11:51:29.667-0800][76693299ms] GC(23251) Old regions: 1430->1430
[2023-11-10T11:51:29.667-0800][76693299ms] GC(23251) Humongous regions: 5->5
[2023-11-10T11:51:29.667-0800][76693299ms] GC(23251) Metaspace: 304982K->304982K(1349632K)
[2023-11-10T11:51:29.667-0800][76693299ms] GC(23251) Pause Young (Normal) (G1 Evacuation Pause) 3235M->2869M(3602M) 7.391ms
[2023-11-10T11:51:29.667-0800][76693299ms] GC(23251) User=0.02s Sys=0.00s Real=0.01s
[2023-11-10T11:51:30.099-0800][76693731ms] GC(23252) Pause Young (Normal) (G1 Evacuation Pause)
[2023-11-10T11:51:30.099-0800][76693731ms] GC(23252) Using 10 workers of 10 for evacuation
[2023-11-10T11:51:30.104-0800][76693736ms] GC(23252)   Pre Evacuate Collection Set: 0.0ms
[2023-11-10T11:51:30.104-0800][76693736ms] GC(23252)   Evacuate Collection Set: 1.7ms
[2023-11-10T11:51:30.104-0800][76693736ms] GC(23252)   Post Evacuate Collection Set: 3.2ms
[2023-11-10T11:51:30.104-0800][76693736ms] GC(23252)   Other: 0.3ms
[2023-11-10T11:51:30.104-0800][76693736ms] GC(23252) Eden regions: 183->0(183)
[2023-11-10T11:51:30.104-0800][76693736ms] GC(23252) Survivor regions: 1->1(23)
[2023-11-10T11:51:30.104-0800][76693736ms] GC(23252) Old regions: 1430->1430
[2023-11-10T11:51:30.104-0800][76693736ms] GC(23252) Humongous regions: 5->5
[2023-11-10T11:51:30.104-0800][76693736ms] GC(23252) Metaspace: 304982K->304982K(1349632K)
[2023-11-10T11:51:30.104-0800][76693736ms] GC(23252) Pause Young (Normal) (G1 Evacuation Pause) 3235M->2869M(3602M) 5.351ms
[2023-11-10T11:51:30.104-0800][76693736ms] GC(23252) User=0.00s Sys=0.00s Real=0.01s
[2023-11-10T11:51:30.531-0800][76694163ms] GC(23253) Pause Young (Normal) (G1 Evacuation Pause)
[2023-11-10T11:51:30.531-0800][76694163ms] GC(23253) Using 10 workers of 10 for evacuation
[2023-11-10T11:51:30.536-0800][76694168ms] GC(23253)   Pre Evacuate Collection Set: 0.0ms
[2023-11-10T11:51:30.536-0800][76694168ms] GC(23253)   Evacuate Collection Set: 1.7ms
[2023-11-10T11:51:30.536-0800][76694168ms] GC(23253)   Post Evacuate Collection Set: 3.1ms
[2023-11-10T11:51:30.536-0800][76694168ms] GC(23253)   Other: 0.2ms
[2023-11-10T11:51:30.536-0800][76694168ms] GC(23253) Eden regions: 183->0(183)
[2023-11-10T11:51:30.536-0800][76694168ms] GC(23253) Survivor regions: 1->1(23)
[2023-11-10T11:51:30.536-0800][76694168ms] GC(23253) Old regions: 1430->1430
[2023-11-10T11:51:30.536-0800][76694168ms] GC(23253) Humongous regions: 5->5
[2023-11-10T11:51:30.536-0800][76694168ms] GC(23253) Metaspace: 304982K->304982K(1349632K)
[2023-11-10T11:51:30.536-0800][76694168ms] GC(23253) Pause Young (Normal) (G1 Evacuation Pause) 3235M->2869M(3602M) 5.136ms
[2023-11-10T11:51:30.536-0800][76694168ms] GC(23253) User=0.00s Sys=0.00s Real=0.01s
[2023-11-10T11:51:31.000-0800][76694632ms] GC(23254) Pause Young (Normal) (G1 Evacuation Pause)
[2023-11-10T11:51:31.000-0800][76694632ms] GC(23254) Using 10 workers of 10 for evacuation
[2023-11-10T11:51:31.006-0800][76694638ms] GC(23254)   Pre Evacuate Collection Set: 0.1ms
[2023-11-10T11:51:31.006-0800][76694638ms] GC(23254)   Evacuate Collection Set: 1.7ms
[2023-11-10T11:51:31.006-0800][76694638ms] GC(23254)   Post Evacuate Collection Set: 4.2ms
[2023-11-10T11:51:31.006-0800][76694638ms] GC(23254)   Other: 0.5ms
[2023-11-10T11:51:31.006-0800][76694638ms] GC(23254) Eden regions: 183->0(183)
[2023-11-10T11:51:31.006-0800][76694638ms] GC(23254) Survivor regions: 1->1(23)
[2023-11-10T11:51:31.006-0800][76694638ms] GC(23254) Old regions: 1430->1430
[2023-11-10T11:51:31.006-0800][76694638ms] GC(23254) Humongous regions: 5->5
[2023-11-10T11:51:31.006-0800][76694638ms] GC(23254) Metaspace: 304982K->304982K(1349632K)
[2023-11-10T11:51:31.006-0800][76694638ms] GC(23254) Pause Young (Normal) (G1 Evacuation Pause) 3235M->2870M(3602M) 6.625ms
[2023-11-10T11:51:31.006-0800][76694638ms] GC(23254) User=0.00s Sys=0.00s Real=0.01s
[2023-11-10T11:51:31.435-0800][76695067ms] GC(23255) Pause Young (Normal) (G1 Evacuation Pause)
[2023-11-10T11:51:31.435-0800][76695067ms] GC(23255) Using 10 workers of 10 for evacuation
[2023-11-10T11:51:31.443-0800][76695075ms] GC(23255)   Pre Evacuate Collection Set: 0.1ms
[2023-11-10T11:51:31.443-0800][76695075ms] GC(23255)   Evacuate Collection Set: 2.9ms
[2023-11-10T11:51:31.443-0800][76695075ms] GC(23255)   Post Evacuate Collection Set: 3.9ms
[2023-11-10T11:51:31.443-0800][76695075ms] GC(23255)   Other: 0.4ms
[2023-11-10T11:51:31.443-0800][76695075ms] GC(23255) Eden regions: 183->0(183)
[2023-11-10T11:51:31.443-0800][76695075ms] GC(23255) Survivor regions: 1->1(23)
[2023-11-10T11:51:31.443-0800][76695075ms] GC(23255) Old regions: 1430->1430
[2023-11-10T11:51:31.443-0800][76695075ms] GC(23255) Humongous regions: 5->5
[2023-11-10T11:51:31.443-0800][76695075ms] GC(23255) Metaspace: 304982K->304982K(1349632K)
[2023-11-10T11:51:31.443-0800][76695075ms] GC(23255) Pause Young (Normal) (G1 Evacuation Pause) 3236M->2869M(3602M) 7.374ms
[2023-11-10T11:51:31.443-0800][76695075ms] GC(23255) User=0.00s Sys=0.00s Real=0.01s
[2023-11-10T11:51:31.877-0800][76695509ms] GC(23256) Pause Young (Normal) (G1 Evacuation Pause)
[2023-11-10T11:51:31.877-0800][76695509ms] GC(23256) Using 10 workers of 10 for evacuation
[2023-11-10T11:51:31.882-0800][76695514ms] GC(23256)   Pre Evacuate Collection Set: 0.0ms
[2023-11-10T11:51:31.882-0800][76695514ms] GC(23256)   Evacuate Collection Set: 1.6ms
[2023-11-10T11:51:31.882-0800][76695514ms] GC(23256)   Post Evacuate Collection Set: 3.2ms
[2023-11-10T11:51:31.883-0800][76695515ms] GC(23256)   Other: 0.2ms
[2023-11-10T11:51:31.883-0800][76695515ms] GC(23256) Eden regions: 183->0(183)
[2023-11-10T11:51:31.883-0800][76695515ms] GC(23256) Survivor regions: 1->1(23)
[2023-11-10T11:51:31.883-0800][76695515ms] GC(23256) Old regions: 1430->1430
[2023-11-10T11:51:31.883-0800][76695515ms] GC(23256) Humongous regions: 5->5
[2023-11-10T11:51:31.883-0800][76695515ms] GC(23256) Metaspace: 304982K->304982K(1349632K)
[2023-11-10T11:51:31.883-0800][76695515ms] GC(23256) Pause Young (Normal) (G1 Evacuation Pause) 3235M->2869M(3602M) 5.134ms
[2023-11-10T11:51:31.883-0800][76695515ms] GC(23256) User=0.00s Sys=0.00s Real=0.01s
[2023-11-10T11:51:32.334-0800][76695966ms] GC(23257) Pause Young (Normal) (G1 Evacuation Pause)
[2023-11-10T11:51:32.334-0800][76695966ms] GC(23257) Using 10 workers of 10 for evacuation
[2023-11-10T11:51:32.339-0800][76695971ms] GC(23257)   Pre Evacuate Collection Set: 0.0ms
[2023-11-10T11:51:32.339-0800][76695971ms] GC(23257)   Evacuate Collection Set: 1.6ms
[2023-11-10T11:51:32.339-0800][76695971ms] GC(23257)   Post Evacuate Collection Set: 3.5ms
[2023-11-10T11:51:32.339-0800][76695971ms] GC(23257)   Other: 0.2ms
[2023-11-10T11:51:32.340-0800][76695972ms] GC(23257) Eden regions: 183->0(183)
[2023-11-10T11:51:32.340-0800][76695972ms] GC(23257) Survivor regions: 1->1(23)
[2023-11-10T11:51:32.340-0800][76695972ms] GC(23257) Old regions: 1430->1430
[2023-11-10T11:51:32.340-0800][76695972ms] GC(23257) Humongous regions: 5->5
[2023-11-10T11:51:32.340-0800][76695972ms] GC(23257) Metaspace: 304982K->304982K(1349632K)
[2023-11-10T11:51:32.340-0800][76695972ms] GC(23257) Pause Young (Normal) (G1 Evacuation Pause) 3235M->2869M(3602M) 5.642ms
[2023-11-10T11:51:32.340-0800][76695972ms] GC(23257) User=0.08s Sys=0.00s Real=0.01s
[2023-11-10T11:51:32.801-0800][76696433ms] GC(23258) Pause Young (Normal) (G1 Evacuation Pause)
[2023-11-10T11:51:32.801-0800][76696433ms] GC(23258) Using 10 workers of 10 for evacuation
[2023-11-10T11:51:32.806-0800][76696438ms] GC(23258)   Pre Evacuate Collection Set: 0.0ms
[2023-11-10T11:51:32.806-0800][76696438ms] GC(23258)   Evacuate Collection Set: 1.7ms
[2023-11-10T11:51:32.806-0800][76696438ms] GC(23258)   Post Evacuate Collection Set: 3.1ms
[2023-11-10T11:51:32.806-0800][76696438ms] GC(23258)   Other: 0.2ms
[2023-11-10T11:51:32.806-0800][76696438ms] GC(23258) Eden regions: 183->0(183)
[2023-11-10T11:51:32.806-0800][76696438ms] GC(23258) Survivor regions: 1->1(23)
[2023-11-10T11:51:32.806-0800][76696438ms] GC(23258) Old regions: 1430->1430
[2023-11-10T11:51:32.806-0800][76696438ms] GC(23258) Humongous regions: 5->5
[2023-11-10T11:51:32.806-0800][76696438ms] GC(23258) Metaspace: 304982K->304982K(1349632K)
[2023-11-10T11:51:32.806-0800][76696438ms] GC(23258) Pause Young (Normal) (G1 Evacuation Pause) 3235M->2870M(3602M) 5.148ms
[2023-11-10T11:51:32.806-0800][76696438ms] GC(23258) User=0.00s Sys=0.00s Real=0.00s
[2023-11-10T11:51:33.279-0800][76696911ms] GC(23259) Pause Young (Normal) (G1 Evacuation Pause)
[2023-11-10T11:51:33.279-0800][76696911ms] GC(23259) Using 10 workers of 10 for evacuation
[2023-11-10T11:51:33.284-0800][76696916ms] GC(23259)   Pre Evacuate Collection Set: 0.0ms
[2023-11-10T11:51:33.284-0800][76696916ms] GC(23259)   Evacuate Collection Set: 1.6ms
[2023-11-10T11:51:33.284-0800][76696916ms] GC(23259)   Post Evacuate Collection Set: 3.0ms
[2023-11-10T11:51:33.284-0800][76696916ms] GC(23259)   Other: 0.2ms
[2023-11-10T11:51:33.284-0800][76696916ms] GC(23259) Eden regions: 183->0(183)
[2023-11-10T11:51:33.284-0800][76696916ms] GC(23259) Survivor regions: 1->1(23)
[2023-11-10T11:51:33.284-0800][76696916ms] GC(23259) Old regions: 1430->1430
[2023-11-10T11:51:33.284-0800][76696916ms] GC(23259) Humongous regions: 5->5
[2023-11-10T11:51:33.284-0800][76696916ms] GC(23259) Metaspace: 304982K->304982K(1349632K)
[2023-11-10T11:51:33.284-0800][76696916ms] GC(23259) Pause Young (Normal) (G1 Evacuation Pause) 3236M->2869M(3602M) 5.007ms
[2023-11-10T11:51:33.284-0800][76696916ms] GC(23259) User=0.00s Sys=0.00s Real=0.00s
[2023-11-10T11:51:33.671-0800][76697303ms] GC(23260) Pause Young (Normal) (G1 Evacuation Pause)
[2023-11-10T11:51:33.671-0800][76697303ms] GC(23260) Using 10 workers of 10 for evacuation
[2023-11-10T11:51:33.676-0800][76697308ms] GC(23260)   Pre Evacuate Collection Set: 0.0ms
[2023-11-10T11:51:33.676-0800][76697308ms] GC(23260)   Evacuate Collection Set: 2.0ms
[2023-11-10T11:51:33.676-0800][76697308ms] GC(23260)   Post Evacuate Collection Set: 3.2ms
[2023-11-10T11:51:33.676-0800][76697308ms] GC(23260)   Other: 0.3ms
[2023-11-10T11:51:33.676-0800][76697308ms] GC(23260) Eden regions: 183->0(183)
[2023-11-10T11:51:33.676-0800][76697308ms] GC(23260) Survivor regions: 1->1(23)
[2023-11-10T11:51:33.676-0800][76697308ms] GC(23260) Old regions: 1430->1430
[2023-11-10T11:51:33.676-0800][76697308ms] GC(23260) Humongous regions: 5->5
[2023-11-10T11:51:33.676-0800][76697308ms] GC(23260) Metaspace: 304982K->304982K(1349632K)
[2023-11-10T11:51:33.676-0800][76697308ms] GC(23260) Pause Young (Normal) (G1 Evacuation Pause) 3235M->2869M(3602M) 5.670ms
[2023-11-10T11:51:33.676-0800][76697308ms] GC(23260) User=0.00s Sys=0.00s Real=0.01s
[2023-11-10T11:51:34.124-0800][76697756ms] GC(23261) Pause Young (Normal) (G1 Evacuation Pause)
[2023-11-10T11:51:34.124-0800][76697756ms] GC(23261) Using 10 workers of 10 for evacuation
[2023-11-10T11:51:34.128-0800][76697760ms] GC(23261)   Pre Evacuate Collection Set: 0.0ms
[2023-11-10T11:51:34.128-0800][76697760ms] GC(23261)   Evacuate Collection Set: 1.7ms
[2023-11-10T11:51:34.128-0800][76697760ms] GC(23261)   Post Evacuate Collection Set: 3.0ms
[2023-11-10T11:51:34.128-0800][76697760ms] GC(23261)   Other: 0.2ms
[2023-11-10T11:51:34.128-0800][76697760ms] GC(23261) Eden regions: 183->0(183)
[2023-11-10T11:51:34.128-0800][76697760ms] GC(23261) Survivor regions: 1->1(23)
[2023-11-10T11:51:34.128-0800][76697760ms] GC(23261) Old regions: 1430->1430
[2023-11-10T11:51:34.128-0800][76697760ms] GC(23261) Humongous regions: 5->5
[2023-11-10T11:51:34.128-0800][76697760ms] GC(23261) Metaspace: 304982K->304982K(1349632K)
[2023-11-10T11:51:34.128-0800][76697760ms] GC(23261) Pause Young (Normal) (G1 Evacuation Pause) 3235M->2870M(3602M) 5.106ms
[2023-11-10T11:51:34.128-0800][76697760ms] GC(23261) User=0.00s Sys=0.00s Real=0.00s
[2023-11-10T11:51:34.491-0800][76698123ms] GC(23262) Pause Young (Normal) (G1 Evacuation Pause)
[2023-11-10T11:51:34.491-0800][76698123ms] GC(23262) Using 10 workers of 10 for evacuation
[2023-11-10T11:51:34.497-0800][76698129ms] GC(23262)   Pre Evacuate Collection Set: 0.1ms
[2023-11-10T11:51:34.497-0800][76698129ms] GC(23262)   Evacuate Collection Set: 1.7ms
[2023-11-10T11:51:34.497-0800][76698129ms] GC(23262)   Post Evacuate Collection Set: 3.4ms
[2023-11-10T11:51:34.497-0800][76698129ms] GC(23262)   Other: 0.3ms
[2023-11-10T11:51:34.497-0800][76698129ms] GC(23262) Eden regions: 183->0(183)
[2023-11-10T11:51:34.497-0800][76698129ms] GC(23262) Survivor regions: 1->1(23)
[2023-11-10T11:51:34.497-0800][76698129ms] GC(23262) Old regions: 1430->1430
[2023-11-10T11:51:34.497-0800][76698129ms] GC(23262) Humongous regions: 5->5
[2023-11-10T11:51:34.497-0800][76698129ms] GC(23262) Metaspace: 304982K->304982K(1349632K)
[2023-11-10T11:51:34.497-0800][76698129ms] GC(23262) Pause Young (Normal) (G1 Evacuation Pause) 3236M->2870M(3602M) 5.574ms
[2023-11-10T11:51:34.497-0800][76698129ms] GC(23262) User=0.00s Sys=0.00s Real=0.01s
[2023-11-10T11:51:34.927-0800][76698559ms] GC(23263) Pause Young (Normal) (G1 Evacuation Pause)
[2023-11-10T11:51:34.927-0800][76698559ms] GC(23263) Using 10 workers of 10 for evacuation
[2023-11-10T11:51:34.932-0800][76698564ms] GC(23263)   Pre Evacuate Collection Set: 0.0ms
[2023-11-10T11:51:34.932-0800][76698564ms] GC(23263)   Evacuate Collection Set: 1.8ms
[2023-11-10T11:51:34.932-0800][76698564ms] GC(23263)   Post Evacuate Collection Set: 3.2ms
[2023-11-10T11:51:34.932-0800][76698564ms] GC(23263)   Other: 0.3ms
[2023-11-10T11:51:34.932-0800][76698564ms] GC(23263) Eden regions: 183->0(183)
[2023-11-10T11:51:34.932-0800][76698564ms] GC(23263) Survivor regions: 1->1(23)
[2023-11-10T11:51:34.932-0800][76698564ms] GC(23263) Old regions: 1430->1430
[2023-11-10T11:51:34.932-0800][76698564ms] GC(23263) Humongous regions: 5->5
[2023-11-10T11:51:34.932-0800][76698564ms] GC(23263) Metaspace: 304982K->304982K(1349632K)
[2023-11-10T11:51:34.932-0800][76698564ms] GC(23263) Pause Young (Normal) (G1 Evacuation Pause) 3236M->2869M(3602M) 5.415ms
[2023-11-10T11:51:34.932-0800][76698564ms] GC(23263) User=0.02s Sys=0.00s Real=0.00s
[2023-11-10T11:51:35.417-0800][76699049ms] GC(23264) Pause Young (Normal) (G1 Evacuation Pause)
[2023-11-10T11:51:35.417-0800][76699049ms] GC(23264) Using 10 workers of 10 for evacuation
[2023-11-10T11:51:35.422-0800][76699054ms] GC(23264)   Pre Evacuate Collection Set: 0.0ms
[2023-11-10T11:51:35.422-0800][76699054ms] GC(23264)   Evacuate Collection Set: 2.1ms
[2023-11-10T11:51:35.422-0800][76699054ms] GC(23264)   Post Evacuate Collection Set: 3.7ms
[2023-11-10T11:51:35.422-0800][76699054ms] GC(23264)   Other: 0.3ms
[2023-11-10T11:51:35.422-0800][76699054ms] GC(23264) Eden regions: 183->0(183)
[2023-11-10T11:51:35.424-0800][76699056ms] GC(23264) Survivor regions: 1->1(23)
[2023-11-10T11:51:35.424-0800][76699056ms] GC(23264) Old regions: 1430->1430
[2023-11-10T11:51:35.424-0800][76699056ms] GC(23264) Humongous regions: 5->5
[2023-11-10T11:51:35.424-0800][76699056ms] GC(23264) Metaspace: 304982K->304982K(1349632K)
[2023-11-10T11:51:35.424-0800][76699056ms] GC(23264) Pause Young (Normal) (G1 Evacuation Pause) 3235M->2870M(3602M) 6.298ms
[2023-11-10T11:51:35.424-0800][76699056ms] GC(23264) User=0.00s Sys=0.00s Real=0.01s
[2023-11-10T11:51:35.945-0800][76699577ms] GC(23265) Pause Young (Normal) (G1 Evacuation Pause)
[2023-11-10T11:51:35.945-0800][76699577ms] GC(23265) Using 10 workers of 10 for evacuation
[2023-11-10T11:51:35.951-0800][76699583ms] GC(23265)   Pre Evacuate Collection Set: 0.1ms
[2023-11-10T11:51:35.951-0800][76699583ms] GC(23265)   Evacuate Collection Set: 1.9ms
[2023-11-10T11:51:35.951-0800][76699583ms] GC(23265)   Post Evacuate Collection Set: 4.2ms
[2023-11-10T11:51:35.951-0800][76699583ms] GC(23265)   Other: 0.3ms
[2023-11-10T11:51:35.951-0800][76699583ms] GC(23265) Eden regions: 183->0(183)
[2023-11-10T11:51:35.951-0800][76699583ms] GC(23265) Survivor regions: 1->1(23)
[2023-11-10T11:51:35.951-0800][76699583ms] GC(23265) Old regions: 1430->1430
[2023-11-10T11:51:35.951-0800][76699583ms] GC(23265) Humongous regions: 5->5
[2023-11-10T11:51:35.951-0800][76699583ms] GC(23265) Metaspace: 304982K->304982K(1349632K)
[2023-11-10T11:51:35.951-0800][76699583ms] GC(23265) Pause Young (Normal) (G1 Evacuation Pause) 3236M->2870M(3602M) 6.574ms
[2023-11-10T11:51:35.951-0800][76699583ms] GC(23265) User=0.00s Sys=0.00s Real=0.01s
[2023-11-10T11:51:36.442-0800][76700074ms] GC(23266) Pause Young (Normal) (G1 Evacuation Pause)
[2023-11-10T11:51:36.442-0800][76700074ms] GC(23266) Using 10 workers of 10 for evacuation
[2023-11-10T11:51:36.449-0800][76700081ms] GC(23266)   Pre Evacuate Collection Set: 0.0ms
[2023-11-10T11:51:36.449-0800][76700081ms] GC(23266)   Evacuate Collection Set: 1.9ms
[2023-11-10T11:51:36.449-0800][76700081ms] GC(23266)   Post Evacuate Collection Set: 3.3ms
[2023-11-10T11:51:36.449-0800][76700081ms] GC(23266)   Other: 0.3ms
[2023-11-10T11:51:36.449-0800][76700081ms] GC(23266) Eden regions: 183->0(183)
[2023-11-10T11:51:36.449-0800][76700081ms] GC(23266) Survivor regions: 1->1(23)
[2023-11-10T11:51:36.449-0800][76700081ms] GC(23266) Old regions: 1430->1430
[2023-11-10T11:51:36.449-0800][76700081ms] GC(23266) Humongous regions: 5->5
[2023-11-10T11:51:36.449-0800][76700081ms] GC(23266) Metaspace: 304982K->304982K(1349632K)
[2023-11-10T11:51:36.449-0800][76700081ms] GC(23266) Pause Young (Normal) (G1 Evacuation Pause) 3236M->2870M(3602M) 5.643ms
[2023-11-10T11:51:36.449-0800][76700081ms] GC(23266) User=0.02s Sys=0.00s Real=0.01s
[2023-11-10T11:51:36.923-0800][76700555ms] GC(23267) Pause Young (Normal) (G1 Evacuation Pause)
[2023-11-10T11:51:36.923-0800][76700555ms] GC(23267) Using 10 workers of 10 for evacuation
[2023-11-10T11:51:36.931-0800][76700563ms] GC(23267)   Pre Evacuate Collection Set: 0.1ms
[2023-11-10T11:51:36.931-0800][76700563ms] GC(23267)   Evacuate Collection Set: 2.9ms
[2023-11-10T11:51:36.931-0800][76700563ms] GC(23267)   Post Evacuate Collection Set: 5.4ms
[2023-11-10T11:51:36.931-0800][76700563ms] GC(23267)   Other: 0.5ms
[2023-11-10T11:51:36.931-0800][76700563ms] GC(23267) Eden regions: 183->0(183)
[2023-11-10T11:51:36.931-0800][76700563ms] GC(23267) Survivor regions: 1->1(23)
[2023-11-10T11:51:36.931-0800][76700563ms] GC(23267) Old regions: 1430->1430
[2023-11-10T11:51:36.931-0800][76700563ms] GC(23267) Humongous regions: 5->5
[2023-11-10T11:51:36.931-0800][76700563ms] GC(23267) Metaspace: 304982K->304982K(1349632K)
[2023-11-10T11:51:36.931-0800][76700563ms] GC(23267) Pause Young (Normal) (G1 Evacuation Pause) 3236M->2870M(3602M) 8.976ms
[2023-11-10T11:51:36.931-0800][76700563ms] GC(23267) User=0.00s Sys=0.00s Real=0.01s
[2023-11-10T11:51:37.430-0800][76701062ms] GC(23268) Pause Young (Normal) (G1 Evacuation Pause)
[2023-11-10T11:51:37.430-0800][76701062ms] GC(23268) Using 10 workers of 10 for evacuation
[2023-11-10T11:51:37.436-0800][76701068ms] GC(23268)   Pre Evacuate Collection Set: 0.1ms
[2023-11-10T11:51:37.436-0800][76701068ms] GC(23268)   Evacuate Collection Set: 2.6ms
[2023-11-10T11:51:37.436-0800][76701068ms] GC(23268)   Post Evacuate Collection Set: 3.5ms
[2023-11-10T11:51:37.436-0800][76701068ms] GC(23268)   Other: 0.3ms
[2023-11-10T11:51:37.436-0800][76701068ms] GC(23268) Eden regions: 183->0(183)
[2023-11-10T11:51:37.436-0800][76701068ms] GC(23268) Survivor regions: 1->1(23)
[2023-11-10T11:51:37.436-0800][76701068ms] GC(23268) Old regions: 1430->1430
[2023-11-10T11:51:37.436-0800][76701068ms] GC(23268) Humongous regions: 5->5
[2023-11-10T11:51:37.436-0800][76701068ms] GC(23268) Metaspace: 304982K->304982K(1349632K)
[2023-11-10T11:51:37.436-0800][76701068ms] GC(23268) Pause Young (Normal) (G1 Evacuation Pause) 3236M->2870M(3602M) 6.549ms
[2023-11-10T11:51:37.436-0800][76701068ms] GC(23268) User=0.00s Sys=0.00s Real=0.01s
[2023-11-10T11:51:37.907-0800][76701539ms] GC(23269) Pause Young (Normal) (G1 Evacuation Pause)
[2023-11-10T11:51:37.907-0800][76701539ms] GC(23269) Using 10 workers of 10 for evacuation
[2023-11-10T11:51:37.914-0800][76701546ms] GC(23269)   Pre Evacuate Collection Set: 0.1ms
[2023-11-10T11:51:37.914-0800][76701546ms] GC(23269)   Evacuate Collection Set: 2.5ms
[2023-11-10T11:51:37.914-0800][76701546ms] GC(23269)   Post Evacuate Collection Set: 3.7ms
[2023-11-10T11:51:37.914-0800][76701546ms] GC(23269)   Other: 0.3ms
[2023-11-10T11:51:37.914-0800][76701546ms] GC(23269) Eden regions: 183->0(183)
[2023-11-10T11:51:37.914-0800][76701546ms] GC(23269) Survivor regions: 1->1(23)
[2023-11-10T11:51:37.914-0800][76701546ms] GC(23269) Old regions: 1430->1430
[2023-11-10T11:51:37.914-0800][76701546ms] GC(23269) Humongous regions: 5->5
[2023-11-10T11:51:37.914-0800][76701546ms] GC(23269) Metaspace: 304982K->304982K(1349632K)
[2023-11-10T11:51:37.914-0800][76701546ms] GC(23269) Pause Young (Normal) (G1 Evacuation Pause) 3236M->2870M(3602M) 6.659ms
[2023-11-10T11:51:37.914-0800][76701546ms] GC(23269) User=0.00s Sys=0.00s Real=0.01s
[2023-11-10T11:51:38.395-0800][76702027ms] GC(23270) Pause Young (Normal) (G1 Evacuation Pause)
[2023-11-10T11:51:38.395-0800][76702027ms] GC(23270) Using 10 workers of 10 for evacuation
[2023-11-10T11:51:38.403-0800][76702035ms] GC(23270)   Pre Evacuate Collection Set: 0.1ms
[2023-11-10T11:51:38.403-0800][76702035ms] GC(23270)   Evacuate Collection Set: 2.8ms
[2023-11-10T11:51:38.403-0800][76702035ms] GC(23270)   Post Evacuate Collection Set: 4.1ms
[2023-11-10T11:51:38.403-0800][76702035ms] GC(23270)   Other: 0.5ms
[2023-11-10T11:51:38.403-0800][76702035ms] GC(23270) Eden regions: 183->0(183)
[2023-11-10T11:51:38.403-0800][76702035ms] GC(23270) Survivor regions: 1->1(23)
[2023-11-10T11:51:38.403-0800][76702035ms] GC(23270) Old regions: 1430->1430
[2023-11-10T11:51:38.403-0800][76702035ms] GC(23270) Humongous regions: 5->5
[2023-11-10T11:51:38.403-0800][76702035ms] GC(23270) Metaspace: 304982K->304982K(1349632K)
[2023-11-10T11:51:38.403-0800][76702035ms] GC(23270) Pause Young (Normal) (G1 Evacuation Pause) 3236M->2870M(3602M) 7.466ms
[2023-11-10T11:51:38.403-0800][76702035ms] GC(23270) User=0.00s Sys=0.00s Real=0.01s
[2023-11-10T11:51:38.900-0800][76702532ms] GC(23271) Pause Young (Normal) (G1 Evacuation Pause)
[2023-11-10T11:51:38.900-0800][76702532ms] GC(23271) Using 10 workers of 10 for evacuation
[2023-11-10T11:51:38.906-0800][76702538ms] GC(23271)   Pre Evacuate Collection Set: 0.0ms
[2023-11-10T11:51:38.906-0800][76702538ms] GC(23271)   Evacuate Collection Set: 1.7ms
[2023-11-10T11:51:38.906-0800][76702538ms] GC(23271)   Post Evacuate Collection Set: 3.8ms
[2023-11-10T11:51:38.906-0800][76702538ms] GC(23271)   Other: 0.3ms
[2023-11-10T11:51:38.906-0800][76702538ms] GC(23271) Eden regions: 183->0(183)
[2023-11-10T11:51:38.906-0800][76702538ms] GC(23271) Survivor regions: 1->1(23)
[2023-11-10T11:51:38.906-0800][76702538ms] GC(23271) Old regions: 1430->1430
[2023-11-10T11:51:38.906-0800][76702538ms] GC(23271) Humongous regions: 5->5
[2023-11-10T11:51:38.906-0800][76702538ms] GC(23271) Metaspace: 304982K->304982K(1349632K)
[2023-11-10T11:51:38.906-0800][76702538ms] GC(23271) Pause Young (Normal) (G1 Evacuation Pause) 3236M->2870M(3602M) 5.883ms
[2023-11-10T11:51:38.906-0800][76702538ms] GC(23271) User=0.00s Sys=0.00s Real=0.01s
[2023-11-10T11:51:39.402-0800][76703034ms] GC(23272) Pause Young (Normal) (G1 Evacuation Pause)
[2023-11-10T11:51:39.402-0800][76703034ms] GC(23272) Using 10 workers of 10 for evacuation
[2023-11-10T11:51:39.409-0800][76703041ms] GC(23272)   Pre Evacuate Collection Set: 0.1ms
[2023-11-10T11:51:39.409-0800][76703041ms] GC(23272)   Evacuate Collection Set: 2.7ms
[2023-11-10T11:51:39.409-0800][76703041ms] GC(23272)   Post Evacuate Collection Set: 4.1ms
[2023-11-10T11:51:39.409-0800][76703041ms] GC(23272)   Other: 0.4ms
[2023-11-10T11:51:39.409-0800][76703041ms] GC(23272) Eden regions: 183->0(183)
[2023-11-10T11:51:39.409-0800][76703041ms] GC(23272) Survivor regions: 1->1(23)
[2023-11-10T11:51:39.409-0800][76703041ms] GC(23272) Old regions: 1430->1430
[2023-11-10T11:51:39.409-0800][76703041ms] GC(23272) Humongous regions: 5->5
[2023-11-10T11:51:39.409-0800][76703041ms] GC(23272) Metaspace: 304982K->304982K(1349632K)
[2023-11-10T11:51:39.409-0800][76703041ms] GC(23272) Pause Young (Normal) (G1 Evacuation Pause) 3236M->2870M(3602M) 7.399ms
[2023-11-10T11:51:39.409-0800][76703041ms] GC(23272) User=0.00s Sys=0.00s Real=0.01s
[2023-11-10T11:51:39.875-0800][76703507ms] GC(23273) Pause Young (Normal) (G1 Evacuation Pause)
[2023-11-10T11:51:39.875-0800][76703507ms] GC(23273) Using 10 workers of 10 for evacuation
[2023-11-10T11:51:39.881-0800][76703513ms] GC(23273)   Pre Evacuate Collection Set: 0.1ms
[2023-11-10T11:51:39.881-0800][76703513ms] GC(23273)   Evacuate Collection Set: 2.3ms
[2023-11-10T11:51:39.881-0800][76703513ms] GC(23273)   Post Evacuate Collection Set: 3.3ms
[2023-11-10T11:51:39.881-0800][76703513ms] GC(23273)   Other: 0.3ms
[2023-11-10T11:51:39.881-0800][76703513ms] GC(23273) Eden regions: 183->0(183)
[2023-11-10T11:51:39.881-0800][76703513ms] GC(23273) Survivor regions: 1->1(23)
[2023-11-10T11:51:39.881-0800][76703513ms] GC(23273) Old regions: 1430->1430
[2023-11-10T11:51:39.881-0800][76703513ms] GC(23273) Humongous regions: 5->5
[2023-11-10T11:51:39.881-0800][76703513ms] GC(23273) Metaspace: 304982K->304982K(1349632K)
[2023-11-10T11:51:39.881-0800][76703513ms] GC(23273) Pause Young (Normal) (G1 Evacuation Pause) 3236M->2870M(3602M) 6.071ms
[2023-11-10T11:51:39.881-0800][76703513ms] GC(23273) User=0.00s Sys=0.00s Real=0.01s
[2023-11-10T11:51:40.336-0800][76703968ms] GC(23274) Pause Young (Normal) (G1 Evacuation Pause)
[2023-11-10T11:51:40.336-0800][76703968ms] GC(23274) Using 10 workers of 10 for evacuation
[2023-11-10T11:51:40.341-0800][76703973ms] GC(23274)   Pre Evacuate Collection Set: 0.0ms
[2023-11-10T11:51:40.341-0800][76703973ms] GC(23274)   Evacuate Collection Set: 1.8ms
[2023-11-10T11:51:40.341-0800][76703973ms] GC(23274)   Post Evacuate Collection Set: 3.0ms
[2023-11-10T11:51:40.341-0800][76703973ms] GC(23274)   Other: 0.3ms
[2023-11-10T11:51:40.341-0800][76703973ms] GC(23274) Eden regions: 183->0(183)
[2023-11-10T11:51:40.341-0800][76703973ms] GC(23274) Survivor regions: 1->1(23)
[2023-11-10T11:51:40.341-0800][76703973ms] GC(23274) Old regions: 1430->1430
[2023-11-10T11:51:40.341-0800][76703973ms] GC(23274) Humongous regions: 5->5
[2023-11-10T11:51:40.341-0800][76703973ms] GC(23274) Metaspace: 304982K->304982K(1349632K)
[2023-11-10T11:51:40.341-0800][76703973ms] GC(23274) Pause Young (Normal) (G1 Evacuation Pause) 3236M->2870M(3602M) 5.246ms
[2023-11-10T11:51:40.341-0800][76703973ms] GC(23274) User=0.00s Sys=0.00s Real=0.01s
[2023-11-10T11:51:40.854-0800][76704486ms] GC(23275) Pause Young (Normal) (G1 Evacuation Pause)
[2023-11-10T11:51:40.854-0800][76704486ms] GC(23275) Using 10 workers of 10 for evacuation
[2023-11-10T11:51:40.863-0800][76704495ms] GC(23275)   Pre Evacuate Collection Set: 0.1ms
[2023-11-10T11:51:40.863-0800][76704495ms] GC(23275)   Evacuate Collection Set: 2.2ms
[2023-11-10T11:51:40.863-0800][76704495ms] GC(23275)   Post Evacuate Collection Set: 6.1ms
[2023-11-10T11:51:40.863-0800][76704495ms] GC(23275)   Other: 0.4ms
[2023-11-10T11:51:40.863-0800][76704495ms] GC(23275) Eden regions: 183->0(183)
[2023-11-10T11:51:40.863-0800][76704495ms] GC(23275) Survivor regions: 1->1(23)
[2023-11-10T11:51:40.863-0800][76704495ms] GC(23275) Old regions: 1430->1430
[2023-11-10T11:51:40.863-0800][76704495ms] GC(23275) Humongous regions: 5->5
[2023-11-10T11:51:40.863-0800][76704495ms] GC(23275) Metaspace: 304982K->304982K(1349632K)
[2023-11-10T11:51:40.863-0800][76704495ms] GC(23275) Pause Young (Normal) (G1 Evacuation Pause) 3236M->2870M(3602M) 8.951ms
[2023-11-10T11:51:40.863-0800][76704495ms] GC(23275) User=0.00s Sys=0.00s Real=0.01s
[2023-11-10T11:51:41.335-0800][76704967ms] GC(23276) Pause Young (Normal) (G1 Evacuation Pause)
[2023-11-10T11:51:41.335-0800][76704967ms] GC(23276) Using 10 workers of 10 for evacuation
[2023-11-10T11:51:41.340-0800][76704972ms] GC(23276)   Pre Evacuate Collection Set: 0.0ms
[2023-11-10T11:51:41.340-0800][76704972ms] GC(23276)   Evacuate Collection Set: 1.9ms
[2023-11-10T11:51:41.340-0800][76704972ms] GC(23276)   Post Evacuate Collection Set: 3.2ms
[2023-11-10T11:51:41.340-0800][76704972ms] GC(23276)   Other: 0.3ms
[2023-11-10T11:51:41.340-0800][76704972ms] GC(23276) Eden regions: 183->0(182)
[2023-11-10T11:51:41.340-0800][76704972ms] GC(23276) Survivor regions: 1->1(23)
[2023-11-10T11:51:41.340-0800][76704972ms] GC(23276) Old regions: 1430->1430
[2023-11-10T11:51:41.340-0800][76704972ms] GC(23276) Humongous regions: 5->5
[2023-11-10T11:51:41.340-0800][76704972ms] GC(23276) Metaspace: 304982K->304982K(1349632K)
[2023-11-10T11:51:41.340-0800][76704972ms] GC(23276) Pause Young (Normal) (G1 Evacuation Pause) 3236M->2870M(3602M) 5.450ms
[2023-11-10T11:51:41.340-0800][76704972ms] GC(23276) User=0.00s Sys=0.00s Real=0.00s
[2023-11-10T11:51:41.766-0800][76705398ms] GC(23277) Pause Young (Normal) (G1 Evacuation Pause)
[2023-11-10T11:51:41.766-0800][76705398ms] GC(23277) Using 10 workers of 10 for evacuation
[2023-11-10T11:51:41.771-0800][76705403ms] GC(23277)   Pre Evacuate Collection Set: 0.1ms
[2023-11-10T11:51:41.771-0800][76705403ms] GC(23277)   Evacuate Collection Set: 1.9ms
[2023-11-10T11:51:41.771-0800][76705403ms] GC(23277)   Post Evacuate Collection Set: 3.4ms
[2023-11-10T11:51:41.771-0800][76705403ms] GC(23277)   Other: 0.3ms
[2023-11-10T11:51:41.771-0800][76705403ms] GC(23277) Eden regions: 182->0(182)
[2023-11-10T11:51:41.771-0800][76705403ms] GC(23277) Survivor regions: 1->1(23)
[2023-11-10T11:51:41.771-0800][76705403ms] GC(23277) Old regions: 1430->1430
[2023-11-10T11:51:41.771-0800][76705403ms] GC(23277) Humongous regions: 5->5
[2023-11-10T11:51:41.771-0800][76705403ms] GC(23277) Metaspace: 304982K->304982K(1349632K)
[2023-11-10T11:51:41.771-0800][76705403ms] GC(23277) Pause Young (Normal) (G1 Evacuation Pause) 3234M->2870M(3602M) 5.725ms
[2023-11-10T11:51:41.771-0800][76705403ms] GC(23277) User=0.00s Sys=0.00s Real=0.00s
[2023-11-10T11:51:42.222-0800][76705854ms] GC(23278) Pause Young (Normal) (G1 Evacuation Pause)
[2023-11-10T11:51:42.222-0800][76705854ms] GC(23278) Using 10 workers of 10 for evacuation
[2023-11-10T11:51:42.228-0800][76705860ms] GC(23278)   Pre Evacuate Collection Set: 0.0ms
[2023-11-10T11:51:42.228-0800][76705860ms] GC(23278)   Evacuate Collection Set: 1.7ms
[2023-11-10T11:51:42.228-0800][76705860ms] GC(23278)   Post Evacuate Collection Set: 3.3ms
[2023-11-10T11:51:42.228-0800][76705860ms] GC(23278)   Other: 0.3ms
[2023-11-10T11:51:42.228-0800][76705860ms] GC(23278) Eden regions: 182->0(182)
[2023-11-10T11:51:42.228-0800][76705860ms] GC(23278) Survivor regions: 1->1(23)
[2023-11-10T11:51:42.228-0800][76705860ms] GC(23278) Old regions: 1430->1430
[2023-11-10T11:51:42.228-0800][76705860ms] GC(23278) Humongous regions: 5->5
[2023-11-10T11:51:42.228-0800][76705860ms] GC(23278) Metaspace: 304982K->304982K(1349632K)
[2023-11-10T11:51:42.228-0800][76705860ms] GC(23278) Pause Young (Normal) (G1 Evacuation Pause) 3234M->2870M(3602M) 5.495ms
[2023-11-10T11:51:42.228-0800][76705860ms] GC(23278) User=0.02s Sys=0.00s Real=0.01s
[2023-11-10T11:51:42.713-0800][76706345ms] GC(23279) Pause Young (Normal) (G1 Evacuation Pause)
[2023-11-10T11:51:42.713-0800][76706345ms] GC(23279) Using 10 workers of 10 for evacuation
[2023-11-10T11:51:42.718-0800][76706350ms] GC(23279)   Pre Evacuate Collection Set: 0.1ms
[2023-11-10T11:51:42.718-0800][76706350ms] GC(23279)   Evacuate Collection Set: 1.8ms
[2023-11-10T11:51:42.718-0800][76706350ms] GC(23279)   Post Evacuate Collection Set: 3.8ms
[2023-11-10T11:51:42.718-0800][76706350ms] GC(23279)   Other: 0.3ms
[2023-11-10T11:51:42.718-0800][76706350ms] GC(23279) Eden regions: 182->0(182)
[2023-11-10T11:51:42.718-0800][76706350ms] GC(23279) Survivor regions: 1->1(23)
[2023-11-10T11:51:42.718-0800][76706350ms] GC(23279) Old regions: 1430->1430
[2023-11-10T11:51:42.718-0800][76706350ms] GC(23279) Humongous regions: 5->5
[2023-11-10T11:51:42.718-0800][76706350ms] GC(23279) Metaspace: 304982K->304982K(1349632K)
[2023-11-10T11:51:42.718-0800][76706350ms] GC(23279) Pause Young (Normal) (G1 Evacuation Pause) 3234M->2870M(3602M) 6.114ms
[2023-11-10T11:51:42.718-0800][76706350ms] GC(23279) User=0.00s Sys=0.00s Real=0.00s
[2023-11-10T11:51:43.151-0800][76706783ms] GC(23280) Pause Young (Normal) (G1 Evacuation Pause)
[2023-11-10T11:51:43.151-0800][76706783ms] GC(23280) Using 10 workers of 10 for evacuation
[2023-11-10T11:51:43.156-0800][76706788ms] GC(23280)   Pre Evacuate Collection Set: 0.0ms
[2023-11-10T11:51:43.156-0800][76706788ms] GC(23280)   Evacuate Collection Set: 1.6ms
[2023-11-10T11:51:43.156-0800][76706788ms] GC(23280)   Post Evacuate Collection Set: 3.1ms
[2023-11-10T11:51:43.156-0800][76706788ms] GC(23280)   Other: 0.3ms
[2023-11-10T11:51:43.156-0800][76706788ms] GC(23280) Eden regions: 182->0(182)
[2023-11-10T11:51:43.156-0800][76706788ms] GC(23280) Survivor regions: 1->1(23)
[2023-11-10T11:51:43.156-0800][76706788ms] GC(23280) Old regions: 1430->1430
[2023-11-10T11:51:43.156-0800][76706788ms] GC(23280) Humongous regions: 5->5
[2023-11-10T11:51:43.156-0800][76706788ms] GC(23280) Metaspace: 304982K->304982K(1349632K)
[2023-11-10T11:51:43.156-0800][76706788ms] GC(23280) Pause Young (Normal) (G1 Evacuation Pause) 3234M->2870M(3602M) 5.157ms
[2023-11-10T11:51:43.156-0800][76706788ms] GC(23280) User=0.00s Sys=0.00s Real=0.00s
[2023-11-10T11:51:43.602-0800][76707234ms] GC(23281) Pause Young (Normal) (G1 Evacuation Pause)
[2023-11-10T11:51:43.603-0800][76707235ms] GC(23281) Using 10 workers of 10 for evacuation
[2023-11-10T11:51:43.609-0800][76707241ms] GC(23281)   Pre Evacuate Collection Set: 0.1ms
[2023-11-10T11:51:43.609-0800][76707241ms] GC(23281)   Evacuate Collection Set: 2.0ms
[2023-11-10T11:51:43.609-0800][76707241ms] GC(23281)   Post Evacuate Collection Set: 4.3ms
[2023-11-10T11:51:43.609-0800][76707241ms] GC(23281)   Other: 0.4ms
[2023-11-10T11:51:43.609-0800][76707241ms] GC(23281) Eden regions: 182->0(182)
[2023-11-10T11:51:43.609-0800][76707241ms] GC(23281) Survivor regions: 1->1(23)
[2023-11-10T11:51:43.609-0800][76707241ms] GC(23281) Old regions: 1430->1430
[2023-11-10T11:51:43.609-0800][76707241ms] GC(23281) Humongous regions: 5->5
[2023-11-10T11:51:43.609-0800][76707241ms] GC(23281) Metaspace: 304982K->304982K(1349632K)
[2023-11-10T11:51:43.609-0800][76707241ms] GC(23281) Pause Young (Normal) (G1 Evacuation Pause) 3234M->2871M(3602M) 7.029ms
[2023-11-10T11:51:43.609-0800][76707241ms] GC(23281) User=0.00s Sys=0.00s Real=0.01s
[2023-11-10T11:51:44.081-0800][76707713ms] GC(23282) Pause Young (Normal) (G1 Evacuation Pause)
[2023-11-10T11:51:44.081-0800][76707713ms] GC(23282) Using 10 workers of 10 for evacuation
[2023-11-10T11:51:44.086-0800][76707718ms] GC(23282)   Pre Evacuate Collection Set: 0.1ms
[2023-11-10T11:51:44.086-0800][76707718ms] GC(23282)   Evacuate Collection Set: 1.7ms
[2023-11-10T11:51:44.086-0800][76707718ms] GC(23282)   Post Evacuate Collection Set: 3.0ms
[2023-11-10T11:51:44.086-0800][76707718ms] GC(23282)   Other: 0.3ms
[2023-11-10T11:51:44.086-0800][76707718ms] GC(23282) Eden regions: 182->0(181)
[2023-11-10T11:51:44.086-0800][76707718ms] GC(23282) Survivor regions: 1->1(23)
[2023-11-10T11:51:44.086-0800][76707718ms] GC(23282) Old regions: 1430->1431
[2023-11-10T11:51:44.086-0800][76707718ms] GC(23282) Humongous regions: 5->5
[2023-11-10T11:51:44.086-0800][76707718ms] GC(23282) Metaspace: 304982K->304982K(1349632K)
[2023-11-10T11:51:44.086-0800][76707718ms] GC(23282) Pause Young (Normal) (G1 Evacuation Pause) 3235M->2871M(3602M) 5.080ms
[2023-11-10T11:51:44.086-0800][76707718ms] GC(23282) User=0.00s Sys=0.00s Real=0.00s
[2023-11-10T11:51:44.538-0800][76708170ms] GC(23283) Pause Young (Normal) (G1 Evacuation Pause)
[2023-11-10T11:51:44.538-0800][76708170ms] GC(23283) Using 10 workers of 10 for evacuation
[2023-11-10T11:51:44.546-0800][76708178ms] GC(23283)   Pre Evacuate Collection Set: 0.1ms
[2023-11-10T11:51:44.546-0800][76708178ms] GC(23283)   Evacuate Collection Set: 1.7ms
[2023-11-10T11:51:44.546-0800][76708178ms] GC(23283)   Post Evacuate Collection Set: 4.9ms
[2023-11-10T11:51:44.546-0800][76708178ms] GC(23283)   Other: 0.3ms
[2023-11-10T11:51:44.546-0800][76708178ms] GC(23283) Eden regions: 181->0(181)
[2023-11-10T11:51:44.546-0800][76708178ms] GC(23283) Survivor regions: 1->1(23)
[2023-11-10T11:51:44.546-0800][76708178ms] GC(23283) Old regions: 1431->1431
[2023-11-10T11:51:44.546-0800][76708178ms] GC(23283) Humongous regions: 5->5
[2023-11-10T11:51:44.546-0800][76708178ms] GC(23283) Metaspace: 304982K->304982K(1349632K)
[2023-11-10T11:51:44.546-0800][76708178ms] GC(23283) Pause Young (Normal) (G1 Evacuation Pause) 3233M->2870M(3602M) 7.171ms
[2023-11-10T11:51:44.546-0800][76708178ms] GC(23283) User=0.00s Sys=0.00s Real=0.01s
[2023-11-10T11:51:45.027-0800][76708659ms] GC(23284) Pause Young (Normal) (G1 Evacuation Pause)
[2023-11-10T11:51:45.027-0800][76708659ms] GC(23284) Using 10 workers of 10 for evacuation
[2023-11-10T11:51:45.034-0800][76708666ms] GC(23284)   Pre Evacuate Collection Set: 0.1ms
[2023-11-10T11:51:45.034-0800][76708666ms] GC(23284)   Evacuate Collection Set: 2.0ms
[2023-11-10T11:51:45.034-0800][76708666ms] GC(23284)   Post Evacuate Collection Set: 4.8ms
[2023-11-10T11:51:45.034-0800][76708666ms] GC(23284)   Other: 0.4ms
[2023-11-10T11:51:45.034-0800][76708666ms] GC(23284) Eden regions: 181->0(181)
[2023-11-10T11:51:45.034-0800][76708666ms] GC(23284) Survivor regions: 1->1(23)
[2023-11-10T11:51:45.034-0800][76708666ms] GC(23284) Old regions: 1431->1431
[2023-11-10T11:51:45.034-0800][76708666ms] GC(23284) Humongous regions: 5->5
[2023-11-10T11:51:45.034-0800][76708666ms] GC(23284) Metaspace: 304982K->304982K(1349632K)
[2023-11-10T11:51:45.034-0800][76708666ms] GC(23284) Pause Young (Normal) (G1 Evacuation Pause) 3232M->2870M(3602M) 7.362ms
[2023-11-10T11:51:45.034-0800][76708666ms] GC(23284) User=0.00s Sys=0.00s Real=0.01s
[2023-11-10T11:51:45.562-0800][76709194ms] GC(23285) Pause Young (Normal) (G1 Evacuation Pause)
[2023-11-10T11:51:45.562-0800][76709194ms] GC(23285) Using 10 workers of 10 for evacuation
[2023-11-10T11:51:45.569-0800][76709201ms] GC(23285)   Pre Evacuate Collection Set: 0.1ms
[2023-11-10T11:51:45.569-0800][76709201ms] GC(23285)   Evacuate Collection Set: 1.9ms
[2023-11-10T11:51:45.569-0800][76709201ms] GC(23285)   Post Evacuate Collection Set: 5.5ms
[2023-11-10T11:51:45.569-0800][76709201ms] GC(23285)   Other: 0.4ms
[2023-11-10T11:51:45.569-0800][76709201ms] GC(23285) Eden regions: 181->0(181)
[2023-11-10T11:51:45.569-0800][76709201ms] GC(23285) Survivor regions: 1->1(23)
[2023-11-10T11:51:45.569-0800][76709201ms] GC(23285) Old regions: 1431->1431
[2023-11-10T11:51:45.569-0800][76709201ms] GC(23285) Humongous regions: 5->5
[2023-11-10T11:51:45.569-0800][76709201ms] GC(23285) Metaspace: 304982K->304982K(1349632K)
[2023-11-10T11:51:45.569-0800][76709201ms] GC(23285) Pause Young (Normal) (G1 Evacuation Pause) 3232M->2870M(3602M) 7.940ms
[2023-11-10T11:51:45.569-0800][76709201ms] GC(23285) User=0.00s Sys=0.00s Real=0.01s
[2023-11-10T11:51:46.055-0800][76709687ms] GC(23286) Pause Young (Normal) (G1 Evacuation Pause)
[2023-11-10T11:51:46.055-0800][76709687ms] GC(23286) Using 10 workers of 10 for evacuation
[2023-11-10T11:51:46.061-0800][76709693ms] GC(23286)   Pre Evacuate Collection Set: 0.0ms
[2023-11-10T11:51:46.061-0800][76709693ms] GC(23286)   Evacuate Collection Set: 1.8ms
[2023-11-10T11:51:46.061-0800][76709693ms] GC(23286)   Post Evacuate Collection Set: 3.2ms
[2023-11-10T11:51:46.061-0800][76709693ms] GC(23286)   Other: 0.3ms
[2023-11-10T11:51:46.061-0800][76709693ms] GC(23286) Eden regions: 181->0(181)
[2023-11-10T11:51:46.061-0800][76709693ms] GC(23286) Survivor regions: 1->1(23)
[2023-11-10T11:51:46.061-0800][76709693ms] GC(23286) Old regions: 1431->1431
[2023-11-10T11:51:46.061-0800][76709693ms] GC(23286) Humongous regions: 5->5
[2023-11-10T11:51:46.061-0800][76709693ms] GC(23286) Metaspace: 304982K->304982K(1349632K)
[2023-11-10T11:51:46.061-0800][76709693ms] GC(23286) Pause Young (Normal) (G1 Evacuation Pause) 3232M->2870M(3602M) 5.431ms
[2023-11-10T11:51:46.061-0800][76709693ms] GC(23286) User=0.00s Sys=0.00s Real=0.01s
[2023-11-10T11:51:46.527-0800][76710159ms] GC(23287) Pause Young (Normal) (G1 Evacuation Pause)
[2023-11-10T11:51:46.527-0800][76710159ms] GC(23287) Using 10 workers of 10 for evacuation
[2023-11-10T11:51:46.532-0800][76710164ms] GC(23287)   Pre Evacuate Collection Set: 0.0ms
[2023-11-10T11:51:46.532-0800][76710164ms] GC(23287)   Evacuate Collection Set: 1.6ms
[2023-11-10T11:51:46.532-0800][76710164ms] GC(23287)   Post Evacuate Collection Set: 3.1ms
[2023-11-10T11:51:46.532-0800][76710164ms] GC(23287)   Other: 0.2ms
[2023-11-10T11:51:46.532-0800][76710164ms] GC(23287) Eden regions: 181->0(181)
[2023-11-10T11:51:46.532-0800][76710164ms] GC(23287) Survivor regions: 1->1(23)
[2023-11-10T11:51:46.532-0800][76710164ms] GC(23287) Old regions: 1431->1431
[2023-11-10T11:51:46.532-0800][76710164ms] GC(23287) Humongous regions: 5->5
[2023-11-10T11:51:46.532-0800][76710164ms] GC(23287) Metaspace: 304982K->304982K(1349632K)
[2023-11-10T11:51:46.532-0800][76710164ms] GC(23287) Pause Young (Normal) (G1 Evacuation Pause) 3232M->2870M(3602M) 5.134ms
[2023-11-10T11:51:46.532-0800][76710164ms] GC(23287) User=0.00s Sys=0.00s Real=0.01s
[2023-11-10T11:51:46.912-0800][76710544ms] GC(23288) Pause Young (Normal) (G1 Evacuation Pause)
[2023-11-10T11:51:46.912-0800][76710544ms] GC(23288) Using 10 workers of 10 for evacuation
[2023-11-10T11:51:46.917-0800][76710549ms] GC(23288)   Pre Evacuate Collection Set: 0.0ms
[2023-11-10T11:51:46.917-0800][76710549ms] GC(23288)   Evacuate Collection Set: 1.7ms
[2023-11-10T11:51:46.917-0800][76710549ms] GC(23288)   Post Evacuate Collection Set: 3.1ms
[2023-11-10T11:51:46.917-0800][76710549ms] GC(23288)   Other: 0.3ms
[2023-11-10T11:51:46.917-0800][76710549ms] GC(23288) Eden regions: 181->0(181)
[2023-11-10T11:51:46.917-0800][76710549ms] GC(23288) Survivor regions: 1->1(23)
[2023-11-10T11:51:46.917-0800][76710549ms] GC(23288) Old regions: 1431->1431
[2023-11-10T11:51:46.917-0800][76710549ms] GC(23288) Humongous regions: 5->5
[2023-11-10T11:51:46.917-0800][76710549ms] GC(23288) Metaspace: 304982K->304982K(1349632K)
[2023-11-10T11:51:46.917-0800][76710549ms] GC(23288) Pause Young (Normal) (G1 Evacuation Pause) 3232M->2870M(3602M) 5.134ms
[2023-11-10T11:51:46.917-0800][76710549ms] GC(23288) User=0.11s Sys=0.00s Real=0.01s
[2023-11-10T11:51:47.424-0800][76711056ms] GC(23289) Pause Young (Normal) (G1 Evacuation Pause)
[2023-11-10T11:51:47.424-0800][76711056ms] GC(23289) Using 10 workers of 10 for evacuation
[2023-11-10T11:51:47.429-0800][76711061ms] GC(23289)   Pre Evacuate Collection Set: 0.0ms
[2023-11-10T11:51:47.429-0800][76711061ms] GC(23289)   Evacuate Collection Set: 1.7ms
[2023-11-10T11:51:47.429-0800][76711061ms] GC(23289)   Post Evacuate Collection Set: 3.0ms
[2023-11-10T11:51:47.429-0800][76711061ms] GC(23289)   Other: 0.3ms
[2023-11-10T11:51:47.429-0800][76711061ms] GC(23289) Eden regions: 181->0(181)
[2023-11-10T11:51:47.429-0800][76711061ms] GC(23289) Survivor regions: 1->1(23)
[2023-11-10T11:51:47.429-0800][76711061ms] GC(23289) Old regions: 1431->1431
[2023-11-10T11:51:47.429-0800][76711061ms] GC(23289) Humongous regions: 5->5
[2023-11-10T11:51:47.429-0800][76711062ms] GC(23289) Metaspace: 304982K->304982K(1349632K)
[2023-11-10T11:51:47.430-0800][76711062ms] GC(23289) Pause Young (Normal) (G1 Evacuation Pause) 3232M->2870M(3602M) 5.079ms
[2023-11-10T11:51:47.430-0800][76711062ms] GC(23289) User=0.00s Sys=0.00s Real=0.01s
[2023-11-10T11:51:47.823-0800][76711455ms] GC(23290) Pause Young (Normal) (G1 Evacuation Pause)
[2023-11-10T11:51:47.823-0800][76711455ms] GC(23290) Using 10 workers of 10 for evacuation
[2023-11-10T11:51:47.829-0800][76711461ms] GC(23290)   Pre Evacuate Collection Set: 0.1ms
[2023-11-10T11:51:47.829-0800][76711461ms] GC(23290)   Evacuate Collection Set: 1.9ms
[2023-11-10T11:51:47.829-0800][76711461ms] GC(23290)   Post Evacuate Collection Set: 4.5ms
[2023-11-10T11:51:47.829-0800][76711461ms] GC(23290)   Other: 0.3ms
[2023-11-10T11:51:47.829-0800][76711461ms] GC(23290) Eden regions: 181->0(181)
[2023-11-10T11:51:47.829-0800][76711461ms] GC(23290) Survivor regions: 1->1(23)
[2023-11-10T11:51:47.829-0800][76711461ms] GC(23290) Old regions: 1431->1431
[2023-11-10T11:51:47.829-0800][76711461ms] GC(23290) Humongous regions: 5->5
[2023-11-10T11:51:47.829-0800][76711461ms] GC(23290) Metaspace: 304982K->304982K(1349632K)
[2023-11-10T11:51:47.829-0800][76711461ms] GC(23290) Pause Young (Normal) (G1 Evacuation Pause) 3232M->2870M(3602M) 6.967ms
[2023-11-10T11:51:47.829-0800][76711461ms] GC(23290) User=0.00s Sys=0.00s Real=0.01s
[2023-11-10T11:51:48.303-0800][76711935ms] GC(23291) Pause Young (Normal) (G1 Evacuation Pause)
[2023-11-10T11:51:48.303-0800][76711935ms] GC(23291) Using 10 workers of 10 for evacuation
[2023-11-10T11:51:48.309-0800][76711941ms] GC(23291)   Pre Evacuate Collection Set: 0.0ms
[2023-11-10T11:51:48.309-0800][76711941ms] GC(23291)   Evacuate Collection Set: 2.5ms
[2023-11-10T11:51:48.309-0800][76711941ms] GC(23291)   Post Evacuate Collection Set: 3.5ms
[2023-11-10T11:51:48.309-0800][76711941ms] GC(23291)   Other: 0.3ms
[2023-11-10T11:51:48.309-0800][76711941ms] GC(23291) Eden regions: 181->0(181)
[2023-11-10T11:51:48.309-0800][76711941ms] GC(23291) Survivor regions: 1->1(23)
[2023-11-10T11:51:48.309-0800][76711941ms] GC(23291) Old regions: 1431->1431
[2023-11-10T11:51:48.309-0800][76711941ms] GC(23291) Humongous regions: 5->5
[2023-11-10T11:51:48.309-0800][76711941ms] GC(23291) Metaspace: 304982K->304982K(1349632K)
[2023-11-10T11:51:48.309-0800][76711941ms] GC(23291) Pause Young (Normal) (G1 Evacuation Pause) 3232M->2870M(3602M) 6.375ms
[2023-11-10T11:51:48.309-0800][76711941ms] GC(23291) User=0.09s Sys=0.00s Real=0.01s
[2023-11-10T11:51:48.809-0800][76712441ms] GC(23292) Pause Young (Normal) (G1 Evacuation Pause)
[2023-11-10T11:51:48.809-0800][76712441ms] GC(23292) Using 10 workers of 10 for evacuation
[2023-11-10T11:51:48.817-0800][76712449ms] GC(23292)   Pre Evacuate Collection Set: 0.1ms
[2023-11-10T11:51:48.817-0800][76712449ms] GC(23292)   Evacuate Collection Set: 3.2ms
[2023-11-10T11:51:48.817-0800][76712449ms] GC(23292)   Post Evacuate Collection Set: 4.0ms
[2023-11-10T11:51:48.817-0800][76712449ms] GC(23292)   Other: 0.4ms
[2023-11-10T11:51:48.817-0800][76712449ms] GC(23292) Eden regions: 181->0(181)
[2023-11-10T11:51:48.817-0800][76712449ms] GC(23292) Survivor regions: 1->1(23)
[2023-11-10T11:51:48.817-0800][76712449ms] GC(23292) Old regions: 1431->1431
[2023-11-10T11:51:48.817-0800][76712449ms] GC(23292) Humongous regions: 5->5
[2023-11-10T11:51:48.817-0800][76712449ms] GC(23292) Metaspace: 304982K->304982K(1349632K)
[2023-11-10T11:51:48.817-0800][76712449ms] GC(23292) Pause Young (Normal) (G1 Evacuation Pause) 3232M->2871M(3602M) 7.811ms
[2023-11-10T11:51:48.817-0800][76712449ms] GC(23292) User=0.00s Sys=0.00s Real=0.01s
[2023-11-10T11:51:49.204-0800][76712836ms] GC(23293) Pause Young (Normal) (G1 Evacuation Pause)
[2023-11-10T11:51:49.204-0800][76712836ms] GC(23293) Using 10 workers of 10 for evacuation
[2023-11-10T11:51:49.210-0800][76712842ms] GC(23293)   Pre Evacuate Collection Set: 0.1ms
[2023-11-10T11:51:49.210-0800][76712842ms] GC(23293)   Evacuate Collection Set: 2.2ms
[2023-11-10T11:51:49.210-0800][76712842ms] GC(23293)   Post Evacuate Collection Set: 3.9ms
[2023-11-10T11:51:49.210-0800][76712842ms] GC(23293)   Other: 0.3ms
[2023-11-10T11:51:49.210-0800][76712842ms] GC(23293) Eden regions: 181->0(181)
[2023-11-10T11:51:49.210-0800][76712842ms] GC(23293) Survivor regions: 1->1(23)
[2023-11-10T11:51:49.210-0800][76712842ms] GC(23293) Old regions: 1431->1431
[2023-11-10T11:51:49.210-0800][76712842ms] GC(23293) Humongous regions: 5->5
[2023-11-10T11:51:49.210-0800][76712842ms] GC(23293) Metaspace: 304982K->304982K(1349632K)
[2023-11-10T11:51:49.210-0800][76712842ms] GC(23293) Pause Young (Normal) (G1 Evacuation Pause) 3233M->2870M(3602M) 6.594ms
[2023-11-10T11:51:49.210-0800][76712842ms] GC(23293) User=0.02s Sys=0.00s Real=0.01s
[2023-11-10T11:51:49.707-0800][76713339ms] GC(23294) Pause Young (Normal) (G1 Evacuation Pause)
[2023-11-10T11:51:49.707-0800][76713339ms] GC(23294) Using 10 workers of 10 for evacuation
[2023-11-10T11:51:49.713-0800][76713345ms] GC(23294)   Pre Evacuate Collection Set: 0.0ms
[2023-11-10T11:51:49.713-0800][76713345ms] GC(23294)   Evacuate Collection Set: 1.9ms
[2023-11-10T11:51:49.713-0800][76713345ms] GC(23294)   Post Evacuate Collection Set: 3.0ms
[2023-11-10T11:51:49.713-0800][76713345ms] GC(23294)   Other: 0.3ms
[2023-11-10T11:51:49.713-0800][76713345ms] GC(23294) Eden regions: 181->0(181)
[2023-11-10T11:51:49.713-0800][76713345ms] GC(23294) Survivor regions: 1->1(23)
[2023-11-10T11:51:49.713-0800][76713345ms] GC(23294) Old regions: 1431->1431
[2023-11-10T11:51:49.713-0800][76713345ms] GC(23294) Humongous regions: 5->5
[2023-11-10T11:51:49.713-0800][76713345ms] GC(23294) Metaspace: 304982K->304982K(1349632K)
[2023-11-10T11:51:49.713-0800][76713345ms] GC(23294) Pause Young (Normal) (G1 Evacuation Pause) 3232M->2870M(3602M) 5.246ms
[2023-11-10T11:51:49.713-0800][76713345ms] GC(23294) User=0.00s Sys=0.00s Real=0.01s
[2023-11-10T11:51:50.165-0800][76713797ms] GC(23295) Pause Young (Normal) (G1 Evacuation Pause)
[2023-11-10T11:51:50.165-0800][76713797ms] GC(23295) Using 10 workers of 10 for evacuation
[2023-11-10T11:51:50.172-0800][76713804ms] GC(23295)   Pre Evacuate Collection Set: 0.1ms
[2023-11-10T11:51:50.172-0800][76713804ms] GC(23295)   Evacuate Collection Set: 2.1ms
[2023-11-10T11:51:50.172-0800][76713804ms] GC(23295)   Post Evacuate Collection Set: 3.4ms
[2023-11-10T11:51:50.172-0800][76713804ms] GC(23295)   Other: 0.3ms
[2023-11-10T11:51:50.172-0800][76713804ms] GC(23295) Eden regions: 181->0(182)
[2023-11-10T11:51:50.172-0800][76713804ms] GC(23295) Survivor regions: 1->1(23)
[2023-11-10T11:51:50.172-0800][76713804ms] GC(23295) Old regions: 1431->1431
[2023-11-10T11:51:50.172-0800][76713804ms] GC(23295) Humongous regions: 5->5
[2023-11-10T11:51:50.172-0800][76713804ms] GC(23295) Metaspace: 304982K->304982K(1349632K)
[2023-11-10T11:51:50.172-0800][76713804ms] GC(23295) Pause Young (Normal) (G1 Evacuation Pause) 3232M->2870M(3602M) 5.962ms
[2023-11-10T11:51:50.172-0800][76713804ms] GC(23295) User=0.00s Sys=0.00s Real=0.01s
[2023-11-10T11:51:50.606-0800][76714238ms] GC(23296) Pause Young (Normal) (G1 Evacuation Pause)
[2023-11-10T11:51:50.606-0800][76714238ms] GC(23296) Using 10 workers of 10 for evacuation
[2023-11-10T11:51:50.612-0800][76714244ms] GC(23296)   Pre Evacuate Collection Set: 0.0ms
[2023-11-10T11:51:50.612-0800][76714244ms] GC(23296)   Evacuate Collection Set: 2.4ms
[2023-11-10T11:51:50.612-0800][76714244ms] GC(23296)   Post Evacuate Collection Set: 3.8ms
[2023-11-10T11:51:50.612-0800][76714244ms] GC(23296)   Other: 0.3ms
[2023-11-10T11:51:50.612-0800][76714244ms] GC(23296) Eden regions: 182->0(182)
[2023-11-10T11:51:50.612-0800][76714244ms] GC(23296) Survivor regions: 1->1(23)
[2023-11-10T11:51:50.612-0800][76714244ms] GC(23296) Old regions: 1431->1431
[2023-11-10T11:51:50.612-0800][76714244ms] GC(23296) Humongous regions: 5->5
[2023-11-10T11:51:50.612-0800][76714244ms] GC(23296) Metaspace: 304982K->304982K(1349632K)
[2023-11-10T11:51:50.612-0800][76714244ms] GC(23296) Pause Young (Normal) (G1 Evacuation Pause) 3234M->2870M(3602M) 6.644ms
[2023-11-10T11:51:50.612-0800][76714244ms] GC(23296) User=0.00s Sys=0.00s Real=0.01s
[2023-11-10T11:51:51.058-0800][76714690ms] GC(23297) Pause Young (Normal) (G1 Evacuation Pause)
[2023-11-10T11:51:51.058-0800][76714690ms] GC(23297) Using 10 workers of 10 for evacuation
[2023-11-10T11:51:51.067-0800][76714699ms] GC(23297)   Pre Evacuate Collection Set: 0.1ms
[2023-11-10T11:51:51.067-0800][76714699ms] GC(23297)   Evacuate Collection Set: 2.6ms
[2023-11-10T11:51:51.067-0800][76714699ms] GC(23297)   Post Evacuate Collection Set: 5.8ms
[2023-11-10T11:51:51.067-0800][76714699ms] GC(23297)   Other: 0.4ms
[2023-11-10T11:51:51.067-0800][76714699ms] GC(23297) Eden regions: 182->0(182)
[2023-11-10T11:51:51.067-0800][76714699ms] GC(23297) Survivor regions: 1->1(23)
[2023-11-10T11:51:51.067-0800][76714699ms] GC(23297) Old regions: 1431->1431
[2023-11-10T11:51:51.067-0800][76714699ms] GC(23297) Humongous regions: 5->5
[2023-11-10T11:51:51.067-0800][76714699ms] GC(23297) Metaspace: 304982K->304982K(1349632K)
[2023-11-10T11:51:51.067-0800][76714699ms] GC(23297) Pause Young (Normal) (G1 Evacuation Pause) 3234M->2870M(3602M) 9.086ms
[2023-11-10T11:51:51.068-0800][76714700ms] GC(23297) User=0.00s Sys=0.00s Real=0.01s
[2023-11-10T11:51:51.549-0800][76715181ms] GC(23298) Pause Young (Normal) (G1 Evacuation Pause)
[2023-11-10T11:51:51.549-0800][76715181ms] GC(23298) Using 10 workers of 10 for evacuation
[2023-11-10T11:51:51.554-0800][76715186ms] GC(23298)   Pre Evacuate Collection Set: 0.1ms
[2023-11-10T11:51:51.554-0800][76715186ms] GC(23298)   Evacuate Collection Set: 2.0ms
[2023-11-10T11:51:51.554-0800][76715186ms] GC(23298)   Post Evacuate Collection Set: 3.9ms
[2023-11-10T11:51:51.554-0800][76715186ms] GC(23298)   Other: 0.3ms
[2023-11-10T11:51:51.554-0800][76715186ms] GC(23298) Eden regions: 182->0(182)
[2023-11-10T11:51:51.554-0800][76715186ms] GC(23298) Survivor regions: 1->1(23)
[2023-11-10T11:51:51.555-0800][76715187ms] GC(23298) Old regions: 1431->1431
[2023-11-10T11:51:51.555-0800][76715187ms] GC(23298) Humongous regions: 5->5
[2023-11-10T11:51:51.555-0800][76715187ms] GC(23298) Metaspace: 304982K->304982K(1349632K)
[2023-11-10T11:51:51.555-0800][76715187ms] GC(23298) Pause Young (Normal) (G1 Evacuation Pause) 3234M->2870M(3602M) 6.468ms
[2023-11-10T11:51:51.555-0800][76715187ms] GC(23298) User=0.00s Sys=0.00s Real=0.01s
[2023-11-10T11:51:51.972-0800][76715604ms] GC(23299) Pause Young (Normal) (G1 Evacuation Pause)
[2023-11-10T11:51:51.972-0800][76715604ms] GC(23299) Using 10 workers of 10 for evacuation
[2023-11-10T11:51:51.978-0800][76715610ms] GC(23299)   Pre Evacuate Collection Set: 0.0ms
[2023-11-10T11:51:51.978-0800][76715610ms] GC(23299)   Evacuate Collection Set: 2.1ms
[2023-11-10T11:51:51.978-0800][76715610ms] GC(23299)   Post Evacuate Collection Set: 4.2ms
[2023-11-10T11:51:51.978-0800][76715610ms] GC(23299)   Other: 0.3ms
[2023-11-10T11:51:51.978-0800][76715610ms] GC(23299) Eden regions: 182->0(182)
[2023-11-10T11:51:51.978-0800][76715610ms] GC(23299) Survivor regions: 1->1(23)
[2023-11-10T11:51:51.978-0800][76715610ms] GC(23299) Old regions: 1431->1431
[2023-11-10T11:51:51.978-0800][76715610ms] GC(23299) Humongous regions: 5->5
[2023-11-10T11:51:51.978-0800][76715610ms] GC(23299) Metaspace: 304982K->304982K(1349632K)
[2023-11-10T11:51:51.978-0800][76715610ms] GC(23299) Pause Young (Normal) (G1 Evacuation Pause) 3234M->2871M(3602M) 6.767ms
[2023-11-10T11:51:51.978-0800][76715610ms] GC(23299) User=0.00s Sys=0.00s Real=0.01s
[2023-11-10T11:51:52.426-0800][76716058ms] GC(23300) Pause Young (Normal) (G1 Evacuation Pause)
[2023-11-10T11:51:52.426-0800][76716058ms] GC(23300) Using 10 workers of 10 for evacuation
[2023-11-10T11:51:52.432-0800][76716064ms] GC(23300)   Pre Evacuate Collection Set: 0.0ms
[2023-11-10T11:51:52.432-0800][76716064ms] GC(23300)   Evacuate Collection Set: 1.6ms
[2023-11-10T11:51:52.432-0800][76716064ms] GC(23300)   Post Evacuate Collection Set: 3.5ms
[2023-11-10T11:51:52.432-0800][76716064ms] GC(23300)   Other: 0.3ms
[2023-11-10T11:51:52.432-0800][76716064ms] GC(23300) Eden regions: 182->0(182)
[2023-11-10T11:51:52.432-0800][76716064ms] GC(23300) Survivor regions: 1->1(23)
[2023-11-10T11:51:52.432-0800][76716064ms] GC(23300) Old regions: 1431->1431
[2023-11-10T11:51:52.432-0800][76716064ms] GC(23300) Humongous regions: 5->5
[2023-11-10T11:51:52.432-0800][76716064ms] GC(23300) Metaspace: 304982K->304982K(1349632K)
[2023-11-10T11:51:52.432-0800][76716064ms] GC(23300) Pause Young (Normal) (G1 Evacuation Pause) 3235M->2871M(3602M) 5.604ms
[2023-11-10T11:51:52.432-0800][76716064ms] GC(23300) User=0.02s Sys=0.00s Real=0.01s
[2023-11-10T11:51:52.917-0800][76716549ms] GC(23301) Pause Young (Normal) (G1 Evacuation Pause)
[2023-11-10T11:51:52.917-0800][76716549ms] GC(23301) Using 10 workers of 10 for evacuation
[2023-11-10T11:51:52.922-0800][76716554ms] GC(23301)   Pre Evacuate Collection Set: 0.0ms
[2023-11-10T11:51:52.922-0800][76716554ms] GC(23301)   Evacuate Collection Set: 1.6ms
[2023-11-10T11:51:52.922-0800][76716554ms] GC(23301)   Post Evacuate Collection Set: 3.3ms
[2023-11-10T11:51:52.922-0800][76716554ms] GC(23301)   Other: 0.2ms
[2023-11-10T11:51:52.922-0800][76716554ms] GC(23301) Eden regions: 182->0(182)
[2023-11-10T11:51:52.922-0800][76716554ms] GC(23301) Survivor regions: 1->1(23)
[2023-11-10T11:51:52.922-0800][76716554ms] GC(23301) Old regions: 1431->1431
[2023-11-10T11:51:52.922-0800][76716554ms] GC(23301) Humongous regions: 5->5
[2023-11-10T11:51:52.922-0800][76716554ms] GC(23301) Metaspace: 304982K->304982K(1349632K)
[2023-11-10T11:51:52.922-0800][76716554ms] GC(23301) Pause Young (Normal) (G1 Evacuation Pause) 3235M->2871M(3602M) 5.336ms
[2023-11-10T11:51:52.922-0800][76716554ms] GC(23301) User=0.00s Sys=0.00s Real=0.00s
[2023-11-10T11:51:53.341-0800][76716973ms] GC(23302) Pause Young (Normal) (G1 Evacuation Pause)
[2023-11-10T11:51:53.341-0800][76716973ms] GC(23302) Using 10 workers of 10 for evacuation
[2023-11-10T11:51:53.347-0800][76716979ms] GC(23302)   Pre Evacuate Collection Set: 0.1ms
[2023-11-10T11:51:53.347-0800][76716979ms] GC(23302)   Evacuate Collection Set: 1.9ms
[2023-11-10T11:51:53.347-0800][76716979ms] GC(23302)   Post Evacuate Collection Set: 3.4ms
[2023-11-10T11:51:53.347-0800][76716979ms] GC(23302)   Other: 0.4ms
[2023-11-10T11:51:53.347-0800][76716979ms] GC(23302) Eden regions: 182->0(182)
[2023-11-10T11:51:53.347-0800][76716979ms] GC(23302) Survivor regions: 1->1(23)
[2023-11-10T11:51:53.347-0800][76716979ms] GC(23302) Old regions: 1431->1431
[2023-11-10T11:51:53.347-0800][76716979ms] GC(23302) Humongous regions: 5->5
[2023-11-10T11:51:53.347-0800][76716979ms] GC(23302) Metaspace: 304982K->304982K(1349632K)
[2023-11-10T11:51:53.347-0800][76716979ms] GC(23302) Pause Young (Normal) (G1 Evacuation Pause) 3235M->2871M(3602M) 5.838ms
[2023-11-10T11:51:53.347-0800][76716979ms] GC(23302) User=0.00s Sys=0.00s Real=0.01s
[2023-11-10T11:51:53.736-0800][76717368ms] GC(23303) Pause Young (Normal) (G1 Evacuation Pause)
[2023-11-10T11:51:53.736-0800][76717368ms] GC(23303) Using 10 workers of 10 for evacuation
[2023-11-10T11:51:53.741-0800][76717373ms] GC(23303)   Pre Evacuate Collection Set: 0.0ms
[2023-11-10T11:51:53.741-0800][76717373ms] GC(23303)   Evacuate Collection Set: 1.7ms
[2023-11-10T11:51:53.741-0800][76717373ms] GC(23303)   Post Evacuate Collection Set: 3.2ms
[2023-11-10T11:51:53.741-0800][76717373ms] GC(23303)   Other: 0.3ms
[2023-11-10T11:51:53.741-0800][76717373ms] GC(23303) Eden regions: 182->0(182)
[2023-11-10T11:51:53.741-0800][76717373ms] GC(23303) Survivor regions: 1->1(23)
[2023-11-10T11:51:53.741-0800][76717373ms] GC(23303) Old regions: 1431->1431
[2023-11-10T11:51:53.741-0800][76717373ms] GC(23303) Humongous regions: 5->5
[2023-11-10T11:51:53.741-0800][76717373ms] GC(23303) Metaspace: 304982K->304982K(1349632K)
[2023-11-10T11:51:53.741-0800][76717373ms] GC(23303) Pause Young (Normal) (G1 Evacuation Pause) 3235M->2871M(3602M) 5.318ms
[2023-11-10T11:51:53.742-0800][76717374ms] GC(23303) User=0.00s Sys=0.00s Real=0.01s
[2023-11-10T11:51:54.148-0800][76717780ms] GC(23304) Pause Young (Normal) (G1 Evacuation Pause)
[2023-11-10T11:51:54.148-0800][76717780ms] GC(23304) Using 10 workers of 10 for evacuation
[2023-11-10T11:51:54.154-0800][76717786ms] GC(23304)   Pre Evacuate Collection Set: 0.1ms
[2023-11-10T11:51:54.154-0800][76717786ms] GC(23304)   Evacuate Collection Set: 2.0ms
[2023-11-10T11:51:54.154-0800][76717786ms] GC(23304)   Post Evacuate Collection Set: 4.4ms
[2023-11-10T11:51:54.154-0800][76717786ms] GC(23304)   Other: 0.4ms
[2023-11-10T11:51:54.154-0800][76717786ms] GC(23304) Eden regions: 182->0(181)
[2023-11-10T11:51:54.154-0800][76717786ms] GC(23304) Survivor regions: 1->1(23)
[2023-11-10T11:51:54.154-0800][76717786ms] GC(23304) Old regions: 1431->1431
[2023-11-10T11:51:54.154-0800][76717786ms] GC(23304) Humongous regions: 5->5
[2023-11-10T11:51:54.154-0800][76717786ms] GC(23304) Metaspace: 304982K->304982K(1349632K)
[2023-11-10T11:51:54.154-0800][76717786ms] GC(23304) Pause Young (Normal) (G1 Evacuation Pause) 3235M->2872M(3602M) 6.954ms
[2023-11-10T11:51:54.154-0800][76717786ms] GC(23304) User=0.00s Sys=0.00s Real=0.01s
[2023-11-10T11:51:54.553-0800][76718185ms] GC(23305) Pause Young (Normal) (G1 Evacuation Pause)
[2023-11-10T11:51:54.553-0800][76718185ms] GC(23305) Using 10 workers of 10 for evacuation
[2023-11-10T11:51:54.558-0800][76718190ms] GC(23305)   Pre Evacuate Collection Set: 0.0ms
[2023-11-10T11:51:54.558-0800][76718190ms] GC(23305)   Evacuate Collection Set: 1.6ms
[2023-11-10T11:51:54.558-0800][76718190ms] GC(23305)   Post Evacuate Collection Set: 3.1ms
[2023-11-10T11:51:54.558-0800][76718190ms] GC(23305)   Other: 0.2ms
[2023-11-10T11:51:54.558-0800][76718190ms] GC(23305) Eden regions: 181->0(182)
[2023-11-10T11:51:54.558-0800][76718190ms] GC(23305) Survivor regions: 1->1(23)
[2023-11-10T11:51:54.558-0800][76718190ms] GC(23305) Old regions: 1431->1431
[2023-11-10T11:51:54.558-0800][76718190ms] GC(23305) Humongous regions: 5->5
[2023-11-10T11:51:54.558-0800][76718190ms] GC(23305) Metaspace: 304982K->304982K(1349632K)
[2023-11-10T11:51:54.558-0800][76718190ms] GC(23305) Pause Young (Normal) (G1 Evacuation Pause) 3234M->2871M(3602M) 5.121ms
[2023-11-10T11:51:54.558-0800][76718190ms] GC(23305) User=0.03s Sys=0.00s Real=0.01s
[2023-11-10T11:51:54.988-0800][76718620ms] GC(23306) Pause Young (Normal) (G1 Evacuation Pause)
[2023-11-10T11:51:54.988-0800][76718620ms] GC(23306) Using 10 workers of 10 for evacuation
[2023-11-10T11:51:54.994-0800][76718626ms] GC(23306)   Pre Evacuate Collection Set: 0.1ms
[2023-11-10T11:51:54.994-0800][76718626ms] GC(23306)   Evacuate Collection Set: 1.7ms
[2023-11-10T11:51:54.994-0800][76718626ms] GC(23306)   Post Evacuate Collection Set: 3.8ms
[2023-11-10T11:51:54.994-0800][76718626ms] GC(23306)   Other: 0.3ms
[2023-11-10T11:51:54.994-0800][76718626ms] GC(23306) Eden regions: 182->0(182)
[2023-11-10T11:51:54.994-0800][76718626ms] GC(23306) Survivor regions: 1->1(23)
[2023-11-10T11:51:54.994-0800][76718626ms] GC(23306) Old regions: 1431->1431
[2023-11-10T11:51:54.994-0800][76718626ms] GC(23306) Humongous regions: 5->5
[2023-11-10T11:51:54.994-0800][76718626ms] GC(23306) Metaspace: 304982K->304982K(1349632K)
[2023-11-10T11:51:54.994-0800][76718626ms] GC(23306) Pause Young (Normal) (G1 Evacuation Pause) 3235M->2871M(3602M) 5.976ms
[2023-11-10T11:51:54.994-0800][76718626ms] GC(23306) User=0.00s Sys=0.00s Real=0.01s
[2023-11-10T11:51:55.459-0800][76719091ms] GC(23307) Pause Young (Normal) (G1 Evacuation Pause)
[2023-11-10T11:51:55.459-0800][76719091ms] GC(23307) Using 10 workers of 10 for evacuation
[2023-11-10T11:51:55.465-0800][76719097ms] GC(23307)   Pre Evacuate Collection Set: 0.0ms
[2023-11-10T11:51:55.465-0800][76719097ms] GC(23307)   Evacuate Collection Set: 2.1ms
[2023-11-10T11:51:55.465-0800][76719097ms] GC(23307)   Post Evacuate Collection Set: 3.5ms
[2023-11-10T11:51:55.465-0800][76719097ms] GC(23307)   Other: 0.3ms
[2023-11-10T11:51:55.465-0800][76719097ms] GC(23307) Eden regions: 182->0(182)
[2023-11-10T11:51:55.465-0800][76719097ms] GC(23307) Survivor regions: 1->1(23)
[2023-11-10T11:51:55.465-0800][76719097ms] GC(23307) Old regions: 1431->1431
[2023-11-10T11:51:55.465-0800][76719097ms] GC(23307) Humongous regions: 5->5
[2023-11-10T11:51:55.465-0800][76719097ms] GC(23307) Metaspace: 304982K->304982K(1349632K)
[2023-11-10T11:51:55.466-0800][76719098ms] GC(23307) Pause Young (Normal) (G1 Evacuation Pause) 3235M->2871M(3602M) 5.987ms
[2023-11-10T11:51:55.466-0800][76719098ms] GC(23307) User=0.06s Sys=0.00s Real=0.01s
[2023-11-10T11:51:55.876-0800][76719508ms] GC(23308) Pause Young (Normal) (G1 Evacuation Pause)
[2023-11-10T11:51:55.876-0800][76719508ms] GC(23308) Using 10 workers of 10 for evacuation
[2023-11-10T11:51:55.881-0800][76719513ms] GC(23308)   Pre Evacuate Collection Set: 0.1ms
[2023-11-10T11:51:55.881-0800][76719513ms] GC(23308)   Evacuate Collection Set: 1.6ms
[2023-11-10T11:51:55.881-0800][76719513ms] GC(23308)   Post Evacuate Collection Set: 3.2ms
[2023-11-10T11:51:55.881-0800][76719513ms] GC(23308)   Other: 0.3ms
[2023-11-10T11:51:55.881-0800][76719513ms] GC(23308) Eden regions: 182->0(182)
[2023-11-10T11:51:55.881-0800][76719513ms] GC(23308) Survivor regions: 1->1(23)
[2023-11-10T11:51:55.881-0800][76719513ms] GC(23308) Old regions: 1431->1431
[2023-11-10T11:51:55.881-0800][76719513ms] GC(23308) Humongous regions: 5->5
[2023-11-10T11:51:55.881-0800][76719513ms] GC(23308) Metaspace: 304982K->304982K(1349632K)
[2023-11-10T11:51:55.881-0800][76719513ms] GC(23308) Pause Young (Normal) (G1 Evacuation Pause) 3235M->2871M(3602M) 5.371ms
[2023-11-10T11:51:55.881-0800][76719513ms] GC(23308) User=0.00s Sys=0.00s Real=0.01s
[2023-11-10T11:51:56.365-0800][76719997ms] GC(23309) Pause Young (Normal) (G1 Evacuation Pause)
[2023-11-10T11:51:56.365-0800][76719997ms] GC(23309) Using 10 workers of 10 for evacuation
[2023-11-10T11:51:56.373-0800][76720005ms] GC(23309)   Pre Evacuate Collection Set: 0.0ms
[2023-11-10T11:51:56.373-0800][76720005ms] GC(23309)   Evacuate Collection Set: 1.7ms
[2023-11-10T11:51:56.373-0800][76720005ms] GC(23309)   Post Evacuate Collection Set: 6.9ms
[2023-11-10T11:51:56.374-0800][76720006ms] GC(23309)   Other: 0.3ms
[2023-11-10T11:51:56.374-0800][76720006ms] GC(23309) Eden regions: 182->0(182)
[2023-11-10T11:51:56.374-0800][76720006ms] GC(23309) Survivor regions: 1->1(23)
[2023-11-10T11:51:56.374-0800][76720006ms] GC(23309) Old regions: 1431->1431
[2023-11-10T11:51:56.374-0800][76720006ms] GC(23309) Humongous regions: 5->5
[2023-11-10T11:51:56.374-0800][76720006ms] GC(23309) Metaspace: 304982K->304982K(1349632K)
[2023-11-10T11:51:56.374-0800][76720006ms] GC(23309) Pause Young (Normal) (G1 Evacuation Pause) 3235M->2871M(3602M) 9.102ms
[2023-11-10T11:51:56.374-0800][76720006ms] GC(23309) User=0.00s Sys=0.00s Real=0.01s
[2023-11-10T11:51:56.822-0800][76720454ms] GC(23310) Pause Young (Normal) (G1 Evacuation Pause)
[2023-11-10T11:51:56.822-0800][76720454ms] GC(23310) Using 10 workers of 10 for evacuation
[2023-11-10T11:51:56.828-0800][76720460ms] GC(23310)   Pre Evacuate Collection Set: 0.1ms
[2023-11-10T11:51:56.828-0800][76720460ms] GC(23310)   Evacuate Collection Set: 1.7ms
[2023-11-10T11:51:56.828-0800][76720460ms] GC(23310)   Post Evacuate Collection Set: 3.5ms
[2023-11-10T11:51:56.828-0800][76720460ms] GC(23310)   Other: 0.3ms
[2023-11-10T11:51:56.828-0800][76720460ms] GC(23310) Eden regions: 182->0(182)
[2023-11-10T11:51:56.828-0800][76720460ms] GC(23310) Survivor regions: 1->1(23)
[2023-11-10T11:51:56.828-0800][76720460ms] GC(23310) Old regions: 1431->1431
[2023-11-10T11:51:56.828-0800][76720460ms] GC(23310) Humongous regions: 5->5
[2023-11-10T11:51:56.828-0800][76720460ms] GC(23310) Metaspace: 304982K->304982K(1349632K)
[2023-11-10T11:51:56.828-0800][76720460ms] GC(23310) Pause Young (Normal) (G1 Evacuation Pause) 3235M->2871M(3602M) 5.654ms
[2023-11-10T11:51:56.828-0800][76720460ms] GC(23310) User=0.00s Sys=0.00s Real=0.01s
[2023-11-10T11:51:57.259-0800][76720891ms] GC(23311) Pause Young (Normal) (G1 Evacuation Pause)
[2023-11-10T11:51:57.259-0800][76720891ms] GC(23311) Using 10 workers of 10 for evacuation
[2023-11-10T11:51:57.264-0800][76720896ms] GC(23311)   Pre Evacuate Collection Set: 0.0ms
[2023-11-10T11:51:57.264-0800][76720896ms] GC(23311)   Evacuate Collection Set: 1.8ms
[2023-11-10T11:51:57.264-0800][76720896ms] GC(23311)   Post Evacuate Collection Set: 3.1ms
[2023-11-10T11:51:57.264-0800][76720896ms] GC(23311)   Other: 0.2ms
[2023-11-10T11:51:57.264-0800][76720896ms] GC(23311) Eden regions: 182->0(182)
[2023-11-10T11:51:57.264-0800][76720896ms] GC(23311) Survivor regions: 1->1(23)
[2023-11-10T11:51:57.264-0800][76720896ms] GC(23311) Old regions: 1431->1431
[2023-11-10T11:51:57.264-0800][76720896ms] GC(23311) Humongous regions: 5->5
[2023-11-10T11:51:57.264-0800][76720896ms] GC(23311) Metaspace: 304982K->304982K(1349632K)
[2023-11-10T11:51:57.264-0800][76720896ms] GC(23311) Pause Young (Normal) (G1 Evacuation Pause) 3235M->2871M(3602M) 5.273ms
[2023-11-10T11:51:57.264-0800][76720896ms] GC(23311) User=0.00s Sys=0.00s Real=0.00s
[2023-11-10T11:51:57.664-0800][76721296ms] GC(23312) Pause Young (Normal) (G1 Evacuation Pause)
[2023-11-10T11:51:57.664-0800][76721296ms] GC(23312) Using 10 workers of 10 for evacuation
[2023-11-10T11:51:57.671-0800][76721303ms] GC(23312)   Pre Evacuate Collection Set: 0.1ms
[2023-11-10T11:51:57.671-0800][76721303ms] GC(23312)   Evacuate Collection Set: 2.1ms
[2023-11-10T11:51:57.671-0800][76721303ms] GC(23312)   Post Evacuate Collection Set: 3.5ms
[2023-11-10T11:51:57.671-0800][76721303ms] GC(23312)   Other: 0.3ms
[2023-11-10T11:51:57.671-0800][76721303ms] GC(23312) Eden regions: 182->0(182)
[2023-11-10T11:51:57.671-0800][76721303ms] GC(23312) Survivor regions: 1->1(23)
[2023-11-10T11:51:57.671-0800][76721303ms] GC(23312) Old regions: 1431->1431
[2023-11-10T11:51:57.671-0800][76721303ms] GC(23312) Humongous regions: 5->5
[2023-11-10T11:51:57.671-0800][76721303ms] GC(23312) Metaspace: 304986K->304986K(1349632K)
[2023-11-10T11:51:57.671-0800][76721303ms] GC(23312) Pause Young (Normal) (G1 Evacuation Pause) 3235M->2871M(3602M) 6.091ms
[2023-11-10T11:51:57.671-0800][76721303ms] GC(23312) User=0.00s Sys=0.00s Real=0.01s
[2023-11-10T11:51:58.161-0800][76721793ms] GC(23313) Pause Young (Normal) (G1 Evacuation Pause)
[2023-11-10T11:51:58.161-0800][76721793ms] GC(23313) Using 10 workers of 10 for evacuation
[2023-11-10T11:51:58.168-0800][76721800ms] GC(23313)   Pre Evacuate Collection Set: 0.1ms
[2023-11-10T11:51:58.169-0800][76721801ms] GC(23313)   Evacuate Collection Set: 2.6ms
[2023-11-10T11:51:58.169-0800][76721801ms] GC(23313)   Post Evacuate Collection Set: 4.9ms
[2023-11-10T11:51:58.169-0800][76721801ms] GC(23313)   Other: 0.3ms
[2023-11-10T11:51:58.169-0800][76721801ms] GC(23313) Eden regions: 182->0(182)
[2023-11-10T11:51:58.169-0800][76721801ms] GC(23313) Survivor regions: 1->1(23)
[2023-11-10T11:51:58.169-0800][76721801ms] GC(23313) Old regions: 1431->1431
[2023-11-10T11:51:58.169-0800][76721801ms] GC(23313) Humongous regions: 5->5
[2023-11-10T11:51:58.169-0800][76721801ms] GC(23313) Metaspace: 304986K->304986K(1349632K)
[2023-11-10T11:51:58.169-0800][76721801ms] GC(23313) Pause Young (Normal) (G1 Evacuation Pause) 3235M->2871M(3602M) 8.032ms
[2023-11-10T11:51:58.169-0800][76721801ms] GC(23313) User=0.02s Sys=0.00s Real=0.01s
[2023-11-10T11:51:58.657-0800][76722289ms] GC(23314) Pause Young (Normal) (G1 Evacuation Pause)
[2023-11-10T11:51:58.657-0800][76722289ms] GC(23314) Using 10 workers of 10 for evacuation
[2023-11-10T11:51:58.662-0800][76722294ms] GC(23314)   Pre Evacuate Collection Set: 0.0ms
[2023-11-10T11:51:58.662-0800][76722294ms] GC(23314)   Evacuate Collection Set: 1.7ms
[2023-11-10T11:51:58.662-0800][76722294ms] GC(23314)   Post Evacuate Collection Set: 3.1ms
[2023-11-10T11:51:58.662-0800][76722294ms] GC(23314)   Other: 0.3ms
[2023-11-10T11:51:58.662-0800][76722294ms] GC(23314) Eden regions: 182->0(182)
[2023-11-10T11:51:58.662-0800][76722294ms] GC(23314) Survivor regions: 1->1(23)
[2023-11-10T11:51:58.662-0800][76722294ms] GC(23314) Old regions: 1431->1431
[2023-11-10T11:51:58.662-0800][76722294ms] GC(23314) Humongous regions: 5->5
[2023-11-10T11:51:58.662-0800][76722294ms] GC(23314) Metaspace: 304986K->304986K(1349632K)
[2023-11-10T11:51:58.662-0800][76722294ms] GC(23314) Pause Young (Normal) (G1 Evacuation Pause) 3235M->2871M(3602M) 5.206ms
[2023-11-10T11:51:58.662-0800][76722294ms] GC(23314) User=0.00s Sys=0.00s Real=0.00s
[2023-11-10T11:51:59.101-0800][76722733ms] GC(23315) Pause Young (Normal) (GCLocker Initiated GC)
[2023-11-10T11:51:59.101-0800][76722733ms] GC(23315) Using 10 workers of 10 for evacuation
[2023-11-10T11:51:59.108-0800][76722740ms] GC(23315)   Pre Evacuate Collection Set: 0.1ms
[2023-11-10T11:51:59.108-0800][76722740ms] GC(23315)   Evacuate Collection Set: 2.3ms
[2023-11-10T11:51:59.108-0800][76722740ms] GC(23315)   Post Evacuate Collection Set: 4.3ms
[2023-11-10T11:51:59.108-0800][76722740ms] GC(23315)   Other: 0.4ms
[2023-11-10T11:51:59.108-0800][76722740ms] GC(23315) Eden regions: 182->0(182)
[2023-11-10T11:51:59.108-0800][76722740ms] GC(23315) Survivor regions: 1->1(23)
[2023-11-10T11:51:59.108-0800][76722740ms] GC(23315) Old regions: 1431->1431
[2023-11-10T11:51:59.108-0800][76722740ms] GC(23315) Humongous regions: 5->5
[2023-11-10T11:51:59.108-0800][76722740ms] GC(23315) Metaspace: 304986K->304986K(1349632K)
[2023-11-10T11:51:59.108-0800][76722740ms] GC(23315) Pause Young (Normal) (GCLocker Initiated GC) 3235M->2871M(3602M) 7.205ms
[2023-11-10T11:51:59.108-0800][76722740ms] GC(23315) User=0.00s Sys=0.00s Real=0.01s
[2023-11-10T11:51:59.621-0800][76723253ms] GC(23316) Pause Young (Normal) (GCLocker Initiated GC)
[2023-11-10T11:51:59.621-0800][76723253ms] GC(23316) Using 10 workers of 10 for evacuation
[2023-11-10T11:51:59.628-0800][76723260ms] GC(23316)   Pre Evacuate Collection Set: 0.0ms
[2023-11-10T11:51:59.628-0800][76723260ms] GC(23316)   Evacuate Collection Set: 1.8ms
[2023-11-10T11:51:59.628-0800][76723260ms] GC(23316)   Post Evacuate Collection Set: 4.9ms
[2023-11-10T11:51:59.628-0800][76723260ms] GC(23316)   Other: 0.3ms
[2023-11-10T11:51:59.628-0800][76723260ms] GC(23316) Eden regions: 182->0(182)
[2023-11-10T11:51:59.628-0800][76723260ms] GC(23316) Survivor regions: 1->1(23)
[2023-11-10T11:51:59.628-0800][76723260ms] GC(23316) Old regions: 1431->1431
[2023-11-10T11:51:59.628-0800][76723260ms] GC(23316) Humongous regions: 5->5
[2023-11-10T11:51:59.628-0800][76723260ms] GC(23316) Metaspace: 304986K->304986K(1349632K)
[2023-11-10T11:51:59.628-0800][76723260ms] GC(23316) Pause Young (Normal) (GCLocker Initiated GC) 3235M->2871M(3602M) 7.176ms
[2023-11-10T11:51:59.628-0800][76723260ms] GC(23316) User=0.00s Sys=0.00s Real=0.01s
[2023-11-10T11:52:00.089-0800][76723721ms] GC(23317) Pause Young (Normal) (GCLocker Initiated GC)
[2023-11-10T11:52:00.089-0800][76723721ms] GC(23317) Using 10 workers of 10 for evacuation
[2023-11-10T11:52:00.098-0800][76723730ms] GC(23317)   Pre Evacuate Collection Set: 0.1ms
[2023-11-10T11:52:00.098-0800][76723730ms] GC(23317)   Evacuate Collection Set: 2.4ms
[2023-11-10T11:52:00.098-0800][76723730ms] GC(23317)   Post Evacuate Collection Set: 6.3ms
[2023-11-10T11:52:00.098-0800][76723730ms] GC(23317)   Other: 0.4ms
[2023-11-10T11:52:00.098-0800][76723730ms] GC(23317) Eden regions: 182->0(182)
[2023-11-10T11:52:00.098-0800][76723730ms] GC(23317) Survivor regions: 1->1(23)
[2023-11-10T11:52:00.098-0800][76723730ms] GC(23317) Old regions: 1431->1431
[2023-11-10T11:52:00.100-0800][76723732ms] GC(23317) Humongous regions: 5->5
[2023-11-10T11:52:00.100-0800][76723732ms] GC(23317) Metaspace: 304986K->304986K(1349632K)
[2023-11-10T11:52:00.100-0800][76723732ms] GC(23317) Pause Young (Normal) (GCLocker Initiated GC) 3235M->2871M(3602M) 9.397ms
[2023-11-10T11:52:00.100-0800][76723732ms] GC(23317) User=0.00s Sys=0.00s Real=0.01s
[2023-11-10T11:52:00.533-0800][76724165ms] GC(23318) Pause Young (Normal) (GCLocker Initiated GC)
[2023-11-10T11:52:00.533-0800][76724165ms] GC(23318) Using 10 workers of 10 for evacuation
[2023-11-10T11:52:00.539-0800][76724171ms] GC(23318)   Pre Evacuate Collection Set: 0.1ms
[2023-11-10T11:52:00.539-0800][76724171ms] GC(23318)   Evacuate Collection Set: 2.6ms
[2023-11-10T11:52:00.540-0800][76724172ms] GC(23318)   Post Evacuate Collection Set: 3.7ms
[2023-11-10T11:52:00.540-0800][76724172ms] GC(23318)   Other: 0.3ms
[2023-11-10T11:52:00.540-0800][76724172ms] GC(23318) Eden regions: 182->0(181)
[2023-11-10T11:52:00.540-0800][76724172ms] GC(23318) Survivor regions: 1->1(23)
[2023-11-10T11:52:00.540-0800][76724172ms] GC(23318) Old regions: 1431->1431
[2023-11-10T11:52:00.540-0800][76724172ms] GC(23318) Humongous regions: 5->5
[2023-11-10T11:52:00.540-0800][76724172ms] GC(23318) Metaspace: 304986K->304986K(1349632K)
[2023-11-10T11:52:00.540-0800][76724172ms] GC(23318) Pause Young (Normal) (GCLocker Initiated GC) 3235M->2872M(3602M) 6.702ms
[2023-11-10T11:52:00.540-0800][76724172ms] GC(23318) User=0.02s Sys=0.00s Real=0.01s
[2023-11-10T11:52:01.031-0800][76724663ms] GC(23319) Pause Young (Normal) (G1 Evacuation Pause)
[2023-11-10T11:52:01.031-0800][76724663ms] GC(23319) Using 10 workers of 10 for evacuation
[2023-11-10T11:52:01.038-0800][76724670ms] GC(23319)   Pre Evacuate Collection Set: 0.1ms
[2023-11-10T11:52:01.038-0800][76724670ms] GC(23319)   Evacuate Collection Set: 3.1ms
[2023-11-10T11:52:01.038-0800][76724670ms] GC(23319)   Post Evacuate Collection Set: 3.9ms
[2023-11-10T11:52:01.038-0800][76724670ms] GC(23319)   Other: 0.3ms
[2023-11-10T11:52:01.038-0800][76724670ms] GC(23319) Eden regions: 181->0(181)
[2023-11-10T11:52:01.038-0800][76724670ms] GC(23319) Survivor regions: 1->1(23)
[2023-11-10T11:52:01.038-0800][76724670ms] GC(23319) Old regions: 1431->1431
[2023-11-10T11:52:01.038-0800][76724670ms] GC(23319) Humongous regions: 5->5
[2023-11-10T11:52:01.038-0800][76724670ms] GC(23319) Metaspace: 304986K->304986K(1349632K)
[2023-11-10T11:52:01.038-0800][76724670ms] GC(23319) Pause Young (Normal) (G1 Evacuation Pause) 3234M->2872M(3602M) 7.449ms
[2023-11-10T11:52:01.038-0800][76724670ms] GC(23319) User=0.02s Sys=0.00s Real=0.01s
[2023-11-10T11:52:01.524-0800][76725156ms] GC(23320) Pause Young (Normal) (G1 Evacuation Pause)
[2023-11-10T11:52:01.524-0800][76725156ms] GC(23320) Using 10 workers of 10 for evacuation
[2023-11-10T11:52:01.532-0800][76725164ms] GC(23320)   Pre Evacuate Collection Set: 0.0ms
[2023-11-10T11:52:01.532-0800][76725164ms] GC(23320)   Evacuate Collection Set: 2.3ms
[2023-11-10T11:52:01.532-0800][76725164ms] GC(23320)   Post Evacuate Collection Set: 4.9ms
[2023-11-10T11:52:01.532-0800][76725164ms] GC(23320)   Other: 0.3ms
[2023-11-10T11:52:01.532-0800][76725164ms] GC(23320) Eden regions: 181->0(181)
[2023-11-10T11:52:01.532-0800][76725164ms] GC(23320) Survivor regions: 1->1(23)
[2023-11-10T11:52:01.532-0800][76725164ms] GC(23320) Old regions: 1431->1431
[2023-11-10T11:52:01.532-0800][76725164ms] GC(23320) Humongous regions: 5->5
[2023-11-10T11:52:01.532-0800][76725164ms] GC(23320) Metaspace: 304986K->304986K(1349632K)
[2023-11-10T11:52:01.532-0800][76725164ms] GC(23320) Pause Young (Normal) (G1 Evacuation Pause) 3234M->2871M(3602M) 7.694ms
[2023-11-10T11:52:01.532-0800][76725164ms] GC(23320) User=0.00s Sys=0.00s Real=0.01s
[2023-11-10T11:52:01.951-0800][76725583ms] GC(23321) Pause Young (Normal) (G1 Evacuation Pause)
[2023-11-10T11:52:01.951-0800][76725583ms] GC(23321) Using 10 workers of 10 for evacuation
[2023-11-10T11:52:01.958-0800][76725590ms] GC(23321)   Pre Evacuate Collection Set: 0.1ms
[2023-11-10T11:52:01.958-0800][76725590ms] GC(23321)   Evacuate Collection Set: 2.1ms
[2023-11-10T11:52:01.958-0800][76725590ms] GC(23321)   Post Evacuate Collection Set: 3.6ms
[2023-11-10T11:52:01.958-0800][76725590ms] GC(23321)   Other: 0.4ms
[2023-11-10T11:52:01.958-0800][76725590ms] GC(23321) Eden regions: 181->0(181)
[2023-11-10T11:52:01.958-0800][76725590ms] GC(23321) Survivor regions: 1->1(23)
[2023-11-10T11:52:01.958-0800][76725590ms] GC(23321) Old regions: 1431->1431
[2023-11-10T11:52:01.958-0800][76725590ms] GC(23321) Humongous regions: 5->5
[2023-11-10T11:52:01.958-0800][76725590ms] GC(23321) Metaspace: 304986K->304986K(1349632K)
[2023-11-10T11:52:01.958-0800][76725590ms] GC(23321) Pause Young (Normal) (G1 Evacuation Pause) 3233M->2871M(3602M) 6.333ms
[2023-11-10T11:52:01.958-0800][76725590ms] GC(23321) User=0.00s Sys=0.00s Real=0.01s
[2023-11-10T11:52:02.441-0800][76726073ms] GC(23322) Pause Young (Normal) (G1 Evacuation Pause)
[2023-11-10T11:52:02.441-0800][76726073ms] GC(23322) Using 10 workers of 10 for evacuation
[2023-11-10T11:52:02.447-0800][76726079ms] GC(23322)   Pre Evacuate Collection Set: 0.0ms
[2023-11-10T11:52:02.447-0800][76726079ms] GC(23322)   Evacuate Collection Set: 2.0ms
[2023-11-10T11:52:02.447-0800][76726079ms] GC(23322)   Post Evacuate Collection Set: 3.7ms
[2023-11-10T11:52:02.447-0800][76726079ms] GC(23322)   Other: 0.3ms
[2023-11-10T11:52:02.447-0800][76726079ms] GC(23322) Eden regions: 181->0(181)
[2023-11-10T11:52:02.447-0800][76726079ms] GC(23322) Survivor regions: 1->1(23)
[2023-11-10T11:52:02.447-0800][76726079ms] GC(23322) Old regions: 1431->1431
[2023-11-10T11:52:02.447-0800][76726079ms] GC(23322) Humongous regions: 5->5
[2023-11-10T11:52:02.447-0800][76726079ms] GC(23322) Metaspace: 304986K->304986K(1349632K)
[2023-11-10T11:52:02.447-0800][76726079ms] GC(23322) Pause Young (Normal) (G1 Evacuation Pause) 3233M->2871M(3602M) 6.192ms
[2023-11-10T11:52:02.447-0800][76726079ms] GC(23322) User=0.02s Sys=0.00s Real=0.01s
[2023-11-10T11:52:02.783-0800][76726415ms] GC(23323) Pause Young (Normal) (G1 Evacuation Pause)
[2023-11-10T11:52:02.783-0800][76726415ms] GC(23323) Using 10 workers of 10 for evacuation
[2023-11-10T11:52:02.788-0800][76726420ms] GC(23323)   Pre Evacuate Collection Set: 0.0ms
[2023-11-10T11:52:02.788-0800][76726420ms] GC(23323)   Evacuate Collection Set: 1.6ms
[2023-11-10T11:52:02.788-0800][76726420ms] GC(23323)   Post Evacuate Collection Set: 2.9ms
[2023-11-10T11:52:02.788-0800][76726420ms] GC(23323)   Other: 0.3ms
[2023-11-10T11:52:02.788-0800][76726420ms] GC(23323) Eden regions: 181->0(181)
[2023-11-10T11:52:02.788-0800][76726420ms] GC(23323) Survivor regions: 1->1(23)
[2023-11-10T11:52:02.788-0800][76726420ms] GC(23323) Old regions: 1431->1431
[2023-11-10T11:52:02.788-0800][76726420ms] GC(23323) Humongous regions: 5->5
[2023-11-10T11:52:02.788-0800][76726420ms] GC(23323) Metaspace: 304986K->304986K(1349632K)
[2023-11-10T11:52:02.788-0800][76726420ms] GC(23323) Pause Young (Normal) (G1 Evacuation Pause) 3233M->2871M(3602M) 4.956ms
[2023-11-10T11:52:02.788-0800][76726420ms] GC(23323) User=0.02s Sys=0.00s Real=0.01s
[2023-11-10T11:52:03.217-0800][76726849ms] GC(23324) Pause Young (Normal) (G1 Evacuation Pause)
[2023-11-10T11:52:03.217-0800][76726849ms] GC(23324) Using 10 workers of 10 for evacuation
[2023-11-10T11:52:03.223-0800][76726855ms] GC(23324)   Pre Evacuate Collection Set: 0.1ms
[2023-11-10T11:52:03.223-0800][76726855ms] GC(23324)   Evacuate Collection Set: 2.1ms
[2023-11-10T11:52:03.223-0800][76726855ms] GC(23324)   Post Evacuate Collection Set: 3.3ms
[2023-11-10T11:52:03.223-0800][76726855ms] GC(23324)   Other: 0.3ms
[2023-11-10T11:52:03.223-0800][76726855ms] GC(23324) Eden regions: 181->0(181)
[2023-11-10T11:52:03.223-0800][76726855ms] GC(23324) Survivor regions: 1->1(23)
[2023-11-10T11:52:03.223-0800][76726855ms] GC(23324) Old regions: 1431->1431
[2023-11-10T11:52:03.224-0800][76726856ms] GC(23324) Humongous regions: 5->5
[2023-11-10T11:52:03.224-0800][76726856ms] GC(23324) Metaspace: 304986K->304986K(1349632K)
[2023-11-10T11:52:03.224-0800][76726856ms] GC(23324) Pause Young (Normal) (G1 Evacuation Pause) 3233M->2871M(3602M) 5.880ms
[2023-11-10T11:52:03.224-0800][76726856ms] GC(23324) User=0.00s Sys=0.00s Real=0.01s
[2023-11-10T11:52:03.739-0800][76727371ms] GC(23325) Pause Young (Normal) (G1 Evacuation Pause)
[2023-11-10T11:52:03.739-0800][76727371ms] GC(23325) Using 10 workers of 10 for evacuation
[2023-11-10T11:52:03.745-0800][76727377ms] GC(23325)   Pre Evacuate Collection Set: 0.1ms
[2023-11-10T11:52:03.745-0800][76727377ms] GC(23325)   Evacuate Collection Set: 2.1ms
[2023-11-10T11:52:03.745-0800][76727377ms] GC(23325)   Post Evacuate Collection Set: 4.6ms
[2023-11-10T11:52:03.745-0800][76727377ms] GC(23325)   Other: 0.4ms
[2023-11-10T11:52:03.745-0800][76727377ms] GC(23325) Eden regions: 181->0(180)
[2023-11-10T11:52:03.745-0800][76727377ms] GC(23325) Survivor regions: 1->2(23)
[2023-11-10T11:52:03.745-0800][76727377ms] GC(23325) Old regions: 1431->1431
[2023-11-10T11:52:03.745-0800][76727377ms] GC(23325) Humongous regions: 5->5
[2023-11-10T11:52:03.745-0800][76727377ms] GC(23325) Metaspace: 304986K->304986K(1349632K)
[2023-11-10T11:52:03.745-0800][76727377ms] GC(23325) Pause Young (Normal) (G1 Evacuation Pause) 3233M->2873M(3602M) 7.271ms
[2023-11-10T11:52:03.745-0800][76727377ms] GC(23325) User=0.02s Sys=0.00s Real=0.01s
[2023-11-10T11:52:04.161-0800][76727793ms] GC(23326) Pause Young (Normal) (G1 Evacuation Pause)
[2023-11-10T11:52:04.161-0800][76727793ms] GC(23326) Using 10 workers of 10 for evacuation
[2023-11-10T11:52:04.166-0800][76727798ms] GC(23326)   Pre Evacuate Collection Set: 0.0ms
[2023-11-10T11:52:04.166-0800][76727798ms] GC(23326)   Evacuate Collection Set: 1.9ms
[2023-11-10T11:52:04.166-0800][76727798ms] GC(23326)   Post Evacuate Collection Set: 3.1ms
[2023-11-10T11:52:04.166-0800][76727798ms] GC(23326)   Other: 0.3ms
[2023-11-10T11:52:04.166-0800][76727798ms] GC(23326) Eden regions: 180->0(181)
[2023-11-10T11:52:04.166-0800][76727798ms] GC(23326) Survivor regions: 2->1(23)
[2023-11-10T11:52:04.166-0800][76727798ms] GC(23326) Old regions: 1431->1431
[2023-11-10T11:52:04.166-0800][76727798ms] GC(23326) Humongous regions: 5->5
[2023-11-10T11:52:04.166-0800][76727798ms] GC(23326) Metaspace: 304986K->304986K(1349632K)
[2023-11-10T11:52:04.166-0800][76727798ms] GC(23326) Pause Young (Normal) (G1 Evacuation Pause) 3233M->2872M(3602M) 5.429ms
[2023-11-10T11:52:04.166-0800][76727798ms] GC(23326) User=0.00s Sys=0.00s Real=0.00s
[2023-11-10T11:52:04.671-0800][76728303ms] GC(23327) Pause Young (Normal) (G1 Evacuation Pause)
[2023-11-10T11:52:04.671-0800][76728303ms] GC(23327) Using 10 workers of 10 for evacuation
[2023-11-10T11:52:04.680-0800][76728312ms] GC(23327)   Pre Evacuate Collection Set: 0.1ms
[2023-11-10T11:52:04.680-0800][76728312ms] GC(23327)   Evacuate Collection Set: 2.9ms
[2023-11-10T11:52:04.680-0800][76728312ms] GC(23327)   Post Evacuate Collection Set: 5.4ms
[2023-11-10T11:52:04.680-0800][76728312ms] GC(23327)   Other: 0.4ms
[2023-11-10T11:52:04.680-0800][76728312ms] GC(23327) Eden regions: 181->0(181)
[2023-11-10T11:52:04.680-0800][76728312ms] GC(23327) Survivor regions: 1->1(23)
[2023-11-10T11:52:04.680-0800][76728312ms] GC(23327) Old regions: 1431->1431
[2023-11-10T11:52:04.680-0800][76728312ms] GC(23327) Humongous regions: 5->5
[2023-11-10T11:52:04.680-0800][76728312ms] GC(23327) Metaspace: 304986K->304986K(1349632K)
[2023-11-10T11:52:04.680-0800][76728312ms] GC(23327) Pause Young (Normal) (G1 Evacuation Pause) 3234M->2871M(3602M) 8.932ms
[2023-11-10T11:52:04.680-0800][76728312ms] GC(23327) User=0.00s Sys=0.00s Real=0.01s
[2023-11-10T11:52:05.184-0800][76728816ms] GC(23328) Pause Young (Normal) (G1 Evacuation Pause)
[2023-11-10T11:52:05.184-0800][76728816ms] GC(23328) Using 10 workers of 10 for evacuation
[2023-11-10T11:52:05.191-0800][76728823ms] GC(23328)   Pre Evacuate Collection Set: 0.1ms
[2023-11-10T11:52:05.191-0800][76728823ms] GC(23328)   Evacuate Collection Set: 2.4ms
[2023-11-10T11:52:05.191-0800][76728823ms] GC(23328)   Post Evacuate Collection Set: 5.2ms
[2023-11-10T11:52:05.191-0800][76728823ms] GC(23328)   Other: 0.4ms
[2023-11-10T11:52:05.191-0800][76728823ms] GC(23328) Eden regions: 181->0(181)
[2023-11-10T11:52:05.191-0800][76728823ms] GC(23328) Survivor regions: 1->1(23)
[2023-11-10T11:52:05.191-0800][76728823ms] GC(23328) Old regions: 1431->1431
[2023-11-10T11:52:05.191-0800][76728823ms] GC(23328) Humongous regions: 5->5
[2023-11-10T11:52:05.191-0800][76728823ms] GC(23328) Metaspace: 304986K->304986K(1349632K)
[2023-11-10T11:52:05.191-0800][76728823ms] GC(23328) Pause Young (Normal) (G1 Evacuation Pause) 3233M->2872M(3602M) 8.311ms
[2023-11-10T11:52:05.192-0800][76728824ms] GC(23328) User=0.00s Sys=0.00s Real=0.01s
[2023-11-10T11:52:05.650-0800][76729282ms] GC(23329) Pause Young (Normal) (G1 Evacuation Pause)
[2023-11-10T11:52:05.650-0800][76729282ms] GC(23329) Using 10 workers of 10 for evacuation
[2023-11-10T11:52:05.655-0800][76729287ms] GC(23329)   Pre Evacuate Collection Set: 0.0ms
[2023-11-10T11:52:05.655-0800][76729287ms] GC(23329)   Evacuate Collection Set: 1.8ms
[2023-11-10T11:52:05.655-0800][76729287ms] GC(23329)   Post Evacuate Collection Set: 2.9ms
[2023-11-10T11:52:05.655-0800][76729287ms] GC(23329)   Other: 0.2ms
[2023-11-10T11:52:05.655-0800][76729287ms] GC(23329) Eden regions: 181->0(181)
[2023-11-10T11:52:05.655-0800][76729287ms] GC(23329) Survivor regions: 1->1(23)
[2023-11-10T11:52:05.655-0800][76729287ms] GC(23329) Old regions: 1431->1431
[2023-11-10T11:52:05.655-0800][76729287ms] GC(23329) Humongous regions: 5->5
[2023-11-10T11:52:05.655-0800][76729287ms] GC(23329) Metaspace: 304986K->304986K(1349632K)
[2023-11-10T11:52:05.655-0800][76729287ms] GC(23329) Pause Young (Normal) (G1 Evacuation Pause) 3234M->2872M(3602M) 5.053ms
[2023-11-10T11:52:05.655-0800][76729287ms] GC(23329) User=0.00s Sys=0.00s Real=0.00s
[2023-11-10T11:52:06.090-0800][76729722ms] GC(23330) Pause Young (Normal) (G1 Evacuation Pause)
[2023-11-10T11:52:06.090-0800][76729722ms] GC(23330) Using 10 workers of 10 for evacuation
[2023-11-10T11:52:06.095-0800][76729727ms] GC(23330)   Pre Evacuate Collection Set: 0.0ms
[2023-11-10T11:52:06.095-0800][76729727ms] GC(23330)   Evacuate Collection Set: 1.8ms
[2023-11-10T11:52:06.095-0800][76729727ms] GC(23330)   Post Evacuate Collection Set: 3.2ms
[2023-11-10T11:52:06.095-0800][76729727ms] GC(23330)   Other: 0.4ms
[2023-11-10T11:52:06.095-0800][76729727ms] GC(23330) Eden regions: 181->0(181)
[2023-11-10T11:52:06.095-0800][76729727ms] GC(23330) Survivor regions: 1->1(23)
[2023-11-10T11:52:06.095-0800][76729727ms] GC(23330) Old regions: 1431->1431
[2023-11-10T11:52:06.095-0800][76729727ms] GC(23330) Humongous regions: 5->5
[2023-11-10T11:52:06.095-0800][76729727ms] GC(23330) Metaspace: 304986K->304986K(1349632K)
[2023-11-10T11:52:06.095-0800][76729727ms] GC(23330) Pause Young (Normal) (G1 Evacuation Pause) 3234M->2872M(3602M) 5.570ms
[2023-11-10T11:52:06.095-0800][76729727ms] GC(23330) User=0.00s Sys=0.00s Real=0.01s
[2023-11-10T11:52:06.548-0800][76730180ms] GC(23331) Pause Young (Normal) (G1 Evacuation Pause)
[2023-11-10T11:52:06.548-0800][76730180ms] GC(23331) Using 10 workers of 10 for evacuation
[2023-11-10T11:52:06.553-0800][76730185ms] GC(23331)   Pre Evacuate Collection Set: 0.0ms
[2023-11-10T11:52:06.553-0800][76730185ms] GC(23331)   Evacuate Collection Set: 1.6ms
[2023-11-10T11:52:06.553-0800][76730185ms] GC(23331)   Post Evacuate Collection Set: 3.0ms
[2023-11-10T11:52:06.553-0800][76730185ms] GC(23331)   Other: 0.3ms
[2023-11-10T11:52:06.553-0800][76730185ms] GC(23331) Eden regions: 181->0(181)
[2023-11-10T11:52:06.553-0800][76730185ms] GC(23331) Survivor regions: 1->1(23)
[2023-11-10T11:52:06.553-0800][76730185ms] GC(23331) Old regions: 1431->1431
[2023-11-10T11:52:06.553-0800][76730185ms] GC(23331) Humongous regions: 5->5
[2023-11-10T11:52:06.553-0800][76730185ms] GC(23331) Metaspace: 304986K->304986K(1349632K)
[2023-11-10T11:52:06.553-0800][76730185ms] GC(23331) Pause Young (Normal) (G1 Evacuation Pause) 3234M->2872M(3602M) 5.071ms
[2023-11-10T11:52:06.553-0800][76730185ms] GC(23331) User=0.00s Sys=0.00s Real=0.00s
[2023-11-10T11:52:06.938-0800][76730570ms] GC(23332) Pause Young (Normal) (G1 Evacuation Pause)
[2023-11-10T11:52:06.938-0800][76730570ms] GC(23332) Using 10 workers of 10 for evacuation
[2023-11-10T11:52:06.944-0800][76730576ms] GC(23332)   Pre Evacuate Collection Set: 0.0ms
[2023-11-10T11:52:06.944-0800][76730576ms] GC(23332)   Evacuate Collection Set: 1.7ms
[2023-11-10T11:52:06.944-0800][76730576ms] GC(23332)   Post Evacuate Collection Set: 3.0ms
[2023-11-10T11:52:06.944-0800][76730576ms] GC(23332)   Other: 0.3ms
[2023-11-10T11:52:06.944-0800][76730576ms] GC(23332) Eden regions: 181->0(181)
[2023-11-10T11:52:06.944-0800][76730576ms] GC(23332) Survivor regions: 1->1(23)
[2023-11-10T11:52:06.944-0800][76730576ms] GC(23332) Old regions: 1431->1431
[2023-11-10T11:52:06.944-0800][76730576ms] GC(23332) Humongous regions: 5->5
[2023-11-10T11:52:06.944-0800][76730576ms] GC(23332) Metaspace: 304986K->304986K(1349632K)
[2023-11-10T11:52:06.944-0800][76730576ms] GC(23332) Pause Young (Normal) (G1 Evacuation Pause) 3234M->2872M(3602M) 5.088ms
[2023-11-10T11:52:06.944-0800][76730576ms] GC(23332) User=0.00s Sys=0.00s Real=0.01s
[2023-11-10T11:52:07.439-0800][76731071ms] GC(23333) Pause Young (Normal) (G1 Evacuation Pause)
[2023-11-10T11:52:07.439-0800][76731071ms] GC(23333) Using 10 workers of 10 for evacuation
[2023-11-10T11:52:07.444-0800][76731076ms] GC(23333)   Pre Evacuate Collection Set: 0.0ms
[2023-11-10T11:52:07.444-0800][76731076ms] GC(23333)   Evacuate Collection Set: 1.6ms
[2023-11-10T11:52:07.444-0800][76731076ms] GC(23333)   Post Evacuate Collection Set: 3.1ms
[2023-11-10T11:52:07.444-0800][76731076ms] GC(23333)   Other: 0.2ms
[2023-11-10T11:52:07.444-0800][76731076ms] GC(23333) Eden regions: 181->0(181)
[2023-11-10T11:52:07.444-0800][76731076ms] GC(23333) Survivor regions: 1->1(23)
[2023-11-10T11:52:07.444-0800][76731076ms] GC(23333) Old regions: 1431->1431
[2023-11-10T11:52:07.444-0800][76731076ms] GC(23333) Humongous regions: 5->5
[2023-11-10T11:52:07.444-0800][76731076ms] GC(23333) Metaspace: 304986K->304986K(1349632K)
[2023-11-10T11:52:07.444-0800][76731076ms] GC(23333) Pause Young (Normal) (G1 Evacuation Pause) 3234M->2872M(3602M) 5.056ms
[2023-11-10T11:52:07.444-0800][76731076ms] GC(23333) User=0.00s Sys=0.00s Real=0.01s
[2023-11-10T11:52:07.913-0800][76731545ms] GC(23334) Pause Young (Normal) (G1 Evacuation Pause)
[2023-11-10T11:52:07.913-0800][76731545ms] GC(23334) Using 10 workers of 10 for evacuation
[2023-11-10T11:52:07.922-0800][76731554ms] GC(23334)   Pre Evacuate Collection Set: 0.1ms
[2023-11-10T11:52:07.922-0800][76731554ms] GC(23334)   Evacuate Collection Set: 2.3ms
[2023-11-10T11:52:07.922-0800][76731554ms] GC(23334)   Post Evacuate Collection Set: 6.7ms
[2023-11-10T11:52:07.922-0800][76731554ms] GC(23334)   Other: 0.3ms
[2023-11-10T11:52:07.922-0800][76731554ms] GC(23334) Eden regions: 181->0(181)
[2023-11-10T11:52:07.922-0800][76731554ms] GC(23334) Survivor regions: 1->1(23)
[2023-11-10T11:52:07.922-0800][76731554ms] GC(23334) Old regions: 1431->1431
[2023-11-10T11:52:07.922-0800][76731554ms] GC(23334) Humongous regions: 5->5
[2023-11-10T11:52:07.922-0800][76731554ms] GC(23334) Metaspace: 304986K->304986K(1349632K)
[2023-11-10T11:52:07.922-0800][76731554ms] GC(23334) Pause Young (Normal) (G1 Evacuation Pause) 3234M->2872M(3602M) 9.464ms
[2023-11-10T11:52:07.922-0800][76731554ms] GC(23334) User=0.00s Sys=0.00s Real=0.01s
[2023-11-10T11:52:08.362-0800][76731994ms] GC(23335) Pause Young (Normal) (G1 Evacuation Pause)
[2023-11-10T11:52:08.362-0800][76731994ms] GC(23335) Using 10 workers of 10 for evacuation
[2023-11-10T11:52:08.368-0800][76732000ms] GC(23335)   Pre Evacuate Collection Set: 0.0ms
[2023-11-10T11:52:08.368-0800][76732000ms] GC(23335)   Evacuate Collection Set: 1.7ms
[2023-11-10T11:52:08.368-0800][76732000ms] GC(23335)   Post Evacuate Collection Set: 3.2ms
[2023-11-10T11:52:08.368-0800][76732000ms] GC(23335)   Other: 0.3ms
[2023-11-10T11:52:08.368-0800][76732000ms] GC(23335) Eden regions: 181->0(181)
[2023-11-10T11:52:08.368-0800][76732000ms] GC(23335) Survivor regions: 1->1(23)
[2023-11-10T11:52:08.368-0800][76732000ms] GC(23335) Old regions: 1431->1431
[2023-11-10T11:52:08.368-0800][76732000ms] GC(23335) Humongous regions: 5->5
[2023-11-10T11:52:08.368-0800][76732000ms] GC(23335) Metaspace: 304986K->304986K(1349632K)
[2023-11-10T11:52:08.368-0800][76732000ms] GC(23335) Pause Young (Normal) (G1 Evacuation Pause) 3234M->2872M(3602M) 5.336ms
[2023-11-10T11:52:08.368-0800][76732000ms] GC(23335) User=0.02s Sys=0.00s Real=0.01s
[2023-11-10T11:52:08.810-0800][76732442ms] GC(23336) Pause Young (Normal) (G1 Evacuation Pause)
[2023-11-10T11:52:08.811-0800][76732443ms] GC(23336) Using 10 workers of 10 for evacuation
[2023-11-10T11:52:08.816-0800][76732448ms] GC(23336)   Pre Evacuate Collection Set: 0.0ms
[2023-11-10T11:52:08.816-0800][76732448ms] GC(23336)   Evacuate Collection Set: 1.7ms
[2023-11-10T11:52:08.816-0800][76732448ms] GC(23336)   Post Evacuate Collection Set: 3.9ms
[2023-11-10T11:52:08.816-0800][76732448ms] GC(23336)   Other: 0.3ms
[2023-11-10T11:52:08.816-0800][76732448ms] GC(23336) Eden regions: 181->0(181)
[2023-11-10T11:52:08.816-0800][76732448ms] GC(23336) Survivor regions: 1->1(23)
[2023-11-10T11:52:08.816-0800][76732448ms] GC(23336) Old regions: 1431->1431
[2023-11-10T11:52:08.816-0800][76732448ms] GC(23336) Humongous regions: 5->5
[2023-11-10T11:52:08.816-0800][76732448ms] GC(23336) Metaspace: 304986K->304986K(1349632K)
[2023-11-10T11:52:08.816-0800][76732448ms] GC(23336) Pause Young (Normal) (G1 Evacuation Pause) 3234M->2872M(3602M) 6.178ms
[2023-11-10T11:52:08.816-0800][76732448ms] GC(23336) User=0.00s Sys=0.00s Real=0.01s
[2023-11-10T11:52:09.267-0800][76732899ms] GC(23337) Pause Young (Normal) (G1 Evacuation Pause)
[2023-11-10T11:52:09.267-0800][76732899ms] GC(23337) Using 10 workers of 10 for evacuation
[2023-11-10T11:52:09.273-0800][76732905ms] GC(23337)   Pre Evacuate Collection Set: 0.0ms
[2023-11-10T11:52:09.273-0800][76732905ms] GC(23337)   Evacuate Collection Set: 1.7ms
[2023-11-10T11:52:09.273-0800][76732905ms] GC(23337)   Post Evacuate Collection Set: 3.9ms
[2023-11-10T11:52:09.273-0800][76732905ms] GC(23337)   Other: 0.3ms
[2023-11-10T11:52:09.273-0800][76732905ms] GC(23337) Eden regions: 181->0(181)
[2023-11-10T11:52:09.273-0800][76732905ms] GC(23337) Survivor regions: 1->1(23)
[2023-11-10T11:52:09.273-0800][76732905ms] GC(23337) Old regions: 1431->1431
[2023-11-10T11:52:09.273-0800][76732905ms] GC(23337) Humongous regions: 5->5
[2023-11-10T11:52:09.273-0800][76732905ms] GC(23337) Metaspace: 304986K->304986K(1349632K)
[2023-11-10T11:52:09.273-0800][76732905ms] GC(23337) Pause Young (Normal) (G1 Evacuation Pause) 3234M->2872M(3602M) 6.140ms
[2023-11-10T11:52:09.273-0800][76732905ms] GC(23337) User=0.00s Sys=0.00s Real=0.01s
[2023-11-10T11:52:09.756-0800][76733388ms] GC(23338) Pause Young (Normal) (G1 Evacuation Pause)
[2023-11-10T11:52:09.756-0800][76733388ms] GC(23338) Using 10 workers of 10 for evacuation
[2023-11-10T11:52:09.761-0800][76733393ms] GC(23338)   Pre Evacuate Collection Set: 0.0ms
[2023-11-10T11:52:09.761-0800][76733393ms] GC(23338)   Evacuate Collection Set: 1.7ms
[2023-11-10T11:52:09.761-0800][76733393ms] GC(23338)   Post Evacuate Collection Set: 3.2ms
[2023-11-10T11:52:09.761-0800][76733393ms] GC(23338)   Other: 0.2ms
[2023-11-10T11:52:09.761-0800][76733393ms] GC(23338) Eden regions: 181->0(181)
[2023-11-10T11:52:09.761-0800][76733393ms] GC(23338) Survivor regions: 1->1(23)
[2023-11-10T11:52:09.761-0800][76733393ms] GC(23338) Old regions: 1431->1431
[2023-11-10T11:52:09.761-0800][76733393ms] GC(23338) Humongous regions: 5->5
[2023-11-10T11:52:09.761-0800][76733393ms] GC(23338) Metaspace: 304986K->304986K(1349632K)
[2023-11-10T11:52:09.761-0800][76733393ms] GC(23338) Pause Young (Normal) (G1 Evacuation Pause) 3234M->2872M(3602M) 5.228ms
[2023-11-10T11:52:09.761-0800][76733393ms] GC(23338) User=0.08s Sys=0.00s Real=0.00s
[2023-11-10T11:52:10.164-0800][76733796ms] GC(23339) Pause Young (Normal) (G1 Evacuation Pause)
[2023-11-10T11:52:10.164-0800][76733796ms] GC(23339) Using 10 workers of 10 for evacuation
[2023-11-10T11:52:10.169-0800][76733801ms] GC(23339)   Pre Evacuate Collection Set: 0.1ms
[2023-11-10T11:52:10.169-0800][76733801ms] GC(23339)   Evacuate Collection Set: 2.0ms
[2023-11-10T11:52:10.169-0800][76733801ms] GC(23339)   Post Evacuate Collection Set: 3.2ms
[2023-11-10T11:52:10.169-0800][76733801ms] GC(23339)   Other: 0.3ms
[2023-11-10T11:52:10.169-0800][76733801ms] GC(23339) Eden regions: 181->0(181)
[2023-11-10T11:52:10.169-0800][76733801ms] GC(23339) Survivor regions: 1->1(23)
[2023-11-10T11:52:10.169-0800][76733801ms] GC(23339) Old regions: 1431->1431
[2023-11-10T11:52:10.169-0800][76733801ms] GC(23339) Humongous regions: 5->5
[2023-11-10T11:52:10.169-0800][76733801ms] GC(23339) Metaspace: 304986K->304986K(1349632K)
[2023-11-10T11:52:10.169-0800][76733801ms] GC(23339) Pause Young (Normal) (G1 Evacuation Pause) 3234M->2872M(3602M) 5.695ms
[2023-11-10T11:52:10.169-0800][76733801ms] GC(23339) User=0.00s Sys=0.00s Real=0.00s
[2023-11-10T11:52:10.631-0800][76734263ms] GC(23340) Pause Young (Normal) (G1 Evacuation Pause)
[2023-11-10T11:52:10.631-0800][76734263ms] GC(23340) Using 10 workers of 10 for evacuation
[2023-11-10T11:52:10.637-0800][76734269ms] GC(23340)   Pre Evacuate Collection Set: 0.0ms
[2023-11-10T11:52:10.637-0800][76734269ms] GC(23340)   Evacuate Collection Set: 1.9ms
[2023-11-10T11:52:10.637-0800][76734269ms] GC(23340)   Post Evacuate Collection Set: 4.1ms
[2023-11-10T11:52:10.637-0800][76734269ms] GC(23340)   Other: 0.3ms
[2023-11-10T11:52:10.637-0800][76734269ms] GC(23340) Eden regions: 181->0(181)
[2023-11-10T11:52:10.637-0800][76734269ms] GC(23340) Survivor regions: 1->1(23)
[2023-11-10T11:52:10.637-0800][76734269ms] GC(23340) Old regions: 1431->1431
[2023-11-10T11:52:10.637-0800][76734269ms] GC(23340) Humongous regions: 5->5
[2023-11-10T11:52:10.637-0800][76734269ms] GC(23340) Metaspace: 304986K->304986K(1349632K)
[2023-11-10T11:52:10.637-0800][76734269ms] GC(23340) Pause Young (Normal) (G1 Evacuation Pause) 3234M->2872M(3602M) 6.431ms
[2023-11-10T11:52:10.637-0800][76734269ms] GC(23340) User=0.16s Sys=0.00s Real=0.01s
[2023-11-10T11:52:11.124-0800][76734756ms] GC(23341) Pause Young (Normal) (G1 Evacuation Pause)
[2023-11-10T11:52:11.124-0800][76734756ms] GC(23341) Using 10 workers of 10 for evacuation
[2023-11-10T11:52:11.129-0800][76734761ms] GC(23341)   Pre Evacuate Collection Set: 0.0ms
[2023-11-10T11:52:11.129-0800][76734761ms] GC(23341)   Evacuate Collection Set: 1.6ms
[2023-11-10T11:52:11.129-0800][76734761ms] GC(23341)   Post Evacuate Collection Set: 3.7ms
[2023-11-10T11:52:11.129-0800][76734761ms] GC(23341)   Other: 0.3ms
[2023-11-10T11:52:11.129-0800][76734761ms] GC(23341) Eden regions: 181->0(182)
[2023-11-10T11:52:11.129-0800][76734761ms] GC(23341) Survivor regions: 1->1(23)
[2023-11-10T11:52:11.129-0800][76734761ms] GC(23341) Old regions: 1431->1431
[2023-11-10T11:52:11.129-0800][76734761ms] GC(23341) Humongous regions: 5->5
[2023-11-10T11:52:11.129-0800][76734761ms] GC(23341) Metaspace: 304986K->304986K(1349632K)
[2023-11-10T11:52:11.129-0800][76734761ms] GC(23341) Pause Young (Normal) (G1 Evacuation Pause) 3234M->2872M(3602M) 5.801ms
[2023-11-10T11:52:11.129-0800][76734761ms] GC(23341) User=0.00s Sys=0.00s Real=0.00s
[2023-11-10T11:52:11.567-0800][76735199ms] GC(23342) Pause Young (Normal) (G1 Evacuation Pause)
[2023-11-10T11:52:11.567-0800][76735199ms] GC(23342) Using 10 workers of 10 for evacuation
[2023-11-10T11:52:11.573-0800][76735205ms] GC(23342)   Pre Evacuate Collection Set: 0.0ms
[2023-11-10T11:52:11.573-0800][76735205ms] GC(23342)   Evacuate Collection Set: 2.3ms
[2023-11-10T11:52:11.573-0800][76735205ms] GC(23342)   Post Evacuate Collection Set: 3.6ms
[2023-11-10T11:52:11.573-0800][76735205ms] GC(23342)   Other: 0.3ms
[2023-11-10T11:52:11.573-0800][76735205ms] GC(23342) Eden regions: 182->0(182)
[2023-11-10T11:52:11.573-0800][76735205ms] GC(23342) Survivor regions: 1->1(23)
[2023-11-10T11:52:11.573-0800][76735205ms] GC(23342) Old regions: 1431->1431
[2023-11-10T11:52:11.573-0800][76735205ms] GC(23342) Humongous regions: 5->5
[2023-11-10T11:52:11.574-0800][76735206ms] GC(23342) Metaspace: 304986K->304986K(1349632K)
[2023-11-10T11:52:11.574-0800][76735206ms] GC(23342) Pause Young (Normal) (G1 Evacuation Pause) 3236M->2872M(3602M) 6.358ms
[2023-11-10T11:52:11.574-0800][76735206ms] GC(23342) User=0.03s Sys=0.00s Real=0.01s
[2023-11-10T11:52:12.049-0800][76735681ms] GC(23343) Pause Young (Normal) (G1 Evacuation Pause)
[2023-11-10T11:52:12.049-0800][76735681ms] GC(23343) Using 10 workers of 10 for evacuation
[2023-11-10T11:52:12.055-0800][76735687ms] GC(23343)   Pre Evacuate Collection Set: 0.1ms
[2023-11-10T11:52:12.055-0800][76735687ms] GC(23343)   Evacuate Collection Set: 2.4ms
[2023-11-10T11:52:12.055-0800][76735687ms] GC(23343)   Post Evacuate Collection Set: 3.6ms
[2023-11-10T11:52:12.055-0800][76735687ms] GC(23343)   Other: 0.4ms
[2023-11-10T11:52:12.055-0800][76735687ms] GC(23343) Eden regions: 182->0(182)
[2023-11-10T11:52:12.055-0800][76735687ms] GC(23343) Survivor regions: 1->1(23)
[2023-11-10T11:52:12.055-0800][76735687ms] GC(23343) Old regions: 1431->1431
[2023-11-10T11:52:12.055-0800][76735687ms] GC(23343) Humongous regions: 5->5
[2023-11-10T11:52:12.055-0800][76735687ms] GC(23343) Metaspace: 304986K->304986K(1349632K)
[2023-11-10T11:52:12.055-0800][76735687ms] GC(23343) Pause Young (Normal) (G1 Evacuation Pause) 3236M->2872M(3602M) 6.538ms
[2023-11-10T11:52:12.055-0800][76735687ms] GC(23343) User=0.00s Sys=0.00s Real=0.01s
[2023-11-10T11:52:12.544-0800][76736176ms] GC(23344) Pause Young (Normal) (G1 Evacuation Pause)
[2023-11-10T11:52:12.544-0800][76736176ms] GC(23344) Using 10 workers of 10 for evacuation
[2023-11-10T11:52:12.549-0800][76736181ms] GC(23344)   Pre Evacuate Collection Set: 0.0ms
[2023-11-10T11:52:12.549-0800][76736181ms] GC(23344)   Evacuate Collection Set: 1.8ms
[2023-11-10T11:52:12.549-0800][76736181ms] GC(23344)   Post Evacuate Collection Set: 3.3ms
[2023-11-10T11:52:12.549-0800][76736181ms] GC(23344)   Other: 0.3ms
[2023-11-10T11:52:12.549-0800][76736181ms] GC(23344) Eden regions: 182->0(182)
[2023-11-10T11:52:12.549-0800][76736181ms] GC(23344) Survivor regions: 1->1(23)
[2023-11-10T11:52:12.549-0800][76736181ms] GC(23344) Old regions: 1431->1431
[2023-11-10T11:52:12.549-0800][76736181ms] GC(23344) Humongous regions: 5->5
[2023-11-10T11:52:12.549-0800][76736181ms] GC(23344) Metaspace: 304986K->304986K(1349632K)
[2023-11-10T11:52:12.549-0800][76736181ms] GC(23344) Pause Young (Normal) (G1 Evacuation Pause) 3236M->2872M(3602M) 5.435ms
[2023-11-10T11:52:12.549-0800][76736181ms] GC(23344) User=0.00s Sys=0.00s Real=0.01s
[2023-11-10T11:52:12.980-0800][76736612ms] GC(23345) Pause Young (Normal) (G1 Evacuation Pause)
[2023-11-10T11:52:12.980-0800][76736612ms] GC(23345) Using 10 workers of 10 for evacuation
[2023-11-10T11:52:12.985-0800][76736617ms] GC(23345)   Pre Evacuate Collection Set: 0.0ms
[2023-11-10T11:52:12.985-0800][76736617ms] GC(23345)   Evacuate Collection Set: 1.6ms
[2023-11-10T11:52:12.985-0800][76736617ms] GC(23345)   Post Evacuate Collection Set: 3.3ms
[2023-11-10T11:52:12.985-0800][76736617ms] GC(23345)   Other: 0.2ms
[2023-11-10T11:52:12.985-0800][76736617ms] GC(23345) Eden regions: 182->0(181)
[2023-11-10T11:52:12.985-0800][76736617ms] GC(23345) Survivor regions: 1->1(23)
[2023-11-10T11:52:12.985-0800][76736617ms] GC(23345) Old regions: 1431->1432
[2023-11-10T11:52:12.985-0800][76736617ms] GC(23345) Humongous regions: 5->5
[2023-11-10T11:52:12.985-0800][76736617ms] GC(23345) Metaspace: 304986K->304986K(1349632K)
[2023-11-10T11:52:12.985-0800][76736617ms] GC(23345) Pause Young (Normal) (G1 Evacuation Pause) 3236M->2872M(3602M) 5.312ms
[2023-11-10T11:52:12.985-0800][76736617ms] GC(23345) User=0.00s Sys=0.00s Real=0.00s
[2023-11-10T11:52:13.441-0800][76737073ms] GC(23346) Pause Young (Normal) (G1 Evacuation Pause)
[2023-11-10T11:52:13.441-0800][76737073ms] GC(23346) Using 10 workers of 10 for evacuation
[2023-11-10T11:52:13.448-0800][76737080ms] GC(23346)   Pre Evacuate Collection Set: 0.0ms
[2023-11-10T11:52:13.448-0800][76737080ms] GC(23346)   Evacuate Collection Set: 1.6ms
[2023-11-10T11:52:13.448-0800][76737080ms] GC(23346)   Post Evacuate Collection Set: 3.8ms
[2023-11-10T11:52:13.448-0800][76737080ms] GC(23346)   Other: 0.3ms
[2023-11-10T11:52:13.448-0800][76737080ms] GC(23346) Eden regions: 181->0(181)
[2023-11-10T11:52:13.448-0800][76737080ms] GC(23346) Survivor regions: 1->1(23)
[2023-11-10T11:52:13.448-0800][76737080ms] GC(23346) Old regions: 1432->1432
[2023-11-10T11:52:13.448-0800][76737080ms] GC(23346) Humongous regions: 5->5
[2023-11-10T11:52:13.448-0800][76737080ms] GC(23346) Metaspace: 304986K->304986K(1349632K)
[2023-11-10T11:52:13.448-0800][76737080ms] GC(23346) Pause Young (Normal) (G1 Evacuation Pause) 3234M->2872M(3602M) 5.832ms
[2023-11-10T11:52:13.448-0800][76737080ms] GC(23346) User=0.00s Sys=0.00s Real=0.01s
[2023-11-10T11:52:13.869-0800][76737501ms] GC(23347) Pause Young (Normal) (G1 Evacuation Pause)
[2023-11-10T11:52:13.869-0800][76737501ms] GC(23347) Using 10 workers of 10 for evacuation
[2023-11-10T11:52:13.874-0800][76737506ms] GC(23347)   Pre Evacuate Collection Set: 0.1ms
[2023-11-10T11:52:13.874-0800][76737506ms] GC(23347)   Evacuate Collection Set: 1.7ms
[2023-11-10T11:52:13.874-0800][76737506ms] GC(23347)   Post Evacuate Collection Set: 2.9ms
[2023-11-10T11:52:13.874-0800][76737506ms] GC(23347)   Other: 0.3ms
[2023-11-10T11:52:13.874-0800][76737506ms] GC(23347) Eden regions: 181->0(181)
[2023-11-10T11:52:13.874-0800][76737506ms] GC(23347) Survivor regions: 1->1(23)
[2023-11-10T11:52:13.874-0800][76737506ms] GC(23347) Old regions: 1432->1432
[2023-11-10T11:52:13.874-0800][76737506ms] GC(23347) Humongous regions: 5->5
[2023-11-10T11:52:13.874-0800][76737506ms] GC(23347) Metaspace: 304986K->304986K(1349632K)
[2023-11-10T11:52:13.874-0800][76737506ms] GC(23347) Pause Young (Normal) (G1 Evacuation Pause) 3234M->2872M(3602M) 5.120ms
[2023-11-10T11:52:13.874-0800][76737506ms] GC(23347) User=0.00s Sys=0.00s Real=0.01s
[2023-11-10T11:52:14.342-0800][76737974ms] GC(23348) Pause Young (Normal) (G1 Evacuation Pause)
[2023-11-10T11:52:14.342-0800][76737974ms] GC(23348) Using 10 workers of 10 for evacuation
[2023-11-10T11:52:14.347-0800][76737979ms] GC(23348)   Pre Evacuate Collection Set: 0.0ms
[2023-11-10T11:52:14.347-0800][76737979ms] GC(23348)   Evacuate Collection Set: 1.7ms
[2023-11-10T11:52:14.347-0800][76737979ms] GC(23348)   Post Evacuate Collection Set: 3.3ms
[2023-11-10T11:52:14.347-0800][76737979ms] GC(23348)   Other: 0.2ms
[2023-11-10T11:52:14.347-0800][76737979ms] GC(23348) Eden regions: 181->0(181)
[2023-11-10T11:52:14.347-0800][76737979ms] GC(23348) Survivor regions: 1->1(23)
[2023-11-10T11:52:14.347-0800][76737979ms] GC(23348) Old regions: 1432->1432
[2023-11-10T11:52:14.347-0800][76737979ms] GC(23348) Humongous regions: 5->5
[2023-11-10T11:52:14.347-0800][76737979ms] GC(23348) Metaspace: 304986K->304986K(1349632K)
[2023-11-10T11:52:14.347-0800][76737979ms] GC(23348) Pause Young (Normal) (G1 Evacuation Pause) 3234M->2872M(3602M) 5.408ms
[2023-11-10T11:52:14.348-0800][76737980ms] GC(23348) User=0.00s Sys=0.00s Real=0.01s
[2023-11-10T11:52:14.799-0800][76738431ms] GC(23349) Pause Young (Normal) (G1 Evacuation Pause)
[2023-11-10T11:52:14.799-0800][76738431ms] GC(23349) Using 10 workers of 10 for evacuation
[2023-11-10T11:52:14.806-0800][76738438ms] GC(23349)   Pre Evacuate Collection Set: 0.1ms
[2023-11-10T11:52:14.806-0800][76738438ms] GC(23349)   Evacuate Collection Set: 1.9ms
[2023-11-10T11:52:14.806-0800][76738438ms] GC(23349)   Post Evacuate Collection Set: 4.1ms
[2023-11-10T11:52:14.806-0800][76738438ms] GC(23349)   Other: 0.3ms
[2023-11-10T11:52:14.806-0800][76738438ms] GC(23349) Eden regions: 181->0(181)
[2023-11-10T11:52:14.806-0800][76738438ms] GC(23349) Survivor regions: 1->1(23)
[2023-11-10T11:52:14.806-0800][76738438ms] GC(23349) Old regions: 1432->1432
[2023-11-10T11:52:14.806-0800][76738438ms] GC(23349) Humongous regions: 5->5
[2023-11-10T11:52:14.806-0800][76738438ms] GC(23349) Metaspace: 304986K->304986K(1349632K)
[2023-11-10T11:52:14.806-0800][76738438ms] GC(23349) Pause Young (Normal) (G1 Evacuation Pause) 3234M->2872M(3602M) 6.518ms
[2023-11-10T11:52:14.806-0800][76738438ms] GC(23349) User=0.02s Sys=0.00s Real=0.01s
[2023-11-10T11:52:15.245-0800][76738877ms] GC(23350) Pause Young (Normal) (G1 Evacuation Pause)
[2023-11-10T11:52:15.245-0800][76738877ms] GC(23350) Using 10 workers of 10 for evacuation
[2023-11-10T11:52:15.252-0800][76738884ms] GC(23350)   Pre Evacuate Collection Set: 0.0ms
[2023-11-10T11:52:15.252-0800][76738884ms] GC(23350)   Evacuate Collection Set: 1.7ms
[2023-11-10T11:52:15.252-0800][76738884ms] GC(23350)   Post Evacuate Collection Set: 4.6ms
[2023-11-10T11:52:15.252-0800][76738884ms] GC(23350)   Other: 0.3ms
[2023-11-10T11:52:15.252-0800][76738884ms] GC(23350) Eden regions: 181->0(181)
[2023-11-10T11:52:15.252-0800][76738884ms] GC(23350) Survivor regions: 1->1(23)
[2023-11-10T11:52:15.252-0800][76738884ms] GC(23350) Old regions: 1432->1432
[2023-11-10T11:52:15.252-0800][76738884ms] GC(23350) Humongous regions: 5->5
[2023-11-10T11:52:15.252-0800][76738884ms] GC(23350) Metaspace: 304986K->304986K(1349632K)
[2023-11-10T11:52:15.252-0800][76738884ms] GC(23350) Pause Young (Normal) (G1 Evacuation Pause) 3234M->2872M(3602M) 6.764ms
[2023-11-10T11:52:15.252-0800][76738884ms] GC(23350) User=0.00s Sys=0.00s Real=0.01s
[2023-11-10T11:52:15.670-0800][76739302ms] GC(23351) Pause Young (Normal) (G1 Evacuation Pause)
[2023-11-10T11:52:15.670-0800][76739302ms] GC(23351) Using 10 workers of 10 for evacuation
[2023-11-10T11:52:15.675-0800][76739307ms] GC(23351)   Pre Evacuate Collection Set: 0.1ms
[2023-11-10T11:52:15.675-0800][76739307ms] GC(23351)   Evacuate Collection Set: 2.2ms
[2023-11-10T11:52:15.675-0800][76739307ms] GC(23351)   Post Evacuate Collection Set: 3.3ms
[2023-11-10T11:52:15.675-0800][76739307ms] GC(23351)   Other: 0.4ms
[2023-11-10T11:52:15.676-0800][76739308ms] GC(23351) Eden regions: 181->0(181)
[2023-11-10T11:52:15.676-0800][76739308ms] GC(23351) Survivor regions: 1->1(23)
[2023-11-10T11:52:15.676-0800][76739308ms] GC(23351) Old regions: 1432->1432
[2023-11-10T11:52:15.676-0800][76739308ms] GC(23351) Humongous regions: 5->5
[2023-11-10T11:52:15.676-0800][76739308ms] GC(23351) Metaspace: 304986K->304986K(1349632K)
[2023-11-10T11:52:15.676-0800][76739308ms] GC(23351) Pause Young (Normal) (G1 Evacuation Pause) 3234M->2872M(3602M) 6.051ms
[2023-11-10T11:52:15.676-0800][76739308ms] GC(23351) User=0.00s Sys=0.00s Real=0.01s
[2023-11-10T11:52:16.102-0800][76739734ms] GC(23352) Pause Young (Normal) (G1 Evacuation Pause)
[2023-11-10T11:52:16.102-0800][76739734ms] GC(23352) Using 10 workers of 10 for evacuation
[2023-11-10T11:52:16.109-0800][76739741ms] GC(23352)   Pre Evacuate Collection Set: 0.0ms
[2023-11-10T11:52:16.109-0800][76739741ms] GC(23352)   Evacuate Collection Set: 2.0ms
[2023-11-10T11:52:16.109-0800][76739741ms] GC(23352)   Post Evacuate Collection Set: 4.8ms
[2023-11-10T11:52:16.109-0800][76739741ms] GC(23352)   Other: 0.3ms
[2023-11-10T11:52:16.109-0800][76739741ms] GC(23352) Eden regions: 181->0(181)
[2023-11-10T11:52:16.109-0800][76739741ms] GC(23352) Survivor regions: 1->1(23)
[2023-11-10T11:52:16.109-0800][76739741ms] GC(23352) Old regions: 1432->1432
[2023-11-10T11:52:16.109-0800][76739741ms] GC(23352) Humongous regions: 5->5
[2023-11-10T11:52:16.109-0800][76739741ms] GC(23352) Metaspace: 304986K->304986K(1349632K)
[2023-11-10T11:52:16.109-0800][76739741ms] GC(23352) Pause Young (Normal) (G1 Evacuation Pause) 3234M->2873M(3602M) 7.144ms
[2023-11-10T11:52:16.109-0800][76739741ms] GC(23352) User=0.00s Sys=0.00s Real=0.01s
[2023-11-10T11:52:16.465-0800][76740097ms] GC(23353) Pause Young (Normal) (G1 Evacuation Pause)
[2023-11-10T11:52:16.465-0800][76740097ms] GC(23353) Using 10 workers of 10 for evacuation
[2023-11-10T11:52:16.471-0800][76740103ms] GC(23353)   Pre Evacuate Collection Set: 0.1ms
[2023-11-10T11:52:16.471-0800][76740103ms] GC(23353)   Evacuate Collection Set: 1.8ms
[2023-11-10T11:52:16.471-0800][76740103ms] GC(23353)   Post Evacuate Collection Set: 3.2ms
[2023-11-10T11:52:16.471-0800][76740103ms] GC(23353)   Other: 0.3ms
[2023-11-10T11:52:16.471-0800][76740103ms] GC(23353) Eden regions: 181->0(181)
[2023-11-10T11:52:16.471-0800][76740103ms] GC(23353) Survivor regions: 1->1(23)
[2023-11-10T11:52:16.471-0800][76740103ms] GC(23353) Old regions: 1432->1432
[2023-11-10T11:52:16.471-0800][76740103ms] GC(23353) Humongous regions: 5->5
[2023-11-10T11:52:16.471-0800][76740103ms] GC(23353) Metaspace: 304986K->304986K(1349632K)
[2023-11-10T11:52:16.471-0800][76740103ms] GC(23353) Pause Young (Normal) (G1 Evacuation Pause) 3235M->2873M(3602M) 5.582ms
[2023-11-10T11:52:16.471-0800][76740103ms] GC(23353) User=0.00s Sys=0.00s Real=0.01s
[2023-11-10T11:52:16.892-0800][76740524ms] GC(23354) Pause Young (Normal) (G1 Evacuation Pause)
[2023-11-10T11:52:16.892-0800][76740524ms] GC(23354) Using 10 workers of 10 for evacuation
[2023-11-10T11:52:16.899-0800][76740531ms] GC(23354)   Pre Evacuate Collection Set: 0.1ms
[2023-11-10T11:52:16.899-0800][76740531ms] GC(23354)   Evacuate Collection Set: 1.7ms
[2023-11-10T11:52:16.899-0800][76740531ms] GC(23354)   Post Evacuate Collection Set: 4.2ms
[2023-11-10T11:52:16.899-0800][76740531ms] GC(23354)   Other: 0.3ms
[2023-11-10T11:52:16.899-0800][76740531ms] GC(23354) Eden regions: 181->0(181)
[2023-11-10T11:52:16.899-0800][76740531ms] GC(23354) Survivor regions: 1->1(23)
[2023-11-10T11:52:16.899-0800][76740531ms] GC(23354) Old regions: 1432->1432
[2023-11-10T11:52:16.899-0800][76740531ms] GC(23354) Humongous regions: 5->5
[2023-11-10T11:52:16.899-0800][76740531ms] GC(23354) Metaspace: 304986K->304986K(1349632K)
[2023-11-10T11:52:16.899-0800][76740531ms] GC(23354) Pause Young (Normal) (G1 Evacuation Pause) 3235M->2873M(3602M) 6.389ms
[2023-11-10T11:52:16.899-0800][76740531ms] GC(23354) User=0.02s Sys=0.00s Real=0.01s
[2023-11-10T11:52:17.304-0800][76740936ms] GC(23355) Pause Young (Normal) (G1 Evacuation Pause)
[2023-11-10T11:52:17.305-0800][76740937ms] GC(23355) Using 10 workers of 10 for evacuation
[2023-11-10T11:52:17.311-0800][76740943ms] GC(23355)   Pre Evacuate Collection Set: 0.1ms
[2023-11-10T11:52:17.311-0800][76740943ms] GC(23355)   Evacuate Collection Set: 2.0ms
[2023-11-10T11:52:17.311-0800][76740943ms] GC(23355)   Post Evacuate Collection Set: 4.6ms
[2023-11-10T11:52:17.311-0800][76740943ms] GC(23355)   Other: 0.4ms
[2023-11-10T11:52:17.311-0800][76740943ms] GC(23355) Eden regions: 181->0(181)
[2023-11-10T11:52:17.311-0800][76740943ms] GC(23355) Survivor regions: 1->1(23)
[2023-11-10T11:52:17.311-0800][76740943ms] GC(23355) Old regions: 1432->1432
[2023-11-10T11:52:17.311-0800][76740943ms] GC(23355) Humongous regions: 5->5
[2023-11-10T11:52:17.311-0800][76740943ms] GC(23355) Metaspace: 304986K->304986K(1349632K)
[2023-11-10T11:52:17.311-0800][76740943ms] GC(23355) Pause Young (Normal) (G1 Evacuation Pause) 3235M->2873M(3602M) 7.169ms
[2023-11-10T11:52:17.311-0800][76740943ms] GC(23355) User=0.00s Sys=0.00s Real=0.01s
[2023-11-10T11:52:17.740-0800][76741372ms] GC(23356) Pause Young (Normal) (G1 Evacuation Pause)
[2023-11-10T11:52:17.740-0800][76741372ms] GC(23356) Using 10 workers of 10 for evacuation
[2023-11-10T11:52:17.746-0800][76741378ms] GC(23356)   Pre Evacuate Collection Set: 0.1ms
[2023-11-10T11:52:17.746-0800][76741378ms] GC(23356)   Evacuate Collection Set: 2.2ms
[2023-11-10T11:52:17.746-0800][76741378ms] GC(23356)   Post Evacuate Collection Set: 3.4ms
[2023-11-10T11:52:17.746-0800][76741378ms] GC(23356)   Other: 0.3ms
[2023-11-10T11:52:17.746-0800][76741378ms] GC(23356) Eden regions: 181->0(181)
[2023-11-10T11:52:17.746-0800][76741378ms] GC(23356) Survivor regions: 1->1(23)
[2023-11-10T11:52:17.746-0800][76741378ms] GC(23356) Old regions: 1432->1432
[2023-11-10T11:52:17.746-0800][76741378ms] GC(23356) Humongous regions: 5->5
[2023-11-10T11:52:17.746-0800][76741378ms] GC(23356) Metaspace: 304986K->304986K(1349632K)
[2023-11-10T11:52:17.746-0800][76741378ms] GC(23356) Pause Young (Normal) (G1 Evacuation Pause) 3235M->2873M(3602M) 6.033ms
[2023-11-10T11:52:17.746-0800][76741378ms] GC(23356) User=0.05s Sys=0.00s Real=0.01s
[2023-11-10T11:52:18.229-0800][76741861ms] GC(23357) Pause Young (Normal) (G1 Evacuation Pause)
[2023-11-10T11:52:18.229-0800][76741861ms] GC(23357) Using 10 workers of 10 for evacuation
[2023-11-10T11:52:18.235-0800][76741867ms] GC(23357)   Pre Evacuate Collection Set: 0.1ms
[2023-11-10T11:52:18.235-0800][76741867ms] GC(23357)   Evacuate Collection Set: 1.8ms
[2023-11-10T11:52:18.235-0800][76741867ms] GC(23357)   Post Evacuate Collection Set: 3.2ms
[2023-11-10T11:52:18.235-0800][76741867ms] GC(23357)   Other: 0.2ms
[2023-11-10T11:52:18.235-0800][76741867ms] GC(23357) Eden regions: 181->0(181)
[2023-11-10T11:52:18.235-0800][76741867ms] GC(23357) Survivor regions: 1->1(23)
[2023-11-10T11:52:18.235-0800][76741867ms] GC(23357) Old regions: 1432->1432
[2023-11-10T11:52:18.235-0800][76741867ms] GC(23357) Humongous regions: 5->5
[2023-11-10T11:52:18.235-0800][76741867ms] GC(23357) Metaspace: 304986K->304986K(1349632K)
[2023-11-10T11:52:18.235-0800][76741867ms] GC(23357) Pause Young (Normal) (G1 Evacuation Pause) 3235M->2873M(3602M) 5.479ms
[2023-11-10T11:52:18.235-0800][76741867ms] GC(23357) User=0.00s Sys=0.00s Real=0.01s
[2023-11-10T11:52:18.711-0800][76742343ms] GC(23358) Pause Young (Normal) (G1 Evacuation Pause)
[2023-11-10T11:52:18.711-0800][76742343ms] GC(23358) Using 10 workers of 10 for evacuation
[2023-11-10T11:52:18.718-0800][76742350ms] GC(23358)   Pre Evacuate Collection Set: 0.0ms
[2023-11-10T11:52:18.718-0800][76742350ms] GC(23358)   Evacuate Collection Set: 2.0ms
[2023-11-10T11:52:18.718-0800][76742350ms] GC(23358)   Post Evacuate Collection Set: 3.6ms
[2023-11-10T11:52:18.718-0800][76742350ms] GC(23358)   Other: 0.3ms
[2023-11-10T11:52:18.718-0800][76742350ms] GC(23358) Eden regions: 181->0(181)
[2023-11-10T11:52:18.718-0800][76742350ms] GC(23358) Survivor regions: 1->1(23)
[2023-11-10T11:52:18.718-0800][76742350ms] GC(23358) Old regions: 1432->1432
[2023-11-10T11:52:18.718-0800][76742350ms] GC(23358) Humongous regions: 5->5
[2023-11-10T11:52:18.718-0800][76742350ms] GC(23358) Metaspace: 304986K->304986K(1349632K)
[2023-11-10T11:52:18.718-0800][76742350ms] GC(23358) Pause Young (Normal) (G1 Evacuation Pause) 3235M->2873M(3602M) 5.990ms
[2023-11-10T11:52:18.718-0800][76742350ms] GC(23358) User=0.00s Sys=0.00s Real=0.01s
[2023-11-10T11:52:19.183-0800][76742815ms] GC(23359) Pause Young (Normal) (G1 Evacuation Pause)
[2023-11-10T11:52:19.183-0800][76742815ms] GC(23359) Using 10 workers of 10 for evacuation
[2023-11-10T11:52:19.189-0800][76742821ms] GC(23359)   Pre Evacuate Collection Set: 0.0ms
[2023-11-10T11:52:19.189-0800][76742821ms] GC(23359)   Evacuate Collection Set: 1.7ms
[2023-11-10T11:52:19.189-0800][76742821ms] GC(23359)   Post Evacuate Collection Set: 3.7ms
[2023-11-10T11:52:19.189-0800][76742821ms] GC(23359)   Other: 0.3ms
[2023-11-10T11:52:19.189-0800][76742821ms] GC(23359) Eden regions: 181->0(181)
[2023-11-10T11:52:19.189-0800][76742821ms] GC(23359) Survivor regions: 1->1(23)
[2023-11-10T11:52:19.189-0800][76742821ms] GC(23359) Old regions: 1432->1432
[2023-11-10T11:52:19.189-0800][76742821ms] GC(23359) Humongous regions: 5->5
[2023-11-10T11:52:19.189-0800][76742821ms] GC(23359) Metaspace: 304986K->304986K(1349632K)
[2023-11-10T11:52:19.189-0800][76742821ms] GC(23359) Pause Young (Normal) (G1 Evacuation Pause) 3235M->2873M(3602M) 5.848ms
[2023-11-10T11:52:19.189-0800][76742821ms] GC(23359) User=0.00s Sys=0.00s Real=0.01s
[2023-11-10T11:52:19.706-0800][76743338ms] GC(23360) Pause Young (Normal) (G1 Evacuation Pause)
[2023-11-10T11:52:19.706-0800][76743338ms] GC(23360) Using 10 workers of 10 for evacuation
[2023-11-10T11:52:19.715-0800][76743347ms] GC(23360)   Pre Evacuate Collection Set: 0.1ms
[2023-11-10T11:52:19.715-0800][76743347ms] GC(23360)   Evacuate Collection Set: 2.4ms
[2023-11-10T11:52:19.715-0800][76743347ms] GC(23360)   Post Evacuate Collection Set: 5.1ms
[2023-11-10T11:52:19.715-0800][76743347ms] GC(23360)   Other: 0.4ms
[2023-11-10T11:52:19.715-0800][76743347ms] GC(23360) Eden regions: 181->0(181)
[2023-11-10T11:52:19.715-0800][76743347ms] GC(23360) Survivor regions: 1->1(23)
[2023-11-10T11:52:19.715-0800][76743347ms] GC(23360) Old regions: 1432->1432
[2023-11-10T11:52:19.715-0800][76743347ms] GC(23360) Humongous regions: 5->5
[2023-11-10T11:52:19.715-0800][76743347ms] GC(23360) Metaspace: 304986K->304986K(1349632K)
[2023-11-10T11:52:19.715-0800][76743347ms] GC(23360) Pause Young (Normal) (G1 Evacuation Pause) 3235M->2873M(3602M) 8.175ms
[2023-11-10T11:52:19.715-0800][76743347ms] GC(23360) User=0.02s Sys=0.00s Real=0.01s
[2023-11-10T11:52:20.181-0800][76743813ms] GC(23361) Pause Young (Normal) (G1 Evacuation Pause)
[2023-11-10T11:52:20.181-0800][76743813ms] GC(23361) Using 10 workers of 10 for evacuation
[2023-11-10T11:52:20.187-0800][76743819ms] GC(23361)   Pre Evacuate Collection Set: 0.1ms
[2023-11-10T11:52:20.187-0800][76743819ms] GC(23361)   Evacuate Collection Set: 2.3ms
[2023-11-10T11:52:20.187-0800][76743819ms] GC(23361)   Post Evacuate Collection Set: 3.5ms
[2023-11-10T11:52:20.187-0800][76743819ms] GC(23361)   Other: 0.4ms
[2023-11-10T11:52:20.187-0800][76743819ms] GC(23361) Eden regions: 181->0(181)
[2023-11-10T11:52:20.187-0800][76743819ms] GC(23361) Survivor regions: 1->1(23)
[2023-11-10T11:52:20.187-0800][76743819ms] GC(23361) Old regions: 1432->1432
[2023-11-10T11:52:20.187-0800][76743819ms] GC(23361) Humongous regions: 5->5
[2023-11-10T11:52:20.187-0800][76743819ms] GC(23361) Metaspace: 304986K->304986K(1349632K)
[2023-11-10T11:52:20.187-0800][76743819ms] GC(23361) Pause Young (Normal) (G1 Evacuation Pause) 3235M->2873M(3602M) 6.281ms
[2023-11-10T11:52:20.187-0800][76743819ms] GC(23361) User=0.00s Sys=0.00s Real=0.01s
[2023-11-10T11:52:20.611-0800][76744243ms] GC(23362) Pause Young (Normal) (G1 Evacuation Pause)
[2023-11-10T11:52:20.611-0800][76744243ms] GC(23362) Using 10 workers of 10 for evacuation
[2023-11-10T11:52:20.617-0800][76744249ms] GC(23362)   Pre Evacuate Collection Set: 0.1ms
[2023-11-10T11:52:20.617-0800][76744249ms] GC(23362)   Evacuate Collection Set: 1.7ms
[2023-11-10T11:52:20.617-0800][76744249ms] GC(23362)   Post Evacuate Collection Set: 3.4ms
[2023-11-10T11:52:20.617-0800][76744249ms] GC(23362)   Other: 0.5ms
[2023-11-10T11:52:20.617-0800][76744249ms] GC(23362) Eden regions: 181->0(181)
[2023-11-10T11:52:20.617-0800][76744249ms] GC(23362) Survivor regions: 1->1(23)
[2023-11-10T11:52:20.617-0800][76744249ms] GC(23362) Old regions: 1432->1432
[2023-11-10T11:52:20.617-0800][76744249ms] GC(23362) Humongous regions: 5->5
[2023-11-10T11:52:20.617-0800][76744249ms] GC(23362) Metaspace: 304986K->304986K(1349632K)
[2023-11-10T11:52:20.617-0800][76744249ms] GC(23362) Pause Young (Normal) (G1 Evacuation Pause) 3235M->2873M(3602M) 5.793ms
[2023-11-10T11:52:20.617-0800][76744249ms] GC(23362) User=0.02s Sys=0.00s Real=0.01s
[2023-11-10T11:52:21.051-0800][76744683ms] GC(23363) Pause Young (Normal) (G1 Evacuation Pause)
[2023-11-10T11:52:21.051-0800][76744683ms] GC(23363) Using 10 workers of 10 for evacuation
[2023-11-10T11:52:21.058-0800][76744690ms] GC(23363)   Pre Evacuate Collection Set: 0.0ms
[2023-11-10T11:52:21.058-0800][76744690ms] GC(23363)   Evacuate Collection Set: 1.9ms
[2023-11-10T11:52:21.058-0800][76744690ms] GC(23363)   Post Evacuate Collection Set: 4.8ms
[2023-11-10T11:52:21.058-0800][76744690ms] GC(23363)   Other: 0.4ms
[2023-11-10T11:52:21.058-0800][76744690ms] GC(23363) Eden regions: 181->0(181)
[2023-11-10T11:52:21.058-0800][76744690ms] GC(23363) Survivor regions: 1->1(23)
[2023-11-10T11:52:21.058-0800][76744690ms] GC(23363) Old regions: 1432->1432
[2023-11-10T11:52:21.058-0800][76744690ms] GC(23363) Humongous regions: 5->5
[2023-11-10T11:52:21.058-0800][76744690ms] GC(23363) Metaspace: 304986K->304986K(1349632K)
[2023-11-10T11:52:21.058-0800][76744690ms] GC(23363) Pause Young (Normal) (G1 Evacuation Pause) 3235M->2873M(3602M) 7.263ms
[2023-11-10T11:52:21.058-0800][76744690ms] GC(23363) User=0.00s Sys=0.00s Real=0.01s
[2023-11-10T11:52:21.451-0800][76745083ms] GC(23364) Pause Young (Normal) (G1 Evacuation Pause)
[2023-11-10T11:52:21.451-0800][76745083ms] GC(23364) Using 10 workers of 10 for evacuation
[2023-11-10T11:52:21.455-0800][76745087ms] GC(23364)   Pre Evacuate Collection Set: 0.0ms
[2023-11-10T11:52:21.456-0800][76745088ms] GC(23364)   Evacuate Collection Set: 1.7ms
[2023-11-10T11:52:21.456-0800][76745088ms] GC(23364)   Post Evacuate Collection Set: 3.4ms
[2023-11-10T11:52:21.456-0800][76745088ms] GC(23364)   Other: 0.3ms
[2023-11-10T11:52:21.456-0800][76745088ms] GC(23364) Eden regions: 181->0(181)
[2023-11-10T11:52:21.456-0800][76745088ms] GC(23364) Survivor regions: 1->1(23)
[2023-11-10T11:52:21.456-0800][76745088ms] GC(23364) Old regions: 1432->1432
[2023-11-10T11:52:21.456-0800][76745088ms] GC(23364) Humongous regions: 5->5
[2023-11-10T11:52:21.456-0800][76745088ms] GC(23364) Metaspace: 304986K->304986K(1349632K)
[2023-11-10T11:52:21.456-0800][76745088ms] GC(23364) Pause Young (Normal) (G1 Evacuation Pause) 3235M->2873M(3602M) 5.611ms
[2023-11-10T11:52:21.456-0800][76745088ms] GC(23364) User=0.00s Sys=0.00s Real=0.01s
[2023-11-10T11:52:21.914-0800][76745546ms] GC(23365) Pause Young (Normal) (G1 Evacuation Pause)
[2023-11-10T11:52:21.914-0800][76745546ms] GC(23365) Using 10 workers of 10 for evacuation
[2023-11-10T11:52:21.920-0800][76745552ms] GC(23365)   Pre Evacuate Collection Set: 0.0ms
[2023-11-10T11:52:21.920-0800][76745552ms] GC(23365)   Evacuate Collection Set: 1.8ms
[2023-11-10T11:52:21.920-0800][76745552ms] GC(23365)   Post Evacuate Collection Set: 3.8ms
[2023-11-10T11:52:21.920-0800][76745552ms] GC(23365)   Other: 0.3ms
[2023-11-10T11:52:21.920-0800][76745552ms] GC(23365) Eden regions: 181->0(181)
[2023-11-10T11:52:21.920-0800][76745552ms] GC(23365) Survivor regions: 1->1(23)
[2023-11-10T11:52:21.920-0800][76745552ms] GC(23365) Old regions: 1432->1432
[2023-11-10T11:52:21.920-0800][76745552ms] GC(23365) Humongous regions: 5->5
[2023-11-10T11:52:21.920-0800][76745552ms] GC(23365) Metaspace: 304986K->304986K(1349632K)
[2023-11-10T11:52:21.920-0800][76745552ms] GC(23365) Pause Young (Normal) (G1 Evacuation Pause) 3235M->2873M(3602M) 6.010ms
[2023-11-10T11:52:21.920-0800][76745552ms] GC(23365) User=0.00s Sys=0.00s Real=0.01s
[2023-11-10T11:52:22.354-0800][76745986ms] GC(23366) Pause Young (Normal) (G1 Evacuation Pause)
[2023-11-10T11:52:22.354-0800][76745986ms] GC(23366) Using 10 workers of 10 for evacuation
[2023-11-10T11:52:22.360-0800][76745992ms] GC(23366)   Pre Evacuate Collection Set: 0.3ms
[2023-11-10T11:52:22.361-0800][76745993ms] GC(23366)   Evacuate Collection Set: 2.3ms
[2023-11-10T11:52:22.361-0800][76745993ms] GC(23366)   Post Evacuate Collection Set: 4.0ms
[2023-11-10T11:52:22.361-0800][76745993ms] GC(23366)   Other: 0.6ms
[2023-11-10T11:52:22.361-0800][76745993ms] GC(23366) Eden regions: 181->0(181)
[2023-11-10T11:52:22.361-0800][76745993ms] GC(23366) Survivor regions: 1->1(23)
[2023-11-10T11:52:22.361-0800][76745993ms] GC(23366) Old regions: 1432->1432
[2023-11-10T11:52:22.361-0800][76745993ms] GC(23366) Humongous regions: 5->5
[2023-11-10T11:52:22.361-0800][76745993ms] GC(23366) Metaspace: 304986K->304986K(1349632K)
[2023-11-10T11:52:22.361-0800][76745993ms] GC(23366) Pause Young (Normal) (G1 Evacuation Pause) 3235M->2873M(3602M) 7.285ms
[2023-11-10T11:52:22.361-0800][76745993ms] GC(23366) User=0.00s Sys=0.00s Real=0.01s
[2023-11-10T11:52:22.804-0800][76746436ms] GC(23367) Pause Young (Normal) (G1 Evacuation Pause)
[2023-11-10T11:52:22.804-0800][76746436ms] GC(23367) Using 10 workers of 10 for evacuation
[2023-11-10T11:52:22.809-0800][76746441ms] GC(23367)   Pre Evacuate Collection Set: 0.0ms
[2023-11-10T11:52:22.809-0800][76746441ms] GC(23367)   Evacuate Collection Set: 1.6ms
[2023-11-10T11:52:22.809-0800][76746441ms] GC(23367)   Post Evacuate Collection Set: 3.0ms
[2023-11-10T11:52:22.809-0800][76746441ms] GC(23367)   Other: 0.2ms
[2023-11-10T11:52:22.809-0800][76746441ms] GC(23367) Eden regions: 181->0(181)
[2023-11-10T11:52:22.809-0800][76746441ms] GC(23367) Survivor regions: 1->1(23)
[2023-11-10T11:52:22.809-0800][76746441ms] GC(23367) Old regions: 1432->1432
[2023-11-10T11:52:22.809-0800][76746441ms] GC(23367) Humongous regions: 5->5
[2023-11-10T11:52:22.809-0800][76746441ms] GC(23367) Metaspace: 304986K->304986K(1349632K)
[2023-11-10T11:52:22.809-0800][76746441ms] GC(23367) Pause Young (Normal) (G1 Evacuation Pause) 3235M->2873M(3602M) 4.979ms
[2023-11-10T11:52:22.809-0800][76746441ms] GC(23367) User=0.00s Sys=0.00s Real=0.01s
[2023-11-10T11:52:23.251-0800][76746883ms] GC(23368) Pause Young (Normal) (G1 Evacuation Pause)
[2023-11-10T11:52:23.251-0800][76746883ms] GC(23368) Using 10 workers of 10 for evacuation
[2023-11-10T11:52:23.257-0800][76746889ms] GC(23368)   Pre Evacuate Collection Set: 0.0ms
[2023-11-10T11:52:23.257-0800][76746889ms] GC(23368)   Evacuate Collection Set: 1.7ms
[2023-11-10T11:52:23.257-0800][76746889ms] GC(23368)   Post Evacuate Collection Set: 3.7ms
[2023-11-10T11:52:23.257-0800][76746889ms] GC(23368)   Other: 0.3ms
[2023-11-10T11:52:23.257-0800][76746889ms] GC(23368) Eden regions: 181->0(181)
[2023-11-10T11:52:23.258-0800][76746890ms] GC(23368) Survivor regions: 1->1(23)
[2023-11-10T11:52:23.258-0800][76746890ms] GC(23368) Old regions: 1432->1432
[2023-11-10T11:52:23.258-0800][76746890ms] GC(23368) Humongous regions: 5->5
[2023-11-10T11:52:23.258-0800][76746890ms] GC(23368) Metaspace: 304986K->304986K(1349632K)
[2023-11-10T11:52:23.258-0800][76746890ms] GC(23368) Pause Young (Normal) (G1 Evacuation Pause) 3235M->2873M(3602M) 5.919ms
[2023-11-10T11:52:23.258-0800][76746890ms] GC(23368) User=0.00s Sys=0.00s Real=0.01s
[2023-11-10T11:52:23.667-0800][76747299ms] GC(23369) Pause Young (Normal) (G1 Evacuation Pause)
[2023-11-10T11:52:23.667-0800][76747299ms] GC(23369) Using 10 workers of 10 for evacuation
[2023-11-10T11:52:23.673-0800][76747305ms] GC(23369)   Pre Evacuate Collection Set: 0.0ms
[2023-11-10T11:52:23.673-0800][76747305ms] GC(23369)   Evacuate Collection Set: 1.6ms
[2023-11-10T11:52:23.673-0800][76747305ms] GC(23369)   Post Evacuate Collection Set: 3.1ms
[2023-11-10T11:52:23.673-0800][76747305ms] GC(23369)   Other: 0.3ms
[2023-11-10T11:52:23.673-0800][76747305ms] GC(23369) Eden regions: 181->0(181)
[2023-11-10T11:52:23.673-0800][76747305ms] GC(23369) Survivor regions: 1->1(23)
[2023-11-10T11:52:23.673-0800][76747305ms] GC(23369) Old regions: 1432->1432
[2023-11-10T11:52:23.673-0800][76747305ms] GC(23369) Humongous regions: 5->5
[2023-11-10T11:52:23.673-0800][76747305ms] GC(23369) Metaspace: 304986K->304986K(1349632K)
[2023-11-10T11:52:23.673-0800][76747305ms] GC(23369) Pause Young (Normal) (G1 Evacuation Pause) 3235M->2873M(3602M) 5.174ms
[2023-11-10T11:52:23.673-0800][76747305ms] GC(23369) User=0.00s Sys=0.00s Real=0.01s
[2023-11-10T11:52:24.068-0800][76747700ms] GC(23370) Pause Young (Normal) (G1 Evacuation Pause)
[2023-11-10T11:52:24.068-0800][76747700ms] GC(23370) Using 10 workers of 10 for evacuation
[2023-11-10T11:52:24.072-0800][76747704ms] GC(23370)   Pre Evacuate Collection Set: 0.0ms
[2023-11-10T11:52:24.073-0800][76747705ms] GC(23370)   Evacuate Collection Set: 1.7ms
[2023-11-10T11:52:24.073-0800][76747705ms] GC(23370)   Post Evacuate Collection Set: 3.0ms
[2023-11-10T11:52:24.073-0800][76747705ms] GC(23370)   Other: 0.3ms
[2023-11-10T11:52:24.073-0800][76747705ms] GC(23370) Eden regions: 181->0(181)
[2023-11-10T11:52:24.073-0800][76747705ms] GC(23370) Survivor regions: 1->1(23)
[2023-11-10T11:52:24.073-0800][76747705ms] GC(23370) Old regions: 1432->1432
[2023-11-10T11:52:24.073-0800][76747705ms] GC(23370) Humongous regions: 5->5
[2023-11-10T11:52:24.073-0800][76747705ms] GC(23370) Metaspace: 304986K->304986K(1349632K)
[2023-11-10T11:52:24.073-0800][76747705ms] GC(23370) Pause Young (Normal) (G1 Evacuation Pause) 3235M->2873M(3602M) 5.083ms
[2023-11-10T11:52:24.073-0800][76747705ms] GC(23370) User=0.02s Sys=0.00s Real=0.00s
[2023-11-10T11:52:24.500-0800][76748132ms] GC(23371) Pause Young (Normal) (G1 Evacuation Pause)
[2023-11-10T11:52:24.500-0800][76748132ms] GC(23371) Using 10 workers of 10 for evacuation
[2023-11-10T11:52:24.506-0800][76748138ms] GC(23371)   Pre Evacuate Collection Set: 0.0ms
[2023-11-10T11:52:24.506-0800][76748138ms] GC(23371)   Evacuate Collection Set: 1.7ms
[2023-11-10T11:52:24.506-0800][76748138ms] GC(23371)   Post Evacuate Collection Set: 3.8ms
[2023-11-10T11:52:24.506-0800][76748138ms] GC(23371)   Other: 0.3ms
[2023-11-10T11:52:24.506-0800][76748138ms] GC(23371) Eden regions: 181->0(181)
[2023-11-10T11:52:24.506-0800][76748138ms] GC(23371) Survivor regions: 1->1(23)
[2023-11-10T11:52:24.506-0800][76748138ms] GC(23371) Old regions: 1432->1432
[2023-11-10T11:52:24.506-0800][76748138ms] GC(23371) Humongous regions: 5->5
[2023-11-10T11:52:24.506-0800][76748138ms] GC(23371) Metaspace: 304986K->304986K(1349632K)
[2023-11-10T11:52:24.506-0800][76748138ms] GC(23371) Pause Young (Normal) (G1 Evacuation Pause) 3235M->2873M(3602M) 5.934ms
[2023-11-10T11:52:24.506-0800][76748138ms] GC(23371) User=0.00s Sys=0.00s Real=0.01s
[2023-11-10T11:52:24.923-0800][76748555ms] GC(23372) Pause Young (Normal) (G1 Evacuation Pause)
[2023-11-10T11:52:24.923-0800][76748555ms] GC(23372) Using 10 workers of 10 for evacuation
[2023-11-10T11:52:24.928-0800][76748560ms] GC(23372)   Pre Evacuate Collection Set: 0.1ms
[2023-11-10T11:52:24.928-0800][76748560ms] GC(23372)   Evacuate Collection Set: 1.7ms
[2023-11-10T11:52:24.928-0800][76748560ms] GC(23372)   Post Evacuate Collection Set: 3.1ms
[2023-11-10T11:52:24.928-0800][76748560ms] GC(23372)   Other: 0.3ms
[2023-11-10T11:52:24.928-0800][76748560ms] GC(23372) Eden regions: 181->0(181)
[2023-11-10T11:52:24.928-0800][76748560ms] GC(23372) Survivor regions: 1->1(23)
[2023-11-10T11:52:24.928-0800][76748560ms] GC(23372) Old regions: 1432->1432
[2023-11-10T11:52:24.928-0800][76748560ms] GC(23372) Humongous regions: 5->5
[2023-11-10T11:52:24.928-0800][76748560ms] GC(23372) Metaspace: 304986K->304986K(1349632K)
[2023-11-10T11:52:24.928-0800][76748560ms] GC(23372) Pause Young (Normal) (G1 Evacuation Pause) 3235M->2873M(3602M) 5.279ms
[2023-11-10T11:52:24.928-0800][76748560ms] GC(23372) User=0.00s Sys=0.00s Real=0.00s
[2023-11-10T11:52:25.340-0800][76748972ms] GC(23373) Pause Young (Normal) (G1 Evacuation Pause)
[2023-11-10T11:52:25.340-0800][76748972ms] GC(23373) Using 10 workers of 10 for evacuation
[2023-11-10T11:52:25.346-0800][76748978ms] GC(23373)   Pre Evacuate Collection Set: 0.0ms
[2023-11-10T11:52:25.346-0800][76748978ms] GC(23373)   Evacuate Collection Set: 2.4ms
[2023-11-10T11:52:25.346-0800][76748978ms] GC(23373)   Post Evacuate Collection Set: 3.4ms
[2023-11-10T11:52:25.346-0800][76748978ms] GC(23373)   Other: 0.3ms
[2023-11-10T11:52:25.346-0800][76748978ms] GC(23373) Eden regions: 181->0(181)
[2023-11-10T11:52:25.346-0800][76748978ms] GC(23373) Survivor regions: 1->1(23)
[2023-11-10T11:52:25.346-0800][76748978ms] GC(23373) Old regions: 1432->1432
[2023-11-10T11:52:25.346-0800][76748978ms] GC(23373) Humongous regions: 5->5
[2023-11-10T11:52:25.346-0800][76748978ms] GC(23373) Metaspace: 304986K->304986K(1349632K)
[2023-11-10T11:52:25.346-0800][76748978ms] GC(23373) Pause Young (Normal) (G1 Evacuation Pause) 3235M->2873M(3602M) 6.331ms
[2023-11-10T11:52:25.346-0800][76748978ms] GC(23373) User=0.00s Sys=0.00s Real=0.01s
[2023-11-10T11:52:25.863-0800][76749495ms] GC(23374) Pause Young (Normal) (G1 Evacuation Pause)
[2023-11-10T11:52:25.863-0800][76749495ms] GC(23374) Using 10 workers of 10 for evacuation
[2023-11-10T11:52:25.869-0800][76749501ms] GC(23374)   Pre Evacuate Collection Set: 0.0ms
[2023-11-10T11:52:25.869-0800][76749501ms] GC(23374)   Evacuate Collection Set: 1.7ms
[2023-11-10T11:52:25.869-0800][76749501ms] GC(23374)   Post Evacuate Collection Set: 3.1ms
[2023-11-10T11:52:25.869-0800][76749501ms] GC(23374)   Other: 0.4ms
[2023-11-10T11:52:25.869-0800][76749501ms] GC(23374) Eden regions: 181->0(181)
[2023-11-10T11:52:25.869-0800][76749501ms] GC(23374) Survivor regions: 1->1(23)
[2023-11-10T11:52:25.869-0800][76749501ms] GC(23374) Old regions: 1432->1432
[2023-11-10T11:52:25.869-0800][76749501ms] GC(23374) Humongous regions: 5->5
[2023-11-10T11:52:25.869-0800][76749501ms] GC(23374) Metaspace: 304986K->304986K(1349632K)
[2023-11-10T11:52:25.869-0800][76749501ms] GC(23374) Pause Young (Normal) (G1 Evacuation Pause) 3235M->2873M(3602M) 5.266ms
[2023-11-10T11:52:25.869-0800][76749501ms] GC(23374) User=0.00s Sys=0.00s Real=0.01s
[2023-11-10T11:52:26.316-0800][76749948ms] GC(23375) Pause Young (Normal) (G1 Evacuation Pause)
[2023-11-10T11:52:26.316-0800][76749948ms] GC(23375) Using 10 workers of 10 for evacuation
[2023-11-10T11:52:26.320-0800][76749952ms] GC(23375)   Pre Evacuate Collection Set: 0.0ms
[2023-11-10T11:52:26.321-0800][76749953ms] GC(23375)   Evacuate Collection Set: 1.7ms
[2023-11-10T11:52:26.321-0800][76749953ms] GC(23375)   Post Evacuate Collection Set: 3.1ms
[2023-11-10T11:52:26.321-0800][76749953ms] GC(23375)   Other: 0.3ms
[2023-11-10T11:52:26.321-0800][76749953ms] GC(23375) Eden regions: 181->0(181)
[2023-11-10T11:52:26.321-0800][76749953ms] GC(23375) Survivor regions: 1->1(23)
[2023-11-10T11:52:26.321-0800][76749953ms] GC(23375) Old regions: 1432->1432
[2023-11-10T11:52:26.321-0800][76749953ms] GC(23375) Humongous regions: 5->5
[2023-11-10T11:52:26.321-0800][76749953ms] GC(23375) Metaspace: 304986K->304986K(1349632K)
[2023-11-10T11:52:26.321-0800][76749953ms] GC(23375) Pause Young (Normal) (G1 Evacuation Pause) 3235M->2873M(3602M) 5.155ms
[2023-11-10T11:52:26.321-0800][76749953ms] GC(23375) User=0.00s Sys=0.00s Real=0.01s
[2023-11-10T11:52:26.741-0800][76750373ms] GC(23376) Pause Young (Normal) (G1 Evacuation Pause)
[2023-11-10T11:52:26.741-0800][76750373ms] GC(23376) Using 10 workers of 10 for evacuation
[2023-11-10T11:52:26.747-0800][76750379ms] GC(23376)   Pre Evacuate Collection Set: 0.0ms
[2023-11-10T11:52:26.747-0800][76750379ms] GC(23376)   Evacuate Collection Set: 1.6ms
[2023-11-10T11:52:26.747-0800][76750379ms] GC(23376)   Post Evacuate Collection Set: 3.2ms
[2023-11-10T11:52:26.747-0800][76750379ms] GC(23376)   Other: 0.3ms
[2023-11-10T11:52:26.747-0800][76750379ms] GC(23376) Eden regions: 181->0(181)
[2023-11-10T11:52:26.747-0800][76750379ms] GC(23376) Survivor regions: 1->1(23)
[2023-11-10T11:52:26.747-0800][76750379ms] GC(23376) Old regions: 1432->1432
[2023-11-10T11:52:26.747-0800][76750379ms] GC(23376) Humongous regions: 5->5
[2023-11-10T11:52:26.747-0800][76750379ms] GC(23376) Metaspace: 304986K->304986K(1349632K)
[2023-11-10T11:52:26.747-0800][76750379ms] GC(23376) Pause Young (Normal) (G1 Evacuation Pause) 3235M->2873M(3602M) 5.189ms
[2023-11-10T11:52:26.747-0800][76750379ms] GC(23376) User=0.00s Sys=0.00s Real=0.01s
[2023-11-10T11:52:27.187-0800][76750819ms] GC(23377) Pause Young (Normal) (G1 Evacuation Pause)
[2023-11-10T11:52:27.187-0800][76750819ms] GC(23377) Using 10 workers of 10 for evacuation
[2023-11-10T11:52:27.192-0800][76750824ms] GC(23377)   Pre Evacuate Collection Set: 0.0ms
[2023-11-10T11:52:27.192-0800][76750824ms] GC(23377)   Evacuate Collection Set: 1.7ms
[2023-11-10T11:52:27.192-0800][76750824ms] GC(23377)   Post Evacuate Collection Set: 3.6ms
[2023-11-10T11:52:27.192-0800][76750824ms] GC(23377)   Other: 0.3ms
[2023-11-10T11:52:27.192-0800][76750824ms] GC(23377) Eden regions: 181->0(181)
[2023-11-10T11:52:27.192-0800][76750824ms] GC(23377) Survivor regions: 1->1(23)
[2023-11-10T11:52:27.192-0800][76750824ms] GC(23377) Old regions: 1432->1432
[2023-11-10T11:52:27.192-0800][76750824ms] GC(23377) Humongous regions: 5->5
[2023-11-10T11:52:27.192-0800][76750824ms] GC(23377) Metaspace: 304986K->304986K(1349632K)
[2023-11-10T11:52:27.192-0800][76750824ms] GC(23377) Pause Young (Normal) (G1 Evacuation Pause) 3235M->2873M(3602M) 5.690ms
[2023-11-10T11:52:27.192-0800][76750824ms] GC(23377) User=0.00s Sys=0.00s Real=0.00s
[2023-11-10T11:52:27.625-0800][76751257ms] GC(23378) Pause Young (Normal) (G1 Evacuation Pause)
[2023-11-10T11:52:27.625-0800][76751257ms] GC(23378) Using 10 workers of 10 for evacuation
[2023-11-10T11:52:27.631-0800][76751263ms] GC(23378)   Pre Evacuate Collection Set: 0.0ms
[2023-11-10T11:52:27.631-0800][76751263ms] GC(23378)   Evacuate Collection Set: 1.6ms
[2023-11-10T11:52:27.631-0800][76751263ms] GC(23378)   Post Evacuate Collection Set: 3.1ms
[2023-11-10T11:52:27.631-0800][76751263ms] GC(23378)   Other: 0.3ms
[2023-11-10T11:52:27.631-0800][76751263ms] GC(23378) Eden regions: 181->0(181)
[2023-11-10T11:52:27.631-0800][76751263ms] GC(23378) Survivor regions: 1->1(23)
[2023-11-10T11:52:27.631-0800][76751263ms] GC(23378) Old regions: 1432->1432
[2023-11-10T11:52:27.631-0800][76751263ms] GC(23378) Humongous regions: 5->5
[2023-11-10T11:52:27.631-0800][76751263ms] GC(23378) Metaspace: 304986K->304986K(1349632K)
[2023-11-10T11:52:27.631-0800][76751263ms] GC(23378) Pause Young (Normal) (G1 Evacuation Pause) 3235M->2873M(3602M) 5.067ms
[2023-11-10T11:52:27.631-0800][76751263ms] GC(23378) User=0.00s Sys=0.00s Real=0.01s
[2023-11-10T11:52:28.100-0800][76751732ms] GC(23379) Pause Young (Normal) (G1 Evacuation Pause)
[2023-11-10T11:52:28.100-0800][76751732ms] GC(23379) Using 10 workers of 10 for evacuation
[2023-11-10T11:52:28.106-0800][76751738ms] GC(23379)   Pre Evacuate Collection Set: 0.0ms
[2023-11-10T11:52:28.106-0800][76751738ms] GC(23379)   Evacuate Collection Set: 1.8ms
[2023-11-10T11:52:28.106-0800][76751738ms] GC(23379)   Post Evacuate Collection Set: 3.3ms
[2023-11-10T11:52:28.106-0800][76751738ms] GC(23379)   Other: 0.3ms
[2023-11-10T11:52:28.106-0800][76751738ms] GC(23379) Eden regions: 181->0(181)
[2023-11-10T11:52:28.106-0800][76751738ms] GC(23379) Survivor regions: 1->1(23)
[2023-11-10T11:52:28.106-0800][76751738ms] GC(23379) Old regions: 1432->1432
[2023-11-10T11:52:28.106-0800][76751738ms] GC(23379) Humongous regions: 5->5
[2023-11-10T11:52:28.106-0800][76751738ms] GC(23379) Metaspace: 304986K->304986K(1349632K)
[2023-11-10T11:52:28.106-0800][76751738ms] GC(23379) Pause Young (Normal) (G1 Evacuation Pause) 3235M->2873M(3602M) 5.599ms
[2023-11-10T11:52:28.106-0800][76751738ms] GC(23379) User=0.00s Sys=0.00s Real=0.01s
[2023-11-10T11:52:28.571-0800][76752203ms] GC(23380) Pause Young (Normal) (G1 Evacuation Pause)
[2023-11-10T11:52:28.571-0800][76752203ms] GC(23380) Using 10 workers of 10 for evacuation
[2023-11-10T11:52:28.576-0800][76752208ms] GC(23380)   Pre Evacuate Collection Set: 0.0ms
[2023-11-10T11:52:28.576-0800][76752208ms] GC(23380)   Evacuate Collection Set: 2.2ms
[2023-11-10T11:52:28.576-0800][76752208ms] GC(23380)   Post Evacuate Collection Set: 3.2ms
[2023-11-10T11:52:28.576-0800][76752208ms] GC(23380)   Other: 0.3ms
[2023-11-10T11:52:28.576-0800][76752208ms] GC(23380) Eden regions: 181->0(181)
[2023-11-10T11:52:28.576-0800][76752208ms] GC(23380) Survivor regions: 1->1(23)
[2023-11-10T11:52:28.576-0800][76752208ms] GC(23380) Old regions: 1432->1432
[2023-11-10T11:52:28.576-0800][76752208ms] GC(23380) Humongous regions: 5->5
[2023-11-10T11:52:28.576-0800][76752208ms] GC(23380) Metaspace: 304986K->304986K(1349632K)
[2023-11-10T11:52:28.576-0800][76752208ms] GC(23380) Pause Young (Normal) (G1 Evacuation Pause) 3235M->2873M(3602M) 5.838ms
[2023-11-10T11:52:28.576-0800][76752208ms] GC(23380) User=0.00s Sys=0.00s Real=0.00s
[2023-11-10T11:52:29.013-0800][76752645ms] GC(23381) Pause Young (Normal) (G1 Evacuation Pause)
[2023-11-10T11:52:29.013-0800][76752645ms] GC(23381) Using 10 workers of 10 for evacuation
[2023-11-10T11:52:29.017-0800][76752649ms] GC(23381)   Pre Evacuate Collection Set: 0.0ms
[2023-11-10T11:52:29.017-0800][76752649ms] GC(23381)   Evacuate Collection Set: 1.6ms
[2023-11-10T11:52:29.017-0800][76752649ms] GC(23381)   Post Evacuate Collection Set: 3.0ms
[2023-11-10T11:52:29.017-0800][76752649ms] GC(23381)   Other: 0.3ms
[2023-11-10T11:52:29.017-0800][76752649ms] GC(23381) Eden regions: 181->0(181)
[2023-11-10T11:52:29.017-0800][76752649ms] GC(23381) Survivor regions: 1->1(23)
[2023-11-10T11:52:29.017-0800][76752649ms] GC(23381) Old regions: 1432->1432
[2023-11-10T11:52:29.017-0800][76752649ms] GC(23381) Humongous regions: 5->5
[2023-11-10T11:52:29.017-0800][76752649ms] GC(23381) Metaspace: 304986K->304986K(1349632K)
[2023-11-10T11:52:29.017-0800][76752649ms] GC(23381) Pause Young (Normal) (G1 Evacuation Pause) 3235M->2873M(3602M) 4.990ms
[2023-11-10T11:52:29.017-0800][76752649ms] GC(23381) User=0.00s Sys=0.00s Real=0.00s
[2023-11-10T11:52:29.471-0800][76753103ms] GC(23382) Pause Young (Normal) (G1 Evacuation Pause)
[2023-11-10T11:52:29.471-0800][76753103ms] GC(23382) Using 10 workers of 10 for evacuation
[2023-11-10T11:52:29.478-0800][76753110ms] GC(23382)   Pre Evacuate Collection Set: 0.0ms
[2023-11-10T11:52:29.478-0800][76753110ms] GC(23382)   Evacuate Collection Set: 1.9ms
[2023-11-10T11:52:29.478-0800][76753110ms] GC(23382)   Post Evacuate Collection Set: 5.0ms
[2023-11-10T11:52:29.478-0800][76753110ms] GC(23382)   Other: 0.3ms
[2023-11-10T11:52:29.478-0800][76753110ms] GC(23382) Eden regions: 181->0(181)
[2023-11-10T11:52:29.478-0800][76753110ms] GC(23382) Survivor regions: 1->1(23)
[2023-11-10T11:52:29.478-0800][76753110ms] GC(23382) Old regions: 1432->1432
[2023-11-10T11:52:29.478-0800][76753110ms] GC(23382) Humongous regions: 5->5
[2023-11-10T11:52:29.478-0800][76753110ms] GC(23382) Metaspace: 304986K->304986K(1349632K)
[2023-11-10T11:52:29.478-0800][76753110ms] GC(23382) Pause Young (Normal) (G1 Evacuation Pause) 3235M->2873M(3602M) 7.422ms
[2023-11-10T11:52:29.478-0800][76753110ms] GC(23382) User=0.02s Sys=0.00s Real=0.01s
[2023-11-10T11:52:29.918-0800][76753550ms] GC(23383) Pause Young (Normal) (G1 Evacuation Pause)
[2023-11-10T11:52:29.918-0800][76753550ms] GC(23383) Using 10 workers of 10 for evacuation
[2023-11-10T11:52:29.924-0800][76753556ms] GC(23383)   Pre Evacuate Collection Set: 0.0ms
[2023-11-10T11:52:29.924-0800][76753556ms] GC(23383)   Evacuate Collection Set: 2.0ms
[2023-11-10T11:52:29.924-0800][76753556ms] GC(23383)   Post Evacuate Collection Set: 3.4ms
[2023-11-10T11:52:29.924-0800][76753556ms] GC(23383)   Other: 0.3ms
[2023-11-10T11:52:29.924-0800][76753556ms] GC(23383) Eden regions: 181->0(181)
[2023-11-10T11:52:29.924-0800][76753556ms] GC(23383) Survivor regions: 1->1(23)
[2023-11-10T11:52:29.924-0800][76753556ms] GC(23383) Old regions: 1432->1432
[2023-11-10T11:52:29.924-0800][76753556ms] GC(23383) Humongous regions: 5->5
[2023-11-10T11:52:29.924-0800][76753556ms] GC(23383) Metaspace: 304986K->304986K(1349632K)
[2023-11-10T11:52:29.924-0800][76753556ms] GC(23383) Pause Young (Normal) (G1 Evacuation Pause) 3235M->2873M(3602M) 5.910ms
[2023-11-10T11:52:29.924-0800][76753556ms] GC(23383) User=0.00s Sys=0.00s Real=0.01s
[2023-11-10T11:52:30.390-0800][76754022ms] GC(23384) Pause Young (Normal) (G1 Evacuation Pause)
[2023-11-10T11:52:30.390-0800][76754022ms] GC(23384) Using 10 workers of 10 for evacuation
[2023-11-10T11:52:30.397-0800][76754029ms] GC(23384)   Pre Evacuate Collection Set: 0.1ms
[2023-11-10T11:52:30.397-0800][76754029ms] GC(23384)   Evacuate Collection Set: 1.9ms
[2023-11-10T11:52:30.397-0800][76754029ms] GC(23384)   Post Evacuate Collection Set: 4.5ms
[2023-11-10T11:52:30.397-0800][76754029ms] GC(23384)   Other: 0.3ms
[2023-11-10T11:52:30.397-0800][76754029ms] GC(23384) Eden regions: 181->0(181)
[2023-11-10T11:52:30.397-0800][76754029ms] GC(23384) Survivor regions: 1->1(23)
[2023-11-10T11:52:30.397-0800][76754029ms] GC(23384) Old regions: 1432->1432
[2023-11-10T11:52:30.397-0800][76754029ms] GC(23384) Humongous regions: 5->5
[2023-11-10T11:52:30.397-0800][76754029ms] GC(23384) Metaspace: 304986K->304986K(1349632K)
[2023-11-10T11:52:30.397-0800][76754029ms] GC(23384) Pause Young (Normal) (G1 Evacuation Pause) 3235M->2873M(3602M) 6.784ms
[2023-11-10T11:52:30.397-0800][76754029ms] GC(23384) User=0.00s Sys=0.00s Real=0.01s
[2023-11-10T11:52:30.894-0800][76754526ms] GC(23385) Pause Young (Normal) (G1 Evacuation Pause)
[2023-11-10T11:52:30.894-0800][76754526ms] GC(23385) Using 10 workers of 10 for evacuation
[2023-11-10T11:52:30.902-0800][76754534ms] GC(23385)   Pre Evacuate Collection Set: 0.1ms
[2023-11-10T11:52:30.902-0800][76754534ms] GC(23385)   Evacuate Collection Set: 1.9ms
[2023-11-10T11:52:30.902-0800][76754534ms] GC(23385)   Post Evacuate Collection Set: 5.3ms
[2023-11-10T11:52:30.902-0800][76754534ms] GC(23385)   Other: 0.4ms
[2023-11-10T11:52:30.902-0800][76754534ms] GC(23385) Eden regions: 181->0(181)
[2023-11-10T11:52:30.902-0800][76754534ms] GC(23385) Survivor regions: 1->1(23)
[2023-11-10T11:52:30.902-0800][76754534ms] GC(23385) Old regions: 1432->1432
[2023-11-10T11:52:30.902-0800][76754534ms] GC(23385) Humongous regions: 5->5
[2023-11-10T11:52:30.902-0800][76754534ms] GC(23385) Metaspace: 304986K->304986K(1349632K)
[2023-11-10T11:52:30.902-0800][76754534ms] GC(23385) Pause Young (Normal) (G1 Evacuation Pause) 3235M->2873M(3602M) 7.853ms
[2023-11-10T11:52:30.902-0800][76754534ms] GC(23385) User=0.02s Sys=0.00s Real=0.01s
[2023-11-10T11:52:31.388-0800][76755020ms] GC(23386) Pause Young (Normal) (G1 Evacuation Pause)
[2023-11-10T11:52:31.388-0800][76755020ms] GC(23386) Using 10 workers of 10 for evacuation
[2023-11-10T11:52:31.394-0800][76755026ms] GC(23386)   Pre Evacuate Collection Set: 0.0ms
[2023-11-10T11:52:31.394-0800][76755026ms] GC(23386)   Evacuate Collection Set: 1.6ms
[2023-11-10T11:52:31.394-0800][76755026ms] GC(23386)   Post Evacuate Collection Set: 3.9ms
[2023-11-10T11:52:31.394-0800][76755026ms] GC(23386)   Other: 0.3ms
[2023-11-10T11:52:31.394-0800][76755026ms] GC(23386) Eden regions: 181->0(181)
[2023-11-10T11:52:31.394-0800][76755026ms] GC(23386) Survivor regions: 1->1(23)
[2023-11-10T11:52:31.394-0800][76755026ms] GC(23386) Old regions: 1432->1432
[2023-11-10T11:52:31.394-0800][76755026ms] GC(23386) Humongous regions: 5->5
[2023-11-10T11:52:31.394-0800][76755026ms] GC(23386) Metaspace: 304986K->304986K(1349632K)
[2023-11-10T11:52:31.394-0800][76755026ms] GC(23386) Pause Young (Normal) (G1 Evacuation Pause) 3235M->2873M(3602M) 5.907ms
[2023-11-10T11:52:31.394-0800][76755026ms] GC(23386) User=0.00s Sys=0.00s Real=0.01s
[2023-11-10T11:52:31.951-0800][76755583ms] GC(23387) Pause Young (Normal) (G1 Evacuation Pause)
[2023-11-10T11:52:31.951-0800][76755583ms] GC(23387) Using 10 workers of 10 for evacuation
[2023-11-10T11:52:31.955-0800][76755587ms] GC(23387)   Pre Evacuate Collection Set: 0.0ms
[2023-11-10T11:52:31.955-0800][76755587ms] GC(23387)   Evacuate Collection Set: 1.6ms
[2023-11-10T11:52:31.955-0800][76755587ms] GC(23387)   Post Evacuate Collection Set: 3.1ms
[2023-11-10T11:52:31.955-0800][76755587ms] GC(23387)   Other: 0.2ms
[2023-11-10T11:52:31.955-0800][76755587ms] GC(23387) Eden regions: 181->0(181)
[2023-11-10T11:52:31.955-0800][76755587ms] GC(23387) Survivor regions: 1->1(23)
[2023-11-10T11:52:31.955-0800][76755587ms] GC(23387) Old regions: 1432->1432
[2023-11-10T11:52:31.955-0800][76755587ms] GC(23387) Humongous regions: 5->5
[2023-11-10T11:52:31.955-0800][76755587ms] GC(23387) Metaspace: 304986K->304986K(1349632K)
[2023-11-10T11:52:31.955-0800][76755587ms] GC(23387) Pause Young (Normal) (G1 Evacuation Pause) 3235M->2873M(3602M) 5.124ms
[2023-11-10T11:52:31.955-0800][76755587ms] GC(23387) User=0.00s Sys=0.00s Real=0.00s
[2023-11-10T11:52:32.440-0800][76756072ms] GC(23388) Pause Young (Normal) (G1 Evacuation Pause)
[2023-11-10T11:52:32.440-0800][76756072ms] GC(23388) Using 10 workers of 10 for evacuation
[2023-11-10T11:52:32.447-0800][76756079ms] GC(23388)   Pre Evacuate Collection Set: 0.1ms
[2023-11-10T11:52:32.447-0800][76756079ms] GC(23388)   Evacuate Collection Set: 2.3ms
[2023-11-10T11:52:32.447-0800][76756079ms] GC(23388)   Post Evacuate Collection Set: 3.6ms
[2023-11-10T11:52:32.447-0800][76756079ms] GC(23388)   Other: 0.3ms
[2023-11-10T11:52:32.447-0800][76756079ms] GC(23388) Eden regions: 181->0(181)
[2023-11-10T11:52:32.447-0800][76756079ms] GC(23388) Survivor regions: 1->1(23)
[2023-11-10T11:52:32.447-0800][76756079ms] GC(23388) Old regions: 1432->1432
[2023-11-10T11:52:32.447-0800][76756079ms] GC(23388) Humongous regions: 5->5
[2023-11-10T11:52:32.447-0800][76756079ms] GC(23388) Metaspace: 304986K->304986K(1349632K)
[2023-11-10T11:52:32.447-0800][76756079ms] GC(23388) Pause Young (Normal) (G1 Evacuation Pause) 3235M->2873M(3602M) 6.361ms
[2023-11-10T11:52:32.447-0800][76756079ms] GC(23388) User=0.00s Sys=0.00s Real=0.01s
[2023-11-10T11:52:32.877-0800][76756509ms] GC(23389) Pause Young (Normal) (G1 Evacuation Pause)
[2023-11-10T11:52:32.877-0800][76756509ms] GC(23389) Using 10 workers of 10 for evacuation
[2023-11-10T11:52:32.882-0800][76756514ms] GC(23389)   Pre Evacuate Collection Set: 0.0ms
[2023-11-10T11:52:32.882-0800][76756514ms] GC(23389)   Evacuate Collection Set: 1.7ms
[2023-11-10T11:52:32.882-0800][76756514ms] GC(23389)   Post Evacuate Collection Set: 3.2ms
[2023-11-10T11:52:32.882-0800][76756514ms] GC(23389)   Other: 0.2ms
[2023-11-10T11:52:32.882-0800][76756514ms] GC(23389) Eden regions: 181->0(181)
[2023-11-10T11:52:32.882-0800][76756514ms] GC(23389) Survivor regions: 1->1(23)
[2023-11-10T11:52:32.882-0800][76756514ms] GC(23389) Old regions: 1432->1432
[2023-11-10T11:52:32.882-0800][76756514ms] GC(23389) Humongous regions: 5->5
[2023-11-10T11:52:32.882-0800][76756514ms] GC(23389) Metaspace: 304986K->304986K(1349632K)
[2023-11-10T11:52:32.882-0800][76756514ms] GC(23389) Pause Young (Normal) (G1 Evacuation Pause) 3235M->2873M(3602M) 5.248ms
[2023-11-10T11:52:32.883-0800][76756515ms] GC(23389) User=0.00s Sys=0.00s Real=0.01s
[2023-11-10T11:52:33.318-0800][76756950ms] GC(23390) Pause Young (Normal) (G1 Evacuation Pause)
[2023-11-10T11:52:33.318-0800][76756950ms] GC(23390) Using 10 workers of 10 for evacuation
[2023-11-10T11:52:33.324-0800][76756956ms] GC(23390)   Pre Evacuate Collection Set: 0.0ms
[2023-11-10T11:52:33.325-0800][76756957ms] GC(23390)   Evacuate Collection Set: 1.7ms
[2023-11-10T11:52:33.325-0800][76756957ms] GC(23390)   Post Evacuate Collection Set: 4.4ms
[2023-11-10T11:52:33.325-0800][76756957ms] GC(23390)   Other: 0.3ms
[2023-11-10T11:52:33.325-0800][76756957ms] GC(23390) Eden regions: 181->0(181)
[2023-11-10T11:52:33.325-0800][76756957ms] GC(23390) Survivor regions: 1->1(23)
[2023-11-10T11:52:33.325-0800][76756957ms] GC(23390) Old regions: 1432->1432
[2023-11-10T11:52:33.325-0800][76756957ms] GC(23390) Humongous regions: 5->5
[2023-11-10T11:52:33.325-0800][76756957ms] GC(23390) Metaspace: 304986K->304986K(1349632K)
[2023-11-10T11:52:33.325-0800][76756957ms] GC(23390) Pause Young (Normal) (G1 Evacuation Pause) 3235M->2873M(3602M) 6.593ms
[2023-11-10T11:52:33.325-0800][76756957ms] GC(23390) User=0.14s Sys=0.00s Real=0.01s
[2023-11-10T11:52:33.804-0800][76757436ms] GC(23391) Pause Young (Normal) (G1 Evacuation Pause)
[2023-11-10T11:52:33.804-0800][76757436ms] GC(23391) Using 10 workers of 10 for evacuation
[2023-11-10T11:52:33.809-0800][76757441ms] GC(23391)   Pre Evacuate Collection Set: 0.1ms
[2023-11-10T11:52:33.809-0800][76757441ms] GC(23391)   Evacuate Collection Set: 1.9ms
[2023-11-10T11:52:33.809-0800][76757441ms] GC(23391)   Post Evacuate Collection Set: 3.2ms
[2023-11-10T11:52:33.809-0800][76757441ms] GC(23391)   Other: 0.3ms
[2023-11-10T11:52:33.809-0800][76757441ms] GC(23391) Eden regions: 181->0(181)
[2023-11-10T11:52:33.809-0800][76757441ms] GC(23391) Survivor regions: 1->1(23)
[2023-11-10T11:52:33.809-0800][76757441ms] GC(23391) Old regions: 1432->1432
[2023-11-10T11:52:33.809-0800][76757441ms] GC(23391) Humongous regions: 5->5
[2023-11-10T11:52:33.809-0800][76757441ms] GC(23391) Metaspace: 304986K->304986K(1349632K)
[2023-11-10T11:52:33.809-0800][76757441ms] GC(23391) Pause Young (Normal) (G1 Evacuation Pause) 3235M->2873M(3602M) 5.579ms
[2023-11-10T11:52:33.809-0800][76757441ms] GC(23391) User=0.00s Sys=0.00s Real=0.01s
[2023-11-10T11:52:34.223-0800][76757855ms] GC(23392) Pause Young (Normal) (G1 Evacuation Pause)
[2023-11-10T11:52:34.223-0800][76757855ms] GC(23392) Using 10 workers of 10 for evacuation
[2023-11-10T11:52:34.227-0800][76757859ms] GC(23392)   Pre Evacuate Collection Set: 0.0ms
[2023-11-10T11:52:34.227-0800][76757859ms] GC(23392)   Evacuate Collection Set: 1.8ms
[2023-11-10T11:52:34.227-0800][76757859ms] GC(23392)   Post Evacuate Collection Set: 3.1ms
[2023-11-10T11:52:34.227-0800][76757859ms] GC(23392)   Other: 0.3ms
[2023-11-10T11:52:34.227-0800][76757859ms] GC(23392) Eden regions: 181->0(181)
[2023-11-10T11:52:34.227-0800][76757859ms] GC(23392) Survivor regions: 1->1(23)
[2023-11-10T11:52:34.227-0800][76757859ms] GC(23392) Old regions: 1432->1432
[2023-11-10T11:52:34.227-0800][76757859ms] GC(23392) Humongous regions: 5->5
[2023-11-10T11:52:34.227-0800][76757859ms] GC(23392) Metaspace: 304986K->304986K(1349632K)
[2023-11-10T11:52:34.227-0800][76757859ms] GC(23392) Pause Young (Normal) (G1 Evacuation Pause) 3235M->2873M(3602M) 5.388ms
[2023-11-10T11:52:34.228-0800][76757860ms] GC(23392) User=0.02s Sys=0.00s Real=0.00s
[2023-11-10T11:52:34.672-0800][76758304ms] GC(23393) Pause Young (Normal) (G1 Evacuation Pause)
[2023-11-10T11:52:34.672-0800][76758304ms] GC(23393) Using 10 workers of 10 for evacuation
[2023-11-10T11:52:34.679-0800][76758311ms] GC(23393)   Pre Evacuate Collection Set: 0.1ms
[2023-11-10T11:52:34.679-0800][76758311ms] GC(23393)   Evacuate Collection Set: 1.8ms
[2023-11-10T11:52:34.679-0800][76758311ms] GC(23393)   Post Evacuate Collection Set: 4.4ms
[2023-11-10T11:52:34.679-0800][76758311ms] GC(23393)   Other: 0.4ms
[2023-11-10T11:52:34.679-0800][76758311ms] GC(23393) Eden regions: 181->0(181)
[2023-11-10T11:52:34.679-0800][76758311ms] GC(23393) Survivor regions: 1->1(23)
[2023-11-10T11:52:34.679-0800][76758311ms] GC(23393) Old regions: 1432->1432
[2023-11-10T11:52:34.679-0800][76758311ms] GC(23393) Humongous regions: 5->5
[2023-11-10T11:52:34.679-0800][76758311ms] GC(23393) Metaspace: 304986K->304986K(1349632K)
[2023-11-10T11:52:34.679-0800][76758311ms] GC(23393) Pause Young (Normal) (G1 Evacuation Pause) 3235M->2873M(3602M) 6.840ms
[2023-11-10T11:52:34.679-0800][76758311ms] GC(23393) User=0.02s Sys=0.00s Real=0.01s
[2023-11-10T11:52:35.088-0800][76758720ms] GC(23394) Pause Young (Normal) (G1 Evacuation Pause)
[2023-11-10T11:52:35.088-0800][76758720ms] GC(23394) Using 10 workers of 10 for evacuation
[2023-11-10T11:52:35.093-0800][76758725ms] GC(23394)   Pre Evacuate Collection Set: 0.0ms
[2023-11-10T11:52:35.093-0800][76758725ms] GC(23394)   Evacuate Collection Set: 1.7ms
[2023-11-10T11:52:35.093-0800][76758725ms] GC(23394)   Post Evacuate Collection Set: 3.4ms
[2023-11-10T11:52:35.093-0800][76758725ms] GC(23394)   Other: 0.3ms
[2023-11-10T11:52:35.093-0800][76758725ms] GC(23394) Eden regions: 181->0(181)
[2023-11-10T11:52:35.093-0800][76758725ms] GC(23394) Survivor regions: 1->1(23)
[2023-11-10T11:52:35.093-0800][76758725ms] GC(23394) Old regions: 1432->1432
[2023-11-10T11:52:35.093-0800][76758725ms] GC(23394) Humongous regions: 5->5
[2023-11-10T11:52:35.093-0800][76758725ms] GC(23394) Metaspace: 304986K->304986K(1349632K)
[2023-11-10T11:52:35.093-0800][76758725ms] GC(23394) Pause Young (Normal) (G1 Evacuation Pause) 3235M->2873M(3602M) 5.507ms
[2023-11-10T11:52:35.093-0800][76758725ms] GC(23394) User=0.00s Sys=0.00s Real=0.00s
[2023-11-10T11:52:35.534-0800][76759166ms] GC(23395) Pause Young (Normal) (G1 Evacuation Pause)
[2023-11-10T11:52:35.534-0800][76759166ms] GC(23395) Using 10 workers of 10 for evacuation
[2023-11-10T11:52:35.539-0800][76759171ms] GC(23395)   Pre Evacuate Collection Set: 0.0ms
[2023-11-10T11:52:35.539-0800][76759171ms] GC(23395)   Evacuate Collection Set: 1.6ms
[2023-11-10T11:52:35.539-0800][76759171ms] GC(23395)   Post Evacuate Collection Set: 3.2ms
[2023-11-10T11:52:35.539-0800][76759171ms] GC(23395)   Other: 0.3ms
[2023-11-10T11:52:35.539-0800][76759171ms] GC(23395) Eden regions: 181->0(181)
[2023-11-10T11:52:35.539-0800][76759171ms] GC(23395) Survivor regions: 1->1(23)
[2023-11-10T11:52:35.539-0800][76759171ms] GC(23395) Old regions: 1432->1432
[2023-11-10T11:52:35.539-0800][76759171ms] GC(23395) Humongous regions: 5->5
[2023-11-10T11:52:35.539-0800][76759171ms] GC(23395) Metaspace: 304986K->304986K(1349632K)
[2023-11-10T11:52:35.539-0800][76759171ms] GC(23395) Pause Young (Normal) (G1 Evacuation Pause) 3235M->2873M(3602M) 5.180ms
[2023-11-10T11:52:35.539-0800][76759171ms] GC(23395) User=0.00s Sys=0.00s Real=0.01s
[2023-11-10T11:52:35.998-0800][76759630ms] GC(23396) Pause Young (Normal) (G1 Evacuation Pause)
[2023-11-10T11:52:35.998-0800][76759630ms] GC(23396) Using 10 workers of 10 for evacuation
[2023-11-10T11:52:36.004-0800][76759636ms] GC(23396)   Pre Evacuate Collection Set: 0.1ms
[2023-11-10T11:52:36.004-0800][76759636ms] GC(23396)   Evacuate Collection Set: 2.0ms
[2023-11-10T11:52:36.004-0800][76759636ms] GC(23396)   Post Evacuate Collection Set: 3.4ms
[2023-11-10T11:52:36.004-0800][76759636ms] GC(23396)   Other: 0.3ms
[2023-11-10T11:52:36.004-0800][76759636ms] GC(23396) Eden regions: 181->0(181)
[2023-11-10T11:52:36.004-0800][76759636ms] GC(23396) Survivor regions: 1->1(23)
[2023-11-10T11:52:36.004-0800][76759636ms] GC(23396) Old regions: 1432->1432
[2023-11-10T11:52:36.004-0800][76759636ms] GC(23396) Humongous regions: 5->5
[2023-11-10T11:52:36.004-0800][76759636ms] GC(23396) Metaspace: 304986K->304986K(1349632K)
[2023-11-10T11:52:36.004-0800][76759636ms] GC(23396) Pause Young (Normal) (G1 Evacuation Pause) 3235M->2873M(3602M) 5.846ms
[2023-11-10T11:52:36.004-0800][76759636ms] GC(23396) User=0.00s Sys=0.00s Real=0.01s
[2023-11-10T11:52:36.437-0800][76760069ms] GC(23397) Pause Young (Normal) (G1 Evacuation Pause)
[2023-11-10T11:52:36.437-0800][76760069ms] GC(23397) Using 10 workers of 10 for evacuation
[2023-11-10T11:52:36.448-0800][76760080ms] GC(23397)   Pre Evacuate Collection Set: 0.0ms
[2023-11-10T11:52:36.448-0800][76760080ms] GC(23397)   Evacuate Collection Set: 1.7ms
[2023-11-10T11:52:36.448-0800][76760080ms] GC(23397)   Post Evacuate Collection Set: 9.1ms
[2023-11-10T11:52:36.448-0800][76760080ms] GC(23397)   Other: 0.3ms
[2023-11-10T11:52:36.448-0800][76760080ms] GC(23397) Eden regions: 181->0(181)
[2023-11-10T11:52:36.448-0800][76760080ms] GC(23397) Survivor regions: 1->1(23)
[2023-11-10T11:52:36.448-0800][76760080ms] GC(23397) Old regions: 1432->1432
[2023-11-10T11:52:36.448-0800][76760080ms] GC(23397) Humongous regions: 5->5
[2023-11-10T11:52:36.448-0800][76760080ms] GC(23397) Metaspace: 304986K->304986K(1349632K)
[2023-11-10T11:52:36.448-0800][76760080ms] GC(23397) Pause Young (Normal) (G1 Evacuation Pause) 3235M->2873M(3602M) 11.215ms
[2023-11-10T11:52:36.448-0800][76760080ms] GC(23397) User=0.00s Sys=0.00s Real=0.01s
[2023-11-10T11:52:36.845-0800][76760477ms] GC(23398) Pause Young (Normal) (G1 Evacuation Pause)
[2023-11-10T11:52:36.845-0800][76760477ms] GC(23398) Using 10 workers of 10 for evacuation
[2023-11-10T11:52:36.850-0800][76760482ms] GC(23398)   Pre Evacuate Collection Set: 0.0ms
[2023-11-10T11:52:36.850-0800][76760482ms] GC(23398)   Evacuate Collection Set: 1.9ms
[2023-11-10T11:52:36.850-0800][76760482ms] GC(23398)   Post Evacuate Collection Set: 3.2ms
[2023-11-10T11:52:36.850-0800][76760482ms] GC(23398)   Other: 0.3ms
[2023-11-10T11:52:36.850-0800][76760482ms] GC(23398) Eden regions: 181->0(181)
[2023-11-10T11:52:36.850-0800][76760482ms] GC(23398) Survivor regions: 1->1(23)
[2023-11-10T11:52:36.850-0800][76760482ms] GC(23398) Old regions: 1432->1432
[2023-11-10T11:52:36.850-0800][76760482ms] GC(23398) Humongous regions: 5->5
[2023-11-10T11:52:36.850-0800][76760482ms] GC(23398) Metaspace: 304986K->304986K(1349632K)
[2023-11-10T11:52:36.850-0800][76760482ms] GC(23398) Pause Young (Normal) (G1 Evacuation Pause) 3235M->2873M(3602M) 5.488ms
[2023-11-10T11:52:36.850-0800][76760482ms] GC(23398) User=0.00s Sys=0.00s Real=0.00s
[2023-11-10T11:52:37.236-0800][76760868ms] GC(23399) Pause Young (Normal) (G1 Evacuation Pause)
[2023-11-10T11:52:37.236-0800][76760868ms] GC(23399) Using 10 workers of 10 for evacuation
[2023-11-10T11:52:37.241-0800][76760873ms] GC(23399)   Pre Evacuate Collection Set: 0.0ms
[2023-11-10T11:52:37.241-0800][76760873ms] GC(23399)   Evacuate Collection Set: 1.7ms
[2023-11-10T11:52:37.241-0800][76760873ms] GC(23399)   Post Evacuate Collection Set: 3.2ms
[2023-11-10T11:52:37.241-0800][76760873ms] GC(23399)   Other: 0.3ms
[2023-11-10T11:52:37.241-0800][76760873ms] GC(23399) Eden regions: 181->0(181)
[2023-11-10T11:52:37.241-0800][76760873ms] GC(23399) Survivor regions: 1->1(23)
[2023-11-10T11:52:37.241-0800][76760873ms] GC(23399) Old regions: 1432->1432
[2023-11-10T11:52:37.241-0800][76760873ms] GC(23399) Humongous regions: 5->5
[2023-11-10T11:52:37.241-0800][76760873ms] GC(23399) Metaspace: 304986K->304986K(1349632K)
[2023-11-10T11:52:37.241-0800][76760873ms] GC(23399) Pause Young (Normal) (G1 Evacuation Pause) 3235M->2873M(3602M) 5.377ms
[2023-11-10T11:52:37.241-0800][76760873ms] GC(23399) User=0.00s Sys=0.00s Real=0.00s
[2023-11-10T11:52:37.737-0800][76761369ms] GC(23400) Pause Young (Normal) (G1 Evacuation Pause)
[2023-11-10T11:52:37.737-0800][76761369ms] GC(23400) Using 10 workers of 10 for evacuation
[2023-11-10T11:52:37.742-0800][76761374ms] GC(23400)   Pre Evacuate Collection Set: 0.1ms
[2023-11-10T11:52:37.742-0800][76761374ms] GC(23400)   Evacuate Collection Set: 1.5ms
[2023-11-10T11:52:37.742-0800][76761374ms] GC(23400)   Post Evacuate Collection Set: 3.1ms
[2023-11-10T11:52:37.742-0800][76761374ms] GC(23400)   Other: 0.3ms
[2023-11-10T11:52:37.742-0800][76761374ms] GC(23400) Eden regions: 181->0(181)
[2023-11-10T11:52:37.742-0800][76761374ms] GC(23400) Survivor regions: 1->1(23)
[2023-11-10T11:52:37.742-0800][76761374ms] GC(23400) Old regions: 1432->1432
[2023-11-10T11:52:37.742-0800][76761374ms] GC(23400) Humongous regions: 5->5
[2023-11-10T11:52:37.742-0800][76761374ms] GC(23400) Metaspace: 304986K->304986K(1349632K)
[2023-11-10T11:52:37.742-0800][76761374ms] GC(23400) Pause Young (Normal) (G1 Evacuation Pause) 3235M->2873M(3602M) 5.103ms
[2023-11-10T11:52:37.742-0800][76761374ms] GC(23400) User=0.00s Sys=0.00s Real=0.01s
[2023-11-10T11:52:38.191-0800][76761823ms] GC(23401) Pause Young (Normal) (G1 Evacuation Pause)
[2023-11-10T11:52:38.191-0800][76761823ms] GC(23401) Using 10 workers of 10 for evacuation
[2023-11-10T11:52:38.198-0800][76761830ms] GC(23401)   Pre Evacuate Collection Set: 0.0ms
[2023-11-10T11:52:38.198-0800][76761830ms] GC(23401)   Evacuate Collection Set: 2.2ms
[2023-11-10T11:52:38.198-0800][76761830ms] GC(23401)   Post Evacuate Collection Set: 3.6ms
[2023-11-10T11:52:38.198-0800][76761830ms] GC(23401)   Other: 0.3ms
[2023-11-10T11:52:38.198-0800][76761830ms] GC(23401) Eden regions: 181->0(181)
[2023-11-10T11:52:38.198-0800][76761830ms] GC(23401) Survivor regions: 1->1(23)
[2023-11-10T11:52:38.198-0800][76761830ms] GC(23401) Old regions: 1432->1432
[2023-11-10T11:52:38.198-0800][76761830ms] GC(23401) Humongous regions: 5->5
[2023-11-10T11:52:38.198-0800][76761830ms] GC(23401) Metaspace: 304986K->304986K(1349632K)
[2023-11-10T11:52:38.198-0800][76761830ms] GC(23401) Pause Young (Normal) (G1 Evacuation Pause) 3235M->2873M(3602M) 6.351ms
[2023-11-10T11:52:38.198-0800][76761830ms] GC(23401) User=0.00s Sys=0.00s Real=0.01s
[2023-11-10T11:52:38.624-0800][76762256ms] GC(23402) Pause Young (Normal) (G1 Evacuation Pause)
[2023-11-10T11:52:38.624-0800][76762256ms] GC(23402) Using 10 workers of 10 for evacuation
[2023-11-10T11:52:38.631-0800][76762263ms] GC(23402)   Pre Evacuate Collection Set: 0.1ms
[2023-11-10T11:52:38.631-0800][76762263ms] GC(23402)   Evacuate Collection Set: 2.3ms
[2023-11-10T11:52:38.631-0800][76762263ms] GC(23402)   Post Evacuate Collection Set: 3.4ms
[2023-11-10T11:52:38.631-0800][76762263ms] GC(23402)   Other: 0.4ms
[2023-11-10T11:52:38.631-0800][76762263ms] GC(23402) Eden regions: 181->0(181)
[2023-11-10T11:52:38.631-0800][76762263ms] GC(23402) Survivor regions: 1->1(23)
[2023-11-10T11:52:38.631-0800][76762263ms] GC(23402) Old regions: 1432->1432
[2023-11-10T11:52:38.631-0800][76762263ms] GC(23402) Humongous regions: 5->5
[2023-11-10T11:52:38.631-0800][76762263ms] GC(23402) Metaspace: 304986K->304986K(1349632K)
[2023-11-10T11:52:38.631-0800][76762263ms] GC(23402) Pause Young (Normal) (G1 Evacuation Pause) 3235M->2874M(3602M) 6.373ms
[2023-11-10T11:52:38.631-0800][76762263ms] GC(23402) User=0.00s Sys=0.00s Real=0.01s
[2023-11-10T11:52:39.088-0800][76762720ms] GC(23403) Pause Young (Normal) (G1 Evacuation Pause)
[2023-11-10T11:52:39.088-0800][76762720ms] GC(23403) Using 10 workers of 10 for evacuation
[2023-11-10T11:52:39.093-0800][76762725ms] GC(23403)   Pre Evacuate Collection Set: 0.0ms
[2023-11-10T11:52:39.093-0800][76762725ms] GC(23403)   Evacuate Collection Set: 1.6ms
[2023-11-10T11:52:39.093-0800][76762725ms] GC(23403)   Post Evacuate Collection Set: 3.1ms
[2023-11-10T11:52:39.093-0800][76762725ms] GC(23403)   Other: 0.3ms
[2023-11-10T11:52:39.093-0800][76762725ms] GC(23403) Eden regions: 181->0(181)
[2023-11-10T11:52:39.093-0800][76762725ms] GC(23403) Survivor regions: 1->1(23)
[2023-11-10T11:52:39.093-0800][76762725ms] GC(23403) Old regions: 1432->1432
[2023-11-10T11:52:39.093-0800][76762725ms] GC(23403) Humongous regions: 5->5
[2023-11-10T11:52:39.093-0800][76762725ms] GC(23403) Metaspace: 304986K->304986K(1349632K)
[2023-11-10T11:52:39.093-0800][76762725ms] GC(23403) Pause Young (Normal) (G1 Evacuation Pause) 3236M->2873M(3602M) 5.162ms
[2023-11-10T11:52:39.094-0800][76762726ms] GC(23403) User=0.00s Sys=0.00s Real=0.01s
[2023-11-10T11:52:39.507-0800][76763139ms] GC(23404) Pause Young (Normal) (G1 Evacuation Pause)
[2023-11-10T11:52:39.507-0800][76763139ms] GC(23404) Using 10 workers of 10 for evacuation
[2023-11-10T11:52:39.513-0800][76763145ms] GC(23404)   Pre Evacuate Collection Set: 0.0ms
[2023-11-10T11:52:39.513-0800][76763145ms] GC(23404)   Evacuate Collection Set: 2.2ms
[2023-11-10T11:52:39.513-0800][76763145ms] GC(23404)   Post Evacuate Collection Set: 3.6ms
[2023-11-10T11:52:39.514-0800][76763146ms] GC(23404)   Other: 0.3ms
[2023-11-10T11:52:39.514-0800][76763146ms] GC(23404) Eden regions: 181->0(181)
[2023-11-10T11:52:39.514-0800][76763146ms] GC(23404) Survivor regions: 1->1(23)
[2023-11-10T11:52:39.514-0800][76763146ms] GC(23404) Old regions: 1432->1432
[2023-11-10T11:52:39.514-0800][76763146ms] GC(23404) Humongous regions: 5->5
[2023-11-10T11:52:39.514-0800][76763146ms] GC(23404) Metaspace: 304986K->304986K(1349632K)
[2023-11-10T11:52:39.514-0800][76763146ms] GC(23404) Pause Young (Normal) (G1 Evacuation Pause) 3235M->2873M(3602M) 6.269ms
[2023-11-10T11:52:39.514-0800][76763146ms] GC(23404) User=0.00s Sys=0.00s Real=0.01s
[2023-11-10T11:52:40.021-0800][76763653ms] GC(23405) Pause Young (Normal) (G1 Evacuation Pause)
[2023-11-10T11:52:40.021-0800][76763653ms] GC(23405) Using 10 workers of 10 for evacuation
[2023-11-10T11:52:40.028-0800][76763660ms] GC(23405)   Pre Evacuate Collection Set: 0.1ms
[2023-11-10T11:52:40.028-0800][76763660ms] GC(23405)   Evacuate Collection Set: 2.4ms
[2023-11-10T11:52:40.028-0800][76763660ms] GC(23405)   Post Evacuate Collection Set: 4.4ms
[2023-11-10T11:52:40.029-0800][76763661ms] GC(23405)   Other: 0.3ms
[2023-11-10T11:52:40.029-0800][76763661ms] GC(23405) Eden regions: 181->0(181)
[2023-11-10T11:52:40.029-0800][76763661ms] GC(23405) Survivor regions: 1->1(23)
[2023-11-10T11:52:40.029-0800][76763661ms] GC(23405) Old regions: 1432->1432
[2023-11-10T11:52:40.029-0800][76763661ms] GC(23405) Humongous regions: 5->5
[2023-11-10T11:52:40.029-0800][76763661ms] GC(23405) Metaspace: 304986K->304986K(1349632K)
[2023-11-10T11:52:40.029-0800][76763661ms] GC(23405) Pause Young (Normal) (G1 Evacuation Pause) 3235M->2873M(3602M) 7.348ms
[2023-11-10T11:52:40.029-0800][76763661ms] GC(23405) User=0.09s Sys=0.00s Real=0.01s
[2023-11-10T11:52:40.511-0800][76764143ms] GC(23406) Pause Young (Normal) (G1 Evacuation Pause)
[2023-11-10T11:52:40.511-0800][76764143ms] GC(23406) Using 10 workers of 10 for evacuation
[2023-11-10T11:52:40.518-0800][76764150ms] GC(23406)   Pre Evacuate Collection Set: 0.0ms
[2023-11-10T11:52:40.519-0800][76764151ms] GC(23406)   Evacuate Collection Set: 2.1ms
[2023-11-10T11:52:40.519-0800][76764151ms] GC(23406)   Post Evacuate Collection Set: 4.9ms
[2023-11-10T11:52:40.519-0800][76764151ms] GC(23406)   Other: 0.3ms
[2023-11-10T11:52:40.519-0800][76764151ms] GC(23406) Eden regions: 181->0(181)
[2023-11-10T11:52:40.519-0800][76764151ms] GC(23406) Survivor regions: 1->1(23)
[2023-11-10T11:52:40.519-0800][76764151ms] GC(23406) Old regions: 1432->1432
[2023-11-10T11:52:40.519-0800][76764151ms] GC(23406) Humongous regions: 5->5
[2023-11-10T11:52:40.519-0800][76764151ms] GC(23406) Metaspace: 304986K->304986K(1349632K)
[2023-11-10T11:52:40.519-0800][76764151ms] GC(23406) Pause Young (Normal) (G1 Evacuation Pause) 3235M->2873M(3602M) 7.443ms
[2023-11-10T11:52:40.519-0800][76764151ms] GC(23406) User=0.00s Sys=0.00s Real=0.01s
[2023-11-10T11:52:40.995-0800][76764627ms] GC(23407) Pause Young (Normal) (G1 Evacuation Pause)
[2023-11-10T11:52:40.995-0800][76764627ms] GC(23407) Using 10 workers of 10 for evacuation
[2023-11-10T11:52:41.001-0800][76764633ms] GC(23407)   Pre Evacuate Collection Set: 0.1ms
[2023-11-10T11:52:41.001-0800][76764633ms] GC(23407)   Evacuate Collection Set: 2.4ms
[2023-11-10T11:52:41.001-0800][76764633ms] GC(23407)   Post Evacuate Collection Set: 3.7ms
[2023-11-10T11:52:41.001-0800][76764633ms] GC(23407)   Other: 0.4ms
[2023-11-10T11:52:41.001-0800][76764633ms] GC(23407) Eden regions: 181->0(181)
[2023-11-10T11:52:41.001-0800][76764633ms] GC(23407) Survivor regions: 1->1(23)
[2023-11-10T11:52:41.001-0800][76764633ms] GC(23407) Old regions: 1432->1432
[2023-11-10T11:52:41.001-0800][76764633ms] GC(23407) Humongous regions: 5->5
[2023-11-10T11:52:41.001-0800][76764633ms] GC(23407) Metaspace: 304986K->304986K(1349632K)
[2023-11-10T11:52:41.001-0800][76764633ms] GC(23407) Pause Young (Normal) (G1 Evacuation Pause) 3235M->2873M(3602M) 6.574ms
[2023-11-10T11:52:41.001-0800][76764633ms] GC(23407) User=0.00s Sys=0.00s Real=0.01s
[2023-11-10T11:52:41.546-0800][76765178ms] GC(23408) Pause Young (Normal) (G1 Evacuation Pause)
[2023-11-10T11:52:41.546-0800][76765178ms] GC(23408) Using 10 workers of 10 for evacuation
[2023-11-10T11:52:41.553-0800][76765185ms] GC(23408)   Pre Evacuate Collection Set: 0.1ms
[2023-11-10T11:52:41.553-0800][76765185ms] GC(23408)   Evacuate Collection Set: 2.3ms
[2023-11-10T11:52:41.553-0800][76765185ms] GC(23408)   Post Evacuate Collection Set: 4.3ms
[2023-11-10T11:52:41.553-0800][76765185ms] GC(23408)   Other: 0.4ms
[2023-11-10T11:52:41.553-0800][76765185ms] GC(23408) Eden regions: 181->0(181)
[2023-11-10T11:52:41.553-0800][76765185ms] GC(23408) Survivor regions: 1->1(23)
[2023-11-10T11:52:41.553-0800][76765185ms] GC(23408) Old regions: 1432->1432
[2023-11-10T11:52:41.553-0800][76765185ms] GC(23408) Humongous regions: 5->5
[2023-11-10T11:52:41.553-0800][76765185ms] GC(23408) Metaspace: 304986K->304986K(1349632K)
[2023-11-10T11:52:41.553-0800][76765185ms] GC(23408) Pause Young (Normal) (G1 Evacuation Pause) 3235M->2874M(3602M) 7.298ms
[2023-11-10T11:52:41.554-0800][76765186ms] GC(23408) User=0.00s Sys=0.00s Real=0.01s
[2023-11-10T11:52:42.084-0800][76765716ms] GC(23409) Pause Young (Normal) (G1 Evacuation Pause)
[2023-11-10T11:52:42.084-0800][76765716ms] GC(23409) Using 10 workers of 10 for evacuation
[2023-11-10T11:52:42.091-0800][76765723ms] GC(23409)   Pre Evacuate Collection Set: 0.1ms
[2023-11-10T11:52:42.091-0800][76765723ms] GC(23409)   Evacuate Collection Set: 1.8ms
[2023-11-10T11:52:42.091-0800][76765723ms] GC(23409)   Post Evacuate Collection Set: 4.0ms
[2023-11-10T11:52:42.091-0800][76765723ms] GC(23409)   Other: 0.3ms
[2023-11-10T11:52:42.091-0800][76765723ms] GC(23409) Eden regions: 181->0(180)
[2023-11-10T11:52:42.091-0800][76765723ms] GC(23409) Survivor regions: 1->1(23)
[2023-11-10T11:52:42.091-0800][76765723ms] GC(23409) Old regions: 1432->1432
[2023-11-10T11:52:42.091-0800][76765723ms] GC(23409) Humongous regions: 5->5
[2023-11-10T11:52:42.091-0800][76765723ms] GC(23409) Metaspace: 304986K->304986K(1349632K)
[2023-11-10T11:52:42.091-0800][76765723ms] GC(23409) Pause Young (Normal) (G1 Evacuation Pause) 3236M->2874M(3602M) 6.244ms
[2023-11-10T11:52:42.091-0800][76765723ms] GC(23409) User=0.11s Sys=0.00s Real=0.01s
[2023-11-10T11:52:42.744-0800][76766376ms] GC(23410) Pause Young (Normal) (G1 Evacuation Pause)
[2023-11-10T11:52:42.744-0800][76766376ms] GC(23410) Using 10 workers of 10 for evacuation
[2023-11-10T11:52:42.753-0800][76766385ms] GC(23410)   Pre Evacuate Collection Set: 0.1ms
[2023-11-10T11:52:42.753-0800][76766385ms] GC(23410)   Evacuate Collection Set: 2.9ms
[2023-11-10T11:52:42.753-0800][76766385ms] GC(23410)   Post Evacuate Collection Set: 5.4ms
[2023-11-10T11:52:42.753-0800][76766385ms] GC(23410)   Other: 0.5ms
[2023-11-10T11:52:42.753-0800][76766385ms] GC(23410) Eden regions: 180->0(180)
[2023-11-10T11:52:42.753-0800][76766385ms] GC(23410) Survivor regions: 1->1(23)
[2023-11-10T11:52:42.753-0800][76766385ms] GC(23410) Old regions: 1432->1432
[2023-11-10T11:52:42.753-0800][76766385ms] GC(23410) Humongous regions: 5->5
[2023-11-10T11:52:42.753-0800][76766385ms] GC(23410) Metaspace: 304986K->304986K(1349632K)
[2023-11-10T11:52:42.753-0800][76766385ms] GC(23410) Pause Young (Normal) (G1 Evacuation Pause) 3234M->2874M(3602M) 9.108ms
[2023-11-10T11:52:42.753-0800][76766385ms] GC(23410) User=0.00s Sys=0.00s Real=0.01s
[2023-11-10T11:52:43.162-0800][76766794ms] GC(23411) Pause Young (Normal) (G1 Evacuation Pause)
[2023-11-10T11:52:43.162-0800][76766794ms] GC(23411) Using 10 workers of 10 for evacuation
[2023-11-10T11:52:43.168-0800][76766800ms] GC(23411)   Pre Evacuate Collection Set: 0.0ms
[2023-11-10T11:52:43.168-0800][76766800ms] GC(23411)   Evacuate Collection Set: 1.8ms
[2023-11-10T11:52:43.168-0800][76766800ms] GC(23411)   Post Evacuate Collection Set: 3.9ms
[2023-11-10T11:52:43.168-0800][76766800ms] GC(23411)   Other: 0.3ms
[2023-11-10T11:52:43.168-0800][76766800ms] GC(23411) Eden regions: 180->0(180)
[2023-11-10T11:52:43.168-0800][76766800ms] GC(23411) Survivor regions: 1->1(23)
[2023-11-10T11:52:43.168-0800][76766800ms] GC(23411) Old regions: 1432->1432
[2023-11-10T11:52:43.168-0800][76766800ms] GC(23411) Humongous regions: 5->5
[2023-11-10T11:52:43.168-0800][76766800ms] GC(23411) Metaspace: 304986K->304986K(1349632K)
[2023-11-10T11:52:43.168-0800][76766800ms] GC(23411) Pause Young (Normal) (G1 Evacuation Pause) 3234M->2874M(3602M) 6.134ms
[2023-11-10T11:52:43.168-0800][76766800ms] GC(23411) User=0.13s Sys=0.00s Real=0.01s
[2023-11-10T11:52:43.569-0800][76767201ms] GC(23412) Pause Young (Normal) (G1 Evacuation Pause)
[2023-11-10T11:52:43.569-0800][76767201ms] GC(23412) Using 10 workers of 10 for evacuation
[2023-11-10T11:52:43.577-0800][76767209ms] GC(23412)   Pre Evacuate Collection Set: 0.1ms
[2023-11-10T11:52:43.577-0800][76767209ms] GC(23412)   Evacuate Collection Set: 2.4ms
[2023-11-10T11:52:43.577-0800][76767209ms] GC(23412)   Post Evacuate Collection Set: 4.9ms
[2023-11-10T11:52:43.577-0800][76767209ms] GC(23412)   Other: 0.4ms
[2023-11-10T11:52:43.577-0800][76767209ms] GC(23412) Eden regions: 180->0(180)
[2023-11-10T11:52:43.577-0800][76767209ms] GC(23412) Survivor regions: 1->1(23)
[2023-11-10T11:52:43.577-0800][76767209ms] GC(23412) Old regions: 1432->1432
[2023-11-10T11:52:43.577-0800][76767209ms] GC(23412) Humongous regions: 5->5
[2023-11-10T11:52:43.577-0800][76767209ms] GC(23412) Metaspace: 304986K->304986K(1349632K)
[2023-11-10T11:52:43.577-0800][76767209ms] GC(23412) Pause Young (Normal) (G1 Evacuation Pause) 3234M->2874M(3602M) 7.827ms
[2023-11-10T11:52:43.577-0800][76767209ms] GC(23412) User=0.02s Sys=0.00s Real=0.01s
[2023-11-10T11:52:44.018-0800][76767650ms] GC(23413) Pause Young (Normal) (G1 Evacuation Pause)
[2023-11-10T11:52:44.018-0800][76767650ms] GC(23413) Using 10 workers of 10 for evacuation
[2023-11-10T11:52:44.024-0800][76767656ms] GC(23413)   Pre Evacuate Collection Set: 0.0ms
[2023-11-10T11:52:44.024-0800][76767656ms] GC(23413)   Evacuate Collection Set: 1.7ms
[2023-11-10T11:52:44.024-0800][76767656ms] GC(23413)   Post Evacuate Collection Set: 3.1ms
[2023-11-10T11:52:44.024-0800][76767656ms] GC(23413)   Other: 0.2ms
[2023-11-10T11:52:44.024-0800][76767656ms] GC(23413) Eden regions: 180->0(180)
[2023-11-10T11:52:44.024-0800][76767656ms] GC(23413) Survivor regions: 1->1(23)
[2023-11-10T11:52:44.024-0800][76767656ms] GC(23413) Old regions: 1432->1432
[2023-11-10T11:52:44.024-0800][76767656ms] GC(23413) Humongous regions: 5->5
[2023-11-10T11:52:44.024-0800][76767656ms] GC(23413) Metaspace: 304986K->304986K(1349632K)
[2023-11-10T11:52:44.024-0800][76767656ms] GC(23413) Pause Young (Normal) (G1 Evacuation Pause) 3234M->2874M(3602M) 5.104ms
[2023-11-10T11:52:44.024-0800][76767656ms] GC(23413) User=0.00s Sys=0.00s Real=0.01s
[2023-11-10T11:52:44.457-0800][76768089ms] GC(23414) Pause Young (Normal) (G1 Evacuation Pause)
[2023-11-10T11:52:44.457-0800][76768089ms] GC(23414) Using 10 workers of 10 for evacuation
[2023-11-10T11:52:44.462-0800][76768094ms] GC(23414)   Pre Evacuate Collection Set: 0.0ms
[2023-11-10T11:52:44.463-0800][76768095ms] GC(23414)   Evacuate Collection Set: 1.6ms
[2023-11-10T11:52:44.463-0800][76768095ms] GC(23414)   Post Evacuate Collection Set: 3.2ms
[2023-11-10T11:52:44.463-0800][76768095ms] GC(23414)   Other: 0.2ms
[2023-11-10T11:52:44.463-0800][76768095ms] GC(23414) Eden regions: 180->0(180)
[2023-11-10T11:52:44.463-0800][76768095ms] GC(23414) Survivor regions: 1->1(23)
[2023-11-10T11:52:44.463-0800][76768095ms] GC(23414) Old regions: 1432->1432
[2023-11-10T11:52:44.463-0800][76768095ms] GC(23414) Humongous regions: 5->5
[2023-11-10T11:52:44.463-0800][76768095ms] GC(23414) Metaspace: 304986K->304986K(1349632K)
[2023-11-10T11:52:44.463-0800][76768095ms] GC(23414) Pause Young (Normal) (G1 Evacuation Pause) 3234M->2874M(3602M) 5.191ms
[2023-11-10T11:52:44.463-0800][76768095ms] GC(23414) User=0.00s Sys=0.00s Real=0.01s
[2023-11-10T11:52:44.914-0800][76768546ms] GC(23415) Pause Young (Normal) (G1 Evacuation Pause)
[2023-11-10T11:52:44.914-0800][76768546ms] GC(23415) Using 10 workers of 10 for evacuation
[2023-11-10T11:52:44.921-0800][76768553ms] GC(23415)   Pre Evacuate Collection Set: 0.1ms
[2023-11-10T11:52:44.921-0800][76768553ms] GC(23415)   Evacuate Collection Set: 2.0ms
[2023-11-10T11:52:44.921-0800][76768553ms] GC(23415)   Post Evacuate Collection Set: 4.1ms
[2023-11-10T11:52:44.921-0800][76768553ms] GC(23415)   Other: 0.4ms
[2023-11-10T11:52:44.921-0800][76768553ms] GC(23415) Eden regions: 180->0(180)
[2023-11-10T11:52:44.921-0800][76768553ms] GC(23415) Survivor regions: 1->1(23)
[2023-11-10T11:52:44.921-0800][76768553ms] GC(23415) Old regions: 1432->1432
[2023-11-10T11:52:44.921-0800][76768553ms] GC(23415) Humongous regions: 5->5
[2023-11-10T11:52:44.921-0800][76768553ms] GC(23415) Metaspace: 304986K->304986K(1349632K)
[2023-11-10T11:52:44.921-0800][76768553ms] GC(23415) Pause Young (Normal) (G1 Evacuation Pause) 3234M->2874M(3602M) 6.722ms
[2023-11-10T11:52:44.921-0800][76768553ms] GC(23415) User=0.00s Sys=0.00s Real=0.01s
[2023-11-10T11:52:45.421-0800][76769053ms] GC(23416) Pause Young (Normal) (G1 Evacuation Pause)
[2023-11-10T11:52:45.421-0800][76769053ms] GC(23416) Using 10 workers of 10 for evacuation
[2023-11-10T11:52:45.427-0800][76769059ms] GC(23416)   Pre Evacuate Collection Set: 0.0ms
[2023-11-10T11:52:45.427-0800][76769059ms] GC(23416)   Evacuate Collection Set: 1.7ms
[2023-11-10T11:52:45.427-0800][76769059ms] GC(23416)   Post Evacuate Collection Set: 3.2ms
[2023-11-10T11:52:45.427-0800][76769059ms] GC(23416)   Other: 0.3ms
[2023-11-10T11:52:45.427-0800][76769059ms] GC(23416) Eden regions: 180->0(180)
[2023-11-10T11:52:45.427-0800][76769059ms] GC(23416) Survivor regions: 1->1(23)
[2023-11-10T11:52:45.427-0800][76769059ms] GC(23416) Old regions: 1432->1432
[2023-11-10T11:52:45.427-0800][76769059ms] GC(23416) Humongous regions: 5->5
[2023-11-10T11:52:45.427-0800][76769059ms] GC(23416) Metaspace: 304986K->304986K(1349632K)
[2023-11-10T11:52:45.427-0800][76769059ms] GC(23416) Pause Young (Normal) (G1 Evacuation Pause) 3234M->2874M(3602M) 5.411ms
[2023-11-10T11:52:45.427-0800][76769059ms] GC(23416) User=0.00s Sys=0.00s Real=0.01s
[2023-11-10T11:52:45.863-0800][76769495ms] GC(23417) Pause Young (Normal) (G1 Evacuation Pause)
[2023-11-10T11:52:45.863-0800][76769495ms] GC(23417) Using 10 workers of 10 for evacuation
[2023-11-10T11:52:45.869-0800][76769501ms] GC(23417)   Pre Evacuate Collection Set: 0.0ms
[2023-11-10T11:52:45.869-0800][76769501ms] GC(23417)   Evacuate Collection Set: 1.8ms
[2023-11-10T11:52:45.869-0800][76769501ms] GC(23417)   Post Evacuate Collection Set: 3.1ms
[2023-11-10T11:52:45.869-0800][76769501ms] GC(23417)   Other: 0.3ms
[2023-11-10T11:52:45.869-0800][76769501ms] GC(23417) Eden regions: 180->0(180)
[2023-11-10T11:52:45.869-0800][76769501ms] GC(23417) Survivor regions: 1->1(23)
[2023-11-10T11:52:45.869-0800][76769501ms] GC(23417) Old regions: 1432->1432
[2023-11-10T11:52:45.869-0800][76769501ms] GC(23417) Humongous regions: 5->5
[2023-11-10T11:52:45.869-0800][76769501ms] GC(23417) Metaspace: 304986K->304986K(1349632K)
[2023-11-10T11:52:45.869-0800][76769501ms] GC(23417) Pause Young (Normal) (G1 Evacuation Pause) 3234M->2874M(3602M) 5.232ms
[2023-11-10T11:52:45.869-0800][76769501ms] GC(23417) User=0.02s Sys=0.00s Real=0.01s
[2023-11-10T11:52:46.284-0800][76769916ms] GC(23418) Pause Young (Normal) (G1 Evacuation Pause)
[2023-11-10T11:52:46.284-0800][76769916ms] GC(23418) Using 10 workers of 10 for evacuation
[2023-11-10T11:52:46.289-0800][76769921ms] GC(23418)   Pre Evacuate Collection Set: 0.0ms
[2023-11-10T11:52:46.289-0800][76769921ms] GC(23418)   Evacuate Collection Set: 1.9ms
[2023-11-10T11:52:46.289-0800][76769921ms] GC(23418)   Post Evacuate Collection Set: 3.4ms
[2023-11-10T11:52:46.289-0800][76769921ms] GC(23418)   Other: 0.3ms
[2023-11-10T11:52:46.289-0800][76769921ms] GC(23418) Eden regions: 180->0(180)
[2023-11-10T11:52:46.289-0800][76769921ms] GC(23418) Survivor regions: 1->1(23)
[2023-11-10T11:52:46.289-0800][76769922ms] GC(23418) Old regions: 1432->1432
[2023-11-10T11:52:46.290-0800][76769922ms] GC(23418) Humongous regions: 5->5
[2023-11-10T11:52:46.290-0800][76769922ms] GC(23418) Metaspace: 304986K->304986K(1349632K)
[2023-11-10T11:52:46.290-0800][76769922ms] GC(23418) Pause Young (Normal) (G1 Evacuation Pause) 3234M->2874M(3602M) 5.694ms
[2023-11-10T11:52:46.290-0800][76769922ms] GC(23418) User=0.02s Sys=0.00s Real=0.01s
[2023-11-10T11:52:46.700-0800][76770332ms] GC(23419) Pause Young (Normal) (G1 Evacuation Pause)
[2023-11-10T11:52:46.700-0800][76770332ms] GC(23419) Using 10 workers of 10 for evacuation
[2023-11-10T11:52:46.706-0800][76770338ms] GC(23419)   Pre Evacuate Collection Set: 0.0ms
[2023-11-10T11:52:46.706-0800][76770338ms] GC(23419)   Evacuate Collection Set: 1.7ms
[2023-11-10T11:52:46.706-0800][76770338ms] GC(23419)   Post Evacuate Collection Set: 3.1ms
[2023-11-10T11:52:46.706-0800][76770338ms] GC(23419)   Other: 0.3ms
[2023-11-10T11:52:46.706-0800][76770338ms] GC(23419) Eden regions: 180->0(180)
[2023-11-10T11:52:46.706-0800][76770338ms] GC(23419) Survivor regions: 1->1(23)
[2023-11-10T11:52:46.706-0800][76770338ms] GC(23419) Old regions: 1432->1432
[2023-11-10T11:52:46.706-0800][76770338ms] GC(23419) Humongous regions: 5->5
[2023-11-10T11:52:46.706-0800][76770338ms] GC(23419) Metaspace: 304986K->304986K(1349632K)
[2023-11-10T11:52:46.706-0800][76770338ms] GC(23419) Pause Young (Normal) (G1 Evacuation Pause) 3234M->2874M(3602M) 5.178ms
[2023-11-10T11:52:46.706-0800][76770338ms] GC(23419) User=0.00s Sys=0.00s Real=0.01s
[2023-11-10T11:52:47.174-0800][76770806ms] GC(23420) Pause Young (Normal) (G1 Evacuation Pause)
[2023-11-10T11:52:47.174-0800][76770806ms] GC(23420) Using 10 workers of 10 for evacuation
[2023-11-10T11:52:47.179-0800][76770811ms] GC(23420)   Pre Evacuate Collection Set: 0.0ms
[2023-11-10T11:52:47.179-0800][76770811ms] GC(23420)   Evacuate Collection Set: 1.7ms
[2023-11-10T11:52:47.179-0800][76770811ms] GC(23420)   Post Evacuate Collection Set: 3.1ms
[2023-11-10T11:52:47.179-0800][76770811ms] GC(23420)   Other: 0.2ms
[2023-11-10T11:52:47.180-0800][76770812ms] GC(23420) Eden regions: 180->0(180)
[2023-11-10T11:52:47.180-0800][76770812ms] GC(23420) Survivor regions: 1->1(23)
[2023-11-10T11:52:47.180-0800][76770812ms] GC(23420) Old regions: 1432->1432
[2023-11-10T11:52:47.180-0800][76770812ms] GC(23420) Humongous regions: 5->5
[2023-11-10T11:52:47.180-0800][76770812ms] GC(23420) Metaspace: 304986K->304986K(1349632K)
[2023-11-10T11:52:47.180-0800][76770812ms] GC(23420) Pause Young (Normal) (G1 Evacuation Pause) 3234M->2874M(3602M) 5.154ms
[2023-11-10T11:52:47.180-0800][76770812ms] GC(23420) User=0.00s Sys=0.00s Real=0.01s
[2023-11-10T11:52:47.627-0800][76771259ms] GC(23421) Pause Young (Normal) (G1 Evacuation Pause)
[2023-11-10T11:52:47.627-0800][76771259ms] GC(23421) Using 10 workers of 10 for evacuation
[2023-11-10T11:52:47.633-0800][76771265ms] GC(23421)   Pre Evacuate Collection Set: 0.1ms
[2023-11-10T11:52:47.633-0800][76771265ms] GC(23421)   Evacuate Collection Set: 1.8ms
[2023-11-10T11:52:47.633-0800][76771265ms] GC(23421)   Post Evacuate Collection Set: 3.1ms
[2023-11-10T11:52:47.633-0800][76771265ms] GC(23421)   Other: 0.3ms
[2023-11-10T11:52:47.633-0800][76771265ms] GC(23421) Eden regions: 180->0(180)
[2023-11-10T11:52:47.633-0800][76771265ms] GC(23421) Survivor regions: 1->1(23)
[2023-11-10T11:52:47.633-0800][76771265ms] GC(23421) Old regions: 1432->1432
[2023-11-10T11:52:47.633-0800][76771265ms] GC(23421) Humongous regions: 5->5
[2023-11-10T11:52:47.633-0800][76771265ms] GC(23421) Metaspace: 304986K->304986K(1349632K)
[2023-11-10T11:52:47.633-0800][76771265ms] GC(23421) Pause Young (Normal) (G1 Evacuation Pause) 3234M->2874M(3602M) 5.415ms
[2023-11-10T11:52:47.633-0800][76771265ms] GC(23421) User=0.00s Sys=0.00s Real=0.01s
[2023-11-10T11:52:48.060-0800][76771692ms] GC(23422) Pause Young (Normal) (G1 Evacuation Pause)
[2023-11-10T11:52:48.060-0800][76771692ms] GC(23422) Using 10 workers of 10 for evacuation
[2023-11-10T11:52:48.065-0800][76771697ms] GC(23422)   Pre Evacuate Collection Set: 0.0ms
[2023-11-10T11:52:48.066-0800][76771698ms] GC(23422)   Evacuate Collection Set: 1.8ms
[2023-11-10T11:52:48.066-0800][76771698ms] GC(23422)   Post Evacuate Collection Set: 3.1ms
[2023-11-10T11:52:48.066-0800][76771698ms] GC(23422)   Other: 0.3ms
[2023-11-10T11:52:48.066-0800][76771698ms] GC(23422) Eden regions: 180->0(180)
[2023-11-10T11:52:48.066-0800][76771698ms] GC(23422) Survivor regions: 1->1(23)
[2023-11-10T11:52:48.066-0800][76771698ms] GC(23422) Old regions: 1432->1432
[2023-11-10T11:52:48.066-0800][76771698ms] GC(23422) Humongous regions: 5->5
[2023-11-10T11:52:48.066-0800][76771698ms] GC(23422) Metaspace: 304986K->304986K(1349632K)
[2023-11-10T11:52:48.066-0800][76771698ms] GC(23422) Pause Young (Normal) (G1 Evacuation Pause) 3234M->2875M(3602M) 5.358ms
[2023-11-10T11:52:48.066-0800][76771698ms] GC(23422) User=0.00s Sys=0.00s Real=0.01s
[2023-11-10T11:52:48.483-0800][76772115ms] GC(23423) Pause Young (Normal) (G1 Evacuation Pause)
[2023-11-10T11:52:48.483-0800][76772115ms] GC(23423) Using 10 workers of 10 for evacuation
[2023-11-10T11:52:48.488-0800][76772120ms] GC(23423)   Pre Evacuate Collection Set: 0.1ms
[2023-11-10T11:52:48.488-0800][76772120ms] GC(23423)   Evacuate Collection Set: 2.0ms
[2023-11-10T11:52:48.488-0800][76772120ms] GC(23423)   Post Evacuate Collection Set: 3.3ms
[2023-11-10T11:52:48.488-0800][76772120ms] GC(23423)   Other: 0.3ms
[2023-11-10T11:52:48.488-0800][76772120ms] GC(23423) Eden regions: 180->0(179)
[2023-11-10T11:52:48.488-0800][76772120ms] GC(23423) Survivor regions: 1->1(23)
[2023-11-10T11:52:48.488-0800][76772120ms] GC(23423) Old regions: 1432->1433
[2023-11-10T11:52:48.488-0800][76772120ms] GC(23423) Humongous regions: 5->5
[2023-11-10T11:52:48.488-0800][76772120ms] GC(23423) Metaspace: 304986K->304986K(1349632K)
[2023-11-10T11:52:48.488-0800][76772120ms] GC(23423) Pause Young (Normal) (G1 Evacuation Pause) 3235M->2874M(3602M) 5.681ms
[2023-11-10T11:52:48.488-0800][76772120ms] GC(23423) User=0.00s Sys=0.00s Real=0.00s
[2023-11-10T11:52:48.920-0800][76772552ms] GC(23424) Pause Young (Normal) (G1 Evacuation Pause)
[2023-11-10T11:52:48.920-0800][76772552ms] GC(23424) Using 10 workers of 10 for evacuation
[2023-11-10T11:52:48.928-0800][76772560ms] GC(23424)   Pre Evacuate Collection Set: 0.1ms
[2023-11-10T11:52:48.928-0800][76772560ms] GC(23424)   Evacuate Collection Set: 2.1ms
[2023-11-10T11:52:48.928-0800][76772560ms] GC(23424)   Post Evacuate Collection Set: 5.1ms
[2023-11-10T11:52:48.928-0800][76772560ms] GC(23424)   Other: 0.4ms
[2023-11-10T11:52:48.928-0800][76772560ms] GC(23424) Eden regions: 179->0(179)
[2023-11-10T11:52:48.928-0800][76772560ms] GC(23424) Survivor regions: 1->1(23)
[2023-11-10T11:52:48.928-0800][76772560ms] GC(23424) Old regions: 1433->1433
[2023-11-10T11:52:48.928-0800][76772560ms] GC(23424) Humongous regions: 5->5
[2023-11-10T11:52:48.928-0800][76772560ms] GC(23424) Metaspace: 304986K->304986K(1349632K)
[2023-11-10T11:52:48.928-0800][76772560ms] GC(23424) Pause Young (Normal) (G1 Evacuation Pause) 3232M->2874M(3602M) 7.696ms
[2023-11-10T11:52:48.928-0800][76772560ms] GC(23424) User=0.00s Sys=0.00s Real=0.01s
[2023-11-10T11:52:49.417-0800][76773049ms] GC(23425) Pause Young (Normal) (G1 Evacuation Pause)
[2023-11-10T11:52:49.417-0800][76773049ms] GC(23425) Using 10 workers of 10 for evacuation
[2023-11-10T11:52:49.424-0800][76773056ms] GC(23425)   Pre Evacuate Collection Set: 0.1ms
[2023-11-10T11:52:49.424-0800][76773056ms] GC(23425)   Evacuate Collection Set: 2.3ms
[2023-11-10T11:52:49.424-0800][76773056ms] GC(23425)   Post Evacuate Collection Set: 3.9ms
[2023-11-10T11:52:49.424-0800][76773056ms] GC(23425)   Other: 0.4ms
[2023-11-10T11:52:49.424-0800][76773056ms] GC(23425) Eden regions: 179->0(180)
[2023-11-10T11:52:49.424-0800][76773056ms] GC(23425) Survivor regions: 1->1(23)
[2023-11-10T11:52:49.424-0800][76773056ms] GC(23425) Old regions: 1433->1433
[2023-11-10T11:52:49.424-0800][76773056ms] GC(23425) Humongous regions: 5->5
[2023-11-10T11:52:49.424-0800][76773056ms] GC(23425) Metaspace: 304986K->304986K(1349632K)
[2023-11-10T11:52:49.424-0800][76773056ms] GC(23425) Pause Young (Normal) (G1 Evacuation Pause) 3232M->2874M(3602M) 6.805ms
[2023-11-10T11:52:49.424-0800][76773056ms] GC(23425) User=0.00s Sys=0.00s Real=0.01s
[2023-11-10T11:52:49.898-0800][76773530ms] GC(23426) Pause Young (Normal) (G1 Evacuation Pause)
[2023-11-10T11:52:49.898-0800][76773530ms] GC(23426) Using 10 workers of 10 for evacuation
[2023-11-10T11:52:49.904-0800][76773536ms] GC(23426)   Pre Evacuate Collection Set: 0.0ms
[2023-11-10T11:52:49.904-0800][76773536ms] GC(23426)   Evacuate Collection Set: 1.6ms
[2023-11-10T11:52:49.904-0800][76773536ms] GC(23426)   Post Evacuate Collection Set: 3.6ms
[2023-11-10T11:52:49.904-0800][76773536ms] GC(23426)   Other: 0.3ms
[2023-11-10T11:52:49.904-0800][76773536ms] GC(23426) Eden regions: 180->0(180)
[2023-11-10T11:52:49.904-0800][76773536ms] GC(23426) Survivor regions: 1->1(23)
[2023-11-10T11:52:49.904-0800][76773536ms] GC(23426) Old regions: 1433->1433
[2023-11-10T11:52:49.904-0800][76773536ms] GC(23426) Humongous regions: 5->5
[2023-11-10T11:52:49.904-0800][76773536ms] GC(23426) Metaspace: 304986K->304986K(1349632K)
[2023-11-10T11:52:49.904-0800][76773536ms] GC(23426) Pause Young (Normal) (G1 Evacuation Pause) 3234M->2874M(3602M) 5.678ms
[2023-11-10T11:52:49.904-0800][76773536ms] GC(23426) User=0.00s Sys=0.00s Real=0.01s
[2023-11-10T11:52:50.386-0800][76774018ms] GC(23427) Pause Young (Normal) (G1 Evacuation Pause)
[2023-11-10T11:52:50.386-0800][76774018ms] GC(23427) Using 10 workers of 10 for evacuation
[2023-11-10T11:52:50.393-0800][76774025ms] GC(23427)   Pre Evacuate Collection Set: 0.1ms
[2023-11-10T11:52:50.393-0800][76774025ms] GC(23427)   Evacuate Collection Set: 2.7ms
[2023-11-10T11:52:50.393-0800][76774025ms] GC(23427)   Post Evacuate Collection Set: 4.2ms
[2023-11-10T11:52:50.393-0800][76774025ms] GC(23427)   Other: 0.3ms
[2023-11-10T11:52:50.393-0800][76774025ms] GC(23427) Eden regions: 180->0(180)
[2023-11-10T11:52:50.393-0800][76774025ms] GC(23427) Survivor regions: 1->1(23)
[2023-11-10T11:52:50.393-0800][76774025ms] GC(23427) Old regions: 1433->1433
[2023-11-10T11:52:50.393-0800][76774025ms] GC(23427) Humongous regions: 5->5
[2023-11-10T11:52:50.393-0800][76774025ms] GC(23427) Metaspace: 304986K->304986K(1349632K)
[2023-11-10T11:52:50.393-0800][76774025ms] GC(23427) Pause Young (Normal) (G1 Evacuation Pause) 3234M->2874M(3602M) 7.246ms
[2023-11-10T11:52:50.393-0800][76774025ms] GC(23427) User=0.00s Sys=0.00s Real=0.01s
[2023-11-10T11:52:50.882-0800][76774514ms] GC(23428) Pause Young (Normal) (G1 Evacuation Pause)
[2023-11-10T11:52:50.882-0800][76774514ms] GC(23428) Using 10 workers of 10 for evacuation
[2023-11-10T11:52:50.889-0800][76774521ms] GC(23428)   Pre Evacuate Collection Set: 0.0ms
[2023-11-10T11:52:50.889-0800][76774521ms] GC(23428)   Evacuate Collection Set: 2.5ms
[2023-11-10T11:52:50.889-0800][76774521ms] GC(23428)   Post Evacuate Collection Set: 4.0ms
[2023-11-10T11:52:50.889-0800][76774521ms] GC(23428)   Other: 0.3ms
[2023-11-10T11:52:50.889-0800][76774521ms] GC(23428) Eden regions: 180->0(180)
[2023-11-10T11:52:50.889-0800][76774521ms] GC(23428) Survivor regions: 1->1(23)
[2023-11-10T11:52:50.889-0800][76774521ms] GC(23428) Old regions: 1433->1433
[2023-11-10T11:52:50.889-0800][76774521ms] GC(23428) Humongous regions: 5->5
[2023-11-10T11:52:50.889-0800][76774521ms] GC(23428) Metaspace: 304986K->304986K(1349632K)
[2023-11-10T11:52:50.889-0800][76774521ms] GC(23428) Pause Young (Normal) (G1 Evacuation Pause) 3234M->2874M(3602M) 6.893ms
[2023-11-10T11:52:50.889-0800][76774521ms] GC(23428) User=0.00s Sys=0.00s Real=0.01s
[2023-11-10T11:52:51.338-0800][76774970ms] GC(23429) Pause Young (Normal) (G1 Evacuation Pause)
[2023-11-10T11:52:51.338-0800][76774970ms] GC(23429) Using 10 workers of 10 for evacuation
[2023-11-10T11:52:51.345-0800][76774977ms] GC(23429)   Pre Evacuate Collection Set: 0.1ms
[2023-11-10T11:52:51.346-0800][76774978ms] GC(23429)   Evacuate Collection Set: 3.0ms
[2023-11-10T11:52:51.346-0800][76774978ms] GC(23429)   Post Evacuate Collection Set: 3.9ms
[2023-11-10T11:52:51.346-0800][76774978ms] GC(23429)   Other: 0.4ms
[2023-11-10T11:52:51.346-0800][76774978ms] GC(23429) Eden regions: 180->0(180)
[2023-11-10T11:52:51.346-0800][76774978ms] GC(23429) Survivor regions: 1->1(23)
[2023-11-10T11:52:51.346-0800][76774978ms] GC(23429) Old regions: 1433->1433
[2023-11-10T11:52:51.346-0800][76774978ms] GC(23429) Humongous regions: 5->5
[2023-11-10T11:52:51.346-0800][76774978ms] GC(23429) Metaspace: 304986K->304986K(1349632K)
[2023-11-10T11:52:51.346-0800][76774978ms] GC(23429) Pause Young (Normal) (G1 Evacuation Pause) 3234M->2874M(3602M) 7.436ms
[2023-11-10T11:52:51.346-0800][76774978ms] GC(23429) User=0.00s Sys=0.00s Real=0.01s
[2023-11-10T11:52:51.794-0800][76775426ms] GC(23430) Pause Young (Normal) (G1 Evacuation Pause)
[2023-11-10T11:52:51.794-0800][76775426ms] GC(23430) Using 10 workers of 10 for evacuation
[2023-11-10T11:52:51.800-0800][76775432ms] GC(23430)   Pre Evacuate Collection Set: 0.0ms
[2023-11-10T11:52:51.800-0800][76775432ms] GC(23430)   Evacuate Collection Set: 1.7ms
[2023-11-10T11:52:51.800-0800][76775432ms] GC(23430)   Post Evacuate Collection Set: 4.8ms
[2023-11-10T11:52:51.800-0800][76775432ms] GC(23430)   Other: 0.3ms
[2023-11-10T11:52:51.800-0800][76775432ms] GC(23430) Eden regions: 180->0(180)
[2023-11-10T11:52:51.800-0800][76775432ms] GC(23430) Survivor regions: 1->1(23)
[2023-11-10T11:52:51.800-0800][76775432ms] GC(23430) Old regions: 1433->1433
[2023-11-10T11:52:51.800-0800][76775432ms] GC(23430) Humongous regions: 5->5
[2023-11-10T11:52:51.800-0800][76775432ms] GC(23430) Metaspace: 304986K->304986K(1349632K)
[2023-11-10T11:52:51.800-0800][76775432ms] GC(23430) Pause Young (Normal) (G1 Evacuation Pause) 3234M->2875M(3602M) 6.946ms
[2023-11-10T11:52:51.800-0800][76775432ms] GC(23430) User=0.00s Sys=0.00s Real=0.01s
[2023-11-10T11:52:52.294-0800][76775926ms] GC(23431) Pause Young (Normal) (G1 Evacuation Pause)
[2023-11-10T11:52:52.294-0800][76775926ms] GC(23431) Using 10 workers of 10 for evacuation
[2023-11-10T11:52:52.302-0800][76775934ms] GC(23431)   Pre Evacuate Collection Set: 0.1ms
[2023-11-10T11:52:52.302-0800][76775934ms] GC(23431)   Evacuate Collection Set: 2.5ms
[2023-11-10T11:52:52.302-0800][76775934ms] GC(23431)   Post Evacuate Collection Set: 4.0ms
[2023-11-10T11:52:52.302-0800][76775934ms] GC(23431)   Other: 0.4ms
[2023-11-10T11:52:52.302-0800][76775934ms] GC(23431) Eden regions: 180->0(180)
[2023-11-10T11:52:52.302-0800][76775934ms] GC(23431) Survivor regions: 1->1(23)
[2023-11-10T11:52:52.302-0800][76775934ms] GC(23431) Old regions: 1433->1433
[2023-11-10T11:52:52.302-0800][76775934ms] GC(23431) Humongous regions: 5->5
[2023-11-10T11:52:52.302-0800][76775934ms] GC(23431) Metaspace: 304986K->304986K(1349632K)
[2023-11-10T11:52:52.302-0800][76775934ms] GC(23431) Pause Young (Normal) (G1 Evacuation Pause) 3235M->2874M(3602M) 7.042ms
[2023-11-10T11:52:52.302-0800][76775934ms] GC(23431) User=0.00s Sys=0.00s Real=0.01s
[2023-11-10T11:52:52.734-0800][76776366ms] GC(23432) Pause Young (Normal) (G1 Evacuation Pause)
[2023-11-10T11:52:52.736-0800][76776368ms] GC(23432) Using 10 workers of 10 for evacuation
[2023-11-10T11:52:52.743-0800][76776375ms] GC(23432)   Pre Evacuate Collection Set: 0.1ms
[2023-11-10T11:52:52.743-0800][76776375ms] GC(23432)   Evacuate Collection Set: 2.6ms
[2023-11-10T11:52:52.743-0800][76776375ms] GC(23432)   Post Evacuate Collection Set: 4.1ms
[2023-11-10T11:52:52.743-0800][76776375ms] GC(23432)   Other: 0.6ms
[2023-11-10T11:52:52.743-0800][76776375ms] GC(23432) Eden regions: 180->0(180)
[2023-11-10T11:52:52.743-0800][76776375ms] GC(23432) Survivor regions: 1->1(23)
[2023-11-10T11:52:52.743-0800][76776375ms] GC(23432) Old regions: 1433->1433
[2023-11-10T11:52:52.743-0800][76776375ms] GC(23432) Humongous regions: 5->5
[2023-11-10T11:52:52.743-0800][76776375ms] GC(23432) Metaspace: 304986K->304986K(1349632K)
[2023-11-10T11:52:52.743-0800][76776375ms] GC(23432) Pause Young (Normal) (G1 Evacuation Pause) 3234M->2874M(3602M) 7.571ms
[2023-11-10T11:52:52.743-0800][76776375ms] GC(23432) User=0.02s Sys=0.00s Real=0.01s
[2023-11-10T11:52:53.236-0800][76776868ms] GC(23433) Pause Young (Normal) (G1 Evacuation Pause)
[2023-11-10T11:52:53.236-0800][76776868ms] GC(23433) Using 10 workers of 10 for evacuation
[2023-11-10T11:52:53.241-0800][76776873ms] GC(23433)   Pre Evacuate Collection Set: 0.1ms
[2023-11-10T11:52:53.241-0800][76776873ms] GC(23433)   Evacuate Collection Set: 1.8ms
[2023-11-10T11:52:53.241-0800][76776873ms] GC(23433)   Post Evacuate Collection Set: 3.0ms
[2023-11-10T11:52:53.241-0800][76776873ms] GC(23433)   Other: 0.3ms
[2023-11-10T11:52:53.241-0800][76776873ms] GC(23433) Eden regions: 180->0(180)
[2023-11-10T11:52:53.241-0800][76776873ms] GC(23433) Survivor regions: 1->1(23)
[2023-11-10T11:52:53.241-0800][76776873ms] GC(23433) Old regions: 1433->1433
[2023-11-10T11:52:53.241-0800][76776873ms] GC(23433) Humongous regions: 5->5
[2023-11-10T11:52:53.241-0800][76776873ms] GC(23433) Metaspace: 304986K->304986K(1349632K)
[2023-11-10T11:52:53.241-0800][76776873ms] GC(23433) Pause Young (Normal) (G1 Evacuation Pause) 3234M->2874M(3602M) 5.322ms
[2023-11-10T11:52:53.241-0800][76776873ms] GC(23433) User=0.00s Sys=0.00s Real=0.00s
[2023-11-10T11:52:53.644-0800][76777276ms] GC(23434) Pause Young (Normal) (G1 Evacuation Pause)
[2023-11-10T11:52:53.644-0800][76777276ms] GC(23434) Using 10 workers of 10 for evacuation
[2023-11-10T11:52:53.649-0800][76777281ms] GC(23434)   Pre Evacuate Collection Set: 0.0ms
[2023-11-10T11:52:53.649-0800][76777281ms] GC(23434)   Evacuate Collection Set: 1.8ms
[2023-11-10T11:52:53.649-0800][76777281ms] GC(23434)   Post Evacuate Collection Set: 3.2ms
[2023-11-10T11:52:53.649-0800][76777281ms] GC(23434)   Other: 0.3ms
[2023-11-10T11:52:53.649-0800][76777281ms] GC(23434) Eden regions: 180->0(180)
[2023-11-10T11:52:53.649-0800][76777281ms] GC(23434) Survivor regions: 1->1(23)
[2023-11-10T11:52:53.649-0800][76777281ms] GC(23434) Old regions: 1433->1433
[2023-11-10T11:52:53.649-0800][76777281ms] GC(23434) Humongous regions: 5->5
[2023-11-10T11:52:53.649-0800][76777281ms] GC(23434) Metaspace: 304986K->304986K(1349632K)
[2023-11-10T11:52:53.649-0800][76777281ms] GC(23434) Pause Young (Normal) (G1 Evacuation Pause) 3234M->2874M(3602M) 5.396ms
[2023-11-10T11:52:53.649-0800][76777281ms] GC(23434) User=0.00s Sys=0.00s Real=0.00s
[2023-11-10T11:52:54.117-0800][76777749ms] GC(23435) Pause Young (Normal) (G1 Evacuation Pause)
[2023-11-10T11:52:54.117-0800][76777749ms] GC(23435) Using 10 workers of 10 for evacuation
[2023-11-10T11:52:54.122-0800][76777754ms] GC(23435)   Pre Evacuate Collection Set: 0.0ms
[2023-11-10T11:52:54.122-0800][76777754ms] GC(23435)   Evacuate Collection Set: 1.6ms
[2023-11-10T11:52:54.122-0800][76777754ms] GC(23435)   Post Evacuate Collection Set: 3.1ms
[2023-11-10T11:52:54.122-0800][76777754ms] GC(23435)   Other: 0.3ms
[2023-11-10T11:52:54.122-0800][76777754ms] GC(23435) Eden regions: 180->0(180)
[2023-11-10T11:52:54.122-0800][76777754ms] GC(23435) Survivor regions: 1->1(23)
[2023-11-10T11:52:54.122-0800][76777754ms] GC(23435) Old regions: 1433->1433
[2023-11-10T11:52:54.122-0800][76777754ms] GC(23435) Humongous regions: 5->5
[2023-11-10T11:52:54.122-0800][76777754ms] GC(23435) Metaspace: 304986K->304986K(1349632K)
[2023-11-10T11:52:54.122-0800][76777754ms] GC(23435) Pause Young (Normal) (G1 Evacuation Pause) 3234M->2874M(3602M) 5.144ms
[2023-11-10T11:52:54.122-0800][76777754ms] GC(23435) User=0.00s Sys=0.00s Real=0.00s
[2023-11-10T11:52:54.596-0800][76778228ms] GC(23436) Pause Young (Normal) (G1 Evacuation Pause)
[2023-11-10T11:52:54.596-0800][76778228ms] GC(23436) Using 10 workers of 10 for evacuation
[2023-11-10T11:52:54.601-0800][76778233ms] GC(23436)   Pre Evacuate Collection Set: 0.0ms
[2023-11-10T11:52:54.601-0800][76778233ms] GC(23436)   Evacuate Collection Set: 1.7ms
[2023-11-10T11:52:54.601-0800][76778233ms] GC(23436)   Post Evacuate Collection Set: 3.1ms
[2023-11-10T11:52:54.601-0800][76778233ms] GC(23436)   Other: 0.3ms
[2023-11-10T11:52:54.601-0800][76778233ms] GC(23436) Eden regions: 180->0(180)
[2023-11-10T11:52:54.601-0800][76778233ms] GC(23436) Survivor regions: 1->1(23)
[2023-11-10T11:52:54.601-0800][76778233ms] GC(23436) Old regions: 1433->1433
[2023-11-10T11:52:54.601-0800][76778233ms] GC(23436) Humongous regions: 5->5
[2023-11-10T11:52:54.601-0800][76778233ms] GC(23436) Metaspace: 304986K->304986K(1349632K)
[2023-11-10T11:52:54.601-0800][76778233ms] GC(23436) Pause Young (Normal) (G1 Evacuation Pause) 3234M->2874M(3602M) 5.241ms
[2023-11-10T11:52:54.601-0800][76778233ms] GC(23436) User=0.00s Sys=0.00s Real=0.01s
[2023-11-10T11:52:54.996-0800][76778628ms] GC(23437) Pause Young (Normal) (G1 Evacuation Pause)
[2023-11-10T11:52:54.996-0800][76778628ms] GC(23437) Using 10 workers of 10 for evacuation
[2023-11-10T11:52:55.001-0800][76778633ms] GC(23437)   Pre Evacuate Collection Set: 0.0ms
[2023-11-10T11:52:55.001-0800][76778633ms] GC(23437)   Evacuate Collection Set: 1.7ms
[2023-11-10T11:52:55.001-0800][76778633ms] GC(23437)   Post Evacuate Collection Set: 3.2ms
[2023-11-10T11:52:55.001-0800][76778633ms] GC(23437)   Other: 0.3ms
[2023-11-10T11:52:55.001-0800][76778633ms] GC(23437) Eden regions: 180->0(180)
[2023-11-10T11:52:55.001-0800][76778633ms] GC(23437) Survivor regions: 1->1(23)
[2023-11-10T11:52:55.001-0800][76778633ms] GC(23437) Old regions: 1433->1433
[2023-11-10T11:52:55.001-0800][76778633ms] GC(23437) Humongous regions: 5->5
[2023-11-10T11:52:55.001-0800][76778633ms] GC(23437) Metaspace: 304986K->304986K(1349632K)
[2023-11-10T11:52:55.001-0800][76778633ms] GC(23437) Pause Young (Normal) (G1 Evacuation Pause) 3234M->2874M(3602M) 5.295ms
[2023-11-10T11:52:55.001-0800][76778633ms] GC(23437) User=0.00s Sys=0.00s Real=0.00s
[2023-11-10T11:52:55.451-0800][76779083ms] GC(23438) Pause Young (Normal) (G1 Evacuation Pause)
[2023-11-10T11:52:55.451-0800][76779083ms] GC(23438) Using 10 workers of 10 for evacuation
[2023-11-10T11:52:55.456-0800][76779088ms] GC(23438)   Pre Evacuate Collection Set: 0.0ms
[2023-11-10T11:52:55.456-0800][76779088ms] GC(23438)   Evacuate Collection Set: 1.6ms
[2023-11-10T11:52:55.456-0800][76779088ms] GC(23438)   Post Evacuate Collection Set: 3.0ms
[2023-11-10T11:52:55.456-0800][76779088ms] GC(23438)   Other: 0.3ms
[2023-11-10T11:52:55.456-0800][76779088ms] GC(23438) Eden regions: 180->0(180)
[2023-11-10T11:52:55.456-0800][76779088ms] GC(23438) Survivor regions: 1->1(23)
[2023-11-10T11:52:55.456-0800][76779088ms] GC(23438) Old regions: 1433->1433
[2023-11-10T11:52:55.456-0800][76779088ms] GC(23438) Humongous regions: 5->5
[2023-11-10T11:52:55.456-0800][76779088ms] GC(23438) Metaspace: 304986K->304986K(1349632K)
[2023-11-10T11:52:55.456-0800][76779088ms] GC(23438) Pause Young (Normal) (G1 Evacuation Pause) 3234M->2874M(3602M) 5.102ms
[2023-11-10T11:52:55.456-0800][76779088ms] GC(23438) User=0.00s Sys=0.00s Real=0.01s
[2023-11-10T11:52:55.893-0800][76779525ms] GC(23439) Pause Young (Normal) (G1 Evacuation Pause)
[2023-11-10T11:52:55.893-0800][76779525ms] GC(23439) Using 10 workers of 10 for evacuation
[2023-11-10T11:52:55.898-0800][76779530ms] GC(23439)   Pre Evacuate Collection Set: 0.0ms
[2023-11-10T11:52:55.898-0800][76779530ms] GC(23439)   Evacuate Collection Set: 1.7ms
[2023-11-10T11:52:55.898-0800][76779530ms] GC(23439)   Post Evacuate Collection Set: 3.3ms
[2023-11-10T11:52:55.898-0800][76779530ms] GC(23439)   Other: 0.3ms
[2023-11-10T11:52:55.898-0800][76779530ms] GC(23439) Eden regions: 180->0(180)
[2023-11-10T11:52:55.898-0800][76779530ms] GC(23439) Survivor regions: 1->1(23)
[2023-11-10T11:52:55.898-0800][76779530ms] GC(23439) Old regions: 1433->1433
[2023-11-10T11:52:55.898-0800][76779530ms] GC(23439) Humongous regions: 5->5
[2023-11-10T11:52:55.898-0800][76779530ms] GC(23439) Metaspace: 304986K->304986K(1349632K)
[2023-11-10T11:52:55.898-0800][76779530ms] GC(23439) Pause Young (Normal) (G1 Evacuation Pause) 3234M->2874M(3602M) 5.391ms
[2023-11-10T11:52:55.898-0800][76779530ms] GC(23439) User=0.02s Sys=0.00s Real=0.01s
[2023-11-10T11:52:56.309-0800][76779941ms] GC(23440) Pause Young (Normal) (G1 Evacuation Pause)
[2023-11-10T11:52:56.309-0800][76779941ms] GC(23440) Using 10 workers of 10 for evacuation
[2023-11-10T11:52:56.314-0800][76779946ms] GC(23440)   Pre Evacuate Collection Set: 0.0ms
[2023-11-10T11:52:56.314-0800][76779946ms] GC(23440)   Evacuate Collection Set: 1.6ms
[2023-11-10T11:52:56.314-0800][76779946ms] GC(23440)   Post Evacuate Collection Set: 3.0ms
[2023-11-10T11:52:56.314-0800][76779946ms] GC(23440)   Other: 0.3ms
[2023-11-10T11:52:56.314-0800][76779946ms] GC(23440) Eden regions: 180->0(180)
[2023-11-10T11:52:56.314-0800][76779946ms] GC(23440) Survivor regions: 1->1(23)
[2023-11-10T11:52:56.314-0800][76779946ms] GC(23440) Old regions: 1433->1433
[2023-11-10T11:52:56.314-0800][76779946ms] GC(23440) Humongous regions: 5->5
[2023-11-10T11:52:56.314-0800][76779946ms] GC(23440) Metaspace: 304986K->304986K(1349632K)
[2023-11-10T11:52:56.314-0800][76779946ms] GC(23440) Pause Young (Normal) (G1 Evacuation Pause) 3234M->2874M(3602M) 4.927ms
[2023-11-10T11:52:56.314-0800][76779946ms] GC(23440) User=0.00s Sys=0.00s Real=0.00s
[2023-11-10T11:52:56.729-0800][76780361ms] GC(23441) Pause Young (Normal) (G1 Evacuation Pause)
[2023-11-10T11:52:56.729-0800][76780361ms] GC(23441) Using 10 workers of 10 for evacuation
[2023-11-10T11:52:56.734-0800][76780366ms] GC(23441)   Pre Evacuate Collection Set: 0.0ms
[2023-11-10T11:52:56.734-0800][76780366ms] GC(23441)   Evacuate Collection Set: 1.7ms
[2023-11-10T11:52:56.734-0800][76780366ms] GC(23441)   Post Evacuate Collection Set: 3.2ms
[2023-11-10T11:52:56.734-0800][76780366ms] GC(23441)   Other: 0.3ms
[2023-11-10T11:52:56.734-0800][76780366ms] GC(23441) Eden regions: 180->0(180)
[2023-11-10T11:52:56.734-0800][76780366ms] GC(23441) Survivor regions: 1->1(23)
[2023-11-10T11:52:56.734-0800][76780366ms] GC(23441) Old regions: 1433->1433
[2023-11-10T11:52:56.734-0800][76780366ms] GC(23441) Humongous regions: 5->5
[2023-11-10T11:52:56.734-0800][76780366ms] GC(23441) Metaspace: 304986K->304986K(1349632K)
[2023-11-10T11:52:56.734-0800][76780366ms] GC(23441) Pause Young (Normal) (G1 Evacuation Pause) 3234M->2874M(3602M) 5.311ms
[2023-11-10T11:52:56.734-0800][76780366ms] GC(23441) User=0.00s Sys=0.00s Real=0.00s
[2023-11-10T11:52:57.186-0800][76780818ms] GC(23442) Pause Young (Normal) (G1 Evacuation Pause)
[2023-11-10T11:52:57.186-0800][76780818ms] GC(23442) Using 10 workers of 10 for evacuation
[2023-11-10T11:52:57.193-0800][76780825ms] GC(23442)   Pre Evacuate Collection Set: 0.1ms
[2023-11-10T11:52:57.193-0800][76780825ms] GC(23442)   Evacuate Collection Set: 1.8ms
[2023-11-10T11:52:57.193-0800][76780825ms] GC(23442)   Post Evacuate Collection Set: 5.1ms
[2023-11-10T11:52:57.193-0800][76780825ms] GC(23442)   Other: 0.4ms
[2023-11-10T11:52:57.193-0800][76780825ms] GC(23442) Eden regions: 180->0(180)
[2023-11-10T11:52:57.193-0800][76780825ms] GC(23442) Survivor regions: 1->1(23)
[2023-11-10T11:52:57.193-0800][76780825ms] GC(23442) Old regions: 1433->1433
[2023-11-10T11:52:57.193-0800][76780825ms] GC(23442) Humongous regions: 5->5
[2023-11-10T11:52:57.193-0800][76780825ms] GC(23442) Metaspace: 304986K->304986K(1349632K)
[2023-11-10T11:52:57.193-0800][76780825ms] GC(23442) Pause Young (Normal) (G1 Evacuation Pause) 3234M->2874M(3602M) 7.478ms
[2023-11-10T11:52:57.193-0800][76780825ms] GC(23442) User=0.00s Sys=0.00s Real=0.01s
[2023-11-10T11:52:57.649-0800][76781281ms] GC(23443) Pause Young (Normal) (G1 Evacuation Pause)
[2023-11-10T11:52:57.649-0800][76781281ms] GC(23443) Using 10 workers of 10 for evacuation
[2023-11-10T11:52:57.654-0800][76781286ms] GC(23443)   Pre Evacuate Collection Set: 0.0ms
[2023-11-10T11:52:57.654-0800][76781286ms] GC(23443)   Evacuate Collection Set: 1.9ms
[2023-11-10T11:52:57.654-0800][76781286ms] GC(23443)   Post Evacuate Collection Set: 3.3ms
[2023-11-10T11:52:57.654-0800][76781286ms] GC(23443)   Other: 0.3ms
[2023-11-10T11:52:57.654-0800][76781286ms] GC(23443) Eden regions: 180->0(180)
[2023-11-10T11:52:57.654-0800][76781286ms] GC(23443) Survivor regions: 1->1(23)
[2023-11-10T11:52:57.654-0800][76781286ms] GC(23443) Old regions: 1433->1433
[2023-11-10T11:52:57.654-0800][76781286ms] GC(23443) Humongous regions: 5->5
[2023-11-10T11:52:57.654-0800][76781286ms] GC(23443) Metaspace: 304986K->304986K(1349632K)
[2023-11-10T11:52:57.654-0800][76781286ms] GC(23443) Pause Young (Normal) (G1 Evacuation Pause) 3234M->2875M(3602M) 5.585ms
[2023-11-10T11:52:57.654-0800][76781286ms] GC(23443) User=0.00s Sys=0.00s Real=0.01s
[2023-11-10T11:52:57.997-0800][76781629ms] GC(23444) Pause Young (Normal) (G1 Evacuation Pause)
[2023-11-10T11:52:57.997-0800][76781629ms] GC(23444) Using 10 workers of 10 for evacuation
[2023-11-10T11:52:58.002-0800][76781634ms] GC(23444)   Pre Evacuate Collection Set: 0.0ms
[2023-11-10T11:52:58.002-0800][76781634ms] GC(23444)   Evacuate Collection Set: 1.7ms
[2023-11-10T11:52:58.002-0800][76781634ms] GC(23444)   Post Evacuate Collection Set: 3.1ms
[2023-11-10T11:52:58.002-0800][76781634ms] GC(23444)   Other: 0.2ms
[2023-11-10T11:52:58.002-0800][76781634ms] GC(23444) Eden regions: 180->0(180)
[2023-11-10T11:52:58.002-0800][76781634ms] GC(23444) Survivor regions: 1->1(23)
[2023-11-10T11:52:58.002-0800][76781634ms] GC(23444) Old regions: 1433->1433
[2023-11-10T11:52:58.002-0800][76781634ms] GC(23444) Humongous regions: 5->5
[2023-11-10T11:52:58.002-0800][76781634ms] GC(23444) Metaspace: 304986K->304986K(1349632K)
[2023-11-10T11:52:58.002-0800][76781634ms] GC(23444) Pause Young (Normal) (G1 Evacuation Pause) 3235M->2874M(3602M) 5.107ms
[2023-11-10T11:52:58.002-0800][76781634ms] GC(23444) User=0.00s Sys=0.00s Real=0.01s
[2023-11-10T11:52:58.684-0800][76782316ms] GC(23445) Pause Young (Normal) (G1 Evacuation Pause)
[2023-11-10T11:52:58.684-0800][76782316ms] GC(23445) Using 10 workers of 10 for evacuation
[2023-11-10T11:52:58.690-0800][76782322ms] GC(23445)   Pre Evacuate Collection Set: 0.1ms
[2023-11-10T11:52:58.690-0800][76782322ms] GC(23445)   Evacuate Collection Set: 1.8ms
[2023-11-10T11:52:58.690-0800][76782322ms] GC(23445)   Post Evacuate Collection Set: 4.1ms
[2023-11-10T11:52:58.691-0800][76782323ms] GC(23445)   Other: 0.4ms
[2023-11-10T11:52:58.691-0800][76782323ms] GC(23445) Eden regions: 180->0(180)
[2023-11-10T11:52:58.691-0800][76782323ms] GC(23445) Survivor regions: 1->1(23)
[2023-11-10T11:52:58.691-0800][76782323ms] GC(23445) Old regions: 1433->1433
[2023-11-10T11:52:58.691-0800][76782323ms] GC(23445) Humongous regions: 5->5
[2023-11-10T11:52:58.691-0800][76782323ms] GC(23445) Metaspace: 304986K->304986K(1349632K)
[2023-11-10T11:52:58.691-0800][76782323ms] GC(23445) Pause Young (Normal) (G1 Evacuation Pause) 3234M->2874M(3602M) 6.456ms
[2023-11-10T11:52:58.691-0800][76782323ms] GC(23445) User=0.00s Sys=0.00s Real=0.01s
[2023-11-10T11:52:59.251-0800][76782883ms] GC(23446) Pause Young (Normal) (G1 Evacuation Pause)
[2023-11-10T11:52:59.251-0800][76782883ms] GC(23446) Using 10 workers of 10 for evacuation
[2023-11-10T11:52:59.259-0800][76782891ms] GC(23446)   Pre Evacuate Collection Set: 0.1ms
[2023-11-10T11:52:59.259-0800][76782891ms] GC(23446)   Evacuate Collection Set: 2.9ms
[2023-11-10T11:52:59.259-0800][76782891ms] GC(23446)   Post Evacuate Collection Set: 4.6ms
[2023-11-10T11:52:59.259-0800][76782891ms] GC(23446)   Other: 0.4ms
[2023-11-10T11:52:59.259-0800][76782891ms] GC(23446) Eden regions: 180->0(180)
[2023-11-10T11:52:59.259-0800][76782891ms] GC(23446) Survivor regions: 1->1(23)
[2023-11-10T11:52:59.259-0800][76782891ms] GC(23446) Old regions: 1433->1433
[2023-11-10T11:52:59.259-0800][76782891ms] GC(23446) Humongous regions: 5->5
[2023-11-10T11:52:59.259-0800][76782891ms] GC(23446) Metaspace: 304986K->304986K(1349632K)
[2023-11-10T11:52:59.259-0800][76782891ms] GC(23446) Pause Young (Normal) (G1 Evacuation Pause) 3234M->2874M(3602M) 8.012ms
[2023-11-10T11:52:59.259-0800][76782891ms] GC(23446) User=0.02s Sys=0.00s Real=0.01s
[2023-11-10T11:52:59.788-0800][76783420ms] GC(23447) Pause Young (Normal) (G1 Evacuation Pause)
[2023-11-10T11:52:59.788-0800][76783420ms] GC(23447) Using 10 workers of 10 for evacuation
[2023-11-10T11:52:59.793-0800][76783425ms] GC(23447)   Pre Evacuate Collection Set: 0.0ms
[2023-11-10T11:52:59.793-0800][76783425ms] GC(23447)   Evacuate Collection Set: 1.6ms
[2023-11-10T11:52:59.793-0800][76783425ms] GC(23447)   Post Evacuate Collection Set: 3.9ms
[2023-11-10T11:52:59.793-0800][76783425ms] GC(23447)   Other: 0.3ms
[2023-11-10T11:52:59.793-0800][76783425ms] GC(23447) Eden regions: 180->0(180)
[2023-11-10T11:52:59.793-0800][76783425ms] GC(23447) Survivor regions: 1->1(23)
[2023-11-10T11:52:59.793-0800][76783425ms] GC(23447) Old regions: 1433->1433
[2023-11-10T11:52:59.793-0800][76783425ms] GC(23447) Humongous regions: 5->5
[2023-11-10T11:52:59.793-0800][76783425ms] GC(23447) Metaspace: 304986K->304986K(1349632K)
[2023-11-10T11:52:59.793-0800][76783425ms] GC(23447) Pause Young (Normal) (G1 Evacuation Pause) 3234M->2874M(3602M) 5.991ms
[2023-11-10T11:52:59.793-0800][76783425ms] GC(23447) User=0.08s Sys=0.00s Real=0.00s
[2023-11-10T11:53:00.320-0800][76783952ms] GC(23448) Pause Young (Normal) (G1 Evacuation Pause)
[2023-11-10T11:53:00.320-0800][76783952ms] GC(23448) Using 10 workers of 10 for evacuation
[2023-11-10T11:53:00.326-0800][76783958ms] GC(23448)   Pre Evacuate Collection Set: 0.1ms
[2023-11-10T11:53:00.326-0800][76783958ms] GC(23448)   Evacuate Collection Set: 2.5ms
[2023-11-10T11:53:00.326-0800][76783958ms] GC(23448)   Post Evacuate Collection Set: 4.1ms
[2023-11-10T11:53:00.326-0800][76783958ms] GC(23448)   Other: 0.3ms
[2023-11-10T11:53:00.326-0800][76783958ms] GC(23448) Eden regions: 180->0(180)
[2023-11-10T11:53:00.326-0800][76783958ms] GC(23448) Survivor regions: 1->1(23)
[2023-11-10T11:53:00.326-0800][76783958ms] GC(23448) Old regions: 1433->1433
[2023-11-10T11:53:00.326-0800][76783958ms] GC(23448) Humongous regions: 5->5
[2023-11-10T11:53:00.326-0800][76783958ms] GC(23448) Metaspace: 304986K->304986K(1349632K)
[2023-11-10T11:53:00.326-0800][76783958ms] GC(23448) Pause Young (Normal) (G1 Evacuation Pause) 3234M->2874M(3602M) 7.077ms
[2023-11-10T11:53:00.326-0800][76783958ms] GC(23448) User=0.00s Sys=0.00s Real=0.01s
[2023-11-10T11:53:00.741-0800][76784373ms] GC(23449) Pause Young (Normal) (G1 Evacuation Pause)
[2023-11-10T11:53:00.741-0800][76784373ms] GC(23449) Using 10 workers of 10 for evacuation
[2023-11-10T11:53:00.748-0800][76784380ms] GC(23449)   Pre Evacuate Collection Set: 0.0ms
[2023-11-10T11:53:00.748-0800][76784380ms] GC(23449)   Evacuate Collection Set: 1.7ms
[2023-11-10T11:53:00.748-0800][76784380ms] GC(23449)   Post Evacuate Collection Set: 4.9ms
[2023-11-10T11:53:00.748-0800][76784380ms] GC(23449)   Other: 0.3ms
[2023-11-10T11:53:00.748-0800][76784380ms] GC(23449) Eden regions: 180->0(180)
[2023-11-10T11:53:00.748-0800][76784380ms] GC(23449) Survivor regions: 1->1(23)
[2023-11-10T11:53:00.748-0800][76784380ms] GC(23449) Old regions: 1433->1433
[2023-11-10T11:53:00.748-0800][76784380ms] GC(23449) Humongous regions: 5->5
[2023-11-10T11:53:00.748-0800][76784380ms] GC(23449) Metaspace: 304986K->304986K(1349632K)
[2023-11-10T11:53:00.748-0800][76784380ms] GC(23449) Pause Young (Normal) (G1 Evacuation Pause) 3234M->2874M(3602M) 7.134ms
[2023-11-10T11:53:00.748-0800][76784380ms] GC(23449) User=0.00s Sys=0.00s Real=0.01s
[2023-11-10T11:53:01.232-0800][76784864ms] GC(23450) Pause Young (Normal) (G1 Evacuation Pause)
[2023-11-10T11:53:01.232-0800][76784864ms] GC(23450) Using 10 workers of 10 for evacuation
[2023-11-10T11:53:01.237-0800][76784869ms] GC(23450)   Pre Evacuate Collection Set: 0.0ms
[2023-11-10T11:53:01.237-0800][76784869ms] GC(23450)   Evacuate Collection Set: 1.6ms
[2023-11-10T11:53:01.237-0800][76784869ms] GC(23450)   Post Evacuate Collection Set: 3.4ms
[2023-11-10T11:53:01.237-0800][76784870ms] GC(23450)   Other: 0.3ms
[2023-11-10T11:53:01.238-0800][76784870ms] GC(23450) Eden regions: 180->0(180)
[2023-11-10T11:53:01.238-0800][76784870ms] GC(23450) Survivor regions: 1->1(23)
[2023-11-10T11:53:01.238-0800][76784870ms] GC(23450) Old regions: 1433->1433
[2023-11-10T11:53:01.238-0800][76784870ms] GC(23450) Humongous regions: 5->5
[2023-11-10T11:53:01.238-0800][76784870ms] GC(23450) Metaspace: 304986K->304986K(1349632K)
[2023-11-10T11:53:01.238-0800][76784870ms] GC(23450) Pause Young (Normal) (G1 Evacuation Pause) 3234M->2874M(3602M) 5.490ms
[2023-11-10T11:53:01.238-0800][76784870ms] GC(23450) User=0.00s Sys=0.00s Real=0.01s
[2023-11-10T11:53:01.807-0800][76785439ms] GC(23451) Pause Young (Normal) (GCLocker Initiated GC)
[2023-11-10T11:53:01.807-0800][76785439ms] GC(23451) Using 10 workers of 10 for evacuation
[2023-11-10T11:53:01.815-0800][76785447ms] GC(23451)   Pre Evacuate Collection Set: 0.1ms
[2023-11-10T11:53:01.816-0800][76785448ms] GC(23451)   Evacuate Collection Set: 2.7ms
[2023-11-10T11:53:01.816-0800][76785448ms] GC(23451)   Post Evacuate Collection Set: 5.4ms
[2023-11-10T11:53:01.816-0800][76785448ms] GC(23451)   Other: 0.4ms
[2023-11-10T11:53:01.816-0800][76785448ms] GC(23451) Eden regions: 181->0(180)
[2023-11-10T11:53:01.816-0800][76785448ms] GC(23451) Survivor regions: 1->1(23)
[2023-11-10T11:53:01.816-0800][76785448ms] GC(23451) Old regions: 1433->1433
[2023-11-10T11:53:01.816-0800][76785448ms] GC(23451) Humongous regions: 5->5
[2023-11-10T11:53:01.816-0800][76785448ms] GC(23451) Metaspace: 304986K->304986K(1349632K)
[2023-11-10T11:53:01.816-0800][76785448ms] GC(23451) Pause Young (Normal) (GCLocker Initiated GC) 3235M->2875M(3602M) 8.770ms
[2023-11-10T11:53:01.816-0800][76785448ms] GC(23451) User=0.00s Sys=0.00s Real=0.01s
[2023-11-10T11:53:02.311-0800][76785943ms] GC(23452) Pause Young (Normal) (GCLocker Initiated GC)
[2023-11-10T11:53:02.311-0800][76785943ms] GC(23452) Using 10 workers of 10 for evacuation
[2023-11-10T11:53:02.319-0800][76785951ms] GC(23452)   Pre Evacuate Collection Set: 0.0ms
[2023-11-10T11:53:02.319-0800][76785951ms] GC(23452)   Evacuate Collection Set: 2.0ms
[2023-11-10T11:53:02.319-0800][76785951ms] GC(23452)   Post Evacuate Collection Set: 5.9ms
[2023-11-10T11:53:02.319-0800][76785951ms] GC(23452)   Other: 0.4ms
[2023-11-10T11:53:02.319-0800][76785951ms] GC(23452) Eden regions: 181->0(180)
[2023-11-10T11:53:02.319-0800][76785951ms] GC(23452) Survivor regions: 1->1(23)
[2023-11-10T11:53:02.319-0800][76785951ms] GC(23452) Old regions: 1433->1433
[2023-11-10T11:53:02.319-0800][76785951ms] GC(23452) Humongous regions: 5->5
[2023-11-10T11:53:02.319-0800][76785951ms] GC(23452) Metaspace: 304986K->304986K(1349632K)
[2023-11-10T11:53:02.320-0800][76785952ms] GC(23452) Pause Young (Normal) (GCLocker Initiated GC) 3235M->2874M(3602M) 8.566ms
[2023-11-10T11:53:02.320-0800][76785952ms] GC(23452) User=0.00s Sys=0.00s Real=0.01s
[2023-11-10T11:53:02.862-0800][76786494ms] GC(23453) Pause Young (Normal) (GCLocker Initiated GC)
[2023-11-10T11:53:02.862-0800][76786494ms] GC(23453) Using 10 workers of 10 for evacuation
[2023-11-10T11:53:02.868-0800][76786500ms] GC(23453)   Pre Evacuate Collection Set: 0.1ms
[2023-11-10T11:53:02.868-0800][76786500ms] GC(23453)   Evacuate Collection Set: 2.1ms
[2023-11-10T11:53:02.868-0800][76786500ms] GC(23453)   Post Evacuate Collection Set: 3.3ms
[2023-11-10T11:53:02.868-0800][76786500ms] GC(23453)   Other: 0.4ms
[2023-11-10T11:53:02.868-0800][76786500ms] GC(23453) Eden regions: 180->0(180)
[2023-11-10T11:53:02.868-0800][76786500ms] GC(23453) Survivor regions: 1->1(23)
[2023-11-10T11:53:02.868-0800][76786500ms] GC(23453) Old regions: 1433->1433
[2023-11-10T11:53:02.868-0800][76786500ms] GC(23453) Humongous regions: 5->5
[2023-11-10T11:53:02.868-0800][76786500ms] GC(23453) Metaspace: 304986K->304986K(1349632K)
[2023-11-10T11:53:02.868-0800][76786500ms] GC(23453) Pause Young (Normal) (GCLocker Initiated GC) 3234M->2874M(3602M) 5.998ms
[2023-11-10T11:53:02.868-0800][76786500ms] GC(23453) User=0.00s Sys=0.00s Real=0.01s
[2023-11-10T11:53:03.325-0800][76786957ms] GC(23454) Pause Young (Normal) (G1 Evacuation Pause)
[2023-11-10T11:53:03.325-0800][76786957ms] GC(23454) Using 10 workers of 10 for evacuation
[2023-11-10T11:53:03.330-0800][76786962ms] GC(23454)   Pre Evacuate Collection Set: 0.1ms
[2023-11-10T11:53:03.330-0800][76786962ms] GC(23454)   Evacuate Collection Set: 2.1ms
[2023-11-10T11:53:03.330-0800][76786962ms] GC(23454)   Post Evacuate Collection Set: 3.5ms
[2023-11-10T11:53:03.330-0800][76786962ms] GC(23454)   Other: 0.4ms
[2023-11-10T11:53:03.330-0800][76786962ms] GC(23454) Eden regions: 180->0(180)
[2023-11-10T11:53:03.330-0800][76786962ms] GC(23454) Survivor regions: 1->1(23)
[2023-11-10T11:53:03.330-0800][76786962ms] GC(23454) Old regions: 1433->1433
[2023-11-10T11:53:03.330-0800][76786962ms] GC(23454) Humongous regions: 5->5
[2023-11-10T11:53:03.330-0800][76786962ms] GC(23454) Metaspace: 304986K->304986K(1349632K)
[2023-11-10T11:53:03.330-0800][76786962ms] GC(23454) Pause Young (Normal) (G1 Evacuation Pause) 3234M->2874M(3602M) 6.049ms
[2023-11-10T11:53:03.330-0800][76786962ms] GC(23454) User=0.00s Sys=0.00s Real=0.00s
[2023-11-10T11:53:03.776-0800][76787408ms] GC(23455) Pause Young (Normal) (G1 Evacuation Pause)
[2023-11-10T11:53:03.776-0800][76787408ms] GC(23455) Using 10 workers of 10 for evacuation
[2023-11-10T11:53:03.781-0800][76787413ms] GC(23455)   Pre Evacuate Collection Set: 0.1ms
[2023-11-10T11:53:03.781-0800][76787413ms] GC(23455)   Evacuate Collection Set: 1.8ms
[2023-11-10T11:53:03.781-0800][76787413ms] GC(23455)   Post Evacuate Collection Set: 2.9ms
[2023-11-10T11:53:03.781-0800][76787413ms] GC(23455)   Other: 0.3ms
[2023-11-10T11:53:03.781-0800][76787413ms] GC(23455) Eden regions: 180->0(180)
[2023-11-10T11:53:03.781-0800][76787413ms] GC(23455) Survivor regions: 1->1(23)
[2023-11-10T11:53:03.781-0800][76787413ms] GC(23455) Old regions: 1433->1433
[2023-11-10T11:53:03.781-0800][76787413ms] GC(23455) Humongous regions: 5->5
[2023-11-10T11:53:03.781-0800][76787413ms] GC(23455) Metaspace: 304986K->304986K(1349632K)
[2023-11-10T11:53:03.781-0800][76787413ms] GC(23455) Pause Young (Normal) (G1 Evacuation Pause) 3234M->2874M(3602M) 5.117ms
[2023-11-10T11:53:03.781-0800][76787413ms] GC(23455) User=0.00s Sys=0.00s Real=0.00s
[2023-11-10T11:53:04.213-0800][76787845ms] GC(23456) Pause Young (Normal) (G1 Evacuation Pause)
[2023-11-10T11:53:04.213-0800][76787845ms] GC(23456) Using 10 workers of 10 for evacuation
[2023-11-10T11:53:04.223-0800][76787855ms] GC(23456)   Pre Evacuate Collection Set: 0.0ms
[2023-11-10T11:53:04.223-0800][76787855ms] GC(23456)   Evacuate Collection Set: 1.8ms
[2023-11-10T11:53:04.223-0800][76787855ms] GC(23456)   Post Evacuate Collection Set: 8.1ms
[2023-11-10T11:53:04.223-0800][76787855ms] GC(23456)   Other: 0.3ms
[2023-11-10T11:53:04.223-0800][76787855ms] GC(23456) Eden regions: 180->0(180)
[2023-11-10T11:53:04.223-0800][76787855ms] GC(23456) Survivor regions: 1->1(23)
[2023-11-10T11:53:04.223-0800][76787855ms] GC(23456) Old regions: 1433->1433
[2023-11-10T11:53:04.223-0800][76787855ms] GC(23456) Humongous regions: 5->5
[2023-11-10T11:53:04.223-0800][76787855ms] GC(23456) Metaspace: 304986K->304986K(1349632K)
[2023-11-10T11:53:04.223-0800][76787855ms] GC(23456) Pause Young (Normal) (G1 Evacuation Pause) 3234M->2874M(3602M) 10.362ms
[2023-11-10T11:53:04.223-0800][76787855ms] GC(23456) User=0.00s Sys=0.00s Real=0.01s
[2023-11-10T11:53:04.624-0800][76788256ms] GC(23457) Pause Young (Normal) (G1 Evacuation Pause)
[2023-11-10T11:53:04.624-0800][76788256ms] GC(23457) Using 10 workers of 10 for evacuation
[2023-11-10T11:53:04.630-0800][76788262ms] GC(23457)   Pre Evacuate Collection Set: 0.1ms
[2023-11-10T11:53:04.630-0800][76788262ms] GC(23457)   Evacuate Collection Set: 1.9ms
[2023-11-10T11:53:04.630-0800][76788262ms] GC(23457)   Post Evacuate Collection Set: 3.0ms
[2023-11-10T11:53:04.630-0800][76788262ms] GC(23457)   Other: 0.3ms
[2023-11-10T11:53:04.630-0800][76788262ms] GC(23457) Eden regions: 180->0(180)
[2023-11-10T11:53:04.630-0800][76788262ms] GC(23457) Survivor regions: 1->1(23)
[2023-11-10T11:53:04.630-0800][76788262ms] GC(23457) Old regions: 1433->1433
[2023-11-10T11:53:04.630-0800][76788262ms] GC(23457) Humongous regions: 5->5
[2023-11-10T11:53:04.630-0800][76788262ms] GC(23457) Metaspace: 304986K->304986K(1349632K)
[2023-11-10T11:53:04.630-0800][76788262ms] GC(23457) Pause Young (Normal) (G1 Evacuation Pause) 3234M->2874M(3602M) 5.285ms
[2023-11-10T11:53:04.630-0800][76788262ms] GC(23457) User=0.00s Sys=0.00s Real=0.01s
[2023-11-10T11:53:05.058-0800][76788690ms] GC(23458) Pause Young (Normal) (G1 Evacuation Pause)
[2023-11-10T11:53:05.058-0800][76788690ms] GC(23458) Using 10 workers of 10 for evacuation
[2023-11-10T11:53:05.064-0800][76788696ms] GC(23458)   Pre Evacuate Collection Set: 0.1ms
[2023-11-10T11:53:05.064-0800][76788696ms] GC(23458)   Evacuate Collection Set: 1.7ms
[2023-11-10T11:53:05.064-0800][76788696ms] GC(23458)   Post Evacuate Collection Set: 4.2ms
[2023-11-10T11:53:05.064-0800][76788696ms] GC(23458)   Other: 0.3ms
[2023-11-10T11:53:05.064-0800][76788696ms] GC(23458) Eden regions: 180->0(180)
[2023-11-10T11:53:05.064-0800][76788696ms] GC(23458) Survivor regions: 1->1(23)
[2023-11-10T11:53:05.064-0800][76788696ms] GC(23458) Old regions: 1433->1433
[2023-11-10T11:53:05.064-0800][76788696ms] GC(23458) Humongous regions: 5->5
[2023-11-10T11:53:05.064-0800][76788696ms] GC(23458) Metaspace: 304986K->304986K(1349632K)
[2023-11-10T11:53:05.064-0800][76788696ms] GC(23458) Pause Young (Normal) (G1 Evacuation Pause) 3234M->2875M(3602M) 6.355ms
[2023-11-10T11:53:05.064-0800][76788696ms] GC(23458) User=0.00s Sys=0.00s Real=0.01s
[2023-11-10T11:53:05.483-0800][76789115ms] GC(23459) Pause Young (Normal) (G1 Evacuation Pause)
[2023-11-10T11:53:05.483-0800][76789115ms] GC(23459) Using 10 workers of 10 for evacuation
[2023-11-10T11:53:05.488-0800][76789120ms] GC(23459)   Pre Evacuate Collection Set: 0.1ms
[2023-11-10T11:53:05.488-0800][76789120ms] GC(23459)   Evacuate Collection Set: 1.7ms
[2023-11-10T11:53:05.488-0800][76789120ms] GC(23459)   Post Evacuate Collection Set: 3.1ms
[2023-11-10T11:53:05.488-0800][76789120ms] GC(23459)   Other: 0.3ms
[2023-11-10T11:53:05.488-0800][76789120ms] GC(23459) Eden regions: 180->0(180)
[2023-11-10T11:53:05.488-0800][76789120ms] GC(23459) Survivor regions: 1->1(23)
[2023-11-10T11:53:05.488-0800][76789120ms] GC(23459) Old regions: 1433->1433
[2023-11-10T11:53:05.488-0800][76789120ms] GC(23459) Humongous regions: 5->5
[2023-11-10T11:53:05.488-0800][76789120ms] GC(23459) Metaspace: 304986K->304986K(1349632K)
[2023-11-10T11:53:05.488-0800][76789120ms] GC(23459) Pause Young (Normal) (G1 Evacuation Pause) 3235M->2875M(3602M) 5.278ms
[2023-11-10T11:53:05.488-0800][76789120ms] GC(23459) User=0.00s Sys=0.00s Real=0.00s
[2023-11-10T11:53:05.870-0800][76789502ms] GC(23460) Pause Young (Normal) (G1 Evacuation Pause)
[2023-11-10T11:53:05.870-0800][76789502ms] GC(23460) Using 10 workers of 10 for evacuation
[2023-11-10T11:53:05.875-0800][76789507ms] GC(23460)   Pre Evacuate Collection Set: 0.1ms
[2023-11-10T11:53:05.875-0800][76789507ms] GC(23460)   Evacuate Collection Set: 1.8ms
[2023-11-10T11:53:05.875-0800][76789507ms] GC(23460)   Post Evacuate Collection Set: 3.4ms
[2023-11-10T11:53:05.875-0800][76789507ms] GC(23460)   Other: 0.3ms
[2023-11-10T11:53:05.875-0800][76789507ms] GC(23460) Eden regions: 180->0(180)
[2023-11-10T11:53:05.875-0800][76789507ms] GC(23460) Survivor regions: 1->1(23)
[2023-11-10T11:53:05.875-0800][76789507ms] GC(23460) Old regions: 1433->1433
[2023-11-10T11:53:05.875-0800][76789507ms] GC(23460) Humongous regions: 5->5
[2023-11-10T11:53:05.875-0800][76789507ms] GC(23460) Metaspace: 304986K->304986K(1349632K)
[2023-11-10T11:53:05.875-0800][76789507ms] GC(23460) Pause Young (Normal) (G1 Evacuation Pause) 3235M->2875M(3602M) 5.723ms
[2023-11-10T11:53:05.875-0800][76789507ms] GC(23460) User=0.00s Sys=0.00s Real=0.01s
[2023-11-10T11:53:06.330-0800][76789962ms] GC(23461) Pause Young (Normal) (G1 Evacuation Pause)
[2023-11-10T11:53:06.330-0800][76789962ms] GC(23461) Using 10 workers of 10 for evacuation
[2023-11-10T11:53:06.334-0800][76789966ms] GC(23461)   Pre Evacuate Collection Set: 0.0ms
[2023-11-10T11:53:06.334-0800][76789966ms] GC(23461)   Evacuate Collection Set: 1.7ms
[2023-11-10T11:53:06.334-0800][76789966ms] GC(23461)   Post Evacuate Collection Set: 3.6ms
[2023-11-10T11:53:06.334-0800][76789966ms] GC(23461)   Other: 0.3ms
[2023-11-10T11:53:06.334-0800][76789966ms] GC(23461) Eden regions: 180->0(180)
[2023-11-10T11:53:06.336-0800][76789968ms] GC(23461) Survivor regions: 1->1(23)
[2023-11-10T11:53:06.336-0800][76789968ms] GC(23461) Old regions: 1433->1433
[2023-11-10T11:53:06.336-0800][76789968ms] GC(23461) Humongous regions: 5->5
[2023-11-10T11:53:06.336-0800][76789968ms] GC(23461) Metaspace: 304986K->304986K(1349632K)
[2023-11-10T11:53:06.336-0800][76789968ms] GC(23461) Pause Young (Normal) (G1 Evacuation Pause) 3235M->2875M(3602M) 5.607ms
[2023-11-10T11:53:06.336-0800][76789968ms] GC(23461) User=0.00s Sys=0.00s Real=0.01s
[2023-11-10T11:53:06.778-0800][76790410ms] GC(23462) Pause Young (Normal) (G1 Evacuation Pause)
[2023-11-10T11:53:06.778-0800][76790410ms] GC(23462) Using 10 workers of 10 for evacuation
[2023-11-10T11:53:06.783-0800][76790415ms] GC(23462)   Pre Evacuate Collection Set: 0.0ms
[2023-11-10T11:53:06.783-0800][76790415ms] GC(23462)   Evacuate Collection Set: 1.8ms
[2023-11-10T11:53:06.783-0800][76790415ms] GC(23462)   Post Evacuate Collection Set: 3.1ms
[2023-11-10T11:53:06.783-0800][76790415ms] GC(23462)   Other: 0.2ms
[2023-11-10T11:53:06.783-0800][76790415ms] GC(23462) Eden regions: 180->0(180)
[2023-11-10T11:53:06.783-0800][76790415ms] GC(23462) Survivor regions: 1->1(23)
[2023-11-10T11:53:06.783-0800][76790415ms] GC(23462) Old regions: 1433->1433
[2023-11-10T11:53:06.783-0800][76790415ms] GC(23462) Humongous regions: 5->5
[2023-11-10T11:53:06.783-0800][76790415ms] GC(23462) Metaspace: 304986K->304986K(1349632K)
[2023-11-10T11:53:06.783-0800][76790415ms] GC(23462) Pause Young (Normal) (G1 Evacuation Pause) 3235M->2875M(3602M) 5.256ms
[2023-11-10T11:53:06.783-0800][76790415ms] GC(23462) User=0.00s Sys=0.00s Real=0.00s
[2023-11-10T11:53:07.232-0800][76790864ms] GC(23463) Pause Young (Normal) (G1 Evacuation Pause)
[2023-11-10T11:53:07.232-0800][76790864ms] GC(23463) Using 10 workers of 10 for evacuation
[2023-11-10T11:53:07.238-0800][76790870ms] GC(23463)   Pre Evacuate Collection Set: 0.0ms
[2023-11-10T11:53:07.238-0800][76790870ms] GC(23463)   Evacuate Collection Set: 1.7ms
[2023-11-10T11:53:07.238-0800][76790870ms] GC(23463)   Post Evacuate Collection Set: 3.2ms
[2023-11-10T11:53:07.238-0800][76790870ms] GC(23463)   Other: 0.4ms
[2023-11-10T11:53:07.238-0800][76790870ms] GC(23463) Eden regions: 180->0(180)
[2023-11-10T11:53:07.238-0800][76790870ms] GC(23463) Survivor regions: 1->1(23)
[2023-11-10T11:53:07.238-0800][76790870ms] GC(23463) Old regions: 1433->1433
[2023-11-10T11:53:07.238-0800][76790870ms] GC(23463) Humongous regions: 5->5
[2023-11-10T11:53:07.238-0800][76790870ms] GC(23463) Metaspace: 304986K->304986K(1349632K)
[2023-11-10T11:53:07.238-0800][76790870ms] GC(23463) Pause Young (Normal) (G1 Evacuation Pause) 3235M->2875M(3602M) 5.473ms
[2023-11-10T11:53:07.238-0800][76790870ms] GC(23463) User=0.00s Sys=0.00s Real=0.01s
[2023-11-10T11:53:07.708-0800][76791340ms] GC(23464) Pause Young (Normal) (G1 Evacuation Pause)
[2023-11-10T11:53:07.708-0800][76791340ms] GC(23464) Using 10 workers of 10 for evacuation
[2023-11-10T11:53:07.714-0800][76791346ms] GC(23464)   Pre Evacuate Collection Set: 0.1ms
[2023-11-10T11:53:07.714-0800][76791346ms] GC(23464)   Evacuate Collection Set: 1.9ms
[2023-11-10T11:53:07.714-0800][76791346ms] GC(23464)   Post Evacuate Collection Set: 3.6ms
[2023-11-10T11:53:07.714-0800][76791346ms] GC(23464)   Other: 0.3ms
[2023-11-10T11:53:07.714-0800][76791346ms] GC(23464) Eden regions: 180->0(180)
[2023-11-10T11:53:07.714-0800][76791346ms] GC(23464) Survivor regions: 1->1(23)
[2023-11-10T11:53:07.714-0800][76791346ms] GC(23464) Old regions: 1433->1433
[2023-11-10T11:53:07.714-0800][76791346ms] GC(23464) Humongous regions: 5->5
[2023-11-10T11:53:07.714-0800][76791346ms] GC(23464) Metaspace: 304986K->304986K(1349632K)
[2023-11-10T11:53:07.714-0800][76791346ms] GC(23464) Pause Young (Normal) (G1 Evacuation Pause) 3235M->2875M(3602M) 6.031ms
[2023-11-10T11:53:07.714-0800][76791346ms] GC(23464) User=0.02s Sys=0.00s Real=0.01s
[2023-11-10T11:53:08.132-0800][76791764ms] GC(23465) Pause Young (Normal) (G1 Evacuation Pause)
[2023-11-10T11:53:08.132-0800][76791764ms] GC(23465) Using 10 workers of 10 for evacuation
[2023-11-10T11:53:08.137-0800][76791769ms] GC(23465)   Pre Evacuate Collection Set: 0.0ms
[2023-11-10T11:53:08.137-0800][76791769ms] GC(23465)   Evacuate Collection Set: 1.8ms
[2023-11-10T11:53:08.137-0800][76791769ms] GC(23465)   Post Evacuate Collection Set: 3.3ms
[2023-11-10T11:53:08.137-0800][76791769ms] GC(23465)   Other: 0.3ms
[2023-11-10T11:53:08.137-0800][76791769ms] GC(23465) Eden regions: 180->0(180)
[2023-11-10T11:53:08.137-0800][76791769ms] GC(23465) Survivor regions: 1->1(23)
[2023-11-10T11:53:08.137-0800][76791769ms] GC(23465) Old regions: 1433->1433
[2023-11-10T11:53:08.137-0800][76791769ms] GC(23465) Humongous regions: 5->5
[2023-11-10T11:53:08.137-0800][76791769ms] GC(23465) Metaspace: 304986K->304986K(1349632K)
[2023-11-10T11:53:08.137-0800][76791769ms] GC(23465) Pause Young (Normal) (G1 Evacuation Pause) 3235M->2875M(3602M) 5.475ms
[2023-11-10T11:53:08.137-0800][76791769ms] GC(23465) User=0.05s Sys=0.00s Real=0.01s
[2023-11-10T11:53:08.557-0800][76792189ms] GC(23466) Pause Young (Normal) (G1 Evacuation Pause)
[2023-11-10T11:53:08.557-0800][76792189ms] GC(23466) Using 10 workers of 10 for evacuation
[2023-11-10T11:53:08.563-0800][76792195ms] GC(23466)   Pre Evacuate Collection Set: 0.1ms
[2023-11-10T11:53:08.563-0800][76792195ms] GC(23466)   Evacuate Collection Set: 1.9ms
[2023-11-10T11:53:08.563-0800][76792195ms] GC(23466)   Post Evacuate Collection Set: 3.7ms
[2023-11-10T11:53:08.563-0800][76792195ms] GC(23466)   Other: 0.3ms
[2023-11-10T11:53:08.563-0800][76792195ms] GC(23466) Eden regions: 180->0(180)
[2023-11-10T11:53:08.563-0800][76792195ms] GC(23466) Survivor regions: 1->1(23)
[2023-11-10T11:53:08.563-0800][76792195ms] GC(23466) Old regions: 1433->1433
[2023-11-10T11:53:08.563-0800][76792195ms] GC(23466) Humongous regions: 5->5
[2023-11-10T11:53:08.563-0800][76792195ms] GC(23466) Metaspace: 304986K->304986K(1349632K)
[2023-11-10T11:53:08.563-0800][76792195ms] GC(23466) Pause Young (Normal) (G1 Evacuation Pause) 3235M->2875M(3602M) 6.083ms
[2023-11-10T11:53:08.563-0800][76792195ms] GC(23466) User=0.00s Sys=0.00s Real=0.01s
[2023-11-10T11:53:09.024-0800][76792656ms] GC(23467) Pause Young (Normal) (G1 Evacuation Pause)
[2023-11-10T11:53:09.024-0800][76792656ms] GC(23467) Using 10 workers of 10 for evacuation
[2023-11-10T11:53:09.032-0800][76792664ms] GC(23467)   Pre Evacuate Collection Set: 0.1ms
[2023-11-10T11:53:09.032-0800][76792664ms] GC(23467)   Evacuate Collection Set: 4.7ms
[2023-11-10T11:53:09.032-0800][76792664ms] GC(23467)   Post Evacuate Collection Set: 4.0ms
[2023-11-10T11:53:09.032-0800][76792664ms] GC(23467)   Other: 0.4ms
[2023-11-10T11:53:09.032-0800][76792664ms] GC(23467) Eden regions: 180->0(180)
[2023-11-10T11:53:09.032-0800][76792664ms] GC(23467) Survivor regions: 1->1(23)
[2023-11-10T11:53:09.032-0800][76792664ms] GC(23467) Old regions: 1433->1433
[2023-11-10T11:53:09.032-0800][76792664ms] GC(23467) Humongous regions: 5->5
[2023-11-10T11:53:09.032-0800][76792664ms] GC(23467) Metaspace: 304986K->304986K(1349632K)
[2023-11-10T11:53:09.032-0800][76792664ms] GC(23467) Pause Young (Normal) (G1 Evacuation Pause) 3235M->2875M(3602M) 9.235ms
[2023-11-10T11:53:09.033-0800][76792665ms] GC(23467) User=0.00s Sys=0.00s Real=0.01s
[2023-11-10T11:53:09.496-0800][76793128ms] GC(23468) Pause Young (Normal) (G1 Evacuation Pause)
[2023-11-10T11:53:09.496-0800][76793128ms] GC(23468) Using 10 workers of 10 for evacuation
[2023-11-10T11:53:09.500-0800][76793132ms] GC(23468)   Pre Evacuate Collection Set: 0.0ms
[2023-11-10T11:53:09.500-0800][76793132ms] GC(23468)   Evacuate Collection Set: 1.6ms
[2023-11-10T11:53:09.500-0800][76793132ms] GC(23468)   Post Evacuate Collection Set: 3.0ms
[2023-11-10T11:53:09.500-0800][76793132ms] GC(23468)   Other: 0.3ms
[2023-11-10T11:53:09.500-0800][76793132ms] GC(23468) Eden regions: 180->0(180)
[2023-11-10T11:53:09.500-0800][76793132ms] GC(23468) Survivor regions: 1->1(23)
[2023-11-10T11:53:09.500-0800][76793132ms] GC(23468) Old regions: 1433->1433
[2023-11-10T11:53:09.500-0800][76793132ms] GC(23468) Humongous regions: 5->5
[2023-11-10T11:53:09.500-0800][76793132ms] GC(23468) Metaspace: 304986K->304986K(1349632K)
[2023-11-10T11:53:09.500-0800][76793132ms] GC(23468) Pause Young (Normal) (G1 Evacuation Pause) 3235M->2875M(3602M) 5.055ms
[2023-11-10T11:53:09.500-0800][76793132ms] GC(23468) User=0.00s Sys=0.00s Real=0.00s
[2023-11-10T11:53:09.942-0800][76793574ms] GC(23469) Pause Young (Normal) (G1 Evacuation Pause)
[2023-11-10T11:53:09.942-0800][76793574ms] GC(23469) Using 10 workers of 10 for evacuation
[2023-11-10T11:53:09.951-0800][76793583ms] GC(23469)   Pre Evacuate Collection Set: 0.0ms
[2023-11-10T11:53:09.951-0800][76793583ms] GC(23469)   Evacuate Collection Set: 2.1ms
[2023-11-10T11:53:09.951-0800][76793583ms] GC(23469)   Post Evacuate Collection Set: 6.2ms
[2023-11-10T11:53:09.951-0800][76793583ms] GC(23469)   Other: 0.3ms
[2023-11-10T11:53:09.951-0800][76793583ms] GC(23469) Eden regions: 180->0(180)
[2023-11-10T11:53:09.951-0800][76793583ms] GC(23469) Survivor regions: 1->1(23)
[2023-11-10T11:53:09.951-0800][76793583ms] GC(23469) Old regions: 1433->1433
[2023-11-10T11:53:09.951-0800][76793583ms] GC(23469) Humongous regions: 5->5
[2023-11-10T11:53:09.951-0800][76793583ms] GC(23469) Metaspace: 304986K->304986K(1349632K)
[2023-11-10T11:53:09.951-0800][76793583ms] GC(23469) Pause Young (Normal) (G1 Evacuation Pause) 3235M->2875M(3602M) 9.049ms
[2023-11-10T11:53:09.951-0800][76793583ms] GC(23469) User=0.02s Sys=0.00s Real=0.01s
[2023-11-10T11:53:10.424-0800][76794056ms] GC(23470) Pause Young (Normal) (G1 Evacuation Pause)
[2023-11-10T11:53:10.424-0800][76794056ms] GC(23470) Using 10 workers of 10 for evacuation
[2023-11-10T11:53:10.429-0800][76794061ms] GC(23470)   Pre Evacuate Collection Set: 0.0ms
[2023-11-10T11:53:10.429-0800][76794062ms] GC(23470)   Evacuate Collection Set: 1.8ms
[2023-11-10T11:53:10.430-0800][76794062ms] GC(23470)   Post Evacuate Collection Set: 3.1ms
[2023-11-10T11:53:10.430-0800][76794062ms] GC(23470)   Other: 0.3ms
[2023-11-10T11:53:10.430-0800][76794062ms] GC(23470) Eden regions: 180->0(180)
[2023-11-10T11:53:10.430-0800][76794062ms] GC(23470) Survivor regions: 1->1(23)
[2023-11-10T11:53:10.430-0800][76794062ms] GC(23470) Old regions: 1433->1433
[2023-11-10T11:53:10.430-0800][76794062ms] GC(23470) Humongous regions: 5->5
[2023-11-10T11:53:10.430-0800][76794062ms] GC(23470) Metaspace: 304986K->304986K(1349632K)
[2023-11-10T11:53:10.430-0800][76794062ms] GC(23470) Pause Young (Normal) (G1 Evacuation Pause) 3235M->2875M(3602M) 5.374ms
[2023-11-10T11:53:10.430-0800][76794062ms] GC(23470) User=0.00s Sys=0.00s Real=0.01s
[2023-11-10T11:53:10.885-0800][76794517ms] GC(23471) Pause Young (Normal) (G1 Evacuation Pause)
[2023-11-10T11:53:10.885-0800][76794517ms] GC(23471) Using 10 workers of 10 for evacuation
[2023-11-10T11:53:10.891-0800][76794523ms] GC(23471)   Pre Evacuate Collection Set: 0.0ms
[2023-11-10T11:53:10.891-0800][76794523ms] GC(23471)   Evacuate Collection Set: 1.6ms
[2023-11-10T11:53:10.891-0800][76794523ms] GC(23471)   Post Evacuate Collection Set: 4.0ms
[2023-11-10T11:53:10.891-0800][76794523ms] GC(23471)   Other: 0.3ms
[2023-11-10T11:53:10.891-0800][76794523ms] GC(23471) Eden regions: 180->0(180)
[2023-11-10T11:53:10.891-0800][76794523ms] GC(23471) Survivor regions: 1->1(23)
[2023-11-10T11:53:10.891-0800][76794523ms] GC(23471) Old regions: 1433->1433
[2023-11-10T11:53:10.891-0800][76794523ms] GC(23471) Humongous regions: 5->5
[2023-11-10T11:53:10.891-0800][76794523ms] GC(23471) Metaspace: 304986K->304986K(1349632K)
[2023-11-10T11:53:10.891-0800][76794523ms] GC(23471) Pause Young (Normal) (G1 Evacuation Pause) 3235M->2875M(3602M) 6.097ms
[2023-11-10T11:53:10.891-0800][76794523ms] GC(23471) User=0.00s Sys=0.00s Real=0.01s
[2023-11-10T11:53:11.385-0800][76795017ms] GC(23472) Pause Young (Normal) (G1 Evacuation Pause)
[2023-11-10T11:53:11.385-0800][76795017ms] GC(23472) Using 10 workers of 10 for evacuation
[2023-11-10T11:53:11.391-0800][76795023ms] GC(23472)   Pre Evacuate Collection Set: 0.1ms
[2023-11-10T11:53:11.391-0800][76795023ms] GC(23472)   Evacuate Collection Set: 2.0ms
[2023-11-10T11:53:11.391-0800][76795023ms] GC(23472)   Post Evacuate Collection Set: 3.8ms
[2023-11-10T11:53:11.391-0800][76795023ms] GC(23472)   Other: 0.3ms
[2023-11-10T11:53:11.391-0800][76795023ms] GC(23472) Eden regions: 180->0(180)
[2023-11-10T11:53:11.391-0800][76795023ms] GC(23472) Survivor regions: 1->1(23)
[2023-11-10T11:53:11.391-0800][76795023ms] GC(23472) Old regions: 1433->1433
[2023-11-10T11:53:11.391-0800][76795023ms] GC(23472) Humongous regions: 5->5
[2023-11-10T11:53:11.391-0800][76795023ms] GC(23472) Metaspace: 304986K->304986K(1349632K)
[2023-11-10T11:53:11.391-0800][76795023ms] GC(23472) Pause Young (Normal) (G1 Evacuation Pause) 3235M->2875M(3602M) 6.238ms
[2023-11-10T11:53:11.391-0800][76795023ms] GC(23472) User=0.00s Sys=0.00s Real=0.01s
[2023-11-10T11:53:11.797-0800][76795430ms] GC(23473) Pause Young (Normal) (G1 Evacuation Pause)
[2023-11-10T11:53:11.798-0800][76795430ms] GC(23473) Using 10 workers of 10 for evacuation
[2023-11-10T11:53:11.805-0800][76795437ms] GC(23473)   Pre Evacuate Collection Set: 0.1ms
[2023-11-10T11:53:11.805-0800][76795437ms] GC(23473)   Evacuate Collection Set: 2.7ms
[2023-11-10T11:53:11.805-0800][76795437ms] GC(23473)   Post Evacuate Collection Set: 4.1ms
[2023-11-10T11:53:11.805-0800][76795437ms] GC(23473)   Other: 0.3ms
[2023-11-10T11:53:11.805-0800][76795437ms] GC(23473) Eden regions: 180->0(180)
[2023-11-10T11:53:11.805-0800][76795437ms] GC(23473) Survivor regions: 1->1(23)
[2023-11-10T11:53:11.805-0800][76795437ms] GC(23473) Old regions: 1433->1433
[2023-11-10T11:53:11.805-0800][76795437ms] GC(23473) Humongous regions: 5->5
[2023-11-10T11:53:11.805-0800][76795437ms] GC(23473) Metaspace: 304986K->304986K(1349632K)
[2023-11-10T11:53:11.805-0800][76795437ms] GC(23473) Pause Young (Normal) (G1 Evacuation Pause) 3235M->2875M(3602M) 7.254ms
[2023-11-10T11:53:11.805-0800][76795437ms] GC(23473) User=0.02s Sys=0.00s Real=0.01s
[2023-11-10T11:53:12.309-0800][76795941ms] GC(23474) Pause Young (Normal) (G1 Evacuation Pause)
[2023-11-10T11:53:12.309-0800][76795941ms] GC(23474) Using 10 workers of 10 for evacuation
[2023-11-10T11:53:12.315-0800][76795947ms] GC(23474)   Pre Evacuate Collection Set: 0.1ms
[2023-11-10T11:53:12.315-0800][76795947ms] GC(23474)   Evacuate Collection Set: 2.6ms
[2023-11-10T11:53:12.315-0800][76795947ms] GC(23474)   Post Evacuate Collection Set: 4.2ms
[2023-11-10T11:53:12.316-0800][76795948ms] GC(23474)   Other: 0.3ms
[2023-11-10T11:53:12.316-0800][76795948ms] GC(23474) Eden regions: 180->0(180)
[2023-11-10T11:53:12.316-0800][76795948ms] GC(23474) Survivor regions: 1->1(23)
[2023-11-10T11:53:12.316-0800][76795948ms] GC(23474) Old regions: 1433->1433
[2023-11-10T11:53:12.316-0800][76795948ms] GC(23474) Humongous regions: 5->5
[2023-11-10T11:53:12.316-0800][76795948ms] GC(23474) Metaspace: 304986K->304986K(1349632K)
[2023-11-10T11:53:12.316-0800][76795948ms] GC(23474) Pause Young (Normal) (G1 Evacuation Pause) 3235M->2875M(3602M) 7.286ms
[2023-11-10T11:53:12.316-0800][76795948ms] GC(23474) User=0.00s Sys=0.00s Real=0.01s
[2023-11-10T11:53:12.771-0800][76796403ms] GC(23475) Pause Young (Normal) (G1 Evacuation Pause)
[2023-11-10T11:53:12.771-0800][76796403ms] GC(23475) Using 10 workers of 10 for evacuation
[2023-11-10T11:53:12.777-0800][76796409ms] GC(23475)   Pre Evacuate Collection Set: 0.0ms
[2023-11-10T11:53:12.777-0800][76796409ms] GC(23475)   Evacuate Collection Set: 1.9ms
[2023-11-10T11:53:12.777-0800][76796409ms] GC(23475)   Post Evacuate Collection Set: 3.4ms
[2023-11-10T11:53:12.777-0800][76796409ms] GC(23475)   Other: 0.3ms
[2023-11-10T11:53:12.777-0800][76796409ms] GC(23475) Eden regions: 180->0(180)
[2023-11-10T11:53:12.777-0800][76796409ms] GC(23475) Survivor regions: 1->1(23)
[2023-11-10T11:53:12.777-0800][76796409ms] GC(23475) Old regions: 1433->1433
[2023-11-10T11:53:12.777-0800][76796409ms] GC(23475) Humongous regions: 5->5
[2023-11-10T11:53:12.777-0800][76796409ms] GC(23475) Metaspace: 304986K->304986K(1349632K)
[2023-11-10T11:53:12.777-0800][76796409ms] GC(23475) Pause Young (Normal) (G1 Evacuation Pause) 3235M->2875M(3602M) 5.756ms
[2023-11-10T11:53:12.777-0800][76796409ms] GC(23475) User=0.05s Sys=0.00s Real=0.01s
[2023-11-10T11:53:13.177-0800][76796809ms] GC(23476) Pause Young (Normal) (G1 Evacuation Pause)
[2023-11-10T11:53:13.177-0800][76796809ms] GC(23476) Using 10 workers of 10 for evacuation
[2023-11-10T11:53:13.181-0800][76796813ms] GC(23476)   Pre Evacuate Collection Set: 0.0ms
[2023-11-10T11:53:13.181-0800][76796813ms] GC(23476)   Evacuate Collection Set: 1.8ms
[2023-11-10T11:53:13.181-0800][76796813ms] GC(23476)   Post Evacuate Collection Set: 2.9ms
[2023-11-10T11:53:13.182-0800][76796814ms] GC(23476)   Other: 0.3ms
[2023-11-10T11:53:13.182-0800][76796814ms] GC(23476) Eden regions: 180->0(180)
[2023-11-10T11:53:13.182-0800][76796814ms] GC(23476) Survivor regions: 1->1(23)
[2023-11-10T11:53:13.182-0800][76796814ms] GC(23476) Old regions: 1433->1433
[2023-11-10T11:53:13.182-0800][76796814ms] GC(23476) Humongous regions: 5->5
[2023-11-10T11:53:13.182-0800][76796814ms] GC(23476) Metaspace: 304986K->304986K(1349632K)
[2023-11-10T11:53:13.182-0800][76796814ms] GC(23476) Pause Young (Normal) (G1 Evacuation Pause) 3235M->2875M(3602M) 5.149ms
[2023-11-10T11:53:13.182-0800][76796814ms] GC(23476) User=0.02s Sys=0.00s Real=0.00s
[2023-11-10T11:53:13.594-0800][76797226ms] GC(23477) Pause Young (Normal) (G1 Evacuation Pause)
[2023-11-10T11:53:13.594-0800][76797226ms] GC(23477) Using 10 workers of 10 for evacuation
[2023-11-10T11:53:13.605-0800][76797237ms] GC(23477)   Pre Evacuate Collection Set: 0.0ms
[2023-11-10T11:53:13.605-0800][76797237ms] GC(23477)   Evacuate Collection Set: 7.4ms
[2023-11-10T11:53:13.605-0800][76797237ms] GC(23477)   Post Evacuate Collection Set: 3.0ms
[2023-11-10T11:53:13.605-0800][76797237ms] GC(23477)   Other: 0.3ms
[2023-11-10T11:53:13.605-0800][76797237ms] GC(23477) Eden regions: 180->0(180)
[2023-11-10T11:53:13.605-0800][76797237ms] GC(23477) Survivor regions: 1->1(23)
[2023-11-10T11:53:13.605-0800][76797237ms] GC(23477) Old regions: 1433->1433
[2023-11-10T11:53:13.605-0800][76797237ms] GC(23477) Humongous regions: 5->5
[2023-11-10T11:53:13.605-0800][76797237ms] GC(23477) Metaspace: 304986K->304986K(1349632K)
[2023-11-10T11:53:13.605-0800][76797237ms] GC(23477) Pause Young (Normal) (G1 Evacuation Pause) 3235M->2875M(3602M) 10.906ms
[2023-11-10T11:53:13.605-0800][76797237ms] GC(23477) User=0.00s Sys=0.00s Real=0.01s
[2023-11-10T11:53:14.087-0800][76797719ms] GC(23478) Pause Young (Normal) (G1 Evacuation Pause)
[2023-11-10T11:53:14.087-0800][76797719ms] GC(23478) Using 10 workers of 10 for evacuation
[2023-11-10T11:53:14.092-0800][76797724ms] GC(23478)   Pre Evacuate Collection Set: 0.0ms
[2023-11-10T11:53:14.092-0800][76797724ms] GC(23478)   Evacuate Collection Set: 1.7ms
[2023-11-10T11:53:14.092-0800][76797724ms] GC(23478)   Post Evacuate Collection Set: 3.3ms
[2023-11-10T11:53:14.092-0800][76797724ms] GC(23478)   Other: 0.3ms
[2023-11-10T11:53:14.092-0800][76797724ms] GC(23478) Eden regions: 180->0(180)
[2023-11-10T11:53:14.092-0800][76797724ms] GC(23478) Survivor regions: 1->1(23)
[2023-11-10T11:53:14.092-0800][76797724ms] GC(23478) Old regions: 1433->1433
[2023-11-10T11:53:14.092-0800][76797724ms] GC(23478) Humongous regions: 5->5
[2023-11-10T11:53:14.092-0800][76797724ms] GC(23478) Metaspace: 304986K->304986K(1349632K)
[2023-11-10T11:53:14.092-0800][76797724ms] GC(23478) Pause Young (Normal) (G1 Evacuation Pause) 3235M->2875M(3602M) 5.471ms
[2023-11-10T11:53:14.092-0800][76797724ms] GC(23478) User=0.00s Sys=0.00s Real=0.01s
[2023-11-10T11:53:14.573-0800][76798205ms] GC(23479) Pause Young (Normal) (G1 Evacuation Pause)
[2023-11-10T11:53:14.573-0800][76798205ms] GC(23479) Using 10 workers of 10 for evacuation
[2023-11-10T11:53:14.579-0800][76798211ms] GC(23479)   Pre Evacuate Collection Set: 0.0ms
[2023-11-10T11:53:14.579-0800][76798211ms] GC(23479)   Evacuate Collection Set: 1.7ms
[2023-11-10T11:53:14.579-0800][76798211ms] GC(23479)   Post Evacuate Collection Set: 4.2ms
[2023-11-10T11:53:14.579-0800][76798211ms] GC(23479)   Other: 0.3ms
[2023-11-10T11:53:14.579-0800][76798211ms] GC(23479) Eden regions: 180->0(180)
[2023-11-10T11:53:14.579-0800][76798211ms] GC(23479) Survivor regions: 1->1(23)
[2023-11-10T11:53:14.580-0800][76798212ms] GC(23479) Old regions: 1433->1433
[2023-11-10T11:53:14.580-0800][76798212ms] GC(23479) Humongous regions: 5->5
[2023-11-10T11:53:14.580-0800][76798212ms] GC(23479) Metaspace: 304986K->304986K(1349632K)
[2023-11-10T11:53:14.580-0800][76798212ms] GC(23479) Pause Young (Normal) (G1 Evacuation Pause) 3235M->2875M(3602M) 6.395ms
[2023-11-10T11:53:14.580-0800][76798212ms] GC(23479) User=0.00s Sys=0.00s Real=0.01s
[2023-11-10T11:53:14.990-0800][76798622ms] GC(23480) Pause Young (Normal) (G1 Evacuation Pause)
[2023-11-10T11:53:14.990-0800][76798622ms] GC(23480) Using 10 workers of 10 for evacuation
[2023-11-10T11:53:14.995-0800][76798627ms] GC(23480)   Pre Evacuate Collection Set: 0.0ms
[2023-11-10T11:53:14.995-0800][76798627ms] GC(23480)   Evacuate Collection Set: 1.8ms
[2023-11-10T11:53:14.995-0800][76798627ms] GC(23480)   Post Evacuate Collection Set: 3.1ms
[2023-11-10T11:53:14.995-0800][76798627ms] GC(23480)   Other: 0.3ms
[2023-11-10T11:53:14.995-0800][76798627ms] GC(23480) Eden regions: 180->0(180)
[2023-11-10T11:53:14.995-0800][76798627ms] GC(23480) Survivor regions: 1->1(23)
[2023-11-10T11:53:14.995-0800][76798627ms] GC(23480) Old regions: 1433->1433
[2023-11-10T11:53:14.995-0800][76798627ms] GC(23480) Humongous regions: 5->5
[2023-11-10T11:53:14.995-0800][76798627ms] GC(23480) Metaspace: 304986K->304986K(1349632K)
[2023-11-10T11:53:14.995-0800][76798627ms] GC(23480) Pause Young (Normal) (G1 Evacuation Pause) 3235M->2875M(3602M) 5.245ms
[2023-11-10T11:53:14.996-0800][76798628ms] GC(23480) User=0.06s Sys=0.02s Real=0.00s
[2023-11-10T11:53:15.430-0800][76799062ms] GC(23481) Pause Young (Normal) (G1 Evacuation Pause)
[2023-11-10T11:53:15.430-0800][76799062ms] GC(23481) Using 10 workers of 10 for evacuation
[2023-11-10T11:53:15.435-0800][76799067ms] GC(23481)   Pre Evacuate Collection Set: 0.0ms
[2023-11-10T11:53:15.435-0800][76799067ms] GC(23481)   Evacuate Collection Set: 1.8ms
[2023-11-10T11:53:15.435-0800][76799067ms] GC(23481)   Post Evacuate Collection Set: 3.1ms
[2023-11-10T11:53:15.435-0800][76799067ms] GC(23481)   Other: 0.3ms
[2023-11-10T11:53:15.435-0800][76799067ms] GC(23481) Eden regions: 180->0(180)
[2023-11-10T11:53:15.435-0800][76799067ms] GC(23481) Survivor regions: 1->1(23)
[2023-11-10T11:53:15.435-0800][76799067ms] GC(23481) Old regions: 1433->1433
[2023-11-10T11:53:15.435-0800][76799067ms] GC(23481) Humongous regions: 5->5
[2023-11-10T11:53:15.435-0800][76799067ms] GC(23481) Metaspace: 304986K->304986K(1349632K)
[2023-11-10T11:53:15.435-0800][76799067ms] GC(23481) Pause Young (Normal) (G1 Evacuation Pause) 3235M->2875M(3602M) 5.215ms
[2023-11-10T11:53:15.435-0800][76799067ms] GC(23481) User=0.00s Sys=0.00s Real=0.00s
[2023-11-10T11:53:15.827-0800][76799459ms] GC(23482) Pause Young (Normal) (G1 Evacuation Pause)
[2023-11-10T11:53:15.827-0800][76799459ms] GC(23482) Using 10 workers of 10 for evacuation
[2023-11-10T11:53:15.831-0800][76799463ms] GC(23482)   Pre Evacuate Collection Set: 0.1ms
[2023-11-10T11:53:15.831-0800][76799463ms] GC(23482)   Evacuate Collection Set: 1.7ms
[2023-11-10T11:53:15.831-0800][76799463ms] GC(23482)   Post Evacuate Collection Set: 3.1ms
[2023-11-10T11:53:15.831-0800][76799463ms] GC(23482)   Other: 0.3ms
[2023-11-10T11:53:15.831-0800][76799463ms] GC(23482) Eden regions: 180->0(180)
[2023-11-10T11:53:15.831-0800][76799463ms] GC(23482) Survivor regions: 1->1(23)
[2023-11-10T11:53:15.831-0800][76799463ms] GC(23482) Old regions: 1433->1433
[2023-11-10T11:53:15.831-0800][76799463ms] GC(23482) Humongous regions: 5->5
[2023-11-10T11:53:15.831-0800][76799463ms] GC(23482) Metaspace: 304986K->304986K(1349632K)
[2023-11-10T11:53:15.831-0800][76799463ms] GC(23482) Pause Young (Normal) (G1 Evacuation Pause) 3235M->2875M(3602M) 5.245ms
[2023-11-10T11:53:15.831-0800][76799463ms] GC(23482) User=0.00s Sys=0.00s Real=0.00s
[2023-11-10T11:53:16.215-0800][76799847ms] GC(23483) Pause Young (Normal) (G1 Evacuation Pause)
[2023-11-10T11:53:16.215-0800][76799847ms] GC(23483) Using 10 workers of 10 for evacuation
[2023-11-10T11:53:16.221-0800][76799853ms] GC(23483)   Pre Evacuate Collection Set: 0.0ms
[2023-11-10T11:53:16.221-0800][76799853ms] GC(23483)   Evacuate Collection Set: 1.7ms
[2023-11-10T11:53:16.221-0800][76799853ms] GC(23483)   Post Evacuate Collection Set: 3.2ms
[2023-11-10T11:53:16.221-0800][76799853ms] GC(23483)   Other: 0.3ms
[2023-11-10T11:53:16.221-0800][76799853ms] GC(23483) Eden regions: 180->0(180)
[2023-11-10T11:53:16.221-0800][76799853ms] GC(23483) Survivor regions: 1->1(23)
[2023-11-10T11:53:16.221-0800][76799853ms] GC(23483) Old regions: 1433->1433
[2023-11-10T11:53:16.221-0800][76799853ms] GC(23483) Humongous regions: 5->5
[2023-11-10T11:53:16.221-0800][76799853ms] GC(23483) Metaspace: 304986K->304986K(1349632K)
[2023-11-10T11:53:16.221-0800][76799853ms] GC(23483) Pause Young (Normal) (G1 Evacuation Pause) 3235M->2875M(3602M) 5.304ms
[2023-11-10T11:53:16.221-0800][76799853ms] GC(23483) User=0.00s Sys=0.00s Real=0.01s
[2023-11-10T11:53:16.683-0800][76800315ms] GC(23484) Pause Young (Normal) (G1 Evacuation Pause)
[2023-11-10T11:53:16.683-0800][76800315ms] GC(23484) Using 10 workers of 10 for evacuation
[2023-11-10T11:53:16.688-0800][76800320ms] GC(23484)   Pre Evacuate Collection Set: 0.0ms
[2023-11-10T11:53:16.689-0800][76800321ms] GC(23484)   Evacuate Collection Set: 1.6ms
[2023-11-10T11:53:16.689-0800][76800321ms] GC(23484)   Post Evacuate Collection Set: 3.4ms
[2023-11-10T11:53:16.689-0800][76800321ms] GC(23484)   Other: 0.3ms
[2023-11-10T11:53:16.689-0800][76800321ms] GC(23484) Eden regions: 180->0(180)
[2023-11-10T11:53:16.689-0800][76800321ms] GC(23484) Survivor regions: 1->1(23)
[2023-11-10T11:53:16.689-0800][76800321ms] GC(23484) Old regions: 1433->1433
[2023-11-10T11:53:16.689-0800][76800321ms] GC(23484) Humongous regions: 5->5
[2023-11-10T11:53:16.689-0800][76800321ms] GC(23484) Metaspace: 304986K->304986K(1349632K)
[2023-11-10T11:53:16.689-0800][76800321ms] GC(23484) Pause Young (Normal) (G1 Evacuation Pause) 3235M->2875M(3602M) 5.450ms
[2023-11-10T11:53:16.689-0800][76800321ms] GC(23484) User=0.00s Sys=0.00s Real=0.01s
[2023-11-10T11:53:17.131-0800][76800763ms] GC(23485) Pause Young (Normal) (G1 Evacuation Pause)
[2023-11-10T11:53:17.131-0800][76800763ms] GC(23485) Using 10 workers of 10 for evacuation
[2023-11-10T11:53:17.137-0800][76800769ms] GC(23485)   Pre Evacuate Collection Set: 0.1ms
[2023-11-10T11:53:17.137-0800][76800769ms] GC(23485)   Evacuate Collection Set: 2.0ms
[2023-11-10T11:53:17.137-0800][76800769ms] GC(23485)   Post Evacuate Collection Set: 4.0ms
[2023-11-10T11:53:17.137-0800][76800769ms] GC(23485)   Other: 0.4ms
[2023-11-10T11:53:17.137-0800][76800769ms] GC(23485) Eden regions: 180->0(180)
[2023-11-10T11:53:17.137-0800][76800769ms] GC(23485) Survivor regions: 1->1(23)
[2023-11-10T11:53:17.137-0800][76800769ms] GC(23485) Old regions: 1433->1433
[2023-11-10T11:53:17.137-0800][76800769ms] GC(23485) Humongous regions: 5->5
[2023-11-10T11:53:17.137-0800][76800769ms] GC(23485) Metaspace: 304986K->304986K(1349632K)
[2023-11-10T11:53:17.137-0800][76800769ms] GC(23485) Pause Young (Normal) (G1 Evacuation Pause) 3235M->2876M(3602M) 6.571ms
[2023-11-10T11:53:17.137-0800][76800769ms] GC(23485) User=0.02s Sys=0.00s Real=0.01s
[2023-11-10T11:53:17.598-0800][76801230ms] GC(23486) Pause Young (Normal) (G1 Evacuation Pause)
[2023-11-10T11:53:17.598-0800][76801230ms] GC(23486) Using 10 workers of 10 for evacuation
[2023-11-10T11:53:17.603-0800][76801235ms] GC(23486)   Pre Evacuate Collection Set: 0.1ms
[2023-11-10T11:53:17.603-0800][76801235ms] GC(23486)   Evacuate Collection Set: 1.7ms
[2023-11-10T11:53:17.603-0800][76801235ms] GC(23486)   Post Evacuate Collection Set: 4.0ms
[2023-11-10T11:53:17.603-0800][76801235ms] GC(23486)   Other: 0.3ms
[2023-11-10T11:53:17.603-0800][76801235ms] GC(23486) Eden regions: 180->0(180)
[2023-11-10T11:53:17.603-0800][76801235ms] GC(23486) Survivor regions: 1->1(23)
[2023-11-10T11:53:17.603-0800][76801235ms] GC(23486) Old regions: 1433->1433
[2023-11-10T11:53:17.603-0800][76801235ms] GC(23486) Humongous regions: 5->5
[2023-11-10T11:53:17.604-0800][76801236ms] GC(23486) Metaspace: 304986K->304986K(1349632K)
[2023-11-10T11:53:17.604-0800][76801236ms] GC(23486) Pause Young (Normal) (G1 Evacuation Pause) 3236M->2875M(3602M) 6.227ms
[2023-11-10T11:53:17.604-0800][76801236ms] GC(23486) User=0.02s Sys=0.00s Real=0.01s
[2023-11-10T11:53:17.987-0800][76801619ms] GC(23487) Pause Young (Normal) (G1 Evacuation Pause)
[2023-11-10T11:53:17.987-0800][76801619ms] GC(23487) Using 10 workers of 10 for evacuation
[2023-11-10T11:53:17.991-0800][76801623ms] GC(23487)   Pre Evacuate Collection Set: 0.0ms
[2023-11-10T11:53:17.991-0800][76801623ms] GC(23487)   Evacuate Collection Set: 1.6ms
[2023-11-10T11:53:17.991-0800][76801623ms] GC(23487)   Post Evacuate Collection Set: 3.1ms
[2023-11-10T11:53:17.991-0800][76801623ms] GC(23487)   Other: 0.3ms
[2023-11-10T11:53:17.991-0800][76801623ms] GC(23487) Eden regions: 180->0(180)
[2023-11-10T11:53:17.992-0800][76801624ms] GC(23487) Survivor regions: 1->1(23)
[2023-11-10T11:53:17.992-0800][76801624ms] GC(23487) Old regions: 1433->1433
[2023-11-10T11:53:17.992-0800][76801624ms] GC(23487) Humongous regions: 5->5
[2023-11-10T11:53:17.992-0800][76801624ms] GC(23487) Metaspace: 304986K->304986K(1349632K)
[2023-11-10T11:53:17.992-0800][76801624ms] GC(23487) Pause Young (Normal) (G1 Evacuation Pause) 3235M->2875M(3602M) 5.154ms
[2023-11-10T11:53:17.992-0800][76801624ms] GC(23487) User=0.00s Sys=0.00s Real=0.01s
[2023-11-10T11:53:18.491-0800][76802123ms] GC(23488) Pause Young (Normal) (G1 Evacuation Pause)
[2023-11-10T11:53:18.491-0800][76802123ms] GC(23488) Using 10 workers of 10 for evacuation
[2023-11-10T11:53:18.497-0800][76802129ms] GC(23488)   Pre Evacuate Collection Set: 0.0ms
[2023-11-10T11:53:18.497-0800][76802129ms] GC(23488)   Evacuate Collection Set: 1.9ms
[2023-11-10T11:53:18.497-0800][76802129ms] GC(23488)   Post Evacuate Collection Set: 3.2ms
[2023-11-10T11:53:18.497-0800][76802129ms] GC(23488)   Other: 0.3ms
[2023-11-10T11:53:18.497-0800][76802129ms] GC(23488) Eden regions: 180->0(180)
[2023-11-10T11:53:18.497-0800][76802129ms] GC(23488) Survivor regions: 1->1(23)
[2023-11-10T11:53:18.497-0800][76802129ms] GC(23488) Old regions: 1433->1433
[2023-11-10T11:53:18.497-0800][76802129ms] GC(23488) Humongous regions: 5->5
[2023-11-10T11:53:18.497-0800][76802129ms] GC(23488) Metaspace: 304986K->304986K(1349632K)
[2023-11-10T11:53:18.497-0800][76802129ms] GC(23488) Pause Young (Normal) (G1 Evacuation Pause) 3235M->2875M(3602M) 5.492ms
[2023-11-10T11:53:18.497-0800][76802129ms] GC(23488) User=0.00s Sys=0.00s Real=0.01s
[2023-11-10T11:53:18.883-0800][76802515ms] GC(23489) Pause Young (Normal) (G1 Evacuation Pause)
[2023-11-10T11:53:18.883-0800][76802515ms] GC(23489) Using 10 workers of 10 for evacuation
[2023-11-10T11:53:18.888-0800][76802520ms] GC(23489)   Pre Evacuate Collection Set: 0.0ms
[2023-11-10T11:53:18.889-0800][76802521ms] GC(23489)   Evacuate Collection Set: 2.1ms
[2023-11-10T11:53:18.889-0800][76802521ms] GC(23489)   Post Evacuate Collection Set: 3.2ms
[2023-11-10T11:53:18.889-0800][76802521ms] GC(23489)   Other: 0.3ms
[2023-11-10T11:53:18.889-0800][76802521ms] GC(23489) Eden regions: 180->0(179)
[2023-11-10T11:53:18.889-0800][76802521ms] GC(23489) Survivor regions: 1->1(23)
[2023-11-10T11:53:18.889-0800][76802521ms] GC(23489) Old regions: 1433->1433
[2023-11-10T11:53:18.889-0800][76802521ms] GC(23489) Humongous regions: 5->5
[2023-11-10T11:53:18.889-0800][76802521ms] GC(23489) Metaspace: 304986K->304986K(1349632K)
[2023-11-10T11:53:18.889-0800][76802521ms] GC(23489) Pause Young (Normal) (G1 Evacuation Pause) 3235M->2876M(3602M) 5.724ms
[2023-11-10T11:53:18.889-0800][76802521ms] GC(23489) User=0.00s Sys=0.00s Real=0.01s
[2023-11-10T11:53:19.322-0800][76802954ms] GC(23490) Pause Young (Normal) (G1 Evacuation Pause)
[2023-11-10T11:53:19.322-0800][76802954ms] GC(23490) Using 10 workers of 10 for evacuation
[2023-11-10T11:53:19.327-0800][76802959ms] GC(23490)   Pre Evacuate Collection Set: 0.0ms
[2023-11-10T11:53:19.327-0800][76802959ms] GC(23490)   Evacuate Collection Set: 1.7ms
[2023-11-10T11:53:19.327-0800][76802959ms] GC(23490)   Post Evacuate Collection Set: 3.1ms
[2023-11-10T11:53:19.327-0800][76802959ms] GC(23490)   Other: 0.2ms
[2023-11-10T11:53:19.327-0800][76802959ms] GC(23490) Eden regions: 179->0(179)
[2023-11-10T11:53:19.327-0800][76802959ms] GC(23490) Survivor regions: 1->1(23)
[2023-11-10T11:53:19.327-0800][76802959ms] GC(23490) Old regions: 1433->1433
[2023-11-10T11:53:19.327-0800][76802959ms] GC(23490) Humongous regions: 5->5
[2023-11-10T11:53:19.327-0800][76802959ms] GC(23490) Metaspace: 304986K->304986K(1349632K)
[2023-11-10T11:53:19.327-0800][76802959ms] GC(23490) Pause Young (Normal) (G1 Evacuation Pause) 3234M->2875M(3602M) 5.124ms
[2023-11-10T11:53:19.327-0800][76802959ms] GC(23490) User=0.00s Sys=0.00s Real=0.00s
[2023-11-10T11:53:19.770-0800][76803402ms] GC(23491) Pause Young (Normal) (G1 Evacuation Pause)
[2023-11-10T11:53:19.770-0800][76803402ms] GC(23491) Using 10 workers of 10 for evacuation
[2023-11-10T11:53:19.775-0800][76803407ms] GC(23491)   Pre Evacuate Collection Set: 0.1ms
[2023-11-10T11:53:19.775-0800][76803407ms] GC(23491)   Evacuate Collection Set: 2.1ms
[2023-11-10T11:53:19.775-0800][76803407ms] GC(23491)   Post Evacuate Collection Set: 3.3ms
[2023-11-10T11:53:19.775-0800][76803407ms] GC(23491)   Other: 0.3ms
[2023-11-10T11:53:19.775-0800][76803407ms] GC(23491) Eden regions: 179->0(179)
[2023-11-10T11:53:19.775-0800][76803407ms] GC(23491) Survivor regions: 1->1(23)
[2023-11-10T11:53:19.775-0800][76803407ms] GC(23491) Old regions: 1433->1433
[2023-11-10T11:53:19.775-0800][76803407ms] GC(23491) Humongous regions: 5->5
[2023-11-10T11:53:19.775-0800][76803407ms] GC(23491) Metaspace: 304986K->304986K(1349632K)
[2023-11-10T11:53:19.775-0800][76803407ms] GC(23491) Pause Young (Normal) (G1 Evacuation Pause) 3233M->2875M(3602M) 5.798ms
[2023-11-10T11:53:19.775-0800][76803407ms] GC(23491) User=0.02s Sys=0.00s Real=0.01s
[2023-11-10T11:53:20.189-0800][76803821ms] GC(23492) Pause Young (Normal) (G1 Evacuation Pause)
[2023-11-10T11:53:20.189-0800][76803821ms] GC(23492) Using 10 workers of 10 for evacuation
[2023-11-10T11:53:20.194-0800][76803826ms] GC(23492)   Pre Evacuate Collection Set: 0.1ms
[2023-11-10T11:53:20.194-0800][76803826ms] GC(23492)   Evacuate Collection Set: 2.0ms
[2023-11-10T11:53:20.194-0800][76803826ms] GC(23492)   Post Evacuate Collection Set: 3.0ms
[2023-11-10T11:53:20.194-0800][76803826ms] GC(23492)   Other: 0.3ms
[2023-11-10T11:53:20.194-0800][76803826ms] GC(23492) Eden regions: 179->0(179)
[2023-11-10T11:53:20.194-0800][76803826ms] GC(23492) Survivor regions: 1->1(23)
[2023-11-10T11:53:20.194-0800][76803826ms] GC(23492) Old regions: 1433->1433
[2023-11-10T11:53:20.194-0800][76803826ms] GC(23492) Humongous regions: 5->5
[2023-11-10T11:53:20.194-0800][76803826ms] GC(23492) Metaspace: 304986K->304986K(1349632K)
[2023-11-10T11:53:20.194-0800][76803826ms] GC(23492) Pause Young (Normal) (G1 Evacuation Pause) 3233M->2875M(3602M) 5.387ms
[2023-11-10T11:53:20.194-0800][76803826ms] GC(23492) User=0.00s Sys=0.00s Real=0.01s
[2023-11-10T11:53:20.651-0800][76804283ms] GC(23493) Pause Young (Normal) (G1 Evacuation Pause)
[2023-11-10T11:53:20.651-0800][76804283ms] GC(23493) Using 10 workers of 10 for evacuation
[2023-11-10T11:53:20.657-0800][76804289ms] GC(23493)   Pre Evacuate Collection Set: 0.1ms
[2023-11-10T11:53:20.657-0800][76804289ms] GC(23493)   Evacuate Collection Set: 2.0ms
[2023-11-10T11:53:20.657-0800][76804289ms] GC(23493)   Post Evacuate Collection Set: 3.3ms
[2023-11-10T11:53:20.657-0800][76804289ms] GC(23493)   Other: 0.3ms
[2023-11-10T11:53:20.657-0800][76804289ms] GC(23493) Eden regions: 179->0(179)
[2023-11-10T11:53:20.657-0800][76804289ms] GC(23493) Survivor regions: 1->1(23)
[2023-11-10T11:53:20.657-0800][76804289ms] GC(23493) Old regions: 1433->1433
[2023-11-10T11:53:20.657-0800][76804289ms] GC(23493) Humongous regions: 5->5
[2023-11-10T11:53:20.657-0800][76804289ms] GC(23493) Metaspace: 304986K->304986K(1349632K)
[2023-11-10T11:53:20.657-0800][76804289ms] GC(23493) Pause Young (Normal) (G1 Evacuation Pause) 3233M->2875M(3602M) 5.734ms
[2023-11-10T11:53:20.657-0800][76804289ms] GC(23493) User=0.00s Sys=0.00s Real=0.01s
[2023-11-10T11:53:21.103-0800][76804735ms] GC(23494) Pause Young (Normal) (G1 Evacuation Pause)
[2023-11-10T11:53:21.103-0800][76804735ms] GC(23494) Using 10 workers of 10 for evacuation
[2023-11-10T11:53:21.109-0800][76804741ms] GC(23494)   Pre Evacuate Collection Set: 0.1ms
[2023-11-10T11:53:21.109-0800][76804741ms] GC(23494)   Evacuate Collection Set: 2.4ms
[2023-11-10T11:53:21.109-0800][76804741ms] GC(23494)   Post Evacuate Collection Set: 3.8ms
[2023-11-10T11:53:21.109-0800][76804741ms] GC(23494)   Other: 0.4ms
[2023-11-10T11:53:21.109-0800][76804741ms] GC(23494) Eden regions: 179->0(179)
[2023-11-10T11:53:21.109-0800][76804741ms] GC(23494) Survivor regions: 1->1(23)
[2023-11-10T11:53:21.109-0800][76804741ms] GC(23494) Old regions: 1433->1433
[2023-11-10T11:53:21.109-0800][76804741ms] GC(23494) Humongous regions: 5->5
[2023-11-10T11:53:21.109-0800][76804741ms] GC(23494) Metaspace: 304986K->304986K(1349632K)
[2023-11-10T11:53:21.109-0800][76804741ms] GC(23494) Pause Young (Normal) (G1 Evacuation Pause) 3233M->2875M(3602M) 6.707ms
[2023-11-10T11:53:21.109-0800][76804741ms] GC(23494) User=0.00s Sys=0.00s Real=0.01s
[2023-11-10T11:53:21.568-0800][76805200ms] GC(23495) Pause Young (Normal) (G1 Evacuation Pause)
[2023-11-10T11:53:21.568-0800][76805200ms] GC(23495) Using 10 workers of 10 for evacuation
[2023-11-10T11:53:21.575-0800][76805207ms] GC(23495)   Pre Evacuate Collection Set: 0.1ms
[2023-11-10T11:53:21.575-0800][76805207ms] GC(23495)   Evacuate Collection Set: 2.1ms
[2023-11-10T11:53:21.575-0800][76805207ms] GC(23495)   Post Evacuate Collection Set: 5.1ms
[2023-11-10T11:53:21.575-0800][76805207ms] GC(23495)   Other: 0.3ms
[2023-11-10T11:53:21.575-0800][76805207ms] GC(23495) Eden regions: 179->0(179)
[2023-11-10T11:53:21.575-0800][76805207ms] GC(23495) Survivor regions: 1->1(23)
[2023-11-10T11:53:21.575-0800][76805207ms] GC(23495) Old regions: 1433->1433
[2023-11-10T11:53:21.575-0800][76805207ms] GC(23495) Humongous regions: 5->5
[2023-11-10T11:53:21.575-0800][76805207ms] GC(23495) Metaspace: 304986K->304986K(1349632K)
[2023-11-10T11:53:21.575-0800][76805207ms] GC(23495) Pause Young (Normal) (G1 Evacuation Pause) 3233M->2875M(3602M) 7.800ms
[2023-11-10T11:53:21.575-0800][76805207ms] GC(23495) User=0.03s Sys=0.00s Real=0.01s
[2023-11-10T11:53:22.066-0800][76805698ms] GC(23496) Pause Young (Normal) (G1 Evacuation Pause)
[2023-11-10T11:53:22.066-0800][76805698ms] GC(23496) Using 10 workers of 10 for evacuation
[2023-11-10T11:53:22.071-0800][76805703ms] GC(23496)   Pre Evacuate Collection Set: 0.1ms
[2023-11-10T11:53:22.071-0800][76805703ms] GC(23496)   Evacuate Collection Set: 1.7ms
[2023-11-10T11:53:22.071-0800][76805703ms] GC(23496)   Post Evacuate Collection Set: 3.6ms
[2023-11-10T11:53:22.071-0800][76805703ms] GC(23496)   Other: 0.3ms
[2023-11-10T11:53:22.071-0800][76805703ms] GC(23496) Eden regions: 179->0(179)
[2023-11-10T11:53:22.071-0800][76805703ms] GC(23496) Survivor regions: 1->1(23)
[2023-11-10T11:53:22.071-0800][76805703ms] GC(23496) Old regions: 1433->1433
[2023-11-10T11:53:22.071-0800][76805703ms] GC(23496) Humongous regions: 5->5
[2023-11-10T11:53:22.071-0800][76805703ms] GC(23496) Metaspace: 304986K->304986K(1349632K)
[2023-11-10T11:53:22.071-0800][76805704ms] GC(23496) Pause Young (Normal) (G1 Evacuation Pause) 3233M->2876M(3602M) 5.839ms
[2023-11-10T11:53:22.072-0800][76805704ms] GC(23496) User=0.02s Sys=0.00s Real=0.01s
[2023-11-10T11:53:22.562-0800][76806194ms] GC(23497) Pause Young (Normal) (G1 Evacuation Pause)
[2023-11-10T11:53:22.562-0800][76806194ms] GC(23497) Using 10 workers of 10 for evacuation
[2023-11-10T11:53:22.567-0800][76806199ms] GC(23497)   Pre Evacuate Collection Set: 0.0ms
[2023-11-10T11:53:22.568-0800][76806200ms] GC(23497)   Evacuate Collection Set: 1.7ms
[2023-11-10T11:53:22.568-0800][76806200ms] GC(23497)   Post Evacuate Collection Set: 3.5ms
[2023-11-10T11:53:22.568-0800][76806200ms] GC(23497)   Other: 0.3ms
[2023-11-10T11:53:22.568-0800][76806200ms] GC(23497) Eden regions: 179->0(179)
[2023-11-10T11:53:22.568-0800][76806200ms] GC(23497) Survivor regions: 1->1(23)
[2023-11-10T11:53:22.568-0800][76806200ms] GC(23497) Old regions: 1433->1433
[2023-11-10T11:53:22.568-0800][76806200ms] GC(23497) Humongous regions: 5->5
[2023-11-10T11:53:22.568-0800][76806200ms] GC(23497) Metaspace: 304986K->304986K(1349632K)
[2023-11-10T11:53:22.568-0800][76806200ms] GC(23497) Pause Young (Normal) (G1 Evacuation Pause) 3234M->2876M(3602M) 5.646ms
[2023-11-10T11:53:22.568-0800][76806200ms] GC(23497) User=0.00s Sys=0.00s Real=0.01s
[2023-11-10T11:53:23.040-0800][76806672ms] GC(23498) Pause Young (Normal) (G1 Evacuation Pause)
[2023-11-10T11:53:23.040-0800][76806672ms] GC(23498) Using 10 workers of 10 for evacuation
[2023-11-10T11:53:23.045-0800][76806677ms] GC(23498)   Pre Evacuate Collection Set: 0.0ms
[2023-11-10T11:53:23.045-0800][76806677ms] GC(23498)   Evacuate Collection Set: 1.7ms
[2023-11-10T11:53:23.045-0800][76806677ms] GC(23498)   Post Evacuate Collection Set: 3.1ms
[2023-11-10T11:53:23.045-0800][76806677ms] GC(23498)   Other: 0.3ms
[2023-11-10T11:53:23.045-0800][76806677ms] GC(23498) Eden regions: 179->0(179)
[2023-11-10T11:53:23.045-0800][76806677ms] GC(23498) Survivor regions: 1->1(23)
[2023-11-10T11:53:23.045-0800][76806677ms] GC(23498) Old regions: 1433->1433
[2023-11-10T11:53:23.045-0800][76806677ms] GC(23498) Humongous regions: 5->5
[2023-11-10T11:53:23.045-0800][76806677ms] GC(23498) Metaspace: 304986K->304986K(1349632K)
[2023-11-10T11:53:23.045-0800][76806677ms] GC(23498) Pause Young (Normal) (G1 Evacuation Pause) 3234M->2876M(3602M) 5.212ms
[2023-11-10T11:53:23.045-0800][76806677ms] GC(23498) User=0.00s Sys=0.00s Real=0.01s
[2023-11-10T11:53:23.445-0800][76807077ms] GC(23499) Pause Young (Normal) (G1 Evacuation Pause)
[2023-11-10T11:53:23.446-0800][76807078ms] GC(23499) Using 10 workers of 10 for evacuation
[2023-11-10T11:53:23.451-0800][76807083ms] GC(23499)   Pre Evacuate Collection Set: 0.1ms
[2023-11-10T11:53:23.451-0800][76807083ms] GC(23499)   Evacuate Collection Set: 1.7ms
[2023-11-10T11:53:23.451-0800][76807083ms] GC(23499)   Post Evacuate Collection Set: 3.5ms
[2023-11-10T11:53:23.451-0800][76807083ms] GC(23499)   Other: 0.3ms
[2023-11-10T11:53:23.451-0800][76807083ms] GC(23499) Eden regions: 179->0(179)
[2023-11-10T11:53:23.451-0800][76807083ms] GC(23499) Survivor regions: 1->1(23)
[2023-11-10T11:53:23.451-0800][76807083ms] GC(23499) Old regions: 1433->1433
[2023-11-10T11:53:23.451-0800][76807083ms] GC(23499) Humongous regions: 5->5
[2023-11-10T11:53:23.451-0800][76807083ms] GC(23499) Metaspace: 304986K->304986K(1349632K)
[2023-11-10T11:53:23.451-0800][76807083ms] GC(23499) Pause Young (Normal) (G1 Evacuation Pause) 3234M->2876M(3602M) 5.743ms
[2023-11-10T11:53:23.451-0800][76807083ms] GC(23499) User=0.00s Sys=0.00s Real=0.01s
[2023-11-10T11:53:23.874-0800][76807506ms] GC(23500) Pause Young (Normal) (G1 Evacuation Pause)
[2023-11-10T11:53:23.874-0800][76807506ms] GC(23500) Using 10 workers of 10 for evacuation
[2023-11-10T11:53:23.879-0800][76807511ms] GC(23500)   Pre Evacuate Collection Set: 0.0ms
[2023-11-10T11:53:23.880-0800][76807512ms] GC(23500)   Evacuate Collection Set: 1.6ms
[2023-11-10T11:53:23.880-0800][76807512ms] GC(23500)   Post Evacuate Collection Set: 3.1ms
[2023-11-10T11:53:23.880-0800][76807512ms] GC(23500)   Other: 0.2ms
[2023-11-10T11:53:23.880-0800][76807512ms] GC(23500) Eden regions: 179->0(179)
[2023-11-10T11:53:23.880-0800][76807512ms] GC(23500) Survivor regions: 1->1(23)
[2023-11-10T11:53:23.880-0800][76807512ms] GC(23500) Old regions: 1433->1433
[2023-11-10T11:53:23.880-0800][76807512ms] GC(23500) Humongous regions: 5->5
[2023-11-10T11:53:23.880-0800][76807512ms] GC(23500) Metaspace: 304986K->304986K(1349632K)
[2023-11-10T11:53:23.880-0800][76807512ms] GC(23500) Pause Young (Normal) (G1 Evacuation Pause) 3234M->2876M(3602M) 5.068ms
[2023-11-10T11:53:23.880-0800][76807512ms] GC(23500) User=0.00s Sys=0.00s Real=0.01s
[2023-11-10T11:53:24.317-0800][76807949ms] GC(23501) Pause Young (Normal) (G1 Evacuation Pause)
[2023-11-10T11:53:24.317-0800][76807949ms] GC(23501) Using 10 workers of 10 for evacuation
[2023-11-10T11:53:24.322-0800][76807954ms] GC(23501)   Pre Evacuate Collection Set: 0.0ms
[2023-11-10T11:53:24.322-0800][76807954ms] GC(23501)   Evacuate Collection Set: 1.8ms
[2023-11-10T11:53:24.322-0800][76807954ms] GC(23501)   Post Evacuate Collection Set: 3.2ms
[2023-11-10T11:53:24.322-0800][76807954ms] GC(23501)   Other: 0.3ms
[2023-11-10T11:53:24.322-0800][76807954ms] GC(23501) Eden regions: 179->0(179)
[2023-11-10T11:53:24.322-0800][76807954ms] GC(23501) Survivor regions: 1->1(23)
[2023-11-10T11:53:24.322-0800][76807954ms] GC(23501) Old regions: 1433->1433
[2023-11-10T11:53:24.322-0800][76807954ms] GC(23501) Humongous regions: 5->5
[2023-11-10T11:53:24.322-0800][76807954ms] GC(23501) Metaspace: 304986K->304986K(1349632K)
[2023-11-10T11:53:24.322-0800][76807954ms] GC(23501) Pause Young (Normal) (G1 Evacuation Pause) 3234M->2876M(3602M) 5.359ms
[2023-11-10T11:53:24.322-0800][76807954ms] GC(23501) User=0.02s Sys=0.00s Real=0.01s
[2023-11-10T11:53:24.716-0800][76808348ms] GC(23502) Pause Young (Normal) (G1 Evacuation Pause)
[2023-11-10T11:53:24.716-0800][76808348ms] GC(23502) Using 10 workers of 10 for evacuation
[2023-11-10T11:53:24.720-0800][76808352ms] GC(23502)   Pre Evacuate Collection Set: 0.0ms
[2023-11-10T11:53:24.720-0800][76808352ms] GC(23502)   Evacuate Collection Set: 1.6ms
[2023-11-10T11:53:24.720-0800][76808352ms] GC(23502)   Post Evacuate Collection Set: 3.1ms
[2023-11-10T11:53:24.720-0800][76808352ms] GC(23502)   Other: 0.2ms
[2023-11-10T11:53:24.720-0800][76808352ms] GC(23502) Eden regions: 179->0(179)
[2023-11-10T11:53:24.720-0800][76808352ms] GC(23502) Survivor regions: 1->1(23)
[2023-11-10T11:53:24.720-0800][76808352ms] GC(23502) Old regions: 1433->1433
[2023-11-10T11:53:24.720-0800][76808352ms] GC(23502) Humongous regions: 5->5
[2023-11-10T11:53:24.720-0800][76808352ms] GC(23502) Metaspace: 304986K->304986K(1349632K)
[2023-11-10T11:53:24.720-0800][76808352ms] GC(23502) Pause Young (Normal) (G1 Evacuation Pause) 3234M->2876M(3602M) 5.052ms
[2023-11-10T11:53:24.720-0800][76808352ms] GC(23502) User=0.00s Sys=0.00s Real=0.00s
[2023-11-10T11:53:25.214-0800][76808846ms] GC(23503) Pause Young (Normal) (G1 Evacuation Pause)
[2023-11-10T11:53:25.214-0800][76808846ms] GC(23503) Using 10 workers of 10 for evacuation
[2023-11-10T11:53:25.219-0800][76808851ms] GC(23503)   Pre Evacuate Collection Set: 0.0ms
[2023-11-10T11:53:25.219-0800][76808851ms] GC(23503)   Evacuate Collection Set: 1.6ms
[2023-11-10T11:53:25.219-0800][76808851ms] GC(23503)   Post Evacuate Collection Set: 3.1ms
[2023-11-10T11:53:25.219-0800][76808851ms] GC(23503)   Other: 0.3ms
[2023-11-10T11:53:25.219-0800][76808851ms] GC(23503) Eden regions: 179->0(180)
[2023-11-10T11:53:25.219-0800][76808851ms] GC(23503) Survivor regions: 1->1(23)
[2023-11-10T11:53:25.219-0800][76808851ms] GC(23503) Old regions: 1433->1433
[2023-11-10T11:53:25.219-0800][76808851ms] GC(23503) Humongous regions: 5->5
[2023-11-10T11:53:25.219-0800][76808851ms] GC(23503) Metaspace: 304986K->304986K(1349632K)
[2023-11-10T11:53:25.219-0800][76808851ms] GC(23503) Pause Young (Normal) (G1 Evacuation Pause) 3234M->2876M(3602M) 5.066ms
[2023-11-10T11:53:25.219-0800][76808851ms] GC(23503) User=0.00s Sys=0.00s Real=0.01s
[2023-11-10T11:53:25.640-0800][76809272ms] GC(23504) Pause Young (Normal) (G1 Evacuation Pause)
[2023-11-10T11:53:25.640-0800][76809272ms] GC(23504) Using 10 workers of 10 for evacuation
[2023-11-10T11:53:25.644-0800][76809276ms] GC(23504)   Pre Evacuate Collection Set: 0.1ms
[2023-11-10T11:53:25.644-0800][76809276ms] GC(23504)   Evacuate Collection Set: 1.6ms
[2023-11-10T11:53:25.644-0800][76809276ms] GC(23504)   Post Evacuate Collection Set: 3.0ms
[2023-11-10T11:53:25.644-0800][76809276ms] GC(23504)   Other: 0.4ms
[2023-11-10T11:53:25.644-0800][76809276ms] GC(23504) Eden regions: 180->0(180)
[2023-11-10T11:53:25.644-0800][76809276ms] GC(23504) Survivor regions: 1->1(23)
[2023-11-10T11:53:25.644-0800][76809276ms] GC(23504) Old regions: 1433->1433
[2023-11-10T11:53:25.644-0800][76809276ms] GC(23504) Humongous regions: 5->5
[2023-11-10T11:53:25.644-0800][76809276ms] GC(23504) Metaspace: 304986K->304986K(1349632K)
[2023-11-10T11:53:25.644-0800][76809276ms] GC(23504) Pause Young (Normal) (G1 Evacuation Pause) 3236M->2876M(3602M) 5.053ms
[2023-11-10T11:53:25.644-0800][76809276ms] GC(23504) User=0.00s Sys=0.00s Real=0.00s
[2023-11-10T11:53:26.034-0800][76809666ms] GC(23505) Pause Young (Normal) (G1 Evacuation Pause)
[2023-11-10T11:53:26.034-0800][76809666ms] GC(23505) Using 10 workers of 10 for evacuation
[2023-11-10T11:53:26.040-0800][76809672ms] GC(23505)   Pre Evacuate Collection Set: 0.0ms
[2023-11-10T11:53:26.040-0800][76809672ms] GC(23505)   Evacuate Collection Set: 1.6ms
[2023-11-10T11:53:26.040-0800][76809672ms] GC(23505)   Post Evacuate Collection Set: 3.1ms
[2023-11-10T11:53:26.040-0800][76809672ms] GC(23505)   Other: 0.3ms
[2023-11-10T11:53:26.040-0800][76809672ms] GC(23505) Eden regions: 180->0(180)
[2023-11-10T11:53:26.040-0800][76809672ms] GC(23505) Survivor regions: 1->1(23)
[2023-11-10T11:53:26.040-0800][76809672ms] GC(23505) Old regions: 1433->1433
[2023-11-10T11:53:26.040-0800][76809672ms] GC(23505) Humongous regions: 5->5
[2023-11-10T11:53:26.040-0800][76809672ms] GC(23505) Metaspace: 304986K->304986K(1349632K)
[2023-11-10T11:53:26.040-0800][76809672ms] GC(23505) Pause Young (Normal) (G1 Evacuation Pause) 3236M->2876M(3602M) 5.226ms
[2023-11-10T11:53:26.040-0800][76809672ms] GC(23505) User=0.00s Sys=0.00s Real=0.01s
[2023-11-10T11:53:26.457-0800][76810089ms] GC(23506) Pause Young (Normal) (G1 Evacuation Pause)
[2023-11-10T11:53:26.457-0800][76810089ms] GC(23506) Using 10 workers of 10 for evacuation
[2023-11-10T11:53:26.463-0800][76810095ms] GC(23506)   Pre Evacuate Collection Set: 0.0ms
[2023-11-10T11:53:26.463-0800][76810095ms] GC(23506)   Evacuate Collection Set: 1.6ms
[2023-11-10T11:53:26.463-0800][76810095ms] GC(23506)   Post Evacuate Collection Set: 3.4ms
[2023-11-10T11:53:26.463-0800][76810095ms] GC(23506)   Other: 0.2ms
[2023-11-10T11:53:26.463-0800][76810095ms] GC(23506) Eden regions: 180->0(180)
[2023-11-10T11:53:26.463-0800][76810095ms] GC(23506) Survivor regions: 1->1(23)
[2023-11-10T11:53:26.463-0800][76810095ms] GC(23506) Old regions: 1433->1433
[2023-11-10T11:53:26.463-0800][76810095ms] GC(23506) Humongous regions: 5->5
[2023-11-10T11:53:26.463-0800][76810095ms] GC(23506) Metaspace: 304986K->304986K(1349632K)
[2023-11-10T11:53:26.463-0800][76810095ms] GC(23506) Pause Young (Normal) (G1 Evacuation Pause) 3236M->2876M(3602M) 5.374ms
[2023-11-10T11:53:26.463-0800][76810095ms] GC(23506) User=0.02s Sys=0.00s Real=0.01s
[2023-11-10T11:53:26.907-0800][76810539ms] GC(23507) Pause Young (Normal) (G1 Evacuation Pause)
[2023-11-10T11:53:26.907-0800][76810539ms] GC(23507) Using 10 workers of 10 for evacuation
[2023-11-10T11:53:26.912-0800][76810544ms] GC(23507)   Pre Evacuate Collection Set: 0.1ms
[2023-11-10T11:53:26.912-0800][76810544ms] GC(23507)   Evacuate Collection Set: 1.7ms
[2023-11-10T11:53:26.912-0800][76810544ms] GC(23507)   Post Evacuate Collection Set: 3.5ms
[2023-11-10T11:53:26.912-0800][76810544ms] GC(23507)   Other: 0.3ms
[2023-11-10T11:53:26.912-0800][76810544ms] GC(23507) Eden regions: 180->0(180)
[2023-11-10T11:53:26.912-0800][76810544ms] GC(23507) Survivor regions: 1->1(23)
[2023-11-10T11:53:26.912-0800][76810544ms] GC(23507) Old regions: 1433->1433
[2023-11-10T11:53:26.912-0800][76810544ms] GC(23507) Humongous regions: 5->5
[2023-11-10T11:53:26.912-0800][76810544ms] GC(23507) Metaspace: 304986K->304986K(1349632K)
[2023-11-10T11:53:26.912-0800][76810544ms] GC(23507) Pause Young (Normal) (G1 Evacuation Pause) 3236M->2876M(3602M) 5.778ms
[2023-11-10T11:53:26.912-0800][76810544ms] GC(23507) User=0.00s Sys=0.00s Real=0.01s
[2023-11-10T11:53:27.325-0800][76810957ms] GC(23508) Pause Young (Normal) (G1 Evacuation Pause)
[2023-11-10T11:53:27.325-0800][76810957ms] GC(23508) Using 10 workers of 10 for evacuation
[2023-11-10T11:53:27.330-0800][76810962ms] GC(23508)   Pre Evacuate Collection Set: 0.0ms
[2023-11-10T11:53:27.330-0800][76810962ms] GC(23508)   Evacuate Collection Set: 1.7ms
[2023-11-10T11:53:27.330-0800][76810962ms] GC(23508)   Post Evacuate Collection Set: 3.1ms
[2023-11-10T11:53:27.330-0800][76810962ms] GC(23508)   Other: 0.3ms
[2023-11-10T11:53:27.330-0800][76810962ms] GC(23508) Eden regions: 180->0(180)
[2023-11-10T11:53:27.330-0800][76810962ms] GC(23508) Survivor regions: 1->1(23)
[2023-11-10T11:53:27.330-0800][76810962ms] GC(23508) Old regions: 1433->1433
[2023-11-10T11:53:27.330-0800][76810962ms] GC(23508) Humongous regions: 5->5
[2023-11-10T11:53:27.330-0800][76810962ms] GC(23508) Metaspace: 304986K->304986K(1349632K)
[2023-11-10T11:53:27.330-0800][76810962ms] GC(23508) Pause Young (Normal) (G1 Evacuation Pause) 3236M->2876M(3602M) 5.182ms
[2023-11-10T11:53:27.330-0800][76810962ms] GC(23508) User=0.00s Sys=0.00s Real=0.00s
[2023-11-10T11:53:27.750-0800][76811382ms] GC(23509) Pause Young (Normal) (G1 Evacuation Pause)
[2023-11-10T11:53:27.750-0800][76811382ms] GC(23509) Using 10 workers of 10 for evacuation
[2023-11-10T11:53:27.755-0800][76811387ms] GC(23509)   Pre Evacuate Collection Set: 0.0ms
[2023-11-10T11:53:27.755-0800][76811387ms] GC(23509)   Evacuate Collection Set: 1.7ms
[2023-11-10T11:53:27.755-0800][76811387ms] GC(23509)   Post Evacuate Collection Set: 3.7ms
[2023-11-10T11:53:27.755-0800][76811387ms] GC(23509)   Other: 0.3ms
[2023-11-10T11:53:27.755-0800][76811387ms] GC(23509) Eden regions: 180->0(180)
[2023-11-10T11:53:27.755-0800][76811387ms] GC(23509) Survivor regions: 1->1(23)
[2023-11-10T11:53:27.755-0800][76811387ms] GC(23509) Old regions: 1433->1433
[2023-11-10T11:53:27.755-0800][76811387ms] GC(23509) Humongous regions: 5->5
[2023-11-10T11:53:27.755-0800][76811387ms] GC(23509) Metaspace: 304986K->304986K(1349632K)
[2023-11-10T11:53:27.755-0800][76811387ms] GC(23509) Pause Young (Normal) (G1 Evacuation Pause) 3236M->2876M(3602M) 5.791ms
[2023-11-10T11:53:27.755-0800][76811387ms] GC(23509) User=0.00s Sys=0.00s Real=0.01s
[2023-11-10T11:53:28.195-0800][76811827ms] GC(23510) Pause Young (Normal) (G1 Evacuation Pause)
[2023-11-10T11:53:28.195-0800][76811827ms] GC(23510) Using 10 workers of 10 for evacuation
[2023-11-10T11:53:28.200-0800][76811832ms] GC(23510)   Pre Evacuate Collection Set: 0.0ms
[2023-11-10T11:53:28.200-0800][76811832ms] GC(23510)   Evacuate Collection Set: 1.7ms
[2023-11-10T11:53:28.200-0800][76811832ms] GC(23510)   Post Evacuate Collection Set: 3.1ms
[2023-11-10T11:53:28.200-0800][76811832ms] GC(23510)   Other: 0.2ms
[2023-11-10T11:53:28.200-0800][76811832ms] GC(23510) Eden regions: 180->0(180)
[2023-11-10T11:53:28.200-0800][76811832ms] GC(23510) Survivor regions: 1->1(23)
[2023-11-10T11:53:28.200-0800][76811832ms] GC(23510) Old regions: 1433->1433
[2023-11-10T11:53:28.200-0800][76811832ms] GC(23510) Humongous regions: 5->5
[2023-11-10T11:53:28.200-0800][76811832ms] GC(23510) Metaspace: 304986K->304986K(1349632K)
[2023-11-10T11:53:28.200-0800][76811832ms] GC(23510) Pause Young (Normal) (G1 Evacuation Pause) 3236M->2876M(3602M) 5.127ms
[2023-11-10T11:53:28.200-0800][76811832ms] GC(23510) User=0.00s Sys=0.00s Real=0.01s
[2023-11-10T11:53:28.655-0800][76812287ms] GC(23511) Pause Young (Normal) (G1 Evacuation Pause)
[2023-11-10T11:53:28.655-0800][76812287ms] GC(23511) Using 10 workers of 10 for evacuation
[2023-11-10T11:53:28.662-0800][76812294ms] GC(23511)   Pre Evacuate Collection Set: 0.0ms
[2023-11-10T11:53:28.662-0800][76812294ms] GC(23511)   Evacuate Collection Set: 1.8ms
[2023-11-10T11:53:28.662-0800][76812294ms] GC(23511)   Post Evacuate Collection Set: 3.2ms
[2023-11-10T11:53:28.662-0800][76812294ms] GC(23511)   Other: 0.3ms
[2023-11-10T11:53:28.662-0800][76812294ms] GC(23511) Eden regions: 180->0(180)
[2023-11-10T11:53:28.662-0800][76812294ms] GC(23511) Survivor regions: 1->1(23)
[2023-11-10T11:53:28.662-0800][76812294ms] GC(23511) Old regions: 1433->1433
[2023-11-10T11:53:28.662-0800][76812294ms] GC(23511) Humongous regions: 5->5
[2023-11-10T11:53:28.662-0800][76812294ms] GC(23511) Metaspace: 304986K->304986K(1349632K)
[2023-11-10T11:53:28.662-0800][76812294ms] GC(23511) Pause Young (Normal) (G1 Evacuation Pause) 3236M->2876M(3602M) 5.441ms
[2023-11-10T11:53:28.662-0800][76812294ms] GC(23511) User=0.00s Sys=0.00s Real=0.01s
[2023-11-10T11:53:29.053-0800][76812685ms] GC(23512) Pause Young (Normal) (G1 Evacuation Pause)
[2023-11-10T11:53:29.053-0800][76812685ms] GC(23512) Using 10 workers of 10 for evacuation
[2023-11-10T11:53:29.058-0800][76812690ms] GC(23512)   Pre Evacuate Collection Set: 0.0ms
[2023-11-10T11:53:29.058-0800][76812690ms] GC(23512)   Evacuate Collection Set: 1.7ms
[2023-11-10T11:53:29.058-0800][76812690ms] GC(23512)   Post Evacuate Collection Set: 3.3ms
[2023-11-10T11:53:29.058-0800][76812690ms] GC(23512)   Other: 0.3ms
[2023-11-10T11:53:29.058-0800][76812690ms] GC(23512) Eden regions: 180->0(180)
[2023-11-10T11:53:29.058-0800][76812690ms] GC(23512) Survivor regions: 1->1(23)
[2023-11-10T11:53:29.058-0800][76812690ms] GC(23512) Old regions: 1433->1433
[2023-11-10T11:53:29.058-0800][76812690ms] GC(23512) Humongous regions: 5->5
[2023-11-10T11:53:29.058-0800][76812690ms] GC(23512) Metaspace: 304986K->304986K(1349632K)
[2023-11-10T11:53:29.058-0800][76812690ms] GC(23512) Pause Young (Normal) (G1 Evacuation Pause) 3236M->2876M(3602M) 5.335ms
[2023-11-10T11:53:29.058-0800][76812690ms] GC(23512) User=0.09s Sys=0.00s Real=0.01s
[2023-11-10T11:53:29.503-0800][76813135ms] GC(23513) Pause Young (Normal) (G1 Evacuation Pause)
[2023-11-10T11:53:29.503-0800][76813135ms] GC(23513) Using 10 workers of 10 for evacuation
[2023-11-10T11:53:29.510-0800][76813142ms] GC(23513)   Pre Evacuate Collection Set: 0.1ms
[2023-11-10T11:53:29.510-0800][76813142ms] GC(23513)   Evacuate Collection Set: 2.6ms
[2023-11-10T11:53:29.510-0800][76813142ms] GC(23513)   Post Evacuate Collection Set: 4.3ms
[2023-11-10T11:53:29.510-0800][76813142ms] GC(23513)   Other: 0.3ms
[2023-11-10T11:53:29.510-0800][76813142ms] GC(23513) Eden regions: 180->0(180)
[2023-11-10T11:53:29.510-0800][76813142ms] GC(23513) Survivor regions: 1->1(23)
[2023-11-10T11:53:29.510-0800][76813142ms] GC(23513) Old regions: 1433->1433
[2023-11-10T11:53:29.510-0800][76813142ms] GC(23513) Humongous regions: 5->5
[2023-11-10T11:53:29.510-0800][76813142ms] GC(23513) Metaspace: 304986K->304986K(1349632K)
[2023-11-10T11:53:29.510-0800][76813142ms] GC(23513) Pause Young (Normal) (G1 Evacuation Pause) 3236M->2876M(3602M) 7.442ms
[2023-11-10T11:53:29.510-0800][76813142ms] GC(23513) User=0.02s Sys=0.00s Real=0.01s
[2023-11-10T11:53:29.940-0800][76813572ms] GC(23514) Pause Young (Normal) (G1 Evacuation Pause)
[2023-11-10T11:53:29.940-0800][76813572ms] GC(23514) Using 10 workers of 10 for evacuation
[2023-11-10T11:53:29.947-0800][76813579ms] GC(23514)   Pre Evacuate Collection Set: 0.1ms
[2023-11-10T11:53:29.947-0800][76813579ms] GC(23514)   Evacuate Collection Set: 2.7ms
[2023-11-10T11:53:29.947-0800][76813579ms] GC(23514)   Post Evacuate Collection Set: 3.8ms
[2023-11-10T11:53:29.947-0800][76813579ms] GC(23514)   Other: 0.3ms
[2023-11-10T11:53:29.947-0800][76813579ms] GC(23514) Eden regions: 180->0(180)
[2023-11-10T11:53:29.947-0800][76813579ms] GC(23514) Survivor regions: 1->1(23)
[2023-11-10T11:53:29.947-0800][76813579ms] GC(23514) Old regions: 1433->1433
[2023-11-10T11:53:29.947-0800][76813579ms] GC(23514) Humongous regions: 5->5
[2023-11-10T11:53:29.947-0800][76813579ms] GC(23514) Metaspace: 304986K->304986K(1349632K)
[2023-11-10T11:53:29.947-0800][76813579ms] GC(23514) Pause Young (Normal) (G1 Evacuation Pause) 3236M->2876M(3602M) 6.932ms
[2023-11-10T11:53:29.947-0800][76813579ms] GC(23514) User=0.00s Sys=0.00s Real=0.01s
[2023-11-10T11:53:30.434-0800][76814066ms] GC(23515) Pause Young (Normal) (G1 Evacuation Pause)
[2023-11-10T11:53:30.434-0800][76814066ms] GC(23515) Using 10 workers of 10 for evacuation
[2023-11-10T11:53:30.440-0800][76814072ms] GC(23515)   Pre Evacuate Collection Set: 0.0ms
[2023-11-10T11:53:30.440-0800][76814072ms] GC(23515)   Evacuate Collection Set: 2.2ms
[2023-11-10T11:53:30.440-0800][76814072ms] GC(23515)   Post Evacuate Collection Set: 3.7ms
[2023-11-10T11:53:30.440-0800][76814072ms] GC(23515)   Other: 0.3ms
[2023-11-10T11:53:30.440-0800][76814072ms] GC(23515) Eden regions: 180->0(180)
[2023-11-10T11:53:30.440-0800][76814072ms] GC(23515) Survivor regions: 1->1(23)
[2023-11-10T11:53:30.440-0800][76814072ms] GC(23515) Old regions: 1433->1433
[2023-11-10T11:53:30.440-0800][76814072ms] GC(23515) Humongous regions: 5->5
[2023-11-10T11:53:30.440-0800][76814072ms] GC(23515) Metaspace: 304986K->304986K(1349632K)
[2023-11-10T11:53:30.440-0800][76814072ms] GC(23515) Pause Young (Normal) (G1 Evacuation Pause) 3236M->2876M(3602M) 6.249ms
[2023-11-10T11:53:30.440-0800][76814072ms] GC(23515) User=0.00s Sys=0.00s Real=0.01s
[2023-11-10T11:53:30.885-0800][76814517ms] GC(23516) Pause Young (Normal) (G1 Evacuation Pause)
[2023-11-10T11:53:30.885-0800][76814517ms] GC(23516) Using 10 workers of 10 for evacuation
[2023-11-10T11:53:30.892-0800][76814524ms] GC(23516)   Pre Evacuate Collection Set: 0.1ms
[2023-11-10T11:53:30.892-0800][76814524ms] GC(23516)   Evacuate Collection Set: 2.2ms
[2023-11-10T11:53:30.892-0800][76814524ms] GC(23516)   Post Evacuate Collection Set: 3.8ms
[2023-11-10T11:53:30.892-0800][76814524ms] GC(23516)   Other: 0.5ms
[2023-11-10T11:53:30.892-0800][76814524ms] GC(23516) Eden regions: 180->0(180)
[2023-11-10T11:53:30.892-0800][76814524ms] GC(23516) Survivor regions: 1->1(23)
[2023-11-10T11:53:30.892-0800][76814524ms] GC(23516) Old regions: 1433->1433
[2023-11-10T11:53:30.892-0800][76814524ms] GC(23516) Humongous regions: 5->5
[2023-11-10T11:53:30.892-0800][76814524ms] GC(23516) Metaspace: 304986K->304986K(1349632K)
[2023-11-10T11:53:30.892-0800][76814524ms] GC(23516) Pause Young (Normal) (G1 Evacuation Pause) 3236M->2876M(3602M) 6.640ms
[2023-11-10T11:53:30.892-0800][76814524ms] GC(23516) User=0.00s Sys=0.00s Real=0.01s
[2023-11-10T11:53:31.362-0800][76814994ms] GC(23517) Pause Young (Normal) (G1 Evacuation Pause)
[2023-11-10T11:53:31.362-0800][76814994ms] GC(23517) Using 10 workers of 10 for evacuation
[2023-11-10T11:53:31.368-0800][76815000ms] GC(23517)   Pre Evacuate Collection Set: 0.0ms
[2023-11-10T11:53:31.368-0800][76815000ms] GC(23517)   Evacuate Collection Set: 1.7ms
[2023-11-10T11:53:31.368-0800][76815000ms] GC(23517)   Post Evacuate Collection Set: 3.7ms
[2023-11-10T11:53:31.368-0800][76815000ms] GC(23517)   Other: 0.3ms
[2023-11-10T11:53:31.368-0800][76815000ms] GC(23517) Eden regions: 180->0(180)
[2023-11-10T11:53:31.368-0800][76815000ms] GC(23517) Survivor regions: 1->1(23)
[2023-11-10T11:53:31.368-0800][76815000ms] GC(23517) Old regions: 1433->1433
[2023-11-10T11:53:31.368-0800][76815000ms] GC(23517) Humongous regions: 5->5
[2023-11-10T11:53:31.368-0800][76815000ms] GC(23517) Metaspace: 304986K->304986K(1349632K)
[2023-11-10T11:53:31.368-0800][76815000ms] GC(23517) Pause Young (Normal) (G1 Evacuation Pause) 3236M->2876M(3602M) 5.853ms
[2023-11-10T11:53:31.368-0800][76815000ms] GC(23517) User=0.00s Sys=0.00s Real=0.01s
[2023-11-10T11:53:31.922-0800][76815554ms] GC(23518) Pause Young (Normal) (G1 Evacuation Pause)
[2023-11-10T11:53:31.922-0800][76815554ms] GC(23518) Using 10 workers of 10 for evacuation
[2023-11-10T11:53:31.932-0800][76815564ms] GC(23518)   Pre Evacuate Collection Set: 0.1ms
[2023-11-10T11:53:31.932-0800][76815564ms] GC(23518)   Evacuate Collection Set: 2.5ms
[2023-11-10T11:53:31.932-0800][76815564ms] GC(23518)   Post Evacuate Collection Set: 6.8ms
[2023-11-10T11:53:31.932-0800][76815564ms] GC(23518)   Other: 0.4ms
[2023-11-10T11:53:31.932-0800][76815564ms] GC(23518) Eden regions: 180->0(180)
[2023-11-10T11:53:31.932-0800][76815564ms] GC(23518) Survivor regions: 1->1(23)
[2023-11-10T11:53:31.932-0800][76815564ms] GC(23518) Old regions: 1433->1433
[2023-11-10T11:53:31.932-0800][76815564ms] GC(23518) Humongous regions: 5->5
[2023-11-10T11:53:31.932-0800][76815564ms] GC(23518) Metaspace: 304986K->304986K(1349632K)
[2023-11-10T11:53:31.932-0800][76815564ms] GC(23518) Pause Young (Normal) (G1 Evacuation Pause) 3236M->2876M(3602M) 9.894ms
[2023-11-10T11:53:31.932-0800][76815564ms] GC(23518) User=0.02s Sys=0.00s Real=0.01s
[2023-11-10T11:53:32.376-0800][76816008ms] GC(23519) Pause Young (Normal) (G1 Evacuation Pause)
[2023-11-10T11:53:32.377-0800][76816009ms] GC(23519) Using 10 workers of 10 for evacuation
[2023-11-10T11:53:32.382-0800][76816014ms] GC(23519)   Pre Evacuate Collection Set: 0.1ms
[2023-11-10T11:53:32.382-0800][76816014ms] GC(23519)   Evacuate Collection Set: 1.8ms
[2023-11-10T11:53:32.382-0800][76816014ms] GC(23519)   Post Evacuate Collection Set: 3.7ms
[2023-11-10T11:53:32.382-0800][76816014ms] GC(23519)   Other: 0.4ms
[2023-11-10T11:53:32.382-0800][76816014ms] GC(23519) Eden regions: 180->0(180)
[2023-11-10T11:53:32.382-0800][76816014ms] GC(23519) Survivor regions: 1->1(23)
[2023-11-10T11:53:32.382-0800][76816014ms] GC(23519) Old regions: 1433->1433
[2023-11-10T11:53:32.382-0800][76816014ms] GC(23519) Humongous regions: 5->5
[2023-11-10T11:53:32.382-0800][76816014ms] GC(23519) Metaspace: 304986K->304986K(1349632K)
[2023-11-10T11:53:32.382-0800][76816014ms] GC(23519) Pause Young (Normal) (G1 Evacuation Pause) 3236M->2876M(3602M) 5.981ms
[2023-11-10T11:53:32.382-0800][76816014ms] GC(23519) User=0.02s Sys=0.00s Real=0.01s
[2023-11-10T11:53:32.808-0800][76816440ms] GC(23520) Pause Young (Normal) (G1 Evacuation Pause)
[2023-11-10T11:53:32.808-0800][76816440ms] GC(23520) Using 10 workers of 10 for evacuation
[2023-11-10T11:53:32.814-0800][76816446ms] GC(23520)   Pre Evacuate Collection Set: 0.1ms
[2023-11-10T11:53:32.814-0800][76816446ms] GC(23520)   Evacuate Collection Set: 2.7ms
[2023-11-10T11:53:32.814-0800][76816446ms] GC(23520)   Post Evacuate Collection Set: 3.5ms
[2023-11-10T11:53:32.814-0800][76816446ms] GC(23520)   Other: 0.4ms
[2023-11-10T11:53:32.814-0800][76816446ms] GC(23520) Eden regions: 180->0(179)
[2023-11-10T11:53:32.814-0800][76816446ms] GC(23520) Survivor regions: 1->1(23)
[2023-11-10T11:53:32.814-0800][76816446ms] GC(23520) Old regions: 1433->1434
[2023-11-10T11:53:32.814-0800][76816446ms] GC(23520) Humongous regions: 5->5
[2023-11-10T11:53:32.814-0800][76816446ms] GC(23520) Metaspace: 304986K->304986K(1349632K)
[2023-11-10T11:53:32.814-0800][76816446ms] GC(23520) Pause Young (Normal) (G1 Evacuation Pause) 3236M->2876M(3602M) 6.736ms
[2023-11-10T11:53:32.814-0800][76816446ms] GC(23520) User=0.00s Sys=0.00s Real=0.01s
[2023-11-10T11:53:33.307-0800][76816939ms] GC(23521) Pause Young (Normal) (G1 Evacuation Pause)
[2023-11-10T11:53:33.307-0800][76816939ms] GC(23521) Using 10 workers of 10 for evacuation
[2023-11-10T11:53:33.313-0800][76816945ms] GC(23521)   Pre Evacuate Collection Set: 0.1ms
[2023-11-10T11:53:33.313-0800][76816945ms] GC(23521)   Evacuate Collection Set: 1.8ms
[2023-11-10T11:53:33.313-0800][76816945ms] GC(23521)   Post Evacuate Collection Set: 3.1ms
[2023-11-10T11:53:33.313-0800][76816945ms] GC(23521)   Other: 0.4ms
[2023-11-10T11:53:33.313-0800][76816945ms] GC(23521) Eden regions: 179->0(179)
[2023-11-10T11:53:33.313-0800][76816945ms] GC(23521) Survivor regions: 1->1(23)
[2023-11-10T11:53:33.313-0800][76816945ms] GC(23521) Old regions: 1434->1434
[2023-11-10T11:53:33.313-0800][76816945ms] GC(23521) Humongous regions: 5->5
[2023-11-10T11:53:33.313-0800][76816945ms] GC(23521) Metaspace: 304986K->304986K(1349632K)
[2023-11-10T11:53:33.313-0800][76816945ms] GC(23521) Pause Young (Normal) (G1 Evacuation Pause) 3234M->2876M(3602M) 5.480ms
[2023-11-10T11:53:33.313-0800][76816945ms] GC(23521) User=0.00s Sys=0.00s Real=0.01s
[2023-11-10T11:53:33.782-0800][76817414ms] GC(23522) Pause Young (Normal) (G1 Evacuation Pause)
[2023-11-10T11:53:33.782-0800][76817414ms] GC(23522) Using 10 workers of 10 for evacuation
[2023-11-10T11:53:33.787-0800][76817419ms] GC(23522)   Pre Evacuate Collection Set: 0.0ms
[2023-11-10T11:53:33.788-0800][76817420ms] GC(23522)   Evacuate Collection Set: 1.8ms
[2023-11-10T11:53:33.788-0800][76817420ms] GC(23522)   Post Evacuate Collection Set: 3.1ms
[2023-11-10T11:53:33.788-0800][76817420ms] GC(23522)   Other: 0.3ms
[2023-11-10T11:53:33.788-0800][76817420ms] GC(23522) Eden regions: 179->0(179)
[2023-11-10T11:53:33.788-0800][76817420ms] GC(23522) Survivor regions: 1->1(23)
[2023-11-10T11:53:33.788-0800][76817420ms] GC(23522) Old regions: 1434->1434
[2023-11-10T11:53:33.788-0800][76817420ms] GC(23522) Humongous regions: 5->5
[2023-11-10T11:53:33.788-0800][76817420ms] GC(23522) Metaspace: 304986K->304986K(1349632K)
[2023-11-10T11:53:33.788-0800][76817420ms] GC(23522) Pause Young (Normal) (G1 Evacuation Pause) 3234M->2877M(3602M) 5.385ms
[2023-11-10T11:53:33.788-0800][76817420ms] GC(23522) User=0.00s Sys=0.00s Real=0.01s
[2023-11-10T11:53:34.205-0800][76817837ms] GC(23523) Pause Young (Normal) (G1 Evacuation Pause)
[2023-11-10T11:53:34.205-0800][76817837ms] GC(23523) Using 10 workers of 10 for evacuation
[2023-11-10T11:53:34.210-0800][76817842ms] GC(23523)   Pre Evacuate Collection Set: 0.0ms
[2023-11-10T11:53:34.210-0800][76817842ms] GC(23523)   Evacuate Collection Set: 1.7ms
[2023-11-10T11:53:34.211-0800][76817843ms] GC(23523)   Post Evacuate Collection Set: 3.3ms
[2023-11-10T11:53:34.211-0800][76817843ms] GC(23523)   Other: 0.3ms
[2023-11-10T11:53:34.211-0800][76817843ms] GC(23523) Eden regions: 179->0(179)
[2023-11-10T11:53:34.211-0800][76817843ms] GC(23523) Survivor regions: 1->1(23)
[2023-11-10T11:53:34.211-0800][76817843ms] GC(23523) Old regions: 1434->1434
[2023-11-10T11:53:34.211-0800][76817843ms] GC(23523) Humongous regions: 5->5
[2023-11-10T11:53:34.211-0800][76817843ms] GC(23523) Metaspace: 304986K->304986K(1349632K)
[2023-11-10T11:53:34.211-0800][76817843ms] GC(23523) Pause Young (Normal) (G1 Evacuation Pause) 3235M->2876M(3602M) 5.389ms
[2023-11-10T11:53:34.211-0800][76817843ms] GC(23523) User=0.02s Sys=0.00s Real=0.01s
[2023-11-10T11:53:34.658-0800][76818290ms] GC(23524) Pause Young (Normal) (G1 Evacuation Pause)
[2023-11-10T11:53:34.658-0800][76818290ms] GC(23524) Using 10 workers of 10 for evacuation
[2023-11-10T11:53:34.663-0800][76818295ms] GC(23524)   Pre Evacuate Collection Set: 0.0ms
[2023-11-10T11:53:34.663-0800][76818295ms] GC(23524)   Evacuate Collection Set: 1.6ms
[2023-11-10T11:53:34.663-0800][76818295ms] GC(23524)   Post Evacuate Collection Set: 3.0ms
[2023-11-10T11:53:34.663-0800][76818295ms] GC(23524)   Other: 0.2ms
[2023-11-10T11:53:34.663-0800][76818295ms] GC(23524) Eden regions: 179->0(179)
[2023-11-10T11:53:34.663-0800][76818295ms] GC(23524) Survivor regions: 1->1(23)
[2023-11-10T11:53:34.663-0800][76818295ms] GC(23524) Old regions: 1434->1434
[2023-11-10T11:53:34.663-0800][76818295ms] GC(23524) Humongous regions: 5->5
[2023-11-10T11:53:34.663-0800][76818295ms] GC(23524) Metaspace: 304986K->304986K(1349632K)
[2023-11-10T11:53:34.663-0800][76818295ms] GC(23524) Pause Young (Normal) (G1 Evacuation Pause) 3234M->2876M(3602M) 5.003ms
[2023-11-10T11:53:34.663-0800][76818295ms] GC(23524) User=0.02s Sys=0.00s Real=0.01s
[2023-11-10T11:53:35.025-0800][76818657ms] GC(23525) Pause Young (Normal) (G1 Evacuation Pause)
[2023-11-10T11:53:35.025-0800][76818657ms] GC(23525) Using 10 workers of 10 for evacuation
[2023-11-10T11:53:35.030-0800][76818662ms] GC(23525)   Pre Evacuate Collection Set: 0.0ms
[2023-11-10T11:53:35.030-0800][76818662ms] GC(23525)   Evacuate Collection Set: 1.6ms
[2023-11-10T11:53:35.030-0800][76818662ms] GC(23525)   Post Evacuate Collection Set: 2.9ms
[2023-11-10T11:53:35.030-0800][76818662ms] GC(23525)   Other: 0.3ms
[2023-11-10T11:53:35.030-0800][76818662ms] GC(23525) Eden regions: 179->0(179)
[2023-11-10T11:53:35.030-0800][76818662ms] GC(23525) Survivor regions: 1->1(23)
[2023-11-10T11:53:35.030-0800][76818662ms] GC(23525) Old regions: 1434->1434
[2023-11-10T11:53:35.030-0800][76818662ms] GC(23525) Humongous regions: 5->5
[2023-11-10T11:53:35.030-0800][76818662ms] GC(23525) Metaspace: 304986K->304986K(1349632K)
[2023-11-10T11:53:35.030-0800][76818662ms] GC(23525) Pause Young (Normal) (G1 Evacuation Pause) 3234M->2876M(3602M) 4.922ms
[2023-11-10T11:53:35.030-0800][76818662ms] GC(23525) User=0.00s Sys=0.00s Real=0.00s
[2023-11-10T11:53:35.441-0800][76819073ms] GC(23526) Pause Young (Normal) (G1 Evacuation Pause)
[2023-11-10T11:53:35.441-0800][76819073ms] GC(23526) Using 10 workers of 10 for evacuation
[2023-11-10T11:53:35.446-0800][76819078ms] GC(23526)   Pre Evacuate Collection Set: 0.0ms
[2023-11-10T11:53:35.446-0800][76819078ms] GC(23526)   Evacuate Collection Set: 1.7ms
[2023-11-10T11:53:35.446-0800][76819078ms] GC(23526)   Post Evacuate Collection Set: 3.3ms
[2023-11-10T11:53:35.446-0800][76819078ms] GC(23526)   Other: 0.3ms
[2023-11-10T11:53:35.446-0800][76819078ms] GC(23526) Eden regions: 179->0(179)
[2023-11-10T11:53:35.446-0800][76819078ms] GC(23526) Survivor regions: 1->1(23)
[2023-11-10T11:53:35.446-0800][76819078ms] GC(23526) Old regions: 1434->1434
[2023-11-10T11:53:35.446-0800][76819078ms] GC(23526) Humongous regions: 5->5
[2023-11-10T11:53:35.446-0800][76819078ms] GC(23526) Metaspace: 304986K->304986K(1349632K)
[2023-11-10T11:53:35.446-0800][76819078ms] GC(23526) Pause Young (Normal) (G1 Evacuation Pause) 3234M->2876M(3602M) 5.428ms
[2023-11-10T11:53:35.446-0800][76819078ms] GC(23526) User=0.02s Sys=0.00s Real=0.01s
[2023-11-10T11:53:35.857-0800][76819489ms] GC(23527) Pause Young (Normal) (G1 Evacuation Pause)
[2023-11-10T11:53:35.857-0800][76819489ms] GC(23527) Using 10 workers of 10 for evacuation
[2023-11-10T11:53:35.864-0800][76819496ms] GC(23527)   Pre Evacuate Collection Set: 0.0ms
[2023-11-10T11:53:35.864-0800][76819496ms] GC(23527)   Evacuate Collection Set: 1.9ms
[2023-11-10T11:53:35.864-0800][76819496ms] GC(23527)   Post Evacuate Collection Set: 3.8ms
[2023-11-10T11:53:35.864-0800][76819496ms] GC(23527)   Other: 0.3ms
[2023-11-10T11:53:35.864-0800][76819496ms] GC(23527) Eden regions: 179->0(179)
[2023-11-10T11:53:35.864-0800][76819496ms] GC(23527) Survivor regions: 1->1(23)
[2023-11-10T11:53:35.864-0800][76819496ms] GC(23527) Old regions: 1434->1434
[2023-11-10T11:53:35.864-0800][76819496ms] GC(23527) Humongous regions: 5->5
[2023-11-10T11:53:35.864-0800][76819496ms] GC(23527) Metaspace: 304986K->304986K(1349632K)
[2023-11-10T11:53:35.864-0800][76819496ms] GC(23527) Pause Young (Normal) (G1 Evacuation Pause) 3234M->2876M(3602M) 6.053ms
[2023-11-10T11:53:35.864-0800][76819496ms] GC(23527) User=0.00s Sys=0.00s Real=0.01s
[2023-11-10T11:53:36.260-0800][76819892ms] GC(23528) Pause Young (Normal) (G1 Evacuation Pause)
[2023-11-10T11:53:36.260-0800][76819892ms] GC(23528) Using 10 workers of 10 for evacuation
[2023-11-10T11:53:36.265-0800][76819897ms] GC(23528)   Pre Evacuate Collection Set: 0.1ms
[2023-11-10T11:53:36.265-0800][76819897ms] GC(23528)   Evacuate Collection Set: 1.8ms
[2023-11-10T11:53:36.265-0800][76819897ms] GC(23528)   Post Evacuate Collection Set: 3.9ms
[2023-11-10T11:53:36.265-0800][76819897ms] GC(23528)   Other: 0.4ms
[2023-11-10T11:53:36.265-0800][76819897ms] GC(23528) Eden regions: 179->0(179)
[2023-11-10T11:53:36.265-0800][76819897ms] GC(23528) Survivor regions: 1->1(23)
[2023-11-10T11:53:36.265-0800][76819897ms] GC(23528) Old regions: 1434->1434
[2023-11-10T11:53:36.265-0800][76819897ms] GC(23528) Humongous regions: 5->5
[2023-11-10T11:53:36.265-0800][76819897ms] GC(23528) Metaspace: 304986K->304986K(1349632K)
[2023-11-10T11:53:36.265-0800][76819897ms] GC(23528) Pause Young (Normal) (G1 Evacuation Pause) 3234M->2876M(3602M) 6.218ms
[2023-11-10T11:53:36.265-0800][76819897ms] GC(23528) User=0.00s Sys=0.00s Real=0.01s
[2023-11-10T11:53:36.735-0800][76820367ms] GC(23529) Pause Young (Normal) (G1 Evacuation Pause)
[2023-11-10T11:53:36.735-0800][76820367ms] GC(23529) Using 10 workers of 10 for evacuation
[2023-11-10T11:53:36.741-0800][76820373ms] GC(23529)   Pre Evacuate Collection Set: 0.0ms
[2023-11-10T11:53:36.741-0800][76820373ms] GC(23529)   Evacuate Collection Set: 1.7ms
[2023-11-10T11:53:36.741-0800][76820373ms] GC(23529)   Post Evacuate Collection Set: 3.3ms
[2023-11-10T11:53:36.741-0800][76820373ms] GC(23529)   Other: 0.3ms
[2023-11-10T11:53:36.741-0800][76820373ms] GC(23529) Eden regions: 179->0(179)
[2023-11-10T11:53:36.741-0800][76820373ms] GC(23529) Survivor regions: 1->1(23)
[2023-11-10T11:53:36.741-0800][76820373ms] GC(23529) Old regions: 1434->1434
[2023-11-10T11:53:36.741-0800][76820373ms] GC(23529) Humongous regions: 5->5
[2023-11-10T11:53:36.741-0800][76820373ms] GC(23529) Metaspace: 304986K->304986K(1349632K)
[2023-11-10T11:53:36.741-0800][76820373ms] GC(23529) Pause Young (Normal) (G1 Evacuation Pause) 3234M->2876M(3602M) 5.488ms
[2023-11-10T11:53:36.741-0800][76820373ms] GC(23529) User=0.00s Sys=0.00s Real=0.01s
[2023-11-10T11:53:37.138-0800][76820770ms] GC(23530) Pause Young (Normal) (G1 Evacuation Pause)
[2023-11-10T11:53:37.138-0800][76820770ms] GC(23530) Using 10 workers of 10 for evacuation
[2023-11-10T11:53:37.143-0800][76820775ms] GC(23530)   Pre Evacuate Collection Set: 0.0ms
[2023-11-10T11:53:37.143-0800][76820775ms] GC(23530)   Evacuate Collection Set: 1.6ms
[2023-11-10T11:53:37.143-0800][76820775ms] GC(23530)   Post Evacuate Collection Set: 3.1ms
[2023-11-10T11:53:37.143-0800][76820775ms] GC(23530)   Other: 0.3ms
[2023-11-10T11:53:37.143-0800][76820775ms] GC(23530) Eden regions: 179->0(179)
[2023-11-10T11:53:37.143-0800][76820775ms] GC(23530) Survivor regions: 1->1(23)
[2023-11-10T11:53:37.143-0800][76820775ms] GC(23530) Old regions: 1434->1434
[2023-11-10T11:53:37.143-0800][76820775ms] GC(23530) Humongous regions: 5->5
[2023-11-10T11:53:37.143-0800][76820775ms] GC(23530) Metaspace: 304986K->304986K(1349632K)
[2023-11-10T11:53:37.143-0800][76820775ms] GC(23530) Pause Young (Normal) (G1 Evacuation Pause) 3234M->2876M(3602M) 5.174ms
[2023-11-10T11:53:37.143-0800][76820775ms] GC(23530) User=0.00s Sys=0.00s Real=0.00s
[2023-11-10T11:53:37.626-0800][76821258ms] GC(23531) Pause Young (Normal) (G1 Evacuation Pause)
[2023-11-10T11:53:37.626-0800][76821258ms] GC(23531) Using 10 workers of 10 for evacuation
[2023-11-10T11:53:37.631-0800][76821263ms] GC(23531)   Pre Evacuate Collection Set: 0.0ms
[2023-11-10T11:53:37.631-0800][76821263ms] GC(23531)   Evacuate Collection Set: 1.9ms
[2023-11-10T11:53:37.631-0800][76821263ms] GC(23531)   Post Evacuate Collection Set: 3.1ms
[2023-11-10T11:53:37.631-0800][76821263ms] GC(23531)   Other: 0.3ms
[2023-11-10T11:53:37.631-0800][76821263ms] GC(23531) Eden regions: 179->0(179)
[2023-11-10T11:53:37.631-0800][76821263ms] GC(23531) Survivor regions: 1->1(23)
[2023-11-10T11:53:37.631-0800][76821263ms] GC(23531) Old regions: 1434->1434
[2023-11-10T11:53:37.631-0800][76821263ms] GC(23531) Humongous regions: 5->5
[2023-11-10T11:53:37.631-0800][76821263ms] GC(23531) Metaspace: 304986K->304986K(1349632K)
[2023-11-10T11:53:37.631-0800][76821263ms] GC(23531) Pause Young (Normal) (G1 Evacuation Pause) 3234M->2876M(3602M) 5.410ms
[2023-11-10T11:53:37.631-0800][76821263ms] GC(23531) User=0.00s Sys=0.00s Real=0.01s
[2023-11-10T11:53:38.021-0800][76821653ms] GC(23532) Pause Young (Normal) (G1 Evacuation Pause)
[2023-11-10T11:53:38.021-0800][76821653ms] GC(23532) Using 10 workers of 10 for evacuation
[2023-11-10T11:53:38.027-0800][76821659ms] GC(23532)   Pre Evacuate Collection Set: 0.0ms
[2023-11-10T11:53:38.027-0800][76821659ms] GC(23532)   Evacuate Collection Set: 1.7ms
[2023-11-10T11:53:38.027-0800][76821659ms] GC(23532)   Post Evacuate Collection Set: 3.3ms
[2023-11-10T11:53:38.027-0800][76821659ms] GC(23532)   Other: 0.3ms
[2023-11-10T11:53:38.027-0800][76821659ms] GC(23532) Eden regions: 179->0(179)
[2023-11-10T11:53:38.027-0800][76821659ms] GC(23532) Survivor regions: 1->1(23)
[2023-11-10T11:53:38.027-0800][76821659ms] GC(23532) Old regions: 1434->1434
[2023-11-10T11:53:38.027-0800][76821659ms] GC(23532) Humongous regions: 5->5
[2023-11-10T11:53:38.027-0800][76821659ms] GC(23532) Metaspace: 304986K->304986K(1349632K)
[2023-11-10T11:53:38.027-0800][76821659ms] GC(23532) Pause Young (Normal) (G1 Evacuation Pause) 3234M->2877M(3602M) 5.442ms
[2023-11-10T11:53:38.027-0800][76821659ms] GC(23532) User=0.08s Sys=0.00s Real=0.01s
[2023-11-10T11:53:38.432-0800][76822064ms] GC(23533) Pause Young (Normal) (G1 Evacuation Pause)
[2023-11-10T11:53:38.432-0800][76822064ms] GC(23533) Using 10 workers of 10 for evacuation
[2023-11-10T11:53:38.438-0800][76822070ms] GC(23533)   Pre Evacuate Collection Set: 0.1ms
[2023-11-10T11:53:38.438-0800][76822070ms] GC(23533)   Evacuate Collection Set: 2.1ms
[2023-11-10T11:53:38.438-0800][76822070ms] GC(23533)   Post Evacuate Collection Set: 3.7ms
[2023-11-10T11:53:38.438-0800][76822070ms] GC(23533)   Other: 0.3ms
[2023-11-10T11:53:38.438-0800][76822070ms] GC(23533) Eden regions: 179->0(179)
[2023-11-10T11:53:38.438-0800][76822070ms] GC(23533) Survivor regions: 1->1(23)
[2023-11-10T11:53:38.438-0800][76822070ms] GC(23533) Old regions: 1434->1434
[2023-11-10T11:53:38.438-0800][76822070ms] GC(23533) Humongous regions: 5->5
[2023-11-10T11:53:38.438-0800][76822070ms] GC(23533) Metaspace: 304986K->304986K(1349632K)
[2023-11-10T11:53:38.438-0800][76822070ms] GC(23533) Pause Young (Normal) (G1 Evacuation Pause) 3235M->2876M(3602M) 6.233ms
[2023-11-10T11:53:38.439-0800][76822071ms] GC(23533) User=0.00s Sys=0.00s Real=0.01s
[2023-11-10T11:53:38.916-0800][76822548ms] GC(23534) Pause Young (Normal) (G1 Evacuation Pause)
[2023-11-10T11:53:38.916-0800][76822548ms] GC(23534) Using 10 workers of 10 for evacuation
[2023-11-10T11:53:38.921-0800][76822553ms] GC(23534)   Pre Evacuate Collection Set: 0.0ms
[2023-11-10T11:53:38.921-0800][76822553ms] GC(23534)   Evacuate Collection Set: 1.9ms
[2023-11-10T11:53:38.921-0800][76822553ms] GC(23534)   Post Evacuate Collection Set: 3.1ms
[2023-11-10T11:53:38.921-0800][76822553ms] GC(23534)   Other: 0.2ms
[2023-11-10T11:53:38.921-0800][76822553ms] GC(23534) Eden regions: 179->0(179)
[2023-11-10T11:53:38.921-0800][76822553ms] GC(23534) Survivor regions: 1->1(23)
[2023-11-10T11:53:38.921-0800][76822553ms] GC(23534) Old regions: 1434->1434
[2023-11-10T11:53:38.921-0800][76822553ms] GC(23534) Humongous regions: 5->5
[2023-11-10T11:53:38.921-0800][76822553ms] GC(23534) Metaspace: 304986K->304986K(1349632K)
[2023-11-10T11:53:38.921-0800][76822553ms] GC(23534) Pause Young (Normal) (G1 Evacuation Pause) 3234M->2876M(3602M) 5.378ms
[2023-11-10T11:53:38.921-0800][76822553ms] GC(23534) User=0.00s Sys=0.00s Real=0.01s
[2023-11-10T11:53:39.379-0800][76823011ms] GC(23535) Pause Young (Normal) (G1 Evacuation Pause)
[2023-11-10T11:53:39.379-0800][76823011ms] GC(23535) Using 10 workers of 10 for evacuation
[2023-11-10T11:53:39.385-0800][76823017ms] GC(23535)   Pre Evacuate Collection Set: 0.1ms
[2023-11-10T11:53:39.385-0800][76823017ms] GC(23535)   Evacuate Collection Set: 2.2ms
[2023-11-10T11:53:39.385-0800][76823017ms] GC(23535)   Post Evacuate Collection Set: 3.5ms
[2023-11-10T11:53:39.385-0800][76823017ms] GC(23535)   Other: 0.3ms
[2023-11-10T11:53:39.385-0800][76823017ms] GC(23535) Eden regions: 179->0(179)
[2023-11-10T11:53:39.385-0800][76823017ms] GC(23535) Survivor regions: 1->1(23)
[2023-11-10T11:53:39.385-0800][76823017ms] GC(23535) Old regions: 1434->1434
[2023-11-10T11:53:39.385-0800][76823017ms] GC(23535) Humongous regions: 5->5
[2023-11-10T11:53:39.385-0800][76823017ms] GC(23535) Metaspace: 304986K->304986K(1349632K)
[2023-11-10T11:53:39.385-0800][76823017ms] GC(23535) Pause Young (Normal) (G1 Evacuation Pause) 3234M->2876M(3602M) 6.194ms
[2023-11-10T11:53:39.385-0800][76823017ms] GC(23535) User=0.00s Sys=0.00s Real=0.01s
[2023-11-10T11:53:39.822-0800][76823454ms] GC(23536) Pause Young (Normal) (G1 Evacuation Pause)
[2023-11-10T11:53:39.822-0800][76823454ms] GC(23536) Using 10 workers of 10 for evacuation
[2023-11-10T11:53:39.829-0800][76823461ms] GC(23536)   Pre Evacuate Collection Set: 0.1ms
[2023-11-10T11:53:39.829-0800][76823461ms] GC(23536)   Evacuate Collection Set: 2.0ms
[2023-11-10T11:53:39.829-0800][76823461ms] GC(23536)   Post Evacuate Collection Set: 4.6ms
[2023-11-10T11:53:39.829-0800][76823461ms] GC(23536)   Other: 0.6ms
[2023-11-10T11:53:39.829-0800][76823461ms] GC(23536) Eden regions: 179->0(179)
[2023-11-10T11:53:39.829-0800][76823461ms] GC(23536) Survivor regions: 1->1(23)
[2023-11-10T11:53:39.829-0800][76823461ms] GC(23536) Old regions: 1434->1434
[2023-11-10T11:53:39.829-0800][76823461ms] GC(23536) Humongous regions: 5->5
[2023-11-10T11:53:39.829-0800][76823461ms] GC(23536) Metaspace: 304986K->304986K(1349632K)
[2023-11-10T11:53:39.829-0800][76823461ms] GC(23536) Pause Young (Normal) (G1 Evacuation Pause) 3234M->2876M(3602M) 7.319ms
[2023-11-10T11:53:39.829-0800][76823461ms] GC(23536) User=0.00s Sys=0.00s Real=0.01s
[2023-11-10T11:53:40.274-0800][76823906ms] GC(23537) Pause Young (Normal) (G1 Evacuation Pause)
[2023-11-10T11:53:40.274-0800][76823906ms] GC(23537) Using 10 workers of 10 for evacuation
[2023-11-10T11:53:40.280-0800][76823912ms] GC(23537)   Pre Evacuate Collection Set: 0.0ms
[2023-11-10T11:53:40.280-0800][76823912ms] GC(23537)   Evacuate Collection Set: 1.9ms
[2023-11-10T11:53:40.280-0800][76823912ms] GC(23537)   Post Evacuate Collection Set: 4.3ms
[2023-11-10T11:53:40.280-0800][76823912ms] GC(23537)   Other: 0.3ms
[2023-11-10T11:53:40.280-0800][76823912ms] GC(23537) Eden regions: 179->0(179)
[2023-11-10T11:53:40.280-0800][76823912ms] GC(23537) Survivor regions: 1->1(23)
[2023-11-10T11:53:40.280-0800][76823912ms] GC(23537) Old regions: 1434->1434
[2023-11-10T11:53:40.280-0800][76823912ms] GC(23537) Humongous regions: 5->5
[2023-11-10T11:53:40.280-0800][76823912ms] GC(23537) Metaspace: 304986K->304986K(1349632K)
[2023-11-10T11:53:40.280-0800][76823912ms] GC(23537) Pause Young (Normal) (G1 Evacuation Pause) 3234M->2876M(3602M) 6.660ms
[2023-11-10T11:53:40.280-0800][76823912ms] GC(23537) User=0.00s Sys=0.00s Real=0.01s
[2023-11-10T11:53:40.791-0800][76824423ms] GC(23538) Pause Young (Normal) (G1 Evacuation Pause)
[2023-11-10T11:53:40.791-0800][76824423ms] GC(23538) Using 10 workers of 10 for evacuation
[2023-11-10T11:53:40.797-0800][76824429ms] GC(23538)   Pre Evacuate Collection Set: 0.0ms
[2023-11-10T11:53:40.797-0800][76824429ms] GC(23538)   Evacuate Collection Set: 2.5ms
[2023-11-10T11:53:40.797-0800][76824429ms] GC(23538)   Post Evacuate Collection Set: 3.7ms
[2023-11-10T11:53:40.797-0800][76824429ms] GC(23538)   Other: 0.3ms
[2023-11-10T11:53:40.797-0800][76824429ms] GC(23538) Eden regions: 179->0(179)
[2023-11-10T11:53:40.797-0800][76824429ms] GC(23538) Survivor regions: 1->1(23)
[2023-11-10T11:53:40.797-0800][76824429ms] GC(23538) Old regions: 1434->1434
[2023-11-10T11:53:40.797-0800][76824429ms] GC(23538) Humongous regions: 5->5
[2023-11-10T11:53:40.797-0800][76824429ms] GC(23538) Metaspace: 304986K->304986K(1349632K)
[2023-11-10T11:53:40.797-0800][76824429ms] GC(23538) Pause Young (Normal) (G1 Evacuation Pause) 3234M->2876M(3602M) 6.518ms
[2023-11-10T11:53:40.797-0800][76824429ms] GC(23538) User=0.00s Sys=0.00s Real=0.01s
[2023-11-10T11:53:41.213-0800][76824845ms] GC(23539) Pause Young (Normal) (G1 Evacuation Pause)
[2023-11-10T11:53:41.213-0800][76824845ms] GC(23539) Using 10 workers of 10 for evacuation
[2023-11-10T11:53:41.220-0800][76824852ms] GC(23539)   Pre Evacuate Collection Set: 0.1ms
[2023-11-10T11:53:41.220-0800][76824852ms] GC(23539)   Evacuate Collection Set: 2.5ms
[2023-11-10T11:53:41.220-0800][76824852ms] GC(23539)   Post Evacuate Collection Set: 4.4ms
[2023-11-10T11:53:41.220-0800][76824852ms] GC(23539)   Other: 0.3ms
[2023-11-10T11:53:41.220-0800][76824852ms] GC(23539) Eden regions: 179->0(179)
[2023-11-10T11:53:41.220-0800][76824852ms] GC(23539) Survivor regions: 1->1(23)
[2023-11-10T11:53:41.220-0800][76824852ms] GC(23539) Old regions: 1434->1434
[2023-11-10T11:53:41.220-0800][76824852ms] GC(23539) Humongous regions: 5->5
[2023-11-10T11:53:41.220-0800][76824852ms] GC(23539) Metaspace: 304986K->304986K(1349632K)
[2023-11-10T11:53:41.220-0800][76824852ms] GC(23539) Pause Young (Normal) (G1 Evacuation Pause) 3234M->2877M(3602M) 7.309ms
[2023-11-10T11:53:41.220-0800][76824852ms] GC(23539) User=0.00s Sys=0.00s Real=0.01s
[2023-11-10T11:53:41.651-0800][76825285ms] GC(23540) Pause Young (Normal) (G1 Evacuation Pause)
[2023-11-10T11:53:41.653-0800][76825285ms] GC(23540) Using 10 workers of 10 for evacuation
[2023-11-10T11:53:41.659-0800][76825291ms] GC(23540)   Pre Evacuate Collection Set: 0.1ms
[2023-11-10T11:53:41.659-0800][76825291ms] GC(23540)   Evacuate Collection Set: 2.6ms
[2023-11-10T11:53:41.659-0800][76825291ms] GC(23540)   Post Evacuate Collection Set: 4.2ms
[2023-11-10T11:53:41.659-0800][76825291ms] GC(23540)   Other: 0.3ms
[2023-11-10T11:53:41.659-0800][76825291ms] GC(23540) Eden regions: 179->0(179)
[2023-11-10T11:53:41.659-0800][76825291ms] GC(23540) Survivor regions: 1->1(23)
[2023-11-10T11:53:41.659-0800][76825291ms] GC(23540) Old regions: 1434->1434
[2023-11-10T11:53:41.659-0800][76825291ms] GC(23540) Humongous regions: 5->5
[2023-11-10T11:53:41.659-0800][76825291ms] GC(23540) Metaspace: 304986K->304986K(1349632K)
[2023-11-10T11:53:41.659-0800][76825291ms] GC(23540) Pause Young (Normal) (G1 Evacuation Pause) 3235M->2876M(3602M) 7.250ms
[2023-11-10T11:53:41.659-0800][76825291ms] GC(23540) User=0.00s Sys=0.00s Real=0.01s
[2023-11-10T11:53:42.090-0800][76825722ms] GC(23541) Pause Young (Normal) (G1 Evacuation Pause)
[2023-11-10T11:53:42.090-0800][76825722ms] GC(23541) Using 10 workers of 10 for evacuation
[2023-11-10T11:53:42.098-0800][76825730ms] GC(23541)   Pre Evacuate Collection Set: 0.0ms
[2023-11-10T11:53:42.098-0800][76825730ms] GC(23541)   Evacuate Collection Set: 2.3ms
[2023-11-10T11:53:42.098-0800][76825730ms] GC(23541)   Post Evacuate Collection Set: 4.9ms
[2023-11-10T11:53:42.098-0800][76825730ms] GC(23541)   Other: 0.3ms
[2023-11-10T11:53:42.098-0800][76825730ms] GC(23541) Eden regions: 179->0(179)
[2023-11-10T11:53:42.098-0800][76825730ms] GC(23541) Survivor regions: 1->1(23)
[2023-11-10T11:53:42.098-0800][76825730ms] GC(23541) Old regions: 1434->1434
[2023-11-10T11:53:42.098-0800][76825730ms] GC(23541) Humongous regions: 5->5
[2023-11-10T11:53:42.098-0800][76825730ms] GC(23541) Metaspace: 304986K->304986K(1349632K)
[2023-11-10T11:53:42.098-0800][76825730ms] GC(23541) Pause Young (Normal) (G1 Evacuation Pause) 3234M->2877M(3602M) 7.660ms
[2023-11-10T11:53:42.098-0800][76825730ms] GC(23541) User=0.00s Sys=0.00s Real=0.01s
[2023-11-10T11:53:42.497-0800][76826129ms] GC(23542) Pause Young (Normal) (G1 Evacuation Pause)
[2023-11-10T11:53:42.497-0800][76826129ms] GC(23542) Using 10 workers of 10 for evacuation
[2023-11-10T11:53:42.505-0800][76826137ms] GC(23542)   Pre Evacuate Collection Set: 0.0ms
[2023-11-10T11:53:42.505-0800][76826137ms] GC(23542)   Evacuate Collection Set: 2.6ms
[2023-11-10T11:53:42.505-0800][76826137ms] GC(23542)   Post Evacuate Collection Set: 5.0ms
[2023-11-10T11:53:42.505-0800][76826137ms] GC(23542)   Other: 0.3ms
[2023-11-10T11:53:42.505-0800][76826137ms] GC(23542) Eden regions: 179->0(179)
[2023-11-10T11:53:42.505-0800][76826137ms] GC(23542) Survivor regions: 1->1(23)
[2023-11-10T11:53:42.505-0800][76826137ms] GC(23542) Old regions: 1434->1434
[2023-11-10T11:53:42.505-0800][76826137ms] GC(23542) Humongous regions: 5->5
[2023-11-10T11:53:42.505-0800][76826137ms] GC(23542) Metaspace: 304986K->304986K(1349632K)
[2023-11-10T11:53:42.505-0800][76826137ms] GC(23542) Pause Young (Normal) (G1 Evacuation Pause) 3235M->2877M(3602M) 7.974ms
[2023-11-10T11:53:42.505-0800][76826137ms] GC(23542) User=0.00s Sys=0.00s Real=0.01s
[2023-11-10T11:53:42.971-0800][76826603ms] GC(23543) Pause Young (Normal) (G1 Evacuation Pause)
[2023-11-10T11:53:42.971-0800][76826603ms] GC(23543) Using 10 workers of 10 for evacuation
[2023-11-10T11:53:42.977-0800][76826609ms] GC(23543)   Pre Evacuate Collection Set: 0.0ms
[2023-11-10T11:53:42.977-0800][76826609ms] GC(23543)   Evacuate Collection Set: 2.0ms
[2023-11-10T11:53:42.977-0800][76826609ms] GC(23543)   Post Evacuate Collection Set: 3.3ms
[2023-11-10T11:53:42.977-0800][76826609ms] GC(23543)   Other: 0.3ms
[2023-11-10T11:53:42.977-0800][76826609ms] GC(23543) Eden regions: 179->0(179)
[2023-11-10T11:53:42.977-0800][76826609ms] GC(23543) Survivor regions: 1->1(23)
[2023-11-10T11:53:42.977-0800][76826609ms] GC(23543) Old regions: 1434->1434
[2023-11-10T11:53:42.977-0800][76826609ms] GC(23543) Humongous regions: 5->5
[2023-11-10T11:53:42.977-0800][76826609ms] GC(23543) Metaspace: 304986K->304986K(1349632K)
[2023-11-10T11:53:42.977-0800][76826609ms] GC(23543) Pause Young (Normal) (G1 Evacuation Pause) 3235M->2877M(3602M) 5.724ms
[2023-11-10T11:53:42.977-0800][76826609ms] GC(23543) User=0.02s Sys=0.00s Real=0.01s
[2023-11-10T11:53:43.436-0800][76827068ms] GC(23544) Pause Young (Normal) (G1 Evacuation Pause)
[2023-11-10T11:53:43.436-0800][76827068ms] GC(23544) Using 10 workers of 10 for evacuation
[2023-11-10T11:53:43.441-0800][76827073ms] GC(23544)   Pre Evacuate Collection Set: 0.0ms
[2023-11-10T11:53:43.441-0800][76827073ms] GC(23544)   Evacuate Collection Set: 1.9ms
[2023-11-10T11:53:43.441-0800][76827073ms] GC(23544)   Post Evacuate Collection Set: 3.4ms
[2023-11-10T11:53:43.441-0800][76827073ms] GC(23544)   Other: 0.3ms
[2023-11-10T11:53:43.441-0800][76827073ms] GC(23544) Eden regions: 179->0(178)
[2023-11-10T11:53:43.441-0800][76827073ms] GC(23544) Survivor regions: 1->1(23)
[2023-11-10T11:53:43.441-0800][76827073ms] GC(23544) Old regions: 1434->1434
[2023-11-10T11:53:43.441-0800][76827073ms] GC(23544) Humongous regions: 5->5
[2023-11-10T11:53:43.441-0800][76827073ms] GC(23544) Metaspace: 304986K->304986K(1349632K)
[2023-11-10T11:53:43.441-0800][76827073ms] GC(23544) Pause Young (Normal) (G1 Evacuation Pause) 3235M->2877M(3602M) 5.745ms
[2023-11-10T11:53:43.441-0800][76827073ms] GC(23544) User=0.00s Sys=0.00s Real=0.00s
[2023-11-10T11:53:43.852-0800][76827484ms] GC(23545) Pause Young (Normal) (G1 Evacuation Pause)
[2023-11-10T11:53:43.852-0800][76827484ms] GC(23545) Using 10 workers of 10 for evacuation
[2023-11-10T11:53:43.856-0800][76827488ms] GC(23545)   Pre Evacuate Collection Set: 0.0ms
[2023-11-10T11:53:43.857-0800][76827489ms] GC(23545)   Evacuate Collection Set: 1.7ms
[2023-11-10T11:53:43.857-0800][76827489ms] GC(23545)   Post Evacuate Collection Set: 3.3ms
[2023-11-10T11:53:43.857-0800][76827489ms] GC(23545)   Other: 0.3ms
[2023-11-10T11:53:43.857-0800][76827489ms] GC(23545) Eden regions: 178->0(178)
[2023-11-10T11:53:43.857-0800][76827489ms] GC(23545) Survivor regions: 1->1(23)
[2023-11-10T11:53:43.857-0800][76827489ms] GC(23545) Old regions: 1434->1434
[2023-11-10T11:53:43.857-0800][76827489ms] GC(23545) Humongous regions: 5->5
[2023-11-10T11:53:43.857-0800][76827489ms] GC(23545) Metaspace: 304986K->304986K(1349632K)
[2023-11-10T11:53:43.857-0800][76827489ms] GC(23545) Pause Young (Normal) (G1 Evacuation Pause) 3233M->2877M(3602M) 5.455ms
[2023-11-10T11:53:43.857-0800][76827489ms] GC(23545) User=0.00s Sys=0.00s Real=0.01s
[2023-11-10T11:53:44.296-0800][76827928ms] GC(23546) Pause Young (Normal) (G1 Evacuation Pause)
[2023-11-10T11:53:44.296-0800][76827928ms] GC(23546) Using 10 workers of 10 for evacuation
[2023-11-10T11:53:44.300-0800][76827932ms] GC(23546)   Pre Evacuate Collection Set: 0.0ms
[2023-11-10T11:53:44.300-0800][76827932ms] GC(23546)   Evacuate Collection Set: 1.7ms
[2023-11-10T11:53:44.300-0800][76827932ms] GC(23546)   Post Evacuate Collection Set: 3.1ms
[2023-11-10T11:53:44.300-0800][76827932ms] GC(23546)   Other: 0.3ms
[2023-11-10T11:53:44.300-0800][76827932ms] GC(23546) Eden regions: 178->0(178)
[2023-11-10T11:53:44.300-0800][76827932ms] GC(23546) Survivor regions: 1->1(23)
[2023-11-10T11:53:44.300-0800][76827932ms] GC(23546) Old regions: 1434->1434
[2023-11-10T11:53:44.300-0800][76827932ms] GC(23546) Humongous regions: 5->5
[2023-11-10T11:53:44.300-0800][76827932ms] GC(23546) Metaspace: 304986K->304986K(1349632K)
[2023-11-10T11:53:44.300-0800][76827932ms] GC(23546) Pause Young (Normal) (G1 Evacuation Pause) 3233M->2877M(3602M) 5.158ms
[2023-11-10T11:53:44.300-0800][76827932ms] GC(23546) User=0.00s Sys=0.00s Real=0.00s
[2023-11-10T11:53:44.721-0800][76828353ms] GC(23547) Pause Young (Normal) (G1 Evacuation Pause)
[2023-11-10T11:53:44.721-0800][76828353ms] GC(23547) Using 10 workers of 10 for evacuation
[2023-11-10T11:53:44.727-0800][76828359ms] GC(23547)   Pre Evacuate Collection Set: 0.0ms
[2023-11-10T11:53:44.727-0800][76828359ms] GC(23547)   Evacuate Collection Set: 1.9ms
[2023-11-10T11:53:44.727-0800][76828359ms] GC(23547)   Post Evacuate Collection Set: 3.4ms
[2023-11-10T11:53:44.727-0800][76828359ms] GC(23547)   Other: 0.3ms
[2023-11-10T11:53:44.727-0800][76828359ms] GC(23547) Eden regions: 178->0(178)
[2023-11-10T11:53:44.727-0800][76828359ms] GC(23547) Survivor regions: 1->1(23)
[2023-11-10T11:53:44.727-0800][76828359ms] GC(23547) Old regions: 1434->1434
[2023-11-10T11:53:44.727-0800][76828359ms] GC(23547) Humongous regions: 5->5
[2023-11-10T11:53:44.727-0800][76828359ms] GC(23547) Metaspace: 304986K->304986K(1349632K)
[2023-11-10T11:53:44.727-0800][76828359ms] GC(23547) Pause Young (Normal) (G1 Evacuation Pause) 3233M->2877M(3602M) 5.747ms
[2023-11-10T11:53:44.727-0800][76828359ms] GC(23547) User=0.00s Sys=0.00s Real=0.01s
[2023-11-10T11:53:45.116-0800][76828748ms] GC(23548) Pause Young (Normal) (G1 Evacuation Pause)
[2023-11-10T11:53:45.116-0800][76828748ms] GC(23548) Using 10 workers of 10 for evacuation
[2023-11-10T11:53:45.121-0800][76828753ms] GC(23548)   Pre Evacuate Collection Set: 0.0ms
[2023-11-10T11:53:45.122-0800][76828754ms] GC(23548)   Evacuate Collection Set: 1.8ms
[2023-11-10T11:53:45.122-0800][76828754ms] GC(23548)   Post Evacuate Collection Set: 3.1ms
[2023-11-10T11:53:45.122-0800][76828754ms] GC(23548)   Other: 0.3ms
[2023-11-10T11:53:45.122-0800][76828754ms] GC(23548) Eden regions: 178->0(178)
[2023-11-10T11:53:45.122-0800][76828754ms] GC(23548) Survivor regions: 1->1(23)
[2023-11-10T11:53:45.122-0800][76828754ms] GC(23548) Old regions: 1434->1434
[2023-11-10T11:53:45.122-0800][76828754ms] GC(23548) Humongous regions: 5->5
[2023-11-10T11:53:45.122-0800][76828754ms] GC(23548) Metaspace: 304986K->304986K(1349632K)
[2023-11-10T11:53:45.122-0800][76828754ms] GC(23548) Pause Young (Normal) (G1 Evacuation Pause) 3233M->2877M(3602M) 5.279ms
[2023-11-10T11:53:45.122-0800][76828754ms] GC(23548) User=0.00s Sys=0.00s Real=0.01s
[2023-11-10T11:53:45.555-0800][76829187ms] GC(23549) Pause Young (Normal) (G1 Evacuation Pause)
[2023-11-10T11:53:45.555-0800][76829187ms] GC(23549) Using 10 workers of 10 for evacuation
[2023-11-10T11:53:45.560-0800][76829192ms] GC(23549)   Pre Evacuate Collection Set: 0.0ms
[2023-11-10T11:53:45.560-0800][76829192ms] GC(23549)   Evacuate Collection Set: 1.7ms
[2023-11-10T11:53:45.561-0800][76829193ms] GC(23549)   Post Evacuate Collection Set: 3.0ms
[2023-11-10T11:53:45.561-0800][76829193ms] GC(23549)   Other: 0.3ms
[2023-11-10T11:53:45.561-0800][76829193ms] GC(23549) Eden regions: 178->0(178)
[2023-11-10T11:53:45.561-0800][76829193ms] GC(23549) Survivor regions: 1->1(23)
[2023-11-10T11:53:45.561-0800][76829193ms] GC(23549) Old regions: 1434->1434
[2023-11-10T11:53:45.561-0800][76829193ms] GC(23549) Humongous regions: 5->5
[2023-11-10T11:53:45.561-0800][76829193ms] GC(23549) Metaspace: 304986K->304986K(1349632K)
[2023-11-10T11:53:45.561-0800][76829193ms] GC(23549) Pause Young (Normal) (G1 Evacuation Pause) 3233M->2877M(3602M) 5.128ms
[2023-11-10T11:53:45.561-0800][76829193ms] GC(23549) User=0.00s Sys=0.00s Real=0.01s
[2023-11-10T11:53:45.968-0800][76829600ms] GC(23550) Pause Young (Normal) (G1 Evacuation Pause)
[2023-11-10T11:53:45.969-0800][76829601ms] GC(23550) Using 10 workers of 10 for evacuation
[2023-11-10T11:53:45.974-0800][76829606ms] GC(23550)   Pre Evacuate Collection Set: 0.0ms
[2023-11-10T11:53:45.974-0800][76829606ms] GC(23550)   Evacuate Collection Set: 1.7ms
[2023-11-10T11:53:45.974-0800][76829606ms] GC(23550)   Post Evacuate Collection Set: 3.3ms
[2023-11-10T11:53:45.974-0800][76829606ms] GC(23550)   Other: 0.3ms
[2023-11-10T11:53:45.974-0800][76829606ms] GC(23550) Eden regions: 178->0(178)
[2023-11-10T11:53:45.974-0800][76829606ms] GC(23550) Survivor regions: 1->1(23)
[2023-11-10T11:53:45.974-0800][76829606ms] GC(23550) Old regions: 1434->1434
[2023-11-10T11:53:45.974-0800][76829606ms] GC(23550) Humongous regions: 5->5
[2023-11-10T11:53:45.974-0800][76829606ms] GC(23550) Metaspace: 304986K->304986K(1349632K)
[2023-11-10T11:53:45.974-0800][76829606ms] GC(23550) Pause Young (Normal) (G1 Evacuation Pause) 3233M->2877M(3602M) 5.359ms
[2023-11-10T11:53:45.974-0800][76829606ms] GC(23550) User=0.00s Sys=0.00s Real=0.01s
[2023-11-10T11:53:46.436-0800][76830068ms] GC(23551) Pause Young (Normal) (G1 Evacuation Pause)
[2023-11-10T11:53:46.436-0800][76830068ms] GC(23551) Using 10 workers of 10 for evacuation
[2023-11-10T11:53:46.440-0800][76830072ms] GC(23551)   Pre Evacuate Collection Set: 0.0ms
[2023-11-10T11:53:46.441-0800][76830073ms] GC(23551)   Evacuate Collection Set: 1.7ms
[2023-11-10T11:53:46.441-0800][76830073ms] GC(23551)   Post Evacuate Collection Set: 3.1ms
[2023-11-10T11:53:46.441-0800][76830073ms] GC(23551)   Other: 0.3ms
[2023-11-10T11:53:46.441-0800][76830073ms] GC(23551) Eden regions: 178->0(178)
[2023-11-10T11:53:46.441-0800][76830073ms] GC(23551) Survivor regions: 1->1(23)
[2023-11-10T11:53:46.441-0800][76830073ms] GC(23551) Old regions: 1434->1434
[2023-11-10T11:53:46.441-0800][76830073ms] GC(23551) Humongous regions: 5->5
[2023-11-10T11:53:46.441-0800][76830073ms] GC(23551) Metaspace: 304986K->304986K(1349632K)
[2023-11-10T11:53:46.441-0800][76830073ms] GC(23551) Pause Young (Normal) (G1 Evacuation Pause) 3233M->2877M(3602M) 5.182ms
[2023-11-10T11:53:46.441-0800][76830073ms] GC(23551) User=0.00s Sys=0.00s Real=0.00s
[2023-11-10T11:53:46.880-0800][76830512ms] GC(23552) Pause Young (Normal) (G1 Evacuation Pause)
[2023-11-10T11:53:46.880-0800][76830512ms] GC(23552) Using 10 workers of 10 for evacuation
[2023-11-10T11:53:46.885-0800][76830517ms] GC(23552)   Pre Evacuate Collection Set: 0.0ms
[2023-11-10T11:53:46.885-0800][76830517ms] GC(23552)   Evacuate Collection Set: 1.7ms
[2023-11-10T11:53:46.885-0800][76830517ms] GC(23552)   Post Evacuate Collection Set: 3.0ms
[2023-11-10T11:53:46.885-0800][76830517ms] GC(23552)   Other: 0.3ms
[2023-11-10T11:53:46.885-0800][76830517ms] GC(23552) Eden regions: 178->0(178)
[2023-11-10T11:53:46.885-0800][76830517ms] GC(23552) Survivor regions: 1->1(23)
[2023-11-10T11:53:46.885-0800][76830517ms] GC(23552) Old regions: 1434->1434
[2023-11-10T11:53:46.885-0800][76830517ms] GC(23552) Humongous regions: 5->5
[2023-11-10T11:53:46.885-0800][76830517ms] GC(23552) Metaspace: 304986K->304986K(1349632K)
[2023-11-10T11:53:46.885-0800][76830517ms] GC(23552) Pause Young (Normal) (G1 Evacuation Pause) 3233M->2877M(3602M) 5.067ms
[2023-11-10T11:53:46.885-0800][76830517ms] GC(23552) User=0.00s Sys=0.00s Real=0.00s
[2023-11-10T11:53:47.382-0800][76831014ms] GC(23553) Pause Young (Normal) (G1 Evacuation Pause)
[2023-11-10T11:53:47.382-0800][76831014ms] GC(23553) Using 10 workers of 10 for evacuation
[2023-11-10T11:53:47.387-0800][76831019ms] GC(23553)   Pre Evacuate Collection Set: 0.0ms
[2023-11-10T11:53:47.387-0800][76831019ms] GC(23553)   Evacuate Collection Set: 1.7ms
[2023-11-10T11:53:47.387-0800][76831019ms] GC(23553)   Post Evacuate Collection Set: 3.5ms
[2023-11-10T11:53:47.387-0800][76831019ms] GC(23553)   Other: 0.3ms
[2023-11-10T11:53:47.387-0800][76831019ms] GC(23553) Eden regions: 178->0(178)
[2023-11-10T11:53:47.387-0800][76831019ms] GC(23553) Survivor regions: 1->1(23)
[2023-11-10T11:53:47.387-0800][76831019ms] GC(23553) Old regions: 1434->1434
[2023-11-10T11:53:47.387-0800][76831019ms] GC(23553) Humongous regions: 5->5
[2023-11-10T11:53:47.387-0800][76831019ms] GC(23553) Metaspace: 304986K->304986K(1349632K)
[2023-11-10T11:53:47.387-0800][76831019ms] GC(23553) Pause Young (Normal) (G1 Evacuation Pause) 3233M->2877M(3602M) 5.551ms
[2023-11-10T11:53:47.387-0800][76831019ms] GC(23553) User=0.00s Sys=0.00s Real=0.01s
[2023-11-10T11:53:47.772-0800][76831404ms] GC(23554) Pause Young (Normal) (G1 Evacuation Pause)
[2023-11-10T11:53:47.772-0800][76831404ms] GC(23554) Using 10 workers of 10 for evacuation
[2023-11-10T11:53:47.777-0800][76831409ms] GC(23554)   Pre Evacuate Collection Set: 0.0ms
[2023-11-10T11:53:47.777-0800][76831409ms] GC(23554)   Evacuate Collection Set: 1.6ms
[2023-11-10T11:53:47.777-0800][76831409ms] GC(23554)   Post Evacuate Collection Set: 3.3ms
[2023-11-10T11:53:47.777-0800][76831409ms] GC(23554)   Other: 0.3ms
[2023-11-10T11:53:47.777-0800][76831409ms] GC(23554) Eden regions: 178->0(178)
[2023-11-10T11:53:47.777-0800][76831409ms] GC(23554) Survivor regions: 1->1(23)
[2023-11-10T11:53:47.777-0800][76831409ms] GC(23554) Old regions: 1434->1434
[2023-11-10T11:53:47.777-0800][76831409ms] GC(23554) Humongous regions: 5->5
[2023-11-10T11:53:47.777-0800][76831409ms] GC(23554) Metaspace: 304986K->304986K(1349632K)
[2023-11-10T11:53:47.777-0800][76831409ms] GC(23554) Pause Young (Normal) (G1 Evacuation Pause) 3233M->2877M(3602M) 5.346ms
[2023-11-10T11:53:47.777-0800][76831409ms] GC(23554) User=0.05s Sys=0.00s Real=0.00s
[2023-11-10T11:53:48.220-0800][76831852ms] GC(23555) Pause Young (Normal) (G1 Evacuation Pause)
[2023-11-10T11:53:48.220-0800][76831852ms] GC(23555) Using 10 workers of 10 for evacuation
[2023-11-10T11:53:48.224-0800][76831856ms] GC(23555)   Pre Evacuate Collection Set: 0.0ms
[2023-11-10T11:53:48.224-0800][76831856ms] GC(23555)   Evacuate Collection Set: 1.6ms
[2023-11-10T11:53:48.224-0800][76831856ms] GC(23555)   Post Evacuate Collection Set: 3.1ms
[2023-11-10T11:53:48.224-0800][76831856ms] GC(23555)   Other: 0.3ms
[2023-11-10T11:53:48.224-0800][76831856ms] GC(23555) Eden regions: 178->0(178)
[2023-11-10T11:53:48.224-0800][76831856ms] GC(23555) Survivor regions: 1->1(23)
[2023-11-10T11:53:48.224-0800][76831856ms] GC(23555) Old regions: 1434->1434
[2023-11-10T11:53:48.224-0800][76831856ms] GC(23555) Humongous regions: 5->5
[2023-11-10T11:53:48.224-0800][76831856ms] GC(23555) Metaspace: 304986K->304986K(1349632K)
[2023-11-10T11:53:48.224-0800][76831856ms] GC(23555) Pause Young (Normal) (G1 Evacuation Pause) 3233M->2877M(3602M) 5.073ms
[2023-11-10T11:53:48.224-0800][76831856ms] GC(23555) User=0.00s Sys=0.00s Real=0.00s
[2023-11-10T11:53:48.663-0800][76832295ms] GC(23556) Pause Young (Normal) (G1 Evacuation Pause)
[2023-11-10T11:53:48.663-0800][76832295ms] GC(23556) Using 10 workers of 10 for evacuation
[2023-11-10T11:53:48.668-0800][76832300ms] GC(23556)   Pre Evacuate Collection Set: 0.0ms
[2023-11-10T11:53:48.669-0800][76832301ms] GC(23556)   Evacuate Collection Set: 1.9ms
[2023-11-10T11:53:48.669-0800][76832301ms] GC(23556)   Post Evacuate Collection Set: 3.3ms
[2023-11-10T11:53:48.669-0800][76832301ms] GC(23556)   Other: 0.3ms
[2023-11-10T11:53:48.669-0800][76832301ms] GC(23556) Eden regions: 178->0(178)
[2023-11-10T11:53:48.669-0800][76832301ms] GC(23556) Survivor regions: 1->1(23)
[2023-11-10T11:53:48.669-0800][76832301ms] GC(23556) Old regions: 1434->1434
[2023-11-10T11:53:48.669-0800][76832301ms] GC(23556) Humongous regions: 5->5
[2023-11-10T11:53:48.669-0800][76832301ms] GC(23556) Metaspace: 304986K->304986K(1349632K)
[2023-11-10T11:53:48.669-0800][76832301ms] GC(23556) Pause Young (Normal) (G1 Evacuation Pause) 3233M->2878M(3602M) 5.578ms
[2023-11-10T11:53:48.669-0800][76832301ms] GC(23556) User=0.05s Sys=0.00s Real=0.01s
[2023-11-10T11:53:49.077-0800][76832709ms] GC(23557) Pause Young (Normal) (G1 Evacuation Pause)
[2023-11-10T11:53:49.077-0800][76832709ms] GC(23557) Using 10 workers of 10 for evacuation
[2023-11-10T11:53:49.085-0800][76832717ms] GC(23557)   Pre Evacuate Collection Set: 0.0ms
[2023-11-10T11:53:49.085-0800][76832717ms] GC(23557)   Evacuate Collection Set: 2.3ms
[2023-11-10T11:53:49.085-0800][76832717ms] GC(23557)   Post Evacuate Collection Set: 4.7ms
[2023-11-10T11:53:49.085-0800][76832717ms] GC(23557)   Other: 0.4ms
[2023-11-10T11:53:49.085-0800][76832717ms] GC(23557) Eden regions: 178->0(178)
[2023-11-10T11:53:49.085-0800][76832717ms] GC(23557) Survivor regions: 1->1(23)
[2023-11-10T11:53:49.085-0800][76832717ms] GC(23557) Old regions: 1434->1434
[2023-11-10T11:53:49.085-0800][76832717ms] GC(23557) Humongous regions: 5->5
[2023-11-10T11:53:49.085-0800][76832717ms] GC(23557) Metaspace: 304986K->304986K(1349632K)
[2023-11-10T11:53:49.085-0800][76832717ms] GC(23557) Pause Young (Normal) (G1 Evacuation Pause) 3234M->2878M(3602M) 7.618ms
[2023-11-10T11:53:49.085-0800][76832717ms] GC(23557) User=0.00s Sys=0.00s Real=0.01s
[2023-11-10T11:53:49.569-0800][76833201ms] GC(23558) Pause Young (Normal) (G1 Evacuation Pause)
[2023-11-10T11:53:49.569-0800][76833201ms] GC(23558) Using 10 workers of 10 for evacuation
[2023-11-10T11:53:49.575-0800][76833207ms] GC(23558)   Pre Evacuate Collection Set: 0.1ms
[2023-11-10T11:53:49.575-0800][76833207ms] GC(23558)   Evacuate Collection Set: 2.4ms
[2023-11-10T11:53:49.575-0800][76833207ms] GC(23558)   Post Evacuate Collection Set: 3.3ms
[2023-11-10T11:53:49.575-0800][76833207ms] GC(23558)   Other: 0.3ms
[2023-11-10T11:53:49.575-0800][76833207ms] GC(23558) Eden regions: 178->0(178)
[2023-11-10T11:53:49.575-0800][76833207ms] GC(23558) Survivor regions: 1->1(23)
[2023-11-10T11:53:49.575-0800][76833207ms] GC(23558) Old regions: 1434->1434
[2023-11-10T11:53:49.575-0800][76833207ms] GC(23558) Humongous regions: 5->5
[2023-11-10T11:53:49.575-0800][76833207ms] GC(23558) Metaspace: 304986K->304986K(1349632K)
[2023-11-10T11:53:49.575-0800][76833207ms] GC(23558) Pause Young (Normal) (G1 Evacuation Pause) 3234M->2877M(3602M) 6.090ms
[2023-11-10T11:53:49.576-0800][76833208ms] GC(23558) User=0.00s Sys=0.00s Real=0.01s
[2023-11-10T11:53:50.063-0800][76833695ms] GC(23559) Pause Young (Normal) (G1 Evacuation Pause)
[2023-11-10T11:53:50.063-0800][76833695ms] GC(23559) Using 10 workers of 10 for evacuation
[2023-11-10T11:53:50.069-0800][76833701ms] GC(23559)   Pre Evacuate Collection Set: 0.1ms
[2023-11-10T11:53:50.069-0800][76833701ms] GC(23559)   Evacuate Collection Set: 2.3ms
[2023-11-10T11:53:50.069-0800][76833701ms] GC(23559)   Post Evacuate Collection Set: 3.9ms
[2023-11-10T11:53:50.069-0800][76833701ms] GC(23559)   Other: 0.3ms
[2023-11-10T11:53:50.069-0800][76833701ms] GC(23559) Eden regions: 178->0(178)
[2023-11-10T11:53:50.069-0800][76833701ms] GC(23559) Survivor regions: 1->1(23)
[2023-11-10T11:53:50.069-0800][76833701ms] GC(23559) Old regions: 1434->1434
[2023-11-10T11:53:50.069-0800][76833701ms] GC(23559) Humongous regions: 5->5
[2023-11-10T11:53:50.069-0800][76833701ms] GC(23559) Metaspace: 304986K->304986K(1349632K)
[2023-11-10T11:53:50.069-0800][76833701ms] GC(23559) Pause Young (Normal) (G1 Evacuation Pause) 3233M->2877M(3602M) 6.603ms
[2023-11-10T11:53:50.069-0800][76833701ms] GC(23559) User=0.00s Sys=0.00s Real=0.01s
[2023-11-10T11:53:50.544-0800][76834176ms] GC(23560) Pause Young (Normal) (G1 Evacuation Pause)
[2023-11-10T11:53:50.544-0800][76834176ms] GC(23560) Using 10 workers of 10 for evacuation
[2023-11-10T11:53:50.551-0800][76834183ms] GC(23560)   Pre Evacuate Collection Set: 0.0ms
[2023-11-10T11:53:50.551-0800][76834183ms] GC(23560)   Evacuate Collection Set: 1.9ms
[2023-11-10T11:53:50.551-0800][76834183ms] GC(23560)   Post Evacuate Collection Set: 4.1ms
[2023-11-10T11:53:50.551-0800][76834183ms] GC(23560)   Other: 0.3ms
[2023-11-10T11:53:50.551-0800][76834183ms] GC(23560) Eden regions: 178->0(178)
[2023-11-10T11:53:50.551-0800][76834183ms] GC(23560) Survivor regions: 1->1(23)
[2023-11-10T11:53:50.551-0800][76834183ms] GC(23560) Old regions: 1434->1434
[2023-11-10T11:53:50.551-0800][76834183ms] GC(23560) Humongous regions: 5->5
[2023-11-10T11:53:50.551-0800][76834183ms] GC(23560) Metaspace: 304986K->304986K(1349632K)
[2023-11-10T11:53:50.551-0800][76834183ms] GC(23560) Pause Young (Normal) (G1 Evacuation Pause) 3233M->2877M(3602M) 6.425ms
[2023-11-10T11:53:50.551-0800][76834183ms] GC(23560) User=0.00s Sys=0.00s Real=0.01s
[2023-11-10T11:53:50.978-0800][76834610ms] GC(23561) Pause Young (Normal) (G1 Evacuation Pause)
[2023-11-10T11:53:50.978-0800][76834610ms] GC(23561) Using 10 workers of 10 for evacuation
[2023-11-10T11:53:50.983-0800][76834615ms] GC(23561)   Pre Evacuate Collection Set: 0.1ms
[2023-11-10T11:53:50.983-0800][76834615ms] GC(23561)   Evacuate Collection Set: 2.0ms
[2023-11-10T11:53:50.983-0800][76834615ms] GC(23561)   Post Evacuate Collection Set: 3.2ms
[2023-11-10T11:53:50.983-0800][76834615ms] GC(23561)   Other: 0.3ms
[2023-11-10T11:53:50.983-0800][76834615ms] GC(23561) Eden regions: 178->0(179)
[2023-11-10T11:53:50.983-0800][76834615ms] GC(23561) Survivor regions: 1->1(23)
[2023-11-10T11:53:50.983-0800][76834615ms] GC(23561) Old regions: 1434->1434
[2023-11-10T11:53:50.983-0800][76834615ms] GC(23561) Humongous regions: 5->5
[2023-11-10T11:53:50.983-0800][76834615ms] GC(23561) Metaspace: 304986K->304986K(1349632K)
[2023-11-10T11:53:50.983-0800][76834615ms] GC(23561) Pause Young (Normal) (G1 Evacuation Pause) 3233M->2877M(3602M) 5.628ms
[2023-11-10T11:53:50.983-0800][76834615ms] GC(23561) User=0.00s Sys=0.00s Real=0.01s
[2023-11-10T11:53:51.387-0800][76835019ms] GC(23562) Pause Young (Normal) (G1 Evacuation Pause)
[2023-11-10T11:53:51.387-0800][76835019ms] GC(23562) Using 10 workers of 10 for evacuation
[2023-11-10T11:53:51.393-0800][76835025ms] GC(23562)   Pre Evacuate Collection Set: 0.0ms
[2023-11-10T11:53:51.393-0800][76835025ms] GC(23562)   Evacuate Collection Set: 1.6ms
[2023-11-10T11:53:51.393-0800][76835025ms] GC(23562)   Post Evacuate Collection Set: 3.8ms
[2023-11-10T11:53:51.393-0800][76835025ms] GC(23562)   Other: 0.3ms
[2023-11-10T11:53:51.393-0800][76835025ms] GC(23562) Eden regions: 179->0(179)
[2023-11-10T11:53:51.393-0800][76835025ms] GC(23562) Survivor regions: 1->1(23)
[2023-11-10T11:53:51.393-0800][76835025ms] GC(23562) Old regions: 1434->1434
[2023-11-10T11:53:51.393-0800][76835025ms] GC(23562) Humongous regions: 5->5
[2023-11-10T11:53:51.393-0800][76835025ms] GC(23562) Metaspace: 304986K->304986K(1349632K)
[2023-11-10T11:53:51.394-0800][76835026ms] GC(23562) Pause Young (Normal) (G1 Evacuation Pause) 3235M->2877M(3602M) 5.857ms
[2023-11-10T11:53:51.394-0800][76835026ms] GC(23562) User=0.00s Sys=0.00s Real=0.01s
[2023-11-10T11:53:51.843-0800][76835475ms] GC(23563) Pause Young (Normal) (G1 Evacuation Pause)
[2023-11-10T11:53:51.843-0800][76835475ms] GC(23563) Using 10 workers of 10 for evacuation
[2023-11-10T11:53:51.849-0800][76835481ms] GC(23563)   Pre Evacuate Collection Set: 0.0ms
[2023-11-10T11:53:51.849-0800][76835481ms] GC(23563)   Evacuate Collection Set: 2.1ms
[2023-11-10T11:53:51.849-0800][76835481ms] GC(23563)   Post Evacuate Collection Set: 4.2ms
[2023-11-10T11:53:51.849-0800][76835481ms] GC(23563)   Other: 0.3ms
[2023-11-10T11:53:51.849-0800][76835481ms] GC(23563) Eden regions: 179->0(179)
[2023-11-10T11:53:51.849-0800][76835481ms] GC(23563) Survivor regions: 1->1(23)
[2023-11-10T11:53:51.849-0800][76835481ms] GC(23563) Old regions: 1434->1434
[2023-11-10T11:53:51.849-0800][76835481ms] GC(23563) Humongous regions: 5->5
[2023-11-10T11:53:51.849-0800][76835481ms] GC(23563) Metaspace: 304986K->304986K(1349632K)
[2023-11-10T11:53:51.849-0800][76835481ms] GC(23563) Pause Young (Normal) (G1 Evacuation Pause) 3235M->2877M(3602M) 6.681ms
[2023-11-10T11:53:51.849-0800][76835481ms] GC(23563) User=0.00s Sys=0.00s Real=0.01s
[2023-11-10T11:53:52.340-0800][76835972ms] GC(23564) Pause Young (Normal) (G1 Evacuation Pause)
[2023-11-10T11:53:52.340-0800][76835972ms] GC(23564) Using 10 workers of 10 for evacuation
[2023-11-10T11:53:52.346-0800][76835978ms] GC(23564)   Pre Evacuate Collection Set: 0.0ms
[2023-11-10T11:53:52.346-0800][76835978ms] GC(23564)   Evacuate Collection Set: 1.7ms
[2023-11-10T11:53:52.346-0800][76835978ms] GC(23564)   Post Evacuate Collection Set: 3.6ms
[2023-11-10T11:53:52.346-0800][76835978ms] GC(23564)   Other: 0.4ms
[2023-11-10T11:53:52.346-0800][76835978ms] GC(23564) Eden regions: 179->0(179)
[2023-11-10T11:53:52.346-0800][76835978ms] GC(23564) Survivor regions: 1->1(23)
[2023-11-10T11:53:52.346-0800][76835978ms] GC(23564) Old regions: 1434->1434
[2023-11-10T11:53:52.346-0800][76835978ms] GC(23564) Humongous regions: 5->5
[2023-11-10T11:53:52.346-0800][76835978ms] GC(23564) Metaspace: 304986K->304986K(1349632K)
[2023-11-10T11:53:52.346-0800][76835978ms] GC(23564) Pause Young (Normal) (G1 Evacuation Pause) 3235M->2877M(3602M) 5.892ms
[2023-11-10T11:53:52.346-0800][76835978ms] GC(23564) User=0.00s Sys=0.00s Real=0.01s
[2023-11-10T11:53:52.802-0800][76836434ms] GC(23565) Pause Young (Normal) (G1 Evacuation Pause)
[2023-11-10T11:53:52.802-0800][76836434ms] GC(23565) Using 10 workers of 10 for evacuation
[2023-11-10T11:53:52.806-0800][76836438ms] GC(23565)   Pre Evacuate Collection Set: 0.0ms
[2023-11-10T11:53:52.806-0800][76836438ms] GC(23565)   Evacuate Collection Set: 1.6ms
[2023-11-10T11:53:52.806-0800][76836438ms] GC(23565)   Post Evacuate Collection Set: 3.1ms
[2023-11-10T11:53:52.806-0800][76836438ms] GC(23565)   Other: 0.2ms
[2023-11-10T11:53:52.806-0800][76836438ms] GC(23565) Eden regions: 179->0(179)
[2023-11-10T11:53:52.806-0800][76836438ms] GC(23565) Survivor regions: 1->1(23)
[2023-11-10T11:53:52.806-0800][76836438ms] GC(23565) Old regions: 1434->1434
[2023-11-10T11:53:52.806-0800][76836438ms] GC(23565) Humongous regions: 5->5
[2023-11-10T11:53:52.806-0800][76836438ms] GC(23565) Metaspace: 304986K->304986K(1349632K)
[2023-11-10T11:53:52.806-0800][76836438ms] GC(23565) Pause Young (Normal) (G1 Evacuation Pause) 3235M->2877M(3602M) 5.173ms
[2023-11-10T11:53:52.806-0800][76836438ms] GC(23565) User=0.00s Sys=0.00s Real=0.00s
[2023-11-10T11:53:53.226-0800][76836858ms] GC(23566) Pause Young (Normal) (G1 Evacuation Pause)
[2023-11-10T11:53:53.226-0800][76836858ms] GC(23566) Using 10 workers of 10 for evacuation
[2023-11-10T11:53:53.234-0800][76836866ms] GC(23566)   Pre Evacuate Collection Set: 0.1ms
[2023-11-10T11:53:53.234-0800][76836866ms] GC(23566)   Evacuate Collection Set: 3.1ms
[2023-11-10T11:53:53.234-0800][76836866ms] GC(23566)   Post Evacuate Collection Set: 4.8ms
[2023-11-10T11:53:53.234-0800][76836866ms] GC(23566)   Other: 0.3ms
[2023-11-10T11:53:53.234-0800][76836866ms] GC(23566) Eden regions: 179->0(179)
[2023-11-10T11:53:53.234-0800][76836866ms] GC(23566) Survivor regions: 1->1(23)
[2023-11-10T11:53:53.234-0800][76836866ms] GC(23566) Old regions: 1434->1434
[2023-11-10T11:53:53.234-0800][76836866ms] GC(23566) Humongous regions: 5->5
[2023-11-10T11:53:53.234-0800][76836866ms] GC(23566) Metaspace: 304986K->304986K(1349632K)
[2023-11-10T11:53:53.234-0800][76836866ms] GC(23566) Pause Young (Normal) (G1 Evacuation Pause) 3235M->2878M(3602M) 8.397ms
[2023-11-10T11:53:53.234-0800][76836866ms] GC(23566) User=0.00s Sys=0.00s Real=0.01s
[2023-11-10T11:53:53.669-0800][76837301ms] GC(23567) Pause Young (Normal) (G1 Evacuation Pause)
[2023-11-10T11:53:53.669-0800][76837301ms] GC(23567) Using 10 workers of 10 for evacuation
[2023-11-10T11:53:53.675-0800][76837307ms] GC(23567)   Pre Evacuate Collection Set: 0.1ms
[2023-11-10T11:53:53.675-0800][76837307ms] GC(23567)   Evacuate Collection Set: 2.6ms
[2023-11-10T11:53:53.675-0800][76837307ms] GC(23567)   Post Evacuate Collection Set: 3.9ms
[2023-11-10T11:53:53.675-0800][76837307ms] GC(23567)   Other: 0.4ms
[2023-11-10T11:53:53.675-0800][76837307ms] GC(23567) Eden regions: 179->0(179)
[2023-11-10T11:53:53.675-0800][76837307ms] GC(23567) Survivor regions: 1->1(23)
[2023-11-10T11:53:53.676-0800][76837308ms] GC(23567) Old regions: 1434->1434
[2023-11-10T11:53:53.676-0800][76837308ms] GC(23567) Humongous regions: 5->5
[2023-11-10T11:53:53.676-0800][76837308ms] GC(23567) Metaspace: 304986K->304986K(1349632K)
[2023-11-10T11:53:53.676-0800][76837308ms] GC(23567) Pause Young (Normal) (G1 Evacuation Pause) 3236M->2877M(3602M) 7.001ms
[2023-11-10T11:53:53.676-0800][76837308ms] GC(23567) User=0.00s Sys=0.00s Real=0.01s
[2023-11-10T11:53:54.130-0800][76837762ms] GC(23568) Pause Young (Normal) (G1 Evacuation Pause)
[2023-11-10T11:53:54.130-0800][76837762ms] GC(23568) Using 10 workers of 10 for evacuation
[2023-11-10T11:53:54.136-0800][76837768ms] GC(23568)   Pre Evacuate Collection Set: 0.0ms
[2023-11-10T11:53:54.136-0800][76837768ms] GC(23568)   Evacuate Collection Set: 1.9ms
[2023-11-10T11:53:54.136-0800][76837768ms] GC(23568)   Post Evacuate Collection Set: 3.7ms
[2023-11-10T11:53:54.136-0800][76837768ms] GC(23568)   Other: 0.3ms
[2023-11-10T11:53:54.136-0800][76837768ms] GC(23568) Eden regions: 179->0(179)
[2023-11-10T11:53:54.136-0800][76837768ms] GC(23568) Survivor regions: 1->1(23)
[2023-11-10T11:53:54.136-0800][76837768ms] GC(23568) Old regions: 1434->1434
[2023-11-10T11:53:54.136-0800][76837768ms] GC(23568) Humongous regions: 5->5
[2023-11-10T11:53:54.136-0800][76837768ms] GC(23568) Metaspace: 304986K->304986K(1349632K)
[2023-11-10T11:53:54.136-0800][76837768ms] GC(23568) Pause Young (Normal) (G1 Evacuation Pause) 3235M->2877M(3602M) 6.066ms
[2023-11-10T11:53:54.136-0800][76837768ms] GC(23568) User=0.08s Sys=0.00s Real=0.01s
[2023-11-10T11:53:54.611-0800][76838243ms] GC(23569) Pause Young (Normal) (G1 Evacuation Pause)
[2023-11-10T11:53:54.611-0800][76838243ms] GC(23569) Using 10 workers of 10 for evacuation
[2023-11-10T11:53:54.616-0800][76838248ms] GC(23569)   Pre Evacuate Collection Set: 0.0ms
[2023-11-10T11:53:54.616-0800][76838248ms] GC(23569)   Evacuate Collection Set: 1.6ms
[2023-11-10T11:53:54.616-0800][76838248ms] GC(23569)   Post Evacuate Collection Set: 3.0ms
[2023-11-10T11:53:54.616-0800][76838248ms] GC(23569)   Other: 0.3ms
[2023-11-10T11:53:54.616-0800][76838248ms] GC(23569) Eden regions: 179->0(179)
[2023-11-10T11:53:54.616-0800][76838248ms] GC(23569) Survivor regions: 1->1(23)
[2023-11-10T11:53:54.616-0800][76838248ms] GC(23569) Old regions: 1434->1434
[2023-11-10T11:53:54.616-0800][76838248ms] GC(23569) Humongous regions: 5->5
[2023-11-10T11:53:54.616-0800][76838248ms] GC(23569) Metaspace: 304986K->304986K(1349632K)
[2023-11-10T11:53:54.616-0800][76838248ms] GC(23569) Pause Young (Normal) (G1 Evacuation Pause) 3235M->2877M(3602M) 5.053ms
[2023-11-10T11:53:54.616-0800][76838248ms] GC(23569) User=0.00s Sys=0.00s Real=0.00s
[2023-11-10T11:53:55.033-0800][76838665ms] GC(23570) Pause Young (Normal) (G1 Evacuation Pause)
[2023-11-10T11:53:55.033-0800][76838665ms] GC(23570) Using 10 workers of 10 for evacuation
[2023-11-10T11:53:55.038-0800][76838670ms] GC(23570)   Pre Evacuate Collection Set: 0.0ms
[2023-11-10T11:53:55.038-0800][76838670ms] GC(23570)   Evacuate Collection Set: 1.7ms
[2023-11-10T11:53:55.038-0800][76838670ms] GC(23570)   Post Evacuate Collection Set: 3.3ms
[2023-11-10T11:53:55.038-0800][76838670ms] GC(23570)   Other: 0.2ms
[2023-11-10T11:53:55.038-0800][76838670ms] GC(23570) Eden regions: 179->0(179)
[2023-11-10T11:53:55.038-0800][76838670ms] GC(23570) Survivor regions: 1->1(23)
[2023-11-10T11:53:55.038-0800][76838670ms] GC(23570) Old regions: 1434->1434
[2023-11-10T11:53:55.038-0800][76838670ms] GC(23570) Humongous regions: 5->5
[2023-11-10T11:53:55.038-0800][76838670ms] GC(23570) Metaspace: 304986K->304986K(1349632K)
[2023-11-10T11:53:55.038-0800][76838670ms] GC(23570) Pause Young (Normal) (G1 Evacuation Pause) 3235M->2877M(3602M) 5.309ms
[2023-11-10T11:53:55.038-0800][76838670ms] GC(23570) User=0.00s Sys=0.00s Real=0.01s
[2023-11-10T11:53:55.517-0800][76839149ms] GC(23571) Pause Young (Normal) (G1 Evacuation Pause)
[2023-11-10T11:53:55.517-0800][76839149ms] GC(23571) Using 10 workers of 10 for evacuation
[2023-11-10T11:53:55.522-0800][76839154ms] GC(23571)   Pre Evacuate Collection Set: 0.0ms
[2023-11-10T11:53:55.522-0800][76839154ms] GC(23571)   Evacuate Collection Set: 1.7ms
[2023-11-10T11:53:55.522-0800][76839154ms] GC(23571)   Post Evacuate Collection Set: 2.8ms
[2023-11-10T11:53:55.522-0800][76839154ms] GC(23571)   Other: 0.3ms
[2023-11-10T11:53:55.522-0800][76839154ms] GC(23571) Eden regions: 179->0(179)
[2023-11-10T11:53:55.522-0800][76839154ms] GC(23571) Survivor regions: 1->1(23)
[2023-11-10T11:53:55.522-0800][76839154ms] GC(23571) Old regions: 1434->1434
[2023-11-10T11:53:55.522-0800][76839154ms] GC(23571) Humongous regions: 5->5
[2023-11-10T11:53:55.522-0800][76839154ms] GC(23571) Metaspace: 304986K->304986K(1349632K)
[2023-11-10T11:53:55.522-0800][76839154ms] GC(23571) Pause Young (Normal) (G1 Evacuation Pause) 3235M->2877M(3602M) 4.873ms
[2023-11-10T11:53:55.522-0800][76839154ms] GC(23571) User=0.00s Sys=0.00s Real=0.01s
[2023-11-10T11:53:56.005-0800][76839637ms] GC(23572) Pause Young (Normal) (G1 Evacuation Pause)
[2023-11-10T11:53:56.005-0800][76839637ms] GC(23572) Using 10 workers of 10 for evacuation
[2023-11-10T11:53:56.011-0800][76839643ms] GC(23572)   Pre Evacuate Collection Set: 0.0ms
[2023-11-10T11:53:56.011-0800][76839643ms] GC(23572)   Evacuate Collection Set: 1.8ms
[2023-11-10T11:53:56.011-0800][76839643ms] GC(23572)   Post Evacuate Collection Set: 3.1ms
[2023-11-10T11:53:56.011-0800][76839643ms] GC(23572)   Other: 0.3ms
[2023-11-10T11:53:56.011-0800][76839643ms] GC(23572) Eden regions: 179->0(179)
[2023-11-10T11:53:56.011-0800][76839643ms] GC(23572) Survivor regions: 1->1(23)
[2023-11-10T11:53:56.011-0800][76839643ms] GC(23572) Old regions: 1434->1434
[2023-11-10T11:53:56.011-0800][76839643ms] GC(23572) Humongous regions: 5->5
[2023-11-10T11:53:56.011-0800][76839643ms] GC(23572) Metaspace: 304986K->304986K(1349632K)
[2023-11-10T11:53:56.011-0800][76839643ms] GC(23572) Pause Young (Normal) (G1 Evacuation Pause) 3235M->2877M(3602M) 5.271ms
[2023-11-10T11:53:56.011-0800][76839643ms] GC(23572) User=0.02s Sys=0.00s Real=0.01s
[2023-11-10T11:53:56.450-0800][76840082ms] GC(23573) Pause Young (Normal) (G1 Evacuation Pause)
[2023-11-10T11:53:56.450-0800][76840082ms] GC(23573) Using 10 workers of 10 for evacuation
[2023-11-10T11:53:56.456-0800][76840088ms] GC(23573)   Pre Evacuate Collection Set: 0.0ms
[2023-11-10T11:53:56.456-0800][76840088ms] GC(23573)   Evacuate Collection Set: 1.8ms
[2023-11-10T11:53:56.456-0800][76840088ms] GC(23573)   Post Evacuate Collection Set: 3.2ms
[2023-11-10T11:53:56.456-0800][76840088ms] GC(23573)   Other: 0.3ms
[2023-11-10T11:53:56.456-0800][76840088ms] GC(23573) Eden regions: 179->0(179)
[2023-11-10T11:53:56.456-0800][76840088ms] GC(23573) Survivor regions: 1->1(23)
[2023-11-10T11:53:56.456-0800][76840088ms] GC(23573) Old regions: 1434->1434
[2023-11-10T11:53:56.456-0800][76840088ms] GC(23573) Humongous regions: 5->5
[2023-11-10T11:53:56.456-0800][76840088ms] GC(23573) Metaspace: 304986K->304986K(1349632K)
[2023-11-10T11:53:56.456-0800][76840088ms] GC(23573) Pause Young (Normal) (G1 Evacuation Pause) 3235M->2877M(3602M) 5.390ms
[2023-11-10T11:53:56.456-0800][76840088ms] GC(23573) User=0.00s Sys=0.00s Real=0.01s
[2023-11-10T11:53:56.828-0800][76840460ms] GC(23574) Pause Young (Normal) (G1 Evacuation Pause)
[2023-11-10T11:53:56.830-0800][76840462ms] GC(23574) Using 10 workers of 10 for evacuation
[2023-11-10T11:53:56.835-0800][76840467ms] GC(23574)   Pre Evacuate Collection Set: 0.1ms
[2023-11-10T11:53:56.835-0800][76840467ms] GC(23574)   Evacuate Collection Set: 1.9ms
[2023-11-10T11:53:56.835-0800][76840467ms] GC(23574)   Post Evacuate Collection Set: 3.7ms
[2023-11-10T11:53:56.835-0800][76840467ms] GC(23574)   Other: 0.5ms
[2023-11-10T11:53:56.835-0800][76840467ms] GC(23574) Eden regions: 179->0(179)
[2023-11-10T11:53:56.835-0800][76840467ms] GC(23574) Survivor regions: 1->1(23)
[2023-11-10T11:53:56.835-0800][76840467ms] GC(23574) Old regions: 1434->1434
[2023-11-10T11:53:56.835-0800][76840467ms] GC(23574) Humongous regions: 5->5
[2023-11-10T11:53:56.835-0800][76840467ms] GC(23574) Metaspace: 304986K->304986K(1349632K)
[2023-11-10T11:53:56.835-0800][76840467ms] GC(23574) Pause Young (Normal) (G1 Evacuation Pause) 3235M->2877M(3602M) 6.334ms
[2023-11-10T11:53:56.835-0800][76840467ms] GC(23574) User=0.00s Sys=0.00s Real=0.01s
[2023-11-10T11:53:57.283-0800][76840915ms] GC(23575) Pause Young (Normal) (G1 Evacuation Pause)
[2023-11-10T11:53:57.283-0800][76840915ms] GC(23575) Using 10 workers of 10 for evacuation
[2023-11-10T11:53:57.288-0800][76840920ms] GC(23575)   Pre Evacuate Collection Set: 0.0ms
[2023-11-10T11:53:57.288-0800][76840920ms] GC(23575)   Evacuate Collection Set: 1.6ms
[2023-11-10T11:53:57.288-0800][76840920ms] GC(23575)   Post Evacuate Collection Set: 3.8ms
[2023-11-10T11:53:57.288-0800][76840920ms] GC(23575)   Other: 0.3ms
[2023-11-10T11:53:57.288-0800][76840920ms] GC(23575) Eden regions: 179->0(179)
[2023-11-10T11:53:57.288-0800][76840920ms] GC(23575) Survivor regions: 1->1(23)
[2023-11-10T11:53:57.288-0800][76840920ms] GC(23575) Old regions: 1434->1434
[2023-11-10T11:53:57.288-0800][76840920ms] GC(23575) Humongous regions: 5->5
[2023-11-10T11:53:57.288-0800][76840920ms] GC(23575) Metaspace: 304986K->304986K(1349632K)
[2023-11-10T11:53:57.288-0800][76840920ms] GC(23575) Pause Young (Normal) (G1 Evacuation Pause) 3235M->2877M(3602M) 5.849ms
[2023-11-10T11:53:57.288-0800][76840920ms] GC(23575) User=0.00s Sys=0.00s Real=0.01s
[2023-11-10T11:53:57.741-0800][76841373ms] GC(23576) Pause Young (Normal) (G1 Evacuation Pause)
[2023-11-10T11:53:57.741-0800][76841373ms] GC(23576) Using 10 workers of 10 for evacuation
[2023-11-10T11:53:57.746-0800][76841378ms] GC(23576)   Pre Evacuate Collection Set: 0.0ms
[2023-11-10T11:53:57.746-0800][76841378ms] GC(23576)   Evacuate Collection Set: 1.7ms
[2023-11-10T11:53:57.746-0800][76841378ms] GC(23576)   Post Evacuate Collection Set: 3.5ms
[2023-11-10T11:53:57.746-0800][76841378ms] GC(23576)   Other: 0.3ms
[2023-11-10T11:53:57.746-0800][76841378ms] GC(23576) Eden regions: 179->0(179)
[2023-11-10T11:53:57.746-0800][76841378ms] GC(23576) Survivor regions: 1->1(23)
[2023-11-10T11:53:57.746-0800][76841378ms] GC(23576) Old regions: 1434->1434
[2023-11-10T11:53:57.746-0800][76841378ms] GC(23576) Humongous regions: 5->5
[2023-11-10T11:53:57.746-0800][76841378ms] GC(23576) Metaspace: 304986K->304986K(1349632K)
[2023-11-10T11:53:57.746-0800][76841378ms] GC(23576) Pause Young (Normal) (G1 Evacuation Pause) 3235M->2877M(3602M) 5.549ms
[2023-11-10T11:53:57.746-0800][76841378ms] GC(23576) User=0.00s Sys=0.00s Real=0.01s
[2023-11-10T11:53:58.168-0800][76841800ms] GC(23577) Pause Young (Normal) (G1 Evacuation Pause)
[2023-11-10T11:53:58.168-0800][76841800ms] GC(23577) Using 10 workers of 10 for evacuation
[2023-11-10T11:53:58.174-0800][76841806ms] GC(23577)   Pre Evacuate Collection Set: 0.0ms
[2023-11-10T11:53:58.174-0800][76841806ms] GC(23577)   Evacuate Collection Set: 1.8ms
[2023-11-10T11:53:58.174-0800][76841806ms] GC(23577)   Post Evacuate Collection Set: 3.5ms
[2023-11-10T11:53:58.174-0800][76841806ms] GC(23577)   Other: 0.3ms
[2023-11-10T11:53:58.174-0800][76841806ms] GC(23577) Eden regions: 179->0(179)
[2023-11-10T11:53:58.174-0800][76841806ms] GC(23577) Survivor regions: 1->1(23)
[2023-11-10T11:53:58.174-0800][76841806ms] GC(23577) Old regions: 1434->1434
[2023-11-10T11:53:58.174-0800][76841806ms] GC(23577) Humongous regions: 5->5
[2023-11-10T11:53:58.174-0800][76841806ms] GC(23577) Metaspace: 304986K->304986K(1349632K)
[2023-11-10T11:53:58.174-0800][76841806ms] GC(23577) Pause Young (Normal) (G1 Evacuation Pause) 3235M->2878M(3602M) 5.668ms
[2023-11-10T11:53:58.174-0800][76841806ms] GC(23577) User=0.00s Sys=0.00s Real=0.01s
[2023-11-10T11:53:58.593-0800][76842225ms] GC(23578) Pause Young (Normal) (G1 Evacuation Pause)
[2023-11-10T11:53:58.594-0800][76842226ms] GC(23578) Using 10 workers of 10 for evacuation
[2023-11-10T11:53:58.598-0800][76842230ms] GC(23578)   Pre Evacuate Collection Set: 0.0ms
[2023-11-10T11:53:58.598-0800][76842230ms] GC(23578)   Evacuate Collection Set: 1.7ms
[2023-11-10T11:53:58.598-0800][76842230ms] GC(23578)   Post Evacuate Collection Set: 3.0ms
[2023-11-10T11:53:58.598-0800][76842230ms] GC(23578)   Other: 0.3ms
[2023-11-10T11:53:58.599-0800][76842231ms] GC(23578) Eden regions: 179->0(179)
[2023-11-10T11:53:58.599-0800][76842231ms] GC(23578) Survivor regions: 1->1(23)
[2023-11-10T11:53:58.599-0800][76842231ms] GC(23578) Old regions: 1434->1434
[2023-11-10T11:53:58.599-0800][76842231ms] GC(23578) Humongous regions: 5->5
[2023-11-10T11:53:58.599-0800][76842231ms] GC(23578) Metaspace: 304986K->304986K(1349632K)
[2023-11-10T11:53:58.599-0800][76842231ms] GC(23578) Pause Young (Normal) (G1 Evacuation Pause) 3236M->2877M(3602M) 5.125ms
[2023-11-10T11:53:58.599-0800][76842231ms] GC(23578) User=0.00s Sys=0.00s Real=0.01s
[2023-11-10T11:53:59.038-0800][76842670ms] GC(23579) Pause Young (Normal) (G1 Evacuation Pause)
[2023-11-10T11:53:59.038-0800][76842670ms] GC(23579) Using 10 workers of 10 for evacuation
[2023-11-10T11:53:59.043-0800][76842675ms] GC(23579)   Pre Evacuate Collection Set: 0.0ms
[2023-11-10T11:53:59.043-0800][76842675ms] GC(23579)   Evacuate Collection Set: 1.9ms
[2023-11-10T11:53:59.043-0800][76842675ms] GC(23579)   Post Evacuate Collection Set: 3.5ms
[2023-11-10T11:53:59.043-0800][76842675ms] GC(23579)   Other: 0.3ms
[2023-11-10T11:53:59.043-0800][76842675ms] GC(23579) Eden regions: 179->0(179)
[2023-11-10T11:53:59.043-0800][76842675ms] GC(23579) Survivor regions: 1->1(23)
[2023-11-10T11:53:59.043-0800][76842675ms] GC(23579) Old regions: 1434->1434
[2023-11-10T11:53:59.043-0800][76842675ms] GC(23579) Humongous regions: 5->5
[2023-11-10T11:53:59.043-0800][76842675ms] GC(23579) Metaspace: 304986K->304986K(1349632K)
[2023-11-10T11:53:59.043-0800][76842675ms] GC(23579) Pause Young (Normal) (G1 Evacuation Pause) 3235M->2877M(3602M) 5.823ms
[2023-11-10T11:53:59.043-0800][76842675ms] GC(23579) User=0.02s Sys=0.00s Real=0.00s
[2023-11-10T11:53:59.447-0800][76843079ms] GC(23580) Pause Young (Normal) (G1 Evacuation Pause)
[2023-11-10T11:53:59.447-0800][76843079ms] GC(23580) Using 10 workers of 10 for evacuation
[2023-11-10T11:53:59.453-0800][76843085ms] GC(23580)   Pre Evacuate Collection Set: 0.0ms
[2023-11-10T11:53:59.453-0800][76843085ms] GC(23580)   Evacuate Collection Set: 2.1ms
[2023-11-10T11:53:59.453-0800][76843085ms] GC(23580)   Post Evacuate Collection Set: 3.3ms
[2023-11-10T11:53:59.453-0800][76843085ms] GC(23580)   Other: 0.3ms
[2023-11-10T11:53:59.453-0800][76843085ms] GC(23580) Eden regions: 179->0(179)
[2023-11-10T11:53:59.453-0800][76843085ms] GC(23580) Survivor regions: 1->1(23)
[2023-11-10T11:53:59.453-0800][76843085ms] GC(23580) Old regions: 1434->1434
[2023-11-10T11:53:59.453-0800][76843085ms] GC(23580) Humongous regions: 5->5
[2023-11-10T11:53:59.453-0800][76843085ms] GC(23580) Metaspace: 304986K->304986K(1349632K)
[2023-11-10T11:53:59.453-0800][76843085ms] GC(23580) Pause Young (Normal) (G1 Evacuation Pause) 3235M->2877M(3602M) 5.765ms
[2023-11-10T11:53:59.453-0800][76843085ms] GC(23580) User=0.00s Sys=0.00s Real=0.01s
[2023-11-10T11:53:59.908-0800][76843540ms] GC(23581) Pause Young (Normal) (G1 Evacuation Pause)
[2023-11-10T11:53:59.908-0800][76843540ms] GC(23581) Using 10 workers of 10 for evacuation
[2023-11-10T11:53:59.914-0800][76843546ms] GC(23581)   Pre Evacuate Collection Set: 0.1ms
[2023-11-10T11:53:59.914-0800][76843546ms] GC(23581)   Evacuate Collection Set: 2.3ms
[2023-11-10T11:53:59.914-0800][76843546ms] GC(23581)   Post Evacuate Collection Set: 3.5ms
[2023-11-10T11:53:59.914-0800][76843546ms] GC(23581)   Other: 0.3ms
[2023-11-10T11:53:59.914-0800][76843546ms] GC(23581) Eden regions: 179->0(179)
[2023-11-10T11:53:59.914-0800][76843546ms] GC(23581) Survivor regions: 1->1(23)
[2023-11-10T11:53:59.914-0800][76843546ms] GC(23581) Old regions: 1434->1434
[2023-11-10T11:53:59.914-0800][76843546ms] GC(23581) Humongous regions: 5->5
[2023-11-10T11:53:59.914-0800][76843546ms] GC(23581) Metaspace: 304986K->304986K(1349632K)
[2023-11-10T11:53:59.914-0800][76843546ms] GC(23581) Pause Young (Normal) (G1 Evacuation Pause) 3235M->2877M(3602M) 6.366ms
[2023-11-10T11:53:59.914-0800][76843546ms] GC(23581) User=0.00s Sys=0.00s Real=0.01s
[2023-11-10T11:54:00.310-0800][76843942ms] GC(23582) Pause Young (Normal) (G1 Evacuation Pause)
[2023-11-10T11:54:00.311-0800][76843943ms] GC(23582) Using 10 workers of 10 for evacuation
[2023-11-10T11:54:00.316-0800][76843948ms] GC(23582)   Pre Evacuate Collection Set: 0.1ms
[2023-11-10T11:54:00.316-0800][76843948ms] GC(23582)   Evacuate Collection Set: 2.6ms
[2023-11-10T11:54:00.316-0800][76843948ms] GC(23582)   Post Evacuate Collection Set: 3.4ms
[2023-11-10T11:54:00.316-0800][76843948ms] GC(23582)   Other: 0.3ms
[2023-11-10T11:54:00.316-0800][76843948ms] GC(23582) Eden regions: 179->0(179)
[2023-11-10T11:54:00.316-0800][76843948ms] GC(23582) Survivor regions: 1->1(23)
[2023-11-10T11:54:00.316-0800][76843948ms] GC(23582) Old regions: 1434->1434
[2023-11-10T11:54:00.316-0800][76843948ms] GC(23582) Humongous regions: 5->5
[2023-11-10T11:54:00.316-0800][76843948ms] GC(23582) Metaspace: 304986K->304986K(1349632K)
[2023-11-10T11:54:00.316-0800][76843948ms] GC(23582) Pause Young (Normal) (G1 Evacuation Pause) 3235M->2878M(3602M) 6.411ms
[2023-11-10T11:54:00.316-0800][76843948ms] GC(23582) User=0.00s Sys=0.00s Real=0.01s
[2023-11-10T11:54:00.747-0800][76844379ms] GC(23583) Pause Young (Normal) (G1 Evacuation Pause)
[2023-11-10T11:54:00.747-0800][76844379ms] GC(23583) Using 10 workers of 10 for evacuation
[2023-11-10T11:54:00.752-0800][76844384ms] GC(23583)   Pre Evacuate Collection Set: 0.0ms
[2023-11-10T11:54:00.752-0800][76844384ms] GC(23583)   Evacuate Collection Set: 1.7ms
[2023-11-10T11:54:00.752-0800][76844384ms] GC(23583)   Post Evacuate Collection Set: 3.6ms
[2023-11-10T11:54:00.752-0800][76844384ms] GC(23583)   Other: 0.3ms
[2023-11-10T11:54:00.752-0800][76844384ms] GC(23583) Eden regions: 179->0(179)
[2023-11-10T11:54:00.752-0800][76844384ms] GC(23583) Survivor regions: 1->1(23)
[2023-11-10T11:54:00.752-0800][76844384ms] GC(23583) Old regions: 1434->1434
[2023-11-10T11:54:00.752-0800][76844384ms] GC(23583) Humongous regions: 5->5
[2023-11-10T11:54:00.752-0800][76844384ms] GC(23583) Metaspace: 304986K->304986K(1349632K)
[2023-11-10T11:54:00.752-0800][76844384ms] GC(23583) Pause Young (Normal) (G1 Evacuation Pause) 3236M->2877M(3602M) 5.782ms
[2023-11-10T11:54:00.752-0800][76844384ms] GC(23583) User=0.00s Sys=0.00s Real=0.01s
[2023-11-10T11:54:01.175-0800][76844807ms] GC(23584) Pause Young (Normal) (G1 Evacuation Pause)
[2023-11-10T11:54:01.175-0800][76844807ms] GC(23584) Using 10 workers of 10 for evacuation
[2023-11-10T11:54:01.182-0800][76844814ms] GC(23584)   Pre Evacuate Collection Set: 0.0ms
[2023-11-10T11:54:01.182-0800][76844814ms] GC(23584)   Evacuate Collection Set: 2.7ms
[2023-11-10T11:54:01.182-0800][76844814ms] GC(23584)   Post Evacuate Collection Set: 3.7ms
[2023-11-10T11:54:01.182-0800][76844814ms] GC(23584)   Other: 0.3ms
[2023-11-10T11:54:01.182-0800][76844814ms] GC(23584) Eden regions: 179->0(179)
[2023-11-10T11:54:01.182-0800][76844814ms] GC(23584) Survivor regions: 1->1(23)
[2023-11-10T11:54:01.182-0800][76844814ms] GC(23584) Old regions: 1434->1434
[2023-11-10T11:54:01.182-0800][76844814ms] GC(23584) Humongous regions: 5->5
[2023-11-10T11:54:01.182-0800][76844814ms] GC(23584) Metaspace: 304986K->304986K(1349632K)
[2023-11-10T11:54:01.182-0800][76844814ms] GC(23584) Pause Young (Normal) (G1 Evacuation Pause) 3235M->2877M(3602M) 6.753ms
[2023-11-10T11:54:01.182-0800][76844814ms] GC(23584) User=0.02s Sys=0.00s Real=0.01s
[2023-11-10T11:54:01.593-0800][76845225ms] GC(23585) Pause Young (Normal) (G1 Evacuation Pause)
[2023-11-10T11:54:01.593-0800][76845225ms] GC(23585) Using 10 workers of 10 for evacuation
[2023-11-10T11:54:01.599-0800][76845231ms] GC(23585)   Pre Evacuate Collection Set: 0.1ms
[2023-11-10T11:54:01.599-0800][76845231ms] GC(23585)   Evacuate Collection Set: 1.9ms
[2023-11-10T11:54:01.599-0800][76845231ms] GC(23585)   Post Evacuate Collection Set: 3.5ms
[2023-11-10T11:54:01.599-0800][76845231ms] GC(23585)   Other: 0.3ms
[2023-11-10T11:54:01.599-0800][76845231ms] GC(23585) Eden regions: 179->0(179)
[2023-11-10T11:54:01.599-0800][76845231ms] GC(23585) Survivor regions: 1->1(23)
[2023-11-10T11:54:01.599-0800][76845231ms] GC(23585) Old regions: 1434->1434
[2023-11-10T11:54:01.599-0800][76845231ms] GC(23585) Humongous regions: 5->5
[2023-11-10T11:54:01.599-0800][76845231ms] GC(23585) Metaspace: 304986K->304986K(1349632K)
[2023-11-10T11:54:01.599-0800][76845231ms] GC(23585) Pause Young (Normal) (G1 Evacuation Pause) 3235M->2877M(3602M) 5.810ms
[2023-11-10T11:54:01.599-0800][76845231ms] GC(23585) User=0.00s Sys=0.00s Real=0.01s
[2023-11-10T11:54:02.055-0800][76845687ms] GC(23586) Pause Young (Normal) (G1 Evacuation Pause)
[2023-11-10T11:54:02.055-0800][76845687ms] GC(23586) Using 10 workers of 10 for evacuation
[2023-11-10T11:54:02.063-0800][76845695ms] GC(23586)   Pre Evacuate Collection Set: 0.1ms
[2023-11-10T11:54:02.063-0800][76845695ms] GC(23586)   Evacuate Collection Set: 2.9ms
[2023-11-10T11:54:02.063-0800][76845695ms] GC(23586)   Post Evacuate Collection Set: 4.2ms
[2023-11-10T11:54:02.063-0800][76845695ms] GC(23586)   Other: 0.3ms
[2023-11-10T11:54:02.063-0800][76845695ms] GC(23586) Eden regions: 179->0(179)
[2023-11-10T11:54:02.063-0800][76845695ms] GC(23586) Survivor regions: 1->1(23)
[2023-11-10T11:54:02.063-0800][76845695ms] GC(23586) Old regions: 1434->1434
[2023-11-10T11:54:02.063-0800][76845695ms] GC(23586) Humongous regions: 5->5
[2023-11-10T11:54:02.063-0800][76845695ms] GC(23586) Metaspace: 304986K->304986K(1349632K)
[2023-11-10T11:54:02.063-0800][76845695ms] GC(23586) Pause Young (Normal) (G1 Evacuation Pause) 3235M->2878M(3602M) 7.557ms
[2023-11-10T11:54:02.063-0800][76845695ms] GC(23586) User=0.00s Sys=0.00s Real=0.01s
[2023-11-10T11:54:02.498-0800][76846130ms] GC(23587) Pause Young (Normal) (GCLocker Initiated GC)
[2023-11-10T11:54:02.498-0800][76846130ms] GC(23587) Using 10 workers of 10 for evacuation
[2023-11-10T11:54:02.505-0800][76846137ms] GC(23587)   Pre Evacuate Collection Set: 0.1ms
[2023-11-10T11:54:02.505-0800][76846137ms] GC(23587)   Evacuate Collection Set: 2.7ms
[2023-11-10T11:54:02.505-0800][76846137ms] GC(23587)   Post Evacuate Collection Set: 4.1ms
[2023-11-10T11:54:02.505-0800][76846137ms] GC(23587)   Other: 0.3ms
[2023-11-10T11:54:02.505-0800][76846137ms] GC(23587) Eden regions: 180->0(179)
[2023-11-10T11:54:02.505-0800][76846137ms] GC(23587) Survivor regions: 1->1(23)
[2023-11-10T11:54:02.505-0800][76846137ms] GC(23587) Old regions: 1434->1434
[2023-11-10T11:54:02.505-0800][76846137ms] GC(23587) Humongous regions: 5->5
[2023-11-10T11:54:02.505-0800][76846137ms] GC(23587) Metaspace: 304986K->304986K(1349632K)
[2023-11-10T11:54:02.505-0800][76846137ms] GC(23587) Pause Young (Normal) (GCLocker Initiated GC) 3237M->2878M(3602M) 7.290ms
[2023-11-10T11:54:02.505-0800][76846137ms] GC(23587) User=0.00s Sys=0.00s Real=0.01s
[2023-11-10T11:54:02.935-0800][76846567ms] GC(23588) Pause Young (Normal) (G1 Evacuation Pause)
[2023-11-10T11:54:02.935-0800][76846567ms] GC(23588) Using 10 workers of 10 for evacuation
[2023-11-10T11:54:02.943-0800][76846575ms] GC(23588)   Pre Evacuate Collection Set: 0.1ms
[2023-11-10T11:54:02.943-0800][76846575ms] GC(23588)   Evacuate Collection Set: 2.8ms
[2023-11-10T11:54:02.943-0800][76846575ms] GC(23588)   Post Evacuate Collection Set: 4.8ms
[2023-11-10T11:54:02.943-0800][76846575ms] GC(23588)   Other: 0.4ms
[2023-11-10T11:54:02.943-0800][76846575ms] GC(23588) Eden regions: 179->0(179)
[2023-11-10T11:54:02.943-0800][76846575ms] GC(23588) Survivor regions: 1->1(23)
[2023-11-10T11:54:02.943-0800][76846575ms] GC(23588) Old regions: 1434->1434
[2023-11-10T11:54:02.943-0800][76846575ms] GC(23588) Humongous regions: 5->5
[2023-11-10T11:54:02.943-0800][76846575ms] GC(23588) Metaspace: 304986K->304986K(1349632K)
[2023-11-10T11:54:02.944-0800][76846576ms] GC(23588) Pause Young (Normal) (G1 Evacuation Pause) 3236M->2878M(3602M) 8.307ms
[2023-11-10T11:54:02.944-0800][76846576ms] GC(23588) User=0.00s Sys=0.00s Real=0.01s
[2023-11-10T11:54:03.405-0800][76847037ms] GC(23589) Pause Young (Normal) (GCLocker Initiated GC)
[2023-11-10T11:54:03.405-0800][76847037ms] GC(23589) Using 10 workers of 10 for evacuation
[2023-11-10T11:54:03.412-0800][76847044ms] GC(23589)   Pre Evacuate Collection Set: 0.1ms
[2023-11-10T11:54:03.412-0800][76847044ms] GC(23589)   Evacuate Collection Set: 2.5ms
[2023-11-10T11:54:03.412-0800][76847044ms] GC(23589)   Post Evacuate Collection Set: 3.7ms
[2023-11-10T11:54:03.412-0800][76847044ms] GC(23589)   Other: 0.4ms
[2023-11-10T11:54:03.412-0800][76847044ms] GC(23589) Eden regions: 179->0(179)
[2023-11-10T11:54:03.412-0800][76847044ms] GC(23589) Survivor regions: 1->1(23)
[2023-11-10T11:54:03.412-0800][76847044ms] GC(23589) Old regions: 1434->1434
[2023-11-10T11:54:03.412-0800][76847044ms] GC(23589) Humongous regions: 5->5
[2023-11-10T11:54:03.412-0800][76847044ms] GC(23589) Metaspace: 304986K->304986K(1349632K)
[2023-11-10T11:54:03.412-0800][76847044ms] GC(23589) Pause Young (Normal) (GCLocker Initiated GC) 3236M->2878M(3602M) 6.661ms
[2023-11-10T11:54:03.412-0800][76847044ms] GC(23589) User=0.00s Sys=0.00s Real=0.01s
[2023-11-10T11:54:03.825-0800][76847457ms] GC(23590) Pause Young (Normal) (GCLocker Initiated GC)
[2023-11-10T11:54:03.825-0800][76847457ms] GC(23590) Using 10 workers of 10 for evacuation
[2023-11-10T11:54:03.832-0800][76847464ms] GC(23590)   Pre Evacuate Collection Set: 0.1ms
[2023-11-10T11:54:03.832-0800][76847464ms] GC(23590)   Evacuate Collection Set: 2.1ms
[2023-11-10T11:54:03.832-0800][76847464ms] GC(23590)   Post Evacuate Collection Set: 4.2ms
[2023-11-10T11:54:03.832-0800][76847464ms] GC(23590)   Other: 0.4ms
[2023-11-10T11:54:03.832-0800][76847464ms] GC(23590) Eden regions: 180->0(179)
[2023-11-10T11:54:03.832-0800][76847464ms] GC(23590) Survivor regions: 1->1(23)
[2023-11-10T11:54:03.832-0800][76847464ms] GC(23590) Old regions: 1434->1434
[2023-11-10T11:54:03.832-0800][76847464ms] GC(23590) Humongous regions: 5->5
[2023-11-10T11:54:03.832-0800][76847464ms] GC(23590) Metaspace: 304986K->304986K(1349632K)
[2023-11-10T11:54:03.832-0800][76847464ms] GC(23590) Pause Young (Normal) (GCLocker Initiated GC) 3237M->2878M(3602M) 7.019ms
[2023-11-10T11:54:03.832-0800][76847464ms] GC(23590) User=0.00s Sys=0.00s Real=0.01s
[2023-11-10T11:54:04.272-0800][76847904ms] GC(23591) Pause Young (Normal) (G1 Evacuation Pause)
[2023-11-10T11:54:04.272-0800][76847904ms] GC(23591) Using 10 workers of 10 for evacuation
[2023-11-10T11:54:04.279-0800][76847911ms] GC(23591)   Pre Evacuate Collection Set: 0.0ms
[2023-11-10T11:54:04.279-0800][76847911ms] GC(23591)   Evacuate Collection Set: 2.6ms
[2023-11-10T11:54:04.279-0800][76847911ms] GC(23591)   Post Evacuate Collection Set: 4.7ms
[2023-11-10T11:54:04.279-0800][76847911ms] GC(23591)   Other: 0.3ms
[2023-11-10T11:54:04.279-0800][76847911ms] GC(23591) Eden regions: 179->0(179)
[2023-11-10T11:54:04.279-0800][76847911ms] GC(23591) Survivor regions: 1->1(23)
[2023-11-10T11:54:04.279-0800][76847911ms] GC(23591) Old regions: 1434->1434
[2023-11-10T11:54:04.279-0800][76847911ms] GC(23591) Humongous regions: 5->5
[2023-11-10T11:54:04.279-0800][76847911ms] GC(23591) Metaspace: 304986K->304986K(1349632K)
[2023-11-10T11:54:04.279-0800][76847911ms] GC(23591) Pause Young (Normal) (G1 Evacuation Pause) 3236M->2878M(3602M) 7.783ms
[2023-11-10T11:54:04.279-0800][76847911ms] GC(23591) User=0.09s Sys=0.00s Real=0.01s
[2023-11-10T11:54:04.691-0800][76848323ms] GC(23592) Pause Young (Normal) (G1 Evacuation Pause)
[2023-11-10T11:54:04.691-0800][76848323ms] GC(23592) Using 10 workers of 10 for evacuation
[2023-11-10T11:54:04.697-0800][76848329ms] GC(23592)   Pre Evacuate Collection Set: 0.0ms
[2023-11-10T11:54:04.697-0800][76848329ms] GC(23592)   Evacuate Collection Set: 1.7ms
[2023-11-10T11:54:04.697-0800][76848329ms] GC(23592)   Post Evacuate Collection Set: 3.1ms
[2023-11-10T11:54:04.697-0800][76848329ms] GC(23592)   Other: 0.2ms
[2023-11-10T11:54:04.697-0800][76848329ms] GC(23592) Eden regions: 179->0(179)
[2023-11-10T11:54:04.697-0800][76848329ms] GC(23592) Survivor regions: 1->1(23)
[2023-11-10T11:54:04.697-0800][76848329ms] GC(23592) Old regions: 1434->1434
[2023-11-10T11:54:04.697-0800][76848329ms] GC(23592) Humongous regions: 5->5
[2023-11-10T11:54:04.697-0800][76848329ms] GC(23592) Metaspace: 304986K->304986K(1349632K)
[2023-11-10T11:54:04.697-0800][76848329ms] GC(23592) Pause Young (Normal) (G1 Evacuation Pause) 3236M->2878M(3602M) 5.070ms
[2023-11-10T11:54:04.697-0800][76848329ms] GC(23592) User=0.00s Sys=0.00s Real=0.01s
[2023-11-10T11:54:05.168-0800][76848800ms] GC(23593) Pause Young (Normal) (G1 Evacuation Pause)
[2023-11-10T11:54:05.168-0800][76848800ms] GC(23593) Using 10 workers of 10 for evacuation
[2023-11-10T11:54:05.173-0800][76848805ms] GC(23593)   Pre Evacuate Collection Set: 0.0ms
[2023-11-10T11:54:05.173-0800][76848805ms] GC(23593)   Evacuate Collection Set: 1.6ms
[2023-11-10T11:54:05.173-0800][76848805ms] GC(23593)   Post Evacuate Collection Set: 3.0ms
[2023-11-10T11:54:05.173-0800][76848805ms] GC(23593)   Other: 0.3ms
[2023-11-10T11:54:05.173-0800][76848805ms] GC(23593) Eden regions: 179->0(179)
[2023-11-10T11:54:05.173-0800][76848805ms] GC(23593) Survivor regions: 1->1(23)
[2023-11-10T11:54:05.173-0800][76848805ms] GC(23593) Old regions: 1434->1434
[2023-11-10T11:54:05.173-0800][76848805ms] GC(23593) Humongous regions: 5->5
[2023-11-10T11:54:05.173-0800][76848805ms] GC(23593) Metaspace: 304986K->304986K(1349632K)
[2023-11-10T11:54:05.173-0800][76848805ms] GC(23593) Pause Young (Normal) (G1 Evacuation Pause) 3236M->2878M(3602M) 5.069ms
[2023-11-10T11:54:05.173-0800][76848805ms] GC(23593) User=0.00s Sys=0.00s Real=0.01s
[2023-11-10T11:54:05.629-0800][76849261ms] GC(23594) Pause Young (Normal) (G1 Evacuation Pause)
[2023-11-10T11:54:05.629-0800][76849261ms] GC(23594) Using 10 workers of 10 for evacuation
[2023-11-10T11:54:05.634-0800][76849266ms] GC(23594)   Pre Evacuate Collection Set: 0.0ms
[2023-11-10T11:54:05.634-0800][76849266ms] GC(23594)   Evacuate Collection Set: 1.7ms
[2023-11-10T11:54:05.634-0800][76849266ms] GC(23594)   Post Evacuate Collection Set: 3.1ms
[2023-11-10T11:54:05.634-0800][76849266ms] GC(23594)   Other: 0.3ms
[2023-11-10T11:54:05.634-0800][76849266ms] GC(23594) Eden regions: 179->0(179)
[2023-11-10T11:54:05.634-0800][76849266ms] GC(23594) Survivor regions: 1->1(23)
[2023-11-10T11:54:05.634-0800][76849266ms] GC(23594) Old regions: 1434->1434
[2023-11-10T11:54:05.634-0800][76849266ms] GC(23594) Humongous regions: 5->5
[2023-11-10T11:54:05.634-0800][76849266ms] GC(23594) Metaspace: 304986K->304986K(1349632K)
[2023-11-10T11:54:05.634-0800][76849266ms] GC(23594) Pause Young (Normal) (G1 Evacuation Pause) 3236M->2878M(3602M) 5.237ms
[2023-11-10T11:54:05.634-0800][76849266ms] GC(23594) User=0.02s Sys=0.00s Real=0.01s
[2023-11-10T11:54:06.031-0800][76849663ms] GC(23595) Pause Young (Normal) (G1 Evacuation Pause)
[2023-11-10T11:54:06.031-0800][76849663ms] GC(23595) Using 10 workers of 10 for evacuation
[2023-11-10T11:54:06.037-0800][76849669ms] GC(23595)   Pre Evacuate Collection Set: 0.0ms
[2023-11-10T11:54:06.037-0800][76849669ms] GC(23595)   Evacuate Collection Set: 2.0ms
[2023-11-10T11:54:06.037-0800][76849669ms] GC(23595)   Post Evacuate Collection Set: 3.3ms
[2023-11-10T11:54:06.037-0800][76849669ms] GC(23595)   Other: 0.3ms
[2023-11-10T11:54:06.037-0800][76849669ms] GC(23595) Eden regions: 179->0(179)
[2023-11-10T11:54:06.037-0800][76849669ms] GC(23595) Survivor regions: 1->1(23)
[2023-11-10T11:54:06.037-0800][76849669ms] GC(23595) Old regions: 1434->1434
[2023-11-10T11:54:06.037-0800][76849669ms] GC(23595) Humongous regions: 5->5
[2023-11-10T11:54:06.037-0800][76849669ms] GC(23595) Metaspace: 304986K->304986K(1349632K)
[2023-11-10T11:54:06.037-0800][76849669ms] GC(23595) Pause Young (Normal) (G1 Evacuation Pause) 3236M->2878M(3602M) 5.659ms
[2023-11-10T11:54:06.037-0800][76849669ms] GC(23595) User=0.00s Sys=0.00s Real=0.01s
[2023-11-10T11:54:06.456-0800][76850088ms] GC(23596) Pause Young (Normal) (G1 Evacuation Pause)
[2023-11-10T11:54:06.456-0800][76850088ms] GC(23596) Using 10 workers of 10 for evacuation
[2023-11-10T11:54:06.460-0800][76850092ms] GC(23596)   Pre Evacuate Collection Set: 0.0ms
[2023-11-10T11:54:06.460-0800][76850092ms] GC(23596)   Evacuate Collection Set: 1.6ms
[2023-11-10T11:54:06.460-0800][76850092ms] GC(23596)   Post Evacuate Collection Set: 3.1ms
[2023-11-10T11:54:06.460-0800][76850092ms] GC(23596)   Other: 0.3ms
[2023-11-10T11:54:06.460-0800][76850092ms] GC(23596) Eden regions: 179->0(179)
[2023-11-10T11:54:06.460-0800][76850092ms] GC(23596) Survivor regions: 1->1(23)
[2023-11-10T11:54:06.460-0800][76850092ms] GC(23596) Old regions: 1434->1434
[2023-11-10T11:54:06.460-0800][76850092ms] GC(23596) Humongous regions: 5->5
[2023-11-10T11:54:06.460-0800][76850092ms] GC(23596) Metaspace: 304986K->304986K(1349632K)
[2023-11-10T11:54:06.460-0800][76850092ms] GC(23596) Pause Young (Normal) (G1 Evacuation Pause) 3236M->2878M(3602M) 5.146ms
[2023-11-10T11:54:06.461-0800][76850093ms] GC(23596) User=0.00s Sys=0.00s Real=0.00s
[2023-11-10T11:54:06.856-0800][76850488ms] GC(23597) Pause Young (Normal) (G1 Evacuation Pause)
[2023-11-10T11:54:06.856-0800][76850488ms] GC(23597) Using 10 workers of 10 for evacuation
[2023-11-10T11:54:06.862-0800][76850494ms] GC(23597)   Pre Evacuate Collection Set: 0.0ms
[2023-11-10T11:54:06.862-0800][76850494ms] GC(23597)   Evacuate Collection Set: 2.1ms
[2023-11-10T11:54:06.862-0800][76850494ms] GC(23597)   Post Evacuate Collection Set: 3.4ms
[2023-11-10T11:54:06.862-0800][76850494ms] GC(23597)   Other: 0.3ms
[2023-11-10T11:54:06.862-0800][76850494ms] GC(23597) Eden regions: 179->0(179)
[2023-11-10T11:54:06.862-0800][76850494ms] GC(23597) Survivor regions: 1->1(23)
[2023-11-10T11:54:06.862-0800][76850494ms] GC(23597) Old regions: 1434->1434
[2023-11-10T11:54:06.862-0800][76850494ms] GC(23597) Humongous regions: 5->5
[2023-11-10T11:54:06.862-0800][76850494ms] GC(23597) Metaspace: 304986K->304986K(1349632K)
[2023-11-10T11:54:06.862-0800][76850494ms] GC(23597) Pause Young (Normal) (G1 Evacuation Pause) 3236M->2878M(3602M) 5.840ms
[2023-11-10T11:54:06.862-0800][76850494ms] GC(23597) User=0.00s Sys=0.00s Real=0.01s
[2023-11-10T11:54:07.272-0800][76850904ms] GC(23598) Pause Young (Normal) (G1 Evacuation Pause)
[2023-11-10T11:54:07.272-0800][76850904ms] GC(23598) Using 10 workers of 10 for evacuation
[2023-11-10T11:54:07.278-0800][76850910ms] GC(23598)   Pre Evacuate Collection Set: 0.1ms
[2023-11-10T11:54:07.278-0800][76850910ms] GC(23598)   Evacuate Collection Set: 1.8ms
[2023-11-10T11:54:07.278-0800][76850910ms] GC(23598)   Post Evacuate Collection Set: 3.5ms
[2023-11-10T11:54:07.278-0800][76850910ms] GC(23598)   Other: 0.3ms
[2023-11-10T11:54:07.278-0800][76850910ms] GC(23598) Eden regions: 179->0(179)
[2023-11-10T11:54:07.278-0800][76850910ms] GC(23598) Survivor regions: 1->1(23)
[2023-11-10T11:54:07.278-0800][76850910ms] GC(23598) Old regions: 1434->1434
[2023-11-10T11:54:07.278-0800][76850910ms] GC(23598) Humongous regions: 5->5
[2023-11-10T11:54:07.278-0800][76850910ms] GC(23598) Metaspace: 304986K->304986K(1349632K)
[2023-11-10T11:54:07.278-0800][76850910ms] GC(23598) Pause Young (Normal) (G1 Evacuation Pause) 3236M->2878M(3602M) 5.802ms
[2023-11-10T11:54:07.278-0800][76850910ms] GC(23598) User=0.00s Sys=0.00s Real=0.01s
[2023-11-10T11:54:07.747-0800][76851379ms] GC(23599) Pause Young (Normal) (G1 Evacuation Pause)
[2023-11-10T11:54:07.747-0800][76851379ms] GC(23599) Using 10 workers of 10 for evacuation
[2023-11-10T11:54:07.752-0800][76851384ms] GC(23599)   Pre Evacuate Collection Set: 0.0ms
[2023-11-10T11:54:07.752-0800][76851384ms] GC(23599)   Evacuate Collection Set: 1.7ms
[2023-11-10T11:54:07.752-0800][76851384ms] GC(23599)   Post Evacuate Collection Set: 3.2ms
[2023-11-10T11:54:07.752-0800][76851384ms] GC(23599)   Other: 0.3ms
[2023-11-10T11:54:07.752-0800][76851384ms] GC(23599) Eden regions: 179->0(179)
[2023-11-10T11:54:07.752-0800][76851384ms] GC(23599) Survivor regions: 1->1(23)
[2023-11-10T11:54:07.752-0800][76851384ms] GC(23599) Old regions: 1434->1434
[2023-11-10T11:54:07.752-0800][76851384ms] GC(23599) Humongous regions: 5->5
[2023-11-10T11:54:07.752-0800][76851384ms] GC(23599) Metaspace: 304986K->304986K(1349632K)
[2023-11-10T11:54:07.752-0800][76851384ms] GC(23599) Pause Young (Normal) (G1 Evacuation Pause) 3236M->2878M(3602M) 5.241ms
[2023-11-10T11:54:07.752-0800][76851384ms] GC(23599) User=0.00s Sys=0.00s Real=0.01s
[2023-11-10T11:54:08.135-0800][76851767ms] GC(23600) Pause Young (Normal) (G1 Evacuation Pause)
[2023-11-10T11:54:08.135-0800][76851767ms] GC(23600) Using 10 workers of 10 for evacuation
[2023-11-10T11:54:08.141-0800][76851773ms] GC(23600)   Pre Evacuate Collection Set: 0.1ms
[2023-11-10T11:54:08.141-0800][76851773ms] GC(23600)   Evacuate Collection Set: 1.8ms
[2023-11-10T11:54:08.141-0800][76851773ms] GC(23600)   Post Evacuate Collection Set: 4.2ms
[2023-11-10T11:54:08.141-0800][76851773ms] GC(23600)   Other: 0.3ms
[2023-11-10T11:54:08.141-0800][76851773ms] GC(23600) Eden regions: 179->0(179)
[2023-11-10T11:54:08.141-0800][76851773ms] GC(23600) Survivor regions: 1->1(23)
[2023-11-10T11:54:08.141-0800][76851773ms] GC(23600) Old regions: 1434->1434
[2023-11-10T11:54:08.141-0800][76851773ms] GC(23600) Humongous regions: 5->5
[2023-11-10T11:54:08.141-0800][76851773ms] GC(23600) Metaspace: 304986K->304986K(1349632K)
[2023-11-10T11:54:08.141-0800][76851773ms] GC(23600) Pause Young (Normal) (G1 Evacuation Pause) 3236M->2878M(3602M) 6.537ms
[2023-11-10T11:54:08.141-0800][76851773ms] GC(23600) User=0.00s Sys=0.00s Real=0.01s
[2023-11-10T11:54:08.575-0800][76852208ms] GC(23601) Pause Young (Normal) (G1 Evacuation Pause)
[2023-11-10T11:54:08.576-0800][76852208ms] GC(23601) Using 10 workers of 10 for evacuation
[2023-11-10T11:54:08.581-0800][76852213ms] GC(23601)   Pre Evacuate Collection Set: 0.1ms
[2023-11-10T11:54:08.581-0800][76852213ms] GC(23601)   Evacuate Collection Set: 2.1ms
[2023-11-10T11:54:08.581-0800][76852213ms] GC(23601)   Post Evacuate Collection Set: 3.4ms
[2023-11-10T11:54:08.581-0800][76852213ms] GC(23601)   Other: 0.4ms
[2023-11-10T11:54:08.581-0800][76852213ms] GC(23601) Eden regions: 179->0(179)
[2023-11-10T11:54:08.581-0800][76852213ms] GC(23601) Survivor regions: 1->1(23)
[2023-11-10T11:54:08.581-0800][76852213ms] GC(23601) Old regions: 1434->1434
[2023-11-10T11:54:08.581-0800][76852213ms] GC(23601) Humongous regions: 5->5
[2023-11-10T11:54:08.581-0800][76852213ms] GC(23601) Metaspace: 304986K->304986K(1349632K)
[2023-11-10T11:54:08.581-0800][76852213ms] GC(23601) Pause Young (Normal) (G1 Evacuation Pause) 3236M->2878M(3602M) 6.037ms
[2023-11-10T11:54:08.581-0800][76852213ms] GC(23601) User=0.00s Sys=0.00s Real=0.01s
[2023-11-10T11:54:09.029-0800][76852661ms] GC(23602) Pause Young (Normal) (G1 Evacuation Pause)
[2023-11-10T11:54:09.029-0800][76852661ms] GC(23602) Using 10 workers of 10 for evacuation
[2023-11-10T11:54:09.035-0800][76852667ms] GC(23602)   Pre Evacuate Collection Set: 0.1ms
[2023-11-10T11:54:09.036-0800][76852668ms] GC(23602)   Evacuate Collection Set: 2.0ms
[2023-11-10T11:54:09.036-0800][76852668ms] GC(23602)   Post Evacuate Collection Set: 3.8ms
[2023-11-10T11:54:09.036-0800][76852668ms] GC(23602)   Other: 0.3ms
[2023-11-10T11:54:09.036-0800][76852668ms] GC(23602) Eden regions: 179->0(179)
[2023-11-10T11:54:09.036-0800][76852668ms] GC(23602) Survivor regions: 1->1(23)
[2023-11-10T11:54:09.036-0800][76852668ms] GC(23602) Old regions: 1434->1434
[2023-11-10T11:54:09.036-0800][76852668ms] GC(23602) Humongous regions: 5->5
[2023-11-10T11:54:09.036-0800][76852668ms] GC(23602) Metaspace: 304986K->304986K(1349632K)
[2023-11-10T11:54:09.036-0800][76852668ms] GC(23602) Pause Young (Normal) (G1 Evacuation Pause) 3236M->2878M(3602M) 6.239ms
[2023-11-10T11:54:09.036-0800][76852668ms] GC(23602) User=0.00s Sys=0.00s Real=0.01s
[2023-11-10T11:54:09.444-0800][76853076ms] GC(23603) Pause Young (Normal) (G1 Evacuation Pause)
[2023-11-10T11:54:09.444-0800][76853076ms] GC(23603) Using 10 workers of 10 for evacuation
[2023-11-10T11:54:09.449-0800][76853081ms] GC(23603)   Pre Evacuate Collection Set: 0.0ms
[2023-11-10T11:54:09.449-0800][76853081ms] GC(23603)   Evacuate Collection Set: 2.2ms
[2023-11-10T11:54:09.449-0800][76853081ms] GC(23603)   Post Evacuate Collection Set: 3.1ms
[2023-11-10T11:54:09.449-0800][76853081ms] GC(23603)   Other: 0.3ms
[2023-11-10T11:54:09.449-0800][76853081ms] GC(23603) Eden regions: 179->0(179)
[2023-11-10T11:54:09.449-0800][76853081ms] GC(23603) Survivor regions: 1->1(23)
[2023-11-10T11:54:09.449-0800][76853082ms] GC(23603) Old regions: 1434->1434
[2023-11-10T11:54:09.450-0800][76853082ms] GC(23603) Humongous regions: 5->5
[2023-11-10T11:54:09.450-0800][76853082ms] GC(23603) Metaspace: 304986K->304986K(1349632K)
[2023-11-10T11:54:09.450-0800][76853082ms] GC(23603) Pause Young (Normal) (G1 Evacuation Pause) 3236M->2878M(3602M) 5.743ms
[2023-11-10T11:54:09.450-0800][76853082ms] GC(23603) User=0.00s Sys=0.00s Real=0.01s
[2023-11-10T11:54:09.916-0800][76853548ms] GC(23604) Pause Young (Normal) (G1 Evacuation Pause)
[2023-11-10T11:54:09.916-0800][76853548ms] GC(23604) Using 10 workers of 10 for evacuation
[2023-11-10T11:54:09.924-0800][76853556ms] GC(23604)   Pre Evacuate Collection Set: 0.0ms
[2023-11-10T11:54:09.924-0800][76853556ms] GC(23604)   Evacuate Collection Set: 2.5ms
[2023-11-10T11:54:09.924-0800][76853556ms] GC(23604)   Post Evacuate Collection Set: 4.6ms
[2023-11-10T11:54:09.924-0800][76853556ms] GC(23604)   Other: 0.4ms
[2023-11-10T11:54:09.924-0800][76853556ms] GC(23604) Eden regions: 179->0(179)
[2023-11-10T11:54:09.924-0800][76853556ms] GC(23604) Survivor regions: 1->1(23)
[2023-11-10T11:54:09.924-0800][76853556ms] GC(23604) Old regions: 1434->1434
[2023-11-10T11:54:09.924-0800][76853556ms] GC(23604) Humongous regions: 5->5
[2023-11-10T11:54:09.924-0800][76853556ms] GC(23604) Metaspace: 304986K->304986K(1349632K)
[2023-11-10T11:54:09.924-0800][76853556ms] GC(23604) Pause Young (Normal) (G1 Evacuation Pause) 3236M->2878M(3602M) 7.687ms
[2023-11-10T11:54:09.924-0800][76853556ms] GC(23604) User=0.00s Sys=0.00s Real=0.01s
[2023-11-10T11:54:10.354-0800][76853986ms] GC(23605) Pause Young (Normal) (G1 Evacuation Pause)
[2023-11-10T11:54:10.354-0800][76853986ms] GC(23605) Using 10 workers of 10 for evacuation
[2023-11-10T11:54:10.359-0800][76853991ms] GC(23605)   Pre Evacuate Collection Set: 0.1ms
[2023-11-10T11:54:10.360-0800][76853992ms] GC(23605)   Evacuate Collection Set: 1.7ms
[2023-11-10T11:54:10.360-0800][76853992ms] GC(23605)   Post Evacuate Collection Set: 3.7ms
[2023-11-10T11:54:10.360-0800][76853992ms] GC(23605)   Other: 0.3ms
[2023-11-10T11:54:10.360-0800][76853992ms] GC(23605) Eden regions: 179->0(179)
[2023-11-10T11:54:10.360-0800][76853992ms] GC(23605) Survivor regions: 1->1(23)
[2023-11-10T11:54:10.360-0800][76853992ms] GC(23605) Old regions: 1434->1434
[2023-11-10T11:54:10.360-0800][76853992ms] GC(23605) Humongous regions: 5->5
[2023-11-10T11:54:10.360-0800][76853992ms] GC(23605) Metaspace: 304986K->304986K(1349632K)
[2023-11-10T11:54:10.360-0800][76853992ms] GC(23605) Pause Young (Normal) (G1 Evacuation Pause) 3236M->2878M(3602M) 5.995ms
[2023-11-10T11:54:10.360-0800][76853992ms] GC(23605) User=0.00s Sys=0.00s Real=0.01s
[2023-11-10T11:54:10.815-0800][76854447ms] GC(23606) Pause Young (Normal) (G1 Evacuation Pause)
[2023-11-10T11:54:10.815-0800][76854447ms] GC(23606) Using 10 workers of 10 for evacuation
[2023-11-10T11:54:10.820-0800][76854452ms] GC(23606)   Pre Evacuate Collection Set: 0.0ms
[2023-11-10T11:54:10.820-0800][76854452ms] GC(23606)   Evacuate Collection Set: 2.0ms
[2023-11-10T11:54:10.820-0800][76854452ms] GC(23606)   Post Evacuate Collection Set: 4.0ms
[2023-11-10T11:54:10.821-0800][76854453ms] GC(23606)   Other: 0.3ms
[2023-11-10T11:54:10.821-0800][76854453ms] GC(23606) Eden regions: 179->0(179)
[2023-11-10T11:54:10.821-0800][76854453ms] GC(23606) Survivor regions: 1->1(23)
[2023-11-10T11:54:10.821-0800][76854453ms] GC(23606) Old regions: 1434->1434
[2023-11-10T11:54:10.821-0800][76854453ms] GC(23606) Humongous regions: 5->5
[2023-11-10T11:54:10.821-0800][76854453ms] GC(23606) Metaspace: 304986K->304986K(1349632K)
[2023-11-10T11:54:10.821-0800][76854453ms] GC(23606) Pause Young (Normal) (G1 Evacuation Pause) 3236M->2878M(3602M) 6.551ms
[2023-11-10T11:54:10.821-0800][76854453ms] GC(23606) User=0.02s Sys=0.00s Real=0.01s
[2023-11-10T11:54:11.273-0800][76854905ms] GC(23607) Pause Young (Normal) (G1 Evacuation Pause)
[2023-11-10T11:54:11.273-0800][76854905ms] GC(23607) Using 10 workers of 10 for evacuation
[2023-11-10T11:54:11.279-0800][76854911ms] GC(23607)   Pre Evacuate Collection Set: 0.1ms
[2023-11-10T11:54:11.279-0800][76854911ms] GC(23607)   Evacuate Collection Set: 2.9ms
[2023-11-10T11:54:11.279-0800][76854911ms] GC(23607)   Post Evacuate Collection Set: 3.6ms
[2023-11-10T11:54:11.279-0800][76854911ms] GC(23607)   Other: 0.3ms
[2023-11-10T11:54:11.279-0800][76854911ms] GC(23607) Eden regions: 179->0(179)
[2023-11-10T11:54:11.279-0800][76854911ms] GC(23607) Survivor regions: 1->1(23)
[2023-11-10T11:54:11.279-0800][76854911ms] GC(23607) Old regions: 1434->1434
[2023-11-10T11:54:11.279-0800][76854911ms] GC(23607) Humongous regions: 5->5
[2023-11-10T11:54:11.279-0800][76854911ms] GC(23607) Metaspace: 304986K->304986K(1349632K)
[2023-11-10T11:54:11.279-0800][76854911ms] GC(23607) Pause Young (Normal) (G1 Evacuation Pause) 3236M->2878M(3602M) 7.016ms
[2023-11-10T11:54:11.279-0800][76854911ms] GC(23607) User=0.00s Sys=0.00s Real=0.01s
[2023-11-10T11:54:11.783-0800][76855415ms] GC(23608) Pause Young (Normal) (G1 Evacuation Pause)
[2023-11-10T11:54:11.783-0800][76855415ms] GC(23608) Using 10 workers of 10 for evacuation
[2023-11-10T11:54:11.790-0800][76855422ms] GC(23608)   Pre Evacuate Collection Set: 0.1ms
[2023-11-10T11:54:11.790-0800][76855422ms] GC(23608)   Evacuate Collection Set: 1.8ms
[2023-11-10T11:54:11.790-0800][76855422ms] GC(23608)   Post Evacuate Collection Set: 4.1ms
[2023-11-10T11:54:11.790-0800][76855422ms] GC(23608)   Other: 0.4ms
[2023-11-10T11:54:11.790-0800][76855422ms] GC(23608) Eden regions: 179->0(179)
[2023-11-10T11:54:11.790-0800][76855422ms] GC(23608) Survivor regions: 1->1(23)
[2023-11-10T11:54:11.790-0800][76855422ms] GC(23608) Old regions: 1434->1434
[2023-11-10T11:54:11.790-0800][76855422ms] GC(23608) Humongous regions: 5->5
[2023-11-10T11:54:11.790-0800][76855422ms] GC(23608) Metaspace: 304986K->304986K(1349632K)
[2023-11-10T11:54:11.790-0800][76855422ms] GC(23608) Pause Young (Normal) (G1 Evacuation Pause) 3236M->2878M(3602M) 6.602ms
[2023-11-10T11:54:11.790-0800][76855422ms] GC(23608) User=0.02s Sys=0.00s Real=0.01s
[2023-11-10T11:54:12.226-0800][76855858ms] GC(23609) Pause Young (Normal) (G1 Evacuation Pause)
[2023-11-10T11:54:12.227-0800][76855859ms] GC(23609) Using 10 workers of 10 for evacuation
[2023-11-10T11:54:12.235-0800][76855867ms] GC(23609)   Pre Evacuate Collection Set: 0.1ms
[2023-11-10T11:54:12.235-0800][76855867ms] GC(23609)   Evacuate Collection Set: 3.0ms
[2023-11-10T11:54:12.235-0800][76855867ms] GC(23609)   Post Evacuate Collection Set: 5.8ms
[2023-11-10T11:54:12.235-0800][76855867ms] GC(23609)   Other: 0.5ms
[2023-11-10T11:54:12.235-0800][76855867ms] GC(23609) Eden regions: 179->0(179)
[2023-11-10T11:54:12.235-0800][76855867ms] GC(23609) Survivor regions: 1->1(23)
[2023-11-10T11:54:12.235-0800][76855867ms] GC(23609) Old regions: 1434->1434
[2023-11-10T11:54:12.236-0800][76855868ms] GC(23609) Humongous regions: 5->5
[2023-11-10T11:54:12.236-0800][76855868ms] GC(23609) Metaspace: 304986K->304986K(1349632K)
[2023-11-10T11:54:12.236-0800][76855868ms] GC(23609) Pause Young (Normal) (G1 Evacuation Pause) 3236M->2878M(3602M) 9.645ms
[2023-11-10T11:54:12.236-0800][76855868ms] GC(23609) User=0.00s Sys=0.00s Real=0.01s
[2023-11-10T11:54:12.712-0800][76856344ms] GC(23610) Pause Young (Normal) (G1 Evacuation Pause)
[2023-11-10T11:54:12.712-0800][76856344ms] GC(23610) Using 10 workers of 10 for evacuation
[2023-11-10T11:54:12.724-0800][76856357ms] GC(23610)   Pre Evacuate Collection Set: 0.1ms
[2023-11-10T11:54:12.725-0800][76856357ms] GC(23610)   Evacuate Collection Set: 4.0ms
[2023-11-10T11:54:12.725-0800][76856357ms] GC(23610)   Post Evacuate Collection Set: 7.2ms
[2023-11-10T11:54:12.725-0800][76856357ms] GC(23610)   Other: 0.4ms
[2023-11-10T11:54:12.725-0800][76856357ms] GC(23610) Eden regions: 179->0(178)
[2023-11-10T11:54:12.725-0800][76856357ms] GC(23610) Survivor regions: 1->1(23)
[2023-11-10T11:54:12.725-0800][76856357ms] GC(23610) Old regions: 1434->1435
[2023-11-10T11:54:12.725-0800][76856357ms] GC(23610) Humongous regions: 5->5
[2023-11-10T11:54:12.725-0800][76856357ms] GC(23610) Metaspace: 304986K->304986K(1349632K)
[2023-11-10T11:54:12.725-0800][76856357ms] GC(23610) Pause Young (Normal) (G1 Evacuation Pause) 3236M->2878M(3602M) 11.949ms
[2023-11-10T11:54:12.725-0800][76856357ms] GC(23610) User=0.00s Sys=0.00s Real=0.01s
[2023-11-10T11:54:13.181-0800][76856813ms] GC(23611) Pause Young (Normal) (G1 Evacuation Pause)
[2023-11-10T11:54:13.181-0800][76856813ms] GC(23611) Using 10 workers of 10 for evacuation
[2023-11-10T11:54:13.188-0800][76856820ms] GC(23611)   Pre Evacuate Collection Set: 0.1ms
[2023-11-10T11:54:13.188-0800][76856820ms] GC(23611)   Evacuate Collection Set: 2.2ms
[2023-11-10T11:54:13.188-0800][76856820ms] GC(23611)   Post Evacuate Collection Set: 4.3ms
[2023-11-10T11:54:13.188-0800][76856820ms] GC(23611)   Other: 0.5ms
[2023-11-10T11:54:13.188-0800][76856820ms] GC(23611) Eden regions: 178->0(178)
[2023-11-10T11:54:13.188-0800][76856820ms] GC(23611) Survivor regions: 1->1(23)
[2023-11-10T11:54:13.188-0800][76856820ms] GC(23611) Old regions: 1435->1435
[2023-11-10T11:54:13.188-0800][76856820ms] GC(23611) Humongous regions: 5->5
[2023-11-10T11:54:13.188-0800][76856820ms] GC(23611) Metaspace: 304986K->304986K(1349632K)
[2023-11-10T11:54:13.188-0800][76856820ms] GC(23611) Pause Young (Normal) (G1 Evacuation Pause) 3234M->2878M(3602M) 7.214ms
[2023-11-10T11:54:13.188-0800][76856820ms] GC(23611) User=0.00s Sys=0.00s Real=0.01s
[2023-11-10T11:54:13.679-0800][76857311ms] GC(23612) Pause Young (Normal) (G1 Evacuation Pause)
[2023-11-10T11:54:13.679-0800][76857311ms] GC(23612) Using 10 workers of 10 for evacuation
[2023-11-10T11:54:13.684-0800][76857316ms] GC(23612)   Pre Evacuate Collection Set: 0.0ms
[2023-11-10T11:54:13.684-0800][76857316ms] GC(23612)   Evacuate Collection Set: 1.7ms
[2023-11-10T11:54:13.684-0800][76857316ms] GC(23612)   Post Evacuate Collection Set: 3.7ms
[2023-11-10T11:54:13.684-0800][76857316ms] GC(23612)   Other: 0.3ms
[2023-11-10T11:54:13.684-0800][76857316ms] GC(23612) Eden regions: 178->0(178)
[2023-11-10T11:54:13.684-0800][76857316ms] GC(23612) Survivor regions: 1->1(23)
[2023-11-10T11:54:13.684-0800][76857316ms] GC(23612) Old regions: 1435->1435
[2023-11-10T11:54:13.684-0800][76857316ms] GC(23612) Humongous regions: 5->5
[2023-11-10T11:54:13.684-0800][76857316ms] GC(23612) Metaspace: 304986K->304986K(1349632K)
[2023-11-10T11:54:13.684-0800][76857316ms] GC(23612) Pause Young (Normal) (G1 Evacuation Pause) 3234M->2878M(3602M) 5.906ms
[2023-11-10T11:54:13.684-0800][76857316ms] GC(23612) User=0.00s Sys=0.00s Real=0.01s
[2023-11-10T11:54:14.175-0800][76857807ms] GC(23613) Pause Young (Normal) (G1 Evacuation Pause)
[2023-11-10T11:54:14.175-0800][76857807ms] GC(23613) Using 10 workers of 10 for evacuation
[2023-11-10T11:54:14.182-0800][76857814ms] GC(23613)   Pre Evacuate Collection Set: 0.1ms
[2023-11-10T11:54:14.182-0800][76857814ms] GC(23613)   Evacuate Collection Set: 3.1ms
[2023-11-10T11:54:14.182-0800][76857814ms] GC(23613)   Post Evacuate Collection Set: 4.5ms
[2023-11-10T11:54:14.182-0800][76857814ms] GC(23613)   Other: 0.4ms
[2023-11-10T11:54:14.182-0800][76857814ms] GC(23613) Eden regions: 178->0(178)
[2023-11-10T11:54:14.182-0800][76857814ms] GC(23613) Survivor regions: 1->1(23)
[2023-11-10T11:54:14.183-0800][76857815ms] GC(23613) Old regions: 1435->1435
[2023-11-10T11:54:14.183-0800][76857815ms] GC(23613) Humongous regions: 5->5
[2023-11-10T11:54:14.183-0800][76857815ms] GC(23613) Metaspace: 304986K->304986K(1349632K)
[2023-11-10T11:54:14.183-0800][76857815ms] GC(23613) Pause Young (Normal) (G1 Evacuation Pause) 3234M->2878M(3602M) 8.091ms
[2023-11-10T11:54:14.183-0800][76857815ms] GC(23613) User=0.02s Sys=0.00s Real=0.01s
[2023-11-10T11:54:14.618-0800][76858250ms] GC(23614) Pause Young (Normal) (G1 Evacuation Pause)
[2023-11-10T11:54:14.618-0800][76858250ms] GC(23614) Using 10 workers of 10 for evacuation
[2023-11-10T11:54:14.623-0800][76858255ms] GC(23614)   Pre Evacuate Collection Set: 0.0ms
[2023-11-10T11:54:14.623-0800][76858255ms] GC(23614)   Evacuate Collection Set: 1.7ms
[2023-11-10T11:54:14.623-0800][76858255ms] GC(23614)   Post Evacuate Collection Set: 3.0ms
[2023-11-10T11:54:14.623-0800][76858255ms] GC(23614)   Other: 0.3ms
[2023-11-10T11:54:14.623-0800][76858255ms] GC(23614) Eden regions: 178->0(178)
[2023-11-10T11:54:14.623-0800][76858255ms] GC(23614) Survivor regions: 1->1(23)
[2023-11-10T11:54:14.623-0800][76858255ms] GC(23614) Old regions: 1435->1435
[2023-11-10T11:54:14.623-0800][76858255ms] GC(23614) Humongous regions: 5->5
[2023-11-10T11:54:14.623-0800][76858255ms] GC(23614) Metaspace: 304986K->304986K(1349632K)
[2023-11-10T11:54:14.623-0800][76858255ms] GC(23614) Pause Young (Normal) (G1 Evacuation Pause) 3234M->2878M(3602M) 5.207ms
[2023-11-10T11:54:14.623-0800][76858255ms] GC(23614) User=0.00s Sys=0.00s Real=0.00s
[2023-11-10T11:54:15.000-0800][76858632ms] GC(23615) Pause Young (Normal) (G1 Evacuation Pause)
[2023-11-10T11:54:15.000-0800][76858632ms] GC(23615) Using 10 workers of 10 for evacuation
[2023-11-10T11:54:15.007-0800][76858639ms] GC(23615)   Pre Evacuate Collection Set: 0.0ms
[2023-11-10T11:54:15.007-0800][76858639ms] GC(23615)   Evacuate Collection Set: 2.1ms
[2023-11-10T11:54:15.007-0800][76858639ms] GC(23615)   Post Evacuate Collection Set: 3.9ms
[2023-11-10T11:54:15.007-0800][76858639ms] GC(23615)   Other: 0.3ms
[2023-11-10T11:54:15.007-0800][76858639ms] GC(23615) Eden regions: 178->0(178)
[2023-11-10T11:54:15.007-0800][76858639ms] GC(23615) Survivor regions: 1->1(23)
[2023-11-10T11:54:15.007-0800][76858639ms] GC(23615) Old regions: 1435->1435
[2023-11-10T11:54:15.007-0800][76858639ms] GC(23615) Humongous regions: 5->5
[2023-11-10T11:54:15.007-0800][76858639ms] GC(23615) Metaspace: 304986K->304986K(1349632K)
[2023-11-10T11:54:15.007-0800][76858639ms] GC(23615) Pause Young (Normal) (G1 Evacuation Pause) 3234M->2878M(3602M) 6.473ms
[2023-11-10T11:54:15.007-0800][76858639ms] GC(23615) User=0.00s Sys=0.00s Real=0.01s
[2023-11-10T11:54:15.457-0800][76859089ms] GC(23616) Pause Young (Normal) (G1 Evacuation Pause)
[2023-11-10T11:54:15.458-0800][76859090ms] GC(23616) Using 10 workers of 10 for evacuation
[2023-11-10T11:54:15.463-0800][76859095ms] GC(23616)   Pre Evacuate Collection Set: 0.0ms
[2023-11-10T11:54:15.463-0800][76859095ms] GC(23616)   Evacuate Collection Set: 1.7ms
[2023-11-10T11:54:15.463-0800][76859095ms] GC(23616)   Post Evacuate Collection Set: 3.4ms
[2023-11-10T11:54:15.463-0800][76859095ms] GC(23616)   Other: 0.3ms
[2023-11-10T11:54:15.463-0800][76859095ms] GC(23616) Eden regions: 178->0(178)
[2023-11-10T11:54:15.463-0800][76859095ms] GC(23616) Survivor regions: 1->1(23)
[2023-11-10T11:54:15.463-0800][76859095ms] GC(23616) Old regions: 1435->1435
[2023-11-10T11:54:15.463-0800][76859095ms] GC(23616) Humongous regions: 5->5
[2023-11-10T11:54:15.463-0800][76859095ms] GC(23616) Metaspace: 304986K->304986K(1349632K)
[2023-11-10T11:54:15.463-0800][76859095ms] GC(23616) Pause Young (Normal) (G1 Evacuation Pause) 3234M->2878M(3602M) 5.508ms
[2023-11-10T11:54:15.463-0800][76859095ms] GC(23616) User=0.02s Sys=0.00s Real=0.01s
[2023-11-10T11:54:15.959-0800][76859591ms] GC(23617) Pause Young (Normal) (G1 Evacuation Pause)
[2023-11-10T11:54:15.959-0800][76859591ms] GC(23617) Using 10 workers of 10 for evacuation
[2023-11-10T11:54:15.966-0800][76859598ms] GC(23617)   Pre Evacuate Collection Set: 0.0ms
[2023-11-10T11:54:15.966-0800][76859598ms] GC(23617)   Evacuate Collection Set: 1.8ms
[2023-11-10T11:54:15.966-0800][76859598ms] GC(23617)   Post Evacuate Collection Set: 3.4ms
[2023-11-10T11:54:15.966-0800][76859598ms] GC(23617)   Other: 0.3ms
[2023-11-10T11:54:15.966-0800][76859598ms] GC(23617) Eden regions: 178->0(178)
[2023-11-10T11:54:15.966-0800][76859598ms] GC(23617) Survivor regions: 1->1(23)
[2023-11-10T11:54:15.966-0800][76859598ms] GC(23617) Old regions: 1435->1435
[2023-11-10T11:54:15.966-0800][76859598ms] GC(23617) Humongous regions: 5->5
[2023-11-10T11:54:15.966-0800][76859598ms] GC(23617) Metaspace: 304986K->304986K(1349632K)
[2023-11-10T11:54:15.966-0800][76859598ms] GC(23617) Pause Young (Normal) (G1 Evacuation Pause) 3234M->2878M(3602M) 5.587ms
[2023-11-10T11:54:15.966-0800][76859598ms] GC(23617) User=0.05s Sys=0.00s Real=0.01s
[2023-11-10T11:54:16.427-0800][76860059ms] GC(23618) Pause Young (Normal) (G1 Evacuation Pause)
[2023-11-10T11:54:16.427-0800][76860059ms] GC(23618) Using 10 workers of 10 for evacuation
[2023-11-10T11:54:16.432-0800][76860064ms] GC(23618)   Pre Evacuate Collection Set: 0.0ms
[2023-11-10T11:54:16.432-0800][76860064ms] GC(23618)   Evacuate Collection Set: 1.7ms
[2023-11-10T11:54:16.432-0800][76860064ms] GC(23618)   Post Evacuate Collection Set: 3.1ms
[2023-11-10T11:54:16.432-0800][76860064ms] GC(23618)   Other: 0.3ms
[2023-11-10T11:54:16.432-0800][76860064ms] GC(23618) Eden regions: 178->0(178)
[2023-11-10T11:54:16.432-0800][76860064ms] GC(23618) Survivor regions: 1->1(23)
[2023-11-10T11:54:16.432-0800][76860064ms] GC(23618) Old regions: 1435->1435
[2023-11-10T11:54:16.432-0800][76860064ms] GC(23618) Humongous regions: 5->5
[2023-11-10T11:54:16.432-0800][76860064ms] GC(23618) Metaspace: 304986K->304986K(1349632K)
[2023-11-10T11:54:16.432-0800][76860064ms] GC(23618) Pause Young (Normal) (G1 Evacuation Pause) 3234M->2878M(3602M) 5.172ms
[2023-11-10T11:54:16.432-0800][76860064ms] GC(23618) User=0.05s Sys=0.00s Real=0.00s
[2023-11-10T11:54:16.965-0800][76860597ms] GC(23619) Pause Young (Normal) (G1 Evacuation Pause)
[2023-11-10T11:54:16.965-0800][76860597ms] GC(23619) Using 10 workers of 10 for evacuation
[2023-11-10T11:54:16.970-0800][76860602ms] GC(23619)   Pre Evacuate Collection Set: 0.1ms
[2023-11-10T11:54:16.970-0800][76860602ms] GC(23619)   Evacuate Collection Set: 1.6ms
[2023-11-10T11:54:16.970-0800][76860602ms] GC(23619)   Post Evacuate Collection Set: 3.1ms
[2023-11-10T11:54:16.970-0800][76860602ms] GC(23619)   Other: 0.3ms
[2023-11-10T11:54:16.970-0800][76860602ms] GC(23619) Eden regions: 178->0(178)
[2023-11-10T11:54:16.970-0800][76860602ms] GC(23619) Survivor regions: 1->1(23)
[2023-11-10T11:54:16.970-0800][76860602ms] GC(23619) Old regions: 1435->1435
[2023-11-10T11:54:16.970-0800][76860602ms] GC(23619) Humongous regions: 5->5
[2023-11-10T11:54:16.970-0800][76860602ms] GC(23619) Metaspace: 304986K->304986K(1349632K)
[2023-11-10T11:54:16.970-0800][76860602ms] GC(23619) Pause Young (Normal) (G1 Evacuation Pause) 3234M->2878M(3602M) 5.223ms
[2023-11-10T11:54:16.970-0800][76860602ms] GC(23619) User=0.00s Sys=0.00s Real=0.01s
[2023-11-10T11:54:17.435-0800][76861067ms] GC(23620) Pause Young (Normal) (G1 Evacuation Pause)
[2023-11-10T11:54:17.435-0800][76861067ms] GC(23620) Using 10 workers of 10 for evacuation
[2023-11-10T11:54:17.441-0800][76861073ms] GC(23620)   Pre Evacuate Collection Set: 0.0ms
[2023-11-10T11:54:17.441-0800][76861073ms] GC(23620)   Evacuate Collection Set: 1.7ms
[2023-11-10T11:54:17.441-0800][76861073ms] GC(23620)   Post Evacuate Collection Set: 4.1ms
[2023-11-10T11:54:17.441-0800][76861073ms] GC(23620)   Other: 0.3ms
[2023-11-10T11:54:17.441-0800][76861073ms] GC(23620) Eden regions: 178->0(178)
[2023-11-10T11:54:17.441-0800][76861073ms] GC(23620) Survivor regions: 1->1(23)
[2023-11-10T11:54:17.441-0800][76861073ms] GC(23620) Old regions: 1435->1435
[2023-11-10T11:54:17.441-0800][76861073ms] GC(23620) Humongous regions: 5->5
[2023-11-10T11:54:17.441-0800][76861073ms] GC(23620) Metaspace: 304986K->304986K(1349632K)
[2023-11-10T11:54:17.441-0800][76861073ms] GC(23620) Pause Young (Normal) (G1 Evacuation Pause) 3234M->2878M(3602M) 6.327ms
[2023-11-10T11:54:17.441-0800][76861073ms] GC(23620) User=0.00s Sys=0.00s Real=0.01s
[2023-11-10T11:54:17.904-0800][76861536ms] GC(23621) Pause Young (Normal) (G1 Evacuation Pause)
[2023-11-10T11:54:17.904-0800][76861536ms] GC(23621) Using 10 workers of 10 for evacuation
[2023-11-10T11:54:17.909-0800][76861541ms] GC(23621)   Pre Evacuate Collection Set: 0.1ms
[2023-11-10T11:54:17.909-0800][76861541ms] GC(23621)   Evacuate Collection Set: 1.7ms
[2023-11-10T11:54:17.909-0800][76861541ms] GC(23621)   Post Evacuate Collection Set: 4.0ms
[2023-11-10T11:54:17.909-0800][76861541ms] GC(23621)   Other: 0.3ms
[2023-11-10T11:54:17.909-0800][76861541ms] GC(23621) Eden regions: 178->0(178)
[2023-11-10T11:54:17.909-0800][76861541ms] GC(23621) Survivor regions: 1->1(23)
[2023-11-10T11:54:17.909-0800][76861541ms] GC(23621) Old regions: 1435->1435
[2023-11-10T11:54:17.909-0800][76861541ms] GC(23621) Humongous regions: 5->5
[2023-11-10T11:54:17.909-0800][76861541ms] GC(23621) Metaspace: 304986K->304986K(1349632K)
[2023-11-10T11:54:17.909-0800][76861541ms] GC(23621) Pause Young (Normal) (G1 Evacuation Pause) 3234M->2878M(3602M) 6.166ms
[2023-11-10T11:54:17.909-0800][76861541ms] GC(23621) User=0.00s Sys=0.00s Real=0.00s
[2023-11-10T11:54:18.420-0800][76862052ms] GC(23622) Pause Young (Normal) (G1 Evacuation Pause)
[2023-11-10T11:54:18.420-0800][76862052ms] GC(23622) Using 10 workers of 10 for evacuation
[2023-11-10T11:54:18.427-0800][76862059ms] GC(23622)   Pre Evacuate Collection Set: 0.0ms
[2023-11-10T11:54:18.427-0800][76862059ms] GC(23622)   Evacuate Collection Set: 1.8ms
[2023-11-10T11:54:18.427-0800][76862059ms] GC(23622)   Post Evacuate Collection Set: 4.5ms
[2023-11-10T11:54:18.427-0800][76862059ms] GC(23622)   Other: 0.3ms
[2023-11-10T11:54:18.427-0800][76862059ms] GC(23622) Eden regions: 178->0(178)
[2023-11-10T11:54:18.427-0800][76862059ms] GC(23622) Survivor regions: 1->1(23)
[2023-11-10T11:54:18.427-0800][76862059ms] GC(23622) Old regions: 1435->1435
[2023-11-10T11:54:18.427-0800][76862059ms] GC(23622) Humongous regions: 5->5
[2023-11-10T11:54:18.427-0800][76862059ms] GC(23622) Metaspace: 304986K->304986K(1349632K)
[2023-11-10T11:54:18.427-0800][76862059ms] GC(23622) Pause Young (Normal) (G1 Evacuation Pause) 3234M->2878M(3602M) 6.811ms
[2023-11-10T11:54:18.427-0800][76862059ms] GC(23622) User=0.00s Sys=0.00s Real=0.01s
[2023-11-10T11:54:18.866-0800][76862498ms] GC(23623) Pause Young (Normal) (G1 Evacuation Pause)
[2023-11-10T11:54:18.866-0800][76862498ms] GC(23623) Using 10 workers of 10 for evacuation
[2023-11-10T11:54:18.872-0800][76862504ms] GC(23623)   Pre Evacuate Collection Set: 0.1ms
[2023-11-10T11:54:18.872-0800][76862504ms] GC(23623)   Evacuate Collection Set: 2.0ms
[2023-11-10T11:54:18.872-0800][76862504ms] GC(23623)   Post Evacuate Collection Set: 4.0ms
[2023-11-10T11:54:18.872-0800][76862504ms] GC(23623)   Other: 0.3ms
[2023-11-10T11:54:18.873-0800][76862505ms] GC(23623) Eden regions: 178->0(178)
[2023-11-10T11:54:18.873-0800][76862505ms] GC(23623) Survivor regions: 1->1(23)
[2023-11-10T11:54:18.873-0800][76862505ms] GC(23623) Old regions: 1435->1435
[2023-11-10T11:54:18.873-0800][76862505ms] GC(23623) Humongous regions: 5->5
[2023-11-10T11:54:18.873-0800][76862505ms] GC(23623) Metaspace: 304986K->304986K(1349632K)
[2023-11-10T11:54:18.873-0800][76862505ms] GC(23623) Pause Young (Normal) (G1 Evacuation Pause) 3234M->2878M(3602M) 6.504ms
[2023-11-10T11:54:18.873-0800][76862505ms] GC(23623) User=0.00s Sys=0.00s Real=0.01s
[2023-11-10T11:54:19.296-0800][76862928ms] GC(23624) Pause Young (Normal) (G1 Evacuation Pause)
[2023-11-10T11:54:19.296-0800][76862928ms] GC(23624) Using 10 workers of 10 for evacuation
[2023-11-10T11:54:19.302-0800][76862934ms] GC(23624)   Pre Evacuate Collection Set: 0.1ms
[2023-11-10T11:54:19.302-0800][76862934ms] GC(23624)   Evacuate Collection Set: 2.4ms
[2023-11-10T11:54:19.302-0800][76862934ms] GC(23624)   Post Evacuate Collection Set: 3.6ms
[2023-11-10T11:54:19.302-0800][76862934ms] GC(23624)   Other: 0.3ms
[2023-11-10T11:54:19.302-0800][76862934ms] GC(23624) Eden regions: 178->0(178)
[2023-11-10T11:54:19.302-0800][76862934ms] GC(23624) Survivor regions: 1->1(23)
[2023-11-10T11:54:19.302-0800][76862934ms] GC(23624) Old regions: 1435->1435
[2023-11-10T11:54:19.302-0800][76862934ms] GC(23624) Humongous regions: 5->5
[2023-11-10T11:54:19.302-0800][76862934ms] GC(23624) Metaspace: 304986K->304986K(1349632K)
[2023-11-10T11:54:19.302-0800][76862934ms] GC(23624) Pause Young (Normal) (G1 Evacuation Pause) 3234M->2878M(3602M) 6.551ms
[2023-11-10T11:54:19.302-0800][76862934ms] GC(23624) User=0.00s Sys=0.00s Real=0.01s
[2023-11-10T11:54:19.763-0800][76863395ms] GC(23625) Pause Young (Normal) (G1 Evacuation Pause)
[2023-11-10T11:54:19.763-0800][76863395ms] GC(23625) Using 10 workers of 10 for evacuation
[2023-11-10T11:54:19.768-0800][76863400ms] GC(23625)   Pre Evacuate Collection Set: 0.0ms
[2023-11-10T11:54:19.768-0800][76863400ms] GC(23625)   Evacuate Collection Set: 1.7ms
[2023-11-10T11:54:19.768-0800][76863400ms] GC(23625)   Post Evacuate Collection Set: 3.2ms
[2023-11-10T11:54:19.768-0800][76863400ms] GC(23625)   Other: 0.3ms
[2023-11-10T11:54:19.768-0800][76863400ms] GC(23625) Eden regions: 178->0(178)
[2023-11-10T11:54:19.768-0800][76863400ms] GC(23625) Survivor regions: 1->1(23)
[2023-11-10T11:54:19.768-0800][76863400ms] GC(23625) Old regions: 1435->1435
[2023-11-10T11:54:19.768-0800][76863400ms] GC(23625) Humongous regions: 5->5
[2023-11-10T11:54:19.768-0800][76863400ms] GC(23625) Metaspace: 304986K->304986K(1349632K)
[2023-11-10T11:54:19.768-0800][76863400ms] GC(23625) Pause Young (Normal) (G1 Evacuation Pause) 3234M->2878M(3602M) 5.276ms
[2023-11-10T11:54:19.768-0800][76863400ms] GC(23625) User=0.00s Sys=0.00s Real=0.00s
[2023-11-10T11:54:20.172-0800][76863804ms] GC(23626) Pause Young (Normal) (G1 Evacuation Pause)
[2023-11-10T11:54:20.172-0800][76863804ms] GC(23626) Using 10 workers of 10 for evacuation
[2023-11-10T11:54:20.178-0800][76863810ms] GC(23626)   Pre Evacuate Collection Set: 0.0ms
[2023-11-10T11:54:20.178-0800][76863810ms] GC(23626)   Evacuate Collection Set: 1.7ms
[2023-11-10T11:54:20.178-0800][76863810ms] GC(23626)   Post Evacuate Collection Set: 4.1ms
[2023-11-10T11:54:20.178-0800][76863810ms] GC(23626)   Other: 0.3ms
[2023-11-10T11:54:20.178-0800][76863810ms] GC(23626) Eden regions: 178->0(178)
[2023-11-10T11:54:20.178-0800][76863810ms] GC(23626) Survivor regions: 1->1(23)
[2023-11-10T11:54:20.178-0800][76863810ms] GC(23626) Old regions: 1435->1435
[2023-11-10T11:54:20.178-0800][76863810ms] GC(23626) Humongous regions: 5->5
[2023-11-10T11:54:20.178-0800][76863810ms] GC(23626) Metaspace: 304986K->304986K(1349632K)
[2023-11-10T11:54:20.178-0800][76863810ms] GC(23626) Pause Young (Normal) (G1 Evacuation Pause) 3234M->2878M(3602M) 6.291ms
[2023-11-10T11:54:20.178-0800][76863810ms] GC(23626) User=0.00s Sys=0.00s Real=0.01s
[2023-11-10T11:54:20.654-0800][76864286ms] GC(23627) Pause Young (Normal) (G1 Evacuation Pause)
[2023-11-10T11:54:20.654-0800][76864286ms] GC(23627) Using 10 workers of 10 for evacuation
[2023-11-10T11:54:20.659-0800][76864291ms] GC(23627)   Pre Evacuate Collection Set: 0.1ms
[2023-11-10T11:54:20.659-0800][76864291ms] GC(23627)   Evacuate Collection Set: 1.7ms
[2023-11-10T11:54:20.659-0800][76864291ms] GC(23627)   Post Evacuate Collection Set: 3.5ms
[2023-11-10T11:54:20.659-0800][76864291ms] GC(23627)   Other: 0.3ms
[2023-11-10T11:54:20.659-0800][76864291ms] GC(23627) Eden regions: 178->0(178)
[2023-11-10T11:54:20.659-0800][76864291ms] GC(23627) Survivor regions: 1->1(23)
[2023-11-10T11:54:20.659-0800][76864291ms] GC(23627) Old regions: 1435->1435
[2023-11-10T11:54:20.659-0800][76864291ms] GC(23627) Humongous regions: 5->5
[2023-11-10T11:54:20.659-0800][76864291ms] GC(23627) Metaspace: 304986K->304986K(1349632K)
[2023-11-10T11:54:20.659-0800][76864291ms] GC(23627) Pause Young (Normal) (G1 Evacuation Pause) 3234M->2878M(3602M) 5.639ms
[2023-11-10T11:54:20.659-0800][76864291ms] GC(23627) User=0.00s Sys=0.00s Real=0.00s
[2023-11-10T11:54:21.126-0800][76864758ms] GC(23628) Pause Young (Normal) (G1 Evacuation Pause)
[2023-11-10T11:54:21.126-0800][76864758ms] GC(23628) Using 10 workers of 10 for evacuation
[2023-11-10T11:54:21.133-0800][76864765ms] GC(23628)   Pre Evacuate Collection Set: 0.1ms
[2023-11-10T11:54:21.133-0800][76864765ms] GC(23628)   Evacuate Collection Set: 1.7ms
[2023-11-10T11:54:21.133-0800][76864765ms] GC(23628)   Post Evacuate Collection Set: 4.3ms
[2023-11-10T11:54:21.133-0800][76864765ms] GC(23628)   Other: 0.6ms
[2023-11-10T11:54:21.133-0800][76864765ms] GC(23628) Eden regions: 178->0(178)
[2023-11-10T11:54:21.133-0800][76864765ms] GC(23628) Survivor regions: 1->1(23)
[2023-11-10T11:54:21.133-0800][76864765ms] GC(23628) Old regions: 1435->1435
[2023-11-10T11:54:21.133-0800][76864765ms] GC(23628) Humongous regions: 5->5
[2023-11-10T11:54:21.133-0800][76864765ms] GC(23628) Metaspace: 304986K->304986K(1349632K)
[2023-11-10T11:54:21.133-0800][76864765ms] GC(23628) Pause Young (Normal) (G1 Evacuation Pause) 3234M->2878M(3602M) 6.784ms
[2023-11-10T11:54:21.133-0800][76864765ms] GC(23628) User=0.02s Sys=0.00s Real=0.01s
[2023-11-10T11:54:21.637-0800][76865269ms] GC(23629) Pause Young (Normal) (G1 Evacuation Pause)
[2023-11-10T11:54:21.637-0800][76865269ms] GC(23629) Using 10 workers of 10 for evacuation
[2023-11-10T11:54:21.644-0800][76865276ms] GC(23629)   Pre Evacuate Collection Set: 0.0ms
[2023-11-10T11:54:21.645-0800][76865277ms] GC(23629)   Evacuate Collection Set: 1.7ms
[2023-11-10T11:54:21.645-0800][76865277ms] GC(23629)   Post Evacuate Collection Set: 4.6ms
[2023-11-10T11:54:21.645-0800][76865277ms] GC(23629)   Other: 0.3ms
[2023-11-10T11:54:21.645-0800][76865277ms] GC(23629) Eden regions: 178->0(178)
[2023-11-10T11:54:21.645-0800][76865277ms] GC(23629) Survivor regions: 1->1(23)
[2023-11-10T11:54:21.645-0800][76865277ms] GC(23629) Old regions: 1435->1435
[2023-11-10T11:54:21.645-0800][76865277ms] GC(23629) Humongous regions: 5->5
[2023-11-10T11:54:21.645-0800][76865277ms] GC(23629) Metaspace: 304986K->304986K(1349632K)
[2023-11-10T11:54:21.645-0800][76865277ms] GC(23629) Pause Young (Normal) (G1 Evacuation Pause) 3234M->2878M(3602M) 6.904ms
[2023-11-10T11:54:21.645-0800][76865277ms] GC(23629) User=0.00s Sys=0.00s Real=0.01s
[2023-11-10T11:54:22.176-0800][76865808ms] GC(23630) Pause Young (Normal) (G1 Evacuation Pause)
[2023-11-10T11:54:22.176-0800][76865808ms] GC(23630) Using 10 workers of 10 for evacuation
[2023-11-10T11:54:22.182-0800][76865814ms] GC(23630)   Pre Evacuate Collection Set: 0.0ms
[2023-11-10T11:54:22.182-0800][76865814ms] GC(23630)   Evacuate Collection Set: 1.7ms
[2023-11-10T11:54:22.182-0800][76865814ms] GC(23630)   Post Evacuate Collection Set: 3.0ms
[2023-11-10T11:54:22.182-0800][76865814ms] GC(23630)   Other: 0.3ms
[2023-11-10T11:54:22.182-0800][76865814ms] GC(23630) Eden regions: 178->0(178)
[2023-11-10T11:54:22.182-0800][76865814ms] GC(23630) Survivor regions: 1->1(23)
[2023-11-10T11:54:22.182-0800][76865814ms] GC(23630) Old regions: 1435->1435
[2023-11-10T11:54:22.182-0800][76865814ms] GC(23630) Humongous regions: 5->5
[2023-11-10T11:54:22.182-0800][76865814ms] GC(23630) Metaspace: 304986K->304986K(1349632K)
[2023-11-10T11:54:22.182-0800][76865814ms] GC(23630) Pause Young (Normal) (G1 Evacuation Pause) 3234M->2878M(3602M) 5.149ms
[2023-11-10T11:54:22.182-0800][76865814ms] GC(23630) User=0.06s Sys=0.00s Real=0.01s
[2023-11-10T11:54:22.655-0800][76866287ms] GC(23631) Pause Young (Normal) (G1 Evacuation Pause)
[2023-11-10T11:54:22.655-0800][76866287ms] GC(23631) Using 10 workers of 10 for evacuation
[2023-11-10T11:54:22.661-0800][76866293ms] GC(23631)   Pre Evacuate Collection Set: 0.0ms
[2023-11-10T11:54:22.661-0800][76866293ms] GC(23631)   Evacuate Collection Set: 1.6ms
[2023-11-10T11:54:22.661-0800][76866293ms] GC(23631)   Post Evacuate Collection Set: 3.6ms
[2023-11-10T11:54:22.661-0800][76866293ms] GC(23631)   Other: 0.3ms
[2023-11-10T11:54:22.661-0800][76866293ms] GC(23631) Eden regions: 178->0(178)
[2023-11-10T11:54:22.661-0800][76866293ms] GC(23631) Survivor regions: 1->1(23)
[2023-11-10T11:54:22.661-0800][76866293ms] GC(23631) Old regions: 1435->1435
[2023-11-10T11:54:22.661-0800][76866293ms] GC(23631) Humongous regions: 5->5
[2023-11-10T11:54:22.661-0800][76866293ms] GC(23631) Metaspace: 304986K->304986K(1349632K)
[2023-11-10T11:54:22.661-0800][76866293ms] GC(23631) Pause Young (Normal) (G1 Evacuation Pause) 3234M->2878M(3602M) 5.683ms
[2023-11-10T11:54:22.661-0800][76866293ms] GC(23631) User=0.00s Sys=0.00s Real=0.01s
[2023-11-10T11:54:23.038-0800][76866670ms] GC(23632) Pause Young (Normal) (G1 Evacuation Pause)
[2023-11-10T11:54:23.038-0800][76866670ms] GC(23632) Using 10 workers of 10 for evacuation
[2023-11-10T11:54:23.042-0800][76866674ms] GC(23632)   Pre Evacuate Collection Set: 0.0ms
[2023-11-10T11:54:23.043-0800][76866675ms] GC(23632)   Evacuate Collection Set: 1.7ms
[2023-11-10T11:54:23.043-0800][76866675ms] GC(23632)   Post Evacuate Collection Set: 3.0ms
[2023-11-10T11:54:23.043-0800][76866675ms] GC(23632)   Other: 0.2ms
[2023-11-10T11:54:23.043-0800][76866675ms] GC(23632) Eden regions: 178->0(178)
[2023-11-10T11:54:23.043-0800][76866675ms] GC(23632) Survivor regions: 1->1(23)
[2023-11-10T11:54:23.043-0800][76866675ms] GC(23632) Old regions: 1435->1435
[2023-11-10T11:54:23.043-0800][76866675ms] GC(23632) Humongous regions: 5->5
[2023-11-10T11:54:23.043-0800][76866675ms] GC(23632) Metaspace: 304986K->304986K(1349632K)
[2023-11-10T11:54:23.043-0800][76866675ms] GC(23632) Pause Young (Normal) (G1 Evacuation Pause) 3234M->2878M(3602M) 5.117ms
[2023-11-10T11:54:23.043-0800][76866675ms] GC(23632) User=0.00s Sys=0.00s Real=0.00s
[2023-11-10T11:54:23.478-0800][76867110ms] GC(23633) Pause Young (Normal) (G1 Evacuation Pause)
[2023-11-10T11:54:23.478-0800][76867110ms] GC(23633) Using 10 workers of 10 for evacuation
[2023-11-10T11:54:23.483-0800][76867115ms] GC(23633)   Pre Evacuate Collection Set: 0.0ms
[2023-11-10T11:54:23.483-0800][76867115ms] GC(23633)   Evacuate Collection Set: 1.7ms
[2023-11-10T11:54:23.483-0800][76867115ms] GC(23633)   Post Evacuate Collection Set: 3.5ms
[2023-11-10T11:54:23.483-0800][76867115ms] GC(23633)   Other: 0.3ms
[2023-11-10T11:54:23.483-0800][76867115ms] GC(23633) Eden regions: 178->0(178)
[2023-11-10T11:54:23.483-0800][76867115ms] GC(23633) Survivor regions: 1->1(23)
[2023-11-10T11:54:23.483-0800][76867115ms] GC(23633) Old regions: 1435->1435
[2023-11-10T11:54:23.483-0800][76867115ms] GC(23633) Humongous regions: 5->5
[2023-11-10T11:54:23.483-0800][76867115ms] GC(23633) Metaspace: 304986K->304986K(1349632K)
[2023-11-10T11:54:23.483-0800][76867115ms] GC(23633) Pause Young (Normal) (G1 Evacuation Pause) 3234M->2878M(3602M) 5.620ms
[2023-11-10T11:54:23.483-0800][76867115ms] GC(23633) User=0.00s Sys=0.00s Real=0.01s
[2023-11-10T11:54:23.956-0800][76867588ms] GC(23634) Pause Young (Normal) (G1 Evacuation Pause)
[2023-11-10T11:54:23.956-0800][76867588ms] GC(23634) Using 10 workers of 10 for evacuation
[2023-11-10T11:54:23.962-0800][76867594ms] GC(23634)   Pre Evacuate Collection Set: 0.1ms
[2023-11-10T11:54:23.962-0800][76867594ms] GC(23634)   Evacuate Collection Set: 1.8ms
[2023-11-10T11:54:23.962-0800][76867594ms] GC(23634)   Post Evacuate Collection Set: 3.1ms
[2023-11-10T11:54:23.962-0800][76867594ms] GC(23634)   Other: 0.3ms
[2023-11-10T11:54:23.962-0800][76867594ms] GC(23634) Eden regions: 178->0(178)
[2023-11-10T11:54:23.962-0800][76867594ms] GC(23634) Survivor regions: 1->1(23)
[2023-11-10T11:54:23.962-0800][76867594ms] GC(23634) Old regions: 1435->1435
[2023-11-10T11:54:23.962-0800][76867594ms] GC(23634) Humongous regions: 5->5
[2023-11-10T11:54:23.962-0800][76867594ms] GC(23634) Metaspace: 304986K->304986K(1349632K)
[2023-11-10T11:54:23.962-0800][76867594ms] GC(23634) Pause Young (Normal) (G1 Evacuation Pause) 3234M->2878M(3602M) 5.392ms
[2023-11-10T11:54:23.962-0800][76867594ms] GC(23634) User=0.02s Sys=0.00s Real=0.01s
[2023-11-10T11:54:24.431-0800][76868063ms] GC(23635) Pause Young (Normal) (G1 Evacuation Pause)
[2023-11-10T11:54:24.431-0800][76868063ms] GC(23635) Using 10 workers of 10 for evacuation
[2023-11-10T11:54:24.436-0800][76868068ms] GC(23635)   Pre Evacuate Collection Set: 0.1ms
[2023-11-10T11:54:24.436-0800][76868068ms] GC(23635)   Evacuate Collection Set: 1.9ms
[2023-11-10T11:54:24.436-0800][76868068ms] GC(23635)   Post Evacuate Collection Set: 3.2ms
[2023-11-10T11:54:24.436-0800][76868068ms] GC(23635)   Other: 0.3ms
[2023-11-10T11:54:24.436-0800][76868068ms] GC(23635) Eden regions: 178->0(178)
[2023-11-10T11:54:24.436-0800][76868068ms] GC(23635) Survivor regions: 1->1(23)
[2023-11-10T11:54:24.436-0800][76868068ms] GC(23635) Old regions: 1435->1435
[2023-11-10T11:54:24.436-0800][76868068ms] GC(23635) Humongous regions: 5->5
[2023-11-10T11:54:24.436-0800][76868068ms] GC(23635) Metaspace: 304986K->304986K(1349632K)
[2023-11-10T11:54:24.436-0800][76868068ms] GC(23635) Pause Young (Normal) (G1 Evacuation Pause) 3234M->2878M(3602M) 5.504ms
[2023-11-10T11:54:24.436-0800][76868068ms] GC(23635) User=0.00s Sys=0.00s Real=0.01s
[2023-11-10T11:54:24.892-0800][76868524ms] GC(23636) Pause Young (Normal) (G1 Evacuation Pause)
[2023-11-10T11:54:24.892-0800][76868524ms] GC(23636) Using 10 workers of 10 for evacuation
[2023-11-10T11:54:24.898-0800][76868530ms] GC(23636)   Pre Evacuate Collection Set: 0.0ms
[2023-11-10T11:54:24.898-0800][76868530ms] GC(23636)   Evacuate Collection Set: 1.8ms
[2023-11-10T11:54:24.898-0800][76868530ms] GC(23636)   Post Evacuate Collection Set: 4.0ms
[2023-11-10T11:54:24.898-0800][76868530ms] GC(23636)   Other: 0.3ms
[2023-11-10T11:54:24.898-0800][76868530ms] GC(23636) Eden regions: 178->0(178)
[2023-11-10T11:54:24.898-0800][76868530ms] GC(23636) Survivor regions: 1->1(23)
[2023-11-10T11:54:24.898-0800][76868530ms] GC(23636) Old regions: 1435->1435
[2023-11-10T11:54:24.898-0800][76868530ms] GC(23636) Humongous regions: 5->5
[2023-11-10T11:54:24.898-0800][76868530ms] GC(23636) Metaspace: 304986K->304986K(1349632K)
[2023-11-10T11:54:24.898-0800][76868530ms] GC(23636) Pause Young (Normal) (G1 Evacuation Pause) 3234M->2878M(3602M) 6.252ms
[2023-11-10T11:54:24.898-0800][76868530ms] GC(23636) User=0.00s Sys=0.00s Real=0.01s
[2023-11-10T11:54:25.389-0800][76869021ms] GC(23637) Pause Young (Normal) (G1 Evacuation Pause)
[2023-11-10T11:54:25.389-0800][76869021ms] GC(23637) Using 10 workers of 10 for evacuation
[2023-11-10T11:54:25.395-0800][76869027ms] GC(23637)   Pre Evacuate Collection Set: 0.1ms
[2023-11-10T11:54:25.395-0800][76869027ms] GC(23637)   Evacuate Collection Set: 2.0ms
[2023-11-10T11:54:25.395-0800][76869027ms] GC(23637)   Post Evacuate Collection Set: 3.3ms
[2023-11-10T11:54:25.395-0800][76869027ms] GC(23637)   Other: 0.3ms
[2023-11-10T11:54:25.395-0800][76869027ms] GC(23637) Eden regions: 178->0(178)
[2023-11-10T11:54:25.395-0800][76869027ms] GC(23637) Survivor regions: 1->1(23)
[2023-11-10T11:54:25.395-0800][76869027ms] GC(23637) Old regions: 1435->1435
[2023-11-10T11:54:25.395-0800][76869027ms] GC(23637) Humongous regions: 5->5
[2023-11-10T11:54:25.395-0800][76869027ms] GC(23637) Metaspace: 304986K->304986K(1349632K)
[2023-11-10T11:54:25.396-0800][76869028ms] GC(23637) Pause Young (Normal) (G1 Evacuation Pause) 3234M->2878M(3602M) 5.841ms
[2023-11-10T11:54:25.396-0800][76869028ms] GC(23637) User=0.00s Sys=0.00s Real=0.01s
[2023-11-10T11:54:25.846-0800][76869478ms] GC(23638) Pause Young (Normal) (G1 Evacuation Pause)
[2023-11-10T11:54:25.846-0800][76869478ms] GC(23638) Using 10 workers of 10 for evacuation
[2023-11-10T11:54:25.851-0800][76869483ms] GC(23638)   Pre Evacuate Collection Set: 0.0ms
[2023-11-10T11:54:25.851-0800][76869483ms] GC(23638)   Evacuate Collection Set: 1.7ms
[2023-11-10T11:54:25.851-0800][76869483ms] GC(23638)   Post Evacuate Collection Set: 3.5ms
[2023-11-10T11:54:25.851-0800][76869483ms] GC(23638)   Other: 0.3ms
[2023-11-10T11:54:25.851-0800][76869483ms] GC(23638) Eden regions: 178->0(178)
[2023-11-10T11:54:25.851-0800][76869483ms] GC(23638) Survivor regions: 1->1(23)
[2023-11-10T11:54:25.851-0800][76869483ms] GC(23638) Old regions: 1435->1435
[2023-11-10T11:54:25.851-0800][76869483ms] GC(23638) Humongous regions: 5->5
[2023-11-10T11:54:25.851-0800][76869483ms] GC(23638) Metaspace: 304986K->304986K(1349632K)
[2023-11-10T11:54:25.851-0800][76869483ms] GC(23638) Pause Young (Normal) (G1 Evacuation Pause) 3234M->2878M(3602M) 5.534ms
[2023-11-10T11:54:25.851-0800][76869483ms] GC(23638) User=0.00s Sys=0.00s Real=0.01s
[2023-11-10T11:54:26.319-0800][76869951ms] GC(23639) Pause Young (Normal) (G1 Evacuation Pause)
[2023-11-10T11:54:26.319-0800][76869951ms] GC(23639) Using 10 workers of 10 for evacuation
[2023-11-10T11:54:26.325-0800][76869957ms] GC(23639)   Pre Evacuate Collection Set: 0.0ms
[2023-11-10T11:54:26.325-0800][76869957ms] GC(23639)   Evacuate Collection Set: 2.0ms
[2023-11-10T11:54:26.326-0800][76869958ms] GC(23639)   Post Evacuate Collection Set: 3.8ms
[2023-11-10T11:54:26.326-0800][76869958ms] GC(23639)   Other: 0.3ms
[2023-11-10T11:54:26.326-0800][76869958ms] GC(23639) Eden regions: 178->0(178)
[2023-11-10T11:54:26.326-0800][76869958ms] GC(23639) Survivor regions: 1->1(23)
[2023-11-10T11:54:26.326-0800][76869958ms] GC(23639) Old regions: 1435->1435
[2023-11-10T11:54:26.326-0800][76869958ms] GC(23639) Humongous regions: 5->5
[2023-11-10T11:54:26.326-0800][76869958ms] GC(23639) Metaspace: 304986K->304986K(1349632K)
[2023-11-10T11:54:26.326-0800][76869958ms] GC(23639) Pause Young (Normal) (G1 Evacuation Pause) 3234M->2879M(3602M) 6.207ms
[2023-11-10T11:54:26.326-0800][76869958ms] GC(23639) User=0.05s Sys=0.00s Real=0.01s
[2023-11-10T11:54:26.737-0800][76870369ms] GC(23640) Pause Young (Normal) (G1 Evacuation Pause)
[2023-11-10T11:54:26.737-0800][76870369ms] GC(23640) Using 10 workers of 10 for evacuation
[2023-11-10T11:54:26.742-0800][76870374ms] GC(23640)   Pre Evacuate Collection Set: 0.0ms
[2023-11-10T11:54:26.742-0800][76870374ms] GC(23640)   Evacuate Collection Set: 1.6ms
[2023-11-10T11:54:26.742-0800][76870374ms] GC(23640)   Post Evacuate Collection Set: 3.2ms
[2023-11-10T11:54:26.742-0800][76870374ms] GC(23640)   Other: 0.3ms
[2023-11-10T11:54:26.742-0800][76870374ms] GC(23640) Eden regions: 178->0(178)
[2023-11-10T11:54:26.742-0800][76870374ms] GC(23640) Survivor regions: 1->1(23)
[2023-11-10T11:54:26.742-0800][76870374ms] GC(23640) Old regions: 1435->1435
[2023-11-10T11:54:26.742-0800][76870374ms] GC(23640) Humongous regions: 5->5
[2023-11-10T11:54:26.742-0800][76870374ms] GC(23640) Metaspace: 304986K->304986K(1349632K)
[2023-11-10T11:54:26.742-0800][76870374ms] GC(23640) Pause Young (Normal) (G1 Evacuation Pause) 3235M->2879M(3602M) 5.245ms
[2023-11-10T11:54:26.742-0800][76870374ms] GC(23640) User=0.00s Sys=0.00s Real=0.01s
[2023-11-10T11:54:27.096-0800][76870728ms] GC(23641) Pause Young (Normal) (G1 Evacuation Pause)
[2023-11-10T11:54:27.096-0800][76870728ms] GC(23641) Using 10 workers of 10 for evacuation
[2023-11-10T11:54:27.102-0800][76870734ms] GC(23641)   Pre Evacuate Collection Set: 0.0ms
[2023-11-10T11:54:27.102-0800][76870734ms] GC(23641)   Evacuate Collection Set: 1.6ms
[2023-11-10T11:54:27.102-0800][76870734ms] GC(23641)   Post Evacuate Collection Set: 3.1ms
[2023-11-10T11:54:27.102-0800][76870734ms] GC(23641)   Other: 0.2ms
[2023-11-10T11:54:27.102-0800][76870734ms] GC(23641) Eden regions: 178->0(178)
[2023-11-10T11:54:27.102-0800][76870734ms] GC(23641) Survivor regions: 1->1(23)
[2023-11-10T11:54:27.102-0800][76870734ms] GC(23641) Old regions: 1435->1435
[2023-11-10T11:54:27.102-0800][76870734ms] GC(23641) Humongous regions: 5->5
[2023-11-10T11:54:27.102-0800][76870734ms] GC(23641) Metaspace: 304986K->304986K(1349632K)
[2023-11-10T11:54:27.102-0800][76870734ms] GC(23641) Pause Young (Normal) (G1 Evacuation Pause) 3235M->2878M(3602M) 5.096ms
[2023-11-10T11:54:27.102-0800][76870734ms] GC(23641) User=0.02s Sys=0.00s Real=0.01s
[2023-11-10T11:54:27.541-0800][76871173ms] GC(23642) Pause Young (Normal) (G1 Evacuation Pause)
[2023-11-10T11:54:27.541-0800][76871173ms] GC(23642) Using 10 workers of 10 for evacuation
[2023-11-10T11:54:27.545-0800][76871177ms] GC(23642)   Pre Evacuate Collection Set: 0.0ms
[2023-11-10T11:54:27.545-0800][76871177ms] GC(23642)   Evacuate Collection Set: 1.7ms
[2023-11-10T11:54:27.545-0800][76871177ms] GC(23642)   Post Evacuate Collection Set: 3.2ms
[2023-11-10T11:54:27.546-0800][76871178ms] GC(23642)   Other: 0.3ms
[2023-11-10T11:54:27.546-0800][76871178ms] GC(23642) Eden regions: 178->0(178)
[2023-11-10T11:54:27.546-0800][76871178ms] GC(23642) Survivor regions: 1->1(23)
[2023-11-10T11:54:27.546-0800][76871178ms] GC(23642) Old regions: 1435->1435
[2023-11-10T11:54:27.546-0800][76871178ms] GC(23642) Humongous regions: 5->5
[2023-11-10T11:54:27.546-0800][76871178ms] GC(23642) Metaspace: 304986K->304986K(1349632K)
[2023-11-10T11:54:27.546-0800][76871178ms] GC(23642) Pause Young (Normal) (G1 Evacuation Pause) 3234M->2879M(3602M) 5.401ms
[2023-11-10T11:54:27.546-0800][76871178ms] GC(23642) User=0.00s Sys=0.00s Real=0.01s
[2023-11-10T11:54:27.956-0800][76871588ms] GC(23643) Pause Young (Normal) (G1 Evacuation Pause)
[2023-11-10T11:54:27.956-0800][76871588ms] GC(23643) Using 10 workers of 10 for evacuation
[2023-11-10T11:54:27.963-0800][76871595ms] GC(23643)   Pre Evacuate Collection Set: 0.1ms
[2023-11-10T11:54:27.963-0800][76871595ms] GC(23643)   Evacuate Collection Set: 2.2ms
[2023-11-10T11:54:27.963-0800][76871595ms] GC(23643)   Post Evacuate Collection Set: 3.8ms
[2023-11-10T11:54:27.963-0800][76871595ms] GC(23643)   Other: 0.3ms
[2023-11-10T11:54:27.963-0800][76871595ms] GC(23643) Eden regions: 178->0(178)
[2023-11-10T11:54:27.963-0800][76871595ms] GC(23643) Survivor regions: 1->1(23)
[2023-11-10T11:54:27.963-0800][76871595ms] GC(23643) Old regions: 1435->1435
[2023-11-10T11:54:27.963-0800][76871595ms] GC(23643) Humongous regions: 5->5
[2023-11-10T11:54:27.963-0800][76871595ms] GC(23643) Metaspace: 304986K->304986K(1349632K)
[2023-11-10T11:54:27.963-0800][76871595ms] GC(23643) Pause Young (Normal) (G1 Evacuation Pause) 3235M->2879M(3602M) 6.493ms
[2023-11-10T11:54:27.963-0800][76871595ms] GC(23643) User=0.00s Sys=0.00s Real=0.01s
[2023-11-10T11:54:28.441-0800][76872073ms] GC(23644) Pause Young (Normal) (G1 Evacuation Pause)
[2023-11-10T11:54:28.441-0800][76872073ms] GC(23644) Using 10 workers of 10 for evacuation
[2023-11-10T11:54:28.447-0800][76872079ms] GC(23644)   Pre Evacuate Collection Set: 0.0ms
[2023-11-10T11:54:28.447-0800][76872079ms] GC(23644)   Evacuate Collection Set: 1.7ms
[2023-11-10T11:54:28.447-0800][76872079ms] GC(23644)   Post Evacuate Collection Set: 3.5ms
[2023-11-10T11:54:28.447-0800][76872079ms] GC(23644)   Other: 0.3ms
[2023-11-10T11:54:28.447-0800][76872079ms] GC(23644) Eden regions: 178->0(178)
[2023-11-10T11:54:28.447-0800][76872079ms] GC(23644) Survivor regions: 1->1(23)
[2023-11-10T11:54:28.447-0800][76872079ms] GC(23644) Old regions: 1435->1435
[2023-11-10T11:54:28.447-0800][76872079ms] GC(23644) Humongous regions: 5->5
[2023-11-10T11:54:28.447-0800][76872079ms] GC(23644) Metaspace: 304986K->304986K(1349632K)
[2023-11-10T11:54:28.447-0800][76872079ms] GC(23644) Pause Young (Normal) (G1 Evacuation Pause) 3235M->2879M(3602M) 5.627ms
[2023-11-10T11:54:28.447-0800][76872079ms] GC(23644) User=0.00s Sys=0.00s Real=0.01s
[2023-11-10T11:54:28.884-0800][76872516ms] GC(23645) Pause Young (Normal) (G1 Evacuation Pause)
[2023-11-10T11:54:28.884-0800][76872516ms] GC(23645) Using 10 workers of 10 for evacuation
[2023-11-10T11:54:28.888-0800][76872520ms] GC(23645)   Pre Evacuate Collection Set: 0.1ms
[2023-11-10T11:54:28.889-0800][76872521ms] GC(23645)   Evacuate Collection Set: 1.7ms
[2023-11-10T11:54:28.889-0800][76872521ms] GC(23645)   Post Evacuate Collection Set: 3.2ms
[2023-11-10T11:54:28.889-0800][76872521ms] GC(23645)   Other: 0.3ms
[2023-11-10T11:54:28.889-0800][76872521ms] GC(23645) Eden regions: 178->0(177)
[2023-11-10T11:54:28.889-0800][76872521ms] GC(23645) Survivor regions: 1->1(23)
[2023-11-10T11:54:28.889-0800][76872521ms] GC(23645) Old regions: 1435->1435
[2023-11-10T11:54:28.889-0800][76872521ms] GC(23645) Humongous regions: 5->5
[2023-11-10T11:54:28.889-0800][76872521ms] GC(23645) Metaspace: 304986K->304986K(1349632K)
[2023-11-10T11:54:28.889-0800][76872521ms] GC(23645) Pause Young (Normal) (G1 Evacuation Pause) 3235M->2880M(3602M) 5.437ms
[2023-11-10T11:54:28.889-0800][76872521ms] GC(23645) User=0.00s Sys=0.00s Real=0.00s
[2023-11-10T11:54:29.378-0800][76873010ms] GC(23646) Pause Young (Normal) (G1 Evacuation Pause)
[2023-11-10T11:54:29.380-0800][76873012ms] GC(23646) Using 10 workers of 10 for evacuation
[2023-11-10T11:54:29.384-0800][76873016ms] GC(23646)   Pre Evacuate Collection Set: 0.0ms
[2023-11-10T11:54:29.384-0800][76873016ms] GC(23646)   Evacuate Collection Set: 1.8ms
[2023-11-10T11:54:29.384-0800][76873016ms] GC(23646)   Post Evacuate Collection Set: 3.1ms
[2023-11-10T11:54:29.384-0800][76873016ms] GC(23646)   Other: 0.3ms
[2023-11-10T11:54:29.384-0800][76873016ms] GC(23646) Eden regions: 177->0(177)
[2023-11-10T11:54:29.384-0800][76873016ms] GC(23646) Survivor regions: 1->1(23)
[2023-11-10T11:54:29.384-0800][76873016ms] GC(23646) Old regions: 1435->1435
[2023-11-10T11:54:29.384-0800][76873016ms] GC(23646) Humongous regions: 5->5
[2023-11-10T11:54:29.384-0800][76873016ms] GC(23646) Metaspace: 304986K->304986K(1349632K)
[2023-11-10T11:54:29.384-0800][76873016ms] GC(23646) Pause Young (Normal) (G1 Evacuation Pause) 3234M->2879M(3602M) 5.227ms
[2023-11-10T11:54:29.385-0800][76873017ms] GC(23646) User=0.00s Sys=0.00s Real=0.01s
[2023-11-10T11:54:29.828-0800][76873460ms] GC(23647) Pause Young (Normal) (G1 Evacuation Pause)
[2023-11-10T11:54:29.828-0800][76873460ms] GC(23647) Using 10 workers of 10 for evacuation
[2023-11-10T11:54:29.836-0800][76873468ms] GC(23647)   Pre Evacuate Collection Set: 0.1ms
[2023-11-10T11:54:29.836-0800][76873468ms] GC(23647)   Evacuate Collection Set: 2.6ms
[2023-11-10T11:54:29.836-0800][76873468ms] GC(23647)   Post Evacuate Collection Set: 5.0ms
[2023-11-10T11:54:29.836-0800][76873468ms] GC(23647)   Other: 0.5ms
[2023-11-10T11:54:29.836-0800][76873468ms] GC(23647) Eden regions: 177->0(177)
[2023-11-10T11:54:29.836-0800][76873468ms] GC(23647) Survivor regions: 1->1(23)
[2023-11-10T11:54:29.836-0800][76873468ms] GC(23647) Old regions: 1435->1435
[2023-11-10T11:54:29.836-0800][76873468ms] GC(23647) Humongous regions: 5->5
[2023-11-10T11:54:29.836-0800][76873468ms] GC(23647) Metaspace: 304986K->304986K(1349632K)
[2023-11-10T11:54:29.836-0800][76873468ms] GC(23647) Pause Young (Normal) (G1 Evacuation Pause) 3233M->2879M(3602M) 8.283ms
[2023-11-10T11:54:29.836-0800][76873468ms] GC(23647) User=0.00s Sys=0.00s Real=0.01s
[2023-11-10T11:54:30.268-0800][76873900ms] GC(23648) Pause Young (Normal) (G1 Evacuation Pause)
[2023-11-10T11:54:30.268-0800][76873900ms] GC(23648) Using 10 workers of 10 for evacuation
[2023-11-10T11:54:30.275-0800][76873907ms] GC(23648)   Pre Evacuate Collection Set: 0.1ms
[2023-11-10T11:54:30.275-0800][76873907ms] GC(23648)   Evacuate Collection Set: 2.6ms
[2023-11-10T11:54:30.275-0800][76873907ms] GC(23648)   Post Evacuate Collection Set: 3.4ms
[2023-11-10T11:54:30.275-0800][76873907ms] GC(23648)   Other: 0.4ms
[2023-11-10T11:54:30.275-0800][76873907ms] GC(23648) Eden regions: 177->0(177)
[2023-11-10T11:54:30.275-0800][76873907ms] GC(23648) Survivor regions: 1->1(23)
[2023-11-10T11:54:30.275-0800][76873907ms] GC(23648) Old regions: 1435->1435
[2023-11-10T11:54:30.275-0800][76873907ms] GC(23648) Humongous regions: 5->5
[2023-11-10T11:54:30.275-0800][76873907ms] GC(23648) Metaspace: 304986K->304986K(1349632K)
[2023-11-10T11:54:30.275-0800][76873907ms] GC(23648) Pause Young (Normal) (G1 Evacuation Pause) 3233M->2879M(3602M) 6.493ms
[2023-11-10T11:54:30.275-0800][76873907ms] GC(23648) User=0.02s Sys=0.00s Real=0.01s
[2023-11-10T11:54:30.714-0800][76874346ms] GC(23649) Pause Young (Normal) (G1 Evacuation Pause)
[2023-11-10T11:54:30.714-0800][76874346ms] GC(23649) Using 10 workers of 10 for evacuation
[2023-11-10T11:54:30.720-0800][76874352ms] GC(23649)   Pre Evacuate Collection Set: 0.0ms
[2023-11-10T11:54:30.720-0800][76874352ms] GC(23649)   Evacuate Collection Set: 2.2ms
[2023-11-10T11:54:30.720-0800][76874352ms] GC(23649)   Post Evacuate Collection Set: 4.6ms
[2023-11-10T11:54:30.720-0800][76874352ms] GC(23649)   Other: 0.3ms
[2023-11-10T11:54:30.720-0800][76874352ms] GC(23649) Eden regions: 177->0(177)
[2023-11-10T11:54:30.720-0800][76874352ms] GC(23649) Survivor regions: 1->1(23)
[2023-11-10T11:54:30.720-0800][76874352ms] GC(23649) Old regions: 1435->1435
[2023-11-10T11:54:30.720-0800][76874352ms] GC(23649) Humongous regions: 5->5
[2023-11-10T11:54:30.720-0800][76874352ms] GC(23649) Metaspace: 304986K->304986K(1349632K)
[2023-11-10T11:54:30.720-0800][76874352ms] GC(23649) Pause Young (Normal) (G1 Evacuation Pause) 3233M->2879M(3602M) 7.243ms
[2023-11-10T11:54:30.720-0800][76874352ms] GC(23649) User=0.00s Sys=0.00s Real=0.01s
[2023-11-10T11:54:31.257-0800][76874889ms] GC(23650) Pause Young (Normal) (G1 Evacuation Pause)
[2023-11-10T11:54:31.257-0800][76874889ms] GC(23650) Using 10 workers of 10 for evacuation
[2023-11-10T11:54:31.265-0800][76874897ms] GC(23650)   Pre Evacuate Collection Set: 0.1ms
[2023-11-10T11:54:31.265-0800][76874897ms] GC(23650)   Evacuate Collection Set: 2.6ms
[2023-11-10T11:54:31.265-0800][76874897ms] GC(23650)   Post Evacuate Collection Set: 4.7ms
[2023-11-10T11:54:31.265-0800][76874897ms] GC(23650)   Other: 0.3ms
[2023-11-10T11:54:31.265-0800][76874897ms] GC(23650) Eden regions: 177->0(177)
[2023-11-10T11:54:31.265-0800][76874897ms] GC(23650) Survivor regions: 1->1(23)
[2023-11-10T11:54:31.265-0800][76874897ms] GC(23650) Old regions: 1435->1435
[2023-11-10T11:54:31.265-0800][76874897ms] GC(23650) Humongous regions: 5->5
[2023-11-10T11:54:31.265-0800][76874897ms] GC(23650) Metaspace: 304986K->304986K(1349632K)
[2023-11-10T11:54:31.265-0800][76874897ms] GC(23650) Pause Young (Normal) (G1 Evacuation Pause) 3233M->2879M(3602M) 7.826ms
[2023-11-10T11:54:31.265-0800][76874897ms] GC(23650) User=0.00s Sys=0.00s Real=0.01s
[2023-11-10T11:54:31.703-0800][76875335ms] GC(23651) Pause Young (Normal) (G1 Evacuation Pause)
[2023-11-10T11:54:31.703-0800][76875335ms] GC(23651) Using 10 workers of 10 for evacuation
[2023-11-10T11:54:31.711-0800][76875343ms] GC(23651)   Pre Evacuate Collection Set: 0.1ms
[2023-11-10T11:54:31.711-0800][76875343ms] GC(23651)   Evacuate Collection Set: 2.4ms
[2023-11-10T11:54:31.711-0800][76875343ms] GC(23651)   Post Evacuate Collection Set: 6.2ms
[2023-11-10T11:54:31.712-0800][76875344ms] GC(23651)   Other: 0.4ms
[2023-11-10T11:54:31.712-0800][76875344ms] GC(23651) Eden regions: 177->0(177)
[2023-11-10T11:54:31.712-0800][76875344ms] GC(23651) Survivor regions: 1->1(23)
[2023-11-10T11:54:31.712-0800][76875344ms] GC(23651) Old regions: 1435->1435
[2023-11-10T11:54:31.712-0800][76875344ms] GC(23651) Humongous regions: 5->5
[2023-11-10T11:54:31.712-0800][76875344ms] GC(23651) Metaspace: 304986K->304986K(1349632K)
[2023-11-10T11:54:31.712-0800][76875344ms] GC(23651) Pause Young (Normal) (G1 Evacuation Pause) 3233M->2879M(3602M) 9.226ms
[2023-11-10T11:54:31.712-0800][76875344ms] GC(23651) User=0.00s Sys=0.00s Real=0.01s
[2023-11-10T11:54:32.205-0800][76875837ms] GC(23652) Pause Young (Normal) (G1 Evacuation Pause)
[2023-11-10T11:54:32.205-0800][76875837ms] GC(23652) Using 10 workers of 10 for evacuation
[2023-11-10T11:54:32.214-0800][76875846ms] GC(23652)   Pre Evacuate Collection Set: 0.0ms
[2023-11-10T11:54:32.214-0800][76875846ms] GC(23652)   Evacuate Collection Set: 1.7ms
[2023-11-10T11:54:32.214-0800][76875846ms] GC(23652)   Post Evacuate Collection Set: 7.2ms
[2023-11-10T11:54:32.214-0800][76875846ms] GC(23652)   Other: 0.3ms
[2023-11-10T11:54:32.214-0800][76875846ms] GC(23652) Eden regions: 177->0(177)
[2023-11-10T11:54:32.214-0800][76875846ms] GC(23652) Survivor regions: 1->1(23)
[2023-11-10T11:54:32.214-0800][76875846ms] GC(23652) Old regions: 1435->1435
[2023-11-10T11:54:32.214-0800][76875846ms] GC(23652) Humongous regions: 5->5
[2023-11-10T11:54:32.214-0800][76875846ms] GC(23652) Metaspace: 304986K->304986K(1349632K)
[2023-11-10T11:54:32.214-0800][76875846ms] GC(23652) Pause Young (Normal) (G1 Evacuation Pause) 3233M->2879M(3602M) 9.388ms
[2023-11-10T11:54:32.214-0800][76875846ms] GC(23652) User=0.02s Sys=0.00s Real=0.01s
[2023-11-10T11:54:32.622-0800][76876254ms] GC(23653) Pause Young (Normal) (G1 Evacuation Pause)
[2023-11-10T11:54:32.622-0800][76876254ms] GC(23653) Using 10 workers of 10 for evacuation
[2023-11-10T11:54:32.630-0800][76876262ms] GC(23653)   Pre Evacuate Collection Set: 0.1ms
[2023-11-10T11:54:32.630-0800][76876262ms] GC(23653)   Evacuate Collection Set: 2.2ms
[2023-11-10T11:54:32.630-0800][76876262ms] GC(23653)   Post Evacuate Collection Set: 4.6ms
[2023-11-10T11:54:32.630-0800][76876262ms] GC(23653)   Other: 0.4ms
[2023-11-10T11:54:32.630-0800][76876262ms] GC(23653) Eden regions: 177->0(177)
[2023-11-10T11:54:32.630-0800][76876262ms] GC(23653) Survivor regions: 1->1(23)
[2023-11-10T11:54:32.630-0800][76876262ms] GC(23653) Old regions: 1435->1435
[2023-11-10T11:54:32.630-0800][76876262ms] GC(23653) Humongous regions: 5->5
[2023-11-10T11:54:32.630-0800][76876262ms] GC(23653) Metaspace: 304986K->304986K(1349632K)
[2023-11-10T11:54:32.630-0800][76876262ms] GC(23653) Pause Young (Normal) (G1 Evacuation Pause) 3233M->2879M(3602M) 7.481ms
[2023-11-10T11:54:32.630-0800][76876262ms] GC(23653) User=0.00s Sys=0.00s Real=0.01s
[2023-11-10T11:54:33.046-0800][76876678ms] GC(23654) Pause Young (Normal) (G1 Evacuation Pause)
[2023-11-10T11:54:33.046-0800][76876678ms] GC(23654) Using 10 workers of 10 for evacuation
[2023-11-10T11:54:33.051-0800][76876683ms] GC(23654)   Pre Evacuate Collection Set: 0.1ms
[2023-11-10T11:54:33.051-0800][76876683ms] GC(23654)   Evacuate Collection Set: 1.7ms
[2023-11-10T11:54:33.051-0800][76876683ms] GC(23654)   Post Evacuate Collection Set: 3.3ms
[2023-11-10T11:54:33.051-0800][76876683ms] GC(23654)   Other: 0.3ms
[2023-11-10T11:54:33.051-0800][76876683ms] GC(23654) Eden regions: 177->0(177)
[2023-11-10T11:54:33.051-0800][76876683ms] GC(23654) Survivor regions: 1->1(23)
[2023-11-10T11:54:33.051-0800][76876683ms] GC(23654) Old regions: 1435->1435
[2023-11-10T11:54:33.051-0800][76876683ms] GC(23654) Humongous regions: 5->5
[2023-11-10T11:54:33.051-0800][76876683ms] GC(23654) Metaspace: 304986K->304986K(1349632K)
[2023-11-10T11:54:33.051-0800][76876683ms] GC(23654) Pause Young (Normal) (G1 Evacuation Pause) 3233M->2879M(3602M) 5.421ms
[2023-11-10T11:54:33.051-0800][76876683ms] GC(23654) User=0.00s Sys=0.00s Real=0.01s
[2023-11-10T11:54:33.490-0800][76877122ms] GC(23655) Pause Young (Normal) (G1 Evacuation Pause)
[2023-11-10T11:54:33.490-0800][76877122ms] GC(23655) Using 10 workers of 10 for evacuation
[2023-11-10T11:54:33.496-0800][76877128ms] GC(23655)   Pre Evacuate Collection Set: 0.1ms
[2023-11-10T11:54:33.496-0800][76877128ms] GC(23655)   Evacuate Collection Set: 2.1ms
[2023-11-10T11:54:33.496-0800][76877128ms] GC(23655)   Post Evacuate Collection Set: 3.4ms
[2023-11-10T11:54:33.496-0800][76877128ms] GC(23655)   Other: 0.3ms
[2023-11-10T11:54:33.496-0800][76877128ms] GC(23655) Eden regions: 177->0(177)
[2023-11-10T11:54:33.496-0800][76877128ms] GC(23655) Survivor regions: 1->1(23)
[2023-11-10T11:54:33.496-0800][76877128ms] GC(23655) Old regions: 1435->1435
[2023-11-10T11:54:33.496-0800][76877128ms] GC(23655) Humongous regions: 5->5
[2023-11-10T11:54:33.496-0800][76877128ms] GC(23655) Metaspace: 304986K->304986K(1349632K)
[2023-11-10T11:54:33.496-0800][76877128ms] GC(23655) Pause Young (Normal) (G1 Evacuation Pause) 3233M->2879M(3602M) 5.917ms
[2023-11-10T11:54:33.496-0800][76877128ms] GC(23655) User=0.06s Sys=0.00s Real=0.01s
[2023-11-10T11:54:33.923-0800][76877555ms] GC(23656) Pause Young (Normal) (G1 Evacuation Pause)
[2023-11-10T11:54:33.923-0800][76877555ms] GC(23656) Using 10 workers of 10 for evacuation
[2023-11-10T11:54:33.929-0800][76877561ms] GC(23656)   Pre Evacuate Collection Set: 0.1ms
[2023-11-10T11:54:33.929-0800][76877561ms] GC(23656)   Evacuate Collection Set: 2.1ms
[2023-11-10T11:54:33.929-0800][76877561ms] GC(23656)   Post Evacuate Collection Set: 3.6ms
[2023-11-10T11:54:33.929-0800][76877561ms] GC(23656)   Other: 0.4ms
[2023-11-10T11:54:33.929-0800][76877561ms] GC(23656) Eden regions: 177->0(177)
[2023-11-10T11:54:33.929-0800][76877561ms] GC(23656) Survivor regions: 1->1(23)
[2023-11-10T11:54:33.929-0800][76877561ms] GC(23656) Old regions: 1435->1435
[2023-11-10T11:54:33.929-0800][76877561ms] GC(23656) Humongous regions: 5->5
[2023-11-10T11:54:33.929-0800][76877561ms] GC(23656) Metaspace: 304986K->304986K(1349632K)
[2023-11-10T11:54:33.929-0800][76877561ms] GC(23656) Pause Young (Normal) (G1 Evacuation Pause) 3233M->2879M(3602M) 6.327ms
[2023-11-10T11:54:33.929-0800][76877561ms] GC(23656) User=0.00s Sys=0.00s Real=0.01s
[2023-11-10T11:54:34.298-0800][76877930ms] GC(23657) Pause Young (Normal) (G1 Evacuation Pause)
[2023-11-10T11:54:34.298-0800][76877930ms] GC(23657) Using 10 workers of 10 for evacuation
[2023-11-10T11:54:34.303-0800][76877935ms] GC(23657)   Pre Evacuate Collection Set: 0.0ms
[2023-11-10T11:54:34.303-0800][76877935ms] GC(23657)   Evacuate Collection Set: 1.7ms
[2023-11-10T11:54:34.303-0800][76877935ms] GC(23657)   Post Evacuate Collection Set: 3.5ms
[2023-11-10T11:54:34.303-0800][76877935ms] GC(23657)   Other: 0.3ms
[2023-11-10T11:54:34.303-0800][76877935ms] GC(23657) Eden regions: 177->0(177)
[2023-11-10T11:54:34.303-0800][76877935ms] GC(23657) Survivor regions: 1->1(23)
[2023-11-10T11:54:34.304-0800][76877936ms] GC(23657) Old regions: 1435->1435
[2023-11-10T11:54:34.304-0800][76877936ms] GC(23657) Humongous regions: 5->5
[2023-11-10T11:54:34.304-0800][76877936ms] GC(23657) Metaspace: 304986K->304986K(1349632K)
[2023-11-10T11:54:34.304-0800][76877936ms] GC(23657) Pause Young (Normal) (G1 Evacuation Pause) 3233M->2879M(3602M) 5.646ms
[2023-11-10T11:54:34.304-0800][76877936ms] GC(23657) User=0.02s Sys=0.00s Real=0.01s
[2023-11-10T11:54:34.743-0800][76878375ms] GC(23658) Pause Young (Normal) (G1 Evacuation Pause)
[2023-11-10T11:54:34.743-0800][76878375ms] GC(23658) Using 10 workers of 10 for evacuation
[2023-11-10T11:54:34.749-0800][76878381ms] GC(23658)   Pre Evacuate Collection Set: 0.1ms
[2023-11-10T11:54:34.749-0800][76878381ms] GC(23658)   Evacuate Collection Set: 1.8ms
[2023-11-10T11:54:34.749-0800][76878381ms] GC(23658)   Post Evacuate Collection Set: 4.0ms
[2023-11-10T11:54:34.749-0800][76878381ms] GC(23658)   Other: 0.4ms
[2023-11-10T11:54:34.749-0800][76878381ms] GC(23658) Eden regions: 177->0(177)
[2023-11-10T11:54:34.749-0800][76878381ms] GC(23658) Survivor regions: 1->1(23)
[2023-11-10T11:54:34.749-0800][76878381ms] GC(23658) Old regions: 1435->1435
[2023-11-10T11:54:34.749-0800][76878381ms] GC(23658) Humongous regions: 5->5
[2023-11-10T11:54:34.749-0800][76878381ms] GC(23658) Metaspace: 304986K->304986K(1349632K)
[2023-11-10T11:54:34.749-0800][76878381ms] GC(23658) Pause Young (Normal) (G1 Evacuation Pause) 3233M->2879M(3602M) 6.410ms
[2023-11-10T11:54:34.749-0800][76878381ms] GC(23658) User=0.00s Sys=0.00s Real=0.01s
[2023-11-10T11:54:35.152-0800][76878784ms] GC(23659) Pause Young (Normal) (G1 Evacuation Pause)
[2023-11-10T11:54:35.152-0800][76878784ms] GC(23659) Using 10 workers of 10 for evacuation
[2023-11-10T11:54:35.157-0800][76878789ms] GC(23659)   Pre Evacuate Collection Set: 0.0ms
[2023-11-10T11:54:35.157-0800][76878789ms] GC(23659)   Evacuate Collection Set: 1.7ms
[2023-11-10T11:54:35.157-0800][76878789ms] GC(23659)   Post Evacuate Collection Set: 3.1ms
[2023-11-10T11:54:35.157-0800][76878789ms] GC(23659)   Other: 0.2ms
[2023-11-10T11:54:35.157-0800][76878789ms] GC(23659) Eden regions: 177->0(178)
[2023-11-10T11:54:35.157-0800][76878789ms] GC(23659) Survivor regions: 1->1(23)
[2023-11-10T11:54:35.157-0800][76878789ms] GC(23659) Old regions: 1435->1435
[2023-11-10T11:54:35.157-0800][76878789ms] GC(23659) Humongous regions: 5->5
[2023-11-10T11:54:35.157-0800][76878789ms] GC(23659) Metaspace: 304986K->304986K(1349632K)
[2023-11-10T11:54:35.157-0800][76878789ms] GC(23659) Pause Young (Normal) (G1 Evacuation Pause) 3233M->2879M(3602M) 5.135ms
[2023-11-10T11:54:35.157-0800][76878789ms] GC(23659) User=0.00s Sys=0.00s Real=0.01s
[2023-11-10T11:54:35.529-0800][76879161ms] GC(23660) Pause Young (Normal) (G1 Evacuation Pause)
[2023-11-10T11:54:35.529-0800][76879161ms] GC(23660) Using 10 workers of 10 for evacuation
[2023-11-10T11:54:35.534-0800][76879166ms] GC(23660)   Pre Evacuate Collection Set: 0.0ms
[2023-11-10T11:54:35.534-0800][76879166ms] GC(23660)   Evacuate Collection Set: 1.8ms
[2023-11-10T11:54:35.534-0800][76879166ms] GC(23660)   Post Evacuate Collection Set: 3.3ms
[2023-11-10T11:54:35.534-0800][76879166ms] GC(23660)   Other: 0.4ms
[2023-11-10T11:54:35.534-0800][76879166ms] GC(23660) Eden regions: 178->0(178)
[2023-11-10T11:54:35.534-0800][76879166ms] GC(23660) Survivor regions: 1->1(23)
[2023-11-10T11:54:35.534-0800][76879166ms] GC(23660) Old regions: 1435->1435
[2023-11-10T11:54:35.534-0800][76879166ms] GC(23660) Humongous regions: 5->5
[2023-11-10T11:54:35.534-0800][76879166ms] GC(23660) Metaspace: 304986K->304986K(1349632K)
[2023-11-10T11:54:35.534-0800][76879166ms] GC(23660) Pause Young (Normal) (G1 Evacuation Pause) 3235M->2879M(3602M) 5.680ms
[2023-11-10T11:54:35.534-0800][76879166ms] GC(23660) User=0.00s Sys=0.00s Real=0.00s
[2023-11-10T11:54:36.001-0800][76879633ms] GC(23661) Pause Young (Normal) (G1 Evacuation Pause)
[2023-11-10T11:54:36.001-0800][76879633ms] GC(23661) Using 10 workers of 10 for evacuation
[2023-11-10T11:54:36.007-0800][76879639ms] GC(23661)   Pre Evacuate Collection Set: 0.1ms
[2023-11-10T11:54:36.007-0800][76879639ms] GC(23661)   Evacuate Collection Set: 2.7ms
[2023-11-10T11:54:36.007-0800][76879639ms] GC(23661)   Post Evacuate Collection Set: 3.3ms
[2023-11-10T11:54:36.007-0800][76879639ms] GC(23661)   Other: 0.3ms
[2023-11-10T11:54:36.007-0800][76879639ms] GC(23661) Eden regions: 178->0(178)
[2023-11-10T11:54:36.007-0800][76879639ms] GC(23661) Survivor regions: 1->1(23)
[2023-11-10T11:54:36.007-0800][76879639ms] GC(23661) Old regions: 1435->1435
[2023-11-10T11:54:36.007-0800][76879639ms] GC(23661) Humongous regions: 5->5
[2023-11-10T11:54:36.007-0800][76879639ms] GC(23661) Metaspace: 304986K->304986K(1349632K)
[2023-11-10T11:54:36.007-0800][76879639ms] GC(23661) Pause Young (Normal) (G1 Evacuation Pause) 3235M->2879M(3602M) 6.467ms
[2023-11-10T11:54:36.007-0800][76879639ms] GC(23661) User=0.02s Sys=0.00s Real=0.01s
[2023-11-10T11:54:36.392-0800][76880024ms] GC(23662) Pause Young (Normal) (G1 Evacuation Pause)
[2023-11-10T11:54:36.392-0800][76880024ms] GC(23662) Using 10 workers of 10 for evacuation
[2023-11-10T11:54:36.397-0800][76880029ms] GC(23662)   Pre Evacuate Collection Set: 0.0ms
[2023-11-10T11:54:36.398-0800][76880030ms] GC(23662)   Evacuate Collection Set: 1.7ms
[2023-11-10T11:54:36.398-0800][76880030ms] GC(23662)   Post Evacuate Collection Set: 2.9ms
[2023-11-10T11:54:36.398-0800][76880030ms] GC(23662)   Other: 0.2ms
[2023-11-10T11:54:36.398-0800][76880030ms] GC(23662) Eden regions: 178->0(178)
[2023-11-10T11:54:36.398-0800][76880030ms] GC(23662) Survivor regions: 1->1(23)
[2023-11-10T11:54:36.398-0800][76880030ms] GC(23662) Old regions: 1435->1435
[2023-11-10T11:54:36.398-0800][76880030ms] GC(23662) Humongous regions: 5->5
[2023-11-10T11:54:36.398-0800][76880030ms] GC(23662) Metaspace: 304986K->304986K(1349632K)
[2023-11-10T11:54:36.398-0800][76880030ms] GC(23662) Pause Young (Normal) (G1 Evacuation Pause) 3235M->2879M(3602M) 5.007ms
[2023-11-10T11:54:36.398-0800][76880030ms] GC(23662) User=0.00s Sys=0.00s Real=0.01s
[2023-11-10T11:54:36.817-0800][76880449ms] GC(23663) Pause Young (Normal) (G1 Evacuation Pause)
[2023-11-10T11:54:36.817-0800][76880449ms] GC(23663) Using 10 workers of 10 for evacuation
[2023-11-10T11:54:36.822-0800][76880454ms] GC(23663)   Pre Evacuate Collection Set: 0.1ms
[2023-11-10T11:54:36.822-0800][76880454ms] GC(23663)   Evacuate Collection Set: 1.7ms
[2023-11-10T11:54:36.822-0800][76880454ms] GC(23663)   Post Evacuate Collection Set: 3.1ms
[2023-11-10T11:54:36.822-0800][76880454ms] GC(23663)   Other: 0.3ms
[2023-11-10T11:54:36.822-0800][76880454ms] GC(23663) Eden regions: 178->0(178)
[2023-11-10T11:54:36.822-0800][76880454ms] GC(23663) Survivor regions: 1->1(23)
[2023-11-10T11:54:36.822-0800][76880454ms] GC(23663) Old regions: 1435->1435
[2023-11-10T11:54:36.822-0800][76880454ms] GC(23663) Humongous regions: 5->5
[2023-11-10T11:54:36.822-0800][76880454ms] GC(23663) Metaspace: 304986K->304986K(1349632K)
[2023-11-10T11:54:36.822-0800][76880454ms] GC(23663) Pause Young (Normal) (G1 Evacuation Pause) 3235M->2879M(3602M) 5.180ms
[2023-11-10T11:54:36.822-0800][76880454ms] GC(23663) User=0.02s Sys=0.02s Real=0.01s
[2023-11-10T11:54:37.206-0800][76880838ms] GC(23664) Pause Young (Normal) (G1 Evacuation Pause)
[2023-11-10T11:54:37.206-0800][76880838ms] GC(23664) Using 10 workers of 10 for evacuation
[2023-11-10T11:54:37.210-0800][76880842ms] GC(23664)   Pre Evacuate Collection Set: 0.1ms
[2023-11-10T11:54:37.210-0800][76880842ms] GC(23664)   Evacuate Collection Set: 1.8ms
[2023-11-10T11:54:37.210-0800][76880842ms] GC(23664)   Post Evacuate Collection Set: 2.9ms
[2023-11-10T11:54:37.210-0800][76880842ms] GC(23664)   Other: 0.3ms
[2023-11-10T11:54:37.210-0800][76880842ms] GC(23664) Eden regions: 178->0(178)
[2023-11-10T11:54:37.210-0800][76880842ms] GC(23664) Survivor regions: 1->1(23)
[2023-11-10T11:54:37.210-0800][76880842ms] GC(23664) Old regions: 1435->1435
[2023-11-10T11:54:37.210-0800][76880842ms] GC(23664) Humongous regions: 5->5
[2023-11-10T11:54:37.210-0800][76880842ms] GC(23664) Metaspace: 304986K->304986K(1349632K)
[2023-11-10T11:54:37.210-0800][76880842ms] GC(23664) Pause Young (Normal) (G1 Evacuation Pause) 3235M->2879M(3602M) 5.153ms
[2023-11-10T11:54:37.210-0800][76880842ms] GC(23664) User=0.00s Sys=0.00s Real=0.00s
[2023-11-10T11:54:37.637-0800][76881269ms] GC(23665) Pause Young (Normal) (G1 Evacuation Pause)
[2023-11-10T11:54:37.637-0800][76881269ms] GC(23665) Using 10 workers of 10 for evacuation
[2023-11-10T11:54:37.643-0800][76881275ms] GC(23665)   Pre Evacuate Collection Set: 0.0ms
[2023-11-10T11:54:37.644-0800][76881276ms] GC(23665)   Evacuate Collection Set: 1.7ms
[2023-11-10T11:54:37.644-0800][76881276ms] GC(23665)   Post Evacuate Collection Set: 3.4ms
[2023-11-10T11:54:37.644-0800][76881276ms] GC(23665)   Other: 0.3ms
[2023-11-10T11:54:37.644-0800][76881276ms] GC(23665) Eden regions: 178->0(178)
[2023-11-10T11:54:37.644-0800][76881276ms] GC(23665) Survivor regions: 1->1(23)
[2023-11-10T11:54:37.644-0800][76881276ms] GC(23665) Old regions: 1435->1435
[2023-11-10T11:54:37.644-0800][76881276ms] GC(23665) Humongous regions: 5->5
[2023-11-10T11:54:37.644-0800][76881276ms] GC(23665) Metaspace: 304986K->304986K(1349632K)
[2023-11-10T11:54:37.644-0800][76881276ms] GC(23665) Pause Young (Normal) (G1 Evacuation Pause) 3235M->2880M(3602M) 5.546ms
[2023-11-10T11:54:37.644-0800][76881276ms] GC(23665) User=0.00s Sys=0.00s Real=0.01s
[2023-11-10T11:54:38.090-0800][76881722ms] GC(23666) Pause Young (Normal) (G1 Evacuation Pause)
[2023-11-10T11:54:38.090-0800][76881722ms] GC(23666) Using 10 workers of 10 for evacuation
[2023-11-10T11:54:38.095-0800][76881727ms] GC(23666)   Pre Evacuate Collection Set: 0.0ms
[2023-11-10T11:54:38.095-0800][76881727ms] GC(23666)   Evacuate Collection Set: 1.7ms
[2023-11-10T11:54:38.095-0800][76881727ms] GC(23666)   Post Evacuate Collection Set: 3.0ms
[2023-11-10T11:54:38.095-0800][76881727ms] GC(23666)   Other: 0.3ms
[2023-11-10T11:54:38.095-0800][76881727ms] GC(23666) Eden regions: 178->0(178)
[2023-11-10T11:54:38.095-0800][76881727ms] GC(23666) Survivor regions: 1->1(23)
[2023-11-10T11:54:38.095-0800][76881727ms] GC(23666) Old regions: 1435->1435
[2023-11-10T11:54:38.095-0800][76881727ms] GC(23666) Humongous regions: 5->5
[2023-11-10T11:54:38.095-0800][76881727ms] GC(23666) Metaspace: 304986K->304986K(1349632K)
[2023-11-10T11:54:38.095-0800][76881727ms] GC(23666) Pause Young (Normal) (G1 Evacuation Pause) 3236M->2880M(3602M) 5.067ms
[2023-11-10T11:54:38.095-0800][76881727ms] GC(23666) User=0.00s Sys=0.00s Real=0.01s
[2023-11-10T11:54:38.536-0800][76882168ms] GC(23667) Pause Young (Normal) (G1 Evacuation Pause)
[2023-11-10T11:54:38.536-0800][76882168ms] GC(23667) Using 10 workers of 10 for evacuation
[2023-11-10T11:54:38.541-0800][76882173ms] GC(23667)   Pre Evacuate Collection Set: 0.0ms
[2023-11-10T11:54:38.541-0800][76882173ms] GC(23667)   Evacuate Collection Set: 1.7ms
[2023-11-10T11:54:38.541-0800][76882173ms] GC(23667)   Post Evacuate Collection Set: 3.1ms
[2023-11-10T11:54:38.541-0800][76882173ms] GC(23667)   Other: 0.3ms
[2023-11-10T11:54:38.541-0800][76882173ms] GC(23667) Eden regions: 178->0(178)
[2023-11-10T11:54:38.541-0800][76882173ms] GC(23667) Survivor regions: 1->1(23)
[2023-11-10T11:54:38.541-0800][76882173ms] GC(23667) Old regions: 1435->1435
[2023-11-10T11:54:38.541-0800][76882173ms] GC(23667) Humongous regions: 5->5
[2023-11-10T11:54:38.541-0800][76882173ms] GC(23667) Metaspace: 304986K->304986K(1349632K)
[2023-11-10T11:54:38.541-0800][76882173ms] GC(23667) Pause Young (Normal) (G1 Evacuation Pause) 3236M->2880M(3602M) 5.141ms
[2023-11-10T11:54:38.541-0800][76882173ms] GC(23667) User=0.00s Sys=0.00s Real=0.00s
[2023-11-10T11:54:39.021-0800][76882653ms] GC(23668) Pause Young (Normal) (G1 Evacuation Pause)
[2023-11-10T11:54:39.021-0800][76882653ms] GC(23668) Using 10 workers of 10 for evacuation
[2023-11-10T11:54:39.026-0800][76882658ms] GC(23668)   Pre Evacuate Collection Set: 0.1ms
[2023-11-10T11:54:39.026-0800][76882658ms] GC(23668)   Evacuate Collection Set: 1.9ms
[2023-11-10T11:54:39.026-0800][76882658ms] GC(23668)   Post Evacuate Collection Set: 3.0ms
[2023-11-10T11:54:39.026-0800][76882658ms] GC(23668)   Other: 0.3ms
[2023-11-10T11:54:39.026-0800][76882658ms] GC(23668) Eden regions: 178->0(178)
[2023-11-10T11:54:39.026-0800][76882658ms] GC(23668) Survivor regions: 1->1(23)
[2023-11-10T11:54:39.026-0800][76882658ms] GC(23668) Old regions: 1435->1435
[2023-11-10T11:54:39.026-0800][76882658ms] GC(23668) Humongous regions: 5->5
[2023-11-10T11:54:39.026-0800][76882658ms] GC(23668) Metaspace: 304986K->304986K(1349632K)
[2023-11-10T11:54:39.026-0800][76882658ms] GC(23668) Pause Young (Normal) (G1 Evacuation Pause) 3236M->2880M(3602M) 5.402ms
[2023-11-10T11:54:39.026-0800][76882658ms] GC(23668) User=0.05s Sys=0.00s Real=0.01s
[2023-11-10T11:54:39.449-0800][76883081ms] GC(23669) Pause Young (Normal) (G1 Evacuation Pause)
[2023-11-10T11:54:39.449-0800][76883081ms] GC(23669) Using 10 workers of 10 for evacuation
[2023-11-10T11:54:39.455-0800][76883087ms] GC(23669)   Pre Evacuate Collection Set: 0.0ms
[2023-11-10T11:54:39.455-0800][76883087ms] GC(23669)   Evacuate Collection Set: 1.8ms
[2023-11-10T11:54:39.455-0800][76883087ms] GC(23669)   Post Evacuate Collection Set: 3.8ms
[2023-11-10T11:54:39.455-0800][76883087ms] GC(23669)   Other: 0.3ms
[2023-11-10T11:54:39.455-0800][76883087ms] GC(23669) Eden regions: 178->0(177)
[2023-11-10T11:54:39.455-0800][76883087ms] GC(23669) Survivor regions: 1->1(23)
[2023-11-10T11:54:39.455-0800][76883087ms] GC(23669) Old regions: 1435->1435
[2023-11-10T11:54:39.455-0800][76883087ms] GC(23669) Humongous regions: 5->5
[2023-11-10T11:54:39.455-0800][76883087ms] GC(23669) Metaspace: 304986K->304986K(1349632K)
[2023-11-10T11:54:39.455-0800][76883087ms] GC(23669) Pause Young (Normal) (G1 Evacuation Pause) 3236M->2880M(3602M) 5.975ms
[2023-11-10T11:54:39.455-0800][76883087ms] GC(23669) User=0.00s Sys=0.00s Real=0.01s
[2023-11-10T11:54:39.857-0800][76883489ms] GC(23670) Pause Young (Normal) (G1 Evacuation Pause)
[2023-11-10T11:54:39.857-0800][76883489ms] GC(23670) Using 10 workers of 10 for evacuation
[2023-11-10T11:54:39.862-0800][76883494ms] GC(23670)   Pre Evacuate Collection Set: 0.0ms
[2023-11-10T11:54:39.862-0800][76883494ms] GC(23670)   Evacuate Collection Set: 1.7ms
[2023-11-10T11:54:39.862-0800][76883494ms] GC(23670)   Post Evacuate Collection Set: 3.4ms
[2023-11-10T11:54:39.862-0800][76883494ms] GC(23670)   Other: 0.4ms
[2023-11-10T11:54:39.863-0800][76883495ms] GC(23670) Eden regions: 177->0(177)
[2023-11-10T11:54:39.863-0800][76883495ms] GC(23670) Survivor regions: 1->1(23)
[2023-11-10T11:54:39.863-0800][76883495ms] GC(23670) Old regions: 1435->1435
[2023-11-10T11:54:39.863-0800][76883495ms] GC(23670) Humongous regions: 5->5
[2023-11-10T11:54:39.863-0800][76883495ms] GC(23670) Metaspace: 304986K->304986K(1349632K)
[2023-11-10T11:54:39.863-0800][76883495ms] GC(23670) Pause Young (Normal) (G1 Evacuation Pause) 3234M->2880M(3602M) 5.615ms
[2023-11-10T11:54:39.863-0800][76883495ms] GC(23670) User=0.00s Sys=0.00s Real=0.01s
[2023-11-10T11:54:40.232-0800][76883864ms] GC(23671) Pause Young (Normal) (G1 Evacuation Pause)
[2023-11-10T11:54:40.232-0800][76883864ms] GC(23671) Using 10 workers of 10 for evacuation
[2023-11-10T11:54:40.237-0800][76883869ms] GC(23671)   Pre Evacuate Collection Set: 0.0ms
[2023-11-10T11:54:40.237-0800][76883869ms] GC(23671)   Evacuate Collection Set: 1.8ms
[2023-11-10T11:54:40.237-0800][76883869ms] GC(23671)   Post Evacuate Collection Set: 3.9ms
[2023-11-10T11:54:40.237-0800][76883869ms] GC(23671)   Other: 0.3ms
[2023-11-10T11:54:40.237-0800][76883869ms] GC(23671) Eden regions: 177->0(177)
[2023-11-10T11:54:40.237-0800][76883869ms] GC(23671) Survivor regions: 1->1(23)
[2023-11-10T11:54:40.237-0800][76883869ms] GC(23671) Old regions: 1435->1435
[2023-11-10T11:54:40.237-0800][76883869ms] GC(23671) Humongous regions: 5->5
[2023-11-10T11:54:40.237-0800][76883869ms] GC(23671) Metaspace: 304986K->304986K(1349632K)
[2023-11-10T11:54:40.237-0800][76883869ms] GC(23671) Pause Young (Normal) (G1 Evacuation Pause) 3234M->2880M(3602M) 6.211ms
[2023-11-10T11:54:40.237-0800][76883869ms] GC(23671) User=0.00s Sys=0.00s Real=0.00s
[2023-11-10T11:54:40.676-0800][76884308ms] GC(23672) Pause Young (Normal) (G1 Evacuation Pause)
[2023-11-10T11:54:40.676-0800][76884308ms] GC(23672) Using 10 workers of 10 for evacuation
[2023-11-10T11:54:40.681-0800][76884313ms] GC(23672)   Pre Evacuate Collection Set: 0.1ms
[2023-11-10T11:54:40.681-0800][76884313ms] GC(23672)   Evacuate Collection Set: 1.8ms
[2023-11-10T11:54:40.681-0800][76884313ms] GC(23672)   Post Evacuate Collection Set: 3.1ms
[2023-11-10T11:54:40.681-0800][76884313ms] GC(23672)   Other: 0.3ms
[2023-11-10T11:54:40.681-0800][76884313ms] GC(23672) Eden regions: 177->0(177)
[2023-11-10T11:54:40.681-0800][76884313ms] GC(23672) Survivor regions: 1->1(23)
[2023-11-10T11:54:40.681-0800][76884313ms] GC(23672) Old regions: 1435->1435
[2023-11-10T11:54:40.681-0800][76884313ms] GC(23672) Humongous regions: 5->5
[2023-11-10T11:54:40.681-0800][76884313ms] GC(23672) Metaspace: 304986K->304986K(1349632K)
[2023-11-10T11:54:40.681-0800][76884313ms] GC(23672) Pause Young (Normal) (G1 Evacuation Pause) 3234M->2880M(3602M) 5.401ms
[2023-11-10T11:54:40.681-0800][76884313ms] GC(23672) User=0.00s Sys=0.00s Real=0.00s
[2023-11-10T11:54:41.133-0800][76884765ms] GC(23673) Pause Young (Normal) (G1 Evacuation Pause)
[2023-11-10T11:54:41.133-0800][76884765ms] GC(23673) Using 10 workers of 10 for evacuation
[2023-11-10T11:54:41.140-0800][76884772ms] GC(23673)   Pre Evacuate Collection Set: 0.1ms
[2023-11-10T11:54:41.140-0800][76884772ms] GC(23673)   Evacuate Collection Set: 2.3ms
[2023-11-10T11:54:41.140-0800][76884772ms] GC(23673)   Post Evacuate Collection Set: 3.7ms
[2023-11-10T11:54:41.140-0800][76884772ms] GC(23673)   Other: 0.4ms
[2023-11-10T11:54:41.140-0800][76884772ms] GC(23673) Eden regions: 177->0(177)
[2023-11-10T11:54:41.140-0800][76884772ms] GC(23673) Survivor regions: 1->1(23)
[2023-11-10T11:54:41.140-0800][76884772ms] GC(23673) Old regions: 1435->1435
[2023-11-10T11:54:41.140-0800][76884772ms] GC(23673) Humongous regions: 5->5
[2023-11-10T11:54:41.140-0800][76884772ms] GC(23673) Metaspace: 304986K->304986K(1349632K)
[2023-11-10T11:54:41.140-0800][76884772ms] GC(23673) Pause Young (Normal) (G1 Evacuation Pause) 3234M->2880M(3602M) 6.456ms
[2023-11-10T11:54:41.140-0800][76884772ms] GC(23673) User=0.00s Sys=0.00s Real=0.01s
[2023-11-10T11:54:41.592-0800][76885224ms] GC(23674) Pause Young (Normal) (G1 Evacuation Pause)
[2023-11-10T11:54:41.592-0800][76885224ms] GC(23674) Using 10 workers of 10 for evacuation
[2023-11-10T11:54:41.599-0800][76885231ms] GC(23674)   Pre Evacuate Collection Set: 0.1ms
[2023-11-10T11:54:41.599-0800][76885231ms] GC(23674)   Evacuate Collection Set: 2.3ms
[2023-11-10T11:54:41.599-0800][76885231ms] GC(23674)   Post Evacuate Collection Set: 3.8ms
[2023-11-10T11:54:41.599-0800][76885231ms] GC(23674)   Other: 0.4ms
[2023-11-10T11:54:41.599-0800][76885231ms] GC(23674) Eden regions: 177->0(177)
[2023-11-10T11:54:41.599-0800][76885231ms] GC(23674) Survivor regions: 1->1(23)
[2023-11-10T11:54:41.599-0800][76885231ms] GC(23674) Old regions: 1435->1435
[2023-11-10T11:54:41.599-0800][76885231ms] GC(23674) Humongous regions: 5->5
[2023-11-10T11:54:41.599-0800][76885231ms] GC(23674) Metaspace: 304986K->304986K(1349632K)
[2023-11-10T11:54:41.599-0800][76885231ms] GC(23674) Pause Young (Normal) (G1 Evacuation Pause) 3234M->2880M(3602M) 6.631ms
[2023-11-10T11:54:41.599-0800][76885231ms] GC(23674) User=0.00s Sys=0.00s Real=0.01s
[2023-11-10T11:54:42.036-0800][76885668ms] GC(23675) Pause Young (Normal) (G1 Evacuation Pause)
[2023-11-10T11:54:42.036-0800][76885668ms] GC(23675) Using 10 workers of 10 for evacuation
[2023-11-10T11:54:42.044-0800][76885676ms] GC(23675)   Pre Evacuate Collection Set: 0.0ms
[2023-11-10T11:54:42.044-0800][76885676ms] GC(23675)   Evacuate Collection Set: 1.8ms
[2023-11-10T11:54:42.044-0800][76885676ms] GC(23675)   Post Evacuate Collection Set: 5.5ms
[2023-11-10T11:54:42.044-0800][76885676ms] GC(23675)   Other: 0.3ms
[2023-11-10T11:54:42.044-0800][76885676ms] GC(23675) Eden regions: 177->0(177)
[2023-11-10T11:54:42.044-0800][76885676ms] GC(23675) Survivor regions: 1->1(23)
[2023-11-10T11:54:42.044-0800][76885676ms] GC(23675) Old regions: 1435->1435
[2023-11-10T11:54:42.044-0800][76885676ms] GC(23675) Humongous regions: 5->5
[2023-11-10T11:54:42.044-0800][76885676ms] GC(23675) Metaspace: 304986K->304986K(1349632K)
[2023-11-10T11:54:42.044-0800][76885676ms] GC(23675) Pause Young (Normal) (G1 Evacuation Pause) 3234M->2880M(3602M) 7.658ms
[2023-11-10T11:54:42.044-0800][76885676ms] GC(23675) User=0.00s Sys=0.00s Real=0.01s
[2023-11-10T11:54:42.536-0800][76886168ms] GC(23676) Pause Young (Normal) (G1 Evacuation Pause)
[2023-11-10T11:54:42.536-0800][76886168ms] GC(23676) Using 10 workers of 10 for evacuation
[2023-11-10T11:54:42.543-0800][76886175ms] GC(23676)   Pre Evacuate Collection Set: 0.1ms
[2023-11-10T11:54:42.543-0800][76886175ms] GC(23676)   Evacuate Collection Set: 2.6ms
[2023-11-10T11:54:42.543-0800][76886175ms] GC(23676)   Post Evacuate Collection Set: 4.0ms
[2023-11-10T11:54:42.543-0800][76886175ms] GC(23676)   Other: 0.4ms
[2023-11-10T11:54:42.543-0800][76886175ms] GC(23676) Eden regions: 177->0(177)
[2023-11-10T11:54:42.543-0800][76886175ms] GC(23676) Survivor regions: 1->1(23)
[2023-11-10T11:54:42.543-0800][76886175ms] GC(23676) Old regions: 1435->1435
[2023-11-10T11:54:42.543-0800][76886175ms] GC(23676) Humongous regions: 5->5
[2023-11-10T11:54:42.543-0800][76886175ms] GC(23676) Metaspace: 304986K->304986K(1349632K)
[2023-11-10T11:54:42.543-0800][76886175ms] GC(23676) Pause Young (Normal) (G1 Evacuation Pause) 3234M->2880M(3602M) 7.186ms
[2023-11-10T11:54:42.543-0800][76886175ms] GC(23676) User=0.02s Sys=0.00s Real=0.01s
[2023-11-10T11:54:42.969-0800][76886601ms] GC(23677) Pause Young (Normal) (G1 Evacuation Pause)
[2023-11-10T11:54:42.969-0800][76886601ms] GC(23677) Using 10 workers of 10 for evacuation
[2023-11-10T11:54:42.975-0800][76886607ms] GC(23677)   Pre Evacuate Collection Set: 0.0ms
[2023-11-10T11:54:42.975-0800][76886607ms] GC(23677)   Evacuate Collection Set: 2.0ms
[2023-11-10T11:54:42.975-0800][76886607ms] GC(23677)   Post Evacuate Collection Set: 3.9ms
[2023-11-10T11:54:42.975-0800][76886607ms] GC(23677)   Other: 0.3ms
[2023-11-10T11:54:42.975-0800][76886607ms] GC(23677) Eden regions: 177->0(177)
[2023-11-10T11:54:42.975-0800][76886607ms] GC(23677) Survivor regions: 1->1(23)
[2023-11-10T11:54:42.975-0800][76886607ms] GC(23677) Old regions: 1435->1435
[2023-11-10T11:54:42.975-0800][76886607ms] GC(23677) Humongous regions: 5->5
[2023-11-10T11:54:42.975-0800][76886607ms] GC(23677) Metaspace: 304986K->304986K(1349632K)
[2023-11-10T11:54:42.975-0800][76886607ms] GC(23677) Pause Young (Normal) (G1 Evacuation Pause) 3234M->2880M(3602M) 6.317ms
[2023-11-10T11:54:42.975-0800][76886607ms] GC(23677) User=0.00s Sys=0.00s Real=0.01s
[2023-11-10T11:54:43.390-0800][76887022ms] GC(23678) Pause Young (Normal) (G1 Evacuation Pause)
[2023-11-10T11:54:43.390-0800][76887022ms] GC(23678) Using 10 workers of 10 for evacuation
[2023-11-10T11:54:43.395-0800][76887027ms] GC(23678)   Pre Evacuate Collection Set: 0.1ms
[2023-11-10T11:54:43.395-0800][76887027ms] GC(23678)   Evacuate Collection Set: 2.0ms
[2023-11-10T11:54:43.395-0800][76887027ms] GC(23678)   Post Evacuate Collection Set: 3.0ms
[2023-11-10T11:54:43.395-0800][76887027ms] GC(23678)   Other: 0.3ms
[2023-11-10T11:54:43.395-0800][76887027ms] GC(23678) Eden regions: 177->0(177)
[2023-11-10T11:54:43.395-0800][76887027ms] GC(23678) Survivor regions: 1->1(23)
[2023-11-10T11:54:43.395-0800][76887027ms] GC(23678) Old regions: 1435->1435
[2023-11-10T11:54:43.395-0800][76887027ms] GC(23678) Humongous regions: 5->5
[2023-11-10T11:54:43.395-0800][76887027ms] GC(23678) Metaspace: 304986K->304986K(1349632K)
[2023-11-10T11:54:43.395-0800][76887027ms] GC(23678) Pause Young (Normal) (G1 Evacuation Pause) 3234M->2880M(3602M) 5.434ms
[2023-11-10T11:54:43.395-0800][76887027ms] GC(23678) User=0.00s Sys=0.00s Real=0.00s
[2023-11-10T11:54:43.843-0800][76887475ms] GC(23679) Pause Young (Normal) (G1 Evacuation Pause)
[2023-11-10T11:54:43.843-0800][76887475ms] GC(23679) Using 10 workers of 10 for evacuation
[2023-11-10T11:54:43.849-0800][76887481ms] GC(23679)   Pre Evacuate Collection Set: 0.0ms
[2023-11-10T11:54:43.849-0800][76887481ms] GC(23679)   Evacuate Collection Set: 1.6ms
[2023-11-10T11:54:43.849-0800][76887481ms] GC(23679)   Post Evacuate Collection Set: 3.2ms
[2023-11-10T11:54:43.849-0800][76887481ms] GC(23679)   Other: 0.3ms
[2023-11-10T11:54:43.849-0800][76887481ms] GC(23679) Eden regions: 177->0(177)
[2023-11-10T11:54:43.849-0800][76887481ms] GC(23679) Survivor regions: 1->1(23)
[2023-11-10T11:54:43.849-0800][76887481ms] GC(23679) Old regions: 1435->1435
[2023-11-10T11:54:43.849-0800][76887481ms] GC(23679) Humongous regions: 5->5
[2023-11-10T11:54:43.849-0800][76887481ms] GC(23679) Metaspace: 304986K->304986K(1349632K)
[2023-11-10T11:54:43.849-0800][76887481ms] GC(23679) Pause Young (Normal) (G1 Evacuation Pause) 3234M->2880M(3602M) 5.304ms
[2023-11-10T11:54:43.849-0800][76887481ms] GC(23679) User=0.00s Sys=0.00s Real=0.01s
[2023-11-10T11:54:44.291-0800][76887923ms] GC(23680) Pause Young (Normal) (G1 Evacuation Pause)
[2023-11-10T11:54:44.291-0800][76887923ms] GC(23680) Using 10 workers of 10 for evacuation
[2023-11-10T11:54:44.299-0800][76887931ms] GC(23680)   Pre Evacuate Collection Set: 0.1ms
[2023-11-10T11:54:44.299-0800][76887931ms] GC(23680)   Evacuate Collection Set: 2.8ms
[2023-11-10T11:54:44.299-0800][76887931ms] GC(23680)   Post Evacuate Collection Set: 4.4ms
[2023-11-10T11:54:44.299-0800][76887931ms] GC(23680)   Other: 0.3ms
[2023-11-10T11:54:44.299-0800][76887931ms] GC(23680) Eden regions: 177->0(177)
[2023-11-10T11:54:44.299-0800][76887931ms] GC(23680) Survivor regions: 1->1(23)
[2023-11-10T11:54:44.299-0800][76887931ms] GC(23680) Old regions: 1435->1435
[2023-11-10T11:54:44.299-0800][76887931ms] GC(23680) Humongous regions: 5->5
[2023-11-10T11:54:44.299-0800][76887931ms] GC(23680) Metaspace: 304986K->304986K(1349632K)
[2023-11-10T11:54:44.299-0800][76887931ms] GC(23680) Pause Young (Normal) (G1 Evacuation Pause) 3234M->2880M(3602M) 7.605ms
[2023-11-10T11:54:44.299-0800][76887931ms] GC(23680) User=0.00s Sys=0.00s Real=0.01s
[2023-11-10T11:54:44.752-0800][76888384ms] GC(23681) Pause Young (Normal) (G1 Evacuation Pause)
[2023-11-10T11:54:44.752-0800][76888384ms] GC(23681) Using 10 workers of 10 for evacuation
[2023-11-10T11:54:44.760-0800][76888392ms] GC(23681)   Pre Evacuate Collection Set: 0.1ms
[2023-11-10T11:54:44.760-0800][76888392ms] GC(23681)   Evacuate Collection Set: 3.3ms
[2023-11-10T11:54:44.760-0800][76888392ms] GC(23681)   Post Evacuate Collection Set: 4.7ms
[2023-11-10T11:54:44.760-0800][76888392ms] GC(23681)   Other: 0.4ms
[2023-11-10T11:54:44.760-0800][76888392ms] GC(23681) Eden regions: 177->0(177)
[2023-11-10T11:54:44.760-0800][76888392ms] GC(23681) Survivor regions: 1->1(23)
[2023-11-10T11:54:44.760-0800][76888392ms] GC(23681) Old regions: 1435->1435
[2023-11-10T11:54:44.760-0800][76888392ms] GC(23681) Humongous regions: 5->5
[2023-11-10T11:54:44.760-0800][76888392ms] GC(23681) Metaspace: 304986K->304986K(1349632K)
[2023-11-10T11:54:44.760-0800][76888392ms] GC(23681) Pause Young (Normal) (G1 Evacuation Pause) 3234M->2880M(3602M) 8.578ms
[2023-11-10T11:54:44.760-0800][76888392ms] GC(23681) User=0.00s Sys=0.00s Real=0.01s
[2023-11-10T11:54:45.243-0800][76888875ms] GC(23682) Pause Young (Normal) (G1 Evacuation Pause)
[2023-11-10T11:54:45.243-0800][76888875ms] GC(23682) Using 10 workers of 10 for evacuation
[2023-11-10T11:54:45.248-0800][76888880ms] GC(23682)   Pre Evacuate Collection Set: 0.0ms
[2023-11-10T11:54:45.248-0800][76888880ms] GC(23682)   Evacuate Collection Set: 1.7ms
[2023-11-10T11:54:45.248-0800][76888880ms] GC(23682)   Post Evacuate Collection Set: 3.1ms
[2023-11-10T11:54:45.248-0800][76888880ms] GC(23682)   Other: 0.2ms
[2023-11-10T11:54:45.248-0800][76888880ms] GC(23682) Eden regions: 177->0(177)
[2023-11-10T11:54:45.248-0800][76888880ms] GC(23682) Survivor regions: 1->1(23)
[2023-11-10T11:54:45.248-0800][76888880ms] GC(23682) Old regions: 1435->1435
[2023-11-10T11:54:45.248-0800][76888880ms] GC(23682) Humongous regions: 5->5
[2023-11-10T11:54:45.248-0800][76888880ms] GC(23682) Metaspace: 304986K->304986K(1349632K)
[2023-11-10T11:54:45.248-0800][76888880ms] GC(23682) Pause Young (Normal) (G1 Evacuation Pause) 3234M->2880M(3602M) 5.158ms
[2023-11-10T11:54:45.248-0800][76888880ms] GC(23682) User=0.00s Sys=0.00s Real=0.00s
[2023-11-10T11:54:45.689-0800][76889321ms] GC(23683) Pause Young (Normal) (G1 Evacuation Pause)
[2023-11-10T11:54:45.689-0800][76889321ms] GC(23683) Using 10 workers of 10 for evacuation
[2023-11-10T11:54:45.694-0800][76889326ms] GC(23683)   Pre Evacuate Collection Set: 0.1ms
[2023-11-10T11:54:45.695-0800][76889327ms] GC(23683)   Evacuate Collection Set: 1.7ms
[2023-11-10T11:54:45.695-0800][76889327ms] GC(23683)   Post Evacuate Collection Set: 3.2ms
[2023-11-10T11:54:45.695-0800][76889327ms] GC(23683)   Other: 0.3ms
[2023-11-10T11:54:45.695-0800][76889327ms] GC(23683) Eden regions: 177->0(177)
[2023-11-10T11:54:45.695-0800][76889327ms] GC(23683) Survivor regions: 1->1(23)
[2023-11-10T11:54:45.695-0800][76889327ms] GC(23683) Old regions: 1435->1435
[2023-11-10T11:54:45.695-0800][76889327ms] GC(23683) Humongous regions: 5->5
[2023-11-10T11:54:45.695-0800][76889327ms] GC(23683) Metaspace: 304986K->304986K(1349632K)
[2023-11-10T11:54:45.695-0800][76889327ms] GC(23683) Pause Young (Normal) (G1 Evacuation Pause) 3234M->2880M(3602M) 5.422ms
[2023-11-10T11:54:45.695-0800][76889327ms] GC(23683) User=0.00s Sys=0.00s Real=0.01s
[2023-11-10T11:54:46.174-0800][76889806ms] GC(23684) Pause Young (Normal) (G1 Evacuation Pause)
[2023-11-10T11:54:46.174-0800][76889806ms] GC(23684) Using 10 workers of 10 for evacuation
[2023-11-10T11:54:46.179-0800][76889811ms] GC(23684)   Pre Evacuate Collection Set: 0.0ms
[2023-11-10T11:54:46.179-0800][76889811ms] GC(23684)   Evacuate Collection Set: 1.8ms
[2023-11-10T11:54:46.179-0800][76889811ms] GC(23684)   Post Evacuate Collection Set: 3.0ms
[2023-11-10T11:54:46.179-0800][76889811ms] GC(23684)   Other: 0.3ms
[2023-11-10T11:54:46.179-0800][76889811ms] GC(23684) Eden regions: 177->0(177)
[2023-11-10T11:54:46.179-0800][76889811ms] GC(23684) Survivor regions: 1->1(23)
[2023-11-10T11:54:46.179-0800][76889811ms] GC(23684) Old regions: 1435->1435
[2023-11-10T11:54:46.179-0800][76889811ms] GC(23684) Humongous regions: 5->5
[2023-11-10T11:54:46.179-0800][76889811ms] GC(23684) Metaspace: 304986K->304986K(1349632K)
[2023-11-10T11:54:46.179-0800][76889811ms] GC(23684) Pause Young (Normal) (G1 Evacuation Pause) 3234M->2880M(3602M) 5.211ms
[2023-11-10T11:54:46.179-0800][76889811ms] GC(23684) User=0.00s Sys=0.00s Real=0.00s
[2023-11-10T11:54:46.615-0800][76890247ms] GC(23685) Pause Young (Normal) (G1 Evacuation Pause)
[2023-11-10T11:54:46.615-0800][76890247ms] GC(23685) Using 10 workers of 10 for evacuation
[2023-11-10T11:54:46.621-0800][76890253ms] GC(23685)   Pre Evacuate Collection Set: 0.0ms
[2023-11-10T11:54:46.621-0800][76890253ms] GC(23685)   Evacuate Collection Set: 1.7ms
[2023-11-10T11:54:46.621-0800][76890253ms] GC(23685)   Post Evacuate Collection Set: 3.2ms
[2023-11-10T11:54:46.621-0800][76890253ms] GC(23685)   Other: 0.3ms
[2023-11-10T11:54:46.621-0800][76890253ms] GC(23685) Eden regions: 177->0(177)
[2023-11-10T11:54:46.621-0800][76890253ms] GC(23685) Survivor regions: 1->1(23)
[2023-11-10T11:54:46.621-0800][76890253ms] GC(23685) Old regions: 1435->1435
[2023-11-10T11:54:46.621-0800][76890253ms] GC(23685) Humongous regions: 5->5
[2023-11-10T11:54:46.621-0800][76890253ms] GC(23685) Metaspace: 304986K->304986K(1349632K)
[2023-11-10T11:54:46.621-0800][76890253ms] GC(23685) Pause Young (Normal) (G1 Evacuation Pause) 3234M->2881M(3602M) 5.268ms
[2023-11-10T11:54:46.621-0800][76890253ms] GC(23685) User=0.11s Sys=0.00s Real=0.01s
[2023-11-10T11:54:47.101-0800][76890733ms] GC(23686) Pause Young (Normal) (G1 Evacuation Pause)
[2023-11-10T11:54:47.101-0800][76890733ms] GC(23686) Using 10 workers of 10 for evacuation
[2023-11-10T11:54:47.107-0800][76890739ms] GC(23686)   Pre Evacuate Collection Set: 0.1ms
[2023-11-10T11:54:47.107-0800][76890739ms] GC(23686)   Evacuate Collection Set: 1.8ms
[2023-11-10T11:54:47.107-0800][76890739ms] GC(23686)   Post Evacuate Collection Set: 3.8ms
[2023-11-10T11:54:47.107-0800][76890739ms] GC(23686)   Other: 0.3ms
[2023-11-10T11:54:47.107-0800][76890739ms] GC(23686) Eden regions: 177->0(177)
[2023-11-10T11:54:47.107-0800][76890739ms] GC(23686) Survivor regions: 1->1(23)
[2023-11-10T11:54:47.108-0800][76890740ms] GC(23686) Old regions: 1435->1435
[2023-11-10T11:54:47.108-0800][76890740ms] GC(23686) Humongous regions: 5->5
[2023-11-10T11:54:47.108-0800][76890740ms] GC(23686) Metaspace: 304986K->304986K(1349632K)
[2023-11-10T11:54:47.108-0800][76890740ms] GC(23686) Pause Young (Normal) (G1 Evacuation Pause) 3235M->2880M(3602M) 6.147ms
[2023-11-10T11:54:47.108-0800][76890740ms] GC(23686) User=0.00s Sys=0.00s Real=0.01s
[2023-11-10T11:54:47.522-0800][76891154ms] GC(23687) Pause Young (Normal) (G1 Evacuation Pause)
[2023-11-10T11:54:47.522-0800][76891154ms] GC(23687) Using 10 workers of 10 for evacuation
[2023-11-10T11:54:47.527-0800][76891159ms] GC(23687)   Pre Evacuate Collection Set: 0.0ms
[2023-11-10T11:54:47.527-0800][76891159ms] GC(23687)   Evacuate Collection Set: 1.7ms
[2023-11-10T11:54:47.527-0800][76891159ms] GC(23687)   Post Evacuate Collection Set: 3.1ms
[2023-11-10T11:54:47.527-0800][76891159ms] GC(23687)   Other: 0.3ms
[2023-11-10T11:54:47.527-0800][76891159ms] GC(23687) Eden regions: 177->0(177)
[2023-11-10T11:54:47.527-0800][76891159ms] GC(23687) Survivor regions: 1->1(23)
[2023-11-10T11:54:47.527-0800][76891159ms] GC(23687) Old regions: 1435->1435
[2023-11-10T11:54:47.527-0800][76891159ms] GC(23687) Humongous regions: 5->5
[2023-11-10T11:54:47.527-0800][76891159ms] GC(23687) Metaspace: 304986K->304986K(1349632K)
[2023-11-10T11:54:47.527-0800][76891159ms] GC(23687) Pause Young (Normal) (G1 Evacuation Pause) 3234M->2881M(3602M) 5.236ms
[2023-11-10T11:54:47.527-0800][76891159ms] GC(23687) User=0.00s Sys=0.00s Real=0.00s
[2023-11-10T11:54:47.993-0800][76891625ms] GC(23688) Pause Young (Normal) (G1 Evacuation Pause)
[2023-11-10T11:54:47.993-0800][76891625ms] GC(23688) Using 10 workers of 10 for evacuation
[2023-11-10T11:54:47.999-0800][76891631ms] GC(23688)   Pre Evacuate Collection Set: 0.0ms
[2023-11-10T11:54:47.999-0800][76891631ms] GC(23688)   Evacuate Collection Set: 1.5ms
[2023-11-10T11:54:47.999-0800][76891631ms] GC(23688)   Post Evacuate Collection Set: 3.6ms
[2023-11-10T11:54:47.999-0800][76891631ms] GC(23688)   Other: 0.3ms
[2023-11-10T11:54:47.999-0800][76891631ms] GC(23688) Eden regions: 177->0(177)
[2023-11-10T11:54:47.999-0800][76891631ms] GC(23688) Survivor regions: 1->1(23)
[2023-11-10T11:54:47.999-0800][76891631ms] GC(23688) Old regions: 1435->1435
[2023-11-10T11:54:47.999-0800][76891631ms] GC(23688) Humongous regions: 5->5
[2023-11-10T11:54:47.999-0800][76891631ms] GC(23688) Metaspace: 304986K->304986K(1349632K)
[2023-11-10T11:54:47.999-0800][76891631ms] GC(23688) Pause Young (Normal) (G1 Evacuation Pause) 3235M->2880M(3602M) 5.577ms
[2023-11-10T11:54:47.999-0800][76891631ms] GC(23688) User=0.00s Sys=0.00s Real=0.01s
[2023-11-10T11:54:48.423-0800][76892055ms] GC(23689) Pause Young (Normal) (G1 Evacuation Pause)
[2023-11-10T11:54:48.423-0800][76892055ms] GC(23689) Using 10 workers of 10 for evacuation
[2023-11-10T11:54:48.428-0800][76892060ms] GC(23689)   Pre Evacuate Collection Set: 0.0ms
[2023-11-10T11:54:48.428-0800][76892060ms] GC(23689)   Evacuate Collection Set: 1.7ms
[2023-11-10T11:54:48.428-0800][76892060ms] GC(23689)   Post Evacuate Collection Set: 3.0ms
[2023-11-10T11:54:48.428-0800][76892060ms] GC(23689)   Other: 0.2ms
[2023-11-10T11:54:48.428-0800][76892060ms] GC(23689) Eden regions: 177->0(177)
[2023-11-10T11:54:48.428-0800][76892060ms] GC(23689) Survivor regions: 1->1(23)
[2023-11-10T11:54:48.428-0800][76892060ms] GC(23689) Old regions: 1435->1435
[2023-11-10T11:54:48.428-0800][76892060ms] GC(23689) Humongous regions: 5->5
[2023-11-10T11:54:48.428-0800][76892060ms] GC(23689) Metaspace: 304986K->304986K(1349632K)
[2023-11-10T11:54:48.428-0800][76892060ms] GC(23689) Pause Young (Normal) (G1 Evacuation Pause) 3234M->2880M(3602M) 5.080ms
[2023-11-10T11:54:48.428-0800][76892060ms] GC(23689) User=0.00s Sys=0.00s Real=0.00s
[2023-11-10T11:54:48.810-0800][76892442ms] GC(23690) Pause Young (Normal) (G1 Evacuation Pause)
[2023-11-10T11:54:48.810-0800][76892442ms] GC(23690) Using 10 workers of 10 for evacuation
[2023-11-10T11:54:48.815-0800][76892447ms] GC(23690)   Pre Evacuate Collection Set: 0.0ms
[2023-11-10T11:54:48.815-0800][76892447ms] GC(23690)   Evacuate Collection Set: 1.6ms
[2023-11-10T11:54:48.815-0800][76892447ms] GC(23690)   Post Evacuate Collection Set: 3.1ms
[2023-11-10T11:54:48.815-0800][76892447ms] GC(23690)   Other: 0.3ms
[2023-11-10T11:54:48.815-0800][76892447ms] GC(23690) Eden regions: 177->0(177)
[2023-11-10T11:54:48.815-0800][76892447ms] GC(23690) Survivor regions: 1->1(23)
[2023-11-10T11:54:48.815-0800][76892447ms] GC(23690) Old regions: 1435->1435
[2023-11-10T11:54:48.815-0800][76892447ms] GC(23690) Humongous regions: 5->5
[2023-11-10T11:54:48.815-0800][76892447ms] GC(23690) Metaspace: 304986K->304986K(1349632K)
[2023-11-10T11:54:48.815-0800][76892447ms] GC(23690) Pause Young (Normal) (G1 Evacuation Pause) 3234M->2880M(3602M) 5.111ms
[2023-11-10T11:54:48.815-0800][76892447ms] GC(23690) User=0.00s Sys=0.00s Real=0.01s
[2023-11-10T11:54:49.252-0800][76892884ms] GC(23691) Pause Young (Normal) (G1 Evacuation Pause)
[2023-11-10T11:54:49.252-0800][76892884ms] GC(23691) Using 10 workers of 10 for evacuation
[2023-11-10T11:54:49.257-0800][76892889ms] GC(23691)   Pre Evacuate Collection Set: 0.0ms
[2023-11-10T11:54:49.257-0800][76892889ms] GC(23691)   Evacuate Collection Set: 1.6ms
[2023-11-10T11:54:49.257-0800][76892889ms] GC(23691)   Post Evacuate Collection Set: 3.2ms
[2023-11-10T11:54:49.257-0800][76892889ms] GC(23691)   Other: 0.3ms
[2023-11-10T11:54:49.257-0800][76892889ms] GC(23691) Eden regions: 177->0(177)
[2023-11-10T11:54:49.257-0800][76892889ms] GC(23691) Survivor regions: 1->1(23)
[2023-11-10T11:54:49.257-0800][76892889ms] GC(23691) Old regions: 1435->1436
[2023-11-10T11:54:49.257-0800][76892889ms] GC(23691) Humongous regions: 5->5
[2023-11-10T11:54:49.257-0800][76892889ms] GC(23691) Metaspace: 304986K->304986K(1349632K)
[2023-11-10T11:54:49.257-0800][76892889ms] GC(23691) Pause Young (Normal) (G1 Evacuation Pause) 3234M->2880M(3602M) 5.133ms
[2023-11-10T11:54:49.257-0800][76892889ms] GC(23691) User=0.00s Sys=0.00s Real=0.00s
[2023-11-10T11:54:49.689-0800][76893321ms] GC(23692) Pause Young (Normal) (G1 Evacuation Pause)
[2023-11-10T11:54:49.689-0800][76893321ms] GC(23692) Using 10 workers of 10 for evacuation
[2023-11-10T11:54:49.694-0800][76893326ms] GC(23692)   Pre Evacuate Collection Set: 0.1ms
[2023-11-10T11:54:49.694-0800][76893326ms] GC(23692)   Evacuate Collection Set: 1.7ms
[2023-11-10T11:54:49.694-0800][76893326ms] GC(23692)   Post Evacuate Collection Set: 3.8ms
[2023-11-10T11:54:49.694-0800][76893326ms] GC(23692)   Other: 0.3ms
[2023-11-10T11:54:49.694-0800][76893326ms] GC(23692) Eden regions: 177->0(177)
[2023-11-10T11:54:49.694-0800][76893326ms] GC(23692) Survivor regions: 1->1(23)
[2023-11-10T11:54:49.694-0800][76893326ms] GC(23692) Old regions: 1436->1436
[2023-11-10T11:54:49.694-0800][76893326ms] GC(23692) Humongous regions: 5->5
[2023-11-10T11:54:49.694-0800][76893326ms] GC(23692) Metaspace: 304986K->304986K(1349632K)
[2023-11-10T11:54:49.694-0800][76893326ms] GC(23692) Pause Young (Normal) (G1 Evacuation Pause) 3234M->2880M(3602M) 5.982ms
[2023-11-10T11:54:49.694-0800][76893326ms] GC(23692) User=0.00s Sys=0.00s Real=0.01s
[2023-11-10T11:54:50.146-0800][76893778ms] GC(23693) Pause Young (Normal) (G1 Evacuation Pause)
[2023-11-10T11:54:50.146-0800][76893778ms] GC(23693) Using 10 workers of 10 for evacuation
[2023-11-10T11:54:50.151-0800][76893783ms] GC(23693)   Pre Evacuate Collection Set: 0.1ms
[2023-11-10T11:54:50.151-0800][76893783ms] GC(23693)   Evacuate Collection Set: 2.5ms
[2023-11-10T11:54:50.151-0800][76893783ms] GC(23693)   Post Evacuate Collection Set: 3.1ms
[2023-11-10T11:54:50.151-0800][76893783ms] GC(23693)   Other: 0.3ms
[2023-11-10T11:54:50.151-0800][76893783ms] GC(23693) Eden regions: 177->0(177)
[2023-11-10T11:54:50.151-0800][76893783ms] GC(23693) Survivor regions: 1->1(23)
[2023-11-10T11:54:50.151-0800][76893783ms] GC(23693) Old regions: 1436->1436
[2023-11-10T11:54:50.151-0800][76893783ms] GC(23693) Humongous regions: 5->5
[2023-11-10T11:54:50.151-0800][76893783ms] GC(23693) Metaspace: 304986K->304986K(1349632K)
[2023-11-10T11:54:50.151-0800][76893783ms] GC(23693) Pause Young (Normal) (G1 Evacuation Pause) 3234M->2880M(3602M) 6.024ms
[2023-11-10T11:54:50.153-0800][76893785ms] GC(23693) User=0.08s Sys=0.00s Real=0.01s
[2023-11-10T11:54:50.577-0800][76894209ms] GC(23694) Pause Young (Normal) (G1 Evacuation Pause)
[2023-11-10T11:54:50.577-0800][76894209ms] GC(23694) Using 10 workers of 10 for evacuation
[2023-11-10T11:54:50.582-0800][76894214ms] GC(23694)   Pre Evacuate Collection Set: 0.1ms
[2023-11-10T11:54:50.582-0800][76894214ms] GC(23694)   Evacuate Collection Set: 2.2ms
[2023-11-10T11:54:50.582-0800][76894214ms] GC(23694)   Post Evacuate Collection Set: 3.6ms
[2023-11-10T11:54:50.582-0800][76894214ms] GC(23694)   Other: 0.3ms
[2023-11-10T11:54:50.582-0800][76894214ms] GC(23694) Eden regions: 177->0(177)
[2023-11-10T11:54:50.582-0800][76894214ms] GC(23694) Survivor regions: 1->1(23)
[2023-11-10T11:54:50.582-0800][76894214ms] GC(23694) Old regions: 1436->1436
[2023-11-10T11:54:50.582-0800][76894214ms] GC(23694) Humongous regions: 5->5
[2023-11-10T11:54:50.582-0800][76894214ms] GC(23694) Metaspace: 304986K->304986K(1349632K)
[2023-11-10T11:54:50.582-0800][76894214ms] GC(23694) Pause Young (Normal) (G1 Evacuation Pause) 3234M->2880M(3602M) 6.209ms
[2023-11-10T11:54:50.582-0800][76894214ms] GC(23694) User=0.00s Sys=0.00s Real=0.01s
[2023-11-10T11:54:51.040-0800][76894672ms] GC(23695) Pause Young (Normal) (G1 Evacuation Pause)
[2023-11-10T11:54:51.040-0800][76894672ms] GC(23695) Using 10 workers of 10 for evacuation
[2023-11-10T11:54:51.047-0800][76894679ms] GC(23695)   Pre Evacuate Collection Set: 0.0ms
[2023-11-10T11:54:51.047-0800][76894679ms] GC(23695)   Evacuate Collection Set: 2.2ms
[2023-11-10T11:54:51.047-0800][76894679ms] GC(23695)   Post Evacuate Collection Set: 4.0ms
[2023-11-10T11:54:51.047-0800][76894679ms] GC(23695)   Other: 0.3ms
[2023-11-10T11:54:51.047-0800][76894679ms] GC(23695) Eden regions: 177->0(177)
[2023-11-10T11:54:51.047-0800][76894679ms] GC(23695) Survivor regions: 1->1(23)
[2023-11-10T11:54:51.047-0800][76894679ms] GC(23695) Old regions: 1436->1436
[2023-11-10T11:54:51.047-0800][76894679ms] GC(23695) Humongous regions: 5->5
[2023-11-10T11:54:51.047-0800][76894679ms] GC(23695) Metaspace: 304986K->304986K(1349632K)
[2023-11-10T11:54:51.047-0800][76894679ms] GC(23695) Pause Young (Normal) (G1 Evacuation Pause) 3234M->2880M(3602M) 6.651ms
[2023-11-10T11:54:51.047-0800][76894679ms] GC(23695) User=0.00s Sys=0.00s Real=0.01s
[2023-11-10T11:54:51.479-0800][76895111ms] GC(23696) Pause Young (Normal) (G1 Evacuation Pause)
[2023-11-10T11:54:51.479-0800][76895111ms] GC(23696) Using 10 workers of 10 for evacuation
[2023-11-10T11:54:51.484-0800][76895116ms] GC(23696)   Pre Evacuate Collection Set: 0.0ms
[2023-11-10T11:54:51.484-0800][76895116ms] GC(23696)   Evacuate Collection Set: 1.8ms
[2023-11-10T11:54:51.484-0800][76895116ms] GC(23696)   Post Evacuate Collection Set: 3.2ms
[2023-11-10T11:54:51.484-0800][76895116ms] GC(23696)   Other: 0.3ms
[2023-11-10T11:54:51.484-0800][76895116ms] GC(23696) Eden regions: 177->0(177)
[2023-11-10T11:54:51.484-0800][76895116ms] GC(23696) Survivor regions: 1->1(23)
[2023-11-10T11:54:51.484-0800][76895116ms] GC(23696) Old regions: 1436->1436
[2023-11-10T11:54:51.484-0800][76895116ms] GC(23696) Humongous regions: 5->5
[2023-11-10T11:54:51.484-0800][76895116ms] GC(23696) Metaspace: 304986K->304986K(1349632K)
[2023-11-10T11:54:51.484-0800][76895116ms] GC(23696) Pause Young (Normal) (G1 Evacuation Pause) 3234M->2880M(3602M) 5.435ms
[2023-11-10T11:54:51.484-0800][76895116ms] GC(23696) User=0.00s Sys=0.00s Real=0.00s
[2023-11-10T11:54:51.936-0800][76895568ms] GC(23697) Pause Young (Normal) (G1 Evacuation Pause)
[2023-11-10T11:54:51.936-0800][76895568ms] GC(23697) Using 10 workers of 10 for evacuation
[2023-11-10T11:54:51.942-0800][76895574ms] GC(23697)   Pre Evacuate Collection Set: 0.1ms
[2023-11-10T11:54:51.942-0800][76895574ms] GC(23697)   Evacuate Collection Set: 1.7ms
[2023-11-10T11:54:51.942-0800][76895574ms] GC(23697)   Post Evacuate Collection Set: 3.7ms
[2023-11-10T11:54:51.942-0800][76895574ms] GC(23697)   Other: 0.5ms
[2023-11-10T11:54:51.942-0800][76895574ms] GC(23697) Eden regions: 177->0(177)
[2023-11-10T11:54:51.942-0800][76895574ms] GC(23697) Survivor regions: 1->1(23)
[2023-11-10T11:54:51.942-0800][76895574ms] GC(23697) Old regions: 1436->1436
[2023-11-10T11:54:51.942-0800][76895574ms] GC(23697) Humongous regions: 5->5
[2023-11-10T11:54:51.942-0800][76895574ms] GC(23697) Metaspace: 304986K->304986K(1349632K)
[2023-11-10T11:54:51.942-0800][76895574ms] GC(23697) Pause Young (Normal) (G1 Evacuation Pause) 3234M->2880M(3602M) 6.191ms
[2023-11-10T11:54:51.942-0800][76895574ms] GC(23697) User=0.00s Sys=0.00s Real=0.01s
[2023-11-10T11:54:52.368-0800][76896000ms] GC(23698) Pause Young (Normal) (G1 Evacuation Pause)
[2023-11-10T11:54:52.368-0800][76896000ms] GC(23698) Using 10 workers of 10 for evacuation
[2023-11-10T11:54:52.375-0800][76896007ms] GC(23698)   Pre Evacuate Collection Set: 0.1ms
[2023-11-10T11:54:52.375-0800][76896007ms] GC(23698)   Evacuate Collection Set: 2.5ms
[2023-11-10T11:54:52.375-0800][76896007ms] GC(23698)   Post Evacuate Collection Set: 3.4ms
[2023-11-10T11:54:52.375-0800][76896007ms] GC(23698)   Other: 0.4ms
[2023-11-10T11:54:52.375-0800][76896007ms] GC(23698) Eden regions: 177->0(177)
[2023-11-10T11:54:52.375-0800][76896007ms] GC(23698) Survivor regions: 1->1(23)
[2023-11-10T11:54:52.375-0800][76896007ms] GC(23698) Old regions: 1436->1436
[2023-11-10T11:54:52.375-0800][76896007ms] GC(23698) Humongous regions: 5->5
[2023-11-10T11:54:52.375-0800][76896007ms] GC(23698) Metaspace: 304986K->304986K(1349632K)
[2023-11-10T11:54:52.375-0800][76896007ms] GC(23698) Pause Young (Normal) (G1 Evacuation Pause) 3234M->2880M(3602M) 6.443ms
[2023-11-10T11:54:52.375-0800][76896007ms] GC(23698) User=0.00s Sys=0.00s Real=0.01s
[2023-11-10T11:54:52.819-0800][76896451ms] GC(23699) Pause Young (Normal) (G1 Evacuation Pause)
[2023-11-10T11:54:52.819-0800][76896451ms] GC(23699) Using 10 workers of 10 for evacuation
[2023-11-10T11:54:52.826-0800][76896458ms] GC(23699)   Pre Evacuate Collection Set: 0.0ms
[2023-11-10T11:54:52.826-0800][76896458ms] GC(23699)   Evacuate Collection Set: 2.1ms
[2023-11-10T11:54:52.826-0800][76896458ms] GC(23699)   Post Evacuate Collection Set: 4.1ms
[2023-11-10T11:54:52.826-0800][76896458ms] GC(23699)   Other: 0.3ms
[2023-11-10T11:54:52.826-0800][76896458ms] GC(23699) Eden regions: 177->0(177)
[2023-11-10T11:54:52.826-0800][76896458ms] GC(23699) Survivor regions: 1->1(23)
[2023-11-10T11:54:52.826-0800][76896458ms] GC(23699) Old regions: 1436->1436
[2023-11-10T11:54:52.826-0800][76896458ms] GC(23699) Humongous regions: 5->5
[2023-11-10T11:54:52.826-0800][76896458ms] GC(23699) Metaspace: 304986K->304986K(1349632K)
[2023-11-10T11:54:52.826-0800][76896458ms] GC(23699) Pause Young (Normal) (G1 Evacuation Pause) 3234M->2880M(3602M) 6.800ms
[2023-11-10T11:54:52.826-0800][76896458ms] GC(23699) User=0.08s Sys=0.00s Real=0.01s
[2023-11-10T11:54:53.304-0800][76896936ms] GC(23700) Pause Young (Normal) (G1 Evacuation Pause)
[2023-11-10T11:54:53.304-0800][76896936ms] GC(23700) Using 10 workers of 10 for evacuation
[2023-11-10T11:54:53.310-0800][76896942ms] GC(23700)   Pre Evacuate Collection Set: 0.0ms
[2023-11-10T11:54:53.310-0800][76896942ms] GC(23700)   Evacuate Collection Set: 1.6ms
[2023-11-10T11:54:53.310-0800][76896942ms] GC(23700)   Post Evacuate Collection Set: 3.7ms
[2023-11-10T11:54:53.310-0800][76896942ms] GC(23700)   Other: 0.3ms
[2023-11-10T11:54:53.310-0800][76896942ms] GC(23700) Eden regions: 177->0(177)
[2023-11-10T11:54:53.310-0800][76896942ms] GC(23700) Survivor regions: 1->1(23)
[2023-11-10T11:54:53.310-0800][76896942ms] GC(23700) Old regions: 1436->1436
[2023-11-10T11:54:53.310-0800][76896942ms] GC(23700) Humongous regions: 5->5
[2023-11-10T11:54:53.310-0800][76896942ms] GC(23700) Metaspace: 304986K->304986K(1349632K)
[2023-11-10T11:54:53.310-0800][76896942ms] GC(23700) Pause Young (Normal) (G1 Evacuation Pause) 3234M->2880M(3602M) 5.750ms
[2023-11-10T11:54:53.311-0800][76896943ms] GC(23700) User=0.00s Sys=0.00s Real=0.01s
[2023-11-10T11:54:53.771-0800][76897403ms] GC(23701) Pause Young (Normal) (G1 Evacuation Pause)
[2023-11-10T11:54:53.771-0800][76897403ms] GC(23701) Using 10 workers of 10 for evacuation
[2023-11-10T11:54:53.776-0800][76897408ms] GC(23701)   Pre Evacuate Collection Set: 0.0ms
[2023-11-10T11:54:53.777-0800][76897409ms] GC(23701)   Evacuate Collection Set: 1.9ms
[2023-11-10T11:54:53.777-0800][76897409ms] GC(23701)   Post Evacuate Collection Set: 3.4ms
[2023-11-10T11:54:53.777-0800][76897409ms] GC(23701)   Other: 0.3ms
[2023-11-10T11:54:53.777-0800][76897409ms] GC(23701) Eden regions: 177->0(177)
[2023-11-10T11:54:53.777-0800][76897409ms] GC(23701) Survivor regions: 1->1(23)
[2023-11-10T11:54:53.777-0800][76897409ms] GC(23701) Old regions: 1436->1436
[2023-11-10T11:54:53.777-0800][76897409ms] GC(23701) Humongous regions: 5->5
[2023-11-10T11:54:53.777-0800][76897409ms] GC(23701) Metaspace: 304986K->304986K(1349632K)
[2023-11-10T11:54:53.777-0800][76897409ms] GC(23701) Pause Young (Normal) (G1 Evacuation Pause) 3234M->2880M(3602M) 5.746ms
[2023-11-10T11:54:53.777-0800][76897409ms] GC(23701) User=0.02s Sys=0.00s Real=0.01s
[2023-11-10T11:54:54.238-0800][76897870ms] GC(23702) Pause Young (Normal) (G1 Evacuation Pause)
[2023-11-10T11:54:54.238-0800][76897870ms] GC(23702) Using 10 workers of 10 for evacuation
[2023-11-10T11:54:54.244-0800][76897876ms] GC(23702)   Pre Evacuate Collection Set: 0.0ms
[2023-11-10T11:54:54.244-0800][76897876ms] GC(23702)   Evacuate Collection Set: 1.7ms
[2023-11-10T11:54:54.244-0800][76897876ms] GC(23702)   Post Evacuate Collection Set: 4.1ms
[2023-11-10T11:54:54.244-0800][76897876ms] GC(23702)   Other: 0.3ms
[2023-11-10T11:54:54.244-0800][76897876ms] GC(23702) Eden regions: 177->0(177)
[2023-11-10T11:54:54.244-0800][76897876ms] GC(23702) Survivor regions: 1->1(23)
[2023-11-10T11:54:54.244-0800][76897876ms] GC(23702) Old regions: 1436->1436
[2023-11-10T11:54:54.244-0800][76897876ms] GC(23702) Humongous regions: 5->5
[2023-11-10T11:54:54.244-0800][76897876ms] GC(23702) Metaspace: 304986K->304986K(1349632K)
[2023-11-10T11:54:54.244-0800][76897876ms] GC(23702) Pause Young (Normal) (G1 Evacuation Pause) 3234M->2880M(3602M) 6.414ms
[2023-11-10T11:54:54.244-0800][76897876ms] GC(23702) User=0.02s Sys=0.00s Real=0.01s
[2023-11-10T11:54:54.682-0800][76898314ms] GC(23703) Pause Young (Normal) (G1 Evacuation Pause)
[2023-11-10T11:54:54.682-0800][76898314ms] GC(23703) Using 10 workers of 10 for evacuation
[2023-11-10T11:54:54.689-0800][76898321ms] GC(23703)   Pre Evacuate Collection Set: 0.1ms
[2023-11-10T11:54:54.689-0800][76898321ms] GC(23703)   Evacuate Collection Set: 2.2ms
[2023-11-10T11:54:54.689-0800][76898321ms] GC(23703)   Post Evacuate Collection Set: 4.4ms
[2023-11-10T11:54:54.689-0800][76898321ms] GC(23703)   Other: 0.4ms
[2023-11-10T11:54:54.689-0800][76898321ms] GC(23703) Eden regions: 177->0(177)
[2023-11-10T11:54:54.689-0800][76898321ms] GC(23703) Survivor regions: 1->1(23)
[2023-11-10T11:54:54.689-0800][76898321ms] GC(23703) Old regions: 1436->1436
[2023-11-10T11:54:54.689-0800][76898321ms] GC(23703) Humongous regions: 5->5
[2023-11-10T11:54:54.689-0800][76898321ms] GC(23703) Metaspace: 304986K->304986K(1349632K)
[2023-11-10T11:54:54.689-0800][76898321ms] GC(23703) Pause Young (Normal) (G1 Evacuation Pause) 3234M->2880M(3602M) 7.167ms
[2023-11-10T11:54:54.689-0800][76898321ms] GC(23703) User=0.00s Sys=0.00s Real=0.01s
[2023-11-10T11:54:55.161-0800][76898793ms] GC(23704) Pause Young (Normal) (G1 Evacuation Pause)
[2023-11-10T11:54:55.161-0800][76898793ms] GC(23704) Using 10 workers of 10 for evacuation
[2023-11-10T11:54:55.167-0800][76898799ms] GC(23704)   Pre Evacuate Collection Set: 0.1ms
[2023-11-10T11:54:55.167-0800][76898799ms] GC(23704)   Evacuate Collection Set: 1.7ms
[2023-11-10T11:54:55.167-0800][76898799ms] GC(23704)   Post Evacuate Collection Set: 3.1ms
[2023-11-10T11:54:55.167-0800][76898799ms] GC(23704)   Other: 0.3ms
[2023-11-10T11:54:55.167-0800][76898799ms] GC(23704) Eden regions: 177->0(177)
[2023-11-10T11:54:55.167-0800][76898799ms] GC(23704) Survivor regions: 1->1(23)
[2023-11-10T11:54:55.167-0800][76898799ms] GC(23704) Old regions: 1436->1436
[2023-11-10T11:54:55.167-0800][76898799ms] GC(23704) Humongous regions: 5->5
[2023-11-10T11:54:55.167-0800][76898799ms] GC(23704) Metaspace: 304986K->304986K(1349632K)
[2023-11-10T11:54:55.167-0800][76898799ms] GC(23704) Pause Young (Normal) (G1 Evacuation Pause) 3234M->2880M(3602M) 5.276ms
[2023-11-10T11:54:55.167-0800][76898799ms] GC(23704) User=0.05s Sys=0.00s Real=0.01s
[2023-11-10T11:54:55.530-0800][76899162ms] GC(23705) Pause Young (Normal) (G1 Evacuation Pause)
[2023-11-10T11:54:55.530-0800][76899162ms] GC(23705) Using 10 workers of 10 for evacuation
[2023-11-10T11:54:55.534-0800][76899166ms] GC(23705)   Pre Evacuate Collection Set: 0.0ms
[2023-11-10T11:54:55.534-0800][76899166ms] GC(23705)   Evacuate Collection Set: 1.6ms
[2023-11-10T11:54:55.534-0800][76899166ms] GC(23705)   Post Evacuate Collection Set: 2.9ms
[2023-11-10T11:54:55.534-0800][76899166ms] GC(23705)   Other: 0.2ms
[2023-11-10T11:54:55.535-0800][76899167ms] GC(23705) Eden regions: 177->0(177)
[2023-11-10T11:54:55.535-0800][76899167ms] GC(23705) Survivor regions: 1->1(23)
[2023-11-10T11:54:55.535-0800][76899167ms] GC(23705) Old regions: 1436->1436
[2023-11-10T11:54:55.535-0800][76899167ms] GC(23705) Humongous regions: 5->5
[2023-11-10T11:54:55.535-0800][76899167ms] GC(23705) Metaspace: 304986K->304986K(1349632K)
[2023-11-10T11:54:55.535-0800][76899167ms] GC(23705) Pause Young (Normal) (G1 Evacuation Pause) 3234M->2880M(3602M) 4.859ms
[2023-11-10T11:54:55.535-0800][76899167ms] GC(23705) User=0.00s Sys=0.00s Real=0.01s
[2023-11-10T11:54:56.010-0800][76899642ms] GC(23706) Pause Young (Normal) (G1 Evacuation Pause)
[2023-11-10T11:54:56.010-0800][76899642ms] GC(23706) Using 10 workers of 10 for evacuation
[2023-11-10T11:54:56.015-0800][76899647ms] GC(23706)   Pre Evacuate Collection Set: 0.0ms
[2023-11-10T11:54:56.015-0800][76899647ms] GC(23706)   Evacuate Collection Set: 1.7ms
[2023-11-10T11:54:56.015-0800][76899647ms] GC(23706)   Post Evacuate Collection Set: 3.2ms
[2023-11-10T11:54:56.015-0800][76899647ms] GC(23706)   Other: 0.2ms
[2023-11-10T11:54:56.015-0800][76899647ms] GC(23706) Eden regions: 177->0(177)
[2023-11-10T11:54:56.015-0800][76899647ms] GC(23706) Survivor regions: 1->1(23)
[2023-11-10T11:54:56.015-0800][76899647ms] GC(23706) Old regions: 1436->1436
[2023-11-10T11:54:56.015-0800][76899647ms] GC(23706) Humongous regions: 5->5
[2023-11-10T11:54:56.015-0800][76899647ms] GC(23706) Metaspace: 304986K->304986K(1349632K)
[2023-11-10T11:54:56.015-0800][76899647ms] GC(23706) Pause Young (Normal) (G1 Evacuation Pause) 3234M->2880M(3602M) 5.286ms
[2023-11-10T11:54:56.015-0800][76899647ms] GC(23706) User=0.00s Sys=0.00s Real=0.01s
[2023-11-10T11:54:56.418-0800][76900050ms] GC(23707) Pause Young (Normal) (G1 Evacuation Pause)
[2023-11-10T11:54:56.418-0800][76900050ms] GC(23707) Using 10 workers of 10 for evacuation
[2023-11-10T11:54:56.422-0800][76900054ms] GC(23707)   Pre Evacuate Collection Set: 0.0ms
[2023-11-10T11:54:56.422-0800][76900054ms] GC(23707)   Evacuate Collection Set: 1.7ms
[2023-11-10T11:54:56.422-0800][76900054ms] GC(23707)   Post Evacuate Collection Set: 3.2ms
[2023-11-10T11:54:56.422-0800][76900054ms] GC(23707)   Other: 0.2ms
[2023-11-10T11:54:56.422-0800][76900054ms] GC(23707) Eden regions: 177->0(177)
[2023-11-10T11:54:56.422-0800][76900054ms] GC(23707) Survivor regions: 1->1(23)
[2023-11-10T11:54:56.422-0800][76900054ms] GC(23707) Old regions: 1436->1436
[2023-11-10T11:54:56.422-0800][76900054ms] GC(23707) Humongous regions: 5->5
[2023-11-10T11:54:56.422-0800][76900054ms] GC(23707) Metaspace: 304986K->304986K(1349632K)
[2023-11-10T11:54:56.423-0800][76900055ms] GC(23707) Pause Young (Normal) (G1 Evacuation Pause) 3234M->2880M(3602M) 5.274ms
[2023-11-10T11:54:56.423-0800][76900055ms] GC(23707) User=0.00s Sys=0.00s Real=0.01s
[2023-11-10T11:54:56.837-0800][76900469ms] GC(23708) Pause Young (Normal) (G1 Evacuation Pause)
[2023-11-10T11:54:56.837-0800][76900469ms] GC(23708) Using 10 workers of 10 for evacuation
[2023-11-10T11:54:56.843-0800][76900475ms] GC(23708)   Pre Evacuate Collection Set: 0.0ms
[2023-11-10T11:54:56.843-0800][76900475ms] GC(23708)   Evacuate Collection Set: 1.6ms
[2023-11-10T11:54:56.843-0800][76900475ms] GC(23708)   Post Evacuate Collection Set: 3.0ms
[2023-11-10T11:54:56.843-0800][76900475ms] GC(23708)   Other: 0.3ms
[2023-11-10T11:54:56.843-0800][76900475ms] GC(23708) Eden regions: 177->0(177)
[2023-11-10T11:54:56.843-0800][76900475ms] GC(23708) Survivor regions: 1->1(23)
[2023-11-10T11:54:56.843-0800][76900475ms] GC(23708) Old regions: 1436->1436
[2023-11-10T11:54:56.843-0800][76900475ms] GC(23708) Humongous regions: 5->5
[2023-11-10T11:54:56.843-0800][76900475ms] GC(23708) Metaspace: 304986K->304986K(1349632K)
[2023-11-10T11:54:56.843-0800][76900475ms] GC(23708) Pause Young (Normal) (G1 Evacuation Pause) 3234M->2880M(3602M) 5.137ms
[2023-11-10T11:54:56.843-0800][76900475ms] GC(23708) User=0.00s Sys=0.00s Real=0.01s
[2023-11-10T11:54:57.302-0800][76900934ms] GC(23709) Pause Young (Normal) (G1 Evacuation Pause)
[2023-11-10T11:54:57.302-0800][76900934ms] GC(23709) Using 10 workers of 10 for evacuation
[2023-11-10T11:54:57.308-0800][76900940ms] GC(23709)   Pre Evacuate Collection Set: 0.0ms
[2023-11-10T11:54:57.308-0800][76900940ms] GC(23709)   Evacuate Collection Set: 1.7ms
[2023-11-10T11:54:57.308-0800][76900940ms] GC(23709)   Post Evacuate Collection Set: 3.2ms
[2023-11-10T11:54:57.308-0800][76900940ms] GC(23709)   Other: 0.2ms
[2023-11-10T11:54:57.308-0800][76900940ms] GC(23709) Eden regions: 177->0(177)
[2023-11-10T11:54:57.308-0800][76900940ms] GC(23709) Survivor regions: 1->1(23)
[2023-11-10T11:54:57.308-0800][76900940ms] GC(23709) Old regions: 1436->1436
[2023-11-10T11:54:57.308-0800][76900940ms] GC(23709) Humongous regions: 5->5
[2023-11-10T11:54:57.308-0800][76900940ms] GC(23709) Metaspace: 304986K->304986K(1349632K)
[2023-11-10T11:54:57.308-0800][76900940ms] GC(23709) Pause Young (Normal) (G1 Evacuation Pause) 3234M->2880M(3602M) 5.196ms
[2023-11-10T11:54:57.308-0800][76900940ms] GC(23709) User=0.11s Sys=0.00s Real=0.01s
[2023-11-10T11:54:57.723-0800][76901355ms] GC(23710) Pause Young (Normal) (G1 Evacuation Pause)
[2023-11-10T11:54:57.723-0800][76901355ms] GC(23710) Using 10 workers of 10 for evacuation
[2023-11-10T11:54:57.729-0800][76901361ms] GC(23710)   Pre Evacuate Collection Set: 0.0ms
[2023-11-10T11:54:57.729-0800][76901361ms] GC(23710)   Evacuate Collection Set: 1.8ms
[2023-11-10T11:54:57.729-0800][76901361ms] GC(23710)   Post Evacuate Collection Set: 3.1ms
[2023-11-10T11:54:57.729-0800][76901361ms] GC(23710)   Other: 0.3ms
[2023-11-10T11:54:57.729-0800][76901361ms] GC(23710) Eden regions: 177->0(177)
[2023-11-10T11:54:57.729-0800][76901361ms] GC(23710) Survivor regions: 1->1(23)
[2023-11-10T11:54:57.729-0800][76901361ms] GC(23710) Old regions: 1436->1436
[2023-11-10T11:54:57.729-0800][76901361ms] GC(23710) Humongous regions: 5->5
[2023-11-10T11:54:57.729-0800][76901361ms] GC(23710) Metaspace: 304986K->304986K(1349632K)
[2023-11-10T11:54:57.729-0800][76901361ms] GC(23710) Pause Young (Normal) (G1 Evacuation Pause) 3234M->2880M(3602M) 5.296ms
[2023-11-10T11:54:57.729-0800][76901361ms] GC(23710) User=0.02s Sys=0.00s Real=0.01s
[2023-11-10T11:54:58.109-0800][76901741ms] GC(23711) Pause Young (Normal) (G1 Evacuation Pause)
[2023-11-10T11:54:58.110-0800][76901742ms] GC(23711) Using 10 workers of 10 for evacuation
[2023-11-10T11:54:58.115-0800][76901747ms] GC(23711)   Pre Evacuate Collection Set: 0.1ms
[2023-11-10T11:54:58.115-0800][76901747ms] GC(23711)   Evacuate Collection Set: 2.2ms
[2023-11-10T11:54:58.115-0800][76901747ms] GC(23711)   Post Evacuate Collection Set: 3.0ms
[2023-11-10T11:54:58.115-0800][76901747ms] GC(23711)   Other: 0.3ms
[2023-11-10T11:54:58.115-0800][76901747ms] GC(23711) Eden regions: 177->0(177)
[2023-11-10T11:54:58.115-0800][76901747ms] GC(23711) Survivor regions: 1->1(23)
[2023-11-10T11:54:58.115-0800][76901747ms] GC(23711) Old regions: 1436->1436
[2023-11-10T11:54:58.115-0800][76901747ms] GC(23711) Humongous regions: 5->5
[2023-11-10T11:54:58.115-0800][76901747ms] GC(23711) Metaspace: 304986K->304986K(1349632K)
[2023-11-10T11:54:58.115-0800][76901747ms] GC(23711) Pause Young (Normal) (G1 Evacuation Pause) 3234M->2881M(3602M) 5.713ms
[2023-11-10T11:54:58.115-0800][76901747ms] GC(23711) User=0.00s Sys=0.00s Real=0.01s
[2023-11-10T11:54:58.537-0800][76902169ms] GC(23712) Pause Young (Normal) (G1 Evacuation Pause)
[2023-11-10T11:54:58.537-0800][76902169ms] GC(23712) Using 10 workers of 10 for evacuation
[2023-11-10T11:54:58.542-0800][76902174ms] GC(23712)   Pre Evacuate Collection Set: 0.0ms
[2023-11-10T11:54:58.542-0800][76902174ms] GC(23712)   Evacuate Collection Set: 1.7ms
[2023-11-10T11:54:58.542-0800][76902174ms] GC(23712)   Post Evacuate Collection Set: 3.0ms
[2023-11-10T11:54:58.542-0800][76902174ms] GC(23712)   Other: 0.3ms
[2023-11-10T11:54:58.542-0800][76902174ms] GC(23712) Eden regions: 177->0(177)
[2023-11-10T11:54:58.542-0800][76902174ms] GC(23712) Survivor regions: 1->1(23)
[2023-11-10T11:54:58.542-0800][76902174ms] GC(23712) Old regions: 1436->1436
[2023-11-10T11:54:58.542-0800][76902174ms] GC(23712) Humongous regions: 5->5
[2023-11-10T11:54:58.542-0800][76902174ms] GC(23712) Metaspace: 304986K->304986K(1349632K)
[2023-11-10T11:54:58.542-0800][76902174ms] GC(23712) Pause Young (Normal) (G1 Evacuation Pause) 3235M->2880M(3602M) 5.193ms
[2023-11-10T11:54:58.543-0800][76902175ms] GC(23712) User=0.11s Sys=0.00s Real=0.01s
[2023-11-10T11:54:58.956-0800][76902588ms] GC(23713) Pause Young (Normal) (G1 Evacuation Pause)
[2023-11-10T11:54:58.956-0800][76902588ms] GC(23713) Using 10 workers of 10 for evacuation
[2023-11-10T11:54:58.962-0800][76902594ms] GC(23713)   Pre Evacuate Collection Set: 0.0ms
[2023-11-10T11:54:58.962-0800][76902594ms] GC(23713)   Evacuate Collection Set: 1.9ms
[2023-11-10T11:54:58.962-0800][76902594ms] GC(23713)   Post Evacuate Collection Set: 3.3ms
[2023-11-10T11:54:58.962-0800][76902594ms] GC(23713)   Other: 0.3ms
[2023-11-10T11:54:58.962-0800][76902594ms] GC(23713) Eden regions: 177->0(177)
[2023-11-10T11:54:58.962-0800][76902594ms] GC(23713) Survivor regions: 1->1(23)
[2023-11-10T11:54:58.962-0800][76902594ms] GC(23713) Old regions: 1436->1436
[2023-11-10T11:54:58.962-0800][76902594ms] GC(23713) Humongous regions: 5->5
[2023-11-10T11:54:58.962-0800][76902594ms] GC(23713) Metaspace: 304986K->304986K(1349632K)
[2023-11-10T11:54:58.962-0800][76902594ms] GC(23713) Pause Young (Normal) (G1 Evacuation Pause) 3234M->2880M(3602M) 5.599ms
[2023-11-10T11:54:58.962-0800][76902594ms] GC(23713) User=0.00s Sys=0.00s Real=0.01s
[2023-11-10T11:54:59.367-0800][76902999ms] GC(23714) Pause Young (Normal) (G1 Evacuation Pause)
[2023-11-10T11:54:59.367-0800][76902999ms] GC(23714) Using 10 workers of 10 for evacuation
[2023-11-10T11:54:59.371-0800][76903003ms] GC(23714)   Pre Evacuate Collection Set: 0.0ms
[2023-11-10T11:54:59.371-0800][76903003ms] GC(23714)   Evacuate Collection Set: 1.6ms
[2023-11-10T11:54:59.371-0800][76903003ms] GC(23714)   Post Evacuate Collection Set: 3.4ms
[2023-11-10T11:54:59.371-0800][76903003ms] GC(23714)   Other: 0.2ms
[2023-11-10T11:54:59.371-0800][76903003ms] GC(23714) Eden regions: 177->0(177)
[2023-11-10T11:54:59.371-0800][76903003ms] GC(23714) Survivor regions: 1->1(23)
[2023-11-10T11:54:59.371-0800][76903003ms] GC(23714) Old regions: 1436->1436
[2023-11-10T11:54:59.371-0800][76903003ms] GC(23714) Humongous regions: 5->5
[2023-11-10T11:54:59.371-0800][76903003ms] GC(23714) Metaspace: 304986K->304986K(1349632K)
[2023-11-10T11:54:59.371-0800][76903003ms] GC(23714) Pause Young (Normal) (G1 Evacuation Pause) 3234M->2880M(3602M) 5.330ms
[2023-11-10T11:54:59.371-0800][76903003ms] GC(23714) User=0.00s Sys=0.00s Real=0.00s
[2023-11-10T11:54:59.782-0800][76903414ms] GC(23715) Pause Young (Normal) (G1 Evacuation Pause)
[2023-11-10T11:54:59.782-0800][76903414ms] GC(23715) Using 10 workers of 10 for evacuation
[2023-11-10T11:54:59.787-0800][76903419ms] GC(23715)   Pre Evacuate Collection Set: 0.0ms
[2023-11-10T11:54:59.787-0800][76903419ms] GC(23715)   Evacuate Collection Set: 1.6ms
[2023-11-10T11:54:59.787-0800][76903419ms] GC(23715)   Post Evacuate Collection Set: 3.8ms
[2023-11-10T11:54:59.787-0800][76903419ms] GC(23715)   Other: 0.3ms
[2023-11-10T11:54:59.787-0800][76903419ms] GC(23715) Eden regions: 177->0(177)
[2023-11-10T11:54:59.787-0800][76903419ms] GC(23715) Survivor regions: 1->1(23)
[2023-11-10T11:54:59.787-0800][76903419ms] GC(23715) Old regions: 1436->1436
[2023-11-10T11:54:59.787-0800][76903419ms] GC(23715) Humongous regions: 5->5
[2023-11-10T11:54:59.787-0800][76903419ms] GC(23715) Metaspace: 304986K->304986K(1349632K)
[2023-11-10T11:54:59.787-0800][76903419ms] GC(23715) Pause Young (Normal) (G1 Evacuation Pause) 3234M->2880M(3602M) 5.808ms
[2023-11-10T11:54:59.787-0800][76903419ms] GC(23715) User=0.00s Sys=0.00s Real=0.00s
[2023-11-10T11:55:00.222-0800][76903854ms] GC(23716) Pause Young (Normal) (G1 Evacuation Pause)
[2023-11-10T11:55:00.222-0800][76903854ms] GC(23716) Using 10 workers of 10 for evacuation
[2023-11-10T11:55:00.227-0800][76903859ms] GC(23716)   Pre Evacuate Collection Set: 0.0ms
[2023-11-10T11:55:00.227-0800][76903859ms] GC(23716)   Evacuate Collection Set: 1.8ms
[2023-11-10T11:55:00.227-0800][76903859ms] GC(23716)   Post Evacuate Collection Set: 3.3ms
[2023-11-10T11:55:00.227-0800][76903859ms] GC(23716)   Other: 0.2ms
[2023-11-10T11:55:00.227-0800][76903859ms] GC(23716) Eden regions: 177->0(177)
[2023-11-10T11:55:00.227-0800][76903859ms] GC(23716) Survivor regions: 1->1(23)
[2023-11-10T11:55:00.227-0800][76903859ms] GC(23716) Old regions: 1436->1436
[2023-11-10T11:55:00.227-0800][76903859ms] GC(23716) Humongous regions: 5->5
[2023-11-10T11:55:00.227-0800][76903859ms] GC(23716) Metaspace: 304986K->304986K(1349632K)
[2023-11-10T11:55:00.227-0800][76903859ms] GC(23716) Pause Young (Normal) (G1 Evacuation Pause) 3234M->2880M(3602M) 5.431ms
[2023-11-10T11:55:00.227-0800][76903859ms] GC(23716) User=0.02s Sys=0.00s Real=0.01s
[2023-11-10T11:55:00.659-0800][76904291ms] GC(23717) Pause Young (Normal) (G1 Evacuation Pause)
[2023-11-10T11:55:00.659-0800][76904291ms] GC(23717) Using 10 workers of 10 for evacuation
[2023-11-10T11:55:00.665-0800][76904297ms] GC(23717)   Pre Evacuate Collection Set: 0.1ms
[2023-11-10T11:55:00.665-0800][76904297ms] GC(23717)   Evacuate Collection Set: 1.7ms
[2023-11-10T11:55:00.665-0800][76904297ms] GC(23717)   Post Evacuate Collection Set: 3.5ms
[2023-11-10T11:55:00.665-0800][76904297ms] GC(23717)   Other: 0.3ms
[2023-11-10T11:55:00.665-0800][76904297ms] GC(23717) Eden regions: 177->0(177)
[2023-11-10T11:55:00.665-0800][76904297ms] GC(23717) Survivor regions: 1->1(23)
[2023-11-10T11:55:00.665-0800][76904297ms] GC(23717) Old regions: 1436->1436
[2023-11-10T11:55:00.665-0800][76904297ms] GC(23717) Humongous regions: 5->5
[2023-11-10T11:55:00.665-0800][76904297ms] GC(23717) Metaspace: 304986K->304986K(1349632K)
[2023-11-10T11:55:00.666-0800][76904298ms] GC(23717) Pause Young (Normal) (G1 Evacuation Pause) 3234M->2880M(3602M) 5.613ms
[2023-11-10T11:55:00.666-0800][76904298ms] GC(23717) User=0.02s Sys=0.00s Real=0.01s
[2023-11-10T11:55:01.108-0800][76904740ms] GC(23718) Pause Young (Normal) (G1 Evacuation Pause)
[2023-11-10T11:55:01.108-0800][76904740ms] GC(23718) Using 10 workers of 10 for evacuation
[2023-11-10T11:55:01.114-0800][76904746ms] GC(23718)   Pre Evacuate Collection Set: 0.1ms
[2023-11-10T11:55:01.114-0800][76904746ms] GC(23718)   Evacuate Collection Set: 2.1ms
[2023-11-10T11:55:01.114-0800][76904746ms] GC(23718)   Post Evacuate Collection Set: 3.2ms
[2023-11-10T11:55:01.114-0800][76904746ms] GC(23718)   Other: 0.4ms
[2023-11-10T11:55:01.114-0800][76904746ms] GC(23718) Eden regions: 177->0(177)
[2023-11-10T11:55:01.114-0800][76904746ms] GC(23718) Survivor regions: 1->1(23)
[2023-11-10T11:55:01.114-0800][76904746ms] GC(23718) Old regions: 1436->1436
[2023-11-10T11:55:01.114-0800][76904746ms] GC(23718) Humongous regions: 5->5
[2023-11-10T11:55:01.114-0800][76904746ms] GC(23718) Metaspace: 304986K->304986K(1349632K)
[2023-11-10T11:55:01.114-0800][76904746ms] GC(23718) Pause Young (Normal) (G1 Evacuation Pause) 3234M->2880M(3602M) 5.883ms
[2023-11-10T11:55:01.114-0800][76904746ms] GC(23718) User=0.00s Sys=0.00s Real=0.01s
[2023-11-10T11:55:01.613-0800][76905245ms] GC(23719) Pause Young (Normal) (G1 Evacuation Pause)
[2023-11-10T11:55:01.613-0800][76905245ms] GC(23719) Using 10 workers of 10 for evacuation
[2023-11-10T11:55:01.620-0800][76905252ms] GC(23719)   Pre Evacuate Collection Set: 0.1ms
[2023-11-10T11:55:01.620-0800][76905252ms] GC(23719)   Evacuate Collection Set: 2.4ms
[2023-11-10T11:55:01.620-0800][76905252ms] GC(23719)   Post Evacuate Collection Set: 4.1ms
[2023-11-10T11:55:01.621-0800][76905253ms] GC(23719)   Other: 0.8ms
[2023-11-10T11:55:01.621-0800][76905253ms] GC(23719) Eden regions: 177->0(177)
[2023-11-10T11:55:01.621-0800][76905253ms] GC(23719) Survivor regions: 1->1(23)
[2023-11-10T11:55:01.621-0800][76905253ms] GC(23719) Old regions: 1436->1436
[2023-11-10T11:55:01.621-0800][76905253ms] GC(23719) Humongous regions: 5->5
[2023-11-10T11:55:01.621-0800][76905253ms] GC(23719) Metaspace: 304986K->304986K(1349632K)
[2023-11-10T11:55:01.621-0800][76905253ms] GC(23719) Pause Young (Normal) (G1 Evacuation Pause) 3234M->2880M(3602M) 7.480ms
[2023-11-10T11:55:01.621-0800][76905253ms] GC(23719) User=0.00s Sys=0.00s Real=0.01s
[2023-11-10T11:55:02.152-0800][76905784ms] GC(23720) Pause Young (Normal) (G1 Evacuation Pause)
[2023-11-10T11:55:02.152-0800][76905784ms] GC(23720) Using 10 workers of 10 for evacuation
[2023-11-10T11:55:02.159-0800][76905791ms] GC(23720)   Pre Evacuate Collection Set: 0.1ms
[2023-11-10T11:55:02.159-0800][76905791ms] GC(23720)   Evacuate Collection Set: 2.4ms
[2023-11-10T11:55:02.159-0800][76905791ms] GC(23720)   Post Evacuate Collection Set: 4.3ms
[2023-11-10T11:55:02.159-0800][76905791ms] GC(23720)   Other: 0.4ms
[2023-11-10T11:55:02.159-0800][76905791ms] GC(23720) Eden regions: 177->0(177)
[2023-11-10T11:55:02.159-0800][76905791ms] GC(23720) Survivor regions: 1->1(23)
[2023-11-10T11:55:02.160-0800][76905792ms] GC(23720) Old regions: 1436->1436
[2023-11-10T11:55:02.160-0800][76905792ms] GC(23720) Humongous regions: 5->5
[2023-11-10T11:55:02.160-0800][76905792ms] GC(23720) Metaspace: 304986K->304986K(1349632K)
[2023-11-10T11:55:02.160-0800][76905792ms] GC(23720) Pause Young (Normal) (G1 Evacuation Pause) 3234M->2880M(3602M) 7.316ms
[2023-11-10T11:55:02.160-0800][76905792ms] GC(23720) User=0.00s Sys=0.00s Real=0.01s
[2023-11-10T11:55:02.625-0800][76906257ms] GC(23721) Pause Young (Normal) (G1 Evacuation Pause)
[2023-11-10T11:55:02.625-0800][76906257ms] GC(23721) Using 10 workers of 10 for evacuation
[2023-11-10T11:55:02.633-0800][76906265ms] GC(23721)   Pre Evacuate Collection Set: 0.1ms
[2023-11-10T11:55:02.633-0800][76906265ms] GC(23721)   Evacuate Collection Set: 2.9ms
[2023-11-10T11:55:02.633-0800][76906265ms] GC(23721)   Post Evacuate Collection Set: 4.9ms
[2023-11-10T11:55:02.633-0800][76906265ms] GC(23721)   Other: 0.4ms
[2023-11-10T11:55:02.633-0800][76906265ms] GC(23721) Eden regions: 177->0(177)
[2023-11-10T11:55:02.633-0800][76906265ms] GC(23721) Survivor regions: 1->1(23)
[2023-11-10T11:55:02.633-0800][76906265ms] GC(23721) Old regions: 1436->1436
[2023-11-10T11:55:02.633-0800][76906265ms] GC(23721) Humongous regions: 5->5
[2023-11-10T11:55:02.633-0800][76906265ms] GC(23721) Metaspace: 304986K->304986K(1349632K)
[2023-11-10T11:55:02.633-0800][76906265ms] GC(23721) Pause Young (Normal) (G1 Evacuation Pause) 3234M->2880M(3602M) 8.381ms
[2023-11-10T11:55:02.633-0800][76906265ms] GC(23721) User=0.00s Sys=0.00s Real=0.01s
[2023-11-10T11:55:03.039-0800][76906671ms] GC(23722) Pause Young (Normal) (G1 Evacuation Pause)
[2023-11-10T11:55:03.039-0800][76906671ms] GC(23722) Using 10 workers of 10 for evacuation
[2023-11-10T11:55:03.050-0800][76906682ms] GC(23722)   Pre Evacuate Collection Set: 0.0ms
[2023-11-10T11:55:03.050-0800][76906682ms] GC(23722)   Evacuate Collection Set: 6.2ms
[2023-11-10T11:55:03.050-0800][76906682ms] GC(23722)   Post Evacuate Collection Set: 3.7ms
[2023-11-10T11:55:03.050-0800][76906682ms] GC(23722)   Other: 0.3ms
[2023-11-10T11:55:03.050-0800][76906682ms] GC(23722) Eden regions: 177->0(177)
[2023-11-10T11:55:03.050-0800][76906682ms] GC(23722) Survivor regions: 1->1(23)
[2023-11-10T11:55:03.050-0800][76906682ms] GC(23722) Old regions: 1436->1436
[2023-11-10T11:55:03.050-0800][76906682ms] GC(23722) Humongous regions: 5->5
[2023-11-10T11:55:03.050-0800][76906682ms] GC(23722) Metaspace: 304986K->304986K(1349632K)
[2023-11-10T11:55:03.050-0800][76906682ms] GC(23722) Pause Young (Normal) (G1 Evacuation Pause) 3234M->2881M(3602M) 10.382ms
[2023-11-10T11:55:03.050-0800][76906682ms] GC(23722) User=0.00s Sys=0.00s Real=0.01s
[2023-11-10T11:55:03.514-0800][76907146ms] GC(23723) Pause Young (Normal) (G1 Evacuation Pause)
[2023-11-10T11:55:03.514-0800][76907146ms] GC(23723) Using 10 workers of 10 for evacuation
[2023-11-10T11:55:03.524-0800][76907156ms] GC(23723)   Pre Evacuate Collection Set: 0.1ms
[2023-11-10T11:55:03.524-0800][76907156ms] GC(23723)   Evacuate Collection Set: 2.7ms
[2023-11-10T11:55:03.524-0800][76907156ms] GC(23723)   Post Evacuate Collection Set: 5.7ms
[2023-11-10T11:55:03.524-0800][76907156ms] GC(23723)   Other: 0.5ms
[2023-11-10T11:55:03.524-0800][76907156ms] GC(23723) Eden regions: 177->0(177)
[2023-11-10T11:55:03.524-0800][76907156ms] GC(23723) Survivor regions: 1->1(23)
[2023-11-10T11:55:03.524-0800][76907156ms] GC(23723) Old regions: 1436->1436
[2023-11-10T11:55:03.524-0800][76907156ms] GC(23723) Humongous regions: 5->5
[2023-11-10T11:55:03.524-0800][76907156ms] GC(23723) Metaspace: 304986K->304986K(1349632K)
[2023-11-10T11:55:03.524-0800][76907156ms] GC(23723) Pause Young (Normal) (G1 Evacuation Pause) 3235M->2881M(3602M) 9.106ms
[2023-11-10T11:55:03.524-0800][76907156ms] GC(23723) User=0.02s Sys=0.00s Real=0.01s
[2023-11-10T11:55:04.033-0800][76907665ms] GC(23724) Pause Young (Normal) (G1 Evacuation Pause)
[2023-11-10T11:55:04.033-0800][76907665ms] GC(23724) Using 10 workers of 10 for evacuation
[2023-11-10T11:55:04.040-0800][76907672ms] GC(23724)   Pre Evacuate Collection Set: 0.1ms
[2023-11-10T11:55:04.040-0800][76907672ms] GC(23724)   Evacuate Collection Set: 2.9ms
[2023-11-10T11:55:04.040-0800][76907672ms] GC(23724)   Post Evacuate Collection Set: 4.3ms
[2023-11-10T11:55:04.040-0800][76907672ms] GC(23724)   Other: 0.4ms
[2023-11-10T11:55:04.040-0800][76907672ms] GC(23724) Eden regions: 177->0(177)
[2023-11-10T11:55:04.040-0800][76907672ms] GC(23724) Survivor regions: 1->1(23)
[2023-11-10T11:55:04.040-0800][76907672ms] GC(23724) Old regions: 1436->1436
[2023-11-10T11:55:04.040-0800][76907672ms] GC(23724) Humongous regions: 5->5
[2023-11-10T11:55:04.040-0800][76907672ms] GC(23724) Metaspace: 304986K->304986K(1349632K)
[2023-11-10T11:55:04.040-0800][76907672ms] GC(23724) Pause Young (Normal) (G1 Evacuation Pause) 3235M->2881M(3602M) 7.794ms
[2023-11-10T11:55:04.040-0800][76907672ms] GC(23724) User=0.02s Sys=0.00s Real=0.01s
[2023-11-10T11:55:04.496-0800][76908128ms] GC(23725) Pause Young (Normal) (GCLocker Initiated GC)
[2023-11-10T11:55:04.496-0800][76908128ms] GC(23725) Using 10 workers of 10 for evacuation
[2023-11-10T11:55:04.502-0800][76908134ms] GC(23725)   Pre Evacuate Collection Set: 0.0ms
[2023-11-10T11:55:04.502-0800][76908134ms] GC(23725)   Evacuate Collection Set: 1.8ms
[2023-11-10T11:55:04.502-0800][76908134ms] GC(23725)   Post Evacuate Collection Set: 3.3ms
[2023-11-10T11:55:04.502-0800][76908134ms] GC(23725)   Other: 0.3ms
[2023-11-10T11:55:04.502-0800][76908134ms] GC(23725) Eden regions: 177->0(177)
[2023-11-10T11:55:04.502-0800][76908134ms] GC(23725) Survivor regions: 1->1(23)
[2023-11-10T11:55:04.502-0800][76908134ms] GC(23725) Old regions: 1436->1436
[2023-11-10T11:55:04.502-0800][76908134ms] GC(23725) Humongous regions: 5->5
[2023-11-10T11:55:04.502-0800][76908134ms] GC(23725) Metaspace: 304986K->304986K(1349632K)
[2023-11-10T11:55:04.502-0800][76908134ms] GC(23725) Pause Young (Normal) (GCLocker Initiated GC) 3235M->2881M(3602M) 5.544ms
[2023-11-10T11:55:04.502-0800][76908134ms] GC(23725) User=0.00s Sys=0.00s Real=0.01s
[2023-11-10T11:55:04.948-0800][76908580ms] GC(23726) Pause Young (Normal) (GCLocker Initiated GC)
[2023-11-10T11:55:04.948-0800][76908580ms] GC(23726) Using 10 workers of 10 for evacuation
[2023-11-10T11:55:04.955-0800][76908587ms] GC(23726)   Pre Evacuate Collection Set: 0.1ms
[2023-11-10T11:55:04.955-0800][76908587ms] GC(23726)   Evacuate Collection Set: 2.3ms
[2023-11-10T11:55:04.955-0800][76908587ms] GC(23726)   Post Evacuate Collection Set: 4.1ms
[2023-11-10T11:55:04.955-0800][76908587ms] GC(23726)   Other: 0.4ms
[2023-11-10T11:55:04.955-0800][76908587ms] GC(23726) Eden regions: 177->0(177)
[2023-11-10T11:55:04.955-0800][76908587ms] GC(23726) Survivor regions: 1->1(23)
[2023-11-10T11:55:04.955-0800][76908587ms] GC(23726) Old regions: 1436->1436
[2023-11-10T11:55:04.955-0800][76908587ms] GC(23726) Humongous regions: 5->5
[2023-11-10T11:55:04.955-0800][76908587ms] GC(23726) Metaspace: 304986K->304986K(1349632K)
[2023-11-10T11:55:04.955-0800][76908587ms] GC(23726) Pause Young (Normal) (GCLocker Initiated GC) 3235M->2881M(3602M) 6.965ms
[2023-11-10T11:55:04.955-0800][76908587ms] GC(23726) User=0.00s Sys=0.00s Real=0.01s
[2023-11-10T11:55:05.381-0800][76909013ms] GC(23727) Pause Young (Normal) (GCLocker Initiated GC)
[2023-11-10T11:55:05.382-0800][76909014ms] GC(23727) Using 10 workers of 10 for evacuation
[2023-11-10T11:55:05.386-0800][76909018ms] GC(23727)   Pre Evacuate Collection Set: 0.0ms
[2023-11-10T11:55:05.386-0800][76909018ms] GC(23727)   Evacuate Collection Set: 1.7ms
[2023-11-10T11:55:05.386-0800][76909018ms] GC(23727)   Post Evacuate Collection Set: 3.2ms
[2023-11-10T11:55:05.387-0800][76909019ms] GC(23727)   Other: 0.3ms
[2023-11-10T11:55:05.387-0800][76909019ms] GC(23727) Eden regions: 178->0(177)
[2023-11-10T11:55:05.387-0800][76909019ms] GC(23727) Survivor regions: 1->1(23)
[2023-11-10T11:55:05.387-0800][76909019ms] GC(23727) Old regions: 1436->1436
[2023-11-10T11:55:05.387-0800][76909019ms] GC(23727) Humongous regions: 5->5
[2023-11-10T11:55:05.387-0800][76909019ms] GC(23727) Metaspace: 304986K->304986K(1349632K)
[2023-11-10T11:55:05.387-0800][76909019ms] GC(23727) Pause Young (Normal) (GCLocker Initiated GC) 3236M->2881M(3602M) 5.245ms
[2023-11-10T11:55:05.387-0800][76909019ms] GC(23727) User=0.02s Sys=0.00s Real=0.01s
[2023-11-10T11:55:05.832-0800][76909464ms] GC(23728) Pause Young (Normal) (G1 Evacuation Pause)
[2023-11-10T11:55:05.832-0800][76909464ms] GC(23728) Using 10 workers of 10 for evacuation
[2023-11-10T11:55:05.838-0800][76909470ms] GC(23728)   Pre Evacuate Collection Set: 0.1ms
[2023-11-10T11:55:05.838-0800][76909470ms] GC(23728)   Evacuate Collection Set: 1.7ms
[2023-11-10T11:55:05.838-0800][76909470ms] GC(23728)   Post Evacuate Collection Set: 3.1ms
[2023-11-10T11:55:05.838-0800][76909470ms] GC(23728)   Other: 0.3ms
[2023-11-10T11:55:05.838-0800][76909470ms] GC(23728) Eden regions: 177->0(177)
[2023-11-10T11:55:05.838-0800][76909470ms] GC(23728) Survivor regions: 1->1(23)
[2023-11-10T11:55:05.838-0800][76909470ms] GC(23728) Old regions: 1436->1436
[2023-11-10T11:55:05.838-0800][76909470ms] GC(23728) Humongous regions: 5->5
[2023-11-10T11:55:05.838-0800][76909470ms] GC(23728) Metaspace: 304986K->304986K(1349632K)
[2023-11-10T11:55:05.838-0800][76909470ms] GC(23728) Pause Young (Normal) (G1 Evacuation Pause) 3235M->2881M(3602M) 5.252ms
[2023-11-10T11:55:05.839-0800][76909471ms] GC(23728) User=0.02s Sys=0.00s Real=0.01s
[2023-11-10T11:55:06.257-0800][76909889ms] GC(23729) Pause Young (Normal) (G1 Evacuation Pause)
[2023-11-10T11:55:06.257-0800][76909889ms] GC(23729) Using 10 workers of 10 for evacuation
[2023-11-10T11:55:06.263-0800][76909895ms] GC(23729)   Pre Evacuate Collection Set: 0.1ms
[2023-11-10T11:55:06.263-0800][76909895ms] GC(23729)   Evacuate Collection Set: 1.7ms
[2023-11-10T11:55:06.263-0800][76909895ms] GC(23729)   Post Evacuate Collection Set: 3.3ms
[2023-11-10T11:55:06.263-0800][76909895ms] GC(23729)   Other: 0.3ms
[2023-11-10T11:55:06.263-0800][76909895ms] GC(23729) Eden regions: 177->0(177)
[2023-11-10T11:55:06.263-0800][76909895ms] GC(23729) Survivor regions: 1->1(23)
[2023-11-10T11:55:06.263-0800][76909895ms] GC(23729) Old regions: 1436->1436
[2023-11-10T11:55:06.263-0800][76909895ms] GC(23729) Humongous regions: 5->5
[2023-11-10T11:55:06.263-0800][76909895ms] GC(23729) Metaspace: 304986K->304986K(1349632K)
[2023-11-10T11:55:06.263-0800][76909895ms] GC(23729) Pause Young (Normal) (G1 Evacuation Pause) 3235M->2881M(3602M) 5.682ms
[2023-11-10T11:55:06.263-0800][76909895ms] GC(23729) User=0.00s Sys=0.00s Real=0.01s
[2023-11-10T11:55:06.706-0800][76910338ms] GC(23730) Pause Young (Normal) (G1 Evacuation Pause)
[2023-11-10T11:55:06.706-0800][76910338ms] GC(23730) Using 10 workers of 10 for evacuation
[2023-11-10T11:55:06.712-0800][76910344ms] GC(23730)   Pre Evacuate Collection Set: 0.1ms
[2023-11-10T11:55:06.712-0800][76910344ms] GC(23730)   Evacuate Collection Set: 1.7ms
[2023-11-10T11:55:06.712-0800][76910344ms] GC(23730)   Post Evacuate Collection Set: 3.1ms
[2023-11-10T11:55:06.712-0800][76910344ms] GC(23730)   Other: 0.3ms
[2023-11-10T11:55:06.712-0800][76910344ms] GC(23730) Eden regions: 177->0(177)
[2023-11-10T11:55:06.712-0800][76910344ms] GC(23730) Survivor regions: 1->1(23)
[2023-11-10T11:55:06.712-0800][76910344ms] GC(23730) Old regions: 1436->1436
[2023-11-10T11:55:06.712-0800][76910344ms] GC(23730) Humongous regions: 5->5
[2023-11-10T11:55:06.712-0800][76910344ms] GC(23730) Metaspace: 304986K->304986K(1349632K)
[2023-11-10T11:55:06.712-0800][76910344ms] GC(23730) Pause Young (Normal) (G1 Evacuation Pause) 3235M->2881M(3602M) 5.315ms
[2023-11-10T11:55:06.712-0800][76910344ms] GC(23730) User=0.02s Sys=0.00s Real=0.01s
[2023-11-10T11:55:07.110-0800][76910742ms] GC(23731) Pause Young (Normal) (G1 Evacuation Pause)
[2023-11-10T11:55:07.110-0800][76910742ms] GC(23731) Using 10 workers of 10 for evacuation
[2023-11-10T11:55:07.115-0800][76910747ms] GC(23731)   Pre Evacuate Collection Set: 0.0ms
[2023-11-10T11:55:07.115-0800][76910747ms] GC(23731)   Evacuate Collection Set: 1.6ms
[2023-11-10T11:55:07.115-0800][76910747ms] GC(23731)   Post Evacuate Collection Set: 3.0ms
[2023-11-10T11:55:07.115-0800][76910747ms] GC(23731)   Other: 0.2ms
[2023-11-10T11:55:07.115-0800][76910747ms] GC(23731) Eden regions: 177->0(177)
[2023-11-10T11:55:07.115-0800][76910747ms] GC(23731) Survivor regions: 1->1(23)
[2023-11-10T11:55:07.115-0800][76910747ms] GC(23731) Old regions: 1436->1436
[2023-11-10T11:55:07.115-0800][76910747ms] GC(23731) Humongous regions: 5->5
[2023-11-10T11:55:07.115-0800][76910747ms] GC(23731) Metaspace: 304986K->304986K(1349632K)
[2023-11-10T11:55:07.115-0800][76910747ms] GC(23731) Pause Young (Normal) (G1 Evacuation Pause) 3235M->2881M(3602M) 5.061ms
[2023-11-10T11:55:07.115-0800][76910747ms] GC(23731) User=0.00s Sys=0.00s Real=0.01s
[2023-11-10T11:55:07.604-0800][76911236ms] GC(23732) Pause Young (Normal) (G1 Evacuation Pause)
[2023-11-10T11:55:07.604-0800][76911236ms] GC(23732) Using 10 workers of 10 for evacuation
[2023-11-10T11:55:07.610-0800][76911242ms] GC(23732)   Pre Evacuate Collection Set: 0.0ms
[2023-11-10T11:55:07.610-0800][76911242ms] GC(23732)   Evacuate Collection Set: 1.6ms
[2023-11-10T11:55:07.610-0800][76911242ms] GC(23732)   Post Evacuate Collection Set: 3.1ms
[2023-11-10T11:55:07.610-0800][76911242ms] GC(23732)   Other: 0.2ms
[2023-11-10T11:55:07.610-0800][76911242ms] GC(23732) Eden regions: 177->0(177)
[2023-11-10T11:55:07.610-0800][76911242ms] GC(23732) Survivor regions: 1->1(23)
[2023-11-10T11:55:07.610-0800][76911242ms] GC(23732) Old regions: 1436->1436
[2023-11-10T11:55:07.610-0800][76911242ms] GC(23732) Humongous regions: 5->5
[2023-11-10T11:55:07.610-0800][76911242ms] GC(23732) Metaspace: 304986K->304986K(1349632K)
[2023-11-10T11:55:07.610-0800][76911242ms] GC(23732) Pause Young (Normal) (G1 Evacuation Pause) 3235M->2881M(3602M) 5.065ms
[2023-11-10T11:55:07.610-0800][76911242ms] GC(23732) User=0.00s Sys=0.00s Real=0.01s
[2023-11-10T11:55:08.011-0800][76911643ms] GC(23733) Pause Young (Normal) (G1 Evacuation Pause)
[2023-11-10T11:55:08.012-0800][76911644ms] GC(23733) Using 10 workers of 10 for evacuation
[2023-11-10T11:55:08.017-0800][76911649ms] GC(23733)   Pre Evacuate Collection Set: 0.0ms
[2023-11-10T11:55:08.017-0800][76911649ms] GC(23733)   Evacuate Collection Set: 1.9ms
[2023-11-10T11:55:08.017-0800][76911649ms] GC(23733)   Post Evacuate Collection Set: 4.4ms
[2023-11-10T11:55:08.017-0800][76911649ms] GC(23733)   Other: 0.3ms
[2023-11-10T11:55:08.017-0800][76911649ms] GC(23733) Eden regions: 177->0(176)
[2023-11-10T11:55:08.017-0800][76911649ms] GC(23733) Survivor regions: 1->1(23)
[2023-11-10T11:55:08.017-0800][76911649ms] GC(23733) Old regions: 1436->1436
[2023-11-10T11:55:08.017-0800][76911649ms] GC(23733) Humongous regions: 5->5
[2023-11-10T11:55:08.017-0800][76911649ms] GC(23733) Metaspace: 304986K->304986K(1349632K)
[2023-11-10T11:55:08.018-0800][76911650ms] GC(23733) Pause Young (Normal) (G1 Evacuation Pause) 3235M->2882M(3602M) 6.821ms
[2023-11-10T11:55:08.018-0800][76911650ms] GC(23733) User=0.00s Sys=0.00s Real=0.01s
[2023-11-10T11:55:08.447-0800][76912079ms] GC(23734) Pause Young (Normal) (G1 Evacuation Pause)
[2023-11-10T11:55:08.447-0800][76912079ms] GC(23734) Using 10 workers of 10 for evacuation
[2023-11-10T11:55:08.451-0800][76912083ms] GC(23734)   Pre Evacuate Collection Set: 0.0ms
[2023-11-10T11:55:08.451-0800][76912083ms] GC(23734)   Evacuate Collection Set: 1.6ms
[2023-11-10T11:55:08.451-0800][76912083ms] GC(23734)   Post Evacuate Collection Set: 3.2ms
[2023-11-10T11:55:08.451-0800][76912083ms] GC(23734)   Other: 0.3ms
[2023-11-10T11:55:08.451-0800][76912083ms] GC(23734) Eden regions: 176->0(176)
[2023-11-10T11:55:08.451-0800][76912083ms] GC(23734) Survivor regions: 1->1(23)
[2023-11-10T11:55:08.451-0800][76912083ms] GC(23734) Old regions: 1436->1436
[2023-11-10T11:55:08.451-0800][76912083ms] GC(23734) Humongous regions: 5->5
[2023-11-10T11:55:08.451-0800][76912083ms] GC(23734) Metaspace: 304986K->304986K(1349632K)
[2023-11-10T11:55:08.451-0800][76912083ms] GC(23734) Pause Young (Normal) (G1 Evacuation Pause) 3234M->2882M(3602M) 5.250ms
[2023-11-10T11:55:08.451-0800][76912083ms] GC(23734) User=0.00s Sys=0.00s Real=0.00s
[2023-11-10T11:55:08.807-0800][76912439ms] GC(23735) Pause Young (Normal) (G1 Evacuation Pause)
[2023-11-10T11:55:08.807-0800][76912439ms] GC(23735) Using 10 workers of 10 for evacuation
[2023-11-10T11:55:08.812-0800][76912444ms] GC(23735)   Pre Evacuate Collection Set: 0.0ms
[2023-11-10T11:55:08.812-0800][76912444ms] GC(23735)   Evacuate Collection Set: 1.7ms
[2023-11-10T11:55:08.812-0800][76912444ms] GC(23735)   Post Evacuate Collection Set: 3.2ms
[2023-11-10T11:55:08.812-0800][76912444ms] GC(23735)   Other: 0.3ms
[2023-11-10T11:55:08.812-0800][76912444ms] GC(23735) Eden regions: 176->0(176)
[2023-11-10T11:55:08.812-0800][76912444ms] GC(23735) Survivor regions: 1->1(23)
[2023-11-10T11:55:08.812-0800][76912444ms] GC(23735) Old regions: 1436->1436
[2023-11-10T11:55:08.812-0800][76912444ms] GC(23735) Humongous regions: 5->5
[2023-11-10T11:55:08.812-0800][76912444ms] GC(23735) Metaspace: 304986K->304986K(1349632K)
[2023-11-10T11:55:08.812-0800][76912444ms] GC(23735) Pause Young (Normal) (G1 Evacuation Pause) 3234M->2881M(3602M) 5.407ms
[2023-11-10T11:55:08.812-0800][76912444ms] GC(23735) User=0.00s Sys=0.00s Real=0.01s
[2023-11-10T11:55:09.138-0800][76912770ms] GC(23736) Pause Young (Normal) (G1 Evacuation Pause)
[2023-11-10T11:55:09.138-0800][76912770ms] GC(23736) Using 10 workers of 10 for evacuation
[2023-11-10T11:55:09.143-0800][76912775ms] GC(23736)   Pre Evacuate Collection Set: 0.0ms
[2023-11-10T11:55:09.143-0800][76912775ms] GC(23736)   Evacuate Collection Set: 1.7ms
[2023-11-10T11:55:09.143-0800][76912775ms] GC(23736)   Post Evacuate Collection Set: 3.5ms
[2023-11-10T11:55:09.143-0800][76912775ms] GC(23736)   Other: 0.3ms
[2023-11-10T11:55:09.143-0800][76912775ms] GC(23736) Eden regions: 176->0(176)
[2023-11-10T11:55:09.143-0800][76912775ms] GC(23736) Survivor regions: 1->1(23)
[2023-11-10T11:55:09.143-0800][76912775ms] GC(23736) Old regions: 1436->1436
[2023-11-10T11:55:09.143-0800][76912775ms] GC(23736) Humongous regions: 5->5
[2023-11-10T11:55:09.143-0800][76912775ms] GC(23736) Metaspace: 304986K->304986K(1349632K)
[2023-11-10T11:55:09.143-0800][76912775ms] GC(23736) Pause Young (Normal) (G1 Evacuation Pause) 3233M->2881M(3602M) 5.688ms
[2023-11-10T11:55:09.143-0800][76912775ms] GC(23736) User=0.00s Sys=0.00s Real=0.00s
[2023-11-10T11:55:09.575-0800][76913207ms] GC(23737) Pause Young (Normal) (G1 Evacuation Pause)
[2023-11-10T11:55:09.576-0800][76913208ms] GC(23737) Using 10 workers of 10 for evacuation
[2023-11-10T11:55:09.583-0800][76913215ms] GC(23737)   Pre Evacuate Collection Set: 0.1ms
[2023-11-10T11:55:09.583-0800][76913215ms] GC(23737)   Evacuate Collection Set: 1.8ms
[2023-11-10T11:55:09.583-0800][76913215ms] GC(23737)   Post Evacuate Collection Set: 4.8ms
[2023-11-10T11:55:09.583-0800][76913215ms] GC(23737)   Other: 0.4ms
[2023-11-10T11:55:09.583-0800][76913215ms] GC(23737) Eden regions: 176->0(176)
[2023-11-10T11:55:09.583-0800][76913215ms] GC(23737) Survivor regions: 1->1(23)
[2023-11-10T11:55:09.583-0800][76913215ms] GC(23737) Old regions: 1436->1436
[2023-11-10T11:55:09.583-0800][76913215ms] GC(23737) Humongous regions: 5->5
[2023-11-10T11:55:09.583-0800][76913215ms] GC(23737) Metaspace: 304986K->304986K(1349632K)
[2023-11-10T11:55:09.583-0800][76913215ms] GC(23737) Pause Young (Normal) (G1 Evacuation Pause) 3233M->2881M(3602M) 7.219ms
[2023-11-10T11:55:09.583-0800][76913215ms] GC(23737) User=0.00s Sys=0.00s Real=0.01s
[2023-11-10T11:55:10.158-0800][76913790ms] GC(23738) Pause Young (Normal) (G1 Evacuation Pause)
[2023-11-10T11:55:10.158-0800][76913790ms] GC(23738) Using 10 workers of 10 for evacuation
[2023-11-10T11:55:10.164-0800][76913796ms] GC(23738)   Pre Evacuate Collection Set: 0.1ms
[2023-11-10T11:55:10.164-0800][76913796ms] GC(23738)   Evacuate Collection Set: 1.7ms
[2023-11-10T11:55:10.164-0800][76913796ms] GC(23738)   Post Evacuate Collection Set: 3.5ms
[2023-11-10T11:55:10.164-0800][76913796ms] GC(23738)   Other: 0.4ms
[2023-11-10T11:55:10.164-0800][76913796ms] GC(23738) Eden regions: 176->0(176)
[2023-11-10T11:55:10.164-0800][76913796ms] GC(23738) Survivor regions: 1->1(23)
[2023-11-10T11:55:10.164-0800][76913796ms] GC(23738) Old regions: 1436->1436
[2023-11-10T11:55:10.164-0800][76913796ms] GC(23738) Humongous regions: 5->5
[2023-11-10T11:55:10.164-0800][76913796ms] GC(23738) Metaspace: 304986K->304986K(1349632K)
[2023-11-10T11:55:10.164-0800][76913796ms] GC(23738) Pause Young (Normal) (G1 Evacuation Pause) 3233M->2881M(3602M) 5.871ms
[2023-11-10T11:55:10.164-0800][76913796ms] GC(23738) User=0.00s Sys=0.00s Real=0.01s
[2023-11-10T11:55:10.562-0800][76914194ms] GC(23739) Pause Young (Normal) (G1 Evacuation Pause)
[2023-11-10T11:55:10.562-0800][76914194ms] GC(23739) Using 10 workers of 10 for evacuation
[2023-11-10T11:55:10.570-0800][76914202ms] GC(23739)   Pre Evacuate Collection Set: 0.1ms
[2023-11-10T11:55:10.570-0800][76914202ms] GC(23739)   Evacuate Collection Set: 2.3ms
[2023-11-10T11:55:10.570-0800][76914202ms] GC(23739)   Post Evacuate Collection Set: 4.6ms
[2023-11-10T11:55:10.570-0800][76914202ms] GC(23739)   Other: 0.5ms
[2023-11-10T11:55:10.570-0800][76914202ms] GC(23739) Eden regions: 176->0(176)
[2023-11-10T11:55:10.570-0800][76914202ms] GC(23739) Survivor regions: 1->1(23)
[2023-11-10T11:55:10.570-0800][76914202ms] GC(23739) Old regions: 1436->1436
[2023-11-10T11:55:10.570-0800][76914202ms] GC(23739) Humongous regions: 5->5
[2023-11-10T11:55:10.570-0800][76914202ms] GC(23739) Metaspace: 304986K->304986K(1349632K)
[2023-11-10T11:55:10.570-0800][76914202ms] GC(23739) Pause Young (Normal) (G1 Evacuation Pause) 3233M->2881M(3602M) 7.586ms
[2023-11-10T11:55:10.570-0800][76914202ms] GC(23739) User=0.00s Sys=0.00s Real=0.01s
[2023-11-10T11:55:11.029-0800][76914661ms] GC(23740) Pause Young (Normal) (G1 Evacuation Pause)
[2023-11-10T11:55:11.029-0800][76914661ms] GC(23740) Using 10 workers of 10 for evacuation
[2023-11-10T11:55:11.038-0800][76914670ms] GC(23740)   Pre Evacuate Collection Set: 0.1ms
[2023-11-10T11:55:11.038-0800][76914670ms] GC(23740)   Evacuate Collection Set: 3.5ms
[2023-11-10T11:55:11.038-0800][76914670ms] GC(23740)   Post Evacuate Collection Set: 5.3ms
[2023-11-10T11:55:11.038-0800][76914670ms] GC(23740)   Other: 0.6ms
[2023-11-10T11:55:11.038-0800][76914670ms] GC(23740) Eden regions: 176->0(176)
[2023-11-10T11:55:11.038-0800][76914670ms] GC(23740) Survivor regions: 1->1(23)
[2023-11-10T11:55:11.038-0800][76914670ms] GC(23740) Old regions: 1436->1436
[2023-11-10T11:55:11.038-0800][76914670ms] GC(23740) Humongous regions: 5->5
[2023-11-10T11:55:11.038-0800][76914670ms] GC(23740) Metaspace: 304986K->304986K(1349632K)
[2023-11-10T11:55:11.038-0800][76914670ms] GC(23740) Pause Young (Normal) (G1 Evacuation Pause) 3233M->2881M(3602M) 9.650ms
[2023-11-10T11:55:11.038-0800][76914670ms] GC(23740) User=0.02s Sys=0.00s Real=0.01s
[2023-11-10T11:55:11.547-0800][76915179ms] GC(23741) Pause Young (Normal) (G1 Evacuation Pause)
[2023-11-10T11:55:11.547-0800][76915179ms] GC(23741) Using 10 workers of 10 for evacuation
[2023-11-10T11:55:11.554-0800][76915186ms] GC(23741)   Pre Evacuate Collection Set: 0.0ms
[2023-11-10T11:55:11.554-0800][76915186ms] GC(23741)   Evacuate Collection Set: 2.0ms
[2023-11-10T11:55:11.554-0800][76915186ms] GC(23741)   Post Evacuate Collection Set: 4.4ms
[2023-11-10T11:55:11.554-0800][76915186ms] GC(23741)   Other: 0.3ms
[2023-11-10T11:55:11.554-0800][76915186ms] GC(23741) Eden regions: 176->0(176)
[2023-11-10T11:55:11.554-0800][76915186ms] GC(23741) Survivor regions: 1->1(23)
[2023-11-10T11:55:11.554-0800][76915186ms] GC(23741) Old regions: 1436->1436
[2023-11-10T11:55:11.554-0800][76915186ms] GC(23741) Humongous regions: 5->5
[2023-11-10T11:55:11.554-0800][76915186ms] GC(23741) Metaspace: 304986K->304986K(1349632K)
[2023-11-10T11:55:11.554-0800][76915186ms] GC(23741) Pause Young (Normal) (G1 Evacuation Pause) 3233M->2881M(3602M) 6.786ms
[2023-11-10T11:55:11.554-0800][76915186ms] GC(23741) User=0.00s Sys=0.00s Real=0.01s
[2023-11-10T11:55:12.016-0800][76915648ms] GC(23742) Pause Young (Normal) (G1 Evacuation Pause)
[2023-11-10T11:55:12.016-0800][76915648ms] GC(23742) Using 10 workers of 10 for evacuation
[2023-11-10T11:55:12.022-0800][76915654ms] GC(23742)   Pre Evacuate Collection Set: 0.0ms
[2023-11-10T11:55:12.022-0800][76915654ms] GC(23742)   Evacuate Collection Set: 1.7ms
[2023-11-10T11:55:12.022-0800][76915654ms] GC(23742)   Post Evacuate Collection Set: 3.4ms
[2023-11-10T11:55:12.022-0800][76915654ms] GC(23742)   Other: 0.2ms
[2023-11-10T11:55:12.022-0800][76915654ms] GC(23742) Eden regions: 176->0(176)
[2023-11-10T11:55:12.022-0800][76915654ms] GC(23742) Survivor regions: 1->1(23)
[2023-11-10T11:55:12.022-0800][76915654ms] GC(23742) Old regions: 1436->1436
[2023-11-10T11:55:12.022-0800][76915654ms] GC(23742) Humongous regions: 5->5
[2023-11-10T11:55:12.022-0800][76915654ms] GC(23742) Metaspace: 304986K->304986K(1349632K)
[2023-11-10T11:55:12.022-0800][76915654ms] GC(23742) Pause Young (Normal) (G1 Evacuation Pause) 3233M->2881M(3602M) 5.471ms
[2023-11-10T11:55:12.022-0800][76915654ms] GC(23742) User=0.00s Sys=0.00s Real=0.01s
[2023-11-10T11:55:12.484-0800][76916116ms] GC(23743) Pause Young (Normal) (G1 Evacuation Pause)
[2023-11-10T11:55:12.484-0800][76916116ms] GC(23743) Using 10 workers of 10 for evacuation
[2023-11-10T11:55:12.490-0800][76916122ms] GC(23743)   Pre Evacuate Collection Set: 0.1ms
[2023-11-10T11:55:12.490-0800][76916122ms] GC(23743)   Evacuate Collection Set: 2.3ms
[2023-11-10T11:55:12.490-0800][76916122ms] GC(23743)   Post Evacuate Collection Set: 3.3ms
[2023-11-10T11:55:12.490-0800][76916122ms] GC(23743)   Other: 0.3ms
[2023-11-10T11:55:12.490-0800][76916122ms] GC(23743) Eden regions: 176->0(176)
[2023-11-10T11:55:12.490-0800][76916122ms] GC(23743) Survivor regions: 1->1(23)
[2023-11-10T11:55:12.490-0800][76916122ms] GC(23743) Old regions: 1436->1436
[2023-11-10T11:55:12.490-0800][76916122ms] GC(23743) Humongous regions: 5->5
[2023-11-10T11:55:12.490-0800][76916122ms] GC(23743) Metaspace: 304986K->304986K(1349632K)
[2023-11-10T11:55:12.490-0800][76916122ms] GC(23743) Pause Young (Normal) (G1 Evacuation Pause) 3233M->2881M(3602M) 5.999ms
[2023-11-10T11:55:12.490-0800][76916122ms] GC(23743) User=0.00s Sys=0.00s Real=0.01s
[2023-11-10T11:55:12.906-0800][76916538ms] GC(23744) Pause Young (Normal) (G1 Evacuation Pause)
[2023-11-10T11:55:12.906-0800][76916538ms] GC(23744) Using 10 workers of 10 for evacuation
[2023-11-10T11:55:12.913-0800][76916545ms] GC(23744)   Pre Evacuate Collection Set: 0.1ms
[2023-11-10T11:55:12.913-0800][76916545ms] GC(23744)   Evacuate Collection Set: 2.4ms
[2023-11-10T11:55:12.913-0800][76916545ms] GC(23744)   Post Evacuate Collection Set: 4.0ms
[2023-11-10T11:55:12.913-0800][76916545ms] GC(23744)   Other: 0.4ms
[2023-11-10T11:55:12.913-0800][76916545ms] GC(23744) Eden regions: 176->0(176)
[2023-11-10T11:55:12.913-0800][76916545ms] GC(23744) Survivor regions: 1->1(23)
[2023-11-10T11:55:12.913-0800][76916545ms] GC(23744) Old regions: 1436->1436
[2023-11-10T11:55:12.913-0800][76916545ms] GC(23744) Humongous regions: 5->5
[2023-11-10T11:55:12.913-0800][76916545ms] GC(23744) Metaspace: 304986K->304986K(1349632K)
[2023-11-10T11:55:12.913-0800][76916545ms] GC(23744) Pause Young (Normal) (G1 Evacuation Pause) 3233M->2881M(3602M) 6.904ms
[2023-11-10T11:55:12.913-0800][76916545ms] GC(23744) User=0.02s Sys=0.00s Real=0.01s
[2023-11-10T11:55:13.300-0800][76916932ms] GC(23745) Pause Young (Normal) (G1 Evacuation Pause)
[2023-11-10T11:55:13.300-0800][76916932ms] GC(23745) Using 10 workers of 10 for evacuation
[2023-11-10T11:55:13.307-0800][76916939ms] GC(23745)   Pre Evacuate Collection Set: 0.0ms
[2023-11-10T11:55:13.307-0800][76916939ms] GC(23745)   Evacuate Collection Set: 2.2ms
[2023-11-10T11:55:13.307-0800][76916939ms] GC(23745)   Post Evacuate Collection Set: 4.2ms
[2023-11-10T11:55:13.307-0800][76916939ms] GC(23745)   Other: 0.3ms
[2023-11-10T11:55:13.307-0800][76916939ms] GC(23745) Eden regions: 176->0(176)
[2023-11-10T11:55:13.307-0800][76916939ms] GC(23745) Survivor regions: 1->1(23)
[2023-11-10T11:55:13.307-0800][76916939ms] GC(23745) Old regions: 1436->1436
[2023-11-10T11:55:13.307-0800][76916939ms] GC(23745) Humongous regions: 5->5
[2023-11-10T11:55:13.307-0800][76916939ms] GC(23745) Metaspace: 304986K->304986K(1349632K)
[2023-11-10T11:55:13.307-0800][76916939ms] GC(23745) Pause Young (Normal) (G1 Evacuation Pause) 3233M->2881M(3602M) 6.941ms
[2023-11-10T11:55:13.307-0800][76916939ms] GC(23745) User=0.00s Sys=0.00s Real=0.01s
[2023-11-10T11:55:13.742-0800][76917374ms] GC(23746) Pause Young (Normal) (G1 Evacuation Pause)
[2023-11-10T11:55:13.742-0800][76917374ms] GC(23746) Using 10 workers of 10 for evacuation
[2023-11-10T11:55:13.748-0800][76917380ms] GC(23746)   Pre Evacuate Collection Set: 0.1ms
[2023-11-10T11:55:13.748-0800][76917380ms] GC(23746)   Evacuate Collection Set: 2.0ms
[2023-11-10T11:55:13.748-0800][76917380ms] GC(23746)   Post Evacuate Collection Set: 3.5ms
[2023-11-10T11:55:13.748-0800][76917380ms] GC(23746)   Other: 0.3ms
[2023-11-10T11:55:13.748-0800][76917380ms] GC(23746) Eden regions: 176->0(176)
[2023-11-10T11:55:13.748-0800][76917380ms] GC(23746) Survivor regions: 1->1(23)
[2023-11-10T11:55:13.748-0800][76917380ms] GC(23746) Old regions: 1436->1436
[2023-11-10T11:55:13.748-0800][76917380ms] GC(23746) Humongous regions: 5->5
[2023-11-10T11:55:13.748-0800][76917380ms] GC(23746) Metaspace: 304986K->304986K(1349632K)
[2023-11-10T11:55:13.748-0800][76917380ms] GC(23746) Pause Young (Normal) (G1 Evacuation Pause) 3233M->2881M(3602M) 5.889ms
[2023-11-10T11:55:13.748-0800][76917380ms] GC(23746) User=0.00s Sys=0.00s Real=0.01s
[2023-11-10T11:55:14.210-0800][76917842ms] GC(23747) Pause Young (Normal) (G1 Evacuation Pause)
[2023-11-10T11:55:14.210-0800][76917842ms] GC(23747) Using 10 workers of 10 for evacuation
[2023-11-10T11:55:14.217-0800][76917849ms] GC(23747)   Pre Evacuate Collection Set: 0.1ms
[2023-11-10T11:55:14.217-0800][76917849ms] GC(23747)   Evacuate Collection Set: 2.1ms
[2023-11-10T11:55:14.217-0800][76917849ms] GC(23747)   Post Evacuate Collection Set: 3.2ms
[2023-11-10T11:55:14.217-0800][76917849ms] GC(23747)   Other: 0.3ms
[2023-11-10T11:55:14.217-0800][76917849ms] GC(23747) Eden regions: 176->0(176)
[2023-11-10T11:55:14.217-0800][76917849ms] GC(23747) Survivor regions: 1->1(23)
[2023-11-10T11:55:14.217-0800][76917849ms] GC(23747) Old regions: 1436->1436
[2023-11-10T11:55:14.217-0800][76917849ms] GC(23747) Humongous regions: 5->5
[2023-11-10T11:55:14.217-0800][76917849ms] GC(23747) Metaspace: 304986K->304986K(1349632K)
[2023-11-10T11:55:14.217-0800][76917849ms] GC(23747) Pause Young (Normal) (G1 Evacuation Pause) 3233M->2881M(3602M) 5.703ms
[2023-11-10T11:55:14.217-0800][76917849ms] GC(23747) User=0.00s Sys=0.00s Real=0.01s
[2023-11-10T11:55:14.645-0800][76918277ms] GC(23748) Pause Young (Normal) (G1 Evacuation Pause)
[2023-11-10T11:55:14.645-0800][76918277ms] GC(23748) Using 10 workers of 10 for evacuation
[2023-11-10T11:55:14.651-0800][76918283ms] GC(23748)   Pre Evacuate Collection Set: 0.0ms
[2023-11-10T11:55:14.651-0800][76918283ms] GC(23748)   Evacuate Collection Set: 1.8ms
[2023-11-10T11:55:14.651-0800][76918283ms] GC(23748)   Post Evacuate Collection Set: 4.1ms
[2023-11-10T11:55:14.651-0800][76918283ms] GC(23748)   Other: 0.3ms
[2023-11-10T11:55:14.651-0800][76918283ms] GC(23748) Eden regions: 176->0(176)
[2023-11-10T11:55:14.651-0800][76918283ms] GC(23748) Survivor regions: 1->1(23)
[2023-11-10T11:55:14.651-0800][76918283ms] GC(23748) Old regions: 1436->1436
[2023-11-10T11:55:14.651-0800][76918283ms] GC(23748) Humongous regions: 5->5
[2023-11-10T11:55:14.651-0800][76918283ms] GC(23748) Metaspace: 304986K->304986K(1349632K)
[2023-11-10T11:55:14.651-0800][76918283ms] GC(23748) Pause Young (Normal) (G1 Evacuation Pause) 3233M->2881M(3602M) 6.465ms
[2023-11-10T11:55:14.651-0800][76918283ms] GC(23748) User=0.02s Sys=0.00s Real=0.01s
[2023-11-10T11:55:15.107-0800][76918739ms] GC(23749) Pause Young (Normal) (G1 Evacuation Pause)
[2023-11-10T11:55:15.107-0800][76918739ms] GC(23749) Using 10 workers of 10 for evacuation
[2023-11-10T11:55:15.114-0800][76918746ms] GC(23749)   Pre Evacuate Collection Set: 0.1ms
[2023-11-10T11:55:15.114-0800][76918746ms] GC(23749)   Evacuate Collection Set: 2.9ms
[2023-11-10T11:55:15.114-0800][76918746ms] GC(23749)   Post Evacuate Collection Set: 3.6ms
[2023-11-10T11:55:15.114-0800][76918746ms] GC(23749)   Other: 0.5ms
[2023-11-10T11:55:15.114-0800][76918746ms] GC(23749) Eden regions: 176->0(176)
[2023-11-10T11:55:15.114-0800][76918746ms] GC(23749) Survivor regions: 1->1(23)
[2023-11-10T11:55:15.114-0800][76918746ms] GC(23749) Old regions: 1436->1436
[2023-11-10T11:55:15.114-0800][76918746ms] GC(23749) Humongous regions: 5->5
[2023-11-10T11:55:15.114-0800][76918746ms] GC(23749) Metaspace: 304986K->304986K(1349632K)
[2023-11-10T11:55:15.114-0800][76918746ms] GC(23749) Pause Young (Normal) (G1 Evacuation Pause) 3233M->2881M(3602M) 7.164ms
[2023-11-10T11:55:15.114-0800][76918746ms] GC(23749) User=0.00s Sys=0.00s Real=0.01s
[2023-11-10T11:55:15.575-0800][76919207ms] GC(23750) Pause Young (Normal) (G1 Evacuation Pause)
[2023-11-10T11:55:15.575-0800][76919207ms] GC(23750) Using 10 workers of 10 for evacuation
[2023-11-10T11:55:15.579-0800][76919211ms] GC(23750)   Pre Evacuate Collection Set: 0.0ms
[2023-11-10T11:55:15.579-0800][76919211ms] GC(23750)   Evacuate Collection Set: 1.7ms
[2023-11-10T11:55:15.579-0800][76919211ms] GC(23750)   Post Evacuate Collection Set: 3.0ms
[2023-11-10T11:55:15.579-0800][76919211ms] GC(23750)   Other: 0.3ms
[2023-11-10T11:55:15.579-0800][76919211ms] GC(23750) Eden regions: 176->0(176)
[2023-11-10T11:55:15.579-0800][76919211ms] GC(23750) Survivor regions: 1->1(23)
[2023-11-10T11:55:15.579-0800][76919211ms] GC(23750) Old regions: 1436->1436
[2023-11-10T11:55:15.579-0800][76919211ms] GC(23750) Humongous regions: 5->5
[2023-11-10T11:55:15.579-0800][76919211ms] GC(23750) Metaspace: 304986K->304986K(1349632K)
[2023-11-10T11:55:15.579-0800][76919211ms] GC(23750) Pause Young (Normal) (G1 Evacuation Pause) 3233M->2881M(3602M) 5.034ms
[2023-11-10T11:55:15.579-0800][76919211ms] GC(23750) User=0.00s Sys=0.00s Real=0.00s
[2023-11-10T11:55:15.961-0800][76919593ms] GC(23751) Pause Young (Normal) (G1 Evacuation Pause)
[2023-11-10T11:55:15.961-0800][76919593ms] GC(23751) Using 10 workers of 10 for evacuation
[2023-11-10T11:55:15.966-0800][76919598ms] GC(23751)   Pre Evacuate Collection Set: 0.0ms
[2023-11-10T11:55:15.966-0800][76919598ms] GC(23751)   Evacuate Collection Set: 1.6ms
[2023-11-10T11:55:15.966-0800][76919598ms] GC(23751)   Post Evacuate Collection Set: 3.2ms
[2023-11-10T11:55:15.966-0800][76919598ms] GC(23751)   Other: 0.3ms
[2023-11-10T11:55:15.966-0800][76919598ms] GC(23751) Eden regions: 176->0(176)
[2023-11-10T11:55:15.966-0800][76919598ms] GC(23751) Survivor regions: 1->1(23)
[2023-11-10T11:55:15.967-0800][76919599ms] GC(23751) Old regions: 1436->1436
[2023-11-10T11:55:15.967-0800][76919599ms] GC(23751) Humongous regions: 5->5
[2023-11-10T11:55:15.967-0800][76919599ms] GC(23751) Metaspace: 304986K->304986K(1349632K)
[2023-11-10T11:55:15.967-0800][76919599ms] GC(23751) Pause Young (Normal) (G1 Evacuation Pause) 3233M->2881M(3602M) 5.139ms
[2023-11-10T11:55:15.967-0800][76919599ms] GC(23751) User=0.00s Sys=0.00s Real=0.01s
[2023-11-10T11:55:16.427-0800][76920059ms] GC(23752) Pause Young (Normal) (G1 Evacuation Pause)
[2023-11-10T11:55:16.427-0800][76920059ms] GC(23752) Using 10 workers of 10 for evacuation
[2023-11-10T11:55:16.433-0800][76920065ms] GC(23752)   Pre Evacuate Collection Set: 0.0ms
[2023-11-10T11:55:16.433-0800][76920065ms] GC(23752)   Evacuate Collection Set: 1.7ms
[2023-11-10T11:55:16.433-0800][76920065ms] GC(23752)   Post Evacuate Collection Set: 3.5ms
[2023-11-10T11:55:16.433-0800][76920065ms] GC(23752)   Other: 0.3ms
[2023-11-10T11:55:16.433-0800][76920065ms] GC(23752) Eden regions: 176->0(176)
[2023-11-10T11:55:16.433-0800][76920065ms] GC(23752) Survivor regions: 1->1(23)
[2023-11-10T11:55:16.433-0800][76920065ms] GC(23752) Old regions: 1436->1436
[2023-11-10T11:55:16.433-0800][76920065ms] GC(23752) Humongous regions: 5->5
[2023-11-10T11:55:16.433-0800][76920065ms] GC(23752) Metaspace: 304986K->304986K(1349632K)
[2023-11-10T11:55:16.433-0800][76920065ms] GC(23752) Pause Young (Normal) (G1 Evacuation Pause) 3233M->2881M(3602M) 5.524ms
[2023-11-10T11:55:16.433-0800][76920065ms] GC(23752) User=0.02s Sys=0.00s Real=0.01s
[2023-11-10T11:55:16.862-0800][76920494ms] GC(23753) Pause Young (Normal) (G1 Evacuation Pause)
[2023-11-10T11:55:16.863-0800][76920495ms] GC(23753) Using 10 workers of 10 for evacuation
[2023-11-10T11:55:16.868-0800][76920500ms] GC(23753)   Pre Evacuate Collection Set: 0.0ms
[2023-11-10T11:55:16.868-0800][76920500ms] GC(23753)   Evacuate Collection Set: 1.9ms
[2023-11-10T11:55:16.868-0800][76920500ms] GC(23753)   Post Evacuate Collection Set: 2.9ms
[2023-11-10T11:55:16.868-0800][76920500ms] GC(23753)   Other: 0.3ms
[2023-11-10T11:55:16.868-0800][76920500ms] GC(23753) Eden regions: 176->0(176)
[2023-11-10T11:55:16.868-0800][76920500ms] GC(23753) Survivor regions: 1->1(23)
[2023-11-10T11:55:16.868-0800][76920500ms] GC(23753) Old regions: 1436->1436
[2023-11-10T11:55:16.868-0800][76920500ms] GC(23753) Humongous regions: 5->5
[2023-11-10T11:55:16.868-0800][76920500ms] GC(23753) Metaspace: 304986K->304986K(1349632K)
[2023-11-10T11:55:16.868-0800][76920500ms] GC(23753) Pause Young (Normal) (G1 Evacuation Pause) 3233M->2881M(3602M) 5.175ms
[2023-11-10T11:55:16.868-0800][76920500ms] GC(23753) User=0.00s Sys=0.00s Real=0.01s
[2023-11-10T11:55:17.330-0800][76920962ms] GC(23754) Pause Young (Normal) (G1 Evacuation Pause)
[2023-11-10T11:55:17.330-0800][76920962ms] GC(23754) Using 10 workers of 10 for evacuation
[2023-11-10T11:55:17.336-0800][76920968ms] GC(23754)   Pre Evacuate Collection Set: 0.1ms
[2023-11-10T11:55:17.336-0800][76920968ms] GC(23754)   Evacuate Collection Set: 1.7ms
[2023-11-10T11:55:17.336-0800][76920968ms] GC(23754)   Post Evacuate Collection Set: 4.4ms
[2023-11-10T11:55:17.336-0800][76920968ms] GC(23754)   Other: 0.3ms
[2023-11-10T11:55:17.336-0800][76920968ms] GC(23754) Eden regions: 176->0(176)
[2023-11-10T11:55:17.336-0800][76920968ms] GC(23754) Survivor regions: 1->1(23)
[2023-11-10T11:55:17.336-0800][76920968ms] GC(23754) Old regions: 1436->1436
[2023-11-10T11:55:17.336-0800][76920968ms] GC(23754) Humongous regions: 5->5
[2023-11-10T11:55:17.336-0800][76920968ms] GC(23754) Metaspace: 304986K->304986K(1349632K)
[2023-11-10T11:55:17.336-0800][76920968ms] GC(23754) Pause Young (Normal) (G1 Evacuation Pause) 3233M->2881M(3602M) 6.685ms
[2023-11-10T11:55:17.336-0800][76920968ms] GC(23754) User=0.00s Sys=0.00s Real=0.01s
[2023-11-10T11:55:17.778-0800][76921410ms] GC(23755) Pause Young (Normal) (G1 Evacuation Pause)
[2023-11-10T11:55:17.778-0800][76921410ms] GC(23755) Using 10 workers of 10 for evacuation
[2023-11-10T11:55:17.783-0800][76921415ms] GC(23755)   Pre Evacuate Collection Set: 0.0ms
[2023-11-10T11:55:17.783-0800][76921415ms] GC(23755)   Evacuate Collection Set: 1.9ms
[2023-11-10T11:55:17.783-0800][76921415ms] GC(23755)   Post Evacuate Collection Set: 3.1ms
[2023-11-10T11:55:17.783-0800][76921415ms] GC(23755)   Other: 0.3ms
[2023-11-10T11:55:17.783-0800][76921415ms] GC(23755) Eden regions: 176->0(176)
[2023-11-10T11:55:17.783-0800][76921415ms] GC(23755) Survivor regions: 1->1(23)
[2023-11-10T11:55:17.783-0800][76921415ms] GC(23755) Old regions: 1436->1436
[2023-11-10T11:55:17.783-0800][76921415ms] GC(23755) Humongous regions: 5->5
[2023-11-10T11:55:17.783-0800][76921415ms] GC(23755) Metaspace: 304986K->304986K(1349632K)
[2023-11-10T11:55:17.783-0800][76921415ms] GC(23755) Pause Young (Normal) (G1 Evacuation Pause) 3233M->2881M(3602M) 5.452ms
[2023-11-10T11:55:17.783-0800][76921415ms] GC(23755) User=0.00s Sys=0.00s Real=0.00s
[2023-11-10T11:55:18.232-0800][76921864ms] GC(23756) Pause Young (Normal) (G1 Evacuation Pause)
[2023-11-10T11:55:18.233-0800][76921865ms] GC(23756) Using 10 workers of 10 for evacuation
[2023-11-10T11:55:18.238-0800][76921870ms] GC(23756)   Pre Evacuate Collection Set: 0.0ms
[2023-11-10T11:55:18.238-0800][76921870ms] GC(23756)   Evacuate Collection Set: 1.8ms
[2023-11-10T11:55:18.238-0800][76921870ms] GC(23756)   Post Evacuate Collection Set: 3.2ms
[2023-11-10T11:55:18.238-0800][76921870ms] GC(23756)   Other: 0.2ms
[2023-11-10T11:55:18.238-0800][76921870ms] GC(23756) Eden regions: 176->0(176)
[2023-11-10T11:55:18.238-0800][76921870ms] GC(23756) Survivor regions: 1->1(23)
[2023-11-10T11:55:18.238-0800][76921870ms] GC(23756) Old regions: 1436->1436
[2023-11-10T11:55:18.238-0800][76921870ms] GC(23756) Humongous regions: 5->5
[2023-11-10T11:55:18.238-0800][76921870ms] GC(23756) Metaspace: 304986K->304986K(1349632K)
[2023-11-10T11:55:18.238-0800][76921870ms] GC(23756) Pause Young (Normal) (G1 Evacuation Pause) 3233M->2881M(3602M) 5.412ms
[2023-11-10T11:55:18.238-0800][76921870ms] GC(23756) User=0.00s Sys=0.00s Real=0.01s
[2023-11-10T11:55:18.705-0800][76922337ms] GC(23757) Pause Young (Normal) (G1 Evacuation Pause)
[2023-11-10T11:55:18.705-0800][76922337ms] GC(23757) Using 10 workers of 10 for evacuation
[2023-11-10T11:55:18.710-0800][76922342ms] GC(23757)   Pre Evacuate Collection Set: 0.1ms
[2023-11-10T11:55:18.710-0800][76922342ms] GC(23757)   Evacuate Collection Set: 1.8ms
[2023-11-10T11:55:18.710-0800][76922342ms] GC(23757)   Post Evacuate Collection Set: 3.4ms
[2023-11-10T11:55:18.710-0800][76922342ms] GC(23757)   Other: 0.4ms
[2023-11-10T11:55:18.710-0800][76922342ms] GC(23757) Eden regions: 176->0(176)
[2023-11-10T11:55:18.710-0800][76922342ms] GC(23757) Survivor regions: 1->1(23)
[2023-11-10T11:55:18.710-0800][76922342ms] GC(23757) Old regions: 1436->1436
[2023-11-10T11:55:18.710-0800][76922342ms] GC(23757) Humongous regions: 5->5
[2023-11-10T11:55:18.710-0800][76922342ms] GC(23757) Metaspace: 304986K->304986K(1349632K)
[2023-11-10T11:55:18.710-0800][76922342ms] GC(23757) Pause Young (Normal) (G1 Evacuation Pause) 3233M->2881M(3602M) 5.689ms
[2023-11-10T11:55:18.710-0800][76922342ms] GC(23757) User=0.02s Sys=0.00s Real=0.01s
[2023-11-10T11:55:19.114-0800][76922746ms] GC(23758) Pause Young (Normal) (G1 Evacuation Pause)
[2023-11-10T11:55:19.114-0800][76922746ms] GC(23758) Using 10 workers of 10 for evacuation
[2023-11-10T11:55:19.119-0800][76922751ms] GC(23758)   Pre Evacuate Collection Set: 0.0ms
[2023-11-10T11:55:19.119-0800][76922751ms] GC(23758)   Evacuate Collection Set: 1.6ms
[2023-11-10T11:55:19.119-0800][76922751ms] GC(23758)   Post Evacuate Collection Set: 3.1ms
[2023-11-10T11:55:19.119-0800][76922751ms] GC(23758)   Other: 0.2ms
[2023-11-10T11:55:19.119-0800][76922751ms] GC(23758) Eden regions: 176->0(176)
[2023-11-10T11:55:19.119-0800][76922751ms] GC(23758) Survivor regions: 1->1(23)
[2023-11-10T11:55:19.119-0800][76922751ms] GC(23758) Old regions: 1436->1436
[2023-11-10T11:55:19.119-0800][76922751ms] GC(23758) Humongous regions: 5->5
[2023-11-10T11:55:19.119-0800][76922751ms] GC(23758) Metaspace: 304986K->304986K(1349632K)
[2023-11-10T11:55:19.119-0800][76922751ms] GC(23758) Pause Young (Normal) (G1 Evacuation Pause) 3233M->2881M(3602M) 5.043ms
[2023-11-10T11:55:19.120-0800][76922752ms] GC(23758) User=0.00s Sys=0.00s Real=0.01s
[2023-11-10T11:55:19.575-0800][76923207ms] GC(23759) Pause Young (Normal) (G1 Evacuation Pause)
[2023-11-10T11:55:19.576-0800][76923208ms] GC(23759) Using 10 workers of 10 for evacuation
[2023-11-10T11:55:19.581-0800][76923213ms] GC(23759)   Pre Evacuate Collection Set: 0.0ms
[2023-11-10T11:55:19.581-0800][76923213ms] GC(23759)   Evacuate Collection Set: 1.6ms
[2023-11-10T11:55:19.581-0800][76923213ms] GC(23759)   Post Evacuate Collection Set: 3.1ms
[2023-11-10T11:55:19.581-0800][76923213ms] GC(23759)   Other: 0.3ms
[2023-11-10T11:55:19.581-0800][76923213ms] GC(23759) Eden regions: 176->0(177)
[2023-11-10T11:55:19.581-0800][76923213ms] GC(23759) Survivor regions: 1->1(23)
[2023-11-10T11:55:19.581-0800][76923213ms] GC(23759) Old regions: 1436->1436
[2023-11-10T11:55:19.581-0800][76923213ms] GC(23759) Humongous regions: 5->5
[2023-11-10T11:55:19.581-0800][76923213ms] GC(23759) Metaspace: 304986K->304986K(1349632K)
[2023-11-10T11:55:19.581-0800][76923213ms] GC(23759) Pause Young (Normal) (G1 Evacuation Pause) 3233M->2881M(3602M) 5.110ms
[2023-11-10T11:55:19.581-0800][76923213ms] GC(23759) User=0.00s Sys=0.00s Real=0.01s
[2023-11-10T11:55:20.001-0800][76923633ms] GC(23760) Pause Young (Normal) (G1 Evacuation Pause)
[2023-11-10T11:55:20.001-0800][76923633ms] GC(23760) Using 10 workers of 10 for evacuation
[2023-11-10T11:55:20.006-0800][76923638ms] GC(23760)   Pre Evacuate Collection Set: 0.0ms
[2023-11-10T11:55:20.006-0800][76923638ms] GC(23760)   Evacuate Collection Set: 1.7ms
[2023-11-10T11:55:20.006-0800][76923638ms] GC(23760)   Post Evacuate Collection Set: 3.6ms
[2023-11-10T11:55:20.006-0800][76923638ms] GC(23760)   Other: 0.3ms
[2023-11-10T11:55:20.006-0800][76923638ms] GC(23760) Eden regions: 177->0(177)
[2023-11-10T11:55:20.006-0800][76923638ms] GC(23760) Survivor regions: 1->1(23)
[2023-11-10T11:55:20.006-0800][76923638ms] GC(23760) Old regions: 1436->1436
[2023-11-10T11:55:20.006-0800][76923638ms] GC(23760) Humongous regions: 5->5
[2023-11-10T11:55:20.006-0800][76923638ms] GC(23760) Metaspace: 304986K->304986K(1349632K)
[2023-11-10T11:55:20.006-0800][76923638ms] GC(23760) Pause Young (Normal) (G1 Evacuation Pause) 3235M->2881M(3602M) 5.835ms
[2023-11-10T11:55:20.007-0800][76923639ms] GC(23760) User=0.00s Sys=0.00s Real=0.01s
[2023-11-10T11:55:20.370-0800][76924002ms] GC(23761) Pause Young (Normal) (G1 Evacuation Pause)
[2023-11-10T11:55:20.370-0800][76924002ms] GC(23761) Using 10 workers of 10 for evacuation
[2023-11-10T11:55:20.376-0800][76924008ms] GC(23761)   Pre Evacuate Collection Set: 0.0ms
[2023-11-10T11:55:20.376-0800][76924008ms] GC(23761)   Evacuate Collection Set: 1.6ms
[2023-11-10T11:55:20.376-0800][76924008ms] GC(23761)   Post Evacuate Collection Set: 2.9ms
[2023-11-10T11:55:20.376-0800][76924008ms] GC(23761)   Other: 0.3ms
[2023-11-10T11:55:20.376-0800][76924008ms] GC(23761) Eden regions: 177->0(177)
[2023-11-10T11:55:20.376-0800][76924008ms] GC(23761) Survivor regions: 1->1(23)
[2023-11-10T11:55:20.376-0800][76924008ms] GC(23761) Old regions: 1436->1436
[2023-11-10T11:55:20.376-0800][76924008ms] GC(23761) Humongous regions: 5->5
[2023-11-10T11:55:20.376-0800][76924008ms] GC(23761) Metaspace: 304986K->304986K(1349632K)
[2023-11-10T11:55:20.376-0800][76924008ms] GC(23761) Pause Young (Normal) (G1 Evacuation Pause) 3235M->2881M(3602M) 4.965ms
[2023-11-10T11:55:20.376-0800][76924008ms] GC(23761) User=0.00s Sys=0.00s Real=0.01s
[2023-11-10T11:55:20.829-0800][76924461ms] GC(23762) Pause Young (Normal) (G1 Evacuation Pause)
[2023-11-10T11:55:20.829-0800][76924461ms] GC(23762) Using 10 workers of 10 for evacuation
[2023-11-10T11:55:20.836-0800][76924468ms] GC(23762)   Pre Evacuate Collection Set: 0.1ms
[2023-11-10T11:55:20.836-0800][76924468ms] GC(23762)   Evacuate Collection Set: 2.3ms
[2023-11-10T11:55:20.836-0800][76924468ms] GC(23762)   Post Evacuate Collection Set: 4.3ms
[2023-11-10T11:55:20.836-0800][76924468ms] GC(23762)   Other: 0.4ms
[2023-11-10T11:55:20.836-0800][76924468ms] GC(23762) Eden regions: 177->0(177)
[2023-11-10T11:55:20.836-0800][76924468ms] GC(23762) Survivor regions: 1->1(23)
[2023-11-10T11:55:20.836-0800][76924468ms] GC(23762) Old regions: 1436->1436
[2023-11-10T11:55:20.836-0800][76924468ms] GC(23762) Humongous regions: 5->5
[2023-11-10T11:55:20.836-0800][76924468ms] GC(23762) Metaspace: 304986K->304986K(1349632K)
[2023-11-10T11:55:20.836-0800][76924468ms] GC(23762) Pause Young (Normal) (G1 Evacuation Pause) 3235M->2881M(3602M) 7.151ms
[2023-11-10T11:55:20.836-0800][76924468ms] GC(23762) User=0.02s Sys=0.00s Real=0.01s
[2023-11-10T11:55:21.274-0800][76924906ms] GC(23763) Pause Young (Normal) (G1 Evacuation Pause)
[2023-11-10T11:55:21.274-0800][76924906ms] GC(23763) Using 10 workers of 10 for evacuation
[2023-11-10T11:55:21.281-0800][76924913ms] GC(23763)   Pre Evacuate Collection Set: 0.0ms
[2023-11-10T11:55:21.281-0800][76924913ms] GC(23763)   Evacuate Collection Set: 1.7ms
[2023-11-10T11:55:21.281-0800][76924913ms] GC(23763)   Post Evacuate Collection Set: 3.9ms
[2023-11-10T11:55:21.281-0800][76924913ms] GC(23763)   Other: 0.3ms
[2023-11-10T11:55:21.281-0800][76924913ms] GC(23763) Eden regions: 177->0(177)
[2023-11-10T11:55:21.281-0800][76924913ms] GC(23763) Survivor regions: 1->1(23)
[2023-11-10T11:55:21.281-0800][76924913ms] GC(23763) Old regions: 1436->1436
[2023-11-10T11:55:21.281-0800][76924913ms] GC(23763) Humongous regions: 5->5
[2023-11-10T11:55:21.281-0800][76924913ms] GC(23763) Metaspace: 304986K->304986K(1349632K)
[2023-11-10T11:55:21.281-0800][76924913ms] GC(23763) Pause Young (Normal) (G1 Evacuation Pause) 3235M->2881M(3602M) 6.057ms
[2023-11-10T11:55:21.281-0800][76924913ms] GC(23763) User=0.00s Sys=0.00s Real=0.01s
[2023-11-10T11:55:21.784-0800][76925416ms] GC(23764) Pause Young (Normal) (G1 Evacuation Pause)
[2023-11-10T11:55:21.784-0800][76925416ms] GC(23764) Using 10 workers of 10 for evacuation
[2023-11-10T11:55:21.790-0800][76925422ms] GC(23764)   Pre Evacuate Collection Set: 0.0ms
[2023-11-10T11:55:21.790-0800][76925422ms] GC(23764)   Evacuate Collection Set: 1.6ms
[2023-11-10T11:55:21.790-0800][76925422ms] GC(23764)   Post Evacuate Collection Set: 3.6ms
[2023-11-10T11:55:21.790-0800][76925422ms] GC(23764)   Other: 0.3ms
[2023-11-10T11:55:21.790-0800][76925422ms] GC(23764) Eden regions: 177->0(177)
[2023-11-10T11:55:21.790-0800][76925422ms] GC(23764) Survivor regions: 1->1(23)
[2023-11-10T11:55:21.790-0800][76925422ms] GC(23764) Old regions: 1436->1436
[2023-11-10T11:55:21.790-0800][76925422ms] GC(23764) Humongous regions: 5->5
[2023-11-10T11:55:21.790-0800][76925422ms] GC(23764) Metaspace: 304986K->304986K(1349632K)
[2023-11-10T11:55:21.790-0800][76925422ms] GC(23764) Pause Young (Normal) (G1 Evacuation Pause) 3235M->2881M(3602M) 5.657ms
[2023-11-10T11:55:21.790-0800][76925422ms] GC(23764) User=0.00s Sys=0.00s Real=0.01s
[2023-11-10T11:55:22.231-0800][76925863ms] GC(23765) Pause Young (Normal) (G1 Evacuation Pause)
[2023-11-10T11:55:22.231-0800][76925863ms] GC(23765) Using 10 workers of 10 for evacuation
[2023-11-10T11:55:22.238-0800][76925870ms] GC(23765)   Pre Evacuate Collection Set: 0.0ms
[2023-11-10T11:55:22.238-0800][76925870ms] GC(23765)   Evacuate Collection Set: 1.9ms
[2023-11-10T11:55:22.238-0800][76925870ms] GC(23765)   Post Evacuate Collection Set: 5.4ms
[2023-11-10T11:55:22.238-0800][76925870ms] GC(23765)   Other: 0.3ms
[2023-11-10T11:55:22.238-0800][76925870ms] GC(23765) Eden regions: 177->0(177)
[2023-11-10T11:55:22.238-0800][76925870ms] GC(23765) Survivor regions: 1->1(23)
[2023-11-10T11:55:22.238-0800][76925870ms] GC(23765) Old regions: 1436->1436
[2023-11-10T11:55:22.238-0800][76925870ms] GC(23765) Humongous regions: 5->5
[2023-11-10T11:55:22.238-0800][76925870ms] GC(23765) Metaspace: 304986K->304986K(1349632K)
[2023-11-10T11:55:22.238-0800][76925870ms] GC(23765) Pause Young (Normal) (G1 Evacuation Pause) 3235M->2881M(3602M) 7.863ms
[2023-11-10T11:55:22.238-0800][76925870ms] GC(23765) User=0.00s Sys=0.00s Real=0.01s
[2023-11-10T11:55:22.738-0800][76926370ms] GC(23766) Pause Young (Normal) (G1 Evacuation Pause)
[2023-11-10T11:55:22.738-0800][76926370ms] GC(23766) Using 10 workers of 10 for evacuation
[2023-11-10T11:55:22.745-0800][76926377ms] GC(23766)   Pre Evacuate Collection Set: 0.0ms
[2023-11-10T11:55:22.745-0800][76926377ms] GC(23766)   Evacuate Collection Set: 2.1ms
[2023-11-10T11:55:22.745-0800][76926377ms] GC(23766)   Post Evacuate Collection Set: 3.9ms
[2023-11-10T11:55:22.745-0800][76926377ms] GC(23766)   Other: 0.3ms
[2023-11-10T11:55:22.745-0800][76926377ms] GC(23766) Eden regions: 177->0(177)
[2023-11-10T11:55:22.745-0800][76926377ms] GC(23766) Survivor regions: 1->1(23)
[2023-11-10T11:55:22.745-0800][76926377ms] GC(23766) Old regions: 1436->1436
[2023-11-10T11:55:22.745-0800][76926377ms] GC(23766) Humongous regions: 5->5
[2023-11-10T11:55:22.745-0800][76926377ms] GC(23766) Metaspace: 304986K->304986K(1349632K)
[2023-11-10T11:55:22.745-0800][76926377ms] GC(23766) Pause Young (Normal) (G1 Evacuation Pause) 3235M->2881M(3602M) 6.466ms
[2023-11-10T11:55:22.745-0800][76926377ms] GC(23766) User=0.00s Sys=0.00s Real=0.01s
[2023-11-10T11:55:23.133-0800][76926765ms] GC(23767) Pause Young (Normal) (G1 Evacuation Pause)
[2023-11-10T11:55:23.133-0800][76926765ms] GC(23767) Using 10 workers of 10 for evacuation
[2023-11-10T11:55:23.139-0800][76926771ms] GC(23767)   Pre Evacuate Collection Set: 0.0ms
[2023-11-10T11:55:23.139-0800][76926771ms] GC(23767)   Evacuate Collection Set: 1.9ms
[2023-11-10T11:55:23.139-0800][76926771ms] GC(23767)   Post Evacuate Collection Set: 3.5ms
[2023-11-10T11:55:23.139-0800][76926771ms] GC(23767)   Other: 0.3ms
[2023-11-10T11:55:23.139-0800][76926771ms] GC(23767) Eden regions: 177->0(177)
[2023-11-10T11:55:23.139-0800][76926771ms] GC(23767) Survivor regions: 1->1(23)
[2023-11-10T11:55:23.139-0800][76926771ms] GC(23767) Old regions: 1436->1436
[2023-11-10T11:55:23.139-0800][76926771ms] GC(23767) Humongous regions: 5->5
[2023-11-10T11:55:23.139-0800][76926771ms] GC(23767) Metaspace: 304986K->304986K(1349632K)
[2023-11-10T11:55:23.139-0800][76926771ms] GC(23767) Pause Young (Normal) (G1 Evacuation Pause) 3235M->2881M(3602M) 5.851ms
[2023-11-10T11:55:23.139-0800][76926771ms] GC(23767) User=0.00s Sys=0.00s Real=0.01s
[2023-11-10T11:55:23.624-0800][76927256ms] GC(23768) Pause Young (Normal) (G1 Evacuation Pause)
[2023-11-10T11:55:23.624-0800][76927256ms] GC(23768) Using 10 workers of 10 for evacuation
[2023-11-10T11:55:23.630-0800][76927262ms] GC(23768)   Pre Evacuate Collection Set: 0.1ms
[2023-11-10T11:55:23.630-0800][76927262ms] GC(23768)   Evacuate Collection Set: 2.1ms
[2023-11-10T11:55:23.630-0800][76927262ms] GC(23768)   Post Evacuate Collection Set: 3.1ms
[2023-11-10T11:55:23.630-0800][76927262ms] GC(23768)   Other: 0.3ms
[2023-11-10T11:55:23.630-0800][76927262ms] GC(23768) Eden regions: 177->0(177)
[2023-11-10T11:55:23.630-0800][76927262ms] GC(23768) Survivor regions: 1->1(23)
[2023-11-10T11:55:23.630-0800][76927262ms] GC(23768) Old regions: 1436->1436
[2023-11-10T11:55:23.630-0800][76927262ms] GC(23768) Humongous regions: 5->5
[2023-11-10T11:55:23.630-0800][76927262ms] GC(23768) Metaspace: 304986K->304986K(1349632K)
[2023-11-10T11:55:23.630-0800][76927262ms] GC(23768) Pause Young (Normal) (G1 Evacuation Pause) 3235M->2881M(3602M) 5.551ms
[2023-11-10T11:55:23.630-0800][76927262ms] GC(23768) User=0.00s Sys=0.00s Real=0.01s
[2023-11-10T11:55:24.051-0800][76927683ms] GC(23769) Pause Young (Normal) (G1 Evacuation Pause)
[2023-11-10T11:55:24.051-0800][76927683ms] GC(23769) Using 10 workers of 10 for evacuation
[2023-11-10T11:55:24.080-0800][76927712ms] GC(23769)   Pre Evacuate Collection Set: 0.0ms
[2023-11-10T11:55:24.080-0800][76927712ms] GC(23769)   Evacuate Collection Set: 23.4ms
[2023-11-10T11:55:24.080-0800][76927712ms] GC(23769)   Post Evacuate Collection Set: 5.2ms
[2023-11-10T11:55:24.080-0800][76927712ms] GC(23769)   Other: 0.3ms
[2023-11-10T11:55:24.080-0800][76927712ms] GC(23769) Eden regions: 177->0(177)
[2023-11-10T11:55:24.080-0800][76927712ms] GC(23769) Survivor regions: 1->1(23)
[2023-11-10T11:55:24.080-0800][76927712ms] GC(23769) Old regions: 1436->1436
[2023-11-10T11:55:24.080-0800][76927712ms] GC(23769) Humongous regions: 5->5
[2023-11-10T11:55:24.080-0800][76927712ms] GC(23769) Metaspace: 304986K->304986K(1349632K)
[2023-11-10T11:55:24.080-0800][76927712ms] GC(23769) Pause Young (Normal) (G1 Evacuation Pause) 3235M->2882M(3602M) 29.045ms
[2023-11-10T11:55:24.080-0800][76927712ms] GC(23769) User=0.03s Sys=0.00s Real=0.03s
[2023-11-10T11:55:24.482-0800][76928114ms] GC(23770) Pause Young (Normal) (G1 Evacuation Pause)
[2023-11-10T11:55:24.482-0800][76928114ms] GC(23770) Using 10 workers of 10 for evacuation
[2023-11-10T11:55:24.488-0800][76928120ms] GC(23770)   Pre Evacuate Collection Set: 0.1ms
[2023-11-10T11:55:24.488-0800][76928120ms] GC(23770)   Evacuate Collection Set: 2.2ms
[2023-11-10T11:55:24.488-0800][76928120ms] GC(23770)   Post Evacuate Collection Set: 3.2ms
[2023-11-10T11:55:24.488-0800][76928120ms] GC(23770)   Other: 0.3ms
[2023-11-10T11:55:24.488-0800][76928120ms] GC(23770) Eden regions: 177->0(177)
[2023-11-10T11:55:24.488-0800][76928120ms] GC(23770) Survivor regions: 1->1(23)
[2023-11-10T11:55:24.488-0800][76928120ms] GC(23770) Old regions: 1436->1436
[2023-11-10T11:55:24.488-0800][76928120ms] GC(23770) Humongous regions: 5->5
[2023-11-10T11:55:24.488-0800][76928120ms] GC(23770) Metaspace: 304986K->304986K(1349632K)
[2023-11-10T11:55:24.488-0800][76928120ms] GC(23770) Pause Young (Normal) (G1 Evacuation Pause) 3236M->2882M(3602M) 5.802ms
[2023-11-10T11:55:24.488-0800][76928120ms] GC(23770) User=0.00s Sys=0.00s Real=0.01s
[2023-11-10T11:55:24.912-0800][76928544ms] GC(23771) Pause Young (Normal) (G1 Evacuation Pause)
[2023-11-10T11:55:24.912-0800][76928544ms] GC(23771) Using 10 workers of 10 for evacuation
[2023-11-10T11:55:24.919-0800][76928551ms] GC(23771)   Pre Evacuate Collection Set: 0.0ms
[2023-11-10T11:55:24.919-0800][76928551ms] GC(23771)   Evacuate Collection Set: 1.6ms
[2023-11-10T11:55:24.919-0800][76928551ms] GC(23771)   Post Evacuate Collection Set: 4.8ms
[2023-11-10T11:55:24.919-0800][76928551ms] GC(23771)   Other: 0.3ms
[2023-11-10T11:55:24.919-0800][76928551ms] GC(23771) Eden regions: 177->0(177)
[2023-11-10T11:55:24.919-0800][76928551ms] GC(23771) Survivor regions: 1->1(23)
[2023-11-10T11:55:24.919-0800][76928551ms] GC(23771) Old regions: 1436->1436
[2023-11-10T11:55:24.919-0800][76928551ms] GC(23771) Humongous regions: 5->5
[2023-11-10T11:55:24.919-0800][76928551ms] GC(23771) Metaspace: 304986K->304986K(1349632K)
[2023-11-10T11:55:24.919-0800][76928551ms] GC(23771) Pause Young (Normal) (G1 Evacuation Pause) 3236M->2882M(3602M) 6.946ms
[2023-11-10T11:55:24.919-0800][76928551ms] GC(23771) User=0.00s Sys=0.00s Real=0.01s
[2023-11-10T11:55:25.361-0800][76928993ms] GC(23772) Pause Young (Normal) (G1 Evacuation Pause)
[2023-11-10T11:55:25.361-0800][76928993ms] GC(23772) Using 10 workers of 10 for evacuation
[2023-11-10T11:55:25.367-0800][76928999ms] GC(23772)   Pre Evacuate Collection Set: 0.1ms
[2023-11-10T11:55:25.367-0800][76928999ms] GC(23772)   Evacuate Collection Set: 2.4ms
[2023-11-10T11:55:25.367-0800][76928999ms] GC(23772)   Post Evacuate Collection Set: 3.3ms
[2023-11-10T11:55:25.367-0800][76928999ms] GC(23772)   Other: 0.3ms
[2023-11-10T11:55:25.367-0800][76928999ms] GC(23772) Eden regions: 177->0(177)
[2023-11-10T11:55:25.367-0800][76928999ms] GC(23772) Survivor regions: 1->1(23)
[2023-11-10T11:55:25.367-0800][76928999ms] GC(23772) Old regions: 1436->1436
[2023-11-10T11:55:25.367-0800][76928999ms] GC(23772) Humongous regions: 5->5
[2023-11-10T11:55:25.368-0800][76929000ms] GC(23772) Metaspace: 304986K->304986K(1349632K)
[2023-11-10T11:55:25.368-0800][76929000ms] GC(23772) Pause Young (Normal) (G1 Evacuation Pause) 3236M->2882M(3602M) 6.182ms
[2023-11-10T11:55:25.368-0800][76929000ms] GC(23772) User=0.00s Sys=0.00s Real=0.01s
[2023-11-10T11:55:25.773-0800][76929405ms] GC(23773) Pause Young (Normal) (G1 Evacuation Pause)
[2023-11-10T11:55:25.773-0800][76929405ms] GC(23773) Using 10 workers of 10 for evacuation
[2023-11-10T11:55:25.779-0800][76929411ms] GC(23773)   Pre Evacuate Collection Set: 0.0ms
[2023-11-10T11:55:25.779-0800][76929411ms] GC(23773)   Evacuate Collection Set: 1.7ms
[2023-11-10T11:55:25.779-0800][76929411ms] GC(23773)   Post Evacuate Collection Set: 3.5ms
[2023-11-10T11:55:25.779-0800][76929411ms] GC(23773)   Other: 0.3ms
[2023-11-10T11:55:25.779-0800][76929411ms] GC(23773) Eden regions: 177->0(177)
[2023-11-10T11:55:25.779-0800][76929411ms] GC(23773) Survivor regions: 1->1(23)
[2023-11-10T11:55:25.779-0800][76929411ms] GC(23773) Old regions: 1436->1436
[2023-11-10T11:55:25.779-0800][76929411ms] GC(23773) Humongous regions: 5->5
[2023-11-10T11:55:25.779-0800][76929411ms] GC(23773) Metaspace: 304986K->304986K(1349632K)
[2023-11-10T11:55:25.779-0800][76929411ms] GC(23773) Pause Young (Normal) (G1 Evacuation Pause) 3236M->2882M(3602M) 5.637ms
[2023-11-10T11:55:25.779-0800][76929411ms] GC(23773) User=0.00s Sys=0.00s Real=0.01s
[2023-11-10T11:55:26.229-0800][76929861ms] GC(23774) Pause Young (Normal) (G1 Evacuation Pause)
[2023-11-10T11:55:26.229-0800][76929861ms] GC(23774) Using 10 workers of 10 for evacuation
[2023-11-10T11:55:26.234-0800][76929866ms] GC(23774)   Pre Evacuate Collection Set: 0.0ms
[2023-11-10T11:55:26.234-0800][76929866ms] GC(23774)   Evacuate Collection Set: 1.9ms
[2023-11-10T11:55:26.234-0800][76929866ms] GC(23774)   Post Evacuate Collection Set: 3.3ms
[2023-11-10T11:55:26.234-0800][76929866ms] GC(23774)   Other: 0.3ms
[2023-11-10T11:55:26.234-0800][76929866ms] GC(23774) Eden regions: 177->0(177)
[2023-11-10T11:55:26.234-0800][76929866ms] GC(23774) Survivor regions: 1->1(23)
[2023-11-10T11:55:26.234-0800][76929866ms] GC(23774) Old regions: 1436->1436
[2023-11-10T11:55:26.234-0800][76929866ms] GC(23774) Humongous regions: 5->5
[2023-11-10T11:55:26.234-0800][76929866ms] GC(23774) Metaspace: 304986K->304986K(1349632K)
[2023-11-10T11:55:26.234-0800][76929866ms] GC(23774) Pause Young (Normal) (G1 Evacuation Pause) 3236M->2882M(3602M) 5.610ms
[2023-11-10T11:55:26.234-0800][76929866ms] GC(23774) User=0.00s Sys=0.00s Real=0.00s
[2023-11-10T11:55:26.633-0800][76930265ms] GC(23775) Pause Young (Normal) (G1 Evacuation Pause)
[2023-11-10T11:55:26.633-0800][76930265ms] GC(23775) Using 10 workers of 10 for evacuation
[2023-11-10T11:55:26.638-0800][76930270ms] GC(23775)   Pre Evacuate Collection Set: 0.0ms
[2023-11-10T11:55:26.638-0800][76930270ms] GC(23775)   Evacuate Collection Set: 1.6ms
[2023-11-10T11:55:26.638-0800][76930270ms] GC(23775)   Post Evacuate Collection Set: 2.9ms
[2023-11-10T11:55:26.638-0800][76930270ms] GC(23775)   Other: 0.2ms
[2023-11-10T11:55:26.638-0800][76930270ms] GC(23775) Eden regions: 177->0(177)
[2023-11-10T11:55:26.638-0800][76930270ms] GC(23775) Survivor regions: 1->1(23)
[2023-11-10T11:55:26.638-0800][76930270ms] GC(23775) Old regions: 1436->1436
[2023-11-10T11:55:26.638-0800][76930270ms] GC(23775) Humongous regions: 5->5
[2023-11-10T11:55:26.638-0800][76930270ms] GC(23775) Metaspace: 304986K->304986K(1349632K)
[2023-11-10T11:55:26.638-0800][76930270ms] GC(23775) Pause Young (Normal) (G1 Evacuation Pause) 3236M->2882M(3602M) 4.815ms
[2023-11-10T11:55:26.638-0800][76930270ms] GC(23775) User=0.00s Sys=0.00s Real=0.01s
[2023-11-10T11:55:27.059-0800][76930691ms] GC(23776) Pause Young (Normal) (G1 Evacuation Pause)
[2023-11-10T11:55:27.059-0800][76930691ms] GC(23776) Using 10 workers of 10 for evacuation
[2023-11-10T11:55:27.063-0800][76930695ms] GC(23776)   Pre Evacuate Collection Set: 0.0ms
[2023-11-10T11:55:27.063-0800][76930695ms] GC(23776)   Evacuate Collection Set: 1.6ms
[2023-11-10T11:55:27.063-0800][76930695ms] GC(23776)   Post Evacuate Collection Set: 3.2ms
[2023-11-10T11:55:27.063-0800][76930695ms] GC(23776)   Other: 0.2ms
[2023-11-10T11:55:27.063-0800][76930695ms] GC(23776) Eden regions: 177->0(177)
[2023-11-10T11:55:27.063-0800][76930696ms] GC(23776) Survivor regions: 1->1(23)
[2023-11-10T11:55:27.064-0800][76930696ms] GC(23776) Old regions: 1436->1436
[2023-11-10T11:55:27.064-0800][76930696ms] GC(23776) Humongous regions: 5->5
[2023-11-10T11:55:27.064-0800][76930696ms] GC(23776) Metaspace: 304986K->304986K(1349632K)
[2023-11-10T11:55:27.064-0800][76930696ms] GC(23776) Pause Young (Normal) (G1 Evacuation Pause) 3236M->2882M(3602M) 5.181ms
[2023-11-10T11:55:27.064-0800][76930696ms] GC(23776) User=0.00s Sys=0.00s Real=0.00s
[2023-11-10T11:55:27.521-0800][76931153ms] GC(23777) Pause Young (Normal) (G1 Evacuation Pause)
[2023-11-10T11:55:27.521-0800][76931153ms] GC(23777) Using 10 workers of 10 for evacuation
[2023-11-10T11:55:27.526-0800][76931158ms] GC(23777)   Pre Evacuate Collection Set: 0.0ms
[2023-11-10T11:55:27.526-0800][76931158ms] GC(23777)   Evacuate Collection Set: 1.6ms
[2023-11-10T11:55:27.526-0800][76931158ms] GC(23777)   Post Evacuate Collection Set: 3.5ms
[2023-11-10T11:55:27.526-0800][76931158ms] GC(23777)   Other: 0.3ms
[2023-11-10T11:55:27.526-0800][76931158ms] GC(23777) Eden regions: 177->0(177)
[2023-11-10T11:55:27.526-0800][76931158ms] GC(23777) Survivor regions: 1->1(23)
[2023-11-10T11:55:27.526-0800][76931158ms] GC(23777) Old regions: 1436->1436
[2023-11-10T11:55:27.526-0800][76931158ms] GC(23777) Humongous regions: 5->5
[2023-11-10T11:55:27.526-0800][76931158ms] GC(23777) Metaspace: 304986K->304986K(1349632K)
[2023-11-10T11:55:27.526-0800][76931158ms] GC(23777) Pause Young (Normal) (G1 Evacuation Pause) 3236M->2882M(3602M) 5.461ms
[2023-11-10T11:55:27.526-0800][76931158ms] GC(23777) User=0.02s Sys=0.00s Real=0.01s
[2023-11-10T11:55:27.958-0800][76931590ms] GC(23778) Pause Young (Normal) (G1 Evacuation Pause)
[2023-11-10T11:55:27.958-0800][76931590ms] GC(23778) Using 10 workers of 10 for evacuation
[2023-11-10T11:55:27.962-0800][76931594ms] GC(23778)   Pre Evacuate Collection Set: 0.0ms
[2023-11-10T11:55:27.963-0800][76931595ms] GC(23778)   Evacuate Collection Set: 1.7ms
[2023-11-10T11:55:27.963-0800][76931595ms] GC(23778)   Post Evacuate Collection Set: 3.1ms
[2023-11-10T11:55:27.963-0800][76931595ms] GC(23778)   Other: 0.2ms
[2023-11-10T11:55:27.963-0800][76931595ms] GC(23778) Eden regions: 177->0(177)
[2023-11-10T11:55:27.963-0800][76931595ms] GC(23778) Survivor regions: 1->1(23)
[2023-11-10T11:55:27.963-0800][76931595ms] GC(23778) Old regions: 1436->1436
[2023-11-10T11:55:27.963-0800][76931595ms] GC(23778) Humongous regions: 5->5
[2023-11-10T11:55:27.963-0800][76931595ms] GC(23778) Metaspace: 304986K->304986K(1349632K)
[2023-11-10T11:55:27.963-0800][76931595ms] GC(23778) Pause Young (Normal) (G1 Evacuation Pause) 3236M->2882M(3602M) 5.104ms
[2023-11-10T11:55:27.963-0800][76931595ms] GC(23778) User=0.00s Sys=0.00s Real=0.01s
[2023-11-10T11:55:28.401-0800][76932033ms] GC(23779) Pause Young (Normal) (G1 Evacuation Pause)
[2023-11-10T11:55:28.401-0800][76932033ms] GC(23779) Using 10 workers of 10 for evacuation
[2023-11-10T11:55:28.405-0800][76932037ms] GC(23779)   Pre Evacuate Collection Set: 0.0ms
[2023-11-10T11:55:28.405-0800][76932037ms] GC(23779)   Evacuate Collection Set: 1.7ms
[2023-11-10T11:55:28.405-0800][76932037ms] GC(23779)   Post Evacuate Collection Set: 3.1ms
[2023-11-10T11:55:28.405-0800][76932037ms] GC(23779)   Other: 0.3ms
[2023-11-10T11:55:28.405-0800][76932037ms] GC(23779) Eden regions: 177->0(177)
[2023-11-10T11:55:28.405-0800][76932037ms] GC(23779) Survivor regions: 1->1(23)
[2023-11-10T11:55:28.405-0800][76932037ms] GC(23779) Old regions: 1436->1436
[2023-11-10T11:55:28.405-0800][76932037ms] GC(23779) Humongous regions: 5->5
[2023-11-10T11:55:28.405-0800][76932037ms] GC(23779) Metaspace: 304986K->304986K(1349632K)
[2023-11-10T11:55:28.405-0800][76932037ms] GC(23779) Pause Young (Normal) (G1 Evacuation Pause) 3236M->2882M(3602M) 5.153ms
[2023-11-10T11:55:28.406-0800][76932038ms] GC(23779) User=0.00s Sys=0.00s Real=0.00s
[2023-11-10T11:55:28.825-0800][76932457ms] GC(23780) Pause Young (Normal) (G1 Evacuation Pause)
[2023-11-10T11:55:28.825-0800][76932457ms] GC(23780) Using 10 workers of 10 for evacuation
[2023-11-10T11:55:28.831-0800][76932463ms] GC(23780)   Pre Evacuate Collection Set: 0.1ms
[2023-11-10T11:55:28.831-0800][76932463ms] GC(23780)   Evacuate Collection Set: 1.8ms
[2023-11-10T11:55:28.831-0800][76932463ms] GC(23780)   Post Evacuate Collection Set: 3.3ms
[2023-11-10T11:55:28.831-0800][76932463ms] GC(23780)   Other: 0.3ms
[2023-11-10T11:55:28.831-0800][76932463ms] GC(23780) Eden regions: 177->0(177)
[2023-11-10T11:55:28.831-0800][76932463ms] GC(23780) Survivor regions: 1->1(23)
[2023-11-10T11:55:28.831-0800][76932463ms] GC(23780) Old regions: 1436->1436
[2023-11-10T11:55:28.831-0800][76932463ms] GC(23780) Humongous regions: 5->5
[2023-11-10T11:55:28.831-0800][76932463ms] GC(23780) Metaspace: 304986K->304986K(1349632K)
[2023-11-10T11:55:28.831-0800][76932463ms] GC(23780) Pause Young (Normal) (G1 Evacuation Pause) 3236M->2882M(3602M) 5.650ms
[2023-11-10T11:55:28.831-0800][76932463ms] GC(23780) User=0.00s Sys=0.00s Real=0.01s
[2023-11-10T11:55:29.275-0800][76932907ms] GC(23781) Pause Young (Normal) (G1 Evacuation Pause)
[2023-11-10T11:55:29.275-0800][76932907ms] GC(23781) Using 10 workers of 10 for evacuation
[2023-11-10T11:55:29.280-0800][76932912ms] GC(23781)   Pre Evacuate Collection Set: 0.0ms
[2023-11-10T11:55:29.280-0800][76932912ms] GC(23781)   Evacuate Collection Set: 1.7ms
[2023-11-10T11:55:29.280-0800][76932912ms] GC(23781)   Post Evacuate Collection Set: 3.0ms
[2023-11-10T11:55:29.280-0800][76932912ms] GC(23781)   Other: 0.2ms
[2023-11-10T11:55:29.280-0800][76932912ms] GC(23781) Eden regions: 177->0(177)
[2023-11-10T11:55:29.280-0800][76932912ms] GC(23781) Survivor regions: 1->1(23)
[2023-11-10T11:55:29.280-0800][76932912ms] GC(23781) Old regions: 1436->1436
[2023-11-10T11:55:29.280-0800][76932912ms] GC(23781) Humongous regions: 5->5
[2023-11-10T11:55:29.280-0800][76932912ms] GC(23781) Metaspace: 304986K->304986K(1349632K)
[2023-11-10T11:55:29.280-0800][76932912ms] GC(23781) Pause Young (Normal) (G1 Evacuation Pause) 3236M->2882M(3602M) 4.976ms
[2023-11-10T11:55:29.280-0800][76932912ms] GC(23781) User=0.00s Sys=0.00s Real=0.00s
[2023-11-10T11:55:29.731-0800][76933363ms] GC(23782) Pause Young (Normal) (G1 Evacuation Pause)
[2023-11-10T11:55:29.731-0800][76933363ms] GC(23782) Using 10 workers of 10 for evacuation
[2023-11-10T11:55:29.737-0800][76933369ms] GC(23782)   Pre Evacuate Collection Set: 0.0ms
[2023-11-10T11:55:29.737-0800][76933369ms] GC(23782)   Evacuate Collection Set: 1.7ms
[2023-11-10T11:55:29.737-0800][76933369ms] GC(23782)   Post Evacuate Collection Set: 3.1ms
[2023-11-10T11:55:29.737-0800][76933369ms] GC(23782)   Other: 0.2ms
[2023-11-10T11:55:29.737-0800][76933369ms] GC(23782) Eden regions: 177->0(177)
[2023-11-10T11:55:29.737-0800][76933369ms] GC(23782) Survivor regions: 1->1(23)
[2023-11-10T11:55:29.737-0800][76933369ms] GC(23782) Old regions: 1436->1436
[2023-11-10T11:55:29.737-0800][76933369ms] GC(23782) Humongous regions: 5->5
[2023-11-10T11:55:29.737-0800][76933369ms] GC(23782) Metaspace: 304986K->304986K(1349632K)
[2023-11-10T11:55:29.737-0800][76933369ms] GC(23782) Pause Young (Normal) (G1 Evacuation Pause) 3236M->2882M(3602M) 5.073ms
[2023-11-10T11:55:29.737-0800][76933369ms] GC(23782) User=0.00s Sys=0.00s Real=0.01s
[2023-11-10T11:55:30.106-0800][76933738ms] GC(23783) Pause Young (Normal) (G1 Evacuation Pause)
[2023-11-10T11:55:30.106-0800][76933738ms] GC(23783) Using 10 workers of 10 for evacuation
[2023-11-10T11:55:30.111-0800][76933743ms] GC(23783)   Pre Evacuate Collection Set: 0.0ms
[2023-11-10T11:55:30.111-0800][76933743ms] GC(23783)   Evacuate Collection Set: 1.6ms
[2023-11-10T11:55:30.111-0800][76933743ms] GC(23783)   Post Evacuate Collection Set: 3.1ms
[2023-11-10T11:55:30.111-0800][76933743ms] GC(23783)   Other: 0.4ms
[2023-11-10T11:55:30.111-0800][76933743ms] GC(23783) Eden regions: 177->0(177)
[2023-11-10T11:55:30.111-0800][76933743ms] GC(23783) Survivor regions: 1->1(23)
[2023-11-10T11:55:30.111-0800][76933743ms] GC(23783) Old regions: 1436->1436
[2023-11-10T11:55:30.111-0800][76933743ms] GC(23783) Humongous regions: 5->5
[2023-11-10T11:55:30.111-0800][76933743ms] GC(23783) Metaspace: 304986K->304986K(1349632K)
[2023-11-10T11:55:30.111-0800][76933743ms] GC(23783) Pause Young (Normal) (G1 Evacuation Pause) 3236M->2882M(3602M) 5.255ms
[2023-11-10T11:55:30.111-0800][76933743ms] GC(23783) User=0.00s Sys=0.00s Real=0.01s
[2023-11-10T11:55:30.577-0800][76934209ms] GC(23784) Pause Young (Normal) (G1 Evacuation Pause)
[2023-11-10T11:55:30.577-0800][76934209ms] GC(23784) Using 10 workers of 10 for evacuation
[2023-11-10T11:55:30.582-0800][76934214ms] GC(23784)   Pre Evacuate Collection Set: 0.0ms
[2023-11-10T11:55:30.582-0800][76934214ms] GC(23784)   Evacuate Collection Set: 1.7ms
[2023-11-10T11:55:30.582-0800][76934214ms] GC(23784)   Post Evacuate Collection Set: 3.1ms
[2023-11-10T11:55:30.582-0800][76934214ms] GC(23784)   Other: 0.3ms
[2023-11-10T11:55:30.582-0800][76934214ms] GC(23784) Eden regions: 177->0(177)
[2023-11-10T11:55:30.582-0800][76934214ms] GC(23784) Survivor regions: 1->1(23)
[2023-11-10T11:55:30.582-0800][76934214ms] GC(23784) Old regions: 1436->1436
[2023-11-10T11:55:30.582-0800][76934214ms] GC(23784) Humongous regions: 5->5
[2023-11-10T11:55:30.582-0800][76934214ms] GC(23784) Metaspace: 304986K->304986K(1349632K)
[2023-11-10T11:55:30.582-0800][76934214ms] GC(23784) Pause Young (Normal) (G1 Evacuation Pause) 3236M->2882M(3602M) 5.138ms
[2023-11-10T11:55:30.582-0800][76934214ms] GC(23784) User=0.00s Sys=0.00s Real=0.01s
[2023-11-10T11:55:31.012-0800][76934644ms] GC(23785) Pause Young (Normal) (G1 Evacuation Pause)
[2023-11-10T11:55:31.012-0800][76934644ms] GC(23785) Using 10 workers of 10 for evacuation
[2023-11-10T11:55:31.020-0800][76934652ms] GC(23785)   Pre Evacuate Collection Set: 0.0ms
[2023-11-10T11:55:31.020-0800][76934652ms] GC(23785)   Evacuate Collection Set: 2.4ms
[2023-11-10T11:55:31.020-0800][76934652ms] GC(23785)   Post Evacuate Collection Set: 4.6ms
[2023-11-10T11:55:31.020-0800][76934652ms] GC(23785)   Other: 0.3ms
[2023-11-10T11:55:31.020-0800][76934652ms] GC(23785) Eden regions: 177->0(177)
[2023-11-10T11:55:31.020-0800][76934652ms] GC(23785) Survivor regions: 1->1(23)
[2023-11-10T11:55:31.020-0800][76934652ms] GC(23785) Old regions: 1436->1436
[2023-11-10T11:55:31.020-0800][76934652ms] GC(23785) Humongous regions: 5->5
[2023-11-10T11:55:31.020-0800][76934652ms] GC(23785) Metaspace: 304986K->304986K(1349632K)
[2023-11-10T11:55:31.020-0800][76934652ms] GC(23785) Pause Young (Normal) (G1 Evacuation Pause) 3236M->2882M(3602M) 7.495ms
[2023-11-10T11:55:31.020-0800][76934652ms] GC(23785) User=0.00s Sys=0.00s Real=0.01s
[2023-11-10T11:55:31.462-0800][76935094ms] GC(23786) Pause Young (Normal) (G1 Evacuation Pause)
[2023-11-10T11:55:31.462-0800][76935094ms] GC(23786) Using 10 workers of 10 for evacuation
[2023-11-10T11:55:31.470-0800][76935102ms] GC(23786)   Pre Evacuate Collection Set: 0.1ms
[2023-11-10T11:55:31.470-0800][76935102ms] GC(23786)   Evacuate Collection Set: 3.1ms
[2023-11-10T11:55:31.470-0800][76935102ms] GC(23786)   Post Evacuate Collection Set: 4.3ms
[2023-11-10T11:55:31.470-0800][76935102ms] GC(23786)   Other: 0.3ms
[2023-11-10T11:55:31.470-0800][76935102ms] GC(23786) Eden regions: 177->0(177)
[2023-11-10T11:55:31.470-0800][76935102ms] GC(23786) Survivor regions: 1->1(23)
[2023-11-10T11:55:31.470-0800][76935102ms] GC(23786) Old regions: 1436->1436
[2023-11-10T11:55:31.470-0800][76935102ms] GC(23786) Humongous regions: 5->5
[2023-11-10T11:55:31.470-0800][76935102ms] GC(23786) Metaspace: 304986K->304986K(1349632K)
[2023-11-10T11:55:31.470-0800][76935102ms] GC(23786) Pause Young (Normal) (G1 Evacuation Pause) 3236M->2882M(3602M) 7.906ms
[2023-11-10T11:55:31.470-0800][76935102ms] GC(23786) User=0.00s Sys=0.00s Real=0.01s
[2023-11-10T11:55:31.977-0800][76935609ms] GC(23787) Pause Young (Normal) (G1 Evacuation Pause)
[2023-11-10T11:55:31.977-0800][76935609ms] GC(23787) Using 10 workers of 10 for evacuation
[2023-11-10T11:55:31.985-0800][76935617ms] GC(23787)   Pre Evacuate Collection Set: 0.2ms
[2023-11-10T11:55:31.985-0800][76935617ms] GC(23787)   Evacuate Collection Set: 2.3ms
[2023-11-10T11:55:31.985-0800][76935617ms] GC(23787)   Post Evacuate Collection Set: 5.8ms
[2023-11-10T11:55:31.985-0800][76935617ms] GC(23787)   Other: 0.5ms
[2023-11-10T11:55:31.985-0800][76935617ms] GC(23787) Eden regions: 177->0(177)
[2023-11-10T11:55:31.985-0800][76935617ms] GC(23787) Survivor regions: 1->1(23)
[2023-11-10T11:55:31.985-0800][76935617ms] GC(23787) Old regions: 1436->1436
[2023-11-10T11:55:31.985-0800][76935617ms] GC(23787) Humongous regions: 5->5
[2023-11-10T11:55:31.985-0800][76935617ms] GC(23787) Metaspace: 304986K->304986K(1349632K)
[2023-11-10T11:55:31.986-0800][76935618ms] GC(23787) Pause Young (Normal) (G1 Evacuation Pause) 3236M->2882M(3602M) 8.793ms
[2023-11-10T11:55:31.986-0800][76935618ms] GC(23787) User=0.00s Sys=0.00s Real=0.01s
[2023-11-10T11:55:32.465-0800][76936097ms] GC(23788) Pause Young (Normal) (G1 Evacuation Pause)
[2023-11-10T11:55:32.465-0800][76936097ms] GC(23788) Using 10 workers of 10 for evacuation
[2023-11-10T11:55:32.472-0800][76936104ms] GC(23788)   Pre Evacuate Collection Set: 0.0ms
[2023-11-10T11:55:32.472-0800][76936104ms] GC(23788)   Evacuate Collection Set: 2.1ms
[2023-11-10T11:55:32.472-0800][76936104ms] GC(23788)   Post Evacuate Collection Set: 4.7ms
[2023-11-10T11:55:32.472-0800][76936104ms] GC(23788)   Other: 0.3ms
[2023-11-10T11:55:32.472-0800][76936104ms] GC(23788) Eden regions: 177->0(176)
[2023-11-10T11:55:32.472-0800][76936104ms] GC(23788) Survivor regions: 1->1(23)
[2023-11-10T11:55:32.472-0800][76936104ms] GC(23788) Old regions: 1436->1437
[2023-11-10T11:55:32.472-0800][76936104ms] GC(23788) Humongous regions: 5->5
[2023-11-10T11:55:32.472-0800][76936104ms] GC(23788) Metaspace: 304986K->304986K(1349632K)
[2023-11-10T11:55:32.472-0800][76936104ms] GC(23788) Pause Young (Normal) (G1 Evacuation Pause) 3236M->2882M(3602M) 7.223ms
[2023-11-10T11:55:32.472-0800][76936104ms] GC(23788) User=0.00s Sys=0.00s Real=0.01s
[2023-11-10T11:55:32.918-0800][76936550ms] GC(23789) Pause Young (Normal) (G1 Evacuation Pause)
[2023-11-10T11:55:32.918-0800][76936550ms] GC(23789) Using 10 workers of 10 for evacuation
[2023-11-10T11:55:32.923-0800][76936555ms] GC(23789)   Pre Evacuate Collection Set: 0.0ms
[2023-11-10T11:55:32.923-0800][76936555ms] GC(23789)   Evacuate Collection Set: 1.6ms
[2023-11-10T11:55:32.923-0800][76936555ms] GC(23789)   Post Evacuate Collection Set: 3.7ms
[2023-11-10T11:55:32.923-0800][76936555ms] GC(23789)   Other: 0.3ms
[2023-11-10T11:55:32.923-0800][76936555ms] GC(23789) Eden regions: 176->0(176)
[2023-11-10T11:55:32.923-0800][76936555ms] GC(23789) Survivor regions: 1->1(23)
[2023-11-10T11:55:32.923-0800][76936555ms] GC(23789) Old regions: 1437->1437
[2023-11-10T11:55:32.923-0800][76936555ms] GC(23789) Humongous regions: 5->5
[2023-11-10T11:55:32.923-0800][76936555ms] GC(23789) Metaspace: 304986K->304986K(1349632K)
[2023-11-10T11:55:32.923-0800][76936555ms] GC(23789) Pause Young (Normal) (G1 Evacuation Pause) 3234M->2882M(3602M) 5.786ms
[2023-11-10T11:55:32.923-0800][76936555ms] GC(23789) User=0.00s Sys=0.00s Real=0.01s
[2023-11-10T11:55:33.365-0800][76936997ms] GC(23790) Pause Young (Normal) (G1 Evacuation Pause)
[2023-11-10T11:55:33.365-0800][76936997ms] GC(23790) Using 10 workers of 10 for evacuation
[2023-11-10T11:55:33.370-0800][76937002ms] GC(23790)   Pre Evacuate Collection Set: 0.1ms
[2023-11-10T11:55:33.370-0800][76937002ms] GC(23790)   Evacuate Collection Set: 2.1ms
[2023-11-10T11:55:33.370-0800][76937002ms] GC(23790)   Post Evacuate Collection Set: 3.6ms
[2023-11-10T11:55:33.370-0800][76937002ms] GC(23790)   Other: 0.3ms
[2023-11-10T11:55:33.370-0800][76937002ms] GC(23790) Eden regions: 176->0(176)
[2023-11-10T11:55:33.370-0800][76937002ms] GC(23790) Survivor regions: 1->1(23)
[2023-11-10T11:55:33.370-0800][76937002ms] GC(23790) Old regions: 1437->1437
[2023-11-10T11:55:33.370-0800][76937002ms] GC(23790) Humongous regions: 5->5
[2023-11-10T11:55:33.370-0800][76937002ms] GC(23790) Metaspace: 304986K->304986K(1349632K)
[2023-11-10T11:55:33.370-0800][76937002ms] GC(23790) Pause Young (Normal) (G1 Evacuation Pause) 3234M->2882M(3602M) 6.144ms
[2023-11-10T11:55:33.370-0800][76937002ms] GC(23790) User=0.02s Sys=0.00s Real=0.00s
[2023-11-10T11:55:33.827-0800][76937459ms] GC(23791) Pause Young (Normal) (G1 Evacuation Pause)
[2023-11-10T11:55:33.827-0800][76937459ms] GC(23791) Using 10 workers of 10 for evacuation
[2023-11-10T11:55:33.834-0800][76937466ms] GC(23791)   Pre Evacuate Collection Set: 0.1ms
[2023-11-10T11:55:33.834-0800][76937466ms] GC(23791)   Evacuate Collection Set: 2.9ms
[2023-11-10T11:55:33.834-0800][76937466ms] GC(23791)   Post Evacuate Collection Set: 4.0ms
[2023-11-10T11:55:33.834-0800][76937466ms] GC(23791)   Other: 0.4ms
[2023-11-10T11:55:33.834-0800][76937466ms] GC(23791) Eden regions: 176->0(176)
[2023-11-10T11:55:33.834-0800][76937466ms] GC(23791) Survivor regions: 1->1(23)
[2023-11-10T11:55:33.834-0800][76937466ms] GC(23791) Old regions: 1437->1437
[2023-11-10T11:55:33.834-0800][76937466ms] GC(23791) Humongous regions: 5->5
[2023-11-10T11:55:33.834-0800][76937466ms] GC(23791) Metaspace: 304986K->304986K(1349632K)
[2023-11-10T11:55:33.834-0800][76937466ms] GC(23791) Pause Young (Normal) (G1 Evacuation Pause) 3234M->2882M(3602M) 7.512ms
[2023-11-10T11:55:33.834-0800][76937466ms] GC(23791) User=0.00s Sys=0.00s Real=0.01s
[2023-11-10T11:55:34.255-0800][76937887ms] GC(23792) Pause Young (Normal) (G1 Evacuation Pause)
[2023-11-10T11:55:34.255-0800][76937887ms] GC(23792) Using 10 workers of 10 for evacuation
[2023-11-10T11:55:34.260-0800][76937892ms] GC(23792)   Pre Evacuate Collection Set: 0.0ms
[2023-11-10T11:55:34.260-0800][76937892ms] GC(23792)   Evacuate Collection Set: 1.8ms
[2023-11-10T11:55:34.260-0800][76937892ms] GC(23792)   Post Evacuate Collection Set: 3.3ms
[2023-11-10T11:55:34.260-0800][76937892ms] GC(23792)   Other: 0.4ms
[2023-11-10T11:55:34.260-0800][76937892ms] GC(23792) Eden regions: 176->0(176)
[2023-11-10T11:55:34.260-0800][76937892ms] GC(23792) Survivor regions: 1->1(23)
[2023-11-10T11:55:34.260-0800][76937892ms] GC(23792) Old regions: 1437->1437
[2023-11-10T11:55:34.260-0800][76937892ms] GC(23792) Humongous regions: 5->5
[2023-11-10T11:55:34.260-0800][76937892ms] GC(23792) Metaspace: 304986K->304986K(1349632K)
[2023-11-10T11:55:34.260-0800][76937892ms] GC(23792) Pause Young (Normal) (G1 Evacuation Pause) 3234M->2882M(3602M) 5.559ms
[2023-11-10T11:55:34.260-0800][76937892ms] GC(23792) User=0.03s Sys=0.00s Real=0.00s
[2023-11-10T11:55:34.703-0800][76938335ms] GC(23793) Pause Young (Normal) (G1 Evacuation Pause)
[2023-11-10T11:55:34.703-0800][76938335ms] GC(23793) Using 10 workers of 10 for evacuation
[2023-11-10T11:55:34.709-0800][76938341ms] GC(23793)   Pre Evacuate Collection Set: 0.0ms
[2023-11-10T11:55:34.709-0800][76938341ms] GC(23793)   Evacuate Collection Set: 1.9ms
[2023-11-10T11:55:34.709-0800][76938341ms] GC(23793)   Post Evacuate Collection Set: 4.1ms
[2023-11-10T11:55:34.709-0800][76938341ms] GC(23793)   Other: 0.3ms
[2023-11-10T11:55:34.709-0800][76938341ms] GC(23793) Eden regions: 176->0(176)
[2023-11-10T11:55:34.709-0800][76938341ms] GC(23793) Survivor regions: 1->1(23)
[2023-11-10T11:55:34.709-0800][76938341ms] GC(23793) Old regions: 1437->1437
[2023-11-10T11:55:34.709-0800][76938341ms] GC(23793) Humongous regions: 5->5
[2023-11-10T11:55:34.709-0800][76938341ms] GC(23793) Metaspace: 304986K->304986K(1349632K)
[2023-11-10T11:55:34.709-0800][76938341ms] GC(23793) Pause Young (Normal) (G1 Evacuation Pause) 3234M->2882M(3602M) 6.464ms
[2023-11-10T11:55:34.709-0800][76938341ms] GC(23793) User=0.00s Sys=0.00s Real=0.01s
[2023-11-10T11:55:35.143-0800][76938775ms] GC(23794) Pause Young (Normal) (G1 Evacuation Pause)
[2023-11-10T11:55:35.143-0800][76938775ms] GC(23794) Using 10 workers of 10 for evacuation
[2023-11-10T11:55:35.150-0800][76938782ms] GC(23794)   Pre Evacuate Collection Set: 0.1ms
[2023-11-10T11:55:35.150-0800][76938782ms] GC(23794)   Evacuate Collection Set: 1.9ms
[2023-11-10T11:55:35.150-0800][76938782ms] GC(23794)   Post Evacuate Collection Set: 4.5ms
[2023-11-10T11:55:35.150-0800][76938782ms] GC(23794)   Other: 0.3ms
[2023-11-10T11:55:35.150-0800][76938782ms] GC(23794) Eden regions: 176->0(176)
[2023-11-10T11:55:35.150-0800][76938782ms] GC(23794) Survivor regions: 1->1(23)
[2023-11-10T11:55:35.150-0800][76938782ms] GC(23794) Old regions: 1437->1437
[2023-11-10T11:55:35.150-0800][76938782ms] GC(23794) Humongous regions: 5->5
[2023-11-10T11:55:35.150-0800][76938782ms] GC(23794) Metaspace: 304986K->304986K(1349632K)
[2023-11-10T11:55:35.150-0800][76938782ms] GC(23794) Pause Young (Normal) (G1 Evacuation Pause) 3234M->2882M(3602M) 6.888ms
[2023-11-10T11:55:35.150-0800][76938782ms] GC(23794) User=0.00s Sys=0.00s Real=0.01s
[2023-11-10T11:55:35.553-0800][76939185ms] GC(23795) Pause Young (Normal) (G1 Evacuation Pause)
[2023-11-10T11:55:35.553-0800][76939185ms] GC(23795) Using 10 workers of 10 for evacuation
[2023-11-10T11:55:35.559-0800][76939191ms] GC(23795)   Pre Evacuate Collection Set: 0.1ms
[2023-11-10T11:55:35.559-0800][76939191ms] GC(23795)   Evacuate Collection Set: 2.2ms
[2023-11-10T11:55:35.559-0800][76939191ms] GC(23795)   Post Evacuate Collection Set: 3.4ms
[2023-11-10T11:55:35.559-0800][76939191ms] GC(23795)   Other: 0.3ms
[2023-11-10T11:55:35.559-0800][76939191ms] GC(23795) Eden regions: 176->0(176)
[2023-11-10T11:55:35.559-0800][76939191ms] GC(23795) Survivor regions: 1->1(23)
[2023-11-10T11:55:35.559-0800][76939191ms] GC(23795) Old regions: 1437->1437
[2023-11-10T11:55:35.559-0800][76939191ms] GC(23795) Humongous regions: 5->5
[2023-11-10T11:55:35.559-0800][76939191ms] GC(23795) Metaspace: 304986K->304986K(1349632K)
[2023-11-10T11:55:35.559-0800][76939191ms] GC(23795) Pause Young (Normal) (G1 Evacuation Pause) 3234M->2882M(3602M) 6.021ms
[2023-11-10T11:55:35.559-0800][76939191ms] GC(23795) User=0.05s Sys=0.02s Real=0.01s
[2023-11-10T11:55:35.970-0800][76939602ms] GC(23796) Pause Young (Normal) (G1 Evacuation Pause)
[2023-11-10T11:55:35.970-0800][76939602ms] GC(23796) Using 10 workers of 10 for evacuation
[2023-11-10T11:55:35.976-0800][76939608ms] GC(23796)   Pre Evacuate Collection Set: 0.1ms
[2023-11-10T11:55:35.976-0800][76939608ms] GC(23796)   Evacuate Collection Set: 1.8ms
[2023-11-10T11:55:35.976-0800][76939608ms] GC(23796)   Post Evacuate Collection Set: 3.8ms
[2023-11-10T11:55:35.976-0800][76939608ms] GC(23796)   Other: 0.3ms
[2023-11-10T11:55:35.976-0800][76939608ms] GC(23796) Eden regions: 176->0(176)
[2023-11-10T11:55:35.976-0800][76939608ms] GC(23796) Survivor regions: 1->1(23)
[2023-11-10T11:55:35.976-0800][76939608ms] GC(23796) Old regions: 1437->1437
[2023-11-10T11:55:35.976-0800][76939608ms] GC(23796) Humongous regions: 5->5
[2023-11-10T11:55:35.976-0800][76939608ms] GC(23796) Metaspace: 304986K->304986K(1349632K)
[2023-11-10T11:55:35.976-0800][76939608ms] GC(23796) Pause Young (Normal) (G1 Evacuation Pause) 3234M->2882M(3602M) 5.952ms
[2023-11-10T11:55:35.976-0800][76939608ms] GC(23796) User=0.00s Sys=0.00s Real=0.01s
[2023-11-10T11:55:36.409-0800][76940041ms] GC(23797) Pause Young (Normal) (G1 Evacuation Pause)
[2023-11-10T11:55:36.409-0800][76940041ms] GC(23797) Using 10 workers of 10 for evacuation
[2023-11-10T11:55:36.415-0800][76940047ms] GC(23797)   Pre Evacuate Collection Set: 0.1ms
[2023-11-10T11:55:36.415-0800][76940047ms] GC(23797)   Evacuate Collection Set: 1.8ms
[2023-11-10T11:55:36.415-0800][76940047ms] GC(23797)   Post Evacuate Collection Set: 3.8ms
[2023-11-10T11:55:36.415-0800][76940047ms] GC(23797)   Other: 0.3ms
[2023-11-10T11:55:36.415-0800][76940047ms] GC(23797) Eden regions: 176->0(176)
[2023-11-10T11:55:36.415-0800][76940047ms] GC(23797) Survivor regions: 1->1(23)
[2023-11-10T11:55:36.415-0800][76940047ms] GC(23797) Old regions: 1437->1437
[2023-11-10T11:55:36.415-0800][76940047ms] GC(23797) Humongous regions: 5->5
[2023-11-10T11:55:36.415-0800][76940047ms] GC(23797) Metaspace: 304986K->304986K(1349632K)
[2023-11-10T11:55:36.415-0800][76940047ms] GC(23797) Pause Young (Normal) (G1 Evacuation Pause) 3234M->2882M(3602M) 6.212ms
[2023-11-10T11:55:36.415-0800][76940047ms] GC(23797) User=0.02s Sys=0.00s Real=0.01s
[2023-11-10T11:55:36.835-0800][76940467ms] GC(23798) Pause Young (Normal) (G1 Evacuation Pause)
[2023-11-10T11:55:36.835-0800][76940467ms] GC(23798) Using 10 workers of 10 for evacuation
[2023-11-10T11:55:36.840-0800][76940472ms] GC(23798)   Pre Evacuate Collection Set: 0.1ms
[2023-11-10T11:55:36.840-0800][76940472ms] GC(23798)   Evacuate Collection Set: 2.2ms
[2023-11-10T11:55:36.840-0800][76940472ms] GC(23798)   Post Evacuate Collection Set: 3.1ms
[2023-11-10T11:55:36.840-0800][76940472ms] GC(23798)   Other: 0.5ms
[2023-11-10T11:55:36.840-0800][76940472ms] GC(23798) Eden regions: 176->0(176)
[2023-11-10T11:55:36.840-0800][76940472ms] GC(23798) Survivor regions: 1->1(23)
[2023-11-10T11:55:36.840-0800][76940472ms] GC(23798) Old regions: 1437->1437
[2023-11-10T11:55:36.840-0800][76940472ms] GC(23798) Humongous regions: 5->5
[2023-11-10T11:55:36.840-0800][76940472ms] GC(23798) Metaspace: 304986K->304986K(1349632K)
[2023-11-10T11:55:36.840-0800][76940472ms] GC(23798) Pause Young (Normal) (G1 Evacuation Pause) 3234M->2882M(3602M) 5.725ms
[2023-11-10T11:55:36.840-0800][76940472ms] GC(23798) User=0.00s Sys=0.00s Real=0.00s
[2023-11-10T11:55:37.245-0800][76940877ms] GC(23799) Pause Young (Normal) (G1 Evacuation Pause)
[2023-11-10T11:55:37.245-0800][76940877ms] GC(23799) Using 10 workers of 10 for evacuation
[2023-11-10T11:55:37.250-0800][76940882ms] GC(23799)   Pre Evacuate Collection Set: 0.0ms
[2023-11-10T11:55:37.250-0800][76940882ms] GC(23799)   Evacuate Collection Set: 1.7ms
[2023-11-10T11:55:37.250-0800][76940882ms] GC(23799)   Post Evacuate Collection Set: 3.2ms
[2023-11-10T11:55:37.250-0800][76940882ms] GC(23799)   Other: 0.3ms
[2023-11-10T11:55:37.250-0800][76940882ms] GC(23799) Eden regions: 176->0(176)
[2023-11-10T11:55:37.250-0800][76940882ms] GC(23799) Survivor regions: 1->1(23)
[2023-11-10T11:55:37.250-0800][76940882ms] GC(23799) Old regions: 1437->1437
[2023-11-10T11:55:37.250-0800][76940882ms] GC(23799) Humongous regions: 5->5
[2023-11-10T11:55:37.250-0800][76940882ms] GC(23799) Metaspace: 304986K->304986K(1349632K)
[2023-11-10T11:55:37.250-0800][76940882ms] GC(23799) Pause Young (Normal) (G1 Evacuation Pause) 3234M->2882M(3602M) 5.365ms
[2023-11-10T11:55:37.250-0800][76940882ms] GC(23799) User=0.00s Sys=0.00s Real=0.01s
[2023-11-10T11:55:37.691-0800][76941323ms] GC(23800) Pause Young (Normal) (G1 Evacuation Pause)
[2023-11-10T11:55:37.691-0800][76941323ms] GC(23800) Using 10 workers of 10 for evacuation
[2023-11-10T11:55:37.696-0800][76941328ms] GC(23800)   Pre Evacuate Collection Set: 0.0ms
[2023-11-10T11:55:37.696-0800][76941328ms] GC(23800)   Evacuate Collection Set: 1.6ms
[2023-11-10T11:55:37.696-0800][76941328ms] GC(23800)   Post Evacuate Collection Set: 3.1ms
[2023-11-10T11:55:37.696-0800][76941328ms] GC(23800)   Other: 0.2ms
[2023-11-10T11:55:37.696-0800][76941328ms] GC(23800) Eden regions: 176->0(176)
[2023-11-10T11:55:37.696-0800][76941328ms] GC(23800) Survivor regions: 1->1(23)
[2023-11-10T11:55:37.696-0800][76941328ms] GC(23800) Old regions: 1437->1437
[2023-11-10T11:55:37.696-0800][76941328ms] GC(23800) Humongous regions: 5->5
[2023-11-10T11:55:37.696-0800][76941328ms] GC(23800) Metaspace: 304986K->304986K(1349632K)
[2023-11-10T11:55:37.696-0800][76941328ms] GC(23800) Pause Young (Normal) (G1 Evacuation Pause) 3234M->2882M(3602M) 5.059ms
[2023-11-10T11:55:37.696-0800][76941328ms] GC(23800) User=0.00s Sys=0.00s Real=0.01s
[2023-11-10T11:55:38.085-0800][76941717ms] GC(23801) Pause Young (Normal) (G1 Evacuation Pause)
[2023-11-10T11:55:38.085-0800][76941717ms] GC(23801) Using 10 workers of 10 for evacuation
[2023-11-10T11:55:38.091-0800][76941723ms] GC(23801)   Pre Evacuate Collection Set: 0.0ms
[2023-11-10T11:55:38.091-0800][76941723ms] GC(23801)   Evacuate Collection Set: 1.6ms
[2023-11-10T11:55:38.091-0800][76941723ms] GC(23801)   Post Evacuate Collection Set: 3.1ms
[2023-11-10T11:55:38.091-0800][76941723ms] GC(23801)   Other: 0.3ms
[2023-11-10T11:55:38.091-0800][76941723ms] GC(23801) Eden regions: 176->0(176)
[2023-11-10T11:55:38.091-0800][76941723ms] GC(23801) Survivor regions: 1->1(23)
[2023-11-10T11:55:38.091-0800][76941723ms] GC(23801) Old regions: 1437->1437
[2023-11-10T11:55:38.091-0800][76941723ms] GC(23801) Humongous regions: 5->5
[2023-11-10T11:55:38.091-0800][76941723ms] GC(23801) Metaspace: 304986K->304986K(1349632K)
[2023-11-10T11:55:38.091-0800][76941723ms] GC(23801) Pause Young (Normal) (G1 Evacuation Pause) 3234M->2883M(3602M) 5.093ms
[2023-11-10T11:55:38.091-0800][76941723ms] GC(23801) User=0.00s Sys=0.00s Real=0.01s
[2023-11-10T11:55:38.524-0800][76942156ms] GC(23802) Pause Young (Normal) (G1 Evacuation Pause)
[2023-11-10T11:55:38.524-0800][76942156ms] GC(23802) Using 10 workers of 10 for evacuation
[2023-11-10T11:55:38.529-0800][76942161ms] GC(23802)   Pre Evacuate Collection Set: 0.1ms
[2023-11-10T11:55:38.529-0800][76942161ms] GC(23802)   Evacuate Collection Set: 1.8ms
[2023-11-10T11:55:38.529-0800][76942161ms] GC(23802)   Post Evacuate Collection Set: 3.5ms
[2023-11-10T11:55:38.529-0800][76942161ms] GC(23802)   Other: 0.3ms
[2023-11-10T11:55:38.529-0800][76942161ms] GC(23802) Eden regions: 176->0(176)
[2023-11-10T11:55:38.529-0800][76942161ms] GC(23802) Survivor regions: 1->1(23)
[2023-11-10T11:55:38.529-0800][76942162ms] GC(23802) Old regions: 1437->1437
[2023-11-10T11:55:38.530-0800][76942162ms] GC(23802) Humongous regions: 5->5
[2023-11-10T11:55:38.530-0800][76942162ms] GC(23802) Metaspace: 304986K->304986K(1349632K)
[2023-11-10T11:55:38.530-0800][76942162ms] GC(23802) Pause Young (Normal) (G1 Evacuation Pause) 3235M->2883M(3602M) 5.902ms
[2023-11-10T11:55:38.530-0800][76942162ms] GC(23802) User=0.00s Sys=0.00s Real=0.01s
[2023-11-10T11:55:38.981-0800][76942613ms] GC(23803) Pause Young (Normal) (G1 Evacuation Pause)
[2023-11-10T11:55:38.981-0800][76942613ms] GC(23803) Using 10 workers of 10 for evacuation
[2023-11-10T11:55:38.986-0800][76942618ms] GC(23803)   Pre Evacuate Collection Set: 0.0ms
[2023-11-10T11:55:38.986-0800][76942618ms] GC(23803)   Evacuate Collection Set: 1.7ms
[2023-11-10T11:55:38.986-0800][76942618ms] GC(23803)   Post Evacuate Collection Set: 2.9ms
[2023-11-10T11:55:38.986-0800][76942618ms] GC(23803)   Other: 0.3ms
[2023-11-10T11:55:38.986-0800][76942618ms] GC(23803) Eden regions: 176->0(176)
[2023-11-10T11:55:38.986-0800][76942618ms] GC(23803) Survivor regions: 1->1(23)
[2023-11-10T11:55:38.986-0800][76942618ms] GC(23803) Old regions: 1437->1437
[2023-11-10T11:55:38.986-0800][76942618ms] GC(23803) Humongous regions: 5->5
[2023-11-10T11:55:38.986-0800][76942618ms] GC(23803) Metaspace: 304986K->304986K(1349632K)
[2023-11-10T11:55:38.986-0800][76942618ms] GC(23803) Pause Young (Normal) (G1 Evacuation Pause) 3235M->2883M(3602M) 4.955ms
[2023-11-10T11:55:38.986-0800][76942618ms] GC(23803) User=0.00s Sys=0.00s Real=0.01s
[2023-11-10T11:55:39.391-0800][76943023ms] GC(23804) Pause Young (Normal) (G1 Evacuation Pause)
[2023-11-10T11:55:39.391-0800][76943023ms] GC(23804) Using 10 workers of 10 for evacuation
[2023-11-10T11:55:39.396-0800][76943028ms] GC(23804)   Pre Evacuate Collection Set: 0.0ms
[2023-11-10T11:55:39.396-0800][76943028ms] GC(23804)   Evacuate Collection Set: 1.7ms
[2023-11-10T11:55:39.396-0800][76943028ms] GC(23804)   Post Evacuate Collection Set: 3.0ms
[2023-11-10T11:55:39.396-0800][76943028ms] GC(23804)   Other: 0.2ms
[2023-11-10T11:55:39.396-0800][76943028ms] GC(23804) Eden regions: 176->0(176)
[2023-11-10T11:55:39.396-0800][76943028ms] GC(23804) Survivor regions: 1->1(23)
[2023-11-10T11:55:39.396-0800][76943028ms] GC(23804) Old regions: 1437->1437
[2023-11-10T11:55:39.396-0800][76943028ms] GC(23804) Humongous regions: 5->5
[2023-11-10T11:55:39.396-0800][76943028ms] GC(23804) Metaspace: 304986K->304986K(1349632K)
[2023-11-10T11:55:39.396-0800][76943028ms] GC(23804) Pause Young (Normal) (G1 Evacuation Pause) 3235M->2883M(3602M) 4.988ms
[2023-11-10T11:55:39.396-0800][76943028ms] GC(23804) User=0.00s Sys=0.00s Real=0.00s
[2023-11-10T11:55:39.856-0800][76943488ms] GC(23805) Pause Young (Normal) (G1 Evacuation Pause)
[2023-11-10T11:55:39.856-0800][76943488ms] GC(23805) Using 10 workers of 10 for evacuation
[2023-11-10T11:55:39.861-0800][76943493ms] GC(23805)   Pre Evacuate Collection Set: 0.1ms
[2023-11-10T11:55:39.861-0800][76943493ms] GC(23805)   Evacuate Collection Set: 1.9ms
[2023-11-10T11:55:39.861-0800][76943493ms] GC(23805)   Post Evacuate Collection Set: 3.2ms
[2023-11-10T11:55:39.861-0800][76943493ms] GC(23805)   Other: 0.4ms
[2023-11-10T11:55:39.861-0800][76943493ms] GC(23805) Eden regions: 176->0(176)
[2023-11-10T11:55:39.861-0800][76943493ms] GC(23805) Survivor regions: 1->1(23)
[2023-11-10T11:55:39.861-0800][76943493ms] GC(23805) Old regions: 1437->1437
[2023-11-10T11:55:39.861-0800][76943493ms] GC(23805) Humongous regions: 5->5
[2023-11-10T11:55:39.861-0800][76943493ms] GC(23805) Metaspace: 304986K->304986K(1349632K)
[2023-11-10T11:55:39.861-0800][76943493ms] GC(23805) Pause Young (Normal) (G1 Evacuation Pause) 3235M->2883M(3602M) 5.728ms
[2023-11-10T11:55:39.861-0800][76943493ms] GC(23805) User=0.00s Sys=0.00s Real=0.01s
[2023-11-10T11:55:40.358-0800][76943990ms] GC(23806) Pause Young (Normal) (G1 Evacuation Pause)
[2023-11-10T11:55:40.358-0800][76943990ms] GC(23806) Using 10 workers of 10 for evacuation
[2023-11-10T11:55:40.363-0800][76943995ms] GC(23806)   Pre Evacuate Collection Set: 0.0ms
[2023-11-10T11:55:40.363-0800][76943995ms] GC(23806)   Evacuate Collection Set: 1.7ms
[2023-11-10T11:55:40.363-0800][76943995ms] GC(23806)   Post Evacuate Collection Set: 3.0ms
[2023-11-10T11:55:40.363-0800][76943995ms] GC(23806)   Other: 0.3ms
[2023-11-10T11:55:40.363-0800][76943995ms] GC(23806) Eden regions: 176->0(176)
[2023-11-10T11:55:40.363-0800][76943995ms] GC(23806) Survivor regions: 1->1(23)
[2023-11-10T11:55:40.363-0800][76943995ms] GC(23806) Old regions: 1437->1437
[2023-11-10T11:55:40.363-0800][76943995ms] GC(23806) Humongous regions: 5->5
[2023-11-10T11:55:40.363-0800][76943995ms] GC(23806) Metaspace: 304986K->304986K(1349632K)
[2023-11-10T11:55:40.363-0800][76943995ms] GC(23806) Pause Young (Normal) (G1 Evacuation Pause) 3235M->2883M(3602M) 5.195ms
[2023-11-10T11:55:40.363-0800][76943995ms] GC(23806) User=0.00s Sys=0.00s Real=0.00s
[2023-11-10T11:55:40.764-0800][76944396ms] GC(23807) Pause Young (Normal) (G1 Evacuation Pause)
[2023-11-10T11:55:40.764-0800][76944396ms] GC(23807) Using 10 workers of 10 for evacuation
[2023-11-10T11:55:40.769-0800][76944401ms] GC(23807)   Pre Evacuate Collection Set: 0.0ms
[2023-11-10T11:55:40.769-0800][76944401ms] GC(23807)   Evacuate Collection Set: 1.7ms
[2023-11-10T11:55:40.769-0800][76944401ms] GC(23807)   Post Evacuate Collection Set: 3.0ms
[2023-11-10T11:55:40.769-0800][76944401ms] GC(23807)   Other: 0.3ms
[2023-11-10T11:55:40.769-0800][76944401ms] GC(23807) Eden regions: 176->0(176)
[2023-11-10T11:55:40.769-0800][76944401ms] GC(23807) Survivor regions: 1->1(23)
[2023-11-10T11:55:40.769-0800][76944401ms] GC(23807) Old regions: 1437->1437
[2023-11-10T11:55:40.769-0800][76944401ms] GC(23807) Humongous regions: 5->5
[2023-11-10T11:55:40.769-0800][76944401ms] GC(23807) Metaspace: 304986K->304986K(1349632K)
[2023-11-10T11:55:40.769-0800][76944401ms] GC(23807) Pause Young (Normal) (G1 Evacuation Pause) 3235M->2883M(3602M) 5.109ms
[2023-11-10T11:55:40.769-0800][76944401ms] GC(23807) User=0.00s Sys=0.00s Real=0.01s
[2023-11-10T11:55:41.257-0800][76944889ms] GC(23808) Pause Young (Normal) (G1 Evacuation Pause)
[2023-11-10T11:55:41.257-0800][76944889ms] GC(23808) Using 10 workers of 10 for evacuation
[2023-11-10T11:55:41.265-0800][76944897ms] GC(23808)   Pre Evacuate Collection Set: 0.1ms
[2023-11-10T11:55:41.265-0800][76944897ms] GC(23808)   Evacuate Collection Set: 2.6ms
[2023-11-10T11:55:41.265-0800][76944897ms] GC(23808)   Post Evacuate Collection Set: 4.6ms
[2023-11-10T11:55:41.265-0800][76944897ms] GC(23808)   Other: 0.4ms
[2023-11-10T11:55:41.265-0800][76944897ms] GC(23808) Eden regions: 176->0(176)
[2023-11-10T11:55:41.265-0800][76944897ms] GC(23808) Survivor regions: 1->1(23)
[2023-11-10T11:55:41.265-0800][76944897ms] GC(23808) Old regions: 1437->1437
[2023-11-10T11:55:41.265-0800][76944897ms] GC(23808) Humongous regions: 5->5
[2023-11-10T11:55:41.265-0800][76944897ms] GC(23808) Metaspace: 304986K->304986K(1349632K)
[2023-11-10T11:55:41.265-0800][76944897ms] GC(23808) Pause Young (Normal) (G1 Evacuation Pause) 3235M->2883M(3602M) 7.768ms
[2023-11-10T11:55:41.265-0800][76944897ms] GC(23808) User=0.00s Sys=0.00s Real=0.01s
[2023-11-10T11:55:41.795-0800][76945427ms] GC(23809) Pause Young (Normal) (G1 Evacuation Pause)
[2023-11-10T11:55:41.795-0800][76945427ms] GC(23809) Using 10 workers of 10 for evacuation
[2023-11-10T11:55:41.803-0800][76945435ms] GC(23809)   Pre Evacuate Collection Set: 0.1ms
[2023-11-10T11:55:41.803-0800][76945435ms] GC(23809)   Evacuate Collection Set: 2.9ms
[2023-11-10T11:55:41.803-0800][76945435ms] GC(23809)   Post Evacuate Collection Set: 4.5ms
[2023-11-10T11:55:41.803-0800][76945435ms] GC(23809)   Other: 0.5ms
[2023-11-10T11:55:41.803-0800][76945435ms] GC(23809) Eden regions: 176->0(176)
[2023-11-10T11:55:41.803-0800][76945435ms] GC(23809) Survivor regions: 1->1(23)
[2023-11-10T11:55:41.803-0800][76945435ms] GC(23809) Old regions: 1437->1437
[2023-11-10T11:55:41.803-0800][76945435ms] GC(23809) Humongous regions: 5->5
[2023-11-10T11:55:41.803-0800][76945435ms] GC(23809) Metaspace: 304986K->304986K(1349632K)
[2023-11-10T11:55:41.803-0800][76945435ms] GC(23809) Pause Young (Normal) (G1 Evacuation Pause) 3235M->2883M(3602M) 8.120ms
[2023-11-10T11:55:41.803-0800][76945435ms] GC(23809) User=0.00s Sys=0.00s Real=0.01s
[2023-11-10T11:55:42.299-0800][76945931ms] GC(23810) Pause Young (Normal) (G1 Evacuation Pause)
[2023-11-10T11:55:42.299-0800][76945931ms] GC(23810) Using 10 workers of 10 for evacuation
[2023-11-10T11:55:42.305-0800][76945937ms] GC(23810)   Pre Evacuate Collection Set: 0.0ms
[2023-11-10T11:55:42.305-0800][76945937ms] GC(23810)   Evacuate Collection Set: 1.8ms
[2023-11-10T11:55:42.305-0800][76945937ms] GC(23810)   Post Evacuate Collection Set: 3.5ms
[2023-11-10T11:55:42.305-0800][76945937ms] GC(23810)   Other: 0.3ms
[2023-11-10T11:55:42.305-0800][76945937ms] GC(23810) Eden regions: 176->0(176)
[2023-11-10T11:55:42.305-0800][76945937ms] GC(23810) Survivor regions: 1->1(23)
[2023-11-10T11:55:42.305-0800][76945937ms] GC(23810) Old regions: 1437->1437
[2023-11-10T11:55:42.305-0800][76945937ms] GC(23810) Humongous regions: 5->5
[2023-11-10T11:55:42.305-0800][76945937ms] GC(23810) Metaspace: 304986K->304986K(1349632K)
[2023-11-10T11:55:42.305-0800][76945937ms] GC(23810) Pause Young (Normal) (G1 Evacuation Pause) 3235M->2883M(3602M) 5.795ms
[2023-11-10T11:55:42.305-0800][76945937ms] GC(23810) User=0.00s Sys=0.00s Real=0.01s
[2023-11-10T11:55:42.795-0800][76946427ms] GC(23811) Pause Young (Normal) (G1 Evacuation Pause)
[2023-11-10T11:55:42.795-0800][76946427ms] GC(23811) Using 10 workers of 10 for evacuation
[2023-11-10T11:55:42.801-0800][76946433ms] GC(23811)   Pre Evacuate Collection Set: 0.0ms
[2023-11-10T11:55:42.801-0800][76946433ms] GC(23811)   Evacuate Collection Set: 2.5ms
[2023-11-10T11:55:42.801-0800][76946433ms] GC(23811)   Post Evacuate Collection Set: 3.6ms
[2023-11-10T11:55:42.801-0800][76946433ms] GC(23811)   Other: 0.3ms
[2023-11-10T11:55:42.801-0800][76946433ms] GC(23811) Eden regions: 176->0(176)
[2023-11-10T11:55:42.801-0800][76946433ms] GC(23811) Survivor regions: 1->1(23)
[2023-11-10T11:55:42.801-0800][76946433ms] GC(23811) Old regions: 1437->1437
[2023-11-10T11:55:42.801-0800][76946433ms] GC(23811) Humongous regions: 5->5
[2023-11-10T11:55:42.801-0800][76946433ms] GC(23811) Metaspace: 304986K->304986K(1349632K)
[2023-11-10T11:55:42.801-0800][76946433ms] GC(23811) Pause Young (Normal) (G1 Evacuation Pause) 3235M->2883M(3602M) 6.581ms
[2023-11-10T11:55:42.801-0800][76946433ms] GC(23811) User=0.00s Sys=0.00s Real=0.01s
[2023-11-10T11:55:43.343-0800][76946975ms] GC(23812) Pause Young (Normal) (G1 Evacuation Pause)
[2023-11-10T11:55:43.343-0800][76946975ms] GC(23812) Using 10 workers of 10 for evacuation
[2023-11-10T11:55:43.350-0800][76946982ms] GC(23812)   Pre Evacuate Collection Set: 0.1ms
[2023-11-10T11:55:43.350-0800][76946982ms] GC(23812)   Evacuate Collection Set: 2.3ms
[2023-11-10T11:55:43.350-0800][76946982ms] GC(23812)   Post Evacuate Collection Set: 4.7ms
[2023-11-10T11:55:43.350-0800][76946982ms] GC(23812)   Other: 0.3ms
[2023-11-10T11:55:43.350-0800][76946982ms] GC(23812) Eden regions: 176->0(176)
[2023-11-10T11:55:43.350-0800][76946982ms] GC(23812) Survivor regions: 1->1(23)
[2023-11-10T11:55:43.350-0800][76946982ms] GC(23812) Old regions: 1437->1437
[2023-11-10T11:55:43.350-0800][76946982ms] GC(23812) Humongous regions: 5->5
[2023-11-10T11:55:43.350-0800][76946982ms] GC(23812) Metaspace: 304986K->304986K(1349632K)
[2023-11-10T11:55:43.350-0800][76946982ms] GC(23812) Pause Young (Normal) (G1 Evacuation Pause) 3235M->2883M(3602M) 7.535ms
[2023-11-10T11:55:43.350-0800][76946982ms] GC(23812) User=0.00s Sys=0.00s Real=0.01s
[2023-11-10T11:55:43.801-0800][76947433ms] GC(23813) Pause Young (Normal) (G1 Evacuation Pause)
[2023-11-10T11:55:43.801-0800][76947433ms] GC(23813) Using 10 workers of 10 for evacuation
[2023-11-10T11:55:43.807-0800][76947439ms] GC(23813)   Pre Evacuate Collection Set: 0.0ms
[2023-11-10T11:55:43.807-0800][76947439ms] GC(23813)   Evacuate Collection Set: 1.8ms
[2023-11-10T11:55:43.807-0800][76947439ms] GC(23813)   Post Evacuate Collection Set: 3.9ms
[2023-11-10T11:55:43.807-0800][76947439ms] GC(23813)   Other: 0.2ms
[2023-11-10T11:55:43.807-0800][76947439ms] GC(23813) Eden regions: 176->0(176)
[2023-11-10T11:55:43.807-0800][76947439ms] GC(23813) Survivor regions: 1->1(23)
[2023-11-10T11:55:43.807-0800][76947439ms] GC(23813) Old regions: 1437->1437
[2023-11-10T11:55:43.807-0800][76947439ms] GC(23813) Humongous regions: 5->5
[2023-11-10T11:55:43.807-0800][76947439ms] GC(23813) Metaspace: 304986K->304986K(1349632K)
[2023-11-10T11:55:43.807-0800][76947439ms] GC(23813) Pause Young (Normal) (G1 Evacuation Pause) 3235M->2883M(3602M) 6.124ms
[2023-11-10T11:55:43.807-0800][76947439ms] GC(23813) User=0.00s Sys=0.00s Real=0.01s
[2023-11-10T11:55:44.263-0800][76947895ms] GC(23814) Pause Young (Normal) (G1 Evacuation Pause)
[2023-11-10T11:55:44.263-0800][76947895ms] GC(23814) Using 10 workers of 10 for evacuation
[2023-11-10T11:55:44.269-0800][76947901ms] GC(23814)   Pre Evacuate Collection Set: 0.1ms
[2023-11-10T11:55:44.269-0800][76947901ms] GC(23814)   Evacuate Collection Set: 2.0ms
[2023-11-10T11:55:44.269-0800][76947901ms] GC(23814)   Post Evacuate Collection Set: 4.7ms
[2023-11-10T11:55:44.269-0800][76947901ms] GC(23814)   Other: 0.3ms
[2023-11-10T11:55:44.269-0800][76947901ms] GC(23814) Eden regions: 176->0(174)
[2023-11-10T11:55:44.269-0800][76947901ms] GC(23814) Survivor regions: 1->2(23)
[2023-11-10T11:55:44.269-0800][76947901ms] GC(23814) Old regions: 1437->1437
[2023-11-10T11:55:44.269-0800][76947901ms] GC(23814) Humongous regions: 5->5
[2023-11-10T11:55:44.269-0800][76947901ms] GC(23814) Metaspace: 304986K->304986K(1349632K)
[2023-11-10T11:55:44.269-0800][76947901ms] GC(23814) Pause Young (Normal) (G1 Evacuation Pause) 3235M->2884M(3602M) 7.155ms
[2023-11-10T11:55:44.269-0800][76947901ms] GC(23814) User=0.00s Sys=0.00s Real=0.01s
[2023-11-10T11:55:44.678-0800][76948310ms] GC(23815) Pause Young (Normal) (G1 Evacuation Pause)
[2023-11-10T11:55:44.678-0800][76948310ms] GC(23815) Using 10 workers of 10 for evacuation
[2023-11-10T11:55:44.686-0800][76948318ms] GC(23815)   Pre Evacuate Collection Set: 0.0ms
[2023-11-10T11:55:44.686-0800][76948318ms] GC(23815)   Evacuate Collection Set: 2.1ms
[2023-11-10T11:55:44.686-0800][76948318ms] GC(23815)   Post Evacuate Collection Set: 5.2ms
[2023-11-10T11:55:44.686-0800][76948318ms] GC(23815)   Other: 0.3ms
[2023-11-10T11:55:44.686-0800][76948318ms] GC(23815) Eden regions: 174->0(175)
[2023-11-10T11:55:44.686-0800][76948318ms] GC(23815) Survivor regions: 2->1(22)
[2023-11-10T11:55:44.686-0800][76948318ms] GC(23815) Old regions: 1437->1437
[2023-11-10T11:55:44.686-0800][76948318ms] GC(23815) Humongous regions: 5->5
[2023-11-10T11:55:44.686-0800][76948318ms] GC(23815) Metaspace: 304986K->304986K(1349632K)
[2023-11-10T11:55:44.686-0800][76948318ms] GC(23815) Pause Young (Normal) (G1 Evacuation Pause) 3232M->2883M(3602M) 7.816ms
[2023-11-10T11:55:44.686-0800][76948318ms] GC(23815) User=0.05s Sys=0.02s Real=0.01s
[2023-11-10T11:55:45.199-0800][76948831ms] GC(23816) Pause Young (Normal) (G1 Evacuation Pause)
[2023-11-10T11:55:45.199-0800][76948831ms] GC(23816) Using 10 workers of 10 for evacuation
[2023-11-10T11:55:45.206-0800][76948838ms] GC(23816)   Pre Evacuate Collection Set: 0.1ms
[2023-11-10T11:55:45.206-0800][76948838ms] GC(23816)   Evacuate Collection Set: 1.7ms
[2023-11-10T11:55:45.206-0800][76948838ms] GC(23816)   Post Evacuate Collection Set: 4.6ms
[2023-11-10T11:55:45.206-0800][76948838ms] GC(23816)   Other: 0.4ms
[2023-11-10T11:55:45.206-0800][76948838ms] GC(23816) Eden regions: 175->0(175)
[2023-11-10T11:55:45.206-0800][76948838ms] GC(23816) Survivor regions: 1->1(22)
[2023-11-10T11:55:45.206-0800][76948838ms] GC(23816) Old regions: 1437->1437
[2023-11-10T11:55:45.206-0800][76948838ms] GC(23816) Humongous regions: 5->5
[2023-11-10T11:55:45.206-0800][76948838ms] GC(23816) Metaspace: 304986K->304986K(1349632K)
[2023-11-10T11:55:45.206-0800][76948838ms] GC(23816) Pause Young (Normal) (G1 Evacuation Pause) 3233M->2883M(3602M) 6.925ms
[2023-11-10T11:55:45.206-0800][76948838ms] GC(23816) User=0.00s Sys=0.00s Real=0.01s
[2023-11-10T11:55:45.658-0800][76949290ms] GC(23817) Pause Young (Normal) (G1 Evacuation Pause)
[2023-11-10T11:55:45.658-0800][76949290ms] GC(23817) Using 10 workers of 10 for evacuation
[2023-11-10T11:55:45.664-0800][76949296ms] GC(23817)   Pre Evacuate Collection Set: 0.0ms
[2023-11-10T11:55:45.664-0800][76949296ms] GC(23817)   Evacuate Collection Set: 1.6ms
[2023-11-10T11:55:45.664-0800][76949296ms] GC(23817)   Post Evacuate Collection Set: 3.8ms
[2023-11-10T11:55:45.664-0800][76949296ms] GC(23817)   Other: 0.3ms
[2023-11-10T11:55:45.664-0800][76949296ms] GC(23817) Eden regions: 175->0(175)
[2023-11-10T11:55:45.664-0800][76949296ms] GC(23817) Survivor regions: 1->1(22)
[2023-11-10T11:55:45.664-0800][76949296ms] GC(23817) Old regions: 1437->1437
[2023-11-10T11:55:45.664-0800][76949296ms] GC(23817) Humongous regions: 5->5
[2023-11-10T11:55:45.664-0800][76949296ms] GC(23817) Metaspace: 304986K->304986K(1349632K)
[2023-11-10T11:55:45.664-0800][76949296ms] GC(23817) Pause Young (Normal) (G1 Evacuation Pause) 3233M->2883M(3602M) 5.783ms
[2023-11-10T11:55:45.664-0800][76949296ms] GC(23817) User=0.02s Sys=0.00s Real=0.01s
[2023-11-10T11:55:46.080-0800][76949712ms] GC(23818) Pause Young (Normal) (G1 Evacuation Pause)
[2023-11-10T11:55:46.080-0800][76949712ms] GC(23818) Using 10 workers of 10 for evacuation
[2023-11-10T11:55:46.087-0800][76949719ms] GC(23818)   Pre Evacuate Collection Set: 0.0ms
[2023-11-10T11:55:46.087-0800][76949719ms] GC(23818)   Evacuate Collection Set: 1.7ms
[2023-11-10T11:55:46.087-0800][76949719ms] GC(23818)   Post Evacuate Collection Set: 5.5ms
[2023-11-10T11:55:46.087-0800][76949719ms] GC(23818)   Other: 0.2ms
[2023-11-10T11:55:46.087-0800][76949719ms] GC(23818) Eden regions: 175->0(175)
[2023-11-10T11:55:46.087-0800][76949719ms] GC(23818) Survivor regions: 1->1(22)
[2023-11-10T11:55:46.087-0800][76949719ms] GC(23818) Old regions: 1437->1437
[2023-11-10T11:55:46.087-0800][76949719ms] GC(23818) Humongous regions: 5->5
[2023-11-10T11:55:46.087-0800][76949719ms] GC(23818) Metaspace: 304986K->304986K(1349632K)
[2023-11-10T11:55:46.087-0800][76949719ms] GC(23818) Pause Young (Normal) (G1 Evacuation Pause) 3233M->2883M(3602M) 7.583ms
[2023-11-10T11:55:46.087-0800][76949719ms] GC(23818) User=0.00s Sys=0.00s Real=0.01s
[2023-11-10T11:55:46.579-0800][76950211ms] GC(23819) Pause Young (Normal) (G1 Evacuation Pause)
[2023-11-10T11:55:46.579-0800][76950211ms] GC(23819) Using 10 workers of 10 for evacuation
[2023-11-10T11:55:46.584-0800][76950216ms] GC(23819)   Pre Evacuate Collection Set: 0.1ms
[2023-11-10T11:55:46.584-0800][76950216ms] GC(23819)   Evacuate Collection Set: 1.6ms
[2023-11-10T11:55:46.584-0800][76950216ms] GC(23819)   Post Evacuate Collection Set: 3.3ms
[2023-11-10T11:55:46.584-0800][76950216ms] GC(23819)   Other: 0.3ms
[2023-11-10T11:55:46.584-0800][76950216ms] GC(23819) Eden regions: 175->0(176)
[2023-11-10T11:55:46.584-0800][76950216ms] GC(23819) Survivor regions: 1->1(22)
[2023-11-10T11:55:46.584-0800][76950216ms] GC(23819) Old regions: 1437->1437
[2023-11-10T11:55:46.584-0800][76950216ms] GC(23819) Humongous regions: 5->5
[2023-11-10T11:55:46.584-0800][76950216ms] GC(23819) Metaspace: 304986K->304986K(1349632K)
[2023-11-10T11:55:46.584-0800][76950216ms] GC(23819) Pause Young (Normal) (G1 Evacuation Pause) 3233M->2883M(3602M) 5.263ms
[2023-11-10T11:55:46.584-0800][76950216ms] GC(23819) User=0.00s Sys=0.00s Real=0.01s
[2023-11-10T11:55:47.045-0800][76950677ms] GC(23820) Pause Young (Normal) (G1 Evacuation Pause)
[2023-11-10T11:55:47.045-0800][76950677ms] GC(23820) Using 10 workers of 10 for evacuation
[2023-11-10T11:55:47.049-0800][76950681ms] GC(23820)   Pre Evacuate Collection Set: 0.1ms
[2023-11-10T11:55:47.049-0800][76950681ms] GC(23820)   Evacuate Collection Set: 2.0ms
[2023-11-10T11:55:47.049-0800][76950681ms] GC(23820)   Post Evacuate Collection Set: 3.3ms
[2023-11-10T11:55:47.049-0800][76950681ms] GC(23820)   Other: 0.4ms
[2023-11-10T11:55:47.049-0800][76950681ms] GC(23820) Eden regions: 176->0(176)
[2023-11-10T11:55:47.049-0800][76950681ms] GC(23820) Survivor regions: 1->1(23)
[2023-11-10T11:55:47.049-0800][76950681ms] GC(23820) Old regions: 1437->1437
[2023-11-10T11:55:47.049-0800][76950681ms] GC(23820) Humongous regions: 5->5
[2023-11-10T11:55:47.050-0800][76950682ms] GC(23820) Metaspace: 304986K->304986K(1349632K)
[2023-11-10T11:55:47.050-0800][76950682ms] GC(23820) Pause Young (Normal) (G1 Evacuation Pause) 3235M->2883M(3602M) 5.782ms
[2023-11-10T11:55:47.050-0800][76950682ms] GC(23820) User=0.00s Sys=0.00s Real=0.00s
[2023-11-10T11:55:47.476-0800][76951108ms] GC(23821) Pause Young (Normal) (G1 Evacuation Pause)
[2023-11-10T11:55:47.476-0800][76951108ms] GC(23821) Using 10 workers of 10 for evacuation
[2023-11-10T11:55:47.481-0800][76951113ms] GC(23821)   Pre Evacuate Collection Set: 0.0ms
[2023-11-10T11:55:47.481-0800][76951113ms] GC(23821)   Evacuate Collection Set: 1.7ms
[2023-11-10T11:55:47.482-0800][76951114ms] GC(23821)   Post Evacuate Collection Set: 3.0ms
[2023-11-10T11:55:47.482-0800][76951114ms] GC(23821)   Other: 0.3ms
[2023-11-10T11:55:47.482-0800][76951114ms] GC(23821) Eden regions: 176->0(176)
[2023-11-10T11:55:47.482-0800][76951114ms] GC(23821) Survivor regions: 1->1(23)
[2023-11-10T11:55:47.482-0800][76951114ms] GC(23821) Old regions: 1437->1437
[2023-11-10T11:55:47.482-0800][76951114ms] GC(23821) Humongous regions: 5->5
[2023-11-10T11:55:47.482-0800][76951114ms] GC(23821) Metaspace: 304986K->304986K(1349632K)
[2023-11-10T11:55:47.482-0800][76951114ms] GC(23821) Pause Young (Normal) (G1 Evacuation Pause) 3235M->2883M(3602M) 5.240ms
[2023-11-10T11:55:47.482-0800][76951114ms] GC(23821) User=0.00s Sys=0.00s Real=0.01s
[2023-11-10T11:55:47.953-0800][76951586ms] GC(23822) Pause Young (Normal) (G1 Evacuation Pause)
[2023-11-10T11:55:47.954-0800][76951586ms] GC(23822) Using 10 workers of 10 for evacuation
[2023-11-10T11:55:47.959-0800][76951591ms] GC(23822)   Pre Evacuate Collection Set: 0.0ms
[2023-11-10T11:55:47.959-0800][76951591ms] GC(23822)   Evacuate Collection Set: 1.8ms
[2023-11-10T11:55:47.959-0800][76951591ms] GC(23822)   Post Evacuate Collection Set: 3.3ms
[2023-11-10T11:55:47.959-0800][76951591ms] GC(23822)   Other: 0.3ms
[2023-11-10T11:55:47.959-0800][76951591ms] GC(23822) Eden regions: 176->0(176)
[2023-11-10T11:55:47.959-0800][76951591ms] GC(23822) Survivor regions: 1->1(23)
[2023-11-10T11:55:47.959-0800][76951591ms] GC(23822) Old regions: 1437->1437
[2023-11-10T11:55:47.959-0800][76951591ms] GC(23822) Humongous regions: 5->5
[2023-11-10T11:55:47.959-0800][76951591ms] GC(23822) Metaspace: 304986K->304986K(1349632K)
[2023-11-10T11:55:47.959-0800][76951591ms] GC(23822) Pause Young (Normal) (G1 Evacuation Pause) 3235M->2883M(3602M) 5.443ms
[2023-11-10T11:55:47.959-0800][76951591ms] GC(23822) User=0.00s Sys=0.00s Real=0.01s
[2023-11-10T11:55:48.433-0800][76952065ms] GC(23823) Pause Young (Normal) (G1 Evacuation Pause)
[2023-11-10T11:55:48.433-0800][76952065ms] GC(23823) Using 10 workers of 10 for evacuation
[2023-11-10T11:55:48.438-0800][76952070ms] GC(23823)   Pre Evacuate Collection Set: 0.0ms
[2023-11-10T11:55:48.438-0800][76952070ms] GC(23823)   Evacuate Collection Set: 1.7ms
[2023-11-10T11:55:48.438-0800][76952070ms] GC(23823)   Post Evacuate Collection Set: 3.3ms
[2023-11-10T11:55:48.438-0800][76952070ms] GC(23823)   Other: 0.2ms
[2023-11-10T11:55:48.438-0800][76952070ms] GC(23823) Eden regions: 176->0(176)
[2023-11-10T11:55:48.438-0800][76952070ms] GC(23823) Survivor regions: 1->1(23)
[2023-11-10T11:55:48.438-0800][76952070ms] GC(23823) Old regions: 1437->1437
[2023-11-10T11:55:48.438-0800][76952070ms] GC(23823) Humongous regions: 5->5
[2023-11-10T11:55:48.438-0800][76952070ms] GC(23823) Metaspace: 304986K->304986K(1349632K)
[2023-11-10T11:55:48.438-0800][76952070ms] GC(23823) Pause Young (Normal) (G1 Evacuation Pause) 3235M->2883M(3602M) 5.400ms
[2023-11-10T11:55:48.438-0800][76952070ms] GC(23823) User=0.00s Sys=0.00s Real=0.00s
[2023-11-10T11:55:48.830-0800][76952462ms] GC(23824) Pause Young (Normal) (G1 Evacuation Pause)
[2023-11-10T11:55:48.830-0800][76952462ms] GC(23824) Using 10 workers of 10 for evacuation
[2023-11-10T11:55:48.836-0800][76952468ms] GC(23824)   Pre Evacuate Collection Set: 0.0ms
[2023-11-10T11:55:48.836-0800][76952468ms] GC(23824)   Evacuate Collection Set: 1.7ms
[2023-11-10T11:55:48.836-0800][76952468ms] GC(23824)   Post Evacuate Collection Set: 3.3ms
[2023-11-10T11:55:48.836-0800][76952468ms] GC(23824)   Other: 0.3ms
[2023-11-10T11:55:48.836-0800][76952468ms] GC(23824) Eden regions: 176->0(176)
[2023-11-10T11:55:48.836-0800][76952468ms] GC(23824) Survivor regions: 1->1(23)
[2023-11-10T11:55:48.836-0800][76952468ms] GC(23824) Old regions: 1437->1437
[2023-11-10T11:55:48.836-0800][76952468ms] GC(23824) Humongous regions: 5->5
[2023-11-10T11:55:48.836-0800][76952468ms] GC(23824) Metaspace: 304986K->304986K(1349632K)
[2023-11-10T11:55:48.836-0800][76952468ms] GC(23824) Pause Young (Normal) (G1 Evacuation Pause) 3235M->2883M(3602M) 5.427ms
[2023-11-10T11:55:48.836-0800][76952468ms] GC(23824) User=0.00s Sys=0.00s Real=0.01s
[2023-11-10T11:55:49.245-0800][76952877ms] GC(23825) Pause Young (Normal) (G1 Evacuation Pause)
[2023-11-10T11:55:49.245-0800][76952877ms] GC(23825) Using 10 workers of 10 for evacuation
[2023-11-10T11:55:49.250-0800][76952882ms] GC(23825)   Pre Evacuate Collection Set: 0.0ms
[2023-11-10T11:55:49.250-0800][76952882ms] GC(23825)   Evacuate Collection Set: 1.8ms
[2023-11-10T11:55:49.250-0800][76952882ms] GC(23825)   Post Evacuate Collection Set: 3.5ms
[2023-11-10T11:55:49.250-0800][76952882ms] GC(23825)   Other: 0.3ms
[2023-11-10T11:55:49.250-0800][76952882ms] GC(23825) Eden regions: 176->0(176)
[2023-11-10T11:55:49.250-0800][76952882ms] GC(23825) Survivor regions: 1->1(23)
[2023-11-10T11:55:49.250-0800][76952882ms] GC(23825) Old regions: 1437->1437
[2023-11-10T11:55:49.250-0800][76952882ms] GC(23825) Humongous regions: 5->5
[2023-11-10T11:55:49.250-0800][76952882ms] GC(23825) Metaspace: 304986K->304986K(1349632K)
[2023-11-10T11:55:49.250-0800][76952882ms] GC(23825) Pause Young (Normal) (G1 Evacuation Pause) 3235M->2883M(3602M) 5.615ms
[2023-11-10T11:55:49.251-0800][76952883ms] GC(23825) User=0.00s Sys=0.00s Real=0.01s
[2023-11-10T11:55:49.721-0800][76953353ms] GC(23826) Pause Young (Normal) (G1 Evacuation Pause)
[2023-11-10T11:55:49.721-0800][76953353ms] GC(23826) Using 10 workers of 10 for evacuation
[2023-11-10T11:55:49.729-0800][76953361ms] GC(23826)   Pre Evacuate Collection Set: 0.1ms
[2023-11-10T11:55:49.729-0800][76953361ms] GC(23826)   Evacuate Collection Set: 2.3ms
[2023-11-10T11:55:49.729-0800][76953361ms] GC(23826)   Post Evacuate Collection Set: 5.2ms
[2023-11-10T11:55:49.729-0800][76953361ms] GC(23826)   Other: 0.3ms
[2023-11-10T11:55:49.729-0800][76953361ms] GC(23826) Eden regions: 176->0(176)
[2023-11-10T11:55:49.729-0800][76953361ms] GC(23826) Survivor regions: 1->1(23)
[2023-11-10T11:55:49.729-0800][76953361ms] GC(23826) Old regions: 1437->1437
[2023-11-10T11:55:49.729-0800][76953361ms] GC(23826) Humongous regions: 5->5
[2023-11-10T11:55:49.729-0800][76953361ms] GC(23826) Metaspace: 304986K->304986K(1349632K)
[2023-11-10T11:55:49.729-0800][76953361ms] GC(23826) Pause Young (Normal) (G1 Evacuation Pause) 3235M->2883M(3602M) 8.041ms
[2023-11-10T11:55:49.729-0800][76953361ms] GC(23826) User=0.00s Sys=0.00s Real=0.01s
[2023-11-10T11:55:50.157-0800][76953789ms] GC(23827) Pause Young (Normal) (G1 Evacuation Pause)
[2023-11-10T11:55:50.157-0800][76953789ms] GC(23827) Using 10 workers of 10 for evacuation
[2023-11-10T11:55:50.163-0800][76953795ms] GC(23827)   Pre Evacuate Collection Set: 0.1ms
[2023-11-10T11:55:50.163-0800][76953795ms] GC(23827)   Evacuate Collection Set: 1.7ms
[2023-11-10T11:55:50.163-0800][76953795ms] GC(23827)   Post Evacuate Collection Set: 4.6ms
[2023-11-10T11:55:50.163-0800][76953795ms] GC(23827)   Other: 0.3ms
[2023-11-10T11:55:50.163-0800][76953795ms] GC(23827) Eden regions: 176->0(176)
[2023-11-10T11:55:50.163-0800][76953795ms] GC(23827) Survivor regions: 1->1(23)
[2023-11-10T11:55:50.163-0800][76953795ms] GC(23827) Old regions: 1437->1437
[2023-11-10T11:55:50.163-0800][76953795ms] GC(23827) Humongous regions: 5->5
[2023-11-10T11:55:50.163-0800][76953795ms] GC(23827) Metaspace: 304986K->304986K(1349632K)
[2023-11-10T11:55:50.163-0800][76953795ms] GC(23827) Pause Young (Normal) (G1 Evacuation Pause) 3235M->2883M(3602M) 6.790ms
[2023-11-10T11:55:50.164-0800][76953796ms] GC(23827) User=0.03s Sys=0.00s Real=0.01s
[2023-11-10T11:55:50.603-0800][76954235ms] GC(23828) Pause Young (Normal) (G1 Evacuation Pause)
[2023-11-10T11:55:50.603-0800][76954235ms] GC(23828) Using 10 workers of 10 for evacuation
[2023-11-10T11:55:50.608-0800][76954240ms] GC(23828)   Pre Evacuate Collection Set: 0.0ms
[2023-11-10T11:55:50.608-0800][76954240ms] GC(23828)   Evacuate Collection Set: 1.8ms
[2023-11-10T11:55:50.608-0800][76954240ms] GC(23828)   Post Evacuate Collection Set: 3.1ms
[2023-11-10T11:55:50.608-0800][76954240ms] GC(23828)   Other: 0.3ms
[2023-11-10T11:55:50.608-0800][76954240ms] GC(23828) Eden regions: 176->0(176)
[2023-11-10T11:55:50.608-0800][76954240ms] GC(23828) Survivor regions: 1->1(23)
[2023-11-10T11:55:50.608-0800][76954240ms] GC(23828) Old regions: 1437->1437
[2023-11-10T11:55:50.608-0800][76954240ms] GC(23828) Humongous regions: 5->5
[2023-11-10T11:55:50.608-0800][76954240ms] GC(23828) Metaspace: 304986K->304986K(1349632K)
[2023-11-10T11:55:50.608-0800][76954240ms] GC(23828) Pause Young (Normal) (G1 Evacuation Pause) 3235M->2883M(3602M) 5.307ms
[2023-11-10T11:55:50.608-0800][76954240ms] GC(23828) User=0.00s Sys=0.00s Real=0.01s
[2023-11-10T11:55:51.020-0800][76954652ms] GC(23829) Pause Young (Normal) (G1 Evacuation Pause)
[2023-11-10T11:55:51.020-0800][76954652ms] GC(23829) Using 10 workers of 10 for evacuation
[2023-11-10T11:55:51.025-0800][76954657ms] GC(23829)   Pre Evacuate Collection Set: 0.0ms
[2023-11-10T11:55:51.025-0800][76954657ms] GC(23829)   Evacuate Collection Set: 1.7ms
[2023-11-10T11:55:51.025-0800][76954657ms] GC(23829)   Post Evacuate Collection Set: 3.0ms
[2023-11-10T11:55:51.025-0800][76954657ms] GC(23829)   Other: 0.2ms
[2023-11-10T11:55:51.025-0800][76954657ms] GC(23829) Eden regions: 176->0(176)
[2023-11-10T11:55:51.025-0800][76954657ms] GC(23829) Survivor regions: 1->1(23)
[2023-11-10T11:55:51.025-0800][76954657ms] GC(23829) Old regions: 1437->1437
[2023-11-10T11:55:51.025-0800][76954657ms] GC(23829) Humongous regions: 5->5
[2023-11-10T11:55:51.025-0800][76954657ms] GC(23829) Metaspace: 304986K->304986K(1349632K)
[2023-11-10T11:55:51.025-0800][76954657ms] GC(23829) Pause Young (Normal) (G1 Evacuation Pause) 3235M->2883M(3602M) 5.049ms
[2023-11-10T11:55:51.025-0800][76954657ms] GC(23829) User=0.00s Sys=0.00s Real=0.01s
[2023-11-10T11:55:51.477-0800][76955109ms] GC(23830) Pause Young (Normal) (G1 Evacuation Pause)
[2023-11-10T11:55:51.477-0800][76955109ms] GC(23830) Using 10 workers of 10 for evacuation
[2023-11-10T11:55:51.483-0800][76955115ms] GC(23830)   Pre Evacuate Collection Set: 0.0ms
[2023-11-10T11:55:51.483-0800][76955115ms] GC(23830)   Evacuate Collection Set: 1.7ms
[2023-11-10T11:55:51.483-0800][76955115ms] GC(23830)   Post Evacuate Collection Set: 3.9ms
[2023-11-10T11:55:51.483-0800][76955115ms] GC(23830)   Other: 0.3ms
[2023-11-10T11:55:51.483-0800][76955115ms] GC(23830) Eden regions: 176->0(176)
[2023-11-10T11:55:51.483-0800][76955115ms] GC(23830) Survivor regions: 1->1(23)
[2023-11-10T11:55:51.483-0800][76955115ms] GC(23830) Old regions: 1437->1437
[2023-11-10T11:55:51.483-0800][76955115ms] GC(23830) Humongous regions: 5->5
[2023-11-10T11:55:51.483-0800][76955115ms] GC(23830) Metaspace: 304986K->304986K(1349632K)
[2023-11-10T11:55:51.483-0800][76955115ms] GC(23830) Pause Young (Normal) (G1 Evacuation Pause) 3235M->2883M(3602M) 6.039ms
[2023-11-10T11:55:51.483-0800][76955115ms] GC(23830) User=0.00s Sys=0.00s Real=0.01s
[2023-11-10T11:55:51.928-0800][76955560ms] GC(23831) Pause Young (Normal) (G1 Evacuation Pause)
[2023-11-10T11:55:51.929-0800][76955561ms] GC(23831) Using 10 workers of 10 for evacuation
[2023-11-10T11:55:51.936-0800][76955568ms] GC(23831)   Pre Evacuate Collection Set: 0.1ms
[2023-11-10T11:55:51.936-0800][76955568ms] GC(23831)   Evacuate Collection Set: 2.7ms
[2023-11-10T11:55:51.936-0800][76955568ms] GC(23831)   Post Evacuate Collection Set: 4.5ms
[2023-11-10T11:55:51.936-0800][76955568ms] GC(23831)   Other: 0.4ms
[2023-11-10T11:55:51.936-0800][76955568ms] GC(23831) Eden regions: 176->0(176)
[2023-11-10T11:55:51.936-0800][76955568ms] GC(23831) Survivor regions: 1->1(23)
[2023-11-10T11:55:51.936-0800][76955568ms] GC(23831) Old regions: 1437->1437
[2023-11-10T11:55:51.936-0800][76955568ms] GC(23831) Humongous regions: 5->5
[2023-11-10T11:55:51.936-0800][76955568ms] GC(23831) Metaspace: 304986K->304986K(1349632K)
[2023-11-10T11:55:51.936-0800][76955568ms] GC(23831) Pause Young (Normal) (G1 Evacuation Pause) 3235M->2883M(3602M) 7.802ms
[2023-11-10T11:55:51.936-0800][76955568ms] GC(23831) User=0.02s Sys=0.00s Real=0.01s
[2023-11-10T11:55:52.425-0800][76956057ms] GC(23832) Pause Young (Normal) (G1 Evacuation Pause)
[2023-11-10T11:55:52.425-0800][76956057ms] GC(23832) Using 10 workers of 10 for evacuation
[2023-11-10T11:55:52.430-0800][76956062ms] GC(23832)   Pre Evacuate Collection Set: 0.0ms
[2023-11-10T11:55:52.430-0800][76956062ms] GC(23832)   Evacuate Collection Set: 1.8ms
[2023-11-10T11:55:52.430-0800][76956062ms] GC(23832)   Post Evacuate Collection Set: 3.1ms
[2023-11-10T11:55:52.430-0800][76956062ms] GC(23832)   Other: 0.3ms
[2023-11-10T11:55:52.430-0800][76956062ms] GC(23832) Eden regions: 176->0(176)
[2023-11-10T11:55:52.430-0800][76956062ms] GC(23832) Survivor regions: 1->1(23)
[2023-11-10T11:55:52.430-0800][76956062ms] GC(23832) Old regions: 1437->1437
[2023-11-10T11:55:52.430-0800][76956062ms] GC(23832) Humongous regions: 5->5
[2023-11-10T11:55:52.430-0800][76956062ms] GC(23832) Metaspace: 304986K->304986K(1349632K)
[2023-11-10T11:55:52.430-0800][76956062ms] GC(23832) Pause Young (Normal) (G1 Evacuation Pause) 3235M->2883M(3602M) 5.391ms
[2023-11-10T11:55:52.430-0800][76956062ms] GC(23832) User=0.00s Sys=0.00s Real=0.01s
[2023-11-10T11:55:52.862-0800][76956494ms] GC(23833) Pause Young (Normal) (G1 Evacuation Pause)
[2023-11-10T11:55:52.862-0800][76956494ms] GC(23833) Using 10 workers of 10 for evacuation
[2023-11-10T11:55:52.868-0800][76956500ms] GC(23833)   Pre Evacuate Collection Set: 0.1ms
[2023-11-10T11:55:52.868-0800][76956500ms] GC(23833)   Evacuate Collection Set: 2.2ms
[2023-11-10T11:55:52.868-0800][76956500ms] GC(23833)   Post Evacuate Collection Set: 3.4ms
[2023-11-10T11:55:52.868-0800][76956500ms] GC(23833)   Other: 0.4ms
[2023-11-10T11:55:52.868-0800][76956500ms] GC(23833) Eden regions: 176->0(176)
[2023-11-10T11:55:52.868-0800][76956500ms] GC(23833) Survivor regions: 1->1(23)
[2023-11-10T11:55:52.868-0800][76956500ms] GC(23833) Old regions: 1437->1437
[2023-11-10T11:55:52.868-0800][76956500ms] GC(23833) Humongous regions: 5->5
[2023-11-10T11:55:52.868-0800][76956500ms] GC(23833) Metaspace: 304986K->304986K(1349632K)
[2023-11-10T11:55:52.868-0800][76956500ms] GC(23833) Pause Young (Normal) (G1 Evacuation Pause) 3235M->2883M(3602M) 6.146ms
[2023-11-10T11:55:52.868-0800][76956500ms] GC(23833) User=0.00s Sys=0.00s Real=0.01s
[2023-11-10T11:55:53.300-0800][76956932ms] GC(23834) Pause Young (Normal) (G1 Evacuation Pause)
[2023-11-10T11:55:53.300-0800][76956932ms] GC(23834) Using 10 workers of 10 for evacuation
[2023-11-10T11:55:53.306-0800][76956938ms] GC(23834)   Pre Evacuate Collection Set: 0.1ms
[2023-11-10T11:55:53.306-0800][76956938ms] GC(23834)   Evacuate Collection Set: 2.4ms
[2023-11-10T11:55:53.307-0800][76956939ms] GC(23834)   Post Evacuate Collection Set: 3.4ms
[2023-11-10T11:55:53.307-0800][76956939ms] GC(23834)   Other: 0.4ms
[2023-11-10T11:55:53.307-0800][76956939ms] GC(23834) Eden regions: 176->0(176)
[2023-11-10T11:55:53.307-0800][76956939ms] GC(23834) Survivor regions: 1->1(23)
[2023-11-10T11:55:53.307-0800][76956939ms] GC(23834) Old regions: 1437->1437
[2023-11-10T11:55:53.307-0800][76956939ms] GC(23834) Humongous regions: 5->5
[2023-11-10T11:55:53.307-0800][76956939ms] GC(23834) Metaspace: 304986K->304986K(1349632K)
[2023-11-10T11:55:53.307-0800][76956939ms] GC(23834) Pause Young (Normal) (G1 Evacuation Pause) 3235M->2884M(3602M) 6.336ms
[2023-11-10T11:55:53.307-0800][76956939ms] GC(23834) User=0.00s Sys=0.00s Real=0.01s
[2023-11-10T11:55:53.762-0800][76957394ms] GC(23835) Pause Young (Normal) (G1 Evacuation Pause)
[2023-11-10T11:55:53.762-0800][76957394ms] GC(23835) Using 10 workers of 10 for evacuation
[2023-11-10T11:55:53.767-0800][76957399ms] GC(23835)   Pre Evacuate Collection Set: 0.0ms
[2023-11-10T11:55:53.767-0800][76957399ms] GC(23835)   Evacuate Collection Set: 1.8ms
[2023-11-10T11:55:53.767-0800][76957399ms] GC(23835)   Post Evacuate Collection Set: 3.5ms
[2023-11-10T11:55:53.767-0800][76957399ms] GC(23835)   Other: 0.3ms
[2023-11-10T11:55:53.767-0800][76957399ms] GC(23835) Eden regions: 176->0(176)
[2023-11-10T11:55:53.767-0800][76957399ms] GC(23835) Survivor regions: 1->1(23)
[2023-11-10T11:55:53.767-0800][76957399ms] GC(23835) Old regions: 1437->1437
[2023-11-10T11:55:53.767-0800][76957399ms] GC(23835) Humongous regions: 5->5
[2023-11-10T11:55:53.767-0800][76957399ms] GC(23835) Metaspace: 304986K->304986K(1349632K)
[2023-11-10T11:55:53.767-0800][76957399ms] GC(23835) Pause Young (Normal) (G1 Evacuation Pause) 3236M->2883M(3602M) 5.709ms
[2023-11-10T11:55:53.767-0800][76957399ms] GC(23835) User=0.00s Sys=0.00s Real=0.00s
[2023-11-10T11:55:54.195-0800][76957827ms] GC(23836) Pause Young (Normal) (G1 Evacuation Pause)
[2023-11-10T11:55:54.195-0800][76957827ms] GC(23836) Using 10 workers of 10 for evacuation
[2023-11-10T11:55:54.201-0800][76957833ms] GC(23836)   Pre Evacuate Collection Set: 0.1ms
[2023-11-10T11:55:54.201-0800][76957833ms] GC(23836)   Evacuate Collection Set: 2.0ms
[2023-11-10T11:55:54.201-0800][76957833ms] GC(23836)   Post Evacuate Collection Set: 3.3ms
[2023-11-10T11:55:54.201-0800][76957833ms] GC(23836)   Other: 0.3ms
[2023-11-10T11:55:54.201-0800][76957833ms] GC(23836) Eden regions: 176->0(176)
[2023-11-10T11:55:54.201-0800][76957833ms] GC(23836) Survivor regions: 1->1(23)
[2023-11-10T11:55:54.201-0800][76957833ms] GC(23836) Old regions: 1437->1437
[2023-11-10T11:55:54.201-0800][76957833ms] GC(23836) Humongous regions: 5->5
[2023-11-10T11:55:54.201-0800][76957833ms] GC(23836) Metaspace: 304986K->304986K(1349632K)
[2023-11-10T11:55:54.201-0800][76957833ms] GC(23836) Pause Young (Normal) (G1 Evacuation Pause) 3235M->2883M(3602M) 5.734ms
[2023-11-10T11:55:54.201-0800][76957833ms] GC(23836) User=0.00s Sys=0.00s Real=0.01s
[2023-11-10T11:55:54.584-0800][76958216ms] GC(23837) Pause Young (Normal) (G1 Evacuation Pause)
[2023-11-10T11:55:54.584-0800][76958216ms] GC(23837) Using 10 workers of 10 for evacuation
[2023-11-10T11:55:54.592-0800][76958224ms] GC(23837)   Pre Evacuate Collection Set: 0.1ms
[2023-11-10T11:55:54.592-0800][76958224ms] GC(23837)   Evacuate Collection Set: 3.1ms
[2023-11-10T11:55:54.592-0800][76958224ms] GC(23837)   Post Evacuate Collection Set: 5.3ms
[2023-11-10T11:55:54.592-0800][76958224ms] GC(23837)   Other: 0.4ms
[2023-11-10T11:55:54.592-0800][76958224ms] GC(23837) Eden regions: 176->0(176)
[2023-11-10T11:55:54.592-0800][76958224ms] GC(23837) Survivor regions: 1->1(23)
[2023-11-10T11:55:54.592-0800][76958224ms] GC(23837) Old regions: 1437->1437
[2023-11-10T11:55:54.592-0800][76958224ms] GC(23837) Humongous regions: 5->5
[2023-11-10T11:55:54.592-0800][76958224ms] GC(23837) Metaspace: 304986K->304986K(1349632K)
[2023-11-10T11:55:54.592-0800][76958224ms] GC(23837) Pause Young (Normal) (G1 Evacuation Pause) 3235M->2883M(3602M) 8.892ms
[2023-11-10T11:55:54.592-0800][76958224ms] GC(23837) User=0.02s Sys=0.00s Real=0.01s
[2023-11-10T11:55:55.051-0800][76958683ms] GC(23838) Pause Young (Normal) (G1 Evacuation Pause)
[2023-11-10T11:55:55.051-0800][76958683ms] GC(23838) Using 10 workers of 10 for evacuation
[2023-11-10T11:55:55.059-0800][76958691ms] GC(23838)   Pre Evacuate Collection Set: 0.0ms
[2023-11-10T11:55:55.059-0800][76958691ms] GC(23838)   Evacuate Collection Set: 2.1ms
[2023-11-10T11:55:55.059-0800][76958691ms] GC(23838)   Post Evacuate Collection Set: 5.1ms
[2023-11-10T11:55:55.059-0800][76958691ms] GC(23838)   Other: 0.4ms
[2023-11-10T11:55:55.059-0800][76958691ms] GC(23838) Eden regions: 176->0(176)
[2023-11-10T11:55:55.059-0800][76958691ms] GC(23838) Survivor regions: 1->1(23)
[2023-11-10T11:55:55.059-0800][76958691ms] GC(23838) Old regions: 1437->1437
[2023-11-10T11:55:55.059-0800][76958691ms] GC(23838) Humongous regions: 5->5
[2023-11-10T11:55:55.059-0800][76958691ms] GC(23838) Metaspace: 304986K->304986K(1349632K)
[2023-11-10T11:55:55.059-0800][76958691ms] GC(23838) Pause Young (Normal) (G1 Evacuation Pause) 3235M->2883M(3602M) 7.777ms
[2023-11-10T11:55:55.059-0800][76958691ms] GC(23838) User=0.02s Sys=0.00s Real=0.01s
[2023-11-10T11:55:55.522-0800][76959154ms] GC(23839) Pause Young (Normal) (G1 Evacuation Pause)
[2023-11-10T11:55:55.522-0800][76959154ms] GC(23839) Using 10 workers of 10 for evacuation
[2023-11-10T11:55:55.529-0800][76959161ms] GC(23839)   Pre Evacuate Collection Set: 0.0ms
[2023-11-10T11:55:55.529-0800][76959161ms] GC(23839)   Evacuate Collection Set: 1.8ms
[2023-11-10T11:55:55.529-0800][76959161ms] GC(23839)   Post Evacuate Collection Set: 4.6ms
[2023-11-10T11:55:55.529-0800][76959161ms] GC(23839)   Other: 0.3ms
[2023-11-10T11:55:55.529-0800][76959161ms] GC(23839) Eden regions: 176->0(176)
[2023-11-10T11:55:55.529-0800][76959161ms] GC(23839) Survivor regions: 1->1(23)
[2023-11-10T11:55:55.529-0800][76959161ms] GC(23839) Old regions: 1437->1437
[2023-11-10T11:55:55.529-0800][76959161ms] GC(23839) Humongous regions: 5->5
[2023-11-10T11:55:55.529-0800][76959161ms] GC(23839) Metaspace: 304986K->304986K(1349632K)
[2023-11-10T11:55:55.529-0800][76959161ms] GC(23839) Pause Young (Normal) (G1 Evacuation Pause) 3235M->2883M(3602M) 6.882ms
[2023-11-10T11:55:55.529-0800][76959161ms] GC(23839) User=0.09s Sys=0.00s Real=0.01s
[2023-11-10T11:55:55.974-0800][76959606ms] GC(23840) Pause Young (Normal) (G1 Evacuation Pause)
[2023-11-10T11:55:55.974-0800][76959606ms] GC(23840) Using 10 workers of 10 for evacuation
[2023-11-10T11:55:55.980-0800][76959612ms] GC(23840)   Pre Evacuate Collection Set: 0.1ms
[2023-11-10T11:55:55.980-0800][76959612ms] GC(23840)   Evacuate Collection Set: 2.2ms
[2023-11-10T11:55:55.980-0800][76959612ms] GC(23840)   Post Evacuate Collection Set: 3.2ms
[2023-11-10T11:55:55.980-0800][76959612ms] GC(23840)   Other: 0.3ms
[2023-11-10T11:55:55.980-0800][76959612ms] GC(23840) Eden regions: 176->0(176)
[2023-11-10T11:55:55.980-0800][76959612ms] GC(23840) Survivor regions: 1->1(23)
[2023-11-10T11:55:55.980-0800][76959612ms] GC(23840) Old regions: 1437->1437
[2023-11-10T11:55:55.980-0800][76959612ms] GC(23840) Humongous regions: 5->5
[2023-11-10T11:55:55.980-0800][76959612ms] GC(23840) Metaspace: 304986K->304986K(1349632K)
[2023-11-10T11:55:55.981-0800][76959613ms] GC(23840) Pause Young (Normal) (G1 Evacuation Pause) 3235M->2883M(3602M) 5.889ms
[2023-11-10T11:55:55.981-0800][76959613ms] GC(23840) User=0.09s Sys=0.00s Real=0.01s
[2023-11-10T11:55:56.430-0800][76960062ms] GC(23841) Pause Young (Normal) (G1 Evacuation Pause)
[2023-11-10T11:55:56.430-0800][76960062ms] GC(23841) Using 10 workers of 10 for evacuation
[2023-11-10T11:55:56.436-0800][76960068ms] GC(23841)   Pre Evacuate Collection Set: 0.0ms
[2023-11-10T11:55:56.436-0800][76960068ms] GC(23841)   Evacuate Collection Set: 1.6ms
[2023-11-10T11:55:56.436-0800][76960068ms] GC(23841)   Post Evacuate Collection Set: 3.0ms
[2023-11-10T11:55:56.436-0800][76960068ms] GC(23841)   Other: 0.3ms
[2023-11-10T11:55:56.436-0800][76960068ms] GC(23841) Eden regions: 176->0(176)
[2023-11-10T11:55:56.436-0800][76960068ms] GC(23841) Survivor regions: 1->1(23)
[2023-11-10T11:55:56.436-0800][76960068ms] GC(23841) Old regions: 1437->1437
[2023-11-10T11:55:56.436-0800][76960068ms] GC(23841) Humongous regions: 5->5
[2023-11-10T11:55:56.436-0800][76960068ms] GC(23841) Metaspace: 304986K->304986K(1349632K)
[2023-11-10T11:55:56.436-0800][76960068ms] GC(23841) Pause Young (Normal) (G1 Evacuation Pause) 3235M->2883M(3602M) 4.994ms
[2023-11-10T11:55:56.436-0800][76960068ms] GC(23841) User=0.00s Sys=0.00s Real=0.01s
[2023-11-10T11:55:56.784-0800][76960416ms] GC(23842) Pause Young (Normal) (G1 Evacuation Pause)
[2023-11-10T11:55:56.784-0800][76960416ms] GC(23842) Using 10 workers of 10 for evacuation
[2023-11-10T11:55:56.790-0800][76960422ms] GC(23842)   Pre Evacuate Collection Set: 0.0ms
[2023-11-10T11:55:56.790-0800][76960422ms] GC(23842)   Evacuate Collection Set: 1.6ms
[2023-11-10T11:55:56.790-0800][76960422ms] GC(23842)   Post Evacuate Collection Set: 3.0ms
[2023-11-10T11:55:56.790-0800][76960422ms] GC(23842)   Other: 0.3ms
[2023-11-10T11:55:56.790-0800][76960422ms] GC(23842) Eden regions: 176->0(176)
[2023-11-10T11:55:56.790-0800][76960422ms] GC(23842) Survivor regions: 1->1(23)
[2023-11-10T11:55:56.790-0800][76960422ms] GC(23842) Old regions: 1437->1437
[2023-11-10T11:55:56.790-0800][76960422ms] GC(23842) Humongous regions: 5->5
[2023-11-10T11:55:56.790-0800][76960422ms] GC(23842) Metaspace: 304986K->304986K(1349632K)
[2023-11-10T11:55:56.790-0800][76960422ms] GC(23842) Pause Young (Normal) (G1 Evacuation Pause) 3235M->2883M(3602M) 5.071ms
[2023-11-10T11:55:56.790-0800][76960422ms] GC(23842) User=0.00s Sys=0.00s Real=0.01s
[2023-11-10T11:55:57.254-0800][76960886ms] GC(23843) Pause Young (Normal) (G1 Evacuation Pause)
[2023-11-10T11:55:57.254-0800][76960886ms] GC(23843) Using 10 workers of 10 for evacuation
[2023-11-10T11:55:57.259-0800][76960891ms] GC(23843)   Pre Evacuate Collection Set: 0.0ms
[2023-11-10T11:55:57.259-0800][76960891ms] GC(23843)   Evacuate Collection Set: 1.8ms
[2023-11-10T11:55:57.259-0800][76960891ms] GC(23843)   Post Evacuate Collection Set: 3.8ms
[2023-11-10T11:55:57.259-0800][76960891ms] GC(23843)   Other: 0.3ms
[2023-11-10T11:55:57.259-0800][76960891ms] GC(23843) Eden regions: 176->0(176)
[2023-11-10T11:55:57.259-0800][76960891ms] GC(23843) Survivor regions: 1->1(23)
[2023-11-10T11:55:57.259-0800][76960891ms] GC(23843) Old regions: 1437->1437
[2023-11-10T11:55:57.259-0800][76960891ms] GC(23843) Humongous regions: 5->5
[2023-11-10T11:55:57.259-0800][76960891ms] GC(23843) Metaspace: 304986K->304986K(1349632K)
[2023-11-10T11:55:57.259-0800][76960891ms] GC(23843) Pause Young (Normal) (G1 Evacuation Pause) 3235M->2883M(3602M) 5.931ms
[2023-11-10T11:55:57.259-0800][76960891ms] GC(23843) User=0.00s Sys=0.00s Real=0.01s
[2023-11-10T11:55:57.720-0800][76961352ms] GC(23844) Pause Young (Normal) (G1 Evacuation Pause)
[2023-11-10T11:55:57.721-0800][76961353ms] GC(23844) Using 10 workers of 10 for evacuation
[2023-11-10T11:55:57.725-0800][76961357ms] GC(23844)   Pre Evacuate Collection Set: 0.0ms
[2023-11-10T11:55:57.725-0800][76961357ms] GC(23844)   Evacuate Collection Set: 1.7ms
[2023-11-10T11:55:57.725-0800][76961357ms] GC(23844)   Post Evacuate Collection Set: 3.1ms
[2023-11-10T11:55:57.725-0800][76961357ms] GC(23844)   Other: 0.3ms
[2023-11-10T11:55:57.725-0800][76961357ms] GC(23844) Eden regions: 176->0(176)
[2023-11-10T11:55:57.725-0800][76961357ms] GC(23844) Survivor regions: 1->1(23)
[2023-11-10T11:55:57.725-0800][76961357ms] GC(23844) Old regions: 1437->1437
[2023-11-10T11:55:57.725-0800][76961357ms] GC(23844) Humongous regions: 5->5
[2023-11-10T11:55:57.725-0800][76961357ms] GC(23844) Metaspace: 304986K->304986K(1349632K)
[2023-11-10T11:55:57.725-0800][76961357ms] GC(23844) Pause Young (Normal) (G1 Evacuation Pause) 3235M->2883M(3602M) 5.272ms
[2023-11-10T11:55:57.725-0800][76961357ms] GC(23844) User=0.00s Sys=0.00s Real=0.00s
[2023-11-10T11:55:58.210-0800][76961842ms] GC(23845) Pause Young (Normal) (G1 Evacuation Pause)
[2023-11-10T11:55:58.210-0800][76961842ms] GC(23845) Using 10 workers of 10 for evacuation
[2023-11-10T11:55:58.215-0800][76961847ms] GC(23845)   Pre Evacuate Collection Set: 0.1ms
[2023-11-10T11:55:58.215-0800][76961847ms] GC(23845)   Evacuate Collection Set: 1.7ms
[2023-11-10T11:55:58.215-0800][76961847ms] GC(23845)   Post Evacuate Collection Set: 3.0ms
[2023-11-10T11:55:58.215-0800][76961847ms] GC(23845)   Other: 0.3ms
[2023-11-10T11:55:58.215-0800][76961847ms] GC(23845) Eden regions: 176->0(176)
[2023-11-10T11:55:58.215-0800][76961847ms] GC(23845) Survivor regions: 1->1(23)
[2023-11-10T11:55:58.215-0800][76961847ms] GC(23845) Old regions: 1437->1437
[2023-11-10T11:55:58.215-0800][76961847ms] GC(23845) Humongous regions: 5->5
[2023-11-10T11:55:58.215-0800][76961847ms] GC(23845) Metaspace: 304986K->304986K(1349632K)
[2023-11-10T11:55:58.215-0800][76961847ms] GC(23845) Pause Young (Normal) (G1 Evacuation Pause) 3235M->2883M(3602M) 5.147ms
[2023-11-10T11:55:58.215-0800][76961847ms] GC(23845) User=0.00s Sys=0.00s Real=0.00s
[2023-11-10T11:55:58.605-0800][76962237ms] GC(23846) Pause Young (Normal) (G1 Evacuation Pause)
[2023-11-10T11:55:58.605-0800][76962237ms] GC(23846) Using 10 workers of 10 for evacuation
[2023-11-10T11:55:58.611-0800][76962243ms] GC(23846)   Pre Evacuate Collection Set: 0.1ms
[2023-11-10T11:55:58.611-0800][76962243ms] GC(23846)   Evacuate Collection Set: 1.6ms
[2023-11-10T11:55:58.611-0800][76962243ms] GC(23846)   Post Evacuate Collection Set: 3.2ms
[2023-11-10T11:55:58.611-0800][76962243ms] GC(23846)   Other: 0.3ms
[2023-11-10T11:55:58.611-0800][76962243ms] GC(23846) Eden regions: 176->0(176)
[2023-11-10T11:55:58.611-0800][76962243ms] GC(23846) Survivor regions: 1->1(23)
[2023-11-10T11:55:58.611-0800][76962243ms] GC(23846) Old regions: 1437->1437
[2023-11-10T11:55:58.611-0800][76962243ms] GC(23846) Humongous regions: 5->5
[2023-11-10T11:55:58.611-0800][76962243ms] GC(23846) Metaspace: 304986K->304986K(1349632K)
[2023-11-10T11:55:58.611-0800][76962243ms] GC(23846) Pause Young (Normal) (G1 Evacuation Pause) 3235M->2883M(3602M) 5.253ms
[2023-11-10T11:55:58.611-0800][76962243ms] GC(23846) User=0.00s Sys=0.00s Real=0.01s
[2023-11-10T11:55:59.039-0800][76962671ms] GC(23847) Pause Young (Normal) (G1 Evacuation Pause)
[2023-11-10T11:55:59.039-0800][76962671ms] GC(23847) Using 10 workers of 10 for evacuation
[2023-11-10T11:55:59.046-0800][76962678ms] GC(23847)   Pre Evacuate Collection Set: 0.1ms
[2023-11-10T11:55:59.046-0800][76962678ms] GC(23847)   Evacuate Collection Set: 1.9ms
[2023-11-10T11:55:59.046-0800][76962678ms] GC(23847)   Post Evacuate Collection Set: 3.0ms
[2023-11-10T11:55:59.046-0800][76962678ms] GC(23847)   Other: 0.3ms
[2023-11-10T11:55:59.046-0800][76962678ms] GC(23847) Eden regions: 176->0(176)
[2023-11-10T11:55:59.046-0800][76962678ms] GC(23847) Survivor regions: 1->1(23)
[2023-11-10T11:55:59.046-0800][76962678ms] GC(23847) Old regions: 1437->1437
[2023-11-10T11:55:59.046-0800][76962678ms] GC(23847) Humongous regions: 5->5
[2023-11-10T11:55:59.046-0800][76962678ms] GC(23847) Metaspace: 304986K->304986K(1349632K)
[2023-11-10T11:55:59.046-0800][76962678ms] GC(23847) Pause Young (Normal) (G1 Evacuation Pause) 3235M->2883M(3602M) 5.378ms
[2023-11-10T11:55:59.046-0800][76962678ms] GC(23847) User=0.00s Sys=0.00s Real=0.01s
[2023-11-10T11:55:59.493-0800][76963125ms] GC(23848) Pause Young (Normal) (G1 Evacuation Pause)
[2023-11-10T11:55:59.493-0800][76963125ms] GC(23848) Using 10 workers of 10 for evacuation
[2023-11-10T11:55:59.498-0800][76963130ms] GC(23848)   Pre Evacuate Collection Set: 0.0ms
[2023-11-10T11:55:59.498-0800][76963130ms] GC(23848)   Evacuate Collection Set: 1.7ms
[2023-11-10T11:55:59.498-0800][76963130ms] GC(23848)   Post Evacuate Collection Set: 3.0ms
[2023-11-10T11:55:59.498-0800][76963130ms] GC(23848)   Other: 0.2ms
[2023-11-10T11:55:59.498-0800][76963130ms] GC(23848) Eden regions: 176->0(176)
[2023-11-10T11:55:59.498-0800][76963130ms] GC(23848) Survivor regions: 1->1(23)
[2023-11-10T11:55:59.498-0800][76963130ms] GC(23848) Old regions: 1437->1437
[2023-11-10T11:55:59.498-0800][76963130ms] GC(23848) Humongous regions: 5->5
[2023-11-10T11:55:59.498-0800][76963130ms] GC(23848) Metaspace: 304986K->304986K(1349632K)
[2023-11-10T11:55:59.498-0800][76963130ms] GC(23848) Pause Young (Normal) (G1 Evacuation Pause) 3235M->2883M(3602M) 5.057ms
[2023-11-10T11:55:59.498-0800][76963130ms] GC(23848) User=0.00s Sys=0.00s Real=0.00s
[2023-11-10T11:55:59.940-0800][76963572ms] GC(23849) Pause Young (Normal) (G1 Evacuation Pause)
[2023-11-10T11:55:59.940-0800][76963572ms] GC(23849) Using 10 workers of 10 for evacuation
[2023-11-10T11:55:59.945-0800][76963577ms] GC(23849)   Pre Evacuate Collection Set: 0.0ms
[2023-11-10T11:55:59.945-0800][76963577ms] GC(23849)   Evacuate Collection Set: 1.8ms
[2023-11-10T11:55:59.945-0800][76963577ms] GC(23849)   Post Evacuate Collection Set: 3.0ms
[2023-11-10T11:55:59.945-0800][76963577ms] GC(23849)   Other: 0.3ms
[2023-11-10T11:55:59.945-0800][76963577ms] GC(23849) Eden regions: 176->0(176)
[2023-11-10T11:55:59.945-0800][76963577ms] GC(23849) Survivor regions: 1->1(23)
[2023-11-10T11:55:59.945-0800][76963577ms] GC(23849) Old regions: 1437->1437
[2023-11-10T11:55:59.945-0800][76963577ms] GC(23849) Humongous regions: 5->5
[2023-11-10T11:55:59.945-0800][76963577ms] GC(23849) Metaspace: 304986K->304986K(1349632K)
[2023-11-10T11:55:59.945-0800][76963577ms] GC(23849) Pause Young (Normal) (G1 Evacuation Pause) 3235M->2883M(3602M) 5.156ms
[2023-11-10T11:55:59.945-0800][76963577ms] GC(23849) User=0.00s Sys=0.00s Real=0.00s
[2023-11-10T11:56:00.399-0800][76964031ms] GC(23850) Pause Young (Normal) (G1 Evacuation Pause)
[2023-11-10T11:56:00.399-0800][76964031ms] GC(23850) Using 10 workers of 10 for evacuation
[2023-11-10T11:56:00.404-0800][76964036ms] GC(23850)   Pre Evacuate Collection Set: 0.1ms
[2023-11-10T11:56:00.404-0800][76964036ms] GC(23850)   Evacuate Collection Set: 1.9ms
[2023-11-10T11:56:00.404-0800][76964036ms] GC(23850)   Post Evacuate Collection Set: 3.1ms
[2023-11-10T11:56:00.404-0800][76964036ms] GC(23850)   Other: 0.3ms
[2023-11-10T11:56:00.404-0800][76964036ms] GC(23850) Eden regions: 176->0(176)
[2023-11-10T11:56:00.404-0800][76964036ms] GC(23850) Survivor regions: 1->1(23)
[2023-11-10T11:56:00.404-0800][76964036ms] GC(23850) Old regions: 1437->1437
[2023-11-10T11:56:00.404-0800][76964036ms] GC(23850) Humongous regions: 5->5
[2023-11-10T11:56:00.404-0800][76964036ms] GC(23850) Metaspace: 304986K->304986K(1349632K)
[2023-11-10T11:56:00.404-0800][76964036ms] GC(23850) Pause Young (Normal) (G1 Evacuation Pause) 3235M->2883M(3602M) 5.561ms
[2023-11-10T11:56:00.404-0800][76964036ms] GC(23850) User=0.00s Sys=0.00s Real=0.01s
[2023-11-10T11:56:00.885-0800][76964517ms] GC(23851) Pause Young (Normal) (G1 Evacuation Pause)
[2023-11-10T11:56:00.885-0800][76964517ms] GC(23851) Using 10 workers of 10 for evacuation
[2023-11-10T11:56:00.890-0800][76964522ms] GC(23851)   Pre Evacuate Collection Set: 0.0ms
[2023-11-10T11:56:00.890-0800][76964522ms] GC(23851)   Evacuate Collection Set: 1.6ms
[2023-11-10T11:56:00.890-0800][76964522ms] GC(23851)   Post Evacuate Collection Set: 3.1ms
[2023-11-10T11:56:00.890-0800][76964522ms] GC(23851)   Other: 0.3ms
[2023-11-10T11:56:00.890-0800][76964522ms] GC(23851) Eden regions: 176->0(176)
[2023-11-10T11:56:00.890-0800][76964522ms] GC(23851) Survivor regions: 1->1(23)
[2023-11-10T11:56:00.890-0800][76964522ms] GC(23851) Old regions: 1437->1437
[2023-11-10T11:56:00.890-0800][76964522ms] GC(23851) Humongous regions: 5->5
[2023-11-10T11:56:00.890-0800][76964522ms] GC(23851) Metaspace: 304986K->304986K(1349632K)
[2023-11-10T11:56:00.890-0800][76964522ms] GC(23851) Pause Young (Normal) (G1 Evacuation Pause) 3235M->2883M(3602M) 5.149ms
[2023-11-10T11:56:00.890-0800][76964522ms] GC(23851) User=0.00s Sys=0.00s Real=0.01s
[2023-11-10T11:56:01.349-0800][76964981ms] GC(23852) Pause Young (Normal) (G1 Evacuation Pause)
[2023-11-10T11:56:01.349-0800][76964981ms] GC(23852) Using 10 workers of 10 for evacuation
[2023-11-10T11:56:01.353-0800][76964985ms] GC(23852)   Pre Evacuate Collection Set: 0.0ms
[2023-11-10T11:56:01.353-0800][76964985ms] GC(23852)   Evacuate Collection Set: 1.6ms
[2023-11-10T11:56:01.353-0800][76964985ms] GC(23852)   Post Evacuate Collection Set: 3.0ms
[2023-11-10T11:56:01.353-0800][76964985ms] GC(23852)   Other: 0.3ms
[2023-11-10T11:56:01.353-0800][76964985ms] GC(23852) Eden regions: 176->0(176)
[2023-11-10T11:56:01.353-0800][76964985ms] GC(23852) Survivor regions: 1->1(23)
[2023-11-10T11:56:01.353-0800][76964985ms] GC(23852) Old regions: 1437->1437
[2023-11-10T11:56:01.353-0800][76964985ms] GC(23852) Humongous regions: 5->5
[2023-11-10T11:56:01.353-0800][76964985ms] GC(23852) Metaspace: 304986K->304986K(1349632K)
[2023-11-10T11:56:01.353-0800][76964985ms] GC(23852) Pause Young (Normal) (G1 Evacuation Pause) 3235M->2883M(3602M) 5.062ms
[2023-11-10T11:56:01.353-0800][76964985ms] GC(23852) User=0.00s Sys=0.00s Real=0.00s
[2023-11-10T11:56:01.767-0800][76965399ms] GC(23853) Pause Young (Normal) (G1 Evacuation Pause)
[2023-11-10T11:56:01.767-0800][76965399ms] GC(23853) Using 10 workers of 10 for evacuation
[2023-11-10T11:56:01.774-0800][76965406ms] GC(23853)   Pre Evacuate Collection Set: 0.1ms
[2023-11-10T11:56:01.774-0800][76965406ms] GC(23853)   Evacuate Collection Set: 1.7ms
[2023-11-10T11:56:01.774-0800][76965406ms] GC(23853)   Post Evacuate Collection Set: 4.8ms
[2023-11-10T11:56:01.774-0800][76965406ms] GC(23853)   Other: 0.4ms
[2023-11-10T11:56:01.774-0800][76965406ms] GC(23853) Eden regions: 176->0(176)
[2023-11-10T11:56:01.774-0800][76965406ms] GC(23853) Survivor regions: 1->1(23)
[2023-11-10T11:56:01.774-0800][76965406ms] GC(23853) Old regions: 1437->1437
[2023-11-10T11:56:01.774-0800][76965406ms] GC(23853) Humongous regions: 5->5
[2023-11-10T11:56:01.774-0800][76965406ms] GC(23853) Metaspace: 304986K->304986K(1349632K)
[2023-11-10T11:56:01.774-0800][76965406ms] GC(23853) Pause Young (Normal) (G1 Evacuation Pause) 3235M->2883M(3602M) 7.082ms
[2023-11-10T11:56:01.774-0800][76965406ms] GC(23853) User=0.00s Sys=0.00s Real=0.01s
[2023-11-10T11:56:02.235-0800][76965867ms] GC(23854) Pause Young (Normal) (G1 Evacuation Pause)
[2023-11-10T11:56:02.235-0800][76965867ms] GC(23854) Using 10 workers of 10 for evacuation
[2023-11-10T11:56:02.243-0800][76965875ms] GC(23854)   Pre Evacuate Collection Set: 0.1ms
[2023-11-10T11:56:02.243-0800][76965875ms] GC(23854)   Evacuate Collection Set: 2.5ms
[2023-11-10T11:56:02.243-0800][76965875ms] GC(23854)   Post Evacuate Collection Set: 4.9ms
[2023-11-10T11:56:02.243-0800][76965875ms] GC(23854)   Other: 0.4ms
[2023-11-10T11:56:02.243-0800][76965875ms] GC(23854) Eden regions: 176->0(176)
[2023-11-10T11:56:02.243-0800][76965875ms] GC(23854) Survivor regions: 1->1(23)
[2023-11-10T11:56:02.243-0800][76965875ms] GC(23854) Old regions: 1437->1437
[2023-11-10T11:56:02.243-0800][76965875ms] GC(23854) Humongous regions: 5->5
[2023-11-10T11:56:02.243-0800][76965875ms] GC(23854) Metaspace: 304986K->304986K(1349632K)
[2023-11-10T11:56:02.243-0800][76965875ms] GC(23854) Pause Young (Normal) (G1 Evacuation Pause) 3235M->2883M(3602M) 8.028ms
[2023-11-10T11:56:02.243-0800][76965875ms] GC(23854) User=0.00s Sys=0.00s Real=0.01s
[2023-11-10T11:56:02.638-0800][76966270ms] GC(23855) Pause Young (Normal) (G1 Evacuation Pause)
[2023-11-10T11:56:02.638-0800][76966270ms] GC(23855) Using 10 workers of 10 for evacuation
[2023-11-10T11:56:02.644-0800][76966276ms] GC(23855)   Pre Evacuate Collection Set: 0.1ms
[2023-11-10T11:56:02.644-0800][76966276ms] GC(23855)   Evacuate Collection Set: 2.4ms
[2023-11-10T11:56:02.644-0800][76966276ms] GC(23855)   Post Evacuate Collection Set: 3.5ms
[2023-11-10T11:56:02.644-0800][76966276ms] GC(23855)   Other: 0.3ms
[2023-11-10T11:56:02.644-0800][76966276ms] GC(23855) Eden regions: 176->0(176)
[2023-11-10T11:56:02.644-0800][76966276ms] GC(23855) Survivor regions: 1->1(23)
[2023-11-10T11:56:02.644-0800][76966276ms] GC(23855) Old regions: 1437->1437
[2023-11-10T11:56:02.644-0800][76966276ms] GC(23855) Humongous regions: 5->5
[2023-11-10T11:56:02.644-0800][76966276ms] GC(23855) Metaspace: 304986K->304986K(1349632K)
[2023-11-10T11:56:02.644-0800][76966276ms] GC(23855) Pause Young (Normal) (G1 Evacuation Pause) 3235M->2883M(3602M) 6.351ms
[2023-11-10T11:56:02.644-0800][76966276ms] GC(23855) User=0.00s Sys=0.00s Real=0.01s
[2023-11-10T11:56:03.019-0800][76966651ms] GC(23856) Pause Young (Normal) (G1 Evacuation Pause)
[2023-11-10T11:56:03.019-0800][76966651ms] GC(23856) Using 10 workers of 10 for evacuation
[2023-11-10T11:56:03.026-0800][76966658ms] GC(23856)   Pre Evacuate Collection Set: 0.1ms
[2023-11-10T11:56:03.026-0800][76966658ms] GC(23856)   Evacuate Collection Set: 2.5ms
[2023-11-10T11:56:03.026-0800][76966658ms] GC(23856)   Post Evacuate Collection Set: 3.4ms
[2023-11-10T11:56:03.026-0800][76966658ms] GC(23856)   Other: 0.4ms
[2023-11-10T11:56:03.026-0800][76966658ms] GC(23856) Eden regions: 176->0(176)
[2023-11-10T11:56:03.026-0800][76966658ms] GC(23856) Survivor regions: 1->1(23)
[2023-11-10T11:56:03.026-0800][76966658ms] GC(23856) Old regions: 1437->1437
[2023-11-10T11:56:03.026-0800][76966658ms] GC(23856) Humongous regions: 5->5
[2023-11-10T11:56:03.026-0800][76966658ms] GC(23856) Metaspace: 304986K->304986K(1349632K)
[2023-11-10T11:56:03.026-0800][76966658ms] GC(23856) Pause Young (Normal) (G1 Evacuation Pause) 3235M->2883M(3602M) 6.366ms
[2023-11-10T11:56:03.026-0800][76966658ms] GC(23856) User=0.00s Sys=0.00s Real=0.01s
[2023-11-10T11:56:03.487-0800][76967119ms] GC(23857) Pause Young (Normal) (G1 Evacuation Pause)
[2023-11-10T11:56:03.487-0800][76967119ms] GC(23857) Using 10 workers of 10 for evacuation
[2023-11-10T11:56:03.493-0800][76967126ms] GC(23857)   Pre Evacuate Collection Set: 0.1ms
[2023-11-10T11:56:03.494-0800][76967126ms] GC(23857)   Evacuate Collection Set: 2.2ms
[2023-11-10T11:56:03.494-0800][76967126ms] GC(23857)   Post Evacuate Collection Set: 4.5ms
[2023-11-10T11:56:03.494-0800][76967126ms] GC(23857)   Other: 0.6ms
[2023-11-10T11:56:03.494-0800][76967126ms] GC(23857) Eden regions: 176->0(176)
[2023-11-10T11:56:03.494-0800][76967126ms] GC(23857) Survivor regions: 1->1(23)
[2023-11-10T11:56:03.494-0800][76967126ms] GC(23857) Old regions: 1437->1437
[2023-11-10T11:56:03.494-0800][76967126ms] GC(23857) Humongous regions: 5->5
[2023-11-10T11:56:03.494-0800][76967126ms] GC(23857) Metaspace: 304986K->304986K(1349632K)
[2023-11-10T11:56:03.494-0800][76967126ms] GC(23857) Pause Young (Normal) (G1 Evacuation Pause) 3235M->2884M(3602M) 7.502ms
[2023-11-10T11:56:03.494-0800][76967126ms] GC(23857) User=0.00s Sys=0.00s Real=0.01s
[2023-11-10T11:56:03.914-0800][76967546ms] GC(23858) Pause Young (Normal) (G1 Evacuation Pause)
[2023-11-10T11:56:03.914-0800][76967546ms] GC(23858) Using 10 workers of 10 for evacuation
[2023-11-10T11:56:03.920-0800][76967552ms] GC(23858)   Pre Evacuate Collection Set: 0.1ms
[2023-11-10T11:56:03.920-0800][76967552ms] GC(23858)   Evacuate Collection Set: 1.7ms
[2023-11-10T11:56:03.920-0800][76967552ms] GC(23858)   Post Evacuate Collection Set: 3.3ms
[2023-11-10T11:56:03.920-0800][76967552ms] GC(23858)   Other: 0.3ms
[2023-11-10T11:56:03.920-0800][76967552ms] GC(23858) Eden regions: 176->0(176)
[2023-11-10T11:56:03.920-0800][76967552ms] GC(23858) Survivor regions: 1->1(23)
[2023-11-10T11:56:03.920-0800][76967552ms] GC(23858) Old regions: 1437->1437
[2023-11-10T11:56:03.920-0800][76967552ms] GC(23858) Humongous regions: 5->5
[2023-11-10T11:56:03.920-0800][76967552ms] GC(23858) Metaspace: 304986K->304986K(1349632K)
[2023-11-10T11:56:03.920-0800][76967552ms] GC(23858) Pause Young (Normal) (G1 Evacuation Pause) 3236M->2884M(3602M) 5.506ms
[2023-11-10T11:56:03.920-0800][76967552ms] GC(23858) User=0.00s Sys=0.00s Real=0.01s
[2023-11-10T11:56:04.380-0800][76968012ms] GC(23859) Pause Young (Normal) (G1 Evacuation Pause)
[2023-11-10T11:56:04.380-0800][76968012ms] GC(23859) Using 10 workers of 10 for evacuation
[2023-11-10T11:56:04.390-0800][76968022ms] GC(23859)   Pre Evacuate Collection Set: 0.1ms
[2023-11-10T11:56:04.390-0800][76968022ms] GC(23859)   Evacuate Collection Set: 5.7ms
[2023-11-10T11:56:04.390-0800][76968022ms] GC(23859)   Post Evacuate Collection Set: 4.7ms
[2023-11-10T11:56:04.390-0800][76968022ms] GC(23859)   Other: 0.5ms
[2023-11-10T11:56:04.390-0800][76968022ms] GC(23859) Eden regions: 176->0(176)
[2023-11-10T11:56:04.390-0800][76968022ms] GC(23859) Survivor regions: 1->1(23)
[2023-11-10T11:56:04.390-0800][76968022ms] GC(23859) Old regions: 1437->1437
[2023-11-10T11:56:04.392-0800][76968024ms] GC(23859) Humongous regions: 5->5
[2023-11-10T11:56:04.392-0800][76968024ms] GC(23859) Metaspace: 304986K->304986K(1349632K)
[2023-11-10T11:56:04.392-0800][76968024ms] GC(23859) Pause Young (Normal) (G1 Evacuation Pause) 3236M->2884M(3602M) 11.108ms
[2023-11-10T11:56:04.392-0800][76968024ms] GC(23859) User=0.05s Sys=0.00s Real=0.01s
[2023-11-10T11:56:04.855-0800][76968487ms] GC(23860) Pause Young (Normal) (G1 Evacuation Pause)
[2023-11-10T11:56:04.855-0800][76968487ms] GC(23860) Using 10 workers of 10 for evacuation
[2023-11-10T11:56:04.863-0800][76968495ms] GC(23860)   Pre Evacuate Collection Set: 0.1ms
[2023-11-10T11:56:04.863-0800][76968495ms] GC(23860)   Evacuate Collection Set: 2.8ms
[2023-11-10T11:56:04.863-0800][76968495ms] GC(23860)   Post Evacuate Collection Set: 4.5ms
[2023-11-10T11:56:04.863-0800][76968495ms] GC(23860)   Other: 0.3ms
[2023-11-10T11:56:04.863-0800][76968495ms] GC(23860) Eden regions: 176->0(176)
[2023-11-10T11:56:04.863-0800][76968495ms] GC(23860) Survivor regions: 1->1(23)
[2023-11-10T11:56:04.863-0800][76968495ms] GC(23860) Old regions: 1437->1437
[2023-11-10T11:56:04.863-0800][76968495ms] GC(23860) Humongous regions: 5->5
[2023-11-10T11:56:04.863-0800][76968495ms] GC(23860) Metaspace: 304986K->304986K(1349632K)
[2023-11-10T11:56:04.863-0800][76968495ms] GC(23860) Pause Young (Normal) (G1 Evacuation Pause) 3236M->2884M(3602M) 7.815ms
[2023-11-10T11:56:04.863-0800][76968495ms] GC(23860) User=0.00s Sys=0.00s Real=0.01s
[2023-11-10T11:56:05.294-0800][76968926ms] GC(23861) Pause Young (Normal) (G1 Evacuation Pause)
[2023-11-10T11:56:05.294-0800][76968926ms] GC(23861) Using 10 workers of 10 for evacuation
[2023-11-10T11:56:05.300-0800][76968932ms] GC(23861)   Pre Evacuate Collection Set: 0.1ms
[2023-11-10T11:56:05.300-0800][76968932ms] GC(23861)   Evacuate Collection Set: 2.1ms
[2023-11-10T11:56:05.300-0800][76968932ms] GC(23861)   Post Evacuate Collection Set: 4.4ms
[2023-11-10T11:56:05.300-0800][76968932ms] GC(23861)   Other: 0.3ms
[2023-11-10T11:56:05.300-0800][76968932ms] GC(23861) Eden regions: 176->0(176)
[2023-11-10T11:56:05.300-0800][76968932ms] GC(23861) Survivor regions: 1->1(23)
[2023-11-10T11:56:05.300-0800][76968932ms] GC(23861) Old regions: 1437->1437
[2023-11-10T11:56:05.301-0800][76968933ms] GC(23861) Humongous regions: 5->5
[2023-11-10T11:56:05.301-0800][76968933ms] GC(23861) Metaspace: 304986K->304986K(1349632K)
[2023-11-10T11:56:05.301-0800][76968933ms] GC(23861) Pause Young (Normal) (G1 Evacuation Pause) 3236M->2884M(3602M) 7.005ms
[2023-11-10T11:56:05.301-0800][76968933ms] GC(23861) User=0.00s Sys=0.00s Real=0.01s
[2023-11-10T11:56:05.804-0800][76969436ms] GC(23862) Pause Young (Normal) (G1 Evacuation Pause)
[2023-11-10T11:56:05.804-0800][76969436ms] GC(23862) Using 10 workers of 10 for evacuation
[2023-11-10T11:56:05.811-0800][76969443ms] GC(23862)   Pre Evacuate Collection Set: 0.1ms
[2023-11-10T11:56:05.811-0800][76969443ms] GC(23862)   Evacuate Collection Set: 2.4ms
[2023-11-10T11:56:05.811-0800][76969443ms] GC(23862)   Post Evacuate Collection Set: 3.6ms
[2023-11-10T11:56:05.811-0800][76969443ms] GC(23862)   Other: 0.4ms
[2023-11-10T11:56:05.811-0800][76969443ms] GC(23862) Eden regions: 176->0(176)
[2023-11-10T11:56:05.811-0800][76969443ms] GC(23862) Survivor regions: 1->1(23)
[2023-11-10T11:56:05.811-0800][76969443ms] GC(23862) Old regions: 1437->1437
[2023-11-10T11:56:05.811-0800][76969443ms] GC(23862) Humongous regions: 5->5
[2023-11-10T11:56:05.811-0800][76969443ms] GC(23862) Metaspace: 304986K->304986K(1349632K)
[2023-11-10T11:56:05.811-0800][76969443ms] GC(23862) Pause Young (Normal) (G1 Evacuation Pause) 3236M->2884M(3602M) 6.459ms
[2023-11-10T11:56:05.811-0800][76969443ms] GC(23862) User=0.00s Sys=0.00s Real=0.01s
[2023-11-10T11:56:06.219-0800][76969851ms] GC(23863) Pause Young (Normal) (GCLocker Initiated GC)
[2023-11-10T11:56:06.219-0800][76969851ms] GC(23863) Using 10 workers of 10 for evacuation
[2023-11-10T11:56:06.226-0800][76969858ms] GC(23863)   Pre Evacuate Collection Set: 0.1ms
[2023-11-10T11:56:06.226-0800][76969858ms] GC(23863)   Evacuate Collection Set: 2.2ms
[2023-11-10T11:56:06.226-0800][76969858ms] GC(23863)   Post Evacuate Collection Set: 4.2ms
[2023-11-10T11:56:06.226-0800][76969858ms] GC(23863)   Other: 0.4ms
[2023-11-10T11:56:06.226-0800][76969858ms] GC(23863) Eden regions: 177->0(176)
[2023-11-10T11:56:06.226-0800][76969858ms] GC(23863) Survivor regions: 1->1(23)
[2023-11-10T11:56:06.226-0800][76969858ms] GC(23863) Old regions: 1437->1437
[2023-11-10T11:56:06.226-0800][76969858ms] GC(23863) Humongous regions: 5->5
[2023-11-10T11:56:06.226-0800][76969858ms] GC(23863) Metaspace: 304986K->304986K(1349632K)
[2023-11-10T11:56:06.226-0800][76969858ms] GC(23863) Pause Young (Normal) (GCLocker Initiated GC) 3237M->2884M(3602M) 7.002ms
[2023-11-10T11:56:06.226-0800][76969858ms] GC(23863) User=0.00s Sys=0.00s Real=0.01s
[2023-11-10T11:56:06.651-0800][76970283ms] GC(23864) Pause Young (Normal) (GCLocker Initiated GC)
[2023-11-10T11:56:06.651-0800][76970283ms] GC(23864) Using 10 workers of 10 for evacuation
[2023-11-10T11:56:06.655-0800][76970287ms] GC(23864)   Pre Evacuate Collection Set: 0.0ms
[2023-11-10T11:56:06.655-0800][76970287ms] GC(23864)   Evacuate Collection Set: 1.7ms
[2023-11-10T11:56:06.655-0800][76970287ms] GC(23864)   Post Evacuate Collection Set: 3.0ms
[2023-11-10T11:56:06.655-0800][76970287ms] GC(23864)   Other: 0.3ms
[2023-11-10T11:56:06.655-0800][76970287ms] GC(23864) Eden regions: 176->0(176)
[2023-11-10T11:56:06.655-0800][76970287ms] GC(23864) Survivor regions: 1->1(23)
[2023-11-10T11:56:06.655-0800][76970287ms] GC(23864) Old regions: 1437->1437
[2023-11-10T11:56:06.655-0800][76970287ms] GC(23864) Humongous regions: 5->5
[2023-11-10T11:56:06.655-0800][76970287ms] GC(23864) Metaspace: 304986K->304986K(1349632K)
[2023-11-10T11:56:06.655-0800][76970287ms] GC(23864) Pause Young (Normal) (GCLocker Initiated GC) 3236M->2884M(3602M) 5.080ms
[2023-11-10T11:56:06.655-0800][76970287ms] GC(23864) User=0.00s Sys=0.00s Real=0.00s
[2023-11-10T11:56:07.141-0800][76970773ms] GC(23865) Pause Young (Normal) (G1 Evacuation Pause)
[2023-11-10T11:56:07.141-0800][76970773ms] GC(23865) Using 10 workers of 10 for evacuation
[2023-11-10T11:56:07.145-0800][76970777ms] GC(23865)   Pre Evacuate Collection Set: 0.0ms
[2023-11-10T11:56:07.145-0800][76970777ms] GC(23865)   Evacuate Collection Set: 1.7ms
[2023-11-10T11:56:07.145-0800][76970777ms] GC(23865)   Post Evacuate Collection Set: 3.1ms
[2023-11-10T11:56:07.145-0800][76970777ms] GC(23865)   Other: 0.3ms
[2023-11-10T11:56:07.145-0800][76970777ms] GC(23865) Eden regions: 176->0(176)
[2023-11-10T11:56:07.145-0800][76970777ms] GC(23865) Survivor regions: 1->1(23)
[2023-11-10T11:56:07.145-0800][76970777ms] GC(23865) Old regions: 1437->1437
[2023-11-10T11:56:07.145-0800][76970777ms] GC(23865) Humongous regions: 5->5
[2023-11-10T11:56:07.145-0800][76970777ms] GC(23865) Metaspace: 304986K->304986K(1349632K)
[2023-11-10T11:56:07.145-0800][76970777ms] GC(23865) Pause Young (Normal) (G1 Evacuation Pause) 3236M->2884M(3602M) 5.310ms
[2023-11-10T11:56:07.145-0800][76970777ms] GC(23865) User=0.00s Sys=0.00s Real=0.00s
[2023-11-10T11:56:07.599-0800][76971231ms] GC(23866) Pause Young (Normal) (GCLocker Initiated GC)
[2023-11-10T11:56:07.599-0800][76971231ms] GC(23866) Using 10 workers of 10 for evacuation
[2023-11-10T11:56:07.605-0800][76971237ms] GC(23866)   Pre Evacuate Collection Set: 0.0ms
[2023-11-10T11:56:07.605-0800][76971237ms] GC(23866)   Evacuate Collection Set: 1.9ms
[2023-11-10T11:56:07.605-0800][76971237ms] GC(23866)   Post Evacuate Collection Set: 3.4ms
[2023-11-10T11:56:07.605-0800][76971237ms] GC(23866)   Other: 0.2ms
[2023-11-10T11:56:07.605-0800][76971237ms] GC(23866) Eden regions: 177->0(176)
[2023-11-10T11:56:07.605-0800][76971237ms] GC(23866) Survivor regions: 1->1(23)
[2023-11-10T11:56:07.605-0800][76971237ms] GC(23866) Old regions: 1437->1437
[2023-11-10T11:56:07.605-0800][76971237ms] GC(23866) Humongous regions: 5->5
[2023-11-10T11:56:07.605-0800][76971237ms] GC(23866) Metaspace: 304986K->304986K(1349632K)
[2023-11-10T11:56:07.605-0800][76971237ms] GC(23866) Pause Young (Normal) (GCLocker Initiated GC) 3236M->2884M(3602M) 5.695ms
[2023-11-10T11:56:07.605-0800][76971237ms] GC(23866) User=0.02s Sys=0.00s Real=0.01s
[2023-11-10T11:56:08.078-0800][76971710ms] GC(23867) Pause Young (Normal) (G1 Evacuation Pause)
[2023-11-10T11:56:08.078-0800][76971710ms] GC(23867) Using 10 workers of 10 for evacuation
[2023-11-10T11:56:08.085-0800][76971717ms] GC(23867)   Pre Evacuate Collection Set: 0.0ms
[2023-11-10T11:56:08.085-0800][76971717ms] GC(23867)   Evacuate Collection Set: 2.1ms
[2023-11-10T11:56:08.085-0800][76971717ms] GC(23867)   Post Evacuate Collection Set: 3.4ms
[2023-11-10T11:56:08.085-0800][76971717ms] GC(23867)   Other: 0.3ms
[2023-11-10T11:56:08.085-0800][76971717ms] GC(23867) Eden regions: 176->0(176)
[2023-11-10T11:56:08.085-0800][76971717ms] GC(23867) Survivor regions: 1->1(23)
[2023-11-10T11:56:08.085-0800][76971717ms] GC(23867) Old regions: 1437->1437
[2023-11-10T11:56:08.085-0800][76971717ms] GC(23867) Humongous regions: 5->5
[2023-11-10T11:56:08.085-0800][76971717ms] GC(23867) Metaspace: 304986K->304986K(1349632K)
[2023-11-10T11:56:08.085-0800][76971717ms] GC(23867) Pause Young (Normal) (G1 Evacuation Pause) 3236M->2884M(3602M) 5.896ms
[2023-11-10T11:56:08.085-0800][76971717ms] GC(23867) User=0.00s Sys=0.00s Real=0.01s
[2023-11-10T11:56:08.521-0800][76972153ms] GC(23868) Pause Young (Normal) (G1 Evacuation Pause)
[2023-11-10T11:56:08.521-0800][76972153ms] GC(23868) Using 10 workers of 10 for evacuation
[2023-11-10T11:56:08.527-0800][76972159ms] GC(23868)   Pre Evacuate Collection Set: 0.1ms
[2023-11-10T11:56:08.527-0800][76972159ms] GC(23868)   Evacuate Collection Set: 1.8ms
[2023-11-10T11:56:08.527-0800][76972159ms] GC(23868)   Post Evacuate Collection Set: 3.0ms
[2023-11-10T11:56:08.527-0800][76972159ms] GC(23868)   Other: 0.3ms
[2023-11-10T11:56:08.527-0800][76972159ms] GC(23868) Eden regions: 176->0(176)
[2023-11-10T11:56:08.527-0800][76972159ms] GC(23868) Survivor regions: 1->1(23)
[2023-11-10T11:56:08.527-0800][76972159ms] GC(23868) Old regions: 1437->1437
[2023-11-10T11:56:08.527-0800][76972159ms] GC(23868) Humongous regions: 5->5
[2023-11-10T11:56:08.527-0800][76972159ms] GC(23868) Metaspace: 304986K->304986K(1349632K)
[2023-11-10T11:56:08.527-0800][76972159ms] GC(23868) Pause Young (Normal) (G1 Evacuation Pause) 3236M->2884M(3602M) 5.316ms
[2023-11-10T11:56:08.527-0800][76972159ms] GC(23868) User=0.03s Sys=0.00s Real=0.01s
[2023-11-10T11:56:08.961-0800][76972593ms] GC(23869) Pause Young (Normal) (G1 Evacuation Pause)
[2023-11-10T11:56:08.961-0800][76972593ms] GC(23869) Using 10 workers of 10 for evacuation
[2023-11-10T11:56:08.965-0800][76972597ms] GC(23869)   Pre Evacuate Collection Set: 0.0ms
[2023-11-10T11:56:08.965-0800][76972597ms] GC(23869)   Evacuate Collection Set: 1.8ms
[2023-11-10T11:56:08.965-0800][76972597ms] GC(23869)   Post Evacuate Collection Set: 2.9ms
[2023-11-10T11:56:08.965-0800][76972597ms] GC(23869)   Other: 0.2ms
[2023-11-10T11:56:08.965-0800][76972597ms] GC(23869) Eden regions: 176->0(176)
[2023-11-10T11:56:08.965-0800][76972597ms] GC(23869) Survivor regions: 1->1(23)
[2023-11-10T11:56:08.965-0800][76972597ms] GC(23869) Old regions: 1437->1437
[2023-11-10T11:56:08.965-0800][76972597ms] GC(23869) Humongous regions: 5->5
[2023-11-10T11:56:08.965-0800][76972597ms] GC(23869) Metaspace: 304986K->304986K(1349632K)
[2023-11-10T11:56:08.965-0800][76972597ms] GC(23869) Pause Young (Normal) (G1 Evacuation Pause) 3236M->2884M(3602M) 5.122ms
[2023-11-10T11:56:08.965-0800][76972597ms] GC(23869) User=0.00s Sys=0.00s Real=0.00s
[2023-11-10T11:56:09.389-0800][76973021ms] GC(23870) Pause Young (Normal) (G1 Evacuation Pause)
[2023-11-10T11:56:09.389-0800][76973021ms] GC(23870) Using 10 workers of 10 for evacuation
[2023-11-10T11:56:09.394-0800][76973026ms] GC(23870)   Pre Evacuate Collection Set: 0.0ms
[2023-11-10T11:56:09.394-0800][76973026ms] GC(23870)   Evacuate Collection Set: 1.7ms
[2023-11-10T11:56:09.394-0800][76973026ms] GC(23870)   Post Evacuate Collection Set: 3.2ms
[2023-11-10T11:56:09.394-0800][76973026ms] GC(23870)   Other: 0.3ms
[2023-11-10T11:56:09.394-0800][76973026ms] GC(23870) Eden regions: 176->0(176)
[2023-11-10T11:56:09.394-0800][76973026ms] GC(23870) Survivor regions: 1->1(23)
[2023-11-10T11:56:09.394-0800][76973026ms] GC(23870) Old regions: 1437->1437
[2023-11-10T11:56:09.394-0800][76973026ms] GC(23870) Humongous regions: 5->5
[2023-11-10T11:56:09.394-0800][76973026ms] GC(23870) Metaspace: 304986K->304986K(1349632K)
[2023-11-10T11:56:09.394-0800][76973026ms] GC(23870) Pause Young (Normal) (G1 Evacuation Pause) 3236M->2884M(3602M) 5.301ms
[2023-11-10T11:56:09.394-0800][76973026ms] GC(23870) User=0.00s Sys=0.00s Real=0.01s
[2023-11-10T11:56:09.836-0800][76973468ms] GC(23871) Pause Young (Normal) (G1 Evacuation Pause)
[2023-11-10T11:56:09.836-0800][76973468ms] GC(23871) Using 10 workers of 10 for evacuation
[2023-11-10T11:56:09.841-0800][76973473ms] GC(23871)   Pre Evacuate Collection Set: 0.0ms
[2023-11-10T11:56:09.841-0800][76973473ms] GC(23871)   Evacuate Collection Set: 1.7ms
[2023-11-10T11:56:09.841-0800][76973473ms] GC(23871)   Post Evacuate Collection Set: 2.9ms
[2023-11-10T11:56:09.841-0800][76973473ms] GC(23871)   Other: 0.2ms
[2023-11-10T11:56:09.841-0800][76973473ms] GC(23871) Eden regions: 176->0(176)
[2023-11-10T11:56:09.841-0800][76973473ms] GC(23871) Survivor regions: 1->1(23)
[2023-11-10T11:56:09.841-0800][76973473ms] GC(23871) Old regions: 1437->1437
[2023-11-10T11:56:09.841-0800][76973473ms] GC(23871) Humongous regions: 5->5
[2023-11-10T11:56:09.841-0800][76973473ms] GC(23871) Metaspace: 304986K->304986K(1349632K)
[2023-11-10T11:56:09.841-0800][76973473ms] GC(23871) Pause Young (Normal) (G1 Evacuation Pause) 3236M->2884M(3602M) 4.921ms
[2023-11-10T11:56:09.841-0800][76973473ms] GC(23871) User=0.00s Sys=0.00s Real=0.01s
[2023-11-10T11:56:10.305-0800][76973937ms] GC(23872) Pause Young (Normal) (G1 Evacuation Pause)
[2023-11-10T11:56:10.305-0800][76973937ms] GC(23872) Using 10 workers of 10 for evacuation
[2023-11-10T11:56:10.310-0800][76973942ms] GC(23872)   Pre Evacuate Collection Set: 0.0ms
[2023-11-10T11:56:10.310-0800][76973942ms] GC(23872)   Evacuate Collection Set: 1.8ms
[2023-11-10T11:56:10.310-0800][76973942ms] GC(23872)   Post Evacuate Collection Set: 3.2ms
[2023-11-10T11:56:10.310-0800][76973942ms] GC(23872)   Other: 0.3ms
[2023-11-10T11:56:10.310-0800][76973942ms] GC(23872) Eden regions: 176->0(176)
[2023-11-10T11:56:10.310-0800][76973942ms] GC(23872) Survivor regions: 1->1(23)
[2023-11-10T11:56:10.310-0800][76973942ms] GC(23872) Old regions: 1437->1437
[2023-11-10T11:56:10.310-0800][76973942ms] GC(23872) Humongous regions: 5->5
[2023-11-10T11:56:10.310-0800][76973942ms] GC(23872) Metaspace: 304986K->304986K(1349632K)
[2023-11-10T11:56:10.310-0800][76973942ms] GC(23872) Pause Young (Normal) (G1 Evacuation Pause) 3236M->2884M(3602M) 5.463ms
[2023-11-10T11:56:10.310-0800][76973942ms] GC(23872) User=0.00s Sys=0.00s Real=0.00s
[2023-11-10T11:56:10.746-0800][76974378ms] GC(23873) Pause Young (Normal) (G1 Evacuation Pause)
[2023-11-10T11:56:10.746-0800][76974378ms] GC(23873) Using 10 workers of 10 for evacuation
[2023-11-10T11:56:10.753-0800][76974385ms] GC(23873)   Pre Evacuate Collection Set: 0.1ms
[2023-11-10T11:56:10.753-0800][76974385ms] GC(23873)   Evacuate Collection Set: 1.7ms
[2023-11-10T11:56:10.753-0800][76974385ms] GC(23873)   Post Evacuate Collection Set: 3.8ms
[2023-11-10T11:56:10.753-0800][76974385ms] GC(23873)   Other: 0.4ms
[2023-11-10T11:56:10.753-0800][76974385ms] GC(23873) Eden regions: 176->0(176)
[2023-11-10T11:56:10.753-0800][76974385ms] GC(23873) Survivor regions: 1->1(23)
[2023-11-10T11:56:10.753-0800][76974385ms] GC(23873) Old regions: 1437->1437
[2023-11-10T11:56:10.753-0800][76974385ms] GC(23873) Humongous regions: 5->5
[2023-11-10T11:56:10.753-0800][76974385ms] GC(23873) Metaspace: 304986K->304986K(1349632K)
[2023-11-10T11:56:10.753-0800][76974385ms] GC(23873) Pause Young (Normal) (G1 Evacuation Pause) 3236M->2884M(3602M) 6.049ms
[2023-11-10T11:56:10.753-0800][76974385ms] GC(23873) User=0.00s Sys=0.00s Real=0.01s
[2023-11-10T11:56:11.130-0800][76974763ms] GC(23874) Pause Young (Normal) (G1 Evacuation Pause)
[2023-11-10T11:56:11.131-0800][76974763ms] GC(23874) Using 10 workers of 10 for evacuation
[2023-11-10T11:56:11.136-0800][76974768ms] GC(23874)   Pre Evacuate Collection Set: 0.0ms
[2023-11-10T11:56:11.136-0800][76974768ms] GC(23874)   Evacuate Collection Set: 2.1ms
[2023-11-10T11:56:11.136-0800][76974768ms] GC(23874)   Post Evacuate Collection Set: 2.9ms
[2023-11-10T11:56:11.136-0800][76974768ms] GC(23874)   Other: 0.3ms
[2023-11-10T11:56:11.136-0800][76974768ms] GC(23874) Eden regions: 176->0(176)
[2023-11-10T11:56:11.136-0800][76974768ms] GC(23874) Survivor regions: 1->1(23)
[2023-11-10T11:56:11.136-0800][76974768ms] GC(23874) Old regions: 1437->1437
[2023-11-10T11:56:11.136-0800][76974768ms] GC(23874) Humongous regions: 5->5
[2023-11-10T11:56:11.136-0800][76974768ms] GC(23874) Metaspace: 304986K->304986K(1349632K)
[2023-11-10T11:56:11.136-0800][76974768ms] GC(23874) Pause Young (Normal) (G1 Evacuation Pause) 3236M->2884M(3602M) 5.385ms
[2023-11-10T11:56:11.136-0800][76974768ms] GC(23874) User=0.05s Sys=0.00s Real=0.01s
[2023-11-10T11:56:11.566-0800][76975198ms] GC(23875) Pause Young (Normal) (G1 Evacuation Pause)
[2023-11-10T11:56:11.566-0800][76975198ms] GC(23875) Using 10 workers of 10 for evacuation
[2023-11-10T11:56:11.573-0800][76975205ms] GC(23875)   Pre Evacuate Collection Set: 0.0ms
[2023-11-10T11:56:11.573-0800][76975205ms] GC(23875)   Evacuate Collection Set: 2.5ms
[2023-11-10T11:56:11.573-0800][76975205ms] GC(23875)   Post Evacuate Collection Set: 3.9ms
[2023-11-10T11:56:11.573-0800][76975205ms] GC(23875)   Other: 0.3ms
[2023-11-10T11:56:11.573-0800][76975205ms] GC(23875) Eden regions: 176->0(176)
[2023-11-10T11:56:11.573-0800][76975205ms] GC(23875) Survivor regions: 1->1(23)
[2023-11-10T11:56:11.573-0800][76975205ms] GC(23875) Old regions: 1437->1437
[2023-11-10T11:56:11.573-0800][76975205ms] GC(23875) Humongous regions: 5->5
[2023-11-10T11:56:11.573-0800][76975205ms] GC(23875) Metaspace: 304986K->304986K(1349632K)
[2023-11-10T11:56:11.573-0800][76975205ms] GC(23875) Pause Young (Normal) (G1 Evacuation Pause) 3236M->2884M(3602M) 6.797ms
[2023-11-10T11:56:11.573-0800][76975205ms] GC(23875) User=0.02s Sys=0.00s Real=0.01s
[2023-11-10T11:56:12.062-0800][76975694ms] GC(23876) Pause Young (Normal) (G1 Evacuation Pause)
[2023-11-10T11:56:12.062-0800][76975694ms] GC(23876) Using 10 workers of 10 for evacuation
[2023-11-10T11:56:12.069-0800][76975701ms] GC(23876)   Pre Evacuate Collection Set: 0.1ms
[2023-11-10T11:56:12.069-0800][76975701ms] GC(23876)   Evacuate Collection Set: 1.8ms
[2023-11-10T11:56:12.069-0800][76975701ms] GC(23876)   Post Evacuate Collection Set: 4.3ms
[2023-11-10T11:56:12.069-0800][76975701ms] GC(23876)   Other: 0.3ms
[2023-11-10T11:56:12.069-0800][76975701ms] GC(23876) Eden regions: 176->0(176)
[2023-11-10T11:56:12.069-0800][76975701ms] GC(23876) Survivor regions: 1->1(23)
[2023-11-10T11:56:12.069-0800][76975701ms] GC(23876) Old regions: 1437->1437
[2023-11-10T11:56:12.069-0800][76975701ms] GC(23876) Humongous regions: 5->5
[2023-11-10T11:56:12.069-0800][76975701ms] GC(23876) Metaspace: 304986K->304986K(1349632K)
[2023-11-10T11:56:12.069-0800][76975701ms] GC(23876) Pause Young (Normal) (G1 Evacuation Pause) 3236M->2884M(3602M) 6.571ms
[2023-11-10T11:56:12.069-0800][76975701ms] GC(23876) User=0.00s Sys=0.00s Real=0.01s
[2023-11-10T11:56:12.458-0800][76976090ms] GC(23877) Pause Young (Normal) (G1 Evacuation Pause)
[2023-11-10T11:56:12.458-0800][76976090ms] GC(23877) Using 10 workers of 10 for evacuation
[2023-11-10T11:56:12.464-0800][76976096ms] GC(23877)   Pre Evacuate Collection Set: 0.0ms
[2023-11-10T11:56:12.464-0800][76976096ms] GC(23877)   Evacuate Collection Set: 1.7ms
[2023-11-10T11:56:12.464-0800][76976096ms] GC(23877)   Post Evacuate Collection Set: 3.6ms
[2023-11-10T11:56:12.464-0800][76976096ms] GC(23877)   Other: 0.3ms
[2023-11-10T11:56:12.464-0800][76976096ms] GC(23877) Eden regions: 176->0(175)
[2023-11-10T11:56:12.464-0800][76976096ms] GC(23877) Survivor regions: 1->1(23)
[2023-11-10T11:56:12.464-0800][76976096ms] GC(23877) Old regions: 1437->1438
[2023-11-10T11:56:12.464-0800][76976096ms] GC(23877) Humongous regions: 5->5
[2023-11-10T11:56:12.464-0800][76976096ms] GC(23877) Metaspace: 304986K->304986K(1349632K)
[2023-11-10T11:56:12.464-0800][76976096ms] GC(23877) Pause Young (Normal) (G1 Evacuation Pause) 3236M->2885M(3602M) 5.753ms
[2023-11-10T11:56:12.464-0800][76976096ms] GC(23877) User=0.02s Sys=0.00s Real=0.01s
[2023-11-10T11:56:12.892-0800][76976524ms] GC(23878) Pause Young (Normal) (G1 Evacuation Pause)
[2023-11-10T11:56:12.892-0800][76976524ms] GC(23878) Using 10 workers of 10 for evacuation
[2023-11-10T11:56:12.898-0800][76976530ms] GC(23878)   Pre Evacuate Collection Set: 0.1ms
[2023-11-10T11:56:12.898-0800][76976530ms] GC(23878)   Evacuate Collection Set: 1.7ms
[2023-11-10T11:56:12.898-0800][76976530ms] GC(23878)   Post Evacuate Collection Set: 3.1ms
[2023-11-10T11:56:12.898-0800][76976530ms] GC(23878)   Other: 0.3ms
[2023-11-10T11:56:12.898-0800][76976530ms] GC(23878) Eden regions: 175->0(175)
[2023-11-10T11:56:12.898-0800][76976530ms] GC(23878) Survivor regions: 1->1(22)
[2023-11-10T11:56:12.898-0800][76976530ms] GC(23878) Old regions: 1438->1438
[2023-11-10T11:56:12.898-0800][76976530ms] GC(23878) Humongous regions: 5->5
[2023-11-10T11:56:12.898-0800][76976530ms] GC(23878) Metaspace: 304986K->304986K(1349632K)
[2023-11-10T11:56:12.898-0800][76976530ms] GC(23878) Pause Young (Normal) (G1 Evacuation Pause) 3235M->2884M(3602M) 5.359ms
[2023-11-10T11:56:12.898-0800][76976530ms] GC(23878) User=0.00s Sys=0.00s Real=0.01s
[2023-11-10T11:56:13.349-0800][76976981ms] GC(23879) Pause Young (Normal) (G1 Evacuation Pause)
[2023-11-10T11:56:13.350-0800][76976982ms] GC(23879) Using 10 workers of 10 for evacuation
[2023-11-10T11:56:13.356-0800][76976988ms] GC(23879)   Pre Evacuate Collection Set: 0.1ms
[2023-11-10T11:56:13.356-0800][76976988ms] GC(23879)   Evacuate Collection Set: 2.3ms
[2023-11-10T11:56:13.356-0800][76976988ms] GC(23879)   Post Evacuate Collection Set: 4.3ms
[2023-11-10T11:56:13.356-0800][76976988ms] GC(23879)   Other: 0.3ms
[2023-11-10T11:56:13.356-0800][76976988ms] GC(23879) Eden regions: 175->0(175)
[2023-11-10T11:56:13.356-0800][76976988ms] GC(23879) Survivor regions: 1->1(22)
[2023-11-10T11:56:13.356-0800][76976988ms] GC(23879) Old regions: 1438->1438
[2023-11-10T11:56:13.356-0800][76976988ms] GC(23879) Humongous regions: 5->5
[2023-11-10T11:56:13.356-0800][76976988ms] GC(23879) Metaspace: 304986K->304986K(1349632K)
[2023-11-10T11:56:13.356-0800][76976988ms] GC(23879) Pause Young (Normal) (G1 Evacuation Pause) 3234M->2884M(3602M) 7.084ms
[2023-11-10T11:56:13.356-0800][76976988ms] GC(23879) User=0.06s Sys=0.00s Real=0.01s
[2023-11-10T11:56:13.724-0800][76977356ms] GC(23880) Pause Young (Normal) (G1 Evacuation Pause)
[2023-11-10T11:56:13.724-0800][76977356ms] GC(23880) Using 10 workers of 10 for evacuation
[2023-11-10T11:56:13.730-0800][76977362ms] GC(23880)   Pre Evacuate Collection Set: 0.0ms
[2023-11-10T11:56:13.730-0800][76977362ms] GC(23880)   Evacuate Collection Set: 1.7ms
[2023-11-10T11:56:13.730-0800][76977362ms] GC(23880)   Post Evacuate Collection Set: 3.0ms
[2023-11-10T11:56:13.730-0800][76977362ms] GC(23880)   Other: 0.3ms
[2023-11-10T11:56:13.730-0800][76977362ms] GC(23880) Eden regions: 175->0(175)
[2023-11-10T11:56:13.730-0800][76977362ms] GC(23880) Survivor regions: 1->1(22)
[2023-11-10T11:56:13.730-0800][76977362ms] GC(23880) Old regions: 1438->1438
[2023-11-10T11:56:13.730-0800][76977362ms] GC(23880) Humongous regions: 5->5
[2023-11-10T11:56:13.730-0800][76977362ms] GC(23880) Metaspace: 304986K->304986K(1349632K)
[2023-11-10T11:56:13.730-0800][76977362ms] GC(23880) Pause Young (Normal) (G1 Evacuation Pause) 3234M->2884M(3602M) 5.078ms
[2023-11-10T11:56:13.730-0800][76977362ms] GC(23880) User=0.05s Sys=0.00s Real=0.01s
[2023-11-10T11:56:14.187-0800][76977819ms] GC(23881) Pause Young (Normal) (G1 Evacuation Pause)
[2023-11-10T11:56:14.187-0800][76977819ms] GC(23881) Using 10 workers of 10 for evacuation
[2023-11-10T11:56:14.192-0800][76977824ms] GC(23881)   Pre Evacuate Collection Set: 0.0ms
[2023-11-10T11:56:14.192-0800][76977824ms] GC(23881)   Evacuate Collection Set: 1.6ms
[2023-11-10T11:56:14.192-0800][76977824ms] GC(23881)   Post Evacuate Collection Set: 3.1ms
[2023-11-10T11:56:14.192-0800][76977824ms] GC(23881)   Other: 0.3ms
[2023-11-10T11:56:14.192-0800][76977824ms] GC(23881) Eden regions: 175->0(175)
[2023-11-10T11:56:14.192-0800][76977824ms] GC(23881) Survivor regions: 1->1(22)
[2023-11-10T11:56:14.192-0800][76977824ms] GC(23881) Old regions: 1438->1438
[2023-11-10T11:56:14.192-0800][76977824ms] GC(23881) Humongous regions: 5->5
[2023-11-10T11:56:14.192-0800][76977824ms] GC(23881) Metaspace: 304986K->304986K(1349632K)
[2023-11-10T11:56:14.192-0800][76977824ms] GC(23881) Pause Young (Normal) (G1 Evacuation Pause) 3234M->2884M(3602M) 5.190ms
[2023-11-10T11:56:14.192-0800][76977824ms] GC(23881) User=0.00s Sys=0.00s Real=0.00s
[2023-11-10T11:56:14.704-0800][76978336ms] GC(23882) Pause Young (Normal) (G1 Evacuation Pause)
[2023-11-10T11:56:14.704-0800][76978336ms] GC(23882) Using 10 workers of 10 for evacuation
[2023-11-10T11:56:14.712-0800][76978344ms] GC(23882)   Pre Evacuate Collection Set: 0.1ms
[2023-11-10T11:56:14.712-0800][76978344ms] GC(23882)   Evacuate Collection Set: 2.7ms
[2023-11-10T11:56:14.712-0800][76978344ms] GC(23882)   Post Evacuate Collection Set: 5.8ms
[2023-11-10T11:56:14.712-0800][76978345ms] GC(23882)   Other: 0.4ms
[2023-11-10T11:56:14.713-0800][76978345ms] GC(23882) Eden regions: 175->0(175)
[2023-11-10T11:56:14.713-0800][76978345ms] GC(23882) Survivor regions: 1->1(22)
[2023-11-10T11:56:14.713-0800][76978345ms] GC(23882) Old regions: 1438->1438
[2023-11-10T11:56:14.713-0800][76978345ms] GC(23882) Humongous regions: 5->5
[2023-11-10T11:56:14.713-0800][76978345ms] GC(23882) Metaspace: 304986K->304986K(1349632K)
[2023-11-10T11:56:14.713-0800][76978345ms] GC(23882) Pause Young (Normal) (G1 Evacuation Pause) 3234M->2884M(3602M) 9.036ms
[2023-11-10T11:56:14.713-0800][76978345ms] GC(23882) User=0.00s Sys=0.00s Real=0.01s
[2023-11-10T11:56:15.172-0800][76978804ms] GC(23883) Pause Young (Normal) (G1 Evacuation Pause)
[2023-11-10T11:56:15.172-0800][76978804ms] GC(23883) Using 10 workers of 10 for evacuation
[2023-11-10T11:56:15.177-0800][76978809ms] GC(23883)   Pre Evacuate Collection Set: 0.1ms
[2023-11-10T11:56:15.177-0800][76978809ms] GC(23883)   Evacuate Collection Set: 1.8ms
[2023-11-10T11:56:15.177-0800][76978809ms] GC(23883)   Post Evacuate Collection Set: 3.1ms
[2023-11-10T11:56:15.177-0800][76978809ms] GC(23883)   Other: 0.3ms
[2023-11-10T11:56:15.177-0800][76978809ms] GC(23883) Eden regions: 175->0(175)
[2023-11-10T11:56:15.177-0800][76978809ms] GC(23883) Survivor regions: 1->1(22)
[2023-11-10T11:56:15.177-0800][76978809ms] GC(23883) Old regions: 1438->1438
[2023-11-10T11:56:15.177-0800][76978809ms] GC(23883) Humongous regions: 5->5
[2023-11-10T11:56:15.177-0800][76978809ms] GC(23883) Metaspace: 304986K->304986K(1349632K)
[2023-11-10T11:56:15.177-0800][76978809ms] GC(23883) Pause Young (Normal) (G1 Evacuation Pause) 3234M->2884M(3602M) 5.405ms
[2023-11-10T11:56:15.177-0800][76978809ms] GC(23883) User=0.00s Sys=0.00s Real=0.01s
[2023-11-10T11:56:15.612-0800][76979244ms] GC(23884) Pause Young (Normal) (G1 Evacuation Pause)
[2023-11-10T11:56:15.612-0800][76979244ms] GC(23884) Using 10 workers of 10 for evacuation
[2023-11-10T11:56:15.619-0800][76979251ms] GC(23884)   Pre Evacuate Collection Set: 0.0ms
[2023-11-10T11:56:15.619-0800][76979251ms] GC(23884)   Evacuate Collection Set: 2.0ms
[2023-11-10T11:56:15.619-0800][76979251ms] GC(23884)   Post Evacuate Collection Set: 4.9ms
[2023-11-10T11:56:15.619-0800][76979251ms] GC(23884)   Other: 0.4ms
[2023-11-10T11:56:15.619-0800][76979251ms] GC(23884) Eden regions: 175->0(174)
[2023-11-10T11:56:15.619-0800][76979251ms] GC(23884) Survivor regions: 1->1(22)
[2023-11-10T11:56:15.619-0800][76979251ms] GC(23884) Old regions: 1438->1438
[2023-11-10T11:56:15.619-0800][76979251ms] GC(23884) Humongous regions: 5->5
[2023-11-10T11:56:15.619-0800][76979251ms] GC(23884) Metaspace: 304986K->304986K(1349632K)
[2023-11-10T11:56:15.619-0800][76979251ms] GC(23884) Pause Young (Normal) (G1 Evacuation Pause) 3234M->2885M(3602M) 7.392ms
[2023-11-10T11:56:15.619-0800][76979251ms] GC(23884) User=0.00s Sys=0.00s Real=0.01s
[2023-11-10T11:56:16.053-0800][76979685ms] GC(23885) Pause Young (Normal) (G1 Evacuation Pause)
[2023-11-10T11:56:16.053-0800][76979685ms] GC(23885) Using 10 workers of 10 for evacuation
[2023-11-10T11:56:16.060-0800][76979692ms] GC(23885)   Pre Evacuate Collection Set: 0.1ms
[2023-11-10T11:56:16.060-0800][76979692ms] GC(23885)   Evacuate Collection Set: 1.8ms
[2023-11-10T11:56:16.060-0800][76979692ms] GC(23885)   Post Evacuate Collection Set: 4.0ms
[2023-11-10T11:56:16.060-0800][76979692ms] GC(23885)   Other: 0.4ms
[2023-11-10T11:56:16.060-0800][76979692ms] GC(23885) Eden regions: 174->0(174)
[2023-11-10T11:56:16.060-0800][76979692ms] GC(23885) Survivor regions: 1->1(22)
[2023-11-10T11:56:16.060-0800][76979692ms] GC(23885) Old regions: 1438->1438
[2023-11-10T11:56:16.060-0800][76979692ms] GC(23885) Humongous regions: 5->5
[2023-11-10T11:56:16.060-0800][76979692ms] GC(23885) Metaspace: 304986K->304986K(1349632K)
[2023-11-10T11:56:16.060-0800][76979692ms] GC(23885) Pause Young (Normal) (G1 Evacuation Pause) 3233M->2884M(3602M) 6.503ms
[2023-11-10T11:56:16.060-0800][76979692ms] GC(23885) User=0.03s Sys=0.00s Real=0.01s
[2023-11-10T11:56:16.517-0800][76980149ms] GC(23886) Pause Young (Normal) (G1 Evacuation Pause)
[2023-11-10T11:56:16.517-0800][76980149ms] GC(23886) Using 10 workers of 10 for evacuation
[2023-11-10T11:56:16.522-0800][76980154ms] GC(23886)   Pre Evacuate Collection Set: 0.0ms
[2023-11-10T11:56:16.522-0800][76980154ms] GC(23886)   Evacuate Collection Set: 1.7ms
[2023-11-10T11:56:16.522-0800][76980154ms] GC(23886)   Post Evacuate Collection Set: 3.1ms
[2023-11-10T11:56:16.522-0800][76980154ms] GC(23886)   Other: 0.3ms
[2023-11-10T11:56:16.522-0800][76980154ms] GC(23886) Eden regions: 174->0(174)
[2023-11-10T11:56:16.522-0800][76980154ms] GC(23886) Survivor regions: 1->1(22)
[2023-11-10T11:56:16.522-0800][76980154ms] GC(23886) Old regions: 1438->1438
[2023-11-10T11:56:16.522-0800][76980154ms] GC(23886) Humongous regions: 5->5
[2023-11-10T11:56:16.522-0800][76980154ms] GC(23886) Metaspace: 304986K->304986K(1349632K)
[2023-11-10T11:56:16.522-0800][76980154ms] GC(23886) Pause Young (Normal) (G1 Evacuation Pause) 3232M->2884M(3602M) 5.144ms
[2023-11-10T11:56:16.522-0800][76980154ms] GC(23886) User=0.00s Sys=0.00s Real=0.01s
[2023-11-10T11:56:16.945-0800][76980577ms] GC(23887) Pause Young (Normal) (G1 Evacuation Pause)
[2023-11-10T11:56:16.945-0800][76980577ms] GC(23887) Using 10 workers of 10 for evacuation
[2023-11-10T11:56:16.956-0800][76980588ms] GC(23887)   Pre Evacuate Collection Set: 0.0ms
[2023-11-10T11:56:16.956-0800][76980588ms] GC(23887)   Evacuate Collection Set: 7.1ms
[2023-11-10T11:56:16.956-0800][76980588ms] GC(23887)   Post Evacuate Collection Set: 3.8ms
[2023-11-10T11:56:16.956-0800][76980588ms] GC(23887)   Other: 0.3ms
[2023-11-10T11:56:16.956-0800][76980588ms] GC(23887) Eden regions: 174->0(174)
[2023-11-10T11:56:16.956-0800][76980588ms] GC(23887) Survivor regions: 1->1(22)
[2023-11-10T11:56:16.956-0800][76980588ms] GC(23887) Old regions: 1438->1438
[2023-11-10T11:56:16.956-0800][76980588ms] GC(23887) Humongous regions: 5->5
[2023-11-10T11:56:16.956-0800][76980588ms] GC(23887) Metaspace: 304986K->304986K(1349632K)
[2023-11-10T11:56:16.956-0800][76980588ms] GC(23887) Pause Young (Normal) (G1 Evacuation Pause) 3232M->2884M(3602M) 11.447ms
[2023-11-10T11:56:16.956-0800][76980588ms] GC(23887) User=0.00s Sys=0.00s Real=0.01s
[2023-11-10T11:56:17.382-0800][76981014ms] GC(23888) Pause Young (Normal) (G1 Evacuation Pause)
[2023-11-10T11:56:17.382-0800][76981014ms] GC(23888) Using 10 workers of 10 for evacuation
[2023-11-10T11:56:17.388-0800][76981020ms] GC(23888)   Pre Evacuate Collection Set: 0.0ms
[2023-11-10T11:56:17.388-0800][76981020ms] GC(23888)   Evacuate Collection Set: 1.6ms
[2023-11-10T11:56:17.388-0800][76981020ms] GC(23888)   Post Evacuate Collection Set: 3.2ms
[2023-11-10T11:56:17.388-0800][76981020ms] GC(23888)   Other: 0.2ms
[2023-11-10T11:56:17.388-0800][76981020ms] GC(23888) Eden regions: 174->0(174)
[2023-11-10T11:56:17.388-0800][76981020ms] GC(23888) Survivor regions: 1->1(22)
[2023-11-10T11:56:17.388-0800][76981020ms] GC(23888) Old regions: 1438->1438
[2023-11-10T11:56:17.388-0800][76981020ms] GC(23888) Humongous regions: 5->5
[2023-11-10T11:56:17.388-0800][76981020ms] GC(23888) Metaspace: 304986K->304986K(1349632K)
[2023-11-10T11:56:17.388-0800][76981020ms] GC(23888) Pause Young (Normal) (G1 Evacuation Pause) 3232M->2884M(3602M) 5.223ms
[2023-11-10T11:56:17.388-0800][76981020ms] GC(23888) User=0.00s Sys=0.00s Real=0.01s
[2023-11-10T11:56:17.805-0800][76981437ms] GC(23889) Pause Young (Normal) (G1 Evacuation Pause)
[2023-11-10T11:56:17.805-0800][76981437ms] GC(23889) Using 10 workers of 10 for evacuation
[2023-11-10T11:56:17.810-0800][76981442ms] GC(23889)   Pre Evacuate Collection Set: 0.0ms
[2023-11-10T11:56:17.810-0800][76981442ms] GC(23889)   Evacuate Collection Set: 1.6ms
[2023-11-10T11:56:17.810-0800][76981442ms] GC(23889)   Post Evacuate Collection Set: 3.5ms
[2023-11-10T11:56:17.810-0800][76981442ms] GC(23889)   Other: 0.3ms
[2023-11-10T11:56:17.810-0800][76981442ms] GC(23889) Eden regions: 174->0(174)
[2023-11-10T11:56:17.810-0800][76981442ms] GC(23889) Survivor regions: 1->1(22)
[2023-11-10T11:56:17.810-0800][76981442ms] GC(23889) Old regions: 1438->1438
[2023-11-10T11:56:17.810-0800][76981442ms] GC(23889) Humongous regions: 5->5
[2023-11-10T11:56:17.810-0800][76981442ms] GC(23889) Metaspace: 304986K->304986K(1349632K)
[2023-11-10T11:56:17.810-0800][76981442ms] GC(23889) Pause Young (Normal) (G1 Evacuation Pause) 3232M->2884M(3602M) 5.559ms
[2023-11-10T11:56:17.810-0800][76981442ms] GC(23889) User=0.00s Sys=0.00s Real=0.00s
[2023-11-10T11:56:18.203-0800][76981835ms] GC(23890) Pause Young (Normal) (G1 Evacuation Pause)
[2023-11-10T11:56:18.203-0800][76981835ms] GC(23890) Using 10 workers of 10 for evacuation
[2023-11-10T11:56:18.208-0800][76981840ms] GC(23890)   Pre Evacuate Collection Set: 0.0ms
[2023-11-10T11:56:18.208-0800][76981840ms] GC(23890)   Evacuate Collection Set: 1.9ms
[2023-11-10T11:56:18.208-0800][76981840ms] GC(23890)   Post Evacuate Collection Set: 3.1ms
[2023-11-10T11:56:18.208-0800][76981840ms] GC(23890)   Other: 0.2ms
[2023-11-10T11:56:18.208-0800][76981840ms] GC(23890) Eden regions: 174->0(174)
[2023-11-10T11:56:18.208-0800][76981840ms] GC(23890) Survivor regions: 1->1(22)
[2023-11-10T11:56:18.208-0800][76981840ms] GC(23890) Old regions: 1438->1438
[2023-11-10T11:56:18.208-0800][76981840ms] GC(23890) Humongous regions: 5->5
[2023-11-10T11:56:18.208-0800][76981840ms] GC(23890) Metaspace: 304986K->304986K(1349632K)
[2023-11-10T11:56:18.208-0800][76981840ms] GC(23890) Pause Young (Normal) (G1 Evacuation Pause) 3232M->2884M(3602M) 5.329ms
[2023-11-10T11:56:18.208-0800][76981840ms] GC(23890) User=0.00s Sys=0.00s Real=0.00s
[2023-11-10T11:56:18.690-0800][76982322ms] GC(23891) Pause Young (Normal) (G1 Evacuation Pause)
[2023-11-10T11:56:18.690-0800][76982322ms] GC(23891) Using 10 workers of 10 for evacuation
[2023-11-10T11:56:18.696-0800][76982328ms] GC(23891)   Pre Evacuate Collection Set: 0.0ms
[2023-11-10T11:56:18.696-0800][76982328ms] GC(23891)   Evacuate Collection Set: 1.8ms
[2023-11-10T11:56:18.696-0800][76982328ms] GC(23891)   Post Evacuate Collection Set: 3.4ms
[2023-11-10T11:56:18.696-0800][76982328ms] GC(23891)   Other: 0.3ms
[2023-11-10T11:56:18.696-0800][76982328ms] GC(23891) Eden regions: 174->0(174)
[2023-11-10T11:56:18.696-0800][76982328ms] GC(23891) Survivor regions: 1->1(22)
[2023-11-10T11:56:18.696-0800][76982328ms] GC(23891) Old regions: 1438->1438
[2023-11-10T11:56:18.696-0800][76982328ms] GC(23891) Humongous regions: 5->5
[2023-11-10T11:56:18.696-0800][76982328ms] GC(23891) Metaspace: 304986K->304986K(1349632K)
[2023-11-10T11:56:18.696-0800][76982328ms] GC(23891) Pause Young (Normal) (G1 Evacuation Pause) 3232M->2884M(3602M) 5.618ms
[2023-11-10T11:56:18.696-0800][76982328ms] GC(23891) User=0.00s Sys=0.00s Real=0.01s
[2023-11-10T11:56:19.105-0800][76982737ms] GC(23892) Pause Young (Normal) (G1 Evacuation Pause)
[2023-11-10T11:56:19.105-0800][76982737ms] GC(23892) Using 10 workers of 10 for evacuation
[2023-11-10T11:56:19.110-0800][76982742ms] GC(23892)   Pre Evacuate Collection Set: 0.0ms
[2023-11-10T11:56:19.110-0800][76982742ms] GC(23892)   Evacuate Collection Set: 1.7ms
[2023-11-10T11:56:19.110-0800][76982742ms] GC(23892)   Post Evacuate Collection Set: 3.0ms
[2023-11-10T11:56:19.110-0800][76982742ms] GC(23892)   Other: 0.3ms
[2023-11-10T11:56:19.110-0800][76982742ms] GC(23892) Eden regions: 174->0(174)
[2023-11-10T11:56:19.110-0800][76982742ms] GC(23892) Survivor regions: 1->1(22)
[2023-11-10T11:56:19.110-0800][76982742ms] GC(23892) Old regions: 1438->1438
[2023-11-10T11:56:19.110-0800][76982742ms] GC(23892) Humongous regions: 5->5
[2023-11-10T11:56:19.110-0800][76982742ms] GC(23892) Metaspace: 304986K->304986K(1349632K)
[2023-11-10T11:56:19.110-0800][76982742ms] GC(23892) Pause Young (Normal) (G1 Evacuation Pause) 3232M->2884M(3602M) 5.097ms
[2023-11-10T11:56:19.110-0800][76982742ms] GC(23892) User=0.00s Sys=0.00s Real=0.00s
[2023-11-10T11:56:19.580-0800][76983212ms] GC(23893) Pause Young (Normal) (G1 Evacuation Pause)
[2023-11-10T11:56:19.580-0800][76983212ms] GC(23893) Using 10 workers of 10 for evacuation
[2023-11-10T11:56:19.585-0800][76983217ms] GC(23893)   Pre Evacuate Collection Set: 0.0ms
[2023-11-10T11:56:19.585-0800][76983217ms] GC(23893)   Evacuate Collection Set: 1.7ms
[2023-11-10T11:56:19.585-0800][76983217ms] GC(23893)   Post Evacuate Collection Set: 3.3ms
[2023-11-10T11:56:19.585-0800][76983217ms] GC(23893)   Other: 0.3ms
[2023-11-10T11:56:19.585-0800][76983217ms] GC(23893) Eden regions: 174->0(174)
[2023-11-10T11:56:19.585-0800][76983217ms] GC(23893) Survivor regions: 1->1(22)
[2023-11-10T11:56:19.585-0800][76983217ms] GC(23893) Old regions: 1438->1438
[2023-11-10T11:56:19.585-0800][76983217ms] GC(23893) Humongous regions: 5->5
[2023-11-10T11:56:19.585-0800][76983217ms] GC(23893) Metaspace: 304986K->304986K(1349632K)
[2023-11-10T11:56:19.585-0800][76983217ms] GC(23893) Pause Young (Normal) (G1 Evacuation Pause) 3232M->2884M(3602M) 5.448ms
[2023-11-10T11:56:19.585-0800][76983217ms] GC(23893) User=0.00s Sys=0.00s Real=0.01s
[2023-11-10T11:56:19.991-0800][76983623ms] GC(23894) Pause Young (Normal) (G1 Evacuation Pause)
[2023-11-10T11:56:19.991-0800][76983623ms] GC(23894) Using 10 workers of 10 for evacuation
[2023-11-10T11:56:19.997-0800][76983629ms] GC(23894)   Pre Evacuate Collection Set: 0.1ms
[2023-11-10T11:56:19.997-0800][76983629ms] GC(23894)   Evacuate Collection Set: 1.7ms
[2023-11-10T11:56:19.997-0800][76983629ms] GC(23894)   Post Evacuate Collection Set: 3.4ms
[2023-11-10T11:56:19.997-0800][76983629ms] GC(23894)   Other: 0.3ms
[2023-11-10T11:56:19.997-0800][76983629ms] GC(23894) Eden regions: 174->0(174)
[2023-11-10T11:56:19.997-0800][76983629ms] GC(23894) Survivor regions: 1->1(22)
[2023-11-10T11:56:19.997-0800][76983629ms] GC(23894) Old regions: 1438->1438
[2023-11-10T11:56:19.997-0800][76983629ms] GC(23894) Humongous regions: 5->5
[2023-11-10T11:56:19.997-0800][76983629ms] GC(23894) Metaspace: 304986K->304986K(1349632K)
[2023-11-10T11:56:19.997-0800][76983629ms] GC(23894) Pause Young (Normal) (G1 Evacuation Pause) 3232M->2884M(3602M) 5.560ms
[2023-11-10T11:56:19.997-0800][76983629ms] GC(23894) User=0.00s Sys=0.00s Real=0.01s
[2023-11-10T11:56:20.375-0800][76984007ms] GC(23895) Pause Young (Normal) (G1 Evacuation Pause)
[2023-11-10T11:56:20.375-0800][76984007ms] GC(23895) Using 10 workers of 10 for evacuation
[2023-11-10T11:56:20.380-0800][76984012ms] GC(23895)   Pre Evacuate Collection Set: 0.0ms
[2023-11-10T11:56:20.380-0800][76984012ms] GC(23895)   Evacuate Collection Set: 1.6ms
[2023-11-10T11:56:20.380-0800][76984012ms] GC(23895)   Post Evacuate Collection Set: 3.0ms
[2023-11-10T11:56:20.380-0800][76984012ms] GC(23895)   Other: 0.2ms
[2023-11-10T11:56:20.380-0800][76984012ms] GC(23895) Eden regions: 174->0(175)
[2023-11-10T11:56:20.380-0800][76984012ms] GC(23895) Survivor regions: 1->1(22)
[2023-11-10T11:56:20.380-0800][76984012ms] GC(23895) Old regions: 1438->1438
[2023-11-10T11:56:20.380-0800][76984012ms] GC(23895) Humongous regions: 5->5
[2023-11-10T11:56:20.380-0800][76984012ms] GC(23895) Metaspace: 304986K->304986K(1349632K)
[2023-11-10T11:56:20.380-0800][76984012ms] GC(23895) Pause Young (Normal) (G1 Evacuation Pause) 3232M->2884M(3602M) 4.985ms
[2023-11-10T11:56:20.380-0800][76984012ms] GC(23895) User=0.00s Sys=0.00s Real=0.01s
[2023-11-10T11:56:20.795-0800][76984427ms] GC(23896) Pause Young (Normal) (G1 Evacuation Pause)
[2023-11-10T11:56:20.795-0800][76984427ms] GC(23896) Using 10 workers of 10 for evacuation
[2023-11-10T11:56:20.801-0800][76984433ms] GC(23896)   Pre Evacuate Collection Set: 0.0ms
[2023-11-10T11:56:20.801-0800][76984433ms] GC(23896)   Evacuate Collection Set: 1.8ms
[2023-11-10T11:56:20.801-0800][76984433ms] GC(23896)   Post Evacuate Collection Set: 3.9ms
[2023-11-10T11:56:20.801-0800][76984433ms] GC(23896)   Other: 0.3ms
[2023-11-10T11:56:20.801-0800][76984433ms] GC(23896) Eden regions: 175->0(174)
[2023-11-10T11:56:20.801-0800][76984433ms] GC(23896) Survivor regions: 1->1(22)
[2023-11-10T11:56:20.801-0800][76984433ms] GC(23896) Old regions: 1438->1438
[2023-11-10T11:56:20.801-0800][76984433ms] GC(23896) Humongous regions: 5->5
[2023-11-10T11:56:20.801-0800][76984433ms] GC(23896) Metaspace: 304986K->304986K(1349632K)
[2023-11-10T11:56:20.801-0800][76984433ms] GC(23896) Pause Young (Normal) (G1 Evacuation Pause) 3234M->2885M(3602M) 6.104ms
[2023-11-10T11:56:20.801-0800][76984433ms] GC(23896) User=0.00s Sys=0.00s Real=0.01s
[2023-11-10T11:56:21.164-0800][76984796ms] GC(23897) Pause Young (Normal) (G1 Evacuation Pause)
[2023-11-10T11:56:21.164-0800][76984796ms] GC(23897) Using 10 workers of 10 for evacuation
[2023-11-10T11:56:21.169-0800][76984801ms] GC(23897)   Pre Evacuate Collection Set: 0.1ms
[2023-11-10T11:56:21.169-0800][76984801ms] GC(23897)   Evacuate Collection Set: 1.7ms
[2023-11-10T11:56:21.169-0800][76984801ms] GC(23897)   Post Evacuate Collection Set: 3.1ms
[2023-11-10T11:56:21.169-0800][76984801ms] GC(23897)   Other: 0.3ms
[2023-11-10T11:56:21.169-0800][76984801ms] GC(23897) Eden regions: 174->0(175)
[2023-11-10T11:56:21.169-0800][76984801ms] GC(23897) Survivor regions: 1->1(22)
[2023-11-10T11:56:21.169-0800][76984801ms] GC(23897) Old regions: 1438->1438
[2023-11-10T11:56:21.169-0800][76984801ms] GC(23897) Humongous regions: 5->5
[2023-11-10T11:56:21.169-0800][76984801ms] GC(23897) Metaspace: 304986K->304986K(1349632K)
[2023-11-10T11:56:21.169-0800][76984801ms] GC(23897) Pause Young (Normal) (G1 Evacuation Pause) 3233M->2885M(3602M) 5.251ms
[2023-11-10T11:56:21.169-0800][76984801ms] GC(23897) User=0.00s Sys=0.00s Real=0.00s
[2023-11-10T11:56:21.621-0800][76985253ms] GC(23898) Pause Young (Normal) (G1 Evacuation Pause)
[2023-11-10T11:56:21.621-0800][76985253ms] GC(23898) Using 10 workers of 10 for evacuation
[2023-11-10T11:56:21.626-0800][76985258ms] GC(23898)   Pre Evacuate Collection Set: 0.1ms
[2023-11-10T11:56:21.626-0800][76985258ms] GC(23898)   Evacuate Collection Set: 2.4ms
[2023-11-10T11:56:21.626-0800][76985258ms] GC(23898)   Post Evacuate Collection Set: 3.2ms
[2023-11-10T11:56:21.626-0800][76985258ms] GC(23898)   Other: 0.3ms
[2023-11-10T11:56:21.626-0800][76985258ms] GC(23898) Eden regions: 175->0(175)
[2023-11-10T11:56:21.626-0800][76985258ms] GC(23898) Survivor regions: 1->1(22)
[2023-11-10T11:56:21.626-0800][76985258ms] GC(23898) Old regions: 1438->1438
[2023-11-10T11:56:21.626-0800][76985258ms] GC(23898) Humongous regions: 5->5
[2023-11-10T11:56:21.626-0800][76985258ms] GC(23898) Metaspace: 304986K->304986K(1349632K)
[2023-11-10T11:56:21.626-0800][76985258ms] GC(23898) Pause Young (Normal) (G1 Evacuation Pause) 3235M->2884M(3602M) 6.153ms
[2023-11-10T11:56:21.626-0800][76985258ms] GC(23898) User=0.00s Sys=0.00s Real=0.00s
[2023-11-10T11:56:22.028-0800][76985660ms] GC(23899) Pause Young (Normal) (G1 Evacuation Pause)
[2023-11-10T11:56:22.028-0800][76985660ms] GC(23899) Using 10 workers of 10 for evacuation
[2023-11-10T11:56:22.034-0800][76985666ms] GC(23899)   Pre Evacuate Collection Set: 0.1ms
[2023-11-10T11:56:22.034-0800][76985666ms] GC(23899)   Evacuate Collection Set: 2.0ms
[2023-11-10T11:56:22.034-0800][76985666ms] GC(23899)   Post Evacuate Collection Set: 3.3ms
[2023-11-10T11:56:22.034-0800][76985666ms] GC(23899)   Other: 0.3ms
[2023-11-10T11:56:22.034-0800][76985666ms] GC(23899) Eden regions: 175->0(175)
[2023-11-10T11:56:22.034-0800][76985666ms] GC(23899) Survivor regions: 1->1(22)
[2023-11-10T11:56:22.034-0800][76985666ms] GC(23899) Old regions: 1438->1438
[2023-11-10T11:56:22.034-0800][76985666ms] GC(23899) Humongous regions: 5->5
[2023-11-10T11:56:22.034-0800][76985666ms] GC(23899) Metaspace: 304986K->304986K(1349632K)
[2023-11-10T11:56:22.034-0800][76985666ms] GC(23899) Pause Young (Normal) (G1 Evacuation Pause) 3234M->2884M(3602M) 5.726ms
[2023-11-10T11:56:22.034-0800][76985666ms] GC(23899) User=0.00s Sys=0.00s Real=0.01s
[2023-11-10T11:56:22.473-0800][76986105ms] GC(23900) Pause Young (Normal) (G1 Evacuation Pause)
[2023-11-10T11:56:22.473-0800][76986105ms] GC(23900) Using 10 workers of 10 for evacuation
[2023-11-10T11:56:22.479-0800][76986111ms] GC(23900)   Pre Evacuate Collection Set: 0.0ms
[2023-11-10T11:56:22.479-0800][76986111ms] GC(23900)   Evacuate Collection Set: 1.7ms
[2023-11-10T11:56:22.479-0800][76986111ms] GC(23900)   Post Evacuate Collection Set: 3.2ms
[2023-11-10T11:56:22.479-0800][76986111ms] GC(23900)   Other: 0.3ms
[2023-11-10T11:56:22.479-0800][76986111ms] GC(23900) Eden regions: 175->0(175)
[2023-11-10T11:56:22.479-0800][76986111ms] GC(23900) Survivor regions: 1->1(22)
[2023-11-10T11:56:22.479-0800][76986111ms] GC(23900) Old regions: 1438->1438
[2023-11-10T11:56:22.479-0800][76986111ms] GC(23900) Humongous regions: 5->5
[2023-11-10T11:56:22.479-0800][76986111ms] GC(23900) Metaspace: 304986K->304986K(1349632K)
[2023-11-10T11:56:22.479-0800][76986111ms] GC(23900) Pause Young (Normal) (G1 Evacuation Pause) 3234M->2884M(3602M) 5.377ms
[2023-11-10T11:56:22.479-0800][76986111ms] GC(23900) User=0.02s Sys=0.00s Real=0.01s
[2023-11-10T11:56:22.915-0800][76986547ms] GC(23901) Pause Young (Normal) (G1 Evacuation Pause)
[2023-11-10T11:56:22.915-0800][76986547ms] GC(23901) Using 10 workers of 10 for evacuation
[2023-11-10T11:56:22.922-0800][76986554ms] GC(23901)   Pre Evacuate Collection Set: 0.1ms
[2023-11-10T11:56:22.922-0800][76986554ms] GC(23901)   Evacuate Collection Set: 2.1ms
[2023-11-10T11:56:22.922-0800][76986554ms] GC(23901)   Post Evacuate Collection Set: 4.2ms
[2023-11-10T11:56:22.922-0800][76986554ms] GC(23901)   Other: 0.4ms
[2023-11-10T11:56:22.922-0800][76986554ms] GC(23901) Eden regions: 175->0(175)
[2023-11-10T11:56:22.922-0800][76986554ms] GC(23901) Survivor regions: 1->1(22)
[2023-11-10T11:56:22.922-0800][76986554ms] GC(23901) Old regions: 1438->1438
[2023-11-10T11:56:22.922-0800][76986554ms] GC(23901) Humongous regions: 5->5
[2023-11-10T11:56:22.922-0800][76986554ms] GC(23901) Metaspace: 304986K->304986K(1349632K)
[2023-11-10T11:56:22.922-0800][76986554ms] GC(23901) Pause Young (Normal) (G1 Evacuation Pause) 3234M->2885M(3602M) 6.932ms
[2023-11-10T11:56:22.922-0800][76986554ms] GC(23901) User=0.00s Sys=0.00s Real=0.01s
[2023-11-10T11:56:23.377-0800][76987009ms] GC(23902) Pause Young (Normal) (G1 Evacuation Pause)
[2023-11-10T11:56:23.377-0800][76987009ms] GC(23902) Using 10 workers of 10 for evacuation
[2023-11-10T11:56:23.383-0800][76987015ms] GC(23902)   Pre Evacuate Collection Set: 0.1ms
[2023-11-10T11:56:23.383-0800][76987015ms] GC(23902)   Evacuate Collection Set: 1.9ms
[2023-11-10T11:56:23.383-0800][76987015ms] GC(23902)   Post Evacuate Collection Set: 3.7ms
[2023-11-10T11:56:23.383-0800][76987015ms] GC(23902)   Other: 0.4ms
[2023-11-10T11:56:23.383-0800][76987015ms] GC(23902) Eden regions: 175->0(175)
[2023-11-10T11:56:23.383-0800][76987015ms] GC(23902) Survivor regions: 1->1(22)
[2023-11-10T11:56:23.383-0800][76987015ms] GC(23902) Old regions: 1438->1438
[2023-11-10T11:56:23.383-0800][76987015ms] GC(23902) Humongous regions: 5->5
[2023-11-10T11:56:23.383-0800][76987015ms] GC(23902) Metaspace: 304986K->304986K(1349632K)
[2023-11-10T11:56:23.383-0800][76987015ms] GC(23902) Pause Young (Normal) (G1 Evacuation Pause) 3235M->2885M(3602M) 6.120ms
[2023-11-10T11:56:23.383-0800][76987015ms] GC(23902) User=0.00s Sys=0.00s Real=0.01s
[2023-11-10T11:56:23.819-0800][76987451ms] GC(23903) Pause Young (Normal) (G1 Evacuation Pause)
[2023-11-10T11:56:23.819-0800][76987451ms] GC(23903) Using 10 workers of 10 for evacuation
[2023-11-10T11:56:23.825-0800][76987457ms] GC(23903)   Pre Evacuate Collection Set: 0.0ms
[2023-11-10T11:56:23.825-0800][76987457ms] GC(23903)   Evacuate Collection Set: 2.0ms
[2023-11-10T11:56:23.825-0800][76987457ms] GC(23903)   Post Evacuate Collection Set: 3.2ms
[2023-11-10T11:56:23.825-0800][76987457ms] GC(23903)   Other: 0.3ms
[2023-11-10T11:56:23.825-0800][76987457ms] GC(23903) Eden regions: 175->0(175)
[2023-11-10T11:56:23.825-0800][76987457ms] GC(23903) Survivor regions: 1->1(22)
[2023-11-10T11:56:23.825-0800][76987457ms] GC(23903) Old regions: 1438->1438
[2023-11-10T11:56:23.825-0800][76987457ms] GC(23903) Humongous regions: 5->5
[2023-11-10T11:56:23.825-0800][76987457ms] GC(23903) Metaspace: 304986K->304986K(1349632K)
[2023-11-10T11:56:23.825-0800][76987457ms] GC(23903) Pause Young (Normal) (G1 Evacuation Pause) 3235M->2885M(3602M) 5.617ms
[2023-11-10T11:56:23.825-0800][76987457ms] GC(23903) User=0.00s Sys=0.00s Real=0.01s
[2023-11-10T11:56:24.204-0800][76987836ms] GC(23904) Pause Young (Normal) (G1 Evacuation Pause)
[2023-11-10T11:56:24.204-0800][76987836ms] GC(23904) Using 10 workers of 10 for evacuation
[2023-11-10T11:56:24.210-0800][76987842ms] GC(23904)   Pre Evacuate Collection Set: 0.1ms
[2023-11-10T11:56:24.210-0800][76987842ms] GC(23904)   Evacuate Collection Set: 2.5ms
[2023-11-10T11:56:24.210-0800][76987842ms] GC(23904)   Post Evacuate Collection Set: 3.9ms
[2023-11-10T11:56:24.210-0800][76987842ms] GC(23904)   Other: 0.3ms
[2023-11-10T11:56:24.210-0800][76987842ms] GC(23904) Eden regions: 175->0(175)
[2023-11-10T11:56:24.210-0800][76987842ms] GC(23904) Survivor regions: 1->1(22)
[2023-11-10T11:56:24.210-0800][76987842ms] GC(23904) Old regions: 1438->1438
[2023-11-10T11:56:24.210-0800][76987842ms] GC(23904) Humongous regions: 5->5
[2023-11-10T11:56:24.210-0800][76987842ms] GC(23904) Metaspace: 304986K->304986K(1349632K)
[2023-11-10T11:56:24.210-0800][76987842ms] GC(23904) Pause Young (Normal) (G1 Evacuation Pause) 3235M->2885M(3602M) 6.912ms
[2023-11-10T11:56:24.210-0800][76987842ms] GC(23904) User=0.00s Sys=0.00s Real=0.01s
[2023-11-10T11:56:24.591-0800][76988223ms] GC(23905) Pause Young (Normal) (G1 Evacuation Pause)
[2023-11-10T11:56:24.591-0800][76988223ms] GC(23905) Using 10 workers of 10 for evacuation
[2023-11-10T11:56:24.598-0800][76988230ms] GC(23905)   Pre Evacuate Collection Set: 0.0ms
[2023-11-10T11:56:24.598-0800][76988230ms] GC(23905)   Evacuate Collection Set: 2.6ms
[2023-11-10T11:56:24.598-0800][76988230ms] GC(23905)   Post Evacuate Collection Set: 4.9ms
[2023-11-10T11:56:24.598-0800][76988230ms] GC(23905)   Other: 0.3ms
[2023-11-10T11:56:24.598-0800][76988230ms] GC(23905) Eden regions: 175->0(175)
[2023-11-10T11:56:24.599-0800][76988231ms] GC(23905) Survivor regions: 1->1(22)
[2023-11-10T11:56:24.599-0800][76988231ms] GC(23905) Old regions: 1438->1438
[2023-11-10T11:56:24.599-0800][76988231ms] GC(23905) Humongous regions: 5->5
[2023-11-10T11:56:24.599-0800][76988231ms] GC(23905) Metaspace: 304986K->304986K(1349632K)
[2023-11-10T11:56:24.599-0800][76988231ms] GC(23905) Pause Young (Normal) (G1 Evacuation Pause) 3235M->2885M(3602M) 7.971ms
[2023-11-10T11:56:24.599-0800][76988231ms] GC(23905) User=0.00s Sys=0.00s Real=0.01s
[2023-11-10T11:56:24.990-0800][76988622ms] GC(23906) Pause Young (Normal) (G1 Evacuation Pause)
[2023-11-10T11:56:24.990-0800][76988622ms] GC(23906) Using 10 workers of 10 for evacuation
[2023-11-10T11:56:24.994-0800][76988626ms] GC(23906)   Pre Evacuate Collection Set: 0.0ms
[2023-11-10T11:56:24.994-0800][76988626ms] GC(23906)   Evacuate Collection Set: 1.6ms
[2023-11-10T11:56:24.994-0800][76988626ms] GC(23906)   Post Evacuate Collection Set: 2.9ms
[2023-11-10T11:56:24.994-0800][76988626ms] GC(23906)   Other: 0.3ms
[2023-11-10T11:56:24.994-0800][76988626ms] GC(23906) Eden regions: 175->0(175)
[2023-11-10T11:56:24.994-0800][76988626ms] GC(23906) Survivor regions: 1->1(22)
[2023-11-10T11:56:24.994-0800][76988626ms] GC(23906) Old regions: 1438->1438
[2023-11-10T11:56:24.994-0800][76988626ms] GC(23906) Humongous regions: 5->5
[2023-11-10T11:56:24.994-0800][76988626ms] GC(23906) Metaspace: 304986K->304986K(1349632K)
[2023-11-10T11:56:24.995-0800][76988627ms] GC(23906) Pause Young (Normal) (G1 Evacuation Pause) 3235M->2885M(3602M) 4.885ms
[2023-11-10T11:56:24.995-0800][76988627ms] GC(23906) User=0.06s Sys=0.00s Real=0.00s
[2023-11-10T11:56:25.415-0800][76989047ms] GC(23907) Pause Young (Normal) (G1 Evacuation Pause)
[2023-11-10T11:56:25.415-0800][76989047ms] GC(23907) Using 10 workers of 10 for evacuation
[2023-11-10T11:56:25.422-0800][76989054ms] GC(23907)   Pre Evacuate Collection Set: 0.1ms
[2023-11-10T11:56:25.422-0800][76989054ms] GC(23907)   Evacuate Collection Set: 1.8ms
[2023-11-10T11:56:25.422-0800][76989054ms] GC(23907)   Post Evacuate Collection Set: 3.8ms
[2023-11-10T11:56:25.422-0800][76989054ms] GC(23907)   Other: 0.3ms
[2023-11-10T11:56:25.422-0800][76989054ms] GC(23907) Eden regions: 175->0(175)
[2023-11-10T11:56:25.422-0800][76989054ms] GC(23907) Survivor regions: 1->1(22)
[2023-11-10T11:56:25.422-0800][76989054ms] GC(23907) Old regions: 1438->1438
[2023-11-10T11:56:25.422-0800][76989054ms] GC(23907) Humongous regions: 5->5
[2023-11-10T11:56:25.422-0800][76989054ms] GC(23907) Metaspace: 304986K->304986K(1349632K)
[2023-11-10T11:56:25.422-0800][76989054ms] GC(23907) Pause Young (Normal) (G1 Evacuation Pause) 3235M->2885M(3602M) 6.123ms
[2023-11-10T11:56:25.422-0800][76989054ms] GC(23907) User=0.00s Sys=0.00s Real=0.01s
[2023-11-10T11:56:25.928-0800][76989560ms] GC(23908) Pause Young (Normal) (G1 Evacuation Pause)
[2023-11-10T11:56:25.928-0800][76989561ms] GC(23908) Using 10 workers of 10 for evacuation
[2023-11-10T11:56:25.935-0800][76989567ms] GC(23908)   Pre Evacuate Collection Set: 0.1ms
[2023-11-10T11:56:25.935-0800][76989567ms] GC(23908)   Evacuate Collection Set: 2.6ms
[2023-11-10T11:56:25.935-0800][76989567ms] GC(23908)   Post Evacuate Collection Set: 3.2ms
[2023-11-10T11:56:25.935-0800][76989567ms] GC(23908)   Other: 0.3ms
[2023-11-10T11:56:25.935-0800][76989567ms] GC(23908) Eden regions: 175->0(175)
[2023-11-10T11:56:25.935-0800][76989567ms] GC(23908) Survivor regions: 1->1(22)
[2023-11-10T11:56:25.935-0800][76989567ms] GC(23908) Old regions: 1438->1438
[2023-11-10T11:56:25.935-0800][76989567ms] GC(23908) Humongous regions: 5->5
[2023-11-10T11:56:25.935-0800][76989567ms] GC(23908) Metaspace: 304986K->304986K(1349632K)
[2023-11-10T11:56:25.935-0800][76989567ms] GC(23908) Pause Young (Normal) (G1 Evacuation Pause) 3235M->2885M(3602M) 6.258ms
[2023-11-10T11:56:25.935-0800][76989567ms] GC(23908) User=0.00s Sys=0.00s Real=0.01s
[2023-11-10T11:56:26.434-0800][76990066ms] GC(23909) Pause Young (Normal) (G1 Evacuation Pause)
[2023-11-10T11:56:26.434-0800][76990066ms] GC(23909) Using 10 workers of 10 for evacuation
[2023-11-10T11:56:26.439-0800][76990071ms] GC(23909)   Pre Evacuate Collection Set: 0.0ms
[2023-11-10T11:56:26.439-0800][76990071ms] GC(23909)   Evacuate Collection Set: 1.6ms
[2023-11-10T11:56:26.439-0800][76990071ms] GC(23909)   Post Evacuate Collection Set: 3.3ms
[2023-11-10T11:56:26.439-0800][76990071ms] GC(23909)   Other: 0.3ms
[2023-11-10T11:56:26.439-0800][76990071ms] GC(23909) Eden regions: 175->0(175)
[2023-11-10T11:56:26.439-0800][76990071ms] GC(23909) Survivor regions: 1->1(22)
[2023-11-10T11:56:26.439-0800][76990071ms] GC(23909) Old regions: 1438->1438
[2023-11-10T11:56:26.439-0800][76990071ms] GC(23909) Humongous regions: 5->5
[2023-11-10T11:56:26.439-0800][76990071ms] GC(23909) Metaspace: 304986K->304986K(1349632K)
[2023-11-10T11:56:26.439-0800][76990071ms] GC(23909) Pause Young (Normal) (G1 Evacuation Pause) 3235M->2885M(3602M) 5.336ms
[2023-11-10T11:56:26.439-0800][76990071ms] GC(23909) User=0.00s Sys=0.00s Real=0.00s
[2023-11-10T11:56:26.850-0800][76990482ms] GC(23910) Pause Young (Normal) (G1 Evacuation Pause)
[2023-11-10T11:56:26.850-0800][76990482ms] GC(23910) Using 10 workers of 10 for evacuation
[2023-11-10T11:56:26.855-0800][76990487ms] GC(23910)   Pre Evacuate Collection Set: 0.0ms
[2023-11-10T11:56:26.855-0800][76990487ms] GC(23910)   Evacuate Collection Set: 1.6ms
[2023-11-10T11:56:26.855-0800][76990487ms] GC(23910)   Post Evacuate Collection Set: 3.1ms
[2023-11-10T11:56:26.855-0800][76990487ms] GC(23910)   Other: 0.3ms
[2023-11-10T11:56:26.855-0800][76990487ms] GC(23910) Eden regions: 175->0(175)
[2023-11-10T11:56:26.855-0800][76990487ms] GC(23910) Survivor regions: 1->1(22)
[2023-11-10T11:56:26.855-0800][76990487ms] GC(23910) Old regions: 1438->1438
[2023-11-10T11:56:26.855-0800][76990487ms] GC(23910) Humongous regions: 5->5
[2023-11-10T11:56:26.855-0800][76990487ms] GC(23910) Metaspace: 304986K->304986K(1349632K)
[2023-11-10T11:56:26.856-0800][76990488ms] GC(23910) Pause Young (Normal) (G1 Evacuation Pause) 3235M->2885M(3602M) 5.124ms
[2023-11-10T11:56:26.856-0800][76990488ms] GC(23910) User=0.00s Sys=0.00s Real=0.01s
[2023-11-10T11:56:27.264-0800][76990896ms] GC(23911) Pause Young (Normal) (G1 Evacuation Pause)
[2023-11-10T11:56:27.264-0800][76990896ms] GC(23911) Using 10 workers of 10 for evacuation
[2023-11-10T11:56:27.269-0800][76990901ms] GC(23911)   Pre Evacuate Collection Set: 0.1ms
[2023-11-10T11:56:27.269-0800][76990901ms] GC(23911)   Evacuate Collection Set: 1.8ms
[2023-11-10T11:56:27.269-0800][76990901ms] GC(23911)   Post Evacuate Collection Set: 3.2ms
[2023-11-10T11:56:27.269-0800][76990901ms] GC(23911)   Other: 0.3ms
[2023-11-10T11:56:27.269-0800][76990901ms] GC(23911) Eden regions: 175->0(175)
[2023-11-10T11:56:27.269-0800][76990901ms] GC(23911) Survivor regions: 1->1(22)
[2023-11-10T11:56:27.269-0800][76990901ms] GC(23911) Old regions: 1438->1438
[2023-11-10T11:56:27.269-0800][76990901ms] GC(23911) Humongous regions: 5->5
[2023-11-10T11:56:27.269-0800][76990901ms] GC(23911) Metaspace: 304986K->304986K(1349632K)
[2023-11-10T11:56:27.269-0800][76990901ms] GC(23911) Pause Young (Normal) (G1 Evacuation Pause) 3235M->2885M(3602M) 5.431ms
[2023-11-10T11:56:27.269-0800][76990901ms] GC(23911) User=0.00s Sys=0.00s Real=0.01s
[2023-11-10T11:56:27.720-0800][76991352ms] GC(23912) Pause Young (Normal) (G1 Evacuation Pause)
[2023-11-10T11:56:27.720-0800][76991352ms] GC(23912) Using 10 workers of 10 for evacuation
[2023-11-10T11:56:27.725-0800][76991357ms] GC(23912)   Pre Evacuate Collection Set: 0.0ms
[2023-11-10T11:56:27.725-0800][76991357ms] GC(23912)   Evacuate Collection Set: 1.7ms
[2023-11-10T11:56:27.725-0800][76991357ms] GC(23912)   Post Evacuate Collection Set: 3.4ms
[2023-11-10T11:56:27.725-0800][76991357ms] GC(23912)   Other: 0.3ms
[2023-11-10T11:56:27.725-0800][76991357ms] GC(23912) Eden regions: 175->0(175)
[2023-11-10T11:56:27.725-0800][76991357ms] GC(23912) Survivor regions: 1->1(22)
[2023-11-10T11:56:27.725-0800][76991357ms] GC(23912) Old regions: 1438->1438
[2023-11-10T11:56:27.725-0800][76991357ms] GC(23912) Humongous regions: 5->5
[2023-11-10T11:56:27.725-0800][76991357ms] GC(23912) Metaspace: 304986K->304986K(1349632K)
[2023-11-10T11:56:27.725-0800][76991357ms] GC(23912) Pause Young (Normal) (G1 Evacuation Pause) 3235M->2885M(3602M) 5.551ms
[2023-11-10T11:56:27.725-0800][76991357ms] GC(23912) User=0.00s Sys=0.00s Real=0.00s
[2023-11-10T11:56:28.127-0800][76991759ms] GC(23913) Pause Young (Normal) (G1 Evacuation Pause)
[2023-11-10T11:56:28.127-0800][76991759ms] GC(23913) Using 10 workers of 10 for evacuation
[2023-11-10T11:56:28.133-0800][76991765ms] GC(23913)   Pre Evacuate Collection Set: 0.0ms
[2023-11-10T11:56:28.133-0800][76991765ms] GC(23913)   Evacuate Collection Set: 1.7ms
[2023-11-10T11:56:28.133-0800][76991765ms] GC(23913)   Post Evacuate Collection Set: 3.0ms
[2023-11-10T11:56:28.133-0800][76991765ms] GC(23913)   Other: 0.2ms
[2023-11-10T11:56:28.133-0800][76991765ms] GC(23913) Eden regions: 175->0(175)
[2023-11-10T11:56:28.133-0800][76991765ms] GC(23913) Survivor regions: 1->1(22)
[2023-11-10T11:56:28.133-0800][76991765ms] GC(23913) Old regions: 1438->1438
[2023-11-10T11:56:28.133-0800][76991765ms] GC(23913) Humongous regions: 5->5
[2023-11-10T11:56:28.133-0800][76991765ms] GC(23913) Metaspace: 304986K->304986K(1349632K)
[2023-11-10T11:56:28.133-0800][76991765ms] GC(23913) Pause Young (Normal) (G1 Evacuation Pause) 3235M->2885M(3602M) 5.096ms
[2023-11-10T11:56:28.133-0800][76991765ms] GC(23913) User=0.00s Sys=0.00s Real=0.01s
[2023-11-10T11:56:28.596-0800][76992228ms] GC(23914) Pause Young (Normal) (G1 Evacuation Pause)
[2023-11-10T11:56:28.596-0800][76992228ms] GC(23914) Using 10 workers of 10 for evacuation
[2023-11-10T11:56:28.601-0800][76992233ms] GC(23914)   Pre Evacuate Collection Set: 0.0ms
[2023-11-10T11:56:28.601-0800][76992233ms] GC(23914)   Evacuate Collection Set: 1.6ms
[2023-11-10T11:56:28.601-0800][76992233ms] GC(23914)   Post Evacuate Collection Set: 3.2ms
[2023-11-10T11:56:28.601-0800][76992233ms] GC(23914)   Other: 0.2ms
[2023-11-10T11:56:28.601-0800][76992233ms] GC(23914) Eden regions: 175->0(175)
[2023-11-10T11:56:28.601-0800][76992233ms] GC(23914) Survivor regions: 1->1(22)
[2023-11-10T11:56:28.601-0800][76992233ms] GC(23914) Old regions: 1438->1438
[2023-11-10T11:56:28.601-0800][76992233ms] GC(23914) Humongous regions: 5->5
[2023-11-10T11:56:28.601-0800][76992233ms] GC(23914) Metaspace: 304986K->304986K(1349632K)
[2023-11-10T11:56:28.601-0800][76992233ms] GC(23914) Pause Young (Normal) (G1 Evacuation Pause) 3235M->2885M(3602M) 5.180ms
[2023-11-10T11:56:28.601-0800][76992233ms] GC(23914) User=0.00s Sys=0.00s Real=0.01s
[2023-11-10T11:56:29.020-0800][76992652ms] GC(23915) Pause Young (Normal) (G1 Evacuation Pause)
[2023-11-10T11:56:29.020-0800][76992652ms] GC(23915) Using 10 workers of 10 for evacuation
[2023-11-10T11:56:29.025-0800][76992658ms] GC(23915)   Pre Evacuate Collection Set: 0.0ms
[2023-11-10T11:56:29.026-0800][76992658ms] GC(23915)   Evacuate Collection Set: 1.8ms
[2023-11-10T11:56:29.026-0800][76992658ms] GC(23915)   Post Evacuate Collection Set: 3.2ms
[2023-11-10T11:56:29.026-0800][76992658ms] GC(23915)   Other: 0.3ms
[2023-11-10T11:56:29.026-0800][76992658ms] GC(23915) Eden regions: 175->0(175)
[2023-11-10T11:56:29.026-0800][76992658ms] GC(23915) Survivor regions: 1->1(22)
[2023-11-10T11:56:29.026-0800][76992658ms] GC(23915) Old regions: 1438->1438
[2023-11-10T11:56:29.026-0800][76992658ms] GC(23915) Humongous regions: 5->5
[2023-11-10T11:56:29.026-0800][76992658ms] GC(23915) Metaspace: 304986K->304986K(1349632K)
[2023-11-10T11:56:29.026-0800][76992658ms] GC(23915) Pause Young (Normal) (G1 Evacuation Pause) 3235M->2885M(3602M) 5.362ms
[2023-11-10T11:56:29.026-0800][76992658ms] GC(23915) User=0.00s Sys=0.00s Real=0.01s
[2023-11-10T11:56:29.410-0800][76993042ms] GC(23916) Pause Young (Normal) (G1 Evacuation Pause)
[2023-11-10T11:56:29.410-0800][76993042ms] GC(23916) Using 10 workers of 10 for evacuation
[2023-11-10T11:56:29.415-0800][76993047ms] GC(23916)   Pre Evacuate Collection Set: 0.0ms
[2023-11-10T11:56:29.415-0800][76993047ms] GC(23916)   Evacuate Collection Set: 2.0ms
[2023-11-10T11:56:29.415-0800][76993047ms] GC(23916)   Post Evacuate Collection Set: 3.0ms
[2023-11-10T11:56:29.415-0800][76993047ms] GC(23916)   Other: 0.3ms
[2023-11-10T11:56:29.415-0800][76993047ms] GC(23916) Eden regions: 175->0(175)
[2023-11-10T11:56:29.415-0800][76993047ms] GC(23916) Survivor regions: 1->1(22)
[2023-11-10T11:56:29.415-0800][76993047ms] GC(23916) Old regions: 1438->1438
[2023-11-10T11:56:29.415-0800][76993047ms] GC(23916) Humongous regions: 5->5
[2023-11-10T11:56:29.415-0800][76993047ms] GC(23916) Metaspace: 304986K->304986K(1349632K)
[2023-11-10T11:56:29.415-0800][76993047ms] GC(23916) Pause Young (Normal) (G1 Evacuation Pause) 3235M->2885M(3602M) 5.443ms
[2023-11-10T11:56:29.415-0800][76993047ms] GC(23916) User=0.00s Sys=0.00s Real=0.00s
[2023-11-10T11:56:29.826-0800][76993459ms] GC(23917) Pause Young (Normal) (G1 Evacuation Pause)
[2023-11-10T11:56:29.827-0800][76993459ms] GC(23917) Using 10 workers of 10 for evacuation
[2023-11-10T11:56:29.833-0800][76993465ms] GC(23917)   Pre Evacuate Collection Set: 0.1ms
[2023-11-10T11:56:29.833-0800][76993465ms] GC(23917)   Evacuate Collection Set: 2.2ms
[2023-11-10T11:56:29.833-0800][76993465ms] GC(23917)   Post Evacuate Collection Set: 3.2ms
[2023-11-10T11:56:29.833-0800][76993465ms] GC(23917)   Other: 0.4ms
[2023-11-10T11:56:29.833-0800][76993465ms] GC(23917) Eden regions: 175->0(175)
[2023-11-10T11:56:29.833-0800][76993465ms] GC(23917) Survivor regions: 1->1(22)
[2023-11-10T11:56:29.833-0800][76993465ms] GC(23917) Old regions: 1438->1438
[2023-11-10T11:56:29.833-0800][76993465ms] GC(23917) Humongous regions: 5->5
[2023-11-10T11:56:29.833-0800][76993465ms] GC(23917) Metaspace: 304986K->304986K(1349632K)
[2023-11-10T11:56:29.833-0800][76993465ms] GC(23917) Pause Young (Normal) (G1 Evacuation Pause) 3235M->2885M(3602M) 5.845ms
[2023-11-10T11:56:29.833-0800][76993465ms] GC(23917) User=0.00s Sys=0.00s Real=0.01s
[2023-11-10T11:56:30.273-0800][76993905ms] GC(23918) Pause Young (Normal) (G1 Evacuation Pause)
[2023-11-10T11:56:30.273-0800][76993905ms] GC(23918) Using 10 workers of 10 for evacuation
[2023-11-10T11:56:30.278-0800][76993910ms] GC(23918)   Pre Evacuate Collection Set: 0.0ms
[2023-11-10T11:56:30.278-0800][76993910ms] GC(23918)   Evacuate Collection Set: 1.6ms
[2023-11-10T11:56:30.278-0800][76993910ms] GC(23918)   Post Evacuate Collection Set: 3.0ms
[2023-11-10T11:56:30.278-0800][76993910ms] GC(23918)   Other: 0.3ms
[2023-11-10T11:56:30.278-0800][76993910ms] GC(23918) Eden regions: 175->0(175)
[2023-11-10T11:56:30.278-0800][76993910ms] GC(23918) Survivor regions: 1->1(22)
[2023-11-10T11:56:30.278-0800][76993910ms] GC(23918) Old regions: 1438->1438
[2023-11-10T11:56:30.278-0800][76993910ms] GC(23918) Humongous regions: 5->5
[2023-11-10T11:56:30.278-0800][76993910ms] GC(23918) Metaspace: 304986K->304986K(1349632K)
[2023-11-10T11:56:30.278-0800][76993910ms] GC(23918) Pause Young (Normal) (G1 Evacuation Pause) 3235M->2885M(3602M) 5.022ms
[2023-11-10T11:56:30.278-0800][76993910ms] GC(23918) User=0.00s Sys=0.00s Real=0.01s
[2023-11-10T11:56:30.639-0800][76994271ms] GC(23919) Pause Young (Normal) (G1 Evacuation Pause)
[2023-11-10T11:56:30.639-0800][76994271ms] GC(23919) Using 10 workers of 10 for evacuation
[2023-11-10T11:56:30.644-0800][76994276ms] GC(23919)   Pre Evacuate Collection Set: 0.0ms
[2023-11-10T11:56:30.644-0800][76994276ms] GC(23919)   Evacuate Collection Set: 1.8ms
[2023-11-10T11:56:30.644-0800][76994276ms] GC(23919)   Post Evacuate Collection Set: 2.9ms
[2023-11-10T11:56:30.644-0800][76994276ms] GC(23919)   Other: 0.3ms
[2023-11-10T11:56:30.644-0800][76994276ms] GC(23919) Eden regions: 175->0(175)
[2023-11-10T11:56:30.644-0800][76994276ms] GC(23919) Survivor regions: 1->1(22)
[2023-11-10T11:56:30.645-0800][76994277ms] GC(23919) Old regions: 1438->1438
[2023-11-10T11:56:30.645-0800][76994277ms] GC(23919) Humongous regions: 5->5
[2023-11-10T11:56:30.645-0800][76994277ms] GC(23919) Metaspace: 304986K->304986K(1349632K)
[2023-11-10T11:56:30.645-0800][76994277ms] GC(23919) Pause Young (Normal) (G1 Evacuation Pause) 3235M->2885M(3602M) 5.011ms
[2023-11-10T11:56:30.645-0800][76994277ms] GC(23919) User=0.00s Sys=0.00s Real=0.01s
[2023-11-10T11:56:31.105-0800][76994737ms] GC(23920) Pause Young (Normal) (G1 Evacuation Pause)
[2023-11-10T11:56:31.105-0800][76994737ms] GC(23920) Using 10 workers of 10 for evacuation
[2023-11-10T11:56:31.111-0800][76994743ms] GC(23920)   Pre Evacuate Collection Set: 0.0ms
[2023-11-10T11:56:31.111-0800][76994743ms] GC(23920)   Evacuate Collection Set: 1.7ms
[2023-11-10T11:56:31.111-0800][76994743ms] GC(23920)   Post Evacuate Collection Set: 3.2ms
[2023-11-10T11:56:31.111-0800][76994743ms] GC(23920)   Other: 0.3ms
[2023-11-10T11:56:31.111-0800][76994743ms] GC(23920) Eden regions: 175->0(175)
[2023-11-10T11:56:31.111-0800][76994743ms] GC(23920) Survivor regions: 1->1(22)
[2023-11-10T11:56:31.111-0800][76994743ms] GC(23920) Old regions: 1438->1438
[2023-11-10T11:56:31.111-0800][76994743ms] GC(23920) Humongous regions: 5->5
[2023-11-10T11:56:31.111-0800][76994743ms] GC(23920) Metaspace: 304986K->304986K(1349632K)
[2023-11-10T11:56:31.111-0800][76994743ms] GC(23920) Pause Young (Normal) (G1 Evacuation Pause) 3235M->2885M(3602M) 5.284ms
[2023-11-10T11:56:31.111-0800][76994743ms] GC(23920) User=0.00s Sys=0.00s Real=0.01s
[2023-11-10T11:56:31.503-0800][76995135ms] GC(23921) Pause Young (Normal) (G1 Evacuation Pause)
[2023-11-10T11:56:31.503-0800][76995135ms] GC(23921) Using 10 workers of 10 for evacuation
[2023-11-10T11:56:31.508-0800][76995140ms] GC(23921)   Pre Evacuate Collection Set: 0.0ms
[2023-11-10T11:56:31.508-0800][76995140ms] GC(23921)   Evacuate Collection Set: 1.7ms
[2023-11-10T11:56:31.508-0800][76995140ms] GC(23921)   Post Evacuate Collection Set: 3.1ms
[2023-11-10T11:56:31.508-0800][76995140ms] GC(23921)   Other: 0.3ms
[2023-11-10T11:56:31.508-0800][76995140ms] GC(23921) Eden regions: 175->0(175)
[2023-11-10T11:56:31.508-0800][76995140ms] GC(23921) Survivor regions: 1->1(22)
[2023-11-10T11:56:31.508-0800][76995140ms] GC(23921) Old regions: 1438->1438
[2023-11-10T11:56:31.508-0800][76995140ms] GC(23921) Humongous regions: 5->5
[2023-11-10T11:56:31.508-0800][76995140ms] GC(23921) Metaspace: 304986K->304986K(1349632K)
[2023-11-10T11:56:31.508-0800][76995140ms] GC(23921) Pause Young (Normal) (G1 Evacuation Pause) 3235M->2885M(3602M) 5.143ms
[2023-11-10T11:56:31.508-0800][76995140ms] GC(23921) User=0.00s Sys=0.00s Real=0.00s
[2023-11-10T11:56:31.920-0800][76995552ms] GC(23922) Pause Young (Normal) (G1 Evacuation Pause)
[2023-11-10T11:56:31.920-0800][76995552ms] GC(23922) Using 10 workers of 10 for evacuation
[2023-11-10T11:56:31.926-0800][76995558ms] GC(23922)   Pre Evacuate Collection Set: 0.1ms
[2023-11-10T11:56:31.926-0800][76995558ms] GC(23922)   Evacuate Collection Set: 2.4ms
[2023-11-10T11:56:31.926-0800][76995558ms] GC(23922)   Post Evacuate Collection Set: 3.4ms
[2023-11-10T11:56:31.926-0800][76995558ms] GC(23922)   Other: 0.4ms
[2023-11-10T11:56:31.926-0800][76995558ms] GC(23922) Eden regions: 175->0(175)
[2023-11-10T11:56:31.926-0800][76995558ms] GC(23922) Survivor regions: 1->1(22)
[2023-11-10T11:56:31.926-0800][76995558ms] GC(23922) Old regions: 1438->1438
[2023-11-10T11:56:31.926-0800][76995558ms] GC(23922) Humongous regions: 5->5
[2023-11-10T11:56:31.926-0800][76995558ms] GC(23922) Metaspace: 304986K->304986K(1349632K)
[2023-11-10T11:56:31.926-0800][76995558ms] GC(23922) Pause Young (Normal) (G1 Evacuation Pause) 3235M->2885M(3602M) 6.315ms
[2023-11-10T11:56:31.926-0800][76995558ms] GC(23922) User=0.00s Sys=0.00s Real=0.01s
[2023-11-10T11:56:32.301-0800][76995933ms] GC(23923) Pause Young (Normal) (G1 Evacuation Pause)
[2023-11-10T11:56:32.301-0800][76995933ms] GC(23923) Using 10 workers of 10 for evacuation
[2023-11-10T11:56:32.308-0800][76995940ms] GC(23923)   Pre Evacuate Collection Set: 0.1ms
[2023-11-10T11:56:32.308-0800][76995940ms] GC(23923)   Evacuate Collection Set: 2.5ms
[2023-11-10T11:56:32.308-0800][76995940ms] GC(23923)   Post Evacuate Collection Set: 3.6ms
[2023-11-10T11:56:32.308-0800][76995940ms] GC(23923)   Other: 0.3ms
[2023-11-10T11:56:32.308-0800][76995940ms] GC(23923) Eden regions: 175->0(175)
[2023-11-10T11:56:32.308-0800][76995940ms] GC(23923) Survivor regions: 1->1(22)
[2023-11-10T11:56:32.309-0800][76995941ms] GC(23923) Old regions: 1438->1438
[2023-11-10T11:56:32.309-0800][76995941ms] GC(23923) Humongous regions: 5->5
[2023-11-10T11:56:32.309-0800][76995941ms] GC(23923) Metaspace: 304986K->304986K(1349632K)
[2023-11-10T11:56:32.309-0800][76995941ms] GC(23923) Pause Young (Normal) (G1 Evacuation Pause) 3235M->2885M(3602M) 6.590ms
[2023-11-10T11:56:32.309-0800][76995941ms] GC(23923) User=0.05s Sys=0.00s Real=0.01s
[2023-11-10T11:56:32.774-0800][76996406ms] GC(23924) Pause Young (Normal) (G1 Evacuation Pause)
[2023-11-10T11:56:32.774-0800][76996406ms] GC(23924) Using 10 workers of 10 for evacuation
[2023-11-10T11:56:32.779-0800][76996411ms] GC(23924)   Pre Evacuate Collection Set: 0.0ms
[2023-11-10T11:56:32.779-0800][76996411ms] GC(23924)   Evacuate Collection Set: 1.9ms
[2023-11-10T11:56:32.779-0800][76996411ms] GC(23924)   Post Evacuate Collection Set: 3.4ms
[2023-11-10T11:56:32.779-0800][76996411ms] GC(23924)   Other: 0.3ms
[2023-11-10T11:56:32.779-0800][76996411ms] GC(23924) Eden regions: 175->0(175)
[2023-11-10T11:56:32.779-0800][76996411ms] GC(23924) Survivor regions: 1->1(22)
[2023-11-10T11:56:32.779-0800][76996411ms] GC(23924) Old regions: 1438->1438
[2023-11-10T11:56:32.779-0800][76996411ms] GC(23924) Humongous regions: 5->5
[2023-11-10T11:56:32.779-0800][76996411ms] GC(23924) Metaspace: 304986K->304986K(1349632K)
[2023-11-10T11:56:32.779-0800][76996411ms] GC(23924) Pause Young (Normal) (G1 Evacuation Pause) 3235M->2885M(3602M) 5.734ms
[2023-11-10T11:56:32.779-0800][76996411ms] GC(23924) User=0.00s Sys=0.00s Real=0.01s
[2023-11-10T11:56:33.241-0800][76996873ms] GC(23925) Pause Young (Normal) (G1 Evacuation Pause)
[2023-11-10T11:56:33.241-0800][76996873ms] GC(23925) Using 10 workers of 10 for evacuation
[2023-11-10T11:56:33.247-0800][76996879ms] GC(23925)   Pre Evacuate Collection Set: 0.0ms
[2023-11-10T11:56:33.247-0800][76996879ms] GC(23925)   Evacuate Collection Set: 2.0ms
[2023-11-10T11:56:33.247-0800][76996879ms] GC(23925)   Post Evacuate Collection Set: 3.6ms
[2023-11-10T11:56:33.247-0800][76996879ms] GC(23925)   Other: 0.3ms
[2023-11-10T11:56:33.247-0800][76996879ms] GC(23925) Eden regions: 175->0(175)
[2023-11-10T11:56:33.247-0800][76996879ms] GC(23925) Survivor regions: 1->1(22)
[2023-11-10T11:56:33.247-0800][76996879ms] GC(23925) Old regions: 1438->1438
[2023-11-10T11:56:33.247-0800][76996879ms] GC(23925) Humongous regions: 5->5
[2023-11-10T11:56:33.247-0800][76996879ms] GC(23925) Metaspace: 304986K->304986K(1349632K)
[2023-11-10T11:56:33.247-0800][76996879ms] GC(23925) Pause Young (Normal) (G1 Evacuation Pause) 3235M->2885M(3602M) 6.046ms
[2023-11-10T11:56:33.247-0800][76996879ms] GC(23925) User=0.06s Sys=0.00s Real=0.01s
[2023-11-10T11:56:33.686-0800][76997318ms] GC(23926) Pause Young (Normal) (G1 Evacuation Pause)
[2023-11-10T11:56:33.686-0800][76997318ms] GC(23926) Using 10 workers of 10 for evacuation
[2023-11-10T11:56:33.692-0800][76997324ms] GC(23926)   Pre Evacuate Collection Set: 0.0ms
[2023-11-10T11:56:33.692-0800][76997324ms] GC(23926)   Evacuate Collection Set: 2.0ms
[2023-11-10T11:56:33.692-0800][76997324ms] GC(23926)   Post Evacuate Collection Set: 3.4ms
[2023-11-10T11:56:33.692-0800][76997324ms] GC(23926)   Other: 0.3ms
[2023-11-10T11:56:33.692-0800][76997324ms] GC(23926) Eden regions: 175->0(175)
[2023-11-10T11:56:33.692-0800][76997324ms] GC(23926) Survivor regions: 1->1(22)
[2023-11-10T11:56:33.692-0800][76997324ms] GC(23926) Old regions: 1438->1438
[2023-11-10T11:56:33.692-0800][76997324ms] GC(23926) Humongous regions: 5->5
[2023-11-10T11:56:33.692-0800][76997324ms] GC(23926) Metaspace: 304986K->304986K(1349632K)
[2023-11-10T11:56:33.692-0800][76997324ms] GC(23926) Pause Young (Normal) (G1 Evacuation Pause) 3235M->2885M(3602M) 5.890ms
[2023-11-10T11:56:33.692-0800][76997324ms] GC(23926) User=0.00s Sys=0.00s Real=0.01s
[2023-11-10T11:56:34.120-0800][76997752ms] GC(23927) Pause Young (Normal) (G1 Evacuation Pause)
[2023-11-10T11:56:34.120-0800][76997752ms] GC(23927) Using 10 workers of 10 for evacuation
[2023-11-10T11:56:34.126-0800][76997758ms] GC(23927)   Pre Evacuate Collection Set: 0.1ms
[2023-11-10T11:56:34.126-0800][76997758ms] GC(23927)   Evacuate Collection Set: 1.8ms
[2023-11-10T11:56:34.126-0800][76997758ms] GC(23927)   Post Evacuate Collection Set: 3.7ms
[2023-11-10T11:56:34.126-0800][76997758ms] GC(23927)   Other: 0.4ms
[2023-11-10T11:56:34.126-0800][76997758ms] GC(23927) Eden regions: 175->0(175)
[2023-11-10T11:56:34.126-0800][76997758ms] GC(23927) Survivor regions: 1->1(22)
[2023-11-10T11:56:34.126-0800][76997758ms] GC(23927) Old regions: 1438->1438
[2023-11-10T11:56:34.126-0800][76997758ms] GC(23927) Humongous regions: 5->5
[2023-11-10T11:56:34.126-0800][76997758ms] GC(23927) Metaspace: 304986K->304986K(1349632K)
[2023-11-10T11:56:34.126-0800][76997758ms] GC(23927) Pause Young (Normal) (G1 Evacuation Pause) 3235M->2885M(3602M) 6.040ms
[2023-11-10T11:56:34.126-0800][76997758ms] GC(23927) User=0.00s Sys=0.00s Real=0.01s
[2023-11-10T11:56:34.508-0800][76998140ms] GC(23928) Pause Young (Normal) (G1 Evacuation Pause)
[2023-11-10T11:56:34.508-0800][76998140ms] GC(23928) Using 10 workers of 10 for evacuation
[2023-11-10T11:56:34.513-0800][76998145ms] GC(23928)   Pre Evacuate Collection Set: 0.0ms
[2023-11-10T11:56:34.513-0800][76998145ms] GC(23928)   Evacuate Collection Set: 1.6ms
[2023-11-10T11:56:34.513-0800][76998145ms] GC(23928)   Post Evacuate Collection Set: 3.3ms
[2023-11-10T11:56:34.513-0800][76998145ms] GC(23928)   Other: 0.3ms
[2023-11-10T11:56:34.513-0800][76998145ms] GC(23928) Eden regions: 175->0(175)
[2023-11-10T11:56:34.514-0800][76998146ms] GC(23928) Survivor regions: 1->1(22)
[2023-11-10T11:56:34.514-0800][76998146ms] GC(23928) Old regions: 1438->1438
[2023-11-10T11:56:34.514-0800][76998146ms] GC(23928) Humongous regions: 5->5
[2023-11-10T11:56:34.514-0800][76998146ms] GC(23928) Metaspace: 304986K->304986K(1349632K)
[2023-11-10T11:56:34.514-0800][76998146ms] GC(23928) Pause Young (Normal) (G1 Evacuation Pause) 3235M->2885M(3602M) 5.327ms
[2023-11-10T11:56:34.514-0800][76998146ms] GC(23928) User=0.00s Sys=0.00s Real=0.01s
[2023-11-10T11:56:35.009-0800][76998641ms] GC(23929) Pause Young (Normal) (G1 Evacuation Pause)
[2023-11-10T11:56:35.009-0800][76998641ms] GC(23929) Using 10 workers of 10 for evacuation
[2023-11-10T11:56:35.016-0800][76998648ms] GC(23929)   Pre Evacuate Collection Set: 0.1ms
[2023-11-10T11:56:35.016-0800][76998648ms] GC(23929)   Evacuate Collection Set: 2.3ms
[2023-11-10T11:56:35.016-0800][76998648ms] GC(23929)   Post Evacuate Collection Set: 4.8ms
[2023-11-10T11:56:35.016-0800][76998648ms] GC(23929)   Other: 0.3ms
[2023-11-10T11:56:35.016-0800][76998648ms] GC(23929) Eden regions: 175->0(175)
[2023-11-10T11:56:35.016-0800][76998648ms] GC(23929) Survivor regions: 1->1(22)
[2023-11-10T11:56:35.016-0800][76998648ms] GC(23929) Old regions: 1438->1438
[2023-11-10T11:56:35.016-0800][76998648ms] GC(23929) Humongous regions: 5->5
[2023-11-10T11:56:35.016-0800][76998648ms] GC(23929) Metaspace: 304986K->304986K(1349632K)
[2023-11-10T11:56:35.016-0800][76998648ms] GC(23929) Pause Young (Normal) (G1 Evacuation Pause) 3235M->2885M(3602M) 7.566ms
[2023-11-10T11:56:35.016-0800][76998648ms] GC(23929) User=0.00s Sys=0.00s Real=0.01s
[2023-11-10T11:56:35.515-0800][76999147ms] GC(23930) Pause Young (Normal) (G1 Evacuation Pause)
[2023-11-10T11:56:35.515-0800][76999147ms] GC(23930) Using 10 workers of 10 for evacuation
[2023-11-10T11:56:35.522-0800][76999154ms] GC(23930)   Pre Evacuate Collection Set: 0.1ms
[2023-11-10T11:56:35.522-0800][76999154ms] GC(23930)   Evacuate Collection Set: 2.2ms
[2023-11-10T11:56:35.522-0800][76999154ms] GC(23930)   Post Evacuate Collection Set: 3.1ms
[2023-11-10T11:56:35.522-0800][76999154ms] GC(23930)   Other: 0.3ms
[2023-11-10T11:56:35.522-0800][76999154ms] GC(23930) Eden regions: 175->0(175)
[2023-11-10T11:56:35.522-0800][76999154ms] GC(23930) Survivor regions: 1->1(22)
[2023-11-10T11:56:35.522-0800][76999154ms] GC(23930) Old regions: 1438->1438
[2023-11-10T11:56:35.522-0800][76999154ms] GC(23930) Humongous regions: 5->5
[2023-11-10T11:56:35.522-0800][76999154ms] GC(23930) Metaspace: 304986K->304986K(1349632K)
[2023-11-10T11:56:35.522-0800][76999154ms] GC(23930) Pause Young (Normal) (G1 Evacuation Pause) 3235M->2885M(3602M) 5.727ms
[2023-11-10T11:56:35.522-0800][76999154ms] GC(23930) User=0.00s Sys=0.00s Real=0.01s
[2023-11-10T11:56:36.011-0800][76999643ms] GC(23931) Pause Young (Normal) (G1 Evacuation Pause)
[2023-11-10T11:56:36.011-0800][76999643ms] GC(23931) Using 10 workers of 10 for evacuation
[2023-11-10T11:56:36.019-0800][76999651ms] GC(23931)   Pre Evacuate Collection Set: 0.1ms
[2023-11-10T11:56:36.019-0800][76999651ms] GC(23931)   Evacuate Collection Set: 2.8ms
[2023-11-10T11:56:36.019-0800][76999651ms] GC(23931)   Post Evacuate Collection Set: 4.0ms
[2023-11-10T11:56:36.019-0800][76999651ms] GC(23931)   Other: 0.4ms
[2023-11-10T11:56:36.019-0800][76999651ms] GC(23931) Eden regions: 175->0(175)
[2023-11-10T11:56:36.019-0800][76999651ms] GC(23931) Survivor regions: 1->1(22)
[2023-11-10T11:56:36.019-0800][76999651ms] GC(23931) Old regions: 1438->1438
[2023-11-10T11:56:36.019-0800][76999651ms] GC(23931) Humongous regions: 5->5
[2023-11-10T11:56:36.019-0800][76999651ms] GC(23931) Metaspace: 304986K->304986K(1349632K)
[2023-11-10T11:56:36.019-0800][76999651ms] GC(23931) Pause Young (Normal) (G1 Evacuation Pause) 3235M->2885M(3602M) 7.397ms
[2023-11-10T11:56:36.019-0800][76999651ms] GC(23931) User=0.00s Sys=0.00s Real=0.01s
[2023-11-10T11:56:36.467-0800][77000099ms] GC(23932) Pause Young (Normal) (G1 Evacuation Pause)
[2023-11-10T11:56:36.467-0800][77000099ms] GC(23932) Using 10 workers of 10 for evacuation
[2023-11-10T11:56:36.473-0800][77000105ms] GC(23932)   Pre Evacuate Collection Set: 0.1ms
[2023-11-10T11:56:36.473-0800][77000105ms] GC(23932)   Evacuate Collection Set: 2.7ms
[2023-11-10T11:56:36.473-0800][77000105ms] GC(23932)   Post Evacuate Collection Set: 3.4ms
[2023-11-10T11:56:36.473-0800][77000105ms] GC(23932)   Other: 0.3ms
[2023-11-10T11:56:36.473-0800][77000105ms] GC(23932) Eden regions: 175->0(175)
[2023-11-10T11:56:36.473-0800][77000105ms] GC(23932) Survivor regions: 1->1(22)
[2023-11-10T11:56:36.473-0800][77000105ms] GC(23932) Old regions: 1438->1438
[2023-11-10T11:56:36.473-0800][77000105ms] GC(23932) Humongous regions: 5->5
[2023-11-10T11:56:36.473-0800][77000105ms] GC(23932) Metaspace: 304986K->304986K(1349632K)
[2023-11-10T11:56:36.473-0800][77000105ms] GC(23932) Pause Young (Normal) (G1 Evacuation Pause) 3235M->2885M(3602M) 6.546ms
[2023-11-10T11:56:36.473-0800][77000105ms] GC(23932) User=0.00s Sys=0.00s Real=0.01s
[2023-11-10T11:56:36.904-0800][77000536ms] GC(23933) Pause Young (Normal) (G1 Evacuation Pause)
[2023-11-10T11:56:36.904-0800][77000536ms] GC(23933) Using 10 workers of 10 for evacuation
[2023-11-10T11:56:36.909-0800][77000541ms] GC(23933)   Pre Evacuate Collection Set: 0.0ms
[2023-11-10T11:56:36.909-0800][77000541ms] GC(23933)   Evacuate Collection Set: 1.7ms
[2023-11-10T11:56:36.909-0800][77000541ms] GC(23933)   Post Evacuate Collection Set: 3.6ms
[2023-11-10T11:56:36.910-0800][77000542ms] GC(23933)   Other: 0.2ms
[2023-11-10T11:56:36.910-0800][77000542ms] GC(23933) Eden regions: 175->0(175)
[2023-11-10T11:56:36.910-0800][77000542ms] GC(23933) Survivor regions: 1->1(22)
[2023-11-10T11:56:36.910-0800][77000542ms] GC(23933) Old regions: 1438->1438
[2023-11-10T11:56:36.910-0800][77000542ms] GC(23933) Humongous regions: 5->5
[2023-11-10T11:56:36.910-0800][77000542ms] GC(23933) Metaspace: 304986K->304986K(1349632K)
[2023-11-10T11:56:36.910-0800][77000542ms] GC(23933) Pause Young (Normal) (G1 Evacuation Pause) 3235M->2885M(3602M) 5.663ms
[2023-11-10T11:56:36.910-0800][77000542ms] GC(23933) User=0.00s Sys=0.00s Real=0.01s
[2023-11-10T11:56:37.301-0800][77000933ms] GC(23934) Pause Young (Normal) (G1 Evacuation Pause)
[2023-11-10T11:56:37.301-0800][77000933ms] GC(23934) Using 10 workers of 10 for evacuation
[2023-11-10T11:56:37.306-0800][77000938ms] GC(23934)   Pre Evacuate Collection Set: 0.0ms
[2023-11-10T11:56:37.306-0800][77000938ms] GC(23934)   Evacuate Collection Set: 1.7ms
[2023-11-10T11:56:37.306-0800][77000938ms] GC(23934)   Post Evacuate Collection Set: 3.1ms
[2023-11-10T11:56:37.306-0800][77000938ms] GC(23934)   Other: 0.3ms
[2023-11-10T11:56:37.306-0800][77000938ms] GC(23934) Eden regions: 175->0(175)
[2023-11-10T11:56:37.306-0800][77000938ms] GC(23934) Survivor regions: 1->1(22)
[2023-11-10T11:56:37.306-0800][77000938ms] GC(23934) Old regions: 1438->1438
[2023-11-10T11:56:37.306-0800][77000938ms] GC(23934) Humongous regions: 5->5
[2023-11-10T11:56:37.306-0800][77000938ms] GC(23934) Metaspace: 304986K->304986K(1349632K)
[2023-11-10T11:56:37.306-0800][77000938ms] GC(23934) Pause Young (Normal) (G1 Evacuation Pause) 3235M->2885M(3602M) 5.155ms
[2023-11-10T11:56:37.306-0800][77000938ms] GC(23934) User=0.02s Sys=0.00s Real=0.00s
[2023-11-10T11:56:37.659-0800][77001291ms] GC(23935) Pause Young (Normal) (G1 Evacuation Pause)
[2023-11-10T11:56:37.659-0800][77001291ms] GC(23935) Using 10 workers of 10 for evacuation
[2023-11-10T11:56:37.665-0800][77001297ms] GC(23935)   Pre Evacuate Collection Set: 0.1ms
[2023-11-10T11:56:37.665-0800][77001297ms] GC(23935)   Evacuate Collection Set: 1.8ms
[2023-11-10T11:56:37.665-0800][77001297ms] GC(23935)   Post Evacuate Collection Set: 3.2ms
[2023-11-10T11:56:37.665-0800][77001297ms] GC(23935)   Other: 0.3ms
[2023-11-10T11:56:37.665-0800][77001297ms] GC(23935) Eden regions: 175->0(175)
[2023-11-10T11:56:37.665-0800][77001297ms] GC(23935) Survivor regions: 1->1(22)
[2023-11-10T11:56:37.665-0800][77001297ms] GC(23935) Old regions: 1438->1438
[2023-11-10T11:56:37.665-0800][77001297ms] GC(23935) Humongous regions: 5->5
[2023-11-10T11:56:37.665-0800][77001297ms] GC(23935) Metaspace: 304986K->304986K(1349632K)
[2023-11-10T11:56:37.665-0800][77001297ms] GC(23935) Pause Young (Normal) (G1 Evacuation Pause) 3235M->2885M(3602M) 5.468ms
[2023-11-10T11:56:37.665-0800][77001297ms] GC(23935) User=0.02s Sys=0.00s Real=0.01s
[2023-11-10T11:56:38.070-0800][77001702ms] GC(23936) Pause Young (Normal) (G1 Evacuation Pause)
[2023-11-10T11:56:38.070-0800][77001702ms] GC(23936) Using 10 workers of 10 for evacuation
[2023-11-10T11:56:38.075-0800][77001707ms] GC(23936)   Pre Evacuate Collection Set: 0.0ms
[2023-11-10T11:56:38.075-0800][77001707ms] GC(23936)   Evacuate Collection Set: 1.7ms
[2023-11-10T11:56:38.075-0800][77001707ms] GC(23936)   Post Evacuate Collection Set: 3.5ms
[2023-11-10T11:56:38.075-0800][77001707ms] GC(23936)   Other: 0.3ms
[2023-11-10T11:56:38.075-0800][77001707ms] GC(23936) Eden regions: 175->0(175)
[2023-11-10T11:56:38.075-0800][77001707ms] GC(23936) Survivor regions: 1->1(22)
[2023-11-10T11:56:38.075-0800][77001707ms] GC(23936) Old regions: 1438->1438
[2023-11-10T11:56:38.075-0800][77001707ms] GC(23936) Humongous regions: 5->5
[2023-11-10T11:56:38.075-0800][77001707ms] GC(23936) Metaspace: 304986K->304986K(1349632K)
[2023-11-10T11:56:38.075-0800][77001707ms] GC(23936) Pause Young (Normal) (G1 Evacuation Pause) 3235M->2885M(3602M) 5.694ms
[2023-11-10T11:56:38.076-0800][77001708ms] GC(23936) User=0.00s Sys=0.00s Real=0.01s
[2023-11-10T11:56:38.516-0800][77002148ms] GC(23937) Pause Young (Normal) (G1 Evacuation Pause)
[2023-11-10T11:56:38.516-0800][77002148ms] GC(23937) Using 10 workers of 10 for evacuation
[2023-11-10T11:56:38.522-0800][77002154ms] GC(23937)   Pre Evacuate Collection Set: 0.0ms
[2023-11-10T11:56:38.522-0800][77002154ms] GC(23937)   Evacuate Collection Set: 1.9ms
[2023-11-10T11:56:38.522-0800][77002154ms] GC(23937)   Post Evacuate Collection Set: 3.6ms
[2023-11-10T11:56:38.522-0800][77002154ms] GC(23937)   Other: 0.3ms
[2023-11-10T11:56:38.522-0800][77002154ms] GC(23937) Eden regions: 175->0(175)
[2023-11-10T11:56:38.522-0800][77002154ms] GC(23937) Survivor regions: 1->1(22)
[2023-11-10T11:56:38.522-0800][77002154ms] GC(23937) Old regions: 1438->1438
[2023-11-10T11:56:38.522-0800][77002154ms] GC(23937) Humongous regions: 5->5
[2023-11-10T11:56:38.522-0800][77002154ms] GC(23937) Metaspace: 304986K->304986K(1349632K)
[2023-11-10T11:56:38.522-0800][77002154ms] GC(23937) Pause Young (Normal) (G1 Evacuation Pause) 3235M->2885M(3602M) 5.966ms
[2023-11-10T11:56:38.522-0800][77002154ms] GC(23937) User=0.00s Sys=0.00s Real=0.01s
[2023-11-10T11:56:39.007-0800][77002639ms] GC(23938) Pause Young (Normal) (G1 Evacuation Pause)
[2023-11-10T11:56:39.007-0800][77002639ms] GC(23938) Using 10 workers of 10 for evacuation
[2023-11-10T11:56:39.012-0800][77002644ms] GC(23938)   Pre Evacuate Collection Set: 0.0ms
[2023-11-10T11:56:39.012-0800][77002644ms] GC(23938)   Evacuate Collection Set: 1.6ms
[2023-11-10T11:56:39.012-0800][77002644ms] GC(23938)   Post Evacuate Collection Set: 3.4ms
[2023-11-10T11:56:39.012-0800][77002644ms] GC(23938)   Other: 0.3ms
[2023-11-10T11:56:39.012-0800][77002644ms] GC(23938) Eden regions: 175->0(175)
[2023-11-10T11:56:39.012-0800][77002644ms] GC(23938) Survivor regions: 1->1(22)
[2023-11-10T11:56:39.012-0800][77002644ms] GC(23938) Old regions: 1438->1438
[2023-11-10T11:56:39.012-0800][77002644ms] GC(23938) Humongous regions: 5->5
[2023-11-10T11:56:39.012-0800][77002644ms] GC(23938) Metaspace: 304986K->304986K(1349632K)
[2023-11-10T11:56:39.012-0800][77002644ms] GC(23938) Pause Young (Normal) (G1 Evacuation Pause) 3235M->2885M(3602M) 5.417ms
[2023-11-10T11:56:39.012-0800][77002644ms] GC(23938) User=0.00s Sys=0.00s Real=0.01s
[2023-11-10T11:56:39.400-0800][77003032ms] GC(23939) Pause Young (Normal) (G1 Evacuation Pause)
[2023-11-10T11:56:39.400-0800][77003032ms] GC(23939) Using 10 workers of 10 for evacuation
[2023-11-10T11:56:39.406-0800][77003038ms] GC(23939)   Pre Evacuate Collection Set: 0.1ms
[2023-11-10T11:56:39.406-0800][77003038ms] GC(23939)   Evacuate Collection Set: 1.6ms
[2023-11-10T11:56:39.406-0800][77003038ms] GC(23939)   Post Evacuate Collection Set: 3.0ms
[2023-11-10T11:56:39.406-0800][77003038ms] GC(23939)   Other: 0.3ms
[2023-11-10T11:56:39.406-0800][77003038ms] GC(23939) Eden regions: 175->0(175)
[2023-11-10T11:56:39.406-0800][77003038ms] GC(23939) Survivor regions: 1->1(22)
[2023-11-10T11:56:39.406-0800][77003038ms] GC(23939) Old regions: 1438->1438
[2023-11-10T11:56:39.406-0800][77003038ms] GC(23939) Humongous regions: 5->5
[2023-11-10T11:56:39.406-0800][77003038ms] GC(23939) Metaspace: 304986K->304986K(1349632K)
[2023-11-10T11:56:39.406-0800][77003038ms] GC(23939) Pause Young (Normal) (G1 Evacuation Pause) 3235M->2885M(3602M) 5.067ms
[2023-11-10T11:56:39.406-0800][77003038ms] GC(23939) User=0.00s Sys=0.00s Real=0.01s
[2023-11-10T11:56:39.806-0800][77003438ms] GC(23940) Pause Young (Normal) (G1 Evacuation Pause)
[2023-11-10T11:56:39.806-0800][77003438ms] GC(23940) Using 10 workers of 10 for evacuation
[2023-11-10T11:56:39.814-0800][77003446ms] GC(23940)   Pre Evacuate Collection Set: 0.1ms
[2023-11-10T11:56:39.814-0800][77003446ms] GC(23940)   Evacuate Collection Set: 2.0ms
[2023-11-10T11:56:39.814-0800][77003446ms] GC(23940)   Post Evacuate Collection Set: 4.7ms
[2023-11-10T11:56:39.814-0800][77003446ms] GC(23940)   Other: 0.3ms
[2023-11-10T11:56:39.814-0800][77003446ms] GC(23940) Eden regions: 175->0(175)
[2023-11-10T11:56:39.814-0800][77003446ms] GC(23940) Survivor regions: 1->1(22)
[2023-11-10T11:56:39.814-0800][77003446ms] GC(23940) Old regions: 1438->1438
[2023-11-10T11:56:39.814-0800][77003446ms] GC(23940) Humongous regions: 5->5
[2023-11-10T11:56:39.814-0800][77003446ms] GC(23940) Metaspace: 304986K->304986K(1349632K)
[2023-11-10T11:56:39.814-0800][77003446ms] GC(23940) Pause Young (Normal) (G1 Evacuation Pause) 3235M->2885M(3602M) 7.226ms
[2023-11-10T11:56:39.814-0800][77003446ms] GC(23940) User=0.00s Sys=0.00s Real=0.01s
[2023-11-10T11:56:40.214-0800][77003846ms] GC(23941) Pause Young (Normal) (G1 Evacuation Pause)
[2023-11-10T11:56:40.214-0800][77003846ms] GC(23941) Using 10 workers of 10 for evacuation
[2023-11-10T11:56:40.219-0800][77003851ms] GC(23941)   Pre Evacuate Collection Set: 0.0ms
[2023-11-10T11:56:40.219-0800][77003851ms] GC(23941)   Evacuate Collection Set: 1.7ms
[2023-11-10T11:56:40.219-0800][77003851ms] GC(23941)   Post Evacuate Collection Set: 3.0ms
[2023-11-10T11:56:40.219-0800][77003851ms] GC(23941)   Other: 0.2ms
[2023-11-10T11:56:40.219-0800][77003851ms] GC(23941) Eden regions: 175->0(175)
[2023-11-10T11:56:40.219-0800][77003851ms] GC(23941) Survivor regions: 1->1(22)
[2023-11-10T11:56:40.219-0800][77003851ms] GC(23941) Old regions: 1438->1438
[2023-11-10T11:56:40.219-0800][77003851ms] GC(23941) Humongous regions: 5->5
[2023-11-10T11:56:40.219-0800][77003851ms] GC(23941) Metaspace: 304986K->304986K(1349632K)
[2023-11-10T11:56:40.219-0800][77003851ms] GC(23941) Pause Young (Normal) (G1 Evacuation Pause) 3235M->2885M(3602M) 5.106ms
[2023-11-10T11:56:40.219-0800][77003851ms] GC(23941) User=0.00s Sys=0.00s Real=0.01s
[2023-11-10T11:56:40.605-0800][77004237ms] GC(23942) Pause Young (Normal) (G1 Evacuation Pause)
[2023-11-10T11:56:40.605-0800][77004237ms] GC(23942) Using 10 workers of 10 for evacuation
[2023-11-10T11:56:40.610-0800][77004242ms] GC(23942)   Pre Evacuate Collection Set: 0.0ms
[2023-11-10T11:56:40.611-0800][77004243ms] GC(23942)   Evacuate Collection Set: 1.6ms
[2023-11-10T11:56:40.611-0800][77004243ms] GC(23942)   Post Evacuate Collection Set: 3.5ms
[2023-11-10T11:56:40.611-0800][77004243ms] GC(23942)   Other: 0.3ms
[2023-11-10T11:56:40.611-0800][77004243ms] GC(23942) Eden regions: 175->0(175)
[2023-11-10T11:56:40.611-0800][77004243ms] GC(23942) Survivor regions: 1->1(22)
[2023-11-10T11:56:40.611-0800][77004243ms] GC(23942) Old regions: 1438->1438
[2023-11-10T11:56:40.611-0800][77004243ms] GC(23942) Humongous regions: 5->5
[2023-11-10T11:56:40.611-0800][77004243ms] GC(23942) Metaspace: 304986K->304986K(1349632K)
[2023-11-10T11:56:40.611-0800][77004243ms] GC(23942) Pause Young (Normal) (G1 Evacuation Pause) 3235M->2885M(3602M) 5.487ms
[2023-11-10T11:56:40.611-0800][77004243ms] GC(23942) User=0.00s Sys=0.00s Real=0.01s
[2023-11-10T11:56:40.995-0800][77004627ms] GC(23943) Pause Young (Normal) (G1 Evacuation Pause)
[2023-11-10T11:56:40.995-0800][77004627ms] GC(23943) Using 10 workers of 10 for evacuation
[2023-11-10T11:56:41.001-0800][77004633ms] GC(23943)   Pre Evacuate Collection Set: 0.0ms
[2023-11-10T11:56:41.001-0800][77004633ms] GC(23943)   Evacuate Collection Set: 1.7ms
[2023-11-10T11:56:41.001-0800][77004633ms] GC(23943)   Post Evacuate Collection Set: 3.4ms
[2023-11-10T11:56:41.001-0800][77004633ms] GC(23943)   Other: 0.3ms
[2023-11-10T11:56:41.001-0800][77004633ms] GC(23943) Eden regions: 175->0(175)
[2023-11-10T11:56:41.001-0800][77004633ms] GC(23943) Survivor regions: 1->1(22)
[2023-11-10T11:56:41.001-0800][77004633ms] GC(23943) Old regions: 1438->1438
[2023-11-10T11:56:41.001-0800][77004633ms] GC(23943) Humongous regions: 5->5
[2023-11-10T11:56:41.001-0800][77004633ms] GC(23943) Metaspace: 304986K->304986K(1349632K)
[2023-11-10T11:56:41.001-0800][77004633ms] GC(23943) Pause Young (Normal) (G1 Evacuation Pause) 3235M->2886M(3602M) 5.476ms
[2023-11-10T11:56:41.001-0800][77004633ms] GC(23943) User=0.00s Sys=0.00s Real=0.01s
[2023-11-10T11:56:41.415-0800][77005047ms] GC(23944) Pause Young (Normal) (G1 Evacuation Pause)
[2023-11-10T11:56:41.415-0800][77005047ms] GC(23944) Using 10 workers of 10 for evacuation
[2023-11-10T11:56:41.420-0800][77005052ms] GC(23944)   Pre Evacuate Collection Set: 0.0ms
[2023-11-10T11:56:41.420-0800][77005052ms] GC(23944)   Evacuate Collection Set: 1.7ms
[2023-11-10T11:56:41.420-0800][77005052ms] GC(23944)   Post Evacuate Collection Set: 3.1ms
[2023-11-10T11:56:41.420-0800][77005052ms] GC(23944)   Other: 0.3ms
[2023-11-10T11:56:41.420-0800][77005052ms] GC(23944) Eden regions: 175->0(175)
[2023-11-10T11:56:41.420-0800][77005052ms] GC(23944) Survivor regions: 1->1(22)
[2023-11-10T11:56:41.420-0800][77005052ms] GC(23944) Old regions: 1438->1438
[2023-11-10T11:56:41.420-0800][77005052ms] GC(23944) Humongous regions: 5->5
[2023-11-10T11:56:41.420-0800][77005052ms] GC(23944) Metaspace: 304986K->304986K(1349632K)
[2023-11-10T11:56:41.420-0800][77005052ms] GC(23944) Pause Young (Normal) (G1 Evacuation Pause) 3236M->2886M(3602M) 5.209ms
[2023-11-10T11:56:41.421-0800][77005053ms] GC(23944) User=0.00s Sys=0.00s Real=0.01s
[2023-11-10T11:56:41.815-0800][77005447ms] GC(23945) Pause Young (Normal) (G1 Evacuation Pause)
[2023-11-10T11:56:41.815-0800][77005447ms] GC(23945) Using 10 workers of 10 for evacuation
[2023-11-10T11:56:41.820-0800][77005452ms] GC(23945)   Pre Evacuate Collection Set: 0.0ms
[2023-11-10T11:56:41.820-0800][77005452ms] GC(23945)   Evacuate Collection Set: 1.7ms
[2023-11-10T11:56:41.820-0800][77005452ms] GC(23945)   Post Evacuate Collection Set: 2.9ms
[2023-11-10T11:56:41.820-0800][77005452ms] GC(23945)   Other: 0.3ms
[2023-11-10T11:56:41.820-0800][77005452ms] GC(23945) Eden regions: 175->0(175)
[2023-11-10T11:56:41.820-0800][77005452ms] GC(23945) Survivor regions: 1->1(22)
[2023-11-10T11:56:41.820-0800][77005452ms] GC(23945) Old regions: 1438->1438
[2023-11-10T11:56:41.820-0800][77005452ms] GC(23945) Humongous regions: 5->5
[2023-11-10T11:56:41.820-0800][77005452ms] GC(23945) Metaspace: 304986K->304986K(1349632K)
[2023-11-10T11:56:41.820-0800][77005452ms] GC(23945) Pause Young (Normal) (G1 Evacuation Pause) 3236M->2886M(3602M) 5.092ms
[2023-11-10T11:56:41.820-0800][77005452ms] GC(23945) User=0.00s Sys=0.00s Real=0.00s
[2023-11-10T11:56:42.235-0800][77005867ms] GC(23946) Pause Young (Normal) (G1 Evacuation Pause)
[2023-11-10T11:56:42.235-0800][77005867ms] GC(23946) Using 10 workers of 10 for evacuation
[2023-11-10T11:56:42.240-0800][77005872ms] GC(23946)   Pre Evacuate Collection Set: 0.1ms
[2023-11-10T11:56:42.240-0800][77005872ms] GC(23946)   Evacuate Collection Set: 1.9ms
[2023-11-10T11:56:42.242-0800][77005874ms] GC(23946)   Post Evacuate Collection Set: 3.5ms
[2023-11-10T11:56:42.242-0800][77005874ms] GC(23946)   Other: 0.3ms
[2023-11-10T11:56:42.242-0800][77005874ms] GC(23946) Eden regions: 175->0(175)
[2023-11-10T11:56:42.242-0800][77005874ms] GC(23946) Survivor regions: 1->1(22)
[2023-11-10T11:56:42.242-0800][77005874ms] GC(23946) Old regions: 1438->1438
[2023-11-10T11:56:42.242-0800][77005874ms] GC(23946) Humongous regions: 5->5
[2023-11-10T11:56:42.242-0800][77005874ms] GC(23946) Metaspace: 304986K->304986K(1349632K)
[2023-11-10T11:56:42.242-0800][77005874ms] GC(23946) Pause Young (Normal) (G1 Evacuation Pause) 3236M->2886M(3602M) 5.949ms
[2023-11-10T11:56:42.242-0800][77005874ms] GC(23946) User=0.00s Sys=0.00s Real=0.01s
[2023-11-10T11:56:42.669-0800][77006301ms] GC(23947) Pause Young (Normal) (G1 Evacuation Pause)
[2023-11-10T11:56:42.669-0800][77006301ms] GC(23947) Using 10 workers of 10 for evacuation
[2023-11-10T11:56:42.676-0800][77006308ms] GC(23947)   Pre Evacuate Collection Set: 0.1ms
[2023-11-10T11:56:42.676-0800][77006308ms] GC(23947)   Evacuate Collection Set: 2.3ms
[2023-11-10T11:56:42.676-0800][77006308ms] GC(23947)   Post Evacuate Collection Set: 3.9ms
[2023-11-10T11:56:42.676-0800][77006308ms] GC(23947)   Other: 0.3ms
[2023-11-10T11:56:42.676-0800][77006308ms] GC(23947) Eden regions: 175->0(175)
[2023-11-10T11:56:42.676-0800][77006308ms] GC(23947) Survivor regions: 1->1(22)
[2023-11-10T11:56:42.676-0800][77006308ms] GC(23947) Old regions: 1438->1438
[2023-11-10T11:56:42.676-0800][77006308ms] GC(23947) Humongous regions: 5->5
[2023-11-10T11:56:42.676-0800][77006308ms] GC(23947) Metaspace: 304986K->304986K(1349632K)
[2023-11-10T11:56:42.676-0800][77006308ms] GC(23947) Pause Young (Normal) (G1 Evacuation Pause) 3236M->2886M(3602M) 6.682ms
[2023-11-10T11:56:42.676-0800][77006308ms] GC(23947) User=0.00s Sys=0.00s Real=0.01s
[2023-11-10T11:56:43.064-0800][77006696ms] GC(23948) Pause Young (Normal) (G1 Evacuation Pause)
[2023-11-10T11:56:43.064-0800][77006696ms] GC(23948) Using 10 workers of 10 for evacuation
[2023-11-10T11:56:43.070-0800][77006702ms] GC(23948)   Pre Evacuate Collection Set: 0.1ms
[2023-11-10T11:56:43.070-0800][77006702ms] GC(23948)   Evacuate Collection Set: 2.4ms
[2023-11-10T11:56:43.070-0800][77006702ms] GC(23948)   Post Evacuate Collection Set: 3.9ms
[2023-11-10T11:56:43.070-0800][77006702ms] GC(23948)   Other: 0.3ms
[2023-11-10T11:56:43.070-0800][77006702ms] GC(23948) Eden regions: 175->0(175)
[2023-11-10T11:56:43.070-0800][77006702ms] GC(23948) Survivor regions: 1->1(22)
[2023-11-10T11:56:43.070-0800][77006702ms] GC(23948) Old regions: 1438->1438
[2023-11-10T11:56:43.070-0800][77006702ms] GC(23948) Humongous regions: 5->5
[2023-11-10T11:56:43.070-0800][77006702ms] GC(23948) Metaspace: 304986K->304986K(1349632K)
[2023-11-10T11:56:43.070-0800][77006702ms] GC(23948) Pause Young (Normal) (G1 Evacuation Pause) 3236M->2886M(3602M) 6.783ms
[2023-11-10T11:56:43.070-0800][77006702ms] GC(23948) User=0.00s Sys=0.00s Real=0.01s
[2023-11-10T11:56:43.497-0800][77007129ms] GC(23949) Pause Young (Normal) (G1 Evacuation Pause)
[2023-11-10T11:56:43.497-0800][77007129ms] GC(23949) Using 10 workers of 10 for evacuation
[2023-11-10T11:56:43.506-0800][77007138ms] GC(23949)   Pre Evacuate Collection Set: 0.0ms
[2023-11-10T11:56:43.506-0800][77007138ms] GC(23949)   Evacuate Collection Set: 2.4ms
[2023-11-10T11:56:43.506-0800][77007138ms] GC(23949)   Post Evacuate Collection Set: 5.6ms
[2023-11-10T11:56:43.506-0800][77007138ms] GC(23949)   Other: 0.3ms
[2023-11-10T11:56:43.506-0800][77007138ms] GC(23949) Eden regions: 175->0(175)
[2023-11-10T11:56:43.506-0800][77007138ms] GC(23949) Survivor regions: 1->1(22)
[2023-11-10T11:56:43.506-0800][77007138ms] GC(23949) Old regions: 1438->1438
[2023-11-10T11:56:43.506-0800][77007138ms] GC(23949) Humongous regions: 5->5
[2023-11-10T11:56:43.506-0800][77007138ms] GC(23949) Metaspace: 304986K->304986K(1349632K)
[2023-11-10T11:56:43.506-0800][77007138ms] GC(23949) Pause Young (Normal) (G1 Evacuation Pause) 3236M->2886M(3602M) 8.481ms
[2023-11-10T11:56:43.506-0800][77007138ms] GC(23949) User=0.00s Sys=0.00s Real=0.01s
[2023-11-10T11:56:43.992-0800][77007624ms] GC(23950) Pause Young (Normal) (G1 Evacuation Pause)
[2023-11-10T11:56:43.992-0800][77007624ms] GC(23950) Using 10 workers of 10 for evacuation
[2023-11-10T11:56:43.999-0800][77007631ms] GC(23950)   Pre Evacuate Collection Set: 0.1ms
[2023-11-10T11:56:43.999-0800][77007631ms] GC(23950)   Evacuate Collection Set: 2.2ms
[2023-11-10T11:56:43.999-0800][77007631ms] GC(23950)   Post Evacuate Collection Set: 4.3ms
[2023-11-10T11:56:43.999-0800][77007631ms] GC(23950)   Other: 0.4ms
[2023-11-10T11:56:43.999-0800][77007631ms] GC(23950) Eden regions: 175->0(175)
[2023-11-10T11:56:43.999-0800][77007631ms] GC(23950) Survivor regions: 1->1(22)
[2023-11-10T11:56:43.999-0800][77007631ms] GC(23950) Old regions: 1438->1438
[2023-11-10T11:56:43.999-0800][77007631ms] GC(23950) Humongous regions: 5->5
[2023-11-10T11:56:43.999-0800][77007631ms] GC(23950) Metaspace: 304986K->304986K(1349632K)
[2023-11-10T11:56:43.999-0800][77007631ms] GC(23950) Pause Young (Normal) (G1 Evacuation Pause) 3236M->2886M(3602M) 7.163ms
[2023-11-10T11:56:43.999-0800][77007631ms] GC(23950) User=0.00s Sys=0.00s Real=0.01s
[2023-11-10T11:56:44.459-0800][77008091ms] GC(23951) Pause Young (Normal) (G1 Evacuation Pause)
[2023-11-10T11:56:44.459-0800][77008091ms] GC(23951) Using 10 workers of 10 for evacuation
[2023-11-10T11:56:44.464-0800][77008096ms] GC(23951)   Pre Evacuate Collection Set: 0.1ms
[2023-11-10T11:56:44.464-0800][77008096ms] GC(23951)   Evacuate Collection Set: 2.0ms
[2023-11-10T11:56:44.464-0800][77008096ms] GC(23951)   Post Evacuate Collection Set: 3.1ms
[2023-11-10T11:56:44.464-0800][77008096ms] GC(23951)   Other: 0.3ms
[2023-11-10T11:56:44.464-0800][77008096ms] GC(23951) Eden regions: 175->0(175)
[2023-11-10T11:56:44.464-0800][77008096ms] GC(23951) Survivor regions: 1->1(22)
[2023-11-10T11:56:44.464-0800][77008096ms] GC(23951) Old regions: 1438->1438
[2023-11-10T11:56:44.464-0800][77008096ms] GC(23951) Humongous regions: 5->5
[2023-11-10T11:56:44.464-0800][77008096ms] GC(23951) Metaspace: 304986K->304986K(1349632K)
[2023-11-10T11:56:44.464-0800][77008096ms] GC(23951) Pause Young (Normal) (G1 Evacuation Pause) 3236M->2886M(3602M) 5.524ms
[2023-11-10T11:56:44.464-0800][77008096ms] GC(23951) User=0.05s Sys=0.00s Real=0.00s
[2023-11-10T11:56:44.904-0800][77008536ms] GC(23952) Pause Young (Normal) (G1 Evacuation Pause)
[2023-11-10T11:56:44.904-0800][77008536ms] GC(23952) Using 10 workers of 10 for evacuation
[2023-11-10T11:56:44.909-0800][77008541ms] GC(23952)   Pre Evacuate Collection Set: 0.0ms
[2023-11-10T11:56:44.909-0800][77008541ms] GC(23952)   Evacuate Collection Set: 1.6ms
[2023-11-10T11:56:44.909-0800][77008541ms] GC(23952)   Post Evacuate Collection Set: 3.1ms
[2023-11-10T11:56:44.909-0800][77008541ms] GC(23952)   Other: 0.2ms
[2023-11-10T11:56:44.909-0800][77008541ms] GC(23952) Eden regions: 175->0(175)
[2023-11-10T11:56:44.909-0800][77008541ms] GC(23952) Survivor regions: 1->1(22)
[2023-11-10T11:56:44.909-0800][77008541ms] GC(23952) Old regions: 1438->1438
[2023-11-10T11:56:44.909-0800][77008541ms] GC(23952) Humongous regions: 5->5
[2023-11-10T11:56:44.909-0800][77008541ms] GC(23952) Metaspace: 304986K->304986K(1349632K)
[2023-11-10T11:56:44.909-0800][77008541ms] GC(23952) Pause Young (Normal) (G1 Evacuation Pause) 3236M->2886M(3602M) 5.083ms
[2023-11-10T11:56:44.909-0800][77008541ms] GC(23952) User=0.00s Sys=0.00s Real=0.00s
[2023-11-10T11:56:45.327-0800][77008959ms] GC(23953) Pause Young (Normal) (G1 Evacuation Pause)
[2023-11-10T11:56:45.327-0800][77008959ms] GC(23953) Using 10 workers of 10 for evacuation
[2023-11-10T11:56:45.334-0800][77008966ms] GC(23953)   Pre Evacuate Collection Set: 0.0ms
[2023-11-10T11:56:45.334-0800][77008966ms] GC(23953)   Evacuate Collection Set: 1.8ms
[2023-11-10T11:56:45.334-0800][77008966ms] GC(23953)   Post Evacuate Collection Set: 4.8ms
[2023-11-10T11:56:45.334-0800][77008966ms] GC(23953)   Other: 0.3ms
[2023-11-10T11:56:45.334-0800][77008966ms] GC(23953) Eden regions: 175->0(175)
[2023-11-10T11:56:45.334-0800][77008966ms] GC(23953) Survivor regions: 1->1(22)
[2023-11-10T11:56:45.334-0800][77008966ms] GC(23953) Old regions: 1438->1438
[2023-11-10T11:56:45.334-0800][77008966ms] GC(23953) Humongous regions: 5->5
[2023-11-10T11:56:45.334-0800][77008966ms] GC(23953) Metaspace: 304986K->304986K(1349632K)
[2023-11-10T11:56:45.334-0800][77008966ms] GC(23953) Pause Young (Normal) (G1 Evacuation Pause) 3236M->2886M(3602M) 6.984ms
[2023-11-10T11:56:45.334-0800][77008966ms] GC(23953) User=0.00s Sys=0.00s Real=0.01s
[2023-11-10T11:56:45.794-0800][77009426ms] GC(23954) Pause Young (Normal) (G1 Evacuation Pause)
[2023-11-10T11:56:45.794-0800][77009426ms] GC(23954) Using 10 workers of 10 for evacuation
[2023-11-10T11:56:45.800-0800][77009432ms] GC(23954)   Pre Evacuate Collection Set: 0.0ms
[2023-11-10T11:56:45.800-0800][77009432ms] GC(23954)   Evacuate Collection Set: 2.4ms
[2023-11-10T11:56:45.800-0800][77009432ms] GC(23954)   Post Evacuate Collection Set: 3.6ms
[2023-11-10T11:56:45.800-0800][77009432ms] GC(23954)   Other: 0.3ms
[2023-11-10T11:56:45.800-0800][77009432ms] GC(23954) Eden regions: 175->0(175)
[2023-11-10T11:56:45.800-0800][77009432ms] GC(23954) Survivor regions: 1->1(22)
[2023-11-10T11:56:45.800-0800][77009432ms] GC(23954) Old regions: 1438->1438
[2023-11-10T11:56:45.800-0800][77009432ms] GC(23954) Humongous regions: 5->5
[2023-11-10T11:56:45.800-0800][77009432ms] GC(23954) Metaspace: 304986K->304986K(1349632K)
[2023-11-10T11:56:45.800-0800][77009432ms] GC(23954) Pause Young (Normal) (G1 Evacuation Pause) 3236M->2886M(3602M) 6.514ms
[2023-11-10T11:56:45.800-0800][77009432ms] GC(23954) User=0.00s Sys=0.00s Real=0.01s
[2023-11-10T11:56:46.260-0800][77009892ms] GC(23955) Pause Young (Normal) (G1 Evacuation Pause)
[2023-11-10T11:56:46.260-0800][77009892ms] GC(23955) Using 10 workers of 10 for evacuation
[2023-11-10T11:56:46.265-0800][77009897ms] GC(23955)   Pre Evacuate Collection Set: 0.1ms
[2023-11-10T11:56:46.265-0800][77009897ms] GC(23955)   Evacuate Collection Set: 2.0ms
[2023-11-10T11:56:46.265-0800][77009897ms] GC(23955)   Post Evacuate Collection Set: 3.4ms
[2023-11-10T11:56:46.265-0800][77009897ms] GC(23955)   Other: 0.3ms
[2023-11-10T11:56:46.265-0800][77009897ms] GC(23955) Eden regions: 175->0(175)
[2023-11-10T11:56:46.265-0800][77009897ms] GC(23955) Survivor regions: 1->1(22)
[2023-11-10T11:56:46.265-0800][77009897ms] GC(23955) Old regions: 1438->1438
[2023-11-10T11:56:46.265-0800][77009897ms] GC(23955) Humongous regions: 5->5
[2023-11-10T11:56:46.265-0800][77009897ms] GC(23955) Metaspace: 304986K->304986K(1349632K)
[2023-11-10T11:56:46.265-0800][77009897ms] GC(23955) Pause Young (Normal) (G1 Evacuation Pause) 3236M->2886M(3602M) 5.953ms
[2023-11-10T11:56:46.267-0800][77009899ms] GC(23955) User=0.00s Sys=0.00s Real=0.01s
[2023-11-10T11:56:46.662-0800][77010294ms] GC(23956) Pause Young (Normal) (G1 Evacuation Pause)
[2023-11-10T11:56:46.662-0800][77010294ms] GC(23956) Using 10 workers of 10 for evacuation
[2023-11-10T11:56:46.669-0800][77010301ms] GC(23956)   Pre Evacuate Collection Set: 0.1ms
[2023-11-10T11:56:46.669-0800][77010301ms] GC(23956)   Evacuate Collection Set: 2.6ms
[2023-11-10T11:56:46.669-0800][77010301ms] GC(23956)   Post Evacuate Collection Set: 4.4ms
[2023-11-10T11:56:46.669-0800][77010301ms] GC(23956)   Other: 0.4ms
[2023-11-10T11:56:46.669-0800][77010301ms] GC(23956) Eden regions: 175->0(175)
[2023-11-10T11:56:46.669-0800][77010301ms] GC(23956) Survivor regions: 1->1(22)
[2023-11-10T11:56:46.669-0800][77010301ms] GC(23956) Old regions: 1438->1438
[2023-11-10T11:56:46.669-0800][77010301ms] GC(23956) Humongous regions: 5->5
[2023-11-10T11:56:46.669-0800][77010301ms] GC(23956) Metaspace: 304986K->304986K(1349632K)
[2023-11-10T11:56:46.669-0800][77010301ms] GC(23956) Pause Young (Normal) (G1 Evacuation Pause) 3236M->2886M(3602M) 7.553ms
[2023-11-10T11:56:46.669-0800][77010301ms] GC(23956) User=0.02s Sys=0.00s Real=0.01s
[2023-11-10T11:56:47.053-0800][77010685ms] GC(23957) Pause Young (Normal) (G1 Evacuation Pause)
[2023-11-10T11:56:47.053-0800][77010685ms] GC(23957) Using 10 workers of 10 for evacuation
[2023-11-10T11:56:47.059-0800][77010691ms] GC(23957)   Pre Evacuate Collection Set: 0.0ms
[2023-11-10T11:56:47.059-0800][77010691ms] GC(23957)   Evacuate Collection Set: 1.7ms
[2023-11-10T11:56:47.059-0800][77010691ms] GC(23957)   Post Evacuate Collection Set: 3.3ms
[2023-11-10T11:56:47.059-0800][77010691ms] GC(23957)   Other: 0.3ms
[2023-11-10T11:56:47.059-0800][77010691ms] GC(23957) Eden regions: 175->0(175)
[2023-11-10T11:56:47.059-0800][77010691ms] GC(23957) Survivor regions: 1->1(22)
[2023-11-10T11:56:47.059-0800][77010691ms] GC(23957) Old regions: 1438->1438
[2023-11-10T11:56:47.059-0800][77010691ms] GC(23957) Humongous regions: 5->5
[2023-11-10T11:56:47.059-0800][77010691ms] GC(23957) Metaspace: 304986K->304986K(1349632K)
[2023-11-10T11:56:47.059-0800][77010691ms] GC(23957) Pause Young (Normal) (G1 Evacuation Pause) 3236M->2886M(3602M) 5.412ms
[2023-11-10T11:56:47.059-0800][77010691ms] GC(23957) User=0.00s Sys=0.00s Real=0.01s
[2023-11-10T11:56:47.486-0800][77011118ms] GC(23958) Pause Young (Normal) (G1 Evacuation Pause)
[2023-11-10T11:56:47.486-0800][77011118ms] GC(23958) Using 10 workers of 10 for evacuation
[2023-11-10T11:56:47.490-0800][77011122ms] GC(23958)   Pre Evacuate Collection Set: 0.0ms
[2023-11-10T11:56:47.490-0800][77011122ms] GC(23958)   Evacuate Collection Set: 2.0ms
[2023-11-10T11:56:47.490-0800][77011122ms] GC(23958)   Post Evacuate Collection Set: 3.3ms
[2023-11-10T11:56:47.490-0800][77011122ms] GC(23958)   Other: 0.3ms
[2023-11-10T11:56:47.490-0800][77011122ms] GC(23958) Eden regions: 175->0(175)
[2023-11-10T11:56:47.490-0800][77011122ms] GC(23958) Survivor regions: 1->1(22)
[2023-11-10T11:56:47.490-0800][77011122ms] GC(23958) Old regions: 1438->1438
[2023-11-10T11:56:47.490-0800][77011122ms] GC(23958) Humongous regions: 5->5
[2023-11-10T11:56:47.490-0800][77011122ms] GC(23958) Metaspace: 304986K->304986K(1349632K)
[2023-11-10T11:56:47.490-0800][77011122ms] GC(23958) Pause Young (Normal) (G1 Evacuation Pause) 3236M->2886M(3602M) 5.748ms
[2023-11-10T11:56:47.490-0800][77011122ms] GC(23958) User=0.00s Sys=0.00s Real=0.00s
[2023-11-10T11:56:47.890-0800][77011522ms] GC(23959) Pause Young (Normal) (G1 Evacuation Pause)
[2023-11-10T11:56:47.890-0800][77011522ms] GC(23959) Using 10 workers of 10 for evacuation
[2023-11-10T11:56:47.895-0800][77011527ms] GC(23959)   Pre Evacuate Collection Set: 0.1ms
[2023-11-10T11:56:47.895-0800][77011527ms] GC(23959)   Evacuate Collection Set: 1.7ms
[2023-11-10T11:56:47.895-0800][77011527ms] GC(23959)   Post Evacuate Collection Set: 3.1ms
[2023-11-10T11:56:47.895-0800][77011527ms] GC(23959)   Other: 0.3ms
[2023-11-10T11:56:47.895-0800][77011527ms] GC(23959) Eden regions: 175->0(175)
[2023-11-10T11:56:47.895-0800][77011527ms] GC(23959) Survivor regions: 1->1(22)
[2023-11-10T11:56:47.895-0800][77011527ms] GC(23959) Old regions: 1438->1438
[2023-11-10T11:56:47.895-0800][77011527ms] GC(23959) Humongous regions: 5->5
[2023-11-10T11:56:47.895-0800][77011527ms] GC(23959) Metaspace: 304986K->304986K(1349632K)
[2023-11-10T11:56:47.895-0800][77011527ms] GC(23959) Pause Young (Normal) (G1 Evacuation Pause) 3236M->2886M(3602M) 5.250ms
[2023-11-10T11:56:47.895-0800][77011527ms] GC(23959) User=0.00s Sys=0.00s Real=0.00s
[2023-11-10T11:56:48.317-0800][77011949ms] GC(23960) Pause Young (Normal) (G1 Evacuation Pause)
[2023-11-10T11:56:48.317-0800][77011949ms] GC(23960) Using 10 workers of 10 for evacuation
[2023-11-10T11:56:48.322-0800][77011954ms] GC(23960)   Pre Evacuate Collection Set: 0.0ms
[2023-11-10T11:56:48.322-0800][77011954ms] GC(23960)   Evacuate Collection Set: 1.7ms
[2023-11-10T11:56:48.322-0800][77011954ms] GC(23960)   Post Evacuate Collection Set: 3.2ms
[2023-11-10T11:56:48.322-0800][77011954ms] GC(23960)   Other: 0.3ms
[2023-11-10T11:56:48.322-0800][77011954ms] GC(23960) Eden regions: 175->0(175)
[2023-11-10T11:56:48.322-0800][77011954ms] GC(23960) Survivor regions: 1->1(22)
[2023-11-10T11:56:48.322-0800][77011954ms] GC(23960) Old regions: 1438->1438
[2023-11-10T11:56:48.322-0800][77011954ms] GC(23960) Humongous regions: 5->5
[2023-11-10T11:56:48.322-0800][77011954ms] GC(23960) Metaspace: 304986K->304986K(1349632K)
[2023-11-10T11:56:48.322-0800][77011954ms] GC(23960) Pause Young (Normal) (G1 Evacuation Pause) 3236M->2886M(3602M) 5.333ms
[2023-11-10T11:56:48.322-0800][77011954ms] GC(23960) User=0.00s Sys=0.00s Real=0.01s
[2023-11-10T11:56:48.753-0800][77012385ms] GC(23961) Pause Young (Normal) (G1 Evacuation Pause)
[2023-11-10T11:56:48.753-0800][77012385ms] GC(23961) Using 10 workers of 10 for evacuation
[2023-11-10T11:56:48.758-0800][77012390ms] GC(23961)   Pre Evacuate Collection Set: 0.0ms
[2023-11-10T11:56:48.758-0800][77012390ms] GC(23961)   Evacuate Collection Set: 1.6ms
[2023-11-10T11:56:48.758-0800][77012390ms] GC(23961)   Post Evacuate Collection Set: 3.2ms
[2023-11-10T11:56:48.758-0800][77012390ms] GC(23961)   Other: 0.3ms
[2023-11-10T11:56:48.758-0800][77012390ms] GC(23961) Eden regions: 175->0(175)
[2023-11-10T11:56:48.758-0800][77012390ms] GC(23961) Survivor regions: 1->1(22)
[2023-11-10T11:56:48.758-0800][77012390ms] GC(23961) Old regions: 1438->1438
[2023-11-10T11:56:48.758-0800][77012390ms] GC(23961) Humongous regions: 5->5
[2023-11-10T11:56:48.758-0800][77012390ms] GC(23961) Metaspace: 304986K->304986K(1349632K)
[2023-11-10T11:56:48.758-0800][77012390ms] GC(23961) Pause Young (Normal) (G1 Evacuation Pause) 3236M->2886M(3602M) 5.133ms
[2023-11-10T11:56:48.758-0800][77012390ms] GC(23961) User=0.00s Sys=0.00s Real=0.00s
[2023-11-10T11:56:49.199-0800][77012831ms] GC(23962) Pause Young (Normal) (G1 Evacuation Pause)
[2023-11-10T11:56:49.199-0800][77012831ms] GC(23962) Using 10 workers of 10 for evacuation
[2023-11-10T11:56:49.204-0800][77012836ms] GC(23962)   Pre Evacuate Collection Set: 0.0ms
[2023-11-10T11:56:49.204-0800][77012836ms] GC(23962)   Evacuate Collection Set: 1.7ms
[2023-11-10T11:56:49.204-0800][77012836ms] GC(23962)   Post Evacuate Collection Set: 3.0ms
[2023-11-10T11:56:49.204-0800][77012836ms] GC(23962)   Other: 0.2ms
[2023-11-10T11:56:49.204-0800][77012836ms] GC(23962) Eden regions: 175->0(175)
[2023-11-10T11:56:49.204-0800][77012836ms] GC(23962) Survivor regions: 1->1(22)
[2023-11-10T11:56:49.204-0800][77012836ms] GC(23962) Old regions: 1438->1438
[2023-11-10T11:56:49.204-0800][77012836ms] GC(23962) Humongous regions: 5->5
[2023-11-10T11:56:49.204-0800][77012836ms] GC(23962) Metaspace: 304986K->304986K(1349632K)
[2023-11-10T11:56:49.204-0800][77012836ms] GC(23962) Pause Young (Normal) (G1 Evacuation Pause) 3236M->2886M(3602M) 5.062ms
[2023-11-10T11:56:49.204-0800][77012836ms] GC(23962) User=0.00s Sys=0.00s Real=0.01s
[2023-11-10T11:56:49.611-0800][77013243ms] GC(23963) Pause Young (Normal) (G1 Evacuation Pause)
[2023-11-10T11:56:49.611-0800][77013243ms] GC(23963) Using 10 workers of 10 for evacuation
[2023-11-10T11:56:49.615-0800][77013247ms] GC(23963)   Pre Evacuate Collection Set: 0.0ms
[2023-11-10T11:56:49.615-0800][77013247ms] GC(23963)   Evacuate Collection Set: 1.7ms
[2023-11-10T11:56:49.615-0800][77013247ms] GC(23963)   Post Evacuate Collection Set: 3.0ms
[2023-11-10T11:56:49.615-0800][77013247ms] GC(23963)   Other: 0.3ms
[2023-11-10T11:56:49.615-0800][77013247ms] GC(23963) Eden regions: 175->0(174)
[2023-11-10T11:56:49.615-0800][77013247ms] GC(23963) Survivor regions: 1->1(22)
[2023-11-10T11:56:49.615-0800][77013247ms] GC(23963) Old regions: 1438->1439
[2023-11-10T11:56:49.615-0800][77013247ms] GC(23963) Humongous regions: 5->5
[2023-11-10T11:56:49.615-0800][77013247ms] GC(23963) Metaspace: 304986K->304986K(1349632K)
[2023-11-10T11:56:49.615-0800][77013247ms] GC(23963) Pause Young (Normal) (G1 Evacuation Pause) 3236M->2886M(3602M) 5.123ms
[2023-11-10T11:56:49.616-0800][77013248ms] GC(23963) User=0.00s Sys=0.00s Real=0.00s
[2023-11-10T11:56:50.067-0800][77013699ms] GC(23964) Pause Young (Normal) (G1 Evacuation Pause)
[2023-11-10T11:56:50.067-0800][77013699ms] GC(23964) Using 10 workers of 10 for evacuation
[2023-11-10T11:56:50.072-0800][77013704ms] GC(23964)   Pre Evacuate Collection Set: 0.0ms
[2023-11-10T11:56:50.072-0800][77013704ms] GC(23964)   Evacuate Collection Set: 1.6ms
[2023-11-10T11:56:50.072-0800][77013704ms] GC(23964)   Post Evacuate Collection Set: 3.0ms
[2023-11-10T11:56:50.072-0800][77013704ms] GC(23964)   Other: 0.3ms
[2023-11-10T11:56:50.072-0800][77013704ms] GC(23964) Eden regions: 174->0(174)
[2023-11-10T11:56:50.072-0800][77013704ms] GC(23964) Survivor regions: 1->1(22)
[2023-11-10T11:56:50.072-0800][77013704ms] GC(23964) Old regions: 1439->1439
[2023-11-10T11:56:50.072-0800][77013704ms] GC(23964) Humongous regions: 5->5
[2023-11-10T11:56:50.072-0800][77013704ms] GC(23964) Metaspace: 304986K->304986K(1349632K)
[2023-11-10T11:56:50.072-0800][77013704ms] GC(23964) Pause Young (Normal) (G1 Evacuation Pause) 3234M->2886M(3602M) 5.061ms
[2023-11-10T11:56:50.072-0800][77013704ms] GC(23964) User=0.03s Sys=0.00s Real=0.01s
[2023-11-10T11:56:50.463-0800][77014095ms] GC(23965) Pause Young (Normal) (G1 Evacuation Pause)
[2023-11-10T11:56:50.463-0800][77014095ms] GC(23965) Using 10 workers of 10 for evacuation
[2023-11-10T11:56:50.469-0800][77014101ms] GC(23965)   Pre Evacuate Collection Set: 0.0ms
[2023-11-10T11:56:50.469-0800][77014101ms] GC(23965)   Evacuate Collection Set: 1.8ms
[2023-11-10T11:56:50.469-0800][77014101ms] GC(23965)   Post Evacuate Collection Set: 3.2ms
[2023-11-10T11:56:50.469-0800][77014101ms] GC(23965)   Other: 0.2ms
[2023-11-10T11:56:50.469-0800][77014101ms] GC(23965) Eden regions: 174->0(174)
[2023-11-10T11:56:50.469-0800][77014101ms] GC(23965) Survivor regions: 1->1(22)
[2023-11-10T11:56:50.469-0800][77014101ms] GC(23965) Old regions: 1439->1439
[2023-11-10T11:56:50.469-0800][77014101ms] GC(23965) Humongous regions: 5->5
[2023-11-10T11:56:50.469-0800][77014101ms] GC(23965) Metaspace: 304986K->304986K(1349632K)
[2023-11-10T11:56:50.469-0800][77014101ms] GC(23965) Pause Young (Normal) (G1 Evacuation Pause) 3234M->2886M(3602M) 5.396ms
[2023-11-10T11:56:50.469-0800][77014101ms] GC(23965) User=0.00s Sys=0.00s Real=0.01s
[2023-11-10T11:56:50.914-0800][77014546ms] GC(23966) Pause Young (Normal) (G1 Evacuation Pause)
[2023-11-10T11:56:50.914-0800][77014546ms] GC(23966) Using 10 workers of 10 for evacuation
[2023-11-10T11:56:50.919-0800][77014551ms] GC(23966)   Pre Evacuate Collection Set: 0.0ms
[2023-11-10T11:56:50.919-0800][77014551ms] GC(23966)   Evacuate Collection Set: 1.6ms
[2023-11-10T11:56:50.919-0800][77014551ms] GC(23966)   Post Evacuate Collection Set: 3.1ms
[2023-11-10T11:56:50.919-0800][77014551ms] GC(23966)   Other: 0.3ms
[2023-11-10T11:56:50.919-0800][77014551ms] GC(23966) Eden regions: 174->0(174)
[2023-11-10T11:56:50.919-0800][77014551ms] GC(23966) Survivor regions: 1->1(22)
[2023-11-10T11:56:50.919-0800][77014551ms] GC(23966) Old regions: 1439->1439
[2023-11-10T11:56:50.919-0800][77014551ms] GC(23966) Humongous regions: 5->5
[2023-11-10T11:56:50.919-0800][77014551ms] GC(23966) Metaspace: 304986K->304986K(1349632K)
[2023-11-10T11:56:50.919-0800][77014551ms] GC(23966) Pause Young (Normal) (G1 Evacuation Pause) 3234M->2886M(3602M) 5.093ms
[2023-11-10T11:56:50.919-0800][77014551ms] GC(23966) User=0.00s Sys=0.00s Real=0.00s
[2023-11-10T11:56:51.364-0800][77014996ms] GC(23967) Pause Young (Normal) (G1 Evacuation Pause)
[2023-11-10T11:56:51.364-0800][77014996ms] GC(23967) Using 10 workers of 10 for evacuation
[2023-11-10T11:56:51.369-0800][77015001ms] GC(23967)   Pre Evacuate Collection Set: 0.0ms
[2023-11-10T11:56:51.369-0800][77015001ms] GC(23967)   Evacuate Collection Set: 1.6ms
[2023-11-10T11:56:51.369-0800][77015001ms] GC(23967)   Post Evacuate Collection Set: 3.1ms
[2023-11-10T11:56:51.369-0800][77015001ms] GC(23967)   Other: 0.3ms
[2023-11-10T11:56:51.369-0800][77015001ms] GC(23967) Eden regions: 174->0(174)
[2023-11-10T11:56:51.369-0800][77015001ms] GC(23967) Survivor regions: 1->1(22)
[2023-11-10T11:56:51.369-0800][77015001ms] GC(23967) Old regions: 1439->1439
[2023-11-10T11:56:51.369-0800][77015001ms] GC(23967) Humongous regions: 5->5
[2023-11-10T11:56:51.369-0800][77015001ms] GC(23967) Metaspace: 304986K->304986K(1349632K)
[2023-11-10T11:56:51.369-0800][77015001ms] GC(23967) Pause Young (Normal) (G1 Evacuation Pause) 3234M->2886M(3602M) 5.149ms
[2023-11-10T11:56:51.369-0800][77015001ms] GC(23967) User=0.00s Sys=0.00s Real=0.00s
[2023-11-10T11:56:51.718-0800][77015350ms] GC(23968) Pause Young (Normal) (G1 Evacuation Pause)
[2023-11-10T11:56:51.718-0800][77015350ms] GC(23968) Using 10 workers of 10 for evacuation
[2023-11-10T11:56:51.725-0800][77015357ms] GC(23968)   Pre Evacuate Collection Set: 0.1ms
[2023-11-10T11:56:51.725-0800][77015357ms] GC(23968)   Evacuate Collection Set: 1.7ms
[2023-11-10T11:56:51.725-0800][77015357ms] GC(23968)   Post Evacuate Collection Set: 3.7ms
[2023-11-10T11:56:51.725-0800][77015357ms] GC(23968)   Other: 0.3ms
[2023-11-10T11:56:51.725-0800][77015357ms] GC(23968) Eden regions: 174->0(174)
[2023-11-10T11:56:51.725-0800][77015357ms] GC(23968) Survivor regions: 1->1(22)
[2023-11-10T11:56:51.725-0800][77015357ms] GC(23968) Old regions: 1439->1439
[2023-11-10T11:56:51.725-0800][77015357ms] GC(23968) Humongous regions: 5->5
[2023-11-10T11:56:51.725-0800][77015357ms] GC(23968) Metaspace: 304986K->304986K(1349632K)
[2023-11-10T11:56:51.725-0800][77015357ms] GC(23968) Pause Young (Normal) (G1 Evacuation Pause) 3234M->2886M(3602M) 5.964ms
[2023-11-10T11:56:51.725-0800][77015357ms] GC(23968) User=0.00s Sys=0.00s Real=0.01s
[2023-11-10T11:56:52.176-0800][77015808ms] GC(23969) Pause Young (Normal) (G1 Evacuation Pause)
[2023-11-10T11:56:52.176-0800][77015808ms] GC(23969) Using 10 workers of 10 for evacuation
[2023-11-10T11:56:52.181-0800][77015813ms] GC(23969)   Pre Evacuate Collection Set: 0.0ms
[2023-11-10T11:56:52.181-0800][77015813ms] GC(23969)   Evacuate Collection Set: 1.7ms
[2023-11-10T11:56:52.181-0800][77015813ms] GC(23969)   Post Evacuate Collection Set: 3.0ms
[2023-11-10T11:56:52.181-0800][77015813ms] GC(23969)   Other: 0.3ms
[2023-11-10T11:56:52.181-0800][77015813ms] GC(23969) Eden regions: 174->0(174)
[2023-11-10T11:56:52.181-0800][77015813ms] GC(23969) Survivor regions: 1->1(22)
[2023-11-10T11:56:52.181-0800][77015813ms] GC(23969) Old regions: 1439->1439
[2023-11-10T11:56:52.181-0800][77015813ms] GC(23969) Humongous regions: 5->5
[2023-11-10T11:56:52.181-0800][77015813ms] GC(23969) Metaspace: 304986K->304986K(1349632K)
[2023-11-10T11:56:52.181-0800][77015813ms] GC(23969) Pause Young (Normal) (G1 Evacuation Pause) 3234M->2886M(3602M) 5.149ms
[2023-11-10T11:56:52.181-0800][77015813ms] GC(23969) User=0.02s Sys=0.00s Real=0.00s
[2023-11-10T11:56:52.562-0800][77016194ms] GC(23970) Pause Young (Normal) (G1 Evacuation Pause)
[2023-11-10T11:56:52.562-0800][77016194ms] GC(23970) Using 10 workers of 10 for evacuation
[2023-11-10T11:56:52.566-0800][77016198ms] GC(23970)   Pre Evacuate Collection Set: 0.0ms
[2023-11-10T11:56:52.566-0800][77016198ms] GC(23970)   Evacuate Collection Set: 1.9ms
[2023-11-10T11:56:52.566-0800][77016198ms] GC(23970)   Post Evacuate Collection Set: 3.1ms
[2023-11-10T11:56:52.566-0800][77016198ms] GC(23970)   Other: 0.3ms
[2023-11-10T11:56:52.566-0800][77016198ms] GC(23970) Eden regions: 174->0(174)
[2023-11-10T11:56:52.566-0800][77016198ms] GC(23970) Survivor regions: 1->1(22)
[2023-11-10T11:56:52.566-0800][77016198ms] GC(23970) Old regions: 1439->1439
[2023-11-10T11:56:52.566-0800][77016198ms] GC(23970) Humongous regions: 5->5
[2023-11-10T11:56:52.566-0800][77016198ms] GC(23970) Metaspace: 304986K->304986K(1349632K)
[2023-11-10T11:56:52.566-0800][77016198ms] GC(23970) Pause Young (Normal) (G1 Evacuation Pause) 3234M->2886M(3602M) 5.438ms
[2023-11-10T11:56:52.566-0800][77016198ms] GC(23970) User=0.00s Sys=0.00s Real=0.00s
[2023-11-10T11:56:52.917-0800][77016549ms] GC(23971) Pause Young (Normal) (G1 Evacuation Pause)
[2023-11-10T11:56:52.917-0800][77016549ms] GC(23971) Using 10 workers of 10 for evacuation
[2023-11-10T11:56:52.923-0800][77016555ms] GC(23971)   Pre Evacuate Collection Set: 0.0ms
[2023-11-10T11:56:52.924-0800][77016556ms] GC(23971)   Evacuate Collection Set: 2.0ms
[2023-11-10T11:56:52.924-0800][77016556ms] GC(23971)   Post Evacuate Collection Set: 3.6ms
[2023-11-10T11:56:52.924-0800][77016556ms] GC(23971)   Other: 0.3ms
[2023-11-10T11:56:52.924-0800][77016556ms] GC(23971) Eden regions: 174->0(174)
[2023-11-10T11:56:52.924-0800][77016556ms] GC(23971) Survivor regions: 1->1(22)
[2023-11-10T11:56:52.924-0800][77016556ms] GC(23971) Old regions: 1439->1439
[2023-11-10T11:56:52.924-0800][77016556ms] GC(23971) Humongous regions: 5->5
[2023-11-10T11:56:52.924-0800][77016556ms] GC(23971) Metaspace: 304986K->304986K(1349632K)
[2023-11-10T11:56:52.924-0800][77016556ms] GC(23971) Pause Young (Normal) (G1 Evacuation Pause) 3234M->2887M(3602M) 5.962ms
[2023-11-10T11:56:52.924-0800][77016556ms] GC(23971) User=0.00s Sys=0.00s Real=0.01s
[2023-11-10T11:56:53.317-0800][77016950ms] GC(23972) Pause Young (Normal) (G1 Evacuation Pause)
[2023-11-10T11:56:53.318-0800][77016950ms] GC(23972) Using 10 workers of 10 for evacuation
[2023-11-10T11:56:53.323-0800][77016955ms] GC(23972)   Pre Evacuate Collection Set: 0.0ms
[2023-11-10T11:56:53.324-0800][77016956ms] GC(23972)   Evacuate Collection Set: 2.2ms
[2023-11-10T11:56:53.324-0800][77016956ms] GC(23972)   Post Evacuate Collection Set: 4.0ms
[2023-11-10T11:56:53.324-0800][77016956ms] GC(23972)   Other: 0.3ms
[2023-11-10T11:56:53.324-0800][77016956ms] GC(23972) Eden regions: 174->0(174)
[2023-11-10T11:56:53.324-0800][77016956ms] GC(23972) Survivor regions: 1->1(22)
[2023-11-10T11:56:53.324-0800][77016956ms] GC(23972) Old regions: 1439->1439
[2023-11-10T11:56:53.324-0800][77016956ms] GC(23972) Humongous regions: 5->5
[2023-11-10T11:56:53.324-0800][77016956ms] GC(23972) Metaspace: 304986K->304986K(1349632K)
[2023-11-10T11:56:53.324-0800][77016956ms] GC(23972) Pause Young (Normal) (G1 Evacuation Pause) 3235M->2886M(3602M) 6.684ms
[2023-11-10T11:56:53.324-0800][77016956ms] GC(23972) User=0.02s Sys=0.00s Real=0.01s
[2023-11-10T11:56:53.712-0800][77017344ms] GC(23973) Pause Young (Normal) (G1 Evacuation Pause)
[2023-11-10T11:56:53.712-0800][77017344ms] GC(23973) Using 10 workers of 10 for evacuation
[2023-11-10T11:56:53.720-0800][77017352ms] GC(23973)   Pre Evacuate Collection Set: 0.0ms
[2023-11-10T11:56:53.720-0800][77017352ms] GC(23973)   Evacuate Collection Set: 2.0ms
[2023-11-10T11:56:53.720-0800][77017352ms] GC(23973)   Post Evacuate Collection Set: 4.7ms
[2023-11-10T11:56:53.720-0800][77017352ms] GC(23973)   Other: 0.4ms
[2023-11-10T11:56:53.720-0800][77017352ms] GC(23973) Eden regions: 174->0(174)
[2023-11-10T11:56:53.720-0800][77017352ms] GC(23973) Survivor regions: 1->1(22)
[2023-11-10T11:56:53.720-0800][77017352ms] GC(23973) Old regions: 1439->1439
[2023-11-10T11:56:53.720-0800][77017352ms] GC(23973) Humongous regions: 5->5
[2023-11-10T11:56:53.720-0800][77017352ms] GC(23973) Metaspace: 304986K->304986K(1349632K)
[2023-11-10T11:56:53.720-0800][77017352ms] GC(23973) Pause Young (Normal) (G1 Evacuation Pause) 3234M->2886M(3602M) 7.313ms
[2023-11-10T11:56:53.720-0800][77017352ms] GC(23973) User=0.00s Sys=0.00s Real=0.01s
[2023-11-10T11:56:54.196-0800][77017828ms] GC(23974) Pause Young (Normal) (G1 Evacuation Pause)
[2023-11-10T11:56:54.196-0800][77017828ms] GC(23974) Using 10 workers of 10 for evacuation
[2023-11-10T11:56:54.201-0800][77017833ms] GC(23974)   Pre Evacuate Collection Set: 0.1ms
[2023-11-10T11:56:54.201-0800][77017833ms] GC(23974)   Evacuate Collection Set: 1.7ms
[2023-11-10T11:56:54.201-0800][77017833ms] GC(23974)   Post Evacuate Collection Set: 2.9ms
[2023-11-10T11:56:54.201-0800][77017833ms] GC(23974)   Other: 0.3ms
[2023-11-10T11:56:54.201-0800][77017833ms] GC(23974) Eden regions: 174->0(174)
[2023-11-10T11:56:54.201-0800][77017833ms] GC(23974) Survivor regions: 1->1(22)
[2023-11-10T11:56:54.201-0800][77017833ms] GC(23974) Old regions: 1439->1439
[2023-11-10T11:56:54.201-0800][77017833ms] GC(23974) Humongous regions: 5->5
[2023-11-10T11:56:54.201-0800][77017833ms] GC(23974) Metaspace: 304986K->304986K(1349632K)
[2023-11-10T11:56:54.201-0800][77017833ms] GC(23974) Pause Young (Normal) (G1 Evacuation Pause) 3234M->2886M(3602M) 5.116ms
[2023-11-10T11:56:54.201-0800][77017833ms] GC(23974) User=0.00s Sys=0.00s Real=0.00s
[2023-11-10T11:56:54.667-0800][77018299ms] GC(23975) Pause Young (Normal) (G1 Evacuation Pause)
[2023-11-10T11:56:54.667-0800][77018299ms] GC(23975) Using 10 workers of 10 for evacuation
[2023-11-10T11:56:54.675-0800][77018307ms] GC(23975)   Pre Evacuate Collection Set: 0.1ms
[2023-11-10T11:56:54.675-0800][77018307ms] GC(23975)   Evacuate Collection Set: 2.5ms
[2023-11-10T11:56:54.675-0800][77018307ms] GC(23975)   Post Evacuate Collection Set: 3.8ms
[2023-11-10T11:56:54.675-0800][77018307ms] GC(23975)   Other: 0.3ms
[2023-11-10T11:56:54.675-0800][77018307ms] GC(23975) Eden regions: 174->0(174)
[2023-11-10T11:56:54.675-0800][77018307ms] GC(23975) Survivor regions: 1->1(22)
[2023-11-10T11:56:54.675-0800][77018307ms] GC(23975) Old regions: 1439->1439
[2023-11-10T11:56:54.675-0800][77018307ms] GC(23975) Humongous regions: 5->5
[2023-11-10T11:56:54.675-0800][77018307ms] GC(23975) Metaspace: 304986K->304986K(1349632K)
[2023-11-10T11:56:54.675-0800][77018307ms] GC(23975) Pause Young (Normal) (G1 Evacuation Pause) 3234M->2886M(3602M) 6.850ms
[2023-11-10T11:56:54.675-0800][77018307ms] GC(23975) User=0.00s Sys=0.00s Real=0.01s
[2023-11-10T11:56:55.123-0800][77018755ms] GC(23976) Pause Young (Normal) (G1 Evacuation Pause)
[2023-11-10T11:56:55.123-0800][77018755ms] GC(23976) Using 10 workers of 10 for evacuation
[2023-11-10T11:56:55.129-0800][77018761ms] GC(23976)   Pre Evacuate Collection Set: 0.1ms
[2023-11-10T11:56:55.129-0800][77018761ms] GC(23976)   Evacuate Collection Set: 2.0ms
[2023-11-10T11:56:55.129-0800][77018761ms] GC(23976)   Post Evacuate Collection Set: 4.0ms
[2023-11-10T11:56:55.129-0800][77018761ms] GC(23976)   Other: 0.3ms
[2023-11-10T11:56:55.129-0800][77018761ms] GC(23976) Eden regions: 174->0(174)
[2023-11-10T11:56:55.129-0800][77018761ms] GC(23976) Survivor regions: 1->1(22)
[2023-11-10T11:56:55.129-0800][77018761ms] GC(23976) Old regions: 1439->1439
[2023-11-10T11:56:55.129-0800][77018761ms] GC(23976) Humongous regions: 5->5
[2023-11-10T11:56:55.129-0800][77018761ms] GC(23976) Metaspace: 304986K->304986K(1349632K)
[2023-11-10T11:56:55.129-0800][77018761ms] GC(23976) Pause Young (Normal) (G1 Evacuation Pause) 3234M->2886M(3602M) 6.396ms
[2023-11-10T11:56:55.129-0800][77018761ms] GC(23976) User=0.00s Sys=0.00s Real=0.01s
[2023-11-10T11:56:55.506-0800][77019138ms] GC(23977) Pause Young (Normal) (G1 Evacuation Pause)
[2023-11-10T11:56:55.506-0800][77019138ms] GC(23977) Using 10 workers of 10 for evacuation
[2023-11-10T11:56:55.512-0800][77019144ms] GC(23977)   Pre Evacuate Collection Set: 0.1ms
[2023-11-10T11:56:55.512-0800][77019144ms] GC(23977)   Evacuate Collection Set: 1.6ms
[2023-11-10T11:56:55.512-0800][77019144ms] GC(23977)   Post Evacuate Collection Set: 4.8ms
[2023-11-10T11:56:55.512-0800][77019144ms] GC(23977)   Other: 0.4ms
[2023-11-10T11:56:55.512-0800][77019144ms] GC(23977) Eden regions: 174->0(174)
[2023-11-10T11:56:55.512-0800][77019144ms] GC(23977) Survivor regions: 1->1(22)
[2023-11-10T11:56:55.512-0800][77019144ms] GC(23977) Old regions: 1439->1439
[2023-11-10T11:56:55.512-0800][77019144ms] GC(23977) Humongous regions: 5->5
[2023-11-10T11:56:55.512-0800][77019144ms] GC(23977) Metaspace: 304986K->304986K(1349632K)
[2023-11-10T11:56:55.512-0800][77019144ms] GC(23977) Pause Young (Normal) (G1 Evacuation Pause) 3234M->2886M(3602M) 7.007ms
[2023-11-10T11:56:55.513-0800][77019145ms] GC(23977) User=0.16s Sys=0.00s Real=0.01s
[2023-11-10T11:56:55.929-0800][77019561ms] GC(23978) Pause Young (Normal) (G1 Evacuation Pause)
[2023-11-10T11:56:55.929-0800][77019561ms] GC(23978) Using 10 workers of 10 for evacuation
[2023-11-10T11:56:55.934-0800][77019566ms] GC(23978)   Pre Evacuate Collection Set: 0.0ms
[2023-11-10T11:56:55.934-0800][77019566ms] GC(23978)   Evacuate Collection Set: 1.6ms
[2023-11-10T11:56:55.934-0800][77019566ms] GC(23978)   Post Evacuate Collection Set: 3.4ms
[2023-11-10T11:56:55.934-0800][77019566ms] GC(23978)   Other: 0.2ms
[2023-11-10T11:56:55.934-0800][77019566ms] GC(23978) Eden regions: 174->0(174)
[2023-11-10T11:56:55.934-0800][77019566ms] GC(23978) Survivor regions: 1->1(22)
[2023-11-10T11:56:55.934-0800][77019566ms] GC(23978) Old regions: 1439->1439
[2023-11-10T11:56:55.934-0800][77019566ms] GC(23978) Humongous regions: 5->5
[2023-11-10T11:56:55.934-0800][77019566ms] GC(23978) Metaspace: 304986K->304986K(1349632K)
[2023-11-10T11:56:55.934-0800][77019566ms] GC(23978) Pause Young (Normal) (G1 Evacuation Pause) 3234M->2886M(3602M) 5.425ms
[2023-11-10T11:56:55.934-0800][77019566ms] GC(23978) User=0.00s Sys=0.00s Real=0.01s
[2023-11-10T11:56:56.379-0800][77020011ms] GC(23979) Pause Young (Normal) (G1 Evacuation Pause)
[2023-11-10T11:56:56.379-0800][77020011ms] GC(23979) Using 10 workers of 10 for evacuation
[2023-11-10T11:56:56.384-0800][77020016ms] GC(23979)   Pre Evacuate Collection Set: 0.1ms
[2023-11-10T11:56:56.384-0800][77020016ms] GC(23979)   Evacuate Collection Set: 2.0ms
[2023-11-10T11:56:56.384-0800][77020016ms] GC(23979)   Post Evacuate Collection Set: 3.2ms
[2023-11-10T11:56:56.384-0800][77020016ms] GC(23979)   Other: 0.4ms
[2023-11-10T11:56:56.384-0800][77020016ms] GC(23979) Eden regions: 174->0(174)
[2023-11-10T11:56:56.384-0800][77020016ms] GC(23979) Survivor regions: 1->1(22)
[2023-11-10T11:56:56.384-0800][77020016ms] GC(23979) Old regions: 1439->1439
[2023-11-10T11:56:56.384-0800][77020016ms] GC(23979) Humongous regions: 5->5
[2023-11-10T11:56:56.384-0800][77020016ms] GC(23979) Metaspace: 304986K->304986K(1349632K)
[2023-11-10T11:56:56.384-0800][77020016ms] GC(23979) Pause Young (Normal) (G1 Evacuation Pause) 3234M->2886M(3602M) 5.778ms
[2023-11-10T11:56:56.384-0800][77020016ms] GC(23979) User=0.02s Sys=0.00s Real=0.01s
[2023-11-10T11:56:56.763-0800][77020395ms] GC(23980) Pause Young (Normal) (G1 Evacuation Pause)
[2023-11-10T11:56:56.763-0800][77020395ms] GC(23980) Using 10 workers of 10 for evacuation
[2023-11-10T11:56:56.770-0800][77020402ms] GC(23980)   Pre Evacuate Collection Set: 0.1ms
[2023-11-10T11:56:56.770-0800][77020402ms] GC(23980)   Evacuate Collection Set: 1.7ms
[2023-11-10T11:56:56.770-0800][77020402ms] GC(23980)   Post Evacuate Collection Set: 4.7ms
[2023-11-10T11:56:56.770-0800][77020402ms] GC(23980)   Other: 0.4ms
[2023-11-10T11:56:56.770-0800][77020402ms] GC(23980) Eden regions: 174->0(174)
[2023-11-10T11:56:56.770-0800][77020402ms] GC(23980) Survivor regions: 1->1(22)
[2023-11-10T11:56:56.770-0800][77020402ms] GC(23980) Old regions: 1439->1439
[2023-11-10T11:56:56.770-0800][77020402ms] GC(23980) Humongous regions: 5->5
[2023-11-10T11:56:56.770-0800][77020402ms] GC(23980) Metaspace: 304986K->304986K(1349632K)
[2023-11-10T11:56:56.770-0800][77020402ms] GC(23980) Pause Young (Normal) (G1 Evacuation Pause) 3234M->2887M(3602M) 6.984ms
[2023-11-10T11:56:56.770-0800][77020402ms] GC(23980) User=0.00s Sys=0.00s Real=0.01s
[2023-11-10T11:56:57.207-0800][77020839ms] GC(23981) Pause Young (Normal) (G1 Evacuation Pause)
[2023-11-10T11:56:57.207-0800][77020839ms] GC(23981) Using 10 workers of 10 for evacuation
[2023-11-10T11:56:57.212-0800][77020844ms] GC(23981)   Pre Evacuate Collection Set: 0.0ms
[2023-11-10T11:56:57.212-0800][77020844ms] GC(23981)   Evacuate Collection Set: 1.6ms
[2023-11-10T11:56:57.212-0800][77020844ms] GC(23981)   Post Evacuate Collection Set: 3.2ms
[2023-11-10T11:56:57.212-0800][77020844ms] GC(23981)   Other: 0.2ms
[2023-11-10T11:56:57.212-0800][77020844ms] GC(23981) Eden regions: 174->0(174)
[2023-11-10T11:56:57.212-0800][77020844ms] GC(23981) Survivor regions: 1->1(22)
[2023-11-10T11:56:57.212-0800][77020844ms] GC(23981) Old regions: 1439->1439
[2023-11-10T11:56:57.212-0800][77020844ms] GC(23981) Humongous regions: 5->5
[2023-11-10T11:56:57.212-0800][77020844ms] GC(23981) Metaspace: 304986K->304986K(1349632K)
[2023-11-10T11:56:57.212-0800][77020844ms] GC(23981) Pause Young (Normal) (G1 Evacuation Pause) 3235M->2886M(3602M) 5.201ms
[2023-11-10T11:56:57.212-0800][77020844ms] GC(23981) User=0.02s Sys=0.00s Real=0.00s
[2023-11-10T11:56:57.642-0800][77021274ms] GC(23982) Pause Young (Normal) (G1 Evacuation Pause)
[2023-11-10T11:56:57.642-0800][77021274ms] GC(23982) Using 10 workers of 10 for evacuation
[2023-11-10T11:56:57.647-0800][77021279ms] GC(23982)   Pre Evacuate Collection Set: 0.0ms
[2023-11-10T11:56:57.647-0800][77021279ms] GC(23982)   Evacuate Collection Set: 1.6ms
[2023-11-10T11:56:57.648-0800][77021280ms] GC(23982)   Post Evacuate Collection Set: 3.0ms
[2023-11-10T11:56:57.648-0800][77021280ms] GC(23982)   Other: 0.3ms
[2023-11-10T11:56:57.648-0800][77021280ms] GC(23982) Eden regions: 174->0(174)
[2023-11-10T11:56:57.648-0800][77021280ms] GC(23982) Survivor regions: 1->1(22)
[2023-11-10T11:56:57.648-0800][77021280ms] GC(23982) Old regions: 1439->1439
[2023-11-10T11:56:57.648-0800][77021280ms] GC(23982) Humongous regions: 5->5
[2023-11-10T11:56:57.648-0800][77021280ms] GC(23982) Metaspace: 304986K->304986K(1349632K)
[2023-11-10T11:56:57.648-0800][77021280ms] GC(23982) Pause Young (Normal) (G1 Evacuation Pause) 3234M->2886M(3602M) 5.028ms
[2023-11-10T11:56:57.648-0800][77021280ms] GC(23982) User=0.00s Sys=0.00s Real=0.01s
[2023-11-10T11:56:58.086-0800][77021718ms] GC(23983) Pause Young (Normal) (G1 Evacuation Pause)
[2023-11-10T11:56:58.086-0800][77021718ms] GC(23983) Using 10 workers of 10 for evacuation
[2023-11-10T11:56:58.090-0800][77021722ms] GC(23983)   Pre Evacuate Collection Set: 0.0ms
[2023-11-10T11:56:58.091-0800][77021723ms] GC(23983)   Evacuate Collection Set: 1.6ms
[2023-11-10T11:56:58.091-0800][77021723ms] GC(23983)   Post Evacuate Collection Set: 3.3ms
[2023-11-10T11:56:58.091-0800][77021723ms] GC(23983)   Other: 0.2ms
[2023-11-10T11:56:58.091-0800][77021723ms] GC(23983) Eden regions: 174->0(174)
[2023-11-10T11:56:58.091-0800][77021723ms] GC(23983) Survivor regions: 1->1(22)
[2023-11-10T11:56:58.091-0800][77021723ms] GC(23983) Old regions: 1439->1439
[2023-11-10T11:56:58.091-0800][77021723ms] GC(23983) Humongous regions: 5->5
[2023-11-10T11:56:58.091-0800][77021723ms] GC(23983) Metaspace: 304986K->304986K(1349632K)
[2023-11-10T11:56:58.091-0800][77021723ms] GC(23983) Pause Young (Normal) (G1 Evacuation Pause) 3234M->2886M(3602M) 5.339ms
[2023-11-10T11:56:58.091-0800][77021723ms] GC(23983) User=0.00s Sys=0.00s Real=0.01s
[2023-11-10T11:56:58.645-0800][77022277ms] GC(23984) Pause Young (Normal) (G1 Evacuation Pause)
[2023-11-10T11:56:58.645-0800][77022277ms] GC(23984) Using 10 workers of 10 for evacuation
[2023-11-10T11:56:58.651-0800][77022283ms] GC(23984)   Pre Evacuate Collection Set: 0.0ms
[2023-11-10T11:56:58.651-0800][77022283ms] GC(23984)   Evacuate Collection Set: 1.7ms
[2023-11-10T11:56:58.651-0800][77022283ms] GC(23984)   Post Evacuate Collection Set: 3.3ms
[2023-11-10T11:56:58.651-0800][77022283ms] GC(23984)   Other: 0.3ms
[2023-11-10T11:56:58.651-0800][77022283ms] GC(23984) Eden regions: 174->0(174)
[2023-11-10T11:56:58.651-0800][77022283ms] GC(23984) Survivor regions: 1->1(22)
[2023-11-10T11:56:58.651-0800][77022283ms] GC(23984) Old regions: 1439->1439
[2023-11-10T11:56:58.651-0800][77022283ms] GC(23984) Humongous regions: 5->5
[2023-11-10T11:56:58.651-0800][77022283ms] GC(23984) Metaspace: 304986K->304986K(1349632K)
[2023-11-10T11:56:58.651-0800][77022283ms] GC(23984) Pause Young (Normal) (G1 Evacuation Pause) 3234M->2886M(3602M) 5.429ms
[2023-11-10T11:56:58.651-0800][77022283ms] GC(23984) User=0.00s Sys=0.00s Real=0.01s
[2023-11-10T11:56:59.069-0800][77022702ms] GC(23985) Pause Young (Normal) (G1 Evacuation Pause)
[2023-11-10T11:56:59.070-0800][77022702ms] GC(23985) Using 10 workers of 10 for evacuation
[2023-11-10T11:56:59.075-0800][77022707ms] GC(23985)   Pre Evacuate Collection Set: 0.0ms
[2023-11-10T11:56:59.075-0800][77022707ms] GC(23985)   Evacuate Collection Set: 1.7ms
[2023-11-10T11:56:59.075-0800][77022707ms] GC(23985)   Post Evacuate Collection Set: 3.3ms
[2023-11-10T11:56:59.075-0800][77022707ms] GC(23985)   Other: 0.3ms
[2023-11-10T11:56:59.075-0800][77022707ms] GC(23985) Eden regions: 174->0(174)
[2023-11-10T11:56:59.075-0800][77022707ms] GC(23985) Survivor regions: 1->1(22)
[2023-11-10T11:56:59.075-0800][77022707ms] GC(23985) Old regions: 1439->1439
[2023-11-10T11:56:59.075-0800][77022707ms] GC(23985) Humongous regions: 5->5
[2023-11-10T11:56:59.075-0800][77022707ms] GC(23985) Metaspace: 304986K->304986K(1349632K)
[2023-11-10T11:56:59.075-0800][77022707ms] GC(23985) Pause Young (Normal) (G1 Evacuation Pause) 3234M->2886M(3602M) 5.338ms
[2023-11-10T11:56:59.075-0800][77022707ms] GC(23985) User=0.00s Sys=0.00s Real=0.01s
[2023-11-10T11:56:59.475-0800][77023107ms] GC(23986) Pause Young (Normal) (G1 Evacuation Pause)
[2023-11-10T11:56:59.475-0800][77023107ms] GC(23986) Using 10 workers of 10 for evacuation
[2023-11-10T11:56:59.482-0800][77023114ms] GC(23986)   Pre Evacuate Collection Set: 0.0ms
[2023-11-10T11:56:59.482-0800][77023114ms] GC(23986)   Evacuate Collection Set: 2.4ms
[2023-11-10T11:56:59.482-0800][77023114ms] GC(23986)   Post Evacuate Collection Set: 4.4ms
[2023-11-10T11:56:59.482-0800][77023114ms] GC(23986)   Other: 0.3ms
[2023-11-10T11:56:59.482-0800][77023114ms] GC(23986) Eden regions: 174->0(174)
[2023-11-10T11:56:59.482-0800][77023114ms] GC(23986) Survivor regions: 1->1(22)
[2023-11-10T11:56:59.482-0800][77023114ms] GC(23986) Old regions: 1439->1439
[2023-11-10T11:56:59.482-0800][77023114ms] GC(23986) Humongous regions: 5->5
[2023-11-10T11:56:59.482-0800][77023114ms] GC(23986) Metaspace: 304986K->304986K(1349632K)
[2023-11-10T11:56:59.482-0800][77023114ms] GC(23986) Pause Young (Normal) (G1 Evacuation Pause) 3234M->2887M(3602M) 7.301ms
[2023-11-10T11:56:59.482-0800][77023114ms] GC(23986) User=0.00s Sys=0.00s Real=0.01s
[2023-11-10T11:56:59.937-0800][77023569ms] GC(23987) Pause Young (Normal) (G1 Evacuation Pause)
[2023-11-10T11:56:59.937-0800][77023569ms] GC(23987) Using 10 workers of 10 for evacuation
[2023-11-10T11:56:59.942-0800][77023574ms] GC(23987)   Pre Evacuate Collection Set: 0.0ms
[2023-11-10T11:56:59.942-0800][77023574ms] GC(23987)   Evacuate Collection Set: 1.7ms
[2023-11-10T11:56:59.942-0800][77023574ms] GC(23987)   Post Evacuate Collection Set: 3.1ms
[2023-11-10T11:56:59.942-0800][77023574ms] GC(23987)   Other: 0.3ms
[2023-11-10T11:56:59.942-0800][77023574ms] GC(23987) Eden regions: 174->0(174)
[2023-11-10T11:56:59.942-0800][77023574ms] GC(23987) Survivor regions: 1->1(22)
[2023-11-10T11:56:59.942-0800][77023574ms] GC(23987) Old regions: 1439->1439
[2023-11-10T11:56:59.942-0800][77023574ms] GC(23987) Humongous regions: 5->5
[2023-11-10T11:56:59.942-0800][77023574ms] GC(23987) Metaspace: 304986K->304986K(1349632K)
[2023-11-10T11:56:59.942-0800][77023574ms] GC(23987) Pause Young (Normal) (G1 Evacuation Pause) 3235M->2886M(3602M) 5.179ms
[2023-11-10T11:56:59.942-0800][77023574ms] GC(23987) User=0.00s Sys=0.00s Real=0.00s
[2023-11-10T11:57:00.315-0800][77023947ms] GC(23988) Pause Young (Normal) (G1 Evacuation Pause)
[2023-11-10T11:57:00.315-0800][77023947ms] GC(23988) Using 10 workers of 10 for evacuation
[2023-11-10T11:57:00.320-0800][77023952ms] GC(23988)   Pre Evacuate Collection Set: 0.0ms
[2023-11-10T11:57:00.320-0800][77023952ms] GC(23988)   Evacuate Collection Set: 1.7ms
[2023-11-10T11:57:00.320-0800][77023952ms] GC(23988)   Post Evacuate Collection Set: 2.9ms
[2023-11-10T11:57:00.320-0800][77023952ms] GC(23988)   Other: 0.3ms
[2023-11-10T11:57:00.320-0800][77023952ms] GC(23988) Eden regions: 174->0(174)
[2023-11-10T11:57:00.320-0800][77023952ms] GC(23988) Survivor regions: 1->1(22)
[2023-11-10T11:57:00.320-0800][77023952ms] GC(23988) Old regions: 1439->1439
[2023-11-10T11:57:00.320-0800][77023952ms] GC(23988) Humongous regions: 5->5
[2023-11-10T11:57:00.320-0800][77023952ms] GC(23988) Metaspace: 304986K->304986K(1349632K)
[2023-11-10T11:57:00.320-0800][77023952ms] GC(23988) Pause Young (Normal) (G1 Evacuation Pause) 3234M->2886M(3602M) 5.111ms
[2023-11-10T11:57:00.320-0800][77023952ms] GC(23988) User=0.02s Sys=0.00s Real=0.00s
[2023-11-10T11:57:00.694-0800][77024326ms] GC(23989) Pause Young (Normal) (G1 Evacuation Pause)
[2023-11-10T11:57:00.694-0800][77024326ms] GC(23989) Using 10 workers of 10 for evacuation
[2023-11-10T11:57:00.700-0800][77024332ms] GC(23989)   Pre Evacuate Collection Set: 0.0ms
[2023-11-10T11:57:00.701-0800][77024333ms] GC(23989)   Evacuate Collection Set: 1.7ms
[2023-11-10T11:57:00.701-0800][77024333ms] GC(23989)   Post Evacuate Collection Set: 4.0ms
[2023-11-10T11:57:00.701-0800][77024333ms] GC(23989)   Other: 0.4ms
[2023-11-10T11:57:00.701-0800][77024333ms] GC(23989) Eden regions: 174->0(174)
[2023-11-10T11:57:00.701-0800][77024333ms] GC(23989) Survivor regions: 1->1(22)
[2023-11-10T11:57:00.701-0800][77024333ms] GC(23989) Old regions: 1439->1439
[2023-11-10T11:57:00.701-0800][77024333ms] GC(23989) Humongous regions: 5->5
[2023-11-10T11:57:00.701-0800][77024333ms] GC(23989) Metaspace: 304986K->304986K(1349632K)
[2023-11-10T11:57:00.701-0800][77024333ms] GC(23989) Pause Young (Normal) (G1 Evacuation Pause) 3234M->2886M(3602M) 6.200ms
[2023-11-10T11:57:00.701-0800][77024333ms] GC(23989) User=0.00s Sys=0.00s Real=0.01s
[2023-11-10T11:57:01.078-0800][77024710ms] GC(23990) Pause Young (Normal) (G1 Evacuation Pause)
[2023-11-10T11:57:01.078-0800][77024710ms] GC(23990) Using 10 workers of 10 for evacuation
[2023-11-10T11:57:01.083-0800][77024715ms] GC(23990)   Pre Evacuate Collection Set: 0.0ms
[2023-11-10T11:57:01.083-0800][77024715ms] GC(23990)   Evacuate Collection Set: 1.9ms
[2023-11-10T11:57:01.083-0800][77024715ms] GC(23990)   Post Evacuate Collection Set: 3.1ms
[2023-11-10T11:57:01.083-0800][77024715ms] GC(23990)   Other: 0.3ms
[2023-11-10T11:57:01.083-0800][77024715ms] GC(23990) Eden regions: 174->0(174)
[2023-11-10T11:57:01.083-0800][77024715ms] GC(23990) Survivor regions: 1->1(22)
[2023-11-10T11:57:01.083-0800][77024715ms] GC(23990) Old regions: 1439->1439
[2023-11-10T11:57:01.083-0800][77024715ms] GC(23990) Humongous regions: 5->5
[2023-11-10T11:57:01.083-0800][77024715ms] GC(23990) Metaspace: 304986K->304986K(1349632K)
[2023-11-10T11:57:01.083-0800][77024715ms] GC(23990) Pause Young (Normal) (G1 Evacuation Pause) 3234M->2887M(3602M) 5.405ms
[2023-11-10T11:57:01.083-0800][77024715ms] GC(23990) User=0.00s Sys=0.00s Real=0.00s
[2023-11-10T11:57:01.475-0800][77025107ms] GC(23991) Pause Young (Normal) (G1 Evacuation Pause)
[2023-11-10T11:57:01.475-0800][77025107ms] GC(23991) Using 10 workers of 10 for evacuation
[2023-11-10T11:57:01.481-0800][77025113ms] GC(23991)   Pre Evacuate Collection Set: 0.1ms
[2023-11-10T11:57:01.481-0800][77025113ms] GC(23991)   Evacuate Collection Set: 1.8ms
[2023-11-10T11:57:01.481-0800][77025113ms] GC(23991)   Post Evacuate Collection Set: 3.4ms
[2023-11-10T11:57:01.481-0800][77025113ms] GC(23991)   Other: 0.3ms
[2023-11-10T11:57:01.481-0800][77025113ms] GC(23991) Eden regions: 174->0(174)
[2023-11-10T11:57:01.481-0800][77025113ms] GC(23991) Survivor regions: 1->1(22)
[2023-11-10T11:57:01.481-0800][77025113ms] GC(23991) Old regions: 1439->1439
[2023-11-10T11:57:01.481-0800][77025113ms] GC(23991) Humongous regions: 5->5
[2023-11-10T11:57:01.481-0800][77025113ms] GC(23991) Metaspace: 304986K->304986K(1349632K)
[2023-11-10T11:57:01.481-0800][77025113ms] GC(23991) Pause Young (Normal) (G1 Evacuation Pause) 3235M->2886M(3602M) 5.683ms
[2023-11-10T11:57:01.481-0800][77025113ms] GC(23991) User=0.14s Sys=0.00s Real=0.01s
[2023-11-10T11:57:01.918-0800][77025550ms] GC(23992) Pause Young (Normal) (G1 Evacuation Pause)
[2023-11-10T11:57:01.918-0800][77025550ms] GC(23992) Using 10 workers of 10 for evacuation
[2023-11-10T11:57:01.923-0800][77025555ms] GC(23992)   Pre Evacuate Collection Set: 0.0ms
[2023-11-10T11:57:01.923-0800][77025555ms] GC(23992)   Evacuate Collection Set: 1.6ms
[2023-11-10T11:57:01.923-0800][77025555ms] GC(23992)   Post Evacuate Collection Set: 3.0ms
[2023-11-10T11:57:01.924-0800][77025556ms] GC(23992)   Other: 0.4ms
[2023-11-10T11:57:01.924-0800][77025556ms] GC(23992) Eden regions: 174->0(174)
[2023-11-10T11:57:01.924-0800][77025556ms] GC(23992) Survivor regions: 1->1(22)
[2023-11-10T11:57:01.924-0800][77025556ms] GC(23992) Old regions: 1439->1439
[2023-11-10T11:57:01.924-0800][77025556ms] GC(23992) Humongous regions: 5->5
[2023-11-10T11:57:01.924-0800][77025556ms] GC(23992) Metaspace: 304986K->304986K(1349632K)
[2023-11-10T11:57:01.924-0800][77025556ms] GC(23992) Pause Young (Normal) (G1 Evacuation Pause) 3234M->2886M(3602M) 5.194ms
[2023-11-10T11:57:01.924-0800][77025556ms] GC(23992) User=0.00s Sys=0.00s Real=0.01s
[2023-11-10T11:57:02.358-0800][77025990ms] GC(23993) Pause Young (Normal) (G1 Evacuation Pause)
[2023-11-10T11:57:02.358-0800][77025990ms] GC(23993) Using 10 workers of 10 for evacuation
[2023-11-10T11:57:02.365-0800][77025997ms] GC(23993)   Pre Evacuate Collection Set: 0.1ms
[2023-11-10T11:57:02.365-0800][77025997ms] GC(23993)   Evacuate Collection Set: 2.2ms
[2023-11-10T11:57:02.365-0800][77025997ms] GC(23993)   Post Evacuate Collection Set: 4.3ms
[2023-11-10T11:57:02.365-0800][77025997ms] GC(23993)   Other: 0.3ms
[2023-11-10T11:57:02.365-0800][77025997ms] GC(23993) Eden regions: 174->0(174)
[2023-11-10T11:57:02.365-0800][77025997ms] GC(23993) Survivor regions: 1->1(22)
[2023-11-10T11:57:02.365-0800][77025997ms] GC(23993) Old regions: 1439->1439
[2023-11-10T11:57:02.365-0800][77025997ms] GC(23993) Humongous regions: 5->5
[2023-11-10T11:57:02.365-0800][77025997ms] GC(23993) Metaspace: 304986K->304986K(1349632K)
[2023-11-10T11:57:02.365-0800][77025997ms] GC(23993) Pause Young (Normal) (G1 Evacuation Pause) 3234M->2886M(3602M) 7.021ms
[2023-11-10T11:57:02.365-0800][77025997ms] GC(23993) User=0.00s Sys=0.00s Real=0.01s
[2023-11-10T11:57:02.827-0800][77026459ms] GC(23994) Pause Young (Normal) (G1 Evacuation Pause)
[2023-11-10T11:57:02.829-0800][77026461ms] GC(23994) Using 10 workers of 10 for evacuation
[2023-11-10T11:57:02.834-0800][77026466ms] GC(23994)   Pre Evacuate Collection Set: 0.0ms
[2023-11-10T11:57:02.834-0800][77026466ms] GC(23994)   Evacuate Collection Set: 1.7ms
[2023-11-10T11:57:02.834-0800][77026466ms] GC(23994)   Post Evacuate Collection Set: 3.5ms
[2023-11-10T11:57:02.834-0800][77026466ms] GC(23994)   Other: 0.3ms
[2023-11-10T11:57:02.834-0800][77026466ms] GC(23994) Eden regions: 174->0(174)
[2023-11-10T11:57:02.834-0800][77026466ms] GC(23994) Survivor regions: 1->1(22)
[2023-11-10T11:57:02.834-0800][77026466ms] GC(23994) Old regions: 1439->1439
[2023-11-10T11:57:02.834-0800][77026466ms] GC(23994) Humongous regions: 5->5
[2023-11-10T11:57:02.834-0800][77026466ms] GC(23994) Metaspace: 304986K->304986K(1349632K)
[2023-11-10T11:57:02.834-0800][77026466ms] GC(23994) Pause Young (Normal) (G1 Evacuation Pause) 3234M->2886M(3602M) 5.586ms
[2023-11-10T11:57:02.834-0800][77026466ms] GC(23994) User=0.00s Sys=0.00s Real=0.01s
[2023-11-10T11:57:03.322-0800][77026954ms] GC(23995) Pause Young (Normal) (G1 Evacuation Pause)
[2023-11-10T11:57:03.322-0800][77026954ms] GC(23995) Using 10 workers of 10 for evacuation
[2023-11-10T11:57:03.328-0800][77026960ms] GC(23995)   Pre Evacuate Collection Set: 0.0ms
[2023-11-10T11:57:03.328-0800][77026960ms] GC(23995)   Evacuate Collection Set: 2.4ms
[2023-11-10T11:57:03.328-0800][77026960ms] GC(23995)   Post Evacuate Collection Set: 3.5ms
[2023-11-10T11:57:03.328-0800][77026960ms] GC(23995)   Other: 0.3ms
[2023-11-10T11:57:03.328-0800][77026960ms] GC(23995) Eden regions: 174->0(174)
[2023-11-10T11:57:03.328-0800][77026960ms] GC(23995) Survivor regions: 1->1(22)
[2023-11-10T11:57:03.328-0800][77026960ms] GC(23995) Old regions: 1439->1439
[2023-11-10T11:57:03.328-0800][77026960ms] GC(23995) Humongous regions: 5->5
[2023-11-10T11:57:03.328-0800][77026960ms] GC(23995) Metaspace: 304986K->304986K(1349632K)
[2023-11-10T11:57:03.328-0800][77026960ms] GC(23995) Pause Young (Normal) (G1 Evacuation Pause) 3234M->2886M(3602M) 6.339ms
[2023-11-10T11:57:03.328-0800][77026960ms] GC(23995) User=0.00s Sys=0.00s Real=0.01s
[2023-11-10T11:57:03.798-0800][77027430ms] GC(23996) Pause Young (Normal) (G1 Evacuation Pause)
[2023-11-10T11:57:03.798-0800][77027430ms] GC(23996) Using 10 workers of 10 for evacuation
[2023-11-10T11:57:03.806-0800][77027438ms] GC(23996)   Pre Evacuate Collection Set: 0.2ms
[2023-11-10T11:57:03.806-0800][77027438ms] GC(23996)   Evacuate Collection Set: 2.5ms
[2023-11-10T11:57:03.806-0800][77027438ms] GC(23996)   Post Evacuate Collection Set: 4.6ms
[2023-11-10T11:57:03.806-0800][77027438ms] GC(23996)   Other: 0.5ms
[2023-11-10T11:57:03.806-0800][77027438ms] GC(23996) Eden regions: 174->0(174)
[2023-11-10T11:57:03.806-0800][77027438ms] GC(23996) Survivor regions: 1->1(22)
[2023-11-10T11:57:03.806-0800][77027438ms] GC(23996) Old regions: 1439->1439
[2023-11-10T11:57:03.806-0800][77027438ms] GC(23996) Humongous regions: 5->5
[2023-11-10T11:57:03.806-0800][77027438ms] GC(23996) Metaspace: 304986K->304986K(1349632K)
[2023-11-10T11:57:03.806-0800][77027438ms] GC(23996) Pause Young (Normal) (G1 Evacuation Pause) 3234M->2886M(3602M) 7.806ms
[2023-11-10T11:57:03.806-0800][77027438ms] GC(23996) User=0.00s Sys=0.00s Real=0.01s
[2023-11-10T11:57:04.277-0800][77027910ms] GC(23997) Pause Young (Normal) (G1 Evacuation Pause)
[2023-11-10T11:57:04.278-0800][77027910ms] GC(23997) Using 10 workers of 10 for evacuation
[2023-11-10T11:57:04.283-0800][77027915ms] GC(23997)   Pre Evacuate Collection Set: 0.0ms
[2023-11-10T11:57:04.283-0800][77027915ms] GC(23997)   Evacuate Collection Set: 1.8ms
[2023-11-10T11:57:04.283-0800][77027915ms] GC(23997)   Post Evacuate Collection Set: 4.0ms
[2023-11-10T11:57:04.283-0800][77027915ms] GC(23997)   Other: 0.3ms
[2023-11-10T11:57:04.283-0800][77027915ms] GC(23997) Eden regions: 174->0(174)
[2023-11-10T11:57:04.283-0800][77027915ms] GC(23997) Survivor regions: 1->1(22)
[2023-11-10T11:57:04.283-0800][77027915ms] GC(23997) Old regions: 1439->1439
[2023-11-10T11:57:04.283-0800][77027915ms] GC(23997) Humongous regions: 5->5
[2023-11-10T11:57:04.283-0800][77027915ms] GC(23997) Metaspace: 304986K->304986K(1349632K)
[2023-11-10T11:57:04.284-0800][77027916ms] GC(23997) Pause Young (Normal) (G1 Evacuation Pause) 3234M->2887M(3602M) 6.280ms
[2023-11-10T11:57:04.284-0800][77027916ms] GC(23997) User=0.00s Sys=0.00s Real=0.01s
[2023-11-10T11:57:04.779-0800][77028411ms] GC(23998) Pause Young (Normal) (G1 Evacuation Pause)
[2023-11-10T11:57:04.779-0800][77028411ms] GC(23998) Using 10 workers of 10 for evacuation
[2023-11-10T11:57:04.785-0800][77028417ms] GC(23998)   Pre Evacuate Collection Set: 0.1ms
[2023-11-10T11:57:04.785-0800][77028417ms] GC(23998)   Evacuate Collection Set: 1.8ms
[2023-11-10T11:57:04.785-0800][77028417ms] GC(23998)   Post Evacuate Collection Set: 4.0ms
[2023-11-10T11:57:04.785-0800][77028417ms] GC(23998)   Other: 0.3ms
[2023-11-10T11:57:04.785-0800][77028417ms] GC(23998) Eden regions: 174->0(174)
[2023-11-10T11:57:04.785-0800][77028417ms] GC(23998) Survivor regions: 1->1(22)
[2023-11-10T11:57:04.785-0800][77028417ms] GC(23998) Old regions: 1439->1439
[2023-11-10T11:57:04.785-0800][77028417ms] GC(23998) Humongous regions: 5->5
[2023-11-10T11:57:04.785-0800][77028417ms] GC(23998) Metaspace: 304986K->304986K(1349632K)
[2023-11-10T11:57:04.785-0800][77028417ms] GC(23998) Pause Young (Normal) (G1 Evacuation Pause) 3235M->2887M(3602M) 6.415ms
[2023-11-10T11:57:04.785-0800][77028417ms] GC(23998) User=0.00s Sys=0.00s Real=0.01s
[2023-11-10T11:57:05.239-0800][77028871ms] GC(23999) Pause Young (Normal) (G1 Evacuation Pause)
[2023-11-10T11:57:05.239-0800][77028871ms] GC(23999) Using 10 workers of 10 for evacuation
[2023-11-10T11:57:05.246-0800][77028878ms] GC(23999)   Pre Evacuate Collection Set: 0.1ms
[2023-11-10T11:57:05.246-0800][77028878ms] GC(23999)   Evacuate Collection Set: 2.2ms
[2023-11-10T11:57:05.246-0800][77028878ms] GC(23999)   Post Evacuate Collection Set: 4.4ms
[2023-11-10T11:57:05.246-0800][77028878ms] GC(23999)   Other: 0.4ms
[2023-11-10T11:57:05.246-0800][77028878ms] GC(23999) Eden regions: 174->0(174)
[2023-11-10T11:57:05.246-0800][77028878ms] GC(23999) Survivor regions: 1->1(22)
[2023-11-10T11:57:05.246-0800][77028878ms] GC(23999) Old regions: 1439->1439
[2023-11-10T11:57:05.246-0800][77028878ms] GC(23999) Humongous regions: 5->5
[2023-11-10T11:57:05.246-0800][77028878ms] GC(23999) Metaspace: 304986K->304986K(1349632K)
[2023-11-10T11:57:05.246-0800][77028878ms] GC(23999) Pause Young (Normal) (G1 Evacuation Pause) 3235M->2887M(3602M) 7.260ms
[2023-11-10T11:57:05.246-0800][77028878ms] GC(23999) User=0.05s Sys=0.00s Real=0.01s
[2023-11-10T11:57:05.644-0800][77029276ms] GC(24000) Pause Young (Normal) (G1 Evacuation Pause)
[2023-11-10T11:57:05.644-0800][77029276ms] GC(24000) Using 10 workers of 10 for evacuation
[2023-11-10T11:57:05.650-0800][77029282ms] GC(24000)   Pre Evacuate Collection Set: 0.0ms
[2023-11-10T11:57:05.650-0800][77029282ms] GC(24000)   Evacuate Collection Set: 1.9ms
[2023-11-10T11:57:05.650-0800][77029282ms] GC(24000)   Post Evacuate Collection Set: 3.5ms
[2023-11-10T11:57:05.650-0800][77029282ms] GC(24000)   Other: 0.3ms
[2023-11-10T11:57:05.650-0800][77029282ms] GC(24000) Eden regions: 174->0(174)
[2023-11-10T11:57:05.650-0800][77029282ms] GC(24000) Survivor regions: 1->1(22)
[2023-11-10T11:57:05.650-0800][77029282ms] GC(24000) Old regions: 1439->1439
[2023-11-10T11:57:05.650-0800][77029282ms] GC(24000) Humongous regions: 5->5
[2023-11-10T11:57:05.650-0800][77029282ms] GC(24000) Metaspace: 304986K->304986K(1349632K)
[2023-11-10T11:57:05.650-0800][77029282ms] GC(24000) Pause Young (Normal) (G1 Evacuation Pause) 3235M->2887M(3602M) 5.897ms
[2023-11-10T11:57:05.650-0800][77029282ms] GC(24000) User=0.02s Sys=0.00s Real=0.01s
[2023-11-10T11:57:06.086-0800][77029718ms] GC(24001) Pause Young (Normal) (G1 Evacuation Pause)
[2023-11-10T11:57:06.086-0800][77029718ms] GC(24001) Using 10 workers of 10 for evacuation
[2023-11-10T11:57:06.091-0800][77029723ms] GC(24001)   Pre Evacuate Collection Set: 0.0ms
[2023-11-10T11:57:06.091-0800][77029723ms] GC(24001)   Evacuate Collection Set: 1.8ms
[2023-11-10T11:57:06.091-0800][77029723ms] GC(24001)   Post Evacuate Collection Set: 3.6ms
[2023-11-10T11:57:06.091-0800][77029723ms] GC(24001)   Other: 0.3ms
[2023-11-10T11:57:06.091-0800][77029723ms] GC(24001) Eden regions: 174->0(174)
[2023-11-10T11:57:06.091-0800][77029723ms] GC(24001) Survivor regions: 1->1(22)
[2023-11-10T11:57:06.091-0800][77029723ms] GC(24001) Old regions: 1439->1439
[2023-11-10T11:57:06.091-0800][77029723ms] GC(24001) Humongous regions: 5->5
[2023-11-10T11:57:06.091-0800][77029723ms] GC(24001) Metaspace: 304986K->304986K(1349632K)
[2023-11-10T11:57:06.091-0800][77029723ms] GC(24001) Pause Young (Normal) (G1 Evacuation Pause) 3235M->2887M(3602M) 5.851ms
[2023-11-10T11:57:06.091-0800][77029723ms] GC(24001) User=0.00s Sys=0.00s Real=0.01s
[2023-11-10T11:57:06.545-0800][77030177ms] GC(24002) Pause Young (Normal) (GCLocker Initiated GC)
[2023-11-10T11:57:06.545-0800][77030177ms] GC(24002) Using 10 workers of 10 for evacuation
[2023-11-10T11:57:06.554-0800][77030186ms] GC(24002)   Pre Evacuate Collection Set: 0.0ms
[2023-11-10T11:57:06.554-0800][77030186ms] GC(24002)   Evacuate Collection Set: 2.3ms
[2023-11-10T11:57:06.554-0800][77030186ms] GC(24002)   Post Evacuate Collection Set: 6.2ms
[2023-11-10T11:57:06.554-0800][77030186ms] GC(24002)   Other: 0.3ms
[2023-11-10T11:57:06.554-0800][77030186ms] GC(24002) Eden regions: 174->0(174)
[2023-11-10T11:57:06.554-0800][77030186ms] GC(24002) Survivor regions: 1->1(22)
[2023-11-10T11:57:06.554-0800][77030186ms] GC(24002) Old regions: 1439->1439
[2023-11-10T11:57:06.554-0800][77030186ms] GC(24002) Humongous regions: 5->5
[2023-11-10T11:57:06.554-0800][77030186ms] GC(24002) Metaspace: 304986K->304986K(1349632K)
[2023-11-10T11:57:06.554-0800][77030186ms] GC(24002) Pause Young (Normal) (GCLocker Initiated GC) 3235M->2887M(3602M) 9.056ms
[2023-11-10T11:57:06.554-0800][77030186ms] GC(24002) User=0.00s Sys=0.00s Real=0.01s
[2023-11-10T11:57:07.026-0800][77030658ms] GC(24003) Pause Young (Normal) (GCLocker Initiated GC)
[2023-11-10T11:57:07.026-0800][77030658ms] GC(24003) Using 10 workers of 10 for evacuation
[2023-11-10T11:57:07.032-0800][77030664ms] GC(24003)   Pre Evacuate Collection Set: 0.1ms
[2023-11-10T11:57:07.032-0800][77030664ms] GC(24003)   Evacuate Collection Set: 2.1ms
[2023-11-10T11:57:07.032-0800][77030664ms] GC(24003)   Post Evacuate Collection Set: 3.8ms
[2023-11-10T11:57:07.032-0800][77030664ms] GC(24003)   Other: 0.3ms
[2023-11-10T11:57:07.032-0800][77030664ms] GC(24003) Eden regions: 174->0(174)
[2023-11-10T11:57:07.032-0800][77030664ms] GC(24003) Survivor regions: 1->1(22)
[2023-11-10T11:57:07.032-0800][77030664ms] GC(24003) Old regions: 1439->1439
[2023-11-10T11:57:07.032-0800][77030664ms] GC(24003) Humongous regions: 5->5
[2023-11-10T11:57:07.032-0800][77030664ms] GC(24003) Metaspace: 304986K->304986K(1349632K)
[2023-11-10T11:57:07.032-0800][77030664ms] GC(24003) Pause Young (Normal) (GCLocker Initiated GC) 3235M->2887M(3602M) 6.393ms
[2023-11-10T11:57:07.032-0800][77030664ms] GC(24003) User=0.00s Sys=0.00s Real=0.01s
[2023-11-10T11:57:07.463-0800][77031095ms] GC(24004) Pause Young (Normal) (GCLocker Initiated GC)
[2023-11-10T11:57:07.463-0800][77031095ms] GC(24004) Using 10 workers of 10 for evacuation
[2023-11-10T11:57:07.469-0800][77031101ms] GC(24004)   Pre Evacuate Collection Set: 0.0ms
[2023-11-10T11:57:07.469-0800][77031101ms] GC(24004)   Evacuate Collection Set: 1.9ms
[2023-11-10T11:57:07.469-0800][77031101ms] GC(24004)   Post Evacuate Collection Set: 3.4ms
[2023-11-10T11:57:07.469-0800][77031101ms] GC(24004)   Other: 0.3ms
[2023-11-10T11:57:07.469-0800][77031101ms] GC(24004) Eden regions: 175->0(174)
[2023-11-10T11:57:07.469-0800][77031101ms] GC(24004) Survivor regions: 1->1(22)
[2023-11-10T11:57:07.469-0800][77031101ms] GC(24004) Old regions: 1439->1439
[2023-11-10T11:57:07.469-0800][77031101ms] GC(24004) Humongous regions: 5->5
[2023-11-10T11:57:07.469-0800][77031101ms] GC(24004) Metaspace: 304986K->304986K(1349632K)
[2023-11-10T11:57:07.469-0800][77031101ms] GC(24004) Pause Young (Normal) (GCLocker Initiated GC) 3235M->2887M(3602M) 5.777ms
[2023-11-10T11:57:07.469-0800][77031101ms] GC(24004) User=0.00s Sys=0.00s Real=0.01s
[2023-11-10T11:57:07.908-0800][77031540ms] GC(24005) Pause Young (Normal) (GCLocker Initiated GC)
[2023-11-10T11:57:07.908-0800][77031540ms] GC(24005) Using 10 workers of 10 for evacuation
[2023-11-10T11:57:07.913-0800][77031545ms] GC(24005)   Pre Evacuate Collection Set: 0.0ms
[2023-11-10T11:57:07.913-0800][77031545ms] GC(24005)   Evacuate Collection Set: 1.8ms
[2023-11-10T11:57:07.913-0800][77031545ms] GC(24005)   Post Evacuate Collection Set: 3.4ms
[2023-11-10T11:57:07.913-0800][77031545ms] GC(24005)   Other: 0.3ms
[2023-11-10T11:57:07.913-0800][77031545ms] GC(24005) Eden regions: 175->0(174)
[2023-11-10T11:57:07.913-0800][77031545ms] GC(24005) Survivor regions: 1->1(22)
[2023-11-10T11:57:07.913-0800][77031545ms] GC(24005) Old regions: 1439->1439
[2023-11-10T11:57:07.913-0800][77031545ms] GC(24005) Humongous regions: 5->5
[2023-11-10T11:57:07.913-0800][77031545ms] GC(24005) Metaspace: 304986K->304986K(1349632K)
[2023-11-10T11:57:07.913-0800][77031545ms] GC(24005) Pause Young (Normal) (GCLocker Initiated GC) 3236M->2887M(3602M) 5.603ms
[2023-11-10T11:57:07.914-0800][77031546ms] GC(24005) User=0.00s Sys=0.00s Real=0.01s
[2023-11-10T11:57:08.374-0800][77032006ms] GC(24006) Pause Young (Normal) (GCLocker Initiated GC)
[2023-11-10T11:57:08.374-0800][77032006ms] GC(24006) Using 10 workers of 10 for evacuation
[2023-11-10T11:57:08.380-0800][77032012ms] GC(24006)   Pre Evacuate Collection Set: 0.0ms
[2023-11-10T11:57:08.380-0800][77032012ms] GC(24006)   Evacuate Collection Set: 1.9ms
[2023-11-10T11:57:08.380-0800][77032012ms] GC(24006)   Post Evacuate Collection Set: 3.6ms
[2023-11-10T11:57:08.380-0800][77032012ms] GC(24006)   Other: 0.2ms
[2023-11-10T11:57:08.380-0800][77032012ms] GC(24006) Eden regions: 175->0(174)
[2023-11-10T11:57:08.380-0800][77032012ms] GC(24006) Survivor regions: 1->1(22)
[2023-11-10T11:57:08.380-0800][77032012ms] GC(24006) Old regions: 1439->1439
[2023-11-10T11:57:08.380-0800][77032012ms] GC(24006) Humongous regions: 5->5
[2023-11-10T11:57:08.380-0800][77032012ms] GC(24006) Metaspace: 304986K->304986K(1349632K)
[2023-11-10T11:57:08.380-0800][77032012ms] GC(24006) Pause Young (Normal) (GCLocker Initiated GC) 3236M->2887M(3602M) 5.905ms
[2023-11-10T11:57:08.380-0800][77032012ms] GC(24006) User=0.00s Sys=0.00s Real=0.01s
[2023-11-10T11:57:08.831-0800][77032463ms] GC(24007) Pause Young (Normal) (G1 Evacuation Pause)
[2023-11-10T11:57:08.831-0800][77032463ms] GC(24007) Using 10 workers of 10 for evacuation
[2023-11-10T11:57:08.837-0800][77032469ms] GC(24007)   Pre Evacuate Collection Set: 0.0ms
[2023-11-10T11:57:08.837-0800][77032469ms] GC(24007)   Evacuate Collection Set: 1.8ms
[2023-11-10T11:57:08.838-0800][77032470ms] GC(24007)   Post Evacuate Collection Set: 3.2ms
[2023-11-10T11:57:08.838-0800][77032470ms] GC(24007)   Other: 0.3ms
[2023-11-10T11:57:08.838-0800][77032470ms] GC(24007) Eden regions: 174->0(174)
[2023-11-10T11:57:08.838-0800][77032470ms] GC(24007) Survivor regions: 1->1(22)
[2023-11-10T11:57:08.838-0800][77032470ms] GC(24007) Old regions: 1439->1439
[2023-11-10T11:57:08.838-0800][77032470ms] GC(24007) Humongous regions: 5->5
[2023-11-10T11:57:08.838-0800][77032470ms] GC(24007) Metaspace: 304986K->304986K(1349632K)
[2023-11-10T11:57:08.838-0800][77032470ms] GC(24007) Pause Young (Normal) (G1 Evacuation Pause) 3235M->2887M(3602M) 5.486ms
[2023-11-10T11:57:08.838-0800][77032470ms] GC(24007) User=0.03s Sys=0.00s Real=0.01s
[2023-11-10T11:57:09.321-0800][77032953ms] GC(24008) Pause Young (Normal) (G1 Evacuation Pause)
[2023-11-10T11:57:09.321-0800][77032953ms] GC(24008) Using 10 workers of 10 for evacuation
[2023-11-10T11:57:09.328-0800][77032960ms] GC(24008)   Pre Evacuate Collection Set: 0.1ms
[2023-11-10T11:57:09.328-0800][77032960ms] GC(24008)   Evacuate Collection Set: 2.1ms
[2023-11-10T11:57:09.328-0800][77032960ms] GC(24008)   Post Evacuate Collection Set: 4.0ms
[2023-11-10T11:57:09.328-0800][77032960ms] GC(24008)   Other: 0.5ms
[2023-11-10T11:57:09.328-0800][77032960ms] GC(24008) Eden regions: 174->0(174)
[2023-11-10T11:57:09.328-0800][77032960ms] GC(24008) Survivor regions: 1->1(22)
[2023-11-10T11:57:09.328-0800][77032960ms] GC(24008) Old regions: 1439->1439
[2023-11-10T11:57:09.328-0800][77032960ms] GC(24008) Humongous regions: 5->5
[2023-11-10T11:57:09.328-0800][77032960ms] GC(24008) Metaspace: 304986K->304986K(1349632K)
[2023-11-10T11:57:09.328-0800][77032960ms] GC(24008) Pause Young (Normal) (G1 Evacuation Pause) 3235M->2887M(3602M) 6.922ms
[2023-11-10T11:57:09.329-0800][77032961ms] GC(24008) User=0.00s Sys=0.00s Real=0.01s
[2023-11-10T11:57:09.784-0800][77033416ms] GC(24009) Pause Young (Normal) (G1 Evacuation Pause)
[2023-11-10T11:57:09.785-0800][77033417ms] GC(24009) Using 10 workers of 10 for evacuation
[2023-11-10T11:57:09.790-0800][77033422ms] GC(24009)   Pre Evacuate Collection Set: 0.0ms
[2023-11-10T11:57:09.790-0800][77033422ms] GC(24009)   Evacuate Collection Set: 1.7ms
[2023-11-10T11:57:09.790-0800][77033422ms] GC(24009)   Post Evacuate Collection Set: 3.5ms
[2023-11-10T11:57:09.790-0800][77033422ms] GC(24009)   Other: 0.4ms
[2023-11-10T11:57:09.790-0800][77033422ms] GC(24009) Eden regions: 174->0(174)
[2023-11-10T11:57:09.790-0800][77033422ms] GC(24009) Survivor regions: 1->1(22)
[2023-11-10T11:57:09.790-0800][77033422ms] GC(24009) Old regions: 1439->1439
[2023-11-10T11:57:09.790-0800][77033422ms] GC(24009) Humongous regions: 5->5
[2023-11-10T11:57:09.790-0800][77033422ms] GC(24009) Metaspace: 304986K->304986K(1349632K)
[2023-11-10T11:57:09.790-0800][77033422ms] GC(24009) Pause Young (Normal) (G1 Evacuation Pause) 3235M->2887M(3602M) 5.819ms
[2023-11-10T11:57:09.790-0800][77033422ms] GC(24009) User=0.00s Sys=0.00s Real=0.01s
[2023-11-10T11:57:10.311-0800][77033943ms] GC(24010) Pause Young (Normal) (G1 Evacuation Pause)
[2023-11-10T11:57:10.311-0800][77033943ms] GC(24010) Using 10 workers of 10 for evacuation
[2023-11-10T11:57:10.317-0800][77033949ms] GC(24010)   Pre Evacuate Collection Set: 0.0ms
[2023-11-10T11:57:10.317-0800][77033949ms] GC(24010)   Evacuate Collection Set: 1.7ms
[2023-11-10T11:57:10.317-0800][77033949ms] GC(24010)   Post Evacuate Collection Set: 3.4ms
[2023-11-10T11:57:10.317-0800][77033949ms] GC(24010)   Other: 0.3ms
[2023-11-10T11:57:10.317-0800][77033949ms] GC(24010) Eden regions: 174->0(174)
[2023-11-10T11:57:10.317-0800][77033949ms] GC(24010) Survivor regions: 1->1(22)
[2023-11-10T11:57:10.317-0800][77033949ms] GC(24010) Old regions: 1439->1439
[2023-11-10T11:57:10.317-0800][77033949ms] GC(24010) Humongous regions: 5->5
[2023-11-10T11:57:10.317-0800][77033949ms] GC(24010) Metaspace: 304986K->304986K(1349632K)
[2023-11-10T11:57:10.317-0800][77033949ms] GC(24010) Pause Young (Normal) (G1 Evacuation Pause) 3235M->2887M(3602M) 5.469ms
[2023-11-10T11:57:10.317-0800][77033949ms] GC(24010) User=0.00s Sys=0.00s Real=0.01s
[2023-11-10T11:57:10.737-0800][77034369ms] GC(24011) Pause Young (Normal) (G1 Evacuation Pause)
[2023-11-10T11:57:10.737-0800][77034369ms] GC(24011) Using 10 workers of 10 for evacuation
[2023-11-10T11:57:10.742-0800][77034374ms] GC(24011)   Pre Evacuate Collection Set: 0.0ms
[2023-11-10T11:57:10.742-0800][77034374ms] GC(24011)   Evacuate Collection Set: 1.8ms
[2023-11-10T11:57:10.742-0800][77034374ms] GC(24011)   Post Evacuate Collection Set: 3.1ms
[2023-11-10T11:57:10.742-0800][77034374ms] GC(24011)   Other: 0.3ms
[2023-11-10T11:57:10.742-0800][77034374ms] GC(24011) Eden regions: 174->0(174)
[2023-11-10T11:57:10.742-0800][77034374ms] GC(24011) Survivor regions: 1->1(22)
[2023-11-10T11:57:10.742-0800][77034374ms] GC(24011) Old regions: 1439->1439
[2023-11-10T11:57:10.742-0800][77034374ms] GC(24011) Humongous regions: 5->5
[2023-11-10T11:57:10.742-0800][77034374ms] GC(24011) Metaspace: 304986K->304986K(1349632K)
[2023-11-10T11:57:10.742-0800][77034374ms] GC(24011) Pause Young (Normal) (G1 Evacuation Pause) 3235M->2887M(3602M) 5.323ms
[2023-11-10T11:57:10.742-0800][77034374ms] GC(24011) User=0.00s Sys=0.00s Real=0.01s
[2023-11-10T11:57:11.145-0800][77034777ms] GC(24012) Pause Young (Normal) (G1 Evacuation Pause)
[2023-11-10T11:57:11.145-0800][77034777ms] GC(24012) Using 10 workers of 10 for evacuation
[2023-11-10T11:57:11.150-0800][77034782ms] GC(24012)   Pre Evacuate Collection Set: 0.0ms
[2023-11-10T11:57:11.150-0800][77034782ms] GC(24012)   Evacuate Collection Set: 1.7ms
[2023-11-10T11:57:11.150-0800][77034782ms] GC(24012)   Post Evacuate Collection Set: 3.1ms
[2023-11-10T11:57:11.150-0800][77034782ms] GC(24012)   Other: 0.2ms
[2023-11-10T11:57:11.150-0800][77034782ms] GC(24012) Eden regions: 174->0(174)
[2023-11-10T11:57:11.150-0800][77034782ms] GC(24012) Survivor regions: 1->1(22)
[2023-11-10T11:57:11.150-0800][77034782ms] GC(24012) Old regions: 1439->1439
[2023-11-10T11:57:11.150-0800][77034782ms] GC(24012) Humongous regions: 5->5
[2023-11-10T11:57:11.150-0800][77034782ms] GC(24012) Metaspace: 304986K->304986K(1349632K)
[2023-11-10T11:57:11.150-0800][77034782ms] GC(24012) Pause Young (Normal) (G1 Evacuation Pause) 3235M->2887M(3602M) 5.190ms
[2023-11-10T11:57:11.150-0800][77034782ms] GC(24012) User=0.00s Sys=0.00s Real=0.01s
[2023-11-10T11:57:11.569-0800][77035201ms] GC(24013) Pause Young (Normal) (G1 Evacuation Pause)
[2023-11-10T11:57:11.569-0800][77035201ms] GC(24013) Using 10 workers of 10 for evacuation
[2023-11-10T11:57:11.574-0800][77035206ms] GC(24013)   Pre Evacuate Collection Set: 0.0ms
[2023-11-10T11:57:11.574-0800][77035206ms] GC(24013)   Evacuate Collection Set: 1.6ms
[2023-11-10T11:57:11.574-0800][77035206ms] GC(24013)   Post Evacuate Collection Set: 3.2ms
[2023-11-10T11:57:11.574-0800][77035206ms] GC(24013)   Other: 0.2ms
[2023-11-10T11:57:11.574-0800][77035206ms] GC(24013) Eden regions: 174->0(174)
[2023-11-10T11:57:11.574-0800][77035206ms] GC(24013) Survivor regions: 1->1(22)
[2023-11-10T11:57:11.574-0800][77035206ms] GC(24013) Old regions: 1439->1439
[2023-11-10T11:57:11.574-0800][77035206ms] GC(24013) Humongous regions: 5->5
[2023-11-10T11:57:11.574-0800][77035206ms] GC(24013) Metaspace: 304986K->304986K(1349632K)
[2023-11-10T11:57:11.574-0800][77035206ms] GC(24013) Pause Young (Normal) (G1 Evacuation Pause) 3235M->2887M(3602M) 5.201ms
[2023-11-10T11:57:11.574-0800][77035206ms] GC(24013) User=0.00s Sys=0.00s Real=0.00s
[2023-11-10T11:57:12.014-0800][77035646ms] GC(24014) Pause Young (Normal) (G1 Evacuation Pause)
[2023-11-10T11:57:12.014-0800][77035646ms] GC(24014) Using 10 workers of 10 for evacuation
[2023-11-10T11:57:12.018-0800][77035650ms] GC(24014)   Pre Evacuate Collection Set: 0.0ms
[2023-11-10T11:57:12.018-0800][77035650ms] GC(24014)   Evacuate Collection Set: 1.6ms
[2023-11-10T11:57:12.018-0800][77035650ms] GC(24014)   Post Evacuate Collection Set: 3.1ms
[2023-11-10T11:57:12.018-0800][77035650ms] GC(24014)   Other: 0.3ms
[2023-11-10T11:57:12.018-0800][77035650ms] GC(24014) Eden regions: 174->0(174)
[2023-11-10T11:57:12.018-0800][77035650ms] GC(24014) Survivor regions: 1->1(22)
[2023-11-10T11:57:12.018-0800][77035650ms] GC(24014) Old regions: 1439->1439
[2023-11-10T11:57:12.018-0800][77035650ms] GC(24014) Humongous regions: 5->5
[2023-11-10T11:57:12.018-0800][77035650ms] GC(24014) Metaspace: 304986K->304986K(1349632K)
[2023-11-10T11:57:12.018-0800][77035650ms] GC(24014) Pause Young (Normal) (G1 Evacuation Pause) 3235M->2887M(3602M) 5.144ms
[2023-11-10T11:57:12.019-0800][77035651ms] GC(24014) User=0.00s Sys=0.00s Real=0.01s
[2023-11-10T11:57:12.487-0800][77036119ms] GC(24015) Pause Young (Normal) (G1 Evacuation Pause)
[2023-11-10T11:57:12.487-0800][77036119ms] GC(24015) Using 10 workers of 10 for evacuation
[2023-11-10T11:57:12.492-0800][77036124ms] GC(24015)   Pre Evacuate Collection Set: 0.0ms
[2023-11-10T11:57:12.492-0800][77036124ms] GC(24015)   Evacuate Collection Set: 1.7ms
[2023-11-10T11:57:12.492-0800][77036124ms] GC(24015)   Post Evacuate Collection Set: 2.8ms
[2023-11-10T11:57:12.492-0800][77036124ms] GC(24015)   Other: 0.3ms
[2023-11-10T11:57:12.492-0800][77036124ms] GC(24015) Eden regions: 174->0(174)
[2023-11-10T11:57:12.492-0800][77036124ms] GC(24015) Survivor regions: 1->1(22)
[2023-11-10T11:57:12.492-0800][77036124ms] GC(24015) Old regions: 1439->1439
[2023-11-10T11:57:12.492-0800][77036124ms] GC(24015) Humongous regions: 5->5
[2023-11-10T11:57:12.492-0800][77036124ms] GC(24015) Metaspace: 304986K->304986K(1349632K)
[2023-11-10T11:57:12.492-0800][77036124ms] GC(24015) Pause Young (Normal) (G1 Evacuation Pause) 3235M->2887M(3602M) 4.924ms
[2023-11-10T11:57:12.492-0800][77036124ms] GC(24015) User=0.00s Sys=0.00s Real=0.01s
[2023-11-10T11:57:12.894-0800][77036526ms] GC(24016) Pause Young (Normal) (G1 Evacuation Pause)
[2023-11-10T11:57:12.894-0800][77036526ms] GC(24016) Using 10 workers of 10 for evacuation
[2023-11-10T11:57:12.901-0800][77036533ms] GC(24016)   Pre Evacuate Collection Set: 0.0ms
[2023-11-10T11:57:12.901-0800][77036533ms] GC(24016)   Evacuate Collection Set: 1.8ms
[2023-11-10T11:57:12.901-0800][77036533ms] GC(24016)   Post Evacuate Collection Set: 5.3ms
[2023-11-10T11:57:12.901-0800][77036533ms] GC(24016)   Other: 0.3ms
[2023-11-10T11:57:12.901-0800][77036533ms] GC(24016) Eden regions: 174->0(174)
[2023-11-10T11:57:12.901-0800][77036533ms] GC(24016) Survivor regions: 1->1(22)
[2023-11-10T11:57:12.901-0800][77036533ms] GC(24016) Old regions: 1439->1439
[2023-11-10T11:57:12.901-0800][77036533ms] GC(24016) Humongous regions: 5->5
[2023-11-10T11:57:12.901-0800][77036533ms] GC(24016) Metaspace: 304987K->304987K(1349632K)
[2023-11-10T11:57:12.901-0800][77036533ms] GC(24016) Pause Young (Normal) (G1 Evacuation Pause) 3235M->2887M(3602M) 7.454ms
[2023-11-10T11:57:12.902-0800][77036534ms] GC(24016) User=0.02s Sys=0.00s Real=0.01s
[2023-11-10T11:57:13.324-0800][77036956ms] GC(24017) Pause Young (Normal) (G1 Evacuation Pause)
[2023-11-10T11:57:13.324-0800][77036956ms] GC(24017) Using 10 workers of 10 for evacuation
[2023-11-10T11:57:13.329-0800][77036961ms] GC(24017)   Pre Evacuate Collection Set: 0.0ms
[2023-11-10T11:57:13.329-0800][77036961ms] GC(24017)   Evacuate Collection Set: 2.0ms
[2023-11-10T11:57:13.329-0800][77036961ms] GC(24017)   Post Evacuate Collection Set: 3.2ms
[2023-11-10T11:57:13.329-0800][77036961ms] GC(24017)   Other: 0.3ms
[2023-11-10T11:57:13.329-0800][77036961ms] GC(24017) Eden regions: 174->0(174)
[2023-11-10T11:57:13.329-0800][77036961ms] GC(24017) Survivor regions: 1->1(22)
[2023-11-10T11:57:13.329-0800][77036961ms] GC(24017) Old regions: 1439->1439
[2023-11-10T11:57:13.329-0800][77036961ms] GC(24017) Humongous regions: 5->5
[2023-11-10T11:57:13.329-0800][77036961ms] GC(24017) Metaspace: 304987K->304987K(1349632K)
[2023-11-10T11:57:13.329-0800][77036961ms] GC(24017) Pause Young (Normal) (G1 Evacuation Pause) 3235M->2887M(3602M) 5.537ms
[2023-11-10T11:57:13.329-0800][77036961ms] GC(24017) User=0.00s Sys=0.00s Real=0.01s
[2023-11-10T11:57:13.763-0800][77037395ms] GC(24018) Pause Young (Normal) (G1 Evacuation Pause)
[2023-11-10T11:57:13.763-0800][77037395ms] GC(24018) Using 10 workers of 10 for evacuation
[2023-11-10T11:57:13.773-0800][77037405ms] GC(24018)   Pre Evacuate Collection Set: 0.0ms
[2023-11-10T11:57:13.773-0800][77037405ms] GC(24018)   Evacuate Collection Set: 2.4ms
[2023-11-10T11:57:13.773-0800][77037405ms] GC(24018)   Post Evacuate Collection Set: 7.1ms
[2023-11-10T11:57:13.773-0800][77037405ms] GC(24018)   Other: 0.3ms
[2023-11-10T11:57:13.773-0800][77037405ms] GC(24018) Eden regions: 174->0(174)
[2023-11-10T11:57:13.773-0800][77037405ms] GC(24018) Survivor regions: 1->1(22)
[2023-11-10T11:57:13.773-0800][77037405ms] GC(24018) Old regions: 1439->1439
[2023-11-10T11:57:13.773-0800][77037405ms] GC(24018) Humongous regions: 5->5
[2023-11-10T11:57:13.773-0800][77037405ms] GC(24018) Metaspace: 304987K->304987K(1349632K)
[2023-11-10T11:57:13.773-0800][77037405ms] GC(24018) Pause Young (Normal) (G1 Evacuation Pause) 3235M->2887M(3602M) 10.010ms
[2023-11-10T11:57:13.773-0800][77037405ms] GC(24018) User=0.00s Sys=0.00s Real=0.01s
[2023-11-10T11:57:14.149-0800][77037781ms] GC(24019) Pause Young (Normal) (G1 Evacuation Pause)
[2023-11-10T11:57:14.149-0800][77037781ms] GC(24019) Using 10 workers of 10 for evacuation
[2023-11-10T11:57:14.156-0800][77037788ms] GC(24019)   Pre Evacuate Collection Set: 0.0ms
[2023-11-10T11:57:14.156-0800][77037788ms] GC(24019)   Evacuate Collection Set: 2.5ms
[2023-11-10T11:57:14.156-0800][77037788ms] GC(24019)   Post Evacuate Collection Set: 3.9ms
[2023-11-10T11:57:14.156-0800][77037788ms] GC(24019)   Other: 0.3ms
[2023-11-10T11:57:14.156-0800][77037788ms] GC(24019) Eden regions: 174->0(174)
[2023-11-10T11:57:14.156-0800][77037788ms] GC(24019) Survivor regions: 1->1(22)
[2023-11-10T11:57:14.156-0800][77037788ms] GC(24019) Old regions: 1439->1439
[2023-11-10T11:57:14.156-0800][77037788ms] GC(24019) Humongous regions: 5->5
[2023-11-10T11:57:14.156-0800][77037788ms] GC(24019) Metaspace: 304987K->304987K(1349632K)
[2023-11-10T11:57:14.156-0800][77037788ms] GC(24019) Pause Young (Normal) (G1 Evacuation Pause) 3235M->2887M(3602M) 6.883ms
[2023-11-10T11:57:14.156-0800][77037788ms] GC(24019) User=0.00s Sys=0.00s Real=0.01s
[2023-11-10T11:57:14.629-0800][77038261ms] GC(24020) Pause Young (Normal) (G1 Evacuation Pause)
[2023-11-10T11:57:14.629-0800][77038261ms] GC(24020) Using 10 workers of 10 for evacuation
[2023-11-10T11:57:14.634-0800][77038266ms] GC(24020)   Pre Evacuate Collection Set: 0.1ms
[2023-11-10T11:57:14.634-0800][77038266ms] GC(24020)   Evacuate Collection Set: 1.9ms
[2023-11-10T11:57:14.634-0800][77038266ms] GC(24020)   Post Evacuate Collection Set: 3.6ms
[2023-11-10T11:57:14.634-0800][77038266ms] GC(24020)   Other: 0.3ms
[2023-11-10T11:57:14.634-0800][77038266ms] GC(24020) Eden regions: 174->0(174)
[2023-11-10T11:57:14.634-0800][77038266ms] GC(24020) Survivor regions: 1->1(22)
[2023-11-10T11:57:14.634-0800][77038266ms] GC(24020) Old regions: 1439->1439
[2023-11-10T11:57:14.634-0800][77038266ms] GC(24020) Humongous regions: 5->5
[2023-11-10T11:57:14.634-0800][77038266ms] GC(24020) Metaspace: 304987K->304987K(1349632K)
[2023-11-10T11:57:14.634-0800][77038266ms] GC(24020) Pause Young (Normal) (G1 Evacuation Pause) 3235M->2887M(3602M) 5.963ms
[2023-11-10T11:57:14.634-0800][77038266ms] GC(24020) User=0.02s Sys=0.00s Real=0.01s
[2023-11-10T11:57:15.097-0800][77038729ms] GC(24021) Pause Young (Normal) (G1 Evacuation Pause)
[2023-11-10T11:57:15.097-0800][77038729ms] GC(24021) Using 10 workers of 10 for evacuation
[2023-11-10T11:57:15.103-0800][77038735ms] GC(24021)   Pre Evacuate Collection Set: 0.1ms
[2023-11-10T11:57:15.103-0800][77038735ms] GC(24021)   Evacuate Collection Set: 2.7ms
[2023-11-10T11:57:15.103-0800][77038735ms] GC(24021)   Post Evacuate Collection Set: 3.9ms
[2023-11-10T11:57:15.103-0800][77038735ms] GC(24021)   Other: 0.5ms
[2023-11-10T11:57:15.103-0800][77038735ms] GC(24021) Eden regions: 174->0(174)
[2023-11-10T11:57:15.103-0800][77038735ms] GC(24021) Survivor regions: 1->1(22)
[2023-11-10T11:57:15.103-0800][77038735ms] GC(24021) Old regions: 1439->1439
[2023-11-10T11:57:15.103-0800][77038735ms] GC(24021) Humongous regions: 5->5
[2023-11-10T11:57:15.103-0800][77038735ms] GC(24021) Metaspace: 304987K->304987K(1349632K)
[2023-11-10T11:57:15.103-0800][77038735ms] GC(24021) Pause Young (Normal) (G1 Evacuation Pause) 3235M->2887M(3602M) 7.312ms
[2023-11-10T11:57:15.103-0800][77038735ms] GC(24021) User=0.02s Sys=0.00s Real=0.01s
[2023-11-10T11:57:15.559-0800][77039191ms] GC(24022) Pause Young (Normal) (G1 Evacuation Pause)
[2023-11-10T11:57:15.559-0800][77039191ms] GC(24022) Using 10 workers of 10 for evacuation
[2023-11-10T11:57:15.564-0800][77039196ms] GC(24022)   Pre Evacuate Collection Set: 0.0ms
[2023-11-10T11:57:15.564-0800][77039196ms] GC(24022)   Evacuate Collection Set: 1.7ms
[2023-11-10T11:57:15.564-0800][77039196ms] GC(24022)   Post Evacuate Collection Set: 3.2ms
[2023-11-10T11:57:15.564-0800][77039196ms] GC(24022)   Other: 0.3ms
[2023-11-10T11:57:15.564-0800][77039196ms] GC(24022) Eden regions: 174->0(174)
[2023-11-10T11:57:15.564-0800][77039196ms] GC(24022) Survivor regions: 1->1(22)
[2023-11-10T11:57:15.564-0800][77039196ms] GC(24022) Old regions: 1439->1439
[2023-11-10T11:57:15.564-0800][77039196ms] GC(24022) Humongous regions: 5->5
[2023-11-10T11:57:15.564-0800][77039196ms] GC(24022) Metaspace: 304987K->304987K(1349632K)
[2023-11-10T11:57:15.564-0800][77039196ms] GC(24022) Pause Young (Normal) (G1 Evacuation Pause) 3235M->2887M(3602M) 5.283ms
[2023-11-10T11:57:15.564-0800][77039196ms] GC(24022) User=0.00s Sys=0.00s Real=0.00s
[2023-11-10T11:57:15.926-0800][77039558ms] GC(24023) Pause Young (Normal) (G1 Evacuation Pause)
[2023-11-10T11:57:15.926-0800][77039558ms] GC(24023) Using 10 workers of 10 for evacuation
[2023-11-10T11:57:15.931-0800][77039563ms] GC(24023)   Pre Evacuate Collection Set: 0.0ms
[2023-11-10T11:57:15.931-0800][77039563ms] GC(24023)   Evacuate Collection Set: 1.7ms
[2023-11-10T11:57:15.931-0800][77039563ms] GC(24023)   Post Evacuate Collection Set: 3.0ms
[2023-11-10T11:57:15.931-0800][77039563ms] GC(24023)   Other: 0.3ms
[2023-11-10T11:57:15.931-0800][77039563ms] GC(24023) Eden regions: 174->0(174)
[2023-11-10T11:57:15.931-0800][77039563ms] GC(24023) Survivor regions: 1->1(22)
[2023-11-10T11:57:15.931-0800][77039563ms] GC(24023) Old regions: 1439->1439
[2023-11-10T11:57:15.931-0800][77039563ms] GC(24023) Humongous regions: 5->5
[2023-11-10T11:57:15.931-0800][77039563ms] GC(24023) Metaspace: 304987K->304987K(1349632K)
[2023-11-10T11:57:15.931-0800][77039563ms] GC(24023) Pause Young (Normal) (G1 Evacuation Pause) 3235M->2888M(3602M) 5.114ms
[2023-11-10T11:57:15.931-0800][77039563ms] GC(24023) User=0.00s Sys=0.00s Real=0.00s
[2023-11-10T11:57:16.378-0800][77040010ms] GC(24024) Pause Young (Normal) (G1 Evacuation Pause)
[2023-11-10T11:57:16.378-0800][77040010ms] GC(24024) Using 10 workers of 10 for evacuation
[2023-11-10T11:57:16.384-0800][77040016ms] GC(24024)   Pre Evacuate Collection Set: 0.1ms
[2023-11-10T11:57:16.384-0800][77040016ms] GC(24024)   Evacuate Collection Set: 1.9ms
[2023-11-10T11:57:16.384-0800][77040016ms] GC(24024)   Post Evacuate Collection Set: 3.2ms
[2023-11-10T11:57:16.384-0800][77040016ms] GC(24024)   Other: 0.3ms
[2023-11-10T11:57:16.384-0800][77040016ms] GC(24024) Eden regions: 174->0(174)
[2023-11-10T11:57:16.384-0800][77040016ms] GC(24024) Survivor regions: 1->1(22)
[2023-11-10T11:57:16.384-0800][77040016ms] GC(24024) Old regions: 1439->1439
[2023-11-10T11:57:16.384-0800][77040016ms] GC(24024) Humongous regions: 5->5
[2023-11-10T11:57:16.384-0800][77040016ms] GC(24024) Metaspace: 304987K->304987K(1349632K)
[2023-11-10T11:57:16.384-0800][77040016ms] GC(24024) Pause Young (Normal) (G1 Evacuation Pause) 3236M->2887M(3602M) 5.518ms
[2023-11-10T11:57:16.384-0800][77040016ms] GC(24024) User=0.02s Sys=0.00s Real=0.01s
[2023-11-10T11:57:16.865-0800][77040497ms] GC(24025) Pause Young (Normal) (G1 Evacuation Pause)
[2023-11-10T11:57:16.865-0800][77040497ms] GC(24025) Using 10 workers of 10 for evacuation
[2023-11-10T11:57:16.871-0800][77040503ms] GC(24025)   Pre Evacuate Collection Set: 0.0ms
[2023-11-10T11:57:16.871-0800][77040503ms] GC(24025)   Evacuate Collection Set: 2.1ms
[2023-11-10T11:57:16.871-0800][77040503ms] GC(24025)   Post Evacuate Collection Set: 3.9ms
[2023-11-10T11:57:16.871-0800][77040503ms] GC(24025)   Other: 0.3ms
[2023-11-10T11:57:16.871-0800][77040503ms] GC(24025) Eden regions: 174->0(174)
[2023-11-10T11:57:16.871-0800][77040503ms] GC(24025) Survivor regions: 1->1(22)
[2023-11-10T11:57:16.871-0800][77040503ms] GC(24025) Old regions: 1439->1439
[2023-11-10T11:57:16.871-0800][77040503ms] GC(24025) Humongous regions: 5->5
[2023-11-10T11:57:16.871-0800][77040503ms] GC(24025) Metaspace: 304987K->304987K(1349632K)
[2023-11-10T11:57:16.871-0800][77040503ms] GC(24025) Pause Young (Normal) (G1 Evacuation Pause) 3235M->2887M(3602M) 6.439ms
[2023-11-10T11:57:16.871-0800][77040503ms] GC(24025) User=0.13s Sys=0.00s Real=0.01s
[2023-11-10T11:57:17.279-0800][77040911ms] GC(24026) Pause Young (Normal) (G1 Evacuation Pause)
[2023-11-10T11:57:17.279-0800][77040911ms] GC(24026) Using 10 workers of 10 for evacuation
[2023-11-10T11:57:17.286-0800][77040918ms] GC(24026)   Pre Evacuate Collection Set: 0.1ms
[2023-11-10T11:57:17.286-0800][77040918ms] GC(24026)   Evacuate Collection Set: 2.4ms
[2023-11-10T11:57:17.286-0800][77040918ms] GC(24026)   Post Evacuate Collection Set: 3.9ms
[2023-11-10T11:57:17.286-0800][77040918ms] GC(24026)   Other: 0.3ms
[2023-11-10T11:57:17.286-0800][77040918ms] GC(24026) Eden regions: 174->0(174)
[2023-11-10T11:57:17.286-0800][77040918ms] GC(24026) Survivor regions: 1->1(22)
[2023-11-10T11:57:17.286-0800][77040918ms] GC(24026) Old regions: 1439->1439
[2023-11-10T11:57:17.286-0800][77040918ms] GC(24026) Humongous regions: 5->5
[2023-11-10T11:57:17.286-0800][77040918ms] GC(24026) Metaspace: 304987K->304987K(1349632K)
[2023-11-10T11:57:17.286-0800][77040918ms] GC(24026) Pause Young (Normal) (G1 Evacuation Pause) 3235M->2887M(3602M) 6.759ms
[2023-11-10T11:57:17.286-0800][77040918ms] GC(24026) User=0.00s Sys=0.00s Real=0.01s
[2023-11-10T11:57:17.746-0800][77041378ms] GC(24027) Pause Young (Normal) (G1 Evacuation Pause)
[2023-11-10T11:57:17.746-0800][77041378ms] GC(24027) Using 10 workers of 10 for evacuation
[2023-11-10T11:57:17.751-0800][77041383ms] GC(24027)   Pre Evacuate Collection Set: 0.0ms
[2023-11-10T11:57:17.751-0800][77041383ms] GC(24027)   Evacuate Collection Set: 1.6ms
[2023-11-10T11:57:17.751-0800][77041383ms] GC(24027)   Post Evacuate Collection Set: 3.8ms
[2023-11-10T11:57:17.751-0800][77041383ms] GC(24027)   Other: 0.3ms
[2023-11-10T11:57:17.751-0800][77041383ms] GC(24027) Eden regions: 174->0(174)
[2023-11-10T11:57:17.751-0800][77041383ms] GC(24027) Survivor regions: 1->1(22)
[2023-11-10T11:57:17.751-0800][77041383ms] GC(24027) Old regions: 1439->1439
[2023-11-10T11:57:17.751-0800][77041383ms] GC(24027) Humongous regions: 5->5
[2023-11-10T11:57:17.751-0800][77041383ms] GC(24027) Metaspace: 304987K->304987K(1349632K)
[2023-11-10T11:57:17.751-0800][77041383ms] GC(24027) Pause Young (Normal) (G1 Evacuation Pause) 3235M->2887M(3602M) 5.811ms
[2023-11-10T11:57:17.751-0800][77041383ms] GC(24027) User=0.00s Sys=0.00s Real=0.00s
[2023-11-10T11:57:18.161-0800][77041793ms] GC(24028) Pause Young (Normal) (G1 Evacuation Pause)
[2023-11-10T11:57:18.161-0800][77041793ms] GC(24028) Using 10 workers of 10 for evacuation
[2023-11-10T11:57:18.167-0800][77041799ms] GC(24028)   Pre Evacuate Collection Set: 0.0ms
[2023-11-10T11:57:18.167-0800][77041799ms] GC(24028)   Evacuate Collection Set: 1.7ms
[2023-11-10T11:57:18.167-0800][77041799ms] GC(24028)   Post Evacuate Collection Set: 3.1ms
[2023-11-10T11:57:18.167-0800][77041799ms] GC(24028)   Other: 0.3ms
[2023-11-10T11:57:18.167-0800][77041799ms] GC(24028) Eden regions: 174->0(174)
[2023-11-10T11:57:18.167-0800][77041799ms] GC(24028) Survivor regions: 1->1(22)
[2023-11-10T11:57:18.167-0800][77041799ms] GC(24028) Old regions: 1439->1439
[2023-11-10T11:57:18.167-0800][77041799ms] GC(24028) Humongous regions: 5->5
[2023-11-10T11:57:18.167-0800][77041799ms] GC(24028) Metaspace: 304987K->304987K(1349632K)
[2023-11-10T11:57:18.167-0800][77041799ms] GC(24028) Pause Young (Normal) (G1 Evacuation Pause) 3235M->2887M(3602M) 5.155ms
[2023-11-10T11:57:18.167-0800][77041799ms] GC(24028) User=0.03s Sys=0.00s Real=0.01s
[2023-11-10T11:57:18.589-0800][77042221ms] GC(24029) Pause Young (Normal) (G1 Evacuation Pause)
[2023-11-10T11:57:18.589-0800][77042221ms] GC(24029) Using 10 workers of 10 for evacuation
[2023-11-10T11:57:18.596-0800][77042228ms] GC(24029)   Pre Evacuate Collection Set: 0.0ms
[2023-11-10T11:57:18.596-0800][77042228ms] GC(24029)   Evacuate Collection Set: 1.9ms
[2023-11-10T11:57:18.596-0800][77042228ms] GC(24029)   Post Evacuate Collection Set: 3.8ms
[2023-11-10T11:57:18.596-0800][77042228ms] GC(24029)   Other: 0.3ms
[2023-11-10T11:57:18.596-0800][77042228ms] GC(24029) Eden regions: 174->0(174)
[2023-11-10T11:57:18.596-0800][77042228ms] GC(24029) Survivor regions: 1->1(22)
[2023-11-10T11:57:18.596-0800][77042228ms] GC(24029) Old regions: 1439->1439
[2023-11-10T11:57:18.596-0800][77042228ms] GC(24029) Humongous regions: 5->5
[2023-11-10T11:57:18.596-0800][77042228ms] GC(24029) Metaspace: 304987K->304987K(1349632K)
[2023-11-10T11:57:18.596-0800][77042228ms] GC(24029) Pause Young (Normal) (G1 Evacuation Pause) 3235M->2888M(3602M) 6.103ms
[2023-11-10T11:57:18.596-0800][77042228ms] GC(24029) User=0.00s Sys=0.00s Real=0.01s
[2023-11-10T11:57:19.007-0800][77042639ms] GC(24030) Pause Young (Normal) (G1 Evacuation Pause)
[2023-11-10T11:57:19.007-0800][77042639ms] GC(24030) Using 10 workers of 10 for evacuation
[2023-11-10T11:57:19.011-0800][77042643ms] GC(24030)   Pre Evacuate Collection Set: 0.0ms
[2023-11-10T11:57:19.011-0800][77042643ms] GC(24030)   Evacuate Collection Set: 1.8ms
[2023-11-10T11:57:19.011-0800][77042643ms] GC(24030)   Post Evacuate Collection Set: 3.2ms
[2023-11-10T11:57:19.011-0800][77042643ms] GC(24030)   Other: 0.2ms
[2023-11-10T11:57:19.011-0800][77042643ms] GC(24030) Eden regions: 174->0(174)
[2023-11-10T11:57:19.011-0800][77042643ms] GC(24030) Survivor regions: 1->1(22)
[2023-11-10T11:57:19.011-0800][77042643ms] GC(24030) Old regions: 1439->1439
[2023-11-10T11:57:19.011-0800][77042643ms] GC(24030) Humongous regions: 5->5
[2023-11-10T11:57:19.011-0800][77042643ms] GC(24030) Metaspace: 304987K->304987K(1349632K)
[2023-11-10T11:57:19.011-0800][77042643ms] GC(24030) Pause Young (Normal) (G1 Evacuation Pause) 3236M->2887M(3602M) 5.353ms
[2023-11-10T11:57:19.013-0800][77042645ms] GC(24030) User=0.00s Sys=0.00s Real=0.01s
[2023-11-10T11:57:19.426-0800][77043058ms] GC(24031) Pause Young (Normal) (G1 Evacuation Pause)
[2023-11-10T11:57:19.426-0800][77043058ms] GC(24031) Using 10 workers of 10 for evacuation
[2023-11-10T11:57:19.431-0800][77043063ms] GC(24031)   Pre Evacuate Collection Set: 0.0ms
[2023-11-10T11:57:19.431-0800][77043063ms] GC(24031)   Evacuate Collection Set: 1.8ms
[2023-11-10T11:57:19.431-0800][77043063ms] GC(24031)   Post Evacuate Collection Set: 3.2ms
[2023-11-10T11:57:19.431-0800][77043063ms] GC(24031)   Other: 0.3ms
[2023-11-10T11:57:19.431-0800][77043063ms] GC(24031) Eden regions: 174->0(174)
[2023-11-10T11:57:19.431-0800][77043063ms] GC(24031) Survivor regions: 1->1(22)
[2023-11-10T11:57:19.431-0800][77043063ms] GC(24031) Old regions: 1439->1439
[2023-11-10T11:57:19.431-0800][77043063ms] GC(24031) Humongous regions: 5->5
[2023-11-10T11:57:19.431-0800][77043063ms] GC(24031) Metaspace: 304987K->304987K(1349632K)
[2023-11-10T11:57:19.431-0800][77043063ms] GC(24031) Pause Young (Normal) (G1 Evacuation Pause) 3235M->2888M(3602M) 5.413ms
[2023-11-10T11:57:19.431-0800][77043063ms] GC(24031) User=0.00s Sys=0.00s Real=0.00s
[2023-11-10T11:57:19.900-0800][77043532ms] GC(24032) Pause Young (Normal) (G1 Evacuation Pause)
[2023-11-10T11:57:19.900-0800][77043532ms] GC(24032) Using 10 workers of 10 for evacuation
[2023-11-10T11:57:19.904-0800][77043536ms] GC(24032)   Pre Evacuate Collection Set: 0.0ms
[2023-11-10T11:57:19.904-0800][77043536ms] GC(24032)   Evacuate Collection Set: 1.7ms
[2023-11-10T11:57:19.904-0800][77043536ms] GC(24032)   Post Evacuate Collection Set: 3.1ms
[2023-11-10T11:57:19.904-0800][77043536ms] GC(24032)   Other: 0.2ms
[2023-11-10T11:57:19.904-0800][77043536ms] GC(24032) Eden regions: 174->0(174)
[2023-11-10T11:57:19.904-0800][77043536ms] GC(24032) Survivor regions: 1->1(22)
[2023-11-10T11:57:19.904-0800][77043536ms] GC(24032) Old regions: 1439->1439
[2023-11-10T11:57:19.904-0800][77043536ms] GC(24032) Humongous regions: 5->5
[2023-11-10T11:57:19.904-0800][77043536ms] GC(24032) Metaspace: 304987K->304987K(1349632K)
[2023-11-10T11:57:19.904-0800][77043536ms] GC(24032) Pause Young (Normal) (G1 Evacuation Pause) 3236M->2888M(3602M) 5.161ms
[2023-11-10T11:57:19.904-0800][77043536ms] GC(24032) User=0.00s Sys=0.00s Real=0.00s
[2023-11-10T11:57:20.292-0800][77043924ms] GC(24033) Pause Young (Normal) (G1 Evacuation Pause)
[2023-11-10T11:57:20.292-0800][77043924ms] GC(24033) Using 10 workers of 10 for evacuation
[2023-11-10T11:57:20.298-0800][77043930ms] GC(24033)   Pre Evacuate Collection Set: 0.1ms
[2023-11-10T11:57:20.298-0800][77043930ms] GC(24033)   Evacuate Collection Set: 1.8ms
[2023-11-10T11:57:20.298-0800][77043930ms] GC(24033)   Post Evacuate Collection Set: 4.3ms
[2023-11-10T11:57:20.298-0800][77043930ms] GC(24033)   Other: 0.4ms
[2023-11-10T11:57:20.298-0800][77043930ms] GC(24033) Eden regions: 174->0(174)
[2023-11-10T11:57:20.298-0800][77043930ms] GC(24033) Survivor regions: 1->1(22)
[2023-11-10T11:57:20.298-0800][77043930ms] GC(24033) Old regions: 1439->1439
[2023-11-10T11:57:20.298-0800][77043930ms] GC(24033) Humongous regions: 5->5
[2023-11-10T11:57:20.298-0800][77043930ms] GC(24033) Metaspace: 304987K->304987K(1349632K)
[2023-11-10T11:57:20.298-0800][77043930ms] GC(24033) Pause Young (Normal) (G1 Evacuation Pause) 3236M->2887M(3602M) 6.641ms
[2023-11-10T11:57:20.298-0800][77043930ms] GC(24033) User=0.00s Sys=0.00s Real=0.01s
[2023-11-10T11:57:20.696-0800][77044328ms] GC(24034) Pause Young (Normal) (G1 Evacuation Pause)
[2023-11-10T11:57:20.696-0800][77044328ms] GC(24034) Using 10 workers of 10 for evacuation
[2023-11-10T11:57:20.701-0800][77044333ms] GC(24034)   Pre Evacuate Collection Set: 0.0ms
[2023-11-10T11:57:20.701-0800][77044333ms] GC(24034)   Evacuate Collection Set: 1.8ms
[2023-11-10T11:57:20.701-0800][77044333ms] GC(24034)   Post Evacuate Collection Set: 3.8ms
[2023-11-10T11:57:20.701-0800][77044333ms] GC(24034)   Other: 0.3ms
[2023-11-10T11:57:20.701-0800][77044333ms] GC(24034) Eden regions: 174->0(174)
[2023-11-10T11:57:20.701-0800][77044333ms] GC(24034) Survivor regions: 1->1(22)
[2023-11-10T11:57:20.701-0800][77044333ms] GC(24034) Old regions: 1439->1439
[2023-11-10T11:57:20.701-0800][77044333ms] GC(24034) Humongous regions: 5->5
[2023-11-10T11:57:20.701-0800][77044333ms] GC(24034) Metaspace: 304987K->304987K(1349632K)
[2023-11-10T11:57:20.701-0800][77044333ms] GC(24034) Pause Young (Normal) (G1 Evacuation Pause) 3235M->2888M(3602M) 5.948ms
[2023-11-10T11:57:20.701-0800][77044333ms] GC(24034) User=0.00s Sys=0.00s Real=0.00s
[2023-11-10T11:57:21.178-0800][77044810ms] GC(24035) Pause Young (Normal) (G1 Evacuation Pause)
[2023-11-10T11:57:21.178-0800][77044810ms] GC(24035) Using 10 workers of 10 for evacuation
[2023-11-10T11:57:21.183-0800][77044815ms] GC(24035)   Pre Evacuate Collection Set: 0.0ms
[2023-11-10T11:57:21.184-0800][77044816ms] GC(24035)   Evacuate Collection Set: 1.7ms
[2023-11-10T11:57:21.184-0800][77044816ms] GC(24035)   Post Evacuate Collection Set: 3.0ms
[2023-11-10T11:57:21.184-0800][77044816ms] GC(24035)   Other: 0.2ms
[2023-11-10T11:57:21.184-0800][77044816ms] GC(24035) Eden regions: 174->0(174)
[2023-11-10T11:57:21.184-0800][77044816ms] GC(24035) Survivor regions: 1->1(22)
[2023-11-10T11:57:21.184-0800][77044816ms] GC(24035) Old regions: 1439->1439
[2023-11-10T11:57:21.184-0800][77044816ms] GC(24035) Humongous regions: 5->5
[2023-11-10T11:57:21.184-0800][77044816ms] GC(24035) Metaspace: 304987K->304987K(1349632K)
[2023-11-10T11:57:21.184-0800][77044816ms] GC(24035) Pause Young (Normal) (G1 Evacuation Pause) 3236M->2888M(3602M) 5.086ms
[2023-11-10T11:57:21.184-0800][77044816ms] GC(24035) User=0.08s Sys=0.00s Real=0.01s
[2023-11-10T11:57:21.529-0800][77045161ms] GC(24036) Pause Young (Normal) (G1 Evacuation Pause)
[2023-11-10T11:57:21.529-0800][77045161ms] GC(24036) Using 10 workers of 10 for evacuation
[2023-11-10T11:57:21.534-0800][77045166ms] GC(24036)   Pre Evacuate Collection Set: 0.1ms
[2023-11-10T11:57:21.534-0800][77045166ms] GC(24036)   Evacuate Collection Set: 1.7ms
[2023-11-10T11:57:21.534-0800][77045166ms] GC(24036)   Post Evacuate Collection Set: 3.5ms
[2023-11-10T11:57:21.534-0800][77045166ms] GC(24036)   Other: 0.3ms
[2023-11-10T11:57:21.534-0800][77045166ms] GC(24036) Eden regions: 174->0(174)
[2023-11-10T11:57:21.534-0800][77045166ms] GC(24036) Survivor regions: 1->1(22)
[2023-11-10T11:57:21.534-0800][77045166ms] GC(24036) Old regions: 1439->1439
[2023-11-10T11:57:21.534-0800][77045166ms] GC(24036) Humongous regions: 5->5
[2023-11-10T11:57:21.534-0800][77045166ms] GC(24036) Metaspace: 304987K->304987K(1349632K)
[2023-11-10T11:57:21.534-0800][77045166ms] GC(24036) Pause Young (Normal) (G1 Evacuation Pause) 3236M->2888M(3602M) 5.664ms
[2023-11-10T11:57:21.534-0800][77045166ms] GC(24036) User=0.00s Sys=0.00s Real=0.00s
[2023-11-10T11:57:21.979-0800][77045611ms] GC(24037) Pause Young (Normal) (G1 Evacuation Pause)
[2023-11-10T11:57:21.979-0800][77045611ms] GC(24037) Using 10 workers of 10 for evacuation
[2023-11-10T11:57:21.984-0800][77045616ms] GC(24037)   Pre Evacuate Collection Set: 0.0ms
[2023-11-10T11:57:21.984-0800][77045616ms] GC(24037)   Evacuate Collection Set: 1.7ms
[2023-11-10T11:57:21.984-0800][77045616ms] GC(24037)   Post Evacuate Collection Set: 3.3ms
[2023-11-10T11:57:21.984-0800][77045616ms] GC(24037)   Other: 0.3ms
[2023-11-10T11:57:21.984-0800][77045616ms] GC(24037) Eden regions: 174->0(174)
[2023-11-10T11:57:21.984-0800][77045616ms] GC(24037) Survivor regions: 1->1(22)
[2023-11-10T11:57:21.984-0800][77045616ms] GC(24037) Old regions: 1439->1439
[2023-11-10T11:57:21.984-0800][77045616ms] GC(24037) Humongous regions: 5->5
[2023-11-10T11:57:21.984-0800][77045616ms] GC(24037) Metaspace: 304987K->304987K(1349632K)
[2023-11-10T11:57:21.984-0800][77045616ms] GC(24037) Pause Young (Normal) (G1 Evacuation Pause) 3236M->2888M(3602M) 5.341ms
[2023-11-10T11:57:21.984-0800][77045616ms] GC(24037) User=0.00s Sys=0.00s Real=0.00s
[2023-11-10T11:57:22.435-0800][77046067ms] GC(24038) Pause Young (Normal) (G1 Evacuation Pause)
[2023-11-10T11:57:22.435-0800][77046067ms] GC(24038) Using 10 workers of 10 for evacuation
[2023-11-10T11:57:22.441-0800][77046073ms] GC(24038)   Pre Evacuate Collection Set: 0.1ms
[2023-11-10T11:57:22.441-0800][77046073ms] GC(24038)   Evacuate Collection Set: 1.8ms
[2023-11-10T11:57:22.441-0800][77046073ms] GC(24038)   Post Evacuate Collection Set: 4.0ms
[2023-11-10T11:57:22.441-0800][77046073ms] GC(24038)   Other: 0.3ms
[2023-11-10T11:57:22.441-0800][77046073ms] GC(24038) Eden regions: 174->0(174)
[2023-11-10T11:57:22.441-0800][77046073ms] GC(24038) Survivor regions: 1->1(22)
[2023-11-10T11:57:22.441-0800][77046073ms] GC(24038) Old regions: 1439->1439
[2023-11-10T11:57:22.441-0800][77046073ms] GC(24038) Humongous regions: 5->5
[2023-11-10T11:57:22.441-0800][77046073ms] GC(24038) Metaspace: 304987K->304987K(1349632K)
[2023-11-10T11:57:22.441-0800][77046073ms] GC(24038) Pause Young (Normal) (G1 Evacuation Pause) 3236M->2888M(3602M) 6.288ms
[2023-11-10T11:57:22.441-0800][77046073ms] GC(24038) User=0.00s Sys=0.00s Real=0.01s
[2023-11-10T11:57:22.906-0800][77046538ms] GC(24039) Pause Young (Normal) (G1 Evacuation Pause)
[2023-11-10T11:57:22.906-0800][77046538ms] GC(24039) Using 10 workers of 10 for evacuation
[2023-11-10T11:57:22.912-0800][77046544ms] GC(24039)   Pre Evacuate Collection Set: 0.1ms
[2023-11-10T11:57:22.912-0800][77046544ms] GC(24039)   Evacuate Collection Set: 1.9ms
[2023-11-10T11:57:22.912-0800][77046544ms] GC(24039)   Post Evacuate Collection Set: 3.8ms
[2023-11-10T11:57:22.912-0800][77046544ms] GC(24039)   Other: 0.3ms
[2023-11-10T11:57:22.912-0800][77046544ms] GC(24039) Eden regions: 174->0(174)
[2023-11-10T11:57:22.912-0800][77046544ms] GC(24039) Survivor regions: 1->1(22)
[2023-11-10T11:57:22.912-0800][77046544ms] GC(24039) Old regions: 1439->1439
[2023-11-10T11:57:22.912-0800][77046544ms] GC(24039) Humongous regions: 5->5
[2023-11-10T11:57:22.912-0800][77046544ms] GC(24039) Metaspace: 304987K->304987K(1349632K)
[2023-11-10T11:57:22.912-0800][77046544ms] GC(24039) Pause Young (Normal) (G1 Evacuation Pause) 3236M->2888M(3602M) 6.079ms
[2023-11-10T11:57:22.912-0800][77046544ms] GC(24039) User=0.00s Sys=0.00s Real=0.01s
[2023-11-10T11:57:23.376-0800][77047008ms] GC(24040) Pause Young (Normal) (G1 Evacuation Pause)
[2023-11-10T11:57:23.376-0800][77047008ms] GC(24040) Using 10 workers of 10 for evacuation
[2023-11-10T11:57:23.384-0800][77047016ms] GC(24040)   Pre Evacuate Collection Set: 0.1ms
[2023-11-10T11:57:23.384-0800][77047016ms] GC(24040)   Evacuate Collection Set: 2.4ms
[2023-11-10T11:57:23.384-0800][77047016ms] GC(24040)   Post Evacuate Collection Set: 5.6ms
[2023-11-10T11:57:23.384-0800][77047016ms] GC(24040)   Other: 0.4ms
[2023-11-10T11:57:23.384-0800][77047016ms] GC(24040) Eden regions: 174->0(174)
[2023-11-10T11:57:23.384-0800][77047016ms] GC(24040) Survivor regions: 1->1(22)
[2023-11-10T11:57:23.384-0800][77047016ms] GC(24040) Old regions: 1439->1439
[2023-11-10T11:57:23.384-0800][77047016ms] GC(24040) Humongous regions: 5->5
[2023-11-10T11:57:23.384-0800][77047016ms] GC(24040) Metaspace: 304987K->304987K(1349632K)
[2023-11-10T11:57:23.384-0800][77047016ms] GC(24040) Pause Young (Normal) (G1 Evacuation Pause) 3236M->2888M(3602M) 8.568ms
[2023-11-10T11:57:23.384-0800][77047016ms] GC(24040) User=0.02s Sys=0.00s Real=0.01s
[2023-11-10T11:57:23.832-0800][77047464ms] GC(24041) Pause Young (Normal) (G1 Evacuation Pause)
[2023-11-10T11:57:23.832-0800][77047464ms] GC(24041) Using 10 workers of 10 for evacuation
[2023-11-10T11:57:23.839-0800][77047471ms] GC(24041)   Pre Evacuate Collection Set: 0.1ms
[2023-11-10T11:57:23.839-0800][77047471ms] GC(24041)   Evacuate Collection Set: 2.5ms
[2023-11-10T11:57:23.839-0800][77047471ms] GC(24041)   Post Evacuate Collection Set: 4.1ms
[2023-11-10T11:57:23.839-0800][77047471ms] GC(24041)   Other: 0.4ms
[2023-11-10T11:57:23.839-0800][77047471ms] GC(24041) Eden regions: 174->0(174)
[2023-11-10T11:57:23.839-0800][77047471ms] GC(24041) Survivor regions: 1->1(22)
[2023-11-10T11:57:23.839-0800][77047471ms] GC(24041) Old regions: 1439->1439
[2023-11-10T11:57:23.839-0800][77047471ms] GC(24041) Humongous regions: 5->5
[2023-11-10T11:57:23.839-0800][77047471ms] GC(24041) Metaspace: 304987K->304987K(1349632K)
[2023-11-10T11:57:23.839-0800][77047471ms] GC(24041) Pause Young (Normal) (G1 Evacuation Pause) 3236M->2888M(3602M) 7.106ms
[2023-11-10T11:57:23.839-0800][77047471ms] GC(24041) User=0.00s Sys=0.00s Real=0.01s
[2023-11-10T11:57:24.246-0800][77047878ms] GC(24042) Pause Young (Normal) (G1 Evacuation Pause)
[2023-11-10T11:57:24.246-0800][77047878ms] GC(24042) Using 10 workers of 10 for evacuation
[2023-11-10T11:57:24.252-0800][77047884ms] GC(24042)   Pre Evacuate Collection Set: 0.0ms
[2023-11-10T11:57:24.252-0800][77047884ms] GC(24042)   Evacuate Collection Set: 1.7ms
[2023-11-10T11:57:24.252-0800][77047884ms] GC(24042)   Post Evacuate Collection Set: 3.3ms
[2023-11-10T11:57:24.252-0800][77047884ms] GC(24042)   Other: 0.3ms
[2023-11-10T11:57:24.252-0800][77047884ms] GC(24042) Eden regions: 174->0(174)
[2023-11-10T11:57:24.252-0800][77047884ms] GC(24042) Survivor regions: 1->1(22)
[2023-11-10T11:57:24.252-0800][77047884ms] GC(24042) Old regions: 1439->1439
[2023-11-10T11:57:24.252-0800][77047884ms] GC(24042) Humongous regions: 5->5
[2023-11-10T11:57:24.252-0800][77047884ms] GC(24042) Metaspace: 304987K->304987K(1349632K)
[2023-11-10T11:57:24.252-0800][77047884ms] GC(24042) Pause Young (Normal) (G1 Evacuation Pause) 3236M->2888M(3602M) 5.336ms
[2023-11-10T11:57:24.252-0800][77047884ms] GC(24042) User=0.00s Sys=0.00s Real=0.01s
[2023-11-10T11:57:24.702-0800][77048334ms] GC(24043) Pause Young (Normal) (G1 Evacuation Pause)
[2023-11-10T11:57:24.702-0800][77048334ms] GC(24043) Using 10 workers of 10 for evacuation
[2023-11-10T11:57:24.708-0800][77048340ms] GC(24043)   Pre Evacuate Collection Set: 0.1ms
[2023-11-10T11:57:24.708-0800][77048340ms] GC(24043)   Evacuate Collection Set: 2.5ms
[2023-11-10T11:57:24.708-0800][77048340ms] GC(24043)   Post Evacuate Collection Set: 3.7ms
[2023-11-10T11:57:24.708-0800][77048340ms] GC(24043)   Other: 0.3ms
[2023-11-10T11:57:24.708-0800][77048340ms] GC(24043) Eden regions: 174->0(174)
[2023-11-10T11:57:24.708-0800][77048340ms] GC(24043) Survivor regions: 1->1(22)
[2023-11-10T11:57:24.708-0800][77048340ms] GC(24043) Old regions: 1439->1439
[2023-11-10T11:57:24.708-0800][77048340ms] GC(24043) Humongous regions: 5->5
[2023-11-10T11:57:24.708-0800][77048340ms] GC(24043) Metaspace: 304987K->304987K(1349632K)
[2023-11-10T11:57:24.709-0800][77048341ms] GC(24043) Pause Young (Normal) (G1 Evacuation Pause) 3236M->2888M(3602M) 6.708ms
[2023-11-10T11:57:24.709-0800][77048341ms] GC(24043) User=0.00s Sys=0.00s Real=0.01s
[2023-11-10T11:57:25.157-0800][77048789ms] GC(24044) Pause Young (Normal) (G1 Evacuation Pause)
[2023-11-10T11:57:25.157-0800][77048789ms] GC(24044) Using 10 workers of 10 for evacuation
[2023-11-10T11:57:25.163-0800][77048795ms] GC(24044)   Pre Evacuate Collection Set: 0.0ms
[2023-11-10T11:57:25.163-0800][77048795ms] GC(24044)   Evacuate Collection Set: 1.7ms
[2023-11-10T11:57:25.163-0800][77048795ms] GC(24044)   Post Evacuate Collection Set: 4.4ms
[2023-11-10T11:57:25.163-0800][77048795ms] GC(24044)   Other: 0.3ms
[2023-11-10T11:57:25.163-0800][77048795ms] GC(24044) Eden regions: 174->0(174)
[2023-11-10T11:57:25.163-0800][77048795ms] GC(24044) Survivor regions: 1->1(22)
[2023-11-10T11:57:25.163-0800][77048795ms] GC(24044) Old regions: 1439->1439
[2023-11-10T11:57:25.163-0800][77048795ms] GC(24044) Humongous regions: 5->5
[2023-11-10T11:57:25.163-0800][77048795ms] GC(24044) Metaspace: 304987K->304987K(1349632K)
[2023-11-10T11:57:25.163-0800][77048795ms] GC(24044) Pause Young (Normal) (G1 Evacuation Pause) 3236M->2888M(3602M) 6.566ms
[2023-11-10T11:57:25.163-0800][77048795ms] GC(24044) User=0.00s Sys=0.00s Real=0.01s
[2023-11-10T11:57:25.609-0800][77049241ms] GC(24045) Pause Young (Normal) (G1 Evacuation Pause)
[2023-11-10T11:57:25.609-0800][77049241ms] GC(24045) Using 10 workers of 10 for evacuation
[2023-11-10T11:57:25.615-0800][77049247ms] GC(24045)   Pre Evacuate Collection Set: 0.1ms
[2023-11-10T11:57:25.615-0800][77049247ms] GC(24045)   Evacuate Collection Set: 1.7ms
[2023-11-10T11:57:25.615-0800][77049247ms] GC(24045)   Post Evacuate Collection Set: 3.7ms
[2023-11-10T11:57:25.615-0800][77049247ms] GC(24045)   Other: 0.3ms
[2023-11-10T11:57:25.615-0800][77049247ms] GC(24045) Eden regions: 174->0(174)
[2023-11-10T11:57:25.615-0800][77049247ms] GC(24045) Survivor regions: 1->1(22)
[2023-11-10T11:57:25.615-0800][77049247ms] GC(24045) Old regions: 1439->1439
[2023-11-10T11:57:25.615-0800][77049247ms] GC(24045) Humongous regions: 5->5
[2023-11-10T11:57:25.615-0800][77049247ms] GC(24045) Metaspace: 304987K->304987K(1349632K)
[2023-11-10T11:57:25.615-0800][77049247ms] GC(24045) Pause Young (Normal) (G1 Evacuation Pause) 3236M->2888M(3602M) 5.885ms
[2023-11-10T11:57:25.615-0800][77049247ms] GC(24045) User=0.00s Sys=0.00s Real=0.01s
[2023-11-10T11:57:26.024-0800][77049656ms] GC(24046) Pause Young (Normal) (G1 Evacuation Pause)
[2023-11-10T11:57:26.024-0800][77049656ms] GC(24046) Using 10 workers of 10 for evacuation
[2023-11-10T11:57:26.036-0800][77049668ms] GC(24046)   Pre Evacuate Collection Set: 0.1ms
[2023-11-10T11:57:26.036-0800][77049668ms] GC(24046)   Evacuate Collection Set: 6.4ms
[2023-11-10T11:57:26.036-0800][77049668ms] GC(24046)   Post Evacuate Collection Set: 4.2ms
[2023-11-10T11:57:26.036-0800][77049668ms] GC(24046)   Other: 0.4ms
[2023-11-10T11:57:26.036-0800][77049668ms] GC(24046) Eden regions: 174->0(174)
[2023-11-10T11:57:26.036-0800][77049668ms] GC(24046) Survivor regions: 1->1(22)
[2023-11-10T11:57:26.036-0800][77049668ms] GC(24046) Old regions: 1439->1439
[2023-11-10T11:57:26.036-0800][77049668ms] GC(24046) Humongous regions: 5->5
[2023-11-10T11:57:26.036-0800][77049668ms] GC(24046) Metaspace: 304987K->304987K(1349632K)
[2023-11-10T11:57:26.036-0800][77049668ms] GC(24046) Pause Young (Normal) (G1 Evacuation Pause) 3236M->2888M(3602M) 11.256ms
[2023-11-10T11:57:26.036-0800][77049668ms] GC(24046) User=0.00s Sys=0.00s Real=0.01s
[2023-11-10T11:57:26.518-0800][77050150ms] GC(24047) Pause Young (Normal) (G1 Evacuation Pause)
[2023-11-10T11:57:26.518-0800][77050150ms] GC(24047) Using 10 workers of 10 for evacuation
[2023-11-10T11:57:26.561-0800][77050193ms] GC(24047)   Pre Evacuate Collection Set: 0.1ms
[2023-11-10T11:57:26.561-0800][77050193ms] GC(24047)   Evacuate Collection Set: 1.9ms
[2023-11-10T11:57:26.561-0800][77050193ms] GC(24047)   Post Evacuate Collection Set: 4.6ms
[2023-11-10T11:57:26.561-0800][77050193ms] GC(24047)   Other: 37.0ms
[2023-11-10T11:57:26.561-0800][77050193ms] GC(24047) Eden regions: 174->0(174)
[2023-11-10T11:57:26.561-0800][77050193ms] GC(24047) Survivor regions: 1->1(22)
[2023-11-10T11:57:26.561-0800][77050193ms] GC(24047) Old regions: 1439->1439
[2023-11-10T11:57:26.561-0800][77050193ms] GC(24047) Humongous regions: 5->5
[2023-11-10T11:57:26.561-0800][77050193ms] GC(24047) Metaspace: 304987K->304987K(1349632K)
[2023-11-10T11:57:26.561-0800][77050193ms] GC(24047) Pause Young (Normal) (G1 Evacuation Pause) 3236M->2888M(3602M) 43.651ms
[2023-11-10T11:57:26.561-0800][77050193ms] GC(24047) User=0.00s Sys=0.00s Real=0.04s
[2023-11-10T11:57:26.959-0800][77050591ms] GC(24048) Pause Young (Normal) (G1 Evacuation Pause)
[2023-11-10T11:57:26.960-0800][77050592ms] GC(24048) Using 10 workers of 10 for evacuation
[2023-11-10T11:57:26.965-0800][77050597ms] GC(24048)   Pre Evacuate Collection Set: 0.0ms
[2023-11-10T11:57:26.965-0800][77050597ms] GC(24048)   Evacuate Collection Set: 1.7ms
[2023-11-10T11:57:26.965-0800][77050597ms] GC(24048)   Post Evacuate Collection Set: 3.5ms
[2023-11-10T11:57:26.965-0800][77050597ms] GC(24048)   Other: 0.3ms
[2023-11-10T11:57:26.965-0800][77050597ms] GC(24048) Eden regions: 174->0(174)
[2023-11-10T11:57:26.965-0800][77050597ms] GC(24048) Survivor regions: 1->1(22)
[2023-11-10T11:57:26.965-0800][77050597ms] GC(24048) Old regions: 1439->1439
[2023-11-10T11:57:26.965-0800][77050597ms] GC(24048) Humongous regions: 5->5
[2023-11-10T11:57:26.965-0800][77050597ms] GC(24048) Metaspace: 304987K->304987K(1349632K)
[2023-11-10T11:57:26.965-0800][77050597ms] GC(24048) Pause Young (Normal) (G1 Evacuation Pause) 3236M->2888M(3602M) 5.649ms
[2023-11-10T11:57:26.965-0800][77050597ms] GC(24048) User=0.00s Sys=0.00s Real=0.01s
[2023-11-10T11:57:27.450-0800][77051082ms] GC(24049) Pause Young (Normal) (G1 Evacuation Pause)
[2023-11-10T11:57:27.450-0800][77051082ms] GC(24049) Using 10 workers of 10 for evacuation
[2023-11-10T11:57:27.457-0800][77051089ms] GC(24049)   Pre Evacuate Collection Set: 0.0ms
[2023-11-10T11:57:27.457-0800][77051089ms] GC(24049)   Evacuate Collection Set: 2.2ms
[2023-11-10T11:57:27.457-0800][77051089ms] GC(24049)   Post Evacuate Collection Set: 3.6ms
[2023-11-10T11:57:27.457-0800][77051089ms] GC(24049)   Other: 0.3ms
[2023-11-10T11:57:27.457-0800][77051089ms] GC(24049) Eden regions: 174->0(174)
[2023-11-10T11:57:27.457-0800][77051089ms] GC(24049) Survivor regions: 1->1(22)
[2023-11-10T11:57:27.457-0800][77051089ms] GC(24049) Old regions: 1439->1439
[2023-11-10T11:57:27.457-0800][77051089ms] GC(24049) Humongous regions: 5->5
[2023-11-10T11:57:27.457-0800][77051089ms] GC(24049) Metaspace: 304987K->304987K(1349632K)
[2023-11-10T11:57:27.457-0800][77051089ms] GC(24049) Pause Young (Normal) (G1 Evacuation Pause) 3236M->2888M(3602M) 6.246ms
[2023-11-10T11:57:27.457-0800][77051089ms] GC(24049) User=0.00s Sys=0.00s Real=0.01s
[2023-11-10T11:57:27.908-0800][77051540ms] GC(24050) Pause Young (Normal) (G1 Evacuation Pause)
[2023-11-10T11:57:27.908-0800][77051540ms] GC(24050) Using 10 workers of 10 for evacuation
[2023-11-10T11:57:27.913-0800][77051545ms] GC(24050)   Pre Evacuate Collection Set: 0.0ms
[2023-11-10T11:57:27.913-0800][77051545ms] GC(24050)   Evacuate Collection Set: 1.6ms
[2023-11-10T11:57:27.913-0800][77051545ms] GC(24050)   Post Evacuate Collection Set: 3.1ms
[2023-11-10T11:57:27.913-0800][77051545ms] GC(24050)   Other: 0.3ms
[2023-11-10T11:57:27.913-0800][77051545ms] GC(24050) Eden regions: 174->0(174)
[2023-11-10T11:57:27.913-0800][77051545ms] GC(24050) Survivor regions: 1->1(22)
[2023-11-10T11:57:27.913-0800][77051545ms] GC(24050) Old regions: 1439->1439
[2023-11-10T11:57:27.913-0800][77051545ms] GC(24050) Humongous regions: 5->5
[2023-11-10T11:57:27.913-0800][77051545ms] GC(24050) Metaspace: 304987K->304987K(1349632K)
[2023-11-10T11:57:27.913-0800][77051545ms] GC(24050) Pause Young (Normal) (G1 Evacuation Pause) 3236M->2888M(3602M) 5.074ms
[2023-11-10T11:57:27.913-0800][77051545ms] GC(24050) User=0.00s Sys=0.00s Real=0.01s
[2023-11-10T11:57:28.286-0800][77051918ms] GC(24051) Pause Young (Normal) (G1 Evacuation Pause)
[2023-11-10T11:57:28.286-0800][77051918ms] GC(24051) Using 10 workers of 10 for evacuation
[2023-11-10T11:57:28.291-0800][77051923ms] GC(24051)   Pre Evacuate Collection Set: 0.0ms
[2023-11-10T11:57:28.291-0800][77051923ms] GC(24051)   Evacuate Collection Set: 1.6ms
[2023-11-10T11:57:28.291-0800][77051923ms] GC(24051)   Post Evacuate Collection Set: 2.9ms
[2023-11-10T11:57:28.291-0800][77051923ms] GC(24051)   Other: 0.3ms
[2023-11-10T11:57:28.291-0800][77051923ms] GC(24051) Eden regions: 174->0(174)
[2023-11-10T11:57:28.291-0800][77051923ms] GC(24051) Survivor regions: 1->1(22)
[2023-11-10T11:57:28.291-0800][77051923ms] GC(24051) Old regions: 1439->1439
[2023-11-10T11:57:28.291-0800][77051923ms] GC(24051) Humongous regions: 5->5
[2023-11-10T11:57:28.291-0800][77051923ms] GC(24051) Metaspace: 304987K->304987K(1349632K)
[2023-11-10T11:57:28.291-0800][77051923ms] GC(24051) Pause Young (Normal) (G1 Evacuation Pause) 3236M->2888M(3602M) 4.965ms
[2023-11-10T11:57:28.291-0800][77051923ms] GC(24051) User=0.02s Sys=0.00s Real=0.00s
[2023-11-10T11:57:28.647-0800][77052279ms] GC(24052) Pause Young (Normal) (G1 Evacuation Pause)
[2023-11-10T11:57:28.647-0800][77052279ms] GC(24052) Using 10 workers of 10 for evacuation
[2023-11-10T11:57:28.652-0800][77052284ms] GC(24052)   Pre Evacuate Collection Set: 0.0ms
[2023-11-10T11:57:28.652-0800][77052284ms] GC(24052)   Evacuate Collection Set: 1.9ms
[2023-11-10T11:57:28.652-0800][77052284ms] GC(24052)   Post Evacuate Collection Set: 3.1ms
[2023-11-10T11:57:28.652-0800][77052284ms] GC(24052)   Other: 0.3ms
[2023-11-10T11:57:28.652-0800][77052284ms] GC(24052) Eden regions: 174->0(173)
[2023-11-10T11:57:28.652-0800][77052284ms] GC(24052) Survivor regions: 1->1(22)
[2023-11-10T11:57:28.652-0800][77052284ms] GC(24052) Old regions: 1439->1440
[2023-11-10T11:57:28.652-0800][77052284ms] GC(24052) Humongous regions: 5->5
[2023-11-10T11:57:28.652-0800][77052284ms] GC(24052) Metaspace: 304987K->304987K(1349632K)
[2023-11-10T11:57:28.652-0800][77052284ms] GC(24052) Pause Young (Normal) (G1 Evacuation Pause) 3236M->2888M(3602M) 5.470ms
[2023-11-10T11:57:28.652-0800][77052284ms] GC(24052) User=0.11s Sys=0.00s Real=0.00s
[2023-11-10T11:57:29.082-0800][77052714ms] GC(24053) Pause Young (Normal) (G1 Evacuation Pause)
[2023-11-10T11:57:29.082-0800][77052714ms] GC(24053) Using 10 workers of 10 for evacuation
[2023-11-10T11:57:29.087-0800][77052719ms] GC(24053)   Pre Evacuate Collection Set: 0.0ms
[2023-11-10T11:57:29.087-0800][77052719ms] GC(24053)   Evacuate Collection Set: 1.7ms
[2023-11-10T11:57:29.087-0800][77052719ms] GC(24053)   Post Evacuate Collection Set: 3.2ms
[2023-11-10T11:57:29.087-0800][77052719ms] GC(24053)   Other: 0.3ms
[2023-11-10T11:57:29.087-0800][77052719ms] GC(24053) Eden regions: 173->0(173)
[2023-11-10T11:57:29.087-0800][77052719ms] GC(24053) Survivor regions: 1->1(22)
[2023-11-10T11:57:29.087-0800][77052719ms] GC(24053) Old regions: 1440->1440
[2023-11-10T11:57:29.087-0800][77052719ms] GC(24053) Humongous regions: 5->5
[2023-11-10T11:57:29.087-0800][77052719ms] GC(24053) Metaspace: 304987K->304987K(1349632K)
[2023-11-10T11:57:29.087-0800][77052719ms] GC(24053) Pause Young (Normal) (G1 Evacuation Pause) 3234M->2888M(3602M) 5.458ms
[2023-11-10T11:57:29.087-0800][77052719ms] GC(24053) User=0.00s Sys=0.00s Real=0.00s
[2023-11-10T11:57:29.554-0800][77053186ms] GC(24054) Pause Young (Normal) (G1 Evacuation Pause)
[2023-11-10T11:57:29.554-0800][77053186ms] GC(24054) Using 10 workers of 10 for evacuation
[2023-11-10T11:57:29.559-0800][77053191ms] GC(24054)   Pre Evacuate Collection Set: 0.0ms
[2023-11-10T11:57:29.559-0800][77053191ms] GC(24054)   Evacuate Collection Set: 1.6ms
[2023-11-10T11:57:29.559-0800][77053191ms] GC(24054)   Post Evacuate Collection Set: 2.9ms
[2023-11-10T11:57:29.559-0800][77053191ms] GC(24054)   Other: 0.3ms
[2023-11-10T11:57:29.559-0800][77053191ms] GC(24054) Eden regions: 173->0(173)
[2023-11-10T11:57:29.559-0800][77053191ms] GC(24054) Survivor regions: 1->1(22)
[2023-11-10T11:57:29.559-0800][77053191ms] GC(24054) Old regions: 1440->1440
[2023-11-10T11:57:29.559-0800][77053191ms] GC(24054) Humongous regions: 5->5
[2023-11-10T11:57:29.559-0800][77053191ms] GC(24054) Metaspace: 304987K->304987K(1349632K)
[2023-11-10T11:57:29.559-0800][77053191ms] GC(24054) Pause Young (Normal) (G1 Evacuation Pause) 3234M->2888M(3602M) 4.945ms
[2023-11-10T11:57:29.559-0800][77053191ms] GC(24054) User=0.00s Sys=0.00s Real=0.01s
[2023-11-10T11:57:29.986-0800][77053618ms] GC(24055) Pause Young (Normal) (G1 Evacuation Pause)
[2023-11-10T11:57:29.986-0800][77053618ms] GC(24055) Using 10 workers of 10 for evacuation
[2023-11-10T11:57:29.991-0800][77053623ms] GC(24055)   Pre Evacuate Collection Set: 0.1ms
[2023-11-10T11:57:29.991-0800][77053623ms] GC(24055)   Evacuate Collection Set: 1.6ms
[2023-11-10T11:57:29.991-0800][77053623ms] GC(24055)   Post Evacuate Collection Set: 3.5ms
[2023-11-10T11:57:29.991-0800][77053623ms] GC(24055)   Other: 0.3ms
[2023-11-10T11:57:29.991-0800][77053623ms] GC(24055) Eden regions: 173->0(173)
[2023-11-10T11:57:29.991-0800][77053623ms] GC(24055) Survivor regions: 1->1(22)
[2023-11-10T11:57:29.991-0800][77053623ms] GC(24055) Old regions: 1440->1440
[2023-11-10T11:57:29.991-0800][77053623ms] GC(24055) Humongous regions: 5->5
[2023-11-10T11:57:29.991-0800][77053623ms] GC(24055) Metaspace: 304987K->304987K(1349632K)
[2023-11-10T11:57:29.991-0800][77053623ms] GC(24055) Pause Young (Normal) (G1 Evacuation Pause) 3234M->2888M(3602M) 5.681ms
[2023-11-10T11:57:29.991-0800][77053623ms] GC(24055) User=0.00s Sys=0.00s Real=0.00s
[2023-11-10T11:57:30.368-0800][77054000ms] GC(24056) Pause Young (Normal) (G1 Evacuation Pause)
[2023-11-10T11:57:30.368-0800][77054000ms] GC(24056) Using 10 workers of 10 for evacuation
[2023-11-10T11:57:30.373-0800][77054005ms] GC(24056)   Pre Evacuate Collection Set: 0.0ms
[2023-11-10T11:57:30.373-0800][77054005ms] GC(24056)   Evacuate Collection Set: 1.7ms
[2023-11-10T11:57:30.373-0800][77054005ms] GC(24056)   Post Evacuate Collection Set: 3.4ms
[2023-11-10T11:57:30.373-0800][77054005ms] GC(24056)   Other: 0.2ms
[2023-11-10T11:57:30.373-0800][77054005ms] GC(24056) Eden regions: 173->0(173)
[2023-11-10T11:57:30.373-0800][77054005ms] GC(24056) Survivor regions: 1->1(22)
[2023-11-10T11:57:30.373-0800][77054005ms] GC(24056) Old regions: 1440->1440
[2023-11-10T11:57:30.373-0800][77054005ms] GC(24056) Humongous regions: 5->5
[2023-11-10T11:57:30.373-0800][77054005ms] GC(24056) Metaspace: 304987K->304987K(1349632K)
[2023-11-10T11:57:30.373-0800][77054005ms] GC(24056) Pause Young (Normal) (G1 Evacuation Pause) 3234M->2888M(3602M) 5.550ms
[2023-11-10T11:57:30.373-0800][77054005ms] GC(24056) User=0.00s Sys=0.00s Real=0.00s
[2023-11-10T11:57:30.772-0800][77054404ms] GC(24057) Pause Young (Normal) (G1 Evacuation Pause)
[2023-11-10T11:57:30.772-0800][77054404ms] GC(24057) Using 10 workers of 10 for evacuation
[2023-11-10T11:57:30.777-0800][77054409ms] GC(24057)   Pre Evacuate Collection Set: 0.0ms
[2023-11-10T11:57:30.777-0800][77054409ms] GC(24057)   Evacuate Collection Set: 1.7ms
[2023-11-10T11:57:30.777-0800][77054409ms] GC(24057)   Post Evacuate Collection Set: 3.2ms
[2023-11-10T11:57:30.777-0800][77054409ms] GC(24057)   Other: 0.3ms
[2023-11-10T11:57:30.777-0800][77054409ms] GC(24057) Eden regions: 173->0(173)
[2023-11-10T11:57:30.777-0800][77054409ms] GC(24057) Survivor regions: 1->1(22)
[2023-11-10T11:57:30.777-0800][77054409ms] GC(24057) Old regions: 1440->1440
[2023-11-10T11:57:30.777-0800][77054409ms] GC(24057) Humongous regions: 5->5
[2023-11-10T11:57:30.777-0800][77054409ms] GC(24057) Metaspace: 304987K->304987K(1349632K)
[2023-11-10T11:57:30.777-0800][77054409ms] GC(24057) Pause Young (Normal) (G1 Evacuation Pause) 3234M->2888M(3602M) 5.290ms
[2023-11-10T11:57:30.800-0800][77054433ms] GC(24057) User=0.11s Sys=0.00s Real=0.03s
[2023-11-10T11:57:31.243-0800][77054875ms] GC(24058) Pause Young (Normal) (G1 Evacuation Pause)
[2023-11-10T11:57:31.243-0800][77054875ms] GC(24058) Using 10 workers of 10 for evacuation
[2023-11-10T11:57:31.248-0800][77054880ms] GC(24058)   Pre Evacuate Collection Set: 0.0ms
[2023-11-10T11:57:31.248-0800][77054880ms] GC(24058)   Evacuate Collection Set: 1.7ms
[2023-11-10T11:57:31.248-0800][77054880ms] GC(24058)   Post Evacuate Collection Set: 3.1ms
[2023-11-10T11:57:31.248-0800][77054880ms] GC(24058)   Other: 0.3ms
[2023-11-10T11:57:31.248-0800][77054880ms] GC(24058) Eden regions: 173->0(173)
[2023-11-10T11:57:31.248-0800][77054880ms] GC(24058) Survivor regions: 1->1(22)
[2023-11-10T11:57:31.248-0800][77054880ms] GC(24058) Old regions: 1440->1440
[2023-11-10T11:57:31.248-0800][77054880ms] GC(24058) Humongous regions: 5->5
[2023-11-10T11:57:31.248-0800][77054880ms] GC(24058) Metaspace: 304987K->304987K(1349632K)
[2023-11-10T11:57:31.248-0800][77054880ms] GC(24058) Pause Young (Normal) (G1 Evacuation Pause) 3234M->2888M(3602M) 5.147ms
[2023-11-10T11:57:31.248-0800][77054880ms] GC(24058) User=0.00s Sys=0.00s Real=0.00s
[2023-11-10T11:57:31.695-0800][77055327ms] GC(24059) Pause Young (Normal) (G1 Evacuation Pause)
[2023-11-10T11:57:31.695-0800][77055327ms] GC(24059) Using 10 workers of 10 for evacuation
[2023-11-10T11:57:31.699-0800][77055331ms] GC(24059)   Pre Evacuate Collection Set: 0.0ms
[2023-11-10T11:57:31.701-0800][77055333ms] GC(24059)   Evacuate Collection Set: 1.7ms
[2023-11-10T11:57:31.701-0800][77055333ms] GC(24059)   Post Evacuate Collection Set: 3.4ms
[2023-11-10T11:57:31.701-0800][77055333ms] GC(24059)   Other: 0.3ms
[2023-11-10T11:57:31.701-0800][77055333ms] GC(24059) Eden regions: 173->0(173)
[2023-11-10T11:57:31.701-0800][77055333ms] GC(24059) Survivor regions: 1->1(22)
[2023-11-10T11:57:31.701-0800][77055333ms] GC(24059) Old regions: 1440->1440
[2023-11-10T11:57:31.701-0800][77055333ms] GC(24059) Humongous regions: 5->5
[2023-11-10T11:57:31.701-0800][77055333ms] GC(24059) Metaspace: 304987K->304987K(1349632K)
[2023-11-10T11:57:31.701-0800][77055333ms] GC(24059) Pause Young (Normal) (G1 Evacuation Pause) 3234M->2888M(3602M) 5.528ms
[2023-11-10T11:57:31.701-0800][77055333ms] GC(24059) User=0.00s Sys=0.00s Real=0.01s
[2023-11-10T11:57:32.148-0800][77055780ms] GC(24060) Pause Young (Normal) (G1 Evacuation Pause)
[2023-11-10T11:57:32.148-0800][77055780ms] GC(24060) Using 10 workers of 10 for evacuation
[2023-11-10T11:57:32.154-0800][77055786ms] GC(24060)   Pre Evacuate Collection Set: 0.0ms
[2023-11-10T11:57:32.154-0800][77055786ms] GC(24060)   Evacuate Collection Set: 1.6ms
[2023-11-10T11:57:32.154-0800][77055786ms] GC(24060)   Post Evacuate Collection Set: 3.7ms
[2023-11-10T11:57:32.154-0800][77055786ms] GC(24060)   Other: 0.3ms
[2023-11-10T11:57:32.154-0800][77055786ms] GC(24060) Eden regions: 173->0(173)
[2023-11-10T11:57:32.154-0800][77055786ms] GC(24060) Survivor regions: 1->1(22)
[2023-11-10T11:57:32.154-0800][77055786ms] GC(24060) Old regions: 1440->1440
[2023-11-10T11:57:32.154-0800][77055786ms] GC(24060) Humongous regions: 5->5
[2023-11-10T11:57:32.154-0800][77055786ms] GC(24060) Metaspace: 304987K->304987K(1349632K)
[2023-11-10T11:57:32.154-0800][77055786ms] GC(24060) Pause Young (Normal) (G1 Evacuation Pause) 3234M->2888M(3602M) 5.735ms
[2023-11-10T11:57:32.154-0800][77055786ms] GC(24060) User=0.00s Sys=0.00s Real=0.01s
[2023-11-10T11:57:32.607-0800][77056239ms] GC(24061) Pause Young (Normal) (G1 Evacuation Pause)
[2023-11-10T11:57:32.607-0800][77056239ms] GC(24061) Using 10 workers of 10 for evacuation
[2023-11-10T11:57:32.611-0800][77056243ms] GC(24061)   Pre Evacuate Collection Set: 0.0ms
[2023-11-10T11:57:32.611-0800][77056243ms] GC(24061)   Evacuate Collection Set: 1.6ms
[2023-11-10T11:57:32.611-0800][77056243ms] GC(24061)   Post Evacuate Collection Set: 3.0ms
[2023-11-10T11:57:32.611-0800][77056243ms] GC(24061)   Other: 0.2ms
[2023-11-10T11:57:32.611-0800][77056243ms] GC(24061) Eden regions: 173->0(173)
[2023-11-10T11:57:32.612-0800][77056244ms] GC(24061) Survivor regions: 1->1(22)
[2023-11-10T11:57:32.612-0800][77056244ms] GC(24061) Old regions: 1440->1440
[2023-11-10T11:57:32.612-0800][77056244ms] GC(24061) Humongous regions: 5->5
[2023-11-10T11:57:32.612-0800][77056244ms] GC(24061) Metaspace: 304987K->304987K(1349632K)
[2023-11-10T11:57:32.612-0800][77056244ms] GC(24061) Pause Young (Normal) (G1 Evacuation Pause) 3234M->2888M(3602M) 5.017ms
[2023-11-10T11:57:32.612-0800][77056244ms] GC(24061) User=0.00s Sys=0.00s Real=0.00s
[2023-11-10T11:57:33.083-0800][77056715ms] GC(24062) Pause Young (Normal) (G1 Evacuation Pause)
[2023-11-10T11:57:33.083-0800][77056715ms] GC(24062) Using 10 workers of 10 for evacuation
[2023-11-10T11:57:33.089-0800][77056721ms] GC(24062)   Pre Evacuate Collection Set: 0.0ms
[2023-11-10T11:57:33.089-0800][77056721ms] GC(24062)   Evacuate Collection Set: 1.7ms
[2023-11-10T11:57:33.089-0800][77056721ms] GC(24062)   Post Evacuate Collection Set: 3.7ms
[2023-11-10T11:57:33.089-0800][77056721ms] GC(24062)   Other: 0.3ms
[2023-11-10T11:57:33.089-0800][77056721ms] GC(24062) Eden regions: 173->0(173)
[2023-11-10T11:57:33.089-0800][77056721ms] GC(24062) Survivor regions: 1->1(22)
[2023-11-10T11:57:33.089-0800][77056721ms] GC(24062) Old regions: 1440->1440
[2023-11-10T11:57:33.089-0800][77056721ms] GC(24062) Humongous regions: 5->5
[2023-11-10T11:57:33.089-0800][77056721ms] GC(24062) Metaspace: 304987K->304987K(1349632K)
[2023-11-10T11:57:33.089-0800][77056721ms] GC(24062) Pause Young (Normal) (G1 Evacuation Pause) 3234M->2888M(3602M) 5.766ms
[2023-11-10T11:57:33.089-0800][77056721ms] GC(24062) User=0.05s Sys=0.00s Real=0.01s
[2023-11-10T11:57:33.512-0800][77057144ms] GC(24063) Pause Young (Normal) (G1 Evacuation Pause)
[2023-11-10T11:57:33.512-0800][77057144ms] GC(24063) Using 10 workers of 10 for evacuation
[2023-11-10T11:57:33.519-0800][77057151ms] GC(24063)   Pre Evacuate Collection Set: 0.1ms
[2023-11-10T11:57:33.519-0800][77057151ms] GC(24063)   Evacuate Collection Set: 2.5ms
[2023-11-10T11:57:33.519-0800][77057151ms] GC(24063)   Post Evacuate Collection Set: 4.3ms
[2023-11-10T11:57:33.519-0800][77057151ms] GC(24063)   Other: 0.3ms
[2023-11-10T11:57:33.519-0800][77057151ms] GC(24063) Eden regions: 173->0(173)
[2023-11-10T11:57:33.519-0800][77057151ms] GC(24063) Survivor regions: 1->1(22)
[2023-11-10T11:57:33.519-0800][77057151ms] GC(24063) Old regions: 1440->1440
[2023-11-10T11:57:33.519-0800][77057151ms] GC(24063) Humongous regions: 5->5
[2023-11-10T11:57:33.519-0800][77057151ms] GC(24063) Metaspace: 304987K->304987K(1349632K)
[2023-11-10T11:57:33.519-0800][77057151ms] GC(24063) Pause Young (Normal) (G1 Evacuation Pause) 3234M->2888M(3602M) 7.264ms
[2023-11-10T11:57:33.519-0800][77057151ms] GC(24063) User=0.00s Sys=0.00s Real=0.01s
[2023-11-10T11:57:33.965-0800][77057597ms] GC(24064) Pause Young (Normal) (G1 Evacuation Pause)
[2023-11-10T11:57:33.965-0800][77057597ms] GC(24064) Using 10 workers of 10 for evacuation
[2023-11-10T11:57:33.969-0800][77057601ms] GC(24064)   Pre Evacuate Collection Set: 0.0ms
[2023-11-10T11:57:33.969-0800][77057601ms] GC(24064)   Evacuate Collection Set: 1.7ms
[2023-11-10T11:57:33.969-0800][77057601ms] GC(24064)   Post Evacuate Collection Set: 3.3ms
[2023-11-10T11:57:33.969-0800][77057601ms] GC(24064)   Other: 0.3ms
[2023-11-10T11:57:33.969-0800][77057601ms] GC(24064) Eden regions: 173->0(173)
[2023-11-10T11:57:33.969-0800][77057601ms] GC(24064) Survivor regions: 1->1(22)
[2023-11-10T11:57:33.969-0800][77057601ms] GC(24064) Old regions: 1440->1440
[2023-11-10T11:57:33.970-0800][77057602ms] GC(24064) Humongous regions: 5->5
[2023-11-10T11:57:33.970-0800][77057602ms] GC(24064) Metaspace: 304987K->304987K(1349632K)
[2023-11-10T11:57:33.970-0800][77057602ms] GC(24064) Pause Young (Normal) (G1 Evacuation Pause) 3234M->2889M(3602M) 5.427ms
[2023-11-10T11:57:33.970-0800][77057602ms] GC(24064) User=0.00s Sys=0.00s Real=0.01s
[2023-11-10T11:57:34.410-0800][77058042ms] GC(24065) Pause Young (Normal) (G1 Evacuation Pause)
[2023-11-10T11:57:34.410-0800][77058042ms] GC(24065) Using 10 workers of 10 for evacuation
[2023-11-10T11:57:34.417-0800][77058049ms] GC(24065)   Pre Evacuate Collection Set: 0.1ms
[2023-11-10T11:57:34.417-0800][77058049ms] GC(24065)   Evacuate Collection Set: 2.5ms
[2023-11-10T11:57:34.417-0800][77058049ms] GC(24065)   Post Evacuate Collection Set: 3.8ms
[2023-11-10T11:57:34.417-0800][77058049ms] GC(24065)   Other: 0.3ms
[2023-11-10T11:57:34.417-0800][77058049ms] GC(24065) Eden regions: 173->0(173)
[2023-11-10T11:57:34.417-0800][77058049ms] GC(24065) Survivor regions: 1->1(22)
[2023-11-10T11:57:34.417-0800][77058049ms] GC(24065) Old regions: 1440->1440
[2023-11-10T11:57:34.417-0800][77058049ms] GC(24065) Humongous regions: 5->5
[2023-11-10T11:57:34.417-0800][77058049ms] GC(24065) Metaspace: 304987K->304987K(1349632K)
[2023-11-10T11:57:34.417-0800][77058049ms] GC(24065) Pause Young (Normal) (G1 Evacuation Pause) 3235M->2888M(3602M) 6.810ms
[2023-11-10T11:57:34.417-0800][77058049ms] GC(24065) User=0.03s Sys=0.00s Real=0.01s
[2023-11-10T11:57:34.856-0800][77058488ms] GC(24066) Pause Young (Normal) (G1 Evacuation Pause)
[2023-11-10T11:57:34.856-0800][77058488ms] GC(24066) Using 10 workers of 10 for evacuation
[2023-11-10T11:57:34.862-0800][77058494ms] GC(24066)   Pre Evacuate Collection Set: 0.0ms
[2023-11-10T11:57:34.862-0800][77058494ms] GC(24066)   Evacuate Collection Set: 1.7ms
[2023-11-10T11:57:34.862-0800][77058494ms] GC(24066)   Post Evacuate Collection Set: 4.5ms
[2023-11-10T11:57:34.862-0800][77058494ms] GC(24066)   Other: 0.3ms
[2023-11-10T11:57:34.862-0800][77058494ms] GC(24066) Eden regions: 173->0(173)
[2023-11-10T11:57:34.862-0800][77058494ms] GC(24066) Survivor regions: 1->1(22)
[2023-11-10T11:57:34.862-0800][77058494ms] GC(24066) Old regions: 1440->1440
[2023-11-10T11:57:34.862-0800][77058494ms] GC(24066) Humongous regions: 5->5
[2023-11-10T11:57:34.862-0800][77058494ms] GC(24066) Metaspace: 304987K->304987K(1349632K)
[2023-11-10T11:57:34.862-0800][77058494ms] GC(24066) Pause Young (Normal) (G1 Evacuation Pause) 3234M->2888M(3602M) 6.637ms
[2023-11-10T11:57:34.862-0800][77058494ms] GC(24066) User=0.00s Sys=0.00s Real=0.01s
[2023-11-10T11:57:35.315-0800][77058947ms] GC(24067) Pause Young (Normal) (G1 Evacuation Pause)
[2023-11-10T11:57:35.315-0800][77058947ms] GC(24067) Using 10 workers of 10 for evacuation
[2023-11-10T11:57:35.320-0800][77058952ms] GC(24067)   Pre Evacuate Collection Set: 0.0ms
[2023-11-10T11:57:35.320-0800][77058952ms] GC(24067)   Evacuate Collection Set: 1.7ms
[2023-11-10T11:57:35.320-0800][77058952ms] GC(24067)   Post Evacuate Collection Set: 3.2ms
[2023-11-10T11:57:35.320-0800][77058952ms] GC(24067)   Other: 0.2ms
[2023-11-10T11:57:35.320-0800][77058952ms] GC(24067) Eden regions: 173->0(173)
[2023-11-10T11:57:35.320-0800][77058952ms] GC(24067) Survivor regions: 1->1(22)
[2023-11-10T11:57:35.320-0800][77058952ms] GC(24067) Old regions: 1440->1440
[2023-11-10T11:57:35.320-0800][77058952ms] GC(24067) Humongous regions: 5->5
[2023-11-10T11:57:35.320-0800][77058952ms] GC(24067) Metaspace: 304987K->304987K(1349632K)
[2023-11-10T11:57:35.320-0800][77058952ms] GC(24067) Pause Young (Normal) (G1 Evacuation Pause) 3234M->2888M(3602M) 5.301ms
[2023-11-10T11:57:35.320-0800][77058952ms] GC(24067) User=0.00s Sys=0.00s Real=0.00s
[2023-11-10T11:57:35.769-0800][77059401ms] GC(24068) Pause Young (Normal) (G1 Evacuation Pause)
[2023-11-10T11:57:35.769-0800][77059401ms] GC(24068) Using 10 workers of 10 for evacuation
[2023-11-10T11:57:35.775-0800][77059407ms] GC(24068)   Pre Evacuate Collection Set: 0.1ms
[2023-11-10T11:57:35.775-0800][77059407ms] GC(24068)   Evacuate Collection Set: 1.8ms
[2023-11-10T11:57:35.775-0800][77059407ms] GC(24068)   Post Evacuate Collection Set: 3.8ms
[2023-11-10T11:57:35.775-0800][77059407ms] GC(24068)   Other: 0.4ms
[2023-11-10T11:57:35.775-0800][77059407ms] GC(24068) Eden regions: 173->0(173)
[2023-11-10T11:57:35.775-0800][77059407ms] GC(24068) Survivor regions: 1->1(22)
[2023-11-10T11:57:35.775-0800][77059407ms] GC(24068) Old regions: 1440->1440
[2023-11-10T11:57:35.775-0800][77059407ms] GC(24068) Humongous regions: 5->5
[2023-11-10T11:57:35.775-0800][77059407ms] GC(24068) Metaspace: 304987K->304987K(1349632K)
[2023-11-10T11:57:35.775-0800][77059407ms] GC(24068) Pause Young (Normal) (G1 Evacuation Pause) 3234M->2888M(3602M) 6.071ms
[2023-11-10T11:57:35.775-0800][77059407ms] GC(24068) User=0.00s Sys=0.00s Real=0.01s
[2023-11-10T11:57:36.172-0800][77059804ms] GC(24069) Pause Young (Normal) (G1 Evacuation Pause)
[2023-11-10T11:57:36.172-0800][77059804ms] GC(24069) Using 10 workers of 10 for evacuation
[2023-11-10T11:57:36.178-0800][77059810ms] GC(24069)   Pre Evacuate Collection Set: 0.1ms
[2023-11-10T11:57:36.178-0800][77059810ms] GC(24069)   Evacuate Collection Set: 2.5ms
[2023-11-10T11:57:36.178-0800][77059810ms] GC(24069)   Post Evacuate Collection Set: 3.8ms
[2023-11-10T11:57:36.178-0800][77059810ms] GC(24069)   Other: 0.4ms
[2023-11-10T11:57:36.178-0800][77059810ms] GC(24069) Eden regions: 173->0(173)
[2023-11-10T11:57:36.178-0800][77059810ms] GC(24069) Survivor regions: 1->1(22)
[2023-11-10T11:57:36.178-0800][77059810ms] GC(24069) Old regions: 1440->1440
[2023-11-10T11:57:36.179-0800][77059811ms] GC(24069) Humongous regions: 5->5
[2023-11-10T11:57:36.179-0800][77059811ms] GC(24069) Metaspace: 304988K->304988K(1349632K)
[2023-11-10T11:57:36.179-0800][77059811ms] GC(24069) Pause Young (Normal) (G1 Evacuation Pause) 3234M->2888M(3602M) 6.984ms
[2023-11-10T11:57:36.179-0800][77059811ms] GC(24069) User=0.00s Sys=0.00s Real=0.01s
[2023-11-10T11:57:36.607-0800][77060240ms] GC(24070) Pause Young (Normal) (G1 Evacuation Pause)
[2023-11-10T11:57:36.608-0800][77060240ms] GC(24070) Using 10 workers of 10 for evacuation
[2023-11-10T11:57:36.614-0800][77060246ms] GC(24070)   Pre Evacuate Collection Set: 0.1ms
[2023-11-10T11:57:36.614-0800][77060246ms] GC(24070)   Evacuate Collection Set: 2.1ms
[2023-11-10T11:57:36.614-0800][77060246ms] GC(24070)   Post Evacuate Collection Set: 3.2ms
[2023-11-10T11:57:36.614-0800][77060246ms] GC(24070)   Other: 0.3ms
[2023-11-10T11:57:36.614-0800][77060246ms] GC(24070) Eden regions: 173->0(173)
[2023-11-10T11:57:36.614-0800][77060246ms] GC(24070) Survivor regions: 1->1(22)
[2023-11-10T11:57:36.614-0800][77060246ms] GC(24070) Old regions: 1440->1440
[2023-11-10T11:57:36.614-0800][77060246ms] GC(24070) Humongous regions: 5->5
[2023-11-10T11:57:36.614-0800][77060246ms] GC(24070) Metaspace: 304988K->304988K(1349632K)
[2023-11-10T11:57:36.614-0800][77060246ms] GC(24070) Pause Young (Normal) (G1 Evacuation Pause) 3234M->2888M(3602M) 5.689ms
[2023-11-10T11:57:36.614-0800][77060246ms] GC(24070) User=0.00s Sys=0.00s Real=0.01s
[2023-11-10T11:57:37.038-0800][77060670ms] GC(24071) Pause Young (Normal) (G1 Evacuation Pause)
[2023-11-10T11:57:37.038-0800][77060670ms] GC(24071) Using 10 workers of 10 for evacuation
[2023-11-10T11:57:37.047-0800][77060679ms] GC(24071)   Pre Evacuate Collection Set: 0.1ms
[2023-11-10T11:57:37.047-0800][77060679ms] GC(24071)   Evacuate Collection Set: 2.3ms
[2023-11-10T11:57:37.047-0800][77060679ms] GC(24071)   Post Evacuate Collection Set: 6.1ms
[2023-11-10T11:57:37.047-0800][77060679ms] GC(24071)   Other: 0.4ms
[2023-11-10T11:57:37.047-0800][77060679ms] GC(24071) Eden regions: 173->0(173)
[2023-11-10T11:57:37.047-0800][77060679ms] GC(24071) Survivor regions: 1->1(22)
[2023-11-10T11:57:37.047-0800][77060679ms] GC(24071) Old regions: 1440->1440
[2023-11-10T11:57:37.047-0800][77060679ms] GC(24071) Humongous regions: 5->5
[2023-11-10T11:57:37.047-0800][77060679ms] GC(24071) Metaspace: 304988K->304988K(1349632K)
[2023-11-10T11:57:37.047-0800][77060679ms] GC(24071) Pause Young (Normal) (G1 Evacuation Pause) 3234M->2888M(3602M) 9.127ms
[2023-11-10T11:57:37.047-0800][77060679ms] GC(24071) User=0.00s Sys=0.00s Real=0.01s
[2023-11-10T11:57:37.517-0800][77061149ms] GC(24072) Pause Young (Normal) (G1 Evacuation Pause)
[2023-11-10T11:57:37.518-0800][77061150ms] GC(24072) Using 10 workers of 10 for evacuation
[2023-11-10T11:57:37.524-0800][77061156ms] GC(24072)   Pre Evacuate Collection Set: 0.1ms
[2023-11-10T11:57:37.525-0800][77061157ms] GC(24072)   Evacuate Collection Set: 3.1ms
[2023-11-10T11:57:37.525-0800][77061157ms] GC(24072)   Post Evacuate Collection Set: 3.8ms
[2023-11-10T11:57:37.525-0800][77061157ms] GC(24072)   Other: 0.4ms
[2023-11-10T11:57:37.525-0800][77061157ms] GC(24072) Eden regions: 173->0(173)
[2023-11-10T11:57:37.525-0800][77061157ms] GC(24072) Survivor regions: 1->1(22)
[2023-11-10T11:57:37.525-0800][77061157ms] GC(24072) Old regions: 1440->1440
[2023-11-10T11:57:37.525-0800][77061157ms] GC(24072) Humongous regions: 5->5
[2023-11-10T11:57:37.525-0800][77061157ms] GC(24072) Metaspace: 304988K->304988K(1349632K)
[2023-11-10T11:57:37.525-0800][77061157ms] GC(24072) Pause Young (Normal) (G1 Evacuation Pause) 3234M->2889M(3602M) 7.414ms
[2023-11-10T11:57:37.525-0800][77061157ms] GC(24072) User=0.00s Sys=0.00s Real=0.01s
[2023-11-10T11:57:38.038-0800][77061670ms] GC(24073) Pause Young (Normal) (G1 Evacuation Pause)
[2023-11-10T11:57:38.038-0800][77061670ms] GC(24073) Using 10 workers of 10 for evacuation
[2023-11-10T11:57:38.043-0800][77061675ms] GC(24073)   Pre Evacuate Collection Set: 0.1ms
[2023-11-10T11:57:38.043-0800][77061675ms] GC(24073)   Evacuate Collection Set: 2.1ms
[2023-11-10T11:57:38.043-0800][77061675ms] GC(24073)   Post Evacuate Collection Set: 3.4ms
[2023-11-10T11:57:38.043-0800][77061675ms] GC(24073)   Other: 0.3ms
[2023-11-10T11:57:38.043-0800][77061675ms] GC(24073) Eden regions: 173->0(173)
[2023-11-10T11:57:38.043-0800][77061675ms] GC(24073) Survivor regions: 1->1(22)
[2023-11-10T11:57:38.043-0800][77061675ms] GC(24073) Old regions: 1440->1440
[2023-11-10T11:57:38.043-0800][77061675ms] GC(24073) Humongous regions: 5->5
[2023-11-10T11:57:38.043-0800][77061675ms] GC(24073) Metaspace: 304988K->304988K(1349632K)
[2023-11-10T11:57:38.043-0800][77061675ms] GC(24073) Pause Young (Normal) (G1 Evacuation Pause) 3235M->2888M(3602M) 5.927ms
[2023-11-10T11:57:38.043-0800][77061675ms] GC(24073) User=0.13s Sys=0.00s Real=0.00s
[2023-11-10T11:57:38.576-0800][77062208ms] GC(24074) Pause Young (Normal) (G1 Evacuation Pause)
[2023-11-10T11:57:38.576-0800][77062208ms] GC(24074) Using 10 workers of 10 for evacuation
[2023-11-10T11:57:38.587-0800][77062219ms] GC(24074)   Pre Evacuate Collection Set: 0.1ms
[2023-11-10T11:57:38.587-0800][77062219ms] GC(24074)   Evacuate Collection Set: 2.9ms
[2023-11-10T11:57:38.587-0800][77062219ms] GC(24074)   Post Evacuate Collection Set: 6.8ms
[2023-11-10T11:57:38.587-0800][77062219ms] GC(24074)   Other: 0.4ms
[2023-11-10T11:57:38.587-0800][77062219ms] GC(24074) Eden regions: 173->0(173)
[2023-11-10T11:57:38.587-0800][77062219ms] GC(24074) Survivor regions: 1->1(22)
[2023-11-10T11:57:38.587-0800][77062219ms] GC(24074) Old regions: 1440->1440
[2023-11-10T11:57:38.587-0800][77062219ms] GC(24074) Humongous regions: 5->5
[2023-11-10T11:57:38.587-0800][77062219ms] GC(24074) Metaspace: 304989K->304989K(1349632K)
[2023-11-10T11:57:38.587-0800][77062219ms] GC(24074) Pause Young (Normal) (G1 Evacuation Pause) 3234M->2889M(3602M) 10.461ms
[2023-11-10T11:57:38.587-0800][77062219ms] GC(24074) User=0.00s Sys=0.00s Real=0.01s
[2023-11-10T11:57:39.101-0800][77062733ms] GC(24075) Pause Young (Normal) (G1 Evacuation Pause)
[2023-11-10T11:57:39.101-0800][77062733ms] GC(24075) Using 10 workers of 10 for evacuation
[2023-11-10T11:57:39.107-0800][77062739ms] GC(24075)   Pre Evacuate Collection Set: 0.0ms
[2023-11-10T11:57:39.107-0800][77062739ms] GC(24075)   Evacuate Collection Set: 1.7ms
[2023-11-10T11:57:39.107-0800][77062739ms] GC(24075)   Post Evacuate Collection Set: 3.4ms
[2023-11-10T11:57:39.107-0800][77062739ms] GC(24075)   Other: 0.3ms
[2023-11-10T11:57:39.107-0800][77062739ms] GC(24075) Eden regions: 173->0(173)
[2023-11-10T11:57:39.107-0800][77062739ms] GC(24075) Survivor regions: 1->1(22)
[2023-11-10T11:57:39.107-0800][77062739ms] GC(24075) Old regions: 1440->1440
[2023-11-10T11:57:39.107-0800][77062739ms] GC(24075) Humongous regions: 5->5
[2023-11-10T11:57:39.107-0800][77062739ms] GC(24075) Metaspace: 304989K->304989K(1349632K)
[2023-11-10T11:57:39.107-0800][77062739ms] GC(24075) Pause Young (Normal) (G1 Evacuation Pause) 3235M->2889M(3602M) 5.544ms
[2023-11-10T11:57:39.107-0800][77062739ms] GC(24075) User=0.00s Sys=0.00s Real=0.01s
[2023-11-10T11:57:39.510-0800][77063142ms] GC(24076) Pause Young (Normal) (G1 Evacuation Pause)
[2023-11-10T11:57:39.510-0800][77063142ms] GC(24076) Using 10 workers of 10 for evacuation
[2023-11-10T11:57:39.515-0800][77063147ms] GC(24076)   Pre Evacuate Collection Set: 0.1ms
[2023-11-10T11:57:39.515-0800][77063147ms] GC(24076)   Evacuate Collection Set: 2.0ms
[2023-11-10T11:57:39.515-0800][77063147ms] GC(24076)   Post Evacuate Collection Set: 3.3ms
[2023-11-10T11:57:39.515-0800][77063147ms] GC(24076)   Other: 0.4ms
[2023-11-10T11:57:39.515-0800][77063147ms] GC(24076) Eden regions: 173->0(173)
[2023-11-10T11:57:39.515-0800][77063147ms] GC(24076) Survivor regions: 1->1(22)
[2023-11-10T11:57:39.515-0800][77063147ms] GC(24076) Old regions: 1440->1440
[2023-11-10T11:57:39.515-0800][77063147ms] GC(24076) Humongous regions: 5->5
[2023-11-10T11:57:39.515-0800][77063147ms] GC(24076) Metaspace: 304989K->304989K(1349632K)
[2023-11-10T11:57:39.515-0800][77063147ms] GC(24076) Pause Young (Normal) (G1 Evacuation Pause) 3235M->2889M(3602M) 5.780ms
[2023-11-10T11:57:39.515-0800][77063147ms] GC(24076) User=0.00s Sys=0.00s Real=0.01s
[2023-11-10T11:57:39.957-0800][77063589ms] GC(24077) Pause Young (Normal) (G1 Evacuation Pause)
[2023-11-10T11:57:39.957-0800][77063589ms] GC(24077) Using 10 workers of 10 for evacuation
[2023-11-10T11:57:39.963-0800][77063595ms] GC(24077)   Pre Evacuate Collection Set: 0.1ms
[2023-11-10T11:57:39.963-0800][77063595ms] GC(24077)   Evacuate Collection Set: 1.7ms
[2023-11-10T11:57:39.963-0800][77063595ms] GC(24077)   Post Evacuate Collection Set: 3.1ms
[2023-11-10T11:57:39.963-0800][77063595ms] GC(24077)   Other: 0.3ms
[2023-11-10T11:57:39.963-0800][77063595ms] GC(24077) Eden regions: 173->0(173)
[2023-11-10T11:57:39.963-0800][77063595ms] GC(24077) Survivor regions: 1->1(22)
[2023-11-10T11:57:39.963-0800][77063595ms] GC(24077) Old regions: 1440->1440
[2023-11-10T11:57:39.963-0800][77063595ms] GC(24077) Humongous regions: 5->5
[2023-11-10T11:57:39.963-0800][77063595ms] GC(24077) Metaspace: 304989K->304989K(1349632K)
[2023-11-10T11:57:39.963-0800][77063595ms] GC(24077) Pause Young (Normal) (G1 Evacuation Pause) 3235M->2889M(3602M) 5.206ms
[2023-11-10T11:57:39.963-0800][77063595ms] GC(24077) User=0.00s Sys=0.00s Real=0.01s
[2023-11-10T11:57:40.410-0800][77064042ms] GC(24078) Pause Young (Normal) (G1 Evacuation Pause)
[2023-11-10T11:57:40.411-0800][77064043ms] GC(24078) Using 10 workers of 10 for evacuation
[2023-11-10T11:57:40.417-0800][77064049ms] GC(24078)   Pre Evacuate Collection Set: 0.0ms
[2023-11-10T11:57:40.417-0800][77064049ms] GC(24078)   Evacuate Collection Set: 1.9ms
[2023-11-10T11:57:40.417-0800][77064049ms] GC(24078)   Post Evacuate Collection Set: 3.6ms
[2023-11-10T11:57:40.417-0800][77064049ms] GC(24078)   Other: 0.3ms
[2023-11-10T11:57:40.417-0800][77064049ms] GC(24078) Eden regions: 173->0(172)
[2023-11-10T11:57:40.417-0800][77064049ms] GC(24078) Survivor regions: 1->1(22)
[2023-11-10T11:57:40.417-0800][77064049ms] GC(24078) Old regions: 1440->1440
[2023-11-10T11:57:40.417-0800][77064049ms] GC(24078) Humongous regions: 5->5
[2023-11-10T11:57:40.417-0800][77064049ms] GC(24078) Metaspace: 304989K->304989K(1349632K)
[2023-11-10T11:57:40.417-0800][77064049ms] GC(24078) Pause Young (Normal) (G1 Evacuation Pause) 3235M->2889M(3602M) 5.854ms
[2023-11-10T11:57:40.417-0800][77064049ms] GC(24078) User=0.00s Sys=0.00s Real=0.01s
[2023-11-10T11:57:40.829-0800][77064461ms] GC(24079) Pause Young (Normal) (G1 Evacuation Pause)
[2023-11-10T11:57:40.829-0800][77064461ms] GC(24079) Using 10 workers of 10 for evacuation
[2023-11-10T11:57:40.835-0800][77064467ms] GC(24079)   Pre Evacuate Collection Set: 0.0ms
[2023-11-10T11:57:40.835-0800][77064467ms] GC(24079)   Evacuate Collection Set: 1.6ms
[2023-11-10T11:57:40.835-0800][77064467ms] GC(24079)   Post Evacuate Collection Set: 3.3ms
[2023-11-10T11:57:40.835-0800][77064467ms] GC(24079)   Other: 0.3ms
[2023-11-10T11:57:40.835-0800][77064467ms] GC(24079) Eden regions: 172->0(172)
[2023-11-10T11:57:40.835-0800][77064467ms] GC(24079) Survivor regions: 1->1(22)
[2023-11-10T11:57:40.835-0800][77064467ms] GC(24079) Old regions: 1440->1440
[2023-11-10T11:57:40.835-0800][77064467ms] GC(24079) Humongous regions: 5->5
[2023-11-10T11:57:40.835-0800][77064467ms] GC(24079) Metaspace: 304989K->304989K(1349632K)
[2023-11-10T11:57:40.835-0800][77064467ms] GC(24079) Pause Young (Normal) (G1 Evacuation Pause) 3233M->2889M(3602M) 5.375ms
[2023-11-10T11:57:40.835-0800][77064467ms] GC(24079) User=0.00s Sys=0.00s Real=0.01s
[2023-11-10T11:57:41.228-0800][77064860ms] GC(24080) Pause Young (Normal) (G1 Evacuation Pause)
[2023-11-10T11:57:41.228-0800][77064860ms] GC(24080) Using 10 workers of 10 for evacuation
[2023-11-10T11:57:41.233-0800][77064865ms] GC(24080)   Pre Evacuate Collection Set: 0.0ms
[2023-11-10T11:57:41.233-0800][77064865ms] GC(24080)   Evacuate Collection Set: 1.7ms
[2023-11-10T11:57:41.233-0800][77064865ms] GC(24080)   Post Evacuate Collection Set: 3.0ms
[2023-11-10T11:57:41.233-0800][77064865ms] GC(24080)   Other: 0.3ms
[2023-11-10T11:57:41.233-0800][77064865ms] GC(24080) Eden regions: 172->0(172)
[2023-11-10T11:57:41.233-0800][77064865ms] GC(24080) Survivor regions: 1->1(22)
[2023-11-10T11:57:41.233-0800][77064865ms] GC(24080) Old regions: 1440->1440
[2023-11-10T11:57:41.233-0800][77064865ms] GC(24080) Humongous regions: 5->5
[2023-11-10T11:57:41.233-0800][77064865ms] GC(24080) Metaspace: 304989K->304989K(1349632K)
[2023-11-10T11:57:41.233-0800][77064865ms] GC(24080) Pause Young (Normal) (G1 Evacuation Pause) 3233M->2889M(3602M) 5.063ms
[2023-11-10T11:57:41.233-0800][77064865ms] GC(24080) User=0.00s Sys=0.00s Real=0.01s
[2023-11-10T11:57:41.627-0800][77065259ms] GC(24081) Pause Young (Normal) (G1 Evacuation Pause)
[2023-11-10T11:57:41.627-0800][77065259ms] GC(24081) Using 10 workers of 10 for evacuation
[2023-11-10T11:57:41.631-0800][77065263ms] GC(24081)   Pre Evacuate Collection Set: 0.0ms
[2023-11-10T11:57:41.631-0800][77065263ms] GC(24081)   Evacuate Collection Set: 1.7ms
[2023-11-10T11:57:41.632-0800][77065264ms] GC(24081)   Post Evacuate Collection Set: 3.1ms
[2023-11-10T11:57:41.632-0800][77065264ms] GC(24081)   Other: 0.3ms
[2023-11-10T11:57:41.632-0800][77065264ms] GC(24081) Eden regions: 172->0(172)
[2023-11-10T11:57:41.632-0800][77065264ms] GC(24081) Survivor regions: 1->1(22)
[2023-11-10T11:57:41.632-0800][77065264ms] GC(24081) Old regions: 1440->1440
[2023-11-10T11:57:41.632-0800][77065264ms] GC(24081) Humongous regions: 5->5
[2023-11-10T11:57:41.632-0800][77065264ms] GC(24081) Metaspace: 304989K->304989K(1349632K)
[2023-11-10T11:57:41.632-0800][77065264ms] GC(24081) Pause Young (Normal) (G1 Evacuation Pause) 3233M->2889M(3602M) 5.257ms
[2023-11-10T11:57:41.632-0800][77065264ms] GC(24081) User=0.00s Sys=0.00s Real=0.00s
[2023-11-10T11:57:42.049-0800][77065681ms] GC(24082) Pause Young (Normal) (G1 Evacuation Pause)
[2023-11-10T11:57:42.049-0800][77065681ms] GC(24082) Using 10 workers of 10 for evacuation
[2023-11-10T11:57:42.054-0800][77065686ms] GC(24082)   Pre Evacuate Collection Set: 0.0ms
[2023-11-10T11:57:42.054-0800][77065686ms] GC(24082)   Evacuate Collection Set: 1.7ms
[2023-11-10T11:57:42.054-0800][77065686ms] GC(24082)   Post Evacuate Collection Set: 3.1ms
[2023-11-10T11:57:42.054-0800][77065686ms] GC(24082)   Other: 0.2ms
[2023-11-10T11:57:42.054-0800][77065686ms] GC(24082) Eden regions: 172->0(172)
[2023-11-10T11:57:42.054-0800][77065686ms] GC(24082) Survivor regions: 1->1(22)
[2023-11-10T11:57:42.054-0800][77065686ms] GC(24082) Old regions: 1440->1440
[2023-11-10T11:57:42.054-0800][77065686ms] GC(24082) Humongous regions: 5->5
[2023-11-10T11:57:42.054-0800][77065686ms] GC(24082) Metaspace: 304989K->304989K(1349632K)
[2023-11-10T11:57:42.054-0800][77065686ms] GC(24082) Pause Young (Normal) (G1 Evacuation Pause) 3233M->2889M(3602M) 5.230ms
[2023-11-10T11:57:42.054-0800][77065686ms] GC(24082) User=0.00s Sys=0.00s Real=0.00s
[2023-11-10T11:57:42.444-0800][77066076ms] GC(24083) Pause Young (Normal) (G1 Evacuation Pause)
[2023-11-10T11:57:42.444-0800][77066076ms] GC(24083) Using 10 workers of 10 for evacuation
[2023-11-10T11:57:42.449-0800][77066081ms] GC(24083)   Pre Evacuate Collection Set: 0.0ms
[2023-11-10T11:57:42.449-0800][77066081ms] GC(24083)   Evacuate Collection Set: 1.7ms
[2023-11-10T11:57:42.449-0800][77066081ms] GC(24083)   Post Evacuate Collection Set: 2.9ms
[2023-11-10T11:57:42.449-0800][77066081ms] GC(24083)   Other: 0.3ms
[2023-11-10T11:57:42.449-0800][77066081ms] GC(24083) Eden regions: 172->0(172)
[2023-11-10T11:57:42.449-0800][77066081ms] GC(24083) Survivor regions: 1->1(22)
[2023-11-10T11:57:42.449-0800][77066081ms] GC(24083) Old regions: 1440->1440
[2023-11-10T11:57:42.449-0800][77066081ms] GC(24083) Humongous regions: 5->5
[2023-11-10T11:57:42.449-0800][77066081ms] GC(24083) Metaspace: 304989K->304989K(1349632K)
[2023-11-10T11:57:42.449-0800][77066081ms] GC(24083) Pause Young (Normal) (G1 Evacuation Pause) 3233M->2889M(3602M) 4.983ms
[2023-11-10T11:57:42.449-0800][77066081ms] GC(24083) User=0.00s Sys=0.00s Real=0.00s
[2023-11-10T11:57:42.876-0800][77066508ms] GC(24084) Pause Young (Normal) (G1 Evacuation Pause)
[2023-11-10T11:57:42.876-0800][77066508ms] GC(24084) Using 10 workers of 10 for evacuation
[2023-11-10T11:57:42.882-0800][77066514ms] GC(24084)   Pre Evacuate Collection Set: 0.1ms
[2023-11-10T11:57:42.882-0800][77066514ms] GC(24084)   Evacuate Collection Set: 2.0ms
[2023-11-10T11:57:42.882-0800][77066514ms] GC(24084)   Post Evacuate Collection Set: 3.6ms
[2023-11-10T11:57:42.882-0800][77066514ms] GC(24084)   Other: 0.4ms
[2023-11-10T11:57:42.882-0800][77066514ms] GC(24084) Eden regions: 172->0(172)
[2023-11-10T11:57:42.882-0800][77066514ms] GC(24084) Survivor regions: 1->1(22)
[2023-11-10T11:57:42.882-0800][77066514ms] GC(24084) Old regions: 1440->1440
[2023-11-10T11:57:42.882-0800][77066514ms] GC(24084) Humongous regions: 5->5
[2023-11-10T11:57:42.882-0800][77066514ms] GC(24084) Metaspace: 304989K->304989K(1349632K)
[2023-11-10T11:57:42.882-0800][77066514ms] GC(24084) Pause Young (Normal) (G1 Evacuation Pause) 3233M->2889M(3602M) 6.173ms
[2023-11-10T11:57:42.882-0800][77066514ms] GC(24084) User=0.00s Sys=0.00s Real=0.01s
[2023-11-10T11:57:43.340-0800][77066972ms] GC(24085) Pause Young (Normal) (G1 Evacuation Pause)
[2023-11-10T11:57:43.340-0800][77066972ms] GC(24085) Using 10 workers of 10 for evacuation
[2023-11-10T11:57:43.345-0800][77066977ms] GC(24085)   Pre Evacuate Collection Set: 0.1ms
[2023-11-10T11:57:43.345-0800][77066977ms] GC(24085)   Evacuate Collection Set: 2.1ms
[2023-11-10T11:57:43.345-0800][77066977ms] GC(24085)   Post Evacuate Collection Set: 3.4ms
[2023-11-10T11:57:43.345-0800][77066977ms] GC(24085)   Other: 0.3ms
[2023-11-10T11:57:43.345-0800][77066977ms] GC(24085) Eden regions: 172->0(172)
[2023-11-10T11:57:43.345-0800][77066979ms] GC(24085) Survivor regions: 1->1(22)
[2023-11-10T11:57:43.347-0800][77066979ms] GC(24085) Old regions: 1440->1440
[2023-11-10T11:57:43.347-0800][77066979ms] GC(24085) Humongous regions: 5->5
[2023-11-10T11:57:43.347-0800][77066979ms] GC(24085) Metaspace: 304989K->304989K(1349632K)
[2023-11-10T11:57:43.347-0800][77066979ms] GC(24085) Pause Young (Normal) (G1 Evacuation Pause) 3233M->2889M(3602M) 6.009ms
[2023-11-10T11:57:43.347-0800][77066979ms] GC(24085) User=0.00s Sys=0.00s Real=0.01s
[2023-11-10T11:57:43.747-0800][77067379ms] GC(24086) Pause Young (Normal) (G1 Evacuation Pause)
[2023-11-10T11:57:43.747-0800][77067379ms] GC(24086) Using 10 workers of 10 for evacuation
[2023-11-10T11:57:43.752-0800][77067384ms] GC(24086)   Pre Evacuate Collection Set: 0.1ms
[2023-11-10T11:57:43.752-0800][77067384ms] GC(24086)   Evacuate Collection Set: 2.2ms
[2023-11-10T11:57:43.752-0800][77067384ms] GC(24086)   Post Evacuate Collection Set: 3.3ms
[2023-11-10T11:57:43.752-0800][77067384ms] GC(24086)   Other: 0.3ms
[2023-11-10T11:57:43.752-0800][77067384ms] GC(24086) Eden regions: 172->0(172)
[2023-11-10T11:57:43.752-0800][77067384ms] GC(24086) Survivor regions: 1->1(22)
[2023-11-10T11:57:43.752-0800][77067384ms] GC(24086) Old regions: 1440->1440
[2023-11-10T11:57:43.752-0800][77067384ms] GC(24086) Humongous regions: 5->5
[2023-11-10T11:57:43.752-0800][77067384ms] GC(24086) Metaspace: 304989K->304989K(1349632K)
[2023-11-10T11:57:43.752-0800][77067384ms] GC(24086) Pause Young (Normal) (G1 Evacuation Pause) 3233M->2889M(3602M) 5.968ms
[2023-11-10T11:57:43.752-0800][77067384ms] GC(24086) User=0.00s Sys=0.00s Real=0.01s
[2023-11-10T11:57:44.200-0800][77067832ms] GC(24087) Pause Young (Normal) (G1 Evacuation Pause)
[2023-11-10T11:57:44.200-0800][77067832ms] GC(24087) Using 10 workers of 10 for evacuation
[2023-11-10T11:57:44.205-0800][77067837ms] GC(24087)   Pre Evacuate Collection Set: 0.0ms
[2023-11-10T11:57:44.205-0800][77067837ms] GC(24087)   Evacuate Collection Set: 1.6ms
[2023-11-10T11:57:44.205-0800][77067837ms] GC(24087)   Post Evacuate Collection Set: 3.1ms
[2023-11-10T11:57:44.205-0800][77067837ms] GC(24087)   Other: 0.3ms
[2023-11-10T11:57:44.205-0800][77067837ms] GC(24087) Eden regions: 172->0(172)
[2023-11-10T11:57:44.205-0800][77067837ms] GC(24087) Survivor regions: 1->1(22)
[2023-11-10T11:57:44.205-0800][77067837ms] GC(24087) Old regions: 1440->1440
[2023-11-10T11:57:44.205-0800][77067837ms] GC(24087) Humongous regions: 5->5
[2023-11-10T11:57:44.205-0800][77067837ms] GC(24087) Metaspace: 304989K->304989K(1349632K)
[2023-11-10T11:57:44.205-0800][77067837ms] GC(24087) Pause Young (Normal) (G1 Evacuation Pause) 3233M->2889M(3602M) 5.199ms
[2023-11-10T11:57:44.205-0800][77067837ms] GC(24087) User=0.00s Sys=0.00s Real=0.00s
[2023-11-10T11:57:44.584-0800][77068216ms] GC(24088) Pause Young (Normal) (G1 Evacuation Pause)
[2023-11-10T11:57:44.584-0800][77068216ms] GC(24088) Using 10 workers of 10 for evacuation
[2023-11-10T11:57:44.594-0800][77068226ms] GC(24088)   Pre Evacuate Collection Set: 0.1ms
[2023-11-10T11:57:44.594-0800][77068226ms] GC(24088)   Evacuate Collection Set: 6.1ms
[2023-11-10T11:57:44.594-0800][77068226ms] GC(24088)   Post Evacuate Collection Set: 3.4ms
[2023-11-10T11:57:44.594-0800][77068226ms] GC(24088)   Other: 0.4ms
[2023-11-10T11:57:44.594-0800][77068226ms] GC(24088) Eden regions: 172->0(172)
[2023-11-10T11:57:44.594-0800][77068226ms] GC(24088) Survivor regions: 1->1(22)
[2023-11-10T11:57:44.594-0800][77068226ms] GC(24088) Old regions: 1440->1440
[2023-11-10T11:57:44.594-0800][77068226ms] GC(24088) Humongous regions: 5->5
[2023-11-10T11:57:44.594-0800][77068226ms] GC(24088) Metaspace: 304989K->304989K(1349632K)
[2023-11-10T11:57:44.594-0800][77068226ms] GC(24088) Pause Young (Normal) (G1 Evacuation Pause) 3233M->2889M(3602M) 10.034ms
[2023-11-10T11:57:44.594-0800][77068226ms] GC(24088) User=0.11s Sys=0.00s Real=0.01s
[2023-11-10T11:57:44.969-0800][77068601ms] GC(24089) Pause Young (Normal) (G1 Evacuation Pause)
[2023-11-10T11:57:44.969-0800][77068601ms] GC(24089) Using 10 workers of 10 for evacuation
[2023-11-10T11:57:44.975-0800][77068607ms] GC(24089)   Pre Evacuate Collection Set: 0.0ms
[2023-11-10T11:57:44.975-0800][77068607ms] GC(24089)   Evacuate Collection Set: 2.0ms
[2023-11-10T11:57:44.975-0800][77068607ms] GC(24089)   Post Evacuate Collection Set: 4.1ms
[2023-11-10T11:57:44.975-0800][77068607ms] GC(24089)   Other: 0.3ms
