[2023-12-19T17:24:09.564-0800][9ms] Heap region size: 2M
[2023-12-19T17:24:09.573-0800][18ms] Using G1
[2023-12-19T17:24:09.573-0800][18ms] Heap address: 0x000000060ae00000, size: 8018 MB, Compressed Oops mode: Zero based, Oop shift amount: 3
[2023-12-19T17:24:10.014-0800][459ms] GC(0) Pause Young (Normal) (G1 Evacuation Pause)
[2023-12-19T17:24:10.014-0800][459ms] GC(0) Using 10 workers of 10 for evacuation
[2023-12-19T17:24:10.017-0800][462ms] GC(0)   Pre Evacuate Collection Set: 0.0ms
[2023-12-19T17:24:10.017-0800][462ms] GC(0)   Evacuate Collection Set: 1.7ms
[2023-12-19T17:24:10.017-0800][462ms] GC(0)   Post Evacuate Collection Set: 0.4ms
[2023-12-19T17:24:10.017-0800][462ms] GC(0)   Other: 0.4ms
[2023-12-19T17:24:10.017-0800][462ms] GC(0) Eden regions: 12->0(148)
[2023-12-19T17:24:10.017-0800][462ms] GC(0) Survivor regions: 0->2(2)
[2023-12-19T17:24:10.017-0800][462ms] GC(0) Old regions: 0->0
[2023-12-19T17:24:10.017-0800][462ms] GC(0) Humongous regions: 0->0
[2023-12-19T17:24:10.017-0800][462ms] GC(0) Metaspace: 11421K->11421K(1060864K)
[2023-12-19T17:24:10.017-0800][462ms] GC(0) Pause Young (Normal) (G1 Evacuation Pause) 24M->3M(502M) 2.924ms
[2023-12-19T17:24:10.017-0800][462ms] GC(0) User=0.00s Sys=0.00s Real=0.00s
[2023-12-19T17:24:10.494-0800][939ms] GC(1) Pause Young (Concurrent Start) (Metadata GC Threshold)
[2023-12-19T17:24:10.494-0800][939ms] GC(1) Using 10 workers of 10 for evacuation
[2023-12-19T17:24:10.500-0800][945ms] GC(1)   Pre Evacuate Collection Set: 0.0ms
[2023-12-19T17:24:10.500-0800][945ms] GC(1)   Evacuate Collection Set: 5.6ms
[2023-12-19T17:24:10.500-0800][945ms] GC(1)   Post Evacuate Collection Set: 0.6ms
[2023-12-19T17:24:10.500-0800][945ms] GC(1)   Other: 0.2ms
[2023-12-19T17:24:10.500-0800][945ms] GC(1) Eden regions: 18->0(24)
[2023-12-19T17:24:10.500-0800][945ms] GC(1) Survivor regions: 2->5(19)
[2023-12-19T17:24:10.500-0800][945ms] GC(1) Old regions: 0->0
[2023-12-19T17:24:10.500-0800][945ms] GC(1) Humongous regions: 0->0
[2023-12-19T17:24:10.500-0800][945ms] GC(1) Metaspace: 20007K->20007K(1069056K)
[2023-12-19T17:24:10.500-0800][945ms] GC(1) Pause Young (Concurrent Start) (Metadata GC Threshold) 38M->8M(502M) 6.568ms
[2023-12-19T17:24:10.500-0800][945ms] GC(1) User=0.00s Sys=0.00s Real=0.01s
[2023-12-19T17:24:10.500-0800][945ms] GC(2) Concurrent Cycle
[2023-12-19T17:24:10.500-0800][945ms] GC(2) Concurrent Clear Claimed Marks
[2023-12-19T17:24:10.500-0800][945ms] GC(2) Concurrent Clear Claimed Marks 0.015ms
[2023-12-19T17:24:10.500-0800][945ms] GC(2) Concurrent Scan Root Regions
[2023-12-19T17:24:10.502-0800][947ms] GC(2) Concurrent Scan Root Regions 1.946ms
[2023-12-19T17:24:10.502-0800][947ms] GC(2) Concurrent Mark (0.947s)
[2023-12-19T17:24:10.502-0800][947ms] GC(2) Concurrent Mark From Roots
[2023-12-19T17:24:10.502-0800][947ms] GC(2) Using 3 workers of 3 for marking
[2023-12-19T17:24:10.502-0800][947ms] GC(2) Concurrent Mark From Roots 0.261ms
[2023-12-19T17:24:10.502-0800][947ms] GC(2) Concurrent Preclean
[2023-12-19T17:24:10.503-0800][948ms] GC(2) Concurrent Preclean 0.071ms
[2023-12-19T17:24:10.503-0800][948ms] GC(2) Concurrent Mark (0.947s, 0.948s) 0.401ms
[2023-12-19T17:24:10.503-0800][948ms] GC(2) Pause Remark
[2023-12-19T17:24:10.504-0800][949ms] GC(2) Cleaned string and symbol table, strings: 10391 processed, 0 removed, symbols: 65844 processed, 31 removed
[2023-12-19T17:24:10.504-0800][949ms] GC(2) Pause Remark 8M->8M(502M) 1.089ms
[2023-12-19T17:24:10.504-0800][949ms] GC(2) User=0.00s Sys=0.00s Real=0.00s
[2023-12-19T17:24:10.504-0800][949ms] GC(2) Concurrent Rebuild Remembered Sets
[2023-12-19T17:24:10.504-0800][949ms] GC(2) Concurrent Rebuild Remembered Sets 0.040ms
[2023-12-19T17:24:10.504-0800][949ms] GC(2) Pause Cleanup
[2023-12-19T17:24:10.504-0800][949ms] GC(2) Pause Cleanup 8M->8M(502M) 0.051ms
[2023-12-19T17:24:10.504-0800][949ms] GC(2) User=0.00s Sys=0.00s Real=0.00s
[2023-12-19T17:24:10.504-0800][949ms] GC(2) Concurrent Cleanup for Next Mark
[2023-12-19T17:24:10.504-0800][949ms] GC(2) Concurrent Cleanup for Next Mark 0.410ms
[2023-12-19T17:24:10.504-0800][949ms] GC(2) Concurrent Cycle 4.286ms
[2023-12-19T17:24:10.906-0800][1351ms] GC(3) Pause Young (Normal) (G1 Evacuation Pause)
[2023-12-19T17:24:10.906-0800][1351ms] GC(3) Using 10 workers of 10 for evacuation
[2023-12-19T17:24:10.914-0800][1359ms] GC(3)   Pre Evacuate Collection Set: 0.0ms
[2023-12-19T17:24:10.914-0800][1359ms] GC(3)   Evacuate Collection Set: 6.3ms
[2023-12-19T17:24:10.914-0800][1359ms] GC(3)   Post Evacuate Collection Set: 0.9ms
[2023-12-19T17:24:10.914-0800][1359ms] GC(3)   Other: 0.1ms
[2023-12-19T17:24:10.914-0800][1359ms] GC(3) Eden regions: 24->0(146)
[2023-12-19T17:24:10.914-0800][1359ms] GC(3) Survivor regions: 5->4(4)
[2023-12-19T17:24:10.914-0800][1359ms] GC(3) Old regions: 0->4
[2023-12-19T17:24:10.914-0800][1359ms] GC(3) Humongous regions: 0->0
[2023-12-19T17:24:10.914-0800][1359ms] GC(3) Metaspace: 27014K->27014K(1075200K)
[2023-12-19T17:24:10.914-0800][1359ms] GC(3) Pause Young (Normal) (G1 Evacuation Pause) 56M->14M(502M) 7.491ms
[2023-12-19T17:24:10.915-0800][1360ms] GC(3) User=0.03s Sys=0.00s Real=0.01s
[2023-12-19T17:24:11.059-0800][1504ms] GC(4) Pause Young (Concurrent Start) (Metadata GC Threshold)
[2023-12-19T17:24:11.059-0800][1504ms] GC(4) Using 10 workers of 10 for evacuation
[2023-12-19T17:24:11.066-0800][1511ms] GC(4)   Pre Evacuate Collection Set: 0.1ms
[2023-12-19T17:24:11.066-0800][1511ms] GC(4)   Evacuate Collection Set: 6.1ms
[2023-12-19T17:24:11.066-0800][1511ms] GC(4)   Post Evacuate Collection Set: 0.8ms
[2023-12-19T17:24:11.066-0800][1511ms] GC(4)   Other: 0.2ms
[2023-12-19T17:24:11.066-0800][1511ms] GC(4) Eden regions: 69->0(143)
[2023-12-19T17:24:11.066-0800][1511ms] GC(4) Survivor regions: 4->7(19)
[2023-12-19T17:24:11.066-0800][1511ms] GC(4) Old regions: 4->4
[2023-12-19T17:24:11.066-0800][1511ms] GC(4) Humongous regions: 0->0
[2023-12-19T17:24:11.066-0800][1511ms] GC(4) Metaspace: 32173K->32173K(1081344K)
[2023-12-19T17:24:11.066-0800][1511ms] GC(4) Pause Young (Concurrent Start) (Metadata GC Threshold) 151M->20M(502M) 7.215ms
[2023-12-19T17:24:11.066-0800][1511ms] GC(4) User=0.00s Sys=0.00s Real=0.01s
[2023-12-19T17:24:11.066-0800][1511ms] GC(5) Concurrent Cycle
[2023-12-19T17:24:11.066-0800][1511ms] GC(5) Concurrent Clear Claimed Marks
[2023-12-19T17:24:11.066-0800][1512ms] GC(5) Concurrent Clear Claimed Marks 0.022ms
[2023-12-19T17:24:11.067-0800][1512ms] GC(5) Concurrent Scan Root Regions
[2023-12-19T17:24:11.069-0800][1514ms] GC(5) Concurrent Scan Root Regions 2.308ms
[2023-12-19T17:24:11.069-0800][1514ms] GC(5) Concurrent Mark (1.514s)
[2023-12-19T17:24:11.069-0800][1514ms] GC(5) Concurrent Mark From Roots
[2023-12-19T17:24:11.069-0800][1514ms] GC(5) Using 3 workers of 3 for marking
[2023-12-19T17:24:11.075-0800][1520ms] GC(5) Concurrent Mark From Roots 5.590ms
[2023-12-19T17:24:11.075-0800][1520ms] GC(5) Concurrent Preclean
[2023-12-19T17:24:11.075-0800][1520ms] GC(5) Concurrent Preclean 0.154ms
[2023-12-19T17:24:11.075-0800][1520ms] GC(5) Concurrent Mark (1.514s, 1.520s) 5.825ms
[2023-12-19T17:24:11.075-0800][1520ms] GC(5) Pause Remark
[2023-12-19T17:24:11.076-0800][1521ms] GC(5) Cleaned string and symbol table, strings: 16028 processed, 16 removed, symbols: 98721 processed, 30 removed
[2023-12-19T17:24:11.077-0800][1522ms] GC(5) Pause Remark 24M->24M(502M) 1.673ms
[2023-12-19T17:24:11.077-0800][1522ms] GC(5) User=0.00s Sys=0.00s Real=0.00s
[2023-12-19T17:24:11.077-0800][1522ms] GC(5) Concurrent Rebuild Remembered Sets
[2023-12-19T17:24:11.079-0800][1524ms] GC(5) Concurrent Rebuild Remembered Sets 2.146ms
[2023-12-19T17:24:11.079-0800][1524ms] GC(5) Pause Cleanup
[2023-12-19T17:24:11.079-0800][1524ms] GC(5) Pause Cleanup 24M->24M(502M) 0.081ms
[2023-12-19T17:24:11.079-0800][1524ms] GC(5) User=0.00s Sys=0.00s Real=0.00s
[2023-12-19T17:24:11.079-0800][1524ms] GC(5) Concurrent Cleanup for Next Mark
[2023-12-19T17:24:11.079-0800][1524ms] GC(5) Concurrent Cleanup for Next Mark 0.403ms
[2023-12-19T17:24:11.079-0800][1524ms] GC(5) Concurrent Cycle 13.020ms
[2023-12-19T17:24:12.292-0800][2737ms] GC(6) Pause Young (Concurrent Start) (Metadata GC Threshold)
[2023-12-19T17:24:12.292-0800][2737ms] GC(6) Using 10 workers of 10 for evacuation
[2023-12-19T17:24:12.308-0800][2753ms] GC(6)   Pre Evacuate Collection Set: 0.1ms
[2023-12-19T17:24:12.308-0800][2753ms] GC(6)   Evacuate Collection Set: 13.9ms
[2023-12-19T17:24:12.308-0800][2753ms] GC(6)   Post Evacuate Collection Set: 2.1ms
[2023-12-19T17:24:12.308-0800][2753ms] GC(6)   Other: 0.5ms
[2023-12-19T17:24:12.308-0800][2753ms] GC(6) Eden regions: 112->0(125)
[2023-12-19T17:24:12.308-0800][2753ms] GC(6) Survivor regions: 7->14(18)
[2023-12-19T17:24:12.308-0800][2753ms] GC(6) Old regions: 4->4
[2023-12-19T17:24:12.308-0800][2753ms] GC(6) Humongous regions: 0->0
[2023-12-19T17:24:12.308-0800][2753ms] GC(6) Metaspace: 53089K->53089K(1101824K)
[2023-12-19T17:24:12.308-0800][2753ms] GC(6) Pause Young (Concurrent Start) (Metadata GC Threshold) 244M->35M(502M) 16.822ms
[2023-12-19T17:24:12.308-0800][2753ms] GC(6) User=0.02s Sys=0.00s Real=0.02s
[2023-12-19T17:24:12.308-0800][2753ms] GC(7) Concurrent Cycle
[2023-12-19T17:24:12.308-0800][2753ms] GC(7) Concurrent Clear Claimed Marks
[2023-12-19T17:24:12.309-0800][2754ms] GC(7) Concurrent Clear Claimed Marks 0.142ms
[2023-12-19T17:24:12.309-0800][2754ms] GC(7) Concurrent Scan Root Regions
[2023-12-19T17:24:12.315-0800][2760ms] GC(7) Concurrent Scan Root Regions 6.728ms
[2023-12-19T17:24:12.315-0800][2760ms] GC(7) Concurrent Mark (2.761s)
[2023-12-19T17:24:12.315-0800][2760ms] GC(7) Concurrent Mark From Roots
[2023-12-19T17:24:12.315-0800][2760ms] GC(7) Using 3 workers of 3 for marking
[2023-12-19T17:24:12.322-0800][2767ms] GC(7) Concurrent Mark From Roots 7.045ms
[2023-12-19T17:24:12.323-0800][2768ms] GC(7) Concurrent Preclean
[2023-12-19T17:24:12.323-0800][2768ms] GC(7) Concurrent Preclean 0.228ms
[2023-12-19T17:24:12.323-0800][2768ms] GC(7) Concurrent Mark (2.761s, 2.768s) 7.414ms
[2023-12-19T17:24:12.323-0800][2768ms] GC(7) Pause Remark
[2023-12-19T17:24:12.327-0800][2772ms] GC(7) Cleaned string and symbol table, strings: 26009 processed, 1 removed, symbols: 155270 processed, 127 removed
[2023-12-19T17:24:12.327-0800][2772ms] GC(7) Pause Remark 46M->46M(502M) 3.636ms
[2023-12-19T17:24:12.327-0800][2772ms] GC(7) User=0.00s Sys=0.00s Real=0.00s
[2023-12-19T17:24:12.327-0800][2772ms] GC(7) Concurrent Rebuild Remembered Sets
[2023-12-19T17:24:12.331-0800][2776ms] GC(7) Concurrent Rebuild Remembered Sets 3.315ms
[2023-12-19T17:24:12.332-0800][2777ms] GC(7) Pause Cleanup
[2023-12-19T17:24:12.333-0800][2778ms] GC(7) Pause Cleanup 47M->47M(502M) 0.162ms
[2023-12-19T17:24:12.333-0800][2778ms] GC(7) User=0.00s Sys=0.00s Real=0.00s
[2023-12-19T17:24:12.333-0800][2778ms] GC(7) Concurrent Cleanup for Next Mark
[2023-12-19T17:24:12.333-0800][2778ms] GC(7) Concurrent Cleanup for Next Mark 0.513ms
[2023-12-19T17:24:12.333-0800][2778ms] GC(7) Concurrent Cycle 24.320ms
[2023-12-19T17:24:13.451-0800][3896ms] GC(8) Pause Young (Normal) (G1 Evacuation Pause)
[2023-12-19T17:24:13.451-0800][3896ms] GC(8) Using 10 workers of 10 for evacuation
[2023-12-19T17:24:13.477-0800][3922ms] GC(8)   Pre Evacuate Collection Set: 0.0ms
[2023-12-19T17:24:13.477-0800][3922ms] GC(8)   Evacuate Collection Set: 21.5ms
[2023-12-19T17:24:13.477-0800][3922ms] GC(8)   Post Evacuate Collection Set: 3.7ms
[2023-12-19T17:24:13.477-0800][3922ms] GC(8)   Other: 0.2ms
[2023-12-19T17:24:13.477-0800][3922ms] GC(8) Eden regions: 124->0(127)
[2023-12-19T17:24:13.477-0800][3922ms] GC(8) Survivor regions: 14->18(18)
[2023-12-19T17:24:13.477-0800][3922ms] GC(8) Old regions: 4->19
[2023-12-19T17:24:13.477-0800][3922ms] GC(8) Humongous regions: 3->3
[2023-12-19T17:24:13.477-0800][3922ms] GC(8) Metaspace: 67795K->67795K(1114112K)
[2023-12-19T17:24:13.477-0800][3922ms] GC(8) Pause Young (Normal) (G1 Evacuation Pause) 289M->78M(604M) 25.563ms
[2023-12-19T17:24:13.477-0800][3922ms] GC(8) User=0.08s Sys=0.00s Real=0.03s
[2023-12-19T17:24:13.662-0800][4107ms] GC(9) Pause Young (Normal) (G1 Evacuation Pause)
[2023-12-19T17:24:13.662-0800][4107ms] GC(9) Using 10 workers of 10 for evacuation
[2023-12-19T17:24:13.677-0800][4122ms] GC(9)   Pre Evacuate Collection Set: 0.0ms
[2023-12-19T17:24:13.678-0800][4123ms] GC(9)   Evacuate Collection Set: 13.5ms
[2023-12-19T17:24:13.678-0800][4123ms] GC(9)   Post Evacuate Collection Set: 2.2ms
[2023-12-19T17:24:13.678-0800][4123ms] GC(9)   Other: 0.2ms
[2023-12-19T17:24:13.678-0800][4123ms] GC(9) Eden regions: 32->0(83)
[2023-12-19T17:24:13.678-0800][4123ms] GC(9) Survivor regions: 18->3(7)
[2023-12-19T17:24:13.678-0800][4123ms] GC(9) Old regions: 19->38
[2023-12-19T17:24:13.678-0800][4123ms] GC(9) Humongous regions: 3->3
[2023-12-19T17:24:13.678-0800][4123ms] GC(9) Metaspace: 67803K->67803K(1114112K)
[2023-12-19T17:24:13.678-0800][4123ms] GC(9) Pause Young (Normal) (G1 Evacuation Pause) 142M->86M(604M) 16.029ms
[2023-12-19T17:24:13.678-0800][4123ms] GC(9) User=0.11s Sys=0.00s Real=0.02s
[2023-12-19T17:24:14.139-0800][4584ms] GC(10) Pause Young (Normal) (G1 Evacuation Pause)
[2023-12-19T17:24:14.139-0800][4584ms] GC(10) Using 10 workers of 10 for evacuation
[2023-12-19T17:24:14.148-0800][4593ms] GC(10)   Pre Evacuate Collection Set: 0.0ms
[2023-12-19T17:24:14.148-0800][4593ms] GC(10)   Evacuate Collection Set: 8.1ms
[2023-12-19T17:24:14.148-0800][4593ms] GC(10)   Post Evacuate Collection Set: 0.9ms
[2023-12-19T17:24:14.148-0800][4593ms] GC(10)   Other: 0.2ms
[2023-12-19T17:24:14.148-0800][4593ms] GC(10) Eden regions: 83->0(110)
[2023-12-19T17:24:14.148-0800][4593ms] GC(10) Survivor regions: 3->7(11)
[2023-12-19T17:24:14.148-0800][4593ms] GC(10) Old regions: 38->38
[2023-12-19T17:24:14.148-0800][4593ms] GC(10) Humongous regions: 3->3
[2023-12-19T17:24:14.148-0800][4593ms] GC(10) Metaspace: 68295K->68295K(1114112K)
[2023-12-19T17:24:14.148-0800][4593ms] GC(10) Pause Young (Normal) (G1 Evacuation Pause) 252M->93M(604M) 9.310ms
[2023-12-19T17:24:14.148-0800][4593ms] GC(10) User=0.02s Sys=0.00s Real=0.01s
[2023-12-19T17:24:14.820-0800][5265ms] GC(11) Pause Young (Normal) (G1 Evacuation Pause)
[2023-12-19T17:24:14.820-0800][5265ms] GC(11) Using 10 workers of 10 for evacuation
[2023-12-19T17:24:14.833-0800][5278ms] GC(11)   Pre Evacuate Collection Set: 0.0ms
[2023-12-19T17:24:14.833-0800][5278ms] GC(11)   Evacuate Collection Set: 12.3ms
[2023-12-19T17:24:14.833-0800][5278ms] GC(11)   Post Evacuate Collection Set: 1.0ms
[2023-12-19T17:24:14.833-0800][5278ms] GC(11)   Other: 0.2ms
[2023-12-19T17:24:14.833-0800][5278ms] GC(11) Eden regions: 110->0(126)
[2023-12-19T17:24:14.833-0800][5278ms] GC(11) Survivor regions: 7->12(15)
[2023-12-19T17:24:14.833-0800][5278ms] GC(11) Old regions: 38->38
[2023-12-19T17:24:14.833-0800][5278ms] GC(11) Humongous regions: 5->5
[2023-12-19T17:24:14.833-0800][5278ms] GC(11) Metaspace: 69997K->69997K(1116160K)
[2023-12-19T17:24:14.833-0800][5278ms] GC(11) Pause Young (Normal) (G1 Evacuation Pause) 317M->107M(604M) 13.600ms
[2023-12-19T17:24:14.833-0800][5278ms] GC(11) User=0.00s Sys=0.00s Real=0.01s
[2023-12-19T17:24:15.249-0800][5694ms] GC(12) Pause Young (Normal) (G1 Evacuation Pause)
[2023-12-19T17:24:15.249-0800][5694ms] GC(12) Using 10 workers of 10 for evacuation
[2023-12-19T17:24:15.274-0800][5719ms] GC(12)   Pre Evacuate Collection Set: 0.0ms
[2023-12-19T17:24:15.274-0800][5719ms] GC(12)   Evacuate Collection Set: 22.5ms
[2023-12-19T17:24:15.274-0800][5719ms] GC(12)   Post Evacuate Collection Set: 3.4ms
[2023-12-19T17:24:15.274-0800][5719ms] GC(12)   Other: 0.2ms
[2023-12-19T17:24:15.274-0800][5719ms] GC(12) Eden regions: 79->0(160)
[2023-12-19T17:24:15.274-0800][5719ms] GC(12) Survivor regions: 12->12(12)
[2023-12-19T17:24:15.274-0800][5719ms] GC(12) Old regions: 38->45
[2023-12-19T17:24:15.274-0800][5719ms] GC(12) Humongous regions: 5->5
[2023-12-19T17:24:15.274-0800][5719ms] GC(12) Metaspace: 70001K->70001K(1116160K)
[2023-12-19T17:24:15.274-0800][5719ms] GC(12) Pause Young (Normal) (G1 Evacuation Pause) 265M->123M(748M) 26.205ms
[2023-12-19T17:24:15.274-0800][5719ms] GC(12) User=0.17s Sys=0.02s Real=0.02s
[2023-12-19T17:24:15.903-0800][6348ms] GC(13) Pause Young (Normal) (G1 Evacuation Pause)
[2023-12-19T17:24:15.903-0800][6348ms] GC(13) Using 10 workers of 10 for evacuation
[2023-12-19T17:24:15.924-0800][6369ms] GC(13)   Pre Evacuate Collection Set: 0.0ms
[2023-12-19T17:24:15.924-0800][6369ms] GC(13)   Evacuate Collection Set: 19.8ms
[2023-12-19T17:24:15.924-0800][6369ms] GC(13)   Post Evacuate Collection Set: 1.1ms
[2023-12-19T17:24:15.924-0800][6369ms] GC(13)   Other: 0.2ms
[2023-12-19T17:24:15.924-0800][6369ms] GC(13) Eden regions: 33->0(135)
[2023-12-19T17:24:15.924-0800][6369ms] GC(13) Survivor regions: 12->6(6)
[2023-12-19T17:24:15.924-0800][6369ms] GC(13) Old regions: 45->58
[2023-12-19T17:24:15.924-0800][6369ms] GC(13) Humongous regions: 8->8
[2023-12-19T17:24:15.924-0800][6369ms] GC(13) Metaspace: 70005K->70005K(1116160K)
[2023-12-19T17:24:15.924-0800][6369ms] GC(13) Pause Young (Normal) (G1 Evacuation Pause) 195M->142M(748M) 21.277ms
[2023-12-19T17:24:15.924-0800][6369ms] GC(13) User=0.17s Sys=0.00s Real=0.02s
[2023-12-19T17:24:16.521-0800][6966ms] GC(14) Pause Young (Normal) (G1 Evacuation Pause)
[2023-12-19T17:24:16.521-0800][6966ms] GC(14) Using 10 workers of 10 for evacuation
[2023-12-19T17:24:16.534-0800][6979ms] GC(14)   Pre Evacuate Collection Set: 0.0ms
[2023-12-19T17:24:16.534-0800][6979ms] GC(14)   Evacuate Collection Set: 12.0ms
[2023-12-19T17:24:16.534-0800][6979ms] GC(14)   Post Evacuate Collection Set: 1.0ms
[2023-12-19T17:24:16.534-0800][6979ms] GC(14)   Other: 0.2ms
[2023-12-19T17:24:16.534-0800][6979ms] GC(14) Eden regions: 96->0(140)
[2023-12-19T17:24:16.534-0800][6979ms] GC(14) Survivor regions: 6->12(13)
[2023-12-19T17:24:16.534-0800][6979ms] GC(14) Old regions: 58->58
[2023-12-19T17:24:16.534-0800][6979ms] GC(14) Humongous regions: 8->8
[2023-12-19T17:24:16.534-0800][6979ms] GC(14) Metaspace: 70015K->70015K(1116160K)
[2023-12-19T17:24:16.534-0800][6979ms] GC(14) Pause Young (Normal) (G1 Evacuation Pause) 334M->153M(748M) 13.362ms
[2023-12-19T17:24:16.534-0800][6979ms] GC(14) User=0.02s Sys=0.00s Real=0.01s
[2023-12-19T17:24:17.073-0800][7518ms] GC(15) Pause Young (Normal) (G1 Evacuation Pause)
[2023-12-19T17:24:17.073-0800][7518ms] GC(15) Using 10 workers of 10 for evacuation
[2023-12-19T17:24:17.093-0800][7538ms] GC(15)   Pre Evacuate Collection Set: 0.0ms
[2023-12-19T17:24:17.093-0800][7538ms] GC(15)   Evacuate Collection Set: 18.2ms
[2023-12-19T17:24:17.093-0800][7538ms] GC(15)   Post Evacuate Collection Set: 1.0ms
[2023-12-19T17:24:17.093-0800][7538ms] GC(15)   Other: 0.2ms
[2023-12-19T17:24:17.093-0800][7538ms] GC(15) Eden regions: 112->0(144)
[2023-12-19T17:24:17.093-0800][7538ms] GC(15) Survivor regions: 12->13(16)
[2023-12-19T17:24:17.093-0800][7538ms] GC(15) Old regions: 58->63
[2023-12-19T17:24:17.093-0800][7538ms] GC(15) Humongous regions: 10->10
[2023-12-19T17:24:17.093-0800][7538ms] GC(15) Metaspace: 70019K->70019K(1116160K)
[2023-12-19T17:24:17.093-0800][7538ms] GC(15) Pause Young (Normal) (G1 Evacuation Pause) 381M->170M(748M) 19.585ms
[2023-12-19T17:24:17.093-0800][7538ms] GC(15) User=0.14s Sys=0.00s Real=0.02s
[2023-12-19T17:24:17.953-0800][8398ms] GC(16) Pause Young (Normal) (G1 Evacuation Pause)
[2023-12-19T17:24:17.953-0800][8398ms] GC(16) Using 10 workers of 10 for evacuation
[2023-12-19T17:24:17.982-0800][8427ms] GC(16)   Pre Evacuate Collection Set: 0.0ms
[2023-12-19T17:24:17.982-0800][8427ms] GC(16)   Evacuate Collection Set: 24.7ms
[2023-12-19T17:24:17.982-0800][8427ms] GC(16)   Post Evacuate Collection Set: 3.9ms
[2023-12-19T17:24:17.982-0800][8427ms] GC(16)   Other: 0.3ms
[2023-12-19T17:24:17.982-0800][8427ms] GC(16) Eden regions: 144->0(249)
[2023-12-19T17:24:17.982-0800][8427ms] GC(16) Survivor regions: 13->15(20)
[2023-12-19T17:24:17.982-0800][8427ms] GC(16) Old regions: 63->70
[2023-12-19T17:24:17.982-0800][8427ms] GC(16) Humongous regions: 10->10
[2023-12-19T17:24:17.982-0800][8427ms] GC(16) Metaspace: 70020K->70020K(1116160K)
[2023-12-19T17:24:17.982-0800][8427ms] GC(16) Pause Young (Normal) (G1 Evacuation Pause) 458M->187M(936M) 29.051ms
[2023-12-19T17:24:17.982-0800][8427ms] GC(16) User=0.16s Sys=0.00s Real=0.03s
[2023-12-19T17:24:20.719-0800][11164ms] GC(17) Pause Young (Concurrent Start) (GCLocker Initiated GC)
[2023-12-19T17:24:20.719-0800][11164ms] GC(17) Using 10 workers of 10 for evacuation
[2023-12-19T17:24:20.774-0800][11219ms] GC(17)   Pre Evacuate Collection Set: 0.1ms
[2023-12-19T17:24:20.774-0800][11219ms] GC(17)   Evacuate Collection Set: 52.8ms
[2023-12-19T17:24:20.774-0800][11219ms] GC(17)   Post Evacuate Collection Set: 2.5ms
[2023-12-19T17:24:20.774-0800][11219ms] GC(17)   Other: 0.3ms
[2023-12-19T17:24:20.774-0800][11219ms] GC(17) Eden regions: 224->0(193)
[2023-12-19T17:24:20.774-0800][11219ms] GC(17) Survivor regions: 15->33(33)
[2023-12-19T17:24:20.774-0800][11219ms] GC(17) Old regions: 70->88
[2023-12-19T17:24:20.774-0800][11219ms] GC(17) Humongous regions: 14->14
[2023-12-19T17:24:20.774-0800][11219ms] GC(17) Metaspace: 91378K->91378K(1136640K)
[2023-12-19T17:24:20.774-0800][11219ms] GC(17) Pause Young (Concurrent Start) (GCLocker Initiated GC) 642M->269M(936M) 55.864ms
[2023-12-19T17:24:20.774-0800][11219ms] GC(17) User=0.30s Sys=0.00s Real=0.05s
[2023-12-19T17:24:20.774-0800][11219ms] GC(18) Concurrent Cycle
[2023-12-19T17:24:20.774-0800][11219ms] GC(18) Concurrent Clear Claimed Marks
[2023-12-19T17:24:20.774-0800][11219ms] GC(18) Concurrent Clear Claimed Marks 0.176ms
[2023-12-19T17:24:20.774-0800][11219ms] GC(18) Concurrent Scan Root Regions
[2023-12-19T17:24:20.796-0800][11241ms] GC(18) Concurrent Scan Root Regions 20.973ms
[2023-12-19T17:24:20.796-0800][11241ms] GC(18) Concurrent Mark (11.241s)
[2023-12-19T17:24:20.796-0800][11241ms] GC(18) Concurrent Mark From Roots
[2023-12-19T17:24:20.796-0800][11241ms] GC(18) Using 3 workers of 3 for marking
[2023-12-19T17:24:20.932-0800][11377ms] GC(18) Concurrent Mark From Roots 135.755ms
[2023-12-19T17:24:20.932-0800][11377ms] GC(18) Concurrent Preclean
[2023-12-19T17:24:20.932-0800][11377ms] GC(18) Concurrent Preclean 0.488ms
[2023-12-19T17:24:20.932-0800][11377ms] GC(18) Concurrent Mark (11.241s, 11.377s) 136.338ms
[2023-12-19T17:24:20.932-0800][11377ms] GC(18) Pause Remark
[2023-12-19T17:24:20.939-0800][11384ms] GC(18) Cleaned string and symbol table, strings: 41302 processed, 123 removed, symbols: 265839 processed, 150 removed
[2023-12-19T17:24:20.939-0800][11384ms] GC(18) Pause Remark 273M->255M(936M) 6.524ms
[2023-12-19T17:24:20.939-0800][11384ms] GC(18) User=0.00s Sys=0.00s Real=0.01s
[2023-12-19T17:24:20.939-0800][11384ms] GC(18) Concurrent Rebuild Remembered Sets
[2023-12-19T17:24:20.999-0800][11444ms] GC(18) Concurrent Rebuild Remembered Sets 60.813ms
[2023-12-19T17:24:21.000-0800][11445ms] GC(18) Pause Cleanup
[2023-12-19T17:24:21.000-0800][11445ms] GC(18) Pause Cleanup 256M->256M(936M) 0.150ms
[2023-12-19T17:24:21.000-0800][11445ms] GC(18) User=0.00s Sys=0.00s Real=0.00s
[2023-12-19T17:24:21.000-0800][11445ms] GC(18) Concurrent Cleanup for Next Mark
[2023-12-19T17:24:21.002-0800][11447ms] GC(18) Concurrent Cleanup for Next Mark 0.971ms
[2023-12-19T17:24:21.002-0800][11447ms] GC(18) Concurrent Cycle 226.676ms
[2023-12-19T17:24:24.674-0800][15119ms] GC(19) Pause Young (Concurrent Start) (GCLocker Initiated GC)
[2023-12-19T17:24:24.674-0800][15119ms] GC(19) Using 10 workers of 10 for evacuation
[2023-12-19T17:24:24.749-0800][15194ms] GC(19)   Pre Evacuate Collection Set: 0.2ms
[2023-12-19T17:24:24.749-0800][15194ms] GC(19)   Evacuate Collection Set: 71.0ms
[2023-12-19T17:24:24.749-0800][15194ms] GC(19)   Post Evacuate Collection Set: 3.2ms
[2023-12-19T17:24:24.749-0800][15194ms] GC(19)   Other: 0.4ms
[2023-12-19T17:24:24.749-0800][15194ms] GC(19) Eden regions: 193->0(192)
[2023-12-19T17:24:24.749-0800][15194ms] GC(19) Survivor regions: 33->18(29)
[2023-12-19T17:24:24.749-0800][15194ms] GC(19) Old regions: 88->122
[2023-12-19T17:24:24.749-0800][15194ms] GC(19) Humongous regions: 5->5
[2023-12-19T17:24:24.749-0800][15194ms] GC(19) Metaspace: 140054K->140054K(1181696K)
[2023-12-19T17:24:24.749-0800][15194ms] GC(19) Pause Young (Concurrent Start) (GCLocker Initiated GC) 637M->289M(936M) 74.764ms
[2023-12-19T17:24:24.749-0800][15194ms] GC(19) User=0.13s Sys=0.00s Real=0.08s
[2023-12-19T17:24:24.749-0800][15194ms] GC(20) Concurrent Cycle
[2023-12-19T17:24:24.749-0800][15194ms] GC(20) Concurrent Clear Claimed Marks
[2023-12-19T17:24:24.749-0800][15194ms] GC(20) Concurrent Clear Claimed Marks 0.197ms
[2023-12-19T17:24:24.749-0800][15194ms] GC(20) Concurrent Scan Root Regions
[2023-12-19T17:24:24.758-0800][15203ms] GC(20) Concurrent Scan Root Regions 8.673ms
[2023-12-19T17:24:24.758-0800][15203ms] GC(20) Concurrent Mark (15.203s)
[2023-12-19T17:24:24.758-0800][15203ms] GC(20) Concurrent Mark From Roots
[2023-12-19T17:24:24.758-0800][15203ms] GC(20) Using 3 workers of 3 for marking
[2023-12-19T17:24:24.922-0800][15367ms] GC(20) Concurrent Mark From Roots 163.597ms
[2023-12-19T17:24:24.922-0800][15367ms] GC(20) Concurrent Preclean
[2023-12-19T17:24:24.922-0800][15367ms] GC(20) Concurrent Preclean 0.483ms
[2023-12-19T17:24:24.922-0800][15367ms] GC(20) Concurrent Mark (15.203s, 15.367s) 164.166ms
[2023-12-19T17:24:24.922-0800][15367ms] GC(20) Pause Remark
[2023-12-19T17:24:24.939-0800][15384ms] GC(20) Cleaned string and symbol table, strings: 51620 processed, 1 removed, symbols: 406700 processed, 79 removed
[2023-12-19T17:24:24.939-0800][15384ms] GC(20) Pause Remark 303M->303M(936M) 16.203ms
[2023-12-19T17:24:24.939-0800][15384ms] GC(20) User=0.02s Sys=0.00s Real=0.02s
[2023-12-19T17:24:24.940-0800][15385ms] GC(20) Concurrent Rebuild Remembered Sets
[2023-12-19T17:24:25.028-0800][15473ms] GC(20) Concurrent Rebuild Remembered Sets 88.421ms
[2023-12-19T17:24:25.028-0800][15473ms] GC(20) Pause Cleanup
[2023-12-19T17:24:25.028-0800][15473ms] GC(20) Pause Cleanup 309M->309M(936M) 0.173ms
[2023-12-19T17:24:25.028-0800][15473ms] GC(20) User=0.00s Sys=0.00s Real=0.00s
[2023-12-19T17:24:25.028-0800][15473ms] GC(20) Concurrent Cleanup for Next Mark
[2023-12-19T17:24:25.030-0800][15475ms] GC(20) Concurrent Cleanup for Next Mark 0.998ms
[2023-12-19T17:24:25.030-0800][15475ms] GC(20) Concurrent Cycle 280.023ms
[2023-12-19T17:25:49.685-0800][100130ms] GC(21) Pause Young (Normal) (G1 Evacuation Pause)
[2023-12-19T17:25:49.685-0800][100130ms] GC(21) Using 10 workers of 10 for evacuation
[2023-12-19T17:25:49.699-0800][100144ms] GC(21)   Pre Evacuate Collection Set: 0.0ms
[2023-12-19T17:25:49.700-0800][100145ms] GC(21)   Evacuate Collection Set: 11.6ms
[2023-12-19T17:25:49.700-0800][100145ms] GC(21)   Post Evacuate Collection Set: 2.7ms
[2023-12-19T17:25:49.700-0800][100145ms] GC(21)   Other: 0.3ms
[2023-12-19T17:25:49.700-0800][100145ms] GC(21) Eden regions: 192->0(196)
[2023-12-19T17:25:49.700-0800][100145ms] GC(21) Survivor regions: 18->11(27)
[2023-12-19T17:25:49.700-0800][100145ms] GC(21) Old regions: 122->137
[2023-12-19T17:25:49.700-0800][100145ms] GC(21) Humongous regions: 5->5
[2023-12-19T17:25:49.700-0800][100145ms] GC(21) Metaspace: 215722K->215722K(1251328K)
[2023-12-19T17:25:49.700-0800][100145ms] GC(21) Pause Young (Normal) (G1 Evacuation Pause) 673M->303M(936M) 14.766ms
[2023-12-19T17:25:49.700-0800][100145ms] GC(21) User=0.00s Sys=0.00s Real=0.02s
[2023-12-19T17:26:54.280-0800][164725ms] GC(22) Pause Young (Normal) (G1 Evacuation Pause)
[2023-12-19T17:26:54.280-0800][164725ms] GC(22) Using 10 workers of 10 for evacuation
[2023-12-19T17:26:54.300-0800][164745ms] GC(22)   Pre Evacuate Collection Set: 0.0ms
[2023-12-19T17:26:54.300-0800][164745ms] GC(22)   Evacuate Collection Set: 16.4ms
[2023-12-19T17:26:54.300-0800][164745ms] GC(22)   Post Evacuate Collection Set: 3.1ms
[2023-12-19T17:26:54.300-0800][164745ms] GC(22)   Other: 0.2ms
[2023-12-19T17:26:54.300-0800][164745ms] GC(22) Eden regions: 196->0(193)
[2023-12-19T17:26:54.300-0800][164745ms] GC(22) Survivor regions: 11->24(26)
[2023-12-19T17:26:54.300-0800][164745ms] GC(22) Old regions: 137->137
[2023-12-19T17:26:54.300-0800][164745ms] GC(22) Humongous regions: 5->5
[2023-12-19T17:26:54.300-0800][164745ms] GC(22) Metaspace: 229598K->229598K(1265664K)
[2023-12-19T17:26:54.300-0800][164745ms] GC(22) Pause Young (Normal) (G1 Evacuation Pause) 695M->330M(936M) 19.893ms
[2023-12-19T17:26:54.300-0800][164745ms] GC(22) User=0.00s Sys=0.00s Real=0.02s
[2023-12-19T17:27:12.628-0800][183073ms] GC(23) Pause Young (Normal) (G1 Evacuation Pause)
[2023-12-19T17:27:12.628-0800][183073ms] GC(23) Using 10 workers of 10 for evacuation
[2023-12-19T17:27:12.649-0800][183094ms] GC(23)   Pre Evacuate Collection Set: 0.0ms
[2023-12-19T17:27:12.649-0800][183094ms] GC(23)   Evacuate Collection Set: 17.4ms
[2023-12-19T17:27:12.649-0800][183094ms] GC(23)   Post Evacuate Collection Set: 3.7ms
[2023-12-19T17:27:12.649-0800][183094ms] GC(23)   Other: 0.3ms
[2023-12-19T17:27:12.649-0800][183094ms] GC(23) Eden regions: 193->0(193)
[2023-12-19T17:27:12.649-0800][183094ms] GC(23) Survivor regions: 24->10(28)
[2023-12-19T17:27:12.649-0800][183094ms] GC(23) Old regions: 137->159
[2023-12-19T17:27:12.649-0800][183094ms] GC(23) Humongous regions: 5->5
[2023-12-19T17:27:12.649-0800][183094ms] GC(23) Metaspace: 233866K->233866K(1269760K)
[2023-12-19T17:27:12.649-0800][183094ms] GC(23) Pause Young (Normal) (G1 Evacuation Pause) 716M->346M(936M) 21.587ms
[2023-12-19T17:27:12.649-0800][183094ms] GC(23) User=0.09s Sys=0.00s Real=0.02s
[2023-12-19T17:28:22.361-0800][252806ms] GC(24) Pause Young (Normal) (G1 Evacuation Pause)
[2023-12-19T17:28:22.361-0800][252806ms] GC(24) Using 10 workers of 10 for evacuation
[2023-12-19T17:28:22.372-0800][252817ms] GC(24)   Pre Evacuate Collection Set: 0.0ms
[2023-12-19T17:28:22.372-0800][252817ms] GC(24)   Evacuate Collection Set: 8.2ms
[2023-12-19T17:28:22.372-0800][252817ms] GC(24)   Post Evacuate Collection Set: 2.2ms
[2023-12-19T17:28:22.372-0800][252817ms] GC(24)   Other: 0.2ms
[2023-12-19T17:28:22.372-0800][252817ms] GC(24) Eden regions: 193->0(199)
[2023-12-19T17:28:22.372-0800][252817ms] GC(24) Survivor regions: 10->11(26)
[2023-12-19T17:28:22.372-0800][252817ms] GC(24) Old regions: 159->159
[2023-12-19T17:28:22.372-0800][252817ms] GC(24) Humongous regions: 5->5
[2023-12-19T17:28:22.372-0800][252817ms] GC(24) Metaspace: 236188K->236188K(1271808K)
[2023-12-19T17:28:22.372-0800][252817ms] GC(24) Pause Young (Normal) (G1 Evacuation Pause) 732M->348M(936M) 10.750ms
[2023-12-19T17:28:22.372-0800][252817ms] GC(24) User=0.02s Sys=0.00s Real=0.01s
[2023-12-19T17:35:30.004-0800][680449ms] GC(25) Pause Young (Normal) (G1 Evacuation Pause)
[2023-12-19T17:35:30.004-0800][680449ms] GC(25) Using 10 workers of 10 for evacuation
[2023-12-19T17:35:30.015-0800][680460ms] GC(25)   Pre Evacuate Collection Set: 0.0ms
[2023-12-19T17:35:30.015-0800][680460ms] GC(25)   Evacuate Collection Set: 8.3ms
[2023-12-19T17:35:30.015-0800][680460ms] GC(25)   Post Evacuate Collection Set: 2.8ms
[2023-12-19T17:35:30.015-0800][680460ms] GC(25)   Other: 0.3ms
[2023-12-19T17:35:30.015-0800][680460ms] GC(25) Eden regions: 199->0(204)
[2023-12-19T17:35:30.015-0800][680460ms] GC(25) Survivor regions: 11->12(27)
[2023-12-19T17:35:30.015-0800][680460ms] GC(25) Old regions: 159->159
[2023-12-19T17:35:30.015-0800][680460ms] GC(25) Humongous regions: 5->5
[2023-12-19T17:35:30.015-0800][680460ms] GC(25) Metaspace: 237464K->237464K(1273856K)
[2023-12-19T17:35:30.015-0800][680460ms] GC(25) Pause Young (Normal) (G1 Evacuation Pause) 746M->350M(936M) 11.530ms
[2023-12-19T17:35:30.015-0800][680460ms] GC(25) User=0.00s Sys=0.00s Real=0.01s
[2023-12-20T07:58:14.231-0800][52444676ms] GC(26) Pause Young (Normal) (G1 Evacuation Pause)
[2023-12-20T07:58:14.231-0800][52444676ms] GC(26) Using 10 workers of 10 for evacuation
[2023-12-20T07:58:14.244-0800][52444689ms] GC(26)   Pre Evacuate Collection Set: 0.0ms
[2023-12-20T07:58:14.244-0800][52444689ms] GC(26)   Evacuate Collection Set: 9.2ms
[2023-12-20T07:58:14.244-0800][52444689ms] GC(26)   Post Evacuate Collection Set: 3.7ms
[2023-12-20T07:58:14.245-0800][52444690ms] GC(26)   Other: 0.4ms
[2023-12-20T07:58:14.245-0800][52444690ms] GC(26) Eden regions: 204->0(208)
[2023-12-20T07:58:14.245-0800][52444690ms] GC(26) Survivor regions: 12->14(27)
[2023-12-20T07:58:14.325-0800][52444770ms] GC(26) Old regions: 159->159
[2023-12-20T07:58:14.325-0800][52444770ms] GC(26) Humongous regions: 5->5
[2023-12-20T07:58:14.325-0800][52444770ms] GC(26) Metaspace: 237891K->237891K(1273856K)
[2023-12-20T07:58:14.325-0800][52444770ms] GC(26) Pause Young (Normal) (G1 Evacuation Pause) 758M->354M(936M) 93.803ms
[2023-12-20T07:58:14.325-0800][52444770ms] GC(26) User=0.06s Sys=0.00s Real=0.09s
[2023-12-20T08:04:06.925-0800][52797370ms] GC(27) Pause Young (Normal) (G1 Evacuation Pause)
[2023-12-20T08:04:06.925-0800][52797370ms] GC(27) Using 10 workers of 10 for evacuation
[2023-12-20T08:04:06.935-0800][52797380ms] GC(27)   Pre Evacuate Collection Set: 0.0ms
[2023-12-20T08:04:06.935-0800][52797380ms] GC(27)   Evacuate Collection Set: 8.1ms
[2023-12-20T08:04:06.935-0800][52797380ms] GC(27)   Post Evacuate Collection Set: 2.7ms
[2023-12-20T08:04:06.935-0800][52797380ms] GC(27)   Other: 0.2ms
[2023-12-20T08:04:06.935-0800][52797380ms] GC(27) Eden regions: 208->0(214)
[2023-12-20T08:04:06.935-0800][52797380ms] GC(27) Survivor regions: 14->13(28)
[2023-12-20T08:04:06.935-0800][52797380ms] GC(27) Old regions: 159->159
[2023-12-20T08:04:06.935-0800][52797380ms] GC(27) Humongous regions: 5->5
[2023-12-20T08:04:06.935-0800][52797380ms] GC(27) Metaspace: 239530K->239530K(1275904K)
[2023-12-20T08:04:06.935-0800][52797380ms] GC(27) Pause Young (Normal) (G1 Evacuation Pause) 770M->353M(936M) 11.181ms
[2023-12-20T08:04:06.935-0800][52797380ms] GC(27) User=0.00s Sys=0.00s Real=0.01s
[2023-12-20T08:04:53.855-0800][52844300ms] GC(28) Pause Young (Concurrent Start) (Metadata GC Threshold)
[2023-12-20T08:04:53.855-0800][52844300ms] GC(28) Using 10 workers of 10 for evacuation
[2023-12-20T08:04:53.866-0800][52844311ms] GC(28)   Pre Evacuate Collection Set: 0.4ms
[2023-12-20T08:04:53.866-0800][52844311ms] GC(28)   Evacuate Collection Set: 7.3ms
[2023-12-20T08:04:53.866-0800][52844311ms] GC(28)   Post Evacuate Collection Set: 2.5ms
[2023-12-20T08:04:53.866-0800][52844311ms] GC(28)   Other: 0.4ms
[2023-12-20T08:04:53.866-0800][52844311ms] GC(28) Eden regions: 31->0(204)
[2023-12-20T08:04:53.866-0800][52844311ms] GC(28) Survivor regions: 13->12(29)
[2023-12-20T08:04:53.866-0800][52844311ms] GC(28) Old regions: 159->159
[2023-12-20T08:04:53.866-0800][52844311ms] GC(28) Humongous regions: 5->5
[2023-12-20T08:04:53.866-0800][52844311ms] GC(28) Metaspace: 239639K->239639K(1275904K)
[2023-12-20T08:04:53.866-0800][52844311ms] GC(28) Pause Young (Concurrent Start) (Metadata GC Threshold) 413M->351M(936M) 10.870ms
[2023-12-20T08:04:53.866-0800][52844311ms] GC(28) User=0.00s Sys=0.00s Real=0.01s
[2023-12-20T08:04:53.866-0800][52844311ms] GC(29) Concurrent Cycle
[2023-12-20T08:04:53.866-0800][52844311ms] GC(29) Concurrent Clear Claimed Marks
[2023-12-20T08:04:53.866-0800][52844311ms] GC(29) Concurrent Clear Claimed Marks 0.402ms
[2023-12-20T08:04:53.866-0800][52844311ms] GC(29) Concurrent Scan Root Regions
[2023-12-20T08:04:53.873-0800][52844318ms] GC(29) Concurrent Scan Root Regions 6.260ms
[2023-12-20T08:04:53.873-0800][52844318ms] GC(29) Concurrent Mark (52844.318s)
[2023-12-20T08:04:53.873-0800][52844318ms] GC(29) Concurrent Mark From Roots
[2023-12-20T08:04:53.873-0800][52844318ms] GC(29) Using 3 workers of 3 for marking
[2023-12-20T08:04:53.962-0800][52844407ms] GC(29) Concurrent Mark From Roots 88.466ms
[2023-12-20T08:04:53.962-0800][52844407ms] GC(29) Concurrent Preclean
[2023-12-20T08:04:53.962-0800][52844407ms] GC(29) Concurrent Preclean 1.025ms
[2023-12-20T08:04:53.962-0800][52844407ms] GC(29) Concurrent Mark (52844.318s, 52844.407s) 89.580ms
[2023-12-20T08:04:53.963-0800][52844408ms] GC(29) Pause Remark
[2023-12-20T08:04:53.995-0800][52844440ms] GC(29) Cleaned string and symbol table, strings: 92572 processed, 5950 removed, symbols: 556447 processed, 113 removed
[2023-12-20T08:04:53.998-0800][52844443ms] GC(29) Pause Remark 351M->333M(936M) 35.758ms
[2023-12-20T08:04:53.998-0800][52844443ms] GC(29) User=0.03s Sys=0.13s Real=0.03s
[2023-12-20T08:04:53.998-0800][52844443ms] GC(29) Concurrent Rebuild Remembered Sets
[2023-12-20T08:04:54.041-0800][52844486ms] GC(29) Concurrent Rebuild Remembered Sets 42.169ms
[2023-12-20T08:04:54.041-0800][52844486ms] GC(29) Pause Cleanup
[2023-12-20T08:04:54.042-0800][52844487ms] GC(29) Pause Cleanup 335M->335M(936M) 0.171ms
[2023-12-20T08:04:54.042-0800][52844487ms] GC(29) User=0.00s Sys=0.00s Real=0.00s
[2023-12-20T08:04:54.042-0800][52844487ms] GC(29) Concurrent Cleanup for Next Mark
[2023-12-20T08:04:54.043-0800][52844488ms] GC(29) Concurrent Cleanup for Next Mark 2.370ms
[2023-12-20T08:04:54.043-0800][52844488ms] GC(29) Concurrent Cycle 177.576ms
[2023-12-20T08:13:38.098-0800][53368543ms] GC(30) Pause Young (Prepare Mixed) (G1 Evacuation Pause)
[2023-12-20T08:13:38.098-0800][53368543ms] GC(30) Using 10 workers of 10 for evacuation
[2023-12-20T08:13:38.112-0800][53368557ms] GC(30)   Pre Evacuate Collection Set: 0.0ms
[2023-12-20T08:13:38.112-0800][53368557ms] GC(30)   Evacuate Collection Set: 10.5ms
[2023-12-20T08:13:38.112-0800][53368557ms] GC(30)   Post Evacuate Collection Set: 2.9ms
[2023-12-20T08:13:38.112-0800][53368557ms] GC(30)   Other: 0.4ms
[2023-12-20T08:13:38.112-0800][53368557ms] GC(30) Eden regions: 204->0(7)
[2023-12-20T08:13:38.112-0800][53368557ms] GC(30) Survivor regions: 12->16(27)
[2023-12-20T08:13:38.112-0800][53368557ms] GC(30) Old regions: 150->150
[2023-12-20T08:13:38.112-0800][53368557ms] GC(30) Humongous regions: 5->5
[2023-12-20T08:13:38.112-0800][53368557ms] GC(30) Metaspace: 239351K->239351K(1277952K)
[2023-12-20T08:13:38.112-0800][53368557ms] GC(30) Pause Young (Prepare Mixed) (G1 Evacuation Pause) 741M->339M(936M) 13.870ms
[2023-12-20T08:13:38.112-0800][53368557ms] GC(30) User=0.02s Sys=0.00s Real=0.01s
[2023-12-20T08:13:43.034-0800][53373479ms] GC(31) Pause Young (Mixed) (G1 Evacuation Pause)
[2023-12-20T08:13:43.034-0800][53373479ms] GC(31) Using 10 workers of 10 for evacuation
[2023-12-20T08:13:43.050-0800][53373495ms] GC(31)   Pre Evacuate Collection Set: 0.1ms
[2023-12-20T08:13:43.050-0800][53373495ms] GC(31)   Evacuate Collection Set: 13.3ms
[2023-12-20T08:13:43.050-0800][53373495ms] GC(31)   Post Evacuate Collection Set: 2.7ms
[2023-12-20T08:13:43.051-0800][53373496ms] GC(31)   Other: 0.4ms
[2023-12-20T08:13:43.051-0800][53373496ms] GC(31) Eden regions: 7->0(232)
[2023-12-20T08:13:43.051-0800][53373496ms] GC(31) Survivor regions: 16->3(3)
[2023-12-20T08:13:43.051-0800][53373496ms] GC(31) Old regions: 150->127
[2023-12-20T08:13:43.051-0800][53373496ms] GC(31) Humongous regions: 5->5
[2023-12-20T08:13:43.051-0800][53373496ms] GC(31) Metaspace: 239434K->239434K(1277952K)
[2023-12-20T08:13:43.051-0800][53373496ms] GC(31) Pause Young (Mixed) (G1 Evacuation Pause) 353M->269M(936M) 16.636ms
[2023-12-20T08:13:43.051-0800][53373496ms] GC(31) User=0.02s Sys=0.00s Real=0.02s
[2023-12-20T08:13:44.315-0800][53374760ms] GC(32) Pause Young (Normal) (G1 Evacuation Pause)
[2023-12-20T08:13:44.315-0800][53374760ms] GC(32) Using 10 workers of 10 for evacuation
[2023-12-20T08:13:44.323-0800][53374768ms] GC(32)   Pre Evacuate Collection Set: 0.0ms
[2023-12-20T08:13:44.323-0800][53374768ms] GC(32)   Evacuate Collection Set: 6.1ms
[2023-12-20T08:13:44.323-0800][53374768ms] GC(32)   Post Evacuate Collection Set: 2.1ms
[2023-12-20T08:13:44.323-0800][53374768ms] GC(32)   Other: 0.3ms
[2023-12-20T08:13:44.323-0800][53374768ms] GC(32) Eden regions: 232->0(234)
[2023-12-20T08:13:44.323-0800][53374768ms] GC(32) Survivor regions: 3->6(30)
[2023-12-20T08:13:44.323-0800][53374768ms] GC(32) Old regions: 127->127
[2023-12-20T08:13:44.323-0800][53374768ms] GC(32) Humongous regions: 5->5
[2023-12-20T08:13:44.323-0800][53374768ms] GC(32) Metaspace: 241325K->241325K(1277952K)
[2023-12-20T08:13:44.323-0800][53374768ms] GC(32) Pause Young (Normal) (G1 Evacuation Pause) 733M->274M(936M) 8.639ms
[2023-12-20T08:13:44.323-0800][53374768ms] GC(32) User=0.02s Sys=0.00s Real=0.01s
[2023-12-20T08:13:45.591-0800][53376037ms] GC(33) Pause Young (Normal) (G1 Evacuation Pause)
[2023-12-20T08:13:45.592-0800][53376037ms] GC(33) Using 10 workers of 10 for evacuation
[2023-12-20T08:13:45.603-0800][53376048ms] GC(33)   Pre Evacuate Collection Set: 0.0ms
[2023-12-20T08:13:45.603-0800][53376048ms] GC(33)   Evacuate Collection Set: 7.9ms
[2023-12-20T08:13:45.603-0800][53376048ms] GC(33)   Post Evacuate Collection Set: 3.4ms
[2023-12-20T08:13:45.603-0800][53376048ms] GC(33)   Other: 0.4ms
[2023-12-20T08:13:45.603-0800][53376048ms] GC(33) Eden regions: 234->0(236)
[2023-12-20T08:13:45.603-0800][53376048ms] GC(33) Survivor regions: 6->10(30)
[2023-12-20T08:13:45.603-0800][53376048ms] GC(33) Old regions: 127->127
[2023-12-20T08:13:45.603-0800][53376048ms] GC(33) Humongous regions: 5->5
[2023-12-20T08:13:45.604-0800][53376049ms] GC(33) Metaspace: 244325K->244325K(1282048K)
[2023-12-20T08:13:45.604-0800][53376049ms] GC(33) Pause Young (Normal) (G1 Evacuation Pause) 742M->281M(936M) 11.796ms
[2023-12-20T08:13:45.604-0800][53376049ms] GC(33) User=0.02s Sys=0.00s Real=0.01s
[2023-12-20T08:13:46.683-0800][53377128ms] GC(34) Pause Young (Normal) (G1 Evacuation Pause)
[2023-12-20T08:13:46.683-0800][53377128ms] GC(34) Using 10 workers of 10 for evacuation
[2023-12-20T08:13:46.694-0800][53377139ms] GC(34)   Pre Evacuate Collection Set: 0.0ms
[2023-12-20T08:13:46.694-0800][53377139ms] GC(34)   Evacuate Collection Set: 7.1ms
[2023-12-20T08:13:46.694-0800][53377139ms] GC(34)   Post Evacuate Collection Set: 2.9ms
[2023-12-20T08:13:46.694-0800][53377139ms] GC(34)   Other: 0.3ms
[2023-12-20T08:13:46.694-0800][53377139ms] GC(34) Eden regions: 236->0(246)
[2023-12-20T08:13:46.694-0800][53377139ms] GC(34) Survivor regions: 10->11(31)
[2023-12-20T08:13:46.695-0800][53377140ms] GC(34) Old regions: 127->127
[2023-12-20T08:13:46.695-0800][53377140ms] GC(34) Humongous regions: 5->5
[2023-12-20T08:13:46.695-0800][53377140ms] GC(34) Metaspace: 245779K->245779K(1282048K)
[2023-12-20T08:13:46.695-0800][53377140ms] GC(34) Pause Young (Normal) (G1 Evacuation Pause) 753M->285M(936M) 10.568ms
[2023-12-20T08:13:46.695-0800][53377140ms] GC(34) User=0.00s Sys=0.00s Real=0.01s
[2023-12-20T08:13:47.533-0800][53377978ms] GC(35) Pause Young (Normal) (G1 Evacuation Pause)
[2023-12-20T08:13:47.533-0800][53377978ms] GC(35) Using 10 workers of 10 for evacuation
[2023-12-20T08:13:47.545-0800][53377990ms] GC(35)   Pre Evacuate Collection Set: 0.0ms
[2023-12-20T08:13:47.545-0800][53377990ms] GC(35)   Evacuate Collection Set: 8.2ms
[2023-12-20T08:13:47.545-0800][53377990ms] GC(35)   Post Evacuate Collection Set: 2.8ms
[2023-12-20T08:13:47.545-0800][53377990ms] GC(35)   Other: 0.3ms
[2023-12-20T08:13:47.545-0800][53377990ms] GC(35) Eden regions: 246->0(248)
[2023-12-20T08:13:47.545-0800][53377990ms] GC(35) Survivor regions: 11->12(33)
[2023-12-20T08:13:47.545-0800][53377990ms] GC(35) Old regions: 127->127
[2023-12-20T08:13:47.545-0800][53377990ms] GC(35) Humongous regions: 5->5
[2023-12-20T08:13:47.545-0800][53377990ms] GC(35) Metaspace: 246590K->246590K(1284096K)
[2023-12-20T08:13:47.545-0800][53377990ms] GC(35) Pause Young (Normal) (G1 Evacuation Pause) 777M->286M(936M) 11.551ms
[2023-12-20T08:13:47.545-0800][53377990ms] GC(35) User=0.05s Sys=0.00s Real=0.01s
[2023-12-20T08:13:48.248-0800][53378693ms] GC(36) Pause Young (Normal) (G1 Evacuation Pause)
[2023-12-20T08:13:48.248-0800][53378693ms] GC(36) Using 10 workers of 10 for evacuation
[2023-12-20T08:13:48.259-0800][53378704ms] GC(36)   Pre Evacuate Collection Set: 0.0ms
[2023-12-20T08:13:48.259-0800][53378704ms] GC(36)   Evacuate Collection Set: 7.1ms
[2023-12-20T08:13:48.259-0800][53378704ms] GC(36)   Post Evacuate Collection Set: 3.8ms
[2023-12-20T08:13:48.259-0800][53378704ms] GC(36)   Other: 0.3ms
[2023-12-20T08:13:48.259-0800][53378704ms] GC(36) Eden regions: 248->0(253)
[2023-12-20T08:13:48.259-0800][53378704ms] GC(36) Survivor regions: 12->12(33)
[2023-12-20T08:13:48.259-0800][53378704ms] GC(36) Old regions: 127->127
[2023-12-20T08:13:48.259-0800][53378704ms] GC(36) Humongous regions: 5->5
[2023-12-20T08:13:48.259-0800][53378704ms] GC(36) Metaspace: 247187K->247187K(1284096K)
[2023-12-20T08:13:48.259-0800][53378704ms] GC(36) Pause Young (Normal) (G1 Evacuation Pause) 782M->287M(936M) 11.423ms
[2023-12-20T08:13:48.259-0800][53378704ms] GC(36) User=0.00s Sys=0.00s Real=0.01s
[2023-12-20T08:13:48.844-0800][53379289ms] GC(37) Pause Young (Normal) (G1 Evacuation Pause)
[2023-12-20T08:13:48.845-0800][53379290ms] GC(37) Using 10 workers of 10 for evacuation
[2023-12-20T08:13:48.856-0800][53379301ms] GC(37)   Pre Evacuate Collection Set: 0.0ms
[2023-12-20T08:13:48.856-0800][53379301ms] GC(37)   Evacuate Collection Set: 8.4ms
[2023-12-20T08:13:48.856-0800][53379301ms] GC(37)   Post Evacuate Collection Set: 2.5ms
[2023-12-20T08:13:48.856-0800][53379301ms] GC(37)   Other: 0.3ms
[2023-12-20T08:13:48.856-0800][53379301ms] GC(37) Eden regions: 253->0(255)
[2023-12-20T08:13:48.856-0800][53379301ms] GC(37) Survivor regions: 12->13(34)
[2023-12-20T08:13:48.856-0800][53379301ms] GC(37) Old regions: 127->127
[2023-12-20T08:13:48.856-0800][53379301ms] GC(37) Humongous regions: 5->5
[2023-12-20T08:13:48.856-0800][53379301ms] GC(37) Metaspace: 247641K->247641K(1284096K)
[2023-12-20T08:13:48.856-0800][53379301ms] GC(37) Pause Young (Normal) (G1 Evacuation Pause) 793M->289M(936M) 11.443ms
[2023-12-20T08:13:48.856-0800][53379301ms] GC(37) User=0.14s Sys=0.00s Real=0.01s
[2023-12-20T08:13:49.395-0800][53379840ms] GC(38) Pause Young (Normal) (G1 Evacuation Pause)
[2023-12-20T08:13:49.395-0800][53379840ms] GC(38) Using 10 workers of 10 for evacuation
[2023-12-20T08:13:49.407-0800][53379852ms] GC(38)   Pre Evacuate Collection Set: 0.0ms
[2023-12-20T08:13:49.407-0800][53379852ms] GC(38)   Evacuate Collection Set: 7.8ms
[2023-12-20T08:13:49.407-0800][53379852ms] GC(38)   Post Evacuate Collection Set: 3.8ms
[2023-12-20T08:13:49.407-0800][53379852ms] GC(38)   Other: 0.4ms
[2023-12-20T08:13:49.407-0800][53379852ms] GC(38) Eden regions: 255->0(258)
[2023-12-20T08:13:49.407-0800][53379852ms] GC(38) Survivor regions: 13->14(34)
[2023-12-20T08:13:49.407-0800][53379852ms] GC(38) Old regions: 127->127
[2023-12-20T08:13:49.407-0800][53379852ms] GC(38) Humongous regions: 5->5
[2023-12-20T08:13:49.407-0800][53379852ms] GC(38) Metaspace: 247705K->247705K(1286144K)
[2023-12-20T08:13:49.407-0800][53379852ms] GC(38) Pause Young (Normal) (G1 Evacuation Pause) 799M->290M(936M) 12.253ms
[2023-12-20T08:13:49.407-0800][53379852ms] GC(38) User=0.03s Sys=0.00s Real=0.01s
[2023-12-20T08:13:49.871-0800][53380316ms] GC(39) Pause Young (Normal) (G1 Evacuation Pause)
[2023-12-20T08:13:49.871-0800][53380316ms] GC(39) Using 10 workers of 10 for evacuation
[2023-12-20T08:13:49.883-0800][53380328ms] GC(39)   Pre Evacuate Collection Set: 0.0ms
[2023-12-20T08:13:49.883-0800][53380328ms] GC(39)   Evacuate Collection Set: 8.9ms
[2023-12-20T08:13:49.883-0800][53380328ms] GC(39)   Post Evacuate Collection Set: 3.3ms
[2023-12-20T08:13:49.883-0800][53380328ms] GC(39)   Other: 0.3ms
[2023-12-20T08:13:49.883-0800][53380328ms] GC(39) Eden regions: 258->0(259)
[2023-12-20T08:13:49.883-0800][53380328ms] GC(39) Survivor regions: 14->15(34)
[2023-12-20T08:13:49.883-0800][53380328ms] GC(39) Old regions: 127->127
[2023-12-20T08:13:49.883-0800][53380328ms] GC(39) Humongous regions: 5->5
[2023-12-20T08:13:49.883-0800][53380328ms] GC(39) Metaspace: 247768K->247768K(1286144K)
[2023-12-20T08:13:49.883-0800][53380328ms] GC(39) Pause Young (Normal) (G1 Evacuation Pause) 806M->291M(936M) 12.644ms
[2023-12-20T08:13:49.883-0800][53380328ms] GC(39) User=0.08s Sys=0.00s Real=0.01s
[2023-12-20T08:13:50.308-0800][53380753ms] GC(40) Pause Young (Normal) (G1 Evacuation Pause)
[2023-12-20T08:13:50.308-0800][53380753ms] GC(40) Using 10 workers of 10 for evacuation
[2023-12-20T08:13:50.322-0800][53380767ms] GC(40)   Pre Evacuate Collection Set: 0.0ms
[2023-12-20T08:13:50.322-0800][53380767ms] GC(40)   Evacuate Collection Set: 10.1ms
[2023-12-20T08:13:50.322-0800][53380767ms] GC(40)   Post Evacuate Collection Set: 3.1ms
[2023-12-20T08:13:50.322-0800][53380767ms] GC(40)   Other: 0.3ms
[2023-12-20T08:13:50.322-0800][53380767ms] GC(40) Eden regions: 259->0(259)
[2023-12-20T08:13:50.322-0800][53380767ms] GC(40) Survivor regions: 15->15(35)
[2023-12-20T08:13:50.322-0800][53380767ms] GC(40) Old regions: 127->127
[2023-12-20T08:13:50.322-0800][53380767ms] GC(40) Humongous regions: 5->5
[2023-12-20T08:13:50.322-0800][53380767ms] GC(40) Metaspace: 247823K->247823K(1286144K)
[2023-12-20T08:13:50.322-0800][53380767ms] GC(40) Pause Young (Normal) (G1 Evacuation Pause) 809M->293M(936M) 13.642ms
[2023-12-20T08:13:50.322-0800][53380767ms] GC(40) User=0.06s Sys=0.00s Real=0.01s
[2023-12-20T08:13:50.834-0800][53381279ms] GC(41) Pause Young (Normal) (G1 Evacuation Pause)
[2023-12-20T08:13:50.834-0800][53381279ms] GC(41) Using 10 workers of 10 for evacuation
[2023-12-20T08:13:50.849-0800][53381294ms] GC(41)   Pre Evacuate Collection Set: 0.0ms
[2023-12-20T08:13:50.849-0800][53381294ms] GC(41)   Evacuate Collection Set: 10.6ms
[2023-12-20T08:13:50.849-0800][53381294ms] GC(41)   Post Evacuate Collection Set: 3.5ms
[2023-12-20T08:13:50.849-0800][53381294ms] GC(41)   Other: 0.3ms
[2023-12-20T08:13:50.849-0800][53381294ms] GC(41) Eden regions: 259->0(255)
[2023-12-20T08:13:50.849-0800][53381294ms] GC(41) Survivor regions: 15->17(35)
[2023-12-20T08:13:50.849-0800][53381294ms] GC(41) Old regions: 127->127
[2023-12-20T08:13:50.849-0800][53381294ms] GC(41) Humongous regions: 5->5
[2023-12-20T08:13:50.849-0800][53381294ms] GC(41) Metaspace: 247890K->247890K(1286144K)
[2023-12-20T08:13:50.849-0800][53381294ms] GC(41) Pause Young (Normal) (G1 Evacuation Pause) 811M->295M(936M) 14.575ms
[2023-12-20T08:13:50.849-0800][53381294ms] GC(41) User=0.16s Sys=0.00s Real=0.01s
[2023-12-20T08:13:51.292-0800][53381737ms] GC(42) Pause Young (Normal) (G1 Evacuation Pause)
[2023-12-20T08:13:51.292-0800][53381737ms] GC(42) Using 10 workers of 10 for evacuation
[2023-12-20T08:13:51.306-0800][53381751ms] GC(42)   Pre Evacuate Collection Set: 0.0ms
[2023-12-20T08:13:51.306-0800][53381751ms] GC(42)   Evacuate Collection Set: 10.5ms
[2023-12-20T08:13:51.306-0800][53381751ms] GC(42)   Post Evacuate Collection Set: 3.3ms
[2023-12-20T08:13:51.306-0800][53381751ms] GC(42)   Other: 0.3ms
[2023-12-20T08:13:51.306-0800][53381751ms] GC(42) Eden regions: 255->0(255)
[2023-12-20T08:13:51.307-0800][53381752ms] GC(42) Survivor regions: 17->17(34)
[2023-12-20T08:13:51.307-0800][53381752ms] GC(42) Old regions: 127->127
[2023-12-20T08:13:51.307-0800][53381752ms] GC(42) Humongous regions: 5->5
[2023-12-20T08:13:51.307-0800][53381752ms] GC(42) Metaspace: 248019K->248019K(1286144K)
[2023-12-20T08:13:51.307-0800][53381752ms] GC(42) Pause Young (Normal) (G1 Evacuation Pause) 805M->297M(936M) 14.321ms
[2023-12-20T08:13:51.307-0800][53381752ms] GC(42) User=0.05s Sys=0.00s Real=0.01s
[2023-12-20T08:13:51.772-0800][53382217ms] GC(43) Pause Young (Normal) (G1 Evacuation Pause)
[2023-12-20T08:13:51.772-0800][53382217ms] GC(43) Using 10 workers of 10 for evacuation
[2023-12-20T08:13:51.788-0800][53382233ms] GC(43)   Pre Evacuate Collection Set: 0.0ms
[2023-12-20T08:13:51.788-0800][53382233ms] GC(43)   Evacuate Collection Set: 12.2ms
[2023-12-20T08:13:51.788-0800][53382233ms] GC(43)   Post Evacuate Collection Set: 3.4ms
[2023-12-20T08:13:51.788-0800][53382233ms] GC(43)   Other: 0.4ms
[2023-12-20T08:13:51.788-0800][53382233ms] GC(43) Eden regions: 255->0(253)
[2023-12-20T08:13:51.788-0800][53382233ms] GC(43) Survivor regions: 17->18(34)
[2023-12-20T08:13:51.788-0800][53382233ms] GC(43) Old regions: 127->127
[2023-12-20T08:13:51.788-0800][53382233ms] GC(43) Humongous regions: 5->5
[2023-12-20T08:13:51.788-0800][53382233ms] GC(43) Metaspace: 248252K->248252K(1286144K)
[2023-12-20T08:13:51.788-0800][53382233ms] GC(43) Pause Young (Normal) (G1 Evacuation Pause) 807M->299M(936M) 16.087ms
[2023-12-20T08:13:51.788-0800][53382233ms] GC(43) User=0.02s Sys=0.00s Real=0.02s
[2023-12-20T08:13:52.199-0800][53382644ms] GC(44) Pause Young (Normal) (G1 Evacuation Pause)
[2023-12-20T08:13:52.199-0800][53382644ms] GC(44) Using 10 workers of 10 for evacuation
[2023-12-20T08:13:52.215-0800][53382660ms] GC(44)   Pre Evacuate Collection Set: 0.0ms
[2023-12-20T08:13:52.215-0800][53382660ms] GC(44)   Evacuate Collection Set: 13.2ms
[2023-12-20T08:13:52.215-0800][53382660ms] GC(44)   Post Evacuate Collection Set: 3.0ms
[2023-12-20T08:13:52.215-0800][53382660ms] GC(44)   Other: 0.3ms
[2023-12-20T08:13:52.216-0800][53382661ms] GC(44) Eden regions: 253->0(251)
[2023-12-20T08:13:52.216-0800][53382661ms] GC(44) Survivor regions: 18->19(34)
[2023-12-20T08:13:52.216-0800][53382661ms] GC(44) Old regions: 127->127
[2023-12-20T08:13:52.216-0800][53382661ms] GC(44) Humongous regions: 5->5
[2023-12-20T08:13:52.216-0800][53382661ms] GC(44) Metaspace: 248387K->248387K(1286144K)
[2023-12-20T08:13:52.216-0800][53382661ms] GC(44) Pause Young (Normal) (G1 Evacuation Pause) 805M->301M(936M) 16.711ms
[2023-12-20T08:13:52.216-0800][53382661ms] GC(44) User=0.03s Sys=0.00s Real=0.02s
[2023-12-20T08:13:52.630-0800][53383075ms] GC(45) Pause Young (Normal) (G1 Evacuation Pause)
[2023-12-20T08:13:52.630-0800][53383075ms] GC(45) Using 10 workers of 10 for evacuation
[2023-12-20T08:13:52.652-0800][53383097ms] GC(45)   Pre Evacuate Collection Set: 0.0ms
[2023-12-20T08:13:52.652-0800][53383097ms] GC(45)   Evacuate Collection Set: 14.4ms
[2023-12-20T08:13:52.652-0800][53383097ms] GC(45)   Post Evacuate Collection Set: 7.8ms
[2023-12-20T08:13:52.652-0800][53383097ms] GC(45)   Other: 0.4ms
[2023-12-20T08:13:52.652-0800][53383097ms] GC(45) Eden regions: 251->0(316)
[2023-12-20T08:13:52.652-0800][53383097ms] GC(45) Survivor regions: 19->19(34)
[2023-12-20T08:13:52.652-0800][53383097ms] GC(45) Old regions: 127->128
[2023-12-20T08:13:52.652-0800][53383097ms] GC(45) Humongous regions: 5->5
[2023-12-20T08:13:52.652-0800][53383097ms] GC(45) Metaspace: 248579K->248579K(1286144K)
[2023-12-20T08:13:52.652-0800][53383097ms] GC(45) Pause Young (Normal) (G1 Evacuation Pause) 803M->303M(1124M) 22.704ms
[2023-12-20T08:13:52.652-0800][53383097ms] GC(45) User=0.02s Sys=0.02s Real=0.02s
[2023-12-20T08:13:53.268-0800][53383713ms] GC(46) Pause Young (Normal) (G1 Evacuation Pause)
[2023-12-20T08:13:53.268-0800][53383713ms] GC(46) Using 10 workers of 10 for evacuation
[2023-12-20T08:13:53.288-0800][53383733ms] GC(46)   Pre Evacuate Collection Set: 0.0ms
[2023-12-20T08:13:53.288-0800][53383733ms] GC(46)   Evacuate Collection Set: 16.2ms
[2023-12-20T08:13:53.288-0800][53383733ms] GC(46)   Post Evacuate Collection Set: 3.0ms
[2023-12-20T08:13:53.288-0800][53383733ms] GC(46)   Other: 0.4ms
[2023-12-20T08:13:53.288-0800][53383733ms] GC(46) Eden regions: 316->0(316)
[2023-12-20T08:13:53.288-0800][53383733ms] GC(46) Survivor regions: 19->21(42)
[2023-12-20T08:13:53.288-0800][53383733ms] GC(46) Old regions: 128->128
[2023-12-20T08:13:53.288-0800][53383733ms] GC(46) Humongous regions: 5->5
[2023-12-20T08:13:53.288-0800][53383733ms] GC(46) Metaspace: 248667K->248667K(1286144K)
[2023-12-20T08:13:53.288-0800][53383733ms] GC(46) Pause Young (Normal) (G1 Evacuation Pause) 935M->305M(1124M) 19.703ms
[2023-12-20T08:13:53.288-0800][53383733ms] GC(46) User=0.05s Sys=0.00s Real=0.02s
[2023-12-20T08:13:53.875-0800][53384320ms] GC(47) Pause Young (Normal) (G1 Evacuation Pause)
[2023-12-20T08:13:53.875-0800][53384320ms] GC(47) Using 10 workers of 10 for evacuation
[2023-12-20T08:13:53.894-0800][53384339ms] GC(47)   Pre Evacuate Collection Set: 0.0ms
[2023-12-20T08:13:53.894-0800][53384339ms] GC(47)   Evacuate Collection Set: 16.0ms
[2023-12-20T08:13:53.894-0800][53384339ms] GC(47)   Post Evacuate Collection Set: 2.5ms
[2023-12-20T08:13:53.894-0800][53384339ms] GC(47)   Other: 0.4ms
[2023-12-20T08:13:53.894-0800][53384339ms] GC(47) Eden regions: 316->0(318)
[2023-12-20T08:13:53.894-0800][53384339ms] GC(47) Survivor regions: 21->19(43)
[2023-12-20T08:13:53.894-0800][53384339ms] GC(47) Old regions: 128->131
[2023-12-20T08:13:53.894-0800][53384339ms] GC(47) Humongous regions: 5->5
[2023-12-20T08:13:53.894-0800][53384339ms] GC(47) Metaspace: 248707K->248707K(1286144K)
[2023-12-20T08:13:53.895-0800][53384340ms] GC(47) Pause Young (Normal) (G1 Evacuation Pause) 937M->308M(1124M) 19.034ms
[2023-12-20T08:13:53.895-0800][53384340ms] GC(47) User=0.14s Sys=0.00s Real=0.02s
[2023-12-20T08:13:54.514-0800][53384959ms] GC(48) Pause Young (Normal) (G1 Evacuation Pause)
[2023-12-20T08:13:54.514-0800][53384959ms] GC(48) Using 10 workers of 10 for evacuation
[2023-12-20T08:13:54.533-0800][53384978ms] GC(48)   Pre Evacuate Collection Set: 0.0ms
[2023-12-20T08:13:54.533-0800][53384978ms] GC(48)   Evacuate Collection Set: 15.6ms
[2023-12-20T08:13:54.533-0800][53384978ms] GC(48)   Post Evacuate Collection Set: 3.4ms
[2023-12-20T08:13:54.533-0800][53384978ms] GC(48)   Other: 0.3ms
[2023-12-20T08:13:54.533-0800][53384978ms] GC(48) Eden regions: 318->0(319)
[2023-12-20T08:13:54.533-0800][53384978ms] GC(48) Survivor regions: 19->18(43)
[2023-12-20T08:13:54.533-0800][53384978ms] GC(48) Old regions: 131->133
[2023-12-20T08:13:54.533-0800][53384978ms] GC(48) Humongous regions: 5->5
[2023-12-20T08:13:54.533-0800][53384978ms] GC(48) Metaspace: 248770K->248770K(1286144K)
[2023-12-20T08:13:54.533-0800][53384978ms] GC(48) Pause Young (Normal) (G1 Evacuation Pause) 944M->309M(1124M) 19.546ms
[2023-12-20T08:13:54.533-0800][53384978ms] GC(48) User=0.00s Sys=0.00s Real=0.02s
[2023-12-20T08:13:55.074-0800][53385519ms] GC(49) Pause Young (Normal) (G1 Evacuation Pause)
[2023-12-20T08:13:55.074-0800][53385519ms] GC(49) Using 10 workers of 10 for evacuation
[2023-12-20T08:13:55.098-0800][53385543ms] GC(49)   Pre Evacuate Collection Set: 0.0ms
[2023-12-20T08:13:55.098-0800][53385543ms] GC(49)   Evacuate Collection Set: 16.1ms
[2023-12-20T08:13:55.098-0800][53385543ms] GC(49)   Post Evacuate Collection Set: 7.8ms
[2023-12-20T08:13:55.098-0800][53385543ms] GC(49)   Other: 0.4ms
[2023-12-20T08:13:55.098-0800][53385543ms] GC(49) Eden regions: 319->0(396)
[2023-12-20T08:13:55.098-0800][53385543ms] GC(49) Survivor regions: 18->18(43)
[2023-12-20T08:13:55.098-0800][53385543ms] GC(49) Old regions: 133->135
[2023-12-20T08:13:55.098-0800][53385543ms] GC(49) Humongous regions: 5->5
[2023-12-20T08:13:55.098-0800][53385543ms] GC(49) Metaspace: 248837K->248837K(1286144K)
[2023-12-20T08:13:55.098-0800][53385543ms] GC(49) Pause Young (Normal) (G1 Evacuation Pause) 947M->314M(1382M) 24.485ms
[2023-12-20T08:13:55.098-0800][53385543ms] GC(49) User=0.00s Sys=0.00s Real=0.02s
[2023-12-20T08:13:55.825-0800][53386270ms] GC(50) Pause Young (Normal) (G1 Evacuation Pause)
[2023-12-20T08:13:55.825-0800][53386270ms] GC(50) Using 10 workers of 10 for evacuation
[2023-12-20T08:13:55.844-0800][53386289ms] GC(50)   Pre Evacuate Collection Set: 0.0ms
[2023-12-20T08:13:55.844-0800][53386289ms] GC(50)   Evacuate Collection Set: 16.0ms
[2023-12-20T08:13:55.844-0800][53386289ms] GC(50)   Post Evacuate Collection Set: 2.9ms
[2023-12-20T08:13:55.844-0800][53386289ms] GC(50)   Other: 0.4ms
[2023-12-20T08:13:55.844-0800][53386289ms] GC(50) Eden regions: 396->0(395)
[2023-12-20T08:13:55.844-0800][53386289ms] GC(50) Survivor regions: 18->19(52)
[2023-12-20T08:13:55.844-0800][53386289ms] GC(50) Old regions: 135->136
[2023-12-20T08:13:55.844-0800][53386289ms] GC(50) Humongous regions: 5->5
[2023-12-20T08:13:55.844-0800][53386289ms] GC(50) Metaspace: 248980K->248980K(1286144K)
[2023-12-20T08:13:55.844-0800][53386289ms] GC(50) Pause Young (Normal) (G1 Evacuation Pause) 1106M->317M(1382M) 19.502ms
[2023-12-20T08:13:55.844-0800][53386289ms] GC(50) User=0.05s Sys=0.00s Real=0.02s
[2023-12-20T08:13:56.494-0800][53386939ms] GC(51) Pause Young (Normal) (G1 Evacuation Pause)
[2023-12-20T08:13:56.494-0800][53386939ms] GC(51) Using 10 workers of 10 for evacuation
[2023-12-20T08:13:56.514-0800][53386959ms] GC(51)   Pre Evacuate Collection Set: 0.1ms
[2023-12-20T08:13:56.514-0800][53386959ms] GC(51)   Evacuate Collection Set: 17.6ms
[2023-12-20T08:13:56.514-0800][53386959ms] GC(51)   Post Evacuate Collection Set: 2.7ms
[2023-12-20T08:13:56.514-0800][53386959ms] GC(51)   Other: 0.4ms
[2023-12-20T08:13:56.514-0800][53386959ms] GC(51) Eden regions: 395->0(394)
[2023-12-20T08:13:56.514-0800][53386959ms] GC(51) Survivor regions: 19->20(52)
[2023-12-20T08:13:56.514-0800][53386959ms] GC(51) Old regions: 136->136
[2023-12-20T08:13:56.514-0800][53386959ms] GC(51) Humongous regions: 5->5
[2023-12-20T08:13:56.514-0800][53386959ms] GC(51) Metaspace: 249104K->249104K(1286144K)
[2023-12-20T08:13:56.514-0800][53386959ms] GC(51) Pause Young (Normal) (G1 Evacuation Pause) 1107M->321M(1382M) 20.802ms
[2023-12-20T08:13:56.514-0800][53386959ms] GC(51) User=0.13s Sys=0.00s Real=0.02s
[2023-12-20T08:13:57.179-0800][53387624ms] GC(52) Pause Young (Normal) (G1 Evacuation Pause)
[2023-12-20T08:13:57.179-0800][53387624ms] GC(52) Using 10 workers of 10 for evacuation
[2023-12-20T08:13:57.200-0800][53387645ms] GC(52)   Pre Evacuate Collection Set: 0.0ms
[2023-12-20T08:13:57.200-0800][53387645ms] GC(52)   Evacuate Collection Set: 17.8ms
[2023-12-20T08:13:57.200-0800][53387645ms] GC(52)   Post Evacuate Collection Set: 2.8ms
[2023-12-20T08:13:57.200-0800][53387645ms] GC(52)   Other: 0.4ms
[2023-12-20T08:13:57.200-0800][53387645ms] GC(52) Eden regions: 394->0(392)
[2023-12-20T08:13:57.200-0800][53387645ms] GC(52) Survivor regions: 20->22(52)
[2023-12-20T08:13:57.200-0800][53387645ms] GC(52) Old regions: 136->137
[2023-12-20T08:13:57.200-0800][53387645ms] GC(52) Humongous regions: 5->5
[2023-12-20T08:13:57.200-0800][53387645ms] GC(52) Metaspace: 249203K->249203K(1286144K)
[2023-12-20T08:13:57.200-0800][53387645ms] GC(52) Pause Young (Normal) (G1 Evacuation Pause) 1109M->325M(1382M) 21.281ms
[2023-12-20T08:13:57.200-0800][53387645ms] GC(52) User=0.19s Sys=0.00s Real=0.02s
[2023-12-20T08:13:57.894-0800][53388339ms] GC(53) Pause Young (Normal) (G1 Evacuation Pause)
[2023-12-20T08:13:57.894-0800][53388339ms] GC(53) Using 10 workers of 10 for evacuation
[2023-12-20T08:13:57.922-0800][53388367ms] GC(53)   Pre Evacuate Collection Set: 0.0ms
[2023-12-20T08:13:57.922-0800][53388367ms] GC(53)   Evacuate Collection Set: 18.5ms
[2023-12-20T08:13:57.922-0800][53388367ms] GC(53)   Post Evacuate Collection Set: 9.1ms
[2023-12-20T08:13:57.922-0800][53388367ms] GC(53)   Other: 0.4ms
[2023-12-20T08:13:57.922-0800][53388367ms] GC(53) Eden regions: 392->0(470)
[2023-12-20T08:13:57.922-0800][53388367ms] GC(53) Survivor regions: 22->24(52)
[2023-12-20T08:13:57.922-0800][53388367ms] GC(53) Old regions: 137->137
[2023-12-20T08:13:57.922-0800][53388367ms] GC(53) Humongous regions: 5->5
[2023-12-20T08:13:57.922-0800][53388367ms] GC(53) Metaspace: 249924K->249924K(1288192K)
[2023-12-20T08:13:57.922-0800][53388367ms] GC(53) Pause Young (Normal) (G1 Evacuation Pause) 1109M->331M(1648M) 28.122ms
[2023-12-20T08:13:57.922-0800][53388367ms] GC(53) User=0.06s Sys=0.00s Real=0.03s
[2023-12-20T08:13:58.681-0800][53389126ms] GC(54) Pause Young (Normal) (G1 Evacuation Pause)
[2023-12-20T08:13:58.681-0800][53389126ms] GC(54) Using 10 workers of 10 for evacuation
[2023-12-20T08:13:58.706-0800][53389151ms] GC(54)   Pre Evacuate Collection Set: 0.0ms
[2023-12-20T08:13:58.706-0800][53389151ms] GC(54)   Evacuate Collection Set: 21.5ms
[2023-12-20T08:13:58.706-0800][53389151ms] GC(54)   Post Evacuate Collection Set: 3.2ms
[2023-12-20T08:13:58.706-0800][53389151ms] GC(54)   Other: 0.5ms
[2023-12-20T08:13:58.706-0800][53389151ms] GC(54) Eden regions: 470->0(468)
[2023-12-20T08:13:58.706-0800][53389151ms] GC(54) Survivor regions: 24->26(62)
[2023-12-20T08:13:58.706-0800][53389151ms] GC(54) Old regions: 137->138
[2023-12-20T08:13:58.706-0800][53389151ms] GC(54) Humongous regions: 5->5
[2023-12-20T08:13:58.706-0800][53389151ms] GC(54) Metaspace: 249999K->249999K(1288192K)
[2023-12-20T08:13:58.706-0800][53389151ms] GC(54) Pause Young (Normal) (G1 Evacuation Pause) 1271M->336M(1648M) 25.416ms
[2023-12-20T08:13:58.706-0800][53389151ms] GC(54) User=0.14s Sys=0.00s Real=0.03s
[2023-12-20T08:13:59.457-0800][53389902ms] GC(55) Pause Young (Normal) (G1 Evacuation Pause)
[2023-12-20T08:13:59.457-0800][53389902ms] GC(55) Using 10 workers of 10 for evacuation
[2023-12-20T08:13:59.484-0800][53389929ms] GC(55)   Pre Evacuate Collection Set: 0.1ms
[2023-12-20T08:13:59.484-0800][53389929ms] GC(55)   Evacuate Collection Set: 23.5ms
[2023-12-20T08:13:59.484-0800][53389929ms] GC(55)   Post Evacuate Collection Set: 2.7ms
[2023-12-20T08:13:59.484-0800][53389929ms] GC(55)   Other: 0.5ms
[2023-12-20T08:13:59.484-0800][53389929ms] GC(55) Eden regions: 468->0(466)
[2023-12-20T08:13:59.484-0800][53389929ms] GC(55) Survivor regions: 26->28(62)
[2023-12-20T08:13:59.484-0800][53389929ms] GC(55) Old regions: 138->138
[2023-12-20T08:13:59.484-0800][53389929ms] GC(55) Humongous regions: 5->5
[2023-12-20T08:13:59.484-0800][53389929ms] GC(55) Metaspace: 250061K->250061K(1288192K)
[2023-12-20T08:13:59.484-0800][53389929ms] GC(55) Pause Young (Normal) (G1 Evacuation Pause) 1272M->339M(1648M) 26.944ms
[2023-12-20T08:13:59.484-0800][53389929ms] GC(55) User=0.13s Sys=0.00s Real=0.03s
[2023-12-20T08:14:00.347-0800][53390792ms] GC(56) Pause Young (Normal) (G1 Evacuation Pause)
[2023-12-20T08:14:00.347-0800][53390792ms] GC(56) Using 10 workers of 10 for evacuation
[2023-12-20T08:14:00.373-0800][53390818ms] GC(56)   Pre Evacuate Collection Set: 0.1ms
[2023-12-20T08:14:00.373-0800][53390818ms] GC(56)   Evacuate Collection Set: 22.4ms
[2023-12-20T08:14:00.373-0800][53390818ms] GC(56)   Post Evacuate Collection Set: 2.9ms
[2023-12-20T08:14:00.373-0800][53390818ms] GC(56)   Other: 0.4ms
[2023-12-20T08:14:00.373-0800][53390818ms] GC(56) Eden regions: 466->0(464)
[2023-12-20T08:14:00.373-0800][53390818ms] GC(56) Survivor regions: 28->30(62)
[2023-12-20T08:14:00.373-0800][53390818ms] GC(56) Old regions: 138->138
[2023-12-20T08:14:00.373-0800][53390818ms] GC(56) Humongous regions: 5->5
[2023-12-20T08:14:00.373-0800][53390818ms] GC(56) Metaspace: 250525K->250525K(1288192K)
[2023-12-20T08:14:00.373-0800][53390818ms] GC(56) Pause Young (Normal) (G1 Evacuation Pause) 1271M->344M(1648M) 25.918ms
[2023-12-20T08:14:00.373-0800][53390818ms] GC(56) User=0.20s Sys=0.00s Real=0.03s
[2023-12-20T08:14:01.258-0800][53391703ms] GC(57) Pause Young (Normal) (G1 Evacuation Pause)
[2023-12-20T08:14:01.258-0800][53391703ms] GC(57) Using 10 workers of 10 for evacuation
[2023-12-20T08:14:01.293-0800][53391738ms] GC(57)   Pre Evacuate Collection Set: 0.1ms
[2023-12-20T08:14:01.293-0800][53391738ms] GC(57)   Evacuate Collection Set: 24.4ms
[2023-12-20T08:14:01.293-0800][53391738ms] GC(57)   Post Evacuate Collection Set: 9.3ms
[2023-12-20T08:14:01.293-0800][53391738ms] GC(57)   Other: 0.5ms
[2023-12-20T08:14:01.293-0800][53391738ms] GC(57) Eden regions: 464->0(540)
[2023-12-20T08:14:01.293-0800][53391738ms] GC(57) Survivor regions: 30->31(62)
[2023-12-20T08:14:01.293-0800][53391738ms] GC(57) Old regions: 138->138
[2023-12-20T08:14:01.293-0800][53391738ms] GC(57) Humongous regions: 5->5
[2023-12-20T08:14:01.293-0800][53391738ms] GC(57) Metaspace: 250613K->250613K(1288192K)
[2023-12-20T08:14:01.293-0800][53391738ms] GC(57) Pause Young (Normal) (G1 Evacuation Pause) 1272M->347M(1904M) 34.393ms
[2023-12-20T08:14:01.293-0800][53391738ms] GC(57) User=0.17s Sys=0.02s Real=0.04s
[2023-12-20T08:14:02.346-0800][53392791ms] GC(58) Pause Young (Normal) (G1 Evacuation Pause)
[2023-12-20T08:14:02.346-0800][53392791ms] GC(58) Using 10 workers of 10 for evacuation
[2023-12-20T08:14:02.374-0800][53392819ms] GC(58)   Pre Evacuate Collection Set: 0.0ms
[2023-12-20T08:14:02.374-0800][53392819ms] GC(58)   Evacuate Collection Set: 25.4ms
[2023-12-20T08:14:02.374-0800][53392819ms] GC(58)   Post Evacuate Collection Set: 2.4ms
[2023-12-20T08:14:02.374-0800][53392819ms] GC(58)   Other: 0.4ms
[2023-12-20T08:14:02.374-0800][53392819ms] GC(58) Eden regions: 540->0(537)
[2023-12-20T08:14:02.374-0800][53392819ms] GC(58) Survivor regions: 31->34(72)
[2023-12-20T08:14:02.374-0800][53392819ms] GC(58) Old regions: 138->138
[2023-12-20T08:14:02.374-0800][53392819ms] GC(58) Humongous regions: 5->5
[2023-12-20T08:14:02.374-0800][53392819ms] GC(58) Metaspace: 250820K->250820K(1288192K)
[2023-12-20T08:14:02.374-0800][53392819ms] GC(58) Pause Young (Normal) (G1 Evacuation Pause) 1427M->353M(1904M) 28.421ms
[2023-12-20T08:14:02.374-0800][53392819ms] GC(58) User=0.11s Sys=0.00s Real=0.03s
[2023-12-20T08:14:03.243-0800][53393688ms] GC(59) Pause Young (Normal) (G1 Evacuation Pause)
[2023-12-20T08:14:03.244-0800][53393689ms] GC(59) Using 10 workers of 10 for evacuation
[2023-12-20T08:14:03.274-0800][53393719ms] GC(59)   Pre Evacuate Collection Set: 0.1ms
[2023-12-20T08:14:03.274-0800][53393719ms] GC(59)   Evacuate Collection Set: 27.2ms
[2023-12-20T08:14:03.274-0800][53393719ms] GC(59)   Post Evacuate Collection Set: 2.5ms
[2023-12-20T08:14:03.274-0800][53393719ms] GC(59)   Other: 0.4ms
[2023-12-20T08:14:03.274-0800][53393719ms] GC(59) Eden regions: 537->0(534)
[2023-12-20T08:14:03.274-0800][53393719ms] GC(59) Survivor regions: 34->37(72)
[2023-12-20T08:14:03.274-0800][53393719ms] GC(59) Old regions: 138->138
[2023-12-20T08:14:03.274-0800][53393719ms] GC(59) Humongous regions: 5->5
[2023-12-20T08:14:03.274-0800][53393719ms] GC(59) Metaspace: 251090K->251090K(1288192K)
[2023-12-20T08:14:03.274-0800][53393719ms] GC(59) Pause Young (Normal) (G1 Evacuation Pause) 1427M->358M(1904M) 30.349ms
[2023-12-20T08:14:03.274-0800][53393719ms] GC(59) User=0.06s Sys=0.00s Real=0.03s
[2023-12-20T08:14:04.313-0800][53394758ms] GC(60) Pause Young (Normal) (G1 Evacuation Pause)
[2023-12-20T08:14:04.313-0800][53394758ms] GC(60) Using 10 workers of 10 for evacuation
[2023-12-20T08:14:04.346-0800][53394791ms] GC(60)   Pre Evacuate Collection Set: 0.0ms
[2023-12-20T08:14:04.346-0800][53394791ms] GC(60)   Evacuate Collection Set: 30.1ms
[2023-12-20T08:14:04.346-0800][53394791ms] GC(60)   Post Evacuate Collection Set: 2.6ms
[2023-12-20T08:14:04.346-0800][53394791ms] GC(60)   Other: 0.4ms
[2023-12-20T08:14:04.346-0800][53394791ms] GC(60) Eden regions: 534->0(533)
[2023-12-20T08:14:04.346-0800][53394791ms] GC(60) Survivor regions: 37->38(72)
[2023-12-20T08:14:04.346-0800][53394791ms] GC(60) Old regions: 138->139
[2023-12-20T08:14:04.346-0800][53394792ms] GC(60) Humongous regions: 5->5
[2023-12-20T08:14:04.347-0800][53394792ms] GC(60) Metaspace: 251251K->251251K(1288192K)
[2023-12-20T08:14:04.347-0800][53394792ms] GC(60) Pause Young (Normal) (G1 Evacuation Pause) 1426M->361M(1904M) 33.321ms
[2023-12-20T08:14:04.347-0800][53394792ms] GC(60) User=0.19s Sys=0.00s Real=0.03s
[2023-12-20T08:14:05.555-0800][53396000ms] GC(61) Pause Young (Normal) (G1 Evacuation Pause)
[2023-12-20T08:14:05.555-0800][53396000ms] GC(61) Using 10 workers of 10 for evacuation
[2023-12-20T08:14:05.584-0800][53396029ms] GC(61)   Pre Evacuate Collection Set: 0.0ms
[2023-12-20T08:14:05.584-0800][53396029ms] GC(61)   Evacuate Collection Set: 26.7ms
[2023-12-20T08:14:05.584-0800][53396029ms] GC(61)   Post Evacuate Collection Set: 2.5ms
[2023-12-20T08:14:05.584-0800][53396029ms] GC(61)   Other: 0.4ms
[2023-12-20T08:14:05.584-0800][53396029ms] GC(61) Eden regions: 533->0(533)
[2023-12-20T08:14:05.584-0800][53396029ms] GC(61) Survivor regions: 38->38(72)
[2023-12-20T08:14:05.584-0800][53396029ms] GC(61) Old regions: 139->139
[2023-12-20T08:14:05.584-0800][53396029ms] GC(61) Humongous regions: 5->5
[2023-12-20T08:14:05.584-0800][53396029ms] GC(61) Metaspace: 251458K->251458K(1290240K)
[2023-12-20T08:14:05.584-0800][53396029ms] GC(61) Pause Young (Normal) (G1 Evacuation Pause) 1427M->362M(1904M) 29.731ms
[2023-12-20T08:14:05.584-0800][53396029ms] GC(61) User=0.08s Sys=0.00s Real=0.03s
[2023-12-20T08:14:06.818-0800][53397263ms] GC(62) Pause Young (Normal) (G1 Evacuation Pause)
[2023-12-20T08:14:06.818-0800][53397263ms] GC(62) Using 10 workers of 10 for evacuation
[2023-12-20T08:14:06.850-0800][53397295ms] GC(62)   Pre Evacuate Collection Set: 0.1ms
[2023-12-20T08:14:06.850-0800][53397295ms] GC(62)   Evacuate Collection Set: 28.9ms
[2023-12-20T08:14:06.850-0800][53397295ms] GC(62)   Post Evacuate Collection Set: 2.5ms
[2023-12-20T08:14:06.850-0800][53397295ms] GC(62)   Other: 0.5ms
[2023-12-20T08:14:06.850-0800][53397295ms] GC(62) Eden regions: 533->0(532)
[2023-12-20T08:14:06.850-0800][53397295ms] GC(62) Survivor regions: 38->39(72)
[2023-12-20T08:14:06.850-0800][53397295ms] GC(62) Old regions: 139->139
[2023-12-20T08:14:06.850-0800][53397295ms] GC(62) Humongous regions: 5->5
[2023-12-20T08:14:06.850-0800][53397295ms] GC(62) Metaspace: 251709K->251709K(1290240K)
[2023-12-20T08:14:06.850-0800][53397295ms] GC(62) Pause Young (Normal) (G1 Evacuation Pause) 1428M->363M(1904M) 32.096ms
[2023-12-20T08:14:06.851-0800][53397296ms] GC(62) User=0.38s Sys=0.00s Real=0.03s
[2023-12-20T08:14:08.079-0800][53398524ms] GC(63) Pause Young (Normal) (G1 Evacuation Pause)
[2023-12-20T08:14:08.080-0800][53398525ms] GC(63) Using 10 workers of 10 for evacuation
[2023-12-20T08:14:08.110-0800][53398555ms] GC(63)   Pre Evacuate Collection Set: 0.1ms
[2023-12-20T08:14:08.110-0800][53398555ms] GC(63)   Evacuate Collection Set: 27.8ms
[2023-12-20T08:14:08.110-0800][53398555ms] GC(63)   Post Evacuate Collection Set: 2.5ms
[2023-12-20T08:14:08.110-0800][53398555ms] GC(63)   Other: 0.4ms
[2023-12-20T08:14:08.110-0800][53398555ms] GC(63) Eden regions: 532->0(532)
[2023-12-20T08:14:08.110-0800][53398555ms] GC(63) Survivor regions: 39->39(72)
[2023-12-20T08:14:08.110-0800][53398555ms] GC(63) Old regions: 139->140
[2023-12-20T08:14:08.110-0800][53398555ms] GC(63) Humongous regions: 5->5
[2023-12-20T08:14:08.110-0800][53398555ms] GC(63) Metaspace: 251787K->251787K(1290240K)
[2023-12-20T08:14:08.110-0800][53398555ms] GC(63) Pause Young (Normal) (G1 Evacuation Pause) 1427M->366M(1904M) 30.901ms
[2023-12-20T08:14:08.110-0800][53398555ms] GC(63) User=0.08s Sys=0.00s Real=0.03s
[2023-12-20T08:14:09.089-0800][53399534ms] GC(64) Pause Young (Normal) (G1 Evacuation Pause)
[2023-12-20T08:14:09.089-0800][53399534ms] GC(64) Using 10 workers of 10 for evacuation
[2023-12-20T08:14:09.119-0800][53399564ms] GC(64)   Pre Evacuate Collection Set: 0.1ms
[2023-12-20T08:14:09.119-0800][53399564ms] GC(64)   Evacuate Collection Set: 26.8ms
[2023-12-20T08:14:09.119-0800][53399564ms] GC(64)   Post Evacuate Collection Set: 2.4ms
[2023-12-20T08:14:09.119-0800][53399564ms] GC(64)   Other: 0.4ms
[2023-12-20T08:14:09.119-0800][53399564ms] GC(64) Eden regions: 532->0(532)
[2023-12-20T08:14:09.119-0800][53399564ms] GC(64) Survivor regions: 39->39(72)
[2023-12-20T08:14:09.119-0800][53399564ms] GC(64) Old regions: 140->140
[2023-12-20T08:14:09.119-0800][53399564ms] GC(64) Humongous regions: 5->5
[2023-12-20T08:14:09.119-0800][53399564ms] GC(64) Metaspace: 252428K->252428K(1290240K)
[2023-12-20T08:14:09.119-0800][53399564ms] GC(64) Pause Young (Normal) (G1 Evacuation Pause) 1430M->366M(1904M) 29.883ms
[2023-12-20T08:14:09.119-0800][53399564ms] GC(64) User=0.13s Sys=0.00s Real=0.03s
[2023-12-20T08:14:10.081-0800][53400526ms] GC(65) Pause Young (Normal) (G1 Evacuation Pause)
[2023-12-20T08:14:10.081-0800][53400526ms] GC(65) Using 10 workers of 10 for evacuation
[2023-12-20T08:14:10.114-0800][53400559ms] GC(65)   Pre Evacuate Collection Set: 0.0ms
[2023-12-20T08:14:10.114-0800][53400559ms] GC(65)   Evacuate Collection Set: 29.1ms
[2023-12-20T08:14:10.114-0800][53400559ms] GC(65)   Post Evacuate Collection Set: 3.2ms
[2023-12-20T08:14:10.114-0800][53400559ms] GC(65)   Other: 0.5ms
[2023-12-20T08:14:10.114-0800][53400559ms] GC(65) Eden regions: 532->0(535)
[2023-12-20T08:14:10.114-0800][53400559ms] GC(65) Survivor regions: 39->36(72)
[2023-12-20T08:14:10.114-0800][53400559ms] GC(65) Old regions: 140->142
[2023-12-20T08:14:10.114-0800][53400559ms] GC(65) Humongous regions: 5->5
[2023-12-20T08:14:10.114-0800][53400559ms] GC(65) Metaspace: 252752K->252752K(1290240K)
[2023-12-20T08:14:10.114-0800][53400559ms] GC(65) Pause Young (Normal) (G1 Evacuation Pause) 1430M->364M(1904M) 33.023ms
[2023-12-20T08:14:10.114-0800][53400559ms] GC(65) User=0.17s Sys=0.00s Real=0.03s
[2023-12-20T08:14:10.702-0800][53401147ms] GC(66) Pause Young (Normal) (G1 Evacuation Pause)
[2023-12-20T08:14:10.702-0800][53401147ms] GC(66) Using 10 workers of 10 for evacuation
[2023-12-20T08:14:10.730-0800][53401175ms] GC(66)   Pre Evacuate Collection Set: 0.1ms
[2023-12-20T08:14:10.731-0800][53401176ms] GC(66)   Evacuate Collection Set: 25.2ms
[2023-12-20T08:14:10.731-0800][53401176ms] GC(66)   Post Evacuate Collection Set: 2.5ms
[2023-12-20T08:14:10.731-0800][53401176ms] GC(66)   Other: 0.4ms
[2023-12-20T08:14:10.731-0800][53401176ms] GC(66) Eden regions: 535->0(535)
[2023-12-20T08:14:10.731-0800][53401176ms] GC(66) Survivor regions: 36->36(72)
[2023-12-20T08:14:10.731-0800][53401176ms] GC(66) Old regions: 142->142
[2023-12-20T08:14:10.731-0800][53401176ms] GC(66) Humongous regions: 5->5
[2023-12-20T08:14:10.731-0800][53401176ms] GC(66) Metaspace: 252752K->252752K(1290240K)
[2023-12-20T08:14:10.731-0800][53401176ms] GC(66) Pause Young (Normal) (G1 Evacuation Pause) 1434M->363M(1904M) 28.243ms
[2023-12-20T08:14:10.731-0800][53401176ms] GC(66) User=0.06s Sys=0.00s Real=0.03s
[2023-12-20T08:14:11.293-0800][53401738ms] GC(67) Pause Young (Normal) (G1 Evacuation Pause)
[2023-12-20T08:14:11.293-0800][53401738ms] GC(67) Using 10 workers of 10 for evacuation
[2023-12-20T08:14:11.321-0800][53401766ms] GC(67)   Pre Evacuate Collection Set: 0.0ms
[2023-12-20T08:14:11.321-0800][53401766ms] GC(67)   Evacuate Collection Set: 25.1ms
[2023-12-20T08:14:11.321-0800][53401766ms] GC(67)   Post Evacuate Collection Set: 2.8ms
[2023-12-20T08:14:11.321-0800][53401766ms] GC(67)   Other: 0.4ms
[2023-12-20T08:14:11.321-0800][53401766ms] GC(67) Eden regions: 535->0(536)
[2023-12-20T08:14:11.321-0800][53401766ms] GC(67) Survivor regions: 36->35(72)
[2023-12-20T08:14:11.321-0800][53401766ms] GC(67) Old regions: 142->142
[2023-12-20T08:14:11.321-0800][53401766ms] GC(67) Humongous regions: 5->5
[2023-12-20T08:14:11.321-0800][53401766ms] GC(67) Metaspace: 252764K->252764K(1290240K)
[2023-12-20T08:14:11.321-0800][53401766ms] GC(67) Pause Young (Normal) (G1 Evacuation Pause) 1433M->362M(1904M) 28.445ms
[2023-12-20T08:14:11.321-0800][53401766ms] GC(67) User=0.11s Sys=0.00s Real=0.03s
[2023-12-20T08:14:11.882-0800][53402327ms] GC(68) Pause Young (Normal) (G1 Evacuation Pause)
[2023-12-20T08:14:11.882-0800][53402327ms] GC(68) Using 10 workers of 10 for evacuation
[2023-12-20T08:14:11.911-0800][53402356ms] GC(68)   Pre Evacuate Collection Set: 0.0ms
[2023-12-20T08:14:11.911-0800][53402356ms] GC(68)   Evacuate Collection Set: 25.8ms
[2023-12-20T08:14:11.911-0800][53402356ms] GC(68)   Post Evacuate Collection Set: 2.6ms
[2023-12-20T08:14:11.911-0800][53402356ms] GC(68)   Other: 0.4ms
[2023-12-20T08:14:11.911-0800][53402356ms] GC(68) Eden regions: 536->0(537)
[2023-12-20T08:14:11.911-0800][53402356ms] GC(68) Survivor regions: 35->34(72)
[2023-12-20T08:14:11.911-0800][53402356ms] GC(68) Old regions: 142->142
[2023-12-20T08:14:11.911-0800][53402356ms] GC(68) Humongous regions: 5->5
[2023-12-20T08:14:11.911-0800][53402356ms] GC(68) Metaspace: 252764K->252764K(1290240K)
[2023-12-20T08:14:11.911-0800][53402356ms] GC(68) Pause Young (Normal) (G1 Evacuation Pause) 1434M->359M(1904M) 28.928ms
[2023-12-20T08:14:11.911-0800][53402356ms] GC(68) User=0.11s Sys=0.00s Real=0.03s
[2023-12-20T08:14:12.431-0800][53402876ms] GC(69) Pause Young (Normal) (G1 Evacuation Pause)
[2023-12-20T08:14:12.431-0800][53402876ms] GC(69) Using 10 workers of 10 for evacuation
[2023-12-20T08:14:12.457-0800][53402902ms] GC(69)   Pre Evacuate Collection Set: 0.0ms
[2023-12-20T08:14:12.457-0800][53402902ms] GC(69)   Evacuate Collection Set: 23.9ms
[2023-12-20T08:14:12.457-0800][53402902ms] GC(69)   Post Evacuate Collection Set: 2.3ms
[2023-12-20T08:14:12.457-0800][53402902ms] GC(69)   Other: 0.3ms
[2023-12-20T08:14:12.457-0800][53402902ms] GC(69) Eden regions: 537->0(537)
[2023-12-20T08:14:12.457-0800][53402902ms] GC(69) Survivor regions: 34->34(72)
[2023-12-20T08:14:12.457-0800][53402902ms] GC(69) Old regions: 142->142
[2023-12-20T08:14:12.457-0800][53402902ms] GC(69) Humongous regions: 5->5
[2023-12-20T08:14:12.457-0800][53402902ms] GC(69) Metaspace: 252764K->252764K(1290240K)
[2023-12-20T08:14:12.457-0800][53402902ms] GC(69) Pause Young (Normal) (G1 Evacuation Pause) 1433M->360M(1904M) 26.616ms
[2023-12-20T08:14:12.457-0800][53402902ms] GC(69) User=0.08s Sys=0.00s Real=0.03s
[2023-12-20T08:14:12.973-0800][53403418ms] GC(70) Pause Young (Normal) (G1 Evacuation Pause)
[2023-12-20T08:14:12.973-0800][53403418ms] GC(70) Using 10 workers of 10 for evacuation
[2023-12-20T08:14:12.999-0800][53403444ms] GC(70)   Pre Evacuate Collection Set: 0.0ms
[2023-12-20T08:14:12.999-0800][53403444ms] GC(70)   Evacuate Collection Set: 23.5ms
[2023-12-20T08:14:12.999-0800][53403444ms] GC(70)   Post Evacuate Collection Set: 2.3ms
[2023-12-20T08:14:12.999-0800][53403444ms] GC(70)   Other: 0.4ms
[2023-12-20T08:14:12.999-0800][53403444ms] GC(70) Eden regions: 537->0(537)
[2023-12-20T08:14:12.999-0800][53403444ms] GC(70) Survivor regions: 34->34(72)
[2023-12-20T08:14:12.999-0800][53403444ms] GC(70) Old regions: 142->142
[2023-12-20T08:14:12.999-0800][53403444ms] GC(70) Humongous regions: 5->5
[2023-12-20T08:14:12.999-0800][53403444ms] GC(70) Metaspace: 252764K->252764K(1290240K)
[2023-12-20T08:14:12.999-0800][53403444ms] GC(70) Pause Young (Normal) (G1 Evacuation Pause) 1434M->360M(1904M) 26.249ms
[2023-12-20T08:14:12.999-0800][53403444ms] GC(70) User=0.09s Sys=0.00s Real=0.03s
[2023-12-20T08:14:13.529-0800][53403974ms] GC(71) Pause Young (Normal) (G1 Evacuation Pause)
[2023-12-20T08:14:13.529-0800][53403974ms] GC(71) Using 10 workers of 10 for evacuation
[2023-12-20T08:14:13.555-0800][53404000ms] GC(71)   Pre Evacuate Collection Set: 0.0ms
[2023-12-20T08:14:13.555-0800][53404000ms] GC(71)   Evacuate Collection Set: 23.3ms
[2023-12-20T08:14:13.555-0800][53404000ms] GC(71)   Post Evacuate Collection Set: 2.8ms
[2023-12-20T08:14:13.555-0800][53404000ms] GC(71)   Other: 0.3ms
[2023-12-20T08:14:13.555-0800][53404000ms] GC(71) Eden regions: 537->0(538)
[2023-12-20T08:14:13.555-0800][53404000ms] GC(71) Survivor regions: 34->33(72)
[2023-12-20T08:14:13.555-0800][53404000ms] GC(71) Old regions: 142->142
[2023-12-20T08:14:13.555-0800][53404000ms] GC(71) Humongous regions: 5->5
[2023-12-20T08:14:13.555-0800][53404000ms] GC(71) Metaspace: 252767K->252767K(1290240K)
[2023-12-20T08:14:13.555-0800][53404000ms] GC(71) Pause Young (Normal) (G1 Evacuation Pause) 1434M->359M(1904M) 26.550ms
[2023-12-20T08:14:13.555-0800][53404000ms] GC(71) User=0.05s Sys=0.00s Real=0.03s
[2023-12-20T08:14:14.097-0800][53404542ms] GC(72) Pause Young (Normal) (G1 Evacuation Pause)
[2023-12-20T08:14:14.097-0800][53404542ms] GC(72) Using 10 workers of 10 for evacuation
[2023-12-20T08:14:14.124-0800][53404569ms] GC(72)   Pre Evacuate Collection Set: 0.0ms
[2023-12-20T08:14:14.124-0800][53404569ms] GC(72)   Evacuate Collection Set: 24.0ms
[2023-12-20T08:14:14.124-0800][53404569ms] GC(72)   Post Evacuate Collection Set: 2.5ms
[2023-12-20T08:14:14.124-0800][53404569ms] GC(72)   Other: 0.4ms
[2023-12-20T08:14:14.124-0800][53404569ms] GC(72) Eden regions: 538->0(539)
[2023-12-20T08:14:14.124-0800][53404569ms] GC(72) Survivor regions: 33->32(72)
[2023-12-20T08:14:14.124-0800][53404569ms] GC(72) Old regions: 142->143
[2023-12-20T08:14:14.124-0800][53404569ms] GC(72) Humongous regions: 5->5
[2023-12-20T08:14:14.124-0800][53404569ms] GC(72) Metaspace: 252812K->252812K(1290240K)
[2023-12-20T08:14:14.124-0800][53404569ms] GC(72) Pause Young (Normal) (G1 Evacuation Pause) 1435M->358M(1904M) 27.066ms
[2023-12-20T08:14:14.124-0800][53404569ms] GC(72) User=0.14s Sys=0.00s Real=0.03s
[2023-12-20T08:14:14.724-0800][53405169ms] GC(73) Pause Young (Normal) (G1 Evacuation Pause)
[2023-12-20T08:14:14.724-0800][53405169ms] GC(73) Using 10 workers of 10 for evacuation
[2023-12-20T08:14:14.749-0800][53405194ms] GC(73)   Pre Evacuate Collection Set: 0.0ms
[2023-12-20T08:14:14.749-0800][53405194ms] GC(73)   Evacuate Collection Set: 22.9ms
[2023-12-20T08:14:14.749-0800][53405194ms] GC(73)   Post Evacuate Collection Set: 2.7ms
[2023-12-20T08:14:14.749-0800][53405194ms] GC(73)   Other: 0.3ms
[2023-12-20T08:14:14.749-0800][53405194ms] GC(73) Eden regions: 539->0(539)
[2023-12-20T08:14:14.749-0800][53405194ms] GC(73) Survivor regions: 32->32(72)
[2023-12-20T08:14:14.749-0800][53405194ms] GC(73) Old regions: 143->143
[2023-12-20T08:14:14.749-0800][53405194ms] GC(73) Humongous regions: 5->5
[2023-12-20T08:14:14.749-0800][53405194ms] GC(73) Metaspace: 252812K->252812K(1290240K)
[2023-12-20T08:14:14.749-0800][53405194ms] GC(73) Pause Young (Normal) (G1 Evacuation Pause) 1436M->358M(1904M) 26.058ms
[2023-12-20T08:14:14.749-0800][53405194ms] GC(73) User=0.16s Sys=0.00s Real=0.03s
[2023-12-20T08:14:15.333-0800][53405778ms] GC(74) Pause Young (Normal) (G1 Evacuation Pause)
[2023-12-20T08:14:15.333-0800][53405778ms] GC(74) Using 10 workers of 10 for evacuation
[2023-12-20T08:14:15.362-0800][53405807ms] GC(74)   Pre Evacuate Collection Set: 0.0ms
[2023-12-20T08:14:15.362-0800][53405807ms] GC(74)   Evacuate Collection Set: 26.4ms
[2023-12-20T08:14:15.362-0800][53405807ms] GC(74)   Post Evacuate Collection Set: 2.8ms
[2023-12-20T08:14:15.362-0800][53405807ms] GC(74)   Other: 0.3ms
[2023-12-20T08:14:15.362-0800][53405807ms] GC(74) Eden regions: 539->0(539)
[2023-12-20T08:14:15.362-0800][53405807ms] GC(74) Survivor regions: 32->32(72)
[2023-12-20T08:14:15.362-0800][53405807ms] GC(74) Old regions: 143->143
[2023-12-20T08:14:15.362-0800][53405807ms] GC(74) Humongous regions: 5->5
[2023-12-20T08:14:15.362-0800][53405807ms] GC(74) Metaspace: 252813K->252813K(1290240K)
[2023-12-20T08:14:15.362-0800][53405807ms] GC(74) Pause Young (Normal) (G1 Evacuation Pause) 1436M->358M(1904M) 29.660ms
[2023-12-20T08:14:15.362-0800][53405807ms] GC(74) User=0.16s Sys=0.00s Real=0.03s
[2023-12-20T08:14:15.879-0800][53406324ms] GC(75) Pause Young (Normal) (G1 Evacuation Pause)
[2023-12-20T08:14:15.879-0800][53406324ms] GC(75) Using 10 workers of 10 for evacuation
[2023-12-20T08:14:15.906-0800][53406351ms] GC(75)   Pre Evacuate Collection Set: 0.0ms
[2023-12-20T08:14:15.906-0800][53406351ms] GC(75)   Evacuate Collection Set: 23.5ms
[2023-12-20T08:14:15.906-0800][53406351ms] GC(75)   Post Evacuate Collection Set: 2.7ms
[2023-12-20T08:14:15.906-0800][53406351ms] GC(75)   Other: 0.3ms
[2023-12-20T08:14:15.906-0800][53406351ms] GC(75) Eden regions: 539->0(539)
[2023-12-20T08:14:15.906-0800][53406351ms] GC(75) Survivor regions: 32->32(72)
[2023-12-20T08:14:15.906-0800][53406351ms] GC(75) Old regions: 143->143
[2023-12-20T08:14:15.906-0800][53406351ms] GC(75) Humongous regions: 5->5
[2023-12-20T08:14:15.906-0800][53406351ms] GC(75) Metaspace: 252813K->252813K(1290240K)
[2023-12-20T08:14:15.906-0800][53406351ms] GC(75) Pause Young (Normal) (G1 Evacuation Pause) 1436M->358M(1904M) 26.715ms
[2023-12-20T08:14:15.906-0800][53406351ms] GC(75) User=0.14s Sys=0.02s Real=0.03s
[2023-12-20T08:14:16.452-0800][53406897ms] GC(76) Pause Young (Normal) (G1 Evacuation Pause)
[2023-12-20T08:14:16.452-0800][53406897ms] GC(76) Using 10 workers of 10 for evacuation
[2023-12-20T08:14:16.482-0800][53406927ms] GC(76)   Pre Evacuate Collection Set: 0.0ms
[2023-12-20T08:14:16.482-0800][53406927ms] GC(76)   Evacuate Collection Set: 23.1ms
[2023-12-20T08:14:16.482-0800][53406927ms] GC(76)   Post Evacuate Collection Set: 7.1ms
[2023-12-20T08:14:16.482-0800][53406927ms] GC(76)   Other: 0.4ms
[2023-12-20T08:14:16.482-0800][53406927ms] GC(76) Eden regions: 539->0(614)
[2023-12-20T08:14:16.482-0800][53406927ms] GC(76) Survivor regions: 32->31(72)
[2023-12-20T08:14:16.482-0800][53406927ms] GC(76) Old regions: 143->144
[2023-12-20T08:14:16.482-0800][53406927ms] GC(76) Humongous regions: 5->5
[2023-12-20T08:14:16.482-0800][53406927ms] GC(76) Metaspace: 252813K->252813K(1290240K)
[2023-12-20T08:14:16.482-0800][53406927ms] GC(76) Pause Young (Normal) (G1 Evacuation Pause) 1436M->358M(2150M) 30.692ms
[2023-12-20T08:14:16.482-0800][53406927ms] GC(76) User=0.11s Sys=0.00s Real=0.03s
[2023-12-20T08:14:17.121-0800][53407566ms] GC(77) Pause Young (Normal) (G1 Evacuation Pause)
[2023-12-20T08:14:17.121-0800][53407566ms] GC(77) Using 10 workers of 10 for evacuation
[2023-12-20T08:14:17.147-0800][53407592ms] GC(77)   Pre Evacuate Collection Set: 0.0ms
[2023-12-20T08:14:17.147-0800][53407592ms] GC(77)   Evacuate Collection Set: 23.8ms
[2023-12-20T08:14:17.147-0800][53407592ms] GC(77)   Post Evacuate Collection Set: 2.4ms
[2023-12-20T08:14:17.147-0800][53407592ms] GC(77)   Other: 0.3ms
[2023-12-20T08:14:17.147-0800][53407592ms] GC(77) Eden regions: 614->0(615)
[2023-12-20T08:14:17.147-0800][53407592ms] GC(77) Survivor regions: 31->30(81)
[2023-12-20T08:14:17.147-0800][53407592ms] GC(77) Old regions: 144->144
[2023-12-20T08:14:17.147-0800][53407592ms] GC(77) Humongous regions: 5->5
[2023-12-20T08:14:17.147-0800][53407592ms] GC(77) Metaspace: 252813K->252813K(1290240K)
[2023-12-20T08:14:17.147-0800][53407592ms] GC(77) Pause Young (Normal) (G1 Evacuation Pause) 1586M->356M(2150M) 26.732ms
[2023-12-20T08:14:17.147-0800][53407592ms] GC(77) User=0.06s Sys=0.00s Real=0.03s
[2023-12-20T08:14:17.741-0800][53408186ms] GC(78) Pause Young (Normal) (G1 Evacuation Pause)
[2023-12-20T08:14:17.741-0800][53408186ms] GC(78) Using 10 workers of 10 for evacuation
[2023-12-20T08:14:17.768-0800][53408213ms] GC(78)   Pre Evacuate Collection Set: 0.0ms
[2023-12-20T08:14:17.768-0800][53408213ms] GC(78)   Evacuate Collection Set: 24.6ms
[2023-12-20T08:14:17.768-0800][53408213ms] GC(78)   Post Evacuate Collection Set: 2.4ms
[2023-12-20T08:14:17.768-0800][53408213ms] GC(78)   Other: 0.3ms
[2023-12-20T08:14:17.768-0800][53408213ms] GC(78) Eden regions: 615->0(614)
[2023-12-20T08:14:17.768-0800][53408213ms] GC(78) Survivor regions: 30->31(81)
[2023-12-20T08:14:17.768-0800][53408213ms] GC(78) Old regions: 144->144
[2023-12-20T08:14:17.768-0800][53408213ms] GC(78) Humongous regions: 5->5
[2023-12-20T08:14:17.768-0800][53408213ms] GC(78) Metaspace: 252813K->252813K(1290240K)
[2023-12-20T08:14:17.768-0800][53408213ms] GC(78) Pause Young (Normal) (G1 Evacuation Pause) 1586M->358M(2150M) 27.525ms
[2023-12-20T08:14:17.768-0800][53408213ms] GC(78) User=0.20s Sys=0.00s Real=0.03s
[2023-12-20T08:14:18.435-0800][53408880ms] GC(79) Pause Young (Normal) (G1 Evacuation Pause)
[2023-12-20T08:14:18.435-0800][53408880ms] GC(79) Using 10 workers of 10 for evacuation
[2023-12-20T08:14:18.461-0800][53408906ms] GC(79)   Pre Evacuate Collection Set: 0.0ms
[2023-12-20T08:14:18.461-0800][53408906ms] GC(79)   Evacuate Collection Set: 24.3ms
[2023-12-20T08:14:18.461-0800][53408906ms] GC(79)   Post Evacuate Collection Set: 2.2ms
[2023-12-20T08:14:18.461-0800][53408906ms] GC(79)   Other: 0.3ms
[2023-12-20T08:14:18.461-0800][53408906ms] GC(79) Eden regions: 614->0(615)
[2023-12-20T08:14:18.461-0800][53408906ms] GC(79) Survivor regions: 31->30(81)
[2023-12-20T08:14:18.461-0800][53408906ms] GC(79) Old regions: 144->145
[2023-12-20T08:14:18.461-0800][53408906ms] GC(79) Humongous regions: 5->5
[2023-12-20T08:14:18.461-0800][53408906ms] GC(79) Metaspace: 252813K->252813K(1290240K)
[2023-12-20T08:14:18.461-0800][53408906ms] GC(79) Pause Young (Normal) (G1 Evacuation Pause) 1586M->358M(2150M) 27.020ms
[2023-12-20T08:14:18.461-0800][53408906ms] GC(79) User=0.09s Sys=0.00s Real=0.03s
[2023-12-20T08:14:19.039-0800][53409484ms] GC(80) Pause Young (Normal) (G1 Evacuation Pause)
[2023-12-20T08:14:19.039-0800][53409484ms] GC(80) Using 10 workers of 10 for evacuation
[2023-12-20T08:14:19.070-0800][53409515ms] GC(80)   Pre Evacuate Collection Set: 0.0ms
[2023-12-20T08:14:19.071-0800][53409516ms] GC(80)   Evacuate Collection Set: 23.5ms
[2023-12-20T08:14:19.071-0800][53409516ms] GC(80)   Post Evacuate Collection Set: 7.1ms
[2023-12-20T08:14:19.071-0800][53409516ms] GC(80)   Other: 0.4ms
[2023-12-20T08:14:19.071-0800][53409516ms] GC(80) Eden regions: 615->0(685)
[2023-12-20T08:14:19.071-0800][53409516ms] GC(80) Survivor regions: 30->30(81)
[2023-12-20T08:14:19.071-0800][53409516ms] GC(80) Old regions: 145->146
[2023-12-20T08:14:19.071-0800][53409516ms] GC(80) Humongous regions: 5->5
[2023-12-20T08:14:19.071-0800][53409516ms] GC(80) Metaspace: 252813K->252813K(1290240K)
[2023-12-20T08:14:19.071-0800][53409516ms] GC(80) Pause Young (Normal) (G1 Evacuation Pause) 1588M->360M(2386M) 31.135ms
[2023-12-20T08:14:19.071-0800][53409516ms] GC(80) User=0.14s Sys=0.00s Real=0.03s
[2023-12-20T08:14:19.850-0800][53410295ms] GC(81) Pause Young (Normal) (G1 Evacuation Pause)
[2023-12-20T08:14:19.850-0800][53410295ms] GC(81) Using 10 workers of 10 for evacuation
[2023-12-20T08:14:19.876-0800][53410321ms] GC(81)   Pre Evacuate Collection Set: 0.0ms
[2023-12-20T08:14:19.876-0800][53410321ms] GC(81)   Evacuate Collection Set: 23.7ms
[2023-12-20T08:14:19.876-0800][53410321ms] GC(81)   Post Evacuate Collection Set: 2.2ms
[2023-12-20T08:14:19.876-0800][53410321ms] GC(81)   Other: 0.3ms
[2023-12-20T08:14:19.876-0800][53410321ms] GC(81) Eden regions: 685->0(685)
[2023-12-20T08:14:19.876-0800][53410321ms] GC(81) Survivor regions: 30->30(90)
[2023-12-20T08:14:19.876-0800][53410321ms] GC(81) Old regions: 146->146
[2023-12-20T08:14:19.876-0800][53410321ms] GC(81) Humongous regions: 5->5
[2023-12-20T08:14:19.876-0800][53410321ms] GC(81) Metaspace: 252813K->252813K(1290240K)
[2023-12-20T08:14:19.876-0800][53410321ms] GC(81) Pause Young (Normal) (G1 Evacuation Pause) 1730M->360M(2386M) 26.462ms
[2023-12-20T08:14:19.876-0800][53410321ms] GC(81) User=0.11s Sys=0.00s Real=0.03s
[2023-12-20T08:14:20.551-0800][53410996ms] GC(82) Pause Young (Normal) (G1 Evacuation Pause)
[2023-12-20T08:14:20.551-0800][53410996ms] GC(82) Using 10 workers of 10 for evacuation
[2023-12-20T08:14:20.577-0800][53411022ms] GC(82)   Pre Evacuate Collection Set: 0.0ms
[2023-12-20T08:14:20.577-0800][53411022ms] GC(82)   Evacuate Collection Set: 22.9ms
[2023-12-20T08:14:20.577-0800][53411022ms] GC(82)   Post Evacuate Collection Set: 2.3ms
[2023-12-20T08:14:20.577-0800][53411022ms] GC(82)   Other: 0.4ms
[2023-12-20T08:14:20.578-0800][53411023ms] GC(82) Eden regions: 685->0(685)
[2023-12-20T08:14:20.578-0800][53411023ms] GC(82) Survivor regions: 30->30(90)
[2023-12-20T08:14:20.578-0800][53411023ms] GC(82) Old regions: 146->146
[2023-12-20T08:14:20.578-0800][53411023ms] GC(82) Humongous regions: 5->5
[2023-12-20T08:14:20.578-0800][53411023ms] GC(82) Metaspace: 252813K->252813K(1290240K)
[2023-12-20T08:14:20.578-0800][53411023ms] GC(82) Pause Young (Normal) (G1 Evacuation Pause) 1730M->359M(2386M) 25.793ms
[2023-12-20T08:14:20.578-0800][53411023ms] GC(82) User=0.13s Sys=0.00s Real=0.03s
[2023-12-20T08:14:21.263-0800][53411708ms] GC(83) Pause Young (Normal) (G1 Evacuation Pause)
[2023-12-20T08:14:21.263-0800][53411709ms] GC(83) Using 10 workers of 10 for evacuation
[2023-12-20T08:14:21.290-0800][53411735ms] GC(83)   Pre Evacuate Collection Set: 0.0ms
[2023-12-20T08:14:21.290-0800][53411735ms] GC(83)   Evacuate Collection Set: 23.6ms
[2023-12-20T08:14:21.290-0800][53411735ms] GC(83)   Post Evacuate Collection Set: 2.4ms
[2023-12-20T08:14:21.290-0800][53411735ms] GC(83)   Other: 0.4ms
[2023-12-20T08:14:21.290-0800][53411735ms] GC(83) Eden regions: 685->0(685)
[2023-12-20T08:14:21.290-0800][53411735ms] GC(83) Survivor regions: 30->30(90)
[2023-12-20T08:14:21.290-0800][53411735ms] GC(83) Old regions: 146->146
[2023-12-20T08:14:21.290-0800][53411735ms] GC(83) Humongous regions: 5->5
[2023-12-20T08:14:21.290-0800][53411735ms] GC(83) Metaspace: 252814K->252814K(1290240K)
[2023-12-20T08:14:21.290-0800][53411735ms] GC(83) Pause Young (Normal) (G1 Evacuation Pause) 1729M->360M(2386M) 26.624ms
[2023-12-20T08:14:21.290-0800][53411735ms] GC(83) User=0.11s Sys=0.00s Real=0.03s
[2023-12-20T08:14:21.998-0800][53412443ms] GC(84) Pause Young (Normal) (G1 Evacuation Pause)
[2023-12-20T08:14:21.998-0800][53412443ms] GC(84) Using 10 workers of 10 for evacuation
[2023-12-20T08:14:22.024-0800][53412469ms] GC(84)   Pre Evacuate Collection Set: 0.0ms
[2023-12-20T08:14:22.024-0800][53412469ms] GC(84)   Evacuate Collection Set: 23.6ms
[2023-12-20T08:14:22.024-0800][53412469ms] GC(84)   Post Evacuate Collection Set: 2.3ms
[2023-12-20T08:14:22.024-0800][53412469ms] GC(84)   Other: 0.3ms
[2023-12-20T08:14:22.024-0800][53412469ms] GC(84) Eden regions: 685->0(685)
[2023-12-20T08:14:22.024-0800][53412469ms] GC(84) Survivor regions: 30->30(90)
[2023-12-20T08:14:22.024-0800][53412469ms] GC(84) Old regions: 146->146
[2023-12-20T08:14:22.024-0800][53412469ms] GC(84) Humongous regions: 5->5
[2023-12-20T08:14:22.024-0800][53412469ms] GC(84) Metaspace: 252814K->252814K(1290240K)
[2023-12-20T08:14:22.024-0800][53412469ms] GC(84) Pause Young (Normal) (G1 Evacuation Pause) 1730M->360M(2386M) 26.319ms
[2023-12-20T08:14:22.024-0800][53412469ms] GC(84) User=0.05s Sys=0.00s Real=0.03s
[2023-12-20T08:14:22.702-0800][53413147ms] GC(85) Pause Young (Normal) (G1 Evacuation Pause)
[2023-12-20T08:14:22.702-0800][53413147ms] GC(85) Using 10 workers of 10 for evacuation
[2023-12-20T08:14:22.729-0800][53413174ms] GC(85)   Pre Evacuate Collection Set: 0.0ms
[2023-12-20T08:14:22.729-0800][53413174ms] GC(85)   Evacuate Collection Set: 23.6ms
[2023-12-20T08:14:22.729-0800][53413174ms] GC(85)   Post Evacuate Collection Set: 2.3ms
[2023-12-20T08:14:22.729-0800][53413174ms] GC(85)   Other: 0.3ms
[2023-12-20T08:14:22.729-0800][53413174ms] GC(85) Eden regions: 685->0(685)
[2023-12-20T08:14:22.729-0800][53413174ms] GC(85) Survivor regions: 30->30(90)
[2023-12-20T08:14:22.729-0800][53413174ms] GC(85) Old regions: 146->146
[2023-12-20T08:14:22.729-0800][53413174ms] GC(85) Humongous regions: 5->5
[2023-12-20T08:14:22.729-0800][53413174ms] GC(85) Metaspace: 252814K->252814K(1290240K)
[2023-12-20T08:14:22.729-0800][53413174ms] GC(85) Pause Young (Normal) (G1 Evacuation Pause) 1730M->360M(2386M) 26.487ms
[2023-12-20T08:14:22.729-0800][53413174ms] GC(85) User=0.09s Sys=0.00s Real=0.03s
[2023-12-20T08:14:23.449-0800][53413894ms] GC(86) Pause Young (Normal) (G1 Evacuation Pause)
[2023-12-20T08:14:23.449-0800][53413894ms] GC(86) Using 10 workers of 10 for evacuation
[2023-12-20T08:14:23.477-0800][53413922ms] GC(86)   Pre Evacuate Collection Set: 0.0ms
[2023-12-20T08:14:23.477-0800][53413922ms] GC(86)   Evacuate Collection Set: 25.9ms
[2023-12-20T08:14:23.477-0800][53413922ms] GC(86)   Post Evacuate Collection Set: 2.2ms
[2023-12-20T08:14:23.477-0800][53413922ms] GC(86)   Other: 0.3ms
[2023-12-20T08:14:23.477-0800][53413922ms] GC(86) Eden regions: 685->0(685)
[2023-12-20T08:14:23.477-0800][53413922ms] GC(86) Survivor regions: 30->30(90)
[2023-12-20T08:14:23.477-0800][53413922ms] GC(86) Old regions: 146->146
[2023-12-20T08:14:23.477-0800][53413922ms] GC(86) Humongous regions: 5->5
[2023-12-20T08:14:23.477-0800][53413922ms] GC(86) Metaspace: 252814K->252814K(1290240K)
[2023-12-20T08:14:23.477-0800][53413922ms] GC(86) Pause Young (Normal) (G1 Evacuation Pause) 1730M->359M(2386M) 28.590ms
[2023-12-20T08:14:23.477-0800][53413922ms] GC(86) User=0.11s Sys=0.00s Real=0.03s
[2023-12-20T08:14:24.166-0800][53414611ms] GC(87) Pause Young (Normal) (G1 Evacuation Pause)
[2023-12-20T08:14:24.166-0800][53414611ms] GC(87) Using 10 workers of 10 for evacuation
[2023-12-20T08:14:24.192-0800][53414637ms] GC(87)   Pre Evacuate Collection Set: 0.0ms
[2023-12-20T08:14:24.192-0800][53414637ms] GC(87)   Evacuate Collection Set: 23.9ms
[2023-12-20T08:14:24.192-0800][53414637ms] GC(87)   Post Evacuate Collection Set: 2.3ms
[2023-12-20T08:14:24.192-0800][53414637ms] GC(87)   Other: 0.3ms
[2023-12-20T08:14:24.192-0800][53414637ms] GC(87) Eden regions: 685->0(685)
[2023-12-20T08:14:24.192-0800][53414637ms] GC(87) Survivor regions: 30->30(90)
[2023-12-20T08:14:24.192-0800][53414637ms] GC(87) Old regions: 146->146
[2023-12-20T08:14:24.192-0800][53414637ms] GC(87) Humongous regions: 5->5
[2023-12-20T08:14:24.192-0800][53414637ms] GC(87) Metaspace: 252814K->252814K(1290240K)
[2023-12-20T08:14:24.192-0800][53414637ms] GC(87) Pause Young (Normal) (G1 Evacuation Pause) 1729M->360M(2386M) 26.677ms
[2023-12-20T08:14:24.192-0800][53414637ms] GC(87) User=0.08s Sys=0.00s Real=0.03s
[2023-12-20T08:14:24.889-0800][53415334ms] GC(88) Pause Young (Normal) (G1 Evacuation Pause)
[2023-12-20T08:14:24.889-0800][53415334ms] GC(88) Using 10 workers of 10 for evacuation
[2023-12-20T08:14:24.915-0800][53415360ms] GC(88)   Pre Evacuate Collection Set: 0.0ms
[2023-12-20T08:14:24.915-0800][53415360ms] GC(88)   Evacuate Collection Set: 23.3ms
[2023-12-20T08:14:24.915-0800][53415360ms] GC(88)   Post Evacuate Collection Set: 2.3ms
[2023-12-20T08:14:24.915-0800][53415360ms] GC(88)   Other: 0.3ms
[2023-12-20T08:14:24.915-0800][53415360ms] GC(88) Eden regions: 685->0(686)
[2023-12-20T08:14:24.915-0800][53415360ms] GC(88) Survivor regions: 30->29(90)
[2023-12-20T08:14:24.915-0800][53415360ms] GC(88) Old regions: 146->146
[2023-12-20T08:14:24.915-0800][53415360ms] GC(88) Humongous regions: 5->5
[2023-12-20T08:14:24.915-0800][53415360ms] GC(88) Metaspace: 252814K->252814K(1290240K)
[2023-12-20T08:14:24.915-0800][53415360ms] GC(88) Pause Young (Normal) (G1 Evacuation Pause) 1730M->358M(2386M) 26.169ms
[2023-12-20T08:14:24.915-0800][53415360ms] GC(88) User=0.09s Sys=0.00s Real=0.03s
[2023-12-20T08:14:25.628-0800][53416073ms] GC(89) Pause Young (Normal) (G1 Evacuation Pause)
[2023-12-20T08:14:25.628-0800][53416073ms] GC(89) Using 10 workers of 10 for evacuation
[2023-12-20T08:14:25.654-0800][53416099ms] GC(89)   Pre Evacuate Collection Set: 0.0ms
[2023-12-20T08:14:25.654-0800][53416099ms] GC(89)   Evacuate Collection Set: 24.3ms
[2023-12-20T08:14:25.654-0800][53416099ms] GC(89)   Post Evacuate Collection Set: 2.3ms
[2023-12-20T08:14:25.654-0800][53416099ms] GC(89)   Other: 0.3ms
[2023-12-20T08:14:25.654-0800][53416099ms] GC(89) Eden regions: 686->0(685)
[2023-12-20T08:14:25.654-0800][53416099ms] GC(89) Survivor regions: 29->30(90)
[2023-12-20T08:14:25.654-0800][53416099ms] GC(89) Old regions: 146->146
[2023-12-20T08:14:25.654-0800][53416099ms] GC(89) Humongous regions: 5->5
[2023-12-20T08:14:25.654-0800][53416099ms] GC(89) Metaspace: 252814K->252814K(1290240K)
[2023-12-20T08:14:25.654-0800][53416099ms] GC(89) Pause Young (Normal) (G1 Evacuation Pause) 1730M->359M(2386M) 27.088ms
[2023-12-20T08:14:25.654-0800][53416099ms] GC(89) User=0.06s Sys=0.00s Real=0.03s
[2023-12-20T08:14:26.376-0800][53416821ms] GC(90) Pause Young (Normal) (G1 Evacuation Pause)
[2023-12-20T08:14:26.376-0800][53416821ms] GC(90) Using 10 workers of 10 for evacuation
[2023-12-20T08:14:26.403-0800][53416848ms] GC(90)   Pre Evacuate Collection Set: 0.0ms
[2023-12-20T08:14:26.403-0800][53416848ms] GC(90)   Evacuate Collection Set: 24.3ms
[2023-12-20T08:14:26.403-0800][53416848ms] GC(90)   Post Evacuate Collection Set: 2.2ms
[2023-12-20T08:14:26.403-0800][53416848ms] GC(90)   Other: 0.3ms
[2023-12-20T08:14:26.403-0800][53416848ms] GC(90) Eden regions: 685->0(685)
[2023-12-20T08:14:26.403-0800][53416848ms] GC(90) Survivor regions: 30->30(90)
[2023-12-20T08:14:26.403-0800][53416848ms] GC(90) Old regions: 146->146
[2023-12-20T08:14:26.403-0800][53416848ms] GC(90) Humongous regions: 5->5
[2023-12-20T08:14:26.403-0800][53416848ms] GC(90) Metaspace: 252814K->252814K(1290240K)
[2023-12-20T08:14:26.403-0800][53416848ms] GC(90) Pause Young (Normal) (G1 Evacuation Pause) 1729M->360M(2386M) 26.980ms
[2023-12-20T08:14:26.403-0800][53416848ms] GC(90) User=0.06s Sys=0.00s Real=0.03s
[2023-12-20T08:14:27.069-0800][53417514ms] GC(91) Pause Young (Normal) (G1 Evacuation Pause)
[2023-12-20T08:14:27.069-0800][53417514ms] GC(91) Using 10 workers of 10 for evacuation
[2023-12-20T08:14:27.098-0800][53417543ms] GC(91)   Pre Evacuate Collection Set: 0.0ms
[2023-12-20T08:14:27.098-0800][53417543ms] GC(91)   Evacuate Collection Set: 25.8ms
[2023-12-20T08:14:27.098-0800][53417543ms] GC(91)   Post Evacuate Collection Set: 2.5ms
[2023-12-20T08:14:27.098-0800][53417543ms] GC(91)   Other: 0.3ms
[2023-12-20T08:14:27.098-0800][53417543ms] GC(91) Eden regions: 685->0(685)
[2023-12-20T08:14:27.098-0800][53417543ms] GC(91) Survivor regions: 30->30(90)
[2023-12-20T08:14:27.098-0800][53417543ms] GC(91) Old regions: 146->146
[2023-12-20T08:14:27.098-0800][53417543ms] GC(91) Humongous regions: 5->5
[2023-12-20T08:14:27.098-0800][53417543ms] GC(91) Metaspace: 252817K->252817K(1290240K)
[2023-12-20T08:14:27.098-0800][53417543ms] GC(91) Pause Young (Normal) (G1 Evacuation Pause) 1730M->359M(2386M) 28.797ms
[2023-12-20T08:14:27.098-0800][53417543ms] GC(91) User=0.13s Sys=0.00s Real=0.03s
[2023-12-20T08:14:27.743-0800][53418188ms] GC(92) Pause Young (Normal) (G1 Evacuation Pause)
[2023-12-20T08:14:27.743-0800][53418188ms] GC(92) Using 10 workers of 10 for evacuation
[2023-12-20T08:14:27.769-0800][53418214ms] GC(92)   Pre Evacuate Collection Set: 0.0ms
[2023-12-20T08:14:27.769-0800][53418214ms] GC(92)   Evacuate Collection Set: 23.5ms
[2023-12-20T08:14:27.769-0800][53418214ms] GC(92)   Post Evacuate Collection Set: 2.4ms
[2023-12-20T08:14:27.769-0800][53418214ms] GC(92)   Other: 0.3ms
[2023-12-20T08:14:27.769-0800][53418214ms] GC(92) Eden regions: 685->0(686)
[2023-12-20T08:14:27.769-0800][53418214ms] GC(92) Survivor regions: 30->29(90)
[2023-12-20T08:14:27.769-0800][53418214ms] GC(92) Old regions: 146->146
[2023-12-20T08:14:27.769-0800][53418214ms] GC(92) Humongous regions: 5->5
[2023-12-20T08:14:27.769-0800][53418214ms] GC(92) Metaspace: 252817K->252817K(1290240K)
[2023-12-20T08:14:27.769-0800][53418214ms] GC(92) Pause Young (Normal) (G1 Evacuation Pause) 1729M->358M(2386M) 26.352ms
[2023-12-20T08:14:27.769-0800][53418214ms] GC(92) User=0.08s Sys=0.00s Real=0.03s
[2023-12-20T08:14:28.507-0800][53418952ms] GC(93) Pause Young (Normal) (G1 Evacuation Pause)
[2023-12-20T08:14:28.507-0800][53418952ms] GC(93) Using 10 workers of 10 for evacuation
[2023-12-20T08:14:28.533-0800][53418978ms] GC(93)   Pre Evacuate Collection Set: 0.0ms
[2023-12-20T08:14:28.533-0800][53418978ms] GC(93)   Evacuate Collection Set: 23.5ms
[2023-12-20T08:14:28.533-0800][53418978ms] GC(93)   Post Evacuate Collection Set: 2.4ms
[2023-12-20T08:14:28.533-0800][53418978ms] GC(93)   Other: 0.3ms
[2023-12-20T08:14:28.533-0800][53418978ms] GC(93) Eden regions: 686->0(685)
[2023-12-20T08:14:28.533-0800][53418978ms] GC(93) Survivor regions: 29->30(90)
[2023-12-20T08:14:28.533-0800][53418978ms] GC(93) Old regions: 146->146
[2023-12-20T08:14:28.533-0800][53418978ms] GC(93) Humongous regions: 5->5
[2023-12-20T08:14:28.533-0800][53418978ms] GC(93) Metaspace: 252817K->252817K(1290240K)
[2023-12-20T08:14:28.533-0800][53418978ms] GC(93) Pause Young (Normal) (G1 Evacuation Pause) 1730M->360M(2386M) 26.360ms
[2023-12-20T08:14:28.533-0800][53418978ms] GC(93) User=0.08s Sys=0.00s Real=0.03s
[2023-12-20T08:14:29.229-0800][53419674ms] GC(94) Pause Young (Normal) (G1 Evacuation Pause)
[2023-12-20T08:14:29.229-0800][53419674ms] GC(94) Using 10 workers of 10 for evacuation
[2023-12-20T08:14:29.257-0800][53419702ms] GC(94)   Pre Evacuate Collection Set: 0.0ms
[2023-12-20T08:14:29.257-0800][53419702ms] GC(94)   Evacuate Collection Set: 24.5ms
[2023-12-20T08:14:29.257-0800][53419702ms] GC(94)   Post Evacuate Collection Set: 3.2ms
[2023-12-20T08:14:29.257-0800][53419702ms] GC(94)   Other: 0.4ms
[2023-12-20T08:14:29.257-0800][53419702ms] GC(94) Eden regions: 685->0(685)
[2023-12-20T08:14:29.257-0800][53419702ms] GC(94) Survivor regions: 30->30(90)
[2023-12-20T08:14:29.257-0800][53419702ms] GC(94) Old regions: 146->146
[2023-12-20T08:14:29.257-0800][53419702ms] GC(94) Humongous regions: 5->5
[2023-12-20T08:14:29.257-0800][53419702ms] GC(94) Metaspace: 252820K->252820K(1290240K)
[2023-12-20T08:14:29.257-0800][53419702ms] GC(94) Pause Young (Normal) (G1 Evacuation Pause) 1730M->361M(2386M) 28.314ms
[2023-12-20T08:14:29.257-0800][53419702ms] GC(94) User=0.08s Sys=0.00s Real=0.03s
[2023-12-20T08:14:30.011-0800][53420456ms] GC(95) Pause Young (Normal) (G1 Evacuation Pause)
[2023-12-20T08:14:30.011-0800][53420456ms] GC(95) Using 10 workers of 10 for evacuation
[2023-12-20T08:14:30.037-0800][53420482ms] GC(95)   Pre Evacuate Collection Set: 0.0ms
[2023-12-20T08:14:30.037-0800][53420482ms] GC(95)   Evacuate Collection Set: 24.1ms
[2023-12-20T08:14:30.037-0800][53420482ms] GC(95)   Post Evacuate Collection Set: 2.4ms
[2023-12-20T08:14:30.037-0800][53420482ms] GC(95)   Other: 0.4ms
[2023-12-20T08:14:30.037-0800][53420482ms] GC(95) Eden regions: 685->0(685)
[2023-12-20T08:14:30.037-0800][53420482ms] GC(95) Survivor regions: 30->30(90)
[2023-12-20T08:14:30.037-0800][53420482ms] GC(95) Old regions: 146->146
[2023-12-20T08:14:30.037-0800][53420482ms] GC(95) Humongous regions: 5->5
[2023-12-20T08:14:30.037-0800][53420482ms] GC(95) Metaspace: 252821K->252821K(1290240K)
[2023-12-20T08:14:30.037-0800][53420482ms] GC(95) Pause Young (Normal) (G1 Evacuation Pause) 1731M->360M(2386M) 26.980ms
[2023-12-20T08:14:30.037-0800][53420482ms] GC(95) User=0.09s Sys=0.00s Real=0.03s
[2023-12-20T08:14:30.777-0800][53421222ms] GC(96) Pause Young (Normal) (G1 Evacuation Pause)
[2023-12-20T08:14:30.777-0800][53421222ms] GC(96) Using 10 workers of 10 for evacuation
[2023-12-20T08:14:30.805-0800][53421250ms] GC(96)   Pre Evacuate Collection Set: 0.0ms
[2023-12-20T08:14:30.805-0800][53421250ms] GC(96)   Evacuate Collection Set: 24.8ms
[2023-12-20T08:14:30.805-0800][53421250ms] GC(96)   Post Evacuate Collection Set: 2.3ms
[2023-12-20T08:14:30.805-0800][53421250ms] GC(96)   Other: 0.3ms
[2023-12-20T08:14:30.805-0800][53421250ms] GC(96) Eden regions: 685->0(685)
[2023-12-20T08:14:30.805-0800][53421250ms] GC(96) Survivor regions: 30->30(90)
[2023-12-20T08:14:30.805-0800][53421250ms] GC(96) Old regions: 146->146
[2023-12-20T08:14:30.805-0800][53421250ms] GC(96) Humongous regions: 5->5
[2023-12-20T08:14:30.805-0800][53421250ms] GC(96) Metaspace: 252821K->252821K(1290240K)
[2023-12-20T08:14:30.805-0800][53421250ms] GC(96) Pause Young (Normal) (G1 Evacuation Pause) 1730M->361M(2386M) 27.670ms
[2023-12-20T08:14:30.805-0800][53421250ms] GC(96) User=0.11s Sys=0.00s Real=0.03s
[2023-12-20T08:14:31.553-0800][53421998ms] GC(97) Pause Young (Normal) (GCLocker Initiated GC)
[2023-12-20T08:14:31.553-0800][53421998ms] GC(97) Using 10 workers of 10 for evacuation
[2023-12-20T08:14:31.581-0800][53422026ms] GC(97)   Pre Evacuate Collection Set: 0.0ms
[2023-12-20T08:14:31.581-0800][53422026ms] GC(97)   Evacuate Collection Set: 24.4ms
[2023-12-20T08:14:31.581-0800][53422026ms] GC(97)   Post Evacuate Collection Set: 2.4ms
[2023-12-20T08:14:31.581-0800][53422026ms] GC(97)   Other: 0.4ms
[2023-12-20T08:14:31.581-0800][53422026ms] GC(97) Eden regions: 686->0(685)
[2023-12-20T08:14:31.581-0800][53422026ms] GC(97) Survivor regions: 30->30(90)
[2023-12-20T08:14:31.581-0800][53422026ms] GC(97) Old regions: 146->146
[2023-12-20T08:14:31.581-0800][53422026ms] GC(97) Humongous regions: 5->5
[2023-12-20T08:14:31.581-0800][53422026ms] GC(97) Metaspace: 252821K->252821K(1290240K)
[2023-12-20T08:14:31.581-0800][53422026ms] GC(97) Pause Young (Normal) (GCLocker Initiated GC) 1732M->361M(2386M) 27.336ms
[2023-12-20T08:14:31.581-0800][53422026ms] GC(97) User=0.08s Sys=0.00s Real=0.03s
[2023-12-20T08:14:32.249-0800][53422694ms] GC(98) Pause Young (Normal) (GCLocker Initiated GC)
[2023-12-20T08:14:32.249-0800][53422694ms] GC(98) Using 10 workers of 10 for evacuation
[2023-12-20T08:14:32.278-0800][53422723ms] GC(98)   Pre Evacuate Collection Set: 0.0ms
[2023-12-20T08:14:32.278-0800][53422723ms] GC(98)   Evacuate Collection Set: 26.2ms
[2023-12-20T08:14:32.278-0800][53422723ms] GC(98)   Post Evacuate Collection Set: 2.9ms
[2023-12-20T08:14:32.278-0800][53422723ms] GC(98)   Other: 0.3ms
[2023-12-20T08:14:32.278-0800][53422723ms] GC(98) Eden regions: 686->0(685)
[2023-12-20T08:14:32.278-0800][53422723ms] GC(98) Survivor regions: 30->30(90)
[2023-12-20T08:14:32.278-0800][53422723ms] GC(98) Old regions: 146->146
[2023-12-20T08:14:32.278-0800][53422723ms] GC(98) Humongous regions: 5->5
[2023-12-20T08:14:32.278-0800][53422723ms] GC(98) Metaspace: 252821K->252821K(1290240K)
[2023-12-20T08:14:32.278-0800][53422723ms] GC(98) Pause Young (Normal) (GCLocker Initiated GC) 1732M->361M(2386M) 29.567ms
[2023-12-20T08:14:32.278-0800][53422723ms] GC(98) User=0.13s Sys=0.00s Real=0.03s
[2023-12-20T08:14:32.996-0800][53423441ms] GC(99) Pause Young (Normal) (GCLocker Initiated GC)
[2023-12-20T08:14:32.996-0800][53423441ms] GC(99) Using 10 workers of 10 for evacuation
[2023-12-20T08:14:33.023-0800][53423468ms] GC(99)   Pre Evacuate Collection Set: 0.0ms
[2023-12-20T08:14:33.024-0800][53423469ms] GC(99)   Evacuate Collection Set: 24.6ms
[2023-12-20T08:14:33.024-0800][53423469ms] GC(99)   Post Evacuate Collection Set: 2.5ms
[2023-12-20T08:14:33.024-0800][53423469ms] GC(99)   Other: 0.3ms
[2023-12-20T08:14:33.024-0800][53423469ms] GC(99) Eden regions: 686->0(685)
[2023-12-20T08:14:33.024-0800][53423469ms] GC(99) Survivor regions: 30->30(90)
[2023-12-20T08:14:33.024-0800][53423469ms] GC(99) Old regions: 146->146
[2023-12-20T08:14:33.024-0800][53423469ms] GC(99) Humongous regions: 5->5
[2023-12-20T08:14:33.024-0800][53423469ms] GC(99) Metaspace: 252821K->252821K(1290240K)
[2023-12-20T08:14:33.024-0800][53423469ms] GC(99) Pause Young (Normal) (GCLocker Initiated GC) 1732M->361M(2386M) 27.528ms
[2023-12-20T08:14:33.024-0800][53423469ms] GC(99) User=0.09s Sys=0.00s Real=0.03s
[2023-12-20T08:14:33.725-0800][53424170ms] GC(100) Pause Young (Normal) (G1 Evacuation Pause)
[2023-12-20T08:14:33.725-0800][53424170ms] GC(100) Using 10 workers of 10 for evacuation
[2023-12-20T08:14:33.753-0800][53424198ms] GC(100)   Pre Evacuate Collection Set: 0.0ms
[2023-12-20T08:14:33.753-0800][53424198ms] GC(100)   Evacuate Collection Set: 24.4ms
[2023-12-20T08:14:33.753-0800][53424198ms] GC(100)   Post Evacuate Collection Set: 2.5ms
[2023-12-20T08:14:33.753-0800][53424198ms] GC(100)   Other: 0.3ms
[2023-12-20T08:14:33.753-0800][53424198ms] GC(100) Eden regions: 685->0(685)
[2023-12-20T08:14:33.753-0800][53424198ms] GC(100) Survivor regions: 30->30(90)
[2023-12-20T08:14:33.753-0800][53424198ms] GC(100) Old regions: 146->146
[2023-12-20T08:14:33.753-0800][53424198ms] GC(100) Humongous regions: 5->5
[2023-12-20T08:14:33.753-0800][53424198ms] GC(100) Metaspace: 252821K->252821K(1290240K)
[2023-12-20T08:14:33.753-0800][53424198ms] GC(100) Pause Young (Normal) (G1 Evacuation Pause) 1731M->360M(2386M) 27.403ms
[2023-12-20T08:14:33.753-0800][53424198ms] GC(100) User=0.08s Sys=0.00s Real=0.03s
[2023-12-20T08:14:34.393-0800][53424838ms] GC(101) Pause Young (Normal) (G1 Evacuation Pause)
[2023-12-20T08:14:34.394-0800][53424839ms] GC(101) Using 10 workers of 10 for evacuation
[2023-12-20T08:14:34.420-0800][53424865ms] GC(101)   Pre Evacuate Collection Set: 0.0ms
[2023-12-20T08:14:34.420-0800][53424865ms] GC(101)   Evacuate Collection Set: 23.6ms
[2023-12-20T08:14:34.420-0800][53424865ms] GC(101)   Post Evacuate Collection Set: 2.3ms
[2023-12-20T08:14:34.420-0800][53424865ms] GC(101)   Other: 0.3ms
[2023-12-20T08:14:34.420-0800][53424865ms] GC(101) Eden regions: 685->0(685)
[2023-12-20T08:14:34.420-0800][53424865ms] GC(101) Survivor regions: 30->30(90)
[2023-12-20T08:14:34.420-0800][53424865ms] GC(101) Old regions: 146->146
[2023-12-20T08:14:34.420-0800][53424865ms] GC(101) Humongous regions: 5->5
[2023-12-20T08:14:34.420-0800][53424865ms] GC(101) Metaspace: 252824K->252824K(1290240K)
[2023-12-20T08:14:34.420-0800][53424865ms] GC(101) Pause Young (Normal) (G1 Evacuation Pause) 1730M->360M(2386M) 26.512ms
[2023-12-20T08:14:34.420-0800][53424865ms] GC(101) User=0.13s Sys=0.00s Real=0.03s
[2023-12-20T08:14:35.082-0800][53425527ms] GC(102) Pause Young (Normal) (G1 Evacuation Pause)
[2023-12-20T08:14:35.082-0800][53425527ms] GC(102) Using 10 workers of 10 for evacuation
[2023-12-20T08:14:35.109-0800][53425554ms] GC(102)   Pre Evacuate Collection Set: 0.0ms
[2023-12-20T08:14:35.109-0800][53425554ms] GC(102)   Evacuate Collection Set: 23.9ms
[2023-12-20T08:14:35.109-0800][53425554ms] GC(102)   Post Evacuate Collection Set: 2.4ms
[2023-12-20T08:14:35.109-0800][53425554ms] GC(102)   Other: 0.3ms
[2023-12-20T08:14:35.109-0800][53425554ms] GC(102) Eden regions: 685->0(684)
[2023-12-20T08:14:35.109-0800][53425554ms] GC(102) Survivor regions: 30->31(90)
[2023-12-20T08:14:35.109-0800][53425554ms] GC(102) Old regions: 146->146
[2023-12-20T08:14:35.109-0800][53425554ms] GC(102) Humongous regions: 5->5
[2023-12-20T08:14:35.109-0800][53425554ms] GC(102) Metaspace: 252824K->252824K(1290240K)
[2023-12-20T08:14:35.109-0800][53425554ms] GC(102) Pause Young (Normal) (G1 Evacuation Pause) 1730M->362M(2386M) 26.778ms
[2023-12-20T08:14:35.109-0800][53425554ms] GC(102) User=0.09s Sys=0.00s Real=0.03s
[2023-12-20T08:14:35.782-0800][53426227ms] GC(103) Pause Young (Normal) (G1 Evacuation Pause)
[2023-12-20T08:14:35.782-0800][53426227ms] GC(103) Using 10 workers of 10 for evacuation
[2023-12-20T08:14:35.810-0800][53426255ms] GC(103)   Pre Evacuate Collection Set: 0.0ms
[2023-12-20T08:14:35.810-0800][53426255ms] GC(103)   Evacuate Collection Set: 24.8ms
[2023-12-20T08:14:35.810-0800][53426255ms] GC(103)   Post Evacuate Collection Set: 2.4ms
[2023-12-20T08:14:35.810-0800][53426255ms] GC(103)   Other: 0.4ms
[2023-12-20T08:14:35.810-0800][53426255ms] GC(103) Eden regions: 684->0(685)
[2023-12-20T08:14:35.810-0800][53426255ms] GC(103) Survivor regions: 31->30(90)
[2023-12-20T08:14:35.810-0800][53426255ms] GC(103) Old regions: 146->146
[2023-12-20T08:14:35.810-0800][53426255ms] GC(103) Humongous regions: 5->5
[2023-12-20T08:14:35.810-0800][53426255ms] GC(103) Metaspace: 252824K->252824K(1290240K)
[2023-12-20T08:14:35.810-0800][53426255ms] GC(103) Pause Young (Normal) (G1 Evacuation Pause) 1730M->361M(2386M) 27.701ms
[2023-12-20T08:14:35.810-0800][53426255ms] GC(103) User=0.09s Sys=0.00s Real=0.03s
[2023-12-20T08:14:36.423-0800][53426868ms] GC(104) Pause Young (Normal) (G1 Evacuation Pause)
[2023-12-20T08:14:36.423-0800][53426868ms] GC(104) Using 10 workers of 10 for evacuation
[2023-12-20T08:14:36.455-0800][53426900ms] GC(104)   Pre Evacuate Collection Set: 0.0ms
[2023-12-20T08:14:36.456-0800][53426901ms] GC(104)   Evacuate Collection Set: 24.6ms
[2023-12-20T08:14:36.456-0800][53426901ms] GC(104)   Post Evacuate Collection Set: 7.6ms
[2023-12-20T08:14:36.456-0800][53426901ms] GC(104)   Other: 0.3ms
[2023-12-20T08:14:36.456-0800][53426901ms] GC(104) Eden regions: 685->0(686)
[2023-12-20T08:14:36.456-0800][53426901ms] GC(104) Survivor regions: 30->29(90)
[2023-12-20T08:14:36.456-0800][53426901ms] GC(104) Old regions: 146->146
[2023-12-20T08:14:36.456-0800][53426901ms] GC(104) Humongous regions: 5->5
[2023-12-20T08:14:36.456-0800][53426901ms] GC(104) Metaspace: 252824K->252824K(1290240K)
[2023-12-20T08:14:36.456-0800][53426901ms] GC(104) Pause Young (Normal) (G1 Evacuation Pause) 1731M->359M(2386M) 32.729ms
[2023-12-20T08:14:36.456-0800][53426901ms] GC(104) User=0.13s Sys=0.00s Real=0.03s
[2023-12-20T08:14:37.127-0800][53427572ms] GC(105) Pause Young (Normal) (G1 Evacuation Pause)
[2023-12-20T08:14:37.127-0800][53427572ms] GC(105) Using 10 workers of 10 for evacuation
[2023-12-20T08:14:37.154-0800][53427599ms] GC(105)   Pre Evacuate Collection Set: 0.0ms
[2023-12-20T08:14:37.154-0800][53427599ms] GC(105)   Evacuate Collection Set: 24.1ms
[2023-12-20T08:14:37.154-0800][53427599ms] GC(105)   Post Evacuate Collection Set: 2.5ms
[2023-12-20T08:14:37.154-0800][53427599ms] GC(105)   Other: 0.3ms
[2023-12-20T08:14:37.154-0800][53427599ms] GC(105) Eden regions: 686->0(685)
[2023-12-20T08:14:37.154-0800][53427599ms] GC(105) Survivor regions: 29->30(90)
[2023-12-20T08:14:37.154-0800][53427599ms] GC(105) Old regions: 146->146
[2023-12-20T08:14:37.154-0800][53427599ms] GC(105) Humongous regions: 5->5
[2023-12-20T08:14:37.154-0800][53427599ms] GC(105) Metaspace: 252824K->252824K(1290240K)
[2023-12-20T08:14:37.154-0800][53427599ms] GC(105) Pause Young (Normal) (G1 Evacuation Pause) 1731M->360M(2386M) 27.015ms
[2023-12-20T08:14:37.154-0800][53427599ms] GC(105) User=0.08s Sys=0.00s Real=0.03s
[2023-12-20T08:14:37.772-0800][53428217ms] GC(106) Pause Young (Normal) (G1 Evacuation Pause)
[2023-12-20T08:14:37.772-0800][53428217ms] GC(106) Using 10 workers of 10 for evacuation
[2023-12-20T08:14:37.799-0800][53428244ms] GC(106)   Pre Evacuate Collection Set: 0.0ms
[2023-12-20T08:14:37.799-0800][53428244ms] GC(106)   Evacuate Collection Set: 24.0ms
[2023-12-20T08:14:37.799-0800][53428244ms] GC(106)   Post Evacuate Collection Set: 2.4ms
[2023-12-20T08:14:37.799-0800][53428244ms] GC(106)   Other: 0.4ms
[2023-12-20T08:14:37.799-0800][53428244ms] GC(106) Eden regions: 685->0(685)
[2023-12-20T08:14:37.799-0800][53428244ms] GC(106) Survivor regions: 30->30(90)
[2023-12-20T08:14:37.799-0800][53428244ms] GC(106) Old regions: 146->146
[2023-12-20T08:14:37.799-0800][53428244ms] GC(106) Humongous regions: 5->5
[2023-12-20T08:14:37.800-0800][53428245ms] GC(106) Metaspace: 252824K->252824K(1290240K)
[2023-12-20T08:14:37.800-0800][53428245ms] GC(106) Pause Young (Normal) (G1 Evacuation Pause) 1730M->361M(2386M) 26.960ms
[2023-12-20T08:14:37.800-0800][53428245ms] GC(106) User=0.05s Sys=0.00s Real=0.03s
[2023-12-20T08:14:38.436-0800][53428882ms] GC(107) Pause Young (Normal) (G1 Evacuation Pause)
[2023-12-20T08:14:38.437-0800][53428882ms] GC(107) Using 10 workers of 10 for evacuation
[2023-12-20T08:14:38.464-0800][53428909ms] GC(107)   Pre Evacuate Collection Set: 0.0ms
[2023-12-20T08:14:38.464-0800][53428909ms] GC(107)   Evacuate Collection Set: 25.2ms
[2023-12-20T08:14:38.464-0800][53428909ms] GC(107)   Post Evacuate Collection Set: 2.4ms
[2023-12-20T08:14:38.464-0800][53428909ms] GC(107)   Other: 0.3ms
[2023-12-20T08:14:38.464-0800][53428909ms] GC(107) Eden regions: 685->0(685)
[2023-12-20T08:14:38.464-0800][53428909ms] GC(107) Survivor regions: 30->30(90)
[2023-12-20T08:14:38.464-0800][53428909ms] GC(107) Old regions: 146->146
[2023-12-20T08:14:38.464-0800][53428909ms] GC(107) Humongous regions: 5->5
[2023-12-20T08:14:38.464-0800][53428909ms] GC(107) Metaspace: 252824K->252824K(1290240K)
[2023-12-20T08:14:38.464-0800][53428909ms] GC(107) Pause Young (Normal) (G1 Evacuation Pause) 1731M->361M(2386M) 28.048ms
[2023-12-20T08:14:38.464-0800][53428909ms] GC(107) User=0.08s Sys=0.00s Real=0.03s
[2023-12-20T08:14:39.191-0800][53429636ms] GC(108) Pause Young (Normal) (G1 Evacuation Pause)
[2023-12-20T08:14:39.191-0800][53429636ms] GC(108) Using 10 workers of 10 for evacuation
[2023-12-20T08:14:39.217-0800][53429662ms] GC(108)   Pre Evacuate Collection Set: 0.0ms
[2023-12-20T08:14:39.217-0800][53429662ms] GC(108)   Evacuate Collection Set: 23.8ms
[2023-12-20T08:14:39.217-0800][53429662ms] GC(108)   Post Evacuate Collection Set: 2.5ms
[2023-12-20T08:14:39.217-0800][53429662ms] GC(108)   Other: 0.3ms
[2023-12-20T08:14:39.217-0800][53429662ms] GC(108) Eden regions: 685->0(685)
[2023-12-20T08:14:39.217-0800][53429662ms] GC(108) Survivor regions: 30->30(90)
[2023-12-20T08:14:39.217-0800][53429662ms] GC(108) Old regions: 146->146
[2023-12-20T08:14:39.217-0800][53429662ms] GC(108) Humongous regions: 5->5
[2023-12-20T08:14:39.217-0800][53429662ms] GC(108) Metaspace: 252824K->252824K(1290240K)
[2023-12-20T08:14:39.217-0800][53429662ms] GC(108) Pause Young (Normal) (G1 Evacuation Pause) 1731M->361M(2386M) 26.881ms
[2023-12-20T08:14:39.217-0800][53429662ms] GC(108) User=0.14s Sys=0.00s Real=0.03s
[2023-12-20T08:14:39.872-0800][53430317ms] GC(109) Pause Young (Normal) (G1 Evacuation Pause)
[2023-12-20T08:14:39.874-0800][53430319ms] GC(109) Using 10 workers of 10 for evacuation
[2023-12-20T08:14:39.900-0800][53430345ms] GC(109)   Pre Evacuate Collection Set: 0.0ms
[2023-12-20T08:14:39.900-0800][53430345ms] GC(109)   Evacuate Collection Set: 23.9ms
[2023-12-20T08:14:39.900-0800][53430345ms] GC(109)   Post Evacuate Collection Set: 2.4ms
[2023-12-20T08:14:39.900-0800][53430345ms] GC(109)   Other: 0.4ms
[2023-12-20T08:14:39.900-0800][53430345ms] GC(109) Eden regions: 685->0(685)
[2023-12-20T08:14:39.900-0800][53430345ms] GC(109) Survivor regions: 30->30(90)
[2023-12-20T08:14:39.900-0800][53430345ms] GC(109) Old regions: 146->146
[2023-12-20T08:14:39.900-0800][53430345ms] GC(109) Humongous regions: 5->5
[2023-12-20T08:14:39.900-0800][53430345ms] GC(109) Metaspace: 252824K->252824K(1290240K)
[2023-12-20T08:14:39.900-0800][53430345ms] GC(109) Pause Young (Normal) (G1 Evacuation Pause) 1731M->360M(2386M) 26.875ms
[2023-12-20T08:14:39.900-0800][53430345ms] GC(109) User=0.13s Sys=0.00s Real=0.03s
[2023-12-20T08:14:40.553-0800][53430998ms] GC(110) Pause Young (Normal) (G1 Evacuation Pause)
[2023-12-20T08:14:40.553-0800][53430998ms] GC(110) Using 10 workers of 10 for evacuation
[2023-12-20T08:14:40.581-0800][53431026ms] GC(110)   Pre Evacuate Collection Set: 0.0ms
[2023-12-20T08:14:40.581-0800][53431026ms] GC(110)   Evacuate Collection Set: 24.3ms
[2023-12-20T08:14:40.581-0800][53431026ms] GC(110)   Post Evacuate Collection Set: 2.2ms
[2023-12-20T08:14:40.581-0800][53431026ms] GC(110)   Other: 0.3ms
[2023-12-20T08:14:40.581-0800][53431026ms] GC(110) Eden regions: 685->0(685)
[2023-12-20T08:14:40.581-0800][53431026ms] GC(110) Survivor regions: 30->30(90)
[2023-12-20T08:14:40.581-0800][53431026ms] GC(110) Old regions: 146->146
[2023-12-20T08:14:40.581-0800][53431026ms] GC(110) Humongous regions: 5->5
[2023-12-20T08:14:40.581-0800][53431026ms] GC(110) Metaspace: 252824K->252824K(1290240K)
[2023-12-20T08:14:40.581-0800][53431026ms] GC(110) Pause Young (Normal) (G1 Evacuation Pause) 1730M->361M(2386M) 26.981ms
[2023-12-20T08:14:40.581-0800][53431026ms] GC(110) User=0.22s Sys=0.00s Real=0.03s
[2023-12-20T08:14:41.189-0800][53431634ms] GC(111) Pause Young (Normal) (G1 Evacuation Pause)
[2023-12-20T08:14:41.189-0800][53431634ms] GC(111) Using 10 workers of 10 for evacuation
[2023-12-20T08:14:41.217-0800][53431662ms] GC(111)   Pre Evacuate Collection Set: 0.0ms
[2023-12-20T08:14:41.217-0800][53431662ms] GC(111)   Evacuate Collection Set: 24.5ms
[2023-12-20T08:14:41.217-0800][53431662ms] GC(111)   Post Evacuate Collection Set: 2.4ms
[2023-12-20T08:14:41.217-0800][53431662ms] GC(111)   Other: 0.4ms
[2023-12-20T08:14:41.217-0800][53431662ms] GC(111) Eden regions: 685->0(685)
[2023-12-20T08:14:41.217-0800][53431662ms] GC(111) Survivor regions: 30->30(90)
[2023-12-20T08:14:41.217-0800][53431662ms] GC(111) Old regions: 146->146
[2023-12-20T08:14:41.217-0800][53431662ms] GC(111) Humongous regions: 5->5
[2023-12-20T08:14:41.217-0800][53431662ms] GC(111) Metaspace: 252824K->252824K(1290240K)
[2023-12-20T08:14:41.217-0800][53431662ms] GC(111) Pause Young (Normal) (G1 Evacuation Pause) 1731M->361M(2386M) 27.371ms
[2023-12-20T08:14:41.217-0800][53431662ms] GC(111) User=0.09s Sys=0.00s Real=0.03s
[2023-12-20T08:14:41.929-0800][53432374ms] GC(112) Pause Young (Normal) (G1 Evacuation Pause)
[2023-12-20T08:14:41.929-0800][53432374ms] GC(112) Using 10 workers of 10 for evacuation
[2023-12-20T08:14:41.967-0800][53432412ms] GC(112)   Pre Evacuate Collection Set: 0.1ms
[2023-12-20T08:14:41.967-0800][53432412ms] GC(112)   Evacuate Collection Set: 34.6ms
[2023-12-20T08:14:41.967-0800][53432412ms] GC(112)   Post Evacuate Collection Set: 3.1ms
[2023-12-20T08:14:41.967-0800][53432412ms] GC(112)   Other: 0.7ms
[2023-12-20T08:14:41.967-0800][53432412ms] GC(112) Eden regions: 685->0(685)
[2023-12-20T08:14:41.967-0800][53432412ms] GC(112) Survivor regions: 30->30(90)
[2023-12-20T08:14:41.967-0800][53432412ms] GC(112) Old regions: 146->146
[2023-12-20T08:14:41.967-0800][53432412ms] GC(112) Humongous regions: 5->5
[2023-12-20T08:14:41.967-0800][53432412ms] GC(112) Metaspace: 252825K->252825K(1290240K)
[2023-12-20T08:14:41.967-0800][53432412ms] GC(112) Pause Young (Normal) (G1 Evacuation Pause) 1731M->360M(2386M) 38.513ms
[2023-12-20T08:14:41.967-0800][53432412ms] GC(112) User=0.31s Sys=0.00s Real=0.04s
[2023-12-20T08:14:42.718-0800][53433163ms] GC(113) Pause Young (Normal) (G1 Evacuation Pause)
[2023-12-20T08:14:42.718-0800][53433163ms] GC(113) Using 10 workers of 10 for evacuation
[2023-12-20T08:14:42.747-0800][53433192ms] GC(113)   Pre Evacuate Collection Set: 0.0ms
[2023-12-20T08:14:42.747-0800][53433192ms] GC(113)   Evacuate Collection Set: 26.2ms
[2023-12-20T08:14:42.747-0800][53433192ms] GC(113)   Post Evacuate Collection Set: 2.3ms
[2023-12-20T08:14:42.747-0800][53433192ms] GC(113)   Other: 0.3ms
[2023-12-20T08:14:42.747-0800][53433192ms] GC(113) Eden regions: 685->0(686)
[2023-12-20T08:14:42.747-0800][53433192ms] GC(113) Survivor regions: 30->29(90)
[2023-12-20T08:14:42.747-0800][53433192ms] GC(113) Old regions: 146->146
[2023-12-20T08:14:42.747-0800][53433192ms] GC(113) Humongous regions: 5->5
[2023-12-20T08:14:42.747-0800][53433192ms] GC(113) Metaspace: 252825K->252825K(1290240K)
[2023-12-20T08:14:42.747-0800][53433192ms] GC(113) Pause Young (Normal) (G1 Evacuation Pause) 1730M->359M(2386M) 29.011ms
[2023-12-20T08:14:42.747-0800][53433192ms] GC(113) User=0.14s Sys=0.00s Real=0.03s
[2023-12-20T08:14:43.517-0800][53433962ms] GC(114) Pause Young (Normal) (G1 Evacuation Pause)
[2023-12-20T08:14:43.517-0800][53433962ms] GC(114) Using 10 workers of 10 for evacuation
[2023-12-20T08:14:43.549-0800][53433994ms] GC(114)   Pre Evacuate Collection Set: 0.0ms
[2023-12-20T08:14:43.549-0800][53433994ms] GC(114)   Evacuate Collection Set: 28.6ms
[2023-12-20T08:14:43.549-0800][53433994ms] GC(114)   Post Evacuate Collection Set: 2.9ms
[2023-12-20T08:14:43.549-0800][53433994ms] GC(114)   Other: 0.5ms
[2023-12-20T08:14:43.549-0800][53433994ms] GC(114) Eden regions: 686->0(685)
[2023-12-20T08:14:43.549-0800][53433994ms] GC(114) Survivor regions: 29->30(90)
[2023-12-20T08:14:43.549-0800][53433994ms] GC(114) Old regions: 146->146
[2023-12-20T08:14:43.549-0800][53433994ms] GC(114) Humongous regions: 5->5
[2023-12-20T08:14:43.549-0800][53433994ms] GC(114) Metaspace: 252825K->252825K(1290240K)
[2023-12-20T08:14:43.549-0800][53433994ms] GC(114) Pause Young (Normal) (G1 Evacuation Pause) 1731M->361M(2386M) 32.032ms
[2023-12-20T08:14:43.549-0800][53433994ms] GC(114) User=0.11s Sys=0.00s Real=0.03s
[2023-12-20T08:14:44.240-0800][53434685ms] GC(115) Pause Young (Normal) (G1 Evacuation Pause)
[2023-12-20T08:14:44.240-0800][53434685ms] GC(115) Using 10 workers of 10 for evacuation
[2023-12-20T08:14:44.266-0800][53434711ms] GC(115)   Pre Evacuate Collection Set: 0.0ms
[2023-12-20T08:14:44.266-0800][53434711ms] GC(115)   Evacuate Collection Set: 23.5ms
[2023-12-20T08:14:44.266-0800][53434711ms] GC(115)   Post Evacuate Collection Set: 2.3ms
[2023-12-20T08:14:44.266-0800][53434711ms] GC(115)   Other: 0.3ms
[2023-12-20T08:14:44.266-0800][53434711ms] GC(115) Eden regions: 685->0(685)
[2023-12-20T08:14:44.266-0800][53434711ms] GC(115) Survivor regions: 30->30(90)
[2023-12-20T08:14:44.266-0800][53434711ms] GC(115) Old regions: 146->146
[2023-12-20T08:14:44.266-0800][53434711ms] GC(115) Humongous regions: 5->5
[2023-12-20T08:14:44.266-0800][53434711ms] GC(115) Metaspace: 252826K->252826K(1290240K)
[2023-12-20T08:14:44.266-0800][53434711ms] GC(115) Pause Young (Normal) (G1 Evacuation Pause) 1731M->360M(2386M) 26.325ms
[2023-12-20T08:14:44.266-0800][53434711ms] GC(115) User=0.19s Sys=0.00s Real=0.03s
[2023-12-20T08:14:44.930-0800][53435375ms] GC(116) Pause Young (Normal) (G1 Evacuation Pause)
[2023-12-20T08:14:44.930-0800][53435375ms] GC(116) Using 10 workers of 10 for evacuation
[2023-12-20T08:14:44.957-0800][53435402ms] GC(116)   Pre Evacuate Collection Set: 0.0ms
[2023-12-20T08:14:44.957-0800][53435402ms] GC(116)   Evacuate Collection Set: 24.1ms
[2023-12-20T08:14:44.957-0800][53435402ms] GC(116)   Post Evacuate Collection Set: 2.3ms
[2023-12-20T08:14:44.957-0800][53435402ms] GC(116)   Other: 0.3ms
[2023-12-20T08:14:44.957-0800][53435402ms] GC(116) Eden regions: 685->0(685)
[2023-12-20T08:14:44.957-0800][53435402ms] GC(116) Survivor regions: 30->30(90)
[2023-12-20T08:14:44.957-0800][53435402ms] GC(116) Old regions: 146->146
[2023-12-20T08:14:44.957-0800][53435402ms] GC(116) Humongous regions: 5->5
[2023-12-20T08:14:44.957-0800][53435402ms] GC(116) Metaspace: 252826K->252826K(1290240K)
[2023-12-20T08:14:44.957-0800][53435402ms] GC(116) Pause Young (Normal) (G1 Evacuation Pause) 1730M->361M(2386M) 26.905ms
[2023-12-20T08:14:44.957-0800][53435402ms] GC(116) User=0.09s Sys=0.00s Real=0.03s
[2023-12-20T08:14:45.675-0800][53436120ms] GC(117) Pause Young (Normal) (G1 Evacuation Pause)
[2023-12-20T08:14:45.675-0800][53436120ms] GC(117) Using 10 workers of 10 for evacuation
[2023-12-20T08:14:45.702-0800][53436147ms] GC(117)   Pre Evacuate Collection Set: 0.0ms
[2023-12-20T08:14:45.702-0800][53436147ms] GC(117)   Evacuate Collection Set: 23.5ms
[2023-12-20T08:14:45.702-0800][53436147ms] GC(117)   Post Evacuate Collection Set: 2.3ms
[2023-12-20T08:14:45.702-0800][53436147ms] GC(117)   Other: 0.3ms
[2023-12-20T08:14:45.702-0800][53436147ms] GC(117) Eden regions: 685->0(685)
[2023-12-20T08:14:45.702-0800][53436147ms] GC(117) Survivor regions: 30->30(90)
[2023-12-20T08:14:45.702-0800][53436147ms] GC(117) Old regions: 146->146
[2023-12-20T08:14:45.702-0800][53436147ms] GC(117) Humongous regions: 5->5
[2023-12-20T08:14:45.702-0800][53436147ms] GC(117) Metaspace: 252826K->252826K(1290240K)
[2023-12-20T08:14:45.702-0800][53436147ms] GC(117) Pause Young (Normal) (G1 Evacuation Pause) 1731M->360M(2386M) 26.381ms
[2023-12-20T08:14:45.702-0800][53436147ms] GC(117) User=0.09s Sys=0.00s Real=0.03s
[2023-12-20T08:14:46.378-0800][53436823ms] GC(118) Pause Young (Normal) (G1 Evacuation Pause)
[2023-12-20T08:14:46.378-0800][53436823ms] GC(118) Using 10 workers of 10 for evacuation
[2023-12-20T08:14:46.405-0800][53436850ms] GC(118)   Pre Evacuate Collection Set: 0.0ms
[2023-12-20T08:14:46.405-0800][53436850ms] GC(118)   Evacuate Collection Set: 23.8ms
[2023-12-20T08:14:46.405-0800][53436850ms] GC(118)   Post Evacuate Collection Set: 2.5ms
[2023-12-20T08:14:46.405-0800][53436850ms] GC(118)   Other: 0.4ms
[2023-12-20T08:14:46.405-0800][53436850ms] GC(118) Eden regions: 685->0(686)
[2023-12-20T08:14:46.405-0800][53436850ms] GC(118) Survivor regions: 30->29(90)
[2023-12-20T08:14:46.405-0800][53436850ms] GC(118) Old regions: 146->146
[2023-12-20T08:14:46.405-0800][53436850ms] GC(118) Humongous regions: 5->5
[2023-12-20T08:14:46.405-0800][53436850ms] GC(118) Metaspace: 252826K->252826K(1290240K)
[2023-12-20T08:14:46.405-0800][53436850ms] GC(118) Pause Young (Normal) (G1 Evacuation Pause) 1730M->359M(2386M) 26.868ms
[2023-12-20T08:14:46.405-0800][53436850ms] GC(118) User=0.13s Sys=0.00s Real=0.03s
[2023-12-20T08:14:47.063-0800][53437508ms] GC(119) Pause Young (Normal) (G1 Evacuation Pause)
[2023-12-20T08:14:47.063-0800][53437508ms] GC(119) Using 10 workers of 10 for evacuation
[2023-12-20T08:14:47.090-0800][53437535ms] GC(119)   Pre Evacuate Collection Set: 0.0ms
[2023-12-20T08:14:47.090-0800][53437535ms] GC(119)   Evacuate Collection Set: 24.7ms
[2023-12-20T08:14:47.090-0800][53437535ms] GC(119)   Post Evacuate Collection Set: 2.4ms
[2023-12-20T08:14:47.091-0800][53437536ms] GC(119)   Other: 0.3ms
[2023-12-20T08:14:47.091-0800][53437536ms] GC(119) Eden regions: 686->0(685)
[2023-12-20T08:14:47.091-0800][53437536ms] GC(119) Survivor regions: 29->30(90)
[2023-12-20T08:14:47.091-0800][53437536ms] GC(119) Old regions: 146->146
[2023-12-20T08:14:47.091-0800][53437536ms] GC(119) Humongous regions: 5->5
[2023-12-20T08:14:47.091-0800][53437536ms] GC(119) Metaspace: 252830K->252830K(1290240K)
[2023-12-20T08:14:47.091-0800][53437536ms] GC(119) Pause Young (Normal) (G1 Evacuation Pause) 1731M->360M(2386M) 27.495ms
[2023-12-20T08:14:47.091-0800][53437536ms] GC(119) User=0.11s Sys=0.00s Real=0.03s
[2023-12-20T08:14:47.824-0800][53438269ms] GC(120) Pause Young (Normal) (G1 Evacuation Pause)
[2023-12-20T08:14:47.824-0800][53438269ms] GC(120) Using 10 workers of 10 for evacuation
[2023-12-20T08:14:47.851-0800][53438296ms] GC(120)   Pre Evacuate Collection Set: 0.0ms
[2023-12-20T08:14:47.851-0800][53438296ms] GC(120)   Evacuate Collection Set: 24.0ms
[2023-12-20T08:14:47.851-0800][53438296ms] GC(120)   Post Evacuate Collection Set: 2.1ms
[2023-12-20T08:14:47.851-0800][53438296ms] GC(120)   Other: 0.3ms
[2023-12-20T08:14:47.851-0800][53438296ms] GC(120) Eden regions: 685->0(685)
[2023-12-20T08:14:47.851-0800][53438296ms] GC(120) Survivor regions: 30->30(90)
[2023-12-20T08:14:47.851-0800][53438296ms] GC(120) Old regions: 146->146
[2023-12-20T08:14:47.851-0800][53438296ms] GC(120) Humongous regions: 5->5
[2023-12-20T08:14:47.851-0800][53438296ms] GC(120) Metaspace: 252830K->252830K(1290240K)
[2023-12-20T08:14:47.851-0800][53438296ms] GC(120) Pause Young (Normal) (G1 Evacuation Pause) 1730M->361M(2386M) 26.544ms
[2023-12-20T08:14:47.852-0800][53438297ms] GC(120) User=0.09s Sys=0.00s Real=0.03s
[2023-12-20T08:14:48.494-0800][53438939ms] GC(121) Pause Young (Normal) (G1 Evacuation Pause)
[2023-12-20T08:14:48.494-0800][53438939ms] GC(121) Using 10 workers of 10 for evacuation
[2023-12-20T08:14:48.521-0800][53438966ms] GC(121)   Pre Evacuate Collection Set: 0.0ms
[2023-12-20T08:14:48.521-0800][53438966ms] GC(121)   Evacuate Collection Set: 23.8ms
[2023-12-20T08:14:48.521-0800][53438966ms] GC(121)   Post Evacuate Collection Set: 2.9ms
[2023-12-20T08:14:48.521-0800][53438966ms] GC(121)   Other: 0.3ms
[2023-12-20T08:14:48.521-0800][53438966ms] GC(121) Eden regions: 685->0(685)
[2023-12-20T08:14:48.521-0800][53438966ms] GC(121) Survivor regions: 30->30(90)
[2023-12-20T08:14:48.521-0800][53438966ms] GC(121) Old regions: 146->146
[2023-12-20T08:14:48.521-0800][53438966ms] GC(121) Humongous regions: 5->5
[2023-12-20T08:14:48.521-0800][53438966ms] GC(121) Metaspace: 252830K->252830K(1290240K)
[2023-12-20T08:14:48.521-0800][53438966ms] GC(121) Pause Young (Normal) (G1 Evacuation Pause) 1731M->360M(2386M) 27.262ms
[2023-12-20T08:14:48.521-0800][53438966ms] GC(121) User=0.06s Sys=0.00s Real=0.03s
[2023-12-20T08:14:49.261-0800][53439706ms] GC(122) Pause Young (Normal) (G1 Evacuation Pause)
[2023-12-20T08:14:49.261-0800][53439706ms] GC(122) Using 10 workers of 10 for evacuation
[2023-12-20T08:14:49.291-0800][53439736ms] GC(122)   Pre Evacuate Collection Set: 0.0ms
[2023-12-20T08:14:49.291-0800][53439736ms] GC(122)   Evacuate Collection Set: 25.8ms
[2023-12-20T08:14:49.291-0800][53439736ms] GC(122)   Post Evacuate Collection Set: 3.4ms
[2023-12-20T08:14:49.291-0800][53439736ms] GC(122)   Other: 0.4ms
[2023-12-20T08:14:49.291-0800][53439736ms] GC(122) Eden regions: 685->0(686)
[2023-12-20T08:14:49.291-0800][53439736ms] GC(122) Survivor regions: 30->29(90)
[2023-12-20T08:14:49.291-0800][53439736ms] GC(122) Old regions: 146->146
[2023-12-20T08:14:49.291-0800][53439736ms] GC(122) Humongous regions: 5->5
[2023-12-20T08:14:49.291-0800][53439736ms] GC(122) Metaspace: 252830K->252830K(1290240K)
[2023-12-20T08:14:49.291-0800][53439736ms] GC(122) Pause Young (Normal) (G1 Evacuation Pause) 1730M->359M(2386M) 29.711ms
[2023-12-20T08:14:49.291-0800][53439736ms] GC(122) User=0.13s Sys=0.00s Real=0.03s
[2023-12-20T08:14:50.035-0800][53440480ms] GC(123) Pause Young (Normal) (G1 Evacuation Pause)
[2023-12-20T08:14:50.035-0800][53440480ms] GC(123) Using 10 workers of 10 for evacuation
[2023-12-20T08:14:50.062-0800][53440507ms] GC(123)   Pre Evacuate Collection Set: 0.0ms
[2023-12-20T08:14:50.062-0800][53440507ms] GC(123)   Evacuate Collection Set: 23.9ms
[2023-12-20T08:14:50.062-0800][53440507ms] GC(123)   Post Evacuate Collection Set: 2.2ms
[2023-12-20T08:14:50.062-0800][53440507ms] GC(123)   Other: 0.4ms
[2023-12-20T08:14:50.062-0800][53440507ms] GC(123) Eden regions: 686->0(685)
[2023-12-20T08:14:50.062-0800][53440507ms] GC(123) Survivor regions: 29->30(90)
[2023-12-20T08:14:50.062-0800][53440507ms] GC(123) Old regions: 146->146
[2023-12-20T08:14:50.062-0800][53440507ms] GC(123) Humongous regions: 5->5
[2023-12-20T08:14:50.062-0800][53440507ms] GC(123) Metaspace: 252830K->252830K(1290240K)
[2023-12-20T08:14:50.062-0800][53440507ms] GC(123) Pause Young (Normal) (G1 Evacuation Pause) 1731M->360M(2386M) 26.580ms
[2023-12-20T08:14:50.062-0800][53440507ms] GC(123) User=0.06s Sys=0.00s Real=0.03s
[2023-12-20T08:14:50.701-0800][53441146ms] GC(124) Pause Young (Normal) (G1 Evacuation Pause)
[2023-12-20T08:14:50.701-0800][53441146ms] GC(124) Using 10 workers of 10 for evacuation
[2023-12-20T08:14:50.728-0800][53441173ms] GC(124)   Pre Evacuate Collection Set: 0.0ms
[2023-12-20T08:14:50.728-0800][53441173ms] GC(124)   Evacuate Collection Set: 24.2ms
[2023-12-20T08:14:50.728-0800][53441173ms] GC(124)   Post Evacuate Collection Set: 2.4ms
[2023-12-20T08:14:50.728-0800][53441173ms] GC(124)   Other: 0.3ms
[2023-12-20T08:14:50.728-0800][53441173ms] GC(124) Eden regions: 685->0(684)
[2023-12-20T08:14:50.728-0800][53441173ms] GC(124) Survivor regions: 30->31(90)
[2023-12-20T08:14:50.728-0800][53441173ms] GC(124) Old regions: 146->146
[2023-12-20T08:14:50.728-0800][53441173ms] GC(124) Humongous regions: 5->5
[2023-12-20T08:14:50.728-0800][53441173ms] GC(124) Metaspace: 252830K->252830K(1290240K)
[2023-12-20T08:14:50.728-0800][53441173ms] GC(124) Pause Young (Normal) (G1 Evacuation Pause) 1730M->362M(2386M) 27.011ms
[2023-12-20T08:14:50.728-0800][53441173ms] GC(124) User=0.03s Sys=0.00s Real=0.03s
[2023-12-20T08:14:51.424-0800][53441869ms] GC(125) Pause Young (Normal) (G1 Evacuation Pause)
[2023-12-20T08:14:51.424-0800][53441869ms] GC(125) Using 10 workers of 10 for evacuation
[2023-12-20T08:14:51.454-0800][53441899ms] GC(125)   Pre Evacuate Collection Set: 0.0ms
[2023-12-20T08:14:51.454-0800][53441899ms] GC(125)   Evacuate Collection Set: 27.2ms
[2023-12-20T08:14:51.454-0800][53441899ms] GC(125)   Post Evacuate Collection Set: 3.2ms
[2023-12-20T08:14:51.454-0800][53441899ms] GC(125)   Other: 0.4ms
[2023-12-20T08:14:51.454-0800][53441899ms] GC(125) Eden regions: 684->0(686)
[2023-12-20T08:14:51.454-0800][53441899ms] GC(125) Survivor regions: 31->29(90)
[2023-12-20T08:14:51.454-0800][53441899ms] GC(125) Old regions: 146->146
[2023-12-20T08:14:51.454-0800][53441899ms] GC(125) Humongous regions: 5->5
[2023-12-20T08:14:51.454-0800][53441899ms] GC(125) Metaspace: 252830K->252830K(1290240K)
[2023-12-20T08:14:51.454-0800][53441899ms] GC(125) Pause Young (Normal) (G1 Evacuation Pause) 1730M->358M(2386M) 30.967ms
[2023-12-20T08:14:51.454-0800][53441899ms] GC(125) User=0.14s Sys=0.00s Real=0.03s
[2023-12-20T08:14:52.149-0800][53442594ms] GC(126) Pause Young (Normal) (G1 Evacuation Pause)
[2023-12-20T08:14:52.149-0800][53442594ms] GC(126) Using 10 workers of 10 for evacuation
[2023-12-20T08:14:52.175-0800][53442620ms] GC(126)   Pre Evacuate Collection Set: 0.0ms
[2023-12-20T08:14:52.175-0800][53442620ms] GC(126)   Evacuate Collection Set: 23.3ms
[2023-12-20T08:14:52.175-0800][53442620ms] GC(126)   Post Evacuate Collection Set: 2.2ms
[2023-12-20T08:14:52.175-0800][53442620ms] GC(126)   Other: 0.3ms
[2023-12-20T08:14:52.175-0800][53442620ms] GC(126) Eden regions: 686->0(686)
[2023-12-20T08:14:52.175-0800][53442620ms] GC(126) Survivor regions: 29->29(90)
[2023-12-20T08:14:52.175-0800][53442620ms] GC(126) Old regions: 146->146
[2023-12-20T08:14:52.175-0800][53442620ms] GC(126) Humongous regions: 5->5
[2023-12-20T08:14:52.175-0800][53442620ms] GC(126) Metaspace: 252830K->252830K(1290240K)
[2023-12-20T08:14:52.175-0800][53442620ms] GC(126) Pause Young (Normal) (G1 Evacuation Pause) 1730M->359M(2386M) 26.006ms
[2023-12-20T08:14:52.175-0800][53442620ms] GC(126) User=0.11s Sys=0.00s Real=0.03s
[2023-12-20T08:14:52.851-0800][53443296ms] GC(127) Pause Young (Normal) (G1 Evacuation Pause)
[2023-12-20T08:14:52.851-0800][53443296ms] GC(127) Using 10 workers of 10 for evacuation
[2023-12-20T08:14:52.878-0800][53443323ms] GC(127)   Pre Evacuate Collection Set: 0.0ms
[2023-12-20T08:14:52.878-0800][53443323ms] GC(127)   Evacuate Collection Set: 23.8ms
[2023-12-20T08:14:52.878-0800][53443323ms] GC(127)   Post Evacuate Collection Set: 2.2ms
[2023-12-20T08:14:52.878-0800][53443323ms] GC(127)   Other: 0.3ms
[2023-12-20T08:14:52.878-0800][53443323ms] GC(127) Eden regions: 686->0(685)
[2023-12-20T08:14:52.878-0800][53443323ms] GC(127) Survivor regions: 29->30(90)
[2023-12-20T08:14:52.878-0800][53443323ms] GC(127) Old regions: 146->146
[2023-12-20T08:14:52.878-0800][53443323ms] GC(127) Humongous regions: 5->5
[2023-12-20T08:14:52.878-0800][53443323ms] GC(127) Metaspace: 252830K->252830K(1290240K)
[2023-12-20T08:14:52.878-0800][53443323ms] GC(127) Pause Young (Normal) (G1 Evacuation Pause) 1731M->361M(2386M) 26.588ms
[2023-12-20T08:14:52.878-0800][53443323ms] GC(127) User=0.08s Sys=0.00s Real=0.03s
[2023-12-20T08:14:53.547-0800][53443992ms] GC(128) Pause Young (Normal) (G1 Evacuation Pause)
[2023-12-20T08:14:53.547-0800][53443992ms] GC(128) Using 10 workers of 10 for evacuation
[2023-12-20T08:14:53.574-0800][53444019ms] GC(128)   Pre Evacuate Collection Set: 0.0ms
[2023-12-20T08:14:53.575-0800][53444020ms] GC(128)   Evacuate Collection Set: 24.1ms
[2023-12-20T08:14:53.575-0800][53444020ms] GC(128)   Post Evacuate Collection Set: 2.3ms
[2023-12-20T08:14:53.575-0800][53444020ms] GC(128)   Other: 0.3ms
[2023-12-20T08:14:53.575-0800][53444020ms] GC(128) Eden regions: 685->0(686)
[2023-12-20T08:14:53.575-0800][53444020ms] GC(128) Survivor regions: 30->29(90)
[2023-12-20T08:14:53.575-0800][53444020ms] GC(128) Old regions: 146->146
[2023-12-20T08:14:53.575-0800][53444020ms] GC(128) Humongous regions: 5->5
[2023-12-20T08:14:53.575-0800][53444020ms] GC(128) Metaspace: 252830K->252830K(1290240K)
[2023-12-20T08:14:53.575-0800][53444020ms] GC(128) Pause Young (Normal) (G1 Evacuation Pause) 1731M->359M(2386M) 26.989ms
[2023-12-20T08:14:53.575-0800][53444020ms] GC(128) User=0.09s Sys=0.00s Real=0.03s
[2023-12-20T08:14:54.275-0800][53444720ms] GC(129) Pause Young (Normal) (G1 Evacuation Pause)
[2023-12-20T08:14:54.275-0800][53444720ms] GC(129) Using 10 workers of 10 for evacuation
[2023-12-20T08:14:54.305-0800][53444750ms] GC(129)   Pre Evacuate Collection Set: 0.0ms
[2023-12-20T08:14:54.305-0800][53444750ms] GC(129)   Evacuate Collection Set: 27.3ms
[2023-12-20T08:14:54.305-0800][53444750ms] GC(129)   Post Evacuate Collection Set: 2.3ms
[2023-12-20T08:14:54.305-0800][53444750ms] GC(129)   Other: 0.3ms
[2023-12-20T08:14:54.305-0800][53444750ms] GC(129) Eden regions: 686->0(685)
[2023-12-20T08:14:54.305-0800][53444750ms] GC(129) Survivor regions: 29->30(90)
[2023-12-20T08:14:54.305-0800][53444750ms] GC(129) Old regions: 146->146
[2023-12-20T08:14:54.305-0800][53444750ms] GC(129) Humongous regions: 5->5
[2023-12-20T08:14:54.305-0800][53444750ms] GC(129) Metaspace: 252833K->252833K(1290240K)
[2023-12-20T08:14:54.305-0800][53444750ms] GC(129) Pause Young (Normal) (G1 Evacuation Pause) 1731M->361M(2386M) 30.047ms
[2023-12-20T08:14:54.305-0800][53444750ms] GC(129) User=0.14s Sys=0.00s Real=0.03s
[2023-12-20T08:14:54.973-0800][53445418ms] GC(130) Pause Young (Normal) (G1 Evacuation Pause)
[2023-12-20T08:14:54.973-0800][53445418ms] GC(130) Using 10 workers of 10 for evacuation
[2023-12-20T08:14:55.001-0800][53445446ms] GC(130)   Pre Evacuate Collection Set: 0.0ms
[2023-12-20T08:14:55.001-0800][53445446ms] GC(130)   Evacuate Collection Set: 25.8ms
[2023-12-20T08:14:55.001-0800][53445446ms] GC(130)   Post Evacuate Collection Set: 2.4ms
[2023-12-20T08:14:55.001-0800][53445446ms] GC(130)   Other: 0.3ms
[2023-12-20T08:14:55.001-0800][53445446ms] GC(130) Eden regions: 685->0(685)
[2023-12-20T08:14:55.001-0800][53445446ms] GC(130) Survivor regions: 30->30(90)
[2023-12-20T08:14:55.001-0800][53445446ms] GC(130) Old regions: 146->146
[2023-12-20T08:14:55.001-0800][53445446ms] GC(130) Humongous regions: 5->5
[2023-12-20T08:14:55.001-0800][53445446ms] GC(130) Metaspace: 252833K->252833K(1290240K)
[2023-12-20T08:14:55.001-0800][53445446ms] GC(130) Pause Young (Normal) (G1 Evacuation Pause) 1731M->361M(2386M) 28.684ms
[2023-12-20T08:14:55.001-0800][53445446ms] GC(130) User=0.11s Sys=0.00s Real=0.03s
[2023-12-20T08:14:55.707-0800][53446152ms] GC(131) Pause Young (Normal) (G1 Evacuation Pause)
[2023-12-20T08:14:55.707-0800][53446152ms] GC(131) Using 10 workers of 10 for evacuation
[2023-12-20T08:14:55.734-0800][53446179ms] GC(131)   Pre Evacuate Collection Set: 0.0ms
[2023-12-20T08:14:55.734-0800][53446179ms] GC(131)   Evacuate Collection Set: 24.9ms
[2023-12-20T08:14:55.734-0800][53446179ms] GC(131)   Post Evacuate Collection Set: 2.1ms
[2023-12-20T08:14:55.734-0800][53446179ms] GC(131)   Other: 0.3ms
[2023-12-20T08:14:55.734-0800][53446179ms] GC(131) Eden regions: 685->0(685)
[2023-12-20T08:14:55.734-0800][53446179ms] GC(131) Survivor regions: 30->30(90)
[2023-12-20T08:14:55.734-0800][53446179ms] GC(131) Old regions: 146->146
[2023-12-20T08:14:55.734-0800][53446179ms] GC(131) Humongous regions: 5->5
[2023-12-20T08:14:55.734-0800][53446179ms] GC(131) Metaspace: 252833K->252833K(1290240K)
[2023-12-20T08:14:55.734-0800][53446179ms] GC(131) Pause Young (Normal) (G1 Evacuation Pause) 1731M->360M(2386M) 27.550ms
[2023-12-20T08:14:55.734-0800][53446179ms] GC(131) User=0.11s Sys=0.00s Real=0.03s
[2023-12-20T08:14:56.391-0800][53446836ms] GC(132) Pause Young (Normal) (G1 Evacuation Pause)
[2023-12-20T08:14:56.391-0800][53446836ms] GC(132) Using 10 workers of 10 for evacuation
[2023-12-20T08:14:56.418-0800][53446863ms] GC(132)   Pre Evacuate Collection Set: 0.0ms
[2023-12-20T08:14:56.418-0800][53446863ms] GC(132)   Evacuate Collection Set: 24.5ms
[2023-12-20T08:14:56.418-0800][53446863ms] GC(132)   Post Evacuate Collection Set: 2.3ms
[2023-12-20T08:14:56.418-0800][53446863ms] GC(132)   Other: 0.3ms
[2023-12-20T08:14:56.418-0800][53446863ms] GC(132) Eden regions: 685->0(685)
[2023-12-20T08:14:56.418-0800][53446863ms] GC(132) Survivor regions: 30->30(90)
[2023-12-20T08:14:56.418-0800][53446863ms] GC(132) Old regions: 146->146
[2023-12-20T08:14:56.418-0800][53446863ms] GC(132) Humongous regions: 5->5
[2023-12-20T08:14:56.418-0800][53446863ms] GC(132) Metaspace: 252833K->252833K(1290240K)
[2023-12-20T08:14:56.418-0800][53446863ms] GC(132) Pause Young (Normal) (G1 Evacuation Pause) 1730M->361M(2386M) 27.368ms
[2023-12-20T08:14:56.418-0800][53446863ms] GC(132) User=0.13s Sys=0.00s Real=0.03s
[2023-12-20T08:14:57.066-0800][53447512ms] GC(133) Pause Young (Normal) (G1 Evacuation Pause)
[2023-12-20T08:14:57.067-0800][53447512ms] GC(133) Using 10 workers of 10 for evacuation
[2023-12-20T08:14:57.094-0800][53447539ms] GC(133)   Pre Evacuate Collection Set: 0.0ms
[2023-12-20T08:14:57.094-0800][53447539ms] GC(133)   Evacuate Collection Set: 24.9ms
[2023-12-20T08:14:57.094-0800][53447539ms] GC(133)   Post Evacuate Collection Set: 2.3ms
[2023-12-20T08:14:57.094-0800][53447539ms] GC(133)   Other: 0.4ms
[2023-12-20T08:14:57.094-0800][53447539ms] GC(133) Eden regions: 685->0(685)
[2023-12-20T08:14:57.094-0800][53447539ms] GC(133) Survivor regions: 30->30(90)
[2023-12-20T08:14:57.094-0800][53447539ms] GC(133) Old regions: 146->146
[2023-12-20T08:14:57.094-0800][53447539ms] GC(133) Humongous regions: 5->5
[2023-12-20T08:14:57.094-0800][53447539ms] GC(133) Metaspace: 252833K->252833K(1290240K)
[2023-12-20T08:14:57.094-0800][53447539ms] GC(133) Pause Young (Normal) (G1 Evacuation Pause) 1731M->360M(2386M) 27.747ms
[2023-12-20T08:14:57.094-0800][53447539ms] GC(133) User=0.06s Sys=0.00s Real=0.03s
[2023-12-20T08:14:57.764-0800][53448209ms] GC(134) Pause Young (Normal) (GCLocker Initiated GC)
[2023-12-20T08:14:57.764-0800][53448209ms] GC(134) Using 10 workers of 10 for evacuation
[2023-12-20T08:14:57.791-0800][53448236ms] GC(134)   Pre Evacuate Collection Set: 0.0ms
[2023-12-20T08:14:57.791-0800][53448236ms] GC(134)   Evacuate Collection Set: 23.7ms
[2023-12-20T08:14:57.791-0800][53448236ms] GC(134)   Post Evacuate Collection Set: 2.4ms
[2023-12-20T08:14:57.791-0800][53448236ms] GC(134)   Other: 0.3ms
[2023-12-20T08:14:57.791-0800][53448236ms] GC(134) Eden regions: 686->0(685)
[2023-12-20T08:14:57.791-0800][53448236ms] GC(134) Survivor regions: 30->30(90)
[2023-12-20T08:14:57.791-0800][53448236ms] GC(134) Old regions: 146->146
[2023-12-20T08:14:57.791-0800][53448236ms] GC(134) Humongous regions: 5->5
[2023-12-20T08:14:57.791-0800][53448236ms] GC(134) Metaspace: 252833K->252833K(1290240K)
[2023-12-20T08:14:57.791-0800][53448236ms] GC(134) Pause Young (Normal) (GCLocker Initiated GC) 1731M->360M(2386M) 26.623ms
[2023-12-20T08:14:57.791-0800][53448236ms] GC(134) User=0.09s Sys=0.00s Real=0.03s
[2023-12-20T08:14:58.524-0800][53448969ms] GC(135) Pause Young (Normal) (GCLocker Initiated GC)
[2023-12-20T08:14:58.524-0800][53448969ms] GC(135) Using 10 workers of 10 for evacuation
[2023-12-20T08:14:58.550-0800][53448995ms] GC(135)   Pre Evacuate Collection Set: 0.0ms
[2023-12-20T08:14:58.550-0800][53448995ms] GC(135)   Evacuate Collection Set: 23.5ms
[2023-12-20T08:14:58.550-0800][53448995ms] GC(135)   Post Evacuate Collection Set: 2.5ms
[2023-12-20T08:14:58.550-0800][53448995ms] GC(135)   Other: 0.3ms
[2023-12-20T08:14:58.550-0800][53448995ms] GC(135) Eden regions: 686->0(685)
[2023-12-20T08:14:58.550-0800][53448995ms] GC(135) Survivor regions: 30->30(90)
[2023-12-20T08:14:58.550-0800][53448995ms] GC(135) Old regions: 146->146
[2023-12-20T08:14:58.551-0800][53448996ms] GC(135) Humongous regions: 5->5
[2023-12-20T08:14:58.551-0800][53448996ms] GC(135) Metaspace: 252833K->252833K(1290240K)
[2023-12-20T08:14:58.551-0800][53448996ms] GC(135) Pause Young (Normal) (GCLocker Initiated GC) 1731M->360M(2386M) 26.414ms
[2023-12-20T08:14:58.551-0800][53448996ms] GC(135) User=0.13s Sys=0.00s Real=0.03s
[2023-12-20T08:14:59.205-0800][53449650ms] GC(136) Pause Young (Normal) (G1 Evacuation Pause)
[2023-12-20T08:14:59.205-0800][53449650ms] GC(136) Using 10 workers of 10 for evacuation
[2023-12-20T08:14:59.233-0800][53449678ms] GC(136)   Pre Evacuate Collection Set: 0.0ms
[2023-12-20T08:14:59.233-0800][53449678ms] GC(136)   Evacuate Collection Set: 25.3ms
[2023-12-20T08:14:59.233-0800][53449678ms] GC(136)   Post Evacuate Collection Set: 2.2ms
[2023-12-20T08:14:59.233-0800][53449678ms] GC(136)   Other: 0.3ms
[2023-12-20T08:14:59.233-0800][53449678ms] GC(136) Eden regions: 685->0(685)
[2023-12-20T08:14:59.233-0800][53449678ms] GC(136) Survivor regions: 30->30(90)
[2023-12-20T08:14:59.233-0800][53449678ms] GC(136) Old regions: 146->146
[2023-12-20T08:14:59.233-0800][53449678ms] GC(136) Humongous regions: 5->5
[2023-12-20T08:14:59.233-0800][53449678ms] GC(136) Metaspace: 252833K->252833K(1290240K)
[2023-12-20T08:14:59.233-0800][53449678ms] GC(136) Pause Young (Normal) (G1 Evacuation Pause) 1730M->361M(2386M) 27.940ms
[2023-12-20T08:14:59.233-0800][53449678ms] GC(136) User=0.09s Sys=0.00s Real=0.03s
[2023-12-20T08:14:59.950-0800][53450395ms] GC(137) Pause Young (Normal) (G1 Evacuation Pause)
[2023-12-20T08:14:59.950-0800][53450395ms] GC(137) Using 10 workers of 10 for evacuation
[2023-12-20T08:14:59.977-0800][53450422ms] GC(137)   Pre Evacuate Collection Set: 0.0ms
[2023-12-20T08:14:59.977-0800][53450422ms] GC(137)   Evacuate Collection Set: 24.9ms
[2023-12-20T08:14:59.977-0800][53450422ms] GC(137)   Post Evacuate Collection Set: 2.6ms
[2023-12-20T08:14:59.977-0800][53450422ms] GC(137)   Other: 0.4ms
[2023-12-20T08:14:59.977-0800][53450422ms] GC(137) Eden regions: 685->0(685)
[2023-12-20T08:14:59.977-0800][53450422ms] GC(137) Survivor regions: 30->30(90)
[2023-12-20T08:14:59.977-0800][53450422ms] GC(137) Old regions: 146->146
[2023-12-20T08:14:59.977-0800][53450422ms] GC(137) Humongous regions: 5->5
[2023-12-20T08:14:59.977-0800][53450422ms] GC(137) Metaspace: 252833K->252833K(1290240K)
[2023-12-20T08:14:59.977-0800][53450422ms] GC(137) Pause Young (Normal) (G1 Evacuation Pause) 1731M->361M(2386M) 27.991ms
[2023-12-20T08:14:59.977-0800][53450422ms] GC(137) User=0.13s Sys=0.00s Real=0.03s
[2023-12-20T08:15:00.644-0800][53451089ms] GC(138) Pause Young (Normal) (G1 Evacuation Pause)
[2023-12-20T08:15:00.644-0800][53451089ms] GC(138) Using 10 workers of 10 for evacuation
[2023-12-20T08:15:00.670-0800][53451115ms] GC(138)   Pre Evacuate Collection Set: 0.0ms
[2023-12-20T08:15:00.670-0800][53451115ms] GC(138)   Evacuate Collection Set: 23.8ms
[2023-12-20T08:15:00.670-0800][53451115ms] GC(138)   Post Evacuate Collection Set: 2.2ms
[2023-12-20T08:15:00.670-0800][53451115ms] GC(138)   Other: 0.4ms
[2023-12-20T08:15:00.670-0800][53451115ms] GC(138) Eden regions: 685->0(685)
[2023-12-20T08:15:00.670-0800][53451115ms] GC(138) Survivor regions: 30->30(90)
[2023-12-20T08:15:00.671-0800][53451116ms] GC(138) Old regions: 146->146
[2023-12-20T08:15:00.671-0800][53451116ms] GC(138) Humongous regions: 5->5
[2023-12-20T08:15:00.671-0800][53451116ms] GC(138) Metaspace: 252833K->252833K(1290240K)
[2023-12-20T08:15:00.671-0800][53451116ms] GC(138) Pause Young (Normal) (G1 Evacuation Pause) 1731M->360M(2386M) 26.623ms
[2023-12-20T08:15:00.671-0800][53451116ms] GC(138) User=0.13s Sys=0.00s Real=0.03s
[2023-12-20T08:15:01.333-0800][53451778ms] GC(139) Pause Young (Normal) (G1 Evacuation Pause)
[2023-12-20T08:15:01.333-0800][53451778ms] GC(139) Using 10 workers of 10 for evacuation
[2023-12-20T08:15:01.362-0800][53451807ms] GC(139)   Pre Evacuate Collection Set: 0.0ms
[2023-12-20T08:15:01.362-0800][53451807ms] GC(139)   Evacuate Collection Set: 26.4ms
[2023-12-20T08:15:01.362-0800][53451807ms] GC(139)   Post Evacuate Collection Set: 2.4ms
[2023-12-20T08:15:01.362-0800][53451807ms] GC(139)   Other: 0.4ms
[2023-12-20T08:15:01.362-0800][53451807ms] GC(139) Eden regions: 685->0(685)
[2023-12-20T08:15:01.362-0800][53451807ms] GC(139) Survivor regions: 30->30(90)
[2023-12-20T08:15:01.362-0800][53451807ms] GC(139) Old regions: 146->146
[2023-12-20T08:15:01.362-0800][53451807ms] GC(139) Humongous regions: 5->5
[2023-12-20T08:15:01.362-0800][53451807ms] GC(139) Metaspace: 252833K->252833K(1290240K)
[2023-12-20T08:15:01.362-0800][53451807ms] GC(139) Pause Young (Normal) (G1 Evacuation Pause) 1730M->361M(2386M) 29.449ms
[2023-12-20T08:15:01.363-0800][53451808ms] GC(139) User=0.16s Sys=0.00s Real=0.03s
[2023-12-20T08:15:02.057-0800][53452502ms] GC(140) Pause Young (Normal) (G1 Evacuation Pause)
[2023-12-20T08:15:02.057-0800][53452502ms] GC(140) Using 10 workers of 10 for evacuation
[2023-12-20T08:15:02.083-0800][53452528ms] GC(140)   Pre Evacuate Collection Set: 0.0ms
[2023-12-20T08:15:02.083-0800][53452528ms] GC(140)   Evacuate Collection Set: 23.7ms
[2023-12-20T08:15:02.083-0800][53452528ms] GC(140)   Post Evacuate Collection Set: 2.4ms
[2023-12-20T08:15:02.083-0800][53452528ms] GC(140)   Other: 0.3ms
[2023-12-20T08:15:02.083-0800][53452528ms] GC(140) Eden regions: 685->0(685)
[2023-12-20T08:15:02.083-0800][53452528ms] GC(140) Survivor regions: 30->30(90)
[2023-12-20T08:15:02.083-0800][53452528ms] GC(140) Old regions: 146->146
[2023-12-20T08:15:02.083-0800][53452528ms] GC(140) Humongous regions: 5->5
[2023-12-20T08:15:02.083-0800][53452528ms] GC(140) Metaspace: 252833K->252833K(1290240K)
[2023-12-20T08:15:02.083-0800][53452528ms] GC(140) Pause Young (Normal) (G1 Evacuation Pause) 1731M->361M(2386M) 26.604ms
[2023-12-20T08:15:02.083-0800][53452528ms] GC(140) User=0.08s Sys=0.00s Real=0.03s
[2023-12-20T08:15:02.802-0800][53453247ms] GC(141) Pause Young (Normal) (G1 Evacuation Pause)
[2023-12-20T08:15:02.802-0800][53453247ms] GC(141) Using 10 workers of 10 for evacuation
[2023-12-20T08:15:02.832-0800][53453277ms] GC(141)   Pre Evacuate Collection Set: 0.0ms
[2023-12-20T08:15:02.832-0800][53453277ms] GC(141)   Evacuate Collection Set: 26.7ms
[2023-12-20T08:15:02.832-0800][53453277ms] GC(141)   Post Evacuate Collection Set: 2.6ms
[2023-12-20T08:15:02.832-0800][53453277ms] GC(141)   Other: 0.3ms
[2023-12-20T08:15:02.832-0800][53453277ms] GC(141) Eden regions: 685->0(685)
[2023-12-20T08:15:02.832-0800][53453277ms] GC(141) Survivor regions: 30->30(90)
[2023-12-20T08:15:02.832-0800][53453277ms] GC(141) Old regions: 146->146
[2023-12-20T08:15:02.832-0800][53453277ms] GC(141) Humongous regions: 5->5
[2023-12-20T08:15:02.832-0800][53453277ms] GC(141) Metaspace: 252833K->252833K(1290240K)
[2023-12-20T08:15:02.832-0800][53453277ms] GC(141) Pause Young (Normal) (G1 Evacuation Pause) 1731M->360M(2386M) 29.822ms
[2023-12-20T08:15:02.832-0800][53453277ms] GC(141) User=0.19s Sys=0.00s Real=0.03s
[2023-12-20T08:15:03.584-0800][53454029ms] GC(142) Pause Young (Normal) (G1 Evacuation Pause)
[2023-12-20T08:15:03.584-0800][53454029ms] GC(142) Using 10 workers of 10 for evacuation
[2023-12-20T08:15:03.611-0800][53454056ms] GC(142)   Pre Evacuate Collection Set: 0.0ms
[2023-12-20T08:15:03.611-0800][53454056ms] GC(142)   Evacuate Collection Set: 23.8ms
[2023-12-20T08:15:03.611-0800][53454056ms] GC(142)   Post Evacuate Collection Set: 2.3ms
[2023-12-20T08:15:03.611-0800][53454056ms] GC(142)   Other: 0.3ms
[2023-12-20T08:15:03.611-0800][53454056ms] GC(142) Eden regions: 685->0(685)
[2023-12-20T08:15:03.611-0800][53454056ms] GC(142) Survivor regions: 30->30(90)
[2023-12-20T08:15:03.611-0800][53454056ms] GC(142) Old regions: 146->146
[2023-12-20T08:15:03.611-0800][53454056ms] GC(142) Humongous regions: 5->5
[2023-12-20T08:15:03.611-0800][53454056ms] GC(142) Metaspace: 252833K->252833K(1290240K)
[2023-12-20T08:15:03.611-0800][53454056ms] GC(142) Pause Young (Normal) (G1 Evacuation Pause) 1730M->360M(2386M) 26.582ms
[2023-12-20T08:15:03.611-0800][53454056ms] GC(142) User=0.08s Sys=0.00s Real=0.03s
[2023-12-20T08:15:04.237-0800][53454682ms] GC(143) Pause Young (Normal) (G1 Evacuation Pause)
[2023-12-20T08:15:04.237-0800][53454682ms] GC(143) Using 10 workers of 10 for evacuation
[2023-12-20T08:15:04.265-0800][53454710ms] GC(143)   Pre Evacuate Collection Set: 0.0ms
[2023-12-20T08:15:04.265-0800][53454710ms] GC(143)   Evacuate Collection Set: 24.5ms
[2023-12-20T08:15:04.265-0800][53454710ms] GC(143)   Post Evacuate Collection Set: 2.6ms
[2023-12-20T08:15:04.265-0800][53454710ms] GC(143)   Other: 0.4ms
[2023-12-20T08:15:04.265-0800][53454710ms] GC(143) Eden regions: 685->0(685)
[2023-12-20T08:15:04.265-0800][53454710ms] GC(143) Survivor regions: 30->30(90)
[2023-12-20T08:15:04.265-0800][53454710ms] GC(143) Old regions: 146->146
[2023-12-20T08:15:04.265-0800][53454710ms] GC(143) Humongous regions: 5->5
[2023-12-20T08:15:04.265-0800][53454710ms] GC(143) Metaspace: 252833K->252833K(1290240K)
[2023-12-20T08:15:04.265-0800][53454710ms] GC(143) Pause Young (Normal) (G1 Evacuation Pause) 1730M->360M(2386M) 27.677ms
[2023-12-20T08:15:04.265-0800][53454710ms] GC(143) User=0.11s Sys=0.00s Real=0.03s
[2023-12-20T08:15:04.937-0800][53455382ms] GC(144) Pause Young (Normal) (G1 Evacuation Pause)
[2023-12-20T08:15:04.937-0800][53455382ms] GC(144) Using 10 workers of 10 for evacuation
[2023-12-20T08:15:04.964-0800][53455409ms] GC(144)   Pre Evacuate Collection Set: 0.0ms
[2023-12-20T08:15:04.964-0800][53455409ms] GC(144)   Evacuate Collection Set: 24.3ms
[2023-12-20T08:15:04.964-0800][53455409ms] GC(144)   Post Evacuate Collection Set: 2.2ms
[2023-12-20T08:15:04.964-0800][53455409ms] GC(144)   Other: 0.4ms
[2023-12-20T08:15:04.964-0800][53455409ms] GC(144) Eden regions: 685->0(685)
[2023-12-20T08:15:04.964-0800][53455409ms] GC(144) Survivor regions: 30->30(90)
[2023-12-20T08:15:04.964-0800][53455409ms] GC(144) Old regions: 146->146
[2023-12-20T08:15:04.964-0800][53455409ms] GC(144) Humongous regions: 5->5
[2023-12-20T08:15:04.964-0800][53455409ms] GC(144) Metaspace: 252833K->252833K(1290240K)
[2023-12-20T08:15:04.964-0800][53455409ms] GC(144) Pause Young (Normal) (G1 Evacuation Pause) 1730M->360M(2386M) 27.020ms
[2023-12-20T08:15:04.964-0800][53455409ms] GC(144) User=0.13s Sys=0.00s Real=0.03s
[2023-12-20T08:15:05.641-0800][53456086ms] GC(145) Pause Young (Normal) (G1 Evacuation Pause)
[2023-12-20T08:15:05.641-0800][53456086ms] GC(145) Using 10 workers of 10 for evacuation
[2023-12-20T08:15:05.667-0800][53456112ms] GC(145)   Pre Evacuate Collection Set: 0.0ms
[2023-12-20T08:15:05.667-0800][53456112ms] GC(145)   Evacuate Collection Set: 23.8ms
[2023-12-20T08:15:05.667-0800][53456112ms] GC(145)   Post Evacuate Collection Set: 2.2ms
[2023-12-20T08:15:05.667-0800][53456112ms] GC(145)   Other: 0.3ms
[2023-12-20T08:15:05.667-0800][53456112ms] GC(145) Eden regions: 685->0(686)
[2023-12-20T08:15:05.667-0800][53456112ms] GC(145) Survivor regions: 30->29(90)
[2023-12-20T08:15:05.667-0800][53456112ms] GC(145) Old regions: 146->146
[2023-12-20T08:15:05.667-0800][53456112ms] GC(145) Humongous regions: 5->5
[2023-12-20T08:15:05.667-0800][53456112ms] GC(145) Metaspace: 252833K->252833K(1290240K)
[2023-12-20T08:15:05.667-0800][53456112ms] GC(145) Pause Young (Normal) (G1 Evacuation Pause) 1730M->359M(2386M) 26.419ms
[2023-12-20T08:15:05.667-0800][53456112ms] GC(145) User=0.13s Sys=0.00s Real=0.03s
[2023-12-20T08:15:06.299-0800][53456744ms] GC(146) Pause Young (Normal) (G1 Evacuation Pause)
[2023-12-20T08:15:06.299-0800][53456744ms] GC(146) Using 10 workers of 10 for evacuation
[2023-12-20T08:15:06.326-0800][53456771ms] GC(146)   Pre Evacuate Collection Set: 0.0ms
[2023-12-20T08:15:06.326-0800][53456771ms] GC(146)   Evacuate Collection Set: 23.9ms
[2023-12-20T08:15:06.326-0800][53456771ms] GC(146)   Post Evacuate Collection Set: 2.2ms
[2023-12-20T08:15:06.326-0800][53456771ms] GC(146)   Other: 0.3ms
[2023-12-20T08:15:06.326-0800][53456771ms] GC(146) Eden regions: 686->0(686)
[2023-12-20T08:15:06.326-0800][53456771ms] GC(146) Survivor regions: 29->29(90)
[2023-12-20T08:15:06.326-0800][53456771ms] GC(146) Old regions: 146->146
[2023-12-20T08:15:06.326-0800][53456771ms] GC(146) Humongous regions: 5->5
[2023-12-20T08:15:06.326-0800][53456771ms] GC(146) Metaspace: 252833K->252833K(1290240K)
[2023-12-20T08:15:06.326-0800][53456771ms] GC(146) Pause Young (Normal) (G1 Evacuation Pause) 1731M->359M(2386M) 26.629ms
[2023-12-20T08:15:06.326-0800][53456771ms] GC(146) User=0.08s Sys=0.02s Real=0.03s
[2023-12-20T08:15:07.048-0800][53457493ms] GC(147) Pause Young (Normal) (G1 Evacuation Pause)
[2023-12-20T08:15:07.048-0800][53457493ms] GC(147) Using 10 workers of 10 for evacuation
[2023-12-20T08:15:07.075-0800][53457520ms] GC(147)   Pre Evacuate Collection Set: 0.0ms
[2023-12-20T08:15:07.075-0800][53457520ms] GC(147)   Evacuate Collection Set: 24.3ms
[2023-12-20T08:15:07.075-0800][53457520ms] GC(147)   Post Evacuate Collection Set: 2.4ms
[2023-12-20T08:15:07.075-0800][53457520ms] GC(147)   Other: 0.3ms
[2023-12-20T08:15:07.075-0800][53457520ms] GC(147) Eden regions: 686->0(685)
[2023-12-20T08:15:07.075-0800][53457520ms] GC(147) Survivor regions: 29->30(90)
[2023-12-20T08:15:07.075-0800][53457520ms] GC(147) Old regions: 146->146
[2023-12-20T08:15:07.075-0800][53457520ms] GC(147) Humongous regions: 5->5
[2023-12-20T08:15:07.075-0800][53457520ms] GC(147) Metaspace: 252833K->252833K(1290240K)
[2023-12-20T08:15:07.075-0800][53457520ms] GC(147) Pause Young (Normal) (G1 Evacuation Pause) 1731M->360M(2386M) 27.252ms
[2023-12-20T08:15:07.075-0800][53457520ms] GC(147) User=0.08s Sys=0.00s Real=0.03s
[2023-12-20T08:15:07.737-0800][53458182ms] GC(148) Pause Young (Normal) (G1 Evacuation Pause)
[2023-12-20T08:15:07.737-0800][53458182ms] GC(148) Using 10 workers of 10 for evacuation
[2023-12-20T08:15:07.765-0800][53458210ms] GC(148)   Pre Evacuate Collection Set: 0.0ms
[2023-12-20T08:15:07.765-0800][53458210ms] GC(148)   Evacuate Collection Set: 24.6ms
[2023-12-20T08:15:07.765-0800][53458210ms] GC(148)   Post Evacuate Collection Set: 2.3ms
[2023-12-20T08:15:07.765-0800][53458210ms] GC(148)   Other: 0.4ms
[2023-12-20T08:15:07.765-0800][53458210ms] GC(148) Eden regions: 685->0(685)
[2023-12-20T08:15:07.765-0800][53458210ms] GC(148) Survivor regions: 30->30(90)
[2023-12-20T08:15:07.765-0800][53458210ms] GC(148) Old regions: 146->146
[2023-12-20T08:15:07.765-0800][53458210ms] GC(148) Humongous regions: 5->5
[2023-12-20T08:15:07.765-0800][53458210ms] GC(148) Metaspace: 252833K->252833K(1290240K)
[2023-12-20T08:15:07.765-0800][53458210ms] GC(148) Pause Young (Normal) (G1 Evacuation Pause) 1730M->361M(2386M) 27.457ms
[2023-12-20T08:15:07.765-0800][53458210ms] GC(148) User=0.11s Sys=0.00s Real=0.03s
[2023-12-20T08:15:08.444-0800][53458889ms] GC(149) Pause Young (Normal) (G1 Evacuation Pause)
[2023-12-20T08:15:08.444-0800][53458889ms] GC(149) Using 10 workers of 10 for evacuation
[2023-12-20T08:15:08.473-0800][53458918ms] GC(149)   Pre Evacuate Collection Set: 0.0ms
[2023-12-20T08:15:08.473-0800][53458918ms] GC(149)   Evacuate Collection Set: 25.5ms
[2023-12-20T08:15:08.473-0800][53458918ms] GC(149)   Post Evacuate Collection Set: 2.4ms
[2023-12-20T08:15:08.473-0800][53458918ms] GC(149)   Other: 0.3ms
[2023-12-20T08:15:08.473-0800][53458918ms] GC(149) Eden regions: 685->0(685)
[2023-12-20T08:15:08.473-0800][53458918ms] GC(149) Survivor regions: 30->30(90)
[2023-12-20T08:15:08.473-0800][53458918ms] GC(149) Old regions: 146->146
[2023-12-20T08:15:08.473-0800][53458918ms] GC(149) Humongous regions: 5->5
[2023-12-20T08:15:08.473-0800][53458918ms] GC(149) Metaspace: 252835K->252835K(1290240K)
[2023-12-20T08:15:08.473-0800][53458918ms] GC(149) Pause Young (Normal) (G1 Evacuation Pause) 1731M->361M(2386M) 28.424ms
[2023-12-20T08:15:08.473-0800][53458918ms] GC(149) User=0.09s Sys=0.00s Real=0.03s
[2023-12-20T08:15:09.205-0800][53459650ms] GC(150) Pause Young (Normal) (G1 Evacuation Pause)
[2023-12-20T08:15:09.205-0800][53459650ms] GC(150) Using 10 workers of 10 for evacuation
[2023-12-20T08:15:09.233-0800][53459678ms] GC(150)   Pre Evacuate Collection Set: 0.0ms
[2023-12-20T08:15:09.233-0800][53459678ms] GC(150)   Evacuate Collection Set: 25.2ms
[2023-12-20T08:15:09.233-0800][53459678ms] GC(150)   Post Evacuate Collection Set: 2.4ms
[2023-12-20T08:15:09.233-0800][53459678ms] GC(150)   Other: 0.3ms
[2023-12-20T08:15:09.233-0800][53459678ms] GC(150) Eden regions: 685->0(685)
[2023-12-20T08:15:09.233-0800][53459678ms] GC(150) Survivor regions: 30->30(90)
[2023-12-20T08:15:09.233-0800][53459678ms] GC(150) Old regions: 146->146
[2023-12-20T08:15:09.233-0800][53459678ms] GC(150) Humongous regions: 5->5
[2023-12-20T08:15:09.233-0800][53459678ms] GC(150) Metaspace: 252845K->252845K(1290240K)
[2023-12-20T08:15:09.233-0800][53459678ms] GC(150) Pause Young (Normal) (G1 Evacuation Pause) 1731M->361M(2386M) 28.092ms
[2023-12-20T08:15:09.233-0800][53459678ms] GC(150) User=0.08s Sys=0.00s Real=0.03s
[2023-12-20T08:15:09.944-0800][53460389ms] GC(151) Pause Young (Normal) (G1 Evacuation Pause)
[2023-12-20T08:15:09.944-0800][53460389ms] GC(151) Using 10 workers of 10 for evacuation
[2023-12-20T08:15:09.972-0800][53460417ms] GC(151)   Pre Evacuate Collection Set: 0.0ms
[2023-12-20T08:15:09.972-0800][53460417ms] GC(151)   Evacuate Collection Set: 25.7ms
[2023-12-20T08:15:09.972-0800][53460417ms] GC(151)   Post Evacuate Collection Set: 2.5ms
[2023-12-20T08:15:09.972-0800][53460417ms] GC(151)   Other: 0.4ms
[2023-12-20T08:15:09.972-0800][53460417ms] GC(151) Eden regions: 685->0(685)
[2023-12-20T08:15:09.972-0800][53460417ms] GC(151) Survivor regions: 30->30(90)
[2023-12-20T08:15:09.972-0800][53460417ms] GC(151) Old regions: 146->146
[2023-12-20T08:15:09.972-0800][53460417ms] GC(151) Humongous regions: 5->5
[2023-12-20T08:15:09.972-0800][53460417ms] GC(151) Metaspace: 252846K->252846K(1290240K)
[2023-12-20T08:15:09.972-0800][53460417ms] GC(151) Pause Young (Normal) (G1 Evacuation Pause) 1731M->361M(2386M) 28.674ms
[2023-12-20T08:15:09.972-0800][53460417ms] GC(151) User=0.19s Sys=0.00s Real=0.03s
[2023-12-20T08:15:10.625-0800][53461070ms] GC(152) Pause Young (Normal) (G1 Evacuation Pause)
[2023-12-20T08:15:10.625-0800][53461070ms] GC(152) Using 10 workers of 10 for evacuation
[2023-12-20T08:15:10.656-0800][53461101ms] GC(152)   Pre Evacuate Collection Set: 0.0ms
[2023-12-20T08:15:10.656-0800][53461101ms] GC(152)   Evacuate Collection Set: 28.1ms
[2023-12-20T08:15:10.656-0800][53461101ms] GC(152)   Post Evacuate Collection Set: 2.3ms
[2023-12-20T08:15:10.656-0800][53461101ms] GC(152)   Other: 0.4ms
[2023-12-20T08:15:10.656-0800][53461101ms] GC(152) Eden regions: 685->0(686)
[2023-12-20T08:15:10.656-0800][53461101ms] GC(152) Survivor regions: 30->29(90)
[2023-12-20T08:15:10.656-0800][53461101ms] GC(152) Old regions: 146->146
[2023-12-20T08:15:10.656-0800][53461101ms] GC(152) Humongous regions: 5->5
[2023-12-20T08:15:10.657-0800][53461102ms] GC(152) Metaspace: 252846K->252846K(1290240K)
[2023-12-20T08:15:10.657-0800][53461102ms] GC(152) Pause Young (Normal) (G1 Evacuation Pause) 1731M->358M(2386M) 30.943ms
[2023-12-20T08:15:10.657-0800][53461102ms] GC(152) User=0.09s Sys=0.00s Real=0.03s
[2023-12-20T08:15:11.299-0800][53461744ms] GC(153) Pause Young (Normal) (G1 Evacuation Pause)
[2023-12-20T08:15:11.299-0800][53461744ms] GC(153) Using 10 workers of 10 for evacuation
[2023-12-20T08:15:11.326-0800][53461771ms] GC(153)   Pre Evacuate Collection Set: 0.0ms
[2023-12-20T08:15:11.326-0800][53461771ms] GC(153)   Evacuate Collection Set: 25.0ms
[2023-12-20T08:15:11.326-0800][53461771ms] GC(153)   Post Evacuate Collection Set: 2.5ms
[2023-12-20T08:15:11.326-0800][53461771ms] GC(153)   Other: 0.3ms
[2023-12-20T08:15:11.326-0800][53461771ms] GC(153) Eden regions: 686->0(685)
[2023-12-20T08:15:11.326-0800][53461771ms] GC(153) Survivor regions: 29->30(90)
[2023-12-20T08:15:11.326-0800][53461771ms] GC(153) Old regions: 146->146
[2023-12-20T08:15:11.326-0800][53461771ms] GC(153) Humongous regions: 5->5
[2023-12-20T08:15:11.326-0800][53461771ms] GC(153) Metaspace: 252846K->252846K(1290240K)
[2023-12-20T08:15:11.326-0800][53461771ms] GC(153) Pause Young (Normal) (G1 Evacuation Pause) 1730M->360M(2386M) 27.907ms
[2023-12-20T08:15:11.326-0800][53461771ms] GC(153) User=0.08s Sys=0.00s Real=0.03s
[2023-12-20T08:15:11.990-0800][53462435ms] GC(154) Pause Young (Normal) (G1 Evacuation Pause)
[2023-12-20T08:15:11.990-0800][53462435ms] GC(154) Using 10 workers of 10 for evacuation
[2023-12-20T08:15:12.017-0800][53462462ms] GC(154)   Pre Evacuate Collection Set: 0.0ms
[2023-12-20T08:15:12.017-0800][53462462ms] GC(154)   Evacuate Collection Set: 24.4ms
[2023-12-20T08:15:12.017-0800][53462462ms] GC(154)   Post Evacuate Collection Set: 2.3ms
[2023-12-20T08:15:12.017-0800][53462462ms] GC(154)   Other: 0.3ms
[2023-12-20T08:15:12.017-0800][53462462ms] GC(154) Eden regions: 685->0(684)
[2023-12-20T08:15:12.017-0800][53462462ms] GC(154) Survivor regions: 30->31(90)
[2023-12-20T08:15:12.017-0800][53462462ms] GC(154) Old regions: 146->146
[2023-12-20T08:15:12.017-0800][53462462ms] GC(154) Humongous regions: 5->5
[2023-12-20T08:15:12.017-0800][53462462ms] GC(154) Metaspace: 252846K->252846K(1290240K)
[2023-12-20T08:15:12.017-0800][53462462ms] GC(154) Pause Young (Normal) (G1 Evacuation Pause) 1730M->362M(2386M) 27.238ms
[2023-12-20T08:15:12.017-0800][53462462ms] GC(154) User=0.14s Sys=0.00s Real=0.03s
[2023-12-20T08:15:12.740-0800][53463185ms] GC(155) Pause Young (Normal) (G1 Evacuation Pause)
[2023-12-20T08:15:12.740-0800][53463185ms] GC(155) Using 10 workers of 10 for evacuation
[2023-12-20T08:15:12.768-0800][53463213ms] GC(155)   Pre Evacuate Collection Set: 0.0ms
[2023-12-20T08:15:12.768-0800][53463213ms] GC(155)   Evacuate Collection Set: 25.0ms
[2023-12-20T08:15:12.768-0800][53463213ms] GC(155)   Post Evacuate Collection Set: 2.2ms
[2023-12-20T08:15:12.768-0800][53463213ms] GC(155)   Other: 0.4ms
[2023-12-20T08:15:12.768-0800][53463213ms] GC(155) Eden regions: 684->0(685)
[2023-12-20T08:15:12.768-0800][53463213ms] GC(155) Survivor regions: 31->30(90)
[2023-12-20T08:15:12.768-0800][53463213ms] GC(155) Old regions: 146->146
[2023-12-20T08:15:12.768-0800][53463213ms] GC(155) Humongous regions: 5->5
[2023-12-20T08:15:12.768-0800][53463213ms] GC(155) Metaspace: 252846K->252846K(1290240K)
[2023-12-20T08:15:12.768-0800][53463213ms] GC(155) Pause Young (Normal) (G1 Evacuation Pause) 1730M->361M(2386M) 27.737ms
[2023-12-20T08:15:12.768-0800][53463213ms] GC(155) User=0.11s Sys=0.00s Real=0.03s
[2023-12-20T08:15:13.458-0800][53463903ms] GC(156) Pause Young (Normal) (G1 Evacuation Pause)
[2023-12-20T08:15:13.458-0800][53463903ms] GC(156) Using 10 workers of 10 for evacuation
[2023-12-20T08:15:13.484-0800][53463929ms] GC(156)   Pre Evacuate Collection Set: 0.0ms
[2023-12-20T08:15:13.484-0800][53463929ms] GC(156)   Evacuate Collection Set: 24.6ms
[2023-12-20T08:15:13.484-0800][53463929ms] GC(156)   Post Evacuate Collection Set: 2.3ms
[2023-12-20T08:15:13.486-0800][53463931ms] GC(156)   Other: 0.3ms
[2023-12-20T08:15:13.486-0800][53463931ms] GC(156) Eden regions: 685->0(685)
[2023-12-20T08:15:13.486-0800][53463931ms] GC(156) Survivor regions: 30->30(90)
[2023-12-20T08:15:13.486-0800][53463931ms] GC(156) Old regions: 146->146
[2023-12-20T08:15:13.486-0800][53463931ms] GC(156) Humongous regions: 5->5
[2023-12-20T08:15:13.486-0800][53463931ms] GC(156) Metaspace: 252846K->252846K(1290240K)
[2023-12-20T08:15:13.486-0800][53463931ms] GC(156) Pause Young (Normal) (G1 Evacuation Pause) 1731M->361M(2386M) 27.403ms
[2023-12-20T08:15:13.486-0800][53463931ms] GC(156) User=0.14s Sys=0.00s Real=0.03s
[2023-12-20T08:15:14.461-0800][53464906ms] GC(157) Pause Young (Normal) (G1 Evacuation Pause)
[2023-12-20T08:15:14.461-0800][53464906ms] GC(157) Using 10 workers of 10 for evacuation
[2023-12-20T08:15:14.491-0800][53464936ms] GC(157)   Pre Evacuate Collection Set: 0.1ms
[2023-12-20T08:15:14.492-0800][53464937ms] GC(157)   Evacuate Collection Set: 28.0ms
[2023-12-20T08:15:14.492-0800][53464937ms] GC(157)   Post Evacuate Collection Set: 2.2ms
[2023-12-20T08:15:14.492-0800][53464937ms] GC(157)   Other: 0.5ms
[2023-12-20T08:15:14.492-0800][53464937ms] GC(157) Eden regions: 685->0(682)
[2023-12-20T08:15:14.492-0800][53464937ms] GC(157) Survivor regions: 30->33(90)
[2023-12-20T08:15:14.492-0800][53464937ms] GC(157) Old regions: 146->146
[2023-12-20T08:15:14.492-0800][53464937ms] GC(157) Humongous regions: 5->5
[2023-12-20T08:15:14.492-0800][53464937ms] GC(157) Metaspace: 252949K->252949K(1290240K)
[2023-12-20T08:15:14.492-0800][53464937ms] GC(157) Pause Young (Normal) (G1 Evacuation Pause) 1731M->366M(2386M) 30.947ms
[2023-12-20T08:15:14.492-0800][53464937ms] GC(157) User=0.09s Sys=0.00s Real=0.03s
[2023-12-20T08:15:15.803-0800][53466248ms] GC(158) Pause Young (Normal) (G1 Evacuation Pause)
[2023-12-20T08:15:15.803-0800][53466248ms] GC(158) Using 10 workers of 10 for evacuation
[2023-12-20T08:15:15.834-0800][53466279ms] GC(158)   Pre Evacuate Collection Set: 0.0ms
[2023-12-20T08:15:15.834-0800][53466279ms] GC(158)   Evacuate Collection Set: 28.6ms
[2023-12-20T08:15:15.834-0800][53466279ms] GC(158)   Post Evacuate Collection Set: 2.4ms
[2023-12-20T08:15:15.834-0800][53466279ms] GC(158)   Other: 0.5ms
[2023-12-20T08:15:15.834-0800][53466279ms] GC(158) Eden regions: 682->0(680)
[2023-12-20T08:15:15.834-0800][53466279ms] GC(158) Survivor regions: 33->35(90)
[2023-12-20T08:15:15.834-0800][53466279ms] GC(158) Old regions: 146->146
[2023-12-20T08:15:15.834-0800][53466279ms] GC(158) Humongous regions: 5->5
[2023-12-20T08:15:15.834-0800][53466279ms] GC(158) Metaspace: 253244K->253244K(1290240K)
[2023-12-20T08:15:15.834-0800][53466279ms] GC(158) Pause Young (Normal) (G1 Evacuation Pause) 1730M->371M(2386M) 31.557ms
[2023-12-20T08:15:15.834-0800][53466279ms] GC(158) User=0.14s Sys=0.00s Real=0.03s
[2023-12-20T08:15:16.841-0800][53467286ms] GC(159) Pause Young (Normal) (G1 Evacuation Pause)
[2023-12-20T08:15:16.842-0800][53467287ms] GC(159) Using 10 workers of 10 for evacuation
[2023-12-20T08:15:16.872-0800][53467317ms] GC(159)   Pre Evacuate Collection Set: 0.0ms
[2023-12-20T08:15:16.872-0800][53467317ms] GC(159)   Evacuate Collection Set: 28.5ms
[2023-12-20T08:15:16.872-0800][53467317ms] GC(159)   Post Evacuate Collection Set: 2.6ms
[2023-12-20T08:15:16.872-0800][53467317ms] GC(159)   Other: 0.4ms
[2023-12-20T08:15:16.873-0800][53467318ms] GC(159) Eden regions: 680->0(679)
[2023-12-20T08:15:16.873-0800][53467318ms] GC(159) Survivor regions: 35->36(90)
[2023-12-20T08:15:16.873-0800][53467318ms] GC(159) Old regions: 146->146
[2023-12-20T08:15:16.873-0800][53467318ms] GC(159) Humongous regions: 5->5
[2023-12-20T08:15:16.873-0800][53467318ms] GC(159) Metaspace: 253267K->253267K(1292288K)
[2023-12-20T08:15:16.873-0800][53467318ms] GC(159) Pause Young (Normal) (G1 Evacuation Pause) 1731M->372M(2386M) 31.633ms
[2023-12-20T08:15:16.873-0800][53467318ms] GC(159) User=0.11s Sys=0.00s Real=0.03s
[2023-12-20T08:15:17.812-0800][53468257ms] GC(160) Pause Young (Normal) (G1 Evacuation Pause)
[2023-12-20T08:15:17.812-0800][53468257ms] GC(160) Using 10 workers of 10 for evacuation
[2023-12-20T08:15:17.843-0800][53468288ms] GC(160)   Pre Evacuate Collection Set: 0.0ms
[2023-12-20T08:15:17.843-0800][53468288ms] GC(160)   Evacuate Collection Set: 27.3ms
[2023-12-20T08:15:17.843-0800][53468288ms] GC(160)   Post Evacuate Collection Set: 2.5ms
[2023-12-20T08:15:17.843-0800][53468288ms] GC(160)   Other: 0.4ms
[2023-12-20T08:15:17.843-0800][53468288ms] GC(160) Eden regions: 679->0(681)
[2023-12-20T08:15:17.843-0800][53468288ms] GC(160) Survivor regions: 36->34(90)
[2023-12-20T08:15:17.843-0800][53468288ms] GC(160) Old regions: 146->146
[2023-12-20T08:15:17.843-0800][53468288ms] GC(160) Humongous regions: 5->5
[2023-12-20T08:15:17.843-0800][53468288ms] GC(160) Metaspace: 253298K->253298K(1292288K)
[2023-12-20T08:15:17.843-0800][53468288ms] GC(160) Pause Young (Normal) (G1 Evacuation Pause) 1730M->369M(2386M) 30.290ms
[2023-12-20T08:15:17.843-0800][53468288ms] GC(160) User=0.02s Sys=0.00s Real=0.03s
[2023-12-20T08:15:18.597-0800][53469042ms] GC(161) Pause Young (Normal) (G1 Evacuation Pause)
[2023-12-20T08:15:18.597-0800][53469042ms] GC(161) Using 10 workers of 10 for evacuation
[2023-12-20T08:15:18.628-0800][53469073ms] GC(161)   Pre Evacuate Collection Set: 0.0ms
[2023-12-20T08:15:18.628-0800][53469073ms] GC(161)   Evacuate Collection Set: 28.0ms
[2023-12-20T08:15:18.628-0800][53469073ms] GC(161)   Post Evacuate Collection Set: 2.5ms
[2023-12-20T08:15:18.628-0800][53469073ms] GC(161)   Other: 0.4ms
[2023-12-20T08:15:18.628-0800][53469073ms] GC(161) Eden regions: 681->0(682)
[2023-12-20T08:15:18.628-0800][53469073ms] GC(161) Survivor regions: 34->33(90)
[2023-12-20T08:15:18.628-0800][53469073ms] GC(161) Old regions: 146->146
[2023-12-20T08:15:18.628-0800][53469073ms] GC(161) Humongous regions: 5->5
[2023-12-20T08:15:18.628-0800][53469073ms] GC(161) Metaspace: 253310K->253310K(1292288K)
[2023-12-20T08:15:18.628-0800][53469073ms] GC(161) Pause Young (Normal) (G1 Evacuation Pause) 1731M->367M(2386M) 30.952ms
[2023-12-20T08:15:18.628-0800][53469073ms] GC(161) User=0.08s Sys=0.00s Real=0.03s
[2023-12-20T08:15:19.669-0800][53470114ms] GC(162) Pause Young (Normal) (G1 Evacuation Pause)
[2023-12-20T08:15:19.669-0800][53470114ms] GC(162) Using 10 workers of 10 for evacuation
[2023-12-20T08:15:19.700-0800][53470145ms] GC(162)   Pre Evacuate Collection Set: 0.0ms
[2023-12-20T08:15:19.700-0800][53470145ms] GC(162)   Evacuate Collection Set: 28.5ms
[2023-12-20T08:15:19.700-0800][53470145ms] GC(162)   Post Evacuate Collection Set: 2.4ms
[2023-12-20T08:15:19.700-0800][53470145ms] GC(162)   Other: 0.4ms
[2023-12-20T08:15:19.700-0800][53470145ms] GC(162) Eden regions: 682->0(682)
[2023-12-20T08:15:19.700-0800][53470145ms] GC(162) Survivor regions: 33->33(90)
[2023-12-20T08:15:19.700-0800][53470145ms] GC(162) Old regions: 146->146
[2023-12-20T08:15:19.700-0800][53470145ms] GC(162) Humongous regions: 5->5
[2023-12-20T08:15:19.700-0800][53470145ms] GC(162) Metaspace: 253322K->253322K(1292288K)
[2023-12-20T08:15:19.700-0800][53470145ms] GC(162) Pause Young (Normal) (G1 Evacuation Pause) 1731M->367M(2386M) 31.440ms
[2023-12-20T08:15:19.700-0800][53470145ms] GC(162) User=0.08s Sys=0.00s Real=0.03s
[2023-12-20T08:15:20.750-0800][53471195ms] GC(163) Pause Young (Normal) (G1 Evacuation Pause)
[2023-12-20T08:15:20.750-0800][53471195ms] GC(163) Using 10 workers of 10 for evacuation
[2023-12-20T08:15:20.779-0800][53471224ms] GC(163)   Pre Evacuate Collection Set: 0.0ms
[2023-12-20T08:15:20.779-0800][53471224ms] GC(163)   Evacuate Collection Set: 26.2ms
[2023-12-20T08:15:20.779-0800][53471224ms] GC(163)   Post Evacuate Collection Set: 2.4ms
[2023-12-20T08:15:20.779-0800][53471224ms] GC(163)   Other: 0.4ms
[2023-12-20T08:15:20.779-0800][53471224ms] GC(163) Eden regions: 682->0(681)
[2023-12-20T08:15:20.779-0800][53471224ms] GC(163) Survivor regions: 33->34(90)
[2023-12-20T08:15:20.779-0800][53471224ms] GC(163) Old regions: 146->146
[2023-12-20T08:15:20.779-0800][53471224ms] GC(163) Humongous regions: 5->5
[2023-12-20T08:15:20.779-0800][53471224ms] GC(163) Metaspace: 253352K->253352K(1292288K)
[2023-12-20T08:15:20.779-0800][53471224ms] GC(163) Pause Young (Normal) (G1 Evacuation Pause) 1731M->368M(2386M) 29.148ms
[2023-12-20T08:15:20.780-0800][53471225ms] GC(163) User=0.09s Sys=0.00s Real=0.03s
[2023-12-20T08:15:21.492-0800][53471937ms] GC(164) Pause Young (Normal) (G1 Evacuation Pause)
[2023-12-20T08:15:21.492-0800][53471937ms] GC(164) Using 10 workers of 10 for evacuation
[2023-12-20T08:15:21.520-0800][53471965ms] GC(164)   Pre Evacuate Collection Set: 0.0ms
[2023-12-20T08:15:21.520-0800][53471965ms] GC(164)   Evacuate Collection Set: 26.2ms
[2023-12-20T08:15:21.520-0800][53471965ms] GC(164)   Post Evacuate Collection Set: 2.3ms
[2023-12-20T08:15:21.520-0800][53471965ms] GC(164)   Other: 0.4ms
[2023-12-20T08:15:21.520-0800][53471965ms] GC(164) Eden regions: 681->0(682)
[2023-12-20T08:15:21.520-0800][53471965ms] GC(164) Survivor regions: 34->33(90)
[2023-12-20T08:15:21.520-0800][53471965ms] GC(164) Old regions: 146->146
[2023-12-20T08:15:21.520-0800][53471965ms] GC(164) Humongous regions: 5->5
[2023-12-20T08:15:21.520-0800][53471965ms] GC(164) Metaspace: 253353K->253353K(1292288K)
[2023-12-20T08:15:21.520-0800][53471965ms] GC(164) Pause Young (Normal) (G1 Evacuation Pause) 1730M->366M(2386M) 29.021ms
[2023-12-20T08:15:21.520-0800][53471965ms] GC(164) User=0.08s Sys=0.00s Real=0.03s
[2023-12-20T08:15:22.240-0800][53472685ms] GC(165) Pause Young (Normal) (G1 Evacuation Pause)
[2023-12-20T08:15:22.240-0800][53472685ms] GC(165) Using 10 workers of 10 for evacuation
[2023-12-20T08:15:22.272-0800][53472717ms] GC(165)   Pre Evacuate Collection Set: 0.0ms
[2023-12-20T08:15:22.272-0800][53472717ms] GC(165)   Evacuate Collection Set: 28.7ms
[2023-12-20T08:15:22.272-0800][53472717ms] GC(165)   Post Evacuate Collection Set: 2.4ms
[2023-12-20T08:15:22.272-0800][53472717ms] GC(165)   Other: 0.3ms
[2023-12-20T08:15:22.272-0800][53472717ms] GC(165) Eden regions: 682->0(682)
[2023-12-20T08:15:22.272-0800][53472717ms] GC(165) Survivor regions: 33->33(90)
[2023-12-20T08:15:22.272-0800][53472717ms] GC(165) Old regions: 146->147
[2023-12-20T08:15:22.272-0800][53472717ms] GC(165) Humongous regions: 5->5
[2023-12-20T08:15:22.272-0800][53472717ms] GC(165) Metaspace: 253353K->253353K(1292288K)
[2023-12-20T08:15:22.272-0800][53472717ms] GC(165) Pause Young (Normal) (G1 Evacuation Pause) 1730M->367M(2386M) 31.696ms
[2023-12-20T08:15:22.272-0800][53472717ms] GC(165) User=0.20s Sys=0.02s Real=0.03s
[2023-12-20T08:15:23.037-0800][53473482ms] GC(166) Pause Young (Normal) (G1 Evacuation Pause)
[2023-12-20T08:15:23.037-0800][53473482ms] GC(166) Using 10 workers of 10 for evacuation
[2023-12-20T08:15:23.067-0800][53473512ms] GC(166)   Pre Evacuate Collection Set: 0.0ms
[2023-12-20T08:15:23.067-0800][53473512ms] GC(166)   Evacuate Collection Set: 26.7ms
[2023-12-20T08:15:23.067-0800][53473512ms] GC(166)   Post Evacuate Collection Set: 2.5ms
[2023-12-20T08:15:23.067-0800][53473512ms] GC(166)   Other: 0.4ms
[2023-12-20T08:15:23.067-0800][53473512ms] GC(166) Eden regions: 682->0(683)
[2023-12-20T08:15:23.067-0800][53473512ms] GC(166) Survivor regions: 33->32(90)
[2023-12-20T08:15:23.067-0800][53473512ms] GC(166) Old regions: 147->147
[2023-12-20T08:15:23.067-0800][53473512ms] GC(166) Humongous regions: 5->5
[2023-12-20T08:15:23.067-0800][53473512ms] GC(166) Metaspace: 253353K->253353K(1292288K)
[2023-12-20T08:15:23.067-0800][53473512ms] GC(166) Pause Young (Normal) (G1 Evacuation Pause) 1731M->366M(2386M) 29.748ms
[2023-12-20T08:15:23.067-0800][53473512ms] GC(166) User=0.16s Sys=0.00s Real=0.03s
[2023-12-20T08:15:24.021-0800][53474466ms] GC(167) Pause Young (Normal) (G1 Evacuation Pause)
[2023-12-20T08:15:24.021-0800][53474466ms] GC(167) Using 10 workers of 10 for evacuation
[2023-12-20T08:15:24.050-0800][53474495ms] GC(167)   Pre Evacuate Collection Set: 0.0ms
[2023-12-20T08:15:24.050-0800][53474495ms] GC(167)   Evacuate Collection Set: 26.3ms
[2023-12-20T08:15:24.050-0800][53474495ms] GC(167)   Post Evacuate Collection Set: 2.5ms
[2023-12-20T08:15:24.050-0800][53474495ms] GC(167)   Other: 0.4ms
[2023-12-20T08:15:24.050-0800][53474495ms] GC(167) Eden regions: 683->0(683)
[2023-12-20T08:15:24.050-0800][53474495ms] GC(167) Survivor regions: 32->32(90)
[2023-12-20T08:15:24.050-0800][53474495ms] GC(167) Old regions: 147->147
[2023-12-20T08:15:24.050-0800][53474495ms] GC(167) Humongous regions: 5->5
[2023-12-20T08:15:24.050-0800][53474495ms] GC(167) Metaspace: 253353K->253353K(1292288K)
[2023-12-20T08:15:24.050-0800][53474495ms] GC(167) Pause Young (Normal) (G1 Evacuation Pause) 1732M->366M(2386M) 29.329ms
[2023-12-20T08:15:24.050-0800][53474495ms] GC(167) User=0.16s Sys=0.00s Real=0.03s
[2023-12-20T08:15:24.857-0800][53475302ms] GC(168) Pause Young (Normal) (G1 Evacuation Pause)
[2023-12-20T08:15:24.857-0800][53475302ms] GC(168) Using 10 workers of 10 for evacuation
[2023-12-20T08:15:24.887-0800][53475332ms] GC(168)   Pre Evacuate Collection Set: 0.0ms
[2023-12-20T08:15:24.887-0800][53475332ms] GC(168)   Evacuate Collection Set: 26.8ms
[2023-12-20T08:15:24.887-0800][53475332ms] GC(168)   Post Evacuate Collection Set: 2.4ms
[2023-12-20T08:15:24.887-0800][53475332ms] GC(168)   Other: 0.4ms
[2023-12-20T08:15:24.887-0800][53475332ms] GC(168) Eden regions: 683->0(682)
[2023-12-20T08:15:24.887-0800][53475332ms] GC(168) Survivor regions: 32->33(90)
[2023-12-20T08:15:24.887-0800][53475332ms] GC(168) Old regions: 147->147
[2023-12-20T08:15:24.887-0800][53475332ms] GC(168) Humongous regions: 5->5
[2023-12-20T08:15:24.887-0800][53475332ms] GC(168) Metaspace: 253355K->253355K(1292288K)
[2023-12-20T08:15:24.887-0800][53475332ms] GC(168) Pause Young (Normal) (G1 Evacuation Pause) 1732M->367M(2386M) 29.868ms
[2023-12-20T08:15:24.887-0800][53475332ms] GC(168) User=0.08s Sys=0.00s Real=0.03s
[2023-12-20T08:15:25.683-0800][53476128ms] GC(169) Pause Young (Normal) (G1 Evacuation Pause)
[2023-12-20T08:15:25.683-0800][53476128ms] GC(169) Using 10 workers of 10 for evacuation
[2023-12-20T08:15:25.723-0800][53476168ms] GC(169)   Pre Evacuate Collection Set: 0.1ms
[2023-12-20T08:15:25.723-0800][53476168ms] GC(169)   Evacuate Collection Set: 35.3ms
[2023-12-20T08:15:25.723-0800][53476168ms] GC(169)   Post Evacuate Collection Set: 4.1ms
[2023-12-20T08:15:25.723-0800][53476168ms] GC(169)   Other: 0.4ms
[2023-12-20T08:15:25.723-0800][53476168ms] GC(169) Eden regions: 682->0(682)
[2023-12-20T08:15:25.723-0800][53476168ms] GC(169) Survivor regions: 33->33(90)
[2023-12-20T08:15:25.723-0800][53476168ms] GC(169) Old regions: 147->147
[2023-12-20T08:15:25.723-0800][53476168ms] GC(169) Humongous regions: 5->5
[2023-12-20T08:15:25.723-0800][53476168ms] GC(169) Metaspace: 253368K->253368K(1292288K)
[2023-12-20T08:15:25.723-0800][53476168ms] GC(169) Pause Young (Normal) (G1 Evacuation Pause) 1731M->367M(2386M) 39.980ms
[2023-12-20T08:15:25.723-0800][53476168ms] GC(169) User=0.16s Sys=0.00s Real=0.04s
[2023-12-20T08:15:26.703-0800][53477148ms] GC(170) Pause Young (Normal) (G1 Evacuation Pause)
[2023-12-20T08:15:26.703-0800][53477148ms] GC(170) Using 10 workers of 10 for evacuation
[2023-12-20T08:15:26.732-0800][53477177ms] GC(170)   Pre Evacuate Collection Set: 0.0ms
[2023-12-20T08:15:26.732-0800][53477177ms] GC(170)   Evacuate Collection Set: 26.6ms
[2023-12-20T08:15:26.732-0800][53477177ms] GC(170)   Post Evacuate Collection Set: 2.3ms
[2023-12-20T08:15:26.732-0800][53477177ms] GC(170)   Other: 0.4ms
[2023-12-20T08:15:26.732-0800][53477177ms] GC(170) Eden regions: 682->0(683)
[2023-12-20T08:15:26.732-0800][53477177ms] GC(170) Survivor regions: 33->32(90)
[2023-12-20T08:15:26.732-0800][53477177ms] GC(170) Old regions: 147->147
[2023-12-20T08:15:26.732-0800][53477177ms] GC(170) Humongous regions: 5->5
[2023-12-20T08:15:26.732-0800][53477177ms] GC(170) Metaspace: 253369K->253369K(1292288K)
[2023-12-20T08:15:26.732-0800][53477177ms] GC(170) Pause Young (Normal) (G1 Evacuation Pause) 1731M->366M(2386M) 29.458ms
[2023-12-20T08:15:26.732-0800][53477177ms] GC(170) User=0.06s Sys=0.00s Real=0.03s
[2023-12-20T08:15:27.341-0800][53477786ms] GC(171) Pause Young (Normal) (G1 Evacuation Pause)
[2023-12-20T08:15:27.341-0800][53477786ms] GC(171) Using 10 workers of 10 for evacuation
[2023-12-20T08:15:27.373-0800][53477818ms] GC(171)   Pre Evacuate Collection Set: 0.0ms
[2023-12-20T08:15:27.373-0800][53477818ms] GC(171)   Evacuate Collection Set: 26.5ms
[2023-12-20T08:15:27.373-0800][53477818ms] GC(171)   Post Evacuate Collection Set: 5.4ms
[2023-12-20T08:15:27.373-0800][53477818ms] GC(171)   Other: 0.5ms
[2023-12-20T08:15:27.373-0800][53477818ms] GC(171) Eden regions: 683->0(683)
[2023-12-20T08:15:27.373-0800][53477818ms] GC(171) Survivor regions: 32->32(90)
[2023-12-20T08:15:27.373-0800][53477818ms] GC(171) Old regions: 147->147
[2023-12-20T08:15:27.373-0800][53477818ms] GC(171) Humongous regions: 5->5
[2023-12-20T08:15:27.373-0800][53477818ms] GC(171) Metaspace: 253369K->253369K(1292288K)
[2023-12-20T08:15:27.373-0800][53477818ms] GC(171) Pause Young (Normal) (G1 Evacuation Pause) 1732M->366M(2386M) 32.837ms
[2023-12-20T08:15:27.373-0800][53477818ms] GC(171) User=0.06s Sys=0.00s Real=0.03s
[2023-12-20T08:15:28.006-0800][53478451ms] GC(172) Pause Young (Normal) (G1 Evacuation Pause)
[2023-12-20T08:15:28.006-0800][53478451ms] GC(172) Using 10 workers of 10 for evacuation
[2023-12-20T08:15:28.039-0800][53478484ms] GC(172)   Pre Evacuate Collection Set: 0.0ms
[2023-12-20T08:15:28.039-0800][53478484ms] GC(172)   Evacuate Collection Set: 29.6ms
[2023-12-20T08:15:28.039-0800][53478484ms] GC(172)   Post Evacuate Collection Set: 2.5ms
[2023-12-20T08:15:28.039-0800][53478484ms] GC(172)   Other: 0.4ms
[2023-12-20T08:15:28.039-0800][53478484ms] GC(172) Eden regions: 683->0(683)
[2023-12-20T08:15:28.039-0800][53478484ms] GC(172) Survivor regions: 32->32(90)
[2023-12-20T08:15:28.039-0800][53478484ms] GC(172) Old regions: 147->148
[2023-12-20T08:15:28.039-0800][53478484ms] GC(172) Humongous regions: 5->5
[2023-12-20T08:15:28.039-0800][53478484ms] GC(172) Metaspace: 253370K->253370K(1292288K)
[2023-12-20T08:15:28.039-0800][53478484ms] GC(172) Pause Young (Normal) (G1 Evacuation Pause) 1732M->367M(2386M) 32.652ms
[2023-12-20T08:15:28.039-0800][53478484ms] GC(172) User=0.23s Sys=0.02s Real=0.03s
[2023-12-20T08:15:28.754-0800][53479199ms] GC(173) Pause Young (Normal) (G1 Evacuation Pause)
[2023-12-20T08:15:28.754-0800][53479199ms] GC(173) Using 10 workers of 10 for evacuation
[2023-12-20T08:15:28.784-0800][53479229ms] GC(173)   Pre Evacuate Collection Set: 0.0ms
[2023-12-20T08:15:28.784-0800][53479229ms] GC(173)   Evacuate Collection Set: 27.2ms
[2023-12-20T08:15:28.784-0800][53479229ms] GC(173)   Post Evacuate Collection Set: 2.3ms
[2023-12-20T08:15:28.784-0800][53479229ms] GC(173)   Other: 0.4ms
[2023-12-20T08:15:28.784-0800][53479229ms] GC(173) Eden regions: 683->0(685)
[2023-12-20T08:15:28.784-0800][53479229ms] GC(173) Survivor regions: 32->30(90)
[2023-12-20T08:15:28.784-0800][53479229ms] GC(173) Old regions: 148->148
[2023-12-20T08:15:28.784-0800][53479229ms] GC(173) Humongous regions: 5->5
[2023-12-20T08:15:28.784-0800][53479229ms] GC(173) Metaspace: 253370K->253370K(1292288K)
[2023-12-20T08:15:28.784-0800][53479229ms] GC(173) Pause Young (Normal) (G1 Evacuation Pause) 1733M->365M(2386M) 30.012ms
[2023-12-20T08:15:28.784-0800][53479229ms] GC(173) User=0.14s Sys=0.00s Real=0.03s
[2023-12-20T08:15:29.901-0800][53480346ms] GC(174) Pause Young (Normal) (GCLocker Initiated GC)
[2023-12-20T08:15:29.901-0800][53480346ms] GC(174) Using 10 workers of 10 for evacuation
[2023-12-20T08:15:29.948-0800][53480393ms] GC(174)   Pre Evacuate Collection Set: 0.2ms
[2023-12-20T08:15:29.948-0800][53480393ms] GC(174)   Evacuate Collection Set: 43.2ms
[2023-12-20T08:15:29.949-0800][53480394ms] GC(174)   Post Evacuate Collection Set: 3.8ms
[2023-12-20T08:15:29.949-0800][53480394ms] GC(174)   Other: 0.6ms
[2023-12-20T08:15:29.949-0800][53480394ms] GC(174) Eden regions: 686->0(684)
[2023-12-20T08:15:29.949-0800][53480394ms] GC(174) Survivor regions: 30->31(90)
[2023-12-20T08:15:29.949-0800][53480394ms] GC(174) Old regions: 148->148
[2023-12-20T08:15:29.949-0800][53480394ms] GC(174) Humongous regions: 5->5
[2023-12-20T08:15:29.949-0800][53480394ms] GC(174) Metaspace: 253377K->253377K(1292288K)
[2023-12-20T08:15:29.949-0800][53480394ms] GC(174) Pause Young (Normal) (GCLocker Initiated GC) 1736M->366M(2386M) 47.993ms
[2023-12-20T08:15:29.949-0800][53480394ms] GC(174) User=0.28s Sys=0.00s Real=0.05s
[2023-12-20T08:15:31.206-0800][53481651ms] GC(175) Pause Young (Normal) (GCLocker Initiated GC)
[2023-12-20T08:15:31.206-0800][53481651ms] GC(175) Using 10 workers of 10 for evacuation
[2023-12-20T08:15:31.236-0800][53481681ms] GC(175)   Pre Evacuate Collection Set: 0.0ms
[2023-12-20T08:15:31.236-0800][53481681ms] GC(175)   Evacuate Collection Set: 27.8ms
[2023-12-20T08:15:31.236-0800][53481681ms] GC(175)   Post Evacuate Collection Set: 2.9ms
[2023-12-20T08:15:31.236-0800][53481681ms] GC(175)   Other: 0.4ms
[2023-12-20T08:15:31.236-0800][53481681ms] GC(175) Eden regions: 685->0(685)
[2023-12-20T08:15:31.236-0800][53481681ms] GC(175) Survivor regions: 31->30(90)
[2023-12-20T08:15:31.236-0800][53481681ms] GC(175) Old regions: 148->148
[2023-12-20T08:15:31.236-0800][53481681ms] GC(175) Humongous regions: 5->5
[2023-12-20T08:15:31.236-0800][53481681ms] GC(175) Metaspace: 253377K->253377K(1292288K)
[2023-12-20T08:15:31.236-0800][53481681ms] GC(175) Pause Young (Normal) (GCLocker Initiated GC) 1735M->365M(2386M) 31.281ms
[2023-12-20T08:15:31.236-0800][53481681ms] GC(175) User=0.09s Sys=0.00s Real=0.03s
[2023-12-20T08:15:32.499-0800][53482944ms] GC(176) Pause Young (Normal) (G1 Evacuation Pause)
[2023-12-20T08:15:32.499-0800][53482944ms] GC(176) Using 10 workers of 10 for evacuation
[2023-12-20T08:15:32.529-0800][53482974ms] GC(176)   Pre Evacuate Collection Set: 0.0ms
[2023-12-20T08:15:32.529-0800][53482974ms] GC(176)   Evacuate Collection Set: 27.5ms
[2023-12-20T08:15:32.529-0800][53482974ms] GC(176)   Post Evacuate Collection Set: 2.4ms
[2023-12-20T08:15:32.529-0800][53482974ms] GC(176)   Other: 0.4ms
[2023-12-20T08:15:32.529-0800][53482974ms] GC(176) Eden regions: 685->0(684)
[2023-12-20T08:15:32.529-0800][53482974ms] GC(176) Survivor regions: 30->31(90)
[2023-12-20T08:15:32.529-0800][53482974ms] GC(176) Old regions: 148->148
[2023-12-20T08:15:32.529-0800][53482974ms] GC(176) Humongous regions: 5->5
[2023-12-20T08:15:32.529-0800][53482974ms] GC(176) Metaspace: 253388K->253388K(1292288K)
[2023-12-20T08:15:32.529-0800][53482974ms] GC(176) Pause Young (Normal) (G1 Evacuation Pause) 1735M->366M(2386M) 30.426ms
[2023-12-20T08:15:32.529-0800][53482974ms] GC(176) User=0.08s Sys=0.00s Real=0.03s
[2023-12-20T08:15:33.274-0800][53483719ms] GC(177) Pause Young (Normal) (G1 Evacuation Pause)
[2023-12-20T08:15:33.274-0800][53483719ms] GC(177) Using 10 workers of 10 for evacuation
[2023-12-20T08:15:33.308-0800][53483753ms] GC(177)   Pre Evacuate Collection Set: 0.0ms
[2023-12-20T08:15:33.308-0800][53483753ms] GC(177)   Evacuate Collection Set: 30.5ms
[2023-12-20T08:15:33.308-0800][53483753ms] GC(177)   Post Evacuate Collection Set: 3.3ms
[2023-12-20T08:15:33.308-0800][53483753ms] GC(177)   Other: 0.4ms
[2023-12-20T08:15:33.308-0800][53483753ms] GC(177) Eden regions: 684->0(685)
[2023-12-20T08:15:33.308-0800][53483753ms] GC(177) Survivor regions: 31->30(90)
[2023-12-20T08:15:33.308-0800][53483753ms] GC(177) Old regions: 148->149
[2023-12-20T08:15:33.308-0800][53483753ms] GC(177) Humongous regions: 5->5
[2023-12-20T08:15:33.308-0800][53483753ms] GC(177) Metaspace: 253388K->253388K(1292288K)
[2023-12-20T08:15:33.308-0800][53483753ms] GC(177) Pause Young (Normal) (G1 Evacuation Pause) 1734M->365M(2386M) 34.379ms
[2023-12-20T08:15:33.308-0800][53483753ms] GC(177) User=0.14s Sys=0.00s Real=0.03s
[2023-12-20T08:15:34.147-0800][53484592ms] GC(178) Pause Young (Normal) (G1 Evacuation Pause)
[2023-12-20T08:15:34.147-0800][53484592ms] GC(178) Using 10 workers of 10 for evacuation
[2023-12-20T08:15:34.179-0800][53484624ms] GC(178)   Pre Evacuate Collection Set: 0.0ms
[2023-12-20T08:15:34.179-0800][53484624ms] GC(178)   Evacuate Collection Set: 30.0ms
[2023-12-20T08:15:34.179-0800][53484624ms] GC(178)   Post Evacuate Collection Set: 2.3ms
[2023-12-20T08:15:34.179-0800][53484624ms] GC(178)   Other: 0.4ms
[2023-12-20T08:15:34.179-0800][53484624ms] GC(178) Eden regions: 685->0(685)
[2023-12-20T08:15:34.179-0800][53484624ms] GC(178) Survivor regions: 30->30(90)
[2023-12-20T08:15:34.179-0800][53484624ms] GC(178) Old regions: 149->149
[2023-12-20T08:15:34.179-0800][53484624ms] GC(178) Humongous regions: 5->5
[2023-12-20T08:15:34.179-0800][53484624ms] GC(178) Metaspace: 253388K->253388K(1292288K)
[2023-12-20T08:15:34.179-0800][53484624ms] GC(178) Pause Young (Normal) (G1 Evacuation Pause) 1735M->366M(2386M) 32.880ms
[2023-12-20T08:15:34.179-0800][53484624ms] GC(178) User=0.28s Sys=0.00s Real=0.03s
[2023-12-20T08:15:35.267-0800][53485712ms] GC(179) Pause Young (Normal) (G1 Evacuation Pause)
[2023-12-20T08:15:35.267-0800][53485712ms] GC(179) Using 10 workers of 10 for evacuation
[2023-12-20T08:15:35.299-0800][53485744ms] GC(179)   Pre Evacuate Collection Set: 0.0ms
[2023-12-20T08:15:35.299-0800][53485744ms] GC(179)   Evacuate Collection Set: 29.2ms
[2023-12-20T08:15:35.299-0800][53485744ms] GC(179)   Post Evacuate Collection Set: 3.0ms
[2023-12-20T08:15:35.299-0800][53485744ms] GC(179)   Other: 0.5ms
[2023-12-20T08:15:35.299-0800][53485744ms] GC(179) Eden regions: 685->0(686)
[2023-12-20T08:15:35.299-0800][53485744ms] GC(179) Survivor regions: 30->29(90)
[2023-12-20T08:15:35.299-0800][53485744ms] GC(179) Old regions: 149->149
[2023-12-20T08:15:35.299-0800][53485744ms] GC(179) Humongous regions: 5->5
[2023-12-20T08:15:35.299-0800][53485744ms] GC(179) Metaspace: 253388K->253388K(1292288K)
[2023-12-20T08:15:35.299-0800][53485744ms] GC(179) Pause Young (Normal) (G1 Evacuation Pause) 1736M->365M(2386M) 32.861ms
[2023-12-20T08:15:35.299-0800][53485744ms] GC(179) User=0.11s Sys=0.00s Real=0.03s
[2023-12-20T08:15:36.064-0800][53486509ms] GC(180) Pause Young (Normal) (G1 Evacuation Pause)
[2023-12-20T08:15:36.064-0800][53486509ms] GC(180) Using 10 workers of 10 for evacuation
[2023-12-20T08:15:36.093-0800][53486538ms] GC(180)   Pre Evacuate Collection Set: 0.0ms
[2023-12-20T08:15:36.093-0800][53486538ms] GC(180)   Evacuate Collection Set: 26.9ms
[2023-12-20T08:15:36.093-0800][53486538ms] GC(180)   Post Evacuate Collection Set: 2.6ms
[2023-12-20T08:15:36.093-0800][53486538ms] GC(180)   Other: 0.4ms
[2023-12-20T08:15:36.093-0800][53486538ms] GC(180) Eden regions: 686->0(685)
[2023-12-20T08:15:36.093-0800][53486538ms] GC(180) Survivor regions: 29->30(90)
[2023-12-20T08:15:36.093-0800][53486538ms] GC(180) Old regions: 149->149
[2023-12-20T08:15:36.093-0800][53486538ms] GC(180) Humongous regions: 5->5
[2023-12-20T08:15:36.093-0800][53486538ms] GC(180) Metaspace: 253388K->253388K(1292288K)
[2023-12-20T08:15:36.093-0800][53486538ms] GC(180) Pause Young (Normal) (G1 Evacuation Pause) 1737M->366M(2386M) 30.021ms
[2023-12-20T08:15:36.093-0800][53486538ms] GC(180) User=0.11s Sys=0.00s Real=0.03s
[2023-12-20T08:15:36.849-0800][53487294ms] GC(181) Pause Young (Normal) (G1 Evacuation Pause)
[2023-12-20T08:15:36.849-0800][53487294ms] GC(181) Using 10 workers of 10 for evacuation
[2023-12-20T08:15:36.878-0800][53487323ms] GC(181)   Pre Evacuate Collection Set: 0.0ms
[2023-12-20T08:15:36.878-0800][53487323ms] GC(181)   Evacuate Collection Set: 26.9ms
[2023-12-20T08:15:36.878-0800][53487323ms] GC(181)   Post Evacuate Collection Set: 2.3ms
[2023-12-20T08:15:36.878-0800][53487323ms] GC(181)   Other: 0.4ms
[2023-12-20T08:15:36.878-0800][53487323ms] GC(181) Eden regions: 685->0(685)
[2023-12-20T08:15:36.878-0800][53487323ms] GC(181) Survivor regions: 30->30(90)
[2023-12-20T08:15:36.878-0800][53487323ms] GC(181) Old regions: 149->149
[2023-12-20T08:15:36.878-0800][53487323ms] GC(181) Humongous regions: 5->5
[2023-12-20T08:15:36.878-0800][53487323ms] GC(181) Metaspace: 253388K->253388K(1292288K)
[2023-12-20T08:15:36.878-0800][53487323ms] GC(181) Pause Young (Normal) (G1 Evacuation Pause) 1736M->367M(2386M) 29.843ms
[2023-12-20T08:15:36.878-0800][53487323ms] GC(181) User=0.13s Sys=0.00s Real=0.03s
[2023-12-20T08:15:37.580-0800][53488025ms] GC(182) Pause Young (Normal) (G1 Evacuation Pause)
[2023-12-20T08:15:37.580-0800][53488025ms] GC(182) Using 10 workers of 10 for evacuation
[2023-12-20T08:15:37.609-0800][53488054ms] GC(182)   Pre Evacuate Collection Set: 0.0ms
[2023-12-20T08:15:37.609-0800][53488054ms] GC(182)   Evacuate Collection Set: 26.3ms
[2023-12-20T08:15:37.609-0800][53488054ms] GC(182)   Post Evacuate Collection Set: 2.5ms
[2023-12-20T08:15:37.609-0800][53488054ms] GC(182)   Other: 0.4ms
[2023-12-20T08:15:37.609-0800][53488054ms] GC(182) Eden regions: 685->0(685)
[2023-12-20T08:15:37.609-0800][53488054ms] GC(182) Survivor regions: 30->30(90)
[2023-12-20T08:15:37.609-0800][53488054ms] GC(182) Old regions: 149->149
[2023-12-20T08:15:37.609-0800][53488054ms] GC(182) Humongous regions: 5->5
[2023-12-20T08:15:37.609-0800][53488054ms] GC(182) Metaspace: 253388K->253388K(1292288K)
[2023-12-20T08:15:37.609-0800][53488054ms] GC(182) Pause Young (Normal) (G1 Evacuation Pause) 1737M->367M(2386M) 29.254ms
[2023-12-20T08:15:37.609-0800][53488054ms] GC(182) User=0.08s Sys=0.00s Real=0.03s
[2023-12-20T08:15:38.356-0800][53488801ms] GC(183) Pause Young (Normal) (G1 Evacuation Pause)
[2023-12-20T08:15:38.356-0800][53488801ms] GC(183) Using 10 workers of 10 for evacuation
[2023-12-20T08:15:38.385-0800][53488830ms] GC(183)   Pre Evacuate Collection Set: 0.0ms
[2023-12-20T08:15:38.385-0800][53488830ms] GC(183)   Evacuate Collection Set: 26.6ms
[2023-12-20T08:15:38.385-0800][53488830ms] GC(183)   Post Evacuate Collection Set: 2.4ms
[2023-12-20T08:15:38.385-0800][53488830ms] GC(183)   Other: 0.4ms
[2023-12-20T08:15:38.385-0800][53488830ms] GC(183) Eden regions: 685->0(685)
[2023-12-20T08:15:38.385-0800][53488830ms] GC(183) Survivor regions: 30->30(90)
[2023-12-20T08:15:38.385-0800][53488830ms] GC(183) Old regions: 149->149
[2023-12-20T08:15:38.385-0800][53488830ms] GC(183) Humongous regions: 5->5
[2023-12-20T08:15:38.385-0800][53488830ms] GC(183) Metaspace: 253393K->253393K(1292288K)
[2023-12-20T08:15:38.385-0800][53488830ms] GC(183) Pause Young (Normal) (G1 Evacuation Pause) 1737M->367M(2386M) 29.549ms
[2023-12-20T08:15:38.385-0800][53488830ms] GC(183) User=0.06s Sys=0.00s Real=0.03s
[2023-12-20T08:15:39.105-0800][53489550ms] GC(184) Pause Young (Normal) (G1 Evacuation Pause)
[2023-12-20T08:15:39.105-0800][53489550ms] GC(184) Using 10 workers of 10 for evacuation
[2023-12-20T08:15:39.135-0800][53489580ms] GC(184)   Pre Evacuate Collection Set: 0.0ms
[2023-12-20T08:15:39.135-0800][53489580ms] GC(184)   Evacuate Collection Set: 28.0ms
[2023-12-20T08:15:39.135-0800][53489580ms] GC(184)   Post Evacuate Collection Set: 2.5ms
[2023-12-20T08:15:39.135-0800][53489580ms] GC(184)   Other: 0.4ms
[2023-12-20T08:15:39.135-0800][53489580ms] GC(184) Eden regions: 685->0(685)
[2023-12-20T08:15:39.135-0800][53489580ms] GC(184) Survivor regions: 30->30(90)
[2023-12-20T08:15:39.135-0800][53489580ms] GC(184) Old regions: 149->149
[2023-12-20T08:15:39.135-0800][53489580ms] GC(184) Humongous regions: 5->5
[2023-12-20T08:15:39.135-0800][53489580ms] GC(184) Metaspace: 253393K->253393K(1292288K)
[2023-12-20T08:15:39.135-0800][53489580ms] GC(184) Pause Young (Normal) (G1 Evacuation Pause) 1737M->366M(2386M) 31.034ms
[2023-12-20T08:15:39.135-0800][53489580ms] GC(184) User=0.09s Sys=0.00s Real=0.03s
[2023-12-20T08:15:39.886-0800][53490331ms] GC(185) Pause Young (Normal) (G1 Evacuation Pause)
[2023-12-20T08:15:39.886-0800][53490331ms] GC(185) Using 10 workers of 10 for evacuation
[2023-12-20T08:15:39.916-0800][53490361ms] GC(185)   Pre Evacuate Collection Set: 0.0ms
[2023-12-20T08:15:39.916-0800][53490361ms] GC(185)   Evacuate Collection Set: 27.2ms
[2023-12-20T08:15:39.916-0800][53490361ms] GC(185)   Post Evacuate Collection Set: 2.5ms
[2023-12-20T08:15:39.916-0800][53490361ms] GC(185)   Other: 0.4ms
[2023-12-20T08:15:39.916-0800][53490361ms] GC(185) Eden regions: 685->0(685)
[2023-12-20T08:15:39.916-0800][53490361ms] GC(185) Survivor regions: 30->30(90)
[2023-12-20T08:15:39.916-0800][53490361ms] GC(185) Old regions: 149->149
[2023-12-20T08:15:39.916-0800][53490361ms] GC(185) Humongous regions: 5->5
[2023-12-20T08:15:39.916-0800][53490361ms] GC(185) Metaspace: 253393K->253393K(1292288K)
[2023-12-20T08:15:39.916-0800][53490361ms] GC(185) Pause Young (Normal) (G1 Evacuation Pause) 1736M->367M(2386M) 30.279ms
[2023-12-20T08:15:39.916-0800][53490361ms] GC(185) User=0.08s Sys=0.00s Real=0.03s
[2023-12-20T08:15:40.722-0800][53491167ms] GC(186) Pause Young (Normal) (G1 Evacuation Pause)
[2023-12-20T08:15:40.722-0800][53491167ms] GC(186) Using 10 workers of 10 for evacuation
[2023-12-20T08:15:40.752-0800][53491197ms] GC(186)   Pre Evacuate Collection Set: 0.0ms
[2023-12-20T08:15:40.752-0800][53491197ms] GC(186)   Evacuate Collection Set: 27.6ms
[2023-12-20T08:15:40.752-0800][53491197ms] GC(186)   Post Evacuate Collection Set: 2.5ms
[2023-12-20T08:15:40.752-0800][53491197ms] GC(186)   Other: 0.4ms
[2023-12-20T08:15:40.752-0800][53491197ms] GC(186) Eden regions: 685->0(685)
[2023-12-20T08:15:40.752-0800][53491197ms] GC(186) Survivor regions: 30->30(90)
[2023-12-20T08:15:40.752-0800][53491197ms] GC(186) Old regions: 149->149
[2023-12-20T08:15:40.752-0800][53491197ms] GC(186) Humongous regions: 5->5
[2023-12-20T08:15:40.752-0800][53491197ms] GC(186) Metaspace: 253393K->253393K(1292288K)
[2023-12-20T08:15:40.752-0800][53491197ms] GC(186) Pause Young (Normal) (G1 Evacuation Pause) 1737M->367M(2386M) 30.681ms
[2023-12-20T08:15:40.752-0800][53491197ms] GC(186) User=0.08s Sys=0.00s Real=0.03s
[2023-12-20T08:15:41.534-0800][53491979ms] GC(187) Pause Young (Normal) (G1 Evacuation Pause)
[2023-12-20T08:15:41.535-0800][53491980ms] GC(187) Using 10 workers of 10 for evacuation
[2023-12-20T08:15:41.565-0800][53492010ms] GC(187)   Pre Evacuate Collection Set: 0.1ms
[2023-12-20T08:15:41.565-0800][53492010ms] GC(187)   Evacuate Collection Set: 28.1ms
[2023-12-20T08:15:41.565-0800][53492010ms] GC(187)   Post Evacuate Collection Set: 2.7ms
[2023-12-20T08:15:41.565-0800][53492010ms] GC(187)   Other: 0.4ms
[2023-12-20T08:15:41.565-0800][53492010ms] GC(187) Eden regions: 685->0(685)
[2023-12-20T08:15:41.565-0800][53492010ms] GC(187) Survivor regions: 30->30(90)
[2023-12-20T08:15:41.565-0800][53492010ms] GC(187) Old regions: 149->149
[2023-12-20T08:15:41.565-0800][53492010ms] GC(187) Humongous regions: 5->5
[2023-12-20T08:15:41.565-0800][53492010ms] GC(187) Metaspace: 253393K->253393K(1292288K)
[2023-12-20T08:15:41.565-0800][53492010ms] GC(187) Pause Young (Normal) (G1 Evacuation Pause) 1737M->366M(2386M) 31.409ms
[2023-12-20T08:15:41.565-0800][53492010ms] GC(187) User=0.14s Sys=0.00s Real=0.03s
[2023-12-20T08:15:42.406-0800][53492851ms] GC(188) Pause Young (Normal) (G1 Evacuation Pause)
[2023-12-20T08:15:42.406-0800][53492851ms] GC(188) Using 10 workers of 10 for evacuation
[2023-12-20T08:15:42.437-0800][53492882ms] GC(188)   Pre Evacuate Collection Set: 0.0ms
[2023-12-20T08:15:42.437-0800][53492882ms] GC(188)   Evacuate Collection Set: 27.7ms
[2023-12-20T08:15:42.437-0800][53492882ms] GC(188)   Post Evacuate Collection Set: 2.4ms
[2023-12-20T08:15:42.437-0800][53492882ms] GC(188)   Other: 0.4ms
[2023-12-20T08:15:42.437-0800][53492882ms] GC(188) Eden regions: 685->0(685)
[2023-12-20T08:15:42.437-0800][53492882ms] GC(188) Survivor regions: 30->30(90)
[2023-12-20T08:15:42.437-0800][53492882ms] GC(188) Old regions: 149->149
[2023-12-20T08:15:42.437-0800][53492882ms] GC(188) Humongous regions: 5->5
[2023-12-20T08:15:42.437-0800][53492882ms] GC(188) Metaspace: 253393K->253393K(1292288K)
[2023-12-20T08:15:42.437-0800][53492882ms] GC(188) Pause Young (Normal) (G1 Evacuation Pause) 1736M->367M(2386M) 30.563ms
[2023-12-20T08:15:42.437-0800][53492882ms] GC(188) User=0.09s Sys=0.00s Real=0.03s
[2023-12-20T08:15:43.157-0800][53493602ms] GC(189) Pause Young (Normal) (G1 Evacuation Pause)
[2023-12-20T08:15:43.157-0800][53493602ms] GC(189) Using 10 workers of 10 for evacuation
[2023-12-20T08:15:43.186-0800][53493631ms] GC(189)   Pre Evacuate Collection Set: 0.0ms
[2023-12-20T08:15:43.186-0800][53493631ms] GC(189)   Evacuate Collection Set: 27.1ms
[2023-12-20T08:15:43.186-0800][53493631ms] GC(189)   Post Evacuate Collection Set: 2.5ms
[2023-12-20T08:15:43.186-0800][53493631ms] GC(189)   Other: 0.4ms
[2023-12-20T08:15:43.186-0800][53493631ms] GC(189) Eden regions: 685->0(685)
[2023-12-20T08:15:43.186-0800][53493631ms] GC(189) Survivor regions: 30->30(90)
[2023-12-20T08:15:43.186-0800][53493631ms] GC(189) Old regions: 149->149
[2023-12-20T08:15:43.186-0800][53493631ms] GC(189) Humongous regions: 5->5
[2023-12-20T08:15:43.186-0800][53493631ms] GC(189) Metaspace: 253400K->253400K(1292288K)
[2023-12-20T08:15:43.186-0800][53493631ms] GC(189) Pause Young (Normal) (G1 Evacuation Pause) 1737M->367M(2386M) 30.120ms
[2023-12-20T08:15:43.186-0800][53493631ms] GC(189) User=0.05s Sys=0.00s Real=0.03s
[2023-12-20T08:15:44.003-0800][53494448ms] GC(190) Pause Young (Normal) (G1 Evacuation Pause)
[2023-12-20T08:15:44.003-0800][53494448ms] GC(190) Using 10 workers of 10 for evacuation
[2023-12-20T08:15:44.033-0800][53494478ms] GC(190)   Pre Evacuate Collection Set: 0.0ms
[2023-12-20T08:15:44.033-0800][53494478ms] GC(190)   Evacuate Collection Set: 27.6ms
[2023-12-20T08:15:44.033-0800][53494478ms] GC(190)   Post Evacuate Collection Set: 2.5ms
[2023-12-20T08:15:44.033-0800][53494478ms] GC(190)   Other: 0.4ms
[2023-12-20T08:15:44.033-0800][53494478ms] GC(190) Eden regions: 685->0(685)
[2023-12-20T08:15:44.033-0800][53494478ms] GC(190) Survivor regions: 30->30(90)
[2023-12-20T08:15:44.033-0800][53494478ms] GC(190) Old regions: 149->149
[2023-12-20T08:15:44.033-0800][53494478ms] GC(190) Humongous regions: 5->5
[2023-12-20T08:15:44.033-0800][53494478ms] GC(190) Metaspace: 253418K->253418K(1292288K)
[2023-12-20T08:15:44.033-0800][53494478ms] GC(190) Pause Young (Normal) (G1 Evacuation Pause) 1737M->366M(2386M) 30.648ms
[2023-12-20T08:15:44.033-0800][53494478ms] GC(190) User=0.09s Sys=0.00s Real=0.03s
[2023-12-20T08:15:44.807-0800][53495252ms] GC(191) Pause Young (Normal) (G1 Evacuation Pause)
[2023-12-20T08:15:44.808-0800][53495253ms] GC(191) Using 10 workers of 10 for evacuation
[2023-12-20T08:15:44.837-0800][53495282ms] GC(191)   Pre Evacuate Collection Set: 0.0ms
[2023-12-20T08:15:44.837-0800][53495282ms] GC(191)   Evacuate Collection Set: 27.1ms
[2023-12-20T08:15:44.837-0800][53495282ms] GC(191)   Post Evacuate Collection Set: 2.5ms
[2023-12-20T08:15:44.837-0800][53495282ms] GC(191)   Other: 0.4ms
[2023-12-20T08:15:44.837-0800][53495282ms] GC(191) Eden regions: 685->0(685)
[2023-12-20T08:15:44.837-0800][53495282ms] GC(191) Survivor regions: 30->30(90)
[2023-12-20T08:15:44.837-0800][53495282ms] GC(191) Old regions: 149->149
[2023-12-20T08:15:44.837-0800][53495282ms] GC(191) Humongous regions: 5->5
[2023-12-20T08:15:44.837-0800][53495282ms] GC(191) Metaspace: 253418K->253418K(1292288K)
[2023-12-20T08:15:44.837-0800][53495282ms] GC(191) Pause Young (Normal) (G1 Evacuation Pause) 1736M->366M(2386M) 30.161ms
[2023-12-20T08:15:44.837-0800][53495282ms] GC(191) User=0.08s Sys=0.02s Real=0.03s
[2023-12-20T08:15:45.553-0800][53495998ms] GC(192) Pause Young (Normal) (G1 Evacuation Pause)
[2023-12-20T08:15:45.553-0800][53495998ms] GC(192) Using 10 workers of 10 for evacuation
[2023-12-20T08:15:45.583-0800][53496028ms] GC(192)   Pre Evacuate Collection Set: 0.0ms
[2023-12-20T08:15:45.583-0800][53496028ms] GC(192)   Evacuate Collection Set: 26.5ms
[2023-12-20T08:15:45.583-0800][53496028ms] GC(192)   Post Evacuate Collection Set: 2.4ms
[2023-12-20T08:15:45.583-0800][53496028ms] GC(192)   Other: 0.4ms
[2023-12-20T08:15:45.583-0800][53496028ms] GC(192) Eden regions: 685->0(685)
[2023-12-20T08:15:45.583-0800][53496028ms] GC(192) Survivor regions: 30->30(90)
[2023-12-20T08:15:45.583-0800][53496028ms] GC(192) Old regions: 149->149
[2023-12-20T08:15:45.583-0800][53496028ms] GC(192) Humongous regions: 5->5
[2023-12-20T08:15:45.583-0800][53496028ms] GC(192) Metaspace: 253418K->253418K(1292288K)
[2023-12-20T08:15:45.583-0800][53496028ms] GC(192) Pause Young (Normal) (G1 Evacuation Pause) 1736M->367M(2386M) 29.373ms
[2023-12-20T08:15:45.583-0800][53496028ms] GC(192) User=0.06s Sys=0.02s Real=0.03s
[2023-12-20T08:15:46.280-0800][53496725ms] GC(193) Pause Young (Normal) (G1 Evacuation Pause)
[2023-12-20T08:15:46.280-0800][53496725ms] GC(193) Using 10 workers of 10 for evacuation
[2023-12-20T08:15:46.312-0800][53496757ms] GC(193)   Pre Evacuate Collection Set: 0.1ms
[2023-12-20T08:15:46.312-0800][53496757ms] GC(193)   Evacuate Collection Set: 28.6ms
[2023-12-20T08:15:46.312-0800][53496757ms] GC(193)   Post Evacuate Collection Set: 3.1ms
[2023-12-20T08:15:46.312-0800][53496757ms] GC(193)   Other: 0.4ms
[2023-12-20T08:15:46.312-0800][53496757ms] GC(193) Eden regions: 685->0(685)
[2023-12-20T08:15:46.312-0800][53496757ms] GC(193) Survivor regions: 30->30(90)
[2023-12-20T08:15:46.312-0800][53496757ms] GC(193) Old regions: 149->149
[2023-12-20T08:15:46.312-0800][53496757ms] GC(193) Humongous regions: 5->5
[2023-12-20T08:15:46.312-0800][53496757ms] GC(193) Metaspace: 253418K->253418K(1292288K)
[2023-12-20T08:15:46.312-0800][53496757ms] GC(193) Pause Young (Normal) (G1 Evacuation Pause) 1737M->366M(2386M) 32.314ms
[2023-12-20T08:15:46.313-0800][53496758ms] GC(193) User=0.16s Sys=0.00s Real=0.03s
[2023-12-20T08:15:47.021-0800][53497466ms] GC(194) Pause Young (Normal) (G1 Evacuation Pause)
[2023-12-20T08:15:47.021-0800][53497466ms] GC(194) Using 10 workers of 10 for evacuation
[2023-12-20T08:15:47.053-0800][53497498ms] GC(194)   Pre Evacuate Collection Set: 0.0ms
[2023-12-20T08:15:47.053-0800][53497498ms] GC(194)   Evacuate Collection Set: 29.4ms
[2023-12-20T08:15:47.053-0800][53497498ms] GC(194)   Post Evacuate Collection Set: 2.4ms
[2023-12-20T08:15:47.053-0800][53497498ms] GC(194)   Other: 0.4ms
[2023-12-20T08:15:47.053-0800][53497498ms] GC(194) Eden regions: 685->0(685)
[2023-12-20T08:15:47.053-0800][53497498ms] GC(194) Survivor regions: 30->30(90)
[2023-12-20T08:15:47.053-0800][53497498ms] GC(194) Old regions: 149->149
[2023-12-20T08:15:47.053-0800][53497498ms] GC(194) Humongous regions: 5->5
[2023-12-20T08:15:47.053-0800][53497498ms] GC(194) Metaspace: 253418K->253418K(1292288K)
[2023-12-20T08:15:47.053-0800][53497498ms] GC(194) Pause Young (Normal) (G1 Evacuation Pause) 1736M->366M(2386M) 32.362ms
[2023-12-20T08:15:47.053-0800][53497498ms] GC(194) User=0.14s Sys=0.02s Real=0.03s
[2023-12-20T08:15:47.765-0800][53498210ms] GC(195) Pause Young (Normal) (G1 Evacuation Pause)
[2023-12-20T08:15:47.765-0800][53498210ms] GC(195) Using 10 workers of 10 for evacuation
[2023-12-20T08:15:47.795-0800][53498240ms] GC(195)   Pre Evacuate Collection Set: 0.0ms
[2023-12-20T08:15:47.795-0800][53498240ms] GC(195)   Evacuate Collection Set: 26.0ms
[2023-12-20T08:15:47.795-0800][53498240ms] GC(195)   Post Evacuate Collection Set: 2.9ms
[2023-12-20T08:15:47.795-0800][53498240ms] GC(195)   Other: 0.4ms
[2023-12-20T08:15:47.795-0800][53498240ms] GC(195) Eden regions: 685->0(685)
[2023-12-20T08:15:47.795-0800][53498240ms] GC(195) Survivor regions: 30->30(90)
[2023-12-20T08:15:47.795-0800][53498240ms] GC(195) Old regions: 149->149
[2023-12-20T08:15:47.795-0800][53498240ms] GC(195) Humongous regions: 5->5
[2023-12-20T08:15:47.795-0800][53498240ms] GC(195) Metaspace: 253418K->253418K(1292288K)
[2023-12-20T08:15:47.795-0800][53498240ms] GC(195) Pause Young (Normal) (G1 Evacuation Pause) 1736M->367M(2386M) 29.484ms
[2023-12-20T08:15:47.795-0800][53498240ms] GC(195) User=0.11s Sys=0.00s Real=0.03s
[2023-12-20T08:15:48.600-0800][53499045ms] GC(196) Pause Young (Normal) (G1 Evacuation Pause)
[2023-12-20T08:15:48.600-0800][53499045ms] GC(196) Using 10 workers of 10 for evacuation
[2023-12-20T08:15:48.629-0800][53499074ms] GC(196)   Pre Evacuate Collection Set: 0.0ms
[2023-12-20T08:15:48.629-0800][53499074ms] GC(196)   Evacuate Collection Set: 26.9ms
[2023-12-20T08:15:48.629-0800][53499074ms] GC(196)   Post Evacuate Collection Set: 2.5ms
[2023-12-20T08:15:48.629-0800][53499074ms] GC(196)   Other: 0.4ms
[2023-12-20T08:15:48.629-0800][53499074ms] GC(196) Eden regions: 685->0(685)
[2023-12-20T08:15:48.629-0800][53499074ms] GC(196) Survivor regions: 30->30(90)
[2023-12-20T08:15:48.629-0800][53499074ms] GC(196) Old regions: 149->149
[2023-12-20T08:15:48.629-0800][53499074ms] GC(196) Humongous regions: 5->5
[2023-12-20T08:15:48.629-0800][53499074ms] GC(196) Metaspace: 253418K->253418K(1292288K)
[2023-12-20T08:15:48.629-0800][53499074ms] GC(196) Pause Young (Normal) (G1 Evacuation Pause) 1737M->367M(2386M) 29.869ms
[2023-12-20T08:15:48.629-0800][53499074ms] GC(196) User=0.11s Sys=0.00s Real=0.03s
[2023-12-20T08:15:49.302-0800][53499747ms] GC(197) Pause Young (Normal) (G1 Evacuation Pause)
[2023-12-20T08:15:49.302-0800][53499747ms] GC(197) Using 10 workers of 10 for evacuation
[2023-12-20T08:15:49.332-0800][53499777ms] GC(197)   Pre Evacuate Collection Set: 0.1ms
[2023-12-20T08:15:49.332-0800][53499777ms] GC(197)   Evacuate Collection Set: 27.8ms
[2023-12-20T08:15:49.332-0800][53499777ms] GC(197)   Post Evacuate Collection Set: 2.8ms
[2023-12-20T08:15:49.332-0800][53499777ms] GC(197)   Other: 0.4ms
[2023-12-20T08:15:49.332-0800][53499777ms] GC(197) Eden regions: 685->0(685)
[2023-12-20T08:15:49.332-0800][53499777ms] GC(197) Survivor regions: 30->30(90)
[2023-12-20T08:15:49.332-0800][53499777ms] GC(197) Old regions: 149->149
[2023-12-20T08:15:49.332-0800][53499777ms] GC(197) Humongous regions: 5->5
[2023-12-20T08:15:49.332-0800][53499777ms] GC(197) Metaspace: 253418K->253418K(1292288K)
[2023-12-20T08:15:49.332-0800][53499777ms] GC(197) Pause Young (Normal) (G1 Evacuation Pause) 1737M->367M(2386M) 31.240ms
[2023-12-20T08:15:49.332-0800][53499777ms] GC(197) User=0.09s Sys=0.00s Real=0.03s
[2023-12-20T08:15:49.952-0800][53500397ms] GC(198) Pause Young (Normal) (G1 Evacuation Pause)
[2023-12-20T08:15:49.952-0800][53500397ms] GC(198) Using 10 workers of 10 for evacuation
[2023-12-20T08:15:49.982-0800][53500427ms] GC(198)   Pre Evacuate Collection Set: 0.0ms
[2023-12-20T08:15:49.982-0800][53500427ms] GC(198)   Evacuate Collection Set: 25.9ms
[2023-12-20T08:15:49.982-0800][53500427ms] GC(198)   Post Evacuate Collection Set: 3.2ms
[2023-12-20T08:15:49.982-0800][53500427ms] GC(198)   Other: 0.4ms
[2023-12-20T08:15:49.982-0800][53500427ms] GC(198) Eden regions: 685->0(685)
[2023-12-20T08:15:49.982-0800][53500427ms] GC(198) Survivor regions: 30->30(90)
[2023-12-20T08:15:49.982-0800][53500427ms] GC(198) Old regions: 149->150
[2023-12-20T08:15:49.982-0800][53500427ms] GC(198) Humongous regions: 5->5
[2023-12-20T08:15:49.982-0800][53500427ms] GC(198) Metaspace: 253418K->253418K(1292288K)
[2023-12-20T08:15:49.982-0800][53500427ms] GC(198) Pause Young (Normal) (G1 Evacuation Pause) 1737M->368M(2386M) 29.725ms
[2023-12-20T08:15:49.982-0800][53500427ms] GC(198) User=0.13s Sys=0.00s Real=0.03s
[2023-12-20T08:15:50.693-0800][53501138ms] GC(199) Pause Young (Normal) (G1 Evacuation Pause)
[2023-12-20T08:15:50.693-0800][53501138ms] GC(199) Using 10 workers of 10 for evacuation
[2023-12-20T08:15:50.722-0800][53501167ms] GC(199)   Pre Evacuate Collection Set: 0.0ms
[2023-12-20T08:15:50.722-0800][53501167ms] GC(199)   Evacuate Collection Set: 26.5ms
[2023-12-20T08:15:50.722-0800][53501167ms] GC(199)   Post Evacuate Collection Set: 2.5ms
[2023-12-20T08:15:50.722-0800][53501167ms] GC(199)   Other: 0.5ms
[2023-12-20T08:15:50.722-0800][53501167ms] GC(199) Eden regions: 685->0(685)
[2023-12-20T08:15:50.722-0800][53501167ms] GC(199) Survivor regions: 30->30(90)
[2023-12-20T08:15:50.722-0800][53501167ms] GC(199) Old regions: 150->150
[2023-12-20T08:15:50.722-0800][53501167ms] GC(199) Humongous regions: 5->5
[2023-12-20T08:15:50.722-0800][53501167ms] GC(199) Metaspace: 253418K->253418K(1292288K)
[2023-12-20T08:15:50.722-0800][53501167ms] GC(199) Pause Young (Normal) (G1 Evacuation Pause) 1738M->368M(2386M) 29.540ms
[2023-12-20T08:15:50.722-0800][53501167ms] GC(199) User=0.13s Sys=0.00s Real=0.03s
[2023-12-20T08:15:51.477-0800][53501922ms] GC(200) Pause Young (Normal) (G1 Evacuation Pause)
[2023-12-20T08:15:51.477-0800][53501922ms] GC(200) Using 10 workers of 10 for evacuation
[2023-12-20T08:15:51.507-0800][53501952ms] GC(200)   Pre Evacuate Collection Set: 0.1ms
[2023-12-20T08:15:51.507-0800][53501952ms] GC(200)   Evacuate Collection Set: 26.6ms
[2023-12-20T08:15:51.507-0800][53501952ms] GC(200)   Post Evacuate Collection Set: 2.6ms
[2023-12-20T08:15:51.507-0800][53501952ms] GC(200)   Other: 0.4ms
[2023-12-20T08:15:51.507-0800][53501952ms] GC(200) Eden regions: 685->0(685)
[2023-12-20T08:15:51.507-0800][53501952ms] GC(200) Survivor regions: 30->30(90)
[2023-12-20T08:15:51.507-0800][53501952ms] GC(200) Old regions: 150->150
[2023-12-20T08:15:51.507-0800][53501952ms] GC(200) Humongous regions: 5->5
[2023-12-20T08:15:51.507-0800][53501952ms] GC(200) Metaspace: 253418K->253418K(1292288K)
[2023-12-20T08:15:51.507-0800][53501952ms] GC(200) Pause Young (Normal) (G1 Evacuation Pause) 1738M->368M(2386M) 29.675ms
[2023-12-20T08:15:51.507-0800][53501952ms] GC(200) User=0.13s Sys=0.00s Real=0.03s
[2023-12-20T08:15:52.109-0800][53502554ms] GC(201) Pause Young (Normal) (G1 Evacuation Pause)
[2023-12-20T08:15:52.109-0800][53502554ms] GC(201) Using 10 workers of 10 for evacuation
[2023-12-20T08:15:52.138-0800][53502583ms] GC(201)   Pre Evacuate Collection Set: 0.0ms
[2023-12-20T08:15:52.138-0800][53502583ms] GC(201)   Evacuate Collection Set: 26.3ms
[2023-12-20T08:15:52.138-0800][53502583ms] GC(201)   Post Evacuate Collection Set: 2.5ms
[2023-12-20T08:15:52.138-0800][53502583ms] GC(201)   Other: 0.3ms
[2023-12-20T08:15:52.138-0800][53502583ms] GC(201) Eden regions: 685->0(685)
[2023-12-20T08:15:52.138-0800][53502583ms] GC(201) Survivor regions: 30->30(90)
[2023-12-20T08:15:52.138-0800][53502583ms] GC(201) Old regions: 150->150
[2023-12-20T08:15:52.138-0800][53502583ms] GC(201) Humongous regions: 5->5
[2023-12-20T08:15:52.138-0800][53502583ms] GC(201) Metaspace: 253418K->253418K(1292288K)
[2023-12-20T08:15:52.138-0800][53502583ms] GC(201) Pause Young (Normal) (G1 Evacuation Pause) 1738M->368M(2386M) 29.319ms
[2023-12-20T08:15:52.138-0800][53502583ms] GC(201) User=0.11s Sys=0.00s Real=0.03s
[2023-12-20T08:15:52.864-0800][53503309ms] GC(202) Pause Young (Normal) (G1 Evacuation Pause)
[2023-12-20T08:15:52.864-0800][53503309ms] GC(202) Using 10 workers of 10 for evacuation
[2023-12-20T08:15:52.893-0800][53503338ms] GC(202)   Pre Evacuate Collection Set: 0.0ms
[2023-12-20T08:15:52.893-0800][53503338ms] GC(202)   Evacuate Collection Set: 26.5ms
[2023-12-20T08:15:52.893-0800][53503338ms] GC(202)   Post Evacuate Collection Set: 2.5ms
[2023-12-20T08:15:52.893-0800][53503338ms] GC(202)   Other: 0.4ms
[2023-12-20T08:15:52.893-0800][53503338ms] GC(202) Eden regions: 685->0(685)
[2023-12-20T08:15:52.893-0800][53503338ms] GC(202) Survivor regions: 30->30(90)
[2023-12-20T08:15:52.893-0800][53503338ms] GC(202) Old regions: 150->150
[2023-12-20T08:15:52.893-0800][53503338ms] GC(202) Humongous regions: 5->5
[2023-12-20T08:15:52.893-0800][53503338ms] GC(202) Metaspace: 253418K->253418K(1292288K)
[2023-12-20T08:15:52.893-0800][53503338ms] GC(202) Pause Young (Normal) (G1 Evacuation Pause) 1738M->368M(2386M) 29.549ms
[2023-12-20T08:15:52.893-0800][53503338ms] GC(202) User=0.11s Sys=0.00s Real=0.03s
[2023-12-20T08:15:53.587-0800][53504032ms] GC(203) Pause Young (Normal) (G1 Evacuation Pause)
[2023-12-20T08:15:53.587-0800][53504032ms] GC(203) Using 10 workers of 10 for evacuation
[2023-12-20T08:15:53.614-0800][53504059ms] GC(203)   Pre Evacuate Collection Set: 0.0ms
[2023-12-20T08:15:53.614-0800][53504059ms] GC(203)   Evacuate Collection Set: 25.6ms
[2023-12-20T08:15:53.616-0800][53504061ms] GC(203)   Post Evacuate Collection Set: 2.5ms
[2023-12-20T08:15:53.616-0800][53504061ms] GC(203)   Other: 0.4ms
[2023-12-20T08:15:53.616-0800][53504061ms] GC(203) Eden regions: 685->0(685)
[2023-12-20T08:15:53.616-0800][53504061ms] GC(203) Survivor regions: 30->30(90)
[2023-12-20T08:15:53.616-0800][53504061ms] GC(203) Old regions: 150->150
[2023-12-20T08:15:53.616-0800][53504061ms] GC(203) Humongous regions: 5->5
[2023-12-20T08:15:53.616-0800][53504061ms] GC(203) Metaspace: 253420K->253420K(1292288K)
[2023-12-20T08:15:53.616-0800][53504061ms] GC(203) Pause Young (Normal) (G1 Evacuation Pause) 1738M->367M(2386M) 28.663ms
[2023-12-20T08:15:53.616-0800][53504061ms] GC(203) User=0.08s Sys=0.00s Real=0.03s
[2023-12-20T08:15:54.347-0800][53504792ms] GC(204) Pause Young (Normal) (G1 Evacuation Pause)
[2023-12-20T08:15:54.347-0800][53504792ms] GC(204) Using 10 workers of 10 for evacuation
[2023-12-20T08:15:54.380-0800][53504825ms] GC(204)   Pre Evacuate Collection Set: 0.1ms
[2023-12-20T08:15:54.380-0800][53504825ms] GC(204)   Evacuate Collection Set: 29.7ms
[2023-12-20T08:15:54.380-0800][53504825ms] GC(204)   Post Evacuate Collection Set: 2.8ms
[2023-12-20T08:15:54.380-0800][53504825ms] GC(204)   Other: 0.5ms
[2023-12-20T08:15:54.380-0800][53504825ms] GC(204) Eden regions: 685->0(685)
[2023-12-20T08:15:54.380-0800][53504825ms] GC(204) Survivor regions: 30->30(90)
[2023-12-20T08:15:54.380-0800][53504825ms] GC(204) Old regions: 150->150
[2023-12-20T08:15:54.380-0800][53504825ms] GC(204) Humongous regions: 5->5
[2023-12-20T08:15:54.380-0800][53504825ms] GC(204) Metaspace: 253426K->253426K(1292288K)
[2023-12-20T08:15:54.380-0800][53504825ms] GC(204) Pause Young (Normal) (G1 Evacuation Pause) 1737M->368M(2386M) 33.285ms
[2023-12-20T08:15:54.380-0800][53504825ms] GC(204) User=0.06s Sys=0.00s Real=0.03s
[2023-12-20T08:15:55.114-0800][53505559ms] GC(205) Pause Young (Normal) (G1 Evacuation Pause)
[2023-12-20T08:15:55.114-0800][53505559ms] GC(205) Using 10 workers of 10 for evacuation
[2023-12-20T08:15:55.143-0800][53505588ms] GC(205)   Pre Evacuate Collection Set: 0.0ms
[2023-12-20T08:15:55.143-0800][53505588ms] GC(205)   Evacuate Collection Set: 26.5ms
[2023-12-20T08:15:55.143-0800][53505588ms] GC(205)   Post Evacuate Collection Set: 2.4ms
[2023-12-20T08:15:55.143-0800][53505588ms] GC(205)   Other: 0.4ms
[2023-12-20T08:15:55.143-0800][53505588ms] GC(205) Eden regions: 685->0(684)
[2023-12-20T08:15:55.143-0800][53505588ms] GC(205) Survivor regions: 30->31(90)
[2023-12-20T08:15:55.143-0800][53505588ms] GC(205) Old regions: 150->150
[2023-12-20T08:15:55.143-0800][53505588ms] GC(205) Humongous regions: 5->5
[2023-12-20T08:15:55.143-0800][53505588ms] GC(205) Metaspace: 253426K->253426K(1292288K)
[2023-12-20T08:15:55.143-0800][53505588ms] GC(205) Pause Young (Normal) (G1 Evacuation Pause) 1738M->369M(2386M) 29.417ms
[2023-12-20T08:15:55.143-0800][53505588ms] GC(205) User=0.09s Sys=0.00s Real=0.03s
[2023-12-20T08:15:55.917-0800][53506362ms] GC(206) Pause Young (Normal) (G1 Evacuation Pause)
[2023-12-20T08:15:55.917-0800][53506362ms] GC(206) Using 10 workers of 10 for evacuation
[2023-12-20T08:15:55.947-0800][53506392ms] GC(206)   Pre Evacuate Collection Set: 0.0ms
[2023-12-20T08:15:55.947-0800][53506392ms] GC(206)   Evacuate Collection Set: 27.8ms
[2023-12-20T08:15:55.947-0800][53506392ms] GC(206)   Post Evacuate Collection Set: 2.4ms
[2023-12-20T08:15:55.947-0800][53506392ms] GC(206)   Other: 0.5ms
[2023-12-20T08:15:55.947-0800][53506392ms] GC(206) Eden regions: 684->0(685)
[2023-12-20T08:15:55.947-0800][53506392ms] GC(206) Survivor regions: 31->30(90)
[2023-12-20T08:15:55.947-0800][53506392ms] GC(206) Old regions: 150->150
[2023-12-20T08:15:55.947-0800][53506392ms] GC(206) Humongous regions: 5->5
[2023-12-20T08:15:55.947-0800][53506392ms] GC(206) Metaspace: 253426K->253426K(1292288K)
[2023-12-20T08:15:55.947-0800][53506392ms] GC(206) Pause Young (Normal) (G1 Evacuation Pause) 1737M->367M(2386M) 30.891ms
[2023-12-20T08:15:55.947-0800][53506392ms] GC(206) User=0.13s Sys=0.00s Real=0.03s
[2023-12-20T08:15:56.551-0800][53506996ms] GC(207) Pause Young (Normal) (G1 Evacuation Pause)
[2023-12-20T08:15:56.551-0800][53506996ms] GC(207) Using 10 workers of 10 for evacuation
[2023-12-20T08:15:56.580-0800][53507025ms] GC(207)   Pre Evacuate Collection Set: 0.0ms
[2023-12-20T08:15:56.580-0800][53507025ms] GC(207)   Evacuate Collection Set: 26.2ms
[2023-12-20T08:15:56.580-0800][53507025ms] GC(207)   Post Evacuate Collection Set: 2.5ms
[2023-12-20T08:15:56.580-0800][53507025ms] GC(207)   Other: 0.4ms
[2023-12-20T08:15:56.580-0800][53507025ms] GC(207) Eden regions: 685->0(685)
[2023-12-20T08:15:56.580-0800][53507025ms] GC(207) Survivor regions: 30->30(90)
[2023-12-20T08:15:56.580-0800][53507025ms] GC(207) Old regions: 150->150
[2023-12-20T08:15:56.580-0800][53507025ms] GC(207) Humongous regions: 5->5
[2023-12-20T08:15:56.580-0800][53507025ms] GC(207) Metaspace: 253426K->253426K(1292288K)
[2023-12-20T08:15:56.580-0800][53507025ms] GC(207) Pause Young (Normal) (G1 Evacuation Pause) 1737M->367M(2386M) 29.253ms
[2023-12-20T08:15:56.580-0800][53507025ms] GC(207) User=0.11s Sys=0.00s Real=0.03s
[2023-12-20T08:15:57.095-0800][53507540ms] GC(208) Pause Young (Normal) (G1 Evacuation Pause)
[2023-12-20T08:15:57.095-0800][53507540ms] GC(208) Using 10 workers of 10 for evacuation
[2023-12-20T08:15:57.126-0800][53507571ms] GC(208)   Pre Evacuate Collection Set: 0.0ms
[2023-12-20T08:15:57.126-0800][53507571ms] GC(208)   Evacuate Collection Set: 28.7ms
[2023-12-20T08:15:57.126-0800][53507571ms] GC(208)   Post Evacuate Collection Set: 2.5ms
[2023-12-20T08:15:57.126-0800][53507571ms] GC(208)   Other: 0.4ms
[2023-12-20T08:15:57.126-0800][53507571ms] GC(208) Eden regions: 685->0(685)
[2023-12-20T08:15:57.126-0800][53507571ms] GC(208) Survivor regions: 30->30(90)
[2023-12-20T08:15:57.126-0800][53507571ms] GC(208) Old regions: 150->150
[2023-12-20T08:15:57.126-0800][53507571ms] GC(208) Humongous regions: 5->5
[2023-12-20T08:15:57.126-0800][53507571ms] GC(208) Metaspace: 253426K->253426K(1292288K)
[2023-12-20T08:15:57.126-0800][53507571ms] GC(208) Pause Young (Normal) (G1 Evacuation Pause) 1737M->367M(2386M) 31.732ms
[2023-12-20T08:15:57.126-0800][53507571ms] GC(208) User=0.11s Sys=0.00s Real=0.03s
[2023-12-20T08:15:57.835-0800][53508280ms] GC(209) Pause Young (Normal) (G1 Evacuation Pause)
[2023-12-20T08:15:57.835-0800][53508280ms] GC(209) Using 10 workers of 10 for evacuation
[2023-12-20T08:15:57.865-0800][53508310ms] GC(209)   Pre Evacuate Collection Set: 0.0ms
[2023-12-20T08:15:57.865-0800][53508310ms] GC(209)   Evacuate Collection Set: 27.8ms
[2023-12-20T08:15:57.865-0800][53508310ms] GC(209)   Post Evacuate Collection Set: 2.4ms
[2023-12-20T08:15:57.865-0800][53508310ms] GC(209)   Other: 0.4ms
[2023-12-20T08:15:57.865-0800][53508310ms] GC(209) Eden regions: 685->0(685)
[2023-12-20T08:15:57.865-0800][53508310ms] GC(209) Survivor regions: 30->30(90)
[2023-12-20T08:15:57.865-0800][53508310ms] GC(209) Old regions: 150->150
[2023-12-20T08:15:57.865-0800][53508310ms] GC(209) Humongous regions: 5->5
[2023-12-20T08:15:57.865-0800][53508310ms] GC(209) Metaspace: 253426K->253426K(1292288K)
[2023-12-20T08:15:57.865-0800][53508310ms] GC(209) Pause Young (Normal) (G1 Evacuation Pause) 1737M->368M(2386M) 30.743ms
[2023-12-20T08:15:57.865-0800][53508310ms] GC(209) User=0.25s Sys=0.00s Real=0.03s
[2023-12-20T08:15:58.689-0800][53509134ms] GC(210) Pause Young (Normal) (G1 Evacuation Pause)
[2023-12-20T08:15:58.689-0800][53509134ms] GC(210) Using 10 workers of 10 for evacuation
[2023-12-20T08:15:58.719-0800][53509164ms] GC(210)   Pre Evacuate Collection Set: 0.0ms
[2023-12-20T08:15:58.719-0800][53509164ms] GC(210)   Evacuate Collection Set: 26.8ms
[2023-12-20T08:15:58.719-0800][53509164ms] GC(210)   Post Evacuate Collection Set: 2.7ms
[2023-12-20T08:15:58.719-0800][53509164ms] GC(210)   Other: 0.4ms
[2023-12-20T08:15:58.719-0800][53509164ms] GC(210) Eden regions: 685->0(685)
[2023-12-20T08:15:58.719-0800][53509164ms] GC(210) Survivor regions: 30->30(90)
[2023-12-20T08:15:58.719-0800][53509164ms] GC(210) Old regions: 150->150
[2023-12-20T08:15:58.719-0800][53509164ms] GC(210) Humongous regions: 5->5
[2023-12-20T08:15:58.719-0800][53509164ms] GC(210) Metaspace: 253427K->253427K(1292288K)
[2023-12-20T08:15:58.719-0800][53509164ms] GC(210) Pause Young (Normal) (G1 Evacuation Pause) 1738M->368M(2386M) 29.936ms
[2023-12-20T08:15:58.719-0800][53509164ms] GC(210) User=0.13s Sys=0.00s Real=0.03s
[2023-12-20T08:15:59.562-0800][53510007ms] GC(211) Pause Young (Normal) (G1 Evacuation Pause)
[2023-12-20T08:15:59.562-0800][53510007ms] GC(211) Using 10 workers of 10 for evacuation
[2023-12-20T08:15:59.591-0800][53510036ms] GC(211)   Pre Evacuate Collection Set: 0.0ms
[2023-12-20T08:15:59.591-0800][53510036ms] GC(211)   Evacuate Collection Set: 27.1ms
[2023-12-20T08:15:59.591-0800][53510036ms] GC(211)   Post Evacuate Collection Set: 2.6ms
[2023-12-20T08:15:59.591-0800][53510036ms] GC(211)   Other: 0.4ms
[2023-12-20T08:15:59.591-0800][53510036ms] GC(211) Eden regions: 685->0(685)
[2023-12-20T08:15:59.592-0800][53510037ms] GC(211) Survivor regions: 30->30(90)
[2023-12-20T08:15:59.592-0800][53510037ms] GC(211) Old regions: 150->150
[2023-12-20T08:15:59.592-0800][53510037ms] GC(211) Humongous regions: 5->5
[2023-12-20T08:15:59.592-0800][53510037ms] GC(211) Metaspace: 253431K->253431K(1292288K)
[2023-12-20T08:15:59.592-0800][53510037ms] GC(211) Pause Young (Normal) (G1 Evacuation Pause) 1738M->368M(2386M) 30.256ms
[2023-12-20T08:15:59.592-0800][53510037ms] GC(211) User=0.03s Sys=0.00s Real=0.03s
[2023-12-20T08:16:00.465-0800][53510910ms] GC(212) Pause Young (Normal) (G1 Evacuation Pause)
[2023-12-20T08:16:00.465-0800][53510910ms] GC(212) Using 10 workers of 10 for evacuation
[2023-12-20T08:16:00.496-0800][53510941ms] GC(212)   Pre Evacuate Collection Set: 0.0ms
[2023-12-20T08:16:00.496-0800][53510941ms] GC(212)   Evacuate Collection Set: 28.4ms
[2023-12-20T08:16:00.496-0800][53510941ms] GC(212)   Post Evacuate Collection Set: 2.6ms
[2023-12-20T08:16:00.496-0800][53510941ms] GC(212)   Other: 0.4ms
[2023-12-20T08:16:00.496-0800][53510941ms] GC(212) Eden regions: 685->0(685)
[2023-12-20T08:16:00.496-0800][53510941ms] GC(212) Survivor regions: 30->30(90)
[2023-12-20T08:16:00.496-0800][53510941ms] GC(212) Old regions: 150->150
[2023-12-20T08:16:00.496-0800][53510941ms] GC(212) Humongous regions: 5->5
[2023-12-20T08:16:00.496-0800][53510941ms] GC(212) Metaspace: 253431K->253431K(1292288K)
[2023-12-20T08:16:00.496-0800][53510941ms] GC(212) Pause Young (Normal) (G1 Evacuation Pause) 1738M->368M(2386M) 31.606ms
[2023-12-20T08:16:00.496-0800][53510941ms] GC(212) User=0.11s Sys=0.00s Real=0.03s
[2023-12-20T08:16:01.403-0800][53511848ms] GC(213) Pause Young (Normal) (G1 Evacuation Pause)
[2023-12-20T08:16:01.403-0800][53511848ms] GC(213) Using 10 workers of 10 for evacuation
[2023-12-20T08:16:01.435-0800][53511880ms] GC(213)   Pre Evacuate Collection Set: 0.1ms
[2023-12-20T08:16:01.435-0800][53511880ms] GC(213)   Evacuate Collection Set: 28.7ms
[2023-12-20T08:16:01.435-0800][53511880ms] GC(213)   Post Evacuate Collection Set: 2.7ms
[2023-12-20T08:16:01.435-0800][53511880ms] GC(213)   Other: 0.4ms
[2023-12-20T08:16:01.435-0800][53511880ms] GC(213) Eden regions: 685->0(685)
[2023-12-20T08:16:01.435-0800][53511880ms] GC(213) Survivor regions: 30->30(90)
[2023-12-20T08:16:01.435-0800][53511880ms] GC(213) Old regions: 150->150
[2023-12-20T08:16:01.435-0800][53511880ms] GC(213) Humongous regions: 5->5
[2023-12-20T08:16:01.435-0800][53511880ms] GC(213) Metaspace: 253431K->253431K(1292288K)
[2023-12-20T08:16:01.435-0800][53511880ms] GC(213) Pause Young (Normal) (G1 Evacuation Pause) 1738M->368M(2386M) 31.996ms
[2023-12-20T08:16:01.435-0800][53511880ms] GC(213) User=0.11s Sys=0.00s Real=0.03s
[2023-12-20T08:16:02.287-0800][53512732ms] GC(214) Pause Young (Normal) (G1 Evacuation Pause)
[2023-12-20T08:16:02.287-0800][53512732ms] GC(214) Using 10 workers of 10 for evacuation
[2023-12-20T08:16:02.320-0800][53512765ms] GC(214)   Pre Evacuate Collection Set: 0.1ms
[2023-12-20T08:16:02.320-0800][53512765ms] GC(214)   Evacuate Collection Set: 30.2ms
[2023-12-20T08:16:02.320-0800][53512765ms] GC(214)   Post Evacuate Collection Set: 2.4ms
[2023-12-20T08:16:02.320-0800][53512765ms] GC(214)   Other: 0.5ms
[2023-12-20T08:16:02.320-0800][53512765ms] GC(214) Eden regions: 685->0(685)
[2023-12-20T08:16:02.320-0800][53512765ms] GC(214) Survivor regions: 30->30(90)
[2023-12-20T08:16:02.320-0800][53512765ms] GC(214) Old regions: 150->150
[2023-12-20T08:16:02.320-0800][53512765ms] GC(214) Humongous regions: 5->5
[2023-12-20T08:16:02.320-0800][53512765ms] GC(214) Metaspace: 253433K->253433K(1292288K)
[2023-12-20T08:16:02.320-0800][53512765ms] GC(214) Pause Young (Normal) (G1 Evacuation Pause) 1738M->368M(2386M) 33.227ms
[2023-12-20T08:16:02.320-0800][53512765ms] GC(214) User=0.17s Sys=0.00s Real=0.03s
[2023-12-20T08:16:03.023-0800][53513468ms] GC(215) Pause Young (Normal) (G1 Evacuation Pause)
[2023-12-20T08:16:03.024-0800][53513469ms] GC(215) Using 10 workers of 10 for evacuation
[2023-12-20T08:16:03.053-0800][53513498ms] GC(215)   Pre Evacuate Collection Set: 0.0ms
[2023-12-20T08:16:03.053-0800][53513498ms] GC(215)   Evacuate Collection Set: 26.9ms
[2023-12-20T08:16:03.053-0800][53513498ms] GC(215)   Post Evacuate Collection Set: 2.5ms
[2023-12-20T08:16:03.053-0800][53513498ms] GC(215)   Other: 0.4ms
[2023-12-20T08:16:03.053-0800][53513498ms] GC(215) Eden regions: 685->0(685)
[2023-12-20T08:16:03.053-0800][53513498ms] GC(215) Survivor regions: 30->30(90)
[2023-12-20T08:16:03.053-0800][53513498ms] GC(215) Old regions: 150->150
[2023-12-20T08:16:03.053-0800][53513498ms] GC(215) Humongous regions: 5->5
[2023-12-20T08:16:03.053-0800][53513498ms] GC(215) Metaspace: 253433K->253433K(1292288K)
[2023-12-20T08:16:03.053-0800][53513498ms] GC(215) Pause Young (Normal) (G1 Evacuation Pause) 1738M->368M(2386M) 30.017ms
[2023-12-20T08:16:03.053-0800][53513498ms] GC(215) User=0.11s Sys=0.00s Real=0.03s
[2023-12-20T08:16:03.756-0800][53514201ms] GC(216) Pause Young (Normal) (G1 Evacuation Pause)
[2023-12-20T08:16:03.756-0800][53514201ms] GC(216) Using 10 workers of 10 for evacuation
[2023-12-20T08:16:03.786-0800][53514231ms] GC(216)   Pre Evacuate Collection Set: 0.1ms
[2023-12-20T08:16:03.786-0800][53514231ms] GC(216)   Evacuate Collection Set: 28.3ms
[2023-12-20T08:16:03.786-0800][53514231ms] GC(216)   Post Evacuate Collection Set: 2.8ms
[2023-12-20T08:16:03.786-0800][53514231ms] GC(216)   Other: 0.4ms
[2023-12-20T08:16:03.786-0800][53514231ms] GC(216) Eden regions: 685->0(685)
[2023-12-20T08:16:03.786-0800][53514231ms] GC(216) Survivor regions: 30->30(90)
[2023-12-20T08:16:03.786-0800][53514231ms] GC(216) Old regions: 150->150
[2023-12-20T08:16:03.786-0800][53514231ms] GC(216) Humongous regions: 5->5
[2023-12-20T08:16:03.786-0800][53514231ms] GC(216) Metaspace: 253435K->253435K(1292288K)
[2023-12-20T08:16:03.786-0800][53514231ms] GC(216) Pause Young (Normal) (G1 Evacuation Pause) 1738M->367M(2386M) 31.757ms
[2023-12-20T08:16:03.786-0800][53514231ms] GC(216) User=0.17s Sys=0.00s Real=0.03s
[2023-12-20T08:16:04.709-0800][53515154ms] GC(217) Pause Young (Normal) (GCLocker Initiated GC)
[2023-12-20T08:16:04.709-0800][53515154ms] GC(217) Using 10 workers of 10 for evacuation
[2023-12-20T08:16:04.742-0800][53515187ms] GC(217)   Pre Evacuate Collection Set: 0.0ms
[2023-12-20T08:16:04.742-0800][53515187ms] GC(217)   Evacuate Collection Set: 29.5ms
[2023-12-20T08:16:04.742-0800][53515187ms] GC(217)   Post Evacuate Collection Set: 3.5ms
[2023-12-20T08:16:04.742-0800][53515187ms] GC(217)   Other: 0.5ms
[2023-12-20T08:16:04.742-0800][53515187ms] GC(217) Eden regions: 686->0(686)
[2023-12-20T08:16:04.742-0800][53515187ms] GC(217) Survivor regions: 30->29(90)
[2023-12-20T08:16:04.742-0800][53515187ms] GC(217) Old regions: 150->150
[2023-12-20T08:16:04.742-0800][53515187ms] GC(217) Humongous regions: 5->5
[2023-12-20T08:16:04.742-0800][53515187ms] GC(217) Metaspace: 253437K->253437K(1292288K)
[2023-12-20T08:16:04.742-0800][53515187ms] GC(217) Pause Young (Normal) (GCLocker Initiated GC) 1738M->366M(2386M) 33.568ms
[2023-12-20T08:16:04.742-0800][53515187ms] GC(217) User=0.14s Sys=0.00s Real=0.03s
[2023-12-20T08:16:05.589-0800][53516034ms] GC(218) Pause Young (Normal) (GCLocker Initiated GC)
[2023-12-20T08:16:05.589-0800][53516034ms] GC(218) Using 10 workers of 10 for evacuation
[2023-12-20T08:16:05.619-0800][53516064ms] GC(218)   Pre Evacuate Collection Set: 0.0ms
[2023-12-20T08:16:05.619-0800][53516064ms] GC(218)   Evacuate Collection Set: 26.9ms
[2023-12-20T08:16:05.619-0800][53516064ms] GC(218)   Post Evacuate Collection Set: 2.4ms
[2023-12-20T08:16:05.619-0800][53516064ms] GC(218)   Other: 0.4ms
[2023-12-20T08:16:05.619-0800][53516064ms] GC(218) Eden regions: 687->0(685)
[2023-12-20T08:16:05.619-0800][53516064ms] GC(218) Survivor regions: 29->30(90)
[2023-12-20T08:16:05.619-0800][53516064ms] GC(218) Old regions: 150->150
[2023-12-20T08:16:05.619-0800][53516064ms] GC(218) Humongous regions: 5->5
[2023-12-20T08:16:05.619-0800][53516064ms] GC(218) Metaspace: 253445K->253445K(1292288K)
[2023-12-20T08:16:05.619-0800][53516064ms] GC(218) Pause Young (Normal) (GCLocker Initiated GC) 1739M->367M(2386M) 29.836ms
[2023-12-20T08:16:05.619-0800][53516064ms] GC(218) User=0.08s Sys=0.00s Real=0.03s
[2023-12-20T08:16:06.440-0800][53516885ms] GC(219) Pause Young (Normal) (GCLocker Initiated GC)
[2023-12-20T08:16:06.440-0800][53516885ms] GC(219) Using 10 workers of 10 for evacuation
[2023-12-20T08:16:06.470-0800][53516915ms] GC(219)   Pre Evacuate Collection Set: 0.0ms
[2023-12-20T08:16:06.470-0800][53516915ms] GC(219)   Evacuate Collection Set: 28.3ms
[2023-12-20T08:16:06.470-0800][53516915ms] GC(219)   Post Evacuate Collection Set: 2.6ms
[2023-12-20T08:16:06.470-0800][53516915ms] GC(219)   Other: 0.4ms
[2023-12-20T08:16:06.470-0800][53516915ms] GC(219) Eden regions: 686->0(685)
[2023-12-20T08:16:06.470-0800][53516915ms] GC(219) Survivor regions: 30->30(90)
[2023-12-20T08:16:06.470-0800][53516915ms] GC(219) Old regions: 150->150
[2023-12-20T08:16:06.470-0800][53516915ms] GC(219) Humongous regions: 5->5
[2023-12-20T08:16:06.470-0800][53516915ms] GC(219) Metaspace: 253445K->253445K(1292288K)
[2023-12-20T08:16:06.470-0800][53516915ms] GC(219) Pause Young (Normal) (GCLocker Initiated GC) 1738M->369M(2386M) 31.434ms
[2023-12-20T08:16:06.470-0800][53516915ms] GC(219) User=0.09s Sys=0.00s Real=0.03s
[2023-12-20T08:16:07.225-0800][53517670ms] GC(220) Pause Young (Normal) (G1 Evacuation Pause)
[2023-12-20T08:16:07.225-0800][53517670ms] GC(220) Using 10 workers of 10 for evacuation
[2023-12-20T08:16:07.256-0800][53517701ms] GC(220)   Pre Evacuate Collection Set: 0.0ms
[2023-12-20T08:16:07.256-0800][53517701ms] GC(220)   Evacuate Collection Set: 27.2ms
[2023-12-20T08:16:07.256-0800][53517701ms] GC(220)   Post Evacuate Collection Set: 3.7ms
[2023-12-20T08:16:07.256-0800][53517701ms] GC(220)   Other: 0.4ms
[2023-12-20T08:16:07.256-0800][53517701ms] GC(220) Eden regions: 685->0(685)
[2023-12-20T08:16:07.256-0800][53517701ms] GC(220) Survivor regions: 30->30(90)
[2023-12-20T08:16:07.256-0800][53517701ms] GC(220) Old regions: 150->150
[2023-12-20T08:16:07.256-0800][53517701ms] GC(220) Humongous regions: 5->5
[2023-12-20T08:16:07.256-0800][53517701ms] GC(220) Metaspace: 253445K->253445K(1292288K)
[2023-12-20T08:16:07.256-0800][53517701ms] GC(220) Pause Young (Normal) (G1 Evacuation Pause) 1739M->369M(2386M) 31.420ms
[2023-12-20T08:16:07.256-0800][53517701ms] GC(220) User=0.20s Sys=0.00s Real=0.03s
[2023-12-20T08:16:07.986-0800][53518431ms] GC(221) Pause Young (Normal) (G1 Evacuation Pause)
[2023-12-20T08:16:07.986-0800][53518431ms] GC(221) Using 10 workers of 10 for evacuation
[2023-12-20T08:16:08.016-0800][53518461ms] GC(221)   Pre Evacuate Collection Set: 0.0ms
[2023-12-20T08:16:08.016-0800][53518461ms] GC(221)   Evacuate Collection Set: 28.0ms
[2023-12-20T08:16:08.016-0800][53518461ms] GC(221)   Post Evacuate Collection Set: 2.4ms
[2023-12-20T08:16:08.016-0800][53518461ms] GC(221)   Other: 0.4ms
[2023-12-20T08:16:08.016-0800][53518461ms] GC(221) Eden regions: 685->0(685)
[2023-12-20T08:16:08.016-0800][53518461ms] GC(221) Survivor regions: 30->30(90)
[2023-12-20T08:16:08.016-0800][53518461ms] GC(221) Old regions: 150->150
[2023-12-20T08:16:08.016-0800][53518461ms] GC(221) Humongous regions: 5->5
[2023-12-20T08:16:08.016-0800][53518461ms] GC(221) Metaspace: 253445K->253445K(1292288K)
[2023-12-20T08:16:08.016-0800][53518461ms] GC(221) Pause Young (Normal) (G1 Evacuation Pause) 1739M->369M(2386M) 30.904ms
[2023-12-20T08:16:08.016-0800][53518461ms] GC(221) User=0.05s Sys=0.00s Real=0.03s
[2023-12-20T08:16:08.762-0800][53519207ms] GC(222) Pause Young (Normal) (G1 Evacuation Pause)
[2023-12-20T08:16:08.762-0800][53519207ms] GC(222) Using 10 workers of 10 for evacuation
[2023-12-20T08:16:08.792-0800][53519237ms] GC(222)   Pre Evacuate Collection Set: 0.0ms
[2023-12-20T08:16:08.792-0800][53519237ms] GC(222)   Evacuate Collection Set: 27.3ms
[2023-12-20T08:16:08.792-0800][53519237ms] GC(222)   Post Evacuate Collection Set: 2.4ms
[2023-12-20T08:16:08.792-0800][53519237ms] GC(222)   Other: 0.4ms
[2023-12-20T08:16:08.792-0800][53519237ms] GC(222) Eden regions: 685->0(685)
[2023-12-20T08:16:08.792-0800][53519237ms] GC(222) Survivor regions: 30->30(90)
[2023-12-20T08:16:08.792-0800][53519237ms] GC(222) Old regions: 150->150
[2023-12-20T08:16:08.792-0800][53519237ms] GC(222) Humongous regions: 5->5
[2023-12-20T08:16:08.792-0800][53519237ms] GC(222) Metaspace: 253445K->253445K(1292288K)
[2023-12-20T08:16:08.792-0800][53519237ms] GC(222) Pause Young (Normal) (G1 Evacuation Pause) 1739M->369M(2386M) 30.186ms
[2023-12-20T08:16:08.792-0800][53519237ms] GC(222) User=0.05s Sys=0.00s Real=0.03s
[2023-12-20T08:16:09.489-0800][53519934ms] GC(223) Pause Young (Normal) (G1 Evacuation Pause)
[2023-12-20T08:16:09.489-0800][53519934ms] GC(223) Using 10 workers of 10 for evacuation
[2023-12-20T08:16:09.519-0800][53519964ms] GC(223)   Pre Evacuate Collection Set: 0.0ms
[2023-12-20T08:16:09.519-0800][53519964ms] GC(223)   Evacuate Collection Set: 26.3ms
[2023-12-20T08:16:09.519-0800][53519964ms] GC(223)   Post Evacuate Collection Set: 2.7ms
[2023-12-20T08:16:09.519-0800][53519964ms] GC(223)   Other: 0.4ms
[2023-12-20T08:16:09.519-0800][53519964ms] GC(223) Eden regions: 685->0(685)
[2023-12-20T08:16:09.519-0800][53519964ms] GC(223) Survivor regions: 30->30(90)
[2023-12-20T08:16:09.519-0800][53519964ms] GC(223) Old regions: 150->150
[2023-12-20T08:16:09.519-0800][53519964ms] GC(223) Humongous regions: 5->5
[2023-12-20T08:16:09.519-0800][53519964ms] GC(223) Metaspace: 253445K->253445K(1292288K)
[2023-12-20T08:16:09.519-0800][53519964ms] GC(223) Pause Young (Normal) (G1 Evacuation Pause) 1739M->369M(2386M) 29.593ms
[2023-12-20T08:16:09.519-0800][53519964ms] GC(223) User=0.14s Sys=0.00s Real=0.03s
[2023-12-20T08:16:10.325-0800][53520770ms] GC(224) Pause Young (Normal) (G1 Evacuation Pause)
[2023-12-20T08:16:10.325-0800][53520770ms] GC(224) Using 10 workers of 10 for evacuation
[2023-12-20T08:16:10.359-0800][53520804ms] GC(224)   Pre Evacuate Collection Set: 0.0ms
[2023-12-20T08:16:10.359-0800][53520804ms] GC(224)   Evacuate Collection Set: 29.6ms
[2023-12-20T08:16:10.359-0800][53520804ms] GC(224)   Post Evacuate Collection Set: 3.8ms
[2023-12-20T08:16:10.359-0800][53520804ms] GC(224)   Other: 0.4ms
[2023-12-20T08:16:10.359-0800][53520804ms] GC(224) Eden regions: 685->0(685)
[2023-12-20T08:16:10.359-0800][53520804ms] GC(224) Survivor regions: 30->30(90)
[2023-12-20T08:16:10.359-0800][53520804ms] GC(224) Old regions: 150->150
[2023-12-20T08:16:10.359-0800][53520804ms] GC(224) Humongous regions: 5->5
[2023-12-20T08:16:10.359-0800][53520804ms] GC(224) Metaspace: 253445K->253445K(1292288K)
[2023-12-20T08:16:10.359-0800][53520804ms] GC(224) Pause Young (Normal) (G1 Evacuation Pause) 1739M->369M(2386M) 33.953ms
[2023-12-20T08:16:10.359-0800][53520804ms] GC(224) User=0.14s Sys=0.00s Real=0.03s
[2023-12-20T08:16:11.151-0800][53521596ms] GC(225) Pause Young (Normal) (G1 Evacuation Pause)
[2023-12-20T08:16:11.151-0800][53521596ms] GC(225) Using 10 workers of 10 for evacuation
[2023-12-20T08:16:11.180-0800][53521625ms] GC(225)   Pre Evacuate Collection Set: 0.0ms
[2023-12-20T08:16:11.180-0800][53521625ms] GC(225)   Evacuate Collection Set: 26.9ms
[2023-12-20T08:16:11.180-0800][53521625ms] GC(225)   Post Evacuate Collection Set: 2.4ms
[2023-12-20T08:16:11.180-0800][53521625ms] GC(225)   Other: 0.4ms
[2023-12-20T08:16:11.180-0800][53521625ms] GC(225) Eden regions: 685->0(685)
[2023-12-20T08:16:11.180-0800][53521625ms] GC(225) Survivor regions: 30->30(90)
[2023-12-20T08:16:11.180-0800][53521625ms] GC(225) Old regions: 150->150
[2023-12-20T08:16:11.180-0800][53521625ms] GC(225) Humongous regions: 5->5
[2023-12-20T08:16:11.180-0800][53521625ms] GC(225) Metaspace: 253445K->253445K(1292288K)
[2023-12-20T08:16:11.180-0800][53521625ms] GC(225) Pause Young (Normal) (G1 Evacuation Pause) 1739M->368M(2386M) 29.848ms
[2023-12-20T08:16:11.180-0800][53521625ms] GC(225) User=0.06s Sys=0.00s Real=0.03s
[2023-12-20T08:16:12.149-0800][53522594ms] GC(226) Pause Young (Normal) (G1 Evacuation Pause)
[2023-12-20T08:16:12.149-0800][53522594ms] GC(226) Using 10 workers of 10 for evacuation
[2023-12-20T08:16:12.181-0800][53522626ms] GC(226)   Pre Evacuate Collection Set: 0.0ms
[2023-12-20T08:16:12.181-0800][53522626ms] GC(226)   Evacuate Collection Set: 29.5ms
[2023-12-20T08:16:12.181-0800][53522626ms] GC(226)   Post Evacuate Collection Set: 2.5ms
[2023-12-20T08:16:12.181-0800][53522626ms] GC(226)   Other: 0.4ms
[2023-12-20T08:16:12.181-0800][53522626ms] GC(226) Eden regions: 685->0(685)
[2023-12-20T08:16:12.181-0800][53522626ms] GC(226) Survivor regions: 30->30(90)
[2023-12-20T08:16:12.181-0800][53522626ms] GC(226) Old regions: 150->150
[2023-12-20T08:16:12.181-0800][53522626ms] GC(226) Humongous regions: 5->5
[2023-12-20T08:16:12.181-0800][53522626ms] GC(226) Metaspace: 253445K->253445K(1292288K)
[2023-12-20T08:16:12.181-0800][53522626ms] GC(226) Pause Young (Normal) (G1 Evacuation Pause) 1738M->369M(2386M) 32.679ms
[2023-12-20T08:16:12.181-0800][53522626ms] GC(226) User=0.11s Sys=0.00s Real=0.03s
[2023-12-20T08:16:13.131-0800][53523576ms] GC(227) Pause Young (Normal) (G1 Evacuation Pause)
[2023-12-20T08:16:13.131-0800][53523576ms] GC(227) Using 10 workers of 10 for evacuation
[2023-12-20T08:16:13.160-0800][53523605ms] GC(227)   Pre Evacuate Collection Set: 0.0ms
[2023-12-20T08:16:13.160-0800][53523605ms] GC(227)   Evacuate Collection Set: 27.2ms
[2023-12-20T08:16:13.160-0800][53523605ms] GC(227)   Post Evacuate Collection Set: 2.4ms
[2023-12-20T08:16:13.160-0800][53523605ms] GC(227)   Other: 0.4ms
[2023-12-20T08:16:13.160-0800][53523605ms] GC(227) Eden regions: 685->0(684)
[2023-12-20T08:16:13.160-0800][53523605ms] GC(227) Survivor regions: 30->31(90)
[2023-12-20T08:16:13.160-0800][53523605ms] GC(227) Old regions: 150->150
[2023-12-20T08:16:13.160-0800][53523605ms] GC(227) Humongous regions: 5->5
[2023-12-20T08:16:13.160-0800][53523605ms] GC(227) Metaspace: 253446K->253446K(1292288K)
[2023-12-20T08:16:13.160-0800][53523605ms] GC(227) Pause Young (Normal) (G1 Evacuation Pause) 1739M->370M(2386M) 30.240ms
[2023-12-20T08:16:13.160-0800][53523605ms] GC(227) User=0.25s Sys=0.00s Real=0.03s
[2023-12-20T08:16:14.112-0800][53524557ms] GC(228) Pause Young (Normal) (G1 Evacuation Pause)
[2023-12-20T08:16:14.112-0800][53524557ms] GC(228) Using 10 workers of 10 for evacuation
[2023-12-20T08:16:14.148-0800][53524593ms] GC(228)   Pre Evacuate Collection Set: 0.0ms
[2023-12-20T08:16:14.149-0800][53524594ms] GC(228)   Evacuate Collection Set: 31.5ms
[2023-12-20T08:16:14.149-0800][53524594ms] GC(228)   Post Evacuate Collection Set: 4.4ms
[2023-12-20T08:16:14.149-0800][53524594ms] GC(228)   Other: 0.4ms
[2023-12-20T08:16:14.149-0800][53524594ms] GC(228) Eden regions: 684->0(685)
[2023-12-20T08:16:14.149-0800][53524594ms] GC(228) Survivor regions: 31->30(90)
[2023-12-20T08:16:14.149-0800][53524594ms] GC(228) Old regions: 150->150
[2023-12-20T08:16:14.149-0800][53524594ms] GC(228) Humongous regions: 5->5
[2023-12-20T08:16:14.149-0800][53524594ms] GC(228) Metaspace: 253522K->253522K(1292288K)
[2023-12-20T08:16:14.149-0800][53524594ms] GC(228) Pause Young (Normal) (G1 Evacuation Pause) 1738M->368M(2386M) 36.516ms
[2023-12-20T08:16:14.149-0800][53524594ms] GC(228) User=0.13s Sys=0.00s Real=0.04s
[2023-12-20T08:16:14.913-0800][53525358ms] GC(229) Pause Young (Normal) (G1 Evacuation Pause)
[2023-12-20T08:16:14.913-0800][53525358ms] GC(229) Using 10 workers of 10 for evacuation
[2023-12-20T08:16:14.942-0800][53525387ms] GC(229)   Pre Evacuate Collection Set: 0.0ms
[2023-12-20T08:16:14.942-0800][53525387ms] GC(229)   Evacuate Collection Set: 26.4ms
[2023-12-20T08:16:14.942-0800][53525387ms] GC(229)   Post Evacuate Collection Set: 3.0ms
[2023-12-20T08:16:14.942-0800][53525387ms] GC(229)   Other: 0.4ms
[2023-12-20T08:16:14.942-0800][53525387ms] GC(229) Eden regions: 685->0(685)
[2023-12-20T08:16:14.942-0800][53525387ms] GC(229) Survivor regions: 30->30(90)
[2023-12-20T08:16:14.942-0800][53525387ms] GC(229) Old regions: 150->150
[2023-12-20T08:16:14.942-0800][53525387ms] GC(229) Humongous regions: 5->5
[2023-12-20T08:16:14.942-0800][53525387ms] GC(229) Metaspace: 253522K->253522K(1292288K)
[2023-12-20T08:16:14.942-0800][53525387ms] GC(229) Pause Young (Normal) (G1 Evacuation Pause) 1738M->369M(2386M) 29.873ms
[2023-12-20T08:16:14.942-0800][53525387ms] GC(229) User=0.08s Sys=0.00s Real=0.03s
[2023-12-20T08:16:15.761-0800][53526206ms] GC(230) Pause Young (Normal) (G1 Evacuation Pause)
[2023-12-20T08:16:15.761-0800][53526206ms] GC(230) Using 10 workers of 10 for evacuation
[2023-12-20T08:16:15.792-0800][53526237ms] GC(230)   Pre Evacuate Collection Set: 0.1ms
[2023-12-20T08:16:15.792-0800][53526237ms] GC(230)   Evacuate Collection Set: 27.8ms
[2023-12-20T08:16:15.792-0800][53526237ms] GC(230)   Post Evacuate Collection Set: 2.7ms
[2023-12-20T08:16:15.792-0800][53526237ms] GC(230)   Other: 0.4ms
[2023-12-20T08:16:15.792-0800][53526237ms] GC(230) Eden regions: 685->0(685)
[2023-12-20T08:16:15.792-0800][53526237ms] GC(230) Survivor regions: 30->30(90)
[2023-12-20T08:16:15.792-0800][53526237ms] GC(230) Old regions: 150->150
[2023-12-20T08:16:15.792-0800][53526237ms] GC(230) Humongous regions: 5->5
[2023-12-20T08:16:15.792-0800][53526237ms] GC(230) Metaspace: 253534K->253534K(1292288K)
[2023-12-20T08:16:15.792-0800][53526237ms] GC(230) Pause Young (Normal) (G1 Evacuation Pause) 1739M->369M(2386M) 31.143ms
[2023-12-20T08:16:15.792-0800][53526237ms] GC(230) User=0.16s Sys=0.00s Real=0.03s
[2023-12-20T08:16:16.512-0800][53526957ms] GC(231) Pause Young (Normal) (G1 Evacuation Pause)
[2023-12-20T08:16:16.512-0800][53526957ms] GC(231) Using 10 workers of 10 for evacuation
[2023-12-20T08:16:16.543-0800][53526988ms] GC(231)   Pre Evacuate Collection Set: 0.0ms
[2023-12-20T08:16:16.543-0800][53526988ms] GC(231)   Evacuate Collection Set: 27.5ms
[2023-12-20T08:16:16.543-0800][53526988ms] GC(231)   Post Evacuate Collection Set: 2.5ms
[2023-12-20T08:16:16.543-0800][53526988ms] GC(231)   Other: 0.4ms
[2023-12-20T08:16:16.543-0800][53526988ms] GC(231) Eden regions: 685->0(685)
[2023-12-20T08:16:16.543-0800][53526988ms] GC(231) Survivor regions: 30->30(90)
[2023-12-20T08:16:16.543-0800][53526988ms] GC(231) Old regions: 150->150
[2023-12-20T08:16:16.543-0800][53526988ms] GC(231) Humongous regions: 5->5
[2023-12-20T08:16:16.543-0800][53526988ms] GC(231) Metaspace: 253534K->253534K(1292288K)
[2023-12-20T08:16:16.543-0800][53526988ms] GC(231) Pause Young (Normal) (G1 Evacuation Pause) 1739M->369M(2386M) 30.526ms
[2023-12-20T08:16:16.543-0800][53526988ms] GC(231) User=0.08s Sys=0.00s Real=0.03s
[2023-12-20T08:16:17.254-0800][53527699ms] GC(232) Pause Young (Normal) (G1 Evacuation Pause)
[2023-12-20T08:16:17.254-0800][53527699ms] GC(232) Using 10 workers of 10 for evacuation
[2023-12-20T08:16:17.284-0800][53527729ms] GC(232)   Pre Evacuate Collection Set: 0.1ms
[2023-12-20T08:16:17.285-0800][53527730ms] GC(232)   Evacuate Collection Set: 26.6ms
[2023-12-20T08:16:17.285-0800][53527730ms] GC(232)   Post Evacuate Collection Set: 3.3ms
[2023-12-20T08:16:17.285-0800][53527730ms] GC(232)   Other: 0.4ms
[2023-12-20T08:16:17.285-0800][53527730ms] GC(232) Eden regions: 685->0(685)
[2023-12-20T08:16:17.285-0800][53527730ms] GC(232) Survivor regions: 30->30(90)
[2023-12-20T08:16:17.285-0800][53527730ms] GC(232) Old regions: 150->150
[2023-12-20T08:16:17.285-0800][53527730ms] GC(232) Humongous regions: 5->5
[2023-12-20T08:16:17.285-0800][53527730ms] GC(232) Metaspace: 253534K->253534K(1292288K)
[2023-12-20T08:16:17.285-0800][53527730ms] GC(232) Pause Young (Normal) (G1 Evacuation Pause) 1739M->369M(2386M) 30.563ms
[2023-12-20T08:16:17.285-0800][53527730ms] GC(232) User=0.11s Sys=0.00s Real=0.03s
[2023-12-20T08:16:18.036-0800][53528481ms] GC(233) Pause Young (Normal) (G1 Evacuation Pause)
[2023-12-20T08:16:18.036-0800][53528481ms] GC(233) Using 10 workers of 10 for evacuation
[2023-12-20T08:16:18.065-0800][53528510ms] GC(233)   Pre Evacuate Collection Set: 0.0ms
[2023-12-20T08:16:18.065-0800][53528510ms] GC(233)   Evacuate Collection Set: 26.6ms
[2023-12-20T08:16:18.065-0800][53528510ms] GC(233)   Post Evacuate Collection Set: 2.4ms
[2023-12-20T08:16:18.065-0800][53528510ms] GC(233)   Other: 0.4ms
[2023-12-20T08:16:18.065-0800][53528510ms] GC(233) Eden regions: 685->0(685)
[2023-12-20T08:16:18.065-0800][53528510ms] GC(233) Survivor regions: 30->30(90)
[2023-12-20T08:16:18.065-0800][53528510ms] GC(233) Old regions: 150->150
[2023-12-20T08:16:18.065-0800][53528510ms] GC(233) Humongous regions: 5->5
[2023-12-20T08:16:18.065-0800][53528510ms] GC(233) Metaspace: 253534K->253534K(1292288K)
[2023-12-20T08:16:18.065-0800][53528510ms] GC(233) Pause Young (Normal) (G1 Evacuation Pause) 1739M->369M(2386M) 29.606ms
[2023-12-20T08:16:18.065-0800][53528510ms] GC(233) User=0.11s Sys=0.00s Real=0.03s
[2023-12-20T08:16:18.871-0800][53529316ms] GC(234) Pause Young (Normal) (G1 Evacuation Pause)
[2023-12-20T08:16:18.871-0800][53529316ms] GC(234) Using 10 workers of 10 for evacuation
[2023-12-20T08:16:18.909-0800][53529354ms] GC(234)   Pre Evacuate Collection Set: 0.0ms
[2023-12-20T08:16:18.909-0800][53529354ms] GC(234)   Evacuate Collection Set: 34.6ms
[2023-12-20T08:16:18.909-0800][53529354ms] GC(234)   Post Evacuate Collection Set: 3.1ms
[2023-12-20T08:16:18.910-0800][53529355ms] GC(234)   Other: 0.4ms
[2023-12-20T08:16:18.910-0800][53529355ms] GC(234) Eden regions: 685->0(685)
[2023-12-20T08:16:18.910-0800][53529355ms] GC(234) Survivor regions: 30->30(90)
[2023-12-20T08:16:18.910-0800][53529355ms] GC(234) Old regions: 150->150
[2023-12-20T08:16:18.910-0800][53529355ms] GC(234) Humongous regions: 5->5
[2023-12-20T08:16:18.910-0800][53529355ms] GC(234) Metaspace: 253536K->253536K(1292288K)
[2023-12-20T08:16:18.910-0800][53529355ms] GC(234) Pause Young (Normal) (G1 Evacuation Pause) 1739M->368M(2386M) 38.310ms
[2023-12-20T08:16:18.910-0800][53529355ms] GC(234) User=0.19s Sys=0.00s Real=0.04s
[2023-12-20T08:16:19.812-0800][53530257ms] GC(235) Pause Young (Normal) (G1 Evacuation Pause)
[2023-12-20T08:16:19.812-0800][53530257ms] GC(235) Using 10 workers of 10 for evacuation
[2023-12-20T08:16:19.846-0800][53530291ms] GC(235)   Pre Evacuate Collection Set: 0.0ms
[2023-12-20T08:16:19.846-0800][53530291ms] GC(235)   Evacuate Collection Set: 31.3ms
[2023-12-20T08:16:19.846-0800][53530291ms] GC(235)   Post Evacuate Collection Set: 2.3ms
[2023-12-20T08:16:19.846-0800][53530291ms] GC(235)   Other: 0.4ms
[2023-12-20T08:16:19.846-0800][53530291ms] GC(235) Eden regions: 685->0(685)
[2023-12-20T08:16:19.846-0800][53530291ms] GC(235) Survivor regions: 30->30(90)
[2023-12-20T08:16:19.846-0800][53530291ms] GC(235) Old regions: 150->150
[2023-12-20T08:16:19.846-0800][53530291ms] GC(235) Humongous regions: 5->5
[2023-12-20T08:16:19.846-0800][53530291ms] GC(235) Metaspace: 253536K->253536K(1292288K)
[2023-12-20T08:16:19.846-0800][53530291ms] GC(235) Pause Young (Normal) (G1 Evacuation Pause) 1738M->369M(2386M) 34.070ms
[2023-12-20T08:16:19.846-0800][53530291ms] GC(235) User=0.06s Sys=0.00s Real=0.03s
[2023-12-20T08:16:20.635-0800][53531080ms] GC(236) Pause Young (Normal) (G1 Evacuation Pause)
[2023-12-20T08:16:20.635-0800][53531080ms] GC(236) Using 10 workers of 10 for evacuation
[2023-12-20T08:16:20.664-0800][53531109ms] GC(236)   Pre Evacuate Collection Set: 0.0ms
[2023-12-20T08:16:20.664-0800][53531109ms] GC(236)   Evacuate Collection Set: 26.9ms
[2023-12-20T08:16:20.664-0800][53531109ms] GC(236)   Post Evacuate Collection Set: 2.4ms
[2023-12-20T08:16:20.664-0800][53531109ms] GC(236)   Other: 0.4ms
[2023-12-20T08:16:20.664-0800][53531109ms] GC(236) Eden regions: 685->0(685)
[2023-12-20T08:16:20.664-0800][53531109ms] GC(236) Survivor regions: 30->30(90)
[2023-12-20T08:16:20.664-0800][53531109ms] GC(236) Old regions: 150->150
[2023-12-20T08:16:20.664-0800][53531109ms] GC(236) Humongous regions: 5->5
[2023-12-20T08:16:20.665-0800][53531110ms] GC(236) Metaspace: 253536K->253536K(1292288K)
[2023-12-20T08:16:20.665-0800][53531110ms] GC(236) Pause Young (Normal) (G1 Evacuation Pause) 1739M->368M(2386M) 29.790ms
[2023-12-20T08:16:20.665-0800][53531110ms] GC(236) User=0.11s Sys=0.00s Real=0.03s
[2023-12-20T08:16:21.411-0800][53531856ms] GC(237) Pause Young (Normal) (G1 Evacuation Pause)
[2023-12-20T08:16:21.411-0800][53531856ms] GC(237) Using 10 workers of 10 for evacuation
[2023-12-20T08:16:21.442-0800][53531887ms] GC(237)   Pre Evacuate Collection Set: 0.0ms
[2023-12-20T08:16:21.442-0800][53531887ms] GC(237)   Evacuate Collection Set: 28.8ms
[2023-12-20T08:16:21.442-0800][53531887ms] GC(237)   Post Evacuate Collection Set: 2.4ms
[2023-12-20T08:16:21.442-0800][53531887ms] GC(237)   Other: 0.4ms
[2023-12-20T08:16:21.442-0800][53531887ms] GC(237) Eden regions: 685->0(685)
[2023-12-20T08:16:21.442-0800][53531887ms] GC(237) Survivor regions: 30->30(90)
[2023-12-20T08:16:21.442-0800][53531887ms] GC(237) Old regions: 150->150
[2023-12-20T08:16:21.442-0800][53531887ms] GC(237) Humongous regions: 5->5
[2023-12-20T08:16:21.442-0800][53531887ms] GC(237) Metaspace: 253550K->253550K(1292288K)
[2023-12-20T08:16:21.442-0800][53531887ms] GC(237) Pause Young (Normal) (G1 Evacuation Pause) 1738M->368M(2386M) 31.766ms
[2023-12-20T08:16:21.442-0800][53531887ms] GC(237) User=0.13s Sys=0.00s Real=0.03s
[2023-12-20T08:16:22.232-0800][53532677ms] GC(238) Pause Young (Normal) (G1 Evacuation Pause)
[2023-12-20T08:16:22.232-0800][53532677ms] GC(238) Using 10 workers of 10 for evacuation
[2023-12-20T08:16:22.263-0800][53532708ms] GC(238)   Pre Evacuate Collection Set: 0.0ms
[2023-12-20T08:16:22.263-0800][53532708ms] GC(238)   Evacuate Collection Set: 28.0ms
[2023-12-20T08:16:22.263-0800][53532708ms] GC(238)   Post Evacuate Collection Set: 2.4ms
[2023-12-20T08:16:22.263-0800][53532708ms] GC(238)   Other: 0.4ms
[2023-12-20T08:16:22.263-0800][53532708ms] GC(238) Eden regions: 685->0(685)
[2023-12-20T08:16:22.263-0800][53532708ms] GC(238) Survivor regions: 30->30(90)
[2023-12-20T08:16:22.263-0800][53532708ms] GC(238) Old regions: 150->150
[2023-12-20T08:16:22.263-0800][53532708ms] GC(238) Humongous regions: 5->5
[2023-12-20T08:16:22.263-0800][53532708ms] GC(238) Metaspace: 253649K->253649K(1292288K)
[2023-12-20T08:16:22.263-0800][53532708ms] GC(238) Pause Young (Normal) (G1 Evacuation Pause) 1738M->368M(2386M) 30.952ms
[2023-12-20T08:16:22.263-0800][53532708ms] GC(238) User=0.09s Sys=0.00s Real=0.03s
[2023-12-20T08:16:22.985-0800][53533430ms] GC(239) Pause Young (Normal) (G1 Evacuation Pause)
[2023-12-20T08:16:22.985-0800][53533430ms] GC(239) Using 10 workers of 10 for evacuation
[2023-12-20T08:16:23.017-0800][53533462ms] GC(239)   Pre Evacuate Collection Set: 0.0ms
[2023-12-20T08:16:23.017-0800][53533462ms] GC(239)   Evacuate Collection Set: 29.2ms
[2023-12-20T08:16:23.017-0800][53533462ms] GC(239)   Post Evacuate Collection Set: 2.5ms
[2023-12-20T08:16:23.017-0800][53533462ms] GC(239)   Other: 0.4ms
[2023-12-20T08:16:23.017-0800][53533462ms] GC(239) Eden regions: 685->0(684)
[2023-12-20T08:16:23.017-0800][53533462ms] GC(239) Survivor regions: 30->31(90)
[2023-12-20T08:16:23.017-0800][53533462ms] GC(239) Old regions: 150->150
[2023-12-20T08:16:23.017-0800][53533462ms] GC(239) Humongous regions: 5->5
[2023-12-20T08:16:23.017-0800][53533462ms] GC(239) Metaspace: 253653K->253653K(1292288K)
[2023-12-20T08:16:23.017-0800][53533462ms] GC(239) Pause Young (Normal) (G1 Evacuation Pause) 1738M->370M(2386M) 32.294ms
[2023-12-20T08:16:23.017-0800][53533462ms] GC(239) User=0.09s Sys=0.00s Real=0.03s
[2023-12-20T08:16:23.905-0800][53534350ms] GC(240) Pause Young (Normal) (G1 Evacuation Pause)
[2023-12-20T08:16:23.905-0800][53534350ms] GC(240) Using 10 workers of 10 for evacuation
[2023-12-20T08:16:23.939-0800][53534384ms] GC(240)   Pre Evacuate Collection Set: 0.1ms
[2023-12-20T08:16:23.939-0800][53534384ms] GC(240)   Evacuate Collection Set: 30.8ms
[2023-12-20T08:16:23.939-0800][53534384ms] GC(240)   Post Evacuate Collection Set: 2.4ms
[2023-12-20T08:16:23.939-0800][53534384ms] GC(240)   Other: 0.4ms
[2023-12-20T08:16:23.939-0800][53534384ms] GC(240) Eden regions: 684->0(684)
[2023-12-20T08:16:23.939-0800][53534384ms] GC(240) Survivor regions: 31->31(90)
[2023-12-20T08:16:23.939-0800][53534384ms] GC(240) Old regions: 150->150
[2023-12-20T08:16:23.939-0800][53534384ms] GC(240) Humongous regions: 5->5
[2023-12-20T08:16:23.939-0800][53534384ms] GC(240) Metaspace: 253658K->253658K(1292288K)
[2023-12-20T08:16:23.939-0800][53534384ms] GC(240) Pause Young (Normal) (G1 Evacuation Pause) 1738M->370M(2386M) 33.807ms
[2023-12-20T08:16:23.939-0800][53534384ms] GC(240) User=0.16s Sys=0.00s Real=0.03s
[2023-12-20T08:16:24.790-0800][53535235ms] GC(241) Pause Young (Normal) (G1 Evacuation Pause)
[2023-12-20T08:16:24.790-0800][53535235ms] GC(241) Using 10 workers of 10 for evacuation
[2023-12-20T08:16:24.822-0800][53535267ms] GC(241)   Pre Evacuate Collection Set: 0.0ms
[2023-12-20T08:16:24.822-0800][53535267ms] GC(241)   Evacuate Collection Set: 28.4ms
[2023-12-20T08:16:24.822-0800][53535267ms] GC(241)   Post Evacuate Collection Set: 2.3ms
[2023-12-20T08:16:24.822-0800][53535267ms] GC(241)   Other: 0.3ms
[2023-12-20T08:16:24.822-0800][53535267ms] GC(241) Eden regions: 684->0(684)
[2023-12-20T08:16:24.822-0800][53535267ms] GC(241) Survivor regions: 31->31(90)
[2023-12-20T08:16:24.822-0800][53535267ms] GC(241) Old regions: 150->150
[2023-12-20T08:16:24.822-0800][53535267ms] GC(241) Humongous regions: 5->5
[2023-12-20T08:16:24.822-0800][53535267ms] GC(241) Metaspace: 253658K->253658K(1292288K)
[2023-12-20T08:16:24.822-0800][53535267ms] GC(241) Pause Young (Normal) (G1 Evacuation Pause) 1738M->370M(2386M) 31.329ms
[2023-12-20T08:16:24.822-0800][53535267ms] GC(241) User=0.13s Sys=0.00s Real=0.03s
[2023-12-20T08:16:25.604-0800][53536049ms] GC(242) Pause Young (Normal) (G1 Evacuation Pause)
[2023-12-20T08:16:25.604-0800][53536049ms] GC(242) Using 10 workers of 10 for evacuation
[2023-12-20T08:16:25.634-0800][53536079ms] GC(242)   Pre Evacuate Collection Set: 0.0ms
[2023-12-20T08:16:25.634-0800][53536079ms] GC(242)   Evacuate Collection Set: 27.2ms
[2023-12-20T08:16:25.634-0800][53536079ms] GC(242)   Post Evacuate Collection Set: 2.7ms
[2023-12-20T08:16:25.634-0800][53536079ms] GC(242)   Other: 0.4ms
[2023-12-20T08:16:25.634-0800][53536079ms] GC(242) Eden regions: 684->0(684)
[2023-12-20T08:16:25.634-0800][53536079ms] GC(242) Survivor regions: 31->31(90)
[2023-12-20T08:16:25.634-0800][53536079ms] GC(242) Old regions: 150->150
[2023-12-20T08:16:25.634-0800][53536079ms] GC(242) Humongous regions: 5->5
[2023-12-20T08:16:25.634-0800][53536079ms] GC(242) Metaspace: 253658K->253658K(1292288K)
[2023-12-20T08:16:25.634-0800][53536079ms] GC(242) Pause Young (Normal) (G1 Evacuation Pause) 1738M->371M(2386M) 30.430ms
[2023-12-20T08:16:25.634-0800][53536079ms] GC(242) User=0.05s Sys=0.00s Real=0.03s
[2023-12-20T08:16:26.405-0800][53536850ms] GC(243) Pause Young (Normal) (G1 Evacuation Pause)
[2023-12-20T08:16:26.405-0800][53536850ms] GC(243) Using 10 workers of 10 for evacuation
[2023-12-20T08:16:26.437-0800][53536882ms] GC(243)   Pre Evacuate Collection Set: 0.0ms
[2023-12-20T08:16:26.437-0800][53536882ms] GC(243)   Evacuate Collection Set: 29.0ms
[2023-12-20T08:16:26.437-0800][53536882ms] GC(243)   Post Evacuate Collection Set: 2.4ms
[2023-12-20T08:16:26.437-0800][53536882ms] GC(243)   Other: 0.4ms
[2023-12-20T08:16:26.437-0800][53536882ms] GC(243) Eden regions: 684->0(684)
[2023-12-20T08:16:26.437-0800][53536882ms] GC(243) Survivor regions: 31->31(90)
[2023-12-20T08:16:26.437-0800][53536882ms] GC(243) Old regions: 150->150
[2023-12-20T08:16:26.437-0800][53536882ms] GC(243) Humongous regions: 5->5
[2023-12-20T08:16:26.437-0800][53536882ms] GC(243) Metaspace: 253659K->253659K(1292288K)
[2023-12-20T08:16:26.437-0800][53536882ms] GC(243) Pause Young (Normal) (G1 Evacuation Pause) 1739M->370M(2386M) 32.014ms
[2023-12-20T08:16:26.437-0800][53536882ms] GC(243) User=0.14s Sys=0.00s Real=0.03s
[2023-12-20T08:16:27.159-0800][53537604ms] GC(244) Pause Young (Normal) (G1 Evacuation Pause)
[2023-12-20T08:16:27.159-0800][53537604ms] GC(244) Using 10 workers of 10 for evacuation
[2023-12-20T08:16:27.192-0800][53537637ms] GC(244)   Pre Evacuate Collection Set: 0.0ms
[2023-12-20T08:16:27.192-0800][53537637ms] GC(244)   Evacuate Collection Set: 29.1ms
[2023-12-20T08:16:27.192-0800][53537637ms] GC(244)   Post Evacuate Collection Set: 2.4ms
[2023-12-20T08:16:27.192-0800][53537637ms] GC(244)   Other: 0.4ms
[2023-12-20T08:16:27.192-0800][53537637ms] GC(244) Eden regions: 684->0(684)
[2023-12-20T08:16:27.192-0800][53537637ms] GC(244) Survivor regions: 31->31(90)
[2023-12-20T08:16:27.192-0800][53537637ms] GC(244) Old regions: 150->150
[2023-12-20T08:16:27.192-0800][53537637ms] GC(244) Humongous regions: 5->5
[2023-12-20T08:16:27.192-0800][53537637ms] GC(244) Metaspace: 253659K->253659K(1292288K)
[2023-12-20T08:16:27.192-0800][53537637ms] GC(244) Pause Young (Normal) (G1 Evacuation Pause) 1738M->370M(2386M) 32.084ms
[2023-12-20T08:16:27.192-0800][53537637ms] GC(244) User=0.05s Sys=0.02s Real=0.03s
[2023-12-20T08:16:27.898-0800][53538343ms] GC(245) Pause Young (Normal) (G1 Evacuation Pause)
[2023-12-20T08:16:27.898-0800][53538343ms] GC(245) Using 10 workers of 10 for evacuation
[2023-12-20T08:16:27.928-0800][53538373ms] GC(245)   Pre Evacuate Collection Set: 0.0ms
[2023-12-20T08:16:27.928-0800][53538373ms] GC(245)   Evacuate Collection Set: 27.0ms
[2023-12-20T08:16:27.928-0800][53538373ms] GC(245)   Post Evacuate Collection Set: 2.4ms
[2023-12-20T08:16:27.928-0800][53538373ms] GC(245)   Other: 0.4ms
[2023-12-20T08:16:27.928-0800][53538373ms] GC(245) Eden regions: 684->0(684)
[2023-12-20T08:16:27.928-0800][53538373ms] GC(245) Survivor regions: 31->31(90)
[2023-12-20T08:16:27.928-0800][53538373ms] GC(245) Old regions: 150->150
[2023-12-20T08:16:27.928-0800][53538373ms] GC(245) Humongous regions: 5->5
[2023-12-20T08:16:27.928-0800][53538373ms] GC(245) Metaspace: 253659K->253659K(1292288K)
[2023-12-20T08:16:27.928-0800][53538373ms] GC(245) Pause Young (Normal) (G1 Evacuation Pause) 1738M->371M(2386M) 29.957ms
[2023-12-20T08:16:27.928-0800][53538373ms] GC(245) User=0.06s Sys=0.00s Real=0.03s
[2023-12-20T08:16:28.784-0800][53539229ms] GC(246) Pause Young (Normal) (G1 Evacuation Pause)
[2023-12-20T08:16:28.784-0800][53539229ms] GC(246) Using 10 workers of 10 for evacuation
[2023-12-20T08:16:28.822-0800][53539267ms] GC(246)   Pre Evacuate Collection Set: 0.1ms
[2023-12-20T08:16:28.822-0800][53539267ms] GC(246)   Evacuate Collection Set: 30.7ms
[2023-12-20T08:16:28.822-0800][53539267ms] GC(246)   Post Evacuate Collection Set: 6.8ms
[2023-12-20T08:16:28.822-0800][53539267ms] GC(246)   Other: 0.5ms
[2023-12-20T08:16:28.822-0800][53539267ms] GC(246) Eden regions: 684->0(684)
[2023-12-20T08:16:28.822-0800][53539267ms] GC(246) Survivor regions: 31->31(90)
[2023-12-20T08:16:28.822-0800][53539267ms] GC(246) Old regions: 150->150
[2023-12-20T08:16:28.822-0800][53539267ms] GC(246) Humongous regions: 5->5
[2023-12-20T08:16:28.822-0800][53539267ms] GC(246) Metaspace: 253659K->253659K(1292288K)
[2023-12-20T08:16:28.822-0800][53539267ms] GC(246) Pause Young (Normal) (G1 Evacuation Pause) 1739M->370M(2386M) 38.045ms
[2023-12-20T08:16:28.822-0800][53539267ms] GC(246) User=0.14s Sys=0.00s Real=0.04s
[2023-12-20T08:16:29.551-0800][53539996ms] GC(247) Pause Young (Normal) (G1 Evacuation Pause)
[2023-12-20T08:16:29.551-0800][53539996ms] GC(247) Using 10 workers of 10 for evacuation
[2023-12-20T08:16:29.581-0800][53540026ms] GC(247)   Pre Evacuate Collection Set: 0.0ms
[2023-12-20T08:16:29.581-0800][53540026ms] GC(247)   Evacuate Collection Set: 26.7ms
[2023-12-20T08:16:29.581-0800][53540026ms] GC(247)   Post Evacuate Collection Set: 2.3ms
[2023-12-20T08:16:29.581-0800][53540026ms] GC(247)   Other: 0.4ms
[2023-12-20T08:16:29.581-0800][53540026ms] GC(247) Eden regions: 684->0(684)
[2023-12-20T08:16:29.581-0800][53540026ms] GC(247) Survivor regions: 31->31(90)
[2023-12-20T08:16:29.581-0800][53540026ms] GC(247) Old regions: 150->150
[2023-12-20T08:16:29.581-0800][53540026ms] GC(247) Humongous regions: 5->5
[2023-12-20T08:16:29.581-0800][53540026ms] GC(247) Metaspace: 253659K->253659K(1292288K)
[2023-12-20T08:16:29.581-0800][53540026ms] GC(247) Pause Young (Normal) (G1 Evacuation Pause) 1738M->371M(2386M) 29.526ms
[2023-12-20T08:16:29.581-0800][53540026ms] GC(247) User=0.09s Sys=0.00s Real=0.03s
[2023-12-20T08:16:30.137-0800][53540582ms] GC(248) Pause Young (Normal) (G1 Evacuation Pause)
[2023-12-20T08:16:30.137-0800][53540582ms] GC(248) Using 10 workers of 10 for evacuation
[2023-12-20T08:16:30.166-0800][53540611ms] GC(248)   Pre Evacuate Collection Set: 0.0ms
[2023-12-20T08:16:30.166-0800][53540611ms] GC(248)   Evacuate Collection Set: 26.6ms
[2023-12-20T08:16:30.166-0800][53540611ms] GC(248)   Post Evacuate Collection Set: 2.5ms
[2023-12-20T08:16:30.166-0800][53540611ms] GC(248)   Other: 0.4ms
[2023-12-20T08:16:30.166-0800][53540611ms] GC(248) Eden regions: 684->0(684)
[2023-12-20T08:16:30.166-0800][53540611ms] GC(248) Survivor regions: 31->31(90)
[2023-12-20T08:16:30.166-0800][53540611ms] GC(248) Old regions: 150->150
[2023-12-20T08:16:30.166-0800][53540611ms] GC(248) Humongous regions: 5->5
[2023-12-20T08:16:30.166-0800][53540611ms] GC(248) Metaspace: 253659K->253659K(1292288K)
[2023-12-20T08:16:30.166-0800][53540611ms] GC(248) Pause Young (Normal) (G1 Evacuation Pause) 1739M->371M(2386M) 29.551ms
[2023-12-20T08:16:30.166-0800][53540611ms] GC(248) User=0.08s Sys=0.00s Real=0.03s
[2023-12-20T08:16:30.732-0800][53541177ms] GC(249) Pause Young (Normal) (G1 Evacuation Pause)
[2023-12-20T08:16:30.732-0800][53541177ms] GC(249) Using 10 workers of 10 for evacuation
[2023-12-20T08:16:30.762-0800][53541207ms] GC(249)   Pre Evacuate Collection Set: 0.0ms
[2023-12-20T08:16:30.762-0800][53541207ms] GC(249)   Evacuate Collection Set: 27.2ms
[2023-12-20T08:16:30.762-0800][53541207ms] GC(249)   Post Evacuate Collection Set: 2.3ms
[2023-12-20T08:16:30.762-0800][53541207ms] GC(249)   Other: 0.4ms
[2023-12-20T08:16:30.762-0800][53541207ms] GC(249) Eden regions: 684->0(685)
[2023-12-20T08:16:30.762-0800][53541207ms] GC(249) Survivor regions: 31->30(90)
[2023-12-20T08:16:30.762-0800][53541207ms] GC(249) Old regions: 150->150
[2023-12-20T08:16:30.762-0800][53541207ms] GC(249) Humongous regions: 5->5
[2023-12-20T08:16:30.762-0800][53541207ms] GC(249) Metaspace: 253659K->253659K(1292288K)
[2023-12-20T08:16:30.762-0800][53541207ms] GC(249) Pause Young (Normal) (G1 Evacuation Pause) 1739M->369M(2386M) 30.024ms
[2023-12-20T08:16:30.762-0800][53541207ms] GC(249) User=0.08s Sys=0.00s Real=0.03s
[2023-12-20T08:16:31.347-0800][53541792ms] GC(250) Pause Young (Normal) (G1 Evacuation Pause)
[2023-12-20T08:16:31.347-0800][53541792ms] GC(250) Using 10 workers of 10 for evacuation
[2023-12-20T08:16:31.377-0800][53541822ms] GC(250)   Pre Evacuate Collection Set: 0.1ms
[2023-12-20T08:16:31.377-0800][53541822ms] GC(250)   Evacuate Collection Set: 26.8ms
[2023-12-20T08:16:31.377-0800][53541822ms] GC(250)   Post Evacuate Collection Set: 2.4ms
[2023-12-20T08:16:31.377-0800][53541822ms] GC(250)   Other: 0.5ms
[2023-12-20T08:16:31.377-0800][53541822ms] GC(250) Eden regions: 685->0(684)
[2023-12-20T08:16:31.377-0800][53541822ms] GC(250) Survivor regions: 30->31(90)
[2023-12-20T08:16:31.377-0800][53541822ms] GC(250) Old regions: 150->150
[2023-12-20T08:16:31.377-0800][53541822ms] GC(250) Humongous regions: 5->5
[2023-12-20T08:16:31.377-0800][53541822ms] GC(250) Metaspace: 253660K->253660K(1292288K)
[2023-12-20T08:16:31.377-0800][53541822ms] GC(250) Pause Young (Normal) (G1 Evacuation Pause) 1739M->371M(2386M) 29.843ms
[2023-12-20T08:16:31.377-0800][53541822ms] GC(250) User=0.14s Sys=0.00s Real=0.03s
[2023-12-20T08:16:31.984-0800][53542429ms] GC(251) Pause Young (Normal) (G1 Evacuation Pause)
[2023-12-20T08:16:31.984-0800][53542429ms] GC(251) Using 10 workers of 10 for evacuation
[2023-12-20T08:16:32.020-0800][53542465ms] GC(251)   Pre Evacuate Collection Set: 0.1ms
[2023-12-20T08:16:32.020-0800][53542465ms] GC(251)   Evacuate Collection Set: 32.6ms
[2023-12-20T08:16:32.020-0800][53542465ms] GC(251)   Post Evacuate Collection Set: 3.2ms
[2023-12-20T08:16:32.020-0800][53542465ms] GC(251)   Other: 0.5ms
[2023-12-20T08:16:32.020-0800][53542465ms] GC(251) Eden regions: 684->0(683)
[2023-12-20T08:16:32.020-0800][53542465ms] GC(251) Survivor regions: 31->32(90)
[2023-12-20T08:16:32.020-0800][53542465ms] GC(251) Old regions: 150->150
[2023-12-20T08:16:32.020-0800][53542465ms] GC(251) Humongous regions: 5->5
[2023-12-20T08:16:32.020-0800][53542465ms] GC(251) Metaspace: 253660K->253660K(1292288K)
[2023-12-20T08:16:32.020-0800][53542465ms] GC(251) Pause Young (Normal) (G1 Evacuation Pause) 1739M->372M(2386M) 36.469ms
[2023-12-20T08:16:32.020-0800][53542465ms] GC(251) User=0.16s Sys=0.02s Real=0.04s
[2023-12-20T08:16:32.773-0800][53543218ms] GC(252) Pause Young (Normal) (G1 Evacuation Pause)
[2023-12-20T08:16:32.773-0800][53543218ms] GC(252) Using 10 workers of 10 for evacuation
[2023-12-20T08:16:32.801-0800][53543246ms] GC(252)   Pre Evacuate Collection Set: 0.0ms
[2023-12-20T08:16:32.801-0800][53543246ms] GC(252)   Evacuate Collection Set: 26.0ms
[2023-12-20T08:16:32.801-0800][53543246ms] GC(252)   Post Evacuate Collection Set: 2.5ms
[2023-12-20T08:16:32.801-0800][53543246ms] GC(252)   Other: 0.4ms
[2023-12-20T08:16:32.801-0800][53543246ms] GC(252) Eden regions: 683->0(684)
[2023-12-20T08:16:32.801-0800][53543246ms] GC(252) Survivor regions: 32->31(90)
[2023-12-20T08:16:32.801-0800][53543246ms] GC(252) Old regions: 150->151
[2023-12-20T08:16:32.801-0800][53543246ms] GC(252) Humongous regions: 5->5
[2023-12-20T08:16:32.801-0800][53543246ms] GC(252) Metaspace: 253660K->253660K(1292288K)
[2023-12-20T08:16:32.801-0800][53543246ms] GC(252) Pause Young (Normal) (G1 Evacuation Pause) 1738M->371M(2386M) 28.960ms
[2023-12-20T08:16:32.801-0800][53543246ms] GC(252) User=0.05s Sys=0.00s Real=0.03s
[2023-12-20T08:16:33.440-0800][53543885ms] GC(253) Pause Young (Normal) (G1 Evacuation Pause)
[2023-12-20T08:16:33.440-0800][53543885ms] GC(253) Using 10 workers of 10 for evacuation
[2023-12-20T08:16:33.470-0800][53543915ms] GC(253)   Pre Evacuate Collection Set: 0.0ms
[2023-12-20T08:16:33.470-0800][53543915ms] GC(253)   Evacuate Collection Set: 27.7ms
[2023-12-20T08:16:33.470-0800][53543915ms] GC(253)   Post Evacuate Collection Set: 2.3ms
[2023-12-20T08:16:33.470-0800][53543915ms] GC(253)   Other: 0.4ms
[2023-12-20T08:16:33.470-0800][53543915ms] GC(253) Eden regions: 684->0(684)
[2023-12-20T08:16:33.470-0800][53543915ms] GC(253) Survivor regions: 31->31(90)
[2023-12-20T08:16:33.470-0800][53543915ms] GC(253) Old regions: 151->151
[2023-12-20T08:16:33.470-0800][53543915ms] GC(253) Humongous regions: 5->5
[2023-12-20T08:16:33.470-0800][53543915ms] GC(253) Metaspace: 253660K->253660K(1292288K)
[2023-12-20T08:16:33.470-0800][53543915ms] GC(253) Pause Young (Normal) (G1 Evacuation Pause) 1739M->371M(2386M) 30.491ms
[2023-12-20T08:16:33.470-0800][53543915ms] GC(253) User=0.13s Sys=0.00s Real=0.03s
[2023-12-20T08:16:34.129-0800][53544574ms] GC(254) Pause Young (Normal) (G1 Evacuation Pause)
[2023-12-20T08:16:34.129-0800][53544574ms] GC(254) Using 10 workers of 10 for evacuation
[2023-12-20T08:16:34.157-0800][53544602ms] GC(254)   Pre Evacuate Collection Set: 0.0ms
[2023-12-20T08:16:34.157-0800][53544602ms] GC(254)   Evacuate Collection Set: 27.0ms
[2023-12-20T08:16:34.157-0800][53544602ms] GC(254)   Post Evacuate Collection Set: 2.4ms
[2023-12-20T08:16:34.157-0800][53544602ms] GC(254)   Other: 0.4ms
[2023-12-20T08:16:34.157-0800][53544602ms] GC(254) Eden regions: 684->0(684)
[2023-12-20T08:16:34.157-0800][53544602ms] GC(254) Survivor regions: 31->31(90)
[2023-12-20T08:16:34.157-0800][53544602ms] GC(254) Old regions: 151->151
[2023-12-20T08:16:34.157-0800][53544602ms] GC(254) Humongous regions: 5->5
[2023-12-20T08:16:34.157-0800][53544602ms] GC(254) Metaspace: 253660K->253660K(1292288K)
[2023-12-20T08:16:34.157-0800][53544602ms] GC(254) Pause Young (Normal) (G1 Evacuation Pause) 1739M->372M(2386M) 29.878ms
[2023-12-20T08:16:34.159-0800][53544604ms] GC(254) User=0.09s Sys=0.00s Real=0.03s
[2023-12-20T08:16:34.840-0800][53545285ms] GC(255) Pause Young (Normal) (G1 Evacuation Pause)
[2023-12-20T08:16:34.840-0800][53545285ms] GC(255) Using 10 workers of 10 for evacuation
[2023-12-20T08:16:34.869-0800][53545314ms] GC(255)   Pre Evacuate Collection Set: 0.0ms
[2023-12-20T08:16:34.869-0800][53545314ms] GC(255)   Evacuate Collection Set: 26.4ms
[2023-12-20T08:16:34.869-0800][53545314ms] GC(255)   Post Evacuate Collection Set: 2.5ms
[2023-12-20T08:16:34.869-0800][53545314ms] GC(255)   Other: 0.4ms
[2023-12-20T08:16:34.869-0800][53545314ms] GC(255) Eden regions: 684->0(685)
[2023-12-20T08:16:34.869-0800][53545314ms] GC(255) Survivor regions: 31->30(90)
[2023-12-20T08:16:34.869-0800][53545314ms] GC(255) Old regions: 151->151
[2023-12-20T08:16:34.869-0800][53545314ms] GC(255) Humongous regions: 5->5
[2023-12-20T08:16:34.869-0800][53545314ms] GC(255) Metaspace: 253660K->253660K(1292288K)
[2023-12-20T08:16:34.869-0800][53545314ms] GC(255) Pause Young (Normal) (G1 Evacuation Pause) 1740M->371M(2386M) 29.464ms
[2023-12-20T08:16:34.869-0800][53545314ms] GC(255) User=0.11s Sys=0.00s Real=0.03s
[2023-12-20T08:16:35.546-0800][53545991ms] GC(256) Pause Young (Normal) (G1 Evacuation Pause)
[2023-12-20T08:16:35.546-0800][53545991ms] GC(256) Using 10 workers of 10 for evacuation
[2023-12-20T08:16:35.575-0800][53546020ms] GC(256)   Pre Evacuate Collection Set: 0.0ms
[2023-12-20T08:16:35.575-0800][53546020ms] GC(256)   Evacuate Collection Set: 27.0ms
[2023-12-20T08:16:35.575-0800][53546020ms] GC(256)   Post Evacuate Collection Set: 2.4ms
[2023-12-20T08:16:35.575-0800][53546020ms] GC(256)   Other: 0.4ms
[2023-12-20T08:16:35.575-0800][53546020ms] GC(256) Eden regions: 685->0(685)
[2023-12-20T08:16:35.575-0800][53546020ms] GC(256) Survivor regions: 30->30(90)
[2023-12-20T08:16:35.575-0800][53546020ms] GC(256) Old regions: 151->151
[2023-12-20T08:16:35.575-0800][53546020ms] GC(256) Humongous regions: 5->5
[2023-12-20T08:16:35.575-0800][53546020ms] GC(256) Metaspace: 253660K->253660K(1292288K)
[2023-12-20T08:16:35.575-0800][53546020ms] GC(256) Pause Young (Normal) (G1 Evacuation Pause) 1741M->371M(2386M) 29.969ms
[2023-12-20T08:16:35.575-0800][53546020ms] GC(256) User=0.06s Sys=0.00s Real=0.03s
[2023-12-20T08:16:36.254-0800][53546699ms] GC(257) Pause Young (Normal) (G1 Evacuation Pause)
[2023-12-20T08:16:36.254-0800][53546699ms] GC(257) Using 10 workers of 10 for evacuation
[2023-12-20T08:16:36.299-0800][53546744ms] GC(257)   Pre Evacuate Collection Set: 0.0ms
[2023-12-20T08:16:36.299-0800][53546744ms] GC(257)   Evacuate Collection Set: 27.3ms
[2023-12-20T08:16:36.299-0800][53546744ms] GC(257)   Post Evacuate Collection Set: 18.3ms
[2023-12-20T08:16:36.299-0800][53546744ms] GC(257)   Other: 0.4ms
[2023-12-20T08:16:36.299-0800][53546744ms] GC(257) Eden regions: 685->0(685)
[2023-12-20T08:16:36.299-0800][53546744ms] GC(257) Survivor regions: 30->30(90)
[2023-12-20T08:16:36.299-0800][53546744ms] GC(257) Old regions: 151->151
[2023-12-20T08:16:36.299-0800][53546744ms] GC(257) Humongous regions: 5->5
[2023-12-20T08:16:36.299-0800][53546744ms] GC(257) Metaspace: 253660K->253660K(1292288K)
[2023-12-20T08:16:36.299-0800][53546744ms] GC(257) Pause Young (Normal) (G1 Evacuation Pause) 1741M->370M(2386M) 46.270ms
[2023-12-20T08:16:36.299-0800][53546744ms] GC(257) User=0.14s Sys=0.00s Real=0.05s
[2023-12-20T08:16:37.004-0800][53547449ms] GC(258) Pause Young (Normal) (G1 Evacuation Pause)
[2023-12-20T08:16:37.004-0800][53547449ms] GC(258) Using 10 workers of 10 for evacuation
[2023-12-20T08:16:37.033-0800][53547478ms] GC(258)   Pre Evacuate Collection Set: 0.0ms
[2023-12-20T08:16:37.033-0800][53547478ms] GC(258)   Evacuate Collection Set: 26.4ms
[2023-12-20T08:16:37.033-0800][53547478ms] GC(258)   Post Evacuate Collection Set: 2.8ms
[2023-12-20T08:16:37.033-0800][53547478ms] GC(258)   Other: 0.4ms
[2023-12-20T08:16:37.033-0800][53547478ms] GC(258) Eden regions: 685->0(685)
[2023-12-20T08:16:37.033-0800][53547478ms] GC(258) Survivor regions: 30->30(90)
[2023-12-20T08:16:37.033-0800][53547478ms] GC(258) Old regions: 151->151
[2023-12-20T08:16:37.033-0800][53547478ms] GC(258) Humongous regions: 5->5
[2023-12-20T08:16:37.033-0800][53547478ms] GC(258) Metaspace: 253668K->253668K(1292288K)
[2023-12-20T08:16:37.033-0800][53547478ms] GC(258) Pause Young (Normal) (G1 Evacuation Pause) 1740M->371M(2386M) 29.712ms
[2023-12-20T08:16:37.033-0800][53547478ms] GC(258) User=0.05s Sys=0.00s Real=0.03s
[2023-12-20T08:16:37.841-0800][53548286ms] GC(259) Pause Young (Normal) (G1 Evacuation Pause)
[2023-12-20T08:16:37.841-0800][53548286ms] GC(259) Using 10 workers of 10 for evacuation
[2023-12-20T08:16:37.872-0800][53548317ms] GC(259)   Pre Evacuate Collection Set: 0.0ms
[2023-12-20T08:16:37.872-0800][53548317ms] GC(259)   Evacuate Collection Set: 28.0ms
[2023-12-20T08:16:37.872-0800][53548317ms] GC(259)   Post Evacuate Collection Set: 2.3ms
[2023-12-20T08:16:37.872-0800][53548317ms] GC(259)   Other: 0.4ms
[2023-12-20T08:16:37.872-0800][53548317ms] GC(259) Eden regions: 685->0(684)
[2023-12-20T08:16:37.872-0800][53548317ms] GC(259) Survivor regions: 30->31(90)
[2023-12-20T08:16:37.872-0800][53548317ms] GC(259) Old regions: 151->151
[2023-12-20T08:16:37.872-0800][53548317ms] GC(259) Humongous regions: 5->5
[2023-12-20T08:16:37.872-0800][53548317ms] GC(259) Metaspace: 253810K->253810K(1292288K)
[2023-12-20T08:16:37.872-0800][53548317ms] GC(259) Pause Young (Normal) (G1 Evacuation Pause) 1741M->372M(2386M) 30.801ms
[2023-12-20T08:16:37.872-0800][53548317ms] GC(259) User=0.17s Sys=0.00s Real=0.03s
[2023-12-20T08:16:38.664-0800][53549109ms] GC(260) Pause Young (Normal) (GCLocker Initiated GC)
[2023-12-20T08:16:38.664-0800][53549109ms] GC(260) Using 10 workers of 10 for evacuation
[2023-12-20T08:16:38.694-0800][53549139ms] GC(260)   Pre Evacuate Collection Set: 0.0ms
[2023-12-20T08:16:38.694-0800][53549139ms] GC(260)   Evacuate Collection Set: 27.8ms
[2023-12-20T08:16:38.694-0800][53549139ms] GC(260)   Post Evacuate Collection Set: 2.5ms
[2023-12-20T08:16:38.694-0800][53549139ms] GC(260)   Other: 0.4ms
[2023-12-20T08:16:38.694-0800][53549139ms] GC(260) Eden regions: 685->0(685)
[2023-12-20T08:16:38.694-0800][53549139ms] GC(260) Survivor regions: 31->30(90)
[2023-12-20T08:16:38.694-0800][53549139ms] GC(260) Old regions: 151->151
[2023-12-20T08:16:38.694-0800][53549139ms] GC(260) Humongous regions: 5->5
[2023-12-20T08:16:38.694-0800][53549139ms] GC(260) Metaspace: 253829K->253829K(1292288K)
[2023-12-20T08:16:38.694-0800][53549139ms] GC(260) Pause Young (Normal) (GCLocker Initiated GC) 1741M->371M(2386M) 30.840ms
[2023-12-20T08:16:38.694-0800][53549139ms] GC(260) User=0.11s Sys=0.00s Real=0.03s
[2023-12-20T08:16:39.486-0800][53549931ms] GC(261) Pause Young (Normal) (GCLocker Initiated GC)
[2023-12-20T08:16:39.486-0800][53549931ms] GC(261) Using 10 workers of 10 for evacuation
[2023-12-20T08:16:39.515-0800][53549960ms] GC(261)   Pre Evacuate Collection Set: 0.0ms
[2023-12-20T08:16:39.515-0800][53549960ms] GC(261)   Evacuate Collection Set: 25.9ms
[2023-12-20T08:16:39.515-0800][53549960ms] GC(261)   Post Evacuate Collection Set: 2.5ms
[2023-12-20T08:16:39.515-0800][53549960ms] GC(261)   Other: 0.4ms
[2023-12-20T08:16:39.515-0800][53549960ms] GC(261) Eden regions: 686->0(684)
[2023-12-20T08:16:39.515-0800][53549960ms] GC(261) Survivor regions: 30->31(90)
[2023-12-20T08:16:39.515-0800][53549960ms] GC(261) Old regions: 151->151
[2023-12-20T08:16:39.515-0800][53549960ms] GC(261) Humongous regions: 5->5
[2023-12-20T08:16:39.515-0800][53549960ms] GC(261) Metaspace: 253829K->253829K(1292288K)
[2023-12-20T08:16:39.515-0800][53549960ms] GC(261) Pause Young (Normal) (GCLocker Initiated GC) 1743M->372M(2386M) 28.883ms
[2023-12-20T08:16:39.515-0800][53549960ms] GC(261) User=0.09s Sys=0.00s Real=0.03s
[2023-12-20T08:16:40.003-0800][53550448ms] GC(262) Pause Young (Normal) (GCLocker Initiated GC)
[2023-12-20T08:16:40.003-0800][53550448ms] GC(262) Using 10 workers of 10 for evacuation
[2023-12-20T08:16:40.034-0800][53550479ms] GC(262)   Pre Evacuate Collection Set: 0.0ms
[2023-12-20T08:16:40.034-0800][53550479ms] GC(262)   Evacuate Collection Set: 27.8ms
[2023-12-20T08:16:40.034-0800][53550479ms] GC(262)   Post Evacuate Collection Set: 2.5ms
[2023-12-20T08:16:40.034-0800][53550479ms] GC(262)   Other: 0.4ms
[2023-12-20T08:16:40.034-0800][53550479ms] GC(262) Eden regions: 685->0(685)
[2023-12-20T08:16:40.034-0800][53550479ms] GC(262) Survivor regions: 31->30(90)
[2023-12-20T08:16:40.034-0800][53550479ms] GC(262) Old regions: 151->151
[2023-12-20T08:16:40.034-0800][53550479ms] GC(262) Humongous regions: 5->5
[2023-12-20T08:16:40.034-0800][53550479ms] GC(262) Metaspace: 253829K->253829K(1292288K)
[2023-12-20T08:16:40.034-0800][53550479ms] GC(262) Pause Young (Normal) (GCLocker Initiated GC) 1741M->371M(2386M) 30.771ms
[2023-12-20T08:16:40.034-0800][53550479ms] GC(262) User=0.09s Sys=0.00s Real=0.03s
[2023-12-20T08:16:40.713-0800][53551158ms] GC(263) Pause Young (Normal) (GCLocker Initiated GC)
[2023-12-20T08:16:40.713-0800][53551158ms] GC(263) Using 10 workers of 10 for evacuation
[2023-12-20T08:16:40.743-0800][53551188ms] GC(263)   Pre Evacuate Collection Set: 0.0ms
[2023-12-20T08:16:40.743-0800][53551188ms] GC(263)   Evacuate Collection Set: 27.1ms
[2023-12-20T08:16:40.743-0800][53551188ms] GC(263)   Post Evacuate Collection Set: 2.9ms
[2023-12-20T08:16:40.743-0800][53551188ms] GC(263)   Other: 0.4ms
[2023-12-20T08:16:40.743-0800][53551188ms] GC(263) Eden regions: 686->0(685)
[2023-12-20T08:16:40.743-0800][53551188ms] GC(263) Survivor regions: 30->30(90)
[2023-12-20T08:16:40.743-0800][53551188ms] GC(263) Old regions: 151->151
[2023-12-20T08:16:40.743-0800][53551188ms] GC(263) Humongous regions: 5->5
[2023-12-20T08:16:40.743-0800][53551188ms] GC(263) Metaspace: 253829K->253829K(1292288K)
[2023-12-20T08:16:40.743-0800][53551188ms] GC(263) Pause Young (Normal) (GCLocker Initiated GC) 1742M->371M(2386M) 30.556ms
[2023-12-20T08:16:40.744-0800][53551189ms] GC(263) User=0.13s Sys=0.00s Real=0.03s
[2023-12-20T08:16:41.276-0800][53551721ms] GC(264) Pause Young (Normal) (G1 Evacuation Pause)
[2023-12-20T08:16:41.276-0800][53551721ms] GC(264) Using 10 workers of 10 for evacuation
[2023-12-20T08:16:41.306-0800][53551751ms] GC(264)   Pre Evacuate Collection Set: 0.1ms
[2023-12-20T08:16:41.306-0800][53551751ms] GC(264)   Evacuate Collection Set: 26.8ms
[2023-12-20T08:16:41.306-0800][53551751ms] GC(264)   Post Evacuate Collection Set: 2.7ms
[2023-12-20T08:16:41.306-0800][53551751ms] GC(264)   Other: 0.5ms
[2023-12-20T08:16:41.306-0800][53551751ms] GC(264) Eden regions: 685->0(685)
[2023-12-20T08:16:41.306-0800][53551751ms] GC(264) Survivor regions: 30->30(90)
[2023-12-20T08:16:41.306-0800][53551751ms] GC(264) Old regions: 151->151
[2023-12-20T08:16:41.306-0800][53551751ms] GC(264) Humongous regions: 5->5
[2023-12-20T08:16:41.306-0800][53551751ms] GC(264) Metaspace: 253829K->253829K(1292288K)
[2023-12-20T08:16:41.306-0800][53551751ms] GC(264) Pause Young (Normal) (G1 Evacuation Pause) 1741M->370M(2386M) 30.308ms
[2023-12-20T08:16:41.306-0800][53551751ms] GC(264) User=0.19s Sys=0.00s Real=0.03s
[2023-12-20T08:16:41.900-0800][53552345ms] GC(265) Pause Young (Normal) (G1 Evacuation Pause)
[2023-12-20T08:16:41.900-0800][53552345ms] GC(265) Using 10 workers of 10 for evacuation
[2023-12-20T08:16:41.940-0800][53552385ms] GC(265)   Pre Evacuate Collection Set: 0.0ms
[2023-12-20T08:16:41.940-0800][53552385ms] GC(265)   Evacuate Collection Set: 37.5ms
[2023-12-20T08:16:41.940-0800][53552385ms] GC(265)   Post Evacuate Collection Set: 2.3ms
[2023-12-20T08:16:41.940-0800][53552385ms] GC(265)   Other: 0.4ms
[2023-12-20T08:16:41.940-0800][53552385ms] GC(265) Eden regions: 685->0(685)
[2023-12-20T08:16:41.940-0800][53552385ms] GC(265) Survivor regions: 30->30(90)
[2023-12-20T08:16:41.940-0800][53552385ms] GC(265) Old regions: 151->151
[2023-12-20T08:16:41.940-0800][53552385ms] GC(265) Humongous regions: 5->5
[2023-12-20T08:16:41.940-0800][53552385ms] GC(265) Metaspace: 253829K->253829K(1292288K)
[2023-12-20T08:16:41.940-0800][53552385ms] GC(265) Pause Young (Normal) (G1 Evacuation Pause) 1740M->370M(2386M) 40.357ms
[2023-12-20T08:16:41.940-0800][53552385ms] GC(265) User=0.17s Sys=0.00s Real=0.04s
[2023-12-20T08:16:42.527-0800][53552972ms] GC(266) Pause Young (Normal) (G1 Evacuation Pause)
[2023-12-20T08:16:42.527-0800][53552972ms] GC(266) Using 10 workers of 10 for evacuation
[2023-12-20T08:16:42.555-0800][53553000ms] GC(266)   Pre Evacuate Collection Set: 0.0ms
[2023-12-20T08:16:42.555-0800][53553000ms] GC(266)   Evacuate Collection Set: 25.5ms
[2023-12-20T08:16:42.555-0800][53553000ms] GC(266)   Post Evacuate Collection Set: 2.4ms
[2023-12-20T08:16:42.555-0800][53553000ms] GC(266)   Other: 0.4ms
[2023-12-20T08:16:42.555-0800][53553000ms] GC(266) Eden regions: 685->0(685)
[2023-12-20T08:16:42.555-0800][53553000ms] GC(266) Survivor regions: 30->30(90)
[2023-12-20T08:16:42.555-0800][53553000ms] GC(266) Old regions: 151->151
[2023-12-20T08:16:42.555-0800][53553000ms] GC(266) Humongous regions: 5->5
[2023-12-20T08:16:42.555-0800][53553000ms] GC(266) Metaspace: 253829K->253829K(1292288K)
[2023-12-20T08:16:42.555-0800][53553000ms] GC(266) Pause Young (Normal) (G1 Evacuation Pause) 1740M->371M(2386M) 28.497ms
[2023-12-20T08:16:42.555-0800][53553000ms] GC(266) User=0.05s Sys=0.00s Real=0.03s
[2023-12-20T08:16:43.171-0800][53553616ms] GC(267) Pause Young (Normal) (G1 Evacuation Pause)
[2023-12-20T08:16:43.171-0800][53553616ms] GC(267) Using 10 workers of 10 for evacuation
[2023-12-20T08:16:43.200-0800][53553645ms] GC(267)   Pre Evacuate Collection Set: 0.0ms
[2023-12-20T08:16:43.200-0800][53553645ms] GC(267)   Evacuate Collection Set: 26.8ms
[2023-12-20T08:16:43.200-0800][53553645ms] GC(267)   Post Evacuate Collection Set: 2.7ms
[2023-12-20T08:16:43.200-0800][53553645ms] GC(267)   Other: 0.5ms
[2023-12-20T08:16:43.200-0800][53553645ms] GC(267) Eden regions: 685->0(685)
[2023-12-20T08:16:43.200-0800][53553645ms] GC(267) Survivor regions: 30->30(90)
[2023-12-20T08:16:43.200-0800][53553645ms] GC(267) Old regions: 151->151
[2023-12-20T08:16:43.200-0800][53553645ms] GC(267) Humongous regions: 5->5
[2023-12-20T08:16:43.200-0800][53553645ms] GC(267) Metaspace: 253829K->253829K(1292288K)
[2023-12-20T08:16:43.200-0800][53553645ms] GC(267) Pause Young (Normal) (G1 Evacuation Pause) 1741M->370M(2386M) 30.037ms
[2023-12-20T08:16:43.200-0800][53553645ms] GC(267) User=0.13s Sys=0.00s Real=0.03s
[2023-12-20T08:16:43.738-0800][53554183ms] GC(268) Pause Young (Normal) (G1 Evacuation Pause)
[2023-12-20T08:16:43.738-0800][53554183ms] GC(268) Using 10 workers of 10 for evacuation
[2023-12-20T08:16:43.765-0800][53554210ms] GC(268)   Pre Evacuate Collection Set: 0.0ms
[2023-12-20T08:16:43.765-0800][53554210ms] GC(268)   Evacuate Collection Set: 24.8ms
[2023-12-20T08:16:43.765-0800][53554210ms] GC(268)   Post Evacuate Collection Set: 2.4ms
[2023-12-20T08:16:43.765-0800][53554210ms] GC(268)   Other: 0.3ms
[2023-12-20T08:16:43.765-0800][53554210ms] GC(268) Eden regions: 685->0(685)
[2023-12-20T08:16:43.765-0800][53554210ms] GC(268) Survivor regions: 30->30(90)
[2023-12-20T08:16:43.765-0800][53554210ms] GC(268) Old regions: 151->151
[2023-12-20T08:16:43.765-0800][53554210ms] GC(268) Humongous regions: 5->5
[2023-12-20T08:16:43.765-0800][53554210ms] GC(268) Metaspace: 253829K->253829K(1292288K)
[2023-12-20T08:16:43.765-0800][53554210ms] GC(268) Pause Young (Normal) (G1 Evacuation Pause) 1740M->371M(2386M) 27.701ms
[2023-12-20T08:16:43.765-0800][53554210ms] GC(268) User=0.05s Sys=0.00s Real=0.03s
[2023-12-20T08:16:44.450-0800][53554895ms] GC(269) Pause Young (Normal) (G1 Evacuation Pause)
[2023-12-20T08:16:44.450-0800][53554895ms] GC(269) Using 10 workers of 10 for evacuation
[2023-12-20T08:16:44.480-0800][53554925ms] GC(269)   Pre Evacuate Collection Set: 0.0ms
[2023-12-20T08:16:44.480-0800][53554925ms] GC(269)   Evacuate Collection Set: 27.0ms
[2023-12-20T08:16:44.480-0800][53554925ms] GC(269)   Post Evacuate Collection Set: 2.4ms
[2023-12-20T08:16:44.480-0800][53554925ms] GC(269)   Other: 0.4ms
[2023-12-20T08:16:44.480-0800][53554925ms] GC(269) Eden regions: 685->0(685)
[2023-12-20T08:16:44.480-0800][53554925ms] GC(269) Survivor regions: 30->30(90)
[2023-12-20T08:16:44.480-0800][53554925ms] GC(269) Old regions: 151->151
[2023-12-20T08:16:44.480-0800][53554925ms] GC(269) Humongous regions: 5->5
[2023-12-20T08:16:44.480-0800][53554925ms] GC(269) Metaspace: 253850K->253850K(1292288K)
[2023-12-20T08:16:44.480-0800][53554925ms] GC(269) Pause Young (Normal) (G1 Evacuation Pause) 1741M->371M(2386M) 29.915ms
[2023-12-20T08:16:44.480-0800][53554925ms] GC(269) User=0.06s Sys=0.00s Real=0.03s
[2023-12-20T08:16:45.264-0800][53555709ms] GC(270) Pause Young (Normal) (G1 Evacuation Pause)
[2023-12-20T08:16:45.264-0800][53555709ms] GC(270) Using 10 workers of 10 for evacuation
[2023-12-20T08:16:45.293-0800][53555738ms] GC(270)   Pre Evacuate Collection Set: 0.0ms
[2023-12-20T08:16:45.293-0800][53555738ms] GC(270)   Evacuate Collection Set: 26.9ms
[2023-12-20T08:16:45.293-0800][53555738ms] GC(270)   Post Evacuate Collection Set: 2.2ms
[2023-12-20T08:16:45.293-0800][53555738ms] GC(270)   Other: 0.3ms
[2023-12-20T08:16:45.293-0800][53555738ms] GC(270) Eden regions: 685->0(685)
[2023-12-20T08:16:45.293-0800][53555738ms] GC(270) Survivor regions: 30->30(90)
[2023-12-20T08:16:45.293-0800][53555738ms] GC(270) Old regions: 151->151
[2023-12-20T08:16:45.293-0800][53555738ms] GC(270) Humongous regions: 5->5
[2023-12-20T08:16:45.293-0800][53555738ms] GC(270) Metaspace: 253850K->253850K(1292288K)
[2023-12-20T08:16:45.293-0800][53555738ms] GC(270) Pause Young (Normal) (G1 Evacuation Pause) 1741M->371M(2386M) 29.581ms
[2023-12-20T08:16:45.293-0800][53555738ms] GC(270) User=0.20s Sys=0.00s Real=0.03s
[2023-12-20T08:16:45.936-0800][53556381ms] GC(271) Pause Young (Normal) (G1 Evacuation Pause)
[2023-12-20T08:16:45.936-0800][53556381ms] GC(271) Using 10 workers of 10 for evacuation
[2023-12-20T08:16:45.965-0800][53556410ms] GC(271)   Pre Evacuate Collection Set: 0.0ms
[2023-12-20T08:16:45.966-0800][53556411ms] GC(271)   Evacuate Collection Set: 26.8ms
[2023-12-20T08:16:45.966-0800][53556411ms] GC(271)   Post Evacuate Collection Set: 2.4ms
[2023-12-20T08:16:45.966-0800][53556411ms] GC(271)   Other: 0.4ms
[2023-12-20T08:16:45.966-0800][53556411ms] GC(271) Eden regions: 685->0(685)
[2023-12-20T08:16:45.966-0800][53556411ms] GC(271) Survivor regions: 30->30(90)
[2023-12-20T08:16:45.966-0800][53556411ms] GC(271) Old regions: 151->151
[2023-12-20T08:16:45.966-0800][53556411ms] GC(271) Humongous regions: 5->5
[2023-12-20T08:16:45.966-0800][53556411ms] GC(271) Metaspace: 253850K->253850K(1292288K)
[2023-12-20T08:16:45.966-0800][53556411ms] GC(271) Pause Young (Normal) (G1 Evacuation Pause) 1741M->371M(2386M) 29.735ms
[2023-12-20T08:16:45.966-0800][53556411ms] GC(271) User=0.11s Sys=0.00s Real=0.03s
[2023-12-20T08:16:46.602-0800][53557047ms] GC(272) Pause Young (Normal) (G1 Evacuation Pause)
[2023-12-20T08:16:46.602-0800][53557047ms] GC(272) Using 10 workers of 10 for evacuation
[2023-12-20T08:16:46.631-0800][53557076ms] GC(272)   Pre Evacuate Collection Set: 0.0ms
[2023-12-20T08:16:46.631-0800][53557076ms] GC(272)   Evacuate Collection Set: 25.7ms
[2023-12-20T08:16:46.631-0800][53557076ms] GC(272)   Post Evacuate Collection Set: 2.7ms
[2023-12-20T08:16:46.631-0800][53557076ms] GC(272)   Other: 0.3ms
[2023-12-20T08:16:46.631-0800][53557076ms] GC(272) Eden regions: 685->0(684)
[2023-12-20T08:16:46.631-0800][53557076ms] GC(272) Survivor regions: 30->31(90)
[2023-12-20T08:16:46.631-0800][53557076ms] GC(272) Old regions: 151->151
[2023-12-20T08:16:46.631-0800][53557076ms] GC(272) Humongous regions: 5->5
[2023-12-20T08:16:46.631-0800][53557076ms] GC(272) Metaspace: 253850K->253850K(1292288K)
[2023-12-20T08:16:46.631-0800][53557076ms] GC(272) Pause Young (Normal) (G1 Evacuation Pause) 1741M->372M(2386M) 28.863ms
[2023-12-20T08:16:46.631-0800][53557076ms] GC(272) User=0.09s Sys=0.02s Real=0.03s
[2023-12-20T08:16:47.260-0800][53557705ms] GC(273) Pause Young (Normal) (G1 Evacuation Pause)
[2023-12-20T08:16:47.260-0800][53557705ms] GC(273) Using 10 workers of 10 for evacuation
[2023-12-20T08:16:47.289-0800][53557734ms] GC(273)   Pre Evacuate Collection Set: 0.0ms
[2023-12-20T08:16:47.289-0800][53557734ms] GC(273)   Evacuate Collection Set: 26.7ms
[2023-12-20T08:16:47.289-0800][53557734ms] GC(273)   Post Evacuate Collection Set: 2.4ms
[2023-12-20T08:16:47.289-0800][53557734ms] GC(273)   Other: 0.4ms
[2023-12-20T08:16:47.289-0800][53557734ms] GC(273) Eden regions: 684->0(685)
[2023-12-20T08:16:47.289-0800][53557734ms] GC(273) Survivor regions: 31->30(90)
[2023-12-20T08:16:47.289-0800][53557734ms] GC(273) Old regions: 151->151
[2023-12-20T08:16:47.289-0800][53557734ms] GC(273) Humongous regions: 5->5
[2023-12-20T08:16:47.289-0800][53557734ms] GC(273) Metaspace: 253850K->253850K(1292288K)
[2023-12-20T08:16:47.289-0800][53557734ms] GC(273) Pause Young (Normal) (G1 Evacuation Pause) 1740M->370M(2386M) 29.592ms
[2023-12-20T08:16:47.289-0800][53557734ms] GC(273) User=0.11s Sys=0.00s Real=0.03s
[2023-12-20T08:16:48.043-0800][53558488ms] GC(274) Pause Young (Normal) (G1 Evacuation Pause)
[2023-12-20T08:16:48.044-0800][53558489ms] GC(274) Using 10 workers of 10 for evacuation
[2023-12-20T08:16:48.074-0800][53558519ms] GC(274)   Pre Evacuate Collection Set: 0.0ms
[2023-12-20T08:16:48.074-0800][53558519ms] GC(274)   Evacuate Collection Set: 27.9ms
[2023-12-20T08:16:48.074-0800][53558519ms] GC(274)   Post Evacuate Collection Set: 2.6ms
[2023-12-20T08:16:48.074-0800][53558519ms] GC(274)   Other: 0.4ms
[2023-12-20T08:16:48.074-0800][53558519ms] GC(274) Eden regions: 685->0(686)
[2023-12-20T08:16:48.074-0800][53558519ms] GC(274) Survivor regions: 30->29(90)
[2023-12-20T08:16:48.074-0800][53558519ms] GC(274) Old regions: 151->152
[2023-12-20T08:16:48.074-0800][53558519ms] GC(274) Humongous regions: 5->5
[2023-12-20T08:16:48.074-0800][53558519ms] GC(274) Metaspace: 253850K->253850K(1292288K)
[2023-12-20T08:16:48.074-0800][53558519ms] GC(274) Pause Young (Normal) (G1 Evacuation Pause) 1740M->370M(2386M) 30.989ms
[2023-12-20T08:16:48.074-0800][53558519ms] GC(274) User=0.06s Sys=0.00s Real=0.03s
[2023-12-20T08:16:48.918-0800][53559363ms] GC(275) Pause Young (Normal) (G1 Evacuation Pause)
[2023-12-20T08:16:48.918-0800][53559363ms] GC(275) Using 10 workers of 10 for evacuation
[2023-12-20T08:16:48.947-0800][53559392ms] GC(275)   Pre Evacuate Collection Set: 0.0ms
[2023-12-20T08:16:48.947-0800][53559392ms] GC(275)   Evacuate Collection Set: 26.1ms
[2023-12-20T08:16:48.947-0800][53559392ms] GC(275)   Post Evacuate Collection Set: 2.4ms
[2023-12-20T08:16:48.947-0800][53559392ms] GC(275)   Other: 0.4ms
[2023-12-20T08:16:48.947-0800][53559392ms] GC(275) Eden regions: 686->0(684)
[2023-12-20T08:16:48.947-0800][53559392ms] GC(275) Survivor regions: 29->31(90)
[2023-12-20T08:16:48.947-0800][53559392ms] GC(275) Old regions: 152->152
[2023-12-20T08:16:48.947-0800][53559392ms] GC(275) Humongous regions: 5->5
[2023-12-20T08:16:48.947-0800][53559392ms] GC(275) Metaspace: 253850K->253850K(1292288K)
[2023-12-20T08:16:48.947-0800][53559392ms] GC(275) Pause Young (Normal) (G1 Evacuation Pause) 1742M->373M(2386M) 28.985ms
[2023-12-20T08:16:48.947-0800][53559392ms] GC(275) User=0.06s Sys=0.00s Real=0.03s
[2023-12-20T08:16:49.781-0800][53560226ms] GC(276) Pause Young (Normal) (G1 Evacuation Pause)
[2023-12-20T08:16:49.781-0800][53560226ms] GC(276) Using 10 workers of 10 for evacuation
[2023-12-20T08:16:49.810-0800][53560255ms] GC(276)   Pre Evacuate Collection Set: 0.0ms
[2023-12-20T08:16:49.810-0800][53560255ms] GC(276)   Evacuate Collection Set: 26.6ms
[2023-12-20T08:16:49.810-0800][53560255ms] GC(276)   Post Evacuate Collection Set: 2.5ms
[2023-12-20T08:16:49.810-0800][53560255ms] GC(276)   Other: 0.4ms
[2023-12-20T08:16:49.810-0800][53560255ms] GC(276) Eden regions: 684->0(685)
[2023-12-20T08:16:49.810-0800][53560255ms] GC(276) Survivor regions: 31->30(90)
[2023-12-20T08:16:49.810-0800][53560255ms] GC(276) Old regions: 152->152
[2023-12-20T08:16:49.810-0800][53560255ms] GC(276) Humongous regions: 5->5
[2023-12-20T08:16:49.810-0800][53560255ms] GC(276) Metaspace: 253850K->253850K(1292288K)
[2023-12-20T08:16:49.810-0800][53560255ms] GC(276) Pause Young (Normal) (G1 Evacuation Pause) 1741M->372M(2386M) 29.640ms
[2023-12-20T08:16:49.810-0800][53560255ms] GC(276) User=0.11s Sys=0.00s Real=0.03s
[2023-12-20T08:16:50.563-0800][53561008ms] GC(277) Pause Young (Normal) (G1 Evacuation Pause)
[2023-12-20T08:16:50.563-0800][53561008ms] GC(277) Using 10 workers of 10 for evacuation
[2023-12-20T08:16:50.592-0800][53561037ms] GC(277)   Pre Evacuate Collection Set: 0.0ms
[2023-12-20T08:16:50.592-0800][53561037ms] GC(277)   Evacuate Collection Set: 25.8ms
[2023-12-20T08:16:50.592-0800][53561037ms] GC(277)   Post Evacuate Collection Set: 2.5ms
[2023-12-20T08:16:50.592-0800][53561037ms] GC(277)   Other: 0.4ms
[2023-12-20T08:16:50.592-0800][53561037ms] GC(277) Eden regions: 685->0(685)
[2023-12-20T08:16:50.592-0800][53561037ms] GC(277) Survivor regions: 30->30(90)
[2023-12-20T08:16:50.592-0800][53561037ms] GC(277) Old regions: 152->152
[2023-12-20T08:16:50.592-0800][53561037ms] GC(277) Humongous regions: 5->5
[2023-12-20T08:16:50.592-0800][53561037ms] GC(277) Metaspace: 253850K->253850K(1292288K)
[2023-12-20T08:16:50.592-0800][53561037ms] GC(277) Pause Young (Normal) (G1 Evacuation Pause) 1742M->372M(2386M) 28.851ms
[2023-12-20T08:16:50.592-0800][53561037ms] GC(277) User=0.06s Sys=0.00s Real=0.03s
[2023-12-20T08:16:51.300-0800][53561745ms] GC(278) Pause Young (Normal) (G1 Evacuation Pause)
[2023-12-20T08:16:51.300-0800][53561745ms] GC(278) Using 10 workers of 10 for evacuation
[2023-12-20T08:16:51.329-0800][53561774ms] GC(278)   Pre Evacuate Collection Set: 0.0ms
[2023-12-20T08:16:51.329-0800][53561774ms] GC(278)   Evacuate Collection Set: 26.0ms
[2023-12-20T08:16:51.329-0800][53561774ms] GC(278)   Post Evacuate Collection Set: 2.7ms
[2023-12-20T08:16:51.329-0800][53561774ms] GC(278)   Other: 0.5ms
[2023-12-20T08:16:51.329-0800][53561774ms] GC(278) Eden regions: 685->0(685)
[2023-12-20T08:16:51.329-0800][53561774ms] GC(278) Survivor regions: 30->30(90)
[2023-12-20T08:16:51.329-0800][53561774ms] GC(278) Old regions: 152->152
[2023-12-20T08:16:51.329-0800][53561774ms] GC(278) Humongous regions: 5->5
[2023-12-20T08:16:51.329-0800][53561774ms] GC(278) Metaspace: 253850K->253850K(1292288K)
[2023-12-20T08:16:51.329-0800][53561774ms] GC(278) Pause Young (Normal) (G1 Evacuation Pause) 1742M->372M(2386M) 29.393ms
[2023-12-20T08:16:51.329-0800][53561774ms] GC(278) User=0.11s Sys=0.00s Real=0.03s
[2023-12-20T08:16:52.057-0800][53562502ms] GC(279) Pause Young (Normal) (G1 Evacuation Pause)
[2023-12-20T08:16:52.057-0800][53562502ms] GC(279) Using 10 workers of 10 for evacuation
[2023-12-20T08:16:52.087-0800][53562532ms] GC(279)   Pre Evacuate Collection Set: 0.0ms
[2023-12-20T08:16:52.087-0800][53562532ms] GC(279)   Evacuate Collection Set: 26.8ms
[2023-12-20T08:16:52.087-0800][53562532ms] GC(279)   Post Evacuate Collection Set: 2.6ms
[2023-12-20T08:16:52.087-0800][53562532ms] GC(279)   Other: 0.4ms
[2023-12-20T08:16:52.087-0800][53562532ms] GC(279) Eden regions: 685->0(685)
[2023-12-20T08:16:52.087-0800][53562532ms] GC(279) Survivor regions: 30->30(90)
[2023-12-20T08:16:52.087-0800][53562532ms] GC(279) Old regions: 152->152
[2023-12-20T08:16:52.087-0800][53562532ms] GC(279) Humongous regions: 5->5
[2023-12-20T08:16:52.087-0800][53562532ms] GC(279) Metaspace: 253850K->253850K(1292288K)
[2023-12-20T08:16:52.087-0800][53562532ms] GC(279) Pause Young (Normal) (G1 Evacuation Pause) 1742M->371M(2386M) 29.909ms
[2023-12-20T08:16:52.087-0800][53562532ms] GC(279) User=0.05s Sys=0.00s Real=0.03s
[2023-12-20T08:16:52.896-0800][53563341ms] GC(280) Pause Young (Normal) (G1 Evacuation Pause)
[2023-12-20T08:16:52.896-0800][53563341ms] GC(280) Using 10 workers of 10 for evacuation
[2023-12-20T08:16:52.925-0800][53563370ms] GC(280)   Pre Evacuate Collection Set: 0.0ms
[2023-12-20T08:16:52.925-0800][53563370ms] GC(280)   Evacuate Collection Set: 26.5ms
[2023-12-20T08:16:52.925-0800][53563370ms] GC(280)   Post Evacuate Collection Set: 2.7ms
[2023-12-20T08:16:52.925-0800][53563370ms] GC(280)   Other: 0.4ms
[2023-12-20T08:16:52.925-0800][53563370ms] GC(280) Eden regions: 685->0(685)
[2023-12-20T08:16:52.925-0800][53563370ms] GC(280) Survivor regions: 30->30(90)
[2023-12-20T08:16:52.925-0800][53563370ms] GC(280) Old regions: 152->152
[2023-12-20T08:16:52.925-0800][53563370ms] GC(280) Humongous regions: 5->5
[2023-12-20T08:16:52.925-0800][53563370ms] GC(280) Metaspace: 253851K->253851K(1292288K)
[2023-12-20T08:16:52.925-0800][53563370ms] GC(280) Pause Young (Normal) (G1 Evacuation Pause) 1741M->372M(2386M) 29.785ms
[2023-12-20T08:16:52.925-0800][53563370ms] GC(280) User=0.11s Sys=0.00s Real=0.03s
[2023-12-20T08:16:53.740-0800][53564185ms] GC(281) Pause Young (Normal) (G1 Evacuation Pause)
[2023-12-20T08:16:53.740-0800][53564185ms] GC(281) Using 10 workers of 10 for evacuation
[2023-12-20T08:16:53.770-0800][53564215ms] GC(281)   Pre Evacuate Collection Set: 0.0ms
[2023-12-20T08:16:53.770-0800][53564215ms] GC(281)   Evacuate Collection Set: 27.3ms
[2023-12-20T08:16:53.770-0800][53564215ms] GC(281)   Post Evacuate Collection Set: 3.0ms
[2023-12-20T08:16:53.770-0800][53564215ms] GC(281)   Other: 0.4ms
[2023-12-20T08:16:53.770-0800][53564215ms] GC(281) Eden regions: 685->0(685)
[2023-12-20T08:16:53.770-0800][53564215ms] GC(281) Survivor regions: 30->30(90)
[2023-12-20T08:16:53.770-0800][53564215ms] GC(281) Old regions: 152->152
[2023-12-20T08:16:53.770-0800][53564215ms] GC(281) Humongous regions: 5->5
[2023-12-20T08:16:53.770-0800][53564215ms] GC(281) Metaspace: 253851K->253851K(1292288K)
[2023-12-20T08:16:53.770-0800][53564215ms] GC(281) Pause Young (Normal) (G1 Evacuation Pause) 1742M->372M(2386M) 30.851ms
[2023-12-20T08:16:53.770-0800][53564215ms] GC(281) User=0.17s Sys=0.00s Real=0.03s
[2023-12-20T08:16:54.635-0800][53565080ms] GC(282) Pause Young (Normal) (G1 Evacuation Pause)
[2023-12-20T08:16:54.635-0800][53565080ms] GC(282) Using 10 workers of 10 for evacuation
[2023-12-20T08:16:54.666-0800][53565111ms] GC(282)   Pre Evacuate Collection Set: 0.0ms
[2023-12-20T08:16:54.666-0800][53565111ms] GC(282)   Evacuate Collection Set: 27.5ms
[2023-12-20T08:16:54.666-0800][53565111ms] GC(282)   Post Evacuate Collection Set: 2.5ms
[2023-12-20T08:16:54.666-0800][53565111ms] GC(282)   Other: 0.4ms
[2023-12-20T08:16:54.666-0800][53565111ms] GC(282) Eden regions: 685->0(685)
[2023-12-20T08:16:54.666-0800][53565111ms] GC(282) Survivor regions: 30->30(90)
[2023-12-20T08:16:54.666-0800][53565111ms] GC(282) Old regions: 152->152
[2023-12-20T08:16:54.666-0800][53565111ms] GC(282) Humongous regions: 5->5
[2023-12-20T08:16:54.666-0800][53565111ms] GC(282) Metaspace: 253853K->253853K(1292288K)
[2023-12-20T08:16:54.666-0800][53565111ms] GC(282) Pause Young (Normal) (G1 Evacuation Pause) 1742M->372M(2386M) 30.692ms
[2023-12-20T08:16:54.666-0800][53565111ms] GC(282) User=0.05s Sys=0.00s Real=0.03s
[2023-12-20T08:16:55.515-0800][53565960ms] GC(283) Pause Young (Normal) (G1 Evacuation Pause)
[2023-12-20T08:16:55.515-0800][53565960ms] GC(283) Using 10 workers of 10 for evacuation
[2023-12-20T08:16:55.543-0800][53565988ms] GC(283)   Pre Evacuate Collection Set: 0.0ms
[2023-12-20T08:16:55.543-0800][53565988ms] GC(283)   Evacuate Collection Set: 25.9ms
[2023-12-20T08:16:55.543-0800][53565988ms] GC(283)   Post Evacuate Collection Set: 2.5ms
[2023-12-20T08:16:55.543-0800][53565988ms] GC(283)   Other: 0.4ms
[2023-12-20T08:16:55.543-0800][53565988ms] GC(283) Eden regions: 685->0(685)
[2023-12-20T08:16:55.543-0800][53565988ms] GC(283) Survivor regions: 30->30(90)
[2023-12-20T08:16:55.543-0800][53565988ms] GC(283) Old regions: 152->152
[2023-12-20T08:16:55.543-0800][53565988ms] GC(283) Humongous regions: 5->5
[2023-12-20T08:16:55.543-0800][53565988ms] GC(283) Metaspace: 253853K->253853K(1292288K)
[2023-12-20T08:16:55.543-0800][53565988ms] GC(283) Pause Young (Normal) (G1 Evacuation Pause) 1742M->372M(2386M) 29.033ms
[2023-12-20T08:16:55.543-0800][53565988ms] GC(283) User=0.09s Sys=0.00s Real=0.03s
[2023-12-20T08:16:56.390-0800][53566835ms] GC(284) Pause Young (Normal) (G1 Evacuation Pause)
[2023-12-20T08:16:56.390-0800][53566835ms] GC(284) Using 10 workers of 10 for evacuation
[2023-12-20T08:16:56.419-0800][53566864ms] GC(284)   Pre Evacuate Collection Set: 0.0ms
[2023-12-20T08:16:56.419-0800][53566864ms] GC(284)   Evacuate Collection Set: 26.5ms
[2023-12-20T08:16:56.419-0800][53566864ms] GC(284)   Post Evacuate Collection Set: 2.3ms
[2023-12-20T08:16:56.419-0800][53566864ms] GC(284)   Other: 0.3ms
[2023-12-20T08:16:56.419-0800][53566864ms] GC(284) Eden regions: 685->0(685)
[2023-12-20T08:16:56.419-0800][53566864ms] GC(284) Survivor regions: 30->30(90)
[2023-12-20T08:16:56.419-0800][53566864ms] GC(284) Old regions: 152->152
[2023-12-20T08:16:56.419-0800][53566864ms] GC(284) Humongous regions: 5->5
[2023-12-20T08:16:56.419-0800][53566864ms] GC(284) Metaspace: 253853K->253853K(1292288K)
[2023-12-20T08:16:56.419-0800][53566864ms] GC(284) Pause Young (Normal) (G1 Evacuation Pause) 1742M->372M(2386M) 29.283ms
[2023-12-20T08:16:56.419-0800][53566864ms] GC(284) User=0.09s Sys=0.00s Real=0.03s
[2023-12-20T08:16:57.236-0800][53567681ms] GC(285) Pause Young (Normal) (G1 Evacuation Pause)
[2023-12-20T08:16:57.236-0800][53567681ms] GC(285) Using 10 workers of 10 for evacuation
[2023-12-20T08:16:57.269-0800][53567714ms] GC(285)   Pre Evacuate Collection Set: 0.0ms
[2023-12-20T08:16:57.269-0800][53567714ms] GC(285)   Evacuate Collection Set: 29.8ms
[2023-12-20T08:16:57.269-0800][53567714ms] GC(285)   Post Evacuate Collection Set: 3.2ms
[2023-12-20T08:16:57.269-0800][53567714ms] GC(285)   Other: 0.4ms
[2023-12-20T08:16:57.269-0800][53567714ms] GC(285) Eden regions: 685->0(686)
[2023-12-20T08:16:57.269-0800][53567714ms] GC(285) Survivor regions: 30->29(90)
[2023-12-20T08:16:57.269-0800][53567714ms] GC(285) Old regions: 152->152
[2023-12-20T08:16:57.269-0800][53567714ms] GC(285) Humongous regions: 5->5
[2023-12-20T08:16:57.270-0800][53567715ms] GC(285) Metaspace: 253853K->253853K(1292288K)
[2023-12-20T08:16:57.270-0800][53567715ms] GC(285) Pause Young (Normal) (G1 Evacuation Pause) 1742M->370M(2386M) 33.586ms
[2023-12-20T08:16:57.270-0800][53567715ms] GC(285) User=0.17s Sys=0.00s Real=0.03s
[2023-12-20T08:16:58.076-0800][53568521ms] GC(286) Pause Young (Normal) (G1 Evacuation Pause)
[2023-12-20T08:16:58.076-0800][53568521ms] GC(286) Using 10 workers of 10 for evacuation
[2023-12-20T08:16:58.107-0800][53568552ms] GC(286)   Pre Evacuate Collection Set: 0.0ms
[2023-12-20T08:16:58.107-0800][53568552ms] GC(286)   Evacuate Collection Set: 27.9ms
[2023-12-20T08:16:58.107-0800][53568552ms] GC(286)   Post Evacuate Collection Set: 3.0ms
[2023-12-20T08:16:58.107-0800][53568552ms] GC(286)   Other: 0.4ms
[2023-12-20T08:16:58.107-0800][53568552ms] GC(286) Eden regions: 686->0(686)
[2023-12-20T08:16:58.107-0800][53568552ms] GC(286) Survivor regions: 29->29(90)
[2023-12-20T08:16:58.107-0800][53568552ms] GC(286) Old regions: 152->152
[2023-12-20T08:16:58.107-0800][53568552ms] GC(286) Humongous regions: 5->5
[2023-12-20T08:16:58.107-0800][53568552ms] GC(286) Metaspace: 253853K->253853K(1292288K)
[2023-12-20T08:16:58.107-0800][53568552ms] GC(286) Pause Young (Normal) (G1 Evacuation Pause) 1742M->370M(2386M) 31.453ms
[2023-12-20T08:16:58.107-0800][53568552ms] GC(286) User=0.11s Sys=0.00s Real=0.03s
[2023-12-20T08:16:58.929-0800][53569374ms] GC(287) Pause Young (Normal) (G1 Evacuation Pause)
[2023-12-20T08:16:58.929-0800][53569374ms] GC(287) Using 10 workers of 10 for evacuation
[2023-12-20T08:16:58.959-0800][53569404ms] GC(287)   Pre Evacuate Collection Set: 0.0ms
[2023-12-20T08:16:58.959-0800][53569404ms] GC(287)   Evacuate Collection Set: 26.7ms
[2023-12-20T08:16:58.959-0800][53569404ms] GC(287)   Post Evacuate Collection Set: 2.6ms
[2023-12-20T08:16:58.959-0800][53569404ms] GC(287)   Other: 0.4ms
[2023-12-20T08:16:58.959-0800][53569404ms] GC(287) Eden regions: 686->0(684)
[2023-12-20T08:16:58.959-0800][53569404ms] GC(287) Survivor regions: 29->31(90)
[2023-12-20T08:16:58.959-0800][53569404ms] GC(287) Old regions: 152->152
[2023-12-20T08:16:58.959-0800][53569404ms] GC(287) Humongous regions: 5->5
[2023-12-20T08:16:58.959-0800][53569404ms] GC(287) Metaspace: 253853K->253853K(1292288K)
[2023-12-20T08:16:58.959-0800][53569404ms] GC(287) Pause Young (Normal) (G1 Evacuation Pause) 1742M->373M(2386M) 29.749ms
[2023-12-20T08:16:58.959-0800][53569404ms] GC(287) User=0.06s Sys=0.02s Real=0.03s
[2023-12-20T08:16:59.925-0800][53570370ms] GC(288) Pause Young (Normal) (G1 Evacuation Pause)
[2023-12-20T08:16:59.925-0800][53570370ms] GC(288) Using 10 workers of 10 for evacuation
[2023-12-20T08:16:59.957-0800][53570402ms] GC(288)   Pre Evacuate Collection Set: 0.0ms
[2023-12-20T08:16:59.957-0800][53570402ms] GC(288)   Evacuate Collection Set: 28.8ms
[2023-12-20T08:16:59.957-0800][53570402ms] GC(288)   Post Evacuate Collection Set: 3.2ms
[2023-12-20T08:16:59.957-0800][53570402ms] GC(288)   Other: 0.5ms
[2023-12-20T08:16:59.957-0800][53570402ms] GC(288) Eden regions: 684->0(685)
[2023-12-20T08:16:59.957-0800][53570402ms] GC(288) Survivor regions: 31->30(90)
[2023-12-20T08:16:59.957-0800][53570402ms] GC(288) Old regions: 152->152
[2023-12-20T08:16:59.957-0800][53570402ms] GC(288) Humongous regions: 5->5
[2023-12-20T08:16:59.957-0800][53570402ms] GC(288) Metaspace: 253853K->253853K(1292288K)
[2023-12-20T08:16:59.957-0800][53570402ms] GC(288) Pause Young (Normal) (G1 Evacuation Pause) 1741M->372M(2386M) 32.585ms
[2023-12-20T08:16:59.957-0800][53570402ms] GC(288) User=0.14s Sys=0.00s Real=0.03s
[2023-12-20T08:17:00.842-0800][53571287ms] GC(289) Pause Young (Normal) (G1 Evacuation Pause)
[2023-12-20T08:17:00.842-0800][53571287ms] GC(289) Using 10 workers of 10 for evacuation
[2023-12-20T08:17:00.871-0800][53571316ms] GC(289)   Pre Evacuate Collection Set: 0.0ms
[2023-12-20T08:17:00.871-0800][53571316ms] GC(289)   Evacuate Collection Set: 27.4ms
[2023-12-20T08:17:00.871-0800][53571316ms] GC(289)   Post Evacuate Collection Set: 2.3ms
[2023-12-20T08:17:00.871-0800][53571316ms] GC(289)   Other: 0.4ms
[2023-12-20T08:17:00.871-0800][53571316ms] GC(289) Eden regions: 685->0(684)
[2023-12-20T08:17:00.871-0800][53571316ms] GC(289) Survivor regions: 30->31(90)
[2023-12-20T08:17:00.871-0800][53571316ms] GC(289) Old regions: 152->152
[2023-12-20T08:17:00.871-0800][53571316ms] GC(289) Humongous regions: 5->5
[2023-12-20T08:17:00.872-0800][53571317ms] GC(289) Metaspace: 253853K->253853K(1292288K)
[2023-12-20T08:17:00.872-0800][53571317ms] GC(289) Pause Young (Normal) (G1 Evacuation Pause) 1742M->373M(2386M) 30.294ms
[2023-12-20T08:17:00.872-0800][53571317ms] GC(289) User=0.13s Sys=0.00s Real=0.03s
[2023-12-20T08:17:01.731-0800][53572176ms] GC(290) Pause Young (Normal) (G1 Evacuation Pause)
[2023-12-20T08:17:01.731-0800][53572176ms] GC(290) Using 10 workers of 10 for evacuation
[2023-12-20T08:17:01.761-0800][53572206ms] GC(290)   Pre Evacuate Collection Set: 0.0ms
[2023-12-20T08:17:01.761-0800][53572206ms] GC(290)   Evacuate Collection Set: 27.2ms
[2023-12-20T08:17:01.761-0800][53572206ms] GC(290)   Post Evacuate Collection Set: 2.5ms
[2023-12-20T08:17:01.761-0800][53572206ms] GC(290)   Other: 0.5ms
[2023-12-20T08:17:01.761-0800][53572206ms] GC(290) Eden regions: 684->0(684)
[2023-12-20T08:17:01.761-0800][53572206ms] GC(290) Survivor regions: 31->31(90)
[2023-12-20T08:17:01.761-0800][53572206ms] GC(290) Old regions: 152->152
[2023-12-20T08:17:01.761-0800][53572206ms] GC(290) Humongous regions: 5->5
[2023-12-20T08:17:01.761-0800][53572206ms] GC(290) Metaspace: 253853K->253853K(1292288K)
[2023-12-20T08:17:01.761-0800][53572206ms] GC(290) Pause Young (Normal) (G1 Evacuation Pause) 1741M->373M(2386M) 30.341ms
[2023-12-20T08:17:01.761-0800][53572206ms] GC(290) User=0.09s Sys=0.00s Real=0.03s
[2023-12-20T08:17:02.447-0800][53572892ms] GC(291) Pause Young (Normal) (G1 Evacuation Pause)
[2023-12-20T08:17:02.447-0800][53572892ms] GC(291) Using 10 workers of 10 for evacuation
[2023-12-20T08:17:02.482-0800][53572927ms] GC(291)   Pre Evacuate Collection Set: 0.0ms
[2023-12-20T08:17:02.482-0800][53572927ms] GC(291)   Evacuate Collection Set: 29.4ms
[2023-12-20T08:17:02.482-0800][53572927ms] GC(291)   Post Evacuate Collection Set: 5.2ms
[2023-12-20T08:17:02.482-0800][53572927ms] GC(291)   Other: 0.5ms
[2023-12-20T08:17:02.482-0800][53572927ms] GC(291) Eden regions: 684->0(684)
[2023-12-20T08:17:02.482-0800][53572927ms] GC(291) Survivor regions: 31->31(90)
[2023-12-20T08:17:02.482-0800][53572927ms] GC(291) Old regions: 152->152
[2023-12-20T08:17:02.482-0800][53572927ms] GC(291) Humongous regions: 5->5
[2023-12-20T08:17:02.482-0800][53572927ms] GC(291) Metaspace: 253853K->253853K(1292288K)
[2023-12-20T08:17:02.482-0800][53572927ms] GC(291) Pause Young (Normal) (G1 Evacuation Pause) 1741M->373M(2386M) 35.392ms
[2023-12-20T08:17:02.482-0800][53572927ms] GC(291) User=0.14s Sys=0.00s Real=0.04s
[2023-12-20T08:17:03.116-0800][53573561ms] GC(292) Pause Young (Normal) (G1 Evacuation Pause)
[2023-12-20T08:17:03.116-0800][53573561ms] GC(292) Using 10 workers of 10 for evacuation
[2023-12-20T08:17:03.147-0800][53573592ms] GC(292)   Pre Evacuate Collection Set: 0.1ms
[2023-12-20T08:17:03.147-0800][53573592ms] GC(292)   Evacuate Collection Set: 28.7ms
[2023-12-20T08:17:03.147-0800][53573592ms] GC(292)   Post Evacuate Collection Set: 2.5ms
[2023-12-20T08:17:03.147-0800][53573592ms] GC(292)   Other: 0.4ms
[2023-12-20T08:17:03.147-0800][53573592ms] GC(292) Eden regions: 684->0(685)
[2023-12-20T08:17:03.147-0800][53573592ms] GC(292) Survivor regions: 31->30(90)
[2023-12-20T08:17:03.147-0800][53573592ms] GC(292) Old regions: 152->152
[2023-12-20T08:17:03.147-0800][53573592ms] GC(292) Humongous regions: 5->5
[2023-12-20T08:17:03.147-0800][53573592ms] GC(292) Metaspace: 253853K->253853K(1292288K)
[2023-12-20T08:17:03.147-0800][53573592ms] GC(292) Pause Young (Normal) (G1 Evacuation Pause) 1741M->372M(2386M) 31.845ms
[2023-12-20T08:17:03.147-0800][53573592ms] GC(292) User=0.23s Sys=0.00s Real=0.03s
[2023-12-20T08:17:03.716-0800][53574161ms] GC(293) Pause Young (Normal) (G1 Evacuation Pause)
[2023-12-20T08:17:03.716-0800][53574161ms] GC(293) Using 10 workers of 10 for evacuation
[2023-12-20T08:17:03.743-0800][53574188ms] GC(293)   Pre Evacuate Collection Set: 0.0ms
[2023-12-20T08:17:03.743-0800][53574188ms] GC(293)   Evacuate Collection Set: 25.0ms
[2023-12-20T08:17:03.743-0800][53574188ms] GC(293)   Post Evacuate Collection Set: 2.5ms
[2023-12-20T08:17:03.743-0800][53574188ms] GC(293)   Other: 0.4ms
[2023-12-20T08:17:03.743-0800][53574188ms] GC(293) Eden regions: 685->0(685)
[2023-12-20T08:17:03.743-0800][53574188ms] GC(293) Survivor regions: 30->30(90)
[2023-12-20T08:17:03.743-0800][53574188ms] GC(293) Old regions: 152->152
[2023-12-20T08:17:03.743-0800][53574188ms] GC(293) Humongous regions: 5->5
[2023-12-20T08:17:03.743-0800][53574188ms] GC(293) Metaspace: 253853K->253853K(1292288K)
[2023-12-20T08:17:03.743-0800][53574188ms] GC(293) Pause Young (Normal) (G1 Evacuation Pause) 1742M->372M(2386M) 28.024ms
[2023-12-20T08:17:03.743-0800][53574188ms] GC(293) User=0.06s Sys=0.00s Real=0.03s
[2023-12-20T08:17:04.425-0800][53574870ms] GC(294) Pause Young (Normal) (G1 Evacuation Pause)
[2023-12-20T08:17:04.425-0800][53574870ms] GC(294) Using 10 workers of 10 for evacuation
[2023-12-20T08:17:04.455-0800][53574900ms] GC(294)   Pre Evacuate Collection Set: 0.0ms
[2023-12-20T08:17:04.455-0800][53574900ms] GC(294)   Evacuate Collection Set: 26.9ms
[2023-12-20T08:17:04.455-0800][53574900ms] GC(294)   Post Evacuate Collection Set: 2.5ms
[2023-12-20T08:17:04.455-0800][53574900ms] GC(294)   Other: 0.4ms
[2023-12-20T08:17:04.455-0800][53574900ms] GC(294) Eden regions: 685->0(684)
[2023-12-20T08:17:04.455-0800][53574900ms] GC(294) Survivor regions: 30->31(90)
[2023-12-20T08:17:04.455-0800][53574900ms] GC(294) Old regions: 152->152
[2023-12-20T08:17:04.455-0800][53574900ms] GC(294) Humongous regions: 5->5
[2023-12-20T08:17:04.455-0800][53574900ms] GC(294) Metaspace: 253856K->253856K(1292288K)
[2023-12-20T08:17:04.455-0800][53574900ms] GC(294) Pause Young (Normal) (G1 Evacuation Pause) 1742M->373M(2386M) 30.006ms
[2023-12-20T08:17:04.455-0800][53574900ms] GC(294) User=0.13s Sys=0.00s Real=0.03s
[2023-12-20T08:17:05.205-0800][53575650ms] GC(295) Pause Young (Normal) (G1 Evacuation Pause)
[2023-12-20T08:17:05.205-0800][53575650ms] GC(295) Using 10 workers of 10 for evacuation
[2023-12-20T08:17:05.239-0800][53575684ms] GC(295)   Pre Evacuate Collection Set: 0.1ms
[2023-12-20T08:17:05.239-0800][53575684ms] GC(295)   Evacuate Collection Set: 30.7ms
[2023-12-20T08:17:05.239-0800][53575684ms] GC(295)   Post Evacuate Collection Set: 3.1ms
[2023-12-20T08:17:05.239-0800][53575684ms] GC(295)   Other: 0.5ms
[2023-12-20T08:17:05.239-0800][53575684ms] GC(295) Eden regions: 684->0(684)
[2023-12-20T08:17:05.239-0800][53575684ms] GC(295) Survivor regions: 31->31(90)
[2023-12-20T08:17:05.239-0800][53575684ms] GC(295) Old regions: 152->152
[2023-12-20T08:17:05.239-0800][53575684ms] GC(295) Humongous regions: 5->5
[2023-12-20T08:17:05.239-0800][53575684ms] GC(295) Metaspace: 253916K->253916K(1292288K)
[2023-12-20T08:17:05.239-0800][53575684ms] GC(295) Pause Young (Normal) (G1 Evacuation Pause) 1741M->374M(2386M) 34.505ms
[2023-12-20T08:17:05.239-0800][53575684ms] GC(295) User=0.19s Sys=0.00s Real=0.03s
[2023-12-20T08:17:06.130-0800][53576575ms] GC(296) Pause Young (Normal) (G1 Evacuation Pause)
[2023-12-20T08:17:06.130-0800][53576575ms] GC(296) Using 10 workers of 10 for evacuation
[2023-12-20T08:17:06.160-0800][53576605ms] GC(296)   Pre Evacuate Collection Set: 0.1ms
[2023-12-20T08:17:06.160-0800][53576605ms] GC(296)   Evacuate Collection Set: 26.8ms
[2023-12-20T08:17:06.160-0800][53576605ms] GC(296)   Post Evacuate Collection Set: 2.6ms
[2023-12-20T08:17:06.160-0800][53576605ms] GC(296)   Other: 0.5ms
[2023-12-20T08:17:06.160-0800][53576605ms] GC(296) Eden regions: 684->0(684)
[2023-12-20T08:17:06.160-0800][53576605ms] GC(296) Survivor regions: 31->31(90)
[2023-12-20T08:17:06.160-0800][53576605ms] GC(296) Old regions: 152->152
[2023-12-20T08:17:06.160-0800][53576605ms] GC(296) Humongous regions: 5->5
[2023-12-20T08:17:06.160-0800][53576605ms] GC(296) Metaspace: 253916K->253916K(1292288K)
[2023-12-20T08:17:06.160-0800][53576605ms] GC(296) Pause Young (Normal) (G1 Evacuation Pause) 1742M->373M(2386M) 30.103ms
[2023-12-20T08:17:06.160-0800][53576605ms] GC(296) User=0.11s Sys=0.00s Real=0.03s
[2023-12-20T08:17:06.877-0800][53577322ms] GC(297) Pause Young (Normal) (G1 Evacuation Pause)
[2023-12-20T08:17:06.877-0800][53577322ms] GC(297) Using 10 workers of 10 for evacuation
[2023-12-20T08:17:06.907-0800][53577352ms] GC(297)   Pre Evacuate Collection Set: 0.0ms
[2023-12-20T08:17:06.907-0800][53577352ms] GC(297)   Evacuate Collection Set: 27.2ms
[2023-12-20T08:17:06.907-0800][53577352ms] GC(297)   Post Evacuate Collection Set: 2.4ms
[2023-12-20T08:17:06.907-0800][53577352ms] GC(297)   Other: 0.5ms
[2023-12-20T08:17:06.907-0800][53577352ms] GC(297) Eden regions: 684->0(685)
[2023-12-20T08:17:06.907-0800][53577352ms] GC(297) Survivor regions: 31->30(90)
[2023-12-20T08:17:06.907-0800][53577352ms] GC(297) Old regions: 152->152
[2023-12-20T08:17:06.907-0800][53577352ms] GC(297) Humongous regions: 5->5
[2023-12-20T08:17:06.907-0800][53577352ms] GC(297) Metaspace: 253916K->253916K(1292288K)
[2023-12-20T08:17:06.907-0800][53577352ms] GC(297) Pause Young (Normal) (G1 Evacuation Pause) 1741M->372M(2386M) 30.266ms
[2023-12-20T08:17:06.907-0800][53577352ms] GC(297) User=0.14s Sys=0.00s Real=0.03s
[2023-12-20T08:17:07.640-0800][53578085ms] GC(298) Pause Young (Normal) (G1 Evacuation Pause)
[2023-12-20T08:17:07.640-0800][53578085ms] GC(298) Using 10 workers of 10 for evacuation
[2023-12-20T08:17:07.669-0800][53578114ms] GC(298)   Pre Evacuate Collection Set: 0.0ms
[2023-12-20T08:17:07.669-0800][53578114ms] GC(298)   Evacuate Collection Set: 26.5ms
[2023-12-20T08:17:07.669-0800][53578114ms] GC(298)   Post Evacuate Collection Set: 2.6ms
[2023-12-20T08:17:07.669-0800][53578114ms] GC(298)   Other: 0.4ms
[2023-12-20T08:17:07.669-0800][53578114ms] GC(298) Eden regions: 685->0(684)
[2023-12-20T08:17:07.669-0800][53578114ms] GC(298) Survivor regions: 30->31(90)
[2023-12-20T08:17:07.669-0800][53578114ms] GC(298) Old regions: 152->152
[2023-12-20T08:17:07.669-0800][53578114ms] GC(298) Humongous regions: 5->5
[2023-12-20T08:17:07.669-0800][53578114ms] GC(298) Metaspace: 253916K->253916K(1292288K)
[2023-12-20T08:17:07.669-0800][53578114ms] GC(298) Pause Young (Normal) (G1 Evacuation Pause) 1742M->373M(2386M) 29.622ms
[2023-12-20T08:17:07.669-0800][53578114ms] GC(298) User=0.13s Sys=0.00s Real=0.03s
[2023-12-20T08:17:08.404-0800][53578849ms] GC(299) Pause Young (Normal) (G1 Evacuation Pause)
[2023-12-20T08:17:08.404-0800][53578849ms] GC(299) Using 10 workers of 10 for evacuation
[2023-12-20T08:17:08.432-0800][53578877ms] GC(299)   Pre Evacuate Collection Set: 0.0ms
[2023-12-20T08:17:08.432-0800][53578877ms] GC(299)   Evacuate Collection Set: 25.6ms
[2023-12-20T08:17:08.432-0800][53578877ms] GC(299)   Post Evacuate Collection Set: 2.5ms
[2023-12-20T08:17:08.432-0800][53578877ms] GC(299)   Other: 0.4ms
[2023-12-20T08:17:08.432-0800][53578877ms] GC(299) Eden regions: 684->0(684)
[2023-12-20T08:17:08.432-0800][53578877ms] GC(299) Survivor regions: 31->31(90)
[2023-12-20T08:17:08.432-0800][53578877ms] GC(299) Old regions: 152->152
[2023-12-20T08:17:08.432-0800][53578877ms] GC(299) Humongous regions: 5->5
[2023-12-20T08:17:08.432-0800][53578877ms] GC(299) Metaspace: 253916K->253916K(1292288K)
[2023-12-20T08:17:08.432-0800][53578877ms] GC(299) Pause Young (Normal) (G1 Evacuation Pause) 1741M->373M(2386M) 28.697ms
[2023-12-20T08:17:08.433-0800][53578878ms] GC(299) User=0.08s Sys=0.00s Real=0.03s
[2023-12-20T08:17:09.177-0800][53579622ms] GC(300) Pause Young (Normal) (G1 Evacuation Pause)
[2023-12-20T08:17:09.177-0800][53579622ms] GC(300) Using 10 workers of 10 for evacuation
[2023-12-20T08:17:09.206-0800][53579651ms] GC(300)   Pre Evacuate Collection Set: 0.0ms
[2023-12-20T08:17:09.206-0800][53579651ms] GC(300)   Evacuate Collection Set: 26.6ms
[2023-12-20T08:17:09.206-0800][53579651ms] GC(300)   Post Evacuate Collection Set: 2.7ms
[2023-12-20T08:17:09.206-0800][53579651ms] GC(300)   Other: 0.4ms
[2023-12-20T08:17:09.206-0800][53579651ms] GC(300) Eden regions: 684->0(684)
[2023-12-20T08:17:09.206-0800][53579651ms] GC(300) Survivor regions: 31->31(90)
[2023-12-20T08:17:09.206-0800][53579651ms] GC(300) Old regions: 152->152
[2023-12-20T08:17:09.206-0800][53579651ms] GC(300) Humongous regions: 5->5
[2023-12-20T08:17:09.206-0800][53579651ms] GC(300) Metaspace: 253916K->253916K(1292288K)
[2023-12-20T08:17:09.206-0800][53579651ms] GC(300) Pause Young (Normal) (G1 Evacuation Pause) 1741M->374M(2386M) 29.879ms
[2023-12-20T08:17:09.206-0800][53579651ms] GC(300) User=0.17s Sys=0.02s Real=0.03s
[2023-12-20T08:17:09.902-0800][53580347ms] GC(301) Pause Young (Normal) (G1 Evacuation Pause)
[2023-12-20T08:17:09.902-0800][53580347ms] GC(301) Using 10 workers of 10 for evacuation
[2023-12-20T08:17:09.932-0800][53580377ms] GC(301)   Pre Evacuate Collection Set: 0.0ms
[2023-12-20T08:17:09.932-0800][53580377ms] GC(301)   Evacuate Collection Set: 26.9ms
[2023-12-20T08:17:09.932-0800][53580377ms] GC(301)   Post Evacuate Collection Set: 2.4ms
[2023-12-20T08:17:09.932-0800][53580377ms] GC(301)   Other: 0.4ms
[2023-12-20T08:17:09.932-0800][53580377ms] GC(301) Eden regions: 684->0(684)
[2023-12-20T08:17:09.932-0800][53580377ms] GC(301) Survivor regions: 31->31(90)
[2023-12-20T08:17:09.932-0800][53580377ms] GC(301) Old regions: 152->152
[2023-12-20T08:17:09.932-0800][53580377ms] GC(301) Humongous regions: 5->5
[2023-12-20T08:17:09.932-0800][53580377ms] GC(301) Metaspace: 253916K->253916K(1292288K)
[2023-12-20T08:17:09.932-0800][53580377ms] GC(301) Pause Young (Normal) (G1 Evacuation Pause) 1742M->374M(2386M) 29.916ms
[2023-12-20T08:17:09.932-0800][53580377ms] GC(301) User=0.06s Sys=0.00s Real=0.03s
[2023-12-20T08:17:10.611-0800][53581056ms] GC(302) Pause Young (Normal) (G1 Evacuation Pause)
[2023-12-20T08:17:10.611-0800][53581056ms] GC(302) Using 10 workers of 10 for evacuation
[2023-12-20T08:17:10.641-0800][53581086ms] GC(302)   Pre Evacuate Collection Set: 0.1ms
[2023-12-20T08:17:10.642-0800][53581087ms] GC(302)   Evacuate Collection Set: 27.2ms
[2023-12-20T08:17:10.642-0800][53581087ms] GC(302)   Post Evacuate Collection Set: 3.4ms
[2023-12-20T08:17:10.642-0800][53581087ms] GC(302)   Other: 0.4ms
[2023-12-20T08:17:10.642-0800][53581087ms] GC(302) Eden regions: 684->0(685)
[2023-12-20T08:17:10.642-0800][53581087ms] GC(302) Survivor regions: 31->30(90)
[2023-12-20T08:17:10.642-0800][53581087ms] GC(302) Old regions: 152->152
[2023-12-20T08:17:10.642-0800][53581087ms] GC(302) Humongous regions: 5->5
[2023-12-20T08:17:10.642-0800][53581087ms] GC(302) Metaspace: 253916K->253916K(1292288K)
[2023-12-20T08:17:10.642-0800][53581087ms] GC(302) Pause Young (Normal) (G1 Evacuation Pause) 1742M->373M(2386M) 31.230ms
[2023-12-20T08:17:10.642-0800][53581087ms] GC(302) User=0.08s Sys=0.00s Real=0.03s
[2023-12-20T08:17:11.297-0800][53581742ms] GC(303) Pause Young (Normal) (G1 Evacuation Pause)
[2023-12-20T08:17:11.297-0800][53581742ms] GC(303) Using 10 workers of 10 for evacuation
[2023-12-20T08:17:11.326-0800][53581771ms] GC(303)   Pre Evacuate Collection Set: 0.0ms
[2023-12-20T08:17:11.326-0800][53581771ms] GC(303)   Evacuate Collection Set: 27.0ms
[2023-12-20T08:17:11.326-0800][53581771ms] GC(303)   Post Evacuate Collection Set: 2.6ms
[2023-12-20T08:17:11.326-0800][53581771ms] GC(303)   Other: 0.4ms
[2023-12-20T08:17:11.326-0800][53581771ms] GC(303) Eden regions: 685->0(684)
[2023-12-20T08:17:11.326-0800][53581771ms] GC(303) Survivor regions: 30->31(90)
[2023-12-20T08:17:11.326-0800][53581771ms] GC(303) Old regions: 152->152
[2023-12-20T08:17:11.326-0800][53581771ms] GC(303) Humongous regions: 5->5
[2023-12-20T08:17:11.326-0800][53581771ms] GC(303) Metaspace: 253916K->253916K(1292288K)
[2023-12-20T08:17:11.326-0800][53581771ms] GC(303) Pause Young (Normal) (G1 Evacuation Pause) 1743M->374M(2386M) 30.082ms
[2023-12-20T08:17:11.326-0800][53581771ms] GC(303) User=0.06s Sys=0.02s Real=0.03s
[2023-12-20T08:17:12.038-0800][53582483ms] GC(304) Pause Young (Normal) (G1 Evacuation Pause)
[2023-12-20T08:17:12.038-0800][53582483ms] GC(304) Using 10 workers of 10 for evacuation
[2023-12-20T08:17:12.067-0800][53582512ms] GC(304)   Pre Evacuate Collection Set: 0.1ms
[2023-12-20T08:17:12.068-0800][53582513ms] GC(304)   Evacuate Collection Set: 27.0ms
[2023-12-20T08:17:12.068-0800][53582513ms] GC(304)   Post Evacuate Collection Set: 2.9ms
[2023-12-20T08:17:12.068-0800][53582513ms] GC(304)   Other: 0.5ms
[2023-12-20T08:17:12.068-0800][53582513ms] GC(304) Eden regions: 684->0(685)
[2023-12-20T08:17:12.068-0800][53582513ms] GC(304) Survivor regions: 31->30(90)
[2023-12-20T08:17:12.068-0800][53582513ms] GC(304) Old regions: 152->152
[2023-12-20T08:17:12.068-0800][53582513ms] GC(304) Humongous regions: 5->5
[2023-12-20T08:17:12.068-0800][53582513ms] GC(304) Metaspace: 253916K->253916K(1292288K)
[2023-12-20T08:17:12.068-0800][53582513ms] GC(304) Pause Young (Normal) (G1 Evacuation Pause) 1742M->372M(2386M) 30.639ms
[2023-12-20T08:17:12.068-0800][53582513ms] GC(304) User=0.17s Sys=0.00s Real=0.03s
[2023-12-20T08:17:12.749-0800][53583194ms] GC(305) Pause Young (Normal) (G1 Evacuation Pause)
[2023-12-20T08:17:12.749-0800][53583194ms] GC(305) Using 10 workers of 10 for evacuation
[2023-12-20T08:17:12.779-0800][53583224ms] GC(305)   Pre Evacuate Collection Set: 0.1ms
[2023-12-20T08:17:12.780-0800][53583225ms] GC(305)   Evacuate Collection Set: 27.8ms
[2023-12-20T08:17:12.780-0800][53583225ms] GC(305)   Post Evacuate Collection Set: 2.5ms
[2023-12-20T08:17:12.780-0800][53583225ms] GC(305)   Other: 0.4ms
[2023-12-20T08:17:12.780-0800][53583225ms] GC(305) Eden regions: 685->0(685)
[2023-12-20T08:17:12.780-0800][53583225ms] GC(305) Survivor regions: 30->30(90)
[2023-12-20T08:17:12.780-0800][53583225ms] GC(305) Old regions: 152->152
[2023-12-20T08:17:12.780-0800][53583225ms] GC(305) Humongous regions: 5->5
[2023-12-20T08:17:12.780-0800][53583225ms] GC(305) Metaspace: 253916K->253916K(1292288K)
[2023-12-20T08:17:12.780-0800][53583225ms] GC(305) Pause Young (Normal) (G1 Evacuation Pause) 1742M->373M(2386M) 30.891ms
[2023-12-20T08:17:12.780-0800][53583225ms] GC(305) User=0.11s Sys=0.00s Real=0.03s
[2023-12-20T08:17:13.460-0800][53583905ms] GC(306) Pause Young (Normal) (G1 Evacuation Pause)
[2023-12-20T08:17:13.460-0800][53583905ms] GC(306) Using 10 workers of 10 for evacuation
[2023-12-20T08:17:13.491-0800][53583936ms] GC(306)   Pre Evacuate Collection Set: 0.0ms
[2023-12-20T08:17:13.491-0800][53583936ms] GC(306)   Evacuate Collection Set: 27.4ms
[2023-12-20T08:17:13.491-0800][53583936ms] GC(306)   Post Evacuate Collection Set: 3.1ms
[2023-12-20T08:17:13.491-0800][53583936ms] GC(306)   Other: 0.4ms
[2023-12-20T08:17:13.491-0800][53583936ms] GC(306) Eden regions: 685->0(684)
[2023-12-20T08:17:13.491-0800][53583936ms] GC(306) Survivor regions: 30->31(90)
[2023-12-20T08:17:13.491-0800][53583936ms] GC(306) Old regions: 152->152
[2023-12-20T08:17:13.491-0800][53583936ms] GC(306) Humongous regions: 5->5
[2023-12-20T08:17:13.491-0800][53583936ms] GC(306) Metaspace: 253916K->253916K(1292288K)
[2023-12-20T08:17:13.491-0800][53583936ms] GC(306) Pause Young (Normal) (G1 Evacuation Pause) 1743M->374M(2386M) 30.957ms
[2023-12-20T08:17:13.491-0800][53583936ms] GC(306) User=0.20s Sys=0.00s Real=0.03s
[2023-12-20T08:17:14.152-0800][53584597ms] GC(307) Pause Young (Normal) (G1 Evacuation Pause)
[2023-12-20T08:17:14.152-0800][53584597ms] GC(307) Using 10 workers of 10 for evacuation
[2023-12-20T08:17:14.180-0800][53584625ms] GC(307)   Pre Evacuate Collection Set: 0.0ms
[2023-12-20T08:17:14.180-0800][53584625ms] GC(307)   Evacuate Collection Set: 25.7ms
[2023-12-20T08:17:14.180-0800][53584625ms] GC(307)   Post Evacuate Collection Set: 2.5ms
[2023-12-20T08:17:14.180-0800][53584625ms] GC(307)   Other: 0.4ms
[2023-12-20T08:17:14.180-0800][53584625ms] GC(307) Eden regions: 684->0(685)
[2023-12-20T08:17:14.180-0800][53584625ms] GC(307) Survivor regions: 31->30(90)
[2023-12-20T08:17:14.180-0800][53584625ms] GC(307) Old regions: 152->152
[2023-12-20T08:17:14.180-0800][53584625ms] GC(307) Humongous regions: 5->5
[2023-12-20T08:17:14.180-0800][53584625ms] GC(307) Metaspace: 253916K->253916K(1292288K)
[2023-12-20T08:17:14.180-0800][53584625ms] GC(307) Pause Young (Normal) (G1 Evacuation Pause) 1742M->373M(2386M) 28.699ms
[2023-12-20T08:17:14.180-0800][53584625ms] GC(307) User=0.09s Sys=0.00s Real=0.03s
[2023-12-20T08:17:14.856-0800][53585301ms] GC(308) Pause Young (Normal) (G1 Evacuation Pause)
[2023-12-20T08:17:14.856-0800][53585301ms] GC(308) Using 10 workers of 10 for evacuation
[2023-12-20T08:17:14.886-0800][53585331ms] GC(308)   Pre Evacuate Collection Set: 0.0ms
[2023-12-20T08:17:14.886-0800][53585331ms] GC(308)   Evacuate Collection Set: 25.7ms
[2023-12-20T08:17:14.886-0800][53585331ms] GC(308)   Post Evacuate Collection Set: 3.1ms
[2023-12-20T08:17:14.886-0800][53585331ms] GC(308)   Other: 0.4ms
[2023-12-20T08:17:14.886-0800][53585331ms] GC(308) Eden regions: 685->0(684)
[2023-12-20T08:17:14.886-0800][53585331ms] GC(308) Survivor regions: 30->31(90)
[2023-12-20T08:17:14.886-0800][53585331ms] GC(308) Old regions: 152->152
[2023-12-20T08:17:14.886-0800][53585331ms] GC(308) Humongous regions: 5->5
[2023-12-20T08:17:14.886-0800][53585331ms] GC(308) Metaspace: 253932K->253932K(1292288K)
[2023-12-20T08:17:14.886-0800][53585331ms] GC(308) Pause Young (Normal) (G1 Evacuation Pause) 1743M->374M(2386M) 29.331ms
[2023-12-20T08:17:14.886-0800][53585331ms] GC(308) User=0.08s Sys=0.00s Real=0.03s
[2023-12-20T08:17:15.527-0800][53585972ms] GC(309) Pause Young (Normal) (G1 Evacuation Pause)
[2023-12-20T08:17:15.527-0800][53585972ms] GC(309) Using 10 workers of 10 for evacuation
[2023-12-20T08:17:15.557-0800][53586002ms] GC(309)   Pre Evacuate Collection Set: 0.0ms
[2023-12-20T08:17:15.557-0800][53586002ms] GC(309)   Evacuate Collection Set: 26.4ms
[2023-12-20T08:17:15.557-0800][53586002ms] GC(309)   Post Evacuate Collection Set: 2.4ms
[2023-12-20T08:17:15.557-0800][53586002ms] GC(309)   Other: 0.4ms
[2023-12-20T08:17:15.557-0800][53586002ms] GC(309) Eden regions: 684->0(685)
[2023-12-20T08:17:15.557-0800][53586002ms] GC(309) Survivor regions: 31->30(90)
[2023-12-20T08:17:15.557-0800][53586002ms] GC(309) Old regions: 152->152
[2023-12-20T08:17:15.557-0800][53586002ms] GC(309) Humongous regions: 5->5
[2023-12-20T08:17:15.557-0800][53586002ms] GC(309) Metaspace: 253932K->253932K(1292288K)
[2023-12-20T08:17:15.557-0800][53586002ms] GC(309) Pause Young (Normal) (G1 Evacuation Pause) 1742M->373M(2386M) 29.304ms
[2023-12-20T08:17:15.557-0800][53586002ms] GC(309) User=0.14s Sys=0.00s Real=0.03s
[2023-12-20T08:17:16.058-0800][53586503ms] GC(310) Pause Young (Normal) (GCLocker Initiated GC)
[2023-12-20T08:17:16.058-0800][53586503ms] GC(310) Using 10 workers of 10 for evacuation
[2023-12-20T08:17:16.085-0800][53586530ms] GC(310)   Pre Evacuate Collection Set: 0.0ms
[2023-12-20T08:17:16.085-0800][53586530ms] GC(310)   Evacuate Collection Set: 24.8ms
[2023-12-20T08:17:16.085-0800][53586530ms] GC(310)   Post Evacuate Collection Set: 2.3ms
[2023-12-20T08:17:16.085-0800][53586530ms] GC(310)   Other: 0.3ms
[2023-12-20T08:17:16.085-0800][53586530ms] GC(310) Eden regions: 686->0(685)
[2023-12-20T08:17:16.085-0800][53586530ms] GC(310) Survivor regions: 30->30(90)
[2023-12-20T08:17:16.085-0800][53586530ms] GC(310) Old regions: 152->152
[2023-12-20T08:17:16.085-0800][53586530ms] GC(310) Humongous regions: 5->5
[2023-12-20T08:17:16.085-0800][53586530ms] GC(310) Metaspace: 253932K->253932K(1292288K)
[2023-12-20T08:17:16.085-0800][53586530ms] GC(310) Pause Young (Normal) (GCLocker Initiated GC) 1744M->373M(2386M) 27.567ms
[2023-12-20T08:17:16.085-0800][53586530ms] GC(310) User=0.05s Sys=0.00s Real=0.03s
[2023-12-20T08:17:16.944-0800][53587389ms] GC(311) Pause Young (Normal) (GCLocker Initiated GC)
[2023-12-20T08:17:16.944-0800][53587389ms] GC(311) Using 10 workers of 10 for evacuation
[2023-12-20T08:17:16.974-0800][53587419ms] GC(311)   Pre Evacuate Collection Set: 0.1ms
[2023-12-20T08:17:16.974-0800][53587419ms] GC(311)   Evacuate Collection Set: 27.2ms
[2023-12-20T08:17:16.974-0800][53587419ms] GC(311)   Post Evacuate Collection Set: 2.6ms
[2023-12-20T08:17:16.974-0800][53587419ms] GC(311)   Other: 0.4ms
[2023-12-20T08:17:16.974-0800][53587419ms] GC(311) Eden regions: 686->0(685)
[2023-12-20T08:17:16.974-0800][53587419ms] GC(311) Survivor regions: 30->30(90)
[2023-12-20T08:17:16.974-0800][53587419ms] GC(311) Old regions: 152->152
[2023-12-20T08:17:16.974-0800][53587419ms] GC(311) Humongous regions: 5->5
[2023-12-20T08:17:16.974-0800][53587419ms] GC(311) Metaspace: 253933K->253933K(1292288K)
[2023-12-20T08:17:16.974-0800][53587419ms] GC(311) Pause Young (Normal) (GCLocker Initiated GC) 1744M->372M(2386M) 30.343ms
[2023-12-20T08:17:16.974-0800][53587419ms] GC(311) User=0.14s Sys=0.00s Real=0.03s
[2023-12-20T08:17:18.018-0800][53588463ms] GC(312) Pause Young (Normal) (GCLocker Initiated GC)
[2023-12-20T08:17:18.018-0800][53588463ms] GC(312) Using 10 workers of 10 for evacuation
[2023-12-20T08:17:18.049-0800][53588494ms] GC(312)   Pre Evacuate Collection Set: 0.1ms
[2023-12-20T08:17:18.049-0800][53588494ms] GC(312)   Evacuate Collection Set: 28.1ms
[2023-12-20T08:17:18.049-0800][53588494ms] GC(312)   Post Evacuate Collection Set: 2.3ms
[2023-12-20T08:17:18.049-0800][53588494ms] GC(312)   Other: 0.4ms
[2023-12-20T08:17:18.049-0800][53588494ms] GC(312) Eden regions: 686->0(685)
[2023-12-20T08:17:18.049-0800][53588494ms] GC(312) Survivor regions: 30->30(90)
[2023-12-20T08:17:18.049-0800][53588494ms] GC(312) Old regions: 152->152
[2023-12-20T08:17:18.049-0800][53588494ms] GC(312) Humongous regions: 5->5
[2023-12-20T08:17:18.049-0800][53588494ms] GC(312) Metaspace: 253933K->253933K(1292288K)
[2023-12-20T08:17:18.049-0800][53588494ms] GC(312) Pause Young (Normal) (GCLocker Initiated GC) 1742M->373M(2386M) 30.986ms
[2023-12-20T08:17:18.049-0800][53588494ms] GC(312) User=0.06s Sys=0.00s Real=0.03s
[2023-12-20T08:17:18.845-0800][53589290ms] GC(313) Pause Young (Normal) (G1 Evacuation Pause)
[2023-12-20T08:17:18.845-0800][53589290ms] GC(313) Using 10 workers of 10 for evacuation
[2023-12-20T08:17:18.874-0800][53589319ms] GC(313)   Pre Evacuate Collection Set: 0.0ms
[2023-12-20T08:17:18.874-0800][53589319ms] GC(313)   Evacuate Collection Set: 25.9ms
[2023-12-20T08:17:18.874-0800][53589319ms] GC(313)   Post Evacuate Collection Set: 2.7ms
[2023-12-20T08:17:18.874-0800][53589319ms] GC(313)   Other: 0.4ms
[2023-12-20T08:17:18.874-0800][53589319ms] GC(313) Eden regions: 685->0(685)
[2023-12-20T08:17:18.874-0800][53589319ms] GC(313) Survivor regions: 30->30(90)
[2023-12-20T08:17:18.874-0800][53589319ms] GC(313) Old regions: 152->152
[2023-12-20T08:17:18.874-0800][53589319ms] GC(313) Humongous regions: 5->5
[2023-12-20T08:17:18.874-0800][53589319ms] GC(313) Metaspace: 253933K->253933K(1292288K)
[2023-12-20T08:17:18.874-0800][53589319ms] GC(313) Pause Young (Normal) (G1 Evacuation Pause) 1743M->373M(2386M) 29.166ms
[2023-12-20T08:17:18.874-0800][53589319ms] GC(313) User=0.11s Sys=0.00s Real=0.03s
[2023-12-20T08:17:19.670-0800][53590115ms] GC(314) Pause Young (Normal) (G1 Evacuation Pause)
[2023-12-20T08:17:19.670-0800][53590115ms] GC(314) Using 10 workers of 10 for evacuation
[2023-12-20T08:17:19.702-0800][53590147ms] GC(314)   Pre Evacuate Collection Set: 0.1ms
[2023-12-20T08:17:19.702-0800][53590147ms] GC(314)   Evacuate Collection Set: 27.8ms
[2023-12-20T08:17:19.702-0800][53590147ms] GC(314)   Post Evacuate Collection Set: 3.2ms
[2023-12-20T08:17:19.702-0800][53590147ms] GC(314)   Other: 0.4ms
[2023-12-20T08:17:19.702-0800][53590147ms] GC(314) Eden regions: 685->0(685)
[2023-12-20T08:17:19.702-0800][53590147ms] GC(314) Survivor regions: 30->30(90)
[2023-12-20T08:17:19.702-0800][53590147ms] GC(314) Old regions: 152->152
[2023-12-20T08:17:19.702-0800][53590147ms] GC(314) Humongous regions: 5->5
[2023-12-20T08:17:19.702-0800][53590147ms] GC(314) Metaspace: 253933K->253933K(1292288K)
[2023-12-20T08:17:19.702-0800][53590147ms] GC(314) Pause Young (Normal) (G1 Evacuation Pause) 1743M->372M(2386M) 31.653ms
[2023-12-20T08:17:19.702-0800][53590147ms] GC(314) User=0.14s Sys=0.00s Real=0.03s
[2023-12-20T08:17:20.511-0800][53590956ms] GC(315) Pause Young (Normal) (G1 Evacuation Pause)
[2023-12-20T08:17:20.511-0800][53590956ms] GC(315) Using 10 workers of 10 for evacuation
[2023-12-20T08:17:20.539-0800][53590984ms] GC(315)   Pre Evacuate Collection Set: 0.0ms
[2023-12-20T08:17:20.539-0800][53590984ms] GC(315)   Evacuate Collection Set: 26.2ms
[2023-12-20T08:17:20.539-0800][53590984ms] GC(315)   Post Evacuate Collection Set: 2.3ms
[2023-12-20T08:17:20.539-0800][53590984ms] GC(315)   Other: 0.4ms
[2023-12-20T08:17:20.539-0800][53590984ms] GC(315) Eden regions: 685->0(685)
[2023-12-20T08:17:20.539-0800][53590984ms] GC(315) Survivor regions: 30->30(90)
[2023-12-20T08:17:20.539-0800][53590984ms] GC(315) Old regions: 152->152
[2023-12-20T08:17:20.539-0800][53590984ms] GC(315) Humongous regions: 5->5
[2023-12-20T08:17:20.539-0800][53590984ms] GC(315) Metaspace: 253933K->253933K(1292288K)
[2023-12-20T08:17:20.539-0800][53590984ms] GC(315) Pause Young (Normal) (G1 Evacuation Pause) 1742M->373M(2386M) 29.110ms
[2023-12-20T08:17:20.539-0800][53590984ms] GC(315) User=0.08s Sys=0.00s Real=0.03s
[2023-12-20T08:17:21.379-0800][53591824ms] GC(316) Pause Young (Normal) (G1 Evacuation Pause)
[2023-12-20T08:17:21.379-0800][53591824ms] GC(316) Using 10 workers of 10 for evacuation
[2023-12-20T08:17:21.408-0800][53591853ms] GC(316)   Pre Evacuate Collection Set: 0.1ms
[2023-12-20T08:17:21.408-0800][53591853ms] GC(316)   Evacuate Collection Set: 26.3ms
[2023-12-20T08:17:21.408-0800][53591853ms] GC(316)   Post Evacuate Collection Set: 2.7ms
[2023-12-20T08:17:21.408-0800][53591853ms] GC(316)   Other: 0.4ms
[2023-12-20T08:17:21.408-0800][53591853ms] GC(316) Eden regions: 685->0(685)
[2023-12-20T08:17:21.408-0800][53591853ms] GC(316) Survivor regions: 30->30(90)
[2023-12-20T08:17:21.408-0800][53591853ms] GC(316) Old regions: 152->152
[2023-12-20T08:17:21.408-0800][53591853ms] GC(316) Humongous regions: 5->5
[2023-12-20T08:17:21.408-0800][53591853ms] GC(316) Metaspace: 253933K->253933K(1292288K)
[2023-12-20T08:17:21.408-0800][53591853ms] GC(316) Pause Young (Normal) (G1 Evacuation Pause) 1743M->373M(2386M) 29.625ms
[2023-12-20T08:17:21.408-0800][53591853ms] GC(316) User=0.13s Sys=0.00s Real=0.03s
[2023-12-20T08:17:22.348-0800][53592793ms] GC(317) Pause Young (Normal) (G1 Evacuation Pause)
[2023-12-20T08:17:22.348-0800][53592793ms] GC(317) Using 10 workers of 10 for evacuation
[2023-12-20T08:17:22.378-0800][53592823ms] GC(317)   Pre Evacuate Collection Set: 0.0ms
[2023-12-20T08:17:22.378-0800][53592823ms] GC(317)   Evacuate Collection Set: 28.3ms
[2023-12-20T08:17:22.378-0800][53592823ms] GC(317)   Post Evacuate Collection Set: 2.5ms
[2023-12-20T08:17:22.378-0800][53592823ms] GC(317)   Other: 0.4ms
[2023-12-20T08:17:22.378-0800][53592823ms] GC(317) Eden regions: 685->0(685)
[2023-12-20T08:17:22.378-0800][53592823ms] GC(317) Survivor regions: 30->30(90)
[2023-12-20T08:17:22.378-0800][53592823ms] GC(317) Old regions: 152->152
[2023-12-20T08:17:22.378-0800][53592823ms] GC(317) Humongous regions: 5->5
[2023-12-20T08:17:22.378-0800][53592823ms] GC(317) Metaspace: 253933K->253933K(1292288K)
[2023-12-20T08:17:22.378-0800][53592823ms] GC(317) Pause Young (Normal) (G1 Evacuation Pause) 1743M->373M(2386M) 31.260ms
[2023-12-20T08:17:22.378-0800][53592823ms] GC(317) User=0.11s Sys=0.00s Real=0.03s
[2023-12-20T08:17:23.154-0800][53593599ms] GC(318) Pause Young (Normal) (G1 Evacuation Pause)
[2023-12-20T08:17:23.154-0800][53593599ms] GC(318) Using 10 workers of 10 for evacuation
[2023-12-20T08:17:23.183-0800][53593628ms] GC(318)   Pre Evacuate Collection Set: 0.0ms
[2023-12-20T08:17:23.183-0800][53593628ms] GC(318)   Evacuate Collection Set: 27.2ms
[2023-12-20T08:17:23.183-0800][53593628ms] GC(318)   Post Evacuate Collection Set: 2.3ms
[2023-12-20T08:17:23.183-0800][53593628ms] GC(318)   Other: 0.4ms
[2023-12-20T08:17:23.183-0800][53593628ms] GC(318) Eden regions: 685->0(685)
[2023-12-20T08:17:23.183-0800][53593628ms] GC(318) Survivor regions: 30->30(90)
[2023-12-20T08:17:23.183-0800][53593628ms] GC(318) Old regions: 152->152
[2023-12-20T08:17:23.183-0800][53593628ms] GC(318) Humongous regions: 5->5
[2023-12-20T08:17:23.184-0800][53593629ms] GC(318) Metaspace: 253933K->253933K(1292288K)
[2023-12-20T08:17:23.184-0800][53593629ms] GC(318) Pause Young (Normal) (G1 Evacuation Pause) 1743M->373M(2386M) 30.031ms
[2023-12-20T08:17:23.184-0800][53593629ms] GC(318) User=0.11s Sys=0.00s Real=0.03s
[2023-12-20T08:17:23.936-0800][53594381ms] GC(319) Pause Young (Normal) (G1 Evacuation Pause)
[2023-12-20T08:17:23.936-0800][53594381ms] GC(319) Using 10 workers of 10 for evacuation
[2023-12-20T08:17:23.965-0800][53594410ms] GC(319)   Pre Evacuate Collection Set: 0.0ms
[2023-12-20T08:17:23.965-0800][53594410ms] GC(319)   Evacuate Collection Set: 26.0ms
[2023-12-20T08:17:23.965-0800][53594410ms] GC(319)   Post Evacuate Collection Set: 2.4ms
[2023-12-20T08:17:23.965-0800][53594410ms] GC(319)   Other: 0.4ms
[2023-12-20T08:17:23.965-0800][53594410ms] GC(319) Eden regions: 685->0(685)
[2023-12-20T08:17:23.965-0800][53594410ms] GC(319) Survivor regions: 30->30(90)
[2023-12-20T08:17:23.965-0800][53594410ms] GC(319) Old regions: 152->152
[2023-12-20T08:17:23.965-0800][53594410ms] GC(319) Humongous regions: 5->5
[2023-12-20T08:17:23.965-0800][53594410ms] GC(319) Metaspace: 253933K->253933K(1292288K)
[2023-12-20T08:17:23.965-0800][53594410ms] GC(319) Pause Young (Normal) (G1 Evacuation Pause) 1743M->373M(2386M) 28.974ms
[2023-12-20T08:17:23.965-0800][53594410ms] GC(319) User=0.09s Sys=0.00s Real=0.03s
[2023-12-20T08:17:24.733-0800][53595178ms] GC(320) Pause Young (Normal) (G1 Evacuation Pause)
[2023-12-20T08:17:24.733-0800][53595178ms] GC(320) Using 10 workers of 10 for evacuation
[2023-12-20T08:17:24.763-0800][53595208ms] GC(320)   Pre Evacuate Collection Set: 0.0ms
[2023-12-20T08:17:24.763-0800][53595208ms] GC(320)   Evacuate Collection Set: 26.7ms
[2023-12-20T08:17:24.763-0800][53595208ms] GC(320)   Post Evacuate Collection Set: 2.5ms
[2023-12-20T08:17:24.763-0800][53595208ms] GC(320)   Other: 0.4ms
[2023-12-20T08:17:24.763-0800][53595208ms] GC(320) Eden regions: 685->0(685)
[2023-12-20T08:17:24.763-0800][53595208ms] GC(320) Survivor regions: 30->30(90)
[2023-12-20T08:17:24.763-0800][53595208ms] GC(320) Old regions: 152->152
[2023-12-20T08:17:24.763-0800][53595208ms] GC(320) Humongous regions: 5->5
[2023-12-20T08:17:24.763-0800][53595208ms] GC(320) Metaspace: 253933K->253933K(1292288K)
[2023-12-20T08:17:24.763-0800][53595208ms] GC(320) Pause Young (Normal) (G1 Evacuation Pause) 1743M->373M(2386M) 29.702ms
[2023-12-20T08:17:24.763-0800][53595208ms] GC(320) User=0.05s Sys=0.02s Real=0.03s
[2023-12-20T08:17:25.647-0800][53596092ms] GC(321) Pause Young (Normal) (G1 Evacuation Pause)
[2023-12-20T08:17:25.647-0800][53596092ms] GC(321) Using 10 workers of 10 for evacuation
[2023-12-20T08:17:25.677-0800][53596122ms] GC(321)   Pre Evacuate Collection Set: 0.0ms
[2023-12-20T08:17:25.677-0800][53596122ms] GC(321)   Evacuate Collection Set: 28.0ms
[2023-12-20T08:17:25.677-0800][53596122ms] GC(321)   Post Evacuate Collection Set: 2.4ms
[2023-12-20T08:17:25.677-0800][53596122ms] GC(321)   Other: 0.4ms
[2023-12-20T08:17:25.677-0800][53596122ms] GC(321) Eden regions: 685->0(685)
[2023-12-20T08:17:25.677-0800][53596122ms] GC(321) Survivor regions: 30->30(90)
[2023-12-20T08:17:25.677-0800][53596122ms] GC(321) Old regions: 152->152
[2023-12-20T08:17:25.677-0800][53596122ms] GC(321) Humongous regions: 5->5
[2023-12-20T08:17:25.677-0800][53596122ms] GC(321) Metaspace: 253933K->253933K(1292288K)
[2023-12-20T08:17:25.677-0800][53596122ms] GC(321) Pause Young (Normal) (G1 Evacuation Pause) 1743M->373M(2386M) 30.850ms
[2023-12-20T08:17:25.677-0800][53596122ms] GC(321) User=0.19s Sys=0.00s Real=0.03s
[2023-12-20T08:17:26.541-0800][53596986ms] GC(322) Pause Young (Normal) (G1 Evacuation Pause)
[2023-12-20T08:17:26.541-0800][53596986ms] GC(322) Using 10 workers of 10 for evacuation
[2023-12-20T08:17:26.569-0800][53597014ms] GC(322)   Pre Evacuate Collection Set: 0.0ms
[2023-12-20T08:17:26.569-0800][53597014ms] GC(322)   Evacuate Collection Set: 26.6ms
[2023-12-20T08:17:26.569-0800][53597014ms] GC(322)   Post Evacuate Collection Set: 2.2ms
[2023-12-20T08:17:26.569-0800][53597014ms] GC(322)   Other: 0.4ms
[2023-12-20T08:17:26.569-0800][53597014ms] GC(322) Eden regions: 685->0(685)
[2023-12-20T08:17:26.569-0800][53597014ms] GC(322) Survivor regions: 30->30(90)
[2023-12-20T08:17:26.569-0800][53597014ms] GC(322) Old regions: 152->153
[2023-12-20T08:17:26.569-0800][53597014ms] GC(322) Humongous regions: 5->5
[2023-12-20T08:17:26.569-0800][53597014ms] GC(322) Metaspace: 253933K->253933K(1292288K)
[2023-12-20T08:17:26.569-0800][53597014ms] GC(322) Pause Young (Normal) (G1 Evacuation Pause) 1743M->374M(2386M) 29.390ms
[2023-12-20T08:17:26.569-0800][53597014ms] GC(322) User=0.06s Sys=0.00s Real=0.03s
[2023-12-20T08:17:27.390-0800][53597835ms] GC(323) Pause Young (Normal) (G1 Evacuation Pause)
[2023-12-20T08:17:27.390-0800][53597835ms] GC(323) Using 10 workers of 10 for evacuation
[2023-12-20T08:17:27.421-0800][53597866ms] GC(323)   Pre Evacuate Collection Set: 0.0ms
[2023-12-20T08:17:27.421-0800][53597866ms] GC(323)   Evacuate Collection Set: 27.9ms
[2023-12-20T08:17:27.421-0800][53597866ms] GC(323)   Post Evacuate Collection Set: 2.6ms
[2023-12-20T08:17:27.421-0800][53597866ms] GC(323)   Other: 0.3ms
[2023-12-20T08:17:27.421-0800][53597866ms] GC(323) Eden regions: 685->0(685)
[2023-12-20T08:17:27.421-0800][53597866ms] GC(323) Survivor regions: 30->30(90)
[2023-12-20T08:17:27.421-0800][53597866ms] GC(323) Old regions: 153->153
[2023-12-20T08:17:27.421-0800][53597866ms] GC(323) Humongous regions: 5->5
[2023-12-20T08:17:27.421-0800][53597866ms] GC(323) Metaspace: 253933K->253933K(1292288K)
[2023-12-20T08:17:27.421-0800][53597866ms] GC(323) Pause Young (Normal) (G1 Evacuation Pause) 1744M->373M(2386M) 31.013ms
[2023-12-20T08:17:27.421-0800][53597866ms] GC(323) User=0.08s Sys=0.00s Real=0.03s
[2023-12-20T08:17:28.229-0800][53598674ms] GC(324) Pause Young (Normal) (G1 Evacuation Pause)
[2023-12-20T08:17:28.230-0800][53598675ms] GC(324) Using 10 workers of 10 for evacuation
[2023-12-20T08:17:28.260-0800][53598705ms] GC(324)   Pre Evacuate Collection Set: 0.0ms
[2023-12-20T08:17:28.260-0800][53598705ms] GC(324)   Evacuate Collection Set: 27.1ms
[2023-12-20T08:17:28.260-0800][53598705ms] GC(324)   Post Evacuate Collection Set: 3.5ms
[2023-12-20T08:17:28.260-0800][53598705ms] GC(324)   Other: 0.4ms
[2023-12-20T08:17:28.260-0800][53598705ms] GC(324) Eden regions: 685->0(685)
[2023-12-20T08:17:28.260-0800][53598705ms] GC(324) Survivor regions: 30->30(90)
[2023-12-20T08:17:28.260-0800][53598705ms] GC(324) Old regions: 153->153
[2023-12-20T08:17:28.260-0800][53598705ms] GC(324) Humongous regions: 5->5
[2023-12-20T08:17:28.260-0800][53598705ms] GC(324) Metaspace: 253933K->253933K(1292288K)
[2023-12-20T08:17:28.260-0800][53598705ms] GC(324) Pause Young (Normal) (G1 Evacuation Pause) 1743M->373M(2386M) 31.129ms
[2023-12-20T08:17:28.260-0800][53598705ms] GC(324) User=0.06s Sys=0.00s Real=0.03s
[2023-12-20T08:17:29.192-0800][53599637ms] GC(325) Pause Young (Normal) (G1 Evacuation Pause)
[2023-12-20T08:17:29.192-0800][53599637ms] GC(325) Using 10 workers of 10 for evacuation
[2023-12-20T08:17:29.225-0800][53599670ms] GC(325)   Pre Evacuate Collection Set: 0.1ms
[2023-12-20T08:17:29.225-0800][53599670ms] GC(325)   Evacuate Collection Set: 28.6ms
[2023-12-20T08:17:29.225-0800][53599670ms] GC(325)   Post Evacuate Collection Set: 2.9ms
[2023-12-20T08:17:29.225-0800][53599670ms] GC(325)   Other: 0.5ms
[2023-12-20T08:17:29.225-0800][53599670ms] GC(325) Eden regions: 685->0(685)
[2023-12-20T08:17:29.225-0800][53599670ms] GC(325) Survivor regions: 30->30(90)
[2023-12-20T08:17:29.225-0800][53599670ms] GC(325) Old regions: 153->153
[2023-12-20T08:17:29.225-0800][53599670ms] GC(325) Humongous regions: 5->5
[2023-12-20T08:17:29.225-0800][53599670ms] GC(325) Metaspace: 253933K->253933K(1292288K)
[2023-12-20T08:17:29.225-0800][53599670ms] GC(325) Pause Young (Normal) (G1 Evacuation Pause) 1743M->373M(2386M) 32.181ms
[2023-12-20T08:17:29.225-0800][53599670ms] GC(325) User=0.16s Sys=0.00s Real=0.03s
[2023-12-20T08:17:30.066-0800][53600511ms] GC(326) Pause Young (Normal) (G1 Evacuation Pause)
[2023-12-20T08:17:30.066-0800][53600511ms] GC(326) Using 10 workers of 10 for evacuation
[2023-12-20T08:17:30.096-0800][53600541ms] GC(326)   Pre Evacuate Collection Set: 0.1ms
[2023-12-20T08:17:30.096-0800][53600541ms] GC(326)   Evacuate Collection Set: 27.5ms
[2023-12-20T08:17:30.096-0800][53600541ms] GC(326)   Post Evacuate Collection Set: 2.6ms
[2023-12-20T08:17:30.096-0800][53600541ms] GC(326)   Other: 0.4ms
[2023-12-20T08:17:30.096-0800][53600541ms] GC(326) Eden regions: 685->0(686)
[2023-12-20T08:17:30.096-0800][53600541ms] GC(326) Survivor regions: 30->29(90)
[2023-12-20T08:17:30.096-0800][53600541ms] GC(326) Old regions: 153->153
[2023-12-20T08:17:30.096-0800][53600541ms] GC(326) Humongous regions: 5->5
[2023-12-20T08:17:30.096-0800][53600541ms] GC(326) Metaspace: 253933K->253933K(1292288K)
[2023-12-20T08:17:30.096-0800][53600541ms] GC(326) Pause Young (Normal) (G1 Evacuation Pause) 1743M->372M(2386M) 30.648ms
[2023-12-20T08:17:30.097-0800][53600542ms] GC(326) User=0.11s Sys=0.02s Real=0.03s
[2023-12-20T08:17:30.937-0800][53601382ms] GC(327) Pause Young (Normal) (G1 Evacuation Pause)
[2023-12-20T08:17:30.937-0800][53601382ms] GC(327) Using 10 workers of 10 for evacuation
[2023-12-20T08:17:30.966-0800][53601411ms] GC(327)   Pre Evacuate Collection Set: 0.0ms
[2023-12-20T08:17:30.966-0800][53601411ms] GC(327)   Evacuate Collection Set: 27.1ms
[2023-12-20T08:17:30.966-0800][53601411ms] GC(327)   Post Evacuate Collection Set: 2.5ms
[2023-12-20T08:17:30.966-0800][53601411ms] GC(327)   Other: 0.4ms
[2023-12-20T08:17:30.966-0800][53601411ms] GC(327) Eden regions: 686->0(685)
[2023-12-20T08:17:30.966-0800][53601411ms] GC(327) Survivor regions: 29->30(90)
[2023-12-20T08:17:30.966-0800][53601411ms] GC(327) Old regions: 153->153
[2023-12-20T08:17:30.966-0800][53601411ms] GC(327) Humongous regions: 5->5
[2023-12-20T08:17:30.966-0800][53601411ms] GC(327) Metaspace: 253933K->253933K(1292288K)
[2023-12-20T08:17:30.966-0800][53601411ms] GC(327) Pause Young (Normal) (G1 Evacuation Pause) 1744M->373M(2386M) 30.135ms
[2023-12-20T08:17:30.966-0800][53601411ms] GC(327) User=0.09s Sys=0.00s Real=0.03s
[2023-12-20T08:17:31.809-0800][53602254ms] GC(328) Pause Young (Normal) (G1 Evacuation Pause)
[2023-12-20T08:17:31.809-0800][53602254ms] GC(328) Using 10 workers of 10 for evacuation
[2023-12-20T08:17:31.839-0800][53602284ms] GC(328)   Pre Evacuate Collection Set: 0.0ms
[2023-12-20T08:17:31.839-0800][53602284ms] GC(328)   Evacuate Collection Set: 26.9ms
[2023-12-20T08:17:31.839-0800][53602284ms] GC(328)   Post Evacuate Collection Set: 2.4ms
[2023-12-20T08:17:31.839-0800][53602284ms] GC(328)   Other: 0.4ms
[2023-12-20T08:17:31.839-0800][53602284ms] GC(328) Eden regions: 685->0(685)
[2023-12-20T08:17:31.839-0800][53602284ms] GC(328) Survivor regions: 30->30(90)
[2023-12-20T08:17:31.839-0800][53602284ms] GC(328) Old regions: 153->153
[2023-12-20T08:17:31.839-0800][53602284ms] GC(328) Humongous regions: 5->5
[2023-12-20T08:17:31.839-0800][53602284ms] GC(328) Metaspace: 253933K->253933K(1292288K)
[2023-12-20T08:17:31.839-0800][53602284ms] GC(328) Pause Young (Normal) (G1 Evacuation Pause) 1743M->373M(2386M) 29.796ms
[2023-12-20T08:17:31.839-0800][53602284ms] GC(328) User=0.09s Sys=0.00s Real=0.03s
[2023-12-20T08:17:32.668-0800][53603113ms] GC(329) Pause Young (Normal) (G1 Evacuation Pause)
[2023-12-20T08:17:32.668-0800][53603113ms] GC(329) Using 10 workers of 10 for evacuation
[2023-12-20T08:17:32.697-0800][53603142ms] GC(329)   Pre Evacuate Collection Set: 0.0ms
[2023-12-20T08:17:32.697-0800][53603142ms] GC(329)   Evacuate Collection Set: 26.4ms
[2023-12-20T08:17:32.697-0800][53603142ms] GC(329)   Post Evacuate Collection Set: 3.0ms
[2023-12-20T08:17:32.697-0800][53603142ms] GC(329)   Other: 0.4ms
[2023-12-20T08:17:32.697-0800][53603142ms] GC(329) Eden regions: 685->0(685)
[2023-12-20T08:17:32.697-0800][53603142ms] GC(329) Survivor regions: 30->30(90)
[2023-12-20T08:17:32.697-0800][53603142ms] GC(329) Old regions: 153->153
[2023-12-20T08:17:32.697-0800][53603142ms] GC(329) Humongous regions: 5->5
[2023-12-20T08:17:32.697-0800][53603142ms] GC(329) Metaspace: 253933K->253933K(1292288K)
[2023-12-20T08:17:32.697-0800][53603142ms] GC(329) Pause Young (Normal) (G1 Evacuation Pause) 1743M->374M(2386M) 29.943ms
[2023-12-20T08:17:32.697-0800][53603142ms] GC(329) User=0.09s Sys=0.00s Real=0.03s
[2023-12-20T08:17:33.490-0800][53603935ms] GC(330) Pause Young (Normal) (G1 Evacuation Pause)
[2023-12-20T08:17:33.490-0800][53603935ms] GC(330) Using 10 workers of 10 for evacuation
[2023-12-20T08:17:33.519-0800][53603964ms] GC(330)   Pre Evacuate Collection Set: 0.0ms
[2023-12-20T08:17:33.519-0800][53603964ms] GC(330)   Evacuate Collection Set: 26.8ms
[2023-12-20T08:17:33.519-0800][53603964ms] GC(330)   Post Evacuate Collection Set: 2.5ms
[2023-12-20T08:17:33.519-0800][53603964ms] GC(330)   Other: 0.4ms
[2023-12-20T08:17:33.519-0800][53603964ms] GC(330) Eden regions: 685->0(685)
[2023-12-20T08:17:33.519-0800][53603964ms] GC(330) Survivor regions: 30->30(90)
[2023-12-20T08:17:33.519-0800][53603964ms] GC(330) Old regions: 153->153
[2023-12-20T08:17:33.519-0800][53603964ms] GC(330) Humongous regions: 5->5
[2023-12-20T08:17:33.519-0800][53603964ms] GC(330) Metaspace: 253933K->253933K(1292288K)
[2023-12-20T08:17:33.519-0800][53603964ms] GC(330) Pause Young (Normal) (G1 Evacuation Pause) 1744M->374M(2386M) 29.934ms
[2023-12-20T08:17:33.519-0800][53603964ms] GC(330) User=0.22s Sys=0.00s Real=0.03s
[2023-12-20T08:17:34.491-0800][53604936ms] GC(331) Pause Young (Normal) (G1 Evacuation Pause)
[2023-12-20T08:17:34.491-0800][53604936ms] GC(331) Using 10 workers of 10 for evacuation
[2023-12-20T08:17:34.522-0800][53604967ms] GC(331)   Pre Evacuate Collection Set: 0.0ms
[2023-12-20T08:17:34.522-0800][53604967ms] GC(331)   Evacuate Collection Set: 27.6ms
[2023-12-20T08:17:34.522-0800][53604967ms] GC(331)   Post Evacuate Collection Set: 2.8ms
[2023-12-20T08:17:34.522-0800][53604967ms] GC(331)   Other: 0.4ms
[2023-12-20T08:17:34.522-0800][53604967ms] GC(331) Eden regions: 685->0(685)
[2023-12-20T08:17:34.522-0800][53604967ms] GC(331) Survivor regions: 30->30(90)
[2023-12-20T08:17:34.522-0800][53604967ms] GC(331) Old regions: 153->153
[2023-12-20T08:17:34.522-0800][53604967ms] GC(331) Humongous regions: 5->5
[2023-12-20T08:17:34.522-0800][53604967ms] GC(331) Metaspace: 253934K->253934K(1292288K)
[2023-12-20T08:17:34.522-0800][53604967ms] GC(331) Pause Young (Normal) (G1 Evacuation Pause) 1744M->374M(2386M) 30.980ms
[2023-12-20T08:17:34.522-0800][53604967ms] GC(331) User=0.20s Sys=0.00s Real=0.03s
[2023-12-20T08:17:35.415-0800][53605860ms] GC(332) Pause Young (Normal) (G1 Evacuation Pause)
[2023-12-20T08:17:35.415-0800][53605860ms] GC(332) Using 10 workers of 10 for evacuation
[2023-12-20T08:17:35.446-0800][53605891ms] GC(332)   Pre Evacuate Collection Set: 0.0ms
[2023-12-20T08:17:35.446-0800][53605891ms] GC(332)   Evacuate Collection Set: 28.1ms
[2023-12-20T08:17:35.446-0800][53605891ms] GC(332)   Post Evacuate Collection Set: 2.4ms
[2023-12-20T08:17:35.446-0800][53605891ms] GC(332)   Other: 0.4ms
[2023-12-20T08:17:35.446-0800][53605891ms] GC(332) Eden regions: 685->0(685)
[2023-12-20T08:17:35.446-0800][53605891ms] GC(332) Survivor regions: 30->30(90)
[2023-12-20T08:17:35.446-0800][53605891ms] GC(332) Old regions: 153->153
[2023-12-20T08:17:35.446-0800][53605891ms] GC(332) Humongous regions: 5->5
[2023-12-20T08:17:35.446-0800][53605891ms] GC(332) Metaspace: 253934K->253934K(1292288K)
[2023-12-20T08:17:35.446-0800][53605891ms] GC(332) Pause Young (Normal) (G1 Evacuation Pause) 1744M->373M(2386M) 31.165ms
[2023-12-20T08:17:35.446-0800][53605891ms] GC(332) User=0.13s Sys=0.00s Real=0.03s
[2023-12-20T08:17:36.273-0800][53606718ms] GC(333) Pause Young (Normal) (G1 Evacuation Pause)
[2023-12-20T08:17:36.273-0800][53606718ms] GC(333) Using 10 workers of 10 for evacuation
[2023-12-20T08:17:36.303-0800][53606748ms] GC(333)   Pre Evacuate Collection Set: 0.0ms
[2023-12-20T08:17:36.303-0800][53606748ms] GC(333)   Evacuate Collection Set: 26.7ms
[2023-12-20T08:17:36.303-0800][53606748ms] GC(333)   Post Evacuate Collection Set: 2.5ms
[2023-12-20T08:17:36.303-0800][53606748ms] GC(333)   Other: 0.4ms
[2023-12-20T08:17:36.303-0800][53606748ms] GC(333) Eden regions: 685->0(685)
[2023-12-20T08:17:36.303-0800][53606748ms] GC(333) Survivor regions: 30->30(90)
[2023-12-20T08:17:36.303-0800][53606748ms] GC(333) Old regions: 153->153
[2023-12-20T08:17:36.303-0800][53606748ms] GC(333) Humongous regions: 5->5
[2023-12-20T08:17:36.303-0800][53606748ms] GC(333) Metaspace: 253934K->253934K(1292288K)
[2023-12-20T08:17:36.303-0800][53606748ms] GC(333) Pause Young (Normal) (G1 Evacuation Pause) 1743M->373M(2386M) 29.798ms
[2023-12-20T08:17:36.303-0800][53606748ms] GC(333) User=0.08s Sys=0.02s Real=0.03s
[2023-12-20T08:17:37.128-0800][53607573ms] GC(334) Pause Young (Normal) (G1 Evacuation Pause)
[2023-12-20T08:17:37.128-0800][53607573ms] GC(334) Using 10 workers of 10 for evacuation
[2023-12-20T08:17:37.159-0800][53607604ms] GC(334)   Pre Evacuate Collection Set: 0.0ms
[2023-12-20T08:17:37.159-0800][53607604ms] GC(334)   Evacuate Collection Set: 28.4ms
[2023-12-20T08:17:37.159-0800][53607604ms] GC(334)   Post Evacuate Collection Set: 2.3ms
[2023-12-20T08:17:37.159-0800][53607604ms] GC(334)   Other: 0.4ms
[2023-12-20T08:17:37.159-0800][53607604ms] GC(334) Eden regions: 685->0(685)
[2023-12-20T08:17:37.159-0800][53607604ms] GC(334) Survivor regions: 30->30(90)
[2023-12-20T08:17:37.159-0800][53607604ms] GC(334) Old regions: 153->153
[2023-12-20T08:17:37.159-0800][53607604ms] GC(334) Humongous regions: 5->5
[2023-12-20T08:17:37.159-0800][53607604ms] GC(334) Metaspace: 253934K->253934K(1292288K)
[2023-12-20T08:17:37.159-0800][53607604ms] GC(334) Pause Young (Normal) (G1 Evacuation Pause) 1743M->374M(2386M) 31.307ms
[2023-12-20T08:17:37.160-0800][53607605ms] GC(334) User=0.09s Sys=0.00s Real=0.03s
[2023-12-20T08:17:38.046-0800][53608491ms] GC(335) Pause Young (Normal) (G1 Evacuation Pause)
[2023-12-20T08:17:38.046-0800][53608491ms] GC(335) Using 10 workers of 10 for evacuation
[2023-12-20T08:17:38.074-0800][53608519ms] GC(335)   Pre Evacuate Collection Set: 0.0ms
[2023-12-20T08:17:38.074-0800][53608519ms] GC(335)   Evacuate Collection Set: 25.9ms
[2023-12-20T08:17:38.075-0800][53608520ms] GC(335)   Post Evacuate Collection Set: 2.4ms
[2023-12-20T08:17:38.075-0800][53608520ms] GC(335)   Other: 0.4ms
[2023-12-20T08:17:38.075-0800][53608520ms] GC(335) Eden regions: 685->0(685)
[2023-12-20T08:17:38.075-0800][53608520ms] GC(335) Survivor regions: 30->30(90)
[2023-12-20T08:17:38.075-0800][53608520ms] GC(335) Old regions: 153->153
[2023-12-20T08:17:38.075-0800][53608520ms] GC(335) Humongous regions: 5->5
[2023-12-20T08:17:38.075-0800][53608520ms] GC(335) Metaspace: 253934K->253934K(1292288K)
[2023-12-20T08:17:38.075-0800][53608520ms] GC(335) Pause Young (Normal) (G1 Evacuation Pause) 1744M->374M(2386M) 28.921ms
[2023-12-20T08:17:38.075-0800][53608520ms] GC(335) User=0.06s Sys=0.00s Real=0.03s
[2023-12-20T08:17:38.911-0800][53609356ms] GC(336) Pause Young (Normal) (G1 Evacuation Pause)
[2023-12-20T08:17:38.911-0800][53609356ms] GC(336) Using 10 workers of 10 for evacuation
[2023-12-20T08:17:38.940-0800][53609385ms] GC(336)   Pre Evacuate Collection Set: 0.0ms
[2023-12-20T08:17:38.940-0800][53609385ms] GC(336)   Evacuate Collection Set: 26.6ms
[2023-12-20T08:17:38.940-0800][53609385ms] GC(336)   Post Evacuate Collection Set: 2.3ms
[2023-12-20T08:17:38.940-0800][53609385ms] GC(336)   Other: 0.4ms
[2023-12-20T08:17:38.940-0800][53609385ms] GC(336) Eden regions: 685->0(685)
[2023-12-20T08:17:38.940-0800][53609385ms] GC(336) Survivor regions: 30->30(90)
[2023-12-20T08:17:38.940-0800][53609385ms] GC(336) Old regions: 153->153
[2023-12-20T08:17:38.940-0800][53609385ms] GC(336) Humongous regions: 5->5
[2023-12-20T08:17:38.940-0800][53609385ms] GC(336) Metaspace: 253934K->253934K(1292288K)
[2023-12-20T08:17:38.941-0800][53609386ms] GC(336) Pause Young (Normal) (G1 Evacuation Pause) 1744M->374M(2386M) 29.531ms
[2023-12-20T08:17:38.941-0800][53609386ms] GC(336) User=0.11s Sys=0.00s Real=0.03s
[2023-12-20T08:17:39.848-0800][53610293ms] GC(337) Pause Young (Normal) (G1 Evacuation Pause)
[2023-12-20T08:17:39.848-0800][53610293ms] GC(337) Using 10 workers of 10 for evacuation
[2023-12-20T08:17:39.878-0800][53610323ms] GC(337)   Pre Evacuate Collection Set: 0.0ms
[2023-12-20T08:17:39.878-0800][53610323ms] GC(337)   Evacuate Collection Set: 26.8ms
[2023-12-20T08:17:39.878-0800][53610323ms] GC(337)   Post Evacuate Collection Set: 2.6ms
[2023-12-20T08:17:39.878-0800][53610323ms] GC(337)   Other: 0.5ms
[2023-12-20T08:17:39.878-0800][53610323ms] GC(337) Eden regions: 685->0(685)
[2023-12-20T08:17:39.878-0800][53610323ms] GC(337) Survivor regions: 30->30(90)
[2023-12-20T08:17:39.878-0800][53610323ms] GC(337) Old regions: 153->153
[2023-12-20T08:17:39.878-0800][53610323ms] GC(337) Humongous regions: 5->5
[2023-12-20T08:17:39.878-0800][53610323ms] GC(337) Metaspace: 253934K->253934K(1292288K)
[2023-12-20T08:17:39.878-0800][53610323ms] GC(337) Pause Young (Normal) (G1 Evacuation Pause) 1744M->374M(2386M) 30.063ms
[2023-12-20T08:17:39.878-0800][53610323ms] GC(337) User=0.05s Sys=0.00s Real=0.03s
[2023-12-20T08:17:40.810-0800][53611255ms] GC(338) Pause Young (Normal) (G1 Evacuation Pause)
[2023-12-20T08:17:40.810-0800][53611255ms] GC(338) Using 10 workers of 10 for evacuation
[2023-12-20T08:17:40.839-0800][53611284ms] GC(338)   Pre Evacuate Collection Set: 0.0ms
[2023-12-20T08:17:40.839-0800][53611284ms] GC(338)   Evacuate Collection Set: 26.2ms
[2023-12-20T08:17:40.839-0800][53611284ms] GC(338)   Post Evacuate Collection Set: 2.2ms
[2023-12-20T08:17:40.839-0800][53611284ms] GC(338)   Other: 0.4ms
[2023-12-20T08:17:40.839-0800][53611284ms] GC(338) Eden regions: 685->0(686)
[2023-12-20T08:17:40.839-0800][53611284ms] GC(338) Survivor regions: 30->29(90)
[2023-12-20T08:17:40.839-0800][53611284ms] GC(338) Old regions: 153->153
[2023-12-20T08:17:40.839-0800][53611284ms] GC(338) Humongous regions: 5->5
[2023-12-20T08:17:40.839-0800][53611284ms] GC(338) Metaspace: 253934K->253934K(1292288K)
[2023-12-20T08:17:40.839-0800][53611284ms] GC(338) Pause Young (Normal) (G1 Evacuation Pause) 1744M->372M(2386M) 28.901ms
[2023-12-20T08:17:40.839-0800][53611284ms] GC(338) User=0.09s Sys=0.00s Real=0.03s
[2023-12-20T08:17:41.627-0800][53612072ms] GC(339) Pause Young (Normal) (G1 Evacuation Pause)
[2023-12-20T08:17:41.627-0800][53612072ms] GC(339) Using 10 workers of 10 for evacuation
[2023-12-20T08:17:41.658-0800][53612103ms] GC(339)   Pre Evacuate Collection Set: 0.0ms
[2023-12-20T08:17:41.658-0800][53612103ms] GC(339)   Evacuate Collection Set: 27.1ms
[2023-12-20T08:17:41.658-0800][53612103ms] GC(339)   Post Evacuate Collection Set: 2.4ms
[2023-12-20T08:17:41.658-0800][53612103ms] GC(339)   Other: 0.5ms
[2023-12-20T08:17:41.658-0800][53612103ms] GC(339) Eden regions: 686->0(685)
[2023-12-20T08:17:41.658-0800][53612103ms] GC(339) Survivor regions: 29->30(90)
[2023-12-20T08:17:41.658-0800][53612103ms] GC(339) Old regions: 153->153
[2023-12-20T08:17:41.658-0800][53612103ms] GC(339) Humongous regions: 5->5
[2023-12-20T08:17:41.658-0800][53612103ms] GC(339) Metaspace: 253934K->253934K(1292288K)
[2023-12-20T08:17:41.658-0800][53612103ms] GC(339) Pause Young (Normal) (G1 Evacuation Pause) 1744M->374M(2386M) 30.179ms
[2023-12-20T08:17:41.658-0800][53612103ms] GC(339) User=0.09s Sys=0.00s Real=0.03s
[2023-12-20T08:17:42.484-0800][53612929ms] GC(340) Pause Young (Normal) (G1 Evacuation Pause)
[2023-12-20T08:17:42.484-0800][53612929ms] GC(340) Using 10 workers of 10 for evacuation
[2023-12-20T08:17:42.513-0800][53612958ms] GC(340)   Pre Evacuate Collection Set: 0.0ms
[2023-12-20T08:17:42.513-0800][53612958ms] GC(340)   Evacuate Collection Set: 26.2ms
[2023-12-20T08:17:42.513-0800][53612958ms] GC(340)   Post Evacuate Collection Set: 2.4ms
[2023-12-20T08:17:42.513-0800][53612958ms] GC(340)   Other: 0.4ms
[2023-12-20T08:17:42.513-0800][53612958ms] GC(340) Eden regions: 685->0(685)
[2023-12-20T08:17:42.513-0800][53612958ms] GC(340) Survivor regions: 30->30(90)
[2023-12-20T08:17:42.513-0800][53612958ms] GC(340) Old regions: 153->153
[2023-12-20T08:17:42.513-0800][53612958ms] GC(340) Humongous regions: 5->5
[2023-12-20T08:17:42.513-0800][53612958ms] GC(340) Metaspace: 253934K->253934K(1292288K)
[2023-12-20T08:17:42.513-0800][53612958ms] GC(340) Pause Young (Normal) (G1 Evacuation Pause) 1744M->374M(2386M) 29.129ms
[2023-12-20T08:17:42.513-0800][53612958ms] GC(340) User=0.08s Sys=0.00s Real=0.03s
[2023-12-20T08:17:43.359-0800][53613804ms] GC(341) Pause Young (Normal) (G1 Evacuation Pause)
[2023-12-20T08:17:43.359-0800][53613804ms] GC(341) Using 10 workers of 10 for evacuation
[2023-12-20T08:17:43.391-0800][53613836ms] GC(341)   Pre Evacuate Collection Set: 0.1ms
[2023-12-20T08:17:43.391-0800][53613836ms] GC(341)   Evacuate Collection Set: 28.3ms
[2023-12-20T08:17:43.391-0800][53613836ms] GC(341)   Post Evacuate Collection Set: 2.6ms
[2023-12-20T08:17:43.391-0800][53613836ms] GC(341)   Other: 0.4ms
[2023-12-20T08:17:43.391-0800][53613836ms] GC(341) Eden regions: 685->0(686)
[2023-12-20T08:17:43.391-0800][53613836ms] GC(341) Survivor regions: 30->29(90)
[2023-12-20T08:17:43.391-0800][53613836ms] GC(341) Old regions: 153->153
[2023-12-20T08:17:43.391-0800][53613836ms] GC(341) Humongous regions: 5->5
[2023-12-20T08:17:43.391-0800][53613836ms] GC(341) Metaspace: 253934K->253934K(1292288K)
[2023-12-20T08:17:43.391-0800][53613836ms] GC(341) Pause Young (Normal) (G1 Evacuation Pause) 1744M->372M(2386M) 31.501ms
[2023-12-20T08:17:43.391-0800][53613836ms] GC(341) User=0.13s Sys=0.00s Real=0.03s
[2023-12-20T08:17:44.244-0800][53614689ms] GC(342) Pause Young (Normal) (G1 Evacuation Pause)
[2023-12-20T08:17:44.244-0800][53614689ms] GC(342) Using 10 workers of 10 for evacuation
[2023-12-20T08:17:44.276-0800][53614721ms] GC(342)   Pre Evacuate Collection Set: 0.0ms
[2023-12-20T08:17:44.276-0800][53614721ms] GC(342)   Evacuate Collection Set: 28.3ms
[2023-12-20T08:17:44.276-0800][53614721ms] GC(342)   Post Evacuate Collection Set: 3.2ms
[2023-12-20T08:17:44.276-0800][53614721ms] GC(342)   Other: 0.4ms
[2023-12-20T08:17:44.276-0800][53614721ms] GC(342) Eden regions: 686->0(685)
[2023-12-20T08:17:44.276-0800][53614721ms] GC(342) Survivor regions: 29->30(90)
[2023-12-20T08:17:44.276-0800][53614721ms] GC(342) Old regions: 153->153
[2023-12-20T08:17:44.276-0800][53614721ms] GC(342) Humongous regions: 5->5
[2023-12-20T08:17:44.276-0800][53614721ms] GC(342) Metaspace: 253934K->253934K(1292288K)
[2023-12-20T08:17:44.276-0800][53614721ms] GC(342) Pause Young (Normal) (G1 Evacuation Pause) 1744M->374M(2386M) 32.171ms
[2023-12-20T08:17:44.276-0800][53614721ms] GC(342) User=0.13s Sys=0.00s Real=0.03s
[2023-12-20T08:17:45.184-0800][53615629ms] GC(343) Pause Young (Normal) (G1 Evacuation Pause)
[2023-12-20T08:17:45.184-0800][53615629ms] GC(343) Using 10 workers of 10 for evacuation
[2023-12-20T08:17:45.214-0800][53615659ms] GC(343)   Pre Evacuate Collection Set: 0.0ms
[2023-12-20T08:17:45.214-0800][53615659ms] GC(343)   Evacuate Collection Set: 25.8ms
[2023-12-20T08:17:45.214-0800][53615659ms] GC(343)   Post Evacuate Collection Set: 2.5ms
[2023-12-20T08:17:45.214-0800][53615659ms] GC(343)   Other: 0.4ms
[2023-12-20T08:17:45.214-0800][53615659ms] GC(343) Eden regions: 685->0(685)
[2023-12-20T08:17:45.214-0800][53615659ms] GC(343) Survivor regions: 30->30(90)
[2023-12-20T08:17:45.214-0800][53615659ms] GC(343) Old regions: 153->153
[2023-12-20T08:17:45.214-0800][53615659ms] GC(343) Humongous regions: 5->5
[2023-12-20T08:17:45.214-0800][53615659ms] GC(343) Metaspace: 253950K->253950K(1292288K)
[2023-12-20T08:17:45.214-0800][53615659ms] GC(343) Pause Young (Normal) (G1 Evacuation Pause) 1744M->374M(2386M) 28.834ms
[2023-12-20T08:17:45.214-0800][53615659ms] GC(343) User=0.03s Sys=0.00s Real=0.03s
[2023-12-20T08:17:46.084-0800][53616529ms] GC(344) Pause Young (Normal) (G1 Evacuation Pause)
[2023-12-20T08:17:46.084-0800][53616529ms] GC(344) Using 10 workers of 10 for evacuation
[2023-12-20T08:17:46.118-0800][53616563ms] GC(344)   Pre Evacuate Collection Set: 0.1ms
[2023-12-20T08:17:46.118-0800][53616563ms] GC(344)   Evacuate Collection Set: 29.9ms
[2023-12-20T08:17:46.118-0800][53616563ms] GC(344)   Post Evacuate Collection Set: 2.8ms
[2023-12-20T08:17:46.118-0800][53616563ms] GC(344)   Other: 0.5ms
[2023-12-20T08:17:46.118-0800][53616563ms] GC(344) Eden regions: 685->0(686)
[2023-12-20T08:17:46.118-0800][53616563ms] GC(344) Survivor regions: 30->29(90)
[2023-12-20T08:17:46.118-0800][53616563ms] GC(344) Old regions: 153->153
[2023-12-20T08:17:46.118-0800][53616563ms] GC(344) Humongous regions: 5->5
[2023-12-20T08:17:46.118-0800][53616563ms] GC(344) Metaspace: 253950K->253950K(1292288K)
[2023-12-20T08:17:46.118-0800][53616563ms] GC(344) Pause Young (Normal) (G1 Evacuation Pause) 1744M->371M(2386M) 33.340ms
[2023-12-20T08:17:46.118-0800][53616563ms] GC(344) User=0.11s Sys=0.02s Real=0.03s
[2023-12-20T08:17:47.000-0800][53617445ms] GC(345) Pause Young (Normal) (G1 Evacuation Pause)
[2023-12-20T08:17:47.000-0800][53617445ms] GC(345) Using 10 workers of 10 for evacuation
[2023-12-20T08:17:47.030-0800][53617475ms] GC(345)   Pre Evacuate Collection Set: 0.0ms
[2023-12-20T08:17:47.030-0800][53617475ms] GC(345)   Evacuate Collection Set: 27.3ms
[2023-12-20T08:17:47.030-0800][53617475ms] GC(345)   Post Evacuate Collection Set: 2.8ms
[2023-12-20T08:17:47.030-0800][53617475ms] GC(345)   Other: 0.4ms
[2023-12-20T08:17:47.030-0800][53617475ms] GC(345) Eden regions: 686->0(685)
[2023-12-20T08:17:47.030-0800][53617475ms] GC(345) Survivor regions: 29->30(90)
[2023-12-20T08:17:47.030-0800][53617475ms] GC(345) Old regions: 153->153
[2023-12-20T08:17:47.030-0800][53617475ms] GC(345) Humongous regions: 5->5
[2023-12-20T08:17:47.030-0800][53617475ms] GC(345) Metaspace: 253964K->253964K(1292288K)
[2023-12-20T08:17:47.030-0800][53617475ms] GC(345) Pause Young (Normal) (G1 Evacuation Pause) 1743M->374M(2386M) 30.732ms
[2023-12-20T08:17:47.030-0800][53617475ms] GC(345) User=0.08s Sys=0.00s Real=0.03s
[2023-12-20T08:17:47.979-0800][53618424ms] GC(346) Pause Young (Normal) (G1 Evacuation Pause)
[2023-12-20T08:17:47.979-0800][53618424ms] GC(346) Using 10 workers of 10 for evacuation
[2023-12-20T08:17:48.014-0800][53618459ms] GC(346)   Pre Evacuate Collection Set: 0.1ms
[2023-12-20T08:17:48.014-0800][53618459ms] GC(346)   Evacuate Collection Set: 30.7ms
[2023-12-20T08:17:48.015-0800][53618460ms] GC(346)   Post Evacuate Collection Set: 3.8ms
[2023-12-20T08:17:48.015-0800][53618460ms] GC(346)   Other: 0.5ms
[2023-12-20T08:17:48.015-0800][53618460ms] GC(346) Eden regions: 685->0(685)
[2023-12-20T08:17:48.015-0800][53618460ms] GC(346) Survivor regions: 30->30(90)
[2023-12-20T08:17:48.015-0800][53618460ms] GC(346) Old regions: 153->153
[2023-12-20T08:17:48.015-0800][53618460ms] GC(346) Humongous regions: 5->5
[2023-12-20T08:17:48.015-0800][53618460ms] GC(346) Metaspace: 253980K->253980K(1292288K)
[2023-12-20T08:17:48.015-0800][53618460ms] GC(346) Pause Young (Normal) (G1 Evacuation Pause) 1744M->373M(2386M) 35.261ms
[2023-12-20T08:17:48.015-0800][53618460ms] GC(346) User=0.16s Sys=0.00s Real=0.04s
[2023-12-20T08:17:48.872-0800][53619317ms] GC(347) Pause Young (Normal) (G1 Evacuation Pause)
[2023-12-20T08:17:48.873-0800][53619318ms] GC(347) Using 10 workers of 10 for evacuation
[2023-12-20T08:17:48.902-0800][53619347ms] GC(347)   Pre Evacuate Collection Set: 0.0ms
[2023-12-20T08:17:48.902-0800][53619347ms] GC(347)   Evacuate Collection Set: 25.9ms
[2023-12-20T08:17:48.902-0800][53619347ms] GC(347)   Post Evacuate Collection Set: 2.4ms
[2023-12-20T08:17:48.902-0800][53619347ms] GC(347)   Other: 0.4ms
[2023-12-20T08:17:48.902-0800][53619347ms] GC(347) Eden regions: 685->0(685)
[2023-12-20T08:17:48.902-0800][53619347ms] GC(347) Survivor regions: 30->30(90)
[2023-12-20T08:17:48.902-0800][53619347ms] GC(347) Old regions: 153->153
[2023-12-20T08:17:48.902-0800][53619347ms] GC(347) Humongous regions: 5->5
[2023-12-20T08:17:48.902-0800][53619347ms] GC(347) Metaspace: 253980K->253980K(1292288K)
[2023-12-20T08:17:48.902-0800][53619347ms] GC(347) Pause Young (Normal) (G1 Evacuation Pause) 1743M->374M(2386M) 28.894ms
[2023-12-20T08:17:48.902-0800][53619347ms] GC(347) User=0.06s Sys=0.00s Real=0.03s
[2023-12-20T08:17:49.776-0800][53620221ms] GC(348) Pause Young (Normal) (G1 Evacuation Pause)
[2023-12-20T08:17:49.776-0800][53620221ms] GC(348) Using 10 workers of 10 for evacuation
[2023-12-20T08:17:49.807-0800][53620252ms] GC(348)   Pre Evacuate Collection Set: 0.0ms
[2023-12-20T08:17:49.807-0800][53620252ms] GC(348)   Evacuate Collection Set: 27.3ms
[2023-12-20T08:17:49.807-0800][53620252ms] GC(348)   Post Evacuate Collection Set: 2.7ms
[2023-12-20T08:17:49.807-0800][53620252ms] GC(348)   Other: 0.3ms
[2023-12-20T08:17:49.807-0800][53620252ms] GC(348) Eden regions: 685->0(685)
[2023-12-20T08:17:49.807-0800][53620252ms] GC(348) Survivor regions: 30->30(90)
[2023-12-20T08:17:49.807-0800][53620252ms] GC(348) Old regions: 153->153
[2023-12-20T08:17:49.807-0800][53620252ms] GC(348) Humongous regions: 5->5
[2023-12-20T08:17:49.807-0800][53620252ms] GC(348) Metaspace: 253980K->253980K(1292288K)
[2023-12-20T08:17:49.807-0800][53620252ms] GC(348) Pause Young (Normal) (G1 Evacuation Pause) 1744M->373M(2386M) 30.469ms
[2023-12-20T08:17:49.807-0800][53620252ms] GC(348) User=0.03s Sys=0.00s Real=0.03s
[2023-12-20T08:17:50.667-0800][53621112ms] GC(349) Pause Young (Normal) (GCLocker Initiated GC)
[2023-12-20T08:17:50.667-0800][53621112ms] GC(349) Using 10 workers of 10 for evacuation
[2023-12-20T08:17:50.697-0800][53621142ms] GC(349)   Pre Evacuate Collection Set: 0.0ms
[2023-12-20T08:17:50.697-0800][53621142ms] GC(349)   Evacuate Collection Set: 26.8ms
[2023-12-20T08:17:50.697-0800][53621142ms] GC(349)   Post Evacuate Collection Set: 2.4ms
[2023-12-20T08:17:50.697-0800][53621142ms] GC(349)   Other: 0.5ms
[2023-12-20T08:17:50.697-0800][53621142ms] GC(349) Eden regions: 686->0(685)
[2023-12-20T08:17:50.697-0800][53621142ms] GC(349) Survivor regions: 30->30(90)
[2023-12-20T08:17:50.697-0800][53621142ms] GC(349) Old regions: 153->153
[2023-12-20T08:17:50.697-0800][53621142ms] GC(349) Humongous regions: 5->5
[2023-12-20T08:17:50.697-0800][53621142ms] GC(349) Metaspace: 253980K->253980K(1292288K)
[2023-12-20T08:17:50.697-0800][53621142ms] GC(349) Pause Young (Normal) (GCLocker Initiated GC) 1744M->374M(2386M) 29.826ms
[2023-12-20T08:17:50.697-0800][53621142ms] GC(349) User=0.16s Sys=0.00s Real=0.03s
[2023-12-20T08:17:51.678-0800][53622123ms] GC(350) Pause Young (Normal) (GCLocker Initiated GC)
[2023-12-20T08:17:51.678-0800][53622123ms] GC(350) Using 10 workers of 10 for evacuation
[2023-12-20T08:17:51.710-0800][53622155ms] GC(350)   Pre Evacuate Collection Set: 0.1ms
[2023-12-20T08:17:51.710-0800][53622155ms] GC(350)   Evacuate Collection Set: 28.4ms
[2023-12-20T08:17:51.710-0800][53622155ms] GC(350)   Post Evacuate Collection Set: 2.8ms
[2023-12-20T08:17:51.710-0800][53622155ms] GC(350)   Other: 0.4ms
[2023-12-20T08:17:51.710-0800][53622155ms] GC(350) Eden regions: 685->0(685)
[2023-12-20T08:17:51.710-0800][53622155ms] GC(350) Survivor regions: 30->30(90)
[2023-12-20T08:17:51.710-0800][53622155ms] GC(350) Old regions: 153->153
[2023-12-20T08:17:51.710-0800][53622155ms] GC(350) Humongous regions: 5->5
[2023-12-20T08:17:51.710-0800][53622155ms] GC(350) Metaspace: 253980K->253980K(1292288K)
[2023-12-20T08:17:51.710-0800][53622155ms] GC(350) Pause Young (Normal) (GCLocker Initiated GC) 1744M->373M(2386M) 31.945ms
[2023-12-20T08:17:51.710-0800][53622155ms] GC(350) User=0.19s Sys=0.00s Real=0.03s
[2023-12-20T08:17:52.684-0800][53623129ms] GC(351) Pause Young (Normal) (GCLocker Initiated GC)
[2023-12-20T08:17:52.684-0800][53623129ms] GC(351) Using 10 workers of 10 for evacuation
[2023-12-20T08:17:52.714-0800][53623159ms] GC(351)   Pre Evacuate Collection Set: 0.1ms
[2023-12-20T08:17:52.714-0800][53623159ms] GC(351)   Evacuate Collection Set: 26.8ms
[2023-12-20T08:17:52.714-0800][53623159ms] GC(351)   Post Evacuate Collection Set: 2.4ms
[2023-12-20T08:17:52.714-0800][53623159ms] GC(351)   Other: 0.4ms
[2023-12-20T08:17:52.714-0800][53623159ms] GC(351) Eden regions: 686->0(685)
[2023-12-20T08:17:52.714-0800][53623159ms] GC(351) Survivor regions: 30->30(90)
[2023-12-20T08:17:52.714-0800][53623159ms] GC(351) Old regions: 153->153
[2023-12-20T08:17:52.714-0800][53623159ms] GC(351) Humongous regions: 5->5
[2023-12-20T08:17:52.714-0800][53623159ms] GC(351) Metaspace: 253980K->253980K(1292288K)
[2023-12-20T08:17:52.714-0800][53623159ms] GC(351) Pause Young (Normal) (GCLocker Initiated GC) 1744M->373M(2386M) 29.826ms
[2023-12-20T08:17:52.714-0800][53623159ms] GC(351) User=0.09s Sys=0.00s Real=0.03s
[2023-12-20T08:17:53.615-0800][53624060ms] GC(352) Pause Young (Normal) (G1 Evacuation Pause)
[2023-12-20T08:17:53.615-0800][53624060ms] GC(352) Using 10 workers of 10 for evacuation
[2023-12-20T08:17:53.648-0800][53624093ms] GC(352)   Pre Evacuate Collection Set: 0.0ms
[2023-12-20T08:17:53.648-0800][53624093ms] GC(352)   Evacuate Collection Set: 29.0ms
[2023-12-20T08:17:53.648-0800][53624093ms] GC(352)   Post Evacuate Collection Set: 2.7ms
[2023-12-20T08:17:53.648-0800][53624093ms] GC(352)   Other: 0.4ms
[2023-12-20T08:17:53.648-0800][53624093ms] GC(352) Eden regions: 685->0(685)
[2023-12-20T08:17:53.648-0800][53624093ms] GC(352) Survivor regions: 30->30(90)
[2023-12-20T08:17:53.648-0800][53624093ms] GC(352) Old regions: 153->153
[2023-12-20T08:17:53.648-0800][53624093ms] GC(352) Humongous regions: 5->5
[2023-12-20T08:17:53.648-0800][53624093ms] GC(352) Metaspace: 253990K->253990K(1292288K)
[2023-12-20T08:17:53.648-0800][53624093ms] GC(352) Pause Young (Normal) (G1 Evacuation Pause) 1743M->374M(2386M) 32.377ms
[2023-12-20T08:17:53.648-0800][53624093ms] GC(352) User=0.23s Sys=0.00s Real=0.03s
[2023-12-20T08:17:54.639-0800][53625084ms] GC(353) Pause Young (Normal) (G1 Evacuation Pause)
[2023-12-20T08:17:54.639-0800][53625084ms] GC(353) Using 10 workers of 10 for evacuation
[2023-12-20T08:17:54.678-0800][53625123ms] GC(353)   Pre Evacuate Collection Set: 0.1ms
[2023-12-20T08:17:54.678-0800][53625123ms] GC(353)   Evacuate Collection Set: 33.6ms
[2023-12-20T08:17:54.678-0800][53625123ms] GC(353)   Post Evacuate Collection Set: 4.2ms
[2023-12-20T08:17:54.678-0800][53625123ms] GC(353)   Other: 0.5ms
[2023-12-20T08:17:54.678-0800][53625123ms] GC(353) Eden regions: 685->0(685)
[2023-12-20T08:17:54.678-0800][53625123ms] GC(353) Survivor regions: 30->30(90)
[2023-12-20T08:17:54.678-0800][53625123ms] GC(353) Old regions: 153->153
[2023-12-20T08:17:54.678-0800][53625123ms] GC(353) Humongous regions: 5->5
[2023-12-20T08:17:54.678-0800][53625123ms] GC(353) Metaspace: 254261K->254261K(1292288K)
[2023-12-20T08:17:54.678-0800][53625123ms] GC(353) Pause Young (Normal) (G1 Evacuation Pause) 1744M->374M(2386M) 38.432ms
[2023-12-20T08:17:54.678-0800][53625123ms] GC(353) User=0.19s Sys=0.00s Real=0.04s
[2023-12-20T08:17:55.455-0800][53625900ms] GC(354) Pause Young (Normal) (G1 Evacuation Pause)
[2023-12-20T08:17:55.455-0800][53625900ms] GC(354) Using 10 workers of 10 for evacuation
[2023-12-20T08:17:55.485-0800][53625930ms] GC(354)   Pre Evacuate Collection Set: 0.0ms
[2023-12-20T08:17:55.485-0800][53625930ms] GC(354)   Evacuate Collection Set: 27.3ms
[2023-12-20T08:17:55.485-0800][53625930ms] GC(354)   Post Evacuate Collection Set: 2.7ms
[2023-12-20T08:17:55.485-0800][53625930ms] GC(354)   Other: 0.4ms
[2023-12-20T08:17:55.485-0800][53625930ms] GC(354) Eden regions: 685->0(684)
[2023-12-20T08:17:55.485-0800][53625930ms] GC(354) Survivor regions: 30->31(90)
[2023-12-20T08:17:55.485-0800][53625930ms] GC(354) Old regions: 153->153
[2023-12-20T08:17:55.485-0800][53625930ms] GC(354) Humongous regions: 5->5
[2023-12-20T08:17:55.485-0800][53625930ms] GC(354) Metaspace: 254261K->254261K(1292288K)
[2023-12-20T08:17:55.485-0800][53625930ms] GC(354) Pause Young (Normal) (G1 Evacuation Pause) 1744M->375M(2386M) 30.501ms
[2023-12-20T08:17:55.485-0800][53625930ms] GC(354) User=0.13s Sys=0.00s Real=0.03s
[2023-12-20T08:17:56.306-0800][53626751ms] GC(355) Pause Young (Normal) (G1 Evacuation Pause)
[2023-12-20T08:17:56.306-0800][53626751ms] GC(355) Using 10 workers of 10 for evacuation
[2023-12-20T08:17:56.337-0800][53626782ms] GC(355)   Pre Evacuate Collection Set: 0.0ms
[2023-12-20T08:17:56.337-0800][53626782ms] GC(355)   Evacuate Collection Set: 28.2ms
[2023-12-20T08:17:56.337-0800][53626782ms] GC(355)   Post Evacuate Collection Set: 3.4ms
[2023-12-20T08:17:56.337-0800][53626782ms] GC(355)   Other: 0.5ms
[2023-12-20T08:17:56.337-0800][53626782ms] GC(355) Eden regions: 684->0(685)
[2023-12-20T08:17:56.337-0800][53626782ms] GC(355) Survivor regions: 31->30(90)
[2023-12-20T08:17:56.337-0800][53626782ms] GC(355) Old regions: 153->153
[2023-12-20T08:17:56.337-0800][53626782ms] GC(355) Humongous regions: 5->5
[2023-12-20T08:17:56.337-0800][53626782ms] GC(355) Metaspace: 254261K->254261K(1292288K)
[2023-12-20T08:17:56.337-0800][53626782ms] GC(355) Pause Young (Normal) (G1 Evacuation Pause) 1743M->374M(2386M) 32.298ms
[2023-12-20T08:17:56.337-0800][53626782ms] GC(355) User=0.13s Sys=0.00s Real=0.03s
[2023-12-20T08:17:57.218-0800][53627663ms] GC(356) Pause Young (Normal) (G1 Evacuation Pause)
[2023-12-20T08:17:57.218-0800][53627663ms] GC(356) Using 10 workers of 10 for evacuation
[2023-12-20T08:17:57.250-0800][53627695ms] GC(356)   Pre Evacuate Collection Set: 0.0ms
[2023-12-20T08:17:57.250-0800][53627695ms] GC(356)   Evacuate Collection Set: 28.5ms
[2023-12-20T08:17:57.250-0800][53627695ms] GC(356)   Post Evacuate Collection Set: 3.7ms
[2023-12-20T08:17:57.250-0800][53627695ms] GC(356)   Other: 0.4ms
[2023-12-20T08:17:57.250-0800][53627695ms] GC(356) Eden regions: 685->0(684)
[2023-12-20T08:17:57.250-0800][53627695ms] GC(356) Survivor regions: 30->31(90)
[2023-12-20T08:17:57.250-0800][53627695ms] GC(356) Old regions: 153->153
[2023-12-20T08:17:57.250-0800][53627695ms] GC(356) Humongous regions: 5->5
[2023-12-20T08:17:57.250-0800][53627695ms] GC(356) Metaspace: 254261K->254261K(1292288K)
[2023-12-20T08:17:57.250-0800][53627695ms] GC(356) Pause Young (Normal) (G1 Evacuation Pause) 1744M->376M(2386M) 32.854ms
[2023-12-20T08:17:57.250-0800][53627695ms] GC(356) User=0.11s Sys=0.00s Real=0.03s
[2023-12-20T08:17:58.143-0800][53628588ms] GC(357) Pause Young (Normal) (G1 Evacuation Pause)
[2023-12-20T08:17:58.143-0800][53628588ms] GC(357) Using 10 workers of 10 for evacuation
[2023-12-20T08:17:58.177-0800][53628622ms] GC(357)   Pre Evacuate Collection Set: 0.0ms
[2023-12-20T08:17:58.177-0800][53628622ms] GC(357)   Evacuate Collection Set: 29.3ms
[2023-12-20T08:17:58.177-0800][53628622ms] GC(357)   Post Evacuate Collection Set: 4.9ms
[2023-12-20T08:17:58.177-0800][53628622ms] GC(357)   Other: 0.5ms
[2023-12-20T08:17:58.177-0800][53628622ms] GC(357) Eden regions: 684->0(683)
[2023-12-20T08:17:58.177-0800][53628622ms] GC(357) Survivor regions: 31->32(90)
[2023-12-20T08:17:58.177-0800][53628622ms] GC(357) Old regions: 153->153
[2023-12-20T08:17:58.177-0800][53628622ms] GC(357) Humongous regions: 5->5
[2023-12-20T08:17:58.177-0800][53628622ms] GC(357) Metaspace: 254261K->254261K(1292288K)
[2023-12-20T08:17:58.177-0800][53628622ms] GC(357) Pause Young (Normal) (G1 Evacuation Pause) 1744M->377M(2386M) 34.859ms
[2023-12-20T08:17:58.177-0800][53628622ms] GC(357) User=0.11s Sys=0.00s Real=0.03s
[2023-12-20T08:17:59.071-0800][53629516ms] GC(358) Pause Young (Normal) (G1 Evacuation Pause)
[2023-12-20T08:17:59.071-0800][53629516ms] GC(358) Using 10 workers of 10 for evacuation
[2023-12-20T08:17:59.102-0800][53629547ms] GC(358)   Pre Evacuate Collection Set: 0.1ms
[2023-12-20T08:17:59.102-0800][53629547ms] GC(358)   Evacuate Collection Set: 28.0ms
[2023-12-20T08:17:59.102-0800][53629547ms] GC(358)   Post Evacuate Collection Set: 2.6ms
[2023-12-20T08:17:59.102-0800][53629547ms] GC(358)   Other: 0.4ms
[2023-12-20T08:17:59.102-0800][53629547ms] GC(358) Eden regions: 683->0(684)
[2023-12-20T08:17:59.102-0800][53629547ms] GC(358) Survivor regions: 32->31(90)
[2023-12-20T08:17:59.102-0800][53629547ms] GC(358) Old regions: 153->153
[2023-12-20T08:17:59.102-0800][53629547ms] GC(358) Humongous regions: 5->5
[2023-12-20T08:17:59.102-0800][53629547ms] GC(358) Metaspace: 254261K->254261K(1292288K)
[2023-12-20T08:17:59.102-0800][53629547ms] GC(358) Pause Young (Normal) (G1 Evacuation Pause) 1743M->376M(2386M) 31.200ms
[2023-12-20T08:17:59.102-0800][53629547ms] GC(358) User=0.09s Sys=0.00s Real=0.03s
[2023-12-20T08:17:59.969-0800][53630414ms] GC(359) Pause Young (Normal) (G1 Evacuation Pause)
[2023-12-20T08:17:59.969-0800][53630414ms] GC(359) Using 10 workers of 10 for evacuation
[2023-12-20T08:18:00.000-0800][53630445ms] GC(359)   Pre Evacuate Collection Set: 0.0ms
[2023-12-20T08:18:00.000-0800][53630445ms] GC(359)   Evacuate Collection Set: 28.2ms
[2023-12-20T08:18:00.000-0800][53630445ms] GC(359)   Post Evacuate Collection Set: 2.9ms
[2023-12-20T08:18:00.000-0800][53630445ms] GC(359)   Other: 0.4ms
[2023-12-20T08:18:00.000-0800][53630445ms] GC(359) Eden regions: 684->0(684)
[2023-12-20T08:18:00.000-0800][53630445ms] GC(359) Survivor regions: 31->31(90)
[2023-12-20T08:18:00.000-0800][53630445ms] GC(359) Old regions: 153->153
[2023-12-20T08:18:00.000-0800][53630445ms] GC(359) Humongous regions: 5->5
[2023-12-20T08:18:00.000-0800][53630445ms] GC(359) Metaspace: 254261K->254261K(1292288K)
[2023-12-20T08:18:00.000-0800][53630445ms] GC(359) Pause Young (Normal) (G1 Evacuation Pause) 1744M->375M(2386M) 31.747ms
[2023-12-20T08:18:00.000-0800][53630445ms] GC(359) User=0.13s Sys=0.00s Real=0.03s
[2023-12-20T08:18:00.768-0800][53631213ms] GC(360) Pause Young (Normal) (G1 Evacuation Pause)
[2023-12-20T08:18:00.768-0800][53631213ms] GC(360) Using 10 workers of 10 for evacuation
[2023-12-20T08:18:00.801-0800][53631246ms] GC(360)   Pre Evacuate Collection Set: 0.0ms
[2023-12-20T08:18:00.801-0800][53631246ms] GC(360)   Evacuate Collection Set: 28.2ms
[2023-12-20T08:18:00.801-0800][53631246ms] GC(360)   Post Evacuate Collection Set: 3.1ms
[2023-12-20T08:18:00.801-0800][53631246ms] GC(360)   Other: 0.4ms
[2023-12-20T08:18:00.801-0800][53631246ms] GC(360) Eden regions: 684->0(685)
[2023-12-20T08:18:00.801-0800][53631246ms] GC(360) Survivor regions: 31->30(90)
[2023-12-20T08:18:00.801-0800][53631246ms] GC(360) Old regions: 153->153
[2023-12-20T08:18:00.801-0800][53631246ms] GC(360) Humongous regions: 5->5
[2023-12-20T08:18:00.801-0800][53631246ms] GC(360) Metaspace: 254261K->254261K(1292288K)
[2023-12-20T08:18:00.801-0800][53631246ms] GC(360) Pause Young (Normal) (G1 Evacuation Pause) 1743M->374M(2386M) 31.971ms
[2023-12-20T08:18:00.801-0800][53631246ms] GC(360) User=0.17s Sys=0.00s Real=0.03s
[2023-12-20T08:18:01.450-0800][53631895ms] GC(361) Pause Young (Normal) (G1 Evacuation Pause)
[2023-12-20T08:18:01.450-0800][53631895ms] GC(361) Using 10 workers of 10 for evacuation
[2023-12-20T08:18:01.481-0800][53631926ms] GC(361)   Pre Evacuate Collection Set: 0.0ms
[2023-12-20T08:18:01.481-0800][53631926ms] GC(361)   Evacuate Collection Set: 27.7ms
[2023-12-20T08:18:01.481-0800][53631926ms] GC(361)   Post Evacuate Collection Set: 2.5ms
[2023-12-20T08:18:01.481-0800][53631926ms] GC(361)   Other: 0.4ms
[2023-12-20T08:18:01.481-0800][53631926ms] GC(361) Eden regions: 685->0(684)
[2023-12-20T08:18:01.481-0800][53631926ms] GC(361) Survivor regions: 30->31(90)
[2023-12-20T08:18:01.481-0800][53631926ms] GC(361) Old regions: 153->153
[2023-12-20T08:18:01.481-0800][53631926ms] GC(361) Humongous regions: 5->5
[2023-12-20T08:18:01.481-0800][53631926ms] GC(361) Metaspace: 254261K->254261K(1292288K)
[2023-12-20T08:18:01.481-0800][53631926ms] GC(361) Pause Young (Normal) (G1 Evacuation Pause) 1744M->376M(2386M) 30.692ms
[2023-12-20T08:18:01.481-0800][53631926ms] GC(361) User=0.14s Sys=0.00s Real=0.03s
[2023-12-20T08:18:02.043-0800][53632488ms] GC(362) Pause Young (Normal) (G1 Evacuation Pause)
[2023-12-20T08:18:02.043-0800][53632488ms] GC(362) Using 10 workers of 10 for evacuation
[2023-12-20T08:18:02.072-0800][53632517ms] GC(362)   Pre Evacuate Collection Set: 0.0ms
[2023-12-20T08:18:02.072-0800][53632517ms] GC(362)   Evacuate Collection Set: 26.5ms
[2023-12-20T08:18:02.072-0800][53632517ms] GC(362)   Post Evacuate Collection Set: 2.4ms
[2023-12-20T08:18:02.072-0800][53632517ms] GC(362)   Other: 0.4ms
[2023-12-20T08:18:02.072-0800][53632517ms] GC(362) Eden regions: 684->0(684)
[2023-12-20T08:18:02.072-0800][53632517ms] GC(362) Survivor regions: 31->31(90)
[2023-12-20T08:18:02.072-0800][53632517ms] GC(362) Old regions: 153->153
[2023-12-20T08:18:02.072-0800][53632517ms] GC(362) Humongous regions: 5->5
[2023-12-20T08:18:02.072-0800][53632517ms] GC(362) Metaspace: 254261K->254261K(1292288K)
[2023-12-20T08:18:02.072-0800][53632517ms] GC(362) Pause Young (Normal) (G1 Evacuation Pause) 1744M->376M(2386M) 29.534ms
[2023-12-20T08:18:02.072-0800][53632517ms] GC(362) User=0.09s Sys=0.00s Real=0.03s
[2023-12-20T08:18:02.751-0800][53633196ms] GC(363) Pause Young (Normal) (G1 Evacuation Pause)
[2023-12-20T08:18:02.751-0800][53633196ms] GC(363) Using 10 workers of 10 for evacuation
[2023-12-20T08:18:02.779-0800][53633224ms] GC(363)   Pre Evacuate Collection Set: 0.0ms
[2023-12-20T08:18:02.779-0800][53633224ms] GC(363)   Evacuate Collection Set: 25.6ms
[2023-12-20T08:18:02.779-0800][53633224ms] GC(363)   Post Evacuate Collection Set: 2.4ms
[2023-12-20T08:18:02.779-0800][53633224ms] GC(363)   Other: 0.4ms
[2023-12-20T08:18:02.779-0800][53633224ms] GC(363) Eden regions: 684->0(684)
[2023-12-20T08:18:02.779-0800][53633224ms] GC(363) Survivor regions: 31->31(90)
[2023-12-20T08:18:02.779-0800][53633224ms] GC(363) Old regions: 153->153
[2023-12-20T08:18:02.779-0800][53633224ms] GC(363) Humongous regions: 5->5
[2023-12-20T08:18:02.779-0800][53633224ms] GC(363) Metaspace: 254261K->254261K(1292288K)
[2023-12-20T08:18:02.779-0800][53633224ms] GC(363) Pause Young (Normal) (G1 Evacuation Pause) 1744M->377M(2386M) 28.582ms
[2023-12-20T08:18:02.779-0800][53633224ms] GC(363) User=0.06s Sys=0.00s Real=0.03s
[2023-12-20T08:18:03.481-0800][53633926ms] GC(364) Pause Young (Normal) (G1 Evacuation Pause)
[2023-12-20T08:18:03.481-0800][53633926ms] GC(364) Using 10 workers of 10 for evacuation
[2023-12-20T08:18:03.512-0800][53633957ms] GC(364)   Pre Evacuate Collection Set: 0.1ms
[2023-12-20T08:18:03.512-0800][53633957ms] GC(364)   Evacuate Collection Set: 27.7ms
[2023-12-20T08:18:03.512-0800][53633957ms] GC(364)   Post Evacuate Collection Set: 3.1ms
[2023-12-20T08:18:03.512-0800][53633957ms] GC(364)   Other: 0.4ms
[2023-12-20T08:18:03.512-0800][53633957ms] GC(364) Eden regions: 684->0(684)
[2023-12-20T08:18:03.512-0800][53633957ms] GC(364) Survivor regions: 31->31(90)
[2023-12-20T08:18:03.512-0800][53633957ms] GC(364) Old regions: 153->153
[2023-12-20T08:18:03.512-0800][53633957ms] GC(364) Humongous regions: 5->5
[2023-12-20T08:18:03.512-0800][53633957ms] GC(364) Metaspace: 254261K->254261K(1292288K)
[2023-12-20T08:18:03.512-0800][53633957ms] GC(364) Pause Young (Normal) (G1 Evacuation Pause) 1745M->376M(2386M) 31.329ms
[2023-12-20T08:18:03.512-0800][53633957ms] GC(364) User=0.14s Sys=0.00s Real=0.03s
[2023-12-20T08:18:04.221-0800][53634666ms] GC(365) Pause Young (Normal) (G1 Evacuation Pause)
[2023-12-20T08:18:04.221-0800][53634666ms] GC(365) Using 10 workers of 10 for evacuation
[2023-12-20T08:18:04.249-0800][53634694ms] GC(365)   Pre Evacuate Collection Set: 0.0ms
[2023-12-20T08:18:04.249-0800][53634694ms] GC(365)   Evacuate Collection Set: 26.5ms
[2023-12-20T08:18:04.249-0800][53634694ms] GC(365)   Post Evacuate Collection Set: 2.3ms
[2023-12-20T08:18:04.249-0800][53634694ms] GC(365)   Other: 0.4ms
[2023-12-20T08:18:04.249-0800][53634694ms] GC(365) Eden regions: 684->0(684)
[2023-12-20T08:18:04.249-0800][53634694ms] GC(365) Survivor regions: 31->31(90)
[2023-12-20T08:18:04.249-0800][53634694ms] GC(365) Old regions: 153->153
[2023-12-20T08:18:04.249-0800][53634694ms] GC(365) Humongous regions: 5->5
[2023-12-20T08:18:04.249-0800][53634694ms] GC(365) Metaspace: 254261K->254261K(1292288K)
[2023-12-20T08:18:04.249-0800][53634694ms] GC(365) Pause Young (Normal) (G1 Evacuation Pause) 1744M->376M(2386M) 29.318ms
[2023-12-20T08:18:04.249-0800][53634694ms] GC(365) User=0.11s Sys=0.00s Real=0.03s
[2023-12-20T08:18:05.097-0800][53635542ms] GC(366) Pause Young (Normal) (G1 Evacuation Pause)
[2023-12-20T08:18:05.097-0800][53635542ms] GC(366) Using 10 workers of 10 for evacuation
[2023-12-20T08:18:05.127-0800][53635572ms] GC(366)   Pre Evacuate Collection Set: 0.0ms
[2023-12-20T08:18:05.127-0800][53635572ms] GC(366)   Evacuate Collection Set: 26.2ms
[2023-12-20T08:18:05.127-0800][53635572ms] GC(366)   Post Evacuate Collection Set: 2.7ms
[2023-12-20T08:18:05.127-0800][53635572ms] GC(366)   Other: 0.4ms
[2023-12-20T08:18:05.127-0800][53635572ms] GC(366) Eden regions: 684->0(684)
[2023-12-20T08:18:05.127-0800][53635572ms] GC(366) Survivor regions: 31->31(90)
[2023-12-20T08:18:05.127-0800][53635572ms] GC(366) Old regions: 153->153
[2023-12-20T08:18:05.127-0800][53635572ms] GC(366) Humongous regions: 5->5
[2023-12-20T08:18:05.127-0800][53635572ms] GC(366) Metaspace: 254262K->254262K(1292288K)
[2023-12-20T08:18:05.127-0800][53635572ms] GC(366) Pause Young (Normal) (G1 Evacuation Pause) 1744M->376M(2386M) 29.446ms
[2023-12-20T08:18:05.127-0800][53635572ms] GC(366) User=0.13s Sys=0.00s Real=0.03s
[2023-12-20T08:18:05.870-0800][53636315ms] GC(367) Pause Young (Normal) (G1 Evacuation Pause)
[2023-12-20T08:18:05.871-0800][53636316ms] GC(367) Using 10 workers of 10 for evacuation
[2023-12-20T08:18:05.900-0800][53636345ms] GC(367)   Pre Evacuate Collection Set: 0.0ms
[2023-12-20T08:18:05.900-0800][53636345ms] GC(367)   Evacuate Collection Set: 27.0ms
[2023-12-20T08:18:05.900-0800][53636345ms] GC(367)   Post Evacuate Collection Set: 2.6ms
[2023-12-20T08:18:05.900-0800][53636345ms] GC(367)   Other: 0.4ms
[2023-12-20T08:18:05.900-0800][53636345ms] GC(367) Eden regions: 684->0(684)
[2023-12-20T08:18:05.900-0800][53636345ms] GC(367) Survivor regions: 31->31(90)
[2023-12-20T08:18:05.900-0800][53636345ms] GC(367) Old regions: 153->153
[2023-12-20T08:18:05.900-0800][53636345ms] GC(367) Humongous regions: 5->5
[2023-12-20T08:18:05.900-0800][53636345ms] GC(367) Metaspace: 254262K->254262K(1292288K)
[2023-12-20T08:18:05.900-0800][53636345ms] GC(367) Pause Young (Normal) (G1 Evacuation Pause) 1744M->376M(2386M) 30.182ms
[2023-12-20T08:18:05.900-0800][53636345ms] GC(367) User=0.11s Sys=0.00s Real=0.03s
[2023-12-20T08:18:06.672-0800][53637117ms] GC(368) Pause Young (Normal) (G1 Evacuation Pause)
[2023-12-20T08:18:06.672-0800][53637117ms] GC(368) Using 10 workers of 10 for evacuation
[2023-12-20T08:18:06.704-0800][53637149ms] GC(368)   Pre Evacuate Collection Set: 0.1ms
[2023-12-20T08:18:06.704-0800][53637149ms] GC(368)   Evacuate Collection Set: 29.2ms
[2023-12-20T08:18:06.704-0800][53637149ms] GC(368)   Post Evacuate Collection Set: 2.2ms
[2023-12-20T08:18:06.704-0800][53637149ms] GC(368)   Other: 0.4ms
[2023-12-20T08:18:06.704-0800][53637149ms] GC(368) Eden regions: 684->0(684)
[2023-12-20T08:18:06.704-0800][53637149ms] GC(368) Survivor regions: 31->31(90)
[2023-12-20T08:18:06.704-0800][53637149ms] GC(368) Old regions: 153->154
[2023-12-20T08:18:06.704-0800][53637149ms] GC(368) Humongous regions: 5->5
[2023-12-20T08:18:06.704-0800][53637149ms] GC(368) Metaspace: 254262K->254262K(1292288K)
[2023-12-20T08:18:06.704-0800][53637149ms] GC(368) Pause Young (Normal) (G1 Evacuation Pause) 1744M->377M(2386M) 31.960ms
[2023-12-20T08:18:06.704-0800][53637149ms] GC(368) User=0.11s Sys=0.00s Real=0.03s
[2023-12-20T08:18:07.597-0800][53638042ms] GC(369) Pause Young (Normal) (G1 Evacuation Pause)
[2023-12-20T08:18:07.597-0800][53638042ms] GC(369) Using 10 workers of 10 for evacuation
[2023-12-20T08:18:07.628-0800][53638073ms] GC(369)   Pre Evacuate Collection Set: 0.1ms
[2023-12-20T08:18:07.628-0800][53638073ms] GC(369)   Evacuate Collection Set: 27.6ms
[2023-12-20T08:18:07.628-0800][53638073ms] GC(369)   Post Evacuate Collection Set: 2.8ms
[2023-12-20T08:18:07.628-0800][53638073ms] GC(369)   Other: 0.5ms
[2023-12-20T08:18:07.628-0800][53638073ms] GC(369) Eden regions: 684->0(685)
[2023-12-20T08:18:07.628-0800][53638073ms] GC(369) Survivor regions: 31->30(90)
[2023-12-20T08:18:07.628-0800][53638073ms] GC(369) Old regions: 154->154
[2023-12-20T08:18:07.628-0800][53638073ms] GC(369) Humongous regions: 5->5
[2023-12-20T08:18:07.628-0800][53638073ms] GC(369) Metaspace: 254262K->254262K(1292288K)
[2023-12-20T08:18:07.628-0800][53638073ms] GC(369) Pause Young (Normal) (G1 Evacuation Pause) 1745M->376M(2386M) 31.106ms
[2023-12-20T08:18:07.628-0800][53638073ms] GC(369) User=0.11s Sys=0.00s Real=0.03s
[2023-12-20T08:18:08.367-0800][53638812ms] GC(370) Pause Young (Normal) (G1 Evacuation Pause)
[2023-12-20T08:18:08.367-0800][53638812ms] GC(370) Using 10 workers of 10 for evacuation
[2023-12-20T08:18:08.397-0800][53638842ms] GC(370)   Pre Evacuate Collection Set: 0.0ms
[2023-12-20T08:18:08.397-0800][53638842ms] GC(370)   Evacuate Collection Set: 27.2ms
[2023-12-20T08:18:08.397-0800][53638842ms] GC(370)   Post Evacuate Collection Set: 2.4ms
[2023-12-20T08:18:08.397-0800][53638842ms] GC(370)   Other: 0.4ms
[2023-12-20T08:18:08.397-0800][53638842ms] GC(370) Eden regions: 685->0(685)
[2023-12-20T08:18:08.397-0800][53638842ms] GC(370) Survivor regions: 30->30(90)
[2023-12-20T08:18:08.397-0800][53638842ms] GC(370) Old regions: 154->154
[2023-12-20T08:18:08.397-0800][53638842ms] GC(370) Humongous regions: 5->5
[2023-12-20T08:18:08.397-0800][53638842ms] GC(370) Metaspace: 254262K->254262K(1292288K)
[2023-12-20T08:18:08.397-0800][53638842ms] GC(370) Pause Young (Normal) (G1 Evacuation Pause) 1746M->376M(2386M) 30.194ms
[2023-12-20T08:18:08.397-0800][53638842ms] GC(370) User=0.08s Sys=0.00s Real=0.03s
[2023-12-20T08:18:09.093-0800][53639538ms] GC(371) Pause Young (Normal) (G1 Evacuation Pause)
[2023-12-20T08:18:09.093-0800][53639538ms] GC(371) Using 10 workers of 10 for evacuation
[2023-12-20T08:18:09.123-0800][53639568ms] GC(371)   Pre Evacuate Collection Set: 0.0ms
[2023-12-20T08:18:09.123-0800][53639568ms] GC(371)   Evacuate Collection Set: 27.9ms
[2023-12-20T08:18:09.123-0800][53639568ms] GC(371)   Post Evacuate Collection Set: 2.8ms
[2023-12-20T08:18:09.123-0800][53639568ms] GC(371)   Other: 0.4ms
[2023-12-20T08:18:09.123-0800][53639568ms] GC(371) Eden regions: 685->0(685)
[2023-12-20T08:18:09.123-0800][53639568ms] GC(371) Survivor regions: 30->30(90)
[2023-12-20T08:18:09.123-0800][53639568ms] GC(371) Old regions: 154->154
[2023-12-20T08:18:09.123-0800][53639568ms] GC(371) Humongous regions: 5->5
[2023-12-20T08:18:09.123-0800][53639568ms] GC(371) Metaspace: 254262K->254262K(1292288K)
[2023-12-20T08:18:09.123-0800][53639568ms] GC(371) Pause Young (Normal) (G1 Evacuation Pause) 1746M->376M(2386M) 31.270ms
[2023-12-20T08:18:09.123-0800][53639568ms] GC(371) User=0.03s Sys=0.00s Real=0.03s
[2023-12-20T08:18:09.850-0800][53640295ms] GC(372) Pause Young (Normal) (G1 Evacuation Pause)
[2023-12-20T08:18:09.850-0800][53640295ms] GC(372) Using 10 workers of 10 for evacuation
[2023-12-20T08:18:09.879-0800][53640324ms] GC(372)   Pre Evacuate Collection Set: 0.0ms
[2023-12-20T08:18:09.879-0800][53640324ms] GC(372)   Evacuate Collection Set: 26.4ms
[2023-12-20T08:18:09.879-0800][53640324ms] GC(372)   Post Evacuate Collection Set: 2.6ms
[2023-12-20T08:18:09.879-0800][53640324ms] GC(372)   Other: 0.4ms
[2023-12-20T08:18:09.879-0800][53640324ms] GC(372) Eden regions: 685->0(685)
[2023-12-20T08:18:09.879-0800][53640324ms] GC(372) Survivor regions: 30->30(90)
[2023-12-20T08:18:09.879-0800][53640324ms] GC(372) Old regions: 154->154
[2023-12-20T08:18:09.879-0800][53640324ms] GC(372) Humongous regions: 5->5
[2023-12-20T08:18:09.879-0800][53640324ms] GC(372) Metaspace: 254262K->254262K(1292288K)
[2023-12-20T08:18:09.879-0800][53640324ms] GC(372) Pause Young (Normal) (G1 Evacuation Pause) 1746M->375M(2386M) 29.725ms
[2023-12-20T08:18:09.879-0800][53640324ms] GC(372) User=0.13s Sys=0.00s Real=0.03s
[2023-12-20T08:18:10.700-0800][53641145ms] GC(373) Pause Young (Normal) (G1 Evacuation Pause)
[2023-12-20T08:18:10.700-0800][53641145ms] GC(373) Using 10 workers of 10 for evacuation
[2023-12-20T08:18:10.731-0800][53641176ms] GC(373)   Pre Evacuate Collection Set: 0.1ms
[2023-12-20T08:18:10.731-0800][53641176ms] GC(373)   Evacuate Collection Set: 27.5ms
[2023-12-20T08:18:10.731-0800][53641176ms] GC(373)   Post Evacuate Collection Set: 3.2ms
[2023-12-20T08:18:10.731-0800][53641176ms] GC(373)   Other: 0.5ms
[2023-12-20T08:18:10.731-0800][53641176ms] GC(373) Eden regions: 685->0(685)
[2023-12-20T08:18:10.731-0800][53641176ms] GC(373) Survivor regions: 30->30(90)
[2023-12-20T08:18:10.731-0800][53641176ms] GC(373) Old regions: 154->154
[2023-12-20T08:18:10.731-0800][53641176ms] GC(373) Humongous regions: 5->5
[2023-12-20T08:18:10.731-0800][53641176ms] GC(373) Metaspace: 254262K->254262K(1292288K)
[2023-12-20T08:18:10.731-0800][53641176ms] GC(373) Pause Young (Normal) (G1 Evacuation Pause) 1745M->375M(2386M) 31.380ms
[2023-12-20T08:18:10.731-0800][53641176ms] GC(373) User=0.14s Sys=0.00s Real=0.03s
[2023-12-20T08:18:11.251-0800][53641696ms] GC(374) Pause Young (Normal) (G1 Evacuation Pause)
[2023-12-20T08:18:11.251-0800][53641696ms] GC(374) Using 10 workers of 10 for evacuation
[2023-12-20T08:18:11.279-0800][53641724ms] GC(374)   Pre Evacuate Collection Set: 0.0ms
[2023-12-20T08:18:11.279-0800][53641724ms] GC(374)   Evacuate Collection Set: 25.8ms
[2023-12-20T08:18:11.279-0800][53641724ms] GC(374)   Post Evacuate Collection Set: 2.5ms
[2023-12-20T08:18:11.279-0800][53641724ms] GC(374)   Other: 0.4ms
[2023-12-20T08:18:11.279-0800][53641724ms] GC(374) Eden regions: 685->0(685)
[2023-12-20T08:18:11.279-0800][53641724ms] GC(374) Survivor regions: 30->30(90)
[2023-12-20T08:18:11.279-0800][53641724ms] GC(374) Old regions: 154->154
[2023-12-20T08:18:11.279-0800][53641724ms] GC(374) Humongous regions: 5->5
[2023-12-20T08:18:11.279-0800][53641724ms] GC(374) Metaspace: 254262K->254262K(1292288K)
[2023-12-20T08:18:11.279-0800][53641724ms] GC(374) Pause Young (Normal) (G1 Evacuation Pause) 1745M->376M(2386M) 28.910ms
[2023-12-20T08:18:11.280-0800][53641725ms] GC(374) User=0.08s Sys=0.00s Real=0.03s
[2023-12-20T08:18:12.007-0800][53642452ms] GC(375) Pause Young (Normal) (G1 Evacuation Pause)
[2023-12-20T08:18:12.007-0800][53642452ms] GC(375) Using 10 workers of 10 for evacuation
[2023-12-20T08:18:12.037-0800][53642482ms] GC(375)   Pre Evacuate Collection Set: 0.1ms
[2023-12-20T08:18:12.037-0800][53642482ms] GC(375)   Evacuate Collection Set: 27.3ms
[2023-12-20T08:18:12.037-0800][53642482ms] GC(375)   Post Evacuate Collection Set: 2.8ms
[2023-12-20T08:18:12.037-0800][53642482ms] GC(375)   Other: 0.4ms
[2023-12-20T08:18:12.037-0800][53642482ms] GC(375) Eden regions: 685->0(685)
[2023-12-20T08:18:12.037-0800][53642482ms] GC(375) Survivor regions: 30->30(90)
[2023-12-20T08:18:12.037-0800][53642482ms] GC(375) Old regions: 154->154
[2023-12-20T08:18:12.037-0800][53642482ms] GC(375) Humongous regions: 5->5
[2023-12-20T08:18:12.037-0800][53642482ms] GC(375) Metaspace: 254262K->254262K(1292288K)
[2023-12-20T08:18:12.037-0800][53642482ms] GC(375) Pause Young (Normal) (G1 Evacuation Pause) 1746M->375M(2386M) 30.637ms
[2023-12-20T08:18:12.037-0800][53642482ms] GC(375) User=0.08s Sys=0.02s Real=0.03s
[2023-12-20T08:18:12.605-0800][53643050ms] GC(376) Pause Young (Normal) (G1 Evacuation Pause)
[2023-12-20T08:18:12.605-0800][53643050ms] GC(376) Using 10 workers of 10 for evacuation
[2023-12-20T08:18:12.636-0800][53643081ms] GC(376)   Pre Evacuate Collection Set: 0.0ms
[2023-12-20T08:18:12.636-0800][53643081ms] GC(376)   Evacuate Collection Set: 27.5ms
[2023-12-20T08:18:12.636-0800][53643081ms] GC(376)   Post Evacuate Collection Set: 2.8ms
[2023-12-20T08:18:12.636-0800][53643081ms] GC(376)   Other: 0.5ms
[2023-12-20T08:18:12.636-0800][53643081ms] GC(376) Eden regions: 685->0(685)
[2023-12-20T08:18:12.636-0800][53643081ms] GC(376) Survivor regions: 30->30(90)
[2023-12-20T08:18:12.636-0800][53643081ms] GC(376) Old regions: 154->154
[2023-12-20T08:18:12.636-0800][53643081ms] GC(376) Humongous regions: 5->5
[2023-12-20T08:18:12.636-0800][53643081ms] GC(376) Metaspace: 254262K->254262K(1292288K)
[2023-12-20T08:18:12.636-0800][53643081ms] GC(376) Pause Young (Normal) (G1 Evacuation Pause) 1745M->376M(2386M) 30.947ms
[2023-12-20T08:18:12.636-0800][53643081ms] GC(376) User=0.05s Sys=0.00s Real=0.03s
[2023-12-20T08:18:13.314-0800][53643759ms] GC(377) Pause Young (Normal) (G1 Evacuation Pause)
[2023-12-20T08:18:13.315-0800][53643760ms] GC(377) Using 10 workers of 10 for evacuation
[2023-12-20T08:18:13.345-0800][53643790ms] GC(377)   Pre Evacuate Collection Set: 0.1ms
[2023-12-20T08:18:13.345-0800][53643790ms] GC(377)   Evacuate Collection Set: 27.3ms
[2023-12-20T08:18:13.345-0800][53643790ms] GC(377)   Post Evacuate Collection Set: 2.8ms
[2023-12-20T08:18:13.345-0800][53643790ms] GC(377)   Other: 0.5ms
[2023-12-20T08:18:13.345-0800][53643790ms] GC(377) Eden regions: 685->0(685)
[2023-12-20T08:18:13.345-0800][53643790ms] GC(377) Survivor regions: 30->30(90)
[2023-12-20T08:18:13.345-0800][53643790ms] GC(377) Old regions: 154->154
[2023-12-20T08:18:13.345-0800][53643790ms] GC(377) Humongous regions: 5->5
[2023-12-20T08:18:13.345-0800][53643790ms] GC(377) Metaspace: 254262K->254262K(1292288K)
[2023-12-20T08:18:13.345-0800][53643790ms] GC(377) Pause Young (Normal) (G1 Evacuation Pause) 1746M->375M(2386M) 30.884ms
[2023-12-20T08:18:13.345-0800][53643790ms] GC(377) User=0.13s Sys=0.00s Real=0.03s
[2023-12-20T08:18:14.132-0800][53644577ms] GC(378) Pause Young (Normal) (G1 Evacuation Pause)
[2023-12-20T08:18:14.132-0800][53644577ms] GC(378) Using 10 workers of 10 for evacuation
[2023-12-20T08:18:14.161-0800][53644606ms] GC(378)   Pre Evacuate Collection Set: 0.0ms
[2023-12-20T08:18:14.161-0800][53644606ms] GC(378)   Evacuate Collection Set: 27.0ms
[2023-12-20T08:18:14.161-0800][53644606ms] GC(378)   Post Evacuate Collection Set: 2.5ms
[2023-12-20T08:18:14.161-0800][53644606ms] GC(378)   Other: 0.4ms
[2023-12-20T08:18:14.161-0800][53644606ms] GC(378) Eden regions: 685->0(684)
[2023-12-20T08:18:14.161-0800][53644606ms] GC(378) Survivor regions: 30->31(90)
[2023-12-20T08:18:14.161-0800][53644606ms] GC(378) Old regions: 154->154
[2023-12-20T08:18:14.161-0800][53644606ms] GC(378) Humongous regions: 5->5
[2023-12-20T08:18:14.161-0800][53644606ms] GC(378) Metaspace: 254334K->254334K(1292288K)
[2023-12-20T08:18:14.161-0800][53644606ms] GC(378) Pause Young (Normal) (G1 Evacuation Pause) 1745M->377M(2386M) 30.029ms
[2023-12-20T08:18:14.161-0800][53644606ms] GC(378) User=0.03s Sys=0.02s Real=0.03s
[2023-12-20T08:18:14.735-0800][53645180ms] GC(379) Pause Young (Normal) (G1 Evacuation Pause)
[2023-12-20T08:18:14.735-0800][53645180ms] GC(379) Using 10 workers of 10 for evacuation
[2023-12-20T08:18:14.764-0800][53645209ms] GC(379)   Pre Evacuate Collection Set: 0.1ms
[2023-12-20T08:18:14.764-0800][53645209ms] GC(379)   Evacuate Collection Set: 25.0ms
[2023-12-20T08:18:14.764-0800][53645209ms] GC(379)   Post Evacuate Collection Set: 2.5ms
[2023-12-20T08:18:14.764-0800][53645209ms] GC(379)   Other: 0.4ms
[2023-12-20T08:18:14.764-0800][53645209ms] GC(379) Eden regions: 684->0(685)
[2023-12-20T08:18:14.764-0800][53645209ms] GC(379) Survivor regions: 31->30(90)
[2023-12-20T08:18:14.764-0800][53645209ms] GC(379) Old regions: 154->154
[2023-12-20T08:18:14.764-0800][53645209ms] GC(379) Humongous regions: 5->5
[2023-12-20T08:18:14.764-0800][53645209ms] GC(379) Metaspace: 254367K->254367K(1292288K)
[2023-12-20T08:18:14.764-0800][53645209ms] GC(379) Pause Young (Normal) (G1 Evacuation Pause) 1745M->376M(2386M) 28.078ms
[2023-12-20T08:18:14.764-0800][53645209ms] GC(379) User=0.08s Sys=0.00s Real=0.03s
[2023-12-20T08:18:15.331-0800][53645776ms] GC(380) Pause Young (Normal) (G1 Evacuation Pause)
[2023-12-20T08:18:15.331-0800][53645776ms] GC(380) Using 10 workers of 10 for evacuation
[2023-12-20T08:18:15.359-0800][53645804ms] GC(380)   Pre Evacuate Collection Set: 0.0ms
[2023-12-20T08:18:15.359-0800][53645804ms] GC(380)   Evacuate Collection Set: 25.3ms
[2023-12-20T08:18:15.359-0800][53645804ms] GC(380)   Post Evacuate Collection Set: 2.5ms
[2023-12-20T08:18:15.359-0800][53645804ms] GC(380)   Other: 0.4ms
[2023-12-20T08:18:15.359-0800][53645804ms] GC(380) Eden regions: 685->0(685)
[2023-12-20T08:18:15.359-0800][53645804ms] GC(380) Survivor regions: 30->30(90)
[2023-12-20T08:18:15.359-0800][53645804ms] GC(380) Old regions: 154->154
[2023-12-20T08:18:15.359-0800][53645804ms] GC(380) Humongous regions: 5->5
[2023-12-20T08:18:15.359-0800][53645804ms] GC(380) Metaspace: 254367K->254367K(1292288K)
[2023-12-20T08:18:15.359-0800][53645804ms] GC(380) Pause Young (Normal) (G1 Evacuation Pause) 1746M->376M(2386M) 28.413ms
[2023-12-20T08:18:15.359-0800][53645804ms] GC(380) User=0.06s Sys=0.00s Real=0.03s
[2023-12-20T08:18:16.179-0800][53646624ms] GC(381) Pause Young (Normal) (G1 Evacuation Pause)
[2023-12-20T08:18:16.179-0800][53646624ms] GC(381) Using 10 workers of 10 for evacuation
[2023-12-20T08:18:16.207-0800][53646652ms] GC(381)   Pre Evacuate Collection Set: 0.0ms
[2023-12-20T08:18:16.207-0800][53646652ms] GC(381)   Evacuate Collection Set: 25.8ms
[2023-12-20T08:18:16.207-0800][53646652ms] GC(381)   Post Evacuate Collection Set: 2.5ms
[2023-12-20T08:18:16.207-0800][53646652ms] GC(381)   Other: 0.4ms
[2023-12-20T08:18:16.207-0800][53646652ms] GC(381) Eden regions: 685->0(684)
[2023-12-20T08:18:16.207-0800][53646652ms] GC(381) Survivor regions: 30->31(90)
[2023-12-20T08:18:16.207-0800][53646652ms] GC(381) Old regions: 154->154
[2023-12-20T08:18:16.207-0800][53646652ms] GC(381) Humongous regions: 5->5
[2023-12-20T08:18:16.207-0800][53646652ms] GC(381) Metaspace: 254367K->254367K(1292288K)
[2023-12-20T08:18:16.207-0800][53646652ms] GC(381) Pause Young (Normal) (G1 Evacuation Pause) 1746M->377M(2386M) 28.792ms
[2023-12-20T08:18:16.208-0800][53646653ms] GC(381) User=0.05s Sys=0.00s Real=0.03s
[2023-12-20T08:18:17.122-0800][53647567ms] GC(382) Pause Young (Normal) (G1 Evacuation Pause)
[2023-12-20T08:18:17.122-0800][53647567ms] GC(382) Using 10 workers of 10 for evacuation
[2023-12-20T08:18:17.152-0800][53647597ms] GC(382)   Pre Evacuate Collection Set: 0.0ms
[2023-12-20T08:18:17.152-0800][53647597ms] GC(382)   Evacuate Collection Set: 26.4ms
[2023-12-20T08:18:17.152-0800][53647597ms] GC(382)   Post Evacuate Collection Set: 3.0ms
[2023-12-20T08:18:17.152-0800][53647597ms] GC(382)   Other: 0.4ms
[2023-12-20T08:18:17.152-0800][53647597ms] GC(382) Eden regions: 684->0(685)
[2023-12-20T08:18:17.152-0800][53647597ms] GC(382) Survivor regions: 31->30(90)
[2023-12-20T08:18:17.152-0800][53647597ms] GC(382) Old regions: 154->154
[2023-12-20T08:18:17.152-0800][53647597ms] GC(382) Humongous regions: 5->5
[2023-12-20T08:18:17.152-0800][53647597ms] GC(382) Metaspace: 254367K->254367K(1292288K)
[2023-12-20T08:18:17.152-0800][53647597ms] GC(382) Pause Young (Normal) (G1 Evacuation Pause) 1745M->376M(2386M) 29.837ms
[2023-12-20T08:18:17.152-0800][53647597ms] GC(382) User=0.03s Sys=0.00s Real=0.03s
[2023-12-20T08:18:17.833-0800][53648278ms] GC(383) Pause Young (Normal) (G1 Evacuation Pause)
[2023-12-20T08:18:17.833-0800][53648278ms] GC(383) Using 10 workers of 10 for evacuation
[2023-12-20T08:18:17.862-0800][53648307ms] GC(383)   Pre Evacuate Collection Set: 0.0ms
[2023-12-20T08:18:17.862-0800][53648307ms] GC(383)   Evacuate Collection Set: 25.9ms
[2023-12-20T08:18:17.862-0800][53648307ms] GC(383)   Post Evacuate Collection Set: 2.4ms
[2023-12-20T08:18:17.862-0800][53648307ms] GC(383)   Other: 0.4ms
[2023-12-20T08:18:17.862-0800][53648307ms] GC(383) Eden regions: 685->0(685)
[2023-12-20T08:18:17.862-0800][53648307ms] GC(383) Survivor regions: 30->30(90)
[2023-12-20T08:18:17.862-0800][53648307ms] GC(383) Old regions: 154->154
[2023-12-20T08:18:17.862-0800][53648307ms] GC(383) Humongous regions: 5->5
[2023-12-20T08:18:17.862-0800][53648307ms] GC(383) Metaspace: 254367K->254367K(1292288K)
[2023-12-20T08:18:17.862-0800][53648307ms] GC(383) Pause Young (Normal) (G1 Evacuation Pause) 1746M->376M(2386M) 28.908ms
[2023-12-20T08:18:17.862-0800][53648307ms] GC(383) User=0.08s Sys=0.00s Real=0.03s
[2023-12-20T08:18:18.618-0800][53649063ms] GC(384) Pause Young (Normal) (G1 Evacuation Pause)
[2023-12-20T08:18:18.618-0800][53649063ms] GC(384) Using 10 workers of 10 for evacuation
[2023-12-20T08:18:18.646-0800][53649091ms] GC(384)   Pre Evacuate Collection Set: 0.0ms
[2023-12-20T08:18:18.646-0800][53649091ms] GC(384)   Evacuate Collection Set: 26.2ms
[2023-12-20T08:18:18.646-0800][53649091ms] GC(384)   Post Evacuate Collection Set: 2.4ms
[2023-12-20T08:18:18.646-0800][53649091ms] GC(384)   Other: 0.4ms
[2023-12-20T08:18:18.646-0800][53649091ms] GC(384) Eden regions: 685->0(684)
[2023-12-20T08:18:18.646-0800][53649091ms] GC(384) Survivor regions: 30->31(90)
[2023-12-20T08:18:18.646-0800][53649091ms] GC(384) Old regions: 154->154
[2023-12-20T08:18:18.646-0800][53649091ms] GC(384) Humongous regions: 5->5
[2023-12-20T08:18:18.646-0800][53649091ms] GC(384) Metaspace: 254367K->254367K(1292288K)
[2023-12-20T08:18:18.646-0800][53649091ms] GC(384) Pause Young (Normal) (G1 Evacuation Pause) 1746M->377M(2386M) 29.105ms
[2023-12-20T08:18:18.646-0800][53649091ms] GC(384) User=0.05s Sys=0.02s Real=0.03s
[2023-12-20T08:18:19.476-0800][53649921ms] GC(385) Pause Young (Normal) (G1 Evacuation Pause)
[2023-12-20T08:18:19.476-0800][53649921ms] GC(385) Using 10 workers of 10 for evacuation
[2023-12-20T08:18:19.505-0800][53649950ms] GC(385)   Pre Evacuate Collection Set: 0.0ms
[2023-12-20T08:18:19.506-0800][53649951ms] GC(385)   Evacuate Collection Set: 26.4ms
[2023-12-20T08:18:19.506-0800][53649951ms] GC(385)   Post Evacuate Collection Set: 2.8ms
[2023-12-20T08:18:19.506-0800][53649951ms] GC(385)   Other: 0.4ms
[2023-12-20T08:18:19.506-0800][53649951ms] GC(385) Eden regions: 684->0(685)
[2023-12-20T08:18:19.506-0800][53649951ms] GC(385) Survivor regions: 31->30(90)
[2023-12-20T08:18:19.506-0800][53649951ms] GC(385) Old regions: 154->154
[2023-12-20T08:18:19.506-0800][53649951ms] GC(385) Humongous regions: 5->5
[2023-12-20T08:18:19.506-0800][53649951ms] GC(385) Metaspace: 254367K->254367K(1292288K)
[2023-12-20T08:18:19.506-0800][53649951ms] GC(385) Pause Young (Normal) (G1 Evacuation Pause) 1745M->376M(2386M) 29.685ms
[2023-12-20T08:18:19.506-0800][53649951ms] GC(385) User=0.11s Sys=0.00s Real=0.03s
[2023-12-20T08:18:20.289-0800][53650734ms] GC(386) Pause Young (Normal) (G1 Evacuation Pause)
[2023-12-20T08:18:20.289-0800][53650734ms] GC(386) Using 10 workers of 10 for evacuation
[2023-12-20T08:18:20.318-0800][53650763ms] GC(386)   Pre Evacuate Collection Set: 0.0ms
[2023-12-20T08:18:20.318-0800][53650763ms] GC(386)   Evacuate Collection Set: 27.1ms
[2023-12-20T08:18:20.318-0800][53650763ms] GC(386)   Post Evacuate Collection Set: 3.0ms
[2023-12-20T08:18:20.318-0800][53650763ms] GC(386)   Other: 0.4ms
[2023-12-20T08:18:20.318-0800][53650763ms] GC(386) Eden regions: 685->0(685)
[2023-12-20T08:18:20.318-0800][53650763ms] GC(386) Survivor regions: 30->30(90)
[2023-12-20T08:18:20.318-0800][53650763ms] GC(386) Old regions: 154->154
[2023-12-20T08:18:20.318-0800][53650763ms] GC(386) Humongous regions: 5->5
[2023-12-20T08:18:20.318-0800][53650763ms] GC(386) Metaspace: 254367K->254367K(1292288K)
[2023-12-20T08:18:20.318-0800][53650763ms] GC(386) Pause Young (Normal) (G1 Evacuation Pause) 1746M->376M(2386M) 30.674ms
[2023-12-20T08:18:20.318-0800][53650763ms] GC(386) User=0.09s Sys=0.00s Real=0.03s
[2023-12-20T08:18:21.253-0800][53651698ms] GC(387) Pause Young (Normal) (G1 Evacuation Pause)
[2023-12-20T08:18:21.253-0800][53651698ms] GC(387) Using 10 workers of 10 for evacuation
[2023-12-20T08:18:21.282-0800][53651727ms] GC(387)   Pre Evacuate Collection Set: 0.1ms
[2023-12-20T08:18:21.282-0800][53651727ms] GC(387)   Evacuate Collection Set: 27.4ms
[2023-12-20T08:18:21.282-0800][53651727ms] GC(387)   Post Evacuate Collection Set: 2.2ms
[2023-12-20T08:18:21.282-0800][53651727ms] GC(387)   Other: 0.5ms
[2023-12-20T08:18:21.282-0800][53651727ms] GC(387) Eden regions: 685->0(685)
[2023-12-20T08:18:21.282-0800][53651727ms] GC(387) Survivor regions: 30->30(90)
[2023-12-20T08:18:21.282-0800][53651727ms] GC(387) Old regions: 154->154
[2023-12-20T08:18:21.282-0800][53651727ms] GC(387) Humongous regions: 5->5
[2023-12-20T08:18:21.282-0800][53651727ms] GC(387) Metaspace: 254367K->254367K(1292288K)
[2023-12-20T08:18:21.284-0800][53651729ms] GC(387) Pause Young (Normal) (G1 Evacuation Pause) 1746M->376M(2386M) 30.393ms
[2023-12-20T08:18:21.284-0800][53651729ms] GC(387) User=0.08s Sys=0.00s Real=0.03s
[2023-12-20T08:18:22.039-0800][53652484ms] GC(388) Pause Young (Normal) (G1 Evacuation Pause)
[2023-12-20T08:18:22.039-0800][53652484ms] GC(388) Using 10 workers of 10 for evacuation
[2023-12-20T08:18:22.068-0800][53652513ms] GC(388)   Pre Evacuate Collection Set: 0.0ms
[2023-12-20T08:18:22.069-0800][53652514ms] GC(388)   Evacuate Collection Set: 26.6ms
[2023-12-20T08:18:22.069-0800][53652514ms] GC(388)   Post Evacuate Collection Set: 2.7ms
[2023-12-20T08:18:22.069-0800][53652514ms] GC(388)   Other: 0.4ms
[2023-12-20T08:18:22.069-0800][53652514ms] GC(388) Eden regions: 685->0(684)
[2023-12-20T08:18:22.069-0800][53652514ms] GC(388) Survivor regions: 30->31(90)
[2023-12-20T08:18:22.069-0800][53652514ms] GC(388) Old regions: 154->154
[2023-12-20T08:18:22.069-0800][53652514ms] GC(388) Humongous regions: 5->5
[2023-12-20T08:18:22.069-0800][53652514ms] GC(388) Metaspace: 254367K->254367K(1292288K)
[2023-12-20T08:18:22.069-0800][53652514ms] GC(388) Pause Young (Normal) (G1 Evacuation Pause) 1746M->377M(2386M) 29.902ms
[2023-12-20T08:18:22.069-0800][53652514ms] GC(388) User=0.05s Sys=0.00s Real=0.03s
[2023-12-20T08:18:22.827-0800][53653272ms] GC(389) Pause Young (Normal) (G1 Evacuation Pause)
[2023-12-20T08:18:22.827-0800][53653272ms] GC(389) Using 10 workers of 10 for evacuation
[2023-12-20T08:18:22.855-0800][53653300ms] GC(389)   Pre Evacuate Collection Set: 0.0ms
[2023-12-20T08:18:22.855-0800][53653300ms] GC(389)   Evacuate Collection Set: 25.8ms
[2023-12-20T08:18:22.855-0800][53653300ms] GC(389)   Post Evacuate Collection Set: 2.5ms
[2023-12-20T08:18:22.855-0800][53653300ms] GC(389)   Other: 0.4ms
[2023-12-20T08:18:22.855-0800][53653300ms] GC(389) Eden regions: 684->0(684)
[2023-12-20T08:18:22.855-0800][53653300ms] GC(389) Survivor regions: 31->31(90)
[2023-12-20T08:18:22.855-0800][53653300ms] GC(389) Old regions: 154->154
[2023-12-20T08:18:22.855-0800][53653300ms] GC(389) Humongous regions: 5->5
[2023-12-20T08:18:22.855-0800][53653300ms] GC(389) Metaspace: 254367K->254367K(1292288K)
[2023-12-20T08:18:22.855-0800][53653300ms] GC(389) Pause Young (Normal) (G1 Evacuation Pause) 1745M->377M(2386M) 28.777ms
[2023-12-20T08:18:22.855-0800][53653300ms] GC(389) User=0.08s Sys=0.00s Real=0.03s
[2023-12-20T08:18:23.533-0800][53653978ms] GC(390) Pause Young (Normal) (G1 Evacuation Pause)
[2023-12-20T08:18:23.533-0800][53653978ms] GC(390) Using 10 workers of 10 for evacuation
[2023-12-20T08:18:23.562-0800][53654007ms] GC(390)   Pre Evacuate Collection Set: 0.0ms
[2023-12-20T08:18:23.562-0800][53654007ms] GC(390)   Evacuate Collection Set: 26.1ms
[2023-12-20T08:18:23.562-0800][53654007ms] GC(390)   Post Evacuate Collection Set: 2.4ms
[2023-12-20T08:18:23.562-0800][53654007ms] GC(390)   Other: 0.4ms
[2023-12-20T08:18:23.562-0800][53654007ms] GC(390) Eden regions: 684->0(684)
[2023-12-20T08:18:23.562-0800][53654007ms] GC(390) Survivor regions: 31->31(90)
[2023-12-20T08:18:23.562-0800][53654007ms] GC(390) Old regions: 154->154
[2023-12-20T08:18:23.562-0800][53654007ms] GC(390) Humongous regions: 5->5
[2023-12-20T08:18:23.562-0800][53654007ms] GC(390) Metaspace: 254367K->254367K(1292288K)
[2023-12-20T08:18:23.562-0800][53654007ms] GC(390) Pause Young (Normal) (G1 Evacuation Pause) 1745M->377M(2386M) 28.955ms
[2023-12-20T08:18:23.562-0800][53654007ms] GC(390) User=0.09s Sys=0.00s Real=0.03s
[2023-12-20T08:18:24.352-0800][53654797ms] GC(391) Pause Young (Normal) (G1 Evacuation Pause)
[2023-12-20T08:18:24.352-0800][53654797ms] GC(391) Using 10 workers of 10 for evacuation
[2023-12-20T08:18:24.381-0800][53654826ms] GC(391)   Pre Evacuate Collection Set: 0.0ms
[2023-12-20T08:18:24.381-0800][53654826ms] GC(391)   Evacuate Collection Set: 26.1ms
[2023-12-20T08:18:24.381-0800][53654826ms] GC(391)   Post Evacuate Collection Set: 2.4ms
[2023-12-20T08:18:24.381-0800][53654826ms] GC(391)   Other: 0.4ms
[2023-12-20T08:18:24.381-0800][53654826ms] GC(391) Eden regions: 684->0(685)
[2023-12-20T08:18:24.381-0800][53654826ms] GC(391) Survivor regions: 31->30(90)
[2023-12-20T08:18:24.381-0800][53654826ms] GC(391) Old regions: 154->154
[2023-12-20T08:18:24.381-0800][53654826ms] GC(391) Humongous regions: 5->5
[2023-12-20T08:18:24.381-0800][53654826ms] GC(391) Metaspace: 254367K->254367K(1292288K)
[2023-12-20T08:18:24.381-0800][53654826ms] GC(391) Pause Young (Normal) (G1 Evacuation Pause) 1745M->376M(2386M) 29.046ms
[2023-12-20T08:18:24.381-0800][53654826ms] GC(391) User=0.09s Sys=0.00s Real=0.03s
[2023-12-20T08:18:25.286-0800][53655731ms] GC(392) Pause Young (Normal) (G1 Evacuation Pause)
[2023-12-20T08:18:25.286-0800][53655731ms] GC(392) Using 10 workers of 10 for evacuation
[2023-12-20T08:18:25.322-0800][53655767ms] GC(392)   Pre Evacuate Collection Set: 0.0ms
[2023-12-20T08:18:25.322-0800][53655767ms] GC(392)   Evacuate Collection Set: 30.3ms
[2023-12-20T08:18:25.322-0800][53655767ms] GC(392)   Post Evacuate Collection Set: 3.2ms
[2023-12-20T08:18:25.322-0800][53655767ms] GC(392)   Other: 0.4ms
[2023-12-20T08:18:25.322-0800][53655767ms] GC(392) Eden regions: 685->0(684)
[2023-12-20T08:18:25.322-0800][53655767ms] GC(392) Survivor regions: 30->31(90)
[2023-12-20T08:18:25.324-0800][53655769ms] GC(392) Old regions: 154->154
[2023-12-20T08:18:25.324-0800][53655769ms] GC(392) Humongous regions: 5->5
[2023-12-20T08:18:25.324-0800][53655769ms] GC(392) Metaspace: 254388K->254388K(1292288K)
[2023-12-20T08:18:25.324-0800][53655769ms] GC(392) Pause Young (Normal) (G1 Evacuation Pause) 1746M->377M(2386M) 34.152ms
[2023-12-20T08:18:25.324-0800][53655769ms] GC(392) User=0.08s Sys=0.00s Real=0.04s
[2023-12-20T08:18:26.232-0800][53656677ms] GC(393) Pause Young (Normal) (G1 Evacuation Pause)
[2023-12-20T08:18:26.232-0800][53656677ms] GC(393) Using 10 workers of 10 for evacuation
[2023-12-20T08:18:26.265-0800][53656710ms] GC(393)   Pre Evacuate Collection Set: 0.1ms
[2023-12-20T08:18:26.265-0800][53656710ms] GC(393)   Evacuate Collection Set: 29.7ms
[2023-12-20T08:18:26.265-0800][53656710ms] GC(393)   Post Evacuate Collection Set: 3.2ms
[2023-12-20T08:18:26.265-0800][53656710ms] GC(393)   Other: 0.4ms
[2023-12-20T08:18:26.265-0800][53656710ms] GC(393) Eden regions: 684->0(684)
[2023-12-20T08:18:26.265-0800][53656710ms] GC(393) Survivor regions: 31->31(90)
[2023-12-20T08:18:26.265-0800][53656710ms] GC(393) Old regions: 154->154
[2023-12-20T08:18:26.265-0800][53656710ms] GC(393) Humongous regions: 5->5
[2023-12-20T08:18:26.265-0800][53656710ms] GC(393) Metaspace: 254438K->254438K(1292288K)
[2023-12-20T08:18:26.265-0800][53656710ms] GC(393) Pause Young (Normal) (G1 Evacuation Pause) 1745M->379M(2386M) 33.445ms
[2023-12-20T08:18:26.265-0800][53656710ms] GC(393) User=0.13s Sys=0.00s Real=0.03s
[2023-12-20T08:18:27.132-0800][53657577ms] GC(394) Pause Young (Normal) (G1 Evacuation Pause)
[2023-12-20T08:18:27.132-0800][53657577ms] GC(394) Using 10 workers of 10 for evacuation
[2023-12-20T08:18:27.162-0800][53657607ms] GC(394)   Pre Evacuate Collection Set: 0.0ms
[2023-12-20T08:18:27.162-0800][53657607ms] GC(394)   Evacuate Collection Set: 28.0ms
[2023-12-20T08:18:27.162-0800][53657607ms] GC(394)   Post Evacuate Collection Set: 2.5ms
[2023-12-20T08:18:27.162-0800][53657607ms] GC(394)   Other: 0.4ms
[2023-12-20T08:18:27.162-0800][53657607ms] GC(394) Eden regions: 684->0(684)
[2023-12-20T08:18:27.162-0800][53657607ms] GC(394) Survivor regions: 31->31(90)
[2023-12-20T08:18:27.162-0800][53657607ms] GC(394) Old regions: 154->154
[2023-12-20T08:18:27.162-0800][53657607ms] GC(394) Humongous regions: 5->5
[2023-12-20T08:18:27.162-0800][53657607ms] GC(394) Metaspace: 254723K->254723K(1292288K)
[2023-12-20T08:18:27.162-0800][53657607ms] GC(394) Pause Young (Normal) (G1 Evacuation Pause) 1747M->378M(2386M) 31.048ms
[2023-12-20T08:18:27.162-0800][53657607ms] GC(394) User=0.03s Sys=0.00s Real=0.03s
[2023-12-20T08:18:28.001-0800][53658446ms] GC(395) Pause Young (Normal) (G1 Evacuation Pause)
[2023-12-20T08:18:28.001-0800][53658446ms] GC(395) Using 10 workers of 10 for evacuation
[2023-12-20T08:18:28.032-0800][53658477ms] GC(395)   Pre Evacuate Collection Set: 0.0ms
[2023-12-20T08:18:28.032-0800][53658477ms] GC(395)   Evacuate Collection Set: 28.5ms
[2023-12-20T08:18:28.032-0800][53658477ms] GC(395)   Post Evacuate Collection Set: 2.5ms
[2023-12-20T08:18:28.032-0800][53658477ms] GC(395)   Other: 0.4ms
[2023-12-20T08:18:28.032-0800][53658477ms] GC(395) Eden regions: 684->0(684)
[2023-12-20T08:18:28.032-0800][53658477ms] GC(395) Survivor regions: 31->31(90)
[2023-12-20T08:18:28.032-0800][53658477ms] GC(395) Old regions: 154->154
[2023-12-20T08:18:28.032-0800][53658477ms] GC(395) Humongous regions: 5->5
[2023-12-20T08:18:28.032-0800][53658477ms] GC(395) Metaspace: 254723K->254723K(1292288K)
[2023-12-20T08:18:28.032-0800][53658477ms] GC(395) Pause Young (Normal) (G1 Evacuation Pause) 1746M->379M(2386M) 31.575ms
[2023-12-20T08:18:28.032-0800][53658477ms] GC(395) User=0.08s Sys=0.00s Real=0.03s
[2023-12-20T08:18:28.898-0800][53659343ms] GC(396) Pause Young (Normal) (GCLocker Initiated GC)
[2023-12-20T08:18:28.898-0800][53659343ms] GC(396) Using 10 workers of 10 for evacuation
[2023-12-20T08:18:28.929-0800][53659374ms] GC(396)   Pre Evacuate Collection Set: 0.0ms
[2023-12-20T08:18:28.929-0800][53659374ms] GC(396)   Evacuate Collection Set: 27.7ms
[2023-12-20T08:18:28.929-0800][53659374ms] GC(396)   Post Evacuate Collection Set: 2.5ms
[2023-12-20T08:18:28.929-0800][53659374ms] GC(396)   Other: 0.4ms
[2023-12-20T08:18:28.929-0800][53659374ms] GC(396) Eden regions: 685->0(685)
[2023-12-20T08:18:28.929-0800][53659374ms] GC(396) Survivor regions: 31->30(90)
[2023-12-20T08:18:28.929-0800][53659374ms] GC(396) Old regions: 154->154
[2023-12-20T08:18:28.929-0800][53659374ms] GC(396) Humongous regions: 5->5
[2023-12-20T08:18:28.929-0800][53659374ms] GC(396) Metaspace: 254723K->254723K(1292288K)
[2023-12-20T08:18:28.929-0800][53659374ms] GC(396) Pause Young (Normal) (GCLocker Initiated GC) 1748M->377M(2386M) 30.673ms
[2023-12-20T08:18:28.929-0800][53659374ms] GC(396) User=0.06s Sys=0.00s Real=0.03s
[2023-12-20T08:18:29.818-0800][53660263ms] GC(397) Pause Young (Normal) (G1 Evacuation Pause)
[2023-12-20T08:18:29.818-0800][53660263ms] GC(397) Using 10 workers of 10 for evacuation
[2023-12-20T08:18:29.854-0800][53660299ms] GC(397)   Pre Evacuate Collection Set: 0.1ms
[2023-12-20T08:18:29.854-0800][53660299ms] GC(397)   Evacuate Collection Set: 33.7ms
[2023-12-20T08:18:29.856-0800][53660301ms] GC(397)   Post Evacuate Collection Set: 3.9ms
[2023-12-20T08:18:29.856-0800][53660301ms] GC(397)   Other: 0.5ms
[2023-12-20T08:18:29.856-0800][53660301ms] GC(397) Eden regions: 685->0(685)
[2023-12-20T08:18:29.856-0800][53660301ms] GC(397) Survivor regions: 30->30(90)
[2023-12-20T08:18:29.856-0800][53660301ms] GC(397) Old regions: 154->154
[2023-12-20T08:18:29.856-0800][53660301ms] GC(397) Humongous regions: 5->5
[2023-12-20T08:18:29.856-0800][53660301ms] GC(397) Metaspace: 254723K->254723K(1292288K)
[2023-12-20T08:18:29.856-0800][53660301ms] GC(397) Pause Young (Normal) (G1 Evacuation Pause) 1747M->377M(2386M) 38.326ms
[2023-12-20T08:18:29.856-0800][53660301ms] GC(397) User=0.16s Sys=0.02s Real=0.04s
[2023-12-20T08:18:30.893-0800][53661338ms] GC(398) Pause Young (Normal) (GCLocker Initiated GC)
[2023-12-20T08:18:30.893-0800][53661338ms] GC(398) Using 10 workers of 10 for evacuation
[2023-12-20T08:18:30.923-0800][53661368ms] GC(398)   Pre Evacuate Collection Set: 0.0ms
[2023-12-20T08:18:30.923-0800][53661368ms] GC(398)   Evacuate Collection Set: 27.3ms
[2023-12-20T08:18:30.923-0800][53661368ms] GC(398)   Post Evacuate Collection Set: 2.6ms
[2023-12-20T08:18:30.923-0800][53661368ms] GC(398)   Other: 0.4ms
[2023-12-20T08:18:30.923-0800][53661368ms] GC(398) Eden regions: 686->0(685)
[2023-12-20T08:18:30.923-0800][53661368ms] GC(398) Survivor regions: 30->30(90)
[2023-12-20T08:18:30.923-0800][53661368ms] GC(398) Old regions: 154->154
[2023-12-20T08:18:30.923-0800][53661368ms] GC(398) Humongous regions: 5->5
[2023-12-20T08:18:30.923-0800][53661368ms] GC(398) Metaspace: 254723K->254723K(1292288K)
[2023-12-20T08:18:30.923-0800][53661368ms] GC(398) Pause Young (Normal) (GCLocker Initiated GC) 1748M->377M(2386M) 30.376ms
[2023-12-20T08:18:30.923-0800][53661368ms] GC(398) User=0.05s Sys=0.00s Real=0.03s
[2023-12-20T08:18:31.832-0800][53662277ms] GC(399) Pause Young (Normal) (G1 Evacuation Pause)
[2023-12-20T08:18:31.832-0800][53662277ms] GC(399) Using 10 workers of 10 for evacuation
[2023-12-20T08:18:31.863-0800][53662308ms] GC(399)   Pre Evacuate Collection Set: 0.1ms
[2023-12-20T08:18:31.863-0800][53662308ms] GC(399)   Evacuate Collection Set: 27.2ms
[2023-12-20T08:18:31.863-0800][53662308ms] GC(399)   Post Evacuate Collection Set: 2.7ms
[2023-12-20T08:18:31.863-0800][53662308ms] GC(399)   Other: 0.4ms
[2023-12-20T08:18:31.863-0800][53662308ms] GC(399) Eden regions: 685->0(685)
[2023-12-20T08:18:31.863-0800][53662308ms] GC(399) Survivor regions: 30->30(90)
[2023-12-20T08:18:31.863-0800][53662308ms] GC(399) Old regions: 154->154
[2023-12-20T08:18:31.863-0800][53662308ms] GC(399) Humongous regions: 5->5
[2023-12-20T08:18:31.863-0800][53662308ms] GC(399) Metaspace: 254723K->254723K(1292288K)
[2023-12-20T08:18:31.863-0800][53662308ms] GC(399) Pause Young (Normal) (G1 Evacuation Pause) 1747M->376M(2386M) 30.531ms
[2023-12-20T08:18:31.863-0800][53662308ms] GC(399) User=0.06s Sys=0.00s Real=0.03s
[2023-12-20T08:18:32.620-0800][53663065ms] GC(400) Pause Young (Normal) (G1 Evacuation Pause)
[2023-12-20T08:18:32.620-0800][53663065ms] GC(400) Using 10 workers of 10 for evacuation
[2023-12-20T08:18:32.651-0800][53663096ms] GC(400)   Pre Evacuate Collection Set: 0.0ms
[2023-12-20T08:18:32.651-0800][53663096ms] GC(400)   Evacuate Collection Set: 27.7ms
[2023-12-20T08:18:32.651-0800][53663096ms] GC(400)   Post Evacuate Collection Set: 2.2ms
[2023-12-20T08:18:32.651-0800][53663096ms] GC(400)   Other: 0.4ms
[2023-12-20T08:18:32.651-0800][53663096ms] GC(400) Eden regions: 685->0(684)
[2023-12-20T08:18:32.651-0800][53663096ms] GC(400) Survivor regions: 30->31(90)
[2023-12-20T08:18:32.651-0800][53663096ms] GC(400) Old regions: 154->154
[2023-12-20T08:18:32.651-0800][53663096ms] GC(400) Humongous regions: 5->5
[2023-12-20T08:18:32.651-0800][53663096ms] GC(400) Metaspace: 254723K->254723K(1292288K)
[2023-12-20T08:18:32.651-0800][53663096ms] GC(400) Pause Young (Normal) (G1 Evacuation Pause) 1746M->378M(2386M) 30.473ms
[2023-12-20T08:18:32.651-0800][53663096ms] GC(400) User=0.06s Sys=0.00s Real=0.03s
[2023-12-20T08:18:33.505-0800][53663950ms] GC(401) Pause Young (Normal) (G1 Evacuation Pause)
[2023-12-20T08:18:33.505-0800][53663950ms] GC(401) Using 10 workers of 10 for evacuation
[2023-12-20T08:18:33.536-0800][53663981ms] GC(401)   Pre Evacuate Collection Set: 0.1ms
[2023-12-20T08:18:33.536-0800][53663981ms] GC(401)   Evacuate Collection Set: 28.1ms
[2023-12-20T08:18:33.536-0800][53663981ms] GC(401)   Post Evacuate Collection Set: 2.7ms
[2023-12-20T08:18:33.536-0800][53663981ms] GC(401)   Other: 0.4ms
[2023-12-20T08:18:33.536-0800][53663981ms] GC(401) Eden regions: 684->0(684)
[2023-12-20T08:18:33.536-0800][53663981ms] GC(401) Survivor regions: 31->31(90)
[2023-12-20T08:18:33.536-0800][53663981ms] GC(401) Old regions: 154->154
[2023-12-20T08:18:33.536-0800][53663981ms] GC(401) Humongous regions: 5->5
[2023-12-20T08:18:33.536-0800][53663981ms] GC(401) Metaspace: 254730K->254730K(1292288K)
[2023-12-20T08:18:33.536-0800][53663981ms] GC(401) Pause Young (Normal) (G1 Evacuation Pause) 1746M->378M(2386M) 31.381ms
[2023-12-20T08:18:33.536-0800][53663981ms] GC(401) User=0.11s Sys=0.00s Real=0.03s
[2023-12-20T08:18:34.373-0800][53664818ms] GC(402) Pause Young (Normal) (G1 Evacuation Pause)
[2023-12-20T08:18:34.373-0800][53664818ms] GC(402) Using 10 workers of 10 for evacuation
[2023-12-20T08:18:34.403-0800][53664848ms] GC(402)   Pre Evacuate Collection Set: 0.1ms
[2023-12-20T08:18:34.403-0800][53664848ms] GC(402)   Evacuate Collection Set: 27.0ms
[2023-12-20T08:18:34.403-0800][53664848ms] GC(402)   Post Evacuate Collection Set: 2.3ms
[2023-12-20T08:18:34.403-0800][53664848ms] GC(402)   Other: 0.5ms
[2023-12-20T08:18:34.403-0800][53664848ms] GC(402) Eden regions: 684->0(685)
[2023-12-20T08:18:34.403-0800][53664848ms] GC(402) Survivor regions: 31->30(90)
[2023-12-20T08:18:34.403-0800][53664848ms] GC(402) Old regions: 154->154
[2023-12-20T08:18:34.403-0800][53664848ms] GC(402) Humongous regions: 5->5
[2023-12-20T08:18:34.403-0800][53664848ms] GC(402) Metaspace: 254734K->254734K(1292288K)
[2023-12-20T08:18:34.403-0800][53664848ms] GC(402) Pause Young (Normal) (G1 Evacuation Pause) 1746M->376M(2386M) 30.013ms
[2023-12-20T08:18:34.403-0800][53664848ms] GC(402) User=0.05s Sys=0.00s Real=0.03s
[2023-12-20T08:18:35.219-0800][53665664ms] GC(403) Pause Young (Normal) (G1 Evacuation Pause)
[2023-12-20T08:18:35.219-0800][53665664ms] GC(403) Using 10 workers of 10 for evacuation
[2023-12-20T08:18:35.253-0800][53665698ms] GC(403)   Pre Evacuate Collection Set: 0.1ms
[2023-12-20T08:18:35.253-0800][53665698ms] GC(403)   Evacuate Collection Set: 28.6ms
[2023-12-20T08:18:35.253-0800][53665698ms] GC(403)   Post Evacuate Collection Set: 4.4ms
[2023-12-20T08:18:35.253-0800][53665698ms] GC(403)   Other: 0.5ms
[2023-12-20T08:18:35.253-0800][53665698ms] GC(403) Eden regions: 685->0(684)
[2023-12-20T08:18:35.253-0800][53665698ms] GC(403) Survivor regions: 30->31(90)
[2023-12-20T08:18:35.253-0800][53665698ms] GC(403) Old regions: 154->154
[2023-12-20T08:18:35.253-0800][53665698ms] GC(403) Humongous regions: 5->5
[2023-12-20T08:18:35.253-0800][53665698ms] GC(403) Metaspace: 254734K->254734K(1292288K)
[2023-12-20T08:18:35.253-0800][53665698ms] GC(403) Pause Young (Normal) (G1 Evacuation Pause) 1746M->378M(2386M) 33.703ms
[2023-12-20T08:18:35.253-0800][53665698ms] GC(403) User=0.05s Sys=0.02s Real=0.03s
[2023-12-20T08:18:36.079-0800][53666524ms] GC(404) Pause Young (Normal) (G1 Evacuation Pause)
[2023-12-20T08:18:36.079-0800][53666524ms] GC(404) Using 10 workers of 10 for evacuation
[2023-12-20T08:18:36.111-0800][53666556ms] GC(404)   Pre Evacuate Collection Set: 0.0ms
[2023-12-20T08:18:36.111-0800][53666556ms] GC(404)   Evacuate Collection Set: 29.2ms
[2023-12-20T08:18:36.111-0800][53666556ms] GC(404)   Post Evacuate Collection Set: 2.8ms
[2023-12-20T08:18:36.111-0800][53666556ms] GC(404)   Other: 0.4ms
[2023-12-20T08:18:36.111-0800][53666556ms] GC(404) Eden regions: 684->0(685)
[2023-12-20T08:18:36.111-0800][53666556ms] GC(404) Survivor regions: 31->30(90)
[2023-12-20T08:18:36.111-0800][53666556ms] GC(404) Old regions: 154->154
[2023-12-20T08:18:36.111-0800][53666556ms] GC(404) Humongous regions: 5->5
[2023-12-20T08:18:36.111-0800][53666556ms] GC(404) Metaspace: 254734K->254734K(1292288K)
[2023-12-20T08:18:36.111-0800][53666556ms] GC(404) Pause Young (Normal) (G1 Evacuation Pause) 1746M->377M(2386M) 32.546ms
[2023-12-20T08:18:36.111-0800][53666556ms] GC(404) User=0.11s Sys=0.00s Real=0.03s
[2023-12-20T08:18:36.944-0800][53667389ms] GC(405) Pause Young (Normal) (G1 Evacuation Pause)
[2023-12-20T08:18:36.944-0800][53667389ms] GC(405) Using 10 workers of 10 for evacuation
[2023-12-20T08:18:36.977-0800][53667422ms] GC(405)   Pre Evacuate Collection Set: 0.0ms
[2023-12-20T08:18:36.977-0800][53667422ms] GC(405)   Evacuate Collection Set: 29.7ms
[2023-12-20T08:18:36.977-0800][53667422ms] GC(405)   Post Evacuate Collection Set: 4.0ms
[2023-12-20T08:18:36.977-0800][53667422ms] GC(405)   Other: 0.4ms
[2023-12-20T08:18:36.977-0800][53667422ms] GC(405) Eden regions: 685->0(685)
[2023-12-20T08:18:36.977-0800][53667422ms] GC(405) Survivor regions: 30->30(90)
[2023-12-20T08:18:36.977-0800][53667422ms] GC(405) Old regions: 154->154
[2023-12-20T08:18:36.977-0800][53667422ms] GC(405) Humongous regions: 5->5
[2023-12-20T08:18:36.977-0800][53667422ms] GC(405) Metaspace: 254734K->254734K(1292288K)
[2023-12-20T08:18:36.977-0800][53667422ms] GC(405) Pause Young (Normal) (G1 Evacuation Pause) 1747M->376M(2386M) 34.242ms
[2023-12-20T08:18:36.978-0800][53667423ms] GC(405) User=0.27s Sys=0.00s Real=0.03s
[2023-12-20T08:18:37.869-0800][53668314ms] GC(406) Pause Young (Normal) (G1 Evacuation Pause)
[2023-12-20T08:18:37.869-0800][53668314ms] GC(406) Using 10 workers of 10 for evacuation
[2023-12-20T08:18:37.900-0800][53668345ms] GC(406)   Pre Evacuate Collection Set: 0.0ms
[2023-12-20T08:18:37.900-0800][53668345ms] GC(406)   Evacuate Collection Set: 27.5ms
[2023-12-20T08:18:37.900-0800][53668345ms] GC(406)   Post Evacuate Collection Set: 2.4ms
[2023-12-20T08:18:37.900-0800][53668345ms] GC(406)   Other: 0.4ms
[2023-12-20T08:18:37.900-0800][53668345ms] GC(406) Eden regions: 685->0(685)
[2023-12-20T08:18:37.900-0800][53668345ms] GC(406) Survivor regions: 30->30(90)
[2023-12-20T08:18:37.900-0800][53668345ms] GC(406) Old regions: 154->154
[2023-12-20T08:18:37.900-0800][53668345ms] GC(406) Humongous regions: 5->5
[2023-12-20T08:18:37.900-0800][53668345ms] GC(406) Metaspace: 254734K->254734K(1292288K)
[2023-12-20T08:18:37.900-0800][53668345ms] GC(406) Pause Young (Normal) (G1 Evacuation Pause) 1746M->377M(2386M) 30.444ms
[2023-12-20T08:18:37.900-0800][53668345ms] GC(406) User=0.09s Sys=0.00s Real=0.03s
[2023-12-20T08:18:38.761-0800][53669206ms] GC(407) Pause Young (Normal) (G1 Evacuation Pause)
[2023-12-20T08:18:38.761-0800][53669206ms] GC(407) Using 10 workers of 10 for evacuation
[2023-12-20T08:18:38.793-0800][53669238ms] GC(407)   Pre Evacuate Collection Set: 0.1ms
[2023-12-20T08:18:38.793-0800][53669238ms] GC(407)   Evacuate Collection Set: 29.6ms
[2023-12-20T08:18:38.793-0800][53669238ms] GC(407)   Post Evacuate Collection Set: 3.6ms
[2023-12-20T08:18:38.793-0800][53669238ms] GC(407)   Other: 0.5ms
[2023-12-20T08:18:38.793-0800][53669238ms] GC(407) Eden regions: 685->0(685)
[2023-12-20T08:18:38.793-0800][53669238ms] GC(407) Survivor regions: 30->30(90)
[2023-12-20T08:18:38.793-0800][53669238ms] GC(407) Old regions: 154->155
[2023-12-20T08:18:38.793-0800][53669238ms] GC(407) Humongous regions: 5->5
[2023-12-20T08:18:38.793-0800][53669238ms] GC(407) Metaspace: 254734K->254734K(1292288K)
[2023-12-20T08:18:38.793-0800][53669238ms] GC(407) Pause Young (Normal) (G1 Evacuation Pause) 1747M->378M(2386M) 33.861ms
[2023-12-20T08:18:38.793-0800][53669238ms] GC(407) User=0.20s Sys=0.00s Real=0.03s
[2023-12-20T08:18:39.628-0800][53670073ms] GC(408) Pause Young (Normal) (G1 Evacuation Pause)
[2023-12-20T08:18:39.628-0800][53670073ms] GC(408) Using 10 workers of 10 for evacuation
[2023-12-20T08:18:39.658-0800][53670103ms] GC(408)   Pre Evacuate Collection Set: 0.1ms
[2023-12-20T08:18:39.658-0800][53670103ms] GC(408)   Evacuate Collection Set: 26.4ms
[2023-12-20T08:18:39.658-0800][53670103ms] GC(408)   Post Evacuate Collection Set: 2.6ms
[2023-12-20T08:18:39.658-0800][53670103ms] GC(408)   Other: 0.4ms
[2023-12-20T08:18:39.658-0800][53670103ms] GC(408) Eden regions: 685->0(685)
[2023-12-20T08:18:39.658-0800][53670103ms] GC(408) Survivor regions: 30->30(90)
[2023-12-20T08:18:39.658-0800][53670103ms] GC(408) Old regions: 155->155
[2023-12-20T08:18:39.658-0800][53670103ms] GC(408) Humongous regions: 5->5
[2023-12-20T08:18:39.658-0800][53670103ms] GC(408) Metaspace: 254734K->254734K(1292288K)
[2023-12-20T08:18:39.658-0800][53670103ms] GC(408) Pause Young (Normal) (G1 Evacuation Pause) 1748M->378M(2386M) 29.509ms
[2023-12-20T08:18:39.658-0800][53670103ms] GC(408) User=0.08s Sys=0.00s Real=0.03s
[2023-12-20T08:18:40.426-0800][53670871ms] GC(409) Pause Young (Normal) (G1 Evacuation Pause)
[2023-12-20T08:18:40.426-0800][53670871ms] GC(409) Using 10 workers of 10 for evacuation
[2023-12-20T08:18:40.459-0800][53670904ms] GC(409)   Pre Evacuate Collection Set: 0.0ms
[2023-12-20T08:18:40.459-0800][53670904ms] GC(409)   Evacuate Collection Set: 29.6ms
[2023-12-20T08:18:40.459-0800][53670904ms] GC(409)   Post Evacuate Collection Set: 2.5ms
[2023-12-20T08:18:40.459-0800][53670904ms] GC(409)   Other: 0.4ms
[2023-12-20T08:18:40.459-0800][53670904ms] GC(409) Eden regions: 685->0(686)
[2023-12-20T08:18:40.459-0800][53670904ms] GC(409) Survivor regions: 30->29(90)
[2023-12-20T08:18:40.459-0800][53670904ms] GC(409) Old regions: 155->155
[2023-12-20T08:18:40.459-0800][53670904ms] GC(409) Humongous regions: 5->5
[2023-12-20T08:18:40.459-0800][53670904ms] GC(409) Metaspace: 254734K->254734K(1292288K)
[2023-12-20T08:18:40.459-0800][53670904ms] GC(409) Pause Young (Normal) (G1 Evacuation Pause) 1748M->376M(2386M) 32.638ms
[2023-12-20T08:18:40.459-0800][53670904ms] GC(409) User=0.14s Sys=0.00s Real=0.03s
[2023-12-20T08:18:41.207-0800][53671652ms] GC(410) Pause Young (Normal) (G1 Evacuation Pause)
[2023-12-20T08:18:41.207-0800][53671652ms] GC(410) Using 10 workers of 10 for evacuation
[2023-12-20T08:18:41.237-0800][53671682ms] GC(410)   Pre Evacuate Collection Set: 0.0ms
[2023-12-20T08:18:41.237-0800][53671682ms] GC(410)   Evacuate Collection Set: 26.9ms
[2023-12-20T08:18:41.237-0800][53671682ms] GC(410)   Post Evacuate Collection Set: 2.4ms
[2023-12-20T08:18:41.237-0800][53671682ms] GC(410)   Other: 0.4ms
[2023-12-20T08:18:41.237-0800][53671682ms] GC(410) Eden regions: 686->0(686)
[2023-12-20T08:18:41.237-0800][53671682ms] GC(410) Survivor regions: 29->29(90)
[2023-12-20T08:18:41.237-0800][53671682ms] GC(410) Old regions: 155->155
[2023-12-20T08:18:41.237-0800][53671682ms] GC(410) Humongous regions: 5->5
[2023-12-20T08:18:41.237-0800][53671682ms] GC(410) Metaspace: 254743K->254743K(1292288K)
[2023-12-20T08:18:41.237-0800][53671682ms] GC(410) Pause Young (Normal) (G1 Evacuation Pause) 1748M->377M(2386M) 29.829ms
[2023-12-20T08:18:41.237-0800][53671682ms] GC(410) User=0.08s Sys=0.00s Real=0.03s
[2023-12-20T08:18:41.930-0800][53672375ms] GC(411) Pause Young (Normal) (G1 Evacuation Pause)
[2023-12-20T08:18:41.930-0800][53672375ms] GC(411) Using 10 workers of 10 for evacuation
[2023-12-20T08:18:41.957-0800][53672402ms] GC(411)   Pre Evacuate Collection Set: 0.0ms
[2023-12-20T08:18:41.957-0800][53672402ms] GC(411)   Evacuate Collection Set: 25.4ms
[2023-12-20T08:18:41.957-0800][53672402ms] GC(411)   Post Evacuate Collection Set: 2.3ms
[2023-12-20T08:18:41.957-0800][53672402ms] GC(411)   Other: 0.3ms
[2023-12-20T08:18:41.957-0800][53672402ms] GC(411) Eden regions: 686->0(685)
[2023-12-20T08:18:41.957-0800][53672402ms] GC(411) Survivor regions: 29->30(90)
[2023-12-20T08:18:41.957-0800][53672402ms] GC(411) Old regions: 155->155
[2023-12-20T08:18:41.957-0800][53672402ms] GC(411) Humongous regions: 5->5
[2023-12-20T08:18:41.957-0800][53672402ms] GC(411) Metaspace: 254743K->254743K(1292288K)
[2023-12-20T08:18:41.957-0800][53672402ms] GC(411) Pause Young (Normal) (G1 Evacuation Pause) 1749M->378M(2386M) 28.200ms
[2023-12-20T08:18:41.957-0800][53672402ms] GC(411) User=0.08s Sys=0.00s Real=0.03s
[2023-12-20T08:18:42.647-0800][53673092ms] GC(412) Pause Young (Normal) (G1 Evacuation Pause)
[2023-12-20T08:18:42.647-0800][53673092ms] GC(412) Using 10 workers of 10 for evacuation
[2023-12-20T08:18:42.675-0800][53673120ms] GC(412)   Pre Evacuate Collection Set: 0.0ms
[2023-12-20T08:18:42.675-0800][53673120ms] GC(412)   Evacuate Collection Set: 26.1ms
[2023-12-20T08:18:42.675-0800][53673120ms] GC(412)   Post Evacuate Collection Set: 2.4ms
[2023-12-20T08:18:42.675-0800][53673120ms] GC(412)   Other: 0.4ms
[2023-12-20T08:18:42.675-0800][53673120ms] GC(412) Eden regions: 685->0(685)
[2023-12-20T08:18:42.675-0800][53673120ms] GC(412) Survivor regions: 30->30(90)
[2023-12-20T08:18:42.675-0800][53673120ms] GC(412) Old regions: 155->155
[2023-12-20T08:18:42.676-0800][53673121ms] GC(412) Humongous regions: 5->5
[2023-12-20T08:18:42.676-0800][53673121ms] GC(412) Metaspace: 254743K->254743K(1292288K)
[2023-12-20T08:18:42.676-0800][53673121ms] GC(412) Pause Young (Normal) (G1 Evacuation Pause) 1748M->379M(2386M) 28.987ms
[2023-12-20T08:18:42.676-0800][53673121ms] GC(412) User=0.16s Sys=0.00s Real=0.03s
[2023-12-20T08:18:43.452-0800][53673897ms] GC(413) Pause Young (Normal) (G1 Evacuation Pause)
[2023-12-20T08:18:43.452-0800][53673897ms] GC(413) Using 10 workers of 10 for evacuation
[2023-12-20T08:18:43.482-0800][53673927ms] GC(413)   Pre Evacuate Collection Set: 0.0ms
[2023-12-20T08:18:43.482-0800][53673927ms] GC(413)   Evacuate Collection Set: 27.3ms
[2023-12-20T08:18:43.482-0800][53673927ms] GC(413)   Post Evacuate Collection Set: 2.6ms
[2023-12-20T08:18:43.482-0800][53673927ms] GC(413)   Other: 0.4ms
[2023-12-20T08:18:43.482-0800][53673927ms] GC(413) Eden regions: 685->0(685)
[2023-12-20T08:18:43.482-0800][53673927ms] GC(413) Survivor regions: 30->30(90)
[2023-12-20T08:18:43.482-0800][53673927ms] GC(413) Old regions: 155->155
[2023-12-20T08:18:43.482-0800][53673927ms] GC(413) Humongous regions: 5->5
[2023-12-20T08:18:43.482-0800][53673927ms] GC(413) Metaspace: 254743K->254743K(1292288K)
[2023-12-20T08:18:43.483-0800][53673928ms] GC(413) Pause Young (Normal) (G1 Evacuation Pause) 1749M->379M(2386M) 30.415ms
[2023-12-20T08:18:43.483-0800][53673928ms] GC(413) User=0.13s Sys=0.00s Real=0.03s
[2023-12-20T08:18:44.206-0800][53674651ms] GC(414) Pause Young (Normal) (G1 Evacuation Pause)
[2023-12-20T08:18:44.206-0800][53674651ms] GC(414) Using 10 workers of 10 for evacuation
[2023-12-20T08:18:44.236-0800][53674681ms] GC(414)   Pre Evacuate Collection Set: 0.0ms
[2023-12-20T08:18:44.236-0800][53674681ms] GC(414)   Evacuate Collection Set: 27.0ms
[2023-12-20T08:18:44.236-0800][53674681ms] GC(414)   Post Evacuate Collection Set: 2.4ms
[2023-12-20T08:18:44.236-0800][53674681ms] GC(414)   Other: 0.4ms
[2023-12-20T08:18:44.236-0800][53674681ms] GC(414) Eden regions: 685->0(686)
[2023-12-20T08:18:44.236-0800][53674681ms] GC(414) Survivor regions: 30->29(90)
[2023-12-20T08:18:44.236-0800][53674681ms] GC(414) Old regions: 155->155
[2023-12-20T08:18:44.236-0800][53674681ms] GC(414) Humongous regions: 5->5
[2023-12-20T08:18:44.236-0800][53674681ms] GC(414) Metaspace: 254743K->254743K(1292288K)
[2023-12-20T08:18:44.236-0800][53674681ms] GC(414) Pause Young (Normal) (G1 Evacuation Pause) 1749M->376M(2386M) 29.982ms
[2023-12-20T08:18:44.236-0800][53674681ms] GC(414) User=0.09s Sys=0.00s Real=0.03s
[2023-12-20T08:18:44.939-0800][53675384ms] GC(415) Pause Young (Normal) (G1 Evacuation Pause)
[2023-12-20T08:18:44.940-0800][53675385ms] GC(415) Using 10 workers of 10 for evacuation
[2023-12-20T08:18:44.969-0800][53675414ms] GC(415)   Pre Evacuate Collection Set: 0.0ms
[2023-12-20T08:18:44.969-0800][53675414ms] GC(415)   Evacuate Collection Set: 26.9ms
[2023-12-20T08:18:44.969-0800][53675414ms] GC(415)   Post Evacuate Collection Set: 2.3ms
[2023-12-20T08:18:44.969-0800][53675414ms] GC(415)   Other: 0.4ms
[2023-12-20T08:18:44.969-0800][53675414ms] GC(415) Eden regions: 686->0(685)
[2023-12-20T08:18:44.969-0800][53675414ms] GC(415) Survivor regions: 29->30(90)
[2023-12-20T08:18:44.969-0800][53675414ms] GC(415) Old regions: 155->155
[2023-12-20T08:18:44.969-0800][53675414ms] GC(415) Humongous regions: 5->5
[2023-12-20T08:18:44.969-0800][53675414ms] GC(415) Metaspace: 254776K->254776K(1292288K)
[2023-12-20T08:18:44.969-0800][53675414ms] GC(415) Pause Young (Normal) (G1 Evacuation Pause) 1748M->378M(2386M) 29.775ms
[2023-12-20T08:18:44.969-0800][53675414ms] GC(415) User=0.11s Sys=0.00s Real=0.03s
[2023-12-20T08:18:45.651-0800][53676096ms] GC(416) Pause Young (Normal) (G1 Evacuation Pause)
[2023-12-20T08:18:45.651-0800][53676096ms] GC(416) Using 10 workers of 10 for evacuation
[2023-12-20T08:18:45.680-0800][53676125ms] GC(416)   Pre Evacuate Collection Set: 0.0ms
[2023-12-20T08:18:45.680-0800][53676125ms] GC(416)   Evacuate Collection Set: 26.3ms
[2023-12-20T08:18:45.680-0800][53676125ms] GC(416)   Post Evacuate Collection Set: 3.0ms
[2023-12-20T08:18:45.680-0800][53676125ms] GC(416)   Other: 0.4ms
[2023-12-20T08:18:45.680-0800][53676125ms] GC(416) Eden regions: 685->0(685)
[2023-12-20T08:18:45.680-0800][53676125ms] GC(416) Survivor regions: 30->30(90)
[2023-12-20T08:18:45.680-0800][53676125ms] GC(416) Old regions: 155->155
[2023-12-20T08:18:45.680-0800][53676125ms] GC(416) Humongous regions: 5->5
[2023-12-20T08:18:45.680-0800][53676125ms] GC(416) Metaspace: 254776K->254776K(1292288K)
[2023-12-20T08:18:45.680-0800][53676125ms] GC(416) Pause Young (Normal) (G1 Evacuation Pause) 1748M->378M(2386M) 29.875ms
[2023-12-20T08:18:45.680-0800][53676125ms] GC(416) User=0.08s Sys=0.00s Real=0.03s
[2023-12-20T08:18:46.521-0800][53676966ms] GC(417) Pause Young (Normal) (G1 Evacuation Pause)
[2023-12-20T08:18:46.521-0800][53676966ms] GC(417) Using 10 workers of 10 for evacuation
[2023-12-20T08:18:46.553-0800][53676998ms] GC(417)   Pre Evacuate Collection Set: 0.0ms
[2023-12-20T08:18:46.553-0800][53676998ms] GC(417)   Evacuate Collection Set: 28.9ms
[2023-12-20T08:18:46.553-0800][53676998ms] GC(417)   Post Evacuate Collection Set: 2.7ms
[2023-12-20T08:18:46.553-0800][53676998ms] GC(417)   Other: 0.4ms
[2023-12-20T08:18:46.553-0800][53676998ms] GC(417) Eden regions: 685->0(685)
[2023-12-20T08:18:46.553-0800][53676998ms] GC(417) Survivor regions: 30->30(90)
[2023-12-20T08:18:46.553-0800][53676998ms] GC(417) Old regions: 155->155
[2023-12-20T08:18:46.553-0800][53676998ms] GC(417) Humongous regions: 5->5
[2023-12-20T08:18:46.553-0800][53676998ms] GC(417) Metaspace: 254797K->254797K(1292288K)
[2023-12-20T08:18:46.553-0800][53676998ms] GC(417) Pause Young (Normal) (G1 Evacuation Pause) 1748M->378M(2386M) 32.120ms
[2023-12-20T08:18:46.553-0800][53676998ms] GC(417) User=0.09s Sys=0.00s Real=0.03s
[2023-12-20T08:18:47.415-0800][53677860ms] GC(418) Pause Young (Normal) (G1 Evacuation Pause)
[2023-12-20T08:18:47.415-0800][53677860ms] GC(418) Using 10 workers of 10 for evacuation
[2023-12-20T08:18:47.445-0800][53677890ms] GC(418)   Pre Evacuate Collection Set: 0.0ms
[2023-12-20T08:18:47.445-0800][53677890ms] GC(418)   Evacuate Collection Set: 26.5ms
[2023-12-20T08:18:47.445-0800][53677890ms] GC(418)   Post Evacuate Collection Set: 2.3ms
[2023-12-20T08:18:47.445-0800][53677890ms] GC(418)   Other: 0.4ms
[2023-12-20T08:18:47.445-0800][53677890ms] GC(418) Eden regions: 685->0(685)
[2023-12-20T08:18:47.445-0800][53677890ms] GC(418) Survivor regions: 30->30(90)
[2023-12-20T08:18:47.445-0800][53677890ms] GC(418) Old regions: 155->155
[2023-12-20T08:18:47.445-0800][53677890ms] GC(418) Humongous regions: 5->5
[2023-12-20T08:18:47.445-0800][53677890ms] GC(418) Metaspace: 254797K->254797K(1292288K)
[2023-12-20T08:18:47.445-0800][53677890ms] GC(418) Pause Young (Normal) (G1 Evacuation Pause) 1748M->378M(2386M) 29.474ms
[2023-12-20T08:18:47.445-0800][53677890ms] GC(418) User=0.09s Sys=0.00s Real=0.03s
[2023-12-20T08:18:48.153-0800][53678598ms] GC(419) Pause Young (Normal) (G1 Evacuation Pause)
[2023-12-20T08:18:48.153-0800][53678598ms] GC(419) Using 10 workers of 10 for evacuation
[2023-12-20T08:18:48.184-0800][53678629ms] GC(419)   Pre Evacuate Collection Set: 0.0ms
[2023-12-20T08:18:48.184-0800][53678629ms] GC(419)   Evacuate Collection Set: 27.0ms
[2023-12-20T08:18:48.184-0800][53678629ms] GC(419)   Post Evacuate Collection Set: 2.4ms
[2023-12-20T08:18:48.184-0800][53678629ms] GC(419)   Other: 0.4ms
[2023-12-20T08:18:48.184-0800][53678629ms] GC(419) Eden regions: 685->0(684)
[2023-12-20T08:18:48.184-0800][53678629ms] GC(419) Survivor regions: 30->31(90)
[2023-12-20T08:18:48.184-0800][53678629ms] GC(419) Old regions: 155->155
[2023-12-20T08:18:48.184-0800][53678629ms] GC(419) Humongous regions: 5->5
[2023-12-20T08:18:48.184-0800][53678629ms] GC(419) Metaspace: 254797K->254797K(1292288K)
[2023-12-20T08:18:48.184-0800][53678629ms] GC(419) Pause Young (Normal) (G1 Evacuation Pause) 1748M->380M(2386M) 29.959ms
[2023-12-20T08:18:48.184-0800][53678629ms] GC(419) User=0.09s Sys=0.00s Real=0.03s
[2023-12-20T08:18:48.941-0800][53679386ms] GC(420) Pause Young (Normal) (G1 Evacuation Pause)
[2023-12-20T08:18:48.941-0800][53679386ms] GC(420) Using 10 workers of 10 for evacuation
[2023-12-20T08:18:48.972-0800][53679417ms] GC(420)   Pre Evacuate Collection Set: 0.0ms
[2023-12-20T08:18:48.972-0800][53679417ms] GC(420)   Evacuate Collection Set: 28.5ms
[2023-12-20T08:18:48.972-0800][53679417ms] GC(420)   Post Evacuate Collection Set: 2.5ms
[2023-12-20T08:18:48.972-0800][53679417ms] GC(420)   Other: 0.4ms
[2023-12-20T08:18:48.972-0800][53679417ms] GC(420) Eden regions: 684->0(684)
[2023-12-20T08:18:48.972-0800][53679417ms] GC(420) Survivor regions: 31->31(90)
[2023-12-20T08:18:48.972-0800][53679417ms] GC(420) Old regions: 155->155
[2023-12-20T08:18:48.972-0800][53679417ms] GC(420) Humongous regions: 5->5
[2023-12-20T08:18:48.972-0800][53679417ms] GC(420) Metaspace: 254835K->254835K(1292288K)
[2023-12-20T08:18:48.972-0800][53679417ms] GC(420) Pause Young (Normal) (G1 Evacuation Pause) 1748M->380M(2386M) 31.465ms
[2023-12-20T08:18:48.972-0800][53679417ms] GC(420) User=0.06s Sys=0.00s Real=0.03s
[2023-12-20T08:18:49.822-0800][53680267ms] GC(421) Pause Young (Normal) (G1 Evacuation Pause)
[2023-12-20T08:18:49.822-0800][53680267ms] GC(421) Using 10 workers of 10 for evacuation
[2023-12-20T08:18:49.853-0800][53680298ms] GC(421)   Pre Evacuate Collection Set: 0.0ms
[2023-12-20T08:18:49.853-0800][53680298ms] GC(421)   Evacuate Collection Set: 29.0ms
[2023-12-20T08:18:49.853-0800][53680298ms] GC(421)   Post Evacuate Collection Set: 2.6ms
[2023-12-20T08:18:49.853-0800][53680298ms] GC(421)   Other: 0.4ms
[2023-12-20T08:18:49.853-0800][53680298ms] GC(421) Eden regions: 684->0(685)
[2023-12-20T08:18:49.853-0800][53680298ms] GC(421) Survivor regions: 31->30(90)
[2023-12-20T08:18:49.853-0800][53680298ms] GC(421) Old regions: 155->155
[2023-12-20T08:18:49.853-0800][53680298ms] GC(421) Humongous regions: 5->5
[2023-12-20T08:18:49.853-0800][53680298ms] GC(421) Metaspace: 255072K->255072K(1292288K)
[2023-12-20T08:18:49.853-0800][53680298ms] GC(421) Pause Young (Normal) (G1 Evacuation Pause) 1748M->379M(2386M) 32.018ms
[2023-12-20T08:18:49.853-0800][53680298ms] GC(421) User=0.05s Sys=0.00s Real=0.03s
[2023-12-20T08:18:50.625-0800][53681070ms] GC(422) Pause Young (Normal) (G1 Evacuation Pause)
[2023-12-20T08:18:50.625-0800][53681070ms] GC(422) Using 10 workers of 10 for evacuation
[2023-12-20T08:18:50.665-0800][53681110ms] GC(422)   Pre Evacuate Collection Set: 0.1ms
[2023-12-20T08:18:50.665-0800][53681110ms] GC(422)   Evacuate Collection Set: 36.8ms
[2023-12-20T08:18:50.665-0800][53681110ms] GC(422)   Post Evacuate Collection Set: 4.4ms
[2023-12-20T08:18:50.665-0800][53681110ms] GC(422)   Other: 0.5ms
[2023-12-20T08:18:50.665-0800][53681110ms] GC(422) Eden regions: 685->0(684)
[2023-12-20T08:18:50.665-0800][53681110ms] GC(422) Survivor regions: 30->31(90)
[2023-12-20T08:18:50.665-0800][53681110ms] GC(422) Old regions: 155->155
[2023-12-20T08:18:50.665-0800][53681110ms] GC(422) Humongous regions: 5->5
[2023-12-20T08:18:50.665-0800][53681110ms] GC(422) Metaspace: 255660K->255660K(1294336K)
[2023-12-20T08:18:50.665-0800][53681110ms] GC(422) Pause Young (Normal) (G1 Evacuation Pause) 1749M->381M(2386M) 41.943ms
[2023-12-20T08:18:50.667-0800][53681112ms] GC(422) User=0.25s Sys=0.00s Real=0.04s
[2023-12-20T08:18:51.434-0800][53681879ms] GC(423) Pause Young (Normal) (G1 Evacuation Pause)
[2023-12-20T08:18:51.434-0800][53681879ms] GC(423) Using 10 workers of 10 for evacuation
[2023-12-20T08:18:51.465-0800][53681910ms] GC(423)   Pre Evacuate Collection Set: 0.0ms
[2023-12-20T08:18:51.465-0800][53681910ms] GC(423)   Evacuate Collection Set: 27.8ms
[2023-12-20T08:18:51.465-0800][53681910ms] GC(423)   Post Evacuate Collection Set: 2.5ms
[2023-12-20T08:18:51.465-0800][53681910ms] GC(423)   Other: 0.4ms
[2023-12-20T08:18:51.465-0800][53681910ms] GC(423) Eden regions: 684->0(685)
[2023-12-20T08:18:51.465-0800][53681910ms] GC(423) Survivor regions: 31->30(90)
[2023-12-20T08:18:51.465-0800][53681910ms] GC(423) Old regions: 155->155
[2023-12-20T08:18:51.465-0800][53681910ms] GC(423) Humongous regions: 5->5
[2023-12-20T08:18:51.465-0800][53681910ms] GC(423) Metaspace: 255661K->255661K(1294336K)
[2023-12-20T08:18:51.465-0800][53681910ms] GC(423) Pause Young (Normal) (G1 Evacuation Pause) 1749M->379M(2386M) 30.898ms
[2023-12-20T08:18:51.465-0800][53681910ms] GC(423) User=0.06s Sys=0.00s Real=0.03s
[2023-12-20T08:18:52.206-0800][53682651ms] GC(424) Pause Young (Normal) (G1 Evacuation Pause)
[2023-12-20T08:18:52.206-0800][53682651ms] GC(424) Using 10 workers of 10 for evacuation
[2023-12-20T08:18:52.236-0800][53682681ms] GC(424)   Pre Evacuate Collection Set: 0.0ms
[2023-12-20T08:18:52.236-0800][53682681ms] GC(424)   Evacuate Collection Set: 26.9ms
[2023-12-20T08:18:52.236-0800][53682681ms] GC(424)   Post Evacuate Collection Set: 2.7ms
[2023-12-20T08:18:52.236-0800][53682681ms] GC(424)   Other: 0.4ms
[2023-12-20T08:18:52.236-0800][53682681ms] GC(424) Eden regions: 685->0(684)
[2023-12-20T08:18:52.236-0800][53682681ms] GC(424) Survivor regions: 30->31(90)
[2023-12-20T08:18:52.236-0800][53682681ms] GC(424) Old regions: 155->155
[2023-12-20T08:18:52.236-0800][53682681ms] GC(424) Humongous regions: 5->5
[2023-12-20T08:18:52.236-0800][53682681ms] GC(424) Metaspace: 255661K->255661K(1294336K)
[2023-12-20T08:18:52.236-0800][53682681ms] GC(424) Pause Young (Normal) (G1 Evacuation Pause) 1749M->380M(2386M) 30.172ms
[2023-12-20T08:18:52.236-0800][53682681ms] GC(424) User=0.08s Sys=0.00s Real=0.03s
[2023-12-20T08:18:53.029-0800][53683474ms] GC(425) Pause Young (Normal) (G1 Evacuation Pause)
[2023-12-20T08:18:53.029-0800][53683474ms] GC(425) Using 10 workers of 10 for evacuation
[2023-12-20T08:18:53.061-0800][53683506ms] GC(425)   Pre Evacuate Collection Set: 0.0ms
[2023-12-20T08:18:53.061-0800][53683506ms] GC(425)   Evacuate Collection Set: 28.5ms
[2023-12-20T08:18:53.061-0800][53683506ms] GC(425)   Post Evacuate Collection Set: 3.0ms
[2023-12-20T08:18:53.061-0800][53683506ms] GC(425)   Other: 0.3ms
[2023-12-20T08:18:53.061-0800][53683506ms] GC(425) Eden regions: 684->0(685)
[2023-12-20T08:18:53.061-0800][53683506ms] GC(425) Survivor regions: 31->30(90)
[2023-12-20T08:18:53.061-0800][53683506ms] GC(425) Old regions: 155->155
[2023-12-20T08:18:53.061-0800][53683506ms] GC(425) Humongous regions: 5->5
[2023-12-20T08:18:53.061-0800][53683506ms] GC(425) Metaspace: 255661K->255661K(1294336K)
[2023-12-20T08:18:53.061-0800][53683506ms] GC(425) Pause Young (Normal) (G1 Evacuation Pause) 1748M->378M(2386M) 31.985ms
[2023-12-20T08:18:53.061-0800][53683506ms] GC(425) User=0.09s Sys=0.00s Real=0.03s
[2023-12-20T08:18:53.735-0800][53684180ms] GC(426) Pause Young (Normal) (G1 Evacuation Pause)
[2023-12-20T08:18:53.735-0800][53684180ms] GC(426) Using 10 workers of 10 for evacuation
[2023-12-20T08:18:53.765-0800][53684210ms] GC(426)   Pre Evacuate Collection Set: 0.0ms
[2023-12-20T08:18:53.765-0800][53684210ms] GC(426)   Evacuate Collection Set: 27.4ms
[2023-12-20T08:18:53.765-0800][53684210ms] GC(426)   Post Evacuate Collection Set: 2.5ms
[2023-12-20T08:18:53.765-0800][53684210ms] GC(426)   Other: 0.4ms
[2023-12-20T08:18:53.765-0800][53684210ms] GC(426) Eden regions: 685->0(685)
[2023-12-20T08:18:53.765-0800][53684210ms] GC(426) Survivor regions: 30->30(90)
[2023-12-20T08:18:53.765-0800][53684210ms] GC(426) Old regions: 155->155
[2023-12-20T08:18:53.765-0800][53684210ms] GC(426) Humongous regions: 5->5
[2023-12-20T08:18:53.765-0800][53684210ms] GC(426) Metaspace: 255661K->255661K(1294336K)
[2023-12-20T08:18:53.765-0800][53684210ms] GC(426) Pause Young (Normal) (G1 Evacuation Pause) 1748M->379M(2386M) 30.418ms
[2023-12-20T08:18:53.765-0800][53684210ms] GC(426) User=0.05s Sys=0.00s Real=0.03s
[2023-12-20T08:18:54.535-0800][53684980ms] GC(427) Pause Young (Normal) (G1 Evacuation Pause)
[2023-12-20T08:18:54.535-0800][53684980ms] GC(427) Using 10 workers of 10 for evacuation
[2023-12-20T08:18:54.569-0800][53685014ms] GC(427)   Pre Evacuate Collection Set: 0.0ms
[2023-12-20T08:18:54.569-0800][53685014ms] GC(427)   Evacuate Collection Set: 30.3ms
[2023-12-20T08:18:54.569-0800][53685014ms] GC(427)   Post Evacuate Collection Set: 2.9ms
[2023-12-20T08:18:54.569-0800][53685014ms] GC(427)   Other: 0.4ms
[2023-12-20T08:18:54.569-0800][53685014ms] GC(427) Eden regions: 685->0(684)
[2023-12-20T08:18:54.569-0800][53685014ms] GC(427) Survivor regions: 30->31(90)
[2023-12-20T08:18:54.569-0800][53685014ms] GC(427) Old regions: 155->155
[2023-12-20T08:18:54.569-0800][53685014ms] GC(427) Humongous regions: 5->5
[2023-12-20T08:18:54.569-0800][53685014ms] GC(427) Metaspace: 255904K->255904K(1294336K)
[2023-12-20T08:18:54.569-0800][53685014ms] GC(427) Pause Young (Normal) (G1 Evacuation Pause) 1749M->381M(2386M) 33.794ms
[2023-12-20T08:18:54.569-0800][53685014ms] GC(427) User=0.03s Sys=0.00s Real=0.03s
[2023-12-20T08:18:55.338-0800][53685783ms] GC(428) Pause Young (Normal) (G1 Evacuation Pause)
[2023-12-20T08:18:55.338-0800][53685783ms] GC(428) Using 10 workers of 10 for evacuation
[2023-12-20T08:18:55.371-0800][53685816ms] GC(428)   Pre Evacuate Collection Set: 0.0ms
[2023-12-20T08:18:55.371-0800][53685816ms] GC(428)   Evacuate Collection Set: 30.6ms
[2023-12-20T08:18:55.371-0800][53685816ms] GC(428)   Post Evacuate Collection Set: 2.6ms
[2023-12-20T08:18:55.371-0800][53685816ms] GC(428)   Other: 0.4ms
[2023-12-20T08:18:55.371-0800][53685816ms] GC(428) Eden regions: 684->0(682)
[2023-12-20T08:18:55.371-0800][53685816ms] GC(428) Survivor regions: 31->33(90)
[2023-12-20T08:18:55.371-0800][53685816ms] GC(428) Old regions: 155->155
[2023-12-20T08:18:55.371-0800][53685816ms] GC(428) Humongous regions: 5->5
[2023-12-20T08:18:55.371-0800][53685816ms] GC(428) Metaspace: 256077K->256077K(1294336K)
[2023-12-20T08:18:55.371-0800][53685816ms] GC(428) Pause Young (Normal) (G1 Evacuation Pause) 1749M->384M(2386M) 33.779ms
[2023-12-20T08:18:55.371-0800][53685816ms] GC(428) User=0.16s Sys=0.00s Real=0.03s
[2023-12-20T08:18:56.094-0800][53686539ms] GC(429) Pause Young (Normal) (G1 Evacuation Pause)
[2023-12-20T08:18:56.094-0800][53686539ms] GC(429) Using 10 workers of 10 for evacuation
[2023-12-20T08:18:56.126-0800][53686571ms] GC(429)   Pre Evacuate Collection Set: 0.0ms
[2023-12-20T08:18:56.126-0800][53686571ms] GC(429)   Evacuate Collection Set: 28.9ms
[2023-12-20T08:18:56.126-0800][53686571ms] GC(429)   Post Evacuate Collection Set: 2.9ms
[2023-12-20T08:18:56.126-0800][53686571ms] GC(429)   Other: 0.4ms
[2023-12-20T08:18:56.126-0800][53686571ms] GC(429) Eden regions: 682->0(683)
[2023-12-20T08:18:56.126-0800][53686571ms] GC(429) Survivor regions: 33->32(90)
[2023-12-20T08:18:56.126-0800][53686571ms] GC(429) Old regions: 155->155
[2023-12-20T08:18:56.126-0800][53686571ms] GC(429) Humongous regions: 5->5
[2023-12-20T08:18:56.126-0800][53686571ms] GC(429) Metaspace: 256077K->256077K(1294336K)
[2023-12-20T08:18:56.126-0800][53686571ms] GC(429) Pause Young (Normal) (G1 Evacuation Pause) 1748M->383M(2386M) 32.391ms
[2023-12-20T08:18:56.126-0800][53686571ms] GC(429) User=0.06s Sys=0.00s Real=0.03s
[2023-12-20T08:18:56.849-0800][53687294ms] GC(430) Pause Young (Normal) (G1 Evacuation Pause)
[2023-12-20T08:18:56.849-0800][53687294ms] GC(430) Using 10 workers of 10 for evacuation
[2023-12-20T08:18:56.880-0800][53687325ms] GC(430)   Pre Evacuate Collection Set: 0.0ms
[2023-12-20T08:18:56.880-0800][53687325ms] GC(430)   Evacuate Collection Set: 27.9ms
[2023-12-20T08:18:56.880-0800][53687325ms] GC(430)   Post Evacuate Collection Set: 2.4ms
[2023-12-20T08:18:56.880-0800][53687325ms] GC(430)   Other: 0.3ms
[2023-12-20T08:18:56.880-0800][53687325ms] GC(430) Eden regions: 683->0(682)
[2023-12-20T08:18:56.880-0800][53687325ms] GC(430) Survivor regions: 32->33(90)
[2023-12-20T08:18:56.880-0800][53687325ms] GC(430) Old regions: 155->156
[2023-12-20T08:18:56.880-0800][53687325ms] GC(430) Humongous regions: 5->5
[2023-12-20T08:18:56.880-0800][53687325ms] GC(430) Metaspace: 256077K->256077K(1294336K)
[2023-12-20T08:18:56.880-0800][53687325ms] GC(430) Pause Young (Normal) (G1 Evacuation Pause) 1749M->385M(2386M) 30.709ms
[2023-12-20T08:18:56.880-0800][53687325ms] GC(430) User=0.19s Sys=0.00s Real=0.03s
[2023-12-20T08:18:57.704-0800][53688149ms] GC(431) Pause Young (Normal) (G1 Evacuation Pause)
[2023-12-20T08:18:57.704-0800][53688149ms] GC(431) Using 10 workers of 10 for evacuation
[2023-12-20T08:18:57.735-0800][53688180ms] GC(431)   Pre Evacuate Collection Set: 0.0ms
[2023-12-20T08:18:57.735-0800][53688180ms] GC(431)   Evacuate Collection Set: 27.8ms
[2023-12-20T08:18:57.735-0800][53688180ms] GC(431)   Post Evacuate Collection Set: 2.7ms
[2023-12-20T08:18:57.735-0800][53688180ms] GC(431)   Other: 0.4ms
[2023-12-20T08:18:57.735-0800][53688180ms] GC(431) Eden regions: 682->0(682)
[2023-12-20T08:18:57.735-0800][53688180ms] GC(431) Survivor regions: 33->33(90)
[2023-12-20T08:18:57.735-0800][53688180ms] GC(431) Old regions: 156->156
[2023-12-20T08:18:57.735-0800][53688180ms] GC(431) Humongous regions: 5->5
[2023-12-20T08:18:57.735-0800][53688180ms] GC(431) Metaspace: 256077K->256077K(1294336K)
[2023-12-20T08:18:57.735-0800][53688180ms] GC(431) Pause Young (Normal) (G1 Evacuation Pause) 1749M->385M(2386M) 31.115ms
[2023-12-20T08:18:57.735-0800][53688180ms] GC(431) User=0.08s Sys=0.00s Real=0.03s
[2023-12-20T08:18:58.437-0800][53688882ms] GC(432) Pause Young (Normal) (G1 Evacuation Pause)
[2023-12-20T08:18:58.437-0800][53688882ms] GC(432) Using 10 workers of 10 for evacuation
[2023-12-20T08:18:58.467-0800][53688912ms] GC(432)   Pre Evacuate Collection Set: 0.0ms
[2023-12-20T08:18:58.467-0800][53688912ms] GC(432)   Evacuate Collection Set: 27.9ms
[2023-12-20T08:18:58.467-0800][53688912ms] GC(432)   Post Evacuate Collection Set: 2.3ms
[2023-12-20T08:18:58.467-0800][53688912ms] GC(432)   Other: 0.4ms
[2023-12-20T08:18:58.467-0800][53688912ms] GC(432) Eden regions: 682->0(684)
[2023-12-20T08:18:58.467-0800][53688912ms] GC(432) Survivor regions: 33->31(90)
[2023-12-20T08:18:58.467-0800][53688912ms] GC(432) Old regions: 156->156
[2023-12-20T08:18:58.467-0800][53688912ms] GC(432) Humongous regions: 5->5
[2023-12-20T08:18:58.467-0800][53688912ms] GC(432) Metaspace: 256077K->256077K(1294336K)
[2023-12-20T08:18:58.467-0800][53688912ms] GC(432) Pause Young (Normal) (G1 Evacuation Pause) 1749M->382M(2386M) 30.733ms
[2023-12-20T08:18:58.467-0800][53688912ms] GC(432) User=0.05s Sys=0.00s Real=0.03s
[2023-12-20T08:18:58.992-0800][53689437ms] GC(433) Pause Young (Normal) (G1 Evacuation Pause)
[2023-12-20T08:18:58.992-0800][53689437ms] GC(433) Using 10 workers of 10 for evacuation
[2023-12-20T08:18:59.025-0800][53689470ms] GC(433)   Pre Evacuate Collection Set: 0.0ms
[2023-12-20T08:18:59.025-0800][53689470ms] GC(433)   Evacuate Collection Set: 29.7ms
[2023-12-20T08:18:59.025-0800][53689470ms] GC(433)   Post Evacuate Collection Set: 3.1ms
[2023-12-20T08:18:59.025-0800][53689470ms] GC(433)   Other: 0.4ms
[2023-12-20T08:18:59.025-0800][53689470ms] GC(433) Eden regions: 684->0(683)
[2023-12-20T08:18:59.025-0800][53689470ms] GC(433) Survivor regions: 31->32(90)
[2023-12-20T08:18:59.025-0800][53689470ms] GC(433) Old regions: 156->156
[2023-12-20T08:18:59.025-0800][53689470ms] GC(433) Humongous regions: 5->5
[2023-12-20T08:18:59.025-0800][53689470ms] GC(433) Metaspace: 256077K->256077K(1294336K)
[2023-12-20T08:18:59.025-0800][53689470ms] GC(433) Pause Young (Normal) (G1 Evacuation Pause) 1750M->384M(2386M) 33.378ms
[2023-12-20T08:18:59.025-0800][53689470ms] GC(433) User=0.11s Sys=0.00s Real=0.03s
[2023-12-20T08:18:59.587-0800][53690033ms] GC(434) Pause Young (Normal) (G1 Evacuation Pause)
[2023-12-20T08:18:59.588-0800][53690033ms] GC(434) Using 10 workers of 10 for evacuation
[2023-12-20T08:18:59.615-0800][53690060ms] GC(434)   Pre Evacuate Collection Set: 0.0ms
[2023-12-20T08:18:59.617-0800][53690062ms] GC(434)   Evacuate Collection Set: 26.4ms
[2023-12-20T08:18:59.617-0800][53690062ms] GC(434)   Post Evacuate Collection Set: 2.3ms
[2023-12-20T08:18:59.617-0800][53690062ms] GC(434)   Other: 0.4ms
[2023-12-20T08:18:59.617-0800][53690062ms] GC(434) Eden regions: 683->0(684)
[2023-12-20T08:18:59.617-0800][53690062ms] GC(434) Survivor regions: 32->31(90)
[2023-12-20T08:18:59.617-0800][53690062ms] GC(434) Old regions: 156->156
[2023-12-20T08:18:59.617-0800][53690062ms] GC(434) Humongous regions: 5->5
[2023-12-20T08:18:59.617-0800][53690062ms] GC(434) Metaspace: 256077K->256077K(1294336K)
[2023-12-20T08:18:59.617-0800][53690062ms] GC(434) Pause Young (Normal) (G1 Evacuation Pause) 1750M->382M(2386M) 29.236ms
[2023-12-20T08:18:59.617-0800][53690062ms] GC(434) User=0.06s Sys=0.00s Real=0.03s
[2023-12-20T08:19:00.115-0800][53690560ms] GC(435) Pause Young (Normal) (G1 Evacuation Pause)
[2023-12-20T08:19:00.115-0800][53690560ms] GC(435) Using 10 workers of 10 for evacuation
[2023-12-20T08:19:00.144-0800][53690589ms] GC(435)   Pre Evacuate Collection Set: 0.0ms
[2023-12-20T08:19:00.144-0800][53690589ms] GC(435)   Evacuate Collection Set: 26.5ms
[2023-12-20T08:19:00.144-0800][53690589ms] GC(435)   Post Evacuate Collection Set: 2.4ms
[2023-12-20T08:19:00.144-0800][53690589ms] GC(435)   Other: 0.4ms
[2023-12-20T08:19:00.144-0800][53690589ms] GC(435) Eden regions: 684->0(684)
[2023-12-20T08:19:00.144-0800][53690589ms] GC(435) Survivor regions: 31->31(90)
[2023-12-20T08:19:00.144-0800][53690589ms] GC(435) Old regions: 156->156
[2023-12-20T08:19:00.144-0800][53690589ms] GC(435) Humongous regions: 5->5
[2023-12-20T08:19:00.144-0800][53690589ms] GC(435) Metaspace: 256077K->256077K(1294336K)
[2023-12-20T08:19:00.144-0800][53690589ms] GC(435) Pause Young (Normal) (G1 Evacuation Pause) 1750M->382M(2386M) 29.352ms
[2023-12-20T08:19:00.144-0800][53690589ms] GC(435) User=0.20s Sys=0.00s Real=0.03s
[2023-12-20T08:19:00.764-0800][53691209ms] GC(436) Pause Young (Normal) (GCLocker Initiated GC)
[2023-12-20T08:19:00.764-0800][53691209ms] GC(436) Using 10 workers of 10 for evacuation
[2023-12-20T08:19:00.799-0800][53691244ms] GC(436)   Pre Evacuate Collection Set: 0.0ms
[2023-12-20T08:19:00.799-0800][53691244ms] GC(436)   Evacuate Collection Set: 27.7ms
[2023-12-20T08:19:00.799-0800][53691244ms] GC(436)   Post Evacuate Collection Set: 7.1ms
[2023-12-20T08:19:00.799-0800][53691244ms] GC(436)   Other: 0.4ms
[2023-12-20T08:19:00.799-0800][53691244ms] GC(436) Eden regions: 685->0(683)
[2023-12-20T08:19:00.799-0800][53691244ms] GC(436) Survivor regions: 31->32(90)
[2023-12-20T08:19:00.799-0800][53691244ms] GC(436) Old regions: 156->156
[2023-12-20T08:19:00.799-0800][53691244ms] GC(436) Humongous regions: 5->5
[2023-12-20T08:19:00.799-0800][53691244ms] GC(436) Metaspace: 256077K->256077K(1294336K)
[2023-12-20T08:19:00.799-0800][53691244ms] GC(436) Pause Young (Normal) (GCLocker Initiated GC) 1752M->383M(2386M) 35.368ms
[2023-12-20T08:19:00.800-0800][53691245ms] GC(436) User=0.08s Sys=0.00s Real=0.04s
[2023-12-20T08:19:01.518-0800][53691963ms] GC(437) Pause Young (Normal) (GCLocker Initiated GC)
[2023-12-20T08:19:01.518-0800][53691963ms] GC(437) Using 10 workers of 10 for evacuation
[2023-12-20T08:19:01.548-0800][53691993ms] GC(437)   Pre Evacuate Collection Set: 0.0ms
[2023-12-20T08:19:01.548-0800][53691993ms] GC(437)   Evacuate Collection Set: 27.6ms
[2023-12-20T08:19:01.548-0800][53691993ms] GC(437)   Post Evacuate Collection Set: 2.3ms
[2023-12-20T08:19:01.548-0800][53691993ms] GC(437)   Other: 0.4ms
[2023-12-20T08:19:01.548-0800][53691993ms] GC(437) Eden regions: 684->0(684)
[2023-12-20T08:19:01.548-0800][53691993ms] GC(437) Survivor regions: 32->31(90)
[2023-12-20T08:19:01.548-0800][53691993ms] GC(437) Old regions: 156->156
[2023-12-20T08:19:01.548-0800][53691993ms] GC(437) Humongous regions: 5->5
[2023-12-20T08:19:01.548-0800][53691993ms] GC(437) Metaspace: 256077K->256077K(1294336K)
[2023-12-20T08:19:01.548-0800][53691993ms] GC(437) Pause Young (Normal) (GCLocker Initiated GC) 1750M->382M(2386M) 30.479ms
[2023-12-20T08:19:01.548-0800][53691993ms] GC(437) User=0.05s Sys=0.00s Real=0.03s
[2023-12-20T08:19:02.240-0800][53692685ms] GC(438) Pause Young (Normal) (GCLocker Initiated GC)
[2023-12-20T08:19:02.240-0800][53692685ms] GC(438) Using 10 workers of 10 for evacuation
[2023-12-20T08:19:02.270-0800][53692715ms] GC(438)   Pre Evacuate Collection Set: 0.0ms
[2023-12-20T08:19:02.270-0800][53692715ms] GC(438)   Evacuate Collection Set: 27.4ms
[2023-12-20T08:19:02.270-0800][53692715ms] GC(438)   Post Evacuate Collection Set: 2.3ms
[2023-12-20T08:19:02.270-0800][53692715ms] GC(438)   Other: 0.4ms
[2023-12-20T08:19:02.270-0800][53692715ms] GC(438) Eden regions: 685->0(684)
[2023-12-20T08:19:02.270-0800][53692715ms] GC(438) Survivor regions: 31->31(90)
[2023-12-20T08:19:02.270-0800][53692715ms] GC(438) Old regions: 156->156
[2023-12-20T08:19:02.270-0800][53692715ms] GC(438) Humongous regions: 5->5
[2023-12-20T08:19:02.270-0800][53692715ms] GC(438) Metaspace: 256077K->256077K(1294336K)
[2023-12-20T08:19:02.270-0800][53692715ms] GC(438) Pause Young (Normal) (GCLocker Initiated GC) 1751M->382M(2386M) 30.228ms
[2023-12-20T08:19:02.270-0800][53692715ms] GC(438) User=0.16s Sys=0.00s Real=0.03s
[2023-12-20T08:19:02.980-0800][53693425ms] GC(439) Pause Young (Normal) (G1 Evacuation Pause)
[2023-12-20T08:19:02.980-0800][53693425ms] GC(439) Using 10 workers of 10 for evacuation
[2023-12-20T08:19:03.009-0800][53693454ms] GC(439)   Pre Evacuate Collection Set: 0.0ms
[2023-12-20T08:19:03.009-0800][53693454ms] GC(439)   Evacuate Collection Set: 27.7ms
[2023-12-20T08:19:03.010-0800][53693455ms] GC(439)   Post Evacuate Collection Set: 2.3ms
[2023-12-20T08:19:03.010-0800][53693455ms] GC(439)   Other: 0.4ms
[2023-12-20T08:19:03.010-0800][53693455ms] GC(439) Eden regions: 684->0(684)
[2023-12-20T08:19:03.010-0800][53693455ms] GC(439) Survivor regions: 31->31(90)
[2023-12-20T08:19:03.010-0800][53693455ms] GC(439) Old regions: 156->156
[2023-12-20T08:19:03.010-0800][53693455ms] GC(439) Humongous regions: 5->5
[2023-12-20T08:19:03.010-0800][53693455ms] GC(439) Metaspace: 256077K->256077K(1294336K)
[2023-12-20T08:19:03.010-0800][53693455ms] GC(439) Pause Young (Normal) (G1 Evacuation Pause) 1750M->382M(2386M) 30.494ms
[2023-12-20T08:19:03.010-0800][53693455ms] GC(439) User=0.13s Sys=0.00s Real=0.03s
[2023-12-20T08:19:03.769-0800][53694214ms] GC(440) Pause Young (Normal) (G1 Evacuation Pause)
[2023-12-20T08:19:03.769-0800][53694214ms] GC(440) Using 10 workers of 10 for evacuation
[2023-12-20T08:19:03.801-0800][53694246ms] GC(440)   Pre Evacuate Collection Set: 0.0ms
[2023-12-20T08:19:03.801-0800][53694246ms] GC(440)   Evacuate Collection Set: 28.7ms
[2023-12-20T08:19:03.801-0800][53694246ms] GC(440)   Post Evacuate Collection Set: 2.3ms
[2023-12-20T08:19:03.801-0800][53694246ms] GC(440)   Other: 0.4ms
[2023-12-20T08:19:03.801-0800][53694246ms] GC(440) Eden regions: 684->0(684)
[2023-12-20T08:19:03.801-0800][53694246ms] GC(440) Survivor regions: 31->31(90)
[2023-12-20T08:19:03.801-0800][53694246ms] GC(440) Old regions: 156->156
[2023-12-20T08:19:03.801-0800][53694246ms] GC(440) Humongous regions: 5->5
[2023-12-20T08:19:03.801-0800][53694246ms] GC(440) Metaspace: 256077K->256077K(1294336K)
[2023-12-20T08:19:03.801-0800][53694246ms] GC(440) Pause Young (Normal) (G1 Evacuation Pause) 1750M->382M(2386M) 31.610ms
[2023-12-20T08:19:03.801-0800][53694246ms] GC(440) User=0.09s Sys=0.00s Real=0.03s
[2023-12-20T08:19:04.486-0800][53694931ms] GC(441) Pause Young (Normal) (G1 Evacuation Pause)
[2023-12-20T08:19:04.486-0800][53694931ms] GC(441) Using 10 workers of 10 for evacuation
[2023-12-20T08:19:04.515-0800][53694960ms] GC(441)   Pre Evacuate Collection Set: 0.0ms
[2023-12-20T08:19:04.515-0800][53694960ms] GC(441)   Evacuate Collection Set: 27.1ms
[2023-12-20T08:19:04.516-0800][53694961ms] GC(441)   Post Evacuate Collection Set: 2.5ms
[2023-12-20T08:19:04.516-0800][53694961ms] GC(441)   Other: 0.4ms
[2023-12-20T08:19:04.516-0800][53694961ms] GC(441) Eden regions: 684->0(684)
[2023-12-20T08:19:04.516-0800][53694961ms] GC(441) Survivor regions: 31->31(90)
[2023-12-20T08:19:04.516-0800][53694961ms] GC(441) Old regions: 156->156
[2023-12-20T08:19:04.516-0800][53694961ms] GC(441) Humongous regions: 5->5
[2023-12-20T08:19:04.516-0800][53694961ms] GC(441) Metaspace: 256077K->256077K(1294336K)
[2023-12-20T08:19:04.516-0800][53694961ms] GC(441) Pause Young (Normal) (G1 Evacuation Pause) 1750M->382M(2386M) 30.179ms
[2023-12-20T08:19:04.516-0800][53694961ms] GC(441) User=0.08s Sys=0.00s Real=0.03s
[2023-12-20T08:19:05.308-0800][53695753ms] GC(442) Pause Young (Normal) (G1 Evacuation Pause)
[2023-12-20T08:19:05.308-0800][53695753ms] GC(442) Using 10 workers of 10 for evacuation
[2023-12-20T08:19:05.339-0800][53695784ms] GC(442)   Pre Evacuate Collection Set: 0.0ms
[2023-12-20T08:19:05.339-0800][53695784ms] GC(442)   Evacuate Collection Set: 29.5ms
[2023-12-20T08:19:05.339-0800][53695784ms] GC(442)   Post Evacuate Collection Set: 2.4ms
[2023-12-20T08:19:05.339-0800][53695784ms] GC(442)   Other: 0.4ms
[2023-12-20T08:19:05.339-0800][53695784ms] GC(442) Eden regions: 684->0(685)
[2023-12-20T08:19:05.339-0800][53695784ms] GC(442) Survivor regions: 31->30(90)
[2023-12-20T08:19:05.339-0800][53695784ms] GC(442) Old regions: 156->157
[2023-12-20T08:19:05.339-0800][53695784ms] GC(442) Humongous regions: 5->5
[2023-12-20T08:19:05.339-0800][53695784ms] GC(442) Metaspace: 256077K->256077K(1294336K)
[2023-12-20T08:19:05.339-0800][53695784ms] GC(442) Pause Young (Normal) (G1 Evacuation Pause) 1750M->382M(2386M) 32.389ms
[2023-12-20T08:19:05.339-0800][53695784ms] GC(442) User=0.06s Sys=0.00s Real=0.03s
[2023-12-20T08:19:06.261-0800][53696706ms] GC(443) Pause Young (Normal) (G1 Evacuation Pause)
[2023-12-20T08:19:06.261-0800][53696706ms] GC(443) Using 10 workers of 10 for evacuation
[2023-12-20T08:19:06.296-0800][53696741ms] GC(443)   Pre Evacuate Collection Set: 0.0ms
[2023-12-20T08:19:06.296-0800][53696741ms] GC(443)   Evacuate Collection Set: 31.5ms
[2023-12-20T08:19:06.296-0800][53696741ms] GC(443)   Post Evacuate Collection Set: 3.2ms
[2023-12-20T08:19:06.296-0800][53696741ms] GC(443)   Other: 0.4ms
[2023-12-20T08:19:06.296-0800][53696741ms] GC(443) Eden regions: 685->0(686)
[2023-12-20T08:19:06.296-0800][53696741ms] GC(443) Survivor regions: 30->29(90)
[2023-12-20T08:19:06.296-0800][53696741ms] GC(443) Old regions: 157->158
[2023-12-20T08:19:06.296-0800][53696741ms] GC(443) Humongous regions: 5->5
[2023-12-20T08:19:06.296-0800][53696741ms] GC(443) Metaspace: 256077K->256077K(1294336K)
[2023-12-20T08:19:06.296-0800][53696741ms] GC(443) Pause Young (Normal) (G1 Evacuation Pause) 1752M->382M(2386M) 35.356ms
[2023-12-20T08:19:06.296-0800][53696741ms] GC(443) User=0.17s Sys=0.02s Real=0.04s
[2023-12-20T08:19:06.958-0800][53697403ms] GC(444) Pause Young (Normal) (G1 Evacuation Pause)
[2023-12-20T08:19:06.958-0800][53697403ms] GC(444) Using 10 workers of 10 for evacuation
[2023-12-20T08:19:06.987-0800][53697432ms] GC(444)   Pre Evacuate Collection Set: 0.1ms
[2023-12-20T08:19:06.987-0800][53697432ms] GC(444)   Evacuate Collection Set: 26.2ms
[2023-12-20T08:19:06.987-0800][53697432ms] GC(444)   Post Evacuate Collection Set: 2.5ms
[2023-12-20T08:19:06.987-0800][53697432ms] GC(444)   Other: 0.5ms
[2023-12-20T08:19:06.987-0800][53697432ms] GC(444) Eden regions: 686->0(685)
[2023-12-20T08:19:06.987-0800][53697432ms] GC(444) Survivor regions: 29->30(90)
[2023-12-20T08:19:06.987-0800][53697432ms] GC(444) Old regions: 158->158
[2023-12-20T08:19:06.987-0800][53697432ms] GC(444) Humongous regions: 5->5
[2023-12-20T08:19:06.987-0800][53697432ms] GC(444) Metaspace: 256077K->256077K(1294336K)
[2023-12-20T08:19:06.987-0800][53697432ms] GC(444) Pause Young (Normal) (G1 Evacuation Pause) 1754M->384M(2386M) 29.254ms
[2023-12-20T08:19:06.987-0800][53697432ms] GC(444) User=0.11s Sys=0.00s Real=0.03s
[2023-12-20T08:19:07.594-0800][53698039ms] GC(445) Pause Young (Normal) (G1 Evacuation Pause)
[2023-12-20T08:19:07.594-0800][53698039ms] GC(445) Using 10 workers of 10 for evacuation
[2023-12-20T08:19:07.624-0800][53698069ms] GC(445)   Pre Evacuate Collection Set: 0.0ms
[2023-12-20T08:19:07.624-0800][53698069ms] GC(445)   Evacuate Collection Set: 27.2ms
[2023-12-20T08:19:07.624-0800][53698069ms] GC(445)   Post Evacuate Collection Set: 3.1ms
[2023-12-20T08:19:07.624-0800][53698069ms] GC(445)   Other: 0.4ms
[2023-12-20T08:19:07.624-0800][53698069ms] GC(445) Eden regions: 685->0(685)
[2023-12-20T08:19:07.624-0800][53698069ms] GC(445) Survivor regions: 30->30(90)
[2023-12-20T08:19:07.624-0800][53698069ms] GC(445) Old regions: 158->158
[2023-12-20T08:19:07.624-0800][53698069ms] GC(445) Humongous regions: 5->5
[2023-12-20T08:19:07.624-0800][53698069ms] GC(445) Metaspace: 256077K->256077K(1294336K)
[2023-12-20T08:19:07.624-0800][53698069ms] GC(445) Pause Young (Normal) (G1 Evacuation Pause) 1754M->384M(2386M) 30.916ms
[2023-12-20T08:19:07.624-0800][53698069ms] GC(445) User=0.17s Sys=0.00s Real=0.03s
[2023-12-20T08:19:08.432-0800][53698877ms] GC(446) Pause Young (Normal) (G1 Evacuation Pause)
[2023-12-20T08:19:08.432-0800][53698877ms] GC(446) Using 10 workers of 10 for evacuation
[2023-12-20T08:19:08.462-0800][53698907ms] GC(446)   Pre Evacuate Collection Set: 0.1ms
[2023-12-20T08:19:08.462-0800][53698907ms] GC(446)   Evacuate Collection Set: 26.8ms
[2023-12-20T08:19:08.462-0800][53698907ms] GC(446)   Post Evacuate Collection Set: 2.4ms
[2023-12-20T08:19:08.462-0800][53698907ms] GC(446)   Other: 0.4ms
[2023-12-20T08:19:08.462-0800][53698907ms] GC(446) Eden regions: 685->0(685)
[2023-12-20T08:19:08.462-0800][53698907ms] GC(446) Survivor regions: 30->30(90)
[2023-12-20T08:19:08.462-0800][53698907ms] GC(446) Old regions: 158->158
[2023-12-20T08:19:08.462-0800][53698907ms] GC(446) Humongous regions: 5->5
[2023-12-20T08:19:08.462-0800][53698907ms] GC(446) Metaspace: 256077K->256077K(1294336K)
[2023-12-20T08:19:08.462-0800][53698907ms] GC(446) Pause Young (Normal) (G1 Evacuation Pause) 1754M->384M(2386M) 29.825ms
[2023-12-20T08:19:08.462-0800][53698907ms] GC(446) User=0.11s Sys=0.00s Real=0.03s
[2023-12-20T08:19:08.963-0800][53699408ms] GC(447) Pause Young (Normal) (G1 Evacuation Pause)
[2023-12-20T08:19:08.963-0800][53699408ms] GC(447) Using 10 workers of 10 for evacuation
[2023-12-20T08:19:08.992-0800][53699437ms] GC(447)   Pre Evacuate Collection Set: 0.0ms
[2023-12-20T08:19:08.992-0800][53699437ms] GC(447)   Evacuate Collection Set: 24.8ms
[2023-12-20T08:19:08.992-0800][53699437ms] GC(447)   Post Evacuate Collection Set: 2.4ms
[2023-12-20T08:19:08.992-0800][53699437ms] GC(447)   Other: 0.4ms
[2023-12-20T08:19:08.992-0800][53699437ms] GC(447) Eden regions: 685->0(685)
[2023-12-20T08:19:08.992-0800][53699437ms] GC(447) Survivor regions: 30->30(90)
[2023-12-20T08:19:08.992-0800][53699437ms] GC(447) Old regions: 158->158
[2023-12-20T08:19:08.992-0800][53699437ms] GC(447) Humongous regions: 5->5
[2023-12-20T08:19:08.992-0800][53699437ms] GC(447) Metaspace: 256077K->256077K(1294336K)
[2023-12-20T08:19:08.992-0800][53699437ms] GC(447) Pause Young (Normal) (G1 Evacuation Pause) 1754M->383M(2386M) 27.707ms
[2023-12-20T08:19:08.992-0800][53699437ms] GC(447) User=0.06s Sys=0.00s Real=0.03s
[2023-12-20T08:19:09.683-0800][53700128ms] GC(448) Pause Young (Normal) (G1 Evacuation Pause)
[2023-12-20T08:19:09.683-0800][53700128ms] GC(448) Using 10 workers of 10 for evacuation
[2023-12-20T08:19:09.718-0800][53700163ms] GC(448)   Pre Evacuate Collection Set: 0.0ms
[2023-12-20T08:19:09.718-0800][53700163ms] GC(448)   Evacuate Collection Set: 30.5ms
[2023-12-20T08:19:09.718-0800][53700163ms] GC(448)   Post Evacuate Collection Set: 3.4ms
[2023-12-20T08:19:09.718-0800][53700163ms] GC(448)   Other: 0.4ms
[2023-12-20T08:19:09.718-0800][53700163ms] GC(448) Eden regions: 685->0(685)
[2023-12-20T08:19:09.718-0800][53700163ms] GC(448) Survivor regions: 30->30(90)
[2023-12-20T08:19:09.718-0800][53700163ms] GC(448) Old regions: 158->158
[2023-12-20T08:19:09.718-0800][53700163ms] GC(448) Humongous regions: 5->5
[2023-12-20T08:19:09.718-0800][53700163ms] GC(448) Metaspace: 256077K->256077K(1294336K)
[2023-12-20T08:19:09.718-0800][53700163ms] GC(448) Pause Young (Normal) (G1 Evacuation Pause) 1753M->384M(2386M) 34.526ms
[2023-12-20T08:19:09.718-0800][53700163ms] GC(448) User=0.13s Sys=0.00s Real=0.03s
[2023-12-20T08:19:10.245-0800][53700690ms] GC(449) Pause Young (Normal) (G1 Evacuation Pause)
[2023-12-20T08:19:10.245-0800][53700690ms] GC(449) Using 10 workers of 10 for evacuation
[2023-12-20T08:19:10.273-0800][53700718ms] GC(449)   Pre Evacuate Collection Set: 0.0ms
[2023-12-20T08:19:10.273-0800][53700718ms] GC(449)   Evacuate Collection Set: 25.8ms
[2023-12-20T08:19:10.273-0800][53700718ms] GC(449)   Post Evacuate Collection Set: 2.3ms
[2023-12-20T08:19:10.273-0800][53700718ms] GC(449)   Other: 0.4ms
[2023-12-20T08:19:10.273-0800][53700718ms] GC(449) Eden regions: 685->0(685)
[2023-12-20T08:19:10.273-0800][53700718ms] GC(449) Survivor regions: 30->30(90)
[2023-12-20T08:19:10.273-0800][53700718ms] GC(449) Old regions: 158->158
[2023-12-20T08:19:10.273-0800][53700718ms] GC(449) Humongous regions: 5->5
[2023-12-20T08:19:10.273-0800][53700718ms] GC(449) Metaspace: 256077K->256077K(1294336K)
[2023-12-20T08:19:10.273-0800][53700718ms] GC(449) Pause Young (Normal) (G1 Evacuation Pause) 1754M->383M(2386M) 28.601ms
[2023-12-20T08:19:10.273-0800][53700718ms] GC(449) User=0.09s Sys=0.00s Real=0.03s
[2023-12-20T08:19:10.961-0800][53701407ms] GC(450) Pause Young (Normal) (G1 Evacuation Pause)
[2023-12-20T08:19:10.962-0800][53701407ms] GC(450) Using 10 workers of 10 for evacuation
[2023-12-20T08:19:10.990-0800][53701435ms] GC(450)   Pre Evacuate Collection Set: 0.0ms
[2023-12-20T08:19:10.990-0800][53701435ms] GC(450)   Evacuate Collection Set: 26.3ms
[2023-12-20T08:19:10.990-0800][53701435ms] GC(450)   Post Evacuate Collection Set: 2.3ms
[2023-12-20T08:19:10.990-0800][53701435ms] GC(450)   Other: 0.4ms
[2023-12-20T08:19:10.990-0800][53701435ms] GC(450) Eden regions: 685->0(685)
[2023-12-20T08:19:10.990-0800][53701435ms] GC(450) Survivor regions: 30->30(90)
[2023-12-20T08:19:10.990-0800][53701435ms] GC(450) Old regions: 158->158
[2023-12-20T08:19:10.990-0800][53701435ms] GC(450) Humongous regions: 5->5
[2023-12-20T08:19:10.990-0800][53701435ms] GC(450) Metaspace: 256077K->256077K(1294336K)
[2023-12-20T08:19:10.990-0800][53701435ms] GC(450) Pause Young (Normal) (G1 Evacuation Pause) 1753M->384M(2386M) 29.133ms
[2023-12-20T08:19:10.990-0800][53701435ms] GC(450) User=0.08s Sys=0.00s Real=0.03s
[2023-12-20T08:19:11.652-0800][53702097ms] GC(451) Pause Young (Normal) (G1 Evacuation Pause)
[2023-12-20T08:19:11.652-0800][53702097ms] GC(451) Using 10 workers of 10 for evacuation
[2023-12-20T08:19:11.683-0800][53702128ms] GC(451)   Pre Evacuate Collection Set: 0.0ms
[2023-12-20T08:19:11.683-0800][53702128ms] GC(451)   Evacuate Collection Set: 27.9ms
[2023-12-20T08:19:11.683-0800][53702128ms] GC(451)   Post Evacuate Collection Set: 3.2ms
[2023-12-20T08:19:11.683-0800][53702128ms] GC(451)   Other: 0.4ms
[2023-12-20T08:19:11.683-0800][53702128ms] GC(451) Eden regions: 685->0(685)
[2023-12-20T08:19:11.683-0800][53702128ms] GC(451) Survivor regions: 30->30(90)
[2023-12-20T08:19:11.683-0800][53702128ms] GC(451) Old regions: 158->158
[2023-12-20T08:19:11.683-0800][53702128ms] GC(451) Humongous regions: 5->5
[2023-12-20T08:19:11.683-0800][53702128ms] GC(451) Metaspace: 256077K->256077K(1294336K)
[2023-12-20T08:19:11.683-0800][53702128ms] GC(451) Pause Young (Normal) (G1 Evacuation Pause) 1754M->383M(2386M) 31.672ms
[2023-12-20T08:19:11.683-0800][53702128ms] GC(451) User=0.11s Sys=0.00s Real=0.03s
[2023-12-20T08:19:12.293-0800][53702738ms] GC(452) Pause Young (Normal) (G1 Evacuation Pause)
[2023-12-20T08:19:12.293-0800][53702738ms] GC(452) Using 10 workers of 10 for evacuation
[2023-12-20T08:19:12.328-0800][53702773ms] GC(452)   Pre Evacuate Collection Set: 0.0ms
[2023-12-20T08:19:12.328-0800][53702773ms] GC(452)   Evacuate Collection Set: 31.7ms
[2023-12-20T08:19:12.328-0800][53702773ms] GC(452)   Post Evacuate Collection Set: 3.5ms
[2023-12-20T08:19:12.328-0800][53702773ms] GC(452)   Other: 0.4ms
[2023-12-20T08:19:12.328-0800][53702773ms] GC(452) Eden regions: 685->0(685)
[2023-12-20T08:19:12.328-0800][53702773ms] GC(452) Survivor regions: 30->30(90)
[2023-12-20T08:19:12.328-0800][53702773ms] GC(452) Old regions: 158->158
[2023-12-20T08:19:12.328-0800][53702773ms] GC(452) Humongous regions: 5->5
[2023-12-20T08:19:12.328-0800][53702773ms] GC(452) Metaspace: 256077K->256077K(1294336K)
[2023-12-20T08:19:12.328-0800][53702773ms] GC(452) Pause Young (Normal) (G1 Evacuation Pause) 1753M->383M(2386M) 35.794ms
[2023-12-20T08:19:12.328-0800][53702773ms] GC(452) User=0.13s Sys=0.00s Real=0.04s
[2023-12-20T08:19:12.849-0800][53703294ms] GC(453) Pause Young (Normal) (G1 Evacuation Pause)
[2023-12-20T08:19:12.849-0800][53703294ms] GC(453) Using 10 workers of 10 for evacuation
[2023-12-20T08:19:12.881-0800][53703326ms] GC(453)   Pre Evacuate Collection Set: 0.1ms
[2023-12-20T08:19:12.881-0800][53703326ms] GC(453)   Evacuate Collection Set: 29.2ms
[2023-12-20T08:19:12.881-0800][53703326ms] GC(453)   Post Evacuate Collection Set: 2.9ms
[2023-12-20T08:19:12.881-0800][53703326ms] GC(453)   Other: 0.4ms
[2023-12-20T08:19:12.881-0800][53703326ms] GC(453) Eden regions: 685->0(685)
[2023-12-20T08:19:12.881-0800][53703326ms] GC(453) Survivor regions: 30->30(90)
[2023-12-20T08:19:12.881-0800][53703326ms] GC(453) Old regions: 158->158
[2023-12-20T08:19:12.881-0800][53703326ms] GC(453) Humongous regions: 5->5
[2023-12-20T08:19:12.881-0800][53703326ms] GC(453) Metaspace: 256077K->256077K(1294336K)
[2023-12-20T08:19:12.881-0800][53703326ms] GC(453) Pause Young (Normal) (G1 Evacuation Pause) 1753M->383M(2386M) 32.769ms
[2023-12-20T08:19:12.881-0800][53703326ms] GC(453) User=0.13s Sys=0.00s Real=0.03s
[2023-12-20T08:19:13.658-0800][53704103ms] GC(454) Pause Young (Normal) (G1 Evacuation Pause)
[2023-12-20T08:19:13.658-0800][53704103ms] GC(454) Using 10 workers of 10 for evacuation
[2023-12-20T08:19:13.695-0800][53704140ms] GC(454)   Pre Evacuate Collection Set: 0.0ms
[2023-12-20T08:19:13.695-0800][53704140ms] GC(454)   Evacuate Collection Set: 33.1ms
[2023-12-20T08:19:13.695-0800][53704140ms] GC(454)   Post Evacuate Collection Set: 2.5ms
[2023-12-20T08:19:13.695-0800][53704140ms] GC(454)   Other: 0.4ms
[2023-12-20T08:19:13.695-0800][53704140ms] GC(454) Eden regions: 685->0(685)
[2023-12-20T08:19:13.695-0800][53704140ms] GC(454) Survivor regions: 30->30(90)
[2023-12-20T08:19:13.695-0800][53704140ms] GC(454) Old regions: 158->158
[2023-12-20T08:19:13.695-0800][53704140ms] GC(454) Humongous regions: 5->5
[2023-12-20T08:19:13.695-0800][53704140ms] GC(454) Metaspace: 256077K->256077K(1294336K)
[2023-12-20T08:19:13.695-0800][53704140ms] GC(454) Pause Young (Normal) (G1 Evacuation Pause) 1753M->383M(2386M) 36.189ms
[2023-12-20T08:19:13.695-0800][53704140ms] GC(454) User=0.30s Sys=0.00s Real=0.04s
[2023-12-20T08:19:14.556-0800][53705001ms] GC(455) Pause Young (Normal) (G1 Evacuation Pause)
[2023-12-20T08:19:14.556-0800][53705001ms] GC(455) Using 10 workers of 10 for evacuation
[2023-12-20T08:19:14.589-0800][53705034ms] GC(455)   Pre Evacuate Collection Set: 0.0ms
[2023-12-20T08:19:14.589-0800][53705034ms] GC(455)   Evacuate Collection Set: 27.0ms
[2023-12-20T08:19:14.589-0800][53705034ms] GC(455)   Post Evacuate Collection Set: 6.1ms
[2023-12-20T08:19:14.589-0800][53705034ms] GC(455)   Other: 0.4ms
[2023-12-20T08:19:14.589-0800][53705034ms] GC(455) Eden regions: 685->0(753)
[2023-12-20T08:19:14.589-0800][53705034ms] GC(455) Survivor regions: 30->30(90)
[2023-12-20T08:19:14.589-0800][53705034ms] GC(455) Old regions: 158->158
[2023-12-20T08:19:14.589-0800][53705034ms] GC(455) Humongous regions: 5->5
[2023-12-20T08:19:14.589-0800][53705034ms] GC(455) Metaspace: 256077K->256077K(1294336K)
[2023-12-20T08:19:14.589-0800][53705034ms] GC(455) Pause Young (Normal) (G1 Evacuation Pause) 1753M->384M(2612M) 33.725ms
[2023-12-20T08:19:14.589-0800][53705034ms] GC(455) User=0.05s Sys=0.00s Real=0.03s
[2023-12-20T08:19:15.587-0800][53706032ms] GC(456) Pause Young (Normal) (G1 Evacuation Pause)
[2023-12-20T08:19:15.587-0800][53706032ms] GC(456) Using 10 workers of 10 for evacuation
[2023-12-20T08:19:15.617-0800][53706062ms] GC(456)   Pre Evacuate Collection Set: 0.0ms
[2023-12-20T08:19:15.617-0800][53706062ms] GC(456)   Evacuate Collection Set: 27.3ms
[2023-12-20T08:19:15.617-0800][53706062ms] GC(456)   Post Evacuate Collection Set: 2.4ms
[2023-12-20T08:19:15.617-0800][53706062ms] GC(456)   Other: 0.5ms
[2023-12-20T08:19:15.617-0800][53706062ms] GC(456) Eden regions: 753->0(753)
[2023-12-20T08:19:15.617-0800][53706062ms] GC(456) Survivor regions: 30->30(98)
[2023-12-20T08:19:15.617-0800][53706062ms] GC(456) Old regions: 158->158
[2023-12-20T08:19:15.617-0800][53706062ms] GC(456) Humongous regions: 5->5
[2023-12-20T08:19:15.617-0800][53706062ms] GC(456) Metaspace: 256093K->256093K(1294336K)
[2023-12-20T08:19:15.617-0800][53706062ms] GC(456) Pause Young (Normal) (G1 Evacuation Pause) 1890M->384M(2612M) 30.341ms
[2023-12-20T08:19:15.617-0800][53706062ms] GC(456) User=0.11s Sys=0.00s Real=0.03s
[2023-12-20T08:19:16.358-0800][53706803ms] GC(457) Pause Young (Normal) (G1 Evacuation Pause)
[2023-12-20T08:19:16.358-0800][53706803ms] GC(457) Using 10 workers of 10 for evacuation
[2023-12-20T08:19:16.389-0800][53706834ms] GC(457)   Pre Evacuate Collection Set: 0.0ms
[2023-12-20T08:19:16.389-0800][53706834ms] GC(457)   Evacuate Collection Set: 28.1ms
[2023-12-20T08:19:16.389-0800][53706834ms] GC(457)   Post Evacuate Collection Set: 2.5ms
[2023-12-20T08:19:16.389-0800][53706834ms] GC(457)   Other: 0.4ms
[2023-12-20T08:19:16.389-0800][53706834ms] GC(457) Eden regions: 753->0(753)
[2023-12-20T08:19:16.389-0800][53706834ms] GC(457) Survivor regions: 30->30(98)
[2023-12-20T08:19:16.389-0800][53706834ms] GC(457) Old regions: 158->158
[2023-12-20T08:19:16.389-0800][53706834ms] GC(457) Humongous regions: 5->5
[2023-12-20T08:19:16.389-0800][53706834ms] GC(457) Metaspace: 256093K->256093K(1294336K)
[2023-12-20T08:19:16.389-0800][53706834ms] GC(457) Pause Young (Normal) (G1 Evacuation Pause) 1890M->384M(2612M) 31.139ms
[2023-12-20T08:19:16.389-0800][53706834ms] GC(457) User=0.14s Sys=0.00s Real=0.03s
[2023-12-20T08:19:17.128-0800][53707573ms] GC(458) Pause Young (Normal) (G1 Evacuation Pause)
[2023-12-20T08:19:17.128-0800][53707573ms] GC(458) Using 10 workers of 10 for evacuation
[2023-12-20T08:19:17.157-0800][53707602ms] GC(458)   Pre Evacuate Collection Set: 0.0ms
[2023-12-20T08:19:17.157-0800][53707602ms] GC(458)   Evacuate Collection Set: 26.8ms
[2023-12-20T08:19:17.157-0800][53707602ms] GC(458)   Post Evacuate Collection Set: 2.4ms
[2023-12-20T08:19:17.157-0800][53707602ms] GC(458)   Other: 0.4ms
[2023-12-20T08:19:17.157-0800][53707602ms] GC(458) Eden regions: 753->0(753)
[2023-12-20T08:19:17.157-0800][53707602ms] GC(458) Survivor regions: 30->30(98)
[2023-12-20T08:19:17.157-0800][53707602ms] GC(458) Old regions: 158->158
[2023-12-20T08:19:17.157-0800][53707602ms] GC(458) Humongous regions: 5->5
[2023-12-20T08:19:17.157-0800][53707602ms] GC(458) Metaspace: 256093K->256093K(1294336K)
[2023-12-20T08:19:17.157-0800][53707602ms] GC(458) Pause Young (Normal) (G1 Evacuation Pause) 1890M->384M(2612M) 29.758ms
[2023-12-20T08:19:17.157-0800][53707602ms] GC(458) User=0.11s Sys=0.00s Real=0.03s
[2023-12-20T08:19:17.947-0800][53708392ms] GC(459) Pause Young (Normal) (G1 Evacuation Pause)
[2023-12-20T08:19:17.947-0800][53708392ms] GC(459) Using 10 workers of 10 for evacuation
[2023-12-20T08:19:17.982-0800][53708427ms] GC(459)   Pre Evacuate Collection Set: 0.1ms
[2023-12-20T08:19:17.982-0800][53708427ms] GC(459)   Evacuate Collection Set: 31.6ms
[2023-12-20T08:19:17.982-0800][53708427ms] GC(459)   Post Evacuate Collection Set: 2.4ms
[2023-12-20T08:19:17.982-0800][53708427ms] GC(459)   Other: 0.5ms
[2023-12-20T08:19:17.982-0800][53708427ms] GC(459) Eden regions: 753->0(753)
[2023-12-20T08:19:17.982-0800][53708427ms] GC(459) Survivor regions: 30->30(98)
[2023-12-20T08:19:17.982-0800][53708427ms] GC(459) Old regions: 158->158
[2023-12-20T08:19:17.982-0800][53708427ms] GC(459) Humongous regions: 5->5
[2023-12-20T08:19:17.982-0800][53708427ms] GC(459) Metaspace: 256093K->256093K(1294336K)
[2023-12-20T08:19:17.982-0800][53708427ms] GC(459) Pause Young (Normal) (G1 Evacuation Pause) 1890M->384M(2612M) 34.678ms
[2023-12-20T08:19:17.982-0800][53708427ms] GC(459) User=0.11s Sys=0.00s Real=0.04s
[2023-12-20T08:19:19.175-0800][53709620ms] GC(460) Pause Young (Normal) (G1 Evacuation Pause)
[2023-12-20T08:19:19.175-0800][53709620ms] GC(460) Using 10 workers of 10 for evacuation
[2023-12-20T08:19:19.210-0800][53709655ms] GC(460)   Pre Evacuate Collection Set: 0.1ms
[2023-12-20T08:19:19.210-0800][53709655ms] GC(460)   Evacuate Collection Set: 32.5ms
[2023-12-20T08:19:19.210-0800][53709655ms] GC(460)   Post Evacuate Collection Set: 3.1ms
[2023-12-20T08:19:19.210-0800][53709655ms] GC(460)   Other: 0.5ms
[2023-12-20T08:19:19.210-0800][53709655ms] GC(460) Eden regions: 753->0(752)
[2023-12-20T08:19:19.210-0800][53709655ms] GC(460) Survivor regions: 30->31(98)
[2023-12-20T08:19:19.212-0800][53709657ms] GC(460) Old regions: 158->158
[2023-12-20T08:19:19.212-0800][53709657ms] GC(460) Humongous regions: 5->5
[2023-12-20T08:19:19.212-0800][53709657ms] GC(460) Metaspace: 256093K->256093K(1294336K)
[2023-12-20T08:19:19.212-0800][53709657ms] GC(460) Pause Young (Normal) (G1 Evacuation Pause) 1890M->385M(2612M) 36.618ms
[2023-12-20T08:19:19.212-0800][53709657ms] GC(460) User=0.11s Sys=0.00s Real=0.04s
[2023-12-20T08:19:20.266-0800][53710711ms] GC(461) Pause Young (Normal) (G1 Evacuation Pause)
[2023-12-20T08:19:20.266-0800][53710711ms] GC(461) Using 10 workers of 10 for evacuation
[2023-12-20T08:19:20.297-0800][53710742ms] GC(461)   Pre Evacuate Collection Set: 0.0ms
[2023-12-20T08:19:20.297-0800][53710742ms] GC(461)   Evacuate Collection Set: 29.2ms
[2023-12-20T08:19:20.297-0800][53710742ms] GC(461)   Post Evacuate Collection Set: 2.6ms
[2023-12-20T08:19:20.297-0800][53710742ms] GC(461)   Other: 0.4ms
[2023-12-20T08:19:20.298-0800][53710743ms] GC(461) Eden regions: 752->0(753)
[2023-12-20T08:19:20.298-0800][53710743ms] GC(461) Survivor regions: 31->30(98)
[2023-12-20T08:19:20.298-0800][53710743ms] GC(461) Old regions: 158->158
[2023-12-20T08:19:20.298-0800][53710743ms] GC(461) Humongous regions: 5->5
[2023-12-20T08:19:20.298-0800][53710743ms] GC(461) Metaspace: 256093K->256093K(1294336K)
[2023-12-20T08:19:20.298-0800][53710743ms] GC(461) Pause Young (Normal) (G1 Evacuation Pause) 1889M->384M(2612M) 32.343ms
[2023-12-20T08:19:20.298-0800][53710743ms] GC(461) User=0.11s Sys=0.00s Real=0.03s
[2023-12-20T08:19:21.056-0800][53711501ms] GC(462) Pause Young (Normal) (G1 Evacuation Pause)
[2023-12-20T08:19:21.056-0800][53711501ms] GC(462) Using 10 workers of 10 for evacuation
[2023-12-20T08:19:21.086-0800][53711531ms] GC(462)   Pre Evacuate Collection Set: 0.0ms
[2023-12-20T08:19:21.086-0800][53711531ms] GC(462)   Evacuate Collection Set: 27.1ms
[2023-12-20T08:19:21.086-0800][53711531ms] GC(462)   Post Evacuate Collection Set: 2.3ms
[2023-12-20T08:19:21.086-0800][53711531ms] GC(462)   Other: 0.3ms
[2023-12-20T08:19:21.086-0800][53711531ms] GC(462) Eden regions: 753->0(753)
[2023-12-20T08:19:21.086-0800][53711531ms] GC(462) Survivor regions: 30->30(98)
[2023-12-20T08:19:21.086-0800][53711531ms] GC(462) Old regions: 158->158
[2023-12-20T08:19:21.086-0800][53711531ms] GC(462) Humongous regions: 5->5
[2023-12-20T08:19:21.086-0800][53711531ms] GC(462) Metaspace: 256093K->256093K(1294336K)
[2023-12-20T08:19:21.086-0800][53711531ms] GC(462) Pause Young (Normal) (G1 Evacuation Pause) 1890M->384M(2612M) 29.903ms
[2023-12-20T08:19:21.086-0800][53711531ms] GC(462) User=0.09s Sys=0.00s Real=0.03s
[2023-12-20T08:19:21.822-0800][53712267ms] GC(463) Pause Young (Normal) (G1 Evacuation Pause)
[2023-12-20T08:19:21.822-0800][53712267ms] GC(463) Using 10 workers of 10 for evacuation
[2023-12-20T08:19:21.853-0800][53712298ms] GC(463)   Pre Evacuate Collection Set: 0.0ms
[2023-12-20T08:19:21.853-0800][53712298ms] GC(463)   Evacuate Collection Set: 27.6ms
[2023-12-20T08:19:21.853-0800][53712298ms] GC(463)   Post Evacuate Collection Set: 2.3ms
[2023-12-20T08:19:21.853-0800][53712298ms] GC(463)   Other: 0.4ms
[2023-12-20T08:19:21.853-0800][53712298ms] GC(463) Eden regions: 753->0(753)
[2023-12-20T08:19:21.853-0800][53712298ms] GC(463) Survivor regions: 30->30(98)
[2023-12-20T08:19:21.853-0800][53712298ms] GC(463) Old regions: 158->158
[2023-12-20T08:19:21.853-0800][53712298ms] GC(463) Humongous regions: 5->5
[2023-12-20T08:19:21.853-0800][53712298ms] GC(463) Metaspace: 256093K->256093K(1294336K)
[2023-12-20T08:19:21.853-0800][53712298ms] GC(463) Pause Young (Normal) (G1 Evacuation Pause) 1890M->384M(2612M) 30.462ms
[2023-12-20T08:19:21.853-0800][53712298ms] GC(463) User=0.06s Sys=0.00s Real=0.03s
[2023-12-20T08:19:22.594-0800][53713039ms] GC(464) Pause Young (Normal) (G1 Evacuation Pause)
[2023-12-20T08:19:22.594-0800][53713039ms] GC(464) Using 10 workers of 10 for evacuation
[2023-12-20T08:19:22.624-0800][53713069ms] GC(464)   Pre Evacuate Collection Set: 0.0ms
[2023-12-20T08:19:22.624-0800][53713069ms] GC(464)   Evacuate Collection Set: 26.8ms
[2023-12-20T08:19:22.624-0800][53713069ms] GC(464)   Post Evacuate Collection Set: 2.4ms
[2023-12-20T08:19:22.624-0800][53713069ms] GC(464)   Other: 0.3ms
[2023-12-20T08:19:22.624-0800][53713069ms] GC(464) Eden regions: 753->0(753)
[2023-12-20T08:19:22.624-0800][53713069ms] GC(464) Survivor regions: 30->30(98)
[2023-12-20T08:19:22.624-0800][53713069ms] GC(464) Old regions: 158->158
[2023-12-20T08:19:22.624-0800][53713069ms] GC(464) Humongous regions: 5->5
[2023-12-20T08:19:22.624-0800][53713069ms] GC(464) Metaspace: 256093K->256093K(1294336K)
[2023-12-20T08:19:22.624-0800][53713069ms] GC(464) Pause Young (Normal) (G1 Evacuation Pause) 1890M->384M(2612M) 29.887ms
[2023-12-20T08:19:22.624-0800][53713069ms] GC(464) User=0.11s Sys=0.00s Real=0.03s
[2023-12-20T08:19:23.488-0800][53713933ms] GC(465) Pause Young (Normal) (G1 Evacuation Pause)
[2023-12-20T08:19:23.488-0800][53713933ms] GC(465) Using 10 workers of 10 for evacuation
[2023-12-20T08:19:23.520-0800][53713965ms] GC(465)   Pre Evacuate Collection Set: 0.0ms
[2023-12-20T08:19:23.521-0800][53713966ms] GC(465)   Evacuate Collection Set: 28.7ms
[2023-12-20T08:19:23.521-0800][53713966ms] GC(465)   Post Evacuate Collection Set: 4.2ms
[2023-12-20T08:19:23.521-0800][53713966ms] GC(465)   Other: 0.4ms
[2023-12-20T08:19:23.521-0800][53713966ms] GC(465) Eden regions: 753->0(753)
[2023-12-20T08:19:23.521-0800][53713966ms] GC(465) Survivor regions: 30->30(98)
[2023-12-20T08:19:23.521-0800][53713966ms] GC(465) Old regions: 158->158
[2023-12-20T08:19:23.521-0800][53713966ms] GC(465) Humongous regions: 5->5
[2023-12-20T08:19:23.521-0800][53713966ms] GC(465) Metaspace: 256093K->256093K(1294336K)
[2023-12-20T08:19:23.521-0800][53713966ms] GC(465) Pause Young (Normal) (G1 Evacuation Pause) 1890M->383M(2612M) 33.555ms
[2023-12-20T08:19:23.521-0800][53713966ms] GC(465) User=0.05s Sys=0.00s Real=0.03s
[2023-12-20T08:19:25.211-0800][53715656ms] GC(466) Pause Young (Normal) (G1 Evacuation Pause)
[2023-12-20T08:19:25.211-0800][53715656ms] GC(466) Using 10 workers of 10 for evacuation
[2023-12-20T08:19:25.247-0800][53715692ms] GC(466)   Pre Evacuate Collection Set: 0.0ms
[2023-12-20T08:19:25.247-0800][53715692ms] GC(466)   Evacuate Collection Set: 31.9ms
[2023-12-20T08:19:25.247-0800][53715692ms] GC(466)   Post Evacuate Collection Set: 3.3ms
[2023-12-20T08:19:25.247-0800][53715692ms] GC(466)   Other: 0.4ms
[2023-12-20T08:19:25.247-0800][53715692ms] GC(466) Eden regions: 753->0(753)
[2023-12-20T08:19:25.247-0800][53715692ms] GC(466) Survivor regions: 30->30(98)
[2023-12-20T08:19:25.247-0800][53715692ms] GC(466) Old regions: 158->158
[2023-12-20T08:19:25.247-0800][53715692ms] GC(466) Humongous regions: 5->5
[2023-12-20T08:19:25.247-0800][53715692ms] GC(466) Metaspace: 256093K->256093K(1294336K)
[2023-12-20T08:19:25.247-0800][53715692ms] GC(466) Pause Young (Normal) (G1 Evacuation Pause) 1889M->383M(2612M) 35.942ms
[2023-12-20T08:19:25.247-0800][53715692ms] GC(466) User=0.16s Sys=0.00s Real=0.04s
[2023-12-20T08:19:26.271-0800][53716716ms] GC(467) Pause Young (Normal) (G1 Evacuation Pause)
[2023-12-20T08:19:26.271-0800][53716716ms] GC(467) Using 10 workers of 10 for evacuation
[2023-12-20T08:19:26.304-0800][53716749ms] GC(467)   Pre Evacuate Collection Set: 0.1ms
[2023-12-20T08:19:26.304-0800][53716749ms] GC(467)   Evacuate Collection Set: 28.3ms
[2023-12-20T08:19:26.304-0800][53716749ms] GC(467)   Post Evacuate Collection Set: 3.4ms
[2023-12-20T08:19:26.304-0800][53716749ms] GC(467)   Other: 0.5ms
[2023-12-20T08:19:26.304-0800][53716749ms] GC(467) Eden regions: 753->0(753)
[2023-12-20T08:19:26.304-0800][53716749ms] GC(467) Survivor regions: 30->30(98)
[2023-12-20T08:19:26.304-0800][53716749ms] GC(467) Old regions: 158->158
[2023-12-20T08:19:26.304-0800][53716749ms] GC(467) Humongous regions: 5->5
[2023-12-20T08:19:26.304-0800][53716749ms] GC(467) Metaspace: 256093K->256093K(1294336K)
[2023-12-20T08:19:26.304-0800][53716749ms] GC(467) Pause Young (Normal) (G1 Evacuation Pause) 1889M->383M(2612M) 32.432ms
[2023-12-20T08:19:26.304-0800][53716749ms] GC(467) User=0.17s Sys=0.00s Real=0.03s
[2023-12-20T08:19:27.119-0800][53717564ms] GC(468) Pause Young (Normal) (G1 Evacuation Pause)
[2023-12-20T08:19:27.119-0800][53717564ms] GC(468) Using 10 workers of 10 for evacuation
[2023-12-20T08:19:27.148-0800][53717593ms] GC(468)   Pre Evacuate Collection Set: 0.0ms
[2023-12-20T08:19:27.148-0800][53717593ms] GC(468)   Evacuate Collection Set: 26.4ms
[2023-12-20T08:19:27.148-0800][53717593ms] GC(468)   Post Evacuate Collection Set: 2.4ms
[2023-12-20T08:19:27.148-0800][53717593ms] GC(468)   Other: 0.4ms
[2023-12-20T08:19:27.148-0800][53717593ms] GC(468) Eden regions: 753->0(753)
[2023-12-20T08:19:27.148-0800][53717593ms] GC(468) Survivor regions: 30->30(98)
[2023-12-20T08:19:27.148-0800][53717593ms] GC(468) Old regions: 158->158
[2023-12-20T08:19:27.148-0800][53717593ms] GC(468) Humongous regions: 5->5
[2023-12-20T08:19:27.148-0800][53717593ms] GC(468) Metaspace: 256093K->256093K(1294336K)
[2023-12-20T08:19:27.148-0800][53717593ms] GC(468) Pause Young (Normal) (G1 Evacuation Pause) 1889M->383M(2612M) 29.271ms
[2023-12-20T08:19:27.148-0800][53717593ms] GC(468) User=0.08s Sys=0.00s Real=0.03s
[2023-12-20T08:19:27.922-0800][53718367ms] GC(469) Pause Young (Normal) (G1 Evacuation Pause)
[2023-12-20T08:19:27.922-0800][53718367ms] GC(469) Using 10 workers of 10 for evacuation
[2023-12-20T08:19:27.951-0800][53718396ms] GC(469)   Pre Evacuate Collection Set: 0.0ms
[2023-12-20T08:19:27.951-0800][53718396ms] GC(469)   Evacuate Collection Set: 26.7ms
[2023-12-20T08:19:27.951-0800][53718396ms] GC(469)   Post Evacuate Collection Set: 2.2ms
[2023-12-20T08:19:27.951-0800][53718396ms] GC(469)   Other: 0.3ms
[2023-12-20T08:19:27.951-0800][53718396ms] GC(469) Eden regions: 753->0(753)
[2023-12-20T08:19:27.951-0800][53718396ms] GC(469) Survivor regions: 30->30(98)
[2023-12-20T08:19:27.951-0800][53718396ms] GC(469) Old regions: 158->158
[2023-12-20T08:19:27.951-0800][53718396ms] GC(469) Humongous regions: 5->5
[2023-12-20T08:19:27.951-0800][53718396ms] GC(469) Metaspace: 256093K->256093K(1294336K)
[2023-12-20T08:19:27.951-0800][53718396ms] GC(469) Pause Young (Normal) (G1 Evacuation Pause) 1889M->383M(2612M) 29.384ms
[2023-12-20T08:19:27.951-0800][53718396ms] GC(469) User=0.09s Sys=0.00s Real=0.03s
[2023-12-20T08:19:28.710-0800][53719155ms] GC(470) Pause Young (Normal) (G1 Evacuation Pause)
[2023-12-20T08:19:28.710-0800][53719155ms] GC(470) Using 10 workers of 10 for evacuation
[2023-12-20T08:19:28.740-0800][53719185ms] GC(470)   Pre Evacuate Collection Set: 0.0ms
[2023-12-20T08:19:28.740-0800][53719185ms] GC(470)   Evacuate Collection Set: 27.6ms
[2023-12-20T08:19:28.740-0800][53719185ms] GC(470)   Post Evacuate Collection Set: 2.4ms
[2023-12-20T08:19:28.740-0800][53719185ms] GC(470)   Other: 0.3ms
[2023-12-20T08:19:28.740-0800][53719185ms] GC(470) Eden regions: 753->0(753)
[2023-12-20T08:19:28.740-0800][53719185ms] GC(470) Survivor regions: 30->30(98)
[2023-12-20T08:19:28.740-0800][53719185ms] GC(470) Old regions: 158->158
[2023-12-20T08:19:28.740-0800][53719185ms] GC(470) Humongous regions: 5->5
[2023-12-20T08:19:28.740-0800][53719185ms] GC(470) Metaspace: 256093K->256093K(1294336K)
[2023-12-20T08:19:28.740-0800][53719185ms] GC(470) Pause Young (Normal) (G1 Evacuation Pause) 1889M->383M(2612M) 30.582ms
[2023-12-20T08:19:28.740-0800][53719185ms] GC(470) User=0.09s Sys=0.00s Real=0.03s
[2023-12-20T08:19:29.546-0800][53719991ms] GC(471) Pause Young (Normal) (G1 Evacuation Pause)
[2023-12-20T08:19:29.546-0800][53719991ms] GC(471) Using 10 workers of 10 for evacuation
[2023-12-20T08:19:29.577-0800][53720022ms] GC(471)   Pre Evacuate Collection Set: 0.0ms
[2023-12-20T08:19:29.577-0800][53720022ms] GC(471)   Evacuate Collection Set: 27.6ms
[2023-12-20T08:19:29.577-0800][53720022ms] GC(471)   Post Evacuate Collection Set: 2.5ms
[2023-12-20T08:19:29.577-0800][53720022ms] GC(471)   Other: 0.4ms
[2023-12-20T08:19:29.577-0800][53720022ms] GC(471) Eden regions: 753->0(753)
[2023-12-20T08:19:29.577-0800][53720022ms] GC(471) Survivor regions: 30->30(98)
[2023-12-20T08:19:29.577-0800][53720022ms] GC(471) Old regions: 158->158
[2023-12-20T08:19:29.577-0800][53720022ms] GC(471) Humongous regions: 5->5
[2023-12-20T08:19:29.577-0800][53720022ms] GC(471) Metaspace: 256093K->256093K(1294336K)
[2023-12-20T08:19:29.577-0800][53720022ms] GC(471) Pause Young (Normal) (G1 Evacuation Pause) 1889M->383M(2612M) 30.628ms
[2023-12-20T08:19:29.577-0800][53720022ms] GC(471) User=0.11s Sys=0.00s Real=0.03s
[2023-12-20T08:19:30.386-0800][53720831ms] GC(472) Pause Young (Normal) (G1 Evacuation Pause)
[2023-12-20T08:19:30.386-0800][53720831ms] GC(472) Using 10 workers of 10 for evacuation
[2023-12-20T08:19:30.415-0800][53720860ms] GC(472)   Pre Evacuate Collection Set: 0.0ms
[2023-12-20T08:19:30.415-0800][53720860ms] GC(472)   Evacuate Collection Set: 26.7ms
[2023-12-20T08:19:30.415-0800][53720860ms] GC(472)   Post Evacuate Collection Set: 2.4ms
[2023-12-20T08:19:30.415-0800][53720860ms] GC(472)   Other: 0.4ms
[2023-12-20T08:19:30.415-0800][53720860ms] GC(472) Eden regions: 753->0(753)
[2023-12-20T08:19:30.415-0800][53720860ms] GC(472) Survivor regions: 30->30(98)
[2023-12-20T08:19:30.415-0800][53720860ms] GC(472) Old regions: 158->158
[2023-12-20T08:19:30.415-0800][53720860ms] GC(472) Humongous regions: 5->5
[2023-12-20T08:19:30.415-0800][53720860ms] GC(472) Metaspace: 256093K->256093K(1294336K)
[2023-12-20T08:19:30.415-0800][53720860ms] GC(472) Pause Young (Normal) (G1 Evacuation Pause) 1889M->384M(2612M) 29.681ms
[2023-12-20T08:19:30.415-0800][53720860ms] GC(472) User=0.13s Sys=0.00s Real=0.03s
[2023-12-20T08:19:31.157-0800][53721602ms] GC(473) Pause Young (Normal) (G1 Evacuation Pause)
[2023-12-20T08:19:31.157-0800][53721602ms] GC(473) Using 10 workers of 10 for evacuation
[2023-12-20T08:19:31.188-0800][53721633ms] GC(473)   Pre Evacuate Collection Set: 0.0ms
[2023-12-20T08:19:31.188-0800][53721633ms] GC(473)   Evacuate Collection Set: 28.0ms
[2023-12-20T08:19:31.188-0800][53721633ms] GC(473)   Post Evacuate Collection Set: 2.6ms
[2023-12-20T08:19:31.188-0800][53721633ms] GC(473)   Other: 0.4ms
[2023-12-20T08:19:31.188-0800][53721633ms] GC(473) Eden regions: 753->0(753)
[2023-12-20T08:19:31.188-0800][53721633ms] GC(473) Survivor regions: 30->30(98)
[2023-12-20T08:19:31.188-0800][53721633ms] GC(473) Old regions: 158->158
[2023-12-20T08:19:31.188-0800][53721633ms] GC(473) Humongous regions: 5->5
[2023-12-20T08:19:31.188-0800][53721633ms] GC(473) Metaspace: 256093K->256093K(1294336K)
[2023-12-20T08:19:31.188-0800][53721633ms] GC(473) Pause Young (Normal) (G1 Evacuation Pause) 1890M->383M(2612M) 31.178ms
[2023-12-20T08:19:31.188-0800][53721633ms] GC(473) User=0.09s Sys=0.00s Real=0.03s
[2023-12-20T08:19:32.089-0800][53722534ms] GC(474) Pause Young (Normal) (G1 Evacuation Pause)
[2023-12-20T08:19:32.089-0800][53722534ms] GC(474) Using 10 workers of 10 for evacuation
[2023-12-20T08:19:32.117-0800][53722562ms] GC(474)   Pre Evacuate Collection Set: 0.0ms
[2023-12-20T08:19:32.117-0800][53722562ms] GC(474)   Evacuate Collection Set: 26.5ms
[2023-12-20T08:19:32.117-0800][53722562ms] GC(474)   Post Evacuate Collection Set: 2.2ms
[2023-12-20T08:19:32.117-0800][53722562ms] GC(474)   Other: 0.3ms
[2023-12-20T08:19:32.117-0800][53722562ms] GC(474) Eden regions: 753->0(753)
[2023-12-20T08:19:32.117-0800][53722562ms] GC(474) Survivor regions: 30->30(98)
[2023-12-20T08:19:32.117-0800][53722562ms] GC(474) Old regions: 158->158
[2023-12-20T08:19:32.117-0800][53722562ms] GC(474) Humongous regions: 5->5
[2023-12-20T08:19:32.117-0800][53722562ms] GC(474) Metaspace: 256093K->256093K(1294336K)
[2023-12-20T08:19:32.117-0800][53722562ms] GC(474) Pause Young (Normal) (G1 Evacuation Pause) 1889M->383M(2612M) 29.135ms
[2023-12-20T08:19:32.117-0800][53722562ms] GC(474) User=0.11s Sys=0.00s Real=0.03s
[2023-12-20T08:19:32.852-0800][53723297ms] GC(475) Pause Young (Normal) (G1 Evacuation Pause)
[2023-12-20T08:19:32.852-0800][53723297ms] GC(475) Using 10 workers of 10 for evacuation
[2023-12-20T08:19:32.881-0800][53723326ms] GC(475)   Pre Evacuate Collection Set: 0.0ms
[2023-12-20T08:19:32.881-0800][53723326ms] GC(475)   Evacuate Collection Set: 26.4ms
[2023-12-20T08:19:32.881-0800][53723326ms] GC(475)   Post Evacuate Collection Set: 2.4ms
[2023-12-20T08:19:32.881-0800][53723326ms] GC(475)   Other: 0.3ms
[2023-12-20T08:19:32.881-0800][53723326ms] GC(475) Eden regions: 753->0(754)
[2023-12-20T08:19:32.881-0800][53723326ms] GC(475) Survivor regions: 30->29(98)
[2023-12-20T08:19:32.881-0800][53723326ms] GC(475) Old regions: 158->158
[2023-12-20T08:19:32.881-0800][53723326ms] GC(475) Humongous regions: 5->5
[2023-12-20T08:19:32.881-0800][53723326ms] GC(475) Metaspace: 256093K->256093K(1294336K)
[2023-12-20T08:19:32.881-0800][53723326ms] GC(475) Pause Young (Normal) (G1 Evacuation Pause) 1889M->382M(2612M) 29.370ms
[2023-12-20T08:19:32.881-0800][53723326ms] GC(475) User=0.11s Sys=0.00s Real=0.03s
[2023-12-20T08:19:33.667-0800][53724112ms] GC(476) Pause Young (Normal) (G1 Evacuation Pause)
[2023-12-20T08:19:33.667-0800][53724112ms] GC(476) Using 10 workers of 10 for evacuation
[2023-12-20T08:19:33.702-0800][53724147ms] GC(476)   Pre Evacuate Collection Set: 0.0ms
[2023-12-20T08:19:33.702-0800][53724147ms] GC(476)   Evacuate Collection Set: 30.8ms
[2023-12-20T08:19:33.702-0800][53724147ms] GC(476)   Post Evacuate Collection Set: 2.8ms
[2023-12-20T08:19:33.702-0800][53724147ms] GC(476)   Other: 0.4ms
[2023-12-20T08:19:33.702-0800][53724147ms] GC(476) Eden regions: 754->0(754)
[2023-12-20T08:19:33.702-0800][53724147ms] GC(476) Survivor regions: 29->29(98)
[2023-12-20T08:19:33.702-0800][53724147ms] GC(476) Old regions: 158->158
[2023-12-20T08:19:33.702-0800][53724147ms] GC(476) Humongous regions: 5->5
[2023-12-20T08:19:33.702-0800][53724147ms] GC(476) Metaspace: 256093K->256093K(1294336K)
[2023-12-20T08:19:33.702-0800][53724147ms] GC(476) Pause Young (Normal) (G1 Evacuation Pause) 1890M->381M(2612M) 34.224ms
[2023-12-20T08:19:33.702-0800][53724147ms] GC(476) User=0.14s Sys=0.00s Real=0.03s
[2023-12-20T08:19:34.516-0800][53724961ms] GC(477) Pause Young (Normal) (G1 Evacuation Pause)
[2023-12-20T08:19:34.516-0800][53724961ms] GC(477) Using 10 workers of 10 for evacuation
[2023-12-20T08:19:34.546-0800][53724991ms] GC(477)   Pre Evacuate Collection Set: 0.0ms
[2023-12-20T08:19:34.547-0800][53724992ms] GC(477)   Evacuate Collection Set: 27.3ms
[2023-12-20T08:19:34.547-0800][53724992ms] GC(477)   Post Evacuate Collection Set: 2.7ms
[2023-12-20T08:19:34.547-0800][53724992ms] GC(477)   Other: 0.5ms
[2023-12-20T08:19:34.547-0800][53724992ms] GC(477) Eden regions: 754->0(754)
[2023-12-20T08:19:34.547-0800][53724992ms] GC(477) Survivor regions: 29->29(98)
[2023-12-20T08:19:34.547-0800][53724992ms] GC(477) Old regions: 158->158
[2023-12-20T08:19:34.547-0800][53724992ms] GC(477) Humongous regions: 5->5
[2023-12-20T08:19:34.547-0800][53724992ms] GC(477) Metaspace: 256093K->256093K(1294336K)
[2023-12-20T08:19:34.547-0800][53724992ms] GC(477) Pause Young (Normal) (G1 Evacuation Pause) 1889M->382M(2612M) 30.726ms
[2023-12-20T08:19:34.547-0800][53724992ms] GC(477) User=0.14s Sys=0.00s Real=0.03s
[2023-12-20T08:19:35.393-0800][53725838ms] GC(478) Pause Young (Normal) (G1 Evacuation Pause)
[2023-12-20T08:19:35.394-0800][53725839ms] GC(478) Using 10 workers of 10 for evacuation
[2023-12-20T08:19:35.423-0800][53725868ms] GC(478)   Pre Evacuate Collection Set: 0.0ms
[2023-12-20T08:19:35.423-0800][53725868ms] GC(478)   Evacuate Collection Set: 27.4ms
[2023-12-20T08:19:35.423-0800][53725868ms] GC(478)   Post Evacuate Collection Set: 2.7ms
[2023-12-20T08:19:35.423-0800][53725868ms] GC(478)   Other: 0.4ms
[2023-12-20T08:19:35.423-0800][53725868ms] GC(478) Eden regions: 754->0(753)
[2023-12-20T08:19:35.423-0800][53725868ms] GC(478) Survivor regions: 29->30(98)
[2023-12-20T08:19:35.423-0800][53725868ms] GC(478) Old regions: 158->158
[2023-12-20T08:19:35.423-0800][53725868ms] GC(478) Humongous regions: 5->5
[2023-12-20T08:19:35.423-0800][53725868ms] GC(478) Metaspace: 256093K->256093K(1294336K)
[2023-12-20T08:19:35.424-0800][53725869ms] GC(478) Pause Young (Normal) (G1 Evacuation Pause) 1890M->384M(2612M) 30.607ms
[2023-12-20T08:19:35.424-0800][53725869ms] GC(478) User=0.09s Sys=0.00s Real=0.03s
[2023-12-20T08:19:36.280-0800][53726725ms] GC(479) Pause Young (Normal) (G1 Evacuation Pause)
[2023-12-20T08:19:36.280-0800][53726725ms] GC(479) Using 10 workers of 10 for evacuation
[2023-12-20T08:19:36.311-0800][53726756ms] GC(479)   Pre Evacuate Collection Set: 0.0ms
[2023-12-20T08:19:36.311-0800][53726756ms] GC(479)   Evacuate Collection Set: 28.3ms
[2023-12-20T08:19:36.311-0800][53726756ms] GC(479)   Post Evacuate Collection Set: 2.4ms
[2023-12-20T08:19:36.311-0800][53726756ms] GC(479)   Other: 0.4ms
[2023-12-20T08:19:36.311-0800][53726756ms] GC(479) Eden regions: 753->0(753)
[2023-12-20T08:19:36.311-0800][53726756ms] GC(479) Survivor regions: 30->30(98)
[2023-12-20T08:19:36.311-0800][53726756ms] GC(479) Old regions: 158->158
[2023-12-20T08:19:36.311-0800][53726756ms] GC(479) Humongous regions: 5->5
[2023-12-20T08:19:36.311-0800][53726756ms] GC(479) Metaspace: 256093K->256093K(1294336K)
[2023-12-20T08:19:36.311-0800][53726756ms] GC(479) Pause Young (Normal) (G1 Evacuation Pause) 1890M->383M(2612M) 31.168ms
[2023-12-20T08:19:36.311-0800][53726756ms] GC(479) User=0.11s Sys=0.00s Real=0.03s
[2023-12-20T08:19:37.322-0800][53727767ms] GC(480) Pause Young (Normal) (G1 Evacuation Pause)
[2023-12-20T08:19:37.322-0800][53727767ms] GC(480) Using 10 workers of 10 for evacuation
[2023-12-20T08:19:37.353-0800][53727798ms] GC(480)   Pre Evacuate Collection Set: 0.1ms
[2023-12-20T08:19:37.353-0800][53727798ms] GC(480)   Evacuate Collection Set: 28.9ms
[2023-12-20T08:19:37.353-0800][53727798ms] GC(480)   Post Evacuate Collection Set: 2.7ms
[2023-12-20T08:19:37.353-0800][53727798ms] GC(480)   Other: 0.5ms
[2023-12-20T08:19:37.353-0800][53727798ms] GC(480) Eden regions: 753->0(753)
[2023-12-20T08:19:37.353-0800][53727798ms] GC(480) Survivor regions: 30->30(98)
[2023-12-20T08:19:37.353-0800][53727798ms] GC(480) Old regions: 158->158
[2023-12-20T08:19:37.353-0800][53727798ms] GC(480) Humongous regions: 5->5
[2023-12-20T08:19:37.353-0800][53727798ms] GC(480) Metaspace: 256170K->256170K(1294336K)
[2023-12-20T08:19:37.353-0800][53727798ms] GC(480) Pause Young (Normal) (G1 Evacuation Pause) 1889M->384M(2612M) 32.228ms
[2023-12-20T08:19:37.353-0800][53727798ms] GC(480) User=0.17s Sys=0.00s Real=0.03s
[2023-12-20T08:19:38.181-0800][53728626ms] GC(481) Pause Young (Normal) (G1 Evacuation Pause)
[2023-12-20T08:19:38.181-0800][53728626ms] GC(481) Using 10 workers of 10 for evacuation
[2023-12-20T08:19:38.210-0800][53728655ms] GC(481)   Pre Evacuate Collection Set: 0.0ms
[2023-12-20T08:19:38.210-0800][53728655ms] GC(481)   Evacuate Collection Set: 26.7ms
[2023-12-20T08:19:38.210-0800][53728655ms] GC(481)   Post Evacuate Collection Set: 2.5ms
[2023-12-20T08:19:38.210-0800][53728655ms] GC(481)   Other: 0.4ms
[2023-12-20T08:19:38.210-0800][53728655ms] GC(481) Eden regions: 753->0(753)
[2023-12-20T08:19:38.210-0800][53728655ms] GC(481) Survivor regions: 30->30(98)
[2023-12-20T08:19:38.210-0800][53728655ms] GC(481) Old regions: 158->158
[2023-12-20T08:19:38.210-0800][53728655ms] GC(481) Humongous regions: 5->5
[2023-12-20T08:19:38.210-0800][53728655ms] GC(481) Metaspace: 256174K->256174K(1294336K)
[2023-12-20T08:19:38.210-0800][53728655ms] GC(481) Pause Young (Normal) (G1 Evacuation Pause) 1890M->384M(2612M) 29.705ms
[2023-12-20T08:19:38.210-0800][53728655ms] GC(481) User=0.06s Sys=0.00s Real=0.03s
[2023-12-20T08:19:38.990-0800][53729435ms] GC(482) Pause Young (Normal) (G1 Evacuation Pause)
[2023-12-20T08:19:38.990-0800][53729435ms] GC(482) Using 10 workers of 10 for evacuation
[2023-12-20T08:19:39.022-0800][53729467ms] GC(482)   Pre Evacuate Collection Set: 0.0ms
[2023-12-20T08:19:39.022-0800][53729467ms] GC(482)   Evacuate Collection Set: 28.7ms
[2023-12-20T08:19:39.022-0800][53729467ms] GC(482)   Post Evacuate Collection Set: 2.5ms
[2023-12-20T08:19:39.022-0800][53729467ms] GC(482)   Other: 0.4ms
[2023-12-20T08:19:39.022-0800][53729467ms] GC(482) Eden regions: 753->0(752)
[2023-12-20T08:19:39.022-0800][53729467ms] GC(482) Survivor regions: 30->31(98)
[2023-12-20T08:19:39.022-0800][53729467ms] GC(482) Old regions: 158->158
[2023-12-20T08:19:39.022-0800][53729467ms] GC(482) Humongous regions: 5->5
[2023-12-20T08:19:39.022-0800][53729467ms] GC(482) Metaspace: 256174K->256174K(1294336K)
[2023-12-20T08:19:39.022-0800][53729467ms] GC(482) Pause Young (Normal) (G1 Evacuation Pause) 1890M->385M(2612M) 31.789ms
[2023-12-20T08:19:39.022-0800][53729467ms] GC(482) User=0.13s Sys=0.00s Real=0.03s
[2023-12-20T08:19:39.777-0800][53730222ms] GC(483) Pause Young (Normal) (G1 Evacuation Pause)
[2023-12-20T08:19:39.777-0800][53730222ms] GC(483) Using 10 workers of 10 for evacuation
[2023-12-20T08:19:39.807-0800][53730252ms] GC(483)   Pre Evacuate Collection Set: 0.0ms
[2023-12-20T08:19:39.807-0800][53730252ms] GC(483)   Evacuate Collection Set: 26.3ms
[2023-12-20T08:19:39.807-0800][53730252ms] GC(483)   Post Evacuate Collection Set: 2.7ms
[2023-12-20T08:19:39.807-0800][53730252ms] GC(483)   Other: 0.3ms
[2023-12-20T08:19:39.807-0800][53730252ms] GC(483) Eden regions: 752->0(753)
[2023-12-20T08:19:39.807-0800][53730252ms] GC(483) Survivor regions: 31->30(98)
[2023-12-20T08:19:39.807-0800][53730252ms] GC(483) Old regions: 158->158
[2023-12-20T08:19:39.807-0800][53730252ms] GC(483) Humongous regions: 5->5
[2023-12-20T08:19:39.807-0800][53730252ms] GC(483) Metaspace: 256174K->256174K(1294336K)
[2023-12-20T08:19:39.807-0800][53730252ms] GC(483) Pause Young (Normal) (G1 Evacuation Pause) 1889M->383M(2612M) 29.523ms
[2023-12-20T08:19:39.807-0800][53730252ms] GC(483) User=0.03s Sys=0.00s Real=0.03s
[2023-12-20T08:19:40.569-0800][53731014ms] GC(484) Pause Young (Normal) (G1 Evacuation Pause)
[2023-12-20T08:19:40.569-0800][53731014ms] GC(484) Using 10 workers of 10 for evacuation
[2023-12-20T08:19:40.599-0800][53731044ms] GC(484)   Pre Evacuate Collection Set: 0.0ms
[2023-12-20T08:19:40.599-0800][53731044ms] GC(484)   Evacuate Collection Set: 27.3ms
[2023-12-20T08:19:40.599-0800][53731044ms] GC(484)   Post Evacuate Collection Set: 2.4ms
[2023-12-20T08:19:40.599-0800][53731044ms] GC(484)   Other: 0.4ms
[2023-12-20T08:19:40.599-0800][53731044ms] GC(484) Eden regions: 753->0(753)
[2023-12-20T08:19:40.599-0800][53731044ms] GC(484) Survivor regions: 30->30(98)
[2023-12-20T08:19:40.599-0800][53731044ms] GC(484) Old regions: 158->158
[2023-12-20T08:19:40.599-0800][53731044ms] GC(484) Humongous regions: 5->5
[2023-12-20T08:19:40.599-0800][53731044ms] GC(484) Metaspace: 256174K->256174K(1294336K)
[2023-12-20T08:19:40.599-0800][53731044ms] GC(484) Pause Young (Normal) (G1 Evacuation Pause) 1889M->384M(2612M) 30.285ms
[2023-12-20T08:19:40.599-0800][53731044ms] GC(484) User=0.09s Sys=0.00s Real=0.03s
[2023-12-20T08:19:41.355-0800][53731800ms] GC(485) Pause Young (Normal) (G1 Evacuation Pause)
[2023-12-20T08:19:41.355-0800][53731800ms] GC(485) Using 10 workers of 10 for evacuation
[2023-12-20T08:19:41.384-0800][53731829ms] GC(485)   Pre Evacuate Collection Set: 0.0ms
[2023-12-20T08:19:41.384-0800][53731829ms] GC(485)   Evacuate Collection Set: 26.8ms
[2023-12-20T08:19:41.384-0800][53731829ms] GC(485)   Post Evacuate Collection Set: 2.4ms
[2023-12-20T08:19:41.384-0800][53731829ms] GC(485)   Other: 0.3ms
[2023-12-20T08:19:41.384-0800][53731829ms] GC(485) Eden regions: 753->0(753)
[2023-12-20T08:19:41.384-0800][53731829ms] GC(485) Survivor regions: 30->30(98)
[2023-12-20T08:19:41.384-0800][53731829ms] GC(485) Old regions: 158->158
[2023-12-20T08:19:41.384-0800][53731829ms] GC(485) Humongous regions: 5->5
[2023-12-20T08:19:41.384-0800][53731829ms] GC(485) Metaspace: 256174K->256174K(1294336K)
[2023-12-20T08:19:41.384-0800][53731829ms] GC(485) Pause Young (Normal) (G1 Evacuation Pause) 1890M->384M(2612M) 29.671ms
[2023-12-20T08:19:41.385-0800][53731830ms] GC(485) User=0.08s Sys=0.00s Real=0.03s
[2023-12-20T08:19:42.109-0800][53732554ms] GC(486) Pause Young (Normal) (G1 Evacuation Pause)
[2023-12-20T08:19:42.109-0800][53732554ms] GC(486) Using 10 workers of 10 for evacuation
[2023-12-20T08:19:42.139-0800][53732584ms] GC(486)   Pre Evacuate Collection Set: 0.0ms
[2023-12-20T08:19:42.139-0800][53732584ms] GC(486)   Evacuate Collection Set: 26.9ms
[2023-12-20T08:19:42.139-0800][53732584ms] GC(486)   Post Evacuate Collection Set: 2.5ms
[2023-12-20T08:19:42.139-0800][53732584ms] GC(486)   Other: 0.4ms
[2023-12-20T08:19:42.139-0800][53732584ms] GC(486) Eden regions: 753->0(753)
[2023-12-20T08:19:42.139-0800][53732584ms] GC(486) Survivor regions: 30->30(98)
[2023-12-20T08:19:42.139-0800][53732584ms] GC(486) Old regions: 158->158
[2023-12-20T08:19:42.139-0800][53732584ms] GC(486) Humongous regions: 5->5
[2023-12-20T08:19:42.139-0800][53732584ms] GC(486) Metaspace: 256174K->256174K(1294336K)
[2023-12-20T08:19:42.139-0800][53732584ms] GC(486) Pause Young (Normal) (G1 Evacuation Pause) 1890M->384M(2612M) 29.956ms
[2023-12-20T08:19:42.139-0800][53732584ms] GC(486) User=0.13s Sys=0.00s Real=0.03s
[2023-12-20T08:19:42.993-0800][53733438ms] GC(487) Pause Young (Normal) (G1 Evacuation Pause)
[2023-12-20T08:19:42.993-0800][53733438ms] GC(487) Using 10 workers of 10 for evacuation
[2023-12-20T08:19:43.032-0800][53733477ms] GC(487)   Pre Evacuate Collection Set: 0.1ms
[2023-12-20T08:19:43.032-0800][53733477ms] GC(487)   Evacuate Collection Set: 34.7ms
[2023-12-20T08:19:43.032-0800][53733477ms] GC(487)   Post Evacuate Collection Set: 3.9ms
[2023-12-20T08:19:43.032-0800][53733477ms] GC(487)   Other: 0.5ms
[2023-12-20T08:19:43.032-0800][53733477ms] GC(487) Eden regions: 753->0(753)
[2023-12-20T08:19:43.032-0800][53733477ms] GC(487) Survivor regions: 30->30(98)
[2023-12-20T08:19:43.032-0800][53733477ms] GC(487) Old regions: 158->158
[2023-12-20T08:19:43.032-0800][53733477ms] GC(487) Humongous regions: 5->5
[2023-12-20T08:19:43.032-0800][53733477ms] GC(487) Metaspace: 256174K->256174K(1294336K)
[2023-12-20T08:19:43.032-0800][53733477ms] GC(487) Pause Young (Normal) (G1 Evacuation Pause) 1890M->383M(2612M) 39.387ms
[2023-12-20T08:19:43.032-0800][53733477ms] GC(487) User=0.09s Sys=0.00s Real=0.04s
[2023-12-20T08:19:43.951-0800][53734396ms] GC(488) Pause Young (Normal) (G1 Evacuation Pause)
[2023-12-20T08:19:43.951-0800][53734396ms] GC(488) Using 10 workers of 10 for evacuation
[2023-12-20T08:19:43.981-0800][53734426ms] GC(488)   Pre Evacuate Collection Set: 0.0ms
[2023-12-20T08:19:43.982-0800][53734427ms] GC(488)   Evacuate Collection Set: 28.2ms
[2023-12-20T08:19:43.982-0800][53734427ms] GC(488)   Post Evacuate Collection Set: 2.5ms
[2023-12-20T08:19:43.982-0800][53734427ms] GC(488)   Other: 0.3ms
[2023-12-20T08:19:43.982-0800][53734427ms] GC(488) Eden regions: 753->0(754)
[2023-12-20T08:19:43.982-0800][53734427ms] GC(488) Survivor regions: 30->29(98)
[2023-12-20T08:19:43.982-0800][53734427ms] GC(488) Old regions: 158->158
[2023-12-20T08:19:43.982-0800][53734427ms] GC(488) Humongous regions: 5->5
[2023-12-20T08:19:43.982-0800][53734427ms] GC(488) Metaspace: 256174K->256174K(1294336K)
[2023-12-20T08:19:43.982-0800][53734427ms] GC(488) Pause Young (Normal) (G1 Evacuation Pause) 1889M->382M(2612M) 31.207ms
[2023-12-20T08:19:43.982-0800][53734427ms] GC(488) User=0.17s Sys=0.00s Real=0.03s
[2023-12-20T08:19:44.892-0800][53735337ms] GC(489) Pause Young (Normal) (G1 Evacuation Pause)
[2023-12-20T08:19:44.892-0800][53735337ms] GC(489) Using 10 workers of 10 for evacuation
[2023-12-20T08:19:44.922-0800][53735367ms] GC(489)   Pre Evacuate Collection Set: 0.0ms
[2023-12-20T08:19:44.922-0800][53735367ms] GC(489)   Evacuate Collection Set: 27.7ms
[2023-12-20T08:19:44.922-0800][53735367ms] GC(489)   Post Evacuate Collection Set: 2.3ms
[2023-12-20T08:19:44.922-0800][53735367ms] GC(489)   Other: 0.4ms
[2023-12-20T08:19:44.922-0800][53735367ms] GC(489) Eden regions: 754->0(753)
[2023-12-20T08:19:44.922-0800][53735367ms] GC(489) Survivor regions: 29->30(98)
[2023-12-20T08:19:44.922-0800][53735367ms] GC(489) Old regions: 158->158
[2023-12-20T08:19:44.922-0800][53735367ms] GC(489) Humongous regions: 5->5
[2023-12-20T08:19:44.922-0800][53735367ms] GC(489) Metaspace: 256174K->256174K(1294336K)
[2023-12-20T08:19:44.922-0800][53735367ms] GC(489) Pause Young (Normal) (G1 Evacuation Pause) 1890M->384M(2612M) 30.476ms
[2023-12-20T08:19:44.922-0800][53735367ms] GC(489) User=0.17s Sys=0.00s Real=0.03s
[2023-12-20T08:19:45.849-0800][53736294ms] GC(490) Pause Young (Normal) (G1 Evacuation Pause)
[2023-12-20T08:19:45.849-0800][53736294ms] GC(490) Using 10 workers of 10 for evacuation
[2023-12-20T08:19:45.882-0800][53736327ms] GC(490)   Pre Evacuate Collection Set: 0.0ms
[2023-12-20T08:19:45.882-0800][53736327ms] GC(490)   Evacuate Collection Set: 29.7ms
[2023-12-20T08:19:45.882-0800][53736327ms] GC(490)   Post Evacuate Collection Set: 2.6ms
[2023-12-20T08:19:45.882-0800][53736327ms] GC(490)   Other: 0.4ms
[2023-12-20T08:19:45.882-0800][53736327ms] GC(490) Eden regions: 753->0(753)
[2023-12-20T08:19:45.882-0800][53736327ms] GC(490) Survivor regions: 30->30(98)
[2023-12-20T08:19:45.882-0800][53736327ms] GC(490) Old regions: 158->158
[2023-12-20T08:19:45.882-0800][53736327ms] GC(490) Humongous regions: 5->5
[2023-12-20T08:19:45.882-0800][53736327ms] GC(490) Metaspace: 256194K->256194K(1294336K)
[2023-12-20T08:19:45.882-0800][53736327ms] GC(490) Pause Young (Normal) (G1 Evacuation Pause) 1890M->383M(2612M) 32.808ms
[2023-12-20T08:19:45.882-0800][53736327ms] GC(490) User=0.13s Sys=0.03s Real=0.03s
[2023-12-20T08:19:46.849-0800][53737294ms] GC(491) Pause Young (Normal) (G1 Evacuation Pause)
[2023-12-20T08:19:46.849-0800][53737294ms] GC(491) Using 10 workers of 10 for evacuation
[2023-12-20T08:19:46.880-0800][53737325ms] GC(491)   Pre Evacuate Collection Set: 0.0ms
[2023-12-20T08:19:46.880-0800][53737325ms] GC(491)   Evacuate Collection Set: 27.3ms
[2023-12-20T08:19:46.880-0800][53737325ms] GC(491)   Post Evacuate Collection Set: 2.4ms
[2023-12-20T08:19:46.880-0800][53737325ms] GC(491)   Other: 0.4ms
[2023-12-20T08:19:46.880-0800][53737325ms] GC(491) Eden regions: 753->0(753)
[2023-12-20T08:19:46.880-0800][53737325ms] GC(491) Survivor regions: 30->30(98)
[2023-12-20T08:19:46.880-0800][53737325ms] GC(491) Old regions: 158->158
[2023-12-20T08:19:46.880-0800][53737325ms] GC(491) Humongous regions: 5->5
[2023-12-20T08:19:46.880-0800][53737325ms] GC(491) Metaspace: 256194K->256194K(1294336K)
[2023-12-20T08:19:46.880-0800][53737325ms] GC(491) Pause Young (Normal) (G1 Evacuation Pause) 1889M->384M(2612M) 30.256ms
[2023-12-20T08:19:46.880-0800][53737325ms] GC(491) User=0.17s Sys=0.00s Real=0.03s
[2023-12-20T08:19:47.658-0800][53738103ms] GC(492) Pause Young (Normal) (G1 Evacuation Pause)
[2023-12-20T08:19:47.658-0800][53738103ms] GC(492) Using 10 workers of 10 for evacuation
[2023-12-20T08:19:47.689-0800][53738134ms] GC(492)   Pre Evacuate Collection Set: 0.0ms
[2023-12-20T08:19:47.689-0800][53738134ms] GC(492)   Evacuate Collection Set: 28.0ms
[2023-12-20T08:19:47.689-0800][53738134ms] GC(492)   Post Evacuate Collection Set: 2.4ms
[2023-12-20T08:19:47.689-0800][53738134ms] GC(492)   Other: 0.4ms
[2023-12-20T08:19:47.689-0800][53738134ms] GC(492) Eden regions: 753->0(753)
[2023-12-20T08:19:47.689-0800][53738134ms] GC(492) Survivor regions: 30->30(98)
[2023-12-20T08:19:47.689-0800][53738134ms] GC(492) Old regions: 158->158
[2023-12-20T08:19:47.689-0800][53738134ms] GC(492) Humongous regions: 5->5
[2023-12-20T08:19:47.689-0800][53738134ms] GC(492) Metaspace: 256194K->256194K(1294336K)
[2023-12-20T08:19:47.689-0800][53738134ms] GC(492) Pause Young (Normal) (G1 Evacuation Pause) 1890M->383M(2612M) 30.906ms
[2023-12-20T08:19:47.689-0800][53738134ms] GC(492) User=0.11s Sys=0.00s Real=0.03s
[2023-12-20T08:19:48.569-0800][53739014ms] GC(493) Pause Young (Normal) (G1 Evacuation Pause)
[2023-12-20T08:19:48.569-0800][53739014ms] GC(493) Using 10 workers of 10 for evacuation
[2023-12-20T08:19:48.601-0800][53739046ms] GC(493)   Pre Evacuate Collection Set: 0.0ms
[2023-12-20T08:19:48.601-0800][53739046ms] GC(493)   Evacuate Collection Set: 29.0ms
[2023-12-20T08:19:48.601-0800][53739046ms] GC(493)   Post Evacuate Collection Set: 2.4ms
[2023-12-20T08:19:48.601-0800][53739046ms] GC(493)   Other: 0.4ms
[2023-12-20T08:19:48.601-0800][53739046ms] GC(493) Eden regions: 753->0(753)
[2023-12-20T08:19:48.601-0800][53739046ms] GC(493) Survivor regions: 30->30(98)
[2023-12-20T08:19:48.601-0800][53739046ms] GC(493) Old regions: 158->158
[2023-12-20T08:19:48.601-0800][53739046ms] GC(493) Humongous regions: 5->5
[2023-12-20T08:19:48.601-0800][53739046ms] GC(493) Metaspace: 256194K->256194K(1294336K)
[2023-12-20T08:19:48.601-0800][53739046ms] GC(493) Pause Young (Normal) (G1 Evacuation Pause) 1889M->383M(2612M) 31.973ms
[2023-12-20T08:19:48.601-0800][53739046ms] GC(493) User=0.22s Sys=0.00s Real=0.03s
[2023-12-20T08:19:49.444-0800][53739889ms] GC(494) Pause Young (Normal) (G1 Evacuation Pause)
[2023-12-20T08:19:49.444-0800][53739889ms] GC(494) Using 10 workers of 10 for evacuation
[2023-12-20T08:19:49.476-0800][53739921ms] GC(494)   Pre Evacuate Collection Set: 0.0ms
[2023-12-20T08:19:49.476-0800][53739921ms] GC(494)   Evacuate Collection Set: 27.2ms
[2023-12-20T08:19:49.476-0800][53739921ms] GC(494)   Post Evacuate Collection Set: 2.5ms
[2023-12-20T08:19:49.476-0800][53739921ms] GC(494)   Other: 0.4ms
[2023-12-20T08:19:49.476-0800][53739921ms] GC(494) Eden regions: 753->0(753)
[2023-12-20T08:19:49.476-0800][53739921ms] GC(494) Survivor regions: 30->30(98)
[2023-12-20T08:19:49.476-0800][53739921ms] GC(494) Old regions: 158->158
[2023-12-20T08:19:49.476-0800][53739921ms] GC(494) Humongous regions: 5->5
[2023-12-20T08:19:49.476-0800][53739921ms] GC(494) Metaspace: 256194K->256194K(1294336K)
[2023-12-20T08:19:49.476-0800][53739921ms] GC(494) Pause Young (Normal) (G1 Evacuation Pause) 1889M->383M(2612M) 30.339ms
[2023-12-20T08:19:49.476-0800][53739921ms] GC(494) User=0.08s Sys=0.00s Real=0.03s
[2023-12-20T08:19:50.348-0800][53740793ms] GC(495) Pause Young (Normal) (G1 Evacuation Pause)
[2023-12-20T08:19:50.348-0800][53740793ms] GC(495) Using 10 workers of 10 for evacuation
[2023-12-20T08:19:50.377-0800][53740822ms] GC(495)   Pre Evacuate Collection Set: 0.0ms
[2023-12-20T08:19:50.377-0800][53740822ms] GC(495)   Evacuate Collection Set: 26.3ms
[2023-12-20T08:19:50.377-0800][53740822ms] GC(495)   Post Evacuate Collection Set: 2.5ms
[2023-12-20T08:19:50.377-0800][53740822ms] GC(495)   Other: 0.4ms
[2023-12-20T08:19:50.377-0800][53740822ms] GC(495) Eden regions: 753->0(753)
[2023-12-20T08:19:50.377-0800][53740822ms] GC(495) Survivor regions: 30->30(98)
[2023-12-20T08:19:50.377-0800][53740822ms] GC(495) Old regions: 158->158
[2023-12-20T08:19:50.377-0800][53740822ms] GC(495) Humongous regions: 5->5
[2023-12-20T08:19:50.377-0800][53740822ms] GC(495) Metaspace: 256194K->256194K(1294336K)
[2023-12-20T08:19:50.377-0800][53740822ms] GC(495) Pause Young (Normal) (G1 Evacuation Pause) 1889M->385M(2612M) 29.405ms
[2023-12-20T08:19:50.377-0800][53740822ms] GC(495) User=0.06s Sys=0.00s Real=0.03s
[2023-12-20T08:19:51.332-0800][53741777ms] GC(496) Pause Young (Normal) (G1 Evacuation Pause)
[2023-12-20T08:19:51.332-0800][53741777ms] GC(496) Using 10 workers of 10 for evacuation
[2023-12-20T08:19:51.362-0800][53741807ms] GC(496)   Pre Evacuate Collection Set: 0.0ms
[2023-12-20T08:19:51.362-0800][53741807ms] GC(496)   Evacuate Collection Set: 27.5ms
[2023-12-20T08:19:51.362-0800][53741807ms] GC(496)   Post Evacuate Collection Set: 2.5ms
[2023-12-20T08:19:51.362-0800][53741807ms] GC(496)   Other: 0.3ms
[2023-12-20T08:19:51.362-0800][53741807ms] GC(496) Eden regions: 753->0(753)
[2023-12-20T08:19:51.362-0800][53741807ms] GC(496) Survivor regions: 30->30(98)
[2023-12-20T08:19:51.362-0800][53741807ms] GC(496) Old regions: 158->158
[2023-12-20T08:19:51.362-0800][53741807ms] GC(496) Humongous regions: 5->5
[2023-12-20T08:19:51.362-0800][53741807ms] GC(496) Metaspace: 256194K->256194K(1294336K)
[2023-12-20T08:19:51.362-0800][53741807ms] GC(496) Pause Young (Normal) (G1 Evacuation Pause) 1891M->385M(2612M) 30.453ms
[2023-12-20T08:19:51.363-0800][53741808ms] GC(496) User=0.09s Sys=0.00s Real=0.03s
[2023-12-20T08:19:52.168-0800][53742613ms] GC(497) Pause Young (Normal) (G1 Evacuation Pause)
[2023-12-20T08:19:52.168-0800][53742613ms] GC(497) Using 10 workers of 10 for evacuation
[2023-12-20T08:19:52.197-0800][53742642ms] GC(497)   Pre Evacuate Collection Set: 0.0ms
[2023-12-20T08:19:52.197-0800][53742642ms] GC(497)   Evacuate Collection Set: 26.1ms
[2023-12-20T08:19:52.197-0800][53742642ms] GC(497)   Post Evacuate Collection Set: 2.7ms
[2023-12-20T08:19:52.197-0800][53742642ms] GC(497)   Other: 0.4ms
[2023-12-20T08:19:52.197-0800][53742642ms] GC(497) Eden regions: 753->0(753)
[2023-12-20T08:19:52.197-0800][53742642ms] GC(497) Survivor regions: 30->30(98)
[2023-12-20T08:19:52.197-0800][53742642ms] GC(497) Old regions: 158->158
[2023-12-20T08:19:52.197-0800][53742642ms] GC(497) Humongous regions: 5->5
[2023-12-20T08:19:52.197-0800][53742642ms] GC(497) Metaspace: 256194K->256194K(1294336K)
[2023-12-20T08:19:52.197-0800][53742642ms] GC(497) Pause Young (Normal) (G1 Evacuation Pause) 1891M->384M(2612M) 29.382ms
[2023-12-20T08:19:52.197-0800][53742642ms] GC(497) User=0.06s Sys=0.02s Real=0.03s
[2023-12-20T08:19:52.968-0800][53743413ms] GC(498) Pause Young (Normal) (G1 Evacuation Pause)
[2023-12-20T08:19:52.968-0800][53743413ms] GC(498) Using 10 workers of 10 for evacuation
[2023-12-20T08:19:52.997-0800][53743442ms] GC(498)   Pre Evacuate Collection Set: 0.0ms
[2023-12-20T08:19:52.997-0800][53743442ms] GC(498)   Evacuate Collection Set: 25.9ms
[2023-12-20T08:19:52.997-0800][53743442ms] GC(498)   Post Evacuate Collection Set: 2.4ms
[2023-12-20T08:19:52.997-0800][53743442ms] GC(498)   Other: 0.4ms
[2023-12-20T08:19:52.997-0800][53743442ms] GC(498) Eden regions: 753->0(753)
[2023-12-20T08:19:52.997-0800][53743442ms] GC(498) Survivor regions: 30->30(98)
[2023-12-20T08:19:52.997-0800][53743442ms] GC(498) Old regions: 158->158
[2023-12-20T08:19:52.997-0800][53743442ms] GC(498) Humongous regions: 5->5
[2023-12-20T08:19:52.997-0800][53743442ms] GC(498) Metaspace: 256194K->256194K(1294336K)
[2023-12-20T08:19:52.997-0800][53743442ms] GC(498) Pause Young (Normal) (G1 Evacuation Pause) 1890M->385M(2612M) 28.826ms
[2023-12-20T08:19:52.998-0800][53743443ms] GC(498) User=0.11s Sys=0.00s Real=0.03s
[2023-12-20T08:19:53.858-0800][53744303ms] GC(499) Pause Young (Normal) (G1 Evacuation Pause)
[2023-12-20T08:19:53.859-0800][53744304ms] GC(499) Using 10 workers of 10 for evacuation
[2023-12-20T08:19:53.888-0800][53744333ms] GC(499)   Pre Evacuate Collection Set: 0.0ms
[2023-12-20T08:19:53.888-0800][53744333ms] GC(499)   Evacuate Collection Set: 26.9ms
[2023-12-20T08:19:53.888-0800][53744333ms] GC(499)   Post Evacuate Collection Set: 2.1ms
[2023-12-20T08:19:53.888-0800][53744333ms] GC(499)   Other: 0.4ms
[2023-12-20T08:19:53.888-0800][53744333ms] GC(499) Eden regions: 753->0(752)
[2023-12-20T08:19:53.888-0800][53744333ms] GC(499) Survivor regions: 30->31(98)
[2023-12-20T08:19:53.888-0800][53744333ms] GC(499) Old regions: 158->158
[2023-12-20T08:19:53.888-0800][53744333ms] GC(499) Humongous regions: 5->5
[2023-12-20T08:19:53.888-0800][53744333ms] GC(499) Metaspace: 256194K->256194K(1294336K)
[2023-12-20T08:19:53.888-0800][53744333ms] GC(499) Pause Young (Normal) (G1 Evacuation Pause) 1891M->386M(2612M) 29.481ms
[2023-12-20T08:19:53.888-0800][53744333ms] GC(499) User=0.11s Sys=0.00s Real=0.03s
[2023-12-20T08:19:54.736-0800][53745181ms] GC(500) Pause Young (Normal) (G1 Evacuation Pause)
[2023-12-20T08:19:54.736-0800][53745181ms] GC(500) Using 10 workers of 10 for evacuation
[2023-12-20T08:19:54.767-0800][53745212ms] GC(500)   Pre Evacuate Collection Set: 0.0ms
[2023-12-20T08:19:54.767-0800][53745212ms] GC(500)   Evacuate Collection Set: 28.1ms
[2023-12-20T08:19:54.767-0800][53745212ms] GC(500)   Post Evacuate Collection Set: 2.4ms
[2023-12-20T08:19:54.767-0800][53745212ms] GC(500)   Other: 0.4ms
[2023-12-20T08:19:54.767-0800][53745212ms] GC(500) Eden regions: 752->0(753)
[2023-12-20T08:19:54.767-0800][53745212ms] GC(500) Survivor regions: 31->30(98)
[2023-12-20T08:19:54.767-0800][53745212ms] GC(500) Old regions: 158->158
[2023-12-20T08:19:54.767-0800][53745212ms] GC(500) Humongous regions: 5->5
[2023-12-20T08:19:54.767-0800][53745212ms] GC(500) Metaspace: 256194K->256194K(1294336K)
[2023-12-20T08:19:54.767-0800][53745212ms] GC(500) Pause Young (Normal) (G1 Evacuation Pause) 1890M->385M(2612M) 31.014ms
[2023-12-20T08:19:54.767-0800][53745212ms] GC(500) User=0.11s Sys=0.00s Real=0.03s
[2023-12-20T08:19:55.656-0800][53746101ms] GC(501) Pause Young (Normal) (G1 Evacuation Pause)
[2023-12-20T08:19:55.656-0800][53746101ms] GC(501) Using 10 workers of 10 for evacuation
[2023-12-20T08:19:55.685-0800][53746130ms] GC(501)   Pre Evacuate Collection Set: 0.0ms
[2023-12-20T08:19:55.685-0800][53746130ms] GC(501)   Evacuate Collection Set: 27.2ms
[2023-12-20T08:19:55.685-0800][53746130ms] GC(501)   Post Evacuate Collection Set: 2.3ms
[2023-12-20T08:19:55.685-0800][53746130ms] GC(501)   Other: 0.4ms
[2023-12-20T08:19:55.685-0800][53746130ms] GC(501) Eden regions: 753->0(752)
[2023-12-20T08:19:55.685-0800][53746130ms] GC(501) Survivor regions: 30->31(98)
[2023-12-20T08:19:55.685-0800][53746130ms] GC(501) Old regions: 158->158
[2023-12-20T08:19:55.685-0800][53746130ms] GC(501) Humongous regions: 5->5
[2023-12-20T08:19:55.685-0800][53746130ms] GC(501) Metaspace: 256194K->256194K(1294336K)
[2023-12-20T08:19:55.685-0800][53746130ms] GC(501) Pause Young (Normal) (G1 Evacuation Pause) 1891M->386M(2612M) 29.964ms
[2023-12-20T08:19:55.685-0800][53746130ms] GC(501) User=0.13s Sys=0.00s Real=0.03s
[2023-12-20T08:19:56.554-0800][53746999ms] GC(502) Pause Young (Normal) (G1 Evacuation Pause)
[2023-12-20T08:19:56.554-0800][53746999ms] GC(502) Using 10 workers of 10 for evacuation
[2023-12-20T08:19:56.585-0800][53747030ms] GC(502)   Pre Evacuate Collection Set: 0.0ms
[2023-12-20T08:19:56.585-0800][53747030ms] GC(502)   Evacuate Collection Set: 28.7ms
[2023-12-20T08:19:56.585-0800][53747030ms] GC(502)   Post Evacuate Collection Set: 2.4ms
[2023-12-20T08:19:56.585-0800][53747030ms] GC(502)   Other: 0.4ms
[2023-12-20T08:19:56.585-0800][53747030ms] GC(502) Eden regions: 752->0(752)
[2023-12-20T08:19:56.585-0800][53747030ms] GC(502) Survivor regions: 31->31(98)
[2023-12-20T08:19:56.585-0800][53747030ms] GC(502) Old regions: 158->158
[2023-12-20T08:19:56.585-0800][53747030ms] GC(502) Humongous regions: 5->5
[2023-12-20T08:19:56.585-0800][53747030ms] GC(502) Metaspace: 256194K->256194K(1294336K)
[2023-12-20T08:19:56.585-0800][53747030ms] GC(502) Pause Young (Normal) (G1 Evacuation Pause) 1890M->386M(2612M) 31.709ms
[2023-12-20T08:19:56.585-0800][53747030ms] GC(502) User=0.14s Sys=0.00s Real=0.03s
[2023-12-20T08:19:57.207-0800][53747652ms] GC(503) Pause Young (Normal) (G1 Evacuation Pause)
[2023-12-20T08:19:57.207-0800][53747652ms] GC(503) Using 10 workers of 10 for evacuation
[2023-12-20T08:19:57.235-0800][53747680ms] GC(503)   Pre Evacuate Collection Set: 0.0ms
[2023-12-20T08:19:57.235-0800][53747680ms] GC(503)   Evacuate Collection Set: 25.9ms
[2023-12-20T08:19:57.235-0800][53747680ms] GC(503)   Post Evacuate Collection Set: 2.5ms
[2023-12-20T08:19:57.235-0800][53747680ms] GC(503)   Other: 0.4ms
[2023-12-20T08:19:57.235-0800][53747680ms] GC(503) Eden regions: 752->0(753)
[2023-12-20T08:19:57.235-0800][53747680ms] GC(503) Survivor regions: 31->30(98)
[2023-12-20T08:19:57.235-0800][53747680ms] GC(503) Old regions: 158->158
[2023-12-20T08:19:57.235-0800][53747680ms] GC(503) Humongous regions: 5->5
[2023-12-20T08:19:57.235-0800][53747680ms] GC(503) Metaspace: 256194K->256194K(1294336K)
[2023-12-20T08:19:57.235-0800][53747680ms] GC(503) Pause Young (Normal) (G1 Evacuation Pause) 1890M->385M(2612M) 28.876ms
[2023-12-20T08:19:57.235-0800][53747680ms] GC(503) User=0.09s Sys=0.00s Real=0.03s
[2023-12-20T08:19:57.827-0800][53748272ms] GC(504) Pause Young (Normal) (G1 Evacuation Pause)
[2023-12-20T08:19:57.827-0800][53748272ms] GC(504) Using 10 workers of 10 for evacuation
[2023-12-20T08:19:57.857-0800][53748302ms] GC(504)   Pre Evacuate Collection Set: 0.0ms
[2023-12-20T08:19:57.857-0800][53748302ms] GC(504)   Evacuate Collection Set: 27.6ms
[2023-12-20T08:19:57.857-0800][53748302ms] GC(504)   Post Evacuate Collection Set: 2.5ms
[2023-12-20T08:19:57.857-0800][53748302ms] GC(504)   Other: 0.4ms
[2023-12-20T08:19:57.857-0800][53748302ms] GC(504) Eden regions: 753->0(752)
[2023-12-20T08:19:57.857-0800][53748302ms] GC(504) Survivor regions: 30->31(98)
[2023-12-20T08:19:57.857-0800][53748302ms] GC(504) Old regions: 158->158
[2023-12-20T08:19:57.857-0800][53748302ms] GC(504) Humongous regions: 5->5
[2023-12-20T08:19:57.857-0800][53748302ms] GC(504) Metaspace: 256194K->256194K(1294336K)
[2023-12-20T08:19:57.857-0800][53748302ms] GC(504) Pause Young (Normal) (G1 Evacuation Pause) 1891M->387M(2612M) 30.600ms
[2023-12-20T08:19:57.857-0800][53748302ms] GC(504) User=0.08s Sys=0.00s Real=0.03s
[2023-12-20T08:19:58.409-0800][53748854ms] GC(505) Pause Young (Normal) (G1 Evacuation Pause)
[2023-12-20T08:19:58.409-0800][53748854ms] GC(505) Using 10 workers of 10 for evacuation
[2023-12-20T08:19:58.438-0800][53748883ms] GC(505)   Pre Evacuate Collection Set: 0.0ms
[2023-12-20T08:19:58.439-0800][53748884ms] GC(505)   Evacuate Collection Set: 26.9ms
[2023-12-20T08:19:58.439-0800][53748884ms] GC(505)   Post Evacuate Collection Set: 2.5ms
[2023-12-20T08:19:58.439-0800][53748884ms] GC(505)   Other: 0.3ms
[2023-12-20T08:19:58.439-0800][53748884ms] GC(505) Eden regions: 752->0(752)
[2023-12-20T08:19:58.439-0800][53748884ms] GC(505) Survivor regions: 31->31(98)
[2023-12-20T08:19:58.439-0800][53748884ms] GC(505) Old regions: 158->158
[2023-12-20T08:19:58.439-0800][53748884ms] GC(505) Humongous regions: 5->5
[2023-12-20T08:19:58.439-0800][53748884ms] GC(505) Metaspace: 256194K->256194K(1294336K)
[2023-12-20T08:19:58.439-0800][53748884ms] GC(505) Pause Young (Normal) (G1 Evacuation Pause) 1891M->386M(2612M) 29.859ms
[2023-12-20T08:19:58.439-0800][53748884ms] GC(505) User=0.13s Sys=0.00s Real=0.03s
[2023-12-20T08:19:59.134-0800][53749579ms] GC(506) Pause Young (Normal) (G1 Evacuation Pause)
[2023-12-20T08:19:59.134-0800][53749579ms] GC(506) Using 10 workers of 10 for evacuation
[2023-12-20T08:19:59.163-0800][53749608ms] GC(506)   Pre Evacuate Collection Set: 0.0ms
[2023-12-20T08:19:59.163-0800][53749608ms] GC(506)   Evacuate Collection Set: 26.3ms
[2023-12-20T08:19:59.163-0800][53749608ms] GC(506)   Post Evacuate Collection Set: 2.4ms
[2023-12-20T08:19:59.163-0800][53749608ms] GC(506)   Other: 0.3ms
[2023-12-20T08:19:59.163-0800][53749608ms] GC(506) Eden regions: 752->0(753)
[2023-12-20T08:19:59.163-0800][53749608ms] GC(506) Survivor regions: 31->30(98)
[2023-12-20T08:19:59.163-0800][53749608ms] GC(506) Old regions: 158->158
[2023-12-20T08:19:59.163-0800][53749608ms] GC(506) Humongous regions: 5->5
[2023-12-20T08:19:59.163-0800][53749608ms] GC(506) Metaspace: 256194K->256194K(1294336K)
[2023-12-20T08:19:59.163-0800][53749608ms] GC(506) Pause Young (Normal) (G1 Evacuation Pause) 1890M->385M(2612M) 29.173ms
[2023-12-20T08:19:59.163-0800][53749608ms] GC(506) User=0.09s Sys=0.00s Real=0.03s
[2023-12-20T08:19:59.942-0800][53750387ms] GC(507) Pause Young (Normal) (G1 Evacuation Pause)
[2023-12-20T08:19:59.943-0800][53750388ms] GC(507) Using 10 workers of 10 for evacuation
[2023-12-20T08:19:59.972-0800][53750417ms] GC(507)   Pre Evacuate Collection Set: 0.0ms
[2023-12-20T08:19:59.972-0800][53750417ms] GC(507)   Evacuate Collection Set: 26.7ms
[2023-12-20T08:19:59.972-0800][53750417ms] GC(507)   Post Evacuate Collection Set: 2.4ms
[2023-12-20T08:19:59.972-0800][53750417ms] GC(507)   Other: 0.4ms
[2023-12-20T08:19:59.972-0800][53750417ms] GC(507) Eden regions: 753->0(752)
[2023-12-20T08:19:59.972-0800][53750417ms] GC(507) Survivor regions: 30->31(98)
[2023-12-20T08:19:59.972-0800][53750417ms] GC(507) Old regions: 158->158
[2023-12-20T08:19:59.972-0800][53750417ms] GC(507) Humongous regions: 5->5
[2023-12-20T08:19:59.972-0800][53750417ms] GC(507) Metaspace: 256194K->256194K(1294336K)
[2023-12-20T08:19:59.972-0800][53750417ms] GC(507) Pause Young (Normal) (G1 Evacuation Pause) 1891M->386M(2612M) 29.712ms
[2023-12-20T08:19:59.972-0800][53750417ms] GC(507) User=0.11s Sys=0.02s Real=0.03s
[2023-12-20T08:20:00.718-0800][53751163ms] GC(508) Pause Young (Normal) (G1 Evacuation Pause)
[2023-12-20T08:20:00.718-0800][53751163ms] GC(508) Using 10 workers of 10 for evacuation
[2023-12-20T08:20:00.747-0800][53751192ms] GC(508)   Pre Evacuate Collection Set: 0.0ms
[2023-12-20T08:20:00.747-0800][53751192ms] GC(508)   Evacuate Collection Set: 27.2ms
[2023-12-20T08:20:00.747-0800][53751192ms] GC(508)   Post Evacuate Collection Set: 2.3ms
[2023-12-20T08:20:00.747-0800][53751192ms] GC(508)   Other: 0.3ms
[2023-12-20T08:20:00.747-0800][53751192ms] GC(508) Eden regions: 752->0(752)
[2023-12-20T08:20:00.747-0800][53751192ms] GC(508) Survivor regions: 31->31(98)
[2023-12-20T08:20:00.747-0800][53751192ms] GC(508) Old regions: 158->158
[2023-12-20T08:20:00.747-0800][53751192ms] GC(508) Humongous regions: 5->5
[2023-12-20T08:20:00.747-0800][53751192ms] GC(508) Metaspace: 256194K->256194K(1294336K)
[2023-12-20T08:20:00.747-0800][53751192ms] GC(508) Pause Young (Normal) (G1 Evacuation Pause) 1890M->386M(2612M) 29.969ms
[2023-12-20T08:20:00.747-0800][53751192ms] GC(508) User=0.13s Sys=0.00s Real=0.03s
[2023-12-20T08:20:01.521-0800][53751966ms] GC(509) Pause Young (Normal) (G1 Evacuation Pause)
[2023-12-20T08:20:01.521-0800][53751966ms] GC(509) Using 10 workers of 10 for evacuation
[2023-12-20T08:20:01.552-0800][53751997ms] GC(509)   Pre Evacuate Collection Set: 0.0ms
[2023-12-20T08:20:01.552-0800][53751997ms] GC(509)   Evacuate Collection Set: 26.9ms
[2023-12-20T08:20:01.552-0800][53751997ms] GC(509)   Post Evacuate Collection Set: 2.6ms
[2023-12-20T08:20:01.552-0800][53751997ms] GC(509)   Other: 0.4ms
[2023-12-20T08:20:01.552-0800][53751997ms] GC(509) Eden regions: 752->0(753)
[2023-12-20T08:20:01.552-0800][53751997ms] GC(509) Survivor regions: 31->30(98)
[2023-12-20T08:20:01.552-0800][53751997ms] GC(509) Old regions: 158->158
[2023-12-20T08:20:01.552-0800][53751997ms] GC(509) Humongous regions: 5->5
[2023-12-20T08:20:01.552-0800][53751997ms] GC(509) Metaspace: 256194K->256194K(1294336K)
[2023-12-20T08:20:01.552-0800][53751997ms] GC(509) Pause Young (Normal) (G1 Evacuation Pause) 1890M->385M(2612M) 30.032ms
[2023-12-20T08:20:01.552-0800][53751997ms] GC(509) User=0.05s Sys=0.00s Real=0.03s
[2023-12-20T08:20:02.202-0800][53752647ms] GC(510) Pause Young (Normal) (G1 Evacuation Pause)
[2023-12-20T08:20:02.202-0800][53752647ms] GC(510) Using 10 workers of 10 for evacuation
[2023-12-20T08:20:02.231-0800][53752676ms] GC(510)   Pre Evacuate Collection Set: 0.0ms
[2023-12-20T08:20:02.231-0800][53752676ms] GC(510)   Evacuate Collection Set: 26.4ms
[2023-12-20T08:20:02.231-0800][53752676ms] GC(510)   Post Evacuate Collection Set: 2.5ms
[2023-12-20T08:20:02.231-0800][53752676ms] GC(510)   Other: 0.4ms
[2023-12-20T08:20:02.231-0800][53752676ms] GC(510) Eden regions: 753->0(753)
[2023-12-20T08:20:02.231-0800][53752676ms] GC(510) Survivor regions: 30->30(98)
[2023-12-20T08:20:02.231-0800][53752676ms] GC(510) Old regions: 158->158
[2023-12-20T08:20:02.231-0800][53752676ms] GC(510) Humongous regions: 5->5
[2023-12-20T08:20:02.231-0800][53752676ms] GC(510) Metaspace: 256194K->256194K(1294336K)
[2023-12-20T08:20:02.231-0800][53752676ms] GC(510) Pause Young (Normal) (G1 Evacuation Pause) 1891M->385M(2612M) 29.461ms
[2023-12-20T08:20:02.231-0800][53752676ms] GC(510) User=0.11s Sys=0.00s Real=0.03s
[2023-12-20T08:20:02.963-0800][53753408ms] GC(511) Pause Young (Normal) (G1 Evacuation Pause)
[2023-12-20T08:20:02.963-0800][53753408ms] GC(511) Using 10 workers of 10 for evacuation
[2023-12-20T08:20:02.992-0800][53753437ms] GC(511)   Pre Evacuate Collection Set: 0.0ms
[2023-12-20T08:20:02.992-0800][53753437ms] GC(511)   Evacuate Collection Set: 26.9ms
[2023-12-20T08:20:02.992-0800][53753437ms] GC(511)   Post Evacuate Collection Set: 2.3ms
[2023-12-20T08:20:02.992-0800][53753437ms] GC(511)   Other: 0.3ms
[2023-12-20T08:20:02.992-0800][53753437ms] GC(511) Eden regions: 753->0(753)
[2023-12-20T08:20:02.992-0800][53753437ms] GC(511) Survivor regions: 30->30(98)
[2023-12-20T08:20:02.992-0800][53753437ms] GC(511) Old regions: 158->158
[2023-12-20T08:20:02.992-0800][53753437ms] GC(511) Humongous regions: 5->5
[2023-12-20T08:20:02.992-0800][53753437ms] GC(511) Metaspace: 256194K->256194K(1294336K)
[2023-12-20T08:20:02.992-0800][53753437ms] GC(511) Pause Young (Normal) (G1 Evacuation Pause) 1891M->385M(2612M) 29.721ms
[2023-12-20T08:20:02.992-0800][53753437ms] GC(511) User=0.09s Sys=0.00s Real=0.03s
[2023-12-20T08:20:03.703-0800][53754148ms] GC(512) Pause Young (Normal) (G1 Evacuation Pause)
[2023-12-20T08:20:03.703-0800][53754148ms] GC(512) Using 10 workers of 10 for evacuation
[2023-12-20T08:20:03.731-0800][53754176ms] GC(512)   Pre Evacuate Collection Set: 0.1ms
[2023-12-20T08:20:03.731-0800][53754176ms] GC(512)   Evacuate Collection Set: 26.1ms
[2023-12-20T08:20:03.731-0800][53754176ms] GC(512)   Post Evacuate Collection Set: 2.3ms
[2023-12-20T08:20:03.731-0800][53754176ms] GC(512)   Other: 0.4ms
[2023-12-20T08:20:03.731-0800][53754176ms] GC(512) Eden regions: 753->0(752)
[2023-12-20T08:20:03.731-0800][53754176ms] GC(512) Survivor regions: 30->31(98)
[2023-12-20T08:20:03.731-0800][53754176ms] GC(512) Old regions: 158->158
[2023-12-20T08:20:03.731-0800][53754176ms] GC(512) Humongous regions: 5->5
[2023-12-20T08:20:03.731-0800][53754176ms] GC(512) Metaspace: 256194K->256194K(1294336K)
[2023-12-20T08:20:03.731-0800][53754176ms] GC(512) Pause Young (Normal) (G1 Evacuation Pause) 1891M->387M(2612M) 28.932ms
[2023-12-20T08:20:03.731-0800][53754176ms] GC(512) User=0.11s Sys=0.00s Real=0.03s
[2023-12-20T08:20:04.364-0800][53754809ms] GC(513) Pause Young (Normal) (G1 Evacuation Pause)
[2023-12-20T08:20:04.364-0800][53754809ms] GC(513) Using 10 workers of 10 for evacuation
[2023-12-20T08:20:04.392-0800][53754837ms] GC(513)   Pre Evacuate Collection Set: 0.0ms
[2023-12-20T08:20:04.392-0800][53754837ms] GC(513)   Evacuate Collection Set: 26.0ms
[2023-12-20T08:20:04.392-0800][53754837ms] GC(513)   Post Evacuate Collection Set: 2.4ms
[2023-12-20T08:20:04.392-0800][53754837ms] GC(513)   Other: 0.3ms
[2023-12-20T08:20:04.392-0800][53754837ms] GC(513) Eden regions: 752->0(752)
[2023-12-20T08:20:04.392-0800][53754837ms] GC(513) Survivor regions: 31->31(98)
[2023-12-20T08:20:04.392-0800][53754837ms] GC(513) Old regions: 158->158
[2023-12-20T08:20:04.392-0800][53754837ms] GC(513) Humongous regions: 5->5
[2023-12-20T08:20:04.392-0800][53754837ms] GC(513) Metaspace: 256194K->256194K(1294336K)
[2023-12-20T08:20:04.392-0800][53754837ms] GC(513) Pause Young (Normal) (G1 Evacuation Pause) 1891M->386M(2612M) 28.950ms
[2023-12-20T08:20:04.392-0800][53754837ms] GC(513) User=0.09s Sys=0.00s Real=0.03s
[2023-12-20T08:20:04.985-0800][53755430ms] GC(514) Pause Young (Normal) (G1 Evacuation Pause)
[2023-12-20T08:20:04.985-0800][53755430ms] GC(514) Using 10 workers of 10 for evacuation
[2023-12-20T08:20:05.014-0800][53755459ms] GC(514)   Pre Evacuate Collection Set: 0.0ms
[2023-12-20T08:20:05.014-0800][53755459ms] GC(514)   Evacuate Collection Set: 26.4ms
[2023-12-20T08:20:05.014-0800][53755459ms] GC(514)   Post Evacuate Collection Set: 2.5ms
[2023-12-20T08:20:05.014-0800][53755459ms] GC(514)   Other: 0.4ms
[2023-12-20T08:20:05.014-0800][53755459ms] GC(514) Eden regions: 752->0(753)
[2023-12-20T08:20:05.014-0800][53755459ms] GC(514) Survivor regions: 31->30(98)
[2023-12-20T08:20:05.014-0800][53755459ms] GC(514) Old regions: 158->158
[2023-12-20T08:20:05.014-0800][53755459ms] GC(514) Humongous regions: 5->5
[2023-12-20T08:20:05.014-0800][53755459ms] GC(514) Metaspace: 256194K->256194K(1294336K)
[2023-12-20T08:20:05.014-0800][53755459ms] GC(514) Pause Young (Normal) (G1 Evacuation Pause) 1890M->385M(2612M) 29.335ms
[2023-12-20T08:20:05.014-0800][53755459ms] GC(514) User=0.06s Sys=0.00s Real=0.03s
[2023-12-20T08:20:05.630-0800][53756075ms] GC(515) Pause Young (Normal) (G1 Evacuation Pause)
[2023-12-20T08:20:05.630-0800][53756075ms] GC(515) Using 10 workers of 10 for evacuation
[2023-12-20T08:20:05.659-0800][53756104ms] GC(515)   Pre Evacuate Collection Set: 0.0ms
[2023-12-20T08:20:05.659-0800][53756104ms] GC(515)   Evacuate Collection Set: 26.1ms
[2023-12-20T08:20:05.659-0800][53756104ms] GC(515)   Post Evacuate Collection Set: 2.3ms
[2023-12-20T08:20:05.659-0800][53756104ms] GC(515)   Other: 0.4ms
[2023-12-20T08:20:05.659-0800][53756104ms] GC(515) Eden regions: 753->0(753)
[2023-12-20T08:20:05.659-0800][53756104ms] GC(515) Survivor regions: 30->30(98)
[2023-12-20T08:20:05.659-0800][53756104ms] GC(515) Old regions: 158->158
[2023-12-20T08:20:05.659-0800][53756104ms] GC(515) Humongous regions: 5->5
[2023-12-20T08:20:05.659-0800][53756104ms] GC(515) Metaspace: 256194K->256194K(1294336K)
[2023-12-20T08:20:05.659-0800][53756104ms] GC(515) Pause Young (Normal) (G1 Evacuation Pause) 1891M->385M(2612M) 28.938ms
[2023-12-20T08:20:05.659-0800][53756104ms] GC(515) User=0.11s Sys=0.00s Real=0.03s
[2023-12-20T08:20:06.232-0800][53756677ms] GC(516) Pause Young (Normal) (G1 Evacuation Pause)
[2023-12-20T08:20:06.232-0800][53756677ms] GC(516) Using 10 workers of 10 for evacuation
[2023-12-20T08:20:06.261-0800][53756706ms] GC(516)   Pre Evacuate Collection Set: 0.0ms
[2023-12-20T08:20:06.261-0800][53756706ms] GC(516)   Evacuate Collection Set: 27.1ms
[2023-12-20T08:20:06.261-0800][53756706ms] GC(516)   Post Evacuate Collection Set: 2.3ms
[2023-12-20T08:20:06.261-0800][53756706ms] GC(516)   Other: 0.3ms
[2023-12-20T08:20:06.261-0800][53756706ms] GC(516) Eden regions: 753->0(753)
[2023-12-20T08:20:06.261-0800][53756706ms] GC(516) Survivor regions: 30->30(98)
[2023-12-20T08:20:06.261-0800][53756706ms] GC(516) Old regions: 158->158
[2023-12-20T08:20:06.261-0800][53756706ms] GC(516) Humongous regions: 5->5
[2023-12-20T08:20:06.261-0800][53756706ms] GC(516) Metaspace: 256194K->256194K(1294336K)
[2023-12-20T08:20:06.261-0800][53756706ms] GC(516) Pause Young (Normal) (G1 Evacuation Pause) 1891M->385M(2612M) 29.938ms
[2023-12-20T08:20:06.261-0800][53756706ms] GC(516) User=0.09s Sys=0.00s Real=0.03s
[2023-12-20T08:20:06.885-0800][53757330ms] GC(517) Pause Young (Normal) (G1 Evacuation Pause)
[2023-12-20T08:20:06.885-0800][53757330ms] GC(517) Using 10 workers of 10 for evacuation
[2023-12-20T08:20:06.917-0800][53757362ms] GC(517)   Pre Evacuate Collection Set: 0.0ms
[2023-12-20T08:20:06.917-0800][53757362ms] GC(517)   Evacuate Collection Set: 29.2ms
[2023-12-20T08:20:06.917-0800][53757362ms] GC(517)   Post Evacuate Collection Set: 2.7ms
[2023-12-20T08:20:06.917-0800][53757362ms] GC(517)   Other: 0.4ms
[2023-12-20T08:20:06.917-0800][53757362ms] GC(517) Eden regions: 753->0(753)
[2023-12-20T08:20:06.917-0800][53757362ms] GC(517) Survivor regions: 30->30(98)
[2023-12-20T08:20:06.917-0800][53757362ms] GC(517) Old regions: 158->158
[2023-12-20T08:20:06.917-0800][53757362ms] GC(517) Humongous regions: 5->5
[2023-12-20T08:20:06.917-0800][53757362ms] GC(517) Metaspace: 256199K->256199K(1294336K)
[2023-12-20T08:20:06.917-0800][53757362ms] GC(517) Pause Young (Normal) (G1 Evacuation Pause) 1891M->384M(2612M) 32.514ms
[2023-12-20T08:20:06.917-0800][53757362ms] GC(517) User=0.08s Sys=0.00s Real=0.03s
[2023-12-20T08:20:07.577-0800][53758022ms] GC(518) Pause Young (Normal) (GCLocker Initiated GC)
[2023-12-20T08:20:07.577-0800][53758022ms] GC(518) Using 10 workers of 10 for evacuation
[2023-12-20T08:20:07.607-0800][53758052ms] GC(518)   Pre Evacuate Collection Set: 0.0ms
[2023-12-20T08:20:07.607-0800][53758052ms] GC(518)   Evacuate Collection Set: 27.1ms
[2023-12-20T08:20:07.607-0800][53758052ms] GC(518)   Post Evacuate Collection Set: 2.4ms
[2023-12-20T08:20:07.607-0800][53758052ms] GC(518)   Other: 0.4ms
[2023-12-20T08:20:07.607-0800][53758052ms] GC(518) Eden regions: 754->0(753)
[2023-12-20T08:20:07.607-0800][53758052ms] GC(518) Survivor regions: 30->30(98)
[2023-12-20T08:20:07.607-0800][53758052ms] GC(518) Old regions: 158->158
[2023-12-20T08:20:07.607-0800][53758052ms] GC(518) Humongous regions: 5->5
[2023-12-20T08:20:07.607-0800][53758052ms] GC(518) Metaspace: 256199K->256199K(1294336K)
[2023-12-20T08:20:07.607-0800][53758052ms] GC(518) Pause Young (Normal) (GCLocker Initiated GC) 1891M->385M(2612M) 30.063ms
[2023-12-20T08:20:07.607-0800][53758052ms] GC(518) User=0.08s Sys=0.00s Real=0.03s
[2023-12-20T08:20:08.347-0800][53758792ms] GC(519) Pause Young (Normal) (GCLocker Initiated GC)
[2023-12-20T08:20:08.347-0800][53758792ms] GC(519) Using 10 workers of 10 for evacuation
[2023-12-20T08:20:08.376-0800][53758821ms] GC(519)   Pre Evacuate Collection Set: 0.0ms
[2023-12-20T08:20:08.376-0800][53758821ms] GC(519)   Evacuate Collection Set: 27.5ms
[2023-12-20T08:20:08.376-0800][53758821ms] GC(519)   Post Evacuate Collection Set: 2.4ms
[2023-12-20T08:20:08.376-0800][53758821ms] GC(519)   Other: 0.4ms
[2023-12-20T08:20:08.376-0800][53758821ms] GC(519) Eden regions: 754->0(753)
[2023-12-20T08:20:08.376-0800][53758821ms] GC(519) Survivor regions: 30->30(98)
[2023-12-20T08:20:08.376-0800][53758821ms] GC(519) Old regions: 158->158
[2023-12-20T08:20:08.376-0800][53758821ms] GC(519) Humongous regions: 5->5
[2023-12-20T08:20:08.376-0800][53758821ms] GC(519) Metaspace: 256199K->256199K(1294336K)
[2023-12-20T08:20:08.376-0800][53758821ms] GC(519) Pause Young (Normal) (GCLocker Initiated GC) 1892M->385M(2612M) 30.403ms
[2023-12-20T08:20:08.376-0800][53758821ms] GC(519) User=0.03s Sys=0.00s Real=0.03s
[2023-12-20T08:20:08.977-0800][53759422ms] GC(520) Pause Young (Normal) (G1 Evacuation Pause)
[2023-12-20T08:20:08.977-0800][53759422ms] GC(520) Using 10 workers of 10 for evacuation
[2023-12-20T08:20:09.005-0800][53759450ms] GC(520)   Pre Evacuate Collection Set: 0.0ms
[2023-12-20T08:20:09.005-0800][53759450ms] GC(520)   Evacuate Collection Set: 26.1ms
[2023-12-20T08:20:09.005-0800][53759450ms] GC(520)   Post Evacuate Collection Set: 2.4ms
[2023-12-20T08:20:09.005-0800][53759450ms] GC(520)   Other: 0.4ms
[2023-12-20T08:20:09.005-0800][53759450ms] GC(520) Eden regions: 753->0(753)
[2023-12-20T08:20:09.005-0800][53759450ms] GC(520) Survivor regions: 30->30(98)
[2023-12-20T08:20:09.005-0800][53759450ms] GC(520) Old regions: 158->158
[2023-12-20T08:20:09.005-0800][53759450ms] GC(520) Humongous regions: 5->5
[2023-12-20T08:20:09.005-0800][53759450ms] GC(520) Metaspace: 256199K->256199K(1294336K)
[2023-12-20T08:20:09.005-0800][53759450ms] GC(520) Pause Young (Normal) (G1 Evacuation Pause) 1891M->385M(2612M) 29.009ms
[2023-12-20T08:20:09.005-0800][53759450ms] GC(520) User=0.06s Sys=0.00s Real=0.03s
[2023-12-20T08:20:09.500-0800][53759945ms] GC(521) Pause Young (Normal) (G1 Evacuation Pause)
[2023-12-20T08:20:09.500-0800][53759945ms] GC(521) Using 10 workers of 10 for evacuation
[2023-12-20T08:20:09.529-0800][53759974ms] GC(521)   Pre Evacuate Collection Set: 0.1ms
[2023-12-20T08:20:09.529-0800][53759974ms] GC(521)   Evacuate Collection Set: 25.5ms
[2023-12-20T08:20:09.529-0800][53759974ms] GC(521)   Post Evacuate Collection Set: 2.4ms
[2023-12-20T08:20:09.529-0800][53759974ms] GC(521)   Other: 0.4ms
[2023-12-20T08:20:09.529-0800][53759974ms] GC(521) Eden regions: 753->0(753)
[2023-12-20T08:20:09.529-0800][53759974ms] GC(521) Survivor regions: 30->30(98)
[2023-12-20T08:20:09.529-0800][53759974ms] GC(521) Old regions: 158->158
[2023-12-20T08:20:09.529-0800][53759974ms] GC(521) Humongous regions: 5->5
[2023-12-20T08:20:09.529-0800][53759974ms] GC(521) Metaspace: 256199K->256199K(1294336K)
[2023-12-20T08:20:09.529-0800][53759974ms] GC(521) Pause Young (Normal) (G1 Evacuation Pause) 1891M->385M(2612M) 28.414ms
[2023-12-20T08:20:09.529-0800][53759974ms] GC(521) User=0.11s Sys=0.00s Real=0.03s
[2023-12-20T08:20:10.292-0800][53760737ms] GC(522) Pause Young (Normal) (G1 Evacuation Pause)
[2023-12-20T08:20:10.292-0800][53760737ms] GC(522) Using 10 workers of 10 for evacuation
[2023-12-20T08:20:10.324-0800][53760769ms] GC(522)   Pre Evacuate Collection Set: 0.0ms
[2023-12-20T08:20:10.324-0800][53760769ms] GC(522)   Evacuate Collection Set: 29.4ms
[2023-12-20T08:20:10.324-0800][53760769ms] GC(522)   Post Evacuate Collection Set: 2.6ms
[2023-12-20T08:20:10.324-0800][53760769ms] GC(522)   Other: 0.4ms
[2023-12-20T08:20:10.324-0800][53760769ms] GC(522) Eden regions: 753->0(753)
[2023-12-20T08:20:10.324-0800][53760769ms] GC(522) Survivor regions: 30->30(98)
[2023-12-20T08:20:10.324-0800][53760769ms] GC(522) Old regions: 158->159
[2023-12-20T08:20:10.324-0800][53760769ms] GC(522) Humongous regions: 5->5
[2023-12-20T08:20:10.324-0800][53760769ms] GC(522) Metaspace: 256199K->256199K(1294336K)
[2023-12-20T08:20:10.324-0800][53760769ms] GC(522) Pause Young (Normal) (G1 Evacuation Pause) 1891M->386M(2612M) 32.520ms
[2023-12-20T08:20:10.324-0800][53760769ms] GC(522) User=0.08s Sys=0.00s Real=0.03s
[2023-12-20T08:20:11.163-0800][53761608ms] GC(523) Pause Young (Normal) (G1 Evacuation Pause)
[2023-12-20T08:20:11.163-0800][53761608ms] GC(523) Using 10 workers of 10 for evacuation
[2023-12-20T08:20:11.193-0800][53761638ms] GC(523)   Pre Evacuate Collection Set: 0.0ms
[2023-12-20T08:20:11.193-0800][53761638ms] GC(523)   Evacuate Collection Set: 27.5ms
[2023-12-20T08:20:11.193-0800][53761638ms] GC(523)   Post Evacuate Collection Set: 2.7ms
[2023-12-20T08:20:11.193-0800][53761638ms] GC(523)   Other: 0.4ms
[2023-12-20T08:20:11.193-0800][53761638ms] GC(523) Eden regions: 753->0(753)
[2023-12-20T08:20:11.193-0800][53761638ms] GC(523) Survivor regions: 30->30(98)
[2023-12-20T08:20:11.193-0800][53761638ms] GC(523) Old regions: 159->159
[2023-12-20T08:20:11.193-0800][53761638ms] GC(523) Humongous regions: 5->5
[2023-12-20T08:20:11.193-0800][53761638ms] GC(523) Metaspace: 256199K->256199K(1294336K)
[2023-12-20T08:20:11.193-0800][53761638ms] GC(523) Pause Young (Normal) (G1 Evacuation Pause) 1892M->386M(2612M) 30.709ms
[2023-12-20T08:20:11.193-0800][53761638ms] GC(523) User=0.06s Sys=0.00s Real=0.03s
[2023-12-20T08:20:11.884-0800][53762329ms] GC(524) Pause Young (Normal) (G1 Evacuation Pause)
[2023-12-20T08:20:11.884-0800][53762329ms] GC(524) Using 10 workers of 10 for evacuation
[2023-12-20T08:20:11.914-0800][53762359ms] GC(524)   Pre Evacuate Collection Set: 0.0ms
[2023-12-20T08:20:11.914-0800][53762359ms] GC(524)   Evacuate Collection Set: 27.5ms
[2023-12-20T08:20:11.914-0800][53762359ms] GC(524)   Post Evacuate Collection Set: 2.4ms
[2023-12-20T08:20:11.914-0800][53762359ms] GC(524)   Other: 0.4ms
[2023-12-20T08:20:11.914-0800][53762359ms] GC(524) Eden regions: 753->0(753)
[2023-12-20T08:20:11.914-0800][53762359ms] GC(524) Survivor regions: 30->30(98)
[2023-12-20T08:20:11.914-0800][53762359ms] GC(524) Old regions: 159->159
[2023-12-20T08:20:11.914-0800][53762359ms] GC(524) Humongous regions: 5->5
[2023-12-20T08:20:11.914-0800][53762359ms] GC(524) Metaspace: 256199K->256199K(1294336K)
[2023-12-20T08:20:11.914-0800][53762359ms] GC(524) Pause Young (Normal) (G1 Evacuation Pause) 1892M->386M(2612M) 30.327ms
[2023-12-20T08:20:11.914-0800][53762359ms] GC(524) User=0.14s Sys=0.00s Real=0.03s
[2023-12-20T08:20:12.745-0800][53763190ms] GC(525) Pause Young (Normal) (G1 Evacuation Pause)
[2023-12-20T08:20:12.745-0800][53763190ms] GC(525) Using 10 workers of 10 for evacuation
[2023-12-20T08:20:12.777-0800][53763222ms] GC(525)   Pre Evacuate Collection Set: 0.0ms
[2023-12-20T08:20:12.777-0800][53763222ms] GC(525)   Evacuate Collection Set: 29.1ms
[2023-12-20T08:20:12.777-0800][53763222ms] GC(525)   Post Evacuate Collection Set: 2.7ms
[2023-12-20T08:20:12.777-0800][53763222ms] GC(525)   Other: 0.4ms
[2023-12-20T08:20:12.777-0800][53763222ms] GC(525) Eden regions: 753->0(753)
[2023-12-20T08:20:12.777-0800][53763222ms] GC(525) Survivor regions: 30->30(98)
[2023-12-20T08:20:12.777-0800][53763222ms] GC(525) Old regions: 159->159
[2023-12-20T08:20:12.777-0800][53763222ms] GC(525) Humongous regions: 5->5
[2023-12-20T08:20:12.777-0800][53763222ms] GC(525) Metaspace: 256199K->256199K(1294336K)
[2023-12-20T08:20:12.777-0800][53763222ms] GC(525) Pause Young (Normal) (G1 Evacuation Pause) 1892M->386M(2612M) 32.373ms
[2023-12-20T08:20:12.777-0800][53763222ms] GC(525) User=0.08s Sys=0.00s Real=0.03s
[2023-12-20T08:20:13.523-0800][53763968ms] GC(526) Pause Young (Normal) (G1 Evacuation Pause)
[2023-12-20T08:20:13.523-0800][53763968ms] GC(526) Using 10 workers of 10 for evacuation
[2023-12-20T08:20:13.552-0800][53763997ms] GC(526)   Pre Evacuate Collection Set: 0.0ms
[2023-12-20T08:20:13.552-0800][53763997ms] GC(526)   Evacuate Collection Set: 26.5ms
[2023-12-20T08:20:13.552-0800][53763997ms] GC(526)   Post Evacuate Collection Set: 2.4ms
[2023-12-20T08:20:13.552-0800][53763997ms] GC(526)   Other: 0.4ms
[2023-12-20T08:20:13.552-0800][53763997ms] GC(526) Eden regions: 753->0(753)
[2023-12-20T08:20:13.552-0800][53763997ms] GC(526) Survivor regions: 30->30(98)
[2023-12-20T08:20:13.552-0800][53763997ms] GC(526) Old regions: 159->159
[2023-12-20T08:20:13.552-0800][53763997ms] GC(526) Humongous regions: 5->5
[2023-12-20T08:20:13.552-0800][53763997ms] GC(526) Metaspace: 256199K->256199K(1294336K)
[2023-12-20T08:20:13.552-0800][53763997ms] GC(526) Pause Young (Normal) (G1 Evacuation Pause) 1892M->386M(2612M) 29.448ms
[2023-12-20T08:20:13.552-0800][53763997ms] GC(526) User=0.06s Sys=0.00s Real=0.03s
[2023-12-20T08:20:14.323-0800][53764768ms] GC(527) Pause Young (Normal) (G1 Evacuation Pause)
[2023-12-20T08:20:14.323-0800][53764768ms] GC(527) Using 10 workers of 10 for evacuation
[2023-12-20T08:20:14.355-0800][53764800ms] GC(527)   Pre Evacuate Collection Set: 0.0ms
[2023-12-20T08:20:14.355-0800][53764800ms] GC(527)   Evacuate Collection Set: 29.7ms
[2023-12-20T08:20:14.355-0800][53764800ms] GC(527)   Post Evacuate Collection Set: 2.4ms
[2023-12-20T08:20:14.355-0800][53764800ms] GC(527)   Other: 0.4ms
[2023-12-20T08:20:14.355-0800][53764800ms] GC(527) Eden regions: 753->0(753)
[2023-12-20T08:20:14.355-0800][53764800ms] GC(527) Survivor regions: 30->30(98)
[2023-12-20T08:20:14.355-0800][53764800ms] GC(527) Old regions: 159->159
[2023-12-20T08:20:14.355-0800][53764800ms] GC(527) Humongous regions: 5->5
[2023-12-20T08:20:14.355-0800][53764800ms] GC(527) Metaspace: 256199K->256199K(1294336K)
[2023-12-20T08:20:14.355-0800][53764800ms] GC(527) Pause Young (Normal) (G1 Evacuation Pause) 1892M->385M(2612M) 32.676ms
[2023-12-20T08:20:14.355-0800][53764800ms] GC(527) User=0.11s Sys=0.00s Real=0.03s
[2023-12-20T08:20:15.301-0800][53765746ms] GC(528) Pause Young (Normal) (G1 Evacuation Pause)
[2023-12-20T08:20:15.301-0800][53765746ms] GC(528) Using 10 workers of 10 for evacuation
[2023-12-20T08:20:15.334-0800][53765779ms] GC(528)   Pre Evacuate Collection Set: 0.0ms
[2023-12-20T08:20:15.334-0800][53765779ms] GC(528)   Evacuate Collection Set: 29.7ms
[2023-12-20T08:20:15.334-0800][53765779ms] GC(528)   Post Evacuate Collection Set: 2.3ms
[2023-12-20T08:20:15.334-0800][53765779ms] GC(528)   Other: 0.4ms
[2023-12-20T08:20:15.334-0800][53765779ms] GC(528) Eden regions: 753->0(753)
[2023-12-20T08:20:15.334-0800][53765779ms] GC(528) Survivor regions: 30->30(98)
[2023-12-20T08:20:15.334-0800][53765779ms] GC(528) Old regions: 159->159
[2023-12-20T08:20:15.334-0800][53765779ms] GC(528) Humongous regions: 5->5
[2023-12-20T08:20:15.334-0800][53765779ms] GC(528) Metaspace: 256199K->256199K(1294336K)
[2023-12-20T08:20:15.334-0800][53765779ms] GC(528) Pause Young (Normal) (G1 Evacuation Pause) 1891M->385M(2612M) 32.511ms
[2023-12-20T08:20:15.334-0800][53765779ms] GC(528) User=0.13s Sys=0.00s Real=0.03s
[2023-12-20T08:20:16.167-0800][53766612ms] GC(529) Pause Young (Normal) (G1 Evacuation Pause)
[2023-12-20T08:20:16.167-0800][53766612ms] GC(529) Using 10 workers of 10 for evacuation
[2023-12-20T08:20:16.208-0800][53766653ms] GC(529)   Pre Evacuate Collection Set: 0.1ms
[2023-12-20T08:20:16.208-0800][53766653ms] GC(529)   Evacuate Collection Set: 37.3ms
[2023-12-20T08:20:16.208-0800][53766653ms] GC(529)   Post Evacuate Collection Set: 3.7ms
[2023-12-20T08:20:16.208-0800][53766653ms] GC(529)   Other: 0.5ms
[2023-12-20T08:20:16.208-0800][53766653ms] GC(529) Eden regions: 753->0(753)
[2023-12-20T08:20:16.208-0800][53766653ms] GC(529) Survivor regions: 30->30(98)
[2023-12-20T08:20:16.208-0800][53766653ms] GC(529) Old regions: 159->159
[2023-12-20T08:20:16.208-0800][53766653ms] GC(529) Humongous regions: 5->5
[2023-12-20T08:20:16.208-0800][53766653ms] GC(529) Metaspace: 256199K->256199K(1294336K)
[2023-12-20T08:20:16.208-0800][53766653ms] GC(529) Pause Young (Normal) (G1 Evacuation Pause) 1891M->386M(2612M) 41.675ms
[2023-12-20T08:20:16.209-0800][53766654ms] GC(529) User=0.27s Sys=0.00s Real=0.04s
[2023-12-20T08:20:16.898-0800][53767343ms] GC(530) Pause Young (Normal) (G1 Evacuation Pause)
[2023-12-20T08:20:16.898-0800][53767343ms] GC(530) Using 10 workers of 10 for evacuation
[2023-12-20T08:20:16.927-0800][53767372ms] GC(530)   Pre Evacuate Collection Set: 0.0ms
[2023-12-20T08:20:16.927-0800][53767372ms] GC(530)   Evacuate Collection Set: 26.0ms
[2023-12-20T08:20:16.927-0800][53767372ms] GC(530)   Post Evacuate Collection Set: 2.4ms
[2023-12-20T08:20:16.927-0800][53767372ms] GC(530)   Other: 0.4ms
[2023-12-20T08:20:16.927-0800][53767372ms] GC(530) Eden regions: 753->0(753)
[2023-12-20T08:20:16.927-0800][53767372ms] GC(530) Survivor regions: 30->30(98)
[2023-12-20T08:20:16.927-0800][53767372ms] GC(530) Old regions: 159->159
[2023-12-20T08:20:16.927-0800][53767372ms] GC(530) Humongous regions: 5->5
[2023-12-20T08:20:16.927-0800][53767372ms] GC(530) Metaspace: 256199K->256199K(1294336K)
[2023-12-20T08:20:16.927-0800][53767372ms] GC(530) Pause Young (Normal) (G1 Evacuation Pause) 1892M->386M(2612M) 28.925ms
[2023-12-20T08:20:16.927-0800][53767372ms] GC(530) User=0.02s Sys=0.00s Real=0.03s
[2023-12-20T08:20:17.695-0800][53768140ms] GC(531) Pause Young (Normal) (G1 Evacuation Pause)
[2023-12-20T08:20:17.695-0800][53768140ms] GC(531) Using 10 workers of 10 for evacuation
[2023-12-20T08:20:17.725-0800][53768170ms] GC(531)   Pre Evacuate Collection Set: 0.0ms
[2023-12-20T08:20:17.725-0800][53768170ms] GC(531)   Evacuate Collection Set: 26.3ms
[2023-12-20T08:20:17.725-0800][53768170ms] GC(531)   Post Evacuate Collection Set: 2.6ms
[2023-12-20T08:20:17.725-0800][53768170ms] GC(531)   Other: 0.4ms
[2023-12-20T08:20:17.725-0800][53768170ms] GC(531) Eden regions: 753->0(753)
[2023-12-20T08:20:17.725-0800][53768170ms] GC(531) Survivor regions: 30->30(98)
[2023-12-20T08:20:17.725-0800][53768170ms] GC(531) Old regions: 159->159
[2023-12-20T08:20:17.725-0800][53768170ms] GC(531) Humongous regions: 5->5
[2023-12-20T08:20:17.725-0800][53768170ms] GC(531) Metaspace: 256199K->256199K(1294336K)
[2023-12-20T08:20:17.725-0800][53768170ms] GC(531) Pause Young (Normal) (G1 Evacuation Pause) 1892M->386M(2612M) 29.360ms
[2023-12-20T08:20:17.725-0800][53768170ms] GC(531) User=0.09s Sys=0.00s Real=0.03s
[2023-12-20T08:20:18.452-0800][53768897ms] GC(532) Pause Young (Normal) (G1 Evacuation Pause)
[2023-12-20T08:20:18.452-0800][53768897ms] GC(532) Using 10 workers of 10 for evacuation
[2023-12-20T08:20:18.485-0800][53768930ms] GC(532)   Pre Evacuate Collection Set: 0.0ms
[2023-12-20T08:20:18.485-0800][53768930ms] GC(532)   Evacuate Collection Set: 30.2ms
[2023-12-20T08:20:18.485-0800][53768930ms] GC(532)   Post Evacuate Collection Set: 2.5ms
[2023-12-20T08:20:18.485-0800][53768930ms] GC(532)   Other: 0.4ms
[2023-12-20T08:20:18.485-0800][53768930ms] GC(532) Eden regions: 753->0(754)
[2023-12-20T08:20:18.485-0800][53768930ms] GC(532) Survivor regions: 30->29(98)
[2023-12-20T08:20:18.485-0800][53768930ms] GC(532) Old regions: 159->159
[2023-12-20T08:20:18.485-0800][53768930ms] GC(532) Humongous regions: 5->5
[2023-12-20T08:20:18.485-0800][53768930ms] GC(532) Metaspace: 256199K->256199K(1294336K)
[2023-12-20T08:20:18.485-0800][53768930ms] GC(532) Pause Young (Normal) (G1 Evacuation Pause) 1892M->384M(2612M) 33.152ms
[2023-12-20T08:20:18.485-0800][53768930ms] GC(532) User=0.16s Sys=0.00s Real=0.03s
[2023-12-20T08:20:19.269-0800][53769714ms] GC(533) Pause Young (Normal) (G1 Evacuation Pause)
[2023-12-20T08:20:19.269-0800][53769714ms] GC(533) Using 10 workers of 10 for evacuation
[2023-12-20T08:20:19.300-0800][53769745ms] GC(533)   Pre Evacuate Collection Set: 0.0ms
[2023-12-20T08:20:19.300-0800][53769745ms] GC(533)   Evacuate Collection Set: 28.3ms
[2023-12-20T08:20:19.300-0800][53769745ms] GC(533)   Post Evacuate Collection Set: 2.7ms
[2023-12-20T08:20:19.300-0800][53769745ms] GC(533)   Other: 0.3ms
[2023-12-20T08:20:19.300-0800][53769745ms] GC(533) Eden regions: 754->0(754)
[2023-12-20T08:20:19.300-0800][53769745ms] GC(533) Survivor regions: 29->29(98)
[2023-12-20T08:20:19.300-0800][53769745ms] GC(533) Old regions: 159->159
[2023-12-20T08:20:19.300-0800][53769745ms] GC(533) Humongous regions: 5->5
[2023-12-20T08:20:19.300-0800][53769745ms] GC(533) Metaspace: 256199K->256199K(1294336K)
[2023-12-20T08:20:19.300-0800][53769745ms] GC(533) Pause Young (Normal) (G1 Evacuation Pause) 1892M->384M(2612M) 31.477ms
[2023-12-20T08:20:19.300-0800][53769745ms] GC(533) User=0.13s Sys=0.00s Real=0.03s
[2023-12-20T08:20:20.105-0800][53770550ms] GC(534) Pause Young (Normal) (G1 Evacuation Pause)
[2023-12-20T08:20:20.105-0800][53770550ms] GC(534) Using 10 workers of 10 for evacuation
[2023-12-20T08:20:20.135-0800][53770580ms] GC(534)   Pre Evacuate Collection Set: 0.0ms
[2023-12-20T08:20:20.135-0800][53770580ms] GC(534)   Evacuate Collection Set: 26.9ms
[2023-12-20T08:20:20.135-0800][53770580ms] GC(534)   Post Evacuate Collection Set: 2.8ms
[2023-12-20T08:20:20.135-0800][53770580ms] GC(534)   Other: 0.3ms
[2023-12-20T08:20:20.135-0800][53770580ms] GC(534) Eden regions: 754->0(753)
[2023-12-20T08:20:20.135-0800][53770580ms] GC(534) Survivor regions: 29->30(98)
[2023-12-20T08:20:20.135-0800][53770580ms] GC(534) Old regions: 159->159
[2023-12-20T08:20:20.135-0800][53770580ms] GC(534) Humongous regions: 5->5
[2023-12-20T08:20:20.135-0800][53770580ms] GC(534) Metaspace: 256199K->256199K(1294336K)
[2023-12-20T08:20:20.135-0800][53770580ms] GC(534) Pause Young (Normal) (G1 Evacuation Pause) 1892M->386M(2612M) 30.178ms
[2023-12-20T08:20:20.135-0800][53770580ms] GC(534) User=0.13s Sys=0.00s Real=0.03s
[2023-12-20T08:20:20.902-0800][53771347ms] GC(535) Pause Young (Normal) (G1 Evacuation Pause)
[2023-12-20T08:20:20.902-0800][53771347ms] GC(535) Using 10 workers of 10 for evacuation
[2023-12-20T08:20:20.931-0800][53771376ms] GC(535)   Pre Evacuate Collection Set: 0.1ms
[2023-12-20T08:20:20.931-0800][53771377ms] GC(535)   Evacuate Collection Set: 26.2ms
[2023-12-20T08:20:20.932-0800][53771377ms] GC(535)   Post Evacuate Collection Set: 2.6ms
[2023-12-20T08:20:20.932-0800][53771377ms] GC(535)   Other: 0.4ms
[2023-12-20T08:20:20.932-0800][53771377ms] GC(535) Eden regions: 753->0(753)
[2023-12-20T08:20:20.932-0800][53771377ms] GC(535) Survivor regions: 30->30(98)
[2023-12-20T08:20:20.932-0800][53771377ms] GC(535) Old regions: 159->159
[2023-12-20T08:20:20.932-0800][53771377ms] GC(535) Humongous regions: 5->5
[2023-12-20T08:20:20.932-0800][53771377ms] GC(535) Metaspace: 256199K->256199K(1294336K)
[2023-12-20T08:20:20.932-0800][53771377ms] GC(535) Pause Young (Normal) (G1 Evacuation Pause) 1892M->386M(2612M) 29.399ms
[2023-12-20T08:20:20.932-0800][53771377ms] GC(535) User=0.11s Sys=0.00s Real=0.03s
[2023-12-20T08:20:21.653-0800][53772098ms] GC(536) Pause Young (Normal) (G1 Evacuation Pause)
[2023-12-20T08:20:21.653-0800][53772098ms] GC(536) Using 10 workers of 10 for evacuation
[2023-12-20T08:20:21.682-0800][53772127ms] GC(536)   Pre Evacuate Collection Set: 0.0ms
[2023-12-20T08:20:21.682-0800][53772127ms] GC(536)   Evacuate Collection Set: 26.4ms
[2023-12-20T08:20:21.682-0800][53772127ms] GC(536)   Post Evacuate Collection Set: 2.6ms
[2023-12-20T08:20:21.682-0800][53772127ms] GC(536)   Other: 0.4ms
[2023-12-20T08:20:21.682-0800][53772127ms] GC(536) Eden regions: 753->0(753)
[2023-12-20T08:20:21.682-0800][53772127ms] GC(536) Survivor regions: 30->30(98)
[2023-12-20T08:20:21.682-0800][53772127ms] GC(536) Old regions: 159->159
[2023-12-20T08:20:21.682-0800][53772127ms] GC(536) Humongous regions: 5->5
[2023-12-20T08:20:21.682-0800][53772127ms] GC(536) Metaspace: 256199K->256199K(1294336K)
[2023-12-20T08:20:21.682-0800][53772127ms] GC(536) Pause Young (Normal) (G1 Evacuation Pause) 1892M->386M(2612M) 29.476ms
[2023-12-20T08:20:21.682-0800][53772127ms] GC(536) User=0.09s Sys=0.00s Real=0.03s
[2023-12-20T08:20:22.478-0800][53772923ms] GC(537) Pause Young (Normal) (G1 Evacuation Pause)
[2023-12-20T08:20:22.478-0800][53772923ms] GC(537) Using 10 workers of 10 for evacuation
[2023-12-20T08:20:22.508-0800][53772953ms] GC(537)   Pre Evacuate Collection Set: 0.0ms
[2023-12-20T08:20:22.508-0800][53772953ms] GC(537)   Evacuate Collection Set: 27.6ms
[2023-12-20T08:20:22.508-0800][53772953ms] GC(537)   Post Evacuate Collection Set: 2.4ms
[2023-12-20T08:20:22.508-0800][53772953ms] GC(537)   Other: 0.4ms
[2023-12-20T08:20:22.508-0800][53772953ms] GC(537) Eden regions: 753->0(753)
[2023-12-20T08:20:22.508-0800][53772953ms] GC(537) Survivor regions: 30->30(98)
[2023-12-20T08:20:22.508-0800][53772953ms] GC(537) Old regions: 159->159
[2023-12-20T08:20:22.508-0800][53772953ms] GC(537) Humongous regions: 5->5
[2023-12-20T08:20:22.508-0800][53772953ms] GC(537) Metaspace: 256199K->256199K(1294336K)
[2023-12-20T08:20:22.508-0800][53772953ms] GC(537) Pause Young (Normal) (G1 Evacuation Pause) 1892M->386M(2612M) 30.562ms
[2023-12-20T08:20:22.508-0800][53772953ms] GC(537) User=0.11s Sys=0.00s Real=0.03s
[2023-12-20T08:20:23.360-0800][53773805ms] GC(538) Pause Young (Normal) (G1 Evacuation Pause)
[2023-12-20T08:20:23.360-0800][53773805ms] GC(538) Using 10 workers of 10 for evacuation
[2023-12-20T08:20:23.397-0800][53773842ms] GC(538)   Pre Evacuate Collection Set: 0.1ms
[2023-12-20T08:20:23.397-0800][53773842ms] GC(538)   Evacuate Collection Set: 33.4ms
[2023-12-20T08:20:23.397-0800][53773842ms] GC(538)   Post Evacuate Collection Set: 2.7ms
[2023-12-20T08:20:23.397-0800][53773842ms] GC(538)   Other: 0.5ms
[2023-12-20T08:20:23.397-0800][53773842ms] GC(538) Eden regions: 753->0(753)
[2023-12-20T08:20:23.397-0800][53773842ms] GC(538) Survivor regions: 30->30(98)
[2023-12-20T08:20:23.397-0800][53773842ms] GC(538) Old regions: 159->159
[2023-12-20T08:20:23.397-0800][53773842ms] GC(538) Humongous regions: 5->5
[2023-12-20T08:20:23.397-0800][53773842ms] GC(538) Metaspace: 256199K->256199K(1294336K)
[2023-12-20T08:20:23.397-0800][53773842ms] GC(538) Pause Young (Normal) (G1 Evacuation Pause) 1892M->385M(2612M) 36.869ms
[2023-12-20T08:20:23.398-0800][53773843ms] GC(538) User=0.22s Sys=0.00s Real=0.04s
[2023-12-20T08:20:24.157-0800][53774602ms] GC(539) Pause Young (Normal) (G1 Evacuation Pause)
[2023-12-20T08:20:24.157-0800][53774602ms] GC(539) Using 10 workers of 10 for evacuation
[2023-12-20T08:20:24.185-0800][53774630ms] GC(539)   Pre Evacuate Collection Set: 0.0ms
[2023-12-20T08:20:24.185-0800][53774630ms] GC(539)   Evacuate Collection Set: 26.3ms
[2023-12-20T08:20:24.185-0800][53774630ms] GC(539)   Post Evacuate Collection Set: 2.3ms
[2023-12-20T08:20:24.185-0800][53774630ms] GC(539)   Other: 0.4ms
[2023-12-20T08:20:24.185-0800][53774630ms] GC(539) Eden regions: 753->0(753)
[2023-12-20T08:20:24.185-0800][53774630ms] GC(539) Survivor regions: 30->30(98)
[2023-12-20T08:20:24.186-0800][53774631ms] GC(539) Old regions: 159->159
[2023-12-20T08:20:24.186-0800][53774631ms] GC(539) Humongous regions: 5->5
[2023-12-20T08:20:24.186-0800][53774631ms] GC(539) Metaspace: 256208K->256208K(1294336K)
[2023-12-20T08:20:24.186-0800][53774631ms] GC(539) Pause Young (Normal) (G1 Evacuation Pause) 1891M->385M(2612M) 29.214ms
[2023-12-20T08:20:24.186-0800][53774631ms] GC(539) User=0.13s Sys=0.00s Real=0.03s
[2023-12-20T08:20:24.909-0800][53775354ms] GC(540) Pause Young (Normal) (G1 Evacuation Pause)
[2023-12-20T08:20:24.909-0800][53775354ms] GC(540) Using 10 workers of 10 for evacuation
[2023-12-20T08:20:24.940-0800][53775385ms] GC(540)   Pre Evacuate Collection Set: 0.0ms
[2023-12-20T08:20:24.941-0800][53775386ms] GC(540)   Evacuate Collection Set: 28.9ms
[2023-12-20T08:20:24.941-0800][53775386ms] GC(540)   Post Evacuate Collection Set: 2.4ms
[2023-12-20T08:20:24.941-0800][53775386ms] GC(540)   Other: 0.3ms
[2023-12-20T08:20:24.941-0800][53775386ms] GC(540) Eden regions: 753->0(753)
[2023-12-20T08:20:24.941-0800][53775386ms] GC(540) Survivor regions: 30->30(98)
[2023-12-20T08:20:24.941-0800][53775386ms] GC(540) Old regions: 159->159
[2023-12-20T08:20:24.941-0800][53775386ms] GC(540) Humongous regions: 5->5
[2023-12-20T08:20:24.941-0800][53775386ms] GC(540) Metaspace: 256208K->256208K(1294336K)
[2023-12-20T08:20:24.941-0800][53775386ms] GC(540) Pause Young (Normal) (G1 Evacuation Pause) 1891M->386M(2612M) 31.754ms
[2023-12-20T08:20:24.941-0800][53775386ms] GC(540) User=0.09s Sys=0.00s Real=0.03s
[2023-12-20T08:20:25.725-0800][53776170ms] GC(541) Pause Young (Normal) (G1 Evacuation Pause)
[2023-12-20T08:20:25.725-0800][53776170ms] GC(541) Using 10 workers of 10 for evacuation
[2023-12-20T08:20:25.754-0800][53776199ms] GC(541)   Pre Evacuate Collection Set: 0.0ms
[2023-12-20T08:20:25.754-0800][53776199ms] GC(541)   Evacuate Collection Set: 26.8ms
[2023-12-20T08:20:25.754-0800][53776199ms] GC(541)   Post Evacuate Collection Set: 2.3ms
[2023-12-20T08:20:25.754-0800][53776199ms] GC(541)   Other: 0.3ms
[2023-12-20T08:20:25.754-0800][53776199ms] GC(541) Eden regions: 753->0(753)
[2023-12-20T08:20:25.754-0800][53776199ms] GC(541) Survivor regions: 30->30(98)
[2023-12-20T08:20:25.754-0800][53776199ms] GC(541) Old regions: 159->159
[2023-12-20T08:20:25.754-0800][53776199ms] GC(541) Humongous regions: 5->5
[2023-12-20T08:20:25.754-0800][53776199ms] GC(541) Metaspace: 256208K->256208K(1294336K)
[2023-12-20T08:20:25.754-0800][53776199ms] GC(541) Pause Young (Normal) (G1 Evacuation Pause) 1892M->385M(2612M) 29.548ms
[2023-12-20T08:20:25.754-0800][53776199ms] GC(541) User=0.14s Sys=0.00s Real=0.03s
[2023-12-20T08:20:26.594-0800][53777039ms] GC(542) Pause Young (Normal) (G1 Evacuation Pause)
[2023-12-20T08:20:26.594-0800][53777039ms] GC(542) Using 10 workers of 10 for evacuation
[2023-12-20T08:20:26.623-0800][53777068ms] GC(542)   Pre Evacuate Collection Set: 0.0ms
[2023-12-20T08:20:26.623-0800][53777068ms] GC(542)   Evacuate Collection Set: 27.2ms
[2023-12-20T08:20:26.624-0800][53777069ms] GC(542)   Post Evacuate Collection Set: 2.5ms
[2023-12-20T08:20:26.624-0800][53777069ms] GC(542)   Other: 0.4ms
[2023-12-20T08:20:26.624-0800][53777069ms] GC(542) Eden regions: 753->0(753)
[2023-12-20T08:20:26.624-0800][53777069ms] GC(542) Survivor regions: 30->30(98)
[2023-12-20T08:20:26.624-0800][53777069ms] GC(542) Old regions: 159->159
[2023-12-20T08:20:26.624-0800][53777069ms] GC(542) Humongous regions: 5->5
[2023-12-20T08:20:26.624-0800][53777069ms] GC(542) Metaspace: 256208K->256208K(1294336K)
[2023-12-20T08:20:26.624-0800][53777069ms] GC(542) Pause Young (Normal) (G1 Evacuation Pause) 1891M->386M(2612M) 30.339ms
[2023-12-20T08:20:26.624-0800][53777069ms] GC(542) User=0.08s Sys=0.00s Real=0.03s
[2023-12-20T08:20:27.403-0800][53777848ms] GC(543) Pause Young (Normal) (G1 Evacuation Pause)
[2023-12-20T08:20:27.403-0800][53777848ms] GC(543) Using 10 workers of 10 for evacuation
[2023-12-20T08:20:27.435-0800][53777880ms] GC(543)   Pre Evacuate Collection Set: 0.0ms
[2023-12-20T08:20:27.435-0800][53777880ms] GC(543)   Evacuate Collection Set: 28.6ms
[2023-12-20T08:20:27.435-0800][53777880ms] GC(543)   Post Evacuate Collection Set: 2.5ms
[2023-12-20T08:20:27.435-0800][53777880ms] GC(543)   Other: 0.4ms
[2023-12-20T08:20:27.435-0800][53777880ms] GC(543) Eden regions: 753->0(753)
[2023-12-20T08:20:27.435-0800][53777880ms] GC(543) Survivor regions: 30->30(98)
[2023-12-20T08:20:27.435-0800][53777880ms] GC(543) Old regions: 159->159
[2023-12-20T08:20:27.435-0800][53777880ms] GC(543) Humongous regions: 5->5
[2023-12-20T08:20:27.435-0800][53777880ms] GC(543) Metaspace: 256208K->256208K(1294336K)
[2023-12-20T08:20:27.435-0800][53777880ms] GC(543) Pause Young (Normal) (G1 Evacuation Pause) 1892M->386M(2612M) 31.660ms
[2023-12-20T08:20:27.435-0800][53777880ms] GC(543) User=0.11s Sys=0.00s Real=0.03s
[2023-12-20T08:20:28.175-0800][53778620ms] GC(544) Pause Young (Normal) (G1 Evacuation Pause)
[2023-12-20T08:20:28.175-0800][53778620ms] GC(544) Using 10 workers of 10 for evacuation
[2023-12-20T08:20:28.204-0800][53778650ms] GC(544)   Pre Evacuate Collection Set: 0.0ms
[2023-12-20T08:20:28.205-0800][53778650ms] GC(544)   Evacuate Collection Set: 27.0ms
[2023-12-20T08:20:28.205-0800][53778650ms] GC(544)   Post Evacuate Collection Set: 2.3ms
[2023-12-20T08:20:28.205-0800][53778650ms] GC(544)   Other: 0.4ms
[2023-12-20T08:20:28.205-0800][53778650ms] GC(544) Eden regions: 753->0(753)
[2023-12-20T08:20:28.205-0800][53778650ms] GC(544) Survivor regions: 30->30(98)
[2023-12-20T08:20:28.205-0800][53778650ms] GC(544) Old regions: 159->159
[2023-12-20T08:20:28.205-0800][53778650ms] GC(544) Humongous regions: 5->5
[2023-12-20T08:20:28.205-0800][53778650ms] GC(544) Metaspace: 256208K->256208K(1294336K)
[2023-12-20T08:20:28.205-0800][53778650ms] GC(544) Pause Young (Normal) (G1 Evacuation Pause) 1892M->386M(2612M) 29.908ms
[2023-12-20T08:20:28.205-0800][53778650ms] GC(544) User=0.09s Sys=0.00s Real=0.03s
[2023-12-20T08:20:28.964-0800][53779409ms] GC(545) Pause Young (Normal) (G1 Evacuation Pause)
[2023-12-20T08:20:28.964-0800][53779409ms] GC(545) Using 10 workers of 10 for evacuation
[2023-12-20T08:20:28.994-0800][53779439ms] GC(545)   Pre Evacuate Collection Set: 0.0ms
[2023-12-20T08:20:28.994-0800][53779439ms] GC(545)   Evacuate Collection Set: 27.1ms
[2023-12-20T08:20:28.994-0800][53779439ms] GC(545)   Post Evacuate Collection Set: 2.5ms
[2023-12-20T08:20:28.994-0800][53779439ms] GC(545)   Other: 0.4ms
[2023-12-20T08:20:28.994-0800][53779439ms] GC(545) Eden regions: 753->0(753)
[2023-12-20T08:20:28.994-0800][53779439ms] GC(545) Survivor regions: 30->30(98)
[2023-12-20T08:20:28.994-0800][53779439ms] GC(545) Old regions: 159->159
[2023-12-20T08:20:28.994-0800][53779439ms] GC(545) Humongous regions: 5->5
[2023-12-20T08:20:28.994-0800][53779439ms] GC(545) Metaspace: 256208K->256208K(1294336K)
[2023-12-20T08:20:28.994-0800][53779439ms] GC(545) Pause Young (Normal) (G1 Evacuation Pause) 1892M->385M(2612M) 30.092ms
[2023-12-20T08:20:28.994-0800][53779439ms] GC(545) User=0.06s Sys=0.00s Real=0.03s
[2023-12-20T08:20:29.824-0800][53780269ms] GC(546) Pause Young (Normal) (G1 Evacuation Pause)
[2023-12-20T08:20:29.824-0800][53780269ms] GC(546) Using 10 workers of 10 for evacuation
[2023-12-20T08:20:29.854-0800][53780299ms] GC(546)   Pre Evacuate Collection Set: 0.0ms
[2023-12-20T08:20:29.854-0800][53780299ms] GC(546)   Evacuate Collection Set: 27.1ms
[2023-12-20T08:20:29.854-0800][53780299ms] GC(546)   Post Evacuate Collection Set: 2.7ms
[2023-12-20T08:20:29.854-0800][53780299ms] GC(546)   Other: 0.4ms
[2023-12-20T08:20:29.854-0800][53780299ms] GC(546) Eden regions: 753->0(753)
[2023-12-20T08:20:29.854-0800][53780299ms] GC(546) Survivor regions: 30->30(98)
[2023-12-20T08:20:29.854-0800][53780299ms] GC(546) Old regions: 159->159
[2023-12-20T08:20:29.854-0800][53780299ms] GC(546) Humongous regions: 5->5
[2023-12-20T08:20:29.854-0800][53780299ms] GC(546) Metaspace: 256208K->256208K(1294336K)
[2023-12-20T08:20:29.854-0800][53780299ms] GC(546) Pause Young (Normal) (G1 Evacuation Pause) 1891M->386M(2612M) 30.242ms
[2023-12-20T08:20:29.854-0800][53780299ms] GC(546) User=0.14s Sys=0.00s Real=0.03s
[2023-12-20T08:20:30.674-0800][53781119ms] GC(547) Pause Young (Normal) (G1 Evacuation Pause)
[2023-12-20T08:20:30.674-0800][53781119ms] GC(547) Using 10 workers of 10 for evacuation
[2023-12-20T08:20:30.704-0800][53781149ms] GC(547)   Pre Evacuate Collection Set: 0.0ms
[2023-12-20T08:20:30.704-0800][53781149ms] GC(547)   Evacuate Collection Set: 27.2ms
[2023-12-20T08:20:30.704-0800][53781149ms] GC(547)   Post Evacuate Collection Set: 2.5ms
[2023-12-20T08:20:30.704-0800][53781149ms] GC(547)   Other: 0.4ms
[2023-12-20T08:20:30.704-0800][53781149ms] GC(547) Eden regions: 753->0(754)
[2023-12-20T08:20:30.704-0800][53781149ms] GC(547) Survivor regions: 30->29(98)
[2023-12-20T08:20:30.704-0800][53781149ms] GC(547) Old regions: 159->159
[2023-12-20T08:20:30.704-0800][53781149ms] GC(547) Humongous regions: 5->5
[2023-12-20T08:20:30.704-0800][53781149ms] GC(547) Metaspace: 256208K->256208K(1294336K)
[2023-12-20T08:20:30.704-0800][53781149ms] GC(547) Pause Young (Normal) (G1 Evacuation Pause) 1892M->384M(2612M) 30.239ms
[2023-12-20T08:20:30.704-0800][53781149ms] GC(547) User=0.13s Sys=0.00s Real=0.03s
[2023-12-20T08:20:31.473-0800][53781918ms] GC(548) Pause Young (Normal) (G1 Evacuation Pause)
[2023-12-20T08:20:31.473-0800][53781918ms] GC(548) Using 10 workers of 10 for evacuation
[2023-12-20T08:20:31.505-0800][53781950ms] GC(548)   Pre Evacuate Collection Set: 0.0ms
[2023-12-20T08:20:31.505-0800][53781950ms] GC(548)   Evacuate Collection Set: 28.7ms
[2023-12-20T08:20:31.505-0800][53781950ms] GC(548)   Post Evacuate Collection Set: 2.4ms
[2023-12-20T08:20:31.505-0800][53781950ms] GC(548)   Other: 0.4ms
[2023-12-20T08:20:31.505-0800][53781950ms] GC(548) Eden regions: 754->0(753)
[2023-12-20T08:20:31.505-0800][53781950ms] GC(548) Survivor regions: 29->30(98)
[2023-12-20T08:20:31.505-0800][53781950ms] GC(548) Old regions: 159->159
[2023-12-20T08:20:31.505-0800][53781950ms] GC(548) Humongous regions: 5->5
[2023-12-20T08:20:31.505-0800][53781950ms] GC(548) Metaspace: 256208K->256208K(1294336K)
[2023-12-20T08:20:31.505-0800][53781950ms] GC(548) Pause Young (Normal) (G1 Evacuation Pause) 1892M->385M(2612M) 31.626ms
[2023-12-20T08:20:31.505-0800][53781950ms] GC(548) User=0.09s Sys=0.00s Real=0.03s
[2023-12-20T08:20:32.277-0800][53782722ms] GC(549) Pause Young (Normal) (G1 Evacuation Pause)
[2023-12-20T08:20:32.277-0800][53782722ms] GC(549) Using 10 workers of 10 for evacuation
[2023-12-20T08:20:32.307-0800][53782752ms] GC(549)   Pre Evacuate Collection Set: 0.0ms
[2023-12-20T08:20:32.307-0800][53782752ms] GC(549)   Evacuate Collection Set: 26.8ms
[2023-12-20T08:20:32.307-0800][53782752ms] GC(549)   Post Evacuate Collection Set: 2.5ms
[2023-12-20T08:20:32.307-0800][53782752ms] GC(549)   Other: 0.4ms
[2023-12-20T08:20:32.307-0800][53782752ms] GC(549) Eden regions: 753->0(753)
[2023-12-20T08:20:32.307-0800][53782752ms] GC(549) Survivor regions: 30->30(98)
[2023-12-20T08:20:32.307-0800][53782752ms] GC(549) Old regions: 159->159
[2023-12-20T08:20:32.307-0800][53782752ms] GC(549) Humongous regions: 5->5
[2023-12-20T08:20:32.307-0800][53782752ms] GC(549) Metaspace: 256208K->256208K(1294336K)
[2023-12-20T08:20:32.307-0800][53782752ms] GC(549) Pause Young (Normal) (G1 Evacuation Pause) 1891M->386M(2612M) 29.856ms
[2023-12-20T08:20:32.307-0800][53782752ms] GC(549) User=0.09s Sys=0.00s Real=0.03s
[2023-12-20T08:20:33.015-0800][53783460ms] GC(550) Pause Young (Normal) (G1 Evacuation Pause)
[2023-12-20T08:20:33.015-0800][53783460ms] GC(550) Using 10 workers of 10 for evacuation
[2023-12-20T08:20:33.045-0800][53783490ms] GC(550)   Pre Evacuate Collection Set: 0.0ms
[2023-12-20T08:20:33.045-0800][53783490ms] GC(550)   Evacuate Collection Set: 27.2ms
[2023-12-20T08:20:33.045-0800][53783490ms] GC(550)   Post Evacuate Collection Set: 2.4ms
[2023-12-20T08:20:33.045-0800][53783490ms] GC(550)   Other: 0.4ms
[2023-12-20T08:20:33.045-0800][53783490ms] GC(550) Eden regions: 753->0(753)
[2023-12-20T08:20:33.045-0800][53783490ms] GC(550) Survivor regions: 30->30(98)
[2023-12-20T08:20:33.045-0800][53783490ms] GC(550) Old regions: 159->159
[2023-12-20T08:20:33.045-0800][53783490ms] GC(550) Humongous regions: 5->5
[2023-12-20T08:20:33.045-0800][53783490ms] GC(550) Metaspace: 256208K->256208K(1294336K)
[2023-12-20T08:20:33.045-0800][53783490ms] GC(550) Pause Young (Normal) (G1 Evacuation Pause) 1892M->386M(2612M) 30.290ms
[2023-12-20T08:20:33.045-0800][53783490ms] GC(550) User=0.11s Sys=0.00s Real=0.03s
[2023-12-20T08:20:33.819-0800][53784264ms] GC(551) Pause Young (Normal) (G1 Evacuation Pause)
[2023-12-20T08:20:33.819-0800][53784264ms] GC(551) Using 10 workers of 10 for evacuation
[2023-12-20T08:20:33.848-0800][53784293ms] GC(551)   Pre Evacuate Collection Set: 0.0ms
[2023-12-20T08:20:33.848-0800][53784293ms] GC(551)   Evacuate Collection Set: 26.8ms
[2023-12-20T08:20:33.848-0800][53784293ms] GC(551)   Post Evacuate Collection Set: 2.5ms
[2023-12-20T08:20:33.848-0800][53784293ms] GC(551)   Other: 0.4ms
[2023-12-20T08:20:33.848-0800][53784293ms] GC(551) Eden regions: 753->0(753)
[2023-12-20T08:20:33.848-0800][53784293ms] GC(551) Survivor regions: 30->30(98)
[2023-12-20T08:20:33.848-0800][53784293ms] GC(551) Old regions: 159->159
[2023-12-20T08:20:33.848-0800][53784293ms] GC(551) Humongous regions: 5->5
[2023-12-20T08:20:33.848-0800][53784293ms] GC(551) Metaspace: 256208K->256208K(1294336K)
[2023-12-20T08:20:33.848-0800][53784293ms] GC(551) Pause Young (Normal) (G1 Evacuation Pause) 1892M->386M(2612M) 29.837ms
[2023-12-20T08:20:33.848-0800][53784293ms] GC(551) User=0.16s Sys=0.00s Real=0.03s
[2023-12-20T08:20:34.582-0800][53785027ms] GC(552) Pause Young (Normal) (G1 Evacuation Pause)
[2023-12-20T08:20:34.582-0800][53785027ms] GC(552) Using 10 workers of 10 for evacuation
[2023-12-20T08:20:34.613-0800][53785058ms] GC(552)   Pre Evacuate Collection Set: 0.0ms
[2023-12-20T08:20:34.613-0800][53785058ms] GC(552)   Evacuate Collection Set: 27.5ms
[2023-12-20T08:20:34.613-0800][53785058ms] GC(552)   Post Evacuate Collection Set: 2.4ms
[2023-12-20T08:20:34.613-0800][53785058ms] GC(552)   Other: 0.4ms
[2023-12-20T08:20:34.613-0800][53785058ms] GC(552) Eden regions: 753->0(753)
[2023-12-20T08:20:34.613-0800][53785058ms] GC(552) Survivor regions: 30->30(98)
[2023-12-20T08:20:34.613-0800][53785058ms] GC(552) Old regions: 159->159
[2023-12-20T08:20:34.613-0800][53785058ms] GC(552) Humongous regions: 5->5
[2023-12-20T08:20:34.613-0800][53785058ms] GC(552) Metaspace: 256212K->256212K(1294336K)
[2023-12-20T08:20:34.613-0800][53785058ms] GC(552) Pause Young (Normal) (G1 Evacuation Pause) 1892M->385M(2612M) 30.433ms
[2023-12-20T08:20:34.613-0800][53785058ms] GC(552) User=0.11s Sys=0.00s Real=0.03s
[2023-12-20T08:20:35.361-0800][53785806ms] GC(553) Pause Young (Normal) (G1 Evacuation Pause)
[2023-12-20T08:20:35.361-0800][53785806ms] GC(553) Using 10 workers of 10 for evacuation
[2023-12-20T08:20:35.390-0800][53785835ms] GC(553)   Pre Evacuate Collection Set: 0.0ms
[2023-12-20T08:20:35.390-0800][53785835ms] GC(553)   Evacuate Collection Set: 26.7ms
[2023-12-20T08:20:35.390-0800][53785835ms] GC(553)   Post Evacuate Collection Set: 2.4ms
[2023-12-20T08:20:35.390-0800][53785835ms] GC(553)   Other: 0.4ms
[2023-12-20T08:20:35.390-0800][53785835ms] GC(553) Eden regions: 753->0(753)
[2023-12-20T08:20:35.390-0800][53785835ms] GC(553) Survivor regions: 30->30(98)
[2023-12-20T08:20:35.390-0800][53785835ms] GC(553) Old regions: 159->159
[2023-12-20T08:20:35.390-0800][53785835ms] GC(553) Humongous regions: 5->5
[2023-12-20T08:20:35.390-0800][53785835ms] GC(553) Metaspace: 256212K->256212K(1294336K)
[2023-12-20T08:20:35.390-0800][53785835ms] GC(553) Pause Young (Normal) (G1 Evacuation Pause) 1891M->386M(2612M) 29.632ms
[2023-12-20T08:20:35.390-0800][53785835ms] GC(553) User=0.13s Sys=0.00s Real=0.03s
[2023-12-20T08:20:36.112-0800][53786557ms] GC(554) Pause Young (Normal) (GCLocker Initiated GC)
[2023-12-20T08:20:36.112-0800][53786557ms] GC(554) Using 10 workers of 10 for evacuation
[2023-12-20T08:20:36.142-0800][53786587ms] GC(554)   Pre Evacuate Collection Set: 0.0ms
[2023-12-20T08:20:36.142-0800][53786587ms] GC(554)   Evacuate Collection Set: 26.8ms
[2023-12-20T08:20:36.142-0800][53786587ms] GC(554)   Post Evacuate Collection Set: 2.4ms
[2023-12-20T08:20:36.142-0800][53786587ms] GC(554)   Other: 0.4ms
[2023-12-20T08:20:36.142-0800][53786587ms] GC(554) Eden regions: 754->0(753)
[2023-12-20T08:20:36.142-0800][53786587ms] GC(554) Survivor regions: 30->30(98)
[2023-12-20T08:20:36.142-0800][53786587ms] GC(554) Old regions: 159->159
[2023-12-20T08:20:36.142-0800][53786587ms] GC(554) Humongous regions: 5->5
[2023-12-20T08:20:36.142-0800][53786587ms] GC(554) Metaspace: 256212K->256212K(1294336K)
[2023-12-20T08:20:36.142-0800][53786587ms] GC(554) Pause Young (Normal) (GCLocker Initiated GC) 1893M->385M(2612M) 29.793ms
[2023-12-20T08:20:36.142-0800][53786587ms] GC(554) User=0.14s Sys=0.00s Real=0.03s
[2023-12-20T08:20:36.907-0800][53787352ms] GC(555) Pause Young (Normal) (GCLocker Initiated GC)
[2023-12-20T08:20:36.907-0800][53787352ms] GC(555) Using 10 workers of 10 for evacuation
[2023-12-20T08:20:36.937-0800][53787382ms] GC(555)   Pre Evacuate Collection Set: 0.0ms
[2023-12-20T08:20:36.937-0800][53787382ms] GC(555)   Evacuate Collection Set: 26.9ms
[2023-12-20T08:20:36.937-0800][53787382ms] GC(555)   Post Evacuate Collection Set: 3.0ms
[2023-12-20T08:20:36.937-0800][53787382ms] GC(555)   Other: 0.4ms
[2023-12-20T08:20:36.937-0800][53787382ms] GC(555) Eden regions: 754->0(753)
[2023-12-20T08:20:36.937-0800][53787382ms] GC(555) Survivor regions: 30->30(98)
[2023-12-20T08:20:36.937-0800][53787382ms] GC(555) Old regions: 159->159
[2023-12-20T08:20:36.937-0800][53787382ms] GC(555) Humongous regions: 5->5
[2023-12-20T08:20:36.937-0800][53787382ms] GC(555) Metaspace: 256212K->256212K(1294336K)
[2023-12-20T08:20:36.937-0800][53787382ms] GC(555) Pause Young (Normal) (GCLocker Initiated GC) 1892M->386M(2612M) 30.384ms
[2023-12-20T08:20:36.937-0800][53787382ms] GC(555) User=0.14s Sys=0.00s Real=0.03s
[2023-12-20T08:20:37.742-0800][53788188ms] GC(556) Pause Young (Normal) (GCLocker Initiated GC)
[2023-12-20T08:20:37.743-0800][53788188ms] GC(556) Using 10 workers of 10 for evacuation
[2023-12-20T08:20:37.772-0800][53788217ms] GC(556)   Pre Evacuate Collection Set: 0.0ms
[2023-12-20T08:20:37.772-0800][53788217ms] GC(556)   Evacuate Collection Set: 26.8ms
[2023-12-20T08:20:37.772-0800][53788217ms] GC(556)   Post Evacuate Collection Set: 2.5ms
[2023-12-20T08:20:37.772-0800][53788217ms] GC(556)   Other: 0.4ms
[2023-12-20T08:20:37.772-0800][53788217ms] GC(556) Eden regions: 754->0(753)
[2023-12-20T08:20:37.772-0800][53788217ms] GC(556) Survivor regions: 30->30(98)
[2023-12-20T08:20:37.772-0800][53788217ms] GC(556) Old regions: 159->159
[2023-12-20T08:20:37.772-0800][53788217ms] GC(556) Humongous regions: 5->5
[2023-12-20T08:20:37.772-0800][53788217ms] GC(556) Metaspace: 256212K->256212K(1294336K)
[2023-12-20T08:20:37.772-0800][53788217ms] GC(556) Pause Young (Normal) (GCLocker Initiated GC) 1893M->385M(2612M) 29.788ms
[2023-12-20T08:20:37.772-0800][53788217ms] GC(556) User=0.08s Sys=0.00s Real=0.03s
[2023-12-20T08:20:38.546-0800][53788991ms] GC(557) Pause Young (Normal) (G1 Evacuation Pause)
[2023-12-20T08:20:38.546-0800][53788991ms] GC(557) Using 10 workers of 10 for evacuation
[2023-12-20T08:20:38.577-0800][53789022ms] GC(557)   Pre Evacuate Collection Set: 0.0ms
[2023-12-20T08:20:38.577-0800][53789022ms] GC(557)   Evacuate Collection Set: 28.8ms
[2023-12-20T08:20:38.577-0800][53789022ms] GC(557)   Post Evacuate Collection Set: 2.4ms
[2023-12-20T08:20:38.577-0800][53789022ms] GC(557)   Other: 0.4ms
[2023-12-20T08:20:38.577-0800][53789022ms] GC(557) Eden regions: 753->0(754)
[2023-12-20T08:20:38.577-0800][53789022ms] GC(557) Survivor regions: 30->29(98)
[2023-12-20T08:20:38.577-0800][53789022ms] GC(557) Old regions: 159->159
[2023-12-20T08:20:38.577-0800][53789022ms] GC(557) Humongous regions: 5->5
[2023-12-20T08:20:38.577-0800][53789022ms] GC(557) Metaspace: 256212K->256212K(1294336K)
[2023-12-20T08:20:38.577-0800][53789022ms] GC(557) Pause Young (Normal) (G1 Evacuation Pause) 1891M->384M(2612M) 31.766ms
[2023-12-20T08:20:38.577-0800][53789022ms] GC(557) User=0.11s Sys=0.00s Real=0.03s
[2023-12-20T08:20:39.370-0800][53789815ms] GC(558) Pause Young (Normal) (G1 Evacuation Pause)
[2023-12-20T08:20:39.370-0800][53789815ms] GC(558) Using 10 workers of 10 for evacuation
[2023-12-20T08:20:39.400-0800][53789845ms] GC(558)   Pre Evacuate Collection Set: 0.0ms
[2023-12-20T08:20:39.400-0800][53789845ms] GC(558)   Evacuate Collection Set: 26.3ms
[2023-12-20T08:20:39.400-0800][53789845ms] GC(558)   Post Evacuate Collection Set: 2.4ms
[2023-12-20T08:20:39.400-0800][53789845ms] GC(558)   Other: 0.4ms
[2023-12-20T08:20:39.400-0800][53789845ms] GC(558) Eden regions: 754->0(753)
[2023-12-20T08:20:39.400-0800][53789845ms] GC(558) Survivor regions: 29->30(98)
[2023-12-20T08:20:39.400-0800][53789845ms] GC(558) Old regions: 159->159
[2023-12-20T08:20:39.400-0800][53789845ms] GC(558) Humongous regions: 5->5
[2023-12-20T08:20:39.400-0800][53789845ms] GC(558) Metaspace: 256212K->256212K(1294336K)
[2023-12-20T08:20:39.400-0800][53789845ms] GC(558) Pause Young (Normal) (G1 Evacuation Pause) 1892M->386M(2612M) 29.303ms
[2023-12-20T08:20:39.400-0800][53789845ms] GC(558) User=0.09s Sys=0.00s Real=0.03s
[2023-12-20T08:20:40.154-0800][53790599ms] GC(559) Pause Young (Normal) (G1 Evacuation Pause)
[2023-12-20T08:20:40.154-0800][53790599ms] GC(559) Using 10 workers of 10 for evacuation
[2023-12-20T08:20:40.183-0800][53790628ms] GC(559)   Pre Evacuate Collection Set: 0.0ms
[2023-12-20T08:20:40.183-0800][53790628ms] GC(559)   Evacuate Collection Set: 27.5ms
[2023-12-20T08:20:40.183-0800][53790628ms] GC(559)   Post Evacuate Collection Set: 2.5ms
[2023-12-20T08:20:40.183-0800][53790628ms] GC(559)   Other: 0.3ms
[2023-12-20T08:20:40.183-0800][53790628ms] GC(559) Eden regions: 753->0(753)
[2023-12-20T08:20:40.183-0800][53790628ms] GC(559) Survivor regions: 30->30(98)
[2023-12-20T08:20:40.183-0800][53790628ms] GC(559) Old regions: 159->159
[2023-12-20T08:20:40.184-0800][53790629ms] GC(559) Humongous regions: 5->5
[2023-12-20T08:20:40.184-0800][53790629ms] GC(559) Metaspace: 256212K->256212K(1294336K)
[2023-12-20T08:20:40.184-0800][53790629ms] GC(559) Pause Young (Normal) (G1 Evacuation Pause) 1892M->386M(2612M) 30.462ms
[2023-12-20T08:20:40.184-0800][53790629ms] GC(559) User=0.08s Sys=0.00s Real=0.03s
[2023-12-20T08:20:40.923-0800][53791369ms] GC(560) Pause Young (Normal) (G1 Evacuation Pause)
[2023-12-20T08:20:40.924-0800][53791369ms] GC(560) Using 10 workers of 10 for evacuation
[2023-12-20T08:20:40.954-0800][53791399ms] GC(560)   Pre Evacuate Collection Set: 0.0ms
[2023-12-20T08:20:40.954-0800][53791399ms] GC(560)   Evacuate Collection Set: 27.5ms
[2023-12-20T08:20:40.954-0800][53791399ms] GC(560)   Post Evacuate Collection Set: 2.7ms
[2023-12-20T08:20:40.954-0800][53791399ms] GC(560)   Other: 0.3ms
[2023-12-20T08:20:40.954-0800][53791399ms] GC(560) Eden regions: 753->0(753)
[2023-12-20T08:20:40.954-0800][53791399ms] GC(560) Survivor regions: 30->30(98)
[2023-12-20T08:20:40.954-0800][53791399ms] GC(560) Old regions: 159->159
[2023-12-20T08:20:40.954-0800][53791399ms] GC(560) Humongous regions: 5->5
[2023-12-20T08:20:40.954-0800][53791399ms] GC(560) Metaspace: 256212K->256212K(1294336K)
[2023-12-20T08:20:40.954-0800][53791399ms] GC(560) Pause Young (Normal) (G1 Evacuation Pause) 1892M->386M(2612M) 30.730ms
[2023-12-20T08:20:40.954-0800][53791399ms] GC(560) User=0.11s Sys=0.00s Real=0.03s
[2023-12-20T08:20:41.669-0800][53792114ms] GC(561) Pause Young (Normal) (G1 Evacuation Pause)
[2023-12-20T08:20:41.669-0800][53792114ms] GC(561) Using 10 workers of 10 for evacuation
[2023-12-20T08:20:41.699-0800][53792144ms] GC(561)   Pre Evacuate Collection Set: 0.0ms
[2023-12-20T08:20:41.699-0800][53792144ms] GC(561)   Evacuate Collection Set: 26.8ms
[2023-12-20T08:20:41.699-0800][53792144ms] GC(561)   Post Evacuate Collection Set: 2.5ms
[2023-12-20T08:20:41.699-0800][53792144ms] GC(561)   Other: 0.4ms
[2023-12-20T08:20:41.699-0800][53792144ms] GC(561) Eden regions: 753->0(753)
[2023-12-20T08:20:41.699-0800][53792144ms] GC(561) Survivor regions: 30->30(98)
[2023-12-20T08:20:41.699-0800][53792144ms] GC(561) Old regions: 159->159
[2023-12-20T08:20:41.699-0800][53792144ms] GC(561) Humongous regions: 5->5
[2023-12-20T08:20:41.699-0800][53792144ms] GC(561) Metaspace: 256212K->256212K(1294336K)
[2023-12-20T08:20:41.699-0800][53792144ms] GC(561) Pause Young (Normal) (G1 Evacuation Pause) 1892M->386M(2612M) 29.857ms
[2023-12-20T08:20:41.699-0800][53792144ms] GC(561) User=0.05s Sys=0.00s Real=0.03s
[2023-12-20T08:20:42.461-0800][53792906ms] GC(562) Pause Young (Normal) (G1 Evacuation Pause)
[2023-12-20T08:20:42.461-0800][53792906ms] GC(562) Using 10 workers of 10 for evacuation
[2023-12-20T08:20:42.498-0800][53792943ms] GC(562)   Pre Evacuate Collection Set: 0.0ms
[2023-12-20T08:20:42.498-0800][53792943ms] GC(562)   Evacuate Collection Set: 33.4ms
[2023-12-20T08:20:42.498-0800][53792943ms] GC(562)   Post Evacuate Collection Set: 2.8ms
[2023-12-20T08:20:42.498-0800][53792943ms] GC(562)   Other: 0.5ms
[2023-12-20T08:20:42.498-0800][53792943ms] GC(562) Eden regions: 753->0(754)
[2023-12-20T08:20:42.498-0800][53792943ms] GC(562) Survivor regions: 30->29(98)
[2023-12-20T08:20:42.498-0800][53792943ms] GC(562) Old regions: 159->159
[2023-12-20T08:20:42.498-0800][53792943ms] GC(562) Humongous regions: 5->5
[2023-12-20T08:20:42.498-0800][53792943ms] GC(562) Metaspace: 256212K->256212K(1294336K)
[2023-12-20T08:20:42.498-0800][53792943ms] GC(562) Pause Young (Normal) (G1 Evacuation Pause) 1892M->384M(2612M) 36.925ms
[2023-12-20T08:20:42.498-0800][53792943ms] GC(562) User=0.14s Sys=0.00s Real=0.04s
[2023-12-20T08:20:43.359-0800][53793804ms] GC(563) Pause Young (Normal) (G1 Evacuation Pause)
[2023-12-20T08:20:43.359-0800][53793804ms] GC(563) Using 10 workers of 10 for evacuation
[2023-12-20T08:20:43.393-0800][53793838ms] GC(563)   Pre Evacuate Collection Set: 0.0ms
[2023-12-20T08:20:43.393-0800][53793838ms] GC(563)   Evacuate Collection Set: 29.3ms
[2023-12-20T08:20:43.393-0800][53793838ms] GC(563)   Post Evacuate Collection Set: 3.1ms
[2023-12-20T08:20:43.393-0800][53793838ms] GC(563)   Other: 0.4ms
[2023-12-20T08:20:43.393-0800][53793838ms] GC(563) Eden regions: 754->0(753)
[2023-12-20T08:20:43.393-0800][53793838ms] GC(563) Survivor regions: 29->30(98)
[2023-12-20T08:20:43.393-0800][53793838ms] GC(563) Old regions: 159->159
[2023-12-20T08:20:43.393-0800][53793838ms] GC(563) Humongous regions: 5->5
[2023-12-20T08:20:43.393-0800][53793838ms] GC(563) Metaspace: 256212K->256212K(1294336K)
[2023-12-20T08:20:43.393-0800][53793838ms] GC(563) Pause Young (Normal) (G1 Evacuation Pause) 1892M->385M(2612M) 33.063ms
[2023-12-20T08:20:43.393-0800][53793838ms] GC(563) User=0.13s Sys=0.00s Real=0.03s
[2023-12-20T08:20:44.139-0800][53794584ms] GC(564) Pause Young (Normal) (G1 Evacuation Pause)
[2023-12-20T08:20:44.139-0800][53794584ms] GC(564) Using 10 workers of 10 for evacuation
[2023-12-20T08:20:44.168-0800][53794613ms] GC(564)   Pre Evacuate Collection Set: 0.0ms
[2023-12-20T08:20:44.168-0800][53794613ms] GC(564)   Evacuate Collection Set: 26.7ms
[2023-12-20T08:20:44.168-0800][53794613ms] GC(564)   Post Evacuate Collection Set: 2.4ms
[2023-12-20T08:20:44.168-0800][53794613ms] GC(564)   Other: 0.4ms
[2023-12-20T08:20:44.168-0800][53794613ms] GC(564) Eden regions: 753->0(753)
[2023-12-20T08:20:44.168-0800][53794613ms] GC(564) Survivor regions: 30->30(98)
[2023-12-20T08:20:44.168-0800][53794613ms] GC(564) Old regions: 159->159
[2023-12-20T08:20:44.168-0800][53794613ms] GC(564) Humongous regions: 5->5
[2023-12-20T08:20:44.168-0800][53794613ms] GC(564) Metaspace: 256212K->256212K(1294336K)
[2023-12-20T08:20:44.168-0800][53794613ms] GC(564) Pause Young (Normal) (G1 Evacuation Pause) 1891M->386M(2612M) 29.657ms
[2023-12-20T08:20:44.168-0800][53794613ms] GC(564) User=0.06s Sys=0.00s Real=0.03s
[2023-12-20T08:20:44.995-0800][53795440ms] GC(565) Pause Young (Normal) (G1 Evacuation Pause)
[2023-12-20T08:20:44.995-0800][53795440ms] GC(565) Using 10 workers of 10 for evacuation
[2023-12-20T08:20:45.025-0800][53795470ms] GC(565)   Pre Evacuate Collection Set: 0.0ms
[2023-12-20T08:20:45.025-0800][53795470ms] GC(565)   Evacuate Collection Set: 28.6ms
[2023-12-20T08:20:45.025-0800][53795470ms] GC(565)   Post Evacuate Collection Set: 2.7ms
[2023-12-20T08:20:45.025-0800][53795470ms] GC(565)   Other: 0.3ms
[2023-12-20T08:20:45.025-0800][53795470ms] GC(565) Eden regions: 753->0(753)
[2023-12-20T08:20:45.025-0800][53795470ms] GC(565) Survivor regions: 30->30(98)
[2023-12-20T08:20:45.025-0800][53795470ms] GC(565) Old regions: 159->159
[2023-12-20T08:20:45.025-0800][53795470ms] GC(565) Humongous regions: 5->5
[2023-12-20T08:20:45.025-0800][53795470ms] GC(565) Metaspace: 256212K->256212K(1294336K)
[2023-12-20T08:20:45.025-0800][53795470ms] GC(565) Pause Young (Normal) (G1 Evacuation Pause) 1892M->385M(2612M) 31.748ms
[2023-12-20T08:20:45.025-0800][53795470ms] GC(565) User=0.11s Sys=0.00s Real=0.03s
[2023-12-20T08:20:45.794-0800][53796239ms] GC(566) Pause Young (Normal) (G1 Evacuation Pause)
[2023-12-20T08:20:45.794-0800][53796239ms] GC(566) Using 10 workers of 10 for evacuation
[2023-12-20T08:20:45.824-0800][53796269ms] GC(566)   Pre Evacuate Collection Set: 0.0ms
[2023-12-20T08:20:45.824-0800][53796269ms] GC(566)   Evacuate Collection Set: 27.2ms
[2023-12-20T08:20:45.824-0800][53796269ms] GC(566)   Post Evacuate Collection Set: 2.4ms
[2023-12-20T08:20:45.824-0800][53796269ms] GC(566)   Other: 0.4ms
[2023-12-20T08:20:45.824-0800][53796269ms] GC(566) Eden regions: 753->0(754)
[2023-12-20T08:20:45.824-0800][53796269ms] GC(566) Survivor regions: 30->29(98)
[2023-12-20T08:20:45.824-0800][53796269ms] GC(566) Old regions: 159->159
[2023-12-20T08:20:45.824-0800][53796269ms] GC(566) Humongous regions: 5->5
[2023-12-20T08:20:45.824-0800][53796269ms] GC(566) Metaspace: 256232K->256232K(1294336K)
[2023-12-20T08:20:45.824-0800][53796269ms] GC(566) Pause Young (Normal) (G1 Evacuation Pause) 1891M->384M(2612M) 30.189ms
[2023-12-20T08:20:45.824-0800][53796269ms] GC(566) User=0.06s Sys=0.00s Real=0.03s
[2023-12-20T08:20:46.595-0800][53797040ms] GC(567) Pause Young (Normal) (G1 Evacuation Pause)
[2023-12-20T08:20:46.595-0800][53797040ms] GC(567) Using 10 workers of 10 for evacuation
[2023-12-20T08:20:46.626-0800][53797071ms] GC(567)   Pre Evacuate Collection Set: 0.0ms
[2023-12-20T08:20:46.626-0800][53797071ms] GC(567)   Evacuate Collection Set: 27.7ms
[2023-12-20T08:20:46.626-0800][53797071ms] GC(567)   Post Evacuate Collection Set: 2.5ms
[2023-12-20T08:20:46.626-0800][53797071ms] GC(567)   Other: 0.4ms
[2023-12-20T08:20:46.626-0800][53797071ms] GC(567) Eden regions: 754->0(753)
[2023-12-20T08:20:46.626-0800][53797071ms] GC(567) Survivor regions: 29->30(98)
[2023-12-20T08:20:46.626-0800][53797071ms] GC(567) Old regions: 159->159
[2023-12-20T08:20:46.626-0800][53797071ms] GC(567) Humongous regions: 5->5
[2023-12-20T08:20:46.626-0800][53797071ms] GC(567) Metaspace: 256232K->256232K(1294336K)
[2023-12-20T08:20:46.626-0800][53797071ms] GC(567) Pause Young (Normal) (G1 Evacuation Pause) 1892M->386M(2612M) 30.827ms
[2023-12-20T08:20:46.626-0800][53797071ms] GC(567) User=0.11s Sys=0.00s Real=0.03s
[2023-12-20T08:20:47.435-0800][53797881ms] GC(568) Pause Young (Normal) (G1 Evacuation Pause)
[2023-12-20T08:20:47.436-0800][53797881ms] GC(568) Using 10 workers of 10 for evacuation
[2023-12-20T08:20:47.467-0800][53797912ms] GC(568)   Pre Evacuate Collection Set: 0.0ms
[2023-12-20T08:20:47.467-0800][53797912ms] GC(568)   Evacuate Collection Set: 29.2ms
[2023-12-20T08:20:47.467-0800][53797912ms] GC(568)   Post Evacuate Collection Set: 2.4ms
[2023-12-20T08:20:47.467-0800][53797912ms] GC(568)   Other: 0.4ms
[2023-12-20T08:20:47.467-0800][53797912ms] GC(568) Eden regions: 753->0(754)
[2023-12-20T08:20:47.467-0800][53797912ms] GC(568) Survivor regions: 30->29(98)
[2023-12-20T08:20:47.467-0800][53797912ms] GC(568) Old regions: 159->159
[2023-12-20T08:20:47.467-0800][53797912ms] GC(568) Humongous regions: 5->5
[2023-12-20T08:20:47.467-0800][53797912ms] GC(568) Metaspace: 256232K->256232K(1294336K)
[2023-12-20T08:20:47.467-0800][53797912ms] GC(568) Pause Young (Normal) (G1 Evacuation Pause) 1892M->384M(2612M) 32.083ms
[2023-12-20T08:20:47.467-0800][53797912ms] GC(568) User=0.14s Sys=0.00s Real=0.03s
[2023-12-20T08:20:48.255-0800][53798700ms] GC(569) Pause Young (Normal) (G1 Evacuation Pause)
[2023-12-20T08:20:48.255-0800][53798700ms] GC(569) Using 10 workers of 10 for evacuation
[2023-12-20T08:20:48.284-0800][53798729ms] GC(569)   Pre Evacuate Collection Set: 0.0ms
[2023-12-20T08:20:48.284-0800][53798729ms] GC(569)   Evacuate Collection Set: 27.9ms
[2023-12-20T08:20:48.284-0800][53798729ms] GC(569)   Post Evacuate Collection Set: 2.2ms
[2023-12-20T08:20:48.284-0800][53798730ms] GC(569)   Other: 0.5ms
[2023-12-20T08:20:48.285-0800][53798730ms] GC(569) Eden regions: 754->0(753)
[2023-12-20T08:20:48.285-0800][53798730ms] GC(569) Survivor regions: 29->30(98)
[2023-12-20T08:20:48.285-0800][53798730ms] GC(569) Old regions: 159->159
[2023-12-20T08:20:48.285-0800][53798730ms] GC(569) Humongous regions: 5->5
[2023-12-20T08:20:48.285-0800][53798730ms] GC(569) Metaspace: 256232K->256232K(1294336K)
[2023-12-20T08:20:48.285-0800][53798730ms] GC(569) Pause Young (Normal) (G1 Evacuation Pause) 1892M->385M(2612M) 30.738ms
[2023-12-20T08:20:48.285-0800][53798730ms] GC(569) User=0.06s Sys=0.00s Real=0.03s
[2023-12-20T08:20:48.987-0800][53799432ms] GC(570) Pause Young (Normal) (G1 Evacuation Pause)
[2023-12-20T08:20:48.987-0800][53799432ms] GC(570) Using 10 workers of 10 for evacuation
[2023-12-20T08:20:49.017-0800][53799462ms] GC(570)   Pre Evacuate Collection Set: 0.0ms
[2023-12-20T08:20:49.017-0800][53799462ms] GC(570)   Evacuate Collection Set: 28.2ms
[2023-12-20T08:20:49.017-0800][53799462ms] GC(570)   Post Evacuate Collection Set: 2.5ms
[2023-12-20T08:20:49.017-0800][53799462ms] GC(570)   Other: 0.4ms
[2023-12-20T08:20:49.017-0800][53799462ms] GC(570) Eden regions: 753->0(753)
[2023-12-20T08:20:49.017-0800][53799462ms] GC(570) Survivor regions: 30->30(98)
[2023-12-20T08:20:49.017-0800][53799462ms] GC(570) Old regions: 159->159
[2023-12-20T08:20:49.017-0800][53799462ms] GC(570) Humongous regions: 5->5
[2023-12-20T08:20:49.017-0800][53799462ms] GC(570) Metaspace: 256232K->256232K(1294336K)
[2023-12-20T08:20:49.017-0800][53799462ms] GC(570) Pause Young (Normal) (G1 Evacuation Pause) 1891M->386M(2612M) 31.201ms
[2023-12-20T08:20:49.017-0800][53799462ms] GC(570) User=0.11s Sys=0.00s Real=0.03s
[2023-12-20T08:20:49.809-0800][53800254ms] GC(571) Pause Young (Normal) (G1 Evacuation Pause)
[2023-12-20T08:20:49.809-0800][53800254ms] GC(571) Using 10 workers of 10 for evacuation
[2023-12-20T08:20:49.838-0800][53800283ms] GC(571)   Pre Evacuate Collection Set: 0.0ms
[2023-12-20T08:20:49.838-0800][53800283ms] GC(571)   Evacuate Collection Set: 27.1ms
[2023-12-20T08:20:49.838-0800][53800283ms] GC(571)   Post Evacuate Collection Set: 2.4ms
[2023-12-20T08:20:49.838-0800][53800283ms] GC(571)   Other: 0.4ms
[2023-12-20T08:20:49.838-0800][53800283ms] GC(571) Eden regions: 753->0(752)
[2023-12-20T08:20:49.838-0800][53800283ms] GC(571) Survivor regions: 30->31(98)
[2023-12-20T08:20:49.838-0800][53800283ms] GC(571) Old regions: 159->159
[2023-12-20T08:20:49.838-0800][53800283ms] GC(571) Humongous regions: 5->5
[2023-12-20T08:20:49.838-0800][53800283ms] GC(571) Metaspace: 256232K->256232K(1294336K)
[2023-12-20T08:20:49.838-0800][53800283ms] GC(571) Pause Young (Normal) (G1 Evacuation Pause) 1892M->388M(2612M) 30.083ms
[2023-12-20T08:20:49.838-0800][53800283ms] GC(571) User=0.09s Sys=0.00s Real=0.03s
[2023-12-20T08:20:50.595-0800][53801041ms] GC(572) Pause Young (Normal) (G1 Evacuation Pause)
[2023-12-20T08:20:50.596-0800][53801041ms] GC(572) Using 10 workers of 10 for evacuation
[2023-12-20T08:20:50.626-0800][53801071ms] GC(572)   Pre Evacuate Collection Set: 0.0ms
[2023-12-20T08:20:50.626-0800][53801071ms] GC(572)   Evacuate Collection Set: 27.4ms
[2023-12-20T08:20:50.626-0800][53801071ms] GC(572)   Post Evacuate Collection Set: 2.9ms
[2023-12-20T08:20:50.626-0800][53801071ms] GC(572)   Other: 0.4ms
[2023-12-20T08:20:50.626-0800][53801071ms] GC(572) Eden regions: 752->0(753)
[2023-12-20T08:20:50.626-0800][53801071ms] GC(572) Survivor regions: 31->30(98)
[2023-12-20T08:20:50.626-0800][53801071ms] GC(572) Old regions: 159->159
[2023-12-20T08:20:50.626-0800][53801071ms] GC(572) Humongous regions: 5->5
[2023-12-20T08:20:50.626-0800][53801071ms] GC(572) Metaspace: 256232K->256232K(1294336K)
[2023-12-20T08:20:50.626-0800][53801071ms] GC(572) Pause Young (Normal) (G1 Evacuation Pause) 1892M->386M(2612M) 30.904ms
[2023-12-20T08:20:50.627-0800][53801072ms] GC(572) User=0.09s Sys=0.00s Real=0.03s
[2023-12-20T08:20:51.372-0800][53801817ms] GC(573) Pause Young (Normal) (G1 Evacuation Pause)
[2023-12-20T08:20:51.372-0800][53801817ms] GC(573) Using 10 workers of 10 for evacuation
[2023-12-20T08:20:51.401-0800][53801846ms] GC(573)   Pre Evacuate Collection Set: 0.0ms
[2023-12-20T08:20:51.401-0800][53801846ms] GC(573)   Evacuate Collection Set: 27.0ms
[2023-12-20T08:20:51.401-0800][53801846ms] GC(573)   Post Evacuate Collection Set: 2.4ms
[2023-12-20T08:20:51.401-0800][53801846ms] GC(573)   Other: 0.4ms
[2023-12-20T08:20:51.401-0800][53801846ms] GC(573) Eden regions: 753->0(752)
[2023-12-20T08:20:51.401-0800][53801846ms] GC(573) Survivor regions: 30->31(98)
[2023-12-20T08:20:51.401-0800][53801846ms] GC(573) Old regions: 159->159
[2023-12-20T08:20:51.401-0800][53801846ms] GC(573) Humongous regions: 5->5
[2023-12-20T08:20:51.401-0800][53801846ms] GC(573) Metaspace: 256232K->256232K(1294336K)
[2023-12-20T08:20:51.401-0800][53801846ms] GC(573) Pause Young (Normal) (G1 Evacuation Pause) 1892M->387M(2612M) 29.931ms
[2023-12-20T08:20:51.401-0800][53801846ms] GC(573) User=0.11s Sys=0.00s Real=0.03s
[2023-12-20T08:20:52.228-0800][53802673ms] GC(574) Pause Young (Normal) (G1 Evacuation Pause)
[2023-12-20T08:20:52.228-0800][53802673ms] GC(574) Using 10 workers of 10 for evacuation
[2023-12-20T08:20:52.260-0800][53802705ms] GC(574)   Pre Evacuate Collection Set: 0.1ms
[2023-12-20T08:20:52.260-0800][53802705ms] GC(574)   Evacuate Collection Set: 28.0ms
[2023-12-20T08:20:52.260-0800][53802705ms] GC(574)   Post Evacuate Collection Set: 2.5ms
[2023-12-20T08:20:52.260-0800][53802705ms] GC(574)   Other: 0.4ms
[2023-12-20T08:20:52.260-0800][53802705ms] GC(574) Eden regions: 752->0(752)
[2023-12-20T08:20:52.260-0800][53802705ms] GC(574) Survivor regions: 31->31(98)
[2023-12-20T08:20:52.260-0800][53802705ms] GC(574) Old regions: 159->159
[2023-12-20T08:20:52.260-0800][53802705ms] GC(574) Humongous regions: 5->5
[2023-12-20T08:20:52.260-0800][53802705ms] GC(574) Metaspace: 256232K->256232K(1294336K)
[2023-12-20T08:20:52.260-0800][53802705ms] GC(574) Pause Young (Normal) (G1 Evacuation Pause) 1891M->387M(2612M) 31.031ms
[2023-12-20T08:20:52.260-0800][53802705ms] GC(574) User=0.17s Sys=0.00s Real=0.03s
[2023-12-20T08:20:52.831-0800][53803276ms] GC(575) Pause Young (Normal) (G1 Evacuation Pause)
[2023-12-20T08:20:52.831-0800][53803276ms] GC(575) Using 10 workers of 10 for evacuation
[2023-12-20T08:20:52.860-0800][53803305ms] GC(575)   Pre Evacuate Collection Set: 0.1ms
[2023-12-20T08:20:52.860-0800][53803305ms] GC(575)   Evacuate Collection Set: 26.3ms
[2023-12-20T08:20:52.860-0800][53803305ms] GC(575)   Post Evacuate Collection Set: 2.4ms
[2023-12-20T08:20:52.861-0800][53803306ms] GC(575)   Other: 0.4ms
[2023-12-20T08:20:52.861-0800][53803306ms] GC(575) Eden regions: 752->0(752)
[2023-12-20T08:20:52.861-0800][53803306ms] GC(575) Survivor regions: 31->31(98)
[2023-12-20T08:20:52.861-0800][53803306ms] GC(575) Old regions: 159->159
[2023-12-20T08:20:52.861-0800][53803306ms] GC(575) Humongous regions: 5->5
[2023-12-20T08:20:52.861-0800][53803306ms] GC(575) Metaspace: 256232K->256232K(1294336K)
[2023-12-20T08:20:52.861-0800][53803306ms] GC(575) Pause Young (Normal) (G1 Evacuation Pause) 1891M->387M(2612M) 29.318ms
[2023-12-20T08:20:52.861-0800][53803306ms] GC(575) User=0.09s Sys=0.00s Real=0.03s
[2023-12-20T08:20:53.461-0800][53803906ms] GC(576) Pause Young (Normal) (G1 Evacuation Pause)
[2023-12-20T08:20:53.461-0800][53803906ms] GC(576) Using 10 workers of 10 for evacuation
[2023-12-20T08:20:53.489-0800][53803934ms] GC(576)   Pre Evacuate Collection Set: 0.0ms
[2023-12-20T08:20:53.489-0800][53803934ms] GC(576)   Evacuate Collection Set: 25.4ms
[2023-12-20T08:20:53.489-0800][53803934ms] GC(576)   Post Evacuate Collection Set: 2.3ms
[2023-12-20T08:20:53.489-0800][53803934ms] GC(576)   Other: 0.3ms
[2023-12-20T08:20:53.489-0800][53803934ms] GC(576) Eden regions: 752->0(752)
[2023-12-20T08:20:53.489-0800][53803934ms] GC(576) Survivor regions: 31->31(98)
[2023-12-20T08:20:53.489-0800][53803934ms] GC(576) Old regions: 159->159
[2023-12-20T08:20:53.489-0800][53803934ms] GC(576) Humongous regions: 5->5
[2023-12-20T08:20:53.489-0800][53803934ms] GC(576) Metaspace: 256232K->256232K(1294336K)
[2023-12-20T08:20:53.489-0800][53803934ms] GC(576) Pause Young (Normal) (G1 Evacuation Pause) 1891M->387M(2612M) 28.222ms
[2023-12-20T08:20:53.489-0800][53803934ms] GC(576) User=0.09s Sys=0.00s Real=0.03s
[2023-12-20T08:20:54.019-0800][53804464ms] GC(577) Pause Young (Normal) (G1 Evacuation Pause)
[2023-12-20T08:20:54.019-0800][53804464ms] GC(577) Using 10 workers of 10 for evacuation
[2023-12-20T08:20:54.047-0800][53804492ms] GC(577)   Pre Evacuate Collection Set: 0.0ms
[2023-12-20T08:20:54.047-0800][53804492ms] GC(577)   Evacuate Collection Set: 25.6ms
[2023-12-20T08:20:54.047-0800][53804492ms] GC(577)   Post Evacuate Collection Set: 2.4ms
[2023-12-20T08:20:54.047-0800][53804492ms] GC(577)   Other: 0.3ms
[2023-12-20T08:20:54.047-0800][53804492ms] GC(577) Eden regions: 752->0(752)
[2023-12-20T08:20:54.047-0800][53804492ms] GC(577) Survivor regions: 31->31(98)
[2023-12-20T08:20:54.047-0800][53804492ms] GC(577) Old regions: 159->159
[2023-12-20T08:20:54.047-0800][53804492ms] GC(577) Humongous regions: 5->5
[2023-12-20T08:20:54.047-0800][53804492ms] GC(577) Metaspace: 256232K->256232K(1294336K)
[2023-12-20T08:20:54.047-0800][53804492ms] GC(577) Pause Young (Normal) (G1 Evacuation Pause) 1891M->388M(2612M) 28.455ms
[2023-12-20T08:20:54.047-0800][53804492ms] GC(577) User=0.13s Sys=0.00s Real=0.03s
[2023-12-20T08:20:54.637-0800][53805082ms] GC(578) Pause Young (Normal) (G1 Evacuation Pause)
[2023-12-20T08:20:54.637-0800][53805082ms] GC(578) Using 10 workers of 10 for evacuation
[2023-12-20T08:20:54.667-0800][53805112ms] GC(578)   Pre Evacuate Collection Set: 0.0ms
[2023-12-20T08:20:54.667-0800][53805112ms] GC(578)   Evacuate Collection Set: 27.0ms
[2023-12-20T08:20:54.667-0800][53805112ms] GC(578)   Post Evacuate Collection Set: 2.4ms
[2023-12-20T08:20:54.667-0800][53805112ms] GC(578)   Other: 0.4ms
[2023-12-20T08:20:54.667-0800][53805112ms] GC(578) Eden regions: 752->0(753)
[2023-12-20T08:20:54.667-0800][53805112ms] GC(578) Survivor regions: 31->30(98)
[2023-12-20T08:20:54.667-0800][53805112ms] GC(578) Old regions: 159->159
[2023-12-20T08:20:54.667-0800][53805112ms] GC(578) Humongous regions: 5->5
[2023-12-20T08:20:54.667-0800][53805112ms] GC(578) Metaspace: 256232K->256232K(1294336K)
[2023-12-20T08:20:54.667-0800][53805112ms] GC(578) Pause Young (Normal) (G1 Evacuation Pause) 1892M->386M(2612M) 29.945ms
[2023-12-20T08:20:54.667-0800][53805112ms] GC(578) User=0.09s Sys=0.00s Real=0.03s
[2023-12-20T08:20:55.345-0800][53805790ms] GC(579) Pause Young (Normal) (G1 Evacuation Pause)
[2023-12-20T08:20:55.345-0800][53805790ms] GC(579) Using 10 workers of 10 for evacuation
[2023-12-20T08:20:55.373-0800][53805818ms] GC(579)   Pre Evacuate Collection Set: 0.0ms
[2023-12-20T08:20:55.373-0800][53805818ms] GC(579)   Evacuate Collection Set: 26.2ms
[2023-12-20T08:20:55.373-0800][53805818ms] GC(579)   Post Evacuate Collection Set: 2.3ms
[2023-12-20T08:20:55.373-0800][53805818ms] GC(579)   Other: 0.4ms
[2023-12-20T08:20:55.373-0800][53805818ms] GC(579) Eden regions: 753->0(753)
[2023-12-20T08:20:55.373-0800][53805818ms] GC(579) Survivor regions: 30->30(98)
[2023-12-20T08:20:55.373-0800][53805818ms] GC(579) Old regions: 159->159
[2023-12-20T08:20:55.373-0800][53805818ms] GC(579) Humongous regions: 5->5
[2023-12-20T08:20:55.373-0800][53805818ms] GC(579) Metaspace: 256232K->256232K(1294336K)
[2023-12-20T08:20:55.373-0800][53805818ms] GC(579) Pause Young (Normal) (G1 Evacuation Pause) 1892M->386M(2612M) 29.010ms
[2023-12-20T08:20:55.373-0800][53805818ms] GC(579) User=0.06s Sys=0.00s Real=0.03s
[2023-12-20T08:20:56.037-0800][53806482ms] GC(580) Pause Young (Normal) (G1 Evacuation Pause)
[2023-12-20T08:20:56.037-0800][53806482ms] GC(580) Using 10 workers of 10 for evacuation
[2023-12-20T08:20:56.066-0800][53806511ms] GC(580)   Pre Evacuate Collection Set: 0.0ms
[2023-12-20T08:20:56.066-0800][53806511ms] GC(580)   Evacuate Collection Set: 26.6ms
[2023-12-20T08:20:56.066-0800][53806512ms] GC(580)   Post Evacuate Collection Set: 2.3ms
[2023-12-20T08:20:56.067-0800][53806512ms] GC(580)   Other: 0.4ms
[2023-12-20T08:20:56.067-0800][53806512ms] GC(580) Eden regions: 753->0(752)
[2023-12-20T08:20:56.067-0800][53806512ms] GC(580) Survivor regions: 30->31(98)
[2023-12-20T08:20:56.067-0800][53806512ms] GC(580) Old regions: 159->159
[2023-12-20T08:20:56.067-0800][53806512ms] GC(580) Humongous regions: 5->5
[2023-12-20T08:20:56.067-0800][53806512ms] GC(580) Metaspace: 256232K->256232K(1294336K)
[2023-12-20T08:20:56.067-0800][53806512ms] GC(580) Pause Young (Normal) (G1 Evacuation Pause) 1892M->387M(2612M) 29.506ms
[2023-12-20T08:20:56.067-0800][53806512ms] GC(580) User=0.19s Sys=0.00s Real=0.03s
[2023-12-20T08:20:56.745-0800][53807190ms] GC(581) Pause Young (Normal) (G1 Evacuation Pause)
[2023-12-20T08:20:56.745-0800][53807190ms] GC(581) Using 10 workers of 10 for evacuation
[2023-12-20T08:20:56.773-0800][53807218ms] GC(581)   Pre Evacuate Collection Set: 0.0ms
[2023-12-20T08:20:56.773-0800][53807218ms] GC(581)   Evacuate Collection Set: 26.1ms
[2023-12-20T08:20:56.773-0800][53807218ms] GC(581)   Post Evacuate Collection Set: 2.5ms
[2023-12-20T08:20:56.773-0800][53807218ms] GC(581)   Other: 0.4ms
[2023-12-20T08:20:56.773-0800][53807218ms] GC(581) Eden regions: 752->0(752)
[2023-12-20T08:20:56.773-0800][53807218ms] GC(581) Survivor regions: 31->31(98)
[2023-12-20T08:20:56.773-0800][53807218ms] GC(581) Old regions: 159->159
[2023-12-20T08:20:56.773-0800][53807218ms] GC(581) Humongous regions: 5->5
[2023-12-20T08:20:56.773-0800][53807218ms] GC(581) Metaspace: 256232K->256232K(1294336K)
[2023-12-20T08:20:56.773-0800][53807218ms] GC(581) Pause Young (Normal) (G1 Evacuation Pause) 1891M->387M(2612M) 29.053ms
[2023-12-20T08:20:56.773-0800][53807218ms] GC(581) User=0.08s Sys=0.00s Real=0.03s
[2023-12-20T08:20:57.540-0800][53807985ms] GC(582) Pause Young (Normal) (G1 Evacuation Pause)
[2023-12-20T08:20:57.540-0800][53807985ms] GC(582) Using 10 workers of 10 for evacuation
[2023-12-20T08:20:57.570-0800][53808015ms] GC(582)   Pre Evacuate Collection Set: 0.0ms
[2023-12-20T08:20:57.570-0800][53808015ms] GC(582)   Evacuate Collection Set: 27.6ms
[2023-12-20T08:20:57.570-0800][53808015ms] GC(582)   Post Evacuate Collection Set: 2.4ms
[2023-12-20T08:20:57.570-0800][53808015ms] GC(582)   Other: 0.4ms
[2023-12-20T08:20:57.570-0800][53808015ms] GC(582) Eden regions: 752->0(753)
[2023-12-20T08:20:57.570-0800][53808015ms] GC(582) Survivor regions: 31->30(98)
[2023-12-20T08:20:57.570-0800][53808015ms] GC(582) Old regions: 159->159
[2023-12-20T08:20:57.570-0800][53808015ms] GC(582) Humongous regions: 5->5
[2023-12-20T08:20:57.570-0800][53808015ms] GC(582) Metaspace: 256232K->256232K(1294336K)
[2023-12-20T08:20:57.570-0800][53808015ms] GC(582) Pause Young (Normal) (G1 Evacuation Pause) 1891M->386M(2612M) 30.515ms
[2023-12-20T08:20:57.570-0800][53808015ms] GC(582) User=0.08s Sys=0.00s Real=0.03s
[2023-12-20T08:20:58.314-0800][53808759ms] GC(583) Pause Young (Normal) (G1 Evacuation Pause)
[2023-12-20T08:20:58.314-0800][53808759ms] GC(583) Using 10 workers of 10 for evacuation
[2023-12-20T08:20:58.351-0800][53808796ms] GC(583)   Pre Evacuate Collection Set: 0.0ms
[2023-12-20T08:20:58.351-0800][53808796ms] GC(583)   Evacuate Collection Set: 34.0ms
[2023-12-20T08:20:58.351-0800][53808796ms] GC(583)   Post Evacuate Collection Set: 2.5ms
[2023-12-20T08:20:58.351-0800][53808796ms] GC(583)   Other: 0.4ms
[2023-12-20T08:20:58.351-0800][53808796ms] GC(583) Eden regions: 753->0(752)
[2023-12-20T08:20:58.351-0800][53808796ms] GC(583) Survivor regions: 30->31(98)
[2023-12-20T08:20:58.351-0800][53808796ms] GC(583) Old regions: 159->159
[2023-12-20T08:20:58.351-0800][53808796ms] GC(583) Humongous regions: 5->5
[2023-12-20T08:20:58.351-0800][53808796ms] GC(583) Metaspace: 256232K->256232K(1294336K)
[2023-12-20T08:20:58.351-0800][53808796ms] GC(583) Pause Young (Normal) (G1 Evacuation Pause) 1892M->387M(2612M) 37.084ms
[2023-12-20T08:20:58.351-0800][53808796ms] GC(583) User=0.14s Sys=0.00s Real=0.04s
[2023-12-20T08:20:59.028-0800][53809473ms] GC(584) Pause Young (Normal) (G1 Evacuation Pause)
[2023-12-20T08:20:59.028-0800][53809473ms] GC(584) Using 10 workers of 10 for evacuation
[2023-12-20T08:20:59.058-0800][53809503ms] GC(584)   Pre Evacuate Collection Set: 0.0ms
[2023-12-20T08:20:59.058-0800][53809503ms] GC(584)   Evacuate Collection Set: 27.8ms
[2023-12-20T08:20:59.058-0800][53809503ms] GC(584)   Post Evacuate Collection Set: 2.3ms
[2023-12-20T08:20:59.058-0800][53809503ms] GC(584)   Other: 0.4ms
[2023-12-20T08:20:59.058-0800][53809503ms] GC(584) Eden regions: 752->0(753)
[2023-12-20T08:20:59.058-0800][53809503ms] GC(584) Survivor regions: 31->30(98)
[2023-12-20T08:20:59.058-0800][53809503ms] GC(584) Old regions: 159->159
[2023-12-20T08:20:59.058-0800][53809503ms] GC(584) Humongous regions: 5->5
[2023-12-20T08:20:59.058-0800][53809503ms] GC(584) Metaspace: 256232K->256232K(1294336K)
[2023-12-20T08:20:59.058-0800][53809503ms] GC(584) Pause Young (Normal) (G1 Evacuation Pause) 1891M->386M(2612M) 30.696ms
[2023-12-20T08:20:59.058-0800][53809503ms] GC(584) User=0.11s Sys=0.00s Real=0.03s
[2023-12-20T08:20:59.774-0800][53810219ms] GC(585) Pause Young (Normal) (G1 Evacuation Pause)
[2023-12-20T08:20:59.774-0800][53810219ms] GC(585) Using 10 workers of 10 for evacuation
[2023-12-20T08:20:59.803-0800][53810248ms] GC(585)   Pre Evacuate Collection Set: 0.0ms
[2023-12-20T08:20:59.803-0800][53810248ms] GC(585)   Evacuate Collection Set: 27.1ms
[2023-12-20T08:20:59.803-0800][53810248ms] GC(585)   Post Evacuate Collection Set: 2.5ms
[2023-12-20T08:20:59.803-0800][53810248ms] GC(585)   Other: 0.4ms
[2023-12-20T08:20:59.803-0800][53810248ms] GC(585) Eden regions: 753->0(753)
[2023-12-20T08:20:59.803-0800][53810248ms] GC(585) Survivor regions: 30->30(98)
[2023-12-20T08:20:59.803-0800][53810248ms] GC(585) Old regions: 159->159
[2023-12-20T08:20:59.803-0800][53810248ms] GC(585) Humongous regions: 5->5
[2023-12-20T08:20:59.803-0800][53810248ms] GC(585) Metaspace: 256232K->256232K(1294336K)
[2023-12-20T08:20:59.803-0800][53810248ms] GC(585) Pause Young (Normal) (G1 Evacuation Pause) 1892M->386M(2612M) 30.078ms
[2023-12-20T08:20:59.803-0800][53810248ms] GC(585) User=0.06s Sys=0.00s Real=0.03s
[2023-12-20T08:21:00.456-0800][53810901ms] GC(586) Pause Young (Normal) (G1 Evacuation Pause)
[2023-12-20T08:21:00.456-0800][53810901ms] GC(586) Using 10 workers of 10 for evacuation
[2023-12-20T08:21:00.485-0800][53810930ms] GC(586)   Pre Evacuate Collection Set: 0.0ms
[2023-12-20T08:21:00.485-0800][53810930ms] GC(586)   Evacuate Collection Set: 25.9ms
[2023-12-20T08:21:00.485-0800][53810930ms] GC(586)   Post Evacuate Collection Set: 2.3ms
[2023-12-20T08:21:00.485-0800][53810930ms] GC(586)   Other: 0.4ms
[2023-12-20T08:21:00.485-0800][53810930ms] GC(586) Eden regions: 753->0(753)
[2023-12-20T08:21:00.485-0800][53810930ms] GC(586) Survivor regions: 30->30(98)
[2023-12-20T08:21:00.485-0800][53810930ms] GC(586) Old regions: 159->159
[2023-12-20T08:21:00.485-0800][53810930ms] GC(586) Humongous regions: 5->5
[2023-12-20T08:21:00.485-0800][53810930ms] GC(586) Metaspace: 256232K->256232K(1294336K)
[2023-12-20T08:21:00.485-0800][53810930ms] GC(586) Pause Young (Normal) (G1 Evacuation Pause) 1892M->386M(2612M) 28.753ms
[2023-12-20T08:21:00.485-0800][53810930ms] GC(586) User=0.13s Sys=0.00s Real=0.03s
[2023-12-20T08:21:01.219-0800][53811664ms] GC(587) Pause Young (Normal) (G1 Evacuation Pause)
[2023-12-20T08:21:01.219-0800][53811664ms] GC(587) Using 10 workers of 10 for evacuation
[2023-12-20T08:21:01.248-0800][53811693ms] GC(587)   Pre Evacuate Collection Set: 0.0ms
[2023-12-20T08:21:01.248-0800][53811693ms] GC(587)   Evacuate Collection Set: 26.5ms
[2023-12-20T08:21:01.248-0800][53811693ms] GC(587)   Post Evacuate Collection Set: 2.4ms
[2023-12-20T08:21:01.248-0800][53811693ms] GC(587)   Other: 0.4ms
[2023-12-20T08:21:01.248-0800][53811693ms] GC(587) Eden regions: 753->0(753)
[2023-12-20T08:21:01.248-0800][53811693ms] GC(587) Survivor regions: 30->30(98)
[2023-12-20T08:21:01.248-0800][53811693ms] GC(587) Old regions: 159->159
[2023-12-20T08:21:01.248-0800][53811693ms] GC(587) Humongous regions: 5->5
[2023-12-20T08:21:01.248-0800][53811693ms] GC(587) Metaspace: 256232K->256232K(1294336K)
[2023-12-20T08:21:01.248-0800][53811693ms] GC(587) Pause Young (Normal) (G1 Evacuation Pause) 1892M->387M(2612M) 29.506ms
[2023-12-20T08:21:01.248-0800][53811693ms] GC(587) User=0.11s Sys=0.00s Real=0.03s
[2023-12-20T08:21:01.830-0800][53812275ms] GC(588) Pause Young (Normal) (G1 Evacuation Pause)
[2023-12-20T08:21:01.830-0800][53812275ms] GC(588) Using 10 workers of 10 for evacuation
[2023-12-20T08:21:01.858-0800][53812303ms] GC(588)   Pre Evacuate Collection Set: 0.0ms
[2023-12-20T08:21:01.858-0800][53812303ms] GC(588)   Evacuate Collection Set: 25.3ms
[2023-12-20T08:21:01.858-0800][53812303ms] GC(588)   Post Evacuate Collection Set: 2.3ms
[2023-12-20T08:21:01.858-0800][53812303ms] GC(588)   Other: 0.5ms
[2023-12-20T08:21:01.858-0800][53812303ms] GC(588) Eden regions: 753->0(752)
[2023-12-20T08:21:01.858-0800][53812303ms] GC(588) Survivor regions: 30->31(98)
[2023-12-20T08:21:01.858-0800][53812303ms] GC(588) Old regions: 159->159
[2023-12-20T08:21:01.858-0800][53812303ms] GC(588) Humongous regions: 5->5
[2023-12-20T08:21:01.858-0800][53812303ms] GC(588) Metaspace: 256232K->256232K(1294336K)
[2023-12-20T08:21:01.858-0800][53812303ms] GC(588) Pause Young (Normal) (G1 Evacuation Pause) 1893M->388M(2612M) 28.335ms
[2023-12-20T08:21:01.858-0800][53812303ms] GC(588) User=0.08s Sys=0.00s Real=0.03s
[2023-12-20T08:21:02.448-0800][53812893ms] GC(589) Pause Young (Normal) (G1 Evacuation Pause)
[2023-12-20T08:21:02.448-0800][53812893ms] GC(589) Using 10 workers of 10 for evacuation
[2023-12-20T08:21:02.475-0800][53812920ms] GC(589)   Pre Evacuate Collection Set: 0.0ms
[2023-12-20T08:21:02.475-0800][53812920ms] GC(589)   Evacuate Collection Set: 25.5ms
[2023-12-20T08:21:02.475-0800][53812920ms] GC(589)   Post Evacuate Collection Set: 2.3ms
[2023-12-20T08:21:02.475-0800][53812920ms] GC(589)   Other: 0.4ms
[2023-12-20T08:21:02.475-0800][53812920ms] GC(589) Eden regions: 752->0(753)
[2023-12-20T08:21:02.475-0800][53812920ms] GC(589) Survivor regions: 31->30(98)
[2023-12-20T08:21:02.475-0800][53812920ms] GC(589) Old regions: 159->159
[2023-12-20T08:21:02.475-0800][53812920ms] GC(589) Humongous regions: 5->5
[2023-12-20T08:21:02.475-0800][53812920ms] GC(589) Metaspace: 256232K->256232K(1294336K)
[2023-12-20T08:21:02.475-0800][53812920ms] GC(589) Pause Young (Normal) (G1 Evacuation Pause) 1892M->387M(2612M) 28.322ms
[2023-12-20T08:21:02.475-0800][53812920ms] GC(589) User=0.09s Sys=0.00s Real=0.03s
[2023-12-20T08:21:03.044-0800][53813489ms] GC(590) Pause Young (Normal) (G1 Evacuation Pause)
[2023-12-20T08:21:03.044-0800][53813489ms] GC(590) Using 10 workers of 10 for evacuation
[2023-12-20T08:21:03.073-0800][53813518ms] GC(590)   Pre Evacuate Collection Set: 0.0ms
[2023-12-20T08:21:03.073-0800][53813518ms] GC(590)   Evacuate Collection Set: 26.0ms
[2023-12-20T08:21:03.073-0800][53813518ms] GC(590)   Post Evacuate Collection Set: 2.4ms
[2023-12-20T08:21:03.073-0800][53813518ms] GC(590)   Other: 0.3ms
[2023-12-20T08:21:03.073-0800][53813518ms] GC(590) Eden regions: 753->0(753)
[2023-12-20T08:21:03.073-0800][53813518ms] GC(590) Survivor regions: 30->30(98)
[2023-12-20T08:21:03.073-0800][53813518ms] GC(590) Old regions: 159->159
[2023-12-20T08:21:03.073-0800][53813518ms] GC(590) Humongous regions: 5->5
[2023-12-20T08:21:03.073-0800][53813518ms] GC(590) Metaspace: 256232K->256232K(1294336K)
[2023-12-20T08:21:03.073-0800][53813518ms] GC(590) Pause Young (Normal) (G1 Evacuation Pause) 1893M->387M(2612M) 28.916ms
[2023-12-20T08:21:03.073-0800][53813518ms] GC(590) User=0.08s Sys=0.00s Real=0.03s
[2023-12-20T08:21:03.802-0800][53814247ms] GC(591) Pause Young (Normal) (G1 Evacuation Pause)
[2023-12-20T08:21:03.802-0800][53814247ms] GC(591) Using 10 workers of 10 for evacuation
[2023-12-20T08:21:03.830-0800][53814275ms] GC(591)   Pre Evacuate Collection Set: 0.0ms
[2023-12-20T08:21:03.830-0800][53814275ms] GC(591)   Evacuate Collection Set: 25.7ms
[2023-12-20T08:21:03.830-0800][53814275ms] GC(591)   Post Evacuate Collection Set: 2.4ms
[2023-12-20T08:21:03.830-0800][53814275ms] GC(591)   Other: 0.3ms
[2023-12-20T08:21:03.830-0800][53814275ms] GC(591) Eden regions: 753->0(753)
[2023-12-20T08:21:03.830-0800][53814275ms] GC(591) Survivor regions: 30->30(98)
[2023-12-20T08:21:03.830-0800][53814275ms] GC(591) Old regions: 159->159
[2023-12-20T08:21:03.830-0800][53814275ms] GC(591) Humongous regions: 5->5
[2023-12-20T08:21:03.830-0800][53814275ms] GC(591) Metaspace: 256232K->256232K(1294336K)
[2023-12-20T08:21:03.830-0800][53814275ms] GC(591) Pause Young (Normal) (G1 Evacuation Pause) 1893M->387M(2612M) 28.651ms
[2023-12-20T08:21:03.830-0800][53814275ms] GC(591) User=0.13s Sys=0.00s Real=0.03s
[2023-12-20T08:21:04.554-0800][53814999ms] GC(592) Pause Young (Normal) (G1 Evacuation Pause)
[2023-12-20T08:21:04.554-0800][53814999ms] GC(592) Using 10 workers of 10 for evacuation
[2023-12-20T08:21:04.584-0800][53815029ms] GC(592)   Pre Evacuate Collection Set: 0.0ms
[2023-12-20T08:21:04.584-0800][53815029ms] GC(592)   Evacuate Collection Set: 26.8ms
[2023-12-20T08:21:04.584-0800][53815029ms] GC(592)   Post Evacuate Collection Set: 2.7ms
[2023-12-20T08:21:04.584-0800][53815029ms] GC(592)   Other: 0.4ms
[2023-12-20T08:21:04.584-0800][53815029ms] GC(592) Eden regions: 753->0(753)
[2023-12-20T08:21:04.584-0800][53815029ms] GC(592) Survivor regions: 30->30(98)
[2023-12-20T08:21:04.584-0800][53815029ms] GC(592) Old regions: 159->159
[2023-12-20T08:21:04.584-0800][53815029ms] GC(592) Humongous regions: 5->5
[2023-12-20T08:21:04.584-0800][53815029ms] GC(592) Metaspace: 256232K->256232K(1294336K)
[2023-12-20T08:21:04.584-0800][53815029ms] GC(592) Pause Young (Normal) (G1 Evacuation Pause) 1893M->387M(2612M) 30.001ms
[2023-12-20T08:21:04.584-0800][53815029ms] GC(592) User=0.06s Sys=0.00s Real=0.03s
[2023-12-20T08:21:05.090-0800][53815535ms] GC(593) Pause Young (Normal) (G1 Evacuation Pause)
[2023-12-20T08:21:05.090-0800][53815535ms] GC(593) Using 10 workers of 10 for evacuation
[2023-12-20T08:21:05.117-0800][53815562ms] GC(593)   Pre Evacuate Collection Set: 0.0ms
[2023-12-20T08:21:05.117-0800][53815562ms] GC(593)   Evacuate Collection Set: 25.0ms
[2023-12-20T08:21:05.117-0800][53815562ms] GC(593)   Post Evacuate Collection Set: 2.3ms
[2023-12-20T08:21:05.117-0800][53815562ms] GC(593)   Other: 0.4ms
[2023-12-20T08:21:05.117-0800][53815562ms] GC(593) Eden regions: 753->0(753)
[2023-12-20T08:21:05.117-0800][53815562ms] GC(593) Survivor regions: 30->30(98)
[2023-12-20T08:21:05.117-0800][53815562ms] GC(593) Old regions: 159->159
[2023-12-20T08:21:05.117-0800][53815562ms] GC(593) Humongous regions: 5->5
[2023-12-20T08:21:05.117-0800][53815562ms] GC(593) Metaspace: 256232K->256232K(1294336K)
[2023-12-20T08:21:05.117-0800][53815562ms] GC(593) Pause Young (Normal) (G1 Evacuation Pause) 1893M->387M(2612M) 27.815ms
[2023-12-20T08:21:05.117-0800][53815562ms] GC(593) User=0.08s Sys=0.00s Real=0.03s
[2023-12-20T08:21:05.791-0800][53816236ms] GC(594) Pause Young (Normal) (G1 Evacuation Pause)
[2023-12-20T08:21:05.791-0800][53816236ms] GC(594) Using 10 workers of 10 for evacuation
[2023-12-20T08:21:05.822-0800][53816267ms] GC(594)   Pre Evacuate Collection Set: 0.0ms
[2023-12-20T08:21:05.822-0800][53816267ms] GC(594)   Evacuate Collection Set: 28.1ms
[2023-12-20T08:21:05.822-0800][53816267ms] GC(594)   Post Evacuate Collection Set: 2.5ms
[2023-12-20T08:21:05.822-0800][53816267ms] GC(594)   Other: 0.4ms
[2023-12-20T08:21:05.822-0800][53816267ms] GC(594) Eden regions: 753->0(752)
[2023-12-20T08:21:05.822-0800][53816267ms] GC(594) Survivor regions: 30->31(98)
[2023-12-20T08:21:05.822-0800][53816267ms] GC(594) Old regions: 159->159
[2023-12-20T08:21:05.822-0800][53816267ms] GC(594) Humongous regions: 5->5
[2023-12-20T08:21:05.822-0800][53816267ms] GC(594) Metaspace: 256232K->256232K(1294336K)
[2023-12-20T08:21:05.822-0800][53816267ms] GC(594) Pause Young (Normal) (G1 Evacuation Pause) 1893M->388M(2612M) 31.066ms
[2023-12-20T08:21:05.822-0800][53816267ms] GC(594) User=0.13s Sys=0.00s Real=0.03s
[2023-12-20T08:21:06.710-0800][53817155ms] GC(595) Pause Young (Normal) (GCLocker Initiated GC)
[2023-12-20T08:21:06.710-0800][53817155ms] GC(595) Using 10 workers of 10 for evacuation
[2023-12-20T08:21:06.739-0800][53817184ms] GC(595)   Pre Evacuate Collection Set: 0.0ms
[2023-12-20T08:21:06.739-0800][53817184ms] GC(595)   Evacuate Collection Set: 26.9ms
[2023-12-20T08:21:06.739-0800][53817184ms] GC(595)   Post Evacuate Collection Set: 2.4ms
[2023-12-20T08:21:06.739-0800][53817184ms] GC(595)   Other: 0.4ms
[2023-12-20T08:21:06.739-0800][53817184ms] GC(595) Eden regions: 753->0(753)
[2023-12-20T08:21:06.739-0800][53817184ms] GC(595) Survivor regions: 31->30(98)
[2023-12-20T08:21:06.739-0800][53817184ms] GC(595) Old regions: 159->159
[2023-12-20T08:21:06.739-0800][53817184ms] GC(595) Humongous regions: 5->5
[2023-12-20T08:21:06.739-0800][53817184ms] GC(595) Metaspace: 256232K->256232K(1294336K)
[2023-12-20T08:21:06.739-0800][53817184ms] GC(595) Pause Young (Normal) (GCLocker Initiated GC) 1893M->387M(2612M) 29.828ms
[2023-12-20T08:21:06.739-0800][53817184ms] GC(595) User=0.19s Sys=0.00s Real=0.03s
[2023-12-20T08:21:07.601-0800][53818046ms] GC(596) Pause Young (Normal) (GCLocker Initiated GC)
[2023-12-20T08:21:07.601-0800][53818046ms] GC(596) Using 10 workers of 10 for evacuation
[2023-12-20T08:21:07.632-0800][53818077ms] GC(596)   Pre Evacuate Collection Set: 0.0ms
[2023-12-20T08:21:07.632-0800][53818077ms] GC(596)   Evacuate Collection Set: 28.0ms
[2023-12-20T08:21:07.632-0800][53818077ms] GC(596)   Post Evacuate Collection Set: 2.9ms
[2023-12-20T08:21:07.632-0800][53818077ms] GC(596)   Other: 0.4ms
[2023-12-20T08:21:07.632-0800][53818077ms] GC(596) Eden regions: 754->0(753)
[2023-12-20T08:21:07.632-0800][53818077ms] GC(596) Survivor regions: 30->30(98)
[2023-12-20T08:21:07.632-0800][53818077ms] GC(596) Old regions: 159->159
[2023-12-20T08:21:07.632-0800][53818077ms] GC(596) Humongous regions: 5->5
[2023-12-20T08:21:07.632-0800][53818077ms] GC(596) Metaspace: 256232K->256232K(1294336K)
[2023-12-20T08:21:07.632-0800][53818077ms] GC(596) Pause Young (Normal) (GCLocker Initiated GC) 1894M->387M(2612M) 31.442ms
[2023-12-20T08:21:07.632-0800][53818077ms] GC(596) User=0.09s Sys=0.00s Real=0.03s
[2023-12-20T08:21:08.472-0800][53818917ms] GC(597) Pause Young (Normal) (GCLocker Initiated GC)
[2023-12-20T08:21:08.472-0800][53818917ms] GC(597) Using 10 workers of 10 for evacuation
[2023-12-20T08:21:08.502-0800][53818947ms] GC(597)   Pre Evacuate Collection Set: 0.0ms
[2023-12-20T08:21:08.502-0800][53818947ms] GC(597)   Evacuate Collection Set: 27.5ms
[2023-12-20T08:21:08.502-0800][53818947ms] GC(597)   Post Evacuate Collection Set: 2.4ms
[2023-12-20T08:21:08.502-0800][53818947ms] GC(597)   Other: 0.4ms
[2023-12-20T08:21:08.502-0800][53818947ms] GC(597) Eden regions: 754->0(753)
[2023-12-20T08:21:08.502-0800][53818947ms] GC(597) Survivor regions: 30->30(98)
[2023-12-20T08:21:08.502-0800][53818947ms] GC(597) Old regions: 159->159
[2023-12-20T08:21:08.502-0800][53818947ms] GC(597) Humongous regions: 5->5
[2023-12-20T08:21:08.502-0800][53818947ms] GC(597) Metaspace: 256232K->256232K(1294336K)
[2023-12-20T08:21:08.502-0800][53818947ms] GC(597) Pause Young (Normal) (GCLocker Initiated GC) 1894M->387M(2612M) 30.450ms
[2023-12-20T08:21:08.502-0800][53818947ms] GC(597) User=0.09s Sys=0.00s Real=0.03s
[2023-12-20T08:21:09.311-0800][53819756ms] GC(598) Pause Young (Normal) (G1 Evacuation Pause)
[2023-12-20T08:21:09.311-0800][53819756ms] GC(598) Using 10 workers of 10 for evacuation
[2023-12-20T08:21:09.340-0800][53819785ms] GC(598)   Pre Evacuate Collection Set: 0.0ms
[2023-12-20T08:21:09.340-0800][53819785ms] GC(598)   Evacuate Collection Set: 26.8ms
[2023-12-20T08:21:09.340-0800][53819785ms] GC(598)   Post Evacuate Collection Set: 2.4ms
[2023-12-20T08:21:09.340-0800][53819785ms] GC(598)   Other: 0.4ms
[2023-12-20T08:21:09.340-0800][53819785ms] GC(598) Eden regions: 753->0(753)
[2023-12-20T08:21:09.340-0800][53819785ms] GC(598) Survivor regions: 30->30(98)
[2023-12-20T08:21:09.340-0800][53819785ms] GC(598) Old regions: 159->159
[2023-12-20T08:21:09.340-0800][53819785ms] GC(598) Humongous regions: 5->5
[2023-12-20T08:21:09.340-0800][53819785ms] GC(598) Metaspace: 256232K->256232K(1294336K)
[2023-12-20T08:21:09.340-0800][53819785ms] GC(598) Pause Young (Normal) (G1 Evacuation Pause) 1893M->387M(2612M) 29.814ms
[2023-12-20T08:21:09.340-0800][53819785ms] GC(598) User=0.05s Sys=0.00s Real=0.03s
[2023-12-20T08:21:10.191-0800][53820636ms] GC(599) Pause Young (Normal) (G1 Evacuation Pause)
[2023-12-20T08:21:10.191-0800][53820636ms] GC(599) Using 10 workers of 10 for evacuation
[2023-12-20T08:21:10.224-0800][53820669ms] GC(599)   Pre Evacuate Collection Set: 0.0ms
[2023-12-20T08:21:10.224-0800][53820669ms] GC(599)   Evacuate Collection Set: 29.3ms
[2023-12-20T08:21:10.224-0800][53820669ms] GC(599)   Post Evacuate Collection Set: 3.0ms
[2023-12-20T08:21:10.224-0800][53820669ms] GC(599)   Other: 0.4ms
[2023-12-20T08:21:10.224-0800][53820669ms] GC(599) Eden regions: 753->0(753)
[2023-12-20T08:21:10.224-0800][53820669ms] GC(599) Survivor regions: 30->30(98)
[2023-12-20T08:21:10.224-0800][53820669ms] GC(599) Old regions: 159->159
[2023-12-20T08:21:10.224-0800][53820669ms] GC(599) Humongous regions: 5->5
[2023-12-20T08:21:10.224-0800][53820669ms] GC(599) Metaspace: 256232K->256232K(1294336K)
[2023-12-20T08:21:10.224-0800][53820669ms] GC(599) Pause Young (Normal) (G1 Evacuation Pause) 1893M->387M(2612M) 32.929ms
[2023-12-20T08:21:10.224-0800][53820669ms] GC(599) User=0.09s Sys=0.00s Real=0.03s
[2023-12-20T08:21:11.193-0800][53821638ms] GC(600) Pause Young (Normal) (G1 Evacuation Pause)
[2023-12-20T08:21:11.193-0800][53821638ms] GC(600) Using 10 workers of 10 for evacuation
[2023-12-20T08:21:11.223-0800][53821668ms] GC(600)   Pre Evacuate Collection Set: 0.0ms
[2023-12-20T08:21:11.223-0800][53821668ms] GC(600)   Evacuate Collection Set: 27.5ms
[2023-12-20T08:21:11.223-0800][53821668ms] GC(600)   Post Evacuate Collection Set: 2.3ms
[2023-12-20T08:21:11.223-0800][53821668ms] GC(600)   Other: 0.4ms
[2023-12-20T08:21:11.223-0800][53821668ms] GC(600) Eden regions: 753->0(753)
[2023-12-20T08:21:11.223-0800][53821668ms] GC(600) Survivor regions: 30->30(98)
[2023-12-20T08:21:11.223-0800][53821668ms] GC(600) Old regions: 159->159
[2023-12-20T08:21:11.223-0800][53821668ms] GC(600) Humongous regions: 5->5
[2023-12-20T08:21:11.223-0800][53821668ms] GC(600) Metaspace: 256232K->256232K(1294336K)
[2023-12-20T08:21:11.223-0800][53821668ms] GC(600) Pause Young (Normal) (G1 Evacuation Pause) 1893M->387M(2612M) 30.328ms
[2023-12-20T08:21:11.223-0800][53821668ms] GC(600) User=0.16s Sys=0.02s Real=0.03s
[2023-12-20T08:21:11.941-0800][53822386ms] GC(601) Pause Young (Normal) (G1 Evacuation Pause)
[2023-12-20T08:21:11.941-0800][53822386ms] GC(601) Using 10 workers of 10 for evacuation
[2023-12-20T08:21:11.971-0800][53822416ms] GC(601)   Pre Evacuate Collection Set: 0.0ms
[2023-12-20T08:21:11.971-0800][53822416ms] GC(601)   Evacuate Collection Set: 27.0ms
[2023-12-20T08:21:11.971-0800][53822416ms] GC(601)   Post Evacuate Collection Set: 2.5ms
[2023-12-20T08:21:11.971-0800][53822416ms] GC(601)   Other: 0.3ms
[2023-12-20T08:21:11.971-0800][53822416ms] GC(601) Eden regions: 753->0(753)
[2023-12-20T08:21:11.971-0800][53822416ms] GC(601) Survivor regions: 30->30(98)
[2023-12-20T08:21:11.971-0800][53822416ms] GC(601) Old regions: 159->159
[2023-12-20T08:21:11.971-0800][53822416ms] GC(601) Humongous regions: 5->5
[2023-12-20T08:21:11.971-0800][53822416ms] GC(601) Metaspace: 256232K->256232K(1294336K)
[2023-12-20T08:21:11.971-0800][53822416ms] GC(601) Pause Young (Normal) (G1 Evacuation Pause) 1893M->387M(2612M) 29.980ms
[2023-12-20T08:21:11.971-0800][53822416ms] GC(601) User=0.13s Sys=0.00s Real=0.03s
[2023-12-20T08:21:12.694-0800][53823141ms] GC(602) Pause Young (Normal) (G1 Evacuation Pause)
[2023-12-20T08:21:12.696-0800][53823141ms] GC(602) Using 10 workers of 10 for evacuation
[2023-12-20T08:21:12.725-0800][53823170ms] GC(602)   Pre Evacuate Collection Set: 0.0ms
[2023-12-20T08:21:12.725-0800][53823170ms] GC(602)   Evacuate Collection Set: 27.3ms
[2023-12-20T08:21:12.725-0800][53823170ms] GC(602)   Post Evacuate Collection Set: 2.5ms
[2023-12-20T08:21:12.725-0800][53823170ms] GC(602)   Other: 0.4ms
[2023-12-20T08:21:12.725-0800][53823170ms] GC(602) Eden regions: 753->0(753)
[2023-12-20T08:21:12.725-0800][53823170ms] GC(602) Survivor regions: 30->30(98)
[2023-12-20T08:21:12.725-0800][53823170ms] GC(602) Old regions: 159->159
[2023-12-20T08:21:12.725-0800][53823170ms] GC(602) Humongous regions: 5->5
[2023-12-20T08:21:12.725-0800][53823170ms] GC(602) Metaspace: 256232K->256232K(1294336K)
[2023-12-20T08:21:12.725-0800][53823170ms] GC(602) Pause Young (Normal) (G1 Evacuation Pause) 1893M->387M(2612M) 30.322ms
[2023-12-20T08:21:12.725-0800][53823170ms] GC(602) User=0.08s Sys=0.00s Real=0.03s
[2023-12-20T08:21:13.411-0800][53823856ms] GC(603) Pause Young (Normal) (G1 Evacuation Pause)
[2023-12-20T08:21:13.411-0800][53823856ms] GC(603) Using 10 workers of 10 for evacuation
[2023-12-20T08:21:13.440-0800][53823885ms] GC(603)   Pre Evacuate Collection Set: 0.0ms
[2023-12-20T08:21:13.440-0800][53823885ms] GC(603)   Evacuate Collection Set: 26.9ms
[2023-12-20T08:21:13.440-0800][53823885ms] GC(603)   Post Evacuate Collection Set: 2.4ms
[2023-12-20T08:21:13.440-0800][53823885ms] GC(603)   Other: 0.4ms
[2023-12-20T08:21:13.440-0800][53823885ms] GC(603) Eden regions: 753->0(753)
[2023-12-20T08:21:13.440-0800][53823885ms] GC(603) Survivor regions: 30->30(98)
[2023-12-20T08:21:13.440-0800][53823885ms] GC(603) Old regions: 159->159
[2023-12-20T08:21:13.440-0800][53823885ms] GC(603) Humongous regions: 5->5
[2023-12-20T08:21:13.440-0800][53823885ms] GC(603) Metaspace: 256232K->256232K(1294336K)
[2023-12-20T08:21:13.440-0800][53823885ms] GC(603) Pause Young (Normal) (G1 Evacuation Pause) 1893M->387M(2612M) 29.892ms
[2023-12-20T08:21:13.440-0800][53823885ms] GC(603) User=0.05s Sys=0.00s Real=0.03s
[2023-12-20T08:21:14.230-0800][53824675ms] GC(604) Pause Young (Normal) (G1 Evacuation Pause)
[2023-12-20T08:21:14.231-0800][53824676ms] GC(604) Using 10 workers of 10 for evacuation
[2023-12-20T08:21:14.261-0800][53824706ms] GC(604)   Pre Evacuate Collection Set: 0.0ms
[2023-12-20T08:21:14.261-0800][53824706ms] GC(604)   Evacuate Collection Set: 28.5ms
[2023-12-20T08:21:14.261-0800][53824706ms] GC(604)   Post Evacuate Collection Set: 2.3ms
[2023-12-20T08:21:14.261-0800][53824706ms] GC(604)   Other: 0.4ms
[2023-12-20T08:21:14.261-0800][53824706ms] GC(604) Eden regions: 753->0(753)
[2023-12-20T08:21:14.261-0800][53824706ms] GC(604) Survivor regions: 30->30(98)
[2023-12-20T08:21:14.261-0800][53824706ms] GC(604) Old regions: 159->159
[2023-12-20T08:21:14.261-0800][53824706ms] GC(604) Humongous regions: 5->5
[2023-12-20T08:21:14.261-0800][53824706ms] GC(604) Metaspace: 256232K->256232K(1294336K)
[2023-12-20T08:21:14.261-0800][53824706ms] GC(604) Pause Young (Normal) (G1 Evacuation Pause) 1893M->387M(2612M) 31.396ms
[2023-12-20T08:21:14.261-0800][53824706ms] GC(604) User=0.08s Sys=0.00s Real=0.03s
[2023-12-20T08:21:15.013-0800][53825458ms] GC(605) Pause Young (Normal) (G1 Evacuation Pause)
[2023-12-20T08:21:15.013-0800][53825458ms] GC(605) Using 10 workers of 10 for evacuation
[2023-12-20T08:21:15.047-0800][53825492ms] GC(605)   Pre Evacuate Collection Set: 0.0ms
[2023-12-20T08:21:15.047-0800][53825492ms] GC(605)   Evacuate Collection Set: 30.0ms
[2023-12-20T08:21:15.047-0800][53825492ms] GC(605)   Post Evacuate Collection Set: 3.2ms
[2023-12-20T08:21:15.047-0800][53825492ms] GC(605)   Other: 0.4ms
[2023-12-20T08:21:15.047-0800][53825492ms] GC(605) Eden regions: 753->0(753)
[2023-12-20T08:21:15.047-0800][53825492ms] GC(605) Survivor regions: 30->30(98)
[2023-12-20T08:21:15.047-0800][53825492ms] GC(605) Old regions: 159->159
[2023-12-20T08:21:15.047-0800][53825492ms] GC(605) Humongous regions: 5->5
[2023-12-20T08:21:15.047-0800][53825492ms] GC(605) Metaspace: 256232K->256232K(1294336K)
[2023-12-20T08:21:15.047-0800][53825492ms] GC(605) Pause Young (Normal) (G1 Evacuation Pause) 1893M->387M(2612M) 33.902ms
[2023-12-20T08:21:15.047-0800][53825492ms] GC(605) User=0.11s Sys=0.00s Real=0.03s
[2023-12-20T08:21:15.832-0800][53826277ms] GC(606) Pause Young (Normal) (G1 Evacuation Pause)
[2023-12-20T08:21:15.832-0800][53826277ms] GC(606) Using 10 workers of 10 for evacuation
[2023-12-20T08:21:15.870-0800][53826315ms] GC(606)   Pre Evacuate Collection Set: 0.0ms
[2023-12-20T08:21:15.872-0800][53826317ms] GC(606)   Evacuate Collection Set: 31.3ms
[2023-12-20T08:21:15.872-0800][53826317ms] GC(606)   Post Evacuate Collection Set: 7.6ms
[2023-12-20T08:21:15.872-0800][53826317ms] GC(606)   Other: 0.4ms
[2023-12-20T08:21:15.872-0800][53826317ms] GC(606) Eden regions: 753->0(754)
[2023-12-20T08:21:15.872-0800][53826317ms] GC(606) Survivor regions: 30->29(98)
[2023-12-20T08:21:15.872-0800][53826317ms] GC(606) Old regions: 159->159
[2023-12-20T08:21:15.872-0800][53826317ms] GC(606) Humongous regions: 5->5
[2023-12-20T08:21:15.872-0800][53826317ms] GC(606) Metaspace: 256232K->256232K(1294336K)
[2023-12-20T08:21:15.872-0800][53826317ms] GC(606) Pause Young (Normal) (G1 Evacuation Pause) 1893M->385M(2612M) 39.461ms
[2023-12-20T08:21:15.872-0800][53826317ms] GC(606) User=0.06s Sys=0.00s Real=0.04s
[2023-12-20T08:21:16.641-0800][53827086ms] GC(607) Pause Young (Normal) (G1 Evacuation Pause)
[2023-12-20T08:21:16.642-0800][53827087ms] GC(607) Using 10 workers of 10 for evacuation
[2023-12-20T08:21:16.672-0800][53827117ms] GC(607)   Pre Evacuate Collection Set: 0.0ms
[2023-12-20T08:21:16.672-0800][53827117ms] GC(607)   Evacuate Collection Set: 27.9ms
[2023-12-20T08:21:16.672-0800][53827117ms] GC(607)   Post Evacuate Collection Set: 2.4ms
[2023-12-20T08:21:16.672-0800][53827117ms] GC(607)   Other: 0.4ms
[2023-12-20T08:21:16.672-0800][53827117ms] GC(607) Eden regions: 754->0(753)
[2023-12-20T08:21:16.672-0800][53827117ms] GC(607) Survivor regions: 29->30(98)
[2023-12-20T08:21:16.672-0800][53827117ms] GC(607) Old regions: 159->159
[2023-12-20T08:21:16.672-0800][53827117ms] GC(607) Humongous regions: 5->5
[2023-12-20T08:21:16.672-0800][53827117ms] GC(607) Metaspace: 256232K->256232K(1294336K)
[2023-12-20T08:21:16.672-0800][53827117ms] GC(607) Pause Young (Normal) (G1 Evacuation Pause) 1893M->387M(2612M) 30.842ms
[2023-12-20T08:21:16.672-0800][53827117ms] GC(607) User=0.11s Sys=0.00s Real=0.03s
[2023-12-20T08:21:17.417-0800][53827862ms] GC(608) Pause Young (Normal) (G1 Evacuation Pause)
[2023-12-20T08:21:17.417-0800][53827862ms] GC(608) Using 10 workers of 10 for evacuation
[2023-12-20T08:21:17.448-0800][53827893ms] GC(608)   Pre Evacuate Collection Set: 0.0ms
[2023-12-20T08:21:17.448-0800][53827893ms] GC(608)   Evacuate Collection Set: 28.6ms
[2023-12-20T08:21:17.448-0800][53827893ms] GC(608)   Post Evacuate Collection Set: 2.3ms
[2023-12-20T08:21:17.448-0800][53827893ms] GC(608)   Other: 0.3ms
[2023-12-20T08:21:17.448-0800][53827893ms] GC(608) Eden regions: 753->0(754)
[2023-12-20T08:21:17.448-0800][53827893ms] GC(608) Survivor regions: 30->29(98)
[2023-12-20T08:21:17.448-0800][53827893ms] GC(608) Old regions: 159->159
[2023-12-20T08:21:17.448-0800][53827893ms] GC(608) Humongous regions: 5->5
[2023-12-20T08:21:17.448-0800][53827893ms] GC(608) Metaspace: 256232K->256232K(1294336K)
[2023-12-20T08:21:17.448-0800][53827893ms] GC(608) Pause Young (Normal) (G1 Evacuation Pause) 1893M->385M(2612M) 31.458ms
[2023-12-20T08:21:17.448-0800][53827893ms] GC(608) User=0.16s Sys=0.00s Real=0.03s
[2023-12-20T08:21:18.215-0800][53828660ms] GC(609) Pause Young (Normal) (G1 Evacuation Pause)
[2023-12-20T08:21:18.215-0800][53828660ms] GC(609) Using 10 workers of 10 for evacuation
[2023-12-20T08:21:18.246-0800][53828691ms] GC(609)   Pre Evacuate Collection Set: 0.0ms
[2023-12-20T08:21:18.246-0800][53828691ms] GC(609)   Evacuate Collection Set: 28.9ms
[2023-12-20T08:21:18.246-0800][53828691ms] GC(609)   Post Evacuate Collection Set: 2.7ms
[2023-12-20T08:21:18.246-0800][53828691ms] GC(609)   Other: 0.3ms
[2023-12-20T08:21:18.246-0800][53828691ms] GC(609) Eden regions: 754->0(754)
[2023-12-20T08:21:18.246-0800][53828691ms] GC(609) Survivor regions: 29->29(98)
[2023-12-20T08:21:18.246-0800][53828691ms] GC(609) Old regions: 159->159
[2023-12-20T08:21:18.246-0800][53828691ms] GC(609) Humongous regions: 5->5
[2023-12-20T08:21:18.246-0800][53828691ms] GC(609) Metaspace: 256232K->256232K(1294336K)
[2023-12-20T08:21:18.246-0800][53828691ms] GC(609) Pause Young (Normal) (G1 Evacuation Pause) 1893M->385M(2612M) 32.025ms
[2023-12-20T08:21:18.246-0800][53828691ms] GC(609) User=0.11s Sys=0.00s Real=0.03s
[2023-12-20T08:21:18.996-0800][53829441ms] GC(610) Pause Young (Normal) (G1 Evacuation Pause)
[2023-12-20T08:21:18.996-0800][53829441ms] GC(610) Using 10 workers of 10 for evacuation
[2023-12-20T08:21:19.027-0800][53829472ms] GC(610)   Pre Evacuate Collection Set: 0.0ms
[2023-12-20T08:21:19.027-0800][53829472ms] GC(610)   Evacuate Collection Set: 27.8ms
[2023-12-20T08:21:19.027-0800][53829472ms] GC(610)   Post Evacuate Collection Set: 2.5ms
[2023-12-20T08:21:19.027-0800][53829472ms] GC(610)   Other: 0.4ms
[2023-12-20T08:21:19.027-0800][53829472ms] GC(610) Eden regions: 754->0(753)
[2023-12-20T08:21:19.027-0800][53829472ms] GC(610) Survivor regions: 29->30(98)
[2023-12-20T08:21:19.027-0800][53829472ms] GC(610) Old regions: 159->159
[2023-12-20T08:21:19.027-0800][53829472ms] GC(610) Humongous regions: 5->5
[2023-12-20T08:21:19.027-0800][53829472ms] GC(610) Metaspace: 256232K->256232K(1294336K)
[2023-12-20T08:21:19.027-0800][53829472ms] GC(610) Pause Young (Normal) (G1 Evacuation Pause) 1893M->386M(2612M) 30.812ms
[2023-12-20T08:21:19.027-0800][53829472ms] GC(610) User=0.14s Sys=0.00s Real=0.03s
[2023-12-20T08:21:19.790-0800][53830235ms] GC(611) Pause Young (Normal) (G1 Evacuation Pause)
[2023-12-20T08:21:19.790-0800][53830235ms] GC(611) Using 10 workers of 10 for evacuation
[2023-12-20T08:21:19.819-0800][53830264ms] GC(611)   Pre Evacuate Collection Set: 0.0ms
[2023-12-20T08:21:19.819-0800][53830264ms] GC(611)   Evacuate Collection Set: 26.2ms
[2023-12-20T08:21:19.819-0800][53830264ms] GC(611)   Post Evacuate Collection Set: 2.4ms
[2023-12-20T08:21:19.819-0800][53830264ms] GC(611)   Other: 0.3ms
[2023-12-20T08:21:19.819-0800][53830264ms] GC(611) Eden regions: 753->0(753)
[2023-12-20T08:21:19.819-0800][53830264ms] GC(611) Survivor regions: 30->30(98)
[2023-12-20T08:21:19.819-0800][53830264ms] GC(611) Old regions: 159->159
[2023-12-20T08:21:19.819-0800][53830264ms] GC(611) Humongous regions: 5->5
[2023-12-20T08:21:19.819-0800][53830264ms] GC(611) Metaspace: 256232K->256232K(1294336K)
[2023-12-20T08:21:19.819-0800][53830264ms] GC(611) Pause Young (Normal) (G1 Evacuation Pause) 1892M->386M(2612M) 29.161ms
[2023-12-20T08:21:19.819-0800][53830264ms] GC(611) User=0.06s Sys=0.00s Real=0.03s
[2023-12-20T08:21:20.528-0800][53830973ms] GC(612) Pause Young (Normal) (G1 Evacuation Pause)
[2023-12-20T08:21:20.528-0800][53830973ms] GC(612) Using 10 workers of 10 for evacuation
[2023-12-20T08:21:20.559-0800][53831004ms] GC(612)   Pre Evacuate Collection Set: 0.0ms
[2023-12-20T08:21:20.559-0800][53831004ms] GC(612)   Evacuate Collection Set: 27.0ms
[2023-12-20T08:21:20.559-0800][53831004ms] GC(612)   Post Evacuate Collection Set: 2.6ms
[2023-12-20T08:21:20.559-0800][53831004ms] GC(612)   Other: 0.3ms
[2023-12-20T08:21:20.559-0800][53831004ms] GC(612) Eden regions: 753->0(753)
[2023-12-20T08:21:20.559-0800][53831004ms] GC(612) Survivor regions: 30->30(98)
[2023-12-20T08:21:20.559-0800][53831004ms] GC(612) Old regions: 159->159
[2023-12-20T08:21:20.559-0800][53831004ms] GC(612) Humongous regions: 5->5
[2023-12-20T08:21:20.559-0800][53831004ms] GC(612) Metaspace: 256232K->256232K(1294336K)
[2023-12-20T08:21:20.559-0800][53831004ms] GC(612) Pause Young (Normal) (G1 Evacuation Pause) 1892M->387M(2612M) 30.061ms
[2023-12-20T08:21:20.559-0800][53831004ms] GC(612) User=0.08s Sys=0.00s Real=0.03s
[2023-12-20T08:21:21.289-0800][53831734ms] GC(613) Pause Young (Normal) (G1 Evacuation Pause)
[2023-12-20T08:21:21.289-0800][53831734ms] GC(613) Using 10 workers of 10 for evacuation
[2023-12-20T08:21:21.318-0800][53831763ms] GC(613)   Pre Evacuate Collection Set: 0.0ms
[2023-12-20T08:21:21.318-0800][53831763ms] GC(613)   Evacuate Collection Set: 26.5ms
[2023-12-20T08:21:21.318-0800][53831763ms] GC(613)   Post Evacuate Collection Set: 2.5ms
[2023-12-20T08:21:21.318-0800][53831763ms] GC(613)   Other: 0.4ms
[2023-12-20T08:21:21.318-0800][53831763ms] GC(613) Eden regions: 753->0(753)
[2023-12-20T08:21:21.318-0800][53831763ms] GC(613) Survivor regions: 30->30(98)
[2023-12-20T08:21:21.318-0800][53831763ms] GC(613) Old regions: 159->159
[2023-12-20T08:21:21.318-0800][53831763ms] GC(613) Humongous regions: 5->5
[2023-12-20T08:21:21.318-0800][53831763ms] GC(613) Metaspace: 256232K->256232K(1294336K)
[2023-12-20T08:21:21.318-0800][53831763ms] GC(613) Pause Young (Normal) (G1 Evacuation Pause) 1893M->387M(2612M) 29.597ms
[2023-12-20T08:21:21.318-0800][53831763ms] GC(613) User=0.09s Sys=0.00s Real=0.03s
[2023-12-20T08:21:22.030-0800][53832475ms] GC(614) Pause Young (Normal) (G1 Evacuation Pause)
[2023-12-20T08:21:22.030-0800][53832475ms] GC(614) Using 10 workers of 10 for evacuation
[2023-12-20T08:21:22.059-0800][53832504ms] GC(614)   Pre Evacuate Collection Set: 0.0ms
[2023-12-20T08:21:22.059-0800][53832504ms] GC(614)   Evacuate Collection Set: 26.6ms
[2023-12-20T08:21:22.059-0800][53832504ms] GC(614)   Post Evacuate Collection Set: 3.0ms
[2023-12-20T08:21:22.059-0800][53832504ms] GC(614)   Other: 0.3ms
[2023-12-20T08:21:22.059-0800][53832504ms] GC(614) Eden regions: 753->0(753)
[2023-12-20T08:21:22.059-0800][53832504ms] GC(614) Survivor regions: 30->30(98)
[2023-12-20T08:21:22.059-0800][53832504ms] GC(614) Old regions: 159->159
[2023-12-20T08:21:22.059-0800][53832504ms] GC(614) Humongous regions: 5->5
[2023-12-20T08:21:22.059-0800][53832504ms] GC(614) Metaspace: 256232K->256232K(1294336K)
[2023-12-20T08:21:22.059-0800][53832504ms] GC(614) Pause Young (Normal) (G1 Evacuation Pause) 1893M->386M(2612M) 30.129ms
[2023-12-20T08:21:22.059-0800][53832504ms] GC(614) User=0.09s Sys=0.00s Real=0.03s
[2023-12-20T08:21:22.822-0800][53833267ms] GC(615) Pause Young (Normal) (G1 Evacuation Pause)
[2023-12-20T08:21:22.822-0800][53833267ms] GC(615) Using 10 workers of 10 for evacuation
[2023-12-20T08:21:22.852-0800][53833297ms] GC(615)   Pre Evacuate Collection Set: 0.0ms
[2023-12-20T08:21:22.852-0800][53833297ms] GC(615)   Evacuate Collection Set: 27.4ms
[2023-12-20T08:21:22.852-0800][53833297ms] GC(615)   Post Evacuate Collection Set: 2.6ms
[2023-12-20T08:21:22.852-0800][53833297ms] GC(615)   Other: 0.4ms
[2023-12-20T08:21:22.852-0800][53833297ms] GC(615) Eden regions: 753->0(753)
[2023-12-20T08:21:22.852-0800][53833297ms] GC(615) Survivor regions: 30->30(98)
[2023-12-20T08:21:22.852-0800][53833297ms] GC(615) Old regions: 159->159
[2023-12-20T08:21:22.852-0800][53833297ms] GC(615) Humongous regions: 5->5
[2023-12-20T08:21:22.852-0800][53833297ms] GC(615) Metaspace: 256232K->256232K(1294336K)
[2023-12-20T08:21:22.854-0800][53833299ms] GC(615) Pause Young (Normal) (G1 Evacuation Pause) 1892M->387M(2612M) 30.535ms
[2023-12-20T08:21:22.854-0800][53833299ms] GC(615) User=0.13s Sys=0.00s Real=0.03s
[2023-12-20T08:21:23.610-0800][53834055ms] GC(616) Pause Young (Normal) (G1 Evacuation Pause)
[2023-12-20T08:21:23.610-0800][53834055ms] GC(616) Using 10 workers of 10 for evacuation
[2023-12-20T08:21:23.641-0800][53834086ms] GC(616)   Pre Evacuate Collection Set: 0.0ms
[2023-12-20T08:21:23.641-0800][53834086ms] GC(616)   Evacuate Collection Set: 28.7ms
[2023-12-20T08:21:23.641-0800][53834086ms] GC(616)   Post Evacuate Collection Set: 2.5ms
[2023-12-20T08:21:23.641-0800][53834086ms] GC(616)   Other: 0.4ms
[2023-12-20T08:21:23.641-0800][53834086ms] GC(616) Eden regions: 753->0(753)
[2023-12-20T08:21:23.641-0800][53834086ms] GC(616) Survivor regions: 30->30(98)
[2023-12-20T08:21:23.641-0800][53834086ms] GC(616) Old regions: 159->159
[2023-12-20T08:21:23.641-0800][53834086ms] GC(616) Humongous regions: 5->5
[2023-12-20T08:21:23.641-0800][53834086ms] GC(616) Metaspace: 256232K->256232K(1294336K)
[2023-12-20T08:21:23.641-0800][53834086ms] GC(616) Pause Young (Normal) (G1 Evacuation Pause) 1893M->386M(2612M) 31.799ms
[2023-12-20T08:21:23.641-0800][53834086ms] GC(616) User=0.13s Sys=0.00s Real=0.03s
[2023-12-20T08:21:24.402-0800][53834847ms] GC(617) Pause Young (Normal) (G1 Evacuation Pause)
[2023-12-20T08:21:24.402-0800][53834847ms] GC(617) Using 10 workers of 10 for evacuation
[2023-12-20T08:21:24.434-0800][53834879ms] GC(617)   Pre Evacuate Collection Set: 0.0ms
[2023-12-20T08:21:24.434-0800][53834879ms] GC(617)   Evacuate Collection Set: 28.8ms
[2023-12-20T08:21:24.434-0800][53834879ms] GC(617)   Post Evacuate Collection Set: 2.5ms
[2023-12-20T08:21:24.434-0800][53834879ms] GC(617)   Other: 0.4ms
[2023-12-20T08:21:24.434-0800][53834879ms] GC(617) Eden regions: 753->0(753)
[2023-12-20T08:21:24.434-0800][53834879ms] GC(617) Survivor regions: 30->30(98)
[2023-12-20T08:21:24.434-0800][53834879ms] GC(617) Old regions: 159->159
[2023-12-20T08:21:24.434-0800][53834879ms] GC(617) Humongous regions: 5->5
[2023-12-20T08:21:24.434-0800][53834879ms] GC(617) Metaspace: 256232K->256232K(1294336K)
[2023-12-20T08:21:24.434-0800][53834879ms] GC(617) Pause Young (Normal) (G1 Evacuation Pause) 1892M->387M(2612M) 31.918ms
[2023-12-20T08:21:24.434-0800][53834879ms] GC(617) User=0.09s Sys=0.00s Real=0.03s
[2023-12-20T08:21:25.206-0800][53835651ms] GC(618) Pause Young (Normal) (G1 Evacuation Pause)
[2023-12-20T08:21:25.206-0800][53835651ms] GC(618) Using 10 workers of 10 for evacuation
[2023-12-20T08:21:25.237-0800][53835682ms] GC(618)   Pre Evacuate Collection Set: 0.0ms
[2023-12-20T08:21:25.237-0800][53835682ms] GC(618)   Evacuate Collection Set: 27.5ms
[2023-12-20T08:21:25.237-0800][53835682ms] GC(618)   Post Evacuate Collection Set: 2.5ms
[2023-12-20T08:21:25.237-0800][53835682ms] GC(618)   Other: 0.4ms
[2023-12-20T08:21:25.237-0800][53835682ms] GC(618) Eden regions: 753->0(753)
[2023-12-20T08:21:25.237-0800][53835682ms] GC(618) Survivor regions: 30->30(98)
[2023-12-20T08:21:25.237-0800][53835682ms] GC(618) Old regions: 159->159
[2023-12-20T08:21:25.237-0800][53835682ms] GC(618) Humongous regions: 5->5
[2023-12-20T08:21:25.237-0800][53835682ms] GC(618) Metaspace: 256232K->256232K(1294336K)
[2023-12-20T08:21:25.237-0800][53835682ms] GC(618) Pause Young (Normal) (G1 Evacuation Pause) 1893M->386M(2612M) 30.471ms
[2023-12-20T08:21:25.237-0800][53835682ms] GC(618) User=0.14s Sys=0.00s Real=0.03s
[2023-12-20T08:21:25.976-0800][53836421ms] GC(619) Pause Young (Normal) (G1 Evacuation Pause)
[2023-12-20T08:21:25.976-0800][53836421ms] GC(619) Using 10 workers of 10 for evacuation
[2023-12-20T08:21:26.006-0800][53836451ms] GC(619)   Pre Evacuate Collection Set: 0.0ms
[2023-12-20T08:21:26.006-0800][53836451ms] GC(619)   Evacuate Collection Set: 27.2ms
[2023-12-20T08:21:26.006-0800][53836451ms] GC(619)   Post Evacuate Collection Set: 2.4ms
[2023-12-20T08:21:26.006-0800][53836451ms] GC(619)   Other: 0.3ms
[2023-12-20T08:21:26.006-0800][53836451ms] GC(619) Eden regions: 753->0(753)
[2023-12-20T08:21:26.006-0800][53836451ms] GC(619) Survivor regions: 30->30(98)
[2023-12-20T08:21:26.006-0800][53836451ms] GC(619) Old regions: 159->159
[2023-12-20T08:21:26.006-0800][53836451ms] GC(619) Humongous regions: 5->5
[2023-12-20T08:21:26.006-0800][53836451ms] GC(619) Metaspace: 256232K->256232K(1294336K)
[2023-12-20T08:21:26.006-0800][53836451ms] GC(619) Pause Young (Normal) (G1 Evacuation Pause) 1892M->387M(2612M) 30.052ms
[2023-12-20T08:21:26.006-0800][53836451ms] GC(619) User=0.06s Sys=0.00s Real=0.03s
[2023-12-20T08:21:26.822-0800][53837267ms] GC(620) Pause Young (Normal) (G1 Evacuation Pause)
[2023-12-20T08:21:26.822-0800][53837267ms] GC(620) Using 10 workers of 10 for evacuation
[2023-12-20T08:21:26.854-0800][53837299ms] GC(620)   Pre Evacuate Collection Set: 0.0ms
[2023-12-20T08:21:26.854-0800][53837299ms] GC(620)   Evacuate Collection Set: 28.1ms
[2023-12-20T08:21:26.854-0800][53837299ms] GC(620)   Post Evacuate Collection Set: 2.9ms
[2023-12-20T08:21:26.854-0800][53837299ms] GC(620)   Other: 0.5ms
[2023-12-20T08:21:26.854-0800][53837299ms] GC(620) Eden regions: 753->0(754)
[2023-12-20T08:21:26.854-0800][53837299ms] GC(620) Survivor regions: 30->29(98)
[2023-12-20T08:21:26.854-0800][53837299ms] GC(620) Old regions: 159->159
[2023-12-20T08:21:26.854-0800][53837299ms] GC(620) Humongous regions: 5->5
[2023-12-20T08:21:26.854-0800][53837299ms] GC(620) Metaspace: 256232K->256232K(1294336K)
[2023-12-20T08:21:26.854-0800][53837299ms] GC(620) Pause Young (Normal) (G1 Evacuation Pause) 1893M->385M(2612M) 31.642ms
[2023-12-20T08:21:26.854-0800][53837299ms] GC(620) User=0.06s Sys=0.00s Real=0.03s
[2023-12-20T08:21:27.639-0800][53838084ms] GC(621) Pause Young (Normal) (G1 Evacuation Pause)
[2023-12-20T08:21:27.639-0800][53838084ms] GC(621) Using 10 workers of 10 for evacuation
[2023-12-20T08:21:27.671-0800][53838116ms] GC(621)   Pre Evacuate Collection Set: 0.0ms
[2023-12-20T08:21:27.671-0800][53838116ms] GC(621)   Evacuate Collection Set: 28.4ms
[2023-12-20T08:21:27.671-0800][53838116ms] GC(621)   Post Evacuate Collection Set: 2.4ms
[2023-12-20T08:21:27.671-0800][53838116ms] GC(621)   Other: 0.3ms
[2023-12-20T08:21:27.671-0800][53838116ms] GC(621) Eden regions: 754->0(753)
[2023-12-20T08:21:27.671-0800][53838116ms] GC(621) Survivor regions: 29->30(98)
[2023-12-20T08:21:27.671-0800][53838116ms] GC(621) Old regions: 159->159
[2023-12-20T08:21:27.671-0800][53838116ms] GC(621) Humongous regions: 5->5
[2023-12-20T08:21:27.671-0800][53838116ms] GC(621) Metaspace: 256232K->256232K(1294336K)
[2023-12-20T08:21:27.671-0800][53838116ms] GC(621) Pause Young (Normal) (G1 Evacuation Pause) 1893M->387M(2612M) 31.257ms
[2023-12-20T08:21:27.671-0800][53838116ms] GC(621) User=0.11s Sys=0.00s Real=0.03s
[2023-12-20T08:21:28.448-0800][53838893ms] GC(622) Pause Young (Normal) (G1 Evacuation Pause)
[2023-12-20T08:21:28.448-0800][53838893ms] GC(622) Using 10 workers of 10 for evacuation
[2023-12-20T08:21:28.478-0800][53838923ms] GC(622)   Pre Evacuate Collection Set: 0.0ms
[2023-12-20T08:21:28.478-0800][53838923ms] GC(622)   Evacuate Collection Set: 27.0ms
[2023-12-20T08:21:28.478-0800][53838923ms] GC(622)   Post Evacuate Collection Set: 3.0ms
[2023-12-20T08:21:28.478-0800][53838923ms] GC(622)   Other: 0.4ms
[2023-12-20T08:21:28.478-0800][53838923ms] GC(622) Eden regions: 753->0(753)
[2023-12-20T08:21:28.478-0800][53838923ms] GC(622) Survivor regions: 30->30(98)
[2023-12-20T08:21:28.478-0800][53838923ms] GC(622) Old regions: 159->159
[2023-12-20T08:21:28.478-0800][53838923ms] GC(622) Humongous regions: 5->5
[2023-12-20T08:21:28.478-0800][53838923ms] GC(622) Metaspace: 256232K->256232K(1294336K)
[2023-12-20T08:21:28.478-0800][53838923ms] GC(622) Pause Young (Normal) (G1 Evacuation Pause) 1893M->387M(2612M) 30.547ms
[2023-12-20T08:21:28.478-0800][53838923ms] GC(622) User=0.06s Sys=0.00s Real=0.03s
[2023-12-20T08:21:29.181-0800][53839626ms] GC(623) Pause Young (Normal) (G1 Evacuation Pause)
[2023-12-20T08:21:29.181-0800][53839626ms] GC(623) Using 10 workers of 10 for evacuation
[2023-12-20T08:21:29.213-0800][53839658ms] GC(623)   Pre Evacuate Collection Set: 0.0ms
[2023-12-20T08:21:29.213-0800][53839658ms] GC(623)   Evacuate Collection Set: 29.4ms
[2023-12-20T08:21:29.213-0800][53839658ms] GC(623)   Post Evacuate Collection Set: 2.6ms
[2023-12-20T08:21:29.213-0800][53839658ms] GC(623)   Other: 0.4ms
[2023-12-20T08:21:29.213-0800][53839658ms] GC(623) Eden regions: 753->0(754)
[2023-12-20T08:21:29.213-0800][53839658ms] GC(623) Survivor regions: 30->29(98)
[2023-12-20T08:21:29.213-0800][53839658ms] GC(623) Old regions: 159->159
[2023-12-20T08:21:29.213-0800][53839658ms] GC(623) Humongous regions: 5->5
[2023-12-20T08:21:29.213-0800][53839658ms] GC(623) Metaspace: 256232K->256232K(1294336K)
[2023-12-20T08:21:29.213-0800][53839658ms] GC(623) Pause Young (Normal) (G1 Evacuation Pause) 1893M->385M(2612M) 32.479ms
[2023-12-20T08:21:29.213-0800][53839658ms] GC(623) User=0.09s Sys=0.00s Real=0.03s
[2023-12-20T08:21:29.951-0800][53840396ms] GC(624) Pause Young (Normal) (G1 Evacuation Pause)
[2023-12-20T08:21:29.951-0800][53840396ms] GC(624) Using 10 workers of 10 for evacuation
[2023-12-20T08:21:29.981-0800][53840426ms] GC(624)   Pre Evacuate Collection Set: 0.0ms
[2023-12-20T08:21:29.982-0800][53840427ms] GC(624)   Evacuate Collection Set: 27.8ms
[2023-12-20T08:21:29.982-0800][53840427ms] GC(624)   Post Evacuate Collection Set: 2.4ms
[2023-12-20T08:21:29.982-0800][53840427ms] GC(624)   Other: 0.4ms
[2023-12-20T08:21:29.982-0800][53840427ms] GC(624) Eden regions: 754->0(753)
[2023-12-20T08:21:29.982-0800][53840427ms] GC(624) Survivor regions: 29->30(98)
[2023-12-20T08:21:29.982-0800][53840427ms] GC(624) Old regions: 159->159
[2023-12-20T08:21:29.982-0800][53840427ms] GC(624) Humongous regions: 5->5
[2023-12-20T08:21:29.982-0800][53840427ms] GC(624) Metaspace: 256232K->256232K(1294336K)
[2023-12-20T08:21:29.982-0800][53840427ms] GC(624) Pause Young (Normal) (G1 Evacuation Pause) 1893M->386M(2612M) 30.762ms
[2023-12-20T08:21:29.982-0800][53840427ms] GC(624) User=0.16s Sys=0.00s Real=0.03s
[2023-12-20T08:21:30.779-0800][53841224ms] GC(625) Pause Young (Normal) (G1 Evacuation Pause)
[2023-12-20T08:21:30.780-0800][53841225ms] GC(625) Using 10 workers of 10 for evacuation
[2023-12-20T08:21:30.809-0800][53841254ms] GC(625)   Pre Evacuate Collection Set: 0.0ms
[2023-12-20T08:21:30.809-0800][53841254ms] GC(625)   Evacuate Collection Set: 26.8ms
[2023-12-20T08:21:30.809-0800][53841254ms] GC(625)   Post Evacuate Collection Set: 2.5ms
[2023-12-20T08:21:30.809-0800][53841254ms] GC(625)   Other: 0.4ms
[2023-12-20T08:21:30.809-0800][53841254ms] GC(625) Eden regions: 753->0(753)
[2023-12-20T08:21:30.809-0800][53841254ms] GC(625) Survivor regions: 30->30(98)
[2023-12-20T08:21:30.809-0800][53841254ms] GC(625) Old regions: 159->159
[2023-12-20T08:21:30.809-0800][53841254ms] GC(625) Humongous regions: 5->5
[2023-12-20T08:21:30.809-0800][53841254ms] GC(625) Metaspace: 256232K->256232K(1294336K)
[2023-12-20T08:21:30.809-0800][53841254ms] GC(625) Pause Young (Normal) (G1 Evacuation Pause) 1892M->387M(2612M) 29.874ms
[2023-12-20T08:21:30.809-0800][53841254ms] GC(625) User=0.09s Sys=0.00s Real=0.03s
[2023-12-20T08:21:31.644-0800][53842089ms] GC(626) Pause Young (Normal) (G1 Evacuation Pause)
[2023-12-20T08:21:31.644-0800][53842089ms] GC(626) Using 10 workers of 10 for evacuation
[2023-12-20T08:21:31.675-0800][53842120ms] GC(626)   Pre Evacuate Collection Set: 0.0ms
[2023-12-20T08:21:31.675-0800][53842120ms] GC(626)   Evacuate Collection Set: 27.9ms
[2023-12-20T08:21:31.675-0800][53842120ms] GC(626)   Post Evacuate Collection Set: 2.5ms
[2023-12-20T08:21:31.675-0800][53842120ms] GC(626)   Other: 0.3ms
[2023-12-20T08:21:31.675-0800][53842120ms] GC(626) Eden regions: 753->0(753)
[2023-12-20T08:21:31.675-0800][53842120ms] GC(626) Survivor regions: 30->30(98)
[2023-12-20T08:21:31.675-0800][53842120ms] GC(626) Old regions: 159->160
[2023-12-20T08:21:31.675-0800][53842120ms] GC(626) Humongous regions: 5->5
[2023-12-20T08:21:31.675-0800][53842120ms] GC(626) Metaspace: 256232K->256232K(1294336K)
[2023-12-20T08:21:31.675-0800][53842120ms] GC(626) Pause Young (Normal) (G1 Evacuation Pause) 1893M->387M(2612M) 30.796ms
[2023-12-20T08:21:31.675-0800][53842120ms] GC(626) User=0.14s Sys=0.00s Real=0.03s
[2023-12-20T08:21:32.486-0800][53842931ms] GC(627) Pause Young (Normal) (G1 Evacuation Pause)
[2023-12-20T08:21:32.486-0800][53842931ms] GC(627) Using 10 workers of 10 for evacuation
[2023-12-20T08:21:32.517-0800][53842962ms] GC(627)   Pre Evacuate Collection Set: 0.0ms
[2023-12-20T08:21:32.517-0800][53842962ms] GC(627)   Evacuate Collection Set: 28.5ms
[2023-12-20T08:21:32.517-0800][53842962ms] GC(627)   Post Evacuate Collection Set: 2.6ms
[2023-12-20T08:21:32.517-0800][53842962ms] GC(627)   Other: 0.4ms
[2023-12-20T08:21:32.517-0800][53842962ms] GC(627) Eden regions: 753->0(753)
[2023-12-20T08:21:32.517-0800][53842962ms] GC(627) Survivor regions: 30->30(98)
[2023-12-20T08:21:32.517-0800][53842962ms] GC(627) Old regions: 160->160
[2023-12-20T08:21:32.517-0800][53842962ms] GC(627) Humongous regions: 5->5
[2023-12-20T08:21:32.517-0800][53842962ms] GC(627) Metaspace: 256232K->256232K(1294336K)
[2023-12-20T08:21:32.517-0800][53842962ms] GC(627) Pause Young (Normal) (G1 Evacuation Pause) 1893M->388M(2612M) 31.577ms
[2023-12-20T08:21:32.517-0800][53842962ms] GC(627) User=0.13s Sys=0.00s Real=0.03s
[2023-12-20T08:21:33.307-0800][53843752ms] GC(628) Pause Young (Normal) (G1 Evacuation Pause)
[2023-12-20T08:21:33.307-0800][53843752ms] GC(628) Using 10 workers of 10 for evacuation
[2023-12-20T08:21:33.338-0800][53843783ms] GC(628)   Pre Evacuate Collection Set: 0.0ms
[2023-12-20T08:21:33.338-0800][53843783ms] GC(628)   Evacuate Collection Set: 28.0ms
[2023-12-20T08:21:33.338-0800][53843783ms] GC(628)   Post Evacuate Collection Set: 2.6ms
[2023-12-20T08:21:33.338-0800][53843783ms] GC(628)   Other: 0.4ms
[2023-12-20T08:21:33.338-0800][53843783ms] GC(628) Eden regions: 753->0(753)
[2023-12-20T08:21:33.338-0800][53843783ms] GC(628) Survivor regions: 30->30(98)
[2023-12-20T08:21:33.339-0800][53843784ms] GC(628) Old regions: 160->160
[2023-12-20T08:21:33.339-0800][53843784ms] GC(628) Humongous regions: 5->5
[2023-12-20T08:21:33.339-0800][53843784ms] GC(628) Metaspace: 256232K->256232K(1294336K)
[2023-12-20T08:21:33.339-0800][53843784ms] GC(628) Pause Young (Normal) (G1 Evacuation Pause) 1894M->387M(2612M) 31.116ms
[2023-12-20T08:21:33.339-0800][53843784ms] GC(628) User=0.13s Sys=0.00s Real=0.03s
[2023-12-20T08:21:34.105-0800][53844550ms] GC(629) Pause Young (Normal) (G1 Evacuation Pause)
[2023-12-20T08:21:34.105-0800][53844550ms] GC(629) Using 10 workers of 10 for evacuation
[2023-12-20T08:21:34.135-0800][53844580ms] GC(629)   Pre Evacuate Collection Set: 0.0ms
[2023-12-20T08:21:34.135-0800][53844580ms] GC(629)   Evacuate Collection Set: 27.8ms
[2023-12-20T08:21:34.135-0800][53844580ms] GC(629)   Post Evacuate Collection Set: 2.4ms
[2023-12-20T08:21:34.135-0800][53844580ms] GC(629)   Other: 0.4ms
[2023-12-20T08:21:34.135-0800][53844580ms] GC(629) Eden regions: 753->0(753)
[2023-12-20T08:21:34.135-0800][53844580ms] GC(629) Survivor regions: 30->30(98)
[2023-12-20T08:21:34.135-0800][53844580ms] GC(629) Old regions: 160->160
[2023-12-20T08:21:34.135-0800][53844581ms] GC(629) Humongous regions: 5->5
[2023-12-20T08:21:34.136-0800][53844581ms] GC(629) Metaspace: 256232K->256232K(1294336K)
[2023-12-20T08:21:34.136-0800][53844581ms] GC(629) Pause Young (Normal) (G1 Evacuation Pause) 1893M->387M(2612M) 30.807ms
[2023-12-20T08:21:34.136-0800][53844581ms] GC(629) User=0.11s Sys=0.00s Real=0.03s
[2023-12-20T08:21:34.908-0800][53845353ms] GC(630) Pause Young (Normal) (GCLocker Initiated GC)
[2023-12-20T08:21:34.908-0800][53845353ms] GC(630) Using 10 workers of 10 for evacuation
[2023-12-20T08:21:34.938-0800][53845383ms] GC(630)   Pre Evacuate Collection Set: 0.0ms
[2023-12-20T08:21:34.938-0800][53845383ms] GC(630)   Evacuate Collection Set: 28.0ms
[2023-12-20T08:21:34.938-0800][53845383ms] GC(630)   Post Evacuate Collection Set: 2.4ms
[2023-12-20T08:21:34.938-0800][53845383ms] GC(630)   Other: 0.3ms
[2023-12-20T08:21:34.938-0800][53845383ms] GC(630) Eden regions: 754->0(753)
[2023-12-20T08:21:34.938-0800][53845383ms] GC(630) Survivor regions: 30->30(98)
[2023-12-20T08:21:34.938-0800][53845383ms] GC(630) Old regions: 160->160
[2023-12-20T08:21:34.938-0800][53845383ms] GC(630) Humongous regions: 5->5
[2023-12-20T08:21:34.938-0800][53845383ms] GC(630) Metaspace: 256232K->256232K(1294336K)
[2023-12-20T08:21:34.938-0800][53845383ms] GC(630) Pause Young (Normal) (GCLocker Initiated GC) 1894M->387M(2612M) 30.835ms
[2023-12-20T08:21:34.938-0800][53845383ms] GC(630) User=0.08s Sys=0.00s Real=0.03s
[2023-12-20T08:21:35.835-0800][53846280ms] GC(631) Pause Young (Normal) (GCLocker Initiated GC)
[2023-12-20T08:21:35.835-0800][53846280ms] GC(631) Using 10 workers of 10 for evacuation
[2023-12-20T08:21:35.866-0800][53846311ms] GC(631)   Pre Evacuate Collection Set: 0.0ms
[2023-12-20T08:21:35.866-0800][53846311ms] GC(631)   Evacuate Collection Set: 27.4ms
[2023-12-20T08:21:35.866-0800][53846311ms] GC(631)   Post Evacuate Collection Set: 2.5ms
[2023-12-20T08:21:35.866-0800][53846311ms] GC(631)   Other: 0.4ms
[2023-12-20T08:21:35.866-0800][53846311ms] GC(631) Eden regions: 754->0(754)
[2023-12-20T08:21:35.866-0800][53846311ms] GC(631) Survivor regions: 30->29(98)
[2023-12-20T08:21:35.866-0800][53846311ms] GC(631) Old regions: 160->160
[2023-12-20T08:21:35.866-0800][53846311ms] GC(631) Humongous regions: 5->5
[2023-12-20T08:21:35.866-0800][53846311ms] GC(631) Metaspace: 256232K->256232K(1294336K)
[2023-12-20T08:21:35.866-0800][53846311ms] GC(631) Pause Young (Normal) (GCLocker Initiated GC) 1894M->386M(2612M) 30.423ms
[2023-12-20T08:21:35.866-0800][53846311ms] GC(631) User=0.14s Sys=0.00s Real=0.03s
[2023-12-20T08:21:36.654-0800][53847099ms] GC(632) Pause Young (Normal) (GCLocker Initiated GC)
[2023-12-20T08:21:36.654-0800][53847099ms] GC(632) Using 10 workers of 10 for evacuation
[2023-12-20T08:21:36.685-0800][53847130ms] GC(632)   Pre Evacuate Collection Set: 0.1ms
[2023-12-20T08:21:36.685-0800][53847130ms] GC(632)   Evacuate Collection Set: 27.8ms
[2023-12-20T08:21:36.685-0800][53847130ms] GC(632)   Post Evacuate Collection Set: 2.6ms
[2023-12-20T08:21:36.685-0800][53847130ms] GC(632)   Other: 0.4ms
[2023-12-20T08:21:36.685-0800][53847130ms] GC(632) Eden regions: 755->0(753)
[2023-12-20T08:21:36.685-0800][53847130ms] GC(632) Survivor regions: 29->30(98)
[2023-12-20T08:21:36.685-0800][53847130ms] GC(632) Old regions: 160->160
[2023-12-20T08:21:36.685-0800][53847130ms] GC(632) Humongous regions: 5->5
[2023-12-20T08:21:36.685-0800][53847130ms] GC(632) Metaspace: 256232K->256232K(1294336K)
[2023-12-20T08:21:36.685-0800][53847130ms] GC(632) Pause Young (Normal) (GCLocker Initiated GC) 1895M->388M(2612M) 30.923ms
[2023-12-20T08:21:36.685-0800][53847130ms] GC(632) User=0.09s Sys=0.00s Real=0.03s
[2023-12-20T08:21:37.610-0800][53848055ms] GC(633) Pause Young (Normal) (G1 Evacuation Pause)
[2023-12-20T08:21:37.610-0800][53848055ms] GC(633) Using 10 workers of 10 for evacuation
[2023-12-20T08:21:37.640-0800][53848085ms] GC(633)   Pre Evacuate Collection Set: 0.0ms
[2023-12-20T08:21:37.640-0800][53848085ms] GC(633)   Evacuate Collection Set: 27.8ms
[2023-12-20T08:21:37.640-0800][53848085ms] GC(633)   Post Evacuate Collection Set: 2.7ms
[2023-12-20T08:21:37.640-0800][53848085ms] GC(633)   Other: 0.4ms
[2023-12-20T08:21:37.640-0800][53848085ms] GC(633) Eden regions: 753->0(753)
[2023-12-20T08:21:37.640-0800][53848085ms] GC(633) Survivor regions: 30->30(98)
[2023-12-20T08:21:37.640-0800][53848085ms] GC(633) Old regions: 160->160
[2023-12-20T08:21:37.640-0800][53848085ms] GC(633) Humongous regions: 5->5
[2023-12-20T08:21:37.640-0800][53848085ms] GC(633) Metaspace: 256232K->256232K(1294336K)
[2023-12-20T08:21:37.640-0800][53848085ms] GC(633) Pause Young (Normal) (G1 Evacuation Pause) 1894M->387M(2612M) 31.062ms
[2023-12-20T08:21:37.642-0800][53848087ms] GC(633) User=0.13s Sys=0.00s Real=0.03s
[2023-12-20T08:21:38.433-0800][53848878ms] GC(634) Pause Young (Normal) (G1 Evacuation Pause)
[2023-12-20T08:21:38.433-0800][53848878ms] GC(634) Using 10 workers of 10 for evacuation
[2023-12-20T08:21:38.464-0800][53848909ms] GC(634)   Pre Evacuate Collection Set: 0.0ms
[2023-12-20T08:21:38.464-0800][53848909ms] GC(634)   Evacuate Collection Set: 28.0ms
[2023-12-20T08:21:38.464-0800][53848909ms] GC(634)   Post Evacuate Collection Set: 2.6ms
[2023-12-20T08:21:38.464-0800][53848909ms] GC(634)   Other: 0.4ms
[2023-12-20T08:21:38.464-0800][53848909ms] GC(634) Eden regions: 753->0(753)
[2023-12-20T08:21:38.464-0800][53848909ms] GC(634) Survivor regions: 30->30(98)
[2023-12-20T08:21:38.464-0800][53848909ms] GC(634) Old regions: 160->160
[2023-12-20T08:21:38.464-0800][53848909ms] GC(634) Humongous regions: 5->5
[2023-12-20T08:21:38.464-0800][53848909ms] GC(634) Metaspace: 256232K->256232K(1294336K)
[2023-12-20T08:21:38.464-0800][53848909ms] GC(634) Pause Young (Normal) (G1 Evacuation Pause) 1893M->387M(2612M) 31.203ms
[2023-12-20T08:21:38.464-0800][53848909ms] GC(634) User=0.08s Sys=0.00s Real=0.03s
[2023-12-20T08:21:39.224-0800][53849669ms] GC(635) Pause Young (Normal) (G1 Evacuation Pause)
[2023-12-20T08:21:39.224-0800][53849669ms] GC(635) Using 10 workers of 10 for evacuation
[2023-12-20T08:21:39.255-0800][53849700ms] GC(635)   Pre Evacuate Collection Set: 0.0ms
[2023-12-20T08:21:39.255-0800][53849700ms] GC(635)   Evacuate Collection Set: 28.3ms
[2023-12-20T08:21:39.255-0800][53849700ms] GC(635)   Post Evacuate Collection Set: 2.4ms
[2023-12-20T08:21:39.255-0800][53849700ms] GC(635)   Other: 0.4ms
[2023-12-20T08:21:39.255-0800][53849700ms] GC(635) Eden regions: 753->0(753)
[2023-12-20T08:21:39.255-0800][53849700ms] GC(635) Survivor regions: 30->30(98)
[2023-12-20T08:21:39.255-0800][53849700ms] GC(635) Old regions: 160->160
[2023-12-20T08:21:39.255-0800][53849700ms] GC(635) Humongous regions: 5->5
[2023-12-20T08:21:39.255-0800][53849700ms] GC(635) Metaspace: 256232K->256232K(1294336K)
[2023-12-20T08:21:39.255-0800][53849700ms] GC(635) Pause Young (Normal) (G1 Evacuation Pause) 1893M->387M(2612M) 31.239ms
[2023-12-20T08:21:39.255-0800][53849700ms] GC(635) User=0.20s Sys=0.00s Real=0.03s
[2023-12-20T08:21:40.079-0800][53850524ms] GC(636) Pause Young (Normal) (G1 Evacuation Pause)
[2023-12-20T08:21:40.079-0800][53850524ms] GC(636) Using 10 workers of 10 for evacuation
[2023-12-20T08:21:40.112-0800][53850557ms] GC(636)   Pre Evacuate Collection Set: 0.0ms
[2023-12-20T08:21:40.112-0800][53850557ms] GC(636)   Evacuate Collection Set: 29.2ms
[2023-12-20T08:21:40.112-0800][53850557ms] GC(636)   Post Evacuate Collection Set: 2.4ms
[2023-12-20T08:21:40.112-0800][53850557ms] GC(636)   Other: 0.4ms
[2023-12-20T08:21:40.112-0800][53850557ms] GC(636) Eden regions: 753->0(753)
[2023-12-20T08:21:40.112-0800][53850557ms] GC(636) Survivor regions: 30->30(98)
[2023-12-20T08:21:40.112-0800][53850557ms] GC(636) Old regions: 160->160
[2023-12-20T08:21:40.112-0800][53850557ms] GC(636) Humongous regions: 5->5
[2023-12-20T08:21:40.112-0800][53850557ms] GC(636) Metaspace: 256232K->256232K(1294336K)
[2023-12-20T08:21:40.112-0800][53850557ms] GC(636) Pause Young (Normal) (G1 Evacuation Pause) 1893M->388M(2612M) 32.098ms
[2023-12-20T08:21:40.112-0800][53850557ms] GC(636) User=0.13s Sys=0.00s Real=0.03s
[2023-12-20T08:21:40.881-0800][53851326ms] GC(637) Pause Young (Normal) (G1 Evacuation Pause)
[2023-12-20T08:21:40.881-0800][53851326ms] GC(637) Using 10 workers of 10 for evacuation
[2023-12-20T08:21:40.910-0800][53851355ms] GC(637)   Pre Evacuate Collection Set: 0.0ms
[2023-12-20T08:21:40.910-0800][53851355ms] GC(637)   Evacuate Collection Set: 27.1ms
[2023-12-20T08:21:40.910-0800][53851355ms] GC(637)   Post Evacuate Collection Set: 2.5ms
[2023-12-20T08:21:40.910-0800][53851355ms] GC(637)   Other: 0.4ms
[2023-12-20T08:21:40.910-0800][53851355ms] GC(637) Eden regions: 753->0(753)
[2023-12-20T08:21:40.910-0800][53851355ms] GC(637) Survivor regions: 30->30(98)
[2023-12-20T08:21:40.910-0800][53851355ms] GC(637) Old regions: 160->160
[2023-12-20T08:21:40.910-0800][53851355ms] GC(637) Humongous regions: 5->5
[2023-12-20T08:21:40.910-0800][53851355ms] GC(637) Metaspace: 256232K->256232K(1294336K)
[2023-12-20T08:21:40.910-0800][53851355ms] GC(637) Pause Young (Normal) (G1 Evacuation Pause) 1894M->387M(2612M) 30.129ms
[2023-12-20T08:21:40.910-0800][53851355ms] GC(637) User=0.14s Sys=0.00s Real=0.03s
[2023-12-20T08:21:41.675-0800][53852120ms] GC(638) Pause Young (Normal) (G1 Evacuation Pause)
[2023-12-20T08:21:41.675-0800][53852120ms] GC(638) Using 10 workers of 10 for evacuation
[2023-12-20T08:21:41.705-0800][53852150ms] GC(638)   Pre Evacuate Collection Set: 0.0ms
[2023-12-20T08:21:41.705-0800][53852150ms] GC(638)   Evacuate Collection Set: 27.4ms
[2023-12-20T08:21:41.705-0800][53852150ms] GC(638)   Post Evacuate Collection Set: 2.4ms
[2023-12-20T08:21:41.705-0800][53852150ms] GC(638)   Other: 0.3ms
[2023-12-20T08:21:41.705-0800][53852150ms] GC(638) Eden regions: 753->0(753)
[2023-12-20T08:21:41.705-0800][53852150ms] GC(638) Survivor regions: 30->30(98)
[2023-12-20T08:21:41.705-0800][53852150ms] GC(638) Old regions: 160->160
[2023-12-20T08:21:41.705-0800][53852150ms] GC(638) Humongous regions: 5->5
[2023-12-20T08:21:41.705-0800][53852150ms] GC(638) Metaspace: 256232K->256232K(1294336K)
[2023-12-20T08:21:41.705-0800][53852150ms] GC(638) Pause Young (Normal) (G1 Evacuation Pause) 1893M->387M(2612M) 30.270ms
[2023-12-20T08:21:41.705-0800][53852150ms] GC(638) User=0.08s Sys=0.00s Real=0.03s
[2023-12-20T08:21:42.445-0800][53852890ms] GC(639) Pause Young (Normal) (G1 Evacuation Pause)
[2023-12-20T08:21:42.445-0800][53852890ms] GC(639) Using 10 workers of 10 for evacuation
[2023-12-20T08:21:42.475-0800][53852920ms] GC(639)   Pre Evacuate Collection Set: 0.0ms
[2023-12-20T08:21:42.475-0800][53852920ms] GC(639)   Evacuate Collection Set: 27.2ms
[2023-12-20T08:21:42.475-0800][53852920ms] GC(639)   Post Evacuate Collection Set: 2.3ms
[2023-12-20T08:21:42.475-0800][53852920ms] GC(639)   Other: 0.3ms
[2023-12-20T08:21:42.475-0800][53852920ms] GC(639) Eden regions: 753->0(753)
[2023-12-20T08:21:42.475-0800][53852920ms] GC(639) Survivor regions: 30->30(98)
[2023-12-20T08:21:42.475-0800][53852920ms] GC(639) Old regions: 160->160
[2023-12-20T08:21:42.475-0800][53852920ms] GC(639) Humongous regions: 5->5
[2023-12-20T08:21:42.475-0800][53852920ms] GC(639) Metaspace: 256232K->256232K(1294336K)
[2023-12-20T08:21:42.475-0800][53852920ms] GC(639) Pause Young (Normal) (G1 Evacuation Pause) 1893M->388M(2612M) 29.997ms
[2023-12-20T08:21:42.475-0800][53852920ms] GC(639) User=0.08s Sys=0.00s Real=0.03s
[2023-12-20T08:21:43.213-0800][53853658ms] GC(640) Pause Young (Normal) (G1 Evacuation Pause)
[2023-12-20T08:21:43.213-0800][53853658ms] GC(640) Using 10 workers of 10 for evacuation
[2023-12-20T08:21:43.243-0800][53853688ms] GC(640)   Pre Evacuate Collection Set: 0.0ms
[2023-12-20T08:21:43.243-0800][53853688ms] GC(640)   Evacuate Collection Set: 28.3ms
[2023-12-20T08:21:43.243-0800][53853688ms] GC(640)   Post Evacuate Collection Set: 2.4ms
[2023-12-20T08:21:43.243-0800][53853688ms] GC(640)   Other: 0.4ms
[2023-12-20T08:21:43.243-0800][53853688ms] GC(640) Eden regions: 753->0(754)
[2023-12-20T08:21:43.243-0800][53853688ms] GC(640) Survivor regions: 30->29(98)
[2023-12-20T08:21:43.243-0800][53853688ms] GC(640) Old regions: 160->160
[2023-12-20T08:21:43.243-0800][53853688ms] GC(640) Humongous regions: 5->5
[2023-12-20T08:21:43.243-0800][53853688ms] GC(640) Metaspace: 256232K->256232K(1294336K)
[2023-12-20T08:21:43.243-0800][53853688ms] GC(640) Pause Young (Normal) (G1 Evacuation Pause) 1894M->386M(2612M) 31.144ms
[2023-12-20T08:21:43.243-0800][53853688ms] GC(640) User=0.11s Sys=0.00s Real=0.03s
[2023-12-20T08:21:44.090-0800][53854535ms] GC(641) Pause Young (Normal) (G1 Evacuation Pause)
[2023-12-20T08:21:44.090-0800][53854535ms] GC(641) Using 10 workers of 10 for evacuation
[2023-12-20T08:21:44.122-0800][53854567ms] GC(641)   Pre Evacuate Collection Set: 0.0ms
[2023-12-20T08:21:44.122-0800][53854567ms] GC(641)   Evacuate Collection Set: 28.4ms
[2023-12-20T08:21:44.122-0800][53854567ms] GC(641)   Post Evacuate Collection Set: 2.8ms
[2023-12-20T08:21:44.122-0800][53854567ms] GC(641)   Other: 0.4ms
[2023-12-20T08:21:44.122-0800][53854567ms] GC(641) Eden regions: 754->0(753)
[2023-12-20T08:21:44.122-0800][53854567ms] GC(641) Survivor regions: 29->30(98)
[2023-12-20T08:21:44.122-0800][53854567ms] GC(641) Old regions: 160->160
[2023-12-20T08:21:44.122-0800][53854567ms] GC(641) Humongous regions: 5->5
[2023-12-20T08:21:44.122-0800][53854567ms] GC(641) Metaspace: 256232K->256232K(1294336K)
[2023-12-20T08:21:44.122-0800][53854567ms] GC(641) Pause Young (Normal) (G1 Evacuation Pause) 1894M->388M(2612M) 31.666ms
[2023-12-20T08:21:44.122-0800][53854567ms] GC(641) User=0.17s Sys=0.00s Real=0.03s
[2023-12-20T08:21:44.904-0800][53855349ms] GC(642) Pause Young (Normal) (G1 Evacuation Pause)
[2023-12-20T08:21:44.904-0800][53855349ms] GC(642) Using 10 workers of 10 for evacuation
[2023-12-20T08:21:44.935-0800][53855380ms] GC(642)   Pre Evacuate Collection Set: 0.0ms
[2023-12-20T08:21:44.935-0800][53855380ms] GC(642)   Evacuate Collection Set: 27.9ms
[2023-12-20T08:21:44.935-0800][53855380ms] GC(642)   Post Evacuate Collection Set: 2.7ms
[2023-12-20T08:21:44.935-0800][53855380ms] GC(642)   Other: 0.4ms
[2023-12-20T08:21:44.935-0800][53855380ms] GC(642) Eden regions: 753->0(752)
[2023-12-20T08:21:44.935-0800][53855380ms] GC(642) Survivor regions: 30->31(98)
[2023-12-20T08:21:44.935-0800][53855380ms] GC(642) Old regions: 160->160
[2023-12-20T08:21:44.935-0800][53855380ms] GC(642) Humongous regions: 5->5
[2023-12-20T08:21:44.935-0800][53855380ms] GC(642) Metaspace: 256232K->256232K(1294336K)
[2023-12-20T08:21:44.935-0800][53855380ms] GC(642) Pause Young (Normal) (G1 Evacuation Pause) 1894M->390M(2612M) 31.158ms
[2023-12-20T08:21:44.935-0800][53855380ms] GC(642) User=0.09s Sys=0.00s Real=0.03s
[2023-12-20T08:21:45.752-0800][53856197ms] GC(643) Pause Young (Normal) (G1 Evacuation Pause)
[2023-12-20T08:21:45.752-0800][53856197ms] GC(643) Using 10 workers of 10 for evacuation
[2023-12-20T08:21:45.782-0800][53856227ms] GC(643)   Pre Evacuate Collection Set: 0.1ms
[2023-12-20T08:21:45.782-0800][53856227ms] GC(643)   Evacuate Collection Set: 27.5ms
[2023-12-20T08:21:45.782-0800][53856227ms] GC(643)   Post Evacuate Collection Set: 2.6ms
[2023-12-20T08:21:45.782-0800][53856227ms] GC(643)   Other: 0.4ms
[2023-12-20T08:21:45.782-0800][53856227ms] GC(643) Eden regions: 752->0(752)
[2023-12-20T08:21:45.782-0800][53856227ms] GC(643) Survivor regions: 31->31(98)
[2023-12-20T08:21:45.782-0800][53856227ms] GC(643) Old regions: 160->160
[2023-12-20T08:21:45.782-0800][53856227ms] GC(643) Humongous regions: 5->5
[2023-12-20T08:21:45.783-0800][53856228ms] GC(643) Metaspace: 256234K->256234K(1294336K)
[2023-12-20T08:21:45.783-0800][53856228ms] GC(643) Pause Young (Normal) (G1 Evacuation Pause) 1894M->389M(2612M) 30.716ms
[2023-12-20T08:21:45.783-0800][53856228ms] GC(643) User=0.14s Sys=0.00s Real=0.03s
[2023-12-20T08:21:46.645-0800][53857090ms] GC(644) Pause Young (Normal) (G1 Evacuation Pause)
[2023-12-20T08:21:46.645-0800][53857090ms] GC(644) Using 10 workers of 10 for evacuation
[2023-12-20T08:21:46.675-0800][53857120ms] GC(644)   Pre Evacuate Collection Set: 0.0ms
[2023-12-20T08:21:46.675-0800][53857120ms] GC(644)   Evacuate Collection Set: 27.1ms
[2023-12-20T08:21:46.675-0800][53857120ms] GC(644)   Post Evacuate Collection Set: 2.5ms
[2023-12-20T08:21:46.675-0800][53857120ms] GC(644)   Other: 0.4ms
[2023-12-20T08:21:46.675-0800][53857120ms] GC(644) Eden regions: 752->0(752)
[2023-12-20T08:21:46.675-0800][53857120ms] GC(644) Survivor regions: 31->31(98)
[2023-12-20T08:21:46.675-0800][53857120ms] GC(644) Old regions: 160->160
[2023-12-20T08:21:46.675-0800][53857120ms] GC(644) Humongous regions: 5->5
[2023-12-20T08:21:46.675-0800][53857120ms] GC(644) Metaspace: 256234K->256234K(1294336K)
[2023-12-20T08:21:46.675-0800][53857120ms] GC(644) Pause Young (Normal) (G1 Evacuation Pause) 1893M->389M(2612M) 30.094ms
[2023-12-20T08:21:46.675-0800][53857120ms] GC(644) User=0.13s Sys=0.00s Real=0.03s
[2023-12-20T08:21:47.438-0800][53857883ms] GC(645) Pause Young (Normal) (G1 Evacuation Pause)
[2023-12-20T08:21:47.438-0800][53857883ms] GC(645) Using 10 workers of 10 for evacuation
[2023-12-20T08:21:47.467-0800][53857912ms] GC(645)   Pre Evacuate Collection Set: 0.0ms
[2023-12-20T08:21:47.467-0800][53857912ms] GC(645)   Evacuate Collection Set: 26.4ms
[2023-12-20T08:21:47.467-0800][53857912ms] GC(645)   Post Evacuate Collection Set: 2.5ms
[2023-12-20T08:21:47.467-0800][53857912ms] GC(645)   Other: 0.3ms
[2023-12-20T08:21:47.467-0800][53857912ms] GC(645) Eden regions: 752->0(752)
[2023-12-20T08:21:47.467-0800][53857912ms] GC(645) Survivor regions: 31->31(98)
[2023-12-20T08:21:47.467-0800][53857912ms] GC(645) Old regions: 160->160
[2023-12-20T08:21:47.467-0800][53857912ms] GC(645) Humongous regions: 5->5
[2023-12-20T08:21:47.467-0800][53857912ms] GC(645) Metaspace: 256234K->256234K(1294336K)
[2023-12-20T08:21:47.467-0800][53857912ms] GC(645) Pause Young (Normal) (G1 Evacuation Pause) 1893M->389M(2612M) 29.456ms
[2023-12-20T08:21:47.467-0800][53857912ms] GC(645) User=0.11s Sys=0.00s Real=0.03s
[2023-12-20T08:21:48.251-0800][53858696ms] GC(646) Pause Young (Normal) (G1 Evacuation Pause)
[2023-12-20T08:21:48.251-0800][53858696ms] GC(646) Using 10 workers of 10 for evacuation
[2023-12-20T08:21:48.281-0800][53858726ms] GC(646)   Pre Evacuate Collection Set: 0.0ms
[2023-12-20T08:21:48.281-0800][53858726ms] GC(646)   Evacuate Collection Set: 27.9ms
[2023-12-20T08:21:48.281-0800][53858726ms] GC(646)   Post Evacuate Collection Set: 2.4ms
[2023-12-20T08:21:48.281-0800][53858726ms] GC(646)   Other: 0.4ms
[2023-12-20T08:21:48.281-0800][53858726ms] GC(646) Eden regions: 752->0(753)
[2023-12-20T08:21:48.281-0800][53858726ms] GC(646) Survivor regions: 31->30(98)
[2023-12-20T08:21:48.281-0800][53858726ms] GC(646) Old regions: 160->160
[2023-12-20T08:21:48.281-0800][53858726ms] GC(646) Humongous regions: 5->5
[2023-12-20T08:21:48.281-0800][53858726ms] GC(646) Metaspace: 256234K->256234K(1294336K)
[2023-12-20T08:21:48.281-0800][53858726ms] GC(646) Pause Young (Normal) (G1 Evacuation Pause) 1893M->388M(2612M) 30.773ms
[2023-12-20T08:21:48.281-0800][53858726ms] GC(646) User=0.11s Sys=0.00s Real=0.03s
[2023-12-20T08:21:48.845-0800][53859290ms] GC(647) Pause Young (Normal) (G1 Evacuation Pause)
[2023-12-20T08:21:48.845-0800][53859290ms] GC(647) Using 10 workers of 10 for evacuation
[2023-12-20T08:21:48.875-0800][53859320ms] GC(647)   Pre Evacuate Collection Set: 0.0ms
[2023-12-20T08:21:48.875-0800][53859320ms] GC(647)   Evacuate Collection Set: 27.1ms
[2023-12-20T08:21:48.875-0800][53859320ms] GC(647)   Post Evacuate Collection Set: 2.5ms
[2023-12-20T08:21:48.875-0800][53859320ms] GC(647)   Other: 0.4ms
[2023-12-20T08:21:48.875-0800][53859320ms] GC(647) Eden regions: 753->0(752)
[2023-12-20T08:21:48.875-0800][53859320ms] GC(647) Survivor regions: 30->31(98)
[2023-12-20T08:21:48.875-0800][53859320ms] GC(647) Old regions: 160->160
[2023-12-20T08:21:48.875-0800][53859320ms] GC(647) Humongous regions: 5->5
[2023-12-20T08:21:48.875-0800][53859320ms] GC(647) Metaspace: 256234K->256234K(1294336K)
[2023-12-20T08:21:48.875-0800][53859320ms] GC(647) Pause Young (Normal) (G1 Evacuation Pause) 1894M->389M(2612M) 30.173ms
[2023-12-20T08:21:48.875-0800][53859320ms] GC(647) User=0.13s Sys=0.00s Real=0.03s
[2023-12-20T08:21:49.516-0800][53859961ms] GC(648) Pause Young (Normal) (G1 Evacuation Pause)
[2023-12-20T08:21:49.516-0800][53859961ms] GC(648) Using 10 workers of 10 for evacuation
[2023-12-20T08:21:49.545-0800][53859990ms] GC(648)   Pre Evacuate Collection Set: 0.0ms
[2023-12-20T08:21:49.545-0800][53859990ms] GC(648)   Evacuate Collection Set: 26.7ms
[2023-12-20T08:21:49.545-0800][53859990ms] GC(648)   Post Evacuate Collection Set: 2.5ms
[2023-12-20T08:21:49.545-0800][53859990ms] GC(648)   Other: 0.4ms
[2023-12-20T08:21:49.545-0800][53859990ms] GC(648) Eden regions: 752->0(753)
[2023-12-20T08:21:49.545-0800][53859990ms] GC(648) Survivor regions: 31->30(98)
[2023-12-20T08:21:49.545-0800][53859990ms] GC(648) Old regions: 160->160
[2023-12-20T08:21:49.545-0800][53859990ms] GC(648) Humongous regions: 5->5
[2023-12-20T08:21:49.545-0800][53859990ms] GC(648) Metaspace: 256234K->256234K(1294336K)
[2023-12-20T08:21:49.545-0800][53859990ms] GC(648) Pause Young (Normal) (G1 Evacuation Pause) 1893M->388M(2612M) 29.719ms
[2023-12-20T08:21:49.545-0800][53859990ms] GC(648) User=0.05s Sys=0.00s Real=0.03s
[2023-12-20T08:21:50.094-0800][53860539ms] GC(649) Pause Young (Normal) (G1 Evacuation Pause)
[2023-12-20T08:21:50.095-0800][53860540ms] GC(649) Using 10 workers of 10 for evacuation
[2023-12-20T08:21:50.125-0800][53860570ms] GC(649)   Pre Evacuate Collection Set: 0.1ms
[2023-12-20T08:21:50.125-0800][53860570ms] GC(649)   Evacuate Collection Set: 27.7ms
[2023-12-20T08:21:50.125-0800][53860570ms] GC(649)   Post Evacuate Collection Set: 3.1ms
[2023-12-20T08:21:50.125-0800][53860570ms] GC(649)   Other: 0.5ms
[2023-12-20T08:21:50.125-0800][53860570ms] GC(649) Eden regions: 753->0(753)
[2023-12-20T08:21:50.125-0800][53860570ms] GC(649) Survivor regions: 30->30(98)
[2023-12-20T08:21:50.125-0800][53860570ms] GC(649) Old regions: 160->160
[2023-12-20T08:21:50.125-0800][53860570ms] GC(649) Humongous regions: 5->5
[2023-12-20T08:21:50.125-0800][53860570ms] GC(649) Metaspace: 256234K->256234K(1294336K)
[2023-12-20T08:21:50.125-0800][53860570ms] GC(649) Pause Young (Normal) (G1 Evacuation Pause) 1894M->388M(2612M) 31.642ms
[2023-12-20T08:21:50.126-0800][53860571ms] GC(649) User=0.13s Sys=0.00s Real=0.03s
[2023-12-20T08:21:50.831-0800][53861276ms] GC(650) Pause Young (Normal) (G1 Evacuation Pause)
[2023-12-20T08:21:50.831-0800][53861276ms] GC(650) Using 10 workers of 10 for evacuation
[2023-12-20T08:21:50.860-0800][53861305ms] GC(650)   Pre Evacuate Collection Set: 0.0ms
[2023-12-20T08:21:50.861-0800][53861306ms] GC(650)   Evacuate Collection Set: 27.2ms
[2023-12-20T08:21:50.861-0800][53861306ms] GC(650)   Post Evacuate Collection Set: 2.5ms
[2023-12-20T08:21:50.861-0800][53861306ms] GC(650)   Other: 0.4ms
[2023-12-20T08:21:50.861-0800][53861306ms] GC(650) Eden regions: 753->0(753)
[2023-12-20T08:21:50.861-0800][53861306ms] GC(650) Survivor regions: 30->30(98)
[2023-12-20T08:21:50.861-0800][53861306ms] GC(650) Old regions: 160->160
[2023-12-20T08:21:50.861-0800][53861306ms] GC(650) Humongous regions: 5->5
[2023-12-20T08:21:50.861-0800][53861306ms] GC(650) Metaspace: 256234K->256234K(1294336K)
[2023-12-20T08:21:50.861-0800][53861306ms] GC(650) Pause Young (Normal) (G1 Evacuation Pause) 1894M->388M(2612M) 30.249ms
[2023-12-20T08:21:50.861-0800][53861306ms] GC(650) User=0.05s Sys=0.00s Real=0.03s
[2023-12-20T08:21:51.572-0800][53862017ms] GC(651) Pause Young (Normal) (G1 Evacuation Pause)
[2023-12-20T08:21:51.572-0800][53862017ms] GC(651) Using 10 workers of 10 for evacuation
[2023-12-20T08:21:51.605-0800][53862050ms] GC(651)   Pre Evacuate Collection Set: 0.1ms
[2023-12-20T08:21:51.605-0800][53862050ms] GC(651)   Evacuate Collection Set: 28.9ms
[2023-12-20T08:21:51.605-0800][53862050ms] GC(651)   Post Evacuate Collection Set: 2.9ms
[2023-12-20T08:21:51.605-0800][53862050ms] GC(651)   Other: 0.4ms
[2023-12-20T08:21:51.605-0800][53862050ms] GC(651) Eden regions: 753->0(753)
[2023-12-20T08:21:51.605-0800][53862050ms] GC(651) Survivor regions: 30->30(98)
[2023-12-20T08:21:51.605-0800][53862050ms] GC(651) Old regions: 160->160
[2023-12-20T08:21:51.605-0800][53862050ms] GC(651) Humongous regions: 5->5
[2023-12-20T08:21:51.605-0800][53862050ms] GC(651) Metaspace: 256234K->256234K(1294336K)
[2023-12-20T08:21:51.605-0800][53862050ms] GC(651) Pause Young (Normal) (G1 Evacuation Pause) 1894M->388M(2612M) 32.347ms
[2023-12-20T08:21:51.605-0800][53862050ms] GC(651) User=0.08s Sys=0.00s Real=0.03s
[2023-12-20T08:21:52.401-0800][53862846ms] GC(652) Pause Young (Normal) (G1 Evacuation Pause)
[2023-12-20T08:21:52.401-0800][53862846ms] GC(652) Using 10 workers of 10 for evacuation
[2023-12-20T08:21:52.432-0800][53862877ms] GC(652)   Pre Evacuate Collection Set: 0.0ms
[2023-12-20T08:21:52.432-0800][53862877ms] GC(652)   Evacuate Collection Set: 28.0ms
[2023-12-20T08:21:52.432-0800][53862877ms] GC(652)   Post Evacuate Collection Set: 2.3ms
[2023-12-20T08:21:52.432-0800][53862877ms] GC(652)   Other: 0.4ms
[2023-12-20T08:21:52.432-0800][53862877ms] GC(652) Eden regions: 753->0(753)
[2023-12-20T08:21:52.432-0800][53862877ms] GC(652) Survivor regions: 30->30(98)
[2023-12-20T08:21:52.432-0800][53862877ms] GC(652) Old regions: 160->160
[2023-12-20T08:21:52.432-0800][53862877ms] GC(652) Humongous regions: 5->5
[2023-12-20T08:21:52.432-0800][53862877ms] GC(652) Metaspace: 256234K->256234K(1294336K)
[2023-12-20T08:21:52.432-0800][53862877ms] GC(652) Pause Young (Normal) (G1 Evacuation Pause) 1894M->388M(2612M) 30.831ms
[2023-12-20T08:21:52.432-0800][53862877ms] GC(652) User=0.05s Sys=0.00s Real=0.03s
[2023-12-20T08:21:53.165-0800][53863610ms] GC(653) Pause Young (Normal) (G1 Evacuation Pause)
[2023-12-20T08:21:53.165-0800][53863610ms] GC(653) Using 10 workers of 10 for evacuation
[2023-12-20T08:21:53.194-0800][53863639ms] GC(653)   Pre Evacuate Collection Set: 0.0ms
[2023-12-20T08:21:53.194-0800][53863639ms] GC(653)   Evacuate Collection Set: 26.5ms
[2023-12-20T08:21:53.194-0800][53863639ms] GC(653)   Post Evacuate Collection Set: 2.5ms
[2023-12-20T08:21:53.194-0800][53863639ms] GC(653)   Other: 0.4ms
[2023-12-20T08:21:53.194-0800][53863639ms] GC(653) Eden regions: 753->0(752)
[2023-12-20T08:21:53.194-0800][53863639ms] GC(653) Survivor regions: 30->31(98)
[2023-12-20T08:21:53.194-0800][53863639ms] GC(653) Old regions: 160->160
[2023-12-20T08:21:53.194-0800][53863639ms] GC(653) Humongous regions: 5->5
[2023-12-20T08:21:53.194-0800][53863639ms] GC(653) Metaspace: 256234K->256234K(1294336K)
[2023-12-20T08:21:53.194-0800][53863639ms] GC(653) Pause Young (Normal) (G1 Evacuation Pause) 1894M->389M(2612M) 29.529ms
[2023-12-20T08:21:53.194-0800][53863639ms] GC(653) User=0.08s Sys=0.00s Real=0.03s
[2023-12-20T08:21:53.998-0800][53864443ms] GC(654) Pause Young (Normal) (G1 Evacuation Pause)
[2023-12-20T08:21:53.998-0800][53864443ms] GC(654) Using 10 workers of 10 for evacuation
[2023-12-20T08:21:54.029-0800][53864474ms] GC(654)   Pre Evacuate Collection Set: 0.0ms
[2023-12-20T08:21:54.029-0800][53864474ms] GC(654)   Evacuate Collection Set: 27.9ms
[2023-12-20T08:21:54.029-0800][53864474ms] GC(654)   Post Evacuate Collection Set: 2.5ms
[2023-12-20T08:21:54.029-0800][53864474ms] GC(654)   Other: 0.4ms
[2023-12-20T08:21:54.029-0800][53864474ms] GC(654) Eden regions: 752->0(752)
[2023-12-20T08:21:54.029-0800][53864474ms] GC(654) Survivor regions: 31->31(98)
[2023-12-20T08:21:54.029-0800][53864474ms] GC(654) Old regions: 160->160
[2023-12-20T08:21:54.029-0800][53864474ms] GC(654) Humongous regions: 5->5
[2023-12-20T08:21:54.029-0800][53864474ms] GC(654) Metaspace: 256234K->256234K(1294336K)
[2023-12-20T08:21:54.029-0800][53864474ms] GC(654) Pause Young (Normal) (G1 Evacuation Pause) 1893M->389M(2612M) 30.885ms
[2023-12-20T08:21:54.029-0800][53864474ms] GC(654) User=0.13s Sys=0.00s Real=0.03s
[2023-12-20T08:21:54.890-0800][53865335ms] GC(655) Pause Young (Normal) (G1 Evacuation Pause)
[2023-12-20T08:21:54.890-0800][53865335ms] GC(655) Using 10 workers of 10 for evacuation
[2023-12-20T08:21:54.922-0800][53865367ms] GC(655)   Pre Evacuate Collection Set: 0.0ms
[2023-12-20T08:21:54.922-0800][53865367ms] GC(655)   Evacuate Collection Set: 28.4ms
[2023-12-20T08:21:54.922-0800][53865367ms] GC(655)   Post Evacuate Collection Set: 3.3ms
[2023-12-20T08:21:54.922-0800][53865367ms] GC(655)   Other: 0.4ms
[2023-12-20T08:21:54.922-0800][53865367ms] GC(655) Eden regions: 752->0(752)
[2023-12-20T08:21:54.922-0800][53865367ms] GC(655) Survivor regions: 31->31(98)
[2023-12-20T08:21:54.922-0800][53865367ms] GC(655) Old regions: 160->160
[2023-12-20T08:21:54.922-0800][53865367ms] GC(655) Humongous regions: 5->5
[2023-12-20T08:21:54.922-0800][53865367ms] GC(655) Metaspace: 256234K->256234K(1294336K)
[2023-12-20T08:21:54.922-0800][53865367ms] GC(655) Pause Young (Normal) (G1 Evacuation Pause) 1893M->389M(2612M) 32.223ms
[2023-12-20T08:21:54.922-0800][53865367ms] GC(655) User=0.09s Sys=0.00s Real=0.03s
[2023-12-20T08:21:55.596-0800][53866041ms] GC(656) Pause Young (Normal) (G1 Evacuation Pause)
[2023-12-20T08:21:55.596-0800][53866041ms] GC(656) Using 10 workers of 10 for evacuation
[2023-12-20T08:21:55.627-0800][53866072ms] GC(656)   Pre Evacuate Collection Set: 0.0ms
[2023-12-20T08:21:55.627-0800][53866072ms] GC(656)   Evacuate Collection Set: 28.4ms
[2023-12-20T08:21:55.627-0800][53866072ms] GC(656)   Post Evacuate Collection Set: 2.6ms
[2023-12-20T08:21:55.627-0800][53866072ms] GC(656)   Other: 0.4ms
[2023-12-20T08:21:55.627-0800][53866072ms] GC(656) Eden regions: 752->0(753)
[2023-12-20T08:21:55.627-0800][53866072ms] GC(656) Survivor regions: 31->30(98)
[2023-12-20T08:21:55.627-0800][53866072ms] GC(656) Old regions: 160->160
[2023-12-20T08:21:55.627-0800][53866072ms] GC(656) Humongous regions: 5->5
[2023-12-20T08:21:55.627-0800][53866072ms] GC(656) Metaspace: 256234K->256234K(1294336K)
[2023-12-20T08:21:55.627-0800][53866072ms] GC(656) Pause Young (Normal) (G1 Evacuation Pause) 1893M->388M(2612M) 31.635ms
[2023-12-20T08:21:55.627-0800][53866072ms] GC(656) User=0.11s Sys=0.00s Real=0.03s
[2023-12-20T08:21:56.392-0800][53866837ms] GC(657) Pause Young (Normal) (G1 Evacuation Pause)
[2023-12-20T08:21:56.392-0800][53866837ms] GC(657) Using 10 workers of 10 for evacuation
[2023-12-20T08:21:56.422-0800][53866867ms] GC(657)   Pre Evacuate Collection Set: 0.0ms
[2023-12-20T08:21:56.422-0800][53866867ms] GC(657)   Evacuate Collection Set: 27.1ms
[2023-12-20T08:21:56.422-0800][53866867ms] GC(657)   Post Evacuate Collection Set: 2.7ms
[2023-12-20T08:21:56.422-0800][53866867ms] GC(657)   Other: 0.4ms
[2023-12-20T08:21:56.422-0800][53866867ms] GC(657) Eden regions: 753->0(753)
[2023-12-20T08:21:56.422-0800][53866867ms] GC(657) Survivor regions: 30->30(98)
[2023-12-20T08:21:56.422-0800][53866867ms] GC(657) Old regions: 160->160
[2023-12-20T08:21:56.422-0800][53866867ms] GC(657) Humongous regions: 5->5
[2023-12-20T08:21:56.422-0800][53866867ms] GC(657) Metaspace: 256234K->256234K(1294336K)
[2023-12-20T08:21:56.422-0800][53866867ms] GC(657) Pause Young (Normal) (G1 Evacuation Pause) 1894M->388M(2612M) 30.350ms
[2023-12-20T08:21:56.422-0800][53866867ms] GC(657) User=0.13s Sys=0.00s Real=0.03s
[2023-12-20T08:21:57.051-0800][53867496ms] GC(658) Pause Young (Normal) (G1 Evacuation Pause)
[2023-12-20T08:21:57.051-0800][53867496ms] GC(658) Using 10 workers of 10 for evacuation
[2023-12-20T08:21:57.083-0800][53867528ms] GC(658)   Pre Evacuate Collection Set: 0.0ms
[2023-12-20T08:21:57.083-0800][53867528ms] GC(658)   Evacuate Collection Set: 29.4ms
[2023-12-20T08:21:57.083-0800][53867528ms] GC(658)   Post Evacuate Collection Set: 2.4ms
[2023-12-20T08:21:57.083-0800][53867528ms] GC(658)   Other: 0.4ms
[2023-12-20T08:21:57.083-0800][53867528ms] GC(658) Eden regions: 753->0(753)
[2023-12-20T08:21:57.083-0800][53867528ms] GC(658) Survivor regions: 30->30(98)
[2023-12-20T08:21:57.083-0800][53867528ms] GC(658) Old regions: 160->160
[2023-12-20T08:21:57.083-0800][53867528ms] GC(658) Humongous regions: 5->5
[2023-12-20T08:21:57.083-0800][53867528ms] GC(658) Metaspace: 256234K->256234K(1294336K)
[2023-12-20T08:21:57.083-0800][53867528ms] GC(658) Pause Young (Normal) (G1 Evacuation Pause) 1894M->387M(2612M) 32.399ms
[2023-12-20T08:21:57.083-0800][53867528ms] GC(658) User=0.13s Sys=0.00s Real=0.03s
[2023-12-20T08:21:57.876-0800][53868321ms] GC(659) Pause Young (Normal) (G1 Evacuation Pause)
[2023-12-20T08:21:57.876-0800][53868321ms] GC(659) Using 10 workers of 10 for evacuation
[2023-12-20T08:21:57.904-0800][53868349ms] GC(659)   Pre Evacuate Collection Set: 0.0ms
[2023-12-20T08:21:57.905-0800][53868350ms] GC(659)   Evacuate Collection Set: 26.5ms
[2023-12-20T08:21:57.905-0800][53868350ms] GC(659)   Post Evacuate Collection Set: 2.4ms
[2023-12-20T08:21:57.905-0800][53868350ms] GC(659)   Other: 0.4ms
[2023-12-20T08:21:57.905-0800][53868350ms] GC(659) Eden regions: 753->0(753)
[2023-12-20T08:21:57.905-0800][53868350ms] GC(659) Survivor regions: 30->30(98)
[2023-12-20T08:21:57.905-0800][53868350ms] GC(659) Old regions: 160->160
[2023-12-20T08:21:57.905-0800][53868350ms] GC(659) Humongous regions: 5->5
[2023-12-20T08:21:57.905-0800][53868350ms] GC(659) Metaspace: 256234K->256234K(1294336K)
[2023-12-20T08:21:57.905-0800][53868350ms] GC(659) Pause Young (Normal) (G1 Evacuation Pause) 1893M->388M(2612M) 29.476ms
[2023-12-20T08:21:57.905-0800][53868350ms] GC(659) User=0.09s Sys=0.00s Real=0.03s
[2023-12-20T08:21:58.404-0800][53868849ms] GC(660) Pause Young (Normal) (G1 Evacuation Pause)
[2023-12-20T08:21:58.405-0800][53868850ms] GC(660) Using 10 workers of 10 for evacuation
[2023-12-20T08:21:58.434-0800][53868879ms] GC(660)   Pre Evacuate Collection Set: 0.0ms
[2023-12-20T08:21:58.434-0800][53868879ms] GC(660)   Evacuate Collection Set: 27.0ms
[2023-12-20T08:21:58.434-0800][53868879ms] GC(660)   Post Evacuate Collection Set: 2.6ms
[2023-12-20T08:21:58.434-0800][53868879ms] GC(660)   Other: 0.5ms
[2023-12-20T08:21:58.434-0800][53868879ms] GC(660) Eden regions: 753->0(754)
[2023-12-20T08:21:58.434-0800][53868879ms] GC(660) Survivor regions: 30->29(98)
[2023-12-20T08:21:58.434-0800][53868879ms] GC(660) Old regions: 160->160
[2023-12-20T08:21:58.434-0800][53868879ms] GC(660) Humongous regions: 5->5
[2023-12-20T08:21:58.434-0800][53868879ms] GC(660) Metaspace: 256234K->256234K(1294336K)
[2023-12-20T08:21:58.434-0800][53868879ms] GC(660) Pause Young (Normal) (G1 Evacuation Pause) 1894M->386M(2612M) 30.274ms
[2023-12-20T08:21:58.434-0800][53868879ms] GC(660) User=0.13s Sys=0.00s Real=0.03s
[2023-12-20T08:21:59.061-0800][53869506ms] GC(661) Pause Young (Normal) (G1 Evacuation Pause)
[2023-12-20T08:21:59.061-0800][53869506ms] GC(661) Using 10 workers of 10 for evacuation
[2023-12-20T08:21:59.093-0800][53869538ms] GC(661)   Pre Evacuate Collection Set: 0.0ms
[2023-12-20T08:21:59.093-0800][53869538ms] GC(661)   Evacuate Collection Set: 28.1ms
[2023-12-20T08:21:59.093-0800][53869538ms] GC(661)   Post Evacuate Collection Set: 3.2ms
[2023-12-20T08:21:59.093-0800][53869538ms] GC(661)   Other: 0.4ms
[2023-12-20T08:21:59.093-0800][53869538ms] GC(661) Eden regions: 754->0(753)
[2023-12-20T08:21:59.093-0800][53869538ms] GC(661) Survivor regions: 29->30(98)
[2023-12-20T08:21:59.093-0800][53869538ms] GC(661) Old regions: 160->160
[2023-12-20T08:21:59.093-0800][53869538ms] GC(661) Humongous regions: 5->5
[2023-12-20T08:21:59.093-0800][53869538ms] GC(661) Metaspace: 256234K->256234K(1294336K)
[2023-12-20T08:21:59.093-0800][53869538ms] GC(661) Pause Young (Normal) (G1 Evacuation Pause) 1894M->388M(2612M) 31.860ms
[2023-12-20T08:21:59.093-0800][53869538ms] GC(661) User=0.08s Sys=0.00s Real=0.03s
[2023-12-20T08:21:59.616-0800][53870061ms] GC(662) Pause Young (Normal) (G1 Evacuation Pause)
[2023-12-20T08:21:59.616-0800][53870061ms] GC(662) Using 10 workers of 10 for evacuation
[2023-12-20T08:21:59.645-0800][53870090ms] GC(662)   Pre Evacuate Collection Set: 0.0ms
[2023-12-20T08:21:59.645-0800][53870090ms] GC(662)   Evacuate Collection Set: 27.6ms
[2023-12-20T08:21:59.645-0800][53870090ms] GC(662)   Post Evacuate Collection Set: 2.6ms
[2023-12-20T08:21:59.645-0800][53870090ms] GC(662)   Other: 0.4ms
[2023-12-20T08:21:59.645-0800][53870090ms] GC(662) Eden regions: 753->0(753)
[2023-12-20T08:21:59.645-0800][53870090ms] GC(662) Survivor regions: 30->30(98)
[2023-12-20T08:21:59.645-0800][53870090ms] GC(662) Old regions: 160->160
[2023-12-20T08:21:59.645-0800][53870090ms] GC(662) Humongous regions: 5->5
[2023-12-20T08:21:59.647-0800][53870092ms] GC(662) Metaspace: 256237K->256237K(1294336K)
[2023-12-20T08:21:59.647-0800][53870092ms] GC(662) Pause Young (Normal) (G1 Evacuation Pause) 1894M->387M(2612M) 30.668ms
[2023-12-20T08:21:59.647-0800][53870092ms] GC(662) User=0.20s Sys=0.00s Real=0.03s
[2023-12-20T08:22:00.402-0800][53870847ms] GC(663) Pause Young (Normal) (G1 Evacuation Pause)
[2023-12-20T08:22:00.402-0800][53870847ms] GC(663) Using 10 workers of 10 for evacuation
[2023-12-20T08:22:00.431-0800][53870876ms] GC(663)   Pre Evacuate Collection Set: 0.0ms
[2023-12-20T08:22:00.431-0800][53870876ms] GC(663)   Evacuate Collection Set: 26.4ms
[2023-12-20T08:22:00.431-0800][53870876ms] GC(663)   Post Evacuate Collection Set: 2.4ms
[2023-12-20T08:22:00.431-0800][53870876ms] GC(663)   Other: 0.4ms
[2023-12-20T08:22:00.431-0800][53870876ms] GC(663) Eden regions: 753->0(753)
[2023-12-20T08:22:00.431-0800][53870876ms] GC(663) Survivor regions: 30->30(98)
[2023-12-20T08:22:00.431-0800][53870876ms] GC(663) Old regions: 160->160
[2023-12-20T08:22:00.431-0800][53870876ms] GC(663) Humongous regions: 5->5
[2023-12-20T08:22:00.431-0800][53870876ms] GC(663) Metaspace: 256237K->256237K(1294336K)
[2023-12-20T08:22:00.431-0800][53870876ms] GC(663) Pause Young (Normal) (G1 Evacuation Pause) 1893M->388M(2612M) 29.347ms
[2023-12-20T08:22:00.431-0800][53870876ms] GC(663) User=0.05s Sys=0.00s Real=0.03s
[2023-12-20T08:22:01.270-0800][53871715ms] GC(664) Pause Young (Normal) (G1 Evacuation Pause)
[2023-12-20T08:22:01.270-0800][53871715ms] GC(664) Using 10 workers of 10 for evacuation
[2023-12-20T08:22:01.301-0800][53871746ms] GC(664)   Pre Evacuate Collection Set: 0.1ms
[2023-12-20T08:22:01.301-0800][53871746ms] GC(664)   Evacuate Collection Set: 28.5ms
[2023-12-20T08:22:01.301-0800][53871746ms] GC(664)   Post Evacuate Collection Set: 2.5ms
[2023-12-20T08:22:01.301-0800][53871746ms] GC(664)   Other: 0.4ms
[2023-12-20T08:22:01.301-0800][53871746ms] GC(664) Eden regions: 753->0(753)
[2023-12-20T08:22:01.301-0800][53871746ms] GC(664) Survivor regions: 30->30(98)
[2023-12-20T08:22:01.301-0800][53871746ms] GC(664) Old regions: 160->160
[2023-12-20T08:22:01.301-0800][53871746ms] GC(664) Humongous regions: 5->5
[2023-12-20T08:22:01.301-0800][53871746ms] GC(664) Metaspace: 256237K->256237K(1294336K)
[2023-12-20T08:22:01.302-0800][53871747ms] GC(664) Pause Young (Normal) (G1 Evacuation Pause) 1894M->387M(2612M) 31.655ms
[2023-12-20T08:22:01.302-0800][53871747ms] GC(664) User=0.11s Sys=0.00s Real=0.03s
[2023-12-20T08:22:01.790-0800][53872235ms] GC(665) Pause Young (Normal) (G1 Evacuation Pause)
[2023-12-20T08:22:01.790-0800][53872235ms] GC(665) Using 10 workers of 10 for evacuation
[2023-12-20T08:22:01.818-0800][53872263ms] GC(665)   Pre Evacuate Collection Set: 0.1ms
[2023-12-20T08:22:01.818-0800][53872263ms] GC(665)   Evacuate Collection Set: 25.1ms
[2023-12-20T08:22:01.818-0800][53872263ms] GC(665)   Post Evacuate Collection Set: 2.5ms
[2023-12-20T08:22:01.818-0800][53872263ms] GC(665)   Other: 0.5ms
[2023-12-20T08:22:01.818-0800][53872263ms] GC(665) Eden regions: 753->0(752)
[2023-12-20T08:22:01.818-0800][53872263ms] GC(665) Survivor regions: 30->31(98)
[2023-12-20T08:22:01.818-0800][53872263ms] GC(665) Old regions: 160->160
[2023-12-20T08:22:01.818-0800][53872263ms] GC(665) Humongous regions: 5->5
[2023-12-20T08:22:01.818-0800][53872263ms] GC(665) Metaspace: 256237K->256237K(1294336K)
[2023-12-20T08:22:01.818-0800][53872263ms] GC(665) Pause Young (Normal) (G1 Evacuation Pause) 1893M->389M(2612M) 28.215ms
[2023-12-20T08:22:01.818-0800][53872263ms] GC(665) User=0.09s Sys=0.00s Real=0.03s
[2023-12-20T08:22:02.372-0800][53872817ms] GC(666) Pause Young (Normal) (G1 Evacuation Pause)
[2023-12-20T08:22:02.372-0800][53872817ms] GC(666) Using 10 workers of 10 for evacuation
[2023-12-20T08:22:02.401-0800][53872846ms] GC(666)   Pre Evacuate Collection Set: 0.0ms
[2023-12-20T08:22:02.401-0800][53872846ms] GC(666)   Evacuate Collection Set: 26.2ms
[2023-12-20T08:22:02.401-0800][53872846ms] GC(666)   Post Evacuate Collection Set: 2.5ms
[2023-12-20T08:22:02.401-0800][53872846ms] GC(666)   Other: 0.4ms
[2023-12-20T08:22:02.401-0800][53872846ms] GC(666) Eden regions: 752->0(753)
[2023-12-20T08:22:02.401-0800][53872846ms] GC(666) Survivor regions: 31->30(98)
[2023-12-20T08:22:02.401-0800][53872846ms] GC(666) Old regions: 160->160
[2023-12-20T08:22:02.401-0800][53872846ms] GC(666) Humongous regions: 5->5
[2023-12-20T08:22:02.401-0800][53872846ms] GC(666) Metaspace: 256237K->256237K(1294336K)
[2023-12-20T08:22:02.401-0800][53872846ms] GC(666) Pause Young (Normal) (G1 Evacuation Pause) 1893M->388M(2612M) 29.363ms
[2023-12-20T08:22:02.401-0800][53872846ms] GC(666) User=0.09s Sys=0.00s Real=0.03s
[2023-12-20T08:22:03.222-0800][53873667ms] GC(667) Pause Young (Normal) (G1 Evacuation Pause)
[2023-12-20T08:22:03.222-0800][53873667ms] GC(667) Using 10 workers of 10 for evacuation
[2023-12-20T08:22:03.252-0800][53873697ms] GC(667)   Pre Evacuate Collection Set: 0.0ms
[2023-12-20T08:22:03.252-0800][53873697ms] GC(667)   Evacuate Collection Set: 27.7ms
[2023-12-20T08:22:03.252-0800][53873697ms] GC(667)   Post Evacuate Collection Set: 2.5ms
[2023-12-20T08:22:03.252-0800][53873697ms] GC(667)   Other: 0.3ms
[2023-12-20T08:22:03.252-0800][53873697ms] GC(667) Eden regions: 753->0(753)
[2023-12-20T08:22:03.252-0800][53873697ms] GC(667) Survivor regions: 30->30(98)
[2023-12-20T08:22:03.252-0800][53873697ms] GC(667) Old regions: 160->160
[2023-12-20T08:22:03.252-0800][53873697ms] GC(667) Humongous regions: 5->5
[2023-12-20T08:22:03.252-0800][53873697ms] GC(667) Metaspace: 256237K->256237K(1294336K)
[2023-12-20T08:22:03.252-0800][53873697ms] GC(667) Pause Young (Normal) (G1 Evacuation Pause) 1894M->388M(2612M) 30.687ms
[2023-12-20T08:22:03.252-0800][53873697ms] GC(667) User=0.13s Sys=0.00s Real=0.03s
[2023-12-20T08:22:04.013-0800][53874458ms] GC(668) Pause Young (Normal) (G1 Evacuation Pause)
[2023-12-20T08:22:04.013-0800][53874458ms] GC(668) Using 10 workers of 10 for evacuation
[2023-12-20T08:22:04.043-0800][53874488ms] GC(668)   Pre Evacuate Collection Set: 0.0ms
[2023-12-20T08:22:04.043-0800][53874488ms] GC(668)   Evacuate Collection Set: 26.2ms
[2023-12-20T08:22:04.043-0800][53874488ms] GC(668)   Post Evacuate Collection Set: 2.5ms
[2023-12-20T08:22:04.043-0800][53874488ms] GC(668)   Other: 0.4ms
[2023-12-20T08:22:04.043-0800][53874488ms] GC(668) Eden regions: 753->0(753)
[2023-12-20T08:22:04.043-0800][53874488ms] GC(668) Survivor regions: 30->30(98)
[2023-12-20T08:22:04.043-0800][53874488ms] GC(668) Old regions: 160->160
[2023-12-20T08:22:04.043-0800][53874488ms] GC(668) Humongous regions: 5->5
[2023-12-20T08:22:04.043-0800][53874488ms] GC(668) Metaspace: 256237K->256237K(1294336K)
[2023-12-20T08:22:04.043-0800][53874488ms] GC(668) Pause Young (Normal) (G1 Evacuation Pause) 1894M->388M(2612M) 29.233ms
[2023-12-20T08:22:04.043-0800][53874488ms] GC(668) User=0.09s Sys=0.00s Real=0.03s
[2023-12-20T08:22:04.740-0800][53875185ms] GC(669) Pause Young (Normal) (G1 Evacuation Pause)
[2023-12-20T08:22:04.740-0800][53875185ms] GC(669) Using 10 workers of 10 for evacuation
[2023-12-20T08:22:04.770-0800][53875215ms] GC(669)   Pre Evacuate Collection Set: 0.0ms
[2023-12-20T08:22:04.770-0800][53875215ms] GC(669)   Evacuate Collection Set: 26.9ms
[2023-12-20T08:22:04.770-0800][53875215ms] GC(669)   Post Evacuate Collection Set: 2.6ms
[2023-12-20T08:22:04.770-0800][53875215ms] GC(669)   Other: 0.4ms
[2023-12-20T08:22:04.770-0800][53875215ms] GC(669) Eden regions: 753->0(753)
[2023-12-20T08:22:04.770-0800][53875215ms] GC(669) Survivor regions: 30->30(98)
[2023-12-20T08:22:04.770-0800][53875215ms] GC(669) Old regions: 160->160
[2023-12-20T08:22:04.770-0800][53875215ms] GC(669) Humongous regions: 5->5
[2023-12-20T08:22:04.770-0800][53875215ms] GC(669) Metaspace: 256238K->256238K(1294336K)
[2023-12-20T08:22:04.770-0800][53875215ms] GC(669) Pause Young (Normal) (G1 Evacuation Pause) 1894M->388M(2612M) 29.994ms
[2023-12-20T08:22:04.770-0800][53875215ms] GC(669) User=0.14s Sys=0.00s Real=0.03s
[2023-12-20T08:22:05.562-0800][53876007ms] GC(670) Pause Young (Normal) (G1 Evacuation Pause)
[2023-12-20T08:22:05.562-0800][53876007ms] GC(670) Using 10 workers of 10 for evacuation
[2023-12-20T08:22:05.590-0800][53876035ms] GC(670)   Pre Evacuate Collection Set: 0.0ms
[2023-12-20T08:22:05.590-0800][53876035ms] GC(670)   Evacuate Collection Set: 26.4ms
[2023-12-20T08:22:05.590-0800][53876035ms] GC(670)   Post Evacuate Collection Set: 2.4ms
[2023-12-20T08:22:05.590-0800][53876035ms] GC(670)   Other: 0.4ms
[2023-12-20T08:22:05.590-0800][53876035ms] GC(670) Eden regions: 753->0(753)
[2023-12-20T08:22:05.590-0800][53876035ms] GC(670) Survivor regions: 30->30(98)
[2023-12-20T08:22:05.590-0800][53876035ms] GC(670) Old regions: 160->160
[2023-12-20T08:22:05.590-0800][53876035ms] GC(670) Humongous regions: 5->5
[2023-12-20T08:22:05.590-0800][53876035ms] GC(670) Metaspace: 256238K->256238K(1294336K)
[2023-12-20T08:22:05.590-0800][53876035ms] GC(670) Pause Young (Normal) (G1 Evacuation Pause) 1894M->388M(2612M) 29.355ms
[2023-12-20T08:22:05.590-0800][53876035ms] GC(670) User=0.08s Sys=0.00s Real=0.03s
[2023-12-20T08:22:06.347-0800][53876792ms] GC(671) Pause Young (Normal) (G1 Evacuation Pause)
[2023-12-20T08:22:06.347-0800][53876792ms] GC(671) Using 10 workers of 10 for evacuation
[2023-12-20T08:22:06.375-0800][53876820ms] GC(671)   Pre Evacuate Collection Set: 0.0ms
[2023-12-20T08:22:06.375-0800][53876820ms] GC(671)   Evacuate Collection Set: 26.1ms
[2023-12-20T08:22:06.375-0800][53876820ms] GC(671)   Post Evacuate Collection Set: 2.4ms
[2023-12-20T08:22:06.375-0800][53876820ms] GC(671)   Other: 0.4ms
[2023-12-20T08:22:06.375-0800][53876820ms] GC(671) Eden regions: 753->0(753)
[2023-12-20T08:22:06.375-0800][53876820ms] GC(671) Survivor regions: 30->30(98)
[2023-12-20T08:22:06.375-0800][53876820ms] GC(671) Old regions: 160->160
[2023-12-20T08:22:06.375-0800][53876820ms] GC(671) Humongous regions: 5->5
[2023-12-20T08:22:06.375-0800][53876820ms] GC(671) Metaspace: 256238K->256238K(1294336K)
[2023-12-20T08:22:06.375-0800][53876820ms] GC(671) Pause Young (Normal) (G1 Evacuation Pause) 1894M->388M(2612M) 29.033ms
[2023-12-20T08:22:06.375-0800][53876820ms] GC(671) User=0.09s Sys=0.00s Real=0.03s
[2023-12-20T08:22:07.329-0800][53877774ms] GC(672) Pause Young (Normal) (GCLocker Initiated GC)
[2023-12-20T08:22:07.329-0800][53877774ms] GC(672) Using 10 workers of 10 for evacuation
[2023-12-20T08:22:07.361-0800][53877806ms] GC(672)   Pre Evacuate Collection Set: 0.0ms
[2023-12-20T08:22:07.361-0800][53877806ms] GC(672)   Evacuate Collection Set: 29.1ms
[2023-12-20T08:22:07.361-0800][53877806ms] GC(672)   Post Evacuate Collection Set: 3.2ms
[2023-12-20T08:22:07.361-0800][53877806ms] GC(672)   Other: 0.4ms
[2023-12-20T08:22:07.361-0800][53877806ms] GC(672) Eden regions: 754->0(753)
[2023-12-20T08:22:07.361-0800][53877806ms] GC(672) Survivor regions: 30->30(98)
[2023-12-20T08:22:07.361-0800][53877806ms] GC(672) Old regions: 160->160
[2023-12-20T08:22:07.361-0800][53877806ms] GC(672) Humongous regions: 5->5
[2023-12-20T08:22:07.361-0800][53877806ms] GC(672) Metaspace: 256238K->256238K(1294336K)
[2023-12-20T08:22:07.361-0800][53877806ms] GC(672) Pause Young (Normal) (GCLocker Initiated GC) 1895M->387M(2612M) 32.956ms
[2023-12-20T08:22:07.361-0800][53877806ms] GC(672) User=0.13s Sys=0.00s Real=0.03s
[2023-12-20T08:22:08.305-0800][53878750ms] GC(673) Pause Young (Normal) (GCLocker Initiated GC)
[2023-12-20T08:22:08.305-0800][53878750ms] GC(673) Using 10 workers of 10 for evacuation
[2023-12-20T08:22:08.341-0800][53878786ms] GC(673)   Pre Evacuate Collection Set: 0.0ms
[2023-12-20T08:22:08.341-0800][53878786ms] GC(673)   Evacuate Collection Set: 30.3ms
[2023-12-20T08:22:08.341-0800][53878786ms] GC(673)   Post Evacuate Collection Set: 6.0ms
[2023-12-20T08:22:08.341-0800][53878786ms] GC(673)   Other: 0.5ms
[2023-12-20T08:22:08.341-0800][53878786ms] GC(673) Eden regions: 754->0(753)
[2023-12-20T08:22:08.341-0800][53878786ms] GC(673) Survivor regions: 30->30(98)
[2023-12-20T08:22:08.341-0800][53878786ms] GC(673) Old regions: 160->160
[2023-12-20T08:22:08.341-0800][53878786ms] GC(673) Humongous regions: 5->5
[2023-12-20T08:22:08.341-0800][53878786ms] GC(673) Metaspace: 256238K->256238K(1294336K)
[2023-12-20T08:22:08.341-0800][53878786ms] GC(673) Pause Young (Normal) (GCLocker Initiated GC) 1894M->388M(2612M) 37.026ms
[2023-12-20T08:22:08.341-0800][53878786ms] GC(673) User=0.11s Sys=0.00s Real=0.04s
[2023-12-20T08:22:09.169-0800][53879614ms] GC(674) Pause Young (Normal) (GCLocker Initiated GC)
[2023-12-20T08:22:09.169-0800][53879614ms] GC(674) Using 10 workers of 10 for evacuation
[2023-12-20T08:22:09.201-0800][53879646ms] GC(674)   Pre Evacuate Collection Set: 0.0ms
[2023-12-20T08:22:09.201-0800][53879646ms] GC(674)   Evacuate Collection Set: 29.1ms
[2023-12-20T08:22:09.201-0800][53879646ms] GC(674)   Post Evacuate Collection Set: 2.4ms
[2023-12-20T08:22:09.201-0800][53879646ms] GC(674)   Other: 0.4ms
[2023-12-20T08:22:09.201-0800][53879646ms] GC(674) Eden regions: 753->0(753)
[2023-12-20T08:22:09.201-0800][53879646ms] GC(674) Survivor regions: 30->30(98)
[2023-12-20T08:22:09.201-0800][53879646ms] GC(674) Old regions: 160->160
[2023-12-20T08:22:09.201-0800][53879646ms] GC(674) Humongous regions: 5->5
[2023-12-20T08:22:09.201-0800][53879646ms] GC(674) Metaspace: 256238K->256238K(1294336K)
[2023-12-20T08:22:09.201-0800][53879646ms] GC(674) Pause Young (Normal) (GCLocker Initiated GC) 1894M->388M(2612M) 32.081ms
[2023-12-20T08:22:09.201-0800][53879646ms] GC(674) User=0.06s Sys=0.00s Real=0.03s
[2023-12-20T08:22:09.991-0800][53880436ms] GC(675) Pause Young (Normal) (G1 Evacuation Pause)
[2023-12-20T08:22:09.991-0800][53880436ms] GC(675) Using 10 workers of 10 for evacuation
[2023-12-20T08:22:10.020-0800][53880465ms] GC(675)   Pre Evacuate Collection Set: 0.0ms
[2023-12-20T08:22:10.020-0800][53880465ms] GC(675)   Evacuate Collection Set: 27.2ms
[2023-12-20T08:22:10.020-0800][53880465ms] GC(675)   Post Evacuate Collection Set: 2.6ms
[2023-12-20T08:22:10.020-0800][53880465ms] GC(675)   Other: 0.4ms
[2023-12-20T08:22:10.020-0800][53880465ms] GC(675) Eden regions: 753->0(753)
[2023-12-20T08:22:10.020-0800][53880465ms] GC(675) Survivor regions: 30->30(98)
[2023-12-20T08:22:10.020-0800][53880465ms] GC(675) Old regions: 160->160
[2023-12-20T08:22:10.020-0800][53880465ms] GC(675) Humongous regions: 5->5
[2023-12-20T08:22:10.020-0800][53880465ms] GC(675) Metaspace: 256238K->256238K(1294336K)
[2023-12-20T08:22:10.020-0800][53880465ms] GC(675) Pause Young (Normal) (G1 Evacuation Pause) 1894M->387M(2612M) 30.293ms
[2023-12-20T08:22:10.020-0800][53880465ms] GC(675) User=0.20s Sys=0.00s Real=0.03s
[2023-12-20T08:22:10.859-0800][53881304ms] GC(676) Pause Young (Normal) (G1 Evacuation Pause)
[2023-12-20T08:22:10.859-0800][53881304ms] GC(676) Using 10 workers of 10 for evacuation
[2023-12-20T08:22:10.888-0800][53881333ms] GC(676)   Pre Evacuate Collection Set: 0.0ms
[2023-12-20T08:22:10.888-0800][53881333ms] GC(676)   Evacuate Collection Set: 26.3ms
[2023-12-20T08:22:10.888-0800][53881333ms] GC(676)   Post Evacuate Collection Set: 2.3ms
[2023-12-20T08:22:10.888-0800][53881333ms] GC(676)   Other: 0.4ms
[2023-12-20T08:22:10.888-0800][53881333ms] GC(676) Eden regions: 753->0(753)
[2023-12-20T08:22:10.888-0800][53881333ms] GC(676) Survivor regions: 30->30(98)
[2023-12-20T08:22:10.888-0800][53881333ms] GC(676) Old regions: 160->160
[2023-12-20T08:22:10.888-0800][53881333ms] GC(676) Humongous regions: 5->5
[2023-12-20T08:22:10.888-0800][53881333ms] GC(676) Metaspace: 256238K->256238K(1294336K)
[2023-12-20T08:22:10.888-0800][53881333ms] GC(676) Pause Young (Normal) (G1 Evacuation Pause) 1893M->388M(2612M) 29.094ms
[2023-12-20T08:22:10.888-0800][53881333ms] GC(676) User=0.06s Sys=0.00s Real=0.03s
[2023-12-20T08:22:11.706-0800][53882151ms] GC(677) Pause Young (Normal) (G1 Evacuation Pause)
[2023-12-20T08:22:11.706-0800][53882151ms] GC(677) Using 10 workers of 10 for evacuation
[2023-12-20T08:22:11.740-0800][53882185ms] GC(677)   Pre Evacuate Collection Set: 0.0ms
[2023-12-20T08:22:11.740-0800][53882185ms] GC(677)   Evacuate Collection Set: 30.0ms
[2023-12-20T08:22:11.740-0800][53882185ms] GC(677)   Post Evacuate Collection Set: 2.5ms
[2023-12-20T08:22:11.740-0800][53882185ms] GC(677)   Other: 0.4ms
[2023-12-20T08:22:11.740-0800][53882185ms] GC(677) Eden regions: 753->0(753)
[2023-12-20T08:22:11.740-0800][53882185ms] GC(677) Survivor regions: 30->30(98)
[2023-12-20T08:22:11.740-0800][53882185ms] GC(677) Old regions: 160->160
[2023-12-20T08:22:11.740-0800][53882185ms] GC(677) Humongous regions: 5->5
[2023-12-20T08:22:11.740-0800][53882185ms] GC(677) Metaspace: 256238K->256238K(1294336K)
[2023-12-20T08:22:11.740-0800][53882185ms] GC(677) Pause Young (Normal) (G1 Evacuation Pause) 1894M->389M(2612M) 32.959ms
[2023-12-20T08:22:11.740-0800][53882185ms] GC(677) User=0.14s Sys=0.00s Real=0.03s
[2023-12-20T08:22:12.592-0800][53883037ms] GC(678) Pause Young (Normal) (GCLocker Initiated GC)
[2023-12-20T08:22:12.592-0800][53883037ms] GC(678) Using 10 workers of 10 for evacuation
[2023-12-20T08:22:12.623-0800][53883068ms] GC(678)   Pre Evacuate Collection Set: 0.0ms
[2023-12-20T08:22:12.623-0800][53883068ms] GC(678)   Evacuate Collection Set: 29.3ms
[2023-12-20T08:22:12.623-0800][53883068ms] GC(678)   Post Evacuate Collection Set: 2.4ms
[2023-12-20T08:22:12.623-0800][53883068ms] GC(678)   Other: 0.4ms
[2023-12-20T08:22:12.623-0800][53883068ms] GC(678) Eden regions: 753->0(753)
[2023-12-20T08:22:12.623-0800][53883068ms] GC(678) Survivor regions: 30->30(98)
[2023-12-20T08:22:12.623-0800][53883068ms] GC(678) Old regions: 160->160
[2023-12-20T08:22:12.623-0800][53883068ms] GC(678) Humongous regions: 5->5
[2023-12-20T08:22:12.623-0800][53883068ms] GC(678) Metaspace: 256238K->256238K(1294336K)
[2023-12-20T08:22:12.623-0800][53883068ms] GC(678) Pause Young (Normal) (GCLocker Initiated GC) 1895M->388M(2612M) 32.203ms
[2023-12-20T08:22:12.623-0800][53883068ms] GC(678) User=0.11s Sys=0.00s Real=0.03s
[2023-12-20T08:22:13.643-0800][53884088ms] GC(679) Pause Young (Normal) (G1 Evacuation Pause)
[2023-12-20T08:22:13.643-0800][53884088ms] GC(679) Using 10 workers of 10 for evacuation
[2023-12-20T08:22:13.677-0800][53884122ms] GC(679)   Pre Evacuate Collection Set: 0.0ms
[2023-12-20T08:22:13.677-0800][53884122ms] GC(679)   Evacuate Collection Set: 30.5ms
[2023-12-20T08:22:13.677-0800][53884122ms] GC(679)   Post Evacuate Collection Set: 2.7ms
[2023-12-20T08:22:13.677-0800][53884122ms] GC(679)   Other: 0.4ms
[2023-12-20T08:22:13.677-0800][53884122ms] GC(679) Eden regions: 753->0(754)
[2023-12-20T08:22:13.677-0800][53884122ms] GC(679) Survivor regions: 30->29(98)
[2023-12-20T08:22:13.677-0800][53884122ms] GC(679) Old regions: 160->160
[2023-12-20T08:22:13.677-0800][53884122ms] GC(679) Humongous regions: 5->5
[2023-12-20T08:22:13.677-0800][53884122ms] GC(679) Metaspace: 256238K->256238K(1294336K)
[2023-12-20T08:22:13.677-0800][53884122ms] GC(679) Pause Young (Normal) (G1 Evacuation Pause) 1894M->386M(2612M) 33.746ms
[2023-12-20T08:22:13.677-0800][53884122ms] GC(679) User=0.17s Sys=0.00s Real=0.03s
[2023-12-20T08:22:14.539-0800][53884984ms] GC(680) Pause Young (Normal) (GCLocker Initiated GC)
[2023-12-20T08:22:14.539-0800][53884984ms] GC(680) Using 10 workers of 10 for evacuation
[2023-12-20T08:22:14.569-0800][53885014ms] GC(680)   Pre Evacuate Collection Set: 0.0ms
[2023-12-20T08:22:14.569-0800][53885014ms] GC(680)   Evacuate Collection Set: 27.5ms
[2023-12-20T08:22:14.569-0800][53885014ms] GC(680)   Post Evacuate Collection Set: 2.6ms
[2023-12-20T08:22:14.569-0800][53885014ms] GC(680)   Other: 0.3ms
[2023-12-20T08:22:14.569-0800][53885014ms] GC(680) Eden regions: 754->0(753)
[2023-12-20T08:22:14.569-0800][53885014ms] GC(680) Survivor regions: 29->30(98)
[2023-12-20T08:22:14.569-0800][53885014ms] GC(680) Old regions: 160->160
[2023-12-20T08:22:14.569-0800][53885014ms] GC(680) Humongous regions: 5->5
[2023-12-20T08:22:14.569-0800][53885014ms] GC(680) Metaspace: 256245K->256245K(1294336K)
[2023-12-20T08:22:14.569-0800][53885014ms] GC(680) Pause Young (Normal) (GCLocker Initiated GC) 1894M->389M(2612M) 30.556ms
[2023-12-20T08:22:14.569-0800][53885014ms] GC(680) User=0.05s Sys=0.00s Real=0.03s
[2023-12-20T08:22:15.404-0800][53885849ms] GC(681) Pause Young (Normal) (GCLocker Initiated GC)
[2023-12-20T08:22:15.404-0800][53885849ms] GC(681) Using 10 workers of 10 for evacuation
[2023-12-20T08:22:15.438-0800][53885883ms] GC(681)   Pre Evacuate Collection Set: 0.0ms
[2023-12-20T08:22:15.438-0800][53885883ms] GC(681)   Evacuate Collection Set: 29.4ms
[2023-12-20T08:22:15.438-0800][53885883ms] GC(681)   Post Evacuate Collection Set: 3.9ms
[2023-12-20T08:22:15.438-0800][53885883ms] GC(681)   Other: 0.4ms
[2023-12-20T08:22:15.438-0800][53885883ms] GC(681) Eden regions: 754->0(753)
[2023-12-20T08:22:15.438-0800][53885883ms] GC(681) Survivor regions: 30->30(98)
[2023-12-20T08:22:15.438-0800][53885883ms] GC(681) Old regions: 160->160
[2023-12-20T08:22:15.438-0800][53885883ms] GC(681) Humongous regions: 5->5
[2023-12-20T08:22:15.438-0800][53885883ms] GC(681) Metaspace: 256249K->256249K(1294336K)
[2023-12-20T08:22:15.438-0800][53885883ms] GC(681) Pause Young (Normal) (GCLocker Initiated GC) 1896M->388M(2612M) 33.921ms
[2023-12-20T08:22:15.438-0800][53885883ms] GC(681) User=0.23s Sys=0.00s Real=0.03s
[2023-12-20T08:22:16.251-0800][53886696ms] GC(682) Pause Young (Normal) (G1 Evacuation Pause)
[2023-12-20T08:22:16.251-0800][53886696ms] GC(682) Using 10 workers of 10 for evacuation
[2023-12-20T08:22:16.282-0800][53886727ms] GC(682)   Pre Evacuate Collection Set: 0.1ms
[2023-12-20T08:22:16.282-0800][53886727ms] GC(682)   Evacuate Collection Set: 27.7ms
[2023-12-20T08:22:16.282-0800][53886727ms] GC(682)   Post Evacuate Collection Set: 2.7ms
[2023-12-20T08:22:16.282-0800][53886727ms] GC(682)   Other: 0.4ms
[2023-12-20T08:22:16.282-0800][53886727ms] GC(682) Eden regions: 753->0(753)
[2023-12-20T08:22:16.282-0800][53886727ms] GC(682) Survivor regions: 30->30(98)
[2023-12-20T08:22:16.282-0800][53886727ms] GC(682) Old regions: 160->160
[2023-12-20T08:22:16.282-0800][53886727ms] GC(682) Humongous regions: 5->5
[2023-12-20T08:22:16.282-0800][53886727ms] GC(682) Metaspace: 256252K->256252K(1294336K)
[2023-12-20T08:22:16.282-0800][53886727ms] GC(682) Pause Young (Normal) (G1 Evacuation Pause) 1894M->389M(2612M) 31.053ms
[2023-12-20T08:22:16.282-0800][53886727ms] GC(682) User=0.09s Sys=0.00s Real=0.03s
[2023-12-20T08:22:17.070-0800][53887515ms] GC(683) Pause Young (Normal) (G1 Evacuation Pause)
[2023-12-20T08:22:17.070-0800][53887515ms] GC(683) Using 10 workers of 10 for evacuation
[2023-12-20T08:22:17.102-0800][53887547ms] GC(683)   Pre Evacuate Collection Set: 0.0ms
[2023-12-20T08:22:17.102-0800][53887547ms] GC(683)   Evacuate Collection Set: 28.7ms
[2023-12-20T08:22:17.102-0800][53887547ms] GC(683)   Post Evacuate Collection Set: 2.3ms
[2023-12-20T08:22:17.102-0800][53887547ms] GC(683)   Other: 0.4ms
[2023-12-20T08:22:17.102-0800][53887547ms] GC(683) Eden regions: 753->0(754)
[2023-12-20T08:22:17.102-0800][53887547ms] GC(683) Survivor regions: 30->29(98)
[2023-12-20T08:22:17.102-0800][53887547ms] GC(683) Old regions: 160->160
[2023-12-20T08:22:17.102-0800][53887547ms] GC(683) Humongous regions: 5->5
[2023-12-20T08:22:17.102-0800][53887547ms] GC(683) Metaspace: 256252K->256252K(1294336K)
[2023-12-20T08:22:17.102-0800][53887547ms] GC(683) Pause Young (Normal) (G1 Evacuation Pause) 1895M->387M(2612M) 31.488ms
[2023-12-20T08:22:17.102-0800][53887547ms] GC(683) User=0.09s Sys=0.00s Real=0.03s
[2023-12-20T08:22:17.847-0800][53888292ms] GC(684) Pause Young (Normal) (G1 Evacuation Pause)
[2023-12-20T08:22:17.847-0800][53888292ms] GC(684) Using 10 workers of 10 for evacuation
[2023-12-20T08:22:17.877-0800][53888322ms] GC(684)   Pre Evacuate Collection Set: 0.1ms
[2023-12-20T08:22:17.877-0800][53888322ms] GC(684)   Evacuate Collection Set: 26.5ms
[2023-12-20T08:22:17.877-0800][53888322ms] GC(684)   Post Evacuate Collection Set: 2.5ms
[2023-12-20T08:22:17.877-0800][53888322ms] GC(684)   Other: 0.4ms
[2023-12-20T08:22:17.877-0800][53888322ms] GC(684) Eden regions: 754->0(753)
[2023-12-20T08:22:17.877-0800][53888322ms] GC(684) Survivor regions: 29->30(98)
[2023-12-20T08:22:17.877-0800][53888322ms] GC(684) Old regions: 160->160
[2023-12-20T08:22:17.877-0800][53888322ms] GC(684) Humongous regions: 5->5
[2023-12-20T08:22:17.877-0800][53888322ms] GC(684) Metaspace: 256252K->256252K(1294336K)
[2023-12-20T08:22:17.877-0800][53888322ms] GC(684) Pause Young (Normal) (G1 Evacuation Pause) 1895M->389M(2612M) 29.605ms
[2023-12-20T08:22:17.877-0800][53888322ms] GC(684) User=0.13s Sys=0.00s Real=0.03s
[2023-12-20T08:22:18.637-0800][53889082ms] GC(685) Pause Young (Normal) (G1 Evacuation Pause)
[2023-12-20T08:22:18.637-0800][53889082ms] GC(685) Using 10 workers of 10 for evacuation
[2023-12-20T08:22:18.667-0800][53889112ms] GC(685)   Pre Evacuate Collection Set: 0.0ms
[2023-12-20T08:22:18.667-0800][53889112ms] GC(685)   Evacuate Collection Set: 27.6ms
[2023-12-20T08:22:18.667-0800][53889112ms] GC(685)   Post Evacuate Collection Set: 2.6ms
[2023-12-20T08:22:18.667-0800][53889112ms] GC(685)   Other: 0.5ms
[2023-12-20T08:22:18.667-0800][53889112ms] GC(685) Eden regions: 753->0(753)
[2023-12-20T08:22:18.667-0800][53889112ms] GC(685) Survivor regions: 30->30(98)
[2023-12-20T08:22:18.667-0800][53889112ms] GC(685) Old regions: 160->160
[2023-12-20T08:22:18.667-0800][53889112ms] GC(685) Humongous regions: 5->5
[2023-12-20T08:22:18.667-0800][53889112ms] GC(685) Metaspace: 256252K->256252K(1294336K)
[2023-12-20T08:22:18.667-0800][53889112ms] GC(685) Pause Young (Normal) (G1 Evacuation Pause) 1895M->388M(2612M) 31.026ms
[2023-12-20T08:22:18.667-0800][53889112ms] GC(685) User=0.11s Sys=0.00s Real=0.03s
[2023-12-20T08:22:19.416-0800][53889861ms] GC(686) Pause Young (Normal) (G1 Evacuation Pause)
[2023-12-20T08:22:19.416-0800][53889861ms] GC(686) Using 10 workers of 10 for evacuation
[2023-12-20T08:22:19.446-0800][53889891ms] GC(686)   Pre Evacuate Collection Set: 0.0ms
[2023-12-20T08:22:19.446-0800][53889891ms] GC(686)   Evacuate Collection Set: 26.8ms
[2023-12-20T08:22:19.446-0800][53889891ms] GC(686)   Post Evacuate Collection Set: 2.3ms
[2023-12-20T08:22:19.446-0800][53889891ms] GC(686)   Other: 0.4ms
[2023-12-20T08:22:19.446-0800][53889891ms] GC(686) Eden regions: 753->0(753)
[2023-12-20T08:22:19.446-0800][53889891ms] GC(686) Survivor regions: 30->30(98)
[2023-12-20T08:22:19.446-0800][53889891ms] GC(686) Old regions: 160->160
[2023-12-20T08:22:19.446-0800][53889891ms] GC(686) Humongous regions: 5->5
[2023-12-20T08:22:19.446-0800][53889891ms] GC(686) Metaspace: 256252K->256252K(1294336K)
[2023-12-20T08:22:19.446-0800][53889891ms] GC(686) Pause Young (Normal) (G1 Evacuation Pause) 1894M->389M(2612M) 29.721ms
[2023-12-20T08:22:19.446-0800][53889891ms] GC(686) User=0.06s Sys=0.00s Real=0.03s
[2023-12-20T08:22:20.153-0800][53890598ms] GC(687) Pause Young (Normal) (G1 Evacuation Pause)
[2023-12-20T08:22:20.153-0800][53890598ms] GC(687) Using 10 workers of 10 for evacuation
[2023-12-20T08:22:20.184-0800][53890629ms] GC(687)   Pre Evacuate Collection Set: 0.0ms
[2023-12-20T08:22:20.184-0800][53890629ms] GC(687)   Evacuate Collection Set: 27.1ms
[2023-12-20T08:22:20.184-0800][53890629ms] GC(687)   Post Evacuate Collection Set: 2.5ms
[2023-12-20T08:22:20.184-0800][53890629ms] GC(687)   Other: 0.4ms
[2023-12-20T08:22:20.184-0800][53890629ms] GC(687) Eden regions: 753->0(753)
[2023-12-20T08:22:20.184-0800][53890629ms] GC(687) Survivor regions: 30->30(98)
[2023-12-20T08:22:20.184-0800][53890629ms] GC(687) Old regions: 160->160
[2023-12-20T08:22:20.184-0800][53890629ms] GC(687) Humongous regions: 5->5
[2023-12-20T08:22:20.184-0800][53890629ms] GC(687) Metaspace: 256252K->256252K(1294336K)
[2023-12-20T08:22:20.184-0800][53890629ms] GC(687) Pause Young (Normal) (G1 Evacuation Pause) 1895M->388M(2612M) 30.071ms
[2023-12-20T08:22:20.184-0800][53890629ms] GC(687) User=0.11s Sys=0.00s Real=0.03s
[2023-12-20T08:22:20.919-0800][53891364ms] GC(688) Pause Young (Normal) (G1 Evacuation Pause)
[2023-12-20T08:22:20.919-0800][53891364ms] GC(688) Using 10 workers of 10 for evacuation
[2023-12-20T08:22:20.948-0800][53891393ms] GC(688)   Pre Evacuate Collection Set: 0.0ms
[2023-12-20T08:22:20.948-0800][53891393ms] GC(688)   Evacuate Collection Set: 26.5ms
[2023-12-20T08:22:20.948-0800][53891393ms] GC(688)   Post Evacuate Collection Set: 2.3ms
[2023-12-20T08:22:20.948-0800][53891393ms] GC(688)   Other: 0.4ms
[2023-12-20T08:22:20.948-0800][53891393ms] GC(688) Eden regions: 753->0(753)
[2023-12-20T08:22:20.948-0800][53891393ms] GC(688) Survivor regions: 30->30(98)
[2023-12-20T08:22:20.948-0800][53891393ms] GC(688) Old regions: 160->160
[2023-12-20T08:22:20.948-0800][53891393ms] GC(688) Humongous regions: 5->5
[2023-12-20T08:22:20.948-0800][53891393ms] GC(688) Metaspace: 256252K->256252K(1294336K)
[2023-12-20T08:22:20.948-0800][53891393ms] GC(688) Pause Young (Normal) (G1 Evacuation Pause) 1894M->389M(2612M) 29.296ms
[2023-12-20T08:22:20.948-0800][53891393ms] GC(688) User=0.14s Sys=0.00s Real=0.03s
[2023-12-20T08:22:21.677-0800][53892122ms] GC(689) Pause Young (Normal) (G1 Evacuation Pause)
[2023-12-20T08:22:21.677-0800][53892122ms] GC(689) Using 10 workers of 10 for evacuation
[2023-12-20T08:22:21.708-0800][53892153ms] GC(689)   Pre Evacuate Collection Set: 0.0ms
[2023-12-20T08:22:21.708-0800][53892153ms] GC(689)   Evacuate Collection Set: 27.2ms
[2023-12-20T08:22:21.708-0800][53892153ms] GC(689)   Post Evacuate Collection Set: 2.9ms
[2023-12-20T08:22:21.708-0800][53892153ms] GC(689)   Other: 0.4ms
[2023-12-20T08:22:21.708-0800][53892153ms] GC(689) Eden regions: 753->0(753)
[2023-12-20T08:22:21.708-0800][53892153ms] GC(689) Survivor regions: 30->30(98)
[2023-12-20T08:22:21.708-0800][53892153ms] GC(689) Old regions: 160->160
[2023-12-20T08:22:21.708-0800][53892153ms] GC(689) Humongous regions: 5->5
[2023-12-20T08:22:21.708-0800][53892153ms] GC(689) Metaspace: 256252K->256252K(1294336K)
[2023-12-20T08:22:21.708-0800][53892153ms] GC(689) Pause Young (Normal) (G1 Evacuation Pause) 1895M->388M(2612M) 30.606ms
[2023-12-20T08:22:21.708-0800][53892153ms] GC(689) User=0.16s Sys=0.00s Real=0.03s
[2023-12-20T08:22:22.439-0800][53892884ms] GC(690) Pause Young (Normal) (G1 Evacuation Pause)
[2023-12-20T08:22:22.439-0800][53892884ms] GC(690) Using 10 workers of 10 for evacuation
[2023-12-20T08:22:22.469-0800][53892914ms] GC(690)   Pre Evacuate Collection Set: 0.0ms
[2023-12-20T08:22:22.469-0800][53892914ms] GC(690)   Evacuate Collection Set: 27.6ms
[2023-12-20T08:22:22.470-0800][53892915ms] GC(690)   Post Evacuate Collection Set: 2.8ms
[2023-12-20T08:22:22.470-0800][53892915ms] GC(690)   Other: 0.4ms
[2023-12-20T08:22:22.470-0800][53892915ms] GC(690) Eden regions: 753->0(753)
[2023-12-20T08:22:22.470-0800][53892915ms] GC(690) Survivor regions: 30->30(98)
[2023-12-20T08:22:22.470-0800][53892915ms] GC(690) Old regions: 160->160
[2023-12-20T08:22:22.470-0800][53892915ms] GC(690) Humongous regions: 5->5
[2023-12-20T08:22:22.470-0800][53892915ms] GC(690) Metaspace: 256252K->256252K(1294336K)
[2023-12-20T08:22:22.470-0800][53892915ms] GC(690) Pause Young (Normal) (G1 Evacuation Pause) 1894M->389M(2612M) 30.952ms
[2023-12-20T08:22:22.470-0800][53892915ms] GC(690) User=0.13s Sys=0.00s Real=0.03s
[2023-12-20T08:22:23.156-0800][53893601ms] GC(691) Pause Young (Normal) (G1 Evacuation Pause)
[2023-12-20T08:22:23.156-0800][53893601ms] GC(691) Using 10 workers of 10 for evacuation
[2023-12-20T08:22:23.187-0800][53893632ms] GC(691)   Pre Evacuate Collection Set: 0.0ms
[2023-12-20T08:22:23.187-0800][53893632ms] GC(691)   Evacuate Collection Set: 28.3ms
[2023-12-20T08:22:23.187-0800][53893632ms] GC(691)   Post Evacuate Collection Set: 2.5ms
[2023-12-20T08:22:23.187-0800][53893632ms] GC(691)   Other: 0.4ms
[2023-12-20T08:22:23.187-0800][53893632ms] GC(691) Eden regions: 753->0(753)
[2023-12-20T08:22:23.187-0800][53893632ms] GC(691) Survivor regions: 30->30(98)
[2023-12-20T08:22:23.187-0800][53893632ms] GC(691) Old regions: 160->160
[2023-12-20T08:22:23.187-0800][53893632ms] GC(691) Humongous regions: 5->5
[2023-12-20T08:22:23.187-0800][53893632ms] GC(691) Metaspace: 256252K->256252K(1294336K)
[2023-12-20T08:22:23.187-0800][53893632ms] GC(691) Pause Young (Normal) (G1 Evacuation Pause) 1895M->388M(2612M) 31.362ms
[2023-12-20T08:22:23.187-0800][53893632ms] GC(691) User=0.05s Sys=0.00s Real=0.03s
[2023-12-20T08:22:24.161-0800][53894606ms] GC(692) Pause Young (Normal) (G1 Evacuation Pause)
[2023-12-20T08:22:24.161-0800][53894606ms] GC(692) Using 10 workers of 10 for evacuation
[2023-12-20T08:22:24.191-0800][53894636ms] GC(692)   Pre Evacuate Collection Set: 0.0ms
[2023-12-20T08:22:24.191-0800][53894636ms] GC(692)   Evacuate Collection Set: 26.8ms
[2023-12-20T08:22:24.191-0800][53894636ms] GC(692)   Post Evacuate Collection Set: 2.2ms
[2023-12-20T08:22:24.191-0800][53894636ms] GC(692)   Other: 0.3ms
[2023-12-20T08:22:24.191-0800][53894636ms] GC(692) Eden regions: 753->0(753)
[2023-12-20T08:22:24.191-0800][53894636ms] GC(692) Survivor regions: 30->30(98)
[2023-12-20T08:22:24.191-0800][53894636ms] GC(692) Old regions: 160->160
[2023-12-20T08:22:24.191-0800][53894636ms] GC(692) Humongous regions: 5->5
[2023-12-20T08:22:24.191-0800][53894636ms] GC(692) Metaspace: 256252K->256252K(1294336K)
[2023-12-20T08:22:24.191-0800][53894636ms] GC(692) Pause Young (Normal) (G1 Evacuation Pause) 1894M->388M(2612M) 29.430ms
[2023-12-20T08:22:24.191-0800][53894636ms] GC(692) User=0.14s Sys=0.00s Real=0.03s
[2023-12-20T08:22:24.973-0800][53895418ms] GC(693) Pause Young (Normal) (G1 Evacuation Pause)
[2023-12-20T08:22:24.973-0800][53895418ms] GC(693) Using 10 workers of 10 for evacuation
[2023-12-20T08:22:25.004-0800][53895449ms] GC(693)   Pre Evacuate Collection Set: 0.0ms
[2023-12-20T08:22:25.004-0800][53895449ms] GC(693)   Evacuate Collection Set: 27.3ms
[2023-12-20T08:22:25.004-0800][53895449ms] GC(693)   Post Evacuate Collection Set: 2.4ms
[2023-12-20T08:22:25.004-0800][53895449ms] GC(693)   Other: 0.3ms
[2023-12-20T08:22:25.004-0800][53895449ms] GC(693) Eden regions: 753->0(753)
[2023-12-20T08:22:25.004-0800][53895449ms] GC(693) Survivor regions: 30->30(98)
[2023-12-20T08:22:25.004-0800][53895449ms] GC(693) Old regions: 160->160
[2023-12-20T08:22:25.004-0800][53895449ms] GC(693) Humongous regions: 5->5
[2023-12-20T08:22:25.004-0800][53895449ms] GC(693) Metaspace: 256252K->256252K(1294336K)
[2023-12-20T08:22:25.004-0800][53895449ms] GC(693) Pause Young (Normal) (G1 Evacuation Pause) 1894M->388M(2612M) 30.191ms
[2023-12-20T08:22:25.004-0800][53895449ms] GC(693) User=0.14s Sys=0.00s Real=0.03s
[2023-12-20T08:22:25.740-0800][53896185ms] GC(694) Pause Young (Normal) (G1 Evacuation Pause)
[2023-12-20T08:22:25.740-0800][53896185ms] GC(694) Using 10 workers of 10 for evacuation
[2023-12-20T08:22:25.769-0800][53896214ms] GC(694)   Pre Evacuate Collection Set: 0.0ms
[2023-12-20T08:22:25.769-0800][53896214ms] GC(694)   Evacuate Collection Set: 26.6ms
[2023-12-20T08:22:25.769-0800][53896214ms] GC(694)   Post Evacuate Collection Set: 2.7ms
[2023-12-20T08:22:25.769-0800][53896214ms] GC(694)   Other: 0.4ms
[2023-12-20T08:22:25.769-0800][53896214ms] GC(694) Eden regions: 753->0(753)
[2023-12-20T08:22:25.769-0800][53896214ms] GC(694) Survivor regions: 30->30(98)
[2023-12-20T08:22:25.769-0800][53896214ms] GC(694) Old regions: 160->160
[2023-12-20T08:22:25.769-0800][53896214ms] GC(694) Humongous regions: 5->5
[2023-12-20T08:22:25.769-0800][53896214ms] GC(694) Metaspace: 256252K->256252K(1294336K)
[2023-12-20T08:22:25.769-0800][53896214ms] GC(694) Pause Young (Normal) (G1 Evacuation Pause) 1894M->389M(2612M) 29.847ms
[2023-12-20T08:22:25.770-0800][53896215ms] GC(694) User=0.14s Sys=0.00s Real=0.03s
[2023-12-20T08:22:26.587-0800][53897032ms] GC(695) Pause Young (Normal) (G1 Evacuation Pause)
[2023-12-20T08:22:26.587-0800][53897032ms] GC(695) Using 10 workers of 10 for evacuation
[2023-12-20T08:22:26.616-0800][53897061ms] GC(695)   Pre Evacuate Collection Set: 0.0ms
[2023-12-20T08:22:26.616-0800][53897061ms] GC(695)   Evacuate Collection Set: 26.8ms
[2023-12-20T08:22:26.616-0800][53897061ms] GC(695)   Post Evacuate Collection Set: 2.4ms
[2023-12-20T08:22:26.616-0800][53897061ms] GC(695)   Other: 0.4ms
[2023-12-20T08:22:26.616-0800][53897061ms] GC(695) Eden regions: 753->0(753)
[2023-12-20T08:22:26.616-0800][53897061ms] GC(695) Survivor regions: 30->30(98)
[2023-12-20T08:22:26.616-0800][53897061ms] GC(695) Old regions: 160->160
[2023-12-20T08:22:26.616-0800][53897061ms] GC(695) Humongous regions: 5->5
[2023-12-20T08:22:26.616-0800][53897061ms] GC(695) Metaspace: 256252K->256252K(1294336K)
[2023-12-20T08:22:26.616-0800][53897061ms] GC(695) Pause Young (Normal) (G1 Evacuation Pause) 1895M->389M(2612M) 29.796ms
[2023-12-20T08:22:26.616-0800][53897061ms] GC(695) User=0.09s Sys=0.00s Real=0.03s
[2023-12-20T08:22:27.511-0800][53897956ms] GC(696) Pause Young (Normal) (G1 Evacuation Pause)
[2023-12-20T08:22:27.511-0800][53897956ms] GC(696) Using 10 workers of 10 for evacuation
[2023-12-20T08:22:27.540-0800][53897985ms] GC(696)   Pre Evacuate Collection Set: 0.0ms
[2023-12-20T08:22:27.540-0800][53897985ms] GC(696)   Evacuate Collection Set: 27.0ms
[2023-12-20T08:22:27.540-0800][53897985ms] GC(696)   Post Evacuate Collection Set: 2.3ms
[2023-12-20T08:22:27.540-0800][53897985ms] GC(696)   Other: 0.3ms
[2023-12-20T08:22:27.540-0800][53897985ms] GC(696) Eden regions: 753->0(754)
[2023-12-20T08:22:27.540-0800][53897985ms] GC(696) Survivor regions: 30->29(98)
[2023-12-20T08:22:27.540-0800][53897985ms] GC(696) Old regions: 160->160
[2023-12-20T08:22:27.540-0800][53897985ms] GC(696) Humongous regions: 5->5
[2023-12-20T08:22:27.540-0800][53897985ms] GC(696) Metaspace: 256252K->256252K(1294336K)
[2023-12-20T08:22:27.540-0800][53897985ms] GC(696) Pause Young (Normal) (G1 Evacuation Pause) 1895M->387M(2612M) 29.783ms
[2023-12-20T08:22:27.540-0800][53897985ms] GC(696) User=0.09s Sys=0.00s Real=0.03s
[2023-12-20T08:22:28.444-0800][53898889ms] GC(697) Pause Young (Normal) (G1 Evacuation Pause)
[2023-12-20T08:22:28.444-0800][53898889ms] GC(697) Using 10 workers of 10 for evacuation
[2023-12-20T08:22:28.475-0800][53898920ms] GC(697)   Pre Evacuate Collection Set: 0.0ms
[2023-12-20T08:22:28.475-0800][53898920ms] GC(697)   Evacuate Collection Set: 27.3ms
[2023-12-20T08:22:28.475-0800][53898920ms] GC(697)   Post Evacuate Collection Set: 3.5ms
[2023-12-20T08:22:28.475-0800][53898920ms] GC(697)   Other: 0.4ms
[2023-12-20T08:22:28.475-0800][53898920ms] GC(697) Eden regions: 754->0(754)
[2023-12-20T08:22:28.475-0800][53898920ms] GC(697) Survivor regions: 29->29(98)
[2023-12-20T08:22:28.475-0800][53898920ms] GC(697) Old regions: 160->160
[2023-12-20T08:22:28.475-0800][53898920ms] GC(697) Humongous regions: 5->5
[2023-12-20T08:22:28.475-0800][53898920ms] GC(697) Metaspace: 256252K->256252K(1294336K)
[2023-12-20T08:22:28.475-0800][53898920ms] GC(697) Pause Young (Normal) (G1 Evacuation Pause) 1895M->387M(2612M) 31.364ms
[2023-12-20T08:22:28.475-0800][53898920ms] GC(697) User=0.11s Sys=0.00s Real=0.03s
[2023-12-20T08:22:29.456-0800][53899901ms] GC(698) Pause Young (Normal) (G1 Evacuation Pause)
[2023-12-20T08:22:29.456-0800][53899901ms] GC(698) Using 10 workers of 10 for evacuation
[2023-12-20T08:22:29.487-0800][53899932ms] GC(698)   Pre Evacuate Collection Set: 0.0ms
[2023-12-20T08:22:29.487-0800][53899932ms] GC(698)   Evacuate Collection Set: 28.0ms
[2023-12-20T08:22:29.487-0800][53899932ms] GC(698)   Post Evacuate Collection Set: 2.7ms
[2023-12-20T08:22:29.487-0800][53899932ms] GC(698)   Other: 0.4ms
[2023-12-20T08:22:29.487-0800][53899932ms] GC(698) Eden regions: 754->0(754)
[2023-12-20T08:22:29.487-0800][53899932ms] GC(698) Survivor regions: 29->29(98)
[2023-12-20T08:22:29.487-0800][53899932ms] GC(698) Old regions: 160->160
[2023-12-20T08:22:29.487-0800][53899932ms] GC(698) Humongous regions: 5->5
[2023-12-20T08:22:29.487-0800][53899932ms] GC(698) Metaspace: 256252K->256252K(1294336K)
[2023-12-20T08:22:29.487-0800][53899932ms] GC(698) Pause Young (Normal) (G1 Evacuation Pause) 1895M->387M(2612M) 31.249ms
[2023-12-20T08:22:29.487-0800][53899932ms] GC(698) User=0.13s Sys=0.00s Real=0.03s
[2023-12-20T08:22:30.310-0800][53900755ms] GC(699) Pause Young (Normal) (G1 Evacuation Pause)
[2023-12-20T08:22:30.310-0800][53900755ms] GC(699) Using 10 workers of 10 for evacuation
[2023-12-20T08:22:30.341-0800][53900786ms] GC(699)   Pre Evacuate Collection Set: 0.0ms
[2023-12-20T08:22:30.341-0800][53900786ms] GC(699)   Evacuate Collection Set: 27.9ms
[2023-12-20T08:22:30.341-0800][53900786ms] GC(699)   Post Evacuate Collection Set: 2.9ms
[2023-12-20T08:22:30.341-0800][53900786ms] GC(699)   Other: 0.4ms
[2023-12-20T08:22:30.341-0800][53900786ms] GC(699) Eden regions: 754->0(753)
[2023-12-20T08:22:30.341-0800][53900786ms] GC(699) Survivor regions: 29->30(98)
[2023-12-20T08:22:30.341-0800][53900786ms] GC(699) Old regions: 160->160
[2023-12-20T08:22:30.341-0800][53900786ms] GC(699) Humongous regions: 5->5
[2023-12-20T08:22:30.341-0800][53900786ms] GC(699) Metaspace: 256252K->256252K(1294336K)
[2023-12-20T08:22:30.341-0800][53900786ms] GC(699) Pause Young (Normal) (G1 Evacuation Pause) 1895M->388M(2612M) 31.270ms
[2023-12-20T08:22:30.341-0800][53900786ms] GC(699) User=0.08s Sys=0.00s Real=0.03s
[2023-12-20T08:22:31.241-0800][53901686ms] GC(700) Pause Young (Normal) (G1 Evacuation Pause)
[2023-12-20T08:22:31.241-0800][53901686ms] GC(700) Using 10 workers of 10 for evacuation
[2023-12-20T08:22:31.271-0800][53901716ms] GC(700)   Pre Evacuate Collection Set: 0.0ms
[2023-12-20T08:22:31.271-0800][53901716ms] GC(700)   Evacuate Collection Set: 26.8ms
[2023-12-20T08:22:31.271-0800][53901716ms] GC(700)   Post Evacuate Collection Set: 2.9ms
[2023-12-20T08:22:31.271-0800][53901716ms] GC(700)   Other: 0.4ms
[2023-12-20T08:22:31.271-0800][53901716ms] GC(700) Eden regions: 753->0(753)
[2023-12-20T08:22:31.271-0800][53901716ms] GC(700) Survivor regions: 30->30(98)
[2023-12-20T08:22:31.271-0800][53901716ms] GC(700) Old regions: 160->160
[2023-12-20T08:22:31.271-0800][53901716ms] GC(700) Humongous regions: 5->5
[2023-12-20T08:22:31.271-0800][53901716ms] GC(700) Metaspace: 256252K->256252K(1294336K)
[2023-12-20T08:22:31.271-0800][53901716ms] GC(700) Pause Young (Normal) (G1 Evacuation Pause) 1894M->388M(2612M) 30.214ms
[2023-12-20T08:22:31.271-0800][53901716ms] GC(700) User=0.22s Sys=0.00s Real=0.03s
[2023-12-20T08:22:32.372-0800][53902817ms] GC(701) Pause Young (Normal) (G1 Evacuation Pause)
[2023-12-20T08:22:32.372-0800][53902817ms] GC(701) Using 10 workers of 10 for evacuation
[2023-12-20T08:22:32.403-0800][53902848ms] GC(701)   Pre Evacuate Collection Set: 0.1ms
[2023-12-20T08:22:32.403-0800][53902848ms] GC(701)   Evacuate Collection Set: 26.9ms
[2023-12-20T08:22:32.403-0800][53902848ms] GC(701)   Post Evacuate Collection Set: 2.4ms
[2023-12-20T08:22:32.403-0800][53902848ms] GC(701)   Other: 0.5ms
[2023-12-20T08:22:32.403-0800][53902848ms] GC(701) Eden regions: 753->0(754)
[2023-12-20T08:22:32.403-0800][53902848ms] GC(701) Survivor regions: 30->29(98)
[2023-12-20T08:22:32.403-0800][53902848ms] GC(701) Old regions: 160->160
[2023-12-20T08:22:32.403-0800][53902848ms] GC(701) Humongous regions: 5->5
[2023-12-20T08:22:32.403-0800][53902848ms] GC(701) Metaspace: 256252K->256252K(1294336K)
[2023-12-20T08:22:32.403-0800][53902848ms] GC(701) Pause Young (Normal) (G1 Evacuation Pause) 1894M->387M(2612M) 29.938ms
[2023-12-20T08:22:32.403-0800][53902848ms] GC(701) User=0.09s Sys=0.00s Real=0.03s
[2023-12-20T08:22:33.355-0800][53903800ms] GC(702) Pause Young (Normal) (G1 Evacuation Pause)
[2023-12-20T08:22:33.355-0800][53903800ms] GC(702) Using 10 workers of 10 for evacuation
[2023-12-20T08:22:33.384-0800][53903829ms] GC(702)   Pre Evacuate Collection Set: 0.0ms
[2023-12-20T08:22:33.384-0800][53903829ms] GC(702)   Evacuate Collection Set: 26.8ms
[2023-12-20T08:22:33.384-0800][53903829ms] GC(702)   Post Evacuate Collection Set: 2.3ms
[2023-12-20T08:22:33.384-0800][53903829ms] GC(702)   Other: 0.4ms
[2023-12-20T08:22:33.384-0800][53903829ms] GC(702) Eden regions: 754->0(753)
[2023-12-20T08:22:33.384-0800][53903829ms] GC(702) Survivor regions: 29->30(98)
[2023-12-20T08:22:33.384-0800][53903829ms] GC(702) Old regions: 160->160
[2023-12-20T08:22:33.384-0800][53903829ms] GC(702) Humongous regions: 5->5
[2023-12-20T08:22:33.384-0800][53903829ms] GC(702) Metaspace: 256252K->256252K(1294336K)
[2023-12-20T08:22:33.384-0800][53903829ms] GC(702) Pause Young (Normal) (G1 Evacuation Pause) 1895M->388M(2612M) 29.511ms
[2023-12-20T08:22:33.384-0800][53903829ms] GC(702) User=0.13s Sys=0.00s Real=0.03s
[2023-12-20T08:22:34.303-0800][53904748ms] GC(703) Pause Young (Normal) (G1 Evacuation Pause)
[2023-12-20T08:22:34.303-0800][53904748ms] GC(703) Using 10 workers of 10 for evacuation
[2023-12-20T08:22:34.337-0800][53904782ms] GC(703)   Pre Evacuate Collection Set: 0.0ms
[2023-12-20T08:22:34.337-0800][53904782ms] GC(703)   Evacuate Collection Set: 30.9ms
[2023-12-20T08:22:34.337-0800][53904782ms] GC(703)   Post Evacuate Collection Set: 3.0ms
[2023-12-20T08:22:34.337-0800][53904782ms] GC(703)   Other: 0.4ms
[2023-12-20T08:22:34.337-0800][53904782ms] GC(703) Eden regions: 753->0(753)
[2023-12-20T08:22:34.337-0800][53904782ms] GC(703) Survivor regions: 30->30(98)
[2023-12-20T08:22:34.337-0800][53904782ms] GC(703) Old regions: 160->160
[2023-12-20T08:22:34.337-0800][53904782ms] GC(703) Humongous regions: 5->5
[2023-12-20T08:22:34.337-0800][53904782ms] GC(703) Metaspace: 256252K->256252K(1294336K)
[2023-12-20T08:22:34.337-0800][53904782ms] GC(703) Pause Young (Normal) (G1 Evacuation Pause) 1894M->388M(2612M) 34.489ms
[2023-12-20T08:22:34.337-0800][53904782ms] GC(703) User=0.20s Sys=0.00s Real=0.03s
[2023-12-20T08:22:35.220-0800][53905665ms] GC(704) Pause Young (Normal) (G1 Evacuation Pause)
[2023-12-20T08:22:35.220-0800][53905665ms] GC(704) Using 10 workers of 10 for evacuation
[2023-12-20T08:22:35.251-0800][53905696ms] GC(704)   Pre Evacuate Collection Set: 0.0ms
[2023-12-20T08:22:35.251-0800][53905696ms] GC(704)   Evacuate Collection Set: 28.0ms
[2023-12-20T08:22:35.252-0800][53905697ms] GC(704)   Post Evacuate Collection Set: 2.3ms
[2023-12-20T08:22:35.252-0800][53905697ms] GC(704)   Other: 0.3ms
[2023-12-20T08:22:35.252-0800][53905697ms] GC(704) Eden regions: 753->0(753)
[2023-12-20T08:22:35.252-0800][53905697ms] GC(704) Survivor regions: 30->30(98)
[2023-12-20T08:22:35.252-0800][53905697ms] GC(704) Old regions: 160->160
[2023-12-20T08:22:35.252-0800][53905697ms] GC(704) Humongous regions: 5->5
[2023-12-20T08:22:35.252-0800][53905697ms] GC(704) Metaspace: 256252K->256252K(1294336K)
[2023-12-20T08:22:35.252-0800][53905697ms] GC(704) Pause Young (Normal) (G1 Evacuation Pause) 1894M->389M(2612M) 30.787ms
[2023-12-20T08:22:35.252-0800][53905697ms] GC(704) User=0.11s Sys=0.00s Real=0.03s
[2023-12-20T08:22:36.201-0800][53906646ms] GC(705) Pause Young (Normal) (G1 Evacuation Pause)
[2023-12-20T08:22:36.201-0800][53906646ms] GC(705) Using 10 workers of 10 for evacuation
[2023-12-20T08:22:36.234-0800][53906679ms] GC(705)   Pre Evacuate Collection Set: 0.0ms
[2023-12-20T08:22:36.234-0800][53906679ms] GC(705)   Evacuate Collection Set: 29.4ms
[2023-12-20T08:22:36.234-0800][53906679ms] GC(705)   Post Evacuate Collection Set: 3.2ms
[2023-12-20T08:22:36.234-0800][53906679ms] GC(705)   Other: 0.5ms
[2023-12-20T08:22:36.234-0800][53906679ms] GC(705) Eden regions: 753->0(753)
[2023-12-20T08:22:36.234-0800][53906679ms] GC(705) Survivor regions: 30->30(98)
[2023-12-20T08:22:36.234-0800][53906679ms] GC(705) Old regions: 160->160
[2023-12-20T08:22:36.234-0800][53906679ms] GC(705) Humongous regions: 5->5
[2023-12-20T08:22:36.234-0800][53906679ms] GC(705) Metaspace: 256252K->256252K(1294336K)
[2023-12-20T08:22:36.234-0800][53906679ms] GC(705) Pause Young (Normal) (G1 Evacuation Pause) 1895M->388M(2612M) 33.198ms
[2023-12-20T08:22:36.234-0800][53906679ms] GC(705) User=0.09s Sys=0.00s Real=0.03s
[2023-12-20T08:22:37.175-0800][53907620ms] GC(706) Pause Young (Normal) (G1 Evacuation Pause)
[2023-12-20T08:22:37.175-0800][53907620ms] GC(706) Using 10 workers of 10 for evacuation
[2023-12-20T08:22:37.205-0800][53907650ms] GC(706)   Pre Evacuate Collection Set: 0.1ms
[2023-12-20T08:22:37.205-0800][53907650ms] GC(706)   Evacuate Collection Set: 26.9ms
[2023-12-20T08:22:37.205-0800][53907650ms] GC(706)   Post Evacuate Collection Set: 2.4ms
[2023-12-20T08:22:37.205-0800][53907650ms] GC(706)   Other: 0.4ms
[2023-12-20T08:22:37.205-0800][53907650ms] GC(706) Eden regions: 753->0(753)
[2023-12-20T08:22:37.205-0800][53907650ms] GC(706) Survivor regions: 30->30(98)
[2023-12-20T08:22:37.205-0800][53907650ms] GC(706) Old regions: 160->160
[2023-12-20T08:22:37.205-0800][53907650ms] GC(706) Humongous regions: 5->5
[2023-12-20T08:22:37.205-0800][53907650ms] GC(706) Metaspace: 256252K->256252K(1294336K)
[2023-12-20T08:22:37.205-0800][53907650ms] GC(706) Pause Young (Normal) (G1 Evacuation Pause) 1894M->388M(2612M) 29.993ms
[2023-12-20T08:22:37.205-0800][53907650ms] GC(706) User=0.14s Sys=0.00s Real=0.03s
[2023-12-20T08:22:38.192-0800][53908637ms] GC(707) Pause Young (Normal) (GCLocker Initiated GC)
[2023-12-20T08:22:38.192-0800][53908637ms] GC(707) Using 10 workers of 10 for evacuation
[2023-12-20T08:22:38.221-0800][53908666ms] GC(707)   Pre Evacuate Collection Set: 0.0ms
[2023-12-20T08:22:38.221-0800][53908666ms] GC(707)   Evacuate Collection Set: 26.7ms
[2023-12-20T08:22:38.221-0800][53908666ms] GC(707)   Post Evacuate Collection Set: 2.4ms
[2023-12-20T08:22:38.221-0800][53908666ms] GC(707)   Other: 0.4ms
[2023-12-20T08:22:38.221-0800][53908666ms] GC(707) Eden regions: 754->0(753)
[2023-12-20T08:22:38.221-0800][53908666ms] GC(707) Survivor regions: 30->30(98)
[2023-12-20T08:22:38.221-0800][53908666ms] GC(707) Old regions: 160->160
[2023-12-20T08:22:38.221-0800][53908666ms] GC(707) Humongous regions: 5->5
[2023-12-20T08:22:38.221-0800][53908666ms] GC(707) Metaspace: 256252K->256252K(1294336K)
[2023-12-20T08:22:38.221-0800][53908666ms] GC(707) Pause Young (Normal) (GCLocker Initiated GC) 1894M->389M(2612M) 29.673ms
[2023-12-20T08:22:38.221-0800][53908666ms] GC(707) User=0.08s Sys=0.00s Real=0.03s
[2023-12-20T08:22:39.267-0800][53909712ms] GC(708) Pause Young (Normal) (GCLocker Initiated GC)
[2023-12-20T08:22:39.267-0800][53909712ms] GC(708) Using 10 workers of 10 for evacuation
[2023-12-20T08:22:39.298-0800][53909743ms] GC(708)   Pre Evacuate Collection Set: 0.1ms
[2023-12-20T08:22:39.298-0800][53909743ms] GC(708)   Evacuate Collection Set: 29.8ms
[2023-12-20T08:22:39.298-0800][53909743ms] GC(708)   Post Evacuate Collection Set: 2.4ms
[2023-12-20T08:22:39.298-0800][53909743ms] GC(708)   Other: 0.5ms
[2023-12-20T08:22:39.298-0800][53909743ms] GC(708) Eden regions: 754->0(753)
[2023-12-20T08:22:39.298-0800][53909743ms] GC(708) Survivor regions: 30->30(98)
[2023-12-20T08:22:39.298-0800][53909743ms] GC(708) Old regions: 160->160
[2023-12-20T08:22:39.298-0800][53909743ms] GC(708) Humongous regions: 5->5
[2023-12-20T08:22:39.298-0800][53909743ms] GC(708) Metaspace: 256252K->256252K(1294336K)
[2023-12-20T08:22:39.298-0800][53909743ms] GC(708) Pause Young (Normal) (GCLocker Initiated GC) 1896M->388M(2612M) 32.794ms
[2023-12-20T08:22:39.298-0800][53909743ms] GC(708) User=0.06s Sys=0.00s Real=0.03s
[2023-12-20T08:22:40.280-0800][53910725ms] GC(709) Pause Young (Normal) (G1 Evacuation Pause)
[2023-12-20T08:22:40.280-0800][53910725ms] GC(709) Using 10 workers of 10 for evacuation
[2023-12-20T08:22:40.314-0800][53910759ms] GC(709)   Pre Evacuate Collection Set: 0.0ms
[2023-12-20T08:22:40.314-0800][53910759ms] GC(709)   Evacuate Collection Set: 29.9ms
[2023-12-20T08:22:40.314-0800][53910759ms] GC(709)   Post Evacuate Collection Set: 3.1ms
[2023-12-20T08:22:40.314-0800][53910759ms] GC(709)   Other: 0.4ms
[2023-12-20T08:22:40.314-0800][53910759ms] GC(709) Eden regions: 753->0(753)
[2023-12-20T08:22:40.314-0800][53910759ms] GC(709) Survivor regions: 30->30(98)
[2023-12-20T08:22:40.315-0800][53910760ms] GC(709) Old regions: 160->160
[2023-12-20T08:22:40.315-0800][53910760ms] GC(709) Humongous regions: 5->5
[2023-12-20T08:22:40.315-0800][53910760ms] GC(709) Metaspace: 256252K->256252K(1294336K)
[2023-12-20T08:22:40.315-0800][53910760ms] GC(709) Pause Young (Normal) (G1 Evacuation Pause) 1894M->388M(2612M) 33.713ms
[2023-12-20T08:22:40.315-0800][53910760ms] GC(709) User=0.16s Sys=0.00s Real=0.04s
[2023-12-20T08:22:41.450-0800][53911895ms] GC(710) Pause Young (Normal) (G1 Evacuation Pause)
[2023-12-20T08:22:41.450-0800][53911895ms] GC(710) Using 10 workers of 10 for evacuation
[2023-12-20T08:22:41.480-0800][53911925ms] GC(710)   Pre Evacuate Collection Set: 0.0ms
[2023-12-20T08:22:41.480-0800][53911925ms] GC(710)   Evacuate Collection Set: 27.6ms
[2023-12-20T08:22:41.480-0800][53911925ms] GC(710)   Post Evacuate Collection Set: 2.5ms
[2023-12-20T08:22:41.480-0800][53911925ms] GC(710)   Other: 0.4ms
[2023-12-20T08:22:41.480-0800][53911925ms] GC(710) Eden regions: 753->0(753)
[2023-12-20T08:22:41.480-0800][53911925ms] GC(710) Survivor regions: 30->30(98)
[2023-12-20T08:22:41.481-0800][53911926ms] GC(710) Old regions: 160->160
[2023-12-20T08:22:41.481-0800][53911926ms] GC(710) Humongous regions: 5->5
[2023-12-20T08:22:41.481-0800][53911926ms] GC(710) Metaspace: 256252K->256252K(1294336K)
[2023-12-20T08:22:41.481-0800][53911926ms] GC(710) Pause Young (Normal) (G1 Evacuation Pause) 1894M->389M(2612M) 30.625ms
[2023-12-20T08:22:41.481-0800][53911926ms] GC(710) User=0.16s Sys=0.00s Real=0.03s
[2023-12-20T08:22:42.328-0800][53912773ms] GC(711) Pause Young (Normal) (G1 Evacuation Pause)
[2023-12-20T08:22:42.328-0800][53912773ms] GC(711) Using 10 workers of 10 for evacuation
[2023-12-20T08:22:42.357-0800][53912802ms] GC(711)   Pre Evacuate Collection Set: 0.1ms
[2023-12-20T08:22:42.357-0800][53912802ms] GC(711)   Evacuate Collection Set: 26.0ms
[2023-12-20T08:22:42.357-0800][53912802ms] GC(711)   Post Evacuate Collection Set: 3.2ms
[2023-12-20T08:22:42.357-0800][53912802ms] GC(711)   Other: 0.5ms
[2023-12-20T08:22:42.357-0800][53912802ms] GC(711) Eden regions: 753->0(752)
[2023-12-20T08:22:42.357-0800][53912802ms] GC(711) Survivor regions: 30->31(98)
[2023-12-20T08:22:42.357-0800][53912802ms] GC(711) Old regions: 160->160
[2023-12-20T08:22:42.357-0800][53912802ms] GC(711) Humongous regions: 5->5
[2023-12-20T08:22:42.357-0800][53912802ms] GC(711) Metaspace: 256252K->256252K(1294336K)
[2023-12-20T08:22:42.357-0800][53912802ms] GC(711) Pause Young (Normal) (G1 Evacuation Pause) 1895M->390M(2612M) 29.799ms
[2023-12-20T08:22:42.357-0800][53912802ms] GC(711) User=0.08s Sys=0.00s Real=0.03s
[2023-12-20T08:22:43.298-0800][53913743ms] GC(712) Pause Young (Normal) (G1 Evacuation Pause)
[2023-12-20T08:22:43.298-0800][53913743ms] GC(712) Using 10 workers of 10 for evacuation
[2023-12-20T08:22:43.330-0800][53913775ms] GC(712)   Pre Evacuate Collection Set: 0.1ms
[2023-12-20T08:22:43.330-0800][53913775ms] GC(712)   Evacuate Collection Set: 28.6ms
[2023-12-20T08:22:43.330-0800][53913775ms] GC(712)   Post Evacuate Collection Set: 3.3ms
[2023-12-20T08:22:43.330-0800][53913775ms] GC(712)   Other: 0.5ms
[2023-12-20T08:22:43.330-0800][53913775ms] GC(712) Eden regions: 752->0(752)
[2023-12-20T08:22:43.330-0800][53913775ms] GC(712) Survivor regions: 31->31(98)
[2023-12-20T08:22:43.330-0800][53913775ms] GC(712) Old regions: 160->160
[2023-12-20T08:22:43.330-0800][53913775ms] GC(712) Humongous regions: 5->5
[2023-12-20T08:22:43.330-0800][53913775ms] GC(712) Metaspace: 256252K->256252K(1294336K)
[2023-12-20T08:22:43.330-0800][53913775ms] GC(712) Pause Young (Normal) (G1 Evacuation Pause) 1894M->390M(2612M) 32.544ms
[2023-12-20T08:22:43.330-0800][53913775ms] GC(712) User=0.13s Sys=0.00s Real=0.03s
[2023-12-20T08:22:44.283-0800][53914728ms] GC(713) Pause Young (Normal) (G1 Evacuation Pause)
[2023-12-20T08:22:44.283-0800][53914728ms] GC(713) Using 10 workers of 10 for evacuation
[2023-12-20T08:22:44.313-0800][53914758ms] GC(713)   Pre Evacuate Collection Set: 0.1ms
[2023-12-20T08:22:44.313-0800][53914758ms] GC(713)   Evacuate Collection Set: 27.8ms
[2023-12-20T08:22:44.313-0800][53914758ms] GC(713)   Post Evacuate Collection Set: 2.4ms
[2023-12-20T08:22:44.313-0800][53914758ms] GC(713)   Other: 0.4ms
[2023-12-20T08:22:44.313-0800][53914758ms] GC(713) Eden regions: 752->0(752)
[2023-12-20T08:22:44.313-0800][53914758ms] GC(713) Survivor regions: 31->31(98)
[2023-12-20T08:22:44.313-0800][53914758ms] GC(713) Old regions: 160->160
[2023-12-20T08:22:44.313-0800][53914758ms] GC(713) Humongous regions: 5->5
[2023-12-20T08:22:44.313-0800][53914758ms] GC(713) Metaspace: 256253K->256253K(1294336K)
[2023-12-20T08:22:44.313-0800][53914758ms] GC(713) Pause Young (Normal) (G1 Evacuation Pause) 1894M->390M(2612M) 30.723ms
[2023-12-20T08:22:44.313-0800][53914758ms] GC(713) User=0.09s Sys=0.00s Real=0.03s
[2023-12-20T08:22:45.299-0800][53915744ms] GC(714) Pause Young (Normal) (G1 Evacuation Pause)
[2023-12-20T08:22:45.299-0800][53915744ms] GC(714) Using 10 workers of 10 for evacuation
[2023-12-20T08:22:45.328-0800][53915773ms] GC(714)   Pre Evacuate Collection Set: 0.0ms
[2023-12-20T08:22:45.328-0800][53915773ms] GC(714)   Evacuate Collection Set: 26.3ms
[2023-12-20T08:22:45.328-0800][53915773ms] GC(714)   Post Evacuate Collection Set: 2.4ms
[2023-12-20T08:22:45.328-0800][53915773ms] GC(714)   Other: 0.4ms
[2023-12-20T08:22:45.328-0800][53915773ms] GC(714) Eden regions: 752->0(752)
[2023-12-20T08:22:45.328-0800][53915773ms] GC(714) Survivor regions: 31->31(98)
[2023-12-20T08:22:45.328-0800][53915773ms] GC(714) Old regions: 160->160
[2023-12-20T08:22:45.328-0800][53915773ms] GC(714) Humongous regions: 5->5
[2023-12-20T08:22:45.328-0800][53915773ms] GC(714) Metaspace: 256253K->256253K(1294336K)
[2023-12-20T08:22:45.328-0800][53915773ms] GC(714) Pause Young (Normal) (G1 Evacuation Pause) 1894M->390M(2612M) 29.294ms
[2023-12-20T08:22:45.328-0800][53915773ms] GC(714) User=0.08s Sys=0.00s Real=0.03s
[2023-12-20T08:22:46.082-0800][53916527ms] GC(715) Pause Young (Normal) (G1 Evacuation Pause)
[2023-12-20T08:22:46.082-0800][53916527ms] GC(715) Using 10 workers of 10 for evacuation
[2023-12-20T08:22:46.111-0800][53916556ms] GC(715)   Pre Evacuate Collection Set: 0.0ms
[2023-12-20T08:22:46.111-0800][53916556ms] GC(715)   Evacuate Collection Set: 26.8ms
[2023-12-20T08:22:46.111-0800][53916556ms] GC(715)   Post Evacuate Collection Set: 2.7ms
[2023-12-20T08:22:46.111-0800][53916556ms] GC(715)   Other: 0.4ms
[2023-12-20T08:22:46.111-0800][53916556ms] GC(715) Eden regions: 752->0(752)
[2023-12-20T08:22:46.111-0800][53916556ms] GC(715) Survivor regions: 31->31(98)
[2023-12-20T08:22:46.111-0800][53916556ms] GC(715) Old regions: 160->160
[2023-12-20T08:22:46.111-0800][53916556ms] GC(715) Humongous regions: 5->5
[2023-12-20T08:22:46.111-0800][53916556ms] GC(715) Metaspace: 256253K->256253K(1294336K)
[2023-12-20T08:22:46.111-0800][53916556ms] GC(715) Pause Young (Normal) (G1 Evacuation Pause) 1894M->390M(2612M) 30.160ms
[2023-12-20T08:22:46.111-0800][53916556ms] GC(715) User=0.14s Sys=0.00s Real=0.03s
[2023-12-20T08:22:46.899-0800][53917344ms] GC(716) Pause Young (Normal) (G1 Evacuation Pause)
[2023-12-20T08:22:46.899-0800][53917344ms] GC(716) Using 10 workers of 10 for evacuation
[2023-12-20T08:22:46.927-0800][53917372ms] GC(716)   Pre Evacuate Collection Set: 0.0ms
[2023-12-20T08:22:46.927-0800][53917372ms] GC(716)   Evacuate Collection Set: 25.8ms
[2023-12-20T08:22:46.927-0800][53917372ms] GC(716)   Post Evacuate Collection Set: 2.4ms
[2023-12-20T08:22:46.927-0800][53917372ms] GC(716)   Other: 0.4ms
[2023-12-20T08:22:46.927-0800][53917372ms] GC(716) Eden regions: 752->0(753)
[2023-12-20T08:22:46.927-0800][53917372ms] GC(716) Survivor regions: 31->30(98)
[2023-12-20T08:22:46.927-0800][53917372ms] GC(716) Old regions: 160->160
[2023-12-20T08:22:46.927-0800][53917372ms] GC(716) Humongous regions: 5->5
[2023-12-20T08:22:46.927-0800][53917372ms] GC(716) Metaspace: 256253K->256253K(1294336K)
[2023-12-20T08:22:46.927-0800][53917372ms] GC(716) Pause Young (Normal) (G1 Evacuation Pause) 1894M->389M(2612M) 28.790ms
[2023-12-20T08:22:46.927-0800][53917372ms] GC(716) User=0.05s Sys=0.00s Real=0.03s
[2023-12-20T08:22:47.523-0800][53917968ms] GC(717) Pause Young (Normal) (G1 Evacuation Pause)
[2023-12-20T08:22:47.523-0800][53917968ms] GC(717) Using 10 workers of 10 for evacuation
[2023-12-20T08:22:47.551-0800][53917996ms] GC(717)   Pre Evacuate Collection Set: 0.0ms
[2023-12-20T08:22:47.551-0800][53917996ms] GC(717)   Evacuate Collection Set: 25.5ms
[2023-12-20T08:22:47.551-0800][53917996ms] GC(717)   Post Evacuate Collection Set: 2.5ms
[2023-12-20T08:22:47.551-0800][53917996ms] GC(717)   Other: 0.4ms
[2023-12-20T08:22:47.551-0800][53917996ms] GC(717) Eden regions: 753->0(752)
[2023-12-20T08:22:47.551-0800][53917996ms] GC(717) Survivor regions: 30->31(98)
[2023-12-20T08:22:47.551-0800][53917996ms] GC(717) Old regions: 160->160
[2023-12-20T08:22:47.551-0800][53917996ms] GC(717) Humongous regions: 5->5
[2023-12-20T08:22:47.551-0800][53917996ms] GC(717) Metaspace: 256253K->256253K(1294336K)
[2023-12-20T08:22:47.551-0800][53917996ms] GC(717) Pause Young (Normal) (G1 Evacuation Pause) 1895M->390M(2612M) 28.549ms
[2023-12-20T08:22:47.551-0800][53917996ms] GC(717) User=0.08s Sys=0.00s Real=0.03s
[2023-12-20T08:22:48.308-0800][53918753ms] GC(718) Pause Young (Normal) (G1 Evacuation Pause)
[2023-12-20T08:22:48.308-0800][53918753ms] GC(718) Using 10 workers of 10 for evacuation
[2023-12-20T08:22:48.337-0800][53918782ms] GC(718)   Pre Evacuate Collection Set: 0.0ms
[2023-12-20T08:22:48.337-0800][53918782ms] GC(718)   Evacuate Collection Set: 26.3ms
[2023-12-20T08:22:48.337-0800][53918782ms] GC(718)   Post Evacuate Collection Set: 2.4ms
[2023-12-20T08:22:48.337-0800][53918782ms] GC(718)   Other: 0.4ms
[2023-12-20T08:22:48.337-0800][53918782ms] GC(718) Eden regions: 752->0(752)
[2023-12-20T08:22:48.337-0800][53918782ms] GC(718) Survivor regions: 31->31(98)
[2023-12-20T08:22:48.337-0800][53918782ms] GC(718) Old regions: 160->160
[2023-12-20T08:22:48.337-0800][53918782ms] GC(718) Humongous regions: 5->5
[2023-12-20T08:22:48.337-0800][53918782ms] GC(718) Metaspace: 256253K->256253K(1294336K)
[2023-12-20T08:22:48.337-0800][53918782ms] GC(718) Pause Young (Normal) (G1 Evacuation Pause) 1894M->390M(2612M) 29.216ms
[2023-12-20T08:22:48.337-0800][53918782ms] GC(718) User=0.09s Sys=0.00s Real=0.03s
[2023-12-20T08:22:49.121-0800][53919566ms] GC(719) Pause Young (Normal) (G1 Evacuation Pause)
[2023-12-20T08:22:49.121-0800][53919566ms] GC(719) Using 10 workers of 10 for evacuation
[2023-12-20T08:22:49.151-0800][53919596ms] GC(719)   Pre Evacuate Collection Set: 0.0ms
[2023-12-20T08:22:49.151-0800][53919596ms] GC(719)   Evacuate Collection Set: 27.3ms
[2023-12-20T08:22:49.151-0800][53919596ms] GC(719)   Post Evacuate Collection Set: 2.4ms
[2023-12-20T08:22:49.151-0800][53919596ms] GC(719)   Other: 0.4ms
[2023-12-20T08:22:49.151-0800][53919596ms] GC(719) Eden regions: 752->0(753)
[2023-12-20T08:22:49.151-0800][53919596ms] GC(719) Survivor regions: 31->30(98)
[2023-12-20T08:22:49.151-0800][53919596ms] GC(719) Old regions: 160->160
[2023-12-20T08:22:49.151-0800][53919596ms] GC(719) Humongous regions: 5->5
[2023-12-20T08:22:49.151-0800][53919596ms] GC(719) Metaspace: 256253K->256253K(1294336K)
[2023-12-20T08:22:49.151-0800][53919596ms] GC(719) Pause Young (Normal) (G1 Evacuation Pause) 1894M->389M(2612M) 30.275ms
[2023-12-20T08:22:49.151-0800][53919596ms] GC(719) User=0.08s Sys=0.00s Real=0.03s
[2023-12-20T08:22:49.965-0800][53920410ms] GC(720) Pause Young (Normal) (G1 Evacuation Pause)
[2023-12-20T08:22:49.965-0800][53920410ms] GC(720) Using 10 workers of 10 for evacuation
[2023-12-20T08:22:49.994-0800][53920439ms] GC(720)   Pre Evacuate Collection Set: 0.1ms
[2023-12-20T08:22:49.994-0800][53920439ms] GC(720)   Evacuate Collection Set: 26.5ms
[2023-12-20T08:22:49.994-0800][53920439ms] GC(720)   Post Evacuate Collection Set: 2.3ms
[2023-12-20T08:22:49.994-0800][53920439ms] GC(720)   Other: 0.4ms
[2023-12-20T08:22:49.994-0800][53920439ms] GC(720) Eden regions: 753->0(753)
[2023-12-20T08:22:49.994-0800][53920439ms] GC(720) Survivor regions: 30->30(98)
[2023-12-20T08:22:49.994-0800][53920439ms] GC(720) Old regions: 160->160
[2023-12-20T08:22:49.994-0800][53920439ms] GC(720) Humongous regions: 5->5
[2023-12-20T08:22:49.994-0800][53920439ms] GC(720) Metaspace: 256253K->256253K(1294336K)
[2023-12-20T08:22:49.994-0800][53920439ms] GC(720) Pause Young (Normal) (G1 Evacuation Pause) 1895M->389M(2612M) 29.451ms
[2023-12-20T08:22:49.994-0800][53920439ms] GC(720) User=0.06s Sys=0.00s Real=0.03s
[2023-12-20T08:22:50.926-0800][53921371ms] GC(721) Pause Young (Normal) (G1 Evacuation Pause)
[2023-12-20T08:22:50.926-0800][53921371ms] GC(721) Using 10 workers of 10 for evacuation
[2023-12-20T08:22:50.957-0800][53921402ms] GC(721)   Pre Evacuate Collection Set: 0.0ms
[2023-12-20T08:22:50.957-0800][53921402ms] GC(721)   Evacuate Collection Set: 28.2ms
[2023-12-20T08:22:50.957-0800][53921402ms] GC(721)   Post Evacuate Collection Set: 2.4ms
[2023-12-20T08:22:50.957-0800][53921402ms] GC(721)   Other: 0.4ms
[2023-12-20T08:22:50.957-0800][53921402ms] GC(721) Eden regions: 753->0(753)
[2023-12-20T08:22:50.957-0800][53921402ms] GC(721) Survivor regions: 30->30(98)
[2023-12-20T08:22:50.957-0800][53921402ms] GC(721) Old regions: 160->160
[2023-12-20T08:22:50.957-0800][53921402ms] GC(721) Humongous regions: 5->5
[2023-12-20T08:22:50.957-0800][53921402ms] GC(721) Metaspace: 256253K->256253K(1294336K)
[2023-12-20T08:22:50.957-0800][53921402ms] GC(721) Pause Young (Normal) (G1 Evacuation Pause) 1895M->389M(2612M) 31.091ms
[2023-12-20T08:22:50.957-0800][53921402ms] GC(721) User=0.09s Sys=0.00s Real=0.03s
[2023-12-20T08:22:51.921-0800][53922366ms] GC(722) Pause Young (Normal) (G1 Evacuation Pause)
[2023-12-20T08:22:51.921-0800][53922366ms] GC(722) Using 10 workers of 10 for evacuation
[2023-12-20T08:22:51.951-0800][53922396ms] GC(722)   Pre Evacuate Collection Set: 0.0ms
[2023-12-20T08:22:51.951-0800][53922396ms] GC(722)   Evacuate Collection Set: 27.1ms
[2023-12-20T08:22:51.951-0800][53922396ms] GC(722)   Post Evacuate Collection Set: 2.2ms
[2023-12-20T08:22:51.951-0800][53922396ms] GC(722)   Other: 0.4ms
[2023-12-20T08:22:51.951-0800][53922396ms] GC(722) Eden regions: 753->0(752)
[2023-12-20T08:22:51.951-0800][53922396ms] GC(722) Survivor regions: 30->31(98)
[2023-12-20T08:22:51.951-0800][53922396ms] GC(722) Old regions: 160->160
[2023-12-20T08:22:51.951-0800][53922396ms] GC(722) Humongous regions: 5->5
[2023-12-20T08:22:51.951-0800][53922396ms] GC(722) Metaspace: 256253K->256253K(1294336K)
[2023-12-20T08:22:51.951-0800][53922396ms] GC(722) Pause Young (Normal) (G1 Evacuation Pause) 1895M->390M(2612M) 29.824ms
[2023-12-20T08:22:51.951-0800][53922396ms] GC(722) User=0.08s Sys=0.00s Real=0.03s
[2023-12-20T08:22:52.864-0800][53923309ms] GC(723) Pause Young (Normal) (G1 Evacuation Pause)
[2023-12-20T08:22:52.864-0800][53923309ms] GC(723) Using 10 workers of 10 for evacuation
[2023-12-20T08:22:52.894-0800][53923339ms] GC(723)   Pre Evacuate Collection Set: 0.0ms
[2023-12-20T08:22:52.894-0800][53923339ms] GC(723)   Evacuate Collection Set: 26.3ms
[2023-12-20T08:22:52.894-0800][53923339ms] GC(723)   Post Evacuate Collection Set: 3.0ms
[2023-12-20T08:22:52.894-0800][53923339ms] GC(723)   Other: 0.4ms
[2023-12-20T08:22:52.894-0800][53923339ms] GC(723) Eden regions: 752->0(752)
[2023-12-20T08:22:52.894-0800][53923339ms] GC(723) Survivor regions: 31->31(98)
[2023-12-20T08:22:52.894-0800][53923339ms] GC(723) Old regions: 160->160
[2023-12-20T08:22:52.894-0800][53923339ms] GC(723) Humongous regions: 5->5
[2023-12-20T08:22:52.894-0800][53923339ms] GC(723) Metaspace: 256253K->256253K(1294336K)
[2023-12-20T08:22:52.894-0800][53923339ms] GC(723) Pause Young (Normal) (G1 Evacuation Pause) 1894M->390M(2612M) 29.946ms
[2023-12-20T08:22:52.894-0800][53923339ms] GC(723) User=0.06s Sys=0.00s Real=0.03s
[2023-12-20T08:22:53.765-0800][53924210ms] GC(724) Pause Young (Normal) (G1 Evacuation Pause)
[2023-12-20T08:22:53.765-0800][53924210ms] GC(724) Using 10 workers of 10 for evacuation
[2023-12-20T08:22:53.795-0800][53924240ms] GC(724)   Pre Evacuate Collection Set: 0.0ms
[2023-12-20T08:22:53.795-0800][53924240ms] GC(724)   Evacuate Collection Set: 27.6ms
[2023-12-20T08:22:53.795-0800][53924240ms] GC(724)   Post Evacuate Collection Set: 2.4ms
[2023-12-20T08:22:53.795-0800][53924240ms] GC(724)   Other: 0.4ms
[2023-12-20T08:22:53.795-0800][53924240ms] GC(724) Eden regions: 752->0(752)
[2023-12-20T08:22:53.795-0800][53924240ms] GC(724) Survivor regions: 31->31(98)
[2023-12-20T08:22:53.795-0800][53924240ms] GC(724) Old regions: 160->160
[2023-12-20T08:22:53.795-0800][53924240ms] GC(724) Humongous regions: 5->5
[2023-12-20T08:22:53.795-0800][53924240ms] GC(724) Metaspace: 256253K->256253K(1294336K)
[2023-12-20T08:22:53.795-0800][53924240ms] GC(724) Pause Young (Normal) (G1 Evacuation Pause) 1894M->390M(2612M) 30.558ms
[2023-12-20T08:22:53.795-0800][53924240ms] GC(724) User=0.06s Sys=0.00s Real=0.03s
[2023-12-20T08:22:54.578-0800][53925023ms] GC(725) Pause Young (Normal) (G1 Evacuation Pause)
[2023-12-20T08:22:54.578-0800][53925023ms] GC(725) Using 10 workers of 10 for evacuation
[2023-12-20T08:22:54.607-0800][53925052ms] GC(725)   Pre Evacuate Collection Set: 0.0ms
[2023-12-20T08:22:54.607-0800][53925052ms] GC(725)   Evacuate Collection Set: 26.5ms
[2023-12-20T08:22:54.607-0800][53925052ms] GC(725)   Post Evacuate Collection Set: 2.5ms
[2023-12-20T08:22:54.607-0800][53925052ms] GC(725)   Other: 0.4ms
[2023-12-20T08:22:54.607-0800][53925052ms] GC(725) Eden regions: 752->0(753)
[2023-12-20T08:22:54.607-0800][53925052ms] GC(725) Survivor regions: 31->30(98)
[2023-12-20T08:22:54.607-0800][53925052ms] GC(725) Old regions: 160->161
[2023-12-20T08:22:54.607-0800][53925052ms] GC(725) Humongous regions: 5->5
[2023-12-20T08:22:54.607-0800][53925052ms] GC(725) Metaspace: 256253K->256253K(1294336K)
[2023-12-20T08:22:54.607-0800][53925052ms] GC(725) Pause Young (Normal) (G1 Evacuation Pause) 1894M->389M(2612M) 29.529ms
[2023-12-20T08:22:54.607-0800][53925052ms] GC(725) User=0.05s Sys=0.00s Real=0.03s
[2023-12-20T08:22:55.453-0800][53925898ms] GC(726) Pause Young (Normal) (G1 Evacuation Pause)
[2023-12-20T08:22:55.453-0800][53925898ms] GC(726) Using 10 workers of 10 for evacuation
[2023-12-20T08:22:55.481-0800][53925926ms] GC(726)   Pre Evacuate Collection Set: 0.1ms
[2023-12-20T08:22:55.481-0800][53925926ms] GC(726)   Evacuate Collection Set: 26.4ms
[2023-12-20T08:22:55.481-0800][53925926ms] GC(726)   Post Evacuate Collection Set: 2.5ms
[2023-12-20T08:22:55.481-0800][53925926ms] GC(726)   Other: 0.4ms
[2023-12-20T08:22:55.481-0800][53925926ms] GC(726) Eden regions: 753->0(753)
[2023-12-20T08:22:55.481-0800][53925926ms] GC(726) Survivor regions: 30->30(98)
[2023-12-20T08:22:55.481-0800][53925926ms] GC(726) Old regions: 161->161
[2023-12-20T08:22:55.481-0800][53925926ms] GC(726) Humongous regions: 5->5
[2023-12-20T08:22:55.481-0800][53925926ms] GC(726) Metaspace: 256253K->256253K(1294336K)
[2023-12-20T08:22:55.481-0800][53925926ms] GC(726) Pause Young (Normal) (G1 Evacuation Pause) 1895M->390M(2612M) 29.441ms
[2023-12-20T08:22:55.481-0800][53925926ms] GC(726) User=0.11s Sys=0.00s Real=0.03s
[2023-12-20T08:22:56.161-0800][53926606ms] GC(727) Pause Young (Normal) (G1 Evacuation Pause)
[2023-12-20T08:22:56.161-0800][53926606ms] GC(727) Using 10 workers of 10 for evacuation
[2023-12-20T08:22:56.193-0800][53926638ms] GC(727)   Pre Evacuate Collection Set: 0.1ms
[2023-12-20T08:22:56.193-0800][53926638ms] GC(727)   Evacuate Collection Set: 28.4ms
[2023-12-20T08:22:56.193-0800][53926638ms] GC(727)   Post Evacuate Collection Set: 2.8ms
[2023-12-20T08:22:56.193-0800][53926638ms] GC(727)   Other: 0.4ms
[2023-12-20T08:22:56.193-0800][53926638ms] GC(727) Eden regions: 753->0(753)
[2023-12-20T08:22:56.193-0800][53926638ms] GC(727) Survivor regions: 30->30(98)
[2023-12-20T08:22:56.193-0800][53926638ms] GC(727) Old regions: 161->161
[2023-12-20T08:22:56.193-0800][53926638ms] GC(727) Humongous regions: 5->5
[2023-12-20T08:22:56.193-0800][53926638ms] GC(727) Metaspace: 256253K->256253K(1294336K)
[2023-12-20T08:22:56.193-0800][53926638ms] GC(727) Pause Young (Normal) (G1 Evacuation Pause) 1896M->390M(2612M) 31.840ms
[2023-12-20T08:22:56.193-0800][53926638ms] GC(727) User=0.09s Sys=0.00s Real=0.03s
[2023-12-20T08:22:56.891-0800][53927336ms] GC(728) Pause Young (Normal) (G1 Evacuation Pause)
[2023-12-20T08:22:56.891-0800][53927336ms] GC(728) Using 10 workers of 10 for evacuation
[2023-12-20T08:22:56.920-0800][53927365ms] GC(728)   Pre Evacuate Collection Set: 0.0ms
[2023-12-20T08:22:56.920-0800][53927365ms] GC(728)   Evacuate Collection Set: 25.4ms
[2023-12-20T08:22:56.920-0800][53927365ms] GC(728)   Post Evacuate Collection Set: 3.1ms
[2023-12-20T08:22:56.920-0800][53927365ms] GC(728)   Other: 0.4ms
[2023-12-20T08:22:56.920-0800][53927365ms] GC(728) Eden regions: 753->0(753)
[2023-12-20T08:22:56.920-0800][53927365ms] GC(728) Survivor regions: 30->30(98)
[2023-12-20T08:22:56.920-0800][53927365ms] GC(728) Old regions: 161->161
[2023-12-20T08:22:56.920-0800][53927365ms] GC(728) Humongous regions: 5->5
[2023-12-20T08:22:56.920-0800][53927365ms] GC(728) Metaspace: 256253K->256253K(1294336K)
[2023-12-20T08:22:56.920-0800][53927365ms] GC(728) Pause Young (Normal) (G1 Evacuation Pause) 1896M->390M(2612M) 29.021ms
[2023-12-20T08:22:56.920-0800][53927365ms] GC(728) User=0.06s Sys=0.00s Real=0.03s
[2023-12-20T08:22:57.518-0800][53927963ms] GC(729) Pause Young (Normal) (G1 Evacuation Pause)
[2023-12-20T08:22:57.518-0800][53927963ms] GC(729) Using 10 workers of 10 for evacuation
[2023-12-20T08:22:57.546-0800][53927991ms] GC(729)   Pre Evacuate Collection Set: 0.0ms
[2023-12-20T08:22:57.546-0800][53927991ms] GC(729)   Evacuate Collection Set: 25.4ms
[2023-12-20T08:22:57.546-0800][53927991ms] GC(729)   Post Evacuate Collection Set: 2.4ms
[2023-12-20T08:22:57.546-0800][53927991ms] GC(729)   Other: 0.3ms
[2023-12-20T08:22:57.546-0800][53927991ms] GC(729) Eden regions: 753->0(753)
[2023-12-20T08:22:57.546-0800][53927991ms] GC(729) Survivor regions: 30->30(98)
[2023-12-20T08:22:57.547-0800][53927992ms] GC(729) Old regions: 161->161
[2023-12-20T08:22:57.547-0800][53927992ms] GC(729) Humongous regions: 5->5
[2023-12-20T08:22:57.547-0800][53927992ms] GC(729) Metaspace: 256253K->256253K(1294336K)
[2023-12-20T08:22:57.547-0800][53927992ms] GC(729) Pause Young (Normal) (G1 Evacuation Pause) 1896M->390M(2612M) 28.355ms
[2023-12-20T08:22:57.547-0800][53927992ms] GC(729) User=0.06s Sys=0.00s Real=0.03s
[2023-12-20T08:22:58.301-0800][53928746ms] GC(730) Pause Young (Normal) (G1 Evacuation Pause)
[2023-12-20T08:22:58.301-0800][53928746ms] GC(730) Using 10 workers of 10 for evacuation
[2023-12-20T08:22:58.336-0800][53928781ms] GC(730)   Pre Evacuate Collection Set: 0.0ms
[2023-12-20T08:22:58.336-0800][53928781ms] GC(730)   Evacuate Collection Set: 28.3ms
[2023-12-20T08:22:58.336-0800][53928781ms] GC(730)   Post Evacuate Collection Set: 6.6ms
[2023-12-20T08:22:58.337-0800][53928782ms] GC(730)   Other: 0.4ms
[2023-12-20T08:22:58.337-0800][53928782ms] GC(730) Eden regions: 753->0(753)
[2023-12-20T08:22:58.337-0800][53928782ms] GC(730) Survivor regions: 30->30(98)
[2023-12-20T08:22:58.337-0800][53928782ms] GC(730) Old regions: 161->161
[2023-12-20T08:22:58.337-0800][53928782ms] GC(730) Humongous regions: 5->5
[2023-12-20T08:22:58.337-0800][53928782ms] GC(730) Metaspace: 256253K->256253K(1294336K)
[2023-12-20T08:22:58.337-0800][53928782ms] GC(730) Pause Young (Normal) (G1 Evacuation Pause) 1896M->390M(2612M) 35.943ms
[2023-12-20T08:22:58.337-0800][53928782ms] GC(730) User=0.14s Sys=0.02s Real=0.04s
[2023-12-20T08:22:59.252-0800][53929697ms] GC(731) Pause Young (Normal) (G1 Evacuation Pause)
[2023-12-20T08:22:59.252-0800][53929697ms] GC(731) Using 10 workers of 10 for evacuation
[2023-12-20T08:22:59.283-0800][53929728ms] GC(731)   Pre Evacuate Collection Set: 0.0ms
[2023-12-20T08:22:59.283-0800][53929728ms] GC(731)   Evacuate Collection Set: 28.0ms
[2023-12-20T08:22:59.283-0800][53929728ms] GC(731)   Post Evacuate Collection Set: 2.7ms
[2023-12-20T08:22:59.283-0800][53929728ms] GC(731)   Other: 0.4ms
[2023-12-20T08:22:59.283-0800][53929728ms] GC(731) Eden regions: 753->0(753)
[2023-12-20T08:22:59.283-0800][53929728ms] GC(731) Survivor regions: 30->30(98)
[2023-12-20T08:22:59.283-0800][53929728ms] GC(731) Old regions: 161->161
[2023-12-20T08:22:59.283-0800][53929728ms] GC(731) Humongous regions: 5->5
[2023-12-20T08:22:59.283-0800][53929728ms] GC(731) Metaspace: 256253K->256253K(1294336K)
[2023-12-20T08:22:59.283-0800][53929728ms] GC(731) Pause Young (Normal) (G1 Evacuation Pause) 1896M->389M(2612M) 31.389ms
[2023-12-20T08:22:59.283-0800][53929728ms] GC(731) User=0.13s Sys=0.00s Real=0.03s
[2023-12-20T08:22:59.823-0800][53930268ms] GC(732) Pause Young (Normal) (G1 Evacuation Pause)
[2023-12-20T08:22:59.823-0800][53930268ms] GC(732) Using 10 workers of 10 for evacuation
[2023-12-20T08:22:59.852-0800][53930297ms] GC(732)   Pre Evacuate Collection Set: 0.0ms
[2023-12-20T08:22:59.852-0800][53930297ms] GC(732)   Evacuate Collection Set: 25.6ms
[2023-12-20T08:22:59.852-0800][53930297ms] GC(732)   Post Evacuate Collection Set: 2.7ms
[2023-12-20T08:22:59.852-0800][53930297ms] GC(732)   Other: 0.5ms
[2023-12-20T08:22:59.852-0800][53930297ms] GC(732) Eden regions: 753->0(753)
[2023-12-20T08:22:59.852-0800][53930297ms] GC(732) Survivor regions: 30->30(98)
[2023-12-20T08:22:59.852-0800][53930297ms] GC(732) Old regions: 161->161
[2023-12-20T08:22:59.852-0800][53930297ms] GC(732) Humongous regions: 5->5
[2023-12-20T08:22:59.852-0800][53930297ms] GC(732) Metaspace: 256253K->256253K(1294336K)
[2023-12-20T08:22:59.852-0800][53930297ms] GC(732) Pause Young (Normal) (G1 Evacuation Pause) 1895M->390M(2612M) 28.914ms
[2023-12-20T08:22:59.852-0800][53930297ms] GC(732) User=0.03s Sys=0.00s Real=0.03s
[2023-12-20T08:23:00.645-0800][53931090ms] GC(733) Pause Young (Normal) (G1 Evacuation Pause)
[2023-12-20T08:23:00.645-0800][53931090ms] GC(733) Using 10 workers of 10 for evacuation
[2023-12-20T08:23:00.675-0800][53931120ms] GC(733)   Pre Evacuate Collection Set: 0.1ms
[2023-12-20T08:23:00.675-0800][53931120ms] GC(733)   Evacuate Collection Set: 26.5ms
[2023-12-20T08:23:00.675-0800][53931120ms] GC(733)   Post Evacuate Collection Set: 2.6ms
[2023-12-20T08:23:00.675-0800][53931120ms] GC(733)   Other: 0.5ms
[2023-12-20T08:23:00.675-0800][53931120ms] GC(733) Eden regions: 753->0(753)
[2023-12-20T08:23:00.675-0800][53931120ms] GC(733) Survivor regions: 30->30(98)
[2023-12-20T08:23:00.675-0800][53931120ms] GC(733) Old regions: 161->161
[2023-12-20T08:23:00.675-0800][53931120ms] GC(733) Humongous regions: 5->5
[2023-12-20T08:23:00.675-0800][53931120ms] GC(733) Metaspace: 256253K->256253K(1294336K)
[2023-12-20T08:23:00.675-0800][53931120ms] GC(733) Pause Young (Normal) (G1 Evacuation Pause) 1896M->390M(2612M) 29.783ms
[2023-12-20T08:23:00.675-0800][53931120ms] GC(733) User=0.13s Sys=0.00s Real=0.03s
[2023-12-20T08:23:01.662-0800][53932107ms] GC(734) Pause Young (Normal) (G1 Evacuation Pause)
[2023-12-20T08:23:01.662-0800][53932107ms] GC(734) Using 10 workers of 10 for evacuation
[2023-12-20T08:23:01.691-0800][53932136ms] GC(734)   Pre Evacuate Collection Set: 0.0ms
[2023-12-20T08:23:01.691-0800][53932136ms] GC(734)   Evacuate Collection Set: 27.2ms
[2023-12-20T08:23:01.691-0800][53932136ms] GC(734)   Post Evacuate Collection Set: 2.3ms
[2023-12-20T08:23:01.691-0800][53932136ms] GC(734)   Other: 0.4ms
[2023-12-20T08:23:01.691-0800][53932136ms] GC(734) Eden regions: 753->0(753)
[2023-12-20T08:23:01.691-0800][53932136ms] GC(734) Survivor regions: 30->30(98)
[2023-12-20T08:23:01.691-0800][53932136ms] GC(734) Old regions: 161->161
[2023-12-20T08:23:01.691-0800][53932136ms] GC(734) Humongous regions: 5->5
[2023-12-20T08:23:01.691-0800][53932136ms] GC(734) Metaspace: 256253K->256253K(1294336K)
[2023-12-20T08:23:01.691-0800][53932136ms] GC(734) Pause Young (Normal) (G1 Evacuation Pause) 1896M->390M(2612M) 30.015ms
[2023-12-20T08:23:01.691-0800][53932136ms] GC(734) User=0.27s Sys=0.00s Real=0.03s
[2023-12-20T08:23:02.546-0800][53932991ms] GC(735) Pause Young (Normal) (G1 Evacuation Pause)
[2023-12-20T08:23:02.546-0800][53932991ms] GC(735) Using 10 workers of 10 for evacuation
[2023-12-20T08:23:02.578-0800][53933023ms] GC(735)   Pre Evacuate Collection Set: 0.0ms
[2023-12-20T08:23:02.578-0800][53933023ms] GC(735)   Evacuate Collection Set: 29.3ms
[2023-12-20T08:23:02.578-0800][53933023ms] GC(735)   Post Evacuate Collection Set: 3.0ms
[2023-12-20T08:23:02.578-0800][53933023ms] GC(735)   Other: 0.4ms
[2023-12-20T08:23:02.578-0800][53933023ms] GC(735) Eden regions: 753->0(753)
[2023-12-20T08:23:02.578-0800][53933023ms] GC(735) Survivor regions: 30->30(98)
[2023-12-20T08:23:02.578-0800][53933023ms] GC(735) Old regions: 161->161
[2023-12-20T08:23:02.578-0800][53933023ms] GC(735) Humongous regions: 5->5
[2023-12-20T08:23:02.578-0800][53933023ms] GC(735) Metaspace: 256253K->256253K(1294336K)
[2023-12-20T08:23:02.578-0800][53933023ms] GC(735) Pause Young (Normal) (G1 Evacuation Pause) 1896M->389M(2612M) 32.778ms
[2023-12-20T08:23:02.578-0800][53933023ms] GC(735) User=0.16s Sys=0.00s Real=0.03s
[2023-12-20T08:23:03.411-0800][53933856ms] GC(736) Pause Young (Normal) (G1 Evacuation Pause)
[2023-12-20T08:23:03.411-0800][53933856ms] GC(736) Using 10 workers of 10 for evacuation
[2023-12-20T08:23:03.440-0800][53933885ms] GC(736)   Pre Evacuate Collection Set: 0.0ms
[2023-12-20T08:23:03.440-0800][53933885ms] GC(736)   Evacuate Collection Set: 26.5ms
[2023-12-20T08:23:03.440-0800][53933885ms] GC(736)   Post Evacuate Collection Set: 3.0ms
[2023-12-20T08:23:03.440-0800][53933885ms] GC(736)   Other: 0.4ms
[2023-12-20T08:23:03.440-0800][53933885ms] GC(736) Eden regions: 753->0(753)
[2023-12-20T08:23:03.440-0800][53933885ms] GC(736) Survivor regions: 30->30(98)
[2023-12-20T08:23:03.440-0800][53933885ms] GC(736) Old regions: 161->161
[2023-12-20T08:23:03.440-0800][53933885ms] GC(736) Humongous regions: 5->5
[2023-12-20T08:23:03.440-0800][53933885ms] GC(736) Metaspace: 256253K->256253K(1294336K)
[2023-12-20T08:23:03.440-0800][53933885ms] GC(736) Pause Young (Normal) (G1 Evacuation Pause) 1895M->390M(2612M) 30.060ms
[2023-12-20T08:23:03.440-0800][53933885ms] GC(736) User=0.08s Sys=0.00s Real=0.03s
[2023-12-20T08:23:04.308-0800][53934753ms] GC(737) Pause Young (Normal) (G1 Evacuation Pause)
[2023-12-20T08:23:04.308-0800][53934753ms] GC(737) Using 10 workers of 10 for evacuation
[2023-12-20T08:23:04.343-0800][53934788ms] GC(737)   Pre Evacuate Collection Set: 0.0ms
[2023-12-20T08:23:04.343-0800][53934788ms] GC(737)   Evacuate Collection Set: 32.1ms
[2023-12-20T08:23:04.343-0800][53934788ms] GC(737)   Post Evacuate Collection Set: 2.6ms
[2023-12-20T08:23:04.343-0800][53934788ms] GC(737)   Other: 0.4ms
[2023-12-20T08:23:04.343-0800][53934788ms] GC(737) Eden regions: 753->0(753)
[2023-12-20T08:23:04.343-0800][53934788ms] GC(737) Survivor regions: 30->30(98)
[2023-12-20T08:23:04.343-0800][53934788ms] GC(737) Old regions: 161->161
[2023-12-20T08:23:04.343-0800][53934788ms] GC(737) Humongous regions: 5->5
[2023-12-20T08:23:04.343-0800][53934788ms] GC(737) Metaspace: 256253K->256253K(1294336K)
[2023-12-20T08:23:04.343-0800][53934788ms] GC(737) Pause Young (Normal) (G1 Evacuation Pause) 1896M->389M(2612M) 35.226ms
[2023-12-20T08:23:04.343-0800][53934788ms] GC(737) User=0.09s Sys=0.00s Real=0.03s
[2023-12-20T08:23:05.415-0800][53935860ms] GC(738) Pause Young (Normal) (G1 Evacuation Pause)
[2023-12-20T08:23:05.415-0800][53935860ms] GC(738) Using 10 workers of 10 for evacuation
[2023-12-20T08:23:05.446-0800][53935891ms] GC(738)   Pre Evacuate Collection Set: 0.0ms
[2023-12-20T08:23:05.446-0800][53935891ms] GC(738)   Evacuate Collection Set: 28.6ms
[2023-12-20T08:23:05.446-0800][53935891ms] GC(738)   Post Evacuate Collection Set: 3.2ms
[2023-12-20T08:23:05.446-0800][53935891ms] GC(738)   Other: 0.4ms
[2023-12-20T08:23:05.446-0800][53935891ms] GC(738) Eden regions: 753->0(753)
[2023-12-20T08:23:05.446-0800][53935891ms] GC(738) Survivor regions: 30->30(98)
[2023-12-20T08:23:05.446-0800][53935891ms] GC(738) Old regions: 161->161
[2023-12-20T08:23:05.446-0800][53935891ms] GC(738) Humongous regions: 5->5
[2023-12-20T08:23:05.446-0800][53935891ms] GC(738) Metaspace: 256253K->256253K(1294336K)
[2023-12-20T08:23:05.446-0800][53935891ms] GC(738) Pause Young (Normal) (G1 Evacuation Pause) 1895M->389M(2612M) 32.479ms
[2023-12-20T08:23:05.446-0800][53935891ms] GC(738) User=0.16s Sys=0.00s Real=0.03s
[2023-12-20T08:23:06.403-0800][53936848ms] GC(739) Pause Young (Normal) (G1 Evacuation Pause)
[2023-12-20T08:23:06.403-0800][53936848ms] GC(739) Using 10 workers of 10 for evacuation
[2023-12-20T08:23:06.433-0800][53936878ms] GC(739)   Pre Evacuate Collection Set: 0.0ms
[2023-12-20T08:23:06.433-0800][53936878ms] GC(739)   Evacuate Collection Set: 27.6ms
[2023-12-20T08:23:06.433-0800][53936878ms] GC(739)   Post Evacuate Collection Set: 2.2ms
[2023-12-20T08:23:06.433-0800][53936878ms] GC(739)   Other: 0.4ms
[2023-12-20T08:23:06.433-0800][53936878ms] GC(739) Eden regions: 753->0(753)
[2023-12-20T08:23:06.433-0800][53936878ms] GC(739) Survivor regions: 30->30(98)
[2023-12-20T08:23:06.433-0800][53936878ms] GC(739) Old regions: 161->161
[2023-12-20T08:23:06.433-0800][53936878ms] GC(739) Humongous regions: 5->5
[2023-12-20T08:23:06.433-0800][53936878ms] GC(739) Metaspace: 256253K->256253K(1294336K)
[2023-12-20T08:23:06.433-0800][53936878ms] GC(739) Pause Young (Normal) (G1 Evacuation Pause) 1895M->390M(2612M) 30.372ms
[2023-12-20T08:23:06.433-0800][53936878ms] GC(739) User=0.05s Sys=0.00s Real=0.03s
[2023-12-20T08:23:07.212-0800][53937657ms] GC(740) Pause Young (Normal) (G1 Evacuation Pause)
[2023-12-20T08:23:07.212-0800][53937657ms] GC(740) Using 10 workers of 10 for evacuation
[2023-12-20T08:23:07.242-0800][53937687ms] GC(740)   Pre Evacuate Collection Set: 0.0ms
[2023-12-20T08:23:07.243-0800][53937688ms] GC(740)   Evacuate Collection Set: 27.1ms
[2023-12-20T08:23:07.243-0800][53937688ms] GC(740)   Post Evacuate Collection Set: 2.8ms
[2023-12-20T08:23:07.243-0800][53937688ms] GC(740)   Other: 0.4ms
[2023-12-20T08:23:07.243-0800][53937688ms] GC(740) Eden regions: 753->0(753)
[2023-12-20T08:23:07.243-0800][53937688ms] GC(740) Survivor regions: 30->30(98)
[2023-12-20T08:23:07.243-0800][53937688ms] GC(740) Old regions: 161->161
[2023-12-20T08:23:07.243-0800][53937688ms] GC(740) Humongous regions: 5->5
[2023-12-20T08:23:07.243-0800][53937688ms] GC(740) Metaspace: 256253K->256253K(1294336K)
[2023-12-20T08:23:07.243-0800][53937688ms] GC(740) Pause Young (Normal) (G1 Evacuation Pause) 1896M->390M(2612M) 30.523ms
[2023-12-20T08:23:07.243-0800][53937688ms] GC(740) User=0.03s Sys=0.00s Real=0.03s
[2023-12-20T08:23:08.041-0800][53938486ms] GC(741) Pause Young (Normal) (G1 Evacuation Pause)
[2023-12-20T08:23:08.041-0800][53938486ms] GC(741) Using 10 workers of 10 for evacuation
[2023-12-20T08:23:08.070-0800][53938515ms] GC(741)   Pre Evacuate Collection Set: 0.0ms
[2023-12-20T08:23:08.070-0800][53938515ms] GC(741)   Evacuate Collection Set: 26.2ms
[2023-12-20T08:23:08.070-0800][53938515ms] GC(741)   Post Evacuate Collection Set: 2.4ms
[2023-12-20T08:23:08.070-0800][53938515ms] GC(741)   Other: 0.4ms
[2023-12-20T08:23:08.070-0800][53938515ms] GC(741) Eden regions: 753->0(753)
[2023-12-20T08:23:08.070-0800][53938515ms] GC(741) Survivor regions: 30->30(98)
[2023-12-20T08:23:08.070-0800][53938515ms] GC(741) Old regions: 161->161
[2023-12-20T08:23:08.070-0800][53938515ms] GC(741) Humongous regions: 5->5
[2023-12-20T08:23:08.070-0800][53938515ms] GC(741) Metaspace: 256253K->256253K(1294336K)
[2023-12-20T08:23:08.070-0800][53938515ms] GC(741) Pause Young (Normal) (G1 Evacuation Pause) 1896M->390M(2612M) 29.097ms
[2023-12-20T08:23:08.070-0800][53938515ms] GC(741) User=0.11s Sys=0.00s Real=0.03s
[2023-12-20T08:23:08.865-0800][53939310ms] GC(742) Pause Young (Normal) (G1 Evacuation Pause)
[2023-12-20T08:23:08.865-0800][53939310ms] GC(742) Using 10 workers of 10 for evacuation
[2023-12-20T08:23:08.895-0800][53939340ms] GC(742)   Pre Evacuate Collection Set: 0.1ms
[2023-12-20T08:23:08.895-0800][53939340ms] GC(742)   Evacuate Collection Set: 26.7ms
[2023-12-20T08:23:08.895-0800][53939340ms] GC(742)   Post Evacuate Collection Set: 2.8ms
[2023-12-20T08:23:08.895-0800][53939340ms] GC(742)   Other: 0.5ms
[2023-12-20T08:23:08.895-0800][53939340ms] GC(742) Eden regions: 753->0(752)
[2023-12-20T08:23:08.895-0800][53939340ms] GC(742) Survivor regions: 30->31(98)
[2023-12-20T08:23:08.895-0800][53939340ms] GC(742) Old regions: 161->161
[2023-12-20T08:23:08.895-0800][53939340ms] GC(742) Humongous regions: 5->5
[2023-12-20T08:23:08.895-0800][53939340ms] GC(742) Metaspace: 256253K->256253K(1294336K)
[2023-12-20T08:23:08.895-0800][53939340ms] GC(742) Pause Young (Normal) (G1 Evacuation Pause) 1896M->391M(2612M) 30.126ms
[2023-12-20T08:23:08.895-0800][53939341ms] GC(742) User=0.13s Sys=0.00s Real=0.03s
[2023-12-20T08:23:09.844-0800][53940289ms] GC(743) Pause Young (Normal) (G1 Evacuation Pause)
[2023-12-20T08:23:09.844-0800][53940289ms] GC(743) Using 10 workers of 10 for evacuation
[2023-12-20T08:23:09.882-0800][53940327ms] GC(743)   Pre Evacuate Collection Set: 0.1ms
[2023-12-20T08:23:09.882-0800][53940327ms] GC(743)   Evacuate Collection Set: 34.5ms
[2023-12-20T08:23:09.882-0800][53940327ms] GC(743)   Post Evacuate Collection Set: 3.5ms
[2023-12-20T08:23:09.882-0800][53940327ms] GC(743)   Other: 0.4ms
[2023-12-20T08:23:09.882-0800][53940327ms] GC(743) Eden regions: 752->0(754)
[2023-12-20T08:23:09.882-0800][53940327ms] GC(743) Survivor regions: 31->29(98)
[2023-12-20T08:23:09.882-0800][53940327ms] GC(743) Old regions: 161->161
[2023-12-20T08:23:09.882-0800][53940327ms] GC(743) Humongous regions: 5->5
[2023-12-20T08:23:09.882-0800][53940327ms] GC(743) Metaspace: 256253K->256253K(1294336K)
[2023-12-20T08:23:09.882-0800][53940327ms] GC(743) Pause Young (Normal) (G1 Evacuation Pause) 1895M->387M(2612M) 38.584ms
[2023-12-20T08:23:09.882-0800][53940327ms] GC(743) User=0.25s Sys=0.00s Real=0.04s
[2023-12-20T08:23:10.888-0800][53941333ms] GC(744) Pause Young (Normal) (G1 Evacuation Pause)
[2023-12-20T08:23:10.888-0800][53941333ms] GC(744) Using 10 workers of 10 for evacuation
[2023-12-20T08:23:10.919-0800][53941364ms] GC(744)   Pre Evacuate Collection Set: 0.0ms
[2023-12-20T08:23:10.919-0800][53941364ms] GC(744)   Evacuate Collection Set: 27.8ms
[2023-12-20T08:23:10.919-0800][53941364ms] GC(744)   Post Evacuate Collection Set: 2.6ms
[2023-12-20T08:23:10.919-0800][53941364ms] GC(744)   Other: 0.4ms
[2023-12-20T08:23:10.919-0800][53941364ms] GC(744) Eden regions: 754->0(753)
[2023-12-20T08:23:10.919-0800][53941364ms] GC(744) Survivor regions: 29->30(98)
[2023-12-20T08:23:10.919-0800][53941364ms] GC(744) Old regions: 161->161
[2023-12-20T08:23:10.919-0800][53941364ms] GC(744) Humongous regions: 5->5
[2023-12-20T08:23:10.919-0800][53941364ms] GC(744) Metaspace: 256253K->256253K(1294336K)
[2023-12-20T08:23:10.919-0800][53941364ms] GC(744) Pause Young (Normal) (G1 Evacuation Pause) 1895M->389M(2612M) 30.952ms
[2023-12-20T08:23:10.919-0800][53941364ms] GC(744) User=0.08s Sys=0.00s Real=0.03s
[2023-12-20T08:23:12.107-0800][53942552ms] GC(745) Pause Young (Normal) (G1 Evacuation Pause)
[2023-12-20T08:23:12.107-0800][53942552ms] GC(745) Using 10 workers of 10 for evacuation
[2023-12-20T08:23:12.137-0800][53942582ms] GC(745)   Pre Evacuate Collection Set: 0.0ms
[2023-12-20T08:23:12.137-0800][53942582ms] GC(745)   Evacuate Collection Set: 27.1ms
[2023-12-20T08:23:12.137-0800][53942582ms] GC(745)   Post Evacuate Collection Set: 2.4ms
[2023-12-20T08:23:12.137-0800][53942582ms] GC(745)   Other: 0.4ms
[2023-12-20T08:23:12.137-0800][53942582ms] GC(745) Eden regions: 753->0(753)
[2023-12-20T08:23:12.137-0800][53942582ms] GC(745) Survivor regions: 30->30(98)
[2023-12-20T08:23:12.137-0800][53942582ms] GC(745) Old regions: 161->161
[2023-12-20T08:23:12.137-0800][53942582ms] GC(745) Humongous regions: 5->5
[2023-12-20T08:23:12.137-0800][53942582ms] GC(745) Metaspace: 256253K->256253K(1294336K)
[2023-12-20T08:23:12.137-0800][53942582ms] GC(745) Pause Young (Normal) (G1 Evacuation Pause) 1895M->390M(2612M) 30.113ms
[2023-12-20T08:23:12.137-0800][53942582ms] GC(745) User=0.06s Sys=0.00s Real=0.03s
[2023-12-20T08:23:13.090-0800][53943535ms] GC(746) Pause Young (Normal) (G1 Evacuation Pause)
[2023-12-20T08:23:13.090-0800][53943535ms] GC(746) Using 10 workers of 10 for evacuation
[2023-12-20T08:23:13.119-0800][53943564ms] GC(746)   Pre Evacuate Collection Set: 0.0ms
[2023-12-20T08:23:13.119-0800][53943564ms] GC(746)   Evacuate Collection Set: 27.3ms
[2023-12-20T08:23:13.119-0800][53943564ms] GC(746)   Post Evacuate Collection Set: 2.4ms
[2023-12-20T08:23:13.119-0800][53943564ms] GC(746)   Other: 0.3ms
[2023-12-20T08:23:13.119-0800][53943564ms] GC(746) Eden regions: 753->0(753)
[2023-12-20T08:23:13.119-0800][53943564ms] GC(746) Survivor regions: 30->30(98)
[2023-12-20T08:23:13.119-0800][53943564ms] GC(746) Old regions: 161->161
[2023-12-20T08:23:13.119-0800][53943564ms] GC(746) Humongous regions: 5->5
[2023-12-20T08:23:13.119-0800][53943564ms] GC(746) Metaspace: 256253K->256253K(1294336K)
[2023-12-20T08:23:13.119-0800][53943564ms] GC(746) Pause Young (Normal) (G1 Evacuation Pause) 1896M->389M(2612M) 30.228ms
[2023-12-20T08:23:13.119-0800][53943564ms] GC(746) User=0.06s Sys=0.00s Real=0.03s
[2023-12-20T08:23:14.062-0800][53944507ms] GC(747) Pause Young (Normal) (G1 Evacuation Pause)
[2023-12-20T08:23:14.062-0800][53944507ms] GC(747) Using 10 workers of 10 for evacuation
[2023-12-20T08:23:14.092-0800][53944537ms] GC(747)   Pre Evacuate Collection Set: 0.0ms
[2023-12-20T08:23:14.092-0800][53944537ms] GC(747)   Evacuate Collection Set: 26.6ms
[2023-12-20T08:23:14.092-0800][53944537ms] GC(747)   Post Evacuate Collection Set: 2.6ms
[2023-12-20T08:23:14.092-0800][53944537ms] GC(747)   Other: 0.4ms
[2023-12-20T08:23:14.092-0800][53944537ms] GC(747) Eden regions: 753->0(753)
[2023-12-20T08:23:14.092-0800][53944537ms] GC(747) Survivor regions: 30->30(98)
[2023-12-20T08:23:14.092-0800][53944537ms] GC(747) Old regions: 161->161
[2023-12-20T08:23:14.092-0800][53944537ms] GC(747) Humongous regions: 5->5
[2023-12-20T08:23:14.092-0800][53944537ms] GC(747) Metaspace: 256253K->256253K(1294336K)
[2023-12-20T08:23:14.092-0800][53944537ms] GC(747) Pause Young (Normal) (G1 Evacuation Pause) 1895M->389M(2612M) 29.721ms
[2023-12-20T08:23:14.092-0800][53944537ms] GC(747) User=0.09s Sys=0.00s Real=0.03s
[2023-12-20T08:23:15.008-0800][53945453ms] GC(748) Pause Young (Normal) (G1 Evacuation Pause)
[2023-12-20T08:23:15.008-0800][53945453ms] GC(748) Using 10 workers of 10 for evacuation
[2023-12-20T08:23:15.039-0800][53945484ms] GC(748)   Pre Evacuate Collection Set: 0.0ms
[2023-12-20T08:23:15.040-0800][53945485ms] GC(748)   Evacuate Collection Set: 27.3ms
[2023-12-20T08:23:15.040-0800][53945485ms] GC(748)   Post Evacuate Collection Set: 3.7ms
[2023-12-20T08:23:15.040-0800][53945485ms] GC(748)   Other: 0.4ms
[2023-12-20T08:23:15.040-0800][53945485ms] GC(748) Eden regions: 753->0(753)
[2023-12-20T08:23:15.040-0800][53945485ms] GC(748) Survivor regions: 30->30(98)
[2023-12-20T08:23:15.040-0800][53945485ms] GC(748) Old regions: 161->161
[2023-12-20T08:23:15.040-0800][53945485ms] GC(748) Humongous regions: 5->5
[2023-12-20T08:23:15.040-0800][53945485ms] GC(748) Metaspace: 256253K->256253K(1294336K)
[2023-12-20T08:23:15.040-0800][53945485ms] GC(748) Pause Young (Normal) (G1 Evacuation Pause) 1895M->390M(2612M) 31.590ms
[2023-12-20T08:23:15.040-0800][53945485ms] GC(748) User=0.11s Sys=0.00s Real=0.03s
[2023-12-20T08:23:16.078-0800][53946523ms] GC(749) Pause Young (Normal) (GCLocker Initiated GC)
[2023-12-20T08:23:16.078-0800][53946523ms] GC(749) Using 10 workers of 10 for evacuation
[2023-12-20T08:23:16.108-0800][53946553ms] GC(749)   Pre Evacuate Collection Set: 0.0ms
[2023-12-20T08:23:16.108-0800][53946553ms] GC(749)   Evacuate Collection Set: 27.4ms
[2023-12-20T08:23:16.108-0800][53946553ms] GC(749)   Post Evacuate Collection Set: 2.4ms
[2023-12-20T08:23:16.108-0800][53946553ms] GC(749)   Other: 0.4ms
[2023-12-20T08:23:16.108-0800][53946553ms] GC(749) Eden regions: 754->0(753)
[2023-12-20T08:23:16.108-0800][53946553ms] GC(749) Survivor regions: 30->30(98)
[2023-12-20T08:23:16.108-0800][53946553ms] GC(749) Old regions: 161->161
[2023-12-20T08:23:16.108-0800][53946553ms] GC(749) Humongous regions: 5->5
[2023-12-20T08:23:16.108-0800][53946553ms] GC(749) Metaspace: 256254K->256254K(1294336K)
[2023-12-20T08:23:16.108-0800][53946553ms] GC(749) Pause Young (Normal) (GCLocker Initiated GC) 1897M->389M(2612M) 30.318ms
[2023-12-20T08:23:16.108-0800][53946553ms] GC(749) User=0.09s Sys=0.00s Real=0.03s
[2023-12-20T08:23:17.219-0800][53947664ms] GC(750) Pause Young (Normal) (GCLocker Initiated GC)
[2023-12-20T08:23:17.219-0800][53947664ms] GC(750) Using 10 workers of 10 for evacuation
[2023-12-20T08:23:17.250-0800][53947695ms] GC(750)   Pre Evacuate Collection Set: 0.0ms
[2023-12-20T08:23:17.250-0800][53947695ms] GC(750)   Evacuate Collection Set: 28.3ms
[2023-12-20T08:23:17.250-0800][53947695ms] GC(750)   Post Evacuate Collection Set: 2.5ms
[2023-12-20T08:23:17.250-0800][53947695ms] GC(750)   Other: 0.4ms
[2023-12-20T08:23:17.250-0800][53947695ms] GC(750) Eden regions: 754->0(753)
[2023-12-20T08:23:17.250-0800][53947695ms] GC(750) Survivor regions: 30->30(98)
[2023-12-20T08:23:17.250-0800][53947695ms] GC(750) Old regions: 161->161
[2023-12-20T08:23:17.250-0800][53947695ms] GC(750) Humongous regions: 5->5
[2023-12-20T08:23:17.250-0800][53947695ms] GC(750) Metaspace: 256254K->256254K(1294336K)
[2023-12-20T08:23:17.250-0800][53947695ms] GC(750) Pause Young (Normal) (GCLocker Initiated GC) 1896M->389M(2612M) 31.319ms
[2023-12-20T08:23:17.250-0800][53947695ms] GC(750) User=0.11s Sys=0.00s Real=0.03s
[2023-12-20T08:23:18.220-0800][53948665ms] GC(751) Pause Young (Normal) (G1 Evacuation Pause)
[2023-12-20T08:23:18.220-0800][53948665ms] GC(751) Using 10 workers of 10 for evacuation
[2023-12-20T08:23:18.252-0800][53948697ms] GC(751)   Pre Evacuate Collection Set: 0.0ms
[2023-12-20T08:23:18.252-0800][53948697ms] GC(751)   Evacuate Collection Set: 28.8ms
[2023-12-20T08:23:18.252-0800][53948697ms] GC(751)   Post Evacuate Collection Set: 3.2ms
[2023-12-20T08:23:18.252-0800][53948697ms] GC(751)   Other: 0.4ms
[2023-12-20T08:23:18.252-0800][53948697ms] GC(751) Eden regions: 753->0(753)
[2023-12-20T08:23:18.252-0800][53948697ms] GC(751) Survivor regions: 30->30(98)
[2023-12-20T08:23:18.252-0800][53948697ms] GC(751) Old regions: 161->161
[2023-12-20T08:23:18.252-0800][53948697ms] GC(751) Humongous regions: 5->5
[2023-12-20T08:23:18.252-0800][53948697ms] GC(751) Metaspace: 256254K->256254K(1294336K)
[2023-12-20T08:23:18.252-0800][53948697ms] GC(751) Pause Young (Normal) (G1 Evacuation Pause) 1895M->389M(2612M) 32.534ms
[2023-12-20T08:23:18.252-0800][53948697ms] GC(751) User=0.16s Sys=0.00s Real=0.03s
[2023-12-20T08:23:19.191-0800][53949636ms] GC(752) Pause Young (Normal) (G1 Evacuation Pause)
[2023-12-20T08:23:19.191-0800][53949636ms] GC(752) Using 10 workers of 10 for evacuation
[2023-12-20T08:23:19.221-0800][53949666ms] GC(752)   Pre Evacuate Collection Set: 0.0ms
[2023-12-20T08:23:19.221-0800][53949666ms] GC(752)   Evacuate Collection Set: 27.8ms
[2023-12-20T08:23:19.221-0800][53949666ms] GC(752)   Post Evacuate Collection Set: 2.3ms
[2023-12-20T08:23:19.221-0800][53949666ms] GC(752)   Other: 0.4ms
[2023-12-20T08:23:19.221-0800][53949666ms] GC(752) Eden regions: 753->0(753)
[2023-12-20T08:23:19.221-0800][53949666ms] GC(752) Survivor regions: 30->30(98)
[2023-12-20T08:23:19.221-0800][53949666ms] GC(752) Old regions: 161->161
[2023-12-20T08:23:19.221-0800][53949666ms] GC(752) Humongous regions: 5->5
[2023-12-20T08:23:19.221-0800][53949666ms] GC(752) Metaspace: 256254K->256254K(1294336K)
[2023-12-20T08:23:19.221-0800][53949666ms] GC(752) Pause Young (Normal) (G1 Evacuation Pause) 1895M->390M(2612M) 30.592ms
[2023-12-20T08:23:19.221-0800][53949666ms] GC(752) User=0.14s Sys=0.00s Real=0.03s
[2023-12-20T08:23:20.214-0800][53950659ms] GC(753) Pause Young (Normal) (G1 Evacuation Pause)
[2023-12-20T08:23:20.214-0800][53950659ms] GC(753) Using 10 workers of 10 for evacuation
[2023-12-20T08:23:20.245-0800][53950690ms] GC(753)   Pre Evacuate Collection Set: 0.0ms
[2023-12-20T08:23:20.245-0800][53950690ms] GC(753)   Evacuate Collection Set: 27.4ms
[2023-12-20T08:23:20.245-0800][53950690ms] GC(753)   Post Evacuate Collection Set: 2.9ms
[2023-12-20T08:23:20.245-0800][53950690ms] GC(753)   Other: 0.4ms
[2023-12-20T08:23:20.245-0800][53950690ms] GC(753) Eden regions: 753->0(753)
[2023-12-20T08:23:20.245-0800][53950690ms] GC(753) Survivor regions: 30->30(98)
[2023-12-20T08:23:20.245-0800][53950690ms] GC(753) Old regions: 161->161
[2023-12-20T08:23:20.245-0800][53950690ms] GC(753) Humongous regions: 5->5
[2023-12-20T08:23:20.245-0800][53950690ms] GC(753) Metaspace: 256254K->256254K(1294336K)
[2023-12-20T08:23:20.245-0800][53950690ms] GC(753) Pause Young (Normal) (G1 Evacuation Pause) 1896M->390M(2612M) 30.788ms
[2023-12-20T08:23:20.245-0800][53950690ms] GC(753) User=0.05s Sys=0.00s Real=0.03s
[2023-12-20T08:23:21.137-0800][53951582ms] GC(754) Pause Young (Normal) (G1 Evacuation Pause)
[2023-12-20T08:23:21.138-0800][53951583ms] GC(754) Using 10 workers of 10 for evacuation
[2023-12-20T08:23:21.168-0800][53951613ms] GC(754)   Pre Evacuate Collection Set: 0.0ms
[2023-12-20T08:23:21.168-0800][53951613ms] GC(754)   Evacuate Collection Set: 27.8ms
[2023-12-20T08:23:21.168-0800][53951613ms] GC(754)   Post Evacuate Collection Set: 2.4ms
[2023-12-20T08:23:21.168-0800][53951613ms] GC(754)   Other: 0.4ms
[2023-12-20T08:23:21.168-0800][53951613ms] GC(754) Eden regions: 753->0(753)
[2023-12-20T08:23:21.168-0800][53951613ms] GC(754) Survivor regions: 30->30(98)
[2023-12-20T08:23:21.168-0800][53951613ms] GC(754) Old regions: 161->161
[2023-12-20T08:23:21.168-0800][53951613ms] GC(754) Humongous regions: 5->5
[2023-12-20T08:23:21.168-0800][53951613ms] GC(754) Metaspace: 256254K->256254K(1294336K)
[2023-12-20T08:23:21.168-0800][53951613ms] GC(754) Pause Young (Normal) (G1 Evacuation Pause) 1896M->390M(2612M) 30.762ms
[2023-12-20T08:23:21.168-0800][53951613ms] GC(754) User=0.06s Sys=0.00s Real=0.03s
[2023-12-20T08:23:22.092-0800][53952537ms] GC(755) Pause Young (Normal) (G1 Evacuation Pause)
[2023-12-20T08:23:22.092-0800][53952537ms] GC(755) Using 10 workers of 10 for evacuation
[2023-12-20T08:23:22.123-0800][53952568ms] GC(755)   Pre Evacuate Collection Set: 0.0ms
[2023-12-20T08:23:22.123-0800][53952568ms] GC(755)   Evacuate Collection Set: 27.0ms
[2023-12-20T08:23:22.123-0800][53952568ms] GC(755)   Post Evacuate Collection Set: 2.4ms
[2023-12-20T08:23:22.123-0800][53952568ms] GC(755)   Other: 0.4ms
[2023-12-20T08:23:22.123-0800][53952568ms] GC(755) Eden regions: 753->0(753)
[2023-12-20T08:23:22.123-0800][53952568ms] GC(755) Survivor regions: 30->30(98)
[2023-12-20T08:23:22.123-0800][53952568ms] GC(755) Old regions: 161->161
[2023-12-20T08:23:22.123-0800][53952568ms] GC(755) Humongous regions: 5->5
[2023-12-20T08:23:22.123-0800][53952568ms] GC(755) Metaspace: 256254K->256254K(1294336K)
[2023-12-20T08:23:22.123-0800][53952568ms] GC(755) Pause Young (Normal) (G1 Evacuation Pause) 1896M->390M(2612M) 29.980ms
[2023-12-20T08:23:22.123-0800][53952568ms] GC(755) User=0.13s Sys=0.00s Real=0.03s
[2023-12-20T08:23:22.979-0800][53953424ms] GC(756) Pause Young (Normal) (G1 Evacuation Pause)
[2023-12-20T08:23:22.979-0800][53953424ms] GC(756) Using 10 workers of 10 for evacuation
[2023-12-20T08:23:23.010-0800][53953455ms] GC(756)   Pre Evacuate Collection Set: 0.1ms
[2023-12-20T08:23:23.010-0800][53953455ms] GC(756)   Evacuate Collection Set: 28.1ms
[2023-12-20T08:23:23.010-0800][53953455ms] GC(756)   Post Evacuate Collection Set: 2.9ms
[2023-12-20T08:23:23.010-0800][53953455ms] GC(756)   Other: 0.5ms
[2023-12-20T08:23:23.010-0800][53953455ms] GC(756) Eden regions: 753->0(753)
[2023-12-20T08:23:23.010-0800][53953455ms] GC(756) Survivor regions: 30->30(98)
[2023-12-20T08:23:23.010-0800][53953455ms] GC(756) Old regions: 161->161
[2023-12-20T08:23:23.010-0800][53953455ms] GC(756) Humongous regions: 5->5
[2023-12-20T08:23:23.010-0800][53953455ms] GC(756) Metaspace: 256254K->256254K(1294336K)
[2023-12-20T08:23:23.010-0800][53953455ms] GC(756) Pause Young (Normal) (G1 Evacuation Pause) 1896M->390M(2612M) 31.608ms
[2023-12-20T08:23:23.010-0800][53953455ms] GC(756) User=0.14s Sys=0.00s Real=0.03s
[2023-12-20T08:23:23.864-0800][53954309ms] GC(757) Pause Young (Normal) (G1 Evacuation Pause)
[2023-12-20T08:23:23.864-0800][53954309ms] GC(757) Using 10 workers of 10 for evacuation
[2023-12-20T08:23:23.894-0800][53954339ms] GC(757)   Pre Evacuate Collection Set: 0.0ms
[2023-12-20T08:23:23.894-0800][53954339ms] GC(757)   Evacuate Collection Set: 27.0ms
[2023-12-20T08:23:23.894-0800][53954339ms] GC(757)   Post Evacuate Collection Set: 2.4ms
[2023-12-20T08:23:23.894-0800][53954339ms] GC(757)   Other: 0.4ms
[2023-12-20T08:23:23.894-0800][53954339ms] GC(757) Eden regions: 753->0(754)
[2023-12-20T08:23:23.894-0800][53954339ms] GC(757) Survivor regions: 30->29(98)
[2023-12-20T08:23:23.894-0800][53954339ms] GC(757) Old regions: 161->161
[2023-12-20T08:23:23.894-0800][53954339ms] GC(757) Humongous regions: 5->5
[2023-12-20T08:23:23.894-0800][53954339ms] GC(757) Metaspace: 256254K->256254K(1294336K)
[2023-12-20T08:23:23.894-0800][53954339ms] GC(757) Pause Young (Normal) (G1 Evacuation Pause) 1896M->388M(2612M) 30.098ms
[2023-12-20T08:23:23.894-0800][53954339ms] GC(757) User=0.09s Sys=0.00s Real=0.03s
[2023-12-20T08:23:24.711-0800][53955156ms] GC(758) Pause Young (Normal) (G1 Evacuation Pause)
[2023-12-20T08:23:24.711-0800][53955156ms] GC(758) Using 10 workers of 10 for evacuation
[2023-12-20T08:23:24.741-0800][53955186ms] GC(758)   Pre Evacuate Collection Set: 0.0ms
[2023-12-20T08:23:24.741-0800][53955186ms] GC(758)   Evacuate Collection Set: 27.6ms
[2023-12-20T08:23:24.741-0800][53955186ms] GC(758)   Post Evacuate Collection Set: 2.5ms
[2023-12-20T08:23:24.741-0800][53955186ms] GC(758)   Other: 0.4ms
[2023-12-20T08:23:24.741-0800][53955186ms] GC(758) Eden regions: 754->0(753)
[2023-12-20T08:23:24.741-0800][53955186ms] GC(758) Survivor regions: 29->30(98)
[2023-12-20T08:23:24.741-0800][53955186ms] GC(758) Old regions: 161->161
[2023-12-20T08:23:24.741-0800][53955186ms] GC(758) Humongous regions: 5->5
[2023-12-20T08:23:24.741-0800][53955186ms] GC(758) Metaspace: 256254K->256254K(1294336K)
[2023-12-20T08:23:24.741-0800][53955186ms] GC(758) Pause Young (Normal) (G1 Evacuation Pause) 1896M->390M(2612M) 30.580ms
[2023-12-20T08:23:24.741-0800][53955186ms] GC(758) User=0.13s Sys=0.00s Real=0.03s
[2023-12-20T08:23:25.693-0800][53956138ms] GC(759) Pause Young (Normal) (G1 Evacuation Pause)
[2023-12-20T08:23:25.693-0800][53956138ms] GC(759) Using 10 workers of 10 for evacuation
[2023-12-20T08:23:25.724-0800][53956169ms] GC(759)   Pre Evacuate Collection Set: 0.0ms
[2023-12-20T08:23:25.724-0800][53956169ms] GC(759)   Evacuate Collection Set: 27.3ms
[2023-12-20T08:23:25.724-0800][53956169ms] GC(759)   Post Evacuate Collection Set: 2.5ms
[2023-12-20T08:23:25.724-0800][53956169ms] GC(759)   Other: 0.4ms
[2023-12-20T08:23:25.724-0800][53956169ms] GC(759) Eden regions: 753->0(753)
[2023-12-20T08:23:25.724-0800][53956169ms] GC(759) Survivor regions: 30->30(98)
[2023-12-20T08:23:25.724-0800][53956169ms] GC(759) Old regions: 161->161
[2023-12-20T08:23:25.724-0800][53956169ms] GC(759) Humongous regions: 5->5
[2023-12-20T08:23:25.724-0800][53956169ms] GC(759) Metaspace: 256254K->256254K(1294336K)
[2023-12-20T08:23:25.724-0800][53956169ms] GC(759) Pause Young (Normal) (G1 Evacuation Pause) 1896M->390M(2612M) 30.467ms
[2023-12-20T08:23:25.724-0800][53956169ms] GC(759) User=0.05s Sys=0.00s Real=0.03s
[2023-12-20T08:23:26.652-0800][53957097ms] GC(760) Pause Young (Normal) (G1 Evacuation Pause)
[2023-12-20T08:23:26.652-0800][53957097ms] GC(760) Using 10 workers of 10 for evacuation
[2023-12-20T08:23:26.681-0800][53957126ms] GC(760)   Pre Evacuate Collection Set: 0.0ms
[2023-12-20T08:23:26.683-0800][53957128ms] GC(760)   Evacuate Collection Set: 27.1ms
[2023-12-20T08:23:26.683-0800][53957128ms] GC(760)   Post Evacuate Collection Set: 2.6ms
[2023-12-20T08:23:26.683-0800][53957128ms] GC(760)   Other: 0.3ms
[2023-12-20T08:23:26.683-0800][53957128ms] GC(760) Eden regions: 753->0(753)
[2023-12-20T08:23:26.683-0800][53957128ms] GC(760) Survivor regions: 30->30(98)
[2023-12-20T08:23:26.683-0800][53957128ms] GC(760) Old regions: 161->161
[2023-12-20T08:23:26.683-0800][53957128ms] GC(760) Humongous regions: 5->5
[2023-12-20T08:23:26.683-0800][53957128ms] GC(760) Metaspace: 256254K->256254K(1294336K)
[2023-12-20T08:23:26.683-0800][53957128ms] GC(760) Pause Young (Normal) (G1 Evacuation Pause) 1896M->390M(2612M) 30.235ms
[2023-12-20T08:23:26.683-0800][53957128ms] GC(760) User=0.13s Sys=0.00s Real=0.03s
[2023-12-20T08:23:27.579-0800][53958024ms] GC(761) Pause Young (Normal) (G1 Evacuation Pause)
[2023-12-20T08:23:27.579-0800][53958024ms] GC(761) Using 10 workers of 10 for evacuation
[2023-12-20T08:23:27.609-0800][53958054ms] GC(761)   Pre Evacuate Collection Set: 0.0ms
[2023-12-20T08:23:27.609-0800][53958054ms] GC(761)   Evacuate Collection Set: 27.1ms
[2023-12-20T08:23:27.609-0800][53958054ms] GC(761)   Post Evacuate Collection Set: 2.4ms
[2023-12-20T08:23:27.609-0800][53958054ms] GC(761)   Other: 0.3ms
[2023-12-20T08:23:27.609-0800][53958054ms] GC(761) Eden regions: 753->0(753)
[2023-12-20T08:23:27.609-0800][53958054ms] GC(761) Survivor regions: 30->30(98)
[2023-12-20T08:23:27.609-0800][53958054ms] GC(761) Old regions: 161->161
[2023-12-20T08:23:27.609-0800][53958054ms] GC(761) Humongous regions: 5->5
[2023-12-20T08:23:27.609-0800][53958054ms] GC(761) Metaspace: 256254K->256254K(1294336K)
[2023-12-20T08:23:27.609-0800][53958054ms] GC(761) Pause Young (Normal) (G1 Evacuation Pause) 1896M->389M(2612M) 29.973ms
[2023-12-20T08:23:27.609-0800][53958054ms] GC(761) User=0.08s Sys=0.00s Real=0.03s
[2023-12-20T08:23:28.488-0800][53958933ms] GC(762) Pause Young (Normal) (G1 Evacuation Pause)
[2023-12-20T08:23:28.488-0800][53958933ms] GC(762) Using 10 workers of 10 for evacuation
[2023-12-20T08:23:28.518-0800][53958963ms] GC(762)   Pre Evacuate Collection Set: 0.0ms
[2023-12-20T08:23:28.518-0800][53958963ms] GC(762)   Evacuate Collection Set: 26.8ms
[2023-12-20T08:23:28.518-0800][53958963ms] GC(762)   Post Evacuate Collection Set: 2.7ms
[2023-12-20T08:23:28.518-0800][53958963ms] GC(762)   Other: 0.4ms
[2023-12-20T08:23:28.518-0800][53958963ms] GC(762) Eden regions: 753->0(754)
[2023-12-20T08:23:28.518-0800][53958963ms] GC(762) Survivor regions: 30->29(98)
[2023-12-20T08:23:28.518-0800][53958963ms] GC(762) Old regions: 161->161
[2023-12-20T08:23:28.518-0800][53958963ms] GC(762) Humongous regions: 5->5
[2023-12-20T08:23:28.518-0800][53958963ms] GC(762) Metaspace: 256254K->256254K(1294336K)
[2023-12-20T08:23:28.518-0800][53958963ms] GC(762) Pause Young (Normal) (G1 Evacuation Pause) 1895M->388M(2612M) 30.108ms
[2023-12-20T08:23:28.518-0800][53958963ms] GC(762) User=0.06s Sys=0.00s Real=0.03s
[2023-12-20T08:23:29.417-0800][53959862ms] GC(763) Pause Young (Normal) (G1 Evacuation Pause)
[2023-12-20T08:23:29.417-0800][53959862ms] GC(763) Using 10 workers of 10 for evacuation
[2023-12-20T08:23:29.448-0800][53959893ms] GC(763)   Pre Evacuate Collection Set: 0.0ms
[2023-12-20T08:23:29.448-0800][53959893ms] GC(763)   Evacuate Collection Set: 27.7ms
[2023-12-20T08:23:29.448-0800][53959893ms] GC(763)   Post Evacuate Collection Set: 2.5ms
[2023-12-20T08:23:29.448-0800][53959893ms] GC(763)   Other: 0.4ms
[2023-12-20T08:23:29.448-0800][53959893ms] GC(763) Eden regions: 754->0(753)
[2023-12-20T08:23:29.448-0800][53959893ms] GC(763) Survivor regions: 29->30(98)
[2023-12-20T08:23:29.448-0800][53959893ms] GC(763) Old regions: 161->161
[2023-12-20T08:23:29.448-0800][53959893ms] GC(763) Humongous regions: 5->5
[2023-12-20T08:23:29.448-0800][53959893ms] GC(763) Metaspace: 256254K->256254K(1294336K)
[2023-12-20T08:23:29.448-0800][53959894ms] GC(763) Pause Young (Normal) (G1 Evacuation Pause) 1896M->390M(2612M) 31.442ms
[2023-12-20T08:23:29.449-0800][53959894ms] GC(763) User=0.14s Sys=0.00s Real=0.03s
[2023-12-20T08:23:30.365-0800][53960810ms] GC(764) Pause Young (Normal) (G1 Evacuation Pause)
[2023-12-20T08:23:30.365-0800][53960810ms] GC(764) Using 10 workers of 10 for evacuation
[2023-12-20T08:23:30.395-0800][53960840ms] GC(764)   Pre Evacuate Collection Set: 0.0ms
[2023-12-20T08:23:30.395-0800][53960840ms] GC(764)   Evacuate Collection Set: 26.9ms
[2023-12-20T08:23:30.395-0800][53960840ms] GC(764)   Post Evacuate Collection Set: 2.4ms
[2023-12-20T08:23:30.395-0800][53960840ms] GC(764)   Other: 0.4ms
[2023-12-20T08:23:30.395-0800][53960840ms] GC(764) Eden regions: 753->0(753)
[2023-12-20T08:23:30.395-0800][53960840ms] GC(764) Survivor regions: 30->30(98)
[2023-12-20T08:23:30.395-0800][53960840ms] GC(764) Old regions: 161->161
[2023-12-20T08:23:30.395-0800][53960840ms] GC(764) Humongous regions: 5->5
[2023-12-20T08:23:30.395-0800][53960840ms] GC(764) Metaspace: 256254K->256254K(1294336K)
[2023-12-20T08:23:30.395-0800][53960840ms] GC(764) Pause Young (Normal) (G1 Evacuation Pause) 1896M->389M(2612M) 29.859ms
[2023-12-20T08:23:30.395-0800][53960840ms] GC(764) User=0.14s Sys=0.00s Real=0.03s
[2023-12-20T08:23:31.424-0800][53961869ms] GC(765) Pause Young (Normal) (G1 Evacuation Pause)
[2023-12-20T08:23:31.424-0800][53961869ms] GC(765) Using 10 workers of 10 for evacuation
[2023-12-20T08:23:31.452-0800][53961897ms] GC(765)   Pre Evacuate Collection Set: 0.0ms
[2023-12-20T08:23:31.452-0800][53961897ms] GC(765)   Evacuate Collection Set: 26.7ms
[2023-12-20T08:23:31.452-0800][53961897ms] GC(765)   Post Evacuate Collection Set: 2.4ms
[2023-12-20T08:23:31.452-0800][53961897ms] GC(765)   Other: 0.4ms
[2023-12-20T08:23:31.452-0800][53961897ms] GC(765) Eden regions: 753->0(753)
[2023-12-20T08:23:31.452-0800][53961897ms] GC(765) Survivor regions: 30->30(98)
[2023-12-20T08:23:31.452-0800][53961897ms] GC(765) Old regions: 161->161
[2023-12-20T08:23:31.452-0800][53961897ms] GC(765) Humongous regions: 5->5
[2023-12-20T08:23:31.452-0800][53961897ms] GC(765) Metaspace: 256254K->256254K(1294336K)
[2023-12-20T08:23:31.452-0800][53961897ms] GC(765) Pause Young (Normal) (G1 Evacuation Pause) 1895M->390M(2612M) 29.574ms
[2023-12-20T08:23:31.454-0800][53961899ms] GC(765) User=0.16s Sys=0.00s Real=0.03s
[2023-12-20T08:23:32.425-0800][53962870ms] GC(766) Pause Young (Normal) (G1 Evacuation Pause)
[2023-12-20T08:23:32.425-0800][53962870ms] GC(766) Using 10 workers of 10 for evacuation
[2023-12-20T08:23:32.458-0800][53962903ms] GC(766)   Pre Evacuate Collection Set: 0.0ms
[2023-12-20T08:23:32.458-0800][53962903ms] GC(766)   Evacuate Collection Set: 28.7ms
[2023-12-20T08:23:32.458-0800][53962903ms] GC(766)   Post Evacuate Collection Set: 4.0ms
[2023-12-20T08:23:32.459-0800][53962904ms] GC(766)   Other: 0.4ms
[2023-12-20T08:23:32.459-0800][53962904ms] GC(766) Eden regions: 753->0(754)
[2023-12-20T08:23:32.459-0800][53962904ms] GC(766) Survivor regions: 30->29(98)
[2023-12-20T08:23:32.459-0800][53962904ms] GC(766) Old regions: 161->161
[2023-12-20T08:23:32.459-0800][53962904ms] GC(766) Humongous regions: 5->5
[2023-12-20T08:23:32.459-0800][53962904ms] GC(766) Metaspace: 256254K->256254K(1294336K)
[2023-12-20T08:23:32.459-0800][53962904ms] GC(766) Pause Young (Normal) (G1 Evacuation Pause) 1896M->388M(2612M) 33.300ms
[2023-12-20T08:23:32.459-0800][53962904ms] GC(766) User=0.14s Sys=0.00s Real=0.03s
[2023-12-20T08:23:33.362-0800][53963807ms] GC(767) Pause Young (Normal) (G1 Evacuation Pause)
[2023-12-20T08:23:33.362-0800][53963807ms] GC(767) Using 10 workers of 10 for evacuation
[2023-12-20T08:23:33.391-0800][53963836ms] GC(767)   Pre Evacuate Collection Set: 0.0ms
[2023-12-20T08:23:33.391-0800][53963836ms] GC(767)   Evacuate Collection Set: 27.0ms
[2023-12-20T08:23:33.391-0800][53963836ms] GC(767)   Post Evacuate Collection Set: 2.6ms
[2023-12-20T08:23:33.391-0800][53963836ms] GC(767)   Other: 0.4ms
[2023-12-20T08:23:33.391-0800][53963836ms] GC(767) Eden regions: 754->0(753)
[2023-12-20T08:23:33.391-0800][53963836ms] GC(767) Survivor regions: 29->30(98)
[2023-12-20T08:23:33.391-0800][53963836ms] GC(767) Old regions: 161->161
[2023-12-20T08:23:33.391-0800][53963836ms] GC(767) Humongous regions: 5->5
[2023-12-20T08:23:33.391-0800][53963836ms] GC(767) Metaspace: 256254K->256254K(1294336K)
[2023-12-20T08:23:33.391-0800][53963836ms] GC(767) Pause Young (Normal) (G1 Evacuation Pause) 1896M->389M(2612M) 30.044ms
[2023-12-20T08:23:33.391-0800][53963836ms] GC(767) User=0.08s Sys=0.00s Real=0.03s
[2023-12-20T08:23:34.251-0800][53964696ms] GC(768) Pause Young (Normal) (G1 Evacuation Pause)
[2023-12-20T08:23:34.251-0800][53964696ms] GC(768) Using 10 workers of 10 for evacuation
[2023-12-20T08:23:34.281-0800][53964726ms] GC(768)   Pre Evacuate Collection Set: 0.1ms
[2023-12-20T08:23:34.281-0800][53964726ms] GC(768)   Evacuate Collection Set: 26.9ms
[2023-12-20T08:23:34.281-0800][53964726ms] GC(768)   Post Evacuate Collection Set: 2.7ms
[2023-12-20T08:23:34.281-0800][53964726ms] GC(768)   Other: 0.4ms
[2023-12-20T08:23:34.281-0800][53964726ms] GC(768) Eden regions: 753->0(753)
[2023-12-20T08:23:34.281-0800][53964726ms] GC(768) Survivor regions: 30->30(98)
[2023-12-20T08:23:34.281-0800][53964726ms] GC(768) Old regions: 161->161
[2023-12-20T08:23:34.281-0800][53964726ms] GC(768) Humongous regions: 5->5
[2023-12-20T08:23:34.281-0800][53964726ms] GC(768) Metaspace: 256254K->256254K(1294336K)
[2023-12-20T08:23:34.281-0800][53964726ms] GC(768) Pause Young (Normal) (G1 Evacuation Pause) 1895M->389M(2612M) 30.141ms
[2023-12-20T08:23:34.281-0800][53964726ms] GC(768) User=0.13s Sys=0.00s Real=0.03s
[2023-12-20T08:23:35.224-0800][53965669ms] GC(769) Pause Young (Normal) (G1 Evacuation Pause)
[2023-12-20T08:23:35.224-0800][53965669ms] GC(769) Using 10 workers of 10 for evacuation
[2023-12-20T08:23:35.257-0800][53965702ms] GC(769)   Pre Evacuate Collection Set: 0.1ms
[2023-12-20T08:23:35.257-0800][53965702ms] GC(769)   Evacuate Collection Set: 28.4ms
[2023-12-20T08:23:35.257-0800][53965702ms] GC(769)   Post Evacuate Collection Set: 4.1ms
[2023-12-20T08:23:35.257-0800][53965702ms] GC(769)   Other: 0.5ms
[2023-12-20T08:23:35.257-0800][53965702ms] GC(769) Eden regions: 753->0(753)
[2023-12-20T08:23:35.257-0800][53965702ms] GC(769) Survivor regions: 30->30(98)
[2023-12-20T08:23:35.257-0800][53965702ms] GC(769) Old regions: 161->161
[2023-12-20T08:23:35.257-0800][53965702ms] GC(769) Humongous regions: 5->5
[2023-12-20T08:23:35.257-0800][53965702ms] GC(769) Metaspace: 256254K->256254K(1294336K)
[2023-12-20T08:23:35.257-0800][53965702ms] GC(769) Pause Young (Normal) (G1 Evacuation Pause) 1895M->389M(2612M) 33.419ms
[2023-12-20T08:23:35.257-0800][53965702ms] GC(769) User=0.16s Sys=0.02s Real=0.03s
[2023-12-20T08:23:36.311-0800][53966756ms] GC(770) Pause Young (Normal) (G1 Evacuation Pause)
[2023-12-20T08:23:36.311-0800][53966756ms] GC(770) Using 10 workers of 10 for evacuation
[2023-12-20T08:23:36.341-0800][53966786ms] GC(770)   Pre Evacuate Collection Set: 0.0ms
[2023-12-20T08:23:36.341-0800][53966786ms] GC(770)   Evacuate Collection Set: 27.3ms
[2023-12-20T08:23:36.341-0800][53966786ms] GC(770)   Post Evacuate Collection Set: 2.7ms
[2023-12-20T08:23:36.341-0800][53966786ms] GC(770)   Other: 0.4ms
[2023-12-20T08:23:36.341-0800][53966786ms] GC(770) Eden regions: 753->0(753)
[2023-12-20T08:23:36.341-0800][53966786ms] GC(770) Survivor regions: 30->30(98)
[2023-12-20T08:23:36.341-0800][53966786ms] GC(770) Old regions: 161->161
[2023-12-20T08:23:36.341-0800][53966786ms] GC(770) Humongous regions: 5->5
[2023-12-20T08:23:36.341-0800][53966786ms] GC(770) Metaspace: 256254K->256254K(1294336K)
[2023-12-20T08:23:36.341-0800][53966786ms] GC(770) Pause Young (Normal) (G1 Evacuation Pause) 1895M->390M(2612M) 30.525ms
[2023-12-20T08:23:36.341-0800][53966786ms] GC(770) User=0.11s Sys=0.00s Real=0.03s
[2023-12-20T08:23:37.317-0800][53967762ms] GC(771) Pause Young (Normal) (G1 Evacuation Pause)
[2023-12-20T08:23:37.317-0800][53967762ms] GC(771) Using 10 workers of 10 for evacuation
[2023-12-20T08:23:37.350-0800][53967795ms] GC(771)   Pre Evacuate Collection Set: 0.0ms
[2023-12-20T08:23:37.350-0800][53967795ms] GC(771)   Evacuate Collection Set: 29.6ms
[2023-12-20T08:23:37.350-0800][53967795ms] GC(771)   Post Evacuate Collection Set: 3.1ms
[2023-12-20T08:23:37.350-0800][53967795ms] GC(771)   Other: 0.4ms
[2023-12-20T08:23:37.350-0800][53967795ms] GC(771) Eden regions: 753->0(754)
[2023-12-20T08:23:37.350-0800][53967795ms] GC(771) Survivor regions: 30->29(98)
[2023-12-20T08:23:37.350-0800][53967795ms] GC(771) Old regions: 161->161
[2023-12-20T08:23:37.350-0800][53967795ms] GC(771) Humongous regions: 5->5
[2023-12-20T08:23:37.350-0800][53967795ms] GC(771) Metaspace: 256254K->256254K(1294336K)
[2023-12-20T08:23:37.350-0800][53967795ms] GC(771) Pause Young (Normal) (G1 Evacuation Pause) 1896M->388M(2612M) 33.247ms
[2023-12-20T08:23:37.350-0800][53967795ms] GC(771) User=0.17s Sys=0.00s Real=0.03s
[2023-12-20T08:23:38.209-0800][53968654ms] GC(772) Pause Young (Normal) (G1 Evacuation Pause)
[2023-12-20T08:23:38.209-0800][53968654ms] GC(772) Using 10 workers of 10 for evacuation
[2023-12-20T08:23:38.238-0800][53968683ms] GC(772)   Pre Evacuate Collection Set: 0.0ms
[2023-12-20T08:23:38.238-0800][53968683ms] GC(772)   Evacuate Collection Set: 26.4ms
[2023-12-20T08:23:38.238-0800][53968683ms] GC(772)   Post Evacuate Collection Set: 2.7ms
[2023-12-20T08:23:38.238-0800][53968683ms] GC(772)   Other: 0.4ms
[2023-12-20T08:23:38.238-0800][53968683ms] GC(772) Eden regions: 754->0(753)
[2023-12-20T08:23:38.238-0800][53968683ms] GC(772) Survivor regions: 29->30(98)
[2023-12-20T08:23:38.238-0800][53968683ms] GC(772) Old regions: 161->161
[2023-12-20T08:23:38.238-0800][53968683ms] GC(772) Humongous regions: 5->5
[2023-12-20T08:23:38.238-0800][53968683ms] GC(772) Metaspace: 256254K->256254K(1294336K)
[2023-12-20T08:23:38.238-0800][53968683ms] GC(772) Pause Young (Normal) (G1 Evacuation Pause) 1896M->390M(2612M) 29.780ms
[2023-12-20T08:23:38.238-0800][53968683ms] GC(772) User=0.08s Sys=0.00s Real=0.03s
[2023-12-20T08:23:39.101-0800][53969546ms] GC(773) Pause Young (Normal) (G1 Evacuation Pause)
[2023-12-20T08:23:39.101-0800][53969546ms] GC(773) Using 10 workers of 10 for evacuation
[2023-12-20T08:23:39.132-0800][53969577ms] GC(773)   Pre Evacuate Collection Set: 0.0ms
[2023-12-20T08:23:39.132-0800][53969577ms] GC(773)   Evacuate Collection Set: 28.0ms
[2023-12-20T08:23:39.132-0800][53969577ms] GC(773)   Post Evacuate Collection Set: 2.5ms
[2023-12-20T08:23:39.132-0800][53969577ms] GC(773)   Other: 0.4ms
[2023-12-20T08:23:39.132-0800][53969577ms] GC(773) Eden regions: 753->0(752)
[2023-12-20T08:23:39.132-0800][53969577ms] GC(773) Survivor regions: 30->31(98)
[2023-12-20T08:23:39.132-0800][53969577ms] GC(773) Old regions: 161->161
[2023-12-20T08:23:39.132-0800][53969577ms] GC(773) Humongous regions: 5->5
[2023-12-20T08:23:39.132-0800][53969577ms] GC(773) Metaspace: 256254K->256254K(1294336K)
[2023-12-20T08:23:39.132-0800][53969577ms] GC(773) Pause Young (Normal) (G1 Evacuation Pause) 1896M->391M(2612M) 31.117ms
[2023-12-20T08:23:39.132-0800][53969577ms] GC(773) User=0.08s Sys=0.00s Real=0.03s
[2023-12-20T08:23:39.991-0800][53970436ms] GC(774) Pause Young (Normal) (G1 Evacuation Pause)
[2023-12-20T08:23:39.991-0800][53970436ms] GC(774) Using 10 workers of 10 for evacuation
[2023-12-20T08:23:40.020-0800][53970465ms] GC(774)   Pre Evacuate Collection Set: 0.0ms
[2023-12-20T08:23:40.020-0800][53970465ms] GC(774)   Evacuate Collection Set: 26.0ms
[2023-12-20T08:23:40.020-0800][53970465ms] GC(774)   Post Evacuate Collection Set: 2.4ms
[2023-12-20T08:23:40.020-0800][53970465ms] GC(774)   Other: 0.4ms
[2023-12-20T08:23:40.020-0800][53970465ms] GC(774) Eden regions: 752->0(752)
[2023-12-20T08:23:40.020-0800][53970465ms] GC(774) Survivor regions: 31->31(98)
[2023-12-20T08:23:40.020-0800][53970465ms] GC(774) Old regions: 161->161
[2023-12-20T08:23:40.020-0800][53970465ms] GC(774) Humongous regions: 5->5
[2023-12-20T08:23:40.020-0800][53970465ms] GC(774) Metaspace: 256254K->256254K(1294336K)
[2023-12-20T08:23:40.020-0800][53970465ms] GC(774) Pause Young (Normal) (G1 Evacuation Pause) 1895M->391M(2612M) 28.938ms
[2023-12-20T08:23:40.020-0800][53970465ms] GC(774) User=0.08s Sys=0.00s Real=0.03s
[2023-12-20T08:23:40.925-0800][53971370ms] GC(775) Pause Young (Normal) (G1 Evacuation Pause)
[2023-12-20T08:23:40.925-0800][53971370ms] GC(775) Using 10 workers of 10 for evacuation
[2023-12-20T08:23:40.953-0800][53971398ms] GC(775)   Pre Evacuate Collection Set: 0.0ms
[2023-12-20T08:23:40.953-0800][53971398ms] GC(775)   Evacuate Collection Set: 26.0ms
[2023-12-20T08:23:40.953-0800][53971398ms] GC(775)   Post Evacuate Collection Set: 2.3ms
[2023-12-20T08:23:40.953-0800][53971398ms] GC(775)   Other: 0.4ms
[2023-12-20T08:23:40.953-0800][53971398ms] GC(775) Eden regions: 752->0(752)
[2023-12-20T08:23:40.953-0800][53971398ms] GC(775) Survivor regions: 31->31(98)
[2023-12-20T08:23:40.953-0800][53971398ms] GC(775) Old regions: 161->161
[2023-12-20T08:23:40.953-0800][53971398ms] GC(775) Humongous regions: 5->5
[2023-12-20T08:23:40.953-0800][53971398ms] GC(775) Metaspace: 256254K->256254K(1294336K)
[2023-12-20T08:23:40.953-0800][53971398ms] GC(775) Pause Young (Normal) (G1 Evacuation Pause) 1895M->391M(2612M) 28.779ms
[2023-12-20T08:23:40.953-0800][53971398ms] GC(775) User=0.05s Sys=0.00s Real=0.03s
[2023-12-20T08:23:41.935-0800][53972380ms] GC(776) Pause Young (Normal) (G1 Evacuation Pause)
[2023-12-20T08:23:41.935-0800][53972380ms] GC(776) Using 10 workers of 10 for evacuation
[2023-12-20T08:23:41.964-0800][53972409ms] GC(776)   Pre Evacuate Collection Set: 0.0ms
[2023-12-20T08:23:41.964-0800][53972409ms] GC(776)   Evacuate Collection Set: 26.7ms
[2023-12-20T08:23:41.964-0800][53972410ms] GC(776)   Post Evacuate Collection Set: 2.4ms
[2023-12-20T08:23:41.965-0800][53972410ms] GC(776)   Other: 0.4ms
[2023-12-20T08:23:41.965-0800][53972410ms] GC(776) Eden regions: 752->0(752)
[2023-12-20T08:23:41.965-0800][53972410ms] GC(776) Survivor regions: 31->31(98)
[2023-12-20T08:23:41.965-0800][53972410ms] GC(776) Old regions: 161->161
[2023-12-20T08:23:41.965-0800][53972410ms] GC(776) Humongous regions: 5->5
[2023-12-20T08:23:41.965-0800][53972410ms] GC(776) Metaspace: 256254K->256254K(1294336K)
[2023-12-20T08:23:41.965-0800][53972410ms] GC(776) Pause Young (Normal) (G1 Evacuation Pause) 1895M->391M(2612M) 29.660ms
[2023-12-20T08:23:41.965-0800][53972410ms] GC(776) User=0.13s Sys=0.00s Real=0.03s
[2023-12-20T08:23:42.976-0800][53973421ms] GC(777) Pause Young (Normal) (G1 Evacuation Pause)
[2023-12-20T08:23:42.976-0800][53973421ms] GC(777) Using 10 workers of 10 for evacuation
[2023-12-20T08:23:43.006-0800][53973451ms] GC(777)   Pre Evacuate Collection Set: 0.1ms
[2023-12-20T08:23:43.006-0800][53973451ms] GC(777)   Evacuate Collection Set: 26.6ms
[2023-12-20T08:23:43.006-0800][53973451ms] GC(777)   Post Evacuate Collection Set: 2.2ms
[2023-12-20T08:23:43.006-0800][53973451ms] GC(777)   Other: 0.4ms
[2023-12-20T08:23:43.006-0800][53973451ms] GC(777) Eden regions: 752->0(752)
[2023-12-20T08:23:43.006-0800][53973451ms] GC(777) Survivor regions: 31->31(98)
[2023-12-20T08:23:43.006-0800][53973451ms] GC(777) Old regions: 161->161
[2023-12-20T08:23:43.006-0800][53973451ms] GC(777) Humongous regions: 5->5
[2023-12-20T08:23:43.006-0800][53973451ms] GC(777) Metaspace: 256254K->256254K(1294336K)
[2023-12-20T08:23:43.006-0800][53973451ms] GC(777) Pause Young (Normal) (G1 Evacuation Pause) 1895M->391M(2612M) 29.450ms
[2023-12-20T08:23:43.006-0800][53973451ms] GC(777) User=0.09s Sys=0.00s Real=0.03s
[2023-12-20T08:23:43.786-0800][53974231ms] GC(778) Pause Young (Normal) (G1 Evacuation Pause)
[2023-12-20T08:23:43.786-0800][53974231ms] GC(778) Using 10 workers of 10 for evacuation
[2023-12-20T08:23:43.817-0800][53974262ms] GC(778)   Pre Evacuate Collection Set: 0.0ms
[2023-12-20T08:23:43.817-0800][53974262ms] GC(778)   Evacuate Collection Set: 27.5ms
[2023-12-20T08:23:43.817-0800][53974262ms] GC(778)   Post Evacuate Collection Set: 2.9ms
[2023-12-20T08:23:43.817-0800][53974262ms] GC(778)   Other: 0.4ms
[2023-12-20T08:23:43.817-0800][53974262ms] GC(778) Eden regions: 752->0(753)
[2023-12-20T08:23:43.817-0800][53974262ms] GC(778) Survivor regions: 31->30(98)
[2023-12-20T08:23:43.817-0800][53974262ms] GC(778) Old regions: 161->161
[2023-12-20T08:23:43.817-0800][53974262ms] GC(778) Humongous regions: 5->5
[2023-12-20T08:23:43.817-0800][53974262ms] GC(778) Metaspace: 256254K->256254K(1294336K)
[2023-12-20T08:23:43.817-0800][53974262ms] GC(778) Pause Young (Normal) (G1 Evacuation Pause) 1895M->390M(2612M) 31.019ms
[2023-12-20T08:23:43.817-0800][53974262ms] GC(778) User=0.13s Sys=0.00s Real=0.03s
[2023-12-20T08:23:44.575-0800][53975020ms] GC(779) Pause Young (Normal) (G1 Evacuation Pause)
[2023-12-20T08:23:44.575-0800][53975020ms] GC(779) Using 10 workers of 10 for evacuation
[2023-12-20T08:23:44.604-0800][53975049ms] GC(779)   Pre Evacuate Collection Set: 0.0ms
[2023-12-20T08:23:44.604-0800][53975049ms] GC(779)   Evacuate Collection Set: 25.6ms
[2023-12-20T08:23:44.604-0800][53975049ms] GC(779)   Post Evacuate Collection Set: 2.5ms
[2023-12-20T08:23:44.604-0800][53975049ms] GC(779)   Other: 0.4ms
[2023-12-20T08:23:44.604-0800][53975049ms] GC(779) Eden regions: 753->0(752)
[2023-12-20T08:23:44.604-0800][53975049ms] GC(779) Survivor regions: 30->31(98)
[2023-12-20T08:23:44.604-0800][53975049ms] GC(779) Old regions: 161->161
[2023-12-20T08:23:44.604-0800][53975049ms] GC(779) Humongous regions: 5->5
[2023-12-20T08:23:44.604-0800][53975049ms] GC(779) Metaspace: 256254K->256254K(1294336K)
[2023-12-20T08:23:44.604-0800][53975049ms] GC(779) Pause Young (Normal) (G1 Evacuation Pause) 1896M->392M(2612M) 28.563ms
[2023-12-20T08:23:44.604-0800][53975049ms] GC(779) User=0.09s Sys=0.00s Real=0.03s
[2023-12-20T08:23:45.234-0800][53975679ms] GC(780) Pause Young (Normal) (G1 Evacuation Pause)
[2023-12-20T08:23:45.234-0800][53975679ms] GC(780) Using 10 workers of 10 for evacuation
[2023-12-20T08:23:45.264-0800][53975709ms] GC(780)   Pre Evacuate Collection Set: 0.0ms
[2023-12-20T08:23:45.264-0800][53975709ms] GC(780)   Evacuate Collection Set: 27.4ms
[2023-12-20T08:23:45.264-0800][53975709ms] GC(780)   Post Evacuate Collection Set: 2.6ms
[2023-12-20T08:23:45.264-0800][53975709ms] GC(780)   Other: 0.4ms
[2023-12-20T08:23:45.264-0800][53975709ms] GC(780) Eden regions: 752->0(752)
[2023-12-20T08:23:45.264-0800][53975709ms] GC(780) Survivor regions: 31->31(98)
[2023-12-20T08:23:45.264-0800][53975709ms] GC(780) Old regions: 161->161
[2023-12-20T08:23:45.264-0800][53975709ms] GC(780) Humongous regions: 5->5
[2023-12-20T08:23:45.264-0800][53975709ms] GC(780) Metaspace: 256254K->256254K(1294336K)
[2023-12-20T08:23:45.264-0800][53975709ms] GC(780) Pause Young (Normal) (G1 Evacuation Pause) 1896M->392M(2612M) 30.563ms
[2023-12-20T08:23:45.264-0800][53975709ms] GC(780) User=0.09s Sys=0.00s Real=0.03s
[2023-12-20T08:23:45.968-0800][53976413ms] GC(781) Pause Young (Normal) (G1 Evacuation Pause)
[2023-12-20T08:23:45.968-0800][53976413ms] GC(781) Using 10 workers of 10 for evacuation
[2023-12-20T08:23:45.998-0800][53976443ms] GC(781)   Pre Evacuate Collection Set: 0.1ms
[2023-12-20T08:23:45.998-0800][53976443ms] GC(781)   Evacuate Collection Set: 27.4ms
[2023-12-20T08:23:45.998-0800][53976443ms] GC(781)   Post Evacuate Collection Set: 3.0ms
[2023-12-20T08:23:45.998-0800][53976443ms] GC(781)   Other: 0.4ms
[2023-12-20T08:23:45.998-0800][53976443ms] GC(781) Eden regions: 752->0(752)
[2023-12-20T08:23:45.998-0800][53976443ms] GC(781) Survivor regions: 31->31(98)
[2023-12-20T08:23:45.998-0800][53976443ms] GC(781) Old regions: 161->161
[2023-12-20T08:23:45.998-0800][53976443ms] GC(781) Humongous regions: 5->5
[2023-12-20T08:23:45.998-0800][53976443ms] GC(781) Metaspace: 256255K->256255K(1294336K)
[2023-12-20T08:23:45.998-0800][53976443ms] GC(781) Pause Young (Normal) (G1 Evacuation Pause) 1896M->392M(2612M) 31.039ms
[2023-12-20T08:23:45.998-0800][53976443ms] GC(781) User=0.13s Sys=0.00s Real=0.03s
[2023-12-20T08:23:46.857-0800][53977302ms] GC(782) Pause Young (Normal) (GCLocker Initiated GC)
[2023-12-20T08:23:46.857-0800][53977302ms] GC(782) Using 10 workers of 10 for evacuation
[2023-12-20T08:23:46.886-0800][53977331ms] GC(782)   Pre Evacuate Collection Set: 0.0ms
[2023-12-20T08:23:46.886-0800][53977331ms] GC(782)   Evacuate Collection Set: 26.5ms
[2023-12-20T08:23:46.886-0800][53977331ms] GC(782)   Post Evacuate Collection Set: 2.3ms
[2023-12-20T08:23:46.886-0800][53977331ms] GC(782)   Other: 0.4ms
[2023-12-20T08:23:46.886-0800][53977331ms] GC(782) Eden regions: 752->0(753)
[2023-12-20T08:23:46.886-0800][53977331ms] GC(782) Survivor regions: 31->30(98)
[2023-12-20T08:23:46.886-0800][53977331ms] GC(782) Old regions: 161->161
[2023-12-20T08:23:46.886-0800][53977331ms] GC(782) Humongous regions: 5->5
[2023-12-20T08:23:46.886-0800][53977331ms] GC(782) Metaspace: 256255K->256255K(1294336K)
[2023-12-20T08:23:46.886-0800][53977331ms] GC(782) Pause Young (Normal) (GCLocker Initiated GC) 1896M->391M(2612M) 29.390ms
[2023-12-20T08:23:46.886-0800][53977331ms] GC(782) User=0.08s Sys=0.02s Real=0.03s
[2023-12-20T08:23:47.722-0800][53978167ms] GC(783) Pause Young (Normal) (GCLocker Initiated GC)
[2023-12-20T08:23:47.722-0800][53978167ms] GC(783) Using 10 workers of 10 for evacuation
[2023-12-20T08:23:47.752-0800][53978197ms] GC(783)   Pre Evacuate Collection Set: 0.1ms
[2023-12-20T08:23:47.752-0800][53978197ms] GC(783)   Evacuate Collection Set: 27.9ms
[2023-12-20T08:23:47.752-0800][53978197ms] GC(783)   Post Evacuate Collection Set: 2.5ms
[2023-12-20T08:23:47.752-0800][53978197ms] GC(783)   Other: 0.5ms
[2023-12-20T08:23:47.752-0800][53978197ms] GC(783) Eden regions: 754->0(753)
[2023-12-20T08:23:47.752-0800][53978197ms] GC(783) Survivor regions: 30->30(98)
[2023-12-20T08:23:47.752-0800][53978197ms] GC(783) Old regions: 161->161
[2023-12-20T08:23:47.752-0800][53978197ms] GC(783) Humongous regions: 5->5
[2023-12-20T08:23:47.752-0800][53978197ms] GC(783) Metaspace: 256255K->256255K(1294336K)
[2023-12-20T08:23:47.752-0800][53978197ms] GC(783) Pause Young (Normal) (GCLocker Initiated GC) 1898M->391M(2612M) 31.101ms
[2023-12-20T08:23:47.752-0800][53978197ms] GC(783) User=0.16s Sys=0.00s Real=0.03s
[2023-12-20T08:23:48.636-0800][53979081ms] GC(784) Pause Young (Normal) (G1 Evacuation Pause)
[2023-12-20T08:23:48.636-0800][53979081ms] GC(784) Using 10 workers of 10 for evacuation
[2023-12-20T08:23:48.665-0800][53979110ms] GC(784)   Pre Evacuate Collection Set: 0.0ms
[2023-12-20T08:23:48.665-0800][53979110ms] GC(784)   Evacuate Collection Set: 26.4ms
[2023-12-20T08:23:48.665-0800][53979110ms] GC(784)   Post Evacuate Collection Set: 2.2ms
[2023-12-20T08:23:48.665-0800][53979110ms] GC(784)   Other: 0.3ms
[2023-12-20T08:23:48.665-0800][53979110ms] GC(784) Eden regions: 753->0(752)
[2023-12-20T08:23:48.665-0800][53979110ms] GC(784) Survivor regions: 30->31(98)
[2023-12-20T08:23:48.665-0800][53979110ms] GC(784) Old regions: 161->161
[2023-12-20T08:23:48.665-0800][53979110ms] GC(784) Humongous regions: 5->5
[2023-12-20T08:23:48.665-0800][53979110ms] GC(784) Metaspace: 256255K->256255K(1294336K)
[2023-12-20T08:23:48.665-0800][53979110ms] GC(784) Pause Young (Normal) (G1 Evacuation Pause) 1897M->393M(2612M) 29.156ms
[2023-12-20T08:23:48.665-0800][53979110ms] GC(784) User=0.09s Sys=0.00s Real=0.03s
[2023-12-20T08:23:49.574-0800][53980019ms] GC(785) Pause Young (Normal) (G1 Evacuation Pause)
[2023-12-20T08:23:49.574-0800][53980019ms] GC(785) Using 10 workers of 10 for evacuation
[2023-12-20T08:23:49.605-0800][53980050ms] GC(785)   Pre Evacuate Collection Set: 0.0ms
[2023-12-20T08:23:49.605-0800][53980050ms] GC(785)   Evacuate Collection Set: 28.1ms
[2023-12-20T08:23:49.605-0800][53980050ms] GC(785)   Post Evacuate Collection Set: 2.5ms
[2023-12-20T08:23:49.605-0800][53980050ms] GC(785)   Other: 0.4ms
[2023-12-20T08:23:49.605-0800][53980050ms] GC(785) Eden regions: 752->0(752)
[2023-12-20T08:23:49.605-0800][53980050ms] GC(785) Survivor regions: 31->31(98)
[2023-12-20T08:23:49.605-0800][53980050ms] GC(785) Old regions: 161->161
[2023-12-20T08:23:49.605-0800][53980050ms] GC(785) Humongous regions: 5->5
[2023-12-20T08:23:49.605-0800][53980050ms] GC(785) Metaspace: 256260K->256260K(1294336K)
[2023-12-20T08:23:49.605-0800][53980050ms] GC(785) Pause Young (Normal) (G1 Evacuation Pause) 1897M->392M(2612M) 31.117ms
[2023-12-20T08:23:49.605-0800][53980050ms] GC(785) User=0.05s Sys=0.00s Real=0.03s
[2023-12-20T08:23:50.530-0800][53980975ms] GC(786) Pause Young (Normal) (GCLocker Initiated GC)
[2023-12-20T08:23:50.530-0800][53980975ms] GC(786) Using 10 workers of 10 for evacuation
[2023-12-20T08:23:50.559-0800][53981004ms] GC(786)   Pre Evacuate Collection Set: 0.1ms
[2023-12-20T08:23:50.559-0800][53981004ms] GC(786)   Evacuate Collection Set: 27.0ms
[2023-12-20T08:23:50.559-0800][53981004ms] GC(786)   Post Evacuate Collection Set: 2.6ms
[2023-12-20T08:23:50.559-0800][53981004ms] GC(786)   Other: 0.5ms
[2023-12-20T08:23:50.559-0800][53981004ms] GC(786) Eden regions: 753->0(753)
[2023-12-20T08:23:50.559-0800][53981004ms] GC(786) Survivor regions: 31->30(98)
[2023-12-20T08:23:50.559-0800][53981004ms] GC(786) Old regions: 161->161
[2023-12-20T08:23:50.559-0800][53981004ms] GC(786) Humongous regions: 5->5
[2023-12-20T08:23:50.559-0800][53981004ms] GC(786) Metaspace: 256260K->256260K(1294336K)
[2023-12-20T08:23:50.561-0800][53981006ms] GC(786) Pause Young (Normal) (GCLocker Initiated GC) 1896M->391M(2612M) 30.327ms
[2023-12-20T08:23:50.561-0800][53981006ms] GC(786) User=0.08s Sys=0.00s Real=0.03s
[2023-12-20T08:23:51.392-0800][53981837ms] GC(787) Pause Young (Normal) (GCLocker Initiated GC)
[2023-12-20T08:23:51.392-0800][53981837ms] GC(787) Using 10 workers of 10 for evacuation
[2023-12-20T08:23:51.421-0800][53981867ms] GC(787)   Pre Evacuate Collection Set: 0.0ms
[2023-12-20T08:23:51.422-0800][53981867ms] GC(787)   Evacuate Collection Set: 27.7ms
[2023-12-20T08:23:51.422-0800][53981867ms] GC(787)   Post Evacuate Collection Set: 2.3ms
[2023-12-20T08:23:51.422-0800][53981867ms] GC(787)   Other: 0.4ms
[2023-12-20T08:23:51.422-0800][53981867ms] GC(787) Eden regions: 754->0(753)
[2023-12-20T08:23:51.422-0800][53981867ms] GC(787) Survivor regions: 30->30(98)
[2023-12-20T08:23:51.422-0800][53981867ms] GC(787) Old regions: 161->161
[2023-12-20T08:23:51.422-0800][53981867ms] GC(787) Humongous regions: 5->5
[2023-12-20T08:23:51.422-0800][53981867ms] GC(787) Metaspace: 256260K->256260K(1294336K)
[2023-12-20T08:23:51.422-0800][53981867ms] GC(787) Pause Young (Normal) (GCLocker Initiated GC) 1898M->391M(2612M) 30.589ms
[2023-12-20T08:23:51.422-0800][53981867ms] GC(787) User=0.09s Sys=0.00s Real=0.03s
[2023-12-20T08:23:52.248-0800][53982693ms] GC(788) Pause Young (Normal) (GCLocker Initiated GC)
[2023-12-20T08:23:52.248-0800][53982693ms] GC(788) Using 10 workers of 10 for evacuation
[2023-12-20T08:23:52.278-0800][53982723ms] GC(788)   Pre Evacuate Collection Set: 0.0ms
[2023-12-20T08:23:52.278-0800][53982723ms] GC(788)   Evacuate Collection Set: 27.2ms
[2023-12-20T08:23:52.278-0800][53982723ms] GC(788)   Post Evacuate Collection Set: 2.7ms
[2023-12-20T08:23:52.278-0800][53982723ms] GC(788)   Other: 0.4ms
[2023-12-20T08:23:52.278-0800][53982723ms] GC(788) Eden regions: 754->0(753)
[2023-12-20T08:23:52.278-0800][53982723ms] GC(788) Survivor regions: 30->30(98)
[2023-12-20T08:23:52.278-0800][53982723ms] GC(788) Old regions: 161->161
[2023-12-20T08:23:52.278-0800][53982723ms] GC(788) Humongous regions: 5->5
[2023-12-20T08:23:52.278-0800][53982723ms] GC(788) Metaspace: 256260K->256260K(1294336K)
[2023-12-20T08:23:52.278-0800][53982723ms] GC(788) Pause Young (Normal) (GCLocker Initiated GC) 1898M->391M(2612M) 30.468ms
[2023-12-20T08:23:52.278-0800][53982723ms] GC(788) User=0.08s Sys=0.00s Real=0.03s
[2023-12-20T08:23:53.089-0800][53983534ms] GC(789) Pause Young (Normal) (G1 Evacuation Pause)
[2023-12-20T08:23:53.089-0800][53983534ms] GC(789) Using 10 workers of 10 for evacuation
[2023-12-20T08:23:53.118-0800][53983563ms] GC(789)   Pre Evacuate Collection Set: 0.0ms
[2023-12-20T08:23:53.118-0800][53983563ms] GC(789)   Evacuate Collection Set: 26.5ms
[2023-12-20T08:23:53.118-0800][53983563ms] GC(789)   Post Evacuate Collection Set: 2.7ms
[2023-12-20T08:23:53.118-0800][53983563ms] GC(789)   Other: 0.4ms
[2023-12-20T08:23:53.118-0800][53983563ms] GC(789) Eden regions: 753->0(752)
[2023-12-20T08:23:53.118-0800][53983563ms] GC(789) Survivor regions: 30->31(98)
[2023-12-20T08:23:53.118-0800][53983563ms] GC(789) Old regions: 161->161
[2023-12-20T08:23:53.118-0800][53983563ms] GC(789) Humongous regions: 5->5
[2023-12-20T08:23:53.118-0800][53983563ms] GC(789) Metaspace: 256260K->256260K(1294336K)
[2023-12-20T08:23:53.118-0800][53983563ms] GC(789) Pause Young (Normal) (G1 Evacuation Pause) 1897M->392M(2612M) 29.671ms
[2023-12-20T08:23:53.118-0800][53983563ms] GC(789) User=0.13s Sys=0.00s Real=0.03s
[2023-12-20T08:23:53.902-0800][53984347ms] GC(790) Pause Young (Normal) (G1 Evacuation Pause)
[2023-12-20T08:23:53.902-0800][53984347ms] GC(790) Using 10 workers of 10 for evacuation
[2023-12-20T08:23:53.932-0800][53984377ms] GC(790)   Pre Evacuate Collection Set: 0.0ms
[2023-12-20T08:23:53.932-0800][53984377ms] GC(790)   Evacuate Collection Set: 26.9ms
[2023-12-20T08:23:53.932-0800][53984377ms] GC(790)   Post Evacuate Collection Set: 2.9ms
[2023-12-20T08:23:53.932-0800][53984377ms] GC(790)   Other: 0.4ms
[2023-12-20T08:23:53.932-0800][53984377ms] GC(790) Eden regions: 752->0(753)
[2023-12-20T08:23:53.932-0800][53984377ms] GC(790) Survivor regions: 31->30(98)
[2023-12-20T08:23:53.932-0800][53984377ms] GC(790) Old regions: 161->161
[2023-12-20T08:23:53.932-0800][53984377ms] GC(790) Humongous regions: 5->5
[2023-12-20T08:23:53.932-0800][53984377ms] GC(790) Metaspace: 256260K->256260K(1294336K)
[2023-12-20T08:23:53.932-0800][53984377ms] GC(790) Pause Young (Normal) (G1 Evacuation Pause) 1896M->391M(2612M) 30.252ms
[2023-12-20T08:23:53.932-0800][53984377ms] GC(790) User=0.05s Sys=0.02s Real=0.03s
[2023-12-20T08:23:54.509-0800][53984954ms] GC(791) Pause Young (Normal) (G1 Evacuation Pause)
[2023-12-20T08:23:54.509-0800][53984954ms] GC(791) Using 10 workers of 10 for evacuation
[2023-12-20T08:23:54.538-0800][53984983ms] GC(791)   Pre Evacuate Collection Set: 0.0ms
[2023-12-20T08:23:54.538-0800][53984983ms] GC(791)   Evacuate Collection Set: 26.3ms
[2023-12-20T08:23:54.538-0800][53984983ms] GC(791)   Post Evacuate Collection Set: 2.5ms
[2023-12-20T08:23:54.538-0800][53984983ms] GC(791)   Other: 0.4ms
[2023-12-20T08:23:54.538-0800][53984983ms] GC(791) Eden regions: 753->0(753)
[2023-12-20T08:23:54.538-0800][53984983ms] GC(791) Survivor regions: 30->30(98)
[2023-12-20T08:23:54.538-0800][53984983ms] GC(791) Old regions: 161->161
[2023-12-20T08:23:54.538-0800][53984983ms] GC(791) Humongous regions: 5->5
[2023-12-20T08:23:54.538-0800][53984983ms] GC(791) Metaspace: 256260K->256260K(1294336K)
[2023-12-20T08:23:54.538-0800][53984983ms] GC(791) Pause Young (Normal) (G1 Evacuation Pause) 1897M->390M(2612M) 29.314ms
[2023-12-20T08:23:54.538-0800][53984983ms] GC(791) User=0.05s Sys=0.00s Real=0.03s
[2023-12-20T08:23:55.368-0800][53985813ms] GC(792) Pause Young (Normal) (G1 Evacuation Pause)
[2023-12-20T08:23:55.368-0800][53985813ms] GC(792) Using 10 workers of 10 for evacuation
[2023-12-20T08:23:55.399-0800][53985844ms] GC(792)   Pre Evacuate Collection Set: 0.1ms
[2023-12-20T08:23:55.399-0800][53985844ms] GC(792)   Evacuate Collection Set: 27.8ms
[2023-12-20T08:23:55.399-0800][53985844ms] GC(792)   Post Evacuate Collection Set: 3.2ms
[2023-12-20T08:23:55.399-0800][53985844ms] GC(792)   Other: 0.5ms
[2023-12-20T08:23:55.399-0800][53985844ms] GC(792) Eden regions: 753->0(753)
[2023-12-20T08:23:55.399-0800][53985844ms] GC(792) Survivor regions: 30->30(98)
[2023-12-20T08:23:55.399-0800][53985844ms] GC(792) Old regions: 161->161
[2023-12-20T08:23:55.399-0800][53985844ms] GC(792) Humongous regions: 5->5
[2023-12-20T08:23:55.399-0800][53985844ms] GC(792) Metaspace: 256260K->256260K(1294336K)
[2023-12-20T08:23:55.399-0800][53985844ms] GC(792) Pause Young (Normal) (G1 Evacuation Pause) 1896M->390M(2612M) 31.832ms
[2023-12-20T08:23:55.399-0800][53985844ms] GC(792) User=0.16s Sys=0.00s Real=0.03s
[2023-12-20T08:23:56.092-0800][53986537ms] GC(793) Pause Young (Normal) (G1 Evacuation Pause)
[2023-12-20T08:23:56.092-0800][53986537ms] GC(793) Using 10 workers of 10 for evacuation
[2023-12-20T08:23:56.120-0800][53986565ms] GC(793)   Pre Evacuate Collection Set: 0.0ms
[2023-12-20T08:23:56.120-0800][53986565ms] GC(793)   Evacuate Collection Set: 25.9ms
[2023-12-20T08:23:56.120-0800][53986565ms] GC(793)   Post Evacuate Collection Set: 2.4ms
[2023-12-20T08:23:56.120-0800][53986565ms] GC(793)   Other: 0.4ms
[2023-12-20T08:23:56.120-0800][53986565ms] GC(793) Eden regions: 753->0(753)
[2023-12-20T08:23:56.120-0800][53986565ms] GC(793) Survivor regions: 30->30(98)
[2023-12-20T08:23:56.120-0800][53986565ms] GC(793) Old regions: 161->161
[2023-12-20T08:23:56.120-0800][53986565ms] GC(793) Humongous regions: 5->5
[2023-12-20T08:23:56.120-0800][53986565ms] GC(793) Metaspace: 256260K->256260K(1294336K)
[2023-12-20T08:23:56.120-0800][53986565ms] GC(793) Pause Young (Normal) (G1 Evacuation Pause) 1896M->391M(2612M) 28.855ms
[2023-12-20T08:23:56.120-0800][53986565ms] GC(793) User=0.06s Sys=0.00s Real=0.03s
[2023-12-20T08:23:56.840-0800][53987285ms] GC(794) Pause Young (Normal) (G1 Evacuation Pause)
[2023-12-20T08:23:56.840-0800][53987285ms] GC(794) Using 10 workers of 10 for evacuation
[2023-12-20T08:23:56.868-0800][53987313ms] GC(794)   Pre Evacuate Collection Set: 0.0ms
[2023-12-20T08:23:56.868-0800][53987313ms] GC(794)   Evacuate Collection Set: 26.9ms
[2023-12-20T08:23:56.868-0800][53987313ms] GC(794)   Post Evacuate Collection Set: 2.4ms
[2023-12-20T08:23:56.868-0800][53987313ms] GC(794)   Other: 0.4ms
[2023-12-20T08:23:56.868-0800][53987313ms] GC(794) Eden regions: 753->0(753)
[2023-12-20T08:23:56.868-0800][53987313ms] GC(794) Survivor regions: 30->30(98)
[2023-12-20T08:23:56.868-0800][53987313ms] GC(794) Old regions: 161->161
[2023-12-20T08:23:56.868-0800][53987313ms] GC(794) Humongous regions: 5->5
[2023-12-20T08:23:56.868-0800][53987313ms] GC(794) Metaspace: 256260K->256260K(1294336K)
[2023-12-20T08:23:56.868-0800][53987313ms] GC(794) Pause Young (Normal) (G1 Evacuation Pause) 1897M->391M(2612M) 29.833ms
[2023-12-20T08:23:56.868-0800][53987313ms] GC(794) User=0.06s Sys=0.00s Real=0.03s
[2023-12-20T08:23:57.604-0800][53988049ms] GC(795) Pause Young (Normal) (G1 Evacuation Pause)
[2023-12-20T08:23:57.604-0800][53988049ms] GC(795) Using 10 workers of 10 for evacuation
[2023-12-20T08:23:57.634-0800][53988079ms] GC(795)   Pre Evacuate Collection Set: 0.0ms
[2023-12-20T08:23:57.634-0800][53988079ms] GC(795)   Evacuate Collection Set: 27.2ms
[2023-12-20T08:23:57.634-0800][53988079ms] GC(795)   Post Evacuate Collection Set: 2.8ms
[2023-12-20T08:23:57.634-0800][53988079ms] GC(795)   Other: 0.4ms
[2023-12-20T08:23:57.634-0800][53988079ms] GC(795) Eden regions: 753->0(753)
[2023-12-20T08:23:57.634-0800][53988079ms] GC(795) Survivor regions: 30->30(98)
[2023-12-20T08:23:57.634-0800][53988079ms] GC(795) Old regions: 161->161
[2023-12-20T08:23:57.634-0800][53988079ms] GC(795) Humongous regions: 5->5
[2023-12-20T08:23:57.634-0800][53988079ms] GC(795) Metaspace: 256260K->256260K(1294336K)
[2023-12-20T08:23:57.634-0800][53988079ms] GC(795) Pause Young (Normal) (G1 Evacuation Pause) 1897M->391M(2612M) 30.490ms
[2023-12-20T08:23:57.634-0800][53988079ms] GC(795) User=0.08s Sys=0.00s Real=0.03s
[2023-12-20T08:23:58.176-0800][53988621ms] GC(796) Pause Young (Normal) (G1 Evacuation Pause)
[2023-12-20T08:23:58.176-0800][53988621ms] GC(796) Using 10 workers of 10 for evacuation
[2023-12-20T08:23:58.205-0800][53988650ms] GC(796)   Pre Evacuate Collection Set: 0.0ms
[2023-12-20T08:23:58.205-0800][53988650ms] GC(796)   Evacuate Collection Set: 26.0ms
[2023-12-20T08:23:58.205-0800][53988650ms] GC(796)   Post Evacuate Collection Set: 2.4ms
[2023-12-20T08:23:58.205-0800][53988650ms] GC(796)   Other: 0.3ms
[2023-12-20T08:23:58.205-0800][53988650ms] GC(796) Eden regions: 753->0(753)
[2023-12-20T08:23:58.205-0800][53988650ms] GC(796) Survivor regions: 30->30(98)
[2023-12-20T08:23:58.205-0800][53988650ms] GC(796) Old regions: 161->161
[2023-12-20T08:23:58.205-0800][53988650ms] GC(796) Humongous regions: 5->5
[2023-12-20T08:23:58.205-0800][53988650ms] GC(796) Metaspace: 256260K->256260K(1294336K)
[2023-12-20T08:23:58.205-0800][53988650ms] GC(796) Pause Young (Normal) (G1 Evacuation Pause) 1897M->390M(2612M) 28.949ms
[2023-12-20T08:23:58.205-0800][53988650ms] GC(796) User=0.11s Sys=0.00s Real=0.03s
[2023-12-20T08:23:59.006-0800][53989451ms] GC(797) Pause Young (Normal) (G1 Evacuation Pause)
[2023-12-20T08:23:59.006-0800][53989451ms] GC(797) Using 10 workers of 10 for evacuation
[2023-12-20T08:23:59.041-0800][53989486ms] GC(797)   Pre Evacuate Collection Set: 0.1ms
[2023-12-20T08:23:59.041-0800][53989486ms] GC(797)   Evacuate Collection Set: 28.7ms
[2023-12-20T08:23:59.041-0800][53989486ms] GC(797)   Post Evacuate Collection Set: 6.2ms
[2023-12-20T08:23:59.041-0800][53989486ms] GC(797)   Other: 0.5ms
[2023-12-20T08:23:59.041-0800][53989486ms] GC(797) Eden regions: 753->0(753)
[2023-12-20T08:23:59.041-0800][53989486ms] GC(797) Survivor regions: 30->30(98)
[2023-12-20T08:23:59.041-0800][53989486ms] GC(797) Old regions: 161->161
[2023-12-20T08:23:59.041-0800][53989486ms] GC(797) Humongous regions: 5->5
[2023-12-20T08:23:59.041-0800][53989486ms] GC(797) Metaspace: 256260K->256260K(1294336K)
[2023-12-20T08:23:59.041-0800][53989486ms] GC(797) Pause Young (Normal) (G1 Evacuation Pause) 1896M->390M(2612M) 35.526ms
[2023-12-20T08:23:59.041-0800][53989486ms] GC(797) User=0.25s Sys=0.00s Real=0.03s
[2023-12-20T08:24:00.024-0800][53990469ms] GC(798) Pause Young (Normal) (G1 Evacuation Pause)
[2023-12-20T08:24:00.024-0800][53990469ms] GC(798) Using 10 workers of 10 for evacuation
[2023-12-20T08:24:00.055-0800][53990500ms] GC(798)   Pre Evacuate Collection Set: 0.0ms
[2023-12-20T08:24:00.055-0800][53990500ms] GC(798)   Evacuate Collection Set: 27.7ms
[2023-12-20T08:24:00.055-0800][53990500ms] GC(798)   Post Evacuate Collection Set: 3.5ms
[2023-12-20T08:24:00.055-0800][53990500ms] GC(798)   Other: 0.4ms
[2023-12-20T08:24:00.055-0800][53990500ms] GC(798) Eden regions: 753->0(753)
[2023-12-20T08:24:00.055-0800][53990500ms] GC(798) Survivor regions: 30->30(98)
[2023-12-20T08:24:00.055-0800][53990500ms] GC(798) Old regions: 161->161
[2023-12-20T08:24:00.055-0800][53990500ms] GC(798) Humongous regions: 5->5
[2023-12-20T08:24:00.055-0800][53990500ms] GC(798) Metaspace: 256260K->256260K(1294336K)
[2023-12-20T08:24:00.055-0800][53990500ms] GC(798) Pause Young (Normal) (G1 Evacuation Pause) 1896M->391M(2612M) 31.803ms
[2023-12-20T08:24:00.055-0800][53990500ms] GC(798) User=0.08s Sys=0.00s Real=0.03s
[2023-12-20T08:24:00.964-0800][53991409ms] GC(799) Pause Young (Normal) (G1 Evacuation Pause)
[2023-12-20T08:24:00.964-0800][53991409ms] GC(799) Using 10 workers of 10 for evacuation
[2023-12-20T08:24:00.995-0800][53991440ms] GC(799)   Pre Evacuate Collection Set: 0.0ms
[2023-12-20T08:24:00.995-0800][53991440ms] GC(799)   Evacuate Collection Set: 28.5ms
[2023-12-20T08:24:00.995-0800][53991440ms] GC(799)   Post Evacuate Collection Set: 2.4ms
[2023-12-20T08:24:00.995-0800][53991440ms] GC(799)   Other: 0.4ms
[2023-12-20T08:24:00.995-0800][53991440ms] GC(799) Eden regions: 753->0(753)
[2023-12-20T08:24:00.995-0800][53991440ms] GC(799) Survivor regions: 30->30(98)
[2023-12-20T08:24:00.995-0800][53991440ms] GC(799) Old regions: 161->161
[2023-12-20T08:24:00.995-0800][53991440ms] GC(799) Humongous regions: 5->5
[2023-12-20T08:24:00.995-0800][53991440ms] GC(799) Metaspace: 256260K->256260K(1294336K)
[2023-12-20T08:24:00.995-0800][53991440ms] GC(799) Pause Young (Normal) (G1 Evacuation Pause) 1897M->390M(2612M) 31.524ms
[2023-12-20T08:24:00.995-0800][53991440ms] GC(799) User=0.06s Sys=0.00s Real=0.03s
[2023-12-20T08:24:01.869-0800][53992314ms] GC(800) Pause Young (Normal) (G1 Evacuation Pause)
[2023-12-20T08:24:01.869-0800][53992314ms] GC(800) Using 10 workers of 10 for evacuation
[2023-12-20T08:24:01.901-0800][53992346ms] GC(800)   Pre Evacuate Collection Set: 0.0ms
[2023-12-20T08:24:01.901-0800][53992346ms] GC(800)   Evacuate Collection Set: 28.7ms
[2023-12-20T08:24:01.901-0800][53992346ms] GC(800)   Post Evacuate Collection Set: 3.3ms
[2023-12-20T08:24:01.901-0800][53992346ms] GC(800)   Other: 0.5ms
[2023-12-20T08:24:01.901-0800][53992346ms] GC(800) Eden regions: 753->0(753)
[2023-12-20T08:24:01.901-0800][53992346ms] GC(800) Survivor regions: 30->30(98)
[2023-12-20T08:24:01.901-0800][53992346ms] GC(800) Old regions: 161->161
[2023-12-20T08:24:01.901-0800][53992346ms] GC(800) Humongous regions: 5->5
[2023-12-20T08:24:01.901-0800][53992346ms] GC(800) Metaspace: 256260K->256260K(1294336K)
[2023-12-20T08:24:01.901-0800][53992346ms] GC(800) Pause Young (Normal) (G1 Evacuation Pause) 1896M->391M(2612M) 32.561ms
[2023-12-20T08:24:01.901-0800][53992346ms] GC(800) User=0.11s Sys=0.00s Real=0.03s
[2023-12-20T08:24:02.720-0800][53993165ms] GC(801) Pause Young (Normal) (G1 Evacuation Pause)
[2023-12-20T08:24:02.720-0800][53993165ms] GC(801) Using 10 workers of 10 for evacuation
[2023-12-20T08:24:02.750-0800][53993195ms] GC(801)   Pre Evacuate Collection Set: 0.0ms
[2023-12-20T08:24:02.750-0800][53993195ms] GC(801)   Evacuate Collection Set: 26.6ms
[2023-12-20T08:24:02.750-0800][53993195ms] GC(801)   Post Evacuate Collection Set: 2.8ms
[2023-12-20T08:24:02.750-0800][53993195ms] GC(801)   Other: 0.4ms
[2023-12-20T08:24:02.750-0800][53993195ms] GC(801) Eden regions: 753->0(753)
[2023-12-20T08:24:02.750-0800][53993195ms] GC(801) Survivor regions: 30->30(98)
[2023-12-20T08:24:02.750-0800][53993195ms] GC(801) Old regions: 161->161
[2023-12-20T08:24:02.750-0800][53993195ms] GC(801) Humongous regions: 5->5
[2023-12-20T08:24:02.750-0800][53993195ms] GC(801) Metaspace: 256260K->256260K(1294336K)
[2023-12-20T08:24:02.750-0800][53993195ms] GC(801) Pause Young (Normal) (G1 Evacuation Pause) 1897M->391M(2612M) 30.076ms
[2023-12-20T08:24:02.750-0800][53993195ms] GC(801) User=0.13s Sys=0.00s Real=0.03s
[2023-12-20T08:24:03.638-0800][53994083ms] GC(802) Pause Young (Normal) (G1 Evacuation Pause)
[2023-12-20T08:24:03.638-0800][53994083ms] GC(802) Using 10 workers of 10 for evacuation
[2023-12-20T08:24:03.667-0800][53994112ms] GC(802)   Pre Evacuate Collection Set: 0.0ms
[2023-12-20T08:24:03.667-0800][53994112ms] GC(802)   Evacuate Collection Set: 26.9ms
[2023-12-20T08:24:03.667-0800][53994112ms] GC(802)   Post Evacuate Collection Set: 2.7ms
[2023-12-20T08:24:03.667-0800][53994112ms] GC(802)   Other: 0.4ms
[2023-12-20T08:24:03.667-0800][53994112ms] GC(802) Eden regions: 753->0(753)
[2023-12-20T08:24:03.667-0800][53994112ms] GC(802) Survivor regions: 30->30(98)
[2023-12-20T08:24:03.667-0800][53994112ms] GC(802) Old regions: 161->161
[2023-12-20T08:24:03.667-0800][53994112ms] GC(802) Humongous regions: 5->5
[2023-12-20T08:24:03.667-0800][53994112ms] GC(802) Metaspace: 256260K->256260K(1294336K)
[2023-12-20T08:24:03.667-0800][53994112ms] GC(802) Pause Young (Normal) (G1 Evacuation Pause) 1897M->391M(2612M) 30.195ms
[2023-12-20T08:24:03.667-0800][53994112ms] GC(802) User=0.06s Sys=0.00s Real=0.03s
[2023-12-20T08:24:04.589-0800][53995034ms] GC(803) Pause Young (Normal) (G1 Evacuation Pause)
[2023-12-20T08:24:04.589-0800][53995034ms] GC(803) Using 10 workers of 10 for evacuation
[2023-12-20T08:24:04.618-0800][53995063ms] GC(803)   Pre Evacuate Collection Set: 0.0ms
[2023-12-20T08:24:04.618-0800][53995063ms] GC(803)   Evacuate Collection Set: 26.7ms
[2023-12-20T08:24:04.618-0800][53995063ms] GC(803)   Post Evacuate Collection Set: 3.0ms
[2023-12-20T08:24:04.618-0800][53995063ms] GC(803)   Other: 0.4ms
[2023-12-20T08:24:04.618-0800][53995063ms] GC(803) Eden regions: 753->0(753)
[2023-12-20T08:24:04.618-0800][53995063ms] GC(803) Survivor regions: 30->30(98)
[2023-12-20T08:24:04.618-0800][53995063ms] GC(803) Old regions: 161->161
[2023-12-20T08:24:04.618-0800][53995063ms] GC(803) Humongous regions: 5->5
[2023-12-20T08:24:04.618-0800][53995063ms] GC(803) Metaspace: 256260K->256260K(1294336K)
[2023-12-20T08:24:04.618-0800][53995063ms] GC(803) Pause Young (Normal) (G1 Evacuation Pause) 1897M->391M(2612M) 30.201ms
[2023-12-20T08:24:04.618-0800][53995063ms] GC(803) User=0.11s Sys=0.00s Real=0.03s
[2023-12-20T08:24:05.483-0800][53995928ms] GC(804) Pause Young (Normal) (G1 Evacuation Pause)
[2023-12-20T08:24:05.483-0800][53995928ms] GC(804) Using 10 workers of 10 for evacuation
[2023-12-20T08:24:05.512-0800][53995957ms] GC(804)   Pre Evacuate Collection Set: 0.1ms
[2023-12-20T08:24:05.512-0800][53995957ms] GC(804)   Evacuate Collection Set: 26.7ms
[2023-12-20T08:24:05.512-0800][53995957ms] GC(804)   Post Evacuate Collection Set: 2.3ms
[2023-12-20T08:24:05.512-0800][53995957ms] GC(804)   Other: 0.4ms
[2023-12-20T08:24:05.512-0800][53995957ms] GC(804) Eden regions: 753->0(753)
[2023-12-20T08:24:05.512-0800][53995957ms] GC(804) Survivor regions: 30->30(98)
[2023-12-20T08:24:05.512-0800][53995957ms] GC(804) Old regions: 161->161
[2023-12-20T08:24:05.512-0800][53995957ms] GC(804) Humongous regions: 5->5
[2023-12-20T08:24:05.512-0800][53995957ms] GC(804) Metaspace: 256260K->256260K(1294336K)
[2023-12-20T08:24:05.512-0800][53995957ms] GC(804) Pause Young (Normal) (G1 Evacuation Pause) 1897M->391M(2612M) 29.551ms
[2023-12-20T08:24:05.512-0800][53995957ms] GC(804) User=0.05s Sys=0.00s Real=0.03s
[2023-12-20T08:24:06.231-0800][53996676ms] GC(805) Pause Young (Normal) (G1 Evacuation Pause)
[2023-12-20T08:24:06.231-0800][53996676ms] GC(805) Using 10 workers of 10 for evacuation
[2023-12-20T08:24:06.263-0800][53996708ms] GC(805)   Pre Evacuate Collection Set: 0.1ms
[2023-12-20T08:24:06.263-0800][53996708ms] GC(805)   Evacuate Collection Set: 28.8ms
[2023-12-20T08:24:06.263-0800][53996708ms] GC(805)   Post Evacuate Collection Set: 2.7ms
[2023-12-20T08:24:06.263-0800][53996708ms] GC(805)   Other: 0.4ms
[2023-12-20T08:24:06.263-0800][53996708ms] GC(805) Eden regions: 753->0(753)
[2023-12-20T08:24:06.263-0800][53996708ms] GC(805) Survivor regions: 30->30(98)
[2023-12-20T08:24:06.263-0800][53996708ms] GC(805) Old regions: 161->161
[2023-12-20T08:24:06.263-0800][53996708ms] GC(805) Humongous regions: 5->5
[2023-12-20T08:24:06.263-0800][53996708ms] GC(805) Metaspace: 256260K->256260K(1294336K)
[2023-12-20T08:24:06.263-0800][53996708ms] GC(805) Pause Young (Normal) (G1 Evacuation Pause) 1897M->391M(2612M) 32.162ms
[2023-12-20T08:24:06.263-0800][53996708ms] GC(805) User=0.13s Sys=0.00s Real=0.03s
[2023-12-20T08:24:07.031-0800][53997476ms] GC(806) Pause Young (Normal) (G1 Evacuation Pause)
[2023-12-20T08:24:07.031-0800][53997476ms] GC(806) Using 10 workers of 10 for evacuation
[2023-12-20T08:24:07.060-0800][53997505ms] GC(806)   Pre Evacuate Collection Set: 0.0ms
[2023-12-20T08:24:07.060-0800][53997505ms] GC(806)   Evacuate Collection Set: 27.0ms
[2023-12-20T08:24:07.060-0800][53997505ms] GC(806)   Post Evacuate Collection Set: 2.4ms
[2023-12-20T08:24:07.060-0800][53997505ms] GC(806)   Other: 0.4ms
[2023-12-20T08:24:07.060-0800][53997505ms] GC(806) Eden regions: 753->0(753)
[2023-12-20T08:24:07.060-0800][53997505ms] GC(806) Survivor regions: 30->30(98)
[2023-12-20T08:24:07.060-0800][53997505ms] GC(806) Old regions: 161->161
[2023-12-20T08:24:07.060-0800][53997505ms] GC(806) Humongous regions: 5->5
[2023-12-20T08:24:07.060-0800][53997505ms] GC(806) Metaspace: 256260K->256260K(1294336K)
[2023-12-20T08:24:07.060-0800][53997505ms] GC(806) Pause Young (Normal) (G1 Evacuation Pause) 1897M->391M(2612M) 29.927ms
[2023-12-20T08:24:07.060-0800][53997505ms] GC(806) User=0.06s Sys=0.00s Real=0.03s
[2023-12-20T08:24:08.025-0800][53998470ms] GC(807) Pause Young (Normal) (G1 Evacuation Pause)
[2023-12-20T08:24:08.025-0800][53998470ms] GC(807) Using 10 workers of 10 for evacuation
[2023-12-20T08:24:08.055-0800][53998500ms] GC(807)   Pre Evacuate Collection Set: 0.0ms
[2023-12-20T08:24:08.055-0800][53998500ms] GC(807)   Evacuate Collection Set: 26.9ms
[2023-12-20T08:24:08.055-0800][53998500ms] GC(807)   Post Evacuate Collection Set: 2.5ms
[2023-12-20T08:24:08.055-0800][53998500ms] GC(807)   Other: 0.4ms
[2023-12-20T08:24:08.055-0800][53998500ms] GC(807) Eden regions: 753->0(753)
[2023-12-20T08:24:08.055-0800][53998500ms] GC(807) Survivor regions: 30->30(98)
[2023-12-20T08:24:08.055-0800][53998500ms] GC(807) Old regions: 161->161
[2023-12-20T08:24:08.055-0800][53998500ms] GC(807) Humongous regions: 5->5
[2023-12-20T08:24:08.055-0800][53998500ms] GC(807) Metaspace: 256260K->256260K(1294336K)
[2023-12-20T08:24:08.055-0800][53998500ms] GC(807) Pause Young (Normal) (G1 Evacuation Pause) 1897M->391M(2612M) 29.884ms
[2023-12-20T08:24:08.055-0800][53998500ms] GC(807) User=0.11s Sys=0.00s Real=0.03s
[2023-12-20T08:24:09.041-0800][53999486ms] GC(808) Pause Young (Normal) (G1 Evacuation Pause)
[2023-12-20T08:24:09.041-0800][53999486ms] GC(808) Using 10 workers of 10 for evacuation
[2023-12-20T08:24:09.073-0800][53999518ms] GC(808)   Pre Evacuate Collection Set: 0.0ms
[2023-12-20T08:24:09.073-0800][53999518ms] GC(808)   Evacuate Collection Set: 28.8ms
[2023-12-20T08:24:09.073-0800][53999518ms] GC(808)   Post Evacuate Collection Set: 2.6ms
[2023-12-20T08:24:09.073-0800][53999518ms] GC(808)   Other: 0.4ms
[2023-12-20T08:24:09.073-0800][53999518ms] GC(808) Eden regions: 753->0(753)
[2023-12-20T08:24:09.073-0800][53999518ms] GC(808) Survivor regions: 30->30(98)
[2023-12-20T08:24:09.073-0800][53999518ms] GC(808) Old regions: 161->161
[2023-12-20T08:24:09.073-0800][53999518ms] GC(808) Humongous regions: 5->5
[2023-12-20T08:24:09.073-0800][53999518ms] GC(808) Metaspace: 256260K->256260K(1294336K)
[2023-12-20T08:24:09.073-0800][53999518ms] GC(808) Pause Young (Normal) (G1 Evacuation Pause) 1897M->391M(2612M) 31.970ms
[2023-12-20T08:24:09.073-0800][53999518ms] GC(808) User=0.09s Sys=0.00s Real=0.03s
[2023-12-20T08:24:09.917-0800][54000362ms] GC(809) Pause Young (Normal) (G1 Evacuation Pause)
[2023-12-20T08:24:09.917-0800][54000362ms] GC(809) Using 10 workers of 10 for evacuation
[2023-12-20T08:24:09.947-0800][54000392ms] GC(809)   Pre Evacuate Collection Set: 0.0ms
[2023-12-20T08:24:09.947-0800][54000392ms] GC(809)   Evacuate Collection Set: 26.6ms
[2023-12-20T08:24:09.947-0800][54000392ms] GC(809)   Post Evacuate Collection Set: 2.6ms
[2023-12-20T08:24:09.947-0800][54000392ms] GC(809)   Other: 0.4ms
[2023-12-20T08:24:09.947-0800][54000392ms] GC(809) Eden regions: 753->0(753)
[2023-12-20T08:24:09.947-0800][54000392ms] GC(809) Survivor regions: 30->30(98)
[2023-12-20T08:24:09.947-0800][54000392ms] GC(809) Old regions: 161->161
[2023-12-20T08:24:09.947-0800][54000392ms] GC(809) Humongous regions: 5->5
[2023-12-20T08:24:09.947-0800][54000392ms] GC(809) Metaspace: 256260K->256260K(1294336K)
[2023-12-20T08:24:09.947-0800][54000392ms] GC(809) Pause Young (Normal) (G1 Evacuation Pause) 1897M->391M(2612M) 29.770ms
[2023-12-20T08:24:09.947-0800][54000392ms] GC(809) User=0.08s Sys=0.00s Real=0.03s
[2023-12-20T08:24:10.842-0800][54001287ms] GC(810) Pause Young (Normal) (G1 Evacuation Pause)
[2023-12-20T08:24:10.842-0800][54001287ms] GC(810) Using 10 workers of 10 for evacuation
[2023-12-20T08:24:10.871-0800][54001316ms] GC(810)   Pre Evacuate Collection Set: 0.0ms
[2023-12-20T08:24:10.871-0800][54001316ms] GC(810)   Evacuate Collection Set: 26.1ms
[2023-12-20T08:24:10.871-0800][54001316ms] GC(810)   Post Evacuate Collection Set: 2.7ms
[2023-12-20T08:24:10.871-0800][54001316ms] GC(810)   Other: 0.4ms
[2023-12-20T08:24:10.871-0800][54001316ms] GC(810) Eden regions: 753->0(753)
[2023-12-20T08:24:10.872-0800][54001317ms] GC(810) Survivor regions: 30->30(98)
[2023-12-20T08:24:10.872-0800][54001317ms] GC(810) Old regions: 161->161
[2023-12-20T08:24:10.872-0800][54001317ms] GC(810) Humongous regions: 5->5
[2023-12-20T08:24:10.872-0800][54001317ms] GC(810) Metaspace: 256260K->256260K(1294336K)
[2023-12-20T08:24:10.872-0800][54001317ms] GC(810) Pause Young (Normal) (G1 Evacuation Pause) 1897M->391M(2612M) 29.382ms
[2023-12-20T08:24:10.872-0800][54001317ms] GC(810) User=0.08s Sys=0.00s Real=0.03s
[2023-12-20T08:24:11.703-0800][54002148ms] GC(811) Pause Young (Normal) (G1 Evacuation Pause)
[2023-12-20T08:24:11.703-0800][54002148ms] GC(811) Using 10 workers of 10 for evacuation
[2023-12-20T08:24:11.734-0800][54002179ms] GC(811)   Pre Evacuate Collection Set: 0.0ms
[2023-12-20T08:24:11.734-0800][54002179ms] GC(811)   Evacuate Collection Set: 27.7ms
[2023-12-20T08:24:11.734-0800][54002179ms] GC(811)   Post Evacuate Collection Set: 2.4ms
[2023-12-20T08:24:11.734-0800][54002179ms] GC(811)   Other: 0.4ms
[2023-12-20T08:24:11.734-0800][54002179ms] GC(811) Eden regions: 753->0(753)
[2023-12-20T08:24:11.734-0800][54002179ms] GC(811) Survivor regions: 30->30(98)
[2023-12-20T08:24:11.734-0800][54002179ms] GC(811) Old regions: 161->161
[2023-12-20T08:24:11.734-0800][54002179ms] GC(811) Humongous regions: 5->5
[2023-12-20T08:24:11.734-0800][54002179ms] GC(811) Metaspace: 256260K->256260K(1294336K)
[2023-12-20T08:24:11.734-0800][54002179ms] GC(811) Pause Young (Normal) (G1 Evacuation Pause) 1897M->390M(2612M) 30.636ms
[2023-12-20T08:24:11.734-0800][54002179ms] GC(811) User=0.09s Sys=0.00s Real=0.03s
[2023-12-20T08:24:12.667-0800][54003112ms] GC(812) Pause Young (Normal) (G1 Evacuation Pause)
[2023-12-20T08:24:12.667-0800][54003112ms] GC(812) Using 10 workers of 10 for evacuation
[2023-12-20T08:24:12.697-0800][54003142ms] GC(812)   Pre Evacuate Collection Set: 0.1ms
[2023-12-20T08:24:12.697-0800][54003142ms] GC(812)   Evacuate Collection Set: 27.1ms
[2023-12-20T08:24:12.697-0800][54003142ms] GC(812)   Post Evacuate Collection Set: 2.4ms
[2023-12-20T08:24:12.697-0800][54003142ms] GC(812)   Other: 0.4ms
[2023-12-20T08:24:12.697-0800][54003142ms] GC(812) Eden regions: 753->0(753)
[2023-12-20T08:24:12.697-0800][54003142ms] GC(812) Survivor regions: 30->30(98)
[2023-12-20T08:24:12.697-0800][54003142ms] GC(812) Old regions: 161->161
[2023-12-20T08:24:12.697-0800][54003142ms] GC(812) Humongous regions: 5->5
[2023-12-20T08:24:12.697-0800][54003142ms] GC(812) Metaspace: 256260K->256260K(1294336K)
[2023-12-20T08:24:12.697-0800][54003142ms] GC(812) Pause Young (Normal) (G1 Evacuation Pause) 1896M->391M(2612M) 29.980ms
[2023-12-20T08:24:12.697-0800][54003142ms] GC(812) User=0.08s Sys=0.00s Real=0.03s
[2023-12-20T08:24:13.565-0800][54004010ms] GC(813) Pause Young (Normal) (G1 Evacuation Pause)
[2023-12-20T08:24:13.565-0800][54004010ms] GC(813) Using 10 workers of 10 for evacuation
[2023-12-20T08:24:13.596-0800][54004041ms] GC(813)   Pre Evacuate Collection Set: 0.0ms
[2023-12-20T08:24:13.596-0800][54004041ms] GC(813)   Evacuate Collection Set: 26.8ms
[2023-12-20T08:24:13.596-0800][54004041ms] GC(813)   Post Evacuate Collection Set: 3.0ms
[2023-12-20T08:24:13.596-0800][54004041ms] GC(813)   Other: 0.4ms
[2023-12-20T08:24:13.596-0800][54004041ms] GC(813) Eden regions: 753->0(753)
[2023-12-20T08:24:13.596-0800][54004041ms] GC(813) Survivor regions: 30->30(98)
[2023-12-20T08:24:13.596-0800][54004041ms] GC(813) Old regions: 161->162
[2023-12-20T08:24:13.596-0800][54004041ms] GC(813) Humongous regions: 5->5
[2023-12-20T08:24:13.596-0800][54004041ms] GC(813) Metaspace: 256260K->256260K(1294336K)
[2023-12-20T08:24:13.596-0800][54004041ms] GC(813) Pause Young (Normal) (G1 Evacuation Pause) 1897M->391M(2612M) 30.346ms
[2023-12-20T08:24:13.596-0800][54004041ms] GC(813) User=0.11s Sys=0.00s Real=0.03s
[2023-12-20T08:24:14.495-0800][54004940ms] GC(814) Pause Young (Normal) (G1 Evacuation Pause)
[2023-12-20T08:24:14.495-0800][54004940ms] GC(814) Using 10 workers of 10 for evacuation
[2023-12-20T08:24:14.525-0800][54004970ms] GC(814)   Pre Evacuate Collection Set: 0.0ms
[2023-12-20T08:24:14.525-0800][54004970ms] GC(814)   Evacuate Collection Set: 26.9ms
[2023-12-20T08:24:14.525-0800][54004970ms] GC(814)   Post Evacuate Collection Set: 2.5ms
[2023-12-20T08:24:14.525-0800][54004970ms] GC(814)   Other: 0.3ms
[2023-12-20T08:24:14.525-0800][54004970ms] GC(814) Eden regions: 753->0(753)
[2023-12-20T08:24:14.525-0800][54004970ms] GC(814) Survivor regions: 30->30(98)
[2023-12-20T08:24:14.525-0800][54004970ms] GC(814) Old regions: 162->162
[2023-12-20T08:24:14.525-0800][54004970ms] GC(814) Humongous regions: 5->5
[2023-12-20T08:24:14.525-0800][54004970ms] GC(814) Metaspace: 256261K->256261K(1294336K)
[2023-12-20T08:24:14.525-0800][54004970ms] GC(814) Pause Young (Normal) (G1 Evacuation Pause) 1897M->391M(2612M) 29.963ms
[2023-12-20T08:24:14.525-0800][54004970ms] GC(814) User=0.05s Sys=0.00s Real=0.03s
[2023-12-20T08:24:15.376-0800][54005821ms] GC(815) Pause Young (Normal) (G1 Evacuation Pause)
[2023-12-20T08:24:15.376-0800][54005821ms] GC(815) Using 10 workers of 10 for evacuation
[2023-12-20T08:24:15.405-0800][54005850ms] GC(815)   Pre Evacuate Collection Set: 0.0ms
[2023-12-20T08:24:15.405-0800][54005850ms] GC(815)   Evacuate Collection Set: 26.0ms
[2023-12-20T08:24:15.405-0800][54005850ms] GC(815)   Post Evacuate Collection Set: 2.5ms
[2023-12-20T08:24:15.405-0800][54005850ms] GC(815)   Other: 0.4ms
[2023-12-20T08:24:15.405-0800][54005850ms] GC(815) Eden regions: 753->0(753)
[2023-12-20T08:24:15.405-0800][54005850ms] GC(815) Survivor regions: 30->30(98)
[2023-12-20T08:24:15.405-0800][54005850ms] GC(815) Old regions: 162->162
[2023-12-20T08:24:15.405-0800][54005850ms] GC(815) Humongous regions: 5->5
[2023-12-20T08:24:15.405-0800][54005850ms] GC(815) Metaspace: 256261K->256261K(1294336K)
[2023-12-20T08:24:15.405-0800][54005850ms] GC(815) Pause Young (Normal) (G1 Evacuation Pause) 1897M->392M(2612M) 29.125ms
[2023-12-20T08:24:15.405-0800][54005850ms] GC(815) User=0.06s Sys=0.00s Real=0.03s
[2023-12-20T08:24:16.391-0800][54006836ms] GC(816) Pause Young (Normal) (G1 Evacuation Pause)
[2023-12-20T08:24:16.391-0800][54006836ms] GC(816) Using 10 workers of 10 for evacuation
[2023-12-20T08:24:16.420-0800][54006865ms] GC(816)   Pre Evacuate Collection Set: 0.0ms
[2023-12-20T08:24:16.420-0800][54006865ms] GC(816)   Evacuate Collection Set: 26.1ms
[2023-12-20T08:24:16.420-0800][54006865ms] GC(816)   Post Evacuate Collection Set: 2.3ms
[2023-12-20T08:24:16.420-0800][54006865ms] GC(816)   Other: 0.4ms
[2023-12-20T08:24:16.420-0800][54006865ms] GC(816) Eden regions: 753->0(753)
[2023-12-20T08:24:16.420-0800][54006865ms] GC(816) Survivor regions: 30->30(98)
[2023-12-20T08:24:16.420-0800][54006865ms] GC(816) Old regions: 162->162
[2023-12-20T08:24:16.420-0800][54006865ms] GC(816) Humongous regions: 5->5
[2023-12-20T08:24:16.420-0800][54006865ms] GC(816) Metaspace: 256263K->256263K(1294336K)
[2023-12-20T08:24:16.420-0800][54006865ms] GC(816) Pause Young (Normal) (G1 Evacuation Pause) 1898M->391M(2612M) 28.867ms
[2023-12-20T08:24:16.420-0800][54006865ms] GC(816) User=0.13s Sys=0.00s Real=0.03s
[2023-12-20T08:24:17.279-0800][54007724ms] GC(817) Pause Young (Normal) (G1 Evacuation Pause)
[2023-12-20T08:24:17.279-0800][54007724ms] GC(817) Using 10 workers of 10 for evacuation
[2023-12-20T08:24:17.307-0800][54007752ms] GC(817)   Pre Evacuate Collection Set: 0.0ms
[2023-12-20T08:24:17.307-0800][54007752ms] GC(817)   Evacuate Collection Set: 26.2ms
[2023-12-20T08:24:17.307-0800][54007752ms] GC(817)   Post Evacuate Collection Set: 2.6ms
[2023-12-20T08:24:17.307-0800][54007752ms] GC(817)   Other: 0.3ms
[2023-12-20T08:24:17.307-0800][54007752ms] GC(817) Eden regions: 753->0(753)
[2023-12-20T08:24:17.307-0800][54007752ms] GC(817) Survivor regions: 30->30(98)
[2023-12-20T08:24:17.307-0800][54007752ms] GC(817) Old regions: 162->162
[2023-12-20T08:24:17.307-0800][54007752ms] GC(817) Humongous regions: 5->5
[2023-12-20T08:24:17.307-0800][54007752ms] GC(817) Metaspace: 256263K->256263K(1294336K)
[2023-12-20T08:24:17.307-0800][54007752ms] GC(817) Pause Young (Normal) (G1 Evacuation Pause) 1897M->391M(2612M) 29.281ms
[2023-12-20T08:24:17.307-0800][54007752ms] GC(817) User=0.14s Sys=0.00s Real=0.03s
[2023-12-20T08:24:18.210-0800][54008655ms] GC(818) Pause Young (Normal) (G1 Evacuation Pause)
[2023-12-20T08:24:18.210-0800][54008655ms] GC(818) Using 10 workers of 10 for evacuation
[2023-12-20T08:24:18.241-0800][54008686ms] GC(818)   Pre Evacuate Collection Set: 0.0ms
[2023-12-20T08:24:18.241-0800][54008686ms] GC(818)   Evacuate Collection Set: 27.8ms
[2023-12-20T08:24:18.241-0800][54008686ms] GC(818)   Post Evacuate Collection Set: 3.1ms
[2023-12-20T08:24:18.241-0800][54008686ms] GC(818)   Other: 0.4ms
[2023-12-20T08:24:18.241-0800][54008686ms] GC(818) Eden regions: 753->0(753)
[2023-12-20T08:24:18.241-0800][54008686ms] GC(818) Survivor regions: 30->30(98)
[2023-12-20T08:24:18.241-0800][54008686ms] GC(818) Old regions: 162->162
[2023-12-20T08:24:18.241-0800][54008686ms] GC(818) Humongous regions: 5->5
[2023-12-20T08:24:18.241-0800][54008686ms] GC(818) Metaspace: 256263K->256263K(1294336K)
[2023-12-20T08:24:18.241-0800][54008686ms] GC(818) Pause Young (Normal) (G1 Evacuation Pause) 1897M->392M(2612M) 31.338ms
[2023-12-20T08:24:18.241-0800][54008686ms] GC(818) User=0.05s Sys=0.00s Real=0.03s
[2023-12-20T08:24:19.127-0800][54009572ms] GC(819) Pause Young (Normal) (G1 Evacuation Pause)
[2023-12-20T08:24:19.127-0800][54009572ms] GC(819) Using 10 workers of 10 for evacuation
[2023-12-20T08:24:19.156-0800][54009601ms] GC(819)   Pre Evacuate Collection Set: 0.0ms
[2023-12-20T08:24:19.156-0800][54009601ms] GC(819)   Evacuate Collection Set: 25.6ms
[2023-12-20T08:24:19.156-0800][54009601ms] GC(819)   Post Evacuate Collection Set: 2.5ms
[2023-12-20T08:24:19.156-0800][54009601ms] GC(819)   Other: 0.4ms
[2023-12-20T08:24:19.156-0800][54009601ms] GC(819) Eden regions: 753->0(753)
[2023-12-20T08:24:19.156-0800][54009601ms] GC(819) Survivor regions: 30->30(98)
[2023-12-20T08:24:19.156-0800][54009601ms] GC(819) Old regions: 162->162
[2023-12-20T08:24:19.156-0800][54009601ms] GC(819) Humongous regions: 5->5
[2023-12-20T08:24:19.156-0800][54009601ms] GC(819) Metaspace: 256263K->256263K(1294336K)
[2023-12-20T08:24:19.156-0800][54009601ms] GC(819) Pause Young (Normal) (G1 Evacuation Pause) 1898M->392M(2612M) 28.654ms
[2023-12-20T08:24:19.156-0800][54009601ms] GC(819) User=0.08s Sys=0.00s Real=0.03s
[2023-12-20T08:24:20.063-0800][54010508ms] GC(820) Pause Young (Normal) (G1 Evacuation Pause)
[2023-12-20T08:24:20.063-0800][54010508ms] GC(820) Using 10 workers of 10 for evacuation
[2023-12-20T08:24:20.093-0800][54010538ms] GC(820)   Pre Evacuate Collection Set: 0.1ms
[2023-12-20T08:24:20.093-0800][54010538ms] GC(820)   Evacuate Collection Set: 27.4ms
[2023-12-20T08:24:20.093-0800][54010538ms] GC(820)   Post Evacuate Collection Set: 2.5ms
[2023-12-20T08:24:20.093-0800][54010538ms] GC(820)   Other: 0.5ms
[2023-12-20T08:24:20.093-0800][54010538ms] GC(820) Eden regions: 753->0(753)
[2023-12-20T08:24:20.093-0800][54010538ms] GC(820) Survivor regions: 30->30(98)
[2023-12-20T08:24:20.093-0800][54010538ms] GC(820) Old regions: 162->162
[2023-12-20T08:24:20.093-0800][54010538ms] GC(820) Humongous regions: 5->5
[2023-12-20T08:24:20.093-0800][54010538ms] GC(820) Metaspace: 256263K->256263K(1294336K)
[2023-12-20T08:24:20.093-0800][54010538ms] GC(820) Pause Young (Normal) (G1 Evacuation Pause) 1898M->391M(2612M) 30.488ms
[2023-12-20T08:24:20.093-0800][54010538ms] GC(820) User=0.09s Sys=0.00s Real=0.03s
[2023-12-20T08:24:20.928-0800][54011373ms] GC(821) Pause Young (Normal) (G1 Evacuation Pause)
[2023-12-20T08:24:20.928-0800][54011373ms] GC(821) Using 10 workers of 10 for evacuation
[2023-12-20T08:24:20.957-0800][54011402ms] GC(821)   Pre Evacuate Collection Set: 0.1ms
[2023-12-20T08:24:20.957-0800][54011402ms] GC(821)   Evacuate Collection Set: 26.2ms
[2023-12-20T08:24:20.957-0800][54011402ms] GC(821)   Post Evacuate Collection Set: 2.4ms
[2023-12-20T08:24:20.957-0800][54011402ms] GC(821)   Other: 0.4ms
[2023-12-20T08:24:20.957-0800][54011402ms] GC(821) Eden regions: 753->0(753)
[2023-12-20T08:24:20.957-0800][54011402ms] GC(821) Survivor regions: 30->30(98)
[2023-12-20T08:24:20.957-0800][54011402ms] GC(821) Old regions: 162->162
[2023-12-20T08:24:20.957-0800][54011402ms] GC(821) Humongous regions: 5->5
[2023-12-20T08:24:20.957-0800][54011402ms] GC(821) Metaspace: 256263K->256263K(1294336K)
[2023-12-20T08:24:20.957-0800][54011402ms] GC(821) Pause Young (Normal) (G1 Evacuation Pause) 1897M->391M(2612M) 29.268ms
[2023-12-20T08:24:20.957-0800][54011402ms] GC(821) User=0.22s Sys=0.00s Real=0.03s
[2023-12-20T08:24:21.807-0800][54012252ms] GC(822) Pause Young (Normal) (G1 Evacuation Pause)
[2023-12-20T08:24:21.807-0800][54012252ms] GC(822) Using 10 workers of 10 for evacuation
[2023-12-20T08:24:21.836-0800][54012281ms] GC(822)   Pre Evacuate Collection Set: 0.0ms
[2023-12-20T08:24:21.836-0800][54012281ms] GC(822)   Evacuate Collection Set: 27.0ms
[2023-12-20T08:24:21.836-0800][54012281ms] GC(822)   Post Evacuate Collection Set: 2.4ms
[2023-12-20T08:24:21.836-0800][54012281ms] GC(822)   Other: 0.4ms
[2023-12-20T08:24:21.836-0800][54012281ms] GC(822) Eden regions: 753->0(753)
[2023-12-20T08:24:21.836-0800][54012281ms] GC(822) Survivor regions: 30->30(98)
[2023-12-20T08:24:21.837-0800][54012282ms] GC(822) Old regions: 162->162
[2023-12-20T08:24:21.837-0800][54012282ms] GC(822) Humongous regions: 5->5
[2023-12-20T08:24:21.837-0800][54012282ms] GC(822) Metaspace: 256263K->256263K(1294336K)
[2023-12-20T08:24:21.837-0800][54012282ms] GC(822) Pause Young (Normal) (G1 Evacuation Pause) 1897M->392M(2612M) 30.003ms
[2023-12-20T08:24:21.837-0800][54012282ms] GC(822) User=0.09s Sys=0.00s Real=0.03s
[2023-12-20T08:24:22.757-0800][54013202ms] GC(823) Pause Young (Normal) (G1 Evacuation Pause)
[2023-12-20T08:24:22.757-0800][54013202ms] GC(823) Using 10 workers of 10 for evacuation
[2023-12-20T08:24:22.787-0800][54013232ms] GC(823)   Pre Evacuate Collection Set: 0.1ms
[2023-12-20T08:24:22.787-0800][54013232ms] GC(823)   Evacuate Collection Set: 27.4ms
[2023-12-20T08:24:22.787-0800][54013232ms] GC(823)   Post Evacuate Collection Set: 2.3ms
[2023-12-20T08:24:22.787-0800][54013232ms] GC(823)   Other: 0.4ms
[2023-12-20T08:24:22.787-0800][54013232ms] GC(823) Eden regions: 753->0(753)
[2023-12-20T08:24:22.787-0800][54013232ms] GC(823) Survivor regions: 30->30(98)
[2023-12-20T08:24:22.787-0800][54013232ms] GC(823) Old regions: 162->162
[2023-12-20T08:24:22.787-0800][54013232ms] GC(823) Humongous regions: 5->5
[2023-12-20T08:24:22.787-0800][54013232ms] GC(823) Metaspace: 256263K->256263K(1294336K)
[2023-12-20T08:24:22.787-0800][54013232ms] GC(823) Pause Young (Normal) (G1 Evacuation Pause) 1898M->392M(2612M) 30.216ms
[2023-12-20T08:24:22.787-0800][54013232ms] GC(823) User=0.13s Sys=0.00s Real=0.03s
[2023-12-20T08:24:23.642-0800][54014087ms] GC(824) Pause Young (Normal) (G1 Evacuation Pause)
[2023-12-20T08:24:23.642-0800][54014087ms] GC(824) Using 10 workers of 10 for evacuation
[2023-12-20T08:24:23.671-0800][54014116ms] GC(824)   Pre Evacuate Collection Set: 0.0ms
[2023-12-20T08:24:23.671-0800][54014116ms] GC(824)   Evacuate Collection Set: 26.4ms
[2023-12-20T08:24:23.671-0800][54014116ms] GC(824)   Post Evacuate Collection Set: 2.6ms
[2023-12-20T08:24:23.671-0800][54014116ms] GC(824)   Other: 0.4ms
[2023-12-20T08:24:23.671-0800][54014116ms] GC(824) Eden regions: 753->0(753)
[2023-12-20T08:24:23.671-0800][54014116ms] GC(824) Survivor regions: 30->30(98)
[2023-12-20T08:24:23.671-0800][54014116ms] GC(824) Old regions: 162->162
[2023-12-20T08:24:23.671-0800][54014116ms] GC(824) Humongous regions: 5->5
[2023-12-20T08:24:23.671-0800][54014116ms] GC(824) Metaspace: 256263K->256263K(1294336K)
[2023-12-20T08:24:23.671-0800][54014116ms] GC(824) Pause Young (Normal) (G1 Evacuation Pause) 1898M->392M(2612M) 29.599ms
[2023-12-20T08:24:23.671-0800][54014116ms] GC(824) User=0.09s Sys=0.00s Real=0.03s
[2023-12-20T08:24:24.632-0800][54015077ms] GC(825) Pause Young (Normal) (GCLocker Initiated GC)
[2023-12-20T08:24:24.632-0800][54015077ms] GC(825) Using 10 workers of 10 for evacuation
[2023-12-20T08:24:24.661-0800][54015106ms] GC(825)   Pre Evacuate Collection Set: 0.0ms
[2023-12-20T08:24:24.661-0800][54015106ms] GC(825)   Evacuate Collection Set: 26.8ms
[2023-12-20T08:24:24.661-0800][54015106ms] GC(825)   Post Evacuate Collection Set: 2.4ms
[2023-12-20T08:24:24.661-0800][54015106ms] GC(825)   Other: 0.4ms
[2023-12-20T08:24:24.661-0800][54015106ms] GC(825) Eden regions: 753->0(753)
[2023-12-20T08:24:24.661-0800][54015106ms] GC(825) Survivor regions: 30->30(98)
[2023-12-20T08:24:24.661-0800][54015106ms] GC(825) Old regions: 162->162
[2023-12-20T08:24:24.661-0800][54015106ms] GC(825) Humongous regions: 5->5
[2023-12-20T08:24:24.661-0800][54015106ms] GC(825) Metaspace: 256263K->256263K(1294336K)
[2023-12-20T08:24:24.661-0800][54015106ms] GC(825) Pause Young (Normal) (GCLocker Initiated GC) 1898M->391M(2612M) 29.799ms
[2023-12-20T08:24:24.661-0800][54015106ms] GC(825) User=0.09s Sys=0.00s Real=0.03s
[2023-12-20T08:24:25.647-0800][54016092ms] GC(826) Pause Young (Normal) (GCLocker Initiated GC)
[2023-12-20T08:24:25.647-0800][54016092ms] GC(826) Using 10 workers of 10 for evacuation
[2023-12-20T08:24:25.676-0800][54016121ms] GC(826)   Pre Evacuate Collection Set: 0.0ms
[2023-12-20T08:24:25.676-0800][54016121ms] GC(826)   Evacuate Collection Set: 26.5ms
[2023-12-20T08:24:25.676-0800][54016121ms] GC(826)   Post Evacuate Collection Set: 2.4ms
[2023-12-20T08:24:25.676-0800][54016121ms] GC(826)   Other: 0.4ms
[2023-12-20T08:24:25.676-0800][54016121ms] GC(826) Eden regions: 754->0(753)
[2023-12-20T08:24:25.676-0800][54016121ms] GC(826) Survivor regions: 30->30(98)
[2023-12-20T08:24:25.676-0800][54016121ms] GC(826) Old regions: 162->162
[2023-12-20T08:24:25.676-0800][54016121ms] GC(826) Humongous regions: 5->5
[2023-12-20T08:24:25.676-0800][54016121ms] GC(826) Metaspace: 256263K->256263K(1294336K)
[2023-12-20T08:24:25.676-0800][54016121ms] GC(826) Pause Young (Normal) (GCLocker Initiated GC) 1898M->391M(2612M) 29.511ms
[2023-12-20T08:24:25.676-0800][54016121ms] GC(826) User=0.19s Sys=0.00s Real=0.03s
[2023-12-20T08:24:26.702-0800][54017147ms] GC(827) Pause Young (Normal) (GCLocker Initiated GC)
[2023-12-20T08:24:26.702-0800][54017147ms] GC(827) Using 10 workers of 10 for evacuation
[2023-12-20T08:24:26.733-0800][54017178ms] GC(827)   Pre Evacuate Collection Set: 0.0ms
[2023-12-20T08:24:26.733-0800][54017178ms] GC(827)   Evacuate Collection Set: 27.9ms
[2023-12-20T08:24:26.733-0800][54017178ms] GC(827)   Post Evacuate Collection Set: 2.5ms
[2023-12-20T08:24:26.733-0800][54017178ms] GC(827)   Other: 0.3ms
[2023-12-20T08:24:26.733-0800][54017178ms] GC(827) Eden regions: 754->0(753)
[2023-12-20T08:24:26.733-0800][54017178ms] GC(827) Survivor regions: 30->30(98)
[2023-12-20T08:24:26.733-0800][54017178ms] GC(827) Old regions: 162->162
[2023-12-20T08:24:26.733-0800][54017178ms] GC(827) Humongous regions: 5->5
[2023-12-20T08:24:26.733-0800][54017178ms] GC(827) Metaspace: 256263K->256263K(1294336K)
[2023-12-20T08:24:26.733-0800][54017178ms] GC(827) Pause Young (Normal) (GCLocker Initiated GC) 1898M->392M(2612M) 30.798ms
[2023-12-20T08:24:26.733-0800][54017178ms] GC(827) User=0.11s Sys=0.00s Real=0.03s
[2023-12-20T08:24:27.636-0800][54018081ms] GC(828) Pause Young (Normal) (G1 Evacuation Pause)
[2023-12-20T08:24:27.636-0800][54018081ms] GC(828) Using 10 workers of 10 for evacuation
[2023-12-20T08:24:27.666-0800][54018111ms] GC(828)   Pre Evacuate Collection Set: 0.0ms
[2023-12-20T08:24:27.666-0800][54018111ms] GC(828)   Evacuate Collection Set: 26.8ms
[2023-12-20T08:24:27.666-0800][54018111ms] GC(828)   Post Evacuate Collection Set: 3.1ms
[2023-12-20T08:24:27.666-0800][54018111ms] GC(828)   Other: 0.4ms
[2023-12-20T08:24:27.666-0800][54018111ms] GC(828) Eden regions: 753->0(754)
[2023-12-20T08:24:27.666-0800][54018111ms] GC(828) Survivor regions: 30->29(98)
[2023-12-20T08:24:27.666-0800][54018111ms] GC(828) Old regions: 162->162
[2023-12-20T08:24:27.667-0800][54018112ms] GC(828) Humongous regions: 5->5
[2023-12-20T08:24:27.667-0800][54018112ms] GC(828) Metaspace: 256263K->256263K(1294336K)
[2023-12-20T08:24:27.667-0800][54018112ms] GC(828) Pause Young (Normal) (G1 Evacuation Pause) 1898M->390M(2612M) 30.414ms
[2023-12-20T08:24:27.667-0800][54018112ms] GC(828) User=0.09s Sys=0.00s Real=0.03s
[2023-12-20T08:24:28.546-0800][54018991ms] GC(829) Pause Young (Normal) (G1 Evacuation Pause)
[2023-12-20T08:24:28.546-0800][54018991ms] GC(829) Using 10 workers of 10 for evacuation
[2023-12-20T08:24:28.576-0800][54019021ms] GC(829)   Pre Evacuate Collection Set: 0.0ms
[2023-12-20T08:24:28.576-0800][54019021ms] GC(829)   Evacuate Collection Set: 26.2ms
[2023-12-20T08:24:28.576-0800][54019021ms] GC(829)   Post Evacuate Collection Set: 2.7ms
[2023-12-20T08:24:28.576-0800][54019021ms] GC(829)   Other: 0.4ms
[2023-12-20T08:24:28.576-0800][54019021ms] GC(829) Eden regions: 754->0(753)
[2023-12-20T08:24:28.576-0800][54019021ms] GC(829) Survivor regions: 29->30(98)
[2023-12-20T08:24:28.576-0800][54019021ms] GC(829) Old regions: 162->162
[2023-12-20T08:24:28.576-0800][54019021ms] GC(829) Humongous regions: 5->5
[2023-12-20T08:24:28.576-0800][54019021ms] GC(829) Metaspace: 256263K->256263K(1294336K)
[2023-12-20T08:24:28.576-0800][54019021ms] GC(829) Pause Young (Normal) (G1 Evacuation Pause) 1898M->392M(2612M) 29.408ms
[2023-12-20T08:24:28.576-0800][54019021ms] GC(829) User=0.09s Sys=0.00s Real=0.03s
[2023-12-20T08:24:29.416-0800][54019861ms] GC(830) Pause Young (Normal) (G1 Evacuation Pause)
[2023-12-20T08:24:29.416-0800][54019861ms] GC(830) Using 10 workers of 10 for evacuation
[2023-12-20T08:24:29.449-0800][54019894ms] GC(830)   Pre Evacuate Collection Set: 0.0ms
[2023-12-20T08:24:29.449-0800][54019894ms] GC(830)   Evacuate Collection Set: 29.5ms
[2023-12-20T08:24:29.449-0800][54019894ms] GC(830)   Post Evacuate Collection Set: 2.5ms
[2023-12-20T08:24:29.449-0800][54019894ms] GC(830)   Other: 0.5ms
[2023-12-20T08:24:29.449-0800][54019894ms] GC(830) Eden regions: 753->0(753)
[2023-12-20T08:24:29.449-0800][54019894ms] GC(830) Survivor regions: 30->30(98)
[2023-12-20T08:24:29.449-0800][54019894ms] GC(830) Old regions: 162->162
[2023-12-20T08:24:29.449-0800][54019894ms] GC(830) Humongous regions: 5->5
[2023-12-20T08:24:29.449-0800][54019894ms] GC(830) Metaspace: 256263K->256263K(1294336K)
[2023-12-20T08:24:29.449-0800][54019894ms] GC(830) Pause Young (Normal) (G1 Evacuation Pause) 1898M->391M(2612M) 32.664ms
[2023-12-20T08:24:29.449-0800][54019894ms] GC(830) User=0.06s Sys=0.00s Real=0.03s
[2023-12-20T08:24:30.290-0800][54020735ms] GC(831) Pause Young (Normal) (G1 Evacuation Pause)
[2023-12-20T08:24:30.290-0800][54020735ms] GC(831) Using 10 workers of 10 for evacuation
[2023-12-20T08:24:30.319-0800][54020764ms] GC(831)   Pre Evacuate Collection Set: 0.0ms
[2023-12-20T08:24:30.319-0800][54020764ms] GC(831)   Evacuate Collection Set: 26.6ms
[2023-12-20T08:24:30.319-0800][54020764ms] GC(831)   Post Evacuate Collection Set: 2.4ms
[2023-12-20T08:24:30.319-0800][54020764ms] GC(831)   Other: 0.4ms
[2023-12-20T08:24:30.319-0800][54020764ms] GC(831) Eden regions: 753->0(753)
[2023-12-20T08:24:30.319-0800][54020764ms] GC(831) Survivor regions: 30->30(98)
[2023-12-20T08:24:30.319-0800][54020764ms] GC(831) Old regions: 162->162
[2023-12-20T08:24:30.319-0800][54020764ms] GC(831) Humongous regions: 5->5
[2023-12-20T08:24:30.319-0800][54020764ms] GC(831) Metaspace: 256263K->256263K(1294336K)
[2023-12-20T08:24:30.319-0800][54020764ms] GC(831) Pause Young (Normal) (G1 Evacuation Pause) 1897M->391M(2612M) 29.597ms
[2023-12-20T08:24:30.319-0800][54020764ms] GC(831) User=0.09s Sys=0.00s Real=0.03s
[2023-12-20T08:24:31.141-0800][54021586ms] GC(832) Pause Young (Normal) (G1 Evacuation Pause)
[2023-12-20T08:24:31.141-0800][54021586ms] GC(832) Using 10 workers of 10 for evacuation
[2023-12-20T08:24:31.171-0800][54021616ms] GC(832)   Pre Evacuate Collection Set: 0.0ms
[2023-12-20T08:24:31.171-0800][54021616ms] GC(832)   Evacuate Collection Set: 26.7ms
[2023-12-20T08:24:31.171-0800][54021616ms] GC(832)   Post Evacuate Collection Set: 2.4ms
[2023-12-20T08:24:31.171-0800][54021616ms] GC(832)   Other: 0.4ms
[2023-12-20T08:24:31.171-0800][54021616ms] GC(832) Eden regions: 753->0(753)
[2023-12-20T08:24:31.171-0800][54021616ms] GC(832) Survivor regions: 30->30(98)
[2023-12-20T08:24:31.171-0800][54021616ms] GC(832) Old regions: 162->162
[2023-12-20T08:24:31.171-0800][54021616ms] GC(832) Humongous regions: 5->5
[2023-12-20T08:24:31.171-0800][54021616ms] GC(832) Metaspace: 256263K->256263K(1294336K)
[2023-12-20T08:24:31.171-0800][54021616ms] GC(832) Pause Young (Normal) (G1 Evacuation Pause) 1897M->391M(2612M) 29.687ms
[2023-12-20T08:24:31.171-0800][54021616ms] GC(832) User=0.09s Sys=0.00s Real=0.03s
[2023-12-20T08:24:32.033-0800][54022478ms] GC(833) Pause Young (Normal) (G1 Evacuation Pause)
[2023-12-20T08:24:32.033-0800][54022478ms] GC(833) Using 10 workers of 10 for evacuation
[2023-12-20T08:24:32.061-0800][54022506ms] GC(833)   Pre Evacuate Collection Set: 0.0ms
[2023-12-20T08:24:32.061-0800][54022506ms] GC(833)   Evacuate Collection Set: 25.5ms
[2023-12-20T08:24:32.061-0800][54022506ms] GC(833)   Post Evacuate Collection Set: 2.5ms
[2023-12-20T08:24:32.061-0800][54022506ms] GC(833)   Other: 0.4ms
[2023-12-20T08:24:32.061-0800][54022506ms] GC(833) Eden regions: 753->0(753)
[2023-12-20T08:24:32.061-0800][54022506ms] GC(833) Survivor regions: 30->30(98)
[2023-12-20T08:24:32.061-0800][54022506ms] GC(833) Old regions: 162->162
[2023-12-20T08:24:32.061-0800][54022506ms] GC(833) Humongous regions: 5->5
[2023-12-20T08:24:32.061-0800][54022506ms] GC(833) Metaspace: 256263K->256263K(1294336K)
[2023-12-20T08:24:32.061-0800][54022506ms] GC(833) Pause Young (Normal) (G1 Evacuation Pause) 1897M->391M(2612M) 28.631ms
[2023-12-20T08:24:32.061-0800][54022506ms] GC(833) User=0.11s Sys=0.00s Real=0.03s
[2023-12-20T08:24:32.987-0800][54023432ms] GC(834) Pause Young (Normal) (G1 Evacuation Pause)
[2023-12-20T08:24:32.987-0800][54023432ms] GC(834) Using 10 workers of 10 for evacuation
[2023-12-20T08:24:33.015-0800][54023460ms] GC(834)   Pre Evacuate Collection Set: 0.0ms
[2023-12-20T08:24:33.015-0800][54023460ms] GC(834)   Evacuate Collection Set: 25.3ms
[2023-12-20T08:24:33.015-0800][54023460ms] GC(834)   Post Evacuate Collection Set: 2.7ms
[2023-12-20T08:24:33.015-0800][54023460ms] GC(834)   Other: 0.4ms
[2023-12-20T08:24:33.015-0800][54023460ms] GC(834) Eden regions: 753->0(753)
[2023-12-20T08:24:33.015-0800][54023460ms] GC(834) Survivor regions: 30->30(98)
[2023-12-20T08:24:33.015-0800][54023460ms] GC(834) Old regions: 162->162
[2023-12-20T08:24:33.015-0800][54023460ms] GC(834) Humongous regions: 5->5
[2023-12-20T08:24:33.015-0800][54023460ms] GC(834) Metaspace: 256263K->256263K(1294336K)
[2023-12-20T08:24:33.015-0800][54023460ms] GC(834) Pause Young (Normal) (G1 Evacuation Pause) 1897M->392M(2612M) 28.599ms
[2023-12-20T08:24:33.015-0800][54023460ms] GC(834) User=0.14s Sys=0.00s Real=0.03s
[2023-12-20T08:24:33.887-0800][54024332ms] GC(835) Pause Young (Normal) (G1 Evacuation Pause)
[2023-12-20T08:24:33.887-0800][54024332ms] GC(835) Using 10 workers of 10 for evacuation
[2023-12-20T08:24:33.916-0800][54024361ms] GC(835)   Pre Evacuate Collection Set: 0.0ms
[2023-12-20T08:24:33.916-0800][54024361ms] GC(835)   Evacuate Collection Set: 25.9ms
[2023-12-20T08:24:33.916-0800][54024361ms] GC(835)   Post Evacuate Collection Set: 2.4ms
[2023-12-20T08:24:33.916-0800][54024361ms] GC(835)   Other: 0.4ms
[2023-12-20T08:24:33.916-0800][54024361ms] GC(835) Eden regions: 753->0(754)
[2023-12-20T08:24:33.916-0800][54024361ms] GC(835) Survivor regions: 30->29(98)
[2023-12-20T08:24:33.916-0800][54024361ms] GC(835) Old regions: 162->162
[2023-12-20T08:24:33.916-0800][54024361ms] GC(835) Humongous regions: 5->5
[2023-12-20T08:24:33.916-0800][54024361ms] GC(835) Metaspace: 256263K->256263K(1294336K)
[2023-12-20T08:24:33.916-0800][54024361ms] GC(835) Pause Young (Normal) (G1 Evacuation Pause) 1898M->390M(2612M) 28.774ms
[2023-12-20T08:24:33.916-0800][54024361ms] GC(835) User=0.08s Sys=0.00s Real=0.03s
[2023-12-20T08:24:34.803-0800][54025248ms] GC(836) Pause Young (Normal) (G1 Evacuation Pause)
[2023-12-20T08:24:34.803-0800][54025248ms] GC(836) Using 10 workers of 10 for evacuation
[2023-12-20T08:24:34.832-0800][54025277ms] GC(836)   Pre Evacuate Collection Set: 0.1ms
[2023-12-20T08:24:34.832-0800][54025277ms] GC(836)   Evacuate Collection Set: 25.9ms
[2023-12-20T08:24:34.832-0800][54025277ms] GC(836)   Post Evacuate Collection Set: 2.7ms
[2023-12-20T08:24:34.832-0800][54025277ms] GC(836)   Other: 0.4ms
[2023-12-20T08:24:34.832-0800][54025277ms] GC(836) Eden regions: 754->0(753)
[2023-12-20T08:24:34.832-0800][54025277ms] GC(836) Survivor regions: 29->30(98)
[2023-12-20T08:24:34.832-0800][54025277ms] GC(836) Old regions: 162->162
[2023-12-20T08:24:34.832-0800][54025277ms] GC(836) Humongous regions: 5->5
[2023-12-20T08:24:34.832-0800][54025277ms] GC(836) Metaspace: 256270K->256270K(1294336K)
[2023-12-20T08:24:34.832-0800][54025277ms] GC(836) Pause Young (Normal) (G1 Evacuation Pause) 1898M->391M(2612M) 29.151ms
[2023-12-20T08:24:34.832-0800][54025277ms] GC(836) User=0.09s Sys=0.00s Real=0.03s
[2023-12-20T08:24:35.686-0800][54026131ms] GC(837) Pause Young (Normal) (G1 Evacuation Pause)
[2023-12-20T08:24:35.686-0800][54026131ms] GC(837) Using 10 workers of 10 for evacuation
[2023-12-20T08:24:35.714-0800][54026159ms] GC(837)   Pre Evacuate Collection Set: 0.0ms
[2023-12-20T08:24:35.714-0800][54026159ms] GC(837)   Evacuate Collection Set: 25.7ms
[2023-12-20T08:24:35.714-0800][54026159ms] GC(837)   Post Evacuate Collection Set: 2.4ms
[2023-12-20T08:24:35.714-0800][54026159ms] GC(837)   Other: 0.4ms
[2023-12-20T08:24:35.714-0800][54026159ms] GC(837) Eden regions: 753->0(753)
[2023-12-20T08:24:35.714-0800][54026159ms] GC(837) Survivor regions: 30->30(98)
[2023-12-20T08:24:35.714-0800][54026159ms] GC(837) Old regions: 162->162
[2023-12-20T08:24:35.714-0800][54026159ms] GC(837) Humongous regions: 5->5
[2023-12-20T08:24:35.714-0800][54026159ms] GC(837) Metaspace: 256270K->256270K(1294336K)
[2023-12-20T08:24:35.714-0800][54026159ms] GC(837) Pause Young (Normal) (G1 Evacuation Pause) 1897M->391M(2612M) 28.680ms
[2023-12-20T08:24:35.714-0800][54026159ms] GC(837) User=0.13s Sys=0.00s Real=0.03s
[2023-12-20T08:24:36.581-0800][54027026ms] GC(838) Pause Young (Normal) (G1 Evacuation Pause)
[2023-12-20T08:24:36.581-0800][54027026ms] GC(838) Using 10 workers of 10 for evacuation
[2023-12-20T08:24:36.610-0800][54027055ms] GC(838)   Pre Evacuate Collection Set: 0.0ms
[2023-12-20T08:24:36.610-0800][54027055ms] GC(838)   Evacuate Collection Set: 26.7ms
[2023-12-20T08:24:36.610-0800][54027055ms] GC(838)   Post Evacuate Collection Set: 2.3ms
[2023-12-20T08:24:36.610-0800][54027055ms] GC(838)   Other: 0.3ms
[2023-12-20T08:24:36.610-0800][54027055ms] GC(838) Eden regions: 753->0(754)
[2023-12-20T08:24:36.610-0800][54027055ms] GC(838) Survivor regions: 30->29(98)
[2023-12-20T08:24:36.610-0800][54027055ms] GC(838) Old regions: 162->162
[2023-12-20T08:24:36.610-0800][54027055ms] GC(838) Humongous regions: 5->5
[2023-12-20T08:24:36.610-0800][54027055ms] GC(838) Metaspace: 256270K->256270K(1294336K)
[2023-12-20T08:24:36.610-0800][54027055ms] GC(838) Pause Young (Normal) (G1 Evacuation Pause) 1897M->390M(2612M) 29.498ms
[2023-12-20T08:24:36.610-0800][54027055ms] GC(838) User=0.09s Sys=0.00s Real=0.03s
[2023-12-20T08:24:37.497-0800][54027942ms] GC(839) Pause Young (Normal) (G1 Evacuation Pause)
[2023-12-20T08:24:37.497-0800][54027942ms] GC(839) Using 10 workers of 10 for evacuation
[2023-12-20T08:24:37.529-0800][54027974ms] GC(839)   Pre Evacuate Collection Set: 0.1ms
[2023-12-20T08:24:37.529-0800][54027974ms] GC(839)   Evacuate Collection Set: 29.1ms
[2023-12-20T08:24:37.529-0800][54027974ms] GC(839)   Post Evacuate Collection Set: 2.3ms
[2023-12-20T08:24:37.529-0800][54027974ms] GC(839)   Other: 0.4ms
[2023-12-20T08:24:37.529-0800][54027974ms] GC(839) Eden regions: 754->0(753)
[2023-12-20T08:24:37.529-0800][54027974ms] GC(839) Survivor regions: 29->30(98)
[2023-12-20T08:24:37.529-0800][54027974ms] GC(839) Old regions: 162->162
[2023-12-20T08:24:37.529-0800][54027974ms] GC(839) Humongous regions: 5->5
[2023-12-20T08:24:37.529-0800][54027974ms] GC(839) Metaspace: 256270K->256270K(1294336K)
[2023-12-20T08:24:37.529-0800][54027974ms] GC(839) Pause Young (Normal) (G1 Evacuation Pause) 1898M->392M(2612M) 31.992ms
[2023-12-20T08:24:37.529-0800][54027974ms] GC(839) User=0.11s Sys=0.02s Real=0.03s
[2023-12-20T08:24:38.360-0800][54028805ms] GC(840) Pause Young (Normal) (G1 Evacuation Pause)
[2023-12-20T08:24:38.360-0800][54028805ms] GC(840) Using 10 workers of 10 for evacuation
[2023-12-20T08:24:38.389-0800][54028834ms] GC(840)   Pre Evacuate Collection Set: 0.0ms
[2023-12-20T08:24:38.389-0800][54028834ms] GC(840)   Evacuate Collection Set: 26.7ms
[2023-12-20T08:24:38.389-0800][54028834ms] GC(840)   Post Evacuate Collection Set: 2.5ms
[2023-12-20T08:24:38.389-0800][54028834ms] GC(840)   Other: 0.4ms
[2023-12-20T08:24:38.389-0800][54028834ms] GC(840) Eden regions: 753->0(752)
[2023-12-20T08:24:38.389-0800][54028834ms] GC(840) Survivor regions: 30->31(98)
[2023-12-20T08:24:38.389-0800][54028834ms] GC(840) Old regions: 162->162
[2023-12-20T08:24:38.389-0800][54028834ms] GC(840) Humongous regions: 5->5
[2023-12-20T08:24:38.389-0800][54028834ms] GC(840) Metaspace: 256270K->256270K(1294336K)
[2023-12-20T08:24:38.389-0800][54028834ms] GC(840) Pause Young (Normal) (G1 Evacuation Pause) 1898M->393M(2612M) 29.626ms
[2023-12-20T08:24:38.389-0800][54028834ms] GC(840) User=0.02s Sys=0.00s Real=0.03s
[2023-12-20T08:24:39.240-0800][54029685ms] GC(841) Pause Young (Normal) (G1 Evacuation Pause)
[2023-12-20T08:24:39.240-0800][54029685ms] GC(841) Using 10 workers of 10 for evacuation
[2023-12-20T08:24:39.270-0800][54029715ms] GC(841)   Pre Evacuate Collection Set: 0.0ms
[2023-12-20T08:24:39.270-0800][54029715ms] GC(841)   Evacuate Collection Set: 27.8ms
[2023-12-20T08:24:39.270-0800][54029715ms] GC(841)   Post Evacuate Collection Set: 3.2ms
[2023-12-20T08:24:39.271-0800][54029716ms] GC(841)   Other: 0.4ms
[2023-12-20T08:24:39.271-0800][54029716ms] GC(841) Eden regions: 752->0(752)
[2023-12-20T08:24:39.271-0800][54029716ms] GC(841) Survivor regions: 31->31(98)
[2023-12-20T08:24:39.271-0800][54029716ms] GC(841) Old regions: 162->162
[2023-12-20T08:24:39.271-0800][54029716ms] GC(841) Humongous regions: 5->5
[2023-12-20T08:24:39.271-0800][54029716ms] GC(841) Metaspace: 256270K->256270K(1294336K)
[2023-12-20T08:24:39.271-0800][54029716ms] GC(841) Pause Young (Normal) (G1 Evacuation Pause) 1897M->393M(2612M) 31.589ms
[2023-12-20T08:24:39.271-0800][54029716ms] GC(841) User=0.05s Sys=0.00s Real=0.03s
[2023-12-20T08:24:40.122-0800][54030567ms] GC(842) Pause Young (Normal) (G1 Evacuation Pause)
[2023-12-20T08:24:40.122-0800][54030567ms] GC(842) Using 10 workers of 10 for evacuation
[2023-12-20T08:24:40.151-0800][54030596ms] GC(842)   Pre Evacuate Collection Set: 0.0ms
[2023-12-20T08:24:40.151-0800][54030596ms] GC(842)   Evacuate Collection Set: 26.5ms
[2023-12-20T08:24:40.151-0800][54030596ms] GC(842)   Post Evacuate Collection Set: 2.5ms
[2023-12-20T08:24:40.151-0800][54030596ms] GC(842)   Other: 0.4ms
[2023-12-20T08:24:40.151-0800][54030596ms] GC(842) Eden regions: 752->0(752)
[2023-12-20T08:24:40.151-0800][54030596ms] GC(842) Survivor regions: 31->31(98)
[2023-12-20T08:24:40.151-0800][54030596ms] GC(842) Old regions: 162->162
[2023-12-20T08:24:40.151-0800][54030596ms] GC(842) Humongous regions: 5->5
[2023-12-20T08:24:40.151-0800][54030596ms] GC(842) Metaspace: 256270K->256270K(1294336K)
[2023-12-20T08:24:40.151-0800][54030596ms] GC(842) Pause Young (Normal) (G1 Evacuation Pause) 1897M->393M(2612M) 29.524ms
[2023-12-20T08:24:40.151-0800][54030596ms] GC(842) User=0.11s Sys=0.00s Real=0.03s
[2023-12-20T08:24:41.121-0800][54031566ms] GC(843) Pause Young (Normal) (G1 Evacuation Pause)
[2023-12-20T08:24:41.121-0800][54031566ms] GC(843) Using 10 workers of 10 for evacuation
[2023-12-20T08:24:41.151-0800][54031596ms] GC(843)   Pre Evacuate Collection Set: 0.1ms
[2023-12-20T08:24:41.151-0800][54031596ms] GC(843)   Evacuate Collection Set: 26.5ms
[2023-12-20T08:24:41.151-0800][54031596ms] GC(843)   Post Evacuate Collection Set: 2.3ms
[2023-12-20T08:24:41.151-0800][54031596ms] GC(843)   Other: 0.5ms
[2023-12-20T08:24:41.151-0800][54031596ms] GC(843) Eden regions: 752->0(752)
[2023-12-20T08:24:41.151-0800][54031596ms] GC(843) Survivor regions: 31->31(98)
[2023-12-20T08:24:41.151-0800][54031596ms] GC(843) Old regions: 162->162
[2023-12-20T08:24:41.151-0800][54031596ms] GC(843) Humongous regions: 5->5
[2023-12-20T08:24:41.151-0800][54031596ms] GC(843) Metaspace: 256270K->256270K(1294336K)
[2023-12-20T08:24:41.151-0800][54031596ms] GC(843) Pause Young (Normal) (G1 Evacuation Pause) 1897M->393M(2612M) 29.540ms
[2023-12-20T08:24:41.151-0800][54031596ms] GC(843) User=0.05s Sys=0.00s Real=0.03s
[2023-12-20T08:24:41.877-0800][54032322ms] GC(844) Pause Young (Normal) (G1 Evacuation Pause)
[2023-12-20T08:24:41.877-0800][54032322ms] GC(844) Using 10 workers of 10 for evacuation
[2023-12-20T08:24:41.906-0800][54032351ms] GC(844)   Pre Evacuate Collection Set: 0.0ms
[2023-12-20T08:24:41.906-0800][54032351ms] GC(844)   Evacuate Collection Set: 26.0ms
[2023-12-20T08:24:41.906-0800][54032351ms] GC(844)   Post Evacuate Collection Set: 2.2ms
[2023-12-20T08:24:41.906-0800][54032351ms] GC(844)   Other: 0.4ms
[2023-12-20T08:24:41.906-0800][54032351ms] GC(844) Eden regions: 752->0(752)
[2023-12-20T08:24:41.906-0800][54032351ms] GC(844) Survivor regions: 31->31(98)
[2023-12-20T08:24:41.906-0800][54032351ms] GC(844) Old regions: 162->162
[2023-12-20T08:24:41.906-0800][54032351ms] GC(844) Humongous regions: 5->5
[2023-12-20T08:24:41.906-0800][54032351ms] GC(844) Metaspace: 256270K->256270K(1294336K)
[2023-12-20T08:24:41.906-0800][54032351ms] GC(844) Pause Young (Normal) (G1 Evacuation Pause) 1897M->393M(2612M) 28.799ms
[2023-12-20T08:24:41.906-0800][54032351ms] GC(844) User=0.11s Sys=0.00s Real=0.03s
[2023-12-20T08:24:42.607-0800][54033052ms] GC(845) Pause Young (Normal) (G1 Evacuation Pause)
[2023-12-20T08:24:42.607-0800][54033052ms] GC(845) Using 10 workers of 10 for evacuation
[2023-12-20T08:24:42.636-0800][54033081ms] GC(845)   Pre Evacuate Collection Set: 0.0ms
[2023-12-20T08:24:42.636-0800][54033081ms] GC(845)   Evacuate Collection Set: 25.9ms
[2023-12-20T08:24:42.636-0800][54033081ms] GC(845)   Post Evacuate Collection Set: 2.7ms
[2023-12-20T08:24:42.636-0800][54033081ms] GC(845)   Other: 0.4ms
[2023-12-20T08:24:42.636-0800][54033081ms] GC(845) Eden regions: 752->0(752)
[2023-12-20T08:24:42.636-0800][54033081ms] GC(845) Survivor regions: 31->31(98)
[2023-12-20T08:24:42.637-0800][54033082ms] GC(845) Old regions: 162->162
[2023-12-20T08:24:42.637-0800][54033082ms] GC(845) Humongous regions: 5->5
[2023-12-20T08:24:42.637-0800][54033082ms] GC(845) Metaspace: 256270K->256270K(1294336K)
[2023-12-20T08:24:42.637-0800][54033082ms] GC(845) Pause Young (Normal) (G1 Evacuation Pause) 1897M->393M(2612M) 29.154ms
[2023-12-20T08:24:42.637-0800][54033082ms] GC(845) User=0.13s Sys=0.00s Real=0.03s
[2023-12-20T08:24:43.315-0800][54033760ms] GC(846) Pause Young (Normal) (G1 Evacuation Pause)
[2023-12-20T08:24:43.315-0800][54033760ms] GC(846) Using 10 workers of 10 for evacuation
[2023-12-20T08:24:43.345-0800][54033790ms] GC(846)   Pre Evacuate Collection Set: 0.0ms
[2023-12-20T08:24:43.345-0800][54033790ms] GC(846)   Evacuate Collection Set: 26.7ms
[2023-12-20T08:24:43.345-0800][54033790ms] GC(846)   Post Evacuate Collection Set: 2.7ms
[2023-12-20T08:24:43.345-0800][54033790ms] GC(846)   Other: 0.4ms
[2023-12-20T08:24:43.345-0800][54033790ms] GC(846) Eden regions: 752->0(753)
[2023-12-20T08:24:43.345-0800][54033790ms] GC(846) Survivor regions: 31->30(98)
[2023-12-20T08:24:43.345-0800][54033790ms] GC(846) Old regions: 162->162
[2023-12-20T08:24:43.345-0800][54033790ms] GC(846) Humongous regions: 5->5
[2023-12-20T08:24:43.345-0800][54033790ms] GC(846) Metaspace: 256270K->256270K(1294336K)
[2023-12-20T08:24:43.345-0800][54033790ms] GC(846) Pause Young (Normal) (G1 Evacuation Pause) 1897M->391M(2612M) 29.965ms
[2023-12-20T08:24:43.345-0800][54033790ms] GC(846) User=0.11s Sys=0.00s Real=0.03s
[2023-12-20T08:24:43.996-0800][54034441ms] GC(847) Pause Young (Normal) (G1 Evacuation Pause)
[2023-12-20T08:24:43.996-0800][54034441ms] GC(847) Using 10 workers of 10 for evacuation
[2023-12-20T08:24:44.025-0800][54034470ms] GC(847)   Pre Evacuate Collection Set: 0.0ms
[2023-12-20T08:24:44.025-0800][54034470ms] GC(847)   Evacuate Collection Set: 25.7ms
[2023-12-20T08:24:44.025-0800][54034470ms] GC(847)   Post Evacuate Collection Set: 2.5ms
[2023-12-20T08:24:44.025-0800][54034470ms] GC(847)   Other: 0.4ms
[2023-12-20T08:24:44.025-0800][54034470ms] GC(847) Eden regions: 753->0(752)
[2023-12-20T08:24:44.025-0800][54034470ms] GC(847) Survivor regions: 30->31(98)
[2023-12-20T08:24:44.025-0800][54034470ms] GC(847) Old regions: 162->162
[2023-12-20T08:24:44.025-0800][54034470ms] GC(847) Humongous regions: 5->5
[2023-12-20T08:24:44.025-0800][54034470ms] GC(847) Metaspace: 256270K->256270K(1294336K)
[2023-12-20T08:24:44.025-0800][54034470ms] GC(847) Pause Young (Normal) (G1 Evacuation Pause) 1897M->393M(2612M) 28.773ms
[2023-12-20T08:24:44.025-0800][54034470ms] GC(847) User=0.06s Sys=0.00s Real=0.03s
[2023-12-20T08:24:44.764-0800][54035209ms] GC(848) Pause Young (Normal) (G1 Evacuation Pause)
[2023-12-20T08:24:44.764-0800][54035209ms] GC(848) Using 10 workers of 10 for evacuation
[2023-12-20T08:24:44.793-0800][54035238ms] GC(848)   Pre Evacuate Collection Set: 0.0ms
[2023-12-20T08:24:44.793-0800][54035238ms] GC(848)   Evacuate Collection Set: 26.8ms
[2023-12-20T08:24:44.793-0800][54035238ms] GC(848)   Post Evacuate Collection Set: 2.7ms
[2023-12-20T08:24:44.793-0800][54035238ms] GC(848)   Other: 0.4ms
[2023-12-20T08:24:44.793-0800][54035238ms] GC(848) Eden regions: 752->0(753)
[2023-12-20T08:24:44.793-0800][54035238ms] GC(848) Survivor regions: 31->30(98)
[2023-12-20T08:24:44.793-0800][54035238ms] GC(848) Old regions: 162->162
[2023-12-20T08:24:44.793-0800][54035238ms] GC(848) Humongous regions: 5->5
[2023-12-20T08:24:44.793-0800][54035238ms] GC(848) Metaspace: 256271K->256271K(1294336K)
[2023-12-20T08:24:44.793-0800][54035238ms] GC(848) Pause Young (Normal) (G1 Evacuation Pause) 1897M->392M(2612M) 30.013ms
[2023-12-20T08:24:44.793-0800][54035238ms] GC(848) User=0.06s Sys=0.00s Real=0.03s
[2023-12-20T08:24:45.612-0800][54036057ms] GC(849) Pause Young (Normal) (G1 Evacuation Pause)
[2023-12-20T08:24:45.612-0800][54036057ms] GC(849) Using 10 workers of 10 for evacuation
[2023-12-20T08:24:45.642-0800][54036087ms] GC(849)   Pre Evacuate Collection Set: 0.0ms
[2023-12-20T08:24:45.642-0800][54036087ms] GC(849)   Evacuate Collection Set: 26.8ms
[2023-12-20T08:24:45.642-0800][54036087ms] GC(849)   Post Evacuate Collection Set: 3.0ms
[2023-12-20T08:24:45.642-0800][54036087ms] GC(849)   Other: 0.4ms
[2023-12-20T08:24:45.642-0800][54036087ms] GC(849) Eden regions: 753->0(753)
[2023-12-20T08:24:45.642-0800][54036087ms] GC(849) Survivor regions: 30->30(98)
[2023-12-20T08:24:45.642-0800][54036087ms] GC(849) Old regions: 162->162
[2023-12-20T08:24:45.642-0800][54036087ms] GC(849) Humongous regions: 5->5
[2023-12-20T08:24:45.642-0800][54036087ms] GC(849) Metaspace: 256275K->256275K(1294336K)
[2023-12-20T08:24:45.642-0800][54036087ms] GC(849) Pause Young (Normal) (G1 Evacuation Pause) 1898M->392M(2612M) 30.329ms
[2023-12-20T08:24:45.642-0800][54036087ms] GC(849) User=0.11s Sys=0.00s Real=0.03s
[2023-12-20T08:24:46.493-0800][54036938ms] GC(850) Pause Young (Normal) (G1 Evacuation Pause)
[2023-12-20T08:24:46.493-0800][54036938ms] GC(850) Using 10 workers of 10 for evacuation
[2023-12-20T08:24:46.524-0800][54036969ms] GC(850)   Pre Evacuate Collection Set: 0.1ms
[2023-12-20T08:24:46.524-0800][54036969ms] GC(850)   Evacuate Collection Set: 27.0ms
[2023-12-20T08:24:46.524-0800][54036969ms] GC(850)   Post Evacuate Collection Set: 3.4ms
[2023-12-20T08:24:46.524-0800][54036969ms] GC(850)   Other: 0.5ms
[2023-12-20T08:24:46.524-0800][54036969ms] GC(850) Eden regions: 753->0(753)
[2023-12-20T08:24:46.524-0800][54036969ms] GC(850) Survivor regions: 30->30(98)
[2023-12-20T08:24:46.524-0800][54036969ms] GC(850) Old regions: 162->162
[2023-12-20T08:24:46.524-0800][54036969ms] GC(850) Humongous regions: 5->5
[2023-12-20T08:24:46.524-0800][54036969ms] GC(850) Metaspace: 256287K->256287K(1294336K)
[2023-12-20T08:24:46.524-0800][54036969ms] GC(850) Pause Young (Normal) (G1 Evacuation Pause) 1898M->392M(2612M) 31.026ms
[2023-12-20T08:24:46.524-0800][54036969ms] GC(850) User=0.11s Sys=0.00s Real=0.03s
[2023-12-20T08:24:47.374-0800][54037819ms] GC(851) Pause Young (Normal) (G1 Evacuation Pause)
[2023-12-20T08:24:47.374-0800][54037819ms] GC(851) Using 10 workers of 10 for evacuation
[2023-12-20T08:24:47.409-0800][54037854ms] GC(851)   Pre Evacuate Collection Set: 0.0ms
[2023-12-20T08:24:47.409-0800][54037854ms] GC(851)   Evacuate Collection Set: 27.4ms
[2023-12-20T08:24:47.409-0800][54037854ms] GC(851)   Post Evacuate Collection Set: 6.9ms
[2023-12-20T08:24:47.409-0800][54037854ms] GC(851)   Other: 0.4ms
[2023-12-20T08:24:47.409-0800][54037854ms] GC(851) Eden regions: 753->0(752)
[2023-12-20T08:24:47.409-0800][54037854ms] GC(851) Survivor regions: 30->31(98)
[2023-12-20T08:24:47.409-0800][54037854ms] GC(851) Old regions: 162->162
[2023-12-20T08:24:47.409-0800][54037854ms] GC(851) Humongous regions: 5->5
[2023-12-20T08:24:47.409-0800][54037854ms] GC(851) Metaspace: 256287K->256287K(1294336K)
[2023-12-20T08:24:47.409-0800][54037854ms] GC(851) Pause Young (Normal) (G1 Evacuation Pause) 1898M->393M(2612M) 34.990ms
[2023-12-20T08:24:47.409-0800][54037854ms] GC(851) User=0.16s Sys=0.00s Real=0.03s
[2023-12-20T08:24:48.331-0800][54038776ms] GC(852) Pause Young (Normal) (G1 Evacuation Pause)
[2023-12-20T08:24:48.331-0800][54038776ms] GC(852) Using 10 workers of 10 for evacuation
[2023-12-20T08:24:48.360-0800][54038805ms] GC(852)   Pre Evacuate Collection Set: 0.1ms
[2023-12-20T08:24:48.360-0800][54038805ms] GC(852)   Evacuate Collection Set: 26.4ms
[2023-12-20T08:24:48.360-0800][54038805ms] GC(852)   Post Evacuate Collection Set: 2.4ms
[2023-12-20T08:24:48.360-0800][54038805ms] GC(852)   Other: 0.4ms
[2023-12-20T08:24:48.360-0800][54038805ms] GC(852) Eden regions: 752->0(752)
[2023-12-20T08:24:48.360-0800][54038805ms] GC(852) Survivor regions: 31->31(98)
[2023-12-20T08:24:48.360-0800][54038805ms] GC(852) Old regions: 162->162
[2023-12-20T08:24:48.360-0800][54038805ms] GC(852) Humongous regions: 5->5
[2023-12-20T08:24:48.360-0800][54038805ms] GC(852) Metaspace: 256287K->256287K(1294336K)
[2023-12-20T08:24:48.360-0800][54038805ms] GC(852) Pause Young (Normal) (G1 Evacuation Pause) 1897M->393M(2612M) 29.440ms
[2023-12-20T08:24:48.360-0800][54038805ms] GC(852) User=0.09s Sys=0.00s Real=0.03s
[2023-12-20T08:24:49.167-0800][54039612ms] GC(853) Pause Young (Normal) (G1 Evacuation Pause)
[2023-12-20T08:24:49.167-0800][54039612ms] GC(853) Using 10 workers of 10 for evacuation
[2023-12-20T08:24:49.196-0800][54039641ms] GC(853)   Pre Evacuate Collection Set: 0.0ms
[2023-12-20T08:24:49.197-0800][54039642ms] GC(853)   Evacuate Collection Set: 26.3ms
[2023-12-20T08:24:49.197-0800][54039642ms] GC(853)   Post Evacuate Collection Set: 2.4ms
[2023-12-20T08:24:49.197-0800][54039642ms] GC(853)   Other: 0.4ms
[2023-12-20T08:24:49.197-0800][54039642ms] GC(853) Eden regions: 752->0(752)
[2023-12-20T08:24:49.197-0800][54039642ms] GC(853) Survivor regions: 31->31(98)
[2023-12-20T08:24:49.197-0800][54039642ms] GC(853) Old regions: 162->162
[2023-12-20T08:24:49.197-0800][54039642ms] GC(853) Humongous regions: 5->5
[2023-12-20T08:24:49.197-0800][54039642ms] GC(853) Metaspace: 256287K->256287K(1294336K)
[2023-12-20T08:24:49.197-0800][54039642ms] GC(853) Pause Young (Normal) (G1 Evacuation Pause) 1897M->393M(2612M) 29.224ms
[2023-12-20T08:24:49.197-0800][54039642ms] GC(853) User=0.08s Sys=0.00s Real=0.03s
[2023-12-20T08:24:50.060-0800][54040505ms] GC(854) Pause Young (Normal) (G1 Evacuation Pause)
[2023-12-20T08:24:50.060-0800][54040505ms] GC(854) Using 10 workers of 10 for evacuation
[2023-12-20T08:24:50.096-0800][54040541ms] GC(854)   Pre Evacuate Collection Set: 0.0ms
[2023-12-20T08:24:50.096-0800][54040541ms] GC(854)   Evacuate Collection Set: 26.9ms
[2023-12-20T08:24:50.096-0800][54040541ms] GC(854)   Post Evacuate Collection Set: 8.4ms
[2023-12-20T08:24:50.096-0800][54040541ms] GC(854)   Other: 0.4ms
[2023-12-20T08:24:50.096-0800][54040541ms] GC(854) Eden regions: 752->0(753)
[2023-12-20T08:24:50.096-0800][54040541ms] GC(854) Survivor regions: 31->30(98)
[2023-12-20T08:24:50.096-0800][54040541ms] GC(854) Old regions: 162->162
[2023-12-20T08:24:50.096-0800][54040541ms] GC(854) Humongous regions: 5->5
[2023-12-20T08:24:50.096-0800][54040541ms] GC(854) Metaspace: 256287K->256287K(1294336K)
[2023-12-20T08:24:50.096-0800][54040541ms] GC(854) Pause Young (Normal) (G1 Evacuation Pause) 1897M->393M(2612M) 35.975ms
[2023-12-20T08:24:50.096-0800][54040541ms] GC(854) User=0.09s Sys=0.00s Real=0.04s
[2023-12-20T08:24:50.847-0800][54041292ms] GC(855) Pause Young (Normal) (G1 Evacuation Pause)
[2023-12-20T08:24:50.847-0800][54041292ms] GC(855) Using 10 workers of 10 for evacuation
[2023-12-20T08:24:50.875-0800][54041320ms] GC(855)   Pre Evacuate Collection Set: 0.0ms
[2023-12-20T08:24:50.875-0800][54041320ms] GC(855)   Evacuate Collection Set: 25.9ms
[2023-12-20T08:24:50.875-0800][54041320ms] GC(855)   Post Evacuate Collection Set: 2.4ms
[2023-12-20T08:24:50.875-0800][54041320ms] GC(855)   Other: 0.4ms
[2023-12-20T08:24:50.875-0800][54041320ms] GC(855) Eden regions: 753->0(753)
[2023-12-20T08:24:50.875-0800][54041320ms] GC(855) Survivor regions: 30->30(98)
[2023-12-20T08:24:50.875-0800][54041320ms] GC(855) Old regions: 162->162
[2023-12-20T08:24:50.875-0800][54041320ms] GC(855) Humongous regions: 5->5
[2023-12-20T08:24:50.875-0800][54041320ms] GC(855) Metaspace: 256287K->256287K(1294336K)
[2023-12-20T08:24:50.875-0800][54041320ms] GC(855) Pause Young (Normal) (G1 Evacuation Pause) 1899M->393M(2612M) 28.932ms
[2023-12-20T08:24:50.875-0800][54041320ms] GC(855) User=0.05s Sys=0.00s Real=0.03s
[2023-12-20T08:24:51.634-0800][54042079ms] GC(856) Pause Young (Normal) (G1 Evacuation Pause)
[2023-12-20T08:24:51.634-0800][54042079ms] GC(856) Using 10 workers of 10 for evacuation
[2023-12-20T08:24:51.663-0800][54042108ms] GC(856)   Pre Evacuate Collection Set: 0.0ms
[2023-12-20T08:24:51.663-0800][54042108ms] GC(856)   Evacuate Collection Set: 25.5ms
[2023-12-20T08:24:51.663-0800][54042108ms] GC(856)   Post Evacuate Collection Set: 2.5ms
[2023-12-20T08:24:51.663-0800][54042108ms] GC(856)   Other: 0.4ms
[2023-12-20T08:24:51.663-0800][54042108ms] GC(856) Eden regions: 753->0(753)
[2023-12-20T08:24:51.663-0800][54042108ms] GC(856) Survivor regions: 30->30(98)
[2023-12-20T08:24:51.663-0800][54042108ms] GC(856) Old regions: 162->162
[2023-12-20T08:24:51.663-0800][54042108ms] GC(856) Humongous regions: 5->5
[2023-12-20T08:24:51.663-0800][54042108ms] GC(856) Metaspace: 256287K->256287K(1294336K)
[2023-12-20T08:24:51.663-0800][54042108ms] GC(856) Pause Young (Normal) (G1 Evacuation Pause) 1899M->393M(2612M) 28.534ms
[2023-12-20T08:24:51.663-0800][54042108ms] GC(856) User=0.09s Sys=0.00s Real=0.03s
[2023-12-20T08:24:52.257-0800][54042702ms] GC(857) Pause Young (Normal) (G1 Evacuation Pause)
[2023-12-20T08:24:52.257-0800][54042702ms] GC(857) Using 10 workers of 10 for evacuation
[2023-12-20T08:24:52.284-0800][54042729ms] GC(857)   Pre Evacuate Collection Set: 0.0ms
[2023-12-20T08:24:52.284-0800][54042729ms] GC(857)   Evacuate Collection Set: 24.8ms
[2023-12-20T08:24:52.284-0800][54042729ms] GC(857)   Post Evacuate Collection Set: 2.9ms
[2023-12-20T08:24:52.284-0800][54042729ms] GC(857)   Other: 0.4ms
[2023-12-20T08:24:52.284-0800][54042729ms] GC(857) Eden regions: 753->0(753)
[2023-12-20T08:24:52.284-0800][54042729ms] GC(857) Survivor regions: 30->30(98)
[2023-12-20T08:24:52.284-0800][54042729ms] GC(857) Old regions: 162->162
[2023-12-20T08:24:52.284-0800][54042729ms] GC(857) Humongous regions: 5->5
[2023-12-20T08:24:52.284-0800][54042729ms] GC(857) Metaspace: 256287K->256287K(1294336K)
[2023-12-20T08:24:52.284-0800][54042729ms] GC(857) Pause Young (Normal) (G1 Evacuation Pause) 1899M->393M(2612M) 28.327ms
[2023-12-20T08:24:52.284-0800][54042729ms] GC(857) User=0.14s Sys=0.00s Real=0.03s
[2023-12-20T08:24:52.953-0800][54043398ms] GC(858) Pause Young (Normal) (G1 Evacuation Pause)
[2023-12-20T08:24:52.953-0800][54043398ms] GC(858) Using 10 workers of 10 for evacuation
[2023-12-20T08:24:52.982-0800][54043427ms] GC(858)   Pre Evacuate Collection Set: 0.0ms
[2023-12-20T08:24:52.982-0800][54043427ms] GC(858)   Evacuate Collection Set: 25.4ms
[2023-12-20T08:24:52.982-0800][54043427ms] GC(858)   Post Evacuate Collection Set: 2.5ms
[2023-12-20T08:24:52.982-0800][54043427ms] GC(858)   Other: 0.4ms
[2023-12-20T08:24:52.982-0800][54043427ms] GC(858) Eden regions: 753->0(753)
[2023-12-20T08:24:52.982-0800][54043427ms] GC(858) Survivor regions: 30->30(98)
[2023-12-20T08:24:52.982-0800][54043427ms] GC(858) Old regions: 162->162
[2023-12-20T08:24:52.982-0800][54043427ms] GC(858) Humongous regions: 5->5
[2023-12-20T08:24:52.982-0800][54043427ms] GC(858) Metaspace: 256287K->256287K(1294336K)
[2023-12-20T08:24:52.982-0800][54043427ms] GC(858) Pause Young (Normal) (G1 Evacuation Pause) 1899M->393M(2612M) 28.395ms
[2023-12-20T08:24:52.982-0800][54043427ms] GC(858) User=0.09s Sys=0.00s Real=0.03s
[2023-12-20T08:24:53.588-0800][54044033ms] GC(859) Pause Young (Normal) (G1 Evacuation Pause)
[2023-12-20T08:24:53.588-0800][54044033ms] GC(859) Using 10 workers of 10 for evacuation
[2023-12-20T08:24:53.617-0800][54044062ms] GC(859)   Pre Evacuate Collection Set: 0.0ms
[2023-12-20T08:24:53.617-0800][54044062ms] GC(859)   Evacuate Collection Set: 25.6ms
[2023-12-20T08:24:53.617-0800][54044062ms] GC(859)   Post Evacuate Collection Set: 2.3ms
[2023-12-20T08:24:53.617-0800][54044062ms] GC(859)   Other: 0.4ms
[2023-12-20T08:24:53.617-0800][54044062ms] GC(859) Eden regions: 753->0(753)
[2023-12-20T08:24:53.617-0800][54044062ms] GC(859) Survivor regions: 30->30(98)
[2023-12-20T08:24:53.617-0800][54044062ms] GC(859) Old regions: 162->162
[2023-12-20T08:24:53.617-0800][54044062ms] GC(859) Humongous regions: 5->5
[2023-12-20T08:24:53.617-0800][54044062ms] GC(859) Metaspace: 256287K->256287K(1294336K)
[2023-12-20T08:24:53.617-0800][54044062ms] GC(859) Pause Young (Normal) (G1 Evacuation Pause) 1899M->392M(2612M) 28.425ms
[2023-12-20T08:24:53.617-0800][54044062ms] GC(859) User=0.06s Sys=0.00s Real=0.03s
[2023-12-20T08:24:54.371-0800][54044816ms] GC(860) Pause Young (Normal) (G1 Evacuation Pause)
[2023-12-20T08:24:54.371-0800][54044816ms] GC(860) Using 10 workers of 10 for evacuation
[2023-12-20T08:24:54.401-0800][54044846ms] GC(860)   Pre Evacuate Collection Set: 0.1ms
[2023-12-20T08:24:54.401-0800][54044846ms] GC(860)   Evacuate Collection Set: 27.0ms
[2023-12-20T08:24:54.401-0800][54044846ms] GC(860)   Post Evacuate Collection Set: 3.0ms
[2023-12-20T08:24:54.401-0800][54044846ms] GC(860)   Other: 0.5ms
[2023-12-20T08:24:54.401-0800][54044846ms] GC(860) Eden regions: 753->0(753)
[2023-12-20T08:24:54.401-0800][54044846ms] GC(860) Survivor regions: 30->30(98)
[2023-12-20T08:24:54.401-0800][54044846ms] GC(860) Old regions: 162->162
[2023-12-20T08:24:54.401-0800][54044846ms] GC(860) Humongous regions: 5->5
[2023-12-20T08:24:54.401-0800][54044846ms] GC(860) Metaspace: 256287K->256287K(1294336K)
[2023-12-20T08:24:54.401-0800][54044846ms] GC(860) Pause Young (Normal) (G1 Evacuation Pause) 1898M->392M(2612M) 30.748ms
[2023-12-20T08:24:54.401-0800][54044846ms] GC(860) User=0.09s Sys=0.00s Real=0.03s
[2023-12-20T08:24:55.239-0800][54045684ms] GC(861) Pause Young (Normal) (G1 Evacuation Pause)
[2023-12-20T08:24:55.239-0800][54045684ms] GC(861) Using 10 workers of 10 for evacuation
[2023-12-20T08:24:55.269-0800][54045714ms] GC(861)   Pre Evacuate Collection Set: 0.1ms
[2023-12-20T08:24:55.269-0800][54045714ms] GC(861)   Evacuate Collection Set: 26.7ms
[2023-12-20T08:24:55.269-0800][54045714ms] GC(861)   Post Evacuate Collection Set: 2.5ms
[2023-12-20T08:24:55.269-0800][54045714ms] GC(861)   Other: 0.4ms
[2023-12-20T08:24:55.269-0800][54045714ms] GC(861) Eden regions: 753->0(753)
[2023-12-20T08:24:55.269-0800][54045714ms] GC(861) Survivor regions: 30->30(98)
[2023-12-20T08:24:55.269-0800][54045714ms] GC(861) Old regions: 162->162
[2023-12-20T08:24:55.269-0800][54045714ms] GC(861) Humongous regions: 5->5
[2023-12-20T08:24:55.269-0800][54045714ms] GC(861) Metaspace: 256290K->256290K(1294336K)
[2023-12-20T08:24:55.269-0800][54045714ms] GC(861) Pause Young (Normal) (G1 Evacuation Pause) 1898M->393M(2612M) 29.833ms
[2023-12-20T08:24:55.269-0800][54045714ms] GC(861) User=0.11s Sys=0.00s Real=0.03s
[2023-12-20T08:24:55.807-0800][54046252ms] GC(862) Pause Young (Normal) (G1 Evacuation Pause)
[2023-12-20T08:24:55.807-0800][54046252ms] GC(862) Using 10 workers of 10 for evacuation
[2023-12-20T08:24:55.835-0800][54046280ms] GC(862)   Pre Evacuate Collection Set: 0.0ms
[2023-12-20T08:24:55.835-0800][54046280ms] GC(862)   Evacuate Collection Set: 24.8ms
[2023-12-20T08:24:55.835-0800][54046280ms] GC(862)   Post Evacuate Collection Set: 2.4ms
[2023-12-20T08:24:55.835-0800][54046280ms] GC(862)   Other: 0.4ms
[2023-12-20T08:24:55.835-0800][54046280ms] GC(862) Eden regions: 753->0(753)
[2023-12-20T08:24:55.835-0800][54046280ms] GC(862) Survivor regions: 30->30(98)
[2023-12-20T08:24:55.835-0800][54046280ms] GC(862) Old regions: 162->162
[2023-12-20T08:24:55.835-0800][54046280ms] GC(862) Humongous regions: 5->5
[2023-12-20T08:24:55.835-0800][54046280ms] GC(862) Metaspace: 256290K->256290K(1294336K)
[2023-12-20T08:24:55.835-0800][54046280ms] GC(862) Pause Young (Normal) (G1 Evacuation Pause) 1899M->393M(2612M) 27.650ms
[2023-12-20T08:24:55.835-0800][54046280ms] GC(862) User=0.11s Sys=0.00s Real=0.03s
[2023-12-20T08:24:56.640-0800][54047085ms] GC(863) Pause Young (Normal) (G1 Evacuation Pause)
[2023-12-20T08:24:56.640-0800][54047085ms] GC(863) Using 10 workers of 10 for evacuation
[2023-12-20T08:24:56.670-0800][54047115ms] GC(863)   Pre Evacuate Collection Set: 0.0ms
[2023-12-20T08:24:56.670-0800][54047115ms] GC(863)   Evacuate Collection Set: 27.4ms
[2023-12-20T08:24:56.670-0800][54047115ms] GC(863)   Post Evacuate Collection Set: 2.4ms
[2023-12-20T08:24:56.670-0800][54047115ms] GC(863)   Other: 0.4ms
[2023-12-20T08:24:56.670-0800][54047115ms] GC(863) Eden regions: 753->0(753)
[2023-12-20T08:24:56.670-0800][54047115ms] GC(863) Survivor regions: 30->30(98)
[2023-12-20T08:24:56.670-0800][54047115ms] GC(863) Old regions: 162->162
[2023-12-20T08:24:56.670-0800][54047115ms] GC(863) Humongous regions: 5->5
[2023-12-20T08:24:56.670-0800][54047115ms] GC(863) Metaspace: 256290K->256290K(1294336K)
[2023-12-20T08:24:56.670-0800][54047115ms] GC(863) Pause Young (Normal) (G1 Evacuation Pause) 1899M->392M(2612M) 30.286ms
[2023-12-20T08:24:56.670-0800][54047115ms] GC(863) User=0.11s Sys=0.00s Real=0.03s
[2023-12-20T08:24:57.619-0800][54048064ms] GC(864) Pause Young (Normal) (G1 Evacuation Pause)
[2023-12-20T08:24:57.619-0800][54048064ms] GC(864) Using 10 workers of 10 for evacuation
[2023-12-20T08:24:57.650-0800][54048095ms] GC(864)   Pre Evacuate Collection Set: 0.0ms
[2023-12-20T08:24:57.650-0800][54048095ms] GC(864)   Evacuate Collection Set: 28.0ms
[2023-12-20T08:24:57.650-0800][54048095ms] GC(864)   Post Evacuate Collection Set: 2.7ms
[2023-12-20T08:24:57.650-0800][54048095ms] GC(864)   Other: 0.4ms
[2023-12-20T08:24:57.650-0800][54048095ms] GC(864) Eden regions: 753->0(753)
[2023-12-20T08:24:57.650-0800][54048095ms] GC(864) Survivor regions: 30->30(98)
[2023-12-20T08:24:57.650-0800][54048095ms] GC(864) Old regions: 162->162
[2023-12-20T08:24:57.650-0800][54048095ms] GC(864) Humongous regions: 5->5
[2023-12-20T08:24:57.650-0800][54048095ms] GC(864) Metaspace: 256290K->256290K(1294336K)
[2023-12-20T08:24:57.650-0800][54048095ms] GC(864) Pause Young (Normal) (G1 Evacuation Pause) 1898M->393M(2612M) 31.258ms
[2023-12-20T08:24:57.650-0800][54048095ms] GC(864) User=0.09s Sys=0.00s Real=0.03s
[2023-12-20T08:24:58.440-0800][54048885ms] GC(865) Pause Young (Normal) (G1 Evacuation Pause)
[2023-12-20T08:24:58.440-0800][54048885ms] GC(865) Using 10 workers of 10 for evacuation
[2023-12-20T08:24:58.469-0800][54048914ms] GC(865)   Pre Evacuate Collection Set: 0.0ms
[2023-12-20T08:24:58.469-0800][54048914ms] GC(865)   Evacuate Collection Set: 27.2ms
[2023-12-20T08:24:58.469-0800][54048914ms] GC(865)   Post Evacuate Collection Set: 2.3ms
[2023-12-20T08:24:58.469-0800][54048914ms] GC(865)   Other: 0.4ms
[2023-12-20T08:24:58.469-0800][54048914ms] GC(865) Eden regions: 753->0(753)
[2023-12-20T08:24:58.469-0800][54048914ms] GC(865) Survivor regions: 30->30(98)
[2023-12-20T08:24:58.469-0800][54048914ms] GC(865) Old regions: 162->162
[2023-12-20T08:24:58.469-0800][54048914ms] GC(865) Humongous regions: 5->5
[2023-12-20T08:24:58.469-0800][54048914ms] GC(865) Metaspace: 256290K->256290K(1294336K)
[2023-12-20T08:24:58.469-0800][54048914ms] GC(865) Pause Young (Normal) (G1 Evacuation Pause) 1899M->392M(2612M) 30.091ms
[2023-12-20T08:24:58.470-0800][54048915ms] GC(865) User=0.11s Sys=0.00s Real=0.03s
[2023-12-20T08:24:59.265-0800][54049710ms] GC(866) Pause Young (Normal) (GCLocker Initiated GC)
[2023-12-20T08:24:59.265-0800][54049710ms] GC(866) Using 10 workers of 10 for evacuation
[2023-12-20T08:24:59.299-0800][54049744ms] GC(866)   Pre Evacuate Collection Set: 0.1ms
[2023-12-20T08:24:59.299-0800][54049744ms] GC(866)   Evacuate Collection Set: 31.1ms
[2023-12-20T08:24:59.299-0800][54049744ms] GC(866)   Post Evacuate Collection Set: 3.1ms
[2023-12-20T08:24:59.299-0800][54049744ms] GC(866)   Other: 0.7ms
[2023-12-20T08:24:59.299-0800][54049744ms] GC(866) Eden regions: 753->0(753)
[2023-12-20T08:24:59.299-0800][54049744ms] GC(866) Survivor regions: 30->30(98)
[2023-12-20T08:24:59.299-0800][54049744ms] GC(866) Old regions: 162->162
[2023-12-20T08:24:59.299-0800][54049744ms] GC(866) Humongous regions: 5->5
[2023-12-20T08:24:59.299-0800][54049744ms] GC(866) Metaspace: 256290K->256290K(1294336K)
[2023-12-20T08:24:59.299-0800][54049744ms] GC(866) Pause Young (Normal) (GCLocker Initiated GC) 1898M->392M(2612M) 35.053ms
[2023-12-20T08:24:59.299-0800][54049744ms] GC(866) User=0.06s Sys=0.00s Real=0.03s
[2023-12-20T08:25:00.215-0800][54050660ms] GC(867) Pause Young (Normal) (GCLocker Initiated GC)
[2023-12-20T08:25:00.216-0800][54050661ms] GC(867) Using 10 workers of 10 for evacuation
[2023-12-20T08:25:00.246-0800][54050691ms] GC(867)   Pre Evacuate Collection Set: 0.1ms
[2023-12-20T08:25:00.246-0800][54050691ms] GC(867)   Evacuate Collection Set: 26.9ms
[2023-12-20T08:25:00.246-0800][54050691ms] GC(867)   Post Evacuate Collection Set: 3.3ms
[2023-12-20T08:25:00.246-0800][54050691ms] GC(867)   Other: 0.5ms
[2023-12-20T08:25:00.246-0800][54050691ms] GC(867) Eden regions: 754->0(753)
[2023-12-20T08:25:00.246-0800][54050691ms] GC(867) Survivor regions: 30->30(98)
[2023-12-20T08:25:00.246-0800][54050691ms] GC(867) Old regions: 162->162
[2023-12-20T08:25:00.246-0800][54050691ms] GC(867) Humongous regions: 5->5
[2023-12-20T08:25:00.246-0800][54050691ms] GC(867) Metaspace: 256290K->256290K(1294336K)
[2023-12-20T08:25:00.246-0800][54050691ms] GC(867) Pause Young (Normal) (GCLocker Initiated GC) 1899M->393M(2612M) 30.919ms
[2023-12-20T08:25:00.246-0800][54050691ms] GC(867) User=0.08s Sys=0.00s Real=0.03s
[2023-12-20T08:25:01.221-0800][54051666ms] GC(868) Pause Young (Normal) (GCLocker Initiated GC)
[2023-12-20T08:25:01.221-0800][54051666ms] GC(868) Using 10 workers of 10 for evacuation
[2023-12-20T08:25:01.253-0800][54051698ms] GC(868)   Pre Evacuate Collection Set: 0.0ms
[2023-12-20T08:25:01.253-0800][54051698ms] GC(868)   Evacuate Collection Set: 27.5ms
[2023-12-20T08:25:01.253-0800][54051698ms] GC(868)   Post Evacuate Collection Set: 4.0ms
[2023-12-20T08:25:01.253-0800][54051698ms] GC(868)   Other: 0.4ms
[2023-12-20T08:25:01.253-0800][54051698ms] GC(868) Eden regions: 754->0(753)
[2023-12-20T08:25:01.253-0800][54051698ms] GC(868) Survivor regions: 30->30(98)
[2023-12-20T08:25:01.253-0800][54051698ms] GC(868) Old regions: 162->162
[2023-12-20T08:25:01.253-0800][54051698ms] GC(868) Humongous regions: 5->5
[2023-12-20T08:25:01.253-0800][54051698ms] GC(868) Metaspace: 256290K->256290K(1294336K)
[2023-12-20T08:25:01.253-0800][54051698ms] GC(868) Pause Young (Normal) (GCLocker Initiated GC) 1900M->393M(2612M) 32.120ms
[2023-12-20T08:25:01.253-0800][54051698ms] GC(868) User=0.11s Sys=0.00s Real=0.03s
[2023-12-20T08:25:02.344-0800][54052789ms] GC(869) Pause Young (Normal) (G1 Evacuation Pause)
[2023-12-20T08:25:02.344-0800][54052789ms] GC(869) Using 10 workers of 10 for evacuation
[2023-12-20T08:25:02.374-0800][54052819ms] GC(869)   Pre Evacuate Collection Set: 0.0ms
[2023-12-20T08:25:02.374-0800][54052819ms] GC(869)   Evacuate Collection Set: 28.2ms
[2023-12-20T08:25:02.374-0800][54052819ms] GC(869)   Post Evacuate Collection Set: 2.8ms
[2023-12-20T08:25:02.374-0800][54052819ms] GC(869)   Other: 0.4ms
[2023-12-20T08:25:02.374-0800][54052819ms] GC(869) Eden regions: 753->0(753)
[2023-12-20T08:25:02.374-0800][54052819ms] GC(869) Survivor regions: 30->30(98)
[2023-12-20T08:25:02.374-0800][54052819ms] GC(869) Old regions: 162->162
[2023-12-20T08:25:02.374-0800][54052819ms] GC(869) Humongous regions: 5->5
[2023-12-20T08:25:02.374-0800][54052819ms] GC(869) Metaspace: 256290K->256290K(1294336K)
[2023-12-20T08:25:02.374-0800][54052819ms] GC(869) Pause Young (Normal) (G1 Evacuation Pause) 1899M->392M(2612M) 31.462ms
[2023-12-20T08:25:02.374-0800][54052819ms] GC(869) User=0.11s Sys=0.02s Real=0.03s
[2023-12-20T08:25:03.157-0800][54053602ms] GC(870) Pause Young (Normal) (G1 Evacuation Pause)
[2023-12-20T08:25:03.157-0800][54053602ms] GC(870) Using 10 workers of 10 for evacuation
[2023-12-20T08:25:03.186-0800][54053631ms] GC(870)   Pre Evacuate Collection Set: 0.0ms
[2023-12-20T08:25:03.186-0800][54053631ms] GC(870)   Evacuate Collection Set: 26.4ms
[2023-12-20T08:25:03.186-0800][54053631ms] GC(870)   Post Evacuate Collection Set: 2.3ms
[2023-12-20T08:25:03.186-0800][54053631ms] GC(870)   Other: 0.4ms
[2023-12-20T08:25:03.186-0800][54053631ms] GC(870) Eden regions: 753->0(753)
[2023-12-20T08:25:03.186-0800][54053631ms] GC(870) Survivor regions: 30->30(98)
[2023-12-20T08:25:03.186-0800][54053631ms] GC(870) Old regions: 162->162
[2023-12-20T08:25:03.186-0800][54053631ms] GC(870) Humongous regions: 5->5
[2023-12-20T08:25:03.186-0800][54053631ms] GC(870) Metaspace: 256290K->256290K(1294336K)
[2023-12-20T08:25:03.186-0800][54053631ms] GC(870) Pause Young (Normal) (G1 Evacuation Pause) 1898M->393M(2612M) 29.240ms
[2023-12-20T08:25:03.186-0800][54053631ms] GC(870) User=0.06s Sys=0.00s Real=0.03s
[2023-12-20T08:25:03.908-0800][54054353ms] GC(871) Pause Young (Normal) (G1 Evacuation Pause)
[2023-12-20T08:25:03.908-0800][54054353ms] GC(871) Using 10 workers of 10 for evacuation
[2023-12-20T08:25:03.937-0800][54054382ms] GC(871)   Pre Evacuate Collection Set: 0.0ms
[2023-12-20T08:25:03.937-0800][54054382ms] GC(871)   Evacuate Collection Set: 26.2ms
[2023-12-20T08:25:03.937-0800][54054382ms] GC(871)   Post Evacuate Collection Set: 2.5ms
[2023-12-20T08:25:03.937-0800][54054382ms] GC(871)   Other: 0.4ms
[2023-12-20T08:25:03.937-0800][54054382ms] GC(871) Eden regions: 753->0(753)
[2023-12-20T08:25:03.937-0800][54054382ms] GC(871) Survivor regions: 30->30(98)
[2023-12-20T08:25:03.937-0800][54054382ms] GC(871) Old regions: 162->162
[2023-12-20T08:25:03.937-0800][54054382ms] GC(871) Humongous regions: 5->5
[2023-12-20T08:25:03.937-0800][54054382ms] GC(871) Metaspace: 256290K->256290K(1294336K)
[2023-12-20T08:25:03.937-0800][54054382ms] GC(871) Pause Young (Normal) (G1 Evacuation Pause) 1899M->393M(2612M) 29.192ms
[2023-12-20T08:25:03.937-0800][54054382ms] GC(871) User=0.11s Sys=0.00s Real=0.03s
[2023-12-20T08:25:04.654-0800][54055099ms] GC(872) Pause Young (Normal) (G1 Evacuation Pause)
[2023-12-20T08:25:04.654-0800][54055099ms] GC(872) Using 10 workers of 10 for evacuation
[2023-12-20T08:25:04.686-0800][54055131ms] GC(872)   Pre Evacuate Collection Set: 0.0ms
[2023-12-20T08:25:04.686-0800][54055131ms] GC(872)   Evacuate Collection Set: 28.7ms
[2023-12-20T08:25:04.686-0800][54055131ms] GC(872)   Post Evacuate Collection Set: 2.6ms
[2023-12-20T08:25:04.686-0800][54055131ms] GC(872)   Other: 0.4ms
[2023-12-20T08:25:04.686-0800][54055131ms] GC(872) Eden regions: 753->0(754)
[2023-12-20T08:25:04.686-0800][54055131ms] GC(872) Survivor regions: 30->29(98)
[2023-12-20T08:25:04.686-0800][54055131ms] GC(872) Old regions: 162->162
[2023-12-20T08:25:04.686-0800][54055131ms] GC(872) Humongous regions: 5->5
[2023-12-20T08:25:04.686-0800][54055131ms] GC(872) Metaspace: 256290K->256290K(1294336K)
[2023-12-20T08:25:04.686-0800][54055131ms] GC(872) Pause Young (Normal) (G1 Evacuation Pause) 1899M->391M(2612M) 31.912ms
[2023-12-20T08:25:04.686-0800][54055131ms] GC(872) User=0.14s Sys=0.00s Real=0.03s
[2023-12-20T08:25:05.451-0800][54055896ms] GC(873) Pause Young (Normal) (G1 Evacuation Pause)
[2023-12-20T08:25:05.451-0800][54055896ms] GC(873) Using 10 workers of 10 for evacuation
[2023-12-20T08:25:05.481-0800][54055926ms] GC(873)   Pre Evacuate Collection Set: 0.0ms
[2023-12-20T08:25:05.481-0800][54055926ms] GC(873)   Evacuate Collection Set: 26.4ms
[2023-12-20T08:25:05.481-0800][54055926ms] GC(873)   Post Evacuate Collection Set: 2.8ms
[2023-12-20T08:25:05.481-0800][54055926ms] GC(873)   Other: 0.4ms
[2023-12-20T08:25:05.481-0800][54055926ms] GC(873) Eden regions: 754->0(753)
[2023-12-20T08:25:05.481-0800][54055926ms] GC(873) Survivor regions: 29->30(98)
[2023-12-20T08:25:05.481-0800][54055926ms] GC(873) Old regions: 162->162
[2023-12-20T08:25:05.481-0800][54055926ms] GC(873) Humongous regions: 5->5
[2023-12-20T08:25:05.481-0800][54055926ms] GC(873) Metaspace: 256290K->256290K(1294336K)
[2023-12-20T08:25:05.481-0800][54055926ms] GC(873) Pause Young (Normal) (G1 Evacuation Pause) 1899M->393M(2612M) 29.685ms
[2023-12-20T08:25:05.481-0800][54055926ms] GC(873) User=0.09s Sys=0.00s Real=0.03s
[2023-12-20T08:25:06.193-0800][54056638ms] GC(874) Pause Young (Normal) (G1 Evacuation Pause)
[2023-12-20T08:25:06.193-0800][54056638ms] GC(874) Using 10 workers of 10 for evacuation
[2023-12-20T08:25:06.223-0800][54056668ms] GC(874)   Pre Evacuate Collection Set: 0.0ms
[2023-12-20T08:25:06.223-0800][54056668ms] GC(874)   Evacuate Collection Set: 27.0ms
[2023-12-20T08:25:06.223-0800][54056668ms] GC(874)   Post Evacuate Collection Set: 2.4ms
[2023-12-20T08:25:06.223-0800][54056668ms] GC(874)   Other: 0.3ms
[2023-12-20T08:25:06.223-0800][54056668ms] GC(874) Eden regions: 753->0(753)
[2023-12-20T08:25:06.223-0800][54056668ms] GC(874) Survivor regions: 30->30(98)
[2023-12-20T08:25:06.223-0800][54056668ms] GC(874) Old regions: 162->162
[2023-12-20T08:25:06.223-0800][54056668ms] GC(874) Humongous regions: 5->5
[2023-12-20T08:25:06.223-0800][54056668ms] GC(874) Metaspace: 256290K->256290K(1294336K)
[2023-12-20T08:25:06.223-0800][54056668ms] GC(874) Pause Young (Normal) (G1 Evacuation Pause) 1899M->392M(2612M) 29.866ms
[2023-12-20T08:25:06.223-0800][54056668ms] GC(874) User=0.11s Sys=0.00s Real=0.03s
[2023-12-20T08:25:06.950-0800][54057395ms] GC(875) Pause Young (Normal) (G1 Evacuation Pause)
[2023-12-20T08:25:06.950-0800][54057395ms] GC(875) Using 10 workers of 10 for evacuation
[2023-12-20T08:25:06.980-0800][54057425ms] GC(875)   Pre Evacuate Collection Set: 0.0ms
[2023-12-20T08:25:06.980-0800][54057425ms] GC(875)   Evacuate Collection Set: 26.6ms
[2023-12-20T08:25:06.980-0800][54057425ms] GC(875)   Post Evacuate Collection Set: 2.4ms
[2023-12-20T08:25:06.980-0800][54057425ms] GC(875)   Other: 0.4ms
[2023-12-20T08:25:06.980-0800][54057425ms] GC(875) Eden regions: 753->0(754)
[2023-12-20T08:25:06.980-0800][54057425ms] GC(875) Survivor regions: 30->29(98)
[2023-12-20T08:25:06.980-0800][54057425ms] GC(875) Old regions: 162->162
[2023-12-20T08:25:06.980-0800][54057425ms] GC(875) Humongous regions: 5->5
[2023-12-20T08:25:06.980-0800][54057425ms] GC(875) Metaspace: 256290K->256290K(1294336K)
[2023-12-20T08:25:06.980-0800][54057425ms] GC(875) Pause Young (Normal) (G1 Evacuation Pause) 1898M->391M(2612M) 29.581ms
[2023-12-20T08:25:06.980-0800][54057425ms] GC(875) User=0.11s Sys=0.00s Real=0.03s
[2023-12-20T08:25:07.727-0800][54058172ms] GC(876) Pause Young (Normal) (G1 Evacuation Pause)
[2023-12-20T08:25:07.727-0800][54058172ms] GC(876) Using 10 workers of 10 for evacuation
[2023-12-20T08:25:07.755-0800][54058200ms] GC(876)   Pre Evacuate Collection Set: 0.0ms
[2023-12-20T08:25:07.755-0800][54058200ms] GC(876)   Evacuate Collection Set: 26.1ms
[2023-12-20T08:25:07.755-0800][54058200ms] GC(876)   Post Evacuate Collection Set: 2.4ms
[2023-12-20T08:25:07.755-0800][54058200ms] GC(876)   Other: 0.3ms
[2023-12-20T08:25:07.755-0800][54058200ms] GC(876) Eden regions: 754->0(753)
[2023-12-20T08:25:07.755-0800][54058200ms] GC(876) Survivor regions: 29->30(98)
[2023-12-20T08:25:07.755-0800][54058200ms] GC(876) Old regions: 162->162
[2023-12-20T08:25:07.755-0800][54058200ms] GC(876) Humongous regions: 5->5
[2023-12-20T08:25:07.755-0800][54058200ms] GC(876) Metaspace: 256290K->256290K(1294336K)
[2023-12-20T08:25:07.755-0800][54058200ms] GC(876) Pause Young (Normal) (G1 Evacuation Pause) 1899M->393M(2612M) 29.018ms
[2023-12-20T08:25:07.755-0800][54058200ms] GC(876) User=0.08s Sys=0.00s Real=0.03s
[2023-12-20T08:25:08.520-0800][54058965ms] GC(877) Pause Young (Normal) (G1 Evacuation Pause)
[2023-12-20T08:25:08.520-0800][54058965ms] GC(877) Using 10 workers of 10 for evacuation
[2023-12-20T08:25:08.560-0800][54059005ms] GC(877)   Pre Evacuate Collection Set: 0.0ms
[2023-12-20T08:25:08.560-0800][54059005ms] GC(877)   Evacuate Collection Set: 33.2ms
[2023-12-20T08:25:08.560-0800][54059005ms] GC(877)   Post Evacuate Collection Set: 7.2ms
[2023-12-20T08:25:08.560-0800][54059005ms] GC(877)   Other: 0.4ms
[2023-12-20T08:25:08.560-0800][54059005ms] GC(877) Eden regions: 753->0(754)
[2023-12-20T08:25:08.560-0800][54059005ms] GC(877) Survivor regions: 30->29(98)
[2023-12-20T08:25:08.560-0800][54059005ms] GC(877) Old regions: 162->162
[2023-12-20T08:25:08.560-0800][54059005ms] GC(877) Humongous regions: 5->5
[2023-12-20T08:25:08.560-0800][54059005ms] GC(877) Metaspace: 256290K->256290K(1294336K)
[2023-12-20T08:25:08.560-0800][54059005ms] GC(877) Pause Young (Normal) (G1 Evacuation Pause) 1899M->391M(2612M) 40.905ms
[2023-12-20T08:25:08.560-0800][54059005ms] GC(877) User=0.13s Sys=0.00s Real=0.04s
[2023-12-20T08:25:09.355-0800][54059800ms] GC(878) Pause Young (Normal) (G1 Evacuation Pause)
[2023-12-20T08:25:09.355-0800][54059800ms] GC(878) Using 10 workers of 10 for evacuation
[2023-12-20T08:25:09.386-0800][54059831ms] GC(878)   Pre Evacuate Collection Set: 0.1ms
[2023-12-20T08:25:09.386-0800][54059831ms] GC(878)   Evacuate Collection Set: 28.5ms
[2023-12-20T08:25:09.386-0800][54059831ms] GC(878)   Post Evacuate Collection Set: 2.5ms
[2023-12-20T08:25:09.386-0800][54059831ms] GC(878)   Other: 0.4ms
[2023-12-20T08:25:09.386-0800][54059831ms] GC(878) Eden regions: 754->0(754)
[2023-12-20T08:25:09.386-0800][54059831ms] GC(878) Survivor regions: 29->29(98)
[2023-12-20T08:25:09.386-0800][54059831ms] GC(878) Old regions: 162->162
[2023-12-20T08:25:09.386-0800][54059831ms] GC(878) Humongous regions: 5->5
[2023-12-20T08:25:09.386-0800][54059831ms] GC(878) Metaspace: 256290K->256290K(1294336K)
[2023-12-20T08:25:09.386-0800][54059831ms] GC(878) Pause Young (Normal) (G1 Evacuation Pause) 1899M->391M(2612M) 31.459ms
[2023-12-20T08:25:09.386-0800][54059831ms] GC(878) User=0.11s Sys=0.00s Real=0.03s
[2023-12-20T08:25:10.328-0800][54060773ms] GC(879) Pause Young (Normal) (G1 Evacuation Pause)
[2023-12-20T08:25:10.328-0800][54060773ms] GC(879) Using 10 workers of 10 for evacuation
[2023-12-20T08:25:10.358-0800][54060803ms] GC(879)   Pre Evacuate Collection Set: 0.0ms
[2023-12-20T08:25:10.358-0800][54060803ms] GC(879)   Evacuate Collection Set: 27.2ms
[2023-12-20T08:25:10.358-0800][54060803ms] GC(879)   Post Evacuate Collection Set: 2.4ms
[2023-12-20T08:25:10.358-0800][54060803ms] GC(879)   Other: 0.4ms
[2023-12-20T08:25:10.358-0800][54060803ms] GC(879) Eden regions: 754->0(753)
[2023-12-20T08:25:10.358-0800][54060803ms] GC(879) Survivor regions: 29->30(98)
[2023-12-20T08:25:10.358-0800][54060803ms] GC(879) Old regions: 162->162
[2023-12-20T08:25:10.358-0800][54060803ms] GC(879) Humongous regions: 5->5
[2023-12-20T08:25:10.358-0800][54060803ms] GC(879) Metaspace: 256290K->256290K(1294336K)
[2023-12-20T08:25:10.358-0800][54060803ms] GC(879) Pause Young (Normal) (G1 Evacuation Pause) 1899M->393M(2612M) 30.171ms
[2023-12-20T08:25:10.358-0800][54060803ms] GC(879) User=0.09s Sys=0.00s Real=0.03s
[2023-12-20T08:25:11.290-0800][54061735ms] GC(880) Pause Young (Normal) (G1 Evacuation Pause)
[2023-12-20T08:25:11.290-0800][54061735ms] GC(880) Using 10 workers of 10 for evacuation
[2023-12-20T08:25:11.322-0800][54061767ms] GC(880)   Pre Evacuate Collection Set: 0.1ms
[2023-12-20T08:25:11.322-0800][54061767ms] GC(880)   Evacuate Collection Set: 28.3ms
[2023-12-20T08:25:11.323-0800][54061768ms] GC(880)   Post Evacuate Collection Set: 2.4ms
[2023-12-20T08:25:11.323-0800][54061768ms] GC(880)   Other: 0.4ms
[2023-12-20T08:25:11.323-0800][54061768ms] GC(880) Eden regions: 753->0(754)
[2023-12-20T08:25:11.323-0800][54061768ms] GC(880) Survivor regions: 30->29(98)
[2023-12-20T08:25:11.323-0800][54061768ms] GC(880) Old regions: 162->162
[2023-12-20T08:25:11.323-0800][54061768ms] GC(880) Humongous regions: 5->5
[2023-12-20T08:25:11.323-0800][54061768ms] GC(880) Metaspace: 256290K->256290K(1294336K)
[2023-12-20T08:25:11.323-0800][54061768ms] GC(880) Pause Young (Normal) (G1 Evacuation Pause) 1899M->390M(2612M) 31.310ms
[2023-12-20T08:25:11.323-0800][54061768ms] GC(880) User=0.08s Sys=0.00s Real=0.03s
[2023-12-20T08:25:12.190-0800][54062635ms] GC(881) Pause Young (Normal) (G1 Evacuation Pause)
[2023-12-20T08:25:12.190-0800][54062635ms] GC(881) Using 10 workers of 10 for evacuation
[2023-12-20T08:25:12.219-0800][54062664ms] GC(881)   Pre Evacuate Collection Set: 0.0ms
[2023-12-20T08:25:12.219-0800][54062664ms] GC(881)   Evacuate Collection Set: 26.5ms
[2023-12-20T08:25:12.219-0800][54062664ms] GC(881)   Post Evacuate Collection Set: 2.4ms
[2023-12-20T08:25:12.219-0800][54062664ms] GC(881)   Other: 0.4ms
[2023-12-20T08:25:12.219-0800][54062664ms] GC(881) Eden regions: 754->0(753)
[2023-12-20T08:25:12.219-0800][54062664ms] GC(881) Survivor regions: 29->30(98)
[2023-12-20T08:25:12.219-0800][54062664ms] GC(881) Old regions: 162->162
[2023-12-20T08:25:12.219-0800][54062664ms] GC(881) Humongous regions: 5->5
[2023-12-20T08:25:12.219-0800][54062664ms] GC(881) Metaspace: 256290K->256290K(1294336K)
[2023-12-20T08:25:12.219-0800][54062664ms] GC(881) Pause Young (Normal) (G1 Evacuation Pause) 1898M->392M(2612M) 29.442ms
[2023-12-20T08:25:12.219-0800][54062664ms] GC(881) User=0.08s Sys=0.00s Real=0.03s
[2023-12-20T08:25:13.113-0800][54063558ms] GC(882) Pause Young (Normal) (G1 Evacuation Pause)
[2023-12-20T08:25:13.113-0800][54063558ms] GC(882) Using 10 workers of 10 for evacuation
[2023-12-20T08:25:13.142-0800][54063587ms] GC(882)   Pre Evacuate Collection Set: 0.0ms
[2023-12-20T08:25:13.142-0800][54063587ms] GC(882)   Evacuate Collection Set: 26.6ms
[2023-12-20T08:25:13.142-0800][54063587ms] GC(882)   Post Evacuate Collection Set: 2.3ms
[2023-12-20T08:25:13.142-0800][54063587ms] GC(882)   Other: 0.3ms
[2023-12-20T08:25:13.142-0800][54063587ms] GC(882) Eden regions: 753->0(753)
[2023-12-20T08:25:13.142-0800][54063587ms] GC(882) Survivor regions: 30->30(98)
[2023-12-20T08:25:13.142-0800][54063587ms] GC(882) Old regions: 162->162
[2023-12-20T08:25:13.142-0800][54063587ms] GC(882) Humongous regions: 5->5
[2023-12-20T08:25:13.142-0800][54063587ms] GC(882) Metaspace: 256290K->256290K(1294336K)
[2023-12-20T08:25:13.142-0800][54063587ms] GC(882) Pause Young (Normal) (G1 Evacuation Pause) 1898M->393M(2612M) 29.375ms
[2023-12-20T08:25:13.142-0800][54063587ms] GC(882) User=0.13s Sys=0.00s Real=0.03s
[2023-12-20T08:25:14.052-0800][54064497ms] GC(883) Pause Young (Normal) (G1 Evacuation Pause)
[2023-12-20T08:25:14.052-0800][54064497ms] GC(883) Using 10 workers of 10 for evacuation
[2023-12-20T08:25:14.083-0800][54064528ms] GC(883)   Pre Evacuate Collection Set: 0.0ms
[2023-12-20T08:25:14.083-0800][54064528ms] GC(883)   Evacuate Collection Set: 28.5ms
[2023-12-20T08:25:14.083-0800][54064528ms] GC(883)   Post Evacuate Collection Set: 2.4ms
[2023-12-20T08:25:14.083-0800][54064528ms] GC(883)   Other: 0.3ms
[2023-12-20T08:25:14.083-0800][54064528ms] GC(883) Eden regions: 753->0(753)
[2023-12-20T08:25:14.083-0800][54064528ms] GC(883) Survivor regions: 30->30(98)
[2023-12-20T08:25:14.083-0800][54064528ms] GC(883) Old regions: 162->162
[2023-12-20T08:25:14.083-0800][54064528ms] GC(883) Humongous regions: 5->5
[2023-12-20T08:25:14.083-0800][54064528ms] GC(883) Metaspace: 256290K->256290K(1294336K)
[2023-12-20T08:25:14.083-0800][54064528ms] GC(883) Pause Young (Normal) (G1 Evacuation Pause) 1899M->392M(2612M) 31.390ms
[2023-12-20T08:25:14.083-0800][54064528ms] GC(883) User=0.13s Sys=0.02s Real=0.03s
[2023-12-20T08:25:14.968-0800][54065413ms] GC(884) Pause Young (Normal) (G1 Evacuation Pause)
[2023-12-20T08:25:14.968-0800][54065413ms] GC(884) Using 10 workers of 10 for evacuation
[2023-12-20T08:25:14.997-0800][54065442ms] GC(884)   Pre Evacuate Collection Set: 0.0ms
[2023-12-20T08:25:14.998-0800][54065443ms] GC(884)   Evacuate Collection Set: 27.2ms
[2023-12-20T08:25:14.998-0800][54065443ms] GC(884)   Post Evacuate Collection Set: 2.5ms
[2023-12-20T08:25:14.998-0800][54065443ms] GC(884)   Other: 0.4ms
[2023-12-20T08:25:14.998-0800][54065443ms] GC(884) Eden regions: 753->0(753)
[2023-12-20T08:25:14.998-0800][54065443ms] GC(884) Survivor regions: 30->30(98)
[2023-12-20T08:25:14.998-0800][54065443ms] GC(884) Old regions: 162->162
[2023-12-20T08:25:14.998-0800][54065443ms] GC(884) Humongous regions: 5->5
[2023-12-20T08:25:14.998-0800][54065443ms] GC(884) Metaspace: 256290K->256290K(1294336K)
[2023-12-20T08:25:14.998-0800][54065443ms] GC(884) Pause Young (Normal) (G1 Evacuation Pause) 1898M->392M(2612M) 30.237ms
[2023-12-20T08:25:14.998-0800][54065443ms] GC(884) User=0.11s Sys=0.00s Real=0.03s
[2023-12-20T08:25:15.870-0800][54066315ms] GC(885) Pause Young (Normal) (G1 Evacuation Pause)
[2023-12-20T08:25:15.870-0800][54066315ms] GC(885) Using 10 workers of 10 for evacuation
[2023-12-20T08:25:15.899-0800][54066344ms] GC(885)   Pre Evacuate Collection Set: 0.0ms
[2023-12-20T08:25:15.899-0800][54066344ms] GC(885)   Evacuate Collection Set: 26.7ms
[2023-12-20T08:25:15.899-0800][54066344ms] GC(885)   Post Evacuate Collection Set: 2.4ms
[2023-12-20T08:25:15.899-0800][54066344ms] GC(885)   Other: 0.3ms
[2023-12-20T08:25:15.899-0800][54066344ms] GC(885) Eden regions: 753->0(753)
[2023-12-20T08:25:15.899-0800][54066344ms] GC(885) Survivor regions: 30->30(98)
[2023-12-20T08:25:15.899-0800][54066344ms] GC(885) Old regions: 162->162
[2023-12-20T08:25:15.899-0800][54066344ms] GC(885) Humongous regions: 5->5
[2023-12-20T08:25:15.899-0800][54066344ms] GC(885) Metaspace: 256290K->256290K(1294336K)
[2023-12-20T08:25:15.899-0800][54066344ms] GC(885) Pause Young (Normal) (G1 Evacuation Pause) 1898M->393M(2612M) 29.562ms
[2023-12-20T08:25:15.899-0800][54066344ms] GC(885) User=0.08s Sys=0.00s Real=0.03s
[2023-12-20T08:25:16.779-0800][54067224ms] GC(886) Pause Young (Normal) (G1 Evacuation Pause)
[2023-12-20T08:25:16.779-0800][54067224ms] GC(886) Using 10 workers of 10 for evacuation
[2023-12-20T08:25:16.809-0800][54067254ms] GC(886)   Pre Evacuate Collection Set: 0.0ms
[2023-12-20T08:25:16.809-0800][54067254ms] GC(886)   Evacuate Collection Set: 26.8ms
[2023-12-20T08:25:16.809-0800][54067254ms] GC(886)   Post Evacuate Collection Set: 2.3ms
[2023-12-20T08:25:16.809-0800][54067254ms] GC(886)   Other: 0.4ms
[2023-12-20T08:25:16.809-0800][54067254ms] GC(886) Eden regions: 753->0(753)
[2023-12-20T08:25:16.809-0800][54067254ms] GC(886) Survivor regions: 30->30(98)
[2023-12-20T08:25:16.809-0800][54067254ms] GC(886) Old regions: 162->162
[2023-12-20T08:25:16.809-0800][54067254ms] GC(886) Humongous regions: 5->5
[2023-12-20T08:25:16.809-0800][54067254ms] GC(886) Metaspace: 256290K->256290K(1294336K)
[2023-12-20T08:25:16.809-0800][54067254ms] GC(886) Pause Young (Normal) (G1 Evacuation Pause) 1899M->393M(2612M) 29.663ms
[2023-12-20T08:25:16.809-0800][54067254ms] GC(886) User=0.09s Sys=0.00s Real=0.03s
[2023-12-20T08:25:17.707-0800][54068152ms] GC(887) Pause Young (Normal) (G1 Evacuation Pause)
[2023-12-20T08:25:17.707-0800][54068152ms] GC(887) Using 10 workers of 10 for evacuation
[2023-12-20T08:25:17.736-0800][54068181ms] GC(887)   Pre Evacuate Collection Set: 0.0ms
[2023-12-20T08:25:17.736-0800][54068181ms] GC(887)   Evacuate Collection Set: 26.6ms
[2023-12-20T08:25:17.736-0800][54068181ms] GC(887)   Post Evacuate Collection Set: 2.8ms
[2023-12-20T08:25:17.736-0800][54068181ms] GC(887)   Other: 0.4ms
[2023-12-20T08:25:17.736-0800][54068181ms] GC(887) Eden regions: 753->0(753)
[2023-12-20T08:25:17.736-0800][54068181ms] GC(887) Survivor regions: 30->30(98)
[2023-12-20T08:25:17.736-0800][54068181ms] GC(887) Old regions: 162->162
[2023-12-20T08:25:17.736-0800][54068181ms] GC(887) Humongous regions: 5->5
[2023-12-20T08:25:17.736-0800][54068181ms] GC(887) Metaspace: 256290K->256290K(1294336K)
[2023-12-20T08:25:17.736-0800][54068181ms] GC(887) Pause Young (Normal) (G1 Evacuation Pause) 1899M->393M(2612M) 29.940ms
[2023-12-20T08:25:17.736-0800][54068181ms] GC(887) User=0.08s Sys=0.00s Real=0.03s
[2023-12-20T08:25:18.608-0800][54069053ms] GC(888) Pause Young (Normal) (G1 Evacuation Pause)
[2023-12-20T08:25:18.608-0800][54069053ms] GC(888) Using 10 workers of 10 for evacuation
[2023-12-20T08:25:18.639-0800][54069084ms] GC(888)   Pre Evacuate Collection Set: 0.0ms
[2023-12-20T08:25:18.639-0800][54069084ms] GC(888)   Evacuate Collection Set: 26.7ms
[2023-12-20T08:25:18.639-0800][54069084ms] GC(888)   Post Evacuate Collection Set: 3.2ms
[2023-12-20T08:25:18.639-0800][54069084ms] GC(888)   Other: 0.3ms
[2023-12-20T08:25:18.639-0800][54069084ms] GC(888) Eden regions: 753->0(753)
[2023-12-20T08:25:18.639-0800][54069084ms] GC(888) Survivor regions: 30->30(98)
[2023-12-20T08:25:18.639-0800][54069084ms] GC(888) Old regions: 162->162
[2023-12-20T08:25:18.639-0800][54069084ms] GC(888) Humongous regions: 5->5
[2023-12-20T08:25:18.639-0800][54069084ms] GC(888) Metaspace: 256290K->256290K(1294336K)
[2023-12-20T08:25:18.639-0800][54069084ms] GC(888) Pause Young (Normal) (G1 Evacuation Pause) 1899M->393M(2612M) 30.447ms
[2023-12-20T08:25:18.639-0800][54069084ms] GC(888) User=0.11s Sys=0.00s Real=0.03s
[2023-12-20T08:25:19.528-0800][54069973ms] GC(889) Pause Young (Normal) (G1 Evacuation Pause)
[2023-12-20T08:25:19.528-0800][54069973ms] GC(889) Using 10 workers of 10 for evacuation
[2023-12-20T08:25:19.558-0800][54070003ms] GC(889)   Pre Evacuate Collection Set: 0.0ms
[2023-12-20T08:25:19.558-0800][54070003ms] GC(889)   Evacuate Collection Set: 27.9ms
[2023-12-20T08:25:19.558-0800][54070003ms] GC(889)   Post Evacuate Collection Set: 2.4ms
[2023-12-20T08:25:19.558-0800][54070003ms] GC(889)   Other: 0.4ms
[2023-12-20T08:25:19.558-0800][54070003ms] GC(889) Eden regions: 753->0(753)
[2023-12-20T08:25:19.558-0800][54070003ms] GC(889) Survivor regions: 30->30(98)
[2023-12-20T08:25:19.558-0800][54070003ms] GC(889) Old regions: 162->162
[2023-12-20T08:25:19.558-0800][54070003ms] GC(889) Humongous regions: 5->5
[2023-12-20T08:25:19.558-0800][54070003ms] GC(889) Metaspace: 256290K->256290K(1294336K)
[2023-12-20T08:25:19.558-0800][54070003ms] GC(889) Pause Young (Normal) (G1 Evacuation Pause) 1899M->392M(2612M) 30.857ms
[2023-12-20T08:25:19.558-0800][54070003ms] GC(889) User=0.08s Sys=0.00s Real=0.03s
[2023-12-20T08:25:20.395-0800][54070840ms] GC(890) Pause Young (Normal) (G1 Evacuation Pause)
[2023-12-20T08:25:20.395-0800][54070840ms] GC(890) Using 10 workers of 10 for evacuation
[2023-12-20T08:25:20.425-0800][54070870ms] GC(890)   Pre Evacuate Collection Set: 0.0ms
[2023-12-20T08:25:20.425-0800][54070870ms] GC(890)   Evacuate Collection Set: 26.7ms
[2023-12-20T08:25:20.425-0800][54070870ms] GC(890)   Post Evacuate Collection Set: 2.7ms
[2023-12-20T08:25:20.425-0800][54070870ms] GC(890)   Other: 0.4ms
[2023-12-20T08:25:20.425-0800][54070870ms] GC(890) Eden regions: 753->0(753)
[2023-12-20T08:25:20.425-0800][54070870ms] GC(890) Survivor regions: 30->30(98)
[2023-12-20T08:25:20.425-0800][54070870ms] GC(890) Old regions: 162->162
[2023-12-20T08:25:20.425-0800][54070870ms] GC(890) Humongous regions: 5->5
[2023-12-20T08:25:20.425-0800][54070870ms] GC(890) Metaspace: 256290K->256290K(1294336K)
[2023-12-20T08:25:20.425-0800][54070870ms] GC(890) Pause Young (Normal) (G1 Evacuation Pause) 1898M->393M(2612M) 30.040ms
[2023-12-20T08:25:20.426-0800][54070871ms] GC(890) User=0.13s Sys=0.00s Real=0.03s
[2023-12-20T08:25:21.291-0800][54071736ms] GC(891) Pause Young (Normal) (G1 Evacuation Pause)
[2023-12-20T08:25:21.291-0800][54071736ms] GC(891) Using 10 workers of 10 for evacuation
[2023-12-20T08:25:21.324-0800][54071769ms] GC(891)   Pre Evacuate Collection Set: 0.0ms
[2023-12-20T08:25:21.324-0800][54071769ms] GC(891)   Evacuate Collection Set: 30.0ms
[2023-12-20T08:25:21.324-0800][54071769ms] GC(891)   Post Evacuate Collection Set: 2.7ms
[2023-12-20T08:25:21.324-0800][54071769ms] GC(891)   Other: 0.3ms
[2023-12-20T08:25:21.324-0800][54071769ms] GC(891) Eden regions: 753->0(753)
[2023-12-20T08:25:21.324-0800][54071769ms] GC(891) Survivor regions: 30->30(98)
[2023-12-20T08:25:21.324-0800][54071769ms] GC(891) Old regions: 162->162
[2023-12-20T08:25:21.324-0800][54071769ms] GC(891) Humongous regions: 5->5
[2023-12-20T08:25:21.324-0800][54071769ms] GC(891) Metaspace: 256290K->256290K(1294336K)
[2023-12-20T08:25:21.324-0800][54071769ms] GC(891) Pause Young (Normal) (G1 Evacuation Pause) 1899M->393M(2612M) 33.200ms
[2023-12-20T08:25:21.324-0800][54071769ms] GC(891) User=0.13s Sys=0.00s Real=0.03s
[2023-12-20T08:25:22.196-0800][54072641ms] GC(892) Pause Young (Normal) (G1 Evacuation Pause)
[2023-12-20T08:25:22.196-0800][54072641ms] GC(892) Using 10 workers of 10 for evacuation
[2023-12-20T08:25:22.226-0800][54072671ms] GC(892)   Pre Evacuate Collection Set: 0.0ms
[2023-12-20T08:25:22.226-0800][54072671ms] GC(892)   Evacuate Collection Set: 27.0ms
[2023-12-20T08:25:22.226-0800][54072671ms] GC(892)   Post Evacuate Collection Set: 2.8ms
[2023-12-20T08:25:22.226-0800][54072671ms] GC(892)   Other: 0.4ms
[2023-12-20T08:25:22.226-0800][54072671ms] GC(892) Eden regions: 753->0(753)
[2023-12-20T08:25:22.226-0800][54072671ms] GC(892) Survivor regions: 30->30(98)
[2023-12-20T08:25:22.226-0800][54072671ms] GC(892) Old regions: 162->162
[2023-12-20T08:25:22.226-0800][54072671ms] GC(892) Humongous regions: 5->5
[2023-12-20T08:25:22.226-0800][54072671ms] GC(892) Metaspace: 256290K->256290K(1294336K)
[2023-12-20T08:25:22.226-0800][54072671ms] GC(892) Pause Young (Normal) (G1 Evacuation Pause) 1899M->392M(2612M) 30.357ms
[2023-12-20T08:25:22.226-0800][54072671ms] GC(892) User=0.08s Sys=0.00s Real=0.03s
[2023-12-20T08:25:23.196-0800][54073641ms] GC(893) Pause Young (Normal) (G1 Evacuation Pause)
[2023-12-20T08:25:23.196-0800][54073641ms] GC(893) Using 10 workers of 10 for evacuation
[2023-12-20T08:25:23.225-0800][54073670ms] GC(893)   Pre Evacuate Collection Set: 0.0ms
[2023-12-20T08:25:23.225-0800][54073670ms] GC(893)   Evacuate Collection Set: 25.9ms
[2023-12-20T08:25:23.225-0800][54073670ms] GC(893)   Post Evacuate Collection Set: 2.4ms
[2023-12-20T08:25:23.225-0800][54073670ms] GC(893)   Other: 0.4ms
[2023-12-20T08:25:23.225-0800][54073670ms] GC(893) Eden regions: 753->0(754)
[2023-12-20T08:25:23.225-0800][54073670ms] GC(893) Survivor regions: 30->29(98)
[2023-12-20T08:25:23.225-0800][54073670ms] GC(893) Old regions: 162->162
[2023-12-20T08:25:23.225-0800][54073670ms] GC(893) Humongous regions: 5->5
[2023-12-20T08:25:23.225-0800][54073670ms] GC(893) Metaspace: 256290K->256290K(1294336K)
[2023-12-20T08:25:23.225-0800][54073670ms] GC(893) Pause Young (Normal) (G1 Evacuation Pause) 1898M->391M(2612M) 28.821ms
[2023-12-20T08:25:23.225-0800][54073670ms] GC(893) User=0.06s Sys=0.00s Real=0.03s
[2023-12-20T08:25:24.042-0800][54074487ms] GC(894) Pause Young (Normal) (G1 Evacuation Pause)
[2023-12-20T08:25:24.042-0800][54074487ms] GC(894) Using 10 workers of 10 for evacuation
[2023-12-20T08:25:24.071-0800][54074516ms] GC(894)   Pre Evacuate Collection Set: 0.0ms
[2023-12-20T08:25:24.071-0800][54074516ms] GC(894)   Evacuate Collection Set: 26.0ms
[2023-12-20T08:25:24.071-0800][54074516ms] GC(894)   Post Evacuate Collection Set: 2.4ms
[2023-12-20T08:25:24.071-0800][54074516ms] GC(894)   Other: 0.4ms
[2023-12-20T08:25:24.071-0800][54074516ms] GC(894) Eden regions: 754->0(753)
[2023-12-20T08:25:24.071-0800][54074516ms] GC(894) Survivor regions: 29->30(98)
[2023-12-20T08:25:24.071-0800][54074516ms] GC(894) Old regions: 162->162
[2023-12-20T08:25:24.071-0800][54074516ms] GC(894) Humongous regions: 5->5
[2023-12-20T08:25:24.071-0800][54074516ms] GC(894) Metaspace: 256290K->256290K(1294336K)
[2023-12-20T08:25:24.071-0800][54074516ms] GC(894) Pause Young (Normal) (G1 Evacuation Pause) 1899M->392M(2612M) 28.942ms
[2023-12-20T08:25:24.071-0800][54074516ms] GC(894) User=0.05s Sys=0.00s Real=0.03s
[2023-12-20T08:25:24.938-0800][54075383ms] GC(895) Pause Young (Normal) (G1 Evacuation Pause)
[2023-12-20T08:25:24.938-0800][54075383ms] GC(895) Using 10 workers of 10 for evacuation
[2023-12-20T08:25:24.969-0800][54075414ms] GC(895)   Pre Evacuate Collection Set: 0.0ms
[2023-12-20T08:25:24.969-0800][54075414ms] GC(895)   Evacuate Collection Set: 29.1ms
[2023-12-20T08:25:24.969-0800][54075414ms] GC(895)   Post Evacuate Collection Set: 2.5ms
[2023-12-20T08:25:24.969-0800][54075414ms] GC(895)   Other: 0.4ms
[2023-12-20T08:25:24.969-0800][54075414ms] GC(895) Eden regions: 753->0(754)
[2023-12-20T08:25:24.969-0800][54075414ms] GC(895) Survivor regions: 30->29(98)
[2023-12-20T08:25:24.969-0800][54075414ms] GC(895) Old regions: 162->162
[2023-12-20T08:25:24.969-0800][54075414ms] GC(895) Humongous regions: 5->5
[2023-12-20T08:25:24.969-0800][54075414ms] GC(895) Metaspace: 256290K->256290K(1294336K)
[2023-12-20T08:25:24.969-0800][54075414ms] GC(895) Pause Young (Normal) (G1 Evacuation Pause) 1898M->391M(2612M) 32.076ms
[2023-12-20T08:25:24.969-0800][54075414ms] GC(895) User=0.11s Sys=0.00s Real=0.03s
[2023-12-20T08:25:25.944-0800][54076389ms] GC(896) Pause Young (Normal) (G1 Evacuation Pause)
[2023-12-20T08:25:25.944-0800][54076389ms] GC(896) Using 10 workers of 10 for evacuation
[2023-12-20T08:25:25.973-0800][54076418ms] GC(896)   Pre Evacuate Collection Set: 0.0ms
[2023-12-20T08:25:25.973-0800][54076418ms] GC(896)   Evacuate Collection Set: 25.5ms
[2023-12-20T08:25:25.973-0800][54076418ms] GC(896)   Post Evacuate Collection Set: 2.6ms
[2023-12-20T08:25:25.973-0800][54076418ms] GC(896)   Other: 0.4ms
[2023-12-20T08:25:25.973-0800][54076418ms] GC(896) Eden regions: 754->0(754)
[2023-12-20T08:25:25.973-0800][54076418ms] GC(896) Survivor regions: 29->29(98)
[2023-12-20T08:25:25.973-0800][54076418ms] GC(896) Old regions: 162->162
[2023-12-20T08:25:25.973-0800][54076418ms] GC(896) Humongous regions: 5->5
[2023-12-20T08:25:25.973-0800][54076418ms] GC(896) Metaspace: 256290K->256290K(1294336K)
[2023-12-20T08:25:25.973-0800][54076418ms] GC(896) Pause Young (Normal) (G1 Evacuation Pause) 1899M->391M(2612M) 28.633ms
[2023-12-20T08:25:25.973-0800][54076418ms] GC(896) User=0.16s Sys=0.00s Real=0.03s
[2023-12-20T08:25:26.794-0800][54077239ms] GC(897) Pause Young (Normal) (G1 Evacuation Pause)
[2023-12-20T08:25:26.794-0800][54077239ms] GC(897) Using 10 workers of 10 for evacuation
[2023-12-20T08:25:26.823-0800][54077268ms] GC(897)   Pre Evacuate Collection Set: 0.0ms
[2023-12-20T08:25:26.823-0800][54077268ms] GC(897)   Evacuate Collection Set: 26.0ms
[2023-12-20T08:25:26.823-0800][54077268ms] GC(897)   Post Evacuate Collection Set: 2.8ms
[2023-12-20T08:25:26.823-0800][54077268ms] GC(897)   Other: 0.4ms
[2023-12-20T08:25:26.823-0800][54077268ms] GC(897) Eden regions: 754->0(753)
[2023-12-20T08:25:26.823-0800][54077268ms] GC(897) Survivor regions: 29->30(98)
[2023-12-20T08:25:26.823-0800][54077268ms] GC(897) Old regions: 162->162
[2023-12-20T08:25:26.823-0800][54077268ms] GC(897) Humongous regions: 5->5
[2023-12-20T08:25:26.823-0800][54077268ms] GC(897) Metaspace: 256290K->256290K(1294336K)
[2023-12-20T08:25:26.823-0800][54077268ms] GC(897) Pause Young (Normal) (G1 Evacuation Pause) 1899M->393M(2612M) 29.382ms
[2023-12-20T08:25:26.823-0800][54077268ms] GC(897) User=0.09s Sys=0.00s Real=0.03s
[2023-12-20T08:25:27.689-0800][54078134ms] GC(898) Pause Young (Normal) (G1 Evacuation Pause)
[2023-12-20T08:25:27.689-0800][54078134ms] GC(898) Using 10 workers of 10 for evacuation
[2023-12-20T08:25:27.719-0800][54078164ms] GC(898)   Pre Evacuate Collection Set: 0.0ms
[2023-12-20T08:25:27.719-0800][54078164ms] GC(898)   Evacuate Collection Set: 28.0ms
[2023-12-20T08:25:27.719-0800][54078164ms] GC(898)   Post Evacuate Collection Set: 2.4ms
[2023-12-20T08:25:27.719-0800][54078164ms] GC(898)   Other: 0.4ms
[2023-12-20T08:25:27.719-0800][54078164ms] GC(898) Eden regions: 753->0(753)
[2023-12-20T08:25:27.719-0800][54078164ms] GC(898) Survivor regions: 30->30(98)
[2023-12-20T08:25:27.719-0800][54078164ms] GC(898) Old regions: 162->162
[2023-12-20T08:25:27.719-0800][54078164ms] GC(898) Humongous regions: 5->5
[2023-12-20T08:25:27.719-0800][54078164ms] GC(898) Metaspace: 256290K->256290K(1294336K)
[2023-12-20T08:25:27.719-0800][54078164ms] GC(898) Pause Young (Normal) (G1 Evacuation Pause) 1899M->393M(2612M) 30.949ms
[2023-12-20T08:25:27.719-0800][54078164ms] GC(898) User=0.05s Sys=0.00s Real=0.03s
[2023-12-20T08:25:28.621-0800][54079066ms] GC(899) Pause Young (Normal) (G1 Evacuation Pause)
[2023-12-20T08:25:28.621-0800][54079066ms] GC(899) Using 10 workers of 10 for evacuation
[2023-12-20T08:25:28.652-0800][54079097ms] GC(899)   Pre Evacuate Collection Set: 0.0ms
[2023-12-20T08:25:28.652-0800][54079097ms] GC(899)   Evacuate Collection Set: 28.3ms
[2023-12-20T08:25:28.652-0800][54079097ms] GC(899)   Post Evacuate Collection Set: 2.5ms
[2023-12-20T08:25:28.652-0800][54079097ms] GC(899)   Other: 0.4ms
[2023-12-20T08:25:28.652-0800][54079097ms] GC(899) Eden regions: 753->0(753)
[2023-12-20T08:25:28.652-0800][54079097ms] GC(899) Survivor regions: 30->30(98)
[2023-12-20T08:25:28.652-0800][54079097ms] GC(899) Old regions: 162->162
[2023-12-20T08:25:28.652-0800][54079097ms] GC(899) Humongous regions: 5->5
[2023-12-20T08:25:28.652-0800][54079097ms] GC(899) Metaspace: 256290K->256290K(1294336K)
[2023-12-20T08:25:28.652-0800][54079097ms] GC(899) Pause Young (Normal) (G1 Evacuation Pause) 1899M->392M(2612M) 31.350ms
[2023-12-20T08:25:28.652-0800][54079097ms] GC(899) User=0.08s Sys=0.00s Real=0.03s
[2023-12-20T08:25:29.606-0800][54080051ms] GC(900) Pause Young (Normal) (G1 Evacuation Pause)
[2023-12-20T08:25:29.606-0800][54080051ms] GC(900) Using 10 workers of 10 for evacuation
[2023-12-20T08:25:29.637-0800][54080082ms] GC(900)   Pre Evacuate Collection Set: 0.0ms
[2023-12-20T08:25:29.637-0800][54080082ms] GC(900)   Evacuate Collection Set: 27.3ms
[2023-12-20T08:25:29.637-0800][54080082ms] GC(900)   Post Evacuate Collection Set: 2.6ms
[2023-12-20T08:25:29.637-0800][54080082ms] GC(900)   Other: 0.4ms
[2023-12-20T08:25:29.637-0800][54080082ms] GC(900) Eden regions: 753->0(753)
[2023-12-20T08:25:29.637-0800][54080082ms] GC(900) Survivor regions: 30->30(98)
[2023-12-20T08:25:29.637-0800][54080082ms] GC(900) Old regions: 162->162
[2023-12-20T08:25:29.637-0800][54080082ms] GC(900) Humongous regions: 5->5
[2023-12-20T08:25:29.637-0800][54080082ms] GC(900) Metaspace: 256290K->256290K(1294336K)
[2023-12-20T08:25:29.637-0800][54080082ms] GC(900) Pause Young (Normal) (G1 Evacuation Pause) 1898M->393M(2612M) 30.378ms
[2023-12-20T08:25:29.637-0800][54080082ms] GC(900) User=0.06s Sys=0.00s Real=0.03s
[2023-12-20T08:25:30.563-0800][54081008ms] GC(901) Pause Young (Normal) (G1 Evacuation Pause)
[2023-12-20T08:25:30.563-0800][54081008ms] GC(901) Using 10 workers of 10 for evacuation
[2023-12-20T08:25:30.593-0800][54081038ms] GC(901)   Pre Evacuate Collection Set: 0.0ms
[2023-12-20T08:25:30.593-0800][54081038ms] GC(901)   Evacuate Collection Set: 26.4ms
[2023-12-20T08:25:30.593-0800][54081038ms] GC(901)   Post Evacuate Collection Set: 2.6ms
[2023-12-20T08:25:30.593-0800][54081038ms] GC(901)   Other: 0.4ms
[2023-12-20T08:25:30.593-0800][54081038ms] GC(901) Eden regions: 753->0(753)
[2023-12-20T08:25:30.593-0800][54081038ms] GC(901) Survivor regions: 30->30(98)
[2023-12-20T08:25:30.593-0800][54081038ms] GC(901) Old regions: 162->162
[2023-12-20T08:25:30.593-0800][54081038ms] GC(901) Humongous regions: 5->5
[2023-12-20T08:25:30.593-0800][54081038ms] GC(901) Metaspace: 256290K->256290K(1294336K)
[2023-12-20T08:25:30.593-0800][54081038ms] GC(901) Pause Young (Normal) (G1 Evacuation Pause) 1899M->392M(2612M) 29.585ms
[2023-12-20T08:25:30.593-0800][54081038ms] GC(901) User=0.08s Sys=0.00s Real=0.03s
[2023-12-20T08:25:31.608-0800][54082053ms] GC(902) Pause Young (Normal) (GCLocker Initiated GC)
[2023-12-20T08:25:31.608-0800][54082053ms] GC(902) Using 10 workers of 10 for evacuation
[2023-12-20T08:25:31.637-0800][54082082ms] GC(902)   Pre Evacuate Collection Set: 0.0ms
[2023-12-20T08:25:31.637-0800][54082082ms] GC(902)   Evacuate Collection Set: 26.4ms
[2023-12-20T08:25:31.637-0800][54082082ms] GC(902)   Post Evacuate Collection Set: 2.6ms
[2023-12-20T08:25:31.637-0800][54082082ms] GC(902)   Other: 0.5ms
[2023-12-20T08:25:31.637-0800][54082082ms] GC(902) Eden regions: 754->0(753)
[2023-12-20T08:25:31.637-0800][54082082ms] GC(902) Survivor regions: 30->30(98)
[2023-12-20T08:25:31.637-0800][54082082ms] GC(902) Old regions: 162->162
[2023-12-20T08:25:31.637-0800][54082082ms] GC(902) Humongous regions: 5->5
[2023-12-20T08:25:31.637-0800][54082082ms] GC(902) Metaspace: 256290K->256290K(1294336K)
[2023-12-20T08:25:31.637-0800][54082082ms] GC(902) Pause Young (Normal) (GCLocker Initiated GC) 1899M->392M(2612M) 29.574ms
[2023-12-20T08:25:31.637-0800][54082082ms] GC(902) User=0.13s Sys=0.00s Real=0.03s
[2023-12-20T08:25:32.603-0800][54083048ms] GC(903) Pause Young (Normal) (GCLocker Initiated GC)
[2023-12-20T08:25:32.603-0800][54083048ms] GC(903) Using 10 workers of 10 for evacuation
[2023-12-20T08:25:32.633-0800][54083078ms] GC(903)   Pre Evacuate Collection Set: 0.0ms
[2023-12-20T08:25:32.633-0800][54083078ms] GC(903)   Evacuate Collection Set: 26.7ms
[2023-12-20T08:25:32.633-0800][54083078ms] GC(903)   Post Evacuate Collection Set: 2.4ms
[2023-12-20T08:25:32.633-0800][54083078ms] GC(903)   Other: 0.4ms
[2023-12-20T08:25:32.633-0800][54083078ms] GC(903) Eden regions: 754->0(753)
[2023-12-20T08:25:32.633-0800][54083078ms] GC(903) Survivor regions: 30->30(98)
[2023-12-20T08:25:32.633-0800][54083078ms] GC(903) Old regions: 162->162
[2023-12-20T08:25:32.633-0800][54083078ms] GC(903) Humongous regions: 5->5
[2023-12-20T08:25:32.633-0800][54083078ms] GC(903) Metaspace: 256290K->256290K(1294336K)
[2023-12-20T08:25:32.633-0800][54083078ms] GC(903) Pause Young (Normal) (GCLocker Initiated GC) 1899M->392M(2612M) 29.639ms
[2023-12-20T08:25:32.633-0800][54083078ms] GC(903) User=0.06s Sys=0.00s Real=0.03s
[2023-12-20T08:25:33.588-0800][54084033ms] GC(904) Pause Young (Normal) (G1 Evacuation Pause)
[2023-12-20T08:25:33.588-0800][54084033ms] GC(904) Using 10 workers of 10 for evacuation
[2023-12-20T08:25:33.617-0800][54084062ms] GC(904)   Pre Evacuate Collection Set: 0.0ms
[2023-12-20T08:25:33.617-0800][54084062ms] GC(904)   Evacuate Collection Set: 26.4ms
[2023-12-20T08:25:33.617-0800][54084062ms] GC(904)   Post Evacuate Collection Set: 2.5ms
[2023-12-20T08:25:33.617-0800][54084062ms] GC(904)   Other: 0.3ms
[2023-12-20T08:25:33.617-0800][54084062ms] GC(904) Eden regions: 753->0(754)
[2023-12-20T08:25:33.617-0800][54084062ms] GC(904) Survivor regions: 30->29(98)
[2023-12-20T08:25:33.617-0800][54084062ms] GC(904) Old regions: 162->162
[2023-12-20T08:25:33.617-0800][54084062ms] GC(904) Humongous regions: 5->5
[2023-12-20T08:25:33.617-0800][54084062ms] GC(904) Metaspace: 256290K->256290K(1294336K)
[2023-12-20T08:25:33.617-0800][54084062ms] GC(904) Pause Young (Normal) (G1 Evacuation Pause) 1898M->391M(2612M) 29.341ms
[2023-12-20T08:25:33.617-0800][54084062ms] GC(904) User=0.11s Sys=0.00s Real=0.03s
[2023-12-20T08:25:34.532-0800][54084977ms] GC(905) Pause Young (Normal) (G1 Evacuation Pause)
[2023-12-20T08:25:34.532-0800][54084977ms] GC(905) Using 10 workers of 10 for evacuation
[2023-12-20T08:25:34.562-0800][54085007ms] GC(905)   Pre Evacuate Collection Set: 0.0ms
[2023-12-20T08:25:34.562-0800][54085007ms] GC(905)   Evacuate Collection Set: 26.5ms
[2023-12-20T08:25:34.562-0800][54085007ms] GC(905)   Post Evacuate Collection Set: 2.7ms
[2023-12-20T08:25:34.562-0800][54085007ms] GC(905)   Other: 0.4ms
[2023-12-20T08:25:34.562-0800][54085007ms] GC(905) Eden regions: 754->0(753)
[2023-12-20T08:25:34.562-0800][54085007ms] GC(905) Survivor regions: 29->30(98)
[2023-12-20T08:25:34.562-0800][54085007ms] GC(905) Old regions: 162->162
[2023-12-20T08:25:34.562-0800][54085007ms] GC(905) Humongous regions: 5->5
[2023-12-20T08:25:34.562-0800][54085007ms] GC(905) Metaspace: 256290K->256290K(1294336K)
[2023-12-20T08:25:34.562-0800][54085007ms] GC(905) Pause Young (Normal) (G1 Evacuation Pause) 1899M->392M(2612M) 29.715ms
[2023-12-20T08:25:34.562-0800][54085007ms] GC(905) User=0.08s Sys=0.00s Real=0.03s
[2023-12-20T08:25:35.410-0800][54085855ms] GC(906) Pause Young (Normal) (G1 Evacuation Pause)
[2023-12-20T08:25:35.410-0800][54085855ms] GC(906) Using 10 workers of 10 for evacuation
[2023-12-20T08:25:35.440-0800][54085885ms] GC(906)   Pre Evacuate Collection Set: 0.1ms
[2023-12-20T08:25:35.440-0800][54085885ms] GC(906)   Evacuate Collection Set: 27.0ms
[2023-12-20T08:25:35.440-0800][54085885ms] GC(906)   Post Evacuate Collection Set: 2.7ms
[2023-12-20T08:25:35.440-0800][54085885ms] GC(906)   Other: 0.5ms
[2023-12-20T08:25:35.440-0800][54085885ms] GC(906) Eden regions: 753->0(752)
[2023-12-20T08:25:35.440-0800][54085885ms] GC(906) Survivor regions: 30->31(98)
[2023-12-20T08:25:35.440-0800][54085885ms] GC(906) Old regions: 162->162
[2023-12-20T08:25:35.440-0800][54085885ms] GC(906) Humongous regions: 5->5
[2023-12-20T08:25:35.440-0800][54085885ms] GC(906) Metaspace: 256290K->256290K(1294336K)
[2023-12-20T08:25:35.440-0800][54085885ms] GC(906) Pause Young (Normal) (G1 Evacuation Pause) 1898M->394M(2612M) 30.369ms
[2023-12-20T08:25:35.440-0800][54085885ms] GC(906) User=0.08s Sys=0.00s Real=0.03s
[2023-12-20T08:25:36.335-0800][54086780ms] GC(907) Pause Young (Normal) (G1 Evacuation Pause)
[2023-12-20T08:25:36.335-0800][54086780ms] GC(907) Using 10 workers of 10 for evacuation
[2023-12-20T08:25:36.365-0800][54086810ms] GC(907)   Pre Evacuate Collection Set: 0.0ms
[2023-12-20T08:25:36.365-0800][54086810ms] GC(907)   Evacuate Collection Set: 26.1ms
[2023-12-20T08:25:36.365-0800][54086810ms] GC(907)   Post Evacuate Collection Set: 2.5ms
[2023-12-20T08:25:36.365-0800][54086810ms] GC(907)   Other: 0.4ms
[2023-12-20T08:25:36.365-0800][54086810ms] GC(907) Eden regions: 752->0(752)
[2023-12-20T08:25:36.365-0800][54086810ms] GC(907) Survivor regions: 31->31(98)
[2023-12-20T08:25:36.365-0800][54086810ms] GC(907) Old regions: 162->162
[2023-12-20T08:25:36.365-0800][54086810ms] GC(907) Humongous regions: 5->5
[2023-12-20T08:25:36.365-0800][54086810ms] GC(907) Metaspace: 256290K->256290K(1294336K)
[2023-12-20T08:25:36.365-0800][54086810ms] GC(907) Pause Young (Normal) (G1 Evacuation Pause) 1898M->394M(2612M) 29.156ms
[2023-12-20T08:25:36.365-0800][54086810ms] GC(907) User=0.03s Sys=0.00s Real=0.03s
[2023-12-20T08:25:37.250-0800][54087695ms] GC(908) Pause Young (Normal) (G1 Evacuation Pause)
[2023-12-20T08:25:37.250-0800][54087695ms] GC(908) Using 10 workers of 10 for evacuation
[2023-12-20T08:25:37.281-0800][54087726ms] GC(908)   Pre Evacuate Collection Set: 0.1ms
[2023-12-20T08:25:37.281-0800][54087726ms] GC(908)   Evacuate Collection Set: 27.8ms
[2023-12-20T08:25:37.281-0800][54087726ms] GC(908)   Post Evacuate Collection Set: 2.5ms
[2023-12-20T08:25:37.281-0800][54087726ms] GC(908)   Other: 0.4ms
[2023-12-20T08:25:37.281-0800][54087726ms] GC(908) Eden regions: 752->0(753)
[2023-12-20T08:25:37.281-0800][54087726ms] GC(908) Survivor regions: 31->30(98)
[2023-12-20T08:25:37.281-0800][54087726ms] GC(908) Old regions: 162->162
[2023-12-20T08:25:37.281-0800][54087726ms] GC(908) Humongous regions: 5->5
[2023-12-20T08:25:37.281-0800][54087726ms] GC(908) Metaspace: 256290K->256290K(1294336K)
[2023-12-20T08:25:37.281-0800][54087726ms] GC(908) Pause Young (Normal) (G1 Evacuation Pause) 1898M->393M(2612M) 30.880ms
[2023-12-20T08:25:37.281-0800][54087726ms] GC(908) User=0.11s Sys=0.00s Real=0.03s
[2023-12-20T08:25:38.334-0800][54088779ms] GC(909) Pause Young (Normal) (G1 Evacuation Pause)
[2023-12-20T08:25:38.334-0800][54088779ms] GC(909) Using 10 workers of 10 for evacuation
[2023-12-20T08:25:38.364-0800][54088809ms] GC(909)   Pre Evacuate Collection Set: 0.0ms
[2023-12-20T08:25:38.364-0800][54088809ms] GC(909)   Evacuate Collection Set: 27.2ms
[2023-12-20T08:25:38.364-0800][54088809ms] GC(909)   Post Evacuate Collection Set: 2.6ms
[2023-12-20T08:25:38.364-0800][54088809ms] GC(909)   Other: 0.4ms
[2023-12-20T08:25:38.364-0800][54088809ms] GC(909) Eden regions: 753->0(753)
[2023-12-20T08:25:38.364-0800][54088809ms] GC(909) Survivor regions: 30->30(98)
[2023-12-20T08:25:38.364-0800][54088809ms] GC(909) Old regions: 162->162
[2023-12-20T08:25:38.364-0800][54088809ms] GC(909) Humongous regions: 5->5
[2023-12-20T08:25:38.364-0800][54088809ms] GC(909) Metaspace: 256290K->256290K(1294336K)
[2023-12-20T08:25:38.364-0800][54088809ms] GC(909) Pause Young (Normal) (G1 Evacuation Pause) 1899M->393M(2612M) 30.425ms
[2023-12-20T08:25:38.364-0800][54088809ms] GC(909) User=0.20s Sys=0.00s Real=0.03s
[2023-12-20T08:25:39.452-0800][54089897ms] GC(910) Pause Young (Normal) (G1 Evacuation Pause)
[2023-12-20T08:25:39.452-0800][54089897ms] GC(910) Using 10 workers of 10 for evacuation
[2023-12-20T08:25:39.482-0800][54089927ms] GC(910)   Pre Evacuate Collection Set: 0.0ms
[2023-12-20T08:25:39.482-0800][54089927ms] GC(910)   Evacuate Collection Set: 27.7ms
[2023-12-20T08:25:39.482-0800][54089927ms] GC(910)   Post Evacuate Collection Set: 2.4ms
[2023-12-20T08:25:39.482-0800][54089927ms] GC(910)   Other: 0.5ms
[2023-12-20T08:25:39.482-0800][54089927ms] GC(910) Eden regions: 753->0(752)
[2023-12-20T08:25:39.482-0800][54089927ms] GC(910) Survivor regions: 30->31(98)
[2023-12-20T08:25:39.482-0800][54089927ms] GC(910) Old regions: 162->162
[2023-12-20T08:25:39.482-0800][54089927ms] GC(910) Humongous regions: 5->5
[2023-12-20T08:25:39.482-0800][54089927ms] GC(910) Metaspace: 256290K->256290K(1294336K)
[2023-12-20T08:25:39.482-0800][54089927ms] GC(910) Pause Young (Normal) (G1 Evacuation Pause) 1899M->394M(2612M) 30.731ms
[2023-12-20T08:25:39.482-0800][54089927ms] GC(910) User=0.19s Sys=0.00s Real=0.03s
[2023-12-20T08:25:40.339-0800][54090784ms] GC(911) Pause Young (Normal) (G1 Evacuation Pause)
[2023-12-20T08:25:40.339-0800][54090784ms] GC(911) Using 10 workers of 10 for evacuation
[2023-12-20T08:25:40.370-0800][54090815ms] GC(911)   Pre Evacuate Collection Set: 0.0ms
[2023-12-20T08:25:40.370-0800][54090815ms] GC(911)   Evacuate Collection Set: 27.4ms
[2023-12-20T08:25:40.370-0800][54090815ms] GC(911)   Post Evacuate Collection Set: 2.7ms
[2023-12-20T08:25:40.370-0800][54090815ms] GC(911)   Other: 0.4ms
[2023-12-20T08:25:40.370-0800][54090815ms] GC(911) Eden regions: 752->0(752)
[2023-12-20T08:25:40.370-0800][54090815ms] GC(911) Survivor regions: 31->31(98)
[2023-12-20T08:25:40.370-0800][54090815ms] GC(911) Old regions: 162->162
[2023-12-20T08:25:40.370-0800][54090815ms] GC(911) Humongous regions: 5->5
[2023-12-20T08:25:40.370-0800][54090815ms] GC(911) Metaspace: 256290K->256290K(1294336K)
[2023-12-20T08:25:40.370-0800][54090815ms] GC(911) Pause Young (Normal) (G1 Evacuation Pause) 1898M->395M(2612M) 30.670ms
[2023-12-20T08:25:40.370-0800][54090815ms] GC(911) User=0.14s Sys=0.00s Real=0.03s
[2023-12-20T08:25:41.042-0800][54091487ms] GC(912) Pause Young (Normal) (G1 Evacuation Pause)
[2023-12-20T08:25:41.042-0800][54091487ms] GC(912) Using 10 workers of 10 for evacuation
[2023-12-20T08:25:41.072-0800][54091517ms] GC(912)   Pre Evacuate Collection Set: 0.1ms
[2023-12-20T08:25:41.072-0800][54091517ms] GC(912)   Evacuate Collection Set: 26.3ms
[2023-12-20T08:25:41.072-0800][54091517ms] GC(912)   Post Evacuate Collection Set: 2.3ms
[2023-12-20T08:25:41.072-0800][54091517ms] GC(912)   Other: 0.4ms
[2023-12-20T08:25:41.072-0800][54091517ms] GC(912) Eden regions: 752->0(752)
[2023-12-20T08:25:41.072-0800][54091517ms] GC(912) Survivor regions: 31->31(98)
[2023-12-20T08:25:41.072-0800][54091517ms] GC(912) Old regions: 162->162
[2023-12-20T08:25:41.072-0800][54091517ms] GC(912) Humongous regions: 5->5
[2023-12-20T08:25:41.072-0800][54091517ms] GC(912) Metaspace: 256290K->256290K(1294336K)
[2023-12-20T08:25:41.072-0800][54091517ms] GC(912) Pause Young (Normal) (G1 Evacuation Pause) 1899M->394M(2612M) 29.281ms
[2023-12-20T08:25:41.072-0800][54091517ms] GC(912) User=0.11s Sys=0.00s Real=0.03s
[2023-12-20T08:25:41.682-0800][54092127ms] GC(913) Pause Young (Normal) (G1 Evacuation Pause)
[2023-12-20T08:25:41.682-0800][54092127ms] GC(913) Using 10 workers of 10 for evacuation
[2023-12-20T08:25:41.716-0800][54092161ms] GC(913)   Pre Evacuate Collection Set: 0.0ms
[2023-12-20T08:25:41.716-0800][54092161ms] GC(913)   Evacuate Collection Set: 27.5ms
[2023-12-20T08:25:41.716-0800][54092161ms] GC(913)   Post Evacuate Collection Set: 6.4ms
[2023-12-20T08:25:41.716-0800][54092161ms] GC(913)   Other: 0.4ms
[2023-12-20T08:25:41.716-0800][54092161ms] GC(913) Eden regions: 752->0(752)
[2023-12-20T08:25:41.716-0800][54092161ms] GC(913) Survivor regions: 31->31(98)
[2023-12-20T08:25:41.716-0800][54092161ms] GC(913) Old regions: 162->162
[2023-12-20T08:25:41.716-0800][54092161ms] GC(913) Humongous regions: 5->5
[2023-12-20T08:25:41.716-0800][54092161ms] GC(913) Metaspace: 256290K->256290K(1294336K)
[2023-12-20T08:25:41.716-0800][54092161ms] GC(913) Pause Young (Normal) (G1 Evacuation Pause) 1898M->395M(2612M) 34.464ms
[2023-12-20T08:25:41.716-0800][54092161ms] GC(913) User=0.05s Sys=0.00s Real=0.03s
[2023-12-20T08:25:42.454-0800][54092899ms] GC(914) Pause Young (Normal) (G1 Evacuation Pause)
[2023-12-20T08:25:42.454-0800][54092899ms] GC(914) Using 10 workers of 10 for evacuation
[2023-12-20T08:25:42.484-0800][54092929ms] GC(914)   Pre Evacuate Collection Set: 0.0ms
[2023-12-20T08:25:42.484-0800][54092929ms] GC(914)   Evacuate Collection Set: 27.6ms
[2023-12-20T08:25:42.484-0800][54092929ms] GC(914)   Post Evacuate Collection Set: 2.7ms
[2023-12-20T08:25:42.484-0800][54092929ms] GC(914)   Other: 0.4ms
[2023-12-20T08:25:42.484-0800][54092929ms] GC(914) Eden regions: 752->0(753)
[2023-12-20T08:25:42.484-0800][54092929ms] GC(914) Survivor regions: 31->30(98)
[2023-12-20T08:25:42.484-0800][54092929ms] GC(914) Old regions: 162->162
[2023-12-20T08:25:42.484-0800][54092929ms] GC(914) Humongous regions: 5->5
[2023-12-20T08:25:42.484-0800][54092929ms] GC(914) Metaspace: 256290K->256290K(1294336K)
[2023-12-20T08:25:42.484-0800][54092929ms] GC(914) Pause Young (Normal) (G1 Evacuation Pause) 1899M->393M(2612M) 30.893ms
[2023-12-20T08:25:42.484-0800][54092929ms] GC(914) User=0.13s Sys=0.00s Real=0.03s
[2023-12-20T08:25:43.256-0800][54093701ms] GC(915) Pause Young (Normal) (G1 Evacuation Pause)
[2023-12-20T08:25:43.256-0800][54093701ms] GC(915) Using 10 workers of 10 for evacuation
[2023-12-20T08:25:43.286-0800][54093731ms] GC(915)   Pre Evacuate Collection Set: 0.0ms
[2023-12-20T08:25:43.286-0800][54093731ms] GC(915)   Evacuate Collection Set: 26.1ms
[2023-12-20T08:25:43.286-0800][54093731ms] GC(915)   Post Evacuate Collection Set: 3.2ms
[2023-12-20T08:25:43.286-0800][54093731ms] GC(915)   Other: 0.4ms
[2023-12-20T08:25:43.286-0800][54093731ms] GC(915) Eden regions: 753->0(753)
[2023-12-20T08:25:43.286-0800][54093731ms] GC(915) Survivor regions: 30->30(98)
[2023-12-20T08:25:43.286-0800][54093731ms] GC(915) Old regions: 162->163
[2023-12-20T08:25:43.286-0800][54093731ms] GC(915) Humongous regions: 5->5
[2023-12-20T08:25:43.286-0800][54093731ms] GC(915) Metaspace: 256290K->256290K(1294336K)
[2023-12-20T08:25:43.286-0800][54093731ms] GC(915) Pause Young (Normal) (G1 Evacuation Pause) 1899M->394M(2612M) 29.788ms
[2023-12-20T08:25:43.286-0800][54093731ms] GC(915) User=0.23s Sys=0.00s Real=0.03s
[2023-12-20T08:25:44.048-0800][54094493ms] GC(916) Pause Young (Normal) (G1 Evacuation Pause)
[2023-12-20T08:25:44.048-0800][54094493ms] GC(916) Using 10 workers of 10 for evacuation
[2023-12-20T08:25:44.080-0800][54094525ms] GC(916)   Pre Evacuate Collection Set: 0.1ms
[2023-12-20T08:25:44.080-0800][54094525ms] GC(916)   Evacuate Collection Set: 29.5ms
[2023-12-20T08:25:44.080-0800][54094525ms] GC(916)   Post Evacuate Collection Set: 2.3ms
[2023-12-20T08:25:44.080-0800][54094525ms] GC(916)   Other: 0.5ms
[2023-12-20T08:25:44.080-0800][54094525ms] GC(916) Eden regions: 753->0(752)
[2023-12-20T08:25:44.080-0800][54094525ms] GC(916) Survivor regions: 30->31(98)
[2023-12-20T08:25:44.080-0800][54094525ms] GC(916) Old regions: 163->163
[2023-12-20T08:25:44.080-0800][54094525ms] GC(916) Humongous regions: 5->5
[2023-12-20T08:25:44.080-0800][54094525ms] GC(916) Metaspace: 256290K->256290K(1294336K)
[2023-12-20T08:25:44.080-0800][54094525ms] GC(916) Pause Young (Normal) (G1 Evacuation Pause) 1900M->395M(2612M) 32.477ms
[2023-12-20T08:25:44.080-0800][54094525ms] GC(916) User=0.06s Sys=0.00s Real=0.03s
[2023-12-20T08:25:44.881-0800][54095326ms] GC(917) Pause Young (Normal) (G1 Evacuation Pause)
[2023-12-20T08:25:44.881-0800][54095326ms] GC(917) Using 10 workers of 10 for evacuation
[2023-12-20T08:25:44.912-0800][54095357ms] GC(917)   Pre Evacuate Collection Set: 0.0ms
[2023-12-20T08:25:44.912-0800][54095357ms] GC(917)   Evacuate Collection Set: 27.9ms
[2023-12-20T08:25:44.912-0800][54095357ms] GC(917)   Post Evacuate Collection Set: 2.9ms
[2023-12-20T08:25:44.912-0800][54095357ms] GC(917)   Other: 0.6ms
[2023-12-20T08:25:44.912-0800][54095357ms] GC(917) Eden regions: 752->0(753)
[2023-12-20T08:25:44.912-0800][54095357ms] GC(917) Survivor regions: 31->30(98)
[2023-12-20T08:25:44.912-0800][54095357ms] GC(917) Old regions: 163->163
[2023-12-20T08:25:44.912-0800][54095357ms] GC(917) Humongous regions: 5->5
[2023-12-20T08:25:44.912-0800][54095357ms] GC(917) Metaspace: 256290K->256290K(1294336K)
[2023-12-20T08:25:44.912-0800][54095357ms] GC(917) Pause Young (Normal) (G1 Evacuation Pause) 1899M->394M(2612M) 31.524ms
[2023-12-20T08:25:44.912-0800][54095357ms] GC(917) User=0.23s Sys=0.00s Real=0.03s
[2023-12-20T08:25:45.803-0800][54096248ms] GC(918) Pause Young (Normal) (G1 Evacuation Pause)
[2023-12-20T08:25:45.803-0800][54096248ms] GC(918) Using 10 workers of 10 for evacuation
[2023-12-20T08:25:45.833-0800][54096278ms] GC(918)   Pre Evacuate Collection Set: 0.0ms
[2023-12-20T08:25:45.833-0800][54096278ms] GC(918)   Evacuate Collection Set: 27.3ms
[2023-12-20T08:25:45.833-0800][54096278ms] GC(918)   Post Evacuate Collection Set: 3.3ms
[2023-12-20T08:25:45.833-0800][54096278ms] GC(918)   Other: 0.4ms
[2023-12-20T08:25:45.833-0800][54096278ms] GC(918) Eden regions: 753->0(752)
[2023-12-20T08:25:45.833-0800][54096278ms] GC(918) Survivor regions: 30->31(98)
[2023-12-20T08:25:45.833-0800][54096278ms] GC(918) Old regions: 163->163
[2023-12-20T08:25:45.833-0800][54096278ms] GC(918) Humongous regions: 5->5
[2023-12-20T08:25:45.833-0800][54096278ms] GC(918) Metaspace: 256290K->256290K(1294336K)
[2023-12-20T08:25:45.833-0800][54096278ms] GC(918) Pause Young (Normal) (G1 Evacuation Pause) 1900M->395M(2612M) 31.243ms
[2023-12-20T08:25:45.833-0800][54096278ms] GC(918) User=0.14s Sys=0.00s Real=0.03s
[2023-12-20T08:25:46.782-0800][54097227ms] GC(919) Pause Young (Normal) (G1 Evacuation Pause)
[2023-12-20T08:25:46.782-0800][54097227ms] GC(919) Using 10 workers of 10 for evacuation
[2023-12-20T08:25:46.814-0800][54097259ms] GC(919)   Pre Evacuate Collection Set: 0.1ms
[2023-12-20T08:25:46.814-0800][54097259ms] GC(919)   Evacuate Collection Set: 29.6ms
[2023-12-20T08:25:46.814-0800][54097259ms] GC(919)   Post Evacuate Collection Set: 3.0ms
[2023-12-20T08:25:46.814-0800][54097259ms] GC(919)   Other: 0.4ms
[2023-12-20T08:25:46.814-0800][54097259ms] GC(919) Eden regions: 752->0(753)
[2023-12-20T08:25:46.814-0800][54097259ms] GC(919) Survivor regions: 31->30(98)
[2023-12-20T08:25:46.814-0800][54097259ms] GC(919) Old regions: 163->163
[2023-12-20T08:25:46.814-0800][54097259ms] GC(919) Humongous regions: 5->5
[2023-12-20T08:25:46.814-0800][54097259ms] GC(919) Metaspace: 256308K->256308K(1294336K)
[2023-12-20T08:25:46.814-0800][54097259ms] GC(919) Pause Young (Normal) (G1 Evacuation Pause) 1899M->394M(2612M) 33.236ms
[2023-12-20T08:25:46.814-0800][54097259ms] GC(919) User=0.09s Sys=0.00s Real=0.03s
[2023-12-20T08:25:47.672-0800][54098117ms] GC(920) Pause Young (Normal) (G1 Evacuation Pause)
[2023-12-20T08:25:47.672-0800][54098117ms] GC(920) Using 10 workers of 10 for evacuation
[2023-12-20T08:25:47.702-0800][54098147ms] GC(920)   Pre Evacuate Collection Set: 0.0ms
[2023-12-20T08:25:47.702-0800][54098147ms] GC(920)   Evacuate Collection Set: 26.8ms
[2023-12-20T08:25:47.702-0800][54098147ms] GC(920)   Post Evacuate Collection Set: 3.2ms
[2023-12-20T08:25:47.702-0800][54098147ms] GC(920)   Other: 0.5ms
[2023-12-20T08:25:47.702-0800][54098147ms] GC(920) Eden regions: 753->0(752)
[2023-12-20T08:25:47.702-0800][54098147ms] GC(920) Survivor regions: 30->31(98)
[2023-12-20T08:25:47.702-0800][54098147ms] GC(920) Old regions: 163->163
[2023-12-20T08:25:47.702-0800][54098147ms] GC(920) Humongous regions: 5->5
[2023-12-20T08:25:47.702-0800][54098147ms] GC(920) Metaspace: 256308K->256308K(1294336K)
[2023-12-20T08:25:47.702-0800][54098147ms] GC(920) Pause Young (Normal) (G1 Evacuation Pause) 1900M->395M(2612M) 30.608ms
[2023-12-20T08:25:47.702-0800][54098147ms] GC(920) User=0.14s Sys=0.00s Real=0.03s
[2023-12-20T08:25:48.526-0800][54098971ms] GC(921) Pause Young (Normal) (G1 Evacuation Pause)
[2023-12-20T08:25:48.526-0800][54098971ms] GC(921) Using 10 workers of 10 for evacuation
[2023-12-20T08:25:48.557-0800][54099002ms] GC(921)   Pre Evacuate Collection Set: 0.1ms
[2023-12-20T08:25:48.557-0800][54099002ms] GC(921)   Evacuate Collection Set: 27.9ms
[2023-12-20T08:25:48.557-0800][54099002ms] GC(921)   Post Evacuate Collection Set: 2.9ms
[2023-12-20T08:25:48.557-0800][54099002ms] GC(921)   Other: 0.4ms
[2023-12-20T08:25:48.557-0800][54099002ms] GC(921) Eden regions: 752->0(753)
[2023-12-20T08:25:48.557-0800][54099002ms] GC(921) Survivor regions: 31->30(98)
[2023-12-20T08:25:48.557-0800][54099002ms] GC(921) Old regions: 163->163
[2023-12-20T08:25:48.557-0800][54099002ms] GC(921) Humongous regions: 5->5
[2023-12-20T08:25:48.557-0800][54099002ms] GC(921) Metaspace: 256308K->256308K(1294336K)
[2023-12-20T08:25:48.557-0800][54099002ms] GC(921) Pause Young (Normal) (G1 Evacuation Pause) 1899M->393M(2612M) 31.418ms
[2023-12-20T08:25:48.557-0800][54099002ms] GC(921) User=0.08s Sys=0.00s Real=0.03s
[2023-12-20T08:25:49.287-0800][54099732ms] GC(922) Pause Young (Normal) (G1 Evacuation Pause)
[2023-12-20T08:25:49.287-0800][54099732ms] GC(922) Using 10 workers of 10 for evacuation
[2023-12-20T08:25:49.317-0800][54099762ms] GC(922)   Pre Evacuate Collection Set: 0.1ms
[2023-12-20T08:25:49.317-0800][54099762ms] GC(922)   Evacuate Collection Set: 26.8ms
[2023-12-20T08:25:49.317-0800][54099762ms] GC(922)   Post Evacuate Collection Set: 2.8ms
[2023-12-20T08:25:49.317-0800][54099762ms] GC(922)   Other: 0.5ms
[2023-12-20T08:25:49.317-0800][54099762ms] GC(922) Eden regions: 753->0(753)
[2023-12-20T08:25:49.317-0800][54099762ms] GC(922) Survivor regions: 30->30(98)
[2023-12-20T08:25:49.317-0800][54099762ms] GC(922) Old regions: 163->163
[2023-12-20T08:25:49.317-0800][54099762ms] GC(922) Humongous regions: 5->5
[2023-12-20T08:25:49.317-0800][54099762ms] GC(922) Metaspace: 256308K->256308K(1294336K)
[2023-12-20T08:25:49.317-0800][54099762ms] GC(922) Pause Young (Normal) (G1 Evacuation Pause) 1899M->394M(2612M) 30.362ms
[2023-12-20T08:25:49.317-0800][54099762ms] GC(922) User=0.23s Sys=0.00s Real=0.03s
[2023-12-20T08:25:50.053-0800][54100498ms] GC(923) Pause Young (Normal) (G1 Evacuation Pause)
[2023-12-20T08:25:50.053-0800][54100498ms] GC(923) Using 10 workers of 10 for evacuation
[2023-12-20T08:25:50.083-0800][54100528ms] GC(923)   Pre Evacuate Collection Set: 0.1ms
[2023-12-20T08:25:50.083-0800][54100528ms] GC(923)   Evacuate Collection Set: 27.4ms
[2023-12-20T08:25:50.083-0800][54100528ms] GC(923)   Post Evacuate Collection Set: 2.8ms
[2023-12-20T08:25:50.083-0800][54100528ms] GC(923)   Other: 0.4ms
[2023-12-20T08:25:50.083-0800][54100528ms] GC(923) Eden regions: 753->0(753)
[2023-12-20T08:25:50.083-0800][54100528ms] GC(923) Survivor regions: 30->30(98)
[2023-12-20T08:25:50.083-0800][54100528ms] GC(923) Old regions: 163->163
[2023-12-20T08:25:50.083-0800][54100528ms] GC(923) Humongous regions: 5->5
[2023-12-20T08:25:50.083-0800][54100528ms] GC(923) Metaspace: 256308K->256308K(1294336K)
[2023-12-20T08:25:50.083-0800][54100528ms] GC(923) Pause Young (Normal) (G1 Evacuation Pause) 1900M->394M(2612M) 30.836ms
[2023-12-20T08:25:50.083-0800][54100528ms] GC(923) User=0.20s Sys=0.00s Real=0.03s
[2023-12-20T08:25:50.719-0800][54101164ms] GC(924) Pause Young (Normal) (G1 Evacuation Pause)
[2023-12-20T08:25:50.719-0800][54101164ms] GC(924) Using 10 workers of 10 for evacuation
[2023-12-20T08:25:50.749-0800][54101194ms] GC(924)   Pre Evacuate Collection Set: 0.0ms
[2023-12-20T08:25:50.749-0800][54101194ms] GC(924)   Evacuate Collection Set: 26.2ms
[2023-12-20T08:25:50.749-0800][54101194ms] GC(924)   Post Evacuate Collection Set: 2.6ms
[2023-12-20T08:25:50.749-0800][54101194ms] GC(924)   Other: 0.5ms
[2023-12-20T08:25:50.749-0800][54101194ms] GC(924) Eden regions: 753->0(753)
[2023-12-20T08:25:50.749-0800][54101194ms] GC(924) Survivor regions: 30->30(98)
[2023-12-20T08:25:50.749-0800][54101194ms] GC(924) Old regions: 163->163
[2023-12-20T08:25:50.749-0800][54101194ms] GC(924) Humongous regions: 5->5
[2023-12-20T08:25:50.750-0800][54101195ms] GC(924) Metaspace: 256308K->256308K(1294336K)
[2023-12-20T08:25:50.750-0800][54101195ms] GC(924) Pause Young (Normal) (G1 Evacuation Pause) 1900M->394M(2612M) 29.421ms
[2023-12-20T08:25:50.750-0800][54101195ms] GC(924) User=0.08s Sys=0.00s Real=0.03s
[2023-12-20T08:25:51.378-0800][54101823ms] GC(925) Pause Young (Normal) (G1 Evacuation Pause)
[2023-12-20T08:25:51.378-0800][54101823ms] GC(925) Using 10 workers of 10 for evacuation
[2023-12-20T08:25:51.406-0800][54101851ms] GC(925)   Pre Evacuate Collection Set: 0.1ms
[2023-12-20T08:25:51.406-0800][54101851ms] GC(925)   Evacuate Collection Set: 25.4ms
[2023-12-20T08:25:51.406-0800][54101851ms] GC(925)   Post Evacuate Collection Set: 2.3ms
[2023-12-20T08:25:51.406-0800][54101851ms] GC(925)   Other: 0.4ms
[2023-12-20T08:25:51.406-0800][54101851ms] GC(925) Eden regions: 753->0(753)
[2023-12-20T08:25:51.406-0800][54101851ms] GC(925) Survivor regions: 30->30(98)
[2023-12-20T08:25:51.406-0800][54101851ms] GC(925) Old regions: 163->163
[2023-12-20T08:25:51.406-0800][54101851ms] GC(925) Humongous regions: 5->5
[2023-12-20T08:25:51.406-0800][54101851ms] GC(925) Metaspace: 256308K->256308K(1294336K)
[2023-12-20T08:25:51.406-0800][54101851ms] GC(925) Pause Young (Normal) (G1 Evacuation Pause) 1900M->393M(2612M) 28.209ms
[2023-12-20T08:25:51.406-0800][54101851ms] GC(925) User=0.08s Sys=0.00s Real=0.03s
[2023-12-20T08:25:52.128-0800][54102573ms] GC(926) Pause Young (Normal) (G1 Evacuation Pause)
[2023-12-20T08:25:52.128-0800][54102573ms] GC(926) Using 10 workers of 10 for evacuation
[2023-12-20T08:25:52.156-0800][54102601ms] GC(926)   Pre Evacuate Collection Set: 0.0ms
[2023-12-20T08:25:52.156-0800][54102601ms] GC(926)   Evacuate Collection Set: 25.7ms
[2023-12-20T08:25:52.156-0800][54102601ms] GC(926)   Post Evacuate Collection Set: 2.3ms
[2023-12-20T08:25:52.156-0800][54102601ms] GC(926)   Other: 0.4ms
[2023-12-20T08:25:52.156-0800][54102601ms] GC(926) Eden regions: 753->0(753)
[2023-12-20T08:25:52.156-0800][54102601ms] GC(926) Survivor regions: 30->30(98)
[2023-12-20T08:25:52.156-0800][54102601ms] GC(926) Old regions: 163->163
[2023-12-20T08:25:52.156-0800][54102601ms] GC(926) Humongous regions: 5->5
[2023-12-20T08:25:52.156-0800][54102601ms] GC(926) Metaspace: 256308K->256308K(1294336K)
[2023-12-20T08:25:52.156-0800][54102601ms] GC(926) Pause Young (Normal) (G1 Evacuation Pause) 1899M->394M(2612M) 28.508ms
[2023-12-20T08:25:52.156-0800][54102601ms] GC(926) User=0.11s Sys=0.00s Real=0.03s
[2023-12-20T08:25:52.924-0800][54103369ms] GC(927) Pause Young (Normal) (G1 Evacuation Pause)
[2023-12-20T08:25:52.924-0800][54103369ms] GC(927) Using 10 workers of 10 for evacuation
[2023-12-20T08:25:52.953-0800][54103398ms] GC(927)   Pre Evacuate Collection Set: 0.0ms
[2023-12-20T08:25:52.953-0800][54103398ms] GC(927)   Evacuate Collection Set: 25.5ms
[2023-12-20T08:25:52.953-0800][54103398ms] GC(927)   Post Evacuate Collection Set: 2.5ms
[2023-12-20T08:25:52.953-0800][54103398ms] GC(927)   Other: 0.4ms
[2023-12-20T08:25:52.953-0800][54103398ms] GC(927) Eden regions: 753->0(753)
[2023-12-20T08:25:52.953-0800][54103398ms] GC(927) Survivor regions: 30->30(98)
[2023-12-20T08:25:52.953-0800][54103398ms] GC(927) Old regions: 163->163
[2023-12-20T08:25:52.953-0800][54103398ms] GC(927) Humongous regions: 5->5
[2023-12-20T08:25:52.953-0800][54103398ms] GC(927) Metaspace: 256308K->256308K(1294336K)
[2023-12-20T08:25:52.953-0800][54103398ms] GC(927) Pause Young (Normal) (G1 Evacuation Pause) 1900M->393M(2612M) 28.668ms
[2023-12-20T08:25:52.953-0800][54103398ms] GC(927) User=0.06s Sys=0.00s Real=0.03s
[2023-12-20T08:25:53.635-0800][54104080ms] GC(928) Pause Young (Normal) (G1 Evacuation Pause)
[2023-12-20T08:25:53.635-0800][54104080ms] GC(928) Using 10 workers of 10 for evacuation
[2023-12-20T08:25:53.663-0800][54104108ms] GC(928)   Pre Evacuate Collection Set: 0.0ms
[2023-12-20T08:25:53.663-0800][54104108ms] GC(928)   Evacuate Collection Set: 25.4ms
[2023-12-20T08:25:53.663-0800][54104108ms] GC(928)   Post Evacuate Collection Set: 2.5ms
[2023-12-20T08:25:53.663-0800][54104108ms] GC(928)   Other: 0.4ms
[2023-12-20T08:25:53.663-0800][54104108ms] GC(928) Eden regions: 753->0(753)
[2023-12-20T08:25:53.663-0800][54104108ms] GC(928) Survivor regions: 30->30(98)
[2023-12-20T08:25:53.663-0800][54104108ms] GC(928) Old regions: 163->163
[2023-12-20T08:25:53.663-0800][54104108ms] GC(928) Humongous regions: 5->5
[2023-12-20T08:25:53.663-0800][54104108ms] GC(928) Metaspace: 256308K->256308K(1294336K)
[2023-12-20T08:25:53.663-0800][54104108ms] GC(928) Pause Young (Normal) (G1 Evacuation Pause) 1899M->394M(2612M) 28.449ms
[2023-12-20T08:25:53.663-0800][54104108ms] GC(928) User=0.03s Sys=0.00s Real=0.03s
[2023-12-20T08:25:54.268-0800][54104713ms] GC(929) Pause Young (Normal) (G1 Evacuation Pause)
[2023-12-20T08:25:54.268-0800][54104713ms] GC(929) Using 10 workers of 10 for evacuation
[2023-12-20T08:25:54.297-0800][54104742ms] GC(929)   Pre Evacuate Collection Set: 0.1ms
[2023-12-20T08:25:54.297-0800][54104742ms] GC(929)   Evacuate Collection Set: 26.3ms
[2023-12-20T08:25:54.297-0800][54104742ms] GC(929)   Post Evacuate Collection Set: 2.3ms
[2023-12-20T08:25:54.297-0800][54104742ms] GC(929)   Other: 0.4ms
[2023-12-20T08:25:54.297-0800][54104742ms] GC(929) Eden regions: 753->0(753)
[2023-12-20T08:25:54.297-0800][54104742ms] GC(929) Survivor regions: 30->30(98)
[2023-12-20T08:25:54.297-0800][54104742ms] GC(929) Old regions: 163->163
[2023-12-20T08:25:54.297-0800][54104742ms] GC(929) Humongous regions: 5->5
[2023-12-20T08:25:54.297-0800][54104742ms] GC(929) Metaspace: 256308K->256308K(1294336K)
[2023-12-20T08:25:54.297-0800][54104742ms] GC(929) Pause Young (Normal) (G1 Evacuation Pause) 1900M->394M(2612M) 29.244ms
[2023-12-20T08:25:54.297-0800][54104742ms] GC(929) User=0.06s Sys=0.00s Real=0.03s
[2023-12-20T08:25:55.155-0800][54105600ms] GC(930) Pause Young (Normal) (G1 Evacuation Pause)
[2023-12-20T08:25:55.155-0800][54105600ms] GC(930) Using 10 workers of 10 for evacuation
[2023-12-20T08:25:55.185-0800][54105630ms] GC(930)   Pre Evacuate Collection Set: 0.0ms
[2023-12-20T08:25:55.185-0800][54105630ms] GC(930)   Evacuate Collection Set: 27.1ms
[2023-12-20T08:25:55.185-0800][54105630ms] GC(930)   Post Evacuate Collection Set: 2.5ms
[2023-12-20T08:25:55.185-0800][54105630ms] GC(930)   Other: 0.4ms
[2023-12-20T08:25:55.185-0800][54105630ms] GC(930) Eden regions: 753->0(753)
[2023-12-20T08:25:55.185-0800][54105630ms] GC(930) Survivor regions: 30->30(98)
[2023-12-20T08:25:55.185-0800][54105630ms] GC(930) Old regions: 163->163
[2023-12-20T08:25:55.185-0800][54105630ms] GC(930) Humongous regions: 5->5
[2023-12-20T08:25:55.185-0800][54105630ms] GC(930) Metaspace: 256308K->256308K(1294336K)
[2023-12-20T08:25:55.185-0800][54105630ms] GC(930) Pause Young (Normal) (G1 Evacuation Pause) 1900M->394M(2612M) 30.140ms
[2023-12-20T08:25:55.185-0800][54105630ms] GC(930) User=0.03s Sys=0.00s Real=0.03s
[2023-12-20T08:25:56.189-0800][54106634ms] GC(931) Pause Young (Normal) (G1 Evacuation Pause)
[2023-12-20T08:25:56.189-0800][54106634ms] GC(931) Using 10 workers of 10 for evacuation
[2023-12-20T08:25:56.218-0800][54106663ms] GC(931)   Pre Evacuate Collection Set: 0.0ms
[2023-12-20T08:25:56.218-0800][54106663ms] GC(931)   Evacuate Collection Set: 26.4ms
[2023-12-20T08:25:56.218-0800][54106663ms] GC(931)   Post Evacuate Collection Set: 2.4ms
[2023-12-20T08:25:56.218-0800][54106663ms] GC(931)   Other: 0.4ms
[2023-12-20T08:25:56.218-0800][54106663ms] GC(931) Eden regions: 753->0(753)
[2023-12-20T08:25:56.218-0800][54106663ms] GC(931) Survivor regions: 30->30(98)
[2023-12-20T08:25:56.218-0800][54106663ms] GC(931) Old regions: 163->163
[2023-12-20T08:25:56.218-0800][54106663ms] GC(931) Humongous regions: 5->5
[2023-12-20T08:25:56.218-0800][54106663ms] GC(931) Metaspace: 256308K->256308K(1294336K)
[2023-12-20T08:25:56.218-0800][54106663ms] GC(931) Pause Young (Normal) (G1 Evacuation Pause) 1900M->394M(2612M) 29.314ms
[2023-12-20T08:25:56.218-0800][54106663ms] GC(931) User=0.11s Sys=0.00s Real=0.03s
[2023-12-20T08:25:57.010-0800][54107455ms] GC(932) Pause Young (Normal) (G1 Evacuation Pause)
[2023-12-20T08:25:57.010-0800][54107455ms] GC(932) Using 10 workers of 10 for evacuation
[2023-12-20T08:25:57.041-0800][54107486ms] GC(932)   Pre Evacuate Collection Set: 0.0ms
[2023-12-20T08:25:57.041-0800][54107486ms] GC(932)   Evacuate Collection Set: 27.1ms
[2023-12-20T08:25:57.041-0800][54107486ms] GC(932)   Post Evacuate Collection Set: 3.0ms
[2023-12-20T08:25:57.041-0800][54107486ms] GC(932)   Other: 0.4ms
[2023-12-20T08:25:57.041-0800][54107486ms] GC(932) Eden regions: 753->0(753)
[2023-12-20T08:25:57.041-0800][54107486ms] GC(932) Survivor regions: 30->30(98)
[2023-12-20T08:25:57.041-0800][54107486ms] GC(932) Old regions: 163->163
[2023-12-20T08:25:57.041-0800][54107486ms] GC(932) Humongous regions: 5->5
[2023-12-20T08:25:57.041-0800][54107486ms] GC(932) Metaspace: 256308K->256308K(1294336K)
[2023-12-20T08:25:57.041-0800][54107486ms] GC(932) Pause Young (Normal) (G1 Evacuation Pause) 1900M->394M(2612M) 30.659ms
[2023-12-20T08:25:57.041-0800][54107486ms] GC(932) User=0.09s Sys=0.00s Real=0.03s
[2023-12-20T08:25:57.819-0800][54108264ms] GC(933) Pause Young (Normal) (G1 Evacuation Pause)
[2023-12-20T08:25:57.819-0800][54108264ms] GC(933) Using 10 workers of 10 for evacuation
[2023-12-20T08:25:57.849-0800][54108294ms] GC(933)   Pre Evacuate Collection Set: 0.0ms
[2023-12-20T08:25:57.849-0800][54108294ms] GC(933)   Evacuate Collection Set: 26.6ms
[2023-12-20T08:25:57.849-0800][54108294ms] GC(933)   Post Evacuate Collection Set: 2.9ms
[2023-12-20T08:25:57.849-0800][54108294ms] GC(933)   Other: 0.4ms
[2023-12-20T08:25:57.849-0800][54108294ms] GC(933) Eden regions: 753->0(753)
[2023-12-20T08:25:57.849-0800][54108294ms] GC(933) Survivor regions: 30->30(98)
[2023-12-20T08:25:57.849-0800][54108294ms] GC(933) Old regions: 163->163
[2023-12-20T08:25:57.849-0800][54108294ms] GC(933) Humongous regions: 5->5
[2023-12-20T08:25:57.849-0800][54108294ms] GC(933) Metaspace: 256308K->256308K(1294336K)
[2023-12-20T08:25:57.849-0800][54108294ms] GC(933) Pause Young (Normal) (G1 Evacuation Pause) 1900M->394M(2612M) 30.067ms
[2023-12-20T08:25:57.849-0800][54108294ms] GC(933) User=0.05s Sys=0.00s Real=0.03s
[2023-12-20T08:25:58.667-0800][54109112ms] GC(934) Pause Young (Normal) (G1 Evacuation Pause)
[2023-12-20T08:25:58.667-0800][54109112ms] GC(934) Using 10 workers of 10 for evacuation
[2023-12-20T08:25:58.696-0800][54109141ms] GC(934)   Pre Evacuate Collection Set: 0.0ms
[2023-12-20T08:25:58.696-0800][54109141ms] GC(934)   Evacuate Collection Set: 26.4ms
[2023-12-20T08:25:58.696-0800][54109141ms] GC(934)   Post Evacuate Collection Set: 2.4ms
[2023-12-20T08:25:58.696-0800][54109141ms] GC(934)   Other: 0.4ms
[2023-12-20T08:25:58.696-0800][54109141ms] GC(934) Eden regions: 753->0(753)
[2023-12-20T08:25:58.696-0800][54109141ms] GC(934) Survivor regions: 30->30(98)
[2023-12-20T08:25:58.696-0800][54109141ms] GC(934) Old regions: 163->163
[2023-12-20T08:25:58.696-0800][54109141ms] GC(934) Humongous regions: 5->5
[2023-12-20T08:25:58.696-0800][54109141ms] GC(934) Metaspace: 256308K->256308K(1294336K)
[2023-12-20T08:25:58.696-0800][54109141ms] GC(934) Pause Young (Normal) (G1 Evacuation Pause) 1900M->393M(2612M) 29.337ms
[2023-12-20T08:25:58.696-0800][54109141ms] GC(934) User=0.08s Sys=0.00s Real=0.03s
[2023-12-20T08:25:59.643-0800][54110088ms] GC(935) Pause Young (Normal) (G1 Evacuation Pause)
[2023-12-20T08:25:59.643-0800][54110088ms] GC(935) Using 10 workers of 10 for evacuation
[2023-12-20T08:25:59.673-0800][54110118ms] GC(935)   Pre Evacuate Collection Set: 0.1ms
[2023-12-20T08:25:59.673-0800][54110118ms] GC(935)   Evacuate Collection Set: 26.8ms
[2023-12-20T08:25:59.673-0800][54110118ms] GC(935)   Post Evacuate Collection Set: 2.7ms
[2023-12-20T08:25:59.673-0800][54110118ms] GC(935)   Other: 0.4ms
[2023-12-20T08:25:59.673-0800][54110118ms] GC(935) Eden regions: 753->0(753)
[2023-12-20T08:25:59.673-0800][54110118ms] GC(935) Survivor regions: 30->30(98)
[2023-12-20T08:25:59.673-0800][54110118ms] GC(935) Old regions: 163->163
[2023-12-20T08:25:59.673-0800][54110118ms] GC(935) Humongous regions: 5->5
[2023-12-20T08:25:59.673-0800][54110118ms] GC(935) Metaspace: 256308K->256308K(1294336K)
[2023-12-20T08:25:59.673-0800][54110118ms] GC(935) Pause Young (Normal) (G1 Evacuation Pause) 1899M->394M(2612M) 30.163ms
[2023-12-20T08:25:59.673-0800][54110118ms] GC(935) User=0.16s Sys=0.00s Real=0.03s
[2023-12-20T08:26:00.707-0800][54111152ms] GC(936) Pause Young (Normal) (G1 Evacuation Pause)
[2023-12-20T08:26:00.707-0800][54111152ms] GC(936) Using 10 workers of 10 for evacuation
[2023-12-20T08:26:00.736-0800][54111181ms] GC(936)   Pre Evacuate Collection Set: 0.0ms
[2023-12-20T08:26:00.736-0800][54111181ms] GC(936)   Evacuate Collection Set: 27.0ms
[2023-12-20T08:26:00.736-0800][54111181ms] GC(936)   Post Evacuate Collection Set: 2.2ms
[2023-12-20T08:26:00.736-0800][54111181ms] GC(936)   Other: 0.4ms
[2023-12-20T08:26:00.736-0800][54111181ms] GC(936) Eden regions: 753->0(753)
[2023-12-20T08:26:00.736-0800][54111181ms] GC(936) Survivor regions: 30->30(98)
[2023-12-20T08:26:00.736-0800][54111181ms] GC(936) Old regions: 163->163
[2023-12-20T08:26:00.736-0800][54111181ms] GC(936) Humongous regions: 5->5
[2023-12-20T08:26:00.736-0800][54111181ms] GC(936) Metaspace: 256308K->256308K(1294336K)
[2023-12-20T08:26:00.736-0800][54111181ms] GC(936) Pause Young (Normal) (G1 Evacuation Pause) 1900M->393M(2612M) 29.715ms
[2023-12-20T08:26:00.736-0800][54111181ms] GC(936) User=0.09s Sys=0.00s Real=0.03s
[2023-12-20T08:26:01.573-0800][54112018ms] GC(937) Pause Young (Normal) (G1 Evacuation Pause)
[2023-12-20T08:26:01.573-0800][54112018ms] GC(937) Using 10 workers of 10 for evacuation
[2023-12-20T08:26:01.603-0800][54112048ms] GC(937)   Pre Evacuate Collection Set: 0.1ms
[2023-12-20T08:26:01.603-0800][54112048ms] GC(937)   Evacuate Collection Set: 26.6ms
[2023-12-20T08:26:01.603-0800][54112048ms] GC(937)   Post Evacuate Collection Set: 2.5ms
[2023-12-20T08:26:01.603-0800][54112048ms] GC(937)   Other: 0.4ms
[2023-12-20T08:26:01.603-0800][54112048ms] GC(937) Eden regions: 753->0(753)
[2023-12-20T08:26:01.603-0800][54112048ms] GC(937) Survivor regions: 30->30(98)
[2023-12-20T08:26:01.603-0800][54112048ms] GC(937) Old regions: 163->163
[2023-12-20T08:26:01.603-0800][54112048ms] GC(937) Humongous regions: 5->5
[2023-12-20T08:26:01.603-0800][54112048ms] GC(937) Metaspace: 256308K->256308K(1294336K)
[2023-12-20T08:26:01.603-0800][54112048ms] GC(937) Pause Young (Normal) (G1 Evacuation Pause) 1899M->394M(2612M) 29.747ms
[2023-12-20T08:26:01.603-0800][54112048ms] GC(937) User=0.06s Sys=0.00s Real=0.03s
[2023-12-20T08:26:02.391-0800][54112836ms] GC(938) Pause Young (Normal) (G1 Evacuation Pause)
[2023-12-20T08:26:02.391-0800][54112836ms] GC(938) Using 10 workers of 10 for evacuation
[2023-12-20T08:26:02.419-0800][54112864ms] GC(938)   Pre Evacuate Collection Set: 0.0ms
[2023-12-20T08:26:02.419-0800][54112864ms] GC(938)   Evacuate Collection Set: 26.2ms
[2023-12-20T08:26:02.419-0800][54112864ms] GC(938)   Post Evacuate Collection Set: 2.4ms
[2023-12-20T08:26:02.419-0800][54112864ms] GC(938)   Other: 0.4ms
[2023-12-20T08:26:02.419-0800][54112864ms] GC(938) Eden regions: 753->0(753)
[2023-12-20T08:26:02.419-0800][54112864ms] GC(938) Survivor regions: 30->30(98)
[2023-12-20T08:26:02.419-0800][54112864ms] GC(938) Old regions: 163->163
[2023-12-20T08:26:02.419-0800][54112864ms] GC(938) Humongous regions: 5->5
[2023-12-20T08:26:02.419-0800][54112864ms] GC(938) Metaspace: 256308K->256308K(1294336K)
[2023-12-20T08:26:02.419-0800][54112864ms] GC(938) Pause Young (Normal) (G1 Evacuation Pause) 1900M->394M(2612M) 29.100ms
[2023-12-20T08:26:02.419-0800][54112864ms] GC(938) User=0.14s Sys=0.00s Real=0.03s
[2023-12-20T08:26:03.260-0800][54113705ms] GC(939) Pause Young (Normal) (G1 Evacuation Pause)
[2023-12-20T08:26:03.260-0800][54113705ms] GC(939) Using 10 workers of 10 for evacuation
[2023-12-20T08:26:03.290-0800][54113735ms] GC(939)   Pre Evacuate Collection Set: 0.0ms
[2023-12-20T08:26:03.290-0800][54113735ms] GC(939)   Evacuate Collection Set: 26.6ms
[2023-12-20T08:26:03.290-0800][54113735ms] GC(939)   Post Evacuate Collection Set: 2.6ms
[2023-12-20T08:26:03.290-0800][54113735ms] GC(939)   Other: 0.4ms
[2023-12-20T08:26:03.290-0800][54113735ms] GC(939) Eden regions: 753->0(754)
[2023-12-20T08:26:03.290-0800][54113735ms] GC(939) Survivor regions: 30->29(98)
[2023-12-20T08:26:03.290-0800][54113735ms] GC(939) Old regions: 163->163
[2023-12-20T08:26:03.290-0800][54113735ms] GC(939) Humongous regions: 5->5
[2023-12-20T08:26:03.290-0800][54113735ms] GC(939) Metaspace: 256308K->256308K(1294336K)
[2023-12-20T08:26:03.290-0800][54113735ms] GC(939) Pause Young (Normal) (G1 Evacuation Pause) 1900M->392M(2612M) 29.801ms
[2023-12-20T08:26:03.290-0800][54113735ms] GC(939) User=0.13s Sys=0.00s Real=0.03s
[2023-12-20T08:26:04.177-0800][54114622ms] GC(940) Pause Young (Normal) (G1 Evacuation Pause)
[2023-12-20T08:26:04.177-0800][54114622ms] GC(940) Using 10 workers of 10 for evacuation
[2023-12-20T08:26:04.205-0800][54114650ms] GC(940)   Pre Evacuate Collection Set: 0.0ms
[2023-12-20T08:26:04.205-0800][54114650ms] GC(940)   Evacuate Collection Set: 26.7ms
[2023-12-20T08:26:04.205-0800][54114650ms] GC(940)   Post Evacuate Collection Set: 2.7ms
[2023-12-20T08:26:04.205-0800][54114650ms] GC(940)   Other: 0.4ms
[2023-12-20T08:26:04.205-0800][54114650ms] GC(940) Eden regions: 754->0(753)
[2023-12-20T08:26:04.205-0800][54114650ms] GC(940) Survivor regions: 29->30(98)
[2023-12-20T08:26:04.205-0800][54114650ms] GC(940) Old regions: 163->163
[2023-12-20T08:26:04.205-0800][54114650ms] GC(940) Humongous regions: 5->5
[2023-12-20T08:26:04.207-0800][54114652ms] GC(940) Metaspace: 256308K->256308K(1294336K)
[2023-12-20T08:26:04.207-0800][54114652ms] GC(940) Pause Young (Normal) (G1 Evacuation Pause) 1900M->394M(2612M) 30.055ms
[2023-12-20T08:26:04.207-0800][54114652ms] GC(940) User=0.08s Sys=0.00s Real=0.03s
[2023-12-20T08:26:05.125-0800][54115570ms] GC(941) Pause Young (Normal) (G1 Evacuation Pause)
[2023-12-20T08:26:05.125-0800][54115570ms] GC(941) Using 10 workers of 10 for evacuation
[2023-12-20T08:26:05.155-0800][54115600ms] GC(941)   Pre Evacuate Collection Set: 0.0ms
[2023-12-20T08:26:05.155-0800][54115600ms] GC(941)   Evacuate Collection Set: 27.5ms
[2023-12-20T08:26:05.155-0800][54115600ms] GC(941)   Post Evacuate Collection Set: 2.5ms
[2023-12-20T08:26:05.155-0800][54115600ms] GC(941)   Other: 0.4ms
[2023-12-20T08:26:05.155-0800][54115600ms] GC(941) Eden regions: 753->0(753)
[2023-12-20T08:26:05.155-0800][54115600ms] GC(941) Survivor regions: 30->30(98)
[2023-12-20T08:26:05.155-0800][54115600ms] GC(941) Old regions: 163->163
[2023-12-20T08:26:05.155-0800][54115600ms] GC(941) Humongous regions: 5->5
[2023-12-20T08:26:05.155-0800][54115600ms] GC(941) Metaspace: 256308K->256308K(1294336K)
[2023-12-20T08:26:05.155-0800][54115600ms] GC(941) Pause Young (Normal) (G1 Evacuation Pause) 1900M->394M(2612M) 30.481ms
[2023-12-20T08:26:05.155-0800][54115600ms] GC(941) User=0.09s Sys=0.00s Real=0.03s
[2023-12-20T08:26:06.060-0800][54116505ms] GC(942) Pause Young (Normal) (G1 Evacuation Pause)
[2023-12-20T08:26:06.060-0800][54116505ms] GC(942) Using 10 workers of 10 for evacuation
[2023-12-20T08:26:06.090-0800][54116535ms] GC(942)   Pre Evacuate Collection Set: 0.0ms
[2023-12-20T08:26:06.090-0800][54116535ms] GC(942)   Evacuate Collection Set: 27.9ms
[2023-12-20T08:26:06.090-0800][54116535ms] GC(942)   Post Evacuate Collection Set: 2.9ms
[2023-12-20T08:26:06.090-0800][54116535ms] GC(942)   Other: 0.4ms
[2023-12-20T08:26:06.090-0800][54116535ms] GC(942) Eden regions: 753->0(753)
[2023-12-20T08:26:06.090-0800][54116535ms] GC(942) Survivor regions: 30->30(98)
[2023-12-20T08:26:06.090-0800][54116535ms] GC(942) Old regions: 163->163
[2023-12-20T08:26:06.090-0800][54116535ms] GC(942) Humongous regions: 5->5
[2023-12-20T08:26:06.090-0800][54116535ms] GC(942) Metaspace: 256308K->256308K(1294336K)
[2023-12-20T08:26:06.090-0800][54116535ms] GC(942) Pause Young (Normal) (G1 Evacuation Pause) 1900M->393M(2612M) 31.241ms
[2023-12-20T08:26:06.090-0800][54116535ms] GC(942) User=0.11s Sys=0.00s Real=0.03s
[2023-12-20T08:26:06.948-0800][54117393ms] GC(943) Pause Young (Normal) (G1 Evacuation Pause)
[2023-12-20T08:26:06.948-0800][54117393ms] GC(943) Using 10 workers of 10 for evacuation
[2023-12-20T08:26:06.981-0800][54117426ms] GC(943)   Pre Evacuate Collection Set: 0.0ms
[2023-12-20T08:26:06.982-0800][54117427ms] GC(943)   Evacuate Collection Set: 30.0ms
[2023-12-20T08:26:06.982-0800][54117427ms] GC(943)   Post Evacuate Collection Set: 2.6ms
[2023-12-20T08:26:06.982-0800][54117427ms] GC(943)   Other: 0.4ms
[2023-12-20T08:26:06.982-0800][54117427ms] GC(943) Eden regions: 753->0(754)
[2023-12-20T08:26:06.982-0800][54117427ms] GC(943) Survivor regions: 30->29(98)
[2023-12-20T08:26:06.982-0800][54117427ms] GC(943) Old regions: 163->163
[2023-12-20T08:26:06.982-0800][54117427ms] GC(943) Humongous regions: 5->5
[2023-12-20T08:26:06.982-0800][54117427ms] GC(943) Metaspace: 256308K->256308K(1294336K)
[2023-12-20T08:26:06.982-0800][54117427ms] GC(943) Pause Young (Normal) (G1 Evacuation Pause) 1899M->392M(2612M) 33.182ms
[2023-12-20T08:26:06.982-0800][54117427ms] GC(943) User=0.09s Sys=0.00s Real=0.03s
[2023-12-20T08:26:07.963-0800][54118408ms] GC(944) Pause Young (Normal) (GCLocker Initiated GC)
[2023-12-20T08:26:07.963-0800][54118408ms] GC(944) Using 10 workers of 10 for evacuation
[2023-12-20T08:26:07.993-0800][54118438ms] GC(944)   Pre Evacuate Collection Set: 0.1ms
[2023-12-20T08:26:07.993-0800][54118438ms] GC(944)   Evacuate Collection Set: 26.0ms
[2023-12-20T08:26:07.993-0800][54118438ms] GC(944)   Post Evacuate Collection Set: 2.5ms
[2023-12-20T08:26:07.993-0800][54118438ms] GC(944)   Other: 0.4ms
[2023-12-20T08:26:07.993-0800][54118438ms] GC(944) Eden regions: 755->0(753)
[2023-12-20T08:26:07.993-0800][54118438ms] GC(944) Survivor regions: 29->30(98)
[2023-12-20T08:26:07.993-0800][54118438ms] GC(944) Old regions: 163->163
[2023-12-20T08:26:07.993-0800][54118438ms] GC(944) Humongous regions: 5->5
[2023-12-20T08:26:07.993-0800][54118438ms] GC(944) Metaspace: 256308K->256308K(1294336K)
[2023-12-20T08:26:07.993-0800][54118438ms] GC(944) Pause Young (Normal) (GCLocker Initiated GC) 1901M->394M(2612M) 29.100ms
[2023-12-20T08:26:07.993-0800][54118438ms] GC(944) User=0.09s Sys=0.00s Real=0.03s
[2023-12-20T08:26:08.990-0800][54119435ms] GC(945) Pause Young (Normal) (GCLocker Initiated GC)
[2023-12-20T08:26:08.990-0800][54119435ms] GC(945) Using 10 workers of 10 for evacuation
[2023-12-20T08:26:09.020-0800][54119465ms] GC(945)   Pre Evacuate Collection Set: 0.0ms
[2023-12-20T08:26:09.020-0800][54119465ms] GC(945)   Evacuate Collection Set: 27.5ms
[2023-12-20T08:26:09.020-0800][54119465ms] GC(945)   Post Evacuate Collection Set: 2.9ms
[2023-12-20T08:26:09.020-0800][54119465ms] GC(945)   Other: 0.5ms
[2023-12-20T08:26:09.020-0800][54119465ms] GC(945) Eden regions: 754->0(754)
[2023-12-20T08:26:09.020-0800][54119465ms] GC(945) Survivor regions: 30->29(98)
[2023-12-20T08:26:09.020-0800][54119465ms] GC(945) Old regions: 163->163
[2023-12-20T08:26:09.020-0800][54119465ms] GC(945) Humongous regions: 5->5
[2023-12-20T08:26:09.020-0800][54119465ms] GC(945) Metaspace: 256308K->256308K(1294336K)
[2023-12-20T08:26:09.020-0800][54119465ms] GC(945) Pause Young (Normal) (GCLocker Initiated GC) 1900M->392M(2612M) 31.183ms
[2023-12-20T08:26:09.020-0800][54119465ms] GC(945) User=0.14s Sys=0.00s Real=0.03s
[2023-12-20T08:26:10.005-0800][54120450ms] GC(946) Pause Young (Normal) (G1 Evacuation Pause)
[2023-12-20T08:26:10.005-0800][54120450ms] GC(946) Using 10 workers of 10 for evacuation
[2023-12-20T08:26:10.034-0800][54120479ms] GC(946)   Pre Evacuate Collection Set: 0.0ms
[2023-12-20T08:26:10.034-0800][54120479ms] GC(946)   Evacuate Collection Set: 26.8ms
[2023-12-20T08:26:10.034-0800][54120479ms] GC(946)   Post Evacuate Collection Set: 2.2ms
[2023-12-20T08:26:10.034-0800][54120479ms] GC(946)   Other: 0.4ms
[2023-12-20T08:26:10.034-0800][54120479ms] GC(946) Eden regions: 754->0(753)
[2023-12-20T08:26:10.034-0800][54120479ms] GC(946) Survivor regions: 29->30(98)
[2023-12-20T08:26:10.034-0800][54120479ms] GC(946) Old regions: 163->163
[2023-12-20T08:26:10.034-0800][54120479ms] GC(946) Humongous regions: 5->5
[2023-12-20T08:26:10.034-0800][54120479ms] GC(946) Metaspace: 256308K->256308K(1294336K)
[2023-12-20T08:26:10.034-0800][54120479ms] GC(946) Pause Young (Normal) (G1 Evacuation Pause) 1900M->394M(2612M) 29.534ms
[2023-12-20T08:26:10.034-0800][54120479ms] GC(946) User=0.17s Sys=0.00s Real=0.03s
[2023-12-20T08:26:11.027-0800][54121472ms] GC(947) Pause Young (Normal) (G1 Evacuation Pause)
[2023-12-20T08:26:11.027-0800][54121472ms] GC(947) Using 10 workers of 10 for evacuation
[2023-12-20T08:26:11.060-0800][54121505ms] GC(947)   Pre Evacuate Collection Set: 0.1ms
[2023-12-20T08:26:11.060-0800][54121505ms] GC(947)   Evacuate Collection Set: 29.3ms
[2023-12-20T08:26:11.060-0800][54121505ms] GC(947)   Post Evacuate Collection Set: 3.2ms
[2023-12-20T08:26:11.060-0800][54121505ms] GC(947)   Other: 0.6ms
[2023-12-20T08:26:11.060-0800][54121505ms] GC(947) Eden regions: 753->0(753)
[2023-12-20T08:26:11.060-0800][54121505ms] GC(947) Survivor regions: 30->30(98)
[2023-12-20T08:26:11.060-0800][54121505ms] GC(947) Old regions: 163->163
[2023-12-20T08:26:11.060-0800][54121505ms] GC(947) Humongous regions: 5->5
[2023-12-20T08:26:11.060-0800][54121505ms] GC(947) Metaspace: 256308K->256308K(1294336K)
[2023-12-20T08:26:11.060-0800][54121505ms] GC(947) Pause Young (Normal) (G1 Evacuation Pause) 1900M->393M(2612M) 33.359ms
[2023-12-20T08:26:11.060-0800][54121505ms] GC(947) User=0.08s Sys=0.00s Real=0.03s
[2023-12-20T08:26:12.038-0800][54122483ms] GC(948) Pause Young (Normal) (G1 Evacuation Pause)
[2023-12-20T08:26:12.038-0800][54122483ms] GC(948) Using 10 workers of 10 for evacuation
[2023-12-20T08:26:12.068-0800][54122513ms] GC(948)   Pre Evacuate Collection Set: 0.0ms
[2023-12-20T08:26:12.068-0800][54122513ms] GC(948)   Evacuate Collection Set: 26.6ms
[2023-12-20T08:26:12.068-0800][54122513ms] GC(948)   Post Evacuate Collection Set: 2.6ms
[2023-12-20T08:26:12.068-0800][54122513ms] GC(948)   Other: 0.4ms
[2023-12-20T08:26:12.068-0800][54122513ms] GC(948) Eden regions: 753->0(753)
[2023-12-20T08:26:12.068-0800][54122513ms] GC(948) Survivor regions: 30->30(98)
[2023-12-20T08:26:12.068-0800][54122513ms] GC(948) Old regions: 163->163
[2023-12-20T08:26:12.068-0800][54122513ms] GC(948) Humongous regions: 5->5
[2023-12-20T08:26:12.068-0800][54122513ms] GC(948) Metaspace: 256308K->256308K(1294336K)
[2023-12-20T08:26:12.068-0800][54122513ms] GC(948) Pause Young (Normal) (G1 Evacuation Pause) 1899M->393M(2612M) 29.753ms
[2023-12-20T08:26:12.068-0800][54122513ms] GC(948) User=0.08s Sys=0.00s Real=0.03s
[2023-12-20T08:26:12.935-0800][54123380ms] GC(949) Pause Young (Normal) (G1 Evacuation Pause)
[2023-12-20T08:26:12.935-0800][54123380ms] GC(949) Using 10 workers of 10 for evacuation
[2023-12-20T08:26:12.965-0800][54123410ms] GC(949)   Pre Evacuate Collection Set: 0.0ms
[2023-12-20T08:26:12.965-0800][54123410ms] GC(949)   Evacuate Collection Set: 26.7ms
[2023-12-20T08:26:12.965-0800][54123410ms] GC(949)   Post Evacuate Collection Set: 2.8ms
[2023-12-20T08:26:12.965-0800][54123410ms] GC(949)   Other: 0.4ms
[2023-12-20T08:26:12.965-0800][54123410ms] GC(949) Eden regions: 753->0(754)
[2023-12-20T08:26:12.965-0800][54123410ms] GC(949) Survivor regions: 30->29(98)
[2023-12-20T08:26:12.965-0800][54123410ms] GC(949) Old regions: 163->163
[2023-12-20T08:26:12.965-0800][54123410ms] GC(949) Humongous regions: 5->5
[2023-12-20T08:26:12.965-0800][54123410ms] GC(949) Metaspace: 256308K->256308K(1294336K)
[2023-12-20T08:26:12.965-0800][54123410ms] GC(949) Pause Young (Normal) (G1 Evacuation Pause) 1899M->392M(2612M) 30.049ms
[2023-12-20T08:26:12.965-0800][54123410ms] GC(949) User=0.14s Sys=0.00s Real=0.03s
[2023-12-20T08:26:13.838-0800][54124283ms] GC(950) Pause Young (Normal) (G1 Evacuation Pause)
[2023-12-20T08:26:13.838-0800][54124283ms] GC(950) Using 10 workers of 10 for evacuation
[2023-12-20T08:26:13.871-0800][54124316ms] GC(950)   Pre Evacuate Collection Set: 0.0ms
[2023-12-20T08:26:13.871-0800][54124316ms] GC(950)   Evacuate Collection Set: 29.3ms
[2023-12-20T08:26:13.871-0800][54124316ms] GC(950)   Post Evacuate Collection Set: 2.3ms
[2023-12-20T08:26:13.871-0800][54124316ms] GC(950)   Other: 0.4ms
[2023-12-20T08:26:13.871-0800][54124316ms] GC(950) Eden regions: 754->0(754)
[2023-12-20T08:26:13.871-0800][54124316ms] GC(950) Survivor regions: 29->29(98)
[2023-12-20T08:26:13.871-0800][54124316ms] GC(950) Old regions: 163->163
[2023-12-20T08:26:13.871-0800][54124316ms] GC(950) Humongous regions: 5->5
[2023-12-20T08:26:13.871-0800][54124316ms] GC(950) Metaspace: 256308K->256308K(1294336K)
[2023-12-20T08:26:13.871-0800][54124316ms] GC(950) Pause Young (Normal) (G1 Evacuation Pause) 1900M->393M(2612M) 32.105ms
[2023-12-20T08:26:13.871-0800][54124316ms] GC(950) User=0.13s Sys=0.00s Real=0.03s
[2023-12-20T08:26:14.800-0800][54125245ms] GC(951) Pause Young (Normal) (G1 Evacuation Pause)
[2023-12-20T08:26:14.800-0800][54125245ms] GC(951) Using 10 workers of 10 for evacuation
[2023-12-20T08:26:14.829-0800][54125274ms] GC(951)   Pre Evacuate Collection Set: 0.1ms
[2023-12-20T08:26:14.829-0800][54125274ms] GC(951)   Evacuate Collection Set: 26.6ms
[2023-12-20T08:26:14.829-0800][54125274ms] GC(951)   Post Evacuate Collection Set: 2.6ms
[2023-12-20T08:26:14.831-0800][54125276ms] GC(951)   Other: 0.4ms
[2023-12-20T08:26:14.831-0800][54125276ms] GC(951) Eden regions: 754->0(753)
[2023-12-20T08:26:14.831-0800][54125276ms] GC(951) Survivor regions: 29->30(98)
[2023-12-20T08:26:14.831-0800][54125276ms] GC(951) Old regions: 163->163
[2023-12-20T08:26:14.831-0800][54125276ms] GC(951) Humongous regions: 5->5
[2023-12-20T08:26:14.831-0800][54125276ms] GC(951) Metaspace: 256308K->256308K(1294336K)
[2023-12-20T08:26:14.831-0800][54125276ms] GC(951) Pause Young (Normal) (G1 Evacuation Pause) 1901M->395M(2612M) 29.779ms
[2023-12-20T08:26:14.831-0800][54125276ms] GC(951) User=0.11s Sys=0.00s Real=0.03s
[2023-12-20T08:26:15.736-0800][54126181ms] GC(952) Pause Young (Normal) (G1 Evacuation Pause)
[2023-12-20T08:26:15.736-0800][54126181ms] GC(952) Using 10 workers of 10 for evacuation
[2023-12-20T08:26:15.765-0800][54126210ms] GC(952)   Pre Evacuate Collection Set: 0.1ms
[2023-12-20T08:26:15.765-0800][54126210ms] GC(952)   Evacuate Collection Set: 26.1ms
[2023-12-20T08:26:15.765-0800][54126210ms] GC(952)   Post Evacuate Collection Set: 2.7ms
[2023-12-20T08:26:15.765-0800][54126210ms] GC(952)   Other: 0.4ms
[2023-12-20T08:26:15.765-0800][54126210ms] GC(952) Eden regions: 753->0(753)
[2023-12-20T08:26:15.765-0800][54126210ms] GC(952) Survivor regions: 30->30(98)
[2023-12-20T08:26:15.765-0800][54126210ms] GC(952) Old regions: 163->163
[2023-12-20T08:26:15.765-0800][54126210ms] GC(952) Humongous regions: 5->5
[2023-12-20T08:26:15.765-0800][54126210ms] GC(952) Metaspace: 256308K->256308K(1294336K)
[2023-12-20T08:26:15.765-0800][54126210ms] GC(952) Pause Young (Normal) (G1 Evacuation Pause) 1901M->395M(2612M) 29.447ms
[2023-12-20T08:26:15.765-0800][54126210ms] GC(952) User=0.14s Sys=0.00s Real=0.03s
[2023-12-20T08:26:16.750-0800][54127195ms] GC(953) Pause Young (Normal) (G1 Evacuation Pause)
[2023-12-20T08:26:16.750-0800][54127195ms] GC(953) Using 10 workers of 10 for evacuation
[2023-12-20T08:26:16.781-0800][54127226ms] GC(953)   Pre Evacuate Collection Set: 0.1ms
[2023-12-20T08:26:16.781-0800][54127226ms] GC(953)   Evacuate Collection Set: 27.6ms
[2023-12-20T08:26:16.781-0800][54127226ms] GC(953)   Post Evacuate Collection Set: 2.6ms
[2023-12-20T08:26:16.781-0800][54127226ms] GC(953)   Other: 0.4ms
[2023-12-20T08:26:16.781-0800][54127226ms] GC(953) Eden regions: 753->0(753)
[2023-12-20T08:26:16.781-0800][54127226ms] GC(953) Survivor regions: 30->30(98)
[2023-12-20T08:26:16.781-0800][54127226ms] GC(953) Old regions: 163->163
[2023-12-20T08:26:16.781-0800][54127226ms] GC(953) Humongous regions: 5->5
[2023-12-20T08:26:16.781-0800][54127226ms] GC(953) Metaspace: 256328K->256328K(1294336K)
[2023-12-20T08:26:16.781-0800][54127226ms] GC(953) Pause Young (Normal) (G1 Evacuation Pause) 1901M->395M(2612M) 30.858ms
[2023-12-20T08:26:16.781-0800][54127226ms] GC(953) User=0.09s Sys=0.00s Real=0.03s
[2023-12-20T08:26:17.667-0800][54128112ms] GC(954) Pause Young (Normal) (G1 Evacuation Pause)
[2023-12-20T08:26:17.667-0800][54128112ms] GC(954) Using 10 workers of 10 for evacuation
[2023-12-20T08:26:17.695-0800][54128140ms] GC(954)   Pre Evacuate Collection Set: 0.0ms
[2023-12-20T08:26:17.696-0800][54128141ms] GC(954)   Evacuate Collection Set: 26.0ms
[2023-12-20T08:26:17.696-0800][54128141ms] GC(954)   Post Evacuate Collection Set: 2.4ms
[2023-12-20T08:26:17.696-0800][54128141ms] GC(954)   Other: 0.3ms
[2023-12-20T08:26:17.696-0800][54128141ms] GC(954) Eden regions: 753->0(753)
[2023-12-20T08:26:17.696-0800][54128141ms] GC(954) Survivor regions: 30->30(98)
[2023-12-20T08:26:17.696-0800][54128141ms] GC(954) Old regions: 163->163
[2023-12-20T08:26:17.696-0800][54128141ms] GC(954) Humongous regions: 5->5
[2023-12-20T08:26:17.696-0800][54128141ms] GC(954) Metaspace: 256328K->256328K(1294336K)
[2023-12-20T08:26:17.696-0800][54128141ms] GC(954) Pause Young (Normal) (G1 Evacuation Pause) 1901M->395M(2612M) 28.922ms
[2023-12-20T08:26:17.696-0800][54128141ms] GC(954) User=0.11s Sys=0.00s Real=0.03s
[2023-12-20T08:26:18.587-0800][54129032ms] GC(955) Pause Young (Normal) (G1 Evacuation Pause)
[2023-12-20T08:26:18.587-0800][54129032ms] GC(955) Using 10 workers of 10 for evacuation
[2023-12-20T08:26:18.615-0800][54129060ms] GC(955)   Pre Evacuate Collection Set: 0.0ms
[2023-12-20T08:26:18.615-0800][54129060ms] GC(955)   Evacuate Collection Set: 25.5ms
[2023-12-20T08:26:18.615-0800][54129060ms] GC(955)   Post Evacuate Collection Set: 2.8ms
[2023-12-20T08:26:18.615-0800][54129060ms] GC(955)   Other: 0.4ms
[2023-12-20T08:26:18.615-0800][54129060ms] GC(955) Eden regions: 753->0(753)
[2023-12-20T08:26:18.615-0800][54129060ms] GC(955) Survivor regions: 30->30(98)
[2023-12-20T08:26:18.615-0800][54129060ms] GC(955) Old regions: 163->163
[2023-12-20T08:26:18.615-0800][54129060ms] GC(955) Humongous regions: 5->5
[2023-12-20T08:26:18.615-0800][54129060ms] GC(955) Metaspace: 256328K->256328K(1294336K)
[2023-12-20T08:26:18.615-0800][54129060ms] GC(955) Pause Young (Normal) (G1 Evacuation Pause) 1901M->394M(2612M) 28.841ms
[2023-12-20T08:26:18.615-0800][54129060ms] GC(955) User=0.09s Sys=0.00s Real=0.03s
[2023-12-20T08:26:19.523-0800][54129968ms] GC(956) Pause Young (Normal) (G1 Evacuation Pause)
[2023-12-20T08:26:19.523-0800][54129968ms] GC(956) Using 10 workers of 10 for evacuation
[2023-12-20T08:26:19.552-0800][54129997ms] GC(956)   Pre Evacuate Collection Set: 0.0ms
[2023-12-20T08:26:19.552-0800][54129997ms] GC(956)   Evacuate Collection Set: 26.5ms
[2023-12-20T08:26:19.552-0800][54129997ms] GC(956)   Post Evacuate Collection Set: 2.4ms
[2023-12-20T08:26:19.552-0800][54129997ms] GC(956)   Other: 0.4ms
[2023-12-20T08:26:19.552-0800][54129997ms] GC(956) Eden regions: 753->0(753)
[2023-12-20T08:26:19.552-0800][54129997ms] GC(956) Survivor regions: 30->30(98)
[2023-12-20T08:26:19.552-0800][54129997ms] GC(956) Old regions: 163->163
[2023-12-20T08:26:19.552-0800][54129997ms] GC(956) Humongous regions: 5->5
[2023-12-20T08:26:19.552-0800][54129997ms] GC(956) Metaspace: 256328K->256328K(1294336K)
[2023-12-20T08:26:19.552-0800][54129997ms] GC(956) Pause Young (Normal) (G1 Evacuation Pause) 1900M->395M(2612M) 29.386ms
[2023-12-20T08:26:19.552-0800][54129997ms] GC(956) User=0.08s Sys=0.00s Real=0.03s
[2023-12-20T08:26:20.470-0800][54130915ms] GC(957) Pause Young (Normal) (G1 Evacuation Pause)
[2023-12-20T08:26:20.470-0800][54130915ms] GC(957) Using 10 workers of 10 for evacuation
[2023-12-20T08:26:20.500-0800][54130945ms] GC(957)   Pre Evacuate Collection Set: 0.0ms
[2023-12-20T08:26:20.500-0800][54130945ms] GC(957)   Evacuate Collection Set: 26.8ms
[2023-12-20T08:26:20.500-0800][54130945ms] GC(957)   Post Evacuate Collection Set: 2.9ms
[2023-12-20T08:26:20.500-0800][54130945ms] GC(957)   Other: 0.4ms
[2023-12-20T08:26:20.500-0800][54130945ms] GC(957) Eden regions: 753->0(753)
[2023-12-20T08:26:20.500-0800][54130945ms] GC(957) Survivor regions: 30->30(98)
[2023-12-20T08:26:20.500-0800][54130945ms] GC(957) Old regions: 163->163
[2023-12-20T08:26:20.500-0800][54130945ms] GC(957) Humongous regions: 5->5
[2023-12-20T08:26:20.500-0800][54130945ms] GC(957) Metaspace: 256328K->256328K(1294336K)
[2023-12-20T08:26:20.500-0800][54130945ms] GC(957) Pause Young (Normal) (G1 Evacuation Pause) 1901M->395M(2612M) 30.220ms
[2023-12-20T08:26:20.500-0800][54130945ms] GC(957) User=0.11s Sys=0.00s Real=0.03s
[2023-12-20T08:26:21.400-0800][54131845ms] GC(958) Pause Young (Normal) (G1 Evacuation Pause)
[2023-12-20T08:26:21.400-0800][54131845ms] GC(958) Using 10 workers of 10 for evacuation
[2023-12-20T08:26:21.430-0800][54131875ms] GC(958)   Pre Evacuate Collection Set: 0.1ms
[2023-12-20T08:26:21.430-0800][54131875ms] GC(958)   Evacuate Collection Set: 26.8ms
[2023-12-20T08:26:21.430-0800][54131875ms] GC(958)   Post Evacuate Collection Set: 2.9ms
[2023-12-20T08:26:21.430-0800][54131875ms] GC(958)   Other: 0.5ms
[2023-12-20T08:26:21.430-0800][54131875ms] GC(958) Eden regions: 753->0(753)
[2023-12-20T08:26:21.430-0800][54131875ms] GC(958) Survivor regions: 30->30(98)
[2023-12-20T08:26:21.430-0800][54131875ms] GC(958) Old regions: 163->163
[2023-12-20T08:26:21.430-0800][54131875ms] GC(958) Humongous regions: 5->5
[2023-12-20T08:26:21.430-0800][54131875ms] GC(958) Metaspace: 256328K->256328K(1294336K)
[2023-12-20T08:26:21.430-0800][54131875ms] GC(958) Pause Young (Normal) (G1 Evacuation Pause) 1901M->395M(2612M) 30.472ms
[2023-12-20T08:26:21.430-0800][54131875ms] GC(958) User=0.11s Sys=0.00s Real=0.03s
[2023-12-20T08:26:22.288-0800][54132733ms] GC(959) Pause Young (Normal) (G1 Evacuation Pause)
[2023-12-20T08:26:22.288-0800][54132733ms] GC(959) Using 10 workers of 10 for evacuation
[2023-12-20T08:26:22.320-0800][54132765ms] GC(959)   Pre Evacuate Collection Set: 0.0ms
[2023-12-20T08:26:22.320-0800][54132765ms] GC(959)   Evacuate Collection Set: 28.3ms
[2023-12-20T08:26:22.320-0800][54132765ms] GC(959)   Post Evacuate Collection Set: 3.6ms
[2023-12-20T08:26:22.320-0800][54132765ms] GC(959)   Other: 0.4ms
[2023-12-20T08:26:22.320-0800][54132765ms] GC(959) Eden regions: 753->0(753)
[2023-12-20T08:26:22.320-0800][54132765ms] GC(959) Survivor regions: 30->30(98)
[2023-12-20T08:26:22.320-0800][54132765ms] GC(959) Old regions: 163->163
[2023-12-20T08:26:22.320-0800][54132765ms] GC(959) Humongous regions: 5->5
[2023-12-20T08:26:22.320-0800][54132765ms] GC(959) Metaspace: 256328K->256328K(1294336K)
[2023-12-20T08:26:22.320-0800][54132765ms] GC(959) Pause Young (Normal) (G1 Evacuation Pause) 1901M->394M(2612M) 32.445ms
[2023-12-20T08:26:22.320-0800][54132765ms] GC(959) User=0.14s Sys=0.00s Real=0.03s
[2023-12-20T08:26:23.199-0800][54133644ms] GC(960) Pause Young (Normal) (G1 Evacuation Pause)
[2023-12-20T08:26:23.199-0800][54133644ms] GC(960) Using 10 workers of 10 for evacuation
[2023-12-20T08:26:23.228-0800][54133673ms] GC(960)   Pre Evacuate Collection Set: 0.0ms
[2023-12-20T08:26:23.228-0800][54133673ms] GC(960)   Evacuate Collection Set: 27.1ms
[2023-12-20T08:26:23.228-0800][54133673ms] GC(960)   Post Evacuate Collection Set: 2.5ms
[2023-12-20T08:26:23.228-0800][54133673ms] GC(960)   Other: 0.4ms
[2023-12-20T08:26:23.228-0800][54133673ms] GC(960) Eden regions: 753->0(753)
[2023-12-20T08:26:23.228-0800][54133673ms] GC(960) Survivor regions: 30->30(98)
[2023-12-20T08:26:23.228-0800][54133673ms] GC(960) Old regions: 163->163
[2023-12-20T08:26:23.228-0800][54133673ms] GC(960) Humongous regions: 5->5
[2023-12-20T08:26:23.228-0800][54133673ms] GC(960) Metaspace: 256328K->256328K(1294336K)
[2023-12-20T08:26:23.228-0800][54133673ms] GC(960) Pause Young (Normal) (G1 Evacuation Pause) 1900M->394M(2612M) 30.132ms
[2023-12-20T08:26:23.228-0800][54133673ms] GC(960) User=0.09s Sys=0.00s Real=0.03s
[2023-12-20T08:26:24.133-0800][54134578ms] GC(961) Pause Young (Normal) (G1 Evacuation Pause)
[2023-12-20T08:26:24.133-0800][54134578ms] GC(961) Using 10 workers of 10 for evacuation
[2023-12-20T08:26:24.163-0800][54134608ms] GC(961)   Pre Evacuate Collection Set: 0.1ms
[2023-12-20T08:26:24.163-0800][54134608ms] GC(961)   Evacuate Collection Set: 27.2ms
[2023-12-20T08:26:24.163-0800][54134608ms] GC(961)   Post Evacuate Collection Set: 2.5ms
[2023-12-20T08:26:24.163-0800][54134608ms] GC(961)   Other: 0.4ms
[2023-12-20T08:26:24.163-0800][54134608ms] GC(961) Eden regions: 753->0(753)
[2023-12-20T08:26:24.163-0800][54134608ms] GC(961) Survivor regions: 30->30(98)
[2023-12-20T08:26:24.163-0800][54134608ms] GC(961) Old regions: 163->163
[2023-12-20T08:26:24.163-0800][54134608ms] GC(961) Humongous regions: 5->5
[2023-12-20T08:26:24.163-0800][54134608ms] GC(961) Metaspace: 256328K->256328K(1294336K)
[2023-12-20T08:26:24.163-0800][54134608ms] GC(961) Pause Young (Normal) (G1 Evacuation Pause) 1900M->394M(2612M) 30.204ms
[2023-12-20T08:26:24.163-0800][54134608ms] GC(961) User=0.08s Sys=0.00s Real=0.03s
[2023-12-20T08:26:25.290-0800][54135735ms] GC(962) Pause Young (Normal) (G1 Evacuation Pause)
[2023-12-20T08:26:25.290-0800][54135735ms] GC(962) Using 10 workers of 10 for evacuation
[2023-12-20T08:26:25.328-0800][54135773ms] GC(962)   Pre Evacuate Collection Set: 0.1ms
[2023-12-20T08:26:25.328-0800][54135773ms] GC(962)   Evacuate Collection Set: 34.1ms
[2023-12-20T08:26:25.328-0800][54135773ms] GC(962)   Post Evacuate Collection Set: 3.7ms
[2023-12-20T08:26:25.328-0800][54135773ms] GC(962)   Other: 0.5ms
[2023-12-20T08:26:25.328-0800][54135773ms] GC(962) Eden regions: 753->0(754)
[2023-12-20T08:26:25.328-0800][54135773ms] GC(962) Survivor regions: 30->29(98)
[2023-12-20T08:26:25.328-0800][54135773ms] GC(962) Old regions: 163->163
[2023-12-20T08:26:25.328-0800][54135773ms] GC(962) Humongous regions: 5->5
[2023-12-20T08:26:25.328-0800][54135773ms] GC(962) Metaspace: 256328K->256328K(1294336K)
[2023-12-20T08:26:25.328-0800][54135773ms] GC(962) Pause Young (Normal) (G1 Evacuation Pause) 1900M->392M(2612M) 38.362ms
[2023-12-20T08:26:25.328-0800][54135773ms] GC(962) User=0.16s Sys=0.00s Real=0.04s
[2023-12-20T08:26:26.313-0800][54136758ms] GC(963) Pause Young (Normal) (G1 Evacuation Pause)
[2023-12-20T08:26:26.313-0800][54136758ms] GC(963) Using 10 workers of 10 for evacuation
[2023-12-20T08:26:26.343-0800][54136788ms] GC(963)   Pre Evacuate Collection Set: 0.1ms
[2023-12-20T08:26:26.343-0800][54136788ms] GC(963)   Evacuate Collection Set: 27.4ms
[2023-12-20T08:26:26.343-0800][54136788ms] GC(963)   Post Evacuate Collection Set: 2.4ms
[2023-12-20T08:26:26.343-0800][54136788ms] GC(963)   Other: 0.4ms
[2023-12-20T08:26:26.343-0800][54136788ms] GC(963) Eden regions: 754->0(753)
[2023-12-20T08:26:26.343-0800][54136788ms] GC(963) Survivor regions: 29->30(98)
[2023-12-20T08:26:26.343-0800][54136788ms] GC(963) Old regions: 163->163
[2023-12-20T08:26:26.343-0800][54136788ms] GC(963) Humongous regions: 5->5
[2023-12-20T08:26:26.343-0800][54136788ms] GC(963) Metaspace: 256328K->256328K(1294336K)
[2023-12-20T08:26:26.343-0800][54136788ms] GC(963) Pause Young (Normal) (G1 Evacuation Pause) 1900M->394M(2612M) 30.379ms
[2023-12-20T08:26:26.343-0800][54136788ms] GC(963) User=0.13s Sys=0.00s Real=0.03s
[2023-12-20T08:26:27.279-0800][54137724ms] GC(964) Pause Young (Normal) (G1 Evacuation Pause)
[2023-12-20T08:26:27.279-0800][54137724ms] GC(964) Using 10 workers of 10 for evacuation
[2023-12-20T08:26:27.317-0800][54137762ms] GC(964)   Pre Evacuate Collection Set: 0.0ms
[2023-12-20T08:26:27.317-0800][54137762ms] GC(964)   Evacuate Collection Set: 33.5ms
[2023-12-20T08:26:27.317-0800][54137762ms] GC(964)   Post Evacuate Collection Set: 4.3ms
[2023-12-20T08:26:27.317-0800][54137762ms] GC(964)   Other: 0.5ms
[2023-12-20T08:26:27.317-0800][54137762ms] GC(964) Eden regions: 753->0(755)
[2023-12-20T08:26:27.317-0800][54137762ms] GC(964) Survivor regions: 30->28(98)
[2023-12-20T08:26:27.317-0800][54137762ms] GC(964) Old regions: 163->163
[2023-12-20T08:26:27.317-0800][54137762ms] GC(964) Humongous regions: 5->5
[2023-12-20T08:26:27.317-0800][54137762ms] GC(964) Metaspace: 256328K->256328K(1294336K)
[2023-12-20T08:26:27.317-0800][54137762ms] GC(964) Pause Young (Normal) (G1 Evacuation Pause) 1900M->391M(2612M) 38.478ms
[2023-12-20T08:26:27.317-0800][54137762ms] GC(964) User=0.25s Sys=0.00s Real=0.04s
[2023-12-20T08:26:28.351-0800][54138796ms] GC(965) Pause Young (Normal) (G1 Evacuation Pause)
[2023-12-20T08:26:28.351-0800][54138796ms] GC(965) Using 10 workers of 10 for evacuation
[2023-12-20T08:26:28.381-0800][54138826ms] GC(965)   Pre Evacuate Collection Set: 0.0ms
[2023-12-20T08:26:28.381-0800][54138826ms] GC(965)   Evacuate Collection Set: 27.3ms
[2023-12-20T08:26:28.381-0800][54138826ms] GC(965)   Post Evacuate Collection Set: 2.5ms
[2023-12-20T08:26:28.381-0800][54138826ms] GC(965)   Other: 0.4ms
[2023-12-20T08:26:28.381-0800][54138826ms] GC(965) Eden regions: 755->0(753)
[2023-12-20T08:26:28.381-0800][54138826ms] GC(965) Survivor regions: 28->30(98)
[2023-12-20T08:26:28.381-0800][54138826ms] GC(965) Old regions: 163->163
[2023-12-20T08:26:28.381-0800][54138826ms] GC(965) Humongous regions: 5->5
[2023-12-20T08:26:28.381-0800][54138826ms] GC(965) Metaspace: 256328K->256328K(1294336K)
[2023-12-20T08:26:28.381-0800][54138826ms] GC(965) Pause Young (Normal) (G1 Evacuation Pause) 1901M->394M(2612M) 30.360ms
[2023-12-20T08:26:28.381-0800][54138826ms] GC(965) User=0.08s Sys=0.00s Real=0.03s
[2023-12-20T08:26:29.189-0800][54139634ms] GC(966) Pause Young (Normal) (G1 Evacuation Pause)
[2023-12-20T08:26:29.189-0800][54139634ms] GC(966) Using 10 workers of 10 for evacuation
[2023-12-20T08:26:29.220-0800][54139665ms] GC(966)   Pre Evacuate Collection Set: 0.1ms
[2023-12-20T08:26:29.220-0800][54139665ms] GC(966)   Evacuate Collection Set: 27.2ms
[2023-12-20T08:26:29.220-0800][54139665ms] GC(966)   Post Evacuate Collection Set: 2.7ms
[2023-12-20T08:26:29.221-0800][54139666ms] GC(966)   Other: 0.4ms
[2023-12-20T08:26:29.221-0800][54139666ms] GC(966) Eden regions: 753->0(754)
[2023-12-20T08:26:29.221-0800][54139666ms] GC(966) Survivor regions: 30->29(98)
[2023-12-20T08:26:29.221-0800][54139666ms] GC(966) Old regions: 163->163
[2023-12-20T08:26:29.221-0800][54139666ms] GC(966) Humongous regions: 5->5
[2023-12-20T08:26:29.221-0800][54139666ms] GC(966) Metaspace: 256328K->256328K(1294336K)
[2023-12-20T08:26:29.221-0800][54139666ms] GC(966) Pause Young (Normal) (G1 Evacuation Pause) 1900M->393M(2612M) 30.659ms
[2023-12-20T08:26:29.221-0800][54139666ms] GC(966) User=0.11s Sys=0.00s Real=0.03s
[2023-12-20T08:26:30.045-0800][54140490ms] GC(967) Pause Young (Normal) (G1 Evacuation Pause)
[2023-12-20T08:26:30.045-0800][54140490ms] GC(967) Using 10 workers of 10 for evacuation
[2023-12-20T08:26:30.077-0800][54140522ms] GC(967)   Pre Evacuate Collection Set: 0.0ms
[2023-12-20T08:26:30.077-0800][54140522ms] GC(967)   Evacuate Collection Set: 28.9ms
[2023-12-20T08:26:30.077-0800][54140522ms] GC(967)   Post Evacuate Collection Set: 2.7ms
[2023-12-20T08:26:30.077-0800][54140522ms] GC(967)   Other: 0.4ms
[2023-12-20T08:26:30.077-0800][54140522ms] GC(967) Eden regions: 754->0(753)
[2023-12-20T08:26:30.077-0800][54140522ms] GC(967) Survivor regions: 29->30(98)
[2023-12-20T08:26:30.077-0800][54140522ms] GC(967) Old regions: 163->163
[2023-12-20T08:26:30.077-0800][54140522ms] GC(967) Humongous regions: 5->5
[2023-12-20T08:26:30.077-0800][54140522ms] GC(967) Metaspace: 256328K->256328K(1294336K)
[2023-12-20T08:26:30.077-0800][54140522ms] GC(967) Pause Young (Normal) (G1 Evacuation Pause) 1901M->395M(2612M) 32.283ms
[2023-12-20T08:26:30.077-0800][54140522ms] GC(967) User=0.11s Sys=0.00s Real=0.03s
[2023-12-20T08:26:30.914-0800][54141359ms] GC(968) Pause Young (Normal) (G1 Evacuation Pause)
[2023-12-20T08:26:30.914-0800][54141359ms] GC(968) Using 10 workers of 10 for evacuation
[2023-12-20T08:26:30.944-0800][54141389ms] GC(968)   Pre Evacuate Collection Set: 0.0ms
[2023-12-20T08:26:30.944-0800][54141389ms] GC(968)   Evacuate Collection Set: 26.9ms
[2023-12-20T08:26:30.944-0800][54141389ms] GC(968)   Post Evacuate Collection Set: 2.5ms
[2023-12-20T08:26:30.944-0800][54141389ms] GC(968)   Other: 0.4ms
[2023-12-20T08:26:30.944-0800][54141389ms] GC(968) Eden regions: 753->0(753)
[2023-12-20T08:26:30.944-0800][54141389ms] GC(968) Survivor regions: 30->30(98)
[2023-12-20T08:26:30.944-0800][54141389ms] GC(968) Old regions: 163->163
[2023-12-20T08:26:30.944-0800][54141389ms] GC(968) Humongous regions: 5->5
[2023-12-20T08:26:30.944-0800][54141389ms] GC(968) Metaspace: 256328K->256328K(1294336K)
[2023-12-20T08:26:30.944-0800][54141389ms] GC(968) Pause Young (Normal) (G1 Evacuation Pause) 1901M->395M(2612M) 29.960ms
[2023-12-20T08:26:30.944-0800][54141389ms] GC(968) User=0.05s Sys=0.00s Real=0.03s
[2023-12-20T08:26:31.763-0800][54142208ms] GC(969) Pause Young (Normal) (G1 Evacuation Pause)
[2023-12-20T08:26:31.763-0800][54142208ms] GC(969) Using 10 workers of 10 for evacuation
[2023-12-20T08:26:31.792-0800][54142237ms] GC(969)   Pre Evacuate Collection Set: 0.0ms
[2023-12-20T08:26:31.792-0800][54142237ms] GC(969)   Evacuate Collection Set: 26.9ms
[2023-12-20T08:26:31.792-0800][54142237ms] GC(969)   Post Evacuate Collection Set: 2.6ms
[2023-12-20T08:26:31.792-0800][54142237ms] GC(969)   Other: 0.4ms
[2023-12-20T08:26:31.792-0800][54142237ms] GC(969) Eden regions: 753->0(753)
[2023-12-20T08:26:31.792-0800][54142237ms] GC(969) Survivor regions: 30->30(98)
[2023-12-20T08:26:31.792-0800][54142237ms] GC(969) Old regions: 163->163
[2023-12-20T08:26:31.792-0800][54142237ms] GC(969) Humongous regions: 5->5
[2023-12-20T08:26:31.792-0800][54142237ms] GC(969) Metaspace: 256328K->256328K(1294336K)
[2023-12-20T08:26:31.792-0800][54142237ms] GC(969) Pause Young (Normal) (G1 Evacuation Pause) 1901M->395M(2612M) 29.914ms
[2023-12-20T08:26:31.792-0800][54142237ms] GC(969) User=0.08s Sys=0.00s Real=0.03s
[2023-12-20T08:26:32.547-0800][54142992ms] GC(970) Pause Young (Normal) (G1 Evacuation Pause)
[2023-12-20T08:26:32.547-0800][54142992ms] GC(970) Using 10 workers of 10 for evacuation
[2023-12-20T08:26:32.576-0800][54143021ms] GC(970)   Pre Evacuate Collection Set: 0.0ms
[2023-12-20T08:26:32.576-0800][54143021ms] GC(970)   Evacuate Collection Set: 26.4ms
[2023-12-20T08:26:32.576-0800][54143021ms] GC(970)   Post Evacuate Collection Set: 2.5ms
[2023-12-20T08:26:32.576-0800][54143021ms] GC(970)   Other: 0.4ms
[2023-12-20T08:26:32.576-0800][54143021ms] GC(970) Eden regions: 753->0(753)
[2023-12-20T08:26:32.576-0800][54143021ms] GC(970) Survivor regions: 30->30(98)
[2023-12-20T08:26:32.576-0800][54143021ms] GC(970) Old regions: 163->163
[2023-12-20T08:26:32.576-0800][54143021ms] GC(970) Humongous regions: 5->5
[2023-12-20T08:26:32.576-0800][54143021ms] GC(970) Metaspace: 256328K->256328K(1294336K)
[2023-12-20T08:26:32.576-0800][54143021ms] GC(970) Pause Young (Normal) (G1 Evacuation Pause) 1901M->395M(2612M) 29.453ms
[2023-12-20T08:26:32.576-0800][54143021ms] GC(970) User=0.08s Sys=0.00s Real=0.03s
[2023-12-20T08:26:33.288-0800][54143733ms] GC(971) Pause Young (Normal) (G1 Evacuation Pause)
[2023-12-20T08:26:33.288-0800][54143733ms] GC(971) Using 10 workers of 10 for evacuation
[2023-12-20T08:26:33.318-0800][54143763ms] GC(971)   Pre Evacuate Collection Set: 0.1ms
[2023-12-20T08:26:33.318-0800][54143763ms] GC(971)   Evacuate Collection Set: 26.5ms
[2023-12-20T08:26:33.318-0800][54143763ms] GC(971)   Post Evacuate Collection Set: 2.4ms
[2023-12-20T08:26:33.318-0800][54143763ms] GC(971)   Other: 0.5ms
[2023-12-20T08:26:33.318-0800][54143763ms] GC(971) Eden regions: 753->0(753)
[2023-12-20T08:26:33.318-0800][54143763ms] GC(971) Survivor regions: 30->30(98)
[2023-12-20T08:26:33.318-0800][54143763ms] GC(971) Old regions: 163->163
[2023-12-20T08:26:33.318-0800][54143763ms] GC(971) Humongous regions: 5->5
[2023-12-20T08:26:33.318-0800][54143763ms] GC(971) Metaspace: 256328K->256328K(1294336K)
[2023-12-20T08:26:33.318-0800][54143763ms] GC(971) Pause Young (Normal) (G1 Evacuation Pause) 1901M->395M(2612M) 29.613ms
[2023-12-20T08:26:33.318-0800][54143763ms] GC(971) User=0.09s Sys=0.00s Real=0.03s
[2023-12-20T08:26:34.030-0800][54144475ms] GC(972) Pause Young (Normal) (G1 Evacuation Pause)
[2023-12-20T08:26:34.030-0800][54144475ms] GC(972) Using 10 workers of 10 for evacuation
[2023-12-20T08:26:34.061-0800][54144506ms] GC(972)   Pre Evacuate Collection Set: 0.1ms
[2023-12-20T08:26:34.061-0800][54144506ms] GC(972)   Evacuate Collection Set: 27.4ms
[2023-12-20T08:26:34.061-0800][54144506ms] GC(972)   Post Evacuate Collection Set: 2.4ms
[2023-12-20T08:26:34.061-0800][54144506ms] GC(972)   Other: 0.4ms
[2023-12-20T08:26:34.061-0800][54144506ms] GC(972) Eden regions: 753->0(753)
[2023-12-20T08:26:34.061-0800][54144506ms] GC(972) Survivor regions: 30->30(98)
[2023-12-20T08:26:34.061-0800][54144506ms] GC(972) Old regions: 163->163
[2023-12-20T08:26:34.061-0800][54144506ms] GC(972) Humongous regions: 5->5
[2023-12-20T08:26:34.061-0800][54144506ms] GC(972) Metaspace: 256328K->256328K(1294336K)
[2023-12-20T08:26:34.061-0800][54144506ms] GC(972) Pause Young (Normal) (G1 Evacuation Pause) 1901M->395M(2612M) 30.390ms
[2023-12-20T08:26:34.061-0800][54144506ms] GC(972) User=0.14s Sys=0.00s Real=0.03s
[2023-12-20T08:26:34.821-0800][54145266ms] GC(973) Pause Young (Normal) (G1 Evacuation Pause)
[2023-12-20T08:26:34.821-0800][54145266ms] GC(973) Using 10 workers of 10 for evacuation
[2023-12-20T08:26:34.851-0800][54145296ms] GC(973)   Pre Evacuate Collection Set: 0.0ms
[2023-12-20T08:26:34.851-0800][54145296ms] GC(973)   Evacuate Collection Set: 26.9ms
[2023-12-20T08:26:34.851-0800][54145296ms] GC(973)   Post Evacuate Collection Set: 2.8ms
[2023-12-20T08:26:34.851-0800][54145296ms] GC(973)   Other: 0.4ms
[2023-12-20T08:26:34.851-0800][54145296ms] GC(973) Eden regions: 753->0(752)
[2023-12-20T08:26:34.851-0800][54145296ms] GC(973) Survivor regions: 30->31(98)
[2023-12-20T08:26:34.851-0800][54145296ms] GC(973) Old regions: 163->163
[2023-12-20T08:26:34.851-0800][54145296ms] GC(973) Humongous regions: 5->5
[2023-12-20T08:26:34.851-0800][54145296ms] GC(973) Metaspace: 256330K->256330K(1294336K)
[2023-12-20T08:26:34.851-0800][54145296ms] GC(973) Pause Young (Normal) (G1 Evacuation Pause) 1901M->396M(2612M) 30.280ms
[2023-12-20T08:26:34.851-0800][54145296ms] GC(973) User=0.09s Sys=0.00s Real=0.03s
[2023-12-20T08:26:35.725-0800][54146170ms] GC(974) Pause Young (Normal) (G1 Evacuation Pause)
[2023-12-20T08:26:35.726-0800][54146171ms] GC(974) Using 10 workers of 10 for evacuation
[2023-12-20T08:26:35.755-0800][54146200ms] GC(974)   Pre Evacuate Collection Set: 0.0ms
[2023-12-20T08:26:35.755-0800][54146200ms] GC(974)   Evacuate Collection Set: 27.1ms
[2023-12-20T08:26:35.755-0800][54146200ms] GC(974)   Post Evacuate Collection Set: 2.5ms
[2023-12-20T08:26:35.755-0800][54146200ms] GC(974)   Other: 0.4ms
[2023-12-20T08:26:35.755-0800][54146200ms] GC(974) Eden regions: 752->0(752)
[2023-12-20T08:26:35.755-0800][54146200ms] GC(974) Survivor regions: 31->31(98)
[2023-12-20T08:26:35.755-0800][54146200ms] GC(974) Old regions: 163->163
[2023-12-20T08:26:35.755-0800][54146200ms] GC(974) Humongous regions: 5->5
[2023-12-20T08:26:35.755-0800][54146200ms] GC(974) Metaspace: 256330K->256330K(1294336K)
[2023-12-20T08:26:35.755-0800][54146200ms] GC(974) Pause Young (Normal) (G1 Evacuation Pause) 1900M->396M(2612M) 30.167ms
[2023-12-20T08:26:35.755-0800][54146200ms] GC(974) User=0.11s Sys=0.00s Real=0.03s
[2023-12-20T08:26:36.567-0800][54147012ms] GC(975) Pause Young (Normal) (G1 Evacuation Pause)
[2023-12-20T08:26:36.567-0800][54147012ms] GC(975) Using 10 workers of 10 for evacuation
[2023-12-20T08:26:36.598-0800][54147043ms] GC(975)   Pre Evacuate Collection Set: 0.0ms
[2023-12-20T08:26:36.598-0800][54147043ms] GC(975)   Evacuate Collection Set: 27.8ms
[2023-12-20T08:26:36.598-0800][54147043ms] GC(975)   Post Evacuate Collection Set: 2.4ms
[2023-12-20T08:26:36.598-0800][54147043ms] GC(975)   Other: 0.4ms
[2023-12-20T08:26:36.598-0800][54147043ms] GC(975) Eden regions: 752->0(753)
[2023-12-20T08:26:36.598-0800][54147043ms] GC(975) Survivor regions: 31->30(98)
[2023-12-20T08:26:36.598-0800][54147043ms] GC(975) Old regions: 163->163
[2023-12-20T08:26:36.598-0800][54147043ms] GC(975) Humongous regions: 5->5
[2023-12-20T08:26:36.598-0800][54147043ms] GC(975) Metaspace: 256330K->256330K(1294336K)
[2023-12-20T08:26:36.598-0800][54147043ms] GC(975) Pause Young (Normal) (G1 Evacuation Pause) 1900M->395M(2612M) 30.826ms
[2023-12-20T08:26:36.598-0800][54147043ms] GC(975) User=0.19s Sys=0.00s Real=0.03s
[2023-12-20T08:26:37.388-0800][54147833ms] GC(976) Pause Young (Normal) (G1 Evacuation Pause)
[2023-12-20T08:26:37.388-0800][54147833ms] GC(976) Using 10 workers of 10 for evacuation
[2023-12-20T08:26:37.417-0800][54147862ms] GC(976)   Pre Evacuate Collection Set: 0.0ms
[2023-12-20T08:26:37.417-0800][54147862ms] GC(976)   Evacuate Collection Set: 26.8ms
[2023-12-20T08:26:37.417-0800][54147862ms] GC(976)   Post Evacuate Collection Set: 2.5ms
[2023-12-20T08:26:37.417-0800][54147862ms] GC(976)   Other: 0.4ms
[2023-12-20T08:26:37.417-0800][54147862ms] GC(976) Eden regions: 753->0(753)
[2023-12-20T08:26:37.417-0800][54147862ms] GC(976) Survivor regions: 30->30(98)
[2023-12-20T08:26:37.417-0800][54147862ms] GC(976) Old regions: 163->163
[2023-12-20T08:26:37.417-0800][54147862ms] GC(976) Humongous regions: 5->5
[2023-12-20T08:26:37.417-0800][54147862ms] GC(976) Metaspace: 256330K->256330K(1294336K)
[2023-12-20T08:26:37.417-0800][54147862ms] GC(976) Pause Young (Normal) (G1 Evacuation Pause) 1901M->395M(2612M) 29.793ms
[2023-12-20T08:26:37.417-0800][54147862ms] GC(976) User=0.09s Sys=0.00s Real=0.03s
[2023-12-20T08:26:37.987-0800][54148432ms] GC(977) Pause Young (Normal) (G1 Evacuation Pause)
[2023-12-20T08:26:37.988-0800][54148433ms] GC(977) Using 10 workers of 10 for evacuation
[2023-12-20T08:26:38.015-0800][54148460ms] GC(977)   Pre Evacuate Collection Set: 0.0ms
[2023-12-20T08:26:38.015-0800][54148460ms] GC(977)   Evacuate Collection Set: 25.0ms
[2023-12-20T08:26:38.015-0800][54148460ms] GC(977)   Post Evacuate Collection Set: 2.4ms
[2023-12-20T08:26:38.015-0800][54148460ms] GC(977)   Other: 0.4ms
[2023-12-20T08:26:38.015-0800][54148460ms] GC(977) Eden regions: 753->0(753)
[2023-12-20T08:26:38.015-0800][54148460ms] GC(977) Survivor regions: 30->30(98)
[2023-12-20T08:26:38.015-0800][54148460ms] GC(977) Old regions: 163->163
[2023-12-20T08:26:38.015-0800][54148460ms] GC(977) Humongous regions: 5->5
[2023-12-20T08:26:38.015-0800][54148460ms] GC(977) Metaspace: 256332K->256332K(1294336K)
[2023-12-20T08:26:38.015-0800][54148460ms] GC(977) Pause Young (Normal) (G1 Evacuation Pause) 1901M->395M(2612M) 27.873ms
[2023-12-20T08:26:38.015-0800][54148460ms] GC(977) User=0.11s Sys=0.00s Real=0.03s
[2023-12-20T08:26:38.557-0800][54149002ms] GC(978) Pause Young (Normal) (G1 Evacuation Pause)
[2023-12-20T08:26:38.557-0800][54149002ms] GC(978) Using 10 workers of 10 for evacuation
[2023-12-20T08:26:38.584-0800][54149029ms] GC(978)   Pre Evacuate Collection Set: 0.0ms
[2023-12-20T08:26:38.585-0800][54149030ms] GC(978)   Evacuate Collection Set: 25.3ms
[2023-12-20T08:26:38.585-0800][54149030ms] GC(978)   Post Evacuate Collection Set: 2.5ms
[2023-12-20T08:26:38.585-0800][54149030ms] GC(978)   Other: 0.3ms
[2023-12-20T08:26:38.585-0800][54149030ms] GC(978) Eden regions: 753->0(753)
[2023-12-20T08:26:38.585-0800][54149030ms] GC(978) Survivor regions: 30->30(98)
[2023-12-20T08:26:38.585-0800][54149030ms] GC(978) Old regions: 163->163
[2023-12-20T08:26:38.585-0800][54149030ms] GC(978) Humongous regions: 5->5
[2023-12-20T08:26:38.585-0800][54149030ms] GC(978) Metaspace: 256332K->256332K(1294336K)
[2023-12-20T08:26:38.585-0800][54149030ms] GC(978) Pause Young (Normal) (G1 Evacuation Pause) 1901M->395M(2612M) 28.277ms
[2023-12-20T08:26:38.585-0800][54149030ms] GC(978) User=0.11s Sys=0.02s Real=0.03s
[2023-12-20T08:26:39.084-0800][54149529ms] GC(979) Pause Young (Normal) (GCLocker Initiated GC)
[2023-12-20T08:26:39.084-0800][54149529ms] GC(979) Using 10 workers of 10 for evacuation
[2023-12-20T08:26:39.113-0800][54149558ms] GC(979)   Pre Evacuate Collection Set: 0.0ms
[2023-12-20T08:26:39.113-0800][54149558ms] GC(979)   Evacuate Collection Set: 25.5ms
[2023-12-20T08:26:39.113-0800][54149558ms] GC(979)   Post Evacuate Collection Set: 2.5ms
[2023-12-20T08:26:39.113-0800][54149558ms] GC(979)   Other: 0.4ms
[2023-12-20T08:26:39.113-0800][54149558ms] GC(979) Eden regions: 754->0(753)
[2023-12-20T08:26:39.113-0800][54149558ms] GC(979) Survivor regions: 30->30(98)
[2023-12-20T08:26:39.113-0800][54149558ms] GC(979) Old regions: 163->163
[2023-12-20T08:26:39.113-0800][54149558ms] GC(979) Humongous regions: 5->5
[2023-12-20T08:26:39.113-0800][54149558ms] GC(979) Metaspace: 256332K->256332K(1294336K)
[2023-12-20T08:26:39.113-0800][54149558ms] GC(979) Pause Young (Normal) (GCLocker Initiated GC) 1902M->395M(2612M) 28.520ms
[2023-12-20T08:26:39.113-0800][54149558ms] GC(979) User=0.19s Sys=0.00s Real=0.03s
[2023-12-20T08:26:39.805-0800][54150250ms] GC(980) Pause Young (Normal) (GCLocker Initiated GC)
[2023-12-20T08:26:39.805-0800][54150250ms] GC(980) Using 10 workers of 10 for evacuation
[2023-12-20T08:26:39.833-0800][54150278ms] GC(980)   Pre Evacuate Collection Set: 0.0ms
[2023-12-20T08:26:39.833-0800][54150278ms] GC(980)   Evacuate Collection Set: 26.4ms
[2023-12-20T08:26:39.833-0800][54150278ms] GC(980)   Post Evacuate Collection Set: 2.5ms
[2023-12-20T08:26:39.833-0800][54150278ms] GC(980)   Other: 0.4ms
[2023-12-20T08:26:39.833-0800][54150278ms] GC(980) Eden regions: 754->0(752)
[2023-12-20T08:26:39.833-0800][54150278ms] GC(980) Survivor regions: 30->31(98)
[2023-12-20T08:26:39.833-0800][54150278ms] GC(980) Old regions: 163->163
[2023-12-20T08:26:39.833-0800][54150278ms] GC(980) Humongous regions: 5->5
[2023-12-20T08:26:39.833-0800][54150278ms] GC(980) Metaspace: 256332K->256332K(1294336K)
[2023-12-20T08:26:39.833-0800][54150278ms] GC(980) Pause Young (Normal) (GCLocker Initiated GC) 1902M->396M(2612M) 29.427ms
[2023-12-20T08:26:39.833-0800][54150278ms] GC(980) User=0.06s Sys=0.00s Real=0.03s
[2023-12-20T08:26:40.582-0800][54151027ms] GC(981) Pause Young (Normal) (GCLocker Initiated GC)
[2023-12-20T08:26:40.582-0800][54151027ms] GC(981) Using 10 workers of 10 for evacuation
[2023-12-20T08:26:40.610-0800][54151055ms] GC(981)   Pre Evacuate Collection Set: 0.0ms
[2023-12-20T08:26:40.610-0800][54151055ms] GC(981)   Evacuate Collection Set: 25.4ms
[2023-12-20T08:26:40.610-0800][54151055ms] GC(981)   Post Evacuate Collection Set: 2.5ms
[2023-12-20T08:26:40.610-0800][54151055ms] GC(981)   Other: 0.4ms
[2023-12-20T08:26:40.610-0800][54151055ms] GC(981) Eden regions: 753->0(752)
[2023-12-20T08:26:40.610-0800][54151055ms] GC(981) Survivor regions: 31->31(98)
[2023-12-20T08:26:40.610-0800][54151055ms] GC(981) Old regions: 163->163
[2023-12-20T08:26:40.610-0800][54151055ms] GC(981) Humongous regions: 5->5
[2023-12-20T08:26:40.610-0800][54151055ms] GC(981) Metaspace: 256332K->256332K(1294336K)
[2023-12-20T08:26:40.610-0800][54151055ms] GC(981) Pause Young (Normal) (GCLocker Initiated GC) 1901M->396M(2612M) 28.431ms
[2023-12-20T08:26:40.610-0800][54151055ms] GC(981) User=0.08s Sys=0.00s Real=0.03s
[2023-12-20T08:26:41.327-0800][54151772ms] GC(982) Pause Young (Normal) (GCLocker Initiated GC)
[2023-12-20T08:26:41.327-0800][54151772ms] GC(982) Using 10 workers of 10 for evacuation
[2023-12-20T08:26:41.355-0800][54151800ms] GC(982)   Pre Evacuate Collection Set: 0.0ms
[2023-12-20T08:26:41.355-0800][54151800ms] GC(982)   Evacuate Collection Set: 25.9ms
[2023-12-20T08:26:41.355-0800][54151800ms] GC(982)   Post Evacuate Collection Set: 2.4ms
[2023-12-20T08:26:41.355-0800][54151800ms] GC(982)   Other: 0.4ms
[2023-12-20T08:26:41.355-0800][54151800ms] GC(982) Eden regions: 753->0(751)
[2023-12-20T08:26:41.355-0800][54151800ms] GC(982) Survivor regions: 31->32(98)
[2023-12-20T08:26:41.355-0800][54151800ms] GC(982) Old regions: 163->163
[2023-12-20T08:26:41.355-0800][54151800ms] GC(982) Humongous regions: 5->5
[2023-12-20T08:26:41.355-0800][54151800ms] GC(982) Metaspace: 256333K->256333K(1294336K)
[2023-12-20T08:26:41.355-0800][54151800ms] GC(982) Pause Young (Normal) (GCLocker Initiated GC) 1901M->398M(2612M) 28.869ms
[2023-12-20T08:26:41.355-0800][54151800ms] GC(982) User=0.08s Sys=0.00s Real=0.03s
[2023-12-20T08:26:42.110-0800][54152555ms] GC(983) Pause Young (Normal) (G1 Evacuation Pause)
[2023-12-20T08:26:42.110-0800][54152555ms] GC(983) Using 10 workers of 10 for evacuation
[2023-12-20T08:26:42.138-0800][54152583ms] GC(983)   Pre Evacuate Collection Set: 0.1ms
[2023-12-20T08:26:42.138-0800][54152583ms] GC(983)   Evacuate Collection Set: 25.0ms
[2023-12-20T08:26:42.138-0800][54152583ms] GC(983)   Post Evacuate Collection Set: 2.4ms
[2023-12-20T08:26:42.138-0800][54152583ms] GC(983)   Other: 0.4ms
[2023-12-20T08:26:42.138-0800][54152583ms] GC(983) Eden regions: 751->0(752)
[2023-12-20T08:26:42.138-0800][54152583ms] GC(983) Survivor regions: 32->31(98)
[2023-12-20T08:26:42.138-0800][54152583ms] GC(983) Old regions: 163->163
[2023-12-20T08:26:42.138-0800][54152583ms] GC(983) Humongous regions: 5->5
[2023-12-20T08:26:42.138-0800][54152583ms] GC(983) Metaspace: 256333K->256333K(1294336K)
[2023-12-20T08:26:42.138-0800][54152583ms] GC(983) Pause Young (Normal) (G1 Evacuation Pause) 1900M->397M(2612M) 27.945ms
[2023-12-20T08:26:42.138-0800][54152583ms] GC(983) User=0.11s Sys=0.00s Real=0.03s
[2023-12-20T08:26:42.788-0800][54153233ms] GC(984) Pause Young (Normal) (G1 Evacuation Pause)
[2023-12-20T08:26:42.788-0800][54153233ms] GC(984) Using 10 workers of 10 for evacuation
[2023-12-20T08:26:42.818-0800][54153263ms] GC(984)   Pre Evacuate Collection Set: 0.0ms
[2023-12-20T08:26:42.818-0800][54153263ms] GC(984)   Evacuate Collection Set: 26.3ms
[2023-12-20T08:26:42.818-0800][54153263ms] GC(984)   Post Evacuate Collection Set: 2.6ms
[2023-12-20T08:26:42.818-0800][54153263ms] GC(984)   Other: 0.4ms
[2023-12-20T08:26:42.818-0800][54153263ms] GC(984) Eden regions: 752->0(753)
[2023-12-20T08:26:42.818-0800][54153263ms] GC(984) Survivor regions: 31->30(98)
[2023-12-20T08:26:42.818-0800][54153263ms] GC(984) Old regions: 163->163
[2023-12-20T08:26:42.818-0800][54153263ms] GC(984) Humongous regions: 5->5
[2023-12-20T08:26:42.818-0800][54153263ms] GC(984) Metaspace: 256333K->256333K(1294336K)
[2023-12-20T08:26:42.818-0800][54153263ms] GC(984) Pause Young (Normal) (G1 Evacuation Pause) 1901M->395M(2612M) 29.431ms
[2023-12-20T08:26:42.818-0800][54153263ms] GC(984) User=0.09s Sys=0.00s Real=0.03s
[2023-12-20T08:26:43.566-0800][54154011ms] GC(985) Pause Young (Normal) (G1 Evacuation Pause)
[2023-12-20T08:26:43.566-0800][54154011ms] GC(985) Using 10 workers of 10 for evacuation
[2023-12-20T08:26:43.596-0800][54154041ms] GC(985)   Pre Evacuate Collection Set: 0.0ms
[2023-12-20T08:26:43.596-0800][54154041ms] GC(985)   Evacuate Collection Set: 27.9ms
[2023-12-20T08:26:43.596-0800][54154041ms] GC(985)   Post Evacuate Collection Set: 3.0ms
[2023-12-20T08:26:43.596-0800][54154041ms] GC(985)   Other: 0.4ms
[2023-12-20T08:26:43.596-0800][54154041ms] GC(985) Eden regions: 753->0(752)
[2023-12-20T08:26:43.596-0800][54154041ms] GC(985) Survivor regions: 30->31(98)
[2023-12-20T08:26:43.596-0800][54154041ms] GC(985) Old regions: 163->163
[2023-12-20T08:26:43.596-0800][54154041ms] GC(985) Humongous regions: 5->5
[2023-12-20T08:26:43.596-0800][54154041ms] GC(985) Metaspace: 256341K->256341K(1294336K)
[2023-12-20T08:26:43.596-0800][54154041ms] GC(985) Pause Young (Normal) (G1 Evacuation Pause) 1901M->396M(2612M) 31.434ms
[2023-12-20T08:26:43.596-0800][54154041ms] GC(985) User=0.09s Sys=0.00s Real=0.03s
[2023-12-20T08:26:44.320-0800][54154765ms] GC(986) Pause Young (Normal) (G1 Evacuation Pause)
[2023-12-20T08:26:44.320-0800][54154765ms] GC(986) Using 10 workers of 10 for evacuation
[2023-12-20T08:26:44.349-0800][54154794ms] GC(986)   Pre Evacuate Collection Set: 0.0ms
[2023-12-20T08:26:44.349-0800][54154794ms] GC(986)   Evacuate Collection Set: 26.5ms
[2023-12-20T08:26:44.350-0800][54154795ms] GC(986)   Post Evacuate Collection Set: 2.3ms
[2023-12-20T08:26:44.350-0800][54154795ms] GC(986)   Other: 0.4ms
[2023-12-20T08:26:44.350-0800][54154795ms] GC(986) Eden regions: 752->0(753)
[2023-12-20T08:26:44.350-0800][54154795ms] GC(986) Survivor regions: 31->30(98)
[2023-12-20T08:26:44.350-0800][54154795ms] GC(986) Old regions: 163->164
[2023-12-20T08:26:44.350-0800][54154795ms] GC(986) Humongous regions: 5->5
[2023-12-20T08:26:44.350-0800][54154795ms] GC(986) Metaspace: 256341K->256341K(1294336K)
[2023-12-20T08:26:44.350-0800][54154795ms] GC(986) Pause Young (Normal) (G1 Evacuation Pause) 1900M->396M(2612M) 29.340ms
[2023-12-20T08:26:44.350-0800][54154795ms] GC(986) User=0.05s Sys=0.00s Real=0.03s
[2023-12-20T08:26:44.968-0800][54155413ms] GC(987) Pause Young (Normal) (G1 Evacuation Pause)
[2023-12-20T08:26:44.968-0800][54155413ms] GC(987) Using 10 workers of 10 for evacuation
[2023-12-20T08:26:44.998-0800][54155443ms] GC(987)   Pre Evacuate Collection Set: 0.0ms
[2023-12-20T08:26:44.998-0800][54155443ms] GC(987)   Evacuate Collection Set: 25.8ms
[2023-12-20T08:26:44.998-0800][54155443ms] GC(987)   Post Evacuate Collection Set: 2.6ms
[2023-12-20T08:26:44.998-0800][54155443ms] GC(987)   Other: 0.4ms
[2023-12-20T08:26:44.998-0800][54155443ms] GC(987) Eden regions: 753->0(753)
[2023-12-20T08:26:44.998-0800][54155443ms] GC(987) Survivor regions: 30->30(98)
[2023-12-20T08:26:44.998-0800][54155443ms] GC(987) Old regions: 164->164
[2023-12-20T08:26:44.998-0800][54155443ms] GC(987) Humongous regions: 5->5
[2023-12-20T08:26:44.998-0800][54155443ms] GC(987) Metaspace: 256341K->256341K(1294336K)
[2023-12-20T08:26:44.998-0800][54155443ms] GC(987) Pause Young (Normal) (G1 Evacuation Pause) 1902M->396M(2612M) 28.843ms
[2023-12-20T08:26:44.998-0800][54155443ms] GC(987) User=0.06s Sys=0.00s Real=0.03s
[2023-12-20T08:26:45.628-0800][54156073ms] GC(988) Pause Young (Normal) (G1 Evacuation Pause)
[2023-12-20T08:26:45.628-0800][54156073ms] GC(988) Using 10 workers of 10 for evacuation
[2023-12-20T08:26:45.656-0800][54156101ms] GC(988)   Pre Evacuate Collection Set: 0.0ms
[2023-12-20T08:26:45.656-0800][54156101ms] GC(988)   Evacuate Collection Set: 25.6ms
[2023-12-20T08:26:45.656-0800][54156101ms] GC(988)   Post Evacuate Collection Set: 2.4ms
[2023-12-20T08:26:45.656-0800][54156101ms] GC(988)   Other: 0.4ms
[2023-12-20T08:26:45.656-0800][54156101ms] GC(988) Eden regions: 753->0(753)
[2023-12-20T08:26:45.656-0800][54156101ms] GC(988) Survivor regions: 30->30(98)
[2023-12-20T08:26:45.656-0800][54156101ms] GC(988) Old regions: 164->164
[2023-12-20T08:26:45.656-0800][54156101ms] GC(988) Humongous regions: 5->5
[2023-12-20T08:26:45.656-0800][54156101ms] GC(988) Metaspace: 256341K->256341K(1294336K)
[2023-12-20T08:26:45.656-0800][54156101ms] GC(988) Pause Young (Normal) (G1 Evacuation Pause) 1902M->396M(2612M) 28.543ms
[2023-12-20T08:26:45.656-0800][54156101ms] GC(988) User=0.08s Sys=0.00s Real=0.03s
[2023-12-20T08:26:46.386-0800][54156831ms] GC(989) Pause Young (Normal) (G1 Evacuation Pause)
[2023-12-20T08:26:46.386-0800][54156831ms] GC(989) Using 10 workers of 10 for evacuation
[2023-12-20T08:26:46.415-0800][54156860ms] GC(989)   Pre Evacuate Collection Set: 0.0ms
[2023-12-20T08:26:46.415-0800][54156860ms] GC(989)   Evacuate Collection Set: 26.9ms
[2023-12-20T08:26:46.415-0800][54156860ms] GC(989)   Post Evacuate Collection Set: 2.9ms
[2023-12-20T08:26:46.415-0800][54156860ms] GC(989)   Other: 0.4ms
[2023-12-20T08:26:46.415-0800][54156860ms] GC(989) Eden regions: 753->0(753)
[2023-12-20T08:26:46.415-0800][54156860ms] GC(989) Survivor regions: 30->30(98)
[2023-12-20T08:26:46.415-0800][54156860ms] GC(989) Old regions: 164->164
[2023-12-20T08:26:46.415-0800][54156860ms] GC(989) Humongous regions: 5->5
[2023-12-20T08:26:46.415-0800][54156860ms] GC(989) Metaspace: 256356K->256356K(1294336K)
[2023-12-20T08:26:46.415-0800][54156860ms] GC(989) Pause Young (Normal) (G1 Evacuation Pause) 1902M->396M(2612M) 30.265ms
[2023-12-20T08:26:46.415-0800][54156860ms] GC(989) User=0.08s Sys=0.00s Real=0.03s
[2023-12-20T08:26:46.901-0800][54157346ms] GC(990) Pause Young (Normal) (G1 Evacuation Pause)
[2023-12-20T08:26:46.901-0800][54157346ms] GC(990) Using 10 workers of 10 for evacuation
[2023-12-20T08:26:46.929-0800][54157374ms] GC(990)   Pre Evacuate Collection Set: 0.0ms
[2023-12-20T08:26:46.929-0800][54157374ms] GC(990)   Evacuate Collection Set: 26.4ms
[2023-12-20T08:26:46.929-0800][54157374ms] GC(990)   Post Evacuate Collection Set: 2.5ms
[2023-12-20T08:26:46.929-0800][54157374ms] GC(990)   Other: 0.4ms
[2023-12-20T08:26:46.929-0800][54157374ms] GC(990) Eden regions: 753->0(753)
[2023-12-20T08:26:46.929-0800][54157374ms] GC(990) Survivor regions: 30->30(98)
[2023-12-20T08:26:46.929-0800][54157374ms] GC(990) Old regions: 164->164
[2023-12-20T08:26:46.929-0800][54157374ms] GC(990) Humongous regions: 5->5
[2023-12-20T08:26:46.929-0800][54157374ms] GC(990) Metaspace: 256356K->256356K(1294336K)
[2023-12-20T08:26:46.929-0800][54157374ms] GC(990) Pause Young (Normal) (G1 Evacuation Pause) 1902M->396M(2612M) 29.388ms
[2023-12-20T08:26:46.929-0800][54157374ms] GC(990) User=0.14s Sys=0.00s Real=0.03s
[2023-12-20T08:26:47.527-0800][54157972ms] GC(991) Pause Young (Normal) (G1 Evacuation Pause)
[2023-12-20T08:26:47.527-0800][54157972ms] GC(991) Using 10 workers of 10 for evacuation
[2023-12-20T08:26:47.556-0800][54158001ms] GC(991)   Pre Evacuate Collection Set: 0.0ms
[2023-12-20T08:26:47.556-0800][54158001ms] GC(991)   Evacuate Collection Set: 26.2ms
[2023-12-20T08:26:47.556-0800][54158001ms] GC(991)   Post Evacuate Collection Set: 2.4ms
[2023-12-20T08:26:47.556-0800][54158001ms] GC(991)   Other: 0.3ms
[2023-12-20T08:26:47.556-0800][54158001ms] GC(991) Eden regions: 753->0(753)
[2023-12-20T08:26:47.556-0800][54158001ms] GC(991) Survivor regions: 30->30(98)
[2023-12-20T08:26:47.556-0800][54158001ms] GC(991) Old regions: 164->164
[2023-12-20T08:26:47.556-0800][54158001ms] GC(991) Humongous regions: 5->5
[2023-12-20T08:26:47.556-0800][54158001ms] GC(991) Metaspace: 256356K->256356K(1294336K)
[2023-12-20T08:26:47.556-0800][54158001ms] GC(991) Pause Young (Normal) (G1 Evacuation Pause) 1902M->396M(2612M) 29.115ms
[2023-12-20T08:26:47.556-0800][54158001ms] GC(991) User=0.08s Sys=0.00s Real=0.03s
[2023-12-20T08:26:48.137-0800][54158582ms] GC(992) Pause Young (Normal) (G1 Evacuation Pause)
[2023-12-20T08:26:48.137-0800][54158582ms] GC(992) Using 10 workers of 10 for evacuation
[2023-12-20T08:26:48.169-0800][54158614ms] GC(992)   Pre Evacuate Collection Set: 0.0ms
[2023-12-20T08:26:48.170-0800][54158615ms] GC(992)   Evacuate Collection Set: 24.8ms
[2023-12-20T08:26:48.170-0800][54158615ms] GC(992)   Post Evacuate Collection Set: 7.1ms
[2023-12-20T08:26:48.170-0800][54158615ms] GC(992)   Other: 0.4ms
[2023-12-20T08:26:48.170-0800][54158615ms] GC(992) Eden regions: 753->0(753)
[2023-12-20T08:26:48.170-0800][54158615ms] GC(992) Survivor regions: 30->30(98)
[2023-12-20T08:26:48.170-0800][54158615ms] GC(992) Old regions: 164->164
[2023-12-20T08:26:48.170-0800][54158615ms] GC(992) Humongous regions: 5->5
[2023-12-20T08:26:48.170-0800][54158615ms] GC(992) Metaspace: 256356K->256356K(1294336K)
[2023-12-20T08:26:48.170-0800][54158615ms] GC(992) Pause Young (Normal) (G1 Evacuation Pause) 1902M->396M(2612M) 32.529ms
[2023-12-20T08:26:48.170-0800][54158615ms] GC(992) User=0.08s Sys=0.00s Real=0.03s
[2023-12-20T08:26:48.799-0800][54159244ms] GC(993) Pause Young (Normal) (G1 Evacuation Pause)
[2023-12-20T08:26:48.799-0800][54159244ms] GC(993) Using 10 workers of 10 for evacuation
[2023-12-20T08:26:48.827-0800][54159272ms] GC(993)   Pre Evacuate Collection Set: 0.0ms
[2023-12-20T08:26:48.827-0800][54159272ms] GC(993)   Evacuate Collection Set: 24.9ms
[2023-12-20T08:26:48.827-0800][54159272ms] GC(993)   Post Evacuate Collection Set: 2.4ms
[2023-12-20T08:26:48.827-0800][54159272ms] GC(993)   Other: 0.4ms
[2023-12-20T08:26:48.827-0800][54159272ms] GC(993) Eden regions: 753->0(753)
[2023-12-20T08:26:48.827-0800][54159272ms] GC(993) Survivor regions: 30->30(98)
[2023-12-20T08:26:48.827-0800][54159272ms] GC(993) Old regions: 164->164
[2023-12-20T08:26:48.827-0800][54159272ms] GC(993) Humongous regions: 5->5
[2023-12-20T08:26:48.827-0800][54159272ms] GC(993) Metaspace: 256356K->256356K(1294336K)
[2023-12-20T08:26:48.827-0800][54159272ms] GC(993) Pause Young (Normal) (G1 Evacuation Pause) 1902M->396M(2612M) 27.779ms
[2023-12-20T08:26:48.827-0800][54159272ms] GC(993) User=0.11s Sys=0.00s Real=0.03s
[2023-12-20T08:26:49.426-0800][54159871ms] GC(994) Pause Young (Normal) (G1 Evacuation Pause)
[2023-12-20T08:26:49.426-0800][54159871ms] GC(994) Using 10 workers of 10 for evacuation
[2023-12-20T08:26:49.454-0800][54159899ms] GC(994)   Pre Evacuate Collection Set: 0.0ms
[2023-12-20T08:26:49.454-0800][54159899ms] GC(994)   Evacuate Collection Set: 25.8ms
[2023-12-20T08:26:49.454-0800][54159899ms] GC(994)   Post Evacuate Collection Set: 2.2ms
[2023-12-20T08:26:49.454-0800][54159899ms] GC(994)   Other: 0.4ms
[2023-12-20T08:26:49.454-0800][54159899ms] GC(994) Eden regions: 753->0(753)
[2023-12-20T08:26:49.454-0800][54159899ms] GC(994) Survivor regions: 30->30(98)
[2023-12-20T08:26:49.454-0800][54159899ms] GC(994) Old regions: 164->164
[2023-12-20T08:26:49.454-0800][54159899ms] GC(994) Humongous regions: 5->5
[2023-12-20T08:26:49.454-0800][54159899ms] GC(994) Metaspace: 256356K->256356K(1294336K)
[2023-12-20T08:26:49.454-0800][54159899ms] GC(994) Pause Young (Normal) (G1 Evacuation Pause) 1902M->396M(2612M) 28.628ms
[2023-12-20T08:26:49.454-0800][54159899ms] GC(994) User=0.05s Sys=0.00s Real=0.03s
[2023-12-20T08:26:49.916-0800][54160361ms] GC(995) Pause Young (Normal) (G1 Evacuation Pause)
[2023-12-20T08:26:49.916-0800][54160361ms] GC(995) Using 10 workers of 10 for evacuation
[2023-12-20T08:26:49.944-0800][54160389ms] GC(995)   Pre Evacuate Collection Set: 0.0ms
[2023-12-20T08:26:49.944-0800][54160389ms] GC(995)   Evacuate Collection Set: 25.4ms
[2023-12-20T08:26:49.944-0800][54160389ms] GC(995)   Post Evacuate Collection Set: 2.4ms
[2023-12-20T08:26:49.944-0800][54160389ms] GC(995)   Other: 0.4ms
[2023-12-20T08:26:49.944-0800][54160389ms] GC(995) Eden regions: 753->0(753)
[2023-12-20T08:26:49.944-0800][54160389ms] GC(995) Survivor regions: 30->30(98)
[2023-12-20T08:26:49.944-0800][54160389ms] GC(995) Old regions: 164->164
[2023-12-20T08:26:49.944-0800][54160389ms] GC(995) Humongous regions: 5->5
[2023-12-20T08:26:49.944-0800][54160389ms] GC(995) Metaspace: 256356K->256356K(1294336K)
[2023-12-20T08:26:49.944-0800][54160389ms] GC(995) Pause Young (Normal) (G1 Evacuation Pause) 1902M->396M(2612M) 28.301ms
[2023-12-20T08:26:49.944-0800][54160389ms] GC(995) User=0.09s Sys=0.00s Real=0.03s
[2023-12-20T08:26:50.728-0800][54161173ms] GC(996) Pause Young (Normal) (G1 Evacuation Pause)
[2023-12-20T08:26:50.728-0800][54161173ms] GC(996) Using 10 workers of 10 for evacuation
[2023-12-20T08:26:50.756-0800][54161201ms] GC(996)   Pre Evacuate Collection Set: 0.0ms
[2023-12-20T08:26:50.756-0800][54161201ms] GC(996)   Evacuate Collection Set: 25.7ms
[2023-12-20T08:26:50.756-0800][54161201ms] GC(996)   Post Evacuate Collection Set: 2.4ms
[2023-12-20T08:26:50.756-0800][54161201ms] GC(996)   Other: 0.4ms
[2023-12-20T08:26:50.756-0800][54161201ms] GC(996) Eden regions: 753->0(753)
[2023-12-20T08:26:50.756-0800][54161201ms] GC(996) Survivor regions: 30->30(98)
[2023-12-20T08:26:50.756-0800][54161201ms] GC(996) Old regions: 164->164
[2023-12-20T08:26:50.756-0800][54161201ms] GC(996) Humongous regions: 5->5
[2023-12-20T08:26:50.756-0800][54161201ms] GC(996) Metaspace: 256356K->256356K(1294336K)
[2023-12-20T08:26:50.756-0800][54161201ms] GC(996) Pause Young (Normal) (G1 Evacuation Pause) 1902M->396M(2612M) 28.688ms
[2023-12-20T08:26:50.756-0800][54161201ms] GC(996) User=0.05s Sys=0.00s Real=0.03s
[2023-12-20T08:26:51.585-0800][54162030ms] GC(997) Pause Young (Normal) (G1 Evacuation Pause)
[2023-12-20T08:26:51.585-0800][54162030ms] GC(997) Using 10 workers of 10 for evacuation
[2023-12-20T08:26:51.615-0800][54162060ms] GC(997)   Pre Evacuate Collection Set: 0.0ms
[2023-12-20T08:26:51.615-0800][54162060ms] GC(997)   Evacuate Collection Set: 26.6ms
[2023-12-20T08:26:51.615-0800][54162060ms] GC(997)   Post Evacuate Collection Set: 2.3ms
[2023-12-20T08:26:51.615-0800][54162060ms] GC(997)   Other: 0.3ms
[2023-12-20T08:26:51.615-0800][54162060ms] GC(997) Eden regions: 753->0(753)
[2023-12-20T08:26:51.615-0800][54162060ms] GC(997) Survivor regions: 30->30(98)
[2023-12-20T08:26:51.615-0800][54162060ms] GC(997) Old regions: 164->164
[2023-12-20T08:26:51.615-0800][54162060ms] GC(997) Humongous regions: 5->5
[2023-12-20T08:26:51.615-0800][54162060ms] GC(997) Metaspace: 256356K->256356K(1294336K)
[2023-12-20T08:26:51.615-0800][54162060ms] GC(997) Pause Young (Normal) (G1 Evacuation Pause) 1902M->396M(2612M) 29.430ms
[2023-12-20T08:26:51.615-0800][54162060ms] GC(997) User=0.08s Sys=0.00s Real=0.03s
[2023-12-20T08:26:52.207-0800][54162652ms] GC(998) Pause Young (Normal) (G1 Evacuation Pause)
[2023-12-20T08:26:52.208-0800][54162653ms] GC(998) Using 10 workers of 10 for evacuation
[2023-12-20T08:26:52.235-0800][54162680ms] GC(998)   Pre Evacuate Collection Set: 0.0ms
[2023-12-20T08:26:52.235-0800][54162680ms] GC(998)   Evacuate Collection Set: 25.4ms
[2023-12-20T08:26:52.235-0800][54162680ms] GC(998)   Post Evacuate Collection Set: 2.5ms
[2023-12-20T08:26:52.235-0800][54162680ms] GC(998)   Other: 0.4ms
[2023-12-20T08:26:52.235-0800][54162680ms] GC(998) Eden regions: 753->0(753)
[2023-12-20T08:26:52.235-0800][54162680ms] GC(998) Survivor regions: 30->30(98)
[2023-12-20T08:26:52.235-0800][54162680ms] GC(998) Old regions: 164->164
[2023-12-20T08:26:52.235-0800][54162680ms] GC(998) Humongous regions: 5->5
[2023-12-20T08:26:52.235-0800][54162680ms] GC(998) Metaspace: 256356K->256356K(1294336K)
[2023-12-20T08:26:52.235-0800][54162680ms] GC(998) Pause Young (Normal) (G1 Evacuation Pause) 1902M->396M(2612M) 28.347ms
[2023-12-20T08:26:52.235-0800][54162680ms] GC(998) User=0.13s Sys=0.00s Real=0.03s
[2023-12-20T08:26:52.905-0800][54163350ms] GC(999) Pause Young (Normal) (G1 Evacuation Pause)
[2023-12-20T08:26:52.905-0800][54163350ms] GC(999) Using 10 workers of 10 for evacuation
[2023-12-20T08:26:52.933-0800][54163378ms] GC(999)   Pre Evacuate Collection Set: 0.0ms
[2023-12-20T08:26:52.933-0800][54163378ms] GC(999)   Evacuate Collection Set: 25.6ms
[2023-12-20T08:26:52.933-0800][54163378ms] GC(999)   Post Evacuate Collection Set: 2.5ms
[2023-12-20T08:26:52.933-0800][54163378ms] GC(999)   Other: 0.4ms
[2023-12-20T08:26:52.933-0800][54163378ms] GC(999) Eden regions: 753->0(753)
[2023-12-20T08:26:52.933-0800][54163378ms] GC(999) Survivor regions: 30->30(98)
[2023-12-20T08:26:52.933-0800][54163378ms] GC(999) Old regions: 164->164
[2023-12-20T08:26:52.933-0800][54163378ms] GC(999) Humongous regions: 5->5
[2023-12-20T08:26:52.933-0800][54163378ms] GC(999) Metaspace: 256356K->256356K(1294336K)
[2023-12-20T08:26:52.933-0800][54163378ms] GC(999) Pause Young (Normal) (G1 Evacuation Pause) 1902M->396M(2612M) 28.605ms
[2023-12-20T08:26:52.933-0800][54163378ms] GC(999) User=0.06s Sys=0.00s Real=0.03s
[2023-12-20T08:26:53.620-0800][54164065ms] GC(1000) Pause Young (Normal) (G1 Evacuation Pause)
[2023-12-20T08:26:53.620-0800][54164065ms] GC(1000) Using 10 workers of 10 for evacuation
[2023-12-20T08:26:53.650-0800][54164095ms] GC(1000)   Pre Evacuate Collection Set: 0.0ms
[2023-12-20T08:26:53.650-0800][54164095ms] GC(1000)   Evacuate Collection Set: 26.2ms
[2023-12-20T08:26:53.650-0800][54164095ms] GC(1000)   Post Evacuate Collection Set: 2.5ms
[2023-12-20T08:26:53.650-0800][54164095ms] GC(1000)   Other: 0.4ms
[2023-12-20T08:26:53.650-0800][54164095ms] GC(1000) Eden regions: 753->0(753)
[2023-12-20T08:26:53.650-0800][54164095ms] GC(1000) Survivor regions: 30->30(98)
[2023-12-20T08:26:53.650-0800][54164095ms] GC(1000) Old regions: 164->164
[2023-12-20T08:26:53.650-0800][54164095ms] GC(1000) Humongous regions: 5->5
[2023-12-20T08:26:53.650-0800][54164095ms] GC(1000) Metaspace: 256357K->256357K(1294336K)
[2023-12-20T08:26:53.650-0800][54164095ms] GC(1000) Pause Young (Normal) (G1 Evacuation Pause) 1902M->396M(2612M) 29.289ms
[2023-12-20T08:26:53.650-0800][54164095ms] GC(1000) User=0.11s Sys=0.00s Real=0.03s
[2023-12-20T08:26:54.377-0800][54164822ms] GC(1001) Pause Young (Normal) (G1 Evacuation Pause)
[2023-12-20T08:26:54.377-0800][54164822ms] GC(1001) Using 10 workers of 10 for evacuation
[2023-12-20T08:26:54.411-0800][54164856ms] GC(1001)   Pre Evacuate Collection Set: 0.0ms
[2023-12-20T08:26:54.411-0800][54164856ms] GC(1001)   Evacuate Collection Set: 26.0ms
[2023-12-20T08:26:54.411-0800][54164856ms] GC(1001)   Post Evacuate Collection Set: 7.5ms
[2023-12-20T08:26:54.411-0800][54164856ms] GC(1001)   Other: 0.4ms
[2023-12-20T08:26:54.411-0800][54164856ms] GC(1001) Eden regions: 753->0(753)
[2023-12-20T08:26:54.411-0800][54164856ms] GC(1001) Survivor regions: 30->30(98)
[2023-12-20T08:26:54.411-0800][54164856ms] GC(1001) Old regions: 164->164
[2023-12-20T08:26:54.411-0800][54164856ms] GC(1001) Humongous regions: 5->5
[2023-12-20T08:26:54.411-0800][54164856ms] GC(1001) Metaspace: 256357K->256357K(1294336K)
[2023-12-20T08:26:54.412-0800][54164857ms] GC(1001) Pause Young (Normal) (G1 Evacuation Pause) 1902M->396M(2612M) 34.063ms
[2023-12-20T08:26:54.412-0800][54164857ms] GC(1001) User=0.16s Sys=0.00s Real=0.03s
[2023-12-20T08:26:55.412-0800][54165857ms] GC(1002) Pause Young (Normal) (G1 Evacuation Pause)
[2023-12-20T08:26:55.412-0800][54165857ms] GC(1002) Using 10 workers of 10 for evacuation
[2023-12-20T08:26:55.445-0800][54165890ms] GC(1002)   Pre Evacuate Collection Set: 0.0ms
[2023-12-20T08:26:55.445-0800][54165890ms] GC(1002)   Evacuate Collection Set: 30.2ms
[2023-12-20T08:26:55.445-0800][54165890ms] GC(1002)   Post Evacuate Collection Set: 2.2ms
[2023-12-20T08:26:55.445-0800][54165890ms] GC(1002)   Other: 0.5ms
[2023-12-20T08:26:55.445-0800][54165890ms] GC(1002) Eden regions: 753->0(753)
[2023-12-20T08:26:55.445-0800][54165890ms] GC(1002) Survivor regions: 30->30(98)
[2023-12-20T08:26:55.445-0800][54165890ms] GC(1002) Old regions: 164->164
[2023-12-20T08:26:55.445-0800][54165890ms] GC(1002) Humongous regions: 5->5
[2023-12-20T08:26:55.445-0800][54165890ms] GC(1002) Metaspace: 256357K->256357K(1294336K)
[2023-12-20T08:26:55.445-0800][54165890ms] GC(1002) Pause Young (Normal) (G1 Evacuation Pause) 1902M->395M(2612M) 33.012ms
[2023-12-20T08:26:55.445-0800][54165890ms] GC(1002) User=0.11s Sys=0.00s Real=0.03s
[2023-12-20T08:26:56.242-0800][54166687ms] GC(1003) Pause Young (Normal) (G1 Evacuation Pause)
[2023-12-20T08:26:56.242-0800][54166687ms] GC(1003) Using 10 workers of 10 for evacuation
[2023-12-20T08:26:56.274-0800][54166719ms] GC(1003)   Pre Evacuate Collection Set: 0.0ms
[2023-12-20T08:26:56.274-0800][54166719ms] GC(1003)   Evacuate Collection Set: 28.1ms
[2023-12-20T08:26:56.274-0800][54166719ms] GC(1003)   Post Evacuate Collection Set: 2.8ms
[2023-12-20T08:26:56.274-0800][54166719ms] GC(1003)   Other: 0.4ms
[2023-12-20T08:26:56.274-0800][54166719ms] GC(1003) Eden regions: 753->0(753)
[2023-12-20T08:26:56.274-0800][54166719ms] GC(1003) Survivor regions: 30->30(98)
[2023-12-20T08:26:56.274-0800][54166719ms] GC(1003) Old regions: 164->164
[2023-12-20T08:26:56.274-0800][54166719ms] GC(1003) Humongous regions: 5->5
[2023-12-20T08:26:56.274-0800][54166719ms] GC(1003) Metaspace: 256357K->256357K(1294336K)
[2023-12-20T08:26:56.274-0800][54166719ms] GC(1003) Pause Young (Normal) (G1 Evacuation Pause) 1901M->396M(2612M) 31.589ms
[2023-12-20T08:26:56.274-0800][54166719ms] GC(1003) User=0.11s Sys=0.00s Real=0.03s
[2023-12-20T08:26:56.974-0800][54167419ms] GC(1004) Pause Young (Normal) (G1 Evacuation Pause)
[2023-12-20T08:26:56.974-0800][54167419ms] GC(1004) Using 10 workers of 10 for evacuation
[2023-12-20T08:26:57.006-0800][54167451ms] GC(1004)   Pre Evacuate Collection Set: 0.0ms
[2023-12-20T08:26:57.007-0800][54167452ms] GC(1004)   Evacuate Collection Set: 29.2ms
[2023-12-20T08:26:57.007-0800][54167452ms] GC(1004)   Post Evacuate Collection Set: 2.8ms
[2023-12-20T08:26:57.007-0800][54167452ms] GC(1004)   Other: 0.4ms
[2023-12-20T08:26:57.007-0800][54167452ms] GC(1004) Eden regions: 753->0(753)
[2023-12-20T08:26:57.007-0800][54167452ms] GC(1004) Survivor regions: 30->30(98)
[2023-12-20T08:26:57.007-0800][54167452ms] GC(1004) Old regions: 164->164
[2023-12-20T08:26:57.007-0800][54167452ms] GC(1004) Humongous regions: 5->5
[2023-12-20T08:26:57.007-0800][54167452ms] GC(1004) Metaspace: 256357K->256357K(1294336K)
[2023-12-20T08:26:57.007-0800][54167452ms] GC(1004) Pause Young (Normal) (G1 Evacuation Pause) 1902M->396M(2612M) 32.524ms
[2023-12-20T08:26:57.007-0800][54167452ms] GC(1004) User=0.14s Sys=0.00s Real=0.03s
[2023-12-20T08:26:57.724-0800][54168169ms] GC(1005) Pause Young (Normal) (G1 Evacuation Pause)
[2023-12-20T08:26:57.724-0800][54168169ms] GC(1005) Using 10 workers of 10 for evacuation
[2023-12-20T08:26:57.753-0800][54168198ms] GC(1005)   Pre Evacuate Collection Set: 0.0ms
[2023-12-20T08:26:57.753-0800][54168198ms] GC(1005)   Evacuate Collection Set: 26.4ms
[2023-12-20T08:26:57.753-0800][54168198ms] GC(1005)   Post Evacuate Collection Set: 2.5ms
[2023-12-20T08:26:57.753-0800][54168198ms] GC(1005)   Other: 0.4ms
[2023-12-20T08:26:57.753-0800][54168198ms] GC(1005) Eden regions: 753->0(753)
[2023-12-20T08:26:57.753-0800][54168198ms] GC(1005) Survivor regions: 30->30(98)
[2023-12-20T08:26:57.753-0800][54168198ms] GC(1005) Old regions: 164->164
[2023-12-20T08:26:57.753-0800][54168198ms] GC(1005) Humongous regions: 5->5
[2023-12-20T08:26:57.753-0800][54168198ms] GC(1005) Metaspace: 256357K->256357K(1294336K)
[2023-12-20T08:26:57.753-0800][54168198ms] GC(1005) Pause Young (Normal) (G1 Evacuation Pause) 1902M->396M(2612M) 29.384ms
[2023-12-20T08:26:57.753-0800][54168198ms] GC(1005) User=0.19s Sys=0.00s Real=0.03s
[2023-12-20T08:26:58.524-0800][54168969ms] GC(1006) Pause Young (Normal) (G1 Evacuation Pause)
[2023-12-20T08:26:58.524-0800][54168969ms] GC(1006) Using 10 workers of 10 for evacuation
[2023-12-20T08:26:58.553-0800][54168998ms] GC(1006)   Pre Evacuate Collection Set: 0.0ms
[2023-12-20T08:26:58.553-0800][54168998ms] GC(1006)   Evacuate Collection Set: 26.7ms
[2023-12-20T08:26:58.553-0800][54168998ms] GC(1006)   Post Evacuate Collection Set: 2.4ms
[2023-12-20T08:26:58.554-0800][54168999ms] GC(1006)   Other: 0.4ms
[2023-12-20T08:26:58.554-0800][54168999ms] GC(1006) Eden regions: 753->0(753)
[2023-12-20T08:26:58.554-0800][54168999ms] GC(1006) Survivor regions: 30->30(98)
[2023-12-20T08:26:58.554-0800][54168999ms] GC(1006) Old regions: 164->164
[2023-12-20T08:26:58.554-0800][54168999ms] GC(1006) Humongous regions: 5->5
[2023-12-20T08:26:58.554-0800][54168999ms] GC(1006) Metaspace: 256357K->256357K(1294336K)
[2023-12-20T08:26:58.554-0800][54168999ms] GC(1006) Pause Young (Normal) (G1 Evacuation Pause) 1902M->396M(2612M) 29.625ms
[2023-12-20T08:26:58.554-0800][54168999ms] GC(1006) User=0.11s Sys=0.00s Real=0.03s
[2023-12-20T08:26:59.386-0800][54169831ms] GC(1007) Pause Young (Normal) (G1 Evacuation Pause)
[2023-12-20T08:26:59.386-0800][54169831ms] GC(1007) Using 10 workers of 10 for evacuation
[2023-12-20T08:26:59.416-0800][54169861ms] GC(1007)   Pre Evacuate Collection Set: 0.1ms
[2023-12-20T08:26:59.416-0800][54169861ms] GC(1007)   Evacuate Collection Set: 26.7ms
[2023-12-20T08:26:59.416-0800][54169861ms] GC(1007)   Post Evacuate Collection Set: 2.4ms
[2023-12-20T08:26:59.416-0800][54169861ms] GC(1007)   Other: 0.3ms
[2023-12-20T08:26:59.416-0800][54169861ms] GC(1007) Eden regions: 753->0(753)
[2023-12-20T08:26:59.416-0800][54169861ms] GC(1007) Survivor regions: 30->30(98)
[2023-12-20T08:26:59.416-0800][54169861ms] GC(1007) Old regions: 164->164
[2023-12-20T08:26:59.416-0800][54169861ms] GC(1007) Humongous regions: 5->5
[2023-12-20T08:26:59.416-0800][54169861ms] GC(1007) Metaspace: 256357K->256357K(1294336K)
[2023-12-20T08:26:59.416-0800][54169861ms] GC(1007) Pause Young (Normal) (G1 Evacuation Pause) 1902M->396M(2612M) 29.668ms
[2023-12-20T08:26:59.416-0800][54169861ms] GC(1007) User=0.09s Sys=0.00s Real=0.03s
[2023-12-20T08:27:00.235-0800][54170680ms] GC(1008) Pause Young (Normal) (G1 Evacuation Pause)
[2023-12-20T08:27:00.235-0800][54170680ms] GC(1008) Using 10 workers of 10 for evacuation
[2023-12-20T08:27:00.266-0800][54170711ms] GC(1008)   Pre Evacuate Collection Set: 0.0ms
[2023-12-20T08:27:00.266-0800][54170711ms] GC(1008)   Evacuate Collection Set: 28.0ms
[2023-12-20T08:27:00.266-0800][54170711ms] GC(1008)   Post Evacuate Collection Set: 2.5ms
[2023-12-20T08:27:00.266-0800][54170711ms] GC(1008)   Other: 0.4ms
[2023-12-20T08:27:00.266-0800][54170711ms] GC(1008) Eden regions: 753->0(753)
[2023-12-20T08:27:00.266-0800][54170711ms] GC(1008) Survivor regions: 30->30(98)
[2023-12-20T08:27:00.266-0800][54170711ms] GC(1008) Old regions: 164->164
[2023-12-20T08:27:00.266-0800][54170711ms] GC(1008) Humongous regions: 5->5
[2023-12-20T08:27:00.266-0800][54170711ms] GC(1008) Metaspace: 256357K->256357K(1294336K)
[2023-12-20T08:27:00.266-0800][54170711ms] GC(1008) Pause Young (Normal) (G1 Evacuation Pause) 1902M->395M(2612M) 30.996ms
[2023-12-20T08:27:00.266-0800][54170711ms] GC(1008) User=0.09s Sys=0.00s Real=0.03s
[2023-12-20T08:27:01.078-0800][54171523ms] GC(1009) Pause Young (Normal) (G1 Evacuation Pause)
[2023-12-20T08:27:01.078-0800][54171523ms] GC(1009) Using 10 workers of 10 for evacuation
[2023-12-20T08:27:01.108-0800][54171553ms] GC(1009)   Pre Evacuate Collection Set: 0.0ms
[2023-12-20T08:27:01.108-0800][54171553ms] GC(1009)   Evacuate Collection Set: 26.8ms
[2023-12-20T08:27:01.108-0800][54171553ms] GC(1009)   Post Evacuate Collection Set: 2.4ms
[2023-12-20T08:27:01.108-0800][54171553ms] GC(1009)   Other: 0.3ms
[2023-12-20T08:27:01.108-0800][54171553ms] GC(1009) Eden regions: 753->0(753)
[2023-12-20T08:27:01.108-0800][54171553ms] GC(1009) Survivor regions: 30->30(98)
[2023-12-20T08:27:01.108-0800][54171553ms] GC(1009) Old regions: 164->164
[2023-12-20T08:27:01.108-0800][54171553ms] GC(1009) Humongous regions: 5->5
[2023-12-20T08:27:01.108-0800][54171553ms] GC(1009) Metaspace: 256357K->256357K(1294336K)
[2023-12-20T08:27:01.108-0800][54171553ms] GC(1009) Pause Young (Normal) (G1 Evacuation Pause) 1901M->396M(2612M) 29.713ms
[2023-12-20T08:27:01.108-0800][54171553ms] GC(1009) User=0.08s Sys=0.00s Real=0.03s
[2023-12-20T08:27:01.947-0800][54172392ms] GC(1010) Pause Young (Normal) (G1 Evacuation Pause)
[2023-12-20T08:27:01.947-0800][54172392ms] GC(1010) Using 10 workers of 10 for evacuation
[2023-12-20T08:27:01.977-0800][54172422ms] GC(1010)   Pre Evacuate Collection Set: 0.0ms
[2023-12-20T08:27:01.977-0800][54172422ms] GC(1010)   Evacuate Collection Set: 26.9ms
[2023-12-20T08:27:01.977-0800][54172422ms] GC(1010)   Post Evacuate Collection Set: 2.3ms
[2023-12-20T08:27:01.977-0800][54172422ms] GC(1010)   Other: 0.3ms
[2023-12-20T08:27:01.977-0800][54172422ms] GC(1010) Eden regions: 753->0(754)
[2023-12-20T08:27:01.977-0800][54172422ms] GC(1010) Survivor regions: 30->29(98)
[2023-12-20T08:27:01.977-0800][54172422ms] GC(1010) Old regions: 164->164
[2023-12-20T08:27:01.977-0800][54172422ms] GC(1010) Humongous regions: 5->5
[2023-12-20T08:27:01.977-0800][54172422ms] GC(1010) Metaspace: 256357K->256357K(1294336K)
[2023-12-20T08:27:01.977-0800][54172422ms] GC(1010) Pause Young (Normal) (G1 Evacuation Pause) 1902M->394M(2612M) 29.657ms
[2023-12-20T08:27:01.977-0800][54172422ms] GC(1010) User=0.13s Sys=0.00s Real=0.03s
[2023-12-20T08:27:02.699-0800][54173144ms] GC(1011) Pause Young (Normal) (G1 Evacuation Pause)
[2023-12-20T08:27:02.699-0800][54173144ms] GC(1011) Using 10 workers of 10 for evacuation
[2023-12-20T08:27:02.729-0800][54173174ms] GC(1011)   Pre Evacuate Collection Set: 0.0ms
[2023-12-20T08:27:02.729-0800][54173174ms] GC(1011)   Evacuate Collection Set: 27.4ms
[2023-12-20T08:27:02.729-0800][54173174ms] GC(1011)   Post Evacuate Collection Set: 2.7ms
[2023-12-20T08:27:02.730-0800][54173175ms] GC(1011)   Other: 0.4ms
[2023-12-20T08:27:02.730-0800][54173175ms] GC(1011) Eden regions: 754->0(753)
[2023-12-20T08:27:02.730-0800][54173175ms] GC(1011) Survivor regions: 29->30(98)
[2023-12-20T08:27:02.730-0800][54173175ms] GC(1011) Old regions: 164->164
[2023-12-20T08:27:02.730-0800][54173175ms] GC(1011) Humongous regions: 5->5
[2023-12-20T08:27:02.730-0800][54173175ms] GC(1011) Metaspace: 256357K->256357K(1294336K)
[2023-12-20T08:27:02.730-0800][54173175ms] GC(1011) Pause Young (Normal) (G1 Evacuation Pause) 1902M->396M(2612M) 30.640ms
[2023-12-20T08:27:02.730-0800][54173175ms] GC(1011) User=0.09s Sys=0.00s Real=0.03s
[2023-12-20T08:27:03.525-0800][54173970ms] GC(1012) Pause Young (Normal) (G1 Evacuation Pause)
[2023-12-20T08:27:03.525-0800][54173970ms] GC(1012) Using 10 workers of 10 for evacuation
[2023-12-20T08:27:03.554-0800][54173999ms] GC(1012)   Pre Evacuate Collection Set: 0.0ms
[2023-12-20T08:27:03.554-0800][54173999ms] GC(1012)   Evacuate Collection Set: 26.9ms
[2023-12-20T08:27:03.554-0800][54173999ms] GC(1012)   Post Evacuate Collection Set: 2.6ms
[2023-12-20T08:27:03.554-0800][54173999ms] GC(1012)   Other: 0.3ms
[2023-12-20T08:27:03.554-0800][54173999ms] GC(1012) Eden regions: 753->0(753)
[2023-12-20T08:27:03.554-0800][54173999ms] GC(1012) Survivor regions: 30->30(98)
[2023-12-20T08:27:03.554-0800][54173999ms] GC(1012) Old regions: 164->164
[2023-12-20T08:27:03.554-0800][54173999ms] GC(1012) Humongous regions: 5->5
[2023-12-20T08:27:03.554-0800][54173999ms] GC(1012) Metaspace: 256357K->256357K(1294336K)
[2023-12-20T08:27:03.554-0800][54173999ms] GC(1012) Pause Young (Normal) (G1 Evacuation Pause) 1902M->396M(2612M) 29.991ms
[2023-12-20T08:27:03.554-0800][54173999ms] GC(1012) User=0.14s Sys=0.00s Real=0.03s
[2023-12-20T08:27:04.323-0800][54174768ms] GC(1013) Pause Young (Normal) (G1 Evacuation Pause)
[2023-12-20T08:27:04.323-0800][54174768ms] GC(1013) Using 10 workers of 10 for evacuation
[2023-12-20T08:27:04.354-0800][54174799ms] GC(1013)   Pre Evacuate Collection Set: 0.0ms
[2023-12-20T08:27:04.354-0800][54174799ms] GC(1013)   Evacuate Collection Set: 28.0ms
[2023-12-20T08:27:04.354-0800][54174799ms] GC(1013)   Post Evacuate Collection Set: 2.6ms
[2023-12-20T08:27:04.354-0800][54174799ms] GC(1013)   Other: 0.4ms
[2023-12-20T08:27:04.354-0800][54174799ms] GC(1013) Eden regions: 753->0(753)
[2023-12-20T08:27:04.354-0800][54174799ms] GC(1013) Survivor regions: 30->30(98)
[2023-12-20T08:27:04.354-0800][54174799ms] GC(1013) Old regions: 164->164
[2023-12-20T08:27:04.354-0800][54174799ms] GC(1013) Humongous regions: 5->5
[2023-12-20T08:27:04.354-0800][54174799ms] GC(1013) Metaspace: 256357K->256357K(1294336K)
[2023-12-20T08:27:04.354-0800][54174799ms] GC(1013) Pause Young (Normal) (G1 Evacuation Pause) 1902M->395M(2612M) 31.202ms
[2023-12-20T08:27:04.354-0800][54174799ms] GC(1013) User=0.13s Sys=0.00s Real=0.03s
[2023-12-20T08:27:05.103-0800][54175548ms] GC(1014) Pause Young (Normal) (G1 Evacuation Pause)
[2023-12-20T08:27:05.103-0800][54175548ms] GC(1014) Using 10 workers of 10 for evacuation
[2023-12-20T08:27:05.138-0800][54175583ms] GC(1014)   Pre Evacuate Collection Set: 0.1ms
[2023-12-20T08:27:05.138-0800][54175583ms] GC(1014)   Evacuate Collection Set: 30.8ms
[2023-12-20T08:27:05.138-0800][54175583ms] GC(1014)   Post Evacuate Collection Set: 3.7ms
[2023-12-20T08:27:05.138-0800][54175583ms] GC(1014)   Other: 0.5ms
[2023-12-20T08:27:05.138-0800][54175583ms] GC(1014) Eden regions: 753->0(754)
[2023-12-20T08:27:05.138-0800][54175583ms] GC(1014) Survivor regions: 30->29(98)
[2023-12-20T08:27:05.138-0800][54175583ms] GC(1014) Old regions: 164->164
[2023-12-20T08:27:05.138-0800][54175583ms] GC(1014) Humongous regions: 5->5
[2023-12-20T08:27:05.138-0800][54175583ms] GC(1014) Metaspace: 256357K->256357K(1294336K)
[2023-12-20T08:27:05.138-0800][54175583ms] GC(1014) Pause Young (Normal) (G1 Evacuation Pause) 1901M->394M(2612M) 35.149ms
[2023-12-20T08:27:05.138-0800][54175583ms] GC(1014) User=0.19s Sys=0.00s Real=0.04s
[2023-12-20T08:27:06.060-0800][54176505ms] GC(1015) Pause Young (Normal) (G1 Evacuation Pause)
[2023-12-20T08:27:06.060-0800][54176505ms] GC(1015) Using 10 workers of 10 for evacuation
[2023-12-20T08:27:06.090-0800][54176535ms] GC(1015)   Pre Evacuate Collection Set: 0.0ms
[2023-12-20T08:27:06.090-0800][54176535ms] GC(1015)   Evacuate Collection Set: 26.3ms
[2023-12-20T08:27:06.090-0800][54176535ms] GC(1015)   Post Evacuate Collection Set: 2.3ms
[2023-12-20T08:27:06.090-0800][54176535ms] GC(1015)   Other: 0.4ms
[2023-12-20T08:27:06.090-0800][54176535ms] GC(1015) Eden regions: 754->0(753)
[2023-12-20T08:27:06.090-0800][54176535ms] GC(1015) Survivor regions: 29->30(98)
[2023-12-20T08:27:06.090-0800][54176535ms] GC(1015) Old regions: 164->164
[2023-12-20T08:27:06.090-0800][54176535ms] GC(1015) Humongous regions: 5->5
[2023-12-20T08:27:06.090-0800][54176535ms] GC(1015) Metaspace: 256357K->256357K(1294336K)
[2023-12-20T08:27:06.090-0800][54176535ms] GC(1015) Pause Young (Normal) (G1 Evacuation Pause) 1902M->396M(2612M) 29.124ms
[2023-12-20T08:27:06.090-0800][54176535ms] GC(1015) User=0.09s Sys=0.00s Real=0.03s
[2023-12-20T08:27:06.792-0800][54177237ms] GC(1016) Pause Young (Normal) (G1 Evacuation Pause)
[2023-12-20T08:27:06.792-0800][54177237ms] GC(1016) Using 10 workers of 10 for evacuation
[2023-12-20T08:27:06.821-0800][54177266ms] GC(1016)   Pre Evacuate Collection Set: 0.0ms
[2023-12-20T08:27:06.821-0800][54177266ms] GC(1016)   Evacuate Collection Set: 26.4ms
[2023-12-20T08:27:06.821-0800][54177266ms] GC(1016)   Post Evacuate Collection Set: 2.4ms
[2023-12-20T08:27:06.821-0800][54177266ms] GC(1016)   Other: 0.4ms
[2023-12-20T08:27:06.821-0800][54177266ms] GC(1016) Eden regions: 753->0(753)
[2023-12-20T08:27:06.821-0800][54177266ms] GC(1016) Survivor regions: 30->30(98)
[2023-12-20T08:27:06.821-0800][54177266ms] GC(1016) Old regions: 164->164
[2023-12-20T08:27:06.821-0800][54177266ms] GC(1016) Humongous regions: 5->5
[2023-12-20T08:27:06.821-0800][54177266ms] GC(1016) Metaspace: 256357K->256357K(1294336K)
[2023-12-20T08:27:06.821-0800][54177266ms] GC(1016) Pause Young (Normal) (G1 Evacuation Pause) 1902M->395M(2612M) 29.338ms
[2023-12-20T08:27:06.821-0800][54177266ms] GC(1016) User=0.06s Sys=0.00s Real=0.03s
[2023-12-20T08:27:07.575-0800][54178020ms] GC(1017) Pause Young (Normal) (G1 Evacuation Pause)
[2023-12-20T08:27:07.575-0800][54178020ms] GC(1017) Using 10 workers of 10 for evacuation
[2023-12-20T08:27:07.604-0800][54178049ms] GC(1017)   Pre Evacuate Collection Set: 0.0ms
[2023-12-20T08:27:07.604-0800][54178049ms] GC(1017)   Evacuate Collection Set: 27.0ms
[2023-12-20T08:27:07.604-0800][54178049ms] GC(1017)   Post Evacuate Collection Set: 2.3ms
[2023-12-20T08:27:07.604-0800][54178049ms] GC(1017)   Other: 0.4ms
[2023-12-20T08:27:07.604-0800][54178049ms] GC(1017) Eden regions: 753->0(753)
[2023-12-20T08:27:07.604-0800][54178049ms] GC(1017) Survivor regions: 30->30(98)
[2023-12-20T08:27:07.604-0800][54178049ms] GC(1017) Old regions: 164->164
[2023-12-20T08:27:07.604-0800][54178049ms] GC(1017) Humongous regions: 5->5
[2023-12-20T08:27:07.604-0800][54178049ms] GC(1017) Metaspace: 256357K->256357K(1294336K)
[2023-12-20T08:27:07.604-0800][54178049ms] GC(1017) Pause Young (Normal) (G1 Evacuation Pause) 1901M->395M(2612M) 29.825ms
[2023-12-20T08:27:07.604-0800][54178049ms] GC(1017) User=0.13s Sys=0.00s Real=0.03s
[2023-12-20T08:27:08.399-0800][54178844ms] GC(1018) Pause Young (Normal) (G1 Evacuation Pause)
[2023-12-20T08:27:08.399-0800][54178844ms] GC(1018) Using 10 workers of 10 for evacuation
[2023-12-20T08:27:08.432-0800][54178877ms] GC(1018)   Pre Evacuate Collection Set: 0.1ms
[2023-12-20T08:27:08.432-0800][54178877ms] GC(1018)   Evacuate Collection Set: 29.4ms
[2023-12-20T08:27:08.432-0800][54178877ms] GC(1018)   Post Evacuate Collection Set: 2.6ms
[2023-12-20T08:27:08.432-0800][54178877ms] GC(1018)   Other: 0.4ms
[2023-12-20T08:27:08.432-0800][54178877ms] GC(1018) Eden regions: 753->0(754)
[2023-12-20T08:27:08.432-0800][54178877ms] GC(1018) Survivor regions: 30->29(98)
[2023-12-20T08:27:08.432-0800][54178877ms] GC(1018) Old regions: 164->164
[2023-12-20T08:27:08.432-0800][54178877ms] GC(1018) Humongous regions: 5->5
[2023-12-20T08:27:08.432-0800][54178877ms] GC(1018) Metaspace: 256357K->256357K(1294336K)
[2023-12-20T08:27:08.432-0800][54178877ms] GC(1018) Pause Young (Normal) (G1 Evacuation Pause) 1901M->394M(2612M) 32.553ms
[2023-12-20T08:27:08.432-0800][54178877ms] GC(1018) User=0.08s Sys=0.00s Real=0.03s
[2023-12-20T08:27:09.168-0800][54179613ms] GC(1019) Pause Young (Normal) (G1 Evacuation Pause)
[2023-12-20T08:27:09.168-0800][54179613ms] GC(1019) Using 10 workers of 10 for evacuation
[2023-12-20T08:27:09.196-0800][54179641ms] GC(1019)   Pre Evacuate Collection Set: 0.0ms
[2023-12-20T08:27:09.196-0800][54179641ms] GC(1019)   Evacuate Collection Set: 25.9ms
[2023-12-20T08:27:09.196-0800][54179641ms] GC(1019)   Post Evacuate Collection Set: 2.4ms
[2023-12-20T08:27:09.196-0800][54179641ms] GC(1019)   Other: 0.3ms
[2023-12-20T08:27:09.196-0800][54179641ms] GC(1019) Eden regions: 754->0(753)
[2023-12-20T08:27:09.196-0800][54179641ms] GC(1019) Survivor regions: 29->30(98)
[2023-12-20T08:27:09.196-0800][54179641ms] GC(1019) Old regions: 164->164
[2023-12-20T08:27:09.196-0800][54179641ms] GC(1019) Humongous regions: 5->5
[2023-12-20T08:27:09.196-0800][54179641ms] GC(1019) Metaspace: 256357K->256357K(1294336K)
[2023-12-20T08:27:09.197-0800][54179642ms] GC(1019) Pause Young (Normal) (G1 Evacuation Pause) 1902M->396M(2612M) 28.813ms
[2023-12-20T08:27:09.197-0800][54179642ms] GC(1019) User=0.13s Sys=0.00s Real=0.03s
[2023-12-20T08:27:10.036-0800][54180481ms] GC(1020) Pause Young (Normal) (GCLocker Initiated GC)
[2023-12-20T08:27:10.036-0800][54180481ms] GC(1020) Using 10 workers of 10 for evacuation
[2023-12-20T08:27:10.066-0800][54180511ms] GC(1020)   Pre Evacuate Collection Set: 0.0ms
[2023-12-20T08:27:10.066-0800][54180511ms] GC(1020)   Evacuate Collection Set: 27.2ms
[2023-12-20T08:27:10.066-0800][54180511ms] GC(1020)   Post Evacuate Collection Set: 2.5ms
[2023-12-20T08:27:10.066-0800][54180511ms] GC(1020)   Other: 0.4ms
[2023-12-20T08:27:10.066-0800][54180511ms] GC(1020) Eden regions: 754->0(753)
[2023-12-20T08:27:10.066-0800][54180511ms] GC(1020) Survivor regions: 30->30(98)
[2023-12-20T08:27:10.066-0800][54180511ms] GC(1020) Old regions: 164->164
[2023-12-20T08:27:10.066-0800][54180511ms] GC(1020) Humongous regions: 5->5
[2023-12-20T08:27:10.066-0800][54180511ms] GC(1020) Metaspace: 256357K->256357K(1294336K)
[2023-12-20T08:27:10.066-0800][54180511ms] GC(1020) Pause Young (Normal) (GCLocker Initiated GC) 1903M->395M(2612M) 30.230ms
[2023-12-20T08:27:10.066-0800][54180511ms] GC(1020) User=0.09s Sys=0.00s Real=0.03s
[2023-12-20T08:27:10.886-0800][54181331ms] GC(1021) Pause Young (Normal) (GCLocker Initiated GC)
[2023-12-20T08:27:10.887-0800][54181332ms] GC(1021) Using 10 workers of 10 for evacuation
[2023-12-20T08:27:10.922-0800][54181367ms] GC(1021)   Pre Evacuate Collection Set: 0.0ms
[2023-12-20T08:27:10.922-0800][54181367ms] GC(1021)   Evacuate Collection Set: 27.7ms
[2023-12-20T08:27:10.922-0800][54181367ms] GC(1021)   Post Evacuate Collection Set: 6.4ms
[2023-12-20T08:27:10.922-0800][54181367ms] GC(1021)   Other: 0.4ms
[2023-12-20T08:27:10.922-0800][54181367ms] GC(1021) Eden regions: 754->0(753)
[2023-12-20T08:27:10.922-0800][54181367ms] GC(1021) Survivor regions: 30->30(98)
[2023-12-20T08:27:10.922-0800][54181367ms] GC(1021) Old regions: 164->164
[2023-12-20T08:27:10.922-0800][54181367ms] GC(1021) Humongous regions: 5->5
[2023-12-20T08:27:10.922-0800][54181367ms] GC(1021) Metaspace: 256357K->256357K(1294336K)
[2023-12-20T08:27:10.922-0800][54181367ms] GC(1021) Pause Young (Normal) (GCLocker Initiated GC) 1902M->395M(2612M) 34.724ms
[2023-12-20T08:27:10.922-0800][54181367ms] GC(1021) User=0.11s Sys=0.00s Real=0.04s
[2023-12-20T08:27:11.686-0800][54182131ms] GC(1022) Pause Young (Normal) (GCLocker Initiated GC)
[2023-12-20T08:27:11.686-0800][54182131ms] GC(1022) Using 10 workers of 10 for evacuation
[2023-12-20T08:27:11.715-0800][54182160ms] GC(1022)   Pre Evacuate Collection Set: 0.0ms
[2023-12-20T08:27:11.715-0800][54182160ms] GC(1022)   Evacuate Collection Set: 26.7ms
[2023-12-20T08:27:11.715-0800][54182160ms] GC(1022)   Post Evacuate Collection Set: 2.4ms
[2023-12-20T08:27:11.715-0800][54182160ms] GC(1022)   Other: 0.4ms
[2023-12-20T08:27:11.715-0800][54182160ms] GC(1022) Eden regions: 754->0(754)
[2023-12-20T08:27:11.715-0800][54182160ms] GC(1022) Survivor regions: 30->29(98)
[2023-12-20T08:27:11.715-0800][54182160ms] GC(1022) Old regions: 164->164
[2023-12-20T08:27:11.715-0800][54182160ms] GC(1022) Humongous regions: 5->5
[2023-12-20T08:27:11.715-0800][54182160ms] GC(1022) Metaspace: 256357K->256357K(1294336K)
[2023-12-20T08:27:11.715-0800][54182160ms] GC(1022) Pause Young (Normal) (GCLocker Initiated GC) 1902M->394M(2612M) 29.630ms
[2023-12-20T08:27:11.715-0800][54182160ms] GC(1022) User=0.09s Sys=0.00s Real=0.03s
[2023-12-20T08:27:12.464-0800][54182909ms] GC(1023) Pause Young (Normal) (G1 Evacuation Pause)
[2023-12-20T08:27:12.464-0800][54182909ms] GC(1023) Using 10 workers of 10 for evacuation
[2023-12-20T08:27:12.494-0800][54182939ms] GC(1023)   Pre Evacuate Collection Set: 0.0ms
[2023-12-20T08:27:12.494-0800][54182939ms] GC(1023)   Evacuate Collection Set: 27.8ms
[2023-12-20T08:27:12.494-0800][54182939ms] GC(1023)   Post Evacuate Collection Set: 2.6ms
[2023-12-20T08:27:12.494-0800][54182939ms] GC(1023)   Other: 0.4ms
[2023-12-20T08:27:12.494-0800][54182939ms] GC(1023) Eden regions: 754->0(753)
[2023-12-20T08:27:12.494-0800][54182939ms] GC(1023) Survivor regions: 29->30(98)
[2023-12-20T08:27:12.494-0800][54182939ms] GC(1023) Old regions: 164->164
[2023-12-20T08:27:12.494-0800][54182939ms] GC(1023) Humongous regions: 5->5
[2023-12-20T08:27:12.494-0800][54182939ms] GC(1023) Metaspace: 256357K->256357K(1294336K)
[2023-12-20T08:27:12.494-0800][54182939ms] GC(1023) Pause Young (Normal) (G1 Evacuation Pause) 1902M->395M(2612M) 30.968ms
[2023-12-20T08:27:12.494-0800][54182939ms] GC(1023) User=0.13s Sys=0.00s Real=0.03s
[2023-12-20T08:27:13.246-0800][54183691ms] GC(1024) Pause Young (Normal) (G1 Evacuation Pause)
[2023-12-20T08:27:13.246-0800][54183691ms] GC(1024) Using 10 workers of 10 for evacuation
[2023-12-20T08:27:13.275-0800][54183720ms] GC(1024)   Pre Evacuate Collection Set: 0.0ms
[2023-12-20T08:27:13.275-0800][54183720ms] GC(1024)   Evacuate Collection Set: 26.6ms
[2023-12-20T08:27:13.275-0800][54183720ms] GC(1024)   Post Evacuate Collection Set: 2.9ms
[2023-12-20T08:27:13.275-0800][54183720ms] GC(1024)   Other: 0.3ms
[2023-12-20T08:27:13.275-0800][54183720ms] GC(1024) Eden regions: 753->0(753)
[2023-12-20T08:27:13.275-0800][54183720ms] GC(1024) Survivor regions: 30->30(98)
[2023-12-20T08:27:13.275-0800][54183720ms] GC(1024) Old regions: 164->164
[2023-12-20T08:27:13.275-0800][54183720ms] GC(1024) Humongous regions: 5->5
[2023-12-20T08:27:13.275-0800][54183720ms] GC(1024) Metaspace: 256357K->256357K(1294336K)
[2023-12-20T08:27:13.275-0800][54183720ms] GC(1024) Pause Young (Normal) (G1 Evacuation Pause) 1901M->396M(2612M) 29.977ms
[2023-12-20T08:27:13.275-0800][54183720ms] GC(1024) User=0.09s Sys=0.00s Real=0.03s
[2023-12-20T08:27:14.062-0800][54184507ms] GC(1025) Pause Young (Normal) (G1 Evacuation Pause)
[2023-12-20T08:27:14.062-0800][54184507ms] GC(1025) Using 10 workers of 10 for evacuation
[2023-12-20T08:27:14.091-0800][54184536ms] GC(1025)   Pre Evacuate Collection Set: 0.0ms
[2023-12-20T08:27:14.091-0800][54184536ms] GC(1025)   Evacuate Collection Set: 26.3ms
[2023-12-20T08:27:14.091-0800][54184536ms] GC(1025)   Post Evacuate Collection Set: 2.6ms
[2023-12-20T08:27:14.091-0800][54184536ms] GC(1025)   Other: 0.3ms
[2023-12-20T08:27:14.091-0800][54184536ms] GC(1025) Eden regions: 753->0(753)
[2023-12-20T08:27:14.091-0800][54184536ms] GC(1025) Survivor regions: 30->30(98)
[2023-12-20T08:27:14.091-0800][54184536ms] GC(1025) Old regions: 164->164
[2023-12-20T08:27:14.091-0800][54184536ms] GC(1025) Humongous regions: 5->5
[2023-12-20T08:27:14.091-0800][54184536ms] GC(1025) Metaspace: 256357K->256357K(1294336K)
[2023-12-20T08:27:14.091-0800][54184536ms] GC(1025) Pause Young (Normal) (G1 Evacuation Pause) 1902M->395M(2612M) 29.325ms
[2023-12-20T08:27:14.091-0800][54184536ms] GC(1025) User=0.09s Sys=0.00s Real=0.03s
[2023-12-20T08:27:14.869-0800][54185314ms] GC(1026) Pause Young (Normal) (G1 Evacuation Pause)
[2023-12-20T08:27:14.869-0800][54185314ms] GC(1026) Using 10 workers of 10 for evacuation
[2023-12-20T08:27:14.899-0800][54185344ms] GC(1026)   Pre Evacuate Collection Set: 0.0ms
[2023-12-20T08:27:14.899-0800][54185344ms] GC(1026)   Evacuate Collection Set: 28.0ms
[2023-12-20T08:27:14.899-0800][54185344ms] GC(1026)   Post Evacuate Collection Set: 2.7ms
[2023-12-20T08:27:14.899-0800][54185344ms] GC(1026)   Other: 0.4ms
[2023-12-20T08:27:14.899-0800][54185344ms] GC(1026) Eden regions: 753->0(753)
[2023-12-20T08:27:14.899-0800][54185344ms] GC(1026) Survivor regions: 30->30(98)
[2023-12-20T08:27:14.899-0800][54185344ms] GC(1026) Old regions: 164->164
[2023-12-20T08:27:14.899-0800][54185344ms] GC(1026) Humongous regions: 5->5
[2023-12-20T08:27:14.899-0800][54185344ms] GC(1026) Metaspace: 256357K->256357K(1294336K)
[2023-12-20T08:27:14.899-0800][54185344ms] GC(1026) Pause Young (Normal) (G1 Evacuation Pause) 1901M->395M(2612M) 31.283ms
[2023-12-20T08:27:14.899-0800][54185344ms] GC(1026) User=0.14s Sys=0.00s Real=0.03s
[2023-12-20T08:27:15.696-0800][54186141ms] GC(1027) Pause Young (Normal) (G1 Evacuation Pause)
[2023-12-20T08:27:15.696-0800][54186141ms] GC(1027) Using 10 workers of 10 for evacuation
[2023-12-20T08:27:15.725-0800][54186170ms] GC(1027)   Pre Evacuate Collection Set: 0.0ms
[2023-12-20T08:27:15.725-0800][54186170ms] GC(1027)   Evacuate Collection Set: 26.7ms
[2023-12-20T08:27:15.725-0800][54186170ms] GC(1027)   Post Evacuate Collection Set: 2.5ms
[2023-12-20T08:27:15.725-0800][54186170ms] GC(1027)   Other: 0.4ms
[2023-12-20T08:27:15.725-0800][54186170ms] GC(1027) Eden regions: 753->0(753)
[2023-12-20T08:27:15.725-0800][54186170ms] GC(1027) Survivor regions: 30->30(98)
[2023-12-20T08:27:15.725-0800][54186170ms] GC(1027) Old regions: 164->164
[2023-12-20T08:27:15.725-0800][54186170ms] GC(1027) Humongous regions: 5->5
[2023-12-20T08:27:15.725-0800][54186170ms] GC(1027) Metaspace: 256357K->256357K(1294336K)
[2023-12-20T08:27:15.725-0800][54186170ms] GC(1027) Pause Young (Normal) (G1 Evacuation Pause) 1901M->396M(2612M) 29.668ms
[2023-12-20T08:27:15.725-0800][54186170ms] GC(1027) User=0.08s Sys=0.00s Real=0.03s
[2023-12-20T08:27:16.531-0800][54186976ms] GC(1028) Pause Young (Normal) (G1 Evacuation Pause)
[2023-12-20T08:27:16.531-0800][54186976ms] GC(1028) Using 10 workers of 10 for evacuation
[2023-12-20T08:27:16.560-0800][54187005ms] GC(1028)   Pre Evacuate Collection Set: 0.0ms
[2023-12-20T08:27:16.560-0800][54187005ms] GC(1028)   Evacuate Collection Set: 26.0ms
[2023-12-20T08:27:16.560-0800][54187005ms] GC(1028)   Post Evacuate Collection Set: 2.5ms
[2023-12-20T08:27:16.560-0800][54187005ms] GC(1028)   Other: 0.4ms
[2023-12-20T08:27:16.560-0800][54187005ms] GC(1028) Eden regions: 753->0(753)
[2023-12-20T08:27:16.560-0800][54187005ms] GC(1028) Survivor regions: 30->30(98)
[2023-12-20T08:27:16.560-0800][54187005ms] GC(1028) Old regions: 164->164
[2023-12-20T08:27:16.560-0800][54187005ms] GC(1028) Humongous regions: 5->5
[2023-12-20T08:27:16.560-0800][54187005ms] GC(1028) Metaspace: 256363K->256363K(1294336K)
[2023-12-20T08:27:16.560-0800][54187005ms] GC(1028) Pause Young (Normal) (G1 Evacuation Pause) 1902M->396M(2612M) 29.044ms
[2023-12-20T08:27:16.560-0800][54187005ms] GC(1028) User=0.14s Sys=0.00s Real=0.03s
[2023-12-20T08:27:17.271-0800][54187716ms] GC(1029) Pause Young (Normal) (G1 Evacuation Pause)
[2023-12-20T08:27:17.271-0800][54187716ms] GC(1029) Using 10 workers of 10 for evacuation
[2023-12-20T08:27:17.301-0800][54187746ms] GC(1029)   Pre Evacuate Collection Set: 0.0ms
[2023-12-20T08:27:17.301-0800][54187746ms] GC(1029)   Evacuate Collection Set: 27.1ms
[2023-12-20T08:27:17.301-0800][54187746ms] GC(1029)   Post Evacuate Collection Set: 2.5ms
[2023-12-20T08:27:17.301-0800][54187746ms] GC(1029)   Other: 0.4ms
[2023-12-20T08:27:17.301-0800][54187746ms] GC(1029) Eden regions: 753->0(753)
[2023-12-20T08:27:17.301-0800][54187746ms] GC(1029) Survivor regions: 30->30(98)
[2023-12-20T08:27:17.301-0800][54187746ms] GC(1029) Old regions: 164->164
[2023-12-20T08:27:17.301-0800][54187746ms] GC(1029) Humongous regions: 5->5
[2023-12-20T08:27:17.301-0800][54187746ms] GC(1029) Metaspace: 256363K->256363K(1294336K)
[2023-12-20T08:27:17.301-0800][54187746ms] GC(1029) Pause Young (Normal) (G1 Evacuation Pause) 1902M->395M(2612M) 30.090ms
[2023-12-20T08:27:17.301-0800][54187746ms] GC(1029) User=0.20s Sys=0.00s Real=0.03s
[2023-12-20T08:27:18.020-0800][54188465ms] GC(1030) Pause Young (Normal) (G1 Evacuation Pause)
[2023-12-20T08:27:18.020-0800][54188465ms] GC(1030) Using 10 workers of 10 for evacuation
[2023-12-20T08:27:18.051-0800][54188496ms] GC(1030)   Pre Evacuate Collection Set: 0.0ms
[2023-12-20T08:27:18.051-0800][54188496ms] GC(1030)   Evacuate Collection Set: 28.0ms
[2023-12-20T08:27:18.051-0800][54188496ms] GC(1030)   Post Evacuate Collection Set: 2.6ms
[2023-12-20T08:27:18.051-0800][54188496ms] GC(1030)   Other: 0.4ms
[2023-12-20T08:27:18.051-0800][54188496ms] GC(1030) Eden regions: 753->0(753)
[2023-12-20T08:27:18.051-0800][54188496ms] GC(1030) Survivor regions: 30->30(98)
[2023-12-20T08:27:18.051-0800][54188496ms] GC(1030) Old regions: 164->164
[2023-12-20T08:27:18.051-0800][54188496ms] GC(1030) Humongous regions: 5->5
[2023-12-20T08:27:18.051-0800][54188496ms] GC(1030) Metaspace: 256363K->256363K(1294336K)
[2023-12-20T08:27:18.051-0800][54188496ms] GC(1030) Pause Young (Normal) (G1 Evacuation Pause) 1901M->395M(2612M) 31.039ms
[2023-12-20T08:27:18.051-0800][54188496ms] GC(1030) User=0.13s Sys=0.00s Real=0.03s
[2023-12-20T08:27:18.806-0800][54189251ms] GC(1031) Pause Young (Normal) (G1 Evacuation Pause)
[2023-12-20T08:27:18.806-0800][54189251ms] GC(1031) Using 10 workers of 10 for evacuation
[2023-12-20T08:27:18.835-0800][54189280ms] GC(1031)   Pre Evacuate Collection Set: 0.0ms
[2023-12-20T08:27:18.835-0800][54189280ms] GC(1031)   Evacuate Collection Set: 26.5ms
[2023-12-20T08:27:18.835-0800][54189280ms] GC(1031)   Post Evacuate Collection Set: 2.4ms
[2023-12-20T08:27:18.835-0800][54189280ms] GC(1031)   Other: 0.4ms
[2023-12-20T08:27:18.835-0800][54189280ms] GC(1031) Eden regions: 753->0(753)
[2023-12-20T08:27:18.835-0800][54189280ms] GC(1031) Survivor regions: 30->30(98)
[2023-12-20T08:27:18.835-0800][54189280ms] GC(1031) Old regions: 164->164
[2023-12-20T08:27:18.835-0800][54189280ms] GC(1031) Humongous regions: 5->5
[2023-12-20T08:27:18.835-0800][54189280ms] GC(1031) Metaspace: 256363K->256363K(1294336K)
[2023-12-20T08:27:18.835-0800][54189280ms] GC(1031) Pause Young (Normal) (G1 Evacuation Pause) 1901M->396M(2612M) 29.441ms
[2023-12-20T08:27:18.835-0800][54189280ms] GC(1031) User=0.09s Sys=0.00s Real=0.03s
[2023-12-20T08:27:19.558-0800][54190003ms] GC(1032) Pause Young (Normal) (G1 Evacuation Pause)
[2023-12-20T08:27:19.558-0800][54190003ms] GC(1032) Using 10 workers of 10 for evacuation
[2023-12-20T08:27:19.589-0800][54190034ms] GC(1032)   Pre Evacuate Collection Set: 0.0ms
[2023-12-20T08:27:19.589-0800][54190034ms] GC(1032)   Evacuate Collection Set: 28.1ms
[2023-12-20T08:27:19.589-0800][54190034ms] GC(1032)   Post Evacuate Collection Set: 2.3ms
[2023-12-20T08:27:19.589-0800][54190034ms] GC(1032)   Other: 0.3ms
[2023-12-20T08:27:19.589-0800][54190034ms] GC(1032) Eden regions: 753->0(753)
[2023-12-20T08:27:19.589-0800][54190034ms] GC(1032) Survivor regions: 30->30(98)
[2023-12-20T08:27:19.589-0800][54190034ms] GC(1032) Old regions: 164->164
[2023-12-20T08:27:19.589-0800][54190034ms] GC(1032) Humongous regions: 5->5
[2023-12-20T08:27:19.589-0800][54190034ms] GC(1032) Metaspace: 256363K->256363K(1294336K)
[2023-12-20T08:27:19.589-0800][54190034ms] GC(1032) Pause Young (Normal) (G1 Evacuation Pause) 1902M->396M(2612M) 30.896ms
[2023-12-20T08:27:19.589-0800][54190034ms] GC(1032) User=0.11s Sys=0.00s Real=0.03s
[2023-12-20T08:27:20.319-0800][54190764ms] GC(1033) Pause Young (Normal) (G1 Evacuation Pause)
[2023-12-20T08:27:20.319-0800][54190764ms] GC(1033) Using 10 workers of 10 for evacuation
[2023-12-20T08:27:20.347-0800][54190792ms] GC(1033)   Pre Evacuate Collection Set: 0.0ms
[2023-12-20T08:27:20.347-0800][54190792ms] GC(1033)   Evacuate Collection Set: 26.3ms
[2023-12-20T08:27:20.347-0800][54190792ms] GC(1033)   Post Evacuate Collection Set: 2.5ms
[2023-12-20T08:27:20.347-0800][54190792ms] GC(1033)   Other: 0.3ms
[2023-12-20T08:27:20.347-0800][54190792ms] GC(1033) Eden regions: 753->0(753)
[2023-12-20T08:27:20.349-0800][54190794ms] GC(1033) Survivor regions: 30->30(98)
[2023-12-20T08:27:20.349-0800][54190794ms] GC(1033) Old regions: 164->164
[2023-12-20T08:27:20.349-0800][54190794ms] GC(1033) Humongous regions: 5->5
[2023-12-20T08:27:20.349-0800][54190794ms] GC(1033) Metaspace: 256363K->256363K(1294336K)
[2023-12-20T08:27:20.349-0800][54190794ms] GC(1033) Pause Young (Normal) (G1 Evacuation Pause) 1902M->396M(2612M) 29.376ms
[2023-12-20T08:27:20.349-0800][54190794ms] GC(1033) User=0.17s Sys=0.00s Real=0.03s
[2023-12-20T08:27:21.054-0800][54191499ms] GC(1034) Pause Young (Normal) (G1 Evacuation Pause)
[2023-12-20T08:27:21.054-0800][54191499ms] GC(1034) Using 10 workers of 10 for evacuation
[2023-12-20T08:27:21.083-0800][54191528ms] GC(1034)   Pre Evacuate Collection Set: 0.0ms
[2023-12-20T08:27:21.083-0800][54191528ms] GC(1034)   Evacuate Collection Set: 26.8ms
[2023-12-20T08:27:21.083-0800][54191528ms] GC(1034)   Post Evacuate Collection Set: 2.5ms
[2023-12-20T08:27:21.083-0800][54191528ms] GC(1034)   Other: 0.3ms
[2023-12-20T08:27:21.083-0800][54191528ms] GC(1034) Eden regions: 753->0(753)
[2023-12-20T08:27:21.083-0800][54191528ms] GC(1034) Survivor regions: 30->30(98)
[2023-12-20T08:27:21.083-0800][54191528ms] GC(1034) Old regions: 164->164
[2023-12-20T08:27:21.083-0800][54191528ms] GC(1034) Humongous regions: 5->5
[2023-12-20T08:27:21.083-0800][54191528ms] GC(1034) Metaspace: 256363K->256363K(1294336K)
[2023-12-20T08:27:21.083-0800][54191528ms] GC(1034) Pause Young (Normal) (G1 Evacuation Pause) 1902M->395M(2612M) 29.717ms
[2023-12-20T08:27:21.083-0800][54191528ms] GC(1034) User=0.11s Sys=0.00s Real=0.03s
[2023-12-20T08:27:21.784-0800][54192229ms] GC(1035) Pause Young (Normal) (G1 Evacuation Pause)
[2023-12-20T08:27:21.784-0800][54192229ms] GC(1035) Using 10 workers of 10 for evacuation
[2023-12-20T08:27:21.812-0800][54192257ms] GC(1035)   Pre Evacuate Collection Set: 0.0ms
[2023-12-20T08:27:21.812-0800][54192257ms] GC(1035)   Evacuate Collection Set: 26.5ms
[2023-12-20T08:27:21.812-0800][54192257ms] GC(1035)   Post Evacuate Collection Set: 2.5ms
[2023-12-20T08:27:21.812-0800][54192257ms] GC(1035)   Other: 0.4ms
[2023-12-20T08:27:21.812-0800][54192257ms] GC(1035) Eden regions: 753->0(754)
[2023-12-20T08:27:21.812-0800][54192257ms] GC(1035) Survivor regions: 30->29(98)
[2023-12-20T08:27:21.812-0800][54192257ms] GC(1035) Old regions: 164->164
[2023-12-20T08:27:21.812-0800][54192257ms] GC(1035) Humongous regions: 5->5
[2023-12-20T08:27:21.812-0800][54192257ms] GC(1035) Metaspace: 256363K->256363K(1294336K)
[2023-12-20T08:27:21.812-0800][54192257ms] GC(1035) Pause Young (Normal) (G1 Evacuation Pause) 1901M->394M(2612M) 29.572ms
[2023-12-20T08:27:21.812-0800][54192257ms] GC(1035) User=0.08s Sys=0.00s Real=0.03s
[2023-12-20T08:27:22.551-0800][54192996ms] GC(1036) Pause Young (Normal) (G1 Evacuation Pause)
[2023-12-20T08:27:22.551-0800][54192996ms] GC(1036) Using 10 workers of 10 for evacuation
[2023-12-20T08:27:22.580-0800][54193025ms] GC(1036)   Pre Evacuate Collection Set: 0.0ms
[2023-12-20T08:27:22.580-0800][54193025ms] GC(1036)   Evacuate Collection Set: 26.3ms
[2023-12-20T08:27:22.580-0800][54193025ms] GC(1036)   Post Evacuate Collection Set: 2.5ms
[2023-12-20T08:27:22.580-0800][54193025ms] GC(1036)   Other: 0.4ms
[2023-12-20T08:27:22.580-0800][54193025ms] GC(1036) Eden regions: 754->0(753)
[2023-12-20T08:27:22.580-0800][54193025ms] GC(1036) Survivor regions: 29->30(98)
[2023-12-20T08:27:22.580-0800][54193025ms] GC(1036) Old regions: 164->164
[2023-12-20T08:27:22.580-0800][54193025ms] GC(1036) Humongous regions: 5->5
[2023-12-20T08:27:22.580-0800][54193025ms] GC(1036) Metaspace: 256363K->256363K(1294336K)
[2023-12-20T08:27:22.580-0800][54193025ms] GC(1036) Pause Young (Normal) (G1 Evacuation Pause) 1902M->395M(2612M) 29.357ms
[2023-12-20T08:27:22.580-0800][54193025ms] GC(1036) User=0.17s Sys=0.00s Real=0.03s
[2023-12-20T08:27:23.275-0800][54193720ms] GC(1037) Pause Young (Normal) (G1 Evacuation Pause)
[2023-12-20T08:27:23.275-0800][54193720ms] GC(1037) Using 10 workers of 10 for evacuation
[2023-12-20T08:27:23.305-0800][54193750ms] GC(1037)   Pre Evacuate Collection Set: 0.0ms
[2023-12-20T08:27:23.305-0800][54193750ms] GC(1037)   Evacuate Collection Set: 26.9ms
[2023-12-20T08:27:23.305-0800][54193750ms] GC(1037)   Post Evacuate Collection Set: 2.5ms
[2023-12-20T08:27:23.305-0800][54193750ms] GC(1037)   Other: 0.4ms
[2023-12-20T08:27:23.305-0800][54193750ms] GC(1037) Eden regions: 753->0(753)
[2023-12-20T08:27:23.305-0800][54193750ms] GC(1037) Survivor regions: 30->30(98)
[2023-12-20T08:27:23.305-0800][54193750ms] GC(1037) Old regions: 164->164
[2023-12-20T08:27:23.305-0800][54193750ms] GC(1037) Humongous regions: 5->5
[2023-12-20T08:27:23.305-0800][54193750ms] GC(1037) Metaspace: 256363K->256363K(1294336K)
[2023-12-20T08:27:23.305-0800][54193750ms] GC(1037) Pause Young (Normal) (G1 Evacuation Pause) 1901M->396M(2612M) 29.961ms
[2023-12-20T08:27:23.305-0800][54193750ms] GC(1037) User=0.08s Sys=0.00s Real=0.03s
[2023-12-20T08:27:24.021-0800][54194466ms] GC(1038) Pause Young (Normal) (G1 Evacuation Pause)
[2023-12-20T08:27:24.022-0800][54194467ms] GC(1038) Using 10 workers of 10 for evacuation
[2023-12-20T08:27:24.054-0800][54194499ms] GC(1038)   Pre Evacuate Collection Set: 0.0ms
[2023-12-20T08:27:24.054-0800][54194499ms] GC(1038)   Evacuate Collection Set: 27.6ms
[2023-12-20T08:27:24.054-0800][54194499ms] GC(1038)   Post Evacuate Collection Set: 3.8ms
[2023-12-20T08:27:24.054-0800][54194499ms] GC(1038)   Other: 0.5ms
[2023-12-20T08:27:24.054-0800][54194499ms] GC(1038) Eden regions: 753->0(753)
[2023-12-20T08:27:24.054-0800][54194499ms] GC(1038) Survivor regions: 30->30(98)
[2023-12-20T08:27:24.054-0800][54194499ms] GC(1038) Old regions: 164->164
[2023-12-20T08:27:24.054-0800][54194499ms] GC(1038) Humongous regions: 5->5
[2023-12-20T08:27:24.054-0800][54194499ms] GC(1038) Metaspace: 256363K->256363K(1294336K)
[2023-12-20T08:27:24.054-0800][54194499ms] GC(1038) Pause Young (Normal) (G1 Evacuation Pause) 1902M->396M(2612M) 32.112ms
[2023-12-20T08:27:24.054-0800][54194499ms] GC(1038) User=0.05s Sys=0.00s Real=0.03s
[2023-12-20T08:27:24.837-0800][54195282ms] GC(1039) Pause Young (Normal) (G1 Evacuation Pause)
[2023-12-20T08:27:24.837-0800][54195282ms] GC(1039) Using 10 workers of 10 for evacuation
[2023-12-20T08:27:24.868-0800][54195313ms] GC(1039)   Pre Evacuate Collection Set: 0.0ms
[2023-12-20T08:27:24.868-0800][54195313ms] GC(1039)   Evacuate Collection Set: 27.6ms
[2023-12-20T08:27:24.868-0800][54195313ms] GC(1039)   Post Evacuate Collection Set: 2.7ms
[2023-12-20T08:27:24.868-0800][54195313ms] GC(1039)   Other: 0.4ms
[2023-12-20T08:27:24.868-0800][54195313ms] GC(1039) Eden regions: 753->0(753)
[2023-12-20T08:27:24.868-0800][54195313ms] GC(1039) Survivor regions: 30->30(98)
[2023-12-20T08:27:24.868-0800][54195313ms] GC(1039) Old regions: 164->164
[2023-12-20T08:27:24.868-0800][54195313ms] GC(1039) Humongous regions: 5->5
[2023-12-20T08:27:24.868-0800][54195313ms] GC(1039) Metaspace: 256363K->256363K(1294336K)
[2023-12-20T08:27:24.868-0800][54195313ms] GC(1039) Pause Young (Normal) (G1 Evacuation Pause) 1902M->396M(2612M) 30.852ms
[2023-12-20T08:27:24.869-0800][54195314ms] GC(1039) User=0.11s Sys=0.00s Real=0.03s
[2023-12-20T08:27:25.610-0800][54196055ms] GC(1040) Pause Young (Normal) (G1 Evacuation Pause)
[2023-12-20T08:27:25.610-0800][54196055ms] GC(1040) Using 10 workers of 10 for evacuation
[2023-12-20T08:27:25.641-0800][54196086ms] GC(1040)   Pre Evacuate Collection Set: 0.0ms
[2023-12-20T08:27:25.641-0800][54196088ms] GC(1040)   Evacuate Collection Set: 28.7ms
[2023-12-20T08:27:25.643-0800][54196088ms] GC(1040)   Post Evacuate Collection Set: 2.5ms
[2023-12-20T08:27:25.643-0800][54196088ms] GC(1040)   Other: 0.3ms
[2023-12-20T08:27:25.643-0800][54196088ms] GC(1040) Eden regions: 753->0(754)
[2023-12-20T08:27:25.643-0800][54196088ms] GC(1040) Survivor regions: 30->29(98)
[2023-12-20T08:27:25.643-0800][54196088ms] GC(1040) Old regions: 164->164
[2023-12-20T08:27:25.643-0800][54196088ms] GC(1040) Humongous regions: 5->5
[2023-12-20T08:27:25.643-0800][54196088ms] GC(1040) Metaspace: 256363K->256363K(1294336K)
[2023-12-20T08:27:25.643-0800][54196088ms] GC(1040) Pause Young (Normal) (G1 Evacuation Pause) 1902M->394M(2612M) 31.720ms
[2023-12-20T08:27:25.643-0800][54196088ms] GC(1040) User=0.16s Sys=0.00s Real=0.03s
[2023-12-20T08:27:26.443-0800][54196888ms] GC(1041) Pause Young (Normal) (G1 Evacuation Pause)
[2023-12-20T08:27:26.443-0800][54196888ms] GC(1041) Using 10 workers of 10 for evacuation
[2023-12-20T08:27:26.475-0800][54196920ms] GC(1041)   Pre Evacuate Collection Set: 0.1ms
[2023-12-20T08:27:26.475-0800][54196920ms] GC(1041)   Evacuate Collection Set: 28.3ms
[2023-12-20T08:27:26.475-0800][54196920ms] GC(1041)   Post Evacuate Collection Set: 2.5ms
[2023-12-20T08:27:26.475-0800][54196920ms] GC(1041)   Other: 0.4ms
[2023-12-20T08:27:26.475-0800][54196920ms] GC(1041) Eden regions: 754->0(753)
[2023-12-20T08:27:26.475-0800][54196920ms] GC(1041) Survivor regions: 29->30(98)
[2023-12-20T08:27:26.475-0800][54196920ms] GC(1041) Old regions: 164->164
[2023-12-20T08:27:26.475-0800][54196920ms] GC(1041) Humongous regions: 5->5
[2023-12-20T08:27:26.475-0800][54196920ms] GC(1041) Metaspace: 256363K->256363K(1294336K)
[2023-12-20T08:27:26.475-0800][54196920ms] GC(1041) Pause Young (Normal) (G1 Evacuation Pause) 1902M->395M(2612M) 31.385ms
[2023-12-20T08:27:26.475-0800][54196920ms] GC(1041) User=0.08s Sys=0.00s Real=0.03s
[2023-12-20T08:27:27.311-0800][54197756ms] GC(1042) Pause Young (Normal) (G1 Evacuation Pause)
[2023-12-20T08:27:27.311-0800][54197756ms] GC(1042) Using 10 workers of 10 for evacuation
[2023-12-20T08:27:27.342-0800][54197787ms] GC(1042)   Pre Evacuate Collection Set: 0.0ms
[2023-12-20T08:27:27.343-0800][54197788ms] GC(1042)   Evacuate Collection Set: 28.5ms
[2023-12-20T08:27:27.343-0800][54197788ms] GC(1042)   Post Evacuate Collection Set: 2.4ms
[2023-12-20T08:27:27.343-0800][54197788ms] GC(1042)   Other: 0.4ms
[2023-12-20T08:27:27.343-0800][54197788ms] GC(1042) Eden regions: 753->0(753)
[2023-12-20T08:27:27.343-0800][54197788ms] GC(1042) Survivor regions: 30->30(98)
[2023-12-20T08:27:27.343-0800][54197788ms] GC(1042) Old regions: 164->164
[2023-12-20T08:27:27.343-0800][54197788ms] GC(1042) Humongous regions: 5->5
[2023-12-20T08:27:27.343-0800][54197788ms] GC(1042) Metaspace: 256363K->256363K(1294336K)
[2023-12-20T08:27:27.343-0800][54197788ms] GC(1042) Pause Young (Normal) (G1 Evacuation Pause) 1901M->396M(2612M) 31.442ms
[2023-12-20T08:27:27.343-0800][54197788ms] GC(1042) User=0.09s Sys=0.00s Real=0.03s
[2023-12-20T08:27:28.138-0800][54198583ms] GC(1043) Pause Young (Normal) (G1 Evacuation Pause)
[2023-12-20T08:27:28.138-0800][54198583ms] GC(1043) Using 10 workers of 10 for evacuation
[2023-12-20T08:27:28.169-0800][54198614ms] GC(1043)   Pre Evacuate Collection Set: 0.0ms
[2023-12-20T08:27:28.169-0800][54198614ms] GC(1043)   Evacuate Collection Set: 27.6ms
[2023-12-20T08:27:28.169-0800][54198614ms] GC(1043)   Post Evacuate Collection Set: 2.4ms
[2023-12-20T08:27:28.169-0800][54198614ms] GC(1043)   Other: 0.4ms
[2023-12-20T08:27:28.169-0800][54198614ms] GC(1043) Eden regions: 753->0(752)
[2023-12-20T08:27:28.169-0800][54198614ms] GC(1043) Survivor regions: 30->31(98)
[2023-12-20T08:27:28.169-0800][54198614ms] GC(1043) Old regions: 164->164
[2023-12-20T08:27:28.169-0800][54198614ms] GC(1043) Humongous regions: 5->5
[2023-12-20T08:27:28.169-0800][54198614ms] GC(1043) Metaspace: 256363K->256363K(1294336K)
[2023-12-20T08:27:28.169-0800][54198614ms] GC(1043) Pause Young (Normal) (G1 Evacuation Pause) 1902M->397M(2612M) 30.524ms
[2023-12-20T08:27:28.169-0800][54198614ms] GC(1043) User=0.09s Sys=0.00s Real=0.03s
[2023-12-20T08:27:28.901-0800][54199346ms] GC(1044) Pause Young (Normal) (G1 Evacuation Pause)
[2023-12-20T08:27:28.901-0800][54199346ms] GC(1044) Using 10 workers of 10 for evacuation
[2023-12-20T08:27:28.931-0800][54199376ms] GC(1044)   Pre Evacuate Collection Set: 0.0ms
[2023-12-20T08:27:28.931-0800][54199376ms] GC(1044)   Evacuate Collection Set: 26.8ms
[2023-12-20T08:27:28.931-0800][54199376ms] GC(1044)   Post Evacuate Collection Set: 2.8ms
[2023-12-20T08:27:28.931-0800][54199376ms] GC(1044)   Other: 0.4ms
[2023-12-20T08:27:28.931-0800][54199376ms] GC(1044) Eden regions: 752->0(753)
[2023-12-20T08:27:28.931-0800][54199376ms] GC(1044) Survivor regions: 31->30(98)
[2023-12-20T08:27:28.931-0800][54199376ms] GC(1044) Old regions: 164->164
[2023-12-20T08:27:28.931-0800][54199376ms] GC(1044) Humongous regions: 5->5
[2023-12-20T08:27:28.931-0800][54199376ms] GC(1044) Metaspace: 256363K->256363K(1294336K)
[2023-12-20T08:27:28.931-0800][54199376ms] GC(1044) Pause Young (Normal) (G1 Evacuation Pause) 1901M->395M(2612M) 30.103ms
[2023-12-20T08:27:28.931-0800][54199376ms] GC(1044) User=0.11s Sys=0.00s Real=0.03s
[2023-12-20T08:27:29.735-0800][54200180ms] GC(1045) Pause Young (Normal) (G1 Evacuation Pause)
[2023-12-20T08:27:29.735-0800][54200180ms] GC(1045) Using 10 workers of 10 for evacuation
[2023-12-20T08:27:29.767-0800][54200212ms] GC(1045)   Pre Evacuate Collection Set: 0.0ms
[2023-12-20T08:27:29.767-0800][54200212ms] GC(1045)   Evacuate Collection Set: 28.1ms
[2023-12-20T08:27:29.767-0800][54200212ms] GC(1045)   Post Evacuate Collection Set: 3.2ms
[2023-12-20T08:27:29.767-0800][54200212ms] GC(1045)   Other: 0.4ms
[2023-12-20T08:27:29.767-0800][54200212ms] GC(1045) Eden regions: 753->0(752)
[2023-12-20T08:27:29.767-0800][54200212ms] GC(1045) Survivor regions: 30->31(98)
[2023-12-20T08:27:29.767-0800][54200212ms] GC(1045) Old regions: 164->164
[2023-12-20T08:27:29.767-0800][54200212ms] GC(1045) Humongous regions: 5->5
[2023-12-20T08:27:29.767-0800][54200212ms] GC(1045) Metaspace: 256363K->256363K(1294336K)
[2023-12-20T08:27:29.767-0800][54200212ms] GC(1045) Pause Young (Normal) (G1 Evacuation Pause) 1901M->397M(2612M) 31.905ms
[2023-12-20T08:27:29.767-0800][54200212ms] GC(1045) User=0.09s Sys=0.00s Real=0.03s
[2023-12-20T08:27:30.606-0800][54201051ms] GC(1046) Pause Young (Normal) (G1 Evacuation Pause)
[2023-12-20T08:27:30.606-0800][54201051ms] GC(1046) Using 10 workers of 10 for evacuation
[2023-12-20T08:27:30.638-0800][54201083ms] GC(1046)   Pre Evacuate Collection Set: 0.0ms
[2023-12-20T08:27:30.638-0800][54201083ms] GC(1046)   Evacuate Collection Set: 28.7ms
[2023-12-20T08:27:30.638-0800][54201083ms] GC(1046)   Post Evacuate Collection Set: 2.8ms
[2023-12-20T08:27:30.638-0800][54201083ms] GC(1046)   Other: 0.4ms
[2023-12-20T08:27:30.638-0800][54201083ms] GC(1046) Eden regions: 752->0(753)
[2023-12-20T08:27:30.638-0800][54201083ms] GC(1046) Survivor regions: 31->30(98)
[2023-12-20T08:27:30.638-0800][54201083ms] GC(1046) Old regions: 164->164
[2023-12-20T08:27:30.638-0800][54201083ms] GC(1046) Humongous regions: 5->5
[2023-12-20T08:27:30.638-0800][54201083ms] GC(1046) Metaspace: 256363K->256363K(1294336K)
[2023-12-20T08:27:30.638-0800][54201083ms] GC(1046) Pause Young (Normal) (G1 Evacuation Pause) 1901M->396M(2612M) 31.939ms
[2023-12-20T08:27:30.638-0800][54201083ms] GC(1046) User=0.09s Sys=0.00s Real=0.03s
[2023-12-20T08:27:31.539-0800][54201984ms] GC(1047) Pause Young (Normal) (G1 Evacuation Pause)
[2023-12-20T08:27:31.540-0800][54201985ms] GC(1047) Using 10 workers of 10 for evacuation
[2023-12-20T08:27:31.571-0800][54202016ms] GC(1047)   Pre Evacuate Collection Set: 0.0ms
[2023-12-20T08:27:31.571-0800][54202016ms] GC(1047)   Evacuate Collection Set: 27.7ms
[2023-12-20T08:27:31.571-0800][54202016ms] GC(1047)   Post Evacuate Collection Set: 2.7ms
[2023-12-20T08:27:31.571-0800][54202016ms] GC(1047)   Other: 0.4ms
[2023-12-20T08:27:31.571-0800][54202016ms] GC(1047) Eden regions: 753->0(752)
[2023-12-20T08:27:31.571-0800][54202016ms] GC(1047) Survivor regions: 30->31(98)
[2023-12-20T08:27:31.571-0800][54202016ms] GC(1047) Old regions: 164->164
[2023-12-20T08:27:31.571-0800][54202016ms] GC(1047) Humongous regions: 5->5
[2023-12-20T08:27:31.571-0800][54202016ms] GC(1047) Metaspace: 256363K->256363K(1294336K)
[2023-12-20T08:27:31.571-0800][54202016ms] GC(1047) Pause Young (Normal) (G1 Evacuation Pause) 1902M->397M(2612M) 30.965ms
[2023-12-20T08:27:31.571-0800][54202016ms] GC(1047) User=0.06s Sys=0.00s Real=0.03s
[2023-12-20T08:27:32.468-0800][54202913ms] GC(1048) Pause Young (Normal) (G1 Evacuation Pause)
[2023-12-20T08:27:32.468-0800][54202913ms] GC(1048) Using 10 workers of 10 for evacuation
[2023-12-20T08:27:32.497-0800][54202942ms] GC(1048)   Pre Evacuate Collection Set: 0.0ms
[2023-12-20T08:27:32.497-0800][54202942ms] GC(1048)   Evacuate Collection Set: 26.4ms
[2023-12-20T08:27:32.497-0800][54202942ms] GC(1048)   Post Evacuate Collection Set: 2.5ms
[2023-12-20T08:27:32.497-0800][54202942ms] GC(1048)   Other: 0.4ms
[2023-12-20T08:27:32.497-0800][54202942ms] GC(1048) Eden regions: 752->0(752)
[2023-12-20T08:27:32.497-0800][54202942ms] GC(1048) Survivor regions: 31->31(98)
[2023-12-20T08:27:32.497-0800][54202942ms] GC(1048) Old regions: 164->164
[2023-12-20T08:27:32.497-0800][54202942ms] GC(1048) Humongous regions: 5->5
[2023-12-20T08:27:32.497-0800][54202942ms] GC(1048) Metaspace: 256363K->256363K(1294336K)
[2023-12-20T08:27:32.497-0800][54202942ms] GC(1048) Pause Young (Normal) (G1 Evacuation Pause) 1901M->397M(2612M) 29.366ms
[2023-12-20T08:27:32.497-0800][54202942ms] GC(1048) User=0.09s Sys=0.00s Real=0.03s
[2023-12-20T08:27:33.123-0800][54203568ms] GC(1049) Pause Young (Normal) (G1 Evacuation Pause)
[2023-12-20T08:27:33.123-0800][54203568ms] GC(1049) Using 10 workers of 10 for evacuation
[2023-12-20T08:27:33.152-0800][54203597ms] GC(1049)   Pre Evacuate Collection Set: 0.0ms
[2023-12-20T08:27:33.152-0800][54203597ms] GC(1049)   Evacuate Collection Set: 25.5ms
[2023-12-20T08:27:33.152-0800][54203597ms] GC(1049)   Post Evacuate Collection Set: 2.5ms
[2023-12-20T08:27:33.152-0800][54203597ms] GC(1049)   Other: 0.4ms
[2023-12-20T08:27:33.152-0800][54203597ms] GC(1049) Eden regions: 752->0(753)
[2023-12-20T08:27:33.152-0800][54203597ms] GC(1049) Survivor regions: 31->30(98)
[2023-12-20T08:27:33.152-0800][54203597ms] GC(1049) Old regions: 164->164
[2023-12-20T08:27:33.152-0800][54203597ms] GC(1049) Humongous regions: 5->5
[2023-12-20T08:27:33.152-0800][54203597ms] GC(1049) Metaspace: 256363K->256363K(1294336K)
[2023-12-20T08:27:33.152-0800][54203597ms] GC(1049) Pause Young (Normal) (G1 Evacuation Pause) 1901M->396M(2612M) 28.443ms
[2023-12-20T08:27:33.152-0800][54203597ms] GC(1049) User=0.06s Sys=0.00s Real=0.03s
[2023-12-20T08:27:33.710-0800][54204155ms] GC(1050) Pause Young (Normal) (G1 Evacuation Pause)
[2023-12-20T08:27:33.710-0800][54204155ms] GC(1050) Using 10 workers of 10 for evacuation
[2023-12-20T08:27:33.739-0800][54204184ms] GC(1050)   Pre Evacuate Collection Set: 0.0ms
[2023-12-20T08:27:33.739-0800][54204184ms] GC(1050)   Evacuate Collection Set: 27.0ms
[2023-12-20T08:27:33.739-0800][54204184ms] GC(1050)   Post Evacuate Collection Set: 2.5ms
[2023-12-20T08:27:33.739-0800][54204184ms] GC(1050)   Other: 0.4ms
[2023-12-20T08:27:33.739-0800][54204184ms] GC(1050) Eden regions: 753->0(752)
[2023-12-20T08:27:33.739-0800][54204184ms] GC(1050) Survivor regions: 30->31(98)
[2023-12-20T08:27:33.739-0800][54204184ms] GC(1050) Old regions: 164->164
[2023-12-20T08:27:33.739-0800][54204184ms] GC(1050) Humongous regions: 5->5
[2023-12-20T08:27:33.739-0800][54204184ms] GC(1050) Metaspace: 256363K->256363K(1294336K)
[2023-12-20T08:27:33.739-0800][54204184ms] GC(1050) Pause Young (Normal) (G1 Evacuation Pause) 1902M->397M(2612M) 30.008ms
[2023-12-20T08:27:33.739-0800][54204184ms] GC(1050) User=0.06s Sys=0.00s Real=0.03s
[2023-12-20T08:27:34.294-0800][54204739ms] GC(1051) Pause Young (Normal) (G1 Evacuation Pause)
[2023-12-20T08:27:34.294-0800][54204739ms] GC(1051) Using 10 workers of 10 for evacuation
[2023-12-20T08:27:34.325-0800][54204770ms] GC(1051)   Pre Evacuate Collection Set: 0.1ms
[2023-12-20T08:27:34.325-0800][54204770ms] GC(1051)   Evacuate Collection Set: 28.4ms
[2023-12-20T08:27:34.325-0800][54204770ms] GC(1051)   Post Evacuate Collection Set: 2.7ms
[2023-12-20T08:27:34.325-0800][54204770ms] GC(1051)   Other: 0.4ms
[2023-12-20T08:27:34.325-0800][54204770ms] GC(1051) Eden regions: 752->0(753)
[2023-12-20T08:27:34.325-0800][54204770ms] GC(1051) Survivor regions: 31->30(98)
[2023-12-20T08:27:34.325-0800][54204770ms] GC(1051) Old regions: 164->164
[2023-12-20T08:27:34.325-0800][54204770ms] GC(1051) Humongous regions: 5->5
[2023-12-20T08:27:34.325-0800][54204770ms] GC(1051) Metaspace: 256363K->256363K(1294336K)
[2023-12-20T08:27:34.325-0800][54204770ms] GC(1051) Pause Young (Normal) (G1 Evacuation Pause) 1901M->396M(2612M) 31.767ms
[2023-12-20T08:27:34.325-0800][54204770ms] GC(1051) User=0.11s Sys=0.00s Real=0.03s
[2023-12-20T08:27:34.956-0800][54205401ms] GC(1052) Pause Young (Normal) (G1 Evacuation Pause)
[2023-12-20T08:27:34.957-0800][54205402ms] GC(1052) Using 10 workers of 10 for evacuation
[2023-12-20T08:27:34.986-0800][54205431ms] GC(1052)   Pre Evacuate Collection Set: 0.1ms
[2023-12-20T08:27:34.986-0800][54205431ms] GC(1052)   Evacuate Collection Set: 25.7ms
[2023-12-20T08:27:34.986-0800][54205431ms] GC(1052)   Post Evacuate Collection Set: 3.2ms
[2023-12-20T08:27:34.986-0800][54205431ms] GC(1052)   Other: 0.4ms
[2023-12-20T08:27:34.986-0800][54205431ms] GC(1052) Eden regions: 753->0(752)
[2023-12-20T08:27:34.986-0800][54205431ms] GC(1052) Survivor regions: 30->31(98)
[2023-12-20T08:27:34.986-0800][54205431ms] GC(1052) Old regions: 164->164
[2023-12-20T08:27:34.986-0800][54205431ms] GC(1052) Humongous regions: 5->5
[2023-12-20T08:27:34.986-0800][54205431ms] GC(1052) Metaspace: 256363K->256363K(1294336K)
[2023-12-20T08:27:34.986-0800][54205431ms] GC(1052) Pause Young (Normal) (G1 Evacuation Pause) 1902M->397M(2612M) 29.397ms
[2023-12-20T08:27:34.986-0800][54205431ms] GC(1052) User=0.11s Sys=0.00s Real=0.03s
[2023-12-20T08:27:35.727-0800][54206172ms] GC(1053) Pause Young (Normal) (G1 Evacuation Pause)
[2023-12-20T08:27:35.727-0800][54206172ms] GC(1053) Using 10 workers of 10 for evacuation
[2023-12-20T08:27:35.759-0800][54206204ms] GC(1053)   Pre Evacuate Collection Set: 0.0ms
[2023-12-20T08:27:35.759-0800][54206204ms] GC(1053)   Evacuate Collection Set: 28.8ms
[2023-12-20T08:27:35.759-0800][54206204ms] GC(1053)   Post Evacuate Collection Set: 2.5ms
[2023-12-20T08:27:35.759-0800][54206204ms] GC(1053)   Other: 0.4ms
[2023-12-20T08:27:35.759-0800][54206204ms] GC(1053) Eden regions: 752->0(753)
[2023-12-20T08:27:35.759-0800][54206204ms] GC(1053) Survivor regions: 31->30(98)
[2023-12-20T08:27:35.759-0800][54206204ms] GC(1053) Old regions: 164->164
[2023-12-20T08:27:35.759-0800][54206204ms] GC(1053) Humongous regions: 5->5
[2023-12-20T08:27:35.759-0800][54206204ms] GC(1053) Metaspace: 256363K->256363K(1294336K)
[2023-12-20T08:27:35.759-0800][54206204ms] GC(1053) Pause Young (Normal) (G1 Evacuation Pause) 1901M->396M(2612M) 31.898ms
[2023-12-20T08:27:35.759-0800][54206204ms] GC(1053) User=0.14s Sys=0.00s Real=0.03s
[2023-12-20T08:27:36.493-0800][54206938ms] GC(1054) Pause Young (Normal) (G1 Evacuation Pause)
[2023-12-20T08:27:36.493-0800][54206938ms] GC(1054) Using 10 workers of 10 for evacuation
[2023-12-20T08:27:36.521-0800][54206966ms] GC(1054)   Pre Evacuate Collection Set: 0.0ms
[2023-12-20T08:27:36.521-0800][54206966ms] GC(1054)   Evacuate Collection Set: 26.3ms
[2023-12-20T08:27:36.521-0800][54206966ms] GC(1054)   Post Evacuate Collection Set: 2.4ms
[2023-12-20T08:27:36.521-0800][54206966ms] GC(1054)   Other: 0.4ms
[2023-12-20T08:27:36.521-0800][54206966ms] GC(1054) Eden regions: 753->0(752)
[2023-12-20T08:27:36.521-0800][54206966ms] GC(1054) Survivor regions: 30->31(98)
[2023-12-20T08:27:36.521-0800][54206966ms] GC(1054) Old regions: 164->164
[2023-12-20T08:27:36.521-0800][54206966ms] GC(1054) Humongous regions: 5->5
[2023-12-20T08:27:36.521-0800][54206966ms] GC(1054) Metaspace: 256363K->256363K(1294336K)
[2023-12-20T08:27:36.521-0800][54206966ms] GC(1054) Pause Young (Normal) (G1 Evacuation Pause) 1902M->397M(2612M) 29.188ms
[2023-12-20T08:27:36.521-0800][54206966ms] GC(1054) User=0.06s Sys=0.00s Real=0.03s
[2023-12-20T08:27:37.195-0800][54207640ms] GC(1055) Pause Young (Normal) (G1 Evacuation Pause)
[2023-12-20T08:27:37.195-0800][54207640ms] GC(1055) Using 10 workers of 10 for evacuation
[2023-12-20T08:27:37.225-0800][54207670ms] GC(1055)   Pre Evacuate Collection Set: 0.0ms
[2023-12-20T08:27:37.225-0800][54207670ms] GC(1055)   Evacuate Collection Set: 27.8ms
[2023-12-20T08:27:37.225-0800][54207670ms] GC(1055)   Post Evacuate Collection Set: 2.5ms
[2023-12-20T08:27:37.225-0800][54207670ms] GC(1055)   Other: 0.4ms
[2023-12-20T08:27:37.225-0800][54207670ms] GC(1055) Eden regions: 752->0(752)
[2023-12-20T08:27:37.225-0800][54207670ms] GC(1055) Survivor regions: 31->31(98)
[2023-12-20T08:27:37.225-0800][54207670ms] GC(1055) Old regions: 164->164
[2023-12-20T08:27:37.225-0800][54207670ms] GC(1055) Humongous regions: 5->5
[2023-12-20T08:27:37.225-0800][54207670ms] GC(1055) Metaspace: 256363K->256363K(1294336K)
[2023-12-20T08:27:37.225-0800][54207670ms] GC(1055) Pause Young (Normal) (G1 Evacuation Pause) 1901M->397M(2612M) 30.778ms
[2023-12-20T08:27:37.225-0800][54207670ms] GC(1055) User=0.09s Sys=0.00s Real=0.03s
[2023-12-20T08:27:37.899-0800][54208344ms] GC(1056) Pause Young (Normal) (G1 Evacuation Pause)
[2023-12-20T08:27:37.899-0800][54208344ms] GC(1056) Using 10 workers of 10 for evacuation
[2023-12-20T08:27:37.928-0800][54208373ms] GC(1056)   Pre Evacuate Collection Set: 0.0ms
[2023-12-20T08:27:37.928-0800][54208373ms] GC(1056)   Evacuate Collection Set: 26.7ms
[2023-12-20T08:27:37.928-0800][54208373ms] GC(1056)   Post Evacuate Collection Set: 2.5ms
[2023-12-20T08:27:37.928-0800][54208373ms] GC(1056)   Other: 0.3ms
[2023-12-20T08:27:37.928-0800][54208373ms] GC(1056) Eden regions: 752->0(753)
[2023-12-20T08:27:37.928-0800][54208373ms] GC(1056) Survivor regions: 31->30(98)
[2023-12-20T08:27:37.928-0800][54208373ms] GC(1056) Old regions: 164->164
[2023-12-20T08:27:37.928-0800][54208373ms] GC(1056) Humongous regions: 5->5
[2023-12-20T08:27:37.928-0800][54208373ms] GC(1056) Metaspace: 256363K->256363K(1294336K)
[2023-12-20T08:27:37.928-0800][54208373ms] GC(1056) Pause Young (Normal) (G1 Evacuation Pause) 1901M->395M(2612M) 29.713ms
[2023-12-20T08:27:37.928-0800][54208373ms] GC(1056) User=0.09s Sys=0.00s Real=0.03s
[2023-12-20T08:27:38.787-0800][54209232ms] GC(1057) Pause Young (Normal) (GCLocker Initiated GC)
[2023-12-20T08:27:38.787-0800][54209232ms] GC(1057) Using 10 workers of 10 for evacuation
[2023-12-20T08:27:38.817-0800][54209262ms] GC(1057)   Pre Evacuate Collection Set: 0.0ms
[2023-12-20T08:27:38.817-0800][54209262ms] GC(1057)   Evacuate Collection Set: 26.7ms
[2023-12-20T08:27:38.817-0800][54209262ms] GC(1057)   Post Evacuate Collection Set: 2.5ms
[2023-12-20T08:27:38.817-0800][54209262ms] GC(1057)   Other: 0.4ms
[2023-12-20T08:27:38.817-0800][54209262ms] GC(1057) Eden regions: 754->0(752)
[2023-12-20T08:27:38.817-0800][54209262ms] GC(1057) Survivor regions: 30->31(98)
[2023-12-20T08:27:38.817-0800][54209262ms] GC(1057) Old regions: 164->164
[2023-12-20T08:27:38.817-0800][54209262ms] GC(1057) Humongous regions: 5->5
[2023-12-20T08:27:38.817-0800][54209262ms] GC(1057) Metaspace: 256363K->256363K(1294336K)
[2023-12-20T08:27:38.817-0800][54209262ms] GC(1057) Pause Young (Normal) (GCLocker Initiated GC) 1902M->397M(2612M) 29.650ms
[2023-12-20T08:27:38.817-0800][54209262ms] GC(1057) User=0.20s Sys=0.00s Real=0.03s
[2023-12-20T08:27:39.584-0800][54210029ms] GC(1058) Pause Young (Normal) (GCLocker Initiated GC)
[2023-12-20T08:27:39.584-0800][54210029ms] GC(1058) Using 10 workers of 10 for evacuation
[2023-12-20T08:27:39.614-0800][54210059ms] GC(1058)   Pre Evacuate Collection Set: 0.0ms
[2023-12-20T08:27:39.614-0800][54210059ms] GC(1058)   Evacuate Collection Set: 27.2ms
[2023-12-20T08:27:39.614-0800][54210059ms] GC(1058)   Post Evacuate Collection Set: 2.3ms
[2023-12-20T08:27:39.614-0800][54210059ms] GC(1058)   Other: 0.4ms
[2023-12-20T08:27:39.614-0800][54210059ms] GC(1058) Eden regions: 753->0(752)
[2023-12-20T08:27:39.614-0800][54210059ms] GC(1058) Survivor regions: 31->31(98)
[2023-12-20T08:27:39.614-0800][54210059ms] GC(1058) Old regions: 164->164
[2023-12-20T08:27:39.614-0800][54210059ms] GC(1058) Humongous regions: 5->5
[2023-12-20T08:27:39.614-0800][54210059ms] GC(1058) Metaspace: 256363K->256363K(1294336K)
[2023-12-20T08:27:39.614-0800][54210059ms] GC(1058) Pause Young (Normal) (GCLocker Initiated GC) 1902M->398M(2612M) 30.005ms
[2023-12-20T08:27:39.614-0800][54210059ms] GC(1058) User=0.13s Sys=0.02s Real=0.03s
[2023-12-20T08:27:40.424-0800][54210869ms] GC(1059) Pause Young (Normal) (GCLocker Initiated GC)
[2023-12-20T08:27:40.424-0800][54210869ms] GC(1059) Using 10 workers of 10 for evacuation
[2023-12-20T08:27:40.454-0800][54210899ms] GC(1059)   Pre Evacuate Collection Set: 0.0ms
[2023-12-20T08:27:40.454-0800][54210899ms] GC(1059)   Evacuate Collection Set: 28.0ms
[2023-12-20T08:27:40.454-0800][54210899ms] GC(1059)   Post Evacuate Collection Set: 2.4ms
[2023-12-20T08:27:40.454-0800][54210899ms] GC(1059)   Other: 0.4ms
[2023-12-20T08:27:40.454-0800][54210899ms] GC(1059) Eden regions: 753->0(753)
[2023-12-20T08:27:40.454-0800][54210899ms] GC(1059) Survivor regions: 31->30(98)
[2023-12-20T08:27:40.454-0800][54210899ms] GC(1059) Old regions: 164->164
[2023-12-20T08:27:40.454-0800][54210899ms] GC(1059) Humongous regions: 5->5
[2023-12-20T08:27:40.454-0800][54210899ms] GC(1059) Metaspace: 256363K->256363K(1294336K)
[2023-12-20T08:27:40.454-0800][54210899ms] GC(1059) Pause Young (Normal) (GCLocker Initiated GC) 1903M->397M(2612M) 30.997ms
[2023-12-20T08:27:40.455-0800][54210900ms] GC(1059) User=0.13s Sys=0.00s Real=0.03s
[2023-12-20T08:27:41.190-0800][54211635ms] GC(1060) Pause Young (Normal) (G1 Evacuation Pause)
[2023-12-20T08:27:41.190-0800][54211635ms] GC(1060) Using 10 workers of 10 for evacuation
[2023-12-20T08:27:41.221-0800][54211666ms] GC(1060)   Pre Evacuate Collection Set: 0.0ms
[2023-12-20T08:27:41.221-0800][54211666ms] GC(1060)   Evacuate Collection Set: 27.7ms
[2023-12-20T08:27:41.221-0800][54211666ms] GC(1060)   Post Evacuate Collection Set: 2.6ms
[2023-12-20T08:27:41.221-0800][54211666ms] GC(1060)   Other: 0.4ms
[2023-12-20T08:27:41.221-0800][54211666ms] GC(1060) Eden regions: 753->0(753)
[2023-12-20T08:27:41.221-0800][54211666ms] GC(1060) Survivor regions: 30->30(98)
[2023-12-20T08:27:41.221-0800][54211666ms] GC(1060) Old regions: 164->164
[2023-12-20T08:27:41.221-0800][54211666ms] GC(1060) Humongous regions: 5->5
[2023-12-20T08:27:41.221-0800][54211666ms] GC(1060) Metaspace: 256363K->256363K(1294336K)
[2023-12-20T08:27:41.221-0800][54211666ms] GC(1060) Pause Young (Normal) (G1 Evacuation Pause) 1903M->397M(2612M) 30.881ms
[2023-12-20T08:27:41.221-0800][54211666ms] GC(1060) User=0.13s Sys=0.00s Real=0.03s
[2023-12-20T08:27:41.910-0800][54212355ms] GC(1061) Pause Young (Normal) (G1 Evacuation Pause)
[2023-12-20T08:27:41.910-0800][54212355ms] GC(1061) Using 10 workers of 10 for evacuation
[2023-12-20T08:27:41.938-0800][54212383ms] GC(1061)   Pre Evacuate Collection Set: 0.0ms
[2023-12-20T08:27:41.938-0800][54212383ms] GC(1061)   Evacuate Collection Set: 25.7ms
[2023-12-20T08:27:41.938-0800][54212383ms] GC(1061)   Post Evacuate Collection Set: 2.5ms
[2023-12-20T08:27:41.939-0800][54212384ms] GC(1061)   Other: 0.4ms
[2023-12-20T08:27:41.939-0800][54212384ms] GC(1061) Eden regions: 753->0(753)
[2023-12-20T08:27:41.939-0800][54212384ms] GC(1061) Survivor regions: 30->30(98)
[2023-12-20T08:27:41.939-0800][54212384ms] GC(1061) Old regions: 164->164
[2023-12-20T08:27:41.939-0800][54212384ms] GC(1061) Humongous regions: 5->5
[2023-12-20T08:27:41.939-0800][54212384ms] GC(1061) Metaspace: 256363K->256363K(1294336K)
[2023-12-20T08:27:41.939-0800][54212384ms] GC(1061) Pause Young (Normal) (G1 Evacuation Pause) 1903M->397M(2612M) 28.693ms
[2023-12-20T08:27:41.939-0800][54212384ms] GC(1061) User=0.11s Sys=0.00s Real=0.03s
[2023-12-20T08:27:42.497-0800][54212942ms] GC(1062) Pause Young (Normal) (G1 Evacuation Pause)
[2023-12-20T08:27:42.497-0800][54212942ms] GC(1062) Using 10 workers of 10 for evacuation
[2023-12-20T08:27:42.523-0800][54212968ms] GC(1062)   Pre Evacuate Collection Set: 0.0ms
[2023-12-20T08:27:42.523-0800][54212968ms] GC(1062)   Evacuate Collection Set: 24.6ms
[2023-12-20T08:27:42.523-0800][54212968ms] GC(1062)   Post Evacuate Collection Set: 2.5ms
[2023-12-20T08:27:42.523-0800][54212968ms] GC(1062)   Other: 0.3ms
[2023-12-20T08:27:42.523-0800][54212968ms] GC(1062) Eden regions: 753->0(753)
[2023-12-20T08:27:42.523-0800][54212968ms] GC(1062) Survivor regions: 30->30(98)
[2023-12-20T08:27:42.523-0800][54212968ms] GC(1062) Old regions: 164->164
[2023-12-20T08:27:42.523-0800][54212968ms] GC(1062) Humongous regions: 5->5
[2023-12-20T08:27:42.523-0800][54212968ms] GC(1062) Metaspace: 256363K->256363K(1294336K)
[2023-12-20T08:27:42.523-0800][54212968ms] GC(1062) Pause Young (Normal) (G1 Evacuation Pause) 1903M->397M(2612M) 27.632ms
[2023-12-20T08:27:42.523-0800][54212968ms] GC(1062) User=0.08s Sys=0.00s Real=0.03s
[2023-12-20T08:27:43.061-0800][54213506ms] GC(1063) Pause Young (Normal) (G1 Evacuation Pause)
[2023-12-20T08:27:43.061-0800][54213506ms] GC(1063) Using 10 workers of 10 for evacuation
[2023-12-20T08:27:43.089-0800][54213534ms] GC(1063)   Pre Evacuate Collection Set: 0.0ms
[2023-12-20T08:27:43.089-0800][54213534ms] GC(1063)   Evacuate Collection Set: 25.3ms
[2023-12-20T08:27:43.089-0800][54213534ms] GC(1063)   Post Evacuate Collection Set: 2.5ms
[2023-12-20T08:27:43.089-0800][54213534ms] GC(1063)   Other: 0.4ms
[2023-12-20T08:27:43.089-0800][54213534ms] GC(1063) Eden regions: 753->0(753)
[2023-12-20T08:27:43.089-0800][54213534ms] GC(1063) Survivor regions: 30->30(98)
[2023-12-20T08:27:43.089-0800][54213534ms] GC(1063) Old regions: 164->164
[2023-12-20T08:27:43.089-0800][54213534ms] GC(1063) Humongous regions: 5->5
[2023-12-20T08:27:43.089-0800][54213534ms] GC(1063) Metaspace: 256363K->256363K(1294336K)
[2023-12-20T08:27:43.089-0800][54213534ms] GC(1063) Pause Young (Normal) (G1 Evacuation Pause) 1903M->397M(2612M) 28.277ms
[2023-12-20T08:27:43.089-0800][54213534ms] GC(1063) User=0.13s Sys=0.00s Real=0.03s
[2023-12-20T08:27:43.641-0800][54214086ms] GC(1064) Pause Young (Normal) (G1 Evacuation Pause)
[2023-12-20T08:27:43.641-0800][54214086ms] GC(1064) Using 10 workers of 10 for evacuation
[2023-12-20T08:27:43.670-0800][54214115ms] GC(1064)   Pre Evacuate Collection Set: 0.0ms
[2023-12-20T08:27:43.670-0800][54214115ms] GC(1064)   Evacuate Collection Set: 26.2ms
[2023-12-20T08:27:43.670-0800][54214115ms] GC(1064)   Post Evacuate Collection Set: 2.4ms
[2023-12-20T08:27:43.670-0800][54214115ms] GC(1064)   Other: 0.4ms
[2023-12-20T08:27:43.670-0800][54214115ms] GC(1064) Eden regions: 753->0(752)
[2023-12-20T08:27:43.670-0800][54214115ms] GC(1064) Survivor regions: 30->31(98)
[2023-12-20T08:27:43.670-0800][54214115ms] GC(1064) Old regions: 164->164
[2023-12-20T08:27:43.670-0800][54214115ms] GC(1064) Humongous regions: 5->5
[2023-12-20T08:27:43.670-0800][54214115ms] GC(1064) Metaspace: 256363K->256363K(1294336K)
[2023-12-20T08:27:43.670-0800][54214115ms] GC(1064) Pause Young (Normal) (G1 Evacuation Pause) 1903M->398M(2612M) 29.127ms
[2023-12-20T08:27:43.670-0800][54214115ms] GC(1064) User=0.09s Sys=0.00s Real=0.03s
[2023-12-20T08:27:44.265-0800][54214710ms] GC(1065) Pause Young (Normal) (G1 Evacuation Pause)
[2023-12-20T08:27:44.265-0800][54214710ms] GC(1065) Using 10 workers of 10 for evacuation
[2023-12-20T08:27:44.294-0800][54214739ms] GC(1065)   Pre Evacuate Collection Set: 0.0ms
[2023-12-20T08:27:44.294-0800][54214739ms] GC(1065)   Evacuate Collection Set: 26.7ms
[2023-12-20T08:27:44.294-0800][54214739ms] GC(1065)   Post Evacuate Collection Set: 2.3ms
[2023-12-20T08:27:44.294-0800][54214739ms] GC(1065)   Other: 0.4ms
[2023-12-20T08:27:44.294-0800][54214739ms] GC(1065) Eden regions: 752->0(753)
[2023-12-20T08:27:44.294-0800][54214739ms] GC(1065) Survivor regions: 31->30(98)
[2023-12-20T08:27:44.294-0800][54214739ms] GC(1065) Old regions: 164->164
[2023-12-20T08:27:44.294-0800][54214739ms] GC(1065) Humongous regions: 5->5
[2023-12-20T08:27:44.294-0800][54214739ms] GC(1065) Metaspace: 256363K->256363K(1294336K)
[2023-12-20T08:27:44.294-0800][54214739ms] GC(1065) Pause Young (Normal) (G1 Evacuation Pause) 1902M->397M(2612M) 29.525ms
[2023-12-20T08:27:44.294-0800][54214739ms] GC(1065) User=0.09s Sys=0.00s Real=0.03s
[2023-12-20T08:27:44.948-0800][54215393ms] GC(1066) Pause Young (Normal) (G1 Evacuation Pause)
[2023-12-20T08:27:44.948-0800][54215393ms] GC(1066) Using 10 workers of 10 for evacuation
[2023-12-20T08:27:44.978-0800][54215423ms] GC(1066)   Pre Evacuate Collection Set: 0.0ms
[2023-12-20T08:27:44.980-0800][54215425ms] GC(1066)   Evacuate Collection Set: 28.4ms
[2023-12-20T08:27:44.980-0800][54215425ms] GC(1066)   Post Evacuate Collection Set: 2.5ms
[2023-12-20T08:27:44.980-0800][54215425ms] GC(1066)   Other: 0.4ms
[2023-12-20T08:27:44.980-0800][54215425ms] GC(1066) Eden regions: 753->0(753)
[2023-12-20T08:27:44.980-0800][54215425ms] GC(1066) Survivor regions: 30->30(98)
[2023-12-20T08:27:44.980-0800][54215425ms] GC(1066) Old regions: 164->164
[2023-12-20T08:27:44.980-0800][54215425ms] GC(1066) Humongous regions: 5->5
[2023-12-20T08:27:44.980-0800][54215425ms] GC(1066) Metaspace: 256364K->256364K(1294336K)
[2023-12-20T08:27:44.980-0800][54215425ms] GC(1066) Pause Young (Normal) (G1 Evacuation Pause) 1903M->396M(2612M) 31.457ms
[2023-12-20T08:27:44.980-0800][54215425ms] GC(1066) User=0.09s Sys=0.00s Real=0.03s
[2023-12-20T08:27:45.460-0800][54215905ms] GC(1067) Pause Young (Normal) (G1 Evacuation Pause)
[2023-12-20T08:27:45.460-0800][54215905ms] GC(1067) Using 10 workers of 10 for evacuation
[2023-12-20T08:27:45.487-0800][54215932ms] GC(1067)   Pre Evacuate Collection Set: 0.0ms
[2023-12-20T08:27:45.487-0800][54215932ms] GC(1067)   Evacuate Collection Set: 24.6ms
[2023-12-20T08:27:45.487-0800][54215932ms] GC(1067)   Post Evacuate Collection Set: 2.3ms
[2023-12-20T08:27:45.487-0800][54215932ms] GC(1067)   Other: 0.4ms
[2023-12-20T08:27:45.487-0800][54215932ms] GC(1067) Eden regions: 753->0(752)
[2023-12-20T08:27:45.487-0800][54215932ms] GC(1067) Survivor regions: 30->31(98)
[2023-12-20T08:27:45.487-0800][54215932ms] GC(1067) Old regions: 164->164
[2023-12-20T08:27:45.487-0800][54215932ms] GC(1067) Humongous regions: 5->5
[2023-12-20T08:27:45.487-0800][54215932ms] GC(1067) Metaspace: 256364K->256364K(1294336K)
[2023-12-20T08:27:45.487-0800][54215932ms] GC(1067) Pause Young (Normal) (G1 Evacuation Pause) 1902M->398M(2612M) 27.441ms
[2023-12-20T08:27:45.487-0800][54215932ms] GC(1067) User=0.05s Sys=0.00s Real=0.03s
[2023-12-20T08:27:46.044-0800][54216489ms] GC(1068) Pause Young (Normal) (G1 Evacuation Pause)
[2023-12-20T08:27:46.044-0800][54216489ms] GC(1068) Using 10 workers of 10 for evacuation
[2023-12-20T08:27:46.072-0800][54216517ms] GC(1068)   Pre Evacuate Collection Set: 0.0ms
[2023-12-20T08:27:46.073-0800][54216518ms] GC(1068)   Evacuate Collection Set: 25.2ms
[2023-12-20T08:27:46.073-0800][54216518ms] GC(1068)   Post Evacuate Collection Set: 2.5ms
[2023-12-20T08:27:46.073-0800][54216518ms] GC(1068)   Other: 0.4ms
[2023-12-20T08:27:46.073-0800][54216518ms] GC(1068) Eden regions: 752->0(752)
[2023-12-20T08:27:46.073-0800][54216518ms] GC(1068) Survivor regions: 31->31(98)
[2023-12-20T08:27:46.073-0800][54216518ms] GC(1068) Old regions: 164->164
[2023-12-20T08:27:46.073-0800][54216518ms] GC(1068) Humongous regions: 5->5
[2023-12-20T08:27:46.073-0800][54216518ms] GC(1068) Metaspace: 256364K->256364K(1294336K)
[2023-12-20T08:27:46.073-0800][54216518ms] GC(1068) Pause Young (Normal) (G1 Evacuation Pause) 1902M->398M(2612M) 28.251ms
[2023-12-20T08:27:46.073-0800][54216518ms] GC(1068) User=0.06s Sys=0.00s Real=0.03s
[2023-12-20T08:27:46.877-0800][54217322ms] GC(1069) Pause Young (Normal) (G1 Evacuation Pause)
[2023-12-20T08:27:46.877-0800][54217322ms] GC(1069) Using 10 workers of 10 for evacuation
[2023-12-20T08:27:46.906-0800][54217351ms] GC(1069)   Pre Evacuate Collection Set: 0.0ms
[2023-12-20T08:27:46.906-0800][54217351ms] GC(1069)   Evacuate Collection Set: 26.3ms
[2023-12-20T08:27:46.906-0800][54217351ms] GC(1069)   Post Evacuate Collection Set: 2.8ms
[2023-12-20T08:27:46.906-0800][54217351ms] GC(1069)   Other: 0.4ms
[2023-12-20T08:27:46.906-0800][54217351ms] GC(1069) Eden regions: 752->0(753)
[2023-12-20T08:27:46.906-0800][54217351ms] GC(1069) Survivor regions: 31->30(98)
[2023-12-20T08:27:46.906-0800][54217351ms] GC(1069) Old regions: 164->164
[2023-12-20T08:27:46.906-0800][54217351ms] GC(1069) Humongous regions: 5->5
[2023-12-20T08:27:46.906-0800][54217351ms] GC(1069) Metaspace: 256372K->256372K(1294336K)
[2023-12-20T08:27:46.906-0800][54217351ms] GC(1069) Pause Young (Normal) (G1 Evacuation Pause) 1902M->397M(2612M) 29.578ms
[2023-12-20T08:27:46.906-0800][54217351ms] GC(1069) User=0.09s Sys=0.00s Real=0.03s
[2023-12-20T08:27:47.703-0800][54218148ms] GC(1070) Pause Young (Normal) (G1 Evacuation Pause)
[2023-12-20T08:27:47.703-0800][54218148ms] GC(1070) Using 10 workers of 10 for evacuation
[2023-12-20T08:27:47.743-0800][54218188ms] GC(1070)   Pre Evacuate Collection Set: 0.0ms
[2023-12-20T08:27:47.743-0800][54218188ms] GC(1070)   Evacuate Collection Set: 36.4ms
[2023-12-20T08:27:47.743-0800][54218188ms] GC(1070)   Post Evacuate Collection Set: 3.1ms
[2023-12-20T08:27:47.743-0800][54218188ms] GC(1070)   Other: 0.4ms
[2023-12-20T08:27:47.743-0800][54218188ms] GC(1070) Eden regions: 753->0(752)
[2023-12-20T08:27:47.743-0800][54218188ms] GC(1070) Survivor regions: 30->31(98)
[2023-12-20T08:27:47.743-0800][54218188ms] GC(1070) Old regions: 164->164
[2023-12-20T08:27:47.743-0800][54218188ms] GC(1070) Humongous regions: 5->5
[2023-12-20T08:27:47.743-0800][54218188ms] GC(1070) Metaspace: 256372K->256372K(1294336K)
[2023-12-20T08:27:47.743-0800][54218188ms] GC(1070) Pause Young (Normal) (G1 Evacuation Pause) 1903M->398M(2612M) 40.045ms
[2023-12-20T08:27:47.743-0800][54218188ms] GC(1070) User=0.11s Sys=0.00s Real=0.04s
[2023-12-20T08:27:48.392-0800][54218837ms] GC(1071) Pause Young (Normal) (G1 Evacuation Pause)
[2023-12-20T08:27:48.392-0800][54218837ms] GC(1071) Using 10 workers of 10 for evacuation
[2023-12-20T08:27:48.421-0800][54218866ms] GC(1071)   Pre Evacuate Collection Set: 0.0ms
[2023-12-20T08:27:48.421-0800][54218866ms] GC(1071)   Evacuate Collection Set: 26.0ms
[2023-12-20T08:27:48.421-0800][54218866ms] GC(1071)   Post Evacuate Collection Set: 2.4ms
[2023-12-20T08:27:48.421-0800][54218866ms] GC(1071)   Other: 0.4ms
[2023-12-20T08:27:48.421-0800][54218866ms] GC(1071) Eden regions: 752->0(753)
[2023-12-20T08:27:48.421-0800][54218866ms] GC(1071) Survivor regions: 31->30(98)
[2023-12-20T08:27:48.421-0800][54218866ms] GC(1071) Old regions: 164->164
[2023-12-20T08:27:48.421-0800][54218866ms] GC(1071) Humongous regions: 5->5
[2023-12-20T08:27:48.421-0800][54218866ms] GC(1071) Metaspace: 256372K->256372K(1294336K)
[2023-12-20T08:27:48.421-0800][54218866ms] GC(1071) Pause Young (Normal) (G1 Evacuation Pause) 1902M->397M(2612M) 28.930ms
[2023-12-20T08:27:48.421-0800][54218866ms] GC(1071) User=0.08s Sys=0.00s Real=0.03s
[2023-12-20T08:27:49.113-0800][54219558ms] GC(1072) Pause Young (Normal) (G1 Evacuation Pause)
[2023-12-20T08:27:49.113-0800][54219558ms] GC(1072) Using 10 workers of 10 for evacuation
[2023-12-20T08:27:49.144-0800][54219589ms] GC(1072)   Pre Evacuate Collection Set: 0.0ms
[2023-12-20T08:27:49.144-0800][54219589ms] GC(1072)   Evacuate Collection Set: 27.6ms
[2023-12-20T08:27:49.144-0800][54219589ms] GC(1072)   Post Evacuate Collection Set: 2.5ms
[2023-12-20T08:27:49.144-0800][54219589ms] GC(1072)   Other: 0.4ms
[2023-12-20T08:27:49.144-0800][54219589ms] GC(1072) Eden regions: 753->0(753)
[2023-12-20T08:27:49.144-0800][54219589ms] GC(1072) Survivor regions: 30->30(98)
[2023-12-20T08:27:49.144-0800][54219589ms] GC(1072) Old regions: 164->164
[2023-12-20T08:27:49.144-0800][54219589ms] GC(1072) Humongous regions: 5->5
[2023-12-20T08:27:49.144-0800][54219589ms] GC(1072) Metaspace: 256372K->256372K(1294336K)
[2023-12-20T08:27:49.144-0800][54219589ms] GC(1072) Pause Young (Normal) (G1 Evacuation Pause) 1903M->397M(2612M) 30.674ms
[2023-12-20T08:27:49.144-0800][54219589ms] GC(1072) User=0.13s Sys=0.00s Real=0.03s
[2023-12-20T08:27:49.816-0800][54220261ms] GC(1073) Pause Young (Normal) (G1 Evacuation Pause)
[2023-12-20T08:27:49.816-0800][54220261ms] GC(1073) Using 10 workers of 10 for evacuation
[2023-12-20T08:27:49.845-0800][54220290ms] GC(1073)   Pre Evacuate Collection Set: 0.0ms
[2023-12-20T08:27:49.845-0800][54220290ms] GC(1073)   Evacuate Collection Set: 26.9ms
[2023-12-20T08:27:49.845-0800][54220290ms] GC(1073)   Post Evacuate Collection Set: 2.5ms
[2023-12-20T08:27:49.845-0800][54220290ms] GC(1073)   Other: 0.4ms
[2023-12-20T08:27:49.845-0800][54220290ms] GC(1073) Eden regions: 753->0(753)
[2023-12-20T08:27:49.845-0800][54220290ms] GC(1073) Survivor regions: 30->30(98)
[2023-12-20T08:27:49.845-0800][54220290ms] GC(1073) Old regions: 164->164
[2023-12-20T08:27:49.845-0800][54220290ms] GC(1073) Humongous regions: 5->5
[2023-12-20T08:27:49.845-0800][54220290ms] GC(1073) Metaspace: 256372K->256372K(1294336K)
[2023-12-20T08:27:49.845-0800][54220290ms] GC(1073) Pause Young (Normal) (G1 Evacuation Pause) 1903M->397M(2612M) 29.905ms
[2023-12-20T08:27:49.845-0800][54220290ms] GC(1073) User=0.09s Sys=0.00s Real=0.03s
[2023-12-20T08:27:50.592-0800][54221037ms] GC(1074) Pause Young (Normal) (G1 Evacuation Pause)
[2023-12-20T08:27:50.592-0800][54221037ms] GC(1074) Using 10 workers of 10 for evacuation
[2023-12-20T08:27:50.621-0800][54221066ms] GC(1074)   Pre Evacuate Collection Set: 0.0ms
[2023-12-20T08:27:50.621-0800][54221066ms] GC(1074)   Evacuate Collection Set: 26.5ms
[2023-12-20T08:27:50.621-0800][54221066ms] GC(1074)   Post Evacuate Collection Set: 2.3ms
[2023-12-20T08:27:50.621-0800][54221066ms] GC(1074)   Other: 0.5ms
[2023-12-20T08:27:50.621-0800][54221066ms] GC(1074) Eden regions: 753->0(753)
[2023-12-20T08:27:50.621-0800][54221066ms] GC(1074) Survivor regions: 30->30(98)
[2023-12-20T08:27:50.621-0800][54221066ms] GC(1074) Old regions: 164->164
[2023-12-20T08:27:50.621-0800][54221066ms] GC(1074) Humongous regions: 5->5
[2023-12-20T08:27:50.621-0800][54221066ms] GC(1074) Metaspace: 256372K->256372K(1294336K)
[2023-12-20T08:27:50.621-0800][54221066ms] GC(1074) Pause Young (Normal) (G1 Evacuation Pause) 1903M->397M(2612M) 29.416ms
[2023-12-20T08:27:50.621-0800][54221066ms] GC(1074) User=0.11s Sys=0.02s Real=0.03s
[2023-12-20T08:27:51.477-0800][54221922ms] GC(1075) Pause Young (Normal) (G1 Evacuation Pause)
[2023-12-20T08:27:51.477-0800][54221922ms] GC(1075) Using 10 workers of 10 for evacuation
[2023-12-20T08:27:51.506-0800][54221951ms] GC(1075)   Pre Evacuate Collection Set: 0.1ms
[2023-12-20T08:27:51.506-0800][54221951ms] GC(1075)   Evacuate Collection Set: 26.3ms
[2023-12-20T08:27:51.506-0800][54221951ms] GC(1075)   Post Evacuate Collection Set: 2.2ms
[2023-12-20T08:27:51.506-0800][54221951ms] GC(1075)   Other: 0.4ms
[2023-12-20T08:27:51.506-0800][54221951ms] GC(1075) Eden regions: 753->0(752)
[2023-12-20T08:27:51.506-0800][54221951ms] GC(1075) Survivor regions: 30->31(98)
[2023-12-20T08:27:51.506-0800][54221951ms] GC(1075) Old regions: 164->164
[2023-12-20T08:27:51.506-0800][54221951ms] GC(1075) Humongous regions: 5->5
[2023-12-20T08:27:51.506-0800][54221951ms] GC(1075) Metaspace: 256372K->256372K(1294336K)
[2023-12-20T08:27:51.506-0800][54221951ms] GC(1075) Pause Young (Normal) (G1 Evacuation Pause) 1903M->398M(2612M) 29.051ms
[2023-12-20T08:27:51.506-0800][54221951ms] GC(1075) User=0.09s Sys=0.00s Real=0.03s
[2023-12-20T08:27:52.150-0800][54222595ms] GC(1076) Pause Young (Normal) (G1 Evacuation Pause)
[2023-12-20T08:27:52.150-0800][54222595ms] GC(1076) Using 10 workers of 10 for evacuation
[2023-12-20T08:27:52.181-0800][54222626ms] GC(1076)   Pre Evacuate Collection Set: 0.0ms
[2023-12-20T08:27:52.181-0800][54222626ms] GC(1076)   Evacuate Collection Set: 28.8ms
[2023-12-20T08:27:52.181-0800][54222626ms] GC(1076)   Post Evacuate Collection Set: 2.4ms
[2023-12-20T08:27:52.181-0800][54222626ms] GC(1076)   Other: 0.4ms
[2023-12-20T08:27:52.181-0800][54222626ms] GC(1076) Eden regions: 752->0(753)
[2023-12-20T08:27:52.181-0800][54222626ms] GC(1076) Survivor regions: 31->30(98)
[2023-12-20T08:27:52.181-0800][54222626ms] GC(1076) Old regions: 164->164
[2023-12-20T08:27:52.181-0800][54222626ms] GC(1076) Humongous regions: 5->5
[2023-12-20T08:27:52.181-0800][54222626ms] GC(1076) Metaspace: 256372K->256372K(1294336K)
[2023-12-20T08:27:52.181-0800][54222626ms] GC(1076) Pause Young (Normal) (G1 Evacuation Pause) 1902M->397M(2612M) 31.725ms
[2023-12-20T08:27:52.181-0800][54222626ms] GC(1076) User=0.11s Sys=0.00s Real=0.03s
[2023-12-20T08:27:52.841-0800][54223286ms] GC(1077) Pause Young (Normal) (G1 Evacuation Pause)
[2023-12-20T08:27:52.841-0800][54223286ms] GC(1077) Using 10 workers of 10 for evacuation
[2023-12-20T08:27:52.870-0800][54223315ms] GC(1077)   Pre Evacuate Collection Set: 0.0ms
[2023-12-20T08:27:52.870-0800][54223315ms] GC(1077)   Evacuate Collection Set: 25.9ms
[2023-12-20T08:27:52.870-0800][54223315ms] GC(1077)   Post Evacuate Collection Set: 2.5ms
[2023-12-20T08:27:52.870-0800][54223315ms] GC(1077)   Other: 0.3ms
[2023-12-20T08:27:52.870-0800][54223315ms] GC(1077) Eden regions: 753->0(753)
[2023-12-20T08:27:52.870-0800][54223315ms] GC(1077) Survivor regions: 30->30(98)
[2023-12-20T08:27:52.870-0800][54223315ms] GC(1077) Old regions: 164->164
[2023-12-20T08:27:52.870-0800][54223315ms] GC(1077) Humongous regions: 5->5
[2023-12-20T08:27:52.870-0800][54223315ms] GC(1077) Metaspace: 256372K->256372K(1294336K)
[2023-12-20T08:27:52.870-0800][54223315ms] GC(1077) Pause Young (Normal) (G1 Evacuation Pause) 1903M->397M(2612M) 28.859ms
[2023-12-20T08:27:52.870-0800][54223315ms] GC(1077) User=0.06s Sys=0.00s Real=0.03s
[2023-12-20T08:27:53.618-0800][54224063ms] GC(1078) Pause Young (Normal) (G1 Evacuation Pause)
[2023-12-20T08:27:53.618-0800][54224063ms] GC(1078) Using 10 workers of 10 for evacuation
[2023-12-20T08:27:53.646-0800][54224091ms] GC(1078)   Pre Evacuate Collection Set: 0.0ms
[2023-12-20T08:27:53.646-0800][54224091ms] GC(1078)   Evacuate Collection Set: 26.2ms
[2023-12-20T08:27:53.646-0800][54224091ms] GC(1078)   Post Evacuate Collection Set: 2.8ms
[2023-12-20T08:27:53.647-0800][54224092ms] GC(1078)   Other: 0.4ms
[2023-12-20T08:27:53.647-0800][54224092ms] GC(1078) Eden regions: 753->0(753)
[2023-12-20T08:27:53.647-0800][54224092ms] GC(1078) Survivor regions: 30->30(98)
[2023-12-20T08:27:53.647-0800][54224092ms] GC(1078) Old regions: 164->164
[2023-12-20T08:27:53.647-0800][54224092ms] GC(1078) Humongous regions: 5->5
[2023-12-20T08:27:53.647-0800][54224092ms] GC(1078) Metaspace: 256372K->256372K(1294336K)
[2023-12-20T08:27:53.647-0800][54224092ms] GC(1078) Pause Young (Normal) (G1 Evacuation Pause) 1903M->397M(2612M) 29.560ms
[2023-12-20T08:27:53.647-0800][54224092ms] GC(1078) User=0.08s Sys=0.00s Real=0.03s
[2023-12-20T08:27:54.355-0800][54224800ms] GC(1079) Pause Young (Normal) (G1 Evacuation Pause)
[2023-12-20T08:27:54.355-0800][54224800ms] GC(1079) Using 10 workers of 10 for evacuation
[2023-12-20T08:27:54.384-0800][54224829ms] GC(1079)   Pre Evacuate Collection Set: 0.0ms
[2023-12-20T08:27:54.384-0800][54224829ms] GC(1079)   Evacuate Collection Set: 26.7ms
[2023-12-20T08:27:54.384-0800][54224829ms] GC(1079)   Post Evacuate Collection Set: 2.4ms
[2023-12-20T08:27:54.384-0800][54224829ms] GC(1079)   Other: 0.4ms
[2023-12-20T08:27:54.384-0800][54224829ms] GC(1079) Eden regions: 753->0(753)
[2023-12-20T08:27:54.384-0800][54224829ms] GC(1079) Survivor regions: 30->30(98)
[2023-12-20T08:27:54.384-0800][54224829ms] GC(1079) Old regions: 164->164
[2023-12-20T08:27:54.384-0800][54224829ms] GC(1079) Humongous regions: 5->5
[2023-12-20T08:27:54.384-0800][54224829ms] GC(1079) Metaspace: 256372K->256372K(1294336K)
[2023-12-20T08:27:54.384-0800][54224829ms] GC(1079) Pause Young (Normal) (G1 Evacuation Pause) 1903M->397M(2612M) 29.661ms
[2023-12-20T08:27:54.384-0800][54224829ms] GC(1079) User=0.09s Sys=0.00s Real=0.03s
[2023-12-20T08:27:55.153-0800][54225598ms] GC(1080) Pause Young (Normal) (G1 Evacuation Pause)
[2023-12-20T08:27:55.153-0800][54225598ms] GC(1080) Using 10 workers of 10 for evacuation
[2023-12-20T08:27:55.183-0800][54225628ms] GC(1080)   Pre Evacuate Collection Set: 0.0ms
[2023-12-20T08:27:55.183-0800][54225628ms] GC(1080)   Evacuate Collection Set: 27.2ms
[2023-12-20T08:27:55.183-0800][54225628ms] GC(1080)   Post Evacuate Collection Set: 2.4ms
[2023-12-20T08:27:55.183-0800][54225628ms] GC(1080)   Other: 0.4ms
[2023-12-20T08:27:55.183-0800][54225628ms] GC(1080) Eden regions: 753->0(753)
[2023-12-20T08:27:55.183-0800][54225628ms] GC(1080) Survivor regions: 30->30(98)
[2023-12-20T08:27:55.183-0800][54225628ms] GC(1080) Old regions: 164->164
[2023-12-20T08:27:55.183-0800][54225628ms] GC(1080) Humongous regions: 5->5
[2023-12-20T08:27:55.183-0800][54225628ms] GC(1080) Metaspace: 256372K->256372K(1294336K)
[2023-12-20T08:27:55.183-0800][54225628ms] GC(1080) Pause Young (Normal) (G1 Evacuation Pause) 1903M->397M(2612M) 30.032ms
[2023-12-20T08:27:55.183-0800][54225628ms] GC(1080) User=0.08s Sys=0.00s Real=0.03s
[2023-12-20T08:27:55.985-0800][54226430ms] GC(1081) Pause Young (Normal) (G1 Evacuation Pause)
[2023-12-20T08:27:55.985-0800][54226430ms] GC(1081) Using 10 workers of 10 for evacuation
[2023-12-20T08:27:56.014-0800][54226459ms] GC(1081)   Pre Evacuate Collection Set: 0.0ms
[2023-12-20T08:27:56.014-0800][54226459ms] GC(1081)   Evacuate Collection Set: 27.4ms
[2023-12-20T08:27:56.014-0800][54226459ms] GC(1081)   Post Evacuate Collection Set: 2.5ms
[2023-12-20T08:27:56.014-0800][54226459ms] GC(1081)   Other: 0.4ms
[2023-12-20T08:27:56.014-0800][54226459ms] GC(1081) Eden regions: 753->0(753)
[2023-12-20T08:27:56.014-0800][54226459ms] GC(1081) Survivor regions: 30->30(98)
[2023-12-20T08:27:56.015-0800][54226460ms] GC(1081) Old regions: 164->164
[2023-12-20T08:27:56.015-0800][54226460ms] GC(1081) Humongous regions: 5->5
[2023-12-20T08:27:56.015-0800][54226460ms] GC(1081) Metaspace: 256372K->256372K(1294336K)
[2023-12-20T08:27:56.015-0800][54226460ms] GC(1081) Pause Young (Normal) (G1 Evacuation Pause) 1903M->397M(2612M) 30.384ms
[2023-12-20T08:27:56.015-0800][54226460ms] GC(1081) User=0.08s Sys=0.00s Real=0.03s
[2023-12-20T08:27:56.780-0800][54227225ms] GC(1082) Pause Young (Normal) (G1 Evacuation Pause)
[2023-12-20T08:27:56.780-0800][54227225ms] GC(1082) Using 10 workers of 10 for evacuation
[2023-12-20T08:27:56.808-0800][54227253ms] GC(1082)   Pre Evacuate Collection Set: 0.0ms
[2023-12-20T08:27:56.808-0800][54227253ms] GC(1082)   Evacuate Collection Set: 26.0ms
[2023-12-20T08:27:56.808-0800][54227253ms] GC(1082)   Post Evacuate Collection Set: 2.4ms
[2023-12-20T08:27:56.809-0800][54227254ms] GC(1082)   Other: 0.3ms
[2023-12-20T08:27:56.809-0800][54227254ms] GC(1082) Eden regions: 753->0(753)
[2023-12-20T08:27:56.809-0800][54227254ms] GC(1082) Survivor regions: 30->30(98)
[2023-12-20T08:27:56.809-0800][54227254ms] GC(1082) Old regions: 164->164
[2023-12-20T08:27:56.809-0800][54227254ms] GC(1082) Humongous regions: 5->5
[2023-12-20T08:27:56.809-0800][54227254ms] GC(1082) Metaspace: 256372K->256372K(1294336K)
[2023-12-20T08:27:56.809-0800][54227254ms] GC(1082) Pause Young (Normal) (G1 Evacuation Pause) 1903M->397M(2612M) 28.952ms
[2023-12-20T08:27:56.809-0800][54227254ms] GC(1082) User=0.06s Sys=0.00s Real=0.03s
[2023-12-20T08:27:57.618-0800][54228063ms] GC(1083) Pause Young (Normal) (G1 Evacuation Pause)
[2023-12-20T08:27:57.618-0800][54228063ms] GC(1083) Using 10 workers of 10 for evacuation
[2023-12-20T08:27:57.648-0800][54228093ms] GC(1083)   Pre Evacuate Collection Set: 0.0ms
[2023-12-20T08:27:57.648-0800][54228093ms] GC(1083)   Evacuate Collection Set: 27.4ms
[2023-12-20T08:27:57.648-0800][54228093ms] GC(1083)   Post Evacuate Collection Set: 2.5ms
[2023-12-20T08:27:57.648-0800][54228093ms] GC(1083)   Other: 0.4ms
[2023-12-20T08:27:57.648-0800][54228093ms] GC(1083) Eden regions: 753->0(753)
[2023-12-20T08:27:57.648-0800][54228093ms] GC(1083) Survivor regions: 30->30(98)
[2023-12-20T08:27:57.648-0800][54228093ms] GC(1083) Old regions: 164->164
[2023-12-20T08:27:57.648-0800][54228093ms] GC(1083) Humongous regions: 5->5
[2023-12-20T08:27:57.648-0800][54228093ms] GC(1083) Metaspace: 256372K->256372K(1294336K)
[2023-12-20T08:27:57.648-0800][54228093ms] GC(1083) Pause Young (Normal) (G1 Evacuation Pause) 1903M->396M(2612M) 30.492ms
[2023-12-20T08:27:57.648-0800][54228093ms] GC(1083) User=0.06s Sys=0.00s Real=0.03s
[2023-12-20T08:27:58.480-0800][54228925ms] GC(1084) Pause Young (Normal) (G1 Evacuation Pause)
[2023-12-20T08:27:58.480-0800][54228925ms] GC(1084) Using 10 workers of 10 for evacuation
[2023-12-20T08:27:58.509-0800][54228954ms] GC(1084)   Pre Evacuate Collection Set: 0.0ms
[2023-12-20T08:27:58.509-0800][54228954ms] GC(1084)   Evacuate Collection Set: 26.0ms
[2023-12-20T08:27:58.509-0800][54228954ms] GC(1084)   Post Evacuate Collection Set: 2.4ms
[2023-12-20T08:27:58.509-0800][54228954ms] GC(1084)   Other: 0.4ms
[2023-12-20T08:27:58.509-0800][54228954ms] GC(1084) Eden regions: 753->0(753)
[2023-12-20T08:27:58.509-0800][54228954ms] GC(1084) Survivor regions: 30->30(98)
[2023-12-20T08:27:58.509-0800][54228954ms] GC(1084) Old regions: 164->164
[2023-12-20T08:27:58.509-0800][54228954ms] GC(1084) Humongous regions: 5->5
[2023-12-20T08:27:58.509-0800][54228954ms] GC(1084) Metaspace: 256372K->256372K(1294336K)
[2023-12-20T08:27:58.509-0800][54228954ms] GC(1084) Pause Young (Normal) (G1 Evacuation Pause) 1902M->396M(2612M) 28.828ms
[2023-12-20T08:27:58.509-0800][54228954ms] GC(1084) User=0.08s Sys=0.00s Real=0.03s
[2023-12-20T08:27:59.282-0800][54229727ms] GC(1085) Pause Young (Normal) (G1 Evacuation Pause)
[2023-12-20T08:27:59.282-0800][54229727ms] GC(1085) Using 10 workers of 10 for evacuation
[2023-12-20T08:27:59.313-0800][54229758ms] GC(1085)   Pre Evacuate Collection Set: 0.0ms
[2023-12-20T08:27:59.313-0800][54229758ms] GC(1085)   Evacuate Collection Set: 27.6ms
[2023-12-20T08:27:59.313-0800][54229758ms] GC(1085)   Post Evacuate Collection Set: 2.5ms
[2023-12-20T08:27:59.313-0800][54229758ms] GC(1085)   Other: 0.4ms
[2023-12-20T08:27:59.313-0800][54229758ms] GC(1085) Eden regions: 753->0(753)
[2023-12-20T08:27:59.313-0800][54229758ms] GC(1085) Survivor regions: 30->30(98)
[2023-12-20T08:27:59.313-0800][54229758ms] GC(1085) Old regions: 164->164
[2023-12-20T08:27:59.313-0800][54229758ms] GC(1085) Humongous regions: 5->5
[2023-12-20T08:27:59.313-0800][54229758ms] GC(1085) Metaspace: 256372K->256372K(1294336K)
[2023-12-20T08:27:59.313-0800][54229758ms] GC(1085) Pause Young (Normal) (G1 Evacuation Pause) 1902M->397M(2612M) 30.708ms
[2023-12-20T08:27:59.313-0800][54229758ms] GC(1085) User=0.09s Sys=0.00s Real=0.03s
[2023-12-20T08:28:00.085-0800][54230530ms] GC(1086) Pause Young (Normal) (G1 Evacuation Pause)
[2023-12-20T08:28:00.085-0800][54230530ms] GC(1086) Using 10 workers of 10 for evacuation
[2023-12-20T08:28:00.117-0800][54230562ms] GC(1086)   Pre Evacuate Collection Set: 0.0ms
[2023-12-20T08:28:00.117-0800][54230562ms] GC(1086)   Evacuate Collection Set: 28.8ms
[2023-12-20T08:28:00.117-0800][54230562ms] GC(1086)   Post Evacuate Collection Set: 2.5ms
[2023-12-20T08:28:00.117-0800][54230562ms] GC(1086)   Other: 0.4ms
[2023-12-20T08:28:00.117-0800][54230562ms] GC(1086) Eden regions: 753->0(753)
[2023-12-20T08:28:00.117-0800][54230562ms] GC(1086) Survivor regions: 30->30(98)
[2023-12-20T08:28:00.117-0800][54230562ms] GC(1086) Old regions: 164->164
[2023-12-20T08:28:00.117-0800][54230562ms] GC(1086) Humongous regions: 5->5
[2023-12-20T08:28:00.117-0800][54230562ms] GC(1086) Metaspace: 256372K->256372K(1294336K)
[2023-12-20T08:28:00.117-0800][54230562ms] GC(1086) Pause Young (Normal) (G1 Evacuation Pause) 1903M->397M(2612M) 31.842ms
[2023-12-20T08:28:00.117-0800][54230562ms] GC(1086) User=0.06s Sys=0.00s Real=0.03s
[2023-12-20T08:28:00.889-0800][54231334ms] GC(1087) Pause Young (Normal) (G1 Evacuation Pause)
[2023-12-20T08:28:00.889-0800][54231334ms] GC(1087) Using 10 workers of 10 for evacuation
[2023-12-20T08:28:00.917-0800][54231362ms] GC(1087)   Pre Evacuate Collection Set: 0.0ms
[2023-12-20T08:28:00.917-0800][54231362ms] GC(1087)   Evacuate Collection Set: 26.7ms
[2023-12-20T08:28:00.917-0800][54231362ms] GC(1087)   Post Evacuate Collection Set: 2.2ms
[2023-12-20T08:28:00.918-0800][54231363ms] GC(1087)   Other: 0.3ms
[2023-12-20T08:28:00.918-0800][54231363ms] GC(1087) Eden regions: 753->0(754)
[2023-12-20T08:28:00.918-0800][54231363ms] GC(1087) Survivor regions: 30->29(98)
[2023-12-20T08:28:00.918-0800][54231363ms] GC(1087) Old regions: 164->164
[2023-12-20T08:28:00.918-0800][54231363ms] GC(1087) Humongous regions: 5->5
[2023-12-20T08:28:00.918-0800][54231363ms] GC(1087) Metaspace: 256372K->256372K(1294336K)
[2023-12-20T08:28:00.918-0800][54231363ms] GC(1087) Pause Young (Normal) (G1 Evacuation Pause) 1903M->395M(2612M) 29.320ms
[2023-12-20T08:28:00.918-0800][54231363ms] GC(1087) User=0.14s Sys=0.00s Real=0.03s
[2023-12-20T08:28:01.713-0800][54232158ms] GC(1088) Pause Young (Normal) (G1 Evacuation Pause)
[2023-12-20T08:28:01.713-0800][54232158ms] GC(1088) Using 10 workers of 10 for evacuation
[2023-12-20T08:28:01.743-0800][54232188ms] GC(1088)   Pre Evacuate Collection Set: 0.0ms
[2023-12-20T08:28:01.743-0800][54232188ms] GC(1088)   Evacuate Collection Set: 27.0ms
[2023-12-20T08:28:01.743-0800][54232188ms] GC(1088)   Post Evacuate Collection Set: 2.3ms
[2023-12-20T08:28:01.743-0800][54232188ms] GC(1088)   Other: 0.3ms
[2023-12-20T08:28:01.743-0800][54232188ms] GC(1088) Eden regions: 754->0(753)
[2023-12-20T08:28:01.743-0800][54232188ms] GC(1088) Survivor regions: 29->30(98)
[2023-12-20T08:28:01.743-0800][54232188ms] GC(1088) Old regions: 164->164
[2023-12-20T08:28:01.743-0800][54232188ms] GC(1088) Humongous regions: 5->5
[2023-12-20T08:28:01.743-0800][54232188ms] GC(1088) Metaspace: 256372K->256372K(1294336K)
[2023-12-20T08:28:01.743-0800][54232188ms] GC(1088) Pause Young (Normal) (G1 Evacuation Pause) 1903M->396M(2612M) 29.797ms
[2023-12-20T08:28:01.743-0800][54232188ms] GC(1088) User=0.03s Sys=0.00s Real=0.03s
[2023-12-20T08:28:02.494-0800][54232939ms] GC(1089) Pause Young (Normal) (G1 Evacuation Pause)
[2023-12-20T08:28:02.494-0800][54232939ms] GC(1089) Using 10 workers of 10 for evacuation
[2023-12-20T08:28:02.524-0800][54232969ms] GC(1089)   Pre Evacuate Collection Set: 0.0ms
[2023-12-20T08:28:02.524-0800][54232969ms] GC(1089)   Evacuate Collection Set: 27.5ms
[2023-12-20T08:28:02.524-0800][54232969ms] GC(1089)   Post Evacuate Collection Set: 2.3ms
[2023-12-20T08:28:02.524-0800][54232969ms] GC(1089)   Other: 0.3ms
[2023-12-20T08:28:02.524-0800][54232969ms] GC(1089) Eden regions: 753->0(753)
[2023-12-20T08:28:02.524-0800][54232969ms] GC(1089) Survivor regions: 30->30(98)
[2023-12-20T08:28:02.524-0800][54232969ms] GC(1089) Old regions: 164->164
[2023-12-20T08:28:02.524-0800][54232969ms] GC(1089) Humongous regions: 5->5
[2023-12-20T08:28:02.524-0800][54232969ms] GC(1089) Metaspace: 256372K->256372K(1294336K)
[2023-12-20T08:28:02.524-0800][54232969ms] GC(1089) Pause Young (Normal) (G1 Evacuation Pause) 1902M->397M(2612M) 30.354ms
[2023-12-20T08:28:02.524-0800][54232969ms] GC(1089) User=0.09s Sys=0.00s Real=0.03s
[2023-12-20T08:28:03.263-0800][54233708ms] GC(1090) Pause Young (Normal) (G1 Evacuation Pause)
[2023-12-20T08:28:03.263-0800][54233708ms] GC(1090) Using 10 workers of 10 for evacuation
[2023-12-20T08:28:03.294-0800][54233739ms] GC(1090)   Pre Evacuate Collection Set: 0.0ms
[2023-12-20T08:28:03.294-0800][54233739ms] GC(1090)   Evacuate Collection Set: 27.7ms
[2023-12-20T08:28:03.294-0800][54233739ms] GC(1090)   Post Evacuate Collection Set: 2.4ms
[2023-12-20T08:28:03.294-0800][54233739ms] GC(1090)   Other: 0.4ms
[2023-12-20T08:28:03.294-0800][54233739ms] GC(1090) Eden regions: 753->0(754)
[2023-12-20T08:28:03.294-0800][54233739ms] GC(1090) Survivor regions: 30->29(98)
[2023-12-20T08:28:03.294-0800][54233739ms] GC(1090) Old regions: 164->164
[2023-12-20T08:28:03.294-0800][54233739ms] GC(1090) Humongous regions: 5->5
[2023-12-20T08:28:03.294-0800][54233739ms] GC(1090) Metaspace: 256372K->256372K(1294336K)
[2023-12-20T08:28:03.294-0800][54233739ms] GC(1090) Pause Young (Normal) (G1 Evacuation Pause) 1903M->395M(2612M) 30.582ms
[2023-12-20T08:28:03.294-0800][54233739ms] GC(1090) User=0.11s Sys=0.00s Real=0.03s
[2023-12-20T08:28:04.118-0800][54234563ms] GC(1091) Pause Young (Normal) (G1 Evacuation Pause)
[2023-12-20T08:28:04.118-0800][54234563ms] GC(1091) Using 10 workers of 10 for evacuation
[2023-12-20T08:28:04.148-0800][54234593ms] GC(1091)   Pre Evacuate Collection Set: 0.0ms
[2023-12-20T08:28:04.148-0800][54234593ms] GC(1091)   Evacuate Collection Set: 26.8ms
[2023-12-20T08:28:04.148-0800][54234593ms] GC(1091)   Post Evacuate Collection Set: 2.3ms
[2023-12-20T08:28:04.148-0800][54234593ms] GC(1091)   Other: 0.3ms
[2023-12-20T08:28:04.148-0800][54234593ms] GC(1091) Eden regions: 754->0(753)
[2023-12-20T08:28:04.148-0800][54234593ms] GC(1091) Survivor regions: 29->30(98)
[2023-12-20T08:28:04.148-0800][54234593ms] GC(1091) Old regions: 164->164
[2023-12-20T08:28:04.148-0800][54234593ms] GC(1091) Humongous regions: 5->5
[2023-12-20T08:28:04.148-0800][54234593ms] GC(1091) Metaspace: 256372K->256372K(1294336K)
[2023-12-20T08:28:04.148-0800][54234593ms] GC(1091) Pause Young (Normal) (G1 Evacuation Pause) 1903M->397M(2612M) 29.614ms
[2023-12-20T08:28:04.148-0800][54234593ms] GC(1091) User=0.06s Sys=0.00s Real=0.03s
[2023-12-20T08:28:04.923-0800][54235368ms] GC(1092) Pause Young (Normal) (G1 Evacuation Pause)
[2023-12-20T08:28:04.923-0800][54235368ms] GC(1092) Using 10 workers of 10 for evacuation
[2023-12-20T08:28:04.955-0800][54235400ms] GC(1092)   Pre Evacuate Collection Set: 0.0ms
[2023-12-20T08:28:04.955-0800][54235400ms] GC(1092)   Evacuate Collection Set: 28.7ms
[2023-12-20T08:28:04.955-0800][54235400ms] GC(1092)   Post Evacuate Collection Set: 2.3ms
[2023-12-20T08:28:04.955-0800][54235400ms] GC(1092)   Other: 0.4ms
[2023-12-20T08:28:04.955-0800][54235400ms] GC(1092) Eden regions: 753->0(754)
[2023-12-20T08:28:04.955-0800][54235400ms] GC(1092) Survivor regions: 30->29(98)
[2023-12-20T08:28:04.955-0800][54235400ms] GC(1092) Old regions: 164->164
[2023-12-20T08:28:04.955-0800][54235400ms] GC(1092) Humongous regions: 5->5
[2023-12-20T08:28:04.955-0800][54235400ms] GC(1092) Metaspace: 256372K->256372K(1294336K)
[2023-12-20T08:28:04.955-0800][54235400ms] GC(1092) Pause Young (Normal) (G1 Evacuation Pause) 1903M->395M(2612M) 31.582ms
[2023-12-20T08:28:04.955-0800][54235400ms] GC(1092) User=0.11s Sys=0.00s Real=0.03s
[2023-12-20T08:28:05.719-0800][54236164ms] GC(1093) Pause Young (Normal) (G1 Evacuation Pause)
[2023-12-20T08:28:05.719-0800][54236164ms] GC(1093) Using 10 workers of 10 for evacuation
[2023-12-20T08:28:05.749-0800][54236194ms] GC(1093)   Pre Evacuate Collection Set: 0.0ms
[2023-12-20T08:28:05.749-0800][54236194ms] GC(1093)   Evacuate Collection Set: 27.3ms
[2023-12-20T08:28:05.749-0800][54236194ms] GC(1093)   Post Evacuate Collection Set: 2.5ms
[2023-12-20T08:28:05.749-0800][54236194ms] GC(1093)   Other: 0.4ms
[2023-12-20T08:28:05.749-0800][54236194ms] GC(1093) Eden regions: 754->0(753)
[2023-12-20T08:28:05.749-0800][54236194ms] GC(1093) Survivor regions: 29->30(98)
[2023-12-20T08:28:05.749-0800][54236194ms] GC(1093) Old regions: 164->164
[2023-12-20T08:28:05.749-0800][54236194ms] GC(1093) Humongous regions: 5->5
[2023-12-20T08:28:05.749-0800][54236194ms] GC(1093) Metaspace: 256372K->256372K(1294336K)
[2023-12-20T08:28:05.749-0800][54236194ms] GC(1093) Pause Young (Normal) (G1 Evacuation Pause) 1903M->396M(2612M) 30.392ms
[2023-12-20T08:28:05.749-0800][54236194ms] GC(1093) User=0.08s Sys=0.00s Real=0.03s
[2023-12-20T08:28:06.562-0800][54237007ms] GC(1094) Pause Young (Normal) (G1 Evacuation Pause)
[2023-12-20T08:28:06.562-0800][54237007ms] GC(1094) Using 10 workers of 10 for evacuation
[2023-12-20T08:28:06.591-0800][54237036ms] GC(1094)   Pre Evacuate Collection Set: 0.0ms
[2023-12-20T08:28:06.591-0800][54237036ms] GC(1094)   Evacuate Collection Set: 27.1ms
[2023-12-20T08:28:06.591-0800][54237036ms] GC(1094)   Post Evacuate Collection Set: 2.4ms
[2023-12-20T08:28:06.591-0800][54237036ms] GC(1094)   Other: 0.3ms
[2023-12-20T08:28:06.592-0800][54237037ms] GC(1094) Eden regions: 753->0(753)
[2023-12-20T08:28:06.592-0800][54237037ms] GC(1094) Survivor regions: 30->30(98)
[2023-12-20T08:28:06.592-0800][54237037ms] GC(1094) Old regions: 164->164
[2023-12-20T08:28:06.592-0800][54237037ms] GC(1094) Humongous regions: 5->5
[2023-12-20T08:28:06.592-0800][54237037ms] GC(1094) Metaspace: 256372K->256372K(1294336K)
[2023-12-20T08:28:06.592-0800][54237037ms] GC(1094) Pause Young (Normal) (G1 Evacuation Pause) 1902M->396M(2612M) 30.052ms
[2023-12-20T08:28:06.592-0800][54237037ms] GC(1094) User=0.11s Sys=0.00s Real=0.03s
[2023-12-20T08:28:07.307-0800][54237752ms] GC(1095) Pause Young (Normal) (G1 Evacuation Pause)
[2023-12-20T08:28:07.307-0800][54237752ms] GC(1095) Using 10 workers of 10 for evacuation
[2023-12-20T08:28:07.341-0800][54237786ms] GC(1095)   Pre Evacuate Collection Set: 0.0ms
[2023-12-20T08:28:07.341-0800][54237786ms] GC(1095)   Evacuate Collection Set: 29.4ms
[2023-12-20T08:28:07.341-0800][54237786ms] GC(1095)   Post Evacuate Collection Set: 3.5ms
[2023-12-20T08:28:07.341-0800][54237786ms] GC(1095)   Other: 0.4ms
[2023-12-20T08:28:07.341-0800][54237786ms] GC(1095) Eden regions: 753->0(753)
[2023-12-20T08:28:07.341-0800][54237786ms] GC(1095) Survivor regions: 30->30(98)
[2023-12-20T08:28:07.341-0800][54237786ms] GC(1095) Old regions: 164->164
[2023-12-20T08:28:07.341-0800][54237786ms] GC(1095) Humongous regions: 5->5
[2023-12-20T08:28:07.341-0800][54237786ms] GC(1095) Metaspace: 256372K->256372K(1294336K)
[2023-12-20T08:28:07.341-0800][54237786ms] GC(1095) Pause Young (Normal) (G1 Evacuation Pause) 1902M->396M(2612M) 33.537ms
[2023-12-20T08:28:07.341-0800][54237786ms] GC(1095) User=0.14s Sys=0.00s Real=0.03s
[2023-12-20T08:28:08.152-0800][54238597ms] GC(1096) Pause Young (Normal) (GCLocker Initiated GC)
[2023-12-20T08:28:08.152-0800][54238597ms] GC(1096) Using 10 workers of 10 for evacuation
[2023-12-20T08:28:08.184-0800][54238629ms] GC(1096)   Pre Evacuate Collection Set: 0.0ms
[2023-12-20T08:28:08.184-0800][54238629ms] GC(1096)   Evacuate Collection Set: 28.4ms
[2023-12-20T08:28:08.184-0800][54238629ms] GC(1096)   Post Evacuate Collection Set: 2.7ms
[2023-12-20T08:28:08.184-0800][54238629ms] GC(1096)   Other: 0.4ms
[2023-12-20T08:28:08.184-0800][54238629ms] GC(1096) Eden regions: 754->0(753)
[2023-12-20T08:28:08.184-0800][54238629ms] GC(1096) Survivor regions: 30->30(98)
[2023-12-20T08:28:08.184-0800][54238629ms] GC(1096) Old regions: 164->164
[2023-12-20T08:28:08.184-0800][54238629ms] GC(1096) Humongous regions: 5->5
[2023-12-20T08:28:08.184-0800][54238629ms] GC(1096) Metaspace: 256372K->256372K(1294336K)
[2023-12-20T08:28:08.184-0800][54238629ms] GC(1096) Pause Young (Normal) (GCLocker Initiated GC) 1903M->396M(2612M) 31.686ms
[2023-12-20T08:28:08.184-0800][54238629ms] GC(1096) User=0.11s Sys=0.00s Real=0.03s
[2023-12-20T08:28:09.027-0800][54239472ms] GC(1097) Pause Young (Normal) (GCLocker Initiated GC)
[2023-12-20T08:28:09.027-0800][54239472ms] GC(1097) Using 10 workers of 10 for evacuation
[2023-12-20T08:28:09.058-0800][54239503ms] GC(1097)   Pre Evacuate Collection Set: 0.0ms
[2023-12-20T08:28:09.058-0800][54239503ms] GC(1097)   Evacuate Collection Set: 28.6ms
[2023-12-20T08:28:09.058-0800][54239503ms] GC(1097)   Post Evacuate Collection Set: 2.3ms
[2023-12-20T08:28:09.058-0800][54239503ms] GC(1097)   Other: 0.3ms
[2023-12-20T08:28:09.058-0800][54239503ms] GC(1097) Eden regions: 754->0(754)
[2023-12-20T08:28:09.058-0800][54239503ms] GC(1097) Survivor regions: 30->29(98)
[2023-12-20T08:28:09.058-0800][54239503ms] GC(1097) Old regions: 164->164
[2023-12-20T08:28:09.058-0800][54239503ms] GC(1097) Humongous regions: 5->5
[2023-12-20T08:28:09.058-0800][54239503ms] GC(1097) Metaspace: 256372K->256372K(1294336K)
[2023-12-20T08:28:09.058-0800][54239503ms] GC(1097) Pause Young (Normal) (GCLocker Initiated GC) 1903M->395M(2612M) 31.370ms
[2023-12-20T08:28:09.058-0800][54239503ms] GC(1097) User=0.13s Sys=0.00s Real=0.03s
[2023-12-20T08:28:09.982-0800][54240427ms] GC(1098) Pause Young (Normal) (GCLocker Initiated GC)
[2023-12-20T08:28:09.982-0800][54240427ms] GC(1098) Using 10 workers of 10 for evacuation
[2023-12-20T08:28:10.012-0800][54240457ms] GC(1098)   Pre Evacuate Collection Set: 0.0ms
[2023-12-20T08:28:10.012-0800][54240457ms] GC(1098)   Evacuate Collection Set: 26.9ms
[2023-12-20T08:28:10.012-0800][54240457ms] GC(1098)   Post Evacuate Collection Set: 2.5ms
[2023-12-20T08:28:10.012-0800][54240457ms] GC(1098)   Other: 0.4ms
[2023-12-20T08:28:10.012-0800][54240457ms] GC(1098) Eden regions: 755->0(754)
[2023-12-20T08:28:10.012-0800][54240457ms] GC(1098) Survivor regions: 29->29(98)
[2023-12-20T08:28:10.012-0800][54240457ms] GC(1098) Old regions: 164->164
[2023-12-20T08:28:10.012-0800][54240457ms] GC(1098) Humongous regions: 5->5
[2023-12-20T08:28:10.012-0800][54240457ms] GC(1098) Metaspace: 256372K->256372K(1294336K)
[2023-12-20T08:28:10.012-0800][54240457ms] GC(1098) Pause Young (Normal) (GCLocker Initiated GC) 1904M->395M(2612M) 29.996ms
[2023-12-20T08:28:10.012-0800][54240457ms] GC(1098) User=0.08s Sys=0.00s Real=0.03s
[2023-12-20T08:28:10.830-0800][54241275ms] GC(1099) Pause Young (Normal) (G1 Evacuation Pause)
[2023-12-20T08:28:10.830-0800][54241275ms] GC(1099) Using 10 workers of 10 for evacuation
[2023-12-20T08:28:10.860-0800][54241305ms] GC(1099)   Pre Evacuate Collection Set: 0.0ms
[2023-12-20T08:28:10.860-0800][54241305ms] GC(1099)   Evacuate Collection Set: 28.0ms
[2023-12-20T08:28:10.860-0800][54241305ms] GC(1099)   Post Evacuate Collection Set: 2.5ms
[2023-12-20T08:28:10.860-0800][54241305ms] GC(1099)   Other: 0.4ms
[2023-12-20T08:28:10.860-0800][54241305ms] GC(1099) Eden regions: 754->0(754)
[2023-12-20T08:28:10.860-0800][54241305ms] GC(1099) Survivor regions: 29->29(98)
[2023-12-20T08:28:10.860-0800][54241305ms] GC(1099) Old regions: 164->164
[2023-12-20T08:28:10.860-0800][54241305ms] GC(1099) Humongous regions: 5->5
[2023-12-20T08:28:10.860-0800][54241305ms] GC(1099) Metaspace: 256372K->256372K(1294336K)
[2023-12-20T08:28:10.860-0800][54241305ms] GC(1099) Pause Young (Normal) (G1 Evacuation Pause) 1903M->395M(2612M) 30.921ms
[2023-12-20T08:28:10.860-0800][54241305ms] GC(1099) User=0.11s Sys=0.00s Real=0.03s
[2023-12-20T08:28:11.610-0800][54242055ms] GC(1100) Pause Young (Normal) (G1 Evacuation Pause)
[2023-12-20T08:28:11.610-0800][54242055ms] GC(1100) Using 10 workers of 10 for evacuation
[2023-12-20T08:28:11.640-0800][54242085ms] GC(1100)   Pre Evacuate Collection Set: 0.0ms
[2023-12-20T08:28:11.640-0800][54242085ms] GC(1100)   Evacuate Collection Set: 26.9ms
[2023-12-20T08:28:11.640-0800][54242085ms] GC(1100)   Post Evacuate Collection Set: 2.5ms
[2023-12-20T08:28:11.640-0800][54242085ms] GC(1100)   Other: 0.4ms
[2023-12-20T08:28:11.640-0800][54242085ms] GC(1100) Eden regions: 754->0(753)
[2023-12-20T08:28:11.640-0800][54242085ms] GC(1100) Survivor regions: 29->30(98)
[2023-12-20T08:28:11.640-0800][54242085ms] GC(1100) Old regions: 164->164
[2023-12-20T08:28:11.640-0800][54242085ms] GC(1100) Humongous regions: 5->5
[2023-12-20T08:28:11.640-0800][54242085ms] GC(1100) Metaspace: 256372K->256372K(1294336K)
[2023-12-20T08:28:11.640-0800][54242085ms] GC(1100) Pause Young (Normal) (G1 Evacuation Pause) 1903M->396M(2612M) 29.938ms
[2023-12-20T08:28:11.640-0800][54242085ms] GC(1100) User=0.11s Sys=0.00s Real=0.03s
[2023-12-20T08:28:12.408-0800][54242853ms] GC(1101) Pause Young (Normal) (G1 Evacuation Pause)
[2023-12-20T08:28:12.408-0800][54242853ms] GC(1101) Using 10 workers of 10 for evacuation
[2023-12-20T08:28:12.437-0800][54242882ms] GC(1101)   Pre Evacuate Collection Set: 0.0ms
[2023-12-20T08:28:12.437-0800][54242882ms] GC(1101)   Evacuate Collection Set: 26.0ms
[2023-12-20T08:28:12.437-0800][54242882ms] GC(1101)   Post Evacuate Collection Set: 2.6ms
[2023-12-20T08:28:12.437-0800][54242882ms] GC(1101)   Other: 0.4ms
[2023-12-20T08:28:12.437-0800][54242882ms] GC(1101) Eden regions: 753->0(753)
[2023-12-20T08:28:12.437-0800][54242882ms] GC(1101) Survivor regions: 30->30(98)
[2023-12-20T08:28:12.437-0800][54242882ms] GC(1101) Old regions: 164->165
[2023-12-20T08:28:12.437-0800][54242882ms] GC(1101) Humongous regions: 5->5
[2023-12-20T08:28:12.437-0800][54242882ms] GC(1101) Metaspace: 256372K->256372K(1294336K)
[2023-12-20T08:28:12.437-0800][54242882ms] GC(1101) Pause Young (Normal) (G1 Evacuation Pause) 1902M->397M(2612M) 29.150ms
[2023-12-20T08:28:12.437-0800][54242882ms] GC(1101) User=0.06s Sys=0.00s Real=0.03s
[2023-12-20T08:28:13.186-0800][54243631ms] GC(1102) Pause Young (Normal) (G1 Evacuation Pause)
[2023-12-20T08:28:13.186-0800][54243631ms] GC(1102) Using 10 workers of 10 for evacuation
[2023-12-20T08:28:13.215-0800][54243660ms] GC(1102)   Pre Evacuate Collection Set: 0.0ms
[2023-12-20T08:28:13.215-0800][54243660ms] GC(1102)   Evacuate Collection Set: 26.6ms
[2023-12-20T08:28:13.215-0800][54243660ms] GC(1102)   Post Evacuate Collection Set: 2.6ms
[2023-12-20T08:28:13.215-0800][54243660ms] GC(1102)   Other: 0.4ms
[2023-12-20T08:28:13.215-0800][54243660ms] GC(1102) Eden regions: 753->0(753)
[2023-12-20T08:28:13.215-0800][54243660ms] GC(1102) Survivor regions: 30->30(98)
[2023-12-20T08:28:13.215-0800][54243660ms] GC(1102) Old regions: 165->165
[2023-12-20T08:28:13.215-0800][54243660ms] GC(1102) Humongous regions: 5->5
[2023-12-20T08:28:13.215-0800][54243660ms] GC(1102) Metaspace: 256372K->256372K(1294336K)
[2023-12-20T08:28:13.215-0800][54243660ms] GC(1102) Pause Young (Normal) (G1 Evacuation Pause) 1903M->397M(2612M) 29.764ms
[2023-12-20T08:28:13.215-0800][54243660ms] GC(1102) User=0.11s Sys=0.00s Real=0.03s
[2023-12-20T08:28:13.955-0800][54244400ms] GC(1103) Pause Young (Normal) (G1 Evacuation Pause)
[2023-12-20T08:28:13.955-0800][54244400ms] GC(1103) Using 10 workers of 10 for evacuation
[2023-12-20T08:28:13.986-0800][54244431ms] GC(1103)   Pre Evacuate Collection Set: 0.0ms
[2023-12-20T08:28:13.986-0800][54244431ms] GC(1103)   Evacuate Collection Set: 27.3ms
[2023-12-20T08:28:13.986-0800][54244431ms] GC(1103)   Post Evacuate Collection Set: 2.5ms
[2023-12-20T08:28:13.986-0800][54244431ms] GC(1103)   Other: 0.4ms
[2023-12-20T08:28:13.986-0800][54244431ms] GC(1103) Eden regions: 753->0(753)
[2023-12-20T08:28:13.986-0800][54244431ms] GC(1103) Survivor regions: 30->30(98)
[2023-12-20T08:28:13.986-0800][54244431ms] GC(1103) Old regions: 165->165
[2023-12-20T08:28:13.986-0800][54244431ms] GC(1103) Humongous regions: 5->5
[2023-12-20T08:28:13.986-0800][54244431ms] GC(1103) Metaspace: 256372K->256372K(1294336K)
[2023-12-20T08:28:13.986-0800][54244431ms] GC(1103) Pause Young (Normal) (G1 Evacuation Pause) 1903M->397M(2612M) 30.309ms
[2023-12-20T08:28:13.986-0800][54244431ms] GC(1103) User=0.09s Sys=0.00s Real=0.03s
[2023-12-20T08:28:14.784-0800][54245229ms] GC(1104) Pause Young (Normal) (G1 Evacuation Pause)
[2023-12-20T08:28:14.784-0800][54245229ms] GC(1104) Using 10 workers of 10 for evacuation
[2023-12-20T08:28:14.814-0800][54245259ms] GC(1104)   Pre Evacuate Collection Set: 0.0ms
[2023-12-20T08:28:14.814-0800][54245259ms] GC(1104)   Evacuate Collection Set: 27.0ms
[2023-12-20T08:28:14.814-0800][54245259ms] GC(1104)   Post Evacuate Collection Set: 2.5ms
[2023-12-20T08:28:14.814-0800][54245259ms] GC(1104)   Other: 0.3ms
[2023-12-20T08:28:14.814-0800][54245259ms] GC(1104) Eden regions: 753->0(753)
[2023-12-20T08:28:14.814-0800][54245259ms] GC(1104) Survivor regions: 30->30(98)
[2023-12-20T08:28:14.814-0800][54245259ms] GC(1104) Old regions: 165->165
[2023-12-20T08:28:14.814-0800][54245259ms] GC(1104) Humongous regions: 5->5
[2023-12-20T08:28:14.814-0800][54245259ms] GC(1104) Metaspace: 256372K->256372K(1294336K)
[2023-12-20T08:28:14.814-0800][54245259ms] GC(1104) Pause Young (Normal) (G1 Evacuation Pause) 1903M->398M(2612M) 29.992ms
[2023-12-20T08:28:14.814-0800][54245259ms] GC(1104) User=0.13s Sys=0.00s Real=0.03s
[2023-12-20T08:28:15.554-0800][54245999ms] GC(1105) Pause Young (Normal) (G1 Evacuation Pause)
[2023-12-20T08:28:15.554-0800][54245999ms] GC(1105) Using 10 workers of 10 for evacuation
[2023-12-20T08:28:15.583-0800][54246028ms] GC(1105)   Pre Evacuate Collection Set: 0.0ms
[2023-12-20T08:28:15.583-0800][54246028ms] GC(1105)   Evacuate Collection Set: 26.7ms
[2023-12-20T08:28:15.583-0800][54246028ms] GC(1105)   Post Evacuate Collection Set: 2.5ms
[2023-12-20T08:28:15.583-0800][54246028ms] GC(1105)   Other: 0.4ms
[2023-12-20T08:28:15.583-0800][54246028ms] GC(1105) Eden regions: 753->0(754)
[2023-12-20T08:28:15.583-0800][54246028ms] GC(1105) Survivor regions: 30->29(98)
[2023-12-20T08:28:15.583-0800][54246028ms] GC(1105) Old regions: 165->165
[2023-12-20T08:28:15.583-0800][54246028ms] GC(1105) Humongous regions: 5->5
[2023-12-20T08:28:15.583-0800][54246028ms] GC(1105) Metaspace: 256372K->256372K(1294336K)
[2023-12-20T08:28:15.583-0800][54246028ms] GC(1105) Pause Young (Normal) (G1 Evacuation Pause) 1904M->396M(2612M) 29.777ms
[2023-12-20T08:28:15.583-0800][54246028ms] GC(1105) User=0.09s Sys=0.00s Real=0.03s
[2023-12-20T08:28:16.288-0800][54246733ms] GC(1106) Pause Young (Normal) (G1 Evacuation Pause)
[2023-12-20T08:28:16.288-0800][54246733ms] GC(1106) Using 10 workers of 10 for evacuation
[2023-12-20T08:28:16.319-0800][54246764ms] GC(1106)   Pre Evacuate Collection Set: 0.1ms
[2023-12-20T08:28:16.319-0800][54246764ms] GC(1106)   Evacuate Collection Set: 28.2ms
[2023-12-20T08:28:16.319-0800][54246764ms] GC(1106)   Post Evacuate Collection Set: 2.5ms
[2023-12-20T08:28:16.319-0800][54246764ms] GC(1106)   Other: 0.4ms
[2023-12-20T08:28:16.319-0800][54246764ms] GC(1106) Eden regions: 754->0(753)
[2023-12-20T08:28:16.319-0800][54246764ms] GC(1106) Survivor regions: 29->30(98)
[2023-12-20T08:28:16.319-0800][54246764ms] GC(1106) Old regions: 165->165
[2023-12-20T08:28:16.319-0800][54246764ms] GC(1106) Humongous regions: 5->5
[2023-12-20T08:28:16.319-0800][54246764ms] GC(1106) Metaspace: 256372K->256372K(1294336K)
[2023-12-20T08:28:16.319-0800][54246764ms] GC(1106) Pause Young (Normal) (G1 Evacuation Pause) 1904M->397M(2612M) 31.280ms
[2023-12-20T08:28:16.319-0800][54246764ms] GC(1106) User=0.09s Sys=0.00s Real=0.03s
[2023-12-20T08:28:17.033-0800][54247478ms] GC(1107) Pause Young (Normal) (G1 Evacuation Pause)
[2023-12-20T08:28:17.033-0800][54247478ms] GC(1107) Using 10 workers of 10 for evacuation
[2023-12-20T08:28:17.062-0800][54247507ms] GC(1107)   Pre Evacuate Collection Set: 0.0ms
[2023-12-20T08:28:17.062-0800][54247507ms] GC(1107)   Evacuate Collection Set: 27.2ms
[2023-12-20T08:28:17.062-0800][54247507ms] GC(1107)   Post Evacuate Collection Set: 2.4ms
[2023-12-20T08:28:17.062-0800][54247507ms] GC(1107)   Other: 0.3ms
[2023-12-20T08:28:17.062-0800][54247507ms] GC(1107) Eden regions: 753->0(753)
[2023-12-20T08:28:17.062-0800][54247507ms] GC(1107) Survivor regions: 30->30(98)
[2023-12-20T08:28:17.062-0800][54247507ms] GC(1107) Old regions: 165->165
[2023-12-20T08:28:17.062-0800][54247507ms] GC(1107) Humongous regions: 5->5
[2023-12-20T08:28:17.062-0800][54247507ms] GC(1107) Metaspace: 256372K->256372K(1294336K)
[2023-12-20T08:28:17.062-0800][54247507ms] GC(1107) Pause Young (Normal) (G1 Evacuation Pause) 1903M->398M(2612M) 30.055ms
[2023-12-20T08:28:17.063-0800][54247508ms] GC(1107) User=0.14s Sys=0.00s Real=0.03s
[2023-12-20T08:28:17.895-0800][54248340ms] GC(1108) Pause Young (Normal) (G1 Evacuation Pause)
[2023-12-20T08:28:17.895-0800][54248340ms] GC(1108) Using 10 workers of 10 for evacuation
[2023-12-20T08:28:17.926-0800][54248371ms] GC(1108)   Pre Evacuate Collection Set: 0.0ms
[2023-12-20T08:28:17.926-0800][54248371ms] GC(1108)   Evacuate Collection Set: 27.4ms
[2023-12-20T08:28:17.926-0800][54248371ms] GC(1108)   Post Evacuate Collection Set: 3.0ms
[2023-12-20T08:28:17.926-0800][54248371ms] GC(1108)   Other: 0.4ms
[2023-12-20T08:28:17.926-0800][54248371ms] GC(1108) Eden regions: 753->0(753)
[2023-12-20T08:28:17.926-0800][54248371ms] GC(1108) Survivor regions: 30->30(98)
[2023-12-20T08:28:17.926-0800][54248371ms] GC(1108) Old regions: 165->165
[2023-12-20T08:28:17.926-0800][54248371ms] GC(1108) Humongous regions: 5->5
[2023-12-20T08:28:17.926-0800][54248371ms] GC(1108) Metaspace: 256372K->256372K(1294336K)
[2023-12-20T08:28:17.926-0800][54248371ms] GC(1108) Pause Young (Normal) (G1 Evacuation Pause) 1904M->397M(2612M) 30.984ms
[2023-12-20T08:28:17.926-0800][54248371ms] GC(1108) User=0.11s Sys=0.00s Real=0.03s
[2023-12-20T08:28:18.663-0800][54249108ms] GC(1109) Pause Young (Normal) (G1 Evacuation Pause)
[2023-12-20T08:28:18.663-0800][54249108ms] GC(1109) Using 10 workers of 10 for evacuation
[2023-12-20T08:28:18.692-0800][54249137ms] GC(1109)   Pre Evacuate Collection Set: 0.0ms
[2023-12-20T08:28:18.692-0800][54249137ms] GC(1109)   Evacuate Collection Set: 26.1ms
[2023-12-20T08:28:18.692-0800][54249137ms] GC(1109)   Post Evacuate Collection Set: 2.5ms
[2023-12-20T08:28:18.692-0800][54249137ms] GC(1109)   Other: 0.4ms
[2023-12-20T08:28:18.692-0800][54249137ms] GC(1109) Eden regions: 753->0(753)
[2023-12-20T08:28:18.692-0800][54249137ms] GC(1109) Survivor regions: 30->30(98)
[2023-12-20T08:28:18.692-0800][54249137ms] GC(1109) Old regions: 165->165
[2023-12-20T08:28:18.692-0800][54249137ms] GC(1109) Humongous regions: 5->5
[2023-12-20T08:28:18.692-0800][54249137ms] GC(1109) Metaspace: 256372K->256372K(1294336K)
[2023-12-20T08:28:18.692-0800][54249137ms] GC(1109) Pause Young (Normal) (G1 Evacuation Pause) 1903M->398M(2612M) 29.099ms
[2023-12-20T08:28:18.692-0800][54249137ms] GC(1109) User=0.08s Sys=0.00s Real=0.03s
[2023-12-20T08:28:19.386-0800][54249831ms] GC(1110) Pause Young (Normal) (G1 Evacuation Pause)
[2023-12-20T08:28:19.386-0800][54249831ms] GC(1110) Using 10 workers of 10 for evacuation
[2023-12-20T08:28:19.415-0800][54249860ms] GC(1110)   Pre Evacuate Collection Set: 0.0ms
[2023-12-20T08:28:19.415-0800][54249860ms] GC(1110)   Evacuate Collection Set: 26.7ms
[2023-12-20T08:28:19.415-0800][54249860ms] GC(1110)   Post Evacuate Collection Set: 2.4ms
[2023-12-20T08:28:19.415-0800][54249860ms] GC(1110)   Other: 0.3ms
[2023-12-20T08:28:19.415-0800][54249860ms] GC(1110) Eden regions: 753->0(753)
[2023-12-20T08:28:19.415-0800][54249860ms] GC(1110) Survivor regions: 30->30(98)
[2023-12-20T08:28:19.415-0800][54249860ms] GC(1110) Old regions: 165->165
[2023-12-20T08:28:19.415-0800][54249860ms] GC(1110) Humongous regions: 5->5
[2023-12-20T08:28:19.415-0800][54249860ms] GC(1110) Metaspace: 256372K->256372K(1294336K)
[2023-12-20T08:28:19.415-0800][54249860ms] GC(1110) Pause Young (Normal) (G1 Evacuation Pause) 1904M->398M(2612M) 29.604ms
[2023-12-20T08:28:19.415-0800][54249860ms] GC(1110) User=0.08s Sys=0.00s Real=0.03s
[2023-12-20T08:28:20.172-0800][54250617ms] GC(1111) Pause Young (Normal) (G1 Evacuation Pause)
[2023-12-20T08:28:20.172-0800][54250617ms] GC(1111) Using 10 workers of 10 for evacuation
[2023-12-20T08:28:20.201-0800][54250646ms] GC(1111)   Pre Evacuate Collection Set: 0.0ms
[2023-12-20T08:28:20.201-0800][54250647ms] GC(1111)   Evacuate Collection Set: 26.8ms
[2023-12-20T08:28:20.202-0800][54250647ms] GC(1111)   Post Evacuate Collection Set: 2.4ms
[2023-12-20T08:28:20.202-0800][54250647ms] GC(1111)   Other: 0.3ms
[2023-12-20T08:28:20.202-0800][54250647ms] GC(1111) Eden regions: 753->0(753)
[2023-12-20T08:28:20.202-0800][54250647ms] GC(1111) Survivor regions: 30->30(98)
[2023-12-20T08:28:20.202-0800][54250647ms] GC(1111) Old regions: 165->165
[2023-12-20T08:28:20.202-0800][54250647ms] GC(1111) Humongous regions: 5->5
[2023-12-20T08:28:20.202-0800][54250647ms] GC(1111) Metaspace: 256372K->256372K(1294336K)
[2023-12-20T08:28:20.202-0800][54250647ms] GC(1111) Pause Young (Normal) (G1 Evacuation Pause) 1904M->397M(2612M) 29.716ms
[2023-12-20T08:28:20.202-0800][54250647ms] GC(1111) User=0.13s Sys=0.00s Real=0.03s
[2023-12-20T08:28:20.935-0800][54251380ms] GC(1112) Pause Young (Normal) (G1 Evacuation Pause)
[2023-12-20T08:28:20.935-0800][54251380ms] GC(1112) Using 10 workers of 10 for evacuation
[2023-12-20T08:28:20.966-0800][54251411ms] GC(1112)   Pre Evacuate Collection Set: 0.0ms
[2023-12-20T08:28:20.966-0800][54251411ms] GC(1112)   Evacuate Collection Set: 27.9ms
[2023-12-20T08:28:20.966-0800][54251411ms] GC(1112)   Post Evacuate Collection Set: 2.5ms
[2023-12-20T08:28:20.966-0800][54251411ms] GC(1112)   Other: 0.4ms
[2023-12-20T08:28:20.966-0800][54251411ms] GC(1112) Eden regions: 753->0(753)
[2023-12-20T08:28:20.966-0800][54251411ms] GC(1112) Survivor regions: 30->30(98)
[2023-12-20T08:28:20.966-0800][54251411ms] GC(1112) Old regions: 165->165
[2023-12-20T08:28:20.966-0800][54251411ms] GC(1112) Humongous regions: 5->5
[2023-12-20T08:28:20.966-0800][54251411ms] GC(1112) Metaspace: 256372K->256372K(1294336K)
[2023-12-20T08:28:20.966-0800][54251411ms] GC(1112) Pause Young (Normal) (G1 Evacuation Pause) 1903M->397M(2612M) 30.903ms
[2023-12-20T08:28:20.966-0800][54251411ms] GC(1112) User=0.13s Sys=0.00s Real=0.03s
[2023-12-20T08:28:21.702-0800][54252147ms] GC(1113) Pause Young (Normal) (G1 Evacuation Pause)
[2023-12-20T08:28:21.702-0800][54252147ms] GC(1113) Using 10 workers of 10 for evacuation
[2023-12-20T08:28:21.733-0800][54252178ms] GC(1113)   Pre Evacuate Collection Set: 0.0ms
[2023-12-20T08:28:21.733-0800][54252178ms] GC(1113)   Evacuate Collection Set: 28.2ms
[2023-12-20T08:28:21.733-0800][54252178ms] GC(1113)   Post Evacuate Collection Set: 2.4ms
[2023-12-20T08:28:21.733-0800][54252178ms] GC(1113)   Other: 0.3ms
[2023-12-20T08:28:21.733-0800][54252178ms] GC(1113) Eden regions: 753->0(753)
[2023-12-20T08:28:21.733-0800][54252178ms] GC(1113) Survivor regions: 30->30(98)
[2023-12-20T08:28:21.733-0800][54252178ms] GC(1113) Old regions: 165->165
[2023-12-20T08:28:21.733-0800][54252178ms] GC(1113) Humongous regions: 5->5
[2023-12-20T08:28:21.733-0800][54252178ms] GC(1113) Metaspace: 256372K->256372K(1294336K)
[2023-12-20T08:28:21.733-0800][54252178ms] GC(1113) Pause Young (Normal) (G1 Evacuation Pause) 1903M->397M(2612M) 31.128ms
[2023-12-20T08:28:21.733-0800][54252178ms] GC(1113) User=0.09s Sys=0.00s Real=0.03s
[2023-12-20T08:28:22.514-0800][54252959ms] GC(1114) Pause Young (Normal) (G1 Evacuation Pause)
[2023-12-20T08:28:22.514-0800][54252959ms] GC(1114) Using 10 workers of 10 for evacuation
[2023-12-20T08:28:22.542-0800][54252987ms] GC(1114)   Pre Evacuate Collection Set: 0.0ms
[2023-12-20T08:28:22.542-0800][54252987ms] GC(1114)   Evacuate Collection Set: 26.8ms
[2023-12-20T08:28:22.542-0800][54252987ms] GC(1114)   Post Evacuate Collection Set: 2.4ms
[2023-12-20T08:28:22.543-0800][54252988ms] GC(1114)   Other: 0.4ms
[2023-12-20T08:28:22.543-0800][54252988ms] GC(1114) Eden regions: 753->0(753)
[2023-12-20T08:28:22.543-0800][54252988ms] GC(1114) Survivor regions: 30->30(98)
[2023-12-20T08:28:22.543-0800][54252988ms] GC(1114) Old regions: 165->165
[2023-12-20T08:28:22.543-0800][54252988ms] GC(1114) Humongous regions: 5->5
[2023-12-20T08:28:22.543-0800][54252988ms] GC(1114) Metaspace: 256372K->256372K(1294336K)
[2023-12-20T08:28:22.543-0800][54252988ms] GC(1114) Pause Young (Normal) (G1 Evacuation Pause) 1903M->398M(2612M) 29.648ms
[2023-12-20T08:28:22.543-0800][54252988ms] GC(1114) User=0.08s Sys=0.00s Real=0.03s
[2023-12-20T08:28:23.296-0800][54253741ms] GC(1115) Pause Young (Normal) (G1 Evacuation Pause)
[2023-12-20T08:28:23.296-0800][54253741ms] GC(1115) Using 10 workers of 10 for evacuation
[2023-12-20T08:28:23.326-0800][54253771ms] GC(1115)   Pre Evacuate Collection Set: 0.0ms
[2023-12-20T08:28:23.326-0800][54253771ms] GC(1115)   Evacuate Collection Set: 27.1ms
[2023-12-20T08:28:23.326-0800][54253771ms] GC(1115)   Post Evacuate Collection Set: 2.8ms
[2023-12-20T08:28:23.326-0800][54253771ms] GC(1115)   Other: 0.4ms
[2023-12-20T08:28:23.326-0800][54253771ms] GC(1115) Eden regions: 753->0(753)
[2023-12-20T08:28:23.326-0800][54253771ms] GC(1115) Survivor regions: 30->30(98)
[2023-12-20T08:28:23.326-0800][54253771ms] GC(1115) Old regions: 165->165
[2023-12-20T08:28:23.326-0800][54253771ms] GC(1115) Humongous regions: 5->5
[2023-12-20T08:28:23.326-0800][54253771ms] GC(1115) Metaspace: 256372K->256372K(1294336K)
[2023-12-20T08:28:23.326-0800][54253771ms] GC(1115) Pause Young (Normal) (G1 Evacuation Pause) 1904M->397M(2612M) 30.467ms
[2023-12-20T08:28:23.326-0800][54253771ms] GC(1115) User=0.13s Sys=0.00s Real=0.03s
[2023-12-20T08:28:24.046-0800][54254491ms] GC(1116) Pause Young (Normal) (G1 Evacuation Pause)
[2023-12-20T08:28:24.046-0800][54254491ms] GC(1116) Using 10 workers of 10 for evacuation
[2023-12-20T08:28:24.077-0800][54254522ms] GC(1116)   Pre Evacuate Collection Set: 0.0ms
[2023-12-20T08:28:24.077-0800][54254522ms] GC(1116)   Evacuate Collection Set: 27.7ms
[2023-12-20T08:28:24.077-0800][54254522ms] GC(1116)   Post Evacuate Collection Set: 2.6ms
[2023-12-20T08:28:24.077-0800][54254522ms] GC(1116)   Other: 0.4ms
[2023-12-20T08:28:24.077-0800][54254522ms] GC(1116) Eden regions: 753->0(753)
[2023-12-20T08:28:24.077-0800][54254522ms] GC(1116) Survivor regions: 30->30(98)
[2023-12-20T08:28:24.077-0800][54254522ms] GC(1116) Old regions: 165->165
[2023-12-20T08:28:24.077-0800][54254522ms] GC(1116) Humongous regions: 5->5
[2023-12-20T08:28:24.077-0800][54254522ms] GC(1116) Metaspace: 256372K->256372K(1294336K)
[2023-12-20T08:28:24.077-0800][54254522ms] GC(1116) Pause Young (Normal) (G1 Evacuation Pause) 1903M->398M(2612M) 30.842ms
[2023-12-20T08:28:24.077-0800][54254522ms] GC(1116) User=0.05s Sys=0.00s Real=0.03s
[2023-12-20T08:28:24.820-0800][54255265ms] GC(1117) Pause Young (Normal) (G1 Evacuation Pause)
[2023-12-20T08:28:24.820-0800][54255265ms] GC(1117) Using 10 workers of 10 for evacuation
[2023-12-20T08:28:24.850-0800][54255295ms] GC(1117)   Pre Evacuate Collection Set: 0.0ms
[2023-12-20T08:28:24.850-0800][54255295ms] GC(1117)   Evacuate Collection Set: 26.9ms
[2023-12-20T08:28:24.850-0800][54255295ms] GC(1117)   Post Evacuate Collection Set: 2.4ms
[2023-12-20T08:28:24.850-0800][54255295ms] GC(1117)   Other: 0.4ms
[2023-12-20T08:28:24.850-0800][54255295ms] GC(1117) Eden regions: 753->0(752)
[2023-12-20T08:28:24.850-0800][54255295ms] GC(1117) Survivor regions: 30->31(98)
[2023-12-20T08:28:24.850-0800][54255295ms] GC(1117) Old regions: 165->165
[2023-12-20T08:28:24.850-0800][54255295ms] GC(1117) Humongous regions: 5->5
[2023-12-20T08:28:24.850-0800][54255295ms] GC(1117) Metaspace: 256372K->256372K(1294336K)
[2023-12-20T08:28:24.850-0800][54255295ms] GC(1117) Pause Young (Normal) (G1 Evacuation Pause) 1904M->399M(2612M) 29.921ms
[2023-12-20T08:28:24.850-0800][54255295ms] GC(1117) User=0.09s Sys=0.00s Real=0.03s
[2023-12-20T08:28:25.660-0800][54256105ms] GC(1118) Pause Young (Normal) (G1 Evacuation Pause)
[2023-12-20T08:28:25.660-0800][54256105ms] GC(1118) Using 10 workers of 10 for evacuation
[2023-12-20T08:28:25.691-0800][54256136ms] GC(1118)   Pre Evacuate Collection Set: 0.0ms
[2023-12-20T08:28:25.691-0800][54256136ms] GC(1118)   Evacuate Collection Set: 27.8ms
[2023-12-20T08:28:25.691-0800][54256136ms] GC(1118)   Post Evacuate Collection Set: 2.4ms
[2023-12-20T08:28:25.691-0800][54256136ms] GC(1118)   Other: 0.4ms
[2023-12-20T08:28:25.691-0800][54256136ms] GC(1118) Eden regions: 752->0(752)
[2023-12-20T08:28:25.691-0800][54256136ms] GC(1118) Survivor regions: 31->31(98)
[2023-12-20T08:28:25.691-0800][54256136ms] GC(1118) Old regions: 165->165
[2023-12-20T08:28:25.691-0800][54256136ms] GC(1118) Humongous regions: 5->5
[2023-12-20T08:28:25.691-0800][54256136ms] GC(1118) Metaspace: 256372K->256372K(1294336K)
[2023-12-20T08:28:25.691-0800][54256136ms] GC(1118) Pause Young (Normal) (G1 Evacuation Pause) 1903M->399M(2612M) 30.786ms
[2023-12-20T08:28:25.692-0800][54256137ms] GC(1118) User=0.09s Sys=0.00s Real=0.03s
[2023-12-20T08:28:26.533-0800][54256978ms] GC(1119) Pause Young (Normal) (G1 Evacuation Pause)
[2023-12-20T08:28:26.533-0800][54256978ms] GC(1119) Using 10 workers of 10 for evacuation
[2023-12-20T08:28:26.563-0800][54257008ms] GC(1119)   Pre Evacuate Collection Set: 0.0ms
[2023-12-20T08:28:26.563-0800][54257008ms] GC(1119)   Evacuate Collection Set: 27.0ms
[2023-12-20T08:28:26.563-0800][54257008ms] GC(1119)   Post Evacuate Collection Set: 2.4ms
[2023-12-20T08:28:26.563-0800][54257008ms] GC(1119)   Other: 0.4ms
[2023-12-20T08:28:26.563-0800][54257008ms] GC(1119) Eden regions: 752->0(752)
[2023-12-20T08:28:26.563-0800][54257008ms] GC(1119) Survivor regions: 31->31(98)
[2023-12-20T08:28:26.563-0800][54257008ms] GC(1119) Old regions: 165->165
[2023-12-20T08:28:26.563-0800][54257008ms] GC(1119) Humongous regions: 5->5
[2023-12-20T08:28:26.563-0800][54257008ms] GC(1119) Metaspace: 256372K->256372K(1294336K)
[2023-12-20T08:28:26.563-0800][54257008ms] GC(1119) Pause Young (Normal) (G1 Evacuation Pause) 1903M->399M(2612M) 29.897ms
[2023-12-20T08:28:26.563-0800][54257008ms] GC(1119) User=0.14s Sys=0.00s Real=0.03s
[2023-12-20T08:28:27.414-0800][54257859ms] GC(1120) Pause Young (Normal) (G1 Evacuation Pause)
[2023-12-20T08:28:27.414-0800][54257860ms] GC(1120) Using 10 workers of 10 for evacuation
[2023-12-20T08:28:27.444-0800][54257889ms] GC(1120)   Pre Evacuate Collection Set: 0.0ms
[2023-12-20T08:28:27.444-0800][54257889ms] GC(1120)   Evacuate Collection Set: 26.5ms
[2023-12-20T08:28:27.444-0800][54257889ms] GC(1120)   Post Evacuate Collection Set: 3.0ms
[2023-12-20T08:28:27.444-0800][54257889ms] GC(1120)   Other: 0.4ms
[2023-12-20T08:28:27.444-0800][54257889ms] GC(1120) Eden regions: 752->0(752)
[2023-12-20T08:28:27.444-0800][54257889ms] GC(1120) Survivor regions: 31->31(98)
[2023-12-20T08:28:27.444-0800][54257889ms] GC(1120) Old regions: 165->165
[2023-12-20T08:28:27.444-0800][54257889ms] GC(1120) Humongous regions: 5->5
[2023-12-20T08:28:27.444-0800][54257889ms] GC(1120) Metaspace: 256372K->256372K(1294336K)
[2023-12-20T08:28:27.444-0800][54257889ms] GC(1120) Pause Young (Normal) (G1 Evacuation Pause) 1903M->399M(2612M) 29.983ms
[2023-12-20T08:28:27.444-0800][54257889ms] GC(1120) User=0.11s Sys=0.00s Real=0.03s
[2023-12-20T08:28:28.185-0800][54258630ms] GC(1121) Pause Young (Normal) (G1 Evacuation Pause)
[2023-12-20T08:28:28.185-0800][54258630ms] GC(1121) Using 10 workers of 10 for evacuation
[2023-12-20T08:28:28.214-0800][54258659ms] GC(1121)   Pre Evacuate Collection Set: 0.0ms
[2023-12-20T08:28:28.214-0800][54258659ms] GC(1121)   Evacuate Collection Set: 26.4ms
[2023-12-20T08:28:28.214-0800][54258659ms] GC(1121)   Post Evacuate Collection Set: 2.7ms
[2023-12-20T08:28:28.214-0800][54258659ms] GC(1121)   Other: 0.4ms
[2023-12-20T08:28:28.214-0800][54258659ms] GC(1121) Eden regions: 752->0(752)
[2023-12-20T08:28:28.214-0800][54258659ms] GC(1121) Survivor regions: 31->31(98)
[2023-12-20T08:28:28.214-0800][54258659ms] GC(1121) Old regions: 165->165
[2023-12-20T08:28:28.214-0800][54258659ms] GC(1121) Humongous regions: 5->5
[2023-12-20T08:28:28.214-0800][54258659ms] GC(1121) Metaspace: 256372K->256372K(1294336K)
[2023-12-20T08:28:28.214-0800][54258659ms] GC(1121) Pause Young (Normal) (G1 Evacuation Pause) 1903M->400M(2612M) 29.585ms
[2023-12-20T08:28:28.214-0800][54258659ms] GC(1121) User=0.13s Sys=0.00s Real=0.03s
[2023-12-20T08:28:28.823-0800][54259268ms] GC(1122) Pause Young (Normal) (G1 Evacuation Pause)
[2023-12-20T08:28:28.823-0800][54259268ms] GC(1122) Using 10 workers of 10 for evacuation
[2023-12-20T08:28:28.852-0800][54259297ms] GC(1122)   Pre Evacuate Collection Set: 0.0ms
[2023-12-20T08:28:28.852-0800][54259297ms] GC(1122)   Evacuate Collection Set: 26.2ms
[2023-12-20T08:28:28.852-0800][54259297ms] GC(1122)   Post Evacuate Collection Set: 2.4ms
[2023-12-20T08:28:28.852-0800][54259297ms] GC(1122)   Other: 0.4ms
[2023-12-20T08:28:28.852-0800][54259297ms] GC(1122) Eden regions: 752->0(752)
[2023-12-20T08:28:28.852-0800][54259297ms] GC(1122) Survivor regions: 31->31(98)
[2023-12-20T08:28:28.852-0800][54259297ms] GC(1122) Old regions: 165->165
[2023-12-20T08:28:28.852-0800][54259297ms] GC(1122) Humongous regions: 5->5
[2023-12-20T08:28:28.852-0800][54259297ms] GC(1122) Metaspace: 256372K->256372K(1294336K)
[2023-12-20T08:28:28.852-0800][54259297ms] GC(1122) Pause Young (Normal) (G1 Evacuation Pause) 1904M->399M(2612M) 29.157ms
[2023-12-20T08:28:28.853-0800][54259298ms] GC(1122) User=0.06s Sys=0.00s Real=0.03s
[2023-12-20T08:28:29.432-0800][54259877ms] GC(1123) Pause Young (Normal) (G1 Evacuation Pause)
[2023-12-20T08:28:29.432-0800][54259877ms] GC(1123) Using 10 workers of 10 for evacuation
[2023-12-20T08:28:29.465-0800][54259910ms] GC(1123)   Pre Evacuate Collection Set: 0.0ms
[2023-12-20T08:28:29.465-0800][54259910ms] GC(1123)   Evacuate Collection Set: 29.6ms
[2023-12-20T08:28:29.465-0800][54259910ms] GC(1123)   Post Evacuate Collection Set: 3.1ms
[2023-12-20T08:28:29.465-0800][54259910ms] GC(1123)   Other: 0.4ms
[2023-12-20T08:28:29.465-0800][54259910ms] GC(1123) Eden regions: 752->0(753)
[2023-12-20T08:28:29.465-0800][54259910ms] GC(1123) Survivor regions: 31->30(98)
[2023-12-20T08:28:29.465-0800][54259910ms] GC(1123) Old regions: 165->165
[2023-12-20T08:28:29.465-0800][54259910ms] GC(1123) Humongous regions: 5->5
[2023-12-20T08:28:29.465-0800][54259910ms] GC(1123) Metaspace: 256372K->256372K(1294336K)
[2023-12-20T08:28:29.465-0800][54259910ms] GC(1123) Pause Young (Normal) (G1 Evacuation Pause) 1903M->398M(2612M) 33.258ms
[2023-12-20T08:28:29.465-0800][54259910ms] GC(1123) User=0.13s Sys=0.00s Real=0.03s
[2023-12-20T08:28:29.995-0800][54260440ms] GC(1124) Pause Young (Normal) (G1 Evacuation Pause)
[2023-12-20T08:28:29.995-0800][54260440ms] GC(1124) Using 10 workers of 10 for evacuation
[2023-12-20T08:28:30.022-0800][54260467ms] GC(1124)   Pre Evacuate Collection Set: 0.0ms
[2023-12-20T08:28:30.022-0800][54260467ms] GC(1124)   Evacuate Collection Set: 24.7ms
[2023-12-20T08:28:30.022-0800][54260467ms] GC(1124)   Post Evacuate Collection Set: 2.6ms
[2023-12-20T08:28:30.022-0800][54260467ms] GC(1124)   Other: 0.4ms
[2023-12-20T08:28:30.022-0800][54260467ms] GC(1124) Eden regions: 753->0(752)
[2023-12-20T08:28:30.022-0800][54260467ms] GC(1124) Survivor regions: 30->31(98)
[2023-12-20T08:28:30.022-0800][54260467ms] GC(1124) Old regions: 165->165
[2023-12-20T08:28:30.022-0800][54260467ms] GC(1124) Humongous regions: 5->5
[2023-12-20T08:28:30.022-0800][54260467ms] GC(1124) Metaspace: 256372K->256372K(1294336K)
[2023-12-20T08:28:30.022-0800][54260467ms] GC(1124) Pause Young (Normal) (G1 Evacuation Pause) 1904M->399M(2612M) 27.800ms
[2023-12-20T08:28:30.022-0800][54260467ms] GC(1124) User=0.06s Sys=0.00s Real=0.03s
[2023-12-20T08:28:30.691-0800][54261136ms] GC(1125) Pause Young (Normal) (G1 Evacuation Pause)
[2023-12-20T08:28:30.691-0800][54261136ms] GC(1125) Using 10 workers of 10 for evacuation
[2023-12-20T08:28:30.720-0800][54261165ms] GC(1125)   Pre Evacuate Collection Set: 0.0ms
[2023-12-20T08:28:30.720-0800][54261165ms] GC(1125)   Evacuate Collection Set: 26.5ms
[2023-12-20T08:28:30.720-0800][54261165ms] GC(1125)   Post Evacuate Collection Set: 2.5ms
[2023-12-20T08:28:30.720-0800][54261165ms] GC(1125)   Other: 0.3ms
[2023-12-20T08:28:30.720-0800][54261165ms] GC(1125) Eden regions: 752->0(752)
[2023-12-20T08:28:30.720-0800][54261165ms] GC(1125) Survivor regions: 31->31(98)
[2023-12-20T08:28:30.720-0800][54261165ms] GC(1125) Old regions: 165->165
[2023-12-20T08:28:30.720-0800][54261165ms] GC(1125) Humongous regions: 5->5
[2023-12-20T08:28:30.720-0800][54261165ms] GC(1125) Metaspace: 256372K->256372K(1294336K)
[2023-12-20T08:28:30.720-0800][54261165ms] GC(1125) Pause Young (Normal) (G1 Evacuation Pause) 1903M->399M(2612M) 29.483ms
[2023-12-20T08:28:30.720-0800][54261165ms] GC(1125) User=0.13s Sys=0.00s Real=0.03s
[2023-12-20T08:28:31.393-0800][54261838ms] GC(1126) Pause Young (Normal) (G1 Evacuation Pause)
[2023-12-20T08:28:31.393-0800][54261838ms] GC(1126) Using 10 workers of 10 for evacuation
[2023-12-20T08:28:31.422-0800][54261867ms] GC(1126)   Pre Evacuate Collection Set: 0.0ms
[2023-12-20T08:28:31.422-0800][54261867ms] GC(1126)   Evacuate Collection Set: 26.5ms
[2023-12-20T08:28:31.422-0800][54261867ms] GC(1126)   Post Evacuate Collection Set: 2.9ms
[2023-12-20T08:28:31.422-0800][54261867ms] GC(1126)   Other: 0.4ms
[2023-12-20T08:28:31.422-0800][54261867ms] GC(1126) Eden regions: 752->0(753)
[2023-12-20T08:28:31.422-0800][54261867ms] GC(1126) Survivor regions: 31->30(98)
[2023-12-20T08:28:31.422-0800][54261867ms] GC(1126) Old regions: 165->165
[2023-12-20T08:28:31.422-0800][54261867ms] GC(1126) Humongous regions: 5->5
[2023-12-20T08:28:31.422-0800][54261867ms] GC(1126) Metaspace: 256372K->256372K(1294336K)
[2023-12-20T08:28:31.422-0800][54261867ms] GC(1126) Pause Young (Normal) (G1 Evacuation Pause) 1903M->398M(2612M) 29.862ms
[2023-12-20T08:28:31.422-0800][54261867ms] GC(1126) User=0.11s Sys=0.00s Real=0.03s
[2023-12-20T08:28:32.064-0800][54262509ms] GC(1127) Pause Young (Normal) (G1 Evacuation Pause)
[2023-12-20T08:28:32.064-0800][54262509ms] GC(1127) Using 10 workers of 10 for evacuation
[2023-12-20T08:28:32.093-0800][54262538ms] GC(1127)   Pre Evacuate Collection Set: 0.0ms
[2023-12-20T08:28:32.093-0800][54262538ms] GC(1127)   Evacuate Collection Set: 25.8ms
[2023-12-20T08:28:32.093-0800][54262538ms] GC(1127)   Post Evacuate Collection Set: 2.5ms
[2023-12-20T08:28:32.093-0800][54262538ms] GC(1127)   Other: 0.3ms
[2023-12-20T08:28:32.093-0800][54262538ms] GC(1127) Eden regions: 753->0(752)
[2023-12-20T08:28:32.093-0800][54262538ms] GC(1127) Survivor regions: 30->31(98)
[2023-12-20T08:28:32.093-0800][54262538ms] GC(1127) Old regions: 165->165
[2023-12-20T08:28:32.093-0800][54262538ms] GC(1127) Humongous regions: 5->5
[2023-12-20T08:28:32.093-0800][54262538ms] GC(1127) Metaspace: 256372K->256372K(1294336K)
[2023-12-20T08:28:32.093-0800][54262538ms] GC(1127) Pause Young (Normal) (G1 Evacuation Pause) 1904M->399M(2612M) 28.752ms
[2023-12-20T08:28:32.093-0800][54262538ms] GC(1127) User=0.08s Sys=0.00s Real=0.03s
[2023-12-20T08:28:32.843-0800][54263288ms] GC(1128) Pause Young (Normal) (G1 Evacuation Pause)
[2023-12-20T08:28:32.843-0800][54263288ms] GC(1128) Using 10 workers of 10 for evacuation
[2023-12-20T08:28:32.872-0800][54263317ms] GC(1128)   Pre Evacuate Collection Set: 0.0ms
[2023-12-20T08:28:32.872-0800][54263317ms] GC(1128)   Evacuate Collection Set: 26.4ms
[2023-12-20T08:28:32.872-0800][54263317ms] GC(1128)   Post Evacuate Collection Set: 2.5ms
[2023-12-20T08:28:32.872-0800][54263317ms] GC(1128)   Other: 0.4ms
[2023-12-20T08:28:32.872-0800][54263317ms] GC(1128) Eden regions: 752->0(753)
[2023-12-20T08:28:32.872-0800][54263317ms] GC(1128) Survivor regions: 31->30(98)
[2023-12-20T08:28:32.872-0800][54263317ms] GC(1128) Old regions: 165->165
[2023-12-20T08:28:32.872-0800][54263317ms] GC(1128) Humongous regions: 5->5
[2023-12-20T08:28:32.872-0800][54263317ms] GC(1128) Metaspace: 256373K->256373K(1294336K)
[2023-12-20T08:28:32.872-0800][54263317ms] GC(1128) Pause Young (Normal) (G1 Evacuation Pause) 1903M->398M(2612M) 29.433ms
[2023-12-20T08:28:32.872-0800][54263317ms] GC(1128) User=0.09s Sys=0.00s Real=0.03s
[2023-12-20T08:28:33.525-0800][54263970ms] GC(1129) Pause Young (Normal) (G1 Evacuation Pause)
[2023-12-20T08:28:33.525-0800][54263970ms] GC(1129) Using 10 workers of 10 for evacuation
[2023-12-20T08:28:33.555-0800][54264000ms] GC(1129)   Pre Evacuate Collection Set: 0.0ms
[2023-12-20T08:28:33.555-0800][54264000ms] GC(1129)   Evacuate Collection Set: 27.1ms
[2023-12-20T08:28:33.555-0800][54264000ms] GC(1129)   Post Evacuate Collection Set: 2.5ms
[2023-12-20T08:28:33.555-0800][54264000ms] GC(1129)   Other: 0.4ms
[2023-12-20T08:28:33.555-0800][54264000ms] GC(1129) Eden regions: 753->0(752)
[2023-12-20T08:28:33.555-0800][54264000ms] GC(1129) Survivor regions: 30->31(98)
[2023-12-20T08:28:33.555-0800][54264000ms] GC(1129) Old regions: 165->165
[2023-12-20T08:28:33.555-0800][54264000ms] GC(1129) Humongous regions: 5->5
[2023-12-20T08:28:33.555-0800][54264000ms] GC(1129) Metaspace: 256373K->256373K(1294336K)
[2023-12-20T08:28:33.555-0800][54264000ms] GC(1129) Pause Young (Normal) (G1 Evacuation Pause) 1904M->399M(2612M) 30.068ms
[2023-12-20T08:28:33.555-0800][54264000ms] GC(1129) User=0.09s Sys=0.00s Real=0.03s
[2023-12-20T08:28:34.392-0800][54264837ms] GC(1130) Pause Young (Normal) (G1 Evacuation Pause)
[2023-12-20T08:28:34.392-0800][54264837ms] GC(1130) Using 10 workers of 10 for evacuation
[2023-12-20T08:28:34.422-0800][54264867ms] GC(1130)   Pre Evacuate Collection Set: 0.0ms
[2023-12-20T08:28:34.422-0800][54264867ms] GC(1130)   Evacuate Collection Set: 26.7ms
[2023-12-20T08:28:34.422-0800][54264867ms] GC(1130)   Post Evacuate Collection Set: 2.3ms
[2023-12-20T08:28:34.422-0800][54264867ms] GC(1130)   Other: 0.4ms
[2023-12-20T08:28:34.422-0800][54264867ms] GC(1130) Eden regions: 752->0(753)
[2023-12-20T08:28:34.422-0800][54264867ms] GC(1130) Survivor regions: 31->30(98)
[2023-12-20T08:28:34.422-0800][54264867ms] GC(1130) Old regions: 165->165
[2023-12-20T08:28:34.422-0800][54264867ms] GC(1130) Humongous regions: 5->5
[2023-12-20T08:28:34.422-0800][54264867ms] GC(1130) Metaspace: 256373K->256373K(1294336K)
[2023-12-20T08:28:34.422-0800][54264867ms] GC(1130) Pause Young (Normal) (G1 Evacuation Pause) 1903M->398M(2612M) 29.436ms
[2023-12-20T08:28:34.422-0800][54264867ms] GC(1130) User=0.06s Sys=0.00s Real=0.03s
[2023-12-20T08:28:35.075-0800][54265520ms] GC(1131) Pause Young (Normal) (G1 Evacuation Pause)
[2023-12-20T08:28:35.075-0800][54265520ms] GC(1131) Using 10 workers of 10 for evacuation
[2023-12-20T08:28:35.105-0800][54265550ms] GC(1131)   Pre Evacuate Collection Set: 0.0ms
[2023-12-20T08:28:35.105-0800][54265550ms] GC(1131)   Evacuate Collection Set: 27.7ms
[2023-12-20T08:28:35.105-0800][54265550ms] GC(1131)   Post Evacuate Collection Set: 2.9ms
[2023-12-20T08:28:35.105-0800][54265550ms] GC(1131)   Other: 0.4ms
[2023-12-20T08:28:35.105-0800][54265550ms] GC(1131) Eden regions: 753->0(753)
[2023-12-20T08:28:35.105-0800][54265550ms] GC(1131) Survivor regions: 30->30(98)
[2023-12-20T08:28:35.105-0800][54265550ms] GC(1131) Old regions: 165->165
[2023-12-20T08:28:35.105-0800][54265550ms] GC(1131) Humongous regions: 5->5
[2023-12-20T08:28:35.105-0800][54265550ms] GC(1131) Metaspace: 256373K->256373K(1294336K)
[2023-12-20T08:28:35.105-0800][54265550ms] GC(1131) Pause Young (Normal) (G1 Evacuation Pause) 1904M->397M(2612M) 31.101ms
[2023-12-20T08:28:35.105-0800][54265550ms] GC(1131) User=0.13s Sys=0.00s Real=0.03s
[2023-12-20T08:28:35.796-0800][54266241ms] GC(1132) Pause Young (Normal) (G1 Evacuation Pause)
[2023-12-20T08:28:35.796-0800][54266241ms] GC(1132) Using 10 workers of 10 for evacuation
[2023-12-20T08:28:35.826-0800][54266271ms] GC(1132)   Pre Evacuate Collection Set: 0.0ms
[2023-12-20T08:28:35.826-0800][54266271ms] GC(1132)   Evacuate Collection Set: 27.1ms
[2023-12-20T08:28:35.826-0800][54266271ms] GC(1132)   Post Evacuate Collection Set: 2.4ms
[2023-12-20T08:28:35.826-0800][54266271ms] GC(1132)   Other: 0.4ms
[2023-12-20T08:28:35.826-0800][54266271ms] GC(1132) Eden regions: 753->0(753)
[2023-12-20T08:28:35.826-0800][54266271ms] GC(1132) Survivor regions: 30->30(98)
[2023-12-20T08:28:35.826-0800][54266271ms] GC(1132) Old regions: 165->165
[2023-12-20T08:28:35.826-0800][54266271ms] GC(1132) Humongous regions: 5->5
[2023-12-20T08:28:35.826-0800][54266271ms] GC(1132) Metaspace: 256373K->256373K(1294336K)
[2023-12-20T08:28:35.826-0800][54266271ms] GC(1132) Pause Young (Normal) (G1 Evacuation Pause) 1903M->397M(2612M) 30.107ms
[2023-12-20T08:28:35.826-0800][54266271ms] GC(1132) User=0.11s Sys=0.00s Real=0.03s
[2023-12-20T08:28:36.459-0800][54266904ms] GC(1133) Pause Young (Normal) (G1 Evacuation Pause)
[2023-12-20T08:28:36.459-0800][54266904ms] GC(1133) Using 10 workers of 10 for evacuation
[2023-12-20T08:28:36.490-0800][54266935ms] GC(1133)   Pre Evacuate Collection Set: 0.0ms
[2023-12-20T08:28:36.490-0800][54266935ms] GC(1133)   Evacuate Collection Set: 26.3ms
[2023-12-20T08:28:36.490-0800][54266935ms] GC(1133)   Post Evacuate Collection Set: 4.3ms
[2023-12-20T08:28:36.490-0800][54266935ms] GC(1133)   Other: 0.4ms
[2023-12-20T08:28:36.490-0800][54266935ms] GC(1133) Eden regions: 753->0(753)
[2023-12-20T08:28:36.490-0800][54266935ms] GC(1133) Survivor regions: 30->30(98)
[2023-12-20T08:28:36.490-0800][54266935ms] GC(1133) Old regions: 165->165
[2023-12-20T08:28:36.490-0800][54266935ms] GC(1133) Humongous regions: 5->5
[2023-12-20T08:28:36.490-0800][54266935ms] GC(1133) Metaspace: 256373K->256373K(1294336K)
[2023-12-20T08:28:36.490-0800][54266935ms] GC(1133) Pause Young (Normal) (G1 Evacuation Pause) 1903M->397M(2612M) 31.177ms
[2023-12-20T08:28:36.490-0800][54266935ms] GC(1133) User=0.16s Sys=0.00s Real=0.03s
[2023-12-20T08:28:37.214-0800][54267659ms] GC(1134) Pause Young (Normal) (GCLocker Initiated GC)
[2023-12-20T08:28:37.214-0800][54267659ms] GC(1134) Using 10 workers of 10 for evacuation
[2023-12-20T08:28:37.244-0800][54267689ms] GC(1134)   Pre Evacuate Collection Set: 0.0ms
[2023-12-20T08:28:37.244-0800][54267689ms] GC(1134)   Evacuate Collection Set: 27.5ms
[2023-12-20T08:28:37.244-0800][54267689ms] GC(1134)   Post Evacuate Collection Set: 2.4ms
[2023-12-20T08:28:37.244-0800][54267689ms] GC(1134)   Other: 0.4ms
[2023-12-20T08:28:37.244-0800][54267689ms] GC(1134) Eden regions: 753->0(754)
[2023-12-20T08:28:37.244-0800][54267689ms] GC(1134) Survivor regions: 30->29(98)
[2023-12-20T08:28:37.244-0800][54267689ms] GC(1134) Old regions: 165->165
[2023-12-20T08:28:37.244-0800][54267689ms] GC(1134) Humongous regions: 5->5
[2023-12-20T08:28:37.244-0800][54267689ms] GC(1134) Metaspace: 256375K->256375K(1294336K)
[2023-12-20T08:28:37.244-0800][54267689ms] GC(1134) Pause Young (Normal) (GCLocker Initiated GC) 1903M->396M(2612M) 30.470ms
[2023-12-20T08:28:37.244-0800][54267689ms] GC(1134) User=0.14s Sys=0.00s Real=0.03s
[2023-12-20T08:28:37.831-0800][54268276ms] GC(1135) Pause Young (Normal) (GCLocker Initiated GC)
[2023-12-20T08:28:37.831-0800][54268276ms] GC(1135) Using 10 workers of 10 for evacuation
[2023-12-20T08:28:37.862-0800][54268307ms] GC(1135)   Pre Evacuate Collection Set: 0.0ms
[2023-12-20T08:28:37.862-0800][54268307ms] GC(1135)   Evacuate Collection Set: 27.8ms
[2023-12-20T08:28:37.862-0800][54268307ms] GC(1135)   Post Evacuate Collection Set: 2.6ms
[2023-12-20T08:28:37.862-0800][54268307ms] GC(1135)   Other: 0.4ms
[2023-12-20T08:28:37.862-0800][54268307ms] GC(1135) Eden regions: 755->0(753)
[2023-12-20T08:28:37.862-0800][54268307ms] GC(1135) Survivor regions: 29->30(98)
[2023-12-20T08:28:37.862-0800][54268307ms] GC(1135) Old regions: 165->165
[2023-12-20T08:28:37.862-0800][54268307ms] GC(1135) Humongous regions: 5->5
[2023-12-20T08:28:37.862-0800][54268307ms] GC(1135) Metaspace: 256375K->256375K(1294336K)
[2023-12-20T08:28:37.862-0800][54268307ms] GC(1135) Pause Young (Normal) (GCLocker Initiated GC) 1905M->397M(2612M) 30.960ms
[2023-12-20T08:28:37.862-0800][54268307ms] GC(1135) User=0.08s Sys=0.02s Real=0.03s
[2023-12-20T08:28:38.549-0800][54268994ms] GC(1136) Pause Young (Normal) (G1 Evacuation Pause)
[2023-12-20T08:28:38.549-0800][54268994ms] GC(1136) Using 10 workers of 10 for evacuation
[2023-12-20T08:28:38.579-0800][54269024ms] GC(1136)   Pre Evacuate Collection Set: 0.1ms
[2023-12-20T08:28:38.579-0800][54269024ms] GC(1136)   Evacuate Collection Set: 27.0ms
[2023-12-20T08:28:38.579-0800][54269024ms] GC(1136)   Post Evacuate Collection Set: 2.6ms
[2023-12-20T08:28:38.579-0800][54269024ms] GC(1136)   Other: 0.4ms
[2023-12-20T08:28:38.579-0800][54269024ms] GC(1136) Eden regions: 753->0(753)
[2023-12-20T08:28:38.579-0800][54269024ms] GC(1136) Survivor regions: 30->30(98)
[2023-12-20T08:28:38.579-0800][54269024ms] GC(1136) Old regions: 165->165
[2023-12-20T08:28:38.579-0800][54269024ms] GC(1136) Humongous regions: 5->5
[2023-12-20T08:28:38.579-0800][54269024ms] GC(1136) Metaspace: 256379K->256379K(1294336K)
[2023-12-20T08:28:38.579-0800][54269024ms] GC(1136) Pause Young (Normal) (G1 Evacuation Pause) 1903M->397M(2612M) 30.183ms
[2023-12-20T08:28:38.579-0800][54269024ms] GC(1136) User=0.13s Sys=0.00s Real=0.03s
[2023-12-20T08:28:39.211-0800][54269656ms] GC(1137) Pause Young (Normal) (GCLocker Initiated GC)
[2023-12-20T08:28:39.211-0800][54269656ms] GC(1137) Using 10 workers of 10 for evacuation
[2023-12-20T08:28:39.240-0800][54269685ms] GC(1137)   Pre Evacuate Collection Set: 0.0ms
[2023-12-20T08:28:39.240-0800][54269685ms] GC(1137)   Evacuate Collection Set: 26.5ms
[2023-12-20T08:28:39.240-0800][54269685ms] GC(1137)   Post Evacuate Collection Set: 2.6ms
[2023-12-20T08:28:39.240-0800][54269685ms] GC(1137)   Other: 0.4ms
[2023-12-20T08:28:39.240-0800][54269685ms] GC(1137) Eden regions: 753->0(753)
[2023-12-20T08:28:39.240-0800][54269685ms] GC(1137) Survivor regions: 30->30(98)
[2023-12-20T08:28:39.240-0800][54269685ms] GC(1137) Old regions: 165->165
[2023-12-20T08:28:39.240-0800][54269685ms] GC(1137) Humongous regions: 5->5
[2023-12-20T08:28:39.240-0800][54269685ms] GC(1137) Metaspace: 256379K->256379K(1294336K)
[2023-12-20T08:28:39.240-0800][54269685ms] GC(1137) Pause Young (Normal) (GCLocker Initiated GC) 1903M->398M(2612M) 29.654ms
[2023-12-20T08:28:39.240-0800][54269685ms] GC(1137) User=0.09s Sys=0.00s Real=0.03s
[2023-12-20T08:28:39.951-0800][54270396ms] GC(1138) Pause Young (Normal) (G1 Evacuation Pause)
[2023-12-20T08:28:39.951-0800][54270396ms] GC(1138) Using 10 workers of 10 for evacuation
[2023-12-20T08:28:39.981-0800][54270426ms] GC(1138)   Pre Evacuate Collection Set: 0.0ms
[2023-12-20T08:28:39.981-0800][54270426ms] GC(1138)   Evacuate Collection Set: 27.1ms
[2023-12-20T08:28:39.981-0800][54270426ms] GC(1138)   Post Evacuate Collection Set: 2.6ms
[2023-12-20T08:28:39.981-0800][54270426ms] GC(1138)   Other: 0.4ms
[2023-12-20T08:28:39.981-0800][54270426ms] GC(1138) Eden regions: 753->0(753)
[2023-12-20T08:28:39.981-0800][54270426ms] GC(1138) Survivor regions: 30->30(98)
[2023-12-20T08:28:39.981-0800][54270426ms] GC(1138) Old regions: 165->165
[2023-12-20T08:28:39.981-0800][54270426ms] GC(1138) Humongous regions: 5->5
[2023-12-20T08:28:39.981-0800][54270426ms] GC(1138) Metaspace: 256379K->256379K(1294336K)
[2023-12-20T08:28:39.981-0800][54270426ms] GC(1138) Pause Young (Normal) (G1 Evacuation Pause) 1904M->397M(2612M) 30.229ms
[2023-12-20T08:28:39.981-0800][54270426ms] GC(1138) User=0.05s Sys=0.00s Real=0.03s
[2023-12-20T08:28:40.744-0800][54271189ms] GC(1139) Pause Young (Normal) (G1 Evacuation Pause)
[2023-12-20T08:28:40.744-0800][54271189ms] GC(1139) Using 10 workers of 10 for evacuation
[2023-12-20T08:28:40.774-0800][54271219ms] GC(1139)   Pre Evacuate Collection Set: 0.0ms
[2023-12-20T08:28:40.774-0800][54271219ms] GC(1139)   Evacuate Collection Set: 27.1ms
[2023-12-20T08:28:40.774-0800][54271219ms] GC(1139)   Post Evacuate Collection Set: 2.4ms
[2023-12-20T08:28:40.774-0800][54271219ms] GC(1139)   Other: 0.4ms
[2023-12-20T08:28:40.774-0800][54271219ms] GC(1139) Eden regions: 753->0(753)
[2023-12-20T08:28:40.774-0800][54271219ms] GC(1139) Survivor regions: 30->30(98)
[2023-12-20T08:28:40.774-0800][54271219ms] GC(1139) Old regions: 165->165
[2023-12-20T08:28:40.774-0800][54271219ms] GC(1139) Humongous regions: 5->5
[2023-12-20T08:28:40.774-0800][54271219ms] GC(1139) Metaspace: 256379K->256379K(1294336K)
[2023-12-20T08:28:40.774-0800][54271219ms] GC(1139) Pause Young (Normal) (G1 Evacuation Pause) 1903M->398M(2612M) 30.035ms
[2023-12-20T08:28:40.774-0800][54271219ms] GC(1139) User=0.11s Sys=0.00s Real=0.03s
[2023-12-20T08:28:41.219-0800][54271664ms] GC(1140) Pause Young (Normal) (G1 Evacuation Pause)
[2023-12-20T08:28:41.219-0800][54271664ms] GC(1140) Using 10 workers of 10 for evacuation
[2023-12-20T08:28:41.247-0800][54271692ms] GC(1140)   Pre Evacuate Collection Set: 0.0ms
[2023-12-20T08:28:41.247-0800][54271692ms] GC(1140)   Evacuate Collection Set: 25.1ms
[2023-12-20T08:28:41.247-0800][54271692ms] GC(1140)   Post Evacuate Collection Set: 2.8ms
[2023-12-20T08:28:41.247-0800][54271692ms] GC(1140)   Other: 0.4ms
[2023-12-20T08:28:41.247-0800][54271692ms] GC(1140) Eden regions: 753->0(753)
[2023-12-20T08:28:41.247-0800][54271692ms] GC(1140) Survivor regions: 30->30(98)
[2023-12-20T08:28:41.247-0800][54271692ms] GC(1140) Old regions: 165->165
[2023-12-20T08:28:41.247-0800][54271692ms] GC(1140) Humongous regions: 5->5
[2023-12-20T08:28:41.247-0800][54271692ms] GC(1140) Metaspace: 256379K->256379K(1294336K)
[2023-12-20T08:28:41.247-0800][54271692ms] GC(1140) Pause Young (Normal) (G1 Evacuation Pause) 1904M->398M(2612M) 28.358ms
[2023-12-20T08:28:41.247-0800][54271692ms] GC(1140) User=0.09s Sys=0.00s Real=0.03s
[2023-12-20T08:28:41.882-0800][54272327ms] GC(1141) Pause Young (Normal) (G1 Evacuation Pause)
[2023-12-20T08:28:41.882-0800][54272327ms] GC(1141) Using 10 workers of 10 for evacuation
[2023-12-20T08:28:41.911-0800][54272356ms] GC(1141)   Pre Evacuate Collection Set: 0.0ms
[2023-12-20T08:28:41.911-0800][54272356ms] GC(1141)   Evacuate Collection Set: 26.3ms
[2023-12-20T08:28:41.911-0800][54272356ms] GC(1141)   Post Evacuate Collection Set: 2.4ms
[2023-12-20T08:28:41.911-0800][54272356ms] GC(1141)   Other: 0.4ms
[2023-12-20T08:28:41.911-0800][54272356ms] GC(1141) Eden regions: 753->0(753)
[2023-12-20T08:28:41.911-0800][54272356ms] GC(1141) Survivor regions: 30->30(98)
[2023-12-20T08:28:41.911-0800][54272356ms] GC(1141) Old regions: 165->165
[2023-12-20T08:28:41.911-0800][54272356ms] GC(1141) Humongous regions: 5->5
[2023-12-20T08:28:41.911-0800][54272356ms] GC(1141) Metaspace: 256379K->256379K(1294336K)
[2023-12-20T08:28:41.911-0800][54272356ms] GC(1141) Pause Young (Normal) (G1 Evacuation Pause) 1904M->398M(2612M) 29.327ms
[2023-12-20T08:28:41.911-0800][54272356ms] GC(1141) User=0.05s Sys=0.00s Real=0.03s
[2023-12-20T08:28:42.727-0800][54273172ms] GC(1142) Pause Young (Normal) (G1 Evacuation Pause)
[2023-12-20T08:28:42.727-0800][54273172ms] GC(1142) Using 10 workers of 10 for evacuation
[2023-12-20T08:28:42.758-0800][54273203ms] GC(1142)   Pre Evacuate Collection Set: 0.0ms
[2023-12-20T08:28:42.758-0800][54273203ms] GC(1142)   Evacuate Collection Set: 27.4ms
[2023-12-20T08:28:42.758-0800][54273203ms] GC(1142)   Post Evacuate Collection Set: 2.4ms
[2023-12-20T08:28:42.758-0800][54273203ms] GC(1142)   Other: 0.4ms
[2023-12-20T08:28:42.758-0800][54273203ms] GC(1142) Eden regions: 753->0(753)
[2023-12-20T08:28:42.758-0800][54273203ms] GC(1142) Survivor regions: 30->30(98)
[2023-12-20T08:28:42.758-0800][54273203ms] GC(1142) Old regions: 165->165
[2023-12-20T08:28:42.758-0800][54273203ms] GC(1142) Humongous regions: 5->5
[2023-12-20T08:28:42.758-0800][54273203ms] GC(1142) Metaspace: 256379K->256379K(1294336K)
[2023-12-20T08:28:42.758-0800][54273203ms] GC(1142) Pause Young (Normal) (G1 Evacuation Pause) 1904M->398M(2612M) 30.339ms
[2023-12-20T08:28:42.758-0800][54273203ms] GC(1142) User=0.08s Sys=0.00s Real=0.03s
[2023-12-20T08:28:43.563-0800][54274008ms] GC(1143) Pause Young (Normal) (G1 Evacuation Pause)
[2023-12-20T08:28:43.563-0800][54274008ms] GC(1143) Using 10 workers of 10 for evacuation
[2023-12-20T08:28:43.593-0800][54274038ms] GC(1143)   Pre Evacuate Collection Set: 0.0ms
[2023-12-20T08:28:43.593-0800][54274038ms] GC(1143)   Evacuate Collection Set: 26.8ms
[2023-12-20T08:28:43.593-0800][54274038ms] GC(1143)   Post Evacuate Collection Set: 2.4ms
[2023-12-20T08:28:43.593-0800][54274038ms] GC(1143)   Other: 0.4ms
[2023-12-20T08:28:43.593-0800][54274038ms] GC(1143) Eden regions: 753->0(753)
[2023-12-20T08:28:43.593-0800][54274038ms] GC(1143) Survivor regions: 30->30(98)
[2023-12-20T08:28:43.593-0800][54274038ms] GC(1143) Old regions: 165->165
[2023-12-20T08:28:43.593-0800][54274038ms] GC(1143) Humongous regions: 5->5
[2023-12-20T08:28:43.593-0800][54274038ms] GC(1143) Metaspace: 256379K->256379K(1294336K)
[2023-12-20T08:28:43.593-0800][54274038ms] GC(1143) Pause Young (Normal) (G1 Evacuation Pause) 1904M->398M(2612M) 29.703ms
[2023-12-20T08:28:43.593-0800][54274038ms] GC(1143) User=0.06s Sys=0.00s Real=0.03s
[2023-12-20T08:28:44.233-0800][54274678ms] GC(1144) Pause Young (Normal) (G1 Evacuation Pause)
[2023-12-20T08:28:44.233-0800][54274678ms] GC(1144) Using 10 workers of 10 for evacuation
[2023-12-20T08:28:44.263-0800][54274708ms] GC(1144)   Pre Evacuate Collection Set: 0.0ms
[2023-12-20T08:28:44.263-0800][54274708ms] GC(1144)   Evacuate Collection Set: 27.2ms
[2023-12-20T08:28:44.263-0800][54274708ms] GC(1144)   Post Evacuate Collection Set: 2.3ms
[2023-12-20T08:28:44.263-0800][54274708ms] GC(1144)   Other: 0.4ms
[2023-12-20T08:28:44.263-0800][54274708ms] GC(1144) Eden regions: 753->0(753)
[2023-12-20T08:28:44.263-0800][54274708ms] GC(1144) Survivor regions: 30->30(98)
[2023-12-20T08:28:44.263-0800][54274708ms] GC(1144) Old regions: 165->165
[2023-12-20T08:28:44.263-0800][54274708ms] GC(1144) Humongous regions: 5->5
[2023-12-20T08:28:44.263-0800][54274708ms] GC(1144) Metaspace: 256379K->256379K(1294336K)
[2023-12-20T08:28:44.263-0800][54274708ms] GC(1144) Pause Young (Normal) (G1 Evacuation Pause) 1904M->397M(2612M) 30.073ms
[2023-12-20T08:28:44.263-0800][54274708ms] GC(1144) User=0.08s Sys=0.00s Real=0.03s
[2023-12-20T08:28:44.950-0800][54275395ms] GC(1145) Pause Young (Normal) (G1 Evacuation Pause)
[2023-12-20T08:28:44.950-0800][54275395ms] GC(1145) Using 10 workers of 10 for evacuation
[2023-12-20T08:28:44.979-0800][54275424ms] GC(1145)   Pre Evacuate Collection Set: 0.0ms
[2023-12-20T08:28:44.979-0800][54275424ms] GC(1145)   Evacuate Collection Set: 26.5ms
[2023-12-20T08:28:44.979-0800][54275424ms] GC(1145)   Post Evacuate Collection Set: 2.5ms
[2023-12-20T08:28:44.979-0800][54275424ms] GC(1145)   Other: 0.3ms
[2023-12-20T08:28:44.979-0800][54275424ms] GC(1145) Eden regions: 753->0(753)
[2023-12-20T08:28:44.979-0800][54275424ms] GC(1145) Survivor regions: 30->30(98)
[2023-12-20T08:28:44.979-0800][54275424ms] GC(1145) Old regions: 165->165
[2023-12-20T08:28:44.979-0800][54275424ms] GC(1145) Humongous regions: 5->5
[2023-12-20T08:28:44.979-0800][54275424ms] GC(1145) Metaspace: 256381K->256381K(1294336K)
[2023-12-20T08:28:44.979-0800][54275424ms] GC(1145) Pause Young (Normal) (G1 Evacuation Pause) 1903M->398M(2612M) 29.457ms
[2023-12-20T08:28:44.979-0800][54275424ms] GC(1145) User=0.06s Sys=0.00s Real=0.03s
[2023-12-20T08:28:45.774-0800][54276219ms] GC(1146) Pause Young (Normal) (G1 Evacuation Pause)
[2023-12-20T08:28:45.774-0800][54276219ms] GC(1146) Using 10 workers of 10 for evacuation
[2023-12-20T08:28:45.808-0800][54276253ms] GC(1146)   Pre Evacuate Collection Set: 0.0ms
[2023-12-20T08:28:45.808-0800][54276253ms] GC(1146)   Evacuate Collection Set: 29.9ms
[2023-12-20T08:28:45.808-0800][54276253ms] GC(1146)   Post Evacuate Collection Set: 3.1ms
[2023-12-20T08:28:45.808-0800][54276253ms] GC(1146)   Other: 0.4ms
[2023-12-20T08:28:45.808-0800][54276253ms] GC(1146) Eden regions: 753->0(753)
[2023-12-20T08:28:45.808-0800][54276253ms] GC(1146) Survivor regions: 30->30(98)
[2023-12-20T08:28:45.808-0800][54276253ms] GC(1146) Old regions: 165->165
[2023-12-20T08:28:45.808-0800][54276253ms] GC(1146) Humongous regions: 5->5
[2023-12-20T08:28:45.808-0800][54276253ms] GC(1146) Metaspace: 256381K->256381K(1294336K)
[2023-12-20T08:28:45.808-0800][54276253ms] GC(1146) Pause Young (Normal) (G1 Evacuation Pause) 1904M->398M(2612M) 33.545ms
[2023-12-20T08:28:45.808-0800][54276253ms] GC(1146) User=0.17s Sys=0.00s Real=0.03s
[2023-12-20T08:28:46.592-0800][54277037ms] GC(1147) Pause Young (Normal) (G1 Evacuation Pause)
[2023-12-20T08:28:46.592-0800][54277037ms] GC(1147) Using 10 workers of 10 for evacuation
[2023-12-20T08:28:46.622-0800][54277067ms] GC(1147)   Pre Evacuate Collection Set: 0.0ms
[2023-12-20T08:28:46.622-0800][54277067ms] GC(1147)   Evacuate Collection Set: 26.7ms
[2023-12-20T08:28:46.622-0800][54277067ms] GC(1147)   Post Evacuate Collection Set: 2.4ms
[2023-12-20T08:28:46.622-0800][54277067ms] GC(1147)   Other: 0.4ms
[2023-12-20T08:28:46.622-0800][54277067ms] GC(1147) Eden regions: 753->0(753)
[2023-12-20T08:28:46.622-0800][54277067ms] GC(1147) Survivor regions: 30->30(98)
[2023-12-20T08:28:46.622-0800][54277067ms] GC(1147) Old regions: 165->165
[2023-12-20T08:28:46.622-0800][54277067ms] GC(1147) Humongous regions: 5->5
[2023-12-20T08:28:46.622-0800][54277067ms] GC(1147) Metaspace: 256381K->256381K(1294336K)
[2023-12-20T08:28:46.622-0800][54277067ms] GC(1147) Pause Young (Normal) (G1 Evacuation Pause) 1904M->399M(2612M) 29.641ms
[2023-12-20T08:28:46.622-0800][54277067ms] GC(1147) User=0.06s Sys=0.00s Real=0.03s
[2023-12-20T08:28:47.393-0800][54277838ms] GC(1148) Pause Young (Normal) (G1 Evacuation Pause)
[2023-12-20T08:28:47.393-0800][54277838ms] GC(1148) Using 10 workers of 10 for evacuation
[2023-12-20T08:28:47.426-0800][54277871ms] GC(1148)   Pre Evacuate Collection Set: 0.0ms
[2023-12-20T08:28:47.426-0800][54277871ms] GC(1148)   Evacuate Collection Set: 30.3ms
[2023-12-20T08:28:47.426-0800][54277871ms] GC(1148)   Post Evacuate Collection Set: 2.8ms
[2023-12-20T08:28:47.426-0800][54277871ms] GC(1148)   Other: 0.4ms
[2023-12-20T08:28:47.426-0800][54277871ms] GC(1148) Eden regions: 753->0(752)
[2023-12-20T08:28:47.426-0800][54277871ms] GC(1148) Survivor regions: 30->31(98)
[2023-12-20T08:28:47.426-0800][54277871ms] GC(1148) Old regions: 165->165
[2023-12-20T08:28:47.426-0800][54277871ms] GC(1148) Humongous regions: 5->5
[2023-12-20T08:28:47.426-0800][54277871ms] GC(1148) Metaspace: 256381K->256381K(1294336K)
[2023-12-20T08:28:47.426-0800][54277871ms] GC(1148) Pause Young (Normal) (G1 Evacuation Pause) 1905M->401M(2612M) 33.656ms
[2023-12-20T08:28:47.426-0800][54277871ms] GC(1148) User=0.13s Sys=0.02s Real=0.03s
[2023-12-20T08:28:48.053-0800][54278498ms] GC(1149) Pause Young (Normal) (G1 Evacuation Pause)
[2023-12-20T08:28:48.053-0800][54278498ms] GC(1149) Using 10 workers of 10 for evacuation
[2023-12-20T08:28:48.082-0800][54278527ms] GC(1149)   Pre Evacuate Collection Set: 0.1ms
[2023-12-20T08:28:48.082-0800][54278527ms] GC(1149)   Evacuate Collection Set: 26.3ms
[2023-12-20T08:28:48.082-0800][54278527ms] GC(1149)   Post Evacuate Collection Set: 2.5ms
[2023-12-20T08:28:48.082-0800][54278527ms] GC(1149)   Other: 0.4ms
[2023-12-20T08:28:48.082-0800][54278527ms] GC(1149) Eden regions: 752->0(752)
[2023-12-20T08:28:48.082-0800][54278527ms] GC(1149) Survivor regions: 31->31(98)
[2023-12-20T08:28:48.082-0800][54278527ms] GC(1149) Old regions: 165->165
[2023-12-20T08:28:48.082-0800][54278527ms] GC(1149) Humongous regions: 5->5
[2023-12-20T08:28:48.082-0800][54278527ms] GC(1149) Metaspace: 256381K->256381K(1294336K)
[2023-12-20T08:28:48.082-0800][54278527ms] GC(1149) Pause Young (Normal) (G1 Evacuation Pause) 1905M->400M(2612M) 29.317ms
[2023-12-20T08:28:48.082-0800][54278527ms] GC(1149) User=0.05s Sys=0.00s Real=0.03s
[2023-12-20T08:28:48.771-0800][54279216ms] GC(1150) Pause Young (Normal) (G1 Evacuation Pause)
[2023-12-20T08:28:48.771-0800][54279216ms] GC(1150) Using 10 workers of 10 for evacuation
[2023-12-20T08:28:48.802-0800][54279247ms] GC(1150)   Pre Evacuate Collection Set: 0.0ms
[2023-12-20T08:28:48.802-0800][54279247ms] GC(1150)   Evacuate Collection Set: 28.7ms
[2023-12-20T08:28:48.802-0800][54279247ms] GC(1150)   Post Evacuate Collection Set: 2.5ms
[2023-12-20T08:28:48.802-0800][54279247ms] GC(1150)   Other: 0.4ms
[2023-12-20T08:28:48.802-0800][54279247ms] GC(1150) Eden regions: 752->0(752)
[2023-12-20T08:28:48.802-0800][54279247ms] GC(1150) Survivor regions: 31->31(98)
[2023-12-20T08:28:48.802-0800][54279247ms] GC(1150) Old regions: 165->165
[2023-12-20T08:28:48.802-0800][54279247ms] GC(1150) Humongous regions: 5->5
[2023-12-20T08:28:48.802-0800][54279247ms] GC(1150) Metaspace: 256381K->256381K(1294336K)
[2023-12-20T08:28:48.802-0800][54279247ms] GC(1150) Pause Young (Normal) (G1 Evacuation Pause) 1904M->400M(2612M) 31.786ms
[2023-12-20T08:28:48.802-0800][54279247ms] GC(1150) User=0.11s Sys=0.00s Real=0.03s
[2023-12-20T08:28:49.553-0800][54279998ms] GC(1151) Pause Young (Normal) (G1 Evacuation Pause)
[2023-12-20T08:28:49.553-0800][54279998ms] GC(1151) Using 10 workers of 10 for evacuation
[2023-12-20T08:28:49.581-0800][54280026ms] GC(1151)   Pre Evacuate Collection Set: 0.0ms
[2023-12-20T08:28:49.581-0800][54280026ms] GC(1151)   Evacuate Collection Set: 26.0ms
[2023-12-20T08:28:49.581-0800][54280026ms] GC(1151)   Post Evacuate Collection Set: 2.5ms
[2023-12-20T08:28:49.581-0800][54280026ms] GC(1151)   Other: 0.3ms
[2023-12-20T08:28:49.581-0800][54280026ms] GC(1151) Eden regions: 752->0(753)
[2023-12-20T08:28:49.581-0800][54280026ms] GC(1151) Survivor regions: 31->30(98)
[2023-12-20T08:28:49.581-0800][54280026ms] GC(1151) Old regions: 165->165
[2023-12-20T08:28:49.581-0800][54280026ms] GC(1151) Humongous regions: 5->5
[2023-12-20T08:28:49.581-0800][54280026ms] GC(1151) Metaspace: 256381K->256381K(1294336K)
[2023-12-20T08:28:49.581-0800][54280026ms] GC(1151) Pause Young (Normal) (G1 Evacuation Pause) 1904M->399M(2612M) 28.963ms
[2023-12-20T08:28:49.581-0800][54280026ms] GC(1151) User=0.16s Sys=0.00s Real=0.03s
[2023-12-20T08:28:50.300-0800][54280745ms] GC(1152) Pause Young (Normal) (G1 Evacuation Pause)
[2023-12-20T08:28:50.300-0800][54280745ms] GC(1152) Using 10 workers of 10 for evacuation
[2023-12-20T08:28:50.329-0800][54280774ms] GC(1152)   Pre Evacuate Collection Set: 0.0ms
[2023-12-20T08:28:50.329-0800][54280774ms] GC(1152)   Evacuate Collection Set: 27.4ms
[2023-12-20T08:28:50.329-0800][54280774ms] GC(1152)   Post Evacuate Collection Set: 2.4ms
[2023-12-20T08:28:50.329-0800][54280774ms] GC(1152)   Other: 0.4ms
[2023-12-20T08:28:50.329-0800][54280774ms] GC(1152) Eden regions: 753->0(753)
[2023-12-20T08:28:50.329-0800][54280774ms] GC(1152) Survivor regions: 30->30(98)
[2023-12-20T08:28:50.329-0800][54280774ms] GC(1152) Old regions: 165->165
[2023-12-20T08:28:50.329-0800][54280774ms] GC(1152) Humongous regions: 5->5
[2023-12-20T08:28:50.329-0800][54280774ms] GC(1152) Metaspace: 256381K->256381K(1294336K)
[2023-12-20T08:28:50.329-0800][54280774ms] GC(1152) Pause Young (Normal) (G1 Evacuation Pause) 1905M->399M(2612M) 30.267ms
[2023-12-20T08:28:50.329-0800][54280774ms] GC(1152) User=0.08s Sys=0.00s Real=0.03s
[2023-12-20T08:28:51.112-0800][54281557ms] GC(1153) Pause Young (Normal) (G1 Evacuation Pause)
[2023-12-20T08:28:51.112-0800][54281557ms] GC(1153) Using 10 workers of 10 for evacuation
[2023-12-20T08:28:51.142-0800][54281587ms] GC(1153)   Pre Evacuate Collection Set: 0.0ms
[2023-12-20T08:28:51.142-0800][54281587ms] GC(1153)   Evacuate Collection Set: 26.6ms
[2023-12-20T08:28:51.142-0800][54281587ms] GC(1153)   Post Evacuate Collection Set: 2.5ms
[2023-12-20T08:28:51.142-0800][54281587ms] GC(1153)   Other: 0.4ms
[2023-12-20T08:28:51.142-0800][54281587ms] GC(1153) Eden regions: 753->0(753)
[2023-12-20T08:28:51.142-0800][54281587ms] GC(1153) Survivor regions: 30->30(98)
[2023-12-20T08:28:51.142-0800][54281587ms] GC(1153) Old regions: 165->165
[2023-12-20T08:28:51.142-0800][54281587ms] GC(1153) Humongous regions: 5->5
[2023-12-20T08:28:51.142-0800][54281587ms] GC(1153) Metaspace: 256381K->256381K(1294336K)
[2023-12-20T08:28:51.142-0800][54281587ms] GC(1153) Pause Young (Normal) (G1 Evacuation Pause) 1905M->399M(2612M) 29.613ms
[2023-12-20T08:28:51.142-0800][54281587ms] GC(1153) User=0.16s Sys=0.00s Real=0.03s
[2023-12-20T08:28:51.884-0800][54282329ms] GC(1154) Pause Young (Normal) (G1 Evacuation Pause)
[2023-12-20T08:28:51.884-0800][54282329ms] GC(1154) Using 10 workers of 10 for evacuation
[2023-12-20T08:28:51.913-0800][54282358ms] GC(1154)   Pre Evacuate Collection Set: 0.0ms
[2023-12-20T08:28:51.914-0800][54282359ms] GC(1154)   Evacuate Collection Set: 26.9ms
[2023-12-20T08:28:51.914-0800][54282359ms] GC(1154)   Post Evacuate Collection Set: 2.3ms
[2023-12-20T08:28:51.914-0800][54282359ms] GC(1154)   Other: 0.3ms
[2023-12-20T08:28:51.914-0800][54282359ms] GC(1154) Eden regions: 753->0(753)
[2023-12-20T08:28:51.914-0800][54282359ms] GC(1154) Survivor regions: 30->30(98)
[2023-12-20T08:28:51.914-0800][54282359ms] GC(1154) Old regions: 165->165
[2023-12-20T08:28:51.914-0800][54282359ms] GC(1154) Humongous regions: 5->5
[2023-12-20T08:28:51.914-0800][54282359ms] GC(1154) Metaspace: 256381K->256381K(1294336K)
[2023-12-20T08:28:51.914-0800][54282359ms] GC(1154) Pause Young (Normal) (G1 Evacuation Pause) 1905M->398M(2612M) 29.727ms
[2023-12-20T08:28:51.914-0800][54282359ms] GC(1154) User=0.08s Sys=0.00s Real=0.03s
[2023-12-20T08:28:52.672-0800][54283118ms] GC(1155) Pause Young (Normal) (G1 Evacuation Pause)
[2023-12-20T08:28:52.673-0800][54283118ms] GC(1155) Using 10 workers of 10 for evacuation
[2023-12-20T08:28:52.702-0800][54283147ms] GC(1155)   Pre Evacuate Collection Set: 0.0ms
[2023-12-20T08:28:52.702-0800][54283147ms] GC(1155)   Evacuate Collection Set: 26.5ms
[2023-12-20T08:28:52.702-0800][54283147ms] GC(1155)   Post Evacuate Collection Set: 2.4ms
[2023-12-20T08:28:52.702-0800][54283147ms] GC(1155)   Other: 0.4ms
[2023-12-20T08:28:52.702-0800][54283147ms] GC(1155) Eden regions: 753->0(753)
[2023-12-20T08:28:52.702-0800][54283147ms] GC(1155) Survivor regions: 30->30(98)
[2023-12-20T08:28:52.702-0800][54283147ms] GC(1155) Old regions: 165->165
[2023-12-20T08:28:52.702-0800][54283147ms] GC(1155) Humongous regions: 5->5
[2023-12-20T08:28:52.702-0800][54283147ms] GC(1155) Metaspace: 256381K->256381K(1294336K)
[2023-12-20T08:28:52.702-0800][54283147ms] GC(1155) Pause Young (Normal) (G1 Evacuation Pause) 1904M->398M(2612M) 29.478ms
[2023-12-20T08:28:52.703-0800][54283148ms] GC(1155) User=0.13s Sys=0.00s Real=0.03s
[2023-12-20T08:28:53.562-0800][54284007ms] GC(1156) Pause Young (Normal) (G1 Evacuation Pause)
[2023-12-20T08:28:53.562-0800][54284007ms] GC(1156) Using 10 workers of 10 for evacuation
[2023-12-20T08:28:53.593-0800][54284038ms] GC(1156)   Pre Evacuate Collection Set: 0.0ms
[2023-12-20T08:28:53.593-0800][54284038ms] GC(1156)   Evacuate Collection Set: 28.0ms
[2023-12-20T08:28:53.593-0800][54284038ms] GC(1156)   Post Evacuate Collection Set: 2.5ms
[2023-12-20T08:28:53.593-0800][54284038ms] GC(1156)   Other: 0.4ms
[2023-12-20T08:28:53.593-0800][54284038ms] GC(1156) Eden regions: 753->0(753)
[2023-12-20T08:28:53.593-0800][54284038ms] GC(1156) Survivor regions: 30->30(98)
[2023-12-20T08:28:53.593-0800][54284038ms] GC(1156) Old regions: 165->165
[2023-12-20T08:28:53.593-0800][54284038ms] GC(1156) Humongous regions: 5->5
[2023-12-20T08:28:53.593-0800][54284038ms] GC(1156) Metaspace: 256381K->256381K(1294336K)
[2023-12-20T08:28:53.593-0800][54284038ms] GC(1156) Pause Young (Normal) (G1 Evacuation Pause) 1904M->399M(2612M) 31.085ms
[2023-12-20T08:28:53.593-0800][54284038ms] GC(1156) User=0.13s Sys=0.00s Real=0.03s
[2023-12-20T08:28:54.358-0800][54284803ms] GC(1157) Pause Young (Normal) (G1 Evacuation Pause)
[2023-12-20T08:28:54.358-0800][54284803ms] GC(1157) Using 10 workers of 10 for evacuation
[2023-12-20T08:28:54.387-0800][54284832ms] GC(1157)   Pre Evacuate Collection Set: 0.0ms
[2023-12-20T08:28:54.387-0800][54284832ms] GC(1157)   Evacuate Collection Set: 26.6ms
[2023-12-20T08:28:54.387-0800][54284832ms] GC(1157)   Post Evacuate Collection Set: 2.4ms
[2023-12-20T08:28:54.387-0800][54284832ms] GC(1157)   Other: 0.4ms
[2023-12-20T08:28:54.387-0800][54284832ms] GC(1157) Eden regions: 753->0(754)
[2023-12-20T08:28:54.387-0800][54284832ms] GC(1157) Survivor regions: 30->29(98)
[2023-12-20T08:28:54.387-0800][54284832ms] GC(1157) Old regions: 165->165
[2023-12-20T08:28:54.387-0800][54284832ms] GC(1157) Humongous regions: 5->5
[2023-12-20T08:28:54.387-0800][54284832ms] GC(1157) Metaspace: 256381K->256381K(1294336K)
[2023-12-20T08:28:54.387-0800][54284832ms] GC(1157) Pause Young (Normal) (G1 Evacuation Pause) 1905M->397M(2612M) 29.474ms
[2023-12-20T08:28:54.387-0800][54284832ms] GC(1157) User=0.14s Sys=0.00s Real=0.03s
[2023-12-20T08:28:55.174-0800][54285619ms] GC(1158) Pause Young (Normal) (G1 Evacuation Pause)
[2023-12-20T08:28:55.174-0800][54285619ms] GC(1158) Using 10 workers of 10 for evacuation
[2023-12-20T08:28:55.204-0800][54285649ms] GC(1158)   Pre Evacuate Collection Set: 0.0ms
[2023-12-20T08:28:55.204-0800][54285649ms] GC(1158)   Evacuate Collection Set: 26.7ms
[2023-12-20T08:28:55.204-0800][54285649ms] GC(1158)   Post Evacuate Collection Set: 2.4ms
[2023-12-20T08:28:55.204-0800][54285649ms] GC(1158)   Other: 0.4ms
[2023-12-20T08:28:55.204-0800][54285649ms] GC(1158) Eden regions: 754->0(753)
[2023-12-20T08:28:55.204-0800][54285649ms] GC(1158) Survivor regions: 29->30(98)
[2023-12-20T08:28:55.204-0800][54285649ms] GC(1158) Old regions: 165->165
[2023-12-20T08:28:55.204-0800][54285649ms] GC(1158) Humongous regions: 5->5
[2023-12-20T08:28:55.204-0800][54285649ms] GC(1158) Metaspace: 256381K->256381K(1294336K)
[2023-12-20T08:28:55.204-0800][54285649ms] GC(1158) Pause Young (Normal) (G1 Evacuation Pause) 1905M->399M(2612M) 29.602ms
[2023-12-20T08:28:55.205-0800][54285650ms] GC(1158) User=0.09s Sys=0.00s Real=0.03s
[2023-12-20T08:28:55.962-0800][54286407ms] GC(1159) Pause Young (Normal) (G1 Evacuation Pause)
[2023-12-20T08:28:55.962-0800][54286407ms] GC(1159) Using 10 workers of 10 for evacuation
[2023-12-20T08:28:55.992-0800][54286437ms] GC(1159)   Pre Evacuate Collection Set: 0.0ms
[2023-12-20T08:28:55.992-0800][54286437ms] GC(1159)   Evacuate Collection Set: 26.6ms
[2023-12-20T08:28:55.992-0800][54286437ms] GC(1159)   Post Evacuate Collection Set: 2.5ms
[2023-12-20T08:28:55.992-0800][54286437ms] GC(1159)   Other: 0.3ms
[2023-12-20T08:28:55.992-0800][54286437ms] GC(1159) Eden regions: 753->0(753)
[2023-12-20T08:28:55.992-0800][54286437ms] GC(1159) Survivor regions: 30->30(98)
[2023-12-20T08:28:55.992-0800][54286437ms] GC(1159) Old regions: 165->165
[2023-12-20T08:28:55.992-0800][54286437ms] GC(1159) Humongous regions: 5->5
[2023-12-20T08:28:55.992-0800][54286437ms] GC(1159) Metaspace: 256381K->256381K(1294336K)
[2023-12-20T08:28:55.992-0800][54286437ms] GC(1159) Pause Young (Normal) (G1 Evacuation Pause) 1905M->398M(2612M) 29.582ms
[2023-12-20T08:28:55.992-0800][54286437ms] GC(1159) User=0.13s Sys=0.00s Real=0.03s
[2023-12-20T08:28:56.829-0800][54287274ms] GC(1160) Pause Young (Normal) (G1 Evacuation Pause)
[2023-12-20T08:28:56.829-0800][54287274ms] GC(1160) Using 10 workers of 10 for evacuation
[2023-12-20T08:28:56.860-0800][54287305ms] GC(1160)   Pre Evacuate Collection Set: 0.0ms
[2023-12-20T08:28:56.860-0800][54287305ms] GC(1160)   Evacuate Collection Set: 28.2ms
[2023-12-20T08:28:56.860-0800][54287305ms] GC(1160)   Post Evacuate Collection Set: 2.4ms
[2023-12-20T08:28:56.860-0800][54287305ms] GC(1160)   Other: 0.5ms
[2023-12-20T08:28:56.860-0800][54287305ms] GC(1160) Eden regions: 753->0(753)
[2023-12-20T08:28:56.860-0800][54287305ms] GC(1160) Survivor regions: 30->30(98)
[2023-12-20T08:28:56.860-0800][54287305ms] GC(1160) Old regions: 165->165
[2023-12-20T08:28:56.860-0800][54287305ms] GC(1160) Humongous regions: 5->5
[2023-12-20T08:28:56.860-0800][54287305ms] GC(1160) Metaspace: 256381K->256381K(1294336K)
[2023-12-20T08:28:56.860-0800][54287305ms] GC(1160) Pause Young (Normal) (G1 Evacuation Pause) 1904M->399M(2612M) 31.242ms
[2023-12-20T08:28:56.860-0800][54287305ms] GC(1160) User=0.11s Sys=0.00s Real=0.03s
[2023-12-20T08:28:57.686-0800][54288131ms] GC(1161) Pause Young (Normal) (G1 Evacuation Pause)
[2023-12-20T08:28:57.686-0800][54288131ms] GC(1161) Using 10 workers of 10 for evacuation
[2023-12-20T08:28:57.716-0800][54288161ms] GC(1161)   Pre Evacuate Collection Set: 0.0ms
[2023-12-20T08:28:57.716-0800][54288161ms] GC(1161)   Evacuate Collection Set: 27.0ms
[2023-12-20T08:28:57.716-0800][54288161ms] GC(1161)   Post Evacuate Collection Set: 2.5ms
[2023-12-20T08:28:57.716-0800][54288161ms] GC(1161)   Other: 0.3ms
[2023-12-20T08:28:57.716-0800][54288161ms] GC(1161) Eden regions: 753->0(753)
[2023-12-20T08:28:57.716-0800][54288161ms] GC(1161) Survivor regions: 30->30(98)
[2023-12-20T08:28:57.716-0800][54288161ms] GC(1161) Old regions: 165->165
[2023-12-20T08:28:57.716-0800][54288161ms] GC(1161) Humongous regions: 5->5
[2023-12-20T08:28:57.716-0800][54288161ms] GC(1161) Metaspace: 256381K->256381K(1294336K)
[2023-12-20T08:28:57.716-0800][54288161ms] GC(1161) Pause Young (Normal) (G1 Evacuation Pause) 1905M->398M(2612M) 30.062ms
[2023-12-20T08:28:57.716-0800][54288161ms] GC(1161) User=0.09s Sys=0.00s Real=0.03s
[2023-12-20T08:28:58.472-0800][54288917ms] GC(1162) Pause Young (Normal) (G1 Evacuation Pause)
[2023-12-20T08:28:58.472-0800][54288917ms] GC(1162) Using 10 workers of 10 for evacuation
[2023-12-20T08:28:58.501-0800][54288946ms] GC(1162)   Pre Evacuate Collection Set: 0.0ms
[2023-12-20T08:28:58.501-0800][54288946ms] GC(1162)   Evacuate Collection Set: 26.8ms
[2023-12-20T08:28:58.501-0800][54288946ms] GC(1162)   Post Evacuate Collection Set: 2.4ms
[2023-12-20T08:28:58.501-0800][54288946ms] GC(1162)   Other: 0.4ms
[2023-12-20T08:28:58.501-0800][54288946ms] GC(1162) Eden regions: 753->0(753)
[2023-12-20T08:28:58.501-0800][54288946ms] GC(1162) Survivor regions: 30->30(98)
[2023-12-20T08:28:58.501-0800][54288946ms] GC(1162) Old regions: 165->165
[2023-12-20T08:28:58.501-0800][54288946ms] GC(1162) Humongous regions: 5->5
[2023-12-20T08:28:58.501-0800][54288946ms] GC(1162) Metaspace: 256381K->256381K(1294336K)
[2023-12-20T08:28:58.501-0800][54288946ms] GC(1162) Pause Young (Normal) (G1 Evacuation Pause) 1904M->398M(2612M) 29.883ms
[2023-12-20T08:28:58.501-0800][54288946ms] GC(1162) User=0.09s Sys=0.00s Real=0.03s
[2023-12-20T08:28:59.220-0800][54289665ms] GC(1163) Pause Young (Normal) (G1 Evacuation Pause)
[2023-12-20T08:28:59.220-0800][54289665ms] GC(1163) Using 10 workers of 10 for evacuation
[2023-12-20T08:28:59.251-0800][54289696ms] GC(1163)   Pre Evacuate Collection Set: 0.0ms
[2023-12-20T08:28:59.251-0800][54289696ms] GC(1163)   Evacuate Collection Set: 28.4ms
[2023-12-20T08:28:59.251-0800][54289696ms] GC(1163)   Post Evacuate Collection Set: 2.3ms
[2023-12-20T08:28:59.251-0800][54289696ms] GC(1163)   Other: 0.3ms
[2023-12-20T08:28:59.251-0800][54289696ms] GC(1163) Eden regions: 753->0(753)
[2023-12-20T08:28:59.251-0800][54289696ms] GC(1163) Survivor regions: 30->30(98)
[2023-12-20T08:28:59.251-0800][54289696ms] GC(1163) Old regions: 165->165
[2023-12-20T08:28:59.251-0800][54289696ms] GC(1163) Humongous regions: 5->5
[2023-12-20T08:28:59.251-0800][54289696ms] GC(1163) Metaspace: 256382K->256382K(1294336K)
[2023-12-20T08:28:59.251-0800][54289696ms] GC(1163) Pause Young (Normal) (G1 Evacuation Pause) 1904M->398M(2612M) 31.160ms
[2023-12-20T08:28:59.251-0800][54289696ms] GC(1163) User=0.11s Sys=0.00s Real=0.03s
[2023-12-20T08:29:00.030-0800][54290475ms] GC(1164) Pause Young (Normal) (G1 Evacuation Pause)
[2023-12-20T08:29:00.030-0800][54290475ms] GC(1164) Using 10 workers of 10 for evacuation
[2023-12-20T08:29:00.058-0800][54290503ms] GC(1164)   Pre Evacuate Collection Set: 0.0ms
[2023-12-20T08:29:00.058-0800][54290503ms] GC(1164)   Evacuate Collection Set: 26.5ms
[2023-12-20T08:29:00.058-0800][54290503ms] GC(1164)   Post Evacuate Collection Set: 2.3ms
[2023-12-20T08:29:00.058-0800][54290503ms] GC(1164)   Other: 0.4ms
[2023-12-20T08:29:00.058-0800][54290503ms] GC(1164) Eden regions: 753->0(753)
[2023-12-20T08:29:00.058-0800][54290503ms] GC(1164) Survivor regions: 30->30(98)
[2023-12-20T08:29:00.058-0800][54290503ms] GC(1164) Old regions: 165->165
[2023-12-20T08:29:00.058-0800][54290503ms] GC(1164) Humongous regions: 5->5
[2023-12-20T08:29:00.058-0800][54290503ms] GC(1164) Metaspace: 256382K->256382K(1294336K)
[2023-12-20T08:29:00.058-0800][54290503ms] GC(1164) Pause Young (Normal) (G1 Evacuation Pause) 1904M->399M(2612M) 29.486ms
[2023-12-20T08:29:00.058-0800][54290503ms] GC(1164) User=0.09s Sys=0.00s Real=0.03s
[2023-12-20T08:29:00.844-0800][54291289ms] GC(1165) Pause Young (Normal) (G1 Evacuation Pause)
[2023-12-20T08:29:00.844-0800][54291289ms] GC(1165) Using 10 workers of 10 for evacuation
[2023-12-20T08:29:00.873-0800][54291318ms] GC(1165)   Pre Evacuate Collection Set: 0.0ms
[2023-12-20T08:29:00.873-0800][54291318ms] GC(1165)   Evacuate Collection Set: 26.0ms
[2023-12-20T08:29:00.873-0800][54291318ms] GC(1165)   Post Evacuate Collection Set: 2.3ms
[2023-12-20T08:29:00.873-0800][54291318ms] GC(1165)   Other: 0.4ms
[2023-12-20T08:29:00.873-0800][54291318ms] GC(1165) Eden regions: 753->0(753)
[2023-12-20T08:29:00.873-0800][54291318ms] GC(1165) Survivor regions: 30->30(98)
[2023-12-20T08:29:00.873-0800][54291318ms] GC(1165) Old regions: 165->165
[2023-12-20T08:29:00.873-0800][54291318ms] GC(1165) Humongous regions: 5->5
[2023-12-20T08:29:00.873-0800][54291318ms] GC(1165) Metaspace: 256382K->256382K(1294336K)
[2023-12-20T08:29:00.873-0800][54291318ms] GC(1165) Pause Young (Normal) (G1 Evacuation Pause) 1905M->399M(2612M) 28.894ms
[2023-12-20T08:29:00.873-0800][54291318ms] GC(1165) User=0.14s Sys=0.00s Real=0.03s
[2023-12-20T08:29:01.623-0800][54292068ms] GC(1166) Pause Young (Normal) (G1 Evacuation Pause)
[2023-12-20T08:29:01.623-0800][54292068ms] GC(1166) Using 10 workers of 10 for evacuation
[2023-12-20T08:29:01.652-0800][54292097ms] GC(1166)   Pre Evacuate Collection Set: 0.0ms
[2023-12-20T08:29:01.652-0800][54292097ms] GC(1166)   Evacuate Collection Set: 27.8ms
[2023-12-20T08:29:01.652-0800][54292097ms] GC(1166)   Post Evacuate Collection Set: 2.6ms
[2023-12-20T08:29:01.653-0800][54292098ms] GC(1166)   Other: 0.4ms
[2023-12-20T08:29:01.653-0800][54292098ms] GC(1166) Eden regions: 753->0(753)
[2023-12-20T08:29:01.653-0800][54292098ms] GC(1166) Survivor regions: 30->30(98)
[2023-12-20T08:29:01.653-0800][54292098ms] GC(1166) Old regions: 165->165
[2023-12-20T08:29:01.653-0800][54292098ms] GC(1166) Humongous regions: 5->5
[2023-12-20T08:29:01.653-0800][54292098ms] GC(1166) Metaspace: 256382K->256382K(1294336K)
[2023-12-20T08:29:01.653-0800][54292098ms] GC(1166) Pause Young (Normal) (G1 Evacuation Pause) 1905M->398M(2612M) 30.901ms
[2023-12-20T08:29:01.653-0800][54292098ms] GC(1166) User=0.09s Sys=0.00s Real=0.03s
[2023-12-20T08:29:02.366-0800][54292811ms] GC(1167) Pause Young (Normal) (G1 Evacuation Pause)
[2023-12-20T08:29:02.366-0800][54292811ms] GC(1167) Using 10 workers of 10 for evacuation
[2023-12-20T08:29:02.399-0800][54292844ms] GC(1167)   Pre Evacuate Collection Set: 0.0ms
[2023-12-20T08:29:02.399-0800][54292844ms] GC(1167)   Evacuate Collection Set: 29.0ms
[2023-12-20T08:29:02.399-0800][54292844ms] GC(1167)   Post Evacuate Collection Set: 3.0ms
[2023-12-20T08:29:02.399-0800][54292844ms] GC(1167)   Other: 0.4ms
[2023-12-20T08:29:02.399-0800][54292844ms] GC(1167) Eden regions: 753->0(753)
[2023-12-20T08:29:02.399-0800][54292844ms] GC(1167) Survivor regions: 30->30(98)
[2023-12-20T08:29:02.399-0800][54292844ms] GC(1167) Old regions: 165->165
[2023-12-20T08:29:02.399-0800][54292844ms] GC(1167) Humongous regions: 5->5
[2023-12-20T08:29:02.399-0800][54292844ms] GC(1167) Metaspace: 256382K->256382K(1294336K)
[2023-12-20T08:29:02.399-0800][54292844ms] GC(1167) Pause Young (Normal) (G1 Evacuation Pause) 1904M->398M(2612M) 32.577ms
[2023-12-20T08:29:02.399-0800][54292844ms] GC(1167) User=0.19s Sys=0.00s Real=0.03s
[2023-12-20T08:29:03.096-0800][54293541ms] GC(1168) Pause Young (Normal) (G1 Evacuation Pause)
[2023-12-20T08:29:03.096-0800][54293541ms] GC(1168) Using 10 workers of 10 for evacuation
[2023-12-20T08:29:03.125-0800][54293570ms] GC(1168)   Pre Evacuate Collection Set: 0.0ms
[2023-12-20T08:29:03.125-0800][54293570ms] GC(1168)   Evacuate Collection Set: 26.5ms
[2023-12-20T08:29:03.125-0800][54293570ms] GC(1168)   Post Evacuate Collection Set: 2.4ms
[2023-12-20T08:29:03.125-0800][54293570ms] GC(1168)   Other: 0.3ms
[2023-12-20T08:29:03.125-0800][54293570ms] GC(1168) Eden regions: 753->0(753)
[2023-12-20T08:29:03.125-0800][54293570ms] GC(1168) Survivor regions: 30->30(98)
[2023-12-20T08:29:03.125-0800][54293570ms] GC(1168) Old regions: 165->165
[2023-12-20T08:29:03.125-0800][54293570ms] GC(1168) Humongous regions: 5->5
[2023-12-20T08:29:03.125-0800][54293570ms] GC(1168) Metaspace: 256382K->256382K(1294336K)
[2023-12-20T08:29:03.125-0800][54293570ms] GC(1168) Pause Young (Normal) (G1 Evacuation Pause) 1904M->399M(2612M) 29.452ms
[2023-12-20T08:29:03.125-0800][54293570ms] GC(1168) User=0.08s Sys=0.00s Real=0.03s
[2023-12-20T08:29:03.891-0800][54294336ms] GC(1169) Pause Young (Normal) (G1 Evacuation Pause)
[2023-12-20T08:29:03.891-0800][54294336ms] GC(1169) Using 10 workers of 10 for evacuation
[2023-12-20T08:29:03.921-0800][54294366ms] GC(1169)   Pre Evacuate Collection Set: 0.0ms
[2023-12-20T08:29:03.921-0800][54294366ms] GC(1169)   Evacuate Collection Set: 27.0ms
[2023-12-20T08:29:03.921-0800][54294366ms] GC(1169)   Post Evacuate Collection Set: 2.4ms
[2023-12-20T08:29:03.921-0800][54294366ms] GC(1169)   Other: 0.3ms
[2023-12-20T08:29:03.921-0800][54294366ms] GC(1169) Eden regions: 753->0(753)
[2023-12-20T08:29:03.921-0800][54294366ms] GC(1169) Survivor regions: 30->30(98)
[2023-12-20T08:29:03.921-0800][54294366ms] GC(1169) Old regions: 165->165
[2023-12-20T08:29:03.921-0800][54294366ms] GC(1169) Humongous regions: 5->5
[2023-12-20T08:29:03.921-0800][54294366ms] GC(1169) Metaspace: 256382K->256382K(1294336K)
[2023-12-20T08:29:03.921-0800][54294366ms] GC(1169) Pause Young (Normal) (G1 Evacuation Pause) 1905M->399M(2612M) 29.878ms
[2023-12-20T08:29:03.921-0800][54294366ms] GC(1169) User=0.11s Sys=0.00s Real=0.03s
[2023-12-20T08:29:04.731-0800][54295176ms] GC(1170) Pause Young (Normal) (G1 Evacuation Pause)
[2023-12-20T08:29:04.731-0800][54295176ms] GC(1170) Using 10 workers of 10 for evacuation
[2023-12-20T08:29:04.759-0800][54295204ms] GC(1170)   Pre Evacuate Collection Set: 0.0ms
[2023-12-20T08:29:04.759-0800][54295204ms] GC(1170)   Evacuate Collection Set: 26.7ms
[2023-12-20T08:29:04.759-0800][54295204ms] GC(1170)   Post Evacuate Collection Set: 2.5ms
[2023-12-20T08:29:04.759-0800][54295204ms] GC(1170)   Other: 0.4ms
[2023-12-20T08:29:04.759-0800][54295204ms] GC(1170) Eden regions: 753->0(753)
[2023-12-20T08:29:04.759-0800][54295204ms] GC(1170) Survivor regions: 30->30(98)
[2023-12-20T08:29:04.759-0800][54295204ms] GC(1170) Old regions: 165->165
[2023-12-20T08:29:04.759-0800][54295204ms] GC(1170) Humongous regions: 5->5
[2023-12-20T08:29:04.759-0800][54295204ms] GC(1170) Metaspace: 256382K->256382K(1294336K)
[2023-12-20T08:29:04.759-0800][54295204ms] GC(1170) Pause Young (Normal) (G1 Evacuation Pause) 1905M->398M(2612M) 29.598ms
[2023-12-20T08:29:04.759-0800][54295204ms] GC(1170) User=0.13s Sys=0.00s Real=0.03s
[2023-12-20T08:29:05.508-0800][54295953ms] GC(1171) Pause Young (Normal) (G1 Evacuation Pause)
[2023-12-20T08:29:05.508-0800][54295953ms] GC(1171) Using 10 workers of 10 for evacuation
[2023-12-20T08:29:05.537-0800][54295982ms] GC(1171)   Pre Evacuate Collection Set: 0.0ms
[2023-12-20T08:29:05.537-0800][54295982ms] GC(1171)   Evacuate Collection Set: 26.7ms
[2023-12-20T08:29:05.537-0800][54295982ms] GC(1171)   Post Evacuate Collection Set: 2.5ms
[2023-12-20T08:29:05.537-0800][54295982ms] GC(1171)   Other: 0.4ms
[2023-12-20T08:29:05.537-0800][54295982ms] GC(1171) Eden regions: 753->0(753)
[2023-12-20T08:29:05.537-0800][54295982ms] GC(1171) Survivor regions: 30->30(98)
[2023-12-20T08:29:05.537-0800][54295982ms] GC(1171) Old regions: 165->165
[2023-12-20T08:29:05.537-0800][54295982ms] GC(1171) Humongous regions: 5->5
[2023-12-20T08:29:05.537-0800][54295982ms] GC(1171) Metaspace: 256382K->256382K(1294336K)
[2023-12-20T08:29:05.537-0800][54295982ms] GC(1171) Pause Young (Normal) (G1 Evacuation Pause) 1904M->399M(2612M) 29.732ms
[2023-12-20T08:29:05.537-0800][54295982ms] GC(1171) User=0.09s Sys=0.00s Real=0.03s
[2023-12-20T08:29:06.297-0800][54296742ms] GC(1172) Pause Young (Normal) (GCLocker Initiated GC)
[2023-12-20T08:29:06.297-0800][54296742ms] GC(1172) Using 10 workers of 10 for evacuation
[2023-12-20T08:29:06.327-0800][54296772ms] GC(1172)   Pre Evacuate Collection Set: 0.0ms
[2023-12-20T08:29:06.327-0800][54296772ms] GC(1172)   Evacuate Collection Set: 28.0ms
[2023-12-20T08:29:06.327-0800][54296772ms] GC(1172)   Post Evacuate Collection Set: 2.3ms
[2023-12-20T08:29:06.327-0800][54296772ms] GC(1172)   Other: 0.4ms
[2023-12-20T08:29:06.327-0800][54296772ms] GC(1172) Eden regions: 754->0(753)
[2023-12-20T08:29:06.327-0800][54296772ms] GC(1172) Survivor regions: 30->30(98)
[2023-12-20T08:29:06.327-0800][54296772ms] GC(1172) Old regions: 165->165
[2023-12-20T08:29:06.327-0800][54296772ms] GC(1172) Humongous regions: 5->5
[2023-12-20T08:29:06.327-0800][54296772ms] GC(1172) Metaspace: 256382K->256382K(1294336K)
[2023-12-20T08:29:06.327-0800][54296772ms] GC(1172) Pause Young (Normal) (GCLocker Initiated GC) 1906M->399M(2612M) 30.810ms
[2023-12-20T08:29:06.327-0800][54296772ms] GC(1172) User=0.08s Sys=0.02s Real=0.03s
[2023-12-20T08:29:07.159-0800][54297604ms] GC(1173) Pause Young (Normal) (GCLocker Initiated GC)
[2023-12-20T08:29:07.159-0800][54297604ms] GC(1173) Using 10 workers of 10 for evacuation
[2023-12-20T08:29:07.188-0800][54297633ms] GC(1173)   Pre Evacuate Collection Set: 0.0ms
[2023-12-20T08:29:07.188-0800][54297633ms] GC(1173)   Evacuate Collection Set: 26.3ms
[2023-12-20T08:29:07.188-0800][54297633ms] GC(1173)   Post Evacuate Collection Set: 2.5ms
[2023-12-20T08:29:07.188-0800][54297633ms] GC(1173)   Other: 0.4ms
[2023-12-20T08:29:07.188-0800][54297633ms] GC(1173) Eden regions: 754->0(753)
[2023-12-20T08:29:07.188-0800][54297633ms] GC(1173) Survivor regions: 30->30(98)
[2023-12-20T08:29:07.188-0800][54297633ms] GC(1173) Old regions: 165->165
[2023-12-20T08:29:07.188-0800][54297633ms] GC(1173) Humongous regions: 5->5
[2023-12-20T08:29:07.188-0800][54297633ms] GC(1173) Metaspace: 256382K->256382K(1294336K)
[2023-12-20T08:29:07.188-0800][54297633ms] GC(1173) Pause Young (Normal) (GCLocker Initiated GC) 1906M->398M(2612M) 29.330ms
[2023-12-20T08:29:07.188-0800][54297633ms] GC(1173) User=0.08s Sys=0.00s Real=0.03s
[2023-12-20T08:29:08.006-0800][54298451ms] GC(1174) Pause Young (Normal) (GCLocker Initiated GC)
[2023-12-20T08:29:08.006-0800][54298451ms] GC(1174) Using 10 workers of 10 for evacuation
[2023-12-20T08:29:08.037-0800][54298482ms] GC(1174)   Pre Evacuate Collection Set: 0.0ms
[2023-12-20T08:29:08.037-0800][54298482ms] GC(1174)   Evacuate Collection Set: 27.7ms
[2023-12-20T08:29:08.037-0800][54298482ms] GC(1174)   Post Evacuate Collection Set: 2.5ms
[2023-12-20T08:29:08.037-0800][54298482ms] GC(1174)   Other: 0.4ms
[2023-12-20T08:29:08.037-0800][54298482ms] GC(1174) Eden regions: 753->0(754)
[2023-12-20T08:29:08.037-0800][54298482ms] GC(1174) Survivor regions: 30->29(98)
[2023-12-20T08:29:08.037-0800][54298482ms] GC(1174) Old regions: 165->165
[2023-12-20T08:29:08.037-0800][54298482ms] GC(1174) Humongous regions: 5->5
[2023-12-20T08:29:08.037-0800][54298482ms] GC(1174) Metaspace: 256382K->256382K(1294336K)
[2023-12-20T08:29:08.037-0800][54298482ms] GC(1174) Pause Young (Normal) (GCLocker Initiated GC) 1904M->397M(2612M) 30.698ms
[2023-12-20T08:29:08.037-0800][54298482ms] GC(1174) User=0.16s Sys=0.00s Real=0.03s
[2023-12-20T08:29:08.788-0800][54299233ms] GC(1175) Pause Young (Normal) (G1 Evacuation Pause)
[2023-12-20T08:29:08.788-0800][54299233ms] GC(1175) Using 10 workers of 10 for evacuation
[2023-12-20T08:29:08.818-0800][54299263ms] GC(1175)   Pre Evacuate Collection Set: 0.0ms
[2023-12-20T08:29:08.818-0800][54299263ms] GC(1175)   Evacuate Collection Set: 26.9ms
[2023-12-20T08:29:08.818-0800][54299263ms] GC(1175)   Post Evacuate Collection Set: 2.3ms
[2023-12-20T08:29:08.818-0800][54299263ms] GC(1175)   Other: 0.4ms
[2023-12-20T08:29:08.818-0800][54299263ms] GC(1175) Eden regions: 754->0(753)
[2023-12-20T08:29:08.818-0800][54299263ms] GC(1175) Survivor regions: 29->30(98)
[2023-12-20T08:29:08.818-0800][54299263ms] GC(1175) Old regions: 165->165
[2023-12-20T08:29:08.818-0800][54299263ms] GC(1175) Humongous regions: 5->5
[2023-12-20T08:29:08.818-0800][54299263ms] GC(1175) Metaspace: 256382K->256382K(1294336K)
[2023-12-20T08:29:08.818-0800][54299263ms] GC(1175) Pause Young (Normal) (G1 Evacuation Pause) 1905M->399M(2612M) 29.767ms
[2023-12-20T08:29:08.818-0800][54299263ms] GC(1175) User=0.06s Sys=0.00s Real=0.03s
[2023-12-20T08:29:09.534-0800][54299979ms] GC(1176) Pause Young (Normal) (G1 Evacuation Pause)
[2023-12-20T08:29:09.534-0800][54299979ms] GC(1176) Using 10 workers of 10 for evacuation
[2023-12-20T08:29:09.564-0800][54300009ms] GC(1176)   Pre Evacuate Collection Set: 0.0ms
[2023-12-20T08:29:09.564-0800][54300009ms] GC(1176)   Evacuate Collection Set: 26.4ms
[2023-12-20T08:29:09.564-0800][54300009ms] GC(1176)   Post Evacuate Collection Set: 2.6ms
[2023-12-20T08:29:09.564-0800][54300009ms] GC(1176)   Other: 0.3ms
[2023-12-20T08:29:09.564-0800][54300009ms] GC(1176) Eden regions: 753->0(753)
[2023-12-20T08:29:09.564-0800][54300009ms] GC(1176) Survivor regions: 30->30(98)
[2023-12-20T08:29:09.564-0800][54300009ms] GC(1176) Old regions: 165->165
[2023-12-20T08:29:09.564-0800][54300009ms] GC(1176) Humongous regions: 5->5
[2023-12-20T08:29:09.564-0800][54300009ms] GC(1176) Metaspace: 256382K->256382K(1294336K)
[2023-12-20T08:29:09.564-0800][54300009ms] GC(1176) Pause Young (Normal) (G1 Evacuation Pause) 1905M->399M(2612M) 29.530ms
[2023-12-20T08:29:09.564-0800][54300009ms] GC(1176) User=0.14s Sys=0.00s Real=0.03s
[2023-12-20T08:29:10.383-0800][54300828ms] GC(1177) Pause Young (Normal) (G1 Evacuation Pause)
[2023-12-20T08:29:10.383-0800][54300828ms] GC(1177) Using 10 workers of 10 for evacuation
[2023-12-20T08:29:10.413-0800][54300858ms] GC(1177)   Pre Evacuate Collection Set: 0.0ms
[2023-12-20T08:29:10.413-0800][54300858ms] GC(1177)   Evacuate Collection Set: 26.7ms
[2023-12-20T08:29:10.413-0800][54300858ms] GC(1177)   Post Evacuate Collection Set: 2.5ms
[2023-12-20T08:29:10.413-0800][54300858ms] GC(1177)   Other: 0.4ms
[2023-12-20T08:29:10.413-0800][54300858ms] GC(1177) Eden regions: 753->0(753)
[2023-12-20T08:29:10.413-0800][54300858ms] GC(1177) Survivor regions: 30->30(98)
[2023-12-20T08:29:10.413-0800][54300858ms] GC(1177) Old regions: 165->165
[2023-12-20T08:29:10.413-0800][54300858ms] GC(1177) Humongous regions: 5->5
[2023-12-20T08:29:10.413-0800][54300858ms] GC(1177) Metaspace: 256382K->256382K(1294336K)
[2023-12-20T08:29:10.413-0800][54300858ms] GC(1177) Pause Young (Normal) (G1 Evacuation Pause) 1905M->399M(2612M) 29.697ms
[2023-12-20T08:29:10.413-0800][54300858ms] GC(1177) User=0.03s Sys=0.00s Real=0.03s
[2023-12-20T08:29:11.192-0800][54301637ms] GC(1178) Pause Young (Normal) (G1 Evacuation Pause)
[2023-12-20T08:29:11.192-0800][54301637ms] GC(1178) Using 10 workers of 10 for evacuation
[2023-12-20T08:29:11.223-0800][54301668ms] GC(1178)   Pre Evacuate Collection Set: 0.0ms
[2023-12-20T08:29:11.223-0800][54301668ms] GC(1178)   Evacuate Collection Set: 27.0ms
[2023-12-20T08:29:11.223-0800][54301668ms] GC(1178)   Post Evacuate Collection Set: 2.4ms
[2023-12-20T08:29:11.223-0800][54301668ms] GC(1178)   Other: 0.4ms
[2023-12-20T08:29:11.223-0800][54301668ms] GC(1178) Eden regions: 753->0(753)
[2023-12-20T08:29:11.223-0800][54301668ms] GC(1178) Survivor regions: 30->30(98)
[2023-12-20T08:29:11.223-0800][54301668ms] GC(1178) Old regions: 165->165
[2023-12-20T08:29:11.223-0800][54301668ms] GC(1178) Humongous regions: 5->5
[2023-12-20T08:29:11.223-0800][54301668ms] GC(1178) Metaspace: 256382K->256382K(1294336K)
[2023-12-20T08:29:11.223-0800][54301668ms] GC(1178) Pause Young (Normal) (G1 Evacuation Pause) 1905M->398M(2612M) 29.957ms
[2023-12-20T08:29:11.223-0800][54301668ms] GC(1178) User=0.13s Sys=0.00s Real=0.03s
[2023-12-20T08:29:11.952-0800][54302397ms] GC(1179) Pause Young (Normal) (G1 Evacuation Pause)
[2023-12-20T08:29:11.952-0800][54302397ms] GC(1179) Using 10 workers of 10 for evacuation
[2023-12-20T08:29:11.983-0800][54302428ms] GC(1179)   Pre Evacuate Collection Set: 0.0ms
[2023-12-20T08:29:11.983-0800][54302428ms] GC(1179)   Evacuate Collection Set: 27.5ms
[2023-12-20T08:29:11.983-0800][54302428ms] GC(1179)   Post Evacuate Collection Set: 2.4ms
[2023-12-20T08:29:11.983-0800][54302428ms] GC(1179)   Other: 0.3ms
[2023-12-20T08:29:11.983-0800][54302428ms] GC(1179) Eden regions: 753->0(753)
[2023-12-20T08:29:11.983-0800][54302428ms] GC(1179) Survivor regions: 30->30(98)
[2023-12-20T08:29:11.983-0800][54302428ms] GC(1179) Old regions: 165->165
[2023-12-20T08:29:11.983-0800][54302428ms] GC(1179) Humongous regions: 5->5
[2023-12-20T08:29:11.983-0800][54302428ms] GC(1179) Metaspace: 256382K->256382K(1294336K)
[2023-12-20T08:29:11.983-0800][54302428ms] GC(1179) Pause Young (Normal) (G1 Evacuation Pause) 1904M->399M(2612M) 30.418ms
[2023-12-20T08:29:11.983-0800][54302428ms] GC(1179) User=0.11s Sys=0.00s Real=0.03s
[2023-12-20T08:29:12.716-0800][54303161ms] GC(1180) Pause Young (Normal) (G1 Evacuation Pause)
[2023-12-20T08:29:12.716-0800][54303161ms] GC(1180) Using 10 workers of 10 for evacuation
[2023-12-20T08:29:12.745-0800][54303190ms] GC(1180)   Pre Evacuate Collection Set: 0.0ms
[2023-12-20T08:29:12.745-0800][54303190ms] GC(1180)   Evacuate Collection Set: 27.2ms
[2023-12-20T08:29:12.745-0800][54303190ms] GC(1180)   Post Evacuate Collection Set: 2.3ms
[2023-12-20T08:29:12.745-0800][54303190ms] GC(1180)   Other: 0.5ms
[2023-12-20T08:29:12.745-0800][54303190ms] GC(1180) Eden regions: 753->0(753)
[2023-12-20T08:29:12.745-0800][54303190ms] GC(1180) Survivor regions: 30->30(98)
[2023-12-20T08:29:12.745-0800][54303190ms] GC(1180) Old regions: 165->165
[2023-12-20T08:29:12.745-0800][54303190ms] GC(1180) Humongous regions: 5->5
[2023-12-20T08:29:12.745-0800][54303190ms] GC(1180) Metaspace: 256382K->256382K(1294336K)
[2023-12-20T08:29:12.745-0800][54303190ms] GC(1180) Pause Young (Normal) (G1 Evacuation Pause) 1905M->398M(2612M) 30.222ms
[2023-12-20T08:29:12.745-0800][54303190ms] GC(1180) User=0.09s Sys=0.00s Real=0.03s
[2023-12-20T08:29:13.529-0800][54303974ms] GC(1181) Pause Young (Normal) (G1 Evacuation Pause)
[2023-12-20T08:29:13.529-0800][54303974ms] GC(1181) Using 10 workers of 10 for evacuation
[2023-12-20T08:29:13.558-0800][54304003ms] GC(1181)   Pre Evacuate Collection Set: 0.0ms
[2023-12-20T08:29:13.558-0800][54304003ms] GC(1181)   Evacuate Collection Set: 26.8ms
[2023-12-20T08:29:13.558-0800][54304003ms] GC(1181)   Post Evacuate Collection Set: 2.4ms
[2023-12-20T08:29:13.558-0800][54304003ms] GC(1181)   Other: 0.4ms
[2023-12-20T08:29:13.558-0800][54304003ms] GC(1181) Eden regions: 753->0(753)
[2023-12-20T08:29:13.558-0800][54304003ms] GC(1181) Survivor regions: 30->30(98)
[2023-12-20T08:29:13.558-0800][54304003ms] GC(1181) Old regions: 165->165
[2023-12-20T08:29:13.558-0800][54304003ms] GC(1181) Humongous regions: 5->5
[2023-12-20T08:29:13.558-0800][54304003ms] GC(1181) Metaspace: 256382K->256382K(1294336K)
[2023-12-20T08:29:13.558-0800][54304003ms] GC(1181) Pause Young (Normal) (G1 Evacuation Pause) 1904M->398M(2612M) 29.790ms
[2023-12-20T08:29:13.558-0800][54304003ms] GC(1181) User=0.08s Sys=0.00s Real=0.03s
[2023-12-20T08:29:14.430-0800][54304875ms] GC(1182) Pause Young (Normal) (G1 Evacuation Pause)
[2023-12-20T08:29:14.430-0800][54304875ms] GC(1182) Using 10 workers of 10 for evacuation
[2023-12-20T08:29:14.463-0800][54304908ms] GC(1182)   Pre Evacuate Collection Set: 0.0ms
[2023-12-20T08:29:14.463-0800][54304908ms] GC(1182)   Evacuate Collection Set: 29.2ms
[2023-12-20T08:29:14.463-0800][54304908ms] GC(1182)   Post Evacuate Collection Set: 3.0ms
[2023-12-20T08:29:14.463-0800][54304908ms] GC(1182)   Other: 0.4ms
[2023-12-20T08:29:14.463-0800][54304908ms] GC(1182) Eden regions: 753->0(753)
[2023-12-20T08:29:14.463-0800][54304908ms] GC(1182) Survivor regions: 30->30(98)
[2023-12-20T08:29:14.463-0800][54304908ms] GC(1182) Old regions: 165->165
[2023-12-20T08:29:14.463-0800][54304908ms] GC(1182) Humongous regions: 5->5
[2023-12-20T08:29:14.463-0800][54304908ms] GC(1182) Metaspace: 256382K->256382K(1294336K)
[2023-12-20T08:29:14.463-0800][54304908ms] GC(1182) Pause Young (Normal) (G1 Evacuation Pause) 1904M->398M(2612M) 32.729ms
[2023-12-20T08:29:14.463-0800][54304908ms] GC(1182) User=0.13s Sys=0.00s Real=0.03s
[2023-12-20T08:29:15.277-0800][54305722ms] GC(1183) Pause Young (Normal) (G1 Evacuation Pause)
[2023-12-20T08:29:15.278-0800][54305723ms] GC(1183) Using 10 workers of 10 for evacuation
[2023-12-20T08:29:15.309-0800][54305754ms] GC(1183)   Pre Evacuate Collection Set: 0.0ms
[2023-12-20T08:29:15.309-0800][54305754ms] GC(1183)   Evacuate Collection Set: 28.5ms
[2023-12-20T08:29:15.309-0800][54305754ms] GC(1183)   Post Evacuate Collection Set: 2.4ms
[2023-12-20T08:29:15.309-0800][54305754ms] GC(1183)   Other: 0.4ms
[2023-12-20T08:29:15.309-0800][54305754ms] GC(1183) Eden regions: 753->0(754)
[2023-12-20T08:29:15.309-0800][54305754ms] GC(1183) Survivor regions: 30->29(98)
[2023-12-20T08:29:15.309-0800][54305754ms] GC(1183) Old regions: 165->165
[2023-12-20T08:29:15.309-0800][54305754ms] GC(1183) Humongous regions: 5->5
[2023-12-20T08:29:15.309-0800][54305754ms] GC(1183) Metaspace: 256382K->256382K(1294336K)
[2023-12-20T08:29:15.309-0800][54305754ms] GC(1183) Pause Young (Normal) (G1 Evacuation Pause) 1904M->397M(2612M) 31.387ms
[2023-12-20T08:29:15.309-0800][54305754ms] GC(1183) User=0.09s Sys=0.00s Real=0.03s
[2023-12-20T08:29:16.025-0800][54306470ms] GC(1184) Pause Young (Normal) (G1 Evacuation Pause)
[2023-12-20T08:29:16.025-0800][54306470ms] GC(1184) Using 10 workers of 10 for evacuation
[2023-12-20T08:29:16.055-0800][54306500ms] GC(1184)   Pre Evacuate Collection Set: 0.0ms
[2023-12-20T08:29:16.055-0800][54306500ms] GC(1184)   Evacuate Collection Set: 27.1ms
[2023-12-20T08:29:16.055-0800][54306500ms] GC(1184)   Post Evacuate Collection Set: 2.6ms
[2023-12-20T08:29:16.055-0800][54306500ms] GC(1184)   Other: 0.4ms
[2023-12-20T08:29:16.055-0800][54306500ms] GC(1184) Eden regions: 754->0(753)
[2023-12-20T08:29:16.055-0800][54306500ms] GC(1184) Survivor regions: 29->30(98)
[2023-12-20T08:29:16.055-0800][54306500ms] GC(1184) Old regions: 165->165
[2023-12-20T08:29:16.055-0800][54306500ms] GC(1184) Humongous regions: 5->5
[2023-12-20T08:29:16.055-0800][54306500ms] GC(1184) Metaspace: 256382K->256382K(1294336K)
[2023-12-20T08:29:16.055-0800][54306500ms] GC(1184) Pause Young (Normal) (G1 Evacuation Pause) 1905M->399M(2612M) 30.234ms
[2023-12-20T08:29:16.055-0800][54306500ms] GC(1184) User=0.11s Sys=0.00s Real=0.03s
[2023-12-20T08:29:16.809-0800][54307254ms] GC(1185) Pause Young (Normal) (G1 Evacuation Pause)
[2023-12-20T08:29:16.809-0800][54307254ms] GC(1185) Using 10 workers of 10 for evacuation
[2023-12-20T08:29:16.839-0800][54307284ms] GC(1185)   Pre Evacuate Collection Set: 0.0ms
[2023-12-20T08:29:16.839-0800][54307284ms] GC(1185)   Evacuate Collection Set: 27.2ms
[2023-12-20T08:29:16.839-0800][54307284ms] GC(1185)   Post Evacuate Collection Set: 2.5ms
[2023-12-20T08:29:16.839-0800][54307284ms] GC(1185)   Other: 0.3ms
[2023-12-20T08:29:16.839-0800][54307284ms] GC(1185) Eden regions: 753->0(753)
[2023-12-20T08:29:16.839-0800][54307284ms] GC(1185) Survivor regions: 30->30(98)
[2023-12-20T08:29:16.839-0800][54307284ms] GC(1185) Old regions: 165->165
[2023-12-20T08:29:16.839-0800][54307284ms] GC(1185) Humongous regions: 5->5
[2023-12-20T08:29:16.839-0800][54307284ms] GC(1185) Metaspace: 256382K->256382K(1294336K)
[2023-12-20T08:29:16.839-0800][54307284ms] GC(1185) Pause Young (Normal) (G1 Evacuation Pause) 1905M->399M(2612M) 30.174ms
[2023-12-20T08:29:16.839-0800][54307284ms] GC(1185) User=0.09s Sys=0.00s Real=0.03s
[2023-12-20T08:29:17.546-0800][54307991ms] GC(1186) Pause Young (Normal) (G1 Evacuation Pause)
[2023-12-20T08:29:17.546-0800][54307991ms] GC(1186) Using 10 workers of 10 for evacuation
[2023-12-20T08:29:17.577-0800][54308022ms] GC(1186)   Pre Evacuate Collection Set: 0.0ms
[2023-12-20T08:29:17.577-0800][54308022ms] GC(1186)   Evacuate Collection Set: 28.1ms
[2023-12-20T08:29:17.577-0800][54308022ms] GC(1186)   Post Evacuate Collection Set: 2.4ms
[2023-12-20T08:29:17.577-0800][54308022ms] GC(1186)   Other: 0.4ms
[2023-12-20T08:29:17.577-0800][54308022ms] GC(1186) Eden regions: 753->0(754)
[2023-12-20T08:29:17.577-0800][54308022ms] GC(1186) Survivor regions: 30->29(98)
[2023-12-20T08:29:17.577-0800][54308022ms] GC(1186) Old regions: 165->165
[2023-12-20T08:29:17.577-0800][54308022ms] GC(1186) Humongous regions: 5->5
[2023-12-20T08:29:17.577-0800][54308022ms] GC(1186) Metaspace: 256382K->256382K(1294336K)
[2023-12-20T08:29:17.577-0800][54308022ms] GC(1186) Pause Young (Normal) (G1 Evacuation Pause) 1905M->397M(2612M) 30.995ms
[2023-12-20T08:29:17.577-0800][54308022ms] GC(1186) User=0.09s Sys=0.00s Real=0.03s
[2023-12-20T08:29:18.327-0800][54308772ms] GC(1187) Pause Young (Normal) (G1 Evacuation Pause)
[2023-12-20T08:29:18.327-0800][54308772ms] GC(1187) Using 10 workers of 10 for evacuation
[2023-12-20T08:29:18.357-0800][54308802ms] GC(1187)   Pre Evacuate Collection Set: 0.0ms
[2023-12-20T08:29:18.357-0800][54308802ms] GC(1187)   Evacuate Collection Set: 27.2ms
[2023-12-20T08:29:18.357-0800][54308802ms] GC(1187)   Post Evacuate Collection Set: 2.4ms
[2023-12-20T08:29:18.357-0800][54308802ms] GC(1187)   Other: 0.3ms
[2023-12-20T08:29:18.357-0800][54308802ms] GC(1187) Eden regions: 754->0(753)
[2023-12-20T08:29:18.357-0800][54308802ms] GC(1187) Survivor regions: 29->30(98)
[2023-12-20T08:29:18.357-0800][54308802ms] GC(1187) Old regions: 165->165
[2023-12-20T08:29:18.357-0800][54308802ms] GC(1187) Humongous regions: 5->5
[2023-12-20T08:29:18.357-0800][54308802ms] GC(1187) Metaspace: 256382K->256382K(1294336K)
[2023-12-20T08:29:18.357-0800][54308802ms] GC(1187) Pause Young (Normal) (G1 Evacuation Pause) 1905M->399M(2612M) 30.144ms
[2023-12-20T08:29:18.357-0800][54308802ms] GC(1187) User=0.11s Sys=0.00s Real=0.03s
[2023-12-20T08:29:19.089-0800][54309534ms] GC(1188) Pause Young (Normal) (G1 Evacuation Pause)
[2023-12-20T08:29:19.089-0800][54309534ms] GC(1188) Using 10 workers of 10 for evacuation
[2023-12-20T08:29:19.118-0800][54309563ms] GC(1188)   Pre Evacuate Collection Set: 0.0ms
[2023-12-20T08:29:19.118-0800][54309563ms] GC(1188)   Evacuate Collection Set: 26.7ms
[2023-12-20T08:29:19.118-0800][54309563ms] GC(1188)   Post Evacuate Collection Set: 2.4ms
[2023-12-20T08:29:19.118-0800][54309563ms] GC(1188)   Other: 0.4ms
[2023-12-20T08:29:19.118-0800][54309563ms] GC(1188) Eden regions: 753->0(753)
[2023-12-20T08:29:19.118-0800][54309563ms] GC(1188) Survivor regions: 30->30(98)
[2023-12-20T08:29:19.118-0800][54309563ms] GC(1188) Old regions: 165->165
[2023-12-20T08:29:19.118-0800][54309563ms] GC(1188) Humongous regions: 5->5
[2023-12-20T08:29:19.118-0800][54309563ms] GC(1188) Metaspace: 256382K->256382K(1294336K)
[2023-12-20T08:29:19.118-0800][54309563ms] GC(1188) Pause Young (Normal) (G1 Evacuation Pause) 1905M->398M(2612M) 29.652ms
[2023-12-20T08:29:19.118-0800][54309563ms] GC(1188) User=0.08s Sys=0.00s Real=0.03s
[2023-12-20T08:29:19.889-0800][54310334ms] GC(1189) Pause Young (Normal) (G1 Evacuation Pause)
[2023-12-20T08:29:19.889-0800][54310334ms] GC(1189) Using 10 workers of 10 for evacuation
[2023-12-20T08:29:19.918-0800][54310363ms] GC(1189)   Pre Evacuate Collection Set: 0.0ms
[2023-12-20T08:29:19.918-0800][54310363ms] GC(1189)   Evacuate Collection Set: 26.3ms
[2023-12-20T08:29:19.918-0800][54310363ms] GC(1189)   Post Evacuate Collection Set: 2.4ms
[2023-12-20T08:29:19.918-0800][54310363ms] GC(1189)   Other: 0.4ms
[2023-12-20T08:29:19.918-0800][54310363ms] GC(1189) Eden regions: 753->0(753)
[2023-12-20T08:29:19.918-0800][54310363ms] GC(1189) Survivor regions: 30->30(98)
[2023-12-20T08:29:19.918-0800][54310363ms] GC(1189) Old regions: 165->165
[2023-12-20T08:29:19.918-0800][54310363ms] GC(1189) Humongous regions: 5->5
[2023-12-20T08:29:19.918-0800][54310363ms] GC(1189) Metaspace: 256382K->256382K(1294336K)
[2023-12-20T08:29:19.918-0800][54310363ms] GC(1189) Pause Young (Normal) (G1 Evacuation Pause) 1904M->399M(2612M) 29.204ms
[2023-12-20T08:29:19.918-0800][54310363ms] GC(1189) User=0.06s Sys=0.00s Real=0.03s
[2023-12-20T08:29:20.664-0800][54311109ms] GC(1190) Pause Young (Normal) (G1 Evacuation Pause)
[2023-12-20T08:29:20.664-0800][54311109ms] GC(1190) Using 10 workers of 10 for evacuation
[2023-12-20T08:29:20.693-0800][54311138ms] GC(1190)   Pre Evacuate Collection Set: 0.0ms
[2023-12-20T08:29:20.694-0800][54311139ms] GC(1190)   Evacuate Collection Set: 27.3ms
[2023-12-20T08:29:20.694-0800][54311139ms] GC(1190)   Post Evacuate Collection Set: 2.4ms
[2023-12-20T08:29:20.694-0800][54311139ms] GC(1190)   Other: 0.3ms
[2023-12-20T08:29:20.694-0800][54311139ms] GC(1190) Eden regions: 753->0(752)
[2023-12-20T08:29:20.694-0800][54311139ms] GC(1190) Survivor regions: 30->31(98)
[2023-12-20T08:29:20.694-0800][54311139ms] GC(1190) Old regions: 165->165
[2023-12-20T08:29:20.694-0800][54311139ms] GC(1190) Humongous regions: 5->5
[2023-12-20T08:29:20.694-0800][54311139ms] GC(1190) Metaspace: 256382K->256382K(1294336K)
[2023-12-20T08:29:20.694-0800][54311139ms] GC(1190) Pause Young (Normal) (G1 Evacuation Pause) 1905M->400M(2612M) 30.264ms
[2023-12-20T08:29:20.694-0800][54311139ms] GC(1190) User=0.06s Sys=0.00s Real=0.03s
[2023-12-20T08:29:21.451-0800][54311896ms] GC(1191) Pause Young (Normal) (G1 Evacuation Pause)
[2023-12-20T08:29:21.451-0800][54311896ms] GC(1191) Using 10 workers of 10 for evacuation
[2023-12-20T08:29:21.481-0800][54311926ms] GC(1191)   Pre Evacuate Collection Set: 0.0ms
[2023-12-20T08:29:21.481-0800][54311926ms] GC(1191)   Evacuate Collection Set: 27.4ms
[2023-12-20T08:29:21.481-0800][54311926ms] GC(1191)   Post Evacuate Collection Set: 2.4ms
[2023-12-20T08:29:21.481-0800][54311926ms] GC(1191)   Other: 0.4ms
[2023-12-20T08:29:21.481-0800][54311926ms] GC(1191) Eden regions: 752->0(752)
[2023-12-20T08:29:21.481-0800][54311926ms] GC(1191) Survivor regions: 31->31(98)
[2023-12-20T08:29:21.481-0800][54311926ms] GC(1191) Old regions: 165->165
[2023-12-20T08:29:21.481-0800][54311926ms] GC(1191) Humongous regions: 5->5
[2023-12-20T08:29:21.481-0800][54311926ms] GC(1191) Metaspace: 256382K->256382K(1294336K)
[2023-12-20T08:29:21.481-0800][54311926ms] GC(1191) Pause Young (Normal) (G1 Evacuation Pause) 1904M->400M(2612M) 30.414ms
[2023-12-20T08:29:21.481-0800][54311926ms] GC(1191) User=0.08s Sys=0.00s Real=0.03s
[2023-12-20T08:29:22.224-0800][54312669ms] GC(1192) Pause Young (Normal) (G1 Evacuation Pause)
[2023-12-20T08:29:22.224-0800][54312669ms] GC(1192) Using 10 workers of 10 for evacuation
[2023-12-20T08:29:22.256-0800][54312701ms] GC(1192)   Pre Evacuate Collection Set: 0.0ms
[2023-12-20T08:29:22.256-0800][54312701ms] GC(1192)   Evacuate Collection Set: 29.1ms
[2023-12-20T08:29:22.256-0800][54312701ms] GC(1192)   Post Evacuate Collection Set: 2.5ms
[2023-12-20T08:29:22.256-0800][54312701ms] GC(1192)   Other: 0.4ms
[2023-12-20T08:29:22.256-0800][54312701ms] GC(1192) Eden regions: 752->0(752)
[2023-12-20T08:29:22.256-0800][54312701ms] GC(1192) Survivor regions: 31->31(98)
[2023-12-20T08:29:22.256-0800][54312701ms] GC(1192) Old regions: 165->165
[2023-12-20T08:29:22.256-0800][54312701ms] GC(1192) Humongous regions: 5->5
[2023-12-20T08:29:22.256-0800][54312701ms] GC(1192) Metaspace: 256382K->256382K(1294336K)
[2023-12-20T08:29:22.256-0800][54312701ms] GC(1192) Pause Young (Normal) (G1 Evacuation Pause) 1904M->400M(2612M) 32.158ms
[2023-12-20T08:29:22.256-0800][54312701ms] GC(1192) User=0.20s Sys=0.00s Real=0.03s
[2023-12-20T08:29:23.082-0800][54313527ms] GC(1193) Pause Young (Normal) (G1 Evacuation Pause)
[2023-12-20T08:29:23.082-0800][54313527ms] GC(1193) Using 10 workers of 10 for evacuation
[2023-12-20T08:29:23.111-0800][54313556ms] GC(1193)   Pre Evacuate Collection Set: 0.0ms
[2023-12-20T08:29:23.111-0800][54313556ms] GC(1193)   Evacuate Collection Set: 27.2ms
[2023-12-20T08:29:23.111-0800][54313556ms] GC(1193)   Post Evacuate Collection Set: 2.4ms
[2023-12-20T08:29:23.111-0800][54313556ms] GC(1193)   Other: 0.4ms
[2023-12-20T08:29:23.111-0800][54313556ms] GC(1193) Eden regions: 752->0(752)
[2023-12-20T08:29:23.111-0800][54313556ms] GC(1193) Survivor regions: 31->31(98)
[2023-12-20T08:29:23.111-0800][54313556ms] GC(1193) Old regions: 165->165
[2023-12-20T08:29:23.111-0800][54313556ms] GC(1193) Humongous regions: 5->5
[2023-12-20T08:29:23.111-0800][54313556ms] GC(1193) Metaspace: 256382K->256382K(1294336K)
[2023-12-20T08:29:23.111-0800][54313556ms] GC(1193) Pause Young (Normal) (G1 Evacuation Pause) 1904M->400M(2612M) 30.125ms
[2023-12-20T08:29:23.111-0800][54313556ms] GC(1193) User=0.08s Sys=0.00s Real=0.03s
[2023-12-20T08:29:23.808-0800][54314253ms] GC(1194) Pause Young (Normal) (G1 Evacuation Pause)
[2023-12-20T08:29:23.808-0800][54314253ms] GC(1194) Using 10 workers of 10 for evacuation
[2023-12-20T08:29:23.837-0800][54314282ms] GC(1194)   Pre Evacuate Collection Set: 0.0ms
[2023-12-20T08:29:23.837-0800][54314282ms] GC(1194)   Evacuate Collection Set: 26.3ms
[2023-12-20T08:29:23.837-0800][54314282ms] GC(1194)   Post Evacuate Collection Set: 2.5ms
[2023-12-20T08:29:23.837-0800][54314282ms] GC(1194)   Other: 0.4ms
[2023-12-20T08:29:23.837-0800][54314282ms] GC(1194) Eden regions: 752->0(753)
[2023-12-20T08:29:23.837-0800][54314282ms] GC(1194) Survivor regions: 31->30(98)
[2023-12-20T08:29:23.837-0800][54314282ms] GC(1194) Old regions: 165->165
[2023-12-20T08:29:23.837-0800][54314282ms] GC(1194) Humongous regions: 5->5
[2023-12-20T08:29:23.837-0800][54314282ms] GC(1194) Metaspace: 256382K->256382K(1294336K)
[2023-12-20T08:29:23.837-0800][54314282ms] GC(1194) Pause Young (Normal) (G1 Evacuation Pause) 1904M->399M(2612M) 29.407ms
[2023-12-20T08:29:23.837-0800][54314282ms] GC(1194) User=0.09s Sys=0.00s Real=0.03s
[2023-12-20T08:29:24.464-0800][54314909ms] GC(1195) Pause Young (Normal) (G1 Evacuation Pause)
[2023-12-20T08:29:24.464-0800][54314909ms] GC(1195) Using 10 workers of 10 for evacuation
[2023-12-20T08:29:24.492-0800][54314937ms] GC(1195)   Pre Evacuate Collection Set: 0.0ms
[2023-12-20T08:29:24.492-0800][54314937ms] GC(1195)   Evacuate Collection Set: 26.0ms
[2023-12-20T08:29:24.492-0800][54314937ms] GC(1195)   Post Evacuate Collection Set: 2.2ms
[2023-12-20T08:29:24.492-0800][54314937ms] GC(1195)   Other: 0.4ms
[2023-12-20T08:29:24.492-0800][54314937ms] GC(1195) Eden regions: 753->0(752)
[2023-12-20T08:29:24.492-0800][54314937ms] GC(1195) Survivor regions: 30->31(98)
[2023-12-20T08:29:24.492-0800][54314937ms] GC(1195) Old regions: 165->165
[2023-12-20T08:29:24.492-0800][54314937ms] GC(1195) Humongous regions: 5->5
[2023-12-20T08:29:24.492-0800][54314937ms] GC(1195) Metaspace: 256382K->256382K(1294336K)
[2023-12-20T08:29:24.492-0800][54314937ms] GC(1195) Pause Young (Normal) (G1 Evacuation Pause) 1905M->401M(2612M) 28.744ms
[2023-12-20T08:29:24.492-0800][54314937ms] GC(1195) User=0.13s Sys=0.00s Real=0.03s
[2023-12-20T08:29:25.033-0800][54315478ms] GC(1196) Pause Young (Normal) (G1 Evacuation Pause)
[2023-12-20T08:29:25.033-0800][54315478ms] GC(1196) Using 10 workers of 10 for evacuation
[2023-12-20T08:29:25.062-0800][54315507ms] GC(1196)   Pre Evacuate Collection Set: 0.0ms
[2023-12-20T08:29:25.062-0800][54315507ms] GC(1196)   Evacuate Collection Set: 26.2ms
[2023-12-20T08:29:25.062-0800][54315507ms] GC(1196)   Post Evacuate Collection Set: 2.3ms
[2023-12-20T08:29:25.062-0800][54315507ms] GC(1196)   Other: 0.4ms
[2023-12-20T08:29:25.062-0800][54315507ms] GC(1196) Eden regions: 752->0(752)
[2023-12-20T08:29:25.062-0800][54315507ms] GC(1196) Survivor regions: 31->31(98)
[2023-12-20T08:29:25.062-0800][54315507ms] GC(1196) Old regions: 165->165
[2023-12-20T08:29:25.062-0800][54315507ms] GC(1196) Humongous regions: 5->5
[2023-12-20T08:29:25.062-0800][54315507ms] GC(1196) Metaspace: 256382K->256382K(1294336K)
[2023-12-20T08:29:25.062-0800][54315507ms] GC(1196) Pause Young (Normal) (G1 Evacuation Pause) 1905M->400M(2612M) 28.969ms
[2023-12-20T08:29:25.063-0800][54315508ms] GC(1196) User=0.08s Sys=0.00s Real=0.03s
[2023-12-20T08:29:25.673-0800][54316118ms] GC(1197) Pause Young (Normal) (G1 Evacuation Pause)
[2023-12-20T08:29:25.673-0800][54316118ms] GC(1197) Using 10 workers of 10 for evacuation
[2023-12-20T08:29:25.701-0800][54316146ms] GC(1197)   Pre Evacuate Collection Set: 0.0ms
[2023-12-20T08:29:25.701-0800][54316146ms] GC(1197)   Evacuate Collection Set: 25.3ms
[2023-12-20T08:29:25.701-0800][54316146ms] GC(1197)   Post Evacuate Collection Set: 2.4ms
[2023-12-20T08:29:25.701-0800][54316146ms] GC(1197)   Other: 0.4ms
[2023-12-20T08:29:25.701-0800][54316146ms] GC(1197) Eden regions: 752->0(752)
[2023-12-20T08:29:25.701-0800][54316146ms] GC(1197) Survivor regions: 31->31(98)
[2023-12-20T08:29:25.701-0800][54316146ms] GC(1197) Old regions: 165->165
[2023-12-20T08:29:25.701-0800][54316146ms] GC(1197) Humongous regions: 5->5
[2023-12-20T08:29:25.701-0800][54316146ms] GC(1197) Metaspace: 256382K->256382K(1294336K)
[2023-12-20T08:29:25.701-0800][54316146ms] GC(1197) Pause Young (Normal) (G1 Evacuation Pause) 1904M->401M(2612M) 28.216ms
[2023-12-20T08:29:25.701-0800][54316146ms] GC(1197) User=0.11s Sys=0.00s Real=0.03s
[2023-12-20T08:29:26.342-0800][54316787ms] GC(1198) Pause Young (Normal) (G1 Evacuation Pause)
[2023-12-20T08:29:26.342-0800][54316787ms] GC(1198) Using 10 workers of 10 for evacuation
[2023-12-20T08:29:26.371-0800][54316816ms] GC(1198)   Pre Evacuate Collection Set: 0.0ms
[2023-12-20T08:29:26.371-0800][54316816ms] GC(1198)   Evacuate Collection Set: 26.0ms
[2023-12-20T08:29:26.371-0800][54316816ms] GC(1198)   Post Evacuate Collection Set: 2.4ms
[2023-12-20T08:29:26.371-0800][54316816ms] GC(1198)   Other: 0.4ms
[2023-12-20T08:29:26.371-0800][54316816ms] GC(1198) Eden regions: 752->0(752)
[2023-12-20T08:29:26.371-0800][54316816ms] GC(1198) Survivor regions: 31->31(98)
[2023-12-20T08:29:26.371-0800][54316816ms] GC(1198) Old regions: 165->165
[2023-12-20T08:29:26.371-0800][54316816ms] GC(1198) Humongous regions: 5->5
[2023-12-20T08:29:26.371-0800][54316816ms] GC(1198) Metaspace: 256382K->256382K(1294336K)
[2023-12-20T08:29:26.371-0800][54316816ms] GC(1198) Pause Young (Normal) (G1 Evacuation Pause) 1905M->400M(2612M) 28.910ms
[2023-12-20T08:29:26.371-0800][54316816ms] GC(1198) User=0.08s Sys=0.00s Real=0.03s
[2023-12-20T08:29:27.024-0800][54317469ms] GC(1199) Pause Young (Normal) (G1 Evacuation Pause)
[2023-12-20T08:29:27.024-0800][54317469ms] GC(1199) Using 10 workers of 10 for evacuation
[2023-12-20T08:29:27.052-0800][54317497ms] GC(1199)   Pre Evacuate Collection Set: 0.0ms
[2023-12-20T08:29:27.052-0800][54317497ms] GC(1199)   Evacuate Collection Set: 26.7ms
[2023-12-20T08:29:27.052-0800][54317497ms] GC(1199)   Post Evacuate Collection Set: 2.4ms
[2023-12-20T08:29:27.052-0800][54317497ms] GC(1199)   Other: 0.4ms
[2023-12-20T08:29:27.052-0800][54317497ms] GC(1199) Eden regions: 752->0(752)
[2023-12-20T08:29:27.052-0800][54317497ms] GC(1199) Survivor regions: 31->31(98)
[2023-12-20T08:29:27.052-0800][54317497ms] GC(1199) Old regions: 165->165
[2023-12-20T08:29:27.052-0800][54317497ms] GC(1199) Humongous regions: 5->5
[2023-12-20T08:29:27.052-0800][54317497ms] GC(1199) Metaspace: 256382K->256382K(1294336K)
[2023-12-20T08:29:27.052-0800][54317497ms] GC(1199) Pause Young (Normal) (G1 Evacuation Pause) 1904M->400M(2612M) 29.620ms
[2023-12-20T08:29:27.052-0800][54317497ms] GC(1199) User=0.05s Sys=0.00s Real=0.03s
[2023-12-20T08:29:27.682-0800][54318127ms] GC(1200) Pause Young (Normal) (G1 Evacuation Pause)
[2023-12-20T08:29:27.682-0800][54318127ms] GC(1200) Using 10 workers of 10 for evacuation
[2023-12-20T08:29:27.711-0800][54318156ms] GC(1200)   Pre Evacuate Collection Set: 0.0ms
[2023-12-20T08:29:27.711-0800][54318156ms] GC(1200)   Evacuate Collection Set: 26.7ms
[2023-12-20T08:29:27.711-0800][54318156ms] GC(1200)   Post Evacuate Collection Set: 2.4ms
[2023-12-20T08:29:27.711-0800][54318156ms] GC(1200)   Other: 0.4ms
[2023-12-20T08:29:27.711-0800][54318156ms] GC(1200) Eden regions: 752->0(752)
[2023-12-20T08:29:27.711-0800][54318156ms] GC(1200) Survivor regions: 31->31(98)
[2023-12-20T08:29:27.711-0800][54318156ms] GC(1200) Old regions: 165->165
[2023-12-20T08:29:27.711-0800][54318156ms] GC(1200) Humongous regions: 5->5
[2023-12-20T08:29:27.711-0800][54318156ms] GC(1200) Metaspace: 256382K->256382K(1294336K)
[2023-12-20T08:29:27.711-0800][54318156ms] GC(1200) Pause Young (Normal) (G1 Evacuation Pause) 1904M->400M(2612M) 29.669ms
[2023-12-20T08:29:27.711-0800][54318156ms] GC(1200) User=0.05s Sys=0.00s Real=0.03s
[2023-12-20T08:29:28.434-0800][54318879ms] GC(1201) Pause Young (Normal) (G1 Evacuation Pause)
[2023-12-20T08:29:28.434-0800][54318879ms] GC(1201) Using 10 workers of 10 for evacuation
[2023-12-20T08:29:28.463-0800][54318908ms] GC(1201)   Pre Evacuate Collection Set: 0.0ms
[2023-12-20T08:29:28.464-0800][54318909ms] GC(1201)   Evacuate Collection Set: 27.4ms
[2023-12-20T08:29:28.464-0800][54318909ms] GC(1201)   Post Evacuate Collection Set: 2.4ms
[2023-12-20T08:29:28.464-0800][54318909ms] GC(1201)   Other: 0.4ms
[2023-12-20T08:29:28.464-0800][54318909ms] GC(1201) Eden regions: 752->0(753)
[2023-12-20T08:29:28.464-0800][54318909ms] GC(1201) Survivor regions: 31->30(98)
[2023-12-20T08:29:28.464-0800][54318909ms] GC(1201) Old regions: 165->165
[2023-12-20T08:29:28.464-0800][54318909ms] GC(1201) Humongous regions: 5->5
[2023-12-20T08:29:28.464-0800][54318909ms] GC(1201) Metaspace: 256382K->256382K(1294336K)
[2023-12-20T08:29:28.464-0800][54318909ms] GC(1201) Pause Young (Normal) (G1 Evacuation Pause) 1904M->399M(2612M) 30.318ms
[2023-12-20T08:29:28.464-0800][54318909ms] GC(1201) User=0.13s Sys=0.00s Real=0.03s
[2023-12-20T08:29:29.138-0800][54319583ms] GC(1202) Pause Young (Normal) (G1 Evacuation Pause)
[2023-12-20T08:29:29.138-0800][54319583ms] GC(1202) Using 10 workers of 10 for evacuation
[2023-12-20T08:29:29.167-0800][54319612ms] GC(1202)   Pre Evacuate Collection Set: 0.0ms
[2023-12-20T08:29:29.167-0800][54319612ms] GC(1202)   Evacuate Collection Set: 26.7ms
[2023-12-20T08:29:29.167-0800][54319612ms] GC(1202)   Post Evacuate Collection Set: 2.4ms
[2023-12-20T08:29:29.167-0800][54319612ms] GC(1202)   Other: 0.4ms
[2023-12-20T08:29:29.167-0800][54319612ms] GC(1202) Eden regions: 753->0(752)
[2023-12-20T08:29:29.167-0800][54319612ms] GC(1202) Survivor regions: 30->31(98)
[2023-12-20T08:29:29.167-0800][54319612ms] GC(1202) Old regions: 165->165
[2023-12-20T08:29:29.167-0800][54319612ms] GC(1202) Humongous regions: 5->5
[2023-12-20T08:29:29.167-0800][54319612ms] GC(1202) Metaspace: 256382K->256382K(1294336K)
[2023-12-20T08:29:29.167-0800][54319612ms] GC(1202) Pause Young (Normal) (G1 Evacuation Pause) 1905M->401M(2612M) 29.638ms
[2023-12-20T08:29:29.167-0800][54319612ms] GC(1202) User=0.09s Sys=0.00s Real=0.03s
[2023-12-20T08:29:29.849-0800][54320294ms] GC(1203) Pause Young (Normal) (G1 Evacuation Pause)
[2023-12-20T08:29:29.849-0800][54320294ms] GC(1203) Using 10 workers of 10 for evacuation
[2023-12-20T08:29:29.879-0800][54320324ms] GC(1203)   Pre Evacuate Collection Set: 0.0ms
[2023-12-20T08:29:29.879-0800][54320324ms] GC(1203)   Evacuate Collection Set: 27.6ms
[2023-12-20T08:29:29.879-0800][54320324ms] GC(1203)   Post Evacuate Collection Set: 2.4ms
[2023-12-20T08:29:29.879-0800][54320324ms] GC(1203)   Other: 0.4ms
[2023-12-20T08:29:29.879-0800][54320324ms] GC(1203) Eden regions: 752->0(752)
[2023-12-20T08:29:29.879-0800][54320324ms] GC(1203) Survivor regions: 31->31(98)
[2023-12-20T08:29:29.879-0800][54320324ms] GC(1203) Old regions: 165->165
[2023-12-20T08:29:29.879-0800][54320324ms] GC(1203) Humongous regions: 5->5
[2023-12-20T08:29:29.879-0800][54320324ms] GC(1203) Metaspace: 256382K->256382K(1294336K)
[2023-12-20T08:29:29.879-0800][54320324ms] GC(1203) Pause Young (Normal) (G1 Evacuation Pause) 1905M->400M(2612M) 30.580ms
[2023-12-20T08:29:29.879-0800][54320324ms] GC(1203) User=0.22s Sys=0.00s Real=0.03s
[2023-12-20T08:29:30.597-0800][54321042ms] GC(1204) Pause Young (Normal) (G1 Evacuation Pause)
[2023-12-20T08:29:30.597-0800][54321042ms] GC(1204) Using 10 workers of 10 for evacuation
[2023-12-20T08:29:30.627-0800][54321072ms] GC(1204)   Pre Evacuate Collection Set: 0.0ms
[2023-12-20T08:29:30.627-0800][54321072ms] GC(1204)   Evacuate Collection Set: 26.3ms
[2023-12-20T08:29:30.627-0800][54321072ms] GC(1204)   Post Evacuate Collection Set: 2.5ms
[2023-12-20T08:29:30.627-0800][54321072ms] GC(1204)   Other: 0.4ms
[2023-12-20T08:29:30.627-0800][54321072ms] GC(1204) Eden regions: 752->0(753)
[2023-12-20T08:29:30.627-0800][54321072ms] GC(1204) Survivor regions: 31->30(98)
[2023-12-20T08:29:30.627-0800][54321072ms] GC(1204) Old regions: 165->166
[2023-12-20T08:29:30.627-0800][54321072ms] GC(1204) Humongous regions: 5->5
[2023-12-20T08:29:30.627-0800][54321072ms] GC(1204) Metaspace: 256382K->256382K(1294336K)
[2023-12-20T08:29:30.627-0800][54321072ms] GC(1204) Pause Young (Normal) (G1 Evacuation Pause) 1904M->400M(2612M) 29.370ms
[2023-12-20T08:29:30.627-0800][54321072ms] GC(1204) User=0.08s Sys=0.00s Real=0.03s
[2023-12-20T08:29:31.318-0800][54321763ms] GC(1205) Pause Young (Normal) (G1 Evacuation Pause)
[2023-12-20T08:29:31.318-0800][54321763ms] GC(1205) Using 10 workers of 10 for evacuation
[2023-12-20T08:29:31.349-0800][54321794ms] GC(1205)   Pre Evacuate Collection Set: 0.0ms
[2023-12-20T08:29:31.349-0800][54321794ms] GC(1205)   Evacuate Collection Set: 28.3ms
[2023-12-20T08:29:31.349-0800][54321794ms] GC(1205)   Post Evacuate Collection Set: 2.4ms
[2023-12-20T08:29:31.349-0800][54321794ms] GC(1205)   Other: 0.4ms
[2023-12-20T08:29:31.349-0800][54321794ms] GC(1205) Eden regions: 753->0(753)
[2023-12-20T08:29:31.349-0800][54321794ms] GC(1205) Survivor regions: 30->30(98)
[2023-12-20T08:29:31.349-0800][54321794ms] GC(1205) Old regions: 166->166
[2023-12-20T08:29:31.349-0800][54321794ms] GC(1205) Humongous regions: 5->5
[2023-12-20T08:29:31.349-0800][54321794ms] GC(1205) Metaspace: 256382K->256382K(1294336K)
[2023-12-20T08:29:31.349-0800][54321794ms] GC(1205) Pause Young (Normal) (G1 Evacuation Pause) 1906M->399M(2612M) 31.238ms
[2023-12-20T08:29:31.349-0800][54321794ms] GC(1205) User=0.17s Sys=0.00s Real=0.03s
[2023-12-20T08:29:32.032-0800][54322477ms] GC(1206) Pause Young (Normal) (G1 Evacuation Pause)
[2023-12-20T08:29:32.032-0800][54322477ms] GC(1206) Using 10 workers of 10 for evacuation
[2023-12-20T08:29:32.064-0800][54322509ms] GC(1206)   Pre Evacuate Collection Set: 0.0ms
[2023-12-20T08:29:32.064-0800][54322509ms] GC(1206)   Evacuate Collection Set: 29.0ms
[2023-12-20T08:29:32.064-0800][54322509ms] GC(1206)   Post Evacuate Collection Set: 2.7ms
[2023-12-20T08:29:32.064-0800][54322509ms] GC(1206)   Other: 0.4ms
[2023-12-20T08:29:32.064-0800][54322509ms] GC(1206) Eden regions: 753->0(753)
[2023-12-20T08:29:32.064-0800][54322509ms] GC(1206) Survivor regions: 30->30(98)
[2023-12-20T08:29:32.064-0800][54322509ms] GC(1206) Old regions: 166->166
[2023-12-20T08:29:32.064-0800][54322509ms] GC(1206) Humongous regions: 5->5
[2023-12-20T08:29:32.064-0800][54322509ms] GC(1206) Metaspace: 256382K->256382K(1294336K)
[2023-12-20T08:29:32.064-0800][54322509ms] GC(1206) Pause Young (Normal) (G1 Evacuation Pause) 1905M->400M(2612M) 32.287ms
[2023-12-20T08:29:32.064-0800][54322509ms] GC(1206) User=0.14s Sys=0.00s Real=0.03s
[2023-12-20T08:29:32.609-0800][54323054ms] GC(1207) Pause Young (Normal) (G1 Evacuation Pause)
[2023-12-20T08:29:32.609-0800][54323054ms] GC(1207) Using 10 workers of 10 for evacuation
[2023-12-20T08:29:32.637-0800][54323082ms] GC(1207)   Pre Evacuate Collection Set: 0.0ms
[2023-12-20T08:29:32.637-0800][54323082ms] GC(1207)   Evacuate Collection Set: 25.0ms
[2023-12-20T08:29:32.637-0800][54323082ms] GC(1207)   Post Evacuate Collection Set: 2.5ms
[2023-12-20T08:29:32.637-0800][54323082ms] GC(1207)   Other: 0.4ms
[2023-12-20T08:29:32.637-0800][54323082ms] GC(1207) Eden regions: 753->0(753)
[2023-12-20T08:29:32.637-0800][54323082ms] GC(1207) Survivor regions: 30->30(98)
[2023-12-20T08:29:32.637-0800][54323082ms] GC(1207) Old regions: 166->166
[2023-12-20T08:29:32.637-0800][54323082ms] GC(1207) Humongous regions: 5->5
[2023-12-20T08:29:32.637-0800][54323082ms] GC(1207) Metaspace: 256382K->256382K(1294336K)
[2023-12-20T08:29:32.637-0800][54323082ms] GC(1207) Pause Young (Normal) (G1 Evacuation Pause) 1906M->400M(2612M) 27.965ms
[2023-12-20T08:29:32.637-0800][54323082ms] GC(1207) User=0.14s Sys=0.00s Real=0.03s
[2023-12-20T08:29:33.226-0800][54323671ms] GC(1208) Pause Young (Normal) (G1 Evacuation Pause)
[2023-12-20T08:29:33.226-0800][54323671ms] GC(1208) Using 10 workers of 10 for evacuation
[2023-12-20T08:29:33.254-0800][54323699ms] GC(1208)   Pre Evacuate Collection Set: 0.0ms
[2023-12-20T08:29:33.254-0800][54323699ms] GC(1208)   Evacuate Collection Set: 26.4ms
[2023-12-20T08:29:33.254-0800][54323699ms] GC(1208)   Post Evacuate Collection Set: 2.3ms
[2023-12-20T08:29:33.254-0800][54323699ms] GC(1208)   Other: 0.4ms
[2023-12-20T08:29:33.254-0800][54323699ms] GC(1208) Eden regions: 753->0(753)
[2023-12-20T08:29:33.254-0800][54323699ms] GC(1208) Survivor regions: 30->30(98)
[2023-12-20T08:29:33.254-0800][54323699ms] GC(1208) Old regions: 166->166
[2023-12-20T08:29:33.254-0800][54323699ms] GC(1208) Humongous regions: 5->5
[2023-12-20T08:29:33.254-0800][54323699ms] GC(1208) Metaspace: 256382K->256382K(1294336K)
[2023-12-20T08:29:33.254-0800][54323699ms] GC(1208) Pause Young (Normal) (G1 Evacuation Pause) 1906M->400M(2612M) 29.161ms
[2023-12-20T08:29:33.254-0800][54323699ms] GC(1208) User=0.08s Sys=0.00s Real=0.03s
[2023-12-20T08:29:33.767-0800][54324212ms] GC(1209) Pause Young (Normal) (G1 Evacuation Pause)
[2023-12-20T08:29:33.767-0800][54324212ms] GC(1209) Using 10 workers of 10 for evacuation
[2023-12-20T08:29:33.796-0800][54324241ms] GC(1209)   Pre Evacuate Collection Set: 0.0ms
[2023-12-20T08:29:33.796-0800][54324241ms] GC(1209)   Evacuate Collection Set: 25.5ms
[2023-12-20T08:29:33.796-0800][54324241ms] GC(1209)   Post Evacuate Collection Set: 2.7ms
[2023-12-20T08:29:33.796-0800][54324241ms] GC(1209)   Other: 0.3ms
[2023-12-20T08:29:33.796-0800][54324241ms] GC(1209) Eden regions: 753->0(753)
[2023-12-20T08:29:33.796-0800][54324241ms] GC(1209) Survivor regions: 30->30(98)
[2023-12-20T08:29:33.796-0800][54324241ms] GC(1209) Old regions: 166->166
[2023-12-20T08:29:33.796-0800][54324241ms] GC(1209) Humongous regions: 5->5
[2023-12-20T08:29:33.796-0800][54324241ms] GC(1209) Metaspace: 256382K->256382K(1294336K)
[2023-12-20T08:29:33.796-0800][54324241ms] GC(1209) Pause Young (Normal) (G1 Evacuation Pause) 1906M->400M(2612M) 28.753ms
[2023-12-20T08:29:33.796-0800][54324241ms] GC(1209) User=0.08s Sys=0.00s Real=0.03s
[2023-12-20T08:29:34.395-0800][54324840ms] GC(1210) Pause Young (Normal) (G1 Evacuation Pause)
[2023-12-20T08:29:34.395-0800][54324840ms] GC(1210) Using 10 workers of 10 for evacuation
[2023-12-20T08:29:34.424-0800][54324869ms] GC(1210)   Pre Evacuate Collection Set: 0.0ms
[2023-12-20T08:29:34.424-0800][54324869ms] GC(1210)   Evacuate Collection Set: 26.5ms
[2023-12-20T08:29:34.424-0800][54324869ms] GC(1210)   Post Evacuate Collection Set: 2.4ms
[2023-12-20T08:29:34.424-0800][54324869ms] GC(1210)   Other: 0.4ms
[2023-12-20T08:29:34.424-0800][54324869ms] GC(1210) Eden regions: 753->0(752)
[2023-12-20T08:29:34.424-0800][54324869ms] GC(1210) Survivor regions: 30->31(98)
[2023-12-20T08:29:34.424-0800][54324869ms] GC(1210) Old regions: 166->166
[2023-12-20T08:29:34.424-0800][54324869ms] GC(1210) Humongous regions: 5->5
[2023-12-20T08:29:34.424-0800][54324869ms] GC(1210) Metaspace: 256382K->256382K(1294336K)
[2023-12-20T08:29:34.424-0800][54324869ms] GC(1210) Pause Young (Normal) (G1 Evacuation Pause) 1906M->401M(2612M) 29.477ms
[2023-12-20T08:29:34.424-0800][54324869ms] GC(1210) User=0.09s Sys=0.00s Real=0.03s
[2023-12-20T08:29:35.118-0800][54325563ms] GC(1211) Pause Young (Normal) (G1 Evacuation Pause)
[2023-12-20T08:29:35.118-0800][54325563ms] GC(1211) Using 10 workers of 10 for evacuation
[2023-12-20T08:29:35.149-0800][54325594ms] GC(1211)   Pre Evacuate Collection Set: 0.1ms
[2023-12-20T08:29:35.149-0800][54325594ms] GC(1211)   Evacuate Collection Set: 28.2ms
[2023-12-20T08:29:35.149-0800][54325594ms] GC(1211)   Post Evacuate Collection Set: 2.3ms
[2023-12-20T08:29:35.149-0800][54325594ms] GC(1211)   Other: 0.4ms
[2023-12-20T08:29:35.149-0800][54325594ms] GC(1211) Eden regions: 752->0(753)
[2023-12-20T08:29:35.149-0800][54325594ms] GC(1211) Survivor regions: 31->30(98)
[2023-12-20T08:29:35.149-0800][54325594ms] GC(1211) Old regions: 166->166
[2023-12-20T08:29:35.149-0800][54325594ms] GC(1211) Humongous regions: 5->5
[2023-12-20T08:29:35.149-0800][54325594ms] GC(1211) Metaspace: 256382K->256382K(1294336K)
[2023-12-20T08:29:35.149-0800][54325594ms] GC(1211) Pause Young (Normal) (G1 Evacuation Pause) 1905M->399M(2612M) 31.054ms
[2023-12-20T08:29:35.149-0800][54325594ms] GC(1211) User=0.16s Sys=0.00s Real=0.03s
[2023-12-20T08:29:35.669-0800][54326114ms] GC(1212) Pause Young (Normal) (G1 Evacuation Pause)
[2023-12-20T08:29:35.669-0800][54326114ms] GC(1212) Using 10 workers of 10 for evacuation
[2023-12-20T08:29:35.697-0800][54326142ms] GC(1212)   Pre Evacuate Collection Set: 0.0ms
[2023-12-20T08:29:35.697-0800][54326142ms] GC(1212)   Evacuate Collection Set: 25.6ms
[2023-12-20T08:29:35.697-0800][54326142ms] GC(1212)   Post Evacuate Collection Set: 2.3ms
[2023-12-20T08:29:35.697-0800][54326142ms] GC(1212)   Other: 0.4ms
[2023-12-20T08:29:35.697-0800][54326142ms] GC(1212) Eden regions: 753->0(753)
[2023-12-20T08:29:35.697-0800][54326142ms] GC(1212) Survivor regions: 30->30(98)
[2023-12-20T08:29:35.697-0800][54326142ms] GC(1212) Old regions: 166->166
[2023-12-20T08:29:35.697-0800][54326142ms] GC(1212) Humongous regions: 5->5
[2023-12-20T08:29:35.697-0800][54326142ms] GC(1212) Metaspace: 256382K->256382K(1294336K)
[2023-12-20T08:29:35.697-0800][54326142ms] GC(1212) Pause Young (Normal) (G1 Evacuation Pause) 1905M->400M(2612M) 28.416ms
[2023-12-20T08:29:35.697-0800][54326142ms] GC(1212) User=0.09s Sys=0.00s Real=0.03s
[2023-12-20T08:29:36.332-0800][54326777ms] GC(1213) Pause Young (Normal) (GCLocker Initiated GC)
[2023-12-20T08:29:36.332-0800][54326777ms] GC(1213) Using 10 workers of 10 for evacuation
[2023-12-20T08:29:36.361-0800][54326806ms] GC(1213)   Pre Evacuate Collection Set: 0.0ms
[2023-12-20T08:29:36.361-0800][54326806ms] GC(1213)   Evacuate Collection Set: 26.6ms
[2023-12-20T08:29:36.361-0800][54326806ms] GC(1213)   Post Evacuate Collection Set: 3.0ms
[2023-12-20T08:29:36.361-0800][54326806ms] GC(1213)   Other: 0.4ms
[2023-12-20T08:29:36.361-0800][54326806ms] GC(1213) Eden regions: 754->0(753)
[2023-12-20T08:29:36.361-0800][54326806ms] GC(1213) Survivor regions: 30->30(98)
[2023-12-20T08:29:36.361-0800][54326806ms] GC(1213) Old regions: 166->166
[2023-12-20T08:29:36.361-0800][54326806ms] GC(1213) Humongous regions: 5->5
[2023-12-20T08:29:36.361-0800][54326806ms] GC(1213) Metaspace: 256382K->256382K(1294336K)
[2023-12-20T08:29:36.361-0800][54326806ms] GC(1213) Pause Young (Normal) (GCLocker Initiated GC) 1907M->400M(2612M) 30.195ms
[2023-12-20T08:29:36.361-0800][54326806ms] GC(1213) User=0.11s Sys=0.00s Real=0.03s
[2023-12-20T08:29:37.255-0800][54327700ms] GC(1214) Pause Young (Normal) (G1 Evacuation Pause)
[2023-12-20T08:29:37.255-0800][54327700ms] GC(1214) Using 10 workers of 10 for evacuation
[2023-12-20T08:29:37.286-0800][54327731ms] GC(1214)   Pre Evacuate Collection Set: 0.0ms
[2023-12-20T08:29:37.286-0800][54327731ms] GC(1214)   Evacuate Collection Set: 27.1ms
[2023-12-20T08:29:37.286-0800][54327731ms] GC(1214)   Post Evacuate Collection Set: 2.4ms
[2023-12-20T08:29:37.286-0800][54327731ms] GC(1214)   Other: 0.4ms
[2023-12-20T08:29:37.286-0800][54327731ms] GC(1214) Eden regions: 753->0(753)
[2023-12-20T08:29:37.286-0800][54327731ms] GC(1214) Survivor regions: 30->30(98)
[2023-12-20T08:29:37.286-0800][54327731ms] GC(1214) Old regions: 166->166
[2023-12-20T08:29:37.286-0800][54327731ms] GC(1214) Humongous regions: 5->5
[2023-12-20T08:29:37.286-0800][54327731ms] GC(1214) Metaspace: 256382K->256382K(1294336K)
[2023-12-20T08:29:37.286-0800][54327731ms] GC(1214) Pause Young (Normal) (G1 Evacuation Pause) 1906M->400M(2612M) 30.097ms
[2023-12-20T08:29:37.286-0800][54327731ms] GC(1214) User=0.16s Sys=0.00s Real=0.03s
[2023-12-20T08:29:38.144-0800][54328589ms] GC(1215) Pause Young (Normal) (GCLocker Initiated GC)
[2023-12-20T08:29:38.144-0800][54328589ms] GC(1215) Using 10 workers of 10 for evacuation
[2023-12-20T08:29:38.173-0800][54328618ms] GC(1215)   Pre Evacuate Collection Set: 0.0ms
[2023-12-20T08:29:38.173-0800][54328618ms] GC(1215)   Evacuate Collection Set: 27.2ms
[2023-12-20T08:29:38.173-0800][54328618ms] GC(1215)   Post Evacuate Collection Set: 2.4ms
[2023-12-20T08:29:38.173-0800][54328618ms] GC(1215)   Other: 0.4ms
[2023-12-20T08:29:38.173-0800][54328618ms] GC(1215) Eden regions: 753->0(753)
[2023-12-20T08:29:38.173-0800][54328618ms] GC(1215) Survivor regions: 30->30(98)
[2023-12-20T08:29:38.173-0800][54328618ms] GC(1215) Old regions: 166->166
[2023-12-20T08:29:38.173-0800][54328618ms] GC(1215) Humongous regions: 5->5
[2023-12-20T08:29:38.173-0800][54328618ms] GC(1215) Metaspace: 256382K->256382K(1294336K)
[2023-12-20T08:29:38.173-0800][54328618ms] GC(1215) Pause Young (Normal) (GCLocker Initiated GC) 1906M->400M(2612M) 30.100ms
[2023-12-20T08:29:38.173-0800][54328618ms] GC(1215) User=0.08s Sys=0.00s Real=0.03s
[2023-12-20T08:29:38.879-0800][54329324ms] GC(1216) Pause Young (Normal) (G1 Evacuation Pause)
[2023-12-20T08:29:38.879-0800][54329324ms] GC(1216) Using 10 workers of 10 for evacuation
[2023-12-20T08:29:38.907-0800][54329352ms] GC(1216)   Pre Evacuate Collection Set: 0.0ms
[2023-12-20T08:29:38.907-0800][54329352ms] GC(1216)   Evacuate Collection Set: 25.9ms
[2023-12-20T08:29:38.907-0800][54329352ms] GC(1216)   Post Evacuate Collection Set: 2.9ms
[2023-12-20T08:29:38.907-0800][54329352ms] GC(1216)   Other: 0.4ms
[2023-12-20T08:29:38.907-0800][54329352ms] GC(1216) Eden regions: 753->0(753)
[2023-12-20T08:29:38.907-0800][54329352ms] GC(1216) Survivor regions: 30->30(98)
[2023-12-20T08:29:38.907-0800][54329352ms] GC(1216) Old regions: 166->166
[2023-12-20T08:29:38.907-0800][54329352ms] GC(1216) Humongous regions: 5->5
[2023-12-20T08:29:38.907-0800][54329352ms] GC(1216) Metaspace: 256382K->256382K(1294336K)
[2023-12-20T08:29:38.909-0800][54329354ms] GC(1216) Pause Young (Normal) (G1 Evacuation Pause) 1906M->400M(2612M) 29.301ms
[2023-12-20T08:29:38.909-0800][54329354ms] GC(1216) User=0.08s Sys=0.00s Real=0.03s
[2023-12-20T08:29:39.670-0800][54330115ms] GC(1217) Pause Young (Normal) (G1 Evacuation Pause)
[2023-12-20T08:29:39.670-0800][54330115ms] GC(1217) Using 10 workers of 10 for evacuation
[2023-12-20T08:29:39.700-0800][54330145ms] GC(1217)   Pre Evacuate Collection Set: 0.0ms
[2023-12-20T08:29:39.700-0800][54330145ms] GC(1217)   Evacuate Collection Set: 28.0ms
[2023-12-20T08:29:39.700-0800][54330145ms] GC(1217)   Post Evacuate Collection Set: 2.4ms
[2023-12-20T08:29:39.700-0800][54330145ms] GC(1217)   Other: 0.3ms
[2023-12-20T08:29:39.700-0800][54330145ms] GC(1217) Eden regions: 753->0(753)
[2023-12-20T08:29:39.700-0800][54330145ms] GC(1217) Survivor regions: 30->30(98)
[2023-12-20T08:29:39.700-0800][54330145ms] GC(1217) Old regions: 166->166
[2023-12-20T08:29:39.700-0800][54330145ms] GC(1217) Humongous regions: 5->5
[2023-12-20T08:29:39.700-0800][54330145ms] GC(1217) Metaspace: 256382K->256382K(1294336K)
[2023-12-20T08:29:39.700-0800][54330145ms] GC(1217) Pause Young (Normal) (G1 Evacuation Pause) 1906M->400M(2612M) 30.939ms
[2023-12-20T08:29:39.700-0800][54330145ms] GC(1217) User=0.13s Sys=0.00s Real=0.03s
[2023-12-20T08:29:40.492-0800][54330937ms] GC(1218) Pause Young (Normal) (G1 Evacuation Pause)
[2023-12-20T08:29:40.492-0800][54330937ms] GC(1218) Using 10 workers of 10 for evacuation
[2023-12-20T08:29:40.522-0800][54330967ms] GC(1218)   Pre Evacuate Collection Set: 0.0ms
[2023-12-20T08:29:40.522-0800][54330967ms] GC(1218)   Evacuate Collection Set: 27.0ms
[2023-12-20T08:29:40.522-0800][54330967ms] GC(1218)   Post Evacuate Collection Set: 2.2ms
[2023-12-20T08:29:40.522-0800][54330967ms] GC(1218)   Other: 0.3ms
[2023-12-20T08:29:40.522-0800][54330967ms] GC(1218) Eden regions: 753->0(753)
[2023-12-20T08:29:40.522-0800][54330967ms] GC(1218) Survivor regions: 30->30(98)
[2023-12-20T08:29:40.522-0800][54330967ms] GC(1218) Old regions: 166->166
[2023-12-20T08:29:40.522-0800][54330967ms] GC(1218) Humongous regions: 5->5
[2023-12-20T08:29:40.522-0800][54330967ms] GC(1218) Metaspace: 256382K->256382K(1294336K)
[2023-12-20T08:29:40.522-0800][54330967ms] GC(1218) Pause Young (Normal) (G1 Evacuation Pause) 1906M->400M(2612M) 29.737ms
[2023-12-20T08:29:40.522-0800][54330967ms] GC(1218) User=0.06s Sys=0.00s Real=0.03s
[2023-12-20T08:29:41.306-0800][54331751ms] GC(1219) Pause Young (Normal) (G1 Evacuation Pause)
[2023-12-20T08:29:41.306-0800][54331751ms] GC(1219) Using 10 workers of 10 for evacuation
[2023-12-20T08:29:41.336-0800][54331781ms] GC(1219)   Pre Evacuate Collection Set: 0.0ms
[2023-12-20T08:29:41.338-0800][54331783ms] GC(1219)   Evacuate Collection Set: 28.5ms
[2023-12-20T08:29:41.338-0800][54331783ms] GC(1219)   Post Evacuate Collection Set: 2.4ms
[2023-12-20T08:29:41.338-0800][54331783ms] GC(1219)   Other: 0.4ms
[2023-12-20T08:29:41.338-0800][54331783ms] GC(1219) Eden regions: 753->0(753)
[2023-12-20T08:29:41.338-0800][54331783ms] GC(1219) Survivor regions: 30->30(98)
[2023-12-20T08:29:41.338-0800][54331783ms] GC(1219) Old regions: 166->166
[2023-12-20T08:29:41.338-0800][54331783ms] GC(1219) Humongous regions: 5->5
[2023-12-20T08:29:41.338-0800][54331783ms] GC(1219) Metaspace: 256382K->256382K(1294336K)
[2023-12-20T08:29:41.338-0800][54331783ms] GC(1219) Pause Young (Normal) (G1 Evacuation Pause) 1906M->400M(2612M) 31.444ms
[2023-12-20T08:29:41.338-0800][54331783ms] GC(1219) User=0.09s Sys=0.00s Real=0.03s
[2023-12-20T08:29:42.183-0800][54332628ms] GC(1220) Pause Young (Normal) (G1 Evacuation Pause)
[2023-12-20T08:29:42.183-0800][54332628ms] GC(1220) Using 10 workers of 10 for evacuation
[2023-12-20T08:29:42.212-0800][54332657ms] GC(1220)   Pre Evacuate Collection Set: 0.0ms
[2023-12-20T08:29:42.212-0800][54332657ms] GC(1220)   Evacuate Collection Set: 26.9ms
[2023-12-20T08:29:42.212-0800][54332657ms] GC(1220)   Post Evacuate Collection Set: 2.4ms
[2023-12-20T08:29:42.212-0800][54332657ms] GC(1220)   Other: 0.4ms
[2023-12-20T08:29:42.212-0800][54332657ms] GC(1220) Eden regions: 753->0(753)
[2023-12-20T08:29:42.212-0800][54332657ms] GC(1220) Survivor regions: 30->30(98)
[2023-12-20T08:29:42.212-0800][54332657ms] GC(1220) Old regions: 166->166
[2023-12-20T08:29:42.212-0800][54332657ms] GC(1220) Humongous regions: 5->5
[2023-12-20T08:29:42.212-0800][54332657ms] GC(1220) Metaspace: 256382K->256382K(1294336K)
[2023-12-20T08:29:42.212-0800][54332657ms] GC(1220) Pause Young (Normal) (G1 Evacuation Pause) 1906M->400M(2612M) 29.864ms
[2023-12-20T08:29:42.212-0800][54332657ms] GC(1220) User=0.08s Sys=0.00s Real=0.03s
[2023-12-20T08:29:42.850-0800][54333295ms] GC(1221) Pause Young (Normal) (G1 Evacuation Pause)
[2023-12-20T08:29:42.850-0800][54333295ms] GC(1221) Using 10 workers of 10 for evacuation
[2023-12-20T08:29:42.878-0800][54333323ms] GC(1221)   Pre Evacuate Collection Set: 0.0ms
[2023-12-20T08:29:42.878-0800][54333323ms] GC(1221)   Evacuate Collection Set: 26.0ms
[2023-12-20T08:29:42.878-0800][54333323ms] GC(1221)   Post Evacuate Collection Set: 2.4ms
[2023-12-20T08:29:42.878-0800][54333323ms] GC(1221)   Other: 0.4ms
[2023-12-20T08:29:42.878-0800][54333323ms] GC(1221) Eden regions: 753->0(753)
[2023-12-20T08:29:42.878-0800][54333323ms] GC(1221) Survivor regions: 30->30(98)
[2023-12-20T08:29:42.878-0800][54333323ms] GC(1221) Old regions: 166->166
[2023-12-20T08:29:42.878-0800][54333323ms] GC(1221) Humongous regions: 5->5
[2023-12-20T08:29:42.878-0800][54333323ms] GC(1221) Metaspace: 256382K->256382K(1294336K)
[2023-12-20T08:29:42.878-0800][54333323ms] GC(1221) Pause Young (Normal) (G1 Evacuation Pause) 1906M->399M(2612M) 28.954ms
[2023-12-20T08:29:42.878-0800][54333323ms] GC(1221) User=0.16s Sys=0.00s Real=0.03s
[2023-12-20T08:29:43.589-0800][54334034ms] GC(1222) Pause Young (Normal) (G1 Evacuation Pause)
[2023-12-20T08:29:43.589-0800][54334034ms] GC(1222) Using 10 workers of 10 for evacuation
[2023-12-20T08:29:43.617-0800][54334062ms] GC(1222)   Pre Evacuate Collection Set: 0.0ms
[2023-12-20T08:29:43.617-0800][54334062ms] GC(1222)   Evacuate Collection Set: 26.1ms
[2023-12-20T08:29:43.617-0800][54334062ms] GC(1222)   Post Evacuate Collection Set: 2.4ms
[2023-12-20T08:29:43.617-0800][54334062ms] GC(1222)   Other: 0.3ms
[2023-12-20T08:29:43.617-0800][54334062ms] GC(1222) Eden regions: 753->0(753)
[2023-12-20T08:29:43.617-0800][54334062ms] GC(1222) Survivor regions: 30->30(98)
[2023-12-20T08:29:43.617-0800][54334062ms] GC(1222) Old regions: 166->166
[2023-12-20T08:29:43.617-0800][54334062ms] GC(1222) Humongous regions: 5->5
[2023-12-20T08:29:43.617-0800][54334062ms] GC(1222) Metaspace: 256382K->256382K(1294336K)
[2023-12-20T08:29:43.617-0800][54334062ms] GC(1222) Pause Young (Normal) (G1 Evacuation Pause) 1905M->400M(2612M) 29.062ms
[2023-12-20T08:29:43.617-0800][54334062ms] GC(1222) User=0.08s Sys=0.00s Real=0.03s
[2023-12-20T08:29:44.281-0800][54334726ms] GC(1223) Pause Young (Normal) (G1 Evacuation Pause)
[2023-12-20T08:29:44.281-0800][54334726ms] GC(1223) Using 10 workers of 10 for evacuation
[2023-12-20T08:29:44.310-0800][54334755ms] GC(1223)   Pre Evacuate Collection Set: 0.0ms
[2023-12-20T08:29:44.310-0800][54334755ms] GC(1223)   Evacuate Collection Set: 26.7ms
[2023-12-20T08:29:44.310-0800][54334755ms] GC(1223)   Post Evacuate Collection Set: 2.3ms
[2023-12-20T08:29:44.310-0800][54334755ms] GC(1223)   Other: 0.4ms
[2023-12-20T08:29:44.310-0800][54334755ms] GC(1223) Eden regions: 753->0(753)
[2023-12-20T08:29:44.310-0800][54334755ms] GC(1223) Survivor regions: 30->30(98)
[2023-12-20T08:29:44.310-0800][54334755ms] GC(1223) Old regions: 166->166
[2023-12-20T08:29:44.310-0800][54334755ms] GC(1223) Humongous regions: 5->5
[2023-12-20T08:29:44.310-0800][54334755ms] GC(1223) Metaspace: 256382K->256382K(1294336K)
[2023-12-20T08:29:44.310-0800][54334755ms] GC(1223) Pause Young (Normal) (G1 Evacuation Pause) 1906M->400M(2612M) 29.576ms
[2023-12-20T08:29:44.310-0800][54334755ms] GC(1223) User=0.05s Sys=0.00s Real=0.03s
[2023-12-20T08:29:45.073-0800][54335518ms] GC(1224) Pause Young (Normal) (G1 Evacuation Pause)
[2023-12-20T08:29:45.073-0800][54335518ms] GC(1224) Using 10 workers of 10 for evacuation
[2023-12-20T08:29:45.103-0800][54335548ms] GC(1224)   Pre Evacuate Collection Set: 0.0ms
[2023-12-20T08:29:45.103-0800][54335548ms] GC(1224)   Evacuate Collection Set: 27.9ms
[2023-12-20T08:29:45.103-0800][54335548ms] GC(1224)   Post Evacuate Collection Set: 2.7ms
[2023-12-20T08:29:45.103-0800][54335548ms] GC(1224)   Other: 0.3ms
[2023-12-20T08:29:45.103-0800][54335548ms] GC(1224) Eden regions: 753->0(753)
[2023-12-20T08:29:45.103-0800][54335548ms] GC(1224) Survivor regions: 30->30(98)
[2023-12-20T08:29:45.103-0800][54335548ms] GC(1224) Old regions: 166->166
[2023-12-20T08:29:45.103-0800][54335548ms] GC(1224) Humongous regions: 5->5
[2023-12-20T08:29:45.103-0800][54335548ms] GC(1224) Metaspace: 256383K->256383K(1294336K)
[2023-12-20T08:29:45.103-0800][54335548ms] GC(1224) Pause Young (Normal) (G1 Evacuation Pause) 1906M->400M(2612M) 31.051ms
[2023-12-20T08:29:45.103-0800][54335548ms] GC(1224) User=0.06s Sys=0.00s Real=0.03s
[2023-12-20T08:29:45.903-0800][54336348ms] GC(1225) Pause Young (Normal) (G1 Evacuation Pause)
[2023-12-20T08:29:45.903-0800][54336348ms] GC(1225) Using 10 workers of 10 for evacuation
[2023-12-20T08:29:45.934-0800][54336379ms] GC(1225)   Pre Evacuate Collection Set: 0.0ms
[2023-12-20T08:29:45.934-0800][54336379ms] GC(1225)   Evacuate Collection Set: 27.4ms
[2023-12-20T08:29:45.934-0800][54336379ms] GC(1225)   Post Evacuate Collection Set: 2.7ms
[2023-12-20T08:29:45.934-0800][54336379ms] GC(1225)   Other: 0.4ms
[2023-12-20T08:29:45.934-0800][54336379ms] GC(1225) Eden regions: 753->0(753)
[2023-12-20T08:29:45.934-0800][54336379ms] GC(1225) Survivor regions: 30->30(98)
[2023-12-20T08:29:45.934-0800][54336379ms] GC(1225) Old regions: 166->166
[2023-12-20T08:29:45.934-0800][54336379ms] GC(1225) Humongous regions: 5->5
[2023-12-20T08:29:45.934-0800][54336379ms] GC(1225) Metaspace: 256383K->256383K(1294336K)
[2023-12-20T08:29:45.934-0800][54336379ms] GC(1225) Pause Young (Normal) (G1 Evacuation Pause) 1906M->400M(2612M) 30.642ms
[2023-12-20T08:29:45.934-0800][54336379ms] GC(1225) User=0.09s Sys=0.00s Real=0.03s
[2023-12-20T08:29:46.888-0800][54337333ms] GC(1226) Pause Young (Normal) (G1 Evacuation Pause)
[2023-12-20T08:29:46.888-0800][54337333ms] GC(1226) Using 10 workers of 10 for evacuation
[2023-12-20T08:29:46.920-0800][54337365ms] GC(1226)   Pre Evacuate Collection Set: 0.0ms
[2023-12-20T08:29:46.920-0800][54337365ms] GC(1226)   Evacuate Collection Set: 28.9ms
[2023-12-20T08:29:46.920-0800][54337365ms] GC(1226)   Post Evacuate Collection Set: 2.3ms
[2023-12-20T08:29:46.920-0800][54337365ms] GC(1226)   Other: 0.3ms
[2023-12-20T08:29:46.920-0800][54337365ms] GC(1226) Eden regions: 753->0(753)
[2023-12-20T08:29:46.920-0800][54337365ms] GC(1226) Survivor regions: 30->30(98)
[2023-12-20T08:29:46.920-0800][54337365ms] GC(1226) Old regions: 166->166
[2023-12-20T08:29:46.920-0800][54337365ms] GC(1226) Humongous regions: 5->5
[2023-12-20T08:29:46.920-0800][54337365ms] GC(1226) Metaspace: 256383K->256383K(1294336K)
[2023-12-20T08:29:46.920-0800][54337365ms] GC(1226) Pause Young (Normal) (G1 Evacuation Pause) 1906M->399M(2612M) 31.694ms
[2023-12-20T08:29:46.920-0800][54337365ms] GC(1226) User=0.19s Sys=0.00s Real=0.03s
[2023-12-20T08:29:47.725-0800][54338170ms] GC(1227) Pause Young (Normal) (G1 Evacuation Pause)
[2023-12-20T08:29:47.725-0800][54338170ms] GC(1227) Using 10 workers of 10 for evacuation
[2023-12-20T08:29:47.757-0800][54338202ms] GC(1227)   Pre Evacuate Collection Set: 0.1ms
[2023-12-20T08:29:47.757-0800][54338202ms] GC(1227)   Evacuate Collection Set: 28.3ms
[2023-12-20T08:29:47.757-0800][54338202ms] GC(1227)   Post Evacuate Collection Set: 2.4ms
[2023-12-20T08:29:47.757-0800][54338202ms] GC(1227)   Other: 0.4ms
[2023-12-20T08:29:47.757-0800][54338202ms] GC(1227) Eden regions: 753->0(753)
[2023-12-20T08:29:47.757-0800][54338202ms] GC(1227) Survivor regions: 30->30(98)
[2023-12-20T08:29:47.757-0800][54338202ms] GC(1227) Old regions: 166->166
[2023-12-20T08:29:47.757-0800][54338202ms] GC(1227) Humongous regions: 5->5
[2023-12-20T08:29:47.757-0800][54338202ms] GC(1227) Metaspace: 256383K->256383K(1294336K)
[2023-12-20T08:29:47.757-0800][54338202ms] GC(1227) Pause Young (Normal) (G1 Evacuation Pause) 1905M->399M(2612M) 31.218ms
[2023-12-20T08:29:47.757-0800][54338202ms] GC(1227) User=0.13s Sys=0.00s Real=0.03s
[2023-12-20T08:29:48.529-0800][54338974ms] GC(1228) Pause Young (Normal) (G1 Evacuation Pause)
[2023-12-20T08:29:48.529-0800][54338974ms] GC(1228) Using 10 workers of 10 for evacuation
[2023-12-20T08:29:48.559-0800][54339004ms] GC(1228)   Pre Evacuate Collection Set: 0.0ms
[2023-12-20T08:29:48.559-0800][54339004ms] GC(1228)   Evacuate Collection Set: 27.0ms
[2023-12-20T08:29:48.559-0800][54339004ms] GC(1228)   Post Evacuate Collection Set: 2.3ms
[2023-12-20T08:29:48.559-0800][54339004ms] GC(1228)   Other: 0.3ms
[2023-12-20T08:29:48.559-0800][54339004ms] GC(1228) Eden regions: 753->0(753)
[2023-12-20T08:29:48.559-0800][54339004ms] GC(1228) Survivor regions: 30->30(98)
[2023-12-20T08:29:48.559-0800][54339004ms] GC(1228) Old regions: 166->166
[2023-12-20T08:29:48.559-0800][54339004ms] GC(1228) Humongous regions: 5->5
[2023-12-20T08:29:48.559-0800][54339004ms] GC(1228) Metaspace: 256383K->256383K(1294336K)
[2023-12-20T08:29:48.559-0800][54339004ms] GC(1228) Pause Young (Normal) (G1 Evacuation Pause) 1905M->400M(2612M) 29.887ms
[2023-12-20T08:29:48.559-0800][54339004ms] GC(1228) User=0.14s Sys=0.00s Real=0.03s
[2023-12-20T08:29:49.396-0800][54339841ms] GC(1229) Pause Young (Normal) (G1 Evacuation Pause)
[2023-12-20T08:29:49.396-0800][54339841ms] GC(1229) Using 10 workers of 10 for evacuation
[2023-12-20T08:29:49.429-0800][54339874ms] GC(1229)   Pre Evacuate Collection Set: 0.0ms
[2023-12-20T08:29:49.429-0800][54339874ms] GC(1229)   Evacuate Collection Set: 29.7ms
[2023-12-20T08:29:49.429-0800][54339874ms] GC(1229)   Post Evacuate Collection Set: 3.3ms
[2023-12-20T08:29:49.429-0800][54339874ms] GC(1229)   Other: 0.4ms
[2023-12-20T08:29:49.429-0800][54339874ms] GC(1229) Eden regions: 753->0(754)
[2023-12-20T08:29:49.429-0800][54339874ms] GC(1229) Survivor regions: 30->29(98)
[2023-12-20T08:29:49.429-0800][54339874ms] GC(1229) Old regions: 166->166
[2023-12-20T08:29:49.429-0800][54339874ms] GC(1229) Humongous regions: 5->5
[2023-12-20T08:29:49.429-0800][54339874ms] GC(1229) Metaspace: 256383K->256383K(1294336K)
[2023-12-20T08:29:49.429-0800][54339874ms] GC(1229) Pause Young (Normal) (G1 Evacuation Pause) 1906M->398M(2612M) 33.516ms
[2023-12-20T08:29:49.429-0800][54339874ms] GC(1229) User=0.23s Sys=0.00s Real=0.03s
[2023-12-20T08:29:50.229-0800][54340674ms] GC(1230) Pause Young (Normal) (G1 Evacuation Pause)
[2023-12-20T08:29:50.229-0800][54340674ms] GC(1230) Using 10 workers of 10 for evacuation
[2023-12-20T08:29:50.260-0800][54340705ms] GC(1230)   Pre Evacuate Collection Set: 0.1ms
[2023-12-20T08:29:50.260-0800][54340705ms] GC(1230)   Evacuate Collection Set: 28.1ms
[2023-12-20T08:29:50.260-0800][54340705ms] GC(1230)   Post Evacuate Collection Set: 2.4ms
[2023-12-20T08:29:50.260-0800][54340705ms] GC(1230)   Other: 0.4ms
[2023-12-20T08:29:50.260-0800][54340705ms] GC(1230) Eden regions: 754->0(753)
[2023-12-20T08:29:50.260-0800][54340705ms] GC(1230) Survivor regions: 29->30(98)
[2023-12-20T08:29:50.260-0800][54340705ms] GC(1230) Old regions: 166->166
[2023-12-20T08:29:50.260-0800][54340705ms] GC(1230) Humongous regions: 5->5
[2023-12-20T08:29:50.260-0800][54340705ms] GC(1230) Metaspace: 256383K->256383K(1294336K)
[2023-12-20T08:29:50.260-0800][54340705ms] GC(1230) Pause Young (Normal) (G1 Evacuation Pause) 1906M->399M(2612M) 31.069ms
[2023-12-20T08:29:50.260-0800][54340705ms] GC(1230) User=0.13s Sys=0.00s Real=0.03s
[2023-12-20T08:29:50.988-0800][54341433ms] GC(1231) Pause Young (Normal) (G1 Evacuation Pause)
[2023-12-20T08:29:50.988-0800][54341433ms] GC(1231) Using 10 workers of 10 for evacuation
[2023-12-20T08:29:51.017-0800][54341462ms] GC(1231)   Pre Evacuate Collection Set: 0.0ms
[2023-12-20T08:29:51.017-0800][54341462ms] GC(1231)   Evacuate Collection Set: 26.7ms
[2023-12-20T08:29:51.017-0800][54341462ms] GC(1231)   Post Evacuate Collection Set: 2.5ms
[2023-12-20T08:29:51.017-0800][54341462ms] GC(1231)   Other: 0.5ms
[2023-12-20T08:29:51.017-0800][54341462ms] GC(1231) Eden regions: 753->0(753)
[2023-12-20T08:29:51.017-0800][54341462ms] GC(1231) Survivor regions: 30->30(98)
[2023-12-20T08:29:51.017-0800][54341462ms] GC(1231) Old regions: 166->166
[2023-12-20T08:29:51.017-0800][54341462ms] GC(1231) Humongous regions: 5->5
[2023-12-20T08:29:51.017-0800][54341462ms] GC(1231) Metaspace: 256383K->256383K(1294336K)
[2023-12-20T08:29:51.017-0800][54341462ms] GC(1231) Pause Young (Normal) (G1 Evacuation Pause) 1905M->399M(2612M) 29.811ms
[2023-12-20T08:29:51.017-0800][54341462ms] GC(1231) User=0.13s Sys=0.00s Real=0.03s
[2023-12-20T08:29:51.756-0800][54342201ms] GC(1232) Pause Young (Normal) (G1 Evacuation Pause)
[2023-12-20T08:29:51.756-0800][54342201ms] GC(1232) Using 10 workers of 10 for evacuation
[2023-12-20T08:29:51.788-0800][54342233ms] GC(1232)   Pre Evacuate Collection Set: 0.0ms
[2023-12-20T08:29:51.788-0800][54342233ms] GC(1232)   Evacuate Collection Set: 28.2ms
[2023-12-20T08:29:51.788-0800][54342233ms] GC(1232)   Post Evacuate Collection Set: 2.9ms
[2023-12-20T08:29:51.788-0800][54342233ms] GC(1232)   Other: 0.3ms
[2023-12-20T08:29:51.788-0800][54342233ms] GC(1232) Eden regions: 753->0(753)
[2023-12-20T08:29:51.788-0800][54342233ms] GC(1232) Survivor regions: 30->30(98)
[2023-12-20T08:29:51.788-0800][54342233ms] GC(1232) Old regions: 166->166
[2023-12-20T08:29:51.788-0800][54342233ms] GC(1232) Humongous regions: 5->5
[2023-12-20T08:29:51.788-0800][54342233ms] GC(1232) Metaspace: 256383K->256383K(1294336K)
[2023-12-20T08:29:51.788-0800][54342233ms] GC(1232) Pause Young (Normal) (G1 Evacuation Pause) 1905M->399M(2612M) 31.549ms
[2023-12-20T08:29:51.788-0800][54342233ms] GC(1232) User=0.22s Sys=0.00s Real=0.03s
[2023-12-20T08:29:52.550-0800][54342995ms] GC(1233) Pause Young (Normal) (G1 Evacuation Pause)
[2023-12-20T08:29:52.550-0800][54342995ms] GC(1233) Using 10 workers of 10 for evacuation
[2023-12-20T08:29:52.583-0800][54343028ms] GC(1233)   Pre Evacuate Collection Set: 0.0ms
[2023-12-20T08:29:52.583-0800][54343028ms] GC(1233)   Evacuate Collection Set: 29.5ms
[2023-12-20T08:29:52.583-0800][54343028ms] GC(1233)   Post Evacuate Collection Set: 2.9ms
[2023-12-20T08:29:52.583-0800][54343028ms] GC(1233)   Other: 0.4ms
[2023-12-20T08:29:52.583-0800][54343028ms] GC(1233) Eden regions: 753->0(753)
[2023-12-20T08:29:52.583-0800][54343028ms] GC(1233) Survivor regions: 30->30(98)
[2023-12-20T08:29:52.583-0800][54343028ms] GC(1233) Old regions: 166->166
[2023-12-20T08:29:52.583-0800][54343028ms] GC(1233) Humongous regions: 5->5
[2023-12-20T08:29:52.583-0800][54343028ms] GC(1233) Metaspace: 256383K->256383K(1294336K)
[2023-12-20T08:29:52.583-0800][54343028ms] GC(1233) Pause Young (Normal) (G1 Evacuation Pause) 1905M->399M(2612M) 32.882ms
[2023-12-20T08:29:52.584-0800][54343029ms] GC(1233) User=0.11s Sys=0.02s Real=0.03s
[2023-12-20T08:29:53.314-0800][54343759ms] GC(1234) Pause Young (Normal) (G1 Evacuation Pause)
[2023-12-20T08:29:53.314-0800][54343759ms] GC(1234) Using 10 workers of 10 for evacuation
[2023-12-20T08:29:53.346-0800][54343791ms] GC(1234)   Pre Evacuate Collection Set: 0.0ms
[2023-12-20T08:29:53.346-0800][54343791ms] GC(1234)   Evacuate Collection Set: 29.8ms
[2023-12-20T08:29:53.346-0800][54343791ms] GC(1234)   Post Evacuate Collection Set: 2.4ms
[2023-12-20T08:29:53.346-0800][54343791ms] GC(1234)   Other: 0.4ms
[2023-12-20T08:29:53.346-0800][54343791ms] GC(1234) Eden regions: 753->0(753)
[2023-12-20T08:29:53.346-0800][54343791ms] GC(1234) Survivor regions: 30->30(98)
[2023-12-20T08:29:53.346-0800][54343791ms] GC(1234) Old regions: 166->166
[2023-12-20T08:29:53.346-0800][54343791ms] GC(1234) Humongous regions: 5->5
[2023-12-20T08:29:53.346-0800][54343791ms] GC(1234) Metaspace: 256383K->256383K(1294336K)
[2023-12-20T08:29:53.346-0800][54343791ms] GC(1234) Pause Young (Normal) (G1 Evacuation Pause) 1905M->399M(2612M) 32.755ms
[2023-12-20T08:29:53.346-0800][54343791ms] GC(1234) User=0.05s Sys=0.02s Real=0.03s
[2023-12-20T08:29:54.085-0800][54344530ms] GC(1235) Pause Young (Normal) (G1 Evacuation Pause)
[2023-12-20T08:29:54.085-0800][54344530ms] GC(1235) Using 10 workers of 10 for evacuation
[2023-12-20T08:29:54.127-0800][54344572ms] GC(1235)   Pre Evacuate Collection Set: 0.1ms
[2023-12-20T08:29:54.127-0800][54344572ms] GC(1235)   Evacuate Collection Set: 33.8ms
[2023-12-20T08:29:54.127-0800][54344572ms] GC(1235)   Post Evacuate Collection Set: 2.8ms
[2023-12-20T08:29:54.127-0800][54344572ms] GC(1235)   Other: 0.4ms
[2023-12-20T08:29:54.127-0800][54344572ms] GC(1235) Eden regions: 753->0(754)
[2023-12-20T08:29:54.127-0800][54344572ms] GC(1235) Survivor regions: 30->29(98)
[2023-12-20T08:29:54.127-0800][54344572ms] GC(1235) Old regions: 166->166
[2023-12-20T08:29:54.127-0800][54344572ms] GC(1235) Humongous regions: 5->5
[2023-12-20T08:29:54.127-0800][54344572ms] GC(1235) Metaspace: 256383K->256383K(1294336K)
[2023-12-20T08:29:54.127-0800][54344572ms] GC(1235) Pause Young (Normal) (G1 Evacuation Pause) 1905M->397M(2612M) 37.175ms
[2023-12-20T08:29:54.127-0800][54344572ms] GC(1235) User=0.17s Sys=0.00s Real=0.04s
[2023-12-20T08:29:54.934-0800][54345379ms] GC(1236) Pause Young (Normal) (G1 Evacuation Pause)
[2023-12-20T08:29:54.934-0800][54345379ms] GC(1236) Using 10 workers of 10 for evacuation
[2023-12-20T08:29:54.964-0800][54345409ms] GC(1236)   Pre Evacuate Collection Set: 0.0ms
[2023-12-20T08:29:54.964-0800][54345409ms] GC(1236)   Evacuate Collection Set: 27.9ms
[2023-12-20T08:29:54.964-0800][54345409ms] GC(1236)   Post Evacuate Collection Set: 2.6ms
[2023-12-20T08:29:54.964-0800][54345409ms] GC(1236)   Other: 0.4ms
[2023-12-20T08:29:54.964-0800][54345409ms] GC(1236) Eden regions: 754->0(753)
[2023-12-20T08:29:54.964-0800][54345409ms] GC(1236) Survivor regions: 29->30(98)
[2023-12-20T08:29:54.964-0800][54345409ms] GC(1236) Old regions: 166->166
[2023-12-20T08:29:54.964-0800][54345409ms] GC(1236) Humongous regions: 5->5
[2023-12-20T08:29:54.964-0800][54345409ms] GC(1236) Metaspace: 256383K->256383K(1294336K)
[2023-12-20T08:29:54.964-0800][54345409ms] GC(1236) Pause Young (Normal) (G1 Evacuation Pause) 1905M->399M(2612M) 31.029ms
[2023-12-20T08:29:54.964-0800][54345409ms] GC(1236) User=0.09s Sys=0.00s Real=0.03s
[2023-12-20T08:29:55.696-0800][54346141ms] GC(1237) Pause Young (Normal) (G1 Evacuation Pause)
[2023-12-20T08:29:55.696-0800][54346141ms] GC(1237) Using 10 workers of 10 for evacuation
[2023-12-20T08:29:55.726-0800][54346171ms] GC(1237)   Pre Evacuate Collection Set: 0.0ms
[2023-12-20T08:29:55.726-0800][54346171ms] GC(1237)   Evacuate Collection Set: 27.0ms
[2023-12-20T08:29:55.726-0800][54346171ms] GC(1237)   Post Evacuate Collection Set: 2.5ms
[2023-12-20T08:29:55.726-0800][54346171ms] GC(1237)   Other: 0.4ms
[2023-12-20T08:29:55.726-0800][54346171ms] GC(1237) Eden regions: 753->0(753)
[2023-12-20T08:29:55.726-0800][54346171ms] GC(1237) Survivor regions: 30->30(98)
[2023-12-20T08:29:55.726-0800][54346171ms] GC(1237) Old regions: 166->166
[2023-12-20T08:29:55.726-0800][54346171ms] GC(1237) Humongous regions: 5->5
[2023-12-20T08:29:55.726-0800][54346171ms] GC(1237) Metaspace: 256383K->256383K(1294336K)
[2023-12-20T08:29:55.726-0800][54346171ms] GC(1237) Pause Young (Normal) (G1 Evacuation Pause) 1905M->400M(2612M) 30.035ms
[2023-12-20T08:29:55.726-0800][54346171ms] GC(1237) User=0.09s Sys=0.00s Real=0.03s
[2023-12-20T08:29:56.474-0800][54346919ms] GC(1238) Pause Young (Normal) (G1 Evacuation Pause)
[2023-12-20T08:29:56.474-0800][54346919ms] GC(1238) Using 10 workers of 10 for evacuation
[2023-12-20T08:29:56.503-0800][54346948ms] GC(1238)   Pre Evacuate Collection Set: 0.0ms
[2023-12-20T08:29:56.503-0800][54346948ms] GC(1238)   Evacuate Collection Set: 26.4ms
[2023-12-20T08:29:56.503-0800][54346948ms] GC(1238)   Post Evacuate Collection Set: 2.4ms
[2023-12-20T08:29:56.503-0800][54346948ms] GC(1238)   Other: 0.4ms
[2023-12-20T08:29:56.503-0800][54346948ms] GC(1238) Eden regions: 753->0(753)
[2023-12-20T08:29:56.503-0800][54346948ms] GC(1238) Survivor regions: 30->30(98)
[2023-12-20T08:29:56.503-0800][54346948ms] GC(1238) Old regions: 166->166
[2023-12-20T08:29:56.503-0800][54346948ms] GC(1238) Humongous regions: 5->5
[2023-12-20T08:29:56.503-0800][54346948ms] GC(1238) Metaspace: 256383K->256383K(1294336K)
[2023-12-20T08:29:56.503-0800][54346948ms] GC(1238) Pause Young (Normal) (G1 Evacuation Pause) 1906M->400M(2612M) 29.347ms
[2023-12-20T08:29:56.503-0800][54346948ms] GC(1238) User=0.08s Sys=0.00s Real=0.03s
[2023-12-20T08:29:57.269-0800][54347714ms] GC(1239) Pause Young (Normal) (G1 Evacuation Pause)
[2023-12-20T08:29:57.269-0800][54347714ms] GC(1239) Using 10 workers of 10 for evacuation
[2023-12-20T08:29:57.300-0800][54347745ms] GC(1239)   Pre Evacuate Collection Set: 0.0ms
[2023-12-20T08:29:57.300-0800][54347745ms] GC(1239)   Evacuate Collection Set: 27.2ms
[2023-12-20T08:29:57.300-0800][54347745ms] GC(1239)   Post Evacuate Collection Set: 2.3ms
[2023-12-20T08:29:57.300-0800][54347745ms] GC(1239)   Other: 0.4ms
[2023-12-20T08:29:57.300-0800][54347745ms] GC(1239) Eden regions: 753->0(753)
[2023-12-20T08:29:57.300-0800][54347745ms] GC(1239) Survivor regions: 30->30(98)
[2023-12-20T08:29:57.300-0800][54347745ms] GC(1239) Old regions: 166->166
[2023-12-20T08:29:57.300-0800][54347745ms] GC(1239) Humongous regions: 5->5
[2023-12-20T08:29:57.300-0800][54347745ms] GC(1239) Metaspace: 256383K->256383K(1294336K)
[2023-12-20T08:29:57.300-0800][54347745ms] GC(1239) Pause Young (Normal) (G1 Evacuation Pause) 1906M->400M(2612M) 29.994ms
[2023-12-20T08:29:57.300-0800][54347745ms] GC(1239) User=0.11s Sys=0.00s Real=0.03s
[2023-12-20T08:29:58.019-0800][54348464ms] GC(1240) Pause Young (Normal) (G1 Evacuation Pause)
[2023-12-20T08:29:58.019-0800][54348464ms] GC(1240) Using 10 workers of 10 for evacuation
[2023-12-20T08:29:58.051-0800][54348496ms] GC(1240)   Pre Evacuate Collection Set: 0.0ms
[2023-12-20T08:29:58.051-0800][54348496ms] GC(1240)   Evacuate Collection Set: 27.8ms
[2023-12-20T08:29:58.051-0800][54348496ms] GC(1240)   Post Evacuate Collection Set: 3.2ms
[2023-12-20T08:29:58.051-0800][54348496ms] GC(1240)   Other: 0.4ms
[2023-12-20T08:29:58.051-0800][54348496ms] GC(1240) Eden regions: 753->0(753)
[2023-12-20T08:29:58.051-0800][54348496ms] GC(1240) Survivor regions: 30->30(98)
[2023-12-20T08:29:58.051-0800][54348496ms] GC(1240) Old regions: 166->166
[2023-12-20T08:29:58.051-0800][54348496ms] GC(1240) Humongous regions: 5->5
[2023-12-20T08:29:58.051-0800][54348496ms] GC(1240) Metaspace: 256383K->256383K(1294336K)
[2023-12-20T08:29:58.051-0800][54348496ms] GC(1240) Pause Young (Normal) (G1 Evacuation Pause) 1906M->399M(2612M) 31.632ms
[2023-12-20T08:29:58.051-0800][54348496ms] GC(1240) User=0.06s Sys=0.00s Real=0.03s
[2023-12-20T08:29:58.835-0800][54349280ms] GC(1241) Pause Young (Normal) (G1 Evacuation Pause)
[2023-12-20T08:29:58.835-0800][54349280ms] GC(1241) Using 10 workers of 10 for evacuation
[2023-12-20T08:29:58.865-0800][54349310ms] GC(1241)   Pre Evacuate Collection Set: 0.0ms
[2023-12-20T08:29:58.865-0800][54349310ms] GC(1241)   Evacuate Collection Set: 27.7ms
[2023-12-20T08:29:58.865-0800][54349310ms] GC(1241)   Post Evacuate Collection Set: 2.4ms
[2023-12-20T08:29:58.865-0800][54349310ms] GC(1241)   Other: 0.4ms
[2023-12-20T08:29:58.865-0800][54349310ms] GC(1241) Eden regions: 753->0(754)
[2023-12-20T08:29:58.865-0800][54349310ms] GC(1241) Survivor regions: 30->29(98)
[2023-12-20T08:29:58.865-0800][54349310ms] GC(1241) Old regions: 166->166
[2023-12-20T08:29:58.865-0800][54349310ms] GC(1241) Humongous regions: 5->5
[2023-12-20T08:29:58.865-0800][54349310ms] GC(1241) Metaspace: 256383K->256383K(1294336K)
[2023-12-20T08:29:58.865-0800][54349310ms] GC(1241) Pause Young (Normal) (G1 Evacuation Pause) 1905M->398M(2612M) 30.638ms
[2023-12-20T08:29:58.865-0800][54349310ms] GC(1241) User=0.14s Sys=0.00s Real=0.03s
[2023-12-20T08:29:59.636-0800][54350081ms] GC(1242) Pause Young (Normal) (G1 Evacuation Pause)
[2023-12-20T08:29:59.636-0800][54350081ms] GC(1242) Using 10 workers of 10 for evacuation
[2023-12-20T08:29:59.667-0800][54350112ms] GC(1242)   Pre Evacuate Collection Set: 0.0ms
[2023-12-20T08:29:59.667-0800][54350112ms] GC(1242)   Evacuate Collection Set: 27.3ms
[2023-12-20T08:29:59.667-0800][54350112ms] GC(1242)   Post Evacuate Collection Set: 2.5ms
[2023-12-20T08:29:59.667-0800][54350112ms] GC(1242)   Other: 0.4ms
[2023-12-20T08:29:59.667-0800][54350112ms] GC(1242) Eden regions: 754->0(753)
[2023-12-20T08:29:59.667-0800][54350112ms] GC(1242) Survivor regions: 29->30(98)
[2023-12-20T08:29:59.667-0800][54350112ms] GC(1242) Old regions: 166->166
[2023-12-20T08:29:59.667-0800][54350112ms] GC(1242) Humongous regions: 5->5
[2023-12-20T08:29:59.667-0800][54350112ms] GC(1242) Metaspace: 256383K->256383K(1294336K)
[2023-12-20T08:29:59.667-0800][54350112ms] GC(1242) Pause Young (Normal) (G1 Evacuation Pause) 1906M->400M(2612M) 30.336ms
[2023-12-20T08:29:59.667-0800][54350112ms] GC(1242) User=0.16s Sys=0.00s Real=0.03s
[2023-12-20T08:30:00.456-0800][54350901ms] GC(1243) Pause Young (Normal) (G1 Evacuation Pause)
[2023-12-20T08:30:00.456-0800][54350901ms] GC(1243) Using 10 workers of 10 for evacuation
[2023-12-20T08:30:00.486-0800][54350931ms] GC(1243)   Pre Evacuate Collection Set: 0.0ms
[2023-12-20T08:30:00.486-0800][54350931ms] GC(1243)   Evacuate Collection Set: 27.0ms
[2023-12-20T08:30:00.486-0800][54350931ms] GC(1243)   Post Evacuate Collection Set: 2.6ms
[2023-12-20T08:30:00.486-0800][54350931ms] GC(1243)   Other: 0.4ms
[2023-12-20T08:30:00.486-0800][54350931ms] GC(1243) Eden regions: 753->0(753)
[2023-12-20T08:30:00.486-0800][54350931ms] GC(1243) Survivor regions: 30->30(98)
[2023-12-20T08:30:00.486-0800][54350931ms] GC(1243) Old regions: 166->166
[2023-12-20T08:30:00.486-0800][54350931ms] GC(1243) Humongous regions: 5->5
[2023-12-20T08:30:00.486-0800][54350931ms] GC(1243) Metaspace: 256383K->256383K(1294336K)
[2023-12-20T08:30:00.486-0800][54350931ms] GC(1243) Pause Young (Normal) (G1 Evacuation Pause) 1906M->400M(2612M) 30.043ms
[2023-12-20T08:30:00.486-0800][54350931ms] GC(1243) User=0.11s Sys=0.00s Real=0.03s
[2023-12-20T08:30:01.227-0800][54351672ms] GC(1244) Pause Young (Normal) (G1 Evacuation Pause)
[2023-12-20T08:30:01.227-0800][54351672ms] GC(1244) Using 10 workers of 10 for evacuation
[2023-12-20T08:30:01.258-0800][54351703ms] GC(1244)   Pre Evacuate Collection Set: 0.0ms
[2023-12-20T08:30:01.258-0800][54351703ms] GC(1244)   Evacuate Collection Set: 27.2ms
[2023-12-20T08:30:01.258-0800][54351703ms] GC(1244)   Post Evacuate Collection Set: 3.1ms
[2023-12-20T08:30:01.258-0800][54351703ms] GC(1244)   Other: 0.4ms
[2023-12-20T08:30:01.258-0800][54351703ms] GC(1244) Eden regions: 753->0(754)
[2023-12-20T08:30:01.258-0800][54351703ms] GC(1244) Survivor regions: 30->29(98)
[2023-12-20T08:30:01.258-0800][54351703ms] GC(1244) Old regions: 166->166
[2023-12-20T08:30:01.258-0800][54351703ms] GC(1244) Humongous regions: 5->5
[2023-12-20T08:30:01.258-0800][54351703ms] GC(1244) Metaspace: 256383K->256383K(1294336K)
[2023-12-20T08:30:01.258-0800][54351703ms] GC(1244) Pause Young (Normal) (G1 Evacuation Pause) 1906M->398M(2612M) 30.802ms
[2023-12-20T08:30:01.258-0800][54351703ms] GC(1244) User=0.09s Sys=0.02s Real=0.03s
[2023-12-20T08:30:02.071-0800][54352516ms] GC(1245) Pause Young (Normal) (G1 Evacuation Pause)
[2023-12-20T08:30:02.071-0800][54352516ms] GC(1245) Using 10 workers of 10 for evacuation
[2023-12-20T08:30:02.101-0800][54352546ms] GC(1245)   Pre Evacuate Collection Set: 0.0ms
[2023-12-20T08:30:02.101-0800][54352546ms] GC(1245)   Evacuate Collection Set: 26.9ms
[2023-12-20T08:30:02.101-0800][54352546ms] GC(1245)   Post Evacuate Collection Set: 2.5ms
[2023-12-20T08:30:02.101-0800][54352546ms] GC(1245)   Other: 0.4ms
[2023-12-20T08:30:02.101-0800][54352546ms] GC(1245) Eden regions: 754->0(753)
[2023-12-20T08:30:02.101-0800][54352546ms] GC(1245) Survivor regions: 29->30(98)
[2023-12-20T08:30:02.101-0800][54352546ms] GC(1245) Old regions: 166->166
[2023-12-20T08:30:02.101-0800][54352546ms] GC(1245) Humongous regions: 5->5
[2023-12-20T08:30:02.101-0800][54352546ms] GC(1245) Metaspace: 256383K->256383K(1294336K)
[2023-12-20T08:30:02.101-0800][54352546ms] GC(1245) Pause Young (Normal) (G1 Evacuation Pause) 1906M->399M(2612M) 29.951ms
[2023-12-20T08:30:02.101-0800][54352546ms] GC(1245) User=0.06s Sys=0.00s Real=0.03s
[2023-12-20T08:30:02.907-0800][54353352ms] GC(1246) Pause Young (Normal) (G1 Evacuation Pause)
[2023-12-20T08:30:02.907-0800][54353352ms] GC(1246) Using 10 workers of 10 for evacuation
[2023-12-20T08:30:02.938-0800][54353383ms] GC(1246)   Pre Evacuate Collection Set: 0.0ms
[2023-12-20T08:30:02.938-0800][54353383ms] GC(1246)   Evacuate Collection Set: 26.8ms
[2023-12-20T08:30:02.938-0800][54353383ms] GC(1246)   Post Evacuate Collection Set: 2.6ms
[2023-12-20T08:30:02.938-0800][54353383ms] GC(1246)   Other: 0.4ms
[2023-12-20T08:30:02.938-0800][54353383ms] GC(1246) Eden regions: 753->0(753)
[2023-12-20T08:30:02.938-0800][54353383ms] GC(1246) Survivor regions: 30->30(98)
[2023-12-20T08:30:02.938-0800][54353383ms] GC(1246) Old regions: 166->166
[2023-12-20T08:30:02.938-0800][54353383ms] GC(1246) Humongous regions: 5->5
[2023-12-20T08:30:02.938-0800][54353383ms] GC(1246) Metaspace: 256383K->256383K(1294336K)
[2023-12-20T08:30:02.938-0800][54353383ms] GC(1246) Pause Young (Normal) (G1 Evacuation Pause) 1905M->400M(2612M) 29.916ms
[2023-12-20T08:30:02.938-0800][54353383ms] GC(1246) User=0.14s Sys=0.00s Real=0.03s
[2023-12-20T08:30:03.703-0800][54354148ms] GC(1247) Pause Young (Normal) (G1 Evacuation Pause)
[2023-12-20T08:30:03.703-0800][54354148ms] GC(1247) Using 10 workers of 10 for evacuation
[2023-12-20T08:30:03.733-0800][54354178ms] GC(1247)   Pre Evacuate Collection Set: 0.0ms
[2023-12-20T08:30:03.733-0800][54354178ms] GC(1247)   Evacuate Collection Set: 27.4ms
[2023-12-20T08:30:03.733-0800][54354178ms] GC(1247)   Post Evacuate Collection Set: 2.2ms
[2023-12-20T08:30:03.733-0800][54354178ms] GC(1247)   Other: 0.3ms
[2023-12-20T08:30:03.733-0800][54354178ms] GC(1247) Eden regions: 753->0(753)
[2023-12-20T08:30:03.733-0800][54354178ms] GC(1247) Survivor regions: 30->30(98)
[2023-12-20T08:30:03.733-0800][54354178ms] GC(1247) Old regions: 166->166
[2023-12-20T08:30:03.733-0800][54354178ms] GC(1247) Humongous regions: 5->5
[2023-12-20T08:30:03.733-0800][54354178ms] GC(1247) Metaspace: 256383K->256383K(1294336K)
[2023-12-20T08:30:03.733-0800][54354178ms] GC(1247) Pause Young (Normal) (G1 Evacuation Pause) 1906M->399M(2612M) 30.124ms
[2023-12-20T08:30:03.733-0800][54354178ms] GC(1247) User=0.11s Sys=0.00s Real=0.03s
[2023-12-20T08:30:04.482-0800][54354927ms] GC(1248) Pause Young (Normal) (G1 Evacuation Pause)
[2023-12-20T08:30:04.482-0800][54354927ms] GC(1248) Using 10 workers of 10 for evacuation
[2023-12-20T08:30:04.511-0800][54354956ms] GC(1248)   Pre Evacuate Collection Set: 0.0ms
[2023-12-20T08:30:04.511-0800][54354956ms] GC(1248)   Evacuate Collection Set: 26.7ms
[2023-12-20T08:30:04.511-0800][54354956ms] GC(1248)   Post Evacuate Collection Set: 2.5ms
[2023-12-20T08:30:04.511-0800][54354956ms] GC(1248)   Other: 0.3ms
[2023-12-20T08:30:04.511-0800][54354956ms] GC(1248) Eden regions: 753->0(753)
[2023-12-20T08:30:04.511-0800][54354956ms] GC(1248) Survivor regions: 30->30(98)
[2023-12-20T08:30:04.511-0800][54354956ms] GC(1248) Old regions: 166->166
[2023-12-20T08:30:04.511-0800][54354956ms] GC(1248) Humongous regions: 5->5
[2023-12-20T08:30:04.511-0800][54354956ms] GC(1248) Metaspace: 256383K->256383K(1294336K)
[2023-12-20T08:30:04.511-0800][54354956ms] GC(1248) Pause Young (Normal) (G1 Evacuation Pause) 1905M->400M(2612M) 29.669ms
[2023-12-20T08:30:04.511-0800][54354956ms] GC(1248) User=0.11s Sys=0.00s Real=0.03s
[2023-12-20T08:30:05.336-0800][54355781ms] GC(1249) Pause Young (Normal) (GCLocker Initiated GC)
[2023-12-20T08:30:05.336-0800][54355781ms] GC(1249) Using 10 workers of 10 for evacuation
[2023-12-20T08:30:05.366-0800][54355811ms] GC(1249)   Pre Evacuate Collection Set: 0.0ms
[2023-12-20T08:30:05.366-0800][54355811ms] GC(1249)   Evacuate Collection Set: 27.5ms
[2023-12-20T08:30:05.366-0800][54355811ms] GC(1249)   Post Evacuate Collection Set: 2.4ms
[2023-12-20T08:30:05.366-0800][54355811ms] GC(1249)   Other: 0.3ms
[2023-12-20T08:30:05.366-0800][54355811ms] GC(1249) Eden regions: 753->0(753)
[2023-12-20T08:30:05.366-0800][54355811ms] GC(1249) Survivor regions: 30->30(98)
[2023-12-20T08:30:05.366-0800][54355811ms] GC(1249) Old regions: 166->166
[2023-12-20T08:30:05.366-0800][54355811ms] GC(1249) Humongous regions: 5->5
[2023-12-20T08:30:05.366-0800][54355811ms] GC(1249) Metaspace: 256383K->256383K(1294336K)
[2023-12-20T08:30:05.366-0800][54355811ms] GC(1249) Pause Young (Normal) (GCLocker Initiated GC) 1906M->399M(2612M) 30.316ms
[2023-12-20T08:30:05.367-0800][54355812ms] GC(1249) User=0.11s Sys=0.00s Real=0.03s
[2023-12-20T08:30:06.175-0800][54356620ms] GC(1250) Pause Young (Normal) (GCLocker Initiated GC)
[2023-12-20T08:30:06.176-0800][54356621ms] GC(1250) Using 10 workers of 10 for evacuation
[2023-12-20T08:30:06.211-0800][54356656ms] GC(1250)   Pre Evacuate Collection Set: 0.0ms
[2023-12-20T08:30:06.211-0800][54356656ms] GC(1250)   Evacuate Collection Set: 27.0ms
[2023-12-20T08:30:06.211-0800][54356656ms] GC(1250)   Post Evacuate Collection Set: 7.5ms
[2023-12-20T08:30:06.211-0800][54356656ms] GC(1250)   Other: 0.4ms
[2023-12-20T08:30:06.211-0800][54356656ms] GC(1250) Eden regions: 754->0(753)
[2023-12-20T08:30:06.211-0800][54356656ms] GC(1250) Survivor regions: 30->30(98)
[2023-12-20T08:30:06.211-0800][54356656ms] GC(1250) Old regions: 166->166
[2023-12-20T08:30:06.211-0800][54356656ms] GC(1250) Humongous regions: 5->5
[2023-12-20T08:30:06.211-0800][54356656ms] GC(1250) Metaspace: 256383K->256383K(1294336K)
[2023-12-20T08:30:06.211-0800][54356656ms] GC(1250) Pause Young (Normal) (GCLocker Initiated GC) 1906M->399M(2612M) 34.972ms
[2023-12-20T08:30:06.211-0800][54356656ms] GC(1250) User=0.13s Sys=0.00s Real=0.04s
[2023-12-20T08:30:07.020-0800][54357465ms] GC(1251) Pause Young (Normal) (G1 Evacuation Pause)
[2023-12-20T08:30:07.020-0800][54357465ms] GC(1251) Using 10 workers of 10 for evacuation
[2023-12-20T08:30:07.051-0800][54357496ms] GC(1251)   Pre Evacuate Collection Set: 0.0ms
[2023-12-20T08:30:07.051-0800][54357496ms] GC(1251)   Evacuate Collection Set: 28.0ms
[2023-12-20T08:30:07.051-0800][54357496ms] GC(1251)   Post Evacuate Collection Set: 2.4ms
[2023-12-20T08:30:07.051-0800][54357496ms] GC(1251)   Other: 0.4ms
[2023-12-20T08:30:07.051-0800][54357496ms] GC(1251) Eden regions: 753->0(753)
[2023-12-20T08:30:07.051-0800][54357496ms] GC(1251) Survivor regions: 30->30(98)
[2023-12-20T08:30:07.051-0800][54357496ms] GC(1251) Old regions: 166->166
[2023-12-20T08:30:07.051-0800][54357496ms] GC(1251) Humongous regions: 5->5
[2023-12-20T08:30:07.051-0800][54357496ms] GC(1251) Metaspace: 256383K->256383K(1294336K)
[2023-12-20T08:30:07.051-0800][54357496ms] GC(1251) Pause Young (Normal) (G1 Evacuation Pause) 1905M->399M(2612M) 31.080ms
[2023-12-20T08:30:07.051-0800][54357496ms] GC(1251) User=0.11s Sys=0.00s Real=0.03s
[2023-12-20T08:30:07.794-0800][54358239ms] GC(1252) Pause Young (Normal) (G1 Evacuation Pause)
[2023-12-20T08:30:07.794-0800][54358239ms] GC(1252) Using 10 workers of 10 for evacuation
[2023-12-20T08:30:07.824-0800][54358269ms] GC(1252)   Pre Evacuate Collection Set: 0.0ms
[2023-12-20T08:30:07.824-0800][54358269ms] GC(1252)   Evacuate Collection Set: 26.5ms
[2023-12-20T08:30:07.824-0800][54358269ms] GC(1252)   Post Evacuate Collection Set: 2.4ms
[2023-12-20T08:30:07.824-0800][54358269ms] GC(1252)   Other: 0.4ms
[2023-12-20T08:30:07.824-0800][54358269ms] GC(1252) Eden regions: 753->0(753)
[2023-12-20T08:30:07.824-0800][54358269ms] GC(1252) Survivor regions: 30->30(98)
[2023-12-20T08:30:07.824-0800][54358269ms] GC(1252) Old regions: 166->166
[2023-12-20T08:30:07.824-0800][54358269ms] GC(1252) Humongous regions: 5->5
[2023-12-20T08:30:07.824-0800][54358269ms] GC(1252) Metaspace: 256383K->256383K(1294336K)
[2023-12-20T08:30:07.824-0800][54358269ms] GC(1252) Pause Young (Normal) (G1 Evacuation Pause) 1905M->400M(2612M) 29.466ms
[2023-12-20T08:30:07.824-0800][54358269ms] GC(1252) User=0.06s Sys=0.00s Real=0.03s
[2023-12-20T08:30:08.574-0800][54359019ms] GC(1253) Pause Young (Normal) (G1 Evacuation Pause)
[2023-12-20T08:30:08.574-0800][54359019ms] GC(1253) Using 10 workers of 10 for evacuation
[2023-12-20T08:30:08.604-0800][54359049ms] GC(1253)   Pre Evacuate Collection Set: 0.0ms
[2023-12-20T08:30:08.604-0800][54359049ms] GC(1253)   Evacuate Collection Set: 26.8ms
[2023-12-20T08:30:08.604-0800][54359049ms] GC(1253)   Post Evacuate Collection Set: 2.5ms
[2023-12-20T08:30:08.604-0800][54359049ms] GC(1253)   Other: 0.3ms
[2023-12-20T08:30:08.604-0800][54359049ms] GC(1253) Eden regions: 753->0(753)
[2023-12-20T08:30:08.604-0800][54359049ms] GC(1253) Survivor regions: 30->30(98)
[2023-12-20T08:30:08.604-0800][54359049ms] GC(1253) Old regions: 166->166
[2023-12-20T08:30:08.604-0800][54359049ms] GC(1253) Humongous regions: 5->5
[2023-12-20T08:30:08.604-0800][54359049ms] GC(1253) Metaspace: 256383K->256383K(1294336K)
[2023-12-20T08:30:08.604-0800][54359049ms] GC(1253) Pause Young (Normal) (G1 Evacuation Pause) 1906M->400M(2612M) 29.884ms
[2023-12-20T08:30:08.604-0800][54359049ms] GC(1253) User=0.11s Sys=0.00s Real=0.03s
[2023-12-20T08:30:09.313-0800][54359758ms] GC(1254) Pause Young (Normal) (G1 Evacuation Pause)
[2023-12-20T08:30:09.313-0800][54359758ms] GC(1254) Using 10 workers of 10 for evacuation
[2023-12-20T08:30:09.342-0800][54359787ms] GC(1254)   Pre Evacuate Collection Set: 0.0ms
[2023-12-20T08:30:09.342-0800][54359787ms] GC(1254)   Evacuate Collection Set: 26.8ms
[2023-12-20T08:30:09.342-0800][54359787ms] GC(1254)   Post Evacuate Collection Set: 2.4ms
[2023-12-20T08:30:09.342-0800][54359787ms] GC(1254)   Other: 0.4ms
[2023-12-20T08:30:09.342-0800][54359787ms] GC(1254) Eden regions: 753->0(753)
[2023-12-20T08:30:09.342-0800][54359787ms] GC(1254) Survivor regions: 30->30(98)
[2023-12-20T08:30:09.342-0800][54359787ms] GC(1254) Old regions: 166->166
[2023-12-20T08:30:09.342-0800][54359787ms] GC(1254) Humongous regions: 5->5
[2023-12-20T08:30:09.342-0800][54359787ms] GC(1254) Metaspace: 256383K->256383K(1294336K)
[2023-12-20T08:30:09.342-0800][54359787ms] GC(1254) Pause Young (Normal) (G1 Evacuation Pause) 1906M->399M(2612M) 29.715ms
[2023-12-20T08:30:09.342-0800][54359787ms] GC(1254) User=0.13s Sys=0.00s Real=0.03s
[2023-12-20T08:30:10.063-0800][54360508ms] GC(1255) Pause Young (Normal) (G1 Evacuation Pause)
[2023-12-20T08:30:10.063-0800][54360508ms] GC(1255) Using 10 workers of 10 for evacuation
[2023-12-20T08:30:10.094-0800][54360539ms] GC(1255)   Pre Evacuate Collection Set: 0.0ms
[2023-12-20T08:30:10.094-0800][54360539ms] GC(1255)   Evacuate Collection Set: 27.4ms
[2023-12-20T08:30:10.094-0800][54360539ms] GC(1255)   Post Evacuate Collection Set: 2.6ms
[2023-12-20T08:30:10.094-0800][54360539ms] GC(1255)   Other: 0.3ms
[2023-12-20T08:30:10.094-0800][54360539ms] GC(1255) Eden regions: 753->0(753)
[2023-12-20T08:30:10.094-0800][54360539ms] GC(1255) Survivor regions: 30->30(98)
[2023-12-20T08:30:10.094-0800][54360539ms] GC(1255) Old regions: 166->166
[2023-12-20T08:30:10.094-0800][54360539ms] GC(1255) Humongous regions: 5->5
[2023-12-20T08:30:10.094-0800][54360539ms] GC(1255) Metaspace: 256383K->256383K(1294336K)
[2023-12-20T08:30:10.094-0800][54360539ms] GC(1255) Pause Young (Normal) (G1 Evacuation Pause) 1905M->399M(2612M) 30.439ms
[2023-12-20T08:30:10.094-0800][54360539ms] GC(1255) User=0.13s Sys=0.00s Real=0.03s
[2023-12-20T08:30:10.843-0800][54361288ms] GC(1256) Pause Young (Normal) (G1 Evacuation Pause)
[2023-12-20T08:30:10.843-0800][54361288ms] GC(1256) Using 10 workers of 10 for evacuation
[2023-12-20T08:30:10.873-0800][54361318ms] GC(1256)   Pre Evacuate Collection Set: 0.0ms
[2023-12-20T08:30:10.873-0800][54361318ms] GC(1256)   Evacuate Collection Set: 27.0ms
[2023-12-20T08:30:10.873-0800][54361318ms] GC(1256)   Post Evacuate Collection Set: 2.3ms
[2023-12-20T08:30:10.873-0800][54361318ms] GC(1256)   Other: 0.4ms
[2023-12-20T08:30:10.873-0800][54361318ms] GC(1256) Eden regions: 753->0(753)
[2023-12-20T08:30:10.873-0800][54361318ms] GC(1256) Survivor regions: 30->30(98)
[2023-12-20T08:30:10.873-0800][54361318ms] GC(1256) Old regions: 166->166
[2023-12-20T08:30:10.873-0800][54361318ms] GC(1256) Humongous regions: 5->5
[2023-12-20T08:30:10.873-0800][54361318ms] GC(1256) Metaspace: 256383K->256383K(1294336K)
[2023-12-20T08:30:10.873-0800][54361318ms] GC(1256) Pause Young (Normal) (G1 Evacuation Pause) 1905M->399M(2612M) 29.813ms
[2023-12-20T08:30:10.873-0800][54361318ms] GC(1256) User=0.05s Sys=0.00s Real=0.03s
[2023-12-20T08:30:11.585-0800][54362030ms] GC(1257) Pause Young (Normal) (G1 Evacuation Pause)
[2023-12-20T08:30:11.585-0800][54362030ms] GC(1257) Using 10 workers of 10 for evacuation
[2023-12-20T08:30:11.614-0800][54362059ms] GC(1257)   Pre Evacuate Collection Set: 0.0ms
[2023-12-20T08:30:11.614-0800][54362059ms] GC(1257)   Evacuate Collection Set: 26.7ms
[2023-12-20T08:30:11.614-0800][54362059ms] GC(1257)   Post Evacuate Collection Set: 2.3ms
[2023-12-20T08:30:11.614-0800][54362059ms] GC(1257)   Other: 0.3ms
[2023-12-20T08:30:11.614-0800][54362059ms] GC(1257) Eden regions: 753->0(753)
[2023-12-20T08:30:11.614-0800][54362059ms] GC(1257) Survivor regions: 30->30(98)
[2023-12-20T08:30:11.614-0800][54362059ms] GC(1257) Old regions: 166->166
[2023-12-20T08:30:11.614-0800][54362059ms] GC(1257) Humongous regions: 5->5
[2023-12-20T08:30:11.614-0800][54362059ms] GC(1257) Metaspace: 256383K->256383K(1294336K)
[2023-12-20T08:30:11.614-0800][54362059ms] GC(1257) Pause Young (Normal) (G1 Evacuation Pause) 1905M->399M(2612M) 29.549ms
[2023-12-20T08:30:11.614-0800][54362059ms] GC(1257) User=0.08s Sys=0.00s Real=0.03s
[2023-12-20T08:30:12.341-0800][54362786ms] GC(1258) Pause Young (Normal) (G1 Evacuation Pause)
[2023-12-20T08:30:12.341-0800][54362786ms] GC(1258) Using 10 workers of 10 for evacuation
[2023-12-20T08:30:12.374-0800][54362819ms] GC(1258)   Pre Evacuate Collection Set: 0.0ms
[2023-12-20T08:30:12.374-0800][54362819ms] GC(1258)   Evacuate Collection Set: 29.3ms
[2023-12-20T08:30:12.374-0800][54362819ms] GC(1258)   Post Evacuate Collection Set: 2.4ms
[2023-12-20T08:30:12.374-0800][54362819ms] GC(1258)   Other: 0.4ms
[2023-12-20T08:30:12.374-0800][54362819ms] GC(1258) Eden regions: 753->0(753)
[2023-12-20T08:30:12.374-0800][54362819ms] GC(1258) Survivor regions: 30->30(98)
[2023-12-20T08:30:12.374-0800][54362819ms] GC(1258) Old regions: 166->166
[2023-12-20T08:30:12.374-0800][54362819ms] GC(1258) Humongous regions: 5->5
[2023-12-20T08:30:12.374-0800][54362819ms] GC(1258) Metaspace: 256383K->256383K(1294336K)
[2023-12-20T08:30:12.374-0800][54362819ms] GC(1258) Pause Young (Normal) (G1 Evacuation Pause) 1905M->399M(2612M) 32.218ms
[2023-12-20T08:30:12.374-0800][54362819ms] GC(1258) User=0.13s Sys=0.00s Real=0.03s
[2023-12-20T08:30:13.073-0800][54363518ms] GC(1259) Pause Young (Normal) (G1 Evacuation Pause)
[2023-12-20T08:30:13.073-0800][54363518ms] GC(1259) Using 10 workers of 10 for evacuation
[2023-12-20T08:30:13.103-0800][54363548ms] GC(1259)   Pre Evacuate Collection Set: 0.0ms
[2023-12-20T08:30:13.103-0800][54363548ms] GC(1259)   Evacuate Collection Set: 27.3ms
[2023-12-20T08:30:13.103-0800][54363548ms] GC(1259)   Post Evacuate Collection Set: 2.4ms
[2023-12-20T08:30:13.103-0800][54363548ms] GC(1259)   Other: 0.3ms
[2023-12-20T08:30:13.103-0800][54363548ms] GC(1259) Eden regions: 753->0(753)
[2023-12-20T08:30:13.103-0800][54363548ms] GC(1259) Survivor regions: 30->30(98)
[2023-12-20T08:30:13.103-0800][54363548ms] GC(1259) Old regions: 166->166
[2023-12-20T08:30:13.103-0800][54363548ms] GC(1259) Humongous regions: 5->5
[2023-12-20T08:30:13.103-0800][54363548ms] GC(1259) Metaspace: 256383K->256383K(1294336K)
[2023-12-20T08:30:13.103-0800][54363548ms] GC(1259) Pause Young (Normal) (G1 Evacuation Pause) 1905M->400M(2612M) 30.186ms
[2023-12-20T08:30:13.104-0800][54363549ms] GC(1259) User=0.08s Sys=0.00s Real=0.03s
[2023-12-20T08:30:13.850-0800][54364295ms] GC(1260) Pause Young (Normal) (G1 Evacuation Pause)
[2023-12-20T08:30:13.850-0800][54364295ms] GC(1260) Using 10 workers of 10 for evacuation
[2023-12-20T08:30:13.880-0800][54364325ms] GC(1260)   Pre Evacuate Collection Set: 0.0ms
[2023-12-20T08:30:13.880-0800][54364325ms] GC(1260)   Evacuate Collection Set: 26.9ms
[2023-12-20T08:30:13.880-0800][54364325ms] GC(1260)   Post Evacuate Collection Set: 2.5ms
[2023-12-20T08:30:13.880-0800][54364325ms] GC(1260)   Other: 0.4ms
[2023-12-20T08:30:13.880-0800][54364325ms] GC(1260) Eden regions: 753->0(753)
[2023-12-20T08:30:13.880-0800][54364325ms] GC(1260) Survivor regions: 30->30(98)
[2023-12-20T08:30:13.880-0800][54364325ms] GC(1260) Old regions: 166->166
[2023-12-20T08:30:13.880-0800][54364325ms] GC(1260) Humongous regions: 5->5
[2023-12-20T08:30:13.880-0800][54364325ms] GC(1260) Metaspace: 256383K->256383K(1294336K)
[2023-12-20T08:30:13.880-0800][54364325ms] GC(1260) Pause Young (Normal) (G1 Evacuation Pause) 1906M->399M(2612M) 29.889ms
[2023-12-20T08:30:13.880-0800][54364325ms] GC(1260) User=0.09s Sys=0.00s Real=0.03s
[2023-12-20T08:30:14.620-0800][54365065ms] GC(1261) Pause Young (Normal) (G1 Evacuation Pause)
[2023-12-20T08:30:14.620-0800][54365065ms] GC(1261) Using 10 workers of 10 for evacuation
[2023-12-20T08:30:14.650-0800][54365095ms] GC(1261)   Pre Evacuate Collection Set: 0.0ms
[2023-12-20T08:30:14.650-0800][54365095ms] GC(1261)   Evacuate Collection Set: 27.4ms
[2023-12-20T08:30:14.650-0800][54365095ms] GC(1261)   Post Evacuate Collection Set: 2.5ms
[2023-12-20T08:30:14.650-0800][54365095ms] GC(1261)   Other: 0.3ms
[2023-12-20T08:30:14.650-0800][54365095ms] GC(1261) Eden regions: 753->0(753)
[2023-12-20T08:30:14.650-0800][54365095ms] GC(1261) Survivor regions: 30->30(98)
[2023-12-20T08:30:14.650-0800][54365095ms] GC(1261) Old regions: 166->166
[2023-12-20T08:30:14.650-0800][54365095ms] GC(1261) Humongous regions: 5->5
[2023-12-20T08:30:14.650-0800][54365095ms] GC(1261) Metaspace: 256383K->256383K(1294336K)
[2023-12-20T08:30:14.650-0800][54365095ms] GC(1261) Pause Young (Normal) (G1 Evacuation Pause) 1905M->400M(2612M) 30.363ms
[2023-12-20T08:30:14.650-0800][54365095ms] GC(1261) User=0.06s Sys=0.00s Real=0.03s
[2023-12-20T08:30:15.376-0800][54365821ms] GC(1262) Pause Young (Normal) (G1 Evacuation Pause)
[2023-12-20T08:30:15.376-0800][54365821ms] GC(1262) Using 10 workers of 10 for evacuation
[2023-12-20T08:30:15.405-0800][54365850ms] GC(1262)   Pre Evacuate Collection Set: 0.0ms
[2023-12-20T08:30:15.405-0800][54365850ms] GC(1262)   Evacuate Collection Set: 26.8ms
[2023-12-20T08:30:15.405-0800][54365850ms] GC(1262)   Post Evacuate Collection Set: 2.3ms
[2023-12-20T08:30:15.405-0800][54365850ms] GC(1262)   Other: 0.4ms
[2023-12-20T08:30:15.405-0800][54365850ms] GC(1262) Eden regions: 753->0(753)
[2023-12-20T08:30:15.405-0800][54365850ms] GC(1262) Survivor regions: 30->30(98)
[2023-12-20T08:30:15.405-0800][54365850ms] GC(1262) Old regions: 166->166
[2023-12-20T08:30:15.405-0800][54365850ms] GC(1262) Humongous regions: 5->5
[2023-12-20T08:30:15.405-0800][54365850ms] GC(1262) Metaspace: 256384K->256384K(1294336K)
[2023-12-20T08:30:15.405-0800][54365850ms] GC(1262) Pause Young (Normal) (G1 Evacuation Pause) 1906M->400M(2612M) 29.697ms
[2023-12-20T08:30:15.405-0800][54365850ms] GC(1262) User=0.13s Sys=0.00s Real=0.03s
[2023-12-20T08:30:16.118-0800][54366563ms] GC(1263) Pause Young (Normal) (G1 Evacuation Pause)
[2023-12-20T08:30:16.118-0800][54366563ms] GC(1263) Using 10 workers of 10 for evacuation
[2023-12-20T08:30:16.149-0800][54366594ms] GC(1263)   Pre Evacuate Collection Set: 0.0ms
[2023-12-20T08:30:16.149-0800][54366594ms] GC(1263)   Evacuate Collection Set: 27.1ms
[2023-12-20T08:30:16.149-0800][54366594ms] GC(1263)   Post Evacuate Collection Set: 2.9ms
[2023-12-20T08:30:16.149-0800][54366594ms] GC(1263)   Other: 0.4ms
[2023-12-20T08:30:16.149-0800][54366594ms] GC(1263) Eden regions: 753->0(752)
[2023-12-20T08:30:16.149-0800][54366594ms] GC(1263) Survivor regions: 30->31(98)
[2023-12-20T08:30:16.149-0800][54366594ms] GC(1263) Old regions: 166->166
[2023-12-20T08:30:16.149-0800][54366594ms] GC(1263) Humongous regions: 5->5
[2023-12-20T08:30:16.149-0800][54366594ms] GC(1263) Metaspace: 256384K->256384K(1294336K)
[2023-12-20T08:30:16.149-0800][54366594ms] GC(1263) Pause Young (Normal) (G1 Evacuation Pause) 1906M->401M(2612M) 30.578ms
[2023-12-20T08:30:16.149-0800][54366594ms] GC(1263) User=0.08s Sys=0.00s Real=0.03s
[2023-12-20T08:30:16.918-0800][54367363ms] GC(1264) Pause Young (Normal) (G1 Evacuation Pause)
[2023-12-20T08:30:16.918-0800][54367363ms] GC(1264) Using 10 workers of 10 for evacuation
[2023-12-20T08:30:16.949-0800][54367394ms] GC(1264)   Pre Evacuate Collection Set: 0.0ms
[2023-12-20T08:30:16.949-0800][54367394ms] GC(1264)   Evacuate Collection Set: 28.1ms
[2023-12-20T08:30:16.949-0800][54367394ms] GC(1264)   Post Evacuate Collection Set: 2.8ms
[2023-12-20T08:30:16.949-0800][54367394ms] GC(1264)   Other: 0.4ms
[2023-12-20T08:30:16.949-0800][54367394ms] GC(1264) Eden regions: 752->0(752)
[2023-12-20T08:30:16.949-0800][54367394ms] GC(1264) Survivor regions: 31->31(98)
[2023-12-20T08:30:16.949-0800][54367394ms] GC(1264) Old regions: 166->166
[2023-12-20T08:30:16.949-0800][54367394ms] GC(1264) Humongous regions: 5->5
[2023-12-20T08:30:16.949-0800][54367394ms] GC(1264) Metaspace: 256385K->256385K(1294336K)
[2023-12-20T08:30:16.949-0800][54367394ms] GC(1264) Pause Young (Normal) (G1 Evacuation Pause) 1905M->402M(2612M) 31.355ms
[2023-12-20T08:30:16.949-0800][54367394ms] GC(1264) User=0.14s Sys=0.00s Real=0.03s
[2023-12-20T08:30:17.692-0800][54368137ms] GC(1265) Pause Young (Normal) (G1 Evacuation Pause)
[2023-12-20T08:30:17.692-0800][54368137ms] GC(1265) Using 10 workers of 10 for evacuation
[2023-12-20T08:30:17.721-0800][54368166ms] GC(1265)   Pre Evacuate Collection Set: 0.0ms
[2023-12-20T08:30:17.721-0800][54368166ms] GC(1265)   Evacuate Collection Set: 27.1ms
[2023-12-20T08:30:17.721-0800][54368166ms] GC(1265)   Post Evacuate Collection Set: 2.5ms
[2023-12-20T08:30:17.721-0800][54368166ms] GC(1265)   Other: 0.4ms
[2023-12-20T08:30:17.721-0800][54368166ms] GC(1265) Eden regions: 752->0(752)
[2023-12-20T08:30:17.721-0800][54368166ms] GC(1265) Survivor regions: 31->31(98)
[2023-12-20T08:30:17.721-0800][54368166ms] GC(1265) Old regions: 166->166
[2023-12-20T08:30:17.721-0800][54368166ms] GC(1265) Humongous regions: 5->5
[2023-12-20T08:30:17.721-0800][54368166ms] GC(1265) Metaspace: 256385K->256385K(1294336K)
[2023-12-20T08:30:17.721-0800][54368166ms] GC(1265) Pause Young (Normal) (G1 Evacuation Pause) 1906M->401M(2612M) 30.135ms
[2023-12-20T08:30:17.721-0800][54368166ms] GC(1265) User=0.09s Sys=0.00s Real=0.03s
[2023-12-20T08:30:18.483-0800][54368928ms] GC(1266) Pause Young (Normal) (G1 Evacuation Pause)
[2023-12-20T08:30:18.483-0800][54368928ms] GC(1266) Using 10 workers of 10 for evacuation
[2023-12-20T08:30:18.513-0800][54368958ms] GC(1266)   Pre Evacuate Collection Set: 0.0ms
[2023-12-20T08:30:18.513-0800][54368958ms] GC(1266)   Evacuate Collection Set: 27.4ms
[2023-12-20T08:30:18.513-0800][54368958ms] GC(1266)   Post Evacuate Collection Set: 2.7ms
[2023-12-20T08:30:18.513-0800][54368958ms] GC(1266)   Other: 0.4ms
[2023-12-20T08:30:18.513-0800][54368958ms] GC(1266) Eden regions: 752->0(752)
[2023-12-20T08:30:18.513-0800][54368958ms] GC(1266) Survivor regions: 31->31(98)
[2023-12-20T08:30:18.513-0800][54368958ms] GC(1266) Old regions: 166->166
[2023-12-20T08:30:18.513-0800][54368958ms] GC(1266) Humongous regions: 5->5
[2023-12-20T08:30:18.513-0800][54368958ms] GC(1266) Metaspace: 256385K->256385K(1294336K)
[2023-12-20T08:30:18.513-0800][54368958ms] GC(1266) Pause Young (Normal) (G1 Evacuation Pause) 1905M->401M(2612M) 30.648ms
[2023-12-20T08:30:18.513-0800][54368958ms] GC(1266) User=0.08s Sys=0.00s Real=0.03s
[2023-12-20T08:30:19.092-0800][54369537ms] GC(1267) Pause Young (Normal) (G1 Evacuation Pause)
[2023-12-20T08:30:19.092-0800][54369537ms] GC(1267) Using 10 workers of 10 for evacuation
[2023-12-20T08:30:19.122-0800][54369567ms] GC(1267)   Pre Evacuate Collection Set: 0.0ms
[2023-12-20T08:30:19.122-0800][54369567ms] GC(1267)   Evacuate Collection Set: 27.3ms
[2023-12-20T08:30:19.122-0800][54369567ms] GC(1267)   Post Evacuate Collection Set: 2.4ms
[2023-12-20T08:30:19.122-0800][54369567ms] GC(1267)   Other: 0.4ms
[2023-12-20T08:30:19.122-0800][54369567ms] GC(1267) Eden regions: 752->0(752)
[2023-12-20T08:30:19.122-0800][54369567ms] GC(1267) Survivor regions: 31->31(98)
[2023-12-20T08:30:19.122-0800][54369567ms] GC(1267) Old regions: 166->166
[2023-12-20T08:30:19.122-0800][54369567ms] GC(1267) Humongous regions: 5->5
[2023-12-20T08:30:19.122-0800][54369567ms] GC(1267) Metaspace: 256385K->256385K(1294336K)
[2023-12-20T08:30:19.122-0800][54369567ms] GC(1267) Pause Young (Normal) (G1 Evacuation Pause) 1905M->402M(2612M) 30.346ms
[2023-12-20T08:30:19.122-0800][54369567ms] GC(1267) User=0.06s Sys=0.00s Real=0.03s
[2023-12-20T08:30:19.706-0800][54370151ms] GC(1268) Pause Young (Normal) (G1 Evacuation Pause)
[2023-12-20T08:30:19.706-0800][54370151ms] GC(1268) Using 10 workers of 10 for evacuation
[2023-12-20T08:30:19.734-0800][54370179ms] GC(1268)   Pre Evacuate Collection Set: 0.0ms
[2023-12-20T08:30:19.734-0800][54370179ms] GC(1268)   Evacuate Collection Set: 26.2ms
[2023-12-20T08:30:19.734-0800][54370179ms] GC(1268)   Post Evacuate Collection Set: 2.5ms
[2023-12-20T08:30:19.734-0800][54370179ms] GC(1268)   Other: 0.4ms
[2023-12-20T08:30:19.734-0800][54370179ms] GC(1268) Eden regions: 752->0(752)
[2023-12-20T08:30:19.734-0800][54370179ms] GC(1268) Survivor regions: 31->31(98)
[2023-12-20T08:30:19.734-0800][54370179ms] GC(1268) Old regions: 166->166
[2023-12-20T08:30:19.734-0800][54370179ms] GC(1268) Humongous regions: 5->5
[2023-12-20T08:30:19.734-0800][54370179ms] GC(1268) Metaspace: 256385K->256385K(1294336K)
[2023-12-20T08:30:19.734-0800][54370179ms] GC(1268) Pause Young (Normal) (G1 Evacuation Pause) 1906M->401M(2612M) 29.150ms
[2023-12-20T08:30:19.734-0800][54370179ms] GC(1268) User=0.08s Sys=0.00s Real=0.03s
[2023-12-20T08:30:20.261-0800][54370706ms] GC(1269) Pause Young (Normal) (G1 Evacuation Pause)
[2023-12-20T08:30:20.261-0800][54370706ms] GC(1269) Using 10 workers of 10 for evacuation
[2023-12-20T08:30:20.291-0800][54370736ms] GC(1269)   Pre Evacuate Collection Set: 0.0ms
[2023-12-20T08:30:20.291-0800][54370736ms] GC(1269)   Evacuate Collection Set: 26.7ms
[2023-12-20T08:30:20.291-0800][54370736ms] GC(1269)   Post Evacuate Collection Set: 2.4ms
[2023-12-20T08:30:20.291-0800][54370736ms] GC(1269)   Other: 0.4ms
[2023-12-20T08:30:20.291-0800][54370736ms] GC(1269) Eden regions: 752->0(753)
[2023-12-20T08:30:20.291-0800][54370736ms] GC(1269) Survivor regions: 31->30(98)
[2023-12-20T08:30:20.291-0800][54370736ms] GC(1269) Old regions: 166->166
[2023-12-20T08:30:20.291-0800][54370736ms] GC(1269) Humongous regions: 5->5
[2023-12-20T08:30:20.291-0800][54370736ms] GC(1269) Metaspace: 256385K->256385K(1294336K)
[2023-12-20T08:30:20.291-0800][54370736ms] GC(1269) Pause Young (Normal) (G1 Evacuation Pause) 1905M->400M(2612M) 29.653ms
[2023-12-20T08:30:20.291-0800][54370736ms] GC(1269) User=0.09s Sys=0.00s Real=0.03s
[2023-12-20T08:30:20.891-0800][54371336ms] GC(1270) Pause Young (Normal) (G1 Evacuation Pause)
[2023-12-20T08:30:20.891-0800][54371336ms] GC(1270) Using 10 workers of 10 for evacuation
[2023-12-20T08:30:20.919-0800][54371364ms] GC(1270)   Pre Evacuate Collection Set: 0.0ms
[2023-12-20T08:30:20.919-0800][54371364ms] GC(1270)   Evacuate Collection Set: 25.8ms
[2023-12-20T08:30:20.919-0800][54371364ms] GC(1270)   Post Evacuate Collection Set: 2.4ms
[2023-12-20T08:30:20.919-0800][54371364ms] GC(1270)   Other: 0.3ms
[2023-12-20T08:30:20.919-0800][54371364ms] GC(1270) Eden regions: 753->0(752)
[2023-12-20T08:30:20.919-0800][54371364ms] GC(1270) Survivor regions: 30->31(98)
[2023-12-20T08:30:20.919-0800][54371364ms] GC(1270) Old regions: 166->166
[2023-12-20T08:30:20.919-0800][54371364ms] GC(1270) Humongous regions: 5->5
[2023-12-20T08:30:20.919-0800][54371364ms] GC(1270) Metaspace: 256385K->256385K(1294336K)
[2023-12-20T08:30:20.919-0800][54371364ms] GC(1270) Pause Young (Normal) (G1 Evacuation Pause) 1906M->401M(2612M) 28.747ms
[2023-12-20T08:30:20.919-0800][54371364ms] GC(1270) User=0.11s Sys=0.00s Real=0.03s
[2023-12-20T08:30:21.697-0800][54372142ms] GC(1271) Pause Young (Normal) (G1 Evacuation Pause)
[2023-12-20T08:30:21.697-0800][54372142ms] GC(1271) Using 10 workers of 10 for evacuation
[2023-12-20T08:30:21.729-0800][54372174ms] GC(1271)   Pre Evacuate Collection Set: 0.0ms
[2023-12-20T08:30:21.729-0800][54372174ms] GC(1271)   Evacuate Collection Set: 28.5ms
[2023-12-20T08:30:21.729-0800][54372174ms] GC(1271)   Post Evacuate Collection Set: 2.5ms
[2023-12-20T08:30:21.729-0800][54372174ms] GC(1271)   Other: 0.4ms
[2023-12-20T08:30:21.729-0800][54372174ms] GC(1271) Eden regions: 752->0(752)
[2023-12-20T08:30:21.729-0800][54372174ms] GC(1271) Survivor regions: 31->31(98)
[2023-12-20T08:30:21.729-0800][54372174ms] GC(1271) Old regions: 166->166
[2023-12-20T08:30:21.729-0800][54372174ms] GC(1271) Humongous regions: 5->5
[2023-12-20T08:30:21.729-0800][54372174ms] GC(1271) Metaspace: 256385K->256385K(1294336K)
[2023-12-20T08:30:21.729-0800][54372174ms] GC(1271) Pause Young (Normal) (G1 Evacuation Pause) 1905M->401M(2612M) 31.471ms
[2023-12-20T08:30:21.729-0800][54372174ms] GC(1271) User=0.13s Sys=0.00s Real=0.03s
[2023-12-20T08:30:22.488-0800][54372933ms] GC(1272) Pause Young (Normal) (G1 Evacuation Pause)
[2023-12-20T08:30:22.488-0800][54372933ms] GC(1272) Using 10 workers of 10 for evacuation
[2023-12-20T08:30:22.519-0800][54372964ms] GC(1272)   Pre Evacuate Collection Set: 0.0ms
[2023-12-20T08:30:22.519-0800][54372964ms] GC(1272)   Evacuate Collection Set: 27.9ms
[2023-12-20T08:30:22.519-0800][54372964ms] GC(1272)   Post Evacuate Collection Set: 2.6ms
[2023-12-20T08:30:22.519-0800][54372964ms] GC(1272)   Other: 0.4ms
[2023-12-20T08:30:22.519-0800][54372964ms] GC(1272) Eden regions: 752->0(752)
[2023-12-20T08:30:22.519-0800][54372964ms] GC(1272) Survivor regions: 31->31(98)
[2023-12-20T08:30:22.519-0800][54372964ms] GC(1272) Old regions: 166->166
[2023-12-20T08:30:22.519-0800][54372964ms] GC(1272) Humongous regions: 5->5
[2023-12-20T08:30:22.519-0800][54372964ms] GC(1272) Metaspace: 256385K->256385K(1294336K)
[2023-12-20T08:30:22.519-0800][54372964ms] GC(1272) Pause Young (Normal) (G1 Evacuation Pause) 1905M->401M(2612M) 31.041ms
[2023-12-20T08:30:22.519-0800][54372964ms] GC(1272) User=0.20s Sys=0.00s Real=0.03s
[2023-12-20T08:30:23.236-0800][54373681ms] GC(1273) Pause Young (Normal) (G1 Evacuation Pause)
[2023-12-20T08:30:23.236-0800][54373681ms] GC(1273) Using 10 workers of 10 for evacuation
[2023-12-20T08:30:23.265-0800][54373710ms] GC(1273)   Pre Evacuate Collection Set: 0.0ms
[2023-12-20T08:30:23.265-0800][54373710ms] GC(1273)   Evacuate Collection Set: 27.2ms
[2023-12-20T08:30:23.265-0800][54373710ms] GC(1273)   Post Evacuate Collection Set: 2.4ms
[2023-12-20T08:30:23.265-0800][54373710ms] GC(1273)   Other: 0.4ms
[2023-12-20T08:30:23.265-0800][54373710ms] GC(1273) Eden regions: 752->0(752)
[2023-12-20T08:30:23.265-0800][54373710ms] GC(1273) Survivor regions: 31->31(98)
[2023-12-20T08:30:23.265-0800][54373710ms] GC(1273) Old regions: 166->166
[2023-12-20T08:30:23.265-0800][54373710ms] GC(1273) Humongous regions: 5->5
[2023-12-20T08:30:23.265-0800][54373710ms] GC(1273) Metaspace: 256385K->256385K(1294336K)
[2023-12-20T08:30:23.265-0800][54373710ms] GC(1273) Pause Young (Normal) (G1 Evacuation Pause) 1905M->401M(2612M) 30.257ms
[2023-12-20T08:30:23.265-0800][54373710ms] GC(1273) User=0.11s Sys=0.00s Real=0.03s
[2023-12-20T08:30:23.984-0800][54374429ms] GC(1274) Pause Young (Normal) (G1 Evacuation Pause)
[2023-12-20T08:30:23.984-0800][54374429ms] GC(1274) Using 10 workers of 10 for evacuation
[2023-12-20T08:30:24.012-0800][54374457ms] GC(1274)   Pre Evacuate Collection Set: 0.0ms
[2023-12-20T08:30:24.012-0800][54374457ms] GC(1274)   Evacuate Collection Set: 25.7ms
[2023-12-20T08:30:24.012-0800][54374457ms] GC(1274)   Post Evacuate Collection Set: 2.3ms
[2023-12-20T08:30:24.012-0800][54374457ms] GC(1274)   Other: 0.4ms
[2023-12-20T08:30:24.012-0800][54374457ms] GC(1274) Eden regions: 752->0(752)
[2023-12-20T08:30:24.012-0800][54374457ms] GC(1274) Survivor regions: 31->31(98)
[2023-12-20T08:30:24.012-0800][54374457ms] GC(1274) Old regions: 166->166
[2023-12-20T08:30:24.012-0800][54374457ms] GC(1274) Humongous regions: 5->5
[2023-12-20T08:30:24.012-0800][54374457ms] GC(1274) Metaspace: 256385K->256385K(1294336K)
[2023-12-20T08:30:24.012-0800][54374457ms] GC(1274) Pause Young (Normal) (G1 Evacuation Pause) 1905M->401M(2612M) 28.465ms
[2023-12-20T08:30:24.012-0800][54374457ms] GC(1274) User=0.09s Sys=0.00s Real=0.03s
[2023-12-20T08:30:24.742-0800][54375187ms] GC(1275) Pause Young (Normal) (G1 Evacuation Pause)
[2023-12-20T08:30:24.742-0800][54375187ms] GC(1275) Using 10 workers of 10 for evacuation
[2023-12-20T08:30:24.772-0800][54375217ms] GC(1275)   Pre Evacuate Collection Set: 0.0ms
[2023-12-20T08:30:24.772-0800][54375217ms] GC(1275)   Evacuate Collection Set: 26.9ms
[2023-12-20T08:30:24.772-0800][54375217ms] GC(1275)   Post Evacuate Collection Set: 2.4ms
[2023-12-20T08:30:24.772-0800][54375217ms] GC(1275)   Other: 0.4ms
[2023-12-20T08:30:24.772-0800][54375217ms] GC(1275) Eden regions: 752->0(752)
[2023-12-20T08:30:24.772-0800][54375217ms] GC(1275) Survivor regions: 31->31(98)
[2023-12-20T08:30:24.772-0800][54375217ms] GC(1275) Old regions: 166->166
[2023-12-20T08:30:24.772-0800][54375217ms] GC(1275) Humongous regions: 5->5
[2023-12-20T08:30:24.772-0800][54375217ms] GC(1275) Metaspace: 256385K->256385K(1294336K)
[2023-12-20T08:30:24.772-0800][54375217ms] GC(1275) Pause Young (Normal) (G1 Evacuation Pause) 1905M->401M(2612M) 29.827ms
[2023-12-20T08:30:24.772-0800][54375217ms] GC(1275) User=0.08s Sys=0.00s Real=0.03s
[2023-12-20T08:30:25.448-0800][54375893ms] GC(1276) Pause Young (Normal) (G1 Evacuation Pause)
[2023-12-20T08:30:25.449-0800][54375894ms] GC(1276) Using 10 workers of 10 for evacuation
[2023-12-20T08:30:25.478-0800][54375923ms] GC(1276)   Pre Evacuate Collection Set: 0.0ms
[2023-12-20T08:30:25.478-0800][54375923ms] GC(1276)   Evacuate Collection Set: 27.4ms
[2023-12-20T08:30:25.478-0800][54375923ms] GC(1276)   Post Evacuate Collection Set: 2.3ms
[2023-12-20T08:30:25.478-0800][54375923ms] GC(1276)   Other: 0.4ms
[2023-12-20T08:30:25.478-0800][54375923ms] GC(1276) Eden regions: 752->0(753)
[2023-12-20T08:30:25.478-0800][54375923ms] GC(1276) Survivor regions: 31->30(98)
[2023-12-20T08:30:25.478-0800][54375923ms] GC(1276) Old regions: 166->166
[2023-12-20T08:30:25.478-0800][54375923ms] GC(1276) Humongous regions: 5->5
[2023-12-20T08:30:25.478-0800][54375923ms] GC(1276) Metaspace: 256385K->256385K(1294336K)
[2023-12-20T08:30:25.478-0800][54375923ms] GC(1276) Pause Young (Normal) (G1 Evacuation Pause) 1905M->401M(2612M) 30.159ms
[2023-12-20T08:30:25.478-0800][54375923ms] GC(1276) User=0.08s Sys=0.00s Real=0.03s
[2023-12-20T08:30:26.129-0800][54376574ms] GC(1277) Pause Young (Normal) (G1 Evacuation Pause)
[2023-12-20T08:30:26.129-0800][54376574ms] GC(1277) Using 10 workers of 10 for evacuation
[2023-12-20T08:30:26.159-0800][54376604ms] GC(1277)   Pre Evacuate Collection Set: 0.0ms
[2023-12-20T08:30:26.159-0800][54376604ms] GC(1277)   Evacuate Collection Set: 26.6ms
[2023-12-20T08:30:26.159-0800][54376604ms] GC(1277)   Post Evacuate Collection Set: 2.4ms
[2023-12-20T08:30:26.159-0800][54376604ms] GC(1277)   Other: 0.4ms
[2023-12-20T08:30:26.159-0800][54376604ms] GC(1277) Eden regions: 753->0(753)
[2023-12-20T08:30:26.159-0800][54376604ms] GC(1277) Survivor regions: 30->30(98)
[2023-12-20T08:30:26.159-0800][54376604ms] GC(1277) Old regions: 166->166
[2023-12-20T08:30:26.159-0800][54376604ms] GC(1277) Humongous regions: 5->5
[2023-12-20T08:30:26.159-0800][54376604ms] GC(1277) Metaspace: 256385K->256385K(1294336K)
[2023-12-20T08:30:26.159-0800][54376604ms] GC(1277) Pause Young (Normal) (G1 Evacuation Pause) 1907M->401M(2612M) 29.503ms
[2023-12-20T08:30:26.159-0800][54376604ms] GC(1277) User=0.06s Sys=0.00s Real=0.03s
[2023-12-20T08:30:26.767-0800][54377212ms] GC(1278) Pause Young (Normal) (G1 Evacuation Pause)
[2023-12-20T08:30:26.767-0800][54377212ms] GC(1278) Using 10 workers of 10 for evacuation
[2023-12-20T08:30:26.796-0800][54377241ms] GC(1278)   Pre Evacuate Collection Set: 0.0ms
[2023-12-20T08:30:26.796-0800][54377241ms] GC(1278)   Evacuate Collection Set: 25.9ms
[2023-12-20T08:30:26.796-0800][54377241ms] GC(1278)   Post Evacuate Collection Set: 2.4ms
[2023-12-20T08:30:26.796-0800][54377241ms] GC(1278)   Other: 0.4ms
[2023-12-20T08:30:26.796-0800][54377241ms] GC(1278) Eden regions: 753->0(752)
[2023-12-20T08:30:26.796-0800][54377241ms] GC(1278) Survivor regions: 30->31(98)
[2023-12-20T08:30:26.796-0800][54377241ms] GC(1278) Old regions: 166->166
[2023-12-20T08:30:26.796-0800][54377241ms] GC(1278) Humongous regions: 5->5
[2023-12-20T08:30:26.796-0800][54377241ms] GC(1278) Metaspace: 256385K->256385K(1294336K)
[2023-12-20T08:30:26.796-0800][54377241ms] GC(1278) Pause Young (Normal) (G1 Evacuation Pause) 1907M->402M(2612M) 28.850ms
[2023-12-20T08:30:26.796-0800][54377241ms] GC(1278) User=0.08s Sys=0.00s Real=0.03s
[2023-12-20T08:30:27.496-0800][54377941ms] GC(1279) Pause Young (Normal) (G1 Evacuation Pause)
[2023-12-20T08:30:27.496-0800][54377941ms] GC(1279) Using 10 workers of 10 for evacuation
[2023-12-20T08:30:27.525-0800][54377970ms] GC(1279)   Pre Evacuate Collection Set: 0.0ms
[2023-12-20T08:30:27.525-0800][54377970ms] GC(1279)   Evacuate Collection Set: 27.1ms
[2023-12-20T08:30:27.525-0800][54377970ms] GC(1279)   Post Evacuate Collection Set: 2.3ms
[2023-12-20T08:30:27.525-0800][54377970ms] GC(1279)   Other: 0.4ms
[2023-12-20T08:30:27.525-0800][54377970ms] GC(1279) Eden regions: 752->0(753)
[2023-12-20T08:30:27.525-0800][54377970ms] GC(1279) Survivor regions: 31->30(98)
[2023-12-20T08:30:27.525-0800][54377970ms] GC(1279) Old regions: 166->166
[2023-12-20T08:30:27.525-0800][54377970ms] GC(1279) Humongous regions: 5->5
[2023-12-20T08:30:27.525-0800][54377970ms] GC(1279) Metaspace: 256385K->256385K(1294336K)
[2023-12-20T08:30:27.525-0800][54377970ms] GC(1279) Pause Young (Normal) (G1 Evacuation Pause) 1906M->401M(2612M) 29.929ms
[2023-12-20T08:30:27.525-0800][54377970ms] GC(1279) User=0.13s Sys=0.00s Real=0.03s
[2023-12-20T08:30:28.017-0800][54378462ms] GC(1280) Pause Young (Normal) (G1 Evacuation Pause)
[2023-12-20T08:30:28.017-0800][54378462ms] GC(1280) Using 10 workers of 10 for evacuation
[2023-12-20T08:30:28.046-0800][54378491ms] GC(1280)   Pre Evacuate Collection Set: 0.0ms
[2023-12-20T08:30:28.046-0800][54378491ms] GC(1280)   Evacuate Collection Set: 25.8ms
[2023-12-20T08:30:28.046-0800][54378491ms] GC(1280)   Post Evacuate Collection Set: 2.4ms
[2023-12-20T08:30:28.046-0800][54378491ms] GC(1280)   Other: 0.3ms
[2023-12-20T08:30:28.046-0800][54378491ms] GC(1280) Eden regions: 753->0(753)
[2023-12-20T08:30:28.046-0800][54378491ms] GC(1280) Survivor regions: 30->30(98)
[2023-12-20T08:30:28.046-0800][54378491ms] GC(1280) Old regions: 166->166
[2023-12-20T08:30:28.046-0800][54378491ms] GC(1280) Humongous regions: 5->5
[2023-12-20T08:30:28.046-0800][54378491ms] GC(1280) Metaspace: 256385K->256385K(1294336K)
[2023-12-20T08:30:28.046-0800][54378491ms] GC(1280) Pause Young (Normal) (G1 Evacuation Pause) 1907M->401M(2612M) 28.728ms
[2023-12-20T08:30:28.046-0800][54378491ms] GC(1280) User=0.09s Sys=0.00s Real=0.03s
[2023-12-20T08:30:28.660-0800][54379105ms] GC(1281) Pause Young (Normal) (G1 Evacuation Pause)
[2023-12-20T08:30:28.660-0800][54379105ms] GC(1281) Using 10 workers of 10 for evacuation
[2023-12-20T08:30:28.688-0800][54379133ms] GC(1281)   Pre Evacuate Collection Set: 0.0ms
[2023-12-20T08:30:28.688-0800][54379133ms] GC(1281)   Evacuate Collection Set: 25.5ms
[2023-12-20T08:30:28.688-0800][54379133ms] GC(1281)   Post Evacuate Collection Set: 2.4ms
[2023-12-20T08:30:28.688-0800][54379133ms] GC(1281)   Other: 0.4ms
[2023-12-20T08:30:28.688-0800][54379133ms] GC(1281) Eden regions: 753->0(753)
[2023-12-20T08:30:28.688-0800][54379133ms] GC(1281) Survivor regions: 30->30(98)
[2023-12-20T08:30:28.688-0800][54379133ms] GC(1281) Old regions: 166->166
[2023-12-20T08:30:28.688-0800][54379133ms] GC(1281) Humongous regions: 5->5
[2023-12-20T08:30:28.688-0800][54379133ms] GC(1281) Metaspace: 256385K->256385K(1294336K)
[2023-12-20T08:30:28.688-0800][54379133ms] GC(1281) Pause Young (Normal) (G1 Evacuation Pause) 1907M->401M(2612M) 28.338ms
[2023-12-20T08:30:28.688-0800][54379133ms] GC(1281) User=0.08s Sys=0.00s Real=0.03s
[2023-12-20T08:30:29.249-0800][54379694ms] GC(1282) Pause Young (Normal) (G1 Evacuation Pause)
[2023-12-20T08:30:29.249-0800][54379694ms] GC(1282) Using 10 workers of 10 for evacuation
[2023-12-20T08:30:29.278-0800][54379723ms] GC(1282)   Pre Evacuate Collection Set: 0.0ms
[2023-12-20T08:30:29.278-0800][54379723ms] GC(1282)   Evacuate Collection Set: 25.8ms
[2023-12-20T08:30:29.278-0800][54379723ms] GC(1282)   Post Evacuate Collection Set: 2.4ms
[2023-12-20T08:30:29.278-0800][54379723ms] GC(1282)   Other: 0.3ms
[2023-12-20T08:30:29.278-0800][54379723ms] GC(1282) Eden regions: 753->0(753)
[2023-12-20T08:30:29.278-0800][54379723ms] GC(1282) Survivor regions: 30->30(98)
[2023-12-20T08:30:29.278-0800][54379723ms] GC(1282) Old regions: 166->166
[2023-12-20T08:30:29.278-0800][54379723ms] GC(1282) Humongous regions: 5->5
[2023-12-20T08:30:29.278-0800][54379723ms] GC(1282) Metaspace: 256385K->256385K(1294336K)
[2023-12-20T08:30:29.278-0800][54379723ms] GC(1282) Pause Young (Normal) (G1 Evacuation Pause) 1907M->401M(2612M) 28.713ms
[2023-12-20T08:30:29.278-0800][54379723ms] GC(1282) User=0.05s Sys=0.00s Real=0.03s
[2023-12-20T08:30:29.914-0800][54380359ms] GC(1283) Pause Young (Normal) (G1 Evacuation Pause)
[2023-12-20T08:30:29.914-0800][54380359ms] GC(1283) Using 10 workers of 10 for evacuation
[2023-12-20T08:30:29.942-0800][54380387ms] GC(1283)   Pre Evacuate Collection Set: 0.0ms
[2023-12-20T08:30:29.943-0800][54380388ms] GC(1283)   Evacuate Collection Set: 26.0ms
[2023-12-20T08:30:29.943-0800][54380388ms] GC(1283)   Post Evacuate Collection Set: 2.3ms
[2023-12-20T08:30:29.943-0800][54380388ms] GC(1283)   Other: 0.4ms
[2023-12-20T08:30:29.943-0800][54380388ms] GC(1283) Eden regions: 753->0(753)
[2023-12-20T08:30:29.943-0800][54380388ms] GC(1283) Survivor regions: 30->30(98)
[2023-12-20T08:30:29.943-0800][54380388ms] GC(1283) Old regions: 166->166
[2023-12-20T08:30:29.943-0800][54380388ms] GC(1283) Humongous regions: 5->5
[2023-12-20T08:30:29.943-0800][54380388ms] GC(1283) Metaspace: 256385K->256385K(1294336K)
[2023-12-20T08:30:29.943-0800][54380388ms] GC(1283) Pause Young (Normal) (G1 Evacuation Pause) 1907M->401M(2612M) 28.822ms
[2023-12-20T08:30:29.943-0800][54380388ms] GC(1283) User=0.11s Sys=0.00s Real=0.03s
[2023-12-20T08:30:30.672-0800][54381117ms] GC(1284) Pause Young (Normal) (G1 Evacuation Pause)
[2023-12-20T08:30:30.672-0800][54381117ms] GC(1284) Using 10 workers of 10 for evacuation
[2023-12-20T08:30:30.701-0800][54381146ms] GC(1284)   Pre Evacuate Collection Set: 0.0ms
[2023-12-20T08:30:30.701-0800][54381146ms] GC(1284)   Evacuate Collection Set: 27.0ms
[2023-12-20T08:30:30.701-0800][54381146ms] GC(1284)   Post Evacuate Collection Set: 2.4ms
[2023-12-20T08:30:30.701-0800][54381146ms] GC(1284)   Other: 0.4ms
[2023-12-20T08:30:30.701-0800][54381146ms] GC(1284) Eden regions: 753->0(753)
[2023-12-20T08:30:30.701-0800][54381146ms] GC(1284) Survivor regions: 30->30(98)
[2023-12-20T08:30:30.701-0800][54381146ms] GC(1284) Old regions: 166->166
[2023-12-20T08:30:30.701-0800][54381146ms] GC(1284) Humongous regions: 5->5
[2023-12-20T08:30:30.701-0800][54381146ms] GC(1284) Metaspace: 256385K->256385K(1294336K)
[2023-12-20T08:30:30.701-0800][54381146ms] GC(1284) Pause Young (Normal) (G1 Evacuation Pause) 1907M->401M(2612M) 29.875ms
[2023-12-20T08:30:30.701-0800][54381146ms] GC(1284) User=0.14s Sys=0.00s Real=0.03s
[2023-12-20T08:30:31.177-0800][54381622ms] GC(1285) Pause Young (Normal) (G1 Evacuation Pause)
[2023-12-20T08:30:31.178-0800][54381623ms] GC(1285) Using 10 workers of 10 for evacuation
[2023-12-20T08:30:31.205-0800][54381650ms] GC(1285)   Pre Evacuate Collection Set: 0.0ms
[2023-12-20T08:30:31.205-0800][54381650ms] GC(1285)   Evacuate Collection Set: 25.4ms
[2023-12-20T08:30:31.205-0800][54381650ms] GC(1285)   Post Evacuate Collection Set: 2.4ms
[2023-12-20T08:30:31.205-0800][54381650ms] GC(1285)   Other: 0.4ms
[2023-12-20T08:30:31.205-0800][54381650ms] GC(1285) Eden regions: 753->0(753)
[2023-12-20T08:30:31.205-0800][54381650ms] GC(1285) Survivor regions: 30->30(98)
[2023-12-20T08:30:31.205-0800][54381650ms] GC(1285) Old regions: 166->166
[2023-12-20T08:30:31.205-0800][54381650ms] GC(1285) Humongous regions: 5->5
[2023-12-20T08:30:31.205-0800][54381650ms] GC(1285) Metaspace: 256385K->256385K(1294336K)
[2023-12-20T08:30:31.205-0800][54381650ms] GC(1285) Pause Young (Normal) (G1 Evacuation Pause) 1907M->400M(2612M) 28.318ms
[2023-12-20T08:30:31.205-0800][54381650ms] GC(1285) User=0.14s Sys=0.00s Real=0.03s
[2023-12-20T08:30:31.783-0800][54382228ms] GC(1286) Pause Young (Normal) (G1 Evacuation Pause)
[2023-12-20T08:30:31.783-0800][54382228ms] GC(1286) Using 10 workers of 10 for evacuation
[2023-12-20T08:30:31.812-0800][54382257ms] GC(1286)   Pre Evacuate Collection Set: 0.0ms
[2023-12-20T08:30:31.812-0800][54382257ms] GC(1286)   Evacuate Collection Set: 26.4ms
[2023-12-20T08:30:31.812-0800][54382257ms] GC(1286)   Post Evacuate Collection Set: 2.2ms
[2023-12-20T08:30:31.812-0800][54382257ms] GC(1286)   Other: 0.4ms
[2023-12-20T08:30:31.812-0800][54382257ms] GC(1286) Eden regions: 753->0(753)
[2023-12-20T08:30:31.812-0800][54382257ms] GC(1286) Survivor regions: 30->30(98)
[2023-12-20T08:30:31.812-0800][54382257ms] GC(1286) Old regions: 166->166
[2023-12-20T08:30:31.812-0800][54382257ms] GC(1286) Humongous regions: 5->5
[2023-12-20T08:30:31.812-0800][54382257ms] GC(1286) Metaspace: 256385K->256385K(1294336K)
[2023-12-20T08:30:31.812-0800][54382257ms] GC(1286) Pause Young (Normal) (G1 Evacuation Pause) 1906M->401M(2612M) 29.121ms
[2023-12-20T08:30:31.812-0800][54382257ms] GC(1286) User=0.14s Sys=0.00s Real=0.03s
[2023-12-20T08:30:32.619-0800][54383064ms] GC(1287) Pause Young (Normal) (G1 Evacuation Pause)
[2023-12-20T08:30:32.619-0800][54383064ms] GC(1287) Using 10 workers of 10 for evacuation
[2023-12-20T08:30:32.649-0800][54383094ms] GC(1287)   Pre Evacuate Collection Set: 0.0ms
[2023-12-20T08:30:32.649-0800][54383094ms] GC(1287)   Evacuate Collection Set: 27.8ms
[2023-12-20T08:30:32.649-0800][54383094ms] GC(1287)   Post Evacuate Collection Set: 2.4ms
[2023-12-20T08:30:32.650-0800][54383095ms] GC(1287)   Other: 0.4ms
[2023-12-20T08:30:32.650-0800][54383095ms] GC(1287) Eden regions: 753->0(753)
[2023-12-20T08:30:32.650-0800][54383095ms] GC(1287) Survivor regions: 30->30(98)
[2023-12-20T08:30:32.650-0800][54383095ms] GC(1287) Old regions: 166->166
[2023-12-20T08:30:32.650-0800][54383095ms] GC(1287) Humongous regions: 5->5
[2023-12-20T08:30:32.650-0800][54383095ms] GC(1287) Metaspace: 256385K->256385K(1294336K)
[2023-12-20T08:30:32.650-0800][54383095ms] GC(1287) Pause Young (Normal) (G1 Evacuation Pause) 1907M->401M(2612M) 30.755ms
[2023-12-20T08:30:32.650-0800][54383095ms] GC(1287) User=0.09s Sys=0.00s Real=0.03s
[2023-12-20T08:30:33.473-0800][54383918ms] GC(1288) Pause Young (Normal) (G1 Evacuation Pause)
[2023-12-20T08:30:33.473-0800][54383918ms] GC(1288) Using 10 workers of 10 for evacuation
[2023-12-20T08:30:33.502-0800][54383947ms] GC(1288)   Pre Evacuate Collection Set: 0.0ms
[2023-12-20T08:30:33.502-0800][54383947ms] GC(1288)   Evacuate Collection Set: 26.5ms
[2023-12-20T08:30:33.502-0800][54383947ms] GC(1288)   Post Evacuate Collection Set: 2.3ms
[2023-12-20T08:30:33.502-0800][54383947ms] GC(1288)   Other: 0.3ms
[2023-12-20T08:30:33.502-0800][54383947ms] GC(1288) Eden regions: 753->0(753)
[2023-12-20T08:30:33.502-0800][54383947ms] GC(1288) Survivor regions: 30->30(98)
[2023-12-20T08:30:33.502-0800][54383947ms] GC(1288) Old regions: 166->166
[2023-12-20T08:30:33.502-0800][54383947ms] GC(1288) Humongous regions: 5->5
[2023-12-20T08:30:33.502-0800][54383947ms] GC(1288) Metaspace: 256385K->256385K(1294336K)
[2023-12-20T08:30:33.502-0800][54383947ms] GC(1288) Pause Young (Normal) (G1 Evacuation Pause) 1907M->401M(2612M) 29.387ms
[2023-12-20T08:30:33.502-0800][54383947ms] GC(1288) User=0.05s Sys=0.00s Real=0.03s
[2023-12-20T08:30:34.256-0800][54384701ms] GC(1289) Pause Young (Normal) (G1 Evacuation Pause)
[2023-12-20T08:30:34.257-0800][54384702ms] GC(1289) Using 10 workers of 10 for evacuation
[2023-12-20T08:30:34.286-0800][54384731ms] GC(1289)   Pre Evacuate Collection Set: 0.1ms
[2023-12-20T08:30:34.286-0800][54384731ms] GC(1289)   Evacuate Collection Set: 26.1ms
[2023-12-20T08:30:34.286-0800][54384731ms] GC(1289)   Post Evacuate Collection Set: 2.4ms
[2023-12-20T08:30:34.286-0800][54384731ms] GC(1289)   Other: 0.5ms
[2023-12-20T08:30:34.286-0800][54384731ms] GC(1289) Eden regions: 753->0(753)
[2023-12-20T08:30:34.286-0800][54384731ms] GC(1289) Survivor regions: 30->30(98)
[2023-12-20T08:30:34.286-0800][54384731ms] GC(1289) Old regions: 166->166
[2023-12-20T08:30:34.286-0800][54384731ms] GC(1289) Humongous regions: 5->5
[2023-12-20T08:30:34.286-0800][54384731ms] GC(1289) Metaspace: 256385K->256385K(1294336K)
[2023-12-20T08:30:34.286-0800][54384731ms] GC(1289) Pause Young (Normal) (G1 Evacuation Pause) 1907M->401M(2612M) 29.055ms
[2023-12-20T08:30:34.286-0800][54384731ms] GC(1289) User=0.08s Sys=0.00s Real=0.03s
[2023-12-20T08:30:35.074-0800][54385519ms] GC(1290) Pause Young (Normal) (GCLocker Initiated GC)
[2023-12-20T08:30:35.074-0800][54385519ms] GC(1290) Using 10 workers of 10 for evacuation
[2023-12-20T08:30:35.103-0800][54385548ms] GC(1290)   Pre Evacuate Collection Set: 0.0ms
[2023-12-20T08:30:35.103-0800][54385548ms] GC(1290)   Evacuate Collection Set: 27.2ms
[2023-12-20T08:30:35.103-0800][54385548ms] GC(1290)   Post Evacuate Collection Set: 2.6ms
[2023-12-20T08:30:35.103-0800][54385548ms] GC(1290)   Other: 0.4ms
[2023-12-20T08:30:35.103-0800][54385548ms] GC(1290) Eden regions: 754->0(753)
[2023-12-20T08:30:35.103-0800][54385548ms] GC(1290) Survivor regions: 30->30(98)
[2023-12-20T08:30:35.103-0800][54385548ms] GC(1290) Old regions: 166->166
[2023-12-20T08:30:35.103-0800][54385548ms] GC(1290) Humongous regions: 5->5
[2023-12-20T08:30:35.103-0800][54385548ms] GC(1290) Metaspace: 256385K->256385K(1294336K)
[2023-12-20T08:30:35.103-0800][54385548ms] GC(1290) Pause Young (Normal) (GCLocker Initiated GC) 1908M->401M(2612M) 30.288ms
[2023-12-20T08:30:35.103-0800][54385548ms] GC(1290) User=0.09s Sys=0.00s Real=0.03s
[2023-12-20T08:30:35.882-0800][54386327ms] GC(1291) Pause Young (Normal) (GCLocker Initiated GC)
[2023-12-20T08:30:35.882-0800][54386327ms] GC(1291) Using 10 workers of 10 for evacuation
[2023-12-20T08:30:35.911-0800][54386356ms] GC(1291)   Pre Evacuate Collection Set: 0.0ms
[2023-12-20T08:30:35.911-0800][54386356ms] GC(1291)   Evacuate Collection Set: 26.6ms
[2023-12-20T08:30:35.911-0800][54386356ms] GC(1291)   Post Evacuate Collection Set: 2.5ms
[2023-12-20T08:30:35.911-0800][54386356ms] GC(1291)   Other: 0.4ms
[2023-12-20T08:30:35.911-0800][54386356ms] GC(1291) Eden regions: 754->0(753)
[2023-12-20T08:30:35.911-0800][54386356ms] GC(1291) Survivor regions: 30->30(98)
[2023-12-20T08:30:35.911-0800][54386356ms] GC(1291) Old regions: 166->166
[2023-12-20T08:30:35.911-0800][54386356ms] GC(1291) Humongous regions: 5->5
[2023-12-20T08:30:35.911-0800][54386356ms] GC(1291) Metaspace: 256385K->256385K(1294336K)
[2023-12-20T08:30:35.911-0800][54386356ms] GC(1291) Pause Young (Normal) (GCLocker Initiated GC) 1908M->401M(2612M) 29.720ms
[2023-12-20T08:30:35.911-0800][54386356ms] GC(1291) User=0.13s Sys=0.00s Real=0.03s
[2023-12-20T08:30:36.749-0800][54387194ms] GC(1292) Pause Young (Normal) (GCLocker Initiated GC)
[2023-12-20T08:30:36.749-0800][54387194ms] GC(1292) Using 10 workers of 10 for evacuation
[2023-12-20T08:30:36.779-0800][54387224ms] GC(1292)   Pre Evacuate Collection Set: 0.0ms
[2023-12-20T08:30:36.780-0800][54387225ms] GC(1292)   Evacuate Collection Set: 27.4ms
[2023-12-20T08:30:36.780-0800][54387225ms] GC(1292)   Post Evacuate Collection Set: 2.4ms
[2023-12-20T08:30:36.780-0800][54387225ms] GC(1292)   Other: 0.4ms
[2023-12-20T08:30:36.780-0800][54387225ms] GC(1292) Eden regions: 754->0(753)
[2023-12-20T08:30:36.780-0800][54387225ms] GC(1292) Survivor regions: 30->30(98)
[2023-12-20T08:30:36.780-0800][54387225ms] GC(1292) Old regions: 166->166
[2023-12-20T08:30:36.780-0800][54387225ms] GC(1292) Humongous regions: 5->5
[2023-12-20T08:30:36.780-0800][54387225ms] GC(1292) Metaspace: 256385K->256385K(1294336K)
[2023-12-20T08:30:36.780-0800][54387225ms] GC(1292) Pause Young (Normal) (GCLocker Initiated GC) 1908M->401M(2612M) 30.341ms
[2023-12-20T08:30:36.780-0800][54387225ms] GC(1292) User=0.08s Sys=0.00s Real=0.03s
[2023-12-20T08:30:37.691-0800][54388136ms] GC(1293) Pause Young (Normal) (G1 Evacuation Pause)
[2023-12-20T08:30:37.691-0800][54388136ms] GC(1293) Using 10 workers of 10 for evacuation
[2023-12-20T08:30:37.721-0800][54388166ms] GC(1293)   Pre Evacuate Collection Set: 0.0ms
[2023-12-20T08:30:37.721-0800][54388166ms] GC(1293)   Evacuate Collection Set: 26.5ms
[2023-12-20T08:30:37.721-0800][54388166ms] GC(1293)   Post Evacuate Collection Set: 2.4ms
[2023-12-20T08:30:37.721-0800][54388166ms] GC(1293)   Other: 0.4ms
[2023-12-20T08:30:37.721-0800][54388166ms] GC(1293) Eden regions: 753->0(753)
[2023-12-20T08:30:37.721-0800][54388166ms] GC(1293) Survivor regions: 30->30(98)
[2023-12-20T08:30:37.721-0800][54388166ms] GC(1293) Old regions: 166->166
[2023-12-20T08:30:37.721-0800][54388166ms] GC(1293) Humongous regions: 5->5
[2023-12-20T08:30:37.721-0800][54388166ms] GC(1293) Metaspace: 256385K->256385K(1294336K)
[2023-12-20T08:30:37.721-0800][54388166ms] GC(1293) Pause Young (Normal) (G1 Evacuation Pause) 1907M->401M(2612M) 29.446ms
[2023-12-20T08:30:37.721-0800][54388166ms] GC(1293) User=0.11s Sys=0.00s Real=0.03s
[2023-12-20T08:30:38.419-0800][54388864ms] GC(1294) Pause Young (Normal) (G1 Evacuation Pause)
[2023-12-20T08:30:38.419-0800][54388864ms] GC(1294) Using 10 workers of 10 for evacuation
[2023-12-20T08:30:38.449-0800][54388894ms] GC(1294)   Pre Evacuate Collection Set: 0.0ms
[2023-12-20T08:30:38.449-0800][54388894ms] GC(1294)   Evacuate Collection Set: 26.4ms
[2023-12-20T08:30:38.449-0800][54388894ms] GC(1294)   Post Evacuate Collection Set: 2.6ms
[2023-12-20T08:30:38.449-0800][54388894ms] GC(1294)   Other: 0.4ms
[2023-12-20T08:30:38.449-0800][54388894ms] GC(1294) Eden regions: 753->0(753)
[2023-12-20T08:30:38.449-0800][54388894ms] GC(1294) Survivor regions: 30->30(98)
[2023-12-20T08:30:38.449-0800][54388894ms] GC(1294) Old regions: 166->166
[2023-12-20T08:30:38.449-0800][54388894ms] GC(1294) Humongous regions: 5->5
[2023-12-20T08:30:38.449-0800][54388894ms] GC(1294) Metaspace: 256385K->256385K(1294336K)
[2023-12-20T08:30:38.449-0800][54388894ms] GC(1294) Pause Young (Normal) (G1 Evacuation Pause) 1907M->401M(2612M) 29.478ms
[2023-12-20T08:30:38.449-0800][54388894ms] GC(1294) User=0.09s Sys=0.00s Real=0.03s
[2023-12-20T08:30:39.129-0800][54389574ms] GC(1295) Pause Young (Normal) (G1 Evacuation Pause)
[2023-12-20T08:30:39.129-0800][54389574ms] GC(1295) Using 10 workers of 10 for evacuation
[2023-12-20T08:30:39.158-0800][54389603ms] GC(1295)   Pre Evacuate Collection Set: 0.0ms
[2023-12-20T08:30:39.158-0800][54389603ms] GC(1295)   Evacuate Collection Set: 27.0ms
[2023-12-20T08:30:39.158-0800][54389603ms] GC(1295)   Post Evacuate Collection Set: 2.8ms
[2023-12-20T08:30:39.158-0800][54389603ms] GC(1295)   Other: 0.4ms
[2023-12-20T08:30:39.158-0800][54389603ms] GC(1295) Eden regions: 753->0(753)
[2023-12-20T08:30:39.158-0800][54389603ms] GC(1295) Survivor regions: 30->30(98)
[2023-12-20T08:30:39.158-0800][54389603ms] GC(1295) Old regions: 166->166
[2023-12-20T08:30:39.158-0800][54389603ms] GC(1295) Humongous regions: 5->5
[2023-12-20T08:30:39.158-0800][54389603ms] GC(1295) Metaspace: 256385K->256385K(1294336K)
[2023-12-20T08:30:39.159-0800][54389604ms] GC(1295) Pause Young (Normal) (G1 Evacuation Pause) 1907M->401M(2612M) 30.361ms
[2023-12-20T08:30:39.159-0800][54389604ms] GC(1295) User=0.09s Sys=0.00s Real=0.03s
[2023-12-20T08:30:39.953-0800][54390398ms] GC(1296) Pause Young (Normal) (G1 Evacuation Pause)
[2023-12-20T08:30:39.953-0800][54390398ms] GC(1296) Using 10 workers of 10 for evacuation
[2023-12-20T08:30:39.983-0800][54390428ms] GC(1296)   Pre Evacuate Collection Set: 0.0ms
[2023-12-20T08:30:39.983-0800][54390428ms] GC(1296)   Evacuate Collection Set: 27.0ms
[2023-12-20T08:30:39.983-0800][54390428ms] GC(1296)   Post Evacuate Collection Set: 2.4ms
[2023-12-20T08:30:39.983-0800][54390428ms] GC(1296)   Other: 0.3ms
[2023-12-20T08:30:39.983-0800][54390428ms] GC(1296) Eden regions: 753->0(753)
[2023-12-20T08:30:39.983-0800][54390428ms] GC(1296) Survivor regions: 30->30(98)
[2023-12-20T08:30:39.983-0800][54390428ms] GC(1296) Old regions: 166->166
[2023-12-20T08:30:39.983-0800][54390428ms] GC(1296) Humongous regions: 5->5
[2023-12-20T08:30:39.983-0800][54390428ms] GC(1296) Metaspace: 256385K->256385K(1294336K)
[2023-12-20T08:30:39.983-0800][54390428ms] GC(1296) Pause Young (Normal) (G1 Evacuation Pause) 1907M->401M(2612M) 29.871ms
[2023-12-20T08:30:39.983-0800][54390428ms] GC(1296) User=0.09s Sys=0.00s Real=0.03s
[2023-12-20T08:30:40.800-0800][54391245ms] GC(1297) Pause Young (Normal) (G1 Evacuation Pause)
[2023-12-20T08:30:40.800-0800][54391245ms] GC(1297) Using 10 workers of 10 for evacuation
[2023-12-20T08:30:40.831-0800][54391276ms] GC(1297)   Pre Evacuate Collection Set: 0.0ms
[2023-12-20T08:30:40.831-0800][54391276ms] GC(1297)   Evacuate Collection Set: 27.5ms
[2023-12-20T08:30:40.831-0800][54391276ms] GC(1297)   Post Evacuate Collection Set: 2.5ms
[2023-12-20T08:30:40.831-0800][54391276ms] GC(1297)   Other: 0.3ms
[2023-12-20T08:30:40.831-0800][54391276ms] GC(1297) Eden regions: 753->0(753)
[2023-12-20T08:30:40.831-0800][54391276ms] GC(1297) Survivor regions: 30->30(98)
[2023-12-20T08:30:40.831-0800][54391276ms] GC(1297) Old regions: 166->166
[2023-12-20T08:30:40.831-0800][54391276ms] GC(1297) Humongous regions: 5->5
[2023-12-20T08:30:40.831-0800][54391276ms] GC(1297) Metaspace: 256385K->256385K(1294336K)
[2023-12-20T08:30:40.831-0800][54391276ms] GC(1297) Pause Young (Normal) (G1 Evacuation Pause) 1907M->400M(2612M) 30.524ms
[2023-12-20T08:30:40.831-0800][54391276ms] GC(1297) User=0.13s Sys=0.00s Real=0.03s
[2023-12-20T08:30:41.585-0800][54392030ms] GC(1298) Pause Young (Normal) (G1 Evacuation Pause)
[2023-12-20T08:30:41.585-0800][54392030ms] GC(1298) Using 10 workers of 10 for evacuation
[2023-12-20T08:30:41.617-0800][54392062ms] GC(1298)   Pre Evacuate Collection Set: 0.1ms
[2023-12-20T08:30:41.617-0800][54392062ms] GC(1298)   Evacuate Collection Set: 29.1ms
[2023-12-20T08:30:41.617-0800][54392062ms] GC(1298)   Post Evacuate Collection Set: 2.5ms
[2023-12-20T08:30:41.617-0800][54392062ms] GC(1298)   Other: 0.4ms
[2023-12-20T08:30:41.617-0800][54392062ms] GC(1298) Eden regions: 753->0(753)
[2023-12-20T08:30:41.617-0800][54392062ms] GC(1298) Survivor regions: 30->30(98)
[2023-12-20T08:30:41.617-0800][54392062ms] GC(1298) Old regions: 166->166
[2023-12-20T08:30:41.617-0800][54392062ms] GC(1298) Humongous regions: 5->5
[2023-12-20T08:30:41.617-0800][54392062ms] GC(1298) Metaspace: 256385K->256385K(1294336K)
[2023-12-20T08:30:41.617-0800][54392062ms] GC(1298) Pause Young (Normal) (G1 Evacuation Pause) 1906M->401M(2612M) 32.131ms
[2023-12-20T08:30:41.617-0800][54392062ms] GC(1298) User=0.11s Sys=0.00s Real=0.03s
[2023-12-20T08:30:42.419-0800][54392864ms] GC(1299) Pause Young (Normal) (G1 Evacuation Pause)
[2023-12-20T08:30:42.419-0800][54392864ms] GC(1299) Using 10 workers of 10 for evacuation
[2023-12-20T08:30:42.449-0800][54392894ms] GC(1299)   Pre Evacuate Collection Set: 0.0ms
[2023-12-20T08:30:42.450-0800][54392895ms] GC(1299)   Evacuate Collection Set: 27.8ms
[2023-12-20T08:30:42.450-0800][54392895ms] GC(1299)   Post Evacuate Collection Set: 2.4ms
[2023-12-20T08:30:42.450-0800][54392895ms] GC(1299)   Other: 0.3ms
[2023-12-20T08:30:42.450-0800][54392895ms] GC(1299) Eden regions: 753->0(753)
[2023-12-20T08:30:42.450-0800][54392895ms] GC(1299) Survivor regions: 30->30(98)
[2023-12-20T08:30:42.450-0800][54392895ms] GC(1299) Old regions: 166->166
[2023-12-20T08:30:42.450-0800][54392895ms] GC(1299) Humongous regions: 5->5
[2023-12-20T08:30:42.450-0800][54392895ms] GC(1299) Metaspace: 256385K->256385K(1294336K)
[2023-12-20T08:30:42.450-0800][54392895ms] GC(1299) Pause Young (Normal) (G1 Evacuation Pause) 1907M->400M(2612M) 30.754ms
[2023-12-20T08:30:42.450-0800][54392895ms] GC(1299) User=0.13s Sys=0.00s Real=0.03s
[2023-12-20T08:30:43.179-0800][54393624ms] GC(1300) Pause Young (Normal) (G1 Evacuation Pause)
[2023-12-20T08:30:43.179-0800][54393624ms] GC(1300) Using 10 workers of 10 for evacuation
[2023-12-20T08:30:43.209-0800][54393654ms] GC(1300)   Pre Evacuate Collection Set: 0.0ms
[2023-12-20T08:30:43.209-0800][54393654ms] GC(1300)   Evacuate Collection Set: 26.6ms
[2023-12-20T08:30:43.209-0800][54393654ms] GC(1300)   Post Evacuate Collection Set: 2.4ms
[2023-12-20T08:30:43.209-0800][54393654ms] GC(1300)   Other: 0.4ms
[2023-12-20T08:30:43.209-0800][54393654ms] GC(1300) Eden regions: 753->0(753)
[2023-12-20T08:30:43.209-0800][54393654ms] GC(1300) Survivor regions: 30->30(98)
[2023-12-20T08:30:43.209-0800][54393654ms] GC(1300) Old regions: 166->166
[2023-12-20T08:30:43.209-0800][54393654ms] GC(1300) Humongous regions: 5->5
[2023-12-20T08:30:43.209-0800][54393654ms] GC(1300) Metaspace: 256385K->256385K(1294336K)
[2023-12-20T08:30:43.209-0800][54393654ms] GC(1300) Pause Young (Normal) (G1 Evacuation Pause) 1906M->401M(2612M) 29.595ms
[2023-12-20T08:30:43.209-0800][54393654ms] GC(1300) User=0.14s Sys=0.00s Real=0.03s
[2023-12-20T08:30:43.996-0800][54394441ms] GC(1301) Pause Young (Normal) (G1 Evacuation Pause)
[2023-12-20T08:30:43.996-0800][54394441ms] GC(1301) Using 10 workers of 10 for evacuation
[2023-12-20T08:30:44.025-0800][54394470ms] GC(1301)   Pre Evacuate Collection Set: 0.0ms
[2023-12-20T08:30:44.025-0800][54394470ms] GC(1301)   Evacuate Collection Set: 26.3ms
[2023-12-20T08:30:44.025-0800][54394470ms] GC(1301)   Post Evacuate Collection Set: 2.3ms
[2023-12-20T08:30:44.025-0800][54394470ms] GC(1301)   Other: 0.3ms
[2023-12-20T08:30:44.025-0800][54394470ms] GC(1301) Eden regions: 753->0(753)
[2023-12-20T08:30:44.025-0800][54394470ms] GC(1301) Survivor regions: 30->30(98)
[2023-12-20T08:30:44.025-0800][54394470ms] GC(1301) Old regions: 166->166
[2023-12-20T08:30:44.025-0800][54394470ms] GC(1301) Humongous regions: 5->5
[2023-12-20T08:30:44.025-0800][54394470ms] GC(1301) Metaspace: 256385K->256385K(1294336K)
[2023-12-20T08:30:44.025-0800][54394470ms] GC(1301) Pause Young (Normal) (G1 Evacuation Pause) 1907M->400M(2612M) 29.041ms
[2023-12-20T08:30:44.025-0800][54394470ms] GC(1301) User=0.14s Sys=0.00s Real=0.03s
[2023-12-20T08:30:44.773-0800][54395218ms] GC(1302) Pause Young (Normal) (G1 Evacuation Pause)
[2023-12-20T08:30:44.773-0800][54395218ms] GC(1302) Using 10 workers of 10 for evacuation
[2023-12-20T08:30:44.804-0800][54395249ms] GC(1302)   Pre Evacuate Collection Set: 0.0ms
[2023-12-20T08:30:44.804-0800][54395249ms] GC(1302)   Evacuate Collection Set: 27.9ms
[2023-12-20T08:30:44.804-0800][54395249ms] GC(1302)   Post Evacuate Collection Set: 2.5ms
[2023-12-20T08:30:44.804-0800][54395249ms] GC(1302)   Other: 0.4ms
[2023-12-20T08:30:44.804-0800][54395249ms] GC(1302) Eden regions: 753->0(753)
[2023-12-20T08:30:44.804-0800][54395249ms] GC(1302) Survivor regions: 30->30(98)
[2023-12-20T08:30:44.804-0800][54395249ms] GC(1302) Old regions: 166->166
[2023-12-20T08:30:44.804-0800][54395249ms] GC(1302) Humongous regions: 5->5
[2023-12-20T08:30:44.804-0800][54395249ms] GC(1302) Metaspace: 256385K->256385K(1294336K)
[2023-12-20T08:30:44.804-0800][54395249ms] GC(1302) Pause Young (Normal) (G1 Evacuation Pause) 1906M->401M(2612M) 30.926ms
[2023-12-20T08:30:44.804-0800][54395249ms] GC(1302) User=0.09s Sys=0.00s Real=0.03s
[2023-12-20T08:30:45.515-0800][54395960ms] GC(1303) Pause Young (Normal) (G1 Evacuation Pause)
[2023-12-20T08:30:45.515-0800][54395960ms] GC(1303) Using 10 workers of 10 for evacuation
[2023-12-20T08:30:45.546-0800][54395991ms] GC(1303)   Pre Evacuate Collection Set: 0.0ms
[2023-12-20T08:30:45.546-0800][54395991ms] GC(1303)   Evacuate Collection Set: 27.0ms
[2023-12-20T08:30:45.546-0800][54395991ms] GC(1303)   Post Evacuate Collection Set: 3.6ms
[2023-12-20T08:30:45.546-0800][54395991ms] GC(1303)   Other: 0.4ms
[2023-12-20T08:30:45.546-0800][54395991ms] GC(1303) Eden regions: 753->0(754)
[2023-12-20T08:30:45.546-0800][54395991ms] GC(1303) Survivor regions: 30->29(98)
[2023-12-20T08:30:45.546-0800][54395991ms] GC(1303) Old regions: 166->166
[2023-12-20T08:30:45.546-0800][54395991ms] GC(1303) Humongous regions: 5->5
[2023-12-20T08:30:45.546-0800][54395991ms] GC(1303) Metaspace: 256385K->256385K(1294336K)
[2023-12-20T08:30:45.546-0800][54395991ms] GC(1303) Pause Young (Normal) (G1 Evacuation Pause) 1907M->399M(2612M) 31.260ms
[2023-12-20T08:30:45.546-0800][54395991ms] GC(1303) User=0.00s Sys=0.00s Real=0.03s
[2023-12-20T08:30:46.305-0800][54396750ms] GC(1304) Pause Young (Normal) (G1 Evacuation Pause)
[2023-12-20T08:30:46.305-0800][54396750ms] GC(1304) Using 10 workers of 10 for evacuation
[2023-12-20T08:30:46.336-0800][54396781ms] GC(1304)   Pre Evacuate Collection Set: 0.0ms
[2023-12-20T08:30:46.336-0800][54396781ms] GC(1304)   Evacuate Collection Set: 28.6ms
[2023-12-20T08:30:46.336-0800][54396781ms] GC(1304)   Post Evacuate Collection Set: 3.0ms
[2023-12-20T08:30:46.336-0800][54396781ms] GC(1304)   Other: 0.4ms
[2023-12-20T08:30:46.336-0800][54396781ms] GC(1304) Eden regions: 754->0(753)
[2023-12-20T08:30:46.336-0800][54396781ms] GC(1304) Survivor regions: 29->30(98)
[2023-12-20T08:30:46.336-0800][54396781ms] GC(1304) Old regions: 166->166
[2023-12-20T08:30:46.336-0800][54396781ms] GC(1304) Humongous regions: 5->5
[2023-12-20T08:30:46.336-0800][54396781ms] GC(1304) Metaspace: 256385K->256385K(1294336K)
[2023-12-20T08:30:46.336-0800][54396781ms] GC(1304) Pause Young (Normal) (G1 Evacuation Pause) 1907M->400M(2612M) 32.221ms
[2023-12-20T08:30:46.336-0800][54396781ms] GC(1304) User=0.13s Sys=0.00s Real=0.03s
[2023-12-20T08:30:47.089-0800][54397534ms] GC(1305) Pause Young (Normal) (G1 Evacuation Pause)
[2023-12-20T08:30:47.090-0800][54397535ms] GC(1305) Using 10 workers of 10 for evacuation
[2023-12-20T08:30:47.120-0800][54397565ms] GC(1305)   Pre Evacuate Collection Set: 0.0ms
[2023-12-20T08:30:47.120-0800][54397565ms] GC(1305)   Evacuate Collection Set: 27.7ms
[2023-12-20T08:30:47.120-0800][54397565ms] GC(1305)   Post Evacuate Collection Set: 2.4ms
[2023-12-20T08:30:47.120-0800][54397565ms] GC(1305)   Other: 0.3ms
[2023-12-20T08:30:47.120-0800][54397565ms] GC(1305) Eden regions: 753->0(753)
[2023-12-20T08:30:47.120-0800][54397565ms] GC(1305) Survivor regions: 30->30(98)
[2023-12-20T08:30:47.120-0800][54397565ms] GC(1305) Old regions: 166->166
[2023-12-20T08:30:47.120-0800][54397565ms] GC(1305) Humongous regions: 5->5
[2023-12-20T08:30:47.120-0800][54397565ms] GC(1305) Metaspace: 256385K->256385K(1294336K)
[2023-12-20T08:30:47.120-0800][54397565ms] GC(1305) Pause Young (Normal) (G1 Evacuation Pause) 1906M->400M(2612M) 30.558ms
[2023-12-20T08:30:47.120-0800][54397565ms] GC(1305) User=0.13s Sys=0.00s Real=0.03s
[2023-12-20T08:30:47.826-0800][54398271ms] GC(1306) Pause Young (Normal) (G1 Evacuation Pause)
[2023-12-20T08:30:47.826-0800][54398271ms] GC(1306) Using 10 workers of 10 for evacuation
[2023-12-20T08:30:47.855-0800][54398300ms] GC(1306)   Pre Evacuate Collection Set: 0.0ms
[2023-12-20T08:30:47.855-0800][54398300ms] GC(1306)   Evacuate Collection Set: 27.5ms
[2023-12-20T08:30:47.855-0800][54398300ms] GC(1306)   Post Evacuate Collection Set: 2.5ms
[2023-12-20T08:30:47.855-0800][54398300ms] GC(1306)   Other: 0.4ms
[2023-12-20T08:30:47.855-0800][54398300ms] GC(1306) Eden regions: 753->0(753)
[2023-12-20T08:30:47.855-0800][54398300ms] GC(1306) Survivor regions: 30->30(98)
[2023-12-20T08:30:47.855-0800][54398300ms] GC(1306) Old regions: 166->166
[2023-12-20T08:30:47.855-0800][54398300ms] GC(1306) Humongous regions: 5->5
[2023-12-20T08:30:47.855-0800][54398300ms] GC(1306) Metaspace: 256385K->256385K(1294336K)
[2023-12-20T08:30:47.855-0800][54398300ms] GC(1306) Pause Young (Normal) (G1 Evacuation Pause) 1906M->401M(2612M) 30.504ms
[2023-12-20T08:30:47.855-0800][54398300ms] GC(1306) User=0.06s Sys=0.00s Real=0.03s
[2023-12-20T08:30:48.631-0800][54399076ms] GC(1307) Pause Young (Normal) (G1 Evacuation Pause)
[2023-12-20T08:30:48.631-0800][54399076ms] GC(1307) Using 10 workers of 10 for evacuation
[2023-12-20T08:30:48.662-0800][54399107ms] GC(1307)   Pre Evacuate Collection Set: 0.0ms
[2023-12-20T08:30:48.662-0800][54399107ms] GC(1307)   Evacuate Collection Set: 27.1ms
[2023-12-20T08:30:48.662-0800][54399107ms] GC(1307)   Post Evacuate Collection Set: 2.5ms
[2023-12-20T08:30:48.662-0800][54399107ms] GC(1307)   Other: 0.4ms
[2023-12-20T08:30:48.662-0800][54399107ms] GC(1307) Eden regions: 753->0(753)
[2023-12-20T08:30:48.662-0800][54399107ms] GC(1307) Survivor regions: 30->30(98)
[2023-12-20T08:30:48.662-0800][54399107ms] GC(1307) Old regions: 166->166
[2023-12-20T08:30:48.662-0800][54399107ms] GC(1307) Humongous regions: 5->5
[2023-12-20T08:30:48.662-0800][54399107ms] GC(1307) Metaspace: 256385K->256385K(1294336K)
[2023-12-20T08:30:48.662-0800][54399107ms] GC(1307) Pause Young (Normal) (G1 Evacuation Pause) 1907M->400M(2612M) 30.116ms
[2023-12-20T08:30:48.662-0800][54399107ms] GC(1307) User=0.22s Sys=0.00s Real=0.03s
[2023-12-20T08:30:49.410-0800][54399855ms] GC(1308) Pause Young (Normal) (G1 Evacuation Pause)
[2023-12-20T08:30:49.410-0800][54399855ms] GC(1308) Using 10 workers of 10 for evacuation
[2023-12-20T08:30:49.440-0800][54399885ms] GC(1308)   Pre Evacuate Collection Set: 0.0ms
[2023-12-20T08:30:49.440-0800][54399885ms] GC(1308)   Evacuate Collection Set: 27.3ms
[2023-12-20T08:30:49.440-0800][54399885ms] GC(1308)   Post Evacuate Collection Set: 2.9ms
[2023-12-20T08:30:49.441-0800][54399886ms] GC(1308)   Other: 0.4ms
[2023-12-20T08:30:49.441-0800][54399886ms] GC(1308) Eden regions: 753->0(753)
[2023-12-20T08:30:49.441-0800][54399886ms] GC(1308) Survivor regions: 30->30(98)
[2023-12-20T08:30:49.441-0800][54399886ms] GC(1308) Old regions: 166->166
[2023-12-20T08:30:49.441-0800][54399886ms] GC(1308) Humongous regions: 5->5
[2023-12-20T08:30:49.441-0800][54399886ms] GC(1308) Metaspace: 256385K->256385K(1294336K)
[2023-12-20T08:30:49.441-0800][54399886ms] GC(1308) Pause Young (Normal) (G1 Evacuation Pause) 1906M->401M(2612M) 30.700ms
[2023-12-20T08:30:49.441-0800][54399886ms] GC(1308) User=0.11s Sys=0.00s Real=0.03s
[2023-12-20T08:30:50.222-0800][54400667ms] GC(1309) Pause Young (Normal) (G1 Evacuation Pause)
[2023-12-20T08:30:50.222-0800][54400667ms] GC(1309) Using 10 workers of 10 for evacuation
[2023-12-20T08:30:50.252-0800][54400697ms] GC(1309)   Pre Evacuate Collection Set: 0.0ms
[2023-12-20T08:30:50.252-0800][54400697ms] GC(1309)   Evacuate Collection Set: 28.0ms
[2023-12-20T08:30:50.252-0800][54400697ms] GC(1309)   Post Evacuate Collection Set: 2.7ms
[2023-12-20T08:30:50.252-0800][54400697ms] GC(1309)   Other: 0.4ms
[2023-12-20T08:30:50.252-0800][54400697ms] GC(1309) Eden regions: 753->0(753)
[2023-12-20T08:30:50.252-0800][54400697ms] GC(1309) Survivor regions: 30->30(98)
[2023-12-20T08:30:50.252-0800][54400697ms] GC(1309) Old regions: 166->166
[2023-12-20T08:30:50.252-0800][54400697ms] GC(1309) Humongous regions: 5->5
[2023-12-20T08:30:50.252-0800][54400697ms] GC(1309) Metaspace: 256385K->256385K(1294336K)
[2023-12-20T08:30:50.252-0800][54400697ms] GC(1309) Pause Young (Normal) (G1 Evacuation Pause) 1907M->401M(2612M) 31.206ms
[2023-12-20T08:30:50.252-0800][54400697ms] GC(1309) User=0.09s Sys=0.00s Real=0.03s
[2023-12-20T08:30:50.990-0800][54401435ms] GC(1310) Pause Young (Normal) (G1 Evacuation Pause)
[2023-12-20T08:30:50.990-0800][54401435ms] GC(1310) Using 10 workers of 10 for evacuation
[2023-12-20T08:30:51.019-0800][54401464ms] GC(1310)   Pre Evacuate Collection Set: 0.0ms
[2023-12-20T08:30:51.019-0800][54401464ms] GC(1310)   Evacuate Collection Set: 26.8ms
[2023-12-20T08:30:51.019-0800][54401464ms] GC(1310)   Post Evacuate Collection Set: 2.3ms
[2023-12-20T08:30:51.019-0800][54401464ms] GC(1310)   Other: 0.3ms
[2023-12-20T08:30:51.019-0800][54401464ms] GC(1310) Eden regions: 753->0(753)
[2023-12-20T08:30:51.019-0800][54401464ms] GC(1310) Survivor regions: 30->30(98)
[2023-12-20T08:30:51.019-0800][54401464ms] GC(1310) Old regions: 166->166
[2023-12-20T08:30:51.019-0800][54401464ms] GC(1310) Humongous regions: 5->5
[2023-12-20T08:30:51.019-0800][54401464ms] GC(1310) Metaspace: 256385K->256385K(1294336K)
[2023-12-20T08:30:51.019-0800][54401464ms] GC(1310) Pause Young (Normal) (G1 Evacuation Pause) 1907M->400M(2612M) 29.629ms
[2023-12-20T08:30:51.019-0800][54401464ms] GC(1310) User=0.11s Sys=0.00s Real=0.03s
[2023-12-20T08:30:51.760-0800][54402205ms] GC(1311) Pause Young (Normal) (G1 Evacuation Pause)
[2023-12-20T08:30:51.760-0800][54402205ms] GC(1311) Using 10 workers of 10 for evacuation
[2023-12-20T08:30:51.790-0800][54402235ms] GC(1311)   Pre Evacuate Collection Set: 0.0ms
[2023-12-20T08:30:51.790-0800][54402235ms] GC(1311)   Evacuate Collection Set: 27.5ms
[2023-12-20T08:30:51.790-0800][54402235ms] GC(1311)   Post Evacuate Collection Set: 2.4ms
[2023-12-20T08:30:51.790-0800][54402235ms] GC(1311)   Other: 0.4ms
[2023-12-20T08:30:51.790-0800][54402235ms] GC(1311) Eden regions: 753->0(753)
[2023-12-20T08:30:51.790-0800][54402235ms] GC(1311) Survivor regions: 30->30(98)
[2023-12-20T08:30:51.790-0800][54402235ms] GC(1311) Old regions: 166->167
[2023-12-20T08:30:51.790-0800][54402235ms] GC(1311) Humongous regions: 5->5
[2023-12-20T08:30:51.790-0800][54402235ms] GC(1311) Metaspace: 256385K->256385K(1294336K)
[2023-12-20T08:30:51.790-0800][54402235ms] GC(1311) Pause Young (Normal) (G1 Evacuation Pause) 1906M->401M(2612M) 30.518ms
[2023-12-20T08:30:51.790-0800][54402235ms] GC(1311) User=0.09s Sys=0.00s Real=0.03s
[2023-12-20T08:30:52.556-0800][54403001ms] GC(1312) Pause Young (Normal) (G1 Evacuation Pause)
[2023-12-20T08:30:52.556-0800][54403001ms] GC(1312) Using 10 workers of 10 for evacuation
[2023-12-20T08:30:52.586-0800][54403031ms] GC(1312)   Pre Evacuate Collection Set: 0.0ms
[2023-12-20T08:30:52.586-0800][54403031ms] GC(1312)   Evacuate Collection Set: 27.6ms
[2023-12-20T08:30:52.586-0800][54403031ms] GC(1312)   Post Evacuate Collection Set: 2.3ms
[2023-12-20T08:30:52.586-0800][54403031ms] GC(1312)   Other: 0.4ms
[2023-12-20T08:30:52.586-0800][54403031ms] GC(1312) Eden regions: 753->0(754)
[2023-12-20T08:30:52.586-0800][54403031ms] GC(1312) Survivor regions: 30->29(98)
[2023-12-20T08:30:52.586-0800][54403031ms] GC(1312) Old regions: 167->167
[2023-12-20T08:30:52.586-0800][54403031ms] GC(1312) Humongous regions: 5->5
[2023-12-20T08:30:52.586-0800][54403031ms] GC(1312) Metaspace: 256385K->256385K(1294336K)
[2023-12-20T08:30:52.586-0800][54403031ms] GC(1312) Pause Young (Normal) (G1 Evacuation Pause) 1907M->400M(2612M) 30.441ms
[2023-12-20T08:30:52.586-0800][54403031ms] GC(1312) User=0.09s Sys=0.00s Real=0.03s
[2023-12-20T08:30:53.357-0800][54403802ms] GC(1313) Pause Young (Normal) (G1 Evacuation Pause)
[2023-12-20T08:30:53.357-0800][54403802ms] GC(1313) Using 10 workers of 10 for evacuation
[2023-12-20T08:30:53.388-0800][54403833ms] GC(1313)   Pre Evacuate Collection Set: 0.1ms
[2023-12-20T08:30:53.388-0800][54403833ms] GC(1313)   Evacuate Collection Set: 27.5ms
[2023-12-20T08:30:53.388-0800][54403833ms] GC(1313)   Post Evacuate Collection Set: 2.3ms
[2023-12-20T08:30:53.388-0800][54403833ms] GC(1313)   Other: 0.4ms
[2023-12-20T08:30:53.388-0800][54403833ms] GC(1313) Eden regions: 754->0(753)
[2023-12-20T08:30:53.388-0800][54403833ms] GC(1313) Survivor regions: 29->30(98)
[2023-12-20T08:30:53.388-0800][54403833ms] GC(1313) Old regions: 167->167
[2023-12-20T08:30:53.388-0800][54403833ms] GC(1313) Humongous regions: 5->5
[2023-12-20T08:30:53.388-0800][54403833ms] GC(1313) Metaspace: 256385K->256385K(1294336K)
[2023-12-20T08:30:53.388-0800][54403833ms] GC(1313) Pause Young (Normal) (G1 Evacuation Pause) 1908M->401M(2612M) 30.355ms
[2023-12-20T08:30:53.388-0800][54403833ms] GC(1313) User=0.09s Sys=0.00s Real=0.03s
[2023-12-20T08:30:54.094-0800][54404539ms] GC(1314) Pause Young (Normal) (G1 Evacuation Pause)
[2023-12-20T08:30:54.094-0800][54404539ms] GC(1314) Using 10 workers of 10 for evacuation
[2023-12-20T08:30:54.125-0800][54404570ms] GC(1314)   Pre Evacuate Collection Set: 0.0ms
[2023-12-20T08:30:54.125-0800][54404570ms] GC(1314)   Evacuate Collection Set: 28.0ms
[2023-12-20T08:30:54.125-0800][54404570ms] GC(1314)   Post Evacuate Collection Set: 2.7ms
[2023-12-20T08:30:54.125-0800][54404570ms] GC(1314)   Other: 0.4ms
[2023-12-20T08:30:54.125-0800][54404570ms] GC(1314) Eden regions: 753->0(753)
[2023-12-20T08:30:54.125-0800][54404570ms] GC(1314) Survivor regions: 30->30(98)
[2023-12-20T08:30:54.125-0800][54404570ms] GC(1314) Old regions: 167->167
[2023-12-20T08:30:54.125-0800][54404570ms] GC(1314) Humongous regions: 5->5
[2023-12-20T08:30:54.125-0800][54404570ms] GC(1314) Metaspace: 256385K->256385K(1294336K)
[2023-12-20T08:30:54.125-0800][54404570ms] GC(1314) Pause Young (Normal) (G1 Evacuation Pause) 1907M->401M(2612M) 31.186ms
[2023-12-20T08:30:54.125-0800][54404570ms] GC(1314) User=0.14s Sys=0.00s Real=0.03s
[2023-12-20T08:30:54.861-0800][54405306ms] GC(1315) Pause Young (Normal) (G1 Evacuation Pause)
[2023-12-20T08:30:54.861-0800][54405306ms] GC(1315) Using 10 workers of 10 for evacuation
[2023-12-20T08:30:54.892-0800][54405337ms] GC(1315)   Pre Evacuate Collection Set: 0.0ms
[2023-12-20T08:30:54.892-0800][54405337ms] GC(1315)   Evacuate Collection Set: 27.1ms
[2023-12-20T08:30:54.892-0800][54405337ms] GC(1315)   Post Evacuate Collection Set: 2.7ms
[2023-12-20T08:30:54.892-0800][54405337ms] GC(1315)   Other: 0.4ms
[2023-12-20T08:30:54.892-0800][54405337ms] GC(1315) Eden regions: 753->0(753)
[2023-12-20T08:30:54.892-0800][54405337ms] GC(1315) Survivor regions: 30->30(98)
[2023-12-20T08:30:54.892-0800][54405337ms] GC(1315) Old regions: 167->167
[2023-12-20T08:30:54.892-0800][54405337ms] GC(1315) Humongous regions: 5->5
[2023-12-20T08:30:54.892-0800][54405337ms] GC(1315) Metaspace: 256385K->256385K(1294336K)
[2023-12-20T08:30:54.892-0800][54405337ms] GC(1315) Pause Young (Normal) (G1 Evacuation Pause) 1907M->401M(2612M) 30.335ms
[2023-12-20T08:30:54.892-0800][54405337ms] GC(1315) User=0.11s Sys=0.00s Real=0.03s
[2023-12-20T08:30:55.660-0800][54406105ms] GC(1316) Pause Young (Normal) (G1 Evacuation Pause)
[2023-12-20T08:30:55.660-0800][54406105ms] GC(1316) Using 10 workers of 10 for evacuation
[2023-12-20T08:30:55.693-0800][54406138ms] GC(1316)   Pre Evacuate Collection Set: 0.0ms
[2023-12-20T08:30:55.693-0800][54406138ms] GC(1316)   Evacuate Collection Set: 31.4ms
[2023-12-20T08:30:55.693-0800][54406138ms] GC(1316)   Post Evacuate Collection Set: 2.5ms
[2023-12-20T08:30:55.693-0800][54406138ms] GC(1316)   Other: 0.4ms
[2023-12-20T08:30:55.693-0800][54406138ms] GC(1316) Eden regions: 753->0(754)
[2023-12-20T08:30:55.693-0800][54406138ms] GC(1316) Survivor regions: 30->29(98)
[2023-12-20T08:30:55.693-0800][54406138ms] GC(1316) Old regions: 167->167
[2023-12-20T08:30:55.693-0800][54406138ms] GC(1316) Humongous regions: 5->5
[2023-12-20T08:30:55.693-0800][54406138ms] GC(1316) Metaspace: 256385K->256385K(1294336K)
[2023-12-20T08:30:55.693-0800][54406138ms] GC(1316) Pause Young (Normal) (G1 Evacuation Pause) 1907M->400M(2612M) 34.444ms
[2023-12-20T08:30:55.693-0800][54406138ms] GC(1316) User=0.05s Sys=0.00s Real=0.03s
[2023-12-20T08:30:56.470-0800][54406915ms] GC(1317) Pause Young (Normal) (G1 Evacuation Pause)
[2023-12-20T08:30:56.470-0800][54406915ms] GC(1317) Using 10 workers of 10 for evacuation
[2023-12-20T08:30:56.499-0800][54406944ms] GC(1317)   Pre Evacuate Collection Set: 0.0ms
[2023-12-20T08:30:56.500-0800][54406945ms] GC(1317)   Evacuate Collection Set: 26.3ms
[2023-12-20T08:30:56.500-0800][54406945ms] GC(1317)   Post Evacuate Collection Set: 2.5ms
[2023-12-20T08:30:56.500-0800][54406945ms] GC(1317)   Other: 0.3ms
[2023-12-20T08:30:56.500-0800][54406945ms] GC(1317) Eden regions: 754->0(753)
[2023-12-20T08:30:56.500-0800][54406945ms] GC(1317) Survivor regions: 29->30(98)
[2023-12-20T08:30:56.500-0800][54406945ms] GC(1317) Old regions: 167->167
[2023-12-20T08:30:56.500-0800][54406945ms] GC(1317) Humongous regions: 5->5
[2023-12-20T08:30:56.500-0800][54406945ms] GC(1317) Metaspace: 256385K->256385K(1294336K)
[2023-12-20T08:30:56.500-0800][54406945ms] GC(1317) Pause Young (Normal) (G1 Evacuation Pause) 1908M->401M(2612M) 29.357ms
[2023-12-20T08:30:56.500-0800][54406945ms] GC(1317) User=0.09s Sys=0.00s Real=0.03s
[2023-12-20T08:30:57.264-0800][54407709ms] GC(1318) Pause Young (Normal) (G1 Evacuation Pause)
[2023-12-20T08:30:57.264-0800][54407709ms] GC(1318) Using 10 workers of 10 for evacuation
[2023-12-20T08:30:57.294-0800][54407739ms] GC(1318)   Pre Evacuate Collection Set: 0.0ms
[2023-12-20T08:30:57.294-0800][54407739ms] GC(1318)   Evacuate Collection Set: 27.5ms
[2023-12-20T08:30:57.294-0800][54407739ms] GC(1318)   Post Evacuate Collection Set: 2.4ms
[2023-12-20T08:30:57.294-0800][54407739ms] GC(1318)   Other: 0.3ms
[2023-12-20T08:30:57.294-0800][54407739ms] GC(1318) Eden regions: 753->0(753)
[2023-12-20T08:30:57.294-0800][54407739ms] GC(1318) Survivor regions: 30->30(98)
[2023-12-20T08:30:57.294-0800][54407739ms] GC(1318) Old regions: 167->167
[2023-12-20T08:30:57.294-0800][54407739ms] GC(1318) Humongous regions: 5->5
[2023-12-20T08:30:57.294-0800][54407739ms] GC(1318) Metaspace: 256385K->256385K(1294336K)
[2023-12-20T08:30:57.294-0800][54407739ms] GC(1318) Pause Young (Normal) (G1 Evacuation Pause) 1907M->402M(2612M) 30.443ms
[2023-12-20T08:30:57.294-0800][54407739ms] GC(1318) User=0.09s Sys=0.00s Real=0.03s
[2023-12-20T08:30:58.098-0800][54408543ms] GC(1319) Pause Young (Normal) (G1 Evacuation Pause)
[2023-12-20T08:30:58.098-0800][54408543ms] GC(1319) Using 10 workers of 10 for evacuation
[2023-12-20T08:30:58.128-0800][54408573ms] GC(1319)   Pre Evacuate Collection Set: 0.0ms
[2023-12-20T08:30:58.128-0800][54408573ms] GC(1319)   Evacuate Collection Set: 27.4ms
[2023-12-20T08:30:58.128-0800][54408573ms] GC(1319)   Post Evacuate Collection Set: 2.4ms
[2023-12-20T08:30:58.128-0800][54408573ms] GC(1319)   Other: 0.4ms
[2023-12-20T08:30:58.128-0800][54408573ms] GC(1319) Eden regions: 753->0(753)
[2023-12-20T08:30:58.128-0800][54408573ms] GC(1319) Survivor regions: 30->30(98)
[2023-12-20T08:30:58.128-0800][54408573ms] GC(1319) Old regions: 167->167
[2023-12-20T08:30:58.128-0800][54408573ms] GC(1319) Humongous regions: 5->5
[2023-12-20T08:30:58.128-0800][54408573ms] GC(1319) Metaspace: 256385K->256385K(1294336K)
[2023-12-20T08:30:58.128-0800][54408573ms] GC(1319) Pause Young (Normal) (G1 Evacuation Pause) 1908M->401M(2612M) 30.375ms
[2023-12-20T08:30:58.128-0800][54408573ms] GC(1319) User=0.11s Sys=0.00s Real=0.03s
[2023-12-20T08:30:58.930-0800][54409375ms] GC(1320) Pause Young (Normal) (G1 Evacuation Pause)
[2023-12-20T08:30:58.930-0800][54409375ms] GC(1320) Using 10 workers of 10 for evacuation
[2023-12-20T08:30:58.960-0800][54409405ms] GC(1320)   Pre Evacuate Collection Set: 0.0ms
[2023-12-20T08:30:58.960-0800][54409405ms] GC(1320)   Evacuate Collection Set: 27.6ms
[2023-12-20T08:30:58.960-0800][54409405ms] GC(1320)   Post Evacuate Collection Set: 2.3ms
[2023-12-20T08:30:58.960-0800][54409405ms] GC(1320)   Other: 0.3ms
[2023-12-20T08:30:58.960-0800][54409405ms] GC(1320) Eden regions: 753->0(753)
[2023-12-20T08:30:58.960-0800][54409405ms] GC(1320) Survivor regions: 30->30(98)
[2023-12-20T08:30:58.960-0800][54409405ms] GC(1320) Old regions: 167->167
[2023-12-20T08:30:58.960-0800][54409405ms] GC(1320) Humongous regions: 5->5
[2023-12-20T08:30:58.960-0800][54409405ms] GC(1320) Metaspace: 256385K->256385K(1294336K)
[2023-12-20T08:30:58.960-0800][54409405ms] GC(1320) Pause Young (Normal) (G1 Evacuation Pause) 1907M->402M(2612M) 30.392ms
[2023-12-20T08:30:58.960-0800][54409405ms] GC(1320) User=0.11s Sys=0.00s Real=0.03s
[2023-12-20T08:30:59.778-0800][54410223ms] GC(1321) Pause Young (Normal) (G1 Evacuation Pause)
[2023-12-20T08:30:59.778-0800][54410223ms] GC(1321) Using 10 workers of 10 for evacuation
[2023-12-20T08:30:59.807-0800][54410252ms] GC(1321)   Pre Evacuate Collection Set: 0.0ms
[2023-12-20T08:30:59.807-0800][54410252ms] GC(1321)   Evacuate Collection Set: 27.2ms
[2023-12-20T08:30:59.807-0800][54410252ms] GC(1321)   Post Evacuate Collection Set: 2.4ms
[2023-12-20T08:30:59.807-0800][54410252ms] GC(1321)   Other: 0.3ms
[2023-12-20T08:30:59.807-0800][54410252ms] GC(1321) Eden regions: 753->0(753)
[2023-12-20T08:30:59.807-0800][54410252ms] GC(1321) Survivor regions: 30->30(98)
[2023-12-20T08:30:59.807-0800][54410252ms] GC(1321) Old regions: 167->167
[2023-12-20T08:30:59.807-0800][54410252ms] GC(1321) Humongous regions: 5->5
[2023-12-20T08:30:59.807-0800][54410252ms] GC(1321) Metaspace: 256385K->256385K(1294336K)
[2023-12-20T08:30:59.807-0800][54410252ms] GC(1321) Pause Young (Normal) (G1 Evacuation Pause) 1908M->402M(2612M) 30.070ms
[2023-12-20T08:30:59.807-0800][54410252ms] GC(1321) User=0.13s Sys=0.00s Real=0.03s
[2023-12-20T08:31:00.598-0800][54411043ms] GC(1322) Pause Young (Normal) (G1 Evacuation Pause)
[2023-12-20T08:31:00.598-0800][54411043ms] GC(1322) Using 10 workers of 10 for evacuation
[2023-12-20T08:31:00.627-0800][54411072ms] GC(1322)   Pre Evacuate Collection Set: 0.0ms
[2023-12-20T08:31:00.627-0800][54411072ms] GC(1322)   Evacuate Collection Set: 27.4ms
[2023-12-20T08:31:00.627-0800][54411072ms] GC(1322)   Post Evacuate Collection Set: 2.3ms
[2023-12-20T08:31:00.627-0800][54411072ms] GC(1322)   Other: 0.4ms
[2023-12-20T08:31:00.627-0800][54411072ms] GC(1322) Eden regions: 753->0(753)
[2023-12-20T08:31:00.627-0800][54411072ms] GC(1322) Survivor regions: 30->30(98)
[2023-12-20T08:31:00.627-0800][54411072ms] GC(1322) Old regions: 167->167
[2023-12-20T08:31:00.627-0800][54411072ms] GC(1322) Humongous regions: 5->5
[2023-12-20T08:31:00.627-0800][54411072ms] GC(1322) Metaspace: 256385K->256385K(1294336K)
[2023-12-20T08:31:00.627-0800][54411072ms] GC(1322) Pause Young (Normal) (G1 Evacuation Pause) 1908M->402M(2612M) 30.115ms
[2023-12-20T08:31:00.627-0800][54411072ms] GC(1322) User=0.11s Sys=0.00s Real=0.03s
[2023-12-20T08:31:01.436-0800][54411881ms] GC(1323) Pause Young (Normal) (G1 Evacuation Pause)
[2023-12-20T08:31:01.436-0800][54411881ms] GC(1323) Using 10 workers of 10 for evacuation
[2023-12-20T08:31:01.465-0800][54411910ms] GC(1323)   Pre Evacuate Collection Set: 0.0ms
[2023-12-20T08:31:01.465-0800][54411910ms] GC(1323)   Evacuate Collection Set: 26.8ms
[2023-12-20T08:31:01.465-0800][54411910ms] GC(1323)   Post Evacuate Collection Set: 2.5ms
[2023-12-20T08:31:01.465-0800][54411910ms] GC(1323)   Other: 0.4ms
[2023-12-20T08:31:01.465-0800][54411910ms] GC(1323) Eden regions: 753->0(753)
[2023-12-20T08:31:01.465-0800][54411910ms] GC(1323) Survivor regions: 30->30(98)
[2023-12-20T08:31:01.465-0800][54411910ms] GC(1323) Old regions: 167->167
[2023-12-20T08:31:01.465-0800][54411910ms] GC(1323) Humongous regions: 5->5
[2023-12-20T08:31:01.465-0800][54411910ms] GC(1323) Metaspace: 256385K->256385K(1294336K)
[2023-12-20T08:31:01.467-0800][54411912ms] GC(1323) Pause Young (Normal) (G1 Evacuation Pause) 1908M->401M(2612M) 29.830ms
[2023-12-20T08:31:01.467-0800][54411912ms] GC(1323) User=0.11s Sys=0.00s Real=0.03s
[2023-12-20T08:31:02.227-0800][54412672ms] GC(1324) Pause Young (Normal) (G1 Evacuation Pause)
[2023-12-20T08:31:02.227-0800][54412672ms] GC(1324) Using 10 workers of 10 for evacuation
[2023-12-20T08:31:02.269-0800][54412714ms] GC(1324)   Pre Evacuate Collection Set: 0.0ms
[2023-12-20T08:31:02.269-0800][54412714ms] GC(1324)   Evacuate Collection Set: 28.3ms
[2023-12-20T08:31:02.269-0800][54412714ms] GC(1324)   Post Evacuate Collection Set: 13.3ms
[2023-12-20T08:31:02.269-0800][54412714ms] GC(1324)   Other: 0.4ms
[2023-12-20T08:31:02.269-0800][54412714ms] GC(1324) Eden regions: 753->0(753)
[2023-12-20T08:31:02.269-0800][54412714ms] GC(1324) Survivor regions: 30->30(98)
[2023-12-20T08:31:02.269-0800][54412714ms] GC(1324) Old regions: 167->167
[2023-12-20T08:31:02.269-0800][54412714ms] GC(1324) Humongous regions: 5->5
[2023-12-20T08:31:02.269-0800][54412714ms] GC(1324) Metaspace: 256385K->256385K(1294336K)
[2023-12-20T08:31:02.269-0800][54412714ms] GC(1324) Pause Young (Normal) (G1 Evacuation Pause) 1907M->402M(2612M) 42.190ms
[2023-12-20T08:31:02.269-0800][54412714ms] GC(1324) User=0.11s Sys=0.00s Real=0.04s
[2023-12-20T08:31:03.069-0800][54413514ms] GC(1325) Pause Young (Normal) (GCLocker Initiated GC)
[2023-12-20T08:31:03.070-0800][54413515ms] GC(1325) Using 10 workers of 10 for evacuation
[2023-12-20T08:31:03.100-0800][54413545ms] GC(1325)   Pre Evacuate Collection Set: 0.0ms
[2023-12-20T08:31:03.100-0800][54413545ms] GC(1325)   Evacuate Collection Set: 27.8ms
[2023-12-20T08:31:03.100-0800][54413545ms] GC(1325)   Post Evacuate Collection Set: 2.4ms
[2023-12-20T08:31:03.100-0800][54413545ms] GC(1325)   Other: 0.4ms
[2023-12-20T08:31:03.100-0800][54413545ms] GC(1325) Eden regions: 754->0(753)
[2023-12-20T08:31:03.100-0800][54413545ms] GC(1325) Survivor regions: 30->30(98)
[2023-12-20T08:31:03.100-0800][54413545ms] GC(1325) Old regions: 167->167
[2023-12-20T08:31:03.100-0800][54413545ms] GC(1325) Humongous regions: 5->5
[2023-12-20T08:31:03.100-0800][54413545ms] GC(1325) Metaspace: 256385K->256385K(1294336K)
[2023-12-20T08:31:03.100-0800][54413545ms] GC(1325) Pause Young (Normal) (GCLocker Initiated GC) 1909M->402M(2612M) 30.825ms
[2023-12-20T08:31:03.100-0800][54413545ms] GC(1325) User=0.11s Sys=0.00s Real=0.03s
[2023-12-20T08:31:03.900-0800][54414345ms] GC(1326) Pause Young (Normal) (GCLocker Initiated GC)
[2023-12-20T08:31:03.900-0800][54414345ms] GC(1326) Using 10 workers of 10 for evacuation
[2023-12-20T08:31:03.930-0800][54414375ms] GC(1326)   Pre Evacuate Collection Set: 0.0ms
[2023-12-20T08:31:03.930-0800][54414375ms] GC(1326)   Evacuate Collection Set: 27.1ms
[2023-12-20T08:31:03.930-0800][54414375ms] GC(1326)   Post Evacuate Collection Set: 2.4ms
[2023-12-20T08:31:03.930-0800][54414375ms] GC(1326)   Other: 0.4ms
[2023-12-20T08:31:03.930-0800][54414375ms] GC(1326) Eden regions: 754->0(753)
[2023-12-20T08:31:03.930-0800][54414375ms] GC(1326) Survivor regions: 30->30(98)
[2023-12-20T08:31:03.930-0800][54414375ms] GC(1326) Old regions: 167->167
[2023-12-20T08:31:03.930-0800][54414375ms] GC(1326) Humongous regions: 5->5
[2023-12-20T08:31:03.930-0800][54414375ms] GC(1326) Metaspace: 256385K->256385K(1294336K)
[2023-12-20T08:31:03.930-0800][54414375ms] GC(1326) Pause Young (Normal) (GCLocker Initiated GC) 1909M->402M(2612M) 30.077ms
[2023-12-20T08:31:03.930-0800][54414375ms] GC(1326) User=0.13s Sys=0.00s Real=0.03s
[2023-12-20T08:31:04.704-0800][54415149ms] GC(1327) Pause Young (Normal) (G1 Evacuation Pause)
[2023-12-20T08:31:04.704-0800][54415149ms] GC(1327) Using 10 workers of 10 for evacuation
[2023-12-20T08:31:04.734-0800][54415179ms] GC(1327)   Pre Evacuate Collection Set: 0.0ms
[2023-12-20T08:31:04.734-0800][54415179ms] GC(1327)   Evacuate Collection Set: 26.9ms
[2023-12-20T08:31:04.734-0800][54415179ms] GC(1327)   Post Evacuate Collection Set: 2.6ms
[2023-12-20T08:31:04.734-0800][54415179ms] GC(1327)   Other: 0.4ms
[2023-12-20T08:31:04.734-0800][54415179ms] GC(1327) Eden regions: 753->0(753)
[2023-12-20T08:31:04.734-0800][54415179ms] GC(1327) Survivor regions: 30->30(98)
[2023-12-20T08:31:04.734-0800][54415179ms] GC(1327) Old regions: 167->167
[2023-12-20T08:31:04.734-0800][54415179ms] GC(1327) Humongous regions: 5->5
[2023-12-20T08:31:04.734-0800][54415179ms] GC(1327) Metaspace: 256385K->256385K(1294336K)
[2023-12-20T08:31:04.734-0800][54415179ms] GC(1327) Pause Young (Normal) (G1 Evacuation Pause) 1908M->402M(2612M) 29.993ms
[2023-12-20T08:31:04.734-0800][54415179ms] GC(1327) User=0.08s Sys=0.00s Real=0.03s
[2023-12-20T08:31:05.479-0800][54415924ms] GC(1328) Pause Young (Normal) (G1 Evacuation Pause)
[2023-12-20T08:31:05.479-0800][54415924ms] GC(1328) Using 10 workers of 10 for evacuation
[2023-12-20T08:31:05.512-0800][54415957ms] GC(1328)   Pre Evacuate Collection Set: 0.0ms
[2023-12-20T08:31:05.512-0800][54415957ms] GC(1328)   Evacuate Collection Set: 29.3ms
[2023-12-20T08:31:05.512-0800][54415957ms] GC(1328)   Post Evacuate Collection Set: 2.6ms
[2023-12-20T08:31:05.512-0800][54415957ms] GC(1328)   Other: 0.4ms
[2023-12-20T08:31:05.512-0800][54415957ms] GC(1328) Eden regions: 753->0(753)
[2023-12-20T08:31:05.512-0800][54415957ms] GC(1328) Survivor regions: 30->30(98)
[2023-12-20T08:31:05.512-0800][54415957ms] GC(1328) Old regions: 167->167
[2023-12-20T08:31:05.512-0800][54415957ms] GC(1328) Humongous regions: 5->5
[2023-12-20T08:31:05.512-0800][54415957ms] GC(1328) Metaspace: 256385K->256385K(1294336K)
[2023-12-20T08:31:05.512-0800][54415957ms] GC(1328) Pause Young (Normal) (G1 Evacuation Pause) 1908M->401M(2612M) 32.544ms
[2023-12-20T08:31:05.512-0800][54415957ms] GC(1328) User=0.19s Sys=0.00s Real=0.03s
[2023-12-20T08:31:06.257-0800][54416702ms] GC(1329) Pause Young (Normal) (G1 Evacuation Pause)
[2023-12-20T08:31:06.257-0800][54416702ms] GC(1329) Using 10 workers of 10 for evacuation
[2023-12-20T08:31:06.286-0800][54416731ms] GC(1329)   Pre Evacuate Collection Set: 0.0ms
[2023-12-20T08:31:06.286-0800][54416731ms] GC(1329)   Evacuate Collection Set: 26.7ms
[2023-12-20T08:31:06.286-0800][54416731ms] GC(1329)   Post Evacuate Collection Set: 2.4ms
[2023-12-20T08:31:06.286-0800][54416731ms] GC(1329)   Other: 0.4ms
[2023-12-20T08:31:06.286-0800][54416731ms] GC(1329) Eden regions: 753->0(753)
[2023-12-20T08:31:06.286-0800][54416731ms] GC(1329) Survivor regions: 30->30(98)
[2023-12-20T08:31:06.286-0800][54416731ms] GC(1329) Old regions: 167->167
[2023-12-20T08:31:06.286-0800][54416731ms] GC(1329) Humongous regions: 5->5
[2023-12-20T08:31:06.286-0800][54416731ms] GC(1329) Metaspace: 256385K->256385K(1294336K)
[2023-12-20T08:31:06.286-0800][54416731ms] GC(1329) Pause Young (Normal) (G1 Evacuation Pause) 1907M->402M(2612M) 29.688ms
[2023-12-20T08:31:06.286-0800][54416731ms] GC(1329) User=0.08s Sys=0.00s Real=0.03s
[2023-12-20T08:31:07.141-0800][54417586ms] GC(1330) Pause Young (Normal) (G1 Evacuation Pause)
[2023-12-20T08:31:07.141-0800][54417586ms] GC(1330) Using 10 workers of 10 for evacuation
[2023-12-20T08:31:07.172-0800][54417617ms] GC(1330)   Pre Evacuate Collection Set: 0.0ms
[2023-12-20T08:31:07.172-0800][54417617ms] GC(1330)   Evacuate Collection Set: 27.6ms
[2023-12-20T08:31:07.172-0800][54417617ms] GC(1330)   Post Evacuate Collection Set: 3.0ms
[2023-12-20T08:31:07.172-0800][54417617ms] GC(1330)   Other: 0.4ms
[2023-12-20T08:31:07.172-0800][54417617ms] GC(1330) Eden regions: 753->0(753)
[2023-12-20T08:31:07.172-0800][54417617ms] GC(1330) Survivor regions: 30->30(98)
[2023-12-20T08:31:07.172-0800][54417617ms] GC(1330) Old regions: 167->167
[2023-12-20T08:31:07.172-0800][54417617ms] GC(1330) Humongous regions: 5->5
[2023-12-20T08:31:07.172-0800][54417617ms] GC(1330) Metaspace: 256385K->256385K(1294336K)
[2023-12-20T08:31:07.172-0800][54417617ms] GC(1330) Pause Young (Normal) (G1 Evacuation Pause) 1908M->401M(2612M) 31.190ms
[2023-12-20T08:31:07.172-0800][54417617ms] GC(1330) User=0.14s Sys=0.00s Real=0.03s
[2023-12-20T08:31:07.942-0800][54418387ms] GC(1331) Pause Young (Normal) (G1 Evacuation Pause)
[2023-12-20T08:31:07.942-0800][54418387ms] GC(1331) Using 10 workers of 10 for evacuation
[2023-12-20T08:31:07.972-0800][54418417ms] GC(1331)   Pre Evacuate Collection Set: 0.0ms
[2023-12-20T08:31:07.972-0800][54418417ms] GC(1331)   Evacuate Collection Set: 27.1ms
[2023-12-20T08:31:07.972-0800][54418417ms] GC(1331)   Post Evacuate Collection Set: 2.5ms
[2023-12-20T08:31:07.972-0800][54418417ms] GC(1331)   Other: 0.4ms
[2023-12-20T08:31:07.972-0800][54418417ms] GC(1331) Eden regions: 753->0(753)
[2023-12-20T08:31:07.972-0800][54418417ms] GC(1331) Survivor regions: 30->30(98)
[2023-12-20T08:31:07.972-0800][54418417ms] GC(1331) Old regions: 167->167
[2023-12-20T08:31:07.972-0800][54418417ms] GC(1331) Humongous regions: 5->5
[2023-12-20T08:31:07.972-0800][54418417ms] GC(1331) Metaspace: 256385K->256385K(1294336K)
[2023-12-20T08:31:07.972-0800][54418417ms] GC(1331) Pause Young (Normal) (G1 Evacuation Pause) 1907M->401M(2612M) 30.189ms
[2023-12-20T08:31:07.972-0800][54418417ms] GC(1331) User=0.16s Sys=0.00s Real=0.03s
[2023-12-20T08:31:08.673-0800][54419118ms] GC(1332) Pause Young (Normal) (G1 Evacuation Pause)
[2023-12-20T08:31:08.673-0800][54419118ms] GC(1332) Using 10 workers of 10 for evacuation
[2023-12-20T08:31:08.703-0800][54419148ms] GC(1332)   Pre Evacuate Collection Set: 0.0ms
[2023-12-20T08:31:08.703-0800][54419148ms] GC(1332)   Evacuate Collection Set: 26.5ms
[2023-12-20T08:31:08.703-0800][54419148ms] GC(1332)   Post Evacuate Collection Set: 2.5ms
[2023-12-20T08:31:08.703-0800][54419148ms] GC(1332)   Other: 0.4ms
[2023-12-20T08:31:08.703-0800][54419148ms] GC(1332) Eden regions: 753->0(753)
[2023-12-20T08:31:08.703-0800][54419148ms] GC(1332) Survivor regions: 30->30(98)
[2023-12-20T08:31:08.703-0800][54419148ms] GC(1332) Old regions: 167->167
[2023-12-20T08:31:08.703-0800][54419148ms] GC(1332) Humongous regions: 5->5
[2023-12-20T08:31:08.703-0800][54419148ms] GC(1332) Metaspace: 256385K->256385K(1294336K)
[2023-12-20T08:31:08.703-0800][54419148ms] GC(1332) Pause Young (Normal) (G1 Evacuation Pause) 1907M->401M(2612M) 29.500ms
[2023-12-20T08:31:08.703-0800][54419148ms] GC(1332) User=0.08s Sys=0.00s Real=0.03s
[2023-12-20T08:31:09.399-0800][54419844ms] GC(1333) Pause Young (Normal) (G1 Evacuation Pause)
[2023-12-20T08:31:09.399-0800][54419844ms] GC(1333) Using 10 workers of 10 for evacuation
[2023-12-20T08:31:09.428-0800][54419873ms] GC(1333)   Pre Evacuate Collection Set: 0.0ms
[2023-12-20T08:31:09.428-0800][54419873ms] GC(1333)   Evacuate Collection Set: 27.3ms
[2023-12-20T08:31:09.428-0800][54419873ms] GC(1333)   Post Evacuate Collection Set: 2.3ms
[2023-12-20T08:31:09.428-0800][54419873ms] GC(1333)   Other: 0.3ms
[2023-12-20T08:31:09.428-0800][54419873ms] GC(1333) Eden regions: 753->0(753)
[2023-12-20T08:31:09.428-0800][54419873ms] GC(1333) Survivor regions: 30->30(98)
[2023-12-20T08:31:09.428-0800][54419873ms] GC(1333) Old regions: 167->167
[2023-12-20T08:31:09.428-0800][54419873ms] GC(1333) Humongous regions: 5->5
[2023-12-20T08:31:09.428-0800][54419873ms] GC(1333) Metaspace: 256385K->256385K(1294336K)
[2023-12-20T08:31:09.428-0800][54419873ms] GC(1333) Pause Young (Normal) (G1 Evacuation Pause) 1907M->401M(2612M) 30.019ms
[2023-12-20T08:31:09.428-0800][54419873ms] GC(1333) User=0.11s Sys=0.00s Real=0.03s
[2023-12-20T08:31:10.156-0800][54420601ms] GC(1334) Pause Young (Normal) (G1 Evacuation Pause)
[2023-12-20T08:31:10.156-0800][54420601ms] GC(1334) Using 10 workers of 10 for evacuation
[2023-12-20T08:31:10.186-0800][54420631ms] GC(1334)   Pre Evacuate Collection Set: 0.0ms
[2023-12-20T08:31:10.186-0800][54420631ms] GC(1334)   Evacuate Collection Set: 26.9ms
[2023-12-20T08:31:10.186-0800][54420631ms] GC(1334)   Post Evacuate Collection Set: 2.6ms
[2023-12-20T08:31:10.186-0800][54420631ms] GC(1334)   Other: 0.4ms
[2023-12-20T08:31:10.186-0800][54420631ms] GC(1334) Eden regions: 753->0(752)
[2023-12-20T08:31:10.186-0800][54420631ms] GC(1334) Survivor regions: 30->31(98)
[2023-12-20T08:31:10.186-0800][54420631ms] GC(1334) Old regions: 167->167
[2023-12-20T08:31:10.186-0800][54420631ms] GC(1334) Humongous regions: 5->5
[2023-12-20T08:31:10.186-0800][54420631ms] GC(1334) Metaspace: 256385K->256385K(1294336K)
[2023-12-20T08:31:10.186-0800][54420631ms] GC(1334) Pause Young (Normal) (G1 Evacuation Pause) 1907M->403M(2612M) 29.961ms
[2023-12-20T08:31:10.186-0800][54420631ms] GC(1334) User=0.06s Sys=0.00s Real=0.03s
[2023-12-20T08:31:10.918-0800][54421363ms] GC(1335) Pause Young (Normal) (G1 Evacuation Pause)
[2023-12-20T08:31:10.918-0800][54421363ms] GC(1335) Using 10 workers of 10 for evacuation
[2023-12-20T08:31:10.949-0800][54421394ms] GC(1335)   Pre Evacuate Collection Set: 0.0ms
[2023-12-20T08:31:10.949-0800][54421394ms] GC(1335)   Evacuate Collection Set: 27.6ms
[2023-12-20T08:31:10.949-0800][54421394ms] GC(1335)   Post Evacuate Collection Set: 2.4ms
[2023-12-20T08:31:10.949-0800][54421394ms] GC(1335)   Other: 0.4ms
[2023-12-20T08:31:10.949-0800][54421394ms] GC(1335) Eden regions: 752->0(753)
[2023-12-20T08:31:10.949-0800][54421394ms] GC(1335) Survivor regions: 31->30(98)
[2023-12-20T08:31:10.949-0800][54421394ms] GC(1335) Old regions: 167->167
[2023-12-20T08:31:10.949-0800][54421394ms] GC(1335) Humongous regions: 5->5
[2023-12-20T08:31:10.949-0800][54421394ms] GC(1335) Metaspace: 256385K->256385K(1294336K)
[2023-12-20T08:31:10.949-0800][54421394ms] GC(1335) Pause Young (Normal) (G1 Evacuation Pause) 1907M->402M(2612M) 30.653ms
[2023-12-20T08:31:10.949-0800][54421394ms] GC(1335) User=0.09s Sys=0.00s Real=0.03s
[2023-12-20T08:31:11.671-0800][54422116ms] GC(1336) Pause Young (Normal) (G1 Evacuation Pause)
[2023-12-20T08:31:11.671-0800][54422116ms] GC(1336) Using 10 workers of 10 for evacuation
[2023-12-20T08:31:11.702-0800][54422147ms] GC(1336)   Pre Evacuate Collection Set: 0.0ms
[2023-12-20T08:31:11.702-0800][54422147ms] GC(1336)   Evacuate Collection Set: 27.4ms
[2023-12-20T08:31:11.702-0800][54422147ms] GC(1336)   Post Evacuate Collection Set: 2.4ms
[2023-12-20T08:31:11.702-0800][54422147ms] GC(1336)   Other: 0.3ms
[2023-12-20T08:31:11.702-0800][54422147ms] GC(1336) Eden regions: 753->0(753)
[2023-12-20T08:31:11.702-0800][54422147ms] GC(1336) Survivor regions: 30->30(98)
[2023-12-20T08:31:11.702-0800][54422147ms] GC(1336) Old regions: 167->167
[2023-12-20T08:31:11.702-0800][54422147ms] GC(1336) Humongous regions: 5->5
[2023-12-20T08:31:11.702-0800][54422147ms] GC(1336) Metaspace: 256385K->256385K(1294336K)
[2023-12-20T08:31:11.702-0800][54422147ms] GC(1336) Pause Young (Normal) (G1 Evacuation Pause) 1908M->402M(2612M) 30.301ms
[2023-12-20T08:31:11.702-0800][54422147ms] GC(1336) User=0.16s Sys=0.00s Real=0.03s
[2023-12-20T08:31:12.512-0800][54422957ms] GC(1337) Pause Young (Normal) (G1 Evacuation Pause)
[2023-12-20T08:31:12.512-0800][54422957ms] GC(1337) Using 10 workers of 10 for evacuation
[2023-12-20T08:31:12.544-0800][54422989ms] GC(1337)   Pre Evacuate Collection Set: 0.0ms
[2023-12-20T08:31:12.544-0800][54422989ms] GC(1337)   Evacuate Collection Set: 28.5ms
[2023-12-20T08:31:12.544-0800][54422989ms] GC(1337)   Post Evacuate Collection Set: 2.7ms
[2023-12-20T08:31:12.544-0800][54422989ms] GC(1337)   Other: 0.4ms
[2023-12-20T08:31:12.544-0800][54422989ms] GC(1337) Eden regions: 753->0(753)
[2023-12-20T08:31:12.544-0800][54422989ms] GC(1337) Survivor regions: 30->30(98)
[2023-12-20T08:31:12.544-0800][54422989ms] GC(1337) Old regions: 167->167
[2023-12-20T08:31:12.544-0800][54422989ms] GC(1337) Humongous regions: 5->5
[2023-12-20T08:31:12.544-0800][54422989ms] GC(1337) Metaspace: 256385K->256385K(1294336K)
[2023-12-20T08:31:12.544-0800][54422989ms] GC(1337) Pause Young (Normal) (G1 Evacuation Pause) 1908M->402M(2612M) 31.787ms
[2023-12-20T08:31:12.544-0800][54422989ms] GC(1337) User=0.13s Sys=0.00s Real=0.03s
[2023-12-20T08:31:13.403-0800][54423848ms] GC(1338) Pause Young (Normal) (G1 Evacuation Pause)
[2023-12-20T08:31:13.403-0800][54423848ms] GC(1338) Using 10 workers of 10 for evacuation
[2023-12-20T08:31:13.433-0800][54423878ms] GC(1338)   Pre Evacuate Collection Set: 0.0ms
[2023-12-20T08:31:13.433-0800][54423878ms] GC(1338)   Evacuate Collection Set: 27.5ms
[2023-12-20T08:31:13.433-0800][54423878ms] GC(1338)   Post Evacuate Collection Set: 2.4ms
[2023-12-20T08:31:13.433-0800][54423878ms] GC(1338)   Other: 0.4ms
[2023-12-20T08:31:13.433-0800][54423878ms] GC(1338) Eden regions: 753->0(752)
[2023-12-20T08:31:13.433-0800][54423878ms] GC(1338) Survivor regions: 30->31(98)
[2023-12-20T08:31:13.433-0800][54423878ms] GC(1338) Old regions: 167->167
[2023-12-20T08:31:13.433-0800][54423878ms] GC(1338) Humongous regions: 5->5
[2023-12-20T08:31:13.433-0800][54423878ms] GC(1338) Metaspace: 256385K->256385K(1294336K)
[2023-12-20T08:31:13.433-0800][54423878ms] GC(1338) Pause Young (Normal) (G1 Evacuation Pause) 1908M->403M(2612M) 30.329ms
[2023-12-20T08:31:13.433-0800][54423878ms] GC(1338) User=0.08s Sys=0.00s Real=0.03s
[2023-12-20T08:31:14.172-0800][54424617ms] GC(1339) Pause Young (Normal) (G1 Evacuation Pause)
[2023-12-20T08:31:14.172-0800][54424617ms] GC(1339) Using 10 workers of 10 for evacuation
[2023-12-20T08:31:14.201-0800][54424646ms] GC(1339)   Pre Evacuate Collection Set: 0.0ms
[2023-12-20T08:31:14.201-0800][54424646ms] GC(1339)   Evacuate Collection Set: 27.1ms
[2023-12-20T08:31:14.201-0800][54424646ms] GC(1339)   Post Evacuate Collection Set: 2.4ms
[2023-12-20T08:31:14.201-0800][54424646ms] GC(1339)   Other: 0.4ms
[2023-12-20T08:31:14.201-0800][54424646ms] GC(1339) Eden regions: 752->0(752)
[2023-12-20T08:31:14.201-0800][54424646ms] GC(1339) Survivor regions: 31->31(98)
[2023-12-20T08:31:14.201-0800][54424646ms] GC(1339) Old regions: 167->167
[2023-12-20T08:31:14.201-0800][54424646ms] GC(1339) Humongous regions: 5->5
[2023-12-20T08:31:14.201-0800][54424646ms] GC(1339) Metaspace: 256385K->256385K(1294336K)
[2023-12-20T08:31:14.201-0800][54424646ms] GC(1339) Pause Young (Normal) (G1 Evacuation Pause) 1907M->403M(2612M) 30.023ms
[2023-12-20T08:31:14.201-0800][54424646ms] GC(1339) User=0.14s Sys=0.00s Real=0.03s
[2023-12-20T08:31:14.872-0800][54425317ms] GC(1340) Pause Young (Normal) (G1 Evacuation Pause)
[2023-12-20T08:31:14.872-0800][54425317ms] GC(1340) Using 10 workers of 10 for evacuation
[2023-12-20T08:31:14.903-0800][54425348ms] GC(1340)   Pre Evacuate Collection Set: 0.0ms
[2023-12-20T08:31:14.903-0800][54425348ms] GC(1340)   Evacuate Collection Set: 29.3ms
[2023-12-20T08:31:14.903-0800][54425348ms] GC(1340)   Post Evacuate Collection Set: 2.8ms
[2023-12-20T08:31:14.903-0800][54425348ms] GC(1340)   Other: 0.4ms
[2023-12-20T08:31:14.903-0800][54425348ms] GC(1340) Eden regions: 752->0(753)
[2023-12-20T08:31:14.903-0800][54425348ms] GC(1340) Survivor regions: 31->30(98)
[2023-12-20T08:31:14.903-0800][54425348ms] GC(1340) Old regions: 167->167
[2023-12-20T08:31:14.904-0800][54425349ms] GC(1340) Humongous regions: 5->5
[2023-12-20T08:31:14.904-0800][54425349ms] GC(1340) Metaspace: 256385K->256385K(1294336K)
[2023-12-20T08:31:14.904-0800][54425349ms] GC(1340) Pause Young (Normal) (G1 Evacuation Pause) 1907M->402M(2612M) 32.627ms
[2023-12-20T08:31:14.904-0800][54425349ms] GC(1340) User=0.14s Sys=0.00s Real=0.03s
[2023-12-20T08:31:15.502-0800][54425947ms] GC(1341) Pause Young (Normal) (G1 Evacuation Pause)
[2023-12-20T08:31:15.502-0800][54425947ms] GC(1341) Using 10 workers of 10 for evacuation
[2023-12-20T08:31:15.530-0800][54425975ms] GC(1341)   Pre Evacuate Collection Set: 0.0ms
[2023-12-20T08:31:15.530-0800][54425975ms] GC(1341)   Evacuate Collection Set: 25.9ms
[2023-12-20T08:31:15.530-0800][54425975ms] GC(1341)   Post Evacuate Collection Set: 2.5ms
[2023-12-20T08:31:15.530-0800][54425975ms] GC(1341)   Other: 0.4ms
[2023-12-20T08:31:15.530-0800][54425975ms] GC(1341) Eden regions: 753->0(753)
[2023-12-20T08:31:15.530-0800][54425975ms] GC(1341) Survivor regions: 30->30(98)
[2023-12-20T08:31:15.530-0800][54425975ms] GC(1341) Old regions: 167->167
[2023-12-20T08:31:15.530-0800][54425975ms] GC(1341) Humongous regions: 5->5
[2023-12-20T08:31:15.530-0800][54425975ms] GC(1341) Metaspace: 256385K->256385K(1294336K)
[2023-12-20T08:31:15.530-0800][54425975ms] GC(1341) Pause Young (Normal) (G1 Evacuation Pause) 1908M->402M(2612M) 28.912ms
[2023-12-20T08:31:15.530-0800][54425975ms] GC(1341) User=0.08s Sys=0.00s Real=0.03s
[2023-12-20T08:31:16.083-0800][54426528ms] GC(1342) Pause Young (Normal) (G1 Evacuation Pause)
[2023-12-20T08:31:16.083-0800][54426528ms] GC(1342) Using 10 workers of 10 for evacuation
[2023-12-20T08:31:16.112-0800][54426557ms] GC(1342)   Pre Evacuate Collection Set: 0.0ms
[2023-12-20T08:31:16.112-0800][54426557ms] GC(1342)   Evacuate Collection Set: 25.8ms
[2023-12-20T08:31:16.112-0800][54426557ms] GC(1342)   Post Evacuate Collection Set: 2.4ms
[2023-12-20T08:31:16.112-0800][54426557ms] GC(1342)   Other: 0.4ms
[2023-12-20T08:31:16.112-0800][54426557ms] GC(1342) Eden regions: 753->0(752)
[2023-12-20T08:31:16.112-0800][54426557ms] GC(1342) Survivor regions: 30->31(98)
[2023-12-20T08:31:16.112-0800][54426557ms] GC(1342) Old regions: 167->167
[2023-12-20T08:31:16.112-0800][54426557ms] GC(1342) Humongous regions: 5->5
[2023-12-20T08:31:16.112-0800][54426557ms] GC(1342) Metaspace: 256385K->256385K(1294336K)
[2023-12-20T08:31:16.112-0800][54426557ms] GC(1342) Pause Young (Normal) (G1 Evacuation Pause) 1908M->403M(2612M) 28.759ms
[2023-12-20T08:31:16.112-0800][54426557ms] GC(1342) User=0.17s Sys=0.00s Real=0.03s
[2023-12-20T08:31:16.774-0800][54427219ms] GC(1343) Pause Young (Normal) (G1 Evacuation Pause)
[2023-12-20T08:31:16.774-0800][54427219ms] GC(1343) Using 10 workers of 10 for evacuation
[2023-12-20T08:31:16.809-0800][54427254ms] GC(1343)   Pre Evacuate Collection Set: 5.8ms
[2023-12-20T08:31:16.809-0800][54427254ms] GC(1343)   Evacuate Collection Set: 26.0ms
[2023-12-20T08:31:16.809-0800][54427254ms] GC(1343)   Post Evacuate Collection Set: 2.5ms
[2023-12-20T08:31:16.809-0800][54427254ms] GC(1343)   Other: 0.4ms
[2023-12-20T08:31:16.809-0800][54427254ms] GC(1343) Eden regions: 752->0(752)
[2023-12-20T08:31:16.809-0800][54427254ms] GC(1343) Survivor regions: 31->31(98)
[2023-12-20T08:31:16.809-0800][54427254ms] GC(1343) Old regions: 167->167
[2023-12-20T08:31:16.809-0800][54427254ms] GC(1343) Humongous regions: 5->5
[2023-12-20T08:31:16.809-0800][54427254ms] GC(1343) Metaspace: 256385K->256385K(1294336K)
[2023-12-20T08:31:16.809-0800][54427254ms] GC(1343) Pause Young (Normal) (G1 Evacuation Pause) 1907M->403M(2612M) 34.858ms
[2023-12-20T08:31:16.809-0800][54427254ms] GC(1343) User=0.08s Sys=0.00s Real=0.04s
[2023-12-20T08:31:17.469-0800][54427914ms] GC(1344) Pause Young (Normal) (G1 Evacuation Pause)
[2023-12-20T08:31:17.469-0800][54427914ms] GC(1344) Using 10 workers of 10 for evacuation
[2023-12-20T08:31:17.499-0800][54427944ms] GC(1344)   Pre Evacuate Collection Set: 0.0ms
[2023-12-20T08:31:17.499-0800][54427944ms] GC(1344)   Evacuate Collection Set: 26.9ms
[2023-12-20T08:31:17.499-0800][54427944ms] GC(1344)   Post Evacuate Collection Set: 2.4ms
[2023-12-20T08:31:17.499-0800][54427944ms] GC(1344)   Other: 0.4ms
[2023-12-20T08:31:17.499-0800][54427944ms] GC(1344) Eden regions: 752->0(752)
[2023-12-20T08:31:17.499-0800][54427944ms] GC(1344) Survivor regions: 31->31(98)
[2023-12-20T08:31:17.499-0800][54427944ms] GC(1344) Old regions: 167->167
[2023-12-20T08:31:17.499-0800][54427944ms] GC(1344) Humongous regions: 5->5
[2023-12-20T08:31:17.499-0800][54427944ms] GC(1344) Metaspace: 256385K->256385K(1294336K)
[2023-12-20T08:31:17.499-0800][54427944ms] GC(1344) Pause Young (Normal) (G1 Evacuation Pause) 1907M->403M(2612M) 29.861ms
[2023-12-20T08:31:17.499-0800][54427944ms] GC(1344) User=0.13s Sys=0.02s Real=0.03s
[2023-12-20T08:31:18.157-0800][54428602ms] GC(1345) Pause Young (Normal) (G1 Evacuation Pause)
[2023-12-20T08:31:18.157-0800][54428602ms] GC(1345) Using 10 workers of 10 for evacuation
[2023-12-20T08:31:18.185-0800][54428630ms] GC(1345)   Pre Evacuate Collection Set: 0.0ms
[2023-12-20T08:31:18.186-0800][54428631ms] GC(1345)   Evacuate Collection Set: 26.6ms
[2023-12-20T08:31:18.186-0800][54428631ms] GC(1345)   Post Evacuate Collection Set: 2.4ms
[2023-12-20T08:31:18.186-0800][54428631ms] GC(1345)   Other: 0.3ms
[2023-12-20T08:31:18.186-0800][54428631ms] GC(1345) Eden regions: 752->0(752)
[2023-12-20T08:31:18.186-0800][54428631ms] GC(1345) Survivor regions: 31->31(98)
[2023-12-20T08:31:18.186-0800][54428631ms] GC(1345) Old regions: 167->167
[2023-12-20T08:31:18.186-0800][54428631ms] GC(1345) Humongous regions: 5->5
[2023-12-20T08:31:18.186-0800][54428631ms] GC(1345) Metaspace: 256385K->256385K(1294336K)
[2023-12-20T08:31:18.186-0800][54428631ms] GC(1345) Pause Young (Normal) (G1 Evacuation Pause) 1907M->403M(2612M) 29.498ms
[2023-12-20T08:31:18.186-0800][54428631ms] GC(1345) User=0.08s Sys=0.00s Real=0.03s
[2023-12-20T08:31:18.866-0800][54429311ms] GC(1346) Pause Young (Normal) (G1 Evacuation Pause)
[2023-12-20T08:31:18.866-0800][54429311ms] GC(1346) Using 10 workers of 10 for evacuation
[2023-12-20T08:31:18.895-0800][54429340ms] GC(1346)   Pre Evacuate Collection Set: 0.0ms
[2023-12-20T08:31:18.895-0800][54429340ms] GC(1346)   Evacuate Collection Set: 26.3ms
[2023-12-20T08:31:18.895-0800][54429340ms] GC(1346)   Post Evacuate Collection Set: 2.5ms
[2023-12-20T08:31:18.895-0800][54429340ms] GC(1346)   Other: 0.3ms
[2023-12-20T08:31:18.895-0800][54429340ms] GC(1346) Eden regions: 752->0(753)
[2023-12-20T08:31:18.895-0800][54429340ms] GC(1346) Survivor regions: 31->30(98)
[2023-12-20T08:31:18.895-0800][54429340ms] GC(1346) Old regions: 167->167
[2023-12-20T08:31:18.895-0800][54429340ms] GC(1346) Humongous regions: 5->5
[2023-12-20T08:31:18.895-0800][54429340ms] GC(1346) Metaspace: 256385K->256385K(1294336K)
[2023-12-20T08:31:18.895-0800][54429340ms] GC(1346) Pause Young (Normal) (G1 Evacuation Pause) 1907M->402M(2612M) 29.308ms
[2023-12-20T08:31:18.895-0800][54429340ms] GC(1346) User=0.05s Sys=0.00s Real=0.03s
[2023-12-20T08:31:19.580-0800][54430025ms] GC(1347) Pause Young (Normal) (G1 Evacuation Pause)
[2023-12-20T08:31:19.580-0800][54430025ms] GC(1347) Using 10 workers of 10 for evacuation
[2023-12-20T08:31:19.610-0800][54430055ms] GC(1347)   Pre Evacuate Collection Set: 0.1ms
[2023-12-20T08:31:19.610-0800][54430055ms] GC(1347)   Evacuate Collection Set: 26.2ms
[2023-12-20T08:31:19.610-0800][54430055ms] GC(1347)   Post Evacuate Collection Set: 2.4ms
[2023-12-20T08:31:19.610-0800][54430055ms] GC(1347)   Other: 0.4ms
[2023-12-20T08:31:19.610-0800][54430055ms] GC(1347) Eden regions: 753->0(753)
[2023-12-20T08:31:19.610-0800][54430055ms] GC(1347) Survivor regions: 30->30(98)
[2023-12-20T08:31:19.610-0800][54430055ms] GC(1347) Old regions: 167->167
[2023-12-20T08:31:19.610-0800][54430055ms] GC(1347) Humongous regions: 5->5
[2023-12-20T08:31:19.610-0800][54430055ms] GC(1347) Metaspace: 256385K->256385K(1294336K)
[2023-12-20T08:31:19.610-0800][54430055ms] GC(1347) Pause Young (Normal) (G1 Evacuation Pause) 1908M->402M(2612M) 29.143ms
[2023-12-20T08:31:19.610-0800][54430055ms] GC(1347) User=0.06s Sys=0.00s Real=0.03s
[2023-12-20T08:31:20.363-0800][54430808ms] GC(1348) Pause Young (Normal) (G1 Evacuation Pause)
[2023-12-20T08:31:20.363-0800][54430808ms] GC(1348) Using 10 workers of 10 for evacuation
[2023-12-20T08:31:20.394-0800][54430839ms] GC(1348)   Pre Evacuate Collection Set: 0.0ms
[2023-12-20T08:31:20.394-0800][54430839ms] GC(1348)   Evacuate Collection Set: 27.6ms
[2023-12-20T08:31:20.394-0800][54430839ms] GC(1348)   Post Evacuate Collection Set: 2.6ms
[2023-12-20T08:31:20.394-0800][54430839ms] GC(1348)   Other: 0.4ms
[2023-12-20T08:31:20.394-0800][54430839ms] GC(1348) Eden regions: 753->0(752)
[2023-12-20T08:31:20.394-0800][54430839ms] GC(1348) Survivor regions: 30->31(98)
[2023-12-20T08:31:20.394-0800][54430839ms] GC(1348) Old regions: 167->167
[2023-12-20T08:31:20.394-0800][54430839ms] GC(1348) Humongous regions: 5->5
[2023-12-20T08:31:20.394-0800][54430839ms] GC(1348) Metaspace: 256385K->256385K(1294336K)
[2023-12-20T08:31:20.394-0800][54430839ms] GC(1348) Pause Young (Normal) (G1 Evacuation Pause) 1908M->403M(2612M) 30.767ms
[2023-12-20T08:31:20.394-0800][54430839ms] GC(1348) User=0.11s Sys=0.02s Real=0.03s
[2023-12-20T08:31:21.057-0800][54431502ms] GC(1349) Pause Young (Normal) (G1 Evacuation Pause)
[2023-12-20T08:31:21.057-0800][54431502ms] GC(1349) Using 10 workers of 10 for evacuation
[2023-12-20T08:31:21.086-0800][54431531ms] GC(1349)   Pre Evacuate Collection Set: 0.0ms
[2023-12-20T08:31:21.086-0800][54431531ms] GC(1349)   Evacuate Collection Set: 26.5ms
[2023-12-20T08:31:21.086-0800][54431531ms] GC(1349)   Post Evacuate Collection Set: 2.3ms
[2023-12-20T08:31:21.086-0800][54431531ms] GC(1349)   Other: 0.4ms
[2023-12-20T08:31:21.086-0800][54431531ms] GC(1349) Eden regions: 752->0(752)
[2023-12-20T08:31:21.086-0800][54431531ms] GC(1349) Survivor regions: 31->31(98)
[2023-12-20T08:31:21.086-0800][54431531ms] GC(1349) Old regions: 167->167
[2023-12-20T08:31:21.086-0800][54431531ms] GC(1349) Humongous regions: 5->5
[2023-12-20T08:31:21.086-0800][54431531ms] GC(1349) Metaspace: 256385K->256385K(1294336K)
[2023-12-20T08:31:21.086-0800][54431531ms] GC(1349) Pause Young (Normal) (G1 Evacuation Pause) 1907M->403M(2612M) 29.359ms
[2023-12-20T08:31:21.086-0800][54431531ms] GC(1349) User=0.08s Sys=0.00s Real=0.03s
[2023-12-20T08:31:21.782-0800][54432227ms] GC(1350) Pause Young (Normal) (G1 Evacuation Pause)
[2023-12-20T08:31:21.783-0800][54432228ms] GC(1350) Using 10 workers of 10 for evacuation
[2023-12-20T08:31:21.822-0800][54432267ms] GC(1350)   Pre Evacuate Collection Set: 0.0ms
[2023-12-20T08:31:21.822-0800][54432267ms] GC(1350)   Evacuate Collection Set: 36.6ms
[2023-12-20T08:31:21.822-0800][54432267ms] GC(1350)   Post Evacuate Collection Set: 2.8ms
[2023-12-20T08:31:21.822-0800][54432267ms] GC(1350)   Other: 0.4ms
[2023-12-20T08:31:21.822-0800][54432267ms] GC(1350) Eden regions: 752->0(753)
[2023-12-20T08:31:21.822-0800][54432267ms] GC(1350) Survivor regions: 31->30(98)
[2023-12-20T08:31:21.822-0800][54432267ms] GC(1350) Old regions: 167->167
[2023-12-20T08:31:21.822-0800][54432267ms] GC(1350) Humongous regions: 5->5
[2023-12-20T08:31:21.822-0800][54432267ms] GC(1350) Metaspace: 256385K->256385K(1294336K)
[2023-12-20T08:31:21.822-0800][54432267ms] GC(1350) Pause Young (Normal) (G1 Evacuation Pause) 1907M->402M(2612M) 39.904ms
[2023-12-20T08:31:21.822-0800][54432267ms] GC(1350) User=0.16s Sys=0.00s Real=0.04s
[2023-12-20T08:31:22.518-0800][54432963ms] GC(1351) Pause Young (Normal) (G1 Evacuation Pause)
[2023-12-20T08:31:22.519-0800][54432964ms] GC(1351) Using 10 workers of 10 for evacuation
[2023-12-20T08:31:22.547-0800][54432992ms] GC(1351)   Pre Evacuate Collection Set: 0.0ms
[2023-12-20T08:31:22.547-0800][54432992ms] GC(1351)   Evacuate Collection Set: 26.6ms
[2023-12-20T08:31:22.547-0800][54432992ms] GC(1351)   Post Evacuate Collection Set: 2.3ms
[2023-12-20T08:31:22.547-0800][54432992ms] GC(1351)   Other: 0.4ms
[2023-12-20T08:31:22.547-0800][54432992ms] GC(1351) Eden regions: 753->0(753)
[2023-12-20T08:31:22.547-0800][54432992ms] GC(1351) Survivor regions: 30->30(98)
[2023-12-20T08:31:22.547-0800][54432992ms] GC(1351) Old regions: 167->167
[2023-12-20T08:31:22.547-0800][54432992ms] GC(1351) Humongous regions: 5->5
[2023-12-20T08:31:22.547-0800][54432992ms] GC(1351) Metaspace: 256385K->256385K(1294336K)
[2023-12-20T08:31:22.547-0800][54432992ms] GC(1351) Pause Young (Normal) (G1 Evacuation Pause) 1908M->402M(2612M) 29.398ms
[2023-12-20T08:31:22.547-0800][54432992ms] GC(1351) User=0.13s Sys=0.00s Real=0.03s
[2023-12-20T08:31:23.203-0800][54433648ms] GC(1352) Pause Young (Normal) (G1 Evacuation Pause)
[2023-12-20T08:31:23.203-0800][54433648ms] GC(1352) Using 10 workers of 10 for evacuation
[2023-12-20T08:31:23.234-0800][54433679ms] GC(1352)   Pre Evacuate Collection Set: 0.0ms
[2023-12-20T08:31:23.234-0800][54433679ms] GC(1352)   Evacuate Collection Set: 28.4ms
[2023-12-20T08:31:23.234-0800][54433679ms] GC(1352)   Post Evacuate Collection Set: 2.5ms
[2023-12-20T08:31:23.234-0800][54433679ms] GC(1352)   Other: 0.4ms
[2023-12-20T08:31:23.234-0800][54433679ms] GC(1352) Eden regions: 753->0(753)
[2023-12-20T08:31:23.234-0800][54433679ms] GC(1352) Survivor regions: 30->30(98)
[2023-12-20T08:31:23.234-0800][54433679ms] GC(1352) Old regions: 167->167
[2023-12-20T08:31:23.234-0800][54433679ms] GC(1352) Humongous regions: 5->5
[2023-12-20T08:31:23.234-0800][54433679ms] GC(1352) Metaspace: 256385K->256385K(1294336K)
[2023-12-20T08:31:23.234-0800][54433679ms] GC(1352) Pause Young (Normal) (G1 Evacuation Pause) 1908M->403M(2612M) 31.456ms
[2023-12-20T08:31:23.234-0800][54433679ms] GC(1352) User=0.13s Sys=0.00s Real=0.03s
[2023-12-20T08:31:23.745-0800][54434190ms] GC(1353) Pause Young (Normal) (G1 Evacuation Pause)
[2023-12-20T08:31:23.746-0800][54434191ms] GC(1353) Using 10 workers of 10 for evacuation
[2023-12-20T08:31:23.774-0800][54434219ms] GC(1353)   Pre Evacuate Collection Set: 0.1ms
[2023-12-20T08:31:23.774-0800][54434219ms] GC(1353)   Evacuate Collection Set: 26.5ms
[2023-12-20T08:31:23.774-0800][54434219ms] GC(1353)   Post Evacuate Collection Set: 2.5ms
[2023-12-20T08:31:23.774-0800][54434219ms] GC(1353)   Other: 0.4ms
[2023-12-20T08:31:23.774-0800][54434219ms] GC(1353) Eden regions: 753->0(753)
[2023-12-20T08:31:23.774-0800][54434219ms] GC(1353) Survivor regions: 30->30(98)
[2023-12-20T08:31:23.774-0800][54434219ms] GC(1353) Old regions: 167->167
[2023-12-20T08:31:23.774-0800][54434219ms] GC(1353) Humongous regions: 5->5
[2023-12-20T08:31:23.774-0800][54434219ms] GC(1353) Metaspace: 256385K->256385K(1294336K)
[2023-12-20T08:31:23.774-0800][54434219ms] GC(1353) Pause Young (Normal) (G1 Evacuation Pause) 1909M->403M(2612M) 29.628ms
[2023-12-20T08:31:23.774-0800][54434219ms] GC(1353) User=0.06s Sys=0.00s Real=0.03s
[2023-12-20T08:31:24.394-0800][54434839ms] GC(1354) Pause Young (Normal) (G1 Evacuation Pause)
[2023-12-20T08:31:24.394-0800][54434839ms] GC(1354) Using 10 workers of 10 for evacuation
[2023-12-20T08:31:24.423-0800][54434868ms] GC(1354)   Pre Evacuate Collection Set: 0.0ms
[2023-12-20T08:31:24.423-0800][54434868ms] GC(1354)   Evacuate Collection Set: 26.4ms
[2023-12-20T08:31:24.423-0800][54434868ms] GC(1354)   Post Evacuate Collection Set: 2.3ms
[2023-12-20T08:31:24.423-0800][54434868ms] GC(1354)   Other: 0.4ms
[2023-12-20T08:31:24.423-0800][54434868ms] GC(1354) Eden regions: 753->0(753)
[2023-12-20T08:31:24.423-0800][54434868ms] GC(1354) Survivor regions: 30->30(98)
[2023-12-20T08:31:24.423-0800][54434868ms] GC(1354) Old regions: 167->167
[2023-12-20T08:31:24.423-0800][54434868ms] GC(1354) Humongous regions: 5->5
[2023-12-20T08:31:24.423-0800][54434868ms] GC(1354) Metaspace: 256385K->256385K(1294336K)
[2023-12-20T08:31:24.423-0800][54434868ms] GC(1354) Pause Young (Normal) (G1 Evacuation Pause) 1909M->403M(2612M) 29.233ms
[2023-12-20T08:31:24.423-0800][54434868ms] GC(1354) User=0.13s Sys=0.00s Real=0.03s
[2023-12-20T08:31:24.970-0800][54435415ms] GC(1355) Pause Young (Normal) (G1 Evacuation Pause)
[2023-12-20T08:31:24.970-0800][54435415ms] GC(1355) Using 10 workers of 10 for evacuation
[2023-12-20T08:31:24.997-0800][54435442ms] GC(1355)   Pre Evacuate Collection Set: 0.0ms
[2023-12-20T08:31:24.997-0800][54435442ms] GC(1355)   Evacuate Collection Set: 25.4ms
[2023-12-20T08:31:24.997-0800][54435442ms] GC(1355)   Post Evacuate Collection Set: 2.4ms
[2023-12-20T08:31:24.997-0800][54435442ms] GC(1355)   Other: 0.4ms
[2023-12-20T08:31:24.997-0800][54435442ms] GC(1355) Eden regions: 753->0(753)
[2023-12-20T08:31:24.997-0800][54435442ms] GC(1355) Survivor regions: 30->30(98)
[2023-12-20T08:31:24.997-0800][54435442ms] GC(1355) Old regions: 167->167
[2023-12-20T08:31:24.997-0800][54435442ms] GC(1355) Humongous regions: 5->5
[2023-12-20T08:31:24.997-0800][54435442ms] GC(1355) Metaspace: 256385K->256385K(1294336K)
[2023-12-20T08:31:24.997-0800][54435442ms] GC(1355) Pause Young (Normal) (G1 Evacuation Pause) 1909M->403M(2612M) 28.329ms
[2023-12-20T08:31:24.997-0800][54435442ms] GC(1355) User=0.08s Sys=0.00s Real=0.03s
[2023-12-20T08:31:25.654-0800][54436099ms] GC(1356) Pause Young (Normal) (G1 Evacuation Pause)
[2023-12-20T08:31:25.654-0800][54436099ms] GC(1356) Using 10 workers of 10 for evacuation
[2023-12-20T08:31:25.682-0800][54436127ms] GC(1356)   Pre Evacuate Collection Set: 0.0ms
[2023-12-20T08:31:25.682-0800][54436127ms] GC(1356)   Evacuate Collection Set: 26.0ms
[2023-12-20T08:31:25.682-0800][54436127ms] GC(1356)   Post Evacuate Collection Set: 2.3ms
[2023-12-20T08:31:25.682-0800][54436127ms] GC(1356)   Other: 0.4ms
[2023-12-20T08:31:25.682-0800][54436127ms] GC(1356) Eden regions: 753->0(753)
[2023-12-20T08:31:25.682-0800][54436127ms] GC(1356) Survivor regions: 30->30(98)
[2023-12-20T08:31:25.682-0800][54436127ms] GC(1356) Old regions: 167->167
[2023-12-20T08:31:25.682-0800][54436127ms] GC(1356) Humongous regions: 5->5
[2023-12-20T08:31:25.682-0800][54436127ms] GC(1356) Metaspace: 256385K->256385K(1294336K)
[2023-12-20T08:31:25.682-0800][54436127ms] GC(1356) Pause Young (Normal) (G1 Evacuation Pause) 1909M->403M(2612M) 28.838ms
[2023-12-20T08:31:25.682-0800][54436127ms] GC(1356) User=0.09s Sys=0.00s Real=0.03s
[2023-12-20T08:31:26.376-0800][54436821ms] GC(1357) Pause Young (Normal) (G1 Evacuation Pause)
[2023-12-20T08:31:26.376-0800][54436821ms] GC(1357) Using 10 workers of 10 for evacuation
[2023-12-20T08:31:26.403-0800][54436848ms] GC(1357)   Pre Evacuate Collection Set: 0.0ms
[2023-12-20T08:31:26.403-0800][54436848ms] GC(1357)   Evacuate Collection Set: 26.2ms
[2023-12-20T08:31:26.404-0800][54436849ms] GC(1357)   Post Evacuate Collection Set: 2.2ms
[2023-12-20T08:31:26.404-0800][54436849ms] GC(1357)   Other: 0.3ms
[2023-12-20T08:31:26.404-0800][54436849ms] GC(1357) Eden regions: 753->0(753)
[2023-12-20T08:31:26.404-0800][54436849ms] GC(1357) Survivor regions: 30->30(98)
[2023-12-20T08:31:26.404-0800][54436849ms] GC(1357) Old regions: 167->167
[2023-12-20T08:31:26.404-0800][54436849ms] GC(1357) Humongous regions: 5->5
[2023-12-20T08:31:26.404-0800][54436849ms] GC(1357) Metaspace: 256385K->256385K(1294336K)
[2023-12-20T08:31:26.404-0800][54436849ms] GC(1357) Pause Young (Normal) (G1 Evacuation Pause) 1909M->402M(2612M) 28.881ms
[2023-12-20T08:31:26.404-0800][54436849ms] GC(1357) User=0.11s Sys=0.00s Real=0.03s
[2023-12-20T08:31:26.798-0800][54437243ms] GC(1358) Pause Young (Normal) (G1 Evacuation Pause)
[2023-12-20T08:31:26.798-0800][54437243ms] GC(1358) Using 10 workers of 10 for evacuation
[2023-12-20T08:31:26.825-0800][54437270ms] GC(1358)   Pre Evacuate Collection Set: 0.0ms
[2023-12-20T08:31:26.825-0800][54437270ms] GC(1358)   Evacuate Collection Set: 24.5ms
[2023-12-20T08:31:26.825-0800][54437270ms] GC(1358)   Post Evacuate Collection Set: 2.4ms
[2023-12-20T08:31:26.825-0800][54437270ms] GC(1358)   Other: 0.4ms
[2023-12-20T08:31:26.825-0800][54437270ms] GC(1358) Eden regions: 753->0(753)
[2023-12-20T08:31:26.825-0800][54437270ms] GC(1358) Survivor regions: 30->30(98)
[2023-12-20T08:31:26.825-0800][54437270ms] GC(1358) Old regions: 167->167
[2023-12-20T08:31:26.825-0800][54437270ms] GC(1358) Humongous regions: 5->5
[2023-12-20T08:31:26.825-0800][54437270ms] GC(1358) Metaspace: 256385K->256385K(1294336K)
[2023-12-20T08:31:26.825-0800][54437270ms] GC(1358) Pause Young (Normal) (G1 Evacuation Pause) 1908M->403M(2612M) 27.408ms
[2023-12-20T08:31:26.825-0800][54437270ms] GC(1358) User=0.11s Sys=0.00s Real=0.03s
[2023-12-20T08:31:27.465-0800][54437910ms] GC(1359) Pause Young (Normal) (G1 Evacuation Pause)
[2023-12-20T08:31:27.465-0800][54437910ms] GC(1359) Using 10 workers of 10 for evacuation
[2023-12-20T08:31:27.493-0800][54437938ms] GC(1359)   Pre Evacuate Collection Set: 0.0ms
[2023-12-20T08:31:27.494-0800][54437939ms] GC(1359)   Evacuate Collection Set: 25.8ms
[2023-12-20T08:31:27.494-0800][54437939ms] GC(1359)   Post Evacuate Collection Set: 2.4ms
[2023-12-20T08:31:27.494-0800][54437939ms] GC(1359)   Other: 0.4ms
[2023-12-20T08:31:27.494-0800][54437939ms] GC(1359) Eden regions: 753->0(753)
[2023-12-20T08:31:27.494-0800][54437939ms] GC(1359) Survivor regions: 30->30(98)
[2023-12-20T08:31:27.494-0800][54437939ms] GC(1359) Old regions: 167->167
[2023-12-20T08:31:27.494-0800][54437939ms] GC(1359) Humongous regions: 5->5
[2023-12-20T08:31:27.494-0800][54437939ms] GC(1359) Metaspace: 256385K->256385K(1294336K)
[2023-12-20T08:31:27.494-0800][54437939ms] GC(1359) Pause Young (Normal) (G1 Evacuation Pause) 1909M->403M(2612M) 28.784ms
[2023-12-20T08:31:27.494-0800][54437939ms] GC(1359) User=0.09s Sys=0.00s Real=0.03s
[2023-12-20T08:31:28.290-0800][54438735ms] GC(1360) Pause Young (Normal) (G1 Evacuation Pause)
[2023-12-20T08:31:28.290-0800][54438735ms] GC(1360) Using 10 workers of 10 for evacuation
[2023-12-20T08:31:28.327-0800][54438772ms] GC(1360)   Pre Evacuate Collection Set: 0.0ms
[2023-12-20T08:31:28.327-0800][54438772ms] GC(1360)   Evacuate Collection Set: 32.0ms
[2023-12-20T08:31:28.327-0800][54438772ms] GC(1360)   Post Evacuate Collection Set: 3.6ms
[2023-12-20T08:31:28.327-0800][54438772ms] GC(1360)   Other: 0.4ms
[2023-12-20T08:31:28.327-0800][54438772ms] GC(1360) Eden regions: 753->0(753)
[2023-12-20T08:31:28.327-0800][54438772ms] GC(1360) Survivor regions: 30->30(98)
[2023-12-20T08:31:28.327-0800][54438772ms] GC(1360) Old regions: 167->167
[2023-12-20T08:31:28.327-0800][54438772ms] GC(1360) Humongous regions: 5->5
[2023-12-20T08:31:28.327-0800][54438772ms] GC(1360) Metaspace: 256385K->256385K(1294336K)
[2023-12-20T08:31:28.327-0800][54438772ms] GC(1360) Pause Young (Normal) (G1 Evacuation Pause) 1909M->403M(2612M) 36.283ms
[2023-12-20T08:31:28.327-0800][54438772ms] GC(1360) User=0.09s Sys=0.00s Real=0.04s
[2023-12-20T08:31:29.025-0800][54439470ms] GC(1361) Pause Young (Normal) (G1 Evacuation Pause)
[2023-12-20T08:31:29.025-0800][54439470ms] GC(1361) Using 10 workers of 10 for evacuation
[2023-12-20T08:31:29.055-0800][54439500ms] GC(1361)   Pre Evacuate Collection Set: 0.0ms
[2023-12-20T08:31:29.055-0800][54439500ms] GC(1361)   Evacuate Collection Set: 27.2ms
[2023-12-20T08:31:29.055-0800][54439500ms] GC(1361)   Post Evacuate Collection Set: 2.3ms
[2023-12-20T08:31:29.055-0800][54439500ms] GC(1361)   Other: 0.4ms
[2023-12-20T08:31:29.055-0800][54439500ms] GC(1361) Eden regions: 753->0(753)
[2023-12-20T08:31:29.055-0800][54439500ms] GC(1361) Survivor regions: 30->30(98)
[2023-12-20T08:31:29.055-0800][54439500ms] GC(1361) Old regions: 167->167
[2023-12-20T08:31:29.055-0800][54439500ms] GC(1361) Humongous regions: 5->5
[2023-12-20T08:31:29.055-0800][54439500ms] GC(1361) Metaspace: 256385K->256385K(1294336K)
[2023-12-20T08:31:29.055-0800][54439500ms] GC(1361) Pause Young (Normal) (G1 Evacuation Pause) 1909M->403M(2612M) 29.938ms
[2023-12-20T08:31:29.055-0800][54439500ms] GC(1361) User=0.11s Sys=0.00s Real=0.03s
[2023-12-20T08:31:29.750-0800][54440195ms] GC(1362) Pause Young (Normal) (G1 Evacuation Pause)
[2023-12-20T08:31:29.750-0800][54440195ms] GC(1362) Using 10 workers of 10 for evacuation
[2023-12-20T08:31:29.779-0800][54440224ms] GC(1362)   Pre Evacuate Collection Set: 0.0ms
[2023-12-20T08:31:29.779-0800][54440224ms] GC(1362)   Evacuate Collection Set: 25.9ms
[2023-12-20T08:31:29.779-0800][54440224ms] GC(1362)   Post Evacuate Collection Set: 2.4ms
[2023-12-20T08:31:29.779-0800][54440224ms] GC(1362)   Other: 0.4ms
[2023-12-20T08:31:29.779-0800][54440224ms] GC(1362) Eden regions: 753->0(752)
[2023-12-20T08:31:29.779-0800][54440224ms] GC(1362) Survivor regions: 30->31(98)
[2023-12-20T08:31:29.779-0800][54440224ms] GC(1362) Old regions: 167->167
[2023-12-20T08:31:29.779-0800][54440224ms] GC(1362) Humongous regions: 5->5
[2023-12-20T08:31:29.779-0800][54440224ms] GC(1362) Metaspace: 256385K->256385K(1294336K)
[2023-12-20T08:31:29.779-0800][54440224ms] GC(1362) Pause Young (Normal) (G1 Evacuation Pause) 1909M->404M(2612M) 28.809ms
[2023-12-20T08:31:29.779-0800][54440224ms] GC(1362) User=0.09s Sys=0.00s Real=0.03s
[2023-12-20T08:31:30.486-0800][54440931ms] GC(1363) Pause Young (Normal) (G1 Evacuation Pause)
[2023-12-20T08:31:30.486-0800][54440931ms] GC(1363) Using 10 workers of 10 for evacuation
[2023-12-20T08:31:30.515-0800][54440960ms] GC(1363)   Pre Evacuate Collection Set: 0.0ms
[2023-12-20T08:31:30.515-0800][54440960ms] GC(1363)   Evacuate Collection Set: 26.3ms
[2023-12-20T08:31:30.515-0800][54440960ms] GC(1363)   Post Evacuate Collection Set: 2.2ms
[2023-12-20T08:31:30.515-0800][54440960ms] GC(1363)   Other: 0.4ms
[2023-12-20T08:31:30.515-0800][54440960ms] GC(1363) Eden regions: 752->0(753)
[2023-12-20T08:31:30.515-0800][54440960ms] GC(1363) Survivor regions: 31->30(98)
[2023-12-20T08:31:30.515-0800][54440960ms] GC(1363) Old regions: 167->167
[2023-12-20T08:31:30.515-0800][54440960ms] GC(1363) Humongous regions: 5->5
[2023-12-20T08:31:30.515-0800][54440960ms] GC(1363) Metaspace: 256385K->256385K(1294336K)
[2023-12-20T08:31:30.515-0800][54440960ms] GC(1363) Pause Young (Normal) (G1 Evacuation Pause) 1908M->403M(2612M) 29.083ms
[2023-12-20T08:31:30.515-0800][54440960ms] GC(1363) User=0.13s Sys=0.00s Real=0.03s
[2023-12-20T08:31:31.210-0800][54441655ms] GC(1364) Pause Young (Normal) (G1 Evacuation Pause)
[2023-12-20T08:31:31.210-0800][54441655ms] GC(1364) Using 10 workers of 10 for evacuation
[2023-12-20T08:31:31.240-0800][54441685ms] GC(1364)   Pre Evacuate Collection Set: 0.0ms
[2023-12-20T08:31:31.240-0800][54441685ms] GC(1364)   Evacuate Collection Set: 26.8ms
[2023-12-20T08:31:31.240-0800][54441685ms] GC(1364)   Post Evacuate Collection Set: 2.5ms
[2023-12-20T08:31:31.240-0800][54441685ms] GC(1364)   Other: 0.3ms
[2023-12-20T08:31:31.240-0800][54441685ms] GC(1364) Eden regions: 753->0(753)
[2023-12-20T08:31:31.240-0800][54441685ms] GC(1364) Survivor regions: 30->30(98)
[2023-12-20T08:31:31.240-0800][54441685ms] GC(1364) Old regions: 167->167
[2023-12-20T08:31:31.240-0800][54441685ms] GC(1364) Humongous regions: 5->5
[2023-12-20T08:31:31.240-0800][54441685ms] GC(1364) Metaspace: 256385K->256385K(1294336K)
[2023-12-20T08:31:31.240-0800][54441685ms] GC(1364) Pause Young (Normal) (G1 Evacuation Pause) 1909M->403M(2612M) 29.842ms
[2023-12-20T08:31:31.240-0800][54441685ms] GC(1364) User=0.11s Sys=0.00s Real=0.03s
[2023-12-20T08:31:32.032-0800][54442477ms] GC(1365) Pause Young (Normal) (G1 Evacuation Pause)
[2023-12-20T08:31:32.032-0800][54442477ms] GC(1365) Using 10 workers of 10 for evacuation
[2023-12-20T08:31:32.062-0800][54442507ms] GC(1365)   Pre Evacuate Collection Set: 0.0ms
[2023-12-20T08:31:32.062-0800][54442507ms] GC(1365)   Evacuate Collection Set: 27.0ms
[2023-12-20T08:31:32.062-0800][54442507ms] GC(1365)   Post Evacuate Collection Set: 2.3ms
[2023-12-20T08:31:32.062-0800][54442507ms] GC(1365)   Other: 0.4ms
[2023-12-20T08:31:32.062-0800][54442507ms] GC(1365) Eden regions: 753->0(753)
[2023-12-20T08:31:32.062-0800][54442507ms] GC(1365) Survivor regions: 30->30(98)
[2023-12-20T08:31:32.062-0800][54442507ms] GC(1365) Old regions: 167->167
[2023-12-20T08:31:32.062-0800][54442507ms] GC(1365) Humongous regions: 5->5
[2023-12-20T08:31:32.062-0800][54442507ms] GC(1365) Metaspace: 256385K->256385K(1294336K)
[2023-12-20T08:31:32.062-0800][54442507ms] GC(1365) Pause Young (Normal) (G1 Evacuation Pause) 1909M->402M(2612M) 29.847ms
[2023-12-20T08:31:32.062-0800][54442507ms] GC(1365) User=0.19s Sys=0.00s Real=0.03s
[2023-12-20T08:31:32.913-0800][54443358ms] GC(1366) Pause Young (Normal) (GCLocker Initiated GC)
[2023-12-20T08:31:32.913-0800][54443358ms] GC(1366) Using 10 workers of 10 for evacuation
[2023-12-20T08:31:32.944-0800][54443389ms] GC(1366)   Pre Evacuate Collection Set: 0.0ms
[2023-12-20T08:31:32.944-0800][54443389ms] GC(1366)   Evacuate Collection Set: 27.9ms
[2023-12-20T08:31:32.944-0800][54443389ms] GC(1366)   Post Evacuate Collection Set: 2.8ms
[2023-12-20T08:31:32.944-0800][54443389ms] GC(1366)   Other: 0.3ms
[2023-12-20T08:31:32.944-0800][54443389ms] GC(1366) Eden regions: 753->0(753)
[2023-12-20T08:31:32.944-0800][54443389ms] GC(1366) Survivor regions: 30->30(98)
[2023-12-20T08:31:32.944-0800][54443389ms] GC(1366) Old regions: 167->167
[2023-12-20T08:31:32.944-0800][54443389ms] GC(1366) Humongous regions: 5->5
[2023-12-20T08:31:32.944-0800][54443389ms] GC(1366) Metaspace: 256385K->256385K(1294336K)
[2023-12-20T08:31:32.944-0800][54443389ms] GC(1366) Pause Young (Normal) (GCLocker Initiated GC) 1908M->403M(2612M) 31.143ms
[2023-12-20T08:31:32.944-0800][54443389ms] GC(1366) User=0.14s Sys=0.00s Real=0.03s
[2023-12-20T08:31:33.691-0800][54444136ms] GC(1367) Pause Young (Normal) (GCLocker Initiated GC)
[2023-12-20T08:31:33.691-0800][54444136ms] GC(1367) Using 10 workers of 10 for evacuation
[2023-12-20T08:31:33.722-0800][54444167ms] GC(1367)   Pre Evacuate Collection Set: 0.0ms
[2023-12-20T08:31:33.722-0800][54444167ms] GC(1367)   Evacuate Collection Set: 28.5ms
[2023-12-20T08:31:33.722-0800][54444167ms] GC(1367)   Post Evacuate Collection Set: 2.3ms
[2023-12-20T08:31:33.722-0800][54444167ms] GC(1367)   Other: 0.4ms
[2023-12-20T08:31:33.722-0800][54444167ms] GC(1367) Eden regions: 754->0(753)
[2023-12-20T08:31:33.722-0800][54444167ms] GC(1367) Survivor regions: 30->30(98)
[2023-12-20T08:31:33.722-0800][54444167ms] GC(1367) Old regions: 167->167
[2023-12-20T08:31:33.722-0800][54444167ms] GC(1367) Humongous regions: 5->5
[2023-12-20T08:31:33.722-0800][54444167ms] GC(1367) Metaspace: 256385K->256385K(1294336K)
[2023-12-20T08:31:33.722-0800][54444167ms] GC(1367) Pause Young (Normal) (GCLocker Initiated GC) 1910M->403M(2612M) 31.421ms
[2023-12-20T08:31:33.722-0800][54444167ms] GC(1367) User=0.11s Sys=0.00s Real=0.03s
[2023-12-20T08:31:34.459-0800][54444904ms] GC(1368) Pause Young (Normal) (GCLocker Initiated GC)
[2023-12-20T08:31:34.459-0800][54444904ms] GC(1368) Using 10 workers of 10 for evacuation
[2023-12-20T08:31:34.488-0800][54444933ms] GC(1368)   Pre Evacuate Collection Set: 0.0ms
[2023-12-20T08:31:34.488-0800][54444933ms] GC(1368)   Evacuate Collection Set: 27.7ms
[2023-12-20T08:31:34.488-0800][54444933ms] GC(1368)   Post Evacuate Collection Set: 2.3ms
[2023-12-20T08:31:34.488-0800][54444933ms] GC(1368)   Other: 0.4ms
[2023-12-20T08:31:34.488-0800][54444933ms] GC(1368) Eden regions: 754->0(753)
[2023-12-20T08:31:34.488-0800][54444933ms] GC(1368) Survivor regions: 30->30(98)
[2023-12-20T08:31:34.488-0800][54444933ms] GC(1368) Old regions: 167->167
[2023-12-20T08:31:34.488-0800][54444933ms] GC(1368) Humongous regions: 5->5
[2023-12-20T08:31:34.488-0800][54444933ms] GC(1368) Metaspace: 256385K->256385K(1294336K)
[2023-12-20T08:31:34.488-0800][54444933ms] GC(1368) Pause Young (Normal) (GCLocker Initiated GC) 1910M->403M(2612M) 30.533ms
[2023-12-20T08:31:34.488-0800][54444933ms] GC(1368) User=0.19s Sys=0.00s Real=0.03s
[2023-12-20T08:31:35.313-0800][54445758ms] GC(1369) Pause Young (Normal) (G1 Evacuation Pause)
[2023-12-20T08:31:35.313-0800][54445758ms] GC(1369) Using 10 workers of 10 for evacuation
[2023-12-20T08:31:35.344-0800][54445789ms] GC(1369)   Pre Evacuate Collection Set: 0.0ms
[2023-12-20T08:31:35.344-0800][54445789ms] GC(1369)   Evacuate Collection Set: 27.6ms
[2023-12-20T08:31:35.344-0800][54445789ms] GC(1369)   Post Evacuate Collection Set: 2.4ms
[2023-12-20T08:31:35.344-0800][54445789ms] GC(1369)   Other: 0.4ms
[2023-12-20T08:31:35.344-0800][54445789ms] GC(1369) Eden regions: 753->0(753)
[2023-12-20T08:31:35.344-0800][54445789ms] GC(1369) Survivor regions: 30->30(98)
[2023-12-20T08:31:35.344-0800][54445789ms] GC(1369) Old regions: 167->167
[2023-12-20T08:31:35.344-0800][54445789ms] GC(1369) Humongous regions: 5->5
[2023-12-20T08:31:35.344-0800][54445789ms] GC(1369) Metaspace: 256385K->256385K(1294336K)
[2023-12-20T08:31:35.344-0800][54445789ms] GC(1369) Pause Young (Normal) (G1 Evacuation Pause) 1909M->402M(2612M) 30.570ms
[2023-12-20T08:31:35.344-0800][54445789ms] GC(1369) User=0.09s Sys=0.00s Real=0.03s
[2023-12-20T08:31:36.086-0800][54446531ms] GC(1370) Pause Young (Normal) (G1 Evacuation Pause)
[2023-12-20T08:31:36.086-0800][54446531ms] GC(1370) Using 10 workers of 10 for evacuation
[2023-12-20T08:31:36.115-0800][54446560ms] GC(1370)   Pre Evacuate Collection Set: 0.0ms
[2023-12-20T08:31:36.115-0800][54446560ms] GC(1370)   Evacuate Collection Set: 26.2ms
[2023-12-20T08:31:36.115-0800][54446560ms] GC(1370)   Post Evacuate Collection Set: 2.5ms
[2023-12-20T08:31:36.115-0800][54446560ms] GC(1370)   Other: 0.3ms
[2023-12-20T08:31:36.115-0800][54446560ms] GC(1370) Eden regions: 753->0(753)
[2023-12-20T08:31:36.115-0800][54446560ms] GC(1370) Survivor regions: 30->30(98)
[2023-12-20T08:31:36.115-0800][54446560ms] GC(1370) Old regions: 167->167
[2023-12-20T08:31:36.115-0800][54446560ms] GC(1370) Humongous regions: 5->5
[2023-12-20T08:31:36.115-0800][54446560ms] GC(1370) Metaspace: 256385K->256385K(1294336K)
[2023-12-20T08:31:36.115-0800][54446560ms] GC(1370) Pause Young (Normal) (G1 Evacuation Pause) 1908M->403M(2612M) 29.221ms
[2023-12-20T08:31:36.115-0800][54446560ms] GC(1370) User=0.09s Sys=0.00s Real=0.03s
[2023-12-20T08:31:36.822-0800][54447267ms] GC(1371) Pause Young (Normal) (G1 Evacuation Pause)
[2023-12-20T08:31:36.822-0800][54447267ms] GC(1371) Using 10 workers of 10 for evacuation
[2023-12-20T08:31:36.852-0800][54447297ms] GC(1371)   Pre Evacuate Collection Set: 0.1ms
[2023-12-20T08:31:36.852-0800][54447297ms] GC(1371)   Evacuate Collection Set: 27.0ms
[2023-12-20T08:31:36.852-0800][54447297ms] GC(1371)   Post Evacuate Collection Set: 3.0ms
[2023-12-20T08:31:36.852-0800][54447297ms] GC(1371)   Other: 0.4ms
[2023-12-20T08:31:36.852-0800][54447297ms] GC(1371) Eden regions: 753->0(753)
[2023-12-20T08:31:36.852-0800][54447297ms] GC(1371) Survivor regions: 30->30(98)
[2023-12-20T08:31:36.852-0800][54447297ms] GC(1371) Old regions: 167->167
[2023-12-20T08:31:36.852-0800][54447297ms] GC(1371) Humongous regions: 5->5
[2023-12-20T08:31:36.852-0800][54447297ms] GC(1371) Metaspace: 256385K->256385K(1294336K)
[2023-12-20T08:31:36.852-0800][54447297ms] GC(1371) Pause Young (Normal) (G1 Evacuation Pause) 1909M->403M(2612M) 30.617ms
[2023-12-20T08:31:36.852-0800][54447297ms] GC(1371) User=0.09s Sys=0.02s Real=0.03s
[2023-12-20T08:31:37.622-0800][54448067ms] GC(1372) Pause Young (Normal) (G1 Evacuation Pause)
[2023-12-20T08:31:37.622-0800][54448067ms] GC(1372) Using 10 workers of 10 for evacuation
[2023-12-20T08:31:37.651-0800][54448096ms] GC(1372)   Pre Evacuate Collection Set: 0.0ms
[2023-12-20T08:31:37.651-0800][54448096ms] GC(1372)   Evacuate Collection Set: 26.9ms
[2023-12-20T08:31:37.651-0800][54448096ms] GC(1372)   Post Evacuate Collection Set: 2.5ms
[2023-12-20T08:31:37.651-0800][54448096ms] GC(1372)   Other: 0.4ms
[2023-12-20T08:31:37.651-0800][54448096ms] GC(1372) Eden regions: 753->0(754)
[2023-12-20T08:31:37.651-0800][54448096ms] GC(1372) Survivor regions: 30->29(98)
[2023-12-20T08:31:37.651-0800][54448096ms] GC(1372) Old regions: 167->167
[2023-12-20T08:31:37.651-0800][54448096ms] GC(1372) Humongous regions: 5->5
[2023-12-20T08:31:37.651-0800][54448096ms] GC(1372) Metaspace: 256385K->256385K(1294336K)
[2023-12-20T08:31:37.651-0800][54448096ms] GC(1372) Pause Young (Normal) (G1 Evacuation Pause) 1909M->400M(2612M) 29.913ms
[2023-12-20T08:31:37.651-0800][54448096ms] GC(1372) User=0.09s Sys=0.00s Real=0.03s
[2023-12-20T08:31:38.354-0800][54448799ms] GC(1373) Pause Young (Normal) (G1 Evacuation Pause)
[2023-12-20T08:31:38.354-0800][54448799ms] GC(1373) Using 10 workers of 10 for evacuation
[2023-12-20T08:31:38.386-0800][54448831ms] GC(1373)   Pre Evacuate Collection Set: 0.0ms
[2023-12-20T08:31:38.386-0800][54448831ms] GC(1373)   Evacuate Collection Set: 28.1ms
[2023-12-20T08:31:38.386-0800][54448831ms] GC(1373)   Post Evacuate Collection Set: 2.5ms
[2023-12-20T08:31:38.386-0800][54448831ms] GC(1373)   Other: 0.4ms
[2023-12-20T08:31:38.386-0800][54448831ms] GC(1373) Eden regions: 754->0(753)
[2023-12-20T08:31:38.386-0800][54448831ms] GC(1373) Survivor regions: 29->30(98)
[2023-12-20T08:31:38.386-0800][54448831ms] GC(1373) Old regions: 167->167
[2023-12-20T08:31:38.386-0800][54448831ms] GC(1373) Humongous regions: 5->5
[2023-12-20T08:31:38.386-0800][54448831ms] GC(1373) Metaspace: 256385K->256385K(1294336K)
[2023-12-20T08:31:38.386-0800][54448831ms] GC(1373) Pause Young (Normal) (G1 Evacuation Pause) 1908M->402M(2612M) 31.012ms
[2023-12-20T08:31:38.386-0800][54448831ms] GC(1373) User=0.16s Sys=0.00s Real=0.03s
[2023-12-20T08:31:39.146-0800][54449591ms] GC(1374) Pause Young (Normal) (G1 Evacuation Pause)
[2023-12-20T08:31:39.146-0800][54449591ms] GC(1374) Using 10 workers of 10 for evacuation
[2023-12-20T08:31:39.177-0800][54449622ms] GC(1374)   Pre Evacuate Collection Set: 0.0ms
[2023-12-20T08:31:39.177-0800][54449622ms] GC(1374)   Evacuate Collection Set: 28.4ms
[2023-12-20T08:31:39.177-0800][54449622ms] GC(1374)   Post Evacuate Collection Set: 2.5ms
[2023-12-20T08:31:39.177-0800][54449622ms] GC(1374)   Other: 0.4ms
[2023-12-20T08:31:39.177-0800][54449622ms] GC(1374) Eden regions: 753->0(754)
[2023-12-20T08:31:39.177-0800][54449622ms] GC(1374) Survivor regions: 30->29(98)
[2023-12-20T08:31:39.177-0800][54449622ms] GC(1374) Old regions: 167->167
[2023-12-20T08:31:39.177-0800][54449622ms] GC(1374) Humongous regions: 5->5
[2023-12-20T08:31:39.177-0800][54449622ms] GC(1374) Metaspace: 256385K->256385K(1294336K)
[2023-12-20T08:31:39.177-0800][54449622ms] GC(1374) Pause Young (Normal) (G1 Evacuation Pause) 1908M->400M(2612M) 31.423ms
[2023-12-20T08:31:39.177-0800][54449622ms] GC(1374) User=0.14s Sys=0.00s Real=0.03s
[2023-12-20T08:31:39.916-0800][54450361ms] GC(1375) Pause Young (Normal) (G1 Evacuation Pause)
[2023-12-20T08:31:39.916-0800][54450361ms] GC(1375) Using 10 workers of 10 for evacuation
[2023-12-20T08:31:39.947-0800][54450392ms] GC(1375)   Pre Evacuate Collection Set: 0.0ms
[2023-12-20T08:31:39.947-0800][54450392ms] GC(1375)   Evacuate Collection Set: 27.5ms
[2023-12-20T08:31:39.947-0800][54450392ms] GC(1375)   Post Evacuate Collection Set: 2.5ms
[2023-12-20T08:31:39.947-0800][54450392ms] GC(1375)   Other: 0.4ms
[2023-12-20T08:31:39.947-0800][54450392ms] GC(1375) Eden regions: 754->0(753)
[2023-12-20T08:31:39.947-0800][54450392ms] GC(1375) Survivor regions: 29->30(98)
[2023-12-20T08:31:39.947-0800][54450392ms] GC(1375) Old regions: 167->167
[2023-12-20T08:31:39.947-0800][54450392ms] GC(1375) Humongous regions: 5->5
[2023-12-20T08:31:39.947-0800][54450392ms] GC(1375) Metaspace: 256385K->256385K(1294336K)
[2023-12-20T08:31:39.947-0800][54450392ms] GC(1375) Pause Young (Normal) (G1 Evacuation Pause) 1908M->402M(2612M) 30.469ms
[2023-12-20T08:31:39.947-0800][54450392ms] GC(1375) User=0.13s Sys=0.00s Real=0.03s
[2023-12-20T08:31:40.796-0800][54451241ms] GC(1376) Pause Young (Normal) (G1 Evacuation Pause)
[2023-12-20T08:31:40.796-0800][54451241ms] GC(1376) Using 10 workers of 10 for evacuation
[2023-12-20T08:31:40.829-0800][54451274ms] GC(1376)   Pre Evacuate Collection Set: 0.1ms
[2023-12-20T08:31:40.829-0800][54451274ms] GC(1376)   Evacuate Collection Set: 29.3ms
[2023-12-20T08:31:40.829-0800][54451274ms] GC(1376)   Post Evacuate Collection Set: 2.8ms
[2023-12-20T08:31:40.829-0800][54451274ms] GC(1376)   Other: 0.5ms
[2023-12-20T08:31:40.829-0800][54451274ms] GC(1376) Eden regions: 753->0(753)
[2023-12-20T08:31:40.829-0800][54451274ms] GC(1376) Survivor regions: 30->30(98)
[2023-12-20T08:31:40.829-0800][54451274ms] GC(1376) Old regions: 167->167
[2023-12-20T08:31:40.829-0800][54451274ms] GC(1376) Humongous regions: 5->5
[2023-12-20T08:31:40.829-0800][54451274ms] GC(1376) Metaspace: 256385K->256385K(1294336K)
[2023-12-20T08:31:40.829-0800][54451274ms] GC(1376) Pause Young (Normal) (G1 Evacuation Pause) 1908M->403M(2612M) 32.688ms
[2023-12-20T08:31:40.829-0800][54451274ms] GC(1376) User=0.17s Sys=0.00s Real=0.03s
[2023-12-20T08:31:41.547-0800][54451992ms] GC(1377) Pause Young (Normal) (G1 Evacuation Pause)
[2023-12-20T08:31:41.547-0800][54451992ms] GC(1377) Using 10 workers of 10 for evacuation
[2023-12-20T08:31:41.576-0800][54452021ms] GC(1377)   Pre Evacuate Collection Set: 0.0ms
[2023-12-20T08:31:41.576-0800][54452021ms] GC(1377)   Evacuate Collection Set: 27.2ms
[2023-12-20T08:31:41.576-0800][54452021ms] GC(1377)   Post Evacuate Collection Set: 2.4ms
[2023-12-20T08:31:41.576-0800][54452021ms] GC(1377)   Other: 0.4ms
[2023-12-20T08:31:41.576-0800][54452021ms] GC(1377) Eden regions: 753->0(753)
[2023-12-20T08:31:41.576-0800][54452021ms] GC(1377) Survivor regions: 30->30(98)
[2023-12-20T08:31:41.576-0800][54452021ms] GC(1377) Old regions: 167->167
[2023-12-20T08:31:41.576-0800][54452021ms] GC(1377) Humongous regions: 5->5
[2023-12-20T08:31:41.576-0800][54452021ms] GC(1377) Metaspace: 256385K->256385K(1294336K)
[2023-12-20T08:31:41.576-0800][54452021ms] GC(1377) Pause Young (Normal) (G1 Evacuation Pause) 1909M->403M(2612M) 30.146ms
[2023-12-20T08:31:41.576-0800][54452021ms] GC(1377) User=0.14s Sys=0.00s Real=0.03s
[2023-12-20T08:31:42.318-0800][54452763ms] GC(1378) Pause Young (Normal) (G1 Evacuation Pause)
[2023-12-20T08:31:42.318-0800][54452763ms] GC(1378) Using 10 workers of 10 for evacuation
[2023-12-20T08:31:42.347-0800][54452792ms] GC(1378)   Pre Evacuate Collection Set: 0.0ms
[2023-12-20T08:31:42.348-0800][54452793ms] GC(1378)   Evacuate Collection Set: 26.7ms
[2023-12-20T08:31:42.348-0800][54452793ms] GC(1378)   Post Evacuate Collection Set: 2.2ms
[2023-12-20T08:31:42.348-0800][54452793ms] GC(1378)   Other: 0.3ms
[2023-12-20T08:31:42.348-0800][54452793ms] GC(1378) Eden regions: 753->0(753)
[2023-12-20T08:31:42.348-0800][54452793ms] GC(1378) Survivor regions: 30->30(98)
[2023-12-20T08:31:42.348-0800][54452793ms] GC(1378) Old regions: 167->167
[2023-12-20T08:31:42.348-0800][54452793ms] GC(1378) Humongous regions: 5->5
[2023-12-20T08:31:42.348-0800][54452793ms] GC(1378) Metaspace: 256385K->256385K(1294336K)
[2023-12-20T08:31:42.348-0800][54452793ms] GC(1378) Pause Young (Normal) (G1 Evacuation Pause) 1909M->403M(2612M) 29.473ms
[2023-12-20T08:31:42.348-0800][54452793ms] GC(1378) User=0.13s Sys=0.00s Real=0.03s
[2023-12-20T08:31:43.092-0800][54453537ms] GC(1379) Pause Young (Normal) (G1 Evacuation Pause)
[2023-12-20T08:31:43.092-0800][54453537ms] GC(1379) Using 10 workers of 10 for evacuation
[2023-12-20T08:31:43.122-0800][54453567ms] GC(1379)   Pre Evacuate Collection Set: 0.0ms
[2023-12-20T08:31:43.122-0800][54453567ms] GC(1379)   Evacuate Collection Set: 27.0ms
[2023-12-20T08:31:43.122-0800][54453567ms] GC(1379)   Post Evacuate Collection Set: 2.5ms
[2023-12-20T08:31:43.122-0800][54453567ms] GC(1379)   Other: 0.3ms
[2023-12-20T08:31:43.122-0800][54453567ms] GC(1379) Eden regions: 753->0(753)
[2023-12-20T08:31:43.122-0800][54453567ms] GC(1379) Survivor regions: 30->30(98)
[2023-12-20T08:31:43.122-0800][54453567ms] GC(1379) Old regions: 167->167
[2023-12-20T08:31:43.122-0800][54453567ms] GC(1379) Humongous regions: 5->5
[2023-12-20T08:31:43.122-0800][54453567ms] GC(1379) Metaspace: 256385K->256385K(1294336K)
[2023-12-20T08:31:43.122-0800][54453567ms] GC(1379) Pause Young (Normal) (G1 Evacuation Pause) 1909M->402M(2612M) 29.963ms
[2023-12-20T08:31:43.122-0800][54453567ms] GC(1379) User=0.16s Sys=0.00s Real=0.03s
[2023-12-20T08:31:43.912-0800][54454357ms] GC(1380) Pause Young (Normal) (G1 Evacuation Pause)
[2023-12-20T08:31:43.912-0800][54454357ms] GC(1380) Using 10 workers of 10 for evacuation
[2023-12-20T08:31:43.942-0800][54454387ms] GC(1380)   Pre Evacuate Collection Set: 0.1ms
[2023-12-20T08:31:43.942-0800][54454387ms] GC(1380)   Evacuate Collection Set: 26.6ms
[2023-12-20T08:31:43.942-0800][54454387ms] GC(1380)   Post Evacuate Collection Set: 2.5ms
[2023-12-20T08:31:43.942-0800][54454387ms] GC(1380)   Other: 0.3ms
[2023-12-20T08:31:43.942-0800][54454387ms] GC(1380) Eden regions: 753->0(753)
[2023-12-20T08:31:43.942-0800][54454387ms] GC(1380) Survivor regions: 30->30(98)
[2023-12-20T08:31:43.942-0800][54454387ms] GC(1380) Old regions: 167->167
[2023-12-20T08:31:43.942-0800][54454387ms] GC(1380) Humongous regions: 5->5
[2023-12-20T08:31:43.942-0800][54454387ms] GC(1380) Metaspace: 256385K->256385K(1294336K)
[2023-12-20T08:31:43.942-0800][54454387ms] GC(1380) Pause Young (Normal) (G1 Evacuation Pause) 1908M->403M(2612M) 29.614ms
[2023-12-20T08:31:43.942-0800][54454387ms] GC(1380) User=0.09s Sys=0.00s Real=0.03s
[2023-12-20T08:31:44.683-0800][54455128ms] GC(1381) Pause Young (Normal) (G1 Evacuation Pause)
[2023-12-20T08:31:44.683-0800][54455128ms] GC(1381) Using 10 workers of 10 for evacuation
[2023-12-20T08:31:44.712-0800][54455157ms] GC(1381)   Pre Evacuate Collection Set: 0.0ms
[2023-12-20T08:31:44.712-0800][54455157ms] GC(1381)   Evacuate Collection Set: 26.9ms
[2023-12-20T08:31:44.712-0800][54455157ms] GC(1381)   Post Evacuate Collection Set: 2.5ms
[2023-12-20T08:31:44.712-0800][54455157ms] GC(1381)   Other: 0.3ms
[2023-12-20T08:31:44.712-0800][54455157ms] GC(1381) Eden regions: 753->0(753)
[2023-12-20T08:31:44.712-0800][54455157ms] GC(1381) Survivor regions: 30->30(98)
[2023-12-20T08:31:44.712-0800][54455157ms] GC(1381) Old regions: 167->167
[2023-12-20T08:31:44.712-0800][54455157ms] GC(1381) Humongous regions: 5->5
[2023-12-20T08:31:44.712-0800][54455157ms] GC(1381) Metaspace: 256385K->256385K(1294336K)
[2023-12-20T08:31:44.712-0800][54455157ms] GC(1381) Pause Young (Normal) (G1 Evacuation Pause) 1909M->403M(2612M) 29.885ms
[2023-12-20T08:31:44.712-0800][54455157ms] GC(1381) User=0.16s Sys=0.00s Real=0.03s
[2023-12-20T08:31:45.475-0800][54455920ms] GC(1382) Pause Young (Normal) (G1 Evacuation Pause)
[2023-12-20T08:31:45.475-0800][54455920ms] GC(1382) Using 10 workers of 10 for evacuation
[2023-12-20T08:31:45.505-0800][54455950ms] GC(1382)   Pre Evacuate Collection Set: 0.0ms
[2023-12-20T08:31:45.505-0800][54455950ms] GC(1382)   Evacuate Collection Set: 26.3ms
[2023-12-20T08:31:45.505-0800][54455950ms] GC(1382)   Post Evacuate Collection Set: 2.4ms
[2023-12-20T08:31:45.505-0800][54455950ms] GC(1382)   Other: 0.3ms
[2023-12-20T08:31:45.505-0800][54455950ms] GC(1382) Eden regions: 753->0(753)
[2023-12-20T08:31:45.505-0800][54455950ms] GC(1382) Survivor regions: 30->30(98)
[2023-12-20T08:31:45.505-0800][54455950ms] GC(1382) Old regions: 167->167
[2023-12-20T08:31:45.505-0800][54455950ms] GC(1382) Humongous regions: 5->5
[2023-12-20T08:31:45.505-0800][54455950ms] GC(1382) Metaspace: 256385K->256385K(1294336K)
[2023-12-20T08:31:45.505-0800][54455950ms] GC(1382) Pause Young (Normal) (G1 Evacuation Pause) 1909M->403M(2612M) 29.161ms
[2023-12-20T08:31:45.505-0800][54455950ms] GC(1382) User=0.09s Sys=0.00s Real=0.03s
[2023-12-20T08:31:46.219-0800][54456664ms] GC(1383) Pause Young (Normal) (G1 Evacuation Pause)
[2023-12-20T08:31:46.219-0800][54456664ms] GC(1383) Using 10 workers of 10 for evacuation
[2023-12-20T08:31:46.249-0800][54456694ms] GC(1383)   Pre Evacuate Collection Set: 0.0ms
[2023-12-20T08:31:46.249-0800][54456694ms] GC(1383)   Evacuate Collection Set: 27.8ms
[2023-12-20T08:31:46.249-0800][54456694ms] GC(1383)   Post Evacuate Collection Set: 2.5ms
[2023-12-20T08:31:46.249-0800][54456694ms] GC(1383)   Other: 0.3ms
[2023-12-20T08:31:46.249-0800][54456694ms] GC(1383) Eden regions: 753->0(753)
[2023-12-20T08:31:46.249-0800][54456694ms] GC(1383) Survivor regions: 30->30(98)
[2023-12-20T08:31:46.249-0800][54456694ms] GC(1383) Old regions: 167->167
[2023-12-20T08:31:46.249-0800][54456694ms] GC(1383) Humongous regions: 5->5
[2023-12-20T08:31:46.249-0800][54456694ms] GC(1383) Metaspace: 256385K->256385K(1294336K)
[2023-12-20T08:31:46.249-0800][54456694ms] GC(1383) Pause Young (Normal) (G1 Evacuation Pause) 1909M->403M(2612M) 30.789ms
[2023-12-20T08:31:46.249-0800][54456694ms] GC(1383) User=0.11s Sys=0.00s Real=0.03s
[2023-12-20T08:31:47.050-0800][54457495ms] GC(1384) Pause Young (Normal) (G1 Evacuation Pause)
[2023-12-20T08:31:47.050-0800][54457495ms] GC(1384) Using 10 workers of 10 for evacuation
[2023-12-20T08:31:47.079-0800][54457524ms] GC(1384)   Pre Evacuate Collection Set: 0.0ms
[2023-12-20T08:31:47.079-0800][54457524ms] GC(1384)   Evacuate Collection Set: 26.5ms
[2023-12-20T08:31:47.079-0800][54457524ms] GC(1384)   Post Evacuate Collection Set: 2.3ms
[2023-12-20T08:31:47.079-0800][54457524ms] GC(1384)   Other: 0.4ms
[2023-12-20T08:31:47.079-0800][54457524ms] GC(1384) Eden regions: 753->0(753)
[2023-12-20T08:31:47.079-0800][54457524ms] GC(1384) Survivor regions: 30->30(98)
[2023-12-20T08:31:47.079-0800][54457524ms] GC(1384) Old regions: 167->167
[2023-12-20T08:31:47.079-0800][54457524ms] GC(1384) Humongous regions: 5->5
[2023-12-20T08:31:47.079-0800][54457524ms] GC(1384) Metaspace: 256385K->256385K(1294336K)
[2023-12-20T08:31:47.079-0800][54457524ms] GC(1384) Pause Young (Normal) (G1 Evacuation Pause) 1909M->402M(2612M) 29.410ms
[2023-12-20T08:31:47.079-0800][54457524ms] GC(1384) User=0.09s Sys=0.00s Real=0.03s
[2023-12-20T08:31:47.837-0800][54458282ms] GC(1385) Pause Young (Normal) (G1 Evacuation Pause)
[2023-12-20T08:31:47.837-0800][54458282ms] GC(1385) Using 10 workers of 10 for evacuation
[2023-12-20T08:31:47.872-0800][54458317ms] GC(1385)   Pre Evacuate Collection Set: 0.0ms
[2023-12-20T08:31:47.872-0800][54458317ms] GC(1385)   Evacuate Collection Set: 31.1ms
[2023-12-20T08:31:47.872-0800][54458317ms] GC(1385)   Post Evacuate Collection Set: 2.5ms
[2023-12-20T08:31:47.872-0800][54458317ms] GC(1385)   Other: 0.4ms
[2023-12-20T08:31:47.872-0800][54458317ms] GC(1385) Eden regions: 753->0(753)
[2023-12-20T08:31:47.872-0800][54458317ms] GC(1385) Survivor regions: 30->30(98)
[2023-12-20T08:31:47.872-0800][54458317ms] GC(1385) Old regions: 167->167
[2023-12-20T08:31:47.872-0800][54458317ms] GC(1385) Humongous regions: 5->5
[2023-12-20T08:31:47.872-0800][54458317ms] GC(1385) Metaspace: 256385K->256385K(1294336K)
[2023-12-20T08:31:47.872-0800][54458317ms] GC(1385) Pause Young (Normal) (G1 Evacuation Pause) 1908M->402M(2612M) 34.176ms
[2023-12-20T08:31:47.872-0800][54458317ms] GC(1385) User=0.14s Sys=0.00s Real=0.04s
[2023-12-20T08:31:48.664-0800][54459109ms] GC(1386) Pause Young (Normal) (G1 Evacuation Pause)
[2023-12-20T08:31:48.664-0800][54459109ms] GC(1386) Using 10 workers of 10 for evacuation
[2023-12-20T08:31:48.694-0800][54459139ms] GC(1386)   Pre Evacuate Collection Set: 0.0ms
[2023-12-20T08:31:48.694-0800][54459139ms] GC(1386)   Evacuate Collection Set: 27.3ms
[2023-12-20T08:31:48.694-0800][54459139ms] GC(1386)   Post Evacuate Collection Set: 2.4ms
[2023-12-20T08:31:48.694-0800][54459139ms] GC(1386)   Other: 0.3ms
[2023-12-20T08:31:48.694-0800][54459139ms] GC(1386) Eden regions: 753->0(753)
[2023-12-20T08:31:48.694-0800][54459139ms] GC(1386) Survivor regions: 30->30(98)
[2023-12-20T08:31:48.694-0800][54459139ms] GC(1386) Old regions: 167->167
[2023-12-20T08:31:48.694-0800][54459139ms] GC(1386) Humongous regions: 5->5
[2023-12-20T08:31:48.694-0800][54459139ms] GC(1386) Metaspace: 256385K->256385K(1294336K)
[2023-12-20T08:31:48.694-0800][54459139ms] GC(1386) Pause Young (Normal) (G1 Evacuation Pause) 1908M->402M(2612M) 30.236ms
[2023-12-20T08:31:48.694-0800][54459139ms] GC(1386) User=0.05s Sys=0.00s Real=0.03s
[2023-12-20T08:31:49.456-0800][54459901ms] GC(1387) Pause Young (Normal) (G1 Evacuation Pause)
[2023-12-20T08:31:49.456-0800][54459901ms] GC(1387) Using 10 workers of 10 for evacuation
[2023-12-20T08:31:49.487-0800][54459932ms] GC(1387)   Pre Evacuate Collection Set: 0.0ms
[2023-12-20T08:31:49.487-0800][54459932ms] GC(1387)   Evacuate Collection Set: 28.6ms
[2023-12-20T08:31:49.487-0800][54459932ms] GC(1387)   Post Evacuate Collection Set: 2.6ms
[2023-12-20T08:31:49.487-0800][54459932ms] GC(1387)   Other: 0.3ms
[2023-12-20T08:31:49.487-0800][54459932ms] GC(1387) Eden regions: 753->0(753)
[2023-12-20T08:31:49.487-0800][54459932ms] GC(1387) Survivor regions: 30->30(98)
[2023-12-20T08:31:49.487-0800][54459932ms] GC(1387) Old regions: 167->167
[2023-12-20T08:31:49.487-0800][54459932ms] GC(1387) Humongous regions: 5->5
[2023-12-20T08:31:49.487-0800][54459932ms] GC(1387) Metaspace: 256385K->256385K(1294336K)
[2023-12-20T08:31:49.487-0800][54459932ms] GC(1387) Pause Young (Normal) (G1 Evacuation Pause) 1908M->402M(2612M) 31.693ms
[2023-12-20T08:31:49.487-0800][54459932ms] GC(1387) User=0.13s Sys=0.00s Real=0.03s
[2023-12-20T08:31:50.232-0800][54460677ms] GC(1388) Pause Young (Normal) (G1 Evacuation Pause)
[2023-12-20T08:31:50.233-0800][54460678ms] GC(1388) Using 10 workers of 10 for evacuation
[2023-12-20T08:31:50.263-0800][54460708ms] GC(1388)   Pre Evacuate Collection Set: 0.0ms
[2023-12-20T08:31:50.264-0800][54460709ms] GC(1388)   Evacuate Collection Set: 28.2ms
[2023-12-20T08:31:50.264-0800][54460709ms] GC(1388)   Post Evacuate Collection Set: 2.4ms
[2023-12-20T08:31:50.264-0800][54460709ms] GC(1388)   Other: 0.4ms
[2023-12-20T08:31:50.264-0800][54460709ms] GC(1388) Eden regions: 753->0(753)
[2023-12-20T08:31:50.264-0800][54460709ms] GC(1388) Survivor regions: 30->30(98)
[2023-12-20T08:31:50.264-0800][54460709ms] GC(1388) Old regions: 167->167
[2023-12-20T08:31:50.264-0800][54460709ms] GC(1388) Humongous regions: 5->5
[2023-12-20T08:31:50.264-0800][54460709ms] GC(1388) Metaspace: 256385K->256385K(1294336K)
[2023-12-20T08:31:50.264-0800][54460709ms] GC(1388) Pause Young (Normal) (G1 Evacuation Pause) 1908M->402M(2612M) 31.174ms
[2023-12-20T08:31:50.264-0800][54460709ms] GC(1388) User=0.13s Sys=0.00s Real=0.03s
[2023-12-20T08:31:51.013-0800][54461458ms] GC(1389) Pause Young (Normal) (G1 Evacuation Pause)
[2023-12-20T08:31:51.013-0800][54461458ms] GC(1389) Using 10 workers of 10 for evacuation
[2023-12-20T08:31:51.043-0800][54461488ms] GC(1389)   Pre Evacuate Collection Set: 0.0ms
[2023-12-20T08:31:51.043-0800][54461488ms] GC(1389)   Evacuate Collection Set: 26.7ms
[2023-12-20T08:31:51.043-0800][54461488ms] GC(1389)   Post Evacuate Collection Set: 2.8ms
[2023-12-20T08:31:51.043-0800][54461488ms] GC(1389)   Other: 0.4ms
[2023-12-20T08:31:51.043-0800][54461488ms] GC(1389) Eden regions: 753->0(753)
[2023-12-20T08:31:51.043-0800][54461488ms] GC(1389) Survivor regions: 30->30(98)
[2023-12-20T08:31:51.043-0800][54461488ms] GC(1389) Old regions: 167->167
[2023-12-20T08:31:51.043-0800][54461488ms] GC(1389) Humongous regions: 5->5
[2023-12-20T08:31:51.043-0800][54461488ms] GC(1389) Metaspace: 256385K->256385K(1294336K)
[2023-12-20T08:31:51.043-0800][54461488ms] GC(1389) Pause Young (Normal) (G1 Evacuation Pause) 1908M->403M(2612M) 29.992ms
[2023-12-20T08:31:51.043-0800][54461488ms] GC(1389) User=0.13s Sys=0.00s Real=0.03s
[2023-12-20T08:31:51.791-0800][54462236ms] GC(1390) Pause Young (Normal) (G1 Evacuation Pause)
[2023-12-20T08:31:51.791-0800][54462236ms] GC(1390) Using 10 workers of 10 for evacuation
[2023-12-20T08:31:51.821-0800][54462266ms] GC(1390)   Pre Evacuate Collection Set: 0.0ms
[2023-12-20T08:31:51.821-0800][54462266ms] GC(1390)   Evacuate Collection Set: 27.2ms
[2023-12-20T08:31:51.821-0800][54462266ms] GC(1390)   Post Evacuate Collection Set: 2.4ms
[2023-12-20T08:31:51.821-0800][54462266ms] GC(1390)   Other: 0.3ms
[2023-12-20T08:31:51.821-0800][54462266ms] GC(1390) Eden regions: 753->0(753)
[2023-12-20T08:31:51.821-0800][54462266ms] GC(1390) Survivor regions: 30->30(98)
[2023-12-20T08:31:51.821-0800][54462266ms] GC(1390) Old regions: 167->167
[2023-12-20T08:31:51.821-0800][54462266ms] GC(1390) Humongous regions: 5->5
[2023-12-20T08:31:51.821-0800][54462266ms] GC(1390) Metaspace: 256385K->256385K(1294336K)
[2023-12-20T08:31:51.821-0800][54462266ms] GC(1390) Pause Young (Normal) (G1 Evacuation Pause) 1909M->402M(2612M) 30.082ms
[2023-12-20T08:31:51.821-0800][54462266ms] GC(1390) User=0.08s Sys=0.00s Real=0.03s
[2023-12-20T08:31:52.551-0800][54462996ms] GC(1391) Pause Young (Normal) (G1 Evacuation Pause)
[2023-12-20T08:31:52.551-0800][54462996ms] GC(1391) Using 10 workers of 10 for evacuation
[2023-12-20T08:31:52.582-0800][54463027ms] GC(1391)   Pre Evacuate Collection Set: 0.0ms
[2023-12-20T08:31:52.582-0800][54463027ms] GC(1391)   Evacuate Collection Set: 27.1ms
[2023-12-20T08:31:52.582-0800][54463027ms] GC(1391)   Post Evacuate Collection Set: 2.4ms
[2023-12-20T08:31:52.582-0800][54463027ms] GC(1391)   Other: 0.4ms
[2023-12-20T08:31:52.582-0800][54463027ms] GC(1391) Eden regions: 753->0(753)
[2023-12-20T08:31:52.582-0800][54463027ms] GC(1391) Survivor regions: 30->30(98)
[2023-12-20T08:31:52.582-0800][54463027ms] GC(1391) Old regions: 167->167
[2023-12-20T08:31:52.582-0800][54463027ms] GC(1391) Humongous regions: 5->5
[2023-12-20T08:31:52.582-0800][54463027ms] GC(1391) Metaspace: 256385K->256385K(1294336K)
[2023-12-20T08:31:52.582-0800][54463027ms] GC(1391) Pause Young (Normal) (G1 Evacuation Pause) 1908M->403M(2612M) 30.016ms
[2023-12-20T08:31:52.582-0800][54463027ms] GC(1391) User=0.19s Sys=0.00s Real=0.03s
[2023-12-20T08:31:53.291-0800][54463736ms] GC(1392) Pause Young (Normal) (G1 Evacuation Pause)
[2023-12-20T08:31:53.291-0800][54463736ms] GC(1392) Using 10 workers of 10 for evacuation
[2023-12-20T08:31:53.320-0800][54463765ms] GC(1392)   Pre Evacuate Collection Set: 0.0ms
[2023-12-20T08:31:53.320-0800][54463765ms] GC(1392)   Evacuate Collection Set: 27.2ms
[2023-12-20T08:31:53.321-0800][54463766ms] GC(1392)   Post Evacuate Collection Set: 2.4ms
[2023-12-20T08:31:53.321-0800][54463766ms] GC(1392)   Other: 0.4ms
[2023-12-20T08:31:53.321-0800][54463766ms] GC(1392) Eden regions: 753->0(753)
[2023-12-20T08:31:53.321-0800][54463766ms] GC(1392) Survivor regions: 30->30(98)
[2023-12-20T08:31:53.321-0800][54463766ms] GC(1392) Old regions: 167->167
[2023-12-20T08:31:53.321-0800][54463766ms] GC(1392) Humongous regions: 5->5
[2023-12-20T08:31:53.321-0800][54463766ms] GC(1392) Metaspace: 256385K->256385K(1294336K)
[2023-12-20T08:31:53.321-0800][54463766ms] GC(1392) Pause Young (Normal) (G1 Evacuation Pause) 1909M->403M(2612M) 30.171ms
[2023-12-20T08:31:53.321-0800][54463766ms] GC(1392) User=0.09s Sys=0.00s Real=0.03s
[2023-12-20T08:31:54.050-0800][54464495ms] GC(1393) Pause Young (Normal) (G1 Evacuation Pause)
[2023-12-20T08:31:54.050-0800][54464495ms] GC(1393) Using 10 workers of 10 for evacuation
[2023-12-20T08:31:54.080-0800][54464525ms] GC(1393)   Pre Evacuate Collection Set: 0.0ms
[2023-12-20T08:31:54.080-0800][54464525ms] GC(1393)   Evacuate Collection Set: 26.9ms
[2023-12-20T08:31:54.080-0800][54464525ms] GC(1393)   Post Evacuate Collection Set: 2.5ms
[2023-12-20T08:31:54.080-0800][54464525ms] GC(1393)   Other: 0.4ms
[2023-12-20T08:31:54.080-0800][54464525ms] GC(1393) Eden regions: 753->0(753)
[2023-12-20T08:31:54.080-0800][54464525ms] GC(1393) Survivor regions: 30->30(98)
[2023-12-20T08:31:54.080-0800][54464525ms] GC(1393) Old regions: 167->167
[2023-12-20T08:31:54.080-0800][54464525ms] GC(1393) Humongous regions: 5->5
[2023-12-20T08:31:54.080-0800][54464525ms] GC(1393) Metaspace: 256385K->256385K(1294336K)
[2023-12-20T08:31:54.080-0800][54464525ms] GC(1393) Pause Young (Normal) (G1 Evacuation Pause) 1909M->403M(2612M) 29.974ms
[2023-12-20T08:31:54.080-0800][54464525ms] GC(1393) User=0.09s Sys=0.00s Real=0.03s
[2023-12-20T08:31:54.824-0800][54465269ms] GC(1394) Pause Young (Normal) (G1 Evacuation Pause)
[2023-12-20T08:31:54.824-0800][54465269ms] GC(1394) Using 10 workers of 10 for evacuation
[2023-12-20T08:31:54.854-0800][54465299ms] GC(1394)   Pre Evacuate Collection Set: 0.0ms
[2023-12-20T08:31:54.854-0800][54465299ms] GC(1394)   Evacuate Collection Set: 27.6ms
[2023-12-20T08:31:54.854-0800][54465299ms] GC(1394)   Post Evacuate Collection Set: 2.4ms
[2023-12-20T08:31:54.854-0800][54465299ms] GC(1394)   Other: 0.3ms
[2023-12-20T08:31:54.854-0800][54465299ms] GC(1394) Eden regions: 753->0(753)
[2023-12-20T08:31:54.854-0800][54465299ms] GC(1394) Survivor regions: 30->30(98)
[2023-12-20T08:31:54.854-0800][54465299ms] GC(1394) Old regions: 167->167
[2023-12-20T08:31:54.854-0800][54465299ms] GC(1394) Humongous regions: 5->5
[2023-12-20T08:31:54.854-0800][54465299ms] GC(1394) Metaspace: 256385K->256385K(1294336K)
[2023-12-20T08:31:54.854-0800][54465299ms] GC(1394) Pause Young (Normal) (G1 Evacuation Pause) 1909M->403M(2612M) 30.563ms
[2023-12-20T08:31:54.854-0800][54465299ms] GC(1394) User=0.13s Sys=0.00s Real=0.03s
[2023-12-20T08:31:55.593-0800][54466038ms] GC(1395) Pause Young (Normal) (G1 Evacuation Pause)
[2023-12-20T08:31:55.593-0800][54466038ms] GC(1395) Using 10 workers of 10 for evacuation
[2023-12-20T08:31:55.622-0800][54466067ms] GC(1395)   Pre Evacuate Collection Set: 0.0ms
[2023-12-20T08:31:55.622-0800][54466067ms] GC(1395)   Evacuate Collection Set: 26.9ms
[2023-12-20T08:31:55.622-0800][54466067ms] GC(1395)   Post Evacuate Collection Set: 2.3ms
[2023-12-20T08:31:55.622-0800][54466067ms] GC(1395)   Other: 0.4ms
[2023-12-20T08:31:55.622-0800][54466067ms] GC(1395) Eden regions: 753->0(753)
[2023-12-20T08:31:55.622-0800][54466067ms] GC(1395) Survivor regions: 30->30(98)
[2023-12-20T08:31:55.622-0800][54466067ms] GC(1395) Old regions: 167->167
[2023-12-20T08:31:55.622-0800][54466067ms] GC(1395) Humongous regions: 5->5
[2023-12-20T08:31:55.622-0800][54466067ms] GC(1395) Metaspace: 256385K->256385K(1294336K)
[2023-12-20T08:31:55.622-0800][54466067ms] GC(1395) Pause Young (Normal) (G1 Evacuation Pause) 1909M->403M(2612M) 29.732ms
[2023-12-20T08:31:55.622-0800][54466067ms] GC(1395) User=0.05s Sys=0.00s Real=0.03s
[2023-12-20T08:31:56.380-0800][54466825ms] GC(1396) Pause Young (Normal) (G1 Evacuation Pause)
[2023-12-20T08:31:56.380-0800][54466825ms] GC(1396) Using 10 workers of 10 for evacuation
[2023-12-20T08:31:56.410-0800][54466855ms] GC(1396)   Pre Evacuate Collection Set: 0.0ms
[2023-12-20T08:31:56.410-0800][54466855ms] GC(1396)   Evacuate Collection Set: 26.6ms
[2023-12-20T08:31:56.410-0800][54466855ms] GC(1396)   Post Evacuate Collection Set: 2.6ms
[2023-12-20T08:31:56.410-0800][54466855ms] GC(1396)   Other: 0.4ms
[2023-12-20T08:31:56.410-0800][54466855ms] GC(1396) Eden regions: 753->0(753)
[2023-12-20T08:31:56.410-0800][54466855ms] GC(1396) Survivor regions: 30->30(98)
[2023-12-20T08:31:56.410-0800][54466855ms] GC(1396) Old regions: 167->167
[2023-12-20T08:31:56.410-0800][54466855ms] GC(1396) Humongous regions: 5->5
[2023-12-20T08:31:56.410-0800][54466855ms] GC(1396) Metaspace: 256385K->256385K(1294336K)
[2023-12-20T08:31:56.410-0800][54466855ms] GC(1396) Pause Young (Normal) (G1 Evacuation Pause) 1909M->403M(2612M) 29.677ms
[2023-12-20T08:31:56.410-0800][54466855ms] GC(1396) User=0.11s Sys=0.00s Real=0.03s
[2023-12-20T08:31:57.145-0800][54467590ms] GC(1397) Pause Young (Normal) (G1 Evacuation Pause)
[2023-12-20T08:31:57.145-0800][54467590ms] GC(1397) Using 10 workers of 10 for evacuation
[2023-12-20T08:31:57.176-0800][54467621ms] GC(1397)   Pre Evacuate Collection Set: 0.0ms
[2023-12-20T08:31:57.176-0800][54467621ms] GC(1397)   Evacuate Collection Set: 27.8ms
[2023-12-20T08:31:57.176-0800][54467621ms] GC(1397)   Post Evacuate Collection Set: 2.5ms
[2023-12-20T08:31:57.176-0800][54467621ms] GC(1397)   Other: 0.4ms
[2023-12-20T08:31:57.176-0800][54467621ms] GC(1397) Eden regions: 753->0(753)
[2023-12-20T08:31:57.176-0800][54467621ms] GC(1397) Survivor regions: 30->30(98)
[2023-12-20T08:31:57.176-0800][54467621ms] GC(1397) Old regions: 167->167
[2023-12-20T08:31:57.176-0800][54467621ms] GC(1397) Humongous regions: 5->5
[2023-12-20T08:31:57.176-0800][54467621ms] GC(1397) Metaspace: 256385K->256385K(1294336K)
[2023-12-20T08:31:57.176-0800][54467621ms] GC(1397) Pause Young (Normal) (G1 Evacuation Pause) 1909M->402M(2612M) 30.773ms
[2023-12-20T08:31:57.176-0800][54467621ms] GC(1397) User=0.11s Sys=0.00s Real=0.03s
[2023-12-20T08:31:57.868-0800][54468313ms] GC(1398) Pause Young (Normal) (G1 Evacuation Pause)
[2023-12-20T08:31:57.868-0800][54468313ms] GC(1398) Using 10 workers of 10 for evacuation
[2023-12-20T08:31:57.899-0800][54468344ms] GC(1398)   Pre Evacuate Collection Set: 0.0ms
[2023-12-20T08:31:57.899-0800][54468344ms] GC(1398)   Evacuate Collection Set: 27.2ms
[2023-12-20T08:31:57.899-0800][54468344ms] GC(1398)   Post Evacuate Collection Set: 2.5ms
[2023-12-20T08:31:57.899-0800][54468344ms] GC(1398)   Other: 0.4ms
[2023-12-20T08:31:57.899-0800][54468344ms] GC(1398) Eden regions: 753->0(753)
[2023-12-20T08:31:57.899-0800][54468344ms] GC(1398) Survivor regions: 30->30(98)
[2023-12-20T08:31:57.899-0800][54468344ms] GC(1398) Old regions: 167->167
[2023-12-20T08:31:57.899-0800][54468344ms] GC(1398) Humongous regions: 5->5
[2023-12-20T08:31:57.899-0800][54468344ms] GC(1398) Metaspace: 256385K->256385K(1294336K)
[2023-12-20T08:31:57.899-0800][54468344ms] GC(1398) Pause Young (Normal) (G1 Evacuation Pause) 1908M->403M(2612M) 30.243ms
[2023-12-20T08:31:57.899-0800][54468344ms] GC(1398) User=0.06s Sys=0.00s Real=0.03s
[2023-12-20T08:31:58.631-0800][54469076ms] GC(1399) Pause Young (Normal) (G1 Evacuation Pause)
[2023-12-20T08:31:58.631-0800][54469076ms] GC(1399) Using 10 workers of 10 for evacuation
[2023-12-20T08:31:58.663-0800][54469108ms] GC(1399)   Pre Evacuate Collection Set: 0.0ms
[2023-12-20T08:31:58.663-0800][54469108ms] GC(1399)   Evacuate Collection Set: 28.7ms
[2023-12-20T08:31:58.663-0800][54469108ms] GC(1399)   Post Evacuate Collection Set: 2.8ms
[2023-12-20T08:31:58.663-0800][54469108ms] GC(1399)   Other: 0.4ms
[2023-12-20T08:31:58.663-0800][54469108ms] GC(1399) Eden regions: 753->0(754)
[2023-12-20T08:31:58.663-0800][54469108ms] GC(1399) Survivor regions: 30->29(98)
[2023-12-20T08:31:58.663-0800][54469108ms] GC(1399) Old regions: 167->167
[2023-12-20T08:31:58.663-0800][54469108ms] GC(1399) Humongous regions: 5->5
[2023-12-20T08:31:58.663-0800][54469108ms] GC(1399) Metaspace: 256385K->256385K(1294336K)
[2023-12-20T08:31:58.663-0800][54469108ms] GC(1399) Pause Young (Normal) (G1 Evacuation Pause) 1909M->401M(2612M) 31.962ms
[2023-12-20T08:31:58.663-0800][54469108ms] GC(1399) User=0.17s Sys=0.00s Real=0.03s
[2023-12-20T08:31:59.379-0800][54469824ms] GC(1400) Pause Young (Normal) (G1 Evacuation Pause)
[2023-12-20T08:31:59.379-0800][54469824ms] GC(1400) Using 10 workers of 10 for evacuation
[2023-12-20T08:31:59.410-0800][54469855ms] GC(1400)   Pre Evacuate Collection Set: 0.0ms
[2023-12-20T08:31:59.410-0800][54469855ms] GC(1400)   Evacuate Collection Set: 27.2ms
[2023-12-20T08:31:59.410-0800][54469855ms] GC(1400)   Post Evacuate Collection Set: 2.6ms
[2023-12-20T08:31:59.410-0800][54469855ms] GC(1400)   Other: 0.4ms
[2023-12-20T08:31:59.410-0800][54469855ms] GC(1400) Eden regions: 754->0(753)
[2023-12-20T08:31:59.410-0800][54469855ms] GC(1400) Survivor regions: 29->30(98)
[2023-12-20T08:31:59.410-0800][54469855ms] GC(1400) Old regions: 167->167
[2023-12-20T08:31:59.410-0800][54469855ms] GC(1400) Humongous regions: 5->5
[2023-12-20T08:31:59.410-0800][54469855ms] GC(1400) Metaspace: 256385K->256385K(1294336K)
[2023-12-20T08:31:59.410-0800][54469855ms] GC(1400) Pause Young (Normal) (G1 Evacuation Pause) 1909M->403M(2612M) 30.288ms
[2023-12-20T08:31:59.410-0800][54469855ms] GC(1400) User=0.14s Sys=0.00s Real=0.03s
[2023-12-20T08:32:00.340-0800][54470785ms] GC(1401) Pause Young (Normal) (GCLocker Initiated GC)
[2023-12-20T08:32:00.340-0800][54470785ms] GC(1401) Using 10 workers of 10 for evacuation
[2023-12-20T08:32:00.373-0800][54470818ms] GC(1401)   Pre Evacuate Collection Set: 0.0ms
[2023-12-20T08:32:00.373-0800][54470818ms] GC(1401)   Evacuate Collection Set: 29.3ms
[2023-12-20T08:32:00.373-0800][54470818ms] GC(1401)   Post Evacuate Collection Set: 2.5ms
[2023-12-20T08:32:00.373-0800][54470818ms] GC(1401)   Other: 0.4ms
[2023-12-20T08:32:00.373-0800][54470818ms] GC(1401) Eden regions: 753->0(753)
[2023-12-20T08:32:00.373-0800][54470818ms] GC(1401) Survivor regions: 30->30(98)
[2023-12-20T08:32:00.373-0800][54470818ms] GC(1401) Old regions: 167->167
[2023-12-20T08:32:00.373-0800][54470818ms] GC(1401) Humongous regions: 5->5
[2023-12-20T08:32:00.373-0800][54470818ms] GC(1401) Metaspace: 256385K->256385K(1294336K)
[2023-12-20T08:32:00.373-0800][54470818ms] GC(1401) Pause Young (Normal) (GCLocker Initiated GC) 1909M->402M(2612M) 32.362ms
[2023-12-20T08:32:00.373-0800][54470818ms] GC(1401) User=0.13s Sys=0.00s Real=0.03s
[2023-12-20T08:32:01.161-0800][54471606ms] GC(1402) Pause Young (Normal) (GCLocker Initiated GC)
[2023-12-20T08:32:01.161-0800][54471606ms] GC(1402) Using 10 workers of 10 for evacuation
[2023-12-20T08:32:01.192-0800][54471637ms] GC(1402)   Pre Evacuate Collection Set: 0.0ms
[2023-12-20T08:32:01.192-0800][54471637ms] GC(1402)   Evacuate Collection Set: 27.8ms
[2023-12-20T08:32:01.192-0800][54471637ms] GC(1402)   Post Evacuate Collection Set: 2.5ms
[2023-12-20T08:32:01.192-0800][54471637ms] GC(1402)   Other: 0.4ms
[2023-12-20T08:32:01.192-0800][54471637ms] GC(1402) Eden regions: 754->0(753)
[2023-12-20T08:32:01.192-0800][54471637ms] GC(1402) Survivor regions: 30->30(98)
[2023-12-20T08:32:01.192-0800][54471637ms] GC(1402) Old regions: 167->167
[2023-12-20T08:32:01.192-0800][54471637ms] GC(1402) Humongous regions: 5->5
[2023-12-20T08:32:01.192-0800][54471637ms] GC(1402) Metaspace: 256385K->256385K(1294336K)
[2023-12-20T08:32:01.192-0800][54471637ms] GC(1402) Pause Young (Normal) (GCLocker Initiated GC) 1908M->403M(2612M) 30.854ms
[2023-12-20T08:32:01.192-0800][54471637ms] GC(1402) User=0.16s Sys=0.00s Real=0.03s
[2023-12-20T08:32:02.021-0800][54472466ms] GC(1403) Pause Young (Normal) (G1 Evacuation Pause)
[2023-12-20T08:32:02.021-0800][54472466ms] GC(1403) Using 10 workers of 10 for evacuation
[2023-12-20T08:32:02.052-0800][54472497ms] GC(1403)   Pre Evacuate Collection Set: 0.0ms
[2023-12-20T08:32:02.052-0800][54472497ms] GC(1403)   Evacuate Collection Set: 27.8ms
[2023-12-20T08:32:02.052-0800][54472497ms] GC(1403)   Post Evacuate Collection Set: 2.5ms
[2023-12-20T08:32:02.052-0800][54472497ms] GC(1403)   Other: 0.4ms
[2023-12-20T08:32:02.052-0800][54472497ms] GC(1403) Eden regions: 753->0(753)
[2023-12-20T08:32:02.052-0800][54472497ms] GC(1403) Survivor regions: 30->30(98)
[2023-12-20T08:32:02.052-0800][54472497ms] GC(1403) Old regions: 167->167
[2023-12-20T08:32:02.052-0800][54472497ms] GC(1403) Humongous regions: 5->5
[2023-12-20T08:32:02.052-0800][54472497ms] GC(1403) Metaspace: 256385K->256385K(1294336K)
[2023-12-20T08:32:02.052-0800][54472497ms] GC(1403) Pause Young (Normal) (G1 Evacuation Pause) 1909M->403M(2612M) 30.888ms
[2023-12-20T08:32:02.052-0800][54472497ms] GC(1403) User=0.17s Sys=0.00s Real=0.03s
[2023-12-20T08:32:02.849-0800][54473294ms] GC(1404) Pause Young (Normal) (G1 Evacuation Pause)
[2023-12-20T08:32:02.849-0800][54473294ms] GC(1404) Using 10 workers of 10 for evacuation
[2023-12-20T08:32:02.878-0800][54473323ms] GC(1404)   Pre Evacuate Collection Set: 0.0ms
[2023-12-20T08:32:02.878-0800][54473323ms] GC(1404)   Evacuate Collection Set: 26.6ms
[2023-12-20T08:32:02.878-0800][54473323ms] GC(1404)   Post Evacuate Collection Set: 2.4ms
[2023-12-20T08:32:02.878-0800][54473323ms] GC(1404)   Other: 0.4ms
[2023-12-20T08:32:02.878-0800][54473323ms] GC(1404) Eden regions: 753->0(753)
[2023-12-20T08:32:02.878-0800][54473323ms] GC(1404) Survivor regions: 30->30(98)
[2023-12-20T08:32:02.878-0800][54473323ms] GC(1404) Old regions: 167->167
[2023-12-20T08:32:02.878-0800][54473323ms] GC(1404) Humongous regions: 5->5
[2023-12-20T08:32:02.878-0800][54473323ms] GC(1404) Metaspace: 256385K->256385K(1294336K)
[2023-12-20T08:32:02.878-0800][54473323ms] GC(1404) Pause Young (Normal) (G1 Evacuation Pause) 1909M->403M(2612M) 29.547ms
[2023-12-20T08:32:02.878-0800][54473323ms] GC(1404) User=0.17s Sys=0.00s Real=0.03s
[2023-12-20T08:32:03.642-0800][54474087ms] GC(1405) Pause Young (Normal) (G1 Evacuation Pause)
[2023-12-20T08:32:03.642-0800][54474087ms] GC(1405) Using 10 workers of 10 for evacuation
[2023-12-20T08:32:03.672-0800][54474117ms] GC(1405)   Pre Evacuate Collection Set: 0.0ms
[2023-12-20T08:32:03.672-0800][54474117ms] GC(1405)   Evacuate Collection Set: 27.4ms
[2023-12-20T08:32:03.672-0800][54474117ms] GC(1405)   Post Evacuate Collection Set: 2.4ms
[2023-12-20T08:32:03.672-0800][54474117ms] GC(1405)   Other: 0.4ms
[2023-12-20T08:32:03.672-0800][54474117ms] GC(1405) Eden regions: 753->0(754)
[2023-12-20T08:32:03.672-0800][54474117ms] GC(1405) Survivor regions: 30->29(98)
[2023-12-20T08:32:03.672-0800][54474117ms] GC(1405) Old regions: 167->167
[2023-12-20T08:32:03.672-0800][54474117ms] GC(1405) Humongous regions: 5->5
[2023-12-20T08:32:03.672-0800][54474117ms] GC(1405) Metaspace: 256385K->256385K(1294336K)
[2023-12-20T08:32:03.672-0800][54474117ms] GC(1405) Pause Young (Normal) (G1 Evacuation Pause) 1909M->401M(2612M) 30.352ms
[2023-12-20T08:32:03.672-0800][54474117ms] GC(1405) User=0.09s Sys=0.00s Real=0.03s
[2023-12-20T08:32:04.413-0800][54474858ms] GC(1406) Pause Young (Normal) (G1 Evacuation Pause)
[2023-12-20T08:32:04.413-0800][54474858ms] GC(1406) Using 10 workers of 10 for evacuation
[2023-12-20T08:32:04.442-0800][54474887ms] GC(1406)   Pre Evacuate Collection Set: 0.0ms
[2023-12-20T08:32:04.442-0800][54474887ms] GC(1406)   Evacuate Collection Set: 27.7ms
[2023-12-20T08:32:04.442-0800][54474887ms] GC(1406)   Post Evacuate Collection Set: 2.4ms
[2023-12-20T08:32:04.442-0800][54474887ms] GC(1406)   Other: 0.3ms
[2023-12-20T08:32:04.442-0800][54474887ms] GC(1406) Eden regions: 754->0(753)
[2023-12-20T08:32:04.442-0800][54474887ms] GC(1406) Survivor regions: 29->30(98)
[2023-12-20T08:32:04.442-0800][54474887ms] GC(1406) Old regions: 167->167
[2023-12-20T08:32:04.442-0800][54474887ms] GC(1406) Humongous regions: 5->5
[2023-12-20T08:32:04.442-0800][54474887ms] GC(1406) Metaspace: 256385K->256385K(1294336K)
[2023-12-20T08:32:04.442-0800][54474887ms] GC(1406) Pause Young (Normal) (G1 Evacuation Pause) 1909M->402M(2612M) 30.574ms
[2023-12-20T08:32:04.442-0800][54474887ms] GC(1406) User=0.13s Sys=0.00s Real=0.03s
[2023-12-20T08:32:05.227-0800][54475672ms] GC(1407) Pause Young (Normal) (G1 Evacuation Pause)
[2023-12-20T08:32:05.227-0800][54475672ms] GC(1407) Using 10 workers of 10 for evacuation
[2023-12-20T08:32:05.257-0800][54475702ms] GC(1407)   Pre Evacuate Collection Set: 0.0ms
[2023-12-20T08:32:05.257-0800][54475702ms] GC(1407)   Evacuate Collection Set: 27.7ms
[2023-12-20T08:32:05.257-0800][54475702ms] GC(1407)   Post Evacuate Collection Set: 2.4ms
[2023-12-20T08:32:05.257-0800][54475702ms] GC(1407)   Other: 0.4ms
[2023-12-20T08:32:05.257-0800][54475702ms] GC(1407) Eden regions: 753->0(753)
[2023-12-20T08:32:05.257-0800][54475702ms] GC(1407) Survivor regions: 30->30(98)
[2023-12-20T08:32:05.257-0800][54475702ms] GC(1407) Old regions: 167->167
[2023-12-20T08:32:05.257-0800][54475702ms] GC(1407) Humongous regions: 5->5
[2023-12-20T08:32:05.257-0800][54475702ms] GC(1407) Metaspace: 256385K->256385K(1294336K)
[2023-12-20T08:32:05.257-0800][54475702ms] GC(1407) Pause Young (Normal) (G1 Evacuation Pause) 1908M->403M(2612M) 30.655ms
[2023-12-20T08:32:05.257-0800][54475702ms] GC(1407) User=0.09s Sys=0.00s Real=0.03s
[2023-12-20T08:32:06.009-0800][54476454ms] GC(1408) Pause Young (Normal) (G1 Evacuation Pause)
[2023-12-20T08:32:06.009-0800][54476454ms] GC(1408) Using 10 workers of 10 for evacuation
[2023-12-20T08:32:06.038-0800][54476483ms] GC(1408)   Pre Evacuate Collection Set: 0.0ms
[2023-12-20T08:32:06.038-0800][54476483ms] GC(1408)   Evacuate Collection Set: 26.3ms
[2023-12-20T08:32:06.038-0800][54476483ms] GC(1408)   Post Evacuate Collection Set: 2.4ms
[2023-12-20T08:32:06.038-0800][54476483ms] GC(1408)   Other: 0.3ms
[2023-12-20T08:32:06.038-0800][54476483ms] GC(1408) Eden regions: 753->0(752)
[2023-12-20T08:32:06.038-0800][54476483ms] GC(1408) Survivor regions: 30->31(98)
[2023-12-20T08:32:06.038-0800][54476483ms] GC(1408) Old regions: 167->167
[2023-12-20T08:32:06.038-0800][54476483ms] GC(1408) Humongous regions: 5->5
[2023-12-20T08:32:06.038-0800][54476483ms] GC(1408) Metaspace: 256385K->256385K(1294336K)
[2023-12-20T08:32:06.038-0800][54476483ms] GC(1408) Pause Young (Normal) (G1 Evacuation Pause) 1909M->404M(2612M) 29.249ms
[2023-12-20T08:32:06.038-0800][54476483ms] GC(1408) User=0.08s Sys=0.00s Real=0.03s
[2023-12-20T08:32:06.782-0800][54477227ms] GC(1409) Pause Young (Normal) (G1 Evacuation Pause)
[2023-12-20T08:32:06.782-0800][54477227ms] GC(1409) Using 10 workers of 10 for evacuation
[2023-12-20T08:32:06.812-0800][54477257ms] GC(1409)   Pre Evacuate Collection Set: 0.0ms
[2023-12-20T08:32:06.812-0800][54477257ms] GC(1409)   Evacuate Collection Set: 27.5ms
[2023-12-20T08:32:06.812-0800][54477257ms] GC(1409)   Post Evacuate Collection Set: 2.5ms
[2023-12-20T08:32:06.812-0800][54477257ms] GC(1409)   Other: 0.4ms
[2023-12-20T08:32:06.812-0800][54477257ms] GC(1409) Eden regions: 752->0(753)
[2023-12-20T08:32:06.812-0800][54477257ms] GC(1409) Survivor regions: 31->30(98)
[2023-12-20T08:32:06.812-0800][54477257ms] GC(1409) Old regions: 167->167
[2023-12-20T08:32:06.812-0800][54477257ms] GC(1409) Humongous regions: 5->5
[2023-12-20T08:32:06.812-0800][54477257ms] GC(1409) Metaspace: 256385K->256385K(1294336K)
[2023-12-20T08:32:06.812-0800][54477257ms] GC(1409) Pause Young (Normal) (G1 Evacuation Pause) 1908M->403M(2612M) 30.506ms
[2023-12-20T08:32:06.812-0800][54477257ms] GC(1409) User=0.13s Sys=0.00s Real=0.03s
[2023-12-20T08:32:07.581-0800][54478026ms] GC(1410) Pause Young (Normal) (G1 Evacuation Pause)
[2023-12-20T08:32:07.581-0800][54478026ms] GC(1410) Using 10 workers of 10 for evacuation
[2023-12-20T08:32:07.611-0800][54478056ms] GC(1410)   Pre Evacuate Collection Set: 0.0ms
[2023-12-20T08:32:07.611-0800][54478056ms] GC(1410)   Evacuate Collection Set: 27.4ms
[2023-12-20T08:32:07.611-0800][54478056ms] GC(1410)   Post Evacuate Collection Set: 2.4ms
[2023-12-20T08:32:07.611-0800][54478056ms] GC(1410)   Other: 0.4ms
[2023-12-20T08:32:07.611-0800][54478056ms] GC(1410) Eden regions: 753->0(752)
[2023-12-20T08:32:07.611-0800][54478056ms] GC(1410) Survivor regions: 30->31(98)
[2023-12-20T08:32:07.611-0800][54478056ms] GC(1410) Old regions: 167->167
[2023-12-20T08:32:07.611-0800][54478056ms] GC(1410) Humongous regions: 5->5
[2023-12-20T08:32:07.611-0800][54478056ms] GC(1410) Metaspace: 256385K->256385K(1294336K)
[2023-12-20T08:32:07.611-0800][54478056ms] GC(1410) Pause Young (Normal) (G1 Evacuation Pause) 1909M->404M(2612M) 30.298ms
[2023-12-20T08:32:07.611-0800][54478056ms] GC(1410) User=0.09s Sys=0.00s Real=0.03s
[2023-12-20T08:32:08.348-0800][54478793ms] GC(1411) Pause Young (Normal) (G1 Evacuation Pause)
[2023-12-20T08:32:08.348-0800][54478793ms] GC(1411) Using 10 workers of 10 for evacuation
[2023-12-20T08:32:08.379-0800][54478824ms] GC(1411)   Pre Evacuate Collection Set: 0.0ms
[2023-12-20T08:32:08.379-0800][54478824ms] GC(1411)   Evacuate Collection Set: 27.6ms
[2023-12-20T08:32:08.379-0800][54478824ms] GC(1411)   Post Evacuate Collection Set: 2.5ms
[2023-12-20T08:32:08.379-0800][54478824ms] GC(1411)   Other: 0.4ms
[2023-12-20T08:32:08.379-0800][54478824ms] GC(1411) Eden regions: 752->0(752)
[2023-12-20T08:32:08.379-0800][54478824ms] GC(1411) Survivor regions: 31->31(98)
[2023-12-20T08:32:08.379-0800][54478824ms] GC(1411) Old regions: 167->167
[2023-12-20T08:32:08.379-0800][54478824ms] GC(1411) Humongous regions: 5->5
[2023-12-20T08:32:08.379-0800][54478824ms] GC(1411) Metaspace: 256385K->256385K(1294336K)
[2023-12-20T08:32:08.379-0800][54478824ms] GC(1411) Pause Young (Normal) (G1 Evacuation Pause) 1908M->404M(2612M) 30.621ms
[2023-12-20T08:32:08.379-0800][54478824ms] GC(1411) User=0.09s Sys=0.00s Real=0.03s
[2023-12-20T08:32:09.163-0800][54479608ms] GC(1412) Pause Young (Normal) (G1 Evacuation Pause)
[2023-12-20T08:32:09.163-0800][54479608ms] GC(1412) Using 10 workers of 10 for evacuation
[2023-12-20T08:32:09.194-0800][54479639ms] GC(1412)   Pre Evacuate Collection Set: 0.1ms
[2023-12-20T08:32:09.194-0800][54479639ms] GC(1412)   Evacuate Collection Set: 28.1ms
[2023-12-20T08:32:09.194-0800][54479639ms] GC(1412)   Post Evacuate Collection Set: 2.4ms
[2023-12-20T08:32:09.194-0800][54479639ms] GC(1412)   Other: 0.3ms
[2023-12-20T08:32:09.194-0800][54479639ms] GC(1412) Eden regions: 752->0(752)
[2023-12-20T08:32:09.194-0800][54479639ms] GC(1412) Survivor regions: 31->31(98)
[2023-12-20T08:32:09.194-0800][54479639ms] GC(1412) Old regions: 167->167
[2023-12-20T08:32:09.194-0800][54479639ms] GC(1412) Humongous regions: 5->5
[2023-12-20T08:32:09.194-0800][54479639ms] GC(1412) Metaspace: 256385K->256385K(1294336K)
[2023-12-20T08:32:09.194-0800][54479639ms] GC(1412) Pause Young (Normal) (G1 Evacuation Pause) 1908M->404M(2612M) 31.036ms
[2023-12-20T08:32:09.194-0800][54479639ms] GC(1412) User=0.14s Sys=0.00s Real=0.03s
[2023-12-20T08:32:09.868-0800][54480313ms] GC(1413) Pause Young (Normal) (G1 Evacuation Pause)
[2023-12-20T08:32:09.868-0800][54480313ms] GC(1413) Using 10 workers of 10 for evacuation
[2023-12-20T08:32:09.898-0800][54480343ms] GC(1413)   Pre Evacuate Collection Set: 0.0ms
[2023-12-20T08:32:09.898-0800][54480343ms] GC(1413)   Evacuate Collection Set: 26.9ms
[2023-12-20T08:32:09.898-0800][54480343ms] GC(1413)   Post Evacuate Collection Set: 2.5ms
[2023-12-20T08:32:09.898-0800][54480343ms] GC(1413)   Other: 0.4ms
[2023-12-20T08:32:09.898-0800][54480343ms] GC(1413) Eden regions: 752->0(752)
[2023-12-20T08:32:09.898-0800][54480343ms] GC(1413) Survivor regions: 31->31(98)
[2023-12-20T08:32:09.898-0800][54480343ms] GC(1413) Old regions: 167->167
[2023-12-20T08:32:09.898-0800][54480343ms] GC(1413) Humongous regions: 5->5
[2023-12-20T08:32:09.898-0800][54480343ms] GC(1413) Metaspace: 256385K->256385K(1294336K)
[2023-12-20T08:32:09.898-0800][54480343ms] GC(1413) Pause Young (Normal) (G1 Evacuation Pause) 1908M->404M(2612M) 29.955ms
[2023-12-20T08:32:09.898-0800][54480343ms] GC(1413) User=0.09s Sys=0.00s Real=0.03s
[2023-12-20T08:32:10.509-0800][54480954ms] GC(1414) Pause Young (Normal) (G1 Evacuation Pause)
[2023-12-20T08:32:10.509-0800][54480954ms] GC(1414) Using 10 workers of 10 for evacuation
[2023-12-20T08:32:10.538-0800][54480983ms] GC(1414)   Pre Evacuate Collection Set: 0.0ms
[2023-12-20T08:32:10.538-0800][54480983ms] GC(1414)   Evacuate Collection Set: 26.5ms
[2023-12-20T08:32:10.538-0800][54480983ms] GC(1414)   Post Evacuate Collection Set: 2.4ms
[2023-12-20T08:32:10.538-0800][54480983ms] GC(1414)   Other: 0.4ms
[2023-12-20T08:32:10.538-0800][54480983ms] GC(1414) Eden regions: 752->0(753)
[2023-12-20T08:32:10.538-0800][54480983ms] GC(1414) Survivor regions: 31->30(98)
[2023-12-20T08:32:10.538-0800][54480983ms] GC(1414) Old regions: 167->167
[2023-12-20T08:32:10.538-0800][54480983ms] GC(1414) Humongous regions: 5->5
[2023-12-20T08:32:10.538-0800][54480983ms] GC(1414) Metaspace: 256385K->256385K(1294336K)
[2023-12-20T08:32:10.538-0800][54480983ms] GC(1414) Pause Young (Normal) (G1 Evacuation Pause) 1908M->403M(2612M) 29.433ms
[2023-12-20T08:32:10.538-0800][54480983ms] GC(1414) User=0.09s Sys=0.00s Real=0.03s
[2023-12-20T08:32:11.029-0800][54481474ms] GC(1415) Pause Young (Normal) (G1 Evacuation Pause)
[2023-12-20T08:32:11.029-0800][54481474ms] GC(1415) Using 10 workers of 10 for evacuation
[2023-12-20T08:32:11.057-0800][54481502ms] GC(1415)   Pre Evacuate Collection Set: 0.0ms
[2023-12-20T08:32:11.057-0800][54481502ms] GC(1415)   Evacuate Collection Set: 25.0ms
[2023-12-20T08:32:11.057-0800][54481502ms] GC(1415)   Post Evacuate Collection Set: 2.5ms
[2023-12-20T08:32:11.057-0800][54481502ms] GC(1415)   Other: 0.4ms
[2023-12-20T08:32:11.057-0800][54481502ms] GC(1415) Eden regions: 753->0(753)
[2023-12-20T08:32:11.057-0800][54481502ms] GC(1415) Survivor regions: 30->30(98)
[2023-12-20T08:32:11.057-0800][54481502ms] GC(1415) Old regions: 167->167
[2023-12-20T08:32:11.057-0800][54481502ms] GC(1415) Humongous regions: 5->5
[2023-12-20T08:32:11.057-0800][54481502ms] GC(1415) Metaspace: 256385K->256385K(1294336K)
[2023-12-20T08:32:11.057-0800][54481502ms] GC(1415) Pause Young (Normal) (G1 Evacuation Pause) 1909M->403M(2612M) 27.966ms
[2023-12-20T08:32:11.057-0800][54481502ms] GC(1415) User=0.09s Sys=0.00s Real=0.03s
[2023-12-20T08:32:11.654-0800][54482099ms] GC(1416) Pause Young (Normal) (G1 Evacuation Pause)
[2023-12-20T08:32:11.654-0800][54482099ms] GC(1416) Using 10 workers of 10 for evacuation
[2023-12-20T08:32:11.683-0800][54482128ms] GC(1416)   Pre Evacuate Collection Set: 0.0ms
[2023-12-20T08:32:11.683-0800][54482128ms] GC(1416)   Evacuate Collection Set: 25.9ms
[2023-12-20T08:32:11.683-0800][54482128ms] GC(1416)   Post Evacuate Collection Set: 2.4ms
[2023-12-20T08:32:11.683-0800][54482128ms] GC(1416)   Other: 0.4ms
[2023-12-20T08:32:11.683-0800][54482128ms] GC(1416) Eden regions: 753->0(752)
[2023-12-20T08:32:11.683-0800][54482128ms] GC(1416) Survivor regions: 30->31(98)
[2023-12-20T08:32:11.683-0800][54482128ms] GC(1416) Old regions: 167->167
[2023-12-20T08:32:11.683-0800][54482128ms] GC(1416) Humongous regions: 5->5
[2023-12-20T08:32:11.683-0800][54482128ms] GC(1416) Metaspace: 256385K->256385K(1294336K)
[2023-12-20T08:32:11.683-0800][54482128ms] GC(1416) Pause Young (Normal) (G1 Evacuation Pause) 1909M->404M(2612M) 28.851ms
[2023-12-20T08:32:11.683-0800][54482128ms] GC(1416) User=0.14s Sys=0.00s Real=0.03s
[2023-12-20T08:32:12.341-0800][54482786ms] GC(1417) Pause Young (Normal) (G1 Evacuation Pause)
[2023-12-20T08:32:12.341-0800][54482786ms] GC(1417) Using 10 workers of 10 for evacuation
[2023-12-20T08:32:12.370-0800][54482815ms] GC(1417)   Pre Evacuate Collection Set: 0.0ms
[2023-12-20T08:32:12.370-0800][54482815ms] GC(1417)   Evacuate Collection Set: 26.3ms
[2023-12-20T08:32:12.370-0800][54482815ms] GC(1417)   Post Evacuate Collection Set: 3.1ms
[2023-12-20T08:32:12.370-0800][54482815ms] GC(1417)   Other: 0.4ms
[2023-12-20T08:32:12.370-0800][54482815ms] GC(1417) Eden regions: 752->0(753)
[2023-12-20T08:32:12.370-0800][54482815ms] GC(1417) Survivor regions: 31->30(98)
[2023-12-20T08:32:12.370-0800][54482815ms] GC(1417) Old regions: 167->167
[2023-12-20T08:32:12.370-0800][54482815ms] GC(1417) Humongous regions: 5->5
[2023-12-20T08:32:12.370-0800][54482815ms] GC(1417) Metaspace: 256385K->256385K(1294336K)
[2023-12-20T08:32:12.370-0800][54482815ms] GC(1417) Pause Young (Normal) (G1 Evacuation Pause) 1908M->403M(2612M) 29.906ms
[2023-12-20T08:32:12.370-0800][54482815ms] GC(1417) User=0.06s Sys=0.00s Real=0.03s
[2023-12-20T08:32:13.103-0800][54483548ms] GC(1418) Pause Young (Normal) (G1 Evacuation Pause)
[2023-12-20T08:32:13.103-0800][54483548ms] GC(1418) Using 10 workers of 10 for evacuation
[2023-12-20T08:32:13.131-0800][54483576ms] GC(1418)   Pre Evacuate Collection Set: 0.0ms
[2023-12-20T08:32:13.131-0800][54483576ms] GC(1418)   Evacuate Collection Set: 25.6ms
[2023-12-20T08:32:13.131-0800][54483576ms] GC(1418)   Post Evacuate Collection Set: 2.5ms
[2023-12-20T08:32:13.131-0800][54483576ms] GC(1418)   Other: 0.4ms
[2023-12-20T08:32:13.131-0800][54483576ms] GC(1418) Eden regions: 753->0(752)
[2023-12-20T08:32:13.131-0800][54483576ms] GC(1418) Survivor regions: 30->31(98)
[2023-12-20T08:32:13.131-0800][54483576ms] GC(1418) Old regions: 167->167
[2023-12-20T08:32:13.131-0800][54483576ms] GC(1418) Humongous regions: 5->5
[2023-12-20T08:32:13.131-0800][54483576ms] GC(1418) Metaspace: 256385K->256385K(1294336K)
[2023-12-20T08:32:13.131-0800][54483576ms] GC(1418) Pause Young (Normal) (G1 Evacuation Pause) 1909M->404M(2612M) 28.593ms
[2023-12-20T08:32:13.131-0800][54483576ms] GC(1418) User=0.03s Sys=0.00s Real=0.03s
[2023-12-20T08:32:13.834-0800][54484279ms] GC(1419) Pause Young (Normal) (G1 Evacuation Pause)
[2023-12-20T08:32:13.834-0800][54484279ms] GC(1419) Using 10 workers of 10 for evacuation
[2023-12-20T08:32:13.865-0800][54484310ms] GC(1419)   Pre Evacuate Collection Set: 0.0ms
[2023-12-20T08:32:13.865-0800][54484310ms] GC(1419)   Evacuate Collection Set: 28.1ms
[2023-12-20T08:32:13.865-0800][54484310ms] GC(1419)   Post Evacuate Collection Set: 2.5ms
[2023-12-20T08:32:13.865-0800][54484310ms] GC(1419)   Other: 0.4ms
[2023-12-20T08:32:13.865-0800][54484310ms] GC(1419) Eden regions: 752->0(752)
[2023-12-20T08:32:13.865-0800][54484310ms] GC(1419) Survivor regions: 31->31(98)
[2023-12-20T08:32:13.865-0800][54484310ms] GC(1419) Old regions: 167->167
[2023-12-20T08:32:13.865-0800][54484310ms] GC(1419) Humongous regions: 5->5
[2023-12-20T08:32:13.865-0800][54484310ms] GC(1419) Metaspace: 256385K->256385K(1294336K)
[2023-12-20T08:32:13.865-0800][54484310ms] GC(1419) Pause Young (Normal) (G1 Evacuation Pause) 1908M->404M(2612M) 31.137ms
[2023-12-20T08:32:13.865-0800][54484310ms] GC(1419) User=0.19s Sys=0.00s Real=0.03s
[2023-12-20T08:32:14.559-0800][54485004ms] GC(1420) Pause Young (Normal) (G1 Evacuation Pause)
[2023-12-20T08:32:14.559-0800][54485004ms] GC(1420) Using 10 workers of 10 for evacuation
[2023-12-20T08:32:14.588-0800][54485033ms] GC(1420)   Pre Evacuate Collection Set: 0.0ms
[2023-12-20T08:32:14.588-0800][54485033ms] GC(1420)   Evacuate Collection Set: 26.2ms
[2023-12-20T08:32:14.588-0800][54485033ms] GC(1420)   Post Evacuate Collection Set: 2.6ms
[2023-12-20T08:32:14.588-0800][54485033ms] GC(1420)   Other: 0.4ms
[2023-12-20T08:32:14.588-0800][54485033ms] GC(1420) Eden regions: 752->0(753)
[2023-12-20T08:32:14.588-0800][54485033ms] GC(1420) Survivor regions: 31->30(98)
[2023-12-20T08:32:14.588-0800][54485033ms] GC(1420) Old regions: 167->167
[2023-12-20T08:32:14.588-0800][54485033ms] GC(1420) Humongous regions: 5->5
[2023-12-20T08:32:14.588-0800][54485033ms] GC(1420) Metaspace: 256385K->256385K(1294336K)
[2023-12-20T08:32:14.588-0800][54485033ms] GC(1420) Pause Young (Normal) (G1 Evacuation Pause) 1908M->403M(2612M) 29.303ms
[2023-12-20T08:32:14.588-0800][54485033ms] GC(1420) User=0.09s Sys=0.00s Real=0.03s
[2023-12-20T08:32:15.365-0800][54485810ms] GC(1421) Pause Young (Normal) (G1 Evacuation Pause)
[2023-12-20T08:32:15.365-0800][54485810ms] GC(1421) Using 10 workers of 10 for evacuation
[2023-12-20T08:32:15.395-0800][54485840ms] GC(1421)   Pre Evacuate Collection Set: 0.0ms
[2023-12-20T08:32:15.395-0800][54485840ms] GC(1421)   Evacuate Collection Set: 27.6ms
[2023-12-20T08:32:15.395-0800][54485840ms] GC(1421)   Post Evacuate Collection Set: 2.4ms
[2023-12-20T08:32:15.395-0800][54485840ms] GC(1421)   Other: 0.4ms
[2023-12-20T08:32:15.395-0800][54485840ms] GC(1421) Eden regions: 753->0(753)
[2023-12-20T08:32:15.395-0800][54485840ms] GC(1421) Survivor regions: 30->30(98)
[2023-12-20T08:32:15.395-0800][54485840ms] GC(1421) Old regions: 167->167
[2023-12-20T08:32:15.395-0800][54485840ms] GC(1421) Humongous regions: 5->5
[2023-12-20T08:32:15.395-0800][54485840ms] GC(1421) Metaspace: 256385K->256385K(1294336K)
[2023-12-20T08:32:15.395-0800][54485840ms] GC(1421) Pause Young (Normal) (G1 Evacuation Pause) 1909M->403M(2612M) 30.598ms
[2023-12-20T08:32:15.395-0800][54485840ms] GC(1421) User=0.19s Sys=0.00s Real=0.03s
[2023-12-20T08:32:16.053-0800][54486498ms] GC(1422) Pause Young (Normal) (G1 Evacuation Pause)
[2023-12-20T08:32:16.053-0800][54486498ms] GC(1422) Using 10 workers of 10 for evacuation
[2023-12-20T08:32:16.082-0800][54486527ms] GC(1422)   Pre Evacuate Collection Set: 0.0ms
[2023-12-20T08:32:16.082-0800][54486527ms] GC(1422)   Evacuate Collection Set: 26.9ms
[2023-12-20T08:32:16.082-0800][54486527ms] GC(1422)   Post Evacuate Collection Set: 2.4ms
[2023-12-20T08:32:16.082-0800][54486527ms] GC(1422)   Other: 0.4ms
[2023-12-20T08:32:16.082-0800][54486527ms] GC(1422) Eden regions: 753->0(752)
[2023-12-20T08:32:16.082-0800][54486527ms] GC(1422) Survivor regions: 30->31(98)
[2023-12-20T08:32:16.082-0800][54486527ms] GC(1422) Old regions: 167->168
[2023-12-20T08:32:16.082-0800][54486527ms] GC(1422) Humongous regions: 5->5
[2023-12-20T08:32:16.082-0800][54486527ms] GC(1422) Metaspace: 256385K->256385K(1294336K)
[2023-12-20T08:32:16.082-0800][54486527ms] GC(1422) Pause Young (Normal) (G1 Evacuation Pause) 1909M->405M(2612M) 29.877ms
[2023-12-20T08:32:16.082-0800][54486527ms] GC(1422) User=0.17s Sys=0.02s Real=0.03s
[2023-12-20T08:32:16.814-0800][54487259ms] GC(1423) Pause Young (Normal) (G1 Evacuation Pause)
[2023-12-20T08:32:16.814-0800][54487259ms] GC(1423) Using 10 workers of 10 for evacuation
[2023-12-20T08:32:16.844-0800][54487289ms] GC(1423)   Pre Evacuate Collection Set: 0.0ms
[2023-12-20T08:32:16.845-0800][54487290ms] GC(1423)   Evacuate Collection Set: 27.6ms
[2023-12-20T08:32:16.845-0800][54487290ms] GC(1423)   Post Evacuate Collection Set: 2.7ms
[2023-12-20T08:32:16.845-0800][54487290ms] GC(1423)   Other: 0.4ms
[2023-12-20T08:32:16.845-0800][54487290ms] GC(1423) Eden regions: 752->0(753)
[2023-12-20T08:32:16.845-0800][54487290ms] GC(1423) Survivor regions: 31->30(98)
[2023-12-20T08:32:16.845-0800][54487290ms] GC(1423) Old regions: 168->168
[2023-12-20T08:32:16.845-0800][54487290ms] GC(1423) Humongous regions: 5->5
[2023-12-20T08:32:16.845-0800][54487290ms] GC(1423) Metaspace: 256385K->256385K(1294336K)
[2023-12-20T08:32:16.845-0800][54487290ms] GC(1423) Pause Young (Normal) (G1 Evacuation Pause) 1909M->404M(2612M) 30.861ms
[2023-12-20T08:32:16.845-0800][54487290ms] GC(1423) User=0.06s Sys=0.00s Real=0.03s
[2023-12-20T08:32:17.471-0800][54487916ms] GC(1424) Pause Young (Normal) (G1 Evacuation Pause)
[2023-12-20T08:32:17.471-0800][54487916ms] GC(1424) Using 10 workers of 10 for evacuation
[2023-12-20T08:32:17.499-0800][54487944ms] GC(1424)   Pre Evacuate Collection Set: 0.1ms
[2023-12-20T08:32:17.499-0800][54487944ms] GC(1424)   Evacuate Collection Set: 26.0ms
[2023-12-20T08:32:17.499-0800][54487944ms] GC(1424)   Post Evacuate Collection Set: 2.4ms
[2023-12-20T08:32:17.499-0800][54487944ms] GC(1424)   Other: 0.4ms
[2023-12-20T08:32:17.499-0800][54487944ms] GC(1424) Eden regions: 753->0(752)
[2023-12-20T08:32:17.499-0800][54487944ms] GC(1424) Survivor regions: 30->31(98)
[2023-12-20T08:32:17.499-0800][54487944ms] GC(1424) Old regions: 168->168
[2023-12-20T08:32:17.499-0800][54487944ms] GC(1424) Humongous regions: 5->5
[2023-12-20T08:32:17.499-0800][54487944ms] GC(1424) Metaspace: 256385K->256385K(1294336K)
[2023-12-20T08:32:17.499-0800][54487944ms] GC(1424) Pause Young (Normal) (G1 Evacuation Pause) 1910M->405M(2612M) 29.056ms
[2023-12-20T08:32:17.499-0800][54487944ms] GC(1424) User=0.08s Sys=0.00s Real=0.03s
[2023-12-20T08:32:18.187-0800][54488633ms] GC(1425) Pause Young (Normal) (G1 Evacuation Pause)
[2023-12-20T08:32:18.188-0800][54488633ms] GC(1425) Using 10 workers of 10 for evacuation
[2023-12-20T08:32:18.217-0800][54488662ms] GC(1425)   Pre Evacuate Collection Set: 0.0ms
[2023-12-20T08:32:18.217-0800][54488662ms] GC(1425)   Evacuate Collection Set: 27.0ms
[2023-12-20T08:32:18.217-0800][54488662ms] GC(1425)   Post Evacuate Collection Set: 2.7ms
[2023-12-20T08:32:18.217-0800][54488662ms] GC(1425)   Other: 0.4ms
[2023-12-20T08:32:18.217-0800][54488662ms] GC(1425) Eden regions: 752->0(753)
[2023-12-20T08:32:18.217-0800][54488662ms] GC(1425) Survivor regions: 31->30(98)
[2023-12-20T08:32:18.217-0800][54488662ms] GC(1425) Old regions: 168->168
[2023-12-20T08:32:18.217-0800][54488662ms] GC(1425) Humongous regions: 5->5
[2023-12-20T08:32:18.217-0800][54488662ms] GC(1425) Metaspace: 256385K->256385K(1294336K)
[2023-12-20T08:32:18.217-0800][54488662ms] GC(1425) Pause Young (Normal) (G1 Evacuation Pause) 1909M->404M(2612M) 30.314ms
[2023-12-20T08:32:18.217-0800][54488662ms] GC(1425) User=0.08s Sys=0.00s Real=0.03s
[2023-12-20T08:32:18.689-0800][54489134ms] GC(1426) Pause Young (Normal) (G1 Evacuation Pause)
[2023-12-20T08:32:18.689-0800][54489134ms] GC(1426) Using 10 workers of 10 for evacuation
[2023-12-20T08:32:18.716-0800][54489161ms] GC(1426)   Pre Evacuate Collection Set: 0.1ms
[2023-12-20T08:32:18.716-0800][54489161ms] GC(1426)   Evacuate Collection Set: 25.2ms
[2023-12-20T08:32:18.716-0800][54489161ms] GC(1426)   Post Evacuate Collection Set: 2.4ms
[2023-12-20T08:32:18.716-0800][54489161ms] GC(1426)   Other: 0.4ms
[2023-12-20T08:32:18.716-0800][54489161ms] GC(1426) Eden regions: 753->0(752)
[2023-12-20T08:32:18.716-0800][54489161ms] GC(1426) Survivor regions: 30->31(98)
[2023-12-20T08:32:18.716-0800][54489161ms] GC(1426) Old regions: 168->168
[2023-12-20T08:32:18.716-0800][54489161ms] GC(1426) Humongous regions: 5->5
[2023-12-20T08:32:18.716-0800][54489161ms] GC(1426) Metaspace: 256385K->256385K(1294336K)
[2023-12-20T08:32:18.716-0800][54489161ms] GC(1426) Pause Young (Normal) (G1 Evacuation Pause) 1910M->405M(2612M) 28.142ms
[2023-12-20T08:32:18.716-0800][54489161ms] GC(1426) User=0.09s Sys=0.00s Real=0.03s
[2023-12-20T08:32:19.464-0800][54489909ms] GC(1427) Pause Young (Normal) (G1 Evacuation Pause)
[2023-12-20T08:32:19.464-0800][54489909ms] GC(1427) Using 10 workers of 10 for evacuation
[2023-12-20T08:32:19.492-0800][54489937ms] GC(1427)   Pre Evacuate Collection Set: 0.0ms
[2023-12-20T08:32:19.492-0800][54489937ms] GC(1427)   Evacuate Collection Set: 25.7ms
[2023-12-20T08:32:19.492-0800][54489938ms] GC(1427)   Post Evacuate Collection Set: 2.5ms
[2023-12-20T08:32:19.493-0800][54489938ms] GC(1427)   Other: 0.4ms
[2023-12-20T08:32:19.493-0800][54489938ms] GC(1427) Eden regions: 752->0(753)
[2023-12-20T08:32:19.493-0800][54489938ms] GC(1427) Survivor regions: 31->30(98)
[2023-12-20T08:32:19.493-0800][54489938ms] GC(1427) Old regions: 168->168
[2023-12-20T08:32:19.493-0800][54489938ms] GC(1427) Humongous regions: 5->5
[2023-12-20T08:32:19.493-0800][54489938ms] GC(1427) Metaspace: 256385K->256385K(1294336K)
[2023-12-20T08:32:19.493-0800][54489938ms] GC(1427) Pause Young (Normal) (G1 Evacuation Pause) 1909M->404M(2612M) 28.748ms
[2023-12-20T08:32:19.493-0800][54489938ms] GC(1427) User=0.06s Sys=0.00s Real=0.03s
[2023-12-20T08:32:20.043-0800][54490488ms] GC(1428) Pause Young (Normal) (G1 Evacuation Pause)
[2023-12-20T08:32:20.043-0800][54490488ms] GC(1428) Using 10 workers of 10 for evacuation
[2023-12-20T08:32:20.070-0800][54490515ms] GC(1428)   Pre Evacuate Collection Set: 0.0ms
[2023-12-20T08:32:20.070-0800][54490515ms] GC(1428)   Evacuate Collection Set: 25.5ms
[2023-12-20T08:32:20.070-0800][54490515ms] GC(1428)   Post Evacuate Collection Set: 2.4ms
[2023-12-20T08:32:20.070-0800][54490515ms] GC(1428)   Other: 0.3ms
[2023-12-20T08:32:20.070-0800][54490515ms] GC(1428) Eden regions: 753->0(753)
[2023-12-20T08:32:20.070-0800][54490515ms] GC(1428) Survivor regions: 30->30(98)
[2023-12-20T08:32:20.070-0800][54490515ms] GC(1428) Old regions: 168->168
[2023-12-20T08:32:20.070-0800][54490515ms] GC(1428) Humongous regions: 5->5
[2023-12-20T08:32:20.070-0800][54490515ms] GC(1428) Metaspace: 256385K->256385K(1294336K)
[2023-12-20T08:32:20.070-0800][54490515ms] GC(1428) Pause Young (Normal) (G1 Evacuation Pause) 1910M->404M(2612M) 28.413ms
[2023-12-20T08:32:20.070-0800][54490515ms] GC(1428) User=0.14s Sys=0.00s Real=0.03s
[2023-12-20T08:32:20.679-0800][54491124ms] GC(1429) Pause Young (Normal) (G1 Evacuation Pause)
[2023-12-20T08:32:20.679-0800][54491124ms] GC(1429) Using 10 workers of 10 for evacuation
[2023-12-20T08:32:20.708-0800][54491153ms] GC(1429)   Pre Evacuate Collection Set: 0.0ms
[2023-12-20T08:32:20.708-0800][54491153ms] GC(1429)   Evacuate Collection Set: 26.9ms
[2023-12-20T08:32:20.708-0800][54491153ms] GC(1429)   Post Evacuate Collection Set: 2.2ms
[2023-12-20T08:32:20.708-0800][54491153ms] GC(1429)   Other: 0.3ms
[2023-12-20T08:32:20.708-0800][54491153ms] GC(1429) Eden regions: 753->0(753)
[2023-12-20T08:32:20.708-0800][54491153ms] GC(1429) Survivor regions: 30->30(98)
[2023-12-20T08:32:20.708-0800][54491153ms] GC(1429) Old regions: 168->168
[2023-12-20T08:32:20.708-0800][54491153ms] GC(1429) Humongous regions: 5->5
[2023-12-20T08:32:20.708-0800][54491153ms] GC(1429) Metaspace: 256385K->256385K(1294336K)
[2023-12-20T08:32:20.708-0800][54491153ms] GC(1429) Pause Young (Normal) (G1 Evacuation Pause) 1910M->404M(2612M) 29.595ms
[2023-12-20T08:32:20.708-0800][54491153ms] GC(1429) User=0.09s Sys=0.00s Real=0.03s
[2023-12-20T08:32:21.399-0800][54491844ms] GC(1430) Pause Young (Normal) (G1 Evacuation Pause)
[2023-12-20T08:32:21.399-0800][54491844ms] GC(1430) Using 10 workers of 10 for evacuation
[2023-12-20T08:32:21.428-0800][54491873ms] GC(1430)   Pre Evacuate Collection Set: 0.0ms
[2023-12-20T08:32:21.428-0800][54491873ms] GC(1430)   Evacuate Collection Set: 26.3ms
[2023-12-20T08:32:21.428-0800][54491873ms] GC(1430)   Post Evacuate Collection Set: 2.4ms
[2023-12-20T08:32:21.428-0800][54491873ms] GC(1430)   Other: 0.4ms
[2023-12-20T08:32:21.428-0800][54491873ms] GC(1430) Eden regions: 753->0(752)
[2023-12-20T08:32:21.428-0800][54491873ms] GC(1430) Survivor regions: 30->31(98)
[2023-12-20T08:32:21.428-0800][54491873ms] GC(1430) Old regions: 168->168
[2023-12-20T08:32:21.428-0800][54491873ms] GC(1430) Humongous regions: 5->5
[2023-12-20T08:32:21.428-0800][54491873ms] GC(1430) Metaspace: 256385K->256385K(1294336K)
[2023-12-20T08:32:21.428-0800][54491873ms] GC(1430) Pause Young (Normal) (G1 Evacuation Pause) 1910M->405M(2612M) 29.179ms
[2023-12-20T08:32:21.428-0800][54491873ms] GC(1430) User=0.08s Sys=0.00s Real=0.03s
[2023-12-20T08:32:21.835-0800][54492280ms] GC(1431) Pause Young (Normal) (G1 Evacuation Pause)
[2023-12-20T08:32:21.835-0800][54492280ms] GC(1431) Using 10 workers of 10 for evacuation
[2023-12-20T08:32:21.864-0800][54492309ms] GC(1431)   Pre Evacuate Collection Set: 0.0ms
[2023-12-20T08:32:21.864-0800][54492309ms] GC(1431)   Evacuate Collection Set: 25.6ms
[2023-12-20T08:32:21.864-0800][54492309ms] GC(1431)   Post Evacuate Collection Set: 2.4ms
[2023-12-20T08:32:21.864-0800][54492309ms] GC(1431)   Other: 0.4ms
[2023-12-20T08:32:21.864-0800][54492309ms] GC(1431) Eden regions: 752->0(753)
[2023-12-20T08:32:21.864-0800][54492309ms] GC(1431) Survivor regions: 31->30(98)
[2023-12-20T08:32:21.864-0800][54492309ms] GC(1431) Old regions: 168->168
[2023-12-20T08:32:21.864-0800][54492309ms] GC(1431) Humongous regions: 5->5
[2023-12-20T08:32:21.864-0800][54492309ms] GC(1431) Metaspace: 256385K->256385K(1294336K)
[2023-12-20T08:32:21.864-0800][54492309ms] GC(1431) Pause Young (Normal) (G1 Evacuation Pause) 1909M->404M(2612M) 28.513ms
[2023-12-20T08:32:21.864-0800][54492309ms] GC(1431) User=0.08s Sys=0.00s Real=0.03s
[2023-12-20T08:32:22.566-0800][54493011ms] GC(1432) Pause Young (Normal) (G1 Evacuation Pause)
[2023-12-20T08:32:22.566-0800][54493011ms] GC(1432) Using 10 workers of 10 for evacuation
[2023-12-20T08:32:22.595-0800][54493040ms] GC(1432)   Pre Evacuate Collection Set: 0.0ms
[2023-12-20T08:32:22.595-0800][54493040ms] GC(1432)   Evacuate Collection Set: 26.3ms
[2023-12-20T08:32:22.595-0800][54493040ms] GC(1432)   Post Evacuate Collection Set: 2.4ms
[2023-12-20T08:32:22.595-0800][54493040ms] GC(1432)   Other: 0.4ms
[2023-12-20T08:32:22.595-0800][54493040ms] GC(1432) Eden regions: 753->0(753)
[2023-12-20T08:32:22.595-0800][54493040ms] GC(1432) Survivor regions: 30->30(98)
[2023-12-20T08:32:22.595-0800][54493040ms] GC(1432) Old regions: 168->168
[2023-12-20T08:32:22.595-0800][54493040ms] GC(1432) Humongous regions: 5->5
[2023-12-20T08:32:22.595-0800][54493040ms] GC(1432) Metaspace: 256385K->256385K(1294336K)
[2023-12-20T08:32:22.595-0800][54493040ms] GC(1432) Pause Young (Normal) (G1 Evacuation Pause) 1910M->403M(2612M) 29.237ms
[2023-12-20T08:32:22.595-0800][54493040ms] GC(1432) User=0.11s Sys=0.00s Real=0.03s
[2023-12-20T08:32:23.406-0800][54493851ms] GC(1433) Pause Young (Normal) (G1 Evacuation Pause)
[2023-12-20T08:32:23.406-0800][54493851ms] GC(1433) Using 10 workers of 10 for evacuation
[2023-12-20T08:32:23.436-0800][54493881ms] GC(1433)   Pre Evacuate Collection Set: 0.0ms
[2023-12-20T08:32:23.436-0800][54493881ms] GC(1433)   Evacuate Collection Set: 27.2ms
[2023-12-20T08:32:23.436-0800][54493881ms] GC(1433)   Post Evacuate Collection Set: 2.4ms
[2023-12-20T08:32:23.436-0800][54493881ms] GC(1433)   Other: 0.4ms
[2023-12-20T08:32:23.436-0800][54493881ms] GC(1433) Eden regions: 753->0(753)
[2023-12-20T08:32:23.436-0800][54493881ms] GC(1433) Survivor regions: 30->30(98)
[2023-12-20T08:32:23.436-0800][54493881ms] GC(1433) Old regions: 168->168
[2023-12-20T08:32:23.436-0800][54493881ms] GC(1433) Humongous regions: 5->5
[2023-12-20T08:32:23.436-0800][54493881ms] GC(1433) Metaspace: 256385K->256385K(1294336K)
[2023-12-20T08:32:23.436-0800][54493881ms] GC(1433) Pause Young (Normal) (G1 Evacuation Pause) 1909M->403M(2612M) 30.132ms
[2023-12-20T08:32:23.436-0800][54493881ms] GC(1433) User=0.13s Sys=0.00s Real=0.03s
[2023-12-20T08:32:24.128-0800][54494573ms] GC(1434) Pause Young (Normal) (G1 Evacuation Pause)
[2023-12-20T08:32:24.128-0800][54494573ms] GC(1434) Using 10 workers of 10 for evacuation
[2023-12-20T08:32:24.156-0800][54494601ms] GC(1434)   Pre Evacuate Collection Set: 0.0ms
[2023-12-20T08:32:24.156-0800][54494601ms] GC(1434)   Evacuate Collection Set: 26.5ms
[2023-12-20T08:32:24.156-0800][54494601ms] GC(1434)   Post Evacuate Collection Set: 2.3ms
[2023-12-20T08:32:24.157-0800][54494602ms] GC(1434)   Other: 0.4ms
[2023-12-20T08:32:24.157-0800][54494602ms] GC(1434) Eden regions: 753->0(753)
[2023-12-20T08:32:24.157-0800][54494602ms] GC(1434) Survivor regions: 30->30(98)
[2023-12-20T08:32:24.157-0800][54494602ms] GC(1434) Old regions: 168->168
[2023-12-20T08:32:24.157-0800][54494602ms] GC(1434) Humongous regions: 5->5
[2023-12-20T08:32:24.157-0800][54494602ms] GC(1434) Metaspace: 256385K->256385K(1294336K)
[2023-12-20T08:32:24.157-0800][54494602ms] GC(1434) Pause Young (Normal) (G1 Evacuation Pause) 1909M->404M(2612M) 29.326ms
[2023-12-20T08:32:24.157-0800][54494602ms] GC(1434) User=0.09s Sys=0.00s Real=0.03s
[2023-12-20T08:32:24.852-0800][54495297ms] GC(1435) Pause Young (Normal) (G1 Evacuation Pause)
[2023-12-20T08:32:24.852-0800][54495297ms] GC(1435) Using 10 workers of 10 for evacuation
[2023-12-20T08:32:24.883-0800][54495328ms] GC(1435)   Pre Evacuate Collection Set: 0.0ms
[2023-12-20T08:32:24.883-0800][54495328ms] GC(1435)   Evacuate Collection Set: 27.1ms
[2023-12-20T08:32:24.883-0800][54495328ms] GC(1435)   Post Evacuate Collection Set: 2.4ms
[2023-12-20T08:32:24.883-0800][54495328ms] GC(1435)   Other: 0.5ms
[2023-12-20T08:32:24.883-0800][54495328ms] GC(1435) Eden regions: 753->0(753)
[2023-12-20T08:32:24.883-0800][54495328ms] GC(1435) Survivor regions: 30->30(98)
[2023-12-20T08:32:24.883-0800][54495328ms] GC(1435) Old regions: 168->168
[2023-12-20T08:32:24.883-0800][54495328ms] GC(1435) Humongous regions: 5->5
[2023-12-20T08:32:24.883-0800][54495328ms] GC(1435) Metaspace: 256385K->256385K(1294336K)
[2023-12-20T08:32:24.883-0800][54495328ms] GC(1435) Pause Young (Normal) (G1 Evacuation Pause) 1910M->403M(2612M) 30.231ms
[2023-12-20T08:32:24.883-0800][54495328ms] GC(1435) User=0.08s Sys=0.02s Real=0.03s
[2023-12-20T08:32:25.748-0800][54496193ms] GC(1436) Pause Young (Normal) (G1 Evacuation Pause)
[2023-12-20T08:32:25.748-0800][54496193ms] GC(1436) Using 10 workers of 10 for evacuation
[2023-12-20T08:32:25.778-0800][54496223ms] GC(1436)   Pre Evacuate Collection Set: 0.0ms
[2023-12-20T08:32:25.778-0800][54496223ms] GC(1436)   Evacuate Collection Set: 26.9ms
[2023-12-20T08:32:25.778-0800][54496223ms] GC(1436)   Post Evacuate Collection Set: 2.9ms
[2023-12-20T08:32:25.778-0800][54496223ms] GC(1436)   Other: 0.4ms
[2023-12-20T08:32:25.778-0800][54496223ms] GC(1436) Eden regions: 753->0(753)
[2023-12-20T08:32:25.778-0800][54496223ms] GC(1436) Survivor regions: 30->30(98)
[2023-12-20T08:32:25.778-0800][54496223ms] GC(1436) Old regions: 168->168
[2023-12-20T08:32:25.778-0800][54496223ms] GC(1436) Humongous regions: 5->5
[2023-12-20T08:32:25.778-0800][54496223ms] GC(1436) Metaspace: 256385K->256385K(1294336K)
[2023-12-20T08:32:25.778-0800][54496223ms] GC(1436) Pause Young (Normal) (G1 Evacuation Pause) 1909M->404M(2612M) 30.378ms
[2023-12-20T08:32:25.779-0800][54496224ms] GC(1436) User=0.14s Sys=0.00s Real=0.03s
[2023-12-20T08:32:26.532-0800][54496977ms] GC(1437) Pause Young (Normal) (G1 Evacuation Pause)
[2023-12-20T08:32:26.532-0800][54496977ms] GC(1437) Using 10 workers of 10 for evacuation
[2023-12-20T08:32:26.562-0800][54497007ms] GC(1437)   Pre Evacuate Collection Set: 0.0ms
[2023-12-20T08:32:26.562-0800][54497007ms] GC(1437)   Evacuate Collection Set: 26.8ms
[2023-12-20T08:32:26.562-0800][54497007ms] GC(1437)   Post Evacuate Collection Set: 2.5ms
[2023-12-20T08:32:26.562-0800][54497007ms] GC(1437)   Other: 0.4ms
[2023-12-20T08:32:26.562-0800][54497007ms] GC(1437) Eden regions: 753->0(753)
[2023-12-20T08:32:26.562-0800][54497007ms] GC(1437) Survivor regions: 30->30(98)
[2023-12-20T08:32:26.562-0800][54497007ms] GC(1437) Old regions: 168->168
[2023-12-20T08:32:26.562-0800][54497007ms] GC(1437) Humongous regions: 5->5
[2023-12-20T08:32:26.562-0800][54497007ms] GC(1437) Metaspace: 256385K->256385K(1294336K)
[2023-12-20T08:32:26.562-0800][54497007ms] GC(1437) Pause Young (Normal) (G1 Evacuation Pause) 1910M->404M(2612M) 29.810ms
[2023-12-20T08:32:26.562-0800][54497007ms] GC(1437) User=0.13s Sys=0.00s Real=0.03s
[2023-12-20T08:32:27.331-0800][54497776ms] GC(1438) Pause Young (Normal) (G1 Evacuation Pause)
[2023-12-20T08:32:27.331-0800][54497776ms] GC(1438) Using 10 workers of 10 for evacuation
[2023-12-20T08:32:27.361-0800][54497806ms] GC(1438)   Pre Evacuate Collection Set: 0.0ms
[2023-12-20T08:32:27.361-0800][54497806ms] GC(1438)   Evacuate Collection Set: 26.9ms
[2023-12-20T08:32:27.361-0800][54497806ms] GC(1438)   Post Evacuate Collection Set: 2.4ms
[2023-12-20T08:32:27.361-0800][54497806ms] GC(1438)   Other: 0.5ms
[2023-12-20T08:32:27.361-0800][54497806ms] GC(1438) Eden regions: 753->0(753)
[2023-12-20T08:32:27.361-0800][54497806ms] GC(1438) Survivor regions: 30->30(98)
[2023-12-20T08:32:27.361-0800][54497806ms] GC(1438) Old regions: 168->168
[2023-12-20T08:32:27.361-0800][54497806ms] GC(1438) Humongous regions: 5->5
[2023-12-20T08:32:27.361-0800][54497806ms] GC(1438) Metaspace: 256385K->256385K(1294336K)
[2023-12-20T08:32:27.361-0800][54497806ms] GC(1438) Pause Young (Normal) (G1 Evacuation Pause) 1910M->404M(2612M) 30.006ms
[2023-12-20T08:32:27.361-0800][54497806ms] GC(1438) User=0.05s Sys=0.00s Real=0.03s
[2023-12-20T08:32:28.126-0800][54498571ms] GC(1439) Pause Young (Normal) (G1 Evacuation Pause)
[2023-12-20T08:32:28.126-0800][54498571ms] GC(1439) Using 10 workers of 10 for evacuation
[2023-12-20T08:32:28.155-0800][54498600ms] GC(1439)   Pre Evacuate Collection Set: 0.0ms
[2023-12-20T08:32:28.155-0800][54498600ms] GC(1439)   Evacuate Collection Set: 26.9ms
[2023-12-20T08:32:28.155-0800][54498600ms] GC(1439)   Post Evacuate Collection Set: 2.5ms
[2023-12-20T08:32:28.156-0800][54498601ms] GC(1439)   Other: 0.4ms
[2023-12-20T08:32:28.156-0800][54498601ms] GC(1439) Eden regions: 753->0(753)
[2023-12-20T08:32:28.156-0800][54498601ms] GC(1439) Survivor regions: 30->30(98)
[2023-12-20T08:32:28.156-0800][54498601ms] GC(1439) Old regions: 168->168
[2023-12-20T08:32:28.156-0800][54498601ms] GC(1439) Humongous regions: 5->5
[2023-12-20T08:32:28.156-0800][54498601ms] GC(1439) Metaspace: 256385K->256385K(1294336K)
[2023-12-20T08:32:28.156-0800][54498601ms] GC(1439) Pause Young (Normal) (G1 Evacuation Pause) 1910M->404M(2612M) 29.922ms
[2023-12-20T08:32:28.156-0800][54498601ms] GC(1439) User=0.09s Sys=0.00s Real=0.03s
[2023-12-20T08:32:28.835-0800][54499280ms] GC(1440) Pause Young (Normal) (G1 Evacuation Pause)
[2023-12-20T08:32:28.835-0800][54499280ms] GC(1440) Using 10 workers of 10 for evacuation
[2023-12-20T08:32:28.863-0800][54499308ms] GC(1440)   Pre Evacuate Collection Set: 0.0ms
[2023-12-20T08:32:28.863-0800][54499308ms] GC(1440)   Evacuate Collection Set: 26.1ms
[2023-12-20T08:32:28.863-0800][54499308ms] GC(1440)   Post Evacuate Collection Set: 2.4ms
[2023-12-20T08:32:28.863-0800][54499308ms] GC(1440)   Other: 0.4ms
[2023-12-20T08:32:28.863-0800][54499308ms] GC(1440) Eden regions: 753->0(752)
[2023-12-20T08:32:28.863-0800][54499308ms] GC(1440) Survivor regions: 30->31(98)
[2023-12-20T08:32:28.863-0800][54499308ms] GC(1440) Old regions: 168->168
[2023-12-20T08:32:28.863-0800][54499308ms] GC(1440) Humongous regions: 5->5
[2023-12-20T08:32:28.863-0800][54499308ms] GC(1440) Metaspace: 256385K->256385K(1294336K)
[2023-12-20T08:32:28.863-0800][54499308ms] GC(1440) Pause Young (Normal) (G1 Evacuation Pause) 1910M->405M(2612M) 29.004ms
[2023-12-20T08:32:28.863-0800][54499308ms] GC(1440) User=0.19s Sys=0.00s Real=0.03s
[2023-12-20T08:32:29.546-0800][54499991ms] GC(1441) Pause Young (Normal) (G1 Evacuation Pause)
[2023-12-20T08:32:29.546-0800][54499991ms] GC(1441) Using 10 workers of 10 for evacuation
[2023-12-20T08:32:29.575-0800][54500020ms] GC(1441)   Pre Evacuate Collection Set: 0.1ms
[2023-12-20T08:32:29.576-0800][54500021ms] GC(1441)   Evacuate Collection Set: 26.2ms
[2023-12-20T08:32:29.576-0800][54500021ms] GC(1441)   Post Evacuate Collection Set: 2.5ms
[2023-12-20T08:32:29.576-0800][54500021ms] GC(1441)   Other: 0.4ms
[2023-12-20T08:32:29.576-0800][54500021ms] GC(1441) Eden regions: 752->0(753)
[2023-12-20T08:32:29.576-0800][54500021ms] GC(1441) Survivor regions: 31->30(98)
[2023-12-20T08:32:29.576-0800][54500021ms] GC(1441) Old regions: 168->168
[2023-12-20T08:32:29.576-0800][54500021ms] GC(1441) Humongous regions: 5->5
[2023-12-20T08:32:29.576-0800][54500021ms] GC(1441) Metaspace: 256385K->256385K(1294336K)
[2023-12-20T08:32:29.576-0800][54500021ms] GC(1441) Pause Young (Normal) (G1 Evacuation Pause) 1909M->404M(2612M) 29.397ms
[2023-12-20T08:32:29.576-0800][54500021ms] GC(1441) User=0.06s Sys=0.00s Real=0.03s
[2023-12-20T08:32:30.366-0800][54500811ms] GC(1442) Pause Young (Normal) (G1 Evacuation Pause)
[2023-12-20T08:32:30.366-0800][54500811ms] GC(1442) Using 10 workers of 10 for evacuation
[2023-12-20T08:32:30.398-0800][54500843ms] GC(1442)   Pre Evacuate Collection Set: 0.0ms
[2023-12-20T08:32:30.398-0800][54500843ms] GC(1442)   Evacuate Collection Set: 29.3ms
[2023-12-20T08:32:30.398-0800][54500843ms] GC(1442)   Post Evacuate Collection Set: 2.7ms
[2023-12-20T08:32:30.398-0800][54500843ms] GC(1442)   Other: 0.4ms
[2023-12-20T08:32:30.398-0800][54500843ms] GC(1442) Eden regions: 753->0(753)
[2023-12-20T08:32:30.398-0800][54500843ms] GC(1442) Survivor regions: 30->30(98)
[2023-12-20T08:32:30.398-0800][54500843ms] GC(1442) Old regions: 168->168
[2023-12-20T08:32:30.398-0800][54500843ms] GC(1442) Humongous regions: 5->5
[2023-12-20T08:32:30.398-0800][54500843ms] GC(1442) Metaspace: 256385K->256385K(1294336K)
[2023-12-20T08:32:30.398-0800][54500843ms] GC(1442) Pause Young (Normal) (G1 Evacuation Pause) 1910M->404M(2612M) 32.511ms
[2023-12-20T08:32:30.398-0800][54500843ms] GC(1442) User=0.25s Sys=0.02s Real=0.03s
[2023-12-20T08:32:31.233-0800][54501678ms] GC(1443) Pause Young (Normal) (GCLocker Initiated GC)
[2023-12-20T08:32:31.233-0800][54501678ms] GC(1443) Using 10 workers of 10 for evacuation
[2023-12-20T08:32:31.264-0800][54501709ms] GC(1443)   Pre Evacuate Collection Set: 0.0ms
[2023-12-20T08:32:31.264-0800][54501709ms] GC(1443)   Evacuate Collection Set: 28.3ms
[2023-12-20T08:32:31.264-0800][54501709ms] GC(1443)   Post Evacuate Collection Set: 2.6ms
[2023-12-20T08:32:31.264-0800][54501709ms] GC(1443)   Other: 0.4ms
[2023-12-20T08:32:31.264-0800][54501709ms] GC(1443) Eden regions: 754->0(754)
[2023-12-20T08:32:31.264-0800][54501709ms] GC(1443) Survivor regions: 30->29(98)
[2023-12-20T08:32:31.264-0800][54501709ms] GC(1443) Old regions: 168->168
[2023-12-20T08:32:31.264-0800][54501709ms] GC(1443) Humongous regions: 5->5
[2023-12-20T08:32:31.264-0800][54501709ms] GC(1443) Metaspace: 256385K->256385K(1294336K)
[2023-12-20T08:32:31.264-0800][54501709ms] GC(1443) Pause Young (Normal) (GCLocker Initiated GC) 1911M->402M(2612M) 31.371ms
[2023-12-20T08:32:31.264-0800][54501709ms] GC(1443) User=0.11s Sys=0.00s Real=0.03s
[2023-12-20T08:32:32.089-0800][54502534ms] GC(1444) Pause Young (Normal) (GCLocker Initiated GC)
[2023-12-20T08:32:32.089-0800][54502534ms] GC(1444) Using 10 workers of 10 for evacuation
[2023-12-20T08:32:32.120-0800][54502565ms] GC(1444)   Pre Evacuate Collection Set: 0.0ms
[2023-12-20T08:32:32.120-0800][54502565ms] GC(1444)   Evacuate Collection Set: 27.2ms
[2023-12-20T08:32:32.120-0800][54502565ms] GC(1444)   Post Evacuate Collection Set: 2.4ms
[2023-12-20T08:32:32.120-0800][54502565ms] GC(1444)   Other: 0.4ms
[2023-12-20T08:32:32.120-0800][54502565ms] GC(1444) Eden regions: 755->0(753)
[2023-12-20T08:32:32.120-0800][54502565ms] GC(1444) Survivor regions: 29->30(98)
[2023-12-20T08:32:32.120-0800][54502565ms] GC(1444) Old regions: 168->168
[2023-12-20T08:32:32.120-0800][54502565ms] GC(1444) Humongous regions: 5->5
[2023-12-20T08:32:32.120-0800][54502565ms] GC(1444) Metaspace: 256385K->256385K(1294336K)
[2023-12-20T08:32:32.120-0800][54502565ms] GC(1444) Pause Young (Normal) (GCLocker Initiated GC) 1911M->404M(2612M) 30.129ms
[2023-12-20T08:32:32.120-0800][54502565ms] GC(1444) User=0.13s Sys=0.00s Real=0.03s
[2023-12-20T08:32:32.958-0800][54503403ms] GC(1445) Pause Young (Normal) (GCLocker Initiated GC)
[2023-12-20T08:32:32.958-0800][54503403ms] GC(1445) Using 10 workers of 10 for evacuation
[2023-12-20T08:32:32.988-0800][54503433ms] GC(1445)   Pre Evacuate Collection Set: 0.0ms
[2023-12-20T08:32:32.988-0800][54503433ms] GC(1445)   Evacuate Collection Set: 27.0ms
[2023-12-20T08:32:32.988-0800][54503433ms] GC(1445)   Post Evacuate Collection Set: 2.4ms
[2023-12-20T08:32:32.988-0800][54503433ms] GC(1445)   Other: 0.3ms
[2023-12-20T08:32:32.988-0800][54503433ms] GC(1445) Eden regions: 753->0(753)
[2023-12-20T08:32:32.988-0800][54503433ms] GC(1445) Survivor regions: 30->30(98)
[2023-12-20T08:32:32.988-0800][54503433ms] GC(1445) Old regions: 168->168
[2023-12-20T08:32:32.988-0800][54503433ms] GC(1445) Humongous regions: 5->5
[2023-12-20T08:32:32.988-0800][54503433ms] GC(1445) Metaspace: 256385K->256385K(1294336K)
[2023-12-20T08:32:32.988-0800][54503433ms] GC(1445) Pause Young (Normal) (GCLocker Initiated GC) 1910M->403M(2612M) 29.896ms
[2023-12-20T08:32:32.988-0800][54503433ms] GC(1445) User=0.11s Sys=0.00s Real=0.03s
[2023-12-20T08:32:33.744-0800][54504189ms] GC(1446) Pause Young (Normal) (G1 Evacuation Pause)
[2023-12-20T08:32:33.744-0800][54504189ms] GC(1446) Using 10 workers of 10 for evacuation
[2023-12-20T08:32:33.775-0800][54504220ms] GC(1446)   Pre Evacuate Collection Set: 0.0ms
[2023-12-20T08:32:33.775-0800][54504220ms] GC(1446)   Evacuate Collection Set: 28.5ms
[2023-12-20T08:32:33.775-0800][54504220ms] GC(1446)   Post Evacuate Collection Set: 2.4ms
[2023-12-20T08:32:33.775-0800][54504220ms] GC(1446)   Other: 0.3ms
[2023-12-20T08:32:33.775-0800][54504220ms] GC(1446) Eden regions: 753->0(753)
[2023-12-20T08:32:33.775-0800][54504220ms] GC(1446) Survivor regions: 30->30(98)
[2023-12-20T08:32:33.775-0800][54504220ms] GC(1446) Old regions: 168->168
[2023-12-20T08:32:33.775-0800][54504220ms] GC(1446) Humongous regions: 5->5
[2023-12-20T08:32:33.775-0800][54504220ms] GC(1446) Metaspace: 256385K->256385K(1294336K)
[2023-12-20T08:32:33.775-0800][54504220ms] GC(1446) Pause Young (Normal) (G1 Evacuation Pause) 1909M->403M(2612M) 31.422ms
[2023-12-20T08:32:33.775-0800][54504220ms] GC(1446) User=0.11s Sys=0.00s Real=0.03s
[2023-12-20T08:32:34.556-0800][54505001ms] GC(1447) Pause Young (Normal) (G1 Evacuation Pause)
[2023-12-20T08:32:34.556-0800][54505001ms] GC(1447) Using 10 workers of 10 for evacuation
[2023-12-20T08:32:34.586-0800][54505031ms] GC(1447)   Pre Evacuate Collection Set: 0.0ms
[2023-12-20T08:32:34.586-0800][54505031ms] GC(1447)   Evacuate Collection Set: 27.1ms
[2023-12-20T08:32:34.586-0800][54505031ms] GC(1447)   Post Evacuate Collection Set: 2.5ms
[2023-12-20T08:32:34.586-0800][54505031ms] GC(1447)   Other: 0.3ms
[2023-12-20T08:32:34.586-0800][54505031ms] GC(1447) Eden regions: 753->0(753)
[2023-12-20T08:32:34.586-0800][54505031ms] GC(1447) Survivor regions: 30->30(98)
[2023-12-20T08:32:34.586-0800][54505031ms] GC(1447) Old regions: 168->168
[2023-12-20T08:32:34.586-0800][54505031ms] GC(1447) Humongous regions: 5->5
[2023-12-20T08:32:34.586-0800][54505031ms] GC(1447) Metaspace: 256385K->256385K(1294336K)
[2023-12-20T08:32:34.586-0800][54505031ms] GC(1447) Pause Young (Normal) (G1 Evacuation Pause) 1909M->404M(2612M) 30.094ms
[2023-12-20T08:32:34.586-0800][54505031ms] GC(1447) User=0.09s Sys=0.00s Real=0.03s
[2023-12-20T08:32:35.384-0800][54505829ms] GC(1448) Pause Young (Normal) (G1 Evacuation Pause)
[2023-12-20T08:32:35.384-0800][54505829ms] GC(1448) Using 10 workers of 10 for evacuation
[2023-12-20T08:32:35.414-0800][54505859ms] GC(1448)   Pre Evacuate Collection Set: 0.0ms
[2023-12-20T08:32:35.414-0800][54505859ms] GC(1448)   Evacuate Collection Set: 26.4ms
[2023-12-20T08:32:35.414-0800][54505859ms] GC(1448)   Post Evacuate Collection Set: 2.5ms
[2023-12-20T08:32:35.414-0800][54505859ms] GC(1448)   Other: 0.3ms
[2023-12-20T08:32:35.414-0800][54505859ms] GC(1448) Eden regions: 753->0(753)
[2023-12-20T08:32:35.414-0800][54505859ms] GC(1448) Survivor regions: 30->30(98)
[2023-12-20T08:32:35.414-0800][54505859ms] GC(1448) Old regions: 168->168
[2023-12-20T08:32:35.414-0800][54505859ms] GC(1448) Humongous regions: 5->5
[2023-12-20T08:32:35.414-0800][54505859ms] GC(1448) Metaspace: 256385K->256385K(1294336K)
[2023-12-20T08:32:35.414-0800][54505859ms] GC(1448) Pause Young (Normal) (G1 Evacuation Pause) 1910M->404M(2612M) 29.403ms
[2023-12-20T08:32:35.414-0800][54505859ms] GC(1448) User=0.09s Sys=0.00s Real=0.03s
[2023-12-20T08:32:36.211-0800][54506656ms] GC(1449) Pause Young (Normal) (G1 Evacuation Pause)
[2023-12-20T08:32:36.212-0800][54506657ms] GC(1449) Using 10 workers of 10 for evacuation
[2023-12-20T08:32:36.243-0800][54506688ms] GC(1449)   Pre Evacuate Collection Set: 0.0ms
[2023-12-20T08:32:36.243-0800][54506688ms] GC(1449)   Evacuate Collection Set: 28.0ms
[2023-12-20T08:32:36.243-0800][54506688ms] GC(1449)   Post Evacuate Collection Set: 2.4ms
[2023-12-20T08:32:36.243-0800][54506688ms] GC(1449)   Other: 0.3ms
[2023-12-20T08:32:36.243-0800][54506688ms] GC(1449) Eden regions: 753->0(754)
[2023-12-20T08:32:36.243-0800][54506688ms] GC(1449) Survivor regions: 30->29(98)
[2023-12-20T08:32:36.243-0800][54506688ms] GC(1449) Old regions: 168->168
[2023-12-20T08:32:36.243-0800][54506688ms] GC(1449) Humongous regions: 5->5
[2023-12-20T08:32:36.243-0800][54506688ms] GC(1449) Metaspace: 256385K->256385K(1294336K)
[2023-12-20T08:32:36.243-0800][54506688ms] GC(1449) Pause Young (Normal) (G1 Evacuation Pause) 1910M->402M(2612M) 30.867ms
[2023-12-20T08:32:36.243-0800][54506688ms] GC(1449) User=0.13s Sys=0.00s Real=0.03s
[2023-12-20T08:32:37.019-0800][54507464ms] GC(1450) Pause Young (Normal) (G1 Evacuation Pause)
[2023-12-20T08:32:37.019-0800][54507464ms] GC(1450) Using 10 workers of 10 for evacuation
[2023-12-20T08:32:37.050-0800][54507495ms] GC(1450)   Pre Evacuate Collection Set: 0.1ms
[2023-12-20T08:32:37.050-0800][54507495ms] GC(1450)   Evacuate Collection Set: 28.9ms
[2023-12-20T08:32:37.050-0800][54507495ms] GC(1450)   Post Evacuate Collection Set: 2.7ms
[2023-12-20T08:32:37.050-0800][54507495ms] GC(1450)   Other: 0.4ms
[2023-12-20T08:32:37.050-0800][54507495ms] GC(1450) Eden regions: 754->0(753)
[2023-12-20T08:32:37.050-0800][54507495ms] GC(1450) Survivor regions: 29->30(98)
[2023-12-20T08:32:37.050-0800][54507495ms] GC(1450) Old regions: 168->168
[2023-12-20T08:32:37.050-0800][54507495ms] GC(1450) Humongous regions: 5->5
[2023-12-20T08:32:37.050-0800][54507495ms] GC(1450) Metaspace: 256385K->256385K(1294336K)
[2023-12-20T08:32:37.052-0800][54507497ms] GC(1450) Pause Young (Normal) (G1 Evacuation Pause) 1910M->404M(2612M) 32.315ms
[2023-12-20T08:32:37.052-0800][54507497ms] GC(1450) User=0.13s Sys=0.00s Real=0.03s
[2023-12-20T08:32:37.815-0800][54508260ms] GC(1451) Pause Young (Normal) (G1 Evacuation Pause)
[2023-12-20T08:32:37.815-0800][54508260ms] GC(1451) Using 10 workers of 10 for evacuation
[2023-12-20T08:32:37.845-0800][54508290ms] GC(1451)   Pre Evacuate Collection Set: 0.0ms
[2023-12-20T08:32:37.845-0800][54508290ms] GC(1451)   Evacuate Collection Set: 27.3ms
[2023-12-20T08:32:37.845-0800][54508290ms] GC(1451)   Post Evacuate Collection Set: 2.3ms
[2023-12-20T08:32:37.845-0800][54508290ms] GC(1451)   Other: 0.5ms
[2023-12-20T08:32:37.845-0800][54508290ms] GC(1451) Eden regions: 753->0(754)
[2023-12-20T08:32:37.845-0800][54508290ms] GC(1451) Survivor regions: 30->29(98)
[2023-12-20T08:32:37.845-0800][54508290ms] GC(1451) Old regions: 168->168
[2023-12-20T08:32:37.845-0800][54508290ms] GC(1451) Humongous regions: 5->5
[2023-12-20T08:32:37.845-0800][54508290ms] GC(1451) Metaspace: 256385K->256385K(1294336K)
[2023-12-20T08:32:37.845-0800][54508290ms] GC(1451) Pause Young (Normal) (G1 Evacuation Pause) 1910M->402M(2612M) 30.229ms
[2023-12-20T08:32:37.845-0800][54508290ms] GC(1451) User=0.13s Sys=0.00s Real=0.03s
[2023-12-20T08:32:38.582-0800][54509027ms] GC(1452) Pause Young (Normal) (G1 Evacuation Pause)
[2023-12-20T08:32:38.582-0800][54509027ms] GC(1452) Using 10 workers of 10 for evacuation
[2023-12-20T08:32:38.611-0800][54509056ms] GC(1452)   Pre Evacuate Collection Set: 0.0ms
[2023-12-20T08:32:38.612-0800][54509057ms] GC(1452)   Evacuate Collection Set: 26.7ms
[2023-12-20T08:32:38.612-0800][54509057ms] GC(1452)   Post Evacuate Collection Set: 2.2ms
[2023-12-20T08:32:38.612-0800][54509057ms] GC(1452)   Other: 0.4ms
[2023-12-20T08:32:38.612-0800][54509057ms] GC(1452) Eden regions: 754->0(753)
[2023-12-20T08:32:38.612-0800][54509057ms] GC(1452) Survivor regions: 29->30(98)
[2023-12-20T08:32:38.612-0800][54509057ms] GC(1452) Old regions: 168->168
[2023-12-20T08:32:38.612-0800][54509057ms] GC(1452) Humongous regions: 5->5
[2023-12-20T08:32:38.612-0800][54509057ms] GC(1452) Metaspace: 256385K->256385K(1294336K)
[2023-12-20T08:32:38.612-0800][54509057ms] GC(1452) Pause Young (Normal) (G1 Evacuation Pause) 1910M->404M(2612M) 29.455ms
[2023-12-20T08:32:38.612-0800][54509057ms] GC(1452) User=0.09s Sys=0.00s Real=0.03s
[2023-12-20T08:32:39.381-0800][54509826ms] GC(1453) Pause Young (Normal) (G1 Evacuation Pause)
[2023-12-20T08:32:39.381-0800][54509826ms] GC(1453) Using 10 workers of 10 for evacuation
[2023-12-20T08:32:39.411-0800][54509856ms] GC(1453)   Pre Evacuate Collection Set: 0.0ms
[2023-12-20T08:32:39.411-0800][54509856ms] GC(1453)   Evacuate Collection Set: 26.7ms
[2023-12-20T08:32:39.411-0800][54509856ms] GC(1453)   Post Evacuate Collection Set: 2.5ms
[2023-12-20T08:32:39.411-0800][54509856ms] GC(1453)   Other: 0.4ms
[2023-12-20T08:32:39.411-0800][54509856ms] GC(1453) Eden regions: 753->0(753)
[2023-12-20T08:32:39.411-0800][54509856ms] GC(1453) Survivor regions: 30->30(98)
[2023-12-20T08:32:39.411-0800][54509856ms] GC(1453) Old regions: 168->168
[2023-12-20T08:32:39.411-0800][54509856ms] GC(1453) Humongous regions: 5->5
[2023-12-20T08:32:39.411-0800][54509856ms] GC(1453) Metaspace: 256385K->256385K(1294336K)
[2023-12-20T08:32:39.411-0800][54509856ms] GC(1453) Pause Young (Normal) (G1 Evacuation Pause) 1910M->403M(2612M) 29.709ms
[2023-12-20T08:32:39.411-0800][54509856ms] GC(1453) User=0.17s Sys=0.00s Real=0.03s
[2023-12-20T08:32:40.147-0800][54510592ms] GC(1454) Pause Young (Normal) (G1 Evacuation Pause)
[2023-12-20T08:32:40.147-0800][54510592ms] GC(1454) Using 10 workers of 10 for evacuation
[2023-12-20T08:32:40.177-0800][54510622ms] GC(1454)   Pre Evacuate Collection Set: 0.0ms
[2023-12-20T08:32:40.177-0800][54510622ms] GC(1454)   Evacuate Collection Set: 27.3ms
[2023-12-20T08:32:40.177-0800][54510622ms] GC(1454)   Post Evacuate Collection Set: 2.4ms
[2023-12-20T08:32:40.177-0800][54510622ms] GC(1454)   Other: 0.4ms
[2023-12-20T08:32:40.177-0800][54510622ms] GC(1454) Eden regions: 753->0(753)
[2023-12-20T08:32:40.177-0800][54510622ms] GC(1454) Survivor regions: 30->30(98)
[2023-12-20T08:32:40.177-0800][54510622ms] GC(1454) Old regions: 168->168
[2023-12-20T08:32:40.177-0800][54510622ms] GC(1454) Humongous regions: 5->5
[2023-12-20T08:32:40.177-0800][54510622ms] GC(1454) Metaspace: 256385K->256385K(1294336K)
[2023-12-20T08:32:40.177-0800][54510622ms] GC(1454) Pause Young (Normal) (G1 Evacuation Pause) 1909M->404M(2612M) 30.255ms
[2023-12-20T08:32:40.177-0800][54510622ms] GC(1454) User=0.22s Sys=0.00s Real=0.03s
[2023-12-20T08:32:40.969-0800][54511414ms] GC(1455) Pause Young (Normal) (G1 Evacuation Pause)
[2023-12-20T08:32:40.969-0800][54511414ms] GC(1455) Using 10 workers of 10 for evacuation
[2023-12-20T08:32:40.999-0800][54511444ms] GC(1455)   Pre Evacuate Collection Set: 0.0ms
[2023-12-20T08:32:40.999-0800][54511444ms] GC(1455)   Evacuate Collection Set: 27.6ms
[2023-12-20T08:32:40.999-0800][54511444ms] GC(1455)   Post Evacuate Collection Set: 2.6ms
[2023-12-20T08:32:40.999-0800][54511444ms] GC(1455)   Other: 0.3ms
[2023-12-20T08:32:40.999-0800][54511444ms] GC(1455) Eden regions: 753->0(753)
[2023-12-20T08:32:40.999-0800][54511444ms] GC(1455) Survivor regions: 30->30(98)
[2023-12-20T08:32:40.999-0800][54511444ms] GC(1455) Old regions: 168->168
[2023-12-20T08:32:40.999-0800][54511444ms] GC(1455) Humongous regions: 5->5
[2023-12-20T08:32:40.999-0800][54511444ms] GC(1455) Metaspace: 256385K->256385K(1294336K)
[2023-12-20T08:32:40.999-0800][54511444ms] GC(1455) Pause Young (Normal) (G1 Evacuation Pause) 1910M->403M(2612M) 30.679ms
[2023-12-20T08:32:40.999-0800][54511444ms] GC(1455) User=0.14s Sys=0.00s Real=0.03s
[2023-12-20T08:32:41.712-0800][54512157ms] GC(1456) Pause Young (Normal) (G1 Evacuation Pause)
[2023-12-20T08:32:41.712-0800][54512157ms] GC(1456) Using 10 workers of 10 for evacuation
[2023-12-20T08:32:41.742-0800][54512187ms] GC(1456)   Pre Evacuate Collection Set: 0.0ms
[2023-12-20T08:32:41.742-0800][54512187ms] GC(1456)   Evacuate Collection Set: 27.7ms
[2023-12-20T08:32:41.742-0800][54512187ms] GC(1456)   Post Evacuate Collection Set: 2.3ms
[2023-12-20T08:32:41.742-0800][54512187ms] GC(1456)   Other: 0.4ms
[2023-12-20T08:32:41.742-0800][54512187ms] GC(1456) Eden regions: 753->0(753)
[2023-12-20T08:32:41.742-0800][54512187ms] GC(1456) Survivor regions: 30->30(98)
[2023-12-20T08:32:41.742-0800][54512187ms] GC(1456) Old regions: 168->168
[2023-12-20T08:32:41.742-0800][54512187ms] GC(1456) Humongous regions: 5->5
[2023-12-20T08:32:41.742-0800][54512187ms] GC(1456) Metaspace: 256385K->256385K(1294336K)
[2023-12-20T08:32:41.742-0800][54512187ms] GC(1456) Pause Young (Normal) (G1 Evacuation Pause) 1909M->404M(2612M) 30.539ms
[2023-12-20T08:32:41.742-0800][54512187ms] GC(1456) User=0.08s Sys=0.00s Real=0.03s
[2023-12-20T08:32:42.470-0800][54512915ms] GC(1457) Pause Young (Normal) (G1 Evacuation Pause)
[2023-12-20T08:32:42.470-0800][54512915ms] GC(1457) Using 10 workers of 10 for evacuation
[2023-12-20T08:32:42.498-0800][54512943ms] GC(1457)   Pre Evacuate Collection Set: 0.0ms
[2023-12-20T08:32:42.498-0800][54512943ms] GC(1457)   Evacuate Collection Set: 26.8ms
[2023-12-20T08:32:42.498-0800][54512943ms] GC(1457)   Post Evacuate Collection Set: 2.3ms
[2023-12-20T08:32:42.498-0800][54512943ms] GC(1457)   Other: 0.3ms
[2023-12-20T08:32:42.498-0800][54512943ms] GC(1457) Eden regions: 753->0(753)
[2023-12-20T08:32:42.498-0800][54512943ms] GC(1457) Survivor regions: 30->30(98)
[2023-12-20T08:32:42.498-0800][54512943ms] GC(1457) Old regions: 168->168
[2023-12-20T08:32:42.498-0800][54512943ms] GC(1457) Humongous regions: 5->5
[2023-12-20T08:32:42.498-0800][54512943ms] GC(1457) Metaspace: 256385K->256385K(1294336K)
[2023-12-20T08:32:42.498-0800][54512943ms] GC(1457) Pause Young (Normal) (G1 Evacuation Pause) 1910M->404M(2612M) 29.656ms
[2023-12-20T08:32:42.498-0800][54512943ms] GC(1457) User=0.16s Sys=0.00s Real=0.03s
[2023-12-20T08:32:43.304-0800][54513749ms] GC(1458) Pause Young (Normal) (G1 Evacuation Pause)
[2023-12-20T08:32:43.304-0800][54513749ms] GC(1458) Using 10 workers of 10 for evacuation
[2023-12-20T08:32:43.336-0800][54513781ms] GC(1458)   Pre Evacuate Collection Set: 0.0ms
[2023-12-20T08:32:43.336-0800][54513781ms] GC(1458)   Evacuate Collection Set: 29.1ms
[2023-12-20T08:32:43.336-0800][54513781ms] GC(1458)   Post Evacuate Collection Set: 2.9ms
[2023-12-20T08:32:43.336-0800][54513781ms] GC(1458)   Other: 0.4ms
[2023-12-20T08:32:43.336-0800][54513781ms] GC(1458) Eden regions: 753->0(754)
[2023-12-20T08:32:43.336-0800][54513781ms] GC(1458) Survivor regions: 30->29(98)
[2023-12-20T08:32:43.336-0800][54513781ms] GC(1458) Old regions: 168->168
[2023-12-20T08:32:43.336-0800][54513781ms] GC(1458) Humongous regions: 5->5
[2023-12-20T08:32:43.336-0800][54513781ms] GC(1458) Metaspace: 256385K->256385K(1294336K)
[2023-12-20T08:32:43.336-0800][54513781ms] GC(1458) Pause Young (Normal) (G1 Evacuation Pause) 1910M->402M(2612M) 32.549ms
[2023-12-20T08:32:43.337-0800][54513782ms] GC(1458) User=0.11s Sys=0.00s Real=0.03s
[2023-12-20T08:32:44.075-0800][54514520ms] GC(1459) Pause Young (Normal) (G1 Evacuation Pause)
[2023-12-20T08:32:44.075-0800][54514520ms] GC(1459) Using 10 workers of 10 for evacuation
[2023-12-20T08:32:44.105-0800][54514550ms] GC(1459)   Pre Evacuate Collection Set: 0.0ms
[2023-12-20T08:32:44.105-0800][54514550ms] GC(1459)   Evacuate Collection Set: 26.9ms
[2023-12-20T08:32:44.105-0800][54514550ms] GC(1459)   Post Evacuate Collection Set: 2.5ms
[2023-12-20T08:32:44.105-0800][54514550ms] GC(1459)   Other: 0.3ms
[2023-12-20T08:32:44.105-0800][54514550ms] GC(1459) Eden regions: 754->0(753)
[2023-12-20T08:32:44.105-0800][54514550ms] GC(1459) Survivor regions: 29->30(98)
[2023-12-20T08:32:44.105-0800][54514550ms] GC(1459) Old regions: 168->168
[2023-12-20T08:32:44.105-0800][54514550ms] GC(1459) Humongous regions: 5->5
[2023-12-20T08:32:44.105-0800][54514550ms] GC(1459) Metaspace: 256385K->256385K(1294336K)
[2023-12-20T08:32:44.105-0800][54514550ms] GC(1459) Pause Young (Normal) (G1 Evacuation Pause) 1910M->404M(2612M) 29.840ms
[2023-12-20T08:32:44.105-0800][54514550ms] GC(1459) User=0.09s Sys=0.00s Real=0.03s
[2023-12-20T08:32:44.873-0800][54515318ms] GC(1460) Pause Young (Normal) (G1 Evacuation Pause)
[2023-12-20T08:32:44.873-0800][54515318ms] GC(1460) Using 10 workers of 10 for evacuation
[2023-12-20T08:32:44.903-0800][54515348ms] GC(1460)   Pre Evacuate Collection Set: 0.0ms
[2023-12-20T08:32:44.903-0800][54515348ms] GC(1460)   Evacuate Collection Set: 26.5ms
[2023-12-20T08:32:44.903-0800][54515348ms] GC(1460)   Post Evacuate Collection Set: 2.4ms
[2023-12-20T08:32:44.903-0800][54515348ms] GC(1460)   Other: 0.3ms
[2023-12-20T08:32:44.903-0800][54515348ms] GC(1460) Eden regions: 753->0(753)
[2023-12-20T08:32:44.903-0800][54515348ms] GC(1460) Survivor regions: 30->30(98)
[2023-12-20T08:32:44.903-0800][54515348ms] GC(1460) Old regions: 168->168
[2023-12-20T08:32:44.903-0800][54515348ms] GC(1460) Humongous regions: 5->5
[2023-12-20T08:32:44.903-0800][54515348ms] GC(1460) Metaspace: 256385K->256385K(1294336K)
[2023-12-20T08:32:44.903-0800][54515348ms] GC(1460) Pause Young (Normal) (G1 Evacuation Pause) 1910M->404M(2612M) 29.455ms
[2023-12-20T08:32:44.903-0800][54515348ms] GC(1460) User=0.09s Sys=0.00s Real=0.03s
[2023-12-20T08:32:45.667-0800][54516112ms] GC(1461) Pause Young (Normal) (G1 Evacuation Pause)
[2023-12-20T08:32:45.667-0800][54516112ms] GC(1461) Using 10 workers of 10 for evacuation
[2023-12-20T08:32:45.696-0800][54516141ms] GC(1461)   Pre Evacuate Collection Set: 0.0ms
[2023-12-20T08:32:45.696-0800][54516141ms] GC(1461)   Evacuate Collection Set: 26.7ms
[2023-12-20T08:32:45.696-0800][54516141ms] GC(1461)   Post Evacuate Collection Set: 2.5ms
[2023-12-20T08:32:45.696-0800][54516141ms] GC(1461)   Other: 0.3ms
[2023-12-20T08:32:45.696-0800][54516141ms] GC(1461) Eden regions: 753->0(753)
[2023-12-20T08:32:45.696-0800][54516141ms] GC(1461) Survivor regions: 30->30(98)
[2023-12-20T08:32:45.696-0800][54516141ms] GC(1461) Old regions: 168->168
[2023-12-20T08:32:45.696-0800][54516141ms] GC(1461) Humongous regions: 5->5
[2023-12-20T08:32:45.696-0800][54516141ms] GC(1461) Metaspace: 256386K->256386K(1294336K)
[2023-12-20T08:32:45.696-0800][54516141ms] GC(1461) Pause Young (Normal) (G1 Evacuation Pause) 1910M->404M(2612M) 29.731ms
[2023-12-20T08:32:45.696-0800][54516141ms] GC(1461) User=0.05s Sys=0.00s Real=0.03s
[2023-12-20T08:32:46.483-0800][54516928ms] GC(1462) Pause Young (Normal) (G1 Evacuation Pause)
[2023-12-20T08:32:46.483-0800][54516928ms] GC(1462) Using 10 workers of 10 for evacuation
[2023-12-20T08:32:46.512-0800][54516957ms] GC(1462)   Pre Evacuate Collection Set: 0.0ms
[2023-12-20T08:32:46.512-0800][54516957ms] GC(1462)   Evacuate Collection Set: 26.5ms
[2023-12-20T08:32:46.512-0800][54516957ms] GC(1462)   Post Evacuate Collection Set: 2.5ms
[2023-12-20T08:32:46.512-0800][54516957ms] GC(1462)   Other: 0.3ms
[2023-12-20T08:32:46.512-0800][54516957ms] GC(1462) Eden regions: 753->0(753)
[2023-12-20T08:32:46.512-0800][54516957ms] GC(1462) Survivor regions: 30->30(98)
[2023-12-20T08:32:46.512-0800][54516957ms] GC(1462) Old regions: 168->168
[2023-12-20T08:32:46.512-0800][54516957ms] GC(1462) Humongous regions: 5->5
[2023-12-20T08:32:46.512-0800][54516957ms] GC(1462) Metaspace: 256386K->256386K(1294336K)
[2023-12-20T08:32:46.512-0800][54516957ms] GC(1462) Pause Young (Normal) (G1 Evacuation Pause) 1910M->404M(2612M) 29.503ms
[2023-12-20T08:32:46.512-0800][54516957ms] GC(1462) User=0.13s Sys=0.00s Real=0.03s
[2023-12-20T08:32:47.268-0800][54517713ms] GC(1463) Pause Young (Normal) (G1 Evacuation Pause)
[2023-12-20T08:32:47.268-0800][54517713ms] GC(1463) Using 10 workers of 10 for evacuation
[2023-12-20T08:32:47.299-0800][54517744ms] GC(1463)   Pre Evacuate Collection Set: 0.1ms
[2023-12-20T08:32:47.299-0800][54517744ms] GC(1463)   Evacuate Collection Set: 28.5ms
[2023-12-20T08:32:47.299-0800][54517744ms] GC(1463)   Post Evacuate Collection Set: 2.4ms
[2023-12-20T08:32:47.299-0800][54517744ms] GC(1463)   Other: 0.4ms
[2023-12-20T08:32:47.299-0800][54517744ms] GC(1463) Eden regions: 753->0(753)
[2023-12-20T08:32:47.299-0800][54517744ms] GC(1463) Survivor regions: 30->30(98)
[2023-12-20T08:32:47.299-0800][54517744ms] GC(1463) Old regions: 168->168
[2023-12-20T08:32:47.299-0800][54517744ms] GC(1463) Humongous regions: 5->5
[2023-12-20T08:32:47.299-0800][54517744ms] GC(1463) Metaspace: 256386K->256386K(1294336K)
[2023-12-20T08:32:47.299-0800][54517744ms] GC(1463) Pause Young (Normal) (G1 Evacuation Pause) 1910M->404M(2612M) 31.483ms
[2023-12-20T08:32:47.300-0800][54517745ms] GC(1463) User=0.14s Sys=0.00s Real=0.03s
[2023-12-20T08:32:48.036-0800][54518481ms] GC(1464) Pause Young (Normal) (G1 Evacuation Pause)
[2023-12-20T08:32:48.036-0800][54518481ms] GC(1464) Using 10 workers of 10 for evacuation
[2023-12-20T08:32:48.066-0800][54518511ms] GC(1464)   Pre Evacuate Collection Set: 0.0ms
[2023-12-20T08:32:48.066-0800][54518511ms] GC(1464)   Evacuate Collection Set: 27.1ms
[2023-12-20T08:32:48.066-0800][54518511ms] GC(1464)   Post Evacuate Collection Set: 2.4ms
[2023-12-20T08:32:48.066-0800][54518511ms] GC(1464)   Other: 0.4ms
[2023-12-20T08:32:48.066-0800][54518511ms] GC(1464) Eden regions: 753->0(753)
[2023-12-20T08:32:48.066-0800][54518511ms] GC(1464) Survivor regions: 30->30(98)
[2023-12-20T08:32:48.066-0800][54518511ms] GC(1464) Old regions: 168->168
[2023-12-20T08:32:48.066-0800][54518511ms] GC(1464) Humongous regions: 5->5
[2023-12-20T08:32:48.066-0800][54518511ms] GC(1464) Metaspace: 256386K->256386K(1294336K)
[2023-12-20T08:32:48.066-0800][54518511ms] GC(1464) Pause Young (Normal) (G1 Evacuation Pause) 1910M->404M(2612M) 29.911ms
[2023-12-20T08:32:48.066-0800][54518511ms] GC(1464) User=0.08s Sys=0.00s Real=0.03s
[2023-12-20T08:32:48.778-0800][54519223ms] GC(1465) Pause Young (Normal) (G1 Evacuation Pause)
[2023-12-20T08:32:48.778-0800][54519223ms] GC(1465) Using 10 workers of 10 for evacuation
[2023-12-20T08:32:48.808-0800][54519253ms] GC(1465)   Pre Evacuate Collection Set: 0.0ms
[2023-12-20T08:32:48.808-0800][54519253ms] GC(1465)   Evacuate Collection Set: 26.8ms
[2023-12-20T08:32:48.808-0800][54519253ms] GC(1465)   Post Evacuate Collection Set: 2.3ms
[2023-12-20T08:32:48.808-0800][54519253ms] GC(1465)   Other: 0.3ms
[2023-12-20T08:32:48.808-0800][54519253ms] GC(1465) Eden regions: 753->0(753)
[2023-12-20T08:32:48.808-0800][54519253ms] GC(1465) Survivor regions: 30->30(98)
[2023-12-20T08:32:48.808-0800][54519253ms] GC(1465) Old regions: 168->168
[2023-12-20T08:32:48.808-0800][54519253ms] GC(1465) Humongous regions: 5->5
[2023-12-20T08:32:48.808-0800][54519253ms] GC(1465) Metaspace: 256386K->256386K(1294336K)
[2023-12-20T08:32:48.808-0800][54519253ms] GC(1465) Pause Young (Normal) (G1 Evacuation Pause) 1910M->403M(2612M) 29.552ms
[2023-12-20T08:32:48.808-0800][54519253ms] GC(1465) User=0.08s Sys=0.00s Real=0.03s
[2023-12-20T08:32:49.535-0800][54519980ms] GC(1466) Pause Young (Normal) (G1 Evacuation Pause)
[2023-12-20T08:32:49.535-0800][54519980ms] GC(1466) Using 10 workers of 10 for evacuation
[2023-12-20T08:32:49.565-0800][54520010ms] GC(1466)   Pre Evacuate Collection Set: 0.0ms
[2023-12-20T08:32:49.565-0800][54520010ms] GC(1466)   Evacuate Collection Set: 27.1ms
[2023-12-20T08:32:49.565-0800][54520010ms] GC(1466)   Post Evacuate Collection Set: 2.4ms
[2023-12-20T08:32:49.565-0800][54520010ms] GC(1466)   Other: 0.3ms
[2023-12-20T08:32:49.565-0800][54520010ms] GC(1466) Eden regions: 753->0(753)
[2023-12-20T08:32:49.565-0800][54520010ms] GC(1466) Survivor regions: 30->30(98)
[2023-12-20T08:32:49.565-0800][54520010ms] GC(1466) Old regions: 168->168
[2023-12-20T08:32:49.565-0800][54520010ms] GC(1466) Humongous regions: 5->5
[2023-12-20T08:32:49.565-0800][54520010ms] GC(1466) Metaspace: 256386K->256386K(1294336K)
[2023-12-20T08:32:49.565-0800][54520010ms] GC(1466) Pause Young (Normal) (G1 Evacuation Pause) 1909M->404M(2612M) 30.026ms
[2023-12-20T08:32:49.565-0800][54520010ms] GC(1466) User=0.11s Sys=0.00s Real=0.03s
[2023-12-20T08:32:50.367-0800][54520812ms] GC(1467) Pause Young (Normal) (G1 Evacuation Pause)
[2023-12-20T08:32:50.367-0800][54520812ms] GC(1467) Using 10 workers of 10 for evacuation
[2023-12-20T08:32:50.398-0800][54520843ms] GC(1467)   Pre Evacuate Collection Set: 0.0ms
[2023-12-20T08:32:50.398-0800][54520843ms] GC(1467)   Evacuate Collection Set: 28.2ms
[2023-12-20T08:32:50.398-0800][54520843ms] GC(1467)   Post Evacuate Collection Set: 2.4ms
[2023-12-20T08:32:50.398-0800][54520843ms] GC(1467)   Other: 0.4ms
[2023-12-20T08:32:50.398-0800][54520843ms] GC(1467) Eden regions: 753->0(753)
[2023-12-20T08:32:50.398-0800][54520843ms] GC(1467) Survivor regions: 30->30(98)
[2023-12-20T08:32:50.398-0800][54520843ms] GC(1467) Old regions: 168->168
[2023-12-20T08:32:50.398-0800][54520843ms] GC(1467) Humongous regions: 5->5
[2023-12-20T08:32:50.398-0800][54520843ms] GC(1467) Metaspace: 256386K->256386K(1294336K)
[2023-12-20T08:32:50.398-0800][54520843ms] GC(1467) Pause Young (Normal) (G1 Evacuation Pause) 1910M->403M(2612M) 31.297ms
[2023-12-20T08:32:50.398-0800][54520843ms] GC(1467) User=0.13s Sys=0.00s Real=0.03s
[2023-12-20T08:32:51.133-0800][54521578ms] GC(1468) Pause Young (Normal) (G1 Evacuation Pause)
[2023-12-20T08:32:51.133-0800][54521578ms] GC(1468) Using 10 workers of 10 for evacuation
[2023-12-20T08:32:51.163-0800][54521608ms] GC(1468)   Pre Evacuate Collection Set: 0.0ms
[2023-12-20T08:32:51.163-0800][54521608ms] GC(1468)   Evacuate Collection Set: 27.8ms
[2023-12-20T08:32:51.163-0800][54521608ms] GC(1468)   Post Evacuate Collection Set: 2.2ms
[2023-12-20T08:32:51.163-0800][54521608ms] GC(1468)   Other: 0.4ms
[2023-12-20T08:32:51.163-0800][54521608ms] GC(1468) Eden regions: 753->0(754)
[2023-12-20T08:32:51.163-0800][54521608ms] GC(1468) Survivor regions: 30->29(98)
[2023-12-20T08:32:51.163-0800][54521608ms] GC(1468) Old regions: 168->168
[2023-12-20T08:32:51.163-0800][54521608ms] GC(1468) Humongous regions: 5->5
[2023-12-20T08:32:51.163-0800][54521608ms] GC(1468) Metaspace: 256386K->256386K(1294336K)
[2023-12-20T08:32:51.163-0800][54521608ms] GC(1468) Pause Young (Normal) (G1 Evacuation Pause) 1909M->402M(2612M) 30.575ms
[2023-12-20T08:32:51.163-0800][54521608ms] GC(1468) User=0.09s Sys=0.00s Real=0.03s
[2023-12-20T08:32:51.889-0800][54522334ms] GC(1469) Pause Young (Normal) (G1 Evacuation Pause)
[2023-12-20T08:32:51.889-0800][54522334ms] GC(1469) Using 10 workers of 10 for evacuation
[2023-12-20T08:32:51.919-0800][54522364ms] GC(1469)   Pre Evacuate Collection Set: 0.0ms
[2023-12-20T08:32:51.919-0800][54522364ms] GC(1469)   Evacuate Collection Set: 26.5ms
[2023-12-20T08:32:51.919-0800][54522364ms] GC(1469)   Post Evacuate Collection Set: 2.4ms
[2023-12-20T08:32:51.919-0800][54522364ms] GC(1469)   Other: 0.4ms
[2023-12-20T08:32:51.919-0800][54522364ms] GC(1469) Eden regions: 754->0(753)
[2023-12-20T08:32:51.919-0800][54522364ms] GC(1469) Survivor regions: 29->30(98)
[2023-12-20T08:32:51.919-0800][54522364ms] GC(1469) Old regions: 168->168
[2023-12-20T08:32:51.919-0800][54522364ms] GC(1469) Humongous regions: 5->5
[2023-12-20T08:32:51.919-0800][54522364ms] GC(1469) Metaspace: 256386K->256386K(1294336K)
[2023-12-20T08:32:51.919-0800][54522364ms] GC(1469) Pause Young (Normal) (G1 Evacuation Pause) 1910M->404M(2612M) 29.420ms
[2023-12-20T08:32:51.919-0800][54522364ms] GC(1469) User=0.08s Sys=0.00s Real=0.03s
[2023-12-20T08:32:52.654-0800][54523099ms] GC(1470) Pause Young (Normal) (G1 Evacuation Pause)
[2023-12-20T08:32:52.654-0800][54523099ms] GC(1470) Using 10 workers of 10 for evacuation
[2023-12-20T08:32:52.684-0800][54523129ms] GC(1470)   Pre Evacuate Collection Set: 0.0ms
[2023-12-20T08:32:52.684-0800][54523129ms] GC(1470)   Evacuate Collection Set: 27.2ms
[2023-12-20T08:32:52.684-0800][54523129ms] GC(1470)   Post Evacuate Collection Set: 2.4ms
[2023-12-20T08:32:52.684-0800][54523129ms] GC(1470)   Other: 0.4ms
[2023-12-20T08:32:52.684-0800][54523129ms] GC(1470) Eden regions: 753->0(753)
[2023-12-20T08:32:52.684-0800][54523129ms] GC(1470) Survivor regions: 30->30(98)
[2023-12-20T08:32:52.684-0800][54523129ms] GC(1470) Old regions: 168->168
[2023-12-20T08:32:52.684-0800][54523129ms] GC(1470) Humongous regions: 5->5
[2023-12-20T08:32:52.684-0800][54523129ms] GC(1470) Metaspace: 256386K->256386K(1294336K)
[2023-12-20T08:32:52.684-0800][54523129ms] GC(1470) Pause Young (Normal) (G1 Evacuation Pause) 1910M->404M(2612M) 30.163ms
[2023-12-20T08:32:52.684-0800][54523129ms] GC(1470) User=0.13s Sys=0.00s Real=0.03s
[2023-12-20T08:32:53.378-0800][54523823ms] GC(1471) Pause Young (Normal) (G1 Evacuation Pause)
[2023-12-20T08:32:53.378-0800][54523823ms] GC(1471) Using 10 workers of 10 for evacuation
[2023-12-20T08:32:53.408-0800][54523853ms] GC(1471)   Pre Evacuate Collection Set: 0.0ms
[2023-12-20T08:32:53.408-0800][54523853ms] GC(1471)   Evacuate Collection Set: 26.7ms
[2023-12-20T08:32:53.408-0800][54523853ms] GC(1471)   Post Evacuate Collection Set: 2.4ms
[2023-12-20T08:32:53.408-0800][54523853ms] GC(1471)   Other: 0.3ms
[2023-12-20T08:32:53.408-0800][54523853ms] GC(1471) Eden regions: 753->0(753)
[2023-12-20T08:32:53.408-0800][54523853ms] GC(1471) Survivor regions: 30->30(98)
[2023-12-20T08:32:53.408-0800][54523853ms] GC(1471) Old regions: 168->168
[2023-12-20T08:32:53.408-0800][54523853ms] GC(1471) Humongous regions: 5->5
[2023-12-20T08:32:53.408-0800][54523853ms] GC(1471) Metaspace: 256386K->256386K(1294336K)
[2023-12-20T08:32:53.408-0800][54523853ms] GC(1471) Pause Young (Normal) (G1 Evacuation Pause) 1910M->403M(2612M) 29.609ms
[2023-12-20T08:32:53.408-0800][54523853ms] GC(1471) User=0.08s Sys=0.00s Real=0.03s
[2023-12-20T08:32:54.119-0800][54524564ms] GC(1472) Pause Young (Normal) (G1 Evacuation Pause)
[2023-12-20T08:32:54.119-0800][54524564ms] GC(1472) Using 10 workers of 10 for evacuation
[2023-12-20T08:32:54.149-0800][54524594ms] GC(1472)   Pre Evacuate Collection Set: 0.0ms
[2023-12-20T08:32:54.149-0800][54524594ms] GC(1472)   Evacuate Collection Set: 27.5ms
[2023-12-20T08:32:54.149-0800][54524594ms] GC(1472)   Post Evacuate Collection Set: 2.4ms
[2023-12-20T08:32:54.149-0800][54524594ms] GC(1472)   Other: 0.4ms
[2023-12-20T08:32:54.149-0800][54524594ms] GC(1472) Eden regions: 753->0(753)
[2023-12-20T08:32:54.149-0800][54524594ms] GC(1472) Survivor regions: 30->30(98)
[2023-12-20T08:32:54.149-0800][54524594ms] GC(1472) Old regions: 168->168
[2023-12-20T08:32:54.149-0800][54524594ms] GC(1472) Humongous regions: 5->5
[2023-12-20T08:32:54.149-0800][54524594ms] GC(1472) Metaspace: 256386K->256386K(1294336K)
[2023-12-20T08:32:54.149-0800][54524594ms] GC(1472) Pause Young (Normal) (G1 Evacuation Pause) 1909M->404M(2612M) 30.493ms
[2023-12-20T08:32:54.149-0800][54524594ms] GC(1472) User=0.11s Sys=0.00s Real=0.03s
[2023-12-20T08:32:54.911-0800][54525356ms] GC(1473) Pause Young (Normal) (G1 Evacuation Pause)
[2023-12-20T08:32:54.911-0800][54525356ms] GC(1473) Using 10 workers of 10 for evacuation
[2023-12-20T08:32:54.945-0800][54525390ms] GC(1473)   Pre Evacuate Collection Set: 0.0ms
[2023-12-20T08:32:54.945-0800][54525390ms] GC(1473)   Evacuate Collection Set: 26.4ms
[2023-12-20T08:32:54.945-0800][54525390ms] GC(1473)   Post Evacuate Collection Set: 8.1ms
[2023-12-20T08:32:54.945-0800][54525390ms] GC(1473)   Other: 0.4ms
[2023-12-20T08:32:54.945-0800][54525390ms] GC(1473) Eden regions: 753->0(753)
[2023-12-20T08:32:54.945-0800][54525390ms] GC(1473) Survivor regions: 30->30(98)
[2023-12-20T08:32:54.945-0800][54525390ms] GC(1473) Old regions: 168->168
[2023-12-20T08:32:54.945-0800][54525390ms] GC(1473) Humongous regions: 5->5
[2023-12-20T08:32:54.945-0800][54525390ms] GC(1473) Metaspace: 256386K->256386K(1294336K)
[2023-12-20T08:32:54.945-0800][54525390ms] GC(1473) Pause Young (Normal) (G1 Evacuation Pause) 1910M->403M(2612M) 35.019ms
[2023-12-20T08:32:54.945-0800][54525390ms] GC(1473) User=0.13s Sys=0.00s Real=0.03s
[2023-12-20T08:32:55.759-0800][54526204ms] GC(1474) Pause Young (Normal) (G1 Evacuation Pause)
[2023-12-20T08:32:55.759-0800][54526204ms] GC(1474) Using 10 workers of 10 for evacuation
[2023-12-20T08:32:55.789-0800][54526234ms] GC(1474)   Pre Evacuate Collection Set: 0.0ms
[2023-12-20T08:32:55.789-0800][54526234ms] GC(1474)   Evacuate Collection Set: 26.4ms
[2023-12-20T08:32:55.789-0800][54526234ms] GC(1474)   Post Evacuate Collection Set: 2.6ms
[2023-12-20T08:32:55.789-0800][54526234ms] GC(1474)   Other: 0.4ms
[2023-12-20T08:32:55.789-0800][54526234ms] GC(1474) Eden regions: 753->0(753)
[2023-12-20T08:32:55.789-0800][54526234ms] GC(1474) Survivor regions: 30->30(98)
[2023-12-20T08:32:55.789-0800][54526234ms] GC(1474) Old regions: 168->168
[2023-12-20T08:32:55.789-0800][54526234ms] GC(1474) Humongous regions: 5->5
[2023-12-20T08:32:55.789-0800][54526234ms] GC(1474) Metaspace: 256386K->256386K(1294336K)
[2023-12-20T08:32:55.789-0800][54526234ms] GC(1474) Pause Young (Normal) (G1 Evacuation Pause) 1909M->404M(2612M) 29.600ms
[2023-12-20T08:32:55.789-0800][54526234ms] GC(1474) User=0.14s Sys=0.00s Real=0.03s
[2023-12-20T08:32:56.520-0800][54526965ms] GC(1475) Pause Young (Normal) (G1 Evacuation Pause)
[2023-12-20T08:32:56.520-0800][54526965ms] GC(1475) Using 10 workers of 10 for evacuation
[2023-12-20T08:32:56.549-0800][54526994ms] GC(1475)   Pre Evacuate Collection Set: 0.0ms
[2023-12-20T08:32:56.549-0800][54526994ms] GC(1475)   Evacuate Collection Set: 26.2ms
[2023-12-20T08:32:56.549-0800][54526994ms] GC(1475)   Post Evacuate Collection Set: 2.4ms
[2023-12-20T08:32:56.549-0800][54526994ms] GC(1475)   Other: 0.4ms
[2023-12-20T08:32:56.549-0800][54526994ms] GC(1475) Eden regions: 753->0(753)
[2023-12-20T08:32:56.549-0800][54526994ms] GC(1475) Survivor regions: 30->30(98)
[2023-12-20T08:32:56.549-0800][54526994ms] GC(1475) Old regions: 168->168
[2023-12-20T08:32:56.549-0800][54526994ms] GC(1475) Humongous regions: 5->5
[2023-12-20T08:32:56.549-0800][54526994ms] GC(1475) Metaspace: 256386K->256386K(1294336K)
[2023-12-20T08:32:56.549-0800][54526994ms] GC(1475) Pause Young (Normal) (G1 Evacuation Pause) 1910M->403M(2612M) 29.250ms
[2023-12-20T08:32:56.549-0800][54526994ms] GC(1475) User=0.13s Sys=0.00s Real=0.03s
[2023-12-20T08:32:57.303-0800][54527748ms] GC(1476) Pause Young (Normal) (G1 Evacuation Pause)
[2023-12-20T08:32:57.303-0800][54527748ms] GC(1476) Using 10 workers of 10 for evacuation
[2023-12-20T08:32:57.333-0800][54527779ms] GC(1476)   Pre Evacuate Collection Set: 0.0ms
[2023-12-20T08:32:57.334-0800][54527779ms] GC(1476)   Evacuate Collection Set: 28.0ms
[2023-12-20T08:32:57.334-0800][54527779ms] GC(1476)   Post Evacuate Collection Set: 2.4ms
[2023-12-20T08:32:57.334-0800][54527779ms] GC(1476)   Other: 0.4ms
[2023-12-20T08:32:57.334-0800][54527779ms] GC(1476) Eden regions: 753->0(754)
[2023-12-20T08:32:57.334-0800][54527779ms] GC(1476) Survivor regions: 30->29(98)
[2023-12-20T08:32:57.334-0800][54527779ms] GC(1476) Old regions: 168->168
[2023-12-20T08:32:57.334-0800][54527779ms] GC(1476) Humongous regions: 5->5
[2023-12-20T08:32:57.334-0800][54527779ms] GC(1476) Metaspace: 256386K->256386K(1294336K)
[2023-12-20T08:32:57.334-0800][54527779ms] GC(1476) Pause Young (Normal) (G1 Evacuation Pause) 1909M->403M(2612M) 31.023ms
[2023-12-20T08:32:57.334-0800][54527779ms] GC(1476) User=0.13s Sys=0.02s Real=0.03s
[2023-12-20T08:32:58.126-0800][54528571ms] GC(1477) Pause Young (Normal) (G1 Evacuation Pause)
[2023-12-20T08:32:58.126-0800][54528571ms] GC(1477) Using 10 workers of 10 for evacuation
[2023-12-20T08:32:58.158-0800][54528603ms] GC(1477)   Pre Evacuate Collection Set: 0.0ms
[2023-12-20T08:32:58.158-0800][54528603ms] GC(1477)   Evacuate Collection Set: 28.5ms
[2023-12-20T08:32:58.158-0800][54528603ms] GC(1477)   Post Evacuate Collection Set: 2.7ms
[2023-12-20T08:32:58.158-0800][54528603ms] GC(1477)   Other: 0.4ms
[2023-12-20T08:32:58.158-0800][54528603ms] GC(1477) Eden regions: 754->0(754)
[2023-12-20T08:32:58.158-0800][54528603ms] GC(1477) Survivor regions: 29->29(98)
[2023-12-20T08:32:58.158-0800][54528603ms] GC(1477) Old regions: 168->168
[2023-12-20T08:32:58.158-0800][54528603ms] GC(1477) Humongous regions: 5->5
[2023-12-20T08:32:58.158-0800][54528603ms] GC(1477) Metaspace: 256386K->256386K(1294336K)
[2023-12-20T08:32:58.158-0800][54528603ms] GC(1477) Pause Young (Normal) (G1 Evacuation Pause) 1911M->403M(2612M) 31.741ms
[2023-12-20T08:32:58.158-0800][54528603ms] GC(1477) User=0.16s Sys=0.00s Real=0.03s
[2023-12-20T08:32:58.961-0800][54529406ms] GC(1478) Pause Young (Normal) (GCLocker Initiated GC)
[2023-12-20T08:32:58.961-0800][54529406ms] GC(1478) Using 10 workers of 10 for evacuation
[2023-12-20T08:32:58.989-0800][54529434ms] GC(1478)   Pre Evacuate Collection Set: 0.0ms
[2023-12-20T08:32:58.989-0800][54529434ms] GC(1478)   Evacuate Collection Set: 26.5ms
[2023-12-20T08:32:58.989-0800][54529434ms] GC(1478)   Post Evacuate Collection Set: 2.5ms
[2023-12-20T08:32:58.989-0800][54529434ms] GC(1478)   Other: 0.4ms
[2023-12-20T08:32:58.989-0800][54529434ms] GC(1478) Eden regions: 755->0(753)
[2023-12-20T08:32:58.989-0800][54529434ms] GC(1478) Survivor regions: 29->30(98)
[2023-12-20T08:32:58.989-0800][54529434ms] GC(1478) Old regions: 168->168
[2023-12-20T08:32:58.989-0800][54529434ms] GC(1478) Humongous regions: 5->5
[2023-12-20T08:32:58.989-0800][54529434ms] GC(1478) Metaspace: 256386K->256386K(1294336K)
[2023-12-20T08:32:58.989-0800][54529434ms] GC(1478) Pause Young (Normal) (GCLocker Initiated GC) 1912M->405M(2612M) 29.528ms
[2023-12-20T08:32:58.989-0800][54529434ms] GC(1478) User=0.08s Sys=0.00s Real=0.03s
[2023-12-20T08:32:59.859-0800][54530304ms] GC(1479) Pause Young (Normal) (G1 Evacuation Pause)
[2023-12-20T08:32:59.859-0800][54530304ms] GC(1479) Using 10 workers of 10 for evacuation
[2023-12-20T08:32:59.888-0800][54530333ms] GC(1479)   Pre Evacuate Collection Set: 0.0ms
[2023-12-20T08:32:59.888-0800][54530333ms] GC(1479)   Evacuate Collection Set: 27.0ms
[2023-12-20T08:32:59.888-0800][54530333ms] GC(1479)   Post Evacuate Collection Set: 2.4ms
[2023-12-20T08:32:59.888-0800][54530333ms] GC(1479)   Other: 0.4ms
[2023-12-20T08:32:59.888-0800][54530333ms] GC(1479) Eden regions: 753->0(753)
[2023-12-20T08:32:59.888-0800][54530333ms] GC(1479) Survivor regions: 30->30(98)
[2023-12-20T08:32:59.888-0800][54530333ms] GC(1479) Old regions: 168->168
[2023-12-20T08:32:59.888-0800][54530333ms] GC(1479) Humongous regions: 5->5
[2023-12-20T08:32:59.888-0800][54530333ms] GC(1479) Metaspace: 256386K->256386K(1294336K)
[2023-12-20T08:32:59.888-0800][54530333ms] GC(1479) Pause Young (Normal) (G1 Evacuation Pause) 1911M->405M(2612M) 29.842ms
[2023-12-20T08:32:59.888-0800][54530333ms] GC(1479) User=0.13s Sys=0.00s Real=0.03s
[2023-12-20T08:33:00.723-0800][54531168ms] GC(1480) Pause Young (Normal) (G1 Evacuation Pause)
[2023-12-20T08:33:00.723-0800][54531168ms] GC(1480) Using 10 workers of 10 for evacuation
[2023-12-20T08:33:00.754-0800][54531199ms] GC(1480)   Pre Evacuate Collection Set: 0.0ms
[2023-12-20T08:33:00.754-0800][54531199ms] GC(1480)   Evacuate Collection Set: 28.5ms
[2023-12-20T08:33:00.754-0800][54531199ms] GC(1480)   Post Evacuate Collection Set: 2.6ms
[2023-12-20T08:33:00.754-0800][54531199ms] GC(1480)   Other: 0.4ms
[2023-12-20T08:33:00.754-0800][54531199ms] GC(1480) Eden regions: 753->0(753)
[2023-12-20T08:33:00.754-0800][54531199ms] GC(1480) Survivor regions: 30->30(98)
[2023-12-20T08:33:00.754-0800][54531199ms] GC(1480) Old regions: 168->168
[2023-12-20T08:33:00.754-0800][54531199ms] GC(1480) Humongous regions: 5->5
[2023-12-20T08:33:00.754-0800][54531199ms] GC(1480) Metaspace: 256386K->256386K(1294336K)
[2023-12-20T08:33:00.754-0800][54531199ms] GC(1480) Pause Young (Normal) (G1 Evacuation Pause) 1911M->404M(2612M) 31.614ms
[2023-12-20T08:33:00.754-0800][54531199ms] GC(1480) User=0.16s Sys=0.00s Real=0.03s
[2023-12-20T08:33:01.603-0800][54532048ms] GC(1481) Pause Young (Normal) (G1 Evacuation Pause)
[2023-12-20T08:33:01.603-0800][54532048ms] GC(1481) Using 10 workers of 10 for evacuation
[2023-12-20T08:33:01.633-0800][54532078ms] GC(1481)   Pre Evacuate Collection Set: 0.0ms
[2023-12-20T08:33:01.633-0800][54532078ms] GC(1481)   Evacuate Collection Set: 27.0ms
[2023-12-20T08:33:01.633-0800][54532078ms] GC(1481)   Post Evacuate Collection Set: 2.6ms
[2023-12-20T08:33:01.633-0800][54532078ms] GC(1481)   Other: 0.4ms
[2023-12-20T08:33:01.633-0800][54532078ms] GC(1481) Eden regions: 753->0(752)
[2023-12-20T08:33:01.633-0800][54532078ms] GC(1481) Survivor regions: 30->31(98)
[2023-12-20T08:33:01.633-0800][54532078ms] GC(1481) Old regions: 168->168
[2023-12-20T08:33:01.633-0800][54532078ms] GC(1481) Humongous regions: 5->5
[2023-12-20T08:33:01.633-0800][54532078ms] GC(1481) Metaspace: 256386K->256386K(1294336K)
[2023-12-20T08:33:01.633-0800][54532078ms] GC(1481) Pause Young (Normal) (G1 Evacuation Pause) 1910M->406M(2612M) 30.204ms
[2023-12-20T08:33:01.633-0800][54532078ms] GC(1481) User=0.08s Sys=0.00s Real=0.03s
[2023-12-20T08:33:02.390-0800][54532835ms] GC(1482) Pause Young (Normal) (G1 Evacuation Pause)
[2023-12-20T08:33:02.390-0800][54532835ms] GC(1482) Using 10 workers of 10 for evacuation
[2023-12-20T08:33:02.420-0800][54532865ms] GC(1482)   Pre Evacuate Collection Set: 0.0ms
[2023-12-20T08:33:02.420-0800][54532865ms] GC(1482)   Evacuate Collection Set: 27.4ms
[2023-12-20T08:33:02.420-0800][54532865ms] GC(1482)   Post Evacuate Collection Set: 2.5ms
[2023-12-20T08:33:02.420-0800][54532865ms] GC(1482)   Other: 0.4ms
[2023-12-20T08:33:02.420-0800][54532865ms] GC(1482) Eden regions: 752->0(752)
[2023-12-20T08:33:02.420-0800][54532865ms] GC(1482) Survivor regions: 31->31(98)
[2023-12-20T08:33:02.420-0800][54532865ms] GC(1482) Old regions: 168->168
[2023-12-20T08:33:02.420-0800][54532865ms] GC(1482) Humongous regions: 5->5
[2023-12-20T08:33:02.420-0800][54532865ms] GC(1482) Metaspace: 256386K->256386K(1294336K)
[2023-12-20T08:33:02.420-0800][54532865ms] GC(1482) Pause Young (Normal) (G1 Evacuation Pause) 1910M->406M(2612M) 30.443ms
[2023-12-20T08:33:02.420-0800][54532865ms] GC(1482) User=0.11s Sys=0.00s Real=0.03s
[2023-12-20T08:33:03.243-0800][54533688ms] GC(1483) Pause Young (Normal) (G1 Evacuation Pause)
[2023-12-20T08:33:03.243-0800][54533688ms] GC(1483) Using 10 workers of 10 for evacuation
[2023-12-20T08:33:03.274-0800][54533719ms] GC(1483)   Pre Evacuate Collection Set: 0.0ms
[2023-12-20T08:33:03.274-0800][54533719ms] GC(1483)   Evacuate Collection Set: 28.5ms
[2023-12-20T08:33:03.274-0800][54533719ms] GC(1483)   Post Evacuate Collection Set: 2.5ms
[2023-12-20T08:33:03.274-0800][54533719ms] GC(1483)   Other: 0.4ms
[2023-12-20T08:33:03.274-0800][54533719ms] GC(1483) Eden regions: 752->0(752)
[2023-12-20T08:33:03.274-0800][54533719ms] GC(1483) Survivor regions: 31->31(98)
[2023-12-20T08:33:03.274-0800][54533719ms] GC(1483) Old regions: 168->168
[2023-12-20T08:33:03.274-0800][54533719ms] GC(1483) Humongous regions: 5->5
[2023-12-20T08:33:03.274-0800][54533719ms] GC(1483) Metaspace: 256386K->256386K(1294336K)
[2023-12-20T08:33:03.274-0800][54533719ms] GC(1483) Pause Young (Normal) (G1 Evacuation Pause) 1910M->406M(2612M) 31.580ms
[2023-12-20T08:33:03.274-0800][54533719ms] GC(1483) User=0.13s Sys=0.00s Real=0.03s
[2023-12-20T08:33:04.156-0800][54534601ms] GC(1484) Pause Young (Normal) (G1 Evacuation Pause)
[2023-12-20T08:33:04.156-0800][54534601ms] GC(1484) Using 10 workers of 10 for evacuation
[2023-12-20T08:33:04.188-0800][54534633ms] GC(1484)   Pre Evacuate Collection Set: 0.0ms
[2023-12-20T08:33:04.188-0800][54534633ms] GC(1484)   Evacuate Collection Set: 28.9ms
[2023-12-20T08:33:04.188-0800][54534633ms] GC(1484)   Post Evacuate Collection Set: 2.5ms
[2023-12-20T08:33:04.188-0800][54534633ms] GC(1484)   Other: 0.4ms
[2023-12-20T08:33:04.188-0800][54534633ms] GC(1484) Eden regions: 752->0(753)
[2023-12-20T08:33:04.188-0800][54534633ms] GC(1484) Survivor regions: 31->30(98)
[2023-12-20T08:33:04.188-0800][54534633ms] GC(1484) Old regions: 168->168
[2023-12-20T08:33:04.188-0800][54534633ms] GC(1484) Humongous regions: 5->5
[2023-12-20T08:33:04.188-0800][54534633ms] GC(1484) Metaspace: 256386K->256386K(1294336K)
[2023-12-20T08:33:04.188-0800][54534633ms] GC(1484) Pause Young (Normal) (G1 Evacuation Pause) 1910M->405M(2612M) 31.955ms
[2023-12-20T08:33:04.188-0800][54534633ms] GC(1484) User=0.14s Sys=0.00s Real=0.03s
[2023-12-20T08:33:04.858-0800][54535303ms] GC(1485) Pause Young (Normal) (G1 Evacuation Pause)
[2023-12-20T08:33:04.858-0800][54535303ms] GC(1485) Using 10 workers of 10 for evacuation
[2023-12-20T08:33:04.887-0800][54535332ms] GC(1485)   Pre Evacuate Collection Set: 0.0ms
[2023-12-20T08:33:04.887-0800][54535332ms] GC(1485)   Evacuate Collection Set: 26.6ms
[2023-12-20T08:33:04.887-0800][54535332ms] GC(1485)   Post Evacuate Collection Set: 2.4ms
[2023-12-20T08:33:04.887-0800][54535332ms] GC(1485)   Other: 0.4ms
[2023-12-20T08:33:04.887-0800][54535332ms] GC(1485) Eden regions: 753->0(752)
[2023-12-20T08:33:04.887-0800][54535332ms] GC(1485) Survivor regions: 30->31(98)
[2023-12-20T08:33:04.887-0800][54535332ms] GC(1485) Old regions: 168->168
[2023-12-20T08:33:04.887-0800][54535332ms] GC(1485) Humongous regions: 5->5
[2023-12-20T08:33:04.887-0800][54535332ms] GC(1485) Metaspace: 256387K->256387K(1294336K)
[2023-12-20T08:33:04.887-0800][54535332ms] GC(1485) Pause Young (Normal) (G1 Evacuation Pause) 1911M->406M(2612M) 29.524ms
[2023-12-20T08:33:04.887-0800][54535332ms] GC(1485) User=0.13s Sys=0.00s Real=0.03s
[2023-12-20T08:33:05.496-0800][54535941ms] GC(1486) Pause Young (Normal) (G1 Evacuation Pause)
[2023-12-20T08:33:05.496-0800][54535941ms] GC(1486) Using 10 workers of 10 for evacuation
[2023-12-20T08:33:05.526-0800][54535971ms] GC(1486)   Pre Evacuate Collection Set: 0.0ms
[2023-12-20T08:33:05.526-0800][54535971ms] GC(1486)   Evacuate Collection Set: 27.4ms
[2023-12-20T08:33:05.526-0800][54535971ms] GC(1486)   Post Evacuate Collection Set: 2.7ms
[2023-12-20T08:33:05.526-0800][54535971ms] GC(1486)   Other: 0.4ms
[2023-12-20T08:33:05.526-0800][54535971ms] GC(1486) Eden regions: 752->0(752)
[2023-12-20T08:33:05.526-0800][54535971ms] GC(1486) Survivor regions: 31->31(98)
[2023-12-20T08:33:05.526-0800][54535971ms] GC(1486) Old regions: 168->168
[2023-12-20T08:33:05.526-0800][54535971ms] GC(1486) Humongous regions: 5->5
[2023-12-20T08:33:05.526-0800][54535971ms] GC(1486) Metaspace: 256387K->256387K(1294336K)
[2023-12-20T08:33:05.526-0800][54535971ms] GC(1486) Pause Young (Normal) (G1 Evacuation Pause) 1910M->406M(2612M) 30.543ms
[2023-12-20T08:33:05.526-0800][54535971ms] GC(1486) User=0.13s Sys=0.00s Real=0.03s
[2023-12-20T08:33:06.082-0800][54536527ms] GC(1487) Pause Young (Normal) (G1 Evacuation Pause)
[2023-12-20T08:33:06.082-0800][54536527ms] GC(1487) Using 10 workers of 10 for evacuation
[2023-12-20T08:33:06.112-0800][54536557ms] GC(1487)   Pre Evacuate Collection Set: 0.0ms
[2023-12-20T08:33:06.112-0800][54536557ms] GC(1487)   Evacuate Collection Set: 26.9ms
[2023-12-20T08:33:06.112-0800][54536557ms] GC(1487)   Post Evacuate Collection Set: 2.5ms
[2023-12-20T08:33:06.112-0800][54536557ms] GC(1487)   Other: 0.4ms
[2023-12-20T08:33:06.112-0800][54536557ms] GC(1487) Eden regions: 752->0(753)
[2023-12-20T08:33:06.112-0800][54536557ms] GC(1487) Survivor regions: 31->30(98)
[2023-12-20T08:33:06.112-0800][54536557ms] GC(1487) Old regions: 168->168
[2023-12-20T08:33:06.112-0800][54536557ms] GC(1487) Humongous regions: 5->5
[2023-12-20T08:33:06.112-0800][54536557ms] GC(1487) Metaspace: 256387K->256387K(1294336K)
[2023-12-20T08:33:06.112-0800][54536557ms] GC(1487) Pause Young (Normal) (G1 Evacuation Pause) 1910M->405M(2612M) 29.986ms
[2023-12-20T08:33:06.113-0800][54536558ms] GC(1487) User=0.05s Sys=0.00s Real=0.03s
[2023-12-20T08:33:06.732-0800][54537177ms] GC(1488) Pause Young (Normal) (G1 Evacuation Pause)
[2023-12-20T08:33:06.732-0800][54537177ms] GC(1488) Using 10 workers of 10 for evacuation
[2023-12-20T08:33:06.761-0800][54537206ms] GC(1488)   Pre Evacuate Collection Set: 0.0ms
[2023-12-20T08:33:06.761-0800][54537206ms] GC(1488)   Evacuate Collection Set: 26.4ms
[2023-12-20T08:33:06.761-0800][54537206ms] GC(1488)   Post Evacuate Collection Set: 2.5ms
[2023-12-20T08:33:06.761-0800][54537206ms] GC(1488)   Other: 0.4ms
[2023-12-20T08:33:06.761-0800][54537206ms] GC(1488) Eden regions: 753->0(753)
[2023-12-20T08:33:06.761-0800][54537206ms] GC(1488) Survivor regions: 30->30(98)
[2023-12-20T08:33:06.761-0800][54537206ms] GC(1488) Old regions: 168->168
[2023-12-20T08:33:06.761-0800][54537206ms] GC(1488) Humongous regions: 5->5
[2023-12-20T08:33:06.761-0800][54537206ms] GC(1488) Metaspace: 256387K->256387K(1294336K)
[2023-12-20T08:33:06.761-0800][54537206ms] GC(1488) Pause Young (Normal) (G1 Evacuation Pause) 1911M->405M(2612M) 29.487ms
[2023-12-20T08:33:06.761-0800][54537206ms] GC(1488) User=0.08s Sys=0.00s Real=0.03s
[2023-12-20T08:33:07.442-0800][54537887ms] GC(1489) Pause Young (Normal) (G1 Evacuation Pause)
[2023-12-20T08:33:07.442-0800][54537887ms] GC(1489) Using 10 workers of 10 for evacuation
[2023-12-20T08:33:07.472-0800][54537917ms] GC(1489)   Pre Evacuate Collection Set: 0.0ms
[2023-12-20T08:33:07.472-0800][54537917ms] GC(1489)   Evacuate Collection Set: 26.4ms
[2023-12-20T08:33:07.472-0800][54537917ms] GC(1489)   Post Evacuate Collection Set: 2.4ms
[2023-12-20T08:33:07.472-0800][54537917ms] GC(1489)   Other: 0.4ms
[2023-12-20T08:33:07.472-0800][54537917ms] GC(1489) Eden regions: 753->0(753)
[2023-12-20T08:33:07.472-0800][54537917ms] GC(1489) Survivor regions: 30->30(98)
[2023-12-20T08:33:07.472-0800][54537917ms] GC(1489) Old regions: 168->168
[2023-12-20T08:33:07.472-0800][54537917ms] GC(1489) Humongous regions: 5->5
[2023-12-20T08:33:07.472-0800][54537917ms] GC(1489) Metaspace: 256387K->256387K(1294336K)
[2023-12-20T08:33:07.472-0800][54537917ms] GC(1489) Pause Young (Normal) (G1 Evacuation Pause) 1911M->405M(2612M) 29.290ms
[2023-12-20T08:33:07.472-0800][54537917ms] GC(1489) User=0.14s Sys=0.00s Real=0.03s
[2023-12-20T08:33:08.103-0800][54538548ms] GC(1490) Pause Young (Normal) (G1 Evacuation Pause)
[2023-12-20T08:33:08.103-0800][54538548ms] GC(1490) Using 10 workers of 10 for evacuation
[2023-12-20T08:33:08.132-0800][54538577ms] GC(1490)   Pre Evacuate Collection Set: 0.0ms
[2023-12-20T08:33:08.132-0800][54538577ms] GC(1490)   Evacuate Collection Set: 26.5ms
[2023-12-20T08:33:08.132-0800][54538577ms] GC(1490)   Post Evacuate Collection Set: 2.5ms
[2023-12-20T08:33:08.132-0800][54538577ms] GC(1490)   Other: 0.4ms
[2023-12-20T08:33:08.132-0800][54538577ms] GC(1490) Eden regions: 753->0(753)
[2023-12-20T08:33:08.132-0800][54538577ms] GC(1490) Survivor regions: 30->30(98)
[2023-12-20T08:33:08.132-0800][54538577ms] GC(1490) Old regions: 168->168
[2023-12-20T08:33:08.132-0800][54538577ms] GC(1490) Humongous regions: 5->5
[2023-12-20T08:33:08.132-0800][54538577ms] GC(1490) Metaspace: 256387K->256387K(1294336K)
[2023-12-20T08:33:08.132-0800][54538577ms] GC(1490) Pause Young (Normal) (G1 Evacuation Pause) 1911M->405M(2612M) 29.461ms
[2023-12-20T08:33:08.132-0800][54538577ms] GC(1490) User=0.16s Sys=0.00s Real=0.03s
[2023-12-20T08:33:08.789-0800][54539234ms] GC(1491) Pause Young (Normal) (G1 Evacuation Pause)
[2023-12-20T08:33:08.789-0800][54539234ms] GC(1491) Using 10 workers of 10 for evacuation
[2023-12-20T08:33:08.818-0800][54539263ms] GC(1491)   Pre Evacuate Collection Set: 0.0ms
[2023-12-20T08:33:08.818-0800][54539263ms] GC(1491)   Evacuate Collection Set: 26.4ms
[2023-12-20T08:33:08.818-0800][54539263ms] GC(1491)   Post Evacuate Collection Set: 2.6ms
[2023-12-20T08:33:08.818-0800][54539263ms] GC(1491)   Other: 0.4ms
[2023-12-20T08:33:08.818-0800][54539263ms] GC(1491) Eden regions: 753->0(753)
[2023-12-20T08:33:08.818-0800][54539263ms] GC(1491) Survivor regions: 30->30(98)
[2023-12-20T08:33:08.818-0800][54539263ms] GC(1491) Old regions: 168->168
[2023-12-20T08:33:08.818-0800][54539263ms] GC(1491) Humongous regions: 5->5
[2023-12-20T08:33:08.818-0800][54539263ms] GC(1491) Metaspace: 256387K->256387K(1294336K)
[2023-12-20T08:33:08.818-0800][54539263ms] GC(1491) Pause Young (Normal) (G1 Evacuation Pause) 1911M->405M(2612M) 29.492ms
[2023-12-20T08:33:08.818-0800][54539263ms] GC(1491) User=0.08s Sys=0.00s Real=0.03s
[2023-12-20T08:33:09.476-0800][54539921ms] GC(1492) Pause Young (Normal) (G1 Evacuation Pause)
[2023-12-20T08:33:09.476-0800][54539921ms] GC(1492) Using 10 workers of 10 for evacuation
[2023-12-20T08:33:09.506-0800][54539951ms] GC(1492)   Pre Evacuate Collection Set: 0.0ms
[2023-12-20T08:33:09.506-0800][54539951ms] GC(1492)   Evacuate Collection Set: 27.3ms
[2023-12-20T08:33:09.506-0800][54539951ms] GC(1492)   Post Evacuate Collection Set: 2.5ms
[2023-12-20T08:33:09.506-0800][54539951ms] GC(1492)   Other: 0.4ms
[2023-12-20T08:33:09.506-0800][54539951ms] GC(1492) Eden regions: 753->0(752)
[2023-12-20T08:33:09.506-0800][54539951ms] GC(1492) Survivor regions: 30->31(98)
[2023-12-20T08:33:09.506-0800][54539951ms] GC(1492) Old regions: 168->168
[2023-12-20T08:33:09.506-0800][54539951ms] GC(1492) Humongous regions: 5->5
[2023-12-20T08:33:09.506-0800][54539951ms] GC(1492) Metaspace: 256387K->256387K(1294336K)
[2023-12-20T08:33:09.506-0800][54539951ms] GC(1492) Pause Young (Normal) (G1 Evacuation Pause) 1911M->406M(2612M) 30.288ms
[2023-12-20T08:33:09.506-0800][54539951ms] GC(1492) User=0.08s Sys=0.00s Real=0.03s
[2023-12-20T08:33:10.199-0800][54540644ms] GC(1493) Pause Young (Normal) (G1 Evacuation Pause)
[2023-12-20T08:33:10.199-0800][54540644ms] GC(1493) Using 10 workers of 10 for evacuation
[2023-12-20T08:33:10.229-0800][54540674ms] GC(1493)   Pre Evacuate Collection Set: 0.0ms
[2023-12-20T08:33:10.229-0800][54540674ms] GC(1493)   Evacuate Collection Set: 27.0ms
[2023-12-20T08:33:10.229-0800][54540674ms] GC(1493)   Post Evacuate Collection Set: 2.5ms
[2023-12-20T08:33:10.229-0800][54540674ms] GC(1493)   Other: 0.4ms
[2023-12-20T08:33:10.229-0800][54540674ms] GC(1493) Eden regions: 752->0(753)
[2023-12-20T08:33:10.229-0800][54540674ms] GC(1493) Survivor regions: 31->30(98)
[2023-12-20T08:33:10.229-0800][54540674ms] GC(1493) Old regions: 168->168
[2023-12-20T08:33:10.229-0800][54540674ms] GC(1493) Humongous regions: 5->5
[2023-12-20T08:33:10.229-0800][54540674ms] GC(1493) Metaspace: 256387K->256387K(1294336K)
[2023-12-20T08:33:10.229-0800][54540674ms] GC(1493) Pause Young (Normal) (G1 Evacuation Pause) 1910M->405M(2612M) 30.083ms
[2023-12-20T08:33:10.229-0800][54540674ms] GC(1493) User=0.11s Sys=0.00s Real=0.03s
[2023-12-20T08:33:10.958-0800][54541403ms] GC(1494) Pause Young (Normal) (G1 Evacuation Pause)
[2023-12-20T08:33:10.958-0800][54541403ms] GC(1494) Using 10 workers of 10 for evacuation
[2023-12-20T08:33:10.987-0800][54541432ms] GC(1494)   Pre Evacuate Collection Set: 0.0ms
[2023-12-20T08:33:10.987-0800][54541432ms] GC(1494)   Evacuate Collection Set: 26.7ms
[2023-12-20T08:33:10.987-0800][54541432ms] GC(1494)   Post Evacuate Collection Set: 2.4ms
[2023-12-20T08:33:10.987-0800][54541432ms] GC(1494)   Other: 0.4ms
[2023-12-20T08:33:10.987-0800][54541432ms] GC(1494) Eden regions: 753->0(752)
[2023-12-20T08:33:10.987-0800][54541432ms] GC(1494) Survivor regions: 30->31(98)
[2023-12-20T08:33:10.987-0800][54541432ms] GC(1494) Old regions: 168->168
[2023-12-20T08:33:10.987-0800][54541432ms] GC(1494) Humongous regions: 5->5
[2023-12-20T08:33:10.987-0800][54541432ms] GC(1494) Metaspace: 256387K->256387K(1294336K)
[2023-12-20T08:33:10.987-0800][54541432ms] GC(1494) Pause Young (Normal) (G1 Evacuation Pause) 1911M->406M(2612M) 29.688ms
[2023-12-20T08:33:10.987-0800][54541432ms] GC(1494) User=0.08s Sys=0.00s Real=0.03s
[2023-12-20T08:33:11.680-0800][54542125ms] GC(1495) Pause Young (Normal) (G1 Evacuation Pause)
[2023-12-20T08:33:11.680-0800][54542125ms] GC(1495) Using 10 workers of 10 for evacuation
[2023-12-20T08:33:11.709-0800][54542154ms] GC(1495)   Pre Evacuate Collection Set: 0.1ms
[2023-12-20T08:33:11.709-0800][54542154ms] GC(1495)   Evacuate Collection Set: 26.5ms
[2023-12-20T08:33:11.709-0800][54542154ms] GC(1495)   Post Evacuate Collection Set: 2.5ms
[2023-12-20T08:33:11.709-0800][54542154ms] GC(1495)   Other: 0.4ms
[2023-12-20T08:33:11.709-0800][54542154ms] GC(1495) Eden regions: 752->0(752)
[2023-12-20T08:33:11.709-0800][54542154ms] GC(1495) Survivor regions: 31->31(98)
[2023-12-20T08:33:11.709-0800][54542154ms] GC(1495) Old regions: 168->168
[2023-12-20T08:33:11.709-0800][54542154ms] GC(1495) Humongous regions: 5->5
[2023-12-20T08:33:11.709-0800][54542154ms] GC(1495) Metaspace: 256387K->256387K(1294336K)
[2023-12-20T08:33:11.709-0800][54542154ms] GC(1495) Pause Young (Normal) (G1 Evacuation Pause) 1910M->407M(2612M) 29.638ms
[2023-12-20T08:33:11.709-0800][54542154ms] GC(1495) User=0.05s Sys=0.00s Real=0.03s
[2023-12-20T08:33:12.381-0800][54542827ms] GC(1496) Pause Young (Normal) (G1 Evacuation Pause)
[2023-12-20T08:33:12.382-0800][54542827ms] GC(1496) Using 10 workers of 10 for evacuation
[2023-12-20T08:33:12.409-0800][54542854ms] GC(1496)   Pre Evacuate Collection Set: 0.0ms
[2023-12-20T08:33:12.409-0800][54542854ms] GC(1496)   Evacuate Collection Set: 25.7ms
[2023-12-20T08:33:12.409-0800][54542854ms] GC(1496)   Post Evacuate Collection Set: 2.3ms
[2023-12-20T08:33:12.409-0800][54542854ms] GC(1496)   Other: 0.4ms
[2023-12-20T08:33:12.409-0800][54542854ms] GC(1496) Eden regions: 752->0(753)
[2023-12-20T08:33:12.409-0800][54542854ms] GC(1496) Survivor regions: 31->30(98)
[2023-12-20T08:33:12.409-0800][54542854ms] GC(1496) Old regions: 168->168
[2023-12-20T08:33:12.409-0800][54542854ms] GC(1496) Humongous regions: 5->5
[2023-12-20T08:33:12.409-0800][54542854ms] GC(1496) Metaspace: 256387K->256387K(1294336K)
[2023-12-20T08:33:12.409-0800][54542854ms] GC(1496) Pause Young (Normal) (G1 Evacuation Pause) 1911M->405M(2612M) 28.557ms
[2023-12-20T08:33:12.409-0800][54542854ms] GC(1496) User=0.09s Sys=0.00s Real=0.03s
[2023-12-20T08:33:13.029-0800][54543474ms] GC(1497) Pause Young (Normal) (G1 Evacuation Pause)
[2023-12-20T08:33:13.029-0800][54543474ms] GC(1497) Using 10 workers of 10 for evacuation
[2023-12-20T08:33:13.058-0800][54543503ms] GC(1497)   Pre Evacuate Collection Set: 0.0ms
[2023-12-20T08:33:13.058-0800][54543503ms] GC(1497)   Evacuate Collection Set: 26.9ms
[2023-12-20T08:33:13.058-0800][54543503ms] GC(1497)   Post Evacuate Collection Set: 2.5ms
[2023-12-20T08:33:13.058-0800][54543503ms] GC(1497)   Other: 0.4ms
[2023-12-20T08:33:13.058-0800][54543503ms] GC(1497) Eden regions: 753->0(753)
[2023-12-20T08:33:13.058-0800][54543503ms] GC(1497) Survivor regions: 30->30(98)
[2023-12-20T08:33:13.058-0800][54543503ms] GC(1497) Old regions: 168->168
[2023-12-20T08:33:13.058-0800][54543503ms] GC(1497) Humongous regions: 5->5
[2023-12-20T08:33:13.058-0800][54543503ms] GC(1497) Metaspace: 256387K->256387K(1294336K)
[2023-12-20T08:33:13.058-0800][54543503ms] GC(1497) Pause Young (Normal) (G1 Evacuation Pause) 1911M->405M(2612M) 29.982ms
[2023-12-20T08:33:13.058-0800][54543503ms] GC(1497) User=0.14s Sys=0.00s Real=0.03s
[2023-12-20T08:33:13.682-0800][54544127ms] GC(1498) Pause Young (Normal) (G1 Evacuation Pause)
[2023-12-20T08:33:13.682-0800][54544127ms] GC(1498) Using 10 workers of 10 for evacuation
[2023-12-20T08:33:13.711-0800][54544156ms] GC(1498)   Pre Evacuate Collection Set: 0.0ms
[2023-12-20T08:33:13.711-0800][54544156ms] GC(1498)   Evacuate Collection Set: 25.9ms
[2023-12-20T08:33:13.711-0800][54544156ms] GC(1498)   Post Evacuate Collection Set: 2.5ms
[2023-12-20T08:33:13.711-0800][54544156ms] GC(1498)   Other: 0.4ms
[2023-12-20T08:33:13.711-0800][54544156ms] GC(1498) Eden regions: 753->0(753)
[2023-12-20T08:33:13.711-0800][54544156ms] GC(1498) Survivor regions: 30->30(98)
[2023-12-20T08:33:13.711-0800][54544156ms] GC(1498) Old regions: 168->168
[2023-12-20T08:33:13.711-0800][54544156ms] GC(1498) Humongous regions: 5->5
[2023-12-20T08:33:13.711-0800][54544156ms] GC(1498) Metaspace: 256387K->256387K(1294336K)
[2023-12-20T08:33:13.711-0800][54544156ms] GC(1498) Pause Young (Normal) (G1 Evacuation Pause) 1911M->405M(2612M) 28.930ms
[2023-12-20T08:33:13.711-0800][54544156ms] GC(1498) User=0.09s Sys=0.00s Real=0.03s
[2023-12-20T08:33:14.253-0800][54544698ms] GC(1499) Pause Young (Normal) (G1 Evacuation Pause)
[2023-12-20T08:33:14.253-0800][54544698ms] GC(1499) Using 10 workers of 10 for evacuation
[2023-12-20T08:33:14.282-0800][54544727ms] GC(1499)   Pre Evacuate Collection Set: 0.0ms
[2023-12-20T08:33:14.282-0800][54544727ms] GC(1499)   Evacuate Collection Set: 27.2ms
[2023-12-20T08:33:14.282-0800][54544727ms] GC(1499)   Post Evacuate Collection Set: 2.9ms
[2023-12-20T08:33:14.282-0800][54544727ms] GC(1499)   Other: 0.4ms
[2023-12-20T08:33:14.282-0800][54544727ms] GC(1499) Eden regions: 753->0(753)
[2023-12-20T08:33:14.282-0800][54544727ms] GC(1499) Survivor regions: 30->30(98)
[2023-12-20T08:33:14.282-0800][54544727ms] GC(1499) Old regions: 168->168
[2023-12-20T08:33:14.282-0800][54544727ms] GC(1499) Humongous regions: 5->5
[2023-12-20T08:33:14.282-0800][54544727ms] GC(1499) Metaspace: 256387K->256387K(1294336K)
[2023-12-20T08:33:14.282-0800][54544727ms] GC(1499) Pause Young (Normal) (G1 Evacuation Pause) 1911M->405M(2612M) 30.611ms
[2023-12-20T08:33:14.283-0800][54544728ms] GC(1499) User=0.11s Sys=0.00s Real=0.03s
[2023-12-20T08:33:14.789-0800][54545234ms] GC(1500) Pause Young (Normal) (G1 Evacuation Pause)
[2023-12-20T08:33:14.789-0800][54545234ms] GC(1500) Using 10 workers of 10 for evacuation
[2023-12-20T08:33:14.816-0800][54545261ms] GC(1500)   Pre Evacuate Collection Set: 0.0ms
[2023-12-20T08:33:14.816-0800][54545261ms] GC(1500)   Evacuate Collection Set: 24.8ms
[2023-12-20T08:33:14.816-0800][54545261ms] GC(1500)   Post Evacuate Collection Set: 2.8ms
[2023-12-20T08:33:14.816-0800][54545261ms] GC(1500)   Other: 0.4ms
[2023-12-20T08:33:14.816-0800][54545261ms] GC(1500) Eden regions: 753->0(752)
[2023-12-20T08:33:14.816-0800][54545261ms] GC(1500) Survivor regions: 30->31(98)
[2023-12-20T08:33:14.816-0800][54545261ms] GC(1500) Old regions: 168->168
[2023-12-20T08:33:14.816-0800][54545261ms] GC(1500) Humongous regions: 5->5
[2023-12-20T08:33:14.816-0800][54545261ms] GC(1500) Metaspace: 256387K->256387K(1294336K)
[2023-12-20T08:33:14.816-0800][54545261ms] GC(1500) Pause Young (Normal) (G1 Evacuation Pause) 1911M->406M(2612M) 28.111ms
[2023-12-20T08:33:14.816-0800][54545261ms] GC(1500) User=0.05s Sys=0.00s Real=0.03s
[2023-12-20T08:33:15.506-0800][54545952ms] GC(1501) Pause Young (Normal) (G1 Evacuation Pause)
[2023-12-20T08:33:15.507-0800][54545952ms] GC(1501) Using 10 workers of 10 for evacuation
[2023-12-20T08:33:15.537-0800][54545982ms] GC(1501)   Pre Evacuate Collection Set: 0.0ms
[2023-12-20T08:33:15.537-0800][54545982ms] GC(1501)   Evacuate Collection Set: 27.4ms
[2023-12-20T08:33:15.537-0800][54545982ms] GC(1501)   Post Evacuate Collection Set: 2.6ms
[2023-12-20T08:33:15.537-0800][54545982ms] GC(1501)   Other: 0.4ms
[2023-12-20T08:33:15.537-0800][54545982ms] GC(1501) Eden regions: 752->0(753)
[2023-12-20T08:33:15.537-0800][54545982ms] GC(1501) Survivor regions: 31->30(98)
[2023-12-20T08:33:15.537-0800][54545982ms] GC(1501) Old regions: 168->168
[2023-12-20T08:33:15.537-0800][54545982ms] GC(1501) Humongous regions: 5->5
[2023-12-20T08:33:15.537-0800][54545982ms] GC(1501) Metaspace: 256387K->256387K(1294336K)
[2023-12-20T08:33:15.537-0800][54545982ms] GC(1501) Pause Young (Normal) (G1 Evacuation Pause) 1910M->405M(2612M) 30.555ms
[2023-12-20T08:33:15.537-0800][54545982ms] GC(1501) User=0.09s Sys=0.00s Real=0.03s
[2023-12-20T08:33:16.157-0800][54546602ms] GC(1502) Pause Young (Normal) (G1 Evacuation Pause)
[2023-12-20T08:33:16.157-0800][54546602ms] GC(1502) Using 10 workers of 10 for evacuation
[2023-12-20T08:33:16.186-0800][54546631ms] GC(1502)   Pre Evacuate Collection Set: 0.0ms
[2023-12-20T08:33:16.186-0800][54546631ms] GC(1502)   Evacuate Collection Set: 26.5ms
[2023-12-20T08:33:16.186-0800][54546631ms] GC(1502)   Post Evacuate Collection Set: 2.4ms
[2023-12-20T08:33:16.186-0800][54546631ms] GC(1502)   Other: 0.3ms
[2023-12-20T08:33:16.186-0800][54546631ms] GC(1502) Eden regions: 753->0(753)
[2023-12-20T08:33:16.186-0800][54546631ms] GC(1502) Survivor regions: 30->30(98)
[2023-12-20T08:33:16.186-0800][54546631ms] GC(1502) Old regions: 168->168
[2023-12-20T08:33:16.186-0800][54546631ms] GC(1502) Humongous regions: 5->5
[2023-12-20T08:33:16.186-0800][54546631ms] GC(1502) Metaspace: 256387K->256387K(1294336K)
[2023-12-20T08:33:16.186-0800][54546631ms] GC(1502) Pause Young (Normal) (G1 Evacuation Pause) 1911M->405M(2612M) 29.404ms
[2023-12-20T08:33:16.186-0800][54546631ms] GC(1502) User=0.11s Sys=0.00s Real=0.03s
[2023-12-20T08:33:16.832-0800][54547277ms] GC(1503) Pause Young (Normal) (G1 Evacuation Pause)
[2023-12-20T08:33:16.832-0800][54547277ms] GC(1503) Using 10 workers of 10 for evacuation
[2023-12-20T08:33:16.866-0800][54547311ms] GC(1503)   Pre Evacuate Collection Set: 0.0ms
[2023-12-20T08:33:16.866-0800][54547311ms] GC(1503)   Evacuate Collection Set: 30.4ms
[2023-12-20T08:33:16.866-0800][54547311ms] GC(1503)   Post Evacuate Collection Set: 3.0ms
[2023-12-20T08:33:16.866-0800][54547311ms] GC(1503)   Other: 0.4ms
[2023-12-20T08:33:16.866-0800][54547311ms] GC(1503) Eden regions: 753->0(752)
[2023-12-20T08:33:16.866-0800][54547311ms] GC(1503) Survivor regions: 30->31(98)
[2023-12-20T08:33:16.866-0800][54547311ms] GC(1503) Old regions: 168->168
[2023-12-20T08:33:16.866-0800][54547311ms] GC(1503) Humongous regions: 5->5
[2023-12-20T08:33:16.866-0800][54547311ms] GC(1503) Metaspace: 256387K->256387K(1294336K)
[2023-12-20T08:33:16.866-0800][54547311ms] GC(1503) Pause Young (Normal) (G1 Evacuation Pause) 1911M->406M(2612M) 33.950ms
[2023-12-20T08:33:16.866-0800][54547311ms] GC(1503) User=0.11s Sys=0.00s Real=0.03s
[2023-12-20T08:33:17.354-0800][54547799ms] GC(1504) Pause Young (Normal) (G1 Evacuation Pause)
[2023-12-20T08:33:17.354-0800][54547799ms] GC(1504) Using 10 workers of 10 for evacuation
[2023-12-20T08:33:17.381-0800][54547826ms] GC(1504)   Pre Evacuate Collection Set: 0.0ms
[2023-12-20T08:33:17.381-0800][54547826ms] GC(1504)   Evacuate Collection Set: 24.9ms
[2023-12-20T08:33:17.381-0800][54547826ms] GC(1504)   Post Evacuate Collection Set: 2.6ms
[2023-12-20T08:33:17.381-0800][54547826ms] GC(1504)   Other: 0.4ms
[2023-12-20T08:33:17.381-0800][54547826ms] GC(1504) Eden regions: 752->0(753)
[2023-12-20T08:33:17.381-0800][54547826ms] GC(1504) Survivor regions: 31->30(98)
[2023-12-20T08:33:17.381-0800][54547826ms] GC(1504) Old regions: 168->168
[2023-12-20T08:33:17.381-0800][54547826ms] GC(1504) Humongous regions: 5->5
[2023-12-20T08:33:17.381-0800][54547826ms] GC(1504) Metaspace: 256387K->256387K(1294336K)
[2023-12-20T08:33:17.381-0800][54547826ms] GC(1504) Pause Young (Normal) (G1 Evacuation Pause) 1910M->405M(2612M) 27.988ms
[2023-12-20T08:33:17.381-0800][54547826ms] GC(1504) User=0.11s Sys=0.00s Real=0.03s
[2023-12-20T08:33:18.167-0800][54548612ms] GC(1505) Pause Young (Normal) (G1 Evacuation Pause)
[2023-12-20T08:33:18.167-0800][54548612ms] GC(1505) Using 10 workers of 10 for evacuation
[2023-12-20T08:33:18.198-0800][54548643ms] GC(1505)   Pre Evacuate Collection Set: 0.0ms
[2023-12-20T08:33:18.198-0800][54548643ms] GC(1505)   Evacuate Collection Set: 28.9ms
[2023-12-20T08:33:18.198-0800][54548643ms] GC(1505)   Post Evacuate Collection Set: 2.5ms
[2023-12-20T08:33:18.198-0800][54548643ms] GC(1505)   Other: 0.4ms
[2023-12-20T08:33:18.198-0800][54548643ms] GC(1505) Eden regions: 753->0(753)
[2023-12-20T08:33:18.198-0800][54548643ms] GC(1505) Survivor regions: 30->30(98)
[2023-12-20T08:33:18.199-0800][54548644ms] GC(1505) Old regions: 168->168
[2023-12-20T08:33:18.199-0800][54548644ms] GC(1505) Humongous regions: 5->5
[2023-12-20T08:33:18.199-0800][54548644ms] GC(1505) Metaspace: 256387K->256387K(1294336K)
[2023-12-20T08:33:18.199-0800][54548644ms] GC(1505) Pause Young (Normal) (G1 Evacuation Pause) 1911M->405M(2612M) 31.822ms
[2023-12-20T08:33:18.199-0800][54548644ms] GC(1505) User=0.05s Sys=0.00s Real=0.03s
[2023-12-20T08:33:19.024-0800][54549469ms] GC(1506) Pause Young (Normal) (G1 Evacuation Pause)
[2023-12-20T08:33:19.024-0800][54549469ms] GC(1506) Using 10 workers of 10 for evacuation
[2023-12-20T08:33:19.054-0800][54549499ms] GC(1506)   Pre Evacuate Collection Set: 0.0ms
[2023-12-20T08:33:19.054-0800][54549499ms] GC(1506)   Evacuate Collection Set: 26.9ms
[2023-12-20T08:33:19.054-0800][54549499ms] GC(1506)   Post Evacuate Collection Set: 2.4ms
[2023-12-20T08:33:19.054-0800][54549499ms] GC(1506)   Other: 0.4ms
[2023-12-20T08:33:19.054-0800][54549499ms] GC(1506) Eden regions: 753->0(752)
[2023-12-20T08:33:19.054-0800][54549499ms] GC(1506) Survivor regions: 30->31(98)
[2023-12-20T08:33:19.054-0800][54549499ms] GC(1506) Old regions: 168->168
[2023-12-20T08:33:19.054-0800][54549499ms] GC(1506) Humongous regions: 5->5
[2023-12-20T08:33:19.054-0800][54549499ms] GC(1506) Metaspace: 256387K->256387K(1294336K)
[2023-12-20T08:33:19.054-0800][54549499ms] GC(1506) Pause Young (Normal) (G1 Evacuation Pause) 1911M->406M(2612M) 29.757ms
[2023-12-20T08:33:19.054-0800][54549499ms] GC(1506) User=0.08s Sys=0.00s Real=0.03s
[2023-12-20T08:33:19.716-0800][54550161ms] GC(1507) Pause Young (Normal) (G1 Evacuation Pause)
[2023-12-20T08:33:19.716-0800][54550161ms] GC(1507) Using 10 workers of 10 for evacuation
[2023-12-20T08:33:19.745-0800][54550190ms] GC(1507)   Pre Evacuate Collection Set: 0.0ms
[2023-12-20T08:33:19.745-0800][54550190ms] GC(1507)   Evacuate Collection Set: 26.8ms
[2023-12-20T08:33:19.745-0800][54550190ms] GC(1507)   Post Evacuate Collection Set: 2.5ms
[2023-12-20T08:33:19.745-0800][54550190ms] GC(1507)   Other: 0.4ms
[2023-12-20T08:33:19.745-0800][54550190ms] GC(1507) Eden regions: 752->0(753)
[2023-12-20T08:33:19.745-0800][54550190ms] GC(1507) Survivor regions: 31->30(98)
[2023-12-20T08:33:19.745-0800][54550190ms] GC(1507) Old regions: 168->168
[2023-12-20T08:33:19.745-0800][54550190ms] GC(1507) Humongous regions: 5->5
[2023-12-20T08:33:19.745-0800][54550190ms] GC(1507) Metaspace: 256387K->256387K(1294336K)
[2023-12-20T08:33:19.745-0800][54550190ms] GC(1507) Pause Young (Normal) (G1 Evacuation Pause) 1910M->405M(2612M) 29.830ms
[2023-12-20T08:33:19.745-0800][54550190ms] GC(1507) User=0.09s Sys=0.00s Real=0.03s
[2023-12-20T08:33:20.492-0800][54550937ms] GC(1508) Pause Young (Normal) (G1 Evacuation Pause)
[2023-12-20T08:33:20.492-0800][54550937ms] GC(1508) Using 10 workers of 10 for evacuation
[2023-12-20T08:33:20.525-0800][54550970ms] GC(1508)   Pre Evacuate Collection Set: 0.0ms
[2023-12-20T08:33:20.525-0800][54550970ms] GC(1508)   Evacuate Collection Set: 30.5ms
[2023-12-20T08:33:20.525-0800][54550970ms] GC(1508)   Post Evacuate Collection Set: 3.0ms
[2023-12-20T08:33:20.525-0800][54550970ms] GC(1508)   Other: 0.4ms
[2023-12-20T08:33:20.525-0800][54550970ms] GC(1508) Eden regions: 753->0(752)
[2023-12-20T08:33:20.526-0800][54550971ms] GC(1508) Survivor regions: 30->31(98)
[2023-12-20T08:33:20.526-0800][54550971ms] GC(1508) Old regions: 168->168
[2023-12-20T08:33:20.526-0800][54550971ms] GC(1508) Humongous regions: 5->5
[2023-12-20T08:33:20.526-0800][54550971ms] GC(1508) Metaspace: 256387K->256387K(1294336K)
[2023-12-20T08:33:20.526-0800][54550971ms] GC(1508) Pause Young (Normal) (G1 Evacuation Pause) 1911M->407M(2612M) 34.023ms
[2023-12-20T08:33:20.526-0800][54550971ms] GC(1508) User=0.16s Sys=0.00s Real=0.03s
[2023-12-20T08:33:21.214-0800][54551659ms] GC(1509) Pause Young (Normal) (G1 Evacuation Pause)
[2023-12-20T08:33:21.214-0800][54551659ms] GC(1509) Using 10 workers of 10 for evacuation
[2023-12-20T08:33:21.245-0800][54551690ms] GC(1509)   Pre Evacuate Collection Set: 0.0ms
[2023-12-20T08:33:21.245-0800][54551690ms] GC(1509)   Evacuate Collection Set: 27.7ms
[2023-12-20T08:33:21.245-0800][54551690ms] GC(1509)   Post Evacuate Collection Set: 2.8ms
[2023-12-20T08:33:21.245-0800][54551690ms] GC(1509)   Other: 0.4ms
[2023-12-20T08:33:21.245-0800][54551690ms] GC(1509) Eden regions: 752->0(753)
[2023-12-20T08:33:21.245-0800][54551690ms] GC(1509) Survivor regions: 31->30(98)
[2023-12-20T08:33:21.245-0800][54551690ms] GC(1509) Old regions: 168->168
[2023-12-20T08:33:21.245-0800][54551690ms] GC(1509) Humongous regions: 5->5
[2023-12-20T08:33:21.245-0800][54551690ms] GC(1509) Metaspace: 256387K->256387K(1294336K)
[2023-12-20T08:33:21.245-0800][54551690ms] GC(1509) Pause Young (Normal) (G1 Evacuation Pause) 1911M->405M(2612M) 31.038ms
[2023-12-20T08:33:21.245-0800][54551690ms] GC(1509) User=0.16s Sys=0.00s Real=0.03s
[2023-12-20T08:33:21.978-0800][54552423ms] GC(1510) Pause Young (Normal) (G1 Evacuation Pause)
[2023-12-20T08:33:21.978-0800][54552423ms] GC(1510) Using 10 workers of 10 for evacuation
[2023-12-20T08:33:22.008-0800][54552453ms] GC(1510)   Pre Evacuate Collection Set: 0.0ms
[2023-12-20T08:33:22.008-0800][54552453ms] GC(1510)   Evacuate Collection Set: 26.4ms
[2023-12-20T08:33:22.008-0800][54552453ms] GC(1510)   Post Evacuate Collection Set: 2.5ms
[2023-12-20T08:33:22.008-0800][54552453ms] GC(1510)   Other: 0.4ms
[2023-12-20T08:33:22.008-0800][54552453ms] GC(1510) Eden regions: 753->0(753)
[2023-12-20T08:33:22.008-0800][54552453ms] GC(1510) Survivor regions: 30->30(98)
[2023-12-20T08:33:22.008-0800][54552453ms] GC(1510) Old regions: 168->168
[2023-12-20T08:33:22.008-0800][54552453ms] GC(1510) Humongous regions: 5->5
[2023-12-20T08:33:22.008-0800][54552453ms] GC(1510) Metaspace: 256387K->256387K(1294336K)
[2023-12-20T08:33:22.008-0800][54552453ms] GC(1510) Pause Young (Normal) (G1 Evacuation Pause) 1911M->405M(2612M) 29.428ms
[2023-12-20T08:33:22.008-0800][54552453ms] GC(1510) User=0.09s Sys=0.00s Real=0.03s
[2023-12-20T08:33:22.873-0800][54553318ms] GC(1511) Pause Young (Normal) (G1 Evacuation Pause)
[2023-12-20T08:33:22.874-0800][54553319ms] GC(1511) Using 10 workers of 10 for evacuation
[2023-12-20T08:33:22.904-0800][54553349ms] GC(1511)   Pre Evacuate Collection Set: 0.0ms
[2023-12-20T08:33:22.904-0800][54553349ms] GC(1511)   Evacuate Collection Set: 27.3ms
[2023-12-20T08:33:22.904-0800][54553349ms] GC(1511)   Post Evacuate Collection Set: 2.7ms
[2023-12-20T08:33:22.904-0800][54553349ms] GC(1511)   Other: 0.4ms
[2023-12-20T08:33:22.904-0800][54553349ms] GC(1511) Eden regions: 753->0(753)
[2023-12-20T08:33:22.904-0800][54553349ms] GC(1511) Survivor regions: 30->30(98)
[2023-12-20T08:33:22.904-0800][54553349ms] GC(1511) Old regions: 168->168
[2023-12-20T08:33:22.904-0800][54553349ms] GC(1511) Humongous regions: 5->5
[2023-12-20T08:33:22.904-0800][54553349ms] GC(1511) Metaspace: 256387K->256387K(1294336K)
[2023-12-20T08:33:22.904-0800][54553349ms] GC(1511) Pause Young (Normal) (G1 Evacuation Pause) 1911M->405M(2612M) 30.483ms
[2023-12-20T08:33:22.904-0800][54553349ms] GC(1511) User=0.11s Sys=0.00s Real=0.03s
[2023-12-20T08:33:23.651-0800][54554096ms] GC(1512) Pause Young (Normal) (G1 Evacuation Pause)
[2023-12-20T08:33:23.651-0800][54554096ms] GC(1512) Using 10 workers of 10 for evacuation
[2023-12-20T08:33:23.681-0800][54554126ms] GC(1512)   Pre Evacuate Collection Set: 0.0ms
[2023-12-20T08:33:23.681-0800][54554126ms] GC(1512)   Evacuate Collection Set: 26.7ms
[2023-12-20T08:33:23.681-0800][54554126ms] GC(1512)   Post Evacuate Collection Set: 2.4ms
[2023-12-20T08:33:23.681-0800][54554126ms] GC(1512)   Other: 0.4ms
[2023-12-20T08:33:23.681-0800][54554126ms] GC(1512) Eden regions: 753->0(753)
[2023-12-20T08:33:23.681-0800][54554126ms] GC(1512) Survivor regions: 30->30(98)
[2023-12-20T08:33:23.681-0800][54554126ms] GC(1512) Old regions: 168->168
[2023-12-20T08:33:23.681-0800][54554126ms] GC(1512) Humongous regions: 5->5
[2023-12-20T08:33:23.681-0800][54554126ms] GC(1512) Metaspace: 256387K->256387K(1294336K)
[2023-12-20T08:33:23.681-0800][54554126ms] GC(1512) Pause Young (Normal) (G1 Evacuation Pause) 1911M->405M(2612M) 29.618ms
[2023-12-20T08:33:23.681-0800][54554126ms] GC(1512) User=0.05s Sys=0.00s Real=0.03s
[2023-12-20T08:33:24.310-0800][54554755ms] GC(1513) Pause Young (Normal) (G1 Evacuation Pause)
[2023-12-20T08:33:24.310-0800][54554755ms] GC(1513) Using 10 workers of 10 for evacuation
[2023-12-20T08:33:24.341-0800][54554786ms] GC(1513)   Pre Evacuate Collection Set: 0.0ms
[2023-12-20T08:33:24.341-0800][54554786ms] GC(1513)   Evacuate Collection Set: 27.4ms
[2023-12-20T08:33:24.341-0800][54554786ms] GC(1513)   Post Evacuate Collection Set: 2.7ms
[2023-12-20T08:33:24.341-0800][54554786ms] GC(1513)   Other: 0.4ms
[2023-12-20T08:33:24.341-0800][54554786ms] GC(1513) Eden regions: 753->0(753)
[2023-12-20T08:33:24.341-0800][54554786ms] GC(1513) Survivor regions: 30->30(98)
[2023-12-20T08:33:24.341-0800][54554786ms] GC(1513) Old regions: 168->168
[2023-12-20T08:33:24.341-0800][54554786ms] GC(1513) Humongous regions: 5->5
[2023-12-20T08:33:24.341-0800][54554786ms] GC(1513) Metaspace: 256387K->256387K(1294336K)
[2023-12-20T08:33:24.341-0800][54554786ms] GC(1513) Pause Young (Normal) (G1 Evacuation Pause) 1911M->405M(2612M) 30.653ms
[2023-12-20T08:33:24.341-0800][54554786ms] GC(1513) User=0.13s Sys=0.00s Real=0.03s
[2023-12-20T08:33:24.997-0800][54555442ms] GC(1514) Pause Young (Normal) (G1 Evacuation Pause)
[2023-12-20T08:33:24.997-0800][54555442ms] GC(1514) Using 10 workers of 10 for evacuation
[2023-12-20T08:33:25.027-0800][54555472ms] GC(1514)   Pre Evacuate Collection Set: 0.1ms
[2023-12-20T08:33:25.027-0800][54555472ms] GC(1514)   Evacuate Collection Set: 26.8ms
[2023-12-20T08:33:25.027-0800][54555472ms] GC(1514)   Post Evacuate Collection Set: 2.4ms
[2023-12-20T08:33:25.027-0800][54555472ms] GC(1514)   Other: 0.4ms
[2023-12-20T08:33:25.027-0800][54555472ms] GC(1514) Eden regions: 753->0(753)
[2023-12-20T08:33:25.027-0800][54555472ms] GC(1514) Survivor regions: 30->30(98)
[2023-12-20T08:33:25.027-0800][54555472ms] GC(1514) Old regions: 168->168
[2023-12-20T08:33:25.027-0800][54555472ms] GC(1514) Humongous regions: 5->5
[2023-12-20T08:33:25.027-0800][54555472ms] GC(1514) Metaspace: 256387K->256387K(1294336K)
[2023-12-20T08:33:25.027-0800][54555472ms] GC(1514) Pause Young (Normal) (G1 Evacuation Pause) 1911M->404M(2612M) 29.822ms
[2023-12-20T08:33:25.027-0800][54555472ms] GC(1514) User=0.06s Sys=0.00s Real=0.03s
[2023-12-20T08:33:25.814-0800][54556259ms] GC(1515) Pause Young (Normal) (G1 Evacuation Pause)
[2023-12-20T08:33:25.814-0800][54556259ms] GC(1515) Using 10 workers of 10 for evacuation
[2023-12-20T08:33:25.848-0800][54556293ms] GC(1515)   Pre Evacuate Collection Set: 0.0ms
[2023-12-20T08:33:25.848-0800][54556293ms] GC(1515)   Evacuate Collection Set: 30.3ms
[2023-12-20T08:33:25.848-0800][54556293ms] GC(1515)   Post Evacuate Collection Set: 2.5ms
[2023-12-20T08:33:25.848-0800][54556293ms] GC(1515)   Other: 0.4ms
[2023-12-20T08:33:25.848-0800][54556293ms] GC(1515) Eden regions: 753->0(754)
[2023-12-20T08:33:25.848-0800][54556293ms] GC(1515) Survivor regions: 30->29(98)
[2023-12-20T08:33:25.848-0800][54556293ms] GC(1515) Old regions: 168->168
[2023-12-20T08:33:25.848-0800][54556293ms] GC(1515) Humongous regions: 5->5
[2023-12-20T08:33:25.848-0800][54556293ms] GC(1515) Metaspace: 256387K->256387K(1294336K)
[2023-12-20T08:33:25.848-0800][54556293ms] GC(1515) Pause Young (Normal) (G1 Evacuation Pause) 1910M->403M(2612M) 33.397ms
[2023-12-20T08:33:25.848-0800][54556293ms] GC(1515) User=0.09s Sys=0.00s Real=0.03s
[2023-12-20T08:33:26.610-0800][54557055ms] GC(1516) Pause Young (Normal) (G1 Evacuation Pause)
[2023-12-20T08:33:26.610-0800][54557055ms] GC(1516) Using 10 workers of 10 for evacuation
[2023-12-20T08:33:26.640-0800][54557085ms] GC(1516)   Pre Evacuate Collection Set: 0.0ms
[2023-12-20T08:33:26.640-0800][54557085ms] GC(1516)   Evacuate Collection Set: 27.0ms
[2023-12-20T08:33:26.640-0800][54557085ms] GC(1516)   Post Evacuate Collection Set: 2.5ms
[2023-12-20T08:33:26.640-0800][54557085ms] GC(1516)   Other: 0.3ms
[2023-12-20T08:33:26.640-0800][54557085ms] GC(1516) Eden regions: 754->0(753)
[2023-12-20T08:33:26.640-0800][54557085ms] GC(1516) Survivor regions: 29->30(98)
[2023-12-20T08:33:26.640-0800][54557085ms] GC(1516) Old regions: 168->168
[2023-12-20T08:33:26.640-0800][54557085ms] GC(1516) Humongous regions: 5->5
[2023-12-20T08:33:26.640-0800][54557085ms] GC(1516) Metaspace: 256387K->256387K(1294336K)
[2023-12-20T08:33:26.640-0800][54557085ms] GC(1516) Pause Young (Normal) (G1 Evacuation Pause) 1911M->405M(2612M) 30.018ms
[2023-12-20T08:33:26.640-0800][54557085ms] GC(1516) User=0.08s Sys=0.00s Real=0.03s
[2023-12-20T08:33:27.404-0800][54557849ms] GC(1517) Pause Young (Normal) (G1 Evacuation Pause)
[2023-12-20T08:33:27.404-0800][54557849ms] GC(1517) Using 10 workers of 10 for evacuation
[2023-12-20T08:33:27.436-0800][54557881ms] GC(1517)   Pre Evacuate Collection Set: 0.1ms
[2023-12-20T08:33:27.436-0800][54557881ms] GC(1517)   Evacuate Collection Set: 28.7ms
[2023-12-20T08:33:27.436-0800][54557881ms] GC(1517)   Post Evacuate Collection Set: 2.4ms
[2023-12-20T08:33:27.436-0800][54557881ms] GC(1517)   Other: 0.5ms
[2023-12-20T08:33:27.436-0800][54557881ms] GC(1517) Eden regions: 753->0(754)
[2023-12-20T08:33:27.436-0800][54557881ms] GC(1517) Survivor regions: 30->29(98)
[2023-12-20T08:33:27.436-0800][54557881ms] GC(1517) Old regions: 168->168
[2023-12-20T08:33:27.436-0800][54557881ms] GC(1517) Humongous regions: 5->5
[2023-12-20T08:33:27.436-0800][54557881ms] GC(1517) Metaspace: 256387K->256387K(1294336K)
[2023-12-20T08:33:27.436-0800][54557881ms] GC(1517) Pause Young (Normal) (G1 Evacuation Pause) 1911M->402M(2612M) 31.724ms
[2023-12-20T08:33:27.436-0800][54557881ms] GC(1517) User=0.13s Sys=0.00s Real=0.03s
[2023-12-20T08:33:28.190-0800][54558635ms] GC(1518) Pause Young (Normal) (G1 Evacuation Pause)
[2023-12-20T08:33:28.190-0800][54558635ms] GC(1518) Using 10 workers of 10 for evacuation
[2023-12-20T08:33:28.224-0800][54558669ms] GC(1518)   Pre Evacuate Collection Set: 0.0ms
[2023-12-20T08:33:28.224-0800][54558669ms] GC(1518)   Evacuate Collection Set: 26.7ms
[2023-12-20T08:33:28.224-0800][54558669ms] GC(1518)   Post Evacuate Collection Set: 6.8ms
[2023-12-20T08:33:28.224-0800][54558669ms] GC(1518)   Other: 0.4ms
[2023-12-20T08:33:28.224-0800][54558669ms] GC(1518) Eden regions: 754->0(753)
[2023-12-20T08:33:28.224-0800][54558669ms] GC(1518) Survivor regions: 29->30(98)
[2023-12-20T08:33:28.224-0800][54558669ms] GC(1518) Old regions: 168->169
[2023-12-20T08:33:28.224-0800][54558669ms] GC(1518) Humongous regions: 5->5
[2023-12-20T08:33:28.224-0800][54558669ms] GC(1518) Metaspace: 256387K->256387K(1294336K)
[2023-12-20T08:33:28.224-0800][54558669ms] GC(1518) Pause Young (Normal) (G1 Evacuation Pause) 1910M->406M(2612M) 34.002ms
[2023-12-20T08:33:28.224-0800][54558669ms] GC(1518) User=0.13s Sys=0.00s Real=0.03s
[2023-12-20T08:33:29.052-0800][54559497ms] GC(1519) Pause Young (Normal) (G1 Evacuation Pause)
[2023-12-20T08:33:29.052-0800][54559497ms] GC(1519) Using 10 workers of 10 for evacuation
[2023-12-20T08:33:29.082-0800][54559527ms] GC(1519)   Pre Evacuate Collection Set: 0.0ms
[2023-12-20T08:33:29.082-0800][54559527ms] GC(1519)   Evacuate Collection Set: 26.4ms
[2023-12-20T08:33:29.082-0800][54559527ms] GC(1519)   Post Evacuate Collection Set: 2.4ms
[2023-12-20T08:33:29.082-0800][54559527ms] GC(1519)   Other: 0.3ms
[2023-12-20T08:33:29.082-0800][54559527ms] GC(1519) Eden regions: 753->0(753)
[2023-12-20T08:33:29.082-0800][54559527ms] GC(1519) Survivor regions: 30->30(98)
[2023-12-20T08:33:29.082-0800][54559527ms] GC(1519) Old regions: 169->169
[2023-12-20T08:33:29.082-0800][54559527ms] GC(1519) Humongous regions: 5->5
[2023-12-20T08:33:29.082-0800][54559527ms] GC(1519) Metaspace: 256387K->256387K(1294336K)
[2023-12-20T08:33:29.082-0800][54559527ms] GC(1519) Pause Young (Normal) (G1 Evacuation Pause) 1912M->406M(2612M) 29.231ms
[2023-12-20T08:33:29.082-0800][54559527ms] GC(1519) User=0.13s Sys=0.00s Real=0.03s
[2023-12-20T08:33:29.904-0800][54560349ms] GC(1520) Pause Young (Normal) (GCLocker Initiated GC)
[2023-12-20T08:33:29.905-0800][54560350ms] GC(1520) Using 10 workers of 10 for evacuation
[2023-12-20T08:33:29.936-0800][54560381ms] GC(1520)   Pre Evacuate Collection Set: 0.0ms
[2023-12-20T08:33:29.936-0800][54560381ms] GC(1520)   Evacuate Collection Set: 28.3ms
[2023-12-20T08:33:29.936-0800][54560381ms] GC(1520)   Post Evacuate Collection Set: 2.5ms
[2023-12-20T08:33:29.936-0800][54560381ms] GC(1520)   Other: 0.4ms
[2023-12-20T08:33:29.936-0800][54560381ms] GC(1520) Eden regions: 754->0(753)
[2023-12-20T08:33:29.936-0800][54560381ms] GC(1520) Survivor regions: 30->30(98)
[2023-12-20T08:33:29.936-0800][54560381ms] GC(1520) Old regions: 169->169
[2023-12-20T08:33:29.936-0800][54560381ms] GC(1520) Humongous regions: 5->5
[2023-12-20T08:33:29.936-0800][54560381ms] GC(1520) Metaspace: 256387K->256387K(1294336K)
[2023-12-20T08:33:29.936-0800][54560381ms] GC(1520) Pause Young (Normal) (GCLocker Initiated GC) 1913M->406M(2612M) 31.246ms
[2023-12-20T08:33:29.936-0800][54560381ms] GC(1520) User=0.08s Sys=0.00s Real=0.03s
[2023-12-20T08:33:30.716-0800][54561161ms] GC(1521) Pause Young (Normal) (GCLocker Initiated GC)
[2023-12-20T08:33:30.716-0800][54561161ms] GC(1521) Using 10 workers of 10 for evacuation
[2023-12-20T08:33:30.747-0800][54561192ms] GC(1521)   Pre Evacuate Collection Set: 0.0ms
[2023-12-20T08:33:30.747-0800][54561192ms] GC(1521)   Evacuate Collection Set: 28.0ms
[2023-12-20T08:33:30.747-0800][54561192ms] GC(1521)   Post Evacuate Collection Set: 2.6ms
[2023-12-20T08:33:30.747-0800][54561192ms] GC(1521)   Other: 0.3ms
[2023-12-20T08:33:30.747-0800][54561192ms] GC(1521) Eden regions: 754->0(753)
[2023-12-20T08:33:30.747-0800][54561192ms] GC(1521) Survivor regions: 30->30(98)
[2023-12-20T08:33:30.747-0800][54561192ms] GC(1521) Old regions: 169->169
[2023-12-20T08:33:30.747-0800][54561192ms] GC(1521) Humongous regions: 5->5
[2023-12-20T08:33:30.747-0800][54561192ms] GC(1521) Metaspace: 256387K->256387K(1294336K)
[2023-12-20T08:33:30.747-0800][54561192ms] GC(1521) Pause Young (Normal) (GCLocker Initiated GC) 1913M->405M(2612M) 31.014ms
[2023-12-20T08:33:30.747-0800][54561192ms] GC(1521) User=0.13s Sys=0.00s Real=0.03s
[2023-12-20T08:33:31.525-0800][54561970ms] GC(1522) Pause Young (Normal) (G1 Evacuation Pause)
[2023-12-20T08:33:31.525-0800][54561970ms] GC(1522) Using 10 workers of 10 for evacuation
[2023-12-20T08:33:31.557-0800][54562002ms] GC(1522)   Pre Evacuate Collection Set: 0.0ms
[2023-12-20T08:33:31.557-0800][54562002ms] GC(1522)   Evacuate Collection Set: 28.9ms
[2023-12-20T08:33:31.557-0800][54562002ms] GC(1522)   Post Evacuate Collection Set: 2.7ms
[2023-12-20T08:33:31.557-0800][54562002ms] GC(1522)   Other: 0.4ms
[2023-12-20T08:33:31.557-0800][54562002ms] GC(1522) Eden regions: 753->0(754)
[2023-12-20T08:33:31.557-0800][54562002ms] GC(1522) Survivor regions: 30->29(98)
[2023-12-20T08:33:31.557-0800][54562002ms] GC(1522) Old regions: 169->169
[2023-12-20T08:33:31.557-0800][54562002ms] GC(1522) Humongous regions: 5->5
[2023-12-20T08:33:31.557-0800][54562002ms] GC(1522) Metaspace: 256387K->256387K(1294336K)
[2023-12-20T08:33:31.557-0800][54562002ms] GC(1522) Pause Young (Normal) (G1 Evacuation Pause) 1911M->404M(2612M) 32.108ms
[2023-12-20T08:33:31.557-0800][54562002ms] GC(1522) User=0.16s Sys=0.00s Real=0.03s
[2023-12-20T08:33:32.309-0800][54562754ms] GC(1523) Pause Young (Normal) (G1 Evacuation Pause)
[2023-12-20T08:33:32.309-0800][54562754ms] GC(1523) Using 10 workers of 10 for evacuation
[2023-12-20T08:33:32.339-0800][54562784ms] GC(1523)   Pre Evacuate Collection Set: 0.0ms
[2023-12-20T08:33:32.339-0800][54562784ms] GC(1523)   Evacuate Collection Set: 27.1ms
[2023-12-20T08:33:32.339-0800][54562784ms] GC(1523)   Post Evacuate Collection Set: 2.5ms
[2023-12-20T08:33:32.339-0800][54562784ms] GC(1523)   Other: 0.4ms
[2023-12-20T08:33:32.339-0800][54562784ms] GC(1523) Eden regions: 754->0(753)
[2023-12-20T08:33:32.339-0800][54562784ms] GC(1523) Survivor regions: 29->30(98)
[2023-12-20T08:33:32.339-0800][54562784ms] GC(1523) Old regions: 169->169
[2023-12-20T08:33:32.339-0800][54562784ms] GC(1523) Humongous regions: 5->5
[2023-12-20T08:33:32.339-0800][54562784ms] GC(1523) Metaspace: 256387K->256387K(1294336K)
[2023-12-20T08:33:32.339-0800][54562784ms] GC(1523) Pause Young (Normal) (G1 Evacuation Pause) 1912M->405M(2612M) 30.101ms
[2023-12-20T08:33:32.339-0800][54562784ms] GC(1523) User=0.13s Sys=0.00s Real=0.03s
[2023-12-20T08:33:33.052-0800][54563497ms] GC(1524) Pause Young (Normal) (G1 Evacuation Pause)
[2023-12-20T08:33:33.052-0800][54563497ms] GC(1524) Using 10 workers of 10 for evacuation
[2023-12-20T08:33:33.083-0800][54563528ms] GC(1524)   Pre Evacuate Collection Set: 0.0ms
[2023-12-20T08:33:33.083-0800][54563528ms] GC(1524)   Evacuate Collection Set: 27.7ms
[2023-12-20T08:33:33.083-0800][54563528ms] GC(1524)   Post Evacuate Collection Set: 2.4ms
[2023-12-20T08:33:33.083-0800][54563528ms] GC(1524)   Other: 0.3ms
[2023-12-20T08:33:33.083-0800][54563528ms] GC(1524) Eden regions: 753->0(753)
[2023-12-20T08:33:33.083-0800][54563528ms] GC(1524) Survivor regions: 30->30(98)
[2023-12-20T08:33:33.083-0800][54563528ms] GC(1524) Old regions: 169->169
[2023-12-20T08:33:33.083-0800][54563528ms] GC(1524) Humongous regions: 5->5
[2023-12-20T08:33:33.083-0800][54563528ms] GC(1524) Metaspace: 256387K->256387K(1294336K)
[2023-12-20T08:33:33.083-0800][54563528ms] GC(1524) Pause Young (Normal) (G1 Evacuation Pause) 1911M->406M(2612M) 30.641ms
[2023-12-20T08:33:33.083-0800][54563528ms] GC(1524) User=0.23s Sys=0.02s Real=0.03s
[2023-12-20T08:33:33.857-0800][54564302ms] GC(1525) Pause Young (Normal) (G1 Evacuation Pause)
[2023-12-20T08:33:33.857-0800][54564302ms] GC(1525) Using 10 workers of 10 for evacuation
[2023-12-20T08:33:33.887-0800][54564332ms] GC(1525)   Pre Evacuate Collection Set: 0.0ms
[2023-12-20T08:33:33.887-0800][54564332ms] GC(1525)   Evacuate Collection Set: 26.5ms
[2023-12-20T08:33:33.887-0800][54564332ms] GC(1525)   Post Evacuate Collection Set: 2.4ms
[2023-12-20T08:33:33.887-0800][54564332ms] GC(1525)   Other: 0.4ms
[2023-12-20T08:33:33.887-0800][54564332ms] GC(1525) Eden regions: 753->0(753)
[2023-12-20T08:33:33.887-0800][54564332ms] GC(1525) Survivor regions: 30->30(98)
[2023-12-20T08:33:33.887-0800][54564332ms] GC(1525) Old regions: 169->169
[2023-12-20T08:33:33.887-0800][54564332ms] GC(1525) Humongous regions: 5->5
[2023-12-20T08:33:33.887-0800][54564332ms] GC(1525) Metaspace: 256387K->256387K(1294336K)
[2023-12-20T08:33:33.887-0800][54564332ms] GC(1525) Pause Young (Normal) (G1 Evacuation Pause) 1912M->406M(2612M) 29.370ms
[2023-12-20T08:33:33.887-0800][54564332ms] GC(1525) User=0.13s Sys=0.00s Real=0.03s
[2023-12-20T08:33:34.651-0800][54565096ms] GC(1526) Pause Young (Normal) (G1 Evacuation Pause)
[2023-12-20T08:33:34.651-0800][54565096ms] GC(1526) Using 10 workers of 10 for evacuation
[2023-12-20T08:33:34.683-0800][54565128ms] GC(1526)   Pre Evacuate Collection Set: 0.0ms
[2023-12-20T08:33:34.683-0800][54565128ms] GC(1526)   Evacuate Collection Set: 28.9ms
[2023-12-20T08:33:34.683-0800][54565128ms] GC(1526)   Post Evacuate Collection Set: 2.5ms
[2023-12-20T08:33:34.683-0800][54565128ms] GC(1526)   Other: 0.4ms
[2023-12-20T08:33:34.683-0800][54565128ms] GC(1526) Eden regions: 753->0(753)
[2023-12-20T08:33:34.683-0800][54565128ms] GC(1526) Survivor regions: 30->30(98)
[2023-12-20T08:33:34.683-0800][54565128ms] GC(1526) Old regions: 169->169
[2023-12-20T08:33:34.683-0800][54565128ms] GC(1526) Humongous regions: 5->5
[2023-12-20T08:33:34.683-0800][54565128ms] GC(1526) Metaspace: 256389K->256389K(1294336K)
[2023-12-20T08:33:34.683-0800][54565128ms] GC(1526) Pause Young (Normal) (G1 Evacuation Pause) 1912M->405M(2612M) 31.925ms
[2023-12-20T08:33:34.683-0800][54565128ms] GC(1526) User=0.14s Sys=0.00s Real=0.03s
[2023-12-20T08:33:35.471-0800][54565916ms] GC(1527) Pause Young (Normal) (G1 Evacuation Pause)
[2023-12-20T08:33:35.471-0800][54565916ms] GC(1527) Using 10 workers of 10 for evacuation
[2023-12-20T08:33:35.501-0800][54565946ms] GC(1527)   Pre Evacuate Collection Set: 0.0ms
[2023-12-20T08:33:35.501-0800][54565946ms] GC(1527)   Evacuate Collection Set: 27.6ms
[2023-12-20T08:33:35.501-0800][54565946ms] GC(1527)   Post Evacuate Collection Set: 2.4ms
[2023-12-20T08:33:35.501-0800][54565946ms] GC(1527)   Other: 0.3ms
[2023-12-20T08:33:35.501-0800][54565946ms] GC(1527) Eden regions: 753->0(753)
[2023-12-20T08:33:35.501-0800][54565946ms] GC(1527) Survivor regions: 30->30(98)
[2023-12-20T08:33:35.501-0800][54565946ms] GC(1527) Old regions: 169->169
[2023-12-20T08:33:35.501-0800][54565946ms] GC(1527) Humongous regions: 5->5
[2023-12-20T08:33:35.501-0800][54565946ms] GC(1527) Metaspace: 256389K->256389K(1294336K)
[2023-12-20T08:33:35.501-0800][54565946ms] GC(1527) Pause Young (Normal) (G1 Evacuation Pause) 1911M->405M(2612M) 30.509ms
[2023-12-20T08:33:35.501-0800][54565946ms] GC(1527) User=0.11s Sys=0.00s Real=0.03s
[2023-12-20T08:33:36.268-0800][54566713ms] GC(1528) Pause Young (Normal) (G1 Evacuation Pause)
[2023-12-20T08:33:36.268-0800][54566713ms] GC(1528) Using 10 workers of 10 for evacuation
[2023-12-20T08:33:36.298-0800][54566743ms] GC(1528)   Pre Evacuate Collection Set: 0.0ms
[2023-12-20T08:33:36.298-0800][54566743ms] GC(1528)   Evacuate Collection Set: 27.2ms
[2023-12-20T08:33:36.298-0800][54566743ms] GC(1528)   Post Evacuate Collection Set: 2.3ms
[2023-12-20T08:33:36.298-0800][54566743ms] GC(1528)   Other: 0.3ms
[2023-12-20T08:33:36.298-0800][54566743ms] GC(1528) Eden regions: 753->0(753)
[2023-12-20T08:33:36.298-0800][54566743ms] GC(1528) Survivor regions: 30->30(98)
[2023-12-20T08:33:36.298-0800][54566743ms] GC(1528) Old regions: 169->169
[2023-12-20T08:33:36.298-0800][54566743ms] GC(1528) Humongous regions: 5->5
[2023-12-20T08:33:36.298-0800][54566743ms] GC(1528) Metaspace: 256389K->256389K(1294336K)
[2023-12-20T08:33:36.298-0800][54566743ms] GC(1528) Pause Young (Normal) (G1 Evacuation Pause) 1911M->406M(2612M) 30.035ms
[2023-12-20T08:33:36.298-0800][54566743ms] GC(1528) User=0.08s Sys=0.00s Real=0.03s
[2023-12-20T08:33:37.014-0800][54567459ms] GC(1529) Pause Young (Normal) (G1 Evacuation Pause)
[2023-12-20T08:33:37.014-0800][54567459ms] GC(1529) Using 10 workers of 10 for evacuation
[2023-12-20T08:33:37.045-0800][54567490ms] GC(1529)   Pre Evacuate Collection Set: 0.0ms
[2023-12-20T08:33:37.045-0800][54567490ms] GC(1529)   Evacuate Collection Set: 28.2ms
[2023-12-20T08:33:37.045-0800][54567490ms] GC(1529)   Post Evacuate Collection Set: 2.7ms
[2023-12-20T08:33:37.045-0800][54567490ms] GC(1529)   Other: 0.4ms
[2023-12-20T08:33:37.045-0800][54567490ms] GC(1529) Eden regions: 753->0(753)
[2023-12-20T08:33:37.045-0800][54567490ms] GC(1529) Survivor regions: 30->30(98)
[2023-12-20T08:33:37.045-0800][54567490ms] GC(1529) Old regions: 169->169
[2023-12-20T08:33:37.045-0800][54567490ms] GC(1529) Humongous regions: 5->5
[2023-12-20T08:33:37.045-0800][54567490ms] GC(1529) Metaspace: 256389K->256389K(1294336K)
[2023-12-20T08:33:37.045-0800][54567490ms] GC(1529) Pause Young (Normal) (G1 Evacuation Pause) 1912M->405M(2612M) 31.431ms
[2023-12-20T08:33:37.045-0800][54567490ms] GC(1529) User=0.13s Sys=0.00s Real=0.03s
[2023-12-20T08:33:37.814-0800][54568259ms] GC(1530) Pause Young (Normal) (G1 Evacuation Pause)
[2023-12-20T08:33:37.814-0800][54568259ms] GC(1530) Using 10 workers of 10 for evacuation
[2023-12-20T08:33:37.843-0800][54568288ms] GC(1530)   Pre Evacuate Collection Set: 0.0ms
[2023-12-20T08:33:37.843-0800][54568288ms] GC(1530)   Evacuate Collection Set: 26.5ms
[2023-12-20T08:33:37.843-0800][54568288ms] GC(1530)   Post Evacuate Collection Set: 2.4ms
[2023-12-20T08:33:37.843-0800][54568288ms] GC(1530)   Other: 0.3ms
[2023-12-20T08:33:37.843-0800][54568288ms] GC(1530) Eden regions: 753->0(753)
[2023-12-20T08:33:37.843-0800][54568288ms] GC(1530) Survivor regions: 30->30(98)
[2023-12-20T08:33:37.843-0800][54568288ms] GC(1530) Old regions: 169->169
[2023-12-20T08:33:37.843-0800][54568288ms] GC(1530) Humongous regions: 5->5
[2023-12-20T08:33:37.843-0800][54568288ms] GC(1530) Metaspace: 256389K->256389K(1294336K)
[2023-12-20T08:33:37.843-0800][54568288ms] GC(1530) Pause Young (Normal) (G1 Evacuation Pause) 1911M->406M(2612M) 29.386ms
[2023-12-20T08:33:37.843-0800][54568288ms] GC(1530) User=0.13s Sys=0.00s Real=0.03s
[2023-12-20T08:33:38.585-0800][54569030ms] GC(1531) Pause Young (Normal) (G1 Evacuation Pause)
[2023-12-20T08:33:38.585-0800][54569030ms] GC(1531) Using 10 workers of 10 for evacuation
[2023-12-20T08:33:38.614-0800][54569059ms] GC(1531)   Pre Evacuate Collection Set: 0.0ms
[2023-12-20T08:33:38.614-0800][54569059ms] GC(1531)   Evacuate Collection Set: 26.5ms
[2023-12-20T08:33:38.614-0800][54569059ms] GC(1531)   Post Evacuate Collection Set: 2.4ms
[2023-12-20T08:33:38.614-0800][54569059ms] GC(1531)   Other: 0.4ms
[2023-12-20T08:33:38.614-0800][54569059ms] GC(1531) Eden regions: 753->0(753)
[2023-12-20T08:33:38.614-0800][54569059ms] GC(1531) Survivor regions: 30->30(98)
[2023-12-20T08:33:38.614-0800][54569059ms] GC(1531) Old regions: 169->169
[2023-12-20T08:33:38.615-0800][54569060ms] GC(1531) Humongous regions: 5->5
[2023-12-20T08:33:38.615-0800][54569060ms] GC(1531) Metaspace: 256389K->256389K(1294336K)
[2023-12-20T08:33:38.615-0800][54569060ms] GC(1531) Pause Young (Normal) (G1 Evacuation Pause) 1912M->405M(2612M) 29.409ms
[2023-12-20T08:33:38.615-0800][54569060ms] GC(1531) User=0.13s Sys=0.00s Real=0.03s
[2023-12-20T08:33:39.301-0800][54569746ms] GC(1532) Pause Young (Normal) (G1 Evacuation Pause)
[2023-12-20T08:33:39.301-0800][54569746ms] GC(1532) Using 10 workers of 10 for evacuation
[2023-12-20T08:33:39.330-0800][54569775ms] GC(1532)   Pre Evacuate Collection Set: 0.0ms
[2023-12-20T08:33:39.330-0800][54569775ms] GC(1532)   Evacuate Collection Set: 26.7ms
[2023-12-20T08:33:39.330-0800][54569775ms] GC(1532)   Post Evacuate Collection Set: 2.5ms
[2023-12-20T08:33:39.330-0800][54569775ms] GC(1532)   Other: 0.3ms
[2023-12-20T08:33:39.330-0800][54569775ms] GC(1532) Eden regions: 753->0(753)
[2023-12-20T08:33:39.330-0800][54569775ms] GC(1532) Survivor regions: 30->30(98)
[2023-12-20T08:33:39.330-0800][54569775ms] GC(1532) Old regions: 169->169
[2023-12-20T08:33:39.330-0800][54569775ms] GC(1532) Humongous regions: 5->5
[2023-12-20T08:33:39.330-0800][54569775ms] GC(1532) Metaspace: 256389K->256389K(1294336K)
[2023-12-20T08:33:39.330-0800][54569775ms] GC(1532) Pause Young (Normal) (G1 Evacuation Pause) 1911M->406M(2612M) 29.656ms
[2023-12-20T08:33:39.330-0800][54569775ms] GC(1532) User=0.06s Sys=0.00s Real=0.03s
[2023-12-20T08:33:40.057-0800][54570502ms] GC(1533) Pause Young (Normal) (G1 Evacuation Pause)
[2023-12-20T08:33:40.057-0800][54570502ms] GC(1533) Using 10 workers of 10 for evacuation
[2023-12-20T08:33:40.087-0800][54570532ms] GC(1533)   Pre Evacuate Collection Set: 0.0ms
[2023-12-20T08:33:40.087-0800][54570532ms] GC(1533)   Evacuate Collection Set: 26.7ms
[2023-12-20T08:33:40.087-0800][54570532ms] GC(1533)   Post Evacuate Collection Set: 2.6ms
[2023-12-20T08:33:40.087-0800][54570532ms] GC(1533)   Other: 0.3ms
[2023-12-20T08:33:40.087-0800][54570532ms] GC(1533) Eden regions: 753->0(753)
[2023-12-20T08:33:40.087-0800][54570532ms] GC(1533) Survivor regions: 30->30(98)
[2023-12-20T08:33:40.087-0800][54570532ms] GC(1533) Old regions: 169->169
[2023-12-20T08:33:40.087-0800][54570532ms] GC(1533) Humongous regions: 5->5
[2023-12-20T08:33:40.087-0800][54570532ms] GC(1533) Metaspace: 256389K->256389K(1294336K)
[2023-12-20T08:33:40.087-0800][54570532ms] GC(1533) Pause Young (Normal) (G1 Evacuation Pause) 1912M->406M(2612M) 29.783ms
[2023-12-20T08:33:40.087-0800][54570532ms] GC(1533) User=0.03s Sys=0.00s Real=0.03s
[2023-12-20T08:33:40.852-0800][54571297ms] GC(1534) Pause Young (Normal) (G1 Evacuation Pause)
[2023-12-20T08:33:40.852-0800][54571297ms] GC(1534) Using 10 workers of 10 for evacuation
[2023-12-20T08:33:40.881-0800][54571326ms] GC(1534)   Pre Evacuate Collection Set: 0.0ms
[2023-12-20T08:33:40.881-0800][54571326ms] GC(1534)   Evacuate Collection Set: 26.9ms
[2023-12-20T08:33:40.881-0800][54571326ms] GC(1534)   Post Evacuate Collection Set: 2.6ms
[2023-12-20T08:33:40.881-0800][54571326ms] GC(1534)   Other: 0.4ms
[2023-12-20T08:33:40.881-0800][54571326ms] GC(1534) Eden regions: 753->0(753)
[2023-12-20T08:33:40.881-0800][54571326ms] GC(1534) Survivor regions: 30->30(98)
[2023-12-20T08:33:40.881-0800][54571326ms] GC(1534) Old regions: 169->169
[2023-12-20T08:33:40.881-0800][54571326ms] GC(1534) Humongous regions: 5->5
[2023-12-20T08:33:40.881-0800][54571326ms] GC(1534) Metaspace: 256389K->256389K(1294336K)
[2023-12-20T08:33:40.881-0800][54571326ms] GC(1534) Pause Young (Normal) (G1 Evacuation Pause) 1912M->406M(2612M) 30.043ms
[2023-12-20T08:33:40.881-0800][54571326ms] GC(1534) User=0.06s Sys=0.00s Real=0.03s
[2023-12-20T08:33:41.639-0800][54572084ms] GC(1535) Pause Young (Normal) (G1 Evacuation Pause)
[2023-12-20T08:33:41.639-0800][54572084ms] GC(1535) Using 10 workers of 10 for evacuation
[2023-12-20T08:33:41.670-0800][54572115ms] GC(1535)   Pre Evacuate Collection Set: 0.0ms
[2023-12-20T08:33:41.670-0800][54572115ms] GC(1535)   Evacuate Collection Set: 27.8ms
[2023-12-20T08:33:41.670-0800][54572115ms] GC(1535)   Post Evacuate Collection Set: 2.4ms
[2023-12-20T08:33:41.670-0800][54572115ms] GC(1535)   Other: 0.3ms
[2023-12-20T08:33:41.670-0800][54572115ms] GC(1535) Eden regions: 753->0(754)
[2023-12-20T08:33:41.670-0800][54572115ms] GC(1535) Survivor regions: 30->29(98)
[2023-12-20T08:33:41.670-0800][54572115ms] GC(1535) Old regions: 169->169
[2023-12-20T08:33:41.670-0800][54572115ms] GC(1535) Humongous regions: 5->5
[2023-12-20T08:33:41.670-0800][54572115ms] GC(1535) Metaspace: 256389K->256389K(1294336K)
[2023-12-20T08:33:41.670-0800][54572115ms] GC(1535) Pause Young (Normal) (G1 Evacuation Pause) 1912M->404M(2612M) 30.695ms
[2023-12-20T08:33:41.670-0800][54572115ms] GC(1535) User=0.08s Sys=0.00s Real=0.03s
[2023-12-20T08:33:42.403-0800][54572848ms] GC(1536) Pause Young (Normal) (G1 Evacuation Pause)
[2023-12-20T08:33:42.403-0800][54572848ms] GC(1536) Using 10 workers of 10 for evacuation
[2023-12-20T08:33:42.433-0800][54572878ms] GC(1536)   Pre Evacuate Collection Set: 0.0ms
[2023-12-20T08:33:42.433-0800][54572878ms] GC(1536)   Evacuate Collection Set: 27.1ms
[2023-12-20T08:33:42.433-0800][54572878ms] GC(1536)   Post Evacuate Collection Set: 2.6ms
[2023-12-20T08:33:42.433-0800][54572878ms] GC(1536)   Other: 0.4ms
[2023-12-20T08:33:42.433-0800][54572878ms] GC(1536) Eden regions: 754->0(753)
[2023-12-20T08:33:42.433-0800][54572878ms] GC(1536) Survivor regions: 29->30(98)
[2023-12-20T08:33:42.433-0800][54572878ms] GC(1536) Old regions: 169->169
[2023-12-20T08:33:42.433-0800][54572878ms] GC(1536) Humongous regions: 5->5
[2023-12-20T08:33:42.433-0800][54572878ms] GC(1536) Metaspace: 256389K->256389K(1294336K)
[2023-12-20T08:33:42.433-0800][54572878ms] GC(1536) Pause Young (Normal) (G1 Evacuation Pause) 1912M->405M(2612M) 30.211ms
[2023-12-20T08:33:42.433-0800][54572878ms] GC(1536) User=0.08s Sys=0.00s Real=0.03s
[2023-12-20T08:33:43.134-0800][54573579ms] GC(1537) Pause Young (Normal) (G1 Evacuation Pause)
[2023-12-20T08:33:43.134-0800][54573579ms] GC(1537) Using 10 workers of 10 for evacuation
[2023-12-20T08:33:43.164-0800][54573609ms] GC(1537)   Pre Evacuate Collection Set: 0.0ms
[2023-12-20T08:33:43.164-0800][54573609ms] GC(1537)   Evacuate Collection Set: 26.9ms
[2023-12-20T08:33:43.164-0800][54573609ms] GC(1537)   Post Evacuate Collection Set: 2.7ms
[2023-12-20T08:33:43.164-0800][54573609ms] GC(1537)   Other: 0.4ms
[2023-12-20T08:33:43.164-0800][54573609ms] GC(1537) Eden regions: 753->0(753)
[2023-12-20T08:33:43.164-0800][54573609ms] GC(1537) Survivor regions: 30->30(98)
[2023-12-20T08:33:43.164-0800][54573609ms] GC(1537) Old regions: 169->169
[2023-12-20T08:33:43.164-0800][54573609ms] GC(1537) Humongous regions: 5->5
[2023-12-20T08:33:43.164-0800][54573609ms] GC(1537) Metaspace: 256389K->256389K(1294336K)
[2023-12-20T08:33:43.164-0800][54573609ms] GC(1537) Pause Young (Normal) (G1 Evacuation Pause) 1911M->406M(2612M) 30.101ms
[2023-12-20T08:33:43.164-0800][54573609ms] GC(1537) User=0.16s Sys=0.00s Real=0.03s
[2023-12-20T08:33:43.903-0800][54574348ms] GC(1538) Pause Young (Normal) (G1 Evacuation Pause)
[2023-12-20T08:33:43.903-0800][54574348ms] GC(1538) Using 10 workers of 10 for evacuation
[2023-12-20T08:33:43.933-0800][54574378ms] GC(1538)   Pre Evacuate Collection Set: 0.0ms
[2023-12-20T08:33:43.933-0800][54574378ms] GC(1538)   Evacuate Collection Set: 26.4ms
[2023-12-20T08:33:43.933-0800][54574378ms] GC(1538)   Post Evacuate Collection Set: 2.4ms
[2023-12-20T08:33:43.933-0800][54574378ms] GC(1538)   Other: 0.4ms
[2023-12-20T08:33:43.933-0800][54574378ms] GC(1538) Eden regions: 753->0(753)
[2023-12-20T08:33:43.933-0800][54574378ms] GC(1538) Survivor regions: 30->30(98)
[2023-12-20T08:33:43.933-0800][54574378ms] GC(1538) Old regions: 169->169
[2023-12-20T08:33:43.933-0800][54574378ms] GC(1538) Humongous regions: 5->5
[2023-12-20T08:33:43.933-0800][54574378ms] GC(1538) Metaspace: 256389K->256389K(1294336K)
[2023-12-20T08:33:43.933-0800][54574378ms] GC(1538) Pause Young (Normal) (G1 Evacuation Pause) 1912M->405M(2612M) 29.338ms
[2023-12-20T08:33:43.933-0800][54574378ms] GC(1538) User=0.14s Sys=0.00s Real=0.03s
[2023-12-20T08:33:44.625-0800][54575070ms] GC(1539) Pause Young (Normal) (G1 Evacuation Pause)
[2023-12-20T08:33:44.625-0800][54575070ms] GC(1539) Using 10 workers of 10 for evacuation
[2023-12-20T08:33:44.655-0800][54575100ms] GC(1539)   Pre Evacuate Collection Set: 0.0ms
[2023-12-20T08:33:44.656-0800][54575101ms] GC(1539)   Evacuate Collection Set: 27.8ms
[2023-12-20T08:33:44.656-0800][54575101ms] GC(1539)   Post Evacuate Collection Set: 2.4ms
[2023-12-20T08:33:44.656-0800][54575101ms] GC(1539)   Other: 0.3ms
[2023-12-20T08:33:44.656-0800][54575101ms] GC(1539) Eden regions: 753->0(753)
[2023-12-20T08:33:44.656-0800][54575101ms] GC(1539) Survivor regions: 30->30(98)
[2023-12-20T08:33:44.656-0800][54575101ms] GC(1539) Old regions: 169->169
[2023-12-20T08:33:44.656-0800][54575101ms] GC(1539) Humongous regions: 5->5
[2023-12-20T08:33:44.656-0800][54575101ms] GC(1539) Metaspace: 256389K->256389K(1294336K)
[2023-12-20T08:33:44.656-0800][54575101ms] GC(1539) Pause Young (Normal) (G1 Evacuation Pause) 1911M->405M(2612M) 30.767ms
[2023-12-20T08:33:44.656-0800][54575101ms] GC(1539) User=0.13s Sys=0.00s Real=0.03s
[2023-12-20T08:33:45.353-0800][54575798ms] GC(1540) Pause Young (Normal) (G1 Evacuation Pause)
[2023-12-20T08:33:45.353-0800][54575798ms] GC(1540) Using 10 workers of 10 for evacuation
[2023-12-20T08:33:45.383-0800][54575828ms] GC(1540)   Pre Evacuate Collection Set: 0.0ms
[2023-12-20T08:33:45.383-0800][54575828ms] GC(1540)   Evacuate Collection Set: 27.3ms
[2023-12-20T08:33:45.383-0800][54575828ms] GC(1540)   Post Evacuate Collection Set: 2.5ms
[2023-12-20T08:33:45.383-0800][54575828ms] GC(1540)   Other: 0.4ms
[2023-12-20T08:33:45.383-0800][54575828ms] GC(1540) Eden regions: 753->0(753)
[2023-12-20T08:33:45.383-0800][54575828ms] GC(1540) Survivor regions: 30->30(98)
[2023-12-20T08:33:45.383-0800][54575828ms] GC(1540) Old regions: 169->169
[2023-12-20T08:33:45.383-0800][54575828ms] GC(1540) Humongous regions: 5->5
[2023-12-20T08:33:45.383-0800][54575828ms] GC(1540) Metaspace: 256391K->256391K(1294336K)
[2023-12-20T08:33:45.383-0800][54575828ms] GC(1540) Pause Young (Normal) (G1 Evacuation Pause) 1911M->406M(2612M) 30.264ms
[2023-12-20T08:33:45.383-0800][54575828ms] GC(1540) User=0.08s Sys=0.00s Real=0.03s
[2023-12-20T08:33:46.090-0800][54576535ms] GC(1541) Pause Young (Normal) (G1 Evacuation Pause)
[2023-12-20T08:33:46.091-0800][54576536ms] GC(1541) Using 10 workers of 10 for evacuation
[2023-12-20T08:33:46.121-0800][54576566ms] GC(1541)   Pre Evacuate Collection Set: 0.0ms
[2023-12-20T08:33:46.121-0800][54576566ms] GC(1541)   Evacuate Collection Set: 27.0ms
[2023-12-20T08:33:46.121-0800][54576566ms] GC(1541)   Post Evacuate Collection Set: 2.3ms
[2023-12-20T08:33:46.121-0800][54576566ms] GC(1541)   Other: 0.4ms
[2023-12-20T08:33:46.121-0800][54576566ms] GC(1541) Eden regions: 753->0(753)
[2023-12-20T08:33:46.121-0800][54576566ms] GC(1541) Survivor regions: 30->30(98)
[2023-12-20T08:33:46.121-0800][54576566ms] GC(1541) Old regions: 169->169
[2023-12-20T08:33:46.121-0800][54576566ms] GC(1541) Humongous regions: 5->5
[2023-12-20T08:33:46.121-0800][54576566ms] GC(1541) Metaspace: 256391K->256391K(1294336K)
[2023-12-20T08:33:46.121-0800][54576566ms] GC(1541) Pause Young (Normal) (G1 Evacuation Pause) 1912M->406M(2612M) 29.883ms
[2023-12-20T08:33:46.121-0800][54576566ms] GC(1541) User=0.11s Sys=0.00s Real=0.03s
[2023-12-20T08:33:46.870-0800][54577315ms] GC(1542) Pause Young (Normal) (G1 Evacuation Pause)
[2023-12-20T08:33:46.870-0800][54577315ms] GC(1542) Using 10 workers of 10 for evacuation
[2023-12-20T08:33:46.899-0800][54577344ms] GC(1542)   Pre Evacuate Collection Set: 0.0ms
[2023-12-20T08:33:46.899-0800][54577344ms] GC(1542)   Evacuate Collection Set: 26.6ms
[2023-12-20T08:33:46.899-0800][54577344ms] GC(1542)   Post Evacuate Collection Set: 2.4ms
[2023-12-20T08:33:46.899-0800][54577344ms] GC(1542)   Other: 0.4ms
[2023-12-20T08:33:46.899-0800][54577344ms] GC(1542) Eden regions: 753->0(753)
[2023-12-20T08:33:46.899-0800][54577344ms] GC(1542) Survivor regions: 30->30(98)
[2023-12-20T08:33:46.899-0800][54577344ms] GC(1542) Old regions: 169->169
[2023-12-20T08:33:46.899-0800][54577344ms] GC(1542) Humongous regions: 5->5
[2023-12-20T08:33:46.899-0800][54577344ms] GC(1542) Metaspace: 256391K->256391K(1294336K)
[2023-12-20T08:33:46.899-0800][54577344ms] GC(1542) Pause Young (Normal) (G1 Evacuation Pause) 1912M->405M(2612M) 29.594ms
[2023-12-20T08:33:46.899-0800][54577344ms] GC(1542) User=0.13s Sys=0.00s Real=0.03s
[2023-12-20T08:33:47.605-0800][54578050ms] GC(1543) Pause Young (Normal) (G1 Evacuation Pause)
[2023-12-20T08:33:47.605-0800][54578050ms] GC(1543) Using 10 workers of 10 for evacuation
[2023-12-20T08:33:47.635-0800][54578080ms] GC(1543)   Pre Evacuate Collection Set: 0.0ms
[2023-12-20T08:33:47.635-0800][54578080ms] GC(1543)   Evacuate Collection Set: 26.9ms
[2023-12-20T08:33:47.635-0800][54578080ms] GC(1543)   Post Evacuate Collection Set: 2.3ms
[2023-12-20T08:33:47.635-0800][54578080ms] GC(1543)   Other: 0.4ms
[2023-12-20T08:33:47.635-0800][54578080ms] GC(1543) Eden regions: 753->0(753)
[2023-12-20T08:33:47.635-0800][54578080ms] GC(1543) Survivor regions: 30->30(98)
[2023-12-20T08:33:47.635-0800][54578080ms] GC(1543) Old regions: 169->169
[2023-12-20T08:33:47.635-0800][54578080ms] GC(1543) Humongous regions: 5->5
[2023-12-20T08:33:47.635-0800][54578080ms] GC(1543) Metaspace: 256391K->256391K(1294336K)
[2023-12-20T08:33:47.635-0800][54578080ms] GC(1543) Pause Young (Normal) (G1 Evacuation Pause) 1911M->406M(2612M) 29.725ms
[2023-12-20T08:33:47.635-0800][54578080ms] GC(1543) User=0.14s Sys=0.00s Real=0.03s
[2023-12-20T08:33:48.336-0800][54578781ms] GC(1544) Pause Young (Normal) (G1 Evacuation Pause)
[2023-12-20T08:33:48.336-0800][54578781ms] GC(1544) Using 10 workers of 10 for evacuation
[2023-12-20T08:33:48.366-0800][54578811ms] GC(1544)   Pre Evacuate Collection Set: 0.0ms
[2023-12-20T08:33:48.366-0800][54578811ms] GC(1544)   Evacuate Collection Set: 27.1ms
[2023-12-20T08:33:48.366-0800][54578811ms] GC(1544)   Post Evacuate Collection Set: 2.6ms
[2023-12-20T08:33:48.366-0800][54578811ms] GC(1544)   Other: 0.3ms
[2023-12-20T08:33:48.366-0800][54578811ms] GC(1544) Eden regions: 753->0(753)
[2023-12-20T08:33:48.366-0800][54578811ms] GC(1544) Survivor regions: 30->30(98)
[2023-12-20T08:33:48.366-0800][54578811ms] GC(1544) Old regions: 169->169
[2023-12-20T08:33:48.366-0800][54578811ms] GC(1544) Humongous regions: 5->5
[2023-12-20T08:33:48.366-0800][54578811ms] GC(1544) Metaspace: 256391K->256391K(1294336K)
[2023-12-20T08:33:48.366-0800][54578811ms] GC(1544) Pause Young (Normal) (G1 Evacuation Pause) 1912M->405M(2612M) 30.235ms
[2023-12-20T08:33:48.366-0800][54578811ms] GC(1544) User=0.13s Sys=0.00s Real=0.03s
[2023-12-20T08:33:49.077-0800][54579522ms] GC(1545) Pause Young (Normal) (G1 Evacuation Pause)
[2023-12-20T08:33:49.077-0800][54579522ms] GC(1545) Using 10 workers of 10 for evacuation
[2023-12-20T08:33:49.108-0800][54579553ms] GC(1545)   Pre Evacuate Collection Set: 0.0ms
[2023-12-20T08:33:49.108-0800][54579553ms] GC(1545)   Evacuate Collection Set: 28.0ms
[2023-12-20T08:33:49.108-0800][54579553ms] GC(1545)   Post Evacuate Collection Set: 2.5ms
[2023-12-20T08:33:49.108-0800][54579553ms] GC(1545)   Other: 0.3ms
[2023-12-20T08:33:49.108-0800][54579553ms] GC(1545) Eden regions: 753->0(753)
[2023-12-20T08:33:49.108-0800][54579553ms] GC(1545) Survivor regions: 30->30(98)
[2023-12-20T08:33:49.108-0800][54579553ms] GC(1545) Old regions: 169->169
[2023-12-20T08:33:49.108-0800][54579553ms] GC(1545) Humongous regions: 5->5
[2023-12-20T08:33:49.108-0800][54579553ms] GC(1545) Metaspace: 256391K->256391K(1294336K)
[2023-12-20T08:33:49.108-0800][54579553ms] GC(1545) Pause Young (Normal) (G1 Evacuation Pause) 1911M->405M(2612M) 30.979ms
[2023-12-20T08:33:49.108-0800][54579553ms] GC(1545) User=0.11s Sys=0.00s Real=0.03s
[2023-12-20T08:33:49.843-0800][54580288ms] GC(1546) Pause Young (Normal) (G1 Evacuation Pause)
[2023-12-20T08:33:49.843-0800][54580288ms] GC(1546) Using 10 workers of 10 for evacuation
[2023-12-20T08:33:49.872-0800][54580317ms] GC(1546)   Pre Evacuate Collection Set: 0.0ms
[2023-12-20T08:33:49.872-0800][54580317ms] GC(1546)   Evacuate Collection Set: 26.9ms
[2023-12-20T08:33:49.872-0800][54580317ms] GC(1546)   Post Evacuate Collection Set: 2.6ms
[2023-12-20T08:33:49.872-0800][54580317ms] GC(1546)   Other: 0.3ms
[2023-12-20T08:33:49.872-0800][54580317ms] GC(1546) Eden regions: 753->0(753)
[2023-12-20T08:33:49.872-0800][54580317ms] GC(1546) Survivor regions: 30->30(98)
[2023-12-20T08:33:49.872-0800][54580317ms] GC(1546) Old regions: 169->169
[2023-12-20T08:33:49.872-0800][54580317ms] GC(1546) Humongous regions: 5->5
[2023-12-20T08:33:49.872-0800][54580317ms] GC(1546) Metaspace: 256391K->256391K(1294336K)
[2023-12-20T08:33:49.872-0800][54580317ms] GC(1546) Pause Young (Normal) (G1 Evacuation Pause) 1911M->405M(2612M) 29.980ms
[2023-12-20T08:33:49.872-0800][54580317ms] GC(1546) User=0.08s Sys=0.00s Real=0.03s
[2023-12-20T08:33:50.675-0800][54581120ms] GC(1547) Pause Young (Normal) (G1 Evacuation Pause)
[2023-12-20T08:33:50.675-0800][54581120ms] GC(1547) Using 10 workers of 10 for evacuation
[2023-12-20T08:33:50.705-0800][54581150ms] GC(1547)   Pre Evacuate Collection Set: 0.0ms
[2023-12-20T08:33:50.705-0800][54581150ms] GC(1547)   Evacuate Collection Set: 27.0ms
[2023-12-20T08:33:50.705-0800][54581150ms] GC(1547)   Post Evacuate Collection Set: 2.5ms
[2023-12-20T08:33:50.705-0800][54581150ms] GC(1547)   Other: 0.4ms
[2023-12-20T08:33:50.705-0800][54581150ms] GC(1547) Eden regions: 753->0(753)
[2023-12-20T08:33:50.705-0800][54581150ms] GC(1547) Survivor regions: 30->30(98)
[2023-12-20T08:33:50.705-0800][54581150ms] GC(1547) Old regions: 169->169
[2023-12-20T08:33:50.705-0800][54581150ms] GC(1547) Humongous regions: 5->5
[2023-12-20T08:33:50.705-0800][54581150ms] GC(1547) Metaspace: 256391K->256391K(1294336K)
[2023-12-20T08:33:50.705-0800][54581150ms] GC(1547) Pause Young (Normal) (G1 Evacuation Pause) 1911M->405M(2612M) 30.045ms
[2023-12-20T08:33:50.705-0800][54581150ms] GC(1547) User=0.13s Sys=0.00s Real=0.03s
[2023-12-20T08:33:51.463-0800][54581908ms] GC(1548) Pause Young (Normal) (G1 Evacuation Pause)
[2023-12-20T08:33:51.463-0800][54581908ms] GC(1548) Using 10 workers of 10 for evacuation
[2023-12-20T08:33:51.493-0800][54581938ms] GC(1548)   Pre Evacuate Collection Set: 0.0ms
[2023-12-20T08:33:51.493-0800][54581938ms] GC(1548)   Evacuate Collection Set: 27.1ms
[2023-12-20T08:33:51.493-0800][54581938ms] GC(1548)   Post Evacuate Collection Set: 2.5ms
[2023-12-20T08:33:51.493-0800][54581938ms] GC(1548)   Other: 0.3ms
[2023-12-20T08:33:51.493-0800][54581938ms] GC(1548) Eden regions: 753->0(753)
[2023-12-20T08:33:51.493-0800][54581938ms] GC(1548) Survivor regions: 30->30(98)
[2023-12-20T08:33:51.493-0800][54581938ms] GC(1548) Old regions: 169->169
[2023-12-20T08:33:51.493-0800][54581938ms] GC(1548) Humongous regions: 5->5
[2023-12-20T08:33:51.493-0800][54581938ms] GC(1548) Metaspace: 256391K->256391K(1294336K)
[2023-12-20T08:33:51.493-0800][54581938ms] GC(1548) Pause Young (Normal) (G1 Evacuation Pause) 1911M->406M(2612M) 30.079ms
[2023-12-20T08:33:51.493-0800][54581938ms] GC(1548) User=0.09s Sys=0.00s Real=0.03s
[2023-12-20T08:33:52.231-0800][54582676ms] GC(1549) Pause Young (Normal) (G1 Evacuation Pause)
[2023-12-20T08:33:52.231-0800][54582676ms] GC(1549) Using 10 workers of 10 for evacuation
[2023-12-20T08:33:52.262-0800][54582707ms] GC(1549)   Pre Evacuate Collection Set: 0.0ms
[2023-12-20T08:33:52.262-0800][54582707ms] GC(1549)   Evacuate Collection Set: 28.3ms
[2023-12-20T08:33:52.262-0800][54582707ms] GC(1549)   Post Evacuate Collection Set: 2.4ms
[2023-12-20T08:33:52.262-0800][54582707ms] GC(1549)   Other: 0.4ms
[2023-12-20T08:33:52.262-0800][54582707ms] GC(1549) Eden regions: 753->0(753)
[2023-12-20T08:33:52.262-0800][54582707ms] GC(1549) Survivor regions: 30->30(98)
[2023-12-20T08:33:52.262-0800][54582707ms] GC(1549) Old regions: 169->169
[2023-12-20T08:33:52.262-0800][54582707ms] GC(1549) Humongous regions: 5->5
[2023-12-20T08:33:52.262-0800][54582707ms] GC(1549) Metaspace: 256391K->256391K(1294336K)
[2023-12-20T08:33:52.262-0800][54582707ms] GC(1549) Pause Young (Normal) (G1 Evacuation Pause) 1912M->405M(2612M) 31.254ms
[2023-12-20T08:33:52.262-0800][54582707ms] GC(1549) User=0.17s Sys=0.00s Real=0.03s
[2023-12-20T08:33:53.024-0800][54583469ms] GC(1550) Pause Young (Normal) (G1 Evacuation Pause)
[2023-12-20T08:33:53.024-0800][54583469ms] GC(1550) Using 10 workers of 10 for evacuation
[2023-12-20T08:33:53.056-0800][54583501ms] GC(1550)   Pre Evacuate Collection Set: 0.0ms
[2023-12-20T08:33:53.056-0800][54583501ms] GC(1550)   Evacuate Collection Set: 28.4ms
[2023-12-20T08:33:53.056-0800][54583501ms] GC(1550)   Post Evacuate Collection Set: 3.3ms
[2023-12-20T08:33:53.056-0800][54583501ms] GC(1550)   Other: 0.4ms
[2023-12-20T08:33:53.056-0800][54583501ms] GC(1550) Eden regions: 753->0(753)
[2023-12-20T08:33:53.056-0800][54583501ms] GC(1550) Survivor regions: 30->30(98)
[2023-12-20T08:33:53.056-0800][54583501ms] GC(1550) Old regions: 169->169
[2023-12-20T08:33:53.056-0800][54583501ms] GC(1550) Humongous regions: 5->5
[2023-12-20T08:33:53.056-0800][54583501ms] GC(1550) Metaspace: 256391K->256391K(1294336K)
[2023-12-20T08:33:53.056-0800][54583501ms] GC(1550) Pause Young (Normal) (G1 Evacuation Pause) 1911M->405M(2612M) 32.180ms
[2023-12-20T08:33:53.056-0800][54583501ms] GC(1550) User=0.16s Sys=0.00s Real=0.03s
[2023-12-20T08:33:53.828-0800][54584273ms] GC(1551) Pause Young (Normal) (G1 Evacuation Pause)
[2023-12-20T08:33:53.828-0800][54584273ms] GC(1551) Using 10 workers of 10 for evacuation
[2023-12-20T08:33:53.858-0800][54584303ms] GC(1551)   Pre Evacuate Collection Set: 0.0ms
[2023-12-20T08:33:53.858-0800][54584303ms] GC(1551)   Evacuate Collection Set: 27.4ms
[2023-12-20T08:33:53.858-0800][54584303ms] GC(1551)   Post Evacuate Collection Set: 2.4ms
[2023-12-20T08:33:53.858-0800][54584303ms] GC(1551)   Other: 0.3ms
[2023-12-20T08:33:53.858-0800][54584303ms] GC(1551) Eden regions: 753->0(753)
[2023-12-20T08:33:53.858-0800][54584303ms] GC(1551) Survivor regions: 30->30(98)
[2023-12-20T08:33:53.858-0800][54584303ms] GC(1551) Old regions: 169->169
[2023-12-20T08:33:53.858-0800][54584303ms] GC(1551) Humongous regions: 5->5
[2023-12-20T08:33:53.858-0800][54584303ms] GC(1551) Metaspace: 256391K->256391K(1294336K)
[2023-12-20T08:33:53.858-0800][54584303ms] GC(1551) Pause Young (Normal) (G1 Evacuation Pause) 1911M->405M(2612M) 30.255ms
[2023-12-20T08:33:53.858-0800][54584303ms] GC(1551) User=0.09s Sys=0.00s Real=0.03s
[2023-12-20T08:33:54.665-0800][54585110ms] GC(1552) Pause Young (Normal) (G1 Evacuation Pause)
[2023-12-20T08:33:54.665-0800][54585110ms] GC(1552) Using 10 workers of 10 for evacuation
[2023-12-20T08:33:54.695-0800][54585140ms] GC(1552)   Pre Evacuate Collection Set: 0.0ms
[2023-12-20T08:33:54.695-0800][54585140ms] GC(1552)   Evacuate Collection Set: 26.8ms
[2023-12-20T08:33:54.695-0800][54585140ms] GC(1552)   Post Evacuate Collection Set: 2.4ms
[2023-12-20T08:33:54.695-0800][54585140ms] GC(1552)   Other: 0.3ms
[2023-12-20T08:33:54.695-0800][54585140ms] GC(1552) Eden regions: 753->0(753)
[2023-12-20T08:33:54.695-0800][54585140ms] GC(1552) Survivor regions: 30->30(98)
[2023-12-20T08:33:54.695-0800][54585140ms] GC(1552) Old regions: 169->169
[2023-12-20T08:33:54.695-0800][54585140ms] GC(1552) Humongous regions: 5->5
[2023-12-20T08:33:54.695-0800][54585140ms] GC(1552) Metaspace: 256391K->256391K(1294336K)
[2023-12-20T08:33:54.695-0800][54585140ms] GC(1552) Pause Young (Normal) (G1 Evacuation Pause) 1911M->406M(2612M) 29.725ms
[2023-12-20T08:33:54.695-0800][54585140ms] GC(1552) User=0.11s Sys=0.00s Real=0.03s
[2023-12-20T08:33:55.521-0800][54585966ms] GC(1553) Pause Young (Normal) (GCLocker Initiated GC)
[2023-12-20T08:33:55.521-0800][54585966ms] GC(1553) Using 10 workers of 10 for evacuation
[2023-12-20T08:33:55.550-0800][54585995ms] GC(1553)   Pre Evacuate Collection Set: 0.0ms
[2023-12-20T08:33:55.550-0800][54585995ms] GC(1553)   Evacuate Collection Set: 26.9ms
[2023-12-20T08:33:55.550-0800][54585995ms] GC(1553)   Post Evacuate Collection Set: 2.5ms
[2023-12-20T08:33:55.550-0800][54585995ms] GC(1553)   Other: 0.4ms
[2023-12-20T08:33:55.550-0800][54585995ms] GC(1553) Eden regions: 754->0(752)
[2023-12-20T08:33:55.550-0800][54585995ms] GC(1553) Survivor regions: 30->31(98)
[2023-12-20T08:33:55.550-0800][54585995ms] GC(1553) Old regions: 169->169
[2023-12-20T08:33:55.550-0800][54585995ms] GC(1553) Humongous regions: 5->5
[2023-12-20T08:33:55.550-0800][54585995ms] GC(1553) Metaspace: 256392K->256392K(1294336K)
[2023-12-20T08:33:55.550-0800][54585995ms] GC(1553) Pause Young (Normal) (GCLocker Initiated GC) 1913M->407M(2612M) 29.930ms
[2023-12-20T08:33:55.551-0800][54585996ms] GC(1553) User=0.09s Sys=0.00s Real=0.03s
[2023-12-20T08:33:56.361-0800][54586806ms] GC(1554) Pause Young (Normal) (GCLocker Initiated GC)
[2023-12-20T08:33:56.361-0800][54586806ms] GC(1554) Using 10 workers of 10 for evacuation
[2023-12-20T08:33:56.391-0800][54586836ms] GC(1554)   Pre Evacuate Collection Set: 0.0ms
[2023-12-20T08:33:56.391-0800][54586836ms] GC(1554)   Evacuate Collection Set: 26.8ms
[2023-12-20T08:33:56.391-0800][54586836ms] GC(1554)   Post Evacuate Collection Set: 2.5ms
[2023-12-20T08:33:56.391-0800][54586836ms] GC(1554)   Other: 0.4ms
[2023-12-20T08:33:56.391-0800][54586836ms] GC(1554) Eden regions: 753->0(752)
[2023-12-20T08:33:56.391-0800][54586836ms] GC(1554) Survivor regions: 31->31(98)
[2023-12-20T08:33:56.391-0800][54586836ms] GC(1554) Old regions: 169->169
[2023-12-20T08:33:56.391-0800][54586836ms] GC(1554) Humongous regions: 5->5
[2023-12-20T08:33:56.391-0800][54586836ms] GC(1554) Metaspace: 256392K->256392K(1294336K)
[2023-12-20T08:33:56.391-0800][54586836ms] GC(1554) Pause Young (Normal) (GCLocker Initiated GC) 1912M->407M(2612M) 29.904ms
[2023-12-20T08:33:56.391-0800][54586836ms] GC(1554) User=0.09s Sys=0.00s Real=0.03s
[2023-12-20T08:33:57.302-0800][54587747ms] GC(1555) Pause Young (Normal) (GCLocker Initiated GC)
[2023-12-20T08:33:57.302-0800][54587747ms] GC(1555) Using 10 workers of 10 for evacuation
[2023-12-20T08:33:57.332-0800][54587777ms] GC(1555)   Pre Evacuate Collection Set: 0.0ms
[2023-12-20T08:33:57.333-0800][54587778ms] GC(1555)   Evacuate Collection Set: 27.8ms
[2023-12-20T08:33:57.333-0800][54587778ms] GC(1555)   Post Evacuate Collection Set: 2.4ms
[2023-12-20T08:33:57.333-0800][54587778ms] GC(1555)   Other: 0.4ms
[2023-12-20T08:33:57.333-0800][54587778ms] GC(1555) Eden regions: 752->0(753)
[2023-12-20T08:33:57.333-0800][54587778ms] GC(1555) Survivor regions: 31->30(98)
[2023-12-20T08:33:57.333-0800][54587778ms] GC(1555) Old regions: 169->169
[2023-12-20T08:33:57.333-0800][54587778ms] GC(1555) Humongous regions: 5->5
[2023-12-20T08:33:57.333-0800][54587778ms] GC(1555) Metaspace: 256392K->256392K(1294336K)
[2023-12-20T08:33:57.333-0800][54587778ms] GC(1555) Pause Young (Normal) (GCLocker Initiated GC) 1911M->406M(2612M) 30.859ms
[2023-12-20T08:33:57.333-0800][54587778ms] GC(1555) User=0.09s Sys=0.00s Real=0.03s
[2023-12-20T08:33:58.176-0800][54588622ms] GC(1556) Pause Young (Normal) (G1 Evacuation Pause)
[2023-12-20T08:33:58.177-0800][54588622ms] GC(1556) Using 10 workers of 10 for evacuation
[2023-12-20T08:33:58.205-0800][54588650ms] GC(1556)   Pre Evacuate Collection Set: 0.0ms
[2023-12-20T08:33:58.205-0800][54588650ms] GC(1556)   Evacuate Collection Set: 26.5ms
[2023-12-20T08:33:58.205-0800][54588650ms] GC(1556)   Post Evacuate Collection Set: 2.4ms
[2023-12-20T08:33:58.205-0800][54588650ms] GC(1556)   Other: 0.4ms
[2023-12-20T08:33:58.205-0800][54588650ms] GC(1556) Eden regions: 753->0(752)
[2023-12-20T08:33:58.205-0800][54588650ms] GC(1556) Survivor regions: 30->31(98)
[2023-12-20T08:33:58.205-0800][54588650ms] GC(1556) Old regions: 169->169
[2023-12-20T08:33:58.205-0800][54588650ms] GC(1556) Humongous regions: 5->5
[2023-12-20T08:33:58.205-0800][54588650ms] GC(1556) Metaspace: 256392K->256392K(1294336K)
[2023-12-20T08:33:58.205-0800][54588650ms] GC(1556) Pause Young (Normal) (G1 Evacuation Pause) 1912M->407M(2612M) 29.442ms
[2023-12-20T08:33:58.205-0800][54588650ms] GC(1556) User=0.09s Sys=0.00s Real=0.03s
[2023-12-20T08:33:59.054-0800][54589499ms] GC(1557) Pause Young (Normal) (G1 Evacuation Pause)
[2023-12-20T08:33:59.054-0800][54589499ms] GC(1557) Using 10 workers of 10 for evacuation
[2023-12-20T08:33:59.083-0800][54589528ms] GC(1557)   Pre Evacuate Collection Set: 0.0ms
[2023-12-20T08:33:59.083-0800][54589528ms] GC(1557)   Evacuate Collection Set: 26.1ms
[2023-12-20T08:33:59.083-0800][54589528ms] GC(1557)   Post Evacuate Collection Set: 2.4ms
[2023-12-20T08:33:59.083-0800][54589528ms] GC(1557)   Other: 0.4ms
[2023-12-20T08:33:59.083-0800][54589528ms] GC(1557) Eden regions: 752->0(752)
[2023-12-20T08:33:59.083-0800][54589528ms] GC(1557) Survivor regions: 31->31(98)
[2023-12-20T08:33:59.083-0800][54589528ms] GC(1557) Old regions: 169->169
[2023-12-20T08:33:59.083-0800][54589528ms] GC(1557) Humongous regions: 5->5
[2023-12-20T08:33:59.083-0800][54589528ms] GC(1557) Metaspace: 256392K->256392K(1294336K)
[2023-12-20T08:33:59.083-0800][54589528ms] GC(1557) Pause Young (Normal) (G1 Evacuation Pause) 1911M->407M(2612M) 29.066ms
[2023-12-20T08:33:59.083-0800][54589528ms] GC(1557) User=0.05s Sys=0.00s Real=0.03s
[2023-12-20T08:33:59.806-0800][54590251ms] GC(1558) Pause Young (Normal) (G1 Evacuation Pause)
[2023-12-20T08:33:59.806-0800][54590251ms] GC(1558) Using 10 workers of 10 for evacuation
[2023-12-20T08:33:59.836-0800][54590281ms] GC(1558)   Pre Evacuate Collection Set: 0.0ms
[2023-12-20T08:33:59.836-0800][54590281ms] GC(1558)   Evacuate Collection Set: 26.6ms
[2023-12-20T08:33:59.836-0800][54590281ms] GC(1558)   Post Evacuate Collection Set: 2.4ms
[2023-12-20T08:33:59.836-0800][54590281ms] GC(1558)   Other: 0.4ms
[2023-12-20T08:33:59.836-0800][54590281ms] GC(1558) Eden regions: 752->0(752)
[2023-12-20T08:33:59.836-0800][54590281ms] GC(1558) Survivor regions: 31->31(98)
[2023-12-20T08:33:59.836-0800][54590281ms] GC(1558) Old regions: 169->169
[2023-12-20T08:33:59.836-0800][54590281ms] GC(1558) Humongous regions: 5->5
[2023-12-20T08:33:59.836-0800][54590281ms] GC(1558) Metaspace: 256392K->256392K(1294336K)
[2023-12-20T08:33:59.836-0800][54590281ms] GC(1558) Pause Young (Normal) (G1 Evacuation Pause) 1911M->407M(2612M) 29.520ms
[2023-12-20T08:33:59.836-0800][54590281ms] GC(1558) User=0.11s Sys=0.00s Real=0.03s
[2023-12-20T08:34:00.493-0800][54590938ms] GC(1559) Pause Young (Normal) (G1 Evacuation Pause)
[2023-12-20T08:34:00.493-0800][54590938ms] GC(1559) Using 10 workers of 10 for evacuation
[2023-12-20T08:34:00.523-0800][54590968ms] GC(1559)   Pre Evacuate Collection Set: 0.0ms
[2023-12-20T08:34:00.523-0800][54590968ms] GC(1559)   Evacuate Collection Set: 28.0ms
[2023-12-20T08:34:00.523-0800][54590968ms] GC(1559)   Post Evacuate Collection Set: 2.5ms
[2023-12-20T08:34:00.523-0800][54590968ms] GC(1559)   Other: 0.4ms
[2023-12-20T08:34:00.523-0800][54590968ms] GC(1559) Eden regions: 752->0(753)
[2023-12-20T08:34:00.523-0800][54590968ms] GC(1559) Survivor regions: 31->30(98)
[2023-12-20T08:34:00.523-0800][54590968ms] GC(1559) Old regions: 169->169
[2023-12-20T08:34:00.523-0800][54590968ms] GC(1559) Humongous regions: 5->5
[2023-12-20T08:34:00.523-0800][54590968ms] GC(1559) Metaspace: 256392K->256392K(1294336K)
[2023-12-20T08:34:00.523-0800][54590968ms] GC(1559) Pause Young (Normal) (G1 Evacuation Pause) 1911M->406M(2612M) 31.013ms
[2023-12-20T08:34:00.523-0800][54590968ms] GC(1559) User=0.05s Sys=0.00s Real=0.03s
[2023-12-20T08:34:01.115-0800][54591560ms] GC(1560) Pause Young (Normal) (G1 Evacuation Pause)
[2023-12-20T08:34:01.115-0800][54591560ms] GC(1560) Using 10 workers of 10 for evacuation
[2023-12-20T08:34:01.144-0800][54591589ms] GC(1560)   Pre Evacuate Collection Set: 0.0ms
[2023-12-20T08:34:01.144-0800][54591589ms] GC(1560)   Evacuate Collection Set: 26.7ms
[2023-12-20T08:34:01.144-0800][54591589ms] GC(1560)   Post Evacuate Collection Set: 2.3ms
[2023-12-20T08:34:01.144-0800][54591589ms] GC(1560)   Other: 0.4ms
[2023-12-20T08:34:01.144-0800][54591589ms] GC(1560) Eden regions: 753->0(753)
[2023-12-20T08:34:01.144-0800][54591589ms] GC(1560) Survivor regions: 30->30(98)
[2023-12-20T08:34:01.144-0800][54591589ms] GC(1560) Old regions: 169->169
[2023-12-20T08:34:01.144-0800][54591589ms] GC(1560) Humongous regions: 5->5
[2023-12-20T08:34:01.144-0800][54591589ms] GC(1560) Metaspace: 256392K->256392K(1294336K)
[2023-12-20T08:34:01.144-0800][54591589ms] GC(1560) Pause Young (Normal) (G1 Evacuation Pause) 1912M->406M(2612M) 29.472ms
[2023-12-20T08:34:01.144-0800][54591589ms] GC(1560) User=0.11s Sys=0.00s Real=0.03s
[2023-12-20T08:34:01.779-0800][54592224ms] GC(1561) Pause Young (Normal) (G1 Evacuation Pause)
[2023-12-20T08:34:01.779-0800][54592224ms] GC(1561) Using 10 workers of 10 for evacuation
[2023-12-20T08:34:01.809-0800][54592254ms] GC(1561)   Pre Evacuate Collection Set: 0.0ms
[2023-12-20T08:34:01.809-0800][54592254ms] GC(1561)   Evacuate Collection Set: 27.7ms
[2023-12-20T08:34:01.809-0800][54592254ms] GC(1561)   Post Evacuate Collection Set: 2.7ms
[2023-12-20T08:34:01.809-0800][54592254ms] GC(1561)   Other: 0.4ms
[2023-12-20T08:34:01.809-0800][54592254ms] GC(1561) Eden regions: 753->0(752)
[2023-12-20T08:34:01.809-0800][54592254ms] GC(1561) Survivor regions: 30->31(98)
[2023-12-20T08:34:01.809-0800][54592254ms] GC(1561) Old regions: 169->169
[2023-12-20T08:34:01.809-0800][54592254ms] GC(1561) Humongous regions: 5->5
[2023-12-20T08:34:01.809-0800][54592254ms] GC(1561) Metaspace: 256392K->256392K(1294336K)
[2023-12-20T08:34:01.809-0800][54592254ms] GC(1561) Pause Young (Normal) (G1 Evacuation Pause) 1912M->407M(2612M) 30.967ms
[2023-12-20T08:34:01.809-0800][54592254ms] GC(1561) User=0.16s Sys=0.00s Real=0.03s
[2023-12-20T08:34:02.472-0800][54592917ms] GC(1562) Pause Young (Normal) (G1 Evacuation Pause)
[2023-12-20T08:34:02.472-0800][54592917ms] GC(1562) Using 10 workers of 10 for evacuation
[2023-12-20T08:34:02.501-0800][54592946ms] GC(1562)   Pre Evacuate Collection Set: 0.0ms
[2023-12-20T08:34:02.501-0800][54592946ms] GC(1562)   Evacuate Collection Set: 25.8ms
[2023-12-20T08:34:02.501-0800][54592946ms] GC(1562)   Post Evacuate Collection Set: 2.4ms
[2023-12-20T08:34:02.501-0800][54592946ms] GC(1562)   Other: 0.4ms
[2023-12-20T08:34:02.501-0800][54592946ms] GC(1562) Eden regions: 752->0(752)
[2023-12-20T08:34:02.501-0800][54592946ms] GC(1562) Survivor regions: 31->31(98)
[2023-12-20T08:34:02.501-0800][54592946ms] GC(1562) Old regions: 169->169
[2023-12-20T08:34:02.501-0800][54592946ms] GC(1562) Humongous regions: 5->5
[2023-12-20T08:34:02.501-0800][54592946ms] GC(1562) Metaspace: 256392K->256392K(1294336K)
[2023-12-20T08:34:02.501-0800][54592946ms] GC(1562) Pause Young (Normal) (G1 Evacuation Pause) 1911M->407M(2612M) 28.721ms
[2023-12-20T08:34:02.501-0800][54592946ms] GC(1562) User=0.09s Sys=0.00s Real=0.03s
[2023-12-20T08:34:03.163-0800][54593608ms] GC(1563) Pause Young (Normal) (G1 Evacuation Pause)
[2023-12-20T08:34:03.164-0800][54593609ms] GC(1563) Using 10 workers of 10 for evacuation
[2023-12-20T08:34:03.192-0800][54593637ms] GC(1563)   Pre Evacuate Collection Set: 0.0ms
[2023-12-20T08:34:03.193-0800][54593638ms] GC(1563)   Evacuate Collection Set: 26.6ms
[2023-12-20T08:34:03.193-0800][54593638ms] GC(1563)   Post Evacuate Collection Set: 2.4ms
[2023-12-20T08:34:03.193-0800][54593638ms] GC(1563)   Other: 0.4ms
[2023-12-20T08:34:03.193-0800][54593638ms] GC(1563) Eden regions: 752->0(752)
[2023-12-20T08:34:03.193-0800][54593638ms] GC(1563) Survivor regions: 31->31(98)
[2023-12-20T08:34:03.193-0800][54593638ms] GC(1563) Old regions: 169->169
[2023-12-20T08:34:03.193-0800][54593638ms] GC(1563) Humongous regions: 5->5
[2023-12-20T08:34:03.193-0800][54593638ms] GC(1563) Metaspace: 256392K->256392K(1294336K)
[2023-12-20T08:34:03.193-0800][54593638ms] GC(1563) Pause Young (Normal) (G1 Evacuation Pause) 1911M->407M(2612M) 29.569ms
[2023-12-20T08:34:03.193-0800][54593638ms] GC(1563) User=0.09s Sys=0.00s Real=0.03s
[2023-12-20T08:34:03.841-0800][54594286ms] GC(1564) Pause Young (Normal) (G1 Evacuation Pause)
[2023-12-20T08:34:03.841-0800][54594286ms] GC(1564) Using 10 workers of 10 for evacuation
[2023-12-20T08:34:03.869-0800][54594314ms] GC(1564)   Pre Evacuate Collection Set: 0.0ms
[2023-12-20T08:34:03.869-0800][54594314ms] GC(1564)   Evacuate Collection Set: 25.5ms
[2023-12-20T08:34:03.869-0800][54594314ms] GC(1564)   Post Evacuate Collection Set: 2.3ms
[2023-12-20T08:34:03.869-0800][54594314ms] GC(1564)   Other: 0.4ms
[2023-12-20T08:34:03.869-0800][54594314ms] GC(1564) Eden regions: 752->0(752)
[2023-12-20T08:34:03.869-0800][54594314ms] GC(1564) Survivor regions: 31->31(98)
[2023-12-20T08:34:03.869-0800][54594314ms] GC(1564) Old regions: 169->169
[2023-12-20T08:34:03.869-0800][54594314ms] GC(1564) Humongous regions: 5->5
[2023-12-20T08:34:03.869-0800][54594314ms] GC(1564) Metaspace: 256392K->256392K(1294336K)
[2023-12-20T08:34:03.869-0800][54594314ms] GC(1564) Pause Young (Normal) (G1 Evacuation Pause) 1911M->407M(2612M) 28.293ms
[2023-12-20T08:34:03.869-0800][54594314ms] GC(1564) User=0.05s Sys=0.02s Real=0.03s
[2023-12-20T08:34:04.542-0800][54594987ms] GC(1565) Pause Young (Normal) (G1 Evacuation Pause)
[2023-12-20T08:34:04.542-0800][54594987ms] GC(1565) Using 10 workers of 10 for evacuation
[2023-12-20T08:34:04.570-0800][54595015ms] GC(1565)   Pre Evacuate Collection Set: 0.0ms
[2023-12-20T08:34:04.570-0800][54595015ms] GC(1565)   Evacuate Collection Set: 25.7ms
[2023-12-20T08:34:04.570-0800][54595015ms] GC(1565)   Post Evacuate Collection Set: 2.4ms
[2023-12-20T08:34:04.570-0800][54595015ms] GC(1565)   Other: 0.4ms
[2023-12-20T08:34:04.570-0800][54595015ms] GC(1565) Eden regions: 752->0(752)
[2023-12-20T08:34:04.570-0800][54595015ms] GC(1565) Survivor regions: 31->31(98)
[2023-12-20T08:34:04.570-0800][54595015ms] GC(1565) Old regions: 169->169
[2023-12-20T08:34:04.570-0800][54595015ms] GC(1565) Humongous regions: 5->5
[2023-12-20T08:34:04.570-0800][54595015ms] GC(1565) Metaspace: 256392K->256392K(1294336K)
[2023-12-20T08:34:04.570-0800][54595015ms] GC(1565) Pause Young (Normal) (G1 Evacuation Pause) 1911M->407M(2612M) 28.599ms
[2023-12-20T08:34:04.571-0800][54595016ms] GC(1565) User=0.02s Sys=0.00s Real=0.03s
[2023-12-20T08:34:05.273-0800][54595718ms] GC(1566) Pause Young (Normal) (G1 Evacuation Pause)
[2023-12-20T08:34:05.273-0800][54595718ms] GC(1566) Using 10 workers of 10 for evacuation
[2023-12-20T08:34:05.304-0800][54595749ms] GC(1566)   Pre Evacuate Collection Set: 0.0ms
[2023-12-20T08:34:05.304-0800][54595749ms] GC(1566)   Evacuate Collection Set: 27.7ms
[2023-12-20T08:34:05.304-0800][54595749ms] GC(1566)   Post Evacuate Collection Set: 2.6ms
[2023-12-20T08:34:05.304-0800][54595749ms] GC(1566)   Other: 0.4ms
[2023-12-20T08:34:05.304-0800][54595749ms] GC(1566) Eden regions: 752->0(752)
[2023-12-20T08:34:05.304-0800][54595749ms] GC(1566) Survivor regions: 31->31(98)
[2023-12-20T08:34:05.304-0800][54595749ms] GC(1566) Old regions: 169->169
[2023-12-20T08:34:05.304-0800][54595749ms] GC(1566) Humongous regions: 5->5
[2023-12-20T08:34:05.304-0800][54595749ms] GC(1566) Metaspace: 256392K->256392K(1294336K)
[2023-12-20T08:34:05.304-0800][54595749ms] GC(1566) Pause Young (Normal) (G1 Evacuation Pause) 1911M->407M(2612M) 30.940ms
[2023-12-20T08:34:05.304-0800][54595749ms] GC(1566) User=0.16s Sys=0.00s Real=0.03s
[2023-12-20T08:34:05.999-0800][54596444ms] GC(1567) Pause Young (Normal) (G1 Evacuation Pause)
[2023-12-20T08:34:05.999-0800][54596444ms] GC(1567) Using 10 workers of 10 for evacuation
[2023-12-20T08:34:06.028-0800][54596473ms] GC(1567)   Pre Evacuate Collection Set: 0.0ms
[2023-12-20T08:34:06.028-0800][54596473ms] GC(1567)   Evacuate Collection Set: 26.8ms
[2023-12-20T08:34:06.028-0800][54596473ms] GC(1567)   Post Evacuate Collection Set: 2.5ms
[2023-12-20T08:34:06.028-0800][54596473ms] GC(1567)   Other: 0.4ms
[2023-12-20T08:34:06.028-0800][54596473ms] GC(1567) Eden regions: 752->0(752)
[2023-12-20T08:34:06.028-0800][54596473ms] GC(1567) Survivor regions: 31->31(98)
[2023-12-20T08:34:06.028-0800][54596473ms] GC(1567) Old regions: 169->169
[2023-12-20T08:34:06.028-0800][54596473ms] GC(1567) Humongous regions: 5->5
[2023-12-20T08:34:06.028-0800][54596473ms] GC(1567) Metaspace: 256392K->256392K(1294336K)
[2023-12-20T08:34:06.028-0800][54596473ms] GC(1567) Pause Young (Normal) (G1 Evacuation Pause) 1911M->407M(2612M) 29.725ms
[2023-12-20T08:34:06.028-0800][54596473ms] GC(1567) User=0.13s Sys=0.00s Real=0.03s
[2023-12-20T08:34:06.716-0800][54597161ms] GC(1568) Pause Young (Normal) (G1 Evacuation Pause)
[2023-12-20T08:34:06.716-0800][54597161ms] GC(1568) Using 10 workers of 10 for evacuation
[2023-12-20T08:34:06.746-0800][54597191ms] GC(1568)   Pre Evacuate Collection Set: 0.1ms
[2023-12-20T08:34:06.746-0800][54597191ms] GC(1568)   Evacuate Collection Set: 26.9ms
[2023-12-20T08:34:06.746-0800][54597191ms] GC(1568)   Post Evacuate Collection Set: 2.5ms
[2023-12-20T08:34:06.746-0800][54597191ms] GC(1568)   Other: 0.4ms
[2023-12-20T08:34:06.746-0800][54597191ms] GC(1568) Eden regions: 752->0(753)
[2023-12-20T08:34:06.746-0800][54597191ms] GC(1568) Survivor regions: 31->30(98)
[2023-12-20T08:34:06.746-0800][54597191ms] GC(1568) Old regions: 169->169
[2023-12-20T08:34:06.746-0800][54597191ms] GC(1568) Humongous regions: 5->5
[2023-12-20T08:34:06.746-0800][54597191ms] GC(1568) Metaspace: 256392K->256392K(1294336K)
[2023-12-20T08:34:06.746-0800][54597191ms] GC(1568) Pause Young (Normal) (G1 Evacuation Pause) 1911M->407M(2612M) 29.905ms
[2023-12-20T08:34:06.746-0800][54597191ms] GC(1568) User=0.08s Sys=0.00s Real=0.03s
[2023-12-20T08:34:07.381-0800][54597826ms] GC(1569) Pause Young (Normal) (G1 Evacuation Pause)
[2023-12-20T08:34:07.381-0800][54597826ms] GC(1569) Using 10 workers of 10 for evacuation
[2023-12-20T08:34:07.410-0800][54597855ms] GC(1569)   Pre Evacuate Collection Set: 0.0ms
[2023-12-20T08:34:07.410-0800][54597855ms] GC(1569)   Evacuate Collection Set: 26.2ms
[2023-12-20T08:34:07.410-0800][54597855ms] GC(1569)   Post Evacuate Collection Set: 2.5ms
[2023-12-20T08:34:07.410-0800][54597855ms] GC(1569)   Other: 0.4ms
[2023-12-20T08:34:07.410-0800][54597855ms] GC(1569) Eden regions: 753->0(753)
[2023-12-20T08:34:07.410-0800][54597855ms] GC(1569) Survivor regions: 30->30(98)
[2023-12-20T08:34:07.410-0800][54597855ms] GC(1569) Old regions: 169->169
[2023-12-20T08:34:07.410-0800][54597855ms] GC(1569) Humongous regions: 5->5
[2023-12-20T08:34:07.410-0800][54597855ms] GC(1569) Metaspace: 256392K->256392K(1294336K)
[2023-12-20T08:34:07.410-0800][54597855ms] GC(1569) Pause Young (Normal) (G1 Evacuation Pause) 1913M->407M(2612M) 29.189ms
[2023-12-20T08:34:07.410-0800][54597855ms] GC(1569) User=0.16s Sys=0.00s Real=0.03s
[2023-12-20T08:34:08.002-0800][54598447ms] GC(1570) Pause Young (Normal) (G1 Evacuation Pause)
[2023-12-20T08:34:08.002-0800][54598447ms] GC(1570) Using 10 workers of 10 for evacuation
[2023-12-20T08:34:08.030-0800][54598475ms] GC(1570)   Pre Evacuate Collection Set: 0.0ms
[2023-12-20T08:34:08.031-0800][54598476ms] GC(1570)   Evacuate Collection Set: 26.1ms
[2023-12-20T08:34:08.031-0800][54598476ms] GC(1570)   Post Evacuate Collection Set: 2.3ms
[2023-12-20T08:34:08.031-0800][54598476ms] GC(1570)   Other: 0.4ms
[2023-12-20T08:34:08.031-0800][54598476ms] GC(1570) Eden regions: 753->0(753)
[2023-12-20T08:34:08.031-0800][54598476ms] GC(1570) Survivor regions: 30->30(98)
[2023-12-20T08:34:08.031-0800][54598476ms] GC(1570) Old regions: 169->169
[2023-12-20T08:34:08.031-0800][54598476ms] GC(1570) Humongous regions: 5->5
[2023-12-20T08:34:08.031-0800][54598476ms] GC(1570) Metaspace: 256392K->256392K(1294336K)
[2023-12-20T08:34:08.031-0800][54598476ms] GC(1570) Pause Young (Normal) (G1 Evacuation Pause) 1913M->407M(2612M) 28.929ms
[2023-12-20T08:34:08.031-0800][54598476ms] GC(1570) User=0.06s Sys=0.00s Real=0.03s
[2023-12-20T08:34:08.644-0800][54599089ms] GC(1571) Pause Young (Normal) (G1 Evacuation Pause)
[2023-12-20T08:34:08.644-0800][54599089ms] GC(1571) Using 10 workers of 10 for evacuation
[2023-12-20T08:34:08.672-0800][54599117ms] GC(1571)   Pre Evacuate Collection Set: 0.0ms
[2023-12-20T08:34:08.672-0800][54599117ms] GC(1571)   Evacuate Collection Set: 25.4ms
[2023-12-20T08:34:08.672-0800][54599117ms] GC(1571)   Post Evacuate Collection Set: 2.5ms
[2023-12-20T08:34:08.672-0800][54599117ms] GC(1571)   Other: 0.4ms
[2023-12-20T08:34:08.672-0800][54599117ms] GC(1571) Eden regions: 753->0(753)
[2023-12-20T08:34:08.672-0800][54599117ms] GC(1571) Survivor regions: 30->30(98)
[2023-12-20T08:34:08.672-0800][54599117ms] GC(1571) Old regions: 169->169
[2023-12-20T08:34:08.672-0800][54599117ms] GC(1571) Humongous regions: 5->5
[2023-12-20T08:34:08.672-0800][54599117ms] GC(1571) Metaspace: 256392K->256392K(1294336K)
[2023-12-20T08:34:08.672-0800][54599117ms] GC(1571) Pause Young (Normal) (G1 Evacuation Pause) 1913M->406M(2612M) 28.502ms
[2023-12-20T08:34:08.672-0800][54599117ms] GC(1571) User=0.05s Sys=0.00s Real=0.03s
[2023-12-20T08:34:09.203-0800][54599648ms] GC(1572) Pause Young (Normal) (G1 Evacuation Pause)
[2023-12-20T08:34:09.203-0800][54599648ms] GC(1572) Using 10 workers of 10 for evacuation
[2023-12-20T08:34:09.231-0800][54599676ms] GC(1572)   Pre Evacuate Collection Set: 0.0ms
[2023-12-20T08:34:09.231-0800][54599676ms] GC(1572)   Evacuate Collection Set: 25.8ms
[2023-12-20T08:34:09.231-0800][54599676ms] GC(1572)   Post Evacuate Collection Set: 2.3ms
[2023-12-20T08:34:09.231-0800][54599676ms] GC(1572)   Other: 0.4ms
[2023-12-20T08:34:09.231-0800][54599676ms] GC(1572) Eden regions: 753->0(753)
[2023-12-20T08:34:09.231-0800][54599676ms] GC(1572) Survivor regions: 30->30(98)
[2023-12-20T08:34:09.231-0800][54599676ms] GC(1572) Old regions: 169->169
[2023-12-20T08:34:09.231-0800][54599676ms] GC(1572) Humongous regions: 5->5
[2023-12-20T08:34:09.231-0800][54599676ms] GC(1572) Metaspace: 256392K->256392K(1294336K)
[2023-12-20T08:34:09.231-0800][54599676ms] GC(1572) Pause Young (Normal) (G1 Evacuation Pause) 1912M->407M(2612M) 28.556ms
[2023-12-20T08:34:09.231-0800][54599676ms] GC(1572) User=0.06s Sys=0.00s Real=0.03s
[2023-12-20T08:34:09.768-0800][54600213ms] GC(1573) Pause Young (Normal) (G1 Evacuation Pause)
[2023-12-20T08:34:09.768-0800][54600213ms] GC(1573) Using 10 workers of 10 for evacuation
[2023-12-20T08:34:09.796-0800][54600241ms] GC(1573)   Pre Evacuate Collection Set: 0.0ms
[2023-12-20T08:34:09.796-0800][54600241ms] GC(1573)   Evacuate Collection Set: 25.9ms
[2023-12-20T08:34:09.796-0800][54600241ms] GC(1573)   Post Evacuate Collection Set: 2.4ms
[2023-12-20T08:34:09.796-0800][54600241ms] GC(1573)   Other: 0.3ms
[2023-12-20T08:34:09.796-0800][54600241ms] GC(1573) Eden regions: 753->0(753)
[2023-12-20T08:34:09.796-0800][54600241ms] GC(1573) Survivor regions: 30->30(98)
[2023-12-20T08:34:09.796-0800][54600241ms] GC(1573) Old regions: 169->169
[2023-12-20T08:34:09.796-0800][54600241ms] GC(1573) Humongous regions: 5->5
[2023-12-20T08:34:09.796-0800][54600241ms] GC(1573) Metaspace: 256392K->256392K(1294336K)
[2023-12-20T08:34:09.796-0800][54600241ms] GC(1573) Pause Young (Normal) (G1 Evacuation Pause) 1913M->407M(2612M) 28.761ms
[2023-12-20T08:34:09.796-0800][54600241ms] GC(1573) User=0.09s Sys=0.00s Real=0.03s
[2023-12-20T08:34:10.489-0800][54600934ms] GC(1574) Pause Young (Normal) (GCLocker Initiated GC)
[2023-12-20T08:34:10.489-0800][54600934ms] GC(1574) Using 10 workers of 10 for evacuation
[2023-12-20T08:34:10.517-0800][54600962ms] GC(1574)   Pre Evacuate Collection Set: 0.0ms
[2023-12-20T08:34:10.517-0800][54600962ms] GC(1574)   Evacuate Collection Set: 26.6ms
[2023-12-20T08:34:10.517-0800][54600962ms] GC(1574)   Post Evacuate Collection Set: 2.3ms
[2023-12-20T08:34:10.517-0800][54600962ms] GC(1574)   Other: 0.4ms
[2023-12-20T08:34:10.517-0800][54600962ms] GC(1574) Eden regions: 754->0(753)
[2023-12-20T08:34:10.517-0800][54600962ms] GC(1574) Survivor regions: 30->30(98)
[2023-12-20T08:34:10.517-0800][54600962ms] GC(1574) Old regions: 169->169
[2023-12-20T08:34:10.517-0800][54600962ms] GC(1574) Humongous regions: 5->5
[2023-12-20T08:34:10.517-0800][54600962ms] GC(1574) Metaspace: 256392K->256392K(1294336K)
[2023-12-20T08:34:10.517-0800][54600962ms] GC(1574) Pause Young (Normal) (GCLocker Initiated GC) 1914M->407M(2612M) 29.441ms
[2023-12-20T08:34:10.517-0800][54600962ms] GC(1574) User=0.13s Sys=0.00s Real=0.03s
[2023-12-20T08:34:11.219-0800][54601664ms] GC(1575) Pause Young (Normal) (GCLocker Initiated GC)
[2023-12-20T08:34:11.219-0800][54601664ms] GC(1575) Using 10 workers of 10 for evacuation
[2023-12-20T08:34:11.249-0800][54601694ms] GC(1575)   Pre Evacuate Collection Set: 0.0ms
[2023-12-20T08:34:11.249-0800][54601694ms] GC(1575)   Evacuate Collection Set: 27.1ms
[2023-12-20T08:34:11.249-0800][54601694ms] GC(1575)   Post Evacuate Collection Set: 2.5ms
[2023-12-20T08:34:11.249-0800][54601694ms] GC(1575)   Other: 0.4ms
[2023-12-20T08:34:11.249-0800][54601694ms] GC(1575) Eden regions: 754->0(753)
[2023-12-20T08:34:11.249-0800][54601694ms] GC(1575) Survivor regions: 30->30(98)
[2023-12-20T08:34:11.249-0800][54601694ms] GC(1575) Old regions: 169->169
[2023-12-20T08:34:11.249-0800][54601694ms] GC(1575) Humongous regions: 5->5
[2023-12-20T08:34:11.249-0800][54601694ms] GC(1575) Metaspace: 256392K->256392K(1294336K)
[2023-12-20T08:34:11.249-0800][54601694ms] GC(1575) Pause Young (Normal) (GCLocker Initiated GC) 1914M->406M(2612M) 30.126ms
[2023-12-20T08:34:11.249-0800][54601694ms] GC(1575) User=0.11s Sys=0.00s Real=0.03s
[2023-12-20T08:34:11.925-0800][54602370ms] GC(1576) Pause Young (Normal) (GCLocker Initiated GC)
[2023-12-20T08:34:11.925-0800][54602370ms] GC(1576) Using 10 workers of 10 for evacuation
[2023-12-20T08:34:11.955-0800][54602400ms] GC(1576)   Pre Evacuate Collection Set: 0.1ms
[2023-12-20T08:34:11.955-0800][54602400ms] GC(1576)   Evacuate Collection Set: 26.5ms
[2023-12-20T08:34:11.955-0800][54602400ms] GC(1576)   Post Evacuate Collection Set: 2.4ms
[2023-12-20T08:34:11.955-0800][54602400ms] GC(1576)   Other: 0.4ms
[2023-12-20T08:34:11.955-0800][54602400ms] GC(1576) Eden regions: 754->0(753)
[2023-12-20T08:34:11.955-0800][54602400ms] GC(1576) Survivor regions: 30->30(98)
[2023-12-20T08:34:11.955-0800][54602400ms] GC(1576) Old regions: 169->169
[2023-12-20T08:34:11.955-0800][54602400ms] GC(1576) Humongous regions: 5->5
[2023-12-20T08:34:11.955-0800][54602400ms] GC(1576) Metaspace: 256392K->256392K(1294336K)
[2023-12-20T08:34:11.955-0800][54602400ms] GC(1576) Pause Young (Normal) (GCLocker Initiated GC) 1913M->406M(2612M) 29.479ms
[2023-12-20T08:34:11.955-0800][54602400ms] GC(1576) User=0.13s Sys=0.00s Real=0.03s
[2023-12-20T08:34:12.497-0800][54602942ms] GC(1577) Pause Young (Normal) (GCLocker Initiated GC)
[2023-12-20T08:34:12.497-0800][54602942ms] GC(1577) Using 10 workers of 10 for evacuation
[2023-12-20T08:34:12.525-0800][54602970ms] GC(1577)   Pre Evacuate Collection Set: 0.0ms
[2023-12-20T08:34:12.525-0800][54602970ms] GC(1577)   Evacuate Collection Set: 25.3ms
[2023-12-20T08:34:12.525-0800][54602970ms] GC(1577)   Post Evacuate Collection Set: 2.3ms
[2023-12-20T08:34:12.525-0800][54602970ms] GC(1577)   Other: 0.4ms
[2023-12-20T08:34:12.525-0800][54602970ms] GC(1577) Eden regions: 754->0(753)
[2023-12-20T08:34:12.525-0800][54602970ms] GC(1577) Survivor regions: 30->30(98)
[2023-12-20T08:34:12.525-0800][54602970ms] GC(1577) Old regions: 169->169
[2023-12-20T08:34:12.525-0800][54602970ms] GC(1577) Humongous regions: 5->5
[2023-12-20T08:34:12.525-0800][54602970ms] GC(1577) Metaspace: 256392K->256392K(1294336K)
[2023-12-20T08:34:12.525-0800][54602970ms] GC(1577) Pause Young (Normal) (GCLocker Initiated GC) 1912M->407M(2612M) 28.098ms
[2023-12-20T08:34:12.525-0800][54602970ms] GC(1577) User=0.06s Sys=0.00s Real=0.03s
[2023-12-20T08:34:13.318-0800][54603763ms] GC(1578) Pause Young (Normal) (G1 Evacuation Pause)
[2023-12-20T08:34:13.318-0800][54603763ms] GC(1578) Using 10 workers of 10 for evacuation
[2023-12-20T08:34:13.350-0800][54603795ms] GC(1578)   Pre Evacuate Collection Set: 0.0ms
[2023-12-20T08:34:13.350-0800][54603795ms] GC(1578)   Evacuate Collection Set: 29.4ms
[2023-12-20T08:34:13.352-0800][54603797ms] GC(1578)   Post Evacuate Collection Set: 3.0ms
[2023-12-20T08:34:13.352-0800][54603797ms] GC(1578)   Other: 0.4ms
[2023-12-20T08:34:13.352-0800][54603797ms] GC(1578) Eden regions: 753->0(754)
[2023-12-20T08:34:13.352-0800][54603797ms] GC(1578) Survivor regions: 30->29(98)
[2023-12-20T08:34:13.352-0800][54603797ms] GC(1578) Old regions: 169->169
[2023-12-20T08:34:13.352-0800][54603797ms] GC(1578) Humongous regions: 5->5
[2023-12-20T08:34:13.352-0800][54603797ms] GC(1578) Metaspace: 256392K->256392K(1294336K)
[2023-12-20T08:34:13.352-0800][54603797ms] GC(1578) Pause Young (Normal) (G1 Evacuation Pause) 1913M->405M(2612M) 33.022ms
[2023-12-20T08:34:13.352-0800][54603797ms] GC(1578) User=0.17s Sys=0.00s Real=0.03s
[2023-12-20T08:34:14.180-0800][54604625ms] GC(1579) Pause Young (Normal) (G1 Evacuation Pause)
[2023-12-20T08:34:14.180-0800][54604625ms] GC(1579) Using 10 workers of 10 for evacuation
[2023-12-20T08:34:14.208-0800][54604653ms] GC(1579)   Pre Evacuate Collection Set: 0.0ms
[2023-12-20T08:34:14.208-0800][54604653ms] GC(1579)   Evacuate Collection Set: 26.5ms
[2023-12-20T08:34:14.208-0800][54604653ms] GC(1579)   Post Evacuate Collection Set: 2.4ms
[2023-12-20T08:34:14.208-0800][54604653ms] GC(1579)   Other: 0.4ms
[2023-12-20T08:34:14.208-0800][54604653ms] GC(1579) Eden regions: 754->0(753)
[2023-12-20T08:34:14.208-0800][54604653ms] GC(1579) Survivor regions: 29->30(98)
[2023-12-20T08:34:14.208-0800][54604653ms] GC(1579) Old regions: 169->169
[2023-12-20T08:34:14.208-0800][54604653ms] GC(1579) Humongous regions: 5->5
[2023-12-20T08:34:14.208-0800][54604653ms] GC(1579) Metaspace: 256392K->256392K(1294336K)
[2023-12-20T08:34:14.208-0800][54604653ms] GC(1579) Pause Young (Normal) (G1 Evacuation Pause) 1913M->407M(2612M) 29.463ms
[2023-12-20T08:34:14.210-0800][54604655ms] GC(1579) User=0.11s Sys=0.00s Real=0.03s
[2023-12-20T08:34:14.864-0800][54605309ms] GC(1580) Pause Young (Normal) (G1 Evacuation Pause)
[2023-12-20T08:34:14.864-0800][54605309ms] GC(1580) Using 10 workers of 10 for evacuation
[2023-12-20T08:34:14.892-0800][54605337ms] GC(1580)   Pre Evacuate Collection Set: 0.0ms
[2023-12-20T08:34:14.892-0800][54605337ms] GC(1580)   Evacuate Collection Set: 25.5ms
[2023-12-20T08:34:14.892-0800][54605337ms] GC(1580)   Post Evacuate Collection Set: 2.5ms
[2023-12-20T08:34:14.892-0800][54605337ms] GC(1580)   Other: 0.4ms
[2023-12-20T08:34:14.892-0800][54605337ms] GC(1580) Eden regions: 753->0(752)
[2023-12-20T08:34:14.892-0800][54605337ms] GC(1580) Survivor regions: 30->31(98)
[2023-12-20T08:34:14.892-0800][54605337ms] GC(1580) Old regions: 169->169
[2023-12-20T08:34:14.892-0800][54605337ms] GC(1580) Humongous regions: 5->5
[2023-12-20T08:34:14.892-0800][54605337ms] GC(1580) Metaspace: 256392K->256392K(1294336K)
[2023-12-20T08:34:14.892-0800][54605337ms] GC(1580) Pause Young (Normal) (G1 Evacuation Pause) 1913M->408M(2612M) 28.499ms
[2023-12-20T08:34:14.893-0800][54605338ms] GC(1580) User=0.09s Sys=0.00s Real=0.03s
[2023-12-20T08:34:15.616-0800][54606061ms] GC(1581) Pause Young (Normal) (G1 Evacuation Pause)
[2023-12-20T08:34:15.616-0800][54606061ms] GC(1581) Using 10 workers of 10 for evacuation
[2023-12-20T08:34:15.645-0800][54606090ms] GC(1581)   Pre Evacuate Collection Set: 0.0ms
[2023-12-20T08:34:15.645-0800][54606090ms] GC(1581)   Evacuate Collection Set: 26.3ms
[2023-12-20T08:34:15.645-0800][54606090ms] GC(1581)   Post Evacuate Collection Set: 2.5ms
[2023-12-20T08:34:15.645-0800][54606090ms] GC(1581)   Other: 0.4ms
[2023-12-20T08:34:15.645-0800][54606090ms] GC(1581) Eden regions: 752->0(753)
[2023-12-20T08:34:15.645-0800][54606090ms] GC(1581) Survivor regions: 31->30(98)
[2023-12-20T08:34:15.645-0800][54606090ms] GC(1581) Old regions: 169->169
[2023-12-20T08:34:15.645-0800][54606090ms] GC(1581) Humongous regions: 5->5
[2023-12-20T08:34:15.645-0800][54606090ms] GC(1581) Metaspace: 256392K->256392K(1294336K)
[2023-12-20T08:34:15.645-0800][54606090ms] GC(1581) Pause Young (Normal) (G1 Evacuation Pause) 1912M->407M(2612M) 29.375ms
[2023-12-20T08:34:15.645-0800][54606090ms] GC(1581) User=0.11s Sys=0.00s Real=0.03s
[2023-12-20T08:34:16.300-0800][54606745ms] GC(1582) Pause Young (Normal) (G1 Evacuation Pause)
[2023-12-20T08:34:16.300-0800][54606745ms] GC(1582) Using 10 workers of 10 for evacuation
[2023-12-20T08:34:16.333-0800][54606778ms] GC(1582)   Pre Evacuate Collection Set: 0.0ms
[2023-12-20T08:34:16.333-0800][54606778ms] GC(1582)   Evacuate Collection Set: 29.3ms
[2023-12-20T08:34:16.333-0800][54606778ms] GC(1582)   Post Evacuate Collection Set: 3.2ms
[2023-12-20T08:34:16.333-0800][54606778ms] GC(1582)   Other: 0.4ms
[2023-12-20T08:34:16.333-0800][54606778ms] GC(1582) Eden regions: 753->0(753)
[2023-12-20T08:34:16.333-0800][54606778ms] GC(1582) Survivor regions: 30->30(98)
[2023-12-20T08:34:16.333-0800][54606778ms] GC(1582) Old regions: 169->169
[2023-12-20T08:34:16.333-0800][54606778ms] GC(1582) Humongous regions: 5->5
[2023-12-20T08:34:16.333-0800][54606778ms] GC(1582) Metaspace: 256392K->256392K(1294336K)
[2023-12-20T08:34:16.333-0800][54606778ms] GC(1582) Pause Young (Normal) (G1 Evacuation Pause) 1913M->406M(2612M) 33.044ms
[2023-12-20T08:34:16.333-0800][54606778ms] GC(1582) User=0.11s Sys=0.00s Real=0.03s
[2023-12-20T08:34:17.061-0800][54607506ms] GC(1583) Pause Young (Normal) (G1 Evacuation Pause)
[2023-12-20T08:34:17.061-0800][54607506ms] GC(1583) Using 10 workers of 10 for evacuation
[2023-12-20T08:34:17.090-0800][54607535ms] GC(1583)   Pre Evacuate Collection Set: 0.0ms
[2023-12-20T08:34:17.090-0800][54607535ms] GC(1583)   Evacuate Collection Set: 26.6ms
[2023-12-20T08:34:17.090-0800][54607535ms] GC(1583)   Post Evacuate Collection Set: 2.4ms
[2023-12-20T08:34:17.090-0800][54607535ms] GC(1583)   Other: 0.3ms
[2023-12-20T08:34:17.090-0800][54607535ms] GC(1583) Eden regions: 753->0(753)
[2023-12-20T08:34:17.090-0800][54607535ms] GC(1583) Survivor regions: 30->30(98)
[2023-12-20T08:34:17.090-0800][54607535ms] GC(1583) Old regions: 169->169
[2023-12-20T08:34:17.090-0800][54607535ms] GC(1583) Humongous regions: 5->5
[2023-12-20T08:34:17.090-0800][54607535ms] GC(1583) Metaspace: 256393K->256393K(1294336K)
[2023-12-20T08:34:17.090-0800][54607535ms] GC(1583) Pause Young (Normal) (G1 Evacuation Pause) 1912M->407M(2612M) 29.528ms
[2023-12-20T08:34:17.090-0800][54607535ms] GC(1583) User=0.08s Sys=0.00s Real=0.03s
[2023-12-20T08:34:17.906-0800][54608351ms] GC(1584) Pause Young (Normal) (G1 Evacuation Pause)
[2023-12-20T08:34:17.906-0800][54608351ms] GC(1584) Using 10 workers of 10 for evacuation
[2023-12-20T08:34:17.937-0800][54608382ms] GC(1584)   Pre Evacuate Collection Set: 0.0ms
[2023-12-20T08:34:17.937-0800][54608382ms] GC(1584)   Evacuate Collection Set: 28.1ms
[2023-12-20T08:34:17.937-0800][54608382ms] GC(1584)   Post Evacuate Collection Set: 2.3ms
[2023-12-20T08:34:17.937-0800][54608382ms] GC(1584)   Other: 0.3ms
[2023-12-20T08:34:17.937-0800][54608382ms] GC(1584) Eden regions: 753->0(753)
[2023-12-20T08:34:17.937-0800][54608382ms] GC(1584) Survivor regions: 30->30(98)
[2023-12-20T08:34:17.937-0800][54608382ms] GC(1584) Old regions: 169->169
[2023-12-20T08:34:17.937-0800][54608382ms] GC(1584) Humongous regions: 5->5
[2023-12-20T08:34:17.937-0800][54608382ms] GC(1584) Metaspace: 256393K->256393K(1294336K)
[2023-12-20T08:34:17.937-0800][54608382ms] GC(1584) Pause Young (Normal) (G1 Evacuation Pause) 1913M->406M(2612M) 30.882ms
[2023-12-20T08:34:17.937-0800][54608382ms] GC(1584) User=0.14s Sys=0.00s Real=0.03s
[2023-12-20T08:34:18.674-0800][54609120ms] GC(1585) Pause Young (Normal) (G1 Evacuation Pause)
[2023-12-20T08:34:18.675-0800][54609120ms] GC(1585) Using 10 workers of 10 for evacuation
[2023-12-20T08:34:18.704-0800][54609149ms] GC(1585)   Pre Evacuate Collection Set: 0.0ms
[2023-12-20T08:34:18.704-0800][54609149ms] GC(1585)   Evacuate Collection Set: 27.0ms
[2023-12-20T08:34:18.704-0800][54609149ms] GC(1585)   Post Evacuate Collection Set: 2.3ms
[2023-12-20T08:34:18.704-0800][54609149ms] GC(1585)   Other: 0.4ms
[2023-12-20T08:34:18.704-0800][54609149ms] GC(1585) Eden regions: 753->0(753)
[2023-12-20T08:34:18.704-0800][54609149ms] GC(1585) Survivor regions: 30->30(98)
[2023-12-20T08:34:18.704-0800][54609149ms] GC(1585) Old regions: 169->169
[2023-12-20T08:34:18.704-0800][54609149ms] GC(1585) Humongous regions: 5->5
[2023-12-20T08:34:18.704-0800][54609149ms] GC(1585) Metaspace: 256393K->256393K(1294336K)
[2023-12-20T08:34:18.704-0800][54609149ms] GC(1585) Pause Young (Normal) (G1 Evacuation Pause) 1912M->407M(2612M) 29.847ms
[2023-12-20T08:34:18.704-0800][54609149ms] GC(1585) User=0.14s Sys=0.00s Real=0.03s
[2023-12-20T08:34:19.306-0800][54609751ms] GC(1586) Pause Young (Normal) (G1 Evacuation Pause)
[2023-12-20T08:34:19.306-0800][54609751ms] GC(1586) Using 10 workers of 10 for evacuation
[2023-12-20T08:34:19.352-0800][54609797ms] GC(1586)   Pre Evacuate Collection Set: 0.0ms
[2023-12-20T08:34:19.352-0800][54609797ms] GC(1586)   Evacuate Collection Set: 33.7ms
[2023-12-20T08:34:19.352-0800][54609797ms] GC(1586)   Post Evacuate Collection Set: 12.0ms
[2023-12-20T08:34:19.352-0800][54609797ms] GC(1586)   Other: 0.4ms
[2023-12-20T08:34:19.352-0800][54609797ms] GC(1586) Eden regions: 753->0(753)
[2023-12-20T08:34:19.353-0800][54609798ms] GC(1586) Survivor regions: 30->30(98)
[2023-12-20T08:34:19.353-0800][54609798ms] GC(1586) Old regions: 169->169
[2023-12-20T08:34:19.353-0800][54609798ms] GC(1586) Humongous regions: 5->5
[2023-12-20T08:34:19.353-0800][54609798ms] GC(1586) Metaspace: 256393K->256393K(1294336K)
[2023-12-20T08:34:19.353-0800][54609798ms] GC(1586) Pause Young (Normal) (G1 Evacuation Pause) 1913M->407M(2612M) 46.490ms
[2023-12-20T08:34:19.353-0800][54609798ms] GC(1586) User=0.11s Sys=0.00s Real=0.05s
[2023-12-20T08:34:20.023-0800][54610468ms] GC(1587) Pause Young (Normal) (G1 Evacuation Pause)
[2023-12-20T08:34:20.023-0800][54610468ms] GC(1587) Using 10 workers of 10 for evacuation
[2023-12-20T08:34:20.054-0800][54610499ms] GC(1587)   Pre Evacuate Collection Set: 0.0ms
[2023-12-20T08:34:20.054-0800][54610499ms] GC(1587)   Evacuate Collection Set: 28.3ms
[2023-12-20T08:34:20.054-0800][54610499ms] GC(1587)   Post Evacuate Collection Set: 2.2ms
[2023-12-20T08:34:20.054-0800][54610499ms] GC(1587)   Other: 0.4ms
[2023-12-20T08:34:20.054-0800][54610499ms] GC(1587) Eden regions: 753->0(753)
[2023-12-20T08:34:20.054-0800][54610499ms] GC(1587) Survivor regions: 30->30(98)
[2023-12-20T08:34:20.054-0800][54610499ms] GC(1587) Old regions: 169->169
[2023-12-20T08:34:20.054-0800][54610499ms] GC(1587) Humongous regions: 5->5
[2023-12-20T08:34:20.054-0800][54610499ms] GC(1587) Metaspace: 256393K->256393K(1294336K)
[2023-12-20T08:34:20.054-0800][54610499ms] GC(1587) Pause Young (Normal) (G1 Evacuation Pause) 1913M->406M(2612M) 31.050ms
[2023-12-20T08:34:20.054-0800][54610499ms] GC(1587) User=0.16s Sys=0.00s Real=0.03s
[2023-12-20T08:34:20.858-0800][54611303ms] GC(1588) Pause Young (Normal) (G1 Evacuation Pause)
[2023-12-20T08:34:20.858-0800][54611303ms] GC(1588) Using 10 workers of 10 for evacuation
[2023-12-20T08:34:20.887-0800][54611332ms] GC(1588)   Pre Evacuate Collection Set: 0.0ms
[2023-12-20T08:34:20.887-0800][54611332ms] GC(1588)   Evacuate Collection Set: 26.8ms
[2023-12-20T08:34:20.887-0800][54611332ms] GC(1588)   Post Evacuate Collection Set: 2.4ms
[2023-12-20T08:34:20.887-0800][54611332ms] GC(1588)   Other: 0.4ms
[2023-12-20T08:34:20.887-0800][54611332ms] GC(1588) Eden regions: 753->0(753)
[2023-12-20T08:34:20.887-0800][54611332ms] GC(1588) Survivor regions: 30->30(98)
[2023-12-20T08:34:20.887-0800][54611332ms] GC(1588) Old regions: 169->169
[2023-12-20T08:34:20.887-0800][54611332ms] GC(1588) Humongous regions: 5->5
[2023-12-20T08:34:20.887-0800][54611332ms] GC(1588) Metaspace: 256393K->256393K(1294336K)
[2023-12-20T08:34:20.887-0800][54611332ms] GC(1588) Pause Young (Normal) (G1 Evacuation Pause) 1912M->407M(2612M) 29.698ms
[2023-12-20T08:34:20.887-0800][54611332ms] GC(1588) User=0.14s Sys=0.00s Real=0.03s
[2023-12-20T08:34:21.630-0800][54612075ms] GC(1589) Pause Young (Normal) (G1 Evacuation Pause)
[2023-12-20T08:34:21.630-0800][54612075ms] GC(1589) Using 10 workers of 10 for evacuation
[2023-12-20T08:34:21.660-0800][54612105ms] GC(1589)   Pre Evacuate Collection Set: 0.0ms
[2023-12-20T08:34:21.660-0800][54612105ms] GC(1589)   Evacuate Collection Set: 26.8ms
[2023-12-20T08:34:21.660-0800][54612105ms] GC(1589)   Post Evacuate Collection Set: 2.4ms
[2023-12-20T08:34:21.660-0800][54612105ms] GC(1589)   Other: 0.4ms
[2023-12-20T08:34:21.660-0800][54612105ms] GC(1589) Eden regions: 753->0(753)
[2023-12-20T08:34:21.660-0800][54612105ms] GC(1589) Survivor regions: 30->30(98)
[2023-12-20T08:34:21.660-0800][54612105ms] GC(1589) Old regions: 169->169
[2023-12-20T08:34:21.660-0800][54612105ms] GC(1589) Humongous regions: 5->5
[2023-12-20T08:34:21.660-0800][54612105ms] GC(1589) Metaspace: 256393K->256393K(1294336K)
[2023-12-20T08:34:21.660-0800][54612105ms] GC(1589) Pause Young (Normal) (G1 Evacuation Pause) 1913M->407M(2612M) 29.633ms
[2023-12-20T08:34:21.660-0800][54612105ms] GC(1589) User=0.13s Sys=0.00s Real=0.03s
[2023-12-20T08:34:22.436-0800][54612881ms] GC(1590) Pause Young (Normal) (G1 Evacuation Pause)
[2023-12-20T08:34:22.436-0800][54612881ms] GC(1590) Using 10 workers of 10 for evacuation
[2023-12-20T08:34:22.466-0800][54612911ms] GC(1590)   Pre Evacuate Collection Set: 0.0ms
[2023-12-20T08:34:22.466-0800][54612911ms] GC(1590)   Evacuate Collection Set: 26.6ms
[2023-12-20T08:34:22.466-0800][54612911ms] GC(1590)   Post Evacuate Collection Set: 2.5ms
[2023-12-20T08:34:22.466-0800][54612911ms] GC(1590)   Other: 0.3ms
[2023-12-20T08:34:22.466-0800][54612911ms] GC(1590) Eden regions: 753->0(753)
[2023-12-20T08:34:22.466-0800][54612911ms] GC(1590) Survivor regions: 30->30(98)
[2023-12-20T08:34:22.466-0800][54612911ms] GC(1590) Old regions: 169->169
[2023-12-20T08:34:22.466-0800][54612911ms] GC(1590) Humongous regions: 5->5
[2023-12-20T08:34:22.466-0800][54612911ms] GC(1590) Metaspace: 256393K->256393K(1294336K)
[2023-12-20T08:34:22.466-0800][54612911ms] GC(1590) Pause Young (Normal) (G1 Evacuation Pause) 1913M->407M(2612M) 29.622ms
[2023-12-20T08:34:22.466-0800][54612911ms] GC(1590) User=0.13s Sys=0.00s Real=0.03s
[2023-12-20T08:34:23.184-0800][54613629ms] GC(1591) Pause Young (Normal) (G1 Evacuation Pause)
[2023-12-20T08:34:23.184-0800][54613629ms] GC(1591) Using 10 workers of 10 for evacuation
[2023-12-20T08:34:23.213-0800][54613658ms] GC(1591)   Pre Evacuate Collection Set: 0.0ms
[2023-12-20T08:34:23.213-0800][54613658ms] GC(1591)   Evacuate Collection Set: 26.5ms
[2023-12-20T08:34:23.213-0800][54613658ms] GC(1591)   Post Evacuate Collection Set: 2.5ms
[2023-12-20T08:34:23.213-0800][54613658ms] GC(1591)   Other: 0.4ms
[2023-12-20T08:34:23.213-0800][54613658ms] GC(1591) Eden regions: 753->0(753)
[2023-12-20T08:34:23.213-0800][54613658ms] GC(1591) Survivor regions: 30->30(98)
[2023-12-20T08:34:23.213-0800][54613658ms] GC(1591) Old regions: 169->169
[2023-12-20T08:34:23.213-0800][54613658ms] GC(1591) Humongous regions: 5->5
[2023-12-20T08:34:23.213-0800][54613658ms] GC(1591) Metaspace: 256393K->256393K(1294336K)
[2023-12-20T08:34:23.213-0800][54613658ms] GC(1591) Pause Young (Normal) (G1 Evacuation Pause) 1913M->406M(2612M) 29.463ms
[2023-12-20T08:34:23.213-0800][54613658ms] GC(1591) User=0.03s Sys=0.00s Real=0.03s
[2023-12-20T08:34:23.953-0800][54614398ms] GC(1592) Pause Young (Normal) (G1 Evacuation Pause)
[2023-12-20T08:34:23.953-0800][54614398ms] GC(1592) Using 10 workers of 10 for evacuation
[2023-12-20T08:34:23.987-0800][54614432ms] GC(1592)   Pre Evacuate Collection Set: 0.0ms
[2023-12-20T08:34:23.987-0800][54614432ms] GC(1592)   Evacuate Collection Set: 30.9ms
[2023-12-20T08:34:23.987-0800][54614432ms] GC(1592)   Post Evacuate Collection Set: 2.7ms
[2023-12-20T08:34:23.987-0800][54614432ms] GC(1592)   Other: 0.4ms
[2023-12-20T08:34:23.987-0800][54614432ms] GC(1592) Eden regions: 753->0(753)
[2023-12-20T08:34:23.987-0800][54614432ms] GC(1592) Survivor regions: 30->30(98)
[2023-12-20T08:34:23.987-0800][54614432ms] GC(1592) Old regions: 169->169
[2023-12-20T08:34:23.987-0800][54614432ms] GC(1592) Humongous regions: 5->5
[2023-12-20T08:34:23.987-0800][54614432ms] GC(1592) Metaspace: 256393K->256393K(1294336K)
[2023-12-20T08:34:23.987-0800][54614432ms] GC(1592) Pause Young (Normal) (G1 Evacuation Pause) 1912M->407M(2612M) 34.145ms
[2023-12-20T08:34:23.987-0800][54614432ms] GC(1592) User=0.11s Sys=0.00s Real=0.03s
[2023-12-20T08:34:24.774-0800][54615219ms] GC(1593) Pause Young (Normal) (G1 Evacuation Pause)
[2023-12-20T08:34:24.774-0800][54615219ms] GC(1593) Using 10 workers of 10 for evacuation
[2023-12-20T08:34:24.803-0800][54615248ms] GC(1593)   Pre Evacuate Collection Set: 0.0ms
[2023-12-20T08:34:24.803-0800][54615248ms] GC(1593)   Evacuate Collection Set: 26.9ms
[2023-12-20T08:34:24.803-0800][54615248ms] GC(1593)   Post Evacuate Collection Set: 2.4ms
[2023-12-20T08:34:24.803-0800][54615248ms] GC(1593)   Other: 0.3ms
[2023-12-20T08:34:24.803-0800][54615248ms] GC(1593) Eden regions: 753->0(753)
[2023-12-20T08:34:24.803-0800][54615248ms] GC(1593) Survivor regions: 30->30(98)
[2023-12-20T08:34:24.803-0800][54615248ms] GC(1593) Old regions: 169->169
[2023-12-20T08:34:24.803-0800][54615248ms] GC(1593) Humongous regions: 5->5
[2023-12-20T08:34:24.803-0800][54615248ms] GC(1593) Metaspace: 256393K->256393K(1294336K)
[2023-12-20T08:34:24.803-0800][54615248ms] GC(1593) Pause Young (Normal) (G1 Evacuation Pause) 1913M->406M(2612M) 29.707ms
[2023-12-20T08:34:24.803-0800][54615248ms] GC(1593) User=0.09s Sys=0.00s Real=0.03s
[2023-12-20T08:34:25.593-0800][54616038ms] GC(1594) Pause Young (Normal) (G1 Evacuation Pause)
[2023-12-20T08:34:25.593-0800][54616038ms] GC(1594) Using 10 workers of 10 for evacuation
[2023-12-20T08:34:25.625-0800][54616070ms] GC(1594)   Pre Evacuate Collection Set: 0.0ms
[2023-12-20T08:34:25.625-0800][54616070ms] GC(1594)   Evacuate Collection Set: 28.5ms
[2023-12-20T08:34:25.625-0800][54616070ms] GC(1594)   Post Evacuate Collection Set: 2.7ms
[2023-12-20T08:34:25.625-0800][54616070ms] GC(1594)   Other: 0.3ms
[2023-12-20T08:34:25.625-0800][54616070ms] GC(1594) Eden regions: 753->0(753)
[2023-12-20T08:34:25.625-0800][54616070ms] GC(1594) Survivor regions: 30->30(98)
[2023-12-20T08:34:25.625-0800][54616070ms] GC(1594) Old regions: 169->169
[2023-12-20T08:34:25.625-0800][54616070ms] GC(1594) Humongous regions: 5->5
[2023-12-20T08:34:25.625-0800][54616070ms] GC(1594) Metaspace: 256393K->256393K(1294336K)
[2023-12-20T08:34:25.625-0800][54616070ms] GC(1594) Pause Young (Normal) (G1 Evacuation Pause) 1912M->406M(2612M) 31.751ms
[2023-12-20T08:34:25.625-0800][54616070ms] GC(1594) User=0.11s Sys=0.00s Real=0.03s
[2023-12-20T08:34:26.454-0800][54616899ms] GC(1595) Pause Young (Normal) (G1 Evacuation Pause)
[2023-12-20T08:34:26.454-0800][54616899ms] GC(1595) Using 10 workers of 10 for evacuation
[2023-12-20T08:34:26.484-0800][54616929ms] GC(1595)   Pre Evacuate Collection Set: 0.0ms
[2023-12-20T08:34:26.485-0800][54616930ms] GC(1595)   Evacuate Collection Set: 27.4ms
[2023-12-20T08:34:26.485-0800][54616930ms] GC(1595)   Post Evacuate Collection Set: 2.4ms
[2023-12-20T08:34:26.485-0800][54616930ms] GC(1595)   Other: 0.4ms
[2023-12-20T08:34:26.485-0800][54616930ms] GC(1595) Eden regions: 753->0(753)
[2023-12-20T08:34:26.485-0800][54616930ms] GC(1595) Survivor regions: 30->30(98)
[2023-12-20T08:34:26.485-0800][54616930ms] GC(1595) Old regions: 169->169
[2023-12-20T08:34:26.485-0800][54616930ms] GC(1595) Humongous regions: 5->5
[2023-12-20T08:34:26.485-0800][54616930ms] GC(1595) Metaspace: 256393K->256393K(1294336K)
[2023-12-20T08:34:26.485-0800][54616930ms] GC(1595) Pause Young (Normal) (G1 Evacuation Pause) 1912M->406M(2612M) 30.390ms
[2023-12-20T08:34:26.485-0800][54616930ms] GC(1595) User=0.11s Sys=0.00s Real=0.03s
[2023-12-20T08:34:27.360-0800][54617805ms] GC(1596) Pause Young (Normal) (GCLocker Initiated GC)
[2023-12-20T08:34:27.360-0800][54617805ms] GC(1596) Using 10 workers of 10 for evacuation
[2023-12-20T08:34:27.390-0800][54617835ms] GC(1596)   Pre Evacuate Collection Set: 0.0ms
[2023-12-20T08:34:27.390-0800][54617835ms] GC(1596)   Evacuate Collection Set: 27.0ms
[2023-12-20T08:34:27.390-0800][54617835ms] GC(1596)   Post Evacuate Collection Set: 2.5ms
[2023-12-20T08:34:27.390-0800][54617835ms] GC(1596)   Other: 0.4ms
[2023-12-20T08:34:27.390-0800][54617835ms] GC(1596) Eden regions: 754->0(753)
[2023-12-20T08:34:27.390-0800][54617835ms] GC(1596) Survivor regions: 30->30(98)
[2023-12-20T08:34:27.390-0800][54617835ms] GC(1596) Old regions: 169->169
[2023-12-20T08:34:27.390-0800][54617835ms] GC(1596) Humongous regions: 5->5
[2023-12-20T08:34:27.390-0800][54617835ms] GC(1596) Metaspace: 256393K->256393K(1294336K)
[2023-12-20T08:34:27.390-0800][54617835ms] GC(1596) Pause Young (Normal) (GCLocker Initiated GC) 1913M->407M(2612M) 30.083ms
[2023-12-20T08:34:27.390-0800][54617835ms] GC(1596) User=0.13s Sys=0.00s Real=0.03s
[2023-12-20T08:34:28.204-0800][54618649ms] GC(1597) Pause Young (Normal) (GCLocker Initiated GC)
[2023-12-20T08:34:28.204-0800][54618649ms] GC(1597) Using 10 workers of 10 for evacuation
[2023-12-20T08:34:28.236-0800][54618681ms] GC(1597)   Pre Evacuate Collection Set: 0.0ms
[2023-12-20T08:34:28.236-0800][54618681ms] GC(1597)   Evacuate Collection Set: 28.5ms
[2023-12-20T08:34:28.236-0800][54618681ms] GC(1597)   Post Evacuate Collection Set: 3.3ms
[2023-12-20T08:34:28.236-0800][54618681ms] GC(1597)   Other: 0.4ms
[2023-12-20T08:34:28.236-0800][54618681ms] GC(1597) Eden regions: 754->0(753)
[2023-12-20T08:34:28.236-0800][54618681ms] GC(1597) Survivor regions: 30->30(98)
[2023-12-20T08:34:28.236-0800][54618681ms] GC(1597) Old regions: 169->169
[2023-12-20T08:34:28.236-0800][54618681ms] GC(1597) Humongous regions: 5->5
[2023-12-20T08:34:28.237-0800][54618682ms] GC(1597) Metaspace: 256393K->256393K(1294336K)
[2023-12-20T08:34:28.237-0800][54618682ms] GC(1597) Pause Young (Normal) (GCLocker Initiated GC) 1914M->406M(2612M) 32.342ms
[2023-12-20T08:34:28.237-0800][54618682ms] GC(1597) User=0.14s Sys=0.00s Real=0.03s
[2023-12-20T08:34:29.038-0800][54619483ms] GC(1598) Pause Young (Normal) (G1 Evacuation Pause)
[2023-12-20T08:34:29.038-0800][54619483ms] GC(1598) Using 10 workers of 10 for evacuation
[2023-12-20T08:34:29.067-0800][54619512ms] GC(1598)   Pre Evacuate Collection Set: 0.0ms
[2023-12-20T08:34:29.067-0800][54619512ms] GC(1598)   Evacuate Collection Set: 26.6ms
[2023-12-20T08:34:29.067-0800][54619512ms] GC(1598)   Post Evacuate Collection Set: 2.4ms
[2023-12-20T08:34:29.067-0800][54619512ms] GC(1598)   Other: 0.4ms
[2023-12-20T08:34:29.067-0800][54619512ms] GC(1598) Eden regions: 753->0(753)
[2023-12-20T08:34:29.067-0800][54619512ms] GC(1598) Survivor regions: 30->30(98)
[2023-12-20T08:34:29.067-0800][54619512ms] GC(1598) Old regions: 169->169
[2023-12-20T08:34:29.067-0800][54619512ms] GC(1598) Humongous regions: 5->5
[2023-12-20T08:34:29.067-0800][54619512ms] GC(1598) Metaspace: 256393K->256393K(1294336K)
[2023-12-20T08:34:29.067-0800][54619512ms] GC(1598) Pause Young (Normal) (G1 Evacuation Pause) 1912M->407M(2612M) 29.470ms
[2023-12-20T08:34:29.067-0800][54619512ms] GC(1598) User=0.13s Sys=0.00s Real=0.03s
[2023-12-20T08:34:29.808-0800][54620253ms] GC(1599) Pause Young (Normal) (G1 Evacuation Pause)
[2023-12-20T08:34:29.808-0800][54620253ms] GC(1599) Using 10 workers of 10 for evacuation
[2023-12-20T08:34:29.838-0800][54620283ms] GC(1599)   Pre Evacuate Collection Set: 0.0ms
[2023-12-20T08:34:29.838-0800][54620283ms] GC(1599)   Evacuate Collection Set: 26.7ms
[2023-12-20T08:34:29.838-0800][54620283ms] GC(1599)   Post Evacuate Collection Set: 2.6ms
[2023-12-20T08:34:29.838-0800][54620283ms] GC(1599)   Other: 0.3ms
[2023-12-20T08:34:29.838-0800][54620283ms] GC(1599) Eden regions: 753->0(753)
[2023-12-20T08:34:29.838-0800][54620283ms] GC(1599) Survivor regions: 30->30(98)
[2023-12-20T08:34:29.838-0800][54620283ms] GC(1599) Old regions: 169->169
[2023-12-20T08:34:29.838-0800][54620283ms] GC(1599) Humongous regions: 5->5
[2023-12-20T08:34:29.838-0800][54620283ms] GC(1599) Metaspace: 256393K->256393K(1294336K)
[2023-12-20T08:34:29.838-0800][54620283ms] GC(1599) Pause Young (Normal) (G1 Evacuation Pause) 1913M->406M(2612M) 29.827ms
[2023-12-20T08:34:29.838-0800][54620283ms] GC(1599) User=0.09s Sys=0.00s Real=0.03s
[2023-12-20T08:34:30.586-0800][54621031ms] GC(1600) Pause Young (Normal) (G1 Evacuation Pause)
[2023-12-20T08:34:30.586-0800][54621031ms] GC(1600) Using 10 workers of 10 for evacuation
[2023-12-20T08:34:30.615-0800][54621060ms] GC(1600)   Pre Evacuate Collection Set: 0.0ms
[2023-12-20T08:34:30.615-0800][54621060ms] GC(1600)   Evacuate Collection Set: 26.2ms
[2023-12-20T08:34:30.615-0800][54621060ms] GC(1600)   Post Evacuate Collection Set: 2.4ms
[2023-12-20T08:34:30.615-0800][54621060ms] GC(1600)   Other: 0.3ms
[2023-12-20T08:34:30.615-0800][54621060ms] GC(1600) Eden regions: 753->0(753)
[2023-12-20T08:34:30.615-0800][54621060ms] GC(1600) Survivor regions: 30->30(98)
[2023-12-20T08:34:30.615-0800][54621060ms] GC(1600) Old regions: 169->169
[2023-12-20T08:34:30.615-0800][54621060ms] GC(1600) Humongous regions: 5->5
[2023-12-20T08:34:30.615-0800][54621060ms] GC(1600) Metaspace: 256393K->256393K(1294336K)
[2023-12-20T08:34:30.615-0800][54621060ms] GC(1600) Pause Young (Normal) (G1 Evacuation Pause) 1912M->407M(2612M) 29.189ms
[2023-12-20T08:34:30.615-0800][54621060ms] GC(1600) User=0.08s Sys=0.00s Real=0.03s
[2023-12-20T08:34:31.357-0800][54621802ms] GC(1601) Pause Young (Normal) (G1 Evacuation Pause)
[2023-12-20T08:34:31.357-0800][54621802ms] GC(1601) Using 10 workers of 10 for evacuation
[2023-12-20T08:34:31.387-0800][54621832ms] GC(1601)   Pre Evacuate Collection Set: 0.0ms
[2023-12-20T08:34:31.387-0800][54621832ms] GC(1601)   Evacuate Collection Set: 27.5ms
[2023-12-20T08:34:31.387-0800][54621832ms] GC(1601)   Post Evacuate Collection Set: 2.7ms
[2023-12-20T08:34:31.387-0800][54621832ms] GC(1601)   Other: 0.4ms
[2023-12-20T08:34:31.387-0800][54621832ms] GC(1601) Eden regions: 753->0(753)
[2023-12-20T08:34:31.387-0800][54621832ms] GC(1601) Survivor regions: 30->30(98)
[2023-12-20T08:34:31.387-0800][54621832ms] GC(1601) Old regions: 169->169
[2023-12-20T08:34:31.387-0800][54621832ms] GC(1601) Humongous regions: 5->5
[2023-12-20T08:34:31.387-0800][54621832ms] GC(1601) Metaspace: 256393K->256393K(1294336K)
[2023-12-20T08:34:31.387-0800][54621832ms] GC(1601) Pause Young (Normal) (G1 Evacuation Pause) 1913M->407M(2612M) 30.747ms
[2023-12-20T08:34:31.387-0800][54621832ms] GC(1601) User=0.06s Sys=0.00s Real=0.03s
[2023-12-20T08:34:32.097-0800][54622542ms] GC(1602) Pause Young (Normal) (G1 Evacuation Pause)
[2023-12-20T08:34:32.097-0800][54622542ms] GC(1602) Using 10 workers of 10 for evacuation
[2023-12-20T08:34:32.126-0800][54622571ms] GC(1602)   Pre Evacuate Collection Set: 0.0ms
[2023-12-20T08:34:32.126-0800][54622571ms] GC(1602)   Evacuate Collection Set: 27.1ms
[2023-12-20T08:34:32.126-0800][54622571ms] GC(1602)   Post Evacuate Collection Set: 2.4ms
[2023-12-20T08:34:32.126-0800][54622571ms] GC(1602)   Other: 0.3ms
[2023-12-20T08:34:32.126-0800][54622571ms] GC(1602) Eden regions: 753->0(753)
[2023-12-20T08:34:32.126-0800][54622571ms] GC(1602) Survivor regions: 30->30(98)
[2023-12-20T08:34:32.126-0800][54622571ms] GC(1602) Old regions: 169->169
[2023-12-20T08:34:32.126-0800][54622571ms] GC(1602) Humongous regions: 5->5
[2023-12-20T08:34:32.126-0800][54622571ms] GC(1602) Metaspace: 256393K->256393K(1294336K)
[2023-12-20T08:34:32.126-0800][54622571ms] GC(1602) Pause Young (Normal) (G1 Evacuation Pause) 1913M->406M(2612M) 30.068ms
[2023-12-20T08:34:32.126-0800][54622571ms] GC(1602) User=0.13s Sys=0.00s Real=0.03s
[2023-12-20T08:34:32.882-0800][54623327ms] GC(1603) Pause Young (Normal) (G1 Evacuation Pause)
[2023-12-20T08:34:32.882-0800][54623327ms] GC(1603) Using 10 workers of 10 for evacuation
[2023-12-20T08:34:32.912-0800][54623357ms] GC(1603)   Pre Evacuate Collection Set: 0.0ms
[2023-12-20T08:34:32.912-0800][54623357ms] GC(1603)   Evacuate Collection Set: 27.2ms
[2023-12-20T08:34:32.912-0800][54623357ms] GC(1603)   Post Evacuate Collection Set: 2.5ms
[2023-12-20T08:34:32.912-0800][54623357ms] GC(1603)   Other: 0.4ms
[2023-12-20T08:34:32.912-0800][54623357ms] GC(1603) Eden regions: 753->0(753)
[2023-12-20T08:34:32.912-0800][54623357ms] GC(1603) Survivor regions: 30->30(98)
[2023-12-20T08:34:32.912-0800][54623357ms] GC(1603) Old regions: 169->169
[2023-12-20T08:34:32.912-0800][54623357ms] GC(1603) Humongous regions: 5->5
[2023-12-20T08:34:32.912-0800][54623357ms] GC(1603) Metaspace: 256393K->256393K(1294336K)
[2023-12-20T08:34:32.912-0800][54623357ms] GC(1603) Pause Young (Normal) (G1 Evacuation Pause) 1912M->406M(2612M) 30.178ms
[2023-12-20T08:34:32.912-0800][54623357ms] GC(1603) User=0.22s Sys=0.00s Real=0.03s
[2023-12-20T08:34:33.664-0800][54624109ms] GC(1604) Pause Young (Normal) (G1 Evacuation Pause)
[2023-12-20T08:34:33.665-0800][54624110ms] GC(1604) Using 10 workers of 10 for evacuation
[2023-12-20T08:34:33.694-0800][54624139ms] GC(1604)   Pre Evacuate Collection Set: 0.0ms
[2023-12-20T08:34:33.694-0800][54624139ms] GC(1604)   Evacuate Collection Set: 26.6ms
[2023-12-20T08:34:33.694-0800][54624139ms] GC(1604)   Post Evacuate Collection Set: 2.4ms
[2023-12-20T08:34:33.694-0800][54624139ms] GC(1604)   Other: 0.3ms
[2023-12-20T08:34:33.694-0800][54624139ms] GC(1604) Eden regions: 753->0(754)
[2023-12-20T08:34:33.694-0800][54624139ms] GC(1604) Survivor regions: 30->29(98)
[2023-12-20T08:34:33.694-0800][54624139ms] GC(1604) Old regions: 169->169
[2023-12-20T08:34:33.694-0800][54624139ms] GC(1604) Humongous regions: 5->5
[2023-12-20T08:34:33.694-0800][54624139ms] GC(1604) Metaspace: 256393K->256393K(1294336K)
[2023-12-20T08:34:33.694-0800][54624139ms] GC(1604) Pause Young (Normal) (G1 Evacuation Pause) 1912M->405M(2612M) 29.428ms
[2023-12-20T08:34:33.694-0800][54624139ms] GC(1604) User=0.09s Sys=0.00s Real=0.03s
[2023-12-20T08:34:34.442-0800][54624887ms] GC(1605) Pause Young (Normal) (G1 Evacuation Pause)
[2023-12-20T08:34:34.442-0800][54624887ms] GC(1605) Using 10 workers of 10 for evacuation
[2023-12-20T08:34:34.471-0800][54624916ms] GC(1605)   Pre Evacuate Collection Set: 0.0ms
[2023-12-20T08:34:34.471-0800][54624916ms] GC(1605)   Evacuate Collection Set: 26.7ms
[2023-12-20T08:34:34.471-0800][54624916ms] GC(1605)   Post Evacuate Collection Set: 2.6ms
[2023-12-20T08:34:34.471-0800][54624916ms] GC(1605)   Other: 0.4ms
[2023-12-20T08:34:34.471-0800][54624916ms] GC(1605) Eden regions: 754->0(753)
[2023-12-20T08:34:34.471-0800][54624916ms] GC(1605) Survivor regions: 29->30(98)
[2023-12-20T08:34:34.471-0800][54624916ms] GC(1605) Old regions: 169->169
[2023-12-20T08:34:34.471-0800][54624916ms] GC(1605) Humongous regions: 5->5
[2023-12-20T08:34:34.471-0800][54624916ms] GC(1605) Metaspace: 256393K->256393K(1294336K)
[2023-12-20T08:34:34.471-0800][54624916ms] GC(1605) Pause Young (Normal) (G1 Evacuation Pause) 1913M->406M(2612M) 29.887ms
[2023-12-20T08:34:34.471-0800][54624916ms] GC(1605) User=0.13s Sys=0.00s Real=0.03s
[2023-12-20T08:34:35.187-0800][54625632ms] GC(1606) Pause Young (Normal) (G1 Evacuation Pause)
[2023-12-20T08:34:35.187-0800][54625632ms] GC(1606) Using 10 workers of 10 for evacuation
[2023-12-20T08:34:35.217-0800][54625662ms] GC(1606)   Pre Evacuate Collection Set: 0.0ms
[2023-12-20T08:34:35.217-0800][54625662ms] GC(1606)   Evacuate Collection Set: 26.9ms
[2023-12-20T08:34:35.217-0800][54625662ms] GC(1606)   Post Evacuate Collection Set: 2.5ms
[2023-12-20T08:34:35.217-0800][54625662ms] GC(1606)   Other: 0.4ms
[2023-12-20T08:34:35.217-0800][54625662ms] GC(1606) Eden regions: 753->0(753)
[2023-12-20T08:34:35.217-0800][54625662ms] GC(1606) Survivor regions: 30->30(98)
[2023-12-20T08:34:35.217-0800][54625662ms] GC(1606) Old regions: 169->169
[2023-12-20T08:34:35.217-0800][54625662ms] GC(1606) Humongous regions: 5->5
[2023-12-20T08:34:35.217-0800][54625662ms] GC(1606) Metaspace: 256393K->256393K(1294336K)
[2023-12-20T08:34:35.217-0800][54625662ms] GC(1606) Pause Young (Normal) (G1 Evacuation Pause) 1912M->407M(2612M) 29.954ms
[2023-12-20T08:34:35.217-0800][54625662ms] GC(1606) User=0.13s Sys=0.00s Real=0.03s
[2023-12-20T08:34:35.962-0800][54626407ms] GC(1607) Pause Young (Normal) (G1 Evacuation Pause)
[2023-12-20T08:34:35.962-0800][54626407ms] GC(1607) Using 10 workers of 10 for evacuation
[2023-12-20T08:34:35.992-0800][54626437ms] GC(1607)   Pre Evacuate Collection Set: 0.0ms
[2023-12-20T08:34:35.992-0800][54626437ms] GC(1607)   Evacuate Collection Set: 26.6ms
[2023-12-20T08:34:35.992-0800][54626437ms] GC(1607)   Post Evacuate Collection Set: 2.5ms
[2023-12-20T08:34:35.992-0800][54626437ms] GC(1607)   Other: 0.4ms
[2023-12-20T08:34:35.992-0800][54626437ms] GC(1607) Eden regions: 753->0(753)
[2023-12-20T08:34:35.992-0800][54626437ms] GC(1607) Survivor regions: 30->30(98)
[2023-12-20T08:34:35.992-0800][54626437ms] GC(1607) Old regions: 169->169
[2023-12-20T08:34:35.992-0800][54626437ms] GC(1607) Humongous regions: 5->5
[2023-12-20T08:34:35.992-0800][54626437ms] GC(1607) Metaspace: 256393K->256393K(1294336K)
[2023-12-20T08:34:35.992-0800][54626437ms] GC(1607) Pause Young (Normal) (G1 Evacuation Pause) 1913M->407M(2612M) 29.574ms
[2023-12-20T08:34:35.992-0800][54626437ms] GC(1607) User=0.08s Sys=0.00s Real=0.03s
[2023-12-20T08:34:36.738-0800][54627183ms] GC(1608) Pause Young (Normal) (G1 Evacuation Pause)
[2023-12-20T08:34:36.738-0800][54627183ms] GC(1608) Using 10 workers of 10 for evacuation
[2023-12-20T08:34:36.767-0800][54627212ms] GC(1608)   Pre Evacuate Collection Set: 0.0ms
[2023-12-20T08:34:36.767-0800][54627212ms] GC(1608)   Evacuate Collection Set: 26.7ms
[2023-12-20T08:34:36.767-0800][54627212ms] GC(1608)   Post Evacuate Collection Set: 2.5ms
[2023-12-20T08:34:36.767-0800][54627212ms] GC(1608)   Other: 0.4ms
[2023-12-20T08:34:36.767-0800][54627212ms] GC(1608) Eden regions: 753->0(753)
[2023-12-20T08:34:36.767-0800][54627212ms] GC(1608) Survivor regions: 30->30(98)
[2023-12-20T08:34:36.767-0800][54627212ms] GC(1608) Old regions: 169->169
[2023-12-20T08:34:36.767-0800][54627212ms] GC(1608) Humongous regions: 5->5
[2023-12-20T08:34:36.767-0800][54627212ms] GC(1608) Metaspace: 256393K->256393K(1294336K)
[2023-12-20T08:34:36.767-0800][54627212ms] GC(1608) Pause Young (Normal) (G1 Evacuation Pause) 1913M->406M(2612M) 29.759ms
[2023-12-20T08:34:36.767-0800][54627212ms] GC(1608) User=0.09s Sys=0.00s Real=0.03s
[2023-12-20T08:34:37.566-0800][54628011ms] GC(1609) Pause Young (Normal) (G1 Evacuation Pause)
[2023-12-20T08:34:37.566-0800][54628011ms] GC(1609) Using 10 workers of 10 for evacuation
[2023-12-20T08:34:37.596-0800][54628041ms] GC(1609)   Pre Evacuate Collection Set: 0.0ms
[2023-12-20T08:34:37.597-0800][54628042ms] GC(1609)   Evacuate Collection Set: 27.3ms
[2023-12-20T08:34:37.597-0800][54628042ms] GC(1609)   Post Evacuate Collection Set: 2.8ms
[2023-12-20T08:34:37.597-0800][54628042ms] GC(1609)   Other: 0.4ms
[2023-12-20T08:34:37.597-0800][54628042ms] GC(1609) Eden regions: 753->0(753)
[2023-12-20T08:34:37.597-0800][54628042ms] GC(1609) Survivor regions: 30->30(98)
[2023-12-20T08:34:37.597-0800][54628042ms] GC(1609) Old regions: 169->169
[2023-12-20T08:34:37.597-0800][54628042ms] GC(1609) Humongous regions: 5->5
[2023-12-20T08:34:37.597-0800][54628042ms] GC(1609) Metaspace: 256393K->256393K(1294336K)
[2023-12-20T08:34:37.597-0800][54628042ms] GC(1609) Pause Young (Normal) (G1 Evacuation Pause) 1912M->407M(2612M) 30.620ms
[2023-12-20T08:34:37.597-0800][54628042ms] GC(1609) User=0.11s Sys=0.00s Real=0.03s
[2023-12-20T08:34:38.339-0800][54628784ms] GC(1610) Pause Young (Normal) (G1 Evacuation Pause)
[2023-12-20T08:34:38.339-0800][54628784ms] GC(1610) Using 10 workers of 10 for evacuation
[2023-12-20T08:34:38.370-0800][54628815ms] GC(1610)   Pre Evacuate Collection Set: 0.1ms
[2023-12-20T08:34:38.370-0800][54628815ms] GC(1610)   Evacuate Collection Set: 28.4ms
[2023-12-20T08:34:38.370-0800][54628815ms] GC(1610)   Post Evacuate Collection Set: 2.9ms
[2023-12-20T08:34:38.370-0800][54628815ms] GC(1610)   Other: 0.4ms
[2023-12-20T08:34:38.370-0800][54628815ms] GC(1610) Eden regions: 753->0(753)
[2023-12-20T08:34:38.370-0800][54628815ms] GC(1610) Survivor regions: 30->30(98)
[2023-12-20T08:34:38.370-0800][54628815ms] GC(1610) Old regions: 169->169
[2023-12-20T08:34:38.370-0800][54628815ms] GC(1610) Humongous regions: 5->5
[2023-12-20T08:34:38.370-0800][54628815ms] GC(1610) Metaspace: 256393K->256393K(1294336K)
[2023-12-20T08:34:38.370-0800][54628815ms] GC(1610) Pause Young (Normal) (G1 Evacuation Pause) 1913M->407M(2612M) 31.898ms
[2023-12-20T08:34:38.370-0800][54628815ms] GC(1610) User=0.11s Sys=0.00s Real=0.03s
[2023-12-20T08:34:39.098-0800][54629543ms] GC(1611) Pause Young (Normal) (G1 Evacuation Pause)
[2023-12-20T08:34:39.098-0800][54629543ms] GC(1611) Using 10 workers of 10 for evacuation
[2023-12-20T08:34:39.128-0800][54629573ms] GC(1611)   Pre Evacuate Collection Set: 0.0ms
[2023-12-20T08:34:39.128-0800][54629573ms] GC(1611)   Evacuate Collection Set: 26.3ms
[2023-12-20T08:34:39.128-0800][54629573ms] GC(1611)   Post Evacuate Collection Set: 2.6ms
[2023-12-20T08:34:39.128-0800][54629573ms] GC(1611)   Other: 0.3ms
[2023-12-20T08:34:39.128-0800][54629573ms] GC(1611) Eden regions: 753->0(753)
[2023-12-20T08:34:39.128-0800][54629573ms] GC(1611) Survivor regions: 30->30(98)
[2023-12-20T08:34:39.128-0800][54629573ms] GC(1611) Old regions: 169->169
[2023-12-20T08:34:39.128-0800][54629573ms] GC(1611) Humongous regions: 5->5
[2023-12-20T08:34:39.128-0800][54629573ms] GC(1611) Metaspace: 256393K->256393K(1294336K)
[2023-12-20T08:34:39.128-0800][54629573ms] GC(1611) Pause Young (Normal) (G1 Evacuation Pause) 1913M->407M(2612M) 29.433ms
[2023-12-20T08:34:39.128-0800][54629573ms] GC(1611) User=0.13s Sys=0.00s Real=0.03s
[2023-12-20T08:34:39.881-0800][54630326ms] GC(1612) Pause Young (Normal) (G1 Evacuation Pause)
[2023-12-20T08:34:39.881-0800][54630326ms] GC(1612) Using 10 workers of 10 for evacuation
[2023-12-20T08:34:39.910-0800][54630355ms] GC(1612)   Pre Evacuate Collection Set: 0.0ms
[2023-12-20T08:34:39.910-0800][54630355ms] GC(1612)   Evacuate Collection Set: 26.6ms
[2023-12-20T08:34:39.910-0800][54630355ms] GC(1612)   Post Evacuate Collection Set: 2.4ms
[2023-12-20T08:34:39.910-0800][54630355ms] GC(1612)   Other: 0.3ms
[2023-12-20T08:34:39.910-0800][54630355ms] GC(1612) Eden regions: 753->0(753)
[2023-12-20T08:34:39.910-0800][54630355ms] GC(1612) Survivor regions: 30->30(98)
[2023-12-20T08:34:39.910-0800][54630355ms] GC(1612) Old regions: 169->169
[2023-12-20T08:34:39.910-0800][54630355ms] GC(1612) Humongous regions: 5->5
[2023-12-20T08:34:39.910-0800][54630355ms] GC(1612) Metaspace: 256393K->256393K(1294336K)
[2023-12-20T08:34:39.910-0800][54630355ms] GC(1612) Pause Young (Normal) (G1 Evacuation Pause) 1913M->407M(2612M) 29.499ms
[2023-12-20T08:34:39.910-0800][54630355ms] GC(1612) User=0.20s Sys=0.00s Real=0.03s
[2023-12-20T08:34:40.695-0800][54631140ms] GC(1613) Pause Young (Normal) (G1 Evacuation Pause)
[2023-12-20T08:34:40.695-0800][54631140ms] GC(1613) Using 10 workers of 10 for evacuation
[2023-12-20T08:34:40.726-0800][54631171ms] GC(1613)   Pre Evacuate Collection Set: 0.0ms
[2023-12-20T08:34:40.726-0800][54631171ms] GC(1613)   Evacuate Collection Set: 28.5ms
[2023-12-20T08:34:40.726-0800][54631171ms] GC(1613)   Post Evacuate Collection Set: 2.7ms
[2023-12-20T08:34:40.726-0800][54631171ms] GC(1613)   Other: 0.4ms
[2023-12-20T08:34:40.726-0800][54631171ms] GC(1613) Eden regions: 753->0(753)
[2023-12-20T08:34:40.726-0800][54631171ms] GC(1613) Survivor regions: 30->30(98)
[2023-12-20T08:34:40.726-0800][54631171ms] GC(1613) Old regions: 169->169
[2023-12-20T08:34:40.726-0800][54631171ms] GC(1613) Humongous regions: 5->5
[2023-12-20T08:34:40.726-0800][54631171ms] GC(1613) Metaspace: 256393K->256393K(1294336K)
[2023-12-20T08:34:40.726-0800][54631171ms] GC(1613) Pause Young (Normal) (G1 Evacuation Pause) 1913M->407M(2612M) 31.705ms
[2023-12-20T08:34:40.726-0800][54631171ms] GC(1613) User=0.08s Sys=0.00s Real=0.03s
[2023-12-20T08:34:41.468-0800][54631913ms] GC(1614) Pause Young (Normal) (G1 Evacuation Pause)
[2023-12-20T08:34:41.468-0800][54631913ms] GC(1614) Using 10 workers of 10 for evacuation
[2023-12-20T08:34:41.498-0800][54631943ms] GC(1614)   Pre Evacuate Collection Set: 0.0ms
[2023-12-20T08:34:41.498-0800][54631944ms] GC(1614)   Evacuate Collection Set: 28.1ms
[2023-12-20T08:34:41.499-0800][54631944ms] GC(1614)   Post Evacuate Collection Set: 2.6ms
[2023-12-20T08:34:41.499-0800][54631944ms] GC(1614)   Other: 0.4ms
[2023-12-20T08:34:41.499-0800][54631944ms] GC(1614) Eden regions: 753->0(753)
[2023-12-20T08:34:41.499-0800][54631944ms] GC(1614) Survivor regions: 30->30(98)
[2023-12-20T08:34:41.499-0800][54631944ms] GC(1614) Old regions: 169->169
[2023-12-20T08:34:41.499-0800][54631944ms] GC(1614) Humongous regions: 5->5
[2023-12-20T08:34:41.499-0800][54631944ms] GC(1614) Metaspace: 256393K->256393K(1294336K)
[2023-12-20T08:34:41.499-0800][54631944ms] GC(1614) Pause Young (Normal) (G1 Evacuation Pause) 1913M->406M(2612M) 31.175ms
[2023-12-20T08:34:41.499-0800][54631944ms] GC(1614) User=0.17s Sys=0.00s Real=0.03s
[2023-12-20T08:34:42.245-0800][54632690ms] GC(1615) Pause Young (Normal) (G1 Evacuation Pause)
[2023-12-20T08:34:42.245-0800][54632690ms] GC(1615) Using 10 workers of 10 for evacuation
[2023-12-20T08:34:42.275-0800][54632720ms] GC(1615)   Pre Evacuate Collection Set: 0.0ms
[2023-12-20T08:34:42.275-0800][54632720ms] GC(1615)   Evacuate Collection Set: 27.0ms
[2023-12-20T08:34:42.275-0800][54632720ms] GC(1615)   Post Evacuate Collection Set: 2.5ms
[2023-12-20T08:34:42.275-0800][54632720ms] GC(1615)   Other: 0.4ms
[2023-12-20T08:34:42.275-0800][54632720ms] GC(1615) Eden regions: 753->0(753)
[2023-12-20T08:34:42.275-0800][54632720ms] GC(1615) Survivor regions: 30->30(98)
[2023-12-20T08:34:42.275-0800][54632720ms] GC(1615) Old regions: 169->169
[2023-12-20T08:34:42.275-0800][54632720ms] GC(1615) Humongous regions: 5->5
[2023-12-20T08:34:42.275-0800][54632720ms] GC(1615) Metaspace: 256393K->256393K(1294336K)
[2023-12-20T08:34:42.275-0800][54632720ms] GC(1615) Pause Young (Normal) (G1 Evacuation Pause) 1912M->407M(2612M) 30.010ms
[2023-12-20T08:34:42.275-0800][54632720ms] GC(1615) User=0.14s Sys=0.00s Real=0.03s
[2023-12-20T08:34:43.018-0800][54633463ms] GC(1616) Pause Young (Normal) (G1 Evacuation Pause)
[2023-12-20T08:34:43.018-0800][54633463ms] GC(1616) Using 10 workers of 10 for evacuation
[2023-12-20T08:34:43.048-0800][54633493ms] GC(1616)   Pre Evacuate Collection Set: 0.0ms
[2023-12-20T08:34:43.048-0800][54633493ms] GC(1616)   Evacuate Collection Set: 27.1ms
[2023-12-20T08:34:43.048-0800][54633493ms] GC(1616)   Post Evacuate Collection Set: 2.4ms
[2023-12-20T08:34:43.048-0800][54633493ms] GC(1616)   Other: 0.3ms
[2023-12-20T08:34:43.048-0800][54633493ms] GC(1616) Eden regions: 753->0(753)
[2023-12-20T08:34:43.048-0800][54633493ms] GC(1616) Survivor regions: 30->30(98)
[2023-12-20T08:34:43.048-0800][54633493ms] GC(1616) Old regions: 169->169
[2023-12-20T08:34:43.048-0800][54633493ms] GC(1616) Humongous regions: 5->5
[2023-12-20T08:34:43.048-0800][54633493ms] GC(1616) Metaspace: 256393K->256393K(1294336K)
[2023-12-20T08:34:43.048-0800][54633493ms] GC(1616) Pause Young (Normal) (G1 Evacuation Pause) 1913M->407M(2612M) 30.024ms
[2023-12-20T08:34:43.048-0800][54633493ms] GC(1616) User=0.11s Sys=0.00s Real=0.03s
[2023-12-20T08:34:43.749-0800][54634194ms] GC(1617) Pause Young (Normal) (G1 Evacuation Pause)
[2023-12-20T08:34:43.749-0800][54634194ms] GC(1617) Using 10 workers of 10 for evacuation
[2023-12-20T08:34:43.780-0800][54634225ms] GC(1617)   Pre Evacuate Collection Set: 0.0ms
[2023-12-20T08:34:43.780-0800][54634225ms] GC(1617)   Evacuate Collection Set: 27.4ms
[2023-12-20T08:34:43.780-0800][54634225ms] GC(1617)   Post Evacuate Collection Set: 2.5ms
[2023-12-20T08:34:43.780-0800][54634225ms] GC(1617)   Other: 0.3ms
[2023-12-20T08:34:43.780-0800][54634225ms] GC(1617) Eden regions: 753->0(754)
[2023-12-20T08:34:43.780-0800][54634225ms] GC(1617) Survivor regions: 30->29(98)
[2023-12-20T08:34:43.780-0800][54634225ms] GC(1617) Old regions: 169->169
[2023-12-20T08:34:43.780-0800][54634225ms] GC(1617) Humongous regions: 5->5
[2023-12-20T08:34:43.780-0800][54634225ms] GC(1617) Metaspace: 256393K->256393K(1294336K)
[2023-12-20T08:34:43.780-0800][54634225ms] GC(1617) Pause Young (Normal) (G1 Evacuation Pause) 1913M->405M(2612M) 30.414ms
[2023-12-20T08:34:43.780-0800][54634225ms] GC(1617) User=0.14s Sys=0.00s Real=0.03s
[2023-12-20T08:34:44.479-0800][54634924ms] GC(1618) Pause Young (Normal) (G1 Evacuation Pause)
[2023-12-20T08:34:44.479-0800][54634924ms] GC(1618) Using 10 workers of 10 for evacuation
[2023-12-20T08:34:44.510-0800][54634955ms] GC(1618)   Pre Evacuate Collection Set: 0.0ms
[2023-12-20T08:34:44.510-0800][54634955ms] GC(1618)   Evacuate Collection Set: 26.9ms
[2023-12-20T08:34:44.510-0800][54634955ms] GC(1618)   Post Evacuate Collection Set: 2.6ms
[2023-12-20T08:34:44.510-0800][54634955ms] GC(1618)   Other: 0.3ms
[2023-12-20T08:34:44.510-0800][54634955ms] GC(1618) Eden regions: 754->0(754)
[2023-12-20T08:34:44.510-0800][54634955ms] GC(1618) Survivor regions: 29->29(98)
[2023-12-20T08:34:44.510-0800][54634955ms] GC(1618) Old regions: 169->169
[2023-12-20T08:34:44.510-0800][54634955ms] GC(1618) Humongous regions: 5->5
[2023-12-20T08:34:44.510-0800][54634955ms] GC(1618) Metaspace: 256393K->256393K(1294336K)
[2023-12-20T08:34:44.510-0800][54634955ms] GC(1618) Pause Young (Normal) (G1 Evacuation Pause) 1913M->405M(2612M) 29.930ms
[2023-12-20T08:34:44.510-0800][54634955ms] GC(1618) User=0.08s Sys=0.00s Real=0.03s
[2023-12-20T08:34:45.245-0800][54635690ms] GC(1619) Pause Young (Normal) (G1 Evacuation Pause)
[2023-12-20T08:34:45.245-0800][54635690ms] GC(1619) Using 10 workers of 10 for evacuation
[2023-12-20T08:34:45.275-0800][54635720ms] GC(1619)   Pre Evacuate Collection Set: 0.0ms
[2023-12-20T08:34:45.275-0800][54635720ms] GC(1619)   Evacuate Collection Set: 27.0ms
[2023-12-20T08:34:45.275-0800][54635720ms] GC(1619)   Post Evacuate Collection Set: 2.4ms
[2023-12-20T08:34:45.275-0800][54635720ms] GC(1619)   Other: 0.4ms
[2023-12-20T08:34:45.275-0800][54635720ms] GC(1619) Eden regions: 754->0(753)
[2023-12-20T08:34:45.275-0800][54635720ms] GC(1619) Survivor regions: 29->30(98)
[2023-12-20T08:34:45.275-0800][54635720ms] GC(1619) Old regions: 169->169
[2023-12-20T08:34:45.275-0800][54635720ms] GC(1619) Humongous regions: 5->5
[2023-12-20T08:34:45.275-0800][54635720ms] GC(1619) Metaspace: 256393K->256393K(1294336K)
[2023-12-20T08:34:45.275-0800][54635720ms] GC(1619) Pause Young (Normal) (G1 Evacuation Pause) 1913M->407M(2612M) 30.018ms
[2023-12-20T08:34:45.275-0800][54635720ms] GC(1619) User=0.09s Sys=0.00s Real=0.03s
[2023-12-20T08:34:46.028-0800][54636473ms] GC(1620) Pause Young (Normal) (G1 Evacuation Pause)
[2023-12-20T08:34:46.028-0800][54636473ms] GC(1620) Using 10 workers of 10 for evacuation
[2023-12-20T08:34:46.058-0800][54636503ms] GC(1620)   Pre Evacuate Collection Set: 0.0ms
[2023-12-20T08:34:46.058-0800][54636503ms] GC(1620)   Evacuate Collection Set: 26.4ms
[2023-12-20T08:34:46.058-0800][54636503ms] GC(1620)   Post Evacuate Collection Set: 2.6ms
[2023-12-20T08:34:46.058-0800][54636503ms] GC(1620)   Other: 0.4ms
[2023-12-20T08:34:46.058-0800][54636503ms] GC(1620) Eden regions: 753->0(753)
[2023-12-20T08:34:46.058-0800][54636503ms] GC(1620) Survivor regions: 30->30(98)
[2023-12-20T08:34:46.058-0800][54636503ms] GC(1620) Old regions: 169->169
[2023-12-20T08:34:46.058-0800][54636503ms] GC(1620) Humongous regions: 5->5
[2023-12-20T08:34:46.058-0800][54636503ms] GC(1620) Metaspace: 256393K->256393K(1294336K)
[2023-12-20T08:34:46.058-0800][54636503ms] GC(1620) Pause Young (Normal) (G1 Evacuation Pause) 1913M->406M(2612M) 29.543ms
[2023-12-20T08:34:46.058-0800][54636503ms] GC(1620) User=0.08s Sys=0.00s Real=0.03s
[2023-12-20T08:34:46.808-0800][54637253ms] GC(1621) Pause Young (Normal) (G1 Evacuation Pause)
[2023-12-20T08:34:46.808-0800][54637253ms] GC(1621) Using 10 workers of 10 for evacuation
[2023-12-20T08:34:46.839-0800][54637284ms] GC(1621)   Pre Evacuate Collection Set: 0.0ms
[2023-12-20T08:34:46.839-0800][54637284ms] GC(1621)   Evacuate Collection Set: 27.7ms
[2023-12-20T08:34:46.839-0800][54637284ms] GC(1621)   Post Evacuate Collection Set: 2.5ms
[2023-12-20T08:34:46.839-0800][54637284ms] GC(1621)   Other: 0.4ms
[2023-12-20T08:34:46.839-0800][54637284ms] GC(1621) Eden regions: 753->0(753)
[2023-12-20T08:34:46.839-0800][54637284ms] GC(1621) Survivor regions: 30->30(98)
[2023-12-20T08:34:46.839-0800][54637284ms] GC(1621) Old regions: 169->169
[2023-12-20T08:34:46.839-0800][54637284ms] GC(1621) Humongous regions: 5->5
[2023-12-20T08:34:46.839-0800][54637284ms] GC(1621) Metaspace: 256393K->256393K(1294336K)
[2023-12-20T08:34:46.839-0800][54637284ms] GC(1621) Pause Young (Normal) (G1 Evacuation Pause) 1912M->407M(2612M) 30.695ms
[2023-12-20T08:34:46.839-0800][54637284ms] GC(1621) User=0.08s Sys=0.00s Real=0.03s
[2023-12-20T08:34:47.626-0800][54638072ms] GC(1622) Pause Young (Normal) (G1 Evacuation Pause)
[2023-12-20T08:34:47.627-0800][54638072ms] GC(1622) Using 10 workers of 10 for evacuation
[2023-12-20T08:34:47.658-0800][54638103ms] GC(1622)   Pre Evacuate Collection Set: 0.1ms
[2023-12-20T08:34:47.658-0800][54638103ms] GC(1622)   Evacuate Collection Set: 28.7ms
[2023-12-20T08:34:47.658-0800][54638103ms] GC(1622)   Post Evacuate Collection Set: 3.2ms
[2023-12-20T08:34:47.658-0800][54638103ms] GC(1622)   Other: 0.5ms
[2023-12-20T08:34:47.658-0800][54638103ms] GC(1622) Eden regions: 753->0(754)
[2023-12-20T08:34:47.658-0800][54638103ms] GC(1622) Survivor regions: 30->29(98)
[2023-12-20T08:34:47.658-0800][54638103ms] GC(1622) Old regions: 169->169
[2023-12-20T08:34:47.658-0800][54638103ms] GC(1622) Humongous regions: 5->5
[2023-12-20T08:34:47.658-0800][54638103ms] GC(1622) Metaspace: 256393K->256393K(1294336K)
[2023-12-20T08:34:47.658-0800][54638103ms] GC(1622) Pause Young (Normal) (G1 Evacuation Pause) 1913M->404M(2612M) 32.481ms
[2023-12-20T08:34:47.658-0800][54638103ms] GC(1622) User=0.14s Sys=0.00s Real=0.03s
[2023-12-20T08:34:48.377-0800][54638822ms] GC(1623) Pause Young (Normal) (G1 Evacuation Pause)
[2023-12-20T08:34:48.377-0800][54638822ms] GC(1623) Using 10 workers of 10 for evacuation
[2023-12-20T08:34:48.408-0800][54638853ms] GC(1623)   Pre Evacuate Collection Set: 0.0ms
[2023-12-20T08:34:48.408-0800][54638853ms] GC(1623)   Evacuate Collection Set: 28.2ms
[2023-12-20T08:34:48.408-0800][54638853ms] GC(1623)   Post Evacuate Collection Set: 2.7ms
[2023-12-20T08:34:48.408-0800][54638853ms] GC(1623)   Other: 0.4ms
[2023-12-20T08:34:48.408-0800][54638853ms] GC(1623) Eden regions: 754->0(754)
[2023-12-20T08:34:48.408-0800][54638853ms] GC(1623) Survivor regions: 29->29(98)
[2023-12-20T08:34:48.408-0800][54638853ms] GC(1623) Old regions: 169->169
[2023-12-20T08:34:48.408-0800][54638853ms] GC(1623) Humongous regions: 5->5
[2023-12-20T08:34:48.408-0800][54638853ms] GC(1623) Metaspace: 256393K->256393K(1294336K)
[2023-12-20T08:34:48.409-0800][54638854ms] GC(1623) Pause Young (Normal) (G1 Evacuation Pause) 1912M->405M(2612M) 31.390ms
[2023-12-20T08:34:48.409-0800][54638854ms] GC(1623) User=0.11s Sys=0.00s Real=0.03s
[2023-12-20T08:34:49.234-0800][54639679ms] GC(1624) Pause Young (Normal) (G1 Evacuation Pause)
[2023-12-20T08:34:49.234-0800][54639679ms] GC(1624) Using 10 workers of 10 for evacuation
[2023-12-20T08:34:49.266-0800][54639711ms] GC(1624)   Pre Evacuate Collection Set: 0.0ms
[2023-12-20T08:34:49.266-0800][54639711ms] GC(1624)   Evacuate Collection Set: 29.4ms
[2023-12-20T08:34:49.266-0800][54639711ms] GC(1624)   Post Evacuate Collection Set: 2.4ms
[2023-12-20T08:34:49.266-0800][54639711ms] GC(1624)   Other: 0.4ms
[2023-12-20T08:34:49.266-0800][54639711ms] GC(1624) Eden regions: 754->0(754)
[2023-12-20T08:34:49.266-0800][54639711ms] GC(1624) Survivor regions: 29->29(98)
[2023-12-20T08:34:49.266-0800][54639711ms] GC(1624) Old regions: 169->169
[2023-12-20T08:34:49.266-0800][54639711ms] GC(1624) Humongous regions: 5->5
[2023-12-20T08:34:49.266-0800][54639711ms] GC(1624) Metaspace: 256393K->256393K(1294336K)
[2023-12-20T08:34:49.266-0800][54639711ms] GC(1624) Pause Young (Normal) (G1 Evacuation Pause) 1913M->405M(2612M) 32.334ms
[2023-12-20T08:34:49.266-0800][54639711ms] GC(1624) User=0.13s Sys=0.00s Real=0.03s
[2023-12-20T08:34:50.104-0800][54640549ms] GC(1625) Pause Young (Normal) (G1 Evacuation Pause)
[2023-12-20T08:34:50.104-0800][54640549ms] GC(1625) Using 10 workers of 10 for evacuation
[2023-12-20T08:34:50.134-0800][54640579ms] GC(1625)   Pre Evacuate Collection Set: 0.0ms
[2023-12-20T08:34:50.134-0800][54640579ms] GC(1625)   Evacuate Collection Set: 28.1ms
[2023-12-20T08:34:50.134-0800][54640579ms] GC(1625)   Post Evacuate Collection Set: 2.5ms
[2023-12-20T08:34:50.134-0800][54640579ms] GC(1625)   Other: 0.4ms
[2023-12-20T08:34:50.134-0800][54640579ms] GC(1625) Eden regions: 754->0(753)
[2023-12-20T08:34:50.134-0800][54640579ms] GC(1625) Survivor regions: 29->30(98)
[2023-12-20T08:34:50.134-0800][54640579ms] GC(1625) Old regions: 169->169
[2023-12-20T08:34:50.134-0800][54640579ms] GC(1625) Humongous regions: 5->5
[2023-12-20T08:34:50.134-0800][54640579ms] GC(1625) Metaspace: 256393K->256393K(1294336K)
[2023-12-20T08:34:50.134-0800][54640579ms] GC(1625) Pause Young (Normal) (G1 Evacuation Pause) 1913M->407M(2612M) 31.080ms
[2023-12-20T08:34:50.134-0800][54640579ms] GC(1625) User=0.13s Sys=0.00s Real=0.03s
[2023-12-20T08:34:50.869-0800][54641314ms] GC(1626) Pause Young (Normal) (G1 Evacuation Pause)
[2023-12-20T08:34:50.869-0800][54641314ms] GC(1626) Using 10 workers of 10 for evacuation
[2023-12-20T08:34:50.898-0800][54641343ms] GC(1626)   Pre Evacuate Collection Set: 0.1ms
[2023-12-20T08:34:50.898-0800][54641343ms] GC(1626)   Evacuate Collection Set: 27.1ms
[2023-12-20T08:34:50.898-0800][54641343ms] GC(1626)   Post Evacuate Collection Set: 2.5ms
[2023-12-20T08:34:50.898-0800][54641343ms] GC(1626)   Other: 0.4ms
[2023-12-20T08:34:50.898-0800][54641343ms] GC(1626) Eden regions: 753->0(753)
[2023-12-20T08:34:50.898-0800][54641343ms] GC(1626) Survivor regions: 30->30(98)
[2023-12-20T08:34:50.898-0800][54641343ms] GC(1626) Old regions: 169->169
[2023-12-20T08:34:50.898-0800][54641343ms] GC(1626) Humongous regions: 5->5
[2023-12-20T08:34:50.898-0800][54641343ms] GC(1626) Metaspace: 256393K->256393K(1294336K)
[2023-12-20T08:34:50.898-0800][54641343ms] GC(1626) Pause Young (Normal) (G1 Evacuation Pause) 1913M->407M(2612M) 30.185ms
[2023-12-20T08:34:50.898-0800][54641343ms] GC(1626) User=0.13s Sys=0.00s Real=0.03s
[2023-12-20T08:34:51.612-0800][54642057ms] GC(1627) Pause Young (Normal) (G1 Evacuation Pause)
[2023-12-20T08:34:51.612-0800][54642057ms] GC(1627) Using 10 workers of 10 for evacuation
[2023-12-20T08:34:51.641-0800][54642086ms] GC(1627)   Pre Evacuate Collection Set: 0.0ms
[2023-12-20T08:34:51.641-0800][54642086ms] GC(1627)   Evacuate Collection Set: 25.9ms
[2023-12-20T08:34:51.641-0800][54642086ms] GC(1627)   Post Evacuate Collection Set: 2.3ms
[2023-12-20T08:34:51.641-0800][54642086ms] GC(1627)   Other: 0.4ms
[2023-12-20T08:34:51.641-0800][54642086ms] GC(1627) Eden regions: 753->0(753)
[2023-12-20T08:34:51.641-0800][54642086ms] GC(1627) Survivor regions: 30->30(98)
[2023-12-20T08:34:51.641-0800][54642086ms] GC(1627) Old regions: 169->169
[2023-12-20T08:34:51.641-0800][54642086ms] GC(1627) Humongous regions: 5->5
[2023-12-20T08:34:51.641-0800][54642086ms] GC(1627) Metaspace: 256393K->256393K(1294336K)
[2023-12-20T08:34:51.641-0800][54642086ms] GC(1627) Pause Young (Normal) (G1 Evacuation Pause) 1913M->407M(2612M) 28.803ms
[2023-12-20T08:34:51.641-0800][54642086ms] GC(1627) User=0.06s Sys=0.00s Real=0.03s
[2023-12-20T08:34:52.456-0800][54642901ms] GC(1628) Pause Young (Normal) (G1 Evacuation Pause)
[2023-12-20T08:34:52.456-0800][54642901ms] GC(1628) Using 10 workers of 10 for evacuation
[2023-12-20T08:34:52.486-0800][54642931ms] GC(1628)   Pre Evacuate Collection Set: 0.0ms
[2023-12-20T08:34:52.486-0800][54642931ms] GC(1628)   Evacuate Collection Set: 26.6ms
[2023-12-20T08:34:52.486-0800][54642931ms] GC(1628)   Post Evacuate Collection Set: 2.4ms
[2023-12-20T08:34:52.486-0800][54642931ms] GC(1628)   Other: 0.4ms
[2023-12-20T08:34:52.486-0800][54642931ms] GC(1628) Eden regions: 753->0(752)
[2023-12-20T08:34:52.486-0800][54642931ms] GC(1628) Survivor regions: 30->31(98)
[2023-12-20T08:34:52.486-0800][54642931ms] GC(1628) Old regions: 169->169
[2023-12-20T08:34:52.486-0800][54642931ms] GC(1628) Humongous regions: 5->5
[2023-12-20T08:34:52.486-0800][54642931ms] GC(1628) Metaspace: 256393K->256393K(1294336K)
[2023-12-20T08:34:52.486-0800][54642931ms] GC(1628) Pause Young (Normal) (G1 Evacuation Pause) 1913M->408M(2612M) 29.528ms
[2023-12-20T08:34:52.486-0800][54642931ms] GC(1628) User=0.09s Sys=0.00s Real=0.03s
[2023-12-20T08:34:53.251-0800][54643696ms] GC(1629) Pause Young (Normal) (G1 Evacuation Pause)
[2023-12-20T08:34:53.251-0800][54643696ms] GC(1629) Using 10 workers of 10 for evacuation
[2023-12-20T08:34:53.283-0800][54643728ms] GC(1629)   Pre Evacuate Collection Set: 0.0ms
[2023-12-20T08:34:53.283-0800][54643728ms] GC(1629)   Evacuate Collection Set: 29.1ms
[2023-12-20T08:34:53.283-0800][54643728ms] GC(1629)   Post Evacuate Collection Set: 2.7ms
[2023-12-20T08:34:53.283-0800][54643728ms] GC(1629)   Other: 0.4ms
[2023-12-20T08:34:53.283-0800][54643728ms] GC(1629) Eden regions: 752->0(752)
[2023-12-20T08:34:53.283-0800][54643728ms] GC(1629) Survivor regions: 31->31(98)
[2023-12-20T08:34:53.283-0800][54643728ms] GC(1629) Old regions: 169->169
[2023-12-20T08:34:53.283-0800][54643728ms] GC(1629) Humongous regions: 5->5
[2023-12-20T08:34:53.283-0800][54643728ms] GC(1629) Metaspace: 256393K->256393K(1294336K)
[2023-12-20T08:34:53.283-0800][54643728ms] GC(1629) Pause Young (Normal) (G1 Evacuation Pause) 1912M->409M(2612M) 32.313ms
[2023-12-20T08:34:53.283-0800][54643728ms] GC(1629) User=0.16s Sys=0.00s Real=0.03s
[2023-12-20T08:34:54.178-0800][54644623ms] GC(1630) Pause Young (Normal) (G1 Evacuation Pause)
[2023-12-20T08:34:54.178-0800][54644623ms] GC(1630) Using 10 workers of 10 for evacuation
[2023-12-20T08:34:54.208-0800][54644653ms] GC(1630)   Pre Evacuate Collection Set: 0.0ms
[2023-12-20T08:34:54.208-0800][54644653ms] GC(1630)   Evacuate Collection Set: 27.4ms
[2023-12-20T08:34:54.208-0800][54644653ms] GC(1630)   Post Evacuate Collection Set: 2.5ms
[2023-12-20T08:34:54.208-0800][54644653ms] GC(1630)   Other: 0.4ms
[2023-12-20T08:34:54.208-0800][54644653ms] GC(1630) Eden regions: 752->0(752)
[2023-12-20T08:34:54.208-0800][54644653ms] GC(1630) Survivor regions: 31->31(98)
[2023-12-20T08:34:54.208-0800][54644653ms] GC(1630) Old regions: 169->169
[2023-12-20T08:34:54.208-0800][54644653ms] GC(1630) Humongous regions: 5->5
[2023-12-20T08:34:54.208-0800][54644653ms] GC(1630) Metaspace: 256393K->256393K(1294336K)
[2023-12-20T08:34:54.208-0800][54644653ms] GC(1630) Pause Young (Normal) (G1 Evacuation Pause) 1913M->408M(2612M) 30.378ms
[2023-12-20T08:34:54.208-0800][54644653ms] GC(1630) User=0.14s Sys=0.00s Real=0.03s
[2023-12-20T08:34:55.006-0800][54645451ms] GC(1631) Pause Young (Normal) (GCLocker Initiated GC)
[2023-12-20T08:34:55.006-0800][54645451ms] GC(1631) Using 10 workers of 10 for evacuation
[2023-12-20T08:34:55.036-0800][54645481ms] GC(1631)   Pre Evacuate Collection Set: 0.0ms
[2023-12-20T08:34:55.036-0800][54645481ms] GC(1631)   Evacuate Collection Set: 26.9ms
[2023-12-20T08:34:55.036-0800][54645481ms] GC(1631)   Post Evacuate Collection Set: 2.4ms
[2023-12-20T08:34:55.036-0800][54645481ms] GC(1631)   Other: 0.4ms
[2023-12-20T08:34:55.036-0800][54645481ms] GC(1631) Eden regions: 753->0(752)
[2023-12-20T08:34:55.036-0800][54645481ms] GC(1631) Survivor regions: 31->31(98)
[2023-12-20T08:34:55.036-0800][54645481ms] GC(1631) Old regions: 169->169
[2023-12-20T08:34:55.036-0800][54645481ms] GC(1631) Humongous regions: 5->5
[2023-12-20T08:34:55.036-0800][54645481ms] GC(1631) Metaspace: 256393K->256393K(1294336K)
[2023-12-20T08:34:55.036-0800][54645481ms] GC(1631) Pause Young (Normal) (GCLocker Initiated GC) 1913M->408M(2612M) 29.814ms
[2023-12-20T08:34:55.036-0800][54645481ms] GC(1631) User=0.17s Sys=0.00s Real=0.03s
[2023-12-20T08:34:55.797-0800][54646242ms] GC(1632) Pause Young (Normal) (GCLocker Initiated GC)
[2023-12-20T08:34:55.797-0800][54646242ms] GC(1632) Using 10 workers of 10 for evacuation
[2023-12-20T08:34:55.826-0800][54646271ms] GC(1632)   Pre Evacuate Collection Set: 0.1ms
[2023-12-20T08:34:55.826-0800][54646271ms] GC(1632)   Evacuate Collection Set: 26.1ms
[2023-12-20T08:34:55.826-0800][54646271ms] GC(1632)   Post Evacuate Collection Set: 2.7ms
[2023-12-20T08:34:55.826-0800][54646271ms] GC(1632)   Other: 0.4ms
[2023-12-20T08:34:55.826-0800][54646271ms] GC(1632) Eden regions: 753->0(752)
[2023-12-20T08:34:55.826-0800][54646271ms] GC(1632) Survivor regions: 31->31(98)
[2023-12-20T08:34:55.826-0800][54646271ms] GC(1632) Old regions: 169->169
[2023-12-20T08:34:55.826-0800][54646271ms] GC(1632) Humongous regions: 5->5
[2023-12-20T08:34:55.826-0800][54646271ms] GC(1632) Metaspace: 256393K->256393K(1294336K)
[2023-12-20T08:34:55.826-0800][54646271ms] GC(1632) Pause Young (Normal) (GCLocker Initiated GC) 1913M->408M(2612M) 29.363ms
[2023-12-20T08:34:55.826-0800][54646271ms] GC(1632) User=0.06s Sys=0.00s Real=0.03s
[2023-12-20T08:34:56.423-0800][54646868ms] GC(1633) Pause Young (Normal) (G1 Evacuation Pause)
[2023-12-20T08:34:56.423-0800][54646868ms] GC(1633) Using 10 workers of 10 for evacuation
[2023-12-20T08:34:56.453-0800][54646898ms] GC(1633)   Pre Evacuate Collection Set: 0.0ms
[2023-12-20T08:34:56.453-0800][54646898ms] GC(1633)   Evacuate Collection Set: 26.2ms
[2023-12-20T08:34:56.453-0800][54646898ms] GC(1633)   Post Evacuate Collection Set: 2.4ms
[2023-12-20T08:34:56.453-0800][54646898ms] GC(1633)   Other: 0.4ms
[2023-12-20T08:34:56.453-0800][54646898ms] GC(1633) Eden regions: 752->0(753)
[2023-12-20T08:34:56.453-0800][54646898ms] GC(1633) Survivor regions: 31->30(98)
[2023-12-20T08:34:56.453-0800][54646898ms] GC(1633) Old regions: 169->169
[2023-12-20T08:34:56.453-0800][54646898ms] GC(1633) Humongous regions: 5->5
[2023-12-20T08:34:56.453-0800][54646898ms] GC(1633) Metaspace: 256393K->256393K(1294336K)
[2023-12-20T08:34:56.453-0800][54646898ms] GC(1633) Pause Young (Normal) (G1 Evacuation Pause) 1912M->407M(2612M) 29.103ms
[2023-12-20T08:34:56.453-0800][54646898ms] GC(1633) User=0.13s Sys=0.00s Real=0.03s
[2023-12-20T08:34:57.044-0800][54647489ms] GC(1634) Pause Young (Normal) (G1 Evacuation Pause)
[2023-12-20T08:34:57.044-0800][54647489ms] GC(1634) Using 10 workers of 10 for evacuation
[2023-12-20T08:34:57.073-0800][54647518ms] GC(1634)   Pre Evacuate Collection Set: 0.0ms
[2023-12-20T08:34:57.073-0800][54647518ms] GC(1634)   Evacuate Collection Set: 26.2ms
[2023-12-20T08:34:57.073-0800][54647518ms] GC(1634)   Post Evacuate Collection Set: 2.3ms
[2023-12-20T08:34:57.073-0800][54647518ms] GC(1634)   Other: 0.4ms
[2023-12-20T08:34:57.073-0800][54647518ms] GC(1634) Eden regions: 753->0(752)
[2023-12-20T08:34:57.073-0800][54647518ms] GC(1634) Survivor regions: 30->31(98)
[2023-12-20T08:34:57.073-0800][54647518ms] GC(1634) Old regions: 169->169
[2023-12-20T08:34:57.073-0800][54647518ms] GC(1634) Humongous regions: 5->5
[2023-12-20T08:34:57.073-0800][54647518ms] GC(1634) Metaspace: 256393K->256393K(1294336K)
[2023-12-20T08:34:57.073-0800][54647518ms] GC(1634) Pause Young (Normal) (G1 Evacuation Pause) 1913M->408M(2612M) 29.084ms
[2023-12-20T08:34:57.073-0800][54647518ms] GC(1634) User=0.13s Sys=0.00s Real=0.03s
[2023-12-20T08:34:57.749-0800][54648194ms] GC(1635) Pause Young (Normal) (G1 Evacuation Pause)
[2023-12-20T08:34:57.749-0800][54648194ms] GC(1635) Using 10 workers of 10 for evacuation
[2023-12-20T08:34:57.786-0800][54648231ms] GC(1635)   Pre Evacuate Collection Set: 0.1ms
[2023-12-20T08:34:57.786-0800][54648231ms] GC(1635)   Evacuate Collection Set: 34.4ms
[2023-12-20T08:34:57.786-0800][54648231ms] GC(1635)   Post Evacuate Collection Set: 2.6ms
[2023-12-20T08:34:57.786-0800][54648231ms] GC(1635)   Other: 0.7ms
[2023-12-20T08:34:57.786-0800][54648231ms] GC(1635) Eden regions: 752->0(752)
[2023-12-20T08:34:57.786-0800][54648231ms] GC(1635) Survivor regions: 31->31(98)
[2023-12-20T08:34:57.786-0800][54648231ms] GC(1635) Old regions: 169->169
[2023-12-20T08:34:57.786-0800][54648231ms] GC(1635) Humongous regions: 5->5
[2023-12-20T08:34:57.786-0800][54648231ms] GC(1635) Metaspace: 256393K->256393K(1294336K)
[2023-12-20T08:34:57.786-0800][54648231ms] GC(1635) Pause Young (Normal) (G1 Evacuation Pause) 1912M->408M(2612M) 37.936ms
[2023-12-20T08:34:57.786-0800][54648231ms] GC(1635) User=0.22s Sys=0.00s Real=0.04s
[2023-12-20T08:34:58.546-0800][54648991ms] GC(1636) Pause Young (Normal) (G1 Evacuation Pause)
[2023-12-20T08:34:58.546-0800][54648991ms] GC(1636) Using 10 workers of 10 for evacuation
[2023-12-20T08:34:58.575-0800][54649020ms] GC(1636)   Pre Evacuate Collection Set: 0.0ms
[2023-12-20T08:34:58.575-0800][54649020ms] GC(1636)   Evacuate Collection Set: 26.7ms
[2023-12-20T08:34:58.575-0800][54649020ms] GC(1636)   Post Evacuate Collection Set: 2.3ms
[2023-12-20T08:34:58.575-0800][54649020ms] GC(1636)   Other: 0.4ms
[2023-12-20T08:34:58.575-0800][54649020ms] GC(1636) Eden regions: 752->0(753)
[2023-12-20T08:34:58.575-0800][54649020ms] GC(1636) Survivor regions: 31->30(98)
[2023-12-20T08:34:58.575-0800][54649020ms] GC(1636) Old regions: 169->169
[2023-12-20T08:34:58.575-0800][54649020ms] GC(1636) Humongous regions: 5->5
[2023-12-20T08:34:58.575-0800][54649020ms] GC(1636) Metaspace: 256393K->256393K(1294336K)
[2023-12-20T08:34:58.575-0800][54649020ms] GC(1636) Pause Young (Normal) (G1 Evacuation Pause) 1912M->407M(2612M) 29.519ms
[2023-12-20T08:34:58.575-0800][54649020ms] GC(1636) User=0.13s Sys=0.00s Real=0.03s
[2023-12-20T08:34:59.247-0800][54649692ms] GC(1637) Pause Young (Normal) (G1 Evacuation Pause)
[2023-12-20T08:34:59.247-0800][54649692ms] GC(1637) Using 10 workers of 10 for evacuation
[2023-12-20T08:34:59.276-0800][54649721ms] GC(1637)   Pre Evacuate Collection Set: 0.0ms
[2023-12-20T08:34:59.276-0800][54649721ms] GC(1637)   Evacuate Collection Set: 26.7ms
[2023-12-20T08:34:59.276-0800][54649721ms] GC(1637)   Post Evacuate Collection Set: 2.3ms
[2023-12-20T08:34:59.276-0800][54649721ms] GC(1637)   Other: 0.3ms
[2023-12-20T08:34:59.276-0800][54649721ms] GC(1637) Eden regions: 753->0(752)
[2023-12-20T08:34:59.276-0800][54649721ms] GC(1637) Survivor regions: 30->31(98)
[2023-12-20T08:34:59.276-0800][54649721ms] GC(1637) Old regions: 169->169
[2023-12-20T08:34:59.276-0800][54649721ms] GC(1637) Humongous regions: 5->5
[2023-12-20T08:34:59.276-0800][54649721ms] GC(1637) Metaspace: 256393K->256393K(1294336K)
[2023-12-20T08:34:59.276-0800][54649721ms] GC(1637) Pause Young (Normal) (G1 Evacuation Pause) 1913M->408M(2612M) 29.522ms
[2023-12-20T08:34:59.276-0800][54649721ms] GC(1637) User=0.09s Sys=0.00s Real=0.03s
[2023-12-20T08:34:59.974-0800][54650419ms] GC(1638) Pause Young (Normal) (G1 Evacuation Pause)
[2023-12-20T08:34:59.974-0800][54650419ms] GC(1638) Using 10 workers of 10 for evacuation
[2023-12-20T08:35:00.004-0800][54650449ms] GC(1638)   Pre Evacuate Collection Set: 0.0ms
[2023-12-20T08:35:00.004-0800][54650449ms] GC(1638)   Evacuate Collection Set: 26.0ms
[2023-12-20T08:35:00.004-0800][54650449ms] GC(1638)   Post Evacuate Collection Set: 3.3ms
[2023-12-20T08:35:00.004-0800][54650449ms] GC(1638)   Other: 0.4ms
[2023-12-20T08:35:00.004-0800][54650449ms] GC(1638) Eden regions: 752->0(753)
[2023-12-20T08:35:00.004-0800][54650449ms] GC(1638) Survivor regions: 31->30(98)
[2023-12-20T08:35:00.004-0800][54650449ms] GC(1638) Old regions: 169->169
[2023-12-20T08:35:00.004-0800][54650449ms] GC(1638) Humongous regions: 5->5
[2023-12-20T08:35:00.004-0800][54650449ms] GC(1638) Metaspace: 256393K->256393K(1294336K)
[2023-12-20T08:35:00.004-0800][54650449ms] GC(1638) Pause Young (Normal) (G1 Evacuation Pause) 1912M->407M(2612M) 29.779ms
[2023-12-20T08:35:00.004-0800][54650449ms] GC(1638) User=0.17s Sys=0.00s Real=0.03s
[2023-12-20T08:35:00.725-0800][54651170ms] GC(1639) Pause Young (Normal) (G1 Evacuation Pause)
[2023-12-20T08:35:00.725-0800][54651170ms] GC(1639) Using 10 workers of 10 for evacuation
[2023-12-20T08:35:00.758-0800][54651203ms] GC(1639)   Pre Evacuate Collection Set: 0.0ms
[2023-12-20T08:35:00.758-0800][54651203ms] GC(1639)   Evacuate Collection Set: 30.3ms
[2023-12-20T08:35:00.758-0800][54651203ms] GC(1639)   Post Evacuate Collection Set: 2.5ms
[2023-12-20T08:35:00.758-0800][54651203ms] GC(1639)   Other: 0.4ms
[2023-12-20T08:35:00.758-0800][54651203ms] GC(1639) Eden regions: 753->0(753)
[2023-12-20T08:35:00.758-0800][54651203ms] GC(1639) Survivor regions: 30->30(98)
[2023-12-20T08:35:00.758-0800][54651203ms] GC(1639) Old regions: 169->169
[2023-12-20T08:35:00.758-0800][54651203ms] GC(1639) Humongous regions: 5->5
[2023-12-20T08:35:00.758-0800][54651203ms] GC(1639) Metaspace: 256393K->256393K(1294336K)
[2023-12-20T08:35:00.758-0800][54651203ms] GC(1639) Pause Young (Normal) (G1 Evacuation Pause) 1913M->407M(2612M) 33.377ms
[2023-12-20T08:35:00.758-0800][54651203ms] GC(1639) User=0.16s Sys=0.00s Real=0.03s
[2023-12-20T08:35:01.517-0800][54651962ms] GC(1640) Pause Young (Normal) (G1 Evacuation Pause)
[2023-12-20T08:35:01.517-0800][54651962ms] GC(1640) Using 10 workers of 10 for evacuation
[2023-12-20T08:35:01.547-0800][54651992ms] GC(1640)   Pre Evacuate Collection Set: 0.0ms
[2023-12-20T08:35:01.547-0800][54651992ms] GC(1640)   Evacuate Collection Set: 27.2ms
[2023-12-20T08:35:01.547-0800][54651992ms] GC(1640)   Post Evacuate Collection Set: 2.5ms
[2023-12-20T08:35:01.547-0800][54651992ms] GC(1640)   Other: 0.4ms
[2023-12-20T08:35:01.547-0800][54651992ms] GC(1640) Eden regions: 753->0(752)
[2023-12-20T08:35:01.547-0800][54651992ms] GC(1640) Survivor regions: 30->31(98)
[2023-12-20T08:35:01.547-0800][54651992ms] GC(1640) Old regions: 169->169
[2023-12-20T08:35:01.547-0800][54651992ms] GC(1640) Humongous regions: 5->5
[2023-12-20T08:35:01.547-0800][54651992ms] GC(1640) Metaspace: 256393K->256393K(1294336K)
[2023-12-20T08:35:01.547-0800][54651992ms] GC(1640) Pause Young (Normal) (G1 Evacuation Pause) 1913M->408M(2612M) 30.146ms
[2023-12-20T08:35:01.547-0800][54651992ms] GC(1640) User=0.09s Sys=0.00s Real=0.03s
[2023-12-20T08:35:02.251-0800][54652696ms] GC(1641) Pause Young (Normal) (G1 Evacuation Pause)
[2023-12-20T08:35:02.251-0800][54652696ms] GC(1641) Using 10 workers of 10 for evacuation
[2023-12-20T08:35:02.281-0800][54652726ms] GC(1641)   Pre Evacuate Collection Set: 0.0ms
[2023-12-20T08:35:02.281-0800][54652726ms] GC(1641)   Evacuate Collection Set: 27.8ms
[2023-12-20T08:35:02.281-0800][54652726ms] GC(1641)   Post Evacuate Collection Set: 2.5ms
[2023-12-20T08:35:02.281-0800][54652726ms] GC(1641)   Other: 0.4ms
[2023-12-20T08:35:02.281-0800][54652726ms] GC(1641) Eden regions: 752->0(753)
[2023-12-20T08:35:02.281-0800][54652726ms] GC(1641) Survivor regions: 31->30(98)
[2023-12-20T08:35:02.281-0800][54652726ms] GC(1641) Old regions: 169->170
[2023-12-20T08:35:02.281-0800][54652726ms] GC(1641) Humongous regions: 5->5
[2023-12-20T08:35:02.281-0800][54652726ms] GC(1641) Metaspace: 256393K->256393K(1294336K)
[2023-12-20T08:35:02.281-0800][54652726ms] GC(1641) Pause Young (Normal) (G1 Evacuation Pause) 1912M->408M(2612M) 30.780ms
[2023-12-20T08:35:02.281-0800][54652726ms] GC(1641) User=0.06s Sys=0.00s Real=0.03s
[2023-12-20T08:35:02.885-0800][54653330ms] GC(1642) Pause Young (Normal) (G1 Evacuation Pause)
[2023-12-20T08:35:02.885-0800][54653330ms] GC(1642) Using 10 workers of 10 for evacuation
[2023-12-20T08:35:02.914-0800][54653359ms] GC(1642)   Pre Evacuate Collection Set: 0.0ms
[2023-12-20T08:35:02.914-0800][54653359ms] GC(1642)   Evacuate Collection Set: 26.0ms
[2023-12-20T08:35:02.914-0800][54653359ms] GC(1642)   Post Evacuate Collection Set: 2.5ms
[2023-12-20T08:35:02.914-0800][54653359ms] GC(1642)   Other: 0.4ms
[2023-12-20T08:35:02.914-0800][54653359ms] GC(1642) Eden regions: 753->0(753)
[2023-12-20T08:35:02.914-0800][54653359ms] GC(1642) Survivor regions: 30->30(98)
[2023-12-20T08:35:02.914-0800][54653359ms] GC(1642) Old regions: 170->170
[2023-12-20T08:35:02.914-0800][54653359ms] GC(1642) Humongous regions: 5->5
[2023-12-20T08:35:02.914-0800][54653359ms] GC(1642) Metaspace: 256393K->256393K(1294336K)
[2023-12-20T08:35:02.914-0800][54653359ms] GC(1642) Pause Young (Normal) (G1 Evacuation Pause) 1914M->408M(2612M) 29.107ms
[2023-12-20T08:35:02.914-0800][54653359ms] GC(1642) User=0.03s Sys=0.00s Real=0.03s
[2023-12-20T08:35:03.576-0800][54654021ms] GC(1643) Pause Young (Normal) (G1 Evacuation Pause)
[2023-12-20T08:35:03.576-0800][54654021ms] GC(1643) Using 10 workers of 10 for evacuation
[2023-12-20T08:35:03.605-0800][54654050ms] GC(1643)   Pre Evacuate Collection Set: 0.0ms
[2023-12-20T08:35:03.605-0800][54654050ms] GC(1643)   Evacuate Collection Set: 26.0ms
[2023-12-20T08:35:03.605-0800][54654050ms] GC(1643)   Post Evacuate Collection Set: 2.3ms
[2023-12-20T08:35:03.605-0800][54654050ms] GC(1643)   Other: 0.3ms
[2023-12-20T08:35:03.605-0800][54654050ms] GC(1643) Eden regions: 753->0(753)
[2023-12-20T08:35:03.605-0800][54654050ms] GC(1643) Survivor regions: 30->30(98)
[2023-12-20T08:35:03.605-0800][54654050ms] GC(1643) Old regions: 170->170
[2023-12-20T08:35:03.605-0800][54654050ms] GC(1643) Humongous regions: 5->5
[2023-12-20T08:35:03.605-0800][54654050ms] GC(1643) Metaspace: 256393K->256393K(1294336K)
[2023-12-20T08:35:03.605-0800][54654050ms] GC(1643) Pause Young (Normal) (G1 Evacuation Pause) 1914M->408M(2612M) 28.845ms
[2023-12-20T08:35:03.605-0800][54654050ms] GC(1643) User=0.08s Sys=0.00s Real=0.03s
[2023-12-20T08:35:04.200-0800][54654645ms] GC(1644) Pause Young (Normal) (G1 Evacuation Pause)
[2023-12-20T08:35:04.200-0800][54654645ms] GC(1644) Using 10 workers of 10 for evacuation
[2023-12-20T08:35:04.229-0800][54654674ms] GC(1644)   Pre Evacuate Collection Set: 0.0ms
[2023-12-20T08:35:04.229-0800][54654674ms] GC(1644)   Evacuate Collection Set: 27.1ms
[2023-12-20T08:35:04.229-0800][54654674ms] GC(1644)   Post Evacuate Collection Set: 2.3ms
[2023-12-20T08:35:04.229-0800][54654674ms] GC(1644)   Other: 0.4ms
[2023-12-20T08:35:04.229-0800][54654674ms] GC(1644) Eden regions: 753->0(753)
[2023-12-20T08:35:04.229-0800][54654674ms] GC(1644) Survivor regions: 30->30(98)
[2023-12-20T08:35:04.229-0800][54654674ms] GC(1644) Old regions: 170->170
[2023-12-20T08:35:04.229-0800][54654674ms] GC(1644) Humongous regions: 5->5
[2023-12-20T08:35:04.229-0800][54654674ms] GC(1644) Metaspace: 256393K->256393K(1294336K)
[2023-12-20T08:35:04.229-0800][54654674ms] GC(1644) Pause Young (Normal) (G1 Evacuation Pause) 1914M->407M(2612M) 29.915ms
[2023-12-20T08:35:04.229-0800][54654674ms] GC(1644) User=0.13s Sys=0.00s Real=0.03s
[2023-12-20T08:35:04.865-0800][54655310ms] GC(1645) Pause Young (Normal) (G1 Evacuation Pause)
[2023-12-20T08:35:04.865-0800][54655310ms] GC(1645) Using 10 workers of 10 for evacuation
[2023-12-20T08:35:04.893-0800][54655338ms] GC(1645)   Pre Evacuate Collection Set: 0.0ms
[2023-12-20T08:35:04.893-0800][54655338ms] GC(1645)   Evacuate Collection Set: 25.6ms
[2023-12-20T08:35:04.893-0800][54655338ms] GC(1645)   Post Evacuate Collection Set: 2.6ms
[2023-12-20T08:35:04.893-0800][54655338ms] GC(1645)   Other: 0.4ms
[2023-12-20T08:35:04.893-0800][54655338ms] GC(1645) Eden regions: 753->0(753)
[2023-12-20T08:35:04.893-0800][54655338ms] GC(1645) Survivor regions: 30->30(98)
[2023-12-20T08:35:04.893-0800][54655338ms] GC(1645) Old regions: 170->170
[2023-12-20T08:35:04.893-0800][54655338ms] GC(1645) Humongous regions: 5->5
[2023-12-20T08:35:04.893-0800][54655338ms] GC(1645) Metaspace: 256393K->256393K(1294336K)
[2023-12-20T08:35:04.893-0800][54655338ms] GC(1645) Pause Young (Normal) (G1 Evacuation Pause) 1913M->408M(2612M) 28.740ms
[2023-12-20T08:35:04.893-0800][54655338ms] GC(1645) User=0.17s Sys=0.00s Real=0.03s
[2023-12-20T08:35:05.401-0800][54655846ms] GC(1646) Pause Young (Normal) (G1 Evacuation Pause)
[2023-12-20T08:35:05.401-0800][54655846ms] GC(1646) Using 10 workers of 10 for evacuation
[2023-12-20T08:35:05.430-0800][54655875ms] GC(1646)   Pre Evacuate Collection Set: 0.0ms
[2023-12-20T08:35:05.430-0800][54655875ms] GC(1646)   Evacuate Collection Set: 26.0ms
[2023-12-20T08:35:05.430-0800][54655875ms] GC(1646)   Post Evacuate Collection Set: 2.8ms
[2023-12-20T08:35:05.430-0800][54655875ms] GC(1646)   Other: 0.4ms
[2023-12-20T08:35:05.430-0800][54655875ms] GC(1646) Eden regions: 753->0(752)
[2023-12-20T08:35:05.430-0800][54655875ms] GC(1646) Survivor regions: 30->31(98)
[2023-12-20T08:35:05.430-0800][54655875ms] GC(1646) Old regions: 170->170
[2023-12-20T08:35:05.430-0800][54655875ms] GC(1646) Humongous regions: 5->5
[2023-12-20T08:35:05.430-0800][54655875ms] GC(1646) Metaspace: 256394K->256394K(1294336K)
[2023-12-20T08:35:05.430-0800][54655875ms] GC(1646) Pause Young (Normal) (G1 Evacuation Pause) 1914M->409M(2612M) 29.315ms
[2023-12-20T08:35:05.430-0800][54655875ms] GC(1646) User=0.11s Sys=0.00s Real=0.03s
[2023-12-20T08:35:06.040-0800][54656485ms] GC(1647) Pause Young (Normal) (G1 Evacuation Pause)
[2023-12-20T08:35:06.040-0800][54656485ms] GC(1647) Using 10 workers of 10 for evacuation
[2023-12-20T08:35:06.068-0800][54656513ms] GC(1647)   Pre Evacuate Collection Set: 0.0ms
[2023-12-20T08:35:06.068-0800][54656513ms] GC(1647)   Evacuate Collection Set: 25.9ms
[2023-12-20T08:35:06.068-0800][54656513ms] GC(1647)   Post Evacuate Collection Set: 2.5ms
[2023-12-20T08:35:06.068-0800][54656513ms] GC(1647)   Other: 0.4ms
[2023-12-20T08:35:06.068-0800][54656513ms] GC(1647) Eden regions: 752->0(753)
[2023-12-20T08:35:06.068-0800][54656513ms] GC(1647) Survivor regions: 31->30(98)
[2023-12-20T08:35:06.068-0800][54656513ms] GC(1647) Old regions: 170->170
[2023-12-20T08:35:06.068-0800][54656513ms] GC(1647) Humongous regions: 5->5
[2023-12-20T08:35:06.068-0800][54656513ms] GC(1647) Metaspace: 256394K->256394K(1294336K)
[2023-12-20T08:35:06.068-0800][54656513ms] GC(1647) Pause Young (Normal) (G1 Evacuation Pause) 1913M->408M(2612M) 28.957ms
[2023-12-20T08:35:06.068-0800][54656513ms] GC(1647) User=0.08s Sys=0.00s Real=0.03s
[2023-12-20T08:35:06.716-0800][54657161ms] GC(1648) Pause Young (Normal) (G1 Evacuation Pause)
[2023-12-20T08:35:06.716-0800][54657161ms] GC(1648) Using 10 workers of 10 for evacuation
[2023-12-20T08:35:06.746-0800][54657191ms] GC(1648)   Pre Evacuate Collection Set: 0.0ms
[2023-12-20T08:35:06.746-0800][54657191ms] GC(1648)   Evacuate Collection Set: 27.4ms
[2023-12-20T08:35:06.746-0800][54657191ms] GC(1648)   Post Evacuate Collection Set: 2.4ms
[2023-12-20T08:35:06.746-0800][54657191ms] GC(1648)   Other: 0.4ms
[2023-12-20T08:35:06.746-0800][54657191ms] GC(1648) Eden regions: 753->0(753)
[2023-12-20T08:35:06.746-0800][54657191ms] GC(1648) Survivor regions: 30->30(98)
[2023-12-20T08:35:06.746-0800][54657191ms] GC(1648) Old regions: 170->170
[2023-12-20T08:35:06.746-0800][54657191ms] GC(1648) Humongous regions: 5->5
[2023-12-20T08:35:06.746-0800][54657191ms] GC(1648) Metaspace: 256394K->256394K(1294336K)
[2023-12-20T08:35:06.746-0800][54657191ms] GC(1648) Pause Young (Normal) (G1 Evacuation Pause) 1914M->408M(2612M) 30.282ms
[2023-12-20T08:35:06.746-0800][54657191ms] GC(1648) User=0.08s Sys=0.00s Real=0.03s
[2023-12-20T08:35:07.325-0800][54657770ms] GC(1649) Pause Young (Normal) (G1 Evacuation Pause)
[2023-12-20T08:35:07.325-0800][54657770ms] GC(1649) Using 10 workers of 10 for evacuation
[2023-12-20T08:35:07.355-0800][54657800ms] GC(1649)   Pre Evacuate Collection Set: 0.0ms
[2023-12-20T08:35:07.355-0800][54657800ms] GC(1649)   Evacuate Collection Set: 27.2ms
[2023-12-20T08:35:07.355-0800][54657800ms] GC(1649)   Post Evacuate Collection Set: 2.7ms
[2023-12-20T08:35:07.355-0800][54657800ms] GC(1649)   Other: 0.4ms
[2023-12-20T08:35:07.355-0800][54657800ms] GC(1649) Eden regions: 753->0(753)
[2023-12-20T08:35:07.355-0800][54657800ms] GC(1649) Survivor regions: 30->30(98)
[2023-12-20T08:35:07.355-0800][54657800ms] GC(1649) Old regions: 170->170
[2023-12-20T08:35:07.355-0800][54657800ms] GC(1649) Humongous regions: 5->5
[2023-12-20T08:35:07.355-0800][54657800ms] GC(1649) Metaspace: 256394K->256394K(1294336K)
[2023-12-20T08:35:07.355-0800][54657800ms] GC(1649) Pause Young (Normal) (G1 Evacuation Pause) 1914M->407M(2612M) 30.454ms
[2023-12-20T08:35:07.355-0800][54657800ms] GC(1649) User=0.16s Sys=0.00s Real=0.03s
[2023-12-20T08:35:07.831-0800][54658276ms] GC(1650) Pause Young (Normal) (G1 Evacuation Pause)
[2023-12-20T08:35:07.831-0800][54658276ms] GC(1650) Using 10 workers of 10 for evacuation
[2023-12-20T08:35:07.860-0800][54658305ms] GC(1650)   Pre Evacuate Collection Set: 0.0ms
[2023-12-20T08:35:07.860-0800][54658305ms] GC(1650)   Evacuate Collection Set: 25.9ms
[2023-12-20T08:35:07.860-0800][54658305ms] GC(1650)   Post Evacuate Collection Set: 2.3ms
[2023-12-20T08:35:07.860-0800][54658305ms] GC(1650)   Other: 0.4ms
[2023-12-20T08:35:07.860-0800][54658305ms] GC(1650) Eden regions: 753->0(753)
[2023-12-20T08:35:07.860-0800][54658305ms] GC(1650) Survivor regions: 30->30(98)
[2023-12-20T08:35:07.860-0800][54658305ms] GC(1650) Old regions: 170->170
[2023-12-20T08:35:07.860-0800][54658305ms] GC(1650) Humongous regions: 5->5
[2023-12-20T08:35:07.860-0800][54658305ms] GC(1650) Metaspace: 256394K->256394K(1294336K)
[2023-12-20T08:35:07.860-0800][54658305ms] GC(1650) Pause Young (Normal) (G1 Evacuation Pause) 1913M->408M(2612M) 28.772ms
[2023-12-20T08:35:07.860-0800][54658305ms] GC(1650) User=0.09s Sys=0.00s Real=0.03s
[2023-12-20T08:35:08.569-0800][54659014ms] GC(1651) Pause Young (Normal) (G1 Evacuation Pause)
[2023-12-20T08:35:08.569-0800][54659014ms] GC(1651) Using 10 workers of 10 for evacuation
[2023-12-20T08:35:08.598-0800][54659043ms] GC(1651)   Pre Evacuate Collection Set: 0.0ms
[2023-12-20T08:35:08.598-0800][54659043ms] GC(1651)   Evacuate Collection Set: 26.7ms
[2023-12-20T08:35:08.598-0800][54659043ms] GC(1651)   Post Evacuate Collection Set: 2.5ms
[2023-12-20T08:35:08.598-0800][54659043ms] GC(1651)   Other: 0.3ms
[2023-12-20T08:35:08.598-0800][54659043ms] GC(1651) Eden regions: 753->0(753)
[2023-12-20T08:35:08.598-0800][54659043ms] GC(1651) Survivor regions: 30->30(98)
[2023-12-20T08:35:08.598-0800][54659043ms] GC(1651) Old regions: 170->170
[2023-12-20T08:35:08.598-0800][54659043ms] GC(1651) Humongous regions: 5->5
[2023-12-20T08:35:08.598-0800][54659043ms] GC(1651) Metaspace: 256394K->256394K(1294336K)
[2023-12-20T08:35:08.598-0800][54659043ms] GC(1651) Pause Young (Normal) (G1 Evacuation Pause) 1914M->408M(2612M) 29.650ms
[2023-12-20T08:35:08.598-0800][54659043ms] GC(1651) User=0.05s Sys=0.00s Real=0.03s
[2023-12-20T08:35:09.407-0800][54659852ms] GC(1652) Pause Young (Normal) (G1 Evacuation Pause)
[2023-12-20T08:35:09.407-0800][54659852ms] GC(1652) Using 10 workers of 10 for evacuation
[2023-12-20T08:35:09.437-0800][54659882ms] GC(1652)   Pre Evacuate Collection Set: 0.1ms
[2023-12-20T08:35:09.438-0800][54659883ms] GC(1652)   Evacuate Collection Set: 27.8ms
[2023-12-20T08:35:09.438-0800][54659883ms] GC(1652)   Post Evacuate Collection Set: 2.5ms
[2023-12-20T08:35:09.438-0800][54659883ms] GC(1652)   Other: 0.4ms
[2023-12-20T08:35:09.438-0800][54659883ms] GC(1652) Eden regions: 753->0(753)
[2023-12-20T08:35:09.438-0800][54659883ms] GC(1652) Survivor regions: 30->30(98)
[2023-12-20T08:35:09.438-0800][54659883ms] GC(1652) Old regions: 170->170
[2023-12-20T08:35:09.438-0800][54659883ms] GC(1652) Humongous regions: 5->5
[2023-12-20T08:35:09.438-0800][54659883ms] GC(1652) Metaspace: 256394K->256394K(1294336K)
[2023-12-20T08:35:09.438-0800][54659883ms] GC(1652) Pause Young (Normal) (G1 Evacuation Pause) 1914M->408M(2612M) 31.038ms
[2023-12-20T08:35:09.438-0800][54659883ms] GC(1652) User=0.16s Sys=0.00s Real=0.03s
[2023-12-20T08:35:10.093-0800][54660538ms] GC(1653) Pause Young (Normal) (G1 Evacuation Pause)
[2023-12-20T08:35:10.093-0800][54660538ms] GC(1653) Using 10 workers of 10 for evacuation
[2023-12-20T08:35:10.122-0800][54660567ms] GC(1653)   Pre Evacuate Collection Set: 0.0ms
[2023-12-20T08:35:10.123-0800][54660568ms] GC(1653)   Evacuate Collection Set: 26.2ms
[2023-12-20T08:35:10.123-0800][54660568ms] GC(1653)   Post Evacuate Collection Set: 2.6ms
[2023-12-20T08:35:10.123-0800][54660568ms] GC(1653)   Other: 0.4ms
[2023-12-20T08:35:10.123-0800][54660568ms] GC(1653) Eden regions: 753->0(753)
[2023-12-20T08:35:10.123-0800][54660568ms] GC(1653) Survivor regions: 30->30(98)
[2023-12-20T08:35:10.123-0800][54660568ms] GC(1653) Old regions: 170->170
[2023-12-20T08:35:10.123-0800][54660568ms] GC(1653) Humongous regions: 5->5
[2023-12-20T08:35:10.123-0800][54660568ms] GC(1653) Metaspace: 256394K->256394K(1294336K)
[2023-12-20T08:35:10.123-0800][54660568ms] GC(1653) Pause Young (Normal) (G1 Evacuation Pause) 1914M->408M(2612M) 29.316ms
[2023-12-20T08:35:10.123-0800][54660568ms] GC(1653) User=0.13s Sys=0.00s Real=0.03s
[2023-12-20T08:35:10.809-0800][54661254ms] GC(1654) Pause Young (Normal) (G1 Evacuation Pause)
[2023-12-20T08:35:10.809-0800][54661254ms] GC(1654) Using 10 workers of 10 for evacuation
[2023-12-20T08:35:10.838-0800][54661283ms] GC(1654)   Pre Evacuate Collection Set: 0.0ms
[2023-12-20T08:35:10.838-0800][54661283ms] GC(1654)   Evacuate Collection Set: 26.8ms
[2023-12-20T08:35:10.838-0800][54661283ms] GC(1654)   Post Evacuate Collection Set: 2.6ms
[2023-12-20T08:35:10.838-0800][54661283ms] GC(1654)   Other: 0.4ms
[2023-12-20T08:35:10.838-0800][54661283ms] GC(1654) Eden regions: 753->0(753)
[2023-12-20T08:35:10.838-0800][54661283ms] GC(1654) Survivor regions: 30->30(98)
[2023-12-20T08:35:10.838-0800][54661283ms] GC(1654) Old regions: 170->170
[2023-12-20T08:35:10.838-0800][54661283ms] GC(1654) Humongous regions: 5->5
[2023-12-20T08:35:10.838-0800][54661283ms] GC(1654) Metaspace: 256394K->256394K(1294336K)
[2023-12-20T08:35:10.838-0800][54661283ms] GC(1654) Pause Young (Normal) (G1 Evacuation Pause) 1914M->407M(2612M) 29.855ms
[2023-12-20T08:35:10.838-0800][54661283ms] GC(1654) User=0.05s Sys=0.00s Real=0.03s
[2023-12-20T08:35:11.516-0800][54661961ms] GC(1655) Pause Young (Normal) (G1 Evacuation Pause)
[2023-12-20T08:35:11.516-0800][54661961ms] GC(1655) Using 10 workers of 10 for evacuation
[2023-12-20T08:35:11.547-0800][54661992ms] GC(1655)   Pre Evacuate Collection Set: 0.0ms
[2023-12-20T08:35:11.547-0800][54661992ms] GC(1655)   Evacuate Collection Set: 27.5ms
[2023-12-20T08:35:11.547-0800][54661992ms] GC(1655)   Post Evacuate Collection Set: 2.4ms
[2023-12-20T08:35:11.547-0800][54661992ms] GC(1655)   Other: 0.4ms
[2023-12-20T08:35:11.547-0800][54661992ms] GC(1655) Eden regions: 753->0(753)
[2023-12-20T08:35:11.547-0800][54661992ms] GC(1655) Survivor regions: 30->30(98)
[2023-12-20T08:35:11.547-0800][54661992ms] GC(1655) Old regions: 170->170
[2023-12-20T08:35:11.547-0800][54661992ms] GC(1655) Humongous regions: 5->5
[2023-12-20T08:35:11.547-0800][54661992ms] GC(1655) Metaspace: 256394K->256394K(1294336K)
[2023-12-20T08:35:11.547-0800][54661992ms] GC(1655) Pause Young (Normal) (G1 Evacuation Pause) 1913M->408M(2612M) 30.527ms
[2023-12-20T08:35:11.547-0800][54661992ms] GC(1655) User=0.11s Sys=0.00s Real=0.03s
[2023-12-20T08:35:12.288-0800][54662733ms] GC(1656) Pause Young (Normal) (G1 Evacuation Pause)
[2023-12-20T08:35:12.288-0800][54662733ms] GC(1656) Using 10 workers of 10 for evacuation
[2023-12-20T08:35:12.317-0800][54662762ms] GC(1656)   Pre Evacuate Collection Set: 0.0ms
[2023-12-20T08:35:12.317-0800][54662762ms] GC(1656)   Evacuate Collection Set: 26.4ms
[2023-12-20T08:35:12.317-0800][54662762ms] GC(1656)   Post Evacuate Collection Set: 2.4ms
[2023-12-20T08:35:12.317-0800][54662762ms] GC(1656)   Other: 0.4ms
[2023-12-20T08:35:12.317-0800][54662762ms] GC(1656) Eden regions: 753->0(753)
[2023-12-20T08:35:12.317-0800][54662762ms] GC(1656) Survivor regions: 30->30(98)
[2023-12-20T08:35:12.317-0800][54662762ms] GC(1656) Old regions: 170->170
[2023-12-20T08:35:12.317-0800][54662762ms] GC(1656) Humongous regions: 5->5
[2023-12-20T08:35:12.317-0800][54662762ms] GC(1656) Metaspace: 256394K->256394K(1294336K)
[2023-12-20T08:35:12.317-0800][54662762ms] GC(1656) Pause Young (Normal) (G1 Evacuation Pause) 1914M->408M(2612M) 29.426ms
[2023-12-20T08:35:12.317-0800][54662762ms] GC(1656) User=0.19s Sys=0.00s Real=0.03s
[2023-12-20T08:35:13.160-0800][54663605ms] GC(1657) Pause Young (Normal) (G1 Evacuation Pause)
[2023-12-20T08:35:13.160-0800][54663605ms] GC(1657) Using 10 workers of 10 for evacuation
[2023-12-20T08:35:13.190-0800][54663635ms] GC(1657)   Pre Evacuate Collection Set: 0.0ms
[2023-12-20T08:35:13.190-0800][54663635ms] GC(1657)   Evacuate Collection Set: 27.0ms
[2023-12-20T08:35:13.190-0800][54663635ms] GC(1657)   Post Evacuate Collection Set: 2.7ms
[2023-12-20T08:35:13.190-0800][54663635ms] GC(1657)   Other: 0.4ms
[2023-12-20T08:35:13.190-0800][54663635ms] GC(1657) Eden regions: 753->0(753)
[2023-12-20T08:35:13.190-0800][54663635ms] GC(1657) Survivor regions: 30->30(98)
[2023-12-20T08:35:13.190-0800][54663635ms] GC(1657) Old regions: 170->170
[2023-12-20T08:35:13.190-0800][54663635ms] GC(1657) Humongous regions: 5->5
[2023-12-20T08:35:13.190-0800][54663635ms] GC(1657) Metaspace: 256394K->256394K(1294336K)
[2023-12-20T08:35:13.190-0800][54663635ms] GC(1657) Pause Young (Normal) (G1 Evacuation Pause) 1914M->408M(2612M) 30.202ms
[2023-12-20T08:35:13.190-0800][54663635ms] GC(1657) User=0.14s Sys=0.00s Real=0.03s
[2023-12-20T08:35:13.854-0800][54664299ms] GC(1658) Pause Young (Normal) (G1 Evacuation Pause)
[2023-12-20T08:35:13.854-0800][54664299ms] GC(1658) Using 10 workers of 10 for evacuation
[2023-12-20T08:35:13.883-0800][54664328ms] GC(1658)   Pre Evacuate Collection Set: 0.0ms
[2023-12-20T08:35:13.883-0800][54664328ms] GC(1658)   Evacuate Collection Set: 26.4ms
[2023-12-20T08:35:13.883-0800][54664328ms] GC(1658)   Post Evacuate Collection Set: 2.4ms
[2023-12-20T08:35:13.883-0800][54664328ms] GC(1658)   Other: 0.4ms
[2023-12-20T08:35:13.883-0800][54664328ms] GC(1658) Eden regions: 753->0(753)
[2023-12-20T08:35:13.883-0800][54664328ms] GC(1658) Survivor regions: 30->30(98)
[2023-12-20T08:35:13.883-0800][54664328ms] GC(1658) Old regions: 170->170
[2023-12-20T08:35:13.883-0800][54664328ms] GC(1658) Humongous regions: 5->5
[2023-12-20T08:35:13.883-0800][54664328ms] GC(1658) Metaspace: 256394K->256394K(1294336K)
[2023-12-20T08:35:13.883-0800][54664328ms] GC(1658) Pause Young (Normal) (G1 Evacuation Pause) 1914M->408M(2612M) 29.416ms
[2023-12-20T08:35:13.883-0800][54664328ms] GC(1658) User=0.08s Sys=0.00s Real=0.03s
[2023-12-20T08:35:14.553-0800][54664998ms] GC(1659) Pause Young (Normal) (G1 Evacuation Pause)
[2023-12-20T08:35:14.553-0800][54664998ms] GC(1659) Using 10 workers of 10 for evacuation
[2023-12-20T08:35:14.582-0800][54665027ms] GC(1659)   Pre Evacuate Collection Set: 0.0ms
[2023-12-20T08:35:14.582-0800][54665027ms] GC(1659)   Evacuate Collection Set: 27.0ms
[2023-12-20T08:35:14.582-0800][54665027ms] GC(1659)   Post Evacuate Collection Set: 2.3ms
[2023-12-20T08:35:14.582-0800][54665027ms] GC(1659)   Other: 0.4ms
[2023-12-20T08:35:14.582-0800][54665027ms] GC(1659) Eden regions: 753->0(753)
[2023-12-20T08:35:14.582-0800][54665027ms] GC(1659) Survivor regions: 30->30(98)
[2023-12-20T08:35:14.582-0800][54665027ms] GC(1659) Old regions: 170->170
[2023-12-20T08:35:14.582-0800][54665027ms] GC(1659) Humongous regions: 5->5
[2023-12-20T08:35:14.582-0800][54665027ms] GC(1659) Metaspace: 256394K->256394K(1294336K)
[2023-12-20T08:35:14.582-0800][54665027ms] GC(1659) Pause Young (Normal) (G1 Evacuation Pause) 1914M->408M(2612M) 29.851ms
[2023-12-20T08:35:14.582-0800][54665027ms] GC(1659) User=0.20s Sys=0.00s Real=0.03s
[2023-12-20T08:35:15.216-0800][54665661ms] GC(1660) Pause Young (Normal) (G1 Evacuation Pause)
[2023-12-20T08:35:15.216-0800][54665661ms] GC(1660) Using 10 workers of 10 for evacuation
[2023-12-20T08:35:15.246-0800][54665691ms] GC(1660)   Pre Evacuate Collection Set: 0.0ms
[2023-12-20T08:35:15.246-0800][54665691ms] GC(1660)   Evacuate Collection Set: 27.3ms
[2023-12-20T08:35:15.246-0800][54665691ms] GC(1660)   Post Evacuate Collection Set: 2.4ms
[2023-12-20T08:35:15.246-0800][54665691ms] GC(1660)   Other: 0.4ms
[2023-12-20T08:35:15.246-0800][54665691ms] GC(1660) Eden regions: 753->0(753)
[2023-12-20T08:35:15.246-0800][54665691ms] GC(1660) Survivor regions: 30->30(98)
[2023-12-20T08:35:15.246-0800][54665691ms] GC(1660) Old regions: 170->170
[2023-12-20T08:35:15.246-0800][54665691ms] GC(1660) Humongous regions: 5->5
[2023-12-20T08:35:15.246-0800][54665691ms] GC(1660) Metaspace: 256394K->256394K(1294336K)
[2023-12-20T08:35:15.246-0800][54665691ms] GC(1660) Pause Young (Normal) (G1 Evacuation Pause) 1914M->408M(2612M) 30.229ms
[2023-12-20T08:35:15.246-0800][54665691ms] GC(1660) User=0.09s Sys=0.00s Real=0.03s
[2023-12-20T08:35:16.034-0800][54666479ms] GC(1661) Pause Young (Normal) (G1 Evacuation Pause)
[2023-12-20T08:35:16.034-0800][54666479ms] GC(1661) Using 10 workers of 10 for evacuation
[2023-12-20T08:35:16.065-0800][54666510ms] GC(1661)   Pre Evacuate Collection Set: 0.0ms
[2023-12-20T08:35:16.065-0800][54666510ms] GC(1661)   Evacuate Collection Set: 27.7ms
[2023-12-20T08:35:16.065-0800][54666510ms] GC(1661)   Post Evacuate Collection Set: 2.4ms
[2023-12-20T08:35:16.065-0800][54666510ms] GC(1661)   Other: 0.4ms
[2023-12-20T08:35:16.065-0800][54666510ms] GC(1661) Eden regions: 753->0(753)
[2023-12-20T08:35:16.065-0800][54666510ms] GC(1661) Survivor regions: 30->30(98)
[2023-12-20T08:35:16.065-0800][54666510ms] GC(1661) Old regions: 170->170
[2023-12-20T08:35:16.065-0800][54666510ms] GC(1661) Humongous regions: 5->5
[2023-12-20T08:35:16.065-0800][54666510ms] GC(1661) Metaspace: 256394K->256394K(1294336K)
[2023-12-20T08:35:16.065-0800][54666510ms] GC(1661) Pause Young (Normal) (G1 Evacuation Pause) 1914M->408M(2612M) 30.680ms
[2023-12-20T08:35:16.065-0800][54666510ms] GC(1661) User=0.13s Sys=0.00s Real=0.03s
[2023-12-20T08:35:16.845-0800][54667290ms] GC(1662) Pause Young (Normal) (G1 Evacuation Pause)
[2023-12-20T08:35:16.845-0800][54667290ms] GC(1662) Using 10 workers of 10 for evacuation
[2023-12-20T08:35:16.875-0800][54667320ms] GC(1662)   Pre Evacuate Collection Set: 0.0ms
[2023-12-20T08:35:16.875-0800][54667320ms] GC(1662)   Evacuate Collection Set: 26.8ms
[2023-12-20T08:35:16.875-0800][54667320ms] GC(1662)   Post Evacuate Collection Set: 2.5ms
[2023-12-20T08:35:16.875-0800][54667320ms] GC(1662)   Other: 0.4ms
[2023-12-20T08:35:16.875-0800][54667320ms] GC(1662) Eden regions: 753->0(754)
[2023-12-20T08:35:16.875-0800][54667320ms] GC(1662) Survivor regions: 30->29(98)
[2023-12-20T08:35:16.875-0800][54667320ms] GC(1662) Old regions: 170->170
[2023-12-20T08:35:16.875-0800][54667320ms] GC(1662) Humongous regions: 5->5
[2023-12-20T08:35:16.875-0800][54667320ms] GC(1662) Metaspace: 256396K->256396K(1294336K)
[2023-12-20T08:35:16.875-0800][54667320ms] GC(1662) Pause Young (Normal) (G1 Evacuation Pause) 1914M->406M(2612M) 29.846ms
[2023-12-20T08:35:16.875-0800][54667320ms] GC(1662) User=0.09s Sys=0.00s Real=0.03s
[2023-12-20T08:35:17.676-0800][54668121ms] GC(1663) Pause Young (Normal) (G1 Evacuation Pause)
[2023-12-20T08:35:17.676-0800][54668121ms] GC(1663) Using 10 workers of 10 for evacuation
[2023-12-20T08:35:17.707-0800][54668152ms] GC(1663)   Pre Evacuate Collection Set: 0.0ms
[2023-12-20T08:35:17.707-0800][54668152ms] GC(1663)   Evacuate Collection Set: 28.1ms
[2023-12-20T08:35:17.707-0800][54668152ms] GC(1663)   Post Evacuate Collection Set: 2.4ms
[2023-12-20T08:35:17.707-0800][54668152ms] GC(1663)   Other: 0.3ms
[2023-12-20T08:35:17.707-0800][54668152ms] GC(1663) Eden regions: 754->0(753)
[2023-12-20T08:35:17.707-0800][54668152ms] GC(1663) Survivor regions: 29->30(98)
[2023-12-20T08:35:17.707-0800][54668152ms] GC(1663) Old regions: 170->170
[2023-12-20T08:35:17.707-0800][54668152ms] GC(1663) Humongous regions: 5->5
[2023-12-20T08:35:17.707-0800][54668152ms] GC(1663) Metaspace: 256396K->256396K(1294336K)
[2023-12-20T08:35:17.707-0800][54668152ms] GC(1663) Pause Young (Normal) (G1 Evacuation Pause) 1914M->407M(2612M) 30.975ms
[2023-12-20T08:35:17.707-0800][54668152ms] GC(1663) User=0.08s Sys=0.00s Real=0.03s
[2023-12-20T08:35:18.473-0800][54668918ms] GC(1664) Pause Young (Normal) (G1 Evacuation Pause)
[2023-12-20T08:35:18.473-0800][54668918ms] GC(1664) Using 10 workers of 10 for evacuation
[2023-12-20T08:35:18.503-0800][54668948ms] GC(1664)   Pre Evacuate Collection Set: 0.0ms
[2023-12-20T08:35:18.503-0800][54668948ms] GC(1664)   Evacuate Collection Set: 27.1ms
[2023-12-20T08:35:18.503-0800][54668948ms] GC(1664)   Post Evacuate Collection Set: 2.6ms
[2023-12-20T08:35:18.503-0800][54668948ms] GC(1664)   Other: 0.4ms
[2023-12-20T08:35:18.503-0800][54668948ms] GC(1664) Eden regions: 753->0(753)
[2023-12-20T08:35:18.503-0800][54668948ms] GC(1664) Survivor regions: 30->30(98)
[2023-12-20T08:35:18.503-0800][54668948ms] GC(1664) Old regions: 170->170
[2023-12-20T08:35:18.503-0800][54668948ms] GC(1664) Humongous regions: 5->5
[2023-12-20T08:35:18.503-0800][54668948ms] GC(1664) Metaspace: 256396K->256396K(1294336K)
[2023-12-20T08:35:18.503-0800][54668948ms] GC(1664) Pause Young (Normal) (G1 Evacuation Pause) 1913M->408M(2612M) 30.232ms
[2023-12-20T08:35:18.503-0800][54668948ms] GC(1664) User=0.11s Sys=0.00s Real=0.03s
[2023-12-20T08:35:19.318-0800][54669763ms] GC(1665) Pause Young (Normal) (G1 Evacuation Pause)
[2023-12-20T08:35:19.318-0800][54669763ms] GC(1665) Using 10 workers of 10 for evacuation
[2023-12-20T08:35:19.350-0800][54669795ms] GC(1665)   Pre Evacuate Collection Set: 0.1ms
[2023-12-20T08:35:19.350-0800][54669795ms] GC(1665)   Evacuate Collection Set: 28.4ms
[2023-12-20T08:35:19.350-0800][54669795ms] GC(1665)   Post Evacuate Collection Set: 3.8ms
[2023-12-20T08:35:19.350-0800][54669795ms] GC(1665)   Other: 0.5ms
[2023-12-20T08:35:19.350-0800][54669795ms] GC(1665) Eden regions: 753->0(753)
[2023-12-20T08:35:19.350-0800][54669795ms] GC(1665) Survivor regions: 30->30(98)
[2023-12-20T08:35:19.350-0800][54669795ms] GC(1665) Old regions: 170->170
[2023-12-20T08:35:19.350-0800][54669795ms] GC(1665) Humongous regions: 5->5
[2023-12-20T08:35:19.350-0800][54669795ms] GC(1665) Metaspace: 256396K->256396K(1294336K)
[2023-12-20T08:35:19.350-0800][54669795ms] GC(1665) Pause Young (Normal) (G1 Evacuation Pause) 1914M->407M(2612M) 32.905ms
[2023-12-20T08:35:19.351-0800][54669796ms] GC(1665) User=0.27s Sys=0.00s Real=0.03s
[2023-12-20T08:35:20.136-0800][54670581ms] GC(1666) Pause Young (Normal) (G1 Evacuation Pause)
[2023-12-20T08:35:20.136-0800][54670581ms] GC(1666) Using 10 workers of 10 for evacuation
[2023-12-20T08:35:20.167-0800][54670612ms] GC(1666)   Pre Evacuate Collection Set: 0.0ms
[2023-12-20T08:35:20.167-0800][54670612ms] GC(1666)   Evacuate Collection Set: 28.6ms
[2023-12-20T08:35:20.167-0800][54670612ms] GC(1666)   Post Evacuate Collection Set: 2.4ms
[2023-12-20T08:35:20.167-0800][54670612ms] GC(1666)   Other: 0.3ms
[2023-12-20T08:35:20.167-0800][54670612ms] GC(1666) Eden regions: 753->0(753)
[2023-12-20T08:35:20.167-0800][54670612ms] GC(1666) Survivor regions: 30->30(98)
[2023-12-20T08:35:20.167-0800][54670612ms] GC(1666) Old regions: 170->170
[2023-12-20T08:35:20.167-0800][54670612ms] GC(1666) Humongous regions: 5->5
[2023-12-20T08:35:20.167-0800][54670612ms] GC(1666) Metaspace: 256396K->256396K(1294336K)
[2023-12-20T08:35:20.167-0800][54670612ms] GC(1666) Pause Young (Normal) (G1 Evacuation Pause) 1913M->407M(2612M) 31.525ms
[2023-12-20T08:35:20.167-0800][54670612ms] GC(1666) User=0.14s Sys=0.00s Real=0.03s
[2023-12-20T08:35:20.932-0800][54671377ms] GC(1667) Pause Young (Normal) (G1 Evacuation Pause)
[2023-12-20T08:35:20.932-0800][54671377ms] GC(1667) Using 10 workers of 10 for evacuation
[2023-12-20T08:35:20.962-0800][54671407ms] GC(1667)   Pre Evacuate Collection Set: 0.0ms
[2023-12-20T08:35:20.962-0800][54671407ms] GC(1667)   Evacuate Collection Set: 27.1ms
[2023-12-20T08:35:20.962-0800][54671407ms] GC(1667)   Post Evacuate Collection Set: 2.7ms
[2023-12-20T08:35:20.962-0800][54671407ms] GC(1667)   Other: 0.4ms
[2023-12-20T08:35:20.962-0800][54671407ms] GC(1667) Eden regions: 753->0(753)
[2023-12-20T08:35:20.962-0800][54671407ms] GC(1667) Survivor regions: 30->30(98)
[2023-12-20T08:35:20.962-0800][54671407ms] GC(1667) Old regions: 170->170
[2023-12-20T08:35:20.962-0800][54671407ms] GC(1667) Humongous regions: 5->5
[2023-12-20T08:35:20.962-0800][54671407ms] GC(1667) Metaspace: 256396K->256396K(1294336K)
[2023-12-20T08:35:20.962-0800][54671407ms] GC(1667) Pause Young (Normal) (G1 Evacuation Pause) 1913M->408M(2612M) 30.391ms
[2023-12-20T08:35:20.962-0800][54671407ms] GC(1667) User=0.09s Sys=0.00s Real=0.03s
[2023-12-20T08:35:21.734-0800][54672179ms] GC(1668) Pause Young (Normal) (G1 Evacuation Pause)
[2023-12-20T08:35:21.734-0800][54672179ms] GC(1668) Using 10 workers of 10 for evacuation
[2023-12-20T08:35:21.767-0800][54672212ms] GC(1668)   Pre Evacuate Collection Set: 0.0ms
[2023-12-20T08:35:21.767-0800][54672212ms] GC(1668)   Evacuate Collection Set: 29.7ms
[2023-12-20T08:35:21.767-0800][54672212ms] GC(1668)   Post Evacuate Collection Set: 2.7ms
[2023-12-20T08:35:21.767-0800][54672212ms] GC(1668)   Other: 0.4ms
[2023-12-20T08:35:21.767-0800][54672212ms] GC(1668) Eden regions: 753->0(753)
[2023-12-20T08:35:21.767-0800][54672212ms] GC(1668) Survivor regions: 30->30(98)
[2023-12-20T08:35:21.767-0800][54672212ms] GC(1668) Old regions: 170->170
[2023-12-20T08:35:21.767-0800][54672212ms] GC(1668) Humongous regions: 5->5
[2023-12-20T08:35:21.767-0800][54672212ms] GC(1668) Metaspace: 256396K->256396K(1294336K)
[2023-12-20T08:35:21.767-0800][54672212ms] GC(1668) Pause Young (Normal) (G1 Evacuation Pause) 1914M->407M(2612M) 33.020ms
[2023-12-20T08:35:21.767-0800][54672212ms] GC(1668) User=0.11s Sys=0.00s Real=0.03s
[2023-12-20T08:35:22.530-0800][54672975ms] GC(1669) Pause Young (Normal) (G1 Evacuation Pause)
[2023-12-20T08:35:22.530-0800][54672975ms] GC(1669) Using 10 workers of 10 for evacuation
[2023-12-20T08:35:22.561-0800][54673006ms] GC(1669)   Pre Evacuate Collection Set: 0.0ms
[2023-12-20T08:35:22.561-0800][54673006ms] GC(1669)   Evacuate Collection Set: 28.7ms
[2023-12-20T08:35:22.561-0800][54673006ms] GC(1669)   Post Evacuate Collection Set: 2.4ms
[2023-12-20T08:35:22.561-0800][54673006ms] GC(1669)   Other: 0.4ms
[2023-12-20T08:35:22.561-0800][54673006ms] GC(1669) Eden regions: 753->0(753)
[2023-12-20T08:35:22.561-0800][54673006ms] GC(1669) Survivor regions: 30->30(98)
[2023-12-20T08:35:22.561-0800][54673006ms] GC(1669) Old regions: 170->170
[2023-12-20T08:35:22.561-0800][54673006ms] GC(1669) Humongous regions: 5->5
[2023-12-20T08:35:22.561-0800][54673006ms] GC(1669) Metaspace: 256396K->256396K(1294336K)
[2023-12-20T08:35:22.561-0800][54673006ms] GC(1669) Pause Young (Normal) (G1 Evacuation Pause) 1913M->408M(2612M) 31.616ms
[2023-12-20T08:35:22.561-0800][54673006ms] GC(1669) User=0.11s Sys=0.00s Real=0.03s
[2023-12-20T08:35:23.274-0800][54673719ms] GC(1670) Pause Young (Normal) (G1 Evacuation Pause)
[2023-12-20T08:35:23.274-0800][54673719ms] GC(1670) Using 10 workers of 10 for evacuation
[2023-12-20T08:35:23.304-0800][54673749ms] GC(1670)   Pre Evacuate Collection Set: 0.0ms
[2023-12-20T08:35:23.304-0800][54673749ms] GC(1670)   Evacuate Collection Set: 27.6ms
[2023-12-20T08:35:23.304-0800][54673749ms] GC(1670)   Post Evacuate Collection Set: 2.5ms
[2023-12-20T08:35:23.304-0800][54673749ms] GC(1670)   Other: 0.3ms
[2023-12-20T08:35:23.304-0800][54673749ms] GC(1670) Eden regions: 753->0(753)
[2023-12-20T08:35:23.304-0800][54673749ms] GC(1670) Survivor regions: 30->30(98)
[2023-12-20T08:35:23.304-0800][54673749ms] GC(1670) Old regions: 170->170
[2023-12-20T08:35:23.304-0800][54673749ms] GC(1670) Humongous regions: 5->5
[2023-12-20T08:35:23.304-0800][54673749ms] GC(1670) Metaspace: 256396K->256396K(1294336K)
[2023-12-20T08:35:23.304-0800][54673749ms] GC(1670) Pause Young (Normal) (G1 Evacuation Pause) 1914M->407M(2612M) 30.566ms
[2023-12-20T08:35:23.304-0800][54673749ms] GC(1670) User=0.06s Sys=0.00s Real=0.03s
[2023-12-20T08:35:24.065-0800][54674510ms] GC(1671) Pause Young (Normal) (G1 Evacuation Pause)
[2023-12-20T08:35:24.065-0800][54674510ms] GC(1671) Using 10 workers of 10 for evacuation
[2023-12-20T08:35:24.094-0800][54674539ms] GC(1671)   Pre Evacuate Collection Set: 0.0ms
[2023-12-20T08:35:24.094-0800][54674539ms] GC(1671)   Evacuate Collection Set: 26.6ms
[2023-12-20T08:35:24.094-0800][54674539ms] GC(1671)   Post Evacuate Collection Set: 2.3ms
[2023-12-20T08:35:24.094-0800][54674539ms] GC(1671)   Other: 0.4ms
[2023-12-20T08:35:24.094-0800][54674539ms] GC(1671) Eden regions: 753->0(753)
[2023-12-20T08:35:24.094-0800][54674539ms] GC(1671) Survivor regions: 30->30(98)
[2023-12-20T08:35:24.094-0800][54674539ms] GC(1671) Old regions: 170->170
[2023-12-20T08:35:24.094-0800][54674539ms] GC(1671) Humongous regions: 5->5
[2023-12-20T08:35:24.094-0800][54674539ms] GC(1671) Metaspace: 256397K->256397K(1294336K)
[2023-12-20T08:35:24.094-0800][54674539ms] GC(1671) Pause Young (Normal) (G1 Evacuation Pause) 1913M->408M(2612M) 29.505ms
[2023-12-20T08:35:24.094-0800][54674539ms] GC(1671) User=0.09s Sys=0.00s Real=0.03s
[2023-12-20T08:35:24.938-0800][54675383ms] GC(1672) Pause Young (Normal) (GCLocker Initiated GC)
[2023-12-20T08:35:24.938-0800][54675383ms] GC(1672) Using 10 workers of 10 for evacuation
[2023-12-20T08:35:24.969-0800][54675414ms] GC(1672)   Pre Evacuate Collection Set: 0.0ms
[2023-12-20T08:35:24.969-0800][54675414ms] GC(1672)   Evacuate Collection Set: 27.2ms
[2023-12-20T08:35:24.969-0800][54675414ms] GC(1672)   Post Evacuate Collection Set: 2.3ms
[2023-12-20T08:35:24.969-0800][54675414ms] GC(1672)   Other: 0.4ms
[2023-12-20T08:35:24.969-0800][54675414ms] GC(1672) Eden regions: 754->0(753)
[2023-12-20T08:35:24.969-0800][54675414ms] GC(1672) Survivor regions: 30->30(98)
[2023-12-20T08:35:24.969-0800][54675414ms] GC(1672) Old regions: 170->170
[2023-12-20T08:35:24.969-0800][54675414ms] GC(1672) Humongous regions: 5->5
[2023-12-20T08:35:24.969-0800][54675414ms] GC(1672) Metaspace: 256397K->256397K(1294336K)
[2023-12-20T08:35:24.969-0800][54675414ms] GC(1672) Pause Young (Normal) (GCLocker Initiated GC) 1915M->408M(2612M) 30.166ms
[2023-12-20T08:35:24.969-0800][54675414ms] GC(1672) User=0.09s Sys=0.00s Real=0.03s
[2023-12-20T08:35:25.769-0800][54676214ms] GC(1673) Pause Young (Normal) (GCLocker Initiated GC)
[2023-12-20T08:35:25.769-0800][54676214ms] GC(1673) Using 10 workers of 10 for evacuation
[2023-12-20T08:35:25.800-0800][54676245ms] GC(1673)   Pre Evacuate Collection Set: 0.0ms
[2023-12-20T08:35:25.800-0800][54676245ms] GC(1673)   Evacuate Collection Set: 28.6ms
[2023-12-20T08:35:25.800-0800][54676245ms] GC(1673)   Post Evacuate Collection Set: 2.5ms
[2023-12-20T08:35:25.800-0800][54676245ms] GC(1673)   Other: 0.4ms
[2023-12-20T08:35:25.800-0800][54676245ms] GC(1673) Eden regions: 754->0(753)
[2023-12-20T08:35:25.800-0800][54676245ms] GC(1673) Survivor regions: 30->30(98)
[2023-12-20T08:35:25.800-0800][54676245ms] GC(1673) Old regions: 170->170
[2023-12-20T08:35:25.800-0800][54676245ms] GC(1673) Humongous regions: 5->5
[2023-12-20T08:35:25.800-0800][54676245ms] GC(1673) Metaspace: 256397K->256397K(1294336K)
[2023-12-20T08:35:25.800-0800][54676245ms] GC(1673) Pause Young (Normal) (GCLocker Initiated GC) 1915M->408M(2612M) 31.617ms
[2023-12-20T08:35:25.800-0800][54676245ms] GC(1673) User=0.08s Sys=0.00s Real=0.03s
[2023-12-20T08:35:26.663-0800][54677108ms] GC(1674) Pause Young (Normal) (G1 Evacuation Pause)
[2023-12-20T08:35:26.663-0800][54677108ms] GC(1674) Using 10 workers of 10 for evacuation
[2023-12-20T08:35:26.693-0800][54677138ms] GC(1674)   Pre Evacuate Collection Set: 0.0ms
[2023-12-20T08:35:26.693-0800][54677138ms] GC(1674)   Evacuate Collection Set: 27.5ms
[2023-12-20T08:35:26.693-0800][54677138ms] GC(1674)   Post Evacuate Collection Set: 2.5ms
[2023-12-20T08:35:26.693-0800][54677138ms] GC(1674)   Other: 0.4ms
[2023-12-20T08:35:26.693-0800][54677138ms] GC(1674) Eden regions: 753->0(753)
[2023-12-20T08:35:26.693-0800][54677138ms] GC(1674) Survivor regions: 30->30(98)
[2023-12-20T08:35:26.693-0800][54677138ms] GC(1674) Old regions: 170->170
[2023-12-20T08:35:26.693-0800][54677139ms] GC(1674) Humongous regions: 5->5
[2023-12-20T08:35:26.694-0800][54677139ms] GC(1674) Metaspace: 256397K->256397K(1294336K)
[2023-12-20T08:35:26.694-0800][54677139ms] GC(1674) Pause Young (Normal) (G1 Evacuation Pause) 1914M->408M(2612M) 30.504ms
[2023-12-20T08:35:26.694-0800][54677139ms] GC(1674) User=0.08s Sys=0.00s Real=0.03s
[2023-12-20T08:35:27.416-0800][54677861ms] GC(1675) Pause Young (Normal) (G1 Evacuation Pause)
[2023-12-20T08:35:27.416-0800][54677861ms] GC(1675) Using 10 workers of 10 for evacuation
[2023-12-20T08:35:27.446-0800][54677891ms] GC(1675)   Pre Evacuate Collection Set: 0.0ms
[2023-12-20T08:35:27.446-0800][54677891ms] GC(1675)   Evacuate Collection Set: 27.1ms
[2023-12-20T08:35:27.446-0800][54677891ms] GC(1675)   Post Evacuate Collection Set: 2.6ms
[2023-12-20T08:35:27.446-0800][54677891ms] GC(1675)   Other: 0.4ms
[2023-12-20T08:35:27.446-0800][54677891ms] GC(1675) Eden regions: 753->0(753)
[2023-12-20T08:35:27.446-0800][54677891ms] GC(1675) Survivor regions: 30->30(98)
[2023-12-20T08:35:27.446-0800][54677891ms] GC(1675) Old regions: 170->170
[2023-12-20T08:35:27.446-0800][54677891ms] GC(1675) Humongous regions: 5->5
[2023-12-20T08:35:27.446-0800][54677891ms] GC(1675) Metaspace: 256397K->256397K(1294336K)
[2023-12-20T08:35:27.446-0800][54677891ms] GC(1675) Pause Young (Normal) (G1 Evacuation Pause) 1914M->408M(2612M) 30.302ms
[2023-12-20T08:35:27.446-0800][54677891ms] GC(1675) User=0.14s Sys=0.00s Real=0.03s
[2023-12-20T08:35:28.202-0800][54678647ms] GC(1676) Pause Young (Normal) (G1 Evacuation Pause)
[2023-12-20T08:35:28.202-0800][54678647ms] GC(1676) Using 10 workers of 10 for evacuation
[2023-12-20T08:35:28.231-0800][54678676ms] GC(1676)   Pre Evacuate Collection Set: 0.0ms
[2023-12-20T08:35:28.231-0800][54678676ms] GC(1676)   Evacuate Collection Set: 26.7ms
[2023-12-20T08:35:28.231-0800][54678676ms] GC(1676)   Post Evacuate Collection Set: 2.6ms
[2023-12-20T08:35:28.231-0800][54678676ms] GC(1676)   Other: 0.4ms
[2023-12-20T08:35:28.231-0800][54678676ms] GC(1676) Eden regions: 753->0(753)
[2023-12-20T08:35:28.231-0800][54678676ms] GC(1676) Survivor regions: 30->30(98)
[2023-12-20T08:35:28.231-0800][54678676ms] GC(1676) Old regions: 170->170
[2023-12-20T08:35:28.231-0800][54678676ms] GC(1676) Humongous regions: 5->5
[2023-12-20T08:35:28.231-0800][54678676ms] GC(1676) Metaspace: 256397K->256397K(1294336K)
[2023-12-20T08:35:28.231-0800][54678676ms] GC(1676) Pause Young (Normal) (G1 Evacuation Pause) 1914M->408M(2612M) 29.762ms
[2023-12-20T08:35:28.231-0800][54678676ms] GC(1676) User=0.11s Sys=0.00s Real=0.03s
[2023-12-20T08:35:29.027-0800][54679472ms] GC(1677) Pause Young (Normal) (G1 Evacuation Pause)
[2023-12-20T08:35:29.027-0800][54679472ms] GC(1677) Using 10 workers of 10 for evacuation
[2023-12-20T08:35:29.057-0800][54679502ms] GC(1677)   Pre Evacuate Collection Set: 0.0ms
[2023-12-20T08:35:29.057-0800][54679502ms] GC(1677)   Evacuate Collection Set: 27.3ms
[2023-12-20T08:35:29.057-0800][54679502ms] GC(1677)   Post Evacuate Collection Set: 2.5ms
[2023-12-20T08:35:29.057-0800][54679502ms] GC(1677)   Other: 0.3ms
[2023-12-20T08:35:29.057-0800][54679502ms] GC(1677) Eden regions: 753->0(753)
[2023-12-20T08:35:29.057-0800][54679502ms] GC(1677) Survivor regions: 30->30(98)
[2023-12-20T08:35:29.057-0800][54679502ms] GC(1677) Old regions: 170->170
[2023-12-20T08:35:29.057-0800][54679502ms] GC(1677) Humongous regions: 5->5
[2023-12-20T08:35:29.057-0800][54679502ms] GC(1677) Metaspace: 256397K->256397K(1294336K)
[2023-12-20T08:35:29.057-0800][54679502ms] GC(1677) Pause Young (Normal) (G1 Evacuation Pause) 1914M->408M(2612M) 30.232ms
[2023-12-20T08:35:29.057-0800][54679502ms] GC(1677) User=0.11s Sys=0.00s Real=0.03s
[2023-12-20T08:35:29.906-0800][54680351ms] GC(1678) Pause Young (Normal) (G1 Evacuation Pause)
[2023-12-20T08:35:29.906-0800][54680351ms] GC(1678) Using 10 workers of 10 for evacuation
[2023-12-20T08:35:29.937-0800][54680382ms] GC(1678)   Pre Evacuate Collection Set: 0.0ms
[2023-12-20T08:35:29.937-0800][54680382ms] GC(1678)   Evacuate Collection Set: 28.3ms
[2023-12-20T08:35:29.937-0800][54680382ms] GC(1678)   Post Evacuate Collection Set: 2.6ms
[2023-12-20T08:35:29.937-0800][54680382ms] GC(1678)   Other: 0.4ms
[2023-12-20T08:35:29.937-0800][54680382ms] GC(1678) Eden regions: 753->0(753)
[2023-12-20T08:35:29.937-0800][54680382ms] GC(1678) Survivor regions: 30->30(98)
[2023-12-20T08:35:29.937-0800][54680382ms] GC(1678) Old regions: 170->170
[2023-12-20T08:35:29.937-0800][54680382ms] GC(1678) Humongous regions: 5->5
[2023-12-20T08:35:29.937-0800][54680382ms] GC(1678) Metaspace: 256397K->256397K(1294336K)
[2023-12-20T08:35:29.937-0800][54680382ms] GC(1678) Pause Young (Normal) (G1 Evacuation Pause) 1914M->407M(2612M) 31.516ms
[2023-12-20T08:35:29.937-0800][54680382ms] GC(1678) User=0.13s Sys=0.00s Real=0.03s
[2023-12-20T08:35:30.713-0800][54681158ms] GC(1679) Pause Young (Normal) (G1 Evacuation Pause)
[2023-12-20T08:35:30.713-0800][54681158ms] GC(1679) Using 10 workers of 10 for evacuation
[2023-12-20T08:35:30.757-0800][54681202ms] GC(1679)   Pre Evacuate Collection Set: 0.0ms
[2023-12-20T08:35:30.757-0800][54681202ms] GC(1679)   Evacuate Collection Set: 41.3ms
[2023-12-20T08:35:30.757-0800][54681202ms] GC(1679)   Post Evacuate Collection Set: 2.8ms
[2023-12-20T08:35:30.757-0800][54681202ms] GC(1679)   Other: 0.4ms
[2023-12-20T08:35:30.757-0800][54681202ms] GC(1679) Eden regions: 753->0(753)
[2023-12-20T08:35:30.757-0800][54681202ms] GC(1679) Survivor regions: 30->30(98)
[2023-12-20T08:35:30.757-0800][54681202ms] GC(1679) Old regions: 170->170
[2023-12-20T08:35:30.757-0800][54681202ms] GC(1679) Humongous regions: 5->5
[2023-12-20T08:35:30.757-0800][54681202ms] GC(1679) Metaspace: 256397K->256397K(1294336K)
[2023-12-20T08:35:30.757-0800][54681202ms] GC(1679) Pause Young (Normal) (G1 Evacuation Pause) 1913M->408M(2612M) 44.573ms
[2023-12-20T08:35:30.757-0800][54681202ms] GC(1679) User=0.14s Sys=0.03s Real=0.04s
[2023-12-20T08:35:31.481-0800][54681926ms] GC(1680) Pause Young (Normal) (G1 Evacuation Pause)
[2023-12-20T08:35:31.482-0800][54681927ms] GC(1680) Using 10 workers of 10 for evacuation
[2023-12-20T08:35:31.512-0800][54681957ms] GC(1680)   Pre Evacuate Collection Set: 0.0ms
[2023-12-20T08:35:31.512-0800][54681957ms] GC(1680)   Evacuate Collection Set: 27.0ms
[2023-12-20T08:35:31.512-0800][54681957ms] GC(1680)   Post Evacuate Collection Set: 2.9ms
[2023-12-20T08:35:31.512-0800][54681957ms] GC(1680)   Other: 0.3ms
[2023-12-20T08:35:31.512-0800][54681957ms] GC(1680) Eden regions: 753->0(753)
[2023-12-20T08:35:31.512-0800][54681957ms] GC(1680) Survivor regions: 30->30(98)
[2023-12-20T08:35:31.512-0800][54681957ms] GC(1680) Old regions: 170->170
[2023-12-20T08:35:31.512-0800][54681957ms] GC(1680) Humongous regions: 5->5
[2023-12-20T08:35:31.512-0800][54681957ms] GC(1680) Metaspace: 256397K->256397K(1294336K)
[2023-12-20T08:35:31.512-0800][54681957ms] GC(1680) Pause Young (Normal) (G1 Evacuation Pause) 1914M->408M(2612M) 30.372ms
[2023-12-20T08:35:31.512-0800][54681957ms] GC(1680) User=0.17s Sys=0.00s Real=0.03s
[2023-12-20T08:35:32.293-0800][54682738ms] GC(1681) Pause Young (Normal) (G1 Evacuation Pause)
[2023-12-20T08:35:32.295-0800][54682740ms] GC(1681) Using 10 workers of 10 for evacuation
[2023-12-20T08:35:32.325-0800][54682770ms] GC(1681)   Pre Evacuate Collection Set: 0.0ms
[2023-12-20T08:35:32.325-0800][54682770ms] GC(1681)   Evacuate Collection Set: 27.7ms
[2023-12-20T08:35:32.325-0800][54682770ms] GC(1681)   Post Evacuate Collection Set: 2.6ms
[2023-12-20T08:35:32.325-0800][54682770ms] GC(1681)   Other: 0.4ms
[2023-12-20T08:35:32.325-0800][54682770ms] GC(1681) Eden regions: 753->0(753)
[2023-12-20T08:35:32.325-0800][54682770ms] GC(1681) Survivor regions: 30->30(98)
[2023-12-20T08:35:32.325-0800][54682770ms] GC(1681) Old regions: 170->170
[2023-12-20T08:35:32.325-0800][54682770ms] GC(1681) Humongous regions: 5->5
[2023-12-20T08:35:32.325-0800][54682770ms] GC(1681) Metaspace: 256397K->256397K(1294336K)
[2023-12-20T08:35:32.325-0800][54682770ms] GC(1681) Pause Young (Normal) (G1 Evacuation Pause) 1914M->409M(2612M) 30.852ms
[2023-12-20T08:35:32.325-0800][54682770ms] GC(1681) User=0.11s Sys=0.00s Real=0.03s
[2023-12-20T08:35:33.075-0800][54683520ms] GC(1682) Pause Young (Normal) (G1 Evacuation Pause)
[2023-12-20T08:35:33.075-0800][54683520ms] GC(1682) Using 10 workers of 10 for evacuation
[2023-12-20T08:35:33.104-0800][54683549ms] GC(1682)   Pre Evacuate Collection Set: 0.0ms
[2023-12-20T08:35:33.104-0800][54683549ms] GC(1682)   Evacuate Collection Set: 27.2ms
[2023-12-20T08:35:33.104-0800][54683549ms] GC(1682)   Post Evacuate Collection Set: 2.4ms
[2023-12-20T08:35:33.104-0800][54683549ms] GC(1682)   Other: 0.4ms
[2023-12-20T08:35:33.104-0800][54683549ms] GC(1682) Eden regions: 753->0(753)
[2023-12-20T08:35:33.104-0800][54683549ms] GC(1682) Survivor regions: 30->30(98)
[2023-12-20T08:35:33.104-0800][54683549ms] GC(1682) Old regions: 170->170
[2023-12-20T08:35:33.104-0800][54683549ms] GC(1682) Humongous regions: 5->5
[2023-12-20T08:35:33.104-0800][54683549ms] GC(1682) Metaspace: 256397K->256397K(1294336K)
[2023-12-20T08:35:33.104-0800][54683549ms] GC(1682) Pause Young (Normal) (G1 Evacuation Pause) 1915M->408M(2612M) 30.108ms
[2023-12-20T08:35:33.104-0800][54683549ms] GC(1682) User=0.08s Sys=0.00s Real=0.03s
[2023-12-20T08:35:33.817-0800][54684262ms] GC(1683) Pause Young (Normal) (G1 Evacuation Pause)
[2023-12-20T08:35:33.817-0800][54684262ms] GC(1683) Using 10 workers of 10 for evacuation
[2023-12-20T08:35:33.846-0800][54684291ms] GC(1683)   Pre Evacuate Collection Set: 0.0ms
[2023-12-20T08:35:33.846-0800][54684291ms] GC(1683)   Evacuate Collection Set: 26.9ms
[2023-12-20T08:35:33.846-0800][54684291ms] GC(1683)   Post Evacuate Collection Set: 2.5ms
[2023-12-20T08:35:33.846-0800][54684291ms] GC(1683)   Other: 0.4ms
[2023-12-20T08:35:33.846-0800][54684291ms] GC(1683) Eden regions: 753->0(753)
[2023-12-20T08:35:33.846-0800][54684291ms] GC(1683) Survivor regions: 30->30(98)
[2023-12-20T08:35:33.846-0800][54684291ms] GC(1683) Old regions: 170->170
[2023-12-20T08:35:33.846-0800][54684291ms] GC(1683) Humongous regions: 5->5
[2023-12-20T08:35:33.846-0800][54684291ms] GC(1683) Metaspace: 256397K->256397K(1294336K)
[2023-12-20T08:35:33.846-0800][54684291ms] GC(1683) Pause Young (Normal) (G1 Evacuation Pause) 1914M->409M(2612M) 29.920ms
[2023-12-20T08:35:33.847-0800][54684292ms] GC(1683) User=0.13s Sys=0.00s Real=0.03s
[2023-12-20T08:35:34.613-0800][54685058ms] GC(1684) Pause Young (Normal) (G1 Evacuation Pause)
[2023-12-20T08:35:34.613-0800][54685058ms] GC(1684) Using 10 workers of 10 for evacuation
[2023-12-20T08:35:34.643-0800][54685088ms] GC(1684)   Pre Evacuate Collection Set: 0.0ms
[2023-12-20T08:35:34.643-0800][54685088ms] GC(1684)   Evacuate Collection Set: 27.6ms
[2023-12-20T08:35:34.643-0800][54685088ms] GC(1684)   Post Evacuate Collection Set: 2.3ms
[2023-12-20T08:35:34.643-0800][54685088ms] GC(1684)   Other: 0.3ms
[2023-12-20T08:35:34.643-0800][54685088ms] GC(1684) Eden regions: 753->0(754)
[2023-12-20T08:35:34.643-0800][54685088ms] GC(1684) Survivor regions: 30->29(98)
[2023-12-20T08:35:34.643-0800][54685088ms] GC(1684) Old regions: 170->170
[2023-12-20T08:35:34.643-0800][54685088ms] GC(1684) Humongous regions: 5->5
[2023-12-20T08:35:34.643-0800][54685088ms] GC(1684) Metaspace: 256397K->256397K(1294336K)
[2023-12-20T08:35:34.643-0800][54685088ms] GC(1684) Pause Young (Normal) (G1 Evacuation Pause) 1915M->407M(2612M) 30.398ms
[2023-12-20T08:35:34.643-0800][54685088ms] GC(1684) User=0.14s Sys=0.00s Real=0.03s
[2023-12-20T08:35:35.404-0800][54685849ms] GC(1685) Pause Young (Normal) (G1 Evacuation Pause)
[2023-12-20T08:35:35.404-0800][54685849ms] GC(1685) Using 10 workers of 10 for evacuation
[2023-12-20T08:35:35.434-0800][54685879ms] GC(1685)   Pre Evacuate Collection Set: 0.0ms
[2023-12-20T08:35:35.434-0800][54685879ms] GC(1685)   Evacuate Collection Set: 26.9ms
[2023-12-20T08:35:35.434-0800][54685879ms] GC(1685)   Post Evacuate Collection Set: 2.5ms
[2023-12-20T08:35:35.434-0800][54685879ms] GC(1685)   Other: 0.3ms
[2023-12-20T08:35:35.434-0800][54685879ms] GC(1685) Eden regions: 754->0(753)
[2023-12-20T08:35:35.434-0800][54685879ms] GC(1685) Survivor regions: 29->30(98)
[2023-12-20T08:35:35.434-0800][54685879ms] GC(1685) Old regions: 170->170
[2023-12-20T08:35:35.434-0800][54685879ms] GC(1685) Humongous regions: 5->5
[2023-12-20T08:35:35.434-0800][54685879ms] GC(1685) Metaspace: 256401K->256401K(1294336K)
[2023-12-20T08:35:35.434-0800][54685879ms] GC(1685) Pause Young (Normal) (G1 Evacuation Pause) 1915M->409M(2612M) 29.929ms
[2023-12-20T08:35:35.434-0800][54685879ms] GC(1685) User=0.11s Sys=0.00s Real=0.03s
[2023-12-20T08:35:36.173-0800][54686618ms] GC(1686) Pause Young (Normal) (G1 Evacuation Pause)
[2023-12-20T08:35:36.173-0800][54686618ms] GC(1686) Using 10 workers of 10 for evacuation
[2023-12-20T08:35:36.202-0800][54686647ms] GC(1686)   Pre Evacuate Collection Set: 0.0ms
[2023-12-20T08:35:36.202-0800][54686647ms] GC(1686)   Evacuate Collection Set: 26.6ms
[2023-12-20T08:35:36.202-0800][54686647ms] GC(1686)   Post Evacuate Collection Set: 2.5ms
[2023-12-20T08:35:36.202-0800][54686647ms] GC(1686)   Other: 0.4ms
[2023-12-20T08:35:36.202-0800][54686647ms] GC(1686) Eden regions: 753->0(753)
[2023-12-20T08:35:36.202-0800][54686647ms] GC(1686) Survivor regions: 30->30(98)
[2023-12-20T08:35:36.202-0800][54686647ms] GC(1686) Old regions: 170->170
[2023-12-20T08:35:36.202-0800][54686647ms] GC(1686) Humongous regions: 5->5
[2023-12-20T08:35:36.202-0800][54686647ms] GC(1686) Metaspace: 256401K->256401K(1294336K)
[2023-12-20T08:35:36.202-0800][54686647ms] GC(1686) Pause Young (Normal) (G1 Evacuation Pause) 1915M->409M(2612M) 29.594ms
[2023-12-20T08:35:36.202-0800][54686647ms] GC(1686) User=0.11s Sys=0.00s Real=0.03s
[2023-12-20T08:35:36.912-0800][54687357ms] GC(1687) Pause Young (Normal) (G1 Evacuation Pause)
[2023-12-20T08:35:36.912-0800][54687357ms] GC(1687) Using 10 workers of 10 for evacuation
[2023-12-20T08:35:36.942-0800][54687387ms] GC(1687)   Pre Evacuate Collection Set: 0.0ms
[2023-12-20T08:35:36.942-0800][54687387ms] GC(1687)   Evacuate Collection Set: 27.7ms
[2023-12-20T08:35:36.942-0800][54687387ms] GC(1687)   Post Evacuate Collection Set: 2.5ms
[2023-12-20T08:35:36.942-0800][54687387ms] GC(1687)   Other: 0.3ms
[2023-12-20T08:35:36.942-0800][54687387ms] GC(1687) Eden regions: 753->0(753)
[2023-12-20T08:35:36.942-0800][54687387ms] GC(1687) Survivor regions: 30->30(98)
[2023-12-20T08:35:36.942-0800][54687387ms] GC(1687) Old regions: 170->170
[2023-12-20T08:35:36.942-0800][54687387ms] GC(1687) Humongous regions: 5->5
[2023-12-20T08:35:36.942-0800][54687387ms] GC(1687) Metaspace: 256401K->256401K(1294336K)
[2023-12-20T08:35:36.942-0800][54687387ms] GC(1687) Pause Young (Normal) (G1 Evacuation Pause) 1915M->408M(2612M) 30.654ms
[2023-12-20T08:35:36.942-0800][54687387ms] GC(1687) User=0.19s Sys=0.02s Real=0.03s
[2023-12-20T08:35:37.698-0800][54688143ms] GC(1688) Pause Young (Normal) (G1 Evacuation Pause)
[2023-12-20T08:35:37.698-0800][54688143ms] GC(1688) Using 10 workers of 10 for evacuation
[2023-12-20T08:35:37.728-0800][54688173ms] GC(1688)   Pre Evacuate Collection Set: 0.0ms
[2023-12-20T08:35:37.728-0800][54688173ms] GC(1688)   Evacuate Collection Set: 27.3ms
[2023-12-20T08:35:37.728-0800][54688173ms] GC(1688)   Post Evacuate Collection Set: 2.3ms
[2023-12-20T08:35:37.728-0800][54688173ms] GC(1688)   Other: 0.4ms
[2023-12-20T08:35:37.728-0800][54688173ms] GC(1688) Eden regions: 753->0(753)
[2023-12-20T08:35:37.729-0800][54688174ms] GC(1688) Survivor regions: 30->30(98)
[2023-12-20T08:35:37.729-0800][54688174ms] GC(1688) Old regions: 170->170
[2023-12-20T08:35:37.729-0800][54688174ms] GC(1688) Humongous regions: 5->5
[2023-12-20T08:35:37.729-0800][54688174ms] GC(1688) Metaspace: 256401K->256401K(1294336K)
[2023-12-20T08:35:37.729-0800][54688174ms] GC(1688) Pause Young (Normal) (G1 Evacuation Pause) 1914M->408M(2612M) 30.141ms
[2023-12-20T08:35:37.729-0800][54688174ms] GC(1688) User=0.09s Sys=0.00s Real=0.03s
[2023-12-20T08:35:38.501-0800][54688946ms] GC(1689) Pause Young (Normal) (G1 Evacuation Pause)
[2023-12-20T08:35:38.501-0800][54688946ms] GC(1689) Using 10 workers of 10 for evacuation
[2023-12-20T08:35:38.531-0800][54688976ms] GC(1689)   Pre Evacuate Collection Set: 0.1ms
[2023-12-20T08:35:38.531-0800][54688976ms] GC(1689)   Evacuate Collection Set: 26.8ms
[2023-12-20T08:35:38.531-0800][54688976ms] GC(1689)   Post Evacuate Collection Set: 2.5ms
[2023-12-20T08:35:38.531-0800][54688976ms] GC(1689)   Other: 0.4ms
[2023-12-20T08:35:38.531-0800][54688976ms] GC(1689) Eden regions: 753->0(753)
[2023-12-20T08:35:38.531-0800][54688976ms] GC(1689) Survivor regions: 30->30(98)
[2023-12-20T08:35:38.531-0800][54688976ms] GC(1689) Old regions: 170->170
[2023-12-20T08:35:38.531-0800][54688976ms] GC(1689) Humongous regions: 5->5
[2023-12-20T08:35:38.531-0800][54688976ms] GC(1689) Metaspace: 256401K->256401K(1294336K)
[2023-12-20T08:35:38.531-0800][54688976ms] GC(1689) Pause Young (Normal) (G1 Evacuation Pause) 1914M->408M(2612M) 29.850ms
[2023-12-20T08:35:38.531-0800][54688976ms] GC(1689) User=0.08s Sys=0.00s Real=0.03s
[2023-12-20T08:35:39.252-0800][54689697ms] GC(1690) Pause Young (Normal) (G1 Evacuation Pause)
[2023-12-20T08:35:39.252-0800][54689697ms] GC(1690) Using 10 workers of 10 for evacuation
[2023-12-20T08:35:39.281-0800][54689726ms] GC(1690)   Pre Evacuate Collection Set: 0.0ms
[2023-12-20T08:35:39.281-0800][54689726ms] GC(1690)   Evacuate Collection Set: 26.5ms
[2023-12-20T08:35:39.281-0800][54689726ms] GC(1690)   Post Evacuate Collection Set: 2.3ms
[2023-12-20T08:35:39.281-0800][54689726ms] GC(1690)   Other: 0.4ms
[2023-12-20T08:35:39.281-0800][54689726ms] GC(1690) Eden regions: 753->0(753)
[2023-12-20T08:35:39.281-0800][54689726ms] GC(1690) Survivor regions: 30->30(98)
[2023-12-20T08:35:39.281-0800][54689726ms] GC(1690) Old regions: 170->170
[2023-12-20T08:35:39.281-0800][54689726ms] GC(1690) Humongous regions: 5->5
[2023-12-20T08:35:39.281-0800][54689726ms] GC(1690) Metaspace: 256401K->256401K(1294336K)
[2023-12-20T08:35:39.281-0800][54689726ms] GC(1690) Pause Young (Normal) (G1 Evacuation Pause) 1914M->408M(2612M) 29.399ms
[2023-12-20T08:35:39.281-0800][54689726ms] GC(1690) User=0.14s Sys=0.00s Real=0.03s
[2023-12-20T08:35:39.992-0800][54690437ms] GC(1691) Pause Young (Normal) (G1 Evacuation Pause)
[2023-12-20T08:35:39.992-0800][54690437ms] GC(1691) Using 10 workers of 10 for evacuation
[2023-12-20T08:35:40.022-0800][54690467ms] GC(1691)   Pre Evacuate Collection Set: 0.0ms
[2023-12-20T08:35:40.022-0800][54690467ms] GC(1691)   Evacuate Collection Set: 26.8ms
[2023-12-20T08:35:40.022-0800][54690467ms] GC(1691)   Post Evacuate Collection Set: 2.4ms
[2023-12-20T08:35:40.022-0800][54690467ms] GC(1691)   Other: 0.3ms
[2023-12-20T08:35:40.022-0800][54690467ms] GC(1691) Eden regions: 753->0(753)
[2023-12-20T08:35:40.022-0800][54690467ms] GC(1691) Survivor regions: 30->30(98)
[2023-12-20T08:35:40.022-0800][54690467ms] GC(1691) Old regions: 170->170
[2023-12-20T08:35:40.022-0800][54690467ms] GC(1691) Humongous regions: 5->5
[2023-12-20T08:35:40.022-0800][54690467ms] GC(1691) Metaspace: 256401K->256401K(1294336K)
[2023-12-20T08:35:40.022-0800][54690467ms] GC(1691) Pause Young (Normal) (G1 Evacuation Pause) 1914M->408M(2612M) 29.678ms
[2023-12-20T08:35:40.022-0800][54690467ms] GC(1691) User=0.06s Sys=0.00s Real=0.03s
[2023-12-20T08:35:40.818-0800][54691263ms] GC(1692) Pause Young (Normal) (G1 Evacuation Pause)
[2023-12-20T08:35:40.818-0800][54691263ms] GC(1692) Using 10 workers of 10 for evacuation
[2023-12-20T08:35:40.849-0800][54691294ms] GC(1692)   Pre Evacuate Collection Set: 0.0ms
[2023-12-20T08:35:40.849-0800][54691294ms] GC(1692)   Evacuate Collection Set: 28.1ms
[2023-12-20T08:35:40.849-0800][54691294ms] GC(1692)   Post Evacuate Collection Set: 2.4ms
[2023-12-20T08:35:40.849-0800][54691294ms] GC(1692)   Other: 0.3ms
[2023-12-20T08:35:40.849-0800][54691294ms] GC(1692) Eden regions: 753->0(753)
[2023-12-20T08:35:40.849-0800][54691294ms] GC(1692) Survivor regions: 30->30(98)
[2023-12-20T08:35:40.849-0800][54691294ms] GC(1692) Old regions: 170->170
[2023-12-20T08:35:40.849-0800][54691294ms] GC(1692) Humongous regions: 5->5
[2023-12-20T08:35:40.849-0800][54691294ms] GC(1692) Metaspace: 256401K->256401K(1294336K)
[2023-12-20T08:35:40.849-0800][54691294ms] GC(1692) Pause Young (Normal) (G1 Evacuation Pause) 1914M->409M(2612M) 30.988ms
[2023-12-20T08:35:40.849-0800][54691294ms] GC(1692) User=0.14s Sys=0.00s Real=0.03s
[2023-12-20T08:35:41.580-0800][54692025ms] GC(1693) Pause Young (Normal) (G1 Evacuation Pause)
[2023-12-20T08:35:41.580-0800][54692025ms] GC(1693) Using 10 workers of 10 for evacuation
[2023-12-20T08:35:41.610-0800][54692055ms] GC(1693)   Pre Evacuate Collection Set: 0.0ms
[2023-12-20T08:35:41.610-0800][54692055ms] GC(1693)   Evacuate Collection Set: 27.1ms
[2023-12-20T08:35:41.610-0800][54692055ms] GC(1693)   Post Evacuate Collection Set: 2.4ms
[2023-12-20T08:35:41.610-0800][54692055ms] GC(1693)   Other: 0.3ms
[2023-12-20T08:35:41.610-0800][54692055ms] GC(1693) Eden regions: 753->0(753)
[2023-12-20T08:35:41.610-0800][54692055ms] GC(1693) Survivor regions: 30->30(98)
[2023-12-20T08:35:41.610-0800][54692055ms] GC(1693) Old regions: 170->170
[2023-12-20T08:35:41.610-0800][54692055ms] GC(1693) Humongous regions: 5->5
[2023-12-20T08:35:41.610-0800][54692055ms] GC(1693) Metaspace: 256401K->256401K(1294336K)
[2023-12-20T08:35:41.610-0800][54692055ms] GC(1693) Pause Young (Normal) (G1 Evacuation Pause) 1915M->409M(2612M) 29.996ms
[2023-12-20T08:35:41.610-0800][54692055ms] GC(1693) User=0.11s Sys=0.00s Real=0.03s
[2023-12-20T08:35:42.355-0800][54692800ms] GC(1694) Pause Young (Normal) (G1 Evacuation Pause)
[2023-12-20T08:35:42.355-0800][54692800ms] GC(1694) Using 10 workers of 10 for evacuation
[2023-12-20T08:35:42.386-0800][54692831ms] GC(1694)   Pre Evacuate Collection Set: 0.0ms
[2023-12-20T08:35:42.386-0800][54692831ms] GC(1694)   Evacuate Collection Set: 27.6ms
[2023-12-20T08:35:42.386-0800][54692831ms] GC(1694)   Post Evacuate Collection Set: 2.5ms
[2023-12-20T08:35:42.386-0800][54692831ms] GC(1694)   Other: 0.4ms
[2023-12-20T08:35:42.386-0800][54692831ms] GC(1694) Eden regions: 753->0(753)
[2023-12-20T08:35:42.386-0800][54692831ms] GC(1694) Survivor regions: 30->30(98)
[2023-12-20T08:35:42.386-0800][54692831ms] GC(1694) Old regions: 170->170
[2023-12-20T08:35:42.386-0800][54692831ms] GC(1694) Humongous regions: 5->5
[2023-12-20T08:35:42.386-0800][54692831ms] GC(1694) Metaspace: 256401K->256401K(1294336K)
[2023-12-20T08:35:42.386-0800][54692831ms] GC(1694) Pause Young (Normal) (G1 Evacuation Pause) 1915M->408M(2612M) 30.682ms
[2023-12-20T08:35:42.387-0800][54692832ms] GC(1694) User=0.11s Sys=0.00s Real=0.03s
[2023-12-20T08:35:43.093-0800][54693538ms] GC(1695) Pause Young (Normal) (G1 Evacuation Pause)
[2023-12-20T08:35:43.093-0800][54693538ms] GC(1695) Using 10 workers of 10 for evacuation
[2023-12-20T08:35:43.122-0800][54693567ms] GC(1695)   Pre Evacuate Collection Set: 0.0ms
[2023-12-20T08:35:43.122-0800][54693567ms] GC(1695)   Evacuate Collection Set: 26.1ms
[2023-12-20T08:35:43.122-0800][54693567ms] GC(1695)   Post Evacuate Collection Set: 2.4ms
[2023-12-20T08:35:43.122-0800][54693567ms] GC(1695)   Other: 0.3ms
[2023-12-20T08:35:43.122-0800][54693567ms] GC(1695) Eden regions: 753->0(753)
[2023-12-20T08:35:43.122-0800][54693567ms] GC(1695) Survivor regions: 30->30(98)
[2023-12-20T08:35:43.122-0800][54693567ms] GC(1695) Old regions: 170->170
[2023-12-20T08:35:43.122-0800][54693567ms] GC(1695) Humongous regions: 5->5
[2023-12-20T08:35:43.122-0800][54693567ms] GC(1695) Metaspace: 256401K->256401K(1294336K)
[2023-12-20T08:35:43.122-0800][54693567ms] GC(1695) Pause Young (Normal) (G1 Evacuation Pause) 1914M->409M(2612M) 28.986ms
[2023-12-20T08:35:43.122-0800][54693567ms] GC(1695) User=0.08s Sys=0.00s Real=0.03s
[2023-12-20T08:35:43.882-0800][54694327ms] GC(1696) Pause Young (Normal) (G1 Evacuation Pause)
[2023-12-20T08:35:43.882-0800][54694327ms] GC(1696) Using 10 workers of 10 for evacuation
[2023-12-20T08:35:43.911-0800][54694356ms] GC(1696)   Pre Evacuate Collection Set: 0.0ms
[2023-12-20T08:35:43.911-0800][54694356ms] GC(1696)   Evacuate Collection Set: 26.7ms
[2023-12-20T08:35:43.911-0800][54694356ms] GC(1696)   Post Evacuate Collection Set: 2.5ms
[2023-12-20T08:35:43.911-0800][54694356ms] GC(1696)   Other: 0.4ms
[2023-12-20T08:35:43.911-0800][54694356ms] GC(1696) Eden regions: 753->0(753)
[2023-12-20T08:35:43.911-0800][54694356ms] GC(1696) Survivor regions: 30->30(98)
[2023-12-20T08:35:43.911-0800][54694356ms] GC(1696) Old regions: 170->170
[2023-12-20T08:35:43.911-0800][54694356ms] GC(1696) Humongous regions: 5->5
[2023-12-20T08:35:43.911-0800][54694356ms] GC(1696) Metaspace: 256401K->256401K(1294336K)
[2023-12-20T08:35:43.911-0800][54694356ms] GC(1696) Pause Young (Normal) (G1 Evacuation Pause) 1915M->408M(2612M) 29.637ms
[2023-12-20T08:35:43.911-0800][54694356ms] GC(1696) User=0.09s Sys=0.00s Real=0.03s
[2023-12-20T08:35:44.658-0800][54695103ms] GC(1697) Pause Young (Normal) (G1 Evacuation Pause)
[2023-12-20T08:35:44.658-0800][54695103ms] GC(1697) Using 10 workers of 10 for evacuation
[2023-12-20T08:35:44.688-0800][54695133ms] GC(1697)   Pre Evacuate Collection Set: 0.0ms
[2023-12-20T08:35:44.688-0800][54695133ms] GC(1697)   Evacuate Collection Set: 26.4ms
[2023-12-20T08:35:44.688-0800][54695133ms] GC(1697)   Post Evacuate Collection Set: 2.5ms
[2023-12-20T08:35:44.688-0800][54695133ms] GC(1697)   Other: 0.3ms
[2023-12-20T08:35:44.688-0800][54695133ms] GC(1697) Eden regions: 753->0(753)
[2023-12-20T08:35:44.688-0800][54695133ms] GC(1697) Survivor regions: 30->30(98)
[2023-12-20T08:35:44.688-0800][54695133ms] GC(1697) Old regions: 170->170
[2023-12-20T08:35:44.688-0800][54695133ms] GC(1697) Humongous regions: 5->5
[2023-12-20T08:35:44.688-0800][54695133ms] GC(1697) Metaspace: 256401K->256401K(1294336K)
[2023-12-20T08:35:44.688-0800][54695133ms] GC(1697) Pause Young (Normal) (G1 Evacuation Pause) 1914M->409M(2612M) 29.427ms
[2023-12-20T08:35:44.688-0800][54695133ms] GC(1697) User=0.06s Sys=0.00s Real=0.03s
[2023-12-20T08:35:45.498-0800][54695943ms] GC(1698) Pause Young (Normal) (G1 Evacuation Pause)
[2023-12-20T08:35:45.498-0800][54695943ms] GC(1698) Using 10 workers of 10 for evacuation
[2023-12-20T08:35:45.530-0800][54695975ms] GC(1698)   Pre Evacuate Collection Set: 0.0ms
[2023-12-20T08:35:45.530-0800][54695975ms] GC(1698)   Evacuate Collection Set: 29.4ms
[2023-12-20T08:35:45.530-0800][54695975ms] GC(1698)   Post Evacuate Collection Set: 2.8ms
[2023-12-20T08:35:45.530-0800][54695975ms] GC(1698)   Other: 0.4ms
[2023-12-20T08:35:45.530-0800][54695975ms] GC(1698) Eden regions: 753->0(753)
[2023-12-20T08:35:45.530-0800][54695975ms] GC(1698) Survivor regions: 30->30(98)
[2023-12-20T08:35:45.530-0800][54695975ms] GC(1698) Old regions: 170->170
[2023-12-20T08:35:45.530-0800][54695975ms] GC(1698) Humongous regions: 5->5
[2023-12-20T08:35:45.530-0800][54695975ms] GC(1698) Metaspace: 256402K->256402K(1294336K)
[2023-12-20T08:35:45.530-0800][54695975ms] GC(1698) Pause Young (Normal) (G1 Evacuation Pause) 1915M->409M(2612M) 32.738ms
[2023-12-20T08:35:45.530-0800][54695975ms] GC(1698) User=0.19s Sys=0.00s Real=0.03s
[2023-12-20T08:35:46.296-0800][54696741ms] GC(1699) Pause Young (Normal) (G1 Evacuation Pause)
[2023-12-20T08:35:46.296-0800][54696741ms] GC(1699) Using 10 workers of 10 for evacuation
[2023-12-20T08:35:46.327-0800][54696773ms] GC(1699)   Pre Evacuate Collection Set: 0.0ms
[2023-12-20T08:35:46.328-0800][54696773ms] GC(1699)   Evacuate Collection Set: 28.6ms
[2023-12-20T08:35:46.328-0800][54696773ms] GC(1699)   Post Evacuate Collection Set: 2.6ms
[2023-12-20T08:35:46.328-0800][54696773ms] GC(1699)   Other: 0.4ms
[2023-12-20T08:35:46.328-0800][54696773ms] GC(1699) Eden regions: 753->0(752)
[2023-12-20T08:35:46.328-0800][54696773ms] GC(1699) Survivor regions: 30->31(98)
[2023-12-20T08:35:46.328-0800][54696773ms] GC(1699) Old regions: 170->170
[2023-12-20T08:35:46.328-0800][54696773ms] GC(1699) Humongous regions: 5->5
[2023-12-20T08:35:46.328-0800][54696773ms] GC(1699) Metaspace: 256402K->256402K(1294336K)
[2023-12-20T08:35:46.328-0800][54696773ms] GC(1699) Pause Young (Normal) (G1 Evacuation Pause) 1915M->410M(2612M) 31.746ms
[2023-12-20T08:35:46.328-0800][54696773ms] GC(1699) User=0.09s Sys=0.00s Real=0.03s
[2023-12-20T08:35:47.088-0800][54697533ms] GC(1700) Pause Young (Normal) (G1 Evacuation Pause)
[2023-12-20T08:35:47.088-0800][54697533ms] GC(1700) Using 10 workers of 10 for evacuation
[2023-12-20T08:35:47.118-0800][54697563ms] GC(1700)   Pre Evacuate Collection Set: 0.1ms
[2023-12-20T08:35:47.118-0800][54697563ms] GC(1700)   Evacuate Collection Set: 26.8ms
[2023-12-20T08:35:47.118-0800][54697563ms] GC(1700)   Post Evacuate Collection Set: 2.6ms
[2023-12-20T08:35:47.118-0800][54697563ms] GC(1700)   Other: 0.4ms
[2023-12-20T08:35:47.118-0800][54697563ms] GC(1700) Eden regions: 752->0(752)
[2023-12-20T08:35:47.118-0800][54697563ms] GC(1700) Survivor regions: 31->31(98)
[2023-12-20T08:35:47.118-0800][54697563ms] GC(1700) Old regions: 170->170
[2023-12-20T08:35:47.118-0800][54697563ms] GC(1700) Humongous regions: 5->5
[2023-12-20T08:35:47.118-0800][54697563ms] GC(1700) Metaspace: 256402K->256402K(1294336K)
[2023-12-20T08:35:47.118-0800][54697563ms] GC(1700) Pause Young (Normal) (G1 Evacuation Pause) 1914M->410M(2612M) 29.985ms
[2023-12-20T08:35:47.118-0800][54697563ms] GC(1700) User=0.08s Sys=0.00s Real=0.03s
[2023-12-20T08:35:47.927-0800][54698372ms] GC(1701) Pause Young (Normal) (G1 Evacuation Pause)
[2023-12-20T08:35:47.927-0800][54698372ms] GC(1701) Using 10 workers of 10 for evacuation
[2023-12-20T08:35:47.960-0800][54698405ms] GC(1701)   Pre Evacuate Collection Set: 0.0ms
[2023-12-20T08:35:47.960-0800][54698405ms] GC(1701)   Evacuate Collection Set: 30.3ms
[2023-12-20T08:35:47.960-0800][54698405ms] GC(1701)   Post Evacuate Collection Set: 2.4ms
[2023-12-20T08:35:47.960-0800][54698405ms] GC(1701)   Other: 0.4ms
[2023-12-20T08:35:47.960-0800][54698405ms] GC(1701) Eden regions: 752->0(753)
[2023-12-20T08:35:47.960-0800][54698405ms] GC(1701) Survivor regions: 31->30(98)
[2023-12-20T08:35:47.960-0800][54698405ms] GC(1701) Old regions: 170->170
[2023-12-20T08:35:47.961-0800][54698406ms] GC(1701) Humongous regions: 5->5
[2023-12-20T08:35:47.961-0800][54698406ms] GC(1701) Metaspace: 256402K->256402K(1294336K)
[2023-12-20T08:35:47.961-0800][54698406ms] GC(1701) Pause Young (Normal) (G1 Evacuation Pause) 1914M->409M(2612M) 33.266ms
[2023-12-20T08:35:47.961-0800][54698406ms] GC(1701) User=0.19s Sys=0.00s Real=0.03s
[2023-12-20T08:35:48.756-0800][54699201ms] GC(1702) Pause Young (Normal) (G1 Evacuation Pause)
[2023-12-20T08:35:48.756-0800][54699201ms] GC(1702) Using 10 workers of 10 for evacuation
[2023-12-20T08:35:48.786-0800][54699231ms] GC(1702)   Pre Evacuate Collection Set: 0.0ms
[2023-12-20T08:35:48.786-0800][54699231ms] GC(1702)   Evacuate Collection Set: 26.9ms
[2023-12-20T08:35:48.786-0800][54699231ms] GC(1702)   Post Evacuate Collection Set: 2.5ms
[2023-12-20T08:35:48.786-0800][54699231ms] GC(1702)   Other: 0.4ms
[2023-12-20T08:35:48.786-0800][54699231ms] GC(1702) Eden regions: 753->0(752)
[2023-12-20T08:35:48.786-0800][54699231ms] GC(1702) Survivor regions: 30->31(98)
[2023-12-20T08:35:48.786-0800][54699231ms] GC(1702) Old regions: 170->170
[2023-12-20T08:35:48.786-0800][54699231ms] GC(1702) Humongous regions: 5->5
[2023-12-20T08:35:48.786-0800][54699231ms] GC(1702) Metaspace: 256402K->256402K(1294336K)
[2023-12-20T08:35:48.786-0800][54699231ms] GC(1702) Pause Young (Normal) (G1 Evacuation Pause) 1915M->411M(2612M) 30.015ms
[2023-12-20T08:35:48.786-0800][54699231ms] GC(1702) User=0.27s Sys=0.00s Real=0.03s
[2023-12-20T08:35:49.565-0800][54700010ms] GC(1703) Pause Young (Normal) (G1 Evacuation Pause)
[2023-12-20T08:35:49.565-0800][54700010ms] GC(1703) Using 10 workers of 10 for evacuation
[2023-12-20T08:35:49.594-0800][54700039ms] GC(1703)   Pre Evacuate Collection Set: 0.0ms
[2023-12-20T08:35:49.594-0800][54700039ms] GC(1703)   Evacuate Collection Set: 26.9ms
[2023-12-20T08:35:49.594-0800][54700039ms] GC(1703)   Post Evacuate Collection Set: 2.5ms
[2023-12-20T08:35:49.594-0800][54700039ms] GC(1703)   Other: 0.4ms
[2023-12-20T08:35:49.594-0800][54700039ms] GC(1703) Eden regions: 752->0(752)
[2023-12-20T08:35:49.594-0800][54700039ms] GC(1703) Survivor regions: 31->31(98)
[2023-12-20T08:35:49.594-0800][54700039ms] GC(1703) Old regions: 170->170
[2023-12-20T08:35:49.594-0800][54700039ms] GC(1703) Humongous regions: 5->5
[2023-12-20T08:35:49.594-0800][54700039ms] GC(1703) Metaspace: 256402K->256402K(1294336K)
[2023-12-20T08:35:49.594-0800][54700039ms] GC(1703) Pause Young (Normal) (G1 Evacuation Pause) 1915M->410M(2612M) 29.984ms
[2023-12-20T08:35:49.594-0800][54700039ms] GC(1703) User=0.09s Sys=0.00s Real=0.03s
[2023-12-20T08:35:50.210-0800][54700655ms] GC(1704) Pause Young (Normal) (G1 Evacuation Pause)
[2023-12-20T08:35:50.210-0800][54700655ms] GC(1704) Using 10 workers of 10 for evacuation
[2023-12-20T08:35:50.240-0800][54700685ms] GC(1704)   Pre Evacuate Collection Set: 0.0ms
[2023-12-20T08:35:50.240-0800][54700685ms] GC(1704)   Evacuate Collection Set: 27.3ms
[2023-12-20T08:35:50.240-0800][54700685ms] GC(1704)   Post Evacuate Collection Set: 2.4ms
[2023-12-20T08:35:50.240-0800][54700685ms] GC(1704)   Other: 0.4ms
[2023-12-20T08:35:50.240-0800][54700685ms] GC(1704) Eden regions: 752->0(752)
[2023-12-20T08:35:50.240-0800][54700685ms] GC(1704) Survivor regions: 31->31(98)
[2023-12-20T08:35:50.240-0800][54700685ms] GC(1704) Old regions: 170->170
[2023-12-20T08:35:50.240-0800][54700685ms] GC(1704) Humongous regions: 5->5
[2023-12-20T08:35:50.240-0800][54700685ms] GC(1704) Metaspace: 256402K->256402K(1294336K)
[2023-12-20T08:35:50.240-0800][54700685ms] GC(1704) Pause Young (Normal) (G1 Evacuation Pause) 1914M->410M(2612M) 30.175ms
[2023-12-20T08:35:50.240-0800][54700685ms] GC(1704) User=0.16s Sys=0.00s Real=0.03s
[2023-12-20T08:35:50.907-0800][54701352ms] GC(1705) Pause Young (Normal) (G1 Evacuation Pause)
[2023-12-20T08:35:50.907-0800][54701352ms] GC(1705) Using 10 workers of 10 for evacuation
[2023-12-20T08:35:50.937-0800][54701382ms] GC(1705)   Pre Evacuate Collection Set: 0.0ms
[2023-12-20T08:35:50.937-0800][54701382ms] GC(1705)   Evacuate Collection Set: 27.6ms
[2023-12-20T08:35:50.937-0800][54701382ms] GC(1705)   Post Evacuate Collection Set: 2.5ms
[2023-12-20T08:35:50.937-0800][54701382ms] GC(1705)   Other: 0.4ms
[2023-12-20T08:35:50.937-0800][54701382ms] GC(1705) Eden regions: 752->0(753)
[2023-12-20T08:35:50.937-0800][54701382ms] GC(1705) Survivor regions: 31->30(98)
[2023-12-20T08:35:50.937-0800][54701382ms] GC(1705) Old regions: 170->170
[2023-12-20T08:35:50.937-0800][54701382ms] GC(1705) Humongous regions: 5->5
[2023-12-20T08:35:50.937-0800][54701382ms] GC(1705) Metaspace: 256402K->256402K(1294336K)
[2023-12-20T08:35:50.937-0800][54701382ms] GC(1705) Pause Young (Normal) (G1 Evacuation Pause) 1914M->409M(2612M) 30.587ms
[2023-12-20T08:35:50.937-0800][54701382ms] GC(1705) User=0.08s Sys=0.00s Real=0.03s
[2023-12-20T08:35:51.452-0800][54701897ms] GC(1706) Pause Young (Normal) (G1 Evacuation Pause)
[2023-12-20T08:35:51.452-0800][54701897ms] GC(1706) Using 10 workers of 10 for evacuation
[2023-12-20T08:35:51.481-0800][54701926ms] GC(1706)   Pre Evacuate Collection Set: 0.0ms
[2023-12-20T08:35:51.481-0800][54701926ms] GC(1706)   Evacuate Collection Set: 26.6ms
[2023-12-20T08:35:51.481-0800][54701926ms] GC(1706)   Post Evacuate Collection Set: 2.4ms
[2023-12-20T08:35:51.481-0800][54701926ms] GC(1706)   Other: 0.4ms
[2023-12-20T08:35:51.481-0800][54701926ms] GC(1706) Eden regions: 753->0(753)
[2023-12-20T08:35:51.481-0800][54701926ms] GC(1706) Survivor regions: 30->30(98)
[2023-12-20T08:35:51.481-0800][54701926ms] GC(1706) Old regions: 170->170
[2023-12-20T08:35:51.481-0800][54701926ms] GC(1706) Humongous regions: 5->5
[2023-12-20T08:35:51.481-0800][54701926ms] GC(1706) Metaspace: 256402K->256402K(1294336K)
[2023-12-20T08:35:51.481-0800][54701926ms] GC(1706) Pause Young (Normal) (G1 Evacuation Pause) 1915M->408M(2612M) 29.538ms
[2023-12-20T08:35:51.481-0800][54701926ms] GC(1706) User=0.09s Sys=0.00s Real=0.03s
[2023-12-20T08:35:52.161-0800][54702606ms] GC(1707) Pause Young (Normal) (G1 Evacuation Pause)
[2023-12-20T08:35:52.161-0800][54702606ms] GC(1707) Using 10 workers of 10 for evacuation
[2023-12-20T08:35:52.189-0800][54702634ms] GC(1707)   Pre Evacuate Collection Set: 0.0ms
[2023-12-20T08:35:52.189-0800][54702634ms] GC(1707)   Evacuate Collection Set: 26.0ms
[2023-12-20T08:35:52.189-0800][54702634ms] GC(1707)   Post Evacuate Collection Set: 2.4ms
[2023-12-20T08:35:52.189-0800][54702634ms] GC(1707)   Other: 0.4ms
[2023-12-20T08:35:52.189-0800][54702634ms] GC(1707) Eden regions: 753->0(753)
[2023-12-20T08:35:52.189-0800][54702634ms] GC(1707) Survivor regions: 30->30(98)
[2023-12-20T08:35:52.189-0800][54702634ms] GC(1707) Old regions: 170->170
[2023-12-20T08:35:52.189-0800][54702634ms] GC(1707) Humongous regions: 5->5
[2023-12-20T08:35:52.189-0800][54702634ms] GC(1707) Metaspace: 256402K->256402K(1294336K)
[2023-12-20T08:35:52.189-0800][54702634ms] GC(1707) Pause Young (Normal) (G1 Evacuation Pause) 1914M->409M(2612M) 28.856ms
[2023-12-20T08:35:52.189-0800][54702634ms] GC(1707) User=0.13s Sys=0.00s Real=0.03s
[2023-12-20T08:35:52.998-0800][54703443ms] GC(1708) Pause Young (Normal) (GCLocker Initiated GC)
[2023-12-20T08:35:52.998-0800][54703443ms] GC(1708) Using 10 workers of 10 for evacuation
[2023-12-20T08:35:53.027-0800][54703472ms] GC(1708)   Pre Evacuate Collection Set: 0.0ms
[2023-12-20T08:35:53.027-0800][54703472ms] GC(1708)   Evacuate Collection Set: 26.0ms
[2023-12-20T08:35:53.027-0800][54703472ms] GC(1708)   Post Evacuate Collection Set: 2.5ms
[2023-12-20T08:35:53.027-0800][54703472ms] GC(1708)   Other: 0.4ms
[2023-12-20T08:35:53.027-0800][54703472ms] GC(1708) Eden regions: 754->0(753)
[2023-12-20T08:35:53.027-0800][54703472ms] GC(1708) Survivor regions: 30->30(98)
[2023-12-20T08:35:53.027-0800][54703472ms] GC(1708) Old regions: 170->170
[2023-12-20T08:35:53.027-0800][54703472ms] GC(1708) Humongous regions: 5->5
[2023-12-20T08:35:53.027-0800][54703472ms] GC(1708) Metaspace: 256402K->256402K(1294336K)
[2023-12-20T08:35:53.027-0800][54703472ms] GC(1708) Pause Young (Normal) (GCLocker Initiated GC) 1916M->409M(2612M) 29.071ms
[2023-12-20T08:35:53.027-0800][54703472ms] GC(1708) User=0.05s Sys=0.00s Real=0.03s
[2023-12-20T08:35:53.771-0800][54704216ms] GC(1709) Pause Young (Normal) (GCLocker Initiated GC)
[2023-12-20T08:35:53.771-0800][54704216ms] GC(1709) Using 10 workers of 10 for evacuation
[2023-12-20T08:35:53.801-0800][54704246ms] GC(1709)   Pre Evacuate Collection Set: 0.0ms
[2023-12-20T08:35:53.801-0800][54704246ms] GC(1709)   Evacuate Collection Set: 27.1ms
[2023-12-20T08:35:53.801-0800][54704246ms] GC(1709)   Post Evacuate Collection Set: 2.6ms
[2023-12-20T08:35:53.801-0800][54704246ms] GC(1709)   Other: 0.4ms
[2023-12-20T08:35:53.801-0800][54704246ms] GC(1709) Eden regions: 754->0(752)
[2023-12-20T08:35:53.801-0800][54704246ms] GC(1709) Survivor regions: 30->31(98)
[2023-12-20T08:35:53.801-0800][54704246ms] GC(1709) Old regions: 170->170
[2023-12-20T08:35:53.801-0800][54704246ms] GC(1709) Humongous regions: 5->5
[2023-12-20T08:35:53.801-0800][54704246ms] GC(1709) Metaspace: 256402K->256402K(1294336K)
[2023-12-20T08:35:53.801-0800][54704246ms] GC(1709) Pause Young (Normal) (GCLocker Initiated GC) 1916M->410M(2612M) 30.275ms
[2023-12-20T08:35:53.801-0800][54704246ms] GC(1709) User=0.14s Sys=0.00s Real=0.03s
[2023-12-20T08:35:54.631-0800][54705076ms] GC(1710) Pause Young (Normal) (GCLocker Initiated GC)
[2023-12-20T08:35:54.632-0800][54705077ms] GC(1710) Using 10 workers of 10 for evacuation
[2023-12-20T08:35:54.662-0800][54705107ms] GC(1710)   Pre Evacuate Collection Set: 0.0ms
[2023-12-20T08:35:54.662-0800][54705107ms] GC(1710)   Evacuate Collection Set: 26.9ms
[2023-12-20T08:35:54.662-0800][54705107ms] GC(1710)   Post Evacuate Collection Set: 2.7ms
[2023-12-20T08:35:54.662-0800][54705107ms] GC(1710)   Other: 0.4ms
[2023-12-20T08:35:54.662-0800][54705107ms] GC(1710) Eden regions: 753->0(753)
[2023-12-20T08:35:54.662-0800][54705107ms] GC(1710) Survivor regions: 31->30(98)
[2023-12-20T08:35:54.662-0800][54705107ms] GC(1710) Old regions: 170->170
[2023-12-20T08:35:54.662-0800][54705107ms] GC(1710) Humongous regions: 5->5
[2023-12-20T08:35:54.662-0800][54705107ms] GC(1710) Metaspace: 256402K->256402K(1294336K)
[2023-12-20T08:35:54.662-0800][54705107ms] GC(1710) Pause Young (Normal) (GCLocker Initiated GC) 1915M->409M(2612M) 30.142ms
[2023-12-20T08:35:54.662-0800][54705107ms] GC(1710) User=0.08s Sys=0.00s Real=0.03s
[2023-12-20T08:35:55.474-0800][54705919ms] GC(1711) Pause Young (Normal) (G1 Evacuation Pause)
[2023-12-20T08:35:55.474-0800][54705919ms] GC(1711) Using 10 workers of 10 for evacuation
[2023-12-20T08:35:55.506-0800][54705951ms] GC(1711)   Pre Evacuate Collection Set: 0.0ms
[2023-12-20T08:35:55.506-0800][54705951ms] GC(1711)   Evacuate Collection Set: 29.2ms
[2023-12-20T08:35:55.506-0800][54705951ms] GC(1711)   Post Evacuate Collection Set: 3.2ms
[2023-12-20T08:35:55.506-0800][54705951ms] GC(1711)   Other: 0.4ms
[2023-12-20T08:35:55.506-0800][54705951ms] GC(1711) Eden regions: 753->0(753)
[2023-12-20T08:35:55.506-0800][54705951ms] GC(1711) Survivor regions: 30->30(98)
[2023-12-20T08:35:55.506-0800][54705951ms] GC(1711) Old regions: 170->170
[2023-12-20T08:35:55.506-0800][54705951ms] GC(1711) Humongous regions: 5->5
[2023-12-20T08:35:55.506-0800][54705951ms] GC(1711) Metaspace: 256402K->256402K(1294336K)
[2023-12-20T08:35:55.506-0800][54705951ms] GC(1711) Pause Young (Normal) (G1 Evacuation Pause) 1915M->408M(2612M) 32.943ms
[2023-12-20T08:35:55.506-0800][54705951ms] GC(1711) User=0.13s Sys=0.00s Real=0.03s
[2023-12-20T08:35:56.329-0800][54706774ms] GC(1712) Pause Young (Normal) (G1 Evacuation Pause)
[2023-12-20T08:35:56.329-0800][54706774ms] GC(1712) Using 10 workers of 10 for evacuation
[2023-12-20T08:35:56.361-0800][54706806ms] GC(1712)   Pre Evacuate Collection Set: 0.1ms
[2023-12-20T08:35:56.361-0800][54706806ms] GC(1712)   Evacuate Collection Set: 28.4ms
[2023-12-20T08:35:56.361-0800][54706806ms] GC(1712)   Post Evacuate Collection Set: 2.7ms
[2023-12-20T08:35:56.361-0800][54706806ms] GC(1712)   Other: 0.4ms
[2023-12-20T08:35:56.361-0800][54706806ms] GC(1712) Eden regions: 753->0(752)
[2023-12-20T08:35:56.361-0800][54706806ms] GC(1712) Survivor regions: 30->31(98)
[2023-12-20T08:35:56.361-0800][54706806ms] GC(1712) Old regions: 170->170
[2023-12-20T08:35:56.361-0800][54706806ms] GC(1712) Humongous regions: 5->5
[2023-12-20T08:35:56.361-0800][54706806ms] GC(1712) Metaspace: 256402K->256402K(1294336K)
[2023-12-20T08:35:56.361-0800][54706806ms] GC(1712) Pause Young (Normal) (G1 Evacuation Pause) 1914M->410M(2612M) 31.602ms
[2023-12-20T08:35:56.361-0800][54706806ms] GC(1712) User=0.06s Sys=0.00s Real=0.03s
[2023-12-20T08:35:57.096-0800][54707541ms] GC(1713) Pause Young (Normal) (G1 Evacuation Pause)
[2023-12-20T08:35:57.096-0800][54707541ms] GC(1713) Using 10 workers of 10 for evacuation
[2023-12-20T08:35:57.128-0800][54707573ms] GC(1713)   Pre Evacuate Collection Set: 0.1ms
[2023-12-20T08:35:57.128-0800][54707573ms] GC(1713)   Evacuate Collection Set: 28.9ms
[2023-12-20T08:35:57.128-0800][54707573ms] GC(1713)   Post Evacuate Collection Set: 2.6ms
[2023-12-20T08:35:57.128-0800][54707573ms] GC(1713)   Other: 0.4ms
[2023-12-20T08:35:57.128-0800][54707573ms] GC(1713) Eden regions: 752->0(754)
[2023-12-20T08:35:57.128-0800][54707573ms] GC(1713) Survivor regions: 31->29(98)
[2023-12-20T08:35:57.128-0800][54707573ms] GC(1713) Old regions: 170->170
[2023-12-20T08:35:57.128-0800][54707573ms] GC(1713) Humongous regions: 5->5
[2023-12-20T08:35:57.128-0800][54707573ms] GC(1713) Metaspace: 256402K->256402K(1294336K)
[2023-12-20T08:35:57.128-0800][54707573ms] GC(1713) Pause Young (Normal) (G1 Evacuation Pause) 1914M->407M(2612M) 32.133ms
[2023-12-20T08:35:57.128-0800][54707573ms] GC(1713) User=0.13s Sys=0.00s Real=0.03s
[2023-12-20T08:35:57.805-0800][54708250ms] GC(1714) Pause Young (Normal) (G1 Evacuation Pause)
[2023-12-20T08:35:57.805-0800][54708250ms] GC(1714) Using 10 workers of 10 for evacuation
[2023-12-20T08:35:57.835-0800][54708280ms] GC(1714)   Pre Evacuate Collection Set: 0.0ms
[2023-12-20T08:35:57.835-0800][54708280ms] GC(1714)   Evacuate Collection Set: 27.6ms
[2023-12-20T08:35:57.835-0800][54708280ms] GC(1714)   Post Evacuate Collection Set: 2.6ms
[2023-12-20T08:35:57.835-0800][54708280ms] GC(1714)   Other: 0.4ms
[2023-12-20T08:35:57.835-0800][54708280ms] GC(1714) Eden regions: 754->0(753)
[2023-12-20T08:35:57.835-0800][54708280ms] GC(1714) Survivor regions: 29->30(98)
[2023-12-20T08:35:57.835-0800][54708280ms] GC(1714) Old regions: 170->170
[2023-12-20T08:35:57.835-0800][54708280ms] GC(1714) Humongous regions: 5->5
[2023-12-20T08:35:57.835-0800][54708280ms] GC(1714) Metaspace: 256402K->256402K(1294336K)
[2023-12-20T08:35:57.835-0800][54708280ms] GC(1714) Pause Young (Normal) (G1 Evacuation Pause) 1915M->409M(2612M) 30.737ms
[2023-12-20T08:35:57.835-0800][54708280ms] GC(1714) User=0.06s Sys=0.00s Real=0.03s
[2023-12-20T08:35:58.510-0800][54708955ms] GC(1715) Pause Young (Normal) (G1 Evacuation Pause)
[2023-12-20T08:35:58.510-0800][54708955ms] GC(1715) Using 10 workers of 10 for evacuation
[2023-12-20T08:35:58.540-0800][54708985ms] GC(1715)   Pre Evacuate Collection Set: 0.0ms
[2023-12-20T08:35:58.540-0800][54708985ms] GC(1715)   Evacuate Collection Set: 26.8ms
[2023-12-20T08:35:58.540-0800][54708985ms] GC(1715)   Post Evacuate Collection Set: 2.4ms
[2023-12-20T08:35:58.540-0800][54708985ms] GC(1715)   Other: 0.4ms
[2023-12-20T08:35:58.540-0800][54708985ms] GC(1715) Eden regions: 753->0(753)
[2023-12-20T08:35:58.540-0800][54708985ms] GC(1715) Survivor regions: 30->30(98)
[2023-12-20T08:35:58.540-0800][54708985ms] GC(1715) Old regions: 170->170
[2023-12-20T08:35:58.540-0800][54708985ms] GC(1715) Humongous regions: 5->5
[2023-12-20T08:35:58.540-0800][54708985ms] GC(1715) Metaspace: 256402K->256402K(1294336K)
[2023-12-20T08:35:58.540-0800][54708985ms] GC(1715) Pause Young (Normal) (G1 Evacuation Pause) 1915M->409M(2612M) 29.747ms
[2023-12-20T08:35:58.540-0800][54708985ms] GC(1715) User=0.13s Sys=0.00s Real=0.03s
[2023-12-20T08:35:59.189-0800][54709634ms] GC(1716) Pause Young (Normal) (G1 Evacuation Pause)
[2023-12-20T08:35:59.189-0800][54709634ms] GC(1716) Using 10 workers of 10 for evacuation
[2023-12-20T08:35:59.220-0800][54709665ms] GC(1716)   Pre Evacuate Collection Set: 0.0ms
[2023-12-20T08:35:59.220-0800][54709665ms] GC(1716)   Evacuate Collection Set: 28.3ms
[2023-12-20T08:35:59.220-0800][54709665ms] GC(1716)   Post Evacuate Collection Set: 2.4ms
[2023-12-20T08:35:59.220-0800][54709665ms] GC(1716)   Other: 0.4ms
[2023-12-20T08:35:59.220-0800][54709665ms] GC(1716) Eden regions: 753->0(753)
[2023-12-20T08:35:59.220-0800][54709665ms] GC(1716) Survivor regions: 30->30(98)
[2023-12-20T08:35:59.220-0800][54709665ms] GC(1716) Old regions: 170->170
[2023-12-20T08:35:59.220-0800][54709665ms] GC(1716) Humongous regions: 5->5
[2023-12-20T08:35:59.220-0800][54709665ms] GC(1716) Metaspace: 256402K->256402K(1294336K)
[2023-12-20T08:35:59.220-0800][54709665ms] GC(1716) Pause Young (Normal) (G1 Evacuation Pause) 1915M->409M(2612M) 31.250ms
[2023-12-20T08:35:59.220-0800][54709665ms] GC(1716) User=0.13s Sys=0.00s Real=0.03s
[2023-12-20T08:35:59.735-0800][54710180ms] GC(1717) Pause Young (Normal) (G1 Evacuation Pause)
[2023-12-20T08:35:59.735-0800][54710180ms] GC(1717) Using 10 workers of 10 for evacuation
[2023-12-20T08:35:59.766-0800][54710211ms] GC(1717)   Pre Evacuate Collection Set: 0.0ms
[2023-12-20T08:35:59.766-0800][54710211ms] GC(1717)   Evacuate Collection Set: 27.3ms
[2023-12-20T08:35:59.766-0800][54710211ms] GC(1717)   Post Evacuate Collection Set: 2.9ms
[2023-12-20T08:35:59.766-0800][54710211ms] GC(1717)   Other: 0.5ms
[2023-12-20T08:35:59.766-0800][54710211ms] GC(1717) Eden regions: 753->0(753)
[2023-12-20T08:35:59.766-0800][54710211ms] GC(1717) Survivor regions: 30->30(98)
[2023-12-20T08:35:59.766-0800][54710211ms] GC(1717) Old regions: 170->170
[2023-12-20T08:35:59.766-0800][54710211ms] GC(1717) Humongous regions: 5->5
[2023-12-20T08:35:59.766-0800][54710211ms] GC(1717) Metaspace: 256402K->256402K(1294336K)
[2023-12-20T08:35:59.766-0800][54710211ms] GC(1717) Pause Young (Normal) (G1 Evacuation Pause) 1915M->409M(2612M) 30.864ms
[2023-12-20T08:35:59.766-0800][54710211ms] GC(1717) User=0.13s Sys=0.00s Real=0.03s
[2023-12-20T08:36:00.398-0800][54710843ms] GC(1718) Pause Young (Normal) (G1 Evacuation Pause)
[2023-12-20T08:36:00.398-0800][54710843ms] GC(1718) Using 10 workers of 10 for evacuation
[2023-12-20T08:36:00.428-0800][54710873ms] GC(1718)   Pre Evacuate Collection Set: 0.0ms
[2023-12-20T08:36:00.428-0800][54710873ms] GC(1718)   Evacuate Collection Set: 27.0ms
[2023-12-20T08:36:00.428-0800][54710873ms] GC(1718)   Post Evacuate Collection Set: 2.8ms
[2023-12-20T08:36:00.428-0800][54710873ms] GC(1718)   Other: 0.5ms
[2023-12-20T08:36:00.428-0800][54710873ms] GC(1718) Eden regions: 753->0(753)
[2023-12-20T08:36:00.428-0800][54710873ms] GC(1718) Survivor regions: 30->30(98)
[2023-12-20T08:36:00.428-0800][54710873ms] GC(1718) Old regions: 170->170
[2023-12-20T08:36:00.428-0800][54710873ms] GC(1718) Humongous regions: 5->5
[2023-12-20T08:36:00.428-0800][54710873ms] GC(1718) Metaspace: 256402K->256402K(1294336K)
[2023-12-20T08:36:00.428-0800][54710874ms] GC(1718) Pause Young (Normal) (G1 Evacuation Pause) 1915M->409M(2612M) 30.412ms
[2023-12-20T08:36:00.429-0800][54710874ms] GC(1718) User=0.06s Sys=0.00s Real=0.03s
[2023-12-20T08:36:01.017-0800][54711462ms] GC(1719) Pause Young (Normal) (G1 Evacuation Pause)
[2023-12-20T08:36:01.017-0800][54711462ms] GC(1719) Using 10 workers of 10 for evacuation
[2023-12-20T08:36:01.044-0800][54711489ms] GC(1719)   Pre Evacuate Collection Set: 0.0ms
[2023-12-20T08:36:01.044-0800][54711489ms] GC(1719)   Evacuate Collection Set: 25.0ms
[2023-12-20T08:36:01.044-0800][54711489ms] GC(1719)   Post Evacuate Collection Set: 2.3ms
[2023-12-20T08:36:01.044-0800][54711489ms] GC(1719)   Other: 0.4ms
[2023-12-20T08:36:01.044-0800][54711489ms] GC(1719) Eden regions: 753->0(753)
[2023-12-20T08:36:01.044-0800][54711489ms] GC(1719) Survivor regions: 30->30(98)
[2023-12-20T08:36:01.044-0800][54711489ms] GC(1719) Old regions: 170->170
[2023-12-20T08:36:01.044-0800][54711489ms] GC(1719) Humongous regions: 5->5
[2023-12-20T08:36:01.044-0800][54711489ms] GC(1719) Metaspace: 256402K->256402K(1294336K)
[2023-12-20T08:36:01.044-0800][54711489ms] GC(1719) Pause Young (Normal) (G1 Evacuation Pause) 1915M->409M(2612M) 27.845ms
[2023-12-20T08:36:01.044-0800][54711489ms] GC(1719) User=0.09s Sys=0.00s Real=0.03s
[2023-12-20T08:36:01.719-0800][54712164ms] GC(1720) Pause Young (Normal) (G1 Evacuation Pause)
[2023-12-20T08:36:01.719-0800][54712164ms] GC(1720) Using 10 workers of 10 for evacuation
[2023-12-20T08:36:01.750-0800][54712195ms] GC(1720)   Pre Evacuate Collection Set: 0.0ms
[2023-12-20T08:36:01.750-0800][54712195ms] GC(1720)   Evacuate Collection Set: 27.4ms
[2023-12-20T08:36:01.750-0800][54712195ms] GC(1720)   Post Evacuate Collection Set: 2.4ms
[2023-12-20T08:36:01.750-0800][54712195ms] GC(1720)   Other: 0.4ms
[2023-12-20T08:36:01.750-0800][54712195ms] GC(1720) Eden regions: 753->0(753)
[2023-12-20T08:36:01.750-0800][54712195ms] GC(1720) Survivor regions: 30->30(98)
[2023-12-20T08:36:01.750-0800][54712195ms] GC(1720) Old regions: 170->170
[2023-12-20T08:36:01.750-0800][54712195ms] GC(1720) Humongous regions: 5->5
[2023-12-20T08:36:01.750-0800][54712195ms] GC(1720) Metaspace: 256402K->256402K(1294336K)
[2023-12-20T08:36:01.750-0800][54712195ms] GC(1720) Pause Young (Normal) (G1 Evacuation Pause) 1915M->408M(2612M) 30.253ms
[2023-12-20T08:36:01.750-0800][54712195ms] GC(1720) User=0.14s Sys=0.00s Real=0.03s
[2023-12-20T08:36:02.496-0800][54712941ms] GC(1721) Pause Young (Normal) (G1 Evacuation Pause)
[2023-12-20T08:36:02.496-0800][54712941ms] GC(1721) Using 10 workers of 10 for evacuation
[2023-12-20T08:36:02.526-0800][54712971ms] GC(1721)   Pre Evacuate Collection Set: 0.1ms
[2023-12-20T08:36:02.527-0800][54712972ms] GC(1721)   Evacuate Collection Set: 27.4ms
[2023-12-20T08:36:02.527-0800][54712972ms] GC(1721)   Post Evacuate Collection Set: 2.3ms
[2023-12-20T08:36:02.527-0800][54712972ms] GC(1721)   Other: 0.5ms
[2023-12-20T08:36:02.527-0800][54712972ms] GC(1721) Eden regions: 753->0(753)
[2023-12-20T08:36:02.527-0800][54712972ms] GC(1721) Survivor regions: 30->30(98)
[2023-12-20T08:36:02.527-0800][54712972ms] GC(1721) Old regions: 170->170
[2023-12-20T08:36:02.527-0800][54712972ms] GC(1721) Humongous regions: 5->5
[2023-12-20T08:36:02.527-0800][54712972ms] GC(1721) Metaspace: 256402K->256402K(1294336K)
[2023-12-20T08:36:02.527-0800][54712972ms] GC(1721) Pause Young (Normal) (G1 Evacuation Pause) 1914M->409M(2612M) 30.477ms
[2023-12-20T08:36:02.527-0800][54712972ms] GC(1721) User=0.09s Sys=0.00s Real=0.03s
[2023-12-20T08:36:02.948-0800][54713393ms] GC(1722) Pause Young (Normal) (G1 Evacuation Pause)
[2023-12-20T08:36:02.948-0800][54713393ms] GC(1722) Using 10 workers of 10 for evacuation
[2023-12-20T08:36:02.975-0800][54713420ms] GC(1722)   Pre Evacuate Collection Set: 0.0ms
[2023-12-20T08:36:02.975-0800][54713420ms] GC(1722)   Evacuate Collection Set: 25.3ms
[2023-12-20T08:36:02.975-0800][54713420ms] GC(1722)   Post Evacuate Collection Set: 2.4ms
[2023-12-20T08:36:02.975-0800][54713420ms] GC(1722)   Other: 0.4ms
[2023-12-20T08:36:02.975-0800][54713420ms] GC(1722) Eden regions: 753->0(753)
[2023-12-20T08:36:02.975-0800][54713420ms] GC(1722) Survivor regions: 30->30(98)
[2023-12-20T08:36:02.975-0800][54713420ms] GC(1722) Old regions: 170->170
[2023-12-20T08:36:02.975-0800][54713420ms] GC(1722) Humongous regions: 5->5
[2023-12-20T08:36:02.975-0800][54713420ms] GC(1722) Metaspace: 256402K->256402K(1294336K)
[2023-12-20T08:36:02.975-0800][54713420ms] GC(1722) Pause Young (Normal) (G1 Evacuation Pause) 1915M->409M(2612M) 28.223ms
[2023-12-20T08:36:02.975-0800][54713420ms] GC(1722) User=0.05s Sys=0.00s Real=0.03s
[2023-12-20T08:36:03.670-0800][54714115ms] GC(1723) Pause Young (Normal) (G1 Evacuation Pause)
[2023-12-20T08:36:03.670-0800][54714115ms] GC(1723) Using 10 workers of 10 for evacuation
[2023-12-20T08:36:03.699-0800][54714144ms] GC(1723)   Pre Evacuate Collection Set: 0.1ms
[2023-12-20T08:36:03.699-0800][54714144ms] GC(1723)   Evacuate Collection Set: 26.4ms
[2023-12-20T08:36:03.699-0800][54714144ms] GC(1723)   Post Evacuate Collection Set: 3.1ms
[2023-12-20T08:36:03.699-0800][54714144ms] GC(1723)   Other: 0.4ms
[2023-12-20T08:36:03.699-0800][54714144ms] GC(1723) Eden regions: 753->0(753)
[2023-12-20T08:36:03.699-0800][54714144ms] GC(1723) Survivor regions: 30->30(98)
[2023-12-20T08:36:03.699-0800][54714144ms] GC(1723) Old regions: 170->170
[2023-12-20T08:36:03.699-0800][54714144ms] GC(1723) Humongous regions: 5->5
[2023-12-20T08:36:03.699-0800][54714144ms] GC(1723) Metaspace: 256402K->256402K(1294336K)
[2023-12-20T08:36:03.700-0800][54714145ms] GC(1723) Pause Young (Normal) (G1 Evacuation Pause) 1915M->409M(2612M) 30.083ms
[2023-12-20T08:36:03.700-0800][54714145ms] GC(1723) User=0.11s Sys=0.00s Real=0.03s
[2023-12-20T08:36:04.506-0800][54714951ms] GC(1724) Pause Young (Normal) (G1 Evacuation Pause)
[2023-12-20T08:36:04.506-0800][54714951ms] GC(1724) Using 10 workers of 10 for evacuation
[2023-12-20T08:36:04.537-0800][54714982ms] GC(1724)   Pre Evacuate Collection Set: 0.0ms
[2023-12-20T08:36:04.537-0800][54714982ms] GC(1724)   Evacuate Collection Set: 29.0ms
[2023-12-20T08:36:04.537-0800][54714982ms] GC(1724)   Post Evacuate Collection Set: 2.4ms
[2023-12-20T08:36:04.537-0800][54714982ms] GC(1724)   Other: 0.4ms
[2023-12-20T08:36:04.537-0800][54714982ms] GC(1724) Eden regions: 753->0(753)
[2023-12-20T08:36:04.537-0800][54714982ms] GC(1724) Survivor regions: 30->30(98)
[2023-12-20T08:36:04.537-0800][54714982ms] GC(1724) Old regions: 170->170
[2023-12-20T08:36:04.537-0800][54714982ms] GC(1724) Humongous regions: 5->5
[2023-12-20T08:36:04.537-0800][54714982ms] GC(1724) Metaspace: 256402K->256402K(1294336K)
[2023-12-20T08:36:04.537-0800][54714982ms] GC(1724) Pause Young (Normal) (G1 Evacuation Pause) 1915M->408M(2612M) 32.045ms
[2023-12-20T08:36:04.537-0800][54714982ms] GC(1724) User=0.08s Sys=0.00s Real=0.03s
[2023-12-20T08:36:05.255-0800][54715700ms] GC(1725) Pause Young (Normal) (G1 Evacuation Pause)
[2023-12-20T08:36:05.255-0800][54715700ms] GC(1725) Using 10 workers of 10 for evacuation
[2023-12-20T08:36:05.284-0800][54715729ms] GC(1725)   Pre Evacuate Collection Set: 0.0ms
[2023-12-20T08:36:05.285-0800][54715730ms] GC(1725)   Evacuate Collection Set: 27.0ms
[2023-12-20T08:36:05.285-0800][54715730ms] GC(1725)   Post Evacuate Collection Set: 2.4ms
[2023-12-20T08:36:05.285-0800][54715730ms] GC(1725)   Other: 0.3ms
[2023-12-20T08:36:05.285-0800][54715730ms] GC(1725) Eden regions: 753->0(753)
[2023-12-20T08:36:05.285-0800][54715730ms] GC(1725) Survivor regions: 30->30(98)
[2023-12-20T08:36:05.285-0800][54715730ms] GC(1725) Old regions: 170->170
[2023-12-20T08:36:05.285-0800][54715730ms] GC(1725) Humongous regions: 5->5
[2023-12-20T08:36:05.285-0800][54715730ms] GC(1725) Metaspace: 256404K->256404K(1294336K)
[2023-12-20T08:36:05.285-0800][54715730ms] GC(1725) Pause Young (Normal) (G1 Evacuation Pause) 1914M->409M(2612M) 29.914ms
[2023-12-20T08:36:05.285-0800][54715730ms] GC(1725) User=0.16s Sys=0.00s Real=0.03s
[2023-12-20T08:36:05.963-0800][54716408ms] GC(1726) Pause Young (Normal) (G1 Evacuation Pause)
[2023-12-20T08:36:05.963-0800][54716408ms] GC(1726) Using 10 workers of 10 for evacuation
[2023-12-20T08:36:05.993-0800][54716438ms] GC(1726)   Pre Evacuate Collection Set: 0.0ms
[2023-12-20T08:36:05.993-0800][54716438ms] GC(1726)   Evacuate Collection Set: 26.5ms
[2023-12-20T08:36:05.993-0800][54716438ms] GC(1726)   Post Evacuate Collection Set: 2.6ms
[2023-12-20T08:36:05.993-0800][54716438ms] GC(1726)   Other: 0.4ms
[2023-12-20T08:36:05.993-0800][54716438ms] GC(1726) Eden regions: 753->0(752)
[2023-12-20T08:36:05.993-0800][54716438ms] GC(1726) Survivor regions: 30->31(98)
[2023-12-20T08:36:05.993-0800][54716438ms] GC(1726) Old regions: 170->170
[2023-12-20T08:36:05.993-0800][54716438ms] GC(1726) Humongous regions: 5->5
[2023-12-20T08:36:05.993-0800][54716438ms] GC(1726) Metaspace: 256404K->256404K(1294336K)
[2023-12-20T08:36:05.993-0800][54716438ms] GC(1726) Pause Young (Normal) (G1 Evacuation Pause) 1915M->411M(2612M) 29.604ms
[2023-12-20T08:36:05.993-0800][54716438ms] GC(1726) User=0.09s Sys=0.00s Real=0.03s
[2023-12-20T08:36:06.679-0800][54717124ms] GC(1727) Pause Young (Normal) (G1 Evacuation Pause)
[2023-12-20T08:36:06.679-0800][54717124ms] GC(1727) Using 10 workers of 10 for evacuation
[2023-12-20T08:36:06.708-0800][54717153ms] GC(1727)   Pre Evacuate Collection Set: 0.0ms
[2023-12-20T08:36:06.708-0800][54717153ms] GC(1727)   Evacuate Collection Set: 26.3ms
[2023-12-20T08:36:06.708-0800][54717153ms] GC(1727)   Post Evacuate Collection Set: 2.5ms
[2023-12-20T08:36:06.708-0800][54717153ms] GC(1727)   Other: 0.4ms
[2023-12-20T08:36:06.708-0800][54717153ms] GC(1727) Eden regions: 752->0(752)
[2023-12-20T08:36:06.708-0800][54717153ms] GC(1727) Survivor regions: 31->31(98)
[2023-12-20T08:36:06.708-0800][54717153ms] GC(1727) Old regions: 170->170
[2023-12-20T08:36:06.708-0800][54717153ms] GC(1727) Humongous regions: 5->5
[2023-12-20T08:36:06.708-0800][54717153ms] GC(1727) Metaspace: 256404K->256404K(1294336K)
[2023-12-20T08:36:06.708-0800][54717153ms] GC(1727) Pause Young (Normal) (G1 Evacuation Pause) 1915M->411M(2612M) 29.387ms
[2023-12-20T08:36:06.708-0800][54717153ms] GC(1727) User=0.05s Sys=0.00s Real=0.03s
[2023-12-20T08:36:07.427-0800][54717872ms] GC(1728) Pause Young (Normal) (G1 Evacuation Pause)
[2023-12-20T08:36:07.427-0800][54717872ms] GC(1728) Using 10 workers of 10 for evacuation
[2023-12-20T08:36:07.458-0800][54717903ms] GC(1728)   Pre Evacuate Collection Set: 0.1ms
[2023-12-20T08:36:07.458-0800][54717903ms] GC(1728)   Evacuate Collection Set: 28.6ms
[2023-12-20T08:36:07.458-0800][54717903ms] GC(1728)   Post Evacuate Collection Set: 2.6ms
[2023-12-20T08:36:07.458-0800][54717903ms] GC(1728)   Other: 0.4ms
[2023-12-20T08:36:07.458-0800][54717903ms] GC(1728) Eden regions: 752->0(753)
[2023-12-20T08:36:07.458-0800][54717903ms] GC(1728) Survivor regions: 31->30(98)
[2023-12-20T08:36:07.458-0800][54717903ms] GC(1728) Old regions: 170->170
[2023-12-20T08:36:07.458-0800][54717903ms] GC(1728) Humongous regions: 5->5
[2023-12-20T08:36:07.458-0800][54717903ms] GC(1728) Metaspace: 256404K->256404K(1294336K)
[2023-12-20T08:36:07.458-0800][54717903ms] GC(1728) Pause Young (Normal) (G1 Evacuation Pause) 1915M->409M(2612M) 31.728ms
[2023-12-20T08:36:07.458-0800][54717903ms] GC(1728) User=0.11s Sys=0.00s Real=0.03s
[2023-12-20T08:36:08.215-0800][54718660ms] GC(1729) Pause Young (Normal) (G1 Evacuation Pause)
[2023-12-20T08:36:08.215-0800][54718660ms] GC(1729) Using 10 workers of 10 for evacuation
[2023-12-20T08:36:08.246-0800][54718691ms] GC(1729)   Pre Evacuate Collection Set: 0.0ms
[2023-12-20T08:36:08.246-0800][54718691ms] GC(1729)   Evacuate Collection Set: 27.6ms
[2023-12-20T08:36:08.246-0800][54718691ms] GC(1729)   Post Evacuate Collection Set: 2.5ms
[2023-12-20T08:36:08.246-0800][54718691ms] GC(1729)   Other: 0.4ms
[2023-12-20T08:36:08.246-0800][54718691ms] GC(1729) Eden regions: 753->0(753)
[2023-12-20T08:36:08.246-0800][54718691ms] GC(1729) Survivor regions: 30->30(98)
[2023-12-20T08:36:08.246-0800][54718691ms] GC(1729) Old regions: 170->170
[2023-12-20T08:36:08.246-0800][54718691ms] GC(1729) Humongous regions: 5->5
[2023-12-20T08:36:08.246-0800][54718691ms] GC(1729) Metaspace: 256404K->256404K(1294336K)
[2023-12-20T08:36:08.246-0800][54718691ms] GC(1729) Pause Young (Normal) (G1 Evacuation Pause) 1915M->409M(2612M) 30.562ms
[2023-12-20T08:36:08.246-0800][54718691ms] GC(1729) User=0.06s Sys=0.00s Real=0.03s
[2023-12-20T08:36:09.008-0800][54719453ms] GC(1730) Pause Young (Normal) (G1 Evacuation Pause)
[2023-12-20T08:36:09.008-0800][54719453ms] GC(1730) Using 10 workers of 10 for evacuation
[2023-12-20T08:36:09.039-0800][54719484ms] GC(1730)   Pre Evacuate Collection Set: 0.0ms
[2023-12-20T08:36:09.039-0800][54719484ms] GC(1730)   Evacuate Collection Set: 27.2ms
[2023-12-20T08:36:09.039-0800][54719484ms] GC(1730)   Post Evacuate Collection Set: 2.4ms
[2023-12-20T08:36:09.039-0800][54719484ms] GC(1730)   Other: 0.4ms
[2023-12-20T08:36:09.039-0800][54719484ms] GC(1730) Eden regions: 753->0(753)
[2023-12-20T08:36:09.039-0800][54719484ms] GC(1730) Survivor regions: 30->30(98)
[2023-12-20T08:36:09.039-0800][54719484ms] GC(1730) Old regions: 170->170
[2023-12-20T08:36:09.039-0800][54719484ms] GC(1730) Humongous regions: 5->5
[2023-12-20T08:36:09.039-0800][54719484ms] GC(1730) Metaspace: 256404K->256404K(1294336K)
[2023-12-20T08:36:09.039-0800][54719484ms] GC(1730) Pause Young (Normal) (G1 Evacuation Pause) 1915M->409M(2612M) 30.187ms
[2023-12-20T08:36:09.039-0800][54719484ms] GC(1730) User=0.09s Sys=0.00s Real=0.03s
[2023-12-20T08:36:09.673-0800][54720118ms] GC(1731) Pause Young (Normal) (G1 Evacuation Pause)
[2023-12-20T08:36:09.673-0800][54720118ms] GC(1731) Using 10 workers of 10 for evacuation
[2023-12-20T08:36:09.701-0800][54720146ms] GC(1731)   Pre Evacuate Collection Set: 0.0ms
[2023-12-20T08:36:09.701-0800][54720146ms] GC(1731)   Evacuate Collection Set: 25.7ms
[2023-12-20T08:36:09.701-0800][54720146ms] GC(1731)   Post Evacuate Collection Set: 2.5ms
[2023-12-20T08:36:09.701-0800][54720146ms] GC(1731)   Other: 0.4ms
[2023-12-20T08:36:09.701-0800][54720146ms] GC(1731) Eden regions: 753->0(753)
[2023-12-20T08:36:09.701-0800][54720146ms] GC(1731) Survivor regions: 30->30(98)
[2023-12-20T08:36:09.701-0800][54720146ms] GC(1731) Old regions: 170->170
[2023-12-20T08:36:09.701-0800][54720146ms] GC(1731) Humongous regions: 5->5
[2023-12-20T08:36:09.701-0800][54720146ms] GC(1731) Metaspace: 256404K->256404K(1294336K)
[2023-12-20T08:36:09.701-0800][54720146ms] GC(1731) Pause Young (Normal) (G1 Evacuation Pause) 1915M->409M(2612M) 28.726ms
[2023-12-20T08:36:09.701-0800][54720146ms] GC(1731) User=0.09s Sys=0.00s Real=0.03s
[2023-12-20T08:36:10.368-0800][54720813ms] GC(1732) Pause Young (Normal) (G1 Evacuation Pause)
[2023-12-20T08:36:10.369-0800][54720814ms] GC(1732) Using 10 workers of 10 for evacuation
[2023-12-20T08:36:10.398-0800][54720843ms] GC(1732)   Pre Evacuate Collection Set: 0.1ms
[2023-12-20T08:36:10.398-0800][54720843ms] GC(1732)   Evacuate Collection Set: 26.4ms
[2023-12-20T08:36:10.398-0800][54720843ms] GC(1732)   Post Evacuate Collection Set: 2.5ms
[2023-12-20T08:36:10.398-0800][54720843ms] GC(1732)   Other: 0.4ms
[2023-12-20T08:36:10.398-0800][54720843ms] GC(1732) Eden regions: 753->0(753)
[2023-12-20T08:36:10.398-0800][54720843ms] GC(1732) Survivor regions: 30->30(98)
[2023-12-20T08:36:10.398-0800][54720843ms] GC(1732) Old regions: 170->170
[2023-12-20T08:36:10.398-0800][54720843ms] GC(1732) Humongous regions: 5->5
[2023-12-20T08:36:10.398-0800][54720843ms] GC(1732) Metaspace: 256404K->256404K(1294336K)
[2023-12-20T08:36:10.398-0800][54720843ms] GC(1732) Pause Young (Normal) (G1 Evacuation Pause) 1915M->409M(2612M) 29.544ms
[2023-12-20T08:36:10.398-0800][54720843ms] GC(1732) User=0.06s Sys=0.00s Real=0.03s
[2023-12-20T08:36:11.078-0800][54721523ms] GC(1733) Pause Young (Normal) (G1 Evacuation Pause)
[2023-12-20T08:36:11.078-0800][54721523ms] GC(1733) Using 10 workers of 10 for evacuation
[2023-12-20T08:36:11.107-0800][54721553ms] GC(1733)   Pre Evacuate Collection Set: 0.0ms
[2023-12-20T08:36:11.108-0800][54721553ms] GC(1733)   Evacuate Collection Set: 27.1ms
[2023-12-20T08:36:11.108-0800][54721553ms] GC(1733)   Post Evacuate Collection Set: 2.3ms
[2023-12-20T08:36:11.108-0800][54721553ms] GC(1733)   Other: 0.3ms
[2023-12-20T08:36:11.108-0800][54721553ms] GC(1733) Eden regions: 753->0(753)
[2023-12-20T08:36:11.108-0800][54721553ms] GC(1733) Survivor regions: 30->30(98)
[2023-12-20T08:36:11.108-0800][54721553ms] GC(1733) Old regions: 170->171
[2023-12-20T08:36:11.108-0800][54721553ms] GC(1733) Humongous regions: 5->5
[2023-12-20T08:36:11.108-0800][54721553ms] GC(1733) Metaspace: 256407K->256407K(1294336K)
[2023-12-20T08:36:11.108-0800][54721553ms] GC(1733) Pause Young (Normal) (G1 Evacuation Pause) 1915M->410M(2612M) 29.873ms
[2023-12-20T08:36:11.108-0800][54721553ms] GC(1733) User=0.09s Sys=0.00s Real=0.03s
[2023-12-20T08:36:11.904-0800][54722349ms] GC(1734) Pause Young (Normal) (G1 Evacuation Pause)
[2023-12-20T08:36:11.905-0800][54722350ms] GC(1734) Using 10 workers of 10 for evacuation
[2023-12-20T08:36:11.934-0800][54722379ms] GC(1734)   Pre Evacuate Collection Set: 0.0ms
[2023-12-20T08:36:11.934-0800][54722379ms] GC(1734)   Evacuate Collection Set: 26.5ms
[2023-12-20T08:36:11.934-0800][54722379ms] GC(1734)   Post Evacuate Collection Set: 2.7ms
[2023-12-20T08:36:11.934-0800][54722379ms] GC(1734)   Other: 0.4ms
[2023-12-20T08:36:11.934-0800][54722379ms] GC(1734) Eden regions: 753->0(753)
[2023-12-20T08:36:11.934-0800][54722379ms] GC(1734) Survivor regions: 30->30(98)
[2023-12-20T08:36:11.934-0800][54722379ms] GC(1734) Old regions: 171->171
[2023-12-20T08:36:11.934-0800][54722379ms] GC(1734) Humongous regions: 5->5
[2023-12-20T08:36:11.934-0800][54722379ms] GC(1734) Metaspace: 256407K->256407K(1294336K)
[2023-12-20T08:36:11.934-0800][54722379ms] GC(1734) Pause Young (Normal) (G1 Evacuation Pause) 1916M->410M(2612M) 29.817ms
[2023-12-20T08:36:11.934-0800][54722379ms] GC(1734) User=0.14s Sys=0.00s Real=0.03s
[2023-12-20T08:36:12.676-0800][54723121ms] GC(1735) Pause Young (Normal) (G1 Evacuation Pause)
[2023-12-20T08:36:12.676-0800][54723121ms] GC(1735) Using 10 workers of 10 for evacuation
[2023-12-20T08:36:12.708-0800][54723153ms] GC(1735)   Pre Evacuate Collection Set: 0.0ms
[2023-12-20T08:36:12.708-0800][54723153ms] GC(1735)   Evacuate Collection Set: 29.1ms
[2023-12-20T08:36:12.708-0800][54723153ms] GC(1735)   Post Evacuate Collection Set: 2.5ms
[2023-12-20T08:36:12.708-0800][54723153ms] GC(1735)   Other: 0.3ms
[2023-12-20T08:36:12.708-0800][54723153ms] GC(1735) Eden regions: 753->0(753)
[2023-12-20T08:36:12.708-0800][54723153ms] GC(1735) Survivor regions: 30->30(98)
[2023-12-20T08:36:12.708-0800][54723153ms] GC(1735) Old regions: 171->171
[2023-12-20T08:36:12.708-0800][54723153ms] GC(1735) Humongous regions: 5->5
[2023-12-20T08:36:12.708-0800][54723153ms] GC(1735) Metaspace: 256407K->256407K(1294336K)
[2023-12-20T08:36:12.708-0800][54723153ms] GC(1735) Pause Young (Normal) (G1 Evacuation Pause) 1916M->410M(2612M) 32.063ms
[2023-12-20T08:36:12.708-0800][54723153ms] GC(1735) User=0.09s Sys=0.00s Real=0.03s
[2023-12-20T08:36:13.444-0800][54723889ms] GC(1736) Pause Young (Normal) (G1 Evacuation Pause)
[2023-12-20T08:36:13.444-0800][54723889ms] GC(1736) Using 10 workers of 10 for evacuation
[2023-12-20T08:36:13.475-0800][54723920ms] GC(1736)   Pre Evacuate Collection Set: 0.0ms
[2023-12-20T08:36:13.475-0800][54723920ms] GC(1736)   Evacuate Collection Set: 27.1ms
[2023-12-20T08:36:13.475-0800][54723920ms] GC(1736)   Post Evacuate Collection Set: 2.5ms
[2023-12-20T08:36:13.475-0800][54723920ms] GC(1736)   Other: 0.4ms
[2023-12-20T08:36:13.475-0800][54723920ms] GC(1736) Eden regions: 753->0(753)
[2023-12-20T08:36:13.475-0800][54723920ms] GC(1736) Survivor regions: 30->30(98)
[2023-12-20T08:36:13.475-0800][54723920ms] GC(1736) Old regions: 171->171
[2023-12-20T08:36:13.475-0800][54723920ms] GC(1736) Humongous regions: 5->5
[2023-12-20T08:36:13.475-0800][54723920ms] GC(1736) Metaspace: 256407K->256407K(1294336K)
[2023-12-20T08:36:13.475-0800][54723920ms] GC(1736) Pause Young (Normal) (G1 Evacuation Pause) 1916M->409M(2612M) 30.082ms
[2023-12-20T08:36:13.475-0800][54723920ms] GC(1736) User=0.08s Sys=0.00s Real=0.03s
[2023-12-20T08:36:14.222-0800][54724667ms] GC(1737) Pause Young (Normal) (G1 Evacuation Pause)
[2023-12-20T08:36:14.222-0800][54724667ms] GC(1737) Using 10 workers of 10 for evacuation
[2023-12-20T08:36:14.250-0800][54724695ms] GC(1737)   Pre Evacuate Collection Set: 0.0ms
[2023-12-20T08:36:14.250-0800][54724695ms] GC(1737)   Evacuate Collection Set: 26.9ms
[2023-12-20T08:36:14.250-0800][54724695ms] GC(1737)   Post Evacuate Collection Set: 2.3ms
[2023-12-20T08:36:14.250-0800][54724695ms] GC(1737)   Other: 0.4ms
[2023-12-20T08:36:14.250-0800][54724695ms] GC(1737) Eden regions: 753->0(753)
[2023-12-20T08:36:14.250-0800][54724695ms] GC(1737) Survivor regions: 30->30(98)
[2023-12-20T08:36:14.250-0800][54724695ms] GC(1737) Old regions: 171->171
[2023-12-20T08:36:14.250-0800][54724695ms] GC(1737) Humongous regions: 5->5
[2023-12-20T08:36:14.250-0800][54724695ms] GC(1737) Metaspace: 256407K->256407K(1294336K)
[2023-12-20T08:36:14.250-0800][54724695ms] GC(1737) Pause Young (Normal) (G1 Evacuation Pause) 1915M->410M(2612M) 29.795ms
[2023-12-20T08:36:14.252-0800][54724697ms] GC(1737) User=0.11s Sys=0.00s Real=0.03s
[2023-12-20T08:36:15.016-0800][54725461ms] GC(1738) Pause Young (Normal) (G1 Evacuation Pause)
[2023-12-20T08:36:15.016-0800][54725461ms] GC(1738) Using 10 workers of 10 for evacuation
[2023-12-20T08:36:15.053-0800][54725498ms] GC(1738)   Pre Evacuate Collection Set: 0.1ms
[2023-12-20T08:36:15.053-0800][54725498ms] GC(1738)   Evacuate Collection Set: 33.1ms
[2023-12-20T08:36:15.053-0800][54725498ms] GC(1738)   Post Evacuate Collection Set: 3.2ms
[2023-12-20T08:36:15.053-0800][54725498ms] GC(1738)   Other: 0.4ms
[2023-12-20T08:36:15.053-0800][54725498ms] GC(1738) Eden regions: 753->0(753)
[2023-12-20T08:36:15.053-0800][54725498ms] GC(1738) Survivor regions: 30->30(98)
[2023-12-20T08:36:15.053-0800][54725498ms] GC(1738) Old regions: 171->171
[2023-12-20T08:36:15.053-0800][54725498ms] GC(1738) Humongous regions: 5->5
[2023-12-20T08:36:15.053-0800][54725498ms] GC(1738) Metaspace: 256410K->256410K(1294336K)
[2023-12-20T08:36:15.053-0800][54725498ms] GC(1738) Pause Young (Normal) (G1 Evacuation Pause) 1916M->410M(2612M) 36.837ms
[2023-12-20T08:36:15.053-0800][54725498ms] GC(1738) User=0.14s Sys=0.02s Real=0.04s
[2023-12-20T08:36:16.035-0800][54726480ms] GC(1739) Pause Young (Normal) (G1 Evacuation Pause)
[2023-12-20T08:36:16.035-0800][54726480ms] GC(1739) Using 10 workers of 10 for evacuation
[2023-12-20T08:36:16.073-0800][54726518ms] GC(1739)   Pre Evacuate Collection Set: 0.1ms
[2023-12-20T08:36:16.073-0800][54726518ms] GC(1739)   Evacuate Collection Set: 34.2ms
[2023-12-20T08:36:16.073-0800][54726518ms] GC(1739)   Post Evacuate Collection Set: 3.2ms
[2023-12-20T08:36:16.073-0800][54726518ms] GC(1739)   Other: 0.5ms
[2023-12-20T08:36:16.073-0800][54726518ms] GC(1739) Eden regions: 753->0(753)
[2023-12-20T08:36:16.073-0800][54726518ms] GC(1739) Survivor regions: 30->30(98)
[2023-12-20T08:36:16.073-0800][54726518ms] GC(1739) Old regions: 171->171
[2023-12-20T08:36:16.073-0800][54726518ms] GC(1739) Humongous regions: 5->5
[2023-12-20T08:36:16.073-0800][54726518ms] GC(1739) Metaspace: 256410K->256410K(1294336K)
[2023-12-20T08:36:16.074-0800][54726519ms] GC(1739) Pause Young (Normal) (G1 Evacuation Pause) 1916M->409M(2612M) 38.140ms
[2023-12-20T08:36:16.074-0800][54726519ms] GC(1739) User=0.22s Sys=0.00s Real=0.04s
[2023-12-20T08:36:16.839-0800][54727284ms] GC(1740) Pause Young (Normal) (G1 Evacuation Pause)
[2023-12-20T08:36:16.839-0800][54727284ms] GC(1740) Using 10 workers of 10 for evacuation
[2023-12-20T08:36:16.869-0800][54727314ms] GC(1740)   Pre Evacuate Collection Set: 0.0ms
[2023-12-20T08:36:16.869-0800][54727314ms] GC(1740)   Evacuate Collection Set: 26.3ms
[2023-12-20T08:36:16.869-0800][54727314ms] GC(1740)   Post Evacuate Collection Set: 2.4ms
[2023-12-20T08:36:16.869-0800][54727314ms] GC(1740)   Other: 0.4ms
[2023-12-20T08:36:16.869-0800][54727314ms] GC(1740) Eden regions: 753->0(753)
[2023-12-20T08:36:16.869-0800][54727314ms] GC(1740) Survivor regions: 30->30(98)
[2023-12-20T08:36:16.869-0800][54727314ms] GC(1740) Old regions: 171->171
[2023-12-20T08:36:16.869-0800][54727314ms] GC(1740) Humongous regions: 5->5
[2023-12-20T08:36:16.869-0800][54727314ms] GC(1740) Metaspace: 256410K->256410K(1294336K)
[2023-12-20T08:36:16.869-0800][54727314ms] GC(1740) Pause Young (Normal) (G1 Evacuation Pause) 1915M->410M(2612M) 29.198ms
[2023-12-20T08:36:16.869-0800][54727314ms] GC(1740) User=0.02s Sys=0.00s Real=0.03s
[2023-12-20T08:36:17.627-0800][54728072ms] GC(1741) Pause Young (Normal) (G1 Evacuation Pause)
[2023-12-20T08:36:17.627-0800][54728072ms] GC(1741) Using 10 workers of 10 for evacuation
[2023-12-20T08:36:17.657-0800][54728102ms] GC(1741)   Pre Evacuate Collection Set: 0.0ms
[2023-12-20T08:36:17.657-0800][54728102ms] GC(1741)   Evacuate Collection Set: 27.6ms
[2023-12-20T08:36:17.657-0800][54728102ms] GC(1741)   Post Evacuate Collection Set: 2.7ms
[2023-12-20T08:36:17.657-0800][54728102ms] GC(1741)   Other: 0.4ms
[2023-12-20T08:36:17.657-0800][54728102ms] GC(1741) Eden regions: 753->0(753)
[2023-12-20T08:36:17.657-0800][54728102ms] GC(1741) Survivor regions: 30->30(98)
[2023-12-20T08:36:17.657-0800][54728102ms] GC(1741) Old regions: 171->171
[2023-12-20T08:36:17.657-0800][54728102ms] GC(1741) Humongous regions: 5->5
[2023-12-20T08:36:17.657-0800][54728102ms] GC(1741) Metaspace: 256410K->256410K(1294336K)
[2023-12-20T08:36:17.657-0800][54728102ms] GC(1741) Pause Young (Normal) (G1 Evacuation Pause) 1916M->410M(2612M) 30.814ms
[2023-12-20T08:36:17.657-0800][54728102ms] GC(1741) User=0.14s Sys=0.00s Real=0.03s
[2023-12-20T08:36:18.418-0800][54728863ms] GC(1742) Pause Young (Normal) (G1 Evacuation Pause)
[2023-12-20T08:36:18.418-0800][54728863ms] GC(1742) Using 10 workers of 10 for evacuation
[2023-12-20T08:36:18.449-0800][54728894ms] GC(1742)   Pre Evacuate Collection Set: 0.0ms
[2023-12-20T08:36:18.449-0800][54728894ms] GC(1742)   Evacuate Collection Set: 27.8ms
[2023-12-20T08:36:18.449-0800][54728894ms] GC(1742)   Post Evacuate Collection Set: 2.4ms
[2023-12-20T08:36:18.449-0800][54728894ms] GC(1742)   Other: 0.3ms
[2023-12-20T08:36:18.449-0800][54728894ms] GC(1742) Eden regions: 753->0(753)
[2023-12-20T08:36:18.449-0800][54728894ms] GC(1742) Survivor regions: 30->30(98)
[2023-12-20T08:36:18.449-0800][54728894ms] GC(1742) Old regions: 171->171
[2023-12-20T08:36:18.449-0800][54728894ms] GC(1742) Humongous regions: 5->5
[2023-12-20T08:36:18.449-0800][54728894ms] GC(1742) Metaspace: 256410K->256410K(1294336K)
[2023-12-20T08:36:18.449-0800][54728894ms] GC(1742) Pause Young (Normal) (G1 Evacuation Pause) 1916M->409M(2612M) 30.785ms
[2023-12-20T08:36:18.449-0800][54728894ms] GC(1742) User=0.08s Sys=0.00s Real=0.03s
[2023-12-20T08:36:19.245-0800][54729690ms] GC(1743) Pause Young (Normal) (G1 Evacuation Pause)
[2023-12-20T08:36:19.245-0800][54729690ms] GC(1743) Using 10 workers of 10 for evacuation
[2023-12-20T08:36:19.277-0800][54729722ms] GC(1743)   Pre Evacuate Collection Set: 0.0ms
[2023-12-20T08:36:19.277-0800][54729722ms] GC(1743)   Evacuate Collection Set: 29.2ms
[2023-12-20T08:36:19.277-0800][54729722ms] GC(1743)   Post Evacuate Collection Set: 2.5ms
[2023-12-20T08:36:19.277-0800][54729722ms] GC(1743)   Other: 0.4ms
[2023-12-20T08:36:19.277-0800][54729722ms] GC(1743) Eden regions: 753->0(753)
[2023-12-20T08:36:19.277-0800][54729722ms] GC(1743) Survivor regions: 30->30(98)
[2023-12-20T08:36:19.277-0800][54729722ms] GC(1743) Old regions: 171->171
[2023-12-20T08:36:19.277-0800][54729722ms] GC(1743) Humongous regions: 5->5
[2023-12-20T08:36:19.277-0800][54729722ms] GC(1743) Metaspace: 256410K->256410K(1294336K)
[2023-12-20T08:36:19.277-0800][54729722ms] GC(1743) Pause Young (Normal) (G1 Evacuation Pause) 1915M->409M(2612M) 32.186ms
[2023-12-20T08:36:19.277-0800][54729722ms] GC(1743) User=0.11s Sys=0.00s Real=0.03s
[2023-12-20T08:36:20.041-0800][54730486ms] GC(1744) Pause Young (Normal) (G1 Evacuation Pause)
[2023-12-20T08:36:20.041-0800][54730486ms] GC(1744) Using 10 workers of 10 for evacuation
[2023-12-20T08:36:20.072-0800][54730517ms] GC(1744)   Pre Evacuate Collection Set: 0.0ms
[2023-12-20T08:36:20.072-0800][54730517ms] GC(1744)   Evacuate Collection Set: 27.3ms
[2023-12-20T08:36:20.072-0800][54730517ms] GC(1744)   Post Evacuate Collection Set: 2.6ms
[2023-12-20T08:36:20.072-0800][54730517ms] GC(1744)   Other: 0.4ms
[2023-12-20T08:36:20.072-0800][54730517ms] GC(1744) Eden regions: 753->0(753)
[2023-12-20T08:36:20.072-0800][54730517ms] GC(1744) Survivor regions: 30->30(98)
[2023-12-20T08:36:20.072-0800][54730517ms] GC(1744) Old regions: 171->171
[2023-12-20T08:36:20.072-0800][54730517ms] GC(1744) Humongous regions: 5->5
[2023-12-20T08:36:20.072-0800][54730517ms] GC(1744) Metaspace: 256410K->256410K(1294336K)
[2023-12-20T08:36:20.072-0800][54730517ms] GC(1744) Pause Young (Normal) (G1 Evacuation Pause) 1915M->410M(2612M) 30.422ms
[2023-12-20T08:36:20.072-0800][54730517ms] GC(1744) User=0.08s Sys=0.00s Real=0.03s
[2023-12-20T08:36:20.931-0800][54731376ms] GC(1745) Pause Young (Normal) (G1 Evacuation Pause)
[2023-12-20T08:36:20.931-0800][54731376ms] GC(1745) Using 10 workers of 10 for evacuation
[2023-12-20T08:36:20.964-0800][54731409ms] GC(1745)   Pre Evacuate Collection Set: 0.0ms
[2023-12-20T08:36:20.964-0800][54731409ms] GC(1745)   Evacuate Collection Set: 30.9ms
[2023-12-20T08:36:20.964-0800][54731409ms] GC(1745)   Post Evacuate Collection Set: 2.7ms
[2023-12-20T08:36:20.964-0800][54731409ms] GC(1745)   Other: 0.4ms
[2023-12-20T08:36:20.964-0800][54731409ms] GC(1745) Eden regions: 753->0(753)
[2023-12-20T08:36:20.964-0800][54731409ms] GC(1745) Survivor regions: 30->30(98)
[2023-12-20T08:36:20.964-0800][54731409ms] GC(1745) Old regions: 171->171
[2023-12-20T08:36:20.964-0800][54731409ms] GC(1745) Humongous regions: 5->5
[2023-12-20T08:36:20.964-0800][54731409ms] GC(1745) Metaspace: 256418K->256418K(1294336K)
[2023-12-20T08:36:20.964-0800][54731409ms] GC(1745) Pause Young (Normal) (G1 Evacuation Pause) 1916M->409M(2612M) 34.103ms
[2023-12-20T08:36:20.964-0800][54731409ms] GC(1745) User=0.16s Sys=0.00s Real=0.03s
[2023-12-20T08:36:21.750-0800][54732195ms] GC(1746) Pause Young (Normal) (G1 Evacuation Pause)
[2023-12-20T08:36:21.750-0800][54732195ms] GC(1746) Using 10 workers of 10 for evacuation
[2023-12-20T08:36:21.781-0800][54732226ms] GC(1746)   Pre Evacuate Collection Set: 0.0ms
[2023-12-20T08:36:21.781-0800][54732226ms] GC(1746)   Evacuate Collection Set: 28.1ms
[2023-12-20T08:36:21.781-0800][54732226ms] GC(1746)   Post Evacuate Collection Set: 2.5ms
[2023-12-20T08:36:21.781-0800][54732226ms] GC(1746)   Other: 0.3ms
[2023-12-20T08:36:21.781-0800][54732226ms] GC(1746) Eden regions: 753->0(753)
[2023-12-20T08:36:21.781-0800][54732226ms] GC(1746) Survivor regions: 30->30(98)
[2023-12-20T08:36:21.781-0800][54732226ms] GC(1746) Old regions: 171->171
[2023-12-20T08:36:21.781-0800][54732226ms] GC(1746) Humongous regions: 5->5
[2023-12-20T08:36:21.781-0800][54732226ms] GC(1746) Metaspace: 256418K->256418K(1294336K)
[2023-12-20T08:36:21.781-0800][54732226ms] GC(1746) Pause Young (Normal) (G1 Evacuation Pause) 1915M->410M(2612M) 31.074ms
[2023-12-20T08:36:21.782-0800][54732227ms] GC(1746) User=0.13s Sys=0.00s Real=0.03s
[2023-12-20T08:36:22.503-0800][54732948ms] GC(1747) Pause Young (Normal) (G1 Evacuation Pause)
[2023-12-20T08:36:22.503-0800][54732948ms] GC(1747) Using 10 workers of 10 for evacuation
[2023-12-20T08:36:22.533-0800][54732978ms] GC(1747)   Pre Evacuate Collection Set: 0.0ms
[2023-12-20T08:36:22.533-0800][54732978ms] GC(1747)   Evacuate Collection Set: 28.0ms
[2023-12-20T08:36:22.533-0800][54732978ms] GC(1747)   Post Evacuate Collection Set: 2.4ms
[2023-12-20T08:36:22.533-0800][54732978ms] GC(1747)   Other: 0.4ms
[2023-12-20T08:36:22.533-0800][54732978ms] GC(1747) Eden regions: 753->0(753)
[2023-12-20T08:36:22.533-0800][54732978ms] GC(1747) Survivor regions: 30->30(98)
[2023-12-20T08:36:22.533-0800][54732978ms] GC(1747) Old regions: 171->171
[2023-12-20T08:36:22.533-0800][54732978ms] GC(1747) Humongous regions: 5->5
[2023-12-20T08:36:22.533-0800][54732978ms] GC(1747) Metaspace: 256418K->256418K(1294336K)
[2023-12-20T08:36:22.533-0800][54732978ms] GC(1747) Pause Young (Normal) (G1 Evacuation Pause) 1916M->410M(2612M) 30.953ms
[2023-12-20T08:36:22.533-0800][54732978ms] GC(1747) User=0.14s Sys=0.00s Real=0.03s
[2023-12-20T08:36:23.308-0800][54733753ms] GC(1748) Pause Young (Normal) (GCLocker Initiated GC)
[2023-12-20T08:36:23.308-0800][54733753ms] GC(1748) Using 10 workers of 10 for evacuation
[2023-12-20T08:36:23.338-0800][54733783ms] GC(1748)   Pre Evacuate Collection Set: 0.0ms
[2023-12-20T08:36:23.338-0800][54733783ms] GC(1748)   Evacuate Collection Set: 26.7ms
[2023-12-20T08:36:23.338-0800][54733783ms] GC(1748)   Post Evacuate Collection Set: 2.6ms
[2023-12-20T08:36:23.338-0800][54733783ms] GC(1748)   Other: 0.4ms
[2023-12-20T08:36:23.338-0800][54733783ms] GC(1748) Eden regions: 754->0(753)
[2023-12-20T08:36:23.338-0800][54733783ms] GC(1748) Survivor regions: 30->30(98)
[2023-12-20T08:36:23.338-0800][54733783ms] GC(1748) Old regions: 171->171
[2023-12-20T08:36:23.338-0800][54733783ms] GC(1748) Humongous regions: 5->5
[2023-12-20T08:36:23.338-0800][54733783ms] GC(1748) Metaspace: 256418K->256418K(1294336K)
[2023-12-20T08:36:23.338-0800][54733783ms] GC(1748) Pause Young (Normal) (GCLocker Initiated GC) 1917M->409M(2612M) 29.838ms
[2023-12-20T08:36:23.338-0800][54733783ms] GC(1748) User=0.14s Sys=0.00s Real=0.03s
[2023-12-20T08:36:24.149-0800][54734594ms] GC(1749) Pause Young (Normal) (GCLocker Initiated GC)
[2023-12-20T08:36:24.149-0800][54734594ms] GC(1749) Using 10 workers of 10 for evacuation
[2023-12-20T08:36:24.180-0800][54734625ms] GC(1749)   Pre Evacuate Collection Set: 0.0ms
[2023-12-20T08:36:24.180-0800][54734625ms] GC(1749)   Evacuate Collection Set: 27.2ms
[2023-12-20T08:36:24.180-0800][54734625ms] GC(1749)   Post Evacuate Collection Set: 2.4ms
[2023-12-20T08:36:24.180-0800][54734625ms] GC(1749)   Other: 0.4ms
[2023-12-20T08:36:24.180-0800][54734625ms] GC(1749) Eden regions: 754->0(753)
[2023-12-20T08:36:24.180-0800][54734625ms] GC(1749) Survivor regions: 30->30(98)
[2023-12-20T08:36:24.180-0800][54734625ms] GC(1749) Old regions: 171->171
[2023-12-20T08:36:24.180-0800][54734625ms] GC(1749) Humongous regions: 5->5
[2023-12-20T08:36:24.180-0800][54734625ms] GC(1749) Metaspace: 256418K->256418K(1294336K)
[2023-12-20T08:36:24.180-0800][54734625ms] GC(1749) Pause Young (Normal) (GCLocker Initiated GC) 1916M->410M(2612M) 30.162ms
[2023-12-20T08:36:24.180-0800][54734625ms] GC(1749) User=0.08s Sys=0.00s Real=0.03s
[2023-12-20T08:36:24.980-0800][54735425ms] GC(1750) Pause Young (Normal) (GCLocker Initiated GC)
[2023-12-20T08:36:24.980-0800][54735425ms] GC(1750) Using 10 workers of 10 for evacuation
[2023-12-20T08:36:25.009-0800][54735454ms] GC(1750)   Pre Evacuate Collection Set: 0.0ms
[2023-12-20T08:36:25.009-0800][54735454ms] GC(1750)   Evacuate Collection Set: 26.3ms
[2023-12-20T08:36:25.009-0800][54735454ms] GC(1750)   Post Evacuate Collection Set: 2.5ms
[2023-12-20T08:36:25.009-0800][54735454ms] GC(1750)   Other: 0.3ms
[2023-12-20T08:36:25.009-0800][54735454ms] GC(1750) Eden regions: 754->0(753)
[2023-12-20T08:36:25.009-0800][54735454ms] GC(1750) Survivor regions: 30->30(98)
[2023-12-20T08:36:25.009-0800][54735454ms] GC(1750) Old regions: 171->171
[2023-12-20T08:36:25.009-0800][54735454ms] GC(1750) Humongous regions: 5->5
[2023-12-20T08:36:25.009-0800][54735454ms] GC(1750) Metaspace: 256418K->256418K(1294336K)
[2023-12-20T08:36:25.009-0800][54735454ms] GC(1750) Pause Young (Normal) (GCLocker Initiated GC) 1917M->410M(2612M) 29.267ms
[2023-12-20T08:36:25.009-0800][54735454ms] GC(1750) User=0.08s Sys=0.00s Real=0.03s
[2023-12-20T08:36:25.822-0800][54736267ms] GC(1751) Pause Young (Normal) (G1 Evacuation Pause)
[2023-12-20T08:36:25.822-0800][54736267ms] GC(1751) Using 10 workers of 10 for evacuation
[2023-12-20T08:36:25.853-0800][54736298ms] GC(1751)   Pre Evacuate Collection Set: 0.0ms
[2023-12-20T08:36:25.853-0800][54736298ms] GC(1751)   Evacuate Collection Set: 28.3ms
[2023-12-20T08:36:25.853-0800][54736298ms] GC(1751)   Post Evacuate Collection Set: 2.6ms
[2023-12-20T08:36:25.853-0800][54736298ms] GC(1751)   Other: 0.4ms
[2023-12-20T08:36:25.853-0800][54736298ms] GC(1751) Eden regions: 753->0(753)
[2023-12-20T08:36:25.853-0800][54736298ms] GC(1751) Survivor regions: 30->30(98)
[2023-12-20T08:36:25.853-0800][54736298ms] GC(1751) Old regions: 171->171
[2023-12-20T08:36:25.853-0800][54736298ms] GC(1751) Humongous regions: 5->5
[2023-12-20T08:36:25.853-0800][54736298ms] GC(1751) Metaspace: 256418K->256418K(1294336K)
[2023-12-20T08:36:25.853-0800][54736298ms] GC(1751) Pause Young (Normal) (G1 Evacuation Pause) 1916M->409M(2612M) 31.405ms
[2023-12-20T08:36:25.853-0800][54736298ms] GC(1751) User=0.06s Sys=0.00s Real=0.03s
[2023-12-20T08:36:26.624-0800][54737069ms] GC(1752) Pause Young (Normal) (G1 Evacuation Pause)
[2023-12-20T08:36:26.624-0800][54737069ms] GC(1752) Using 10 workers of 10 for evacuation
[2023-12-20T08:36:26.654-0800][54737099ms] GC(1752)   Pre Evacuate Collection Set: 0.0ms
[2023-12-20T08:36:26.654-0800][54737099ms] GC(1752)   Evacuate Collection Set: 27.8ms
[2023-12-20T08:36:26.654-0800][54737099ms] GC(1752)   Post Evacuate Collection Set: 2.5ms
[2023-12-20T08:36:26.654-0800][54737099ms] GC(1752)   Other: 0.3ms
[2023-12-20T08:36:26.654-0800][54737099ms] GC(1752) Eden regions: 753->0(753)
[2023-12-20T08:36:26.654-0800][54737099ms] GC(1752) Survivor regions: 30->30(98)
[2023-12-20T08:36:26.654-0800][54737099ms] GC(1752) Old regions: 171->171
[2023-12-20T08:36:26.654-0800][54737099ms] GC(1752) Humongous regions: 5->5
[2023-12-20T08:36:26.654-0800][54737099ms] GC(1752) Metaspace: 256418K->256418K(1294336K)
[2023-12-20T08:36:26.654-0800][54737099ms] GC(1752) Pause Young (Normal) (G1 Evacuation Pause) 1915M->409M(2612M) 30.745ms
[2023-12-20T08:36:26.654-0800][54737099ms] GC(1752) User=0.09s Sys=0.00s Real=0.03s
[2023-12-20T08:36:27.407-0800][54737852ms] GC(1753) Pause Young (Normal) (G1 Evacuation Pause)
[2023-12-20T08:36:27.407-0800][54737852ms] GC(1753) Using 10 workers of 10 for evacuation
[2023-12-20T08:36:27.438-0800][54737883ms] GC(1753)   Pre Evacuate Collection Set: 0.0ms
[2023-12-20T08:36:27.438-0800][54737883ms] GC(1753)   Evacuate Collection Set: 28.8ms
[2023-12-20T08:36:27.438-0800][54737883ms] GC(1753)   Post Evacuate Collection Set: 2.5ms
[2023-12-20T08:36:27.438-0800][54737883ms] GC(1753)   Other: 0.5ms
[2023-12-20T08:36:27.438-0800][54737883ms] GC(1753) Eden regions: 753->0(753)
[2023-12-20T08:36:27.438-0800][54737883ms] GC(1753) Survivor regions: 30->30(98)
[2023-12-20T08:36:27.438-0800][54737883ms] GC(1753) Old regions: 171->171
[2023-12-20T08:36:27.438-0800][54737883ms] GC(1753) Humongous regions: 5->5
[2023-12-20T08:36:27.438-0800][54737883ms] GC(1753) Metaspace: 256418K->256418K(1294336K)
[2023-12-20T08:36:27.438-0800][54737883ms] GC(1753) Pause Young (Normal) (G1 Evacuation Pause) 1915M->409M(2612M) 31.952ms
[2023-12-20T08:36:27.438-0800][54737883ms] GC(1753) User=0.17s Sys=0.00s Real=0.03s
[2023-12-20T08:36:28.210-0800][54738655ms] GC(1754) Pause Young (Normal) (G1 Evacuation Pause)
[2023-12-20T08:36:28.210-0800][54738655ms] GC(1754) Using 10 workers of 10 for evacuation
[2023-12-20T08:36:28.241-0800][54738686ms] GC(1754)   Pre Evacuate Collection Set: 0.0ms
[2023-12-20T08:36:28.241-0800][54738686ms] GC(1754)   Evacuate Collection Set: 28.1ms
[2023-12-20T08:36:28.241-0800][54738686ms] GC(1754)   Post Evacuate Collection Set: 2.9ms
[2023-12-20T08:36:28.241-0800][54738686ms] GC(1754)   Other: 0.3ms
[2023-12-20T08:36:28.241-0800][54738686ms] GC(1754) Eden regions: 753->0(753)
[2023-12-20T08:36:28.241-0800][54738686ms] GC(1754) Survivor regions: 30->30(98)
[2023-12-20T08:36:28.241-0800][54738686ms] GC(1754) Old regions: 171->171
[2023-12-20T08:36:28.241-0800][54738686ms] GC(1754) Humongous regions: 5->5
[2023-12-20T08:36:28.241-0800][54738686ms] GC(1754) Metaspace: 256418K->256418K(1294336K)
[2023-12-20T08:36:28.241-0800][54738686ms] GC(1754) Pause Young (Normal) (G1 Evacuation Pause) 1915M->410M(2612M) 31.447ms
[2023-12-20T08:36:28.241-0800][54738686ms] GC(1754) User=0.19s Sys=0.00s Real=0.03s
[2023-12-20T08:36:29.057-0800][54739502ms] GC(1755) Pause Young (Normal) (G1 Evacuation Pause)
[2023-12-20T08:36:29.057-0800][54739502ms] GC(1755) Using 10 workers of 10 for evacuation
[2023-12-20T08:36:29.086-0800][54739531ms] GC(1755)   Pre Evacuate Collection Set: 0.0ms
[2023-12-20T08:36:29.086-0800][54739531ms] GC(1755)   Evacuate Collection Set: 26.8ms
[2023-12-20T08:36:29.086-0800][54739531ms] GC(1755)   Post Evacuate Collection Set: 2.4ms
[2023-12-20T08:36:29.086-0800][54739531ms] GC(1755)   Other: 0.4ms
[2023-12-20T08:36:29.086-0800][54739531ms] GC(1755) Eden regions: 753->0(753)
[2023-12-20T08:36:29.086-0800][54739531ms] GC(1755) Survivor regions: 30->30(98)
[2023-12-20T08:36:29.086-0800][54739531ms] GC(1755) Old regions: 171->171
[2023-12-20T08:36:29.086-0800][54739531ms] GC(1755) Humongous regions: 5->5
[2023-12-20T08:36:29.086-0800][54739531ms] GC(1755) Metaspace: 256418K->256418K(1294336K)
[2023-12-20T08:36:29.086-0800][54739531ms] GC(1755) Pause Young (Normal) (G1 Evacuation Pause) 1916M->409M(2612M) 29.700ms
[2023-12-20T08:36:29.086-0800][54739531ms] GC(1755) User=0.11s Sys=0.00s Real=0.03s
[2023-12-20T08:36:29.817-0800][54740262ms] GC(1756) Pause Young (Normal) (G1 Evacuation Pause)
[2023-12-20T08:36:29.817-0800][54740262ms] GC(1756) Using 10 workers of 10 for evacuation
[2023-12-20T08:36:29.846-0800][54740291ms] GC(1756)   Pre Evacuate Collection Set: 0.0ms
[2023-12-20T08:36:29.846-0800][54740291ms] GC(1756)   Evacuate Collection Set: 26.9ms
[2023-12-20T08:36:29.846-0800][54740291ms] GC(1756)   Post Evacuate Collection Set: 2.5ms
[2023-12-20T08:36:29.846-0800][54740291ms] GC(1756)   Other: 0.4ms
[2023-12-20T08:36:29.846-0800][54740291ms] GC(1756) Eden regions: 753->0(753)
[2023-12-20T08:36:29.846-0800][54740291ms] GC(1756) Survivor regions: 30->30(98)
[2023-12-20T08:36:29.846-0800][54740291ms] GC(1756) Old regions: 171->171
[2023-12-20T08:36:29.846-0800][54740291ms] GC(1756) Humongous regions: 5->5
[2023-12-20T08:36:29.846-0800][54740291ms] GC(1756) Metaspace: 256418K->256418K(1294336K)
[2023-12-20T08:36:29.846-0800][54740291ms] GC(1756) Pause Young (Normal) (G1 Evacuation Pause) 1915M->410M(2612M) 29.949ms
[2023-12-20T08:36:29.846-0800][54740291ms] GC(1756) User=0.14s Sys=0.00s Real=0.03s
[2023-12-20T08:36:30.575-0800][54741020ms] GC(1757) Pause Young (Normal) (G1 Evacuation Pause)
[2023-12-20T08:36:30.575-0800][54741020ms] GC(1757) Using 10 workers of 10 for evacuation
[2023-12-20T08:36:30.605-0800][54741050ms] GC(1757)   Pre Evacuate Collection Set: 0.0ms
[2023-12-20T08:36:30.605-0800][54741050ms] GC(1757)   Evacuate Collection Set: 26.9ms
[2023-12-20T08:36:30.605-0800][54741050ms] GC(1757)   Post Evacuate Collection Set: 2.6ms
[2023-12-20T08:36:30.605-0800][54741050ms] GC(1757)   Other: 0.4ms
[2023-12-20T08:36:30.605-0800][54741050ms] GC(1757) Eden regions: 753->0(753)
[2023-12-20T08:36:30.605-0800][54741050ms] GC(1757) Survivor regions: 30->30(98)
[2023-12-20T08:36:30.605-0800][54741050ms] GC(1757) Old regions: 171->171
[2023-12-20T08:36:30.605-0800][54741050ms] GC(1757) Humongous regions: 5->5
[2023-12-20T08:36:30.605-0800][54741050ms] GC(1757) Metaspace: 256418K->256418K(1294336K)
[2023-12-20T08:36:30.605-0800][54741050ms] GC(1757) Pause Young (Normal) (G1 Evacuation Pause) 1916M->410M(2612M) 30.016ms
[2023-12-20T08:36:30.605-0800][54741050ms] GC(1757) User=0.13s Sys=0.00s Real=0.03s
[2023-12-20T08:36:31.440-0800][54741885ms] GC(1758) Pause Young (Normal) (G1 Evacuation Pause)
[2023-12-20T08:36:31.440-0800][54741885ms] GC(1758) Using 10 workers of 10 for evacuation
[2023-12-20T08:36:31.471-0800][54741916ms] GC(1758)   Pre Evacuate Collection Set: 0.0ms
[2023-12-20T08:36:31.471-0800][54741916ms] GC(1758)   Evacuate Collection Set: 28.5ms
[2023-12-20T08:36:31.471-0800][54741916ms] GC(1758)   Post Evacuate Collection Set: 2.4ms
[2023-12-20T08:36:31.471-0800][54741916ms] GC(1758)   Other: 0.4ms
[2023-12-20T08:36:31.471-0800][54741916ms] GC(1758) Eden regions: 753->0(753)
[2023-12-20T08:36:31.471-0800][54741916ms] GC(1758) Survivor regions: 30->30(98)
[2023-12-20T08:36:31.471-0800][54741916ms] GC(1758) Old regions: 171->171
[2023-12-20T08:36:31.471-0800][54741916ms] GC(1758) Humongous regions: 5->5
[2023-12-20T08:36:31.471-0800][54741916ms] GC(1758) Metaspace: 256418K->256418K(1294336K)
[2023-12-20T08:36:31.471-0800][54741916ms] GC(1758) Pause Young (Normal) (G1 Evacuation Pause) 1916M->409M(2612M) 31.405ms
[2023-12-20T08:36:31.471-0800][54741916ms] GC(1758) User=0.08s Sys=0.00s Real=0.03s
[2023-12-20T08:36:32.310-0800][54742755ms] GC(1759) Pause Young (Normal) (G1 Evacuation Pause)
[2023-12-20T08:36:32.310-0800][54742755ms] GC(1759) Using 10 workers of 10 for evacuation
[2023-12-20T08:36:32.340-0800][54742785ms] GC(1759)   Pre Evacuate Collection Set: 0.0ms
[2023-12-20T08:36:32.341-0800][54742786ms] GC(1759)   Evacuate Collection Set: 27.3ms
[2023-12-20T08:36:32.341-0800][54742786ms] GC(1759)   Post Evacuate Collection Set: 2.5ms
[2023-12-20T08:36:32.341-0800][54742786ms] GC(1759)   Other: 0.4ms
[2023-12-20T08:36:32.341-0800][54742786ms] GC(1759) Eden regions: 753->0(753)
[2023-12-20T08:36:32.341-0800][54742786ms] GC(1759) Survivor regions: 30->30(98)
[2023-12-20T08:36:32.341-0800][54742786ms] GC(1759) Old regions: 171->171
[2023-12-20T08:36:32.341-0800][54742786ms] GC(1759) Humongous regions: 5->5
[2023-12-20T08:36:32.341-0800][54742786ms] GC(1759) Metaspace: 256418K->256418K(1294336K)
[2023-12-20T08:36:32.341-0800][54742786ms] GC(1759) Pause Young (Normal) (G1 Evacuation Pause) 1915M->409M(2612M) 30.418ms
[2023-12-20T08:36:32.341-0800][54742786ms] GC(1759) User=0.06s Sys=0.00s Real=0.03s
[2023-12-20T08:36:33.134-0800][54743579ms] GC(1760) Pause Young (Normal) (G1 Evacuation Pause)
[2023-12-20T08:36:33.134-0800][54743579ms] GC(1760) Using 10 workers of 10 for evacuation
[2023-12-20T08:36:33.164-0800][54743609ms] GC(1760)   Pre Evacuate Collection Set: 0.0ms
[2023-12-20T08:36:33.164-0800][54743609ms] GC(1760)   Evacuate Collection Set: 26.5ms
[2023-12-20T08:36:33.164-0800][54743609ms] GC(1760)   Post Evacuate Collection Set: 2.5ms
[2023-12-20T08:36:33.164-0800][54743609ms] GC(1760)   Other: 0.4ms
[2023-12-20T08:36:33.164-0800][54743609ms] GC(1760) Eden regions: 753->0(753)
[2023-12-20T08:36:33.164-0800][54743609ms] GC(1760) Survivor regions: 30->30(98)
[2023-12-20T08:36:33.164-0800][54743609ms] GC(1760) Old regions: 171->171
[2023-12-20T08:36:33.164-0800][54743609ms] GC(1760) Humongous regions: 5->5
[2023-12-20T08:36:33.164-0800][54743609ms] GC(1760) Metaspace: 256418K->256418K(1294336K)
[2023-12-20T08:36:33.164-0800][54743609ms] GC(1760) Pause Young (Normal) (G1 Evacuation Pause) 1915M->410M(2612M) 29.524ms
[2023-12-20T08:36:33.164-0800][54743609ms] GC(1760) User=0.13s Sys=0.00s Real=0.03s
[2023-12-20T08:36:33.986-0800][54744431ms] GC(1761) Pause Young (Normal) (G1 Evacuation Pause)
[2023-12-20T08:36:33.986-0800][54744431ms] GC(1761) Using 10 workers of 10 for evacuation
[2023-12-20T08:36:34.016-0800][54744461ms] GC(1761)   Pre Evacuate Collection Set: 0.0ms
[2023-12-20T08:36:34.016-0800][54744461ms] GC(1761)   Evacuate Collection Set: 27.8ms
[2023-12-20T08:36:34.016-0800][54744461ms] GC(1761)   Post Evacuate Collection Set: 2.7ms
[2023-12-20T08:36:34.016-0800][54744461ms] GC(1761)   Other: 0.3ms
[2023-12-20T08:36:34.016-0800][54744461ms] GC(1761) Eden regions: 753->0(753)
[2023-12-20T08:36:34.016-0800][54744461ms] GC(1761) Survivor regions: 30->30(98)
[2023-12-20T08:36:34.016-0800][54744461ms] GC(1761) Old regions: 171->171
[2023-12-20T08:36:34.016-0800][54744461ms] GC(1761) Humongous regions: 5->5
[2023-12-20T08:36:34.016-0800][54744461ms] GC(1761) Metaspace: 256418K->256418K(1294336K)
[2023-12-20T08:36:34.016-0800][54744461ms] GC(1761) Pause Young (Normal) (G1 Evacuation Pause) 1916M->409M(2612M) 30.909ms
[2023-12-20T08:36:34.016-0800][54744461ms] GC(1761) User=0.14s Sys=0.02s Real=0.03s
[2023-12-20T08:36:34.779-0800][54745224ms] GC(1762) Pause Young (Normal) (G1 Evacuation Pause)
[2023-12-20T08:36:34.779-0800][54745224ms] GC(1762) Using 10 workers of 10 for evacuation
[2023-12-20T08:36:34.808-0800][54745253ms] GC(1762)   Pre Evacuate Collection Set: 0.0ms
[2023-12-20T08:36:34.808-0800][54745253ms] GC(1762)   Evacuate Collection Set: 26.7ms
[2023-12-20T08:36:34.808-0800][54745253ms] GC(1762)   Post Evacuate Collection Set: 2.5ms
[2023-12-20T08:36:34.808-0800][54745253ms] GC(1762)   Other: 0.3ms
[2023-12-20T08:36:34.808-0800][54745253ms] GC(1762) Eden regions: 753->0(753)
[2023-12-20T08:36:34.808-0800][54745253ms] GC(1762) Survivor regions: 30->30(98)
[2023-12-20T08:36:34.809-0800][54745254ms] GC(1762) Old regions: 171->171
[2023-12-20T08:36:34.809-0800][54745254ms] GC(1762) Humongous regions: 5->5
[2023-12-20T08:36:34.809-0800][54745254ms] GC(1762) Metaspace: 256418K->256418K(1294336K)
[2023-12-20T08:36:34.809-0800][54745254ms] GC(1762) Pause Young (Normal) (G1 Evacuation Pause) 1915M->410M(2612M) 29.733ms
[2023-12-20T08:36:34.809-0800][54745254ms] GC(1762) User=0.14s Sys=0.00s Real=0.03s
[2023-12-20T08:36:35.585-0800][54746030ms] GC(1763) Pause Young (Normal) (G1 Evacuation Pause)
[2023-12-20T08:36:35.585-0800][54746030ms] GC(1763) Using 10 workers of 10 for evacuation
[2023-12-20T08:36:35.615-0800][54746060ms] GC(1763)   Pre Evacuate Collection Set: 0.0ms
[2023-12-20T08:36:35.615-0800][54746060ms] GC(1763)   Evacuate Collection Set: 27.0ms
[2023-12-20T08:36:35.615-0800][54746060ms] GC(1763)   Post Evacuate Collection Set: 2.7ms
[2023-12-20T08:36:35.615-0800][54746060ms] GC(1763)   Other: 0.4ms
[2023-12-20T08:36:35.615-0800][54746060ms] GC(1763) Eden regions: 753->0(753)
[2023-12-20T08:36:35.615-0800][54746060ms] GC(1763) Survivor regions: 30->30(98)
[2023-12-20T08:36:35.615-0800][54746060ms] GC(1763) Old regions: 171->171
[2023-12-20T08:36:35.615-0800][54746060ms] GC(1763) Humongous regions: 5->5
[2023-12-20T08:36:35.615-0800][54746060ms] GC(1763) Metaspace: 256418K->256418K(1294336K)
[2023-12-20T08:36:35.615-0800][54746060ms] GC(1763) Pause Young (Normal) (G1 Evacuation Pause) 1916M->409M(2612M) 30.239ms
[2023-12-20T08:36:35.615-0800][54746060ms] GC(1763) User=0.08s Sys=0.00s Real=0.03s
[2023-12-20T08:36:36.376-0800][54746821ms] GC(1764) Pause Young (Normal) (G1 Evacuation Pause)
[2023-12-20T08:36:36.376-0800][54746821ms] GC(1764) Using 10 workers of 10 for evacuation
[2023-12-20T08:36:36.405-0800][54746850ms] GC(1764)   Pre Evacuate Collection Set: 0.0ms
[2023-12-20T08:36:36.405-0800][54746850ms] GC(1764)   Evacuate Collection Set: 26.2ms
[2023-12-20T08:36:36.405-0800][54746850ms] GC(1764)   Post Evacuate Collection Set: 2.8ms
[2023-12-20T08:36:36.405-0800][54746850ms] GC(1764)   Other: 0.3ms
[2023-12-20T08:36:36.405-0800][54746850ms] GC(1764) Eden regions: 753->0(753)
[2023-12-20T08:36:36.405-0800][54746850ms] GC(1764) Survivor regions: 30->30(98)
[2023-12-20T08:36:36.405-0800][54746850ms] GC(1764) Old regions: 171->171
[2023-12-20T08:36:36.405-0800][54746850ms] GC(1764) Humongous regions: 5->5
[2023-12-20T08:36:36.405-0800][54746850ms] GC(1764) Metaspace: 256418K->256418K(1294336K)
[2023-12-20T08:36:36.405-0800][54746850ms] GC(1764) Pause Young (Normal) (G1 Evacuation Pause) 1915M->410M(2612M) 29.456ms
[2023-12-20T08:36:36.405-0800][54746850ms] GC(1764) User=0.08s Sys=0.00s Real=0.03s
[2023-12-20T08:36:37.156-0800][54747601ms] GC(1765) Pause Young (Normal) (G1 Evacuation Pause)
[2023-12-20T08:36:37.156-0800][54747601ms] GC(1765) Using 10 workers of 10 for evacuation
[2023-12-20T08:36:37.186-0800][54747631ms] GC(1765)   Pre Evacuate Collection Set: 0.0ms
[2023-12-20T08:36:37.186-0800][54747631ms] GC(1765)   Evacuate Collection Set: 27.1ms
[2023-12-20T08:36:37.186-0800][54747631ms] GC(1765)   Post Evacuate Collection Set: 2.5ms
[2023-12-20T08:36:37.186-0800][54747631ms] GC(1765)   Other: 0.4ms
[2023-12-20T08:36:37.186-0800][54747631ms] GC(1765) Eden regions: 753->0(753)
[2023-12-20T08:36:37.186-0800][54747631ms] GC(1765) Survivor regions: 30->30(98)
[2023-12-20T08:36:37.186-0800][54747631ms] GC(1765) Old regions: 171->171
[2023-12-20T08:36:37.186-0800][54747631ms] GC(1765) Humongous regions: 5->5
[2023-12-20T08:36:37.186-0800][54747631ms] GC(1765) Metaspace: 256418K->256418K(1294336K)
[2023-12-20T08:36:37.186-0800][54747631ms] GC(1765) Pause Young (Normal) (G1 Evacuation Pause) 1916M->409M(2612M) 30.049ms
[2023-12-20T08:36:37.186-0800][54747631ms] GC(1765) User=0.13s Sys=0.00s Real=0.03s
[2023-12-20T08:36:37.974-0800][54748419ms] GC(1766) Pause Young (Normal) (G1 Evacuation Pause)
[2023-12-20T08:36:37.974-0800][54748419ms] GC(1766) Using 10 workers of 10 for evacuation
[2023-12-20T08:36:38.006-0800][54748451ms] GC(1766)   Pre Evacuate Collection Set: 0.0ms
[2023-12-20T08:36:38.006-0800][54748451ms] GC(1766)   Evacuate Collection Set: 28.1ms
[2023-12-20T08:36:38.006-0800][54748451ms] GC(1766)   Post Evacuate Collection Set: 2.5ms
[2023-12-20T08:36:38.006-0800][54748451ms] GC(1766)   Other: 0.4ms
[2023-12-20T08:36:38.006-0800][54748451ms] GC(1766) Eden regions: 753->0(753)
[2023-12-20T08:36:38.006-0800][54748451ms] GC(1766) Survivor regions: 30->30(98)
[2023-12-20T08:36:38.006-0800][54748451ms] GC(1766) Old regions: 171->171
[2023-12-20T08:36:38.006-0800][54748451ms] GC(1766) Humongous regions: 5->5
[2023-12-20T08:36:38.006-0800][54748451ms] GC(1766) Metaspace: 256418K->256418K(1294336K)
[2023-12-20T08:36:38.006-0800][54748451ms] GC(1766) Pause Young (Normal) (G1 Evacuation Pause) 1915M->410M(2612M) 31.128ms
[2023-12-20T08:36:38.006-0800][54748451ms] GC(1766) User=0.08s Sys=0.00s Real=0.03s
[2023-12-20T08:36:38.735-0800][54749180ms] GC(1767) Pause Young (Normal) (G1 Evacuation Pause)
[2023-12-20T08:36:38.735-0800][54749180ms] GC(1767) Using 10 workers of 10 for evacuation
[2023-12-20T08:36:38.765-0800][54749210ms] GC(1767)   Pre Evacuate Collection Set: 0.0ms
[2023-12-20T08:36:38.765-0800][54749210ms] GC(1767)   Evacuate Collection Set: 27.1ms
[2023-12-20T08:36:38.765-0800][54749210ms] GC(1767)   Post Evacuate Collection Set: 2.5ms
[2023-12-20T08:36:38.765-0800][54749210ms] GC(1767)   Other: 0.4ms
[2023-12-20T08:36:38.765-0800][54749210ms] GC(1767) Eden regions: 753->0(754)
[2023-12-20T08:36:38.765-0800][54749210ms] GC(1767) Survivor regions: 30->29(98)
[2023-12-20T08:36:38.765-0800][54749210ms] GC(1767) Old regions: 171->171
[2023-12-20T08:36:38.765-0800][54749210ms] GC(1767) Humongous regions: 5->5
[2023-12-20T08:36:38.765-0800][54749210ms] GC(1767) Metaspace: 256418K->256418K(1294336K)
[2023-12-20T08:36:38.765-0800][54749210ms] GC(1767) Pause Young (Normal) (G1 Evacuation Pause) 1916M->408M(2612M) 30.124ms
[2023-12-20T08:36:38.765-0800][54749210ms] GC(1767) User=0.09s Sys=0.00s Real=0.03s
[2023-12-20T08:36:39.477-0800][54749922ms] GC(1768) Pause Young (Normal) (G1 Evacuation Pause)
[2023-12-20T08:36:39.477-0800][54749922ms] GC(1768) Using 10 workers of 10 for evacuation
[2023-12-20T08:36:39.507-0800][54749952ms] GC(1768)   Pre Evacuate Collection Set: 0.0ms
[2023-12-20T08:36:39.507-0800][54749952ms] GC(1768)   Evacuate Collection Set: 26.8ms
[2023-12-20T08:36:39.507-0800][54749952ms] GC(1768)   Post Evacuate Collection Set: 2.5ms
[2023-12-20T08:36:39.507-0800][54749952ms] GC(1768)   Other: 0.3ms
[2023-12-20T08:36:39.507-0800][54749952ms] GC(1768) Eden regions: 754->0(753)
[2023-12-20T08:36:39.507-0800][54749952ms] GC(1768) Survivor regions: 29->30(98)
[2023-12-20T08:36:39.507-0800][54749952ms] GC(1768) Old regions: 171->171
[2023-12-20T08:36:39.507-0800][54749952ms] GC(1768) Humongous regions: 5->5
[2023-12-20T08:36:39.507-0800][54749952ms] GC(1768) Metaspace: 256418K->256418K(1294336K)
[2023-12-20T08:36:39.507-0800][54749952ms] GC(1768) Pause Young (Normal) (G1 Evacuation Pause) 1916M->410M(2612M) 29.792ms
[2023-12-20T08:36:39.507-0800][54749952ms] GC(1768) User=0.14s Sys=0.00s Real=0.03s
[2023-12-20T08:36:40.257-0800][54750702ms] GC(1769) Pause Young (Normal) (G1 Evacuation Pause)
[2023-12-20T08:36:40.257-0800][54750702ms] GC(1769) Using 10 workers of 10 for evacuation
[2023-12-20T08:36:40.288-0800][54750733ms] GC(1769)   Pre Evacuate Collection Set: 0.0ms
[2023-12-20T08:36:40.288-0800][54750733ms] GC(1769)   Evacuate Collection Set: 27.4ms
[2023-12-20T08:36:40.288-0800][54750733ms] GC(1769)   Post Evacuate Collection Set: 2.5ms
[2023-12-20T08:36:40.288-0800][54750733ms] GC(1769)   Other: 0.4ms
[2023-12-20T08:36:40.288-0800][54750733ms] GC(1769) Eden regions: 753->0(753)
[2023-12-20T08:36:40.288-0800][54750733ms] GC(1769) Survivor regions: 30->30(98)
[2023-12-20T08:36:40.288-0800][54750733ms] GC(1769) Old regions: 171->171
[2023-12-20T08:36:40.288-0800][54750733ms] GC(1769) Humongous regions: 5->5
[2023-12-20T08:36:40.288-0800][54750733ms] GC(1769) Metaspace: 256418K->256418K(1294336K)
[2023-12-20T08:36:40.288-0800][54750733ms] GC(1769) Pause Young (Normal) (G1 Evacuation Pause) 1916M->410M(2612M) 30.324ms
[2023-12-20T08:36:40.288-0800][54750733ms] GC(1769) User=0.06s Sys=0.00s Real=0.03s
[2023-12-20T08:36:40.999-0800][54751444ms] GC(1770) Pause Young (Normal) (G1 Evacuation Pause)
[2023-12-20T08:36:40.999-0800][54751444ms] GC(1770) Using 10 workers of 10 for evacuation
[2023-12-20T08:36:41.028-0800][54751473ms] GC(1770)   Pre Evacuate Collection Set: 0.0ms
[2023-12-20T08:36:41.028-0800][54751473ms] GC(1770)   Evacuate Collection Set: 26.6ms
[2023-12-20T08:36:41.028-0800][54751473ms] GC(1770)   Post Evacuate Collection Set: 2.5ms
[2023-12-20T08:36:41.028-0800][54751473ms] GC(1770)   Other: 0.4ms
[2023-12-20T08:36:41.028-0800][54751473ms] GC(1770) Eden regions: 753->0(753)
[2023-12-20T08:36:41.028-0800][54751473ms] GC(1770) Survivor regions: 30->30(98)
[2023-12-20T08:36:41.028-0800][54751473ms] GC(1770) Old regions: 171->171
[2023-12-20T08:36:41.028-0800][54751473ms] GC(1770) Humongous regions: 5->5
[2023-12-20T08:36:41.028-0800][54751473ms] GC(1770) Metaspace: 256420K->256420K(1294336K)
[2023-12-20T08:36:41.029-0800][54751474ms] GC(1770) Pause Young (Normal) (G1 Evacuation Pause) 1916M->410M(2612M) 29.627ms
[2023-12-20T08:36:41.029-0800][54751474ms] GC(1770) User=0.08s Sys=0.00s Real=0.03s
[2023-12-20T08:36:41.822-0800][54752267ms] GC(1771) Pause Young (Normal) (G1 Evacuation Pause)
[2023-12-20T08:36:41.822-0800][54752267ms] GC(1771) Using 10 workers of 10 for evacuation
[2023-12-20T08:36:41.851-0800][54752296ms] GC(1771)   Pre Evacuate Collection Set: 0.0ms
[2023-12-20T08:36:41.851-0800][54752296ms] GC(1771)   Evacuate Collection Set: 26.4ms
[2023-12-20T08:36:41.851-0800][54752296ms] GC(1771)   Post Evacuate Collection Set: 2.4ms
[2023-12-20T08:36:41.851-0800][54752296ms] GC(1771)   Other: 0.4ms
[2023-12-20T08:36:41.851-0800][54752296ms] GC(1771) Eden regions: 753->0(752)
[2023-12-20T08:36:41.851-0800][54752296ms] GC(1771) Survivor regions: 30->31(98)
[2023-12-20T08:36:41.851-0800][54752296ms] GC(1771) Old regions: 171->171
[2023-12-20T08:36:41.851-0800][54752296ms] GC(1771) Humongous regions: 5->5
[2023-12-20T08:36:41.851-0800][54752296ms] GC(1771) Metaspace: 256420K->256420K(1294336K)
[2023-12-20T08:36:41.851-0800][54752296ms] GC(1771) Pause Young (Normal) (G1 Evacuation Pause) 1916M->411M(2612M) 29.346ms
[2023-12-20T08:36:41.851-0800][54752296ms] GC(1771) User=0.08s Sys=0.00s Real=0.03s
[2023-12-20T08:36:42.674-0800][54753119ms] GC(1772) Pause Young (Normal) (G1 Evacuation Pause)
[2023-12-20T08:36:42.674-0800][54753119ms] GC(1772) Using 10 workers of 10 for evacuation
[2023-12-20T08:36:42.703-0800][54753148ms] GC(1772)   Pre Evacuate Collection Set: 0.0ms
[2023-12-20T08:36:42.703-0800][54753148ms] GC(1772)   Evacuate Collection Set: 26.6ms
[2023-12-20T08:36:42.703-0800][54753148ms] GC(1772)   Post Evacuate Collection Set: 2.5ms
[2023-12-20T08:36:42.703-0800][54753148ms] GC(1772)   Other: 0.4ms
[2023-12-20T08:36:42.703-0800][54753148ms] GC(1772) Eden regions: 752->0(752)
[2023-12-20T08:36:42.703-0800][54753148ms] GC(1772) Survivor regions: 31->31(98)
[2023-12-20T08:36:42.703-0800][54753148ms] GC(1772) Old regions: 171->171
[2023-12-20T08:36:42.703-0800][54753148ms] GC(1772) Humongous regions: 5->5
[2023-12-20T08:36:42.703-0800][54753148ms] GC(1772) Metaspace: 256420K->256420K(1294336K)
[2023-12-20T08:36:42.703-0800][54753148ms] GC(1772) Pause Young (Normal) (G1 Evacuation Pause) 1915M->411M(2612M) 29.596ms
[2023-12-20T08:36:42.703-0800][54753148ms] GC(1772) User=0.08s Sys=0.00s Real=0.03s
[2023-12-20T08:36:43.522-0800][54753967ms] GC(1773) Pause Young (Normal) (G1 Evacuation Pause)
[2023-12-20T08:36:43.522-0800][54753967ms] GC(1773) Using 10 workers of 10 for evacuation
[2023-12-20T08:36:43.552-0800][54753997ms] GC(1773)   Pre Evacuate Collection Set: 0.0ms
[2023-12-20T08:36:43.552-0800][54753997ms] GC(1773)   Evacuate Collection Set: 27.9ms
[2023-12-20T08:36:43.552-0800][54753997ms] GC(1773)   Post Evacuate Collection Set: 2.6ms
[2023-12-20T08:36:43.552-0800][54753997ms] GC(1773)   Other: 0.4ms
[2023-12-20T08:36:43.552-0800][54753997ms] GC(1773) Eden regions: 752->0(752)
[2023-12-20T08:36:43.552-0800][54753997ms] GC(1773) Survivor regions: 31->31(98)
[2023-12-20T08:36:43.552-0800][54753997ms] GC(1773) Old regions: 171->171
[2023-12-20T08:36:43.552-0800][54753997ms] GC(1773) Humongous regions: 5->5
[2023-12-20T08:36:43.552-0800][54753997ms] GC(1773) Metaspace: 256420K->256420K(1294336K)
[2023-12-20T08:36:43.552-0800][54753997ms] GC(1773) Pause Young (Normal) (G1 Evacuation Pause) 1915M->411M(2612M) 30.982ms
[2023-12-20T08:36:43.553-0800][54753998ms] GC(1773) User=0.13s Sys=0.00s Real=0.03s
[2023-12-20T08:36:44.285-0800][54754730ms] GC(1774) Pause Young (Normal) (G1 Evacuation Pause)
[2023-12-20T08:36:44.285-0800][54754730ms] GC(1774) Using 10 workers of 10 for evacuation
[2023-12-20T08:36:44.315-0800][54754760ms] GC(1774)   Pre Evacuate Collection Set: 0.0ms
[2023-12-20T08:36:44.315-0800][54754760ms] GC(1774)   Evacuate Collection Set: 27.5ms
[2023-12-20T08:36:44.315-0800][54754760ms] GC(1774)   Post Evacuate Collection Set: 2.9ms
[2023-12-20T08:36:44.316-0800][54754761ms] GC(1774)   Other: 0.4ms
[2023-12-20T08:36:44.316-0800][54754761ms] GC(1774) Eden regions: 752->0(753)
[2023-12-20T08:36:44.316-0800][54754761ms] GC(1774) Survivor regions: 31->30(98)
[2023-12-20T08:36:44.316-0800][54754761ms] GC(1774) Old regions: 171->171
[2023-12-20T08:36:44.316-0800][54754761ms] GC(1774) Humongous regions: 5->5
[2023-12-20T08:36:44.316-0800][54754761ms] GC(1774) Metaspace: 256420K->256420K(1294336K)
[2023-12-20T08:36:44.316-0800][54754761ms] GC(1774) Pause Young (Normal) (G1 Evacuation Pause) 1915M->410M(2612M) 31.016ms
[2023-12-20T08:36:44.316-0800][54754761ms] GC(1774) User=0.13s Sys=0.00s Real=0.03s
[2023-12-20T08:36:45.104-0800][54755549ms] GC(1775) Pause Young (Normal) (G1 Evacuation Pause)
[2023-12-20T08:36:45.104-0800][54755549ms] GC(1775) Using 10 workers of 10 for evacuation
[2023-12-20T08:36:45.134-0800][54755579ms] GC(1775)   Pre Evacuate Collection Set: 0.0ms
[2023-12-20T08:36:45.134-0800][54755579ms] GC(1775)   Evacuate Collection Set: 27.3ms
[2023-12-20T08:36:45.134-0800][54755579ms] GC(1775)   Post Evacuate Collection Set: 2.5ms
[2023-12-20T08:36:45.134-0800][54755579ms] GC(1775)   Other: 0.4ms
[2023-12-20T08:36:45.134-0800][54755579ms] GC(1775) Eden regions: 753->0(752)
[2023-12-20T08:36:45.134-0800][54755579ms] GC(1775) Survivor regions: 30->31(98)
[2023-12-20T08:36:45.134-0800][54755579ms] GC(1775) Old regions: 171->171
[2023-12-20T08:36:45.134-0800][54755579ms] GC(1775) Humongous regions: 5->5
[2023-12-20T08:36:45.134-0800][54755579ms] GC(1775) Metaspace: 256424K->256424K(1294336K)
[2023-12-20T08:36:45.134-0800][54755579ms] GC(1775) Pause Young (Normal) (G1 Evacuation Pause) 1916M->411M(2612M) 30.397ms
[2023-12-20T08:36:45.134-0800][54755579ms] GC(1775) User=0.08s Sys=0.00s Real=0.03s
[2023-12-20T08:36:45.764-0800][54756209ms] GC(1776) Pause Young (Normal) (G1 Evacuation Pause)
[2023-12-20T08:36:45.764-0800][54756209ms] GC(1776) Using 10 workers of 10 for evacuation
[2023-12-20T08:36:45.793-0800][54756238ms] GC(1776)   Pre Evacuate Collection Set: 0.0ms
[2023-12-20T08:36:45.793-0800][54756238ms] GC(1776)   Evacuate Collection Set: 26.8ms
[2023-12-20T08:36:45.793-0800][54756238ms] GC(1776)   Post Evacuate Collection Set: 2.6ms
[2023-12-20T08:36:45.793-0800][54756238ms] GC(1776)   Other: 0.3ms
[2023-12-20T08:36:45.793-0800][54756238ms] GC(1776) Eden regions: 752->0(752)
[2023-12-20T08:36:45.793-0800][54756238ms] GC(1776) Survivor regions: 31->31(98)
[2023-12-20T08:36:45.793-0800][54756239ms] GC(1776) Old regions: 171->171
[2023-12-20T08:36:45.794-0800][54756239ms] GC(1776) Humongous regions: 5->5
[2023-12-20T08:36:45.794-0800][54756239ms] GC(1776) Metaspace: 256424K->256424K(1294336K)
[2023-12-20T08:36:45.794-0800][54756239ms] GC(1776) Pause Young (Normal) (G1 Evacuation Pause) 1915M->411M(2612M) 29.925ms
[2023-12-20T08:36:45.794-0800][54756239ms] GC(1776) User=0.14s Sys=0.00s Real=0.03s
[2023-12-20T08:36:46.362-0800][54756807ms] GC(1777) Pause Young (Normal) (G1 Evacuation Pause)
[2023-12-20T08:36:46.362-0800][54756807ms] GC(1777) Using 10 workers of 10 for evacuation
[2023-12-20T08:36:46.391-0800][54756836ms] GC(1777)   Pre Evacuate Collection Set: 0.0ms
[2023-12-20T08:36:46.391-0800][54756836ms] GC(1777)   Evacuate Collection Set: 26.4ms
[2023-12-20T08:36:46.391-0800][54756836ms] GC(1777)   Post Evacuate Collection Set: 2.4ms
[2023-12-20T08:36:46.391-0800][54756836ms] GC(1777)   Other: 0.4ms
[2023-12-20T08:36:46.391-0800][54756836ms] GC(1777) Eden regions: 752->0(752)
[2023-12-20T08:36:46.391-0800][54756836ms] GC(1777) Survivor regions: 31->31(98)
[2023-12-20T08:36:46.391-0800][54756836ms] GC(1777) Old regions: 171->171
[2023-12-20T08:36:46.391-0800][54756836ms] GC(1777) Humongous regions: 5->5
[2023-12-20T08:36:46.391-0800][54756836ms] GC(1777) Metaspace: 256424K->256424K(1294336K)
[2023-12-20T08:36:46.391-0800][54756836ms] GC(1777) Pause Young (Normal) (G1 Evacuation Pause) 1915M->411M(2612M) 29.414ms
[2023-12-20T08:36:46.391-0800][54756836ms] GC(1777) User=0.08s Sys=0.00s Real=0.03s
[2023-12-20T08:36:46.947-0800][54757392ms] GC(1778) Pause Young (Normal) (G1 Evacuation Pause)
[2023-12-20T08:36:46.947-0800][54757392ms] GC(1778) Using 10 workers of 10 for evacuation
[2023-12-20T08:36:46.977-0800][54757422ms] GC(1778)   Pre Evacuate Collection Set: 0.0ms
[2023-12-20T08:36:46.977-0800][54757422ms] GC(1778)   Evacuate Collection Set: 26.5ms
[2023-12-20T08:36:46.977-0800][54757422ms] GC(1778)   Post Evacuate Collection Set: 2.6ms
[2023-12-20T08:36:46.977-0800][54757422ms] GC(1778)   Other: 0.3ms
[2023-12-20T08:36:46.977-0800][54757422ms] GC(1778) Eden regions: 752->0(753)
[2023-12-20T08:36:46.977-0800][54757422ms] GC(1778) Survivor regions: 31->30(98)
[2023-12-20T08:36:46.977-0800][54757422ms] GC(1778) Old regions: 171->171
[2023-12-20T08:36:46.977-0800][54757422ms] GC(1778) Humongous regions: 5->5
[2023-12-20T08:36:46.977-0800][54757422ms] GC(1778) Metaspace: 256424K->256424K(1294336K)
[2023-12-20T08:36:46.977-0800][54757422ms] GC(1778) Pause Young (Normal) (G1 Evacuation Pause) 1915M->410M(2612M) 29.517ms
[2023-12-20T08:36:46.977-0800][54757422ms] GC(1778) User=0.09s Sys=0.00s Real=0.03s
[2023-12-20T08:36:47.614-0800][54758059ms] GC(1779) Pause Young (Normal) (G1 Evacuation Pause)
[2023-12-20T08:36:47.614-0800][54758059ms] GC(1779) Using 10 workers of 10 for evacuation
[2023-12-20T08:36:47.649-0800][54758094ms] GC(1779)   Pre Evacuate Collection Set: 0.0ms
[2023-12-20T08:36:47.649-0800][54758094ms] GC(1779)   Evacuate Collection Set: 31.4ms
[2023-12-20T08:36:47.649-0800][54758094ms] GC(1779)   Post Evacuate Collection Set: 2.5ms
[2023-12-20T08:36:47.649-0800][54758094ms] GC(1779)   Other: 0.4ms
[2023-12-20T08:36:47.649-0800][54758094ms] GC(1779) Eden regions: 753->0(752)
[2023-12-20T08:36:47.649-0800][54758094ms] GC(1779) Survivor regions: 30->31(98)
[2023-12-20T08:36:47.649-0800][54758094ms] GC(1779) Old regions: 171->171
[2023-12-20T08:36:47.649-0800][54758094ms] GC(1779) Humongous regions: 5->5
[2023-12-20T08:36:47.649-0800][54758094ms] GC(1779) Metaspace: 256424K->256424K(1294336K)
[2023-12-20T08:36:47.649-0800][54758094ms] GC(1779) Pause Young (Normal) (G1 Evacuation Pause) 1916M->411M(2612M) 34.440ms
[2023-12-20T08:36:47.649-0800][54758094ms] GC(1779) User=0.08s Sys=0.00s Real=0.03s
[2023-12-20T08:36:48.321-0800][54758766ms] GC(1780) Pause Young (Normal) (G1 Evacuation Pause)
[2023-12-20T08:36:48.321-0800][54758766ms] GC(1780) Using 10 workers of 10 for evacuation
[2023-12-20T08:36:48.350-0800][54758795ms] GC(1780)   Pre Evacuate Collection Set: 0.0ms
[2023-12-20T08:36:48.350-0800][54758795ms] GC(1780)   Evacuate Collection Set: 26.0ms
[2023-12-20T08:36:48.350-0800][54758795ms] GC(1780)   Post Evacuate Collection Set: 2.4ms
[2023-12-20T08:36:48.350-0800][54758795ms] GC(1780)   Other: 0.4ms
[2023-12-20T08:36:48.351-0800][54758796ms] GC(1780) Eden regions: 752->0(752)
[2023-12-20T08:36:48.351-0800][54758796ms] GC(1780) Survivor regions: 31->31(98)
[2023-12-20T08:36:48.351-0800][54758796ms] GC(1780) Old regions: 171->171
[2023-12-20T08:36:48.351-0800][54758796ms] GC(1780) Humongous regions: 5->5
[2023-12-20T08:36:48.351-0800][54758796ms] GC(1780) Metaspace: 256424K->256424K(1294336K)
[2023-12-20T08:36:48.351-0800][54758796ms] GC(1780) Pause Young (Normal) (G1 Evacuation Pause) 1915M->411M(2612M) 28.852ms
[2023-12-20T08:36:48.351-0800][54758796ms] GC(1780) User=0.08s Sys=0.00s Real=0.03s
[2023-12-20T08:36:48.986-0800][54759431ms] GC(1781) Pause Young (Normal) (G1 Evacuation Pause)
[2023-12-20T08:36:48.986-0800][54759431ms] GC(1781) Using 10 workers of 10 for evacuation
[2023-12-20T08:36:49.016-0800][54759461ms] GC(1781)   Pre Evacuate Collection Set: 0.0ms
[2023-12-20T08:36:49.016-0800][54759461ms] GC(1781)   Evacuate Collection Set: 27.2ms
[2023-12-20T08:36:49.016-0800][54759461ms] GC(1781)   Post Evacuate Collection Set: 2.6ms
[2023-12-20T08:36:49.016-0800][54759461ms] GC(1781)   Other: 0.4ms
[2023-12-20T08:36:49.016-0800][54759461ms] GC(1781) Eden regions: 752->0(752)
[2023-12-20T08:36:49.016-0800][54759461ms] GC(1781) Survivor regions: 31->31(98)
[2023-12-20T08:36:49.016-0800][54759461ms] GC(1781) Old regions: 171->171
[2023-12-20T08:36:49.016-0800][54759461ms] GC(1781) Humongous regions: 5->5
[2023-12-20T08:36:49.016-0800][54759461ms] GC(1781) Metaspace: 256424K->256424K(1294336K)
[2023-12-20T08:36:49.016-0800][54759461ms] GC(1781) Pause Young (Normal) (G1 Evacuation Pause) 1915M->411M(2612M) 30.317ms
[2023-12-20T08:36:49.016-0800][54759461ms] GC(1781) User=0.06s Sys=0.00s Real=0.03s
[2023-12-20T08:36:49.707-0800][54760152ms] GC(1782) Pause Young (Normal) (G1 Evacuation Pause)
[2023-12-20T08:36:49.707-0800][54760152ms] GC(1782) Using 10 workers of 10 for evacuation
[2023-12-20T08:36:49.735-0800][54760180ms] GC(1782)   Pre Evacuate Collection Set: 0.0ms
[2023-12-20T08:36:49.735-0800][54760180ms] GC(1782)   Evacuate Collection Set: 26.3ms
[2023-12-20T08:36:49.735-0800][54760180ms] GC(1782)   Post Evacuate Collection Set: 2.4ms
[2023-12-20T08:36:49.735-0800][54760180ms] GC(1782)   Other: 0.4ms
[2023-12-20T08:36:49.735-0800][54760180ms] GC(1782) Eden regions: 752->0(752)
[2023-12-20T08:36:49.735-0800][54760180ms] GC(1782) Survivor regions: 31->31(98)
[2023-12-20T08:36:49.735-0800][54760180ms] GC(1782) Old regions: 171->171
[2023-12-20T08:36:49.735-0800][54760180ms] GC(1782) Humongous regions: 5->5
[2023-12-20T08:36:49.735-0800][54760180ms] GC(1782) Metaspace: 256424K->256424K(1294336K)
[2023-12-20T08:36:49.736-0800][54760181ms] GC(1782) Pause Young (Normal) (G1 Evacuation Pause) 1915M->411M(2612M) 29.188ms
[2023-12-20T08:36:49.736-0800][54760181ms] GC(1782) User=0.06s Sys=0.00s Real=0.03s
[2023-12-20T08:36:50.406-0800][54760851ms] GC(1783) Pause Young (Normal) (G1 Evacuation Pause)
[2023-12-20T08:36:50.406-0800][54760851ms] GC(1783) Using 10 workers of 10 for evacuation
[2023-12-20T08:36:50.436-0800][54760881ms] GC(1783)   Pre Evacuate Collection Set: 0.0ms
[2023-12-20T08:36:50.436-0800][54760881ms] GC(1783)   Evacuate Collection Set: 27.2ms
[2023-12-20T08:36:50.436-0800][54760881ms] GC(1783)   Post Evacuate Collection Set: 2.5ms
[2023-12-20T08:36:50.436-0800][54760881ms] GC(1783)   Other: 0.4ms
[2023-12-20T08:36:50.436-0800][54760881ms] GC(1783) Eden regions: 752->0(753)
[2023-12-20T08:36:50.436-0800][54760881ms] GC(1783) Survivor regions: 31->30(98)
[2023-12-20T08:36:50.436-0800][54760881ms] GC(1783) Old regions: 171->171
[2023-12-20T08:36:50.436-0800][54760881ms] GC(1783) Humongous regions: 5->5
[2023-12-20T08:36:50.436-0800][54760881ms] GC(1783) Metaspace: 256424K->256424K(1294336K)
[2023-12-20T08:36:50.436-0800][54760881ms] GC(1783) Pause Young (Normal) (G1 Evacuation Pause) 1915M->410M(2612M) 30.406ms
[2023-12-20T08:36:50.436-0800][54760881ms] GC(1783) User=0.16s Sys=0.00s Real=0.03s
[2023-12-20T08:36:51.171-0800][54761616ms] GC(1784) Pause Young (Normal) (G1 Evacuation Pause)
[2023-12-20T08:36:51.171-0800][54761616ms] GC(1784) Using 10 workers of 10 for evacuation
[2023-12-20T08:36:51.200-0800][54761645ms] GC(1784)   Pre Evacuate Collection Set: 0.0ms
[2023-12-20T08:36:51.200-0800][54761645ms] GC(1784)   Evacuate Collection Set: 26.3ms
[2023-12-20T08:36:51.200-0800][54761645ms] GC(1784)   Post Evacuate Collection Set: 2.4ms
[2023-12-20T08:36:51.200-0800][54761645ms] GC(1784)   Other: 0.4ms
[2023-12-20T08:36:51.200-0800][54761645ms] GC(1784) Eden regions: 753->0(752)
[2023-12-20T08:36:51.200-0800][54761645ms] GC(1784) Survivor regions: 30->31(98)
[2023-12-20T08:36:51.200-0800][54761645ms] GC(1784) Old regions: 171->171
[2023-12-20T08:36:51.200-0800][54761645ms] GC(1784) Humongous regions: 5->5
[2023-12-20T08:36:51.200-0800][54761645ms] GC(1784) Metaspace: 256424K->256424K(1294336K)
[2023-12-20T08:36:51.200-0800][54761645ms] GC(1784) Pause Young (Normal) (G1 Evacuation Pause) 1916M->411M(2612M) 29.193ms
[2023-12-20T08:36:51.200-0800][54761645ms] GC(1784) User=0.06s Sys=0.00s Real=0.03s
[2023-12-20T08:36:52.032-0800][54762477ms] GC(1785) Pause Young (Normal) (GCLocker Initiated GC)
[2023-12-20T08:36:52.032-0800][54762477ms] GC(1785) Using 10 workers of 10 for evacuation
[2023-12-20T08:36:52.061-0800][54762506ms] GC(1785)   Pre Evacuate Collection Set: 0.0ms
[2023-12-20T08:36:52.061-0800][54762506ms] GC(1785)   Evacuate Collection Set: 26.9ms
[2023-12-20T08:36:52.061-0800][54762506ms] GC(1785)   Post Evacuate Collection Set: 2.3ms
[2023-12-20T08:36:52.061-0800][54762506ms] GC(1785)   Other: 0.3ms
[2023-12-20T08:36:52.061-0800][54762506ms] GC(1785) Eden regions: 753->0(753)
[2023-12-20T08:36:52.061-0800][54762506ms] GC(1785) Survivor regions: 31->30(98)
[2023-12-20T08:36:52.061-0800][54762506ms] GC(1785) Old regions: 171->171
[2023-12-20T08:36:52.061-0800][54762506ms] GC(1785) Humongous regions: 5->5
[2023-12-20T08:36:52.061-0800][54762506ms] GC(1785) Metaspace: 256424K->256424K(1294336K)
[2023-12-20T08:36:52.061-0800][54762506ms] GC(1785) Pause Young (Normal) (GCLocker Initiated GC) 1916M->411M(2612M) 29.687ms
[2023-12-20T08:36:52.061-0800][54762506ms] GC(1785) User=0.16s Sys=0.00s Real=0.03s
[2023-12-20T08:36:52.881-0800][54763326ms] GC(1786) Pause Young (Normal) (GCLocker Initiated GC)
[2023-12-20T08:36:52.881-0800][54763326ms] GC(1786) Using 10 workers of 10 for evacuation
[2023-12-20T08:36:52.912-0800][54763357ms] GC(1786)   Pre Evacuate Collection Set: 0.0ms
[2023-12-20T08:36:52.912-0800][54763357ms] GC(1786)   Evacuate Collection Set: 28.9ms
[2023-12-20T08:36:52.912-0800][54763357ms] GC(1786)   Post Evacuate Collection Set: 2.4ms
[2023-12-20T08:36:52.912-0800][54763357ms] GC(1786)   Other: 0.4ms
[2023-12-20T08:36:52.912-0800][54763357ms] GC(1786) Eden regions: 754->0(753)
[2023-12-20T08:36:52.913-0800][54763358ms] GC(1786) Survivor regions: 30->30(98)
[2023-12-20T08:36:52.913-0800][54763358ms] GC(1786) Old regions: 171->171
[2023-12-20T08:36:52.913-0800][54763358ms] GC(1786) Humongous regions: 5->5
[2023-12-20T08:36:52.913-0800][54763358ms] GC(1786) Metaspace: 256424K->256424K(1294336K)
[2023-12-20T08:36:52.913-0800][54763358ms] GC(1786) Pause Young (Normal) (GCLocker Initiated GC) 1918M->411M(2612M) 31.810ms
[2023-12-20T08:36:52.913-0800][54763358ms] GC(1786) User=0.09s Sys=0.00s Real=0.03s
[2023-12-20T08:36:53.594-0800][54764039ms] GC(1787) Pause Young (Normal) (G1 Evacuation Pause)
[2023-12-20T08:36:53.594-0800][54764039ms] GC(1787) Using 10 workers of 10 for evacuation
[2023-12-20T08:36:53.622-0800][54764067ms] GC(1787)   Pre Evacuate Collection Set: 0.0ms
[2023-12-20T08:36:53.622-0800][54764067ms] GC(1787)   Evacuate Collection Set: 26.1ms
[2023-12-20T08:36:53.622-0800][54764067ms] GC(1787)   Post Evacuate Collection Set: 2.6ms
[2023-12-20T08:36:53.622-0800][54764067ms] GC(1787)   Other: 0.4ms
[2023-12-20T08:36:53.622-0800][54764067ms] GC(1787) Eden regions: 753->0(753)
[2023-12-20T08:36:53.622-0800][54764067ms] GC(1787) Survivor regions: 30->30(98)
[2023-12-20T08:36:53.622-0800][54764067ms] GC(1787) Old regions: 171->171
[2023-12-20T08:36:53.622-0800][54764067ms] GC(1787) Humongous regions: 5->5
[2023-12-20T08:36:53.622-0800][54764067ms] GC(1787) Metaspace: 256424K->256424K(1294336K)
[2023-12-20T08:36:53.622-0800][54764067ms] GC(1787) Pause Young (Normal) (G1 Evacuation Pause) 1917M->411M(2612M) 29.117ms
[2023-12-20T08:36:53.622-0800][54764067ms] GC(1787) User=0.11s Sys=0.00s Real=0.03s
[2023-12-20T08:36:54.408-0800][54764853ms] GC(1788) Pause Young (Normal) (G1 Evacuation Pause)
[2023-12-20T08:36:54.408-0800][54764853ms] GC(1788) Using 10 workers of 10 for evacuation
[2023-12-20T08:36:54.439-0800][54764884ms] GC(1788)   Pre Evacuate Collection Set: 0.1ms
[2023-12-20T08:36:54.439-0800][54764884ms] GC(1788)   Evacuate Collection Set: 27.1ms
[2023-12-20T08:36:54.440-0800][54764885ms] GC(1788)   Post Evacuate Collection Set: 3.1ms
[2023-12-20T08:36:54.440-0800][54764885ms] GC(1788)   Other: 0.4ms
[2023-12-20T08:36:54.440-0800][54764885ms] GC(1788) Eden regions: 753->0(753)
[2023-12-20T08:36:54.440-0800][54764885ms] GC(1788) Survivor regions: 30->30(98)
[2023-12-20T08:36:54.440-0800][54764885ms] GC(1788) Old regions: 171->171
[2023-12-20T08:36:54.440-0800][54764885ms] GC(1788) Humongous regions: 5->5
[2023-12-20T08:36:54.440-0800][54764885ms] GC(1788) Metaspace: 256424K->256424K(1294336K)
[2023-12-20T08:36:54.440-0800][54764885ms] GC(1788) Pause Young (Normal) (G1 Evacuation Pause) 1917M->411M(2612M) 30.791ms
[2023-12-20T08:36:54.440-0800][54764885ms] GC(1788) User=0.13s Sys=0.00s Real=0.03s
[2023-12-20T08:36:54.948-0800][54765393ms] GC(1789) Pause Young (Normal) (G1 Evacuation Pause)
[2023-12-20T08:36:54.948-0800][54765393ms] GC(1789) Using 10 workers of 10 for evacuation
[2023-12-20T08:36:54.979-0800][54765424ms] GC(1789)   Pre Evacuate Collection Set: 0.0ms
[2023-12-20T08:36:54.979-0800][54765424ms] GC(1789)   Evacuate Collection Set: 26.9ms
[2023-12-20T08:36:54.979-0800][54765424ms] GC(1789)   Post Evacuate Collection Set: 3.2ms
[2023-12-20T08:36:54.979-0800][54765424ms] GC(1789)   Other: 0.4ms
[2023-12-20T08:36:54.979-0800][54765424ms] GC(1789) Eden regions: 753->0(753)
